Jul 25 08:43:07 ubuntu devstack@g-api.service[156471]: INFO glance.location [None req-a548e1eb-348a-4bd3-bc6b-c0a5f1c5b43b admin admin] Image format matched and virtual size computed: 117440512
Jul 25 08:43:07 ubuntu devstack@g-api.service[156471]: DEBUG glance_store.backend [None req-a548e1eb-348a-4bd3-bc6b-c0a5f1c5b43b admin admin] Attempting to import store swift {{(pid=156471) _load_store /usr/local/lib/python3.8/dist-packages/glance_store/backend.py:216}}
Jul 25 08:43:07 ubuntu devstack@g-api.service[156471]: DEBUG glance_store.capabilities [None req-a548e1eb-348a-4bd3-bc6b-c0a5f1c5b43b admin admin] Store glance_store._drivers.swift.store.SingleTenantStore doesn't support updating dynamic storage capabilities. Please overwrite 'update_capabilities' method of the store to implement updating logics if needed. {{(pid=156471) update_capabilities /usr/local/lib/python3.8/dist-packages/glance_store/capabilities.py:91}}
Jul 25 08:43:07 ubuntu devstack@g-api.service[156471]: DEBUG glance_store.driver [None req-a548e1eb-348a-4bd3-bc6b-c0a5f1c5b43b admin admin] Late loading location class glance_store._drivers.swift.store.StoreLocation {{(pid=156471) get_store_location_class /usr/local/lib/python3.8/dist-packages/glance_store/driver.py:116}}
Jul 25 08:43:07 ubuntu devstack@g-api.service[156471]: DEBUG glance_store.location [None req-a548e1eb-348a-4bd3-bc6b-c0a5f1c5b43b admin admin] Registering scheme swift+https with {'store': <glance_store._drivers.swift.store.SingleTenantStore object at 0x7f4c9209a5e0>, 'location_class': <class 'glance_store._drivers.swift.store.StoreLocation'>, 'store_entry': 'swift'} {{(pid=156471) register_scheme_map /usr/local/lib/python3.8/dist-packages/glance_store/location.py:146}}
Jul 25 08:43:07 ubuntu devstack@g-api.service[156471]: DEBUG glance_store.location [None req-a548e1eb-348a-4bd3-bc6b-c0a5f1c5b43b admin admin] Registering scheme swift+https with {'store': <glance_store._drivers.swift.store.SingleTenantStore object at 0x7f4c9209a5e0>, 'location_class': <class 'glance_store._drivers.swift.store.StoreLocation'>, 'store_entry': 'swift'} {{(pid=156471) register_scheme_map /usr/local/lib/python3.8/dist-packages/glance_store/location.py:146}}
Jul 25 08:43:07 ubuntu devstack@g-api.service[156471]: DEBUG glance_store.location [None req-a548e1eb-348a-4bd3-bc6b-c0a5f1c5b43b admin admin] Registering scheme swift with {'store': <glance_store._drivers.swift.store.SingleTenantStore object at 0x7f4c9209a5e0>, 'location_class': <class 'glance_store._drivers.swift.store.StoreLocation'>, 'store_entry': 'swift'} {{(pid=156471) register_scheme_map /usr/local/lib/python3.8/dist-packages/glance_store/location.py:146}}
Jul 25 08:43:07 ubuntu devstack@g-api.service[156471]: DEBUG glance_store.location [None req-a548e1eb-348a-4bd3-bc6b-c0a5f1c5b43b admin admin] Registering scheme swift+https with {'store': <glance_store._drivers.swift.store.SingleTenantStore object at 0x7f4c9209a5e0>, 'location_class': <class 'glance_store._drivers.swift.store.StoreLocation'>, 'store_entry': 'swift'} {{(pid=156471) register_scheme_map /usr/local/lib/python3.8/dist-packages/glance_store/location.py:146}}
Jul 25 08:43:07 ubuntu devstack@g-api.service[156471]: DEBUG glance_store.location [None req-a548e1eb-348a-4bd3-bc6b-c0a5f1c5b43b admin admin] Registering scheme swift with {'store': <glance_store._drivers.swift.store.SingleTenantStore object at 0x7f4c9209a5e0>, 'location_class': <class 'glance_store._drivers.swift.store.StoreLocation'>, 'store_entry': 'swift'} {{(pid=156471) register_scheme_map /usr/local/lib/python3.8/dist-packages/glance_store/location.py:146}}
Jul 25 08:43:07 ubuntu devstack@g-api.service[156471]: DEBUG glance_store.location [None req-a548e1eb-348a-4bd3-bc6b-c0a5f1c5b43b admin admin] Registering scheme swift+http with {'store': <glance_store._drivers.swift.store.SingleTenantStore object at 0x7f4c9209a5e0>, 'location_class': <class 'glance_store._drivers.swift.store.StoreLocation'>, 'store_entry': 'swift'} {{(pid=156471) register_scheme_map /usr/local/lib/python3.8/dist-packages/glance_store/location.py:146}}
Jul 25 08:43:07 ubuntu devstack@g-api.service[156471]: DEBUG glance_store.location [None req-a548e1eb-348a-4bd3-bc6b-c0a5f1c5b43b admin admin] Registering scheme swift+https with {'store': <glance_store._drivers.swift.store.SingleTenantStore object at 0x7f4c9209a5e0>, 'location_class': <class 'glance_store._drivers.swift.store.StoreLocation'>, 'store_entry': 'swift'} {{(pid=156471) register_scheme_map /usr/local/lib/python3.8/dist-packages/glance_store/location.py:146}}
Jul 25 08:43:07 ubuntu devstack@g-api.service[156471]: DEBUG glance_store.location [None req-a548e1eb-348a-4bd3-bc6b-c0a5f1c5b43b admin admin] Registering scheme swift with {'store': <glance_store._drivers.swift.store.SingleTenantStore object at 0x7f4c9209a5e0>, 'location_class': <class 'glance_store._drivers.swift.store.StoreLocation'>, 'store_entry': 'swift'} {{(pid=156471) register_scheme_map /usr/local/lib/python3.8/dist-packages/glance_store/location.py:146}}
Jul 25 08:43:07 ubuntu devstack@g-api.service[156471]: DEBUG glance_store.location [None req-a548e1eb-348a-4bd3-bc6b-c0a5f1c5b43b admin admin] Registering scheme swift+http with {'store': <glance_store._drivers.swift.store.SingleTenantStore object at 0x7f4c9209a5e0>, 'location_class': <class 'glance_store._drivers.swift.store.StoreLocation'>, 'store_entry': 'swift'} {{(pid=156471) register_scheme_map /usr/local/lib/python3.8/dist-packages/glance_store/location.py:146}}
Jul 25 08:43:07 ubuntu devstack@g-api.service[156471]: DEBUG glance_store.location [None req-a548e1eb-348a-4bd3-bc6b-c0a5f1c5b43b admin admin] Registering scheme swift+config with {'store': <glance_store._drivers.swift.store.SingleTenantStore object at 0x7f4c9209a5e0>, 'location_class': <class 'glance_store._drivers.swift.store.StoreLocation'>, 'store_entry': 'swift'} {{(pid=156471) register_scheme_map /usr/local/lib/python3.8/dist-packages/glance_store/location.py:146}}
Jul 25 08:43:07 ubuntu devstack@g-api.service[156471]: DEBUG glance_store.backend [None req-a548e1eb-348a-4bd3-bc6b-c0a5f1c5b43b admin admin] Skipping store.set_acls... not implemented. {{(pid=156471) set_acls /usr/local/lib/python3.8/dist-packages/glance_store/backend.py:508}}
Jul 25 08:43:07 ubuntu devstack@g-api.service[156471]: [pid: 156471|app: 0|req: 3/4] 127.0.0.1 () {40 vars in 862 bytes} [Mon Jul 25 08:43:04 2022] PUT /v2/images/e41aa194-4712-420c-9126-b592da5f2f41/file => generated 0 bytes in 2788 msecs (HTTP/1.1 204) 4 headers in 171 bytes (1 switches on core 0)
Jul 25 08:43:14 ubuntu devstack@g-api.service[156472]: DEBUG dbcounter [-] [156472] Writing DB stats glance:SELECT=9,glance:INSERT=5 {{(pid=156472) stat_writer /usr/local/lib/python3.8/dist-packages/dbcounter.py:114}}
Jul 25 08:43:17 ubuntu devstack@g-api.service[156471]: DEBUG dbcounter [-] [156471] Writing DB stats glance:SELECT=28,glance:UPDATE=2,glance:INSERT=1 {{(pid=156471) stat_writer /usr/local/lib/python3.8/dist-packages/dbcounter.py:114}}
Jul 25 08:43:52 ubuntu devstack@g-api.service[156472]: DEBUG glance.api.middleware.version_negotiation [None req-34d02857-6f5d-44bc-b562-0ccfa1daef59 admin admin] Determining version of request: GET / Accept: application/json {{(pid=156472) process_request /opt/stack/glance/glance/api/middleware/version_negotiation.py:44}}
Jul 25 08:43:52 ubuntu devstack@g-api.service[156472]: DEBUG glance.api.middleware.version_negotiation [None req-34d02857-6f5d-44bc-b562-0ccfa1daef59 admin admin] Using url versioning {{(pid=156472) process_request /opt/stack/glance/glance/api/middleware/version_negotiation.py:57}}
Jul 25 08:43:52 ubuntu devstack@g-api.service[156472]: DEBUG glance.api.middleware.version_negotiation [None req-34d02857-6f5d-44bc-b562-0ccfa1daef59 admin admin] Unknown version. Returning version choices. {{(pid=156472) process_request /opt/stack/glance/glance/api/middleware/version_negotiation.py:64}}
Jul 25 08:43:52 ubuntu devstack@g-api.service[156472]: [pid: 156472|app: 0|req: 2/5] 127.0.0.1 () {34 vars in 506 bytes} [Mon Jul 25 08:43:52 2022] GET / => generated 1323 bytes in 5 msecs (HTTP/1.1 300) 3 headers in 106 bytes (1 switches on core 0)
Jul 25 08:43:52 ubuntu devstack@g-api.service[156471]: DEBUG glance.api.middleware.version_negotiation [None req-a548e1eb-348a-4bd3-bc6b-c0a5f1c5b43b admin admin] Determining version of request: GET /v2/images Accept: application/json {{(pid=156471) process_request /opt/stack/glance/glance/api/middleware/version_negotiation.py:44}}
Jul 25 08:43:52 ubuntu devstack@g-api.service[156471]: DEBUG glance.api.middleware.version_negotiation [None req-a548e1eb-348a-4bd3-bc6b-c0a5f1c5b43b admin admin] Using url versioning {{(pid=156471) process_request /opt/stack/glance/glance/api/middleware/version_negotiation.py:57}}
Jul 25 08:43:52 ubuntu devstack@g-api.service[156471]: DEBUG glance.api.middleware.version_negotiation [None req-a548e1eb-348a-4bd3-bc6b-c0a5f1c5b43b admin admin] Matched version: v2 {{(pid=156471) process_request /opt/stack/glance/glance/api/middleware/version_negotiation.py:69}}
Jul 25 08:43:52 ubuntu devstack@g-api.service[156471]: DEBUG glance.api.middleware.version_negotiation [None req-a548e1eb-348a-4bd3-bc6b-c0a5f1c5b43b admin admin] new path /v2/images {{(pid=156471) process_request /opt/stack/glance/glance/api/middleware/version_negotiation.py:70}}
Jul 25 08:43:52 ubuntu devstack@g-api.service[156471]: [pid: 156471|app: 0|req: 4/6] 127.0.0.1 () {36 vars in 728 bytes} [Mon Jul 25 08:43:52 2022] GET /v2/images => generated 1045 bytes in 495 msecs (HTTP/1.1 200) 4 headers in 158 bytes (1 switches on core 0)
Jul 25 08:43:59 ubuntu devstack@g-api.service[156472]: DEBUG glance.api.middleware.version_negotiation [None req-34d02857-6f5d-44bc-b562-0ccfa1daef59 admin admin] Determining version of request: GET / Accept: application/json {{(pid=156472) process_request /opt/stack/glance/glance/api/middleware/version_negotiation.py:44}}
Jul 25 08:43:59 ubuntu devstack@g-api.service[156472]: DEBUG glance.api.middleware.version_negotiation [None req-34d02857-6f5d-44bc-b562-0ccfa1daef59 admin admin] Using url versioning {{(pid=156472) process_request /opt/stack/glance/glance/api/middleware/version_negotiation.py:57}}
Jul 25 08:43:59 ubuntu devstack@g-api.service[156472]: DEBUG glance.api.middleware.version_negotiation [None req-34d02857-6f5d-44bc-b562-0ccfa1daef59 admin admin] Unknown version. Returning version choices. {{(pid=156472) process_request /opt/stack/glance/glance/api/middleware/version_negotiation.py:64}}
Jul 25 08:43:59 ubuntu devstack@g-api.service[156472]: [pid: 156472|app: 0|req: 3/7] 127.0.0.1 () {34 vars in 506 bytes} [Mon Jul 25 08:43:59 2022] GET / => generated 1323 bytes in 3 msecs (HTTP/1.1 300) 3 headers in 106 bytes (1 switches on core 0)
Jul 25 08:43:59 ubuntu devstack@g-api.service[156471]: DEBUG glance.api.middleware.version_negotiation [None req-fe6c867e-4318-4a11-b7a6-9db17ab0e7db admin admin] Determining version of request: GET /v2/images/e41aa194-4712-420c-9126-b592da5f2f41 Accept: */* {{(pid=156471) process_request /opt/stack/glance/glance/api/middleware/version_negotiation.py:44}}
Jul 25 08:43:59 ubuntu devstack@g-api.service[156471]: DEBUG glance.api.middleware.version_negotiation [None req-fe6c867e-4318-4a11-b7a6-9db17ab0e7db admin admin] Using url versioning {{(pid=156471) process_request /opt/stack/glance/glance/api/middleware/version_negotiation.py:57}}
Jul 25 08:43:59 ubuntu devstack@g-api.service[156471]: DEBUG glance.api.middleware.version_negotiation [None req-fe6c867e-4318-4a11-b7a6-9db17ab0e7db admin admin] Matched version: v2 {{(pid=156471) process_request /opt/stack/glance/glance/api/middleware/version_negotiation.py:69}}
Jul 25 08:43:59 ubuntu devstack@g-api.service[156471]: DEBUG glance.api.middleware.version_negotiation [None req-fe6c867e-4318-4a11-b7a6-9db17ab0e7db admin admin] new path /v2/images/e41aa194-4712-420c-9126-b592da5f2f41 {{(pid=156471) process_request /opt/stack/glance/glance/api/middleware/version_negotiation.py:70}}
Jul 25 08:43:59 ubuntu devstack@g-api.service[156471]: [pid: 156471|app: 0|req: 5/8] 127.0.0.1 () {36 vars in 789 bytes} [Mon Jul 25 08:43:59 2022] GET /v2/images/e41aa194-4712-420c-9126-b592da5f2f41 => generated 976 bytes in 426 msecs (HTTP/1.1 200) 4 headers in 157 bytes (1 switches on core 0)
Jul 25 08:44:03 ubuntu devstack@g-api.service[156472]: DEBUG glance.api.middleware.version_negotiation [None req-34d02857-6f5d-44bc-b562-0ccfa1daef59 admin admin] Determining version of request: GET / Accept: application/json {{(pid=156472) process_request /opt/stack/glance/glance/api/middleware/version_negotiation.py:44}}
Jul 25 08:44:03 ubuntu devstack@g-api.service[156472]: DEBUG glance.api.middleware.version_negotiation [None req-34d02857-6f5d-44bc-b562-0ccfa1daef59 admin admin] Using url versioning {{(pid=156472) process_request /opt/stack/glance/glance/api/middleware/version_negotiation.py:57}}
Jul 25 08:44:03 ubuntu devstack@g-api.service[156472]: DEBUG glance.api.middleware.version_negotiation [None req-34d02857-6f5d-44bc-b562-0ccfa1daef59 admin admin] Unknown version. Returning version choices. {{(pid=156472) process_request /opt/stack/glance/glance/api/middleware/version_negotiation.py:64}}
Jul 25 08:44:03 ubuntu devstack@g-api.service[156472]: [pid: 156472|app: 0|req: 4/9] 127.0.0.1 () {34 vars in 506 bytes} [Mon Jul 25 08:44:03 2022] GET / => generated 1323 bytes in 3 msecs (HTTP/1.1 300) 3 headers in 106 bytes (1 switches on core 0)
Jul 25 08:44:03 ubuntu devstack@g-api.service[156471]: DEBUG glance.api.middleware.version_negotiation [None req-8d8dfd12-8868-460e-809e-24fa1cf8f124 admin admin] Determining version of request: GET /v2/images/e41aa194-4712-420c-9126-b592da5f2f41 Accept: */* {{(pid=156471) process_request /opt/stack/glance/glance/api/middleware/version_negotiation.py:44}}
Jul 25 08:44:03 ubuntu devstack@g-api.service[156471]: DEBUG glance.api.middleware.version_negotiation [None req-8d8dfd12-8868-460e-809e-24fa1cf8f124 admin admin] Using url versioning {{(pid=156471) process_request /opt/stack/glance/glance/api/middleware/version_negotiation.py:57}}
Jul 25 08:44:03 ubuntu devstack@g-api.service[156471]: DEBUG glance.api.middleware.version_negotiation [None req-8d8dfd12-8868-460e-809e-24fa1cf8f124 admin admin] Matched version: v2 {{(pid=156471) process_request /opt/stack/glance/glance/api/middleware/version_negotiation.py:69}}
Jul 25 08:44:03 ubuntu devstack@g-api.service[156471]: DEBUG glance.api.middleware.version_negotiation [None req-8d8dfd12-8868-460e-809e-24fa1cf8f124 admin admin] new path /v2/images/e41aa194-4712-420c-9126-b592da5f2f41 {{(pid=156471) process_request /opt/stack/glance/glance/api/middleware/version_negotiation.py:70}}
Jul 25 08:44:03 ubuntu devstack@g-api.service[156471]: [pid: 156471|app: 0|req: 6/10] 127.0.0.1 () {36 vars in 789 bytes} [Mon Jul 25 08:44:03 2022] GET /v2/images/e41aa194-4712-420c-9126-b592da5f2f41 => generated 976 bytes in 286 msecs (HTTP/1.1 200) 4 headers in 157 bytes (1 switches on core 0)
Jul 25 08:44:13 ubuntu devstack@g-api.service[156471]: DEBUG dbcounter [-] [156471] Writing DB stats glance:SELECT=10 {{(pid=156471) stat_writer /usr/local/lib/python3.8/dist-packages/dbcounter.py:114}}
Jul 25 08:46:14 ubuntu devstack@g-api.service[156472]: DEBUG glance.api.middleware.version_negotiation [None req-34d02857-6f5d-44bc-b562-0ccfa1daef59 admin admin] Determining version of request: GET /v1 Accept: application/json {{(pid=156472) process_request /opt/stack/glance/glance/api/middleware/version_negotiation.py:44}}
Jul 25 08:46:14 ubuntu devstack@g-api.service[156472]: DEBUG glance.api.middleware.version_negotiation [None req-34d02857-6f5d-44bc-b562-0ccfa1daef59 admin admin] Using url versioning {{(pid=156472) process_request /opt/stack/glance/glance/api/middleware/version_negotiation.py:57}}
Jul 25 08:46:14 ubuntu devstack@g-api.service[156472]: DEBUG glance.api.middleware.version_negotiation [None req-34d02857-6f5d-44bc-b562-0ccfa1daef59 admin admin] Unknown version. Returning version choices. {{(pid=156472) process_request /opt/stack/glance/glance/api/middleware/version_negotiation.py:64}}
Jul 25 08:46:14 ubuntu devstack@g-api.service[156472]: [pid: 156472|app: 0|req: 5/11] 127.0.0.1 () {38 vars in 686 bytes} [Mon Jul 25 08:46:14 2022] GET /v1 => generated 1323 bytes in 3 msecs (HTTP/1.1 300) 3 headers in 106 bytes (1 switches on core 0)
Jul 25 08:48:28 ubuntu devstack@g-api.service[156471]: DEBUG glance.api.middleware.version_negotiation [None req-24ea9ab2-c480-4ab1-ae35-627d8b17a855 admin admin] Determining version of request: GET /versions Accept: */* {{(pid=156471) process_request /opt/stack/glance/glance/api/middleware/version_negotiation.py:44}}
Jul 25 08:48:28 ubuntu devstack@g-api.service[156471]: [pid: 156471|app: 0|req: 7/12] 127.0.0.1 () {38 vars in 695 bytes} [Mon Jul 25 08:48:28 2022] GET /versions => generated 1323 bytes in 4 msecs (HTTP/1.1 200) 3 headers in 92 bytes (1 switches on core 0)
Jul 25 08:48:28 ubuntu devstack@g-api.service[156472]: DEBUG glance.api.middleware.version_negotiation [None req-34d02857-6f5d-44bc-b562-0ccfa1daef59 admin admin] Determining version of request: GET /v2/schemas/image Accept: */* {{(pid=156472) process_request /opt/stack/glance/glance/api/middleware/version_negotiation.py:44}}
Jul 25 08:48:28 ubuntu devstack@g-api.service[156472]: DEBUG glance.api.middleware.version_negotiation [None req-34d02857-6f5d-44bc-b562-0ccfa1daef59 admin admin] Using url versioning {{(pid=156472) process_request /opt/stack/glance/glance/api/middleware/version_negotiation.py:57}}
Jul 25 08:48:28 ubuntu devstack@g-api.service[156472]: DEBUG glance.api.middleware.version_negotiation [None req-34d02857-6f5d-44bc-b562-0ccfa1daef59 admin admin] Matched version: v2 {{(pid=156472) process_request /opt/stack/glance/glance/api/middleware/version_negotiation.py:69}}
Jul 25 08:48:28 ubuntu devstack@g-api.service[156472]: DEBUG glance.api.middleware.version_negotiation [None req-34d02857-6f5d-44bc-b562-0ccfa1daef59 admin admin] new path /v2/schemas/image {{(pid=156472) process_request /opt/stack/glance/glance/api/middleware/version_negotiation.py:70}}
Jul 25 08:48:28 ubuntu devstack@g-api.service[156472]: [pid: 156472|app: 0|req: 6/13] 127.0.0.1 () {38 vars in 711 bytes} [Mon Jul 25 08:48:28 2022] GET /v2/schemas/image => generated 6083 bytes in 162 msecs (HTTP/1.1 200) 4 headers in 158 bytes (1 switches on core 0)
Jul 25 08:48:28 ubuntu devstack@g-api.service[156471]: DEBUG glance.api.middleware.version_negotiation [None req-24ea9ab2-c480-4ab1-ae35-627d8b17a855 admin admin] Determining version of request: GET /v2/schemas/metadefs/namespace Accept: */* {{(pid=156471) process_request /opt/stack/glance/glance/api/middleware/version_negotiation.py:44}}
Jul 25 08:48:28 ubuntu devstack@g-api.service[156471]: DEBUG glance.api.middleware.version_negotiation [None req-24ea9ab2-c480-4ab1-ae35-627d8b17a855 admin admin] Using url versioning {{(pid=156471) process_request /opt/stack/glance/glance/api/middleware/version_negotiation.py:57}}
Jul 25 08:48:28 ubuntu devstack@g-api.service[156471]: DEBUG glance.api.middleware.version_negotiation [None req-24ea9ab2-c480-4ab1-ae35-627d8b17a855 admin admin] Matched version: v2 {{(pid=156471) process_request /opt/stack/glance/glance/api/middleware/version_negotiation.py:69}}
Jul 25 08:48:28 ubuntu devstack@g-api.service[156471]: DEBUG glance.api.middleware.version_negotiation [None req-24ea9ab2-c480-4ab1-ae35-627d8b17a855 admin admin] new path /v2/schemas/metadefs/namespace {{(pid=156471) process_request /opt/stack/glance/glance/api/middleware/version_negotiation.py:70}}
Jul 25 08:48:28 ubuntu devstack@g-api.service[156471]: [pid: 156471|app: 0|req: 8/14] 127.0.0.1 () {38 vars in 737 bytes} [Mon Jul 25 08:48:28 2022] GET /v2/schemas/metadefs/namespace => generated 3100 bytes in 11 msecs (HTTP/1.1 200) 4 headers in 158 bytes (1 switches on core 0)
Jul 25 08:48:28 ubuntu devstack@g-api.service[156472]: DEBUG glance.api.middleware.version_negotiation [None req-10c83900-92a6-4502-bf4b-70a36c077b36 admin admin] Determining version of request: GET /v2/schemas/metadefs/resource_type Accept: */* {{(pid=156472) process_request /opt/stack/glance/glance/api/middleware/version_negotiation.py:44}}
Jul 25 08:48:28 ubuntu devstack@g-api.service[156472]: DEBUG glance.api.middleware.version_negotiation [None req-10c83900-92a6-4502-bf4b-70a36c077b36 admin admin] Using url versioning {{(pid=156472) process_request /opt/stack/glance/glance/api/middleware/version_negotiation.py:57}}
Jul 25 08:48:28 ubuntu devstack@g-api.service[156472]: DEBUG glance.api.middleware.version_negotiation [None req-10c83900-92a6-4502-bf4b-70a36c077b36 admin admin] Matched version: v2 {{(pid=156472) process_request /opt/stack/glance/glance/api/middleware/version_negotiation.py:69}}
Jul 25 08:48:28 ubuntu devstack@g-api.service[156472]: DEBUG glance.api.middleware.version_negotiation [None req-10c83900-92a6-4502-bf4b-70a36c077b36 admin admin] new path /v2/schemas/metadefs/resource_type {{(pid=156472) process_request /opt/stack/glance/glance/api/middleware/version_negotiation.py:70}}
Jul 25 08:48:28 ubuntu devstack@g-api.service[156472]: [pid: 156472|app: 0|req: 7/15] 127.0.0.1 () {38 vars in 745 bytes} [Mon Jul 25 08:48:28 2022] GET /v2/schemas/metadefs/resource_type => generated 1260 bytes in 5 msecs (HTTP/1.1 200) 4 headers in 158 bytes (1 switches on core 0)
Jul 25 08:48:29 ubuntu devstack@g-api.service[156471]: DEBUG glance.api.middleware.version_negotiation [None req-363ada32-2670-4386-af12-d58295baa22a admin admin] Determining version of request: GET /v2/images Accept: */* {{(pid=156471) process_request /opt/stack/glance/glance/api/middleware/version_negotiation.py:44}}
Jul 25 08:48:29 ubuntu devstack@g-api.service[156471]: DEBUG glance.api.middleware.version_negotiation [None req-363ada32-2670-4386-af12-d58295baa22a admin admin] Using url versioning {{(pid=156471) process_request /opt/stack/glance/glance/api/middleware/version_negotiation.py:57}}
Jul 25 08:48:29 ubuntu devstack@g-api.service[156471]: DEBUG glance.api.middleware.version_negotiation [None req-363ada32-2670-4386-af12-d58295baa22a admin admin] Matched version: v2 {{(pid=156471) process_request /opt/stack/glance/glance/api/middleware/version_negotiation.py:69}}
Jul 25 08:48:29 ubuntu devstack@g-api.service[156471]: DEBUG glance.api.middleware.version_negotiation [None req-363ada32-2670-4386-af12-d58295baa22a admin admin] new path /v2/images {{(pid=156471) process_request /opt/stack/glance/glance/api/middleware/version_negotiation.py:70}}
Jul 25 08:48:29 ubuntu devstack@g-api.service[156471]: [pid: 156471|app: 0|req: 9/16] 127.0.0.1 () {38 vars in 768 bytes} [Mon Jul 25 08:48:29 2022] GET /v2/images?limit=20&sort_key=name&sort_dir=asc => generated 1081 bytes in 89 msecs (HTTP/1.1 200) 4 headers in 158 bytes (1 switches on core 0)
Jul 25 08:48:29 ubuntu devstack@g-api.service[156472]: DEBUG glance.api.middleware.version_negotiation [None req-dae2796f-059b-4fc9-a80c-2a767535312b admin admin] Determining version of request: GET /v2/schemas/image Accept: */* {{(pid=156472) process_request /opt/stack/glance/glance/api/middleware/version_negotiation.py:44}}
Jul 25 08:48:29 ubuntu devstack@g-api.service[156472]: DEBUG glance.api.middleware.version_negotiation [None req-dae2796f-059b-4fc9-a80c-2a767535312b admin admin] Using url versioning {{(pid=156472) process_request /opt/stack/glance/glance/api/middleware/version_negotiation.py:57}}
Jul 25 08:48:29 ubuntu devstack@g-api.service[156472]: DEBUG glance.api.middleware.version_negotiation [None req-dae2796f-059b-4fc9-a80c-2a767535312b admin admin] Matched version: v2 {{(pid=156472) process_request /opt/stack/glance/glance/api/middleware/version_negotiation.py:69}}
Jul 25 08:48:29 ubuntu devstack@g-api.service[156472]: DEBUG glance.api.middleware.version_negotiation [None req-dae2796f-059b-4fc9-a80c-2a767535312b admin admin] new path /v2/schemas/image {{(pid=156472) process_request /opt/stack/glance/glance/api/middleware/version_negotiation.py:70}}
Jul 25 08:48:29 ubuntu devstack@g-api.service[156472]: [pid: 156472|app: 0|req: 8/17] 127.0.0.1 () {38 vars in 711 bytes} [Mon Jul 25 08:48:29 2022] GET /v2/schemas/image => generated 6083 bytes in 5 msecs (HTTP/1.1 200) 4 headers in 158 bytes (1 switches on core 0)
Jul 25 08:48:39 ubuntu devstack@g-api.service[156471]: DEBUG dbcounter [-] [156471] Writing DB stats glance:SELECT=2 {{(pid=156471) stat_writer /usr/local/lib/python3.8/dist-packages/dbcounter.py:114}}
Jul 25 08:48:42 ubuntu devstack@g-api.service[156471]: DEBUG glance.api.middleware.version_negotiation [None req-f583e060-013a-46d2-a7bb-1f47a89639c2 admin admin] Determining version of request: GET / Accept: application/json {{(pid=156471) process_request /opt/stack/glance/glance/api/middleware/version_negotiation.py:44}}
Jul 25 08:48:42 ubuntu devstack@g-api.service[156471]: DEBUG glance.api.middleware.version_negotiation [None req-f583e060-013a-46d2-a7bb-1f47a89639c2 admin admin] Using url versioning {{(pid=156471) process_request /opt/stack/glance/glance/api/middleware/version_negotiation.py:57}}
Jul 25 08:48:42 ubuntu devstack@g-api.service[156471]: DEBUG glance.api.middleware.version_negotiation [None req-f583e060-013a-46d2-a7bb-1f47a89639c2 admin admin] Unknown version. Returning version choices. {{(pid=156471) process_request /opt/stack/glance/glance/api/middleware/version_negotiation.py:64}}
Jul 25 08:48:42 ubuntu devstack@g-api.service[156471]: [pid: 156471|app: 0|req: 10/18] 127.0.0.1 () {34 vars in 492 bytes} [Mon Jul 25 08:48:42 2022] GET / => generated 1323 bytes in 3 msecs (HTTP/1.1 300) 3 headers in 106 bytes (1 switches on core 0)
Jul 25 08:48:42 ubuntu devstack@g-api.service[156472]: DEBUG glance.api.middleware.version_negotiation [None req-074f4aad-b4b4-4a22-b9a8-b888b0829c0c admin admin] Determining version of request: GET /v2/images/e41aa194-4712-420c-9126-b592da5f2f41 Accept: */* {{(pid=156472) process_request /opt/stack/glance/glance/api/middleware/version_negotiation.py:44}}
Jul 25 08:48:42 ubuntu devstack@g-api.service[156472]: DEBUG glance.api.middleware.version_negotiation [None req-074f4aad-b4b4-4a22-b9a8-b888b0829c0c admin admin] Using url versioning {{(pid=156472) process_request /opt/stack/glance/glance/api/middleware/version_negotiation.py:57}}
Jul 25 08:48:42 ubuntu devstack@g-api.service[156472]: DEBUG glance.api.middleware.version_negotiation [None req-074f4aad-b4b4-4a22-b9a8-b888b0829c0c admin admin] Matched version: v2 {{(pid=156472) process_request /opt/stack/glance/glance/api/middleware/version_negotiation.py:69}}
Jul 25 08:48:42 ubuntu devstack@g-api.service[156472]: DEBUG glance.api.middleware.version_negotiation [None req-074f4aad-b4b4-4a22-b9a8-b888b0829c0c admin admin] new path /v2/images/e41aa194-4712-420c-9126-b592da5f2f41 {{(pid=156472) process_request /opt/stack/glance/glance/api/middleware/version_negotiation.py:70}}
Jul 25 08:48:42 ubuntu devstack@g-api.service[156472]: WARNING keystonemiddleware.auth_token [None req-074f4aad-b4b4-4a22-b9a8-b888b0829c0c admin admin] A valid token was submitted as a service token, but it was not a valid service token. This is incorrect but backwards compatible behaviour. This will be removed in future releases.
Jul 25 08:48:42 ubuntu devstack@g-api.service[156472]: [pid: 156472|app: 0|req: 9/19] 127.0.0.1 () {42 vars in 1049 bytes} [Mon Jul 25 08:48:42 2022] GET /v2/images/e41aa194-4712-420c-9126-b592da5f2f41 => generated 976 bytes in 116 msecs (HTTP/1.1 200) 4 headers in 157 bytes (1 switches on core 0)
Jul 25 08:48:42 ubuntu devstack@g-api.service[156471]: DEBUG glance.api.middleware.version_negotiation [None req-f583e060-013a-46d2-a7bb-1f47a89639c2 admin admin] Determining version of request: GET /v2/schemas/image Accept: */* {{(pid=156471) process_request /opt/stack/glance/glance/api/middleware/version_negotiation.py:44}}
Jul 25 08:48:42 ubuntu devstack@g-api.service[156471]: DEBUG glance.api.middleware.version_negotiation [None req-f583e060-013a-46d2-a7bb-1f47a89639c2 admin admin] Using url versioning {{(pid=156471) process_request /opt/stack/glance/glance/api/middleware/version_negotiation.py:57}}
Jul 25 08:48:42 ubuntu devstack@g-api.service[156471]: DEBUG glance.api.middleware.version_negotiation [None req-f583e060-013a-46d2-a7bb-1f47a89639c2 admin admin] Matched version: v2 {{(pid=156471) process_request /opt/stack/glance/glance/api/middleware/version_negotiation.py:69}}
Jul 25 08:48:42 ubuntu devstack@g-api.service[156471]: DEBUG glance.api.middleware.version_negotiation [None req-f583e060-013a-46d2-a7bb-1f47a89639c2 admin admin] new path /v2/schemas/image {{(pid=156471) process_request /opt/stack/glance/glance/api/middleware/version_negotiation.py:70}}
Jul 25 08:48:42 ubuntu devstack@g-api.service[156471]: WARNING keystonemiddleware.auth_token [None req-f583e060-013a-46d2-a7bb-1f47a89639c2 admin admin] A valid token was submitted as a service token, but it was not a valid service token. This is incorrect but backwards compatible behaviour. This will be removed in future releases.
Jul 25 08:48:43 ubuntu devstack@g-api.service[156471]: [pid: 156471|app: 0|req: 11/20] 127.0.0.1 () {42 vars in 989 bytes} [Mon Jul 25 08:48:42 2022] GET /v2/schemas/image => generated 6083 bytes in 9 msecs (HTTP/1.1 200) 4 headers in 158 bytes (1 switches on core 0)
Jul 25 08:48:45 ubuntu devstack@g-api.service[156472]: DEBUG glance.api.middleware.version_negotiation [None req-32907f8c-96ff-4158-91d3-6c13cfe9c5ac tempest-VolumesAdminNegativeTest-983811665 tempest-VolumesAdminNegativeTest-983811665-project] Determining version of request: GET /v2/images/e41aa194-4712-420c-9126-b592da5f2f41 Accept: */* {{(pid=156472) process_request /opt/stack/glance/glance/api/middleware/version_negotiation.py:44}}
Jul 25 08:48:45 ubuntu devstack@g-api.service[156472]: DEBUG glance.api.middleware.version_negotiation [None req-32907f8c-96ff-4158-91d3-6c13cfe9c5ac tempest-VolumesAdminNegativeTest-983811665 tempest-VolumesAdminNegativeTest-983811665-project] Using url versioning {{(pid=156472) process_request /opt/stack/glance/glance/api/middleware/version_negotiation.py:57}}
Jul 25 08:48:45 ubuntu devstack@g-api.service[156472]: DEBUG glance.api.middleware.version_negotiation [None req-32907f8c-96ff-4158-91d3-6c13cfe9c5ac tempest-VolumesAdminNegativeTest-983811665 tempest-VolumesAdminNegativeTest-983811665-project] Matched version: v2 {{(pid=156472) process_request /opt/stack/glance/glance/api/middleware/version_negotiation.py:69}}
Jul 25 08:48:45 ubuntu devstack@g-api.service[156472]: DEBUG glance.api.middleware.version_negotiation [None req-32907f8c-96ff-4158-91d3-6c13cfe9c5ac tempest-VolumesAdminNegativeTest-983811665 tempest-VolumesAdminNegativeTest-983811665-project] new path /v2/images/e41aa194-4712-420c-9126-b592da5f2f41 {{(pid=156472) process_request /opt/stack/glance/glance/api/middleware/version_negotiation.py:70}}
Jul 25 08:48:45 ubuntu devstack@g-api.service[156472]: [pid: 156472|app: 0|req: 10/21] 127.0.0.1 () {42 vars in 1049 bytes} [Mon Jul 25 08:48:45 2022] GET /v2/images/e41aa194-4712-420c-9126-b592da5f2f41 => generated 976 bytes in 16 msecs (HTTP/1.1 200) 4 headers in 157 bytes (1 switches on core 0)
Jul 25 08:48:45 ubuntu devstack@g-api.service[156471]: DEBUG glance.api.middleware.version_negotiation [None req-32907f8c-96ff-4158-91d3-6c13cfe9c5ac tempest-VolumesAdminNegativeTest-983811665 tempest-VolumesAdminNegativeTest-983811665-project] Determining version of request: GET /v2/images/e41aa194-4712-420c-9126-b592da5f2f41/file Accept: */* {{(pid=156471) process_request /opt/stack/glance/glance/api/middleware/version_negotiation.py:44}}
Jul 25 08:48:45 ubuntu devstack@g-api.service[156471]: DEBUG glance.api.middleware.version_negotiation [None req-32907f8c-96ff-4158-91d3-6c13cfe9c5ac tempest-VolumesAdminNegativeTest-983811665 tempest-VolumesAdminNegativeTest-983811665-project] Using url versioning {{(pid=156471) process_request /opt/stack/glance/glance/api/middleware/version_negotiation.py:57}}
Jul 25 08:48:45 ubuntu devstack@g-api.service[156471]: DEBUG glance.api.middleware.version_negotiation [None req-32907f8c-96ff-4158-91d3-6c13cfe9c5ac tempest-VolumesAdminNegativeTest-983811665 tempest-VolumesAdminNegativeTest-983811665-project] Matched version: v2 {{(pid=156471) process_request /opt/stack/glance/glance/api/middleware/version_negotiation.py:69}}
Jul 25 08:48:45 ubuntu devstack@g-api.service[156471]: DEBUG glance.api.middleware.version_negotiation [None req-32907f8c-96ff-4158-91d3-6c13cfe9c5ac tempest-VolumesAdminNegativeTest-983811665 tempest-VolumesAdminNegativeTest-983811665-project] new path /v2/images/e41aa194-4712-420c-9126-b592da5f2f41/file {{(pid=156471) process_request /opt/stack/glance/glance/api/middleware/version_negotiation.py:70}}
Jul 25 08:48:45 ubuntu devstack@g-api.service[156471]: DEBUG glance_store.backend [None req-32907f8c-96ff-4158-91d3-6c13cfe9c5ac tempest-VolumesAdminNegativeTest-983811665 tempest-VolumesAdminNegativeTest-983811665-project] Attempting to import store swift {{(pid=156471) _load_store /usr/local/lib/python3.8/dist-packages/glance_store/backend.py:216}}
Jul 25 08:48:45 ubuntu devstack@g-api.service[156471]: DEBUG glance_store.capabilities [None req-32907f8c-96ff-4158-91d3-6c13cfe9c5ac tempest-VolumesAdminNegativeTest-983811665 tempest-VolumesAdminNegativeTest-983811665-project] Store glance_store._drivers.swift.store.SingleTenantStore doesn't support updating dynamic storage capabilities. Please overwrite 'update_capabilities' method of the store to implement updating logics if needed. {{(pid=156471) update_capabilities /usr/local/lib/python3.8/dist-packages/glance_store/capabilities.py:91}}
Jul 25 08:48:45 ubuntu devstack@g-api.service[156471]: DEBUG glance_store.driver [None req-32907f8c-96ff-4158-91d3-6c13cfe9c5ac tempest-VolumesAdminNegativeTest-983811665 tempest-VolumesAdminNegativeTest-983811665-project] Late loading location class glance_store._drivers.swift.store.StoreLocation {{(pid=156471) get_store_location_class /usr/local/lib/python3.8/dist-packages/glance_store/driver.py:116}}
Jul 25 08:48:45 ubuntu devstack@g-api.service[156471]: DEBUG glance_store.location [None req-32907f8c-96ff-4158-91d3-6c13cfe9c5ac tempest-VolumesAdminNegativeTest-983811665 tempest-VolumesAdminNegativeTest-983811665-project] Registering scheme swift+https with {'store': <glance_store._drivers.swift.store.SingleTenantStore object at 0x7f4c901ba5e0>, 'location_class': <class 'glance_store._drivers.swift.store.StoreLocation'>, 'store_entry': 'swift'} {{(pid=156471) register_scheme_map /usr/local/lib/python3.8/dist-packages/glance_store/location.py:146}}
Jul 25 08:48:45 ubuntu devstack@g-api.service[156471]: DEBUG glance_store.location [None req-32907f8c-96ff-4158-91d3-6c13cfe9c5ac tempest-VolumesAdminNegativeTest-983811665 tempest-VolumesAdminNegativeTest-983811665-project] Registering scheme swift+https with {'store': <glance_store._drivers.swift.store.SingleTenantStore object at 0x7f4c901ba5e0>, 'location_class': <class 'glance_store._drivers.swift.store.StoreLocation'>, 'store_entry': 'swift'} {{(pid=156471) register_scheme_map /usr/local/lib/python3.8/dist-packages/glance_store/location.py:146}}
Jul 25 08:48:45 ubuntu devstack@g-api.service[156471]: DEBUG glance_store.location [None req-32907f8c-96ff-4158-91d3-6c13cfe9c5ac tempest-VolumesAdminNegativeTest-983811665 tempest-VolumesAdminNegativeTest-983811665-project] Registering scheme swift with {'store': <glance_store._drivers.swift.store.SingleTenantStore object at 0x7f4c901ba5e0>, 'location_class': <class 'glance_store._drivers.swift.store.StoreLocation'>, 'store_entry': 'swift'} {{(pid=156471) register_scheme_map /usr/local/lib/python3.8/dist-packages/glance_store/location.py:146}}
Jul 25 08:48:45 ubuntu devstack@g-api.service[156471]: DEBUG glance_store.location [None req-32907f8c-96ff-4158-91d3-6c13cfe9c5ac tempest-VolumesAdminNegativeTest-983811665 tempest-VolumesAdminNegativeTest-983811665-project] Registering scheme swift+https with {'store': <glance_store._drivers.swift.store.SingleTenantStore object at 0x7f4c901ba5e0>, 'location_class': <class 'glance_store._drivers.swift.store.StoreLocation'>, 'store_entry': 'swift'} {{(pid=156471) register_scheme_map /usr/local/lib/python3.8/dist-packages/glance_store/location.py:146}}
Jul 25 08:48:45 ubuntu devstack@g-api.service[156471]: DEBUG glance_store.location [None req-32907f8c-96ff-4158-91d3-6c13cfe9c5ac tempest-VolumesAdminNegativeTest-983811665 tempest-VolumesAdminNegativeTest-983811665-project] Registering scheme swift with {'store': <glance_store._drivers.swift.store.SingleTenantStore object at 0x7f4c901ba5e0>, 'location_class': <class 'glance_store._drivers.swift.store.StoreLocation'>, 'store_entry': 'swift'} {{(pid=156471) register_scheme_map /usr/local/lib/python3.8/dist-packages/glance_store/location.py:146}}
Jul 25 08:48:45 ubuntu devstack@g-api.service[156471]: DEBUG glance_store.location [None req-32907f8c-96ff-4158-91d3-6c13cfe9c5ac tempest-VolumesAdminNegativeTest-983811665 tempest-VolumesAdminNegativeTest-983811665-project] Registering scheme swift+http with {'store': <glance_store._drivers.swift.store.SingleTenantStore object at 0x7f4c901ba5e0>, 'location_class': <class 'glance_store._drivers.swift.store.StoreLocation'>, 'store_entry': 'swift'} {{(pid=156471) register_scheme_map /usr/local/lib/python3.8/dist-packages/glance_store/location.py:146}}
Jul 25 08:48:45 ubuntu devstack@g-api.service[156471]: DEBUG glance_store.location [None req-32907f8c-96ff-4158-91d3-6c13cfe9c5ac tempest-VolumesAdminNegativeTest-983811665 tempest-VolumesAdminNegativeTest-983811665-project] Registering scheme swift+https with {'store': <glance_store._drivers.swift.store.SingleTenantStore object at 0x7f4c901ba5e0>, 'location_class': <class 'glance_store._drivers.swift.store.StoreLocation'>, 'store_entry': 'swift'} {{(pid=156471) register_scheme_map /usr/local/lib/python3.8/dist-packages/glance_store/location.py:146}}
Jul 25 08:48:45 ubuntu devstack@g-api.service[156471]: DEBUG glance_store.location [None req-32907f8c-96ff-4158-91d3-6c13cfe9c5ac tempest-VolumesAdminNegativeTest-983811665 tempest-VolumesAdminNegativeTest-983811665-project] Registering scheme swift with {'store': <glance_store._drivers.swift.store.SingleTenantStore object at 0x7f4c901ba5e0>, 'location_class': <class 'glance_store._drivers.swift.store.StoreLocation'>, 'store_entry': 'swift'} {{(pid=156471) register_scheme_map /usr/local/lib/python3.8/dist-packages/glance_store/location.py:146}}
Jul 25 08:48:45 ubuntu devstack@g-api.service[156471]: DEBUG glance_store.location [None req-32907f8c-96ff-4158-91d3-6c13cfe9c5ac tempest-VolumesAdminNegativeTest-983811665 tempest-VolumesAdminNegativeTest-983811665-project] Registering scheme swift+http with {'store': <glance_store._drivers.swift.store.SingleTenantStore object at 0x7f4c901ba5e0>, 'location_class': <class 'glance_store._drivers.swift.store.StoreLocation'>, 'store_entry': 'swift'} {{(pid=156471) register_scheme_map /usr/local/lib/python3.8/dist-packages/glance_store/location.py:146}}
Jul 25 08:48:45 ubuntu devstack@g-api.service[156471]: DEBUG glance_store.location [None req-32907f8c-96ff-4158-91d3-6c13cfe9c5ac tempest-VolumesAdminNegativeTest-983811665 tempest-VolumesAdminNegativeTest-983811665-project] Registering scheme swift+config with {'store': <glance_store._drivers.swift.store.SingleTenantStore object at 0x7f4c901ba5e0>, 'location_class': <class 'glance_store._drivers.swift.store.StoreLocation'>, 'store_entry': 'swift'} {{(pid=156471) register_scheme_map /usr/local/lib/python3.8/dist-packages/glance_store/location.py:146}}
Jul 25 08:48:45 ubuntu devstack@g-api.service[156471]: DEBUG swiftclient [None req-32907f8c-96ff-4158-91d3-6c13cfe9c5ac tempest-VolumesAdminNegativeTest-983811665 tempest-VolumesAdminNegativeTest-983811665-project] REQ: curl -i http://192.168.79.47:8080/v1/AUTH_00399563535744879970d028b6f04e74/glance/e41aa194-4712-420c-9126-b592da5f2f41 -X GET -H "X-Auth-Token: gAAAAABi3ljtkV9D..." {{(pid=156471) http_log /usr/local/lib/python3.8/dist-packages/swiftclient/client.py:157}}
Jul 25 08:48:45 ubuntu devstack@g-api.service[156471]: DEBUG swiftclient [None req-32907f8c-96ff-4158-91d3-6c13cfe9c5ac tempest-VolumesAdminNegativeTest-983811665 tempest-VolumesAdminNegativeTest-983811665-project] RESP STATUS: 200 OK {{(pid=156471) http_log /usr/local/lib/python3.8/dist-packages/swiftclient/client.py:158}}
Jul 25 08:48:45 ubuntu devstack@g-api.service[156471]: DEBUG swiftclient [None req-32907f8c-96ff-4158-91d3-6c13cfe9c5ac tempest-VolumesAdminNegativeTest-983811665 tempest-VolumesAdminNegativeTest-983811665-project] RESP HEADERS: {'Content-Type': 'application/octet-stream', 'Etag': '1d3062cd89af34e419f7100277f38b2b', 'Last-Modified': 'Mon, 25 Jul 2022 08:43:08 GMT', 'X-Timestamp': '1658738587.09752', 'Accept-Ranges': 'bytes', 'Content-Length': '16338944', 'X-Trans-Id': 'tx8d4e4eb1f989461e8da7a-0062de58ed', 'X-Openstack-Request-Id': 'tx8d4e4eb1f989461e8da7a-0062de58ed', 'Date': 'Mon, 25 Jul 2022 08:48:45 GMT'} {{(pid=156471) http_log /usr/local/lib/python3.8/dist-packages/swiftclient/client.py:159}}
Jul 25 08:48:45 ubuntu devstack@g-api.service[156471]: DEBUG glance.image_cache [None req-32907f8c-96ff-4158-91d3-6c13cfe9c5ac tempest-VolumesAdminNegativeTest-983811665 tempest-VolumesAdminNegativeTest-983811665-project] Tee'ing image 'e41aa194-4712-420c-9126-b592da5f2f41' into cache {{(pid=156471) get_caching_iter /opt/stack/glance/glance/image_cache/__init__.py:343}}
Jul 25 08:48:45 ubuntu devstack@g-api.service[156471]: DEBUG glance.image_cache.drivers.sqlite [None req-32907f8c-96ff-4158-91d3-6c13cfe9c5ac tempest-VolumesAdminNegativeTest-983811665 tempest-VolumesAdminNegativeTest-983811665-project] Fetch finished, moving '/opt/stack/data/glance/cache/incomplete/e41aa194-4712-420c-9126-b592da5f2f41' to '/opt/stack/data/glance/cache/e41aa194-4712-420c-9126-b592da5f2f41' {{(pid=156471) commit /opt/stack/glance/glance/image_cache/drivers/sqlite.py:324}}
Jul 25 08:48:45 ubuntu devstack@g-api.service[156471]: [pid: 156471|app: 0|req: 12/22] 127.0.0.1 () {42 vars in 1059 bytes} [Mon Jul 25 08:48:45 2022] GET /v2/images/e41aa194-4712-420c-9126-b592da5f2f41/file => generated 16338944 bytes in 447 msecs (HTTP/1.1 200) 4 headers in 191 bytes (250 switches on core 0)
Jul 25 08:48:55 ubuntu devstack@g-api.service[156472]: DEBUG dbcounter [-] [156472] Writing DB stats glance:SELECT=8 {{(pid=156472) stat_writer /usr/local/lib/python3.8/dist-packages/dbcounter.py:114}}
Jul 25 08:48:55 ubuntu devstack@g-api.service[156471]: DEBUG dbcounter [-] [156471] Writing DB stats glance:SELECT=8 {{(pid=156471) stat_writer /usr/local/lib/python3.8/dist-packages/dbcounter.py:114}}
Jul 25 08:49:10 ubuntu devstack@g-api.service[156472]: DEBUG glance.api.middleware.version_negotiation [None req-32907f8c-96ff-4158-91d3-6c13cfe9c5ac tempest-VolumesAdminNegativeTest-983811665 tempest-VolumesAdminNegativeTest-983811665-project] Determining version of request: GET / Accept: application/json {{(pid=156472) process_request /opt/stack/glance/glance/api/middleware/version_negotiation.py:44}}
Jul 25 08:49:10 ubuntu devstack@g-api.service[156472]: DEBUG glance.api.middleware.version_negotiation [None req-32907f8c-96ff-4158-91d3-6c13cfe9c5ac tempest-VolumesAdminNegativeTest-983811665 tempest-VolumesAdminNegativeTest-983811665-project] Using url versioning {{(pid=156472) process_request /opt/stack/glance/glance/api/middleware/version_negotiation.py:57}}
Jul 25 08:49:10 ubuntu devstack@g-api.service[156472]: DEBUG glance.api.middleware.version_negotiation [None req-32907f8c-96ff-4158-91d3-6c13cfe9c5ac tempest-VolumesAdminNegativeTest-983811665 tempest-VolumesAdminNegativeTest-983811665-project] Unknown version. Returning version choices. {{(pid=156472) process_request /opt/stack/glance/glance/api/middleware/version_negotiation.py:64}}
Jul 25 08:49:10 ubuntu devstack@g-api.service[156472]: [pid: 156472|app: 0|req: 11/23] 127.0.0.1 () {34 vars in 492 bytes} [Mon Jul 25 08:49:10 2022] GET / => generated 1323 bytes in 7 msecs (HTTP/1.1 300) 3 headers in 106 bytes (1 switches on core 0)
Jul 25 08:49:10 ubuntu devstack@g-api.service[156471]: DEBUG glance.api.middleware.version_negotiation [None req-32907f8c-96ff-4158-91d3-6c13cfe9c5ac tempest-VolumesAdminNegativeTest-983811665 tempest-VolumesAdminNegativeTest-983811665-project] Determining version of request: GET /v2/images/e41aa194-4712-420c-9126-b592da5f2f41 Accept: */* {{(pid=156471) process_request /opt/stack/glance/glance/api/middleware/version_negotiation.py:44}}
Jul 25 08:49:10 ubuntu devstack@g-api.service[156471]: DEBUG glance.api.middleware.version_negotiation [None req-32907f8c-96ff-4158-91d3-6c13cfe9c5ac tempest-VolumesAdminNegativeTest-983811665 tempest-VolumesAdminNegativeTest-983811665-project] Using url versioning {{(pid=156471) process_request /opt/stack/glance/glance/api/middleware/version_negotiation.py:57}}
Jul 25 08:49:10 ubuntu devstack@g-api.service[156471]: DEBUG glance.api.middleware.version_negotiation [None req-32907f8c-96ff-4158-91d3-6c13cfe9c5ac tempest-VolumesAdminNegativeTest-983811665 tempest-VolumesAdminNegativeTest-983811665-project] Matched version: v2 {{(pid=156471) process_request /opt/stack/glance/glance/api/middleware/version_negotiation.py:69}}
Jul 25 08:49:10 ubuntu devstack@g-api.service[156471]: DEBUG glance.api.middleware.version_negotiation [None req-32907f8c-96ff-4158-91d3-6c13cfe9c5ac tempest-VolumesAdminNegativeTest-983811665 tempest-VolumesAdminNegativeTest-983811665-project] new path /v2/images/e41aa194-4712-420c-9126-b592da5f2f41 {{(pid=156471) process_request /opt/stack/glance/glance/api/middleware/version_negotiation.py:70}}
Jul 25 08:49:10 ubuntu devstack@g-api.service[156471]: [pid: 156471|app: 0|req: 13/24] 127.0.0.1 () {42 vars in 1049 bytes} [Mon Jul 25 08:49:10 2022] GET /v2/images/e41aa194-4712-420c-9126-b592da5f2f41 => generated 976 bytes in 30 msecs (HTTP/1.1 200) 4 headers in 157 bytes (1 switches on core 0)
Jul 25 08:49:10 ubuntu devstack@g-api.service[156472]: DEBUG glance.api.middleware.version_negotiation [None req-32907f8c-96ff-4158-91d3-6c13cfe9c5ac tempest-VolumesAdminNegativeTest-983811665 tempest-VolumesAdminNegativeTest-983811665-project] Determining version of request: GET /v2/schemas/image Accept: */* {{(pid=156472) process_request /opt/stack/glance/glance/api/middleware/version_negotiation.py:44}}
Jul 25 08:49:10 ubuntu devstack@g-api.service[156472]: DEBUG glance.api.middleware.version_negotiation [None req-32907f8c-96ff-4158-91d3-6c13cfe9c5ac tempest-VolumesAdminNegativeTest-983811665 tempest-VolumesAdminNegativeTest-983811665-project] Using url versioning {{(pid=156472) process_request /opt/stack/glance/glance/api/middleware/version_negotiation.py:57}}
Jul 25 08:49:10 ubuntu devstack@g-api.service[156472]: DEBUG glance.api.middleware.version_negotiation [None req-32907f8c-96ff-4158-91d3-6c13cfe9c5ac tempest-VolumesAdminNegativeTest-983811665 tempest-VolumesAdminNegativeTest-983811665-project] Matched version: v2 {{(pid=156472) process_request /opt/stack/glance/glance/api/middleware/version_negotiation.py:69}}
Jul 25 08:49:10 ubuntu devstack@g-api.service[156472]: DEBUG glance.api.middleware.version_negotiation [None req-32907f8c-96ff-4158-91d3-6c13cfe9c5ac tempest-VolumesAdminNegativeTest-983811665 tempest-VolumesAdminNegativeTest-983811665-project] new path /v2/schemas/image {{(pid=156472) process_request /opt/stack/glance/glance/api/middleware/version_negotiation.py:70}}
Jul 25 08:49:10 ubuntu devstack@g-api.service[156472]: [pid: 156472|app: 0|req: 12/25] 127.0.0.1 () {42 vars in 989 bytes} [Mon Jul 25 08:49:10 2022] GET /v2/schemas/image => generated 6083 bytes in 5 msecs (HTTP/1.1 200) 4 headers in 158 bytes (1 switches on core 0)
Jul 25 08:49:20 ubuntu devstack@g-api.service[156471]: DEBUG dbcounter [-] [156471] Writing DB stats glance:SELECT=4 {{(pid=156471) stat_writer /usr/local/lib/python3.8/dist-packages/dbcounter.py:114}}
Jul 25 08:49:38 ubuntu devstack@g-api.service[156471]: DEBUG glance.api.middleware.version_negotiation [None req-3499fe33-f43c-4213-9d90-9cd930a2eb31 tempest-DeleteServersTestJSON-609204041 tempest-DeleteServersTestJSON-609204041-project] Determining version of request: GET /v2/images/e41aa194-4712-420c-9126-b592da5f2f41 Accept: */* {{(pid=156471) process_request /opt/stack/glance/glance/api/middleware/version_negotiation.py:44}}
Jul 25 08:49:38 ubuntu devstack@g-api.service[156471]: DEBUG glance.api.middleware.version_negotiation [None req-3499fe33-f43c-4213-9d90-9cd930a2eb31 tempest-DeleteServersTestJSON-609204041 tempest-DeleteServersTestJSON-609204041-project] Using url versioning {{(pid=156471) process_request /opt/stack/glance/glance/api/middleware/version_negotiation.py:57}}
Jul 25 08:49:38 ubuntu devstack@g-api.service[156471]: DEBUG glance.api.middleware.version_negotiation [None req-3499fe33-f43c-4213-9d90-9cd930a2eb31 tempest-DeleteServersTestJSON-609204041 tempest-DeleteServersTestJSON-609204041-project] Matched version: v2 {{(pid=156471) process_request /opt/stack/glance/glance/api/middleware/version_negotiation.py:69}}
Jul 25 08:49:38 ubuntu devstack@g-api.service[156471]: DEBUG glance.api.middleware.version_negotiation [None req-3499fe33-f43c-4213-9d90-9cd930a2eb31 tempest-DeleteServersTestJSON-609204041 tempest-DeleteServersTestJSON-609204041-project] new path /v2/images/e41aa194-4712-420c-9126-b592da5f2f41 {{(pid=156471) process_request /opt/stack/glance/glance/api/middleware/version_negotiation.py:70}}
Jul 25 08:49:38 ubuntu devstack@g-api.service[156471]: [pid: 156471|app: 0|req: 14/26] 127.0.0.1 () {42 vars in 1049 bytes} [Mon Jul 25 08:49:38 2022] GET /v2/images/e41aa194-4712-420c-9126-b592da5f2f41 => generated 976 bytes in 23 msecs (HTTP/1.1 200) 4 headers in 157 bytes (1 switches on core 0)
