May 16 22:48:41 ubuntu devstack@g-api.service[137939]: DEBUG glance_store.driver [None req-b4cd8c2e-41fa-4d6c-9e8b-0fed8ca4f515 admin admin] Late loading location class glance_store._drivers.swift.store.StoreLocation {{(pid=137939) get_store_location_class /usr/local/lib/python3.8/dist-packages/glance_store/driver.py:117}}
May 16 22:48:41 ubuntu devstack@g-api.service[137939]: DEBUG glance_store.location [None req-b4cd8c2e-41fa-4d6c-9e8b-0fed8ca4f515 admin admin] Registering scheme swift+https with {'store': <glance_store._drivers.swift.store.SingleTenantStore object at 0x7fc38e38d100>, 'location_class': <class 'glance_store._drivers.swift.store.StoreLocation'>, 'store_entry': 'swift'} {{(pid=137939) register_scheme_map /usr/local/lib/python3.8/dist-packages/glance_store/location.py:146}}
May 16 22:48:41 ubuntu devstack@g-api.service[137939]: DEBUG glance_store.location [None req-b4cd8c2e-41fa-4d6c-9e8b-0fed8ca4f515 admin admin] Registering scheme swift+https with {'store': <glance_store._drivers.swift.store.SingleTenantStore object at 0x7fc38e38d100>, 'location_class': <class 'glance_store._drivers.swift.store.StoreLocation'>, 'store_entry': 'swift'} {{(pid=137939) register_scheme_map /usr/local/lib/python3.8/dist-packages/glance_store/location.py:146}}
May 16 22:48:41 ubuntu devstack@g-api.service[137939]: DEBUG glance_store.location [None req-b4cd8c2e-41fa-4d6c-9e8b-0fed8ca4f515 admin admin] Registering scheme swift with {'store': <glance_store._drivers.swift.store.SingleTenantStore object at 0x7fc38e38d100>, 'location_class': <class 'glance_store._drivers.swift.store.StoreLocation'>, 'store_entry': 'swift'} {{(pid=137939) register_scheme_map /usr/local/lib/python3.8/dist-packages/glance_store/location.py:146}}
May 16 22:48:41 ubuntu devstack@g-api.service[137939]: DEBUG glance_store.location [None req-b4cd8c2e-41fa-4d6c-9e8b-0fed8ca4f515 admin admin] Registering scheme swift+https with {'store': <glance_store._drivers.swift.store.SingleTenantStore object at 0x7fc38e38d100>, 'location_class': <class 'glance_store._drivers.swift.store.StoreLocation'>, 'store_entry': 'swift'} {{(pid=137939) register_scheme_map /usr/local/lib/python3.8/dist-packages/glance_store/location.py:146}}
May 16 22:48:41 ubuntu devstack@g-api.service[137939]: DEBUG glance_store.location [None req-b4cd8c2e-41fa-4d6c-9e8b-0fed8ca4f515 admin admin] Registering scheme swift with {'store': <glance_store._drivers.swift.store.SingleTenantStore object at 0x7fc38e38d100>, 'location_class': <class 'glance_store._drivers.swift.store.StoreLocation'>, 'store_entry': 'swift'} {{(pid=137939) register_scheme_map /usr/local/lib/python3.8/dist-packages/glance_store/location.py:146}}
May 16 22:48:41 ubuntu devstack@g-api.service[137939]: DEBUG glance_store.location [None req-b4cd8c2e-41fa-4d6c-9e8b-0fed8ca4f515 admin admin] Registering scheme swift+http with {'store': <glance_store._drivers.swift.store.SingleTenantStore object at 0x7fc38e38d100>, 'location_class': <class 'glance_store._drivers.swift.store.StoreLocation'>, 'store_entry': 'swift'} {{(pid=137939) register_scheme_map /usr/local/lib/python3.8/dist-packages/glance_store/location.py:146}}
May 16 22:48:41 ubuntu devstack@g-api.service[137939]: DEBUG glance_store.location [None req-b4cd8c2e-41fa-4d6c-9e8b-0fed8ca4f515 admin admin] Registering scheme swift+https with {'store': <glance_store._drivers.swift.store.SingleTenantStore object at 0x7fc38e38d100>, 'location_class': <class 'glance_store._drivers.swift.store.StoreLocation'>, 'store_entry': 'swift'} {{(pid=137939) register_scheme_map /usr/local/lib/python3.8/dist-packages/glance_store/location.py:146}}
May 16 22:48:41 ubuntu devstack@g-api.service[137939]: DEBUG glance_store.location [None req-b4cd8c2e-41fa-4d6c-9e8b-0fed8ca4f515 admin admin] Registering scheme swift with {'store': <glance_store._drivers.swift.store.SingleTenantStore object at 0x7fc38e38d100>, 'location_class': <class 'glance_store._drivers.swift.store.StoreLocation'>, 'store_entry': 'swift'} {{(pid=137939) register_scheme_map /usr/local/lib/python3.8/dist-packages/glance_store/location.py:146}}
May 16 22:48:41 ubuntu devstack@g-api.service[137939]: DEBUG glance_store.location [None req-b4cd8c2e-41fa-4d6c-9e8b-0fed8ca4f515 admin admin] Registering scheme swift+http with {'store': <glance_store._drivers.swift.store.SingleTenantStore object at 0x7fc38e38d100>, 'location_class': <class 'glance_store._drivers.swift.store.StoreLocation'>, 'store_entry': 'swift'} {{(pid=137939) register_scheme_map /usr/local/lib/python3.8/dist-packages/glance_store/location.py:146}}
May 16 22:48:41 ubuntu devstack@g-api.service[137939]: DEBUG glance_store.location [None req-b4cd8c2e-41fa-4d6c-9e8b-0fed8ca4f515 admin admin] Registering scheme swift+config with {'store': <glance_store._drivers.swift.store.SingleTenantStore object at 0x7fc38e38d100>, 'location_class': <class 'glance_store._drivers.swift.store.StoreLocation'>, 'store_entry': 'swift'} {{(pid=137939) register_scheme_map /usr/local/lib/python3.8/dist-packages/glance_store/location.py:146}}
May 16 22:48:41 ubuntu devstack@g-api.service[137939]: DEBUG glance_store.backend [None req-b4cd8c2e-41fa-4d6c-9e8b-0fed8ca4f515 admin admin] Skipping store.set_acls... not implemented. {{(pid=137939) set_acls /usr/local/lib/python3.8/dist-packages/glance_store/backend.py:509}}
May 16 22:48:41 ubuntu devstack@g-api.service[137939]: [pid: 137939|app: 0|req: 3/4] 127.0.0.1 () {40 vars in 862 bytes} [Mon May 16 22:48:39 2022] PUT /v2/images/ad9f2594-69e7-4ed3-938a-1500b4237e12/file => generated 0 bytes in 2010 msecs (HTTP/1.1 204) 4 headers in 171 bytes (1 switches on core 0)
May 16 22:49:26 ubuntu devstack@g-api.service[137940]: DEBUG glance.api.middleware.version_negotiation [None req-cf898640-d4da-40ba-911e-69cbcbd386ca admin admin] Determining version of request: GET / Accept: application/json {{(pid=137940) process_request /opt/stack/glance/glance/api/middleware/version_negotiation.py:44}}
May 16 22:49:26 ubuntu devstack@g-api.service[137940]: DEBUG glance.api.middleware.version_negotiation [None req-cf898640-d4da-40ba-911e-69cbcbd386ca admin admin] Using url versioning {{(pid=137940) process_request /opt/stack/glance/glance/api/middleware/version_negotiation.py:57}}
May 16 22:49:26 ubuntu devstack@g-api.service[137940]: DEBUG glance.api.middleware.version_negotiation [None req-cf898640-d4da-40ba-911e-69cbcbd386ca admin admin] Unknown version. Returning version choices. {{(pid=137940) process_request /opt/stack/glance/glance/api/middleware/version_negotiation.py:64}}
May 16 22:49:26 ubuntu devstack@g-api.service[137940]: [pid: 137940|app: 0|req: 2/5] 127.0.0.1 () {34 vars in 506 bytes} [Mon May 16 22:49:26 2022] GET / => generated 1213 bytes in 6 msecs (HTTP/1.1 300) 3 headers in 106 bytes (1 switches on core 0)
May 16 22:49:26 ubuntu devstack@g-api.service[137939]: DEBUG glance.api.middleware.version_negotiation [None req-b4cd8c2e-41fa-4d6c-9e8b-0fed8ca4f515 admin admin] Determining version of request: GET /v2/images Accept: application/json {{(pid=137939) process_request /opt/stack/glance/glance/api/middleware/version_negotiation.py:44}}
May 16 22:49:26 ubuntu devstack@g-api.service[137939]: DEBUG glance.api.middleware.version_negotiation [None req-b4cd8c2e-41fa-4d6c-9e8b-0fed8ca4f515 admin admin] Using url versioning {{(pid=137939) process_request /opt/stack/glance/glance/api/middleware/version_negotiation.py:57}}
May 16 22:49:26 ubuntu devstack@g-api.service[137939]: DEBUG glance.api.middleware.version_negotiation [None req-b4cd8c2e-41fa-4d6c-9e8b-0fed8ca4f515 admin admin] Matched version: v2 {{(pid=137939) process_request /opt/stack/glance/glance/api/middleware/version_negotiation.py:69}}
May 16 22:49:26 ubuntu devstack@g-api.service[137939]: DEBUG glance.api.middleware.version_negotiation [None req-b4cd8c2e-41fa-4d6c-9e8b-0fed8ca4f515 admin admin] new path /v2/images {{(pid=137939) process_request /opt/stack/glance/glance/api/middleware/version_negotiation.py:70}}
May 16 22:49:26 ubuntu devstack@g-api.service[137939]: [pid: 137939|app: 0|req: 4/6] 127.0.0.1 () {36 vars in 728 bytes} [Mon May 16 22:49:26 2022] GET /v2/images => generated 1045 bytes in 109 msecs (HTTP/1.1 200) 4 headers in 158 bytes (1 switches on core 0)
May 16 22:49:32 ubuntu devstack@g-api.service[137940]: DEBUG glance.api.middleware.version_negotiation [None req-cf898640-d4da-40ba-911e-69cbcbd386ca admin admin] Determining version of request: GET / Accept: application/json {{(pid=137940) process_request /opt/stack/glance/glance/api/middleware/version_negotiation.py:44}}
May 16 22:49:32 ubuntu devstack@g-api.service[137940]: DEBUG glance.api.middleware.version_negotiation [None req-cf898640-d4da-40ba-911e-69cbcbd386ca admin admin] Using url versioning {{(pid=137940) process_request /opt/stack/glance/glance/api/middleware/version_negotiation.py:57}}
May 16 22:49:32 ubuntu devstack@g-api.service[137940]: DEBUG glance.api.middleware.version_negotiation [None req-cf898640-d4da-40ba-911e-69cbcbd386ca admin admin] Unknown version. Returning version choices. {{(pid=137940) process_request /opt/stack/glance/glance/api/middleware/version_negotiation.py:64}}
May 16 22:49:32 ubuntu devstack@g-api.service[137940]: [pid: 137940|app: 0|req: 3/7] 127.0.0.1 () {34 vars in 506 bytes} [Mon May 16 22:49:32 2022] GET / => generated 1213 bytes in 3 msecs (HTTP/1.1 300) 3 headers in 106 bytes (1 switches on core 0)
May 16 22:49:32 ubuntu devstack@g-api.service[137939]: DEBUG glance.api.middleware.version_negotiation [None req-8e2f9ebd-b56d-4b29-8b3b-5fd9ebcd7057 admin admin] Determining version of request: GET /v2/images/ad9f2594-69e7-4ed3-938a-1500b4237e12 Accept: */* {{(pid=137939) process_request /opt/stack/glance/glance/api/middleware/version_negotiation.py:44}}
May 16 22:49:32 ubuntu devstack@g-api.service[137939]: DEBUG glance.api.middleware.version_negotiation [None req-8e2f9ebd-b56d-4b29-8b3b-5fd9ebcd7057 admin admin] Using url versioning {{(pid=137939) process_request /opt/stack/glance/glance/api/middleware/version_negotiation.py:57}}
May 16 22:49:32 ubuntu devstack@g-api.service[137939]: DEBUG glance.api.middleware.version_negotiation [None req-8e2f9ebd-b56d-4b29-8b3b-5fd9ebcd7057 admin admin] Matched version: v2 {{(pid=137939) process_request /opt/stack/glance/glance/api/middleware/version_negotiation.py:69}}
May 16 22:49:32 ubuntu devstack@g-api.service[137939]: DEBUG glance.api.middleware.version_negotiation [None req-8e2f9ebd-b56d-4b29-8b3b-5fd9ebcd7057 admin admin] new path /v2/images/ad9f2594-69e7-4ed3-938a-1500b4237e12 {{(pid=137939) process_request /opt/stack/glance/glance/api/middleware/version_negotiation.py:70}}
May 16 22:49:32 ubuntu devstack@g-api.service[137939]: [pid: 137939|app: 0|req: 5/8] 127.0.0.1 () {36 vars in 789 bytes} [Mon May 16 22:49:32 2022] GET /v2/images/ad9f2594-69e7-4ed3-938a-1500b4237e12 => generated 976 bytes in 60 msecs (HTTP/1.1 200) 4 headers in 157 bytes (1 switches on core 0)
May 16 22:49:36 ubuntu devstack@g-api.service[137940]: DEBUG glance.api.middleware.version_negotiation [None req-cf898640-d4da-40ba-911e-69cbcbd386ca admin admin] Determining version of request: GET / Accept: application/json {{(pid=137940) process_request /opt/stack/glance/glance/api/middleware/version_negotiation.py:44}}
May 16 22:49:36 ubuntu devstack@g-api.service[137940]: DEBUG glance.api.middleware.version_negotiation [None req-cf898640-d4da-40ba-911e-69cbcbd386ca admin admin] Using url versioning {{(pid=137940) process_request /opt/stack/glance/glance/api/middleware/version_negotiation.py:57}}
May 16 22:49:36 ubuntu devstack@g-api.service[137940]: DEBUG glance.api.middleware.version_negotiation [None req-cf898640-d4da-40ba-911e-69cbcbd386ca admin admin] Unknown version. Returning version choices. {{(pid=137940) process_request /opt/stack/glance/glance/api/middleware/version_negotiation.py:64}}
May 16 22:49:36 ubuntu devstack@g-api.service[137940]: [pid: 137940|app: 0|req: 4/9] 127.0.0.1 () {34 vars in 506 bytes} [Mon May 16 22:49:36 2022] GET / => generated 1213 bytes in 4 msecs (HTTP/1.1 300) 3 headers in 106 bytes (1 switches on core 0)
May 16 22:49:36 ubuntu devstack@g-api.service[137939]: DEBUG glance.api.middleware.version_negotiation [None req-506d8260-640d-40e9-9320-de740794925b admin admin] Determining version of request: GET /v2/images/ad9f2594-69e7-4ed3-938a-1500b4237e12 Accept: */* {{(pid=137939) process_request /opt/stack/glance/glance/api/middleware/version_negotiation.py:44}}
May 16 22:49:36 ubuntu devstack@g-api.service[137939]: DEBUG glance.api.middleware.version_negotiation [None req-506d8260-640d-40e9-9320-de740794925b admin admin] Using url versioning {{(pid=137939) process_request /opt/stack/glance/glance/api/middleware/version_negotiation.py:57}}
May 16 22:49:36 ubuntu devstack@g-api.service[137939]: DEBUG glance.api.middleware.version_negotiation [None req-506d8260-640d-40e9-9320-de740794925b admin admin] Matched version: v2 {{(pid=137939) process_request /opt/stack/glance/glance/api/middleware/version_negotiation.py:69}}
May 16 22:49:36 ubuntu devstack@g-api.service[137939]: DEBUG glance.api.middleware.version_negotiation [None req-506d8260-640d-40e9-9320-de740794925b admin admin] new path /v2/images/ad9f2594-69e7-4ed3-938a-1500b4237e12 {{(pid=137939) process_request /opt/stack/glance/glance/api/middleware/version_negotiation.py:70}}
May 16 22:49:36 ubuntu devstack@g-api.service[137939]: [pid: 137939|app: 0|req: 6/10] 127.0.0.1 () {36 vars in 789 bytes} [Mon May 16 22:49:36 2022] GET /v2/images/ad9f2594-69e7-4ed3-938a-1500b4237e12 => generated 976 bytes in 59 msecs (HTTP/1.1 200) 4 headers in 157 bytes (1 switches on core 0)
May 16 22:51:11 ubuntu devstack@g-api.service[137940]: DEBUG glance.api.middleware.version_negotiation [None req-cf898640-d4da-40ba-911e-69cbcbd386ca admin admin] Determining version of request: GET /v1 Accept: application/json {{(pid=137940) process_request /opt/stack/glance/glance/api/middleware/version_negotiation.py:44}}
May 16 22:51:11 ubuntu devstack@g-api.service[137940]: DEBUG glance.api.middleware.version_negotiation [None req-cf898640-d4da-40ba-911e-69cbcbd386ca admin admin] Using url versioning {{(pid=137940) process_request /opt/stack/glance/glance/api/middleware/version_negotiation.py:57}}
May 16 22:51:11 ubuntu devstack@g-api.service[137940]: DEBUG glance.api.middleware.version_negotiation [None req-cf898640-d4da-40ba-911e-69cbcbd386ca admin admin] Unknown version. Returning version choices. {{(pid=137940) process_request /opt/stack/glance/glance/api/middleware/version_negotiation.py:64}}
May 16 22:51:11 ubuntu devstack@g-api.service[137940]: [pid: 137940|app: 0|req: 5/11] 127.0.0.1 () {38 vars in 685 bytes} [Mon May 16 22:51:11 2022] GET /v1 => generated 1213 bytes in 3 msecs (HTTP/1.1 300) 3 headers in 106 bytes (1 switches on core 0)
May 16 22:53:28 ubuntu devstack@g-api.service[137939]: DEBUG oslo_concurrency.lockutils [-] Acquired lock "glance-cache" {{(pid=137939) lock /usr/local/lib/python3.8/dist-packages/oslo_concurrency/lockutils.py:294}}
May 16 22:53:28 ubuntu devstack@g-api.service[137939]: DEBUG oslo_concurrency.lockutils [-] Acquired external semaphore "glance-cache" {{(pid=137939) lock /usr/local/lib/python3.8/dist-packages/oslo_concurrency/lockutils.py:302}}
May 16 22:53:28 ubuntu devstack@g-api.service[137939]: DEBUG glance.image_cache.prefetcher [-] Nothing to prefetch. {{(pid=137939) run /opt/stack/glance/glance/image_cache/prefetcher.py:79}}
May 16 22:53:28 ubuntu devstack@g-api.service[137939]: DEBUG oslo_concurrency.lockutils [-] Releasing lock "glance-cache" {{(pid=137939) lock /usr/local/lib/python3.8/dist-packages/oslo_concurrency/lockutils.py:312}}
May 16 22:53:28 ubuntu devstack@g-api.service[137940]: DEBUG oslo_concurrency.lockutils [-] Acquired lock "glance-cache" {{(pid=137940) lock /usr/local/lib/python3.8/dist-packages/oslo_concurrency/lockutils.py:294}}
May 16 22:53:28 ubuntu devstack@g-api.service[137940]: DEBUG oslo_concurrency.lockutils [-] Acquired external semaphore "glance-cache" {{(pid=137940) lock /usr/local/lib/python3.8/dist-packages/oslo_concurrency/lockutils.py:302}}
May 16 22:53:28 ubuntu devstack@g-api.service[137940]: DEBUG glance.image_cache.prefetcher [-] Nothing to prefetch. {{(pid=137940) run /opt/stack/glance/glance/image_cache/prefetcher.py:79}}
May 16 22:53:28 ubuntu devstack@g-api.service[137940]: DEBUG oslo_concurrency.lockutils [-] Releasing lock "glance-cache" {{(pid=137940) lock /usr/local/lib/python3.8/dist-packages/oslo_concurrency/lockutils.py:312}}
May 16 22:53:29 ubuntu devstack@g-api.service[137939]: DEBUG glance.api.middleware.version_negotiation [None req-06aaba76-bff1-4c6a-9aee-569c58f0cb5b admin admin] Determining version of request: GET /versions Accept: */* {{(pid=137939) process_request /opt/stack/glance/glance/api/middleware/version_negotiation.py:44}}
May 16 22:53:29 ubuntu devstack@g-api.service[137939]: [pid: 137939|app: 0|req: 7/12] 127.0.0.1 () {38 vars in 695 bytes} [Mon May 16 22:53:29 2022] GET /versions => generated 1213 bytes in 5 msecs (HTTP/1.1 200) 3 headers in 92 bytes (1 switches on core 0)
May 16 22:53:29 ubuntu devstack@g-api.service[137940]: DEBUG glance.api.middleware.version_negotiation [None req-cf898640-d4da-40ba-911e-69cbcbd386ca admin admin] Determining version of request: GET /v2/schemas/image Accept: */* {{(pid=137940) process_request /opt/stack/glance/glance/api/middleware/version_negotiation.py:44}}
May 16 22:53:29 ubuntu devstack@g-api.service[137940]: DEBUG glance.api.middleware.version_negotiation [None req-cf898640-d4da-40ba-911e-69cbcbd386ca admin admin] Using url versioning {{(pid=137940) process_request /opt/stack/glance/glance/api/middleware/version_negotiation.py:57}}
May 16 22:53:29 ubuntu devstack@g-api.service[137940]: DEBUG glance.api.middleware.version_negotiation [None req-cf898640-d4da-40ba-911e-69cbcbd386ca admin admin] Matched version: v2 {{(pid=137940) process_request /opt/stack/glance/glance/api/middleware/version_negotiation.py:69}}
May 16 22:53:29 ubuntu devstack@g-api.service[137940]: DEBUG glance.api.middleware.version_negotiation [None req-cf898640-d4da-40ba-911e-69cbcbd386ca admin admin] new path /v2/schemas/image {{(pid=137940) process_request /opt/stack/glance/glance/api/middleware/version_negotiation.py:70}}
May 16 22:53:29 ubuntu devstack@g-api.service[137940]: [pid: 137940|app: 0|req: 6/13] 127.0.0.1 () {38 vars in 711 bytes} [Mon May 16 22:53:29 2022] GET /v2/schemas/image => generated 6083 bytes in 108 msecs (HTTP/1.1 200) 4 headers in 158 bytes (1 switches on core 0)
May 16 22:53:29 ubuntu devstack@g-api.service[137939]: DEBUG glance.api.middleware.version_negotiation [None req-06aaba76-bff1-4c6a-9aee-569c58f0cb5b admin admin] Determining version of request: GET /v2/schemas/metadefs/namespace Accept: */* {{(pid=137939) process_request /opt/stack/glance/glance/api/middleware/version_negotiation.py:44}}
May 16 22:53:29 ubuntu devstack@g-api.service[137939]: DEBUG glance.api.middleware.version_negotiation [None req-06aaba76-bff1-4c6a-9aee-569c58f0cb5b admin admin] Using url versioning {{(pid=137939) process_request /opt/stack/glance/glance/api/middleware/version_negotiation.py:57}}
May 16 22:53:29 ubuntu devstack@g-api.service[137939]: DEBUG glance.api.middleware.version_negotiation [None req-06aaba76-bff1-4c6a-9aee-569c58f0cb5b admin admin] Matched version: v2 {{(pid=137939) process_request /opt/stack/glance/glance/api/middleware/version_negotiation.py:69}}
May 16 22:53:29 ubuntu devstack@g-api.service[137939]: DEBUG glance.api.middleware.version_negotiation [None req-06aaba76-bff1-4c6a-9aee-569c58f0cb5b admin admin] new path /v2/schemas/metadefs/namespace {{(pid=137939) process_request /opt/stack/glance/glance/api/middleware/version_negotiation.py:70}}
May 16 22:53:29 ubuntu devstack@g-api.service[137939]: [pid: 137939|app: 0|req: 8/14] 127.0.0.1 () {38 vars in 737 bytes} [Mon May 16 22:53:29 2022] GET /v2/schemas/metadefs/namespace => generated 3100 bytes in 9 msecs (HTTP/1.1 200) 4 headers in 158 bytes (1 switches on core 0)
May 16 22:53:29 ubuntu devstack@g-api.service[137940]: DEBUG glance.api.middleware.version_negotiation [None req-347ef2f8-619b-4c04-a447-b97fe5cc5517 admin admin] Determining version of request: GET /v2/schemas/metadefs/resource_type Accept: */* {{(pid=137940) process_request /opt/stack/glance/glance/api/middleware/version_negotiation.py:44}}
May 16 22:53:29 ubuntu devstack@g-api.service[137940]: DEBUG glance.api.middleware.version_negotiation [None req-347ef2f8-619b-4c04-a447-b97fe5cc5517 admin admin] Using url versioning {{(pid=137940) process_request /opt/stack/glance/glance/api/middleware/version_negotiation.py:57}}
May 16 22:53:29 ubuntu devstack@g-api.service[137940]: DEBUG glance.api.middleware.version_negotiation [None req-347ef2f8-619b-4c04-a447-b97fe5cc5517 admin admin] Matched version: v2 {{(pid=137940) process_request /opt/stack/glance/glance/api/middleware/version_negotiation.py:69}}
May 16 22:53:29 ubuntu devstack@g-api.service[137940]: DEBUG glance.api.middleware.version_negotiation [None req-347ef2f8-619b-4c04-a447-b97fe5cc5517 admin admin] new path /v2/schemas/metadefs/resource_type {{(pid=137940) process_request /opt/stack/glance/glance/api/middleware/version_negotiation.py:70}}
May 16 22:53:29 ubuntu devstack@g-api.service[137940]: [pid: 137940|app: 0|req: 7/15] 127.0.0.1 () {38 vars in 745 bytes} [Mon May 16 22:53:29 2022] GET /v2/schemas/metadefs/resource_type => generated 1262 bytes in 9 msecs (HTTP/1.1 200) 4 headers in 158 bytes (1 switches on core 0)
May 16 22:53:29 ubuntu devstack@g-api.service[137939]: DEBUG glance.api.middleware.version_negotiation [None req-0fa68f81-6d1c-442d-9448-4d899ee349dd admin admin] Determining version of request: GET /v2/images Accept: */* {{(pid=137939) process_request /opt/stack/glance/glance/api/middleware/version_negotiation.py:44}}
May 16 22:53:29 ubuntu devstack@g-api.service[137939]: DEBUG glance.api.middleware.version_negotiation [None req-0fa68f81-6d1c-442d-9448-4d899ee349dd admin admin] Using url versioning {{(pid=137939) process_request /opt/stack/glance/glance/api/middleware/version_negotiation.py:57}}
May 16 22:53:29 ubuntu devstack@g-api.service[137939]: DEBUG glance.api.middleware.version_negotiation [None req-0fa68f81-6d1c-442d-9448-4d899ee349dd admin admin] Matched version: v2 {{(pid=137939) process_request /opt/stack/glance/glance/api/middleware/version_negotiation.py:69}}
May 16 22:53:29 ubuntu devstack@g-api.service[137939]: DEBUG glance.api.middleware.version_negotiation [None req-0fa68f81-6d1c-442d-9448-4d899ee349dd admin admin] new path /v2/images {{(pid=137939) process_request /opt/stack/glance/glance/api/middleware/version_negotiation.py:70}}
May 16 22:53:29 ubuntu devstack@g-api.service[137939]: [pid: 137939|app: 0|req: 9/16] 127.0.0.1 () {38 vars in 768 bytes} [Mon May 16 22:53:29 2022] GET /v2/images?limit=20&sort_key=name&sort_dir=asc => generated 1081 bytes in 83 msecs (HTTP/1.1 200) 4 headers in 158 bytes (1 switches on core 0)
May 16 22:53:29 ubuntu devstack@g-api.service[137940]: DEBUG glance.api.middleware.version_negotiation [None req-6edf7d82-ebcb-4511-a1e6-776adcebad2c admin admin] Determining version of request: GET /v2/schemas/image Accept: */* {{(pid=137940) process_request /opt/stack/glance/glance/api/middleware/version_negotiation.py:44}}
May 16 22:53:29 ubuntu devstack@g-api.service[137940]: DEBUG glance.api.middleware.version_negotiation [None req-6edf7d82-ebcb-4511-a1e6-776adcebad2c admin admin] Using url versioning {{(pid=137940) process_request /opt/stack/glance/glance/api/middleware/version_negotiation.py:57}}
May 16 22:53:29 ubuntu devstack@g-api.service[137940]: DEBUG glance.api.middleware.version_negotiation [None req-6edf7d82-ebcb-4511-a1e6-776adcebad2c admin admin] Matched version: v2 {{(pid=137940) process_request /opt/stack/glance/glance/api/middleware/version_negotiation.py:69}}
May 16 22:53:29 ubuntu devstack@g-api.service[137940]: DEBUG glance.api.middleware.version_negotiation [None req-6edf7d82-ebcb-4511-a1e6-776adcebad2c admin admin] new path /v2/schemas/image {{(pid=137940) process_request /opt/stack/glance/glance/api/middleware/version_negotiation.py:70}}
May 16 22:53:29 ubuntu devstack@g-api.service[137940]: [pid: 137940|app: 0|req: 8/17] 127.0.0.1 () {38 vars in 711 bytes} [Mon May 16 22:53:29 2022] GET /v2/schemas/image => generated 6083 bytes in 8 msecs (HTTP/1.1 200) 4 headers in 158 bytes (1 switches on core 0)
May 16 22:53:38 ubuntu devstack@g-api.service[137939]: DEBUG glance.api.middleware.version_negotiation [None req-9710c325-a01f-4c97-836d-87f1bf081f51 admin admin] Determining version of request: GET / Accept: application/json {{(pid=137939) process_request /opt/stack/glance/glance/api/middleware/version_negotiation.py:44}}
May 16 22:53:38 ubuntu devstack@g-api.service[137939]: DEBUG glance.api.middleware.version_negotiation [None req-9710c325-a01f-4c97-836d-87f1bf081f51 admin admin] Using url versioning {{(pid=137939) process_request /opt/stack/glance/glance/api/middleware/version_negotiation.py:57}}
May 16 22:53:38 ubuntu devstack@g-api.service[137939]: DEBUG glance.api.middleware.version_negotiation [None req-9710c325-a01f-4c97-836d-87f1bf081f51 admin admin] Unknown version. Returning version choices. {{(pid=137939) process_request /opt/stack/glance/glance/api/middleware/version_negotiation.py:64}}
May 16 22:53:38 ubuntu devstack@g-api.service[137939]: [pid: 137939|app: 0|req: 10/18] 127.0.0.1 () {34 vars in 492 bytes} [Mon May 16 22:53:38 2022] GET / => generated 1213 bytes in 2 msecs (HTTP/1.1 300) 3 headers in 106 bytes (1 switches on core 0)
May 16 22:53:38 ubuntu devstack@g-api.service[137940]: DEBUG glance.api.middleware.version_negotiation [None req-09bdcedc-7401-4943-b8bc-4c3544b20329 admin admin] Determining version of request: GET /v2/images/ad9f2594-69e7-4ed3-938a-1500b4237e12 Accept: */* {{(pid=137940) process_request /opt/stack/glance/glance/api/middleware/version_negotiation.py:44}}
May 16 22:53:38 ubuntu devstack@g-api.service[137940]: DEBUG glance.api.middleware.version_negotiation [None req-09bdcedc-7401-4943-b8bc-4c3544b20329 admin admin] Using url versioning {{(pid=137940) process_request /opt/stack/glance/glance/api/middleware/version_negotiation.py:57}}
May 16 22:53:38 ubuntu devstack@g-api.service[137940]: DEBUG glance.api.middleware.version_negotiation [None req-09bdcedc-7401-4943-b8bc-4c3544b20329 admin admin] Matched version: v2 {{(pid=137940) process_request /opt/stack/glance/glance/api/middleware/version_negotiation.py:69}}
May 16 22:53:38 ubuntu devstack@g-api.service[137940]: DEBUG glance.api.middleware.version_negotiation [None req-09bdcedc-7401-4943-b8bc-4c3544b20329 admin admin] new path /v2/images/ad9f2594-69e7-4ed3-938a-1500b4237e12 {{(pid=137940) process_request /opt/stack/glance/glance/api/middleware/version_negotiation.py:70}}
May 16 22:53:38 ubuntu devstack@g-api.service[137940]: WARNING keystonemiddleware.auth_token [None req-09bdcedc-7401-4943-b8bc-4c3544b20329 admin admin] A valid token was submitted as a service token, but it was not a valid service token. This is incorrect but backwards compatible behaviour. This will be removed in future releases.
May 16 22:53:38 ubuntu devstack@g-api.service[137940]: [pid: 137940|app: 0|req: 9/19] 127.0.0.1 () {42 vars in 1049 bytes} [Mon May 16 22:53:38 2022] GET /v2/images/ad9f2594-69e7-4ed3-938a-1500b4237e12 => generated 976 bytes in 135 msecs (HTTP/1.1 200) 4 headers in 157 bytes (1 switches on core 0)
May 16 22:53:38 ubuntu devstack@g-api.service[137939]: DEBUG glance.api.middleware.version_negotiation [None req-9710c325-a01f-4c97-836d-87f1bf081f51 admin admin] Determining version of request: GET /v2/schemas/image Accept: */* {{(pid=137939) process_request /opt/stack/glance/glance/api/middleware/version_negotiation.py:44}}
May 16 22:53:38 ubuntu devstack@g-api.service[137939]: DEBUG glance.api.middleware.version_negotiation [None req-9710c325-a01f-4c97-836d-87f1bf081f51 admin admin] Using url versioning {{(pid=137939) process_request /opt/stack/glance/glance/api/middleware/version_negotiation.py:57}}
May 16 22:53:38 ubuntu devstack@g-api.service[137939]: DEBUG glance.api.middleware.version_negotiation [None req-9710c325-a01f-4c97-836d-87f1bf081f51 admin admin] Matched version: v2 {{(pid=137939) process_request /opt/stack/glance/glance/api/middleware/version_negotiation.py:69}}
May 16 22:53:38 ubuntu devstack@g-api.service[137939]: DEBUG glance.api.middleware.version_negotiation [None req-9710c325-a01f-4c97-836d-87f1bf081f51 admin admin] new path /v2/schemas/image {{(pid=137939) process_request /opt/stack/glance/glance/api/middleware/version_negotiation.py:70}}
May 16 22:53:38 ubuntu devstack@g-api.service[137939]: WARNING keystonemiddleware.auth_token [None req-9710c325-a01f-4c97-836d-87f1bf081f51 admin admin] A valid token was submitted as a service token, but it was not a valid service token. This is incorrect but backwards compatible behaviour. This will be removed in future releases.
May 16 22:53:38 ubuntu devstack@g-api.service[137939]: [pid: 137939|app: 0|req: 11/20] 127.0.0.1 () {42 vars in 989 bytes} [Mon May 16 22:53:38 2022] GET /v2/schemas/image => generated 6083 bytes in 9 msecs (HTTP/1.1 200) 4 headers in 158 bytes (1 switches on core 0)
May 16 22:53:40 ubuntu devstack@g-api.service[137940]: DEBUG glance.api.middleware.version_negotiation [None req-20786d38-6a29-4105-9cf5-d8a571ec7bd8 tempest-VolumesAdminNegativeTest-292693232 tempest-VolumesAdminNegativeTest-292693232-project] Determining version of request: GET /v2/images/ad9f2594-69e7-4ed3-938a-1500b4237e12 Accept: */* {{(pid=137940) process_request /opt/stack/glance/glance/api/middleware/version_negotiation.py:44}}
May 16 22:53:40 ubuntu devstack@g-api.service[137940]: DEBUG glance.api.middleware.version_negotiation [None req-20786d38-6a29-4105-9cf5-d8a571ec7bd8 tempest-VolumesAdminNegativeTest-292693232 tempest-VolumesAdminNegativeTest-292693232-project] Using url versioning {{(pid=137940) process_request /opt/stack/glance/glance/api/middleware/version_negotiation.py:57}}
May 16 22:53:40 ubuntu devstack@g-api.service[137940]: DEBUG glance.api.middleware.version_negotiation [None req-20786d38-6a29-4105-9cf5-d8a571ec7bd8 tempest-VolumesAdminNegativeTest-292693232 tempest-VolumesAdminNegativeTest-292693232-project] Matched version: v2 {{(pid=137940) process_request /opt/stack/glance/glance/api/middleware/version_negotiation.py:69}}
May 16 22:53:40 ubuntu devstack@g-api.service[137940]: DEBUG glance.api.middleware.version_negotiation [None req-20786d38-6a29-4105-9cf5-d8a571ec7bd8 tempest-VolumesAdminNegativeTest-292693232 tempest-VolumesAdminNegativeTest-292693232-project] new path /v2/images/ad9f2594-69e7-4ed3-938a-1500b4237e12 {{(pid=137940) process_request /opt/stack/glance/glance/api/middleware/version_negotiation.py:70}}
May 16 22:53:40 ubuntu devstack@g-api.service[137940]: [pid: 137940|app: 0|req: 10/21] 127.0.0.1 () {42 vars in 1049 bytes} [Mon May 16 22:53:40 2022] GET /v2/images/ad9f2594-69e7-4ed3-938a-1500b4237e12 => generated 976 bytes in 56 msecs (HTTP/1.1 200) 4 headers in 157 bytes (1 switches on core 0)
May 16 22:53:40 ubuntu devstack@g-api.service[137939]: DEBUG glance.api.middleware.version_negotiation [None req-20786d38-6a29-4105-9cf5-d8a571ec7bd8 tempest-VolumesAdminNegativeTest-292693232 tempest-VolumesAdminNegativeTest-292693232-project] Determining version of request: GET /v2/images/ad9f2594-69e7-4ed3-938a-1500b4237e12/file Accept: */* {{(pid=137939) process_request /opt/stack/glance/glance/api/middleware/version_negotiation.py:44}}
May 16 22:53:40 ubuntu devstack@g-api.service[137939]: DEBUG glance.api.middleware.version_negotiation [None req-20786d38-6a29-4105-9cf5-d8a571ec7bd8 tempest-VolumesAdminNegativeTest-292693232 tempest-VolumesAdminNegativeTest-292693232-project] Using url versioning {{(pid=137939) process_request /opt/stack/glance/glance/api/middleware/version_negotiation.py:57}}
May 16 22:53:40 ubuntu devstack@g-api.service[137939]: DEBUG glance.api.middleware.version_negotiation [None req-20786d38-6a29-4105-9cf5-d8a571ec7bd8 tempest-VolumesAdminNegativeTest-292693232 tempest-VolumesAdminNegativeTest-292693232-project] Matched version: v2 {{(pid=137939) process_request /opt/stack/glance/glance/api/middleware/version_negotiation.py:69}}
May 16 22:53:40 ubuntu devstack@g-api.service[137939]: DEBUG glance.api.middleware.version_negotiation [None req-20786d38-6a29-4105-9cf5-d8a571ec7bd8 tempest-VolumesAdminNegativeTest-292693232 tempest-VolumesAdminNegativeTest-292693232-project] new path /v2/images/ad9f2594-69e7-4ed3-938a-1500b4237e12/file {{(pid=137939) process_request /opt/stack/glance/glance/api/middleware/version_negotiation.py:70}}
May 16 22:53:40 ubuntu devstack@g-api.service[137939]: DEBUG glance_store.backend [None req-20786d38-6a29-4105-9cf5-d8a571ec7bd8 tempest-VolumesAdminNegativeTest-292693232 tempest-VolumesAdminNegativeTest-292693232-project] Attempting to import store swift {{(pid=137939) _load_store /usr/local/lib/python3.8/dist-packages/glance_store/backend.py:217}}
May 16 22:53:40 ubuntu devstack@g-api.service[137939]: DEBUG glance_store.capabilities [None req-20786d38-6a29-4105-9cf5-d8a571ec7bd8 tempest-VolumesAdminNegativeTest-292693232 tempest-VolumesAdminNegativeTest-292693232-project] Store glance_store._drivers.swift.store.SingleTenantStore doesn't support updating dynamic storage capabilities. Please overwrite 'update_capabilities' method of the store to implement updating logics if needed. {{(pid=137939) update_capabilities /usr/local/lib/python3.8/dist-packages/glance_store/capabilities.py:91}}
May 16 22:53:40 ubuntu devstack@g-api.service[137939]: DEBUG glance_store.driver [None req-20786d38-6a29-4105-9cf5-d8a571ec7bd8 tempest-VolumesAdminNegativeTest-292693232 tempest-VolumesAdminNegativeTest-292693232-project] Late loading location class glance_store._drivers.swift.store.StoreLocation {{(pid=137939) get_store_location_class /usr/local/lib/python3.8/dist-packages/glance_store/driver.py:117}}
May 16 22:53:40 ubuntu devstack@g-api.service[137939]: DEBUG glance_store.location [None req-20786d38-6a29-4105-9cf5-d8a571ec7bd8 tempest-VolumesAdminNegativeTest-292693232 tempest-VolumesAdminNegativeTest-292693232-project] Registering scheme swift+https with {'store': <glance_store._drivers.swift.store.SingleTenantStore object at 0x7fc38e45cd60>, 'location_class': <class 'glance_store._drivers.swift.store.StoreLocation'>, 'store_entry': 'swift'} {{(pid=137939) register_scheme_map /usr/local/lib/python3.8/dist-packages/glance_store/location.py:146}}
May 16 22:53:40 ubuntu devstack@g-api.service[137939]: DEBUG glance_store.location [None req-20786d38-6a29-4105-9cf5-d8a571ec7bd8 tempest-VolumesAdminNegativeTest-292693232 tempest-VolumesAdminNegativeTest-292693232-project] Registering scheme swift+https with {'store': <glance_store._drivers.swift.store.SingleTenantStore object at 0x7fc38e45cd60>, 'location_class': <class 'glance_store._drivers.swift.store.StoreLocation'>, 'store_entry': 'swift'} {{(pid=137939) register_scheme_map /usr/local/lib/python3.8/dist-packages/glance_store/location.py:146}}
May 16 22:53:40 ubuntu devstack@g-api.service[137939]: DEBUG glance_store.location [None req-20786d38-6a29-4105-9cf5-d8a571ec7bd8 tempest-VolumesAdminNegativeTest-292693232 tempest-VolumesAdminNegativeTest-292693232-project] Registering scheme swift with {'store': <glance_store._drivers.swift.store.SingleTenantStore object at 0x7fc38e45cd60>, 'location_class': <class 'glance_store._drivers.swift.store.StoreLocation'>, 'store_entry': 'swift'} {{(pid=137939) register_scheme_map /usr/local/lib/python3.8/dist-packages/glance_store/location.py:146}}
May 16 22:53:40 ubuntu devstack@g-api.service[137939]: DEBUG glance_store.location [None req-20786d38-6a29-4105-9cf5-d8a571ec7bd8 tempest-VolumesAdminNegativeTest-292693232 tempest-VolumesAdminNegativeTest-292693232-project] Registering scheme swift+https with {'store': <glance_store._drivers.swift.store.SingleTenantStore object at 0x7fc38e45cd60>, 'location_class': <class 'glance_store._drivers.swift.store.StoreLocation'>, 'store_entry': 'swift'} {{(pid=137939) register_scheme_map /usr/local/lib/python3.8/dist-packages/glance_store/location.py:146}}
May 16 22:53:40 ubuntu devstack@g-api.service[137939]: DEBUG glance_store.location [None req-20786d38-6a29-4105-9cf5-d8a571ec7bd8 tempest-VolumesAdminNegativeTest-292693232 tempest-VolumesAdminNegativeTest-292693232-project] Registering scheme swift with {'store': <glance_store._drivers.swift.store.SingleTenantStore object at 0x7fc38e45cd60>, 'location_class': <class 'glance_store._drivers.swift.store.StoreLocation'>, 'store_entry': 'swift'} {{(pid=137939) register_scheme_map /usr/local/lib/python3.8/dist-packages/glance_store/location.py:146}}
May 16 22:53:40 ubuntu devstack@g-api.service[137939]: DEBUG glance_store.location [None req-20786d38-6a29-4105-9cf5-d8a571ec7bd8 tempest-VolumesAdminNegativeTest-292693232 tempest-VolumesAdminNegativeTest-292693232-project] Registering scheme swift+http with {'store': <glance_store._drivers.swift.store.SingleTenantStore object at 0x7fc38e45cd60>, 'location_class': <class 'glance_store._drivers.swift.store.StoreLocation'>, 'store_entry': 'swift'} {{(pid=137939) register_scheme_map /usr/local/lib/python3.8/dist-packages/glance_store/location.py:146}}
May 16 22:53:40 ubuntu devstack@g-api.service[137939]: DEBUG glance_store.location [None req-20786d38-6a29-4105-9cf5-d8a571ec7bd8 tempest-VolumesAdminNegativeTest-292693232 tempest-VolumesAdminNegativeTest-292693232-project] Registering scheme swift+https with {'store': <glance_store._drivers.swift.store.SingleTenantStore object at 0x7fc38e45cd60>, 'location_class': <class 'glance_store._drivers.swift.store.StoreLocation'>, 'store_entry': 'swift'} {{(pid=137939) register_scheme_map /usr/local/lib/python3.8/dist-packages/glance_store/location.py:146}}
May 16 22:53:40 ubuntu devstack@g-api.service[137939]: DEBUG glance_store.location [None req-20786d38-6a29-4105-9cf5-d8a571ec7bd8 tempest-VolumesAdminNegativeTest-292693232 tempest-VolumesAdminNegativeTest-292693232-project] Registering scheme swift with {'store': <glance_store._drivers.swift.store.SingleTenantStore object at 0x7fc38e45cd60>, 'location_class': <class 'glance_store._drivers.swift.store.StoreLocation'>, 'store_entry': 'swift'} {{(pid=137939) register_scheme_map /usr/local/lib/python3.8/dist-packages/glance_store/location.py:146}}
May 16 22:53:40 ubuntu devstack@g-api.service[137939]: DEBUG glance_store.location [None req-20786d38-6a29-4105-9cf5-d8a571ec7bd8 tempest-VolumesAdminNegativeTest-292693232 tempest-VolumesAdminNegativeTest-292693232-project] Registering scheme swift+http with {'store': <glance_store._drivers.swift.store.SingleTenantStore object at 0x7fc38e45cd60>, 'location_class': <class 'glance_store._drivers.swift.store.StoreLocation'>, 'store_entry': 'swift'} {{(pid=137939) register_scheme_map /usr/local/lib/python3.8/dist-packages/glance_store/location.py:146}}
May 16 22:53:40 ubuntu devstack@g-api.service[137939]: DEBUG glance_store.location [None req-20786d38-6a29-4105-9cf5-d8a571ec7bd8 tempest-VolumesAdminNegativeTest-292693232 tempest-VolumesAdminNegativeTest-292693232-project] Registering scheme swift+config with {'store': <glance_store._drivers.swift.store.SingleTenantStore object at 0x7fc38e45cd60>, 'location_class': <class 'glance_store._drivers.swift.store.StoreLocation'>, 'store_entry': 'swift'} {{(pid=137939) register_scheme_map /usr/local/lib/python3.8/dist-packages/glance_store/location.py:146}}
May 16 22:53:41 ubuntu devstack@g-api.service[137939]: DEBUG swiftclient [None req-20786d38-6a29-4105-9cf5-d8a571ec7bd8 tempest-VolumesAdminNegativeTest-292693232 tempest-VolumesAdminNegativeTest-292693232-project] REQ: curl -i http://192.168.79.44:8080/v1/AUTH_0b76b184996047d09272131266b4d91d/glance/ad9f2594-69e7-4ed3-938a-1500b4237e12 -X GET -H "X-Auth-Token: gAAAAABigtX0z4UI..." {{(pid=137939) http_log /usr/local/lib/python3.8/dist-packages/swiftclient/client.py:187}}
May 16 22:53:41 ubuntu devstack@g-api.service[137939]: DEBUG swiftclient [None req-20786d38-6a29-4105-9cf5-d8a571ec7bd8 tempest-VolumesAdminNegativeTest-292693232 tempest-VolumesAdminNegativeTest-292693232-project] RESP STATUS: 200 OK {{(pid=137939) http_log /usr/local/lib/python3.8/dist-packages/swiftclient/client.py:188}}
May 16 22:53:41 ubuntu devstack@g-api.service[137939]: DEBUG swiftclient [None req-20786d38-6a29-4105-9cf5-d8a571ec7bd8 tempest-VolumesAdminNegativeTest-292693232 tempest-VolumesAdminNegativeTest-292693232-project] RESP HEADERS: {'Content-Type': 'application/octet-stream', 'Etag': '1d3062cd89af34e419f7100277f38b2b', 'Last-Modified': 'Mon, 16 May 2022 22:48:42 GMT', 'X-Timestamp': '1652741321.30390', 'Accept-Ranges': 'bytes', 'Content-Length': '16338944', 'X-Trans-Id': 'tx43431666804d4525a1c61-006282d5f4', 'X-Openstack-Request-Id': 'tx43431666804d4525a1c61-006282d5f4', 'Date': 'Mon, 16 May 2022 22:53:41 GMT'} {{(pid=137939) http_log /usr/local/lib/python3.8/dist-packages/swiftclient/client.py:189}}
May 16 22:53:41 ubuntu devstack@g-api.service[137939]: DEBUG glance.image_cache [None req-20786d38-6a29-4105-9cf5-d8a571ec7bd8 tempest-VolumesAdminNegativeTest-292693232 tempest-VolumesAdminNegativeTest-292693232-project] Tee'ing image 'ad9f2594-69e7-4ed3-938a-1500b4237e12' into cache {{(pid=137939) get_caching_iter /opt/stack/glance/glance/image_cache/__init__.py:343}}
May 16 22:53:41 ubuntu devstack@g-api.service[137939]: DEBUG glance.image_cache.drivers.sqlite [None req-20786d38-6a29-4105-9cf5-d8a571ec7bd8 tempest-VolumesAdminNegativeTest-292693232 tempest-VolumesAdminNegativeTest-292693232-project] Fetch finished, moving '/opt/stack/data/glance/cache/incomplete/ad9f2594-69e7-4ed3-938a-1500b4237e12' to '/opt/stack/data/glance/cache/ad9f2594-69e7-4ed3-938a-1500b4237e12' {{(pid=137939) commit /opt/stack/glance/glance/image_cache/drivers/sqlite.py:324}}
May 16 22:53:41 ubuntu devstack@g-api.service[137939]: [pid: 137939|app: 0|req: 12/22] 127.0.0.1 () {42 vars in 1059 bytes} [Mon May 16 22:53:40 2022] GET /v2/images/ad9f2594-69e7-4ed3-938a-1500b4237e12/file => generated 16338944 bytes in 436 msecs (HTTP/1.1 200) 4 headers in 191 bytes (250 switches on core 0)
May 16 22:54:16 ubuntu devstack@g-api.service[137940]: DEBUG glance.api.middleware.version_negotiation [None req-20786d38-6a29-4105-9cf5-d8a571ec7bd8 tempest-VolumesAdminNegativeTest-292693232 tempest-VolumesAdminNegativeTest-292693232-project] Determining version of request: GET / Accept: application/json {{(pid=137940) process_request /opt/stack/glance/glance/api/middleware/version_negotiation.py:44}}
May 16 22:54:16 ubuntu devstack@g-api.service[137940]: DEBUG glance.api.middleware.version_negotiation [None req-20786d38-6a29-4105-9cf5-d8a571ec7bd8 tempest-VolumesAdminNegativeTest-292693232 tempest-VolumesAdminNegativeTest-292693232-project] Using url versioning {{(pid=137940) process_request /opt/stack/glance/glance/api/middleware/version_negotiation.py:57}}
May 16 22:54:16 ubuntu devstack@g-api.service[137940]: DEBUG glance.api.middleware.version_negotiation [None req-20786d38-6a29-4105-9cf5-d8a571ec7bd8 tempest-VolumesAdminNegativeTest-292693232 tempest-VolumesAdminNegativeTest-292693232-project] Unknown version. Returning version choices. {{(pid=137940) process_request /opt/stack/glance/glance/api/middleware/version_negotiation.py:64}}
May 16 22:54:16 ubuntu devstack@g-api.service[137940]: [pid: 137940|app: 0|req: 11/23] 127.0.0.1 () {34 vars in 492 bytes} [Mon May 16 22:54:16 2022] GET / => generated 1213 bytes in 9 msecs (HTTP/1.1 300) 3 headers in 106 bytes (1 switches on core 0)
May 16 22:54:16 ubuntu devstack@g-api.service[137939]: DEBUG glance.api.middleware.version_negotiation [None req-20786d38-6a29-4105-9cf5-d8a571ec7bd8 tempest-VolumesAdminNegativeTest-292693232 tempest-VolumesAdminNegativeTest-292693232-project] Determining version of request: GET /v2/images/ad9f2594-69e7-4ed3-938a-1500b4237e12 Accept: */* {{(pid=137939) process_request /opt/stack/glance/glance/api/middleware/version_negotiation.py:44}}
May 16 22:54:16 ubuntu devstack@g-api.service[137939]: DEBUG glance.api.middleware.version_negotiation [None req-20786d38-6a29-4105-9cf5-d8a571ec7bd8 tempest-VolumesAdminNegativeTest-292693232 tempest-VolumesAdminNegativeTest-292693232-project] Using url versioning {{(pid=137939) process_request /opt/stack/glance/glance/api/middleware/version_negotiation.py:57}}
May 16 22:54:16 ubuntu devstack@g-api.service[137939]: DEBUG glance.api.middleware.version_negotiation [None req-20786d38-6a29-4105-9cf5-d8a571ec7bd8 tempest-VolumesAdminNegativeTest-292693232 tempest-VolumesAdminNegativeTest-292693232-project] Matched version: v2 {{(pid=137939) process_request /opt/stack/glance/glance/api/middleware/version_negotiation.py:69}}
May 16 22:54:16 ubuntu devstack@g-api.service[137939]: DEBUG glance.api.middleware.version_negotiation [None req-20786d38-6a29-4105-9cf5-d8a571ec7bd8 tempest-VolumesAdminNegativeTest-292693232 tempest-VolumesAdminNegativeTest-292693232-project] new path /v2/images/ad9f2594-69e7-4ed3-938a-1500b4237e12 {{(pid=137939) process_request /opt/stack/glance/glance/api/middleware/version_negotiation.py:70}}
May 16 22:54:16 ubuntu devstack@g-api.service[137939]: [pid: 137939|app: 0|req: 13/24] 127.0.0.1 () {42 vars in 1049 bytes} [Mon May 16 22:54:16 2022] GET /v2/images/ad9f2594-69e7-4ed3-938a-1500b4237e12 => generated 976 bytes in 30 msecs (HTTP/1.1 200) 4 headers in 157 bytes (1 switches on core 0)
May 16 22:54:16 ubuntu devstack@g-api.service[137940]: DEBUG glance.api.middleware.version_negotiation [None req-20786d38-6a29-4105-9cf5-d8a571ec7bd8 tempest-VolumesAdminNegativeTest-292693232 tempest-VolumesAdminNegativeTest-292693232-project] Determining version of request: GET /v2/schemas/image Accept: */* {{(pid=137940) process_request /opt/stack/glance/glance/api/middleware/version_negotiation.py:44}}
May 16 22:54:16 ubuntu devstack@g-api.service[137940]: DEBUG glance.api.middleware.version_negotiation [None req-20786d38-6a29-4105-9cf5-d8a571ec7bd8 tempest-VolumesAdminNegativeTest-292693232 tempest-VolumesAdminNegativeTest-292693232-project] Using url versioning {{(pid=137940) process_request /opt/stack/glance/glance/api/middleware/version_negotiation.py:57}}
May 16 22:54:16 ubuntu devstack@g-api.service[137940]: DEBUG glance.api.middleware.version_negotiation [None req-20786d38-6a29-4105-9cf5-d8a571ec7bd8 tempest-VolumesAdminNegativeTest-292693232 tempest-VolumesAdminNegativeTest-292693232-project] Matched version: v2 {{(pid=137940) process_request /opt/stack/glance/glance/api/middleware/version_negotiation.py:69}}
May 16 22:54:16 ubuntu devstack@g-api.service[137940]: DEBUG glance.api.middleware.version_negotiation [None req-20786d38-6a29-4105-9cf5-d8a571ec7bd8 tempest-VolumesAdminNegativeTest-292693232 tempest-VolumesAdminNegativeTest-292693232-project] new path /v2/schemas/image {{(pid=137940) process_request /opt/stack/glance/glance/api/middleware/version_negotiation.py:70}}
May 16 22:54:16 ubuntu devstack@g-api.service[137940]: [pid: 137940|app: 0|req: 12/25] 127.0.0.1 () {42 vars in 989 bytes} [Mon May 16 22:54:16 2022] GET /v2/schemas/image => generated 6083 bytes in 11 msecs (HTTP/1.1 200) 4 headers in 158 bytes (1 switches on core 0)
May 16 22:54:40 ubuntu devstack@g-api.service[137939]: DEBUG glance.api.middleware.version_negotiation [None req-64bbd25f-7bba-4529-9f79-36196f952eec tempest-DeleteServersTestJSON-57151632 tempest-DeleteServersTestJSON-57151632-project] Determining version of request: GET /v2/images/ad9f2594-69e7-4ed3-938a-1500b4237e12 Accept: */* {{(pid=137939) process_request /opt/stack/glance/glance/api/middleware/version_negotiation.py:44}}
May 16 22:54:40 ubuntu devstack@g-api.service[137939]: DEBUG glance.api.middleware.version_negotiation [None req-64bbd25f-7bba-4529-9f79-36196f952eec tempest-DeleteServersTestJSON-57151632 tempest-DeleteServersTestJSON-57151632-project] Using url versioning {{(pid=137939) process_request /opt/stack/glance/glance/api/middleware/version_negotiation.py:57}}
May 16 22:54:40 ubuntu devstack@g-api.service[137939]: DEBUG glance.api.middleware.version_negotiation [None req-64bbd25f-7bba-4529-9f79-36196f952eec tempest-DeleteServersTestJSON-57151632 tempest-DeleteServersTestJSON-57151632-project] Matched version: v2 {{(pid=137939) process_request /opt/stack/glance/glance/api/middleware/version_negotiation.py:69}}
May 16 22:54:40 ubuntu devstack@g-api.service[137939]: DEBUG glance.api.middleware.version_negotiation [None req-64bbd25f-7bba-4529-9f79-36196f952eec tempest-DeleteServersTestJSON-57151632 tempest-DeleteServersTestJSON-57151632-project] new path /v2/images/ad9f2594-69e7-4ed3-938a-1500b4237e12 {{(pid=137939) process_request /opt/stack/glance/glance/api/middleware/version_negotiation.py:70}}
May 16 22:54:40 ubuntu devstack@g-api.service[137939]: [pid: 137939|app: 0|req: 14/26] 127.0.0.1 () {42 vars in 1049 bytes} [Mon May 16 22:54:40 2022] GET /v2/images/ad9f2594-69e7-4ed3-938a-1500b4237e12 => generated 976 bytes in 17 msecs (HTTP/1.1 200) 4 headers in 157 bytes (1 switches on core 0)
May 16 22:54:40 ubuntu devstack@g-api.service[137940]: DEBUG glance.api.middleware.version_negotiation [None req-64bbd25f-7bba-4529-9f79-36196f952eec tempest-DeleteServersTestJSON-57151632 tempest-DeleteServersTestJSON-57151632-project] Determining version of request: GET /v2/schemas/image Accept: */* {{(pid=137940) process_request /opt/stack/glance/glance/api/middleware/version_negotiation.py:44}}
May 16 22:54:40 ubuntu devstack@g-api.service[137940]: DEBUG glance.api.middleware.version_negotiation [None req-64bbd25f-7bba-4529-9f79-36196f952eec tempest-DeleteServersTestJSON-57151632 tempest-DeleteServersTestJSON-57151632-project] Using url versioning {{(pid=137940) process_request /opt/stack/glance/glance/api/middleware/version_negotiation.py:57}}
