Sep 29 13:18:32 ubuntu neutron-server[114157]: DEBUG neutron.api.extensions [None req-709cc04f-143d-4ee8-b652-4cc2fc4b81ac None None] Loading extension file: tagging.py {{(pid=114157) _load_all_extensions_from_path /opt/stack/neutron/neutron/api/extensions.py:450}}
Sep 29 13:18:32 ubuntu neutron-server[114157]: DEBUG neutron.api.extensions [None req-709cc04f-143d-4ee8-b652-4cc2fc4b81ac None None] Ext name="Tag support for resources with standard attribute: port, subnet, subnetpool, network, security_group, router, floatingip, policy, trunk, network_segment_range" alias="standard-attr-tag" description="Enables to set tag on resources with standard attribute." updated="2017-01-01T00:00:00-00:00" {{(pid=114157) _check_extension /opt/stack/neutron/neutron/api/extensions.py:416}}
Sep 29 13:18:32 ubuntu neutron-server[114157]: INFO neutron.api.extensions [None req-709cc04f-143d-4ee8-b652-4cc2fc4b81ac None None] Loaded extension: standard-attr-tag
Sep 29 13:18:32 ubuntu neutron-server[114157]: DEBUG neutron.api.extensions [None req-709cc04f-143d-4ee8-b652-4cc2fc4b81ac None None] Loading extension file: timestamp.py {{(pid=114157) _load_all_extensions_from_path /opt/stack/neutron/neutron/api/extensions.py:450}}
Sep 29 13:18:32 ubuntu neutron-server[114157]: DEBUG neutron.api.extensions [None req-709cc04f-143d-4ee8-b652-4cc2fc4b81ac None None] Ext name="Resource timestamps" alias="standard-attr-timestamp" description="Adds created_at and updated_at fields to all Neutron resources that have Neutron standard attributes." updated="2016-09-12T10:00:00-00:00" {{(pid=114157) _check_extension /opt/stack/neutron/neutron/api/extensions.py:416}}
Sep 29 13:18:32 ubuntu neutron-server[114157]: INFO neutron.api.extensions [None req-709cc04f-143d-4ee8-b652-4cc2fc4b81ac None None] Loaded extension: standard-attr-timestamp
Sep 29 13:18:32 ubuntu neutron-server[114157]: DEBUG neutron.api.extensions [None req-709cc04f-143d-4ee8-b652-4cc2fc4b81ac None None] Loading extension file: trunk.py {{(pid=114157) _load_all_extensions_from_path /opt/stack/neutron/neutron/api/extensions.py:450}}
Sep 29 13:18:32 ubuntu neutron-server[114157]: DEBUG neutron.api.extensions [None req-709cc04f-143d-4ee8-b652-4cc2fc4b81ac None None] Ext name="Trunk Extension" alias="trunk" description="Provides support for trunk ports" updated="2016-01-01T10:00:00-00:00" {{(pid=114157) _check_extension /opt/stack/neutron/neutron/api/extensions.py:416}}
Sep 29 13:18:32 ubuntu neutron-server[114157]: INFO neutron.api.extensions [None req-709cc04f-143d-4ee8-b652-4cc2fc4b81ac None None] Extension trunk not supported by any of loaded plugins
Sep 29 13:18:32 ubuntu neutron-server[114157]: DEBUG neutron.api.extensions [None req-709cc04f-143d-4ee8-b652-4cc2fc4b81ac None None] Loading extension file: trunk_details.py {{(pid=114157) _load_all_extensions_from_path /opt/stack/neutron/neutron/api/extensions.py:450}}
Sep 29 13:18:32 ubuntu neutron-server[114157]: DEBUG neutron.api.extensions [None req-709cc04f-143d-4ee8-b652-4cc2fc4b81ac None None] Ext name="Trunk port details" alias="trunk-details" description="Expose trunk port details" updated="2016-01-01T10:00:00-00:00" {{(pid=114157) _check_extension /opt/stack/neutron/neutron/api/extensions.py:416}}
Sep 29 13:18:32 ubuntu neutron-server[114157]: INFO neutron.api.extensions [None req-709cc04f-143d-4ee8-b652-4cc2fc4b81ac None None] Extension trunk-details not supported by any of loaded plugins
Sep 29 13:18:32 ubuntu neutron-server[114157]: DEBUG neutron.api.extensions [None req-709cc04f-143d-4ee8-b652-4cc2fc4b81ac None None] Loading extension file: uplink_status_propagation.py {{(pid=114157) _load_all_extensions_from_path /opt/stack/neutron/neutron/api/extensions.py:450}}
Sep 29 13:18:32 ubuntu neutron-server[114157]: DEBUG neutron.api.extensions [None req-709cc04f-143d-4ee8-b652-4cc2fc4b81ac None None] Ext name="Uplink status propagation extension" alias="uplink-status-propagation" description="Provides ability to propagate port uplink status." updated="2018-05-31T18:00:00-00:00" {{(pid=114157) _check_extension /opt/stack/neutron/neutron/api/extensions.py:416}}
Sep 29 13:18:32 ubuntu neutron-server[114157]: INFO neutron.api.extensions [None req-709cc04f-143d-4ee8-b652-4cc2fc4b81ac None None] Extension uplink-status-propagation not supported by any of loaded plugins
Sep 29 13:18:32 ubuntu neutron-server[114157]: DEBUG neutron.api.extensions [None req-709cc04f-143d-4ee8-b652-4cc2fc4b81ac None None] Loading extension file: vlantransparent.py {{(pid=114157) _load_all_extensions_from_path /opt/stack/neutron/neutron/api/extensions.py:450}}
Sep 29 13:18:32 ubuntu neutron-server[114157]: DEBUG neutron.api.extensions [None req-709cc04f-143d-4ee8-b652-4cc2fc4b81ac None None] Ext name="Vlantransparent" alias="vlan-transparent" description="Provides Vlan Transparent Networks" updated="2015-03-23T09:00:00-00:00" {{(pid=114157) _check_extension /opt/stack/neutron/neutron/api/extensions.py:416}}
Sep 29 13:18:32 ubuntu neutron-server[114157]: INFO neutron.api.extensions [None req-709cc04f-143d-4ee8-b652-4cc2fc4b81ac None None] Extension vlan-transparent not supported by any of loaded plugins
Sep 29 13:18:32 ubuntu neutron-server[114157]: INFO neutron.quota.resource_registry [None req-709cc04f-143d-4ee8-b652-4cc2fc4b81ac None None] Creating instance of TrackedResource for resource:network
Sep 29 13:18:32 ubuntu neutron-server[114157]: INFO neutron.quota.resource_registry [None req-709cc04f-143d-4ee8-b652-4cc2fc4b81ac None None] Creating instance of TrackedResource for resource:subnet
Sep 29 13:18:32 ubuntu neutron-server[114157]: INFO neutron.quota.resource_registry [None req-709cc04f-143d-4ee8-b652-4cc2fc4b81ac None None] Creating instance of TrackedResource for resource:subnetpool
Sep 29 13:18:32 ubuntu neutron-server[114157]: INFO neutron.quota.resource_registry [None req-709cc04f-143d-4ee8-b652-4cc2fc4b81ac None None] Creating instance of TrackedResource for resource:port
Sep 29 13:18:32 ubuntu neutron-server[114157]: DEBUG neutron.api.v2.resource_helper [None req-709cc04f-143d-4ee8-b652-4cc2fc4b81ac None None] Service FLAVORS assigned prefix:  {{(pid=114157) build_resource_info /opt/stack/neutron/neutron/api/v2/resource_helper.py:77}}
Sep 29 13:18:32 ubuntu neutron-server[114157]: DEBUG neutron.api.v2.resource_helper [None req-709cc04f-143d-4ee8-b652-4cc2fc4b81ac None None] Service L3_ROUTER_NAT assigned prefix:  {{(pid=114157) build_resource_info /opt/stack/neutron/neutron/api/v2/resource_helper.py:77}}
Sep 29 13:18:32 ubuntu neutron-server[114157]: DEBUG neutron.api.v2.resource_helper [None req-709cc04f-143d-4ee8-b652-4cc2fc4b81ac None None] Service L3_ROUTER_NAT assigned prefix:  {{(pid=114157) build_resource_info /opt/stack/neutron/neutron/api/v2/resource_helper.py:77}}
Sep 29 13:18:32 ubuntu neutron-server[114157]: INFO neutron.quota.resource_registry [None req-709cc04f-143d-4ee8-b652-4cc2fc4b81ac None None] Creating instance of TrackedResource for resource:router
Sep 29 13:18:32 ubuntu neutron-server[114157]: INFO neutron.quota.resource_registry [None req-709cc04f-143d-4ee8-b652-4cc2fc4b81ac None None] Creating instance of TrackedResource for resource:floatingip
Sep 29 13:18:32 ubuntu neutron-server[114157]: DEBUG neutron_lib.callbacks.manager [None req-709cc04f-143d-4ee8-b652-4cc2fc4b81ac None None] Subscribe: <bound method NeutronDbPluginV2.validate_network_rbac_policy_change of <neutron.services.network_ip_availability.plugin.NetworkIPAvailabilityPlugin object at 0x7fe044140100>> rbac-policy before_create 55550000 {{(pid=114157) subscribe /usr/local/lib/python3.8/dist-packages/neutron_lib/callbacks/manager.py:45}}
Sep 29 13:18:32 ubuntu neutron-server[114157]: DEBUG neutron_lib.callbacks.manager [None req-709cc04f-143d-4ee8-b652-4cc2fc4b81ac None None] Subscribe: <bound method NeutronDbPluginV2.validate_network_rbac_policy_change of <neutron.services.network_ip_availability.plugin.NetworkIPAvailabilityPlugin object at 0x7fe044140100>> rbac-policy before_update 55550000 {{(pid=114157) subscribe /usr/local/lib/python3.8/dist-packages/neutron_lib/callbacks/manager.py:45}}
Sep 29 13:18:32 ubuntu neutron-server[114157]: DEBUG neutron_lib.callbacks.manager [None req-709cc04f-143d-4ee8-b652-4cc2fc4b81ac None None] Subscribe: <bound method NeutronDbPluginV2.validate_network_rbac_policy_change of <neutron.services.network_ip_availability.plugin.NetworkIPAvailabilityPlugin object at 0x7fe044140100>> rbac-policy before_delete 55550000 {{(pid=114157) subscribe /usr/local/lib/python3.8/dist-packages/neutron_lib/callbacks/manager.py:45}}
Sep 29 13:18:32 ubuntu neutron-server[114157]: INFO neutron.quota.resource_registry [None req-709cc04f-143d-4ee8-b652-4cc2fc4b81ac None None] Creating instance of CountableResource for resource:rbac_policy
Sep 29 13:18:32 ubuntu neutron-server[114157]: INFO neutron.quota.resource_registry [None req-709cc04f-143d-4ee8-b652-4cc2fc4b81ac None None] Creating instance of TrackedResource for resource:security_group
Sep 29 13:18:32 ubuntu neutron-server[114157]: INFO neutron.quota.resource_registry [None req-709cc04f-143d-4ee8-b652-4cc2fc4b81ac None None] Creating instance of TrackedResource for resource:security_group_rule
Sep 29 13:18:32 ubuntu neutron-server[114157]: DEBUG neutron.api.v2.resource_helper [None req-709cc04f-143d-4ee8-b652-4cc2fc4b81ac None None] Service FLAVORS assigned prefix:  {{(pid=114157) build_resource_info /opt/stack/neutron/neutron/api/v2/resource_helper.py:77}}
Sep 29 13:18:32 ubuntu neutron-server[114157]: DEBUG neutron.api.v2.resource_helper [None req-709cc04f-143d-4ee8-b652-4cc2fc4b81ac None None] Service L3_ROUTER_NAT assigned prefix:  {{(pid=114157) build_resource_info /opt/stack/neutron/neutron/api/v2/resource_helper.py:77}}
Sep 29 13:18:32 ubuntu neutron-server[114157]: DEBUG neutron.api.v2.resource_helper [None req-709cc04f-143d-4ee8-b652-4cc2fc4b81ac None None] Service L3_ROUTER_NAT assigned prefix:  {{(pid=114157) build_resource_info /opt/stack/neutron/neutron/api/v2/resource_helper.py:77}}
Sep 29 13:18:32 ubuntu neutron-server[114157]: INFO neutron.quota.resource_registry [None req-709cc04f-143d-4ee8-b652-4cc2fc4b81ac None None] Creating instance of TrackedResource for resource:router
Sep 29 13:18:32 ubuntu neutron-server[114157]: WARNING neutron.quota.resource_registry [None req-709cc04f-143d-4ee8-b652-4cc2fc4b81ac None None] router is already registered
Sep 29 13:18:32 ubuntu neutron-server[114157]: INFO neutron.quota.resource_registry [None req-709cc04f-143d-4ee8-b652-4cc2fc4b81ac None None] Creating instance of TrackedResource for resource:floatingip
Sep 29 13:18:32 ubuntu neutron-server[114157]: WARNING neutron.quota.resource_registry [None req-709cc04f-143d-4ee8-b652-4cc2fc4b81ac None None] floatingip is already registered
Sep 29 13:18:32 ubuntu neutron-server[114157]: INFO neutron.quota.resource_registry [None req-709cc04f-143d-4ee8-b652-4cc2fc4b81ac None None] Creating instance of CountableResource for resource:rbac_policy
Sep 29 13:18:32 ubuntu neutron-server[114157]: WARNING neutron.quota.resource_registry [None req-709cc04f-143d-4ee8-b652-4cc2fc4b81ac None None] rbac_policy is already registered
Sep 29 13:18:32 ubuntu neutron-server[114157]: INFO neutron.quota.resource_registry [None req-709cc04f-143d-4ee8-b652-4cc2fc4b81ac None None] Creating instance of TrackedResource for resource:security_group
Sep 29 13:18:32 ubuntu neutron-server[114157]: WARNING neutron.quota.resource_registry [None req-709cc04f-143d-4ee8-b652-4cc2fc4b81ac None None] security_group is already registered
Sep 29 13:18:32 ubuntu neutron-server[114157]: INFO neutron.quota.resource_registry [None req-709cc04f-143d-4ee8-b652-4cc2fc4b81ac None None] Creating instance of TrackedResource for resource:security_group_rule
Sep 29 13:18:32 ubuntu neutron-server[114157]: WARNING neutron.quota.resource_registry [None req-709cc04f-143d-4ee8-b652-4cc2fc4b81ac None None] security_group_rule is already registered
Sep 29 13:18:32 ubuntu neutron-server[114157]: DEBUG neutron.api.extensions [None req-709cc04f-143d-4ee8-b652-4cc2fc4b81ac None None] Extended resource: extensions {{(pid=114157) __init__ /opt/stack/neutron/neutron/api/extensions.py:157}}
Sep 29 13:18:32 ubuntu neutron-server[114157]: DEBUG neutron.api.extensions [None req-709cc04f-143d-4ee8-b652-4cc2fc4b81ac None None] Extended resource: address-groups {{(pid=114157) __init__ /opt/stack/neutron/neutron/api/extensions.py:157}}
Sep 29 13:18:32 ubuntu neutron-server[114157]: DEBUG neutron.api.extensions [None req-709cc04f-143d-4ee8-b652-4cc2fc4b81ac None None] Extended resource: address-scopes {{(pid=114157) __init__ /opt/stack/neutron/neutron/api/extensions.py:157}}
Sep 29 13:18:32 ubuntu neutron-server[114157]: DEBUG neutron.api.extensions [None req-709cc04f-143d-4ee8-b652-4cc2fc4b81ac None None] Extended resource: agents {{(pid=114157) __init__ /opt/stack/neutron/neutron/api/extensions.py:157}}
Sep 29 13:18:32 ubuntu neutron-server[114157]: DEBUG neutron.api.extensions [None req-709cc04f-143d-4ee8-b652-4cc2fc4b81ac None None] Extended resource: auto-allocated-topology {{(pid=114157) __init__ /opt/stack/neutron/neutron/api/extensions.py:157}}
Sep 29 13:18:32 ubuntu neutron-server[114157]: DEBUG neutron.api.extensions [None req-709cc04f-143d-4ee8-b652-4cc2fc4b81ac None None] Extended resource: availability_zones {{(pid=114157) __init__ /opt/stack/neutron/neutron/api/extensions.py:157}}
Sep 29 13:18:32 ubuntu neutron-server[114157]: DEBUG neutron.api.extensions [None req-709cc04f-143d-4ee8-b652-4cc2fc4b81ac None None] Extended resource: flavors {{(pid=114157) __init__ /opt/stack/neutron/neutron/api/extensions.py:157}}
Sep 29 13:18:32 ubuntu neutron-server[114157]: DEBUG neutron.api.extensions [None req-709cc04f-143d-4ee8-b652-4cc2fc4b81ac None None] Extended resource: service_profiles {{(pid=114157) __init__ /opt/stack/neutron/neutron/api/extensions.py:157}}
Sep 29 13:18:32 ubuntu neutron-server[114157]: DEBUG neutron.api.extensions [None req-709cc04f-143d-4ee8-b652-4cc2fc4b81ac None None] Extended resource: next_providers {{(pid=114157) __init__ /opt/stack/neutron/neutron/api/extensions.py:157}}
Sep 29 13:18:32 ubuntu neutron-server[114157]: DEBUG neutron.api.extensions [None req-709cc04f-143d-4ee8-b652-4cc2fc4b81ac None None] Extended resource: service_profiles {{(pid=114157) __init__ /opt/stack/neutron/neutron/api/extensions.py:157}}
Sep 29 13:18:32 ubuntu neutron-server[114157]: DEBUG neutron.api.extensions [None req-709cc04f-143d-4ee8-b652-4cc2fc4b81ac None None] Extended resource: floatingip-pools {{(pid=114157) __init__ /opt/stack/neutron/neutron/api/extensions.py:157}}
Sep 29 13:18:32 ubuntu neutron-server[114157]: DEBUG neutron.api.extensions [None req-709cc04f-143d-4ee8-b652-4cc2fc4b81ac None None] Extended resource: routers {{(pid=114157) __init__ /opt/stack/neutron/neutron/api/extensions.py:157}}
Sep 29 13:18:32 ubuntu neutron-server[114157]: DEBUG neutron.api.extensions [None req-709cc04f-143d-4ee8-b652-4cc2fc4b81ac None None] Extended resource: floatingips {{(pid=114157) __init__ /opt/stack/neutron/neutron/api/extensions.py:157}}
Sep 29 13:18:32 ubuntu neutron-server[114157]: DEBUG neutron.api.extensions [None req-709cc04f-143d-4ee8-b652-4cc2fc4b81ac None None] Extended resource: network-ip-availabilities {{(pid=114157) __init__ /opt/stack/neutron/neutron/api/extensions.py:157}}
Sep 29 13:18:32 ubuntu neutron-server[114157]: DEBUG neutron.api.extensions [None req-709cc04f-143d-4ee8-b652-4cc2fc4b81ac None None] Extended resource: bindings {{(pid=114157) __init__ /opt/stack/neutron/neutron/api/extensions.py:157}}
Sep 29 13:18:32 ubuntu neutron-server[114157]: DEBUG neutron.api.extensions [None req-709cc04f-143d-4ee8-b652-4cc2fc4b81ac None None] Extended resource: quotas {{(pid=114157) __init__ /opt/stack/neutron/neutron/api/extensions.py:157}}
Sep 29 13:18:32 ubuntu neutron-server[114157]: DEBUG neutron.api.extensions [None req-709cc04f-143d-4ee8-b652-4cc2fc4b81ac None None] Extended resource: quotas {{(pid=114157) __init__ /opt/stack/neutron/neutron/api/extensions.py:157}}
Sep 29 13:18:32 ubuntu neutron-server[114157]: DEBUG neutron.api.extensions [None req-709cc04f-143d-4ee8-b652-4cc2fc4b81ac None None] Extended resource: rbac-policies {{(pid=114157) __init__ /opt/stack/neutron/neutron/api/extensions.py:157}}
Sep 29 13:18:32 ubuntu neutron-server[114157]: DEBUG neutron.api.extensions [None req-709cc04f-143d-4ee8-b652-4cc2fc4b81ac None None] Extended resource: security-groups {{(pid=114157) __init__ /opt/stack/neutron/neutron/api/extensions.py:157}}
Sep 29 13:18:32 ubuntu neutron-server[114157]: DEBUG neutron.api.extensions [None req-709cc04f-143d-4ee8-b652-4cc2fc4b81ac None None] Extended resource: security-group-rules {{(pid=114157) __init__ /opt/stack/neutron/neutron/api/extensions.py:157}}
Sep 29 13:18:32 ubuntu neutron-server[114157]: DEBUG neutron.api.extensions [None req-709cc04f-143d-4ee8-b652-4cc2fc4b81ac None None] Extended resource: service-providers {{(pid=114157) __init__ /opt/stack/neutron/neutron/api/extensions.py:157}}
Sep 29 13:18:32 ubuntu neutron-server[114157]: DEBUG neutron.api.extensions [None req-709cc04f-143d-4ee8-b652-4cc2fc4b81ac None None] Extended resource: tags {{(pid=114157) __init__ /opt/stack/neutron/neutron/api/extensions.py:157}}
Sep 29 13:18:32 ubuntu neutron-server[114157]: DEBUG neutron.api.extensions [None req-709cc04f-143d-4ee8-b652-4cc2fc4b81ac None None] Extended resource: tags {{(pid=114157) __init__ /opt/stack/neutron/neutron/api/extensions.py:157}}
Sep 29 13:18:32 ubuntu neutron-server[114157]: DEBUG neutron.api.extensions [None req-709cc04f-143d-4ee8-b652-4cc2fc4b81ac None None] Extended resource: tags {{(pid=114157) __init__ /opt/stack/neutron/neutron/api/extensions.py:157}}
Sep 29 13:18:32 ubuntu neutron-server[114157]: DEBUG neutron.api.extensions [None req-709cc04f-143d-4ee8-b652-4cc2fc4b81ac None None] Extended resource: tags {{(pid=114157) __init__ /opt/stack/neutron/neutron/api/extensions.py:157}}
Sep 29 13:18:32 ubuntu neutron-server[114157]: DEBUG neutron.api.extensions [None req-709cc04f-143d-4ee8-b652-4cc2fc4b81ac None None] Extended resource: tags {{(pid=114157) __init__ /opt/stack/neutron/neutron/api/extensions.py:157}}
Sep 29 13:18:32 ubuntu neutron-server[114157]: DEBUG neutron.api.extensions [None req-709cc04f-143d-4ee8-b652-4cc2fc4b81ac None None] Extended resource: tags {{(pid=114157) __init__ /opt/stack/neutron/neutron/api/extensions.py:157}}
Sep 29 13:18:32 ubuntu neutron-server[114157]: DEBUG neutron.api.extensions [None req-709cc04f-143d-4ee8-b652-4cc2fc4b81ac None None] Extended resource: tags {{(pid=114157) __init__ /opt/stack/neutron/neutron/api/extensions.py:157}}
Sep 29 13:18:32 ubuntu neutron-server[114157]: DEBUG neutron.api.extensions [None req-709cc04f-143d-4ee8-b652-4cc2fc4b81ac None None] Extended resource: tags {{(pid=114157) __init__ /opt/stack/neutron/neutron/api/extensions.py:157}}
Sep 29 13:18:32 ubuntu neutron-server[114157]: DEBUG neutron.api.extensions [None req-709cc04f-143d-4ee8-b652-4cc2fc4b81ac None None] Extended resource: tags {{(pid=114157) __init__ /opt/stack/neutron/neutron/api/extensions.py:157}}
Sep 29 13:18:32 ubuntu neutron-server[114157]: DEBUG neutron.api.extensions [None req-709cc04f-143d-4ee8-b652-4cc2fc4b81ac None None] Extended resource: tags {{(pid=114157) __init__ /opt/stack/neutron/neutron/api/extensions.py:157}}
Sep 29 13:18:32 ubuntu neutron-server[114157]: WARNING keystonemiddleware.auth_token [None req-709cc04f-143d-4ee8-b652-4cc2fc4b81ac None None] AuthToken middleware is set with keystone_authtoken.service_token_roles_required set to False. This is backwards compatible but deprecated behaviour. Please set this to True.
Sep 29 13:18:32 ubuntu neutron-server[114157]: WARNING keystonemiddleware.auth_token [None req-709cc04f-143d-4ee8-b652-4cc2fc4b81ac None None] Configuring www_authenticate_uri to point to the public identity endpoint is required; clients may not be able to authenticate against an admin endpoint
Sep 29 13:18:32 ubuntu neutron-server[114157]: DEBUG oslo_concurrency.lockutils [None req-709cc04f-143d-4ee8-b652-4cc2fc4b81ac None None] Acquiring lock "singleton_lock" {{(pid=114157) lock /usr/local/lib/python3.8/dist-packages/oslo_concurrency/lockutils.py:312}}
Sep 29 13:18:32 ubuntu neutron-server[114157]: DEBUG oslo_concurrency.lockutils [None req-709cc04f-143d-4ee8-b652-4cc2fc4b81ac None None] Acquired lock "singleton_lock" {{(pid=114157) lock /usr/local/lib/python3.8/dist-packages/oslo_concurrency/lockutils.py:315}}
Sep 29 13:18:32 ubuntu neutron-server[114157]: DEBUG oslo_concurrency.lockutils [None req-709cc04f-143d-4ee8-b652-4cc2fc4b81ac None None] Releasing lock "singleton_lock" {{(pid=114157) lock /usr/local/lib/python3.8/dist-packages/oslo_concurrency/lockutils.py:333}}
Sep 29 13:18:32 ubuntu neutron-server[114157]: INFO oslo_service.service [None req-709cc04f-143d-4ee8-b652-4cc2fc4b81ac None None] Starting 2 workers
Sep 29 13:18:32 ubuntu neutron-server[114157]: DEBUG oslo_service.service [None req-709cc04f-143d-4ee8-b652-4cc2fc4b81ac None None] Started child 114375 {{(pid=114157) _start_child /usr/local/lib/python3.8/dist-packages/oslo_service/service.py:575}}
Sep 29 13:18:32 ubuntu neutron-server[114157]: DEBUG oslo_service.service [None req-709cc04f-143d-4ee8-b652-4cc2fc4b81ac None None] Started child 114376 {{(pid=114157) _start_child /usr/local/lib/python3.8/dist-packages/oslo_service/service.py:575}}
Sep 29 13:18:32 ubuntu neutron-server[114157]: INFO neutron.service [None req-709cc04f-143d-4ee8-b652-4cc2fc4b81ac None None] Neutron service started, listening on 0.0.0.0:9696
Sep 29 13:18:32 ubuntu neutron-server[114157]: DEBUG neutron_lib.callbacks.manager [None req-709cc04f-143d-4ee8-b652-4cc2fc4b81ac None None] Publish callbacks ['neutron.plugins.ml2.drivers.ovn.mech_driver.mech_driver.OVNMechanismDriver.pre_fork_initialize-580455'] for process (None), before_spawn {{(pid=114157) _notify_loop /usr/local/lib/python3.8/dist-packages/neutron_lib/callbacks/manager.py:176}}
Sep 29 13:18:32 ubuntu neutron-server[114375]: DEBUG neutron_lib.callbacks.manager [-] Publish callbacks ['neutron.plugins.ml2.drivers.ovn.mech_driver.mech_driver.OVNMechanismDriver.post_fork_initialize-580364'] for process (None), after_init {{(pid=114375) _notify_loop /usr/local/lib/python3.8/dist-packages/neutron_lib/callbacks/manager.py:176}}
Sep 29 13:18:32 ubuntu neutron-server[114376]: DEBUG neutron_lib.callbacks.manager [-] Publish callbacks ['neutron.plugins.ml2.drivers.ovn.mech_driver.mech_driver.OVNMechanismDriver.post_fork_initialize-580364'] for process (None), after_init {{(pid=114376) _notify_loop /usr/local/lib/python3.8/dist-packages/neutron_lib/callbacks/manager.py:176}}
Sep 29 13:18:32 ubuntu neutron-server[114375]: DEBUG dbcounter [-] [114375] Writer thread running {{(pid=114375) stat_writer /usr/local/lib/python3.8/dist-packages/dbcounter.py:99}}
Sep 29 13:18:32 ubuntu neutron-server[114376]: DEBUG dbcounter [-] [114376] Writer thread running {{(pid=114376) stat_writer /usr/local/lib/python3.8/dist-packages/dbcounter.py:99}}
Sep 29 13:18:32 ubuntu neutron-server[114375]: INFO neutron.plugins.ml2.drivers.ovn.mech_driver.ovsdb.impl_idl_ovn [None req-7c653968-687e-44a8-8eb5-262889aef89d None None] Getting OvsdbNbOvnIdl for WorkerService with retry
Sep 29 13:18:32 ubuntu neutron-server[114376]: INFO neutron.plugins.ml2.drivers.ovn.mech_driver.ovsdb.impl_idl_ovn [None req-785f4a09-53ea-40f8-9d54-dade87d024c7 None None] Getting OvsdbNbOvnIdl for WorkerService with retry
Sep 29 13:18:32 ubuntu neutron-server[114157]: DEBUG ovsdbapp.backend.ovs_idl [None req-709cc04f-143d-4ee8-b652-4cc2fc4b81ac None None] Created schema index Port_Group.name {{(pid=114157) autocreate_indices /usr/local/lib/python3.8/dist-packages/ovsdbapp/backend/ovs_idl/__init__.py:104}}
Sep 29 13:18:32 ubuntu neutron-server[114157]: DEBUG ovsdbapp.backend.ovs_idl [None req-709cc04f-143d-4ee8-b652-4cc2fc4b81ac None None] Created schema index Logical_Switch_Port.name {{(pid=114157) autocreate_indices /usr/local/lib/python3.8/dist-packages/ovsdbapp/backend/ovs_idl/__init__.py:104}}
Sep 29 13:18:32 ubuntu neutron-server[114375]: DEBUG ovsdbapp.backend.ovs_idl [None req-7c653968-687e-44a8-8eb5-262889aef89d None None] Created lookup_table index Logical_Switch.name {{(pid=114375) autocreate_indices /usr/local/lib/python3.8/dist-packages/ovsdbapp/backend/ovs_idl/__init__.py:85}}
Sep 29 13:18:32 ubuntu neutron-server[114375]: DEBUG ovsdbapp.backend.ovs_idl [None req-7c653968-687e-44a8-8eb5-262889aef89d None None] Created lookup_table index Logical_Router.name {{(pid=114375) autocreate_indices /usr/local/lib/python3.8/dist-packages/ovsdbapp/backend/ovs_idl/__init__.py:85}}
Sep 29 13:18:32 ubuntu neutron-server[114375]: DEBUG ovsdbapp.backend.ovs_idl [None req-7c653968-687e-44a8-8eb5-262889aef89d None None] Created lookup_table index Load_Balancer.name {{(pid=114375) autocreate_indices /usr/local/lib/python3.8/dist-packages/ovsdbapp/backend/ovs_idl/__init__.py:85}}
Sep 29 13:18:32 ubuntu neutron-server[114375]: DEBUG ovsdbapp.backend.ovs_idl [None req-7c653968-687e-44a8-8eb5-262889aef89d None None] Created schema index Meter.name {{(pid=114375) autocreate_indices /usr/local/lib/python3.8/dist-packages/ovsdbapp/backend/ovs_idl/__init__.py:104}}
Sep 29 13:18:32 ubuntu neutron-server[114375]: DEBUG ovsdbapp.backend.ovs_idl [None req-7c653968-687e-44a8-8eb5-262889aef89d None None] Created schema index Address_Set.name {{(pid=114375) autocreate_indices /usr/local/lib/python3.8/dist-packages/ovsdbapp/backend/ovs_idl/__init__.py:104}}
Sep 29 13:18:32 ubuntu neutron-server[114375]: DEBUG ovsdbapp.backend.ovs_idl [None req-7c653968-687e-44a8-8eb5-262889aef89d None None] Created schema index HA_Chassis_Group.name {{(pid=114375) autocreate_indices /usr/local/lib/python3.8/dist-packages/ovsdbapp/backend/ovs_idl/__init__.py:104}}
Sep 29 13:18:32 ubuntu neutron-server[114375]: DEBUG ovsdbapp.backend.ovs_idl [None req-7c653968-687e-44a8-8eb5-262889aef89d None None] Created schema index Connection.target {{(pid=114375) autocreate_indices /usr/local/lib/python3.8/dist-packages/ovsdbapp/backend/ovs_idl/__init__.py:104}}
Sep 29 13:18:32 ubuntu neutron-server[114375]: DEBUG ovsdbapp.backend.ovs_idl [None req-7c653968-687e-44a8-8eb5-262889aef89d None None] Created schema index Gateway_Chassis.name {{(pid=114375) autocreate_indices /usr/local/lib/python3.8/dist-packages/ovsdbapp/backend/ovs_idl/__init__.py:104}}
Sep 29 13:18:32 ubuntu neutron-server[114375]: DEBUG ovsdbapp.backend.ovs_idl [None req-7c653968-687e-44a8-8eb5-262889aef89d None None] Created schema index Logical_Router_Port.name {{(pid=114375) autocreate_indices /usr/local/lib/python3.8/dist-packages/ovsdbapp/backend/ovs_idl/__init__.py:104}}
Sep 29 13:18:32 ubuntu neutron-server[114375]: DEBUG ovsdbapp.backend.ovs_idl [None req-7c653968-687e-44a8-8eb5-262889aef89d None None] Created schema index Port_Group.name {{(pid=114375) autocreate_indices /usr/local/lib/python3.8/dist-packages/ovsdbapp/backend/ovs_idl/__init__.py:104}}
Sep 29 13:18:32 ubuntu neutron-server[114375]: DEBUG ovsdbapp.backend.ovs_idl [None req-7c653968-687e-44a8-8eb5-262889aef89d None None] Created schema index Logical_Switch_Port.name {{(pid=114375) autocreate_indices /usr/local/lib/python3.8/dist-packages/ovsdbapp/backend/ovs_idl/__init__.py:104}}
Sep 29 13:18:32 ubuntu neutron-server[114375]: INFO ovsdbapp.backend.ovs_idl.vlog [None req-7c653968-687e-44a8-8eb5-262889aef89d None None] tcp:192.168.79.43:6641: connecting...
Sep 29 13:18:32 ubuntu neutron-server[114375]: INFO ovsdbapp.backend.ovs_idl.vlog [None req-7c653968-687e-44a8-8eb5-262889aef89d None None] tcp:192.168.79.43:6641: connected
Sep 29 13:18:32 ubuntu neutron-server[114157]: DEBUG ovsdbapp.backend.ovs_idl.transaction [-] Running txn n=1 command(idx=0): PgAddCommand(name=neutron_pg_drop, may_exist=True, columns={'acls': []}) {{(pid=114157) do_commit /usr/local/lib/python3.8/dist-packages/ovsdbapp/backend/ovs_idl/transaction.py:90}}
Sep 29 13:18:32 ubuntu neutron-server[114157]: DEBUG ovsdbapp.backend.ovs_idl.transaction [-] Running txn n=1 command(idx=1): PgAclAddCommand(entity=neutron_pg_drop, direction=from-lport, priority=1001, match=inport == @neutron_pg_drop && ip, action=drop, log=False, may_exist=True, severity=[], name=[], meter=None, external_ids={}) {{(pid=114157) do_commit /usr/local/lib/python3.8/dist-packages/ovsdbapp/backend/ovs_idl/transaction.py:90}}
Sep 29 13:18:32 ubuntu neutron-server[114376]: DEBUG ovsdbapp.backend.ovs_idl [None req-785f4a09-53ea-40f8-9d54-dade87d024c7 None None] Created lookup_table index Logical_Switch.name {{(pid=114376) autocreate_indices /usr/local/lib/python3.8/dist-packages/ovsdbapp/backend/ovs_idl/__init__.py:85}}
Sep 29 13:18:32 ubuntu neutron-server[114157]: DEBUG ovsdbapp.backend.ovs_idl.transaction [-] Running txn n=1 command(idx=2): PgAclAddCommand(entity=neutron_pg_drop, direction=to-lport, priority=1001, match=outport == @neutron_pg_drop && ip, action=drop, log=False, may_exist=True, severity=[], name=[], meter=None, external_ids={}) {{(pid=114157) do_commit /usr/local/lib/python3.8/dist-packages/ovsdbapp/backend/ovs_idl/transaction.py:90}}
Sep 29 13:18:32 ubuntu neutron-server[114376]: DEBUG ovsdbapp.backend.ovs_idl [None req-785f4a09-53ea-40f8-9d54-dade87d024c7 None None] Created lookup_table index Logical_Router.name {{(pid=114376) autocreate_indices /usr/local/lib/python3.8/dist-packages/ovsdbapp/backend/ovs_idl/__init__.py:85}}
Sep 29 13:18:32 ubuntu neutron-server[114376]: DEBUG ovsdbapp.backend.ovs_idl [None req-785f4a09-53ea-40f8-9d54-dade87d024c7 None None] Created lookup_table index Load_Balancer.name {{(pid=114376) autocreate_indices /usr/local/lib/python3.8/dist-packages/ovsdbapp/backend/ovs_idl/__init__.py:85}}
Sep 29 13:18:32 ubuntu neutron-server[114376]: DEBUG ovsdbapp.backend.ovs_idl [None req-785f4a09-53ea-40f8-9d54-dade87d024c7 None None] Created schema index Meter.name {{(pid=114376) autocreate_indices /usr/local/lib/python3.8/dist-packages/ovsdbapp/backend/ovs_idl/__init__.py:104}}
Sep 29 13:18:32 ubuntu neutron-server[114376]: DEBUG ovsdbapp.backend.ovs_idl [None req-785f4a09-53ea-40f8-9d54-dade87d024c7 None None] Created schema index Address_Set.name {{(pid=114376) autocreate_indices /usr/local/lib/python3.8/dist-packages/ovsdbapp/backend/ovs_idl/__init__.py:104}}
Sep 29 13:18:32 ubuntu neutron-server[114376]: DEBUG ovsdbapp.backend.ovs_idl [None req-785f4a09-53ea-40f8-9d54-dade87d024c7 None None] Created schema index HA_Chassis_Group.name {{(pid=114376) autocreate_indices /usr/local/lib/python3.8/dist-packages/ovsdbapp/backend/ovs_idl/__init__.py:104}}
Sep 29 13:18:32 ubuntu neutron-server[114376]: DEBUG ovsdbapp.backend.ovs_idl [None req-785f4a09-53ea-40f8-9d54-dade87d024c7 None None] Created schema index Connection.target {{(pid=114376) autocreate_indices /usr/local/lib/python3.8/dist-packages/ovsdbapp/backend/ovs_idl/__init__.py:104}}
Sep 29 13:18:32 ubuntu neutron-server[114157]: DEBUG ovsdbapp.backend.ovs_idl.event [-] Matched CREATE: NeutronPgDropPortGroupCreated(events=('create',), table='Port_Group', conditions=(('name', '=', 'neutron_pg_drop'),), old_conditions=None), priority=10 to row=Port_Group(name=neutron_pg_drop, ports=[], external_ids={}, acls=[<ovs.db.idl.Row object at 0x7fe043b1a070>, <ovs.db.idl.Row object at 0x7fe043b11b20>]) old= {{(pid=114157) matches /usr/local/lib/python3.8/dist-packages/ovsdbapp/backend/ovs_idl/event.py:43}}
Sep 29 13:18:32 ubuntu neutron-server[114376]: DEBUG ovsdbapp.backend.ovs_idl [None req-785f4a09-53ea-40f8-9d54-dade87d024c7 None None] Created schema index Gateway_Chassis.name {{(pid=114376) autocreate_indices /usr/local/lib/python3.8/dist-packages/ovsdbapp/backend/ovs_idl/__init__.py:104}}
Sep 29 13:18:32 ubuntu neutron-server[114376]: DEBUG ovsdbapp.backend.ovs_idl [None req-785f4a09-53ea-40f8-9d54-dade87d024c7 None None] Created schema index Logical_Router_Port.name {{(pid=114376) autocreate_indices /usr/local/lib/python3.8/dist-packages/ovsdbapp/backend/ovs_idl/__init__.py:104}}
Sep 29 13:18:32 ubuntu neutron-server[114376]: DEBUG ovsdbapp.backend.ovs_idl [None req-785f4a09-53ea-40f8-9d54-dade87d024c7 None None] Created schema index Port_Group.name {{(pid=114376) autocreate_indices /usr/local/lib/python3.8/dist-packages/ovsdbapp/backend/ovs_idl/__init__.py:104}}
Sep 29 13:18:32 ubuntu neutron-server[114376]: DEBUG ovsdbapp.backend.ovs_idl [None req-785f4a09-53ea-40f8-9d54-dade87d024c7 None None] Created schema index Logical_Switch_Port.name {{(pid=114376) autocreate_indices /usr/local/lib/python3.8/dist-packages/ovsdbapp/backend/ovs_idl/__init__.py:104}}
Sep 29 13:18:32 ubuntu neutron-server[114376]: INFO ovsdbapp.backend.ovs_idl.vlog [None req-785f4a09-53ea-40f8-9d54-dade87d024c7 None None] tcp:192.168.79.43:6641: connecting...
Sep 29 13:18:32 ubuntu neutron-server[114157]: INFO oslo_service.service [None req-709cc04f-143d-4ee8-b652-4cc2fc4b81ac None None] Starting 1 workers
Sep 29 13:18:32 ubuntu neutron-server[114376]: INFO ovsdbapp.backend.ovs_idl.vlog [None req-785f4a09-53ea-40f8-9d54-dade87d024c7 None None] tcp:192.168.79.43:6641: connected
Sep 29 13:18:32 ubuntu neutron-server[114157]: DEBUG oslo_service.service [None req-709cc04f-143d-4ee8-b652-4cc2fc4b81ac None None] Started child 114378 {{(pid=114157) _start_child /usr/local/lib/python3.8/dist-packages/oslo_service/service.py:575}}
Sep 29 13:18:32 ubuntu neutron-server[114375]: DEBUG neutron.common.ovn.hash_ring_manager [None req-7c653968-687e-44a8-8eb5-262889aef89d None None] Allow caching, nodes 2>=2 {{(pid=114375) _wait_startup_before_caching /opt/stack/neutron/neutron/common/ovn/hash_ring_manager.py:63}}
Sep 29 13:18:32 ubuntu neutron-server[114157]: INFO oslo_service.service [None req-709cc04f-143d-4ee8-b652-4cc2fc4b81ac None None] Starting 1 workers
Sep 29 13:18:32 ubuntu neutron-server[114157]: DEBUG oslo_service.service [None req-709cc04f-143d-4ee8-b652-4cc2fc4b81ac None None] Started child 114379 {{(pid=114157) _start_child /usr/local/lib/python3.8/dist-packages/oslo_service/service.py:575}}
Sep 29 13:18:32 ubuntu neutron-server[114157]: INFO oslo_service.service [None req-709cc04f-143d-4ee8-b652-4cc2fc4b81ac None None] Starting 1 workers
Sep 29 13:18:32 ubuntu neutron-server[114375]: DEBUG neutron.plugins.ml2.drivers.ovn.mech_driver.ovsdb.ovsdb_monitor [None req-7c653968-687e-44a8-8eb5-262889aef89d None None] Hash Ring: Node 42b4f35a-2940-4d5b-b91e-380bf38121a0 (host: ubuntu) handling event "create" for row 85e8fe4c-e440-41ed-8e1f-2939179cfeff (table: Database) {{(pid=114375) notify /opt/stack/neutron/neutron/plugins/ml2/drivers/ovn/mech_driver/ovsdb/ovsdb_monitor.py:743}}
Sep 29 13:18:32 ubuntu neutron-server[114378]: DEBUG neutron.service [None req-709cc04f-143d-4ee8-b652-4cc2fc4b81ac None None] calling RpcWorker wait() {{(pid=114378) _wait /opt/stack/neutron/neutron/service.py:128}}
Sep 29 13:18:32 ubuntu neutron-server[114378]: DEBUG neutron.service [None req-709cc04f-143d-4ee8-b652-4cc2fc4b81ac None None] returning from RpcWorker wait() {{(pid=114378) _wait /opt/stack/neutron/neutron/service.py:135}}
Sep 29 13:18:33 ubuntu neutron-server[114375]: DEBUG neutron.plugins.ml2.drivers.ovn.mech_driver.ovsdb.ovsdb_monitor [None req-7c653968-687e-44a8-8eb5-262889aef89d None None] Hash Ring: Node 42b4f35a-2940-4d5b-b91e-380bf38121a0 (host: ubuntu) handling event "create" for row 1183d9c9-2893-46cf-9408-784a8ae3f12f (table: ACL) {{(pid=114375) notify /opt/stack/neutron/neutron/plugins/ml2/drivers/ovn/mech_driver/ovsdb/ovsdb_monitor.py:743}}
Sep 29 13:18:33 ubuntu neutron-server[114378]: DEBUG neutron_lib.callbacks.manager [-] Publish callbacks ['neutron.plugins.ml2.drivers.ovn.mech_driver.mech_driver.OVNMechanismDriver.post_fork_initialize-580364'] for process (None), after_init {{(pid=114378) _notify_loop /usr/local/lib/python3.8/dist-packages/neutron_lib/callbacks/manager.py:176}}
Sep 29 13:18:33 ubuntu neutron-server[114375]: DEBUG neutron.plugins.ml2.drivers.ovn.mech_driver.ovsdb.ovsdb_monitor [None req-7c653968-687e-44a8-8eb5-262889aef89d None None] Hash Ring: Node 42b4f35a-2940-4d5b-b91e-380bf38121a0 (host: ubuntu) handling event "create" for row 6b8553af-12cf-43b8-adb4-5552de88e9ff (table: Connection) {{(pid=114375) notify /opt/stack/neutron/neutron/plugins/ml2/drivers/ovn/mech_driver/ovsdb/ovsdb_monitor.py:743}}
Sep 29 13:18:33 ubuntu neutron-server[114375]: INFO neutron.plugins.ml2.drivers.ovn.mech_driver.ovsdb.impl_idl_ovn [None req-7c653968-687e-44a8-8eb5-262889aef89d None None] Getting OvsdbSbOvnIdl for WorkerService with retry
Sep 29 13:18:33 ubuntu neutron-server[114378]: INFO neutron.plugins.ml2.drivers.ovn.mech_driver.ovsdb.impl_idl_ovn [-] Getting OvsdbNbOvnIdl for RpcWorker with retry
Sep 29 13:18:33 ubuntu neutron-server[114375]: DEBUG ovsdbapp.backend.ovs_idl [None req-7c653968-687e-44a8-8eb5-262889aef89d None None] Created lookup_table index Chassis.name {{(pid=114375) autocreate_indices /usr/local/lib/python3.8/dist-packages/ovsdbapp/backend/ovs_idl/__init__.py:85}}
Sep 29 13:18:33 ubuntu neutron-server[114375]: DEBUG ovsdbapp.backend.ovs_idl [None req-7c653968-687e-44a8-8eb5-262889aef89d None None] Created schema index Datapath_Binding.tunnel_key {{(pid=114375) autocreate_indices /usr/local/lib/python3.8/dist-packages/ovsdbapp/backend/ovs_idl/__init__.py:104}}
Sep 29 13:18:33 ubuntu neutron-server[114157]: DEBUG oslo_service.service [None req-709cc04f-143d-4ee8-b652-4cc2fc4b81ac None None] Started child 114380 {{(pid=114157) _start_child /usr/local/lib/python3.8/dist-packages/oslo_service/service.py:575}}
Sep 29 13:18:33 ubuntu neutron-server[114157]: DEBUG neutron_lib.callbacks.manager [None req-709cc04f-143d-4ee8-b652-4cc2fc4b81ac None None] Publish callbacks [] for process (None), after_spawn {{(pid=114157) _notify_loop /usr/local/lib/python3.8/dist-packages/neutron_lib/callbacks/manager.py:176}}
Sep 29 13:18:33 ubuntu neutron-server[114157]: DEBUG oslo_service.service [-] Full set of CONF: {{(pid=114157) wait /usr/local/lib/python3.8/dist-packages/oslo_service/service.py:649}}
Sep 29 13:18:33 ubuntu neutron-server[114157]: DEBUG oslo_service.service [-] ******************************************************************************** {{(pid=114157) log_opt_values /usr/local/lib/python3.8/dist-packages/oslo_config/cfg.py:2589}}
Sep 29 13:18:33 ubuntu neutron-server[114157]: DEBUG oslo_service.service [-] Configuration options gathered from: {{(pid=114157) log_opt_values /usr/local/lib/python3.8/dist-packages/oslo_config/cfg.py:2590}}
Sep 29 13:18:33 ubuntu neutron-server[114157]: DEBUG oslo_service.service [-] command line args: ['--config-file', '/etc/neutron/neutron.conf', '--config-file', '/etc/neutron/plugins/ml2/ml2_conf.ini'] {{(pid=114157) log_opt_values /usr/local/lib/python3.8/dist-packages/oslo_config/cfg.py:2591}}
Sep 29 13:18:33 ubuntu neutron-server[114157]: DEBUG oslo_service.service [-] config files: ['/etc/neutron/neutron.conf', '/etc/neutron/plugins/ml2/ml2_conf.ini'] {{(pid=114157) log_opt_values /usr/local/lib/python3.8/dist-packages/oslo_config/cfg.py:2592}}
Sep 29 13:18:33 ubuntu neutron-server[114157]: DEBUG oslo_service.service [-] ================================================================================ {{(pid=114157) log_opt_values /usr/local/lib/python3.8/dist-packages/oslo_config/cfg.py:2594}}
Sep 29 13:18:33 ubuntu neutron-server[114157]: DEBUG oslo_service.service [-] agent_down_time                = 75 {{(pid=114157) log_opt_values /usr/local/lib/python3.8/dist-packages/oslo_config/cfg.py:2602}}
Sep 29 13:18:33 ubuntu neutron-server[114157]: DEBUG oslo_service.service [-] allow_automatic_dhcp_failover  = True {{(pid=114157) log_opt_values /usr/local/lib/python3.8/dist-packages/oslo_config/cfg.py:2602}}
Sep 29 13:18:33 ubuntu neutron-server[114157]: DEBUG oslo_service.service [-] allow_bulk                     = True {{(pid=114157) log_opt_values /usr/local/lib/python3.8/dist-packages/oslo_config/cfg.py:2602}}
Sep 29 13:18:33 ubuntu neutron-server[114379]: DEBUG neutron_lib.callbacks.manager [-] Publish callbacks ['neutron.plugins.ml2.drivers.ovn.mech_driver.mech_driver.OVNMechanismDriver.post_fork_initialize-580364'] for process (None), after_init {{(pid=114379) _notify_loop /usr/local/lib/python3.8/dist-packages/neutron_lib/callbacks/manager.py:176}}
Sep 29 13:18:33 ubuntu neutron-server[114157]: DEBUG oslo_service.service [-] allowed_conntrack_helpers      = [{'amanda': 'tcp'}, {'ftp': 'tcp'}, {'h323': 'udp'}, {'h323': 'tcp'}, {'irc': 'tcp'}, {'netbios-ns': 'udp'}, {'pptp': 'tcp'}, {'sane': 'tcp'}, {'sip': 'udp'}, {'sip': 'tcp'}, {'snmp': 'udp'}, {'tftp': 'udp'}] {{(pid=114157) log_opt_values /usr/local/lib/python3.8/dist-packages/oslo_config/cfg.py:2602}}
Sep 29 13:18:33 ubuntu neutron-server[114157]: DEBUG oslo_service.service [-] api_extensions_path            =  {{(pid=114157) log_opt_values /usr/local/lib/python3.8/dist-packages/oslo_config/cfg.py:2602}}
Sep 29 13:18:33 ubuntu neutron-server[114157]: DEBUG oslo_service.service [-] api_paste_config               = api-paste.ini {{(pid=114157) log_opt_values /usr/local/lib/python3.8/dist-packages/oslo_config/cfg.py:2602}}
Sep 29 13:18:33 ubuntu neutron-server[114157]: DEBUG oslo_service.service [-] api_workers                    = 2 {{(pid=114157) log_opt_values /usr/local/lib/python3.8/dist-packages/oslo_config/cfg.py:2602}}
Sep 29 13:18:33 ubuntu neutron-server[114157]: DEBUG oslo_service.service [-] auth_strategy                  = keystone {{(pid=114157) log_opt_values /usr/local/lib/python3.8/dist-packages/oslo_config/cfg.py:2602}}
Sep 29 13:18:33 ubuntu neutron-server[114157]: DEBUG oslo_service.service [-] backdoor_port                  = None {{(pid=114157) log_opt_values /usr/local/lib/python3.8/dist-packages/oslo_config/cfg.py:2602}}
Sep 29 13:18:33 ubuntu neutron-server[114157]: DEBUG oslo_service.service [-] backdoor_socket                = None {{(pid=114157) log_opt_values /usr/local/lib/python3.8/dist-packages/oslo_config/cfg.py:2602}}
Sep 29 13:18:33 ubuntu neutron-server[114157]: DEBUG oslo_service.service [-] backlog                        = 4096 {{(pid=114157) log_opt_values /usr/local/lib/python3.8/dist-packages/oslo_config/cfg.py:2602}}
Sep 29 13:18:33 ubuntu neutron-server[114157]: DEBUG oslo_service.service [-] base_mac                       = fa:16:3e:00:00:00 {{(pid=114157) log_opt_values /usr/local/lib/python3.8/dist-packages/oslo_config/cfg.py:2602}}
Sep 29 13:18:33 ubuntu neutron-server[114157]: DEBUG oslo_service.service [-] bind_host                      = 0.0.0.0 {{(pid=114157) log_opt_values /usr/local/lib/python3.8/dist-packages/oslo_config/cfg.py:2602}}
Sep 29 13:18:33 ubuntu neutron-server[114379]: INFO neutron.plugins.ml2.drivers.ovn.mech_driver.ovsdb.impl_idl_ovn [-] Getting OvsdbNbOvnIdl for MaintenanceWorker with retry
Sep 29 13:18:33 ubuntu neutron-server[114157]: DEBUG oslo_service.service [-] bind_port                      = 9696 {{(pid=114157) log_opt_values /usr/local/lib/python3.8/dist-packages/oslo_config/cfg.py:2602}}
Sep 29 13:18:33 ubuntu neutron-server[114157]: DEBUG oslo_service.service [-] client_socket_timeout          = 900 {{(pid=114157) log_opt_values /usr/local/lib/python3.8/dist-packages/oslo_config/cfg.py:2602}}
Sep 29 13:18:33 ubuntu neutron-server[114157]: DEBUG oslo_service.service [-] config_dir                     = [] {{(pid=114157) log_opt_values /usr/local/lib/python3.8/dist-packages/oslo_config/cfg.py:2602}}
Sep 29 13:18:33 ubuntu neutron-server[114157]: DEBUG oslo_service.service [-] config_file                    = ['/etc/neutron/neutron.conf', '/etc/neutron/plugins/ml2/ml2_conf.ini'] {{(pid=114157) log_opt_values /usr/local/lib/python3.8/dist-packages/oslo_config/cfg.py:2602}}
Sep 29 13:18:33 ubuntu neutron-server[114157]: DEBUG oslo_service.service [-] config_source                  = [] {{(pid=114157) log_opt_values /usr/local/lib/python3.8/dist-packages/oslo_config/cfg.py:2602}}
Sep 29 13:18:33 ubuntu neutron-server[114375]: INFO ovsdbapp.backend.ovs_idl.vlog [None req-7c653968-687e-44a8-8eb5-262889aef89d None None] tcp:192.168.79.43:6642: connecting...
Sep 29 13:18:33 ubuntu neutron-server[114375]: INFO ovsdbapp.backend.ovs_idl.vlog [None req-7c653968-687e-44a8-8eb5-262889aef89d None None] tcp:192.168.79.43:6642: connected
Sep 29 13:18:33 ubuntu neutron-server[114157]: DEBUG oslo_service.service [-] control_exchange               = neutron {{(pid=114157) log_opt_values /usr/local/lib/python3.8/dist-packages/oslo_config/cfg.py:2602}}
Sep 29 13:18:33 ubuntu neutron-server[114157]: DEBUG oslo_service.service [-] core_plugin                    = ml2 {{(pid=114157) log_opt_values /usr/local/lib/python3.8/dist-packages/oslo_config/cfg.py:2602}}
Sep 29 13:18:33 ubuntu neutron-server[114380]: DEBUG neutron_lib.callbacks.manager [-] Publish callbacks ['neutron.plugins.ml2.drivers.ovn.mech_driver.mech_driver.OVNMechanismDriver.post_fork_initialize-580364'] for process (None), after_init {{(pid=114380) _notify_loop /usr/local/lib/python3.8/dist-packages/neutron_lib/callbacks/manager.py:176}}
Sep 29 13:18:33 ubuntu neutron-server[114157]: DEBUG oslo_service.service [-] debug                          = True {{(pid=114157) log_opt_values /usr/local/lib/python3.8/dist-packages/oslo_config/cfg.py:2602}}
Sep 29 13:18:33 ubuntu neutron-server[114157]: DEBUG oslo_service.service [-] default_availability_zones     = [] {{(pid=114157) log_opt_values /usr/local/lib/python3.8/dist-packages/oslo_config/cfg.py:2602}}
Sep 29 13:18:33 ubuntu neutron-server[114157]: DEBUG oslo_service.service [-] default_log_levels             = ['amqp=WARN', 'amqplib=WARN', 'boto=WARN', 'qpid=WARN', 'sqlalchemy=WARN', 'suds=INFO', 'oslo.messaging=INFO', 'oslo_messaging=INFO', 'iso8601=WARN', 'requests.packages.urllib3.connectionpool=WARN', 'urllib3.connectionpool=WARN', 'websocket=WARN', 'requests.packages.urllib3.util.retry=WARN', 'urllib3.util.retry=WARN', 'keystonemiddleware=WARN', 'routes.middleware=WARN', 'stevedore=WARN', 'taskflow=WARN', 'keystoneauth=WARN', 'oslo.cache=INFO', 'oslo_policy=INFO', 'dogpile.core.dogpile=INFO', 'OFPHandler=INFO', 'OfctlService=INFO', 'os_ken.base.app_manager=INFO', 'os_ken.controller.controller=INFO'] {{(pid=114157) log_opt_values /usr/local/lib/python3.8/dist-packages/oslo_config/cfg.py:2602}}
Sep 29 13:18:33 ubuntu neutron-server[114157]: DEBUG oslo_service.service [-] dhcp_agent_notification        = False {{(pid=114157) log_opt_values /usr/local/lib/python3.8/dist-packages/oslo_config/cfg.py:2602}}
Sep 29 13:18:33 ubuntu neutron-server[114157]: DEBUG oslo_service.service [-] dhcp_agents_per_network        = 1 {{(pid=114157) log_opt_values /usr/local/lib/python3.8/dist-packages/oslo_config/cfg.py:2602}}
Sep 29 13:18:33 ubuntu neutron-server[114157]: DEBUG oslo_service.service [-] dhcp_lease_duration            = 86400 {{(pid=114157) log_opt_values /usr/local/lib/python3.8/dist-packages/oslo_config/cfg.py:2602}}
Sep 29 13:18:33 ubuntu neutron-server[114157]: DEBUG oslo_service.service [-] dhcp_load_type                 = networks {{(pid=114157) log_opt_values /usr/local/lib/python3.8/dist-packages/oslo_config/cfg.py:2602}}
Sep 29 13:18:33 ubuntu neutron-server[114157]: DEBUG oslo_service.service [-] dns_domain                     = openstacklocal {{(pid=114157) log_opt_values /usr/local/lib/python3.8/dist-packages/oslo_config/cfg.py:2602}}
Sep 29 13:18:33 ubuntu neutron-server[114157]: DEBUG oslo_service.service [-] dvr_base_mac                   = fa:16:3f:00:00:00 {{(pid=114157) log_opt_values /usr/local/lib/python3.8/dist-packages/oslo_config/cfg.py:2602}}
Sep 29 13:18:33 ubuntu neutron-server[114376]: DEBUG neutron.common.ovn.hash_ring_manager [None req-785f4a09-53ea-40f8-9d54-dade87d024c7 None None] Allow caching, nodes 2>=2 {{(pid=114376) _wait_startup_before_caching /opt/stack/neutron/neutron/common/ovn/hash_ring_manager.py:63}}
Sep 29 13:18:33 ubuntu neutron-server[114157]: DEBUG oslo_service.service [-] enable_dvr                     = True {{(pid=114157) log_opt_values /usr/local/lib/python3.8/dist-packages/oslo_config/cfg.py:2602}}
Sep 29 13:18:33 ubuntu neutron-server[114157]: DEBUG oslo_service.service [-] enable_new_agents              = True {{(pid=114157) log_opt_values /usr/local/lib/python3.8/dist-packages/oslo_config/cfg.py:2602}}
Sep 29 13:18:33 ubuntu neutron-server[114157]: DEBUG oslo_service.service [-] enable_services_on_agents_with_admin_state_down = False {{(pid=114157) log_opt_values /usr/local/lib/python3.8/dist-packages/oslo_config/cfg.py:2602}}
Sep 29 13:18:33 ubuntu neutron-server[114157]: DEBUG oslo_service.service [-] enable_snat_by_default         = True {{(pid=114157) log_opt_values /usr/local/lib/python3.8/dist-packages/oslo_config/cfg.py:2602}}
Sep 29 13:18:33 ubuntu neutron-server[114157]: DEBUG oslo_service.service [-] enable_traditional_dhcp        = True {{(pid=114157) log_opt_values /usr/local/lib/python3.8/dist-packages/oslo_config/cfg.py:2602}}
Sep 29 13:18:33 ubuntu neutron-server[114157]: DEBUG oslo_service.service [-] external_dns_driver            = None {{(pid=114157) log_opt_values /usr/local/lib/python3.8/dist-packages/oslo_config/cfg.py:2602}}
Sep 29 13:18:33 ubuntu neutron-server[114157]: DEBUG oslo_service.service [-] filter_validation              = True {{(pid=114157) log_opt_values /usr/local/lib/python3.8/dist-packages/oslo_config/cfg.py:2602}}
Sep 29 13:18:33 ubuntu neutron-server[114157]: DEBUG oslo_service.service [-] global_physnet_mtu             = 1500 {{(pid=114157) log_opt_values /usr/local/lib/python3.8/dist-packages/oslo_config/cfg.py:2602}}
Sep 29 13:18:33 ubuntu neutron-server[114157]: DEBUG oslo_service.service [-] graceful_shutdown_timeout      = 60 {{(pid=114157) log_opt_values /usr/local/lib/python3.8/dist-packages/oslo_config/cfg.py:2602}}
Sep 29 13:18:33 ubuntu neutron-server[114157]: DEBUG oslo_service.service [-] host                           = ubuntu {{(pid=114157) log_opt_values /usr/local/lib/python3.8/dist-packages/oslo_config/cfg.py:2602}}
