Apr 06 21:12:49 ubuntu devstack@g-api.service[122888]: DEBUG glance_store.location [None req-5cbfae48-ac4c-4564-9d3a-535f20be81ff admin admin] Registering scheme swift+https with {'store': <glance_store._drivers.swift.store.SingleTenantStore object at 0x7f5a1bf07a30>, 'location_class': <class 'glance_store._drivers.swift.store.StoreLocation'>, 'store_entry': 'swift'} {{(pid=122888) register_scheme_map /usr/local/lib/python3.8/dist-packages/glance_store/location.py:146}}
Apr 06 21:12:49 ubuntu devstack@g-api.service[122888]: DEBUG glance_store.location [None req-5cbfae48-ac4c-4564-9d3a-535f20be81ff admin admin] Registering scheme swift with {'store': <glance_store._drivers.swift.store.SingleTenantStore object at 0x7f5a1bf07a30>, 'location_class': <class 'glance_store._drivers.swift.store.StoreLocation'>, 'store_entry': 'swift'} {{(pid=122888) register_scheme_map /usr/local/lib/python3.8/dist-packages/glance_store/location.py:146}}
Apr 06 21:12:49 ubuntu devstack@g-api.service[122888]: DEBUG glance_store.location [None req-5cbfae48-ac4c-4564-9d3a-535f20be81ff admin admin] Registering scheme swift+https with {'store': <glance_store._drivers.swift.store.SingleTenantStore object at 0x7f5a1bf07a30>, 'location_class': <class 'glance_store._drivers.swift.store.StoreLocation'>, 'store_entry': 'swift'} {{(pid=122888) register_scheme_map /usr/local/lib/python3.8/dist-packages/glance_store/location.py:146}}
Apr 06 21:12:49 ubuntu devstack@g-api.service[122888]: DEBUG glance_store.location [None req-5cbfae48-ac4c-4564-9d3a-535f20be81ff admin admin] Registering scheme swift with {'store': <glance_store._drivers.swift.store.SingleTenantStore object at 0x7f5a1bf07a30>, 'location_class': <class 'glance_store._drivers.swift.store.StoreLocation'>, 'store_entry': 'swift'} {{(pid=122888) register_scheme_map /usr/local/lib/python3.8/dist-packages/glance_store/location.py:146}}
Apr 06 21:12:49 ubuntu devstack@g-api.service[122888]: DEBUG glance_store.location [None req-5cbfae48-ac4c-4564-9d3a-535f20be81ff admin admin] Registering scheme swift+http with {'store': <glance_store._drivers.swift.store.SingleTenantStore object at 0x7f5a1bf07a30>, 'location_class': <class 'glance_store._drivers.swift.store.StoreLocation'>, 'store_entry': 'swift'} {{(pid=122888) register_scheme_map /usr/local/lib/python3.8/dist-packages/glance_store/location.py:146}}
Apr 06 21:12:49 ubuntu devstack@g-api.service[122888]: DEBUG glance_store.location [None req-5cbfae48-ac4c-4564-9d3a-535f20be81ff admin admin] Registering scheme swift+https with {'store': <glance_store._drivers.swift.store.SingleTenantStore object at 0x7f5a1bf07a30>, 'location_class': <class 'glance_store._drivers.swift.store.StoreLocation'>, 'store_entry': 'swift'} {{(pid=122888) register_scheme_map /usr/local/lib/python3.8/dist-packages/glance_store/location.py:146}}
Apr 06 21:12:49 ubuntu devstack@g-api.service[122888]: DEBUG glance_store.location [None req-5cbfae48-ac4c-4564-9d3a-535f20be81ff admin admin] Registering scheme swift with {'store': <glance_store._drivers.swift.store.SingleTenantStore object at 0x7f5a1bf07a30>, 'location_class': <class 'glance_store._drivers.swift.store.StoreLocation'>, 'store_entry': 'swift'} {{(pid=122888) register_scheme_map /usr/local/lib/python3.8/dist-packages/glance_store/location.py:146}}
Apr 06 21:12:49 ubuntu devstack@g-api.service[122888]: DEBUG glance_store.location [None req-5cbfae48-ac4c-4564-9d3a-535f20be81ff admin admin] Registering scheme swift+http with {'store': <glance_store._drivers.swift.store.SingleTenantStore object at 0x7f5a1bf07a30>, 'location_class': <class 'glance_store._drivers.swift.store.StoreLocation'>, 'store_entry': 'swift'} {{(pid=122888) register_scheme_map /usr/local/lib/python3.8/dist-packages/glance_store/location.py:146}}
Apr 06 21:12:49 ubuntu devstack@g-api.service[122888]: DEBUG glance_store.location [None req-5cbfae48-ac4c-4564-9d3a-535f20be81ff admin admin] Registering scheme swift+config with {'store': <glance_store._drivers.swift.store.SingleTenantStore object at 0x7f5a1bf07a30>, 'location_class': <class 'glance_store._drivers.swift.store.StoreLocation'>, 'store_entry': 'swift'} {{(pid=122888) register_scheme_map /usr/local/lib/python3.8/dist-packages/glance_store/location.py:146}}
Apr 06 21:12:49 ubuntu devstack@g-api.service[122888]: DEBUG glance_store.backend [None req-5cbfae48-ac4c-4564-9d3a-535f20be81ff admin admin] Skipping store.set_acls... not implemented. {{(pid=122888) set_acls /usr/local/lib/python3.8/dist-packages/glance_store/backend.py:509}}
Apr 06 21:12:49 ubuntu devstack@g-api.service[122888]: [pid: 122888|app: 0|req: 3/4] 127.0.0.1 () {40 vars in 862 bytes} [Wed Apr  6 21:12:47 2022] PUT /v2/images/906f9fe4-ad63-4bc0-a526-6870182f33ee/file => generated 0 bytes in 2119 msecs (HTTP/1.1 204) 4 headers in 171 bytes (1 switches on core 0)
Apr 06 21:13:34 ubuntu devstack@g-api.service[122889]: DEBUG glance.api.middleware.version_negotiation [None req-a78bef1e-d39c-4bca-85fc-dee8e60e9d0b admin admin] Determining version of request: GET / Accept: application/json {{(pid=122889) process_request /opt/stack/glance/glance/api/middleware/version_negotiation.py:44}}
Apr 06 21:13:34 ubuntu devstack@g-api.service[122889]: DEBUG glance.api.middleware.version_negotiation [None req-a78bef1e-d39c-4bca-85fc-dee8e60e9d0b admin admin] Using url versioning {{(pid=122889) process_request /opt/stack/glance/glance/api/middleware/version_negotiation.py:57}}
Apr 06 21:13:34 ubuntu devstack@g-api.service[122889]: DEBUG glance.api.middleware.version_negotiation [None req-a78bef1e-d39c-4bca-85fc-dee8e60e9d0b admin admin] Unknown version. Returning version choices. {{(pid=122889) process_request /opt/stack/glance/glance/api/middleware/version_negotiation.py:64}}
Apr 06 21:13:34 ubuntu devstack@g-api.service[122889]: [pid: 122889|app: 0|req: 2/5] 127.0.0.1 () {34 vars in 506 bytes} [Wed Apr  6 21:13:34 2022] GET / => generated 1213 bytes in 2 msecs (HTTP/1.1 300) 3 headers in 106 bytes (1 switches on core 0)
Apr 06 21:13:34 ubuntu devstack@g-api.service[122888]: DEBUG glance.api.middleware.version_negotiation [None req-5cbfae48-ac4c-4564-9d3a-535f20be81ff admin admin] Determining version of request: GET /v2/images Accept: application/json {{(pid=122888) process_request /opt/stack/glance/glance/api/middleware/version_negotiation.py:44}}
Apr 06 21:13:34 ubuntu devstack@g-api.service[122888]: DEBUG glance.api.middleware.version_negotiation [None req-5cbfae48-ac4c-4564-9d3a-535f20be81ff admin admin] Using url versioning {{(pid=122888) process_request /opt/stack/glance/glance/api/middleware/version_negotiation.py:57}}
Apr 06 21:13:34 ubuntu devstack@g-api.service[122888]: DEBUG glance.api.middleware.version_negotiation [None req-5cbfae48-ac4c-4564-9d3a-535f20be81ff admin admin] Matched version: v2 {{(pid=122888) process_request /opt/stack/glance/glance/api/middleware/version_negotiation.py:69}}
Apr 06 21:13:34 ubuntu devstack@g-api.service[122888]: DEBUG glance.api.middleware.version_negotiation [None req-5cbfae48-ac4c-4564-9d3a-535f20be81ff admin admin] new path /v2/images {{(pid=122888) process_request /opt/stack/glance/glance/api/middleware/version_negotiation.py:70}}
Apr 06 21:13:34 ubuntu devstack@g-api.service[122888]: [pid: 122888|app: 0|req: 4/6] 127.0.0.1 () {36 vars in 728 bytes} [Wed Apr  6 21:13:34 2022] GET /v2/images => generated 1045 bytes in 118 msecs (HTTP/1.1 200) 4 headers in 158 bytes (1 switches on core 0)
Apr 06 21:13:39 ubuntu devstack@g-api.service[122889]: DEBUG glance.api.middleware.version_negotiation [None req-a78bef1e-d39c-4bca-85fc-dee8e60e9d0b admin admin] Determining version of request: GET / Accept: application/json {{(pid=122889) process_request /opt/stack/glance/glance/api/middleware/version_negotiation.py:44}}
Apr 06 21:13:39 ubuntu devstack@g-api.service[122889]: DEBUG glance.api.middleware.version_negotiation [None req-a78bef1e-d39c-4bca-85fc-dee8e60e9d0b admin admin] Using url versioning {{(pid=122889) process_request /opt/stack/glance/glance/api/middleware/version_negotiation.py:57}}
Apr 06 21:13:39 ubuntu devstack@g-api.service[122889]: DEBUG glance.api.middleware.version_negotiation [None req-a78bef1e-d39c-4bca-85fc-dee8e60e9d0b admin admin] Unknown version. Returning version choices. {{(pid=122889) process_request /opt/stack/glance/glance/api/middleware/version_negotiation.py:64}}
Apr 06 21:13:39 ubuntu devstack@g-api.service[122889]: [pid: 122889|app: 0|req: 3/7] 127.0.0.1 () {34 vars in 506 bytes} [Wed Apr  6 21:13:39 2022] GET / => generated 1213 bytes in 3 msecs (HTTP/1.1 300) 3 headers in 106 bytes (1 switches on core 0)
Apr 06 21:13:39 ubuntu devstack@g-api.service[122888]: DEBUG glance.api.middleware.version_negotiation [None req-78b6c30c-84c0-4643-963f-4aa5696201bf admin admin] Determining version of request: GET /v2/images/906f9fe4-ad63-4bc0-a526-6870182f33ee Accept: */* {{(pid=122888) process_request /opt/stack/glance/glance/api/middleware/version_negotiation.py:44}}
Apr 06 21:13:39 ubuntu devstack@g-api.service[122888]: DEBUG glance.api.middleware.version_negotiation [None req-78b6c30c-84c0-4643-963f-4aa5696201bf admin admin] Using url versioning {{(pid=122888) process_request /opt/stack/glance/glance/api/middleware/version_negotiation.py:57}}
Apr 06 21:13:39 ubuntu devstack@g-api.service[122888]: DEBUG glance.api.middleware.version_negotiation [None req-78b6c30c-84c0-4643-963f-4aa5696201bf admin admin] Matched version: v2 {{(pid=122888) process_request /opt/stack/glance/glance/api/middleware/version_negotiation.py:69}}
Apr 06 21:13:39 ubuntu devstack@g-api.service[122888]: DEBUG glance.api.middleware.version_negotiation [None req-78b6c30c-84c0-4643-963f-4aa5696201bf admin admin] new path /v2/images/906f9fe4-ad63-4bc0-a526-6870182f33ee {{(pid=122888) process_request /opt/stack/glance/glance/api/middleware/version_negotiation.py:70}}
Apr 06 21:13:39 ubuntu devstack@g-api.service[122888]: [pid: 122888|app: 0|req: 5/8] 127.0.0.1 () {36 vars in 789 bytes} [Wed Apr  6 21:13:39 2022] GET /v2/images/906f9fe4-ad63-4bc0-a526-6870182f33ee => generated 976 bytes in 57 msecs (HTTP/1.1 200) 4 headers in 157 bytes (1 switches on core 0)
Apr 06 21:13:43 ubuntu devstack@g-api.service[122889]: DEBUG glance.api.middleware.version_negotiation [None req-a78bef1e-d39c-4bca-85fc-dee8e60e9d0b admin admin] Determining version of request: GET / Accept: application/json {{(pid=122889) process_request /opt/stack/glance/glance/api/middleware/version_negotiation.py:44}}
Apr 06 21:13:43 ubuntu devstack@g-api.service[122889]: DEBUG glance.api.middleware.version_negotiation [None req-a78bef1e-d39c-4bca-85fc-dee8e60e9d0b admin admin] Using url versioning {{(pid=122889) process_request /opt/stack/glance/glance/api/middleware/version_negotiation.py:57}}
Apr 06 21:13:43 ubuntu devstack@g-api.service[122889]: DEBUG glance.api.middleware.version_negotiation [None req-a78bef1e-d39c-4bca-85fc-dee8e60e9d0b admin admin] Unknown version. Returning version choices. {{(pid=122889) process_request /opt/stack/glance/glance/api/middleware/version_negotiation.py:64}}
Apr 06 21:13:43 ubuntu devstack@g-api.service[122889]: [pid: 122889|app: 0|req: 4/9] 127.0.0.1 () {34 vars in 506 bytes} [Wed Apr  6 21:13:43 2022] GET / => generated 1213 bytes in 3 msecs (HTTP/1.1 300) 3 headers in 106 bytes (1 switches on core 0)
Apr 06 21:13:43 ubuntu devstack@g-api.service[122888]: DEBUG glance.api.middleware.version_negotiation [None req-764d31c5-a936-47e6-84d8-704758c21801 admin admin] Determining version of request: GET /v2/images/906f9fe4-ad63-4bc0-a526-6870182f33ee Accept: */* {{(pid=122888) process_request /opt/stack/glance/glance/api/middleware/version_negotiation.py:44}}
Apr 06 21:13:43 ubuntu devstack@g-api.service[122888]: DEBUG glance.api.middleware.version_negotiation [None req-764d31c5-a936-47e6-84d8-704758c21801 admin admin] Using url versioning {{(pid=122888) process_request /opt/stack/glance/glance/api/middleware/version_negotiation.py:57}}
Apr 06 21:13:43 ubuntu devstack@g-api.service[122888]: DEBUG glance.api.middleware.version_negotiation [None req-764d31c5-a936-47e6-84d8-704758c21801 admin admin] Matched version: v2 {{(pid=122888) process_request /opt/stack/glance/glance/api/middleware/version_negotiation.py:69}}
Apr 06 21:13:43 ubuntu devstack@g-api.service[122888]: DEBUG glance.api.middleware.version_negotiation [None req-764d31c5-a936-47e6-84d8-704758c21801 admin admin] new path /v2/images/906f9fe4-ad63-4bc0-a526-6870182f33ee {{(pid=122888) process_request /opt/stack/glance/glance/api/middleware/version_negotiation.py:70}}
Apr 06 21:13:43 ubuntu devstack@g-api.service[122888]: [pid: 122888|app: 0|req: 6/10] 127.0.0.1 () {36 vars in 789 bytes} [Wed Apr  6 21:13:43 2022] GET /v2/images/906f9fe4-ad63-4bc0-a526-6870182f33ee => generated 976 bytes in 47 msecs (HTTP/1.1 200) 4 headers in 157 bytes (1 switches on core 0)
Apr 06 21:15:23 ubuntu devstack@g-api.service[122889]: DEBUG glance.api.middleware.version_negotiation [None req-a78bef1e-d39c-4bca-85fc-dee8e60e9d0b admin admin] Determining version of request: GET /v1 Accept: application/json {{(pid=122889) process_request /opt/stack/glance/glance/api/middleware/version_negotiation.py:44}}
Apr 06 21:15:23 ubuntu devstack@g-api.service[122889]: DEBUG glance.api.middleware.version_negotiation [None req-a78bef1e-d39c-4bca-85fc-dee8e60e9d0b admin admin] Using url versioning {{(pid=122889) process_request /opt/stack/glance/glance/api/middleware/version_negotiation.py:57}}
Apr 06 21:15:23 ubuntu devstack@g-api.service[122889]: DEBUG glance.api.middleware.version_negotiation [None req-a78bef1e-d39c-4bca-85fc-dee8e60e9d0b admin admin] Unknown version. Returning version choices. {{(pid=122889) process_request /opt/stack/glance/glance/api/middleware/version_negotiation.py:64}}
Apr 06 21:15:23 ubuntu devstack@g-api.service[122889]: [pid: 122889|app: 0|req: 5/11] 127.0.0.1 () {38 vars in 685 bytes} [Wed Apr  6 21:15:23 2022] GET /v1 => generated 1213 bytes in 5 msecs (HTTP/1.1 300) 3 headers in 106 bytes (1 switches on core 0)
Apr 06 21:17:38 ubuntu devstack@g-api.service[122889]: DEBUG oslo_concurrency.lockutils [-] Acquired lock "glance-cache" {{(pid=122889) lock /usr/local/lib/python3.8/dist-packages/oslo_concurrency/lockutils.py:294}}
Apr 06 21:17:38 ubuntu devstack@g-api.service[122889]: DEBUG oslo_concurrency.lockutils [-] Acquired external semaphore "glance-cache" {{(pid=122889) lock /usr/local/lib/python3.8/dist-packages/oslo_concurrency/lockutils.py:302}}
Apr 06 21:17:38 ubuntu devstack@g-api.service[122889]: DEBUG glance.image_cache.prefetcher [-] Nothing to prefetch. {{(pid=122889) run /opt/stack/glance/glance/image_cache/prefetcher.py:79}}
Apr 06 21:17:38 ubuntu devstack@g-api.service[122889]: DEBUG oslo_concurrency.lockutils [-] Releasing lock "glance-cache" {{(pid=122889) lock /usr/local/lib/python3.8/dist-packages/oslo_concurrency/lockutils.py:312}}
Apr 06 21:17:38 ubuntu devstack@g-api.service[122888]: DEBUG oslo_concurrency.lockutils [-] Acquired lock "glance-cache" {{(pid=122888) lock /usr/local/lib/python3.8/dist-packages/oslo_concurrency/lockutils.py:294}}
Apr 06 21:17:38 ubuntu devstack@g-api.service[122888]: DEBUG oslo_concurrency.lockutils [-] Acquired external semaphore "glance-cache" {{(pid=122888) lock /usr/local/lib/python3.8/dist-packages/oslo_concurrency/lockutils.py:302}}
Apr 06 21:17:38 ubuntu devstack@g-api.service[122888]: DEBUG glance.image_cache.prefetcher [-] Nothing to prefetch. {{(pid=122888) run /opt/stack/glance/glance/image_cache/prefetcher.py:79}}
Apr 06 21:17:38 ubuntu devstack@g-api.service[122888]: DEBUG oslo_concurrency.lockutils [-] Releasing lock "glance-cache" {{(pid=122888) lock /usr/local/lib/python3.8/dist-packages/oslo_concurrency/lockutils.py:312}}
Apr 06 21:17:42 ubuntu devstack@g-api.service[122888]: DEBUG glance.api.middleware.version_negotiation [None req-66e7d4a6-b065-4c0b-8e1a-c9b25157f7d0 admin admin] Determining version of request: GET /versions Accept: */* {{(pid=122888) process_request /opt/stack/glance/glance/api/middleware/version_negotiation.py:44}}
Apr 06 21:17:42 ubuntu devstack@g-api.service[122888]: [pid: 122888|app: 0|req: 7/12] 127.0.0.1 () {38 vars in 695 bytes} [Wed Apr  6 21:17:42 2022] GET /versions => generated 1213 bytes in 6 msecs (HTTP/1.1 200) 3 headers in 92 bytes (1 switches on core 0)
Apr 06 21:17:42 ubuntu devstack@g-api.service[122889]: DEBUG glance.api.middleware.version_negotiation [None req-a78bef1e-d39c-4bca-85fc-dee8e60e9d0b admin admin] Determining version of request: GET /v2/schemas/image Accept: */* {{(pid=122889) process_request /opt/stack/glance/glance/api/middleware/version_negotiation.py:44}}
Apr 06 21:17:42 ubuntu devstack@g-api.service[122889]: DEBUG glance.api.middleware.version_negotiation [None req-a78bef1e-d39c-4bca-85fc-dee8e60e9d0b admin admin] Using url versioning {{(pid=122889) process_request /opt/stack/glance/glance/api/middleware/version_negotiation.py:57}}
Apr 06 21:17:42 ubuntu devstack@g-api.service[122889]: DEBUG glance.api.middleware.version_negotiation [None req-a78bef1e-d39c-4bca-85fc-dee8e60e9d0b admin admin] Matched version: v2 {{(pid=122889) process_request /opt/stack/glance/glance/api/middleware/version_negotiation.py:69}}
Apr 06 21:17:42 ubuntu devstack@g-api.service[122889]: DEBUG glance.api.middleware.version_negotiation [None req-a78bef1e-d39c-4bca-85fc-dee8e60e9d0b admin admin] new path /v2/schemas/image {{(pid=122889) process_request /opt/stack/glance/glance/api/middleware/version_negotiation.py:70}}
Apr 06 21:17:43 ubuntu devstack@g-api.service[122889]: [pid: 122889|app: 0|req: 6/13] 127.0.0.1 () {38 vars in 711 bytes} [Wed Apr  6 21:17:42 2022] GET /v2/schemas/image => generated 6083 bytes in 73 msecs (HTTP/1.1 200) 4 headers in 158 bytes (1 switches on core 0)
Apr 06 21:17:43 ubuntu devstack@g-api.service[122888]: DEBUG glance.api.middleware.version_negotiation [None req-66e7d4a6-b065-4c0b-8e1a-c9b25157f7d0 admin admin] Determining version of request: GET /v2/schemas/metadefs/namespace Accept: */* {{(pid=122888) process_request /opt/stack/glance/glance/api/middleware/version_negotiation.py:44}}
Apr 06 21:17:43 ubuntu devstack@g-api.service[122888]: DEBUG glance.api.middleware.version_negotiation [None req-66e7d4a6-b065-4c0b-8e1a-c9b25157f7d0 admin admin] Using url versioning {{(pid=122888) process_request /opt/stack/glance/glance/api/middleware/version_negotiation.py:57}}
Apr 06 21:17:43 ubuntu devstack@g-api.service[122888]: DEBUG glance.api.middleware.version_negotiation [None req-66e7d4a6-b065-4c0b-8e1a-c9b25157f7d0 admin admin] Matched version: v2 {{(pid=122888) process_request /opt/stack/glance/glance/api/middleware/version_negotiation.py:69}}
Apr 06 21:17:43 ubuntu devstack@g-api.service[122888]: DEBUG glance.api.middleware.version_negotiation [None req-66e7d4a6-b065-4c0b-8e1a-c9b25157f7d0 admin admin] new path /v2/schemas/metadefs/namespace {{(pid=122888) process_request /opt/stack/glance/glance/api/middleware/version_negotiation.py:70}}
Apr 06 21:17:43 ubuntu devstack@g-api.service[122888]: [pid: 122888|app: 0|req: 8/14] 127.0.0.1 () {38 vars in 737 bytes} [Wed Apr  6 21:17:43 2022] GET /v2/schemas/metadefs/namespace => generated 3100 bytes in 6 msecs (HTTP/1.1 200) 4 headers in 158 bytes (1 switches on core 0)
Apr 06 21:17:43 ubuntu devstack@g-api.service[122889]: DEBUG glance.api.middleware.version_negotiation [None req-0bd96f5e-9ed9-41f5-b311-fbe8ebf5e48b admin admin] Determining version of request: GET /v2/schemas/metadefs/resource_type Accept: */* {{(pid=122889) process_request /opt/stack/glance/glance/api/middleware/version_negotiation.py:44}}
Apr 06 21:17:43 ubuntu devstack@g-api.service[122889]: DEBUG glance.api.middleware.version_negotiation [None req-0bd96f5e-9ed9-41f5-b311-fbe8ebf5e48b admin admin] Using url versioning {{(pid=122889) process_request /opt/stack/glance/glance/api/middleware/version_negotiation.py:57}}
Apr 06 21:17:43 ubuntu devstack@g-api.service[122889]: DEBUG glance.api.middleware.version_negotiation [None req-0bd96f5e-9ed9-41f5-b311-fbe8ebf5e48b admin admin] Matched version: v2 {{(pid=122889) process_request /opt/stack/glance/glance/api/middleware/version_negotiation.py:69}}
Apr 06 21:17:43 ubuntu devstack@g-api.service[122889]: DEBUG glance.api.middleware.version_negotiation [None req-0bd96f5e-9ed9-41f5-b311-fbe8ebf5e48b admin admin] new path /v2/schemas/metadefs/resource_type {{(pid=122889) process_request /opt/stack/glance/glance/api/middleware/version_negotiation.py:70}}
Apr 06 21:17:43 ubuntu devstack@g-api.service[122889]: [pid: 122889|app: 0|req: 7/15] 127.0.0.1 () {38 vars in 745 bytes} [Wed Apr  6 21:17:43 2022] GET /v2/schemas/metadefs/resource_type => generated 1262 bytes in 4 msecs (HTTP/1.1 200) 4 headers in 158 bytes (1 switches on core 0)
Apr 06 21:17:43 ubuntu devstack@g-api.service[122888]: DEBUG glance.api.middleware.version_negotiation [None req-6860ed62-6c92-4262-b2d8-240e1ab991cc admin admin] Determining version of request: GET /v2/images Accept: */* {{(pid=122888) process_request /opt/stack/glance/glance/api/middleware/version_negotiation.py:44}}
Apr 06 21:17:43 ubuntu devstack@g-api.service[122888]: DEBUG glance.api.middleware.version_negotiation [None req-6860ed62-6c92-4262-b2d8-240e1ab991cc admin admin] Using url versioning {{(pid=122888) process_request /opt/stack/glance/glance/api/middleware/version_negotiation.py:57}}
Apr 06 21:17:43 ubuntu devstack@g-api.service[122888]: DEBUG glance.api.middleware.version_negotiation [None req-6860ed62-6c92-4262-b2d8-240e1ab991cc admin admin] Matched version: v2 {{(pid=122888) process_request /opt/stack/glance/glance/api/middleware/version_negotiation.py:69}}
Apr 06 21:17:43 ubuntu devstack@g-api.service[122888]: DEBUG glance.api.middleware.version_negotiation [None req-6860ed62-6c92-4262-b2d8-240e1ab991cc admin admin] new path /v2/images {{(pid=122888) process_request /opt/stack/glance/glance/api/middleware/version_negotiation.py:70}}
Apr 06 21:17:43 ubuntu devstack@g-api.service[122888]: [pid: 122888|app: 0|req: 9/16] 127.0.0.1 () {38 vars in 768 bytes} [Wed Apr  6 21:17:43 2022] GET /v2/images?limit=20&sort_key=name&sort_dir=asc => generated 1081 bytes in 90 msecs (HTTP/1.1 200) 4 headers in 158 bytes (1 switches on core 0)
Apr 06 21:17:43 ubuntu devstack@g-api.service[122889]: DEBUG glance.api.middleware.version_negotiation [None req-49a9962e-af7c-4ea2-875c-4f3012a397aa admin admin] Determining version of request: GET /v2/schemas/image Accept: */* {{(pid=122889) process_request /opt/stack/glance/glance/api/middleware/version_negotiation.py:44}}
Apr 06 21:17:43 ubuntu devstack@g-api.service[122889]: DEBUG glance.api.middleware.version_negotiation [None req-49a9962e-af7c-4ea2-875c-4f3012a397aa admin admin] Using url versioning {{(pid=122889) process_request /opt/stack/glance/glance/api/middleware/version_negotiation.py:57}}
Apr 06 21:17:43 ubuntu devstack@g-api.service[122889]: DEBUG glance.api.middleware.version_negotiation [None req-49a9962e-af7c-4ea2-875c-4f3012a397aa admin admin] Matched version: v2 {{(pid=122889) process_request /opt/stack/glance/glance/api/middleware/version_negotiation.py:69}}
Apr 06 21:17:43 ubuntu devstack@g-api.service[122889]: DEBUG glance.api.middleware.version_negotiation [None req-49a9962e-af7c-4ea2-875c-4f3012a397aa admin admin] new path /v2/schemas/image {{(pid=122889) process_request /opt/stack/glance/glance/api/middleware/version_negotiation.py:70}}
Apr 06 21:17:43 ubuntu devstack@g-api.service[122889]: [pid: 122889|app: 0|req: 8/17] 127.0.0.1 () {38 vars in 711 bytes} [Wed Apr  6 21:17:43 2022] GET /v2/schemas/image => generated 6083 bytes in 4 msecs (HTTP/1.1 200) 4 headers in 158 bytes (1 switches on core 0)
Apr 06 21:17:53 ubuntu devstack@g-api.service[122888]: DEBUG glance.api.middleware.version_negotiation [None req-82942798-bb64-44e8-9b52-8876c52a6247 admin admin] Determining version of request: GET / Accept: application/json {{(pid=122888) process_request /opt/stack/glance/glance/api/middleware/version_negotiation.py:44}}
Apr 06 21:17:53 ubuntu devstack@g-api.service[122888]: DEBUG glance.api.middleware.version_negotiation [None req-82942798-bb64-44e8-9b52-8876c52a6247 admin admin] Using url versioning {{(pid=122888) process_request /opt/stack/glance/glance/api/middleware/version_negotiation.py:57}}
Apr 06 21:17:53 ubuntu devstack@g-api.service[122888]: DEBUG glance.api.middleware.version_negotiation [None req-82942798-bb64-44e8-9b52-8876c52a6247 admin admin] Unknown version. Returning version choices. {{(pid=122888) process_request /opt/stack/glance/glance/api/middleware/version_negotiation.py:64}}
Apr 06 21:17:53 ubuntu devstack@g-api.service[122888]: [pid: 122888|app: 0|req: 10/18] 127.0.0.1 () {34 vars in 492 bytes} [Wed Apr  6 21:17:53 2022] GET / => generated 1213 bytes in 6 msecs (HTTP/1.1 300) 3 headers in 106 bytes (1 switches on core 0)
Apr 06 21:17:53 ubuntu devstack@g-api.service[122889]: DEBUG glance.api.middleware.version_negotiation [None req-ab580d39-5b38-41ae-8bfb-16ee952c9d6a admin admin] Determining version of request: GET /v2/images/906f9fe4-ad63-4bc0-a526-6870182f33ee Accept: */* {{(pid=122889) process_request /opt/stack/glance/glance/api/middleware/version_negotiation.py:44}}
Apr 06 21:17:53 ubuntu devstack@g-api.service[122889]: DEBUG glance.api.middleware.version_negotiation [None req-ab580d39-5b38-41ae-8bfb-16ee952c9d6a admin admin] Using url versioning {{(pid=122889) process_request /opt/stack/glance/glance/api/middleware/version_negotiation.py:57}}
Apr 06 21:17:53 ubuntu devstack@g-api.service[122889]: DEBUG glance.api.middleware.version_negotiation [None req-ab580d39-5b38-41ae-8bfb-16ee952c9d6a admin admin] Matched version: v2 {{(pid=122889) process_request /opt/stack/glance/glance/api/middleware/version_negotiation.py:69}}
Apr 06 21:17:53 ubuntu devstack@g-api.service[122889]: DEBUG glance.api.middleware.version_negotiation [None req-ab580d39-5b38-41ae-8bfb-16ee952c9d6a admin admin] new path /v2/images/906f9fe4-ad63-4bc0-a526-6870182f33ee {{(pid=122889) process_request /opt/stack/glance/glance/api/middleware/version_negotiation.py:70}}
Apr 06 21:17:54 ubuntu devstack@g-api.service[122889]: WARNING keystonemiddleware.auth_token [None req-ab580d39-5b38-41ae-8bfb-16ee952c9d6a admin admin] A valid token was submitted as a service token, but it was not a valid service token. This is incorrect but backwards compatible behaviour. This will be removed in future releases.
Apr 06 21:17:54 ubuntu devstack@g-api.service[122889]: [pid: 122889|app: 0|req: 9/19] 127.0.0.1 () {42 vars in 1049 bytes} [Wed Apr  6 21:17:53 2022] GET /v2/images/906f9fe4-ad63-4bc0-a526-6870182f33ee => generated 976 bytes in 122 msecs (HTTP/1.1 200) 4 headers in 157 bytes (1 switches on core 0)
Apr 06 21:17:54 ubuntu devstack@g-api.service[122888]: DEBUG glance.api.middleware.version_negotiation [None req-82942798-bb64-44e8-9b52-8876c52a6247 admin admin] Determining version of request: GET /v2/schemas/image Accept: */* {{(pid=122888) process_request /opt/stack/glance/glance/api/middleware/version_negotiation.py:44}}
Apr 06 21:17:54 ubuntu devstack@g-api.service[122888]: DEBUG glance.api.middleware.version_negotiation [None req-82942798-bb64-44e8-9b52-8876c52a6247 admin admin] Using url versioning {{(pid=122888) process_request /opt/stack/glance/glance/api/middleware/version_negotiation.py:57}}
Apr 06 21:17:54 ubuntu devstack@g-api.service[122888]: DEBUG glance.api.middleware.version_negotiation [None req-82942798-bb64-44e8-9b52-8876c52a6247 admin admin] Matched version: v2 {{(pid=122888) process_request /opt/stack/glance/glance/api/middleware/version_negotiation.py:69}}
Apr 06 21:17:54 ubuntu devstack@g-api.service[122888]: DEBUG glance.api.middleware.version_negotiation [None req-82942798-bb64-44e8-9b52-8876c52a6247 admin admin] new path /v2/schemas/image {{(pid=122888) process_request /opt/stack/glance/glance/api/middleware/version_negotiation.py:70}}
Apr 06 21:17:54 ubuntu devstack@g-api.service[122888]: WARNING keystonemiddleware.auth_token [None req-82942798-bb64-44e8-9b52-8876c52a6247 admin admin] A valid token was submitted as a service token, but it was not a valid service token. This is incorrect but backwards compatible behaviour. This will be removed in future releases.
Apr 06 21:17:54 ubuntu devstack@g-api.service[122888]: [pid: 122888|app: 0|req: 11/20] 127.0.0.1 () {42 vars in 989 bytes} [Wed Apr  6 21:17:54 2022] GET /v2/schemas/image => generated 6083 bytes in 9 msecs (HTTP/1.1 200) 4 headers in 158 bytes (1 switches on core 0)
Apr 06 21:17:55 ubuntu devstack@g-api.service[122889]: DEBUG glance.api.middleware.version_negotiation [None req-356aec77-3691-4e22-9aea-e4cff9103a01 tempest-UpdateMultiattachVolumeNegativeTest-2924718 tempest-UpdateMultiattachVolumeNegativeTest-2924718-project] Determining version of request: GET /v2/images/906f9fe4-ad63-4bc0-a526-6870182f33ee Accept: */* {{(pid=122889) process_request /opt/stack/glance/glance/api/middleware/version_negotiation.py:44}}
Apr 06 21:17:55 ubuntu devstack@g-api.service[122889]: DEBUG glance.api.middleware.version_negotiation [None req-356aec77-3691-4e22-9aea-e4cff9103a01 tempest-UpdateMultiattachVolumeNegativeTest-2924718 tempest-UpdateMultiattachVolumeNegativeTest-2924718-project] Using url versioning {{(pid=122889) process_request /opt/stack/glance/glance/api/middleware/version_negotiation.py:57}}
Apr 06 21:17:55 ubuntu devstack@g-api.service[122889]: DEBUG glance.api.middleware.version_negotiation [None req-356aec77-3691-4e22-9aea-e4cff9103a01 tempest-UpdateMultiattachVolumeNegativeTest-2924718 tempest-UpdateMultiattachVolumeNegativeTest-2924718-project] Matched version: v2 {{(pid=122889) process_request /opt/stack/glance/glance/api/middleware/version_negotiation.py:69}}
Apr 06 21:17:55 ubuntu devstack@g-api.service[122889]: DEBUG glance.api.middleware.version_negotiation [None req-356aec77-3691-4e22-9aea-e4cff9103a01 tempest-UpdateMultiattachVolumeNegativeTest-2924718 tempest-UpdateMultiattachVolumeNegativeTest-2924718-project] new path /v2/images/906f9fe4-ad63-4bc0-a526-6870182f33ee {{(pid=122889) process_request /opt/stack/glance/glance/api/middleware/version_negotiation.py:70}}
Apr 06 21:17:55 ubuntu devstack@g-api.service[122889]: [pid: 122889|app: 0|req: 10/21] 127.0.0.1 () {42 vars in 1049 bytes} [Wed Apr  6 21:17:55 2022] GET /v2/images/906f9fe4-ad63-4bc0-a526-6870182f33ee => generated 976 bytes in 71 msecs (HTTP/1.1 200) 4 headers in 157 bytes (1 switches on core 0)
Apr 06 21:17:56 ubuntu devstack@g-api.service[122888]: DEBUG glance.api.middleware.version_negotiation [None req-356aec77-3691-4e22-9aea-e4cff9103a01 tempest-UpdateMultiattachVolumeNegativeTest-2924718 tempest-UpdateMultiattachVolumeNegativeTest-2924718-project] Determining version of request: GET /v2/images/906f9fe4-ad63-4bc0-a526-6870182f33ee/file Accept: */* {{(pid=122888) process_request /opt/stack/glance/glance/api/middleware/version_negotiation.py:44}}
Apr 06 21:17:56 ubuntu devstack@g-api.service[122888]: DEBUG glance.api.middleware.version_negotiation [None req-356aec77-3691-4e22-9aea-e4cff9103a01 tempest-UpdateMultiattachVolumeNegativeTest-2924718 tempest-UpdateMultiattachVolumeNegativeTest-2924718-project] Using url versioning {{(pid=122888) process_request /opt/stack/glance/glance/api/middleware/version_negotiation.py:57}}
Apr 06 21:17:56 ubuntu devstack@g-api.service[122888]: DEBUG glance.api.middleware.version_negotiation [None req-356aec77-3691-4e22-9aea-e4cff9103a01 tempest-UpdateMultiattachVolumeNegativeTest-2924718 tempest-UpdateMultiattachVolumeNegativeTest-2924718-project] Matched version: v2 {{(pid=122888) process_request /opt/stack/glance/glance/api/middleware/version_negotiation.py:69}}
Apr 06 21:17:56 ubuntu devstack@g-api.service[122888]: DEBUG glance.api.middleware.version_negotiation [None req-356aec77-3691-4e22-9aea-e4cff9103a01 tempest-UpdateMultiattachVolumeNegativeTest-2924718 tempest-UpdateMultiattachVolumeNegativeTest-2924718-project] new path /v2/images/906f9fe4-ad63-4bc0-a526-6870182f33ee/file {{(pid=122888) process_request /opt/stack/glance/glance/api/middleware/version_negotiation.py:70}}
Apr 06 21:17:56 ubuntu devstack@g-api.service[122888]: DEBUG glance_store.backend [None req-356aec77-3691-4e22-9aea-e4cff9103a01 tempest-UpdateMultiattachVolumeNegativeTest-2924718 tempest-UpdateMultiattachVolumeNegativeTest-2924718-project] Attempting to import store swift {{(pid=122888) _load_store /usr/local/lib/python3.8/dist-packages/glance_store/backend.py:217}}
Apr 06 21:17:56 ubuntu devstack@g-api.service[122888]: DEBUG glance_store.capabilities [None req-356aec77-3691-4e22-9aea-e4cff9103a01 tempest-UpdateMultiattachVolumeNegativeTest-2924718 tempest-UpdateMultiattachVolumeNegativeTest-2924718-project] Store glance_store._drivers.swift.store.SingleTenantStore doesn't support updating dynamic storage capabilities. Please overwrite 'update_capabilities' method of the store to implement updating logics if needed. {{(pid=122888) update_capabilities /usr/local/lib/python3.8/dist-packages/glance_store/capabilities.py:91}}
Apr 06 21:17:56 ubuntu devstack@g-api.service[122888]: DEBUG glance_store.driver [None req-356aec77-3691-4e22-9aea-e4cff9103a01 tempest-UpdateMultiattachVolumeNegativeTest-2924718 tempest-UpdateMultiattachVolumeNegativeTest-2924718-project] Late loading location class glance_store._drivers.swift.store.StoreLocation {{(pid=122888) get_store_location_class /usr/local/lib/python3.8/dist-packages/glance_store/driver.py:117}}
Apr 06 21:17:56 ubuntu devstack@g-api.service[122888]: DEBUG glance_store.location [None req-356aec77-3691-4e22-9aea-e4cff9103a01 tempest-UpdateMultiattachVolumeNegativeTest-2924718 tempest-UpdateMultiattachVolumeNegativeTest-2924718-project] Registering scheme swift+https with {'store': <glance_store._drivers.swift.store.SingleTenantStore object at 0x7f5a201d60d0>, 'location_class': <class 'glance_store._drivers.swift.store.StoreLocation'>, 'store_entry': 'swift'} {{(pid=122888) register_scheme_map /usr/local/lib/python3.8/dist-packages/glance_store/location.py:146}}
Apr 06 21:17:56 ubuntu devstack@g-api.service[122888]: DEBUG glance_store.location [None req-356aec77-3691-4e22-9aea-e4cff9103a01 tempest-UpdateMultiattachVolumeNegativeTest-2924718 tempest-UpdateMultiattachVolumeNegativeTest-2924718-project] Registering scheme swift+https with {'store': <glance_store._drivers.swift.store.SingleTenantStore object at 0x7f5a201d60d0>, 'location_class': <class 'glance_store._drivers.swift.store.StoreLocation'>, 'store_entry': 'swift'} {{(pid=122888) register_scheme_map /usr/local/lib/python3.8/dist-packages/glance_store/location.py:146}}
Apr 06 21:17:56 ubuntu devstack@g-api.service[122888]: DEBUG glance_store.location [None req-356aec77-3691-4e22-9aea-e4cff9103a01 tempest-UpdateMultiattachVolumeNegativeTest-2924718 tempest-UpdateMultiattachVolumeNegativeTest-2924718-project] Registering scheme swift with {'store': <glance_store._drivers.swift.store.SingleTenantStore object at 0x7f5a201d60d0>, 'location_class': <class 'glance_store._drivers.swift.store.StoreLocation'>, 'store_entry': 'swift'} {{(pid=122888) register_scheme_map /usr/local/lib/python3.8/dist-packages/glance_store/location.py:146}}
Apr 06 21:17:56 ubuntu devstack@g-api.service[122888]: DEBUG glance_store.location [None req-356aec77-3691-4e22-9aea-e4cff9103a01 tempest-UpdateMultiattachVolumeNegativeTest-2924718 tempest-UpdateMultiattachVolumeNegativeTest-2924718-project] Registering scheme swift+https with {'store': <glance_store._drivers.swift.store.SingleTenantStore object at 0x7f5a201d60d0>, 'location_class': <class 'glance_store._drivers.swift.store.StoreLocation'>, 'store_entry': 'swift'} {{(pid=122888) register_scheme_map /usr/local/lib/python3.8/dist-packages/glance_store/location.py:146}}
Apr 06 21:17:56 ubuntu devstack@g-api.service[122888]: DEBUG glance_store.location [None req-356aec77-3691-4e22-9aea-e4cff9103a01 tempest-UpdateMultiattachVolumeNegativeTest-2924718 tempest-UpdateMultiattachVolumeNegativeTest-2924718-project] Registering scheme swift with {'store': <glance_store._drivers.swift.store.SingleTenantStore object at 0x7f5a201d60d0>, 'location_class': <class 'glance_store._drivers.swift.store.StoreLocation'>, 'store_entry': 'swift'} {{(pid=122888) register_scheme_map /usr/local/lib/python3.8/dist-packages/glance_store/location.py:146}}
Apr 06 21:17:56 ubuntu devstack@g-api.service[122888]: DEBUG glance_store.location [None req-356aec77-3691-4e22-9aea-e4cff9103a01 tempest-UpdateMultiattachVolumeNegativeTest-2924718 tempest-UpdateMultiattachVolumeNegativeTest-2924718-project] Registering scheme swift+http with {'store': <glance_store._drivers.swift.store.SingleTenantStore object at 0x7f5a201d60d0>, 'location_class': <class 'glance_store._drivers.swift.store.StoreLocation'>, 'store_entry': 'swift'} {{(pid=122888) register_scheme_map /usr/local/lib/python3.8/dist-packages/glance_store/location.py:146}}
Apr 06 21:17:56 ubuntu devstack@g-api.service[122888]: DEBUG glance_store.location [None req-356aec77-3691-4e22-9aea-e4cff9103a01 tempest-UpdateMultiattachVolumeNegativeTest-2924718 tempest-UpdateMultiattachVolumeNegativeTest-2924718-project] Registering scheme swift+https with {'store': <glance_store._drivers.swift.store.SingleTenantStore object at 0x7f5a201d60d0>, 'location_class': <class 'glance_store._drivers.swift.store.StoreLocation'>, 'store_entry': 'swift'} {{(pid=122888) register_scheme_map /usr/local/lib/python3.8/dist-packages/glance_store/location.py:146}}
Apr 06 21:17:56 ubuntu devstack@g-api.service[122888]: DEBUG glance_store.location [None req-356aec77-3691-4e22-9aea-e4cff9103a01 tempest-UpdateMultiattachVolumeNegativeTest-2924718 tempest-UpdateMultiattachVolumeNegativeTest-2924718-project] Registering scheme swift with {'store': <glance_store._drivers.swift.store.SingleTenantStore object at 0x7f5a201d60d0>, 'location_class': <class 'glance_store._drivers.swift.store.StoreLocation'>, 'store_entry': 'swift'} {{(pid=122888) register_scheme_map /usr/local/lib/python3.8/dist-packages/glance_store/location.py:146}}
Apr 06 21:17:56 ubuntu devstack@g-api.service[122888]: DEBUG glance_store.location [None req-356aec77-3691-4e22-9aea-e4cff9103a01 tempest-UpdateMultiattachVolumeNegativeTest-2924718 tempest-UpdateMultiattachVolumeNegativeTest-2924718-project] Registering scheme swift+http with {'store': <glance_store._drivers.swift.store.SingleTenantStore object at 0x7f5a201d60d0>, 'location_class': <class 'glance_store._drivers.swift.store.StoreLocation'>, 'store_entry': 'swift'} {{(pid=122888) register_scheme_map /usr/local/lib/python3.8/dist-packages/glance_store/location.py:146}}
Apr 06 21:17:56 ubuntu devstack@g-api.service[122888]: DEBUG glance_store.location [None req-356aec77-3691-4e22-9aea-e4cff9103a01 tempest-UpdateMultiattachVolumeNegativeTest-2924718 tempest-UpdateMultiattachVolumeNegativeTest-2924718-project] Registering scheme swift+config with {'store': <glance_store._drivers.swift.store.SingleTenantStore object at 0x7f5a201d60d0>, 'location_class': <class 'glance_store._drivers.swift.store.StoreLocation'>, 'store_entry': 'swift'} {{(pid=122888) register_scheme_map /usr/local/lib/python3.8/dist-packages/glance_store/location.py:146}}
Apr 06 21:17:56 ubuntu devstack@g-api.service[122888]: DEBUG swiftclient [None req-356aec77-3691-4e22-9aea-e4cff9103a01 tempest-UpdateMultiattachVolumeNegativeTest-2924718 tempest-UpdateMultiattachVolumeNegativeTest-2924718-project] REQ: curl -i http://192.168.79.42:8080/v1/AUTH_485cbcc7a63847f480afb0ebe63195df/glance/906f9fe4-ad63-4bc0-a526-6870182f33ee -X GET -H "X-Auth-Token: gAAAAABiTgOENHb9..." {{(pid=122888) http_log /usr/local/lib/python3.8/dist-packages/swiftclient/client.py:187}}
Apr 06 21:17:56 ubuntu devstack@g-api.service[122888]: DEBUG swiftclient [None req-356aec77-3691-4e22-9aea-e4cff9103a01 tempest-UpdateMultiattachVolumeNegativeTest-2924718 tempest-UpdateMultiattachVolumeNegativeTest-2924718-project] RESP STATUS: 200 OK {{(pid=122888) http_log /usr/local/lib/python3.8/dist-packages/swiftclient/client.py:188}}
Apr 06 21:17:56 ubuntu devstack@g-api.service[122888]: DEBUG swiftclient [None req-356aec77-3691-4e22-9aea-e4cff9103a01 tempest-UpdateMultiattachVolumeNegativeTest-2924718 tempest-UpdateMultiattachVolumeNegativeTest-2924718-project] RESP HEADERS: {'Content-Type': 'application/octet-stream', 'Etag': '1d3062cd89af34e419f7100277f38b2b', 'Last-Modified': 'Wed, 06 Apr 2022 21:12:49 GMT', 'X-Timestamp': '1649279568.94623', 'Accept-Ranges': 'bytes', 'Content-Length': '16338944', 'X-Trans-Id': 'tx1cdbb6db1b8b41e4a4aee-00624e0384', 'X-Openstack-Request-Id': 'tx1cdbb6db1b8b41e4a4aee-00624e0384', 'Date': 'Wed, 06 Apr 2022 21:17:56 GMT'} {{(pid=122888) http_log /usr/local/lib/python3.8/dist-packages/swiftclient/client.py:189}}
Apr 06 21:17:56 ubuntu devstack@g-api.service[122888]: DEBUG glance.image_cache [None req-356aec77-3691-4e22-9aea-e4cff9103a01 tempest-UpdateMultiattachVolumeNegativeTest-2924718 tempest-UpdateMultiattachVolumeNegativeTest-2924718-project] Tee'ing image '906f9fe4-ad63-4bc0-a526-6870182f33ee' into cache {{(pid=122888) get_caching_iter /opt/stack/glance/glance/image_cache/__init__.py:343}}
Apr 06 21:17:56 ubuntu devstack@g-api.service[122888]: DEBUG glance.image_cache.drivers.sqlite [None req-356aec77-3691-4e22-9aea-e4cff9103a01 tempest-UpdateMultiattachVolumeNegativeTest-2924718 tempest-UpdateMultiattachVolumeNegativeTest-2924718-project] Fetch finished, moving '/opt/stack/data/glance/cache/incomplete/906f9fe4-ad63-4bc0-a526-6870182f33ee' to '/opt/stack/data/glance/cache/906f9fe4-ad63-4bc0-a526-6870182f33ee' {{(pid=122888) commit /opt/stack/glance/glance/image_cache/drivers/sqlite.py:324}}
Apr 06 21:17:56 ubuntu devstack@g-api.service[122888]: [pid: 122888|app: 0|req: 12/22] 127.0.0.1 () {42 vars in 1059 bytes} [Wed Apr  6 21:17:56 2022] GET /v2/images/906f9fe4-ad63-4bc0-a526-6870182f33ee/file => generated 16338944 bytes in 375 msecs (HTTP/1.1 200) 4 headers in 191 bytes (250 switches on core 0)
Apr 06 21:18:02 ubuntu devstack@g-api.service[122889]: DEBUG glance.api.middleware.version_negotiation [None req-356aec77-3691-4e22-9aea-e4cff9103a01 tempest-UpdateMultiattachVolumeNegativeTest-2924718 tempest-UpdateMultiattachVolumeNegativeTest-2924718-project] Determining version of request: GET / Accept: application/json {{(pid=122889) process_request /opt/stack/glance/glance/api/middleware/version_negotiation.py:44}}
Apr 06 21:18:02 ubuntu devstack@g-api.service[122889]: DEBUG glance.api.middleware.version_negotiation [None req-356aec77-3691-4e22-9aea-e4cff9103a01 tempest-UpdateMultiattachVolumeNegativeTest-2924718 tempest-UpdateMultiattachVolumeNegativeTest-2924718-project] Using url versioning {{(pid=122889) process_request /opt/stack/glance/glance/api/middleware/version_negotiation.py:57}}
Apr 06 21:18:02 ubuntu devstack@g-api.service[122889]: DEBUG glance.api.middleware.version_negotiation [None req-356aec77-3691-4e22-9aea-e4cff9103a01 tempest-UpdateMultiattachVolumeNegativeTest-2924718 tempest-UpdateMultiattachVolumeNegativeTest-2924718-project] Unknown version. Returning version choices. {{(pid=122889) process_request /opt/stack/glance/glance/api/middleware/version_negotiation.py:64}}
Apr 06 21:18:02 ubuntu devstack@g-api.service[122889]: [pid: 122889|app: 0|req: 11/23] 127.0.0.1 () {34 vars in 492 bytes} [Wed Apr  6 21:18:02 2022] GET / => generated 1213 bytes in 2 msecs (HTTP/1.1 300) 3 headers in 106 bytes (1 switches on core 0)
Apr 06 21:18:02 ubuntu devstack@g-api.service[122888]: DEBUG glance.api.middleware.version_negotiation [None req-356aec77-3691-4e22-9aea-e4cff9103a01 tempest-UpdateMultiattachVolumeNegativeTest-2924718 tempest-UpdateMultiattachVolumeNegativeTest-2924718-project] Determining version of request: GET /v2/images/906f9fe4-ad63-4bc0-a526-6870182f33ee Accept: */* {{(pid=122888) process_request /opt/stack/glance/glance/api/middleware/version_negotiation.py:44}}
Apr 06 21:18:02 ubuntu devstack@g-api.service[122888]: DEBUG glance.api.middleware.version_negotiation [None req-356aec77-3691-4e22-9aea-e4cff9103a01 tempest-UpdateMultiattachVolumeNegativeTest-2924718 tempest-UpdateMultiattachVolumeNegativeTest-2924718-project] Using url versioning {{(pid=122888) process_request /opt/stack/glance/glance/api/middleware/version_negotiation.py:57}}
Apr 06 21:18:02 ubuntu devstack@g-api.service[122888]: DEBUG glance.api.middleware.version_negotiation [None req-356aec77-3691-4e22-9aea-e4cff9103a01 tempest-UpdateMultiattachVolumeNegativeTest-2924718 tempest-UpdateMultiattachVolumeNegativeTest-2924718-project] Matched version: v2 {{(pid=122888) process_request /opt/stack/glance/glance/api/middleware/version_negotiation.py:69}}
Apr 06 21:18:02 ubuntu devstack@g-api.service[122888]: DEBUG glance.api.middleware.version_negotiation [None req-356aec77-3691-4e22-9aea-e4cff9103a01 tempest-UpdateMultiattachVolumeNegativeTest-2924718 tempest-UpdateMultiattachVolumeNegativeTest-2924718-project] new path /v2/images/906f9fe4-ad63-4bc0-a526-6870182f33ee {{(pid=122888) process_request /opt/stack/glance/glance/api/middleware/version_negotiation.py:70}}
Apr 06 21:18:02 ubuntu devstack@g-api.service[122888]: [pid: 122888|app: 0|req: 13/24] 127.0.0.1 () {42 vars in 1049 bytes} [Wed Apr  6 21:18:02 2022] GET /v2/images/906f9fe4-ad63-4bc0-a526-6870182f33ee => generated 976 bytes in 17 msecs (HTTP/1.1 200) 4 headers in 157 bytes (1 switches on core 0)
Apr 06 21:18:02 ubuntu devstack@g-api.service[122889]: DEBUG glance.api.middleware.version_negotiation [None req-356aec77-3691-4e22-9aea-e4cff9103a01 tempest-UpdateMultiattachVolumeNegativeTest-2924718 tempest-UpdateMultiattachVolumeNegativeTest-2924718-project] Determining version of request: GET /v2/schemas/image Accept: */* {{(pid=122889) process_request /opt/stack/glance/glance/api/middleware/version_negotiation.py:44}}
Apr 06 21:18:02 ubuntu devstack@g-api.service[122889]: DEBUG glance.api.middleware.version_negotiation [None req-356aec77-3691-4e22-9aea-e4cff9103a01 tempest-UpdateMultiattachVolumeNegativeTest-2924718 tempest-UpdateMultiattachVolumeNegativeTest-2924718-project] Using url versioning {{(pid=122889) process_request /opt/stack/glance/glance/api/middleware/version_negotiation.py:57}}
Apr 06 21:18:02 ubuntu devstack@g-api.service[122889]: DEBUG glance.api.middleware.version_negotiation [None req-356aec77-3691-4e22-9aea-e4cff9103a01 tempest-UpdateMultiattachVolumeNegativeTest-2924718 tempest-UpdateMultiattachVolumeNegativeTest-2924718-project] Matched version: v2 {{(pid=122889) process_request /opt/stack/glance/glance/api/middleware/version_negotiation.py:69}}
Apr 06 21:18:02 ubuntu devstack@g-api.service[122889]: DEBUG glance.api.middleware.version_negotiation [None req-356aec77-3691-4e22-9aea-e4cff9103a01 tempest-UpdateMultiattachVolumeNegativeTest-2924718 tempest-UpdateMultiattachVolumeNegativeTest-2924718-project] new path /v2/schemas/image {{(pid=122889) process_request /opt/stack/glance/glance/api/middleware/version_negotiation.py:70}}
Apr 06 21:18:02 ubuntu devstack@g-api.service[122889]: [pid: 122889|app: 0|req: 12/25] 127.0.0.1 () {42 vars in 989 bytes} [Wed Apr  6 21:18:02 2022] GET /v2/schemas/image => generated 6083 bytes in 7 msecs (HTTP/1.1 200) 4 headers in 158 bytes (1 switches on core 0)
Apr 06 21:18:35 ubuntu devstack@g-api.service[122888]: DEBUG glance.api.middleware.version_negotiation [None req-32b783ef-297a-4100-8b3d-e79e1b2fb3e0 tempest-UpdateMultiattachVolumeNegativeTest-2924718 tempest-UpdateMultiattachVolumeNegativeTest-2924718-project] Determining version of request: GET /v2/images/906f9fe4-ad63-4bc0-a526-6870182f33ee Accept: */* {{(pid=122888) process_request /opt/stack/glance/glance/api/middleware/version_negotiation.py:44}}
Apr 06 21:18:35 ubuntu devstack@g-api.service[122888]: DEBUG glance.api.middleware.version_negotiation [None req-32b783ef-297a-4100-8b3d-e79e1b2fb3e0 tempest-UpdateMultiattachVolumeNegativeTest-2924718 tempest-UpdateMultiattachVolumeNegativeTest-2924718-project] Using url versioning {{(pid=122888) process_request /opt/stack/glance/glance/api/middleware/version_negotiation.py:57}}
Apr 06 21:18:35 ubuntu devstack@g-api.service[122888]: DEBUG glance.api.middleware.version_negotiation [None req-32b783ef-297a-4100-8b3d-e79e1b2fb3e0 tempest-UpdateMultiattachVolumeNegativeTest-2924718 tempest-UpdateMultiattachVolumeNegativeTest-2924718-project] Matched version: v2 {{(pid=122888) process_request /opt/stack/glance/glance/api/middleware/version_negotiation.py:69}}
Apr 06 21:18:35 ubuntu devstack@g-api.service[122888]: DEBUG glance.api.middleware.version_negotiation [None req-32b783ef-297a-4100-8b3d-e79e1b2fb3e0 tempest-UpdateMultiattachVolumeNegativeTest-2924718 tempest-UpdateMultiattachVolumeNegativeTest-2924718-project] new path /v2/images/906f9fe4-ad63-4bc0-a526-6870182f33ee {{(pid=122888) process_request /opt/stack/glance/glance/api/middleware/version_negotiation.py:70}}
Apr 06 21:18:35 ubuntu devstack@g-api.service[122888]: [pid: 122888|app: 0|req: 14/26] 127.0.0.1 () {42 vars in 1049 bytes} [Wed Apr  6 21:18:35 2022] GET /v2/images/906f9fe4-ad63-4bc0-a526-6870182f33ee => generated 976 bytes in 23 msecs (HTTP/1.1 200) 4 headers in 157 bytes (1 switches on core 0)
Apr 06 21:18:35 ubuntu devstack@g-api.service[122889]: DEBUG glance.api.middleware.version_negotiation [None req-32b783ef-297a-4100-8b3d-e79e1b2fb3e0 tempest-UpdateMultiattachVolumeNegativeTest-2924718 tempest-UpdateMultiattachVolumeNegativeTest-2924718-project] Determining version of request: GET /v2/schemas/image Accept: */* {{(pid=122889) process_request /opt/stack/glance/glance/api/middleware/version_negotiation.py:44}}
Apr 06 21:18:35 ubuntu devstack@g-api.service[122889]: DEBUG glance.api.middleware.version_negotiation [None req-32b783ef-297a-4100-8b3d-e79e1b2fb3e0 tempest-UpdateMultiattachVolumeNegativeTest-2924718 tempest-UpdateMultiattachVolumeNegativeTest-2924718-project] Using url versioning {{(pid=122889) process_request /opt/stack/glance/glance/api/middleware/version_negotiation.py:57}}
