Jul 27 22:48:25 ubuntu devstack@g-api.service[151251]: INFO glance.location [None req-e3df1029-0816-47c6-a35e-4e5e2a217602 admin admin] Image format matched and virtual size computed: 117440512
Jul 27 22:48:25 ubuntu devstack@g-api.service[151251]: DEBUG glance_store.backend [None req-e3df1029-0816-47c6-a35e-4e5e2a217602 admin admin] Attempting to import store swift {{(pid=151251) _load_store /usr/local/lib/python3.8/dist-packages/glance_store/backend.py:216}}
Jul 27 22:48:25 ubuntu devstack@g-api.service[151251]: DEBUG glance_store.capabilities [None req-e3df1029-0816-47c6-a35e-4e5e2a217602 admin admin] Store glance_store._drivers.swift.store.SingleTenantStore doesn't support updating dynamic storage capabilities. Please overwrite 'update_capabilities' method of the store to implement updating logics if needed. {{(pid=151251) update_capabilities /usr/local/lib/python3.8/dist-packages/glance_store/capabilities.py:91}}
Jul 27 22:48:25 ubuntu devstack@g-api.service[151251]: DEBUG glance_store.driver [None req-e3df1029-0816-47c6-a35e-4e5e2a217602 admin admin] Late loading location class glance_store._drivers.swift.store.StoreLocation {{(pid=151251) get_store_location_class /usr/local/lib/python3.8/dist-packages/glance_store/driver.py:116}}
Jul 27 22:48:25 ubuntu devstack@g-api.service[151251]: DEBUG glance_store.location [None req-e3df1029-0816-47c6-a35e-4e5e2a217602 admin admin] Registering scheme swift+https with {'store': <glance_store._drivers.swift.store.SingleTenantStore object at 0x7fab60fa8220>, 'location_class': <class 'glance_store._drivers.swift.store.StoreLocation'>, 'store_entry': 'swift'} {{(pid=151251) register_scheme_map /usr/local/lib/python3.8/dist-packages/glance_store/location.py:146}}
Jul 27 22:48:25 ubuntu devstack@g-api.service[151251]: DEBUG glance_store.location [None req-e3df1029-0816-47c6-a35e-4e5e2a217602 admin admin] Registering scheme swift+https with {'store': <glance_store._drivers.swift.store.SingleTenantStore object at 0x7fab60fa8220>, 'location_class': <class 'glance_store._drivers.swift.store.StoreLocation'>, 'store_entry': 'swift'} {{(pid=151251) register_scheme_map /usr/local/lib/python3.8/dist-packages/glance_store/location.py:146}}
Jul 27 22:48:25 ubuntu devstack@g-api.service[151251]: DEBUG glance_store.location [None req-e3df1029-0816-47c6-a35e-4e5e2a217602 admin admin] Registering scheme swift with {'store': <glance_store._drivers.swift.store.SingleTenantStore object at 0x7fab60fa8220>, 'location_class': <class 'glance_store._drivers.swift.store.StoreLocation'>, 'store_entry': 'swift'} {{(pid=151251) register_scheme_map /usr/local/lib/python3.8/dist-packages/glance_store/location.py:146}}
Jul 27 22:48:25 ubuntu devstack@g-api.service[151251]: DEBUG glance_store.location [None req-e3df1029-0816-47c6-a35e-4e5e2a217602 admin admin] Registering scheme swift+https with {'store': <glance_store._drivers.swift.store.SingleTenantStore object at 0x7fab60fa8220>, 'location_class': <class 'glance_store._drivers.swift.store.StoreLocation'>, 'store_entry': 'swift'} {{(pid=151251) register_scheme_map /usr/local/lib/python3.8/dist-packages/glance_store/location.py:146}}
Jul 27 22:48:25 ubuntu devstack@g-api.service[151251]: DEBUG glance_store.location [None req-e3df1029-0816-47c6-a35e-4e5e2a217602 admin admin] Registering scheme swift with {'store': <glance_store._drivers.swift.store.SingleTenantStore object at 0x7fab60fa8220>, 'location_class': <class 'glance_store._drivers.swift.store.StoreLocation'>, 'store_entry': 'swift'} {{(pid=151251) register_scheme_map /usr/local/lib/python3.8/dist-packages/glance_store/location.py:146}}
Jul 27 22:48:25 ubuntu devstack@g-api.service[151251]: DEBUG glance_store.location [None req-e3df1029-0816-47c6-a35e-4e5e2a217602 admin admin] Registering scheme swift+http with {'store': <glance_store._drivers.swift.store.SingleTenantStore object at 0x7fab60fa8220>, 'location_class': <class 'glance_store._drivers.swift.store.StoreLocation'>, 'store_entry': 'swift'} {{(pid=151251) register_scheme_map /usr/local/lib/python3.8/dist-packages/glance_store/location.py:146}}
Jul 27 22:48:25 ubuntu devstack@g-api.service[151251]: DEBUG glance_store.location [None req-e3df1029-0816-47c6-a35e-4e5e2a217602 admin admin] Registering scheme swift+https with {'store': <glance_store._drivers.swift.store.SingleTenantStore object at 0x7fab60fa8220>, 'location_class': <class 'glance_store._drivers.swift.store.StoreLocation'>, 'store_entry': 'swift'} {{(pid=151251) register_scheme_map /usr/local/lib/python3.8/dist-packages/glance_store/location.py:146}}
Jul 27 22:48:25 ubuntu devstack@g-api.service[151251]: DEBUG glance_store.location [None req-e3df1029-0816-47c6-a35e-4e5e2a217602 admin admin] Registering scheme swift with {'store': <glance_store._drivers.swift.store.SingleTenantStore object at 0x7fab60fa8220>, 'location_class': <class 'glance_store._drivers.swift.store.StoreLocation'>, 'store_entry': 'swift'} {{(pid=151251) register_scheme_map /usr/local/lib/python3.8/dist-packages/glance_store/location.py:146}}
Jul 27 22:48:25 ubuntu devstack@g-api.service[151251]: DEBUG glance_store.location [None req-e3df1029-0816-47c6-a35e-4e5e2a217602 admin admin] Registering scheme swift+http with {'store': <glance_store._drivers.swift.store.SingleTenantStore object at 0x7fab60fa8220>, 'location_class': <class 'glance_store._drivers.swift.store.StoreLocation'>, 'store_entry': 'swift'} {{(pid=151251) register_scheme_map /usr/local/lib/python3.8/dist-packages/glance_store/location.py:146}}
Jul 27 22:48:25 ubuntu devstack@g-api.service[151251]: DEBUG glance_store.location [None req-e3df1029-0816-47c6-a35e-4e5e2a217602 admin admin] Registering scheme swift+config with {'store': <glance_store._drivers.swift.store.SingleTenantStore object at 0x7fab60fa8220>, 'location_class': <class 'glance_store._drivers.swift.store.StoreLocation'>, 'store_entry': 'swift'} {{(pid=151251) register_scheme_map /usr/local/lib/python3.8/dist-packages/glance_store/location.py:146}}
Jul 27 22:48:25 ubuntu devstack@g-api.service[151251]: DEBUG glance_store.backend [None req-e3df1029-0816-47c6-a35e-4e5e2a217602 admin admin] Skipping store.set_acls... not implemented. {{(pid=151251) set_acls /usr/local/lib/python3.8/dist-packages/glance_store/backend.py:508}}
Jul 27 22:48:25 ubuntu devstack@g-api.service[151251]: [pid: 151251|app: 0|req: 3/4] 127.0.0.1 () {40 vars in 862 bytes} [Wed Jul 27 22:48:22 2022] PUT /v2/images/24411f0a-e6e4-427a-a714-76710028e370/file => generated 0 bytes in 2840 msecs (HTTP/1.1 204) 4 headers in 171 bytes (1 switches on core 0)
Jul 27 22:48:32 ubuntu devstack@g-api.service[151249]: DEBUG dbcounter [-] [151249] Writing DB stats glance:SELECT=9,glance:INSERT=5 {{(pid=151249) stat_writer /usr/local/lib/python3.8/dist-packages/dbcounter.py:114}}
Jul 27 22:48:35 ubuntu devstack@g-api.service[151251]: DEBUG dbcounter [-] [151251] Writing DB stats glance:SELECT=28,glance:UPDATE=2,glance:INSERT=1 {{(pid=151251) stat_writer /usr/local/lib/python3.8/dist-packages/dbcounter.py:114}}
Jul 27 22:49:08 ubuntu devstack@g-api.service[151249]: DEBUG glance.api.middleware.version_negotiation [None req-8ba3fa8a-2ca0-4385-ba06-f69b0e1843f3 admin admin] Determining version of request: GET / Accept: application/json {{(pid=151249) process_request /opt/stack/glance/glance/api/middleware/version_negotiation.py:44}}
Jul 27 22:49:08 ubuntu devstack@g-api.service[151249]: DEBUG glance.api.middleware.version_negotiation [None req-8ba3fa8a-2ca0-4385-ba06-f69b0e1843f3 admin admin] Using url versioning {{(pid=151249) process_request /opt/stack/glance/glance/api/middleware/version_negotiation.py:57}}
Jul 27 22:49:08 ubuntu devstack@g-api.service[151249]: DEBUG glance.api.middleware.version_negotiation [None req-8ba3fa8a-2ca0-4385-ba06-f69b0e1843f3 admin admin] Unknown version. Returning version choices. {{(pid=151249) process_request /opt/stack/glance/glance/api/middleware/version_negotiation.py:64}}
Jul 27 22:49:08 ubuntu devstack@g-api.service[151249]: [pid: 151249|app: 0|req: 2/5] 127.0.0.1 () {34 vars in 506 bytes} [Wed Jul 27 22:49:08 2022] GET / => generated 1323 bytes in 7 msecs (HTTP/1.1 300) 3 headers in 106 bytes (1 switches on core 0)
Jul 27 22:49:08 ubuntu devstack@g-api.service[151251]: DEBUG glance.api.middleware.version_negotiation [None req-e3df1029-0816-47c6-a35e-4e5e2a217602 admin admin] Determining version of request: GET /v2/images Accept: application/json {{(pid=151251) process_request /opt/stack/glance/glance/api/middleware/version_negotiation.py:44}}
Jul 27 22:49:08 ubuntu devstack@g-api.service[151251]: DEBUG glance.api.middleware.version_negotiation [None req-e3df1029-0816-47c6-a35e-4e5e2a217602 admin admin] Using url versioning {{(pid=151251) process_request /opt/stack/glance/glance/api/middleware/version_negotiation.py:57}}
Jul 27 22:49:08 ubuntu devstack@g-api.service[151251]: DEBUG glance.api.middleware.version_negotiation [None req-e3df1029-0816-47c6-a35e-4e5e2a217602 admin admin] Matched version: v2 {{(pid=151251) process_request /opt/stack/glance/glance/api/middleware/version_negotiation.py:69}}
Jul 27 22:49:08 ubuntu devstack@g-api.service[151251]: DEBUG glance.api.middleware.version_negotiation [None req-e3df1029-0816-47c6-a35e-4e5e2a217602 admin admin] new path /v2/images {{(pid=151251) process_request /opt/stack/glance/glance/api/middleware/version_negotiation.py:70}}
Jul 27 22:49:09 ubuntu devstack@g-api.service[151251]: [pid: 151251|app: 0|req: 4/6] 127.0.0.1 () {36 vars in 728 bytes} [Wed Jul 27 22:49:08 2022] GET /v2/images => generated 1045 bytes in 411 msecs (HTTP/1.1 200) 4 headers in 158 bytes (1 switches on core 0)
Jul 27 22:49:15 ubuntu devstack@g-api.service[151249]: DEBUG glance.api.middleware.version_negotiation [None req-8ba3fa8a-2ca0-4385-ba06-f69b0e1843f3 admin admin] Determining version of request: GET / Accept: application/json {{(pid=151249) process_request /opt/stack/glance/glance/api/middleware/version_negotiation.py:44}}
Jul 27 22:49:15 ubuntu devstack@g-api.service[151249]: DEBUG glance.api.middleware.version_negotiation [None req-8ba3fa8a-2ca0-4385-ba06-f69b0e1843f3 admin admin] Using url versioning {{(pid=151249) process_request /opt/stack/glance/glance/api/middleware/version_negotiation.py:57}}
Jul 27 22:49:15 ubuntu devstack@g-api.service[151249]: DEBUG glance.api.middleware.version_negotiation [None req-8ba3fa8a-2ca0-4385-ba06-f69b0e1843f3 admin admin] Unknown version. Returning version choices. {{(pid=151249) process_request /opt/stack/glance/glance/api/middleware/version_negotiation.py:64}}
Jul 27 22:49:15 ubuntu devstack@g-api.service[151249]: [pid: 151249|app: 0|req: 3/7] 127.0.0.1 () {34 vars in 506 bytes} [Wed Jul 27 22:49:15 2022] GET / => generated 1323 bytes in 2 msecs (HTTP/1.1 300) 3 headers in 106 bytes (1 switches on core 0)
Jul 27 22:49:15 ubuntu devstack@g-api.service[151251]: DEBUG glance.api.middleware.version_negotiation [None req-effc904f-054a-49b2-a149-f7be4a192122 admin admin] Determining version of request: GET /v2/images/24411f0a-e6e4-427a-a714-76710028e370 Accept: */* {{(pid=151251) process_request /opt/stack/glance/glance/api/middleware/version_negotiation.py:44}}
Jul 27 22:49:15 ubuntu devstack@g-api.service[151251]: DEBUG glance.api.middleware.version_negotiation [None req-effc904f-054a-49b2-a149-f7be4a192122 admin admin] Using url versioning {{(pid=151251) process_request /opt/stack/glance/glance/api/middleware/version_negotiation.py:57}}
Jul 27 22:49:15 ubuntu devstack@g-api.service[151251]: DEBUG glance.api.middleware.version_negotiation [None req-effc904f-054a-49b2-a149-f7be4a192122 admin admin] Matched version: v2 {{(pid=151251) process_request /opt/stack/glance/glance/api/middleware/version_negotiation.py:69}}
Jul 27 22:49:15 ubuntu devstack@g-api.service[151251]: DEBUG glance.api.middleware.version_negotiation [None req-effc904f-054a-49b2-a149-f7be4a192122 admin admin] new path /v2/images/24411f0a-e6e4-427a-a714-76710028e370 {{(pid=151251) process_request /opt/stack/glance/glance/api/middleware/version_negotiation.py:70}}
Jul 27 22:49:16 ubuntu devstack@g-api.service[151251]: [pid: 151251|app: 0|req: 5/8] 127.0.0.1 () {36 vars in 789 bytes} [Wed Jul 27 22:49:15 2022] GET /v2/images/24411f0a-e6e4-427a-a714-76710028e370 => generated 976 bytes in 358 msecs (HTTP/1.1 200) 4 headers in 157 bytes (1 switches on core 0)
Jul 27 22:49:19 ubuntu devstack@g-api.service[151249]: DEBUG glance.api.middleware.version_negotiation [None req-8ba3fa8a-2ca0-4385-ba06-f69b0e1843f3 admin admin] Determining version of request: GET / Accept: application/json {{(pid=151249) process_request /opt/stack/glance/glance/api/middleware/version_negotiation.py:44}}
Jul 27 22:49:19 ubuntu devstack@g-api.service[151249]: DEBUG glance.api.middleware.version_negotiation [None req-8ba3fa8a-2ca0-4385-ba06-f69b0e1843f3 admin admin] Using url versioning {{(pid=151249) process_request /opt/stack/glance/glance/api/middleware/version_negotiation.py:57}}
Jul 27 22:49:19 ubuntu devstack@g-api.service[151249]: DEBUG glance.api.middleware.version_negotiation [None req-8ba3fa8a-2ca0-4385-ba06-f69b0e1843f3 admin admin] Unknown version. Returning version choices. {{(pid=151249) process_request /opt/stack/glance/glance/api/middleware/version_negotiation.py:64}}
Jul 27 22:49:19 ubuntu devstack@g-api.service[151249]: [pid: 151249|app: 0|req: 4/9] 127.0.0.1 () {34 vars in 506 bytes} [Wed Jul 27 22:49:19 2022] GET / => generated 1323 bytes in 4 msecs (HTTP/1.1 300) 3 headers in 106 bytes (1 switches on core 0)
Jul 27 22:49:19 ubuntu devstack@g-api.service[151251]: DEBUG glance.api.middleware.version_negotiation [None req-20633eb5-6279-4438-8dd3-16d65b043a9e admin admin] Determining version of request: GET /v2/images/24411f0a-e6e4-427a-a714-76710028e370 Accept: */* {{(pid=151251) process_request /opt/stack/glance/glance/api/middleware/version_negotiation.py:44}}
Jul 27 22:49:19 ubuntu devstack@g-api.service[151251]: DEBUG glance.api.middleware.version_negotiation [None req-20633eb5-6279-4438-8dd3-16d65b043a9e admin admin] Using url versioning {{(pid=151251) process_request /opt/stack/glance/glance/api/middleware/version_negotiation.py:57}}
Jul 27 22:49:19 ubuntu devstack@g-api.service[151251]: DEBUG glance.api.middleware.version_negotiation [None req-20633eb5-6279-4438-8dd3-16d65b043a9e admin admin] Matched version: v2 {{(pid=151251) process_request /opt/stack/glance/glance/api/middleware/version_negotiation.py:69}}
Jul 27 22:49:19 ubuntu devstack@g-api.service[151251]: DEBUG glance.api.middleware.version_negotiation [None req-20633eb5-6279-4438-8dd3-16d65b043a9e admin admin] new path /v2/images/24411f0a-e6e4-427a-a714-76710028e370 {{(pid=151251) process_request /opt/stack/glance/glance/api/middleware/version_negotiation.py:70}}
Jul 27 22:49:20 ubuntu devstack@g-api.service[151251]: [pid: 151251|app: 0|req: 6/10] 127.0.0.1 () {36 vars in 789 bytes} [Wed Jul 27 22:49:19 2022] GET /v2/images/24411f0a-e6e4-427a-a714-76710028e370 => generated 976 bytes in 299 msecs (HTTP/1.1 200) 4 headers in 157 bytes (1 switches on core 0)
Jul 27 22:49:30 ubuntu devstack@g-api.service[151251]: DEBUG dbcounter [-] [151251] Writing DB stats glance:SELECT=10 {{(pid=151251) stat_writer /usr/local/lib/python3.8/dist-packages/dbcounter.py:114}}
Jul 27 22:51:31 ubuntu devstack@g-api.service[151249]: DEBUG glance.api.middleware.version_negotiation [None req-8ba3fa8a-2ca0-4385-ba06-f69b0e1843f3 admin admin] Determining version of request: GET /v1 Accept: application/json {{(pid=151249) process_request /opt/stack/glance/glance/api/middleware/version_negotiation.py:44}}
Jul 27 22:51:31 ubuntu devstack@g-api.service[151249]: DEBUG glance.api.middleware.version_negotiation [None req-8ba3fa8a-2ca0-4385-ba06-f69b0e1843f3 admin admin] Using url versioning {{(pid=151249) process_request /opt/stack/glance/glance/api/middleware/version_negotiation.py:57}}
Jul 27 22:51:31 ubuntu devstack@g-api.service[151249]: DEBUG glance.api.middleware.version_negotiation [None req-8ba3fa8a-2ca0-4385-ba06-f69b0e1843f3 admin admin] Unknown version. Returning version choices. {{(pid=151249) process_request /opt/stack/glance/glance/api/middleware/version_negotiation.py:64}}
Jul 27 22:51:31 ubuntu devstack@g-api.service[151249]: [pid: 151249|app: 0|req: 5/11] 127.0.0.1 () {38 vars in 686 bytes} [Wed Jul 27 22:51:31 2022] GET /v1 => generated 1323 bytes in 4 msecs (HTTP/1.1 300) 3 headers in 106 bytes (1 switches on core 0)
Jul 27 22:53:46 ubuntu devstack@g-api.service[151251]: DEBUG glance.api.middleware.version_negotiation [None req-3bcff6cf-5a0c-44c2-bf23-ff59a50ac927 admin admin] Determining version of request: GET /versions Accept: */* {{(pid=151251) process_request /opt/stack/glance/glance/api/middleware/version_negotiation.py:44}}
Jul 27 22:53:46 ubuntu devstack@g-api.service[151251]: [pid: 151251|app: 0|req: 7/12] 127.0.0.1 () {38 vars in 695 bytes} [Wed Jul 27 22:53:46 2022] GET /versions => generated 1323 bytes in 6 msecs (HTTP/1.1 200) 3 headers in 92 bytes (1 switches on core 0)
Jul 27 22:53:46 ubuntu devstack@g-api.service[151249]: DEBUG glance.api.middleware.version_negotiation [None req-8ba3fa8a-2ca0-4385-ba06-f69b0e1843f3 admin admin] Determining version of request: GET /v2/schemas/image Accept: */* {{(pid=151249) process_request /opt/stack/glance/glance/api/middleware/version_negotiation.py:44}}
Jul 27 22:53:46 ubuntu devstack@g-api.service[151249]: DEBUG glance.api.middleware.version_negotiation [None req-8ba3fa8a-2ca0-4385-ba06-f69b0e1843f3 admin admin] Using url versioning {{(pid=151249) process_request /opt/stack/glance/glance/api/middleware/version_negotiation.py:57}}
Jul 27 22:53:46 ubuntu devstack@g-api.service[151249]: DEBUG glance.api.middleware.version_negotiation [None req-8ba3fa8a-2ca0-4385-ba06-f69b0e1843f3 admin admin] Matched version: v2 {{(pid=151249) process_request /opt/stack/glance/glance/api/middleware/version_negotiation.py:69}}
Jul 27 22:53:46 ubuntu devstack@g-api.service[151249]: DEBUG glance.api.middleware.version_negotiation [None req-8ba3fa8a-2ca0-4385-ba06-f69b0e1843f3 admin admin] new path /v2/schemas/image {{(pid=151249) process_request /opt/stack/glance/glance/api/middleware/version_negotiation.py:70}}
Jul 27 22:53:46 ubuntu devstack@g-api.service[151249]: [pid: 151249|app: 0|req: 6/13] 127.0.0.1 () {38 vars in 711 bytes} [Wed Jul 27 22:53:46 2022] GET /v2/schemas/image => generated 6083 bytes in 148 msecs (HTTP/1.1 200) 4 headers in 158 bytes (1 switches on core 0)
Jul 27 22:53:46 ubuntu devstack@g-api.service[151251]: DEBUG glance.api.middleware.version_negotiation [None req-3bcff6cf-5a0c-44c2-bf23-ff59a50ac927 admin admin] Determining version of request: GET /v2/schemas/metadefs/namespace Accept: */* {{(pid=151251) process_request /opt/stack/glance/glance/api/middleware/version_negotiation.py:44}}
Jul 27 22:53:46 ubuntu devstack@g-api.service[151251]: DEBUG glance.api.middleware.version_negotiation [None req-3bcff6cf-5a0c-44c2-bf23-ff59a50ac927 admin admin] Using url versioning {{(pid=151251) process_request /opt/stack/glance/glance/api/middleware/version_negotiation.py:57}}
Jul 27 22:53:46 ubuntu devstack@g-api.service[151251]: DEBUG glance.api.middleware.version_negotiation [None req-3bcff6cf-5a0c-44c2-bf23-ff59a50ac927 admin admin] Matched version: v2 {{(pid=151251) process_request /opt/stack/glance/glance/api/middleware/version_negotiation.py:69}}
Jul 27 22:53:46 ubuntu devstack@g-api.service[151251]: DEBUG glance.api.middleware.version_negotiation [None req-3bcff6cf-5a0c-44c2-bf23-ff59a50ac927 admin admin] new path /v2/schemas/metadefs/namespace {{(pid=151251) process_request /opt/stack/glance/glance/api/middleware/version_negotiation.py:70}}
Jul 27 22:53:46 ubuntu devstack@g-api.service[151251]: [pid: 151251|app: 0|req: 8/14] 127.0.0.1 () {38 vars in 737 bytes} [Wed Jul 27 22:53:46 2022] GET /v2/schemas/metadefs/namespace => generated 3100 bytes in 7 msecs (HTTP/1.1 200) 4 headers in 158 bytes (1 switches on core 0)
Jul 27 22:53:46 ubuntu devstack@g-api.service[151249]: DEBUG glance.api.middleware.version_negotiation [None req-087d5fc4-fba9-49ec-ac6c-8a43e677a9ff admin admin] Determining version of request: GET /v2/schemas/metadefs/resource_type Accept: */* {{(pid=151249) process_request /opt/stack/glance/glance/api/middleware/version_negotiation.py:44}}
Jul 27 22:53:46 ubuntu devstack@g-api.service[151249]: DEBUG glance.api.middleware.version_negotiation [None req-087d5fc4-fba9-49ec-ac6c-8a43e677a9ff admin admin] Using url versioning {{(pid=151249) process_request /opt/stack/glance/glance/api/middleware/version_negotiation.py:57}}
Jul 27 22:53:46 ubuntu devstack@g-api.service[151249]: DEBUG glance.api.middleware.version_negotiation [None req-087d5fc4-fba9-49ec-ac6c-8a43e677a9ff admin admin] Matched version: v2 {{(pid=151249) process_request /opt/stack/glance/glance/api/middleware/version_negotiation.py:69}}
Jul 27 22:53:46 ubuntu devstack@g-api.service[151249]: DEBUG glance.api.middleware.version_negotiation [None req-087d5fc4-fba9-49ec-ac6c-8a43e677a9ff admin admin] new path /v2/schemas/metadefs/resource_type {{(pid=151249) process_request /opt/stack/glance/glance/api/middleware/version_negotiation.py:70}}
Jul 27 22:53:46 ubuntu devstack@g-api.service[151249]: [pid: 151249|app: 0|req: 7/15] 127.0.0.1 () {38 vars in 745 bytes} [Wed Jul 27 22:53:46 2022] GET /v2/schemas/metadefs/resource_type => generated 1260 bytes in 6 msecs (HTTP/1.1 200) 4 headers in 158 bytes (1 switches on core 0)
Jul 27 22:53:46 ubuntu devstack@g-api.service[151251]: DEBUG glance.api.middleware.version_negotiation [None req-b3f3cc91-0398-4cc3-85c2-c15fb144e2e6 admin admin] Determining version of request: GET /v2/images Accept: */* {{(pid=151251) process_request /opt/stack/glance/glance/api/middleware/version_negotiation.py:44}}
Jul 27 22:53:46 ubuntu devstack@g-api.service[151251]: DEBUG glance.api.middleware.version_negotiation [None req-b3f3cc91-0398-4cc3-85c2-c15fb144e2e6 admin admin] Using url versioning {{(pid=151251) process_request /opt/stack/glance/glance/api/middleware/version_negotiation.py:57}}
Jul 27 22:53:46 ubuntu devstack@g-api.service[151251]: DEBUG glance.api.middleware.version_negotiation [None req-b3f3cc91-0398-4cc3-85c2-c15fb144e2e6 admin admin] Matched version: v2 {{(pid=151251) process_request /opt/stack/glance/glance/api/middleware/version_negotiation.py:69}}
Jul 27 22:53:46 ubuntu devstack@g-api.service[151251]: DEBUG glance.api.middleware.version_negotiation [None req-b3f3cc91-0398-4cc3-85c2-c15fb144e2e6 admin admin] new path /v2/images {{(pid=151251) process_request /opt/stack/glance/glance/api/middleware/version_negotiation.py:70}}
Jul 27 22:53:46 ubuntu devstack@g-api.service[151251]: [pid: 151251|app: 0|req: 9/16] 127.0.0.1 () {38 vars in 768 bytes} [Wed Jul 27 22:53:46 2022] GET /v2/images?limit=20&sort_key=name&sort_dir=asc => generated 1081 bytes in 86 msecs (HTTP/1.1 200) 4 headers in 158 bytes (1 switches on core 0)
Jul 27 22:53:46 ubuntu devstack@g-api.service[151249]: DEBUG glance.api.middleware.version_negotiation [None req-0dbebf71-1c38-4531-ade4-75dc4624974f admin admin] Determining version of request: GET /v2/schemas/image Accept: */* {{(pid=151249) process_request /opt/stack/glance/glance/api/middleware/version_negotiation.py:44}}
Jul 27 22:53:46 ubuntu devstack@g-api.service[151249]: DEBUG glance.api.middleware.version_negotiation [None req-0dbebf71-1c38-4531-ade4-75dc4624974f admin admin] Using url versioning {{(pid=151249) process_request /opt/stack/glance/glance/api/middleware/version_negotiation.py:57}}
Jul 27 22:53:46 ubuntu devstack@g-api.service[151249]: DEBUG glance.api.middleware.version_negotiation [None req-0dbebf71-1c38-4531-ade4-75dc4624974f admin admin] Matched version: v2 {{(pid=151249) process_request /opt/stack/glance/glance/api/middleware/version_negotiation.py:69}}
Jul 27 22:53:46 ubuntu devstack@g-api.service[151249]: DEBUG glance.api.middleware.version_negotiation [None req-0dbebf71-1c38-4531-ade4-75dc4624974f admin admin] new path /v2/schemas/image {{(pid=151249) process_request /opt/stack/glance/glance/api/middleware/version_negotiation.py:70}}
Jul 27 22:53:46 ubuntu devstack@g-api.service[151249]: [pid: 151249|app: 0|req: 8/17] 127.0.0.1 () {38 vars in 711 bytes} [Wed Jul 27 22:53:46 2022] GET /v2/schemas/image => generated 6083 bytes in 7 msecs (HTTP/1.1 200) 4 headers in 158 bytes (1 switches on core 0)
Jul 27 22:53:56 ubuntu devstack@g-api.service[151251]: DEBUG dbcounter [-] [151251] Writing DB stats glance:SELECT=2 {{(pid=151251) stat_writer /usr/local/lib/python3.8/dist-packages/dbcounter.py:114}}
Jul 27 22:54:01 ubuntu devstack@g-api.service[151251]: DEBUG glance.api.middleware.version_negotiation [None req-0a229d8f-e7b3-401a-8fd7-a5c732cb111e admin admin] Determining version of request: GET / Accept: application/json {{(pid=151251) process_request /opt/stack/glance/glance/api/middleware/version_negotiation.py:44}}
Jul 27 22:54:01 ubuntu devstack@g-api.service[151251]: DEBUG glance.api.middleware.version_negotiation [None req-0a229d8f-e7b3-401a-8fd7-a5c732cb111e admin admin] Using url versioning {{(pid=151251) process_request /opt/stack/glance/glance/api/middleware/version_negotiation.py:57}}
Jul 27 22:54:01 ubuntu devstack@g-api.service[151251]: DEBUG glance.api.middleware.version_negotiation [None req-0a229d8f-e7b3-401a-8fd7-a5c732cb111e admin admin] Unknown version. Returning version choices. {{(pid=151251) process_request /opt/stack/glance/glance/api/middleware/version_negotiation.py:64}}
Jul 27 22:54:01 ubuntu devstack@g-api.service[151251]: [pid: 151251|app: 0|req: 10/18] 127.0.0.1 () {34 vars in 492 bytes} [Wed Jul 27 22:54:01 2022] GET / => generated 1323 bytes in 4 msecs (HTTP/1.1 300) 3 headers in 106 bytes (1 switches on core 0)
Jul 27 22:54:01 ubuntu devstack@g-api.service[151249]: DEBUG glance.api.middleware.version_negotiation [None req-ef997ace-1396-4b18-bfda-0aef2ddaf334 admin admin] Determining version of request: GET /v2/images/24411f0a-e6e4-427a-a714-76710028e370 Accept: */* {{(pid=151249) process_request /opt/stack/glance/glance/api/middleware/version_negotiation.py:44}}
Jul 27 22:54:01 ubuntu devstack@g-api.service[151249]: DEBUG glance.api.middleware.version_negotiation [None req-ef997ace-1396-4b18-bfda-0aef2ddaf334 admin admin] Using url versioning {{(pid=151249) process_request /opt/stack/glance/glance/api/middleware/version_negotiation.py:57}}
Jul 27 22:54:01 ubuntu devstack@g-api.service[151249]: DEBUG glance.api.middleware.version_negotiation [None req-ef997ace-1396-4b18-bfda-0aef2ddaf334 admin admin] Matched version: v2 {{(pid=151249) process_request /opt/stack/glance/glance/api/middleware/version_negotiation.py:69}}
Jul 27 22:54:01 ubuntu devstack@g-api.service[151249]: DEBUG glance.api.middleware.version_negotiation [None req-ef997ace-1396-4b18-bfda-0aef2ddaf334 admin admin] new path /v2/images/24411f0a-e6e4-427a-a714-76710028e370 {{(pid=151249) process_request /opt/stack/glance/glance/api/middleware/version_negotiation.py:70}}
Jul 27 22:54:01 ubuntu devstack@g-api.service[151249]: WARNING keystonemiddleware.auth_token [None req-ef997ace-1396-4b18-bfda-0aef2ddaf334 admin admin] A valid token was submitted as a service token, but it was not a valid service token. This is incorrect but backwards compatible behaviour. This will be removed in future releases.
Jul 27 22:54:01 ubuntu devstack@g-api.service[151249]: [pid: 151249|app: 0|req: 9/19] 127.0.0.1 () {42 vars in 1049 bytes} [Wed Jul 27 22:54:01 2022] GET /v2/images/24411f0a-e6e4-427a-a714-76710028e370 => generated 976 bytes in 136 msecs (HTTP/1.1 200) 4 headers in 157 bytes (1 switches on core 0)
Jul 27 22:54:01 ubuntu devstack@g-api.service[151251]: DEBUG glance.api.middleware.version_negotiation [None req-0a229d8f-e7b3-401a-8fd7-a5c732cb111e admin admin] Determining version of request: GET /v2/schemas/image Accept: */* {{(pid=151251) process_request /opt/stack/glance/glance/api/middleware/version_negotiation.py:44}}
Jul 27 22:54:01 ubuntu devstack@g-api.service[151251]: DEBUG glance.api.middleware.version_negotiation [None req-0a229d8f-e7b3-401a-8fd7-a5c732cb111e admin admin] Using url versioning {{(pid=151251) process_request /opt/stack/glance/glance/api/middleware/version_negotiation.py:57}}
Jul 27 22:54:01 ubuntu devstack@g-api.service[151251]: DEBUG glance.api.middleware.version_negotiation [None req-0a229d8f-e7b3-401a-8fd7-a5c732cb111e admin admin] Matched version: v2 {{(pid=151251) process_request /opt/stack/glance/glance/api/middleware/version_negotiation.py:69}}
Jul 27 22:54:01 ubuntu devstack@g-api.service[151251]: DEBUG glance.api.middleware.version_negotiation [None req-0a229d8f-e7b3-401a-8fd7-a5c732cb111e admin admin] new path /v2/schemas/image {{(pid=151251) process_request /opt/stack/glance/glance/api/middleware/version_negotiation.py:70}}
Jul 27 22:54:01 ubuntu devstack@g-api.service[151251]: WARNING keystonemiddleware.auth_token [None req-0a229d8f-e7b3-401a-8fd7-a5c732cb111e admin admin] A valid token was submitted as a service token, but it was not a valid service token. This is incorrect but backwards compatible behaviour. This will be removed in future releases.
Jul 27 22:54:01 ubuntu devstack@g-api.service[151251]: [pid: 151251|app: 0|req: 11/20] 127.0.0.1 () {42 vars in 989 bytes} [Wed Jul 27 22:54:01 2022] GET /v2/schemas/image => generated 6083 bytes in 10 msecs (HTTP/1.1 200) 4 headers in 158 bytes (1 switches on core 0)
Jul 27 22:54:03 ubuntu devstack@g-api.service[151249]: DEBUG glance.api.middleware.version_negotiation [None req-ee257baa-11c9-4fd9-937a-642e6d84eb7f tempest-VolumesAdminNegativeTest-1372751443 tempest-VolumesAdminNegativeTest-1372751443-project] Determining version of request: GET /v2/images/24411f0a-e6e4-427a-a714-76710028e370 Accept: */* {{(pid=151249) process_request /opt/stack/glance/glance/api/middleware/version_negotiation.py:44}}
Jul 27 22:54:03 ubuntu devstack@g-api.service[151249]: DEBUG glance.api.middleware.version_negotiation [None req-ee257baa-11c9-4fd9-937a-642e6d84eb7f tempest-VolumesAdminNegativeTest-1372751443 tempest-VolumesAdminNegativeTest-1372751443-project] Using url versioning {{(pid=151249) process_request /opt/stack/glance/glance/api/middleware/version_negotiation.py:57}}
Jul 27 22:54:03 ubuntu devstack@g-api.service[151249]: DEBUG glance.api.middleware.version_negotiation [None req-ee257baa-11c9-4fd9-937a-642e6d84eb7f tempest-VolumesAdminNegativeTest-1372751443 tempest-VolumesAdminNegativeTest-1372751443-project] Matched version: v2 {{(pid=151249) process_request /opt/stack/glance/glance/api/middleware/version_negotiation.py:69}}
Jul 27 22:54:03 ubuntu devstack@g-api.service[151249]: DEBUG glance.api.middleware.version_negotiation [None req-ee257baa-11c9-4fd9-937a-642e6d84eb7f tempest-VolumesAdminNegativeTest-1372751443 tempest-VolumesAdminNegativeTest-1372751443-project] new path /v2/images/24411f0a-e6e4-427a-a714-76710028e370 {{(pid=151249) process_request /opt/stack/glance/glance/api/middleware/version_negotiation.py:70}}
Jul 27 22:54:03 ubuntu devstack@g-api.service[151249]: [pid: 151249|app: 0|req: 10/21] 127.0.0.1 () {42 vars in 1049 bytes} [Wed Jul 27 22:54:03 2022] GET /v2/images/24411f0a-e6e4-427a-a714-76710028e370 => generated 976 bytes in 21 msecs (HTTP/1.1 200) 4 headers in 157 bytes (1 switches on core 0)
Jul 27 22:54:03 ubuntu devstack@g-api.service[151251]: DEBUG glance.api.middleware.version_negotiation [None req-ee257baa-11c9-4fd9-937a-642e6d84eb7f tempest-VolumesAdminNegativeTest-1372751443 tempest-VolumesAdminNegativeTest-1372751443-project] Determining version of request: GET /v2/images/24411f0a-e6e4-427a-a714-76710028e370/file Accept: */* {{(pid=151251) process_request /opt/stack/glance/glance/api/middleware/version_negotiation.py:44}}
Jul 27 22:54:03 ubuntu devstack@g-api.service[151251]: DEBUG glance.api.middleware.version_negotiation [None req-ee257baa-11c9-4fd9-937a-642e6d84eb7f tempest-VolumesAdminNegativeTest-1372751443 tempest-VolumesAdminNegativeTest-1372751443-project] Using url versioning {{(pid=151251) process_request /opt/stack/glance/glance/api/middleware/version_negotiation.py:57}}
Jul 27 22:54:03 ubuntu devstack@g-api.service[151251]: DEBUG glance.api.middleware.version_negotiation [None req-ee257baa-11c9-4fd9-937a-642e6d84eb7f tempest-VolumesAdminNegativeTest-1372751443 tempest-VolumesAdminNegativeTest-1372751443-project] Matched version: v2 {{(pid=151251) process_request /opt/stack/glance/glance/api/middleware/version_negotiation.py:69}}
Jul 27 22:54:03 ubuntu devstack@g-api.service[151251]: DEBUG glance.api.middleware.version_negotiation [None req-ee257baa-11c9-4fd9-937a-642e6d84eb7f tempest-VolumesAdminNegativeTest-1372751443 tempest-VolumesAdminNegativeTest-1372751443-project] new path /v2/images/24411f0a-e6e4-427a-a714-76710028e370/file {{(pid=151251) process_request /opt/stack/glance/glance/api/middleware/version_negotiation.py:70}}
Jul 27 22:54:03 ubuntu devstack@g-api.service[151251]: DEBUG glance_store.backend [None req-ee257baa-11c9-4fd9-937a-642e6d84eb7f tempest-VolumesAdminNegativeTest-1372751443 tempest-VolumesAdminNegativeTest-1372751443-project] Attempting to import store swift {{(pid=151251) _load_store /usr/local/lib/python3.8/dist-packages/glance_store/backend.py:216}}
Jul 27 22:54:03 ubuntu devstack@g-api.service[151251]: DEBUG glance_store.capabilities [None req-ee257baa-11c9-4fd9-937a-642e6d84eb7f tempest-VolumesAdminNegativeTest-1372751443 tempest-VolumesAdminNegativeTest-1372751443-project] Store glance_store._drivers.swift.store.SingleTenantStore doesn't support updating dynamic storage capabilities. Please overwrite 'update_capabilities' method of the store to implement updating logics if needed. {{(pid=151251) update_capabilities /usr/local/lib/python3.8/dist-packages/glance_store/capabilities.py:91}}
Jul 27 22:54:03 ubuntu devstack@g-api.service[151251]: DEBUG glance_store.driver [None req-ee257baa-11c9-4fd9-937a-642e6d84eb7f tempest-VolumesAdminNegativeTest-1372751443 tempest-VolumesAdminNegativeTest-1372751443-project] Late loading location class glance_store._drivers.swift.store.StoreLocation {{(pid=151251) get_store_location_class /usr/local/lib/python3.8/dist-packages/glance_store/driver.py:116}}
Jul 27 22:54:03 ubuntu devstack@g-api.service[151251]: DEBUG glance_store.location [None req-ee257baa-11c9-4fd9-937a-642e6d84eb7f tempest-VolumesAdminNegativeTest-1372751443 tempest-VolumesAdminNegativeTest-1372751443-project] Registering scheme swift+https with {'store': <glance_store._drivers.swift.store.SingleTenantStore object at 0x7fab5bb928b0>, 'location_class': <class 'glance_store._drivers.swift.store.StoreLocation'>, 'store_entry': 'swift'} {{(pid=151251) register_scheme_map /usr/local/lib/python3.8/dist-packages/glance_store/location.py:146}}
Jul 27 22:54:03 ubuntu devstack@g-api.service[151251]: DEBUG glance_store.location [None req-ee257baa-11c9-4fd9-937a-642e6d84eb7f tempest-VolumesAdminNegativeTest-1372751443 tempest-VolumesAdminNegativeTest-1372751443-project] Registering scheme swift+https with {'store': <glance_store._drivers.swift.store.SingleTenantStore object at 0x7fab5bb928b0>, 'location_class': <class 'glance_store._drivers.swift.store.StoreLocation'>, 'store_entry': 'swift'} {{(pid=151251) register_scheme_map /usr/local/lib/python3.8/dist-packages/glance_store/location.py:146}}
Jul 27 22:54:03 ubuntu devstack@g-api.service[151251]: DEBUG glance_store.location [None req-ee257baa-11c9-4fd9-937a-642e6d84eb7f tempest-VolumesAdminNegativeTest-1372751443 tempest-VolumesAdminNegativeTest-1372751443-project] Registering scheme swift with {'store': <glance_store._drivers.swift.store.SingleTenantStore object at 0x7fab5bb928b0>, 'location_class': <class 'glance_store._drivers.swift.store.StoreLocation'>, 'store_entry': 'swift'} {{(pid=151251) register_scheme_map /usr/local/lib/python3.8/dist-packages/glance_store/location.py:146}}
Jul 27 22:54:03 ubuntu devstack@g-api.service[151251]: DEBUG glance_store.location [None req-ee257baa-11c9-4fd9-937a-642e6d84eb7f tempest-VolumesAdminNegativeTest-1372751443 tempest-VolumesAdminNegativeTest-1372751443-project] Registering scheme swift+https with {'store': <glance_store._drivers.swift.store.SingleTenantStore object at 0x7fab5bb928b0>, 'location_class': <class 'glance_store._drivers.swift.store.StoreLocation'>, 'store_entry': 'swift'} {{(pid=151251) register_scheme_map /usr/local/lib/python3.8/dist-packages/glance_store/location.py:146}}
Jul 27 22:54:03 ubuntu devstack@g-api.service[151251]: DEBUG glance_store.location [None req-ee257baa-11c9-4fd9-937a-642e6d84eb7f tempest-VolumesAdminNegativeTest-1372751443 tempest-VolumesAdminNegativeTest-1372751443-project] Registering scheme swift with {'store': <glance_store._drivers.swift.store.SingleTenantStore object at 0x7fab5bb928b0>, 'location_class': <class 'glance_store._drivers.swift.store.StoreLocation'>, 'store_entry': 'swift'} {{(pid=151251) register_scheme_map /usr/local/lib/python3.8/dist-packages/glance_store/location.py:146}}
Jul 27 22:54:03 ubuntu devstack@g-api.service[151251]: DEBUG glance_store.location [None req-ee257baa-11c9-4fd9-937a-642e6d84eb7f tempest-VolumesAdminNegativeTest-1372751443 tempest-VolumesAdminNegativeTest-1372751443-project] Registering scheme swift+http with {'store': <glance_store._drivers.swift.store.SingleTenantStore object at 0x7fab5bb928b0>, 'location_class': <class 'glance_store._drivers.swift.store.StoreLocation'>, 'store_entry': 'swift'} {{(pid=151251) register_scheme_map /usr/local/lib/python3.8/dist-packages/glance_store/location.py:146}}
Jul 27 22:54:03 ubuntu devstack@g-api.service[151251]: DEBUG glance_store.location [None req-ee257baa-11c9-4fd9-937a-642e6d84eb7f tempest-VolumesAdminNegativeTest-1372751443 tempest-VolumesAdminNegativeTest-1372751443-project] Registering scheme swift+https with {'store': <glance_store._drivers.swift.store.SingleTenantStore object at 0x7fab5bb928b0>, 'location_class': <class 'glance_store._drivers.swift.store.StoreLocation'>, 'store_entry': 'swift'} {{(pid=151251) register_scheme_map /usr/local/lib/python3.8/dist-packages/glance_store/location.py:146}}
Jul 27 22:54:03 ubuntu devstack@g-api.service[151251]: DEBUG glance_store.location [None req-ee257baa-11c9-4fd9-937a-642e6d84eb7f tempest-VolumesAdminNegativeTest-1372751443 tempest-VolumesAdminNegativeTest-1372751443-project] Registering scheme swift with {'store': <glance_store._drivers.swift.store.SingleTenantStore object at 0x7fab5bb928b0>, 'location_class': <class 'glance_store._drivers.swift.store.StoreLocation'>, 'store_entry': 'swift'} {{(pid=151251) register_scheme_map /usr/local/lib/python3.8/dist-packages/glance_store/location.py:146}}
Jul 27 22:54:03 ubuntu devstack@g-api.service[151251]: DEBUG glance_store.location [None req-ee257baa-11c9-4fd9-937a-642e6d84eb7f tempest-VolumesAdminNegativeTest-1372751443 tempest-VolumesAdminNegativeTest-1372751443-project] Registering scheme swift+http with {'store': <glance_store._drivers.swift.store.SingleTenantStore object at 0x7fab5bb928b0>, 'location_class': <class 'glance_store._drivers.swift.store.StoreLocation'>, 'store_entry': 'swift'} {{(pid=151251) register_scheme_map /usr/local/lib/python3.8/dist-packages/glance_store/location.py:146}}
Jul 27 22:54:03 ubuntu devstack@g-api.service[151251]: DEBUG glance_store.location [None req-ee257baa-11c9-4fd9-937a-642e6d84eb7f tempest-VolumesAdminNegativeTest-1372751443 tempest-VolumesAdminNegativeTest-1372751443-project] Registering scheme swift+config with {'store': <glance_store._drivers.swift.store.SingleTenantStore object at 0x7fab5bb928b0>, 'location_class': <class 'glance_store._drivers.swift.store.StoreLocation'>, 'store_entry': 'swift'} {{(pid=151251) register_scheme_map /usr/local/lib/python3.8/dist-packages/glance_store/location.py:146}}
Jul 27 22:54:04 ubuntu devstack@g-api.service[151251]: DEBUG swiftclient [None req-ee257baa-11c9-4fd9-937a-642e6d84eb7f tempest-VolumesAdminNegativeTest-1372751443 tempest-VolumesAdminNegativeTest-1372751443-project] REQ: curl -i http://192.168.79.43:8080/v1/AUTH_bec967b9220b4f9fbe0fadb164c4c56f/glance/24411f0a-e6e4-427a-a714-76710028e370 -X GET -H "X-Auth-Token: gAAAAABi4cILKlPR..." {{(pid=151251) http_log /usr/local/lib/python3.8/dist-packages/swiftclient/client.py:157}}
Jul 27 22:54:04 ubuntu devstack@g-api.service[151251]: DEBUG swiftclient [None req-ee257baa-11c9-4fd9-937a-642e6d84eb7f tempest-VolumesAdminNegativeTest-1372751443 tempest-VolumesAdminNegativeTest-1372751443-project] RESP STATUS: 200 OK {{(pid=151251) http_log /usr/local/lib/python3.8/dist-packages/swiftclient/client.py:158}}
Jul 27 22:54:04 ubuntu devstack@g-api.service[151251]: DEBUG swiftclient [None req-ee257baa-11c9-4fd9-937a-642e6d84eb7f tempest-VolumesAdminNegativeTest-1372751443 tempest-VolumesAdminNegativeTest-1372751443-project] RESP HEADERS: {'Content-Type': 'application/octet-stream', 'Etag': '1d3062cd89af34e419f7100277f38b2b', 'Last-Modified': 'Wed, 27 Jul 2022 22:48:25 GMT', 'X-Timestamp': '1658962104.77871', 'Accept-Ranges': 'bytes', 'Content-Length': '16338944', 'X-Trans-Id': 'tx5054c3d452254246bee18-0062e1c20b', 'X-Openstack-Request-Id': 'tx5054c3d452254246bee18-0062e1c20b', 'Date': 'Wed, 27 Jul 2022 22:54:04 GMT'} {{(pid=151251) http_log /usr/local/lib/python3.8/dist-packages/swiftclient/client.py:159}}
Jul 27 22:54:04 ubuntu devstack@g-api.service[151251]: DEBUG glance.image_cache [None req-ee257baa-11c9-4fd9-937a-642e6d84eb7f tempest-VolumesAdminNegativeTest-1372751443 tempest-VolumesAdminNegativeTest-1372751443-project] Tee'ing image '24411f0a-e6e4-427a-a714-76710028e370' into cache {{(pid=151251) get_caching_iter /opt/stack/glance/glance/image_cache/__init__.py:343}}
Jul 27 22:54:04 ubuntu devstack@g-api.service[151251]: DEBUG glance.image_cache.drivers.sqlite [None req-ee257baa-11c9-4fd9-937a-642e6d84eb7f tempest-VolumesAdminNegativeTest-1372751443 tempest-VolumesAdminNegativeTest-1372751443-project] Fetch finished, moving '/opt/stack/data/glance/cache/incomplete/24411f0a-e6e4-427a-a714-76710028e370' to '/opt/stack/data/glance/cache/24411f0a-e6e4-427a-a714-76710028e370' {{(pid=151251) commit /opt/stack/glance/glance/image_cache/drivers/sqlite.py:324}}
Jul 27 22:54:04 ubuntu devstack@g-api.service[151251]: [pid: 151251|app: 0|req: 12/22] 127.0.0.1 () {42 vars in 1059 bytes} [Wed Jul 27 22:54:03 2022] GET /v2/images/24411f0a-e6e4-427a-a714-76710028e370/file => generated 16338944 bytes in 558 msecs (HTTP/1.1 200) 4 headers in 191 bytes (250 switches on core 0)
Jul 27 22:54:13 ubuntu devstack@g-api.service[151249]: DEBUG dbcounter [-] [151249] Writing DB stats glance:SELECT=8 {{(pid=151249) stat_writer /usr/local/lib/python3.8/dist-packages/dbcounter.py:114}}
Jul 27 22:54:14 ubuntu devstack@g-api.service[151251]: DEBUG dbcounter [-] [151251] Writing DB stats glance:SELECT=8 {{(pid=151251) stat_writer /usr/local/lib/python3.8/dist-packages/dbcounter.py:114}}
Jul 27 22:54:28 ubuntu devstack@g-api.service[151249]: DEBUG glance.api.middleware.version_negotiation [None req-ee257baa-11c9-4fd9-937a-642e6d84eb7f tempest-VolumesAdminNegativeTest-1372751443 tempest-VolumesAdminNegativeTest-1372751443-project] Determining version of request: GET / Accept: application/json {{(pid=151249) process_request /opt/stack/glance/glance/api/middleware/version_negotiation.py:44}}
Jul 27 22:54:28 ubuntu devstack@g-api.service[151249]: DEBUG glance.api.middleware.version_negotiation [None req-ee257baa-11c9-4fd9-937a-642e6d84eb7f tempest-VolumesAdminNegativeTest-1372751443 tempest-VolumesAdminNegativeTest-1372751443-project] Using url versioning {{(pid=151249) process_request /opt/stack/glance/glance/api/middleware/version_negotiation.py:57}}
Jul 27 22:54:28 ubuntu devstack@g-api.service[151249]: DEBUG glance.api.middleware.version_negotiation [None req-ee257baa-11c9-4fd9-937a-642e6d84eb7f tempest-VolumesAdminNegativeTest-1372751443 tempest-VolumesAdminNegativeTest-1372751443-project] Unknown version. Returning version choices. {{(pid=151249) process_request /opt/stack/glance/glance/api/middleware/version_negotiation.py:64}}
Jul 27 22:54:28 ubuntu devstack@g-api.service[151249]: [pid: 151249|app: 0|req: 11/23] 127.0.0.1 () {34 vars in 492 bytes} [Wed Jul 27 22:54:28 2022] GET / => generated 1323 bytes in 5 msecs (HTTP/1.1 300) 3 headers in 106 bytes (1 switches on core 0)
Jul 27 22:54:28 ubuntu devstack@g-api.service[151251]: DEBUG glance.api.middleware.version_negotiation [None req-ee257baa-11c9-4fd9-937a-642e6d84eb7f tempest-VolumesAdminNegativeTest-1372751443 tempest-VolumesAdminNegativeTest-1372751443-project] Determining version of request: GET /v2/images/24411f0a-e6e4-427a-a714-76710028e370 Accept: */* {{(pid=151251) process_request /opt/stack/glance/glance/api/middleware/version_negotiation.py:44}}
Jul 27 22:54:28 ubuntu devstack@g-api.service[151251]: DEBUG glance.api.middleware.version_negotiation [None req-ee257baa-11c9-4fd9-937a-642e6d84eb7f tempest-VolumesAdminNegativeTest-1372751443 tempest-VolumesAdminNegativeTest-1372751443-project] Using url versioning {{(pid=151251) process_request /opt/stack/glance/glance/api/middleware/version_negotiation.py:57}}
Jul 27 22:54:28 ubuntu devstack@g-api.service[151251]: DEBUG glance.api.middleware.version_negotiation [None req-ee257baa-11c9-4fd9-937a-642e6d84eb7f tempest-VolumesAdminNegativeTest-1372751443 tempest-VolumesAdminNegativeTest-1372751443-project] Matched version: v2 {{(pid=151251) process_request /opt/stack/glance/glance/api/middleware/version_negotiation.py:69}}
Jul 27 22:54:28 ubuntu devstack@g-api.service[151251]: DEBUG glance.api.middleware.version_negotiation [None req-ee257baa-11c9-4fd9-937a-642e6d84eb7f tempest-VolumesAdminNegativeTest-1372751443 tempest-VolumesAdminNegativeTest-1372751443-project] new path /v2/images/24411f0a-e6e4-427a-a714-76710028e370 {{(pid=151251) process_request /opt/stack/glance/glance/api/middleware/version_negotiation.py:70}}
Jul 27 22:54:28 ubuntu devstack@g-api.service[151251]: [pid: 151251|app: 0|req: 13/24] 127.0.0.1 () {42 vars in 1049 bytes} [Wed Jul 27 22:54:28 2022] GET /v2/images/24411f0a-e6e4-427a-a714-76710028e370 => generated 976 bytes in 21 msecs (HTTP/1.1 200) 4 headers in 157 bytes (1 switches on core 0)
Jul 27 22:54:28 ubuntu devstack@g-api.service[151249]: DEBUG glance.api.middleware.version_negotiation [None req-ee257baa-11c9-4fd9-937a-642e6d84eb7f tempest-VolumesAdminNegativeTest-1372751443 tempest-VolumesAdminNegativeTest-1372751443-project] Determining version of request: GET /v2/schemas/image Accept: */* {{(pid=151249) process_request /opt/stack/glance/glance/api/middleware/version_negotiation.py:44}}
Jul 27 22:54:28 ubuntu devstack@g-api.service[151249]: DEBUG glance.api.middleware.version_negotiation [None req-ee257baa-11c9-4fd9-937a-642e6d84eb7f tempest-VolumesAdminNegativeTest-1372751443 tempest-VolumesAdminNegativeTest-1372751443-project] Using url versioning {{(pid=151249) process_request /opt/stack/glance/glance/api/middleware/version_negotiation.py:57}}
Jul 27 22:54:28 ubuntu devstack@g-api.service[151249]: DEBUG glance.api.middleware.version_negotiation [None req-ee257baa-11c9-4fd9-937a-642e6d84eb7f tempest-VolumesAdminNegativeTest-1372751443 tempest-VolumesAdminNegativeTest-1372751443-project] Matched version: v2 {{(pid=151249) process_request /opt/stack/glance/glance/api/middleware/version_negotiation.py:69}}
Jul 27 22:54:28 ubuntu devstack@g-api.service[151249]: DEBUG glance.api.middleware.version_negotiation [None req-ee257baa-11c9-4fd9-937a-642e6d84eb7f tempest-VolumesAdminNegativeTest-1372751443 tempest-VolumesAdminNegativeTest-1372751443-project] new path /v2/schemas/image {{(pid=151249) process_request /opt/stack/glance/glance/api/middleware/version_negotiation.py:70}}
Jul 27 22:54:28 ubuntu devstack@g-api.service[151249]: [pid: 151249|app: 0|req: 12/25] 127.0.0.1 () {42 vars in 989 bytes} [Wed Jul 27 22:54:28 2022] GET /v2/schemas/image => generated 6083 bytes in 7 msecs (HTTP/1.1 200) 4 headers in 158 bytes (1 switches on core 0)
Jul 27 22:54:38 ubuntu devstack@g-api.service[151251]: DEBUG dbcounter [-] [151251] Writing DB stats glance:SELECT=4 {{(pid=151251) stat_writer /usr/local/lib/python3.8/dist-packages/dbcounter.py:114}}
Jul 27 22:54:55 ubuntu devstack@g-api.service[151251]: DEBUG glance.api.middleware.version_negotiation [None req-928aaa5a-7c95-4c1c-a2a2-e42abb2b4838 tempest-DeleteServersTestJSON-563740645 tempest-DeleteServersTestJSON-563740645-project] Determining version of request: GET /v2/images/24411f0a-e6e4-427a-a714-76710028e370 Accept: */* {{(pid=151251) process_request /opt/stack/glance/glance/api/middleware/version_negotiation.py:44}}
Jul 27 22:54:55 ubuntu devstack@g-api.service[151251]: DEBUG glance.api.middleware.version_negotiation [None req-928aaa5a-7c95-4c1c-a2a2-e42abb2b4838 tempest-DeleteServersTestJSON-563740645 tempest-DeleteServersTestJSON-563740645-project] Using url versioning {{(pid=151251) process_request /opt/stack/glance/glance/api/middleware/version_negotiation.py:57}}
Jul 27 22:54:55 ubuntu devstack@g-api.service[151251]: DEBUG glance.api.middleware.version_negotiation [None req-928aaa5a-7c95-4c1c-a2a2-e42abb2b4838 tempest-DeleteServersTestJSON-563740645 tempest-DeleteServersTestJSON-563740645-project] Matched version: v2 {{(pid=151251) process_request /opt/stack/glance/glance/api/middleware/version_negotiation.py:69}}
Jul 27 22:54:55 ubuntu devstack@g-api.service[151251]: DEBUG glance.api.middleware.version_negotiation [None req-928aaa5a-7c95-4c1c-a2a2-e42abb2b4838 tempest-DeleteServersTestJSON-563740645 tempest-DeleteServersTestJSON-563740645-project] new path /v2/images/24411f0a-e6e4-427a-a714-76710028e370 {{(pid=151251) process_request /opt/stack/glance/glance/api/middleware/version_negotiation.py:70}}
Jul 27 22:54:55 ubuntu devstack@g-api.service[151251]: [pid: 151251|app: 0|req: 14/26] 127.0.0.1 () {42 vars in 1049 bytes} [Wed Jul 27 22:54:55 2022] GET /v2/images/24411f0a-e6e4-427a-a714-76710028e370 => generated 976 bytes in 28 msecs (HTTP/1.1 200) 4 headers in 157 bytes (1 switches on core 0)
