Jul 28 09:55:58 ubuntu devstack@g-api.service[157847]: DEBUG glance_store.location [None req-6838dd3e-1def-495d-ad09-201d671b44f7 tempest-VolumesActionsTest-222876821 tempest-VolumesActionsTest-222876821-project] Registering scheme swift+https with {'store': <glance_store._drivers.swift.store.SingleTenantStore object at 0x7f20f79fdee0>, 'location_class': <class 'glance_store._drivers.swift.store.StoreLocation'>, 'store_entry': 'swift'} {{(pid=157847) register_scheme_map /usr/local/lib/python3.8/dist-packages/glance_store/location.py:146}}
Jul 28 09:55:58 ubuntu devstack@g-api.service[157847]: DEBUG glance_store.location [None req-6838dd3e-1def-495d-ad09-201d671b44f7 tempest-VolumesActionsTest-222876821 tempest-VolumesActionsTest-222876821-project] Registering scheme swift with {'store': <glance_store._drivers.swift.store.SingleTenantStore object at 0x7f20f79fdee0>, 'location_class': <class 'glance_store._drivers.swift.store.StoreLocation'>, 'store_entry': 'swift'} {{(pid=157847) register_scheme_map /usr/local/lib/python3.8/dist-packages/glance_store/location.py:146}}
Jul 28 09:55:58 ubuntu devstack@g-api.service[157847]: DEBUG glance_store.location [None req-6838dd3e-1def-495d-ad09-201d671b44f7 tempest-VolumesActionsTest-222876821 tempest-VolumesActionsTest-222876821-project] Registering scheme swift+http with {'store': <glance_store._drivers.swift.store.SingleTenantStore object at 0x7f20f79fdee0>, 'location_class': <class 'glance_store._drivers.swift.store.StoreLocation'>, 'store_entry': 'swift'} {{(pid=157847) register_scheme_map /usr/local/lib/python3.8/dist-packages/glance_store/location.py:146}}
Jul 28 09:55:58 ubuntu devstack@g-api.service[157847]: DEBUG glance_store.location [None req-6838dd3e-1def-495d-ad09-201d671b44f7 tempest-VolumesActionsTest-222876821 tempest-VolumesActionsTest-222876821-project] Registering scheme swift+config with {'store': <glance_store._drivers.swift.store.SingleTenantStore object at 0x7f20f79fdee0>, 'location_class': <class 'glance_store._drivers.swift.store.StoreLocation'>, 'store_entry': 'swift'} {{(pid=157847) register_scheme_map /usr/local/lib/python3.8/dist-packages/glance_store/location.py:146}}
Jul 28 09:55:59 ubuntu devstack@g-api.service[157847]: DEBUG swiftclient [None req-6838dd3e-1def-495d-ad09-201d671b44f7 tempest-VolumesActionsTest-222876821 tempest-VolumesActionsTest-222876821-project] REQ: curl -i http://192.168.79.39:8080/v1/AUTH_9feaa69a9d6641f492018ff5b6edbc51/glance -I -H "X-Auth-Token: gAAAAABi4l0uW3yL..." {{(pid=157847) http_log /usr/local/lib/python3.8/dist-packages/swiftclient/client.py:157}}
Jul 28 09:55:59 ubuntu devstack@g-api.service[157847]: DEBUG swiftclient [None req-6838dd3e-1def-495d-ad09-201d671b44f7 tempest-VolumesActionsTest-222876821 tempest-VolumesActionsTest-222876821-project] RESP STATUS: 204 No Content {{(pid=157847) http_log /usr/local/lib/python3.8/dist-packages/swiftclient/client.py:158}}
Jul 28 09:55:59 ubuntu devstack@g-api.service[157847]: DEBUG swiftclient [None req-6838dd3e-1def-495d-ad09-201d671b44f7 tempest-VolumesActionsTest-222876821 tempest-VolumesActionsTest-222876821-project] RESP HEADERS: {'Content-Type': 'text/plain; charset=utf-8', 'X-Container-Object-Count': '1', 'X-Container-Bytes-Used': '16338944', 'X-Timestamp': '1659001189.38751', 'Last-Modified': 'Thu, 28 Jul 2022 09:39:50 GMT', 'Accept-Ranges': 'bytes', 'X-Storage-Policy': 'Policy-0', 'X-Container-Sharding': 'False', 'Vary': 'Accept', 'Content-Length': '0', 'X-Trans-Id': 'tx5593f5de934b452296ef0-0062e25d2e', 'X-Openstack-Request-Id': 'tx5593f5de934b452296ef0-0062e25d2e', 'Date': 'Thu, 28 Jul 2022 09:55:59 GMT'} {{(pid=157847) http_log /usr/local/lib/python3.8/dist-packages/swiftclient/client.py:159}}
Jul 28 09:55:59 ubuntu devstack@g-api.service[157847]: DEBUG glance_store._drivers.swift.store [None req-6838dd3e-1def-495d-ad09-201d671b44f7 tempest-VolumesActionsTest-222876821 tempest-VolumesActionsTest-222876821-project] Adding image object 'eed5bdd9-a3f2-46a2-a18d-2520e16b1e4d' to Swift {{(pid=157847) add /usr/local/lib/python3.8/dist-packages/glance_store/_drivers/swift/store.py:941}}
Jul 28 09:55:59 ubuntu devstack@g-api.service[157847]: DEBUG glance_store._drivers.swift.store [None req-6838dd3e-1def-495d-ad09-201d671b44f7 tempest-VolumesActionsTest-222876821 tempest-VolumesActionsTest-222876821-project] Cannot determine image size because it is either not provided in the request or chunked-transfer encoding is used. Adding image as a segmented object to Swift. {{(pid=157847) add /usr/local/lib/python3.8/dist-packages/glance_store/_drivers/swift/store.py:965}}
Jul 28 09:55:59 ubuntu devstack@g-api.service[157846]: DEBUG glance.api.middleware.version_negotiation [None req-bccadd25-6668-477c-8de9-bdc545c4e3d6 tempest-VolumesActionsTest-222876821 tempest-VolumesActionsTest-222876821-project] Determining version of request: GET /v2/images/eed5bdd9-a3f2-46a2-a18d-2520e16b1e4d Accept: application/json {{(pid=157846) process_request /opt/stack/glance/glance/api/middleware/version_negotiation.py:44}}
Jul 28 09:55:59 ubuntu devstack@g-api.service[157846]: DEBUG glance.api.middleware.version_negotiation [None req-bccadd25-6668-477c-8de9-bdc545c4e3d6 tempest-VolumesActionsTest-222876821 tempest-VolumesActionsTest-222876821-project] Using url versioning {{(pid=157846) process_request /opt/stack/glance/glance/api/middleware/version_negotiation.py:57}}
Jul 28 09:55:59 ubuntu devstack@g-api.service[157846]: DEBUG glance.api.middleware.version_negotiation [None req-bccadd25-6668-477c-8de9-bdc545c4e3d6 tempest-VolumesActionsTest-222876821 tempest-VolumesActionsTest-222876821-project] Matched version: v2 {{(pid=157846) process_request /opt/stack/glance/glance/api/middleware/version_negotiation.py:69}}
Jul 28 09:55:59 ubuntu devstack@g-api.service[157846]: DEBUG glance.api.middleware.version_negotiation [None req-bccadd25-6668-477c-8de9-bdc545c4e3d6 tempest-VolumesActionsTest-222876821 tempest-VolumesActionsTest-222876821-project] new path /v2/images/eed5bdd9-a3f2-46a2-a18d-2520e16b1e4d {{(pid=157846) process_request /opt/stack/glance/glance/api/middleware/version_negotiation.py:70}}
Jul 28 09:55:59 ubuntu devstack@g-api.service[157846]: [pid: 157846|app: 0|req: 39/77] 127.0.0.1 () {38 vars in 774 bytes} [Thu Jul 28 09:55:59 2022] GET /v2/images/eed5bdd9-a3f2-46a2-a18d-2520e16b1e4d => generated 649 bytes in 21 msecs (HTTP/1.1 200) 4 headers in 157 bytes (1 switches on core 0)
Jul 28 09:56:00 ubuntu devstack@g-api.service[157846]: DEBUG glance.api.middleware.version_negotiation [None req-4c990603-df24-46ea-b578-136b065a7cbf tempest-VolumesActionsTest-222876821 tempest-VolumesActionsTest-222876821-project] Determining version of request: GET /v2/images/eed5bdd9-a3f2-46a2-a18d-2520e16b1e4d Accept: application/json {{(pid=157846) process_request /opt/stack/glance/glance/api/middleware/version_negotiation.py:44}}
Jul 28 09:56:00 ubuntu devstack@g-api.service[157846]: DEBUG glance.api.middleware.version_negotiation [None req-4c990603-df24-46ea-b578-136b065a7cbf tempest-VolumesActionsTest-222876821 tempest-VolumesActionsTest-222876821-project] Using url versioning {{(pid=157846) process_request /opt/stack/glance/glance/api/middleware/version_negotiation.py:57}}
Jul 28 09:56:00 ubuntu devstack@g-api.service[157846]: DEBUG glance.api.middleware.version_negotiation [None req-4c990603-df24-46ea-b578-136b065a7cbf tempest-VolumesActionsTest-222876821 tempest-VolumesActionsTest-222876821-project] Matched version: v2 {{(pid=157846) process_request /opt/stack/glance/glance/api/middleware/version_negotiation.py:69}}
Jul 28 09:56:00 ubuntu devstack@g-api.service[157846]: DEBUG glance.api.middleware.version_negotiation [None req-4c990603-df24-46ea-b578-136b065a7cbf tempest-VolumesActionsTest-222876821 tempest-VolumesActionsTest-222876821-project] new path /v2/images/eed5bdd9-a3f2-46a2-a18d-2520e16b1e4d {{(pid=157846) process_request /opt/stack/glance/glance/api/middleware/version_negotiation.py:70}}
Jul 28 09:56:00 ubuntu devstack@g-api.service[157846]: [pid: 157846|app: 0|req: 40/78] 127.0.0.1 () {38 vars in 774 bytes} [Thu Jul 28 09:56:00 2022] GET /v2/images/eed5bdd9-a3f2-46a2-a18d-2520e16b1e4d => generated 649 bytes in 12 msecs (HTTP/1.1 200) 4 headers in 157 bytes (1 switches on core 0)
Jul 28 09:56:01 ubuntu devstack@g-api.service[157846]: DEBUG glance.api.middleware.version_negotiation [None req-467df8b9-181f-4978-8dbc-043d48f4616d tempest-VolumesActionsTest-222876821 tempest-VolumesActionsTest-222876821-project] Determining version of request: GET /v2/images/eed5bdd9-a3f2-46a2-a18d-2520e16b1e4d Accept: application/json {{(pid=157846) process_request /opt/stack/glance/glance/api/middleware/version_negotiation.py:44}}
Jul 28 09:56:01 ubuntu devstack@g-api.service[157846]: DEBUG glance.api.middleware.version_negotiation [None req-467df8b9-181f-4978-8dbc-043d48f4616d tempest-VolumesActionsTest-222876821 tempest-VolumesActionsTest-222876821-project] Using url versioning {{(pid=157846) process_request /opt/stack/glance/glance/api/middleware/version_negotiation.py:57}}
Jul 28 09:56:01 ubuntu devstack@g-api.service[157846]: DEBUG glance.api.middleware.version_negotiation [None req-467df8b9-181f-4978-8dbc-043d48f4616d tempest-VolumesActionsTest-222876821 tempest-VolumesActionsTest-222876821-project] Matched version: v2 {{(pid=157846) process_request /opt/stack/glance/glance/api/middleware/version_negotiation.py:69}}
Jul 28 09:56:01 ubuntu devstack@g-api.service[157846]: DEBUG glance.api.middleware.version_negotiation [None req-467df8b9-181f-4978-8dbc-043d48f4616d tempest-VolumesActionsTest-222876821 tempest-VolumesActionsTest-222876821-project] new path /v2/images/eed5bdd9-a3f2-46a2-a18d-2520e16b1e4d {{(pid=157846) process_request /opt/stack/glance/glance/api/middleware/version_negotiation.py:70}}
Jul 28 09:56:01 ubuntu devstack@g-api.service[157846]: [pid: 157846|app: 0|req: 41/79] 127.0.0.1 () {38 vars in 774 bytes} [Thu Jul 28 09:56:01 2022] GET /v2/images/eed5bdd9-a3f2-46a2-a18d-2520e16b1e4d => generated 649 bytes in 30 msecs (HTTP/1.1 200) 4 headers in 157 bytes (1 switches on core 0)
Jul 28 09:56:01 ubuntu devstack@g-api.service[157847]: DEBUG swiftclient [None req-6838dd3e-1def-495d-ad09-201d671b44f7 tempest-VolumesActionsTest-222876821 tempest-VolumesActionsTest-222876821-project] REQ: curl -i http://192.168.79.39:8080/v1/AUTH_9feaa69a9d6641f492018ff5b6edbc51/glance/eed5bdd9-a3f2-46a2-a18d-2520e16b1e4d-00001 -X PUT -H "X-Auth-Token: gAAAAABi4l0uW3yL..." {{(pid=157847) http_log /usr/local/lib/python3.8/dist-packages/swiftclient/client.py:157}}
Jul 28 09:56:01 ubuntu devstack@g-api.service[157847]: DEBUG swiftclient [None req-6838dd3e-1def-495d-ad09-201d671b44f7 tempest-VolumesActionsTest-222876821 tempest-VolumesActionsTest-222876821-project] RESP STATUS: 201 Created {{(pid=157847) http_log /usr/local/lib/python3.8/dist-packages/swiftclient/client.py:158}}
Jul 28 09:56:01 ubuntu devstack@g-api.service[157847]: DEBUG swiftclient [None req-6838dd3e-1def-495d-ad09-201d671b44f7 tempest-VolumesActionsTest-222876821 tempest-VolumesActionsTest-222876821-project] RESP HEADERS: {'Content-Type': 'text/html; charset=UTF-8', 'Content-Length': '0', 'Etag': 'eda9a9889837ac4bc81d6387d92c1bec', 'Last-Modified': 'Thu, 28 Jul 2022 09:56:00 GMT', 'X-Trans-Id': 'tx036267bb4c584ab691c31-0062e25d2f', 'X-Openstack-Request-Id': 'tx036267bb4c584ab691c31-0062e25d2f', 'Date': 'Thu, 28 Jul 2022 09:56:01 GMT'} {{(pid=157847) http_log /usr/local/lib/python3.8/dist-packages/swiftclient/client.py:159}}
Jul 28 09:56:01 ubuntu devstack@g-api.service[157847]: DEBUG glance_store._drivers.swift.store [None req-6838dd3e-1def-495d-ad09-201d671b44f7 tempest-VolumesActionsTest-222876821 tempest-VolumesActionsTest-222876821-project] Wrote chunk eed5bdd9-a3f2-46a2-a18d-2520e16b1e4d-00001 (1/?) of length 204800000 to Swift returning MD5 of content: eda9a9889837ac4bc81d6387d92c1bec {{(pid=157847) add /usr/local/lib/python3.8/dist-packages/glance_store/_drivers/swift/store.py:1025}}
Jul 28 09:56:02 ubuntu devstack@g-api.service[157846]: DEBUG glance.api.middleware.version_negotiation [None req-64830e26-fb0a-4880-b8ca-135390acfe63 tempest-VolumesActionsTest-222876821 tempest-VolumesActionsTest-222876821-project] Determining version of request: GET /v2/images/eed5bdd9-a3f2-46a2-a18d-2520e16b1e4d Accept: application/json {{(pid=157846) process_request /opt/stack/glance/glance/api/middleware/version_negotiation.py:44}}
Jul 28 09:56:02 ubuntu devstack@g-api.service[157846]: DEBUG glance.api.middleware.version_negotiation [None req-64830e26-fb0a-4880-b8ca-135390acfe63 tempest-VolumesActionsTest-222876821 tempest-VolumesActionsTest-222876821-project] Using url versioning {{(pid=157846) process_request /opt/stack/glance/glance/api/middleware/version_negotiation.py:57}}
Jul 28 09:56:02 ubuntu devstack@g-api.service[157846]: DEBUG glance.api.middleware.version_negotiation [None req-64830e26-fb0a-4880-b8ca-135390acfe63 tempest-VolumesActionsTest-222876821 tempest-VolumesActionsTest-222876821-project] Matched version: v2 {{(pid=157846) process_request /opt/stack/glance/glance/api/middleware/version_negotiation.py:69}}
Jul 28 09:56:02 ubuntu devstack@g-api.service[157846]: DEBUG glance.api.middleware.version_negotiation [None req-64830e26-fb0a-4880-b8ca-135390acfe63 tempest-VolumesActionsTest-222876821 tempest-VolumesActionsTest-222876821-project] new path /v2/images/eed5bdd9-a3f2-46a2-a18d-2520e16b1e4d {{(pid=157846) process_request /opt/stack/glance/glance/api/middleware/version_negotiation.py:70}}
Jul 28 09:56:02 ubuntu devstack@g-api.service[157846]: [pid: 157846|app: 0|req: 42/80] 127.0.0.1 () {38 vars in 774 bytes} [Thu Jul 28 09:56:02 2022] GET /v2/images/eed5bdd9-a3f2-46a2-a18d-2520e16b1e4d => generated 649 bytes in 16 msecs (HTTP/1.1 200) 4 headers in 157 bytes (1 switches on core 0)
Jul 28 09:56:03 ubuntu devstack@g-api.service[157846]: DEBUG glance.api.middleware.version_negotiation [None req-e73e9d06-8946-4df5-b053-f70fc128644b tempest-VolumesActionsTest-222876821 tempest-VolumesActionsTest-222876821-project] Determining version of request: GET /v2/images/eed5bdd9-a3f2-46a2-a18d-2520e16b1e4d Accept: application/json {{(pid=157846) process_request /opt/stack/glance/glance/api/middleware/version_negotiation.py:44}}
Jul 28 09:56:03 ubuntu devstack@g-api.service[157846]: DEBUG glance.api.middleware.version_negotiation [None req-e73e9d06-8946-4df5-b053-f70fc128644b tempest-VolumesActionsTest-222876821 tempest-VolumesActionsTest-222876821-project] Using url versioning {{(pid=157846) process_request /opt/stack/glance/glance/api/middleware/version_negotiation.py:57}}
Jul 28 09:56:03 ubuntu devstack@g-api.service[157846]: DEBUG glance.api.middleware.version_negotiation [None req-e73e9d06-8946-4df5-b053-f70fc128644b tempest-VolumesActionsTest-222876821 tempest-VolumesActionsTest-222876821-project] Matched version: v2 {{(pid=157846) process_request /opt/stack/glance/glance/api/middleware/version_negotiation.py:69}}
Jul 28 09:56:03 ubuntu devstack@g-api.service[157846]: DEBUG glance.api.middleware.version_negotiation [None req-e73e9d06-8946-4df5-b053-f70fc128644b tempest-VolumesActionsTest-222876821 tempest-VolumesActionsTest-222876821-project] new path /v2/images/eed5bdd9-a3f2-46a2-a18d-2520e16b1e4d {{(pid=157846) process_request /opt/stack/glance/glance/api/middleware/version_negotiation.py:70}}
Jul 28 09:56:03 ubuntu devstack@g-api.service[157846]: [pid: 157846|app: 0|req: 43/81] 127.0.0.1 () {38 vars in 774 bytes} [Thu Jul 28 09:56:03 2022] GET /v2/images/eed5bdd9-a3f2-46a2-a18d-2520e16b1e4d => generated 649 bytes in 20 msecs (HTTP/1.1 200) 4 headers in 157 bytes (1 switches on core 0)
Jul 28 09:56:04 ubuntu devstack@g-api.service[157847]: DEBUG swiftclient [None req-6838dd3e-1def-495d-ad09-201d671b44f7 tempest-VolumesActionsTest-222876821 tempest-VolumesActionsTest-222876821-project] REQ: curl -i http://192.168.79.39:8080/v1/AUTH_9feaa69a9d6641f492018ff5b6edbc51/glance/eed5bdd9-a3f2-46a2-a18d-2520e16b1e4d-00002 -X PUT -H "X-Auth-Token: gAAAAABi4l0uW3yL..." {{(pid=157847) http_log /usr/local/lib/python3.8/dist-packages/swiftclient/client.py:157}}
Jul 28 09:56:04 ubuntu devstack@g-api.service[157847]: DEBUG swiftclient [None req-6838dd3e-1def-495d-ad09-201d671b44f7 tempest-VolumesActionsTest-222876821 tempest-VolumesActionsTest-222876821-project] RESP STATUS: 201 Created {{(pid=157847) http_log /usr/local/lib/python3.8/dist-packages/swiftclient/client.py:158}}
Jul 28 09:56:04 ubuntu devstack@g-api.service[157847]: DEBUG swiftclient [None req-6838dd3e-1def-495d-ad09-201d671b44f7 tempest-VolumesActionsTest-222876821 tempest-VolumesActionsTest-222876821-project] RESP HEADERS: {'Content-Type': 'text/html; charset=UTF-8', 'Content-Length': '0', 'Etag': 'eda9a9889837ac4bc81d6387d92c1bec', 'Last-Modified': 'Thu, 28 Jul 2022 09:56:02 GMT', 'X-Trans-Id': 'tx4d310d65f0d644eb9ea65-0062e25d31', 'X-Openstack-Request-Id': 'tx4d310d65f0d644eb9ea65-0062e25d31', 'Date': 'Thu, 28 Jul 2022 09:56:04 GMT'} {{(pid=157847) http_log /usr/local/lib/python3.8/dist-packages/swiftclient/client.py:159}}
Jul 28 09:56:04 ubuntu devstack@g-api.service[157847]: DEBUG glance_store._drivers.swift.store [None req-6838dd3e-1def-495d-ad09-201d671b44f7 tempest-VolumesActionsTest-222876821 tempest-VolumesActionsTest-222876821-project] Wrote chunk eed5bdd9-a3f2-46a2-a18d-2520e16b1e4d-00002 (2/?) of length 204800000 to Swift returning MD5 of content: eda9a9889837ac4bc81d6387d92c1bec {{(pid=157847) add /usr/local/lib/python3.8/dist-packages/glance_store/_drivers/swift/store.py:1025}}
Jul 28 09:56:04 ubuntu devstack@g-api.service[157846]: DEBUG glance.api.middleware.version_negotiation [None req-311cd978-632e-45ff-81e5-4b020c9bfcf8 tempest-VolumesActionsTest-222876821 tempest-VolumesActionsTest-222876821-project] Determining version of request: GET /v2/images/eed5bdd9-a3f2-46a2-a18d-2520e16b1e4d Accept: application/json {{(pid=157846) process_request /opt/stack/glance/glance/api/middleware/version_negotiation.py:44}}
Jul 28 09:56:04 ubuntu devstack@g-api.service[157846]: DEBUG glance.api.middleware.version_negotiation [None req-311cd978-632e-45ff-81e5-4b020c9bfcf8 tempest-VolumesActionsTest-222876821 tempest-VolumesActionsTest-222876821-project] Using url versioning {{(pid=157846) process_request /opt/stack/glance/glance/api/middleware/version_negotiation.py:57}}
Jul 28 09:56:04 ubuntu devstack@g-api.service[157846]: DEBUG glance.api.middleware.version_negotiation [None req-311cd978-632e-45ff-81e5-4b020c9bfcf8 tempest-VolumesActionsTest-222876821 tempest-VolumesActionsTest-222876821-project] Matched version: v2 {{(pid=157846) process_request /opt/stack/glance/glance/api/middleware/version_negotiation.py:69}}
Jul 28 09:56:04 ubuntu devstack@g-api.service[157846]: DEBUG glance.api.middleware.version_negotiation [None req-311cd978-632e-45ff-81e5-4b020c9bfcf8 tempest-VolumesActionsTest-222876821 tempest-VolumesActionsTest-222876821-project] new path /v2/images/eed5bdd9-a3f2-46a2-a18d-2520e16b1e4d {{(pid=157846) process_request /opt/stack/glance/glance/api/middleware/version_negotiation.py:70}}
Jul 28 09:56:04 ubuntu devstack@g-api.service[157846]: [pid: 157846|app: 0|req: 44/82] 127.0.0.1 () {38 vars in 774 bytes} [Thu Jul 28 09:56:04 2022] GET /v2/images/eed5bdd9-a3f2-46a2-a18d-2520e16b1e4d => generated 649 bytes in 15 msecs (HTTP/1.1 200) 4 headers in 157 bytes (1 switches on core 0)
Jul 28 09:56:05 ubuntu devstack@g-api.service[157846]: DEBUG glance.api.middleware.version_negotiation [None req-d710c91e-5232-4c8b-85fc-7d9b97363da0 tempest-VolumesActionsTest-222876821 tempest-VolumesActionsTest-222876821-project] Determining version of request: GET /v2/images/eed5bdd9-a3f2-46a2-a18d-2520e16b1e4d Accept: application/json {{(pid=157846) process_request /opt/stack/glance/glance/api/middleware/version_negotiation.py:44}}
Jul 28 09:56:05 ubuntu devstack@g-api.service[157846]: DEBUG glance.api.middleware.version_negotiation [None req-d710c91e-5232-4c8b-85fc-7d9b97363da0 tempest-VolumesActionsTest-222876821 tempest-VolumesActionsTest-222876821-project] Using url versioning {{(pid=157846) process_request /opt/stack/glance/glance/api/middleware/version_negotiation.py:57}}
Jul 28 09:56:05 ubuntu devstack@g-api.service[157846]: DEBUG glance.api.middleware.version_negotiation [None req-d710c91e-5232-4c8b-85fc-7d9b97363da0 tempest-VolumesActionsTest-222876821 tempest-VolumesActionsTest-222876821-project] Matched version: v2 {{(pid=157846) process_request /opt/stack/glance/glance/api/middleware/version_negotiation.py:69}}
Jul 28 09:56:05 ubuntu devstack@g-api.service[157846]: DEBUG glance.api.middleware.version_negotiation [None req-d710c91e-5232-4c8b-85fc-7d9b97363da0 tempest-VolumesActionsTest-222876821 tempest-VolumesActionsTest-222876821-project] new path /v2/images/eed5bdd9-a3f2-46a2-a18d-2520e16b1e4d {{(pid=157846) process_request /opt/stack/glance/glance/api/middleware/version_negotiation.py:70}}
Jul 28 09:56:05 ubuntu devstack@g-api.service[157846]: [pid: 157846|app: 0|req: 45/83] 127.0.0.1 () {38 vars in 774 bytes} [Thu Jul 28 09:56:05 2022] GET /v2/images/eed5bdd9-a3f2-46a2-a18d-2520e16b1e4d => generated 649 bytes in 18 msecs (HTTP/1.1 200) 4 headers in 157 bytes (1 switches on core 0)
Jul 28 09:56:06 ubuntu devstack@g-api.service[157846]: DEBUG glance.api.middleware.version_negotiation [None req-02db7dcd-bd1d-46d4-9ddf-3f64117f831a tempest-VolumesActionsTest-222876821 tempest-VolumesActionsTest-222876821-project] Determining version of request: GET /v2/images/eed5bdd9-a3f2-46a2-a18d-2520e16b1e4d Accept: application/json {{(pid=157846) process_request /opt/stack/glance/glance/api/middleware/version_negotiation.py:44}}
Jul 28 09:56:06 ubuntu devstack@g-api.service[157846]: DEBUG glance.api.middleware.version_negotiation [None req-02db7dcd-bd1d-46d4-9ddf-3f64117f831a tempest-VolumesActionsTest-222876821 tempest-VolumesActionsTest-222876821-project] Using url versioning {{(pid=157846) process_request /opt/stack/glance/glance/api/middleware/version_negotiation.py:57}}
Jul 28 09:56:06 ubuntu devstack@g-api.service[157846]: DEBUG glance.api.middleware.version_negotiation [None req-02db7dcd-bd1d-46d4-9ddf-3f64117f831a tempest-VolumesActionsTest-222876821 tempest-VolumesActionsTest-222876821-project] Matched version: v2 {{(pid=157846) process_request /opt/stack/glance/glance/api/middleware/version_negotiation.py:69}}
Jul 28 09:56:06 ubuntu devstack@g-api.service[157846]: DEBUG glance.api.middleware.version_negotiation [None req-02db7dcd-bd1d-46d4-9ddf-3f64117f831a tempest-VolumesActionsTest-222876821 tempest-VolumesActionsTest-222876821-project] new path /v2/images/eed5bdd9-a3f2-46a2-a18d-2520e16b1e4d {{(pid=157846) process_request /opt/stack/glance/glance/api/middleware/version_negotiation.py:70}}
Jul 28 09:56:06 ubuntu devstack@g-api.service[157846]: [pid: 157846|app: 0|req: 46/84] 127.0.0.1 () {38 vars in 774 bytes} [Thu Jul 28 09:56:06 2022] GET /v2/images/eed5bdd9-a3f2-46a2-a18d-2520e16b1e4d => generated 649 bytes in 31 msecs (HTTP/1.1 200) 4 headers in 157 bytes (1 switches on core 0)
Jul 28 09:56:07 ubuntu devstack@g-api.service[157847]: DEBUG swiftclient [None req-6838dd3e-1def-495d-ad09-201d671b44f7 tempest-VolumesActionsTest-222876821 tempest-VolumesActionsTest-222876821-project] REQ: curl -i http://192.168.79.39:8080/v1/AUTH_9feaa69a9d6641f492018ff5b6edbc51/glance/eed5bdd9-a3f2-46a2-a18d-2520e16b1e4d-00003 -X PUT -H "X-Auth-Token: gAAAAABi4l0uW3yL..." {{(pid=157847) http_log /usr/local/lib/python3.8/dist-packages/swiftclient/client.py:157}}
Jul 28 09:56:07 ubuntu devstack@g-api.service[157847]: DEBUG swiftclient [None req-6838dd3e-1def-495d-ad09-201d671b44f7 tempest-VolumesActionsTest-222876821 tempest-VolumesActionsTest-222876821-project] RESP STATUS: 201 Created {{(pid=157847) http_log /usr/local/lib/python3.8/dist-packages/swiftclient/client.py:158}}
Jul 28 09:56:07 ubuntu devstack@g-api.service[157847]: DEBUG swiftclient [None req-6838dd3e-1def-495d-ad09-201d671b44f7 tempest-VolumesActionsTest-222876821 tempest-VolumesActionsTest-222876821-project] RESP HEADERS: {'Content-Type': 'text/html; charset=UTF-8', 'Content-Length': '0', 'Etag': 'eda9a9889837ac4bc81d6387d92c1bec', 'Last-Modified': 'Thu, 28 Jul 2022 09:56:05 GMT', 'X-Trans-Id': 'txde59078c55e34452a899f-0062e25d34', 'X-Openstack-Request-Id': 'txde59078c55e34452a899f-0062e25d34', 'Date': 'Thu, 28 Jul 2022 09:56:07 GMT'} {{(pid=157847) http_log /usr/local/lib/python3.8/dist-packages/swiftclient/client.py:159}}
Jul 28 09:56:07 ubuntu devstack@g-api.service[157847]: DEBUG glance_store._drivers.swift.store [None req-6838dd3e-1def-495d-ad09-201d671b44f7 tempest-VolumesActionsTest-222876821 tempest-VolumesActionsTest-222876821-project] Wrote chunk eed5bdd9-a3f2-46a2-a18d-2520e16b1e4d-00003 (3/?) of length 204800000 to Swift returning MD5 of content: eda9a9889837ac4bc81d6387d92c1bec {{(pid=157847) add /usr/local/lib/python3.8/dist-packages/glance_store/_drivers/swift/store.py:1025}}
Jul 28 09:56:07 ubuntu devstack@g-api.service[157846]: DEBUG glance.api.middleware.version_negotiation [None req-4738b148-58c7-4a12-863c-7db4892bbe45 tempest-VolumesActionsTest-222876821 tempest-VolumesActionsTest-222876821-project] Determining version of request: GET /v2/images/eed5bdd9-a3f2-46a2-a18d-2520e16b1e4d Accept: application/json {{(pid=157846) process_request /opt/stack/glance/glance/api/middleware/version_negotiation.py:44}}
Jul 28 09:56:07 ubuntu devstack@g-api.service[157846]: DEBUG glance.api.middleware.version_negotiation [None req-4738b148-58c7-4a12-863c-7db4892bbe45 tempest-VolumesActionsTest-222876821 tempest-VolumesActionsTest-222876821-project] Using url versioning {{(pid=157846) process_request /opt/stack/glance/glance/api/middleware/version_negotiation.py:57}}
Jul 28 09:56:07 ubuntu devstack@g-api.service[157846]: DEBUG glance.api.middleware.version_negotiation [None req-4738b148-58c7-4a12-863c-7db4892bbe45 tempest-VolumesActionsTest-222876821 tempest-VolumesActionsTest-222876821-project] Matched version: v2 {{(pid=157846) process_request /opt/stack/glance/glance/api/middleware/version_negotiation.py:69}}
Jul 28 09:56:07 ubuntu devstack@g-api.service[157846]: DEBUG glance.api.middleware.version_negotiation [None req-4738b148-58c7-4a12-863c-7db4892bbe45 tempest-VolumesActionsTest-222876821 tempest-VolumesActionsTest-222876821-project] new path /v2/images/eed5bdd9-a3f2-46a2-a18d-2520e16b1e4d {{(pid=157846) process_request /opt/stack/glance/glance/api/middleware/version_negotiation.py:70}}
Jul 28 09:56:07 ubuntu devstack@g-api.service[157846]: [pid: 157846|app: 0|req: 47/85] 127.0.0.1 () {38 vars in 774 bytes} [Thu Jul 28 09:56:07 2022] GET /v2/images/eed5bdd9-a3f2-46a2-a18d-2520e16b1e4d => generated 649 bytes in 15 msecs (HTTP/1.1 200) 4 headers in 157 bytes (1 switches on core 0)
Jul 28 09:56:08 ubuntu devstack@g-api.service[157847]: DEBUG dbcounter [-] [157847] Writing DB stats glance:SELECT=38,glance:INSERT=1,glance:UPDATE=1 {{(pid=157847) stat_writer /usr/local/lib/python3.8/dist-packages/dbcounter.py:114}}
Jul 28 09:56:08 ubuntu devstack@g-api.service[157846]: DEBUG glance.api.middleware.version_negotiation [None req-def27014-abf8-45e9-8d3b-404954c57720 tempest-VolumesActionsTest-222876821 tempest-VolumesActionsTest-222876821-project] Determining version of request: GET /v2/images/eed5bdd9-a3f2-46a2-a18d-2520e16b1e4d Accept: application/json {{(pid=157846) process_request /opt/stack/glance/glance/api/middleware/version_negotiation.py:44}}
Jul 28 09:56:08 ubuntu devstack@g-api.service[157846]: DEBUG glance.api.middleware.version_negotiation [None req-def27014-abf8-45e9-8d3b-404954c57720 tempest-VolumesActionsTest-222876821 tempest-VolumesActionsTest-222876821-project] Using url versioning {{(pid=157846) process_request /opt/stack/glance/glance/api/middleware/version_negotiation.py:57}}
Jul 28 09:56:08 ubuntu devstack@g-api.service[157846]: DEBUG glance.api.middleware.version_negotiation [None req-def27014-abf8-45e9-8d3b-404954c57720 tempest-VolumesActionsTest-222876821 tempest-VolumesActionsTest-222876821-project] Matched version: v2 {{(pid=157846) process_request /opt/stack/glance/glance/api/middleware/version_negotiation.py:69}}
Jul 28 09:56:08 ubuntu devstack@g-api.service[157846]: DEBUG glance.api.middleware.version_negotiation [None req-def27014-abf8-45e9-8d3b-404954c57720 tempest-VolumesActionsTest-222876821 tempest-VolumesActionsTest-222876821-project] new path /v2/images/eed5bdd9-a3f2-46a2-a18d-2520e16b1e4d {{(pid=157846) process_request /opt/stack/glance/glance/api/middleware/version_negotiation.py:70}}
Jul 28 09:56:08 ubuntu devstack@g-api.service[157846]: [pid: 157846|app: 0|req: 48/86] 127.0.0.1 () {38 vars in 774 bytes} [Thu Jul 28 09:56:08 2022] GET /v2/images/eed5bdd9-a3f2-46a2-a18d-2520e16b1e4d => generated 649 bytes in 46 msecs (HTTP/1.1 200) 4 headers in 157 bytes (1 switches on core 0)
Jul 28 09:56:09 ubuntu devstack@g-api.service[157847]: DEBUG swiftclient [None req-6838dd3e-1def-495d-ad09-201d671b44f7 tempest-VolumesActionsTest-222876821 tempest-VolumesActionsTest-222876821-project] REQ: curl -i http://192.168.79.39:8080/v1/AUTH_9feaa69a9d6641f492018ff5b6edbc51/glance/eed5bdd9-a3f2-46a2-a18d-2520e16b1e4d-00004 -X PUT -H "X-Auth-Token: gAAAAABi4l0uW3yL..." {{(pid=157847) http_log /usr/local/lib/python3.8/dist-packages/swiftclient/client.py:157}}
Jul 28 09:56:09 ubuntu devstack@g-api.service[157846]: DEBUG glance.api.middleware.version_negotiation [None req-51656a6a-9d08-42ad-9ab7-ee8dfa13f535 tempest-VolumesActionsTest-222876821 tempest-VolumesActionsTest-222876821-project] Determining version of request: GET /v2/images/eed5bdd9-a3f2-46a2-a18d-2520e16b1e4d Accept: application/json {{(pid=157846) process_request /opt/stack/glance/glance/api/middleware/version_negotiation.py:44}}
Jul 28 09:56:09 ubuntu devstack@g-api.service[157847]: DEBUG swiftclient [None req-6838dd3e-1def-495d-ad09-201d671b44f7 tempest-VolumesActionsTest-222876821 tempest-VolumesActionsTest-222876821-project] RESP STATUS: 201 Created {{(pid=157847) http_log /usr/local/lib/python3.8/dist-packages/swiftclient/client.py:158}}
Jul 28 09:56:09 ubuntu devstack@g-api.service[157846]: DEBUG glance.api.middleware.version_negotiation [None req-51656a6a-9d08-42ad-9ab7-ee8dfa13f535 tempest-VolumesActionsTest-222876821 tempest-VolumesActionsTest-222876821-project] Using url versioning {{(pid=157846) process_request /opt/stack/glance/glance/api/middleware/version_negotiation.py:57}}
Jul 28 09:56:09 ubuntu devstack@g-api.service[157847]: DEBUG swiftclient [None req-6838dd3e-1def-495d-ad09-201d671b44f7 tempest-VolumesActionsTest-222876821 tempest-VolumesActionsTest-222876821-project] RESP HEADERS: {'Content-Type': 'text/html; charset=UTF-8', 'Content-Length': '0', 'Etag': 'eda9a9889837ac4bc81d6387d92c1bec', 'Last-Modified': 'Thu, 28 Jul 2022 09:56:08 GMT', 'X-Trans-Id': 'tx7a8d570c340043a496a02-0062e25d37', 'X-Openstack-Request-Id': 'tx7a8d570c340043a496a02-0062e25d37', 'Date': 'Thu, 28 Jul 2022 09:56:09 GMT'} {{(pid=157847) http_log /usr/local/lib/python3.8/dist-packages/swiftclient/client.py:159}}
Jul 28 09:56:09 ubuntu devstack@g-api.service[157846]: DEBUG glance.api.middleware.version_negotiation [None req-51656a6a-9d08-42ad-9ab7-ee8dfa13f535 tempest-VolumesActionsTest-222876821 tempest-VolumesActionsTest-222876821-project] Matched version: v2 {{(pid=157846) process_request /opt/stack/glance/glance/api/middleware/version_negotiation.py:69}}
Jul 28 09:56:09 ubuntu devstack@g-api.service[157846]: DEBUG glance.api.middleware.version_negotiation [None req-51656a6a-9d08-42ad-9ab7-ee8dfa13f535 tempest-VolumesActionsTest-222876821 tempest-VolumesActionsTest-222876821-project] new path /v2/images/eed5bdd9-a3f2-46a2-a18d-2520e16b1e4d {{(pid=157846) process_request /opt/stack/glance/glance/api/middleware/version_negotiation.py:70}}
Jul 28 09:56:09 ubuntu devstack@g-api.service[157847]: DEBUG glance_store._drivers.swift.store [None req-6838dd3e-1def-495d-ad09-201d671b44f7 tempest-VolumesActionsTest-222876821 tempest-VolumesActionsTest-222876821-project] Wrote chunk eed5bdd9-a3f2-46a2-a18d-2520e16b1e4d-00004 (4/?) of length 204800000 to Swift returning MD5 of content: eda9a9889837ac4bc81d6387d92c1bec {{(pid=157847) add /usr/local/lib/python3.8/dist-packages/glance_store/_drivers/swift/store.py:1025}}
Jul 28 09:56:09 ubuntu devstack@g-api.service[157846]: [pid: 157846|app: 0|req: 49/87] 127.0.0.1 () {38 vars in 774 bytes} [Thu Jul 28 09:56:09 2022] GET /v2/images/eed5bdd9-a3f2-46a2-a18d-2520e16b1e4d => generated 649 bytes in 39 msecs (HTTP/1.1 200) 4 headers in 157 bytes (1 switches on core 0)
Jul 28 09:56:10 ubuntu devstack@g-api.service[157846]: DEBUG glance.api.middleware.version_negotiation [None req-c42da0d6-3415-462e-af55-2b2b394a91bc tempest-VolumesActionsTest-222876821 tempest-VolumesActionsTest-222876821-project] Determining version of request: GET /v2/images/eed5bdd9-a3f2-46a2-a18d-2520e16b1e4d Accept: application/json {{(pid=157846) process_request /opt/stack/glance/glance/api/middleware/version_negotiation.py:44}}
Jul 28 09:56:10 ubuntu devstack@g-api.service[157846]: DEBUG glance.api.middleware.version_negotiation [None req-c42da0d6-3415-462e-af55-2b2b394a91bc tempest-VolumesActionsTest-222876821 tempest-VolumesActionsTest-222876821-project] Using url versioning {{(pid=157846) process_request /opt/stack/glance/glance/api/middleware/version_negotiation.py:57}}
Jul 28 09:56:10 ubuntu devstack@g-api.service[157846]: DEBUG glance.api.middleware.version_negotiation [None req-c42da0d6-3415-462e-af55-2b2b394a91bc tempest-VolumesActionsTest-222876821 tempest-VolumesActionsTest-222876821-project] Matched version: v2 {{(pid=157846) process_request /opt/stack/glance/glance/api/middleware/version_negotiation.py:69}}
Jul 28 09:56:10 ubuntu devstack@g-api.service[157846]: DEBUG glance.api.middleware.version_negotiation [None req-c42da0d6-3415-462e-af55-2b2b394a91bc tempest-VolumesActionsTest-222876821 tempest-VolumesActionsTest-222876821-project] new path /v2/images/eed5bdd9-a3f2-46a2-a18d-2520e16b1e4d {{(pid=157846) process_request /opt/stack/glance/glance/api/middleware/version_negotiation.py:70}}
Jul 28 09:56:10 ubuntu devstack@g-api.service[157846]: [pid: 157846|app: 0|req: 50/88] 127.0.0.1 () {38 vars in 774 bytes} [Thu Jul 28 09:56:10 2022] GET /v2/images/eed5bdd9-a3f2-46a2-a18d-2520e16b1e4d => generated 649 bytes in 23 msecs (HTTP/1.1 200) 4 headers in 157 bytes (1 switches on core 0)
Jul 28 09:56:11 ubuntu devstack@g-api.service[157846]: DEBUG glance.api.middleware.version_negotiation [None req-18196395-e625-4a4d-a94d-ba44c110a39f tempest-VolumesActionsTest-222876821 tempest-VolumesActionsTest-222876821-project] Determining version of request: GET /v2/images/eed5bdd9-a3f2-46a2-a18d-2520e16b1e4d Accept: application/json {{(pid=157846) process_request /opt/stack/glance/glance/api/middleware/version_negotiation.py:44}}
Jul 28 09:56:11 ubuntu devstack@g-api.service[157846]: DEBUG glance.api.middleware.version_negotiation [None req-18196395-e625-4a4d-a94d-ba44c110a39f tempest-VolumesActionsTest-222876821 tempest-VolumesActionsTest-222876821-project] Using url versioning {{(pid=157846) process_request /opt/stack/glance/glance/api/middleware/version_negotiation.py:57}}
Jul 28 09:56:11 ubuntu devstack@g-api.service[157846]: DEBUG glance.api.middleware.version_negotiation [None req-18196395-e625-4a4d-a94d-ba44c110a39f tempest-VolumesActionsTest-222876821 tempest-VolumesActionsTest-222876821-project] Matched version: v2 {{(pid=157846) process_request /opt/stack/glance/glance/api/middleware/version_negotiation.py:69}}
Jul 28 09:56:11 ubuntu devstack@g-api.service[157846]: DEBUG glance.api.middleware.version_negotiation [None req-18196395-e625-4a4d-a94d-ba44c110a39f tempest-VolumesActionsTest-222876821 tempest-VolumesActionsTest-222876821-project] new path /v2/images/eed5bdd9-a3f2-46a2-a18d-2520e16b1e4d {{(pid=157846) process_request /opt/stack/glance/glance/api/middleware/version_negotiation.py:70}}
Jul 28 09:56:12 ubuntu devstack@g-api.service[157846]: [pid: 157846|app: 0|req: 51/89] 127.0.0.1 () {38 vars in 774 bytes} [Thu Jul 28 09:56:11 2022] GET /v2/images/eed5bdd9-a3f2-46a2-a18d-2520e16b1e4d => generated 649 bytes in 32 msecs (HTTP/1.1 200) 4 headers in 157 bytes (1 switches on core 0)
Jul 28 09:56:12 ubuntu devstack@g-api.service[157847]: DEBUG swiftclient [None req-6838dd3e-1def-495d-ad09-201d671b44f7 tempest-VolumesActionsTest-222876821 tempest-VolumesActionsTest-222876821-project] REQ: curl -i http://192.168.79.39:8080/v1/AUTH_9feaa69a9d6641f492018ff5b6edbc51/glance/eed5bdd9-a3f2-46a2-a18d-2520e16b1e4d-00005 -X PUT -H "X-Auth-Token: gAAAAABi4l0uW3yL..." {{(pid=157847) http_log /usr/local/lib/python3.8/dist-packages/swiftclient/client.py:157}}
Jul 28 09:56:12 ubuntu devstack@g-api.service[157847]: DEBUG swiftclient [None req-6838dd3e-1def-495d-ad09-201d671b44f7 tempest-VolumesActionsTest-222876821 tempest-VolumesActionsTest-222876821-project] RESP STATUS: 201 Created {{(pid=157847) http_log /usr/local/lib/python3.8/dist-packages/swiftclient/client.py:158}}
Jul 28 09:56:12 ubuntu devstack@g-api.service[157847]: DEBUG swiftclient [None req-6838dd3e-1def-495d-ad09-201d671b44f7 tempest-VolumesActionsTest-222876821 tempest-VolumesActionsTest-222876821-project] RESP HEADERS: {'Content-Type': 'text/html; charset=UTF-8', 'Content-Length': '0', 'Etag': 'eda9a9889837ac4bc81d6387d92c1bec', 'Last-Modified': 'Thu, 28 Jul 2022 09:56:10 GMT', 'X-Trans-Id': 'tx2dca9c90108a46c7b2ec2-0062e25d39', 'X-Openstack-Request-Id': 'tx2dca9c90108a46c7b2ec2-0062e25d39', 'Date': 'Thu, 28 Jul 2022 09:56:12 GMT'} {{(pid=157847) http_log /usr/local/lib/python3.8/dist-packages/swiftclient/client.py:159}}
Jul 28 09:56:12 ubuntu devstack@g-api.service[157847]: DEBUG glance_store._drivers.swift.store [None req-6838dd3e-1def-495d-ad09-201d671b44f7 tempest-VolumesActionsTest-222876821 tempest-VolumesActionsTest-222876821-project] Wrote chunk eed5bdd9-a3f2-46a2-a18d-2520e16b1e4d-00005 (5/?) of length 204800000 to Swift returning MD5 of content: eda9a9889837ac4bc81d6387d92c1bec {{(pid=157847) add /usr/local/lib/python3.8/dist-packages/glance_store/_drivers/swift/store.py:1025}}
Jul 28 09:56:13 ubuntu devstack@g-api.service[157846]: DEBUG glance.api.middleware.version_negotiation [None req-3f00990a-2929-4fcd-99bf-cdbad4bf0254 tempest-VolumesActionsTest-222876821 tempest-VolumesActionsTest-222876821-project] Determining version of request: GET /v2/images/eed5bdd9-a3f2-46a2-a18d-2520e16b1e4d Accept: application/json {{(pid=157846) process_request /opt/stack/glance/glance/api/middleware/version_negotiation.py:44}}
Jul 28 09:56:13 ubuntu devstack@g-api.service[157846]: DEBUG glance.api.middleware.version_negotiation [None req-3f00990a-2929-4fcd-99bf-cdbad4bf0254 tempest-VolumesActionsTest-222876821 tempest-VolumesActionsTest-222876821-project] Using url versioning {{(pid=157846) process_request /opt/stack/glance/glance/api/middleware/version_negotiation.py:57}}
Jul 28 09:56:13 ubuntu devstack@g-api.service[157846]: DEBUG glance.api.middleware.version_negotiation [None req-3f00990a-2929-4fcd-99bf-cdbad4bf0254 tempest-VolumesActionsTest-222876821 tempest-VolumesActionsTest-222876821-project] Matched version: v2 {{(pid=157846) process_request /opt/stack/glance/glance/api/middleware/version_negotiation.py:69}}
Jul 28 09:56:13 ubuntu devstack@g-api.service[157846]: DEBUG glance.api.middleware.version_negotiation [None req-3f00990a-2929-4fcd-99bf-cdbad4bf0254 tempest-VolumesActionsTest-222876821 tempest-VolumesActionsTest-222876821-project] new path /v2/images/eed5bdd9-a3f2-46a2-a18d-2520e16b1e4d {{(pid=157846) process_request /opt/stack/glance/glance/api/middleware/version_negotiation.py:70}}
Jul 28 09:56:13 ubuntu devstack@g-api.service[157846]: [pid: 157846|app: 0|req: 52/90] 127.0.0.1 () {38 vars in 774 bytes} [Thu Jul 28 09:56:13 2022] GET /v2/images/eed5bdd9-a3f2-46a2-a18d-2520e16b1e4d => generated 649 bytes in 15 msecs (HTTP/1.1 200) 4 headers in 157 bytes (1 switches on core 0)
Jul 28 09:56:13 ubuntu devstack@g-api.service[157847]: DEBUG swiftclient [None req-6838dd3e-1def-495d-ad09-201d671b44f7 tempest-VolumesActionsTest-222876821 tempest-VolumesActionsTest-222876821-project] REQ: curl -i http://192.168.79.39:8080/v1/AUTH_9feaa69a9d6641f492018ff5b6edbc51/glance/eed5bdd9-a3f2-46a2-a18d-2520e16b1e4d-00006 -X PUT -H "X-Auth-Token: gAAAAABi4l0uW3yL..." {{(pid=157847) http_log /usr/local/lib/python3.8/dist-packages/swiftclient/client.py:157}}
Jul 28 09:56:13 ubuntu devstack@g-api.service[157847]: DEBUG swiftclient [None req-6838dd3e-1def-495d-ad09-201d671b44f7 tempest-VolumesActionsTest-222876821 tempest-VolumesActionsTest-222876821-project] RESP STATUS: 201 Created {{(pid=157847) http_log /usr/local/lib/python3.8/dist-packages/swiftclient/client.py:158}}
Jul 28 09:56:13 ubuntu devstack@g-api.service[157847]: DEBUG swiftclient [None req-6838dd3e-1def-495d-ad09-201d671b44f7 tempest-VolumesActionsTest-222876821 tempest-VolumesActionsTest-222876821-project] RESP HEADERS: {'Content-Type': 'text/html; charset=UTF-8', 'Content-Length': '0', 'Etag': '708761f3b8777ec77058e63da08eeeb6', 'Last-Modified': 'Thu, 28 Jul 2022 09:56:13 GMT', 'X-Trans-Id': 'tx76eaf85e0aa94b88b3a13-0062e25d3c', 'X-Openstack-Request-Id': 'tx76eaf85e0aa94b88b3a13-0062e25d3c', 'Date': 'Thu, 28 Jul 2022 09:56:13 GMT'} {{(pid=157847) http_log /usr/local/lib/python3.8/dist-packages/swiftclient/client.py:159}}
Jul 28 09:56:13 ubuntu devstack@g-api.service[157847]: DEBUG glance_store._drivers.swift.store [None req-6838dd3e-1def-495d-ad09-201d671b44f7 tempest-VolumesActionsTest-222876821 tempest-VolumesActionsTest-222876821-project] Wrote chunk eed5bdd9-a3f2-46a2-a18d-2520e16b1e4d-00006 (6/?) of length 49741824 to Swift returning MD5 of content: 708761f3b8777ec77058e63da08eeeb6 {{(pid=157847) add /usr/local/lib/python3.8/dist-packages/glance_store/_drivers/swift/store.py:1025}}
Jul 28 09:56:13 ubuntu devstack@g-api.service[157847]: DEBUG glance_store._drivers.swift.store [None req-6838dd3e-1def-495d-ad09-201d671b44f7 tempest-VolumesActionsTest-222876821 tempest-VolumesActionsTest-222876821-project] Not writing zero-length chunk. {{(pid=157847) add /usr/local/lib/python3.8/dist-packages/glance_store/_drivers/swift/store.py:994}}
Jul 28 09:56:13 ubuntu devstack@g-api.service[157847]: DEBUG swiftclient [None req-6838dd3e-1def-495d-ad09-201d671b44f7 tempest-VolumesActionsTest-222876821 tempest-VolumesActionsTest-222876821-project] REQ: curl -i http://192.168.79.39:8080/v1/AUTH_9feaa69a9d6641f492018ff5b6edbc51/glance/eed5bdd9-a3f2-46a2-a18d-2520e16b1e4d -X PUT -H "X-Object-Manifest: glance/eed5bdd9-a3f2-46a2-a18d-2520e16b1e4d-" -H "X-Auth-Token: gAAAAABi4l0uW3yL..." -H "Content-Length: 0" {{(pid=157847) http_log /usr/local/lib/python3.8/dist-packages/swiftclient/client.py:157}}
Jul 28 09:56:13 ubuntu devstack@g-api.service[157847]: DEBUG swiftclient [None req-6838dd3e-1def-495d-ad09-201d671b44f7 tempest-VolumesActionsTest-222876821 tempest-VolumesActionsTest-222876821-project] RESP STATUS: 201 Created {{(pid=157847) http_log /usr/local/lib/python3.8/dist-packages/swiftclient/client.py:158}}
Jul 28 09:56:13 ubuntu devstack@g-api.service[157847]: DEBUG swiftclient [None req-6838dd3e-1def-495d-ad09-201d671b44f7 tempest-VolumesActionsTest-222876821 tempest-VolumesActionsTest-222876821-project] RESP HEADERS: {'Content-Type': 'text/html; charset=UTF-8', 'Content-Length': '0', 'Etag': 'd41d8cd98f00b204e9800998ecf8427e', 'Last-Modified': 'Thu, 28 Jul 2022 09:56:14 GMT', 'X-Trans-Id': 'txa24aedfebbab4d0da9985-0062e25d3d', 'X-Openstack-Request-Id': 'txa24aedfebbab4d0da9985-0062e25d3d', 'Date': 'Thu, 28 Jul 2022 09:56:13 GMT'} {{(pid=157847) http_log /usr/local/lib/python3.8/dist-packages/swiftclient/client.py:159}}
Jul 28 09:56:13 ubuntu devstack@g-api.service[157847]: INFO glance.location [None req-6838dd3e-1def-495d-ad09-201d671b44f7 tempest-VolumesActionsTest-222876821 tempest-VolumesActionsTest-222876821-project] Image format matched and virtual size computed: 1073741824
Jul 28 09:56:13 ubuntu devstack@g-api.service[157847]: DEBUG glance_store.backend [None req-6838dd3e-1def-495d-ad09-201d671b44f7 tempest-VolumesActionsTest-222876821 tempest-VolumesActionsTest-222876821-project] Attempting to import store swift {{(pid=157847) _load_store /usr/local/lib/python3.8/dist-packages/glance_store/backend.py:216}}
Jul 28 09:56:13 ubuntu devstack@g-api.service[157847]: DEBUG glance_store.capabilities [None req-6838dd3e-1def-495d-ad09-201d671b44f7 tempest-VolumesActionsTest-222876821 tempest-VolumesActionsTest-222876821-project] Store glance_store._drivers.swift.store.SingleTenantStore doesn't support updating dynamic storage capabilities. Please overwrite 'update_capabilities' method of the store to implement updating logics if needed. {{(pid=157847) update_capabilities /usr/local/lib/python3.8/dist-packages/glance_store/capabilities.py:91}}
Jul 28 09:56:13 ubuntu devstack@g-api.service[157847]: DEBUG glance_store.driver [None req-6838dd3e-1def-495d-ad09-201d671b44f7 tempest-VolumesActionsTest-222876821 tempest-VolumesActionsTest-222876821-project] Late loading location class glance_store._drivers.swift.store.StoreLocation {{(pid=157847) get_store_location_class /usr/local/lib/python3.8/dist-packages/glance_store/driver.py:116}}
Jul 28 09:56:13 ubuntu devstack@g-api.service[157847]: DEBUG glance_store.location [None req-6838dd3e-1def-495d-ad09-201d671b44f7 tempest-VolumesActionsTest-222876821 tempest-VolumesActionsTest-222876821-project] Registering scheme swift+https with {'store': <glance_store._drivers.swift.store.SingleTenantStore object at 0x7f20f65890d0>, 'location_class': <class 'glance_store._drivers.swift.store.StoreLocation'>, 'store_entry': 'swift'} {{(pid=157847) register_scheme_map /usr/local/lib/python3.8/dist-packages/glance_store/location.py:146}}
Jul 28 09:56:13 ubuntu devstack@g-api.service[157847]: DEBUG glance_store.location [None req-6838dd3e-1def-495d-ad09-201d671b44f7 tempest-VolumesActionsTest-222876821 tempest-VolumesActionsTest-222876821-project] Registering scheme swift+https with {'store': <glance_store._drivers.swift.store.SingleTenantStore object at 0x7f20f65890d0>, 'location_class': <class 'glance_store._drivers.swift.store.StoreLocation'>, 'store_entry': 'swift'} {{(pid=157847) register_scheme_map /usr/local/lib/python3.8/dist-packages/glance_store/location.py:146}}
Jul 28 09:56:13 ubuntu devstack@g-api.service[157847]: DEBUG glance_store.location [None req-6838dd3e-1def-495d-ad09-201d671b44f7 tempest-VolumesActionsTest-222876821 tempest-VolumesActionsTest-222876821-project] Registering scheme swift with {'store': <glance_store._drivers.swift.store.SingleTenantStore object at 0x7f20f65890d0>, 'location_class': <class 'glance_store._drivers.swift.store.StoreLocation'>, 'store_entry': 'swift'} {{(pid=157847) register_scheme_map /usr/local/lib/python3.8/dist-packages/glance_store/location.py:146}}
Jul 28 09:56:13 ubuntu devstack@g-api.service[157847]: DEBUG glance_store.location [None req-6838dd3e-1def-495d-ad09-201d671b44f7 tempest-VolumesActionsTest-222876821 tempest-VolumesActionsTest-222876821-project] Registering scheme swift+https with {'store': <glance_store._drivers.swift.store.SingleTenantStore object at 0x7f20f65890d0>, 'location_class': <class 'glance_store._drivers.swift.store.StoreLocation'>, 'store_entry': 'swift'} {{(pid=157847) register_scheme_map /usr/local/lib/python3.8/dist-packages/glance_store/location.py:146}}
Jul 28 09:56:13 ubuntu devstack@g-api.service[157847]: DEBUG glance_store.location [None req-6838dd3e-1def-495d-ad09-201d671b44f7 tempest-VolumesActionsTest-222876821 tempest-VolumesActionsTest-222876821-project] Registering scheme swift with {'store': <glance_store._drivers.swift.store.SingleTenantStore object at 0x7f20f65890d0>, 'location_class': <class 'glance_store._drivers.swift.store.StoreLocation'>, 'store_entry': 'swift'} {{(pid=157847) register_scheme_map /usr/local/lib/python3.8/dist-packages/glance_store/location.py:146}}
Jul 28 09:56:13 ubuntu devstack@g-api.service[157847]: DEBUG glance_store.location [None req-6838dd3e-1def-495d-ad09-201d671b44f7 tempest-VolumesActionsTest-222876821 tempest-VolumesActionsTest-222876821-project] Registering scheme swift+http with {'store': <glance_store._drivers.swift.store.SingleTenantStore object at 0x7f20f65890d0>, 'location_class': <class 'glance_store._drivers.swift.store.StoreLocation'>, 'store_entry': 'swift'} {{(pid=157847) register_scheme_map /usr/local/lib/python3.8/dist-packages/glance_store/location.py:146}}
Jul 28 09:56:13 ubuntu devstack@g-api.service[157847]: DEBUG glance_store.location [None req-6838dd3e-1def-495d-ad09-201d671b44f7 tempest-VolumesActionsTest-222876821 tempest-VolumesActionsTest-222876821-project] Registering scheme swift+https with {'store': <glance_store._drivers.swift.store.SingleTenantStore object at 0x7f20f65890d0>, 'location_class': <class 'glance_store._drivers.swift.store.StoreLocation'>, 'store_entry': 'swift'} {{(pid=157847) register_scheme_map /usr/local/lib/python3.8/dist-packages/glance_store/location.py:146}}
Jul 28 09:56:13 ubuntu devstack@g-api.service[157847]: DEBUG glance_store.location [None req-6838dd3e-1def-495d-ad09-201d671b44f7 tempest-VolumesActionsTest-222876821 tempest-VolumesActionsTest-222876821-project] Registering scheme swift with {'store': <glance_store._drivers.swift.store.SingleTenantStore object at 0x7f20f65890d0>, 'location_class': <class 'glance_store._drivers.swift.store.StoreLocation'>, 'store_entry': 'swift'} {{(pid=157847) register_scheme_map /usr/local/lib/python3.8/dist-packages/glance_store/location.py:146}}
