Jul 28 09:39:49 ubuntu devstack@g-api.service[157847]: DEBUG swiftclient [None req-422eb279-ecc0-4377-b885-f8a114a35ffb admin admin] RESP HEADERS: {'Content-Type': 'text/html; charset=UTF-8', 'Content-Length': '0', 'Etag': '1d3062cd89af34e419f7100277f38b2b', 'Last-Modified': 'Thu, 28 Jul 2022 09:39:50 GMT', 'X-Trans-Id': 'tx77e7c7ac96ad41d3a5b4f-0062e25965', 'X-Openstack-Request-Id': 'tx77e7c7ac96ad41d3a5b4f-0062e25965', 'Date': 'Thu, 28 Jul 2022 09:39:49 GMT'} {{(pid=157847) http_log /usr/local/lib/python3.8/dist-packages/swiftclient/client.py:159}}
Jul 28 09:39:49 ubuntu devstack@g-api.service[157847]: INFO glance.location [None req-422eb279-ecc0-4377-b885-f8a114a35ffb admin admin] Image format matched and virtual size computed: 117440512
Jul 28 09:39:49 ubuntu devstack@g-api.service[157847]: DEBUG glance_store.backend [None req-422eb279-ecc0-4377-b885-f8a114a35ffb admin admin] Attempting to import store swift {{(pid=157847) _load_store /usr/local/lib/python3.8/dist-packages/glance_store/backend.py:216}}
Jul 28 09:39:49 ubuntu devstack@g-api.service[157847]: DEBUG glance_store.capabilities [None req-422eb279-ecc0-4377-b885-f8a114a35ffb admin admin] Store glance_store._drivers.swift.store.SingleTenantStore doesn't support updating dynamic storage capabilities. Please overwrite 'update_capabilities' method of the store to implement updating logics if needed. {{(pid=157847) update_capabilities /usr/local/lib/python3.8/dist-packages/glance_store/capabilities.py:91}}
Jul 28 09:39:49 ubuntu devstack@g-api.service[157847]: DEBUG glance_store.driver [None req-422eb279-ecc0-4377-b885-f8a114a35ffb admin admin] Late loading location class glance_store._drivers.swift.store.StoreLocation {{(pid=157847) get_store_location_class /usr/local/lib/python3.8/dist-packages/glance_store/driver.py:116}}
Jul 28 09:39:49 ubuntu devstack@g-api.service[157847]: DEBUG glance_store.location [None req-422eb279-ecc0-4377-b885-f8a114a35ffb admin admin] Registering scheme swift+https with {'store': <glance_store._drivers.swift.store.SingleTenantStore object at 0x7f20fcc6d2b0>, 'location_class': <class 'glance_store._drivers.swift.store.StoreLocation'>, 'store_entry': 'swift'} {{(pid=157847) register_scheme_map /usr/local/lib/python3.8/dist-packages/glance_store/location.py:146}}
Jul 28 09:39:49 ubuntu devstack@g-api.service[157847]: DEBUG glance_store.location [None req-422eb279-ecc0-4377-b885-f8a114a35ffb admin admin] Registering scheme swift+https with {'store': <glance_store._drivers.swift.store.SingleTenantStore object at 0x7f20fcc6d2b0>, 'location_class': <class 'glance_store._drivers.swift.store.StoreLocation'>, 'store_entry': 'swift'} {{(pid=157847) register_scheme_map /usr/local/lib/python3.8/dist-packages/glance_store/location.py:146}}
Jul 28 09:39:49 ubuntu devstack@g-api.service[157847]: DEBUG glance_store.location [None req-422eb279-ecc0-4377-b885-f8a114a35ffb admin admin] Registering scheme swift with {'store': <glance_store._drivers.swift.store.SingleTenantStore object at 0x7f20fcc6d2b0>, 'location_class': <class 'glance_store._drivers.swift.store.StoreLocation'>, 'store_entry': 'swift'} {{(pid=157847) register_scheme_map /usr/local/lib/python3.8/dist-packages/glance_store/location.py:146}}
Jul 28 09:39:49 ubuntu devstack@g-api.service[157847]: DEBUG glance_store.location [None req-422eb279-ecc0-4377-b885-f8a114a35ffb admin admin] Registering scheme swift+https with {'store': <glance_store._drivers.swift.store.SingleTenantStore object at 0x7f20fcc6d2b0>, 'location_class': <class 'glance_store._drivers.swift.store.StoreLocation'>, 'store_entry': 'swift'} {{(pid=157847) register_scheme_map /usr/local/lib/python3.8/dist-packages/glance_store/location.py:146}}
Jul 28 09:39:49 ubuntu devstack@g-api.service[157847]: DEBUG glance_store.location [None req-422eb279-ecc0-4377-b885-f8a114a35ffb admin admin] Registering scheme swift with {'store': <glance_store._drivers.swift.store.SingleTenantStore object at 0x7f20fcc6d2b0>, 'location_class': <class 'glance_store._drivers.swift.store.StoreLocation'>, 'store_entry': 'swift'} {{(pid=157847) register_scheme_map /usr/local/lib/python3.8/dist-packages/glance_store/location.py:146}}
Jul 28 09:39:49 ubuntu devstack@g-api.service[157847]: DEBUG glance_store.location [None req-422eb279-ecc0-4377-b885-f8a114a35ffb admin admin] Registering scheme swift+http with {'store': <glance_store._drivers.swift.store.SingleTenantStore object at 0x7f20fcc6d2b0>, 'location_class': <class 'glance_store._drivers.swift.store.StoreLocation'>, 'store_entry': 'swift'} {{(pid=157847) register_scheme_map /usr/local/lib/python3.8/dist-packages/glance_store/location.py:146}}
Jul 28 09:39:49 ubuntu devstack@g-api.service[157847]: DEBUG glance_store.location [None req-422eb279-ecc0-4377-b885-f8a114a35ffb admin admin] Registering scheme swift+https with {'store': <glance_store._drivers.swift.store.SingleTenantStore object at 0x7f20fcc6d2b0>, 'location_class': <class 'glance_store._drivers.swift.store.StoreLocation'>, 'store_entry': 'swift'} {{(pid=157847) register_scheme_map /usr/local/lib/python3.8/dist-packages/glance_store/location.py:146}}
Jul 28 09:39:49 ubuntu devstack@g-api.service[157847]: DEBUG glance_store.location [None req-422eb279-ecc0-4377-b885-f8a114a35ffb admin admin] Registering scheme swift with {'store': <glance_store._drivers.swift.store.SingleTenantStore object at 0x7f20fcc6d2b0>, 'location_class': <class 'glance_store._drivers.swift.store.StoreLocation'>, 'store_entry': 'swift'} {{(pid=157847) register_scheme_map /usr/local/lib/python3.8/dist-packages/glance_store/location.py:146}}
Jul 28 09:39:49 ubuntu devstack@g-api.service[157847]: DEBUG glance_store.location [None req-422eb279-ecc0-4377-b885-f8a114a35ffb admin admin] Registering scheme swift+http with {'store': <glance_store._drivers.swift.store.SingleTenantStore object at 0x7f20fcc6d2b0>, 'location_class': <class 'glance_store._drivers.swift.store.StoreLocation'>, 'store_entry': 'swift'} {{(pid=157847) register_scheme_map /usr/local/lib/python3.8/dist-packages/glance_store/location.py:146}}
Jul 28 09:39:49 ubuntu devstack@g-api.service[157847]: DEBUG glance_store.location [None req-422eb279-ecc0-4377-b885-f8a114a35ffb admin admin] Registering scheme swift+config with {'store': <glance_store._drivers.swift.store.SingleTenantStore object at 0x7f20fcc6d2b0>, 'location_class': <class 'glance_store._drivers.swift.store.StoreLocation'>, 'store_entry': 'swift'} {{(pid=157847) register_scheme_map /usr/local/lib/python3.8/dist-packages/glance_store/location.py:146}}
Jul 28 09:39:49 ubuntu devstack@g-api.service[157847]: DEBUG glance_store.backend [None req-422eb279-ecc0-4377-b885-f8a114a35ffb admin admin] Skipping store.set_acls... not implemented. {{(pid=157847) set_acls /usr/local/lib/python3.8/dist-packages/glance_store/backend.py:508}}
Jul 28 09:39:49 ubuntu devstack@g-api.service[157847]: [pid: 157847|app: 0|req: 3/4] 127.0.0.1 () {40 vars in 862 bytes} [Thu Jul 28 09:39:47 2022] PUT /v2/images/1ab8d627-39bd-4749-9ed0-6a9b8df060d9/file => generated 0 bytes in 2693 msecs (HTTP/1.1 204) 4 headers in 171 bytes (2 switches on core 0)
Jul 28 09:39:57 ubuntu devstack@g-api.service[157846]: DEBUG dbcounter [-] [157846] Writing DB stats glance:SELECT=9,glance:INSERT=5 {{(pid=157846) stat_writer /usr/local/lib/python3.8/dist-packages/dbcounter.py:114}}
Jul 28 09:39:59 ubuntu devstack@g-api.service[157847]: DEBUG dbcounter [-] [157847] Writing DB stats glance:SELECT=28,glance:UPDATE=2,glance:INSERT=1 {{(pid=157847) stat_writer /usr/local/lib/python3.8/dist-packages/dbcounter.py:114}}
Jul 28 09:40:34 ubuntu devstack@g-api.service[157846]: DEBUG glance.api.middleware.version_negotiation [None req-501709e2-5b55-4310-9564-8f4ba0a4487e admin admin] Determining version of request: GET / Accept: application/json {{(pid=157846) process_request /opt/stack/glance/glance/api/middleware/version_negotiation.py:44}}
Jul 28 09:40:34 ubuntu devstack@g-api.service[157846]: DEBUG glance.api.middleware.version_negotiation [None req-501709e2-5b55-4310-9564-8f4ba0a4487e admin admin] Using url versioning {{(pid=157846) process_request /opt/stack/glance/glance/api/middleware/version_negotiation.py:57}}
Jul 28 09:40:34 ubuntu devstack@g-api.service[157846]: DEBUG glance.api.middleware.version_negotiation [None req-501709e2-5b55-4310-9564-8f4ba0a4487e admin admin] Unknown version. Returning version choices. {{(pid=157846) process_request /opt/stack/glance/glance/api/middleware/version_negotiation.py:64}}
Jul 28 09:40:34 ubuntu devstack@g-api.service[157846]: [pid: 157846|app: 0|req: 2/5] 127.0.0.1 () {34 vars in 506 bytes} [Thu Jul 28 09:40:34 2022] GET / => generated 1323 bytes in 2 msecs (HTTP/1.1 300) 3 headers in 106 bytes (1 switches on core 0)
Jul 28 09:40:34 ubuntu devstack@g-api.service[157847]: DEBUG glance.api.middleware.version_negotiation [None req-422eb279-ecc0-4377-b885-f8a114a35ffb admin admin] Determining version of request: GET /v2/images Accept: application/json {{(pid=157847) process_request /opt/stack/glance/glance/api/middleware/version_negotiation.py:44}}
Jul 28 09:40:34 ubuntu devstack@g-api.service[157847]: DEBUG glance.api.middleware.version_negotiation [None req-422eb279-ecc0-4377-b885-f8a114a35ffb admin admin] Using url versioning {{(pid=157847) process_request /opt/stack/glance/glance/api/middleware/version_negotiation.py:57}}
Jul 28 09:40:34 ubuntu devstack@g-api.service[157847]: DEBUG glance.api.middleware.version_negotiation [None req-422eb279-ecc0-4377-b885-f8a114a35ffb admin admin] Matched version: v2 {{(pid=157847) process_request /opt/stack/glance/glance/api/middleware/version_negotiation.py:69}}
Jul 28 09:40:34 ubuntu devstack@g-api.service[157847]: DEBUG glance.api.middleware.version_negotiation [None req-422eb279-ecc0-4377-b885-f8a114a35ffb admin admin] new path /v2/images {{(pid=157847) process_request /opt/stack/glance/glance/api/middleware/version_negotiation.py:70}}
Jul 28 09:40:35 ubuntu devstack@g-api.service[157847]: [pid: 157847|app: 0|req: 4/6] 127.0.0.1 () {36 vars in 728 bytes} [Thu Jul 28 09:40:34 2022] GET /v2/images => generated 1045 bytes in 512 msecs (HTTP/1.1 200) 4 headers in 158 bytes (1 switches on core 0)
Jul 28 09:40:41 ubuntu devstack@g-api.service[157846]: DEBUG glance.api.middleware.version_negotiation [None req-501709e2-5b55-4310-9564-8f4ba0a4487e admin admin] Determining version of request: GET / Accept: application/json {{(pid=157846) process_request /opt/stack/glance/glance/api/middleware/version_negotiation.py:44}}
Jul 28 09:40:41 ubuntu devstack@g-api.service[157846]: DEBUG glance.api.middleware.version_negotiation [None req-501709e2-5b55-4310-9564-8f4ba0a4487e admin admin] Using url versioning {{(pid=157846) process_request /opt/stack/glance/glance/api/middleware/version_negotiation.py:57}}
Jul 28 09:40:41 ubuntu devstack@g-api.service[157846]: DEBUG glance.api.middleware.version_negotiation [None req-501709e2-5b55-4310-9564-8f4ba0a4487e admin admin] Unknown version. Returning version choices. {{(pid=157846) process_request /opt/stack/glance/glance/api/middleware/version_negotiation.py:64}}
Jul 28 09:40:41 ubuntu devstack@g-api.service[157846]: [pid: 157846|app: 0|req: 3/7] 127.0.0.1 () {34 vars in 506 bytes} [Thu Jul 28 09:40:41 2022] GET / => generated 1323 bytes in 2 msecs (HTTP/1.1 300) 3 headers in 106 bytes (1 switches on core 0)
Jul 28 09:40:41 ubuntu devstack@g-api.service[157847]: DEBUG glance.api.middleware.version_negotiation [None req-de722a29-4ec1-4bc3-94d8-82608012f42f admin admin] Determining version of request: GET /v2/images/1ab8d627-39bd-4749-9ed0-6a9b8df060d9 Accept: */* {{(pid=157847) process_request /opt/stack/glance/glance/api/middleware/version_negotiation.py:44}}
Jul 28 09:40:41 ubuntu devstack@g-api.service[157847]: DEBUG glance.api.middleware.version_negotiation [None req-de722a29-4ec1-4bc3-94d8-82608012f42f admin admin] Using url versioning {{(pid=157847) process_request /opt/stack/glance/glance/api/middleware/version_negotiation.py:57}}
Jul 28 09:40:41 ubuntu devstack@g-api.service[157847]: DEBUG glance.api.middleware.version_negotiation [None req-de722a29-4ec1-4bc3-94d8-82608012f42f admin admin] Matched version: v2 {{(pid=157847) process_request /opt/stack/glance/glance/api/middleware/version_negotiation.py:69}}
Jul 28 09:40:41 ubuntu devstack@g-api.service[157847]: DEBUG glance.api.middleware.version_negotiation [None req-de722a29-4ec1-4bc3-94d8-82608012f42f admin admin] new path /v2/images/1ab8d627-39bd-4749-9ed0-6a9b8df060d9 {{(pid=157847) process_request /opt/stack/glance/glance/api/middleware/version_negotiation.py:70}}
Jul 28 09:40:41 ubuntu devstack@g-api.service[157847]: [pid: 157847|app: 0|req: 5/8] 127.0.0.1 () {36 vars in 789 bytes} [Thu Jul 28 09:40:41 2022] GET /v2/images/1ab8d627-39bd-4749-9ed0-6a9b8df060d9 => generated 976 bytes in 308 msecs (HTTP/1.1 200) 4 headers in 157 bytes (1 switches on core 0)
Jul 28 09:40:45 ubuntu devstack@g-api.service[157846]: DEBUG glance.api.middleware.version_negotiation [None req-501709e2-5b55-4310-9564-8f4ba0a4487e admin admin] Determining version of request: GET / Accept: application/json {{(pid=157846) process_request /opt/stack/glance/glance/api/middleware/version_negotiation.py:44}}
Jul 28 09:40:45 ubuntu devstack@g-api.service[157846]: DEBUG glance.api.middleware.version_negotiation [None req-501709e2-5b55-4310-9564-8f4ba0a4487e admin admin] Using url versioning {{(pid=157846) process_request /opt/stack/glance/glance/api/middleware/version_negotiation.py:57}}
Jul 28 09:40:45 ubuntu devstack@g-api.service[157846]: DEBUG glance.api.middleware.version_negotiation [None req-501709e2-5b55-4310-9564-8f4ba0a4487e admin admin] Unknown version. Returning version choices. {{(pid=157846) process_request /opt/stack/glance/glance/api/middleware/version_negotiation.py:64}}
Jul 28 09:40:45 ubuntu devstack@g-api.service[157846]: [pid: 157846|app: 0|req: 4/9] 127.0.0.1 () {34 vars in 506 bytes} [Thu Jul 28 09:40:45 2022] GET / => generated 1323 bytes in 2 msecs (HTTP/1.1 300) 3 headers in 106 bytes (1 switches on core 0)
Jul 28 09:40:45 ubuntu devstack@g-api.service[157847]: DEBUG glance.api.middleware.version_negotiation [None req-28919616-b932-4539-9da5-7924d6f7bc9d admin admin] Determining version of request: GET /v2/images/1ab8d627-39bd-4749-9ed0-6a9b8df060d9 Accept: */* {{(pid=157847) process_request /opt/stack/glance/glance/api/middleware/version_negotiation.py:44}}
Jul 28 09:40:45 ubuntu devstack@g-api.service[157847]: DEBUG glance.api.middleware.version_negotiation [None req-28919616-b932-4539-9da5-7924d6f7bc9d admin admin] Using url versioning {{(pid=157847) process_request /opt/stack/glance/glance/api/middleware/version_negotiation.py:57}}
Jul 28 09:40:45 ubuntu devstack@g-api.service[157847]: DEBUG glance.api.middleware.version_negotiation [None req-28919616-b932-4539-9da5-7924d6f7bc9d admin admin] Matched version: v2 {{(pid=157847) process_request /opt/stack/glance/glance/api/middleware/version_negotiation.py:69}}
Jul 28 09:40:45 ubuntu devstack@g-api.service[157847]: DEBUG glance.api.middleware.version_negotiation [None req-28919616-b932-4539-9da5-7924d6f7bc9d admin admin] new path /v2/images/1ab8d627-39bd-4749-9ed0-6a9b8df060d9 {{(pid=157847) process_request /opt/stack/glance/glance/api/middleware/version_negotiation.py:70}}
Jul 28 09:40:46 ubuntu devstack@g-api.service[157847]: [pid: 157847|app: 0|req: 6/10] 127.0.0.1 () {36 vars in 789 bytes} [Thu Jul 28 09:40:45 2022] GET /v2/images/1ab8d627-39bd-4749-9ed0-6a9b8df060d9 => generated 976 bytes in 306 msecs (HTTP/1.1 200) 4 headers in 157 bytes (1 switches on core 0)
Jul 28 09:40:56 ubuntu devstack@g-api.service[157847]: DEBUG dbcounter [-] [157847] Writing DB stats glance:SELECT=10 {{(pid=157847) stat_writer /usr/local/lib/python3.8/dist-packages/dbcounter.py:114}}
Jul 28 09:43:01 ubuntu devstack@g-api.service[157846]: DEBUG glance.api.middleware.version_negotiation [None req-501709e2-5b55-4310-9564-8f4ba0a4487e admin admin] Determining version of request: GET /v1 Accept: application/json {{(pid=157846) process_request /opt/stack/glance/glance/api/middleware/version_negotiation.py:44}}
Jul 28 09:43:01 ubuntu devstack@g-api.service[157846]: DEBUG glance.api.middleware.version_negotiation [None req-501709e2-5b55-4310-9564-8f4ba0a4487e admin admin] Using url versioning {{(pid=157846) process_request /opt/stack/glance/glance/api/middleware/version_negotiation.py:57}}
Jul 28 09:43:01 ubuntu devstack@g-api.service[157846]: DEBUG glance.api.middleware.version_negotiation [None req-501709e2-5b55-4310-9564-8f4ba0a4487e admin admin] Unknown version. Returning version choices. {{(pid=157846) process_request /opt/stack/glance/glance/api/middleware/version_negotiation.py:64}}
Jul 28 09:43:01 ubuntu devstack@g-api.service[157846]: [pid: 157846|app: 0|req: 5/11] 127.0.0.1 () {38 vars in 686 bytes} [Thu Jul 28 09:43:01 2022] GET /v1 => generated 1323 bytes in 6 msecs (HTTP/1.1 300) 3 headers in 106 bytes (1 switches on core 0)
Jul 28 09:45:16 ubuntu devstack@g-api.service[157847]: DEBUG glance.api.middleware.version_negotiation [None req-8b56223c-98c8-441c-b281-c43f64bf73b6 admin admin] Determining version of request: GET /versions Accept: */* {{(pid=157847) process_request /opt/stack/glance/glance/api/middleware/version_negotiation.py:44}}
Jul 28 09:45:16 ubuntu devstack@g-api.service[157847]: [pid: 157847|app: 0|req: 7/12] 127.0.0.1 () {38 vars in 695 bytes} [Thu Jul 28 09:45:16 2022] GET /versions => generated 1323 bytes in 4 msecs (HTTP/1.1 200) 3 headers in 92 bytes (1 switches on core 0)
Jul 28 09:45:16 ubuntu devstack@g-api.service[157846]: DEBUG glance.api.middleware.version_negotiation [None req-501709e2-5b55-4310-9564-8f4ba0a4487e admin admin] Determining version of request: GET /v2/schemas/image Accept: */* {{(pid=157846) process_request /opt/stack/glance/glance/api/middleware/version_negotiation.py:44}}
Jul 28 09:45:16 ubuntu devstack@g-api.service[157846]: DEBUG glance.api.middleware.version_negotiation [None req-501709e2-5b55-4310-9564-8f4ba0a4487e admin admin] Using url versioning {{(pid=157846) process_request /opt/stack/glance/glance/api/middleware/version_negotiation.py:57}}
Jul 28 09:45:16 ubuntu devstack@g-api.service[157846]: DEBUG glance.api.middleware.version_negotiation [None req-501709e2-5b55-4310-9564-8f4ba0a4487e admin admin] Matched version: v2 {{(pid=157846) process_request /opt/stack/glance/glance/api/middleware/version_negotiation.py:69}}
Jul 28 09:45:16 ubuntu devstack@g-api.service[157846]: DEBUG glance.api.middleware.version_negotiation [None req-501709e2-5b55-4310-9564-8f4ba0a4487e admin admin] new path /v2/schemas/image {{(pid=157846) process_request /opt/stack/glance/glance/api/middleware/version_negotiation.py:70}}
Jul 28 09:45:16 ubuntu devstack@g-api.service[157846]: [pid: 157846|app: 0|req: 6/13] 127.0.0.1 () {38 vars in 711 bytes} [Thu Jul 28 09:45:16 2022] GET /v2/schemas/image => generated 6083 bytes in 97 msecs (HTTP/1.1 200) 4 headers in 158 bytes (1 switches on core 0)
Jul 28 09:45:16 ubuntu devstack@g-api.service[157847]: DEBUG glance.api.middleware.version_negotiation [None req-8b56223c-98c8-441c-b281-c43f64bf73b6 admin admin] Determining version of request: GET /v2/schemas/metadefs/namespace Accept: */* {{(pid=157847) process_request /opt/stack/glance/glance/api/middleware/version_negotiation.py:44}}
Jul 28 09:45:16 ubuntu devstack@g-api.service[157847]: DEBUG glance.api.middleware.version_negotiation [None req-8b56223c-98c8-441c-b281-c43f64bf73b6 admin admin] Using url versioning {{(pid=157847) process_request /opt/stack/glance/glance/api/middleware/version_negotiation.py:57}}
Jul 28 09:45:16 ubuntu devstack@g-api.service[157847]: DEBUG glance.api.middleware.version_negotiation [None req-8b56223c-98c8-441c-b281-c43f64bf73b6 admin admin] Matched version: v2 {{(pid=157847) process_request /opt/stack/glance/glance/api/middleware/version_negotiation.py:69}}
Jul 28 09:45:16 ubuntu devstack@g-api.service[157847]: DEBUG glance.api.middleware.version_negotiation [None req-8b56223c-98c8-441c-b281-c43f64bf73b6 admin admin] new path /v2/schemas/metadefs/namespace {{(pid=157847) process_request /opt/stack/glance/glance/api/middleware/version_negotiation.py:70}}
Jul 28 09:45:16 ubuntu devstack@g-api.service[157847]: [pid: 157847|app: 0|req: 8/14] 127.0.0.1 () {38 vars in 737 bytes} [Thu Jul 28 09:45:16 2022] GET /v2/schemas/metadefs/namespace => generated 3100 bytes in 6 msecs (HTTP/1.1 200) 4 headers in 158 bytes (1 switches on core 0)
Jul 28 09:45:16 ubuntu devstack@g-api.service[157846]: DEBUG glance.api.middleware.version_negotiation [None req-4a08938a-f1b2-48b9-bb3d-7924c34df745 admin admin] Determining version of request: GET /v2/schemas/metadefs/resource_type Accept: */* {{(pid=157846) process_request /opt/stack/glance/glance/api/middleware/version_negotiation.py:44}}
Jul 28 09:45:16 ubuntu devstack@g-api.service[157846]: DEBUG glance.api.middleware.version_negotiation [None req-4a08938a-f1b2-48b9-bb3d-7924c34df745 admin admin] Using url versioning {{(pid=157846) process_request /opt/stack/glance/glance/api/middleware/version_negotiation.py:57}}
Jul 28 09:45:16 ubuntu devstack@g-api.service[157846]: DEBUG glance.api.middleware.version_negotiation [None req-4a08938a-f1b2-48b9-bb3d-7924c34df745 admin admin] Matched version: v2 {{(pid=157846) process_request /opt/stack/glance/glance/api/middleware/version_negotiation.py:69}}
Jul 28 09:45:16 ubuntu devstack@g-api.service[157846]: DEBUG glance.api.middleware.version_negotiation [None req-4a08938a-f1b2-48b9-bb3d-7924c34df745 admin admin] new path /v2/schemas/metadefs/resource_type {{(pid=157846) process_request /opt/stack/glance/glance/api/middleware/version_negotiation.py:70}}
Jul 28 09:45:16 ubuntu devstack@g-api.service[157846]: [pid: 157846|app: 0|req: 7/15] 127.0.0.1 () {38 vars in 745 bytes} [Thu Jul 28 09:45:16 2022] GET /v2/schemas/metadefs/resource_type => generated 1260 bytes in 4 msecs (HTTP/1.1 200) 4 headers in 158 bytes (1 switches on core 0)
Jul 28 09:45:16 ubuntu devstack@g-api.service[157847]: DEBUG glance.api.middleware.version_negotiation [None req-0a9ec6e7-8910-4797-b910-cd2489ed6984 admin admin] Determining version of request: GET /v2/images Accept: */* {{(pid=157847) process_request /opt/stack/glance/glance/api/middleware/version_negotiation.py:44}}
Jul 28 09:45:16 ubuntu devstack@g-api.service[157847]: DEBUG glance.api.middleware.version_negotiation [None req-0a9ec6e7-8910-4797-b910-cd2489ed6984 admin admin] Using url versioning {{(pid=157847) process_request /opt/stack/glance/glance/api/middleware/version_negotiation.py:57}}
Jul 28 09:45:16 ubuntu devstack@g-api.service[157847]: DEBUG glance.api.middleware.version_negotiation [None req-0a9ec6e7-8910-4797-b910-cd2489ed6984 admin admin] Matched version: v2 {{(pid=157847) process_request /opt/stack/glance/glance/api/middleware/version_negotiation.py:69}}
Jul 28 09:45:16 ubuntu devstack@g-api.service[157847]: DEBUG glance.api.middleware.version_negotiation [None req-0a9ec6e7-8910-4797-b910-cd2489ed6984 admin admin] new path /v2/images {{(pid=157847) process_request /opt/stack/glance/glance/api/middleware/version_negotiation.py:70}}
Jul 28 09:45:16 ubuntu devstack@g-api.service[157847]: [pid: 157847|app: 0|req: 9/16] 127.0.0.1 () {38 vars in 768 bytes} [Thu Jul 28 09:45:16 2022] GET /v2/images?limit=20&sort_key=name&sort_dir=asc => generated 1081 bytes in 101 msecs (HTTP/1.1 200) 4 headers in 158 bytes (1 switches on core 0)
Jul 28 09:45:16 ubuntu devstack@g-api.service[157846]: DEBUG glance.api.middleware.version_negotiation [None req-ceb4ec81-8584-4cde-b4ae-56d730533979 admin admin] Determining version of request: GET /v2/schemas/image Accept: */* {{(pid=157846) process_request /opt/stack/glance/glance/api/middleware/version_negotiation.py:44}}
Jul 28 09:45:16 ubuntu devstack@g-api.service[157846]: DEBUG glance.api.middleware.version_negotiation [None req-ceb4ec81-8584-4cde-b4ae-56d730533979 admin admin] Using url versioning {{(pid=157846) process_request /opt/stack/glance/glance/api/middleware/version_negotiation.py:57}}
Jul 28 09:45:16 ubuntu devstack@g-api.service[157846]: DEBUG glance.api.middleware.version_negotiation [None req-ceb4ec81-8584-4cde-b4ae-56d730533979 admin admin] Matched version: v2 {{(pid=157846) process_request /opt/stack/glance/glance/api/middleware/version_negotiation.py:69}}
Jul 28 09:45:16 ubuntu devstack@g-api.service[157846]: DEBUG glance.api.middleware.version_negotiation [None req-ceb4ec81-8584-4cde-b4ae-56d730533979 admin admin] new path /v2/schemas/image {{(pid=157846) process_request /opt/stack/glance/glance/api/middleware/version_negotiation.py:70}}
Jul 28 09:45:16 ubuntu devstack@g-api.service[157846]: [pid: 157846|app: 0|req: 8/17] 127.0.0.1 () {38 vars in 711 bytes} [Thu Jul 28 09:45:16 2022] GET /v2/schemas/image => generated 6083 bytes in 4 msecs (HTTP/1.1 200) 4 headers in 158 bytes (1 switches on core 0)
Jul 28 09:45:26 ubuntu devstack@g-api.service[157847]: DEBUG dbcounter [-] [157847] Writing DB stats glance:SELECT=2 {{(pid=157847) stat_writer /usr/local/lib/python3.8/dist-packages/dbcounter.py:114}}
Jul 28 09:45:31 ubuntu devstack@g-api.service[157847]: DEBUG glance.api.middleware.version_negotiation [None req-f3b5d1f2-1fa3-440d-a8b1-1153ef988bfb admin admin] Determining version of request: GET / Accept: application/json {{(pid=157847) process_request /opt/stack/glance/glance/api/middleware/version_negotiation.py:44}}
Jul 28 09:45:31 ubuntu devstack@g-api.service[157847]: DEBUG glance.api.middleware.version_negotiation [None req-f3b5d1f2-1fa3-440d-a8b1-1153ef988bfb admin admin] Using url versioning {{(pid=157847) process_request /opt/stack/glance/glance/api/middleware/version_negotiation.py:57}}
Jul 28 09:45:31 ubuntu devstack@g-api.service[157847]: DEBUG glance.api.middleware.version_negotiation [None req-f3b5d1f2-1fa3-440d-a8b1-1153ef988bfb admin admin] Unknown version. Returning version choices. {{(pid=157847) process_request /opt/stack/glance/glance/api/middleware/version_negotiation.py:64}}
Jul 28 09:45:31 ubuntu devstack@g-api.service[157847]: [pid: 157847|app: 0|req: 10/18] 127.0.0.1 () {34 vars in 492 bytes} [Thu Jul 28 09:45:31 2022] GET / => generated 1323 bytes in 3 msecs (HTTP/1.1 300) 3 headers in 106 bytes (1 switches on core 0)
Jul 28 09:45:31 ubuntu devstack@g-api.service[157846]: DEBUG glance.api.middleware.version_negotiation [None req-3befaad6-5050-444e-91d0-38e21ddf10a6 admin admin] Determining version of request: GET /v2/images/1ab8d627-39bd-4749-9ed0-6a9b8df060d9 Accept: */* {{(pid=157846) process_request /opt/stack/glance/glance/api/middleware/version_negotiation.py:44}}
Jul 28 09:45:31 ubuntu devstack@g-api.service[157846]: DEBUG glance.api.middleware.version_negotiation [None req-3befaad6-5050-444e-91d0-38e21ddf10a6 admin admin] Using url versioning {{(pid=157846) process_request /opt/stack/glance/glance/api/middleware/version_negotiation.py:57}}
Jul 28 09:45:31 ubuntu devstack@g-api.service[157846]: DEBUG glance.api.middleware.version_negotiation [None req-3befaad6-5050-444e-91d0-38e21ddf10a6 admin admin] Matched version: v2 {{(pid=157846) process_request /opt/stack/glance/glance/api/middleware/version_negotiation.py:69}}
Jul 28 09:45:31 ubuntu devstack@g-api.service[157846]: DEBUG glance.api.middleware.version_negotiation [None req-3befaad6-5050-444e-91d0-38e21ddf10a6 admin admin] new path /v2/images/1ab8d627-39bd-4749-9ed0-6a9b8df060d9 {{(pid=157846) process_request /opt/stack/glance/glance/api/middleware/version_negotiation.py:70}}
Jul 28 09:45:31 ubuntu devstack@g-api.service[157846]: WARNING keystonemiddleware.auth_token [None req-3befaad6-5050-444e-91d0-38e21ddf10a6 admin admin] A valid token was submitted as a service token, but it was not a valid service token. This is incorrect but backwards compatible behaviour. This will be removed in future releases.
Jul 28 09:45:31 ubuntu devstack@g-api.service[157846]: [pid: 157846|app: 0|req: 9/19] 127.0.0.1 () {42 vars in 1049 bytes} [Thu Jul 28 09:45:31 2022] GET /v2/images/1ab8d627-39bd-4749-9ed0-6a9b8df060d9 => generated 976 bytes in 97 msecs (HTTP/1.1 200) 4 headers in 157 bytes (1 switches on core 0)
Jul 28 09:45:31 ubuntu devstack@g-api.service[157847]: DEBUG glance.api.middleware.version_negotiation [None req-f3b5d1f2-1fa3-440d-a8b1-1153ef988bfb admin admin] Determining version of request: GET /v2/schemas/image Accept: */* {{(pid=157847) process_request /opt/stack/glance/glance/api/middleware/version_negotiation.py:44}}
Jul 28 09:45:31 ubuntu devstack@g-api.service[157847]: DEBUG glance.api.middleware.version_negotiation [None req-f3b5d1f2-1fa3-440d-a8b1-1153ef988bfb admin admin] Using url versioning {{(pid=157847) process_request /opt/stack/glance/glance/api/middleware/version_negotiation.py:57}}
Jul 28 09:45:31 ubuntu devstack@g-api.service[157847]: DEBUG glance.api.middleware.version_negotiation [None req-f3b5d1f2-1fa3-440d-a8b1-1153ef988bfb admin admin] Matched version: v2 {{(pid=157847) process_request /opt/stack/glance/glance/api/middleware/version_negotiation.py:69}}
Jul 28 09:45:31 ubuntu devstack@g-api.service[157847]: DEBUG glance.api.middleware.version_negotiation [None req-f3b5d1f2-1fa3-440d-a8b1-1153ef988bfb admin admin] new path /v2/schemas/image {{(pid=157847) process_request /opt/stack/glance/glance/api/middleware/version_negotiation.py:70}}
Jul 28 09:45:31 ubuntu devstack@g-api.service[157847]: WARNING keystonemiddleware.auth_token [None req-f3b5d1f2-1fa3-440d-a8b1-1153ef988bfb admin admin] A valid token was submitted as a service token, but it was not a valid service token. This is incorrect but backwards compatible behaviour. This will be removed in future releases.
Jul 28 09:45:31 ubuntu devstack@g-api.service[157847]: [pid: 157847|app: 0|req: 11/20] 127.0.0.1 () {42 vars in 989 bytes} [Thu Jul 28 09:45:31 2022] GET /v2/schemas/image => generated 6083 bytes in 8 msecs (HTTP/1.1 200) 4 headers in 158 bytes (1 switches on core 0)
Jul 28 09:45:34 ubuntu devstack@g-api.service[157846]: DEBUG glance.api.middleware.version_negotiation [None req-ec6c95b9-9543-4c3d-9701-15f37a47d693 tempest-VolumesAdminNegativeTest-400493318 tempest-VolumesAdminNegativeTest-400493318-project] Determining version of request: GET /v2/images/1ab8d627-39bd-4749-9ed0-6a9b8df060d9 Accept: */* {{(pid=157846) process_request /opt/stack/glance/glance/api/middleware/version_negotiation.py:44}}
Jul 28 09:45:34 ubuntu devstack@g-api.service[157846]: DEBUG glance.api.middleware.version_negotiation [None req-ec6c95b9-9543-4c3d-9701-15f37a47d693 tempest-VolumesAdminNegativeTest-400493318 tempest-VolumesAdminNegativeTest-400493318-project] Using url versioning {{(pid=157846) process_request /opt/stack/glance/glance/api/middleware/version_negotiation.py:57}}
Jul 28 09:45:34 ubuntu devstack@g-api.service[157846]: DEBUG glance.api.middleware.version_negotiation [None req-ec6c95b9-9543-4c3d-9701-15f37a47d693 tempest-VolumesAdminNegativeTest-400493318 tempest-VolumesAdminNegativeTest-400493318-project] Matched version: v2 {{(pid=157846) process_request /opt/stack/glance/glance/api/middleware/version_negotiation.py:69}}
Jul 28 09:45:34 ubuntu devstack@g-api.service[157846]: DEBUG glance.api.middleware.version_negotiation [None req-ec6c95b9-9543-4c3d-9701-15f37a47d693 tempest-VolumesAdminNegativeTest-400493318 tempest-VolumesAdminNegativeTest-400493318-project] new path /v2/images/1ab8d627-39bd-4749-9ed0-6a9b8df060d9 {{(pid=157846) process_request /opt/stack/glance/glance/api/middleware/version_negotiation.py:70}}
Jul 28 09:45:34 ubuntu devstack@g-api.service[157846]: [pid: 157846|app: 0|req: 10/21] 127.0.0.1 () {42 vars in 1049 bytes} [Thu Jul 28 09:45:34 2022] GET /v2/images/1ab8d627-39bd-4749-9ed0-6a9b8df060d9 => generated 976 bytes in 18 msecs (HTTP/1.1 200) 4 headers in 157 bytes (1 switches on core 0)
Jul 28 09:45:34 ubuntu devstack@g-api.service[157847]: DEBUG glance.api.middleware.version_negotiation [None req-ec6c95b9-9543-4c3d-9701-15f37a47d693 tempest-VolumesAdminNegativeTest-400493318 tempest-VolumesAdminNegativeTest-400493318-project] Determining version of request: GET /v2/images/1ab8d627-39bd-4749-9ed0-6a9b8df060d9/file Accept: */* {{(pid=157847) process_request /opt/stack/glance/glance/api/middleware/version_negotiation.py:44}}
Jul 28 09:45:34 ubuntu devstack@g-api.service[157847]: DEBUG glance.api.middleware.version_negotiation [None req-ec6c95b9-9543-4c3d-9701-15f37a47d693 tempest-VolumesAdminNegativeTest-400493318 tempest-VolumesAdminNegativeTest-400493318-project] Using url versioning {{(pid=157847) process_request /opt/stack/glance/glance/api/middleware/version_negotiation.py:57}}
Jul 28 09:45:34 ubuntu devstack@g-api.service[157847]: DEBUG glance.api.middleware.version_negotiation [None req-ec6c95b9-9543-4c3d-9701-15f37a47d693 tempest-VolumesAdminNegativeTest-400493318 tempest-VolumesAdminNegativeTest-400493318-project] Matched version: v2 {{(pid=157847) process_request /opt/stack/glance/glance/api/middleware/version_negotiation.py:69}}
Jul 28 09:45:34 ubuntu devstack@g-api.service[157847]: DEBUG glance.api.middleware.version_negotiation [None req-ec6c95b9-9543-4c3d-9701-15f37a47d693 tempest-VolumesAdminNegativeTest-400493318 tempest-VolumesAdminNegativeTest-400493318-project] new path /v2/images/1ab8d627-39bd-4749-9ed0-6a9b8df060d9/file {{(pid=157847) process_request /opt/stack/glance/glance/api/middleware/version_negotiation.py:70}}
Jul 28 09:45:34 ubuntu devstack@g-api.service[157847]: DEBUG glance_store.backend [None req-ec6c95b9-9543-4c3d-9701-15f37a47d693 tempest-VolumesAdminNegativeTest-400493318 tempest-VolumesAdminNegativeTest-400493318-project] Attempting to import store swift {{(pid=157847) _load_store /usr/local/lib/python3.8/dist-packages/glance_store/backend.py:216}}
Jul 28 09:45:34 ubuntu devstack@g-api.service[157847]: DEBUG glance_store.capabilities [None req-ec6c95b9-9543-4c3d-9701-15f37a47d693 tempest-VolumesAdminNegativeTest-400493318 tempest-VolumesAdminNegativeTest-400493318-project] Store glance_store._drivers.swift.store.SingleTenantStore doesn't support updating dynamic storage capabilities. Please overwrite 'update_capabilities' method of the store to implement updating logics if needed. {{(pid=157847) update_capabilities /usr/local/lib/python3.8/dist-packages/glance_store/capabilities.py:91}}
Jul 28 09:45:34 ubuntu devstack@g-api.service[157847]: DEBUG glance_store.driver [None req-ec6c95b9-9543-4c3d-9701-15f37a47d693 tempest-VolumesAdminNegativeTest-400493318 tempest-VolumesAdminNegativeTest-400493318-project] Late loading location class glance_store._drivers.swift.store.StoreLocation {{(pid=157847) get_store_location_class /usr/local/lib/python3.8/dist-packages/glance_store/driver.py:116}}
Jul 28 09:45:34 ubuntu devstack@g-api.service[157847]: DEBUG glance_store.location [None req-ec6c95b9-9543-4c3d-9701-15f37a47d693 tempest-VolumesAdminNegativeTest-400493318 tempest-VolumesAdminNegativeTest-400493318-project] Registering scheme swift+https with {'store': <glance_store._drivers.swift.store.SingleTenantStore object at 0x7f20f78549a0>, 'location_class': <class 'glance_store._drivers.swift.store.StoreLocation'>, 'store_entry': 'swift'} {{(pid=157847) register_scheme_map /usr/local/lib/python3.8/dist-packages/glance_store/location.py:146}}
Jul 28 09:45:34 ubuntu devstack@g-api.service[157847]: DEBUG glance_store.location [None req-ec6c95b9-9543-4c3d-9701-15f37a47d693 tempest-VolumesAdminNegativeTest-400493318 tempest-VolumesAdminNegativeTest-400493318-project] Registering scheme swift+https with {'store': <glance_store._drivers.swift.store.SingleTenantStore object at 0x7f20f78549a0>, 'location_class': <class 'glance_store._drivers.swift.store.StoreLocation'>, 'store_entry': 'swift'} {{(pid=157847) register_scheme_map /usr/local/lib/python3.8/dist-packages/glance_store/location.py:146}}
Jul 28 09:45:34 ubuntu devstack@g-api.service[157847]: DEBUG glance_store.location [None req-ec6c95b9-9543-4c3d-9701-15f37a47d693 tempest-VolumesAdminNegativeTest-400493318 tempest-VolumesAdminNegativeTest-400493318-project] Registering scheme swift with {'store': <glance_store._drivers.swift.store.SingleTenantStore object at 0x7f20f78549a0>, 'location_class': <class 'glance_store._drivers.swift.store.StoreLocation'>, 'store_entry': 'swift'} {{(pid=157847) register_scheme_map /usr/local/lib/python3.8/dist-packages/glance_store/location.py:146}}
Jul 28 09:45:34 ubuntu devstack@g-api.service[157847]: DEBUG glance_store.location [None req-ec6c95b9-9543-4c3d-9701-15f37a47d693 tempest-VolumesAdminNegativeTest-400493318 tempest-VolumesAdminNegativeTest-400493318-project] Registering scheme swift+https with {'store': <glance_store._drivers.swift.store.SingleTenantStore object at 0x7f20f78549a0>, 'location_class': <class 'glance_store._drivers.swift.store.StoreLocation'>, 'store_entry': 'swift'} {{(pid=157847) register_scheme_map /usr/local/lib/python3.8/dist-packages/glance_store/location.py:146}}
Jul 28 09:45:34 ubuntu devstack@g-api.service[157847]: DEBUG glance_store.location [None req-ec6c95b9-9543-4c3d-9701-15f37a47d693 tempest-VolumesAdminNegativeTest-400493318 tempest-VolumesAdminNegativeTest-400493318-project] Registering scheme swift with {'store': <glance_store._drivers.swift.store.SingleTenantStore object at 0x7f20f78549a0>, 'location_class': <class 'glance_store._drivers.swift.store.StoreLocation'>, 'store_entry': 'swift'} {{(pid=157847) register_scheme_map /usr/local/lib/python3.8/dist-packages/glance_store/location.py:146}}
Jul 28 09:45:34 ubuntu devstack@g-api.service[157847]: DEBUG glance_store.location [None req-ec6c95b9-9543-4c3d-9701-15f37a47d693 tempest-VolumesAdminNegativeTest-400493318 tempest-VolumesAdminNegativeTest-400493318-project] Registering scheme swift+http with {'store': <glance_store._drivers.swift.store.SingleTenantStore object at 0x7f20f78549a0>, 'location_class': <class 'glance_store._drivers.swift.store.StoreLocation'>, 'store_entry': 'swift'} {{(pid=157847) register_scheme_map /usr/local/lib/python3.8/dist-packages/glance_store/location.py:146}}
Jul 28 09:45:34 ubuntu devstack@g-api.service[157847]: DEBUG glance_store.location [None req-ec6c95b9-9543-4c3d-9701-15f37a47d693 tempest-VolumesAdminNegativeTest-400493318 tempest-VolumesAdminNegativeTest-400493318-project] Registering scheme swift+https with {'store': <glance_store._drivers.swift.store.SingleTenantStore object at 0x7f20f78549a0>, 'location_class': <class 'glance_store._drivers.swift.store.StoreLocation'>, 'store_entry': 'swift'} {{(pid=157847) register_scheme_map /usr/local/lib/python3.8/dist-packages/glance_store/location.py:146}}
Jul 28 09:45:34 ubuntu devstack@g-api.service[157847]: DEBUG glance_store.location [None req-ec6c95b9-9543-4c3d-9701-15f37a47d693 tempest-VolumesAdminNegativeTest-400493318 tempest-VolumesAdminNegativeTest-400493318-project] Registering scheme swift with {'store': <glance_store._drivers.swift.store.SingleTenantStore object at 0x7f20f78549a0>, 'location_class': <class 'glance_store._drivers.swift.store.StoreLocation'>, 'store_entry': 'swift'} {{(pid=157847) register_scheme_map /usr/local/lib/python3.8/dist-packages/glance_store/location.py:146}}
Jul 28 09:45:34 ubuntu devstack@g-api.service[157847]: DEBUG glance_store.location [None req-ec6c95b9-9543-4c3d-9701-15f37a47d693 tempest-VolumesAdminNegativeTest-400493318 tempest-VolumesAdminNegativeTest-400493318-project] Registering scheme swift+http with {'store': <glance_store._drivers.swift.store.SingleTenantStore object at 0x7f20f78549a0>, 'location_class': <class 'glance_store._drivers.swift.store.StoreLocation'>, 'store_entry': 'swift'} {{(pid=157847) register_scheme_map /usr/local/lib/python3.8/dist-packages/glance_store/location.py:146}}
Jul 28 09:45:34 ubuntu devstack@g-api.service[157847]: DEBUG glance_store.location [None req-ec6c95b9-9543-4c3d-9701-15f37a47d693 tempest-VolumesAdminNegativeTest-400493318 tempest-VolumesAdminNegativeTest-400493318-project] Registering scheme swift+config with {'store': <glance_store._drivers.swift.store.SingleTenantStore object at 0x7f20f78549a0>, 'location_class': <class 'glance_store._drivers.swift.store.StoreLocation'>, 'store_entry': 'swift'} {{(pid=157847) register_scheme_map /usr/local/lib/python3.8/dist-packages/glance_store/location.py:146}}
Jul 28 09:45:34 ubuntu devstack@g-api.service[157847]: DEBUG swiftclient [None req-ec6c95b9-9543-4c3d-9701-15f37a47d693 tempest-VolumesAdminNegativeTest-400493318 tempest-VolumesAdminNegativeTest-400493318-project] REQ: curl -i http://192.168.79.39:8080/v1/AUTH_9feaa69a9d6641f492018ff5b6edbc51/glance/1ab8d627-39bd-4749-9ed0-6a9b8df060d9 -X GET -H "X-Auth-Token: gAAAAABi4lq-vamX..." {{(pid=157847) http_log /usr/local/lib/python3.8/dist-packages/swiftclient/client.py:157}}
Jul 28 09:45:34 ubuntu devstack@g-api.service[157847]: DEBUG swiftclient [None req-ec6c95b9-9543-4c3d-9701-15f37a47d693 tempest-VolumesAdminNegativeTest-400493318 tempest-VolumesAdminNegativeTest-400493318-project] RESP STATUS: 200 OK {{(pid=157847) http_log /usr/local/lib/python3.8/dist-packages/swiftclient/client.py:158}}
Jul 28 09:45:34 ubuntu devstack@g-api.service[157847]: DEBUG swiftclient [None req-ec6c95b9-9543-4c3d-9701-15f37a47d693 tempest-VolumesAdminNegativeTest-400493318 tempest-VolumesAdminNegativeTest-400493318-project] RESP HEADERS: {'Content-Type': 'application/octet-stream', 'Etag': '1d3062cd89af34e419f7100277f38b2b', 'Last-Modified': 'Thu, 28 Jul 2022 09:39:50 GMT', 'X-Timestamp': '1659001189.45655', 'Accept-Ranges': 'bytes', 'Content-Length': '16338944', 'X-Trans-Id': 'txa94ad1f7420e4bcc97acc-0062e25abe', 'X-Openstack-Request-Id': 'txa94ad1f7420e4bcc97acc-0062e25abe', 'Date': 'Thu, 28 Jul 2022 09:45:34 GMT'} {{(pid=157847) http_log /usr/local/lib/python3.8/dist-packages/swiftclient/client.py:159}}
Jul 28 09:45:34 ubuntu devstack@g-api.service[157847]: DEBUG glance.image_cache [None req-ec6c95b9-9543-4c3d-9701-15f37a47d693 tempest-VolumesAdminNegativeTest-400493318 tempest-VolumesAdminNegativeTest-400493318-project] Tee'ing image '1ab8d627-39bd-4749-9ed0-6a9b8df060d9' into cache {{(pid=157847) get_caching_iter /opt/stack/glance/glance/image_cache/__init__.py:343}}
Jul 28 09:45:34 ubuntu devstack@g-api.service[157847]: DEBUG glance.image_cache.drivers.sqlite [None req-ec6c95b9-9543-4c3d-9701-15f37a47d693 tempest-VolumesAdminNegativeTest-400493318 tempest-VolumesAdminNegativeTest-400493318-project] Fetch finished, moving '/opt/stack/data/glance/cache/incomplete/1ab8d627-39bd-4749-9ed0-6a9b8df060d9' to '/opt/stack/data/glance/cache/1ab8d627-39bd-4749-9ed0-6a9b8df060d9' {{(pid=157847) commit /opt/stack/glance/glance/image_cache/drivers/sqlite.py:324}}
Jul 28 09:45:34 ubuntu devstack@g-api.service[157847]: [pid: 157847|app: 0|req: 12/22] 127.0.0.1 () {42 vars in 1059 bytes} [Thu Jul 28 09:45:34 2022] GET /v2/images/1ab8d627-39bd-4749-9ed0-6a9b8df060d9/file => generated 16338944 bytes in 546 msecs (HTTP/1.1 200) 4 headers in 191 bytes (250 switches on core 0)
Jul 28 09:45:44 ubuntu devstack@g-api.service[157846]: DEBUG dbcounter [-] [157846] Writing DB stats glance:SELECT=8 {{(pid=157846) stat_writer /usr/local/lib/python3.8/dist-packages/dbcounter.py:114}}
Jul 28 09:45:44 ubuntu devstack@g-api.service[157847]: DEBUG dbcounter [-] [157847] Writing DB stats glance:SELECT=8 {{(pid=157847) stat_writer /usr/local/lib/python3.8/dist-packages/dbcounter.py:114}}
Jul 28 09:46:02 ubuntu devstack@g-api.service[157846]: DEBUG glance.api.middleware.version_negotiation [None req-ec6c95b9-9543-4c3d-9701-15f37a47d693 tempest-VolumesAdminNegativeTest-400493318 tempest-VolumesAdminNegativeTest-400493318-project] Determining version of request: GET / Accept: application/json {{(pid=157846) process_request /opt/stack/glance/glance/api/middleware/version_negotiation.py:44}}
Jul 28 09:46:02 ubuntu devstack@g-api.service[157846]: DEBUG glance.api.middleware.version_negotiation [None req-ec6c95b9-9543-4c3d-9701-15f37a47d693 tempest-VolumesAdminNegativeTest-400493318 tempest-VolumesAdminNegativeTest-400493318-project] Using url versioning {{(pid=157846) process_request /opt/stack/glance/glance/api/middleware/version_negotiation.py:57}}
Jul 28 09:46:02 ubuntu devstack@g-api.service[157846]: DEBUG glance.api.middleware.version_negotiation [None req-ec6c95b9-9543-4c3d-9701-15f37a47d693 tempest-VolumesAdminNegativeTest-400493318 tempest-VolumesAdminNegativeTest-400493318-project] Unknown version. Returning version choices. {{(pid=157846) process_request /opt/stack/glance/glance/api/middleware/version_negotiation.py:64}}
Jul 28 09:46:02 ubuntu devstack@g-api.service[157846]: [pid: 157846|app: 0|req: 11/23] 127.0.0.1 () {34 vars in 492 bytes} [Thu Jul 28 09:46:02 2022] GET / => generated 1323 bytes in 4 msecs (HTTP/1.1 300) 3 headers in 106 bytes (1 switches on core 0)
Jul 28 09:46:02 ubuntu devstack@g-api.service[157847]: DEBUG glance.api.middleware.version_negotiation [None req-ec6c95b9-9543-4c3d-9701-15f37a47d693 tempest-VolumesAdminNegativeTest-400493318 tempest-VolumesAdminNegativeTest-400493318-project] Determining version of request: GET /v2/images/1ab8d627-39bd-4749-9ed0-6a9b8df060d9 Accept: */* {{(pid=157847) process_request /opt/stack/glance/glance/api/middleware/version_negotiation.py:44}}
Jul 28 09:46:02 ubuntu devstack@g-api.service[157847]: DEBUG glance.api.middleware.version_negotiation [None req-ec6c95b9-9543-4c3d-9701-15f37a47d693 tempest-VolumesAdminNegativeTest-400493318 tempest-VolumesAdminNegativeTest-400493318-project] Using url versioning {{(pid=157847) process_request /opt/stack/glance/glance/api/middleware/version_negotiation.py:57}}
Jul 28 09:46:02 ubuntu devstack@g-api.service[157847]: DEBUG glance.api.middleware.version_negotiation [None req-ec6c95b9-9543-4c3d-9701-15f37a47d693 tempest-VolumesAdminNegativeTest-400493318 tempest-VolumesAdminNegativeTest-400493318-project] Matched version: v2 {{(pid=157847) process_request /opt/stack/glance/glance/api/middleware/version_negotiation.py:69}}
Jul 28 09:46:02 ubuntu devstack@g-api.service[157847]: DEBUG glance.api.middleware.version_negotiation [None req-ec6c95b9-9543-4c3d-9701-15f37a47d693 tempest-VolumesAdminNegativeTest-400493318 tempest-VolumesAdminNegativeTest-400493318-project] new path /v2/images/1ab8d627-39bd-4749-9ed0-6a9b8df060d9 {{(pid=157847) process_request /opt/stack/glance/glance/api/middleware/version_negotiation.py:70}}
Jul 28 09:46:02 ubuntu devstack@g-api.service[157847]: [pid: 157847|app: 0|req: 13/24] 127.0.0.1 () {42 vars in 1049 bytes} [Thu Jul 28 09:46:02 2022] GET /v2/images/1ab8d627-39bd-4749-9ed0-6a9b8df060d9 => generated 976 bytes in 22 msecs (HTTP/1.1 200) 4 headers in 157 bytes (1 switches on core 0)
Jul 28 09:46:02 ubuntu devstack@g-api.service[157846]: DEBUG glance.api.middleware.version_negotiation [None req-ec6c95b9-9543-4c3d-9701-15f37a47d693 tempest-VolumesAdminNegativeTest-400493318 tempest-VolumesAdminNegativeTest-400493318-project] Determining version of request: GET /v2/schemas/image Accept: */* {{(pid=157846) process_request /opt/stack/glance/glance/api/middleware/version_negotiation.py:44}}
Jul 28 09:46:02 ubuntu devstack@g-api.service[157846]: DEBUG glance.api.middleware.version_negotiation [None req-ec6c95b9-9543-4c3d-9701-15f37a47d693 tempest-VolumesAdminNegativeTest-400493318 tempest-VolumesAdminNegativeTest-400493318-project] Using url versioning {{(pid=157846) process_request /opt/stack/glance/glance/api/middleware/version_negotiation.py:57}}
Jul 28 09:46:02 ubuntu devstack@g-api.service[157846]: DEBUG glance.api.middleware.version_negotiation [None req-ec6c95b9-9543-4c3d-9701-15f37a47d693 tempest-VolumesAdminNegativeTest-400493318 tempest-VolumesAdminNegativeTest-400493318-project] Matched version: v2 {{(pid=157846) process_request /opt/stack/glance/glance/api/middleware/version_negotiation.py:69}}
Jul 28 09:46:02 ubuntu devstack@g-api.service[157846]: DEBUG glance.api.middleware.version_negotiation [None req-ec6c95b9-9543-4c3d-9701-15f37a47d693 tempest-VolumesAdminNegativeTest-400493318 tempest-VolumesAdminNegativeTest-400493318-project] new path /v2/schemas/image {{(pid=157846) process_request /opt/stack/glance/glance/api/middleware/version_negotiation.py:70}}
Jul 28 09:46:02 ubuntu devstack@g-api.service[157846]: [pid: 157846|app: 0|req: 12/25] 127.0.0.1 () {42 vars in 989 bytes} [Thu Jul 28 09:46:02 2022] GET /v2/schemas/image => generated 6083 bytes in 6 msecs (HTTP/1.1 200) 4 headers in 158 bytes (1 switches on core 0)
Jul 28 09:46:12 ubuntu devstack@g-api.service[157847]: DEBUG dbcounter [-] [157847] Writing DB stats glance:SELECT=4 {{(pid=157847) stat_writer /usr/local/lib/python3.8/dist-packages/dbcounter.py:114}}
Jul 28 09:46:32 ubuntu devstack@g-api.service[157847]: DEBUG glance.api.middleware.version_negotiation [None req-c5e57eb6-a1f5-4c8b-9995-85f1dbb7b087 tempest-DeleteServersTestJSON-65730930 tempest-DeleteServersTestJSON-65730930-project] Determining version of request: GET /v2/images/1ab8d627-39bd-4749-9ed0-6a9b8df060d9 Accept: */* {{(pid=157847) process_request /opt/stack/glance/glance/api/middleware/version_negotiation.py:44}}
Jul 28 09:46:32 ubuntu devstack@g-api.service[157847]: DEBUG glance.api.middleware.version_negotiation [None req-c5e57eb6-a1f5-4c8b-9995-85f1dbb7b087 tempest-DeleteServersTestJSON-65730930 tempest-DeleteServersTestJSON-65730930-project] Using url versioning {{(pid=157847) process_request /opt/stack/glance/glance/api/middleware/version_negotiation.py:57}}
Jul 28 09:46:32 ubuntu devstack@g-api.service[157847]: DEBUG glance.api.middleware.version_negotiation [None req-c5e57eb6-a1f5-4c8b-9995-85f1dbb7b087 tempest-DeleteServersTestJSON-65730930 tempest-DeleteServersTestJSON-65730930-project] Matched version: v2 {{(pid=157847) process_request /opt/stack/glance/glance/api/middleware/version_negotiation.py:69}}
