Jul 27 20:00:19 ubuntu devstack@g-api.service[145079]: INFO glance.location [None req-11462119-6b8d-427e-97fa-e5e5b0a71255 admin admin] Image format matched and virtual size computed: 117440512
Jul 27 20:00:19 ubuntu devstack@g-api.service[145079]: DEBUG glance_store.backend [None req-11462119-6b8d-427e-97fa-e5e5b0a71255 admin admin] Attempting to import store swift {{(pid=145079) _load_store /usr/local/lib/python3.8/dist-packages/glance_store/backend.py:216}}
Jul 27 20:00:19 ubuntu devstack@g-api.service[145079]: DEBUG glance_store.capabilities [None req-11462119-6b8d-427e-97fa-e5e5b0a71255 admin admin] Store glance_store._drivers.swift.store.SingleTenantStore doesn't support updating dynamic storage capabilities. Please overwrite 'update_capabilities' method of the store to implement updating logics if needed. {{(pid=145079) update_capabilities /usr/local/lib/python3.8/dist-packages/glance_store/capabilities.py:91}}
Jul 27 20:00:19 ubuntu devstack@g-api.service[145079]: DEBUG glance_store.driver [None req-11462119-6b8d-427e-97fa-e5e5b0a71255 admin admin] Late loading location class glance_store._drivers.swift.store.StoreLocation {{(pid=145079) get_store_location_class /usr/local/lib/python3.8/dist-packages/glance_store/driver.py:116}}
Jul 27 20:00:19 ubuntu devstack@g-api.service[145079]: DEBUG glance_store.location [None req-11462119-6b8d-427e-97fa-e5e5b0a71255 admin admin] Registering scheme swift+https with {'store': <glance_store._drivers.swift.store.SingleTenantStore object at 0x7f3bedac3520>, 'location_class': <class 'glance_store._drivers.swift.store.StoreLocation'>, 'store_entry': 'swift'} {{(pid=145079) register_scheme_map /usr/local/lib/python3.8/dist-packages/glance_store/location.py:146}}
Jul 27 20:00:19 ubuntu devstack@g-api.service[145079]: DEBUG glance_store.location [None req-11462119-6b8d-427e-97fa-e5e5b0a71255 admin admin] Registering scheme swift+https with {'store': <glance_store._drivers.swift.store.SingleTenantStore object at 0x7f3bedac3520>, 'location_class': <class 'glance_store._drivers.swift.store.StoreLocation'>, 'store_entry': 'swift'} {{(pid=145079) register_scheme_map /usr/local/lib/python3.8/dist-packages/glance_store/location.py:146}}
Jul 27 20:00:19 ubuntu devstack@g-api.service[145079]: DEBUG glance_store.location [None req-11462119-6b8d-427e-97fa-e5e5b0a71255 admin admin] Registering scheme swift with {'store': <glance_store._drivers.swift.store.SingleTenantStore object at 0x7f3bedac3520>, 'location_class': <class 'glance_store._drivers.swift.store.StoreLocation'>, 'store_entry': 'swift'} {{(pid=145079) register_scheme_map /usr/local/lib/python3.8/dist-packages/glance_store/location.py:146}}
Jul 27 20:00:19 ubuntu devstack@g-api.service[145079]: DEBUG glance_store.location [None req-11462119-6b8d-427e-97fa-e5e5b0a71255 admin admin] Registering scheme swift+https with {'store': <glance_store._drivers.swift.store.SingleTenantStore object at 0x7f3bedac3520>, 'location_class': <class 'glance_store._drivers.swift.store.StoreLocation'>, 'store_entry': 'swift'} {{(pid=145079) register_scheme_map /usr/local/lib/python3.8/dist-packages/glance_store/location.py:146}}
Jul 27 20:00:19 ubuntu devstack@g-api.service[145079]: DEBUG glance_store.location [None req-11462119-6b8d-427e-97fa-e5e5b0a71255 admin admin] Registering scheme swift with {'store': <glance_store._drivers.swift.store.SingleTenantStore object at 0x7f3bedac3520>, 'location_class': <class 'glance_store._drivers.swift.store.StoreLocation'>, 'store_entry': 'swift'} {{(pid=145079) register_scheme_map /usr/local/lib/python3.8/dist-packages/glance_store/location.py:146}}
Jul 27 20:00:19 ubuntu devstack@g-api.service[145079]: DEBUG glance_store.location [None req-11462119-6b8d-427e-97fa-e5e5b0a71255 admin admin] Registering scheme swift+http with {'store': <glance_store._drivers.swift.store.SingleTenantStore object at 0x7f3bedac3520>, 'location_class': <class 'glance_store._drivers.swift.store.StoreLocation'>, 'store_entry': 'swift'} {{(pid=145079) register_scheme_map /usr/local/lib/python3.8/dist-packages/glance_store/location.py:146}}
Jul 27 20:00:19 ubuntu devstack@g-api.service[145079]: DEBUG glance_store.location [None req-11462119-6b8d-427e-97fa-e5e5b0a71255 admin admin] Registering scheme swift+https with {'store': <glance_store._drivers.swift.store.SingleTenantStore object at 0x7f3bedac3520>, 'location_class': <class 'glance_store._drivers.swift.store.StoreLocation'>, 'store_entry': 'swift'} {{(pid=145079) register_scheme_map /usr/local/lib/python3.8/dist-packages/glance_store/location.py:146}}
Jul 27 20:00:19 ubuntu devstack@g-api.service[145079]: DEBUG glance_store.location [None req-11462119-6b8d-427e-97fa-e5e5b0a71255 admin admin] Registering scheme swift with {'store': <glance_store._drivers.swift.store.SingleTenantStore object at 0x7f3bedac3520>, 'location_class': <class 'glance_store._drivers.swift.store.StoreLocation'>, 'store_entry': 'swift'} {{(pid=145079) register_scheme_map /usr/local/lib/python3.8/dist-packages/glance_store/location.py:146}}
Jul 27 20:00:19 ubuntu devstack@g-api.service[145079]: DEBUG glance_store.location [None req-11462119-6b8d-427e-97fa-e5e5b0a71255 admin admin] Registering scheme swift+http with {'store': <glance_store._drivers.swift.store.SingleTenantStore object at 0x7f3bedac3520>, 'location_class': <class 'glance_store._drivers.swift.store.StoreLocation'>, 'store_entry': 'swift'} {{(pid=145079) register_scheme_map /usr/local/lib/python3.8/dist-packages/glance_store/location.py:146}}
Jul 27 20:00:19 ubuntu devstack@g-api.service[145079]: DEBUG glance_store.location [None req-11462119-6b8d-427e-97fa-e5e5b0a71255 admin admin] Registering scheme swift+config with {'store': <glance_store._drivers.swift.store.SingleTenantStore object at 0x7f3bedac3520>, 'location_class': <class 'glance_store._drivers.swift.store.StoreLocation'>, 'store_entry': 'swift'} {{(pid=145079) register_scheme_map /usr/local/lib/python3.8/dist-packages/glance_store/location.py:146}}
Jul 27 20:00:19 ubuntu devstack@g-api.service[145079]: DEBUG glance_store.backend [None req-11462119-6b8d-427e-97fa-e5e5b0a71255 admin admin] Skipping store.set_acls... not implemented. {{(pid=145079) set_acls /usr/local/lib/python3.8/dist-packages/glance_store/backend.py:508}}
Jul 27 20:00:19 ubuntu devstack@g-api.service[145079]: [pid: 145079|app: 0|req: 3/4] 127.0.0.1 () {40 vars in 862 bytes} [Wed Jul 27 20:00:16 2022] PUT /v2/images/cfe77a9f-0cad-4d33-b67b-da0737dd6451/file => generated 0 bytes in 2973 msecs (HTTP/1.1 204) 4 headers in 171 bytes (1 switches on core 0)
Jul 27 20:00:26 ubuntu devstack@g-api.service[145078]: DEBUG dbcounter [-] [145078] Writing DB stats glance:SELECT=9,glance:INSERT=5 {{(pid=145078) stat_writer /usr/local/lib/python3.8/dist-packages/dbcounter.py:114}}
Jul 27 20:00:29 ubuntu devstack@g-api.service[145079]: DEBUG dbcounter [-] [145079] Writing DB stats glance:SELECT=28,glance:UPDATE=2,glance:INSERT=1 {{(pid=145079) stat_writer /usr/local/lib/python3.8/dist-packages/dbcounter.py:114}}
Jul 27 20:01:03 ubuntu devstack@g-api.service[145078]: DEBUG glance.api.middleware.version_negotiation [None req-669944e5-ac5a-48f7-a6b1-1d6ffaa216de admin admin] Determining version of request: GET / Accept: application/json {{(pid=145078) process_request /opt/stack/glance/glance/api/middleware/version_negotiation.py:44}}
Jul 27 20:01:03 ubuntu devstack@g-api.service[145078]: DEBUG glance.api.middleware.version_negotiation [None req-669944e5-ac5a-48f7-a6b1-1d6ffaa216de admin admin] Using url versioning {{(pid=145078) process_request /opt/stack/glance/glance/api/middleware/version_negotiation.py:57}}
Jul 27 20:01:03 ubuntu devstack@g-api.service[145078]: DEBUG glance.api.middleware.version_negotiation [None req-669944e5-ac5a-48f7-a6b1-1d6ffaa216de admin admin] Unknown version. Returning version choices. {{(pid=145078) process_request /opt/stack/glance/glance/api/middleware/version_negotiation.py:64}}
Jul 27 20:01:03 ubuntu devstack@g-api.service[145078]: [pid: 145078|app: 0|req: 2/5] 127.0.0.1 () {34 vars in 506 bytes} [Wed Jul 27 20:01:03 2022] GET / => generated 1323 bytes in 7 msecs (HTTP/1.1 300) 3 headers in 106 bytes (1 switches on core 0)
Jul 27 20:01:03 ubuntu devstack@g-api.service[145079]: DEBUG glance.api.middleware.version_negotiation [None req-11462119-6b8d-427e-97fa-e5e5b0a71255 admin admin] Determining version of request: GET /v2/images Accept: application/json {{(pid=145079) process_request /opt/stack/glance/glance/api/middleware/version_negotiation.py:44}}
Jul 27 20:01:03 ubuntu devstack@g-api.service[145079]: DEBUG glance.api.middleware.version_negotiation [None req-11462119-6b8d-427e-97fa-e5e5b0a71255 admin admin] Using url versioning {{(pid=145079) process_request /opt/stack/glance/glance/api/middleware/version_negotiation.py:57}}
Jul 27 20:01:03 ubuntu devstack@g-api.service[145079]: DEBUG glance.api.middleware.version_negotiation [None req-11462119-6b8d-427e-97fa-e5e5b0a71255 admin admin] Matched version: v2 {{(pid=145079) process_request /opt/stack/glance/glance/api/middleware/version_negotiation.py:69}}
Jul 27 20:01:03 ubuntu devstack@g-api.service[145079]: DEBUG glance.api.middleware.version_negotiation [None req-11462119-6b8d-427e-97fa-e5e5b0a71255 admin admin] new path /v2/images {{(pid=145079) process_request /opt/stack/glance/glance/api/middleware/version_negotiation.py:70}}
Jul 27 20:01:03 ubuntu devstack@g-api.service[145079]: [pid: 145079|app: 0|req: 4/6] 127.0.0.1 () {36 vars in 728 bytes} [Wed Jul 27 20:01:03 2022] GET /v2/images => generated 1045 bytes in 493 msecs (HTTP/1.1 200) 4 headers in 158 bytes (1 switches on core 0)
Jul 27 20:01:10 ubuntu devstack@g-api.service[145078]: DEBUG glance.api.middleware.version_negotiation [None req-669944e5-ac5a-48f7-a6b1-1d6ffaa216de admin admin] Determining version of request: GET / Accept: application/json {{(pid=145078) process_request /opt/stack/glance/glance/api/middleware/version_negotiation.py:44}}
Jul 27 20:01:10 ubuntu devstack@g-api.service[145078]: DEBUG glance.api.middleware.version_negotiation [None req-669944e5-ac5a-48f7-a6b1-1d6ffaa216de admin admin] Using url versioning {{(pid=145078) process_request /opt/stack/glance/glance/api/middleware/version_negotiation.py:57}}
Jul 27 20:01:10 ubuntu devstack@g-api.service[145078]: DEBUG glance.api.middleware.version_negotiation [None req-669944e5-ac5a-48f7-a6b1-1d6ffaa216de admin admin] Unknown version. Returning version choices. {{(pid=145078) process_request /opt/stack/glance/glance/api/middleware/version_negotiation.py:64}}
Jul 27 20:01:10 ubuntu devstack@g-api.service[145078]: [pid: 145078|app: 0|req: 3/7] 127.0.0.1 () {34 vars in 506 bytes} [Wed Jul 27 20:01:10 2022] GET / => generated 1323 bytes in 4 msecs (HTTP/1.1 300) 3 headers in 106 bytes (1 switches on core 0)
Jul 27 20:01:10 ubuntu devstack@g-api.service[145079]: DEBUG glance.api.middleware.version_negotiation [None req-b9de1766-9a4e-4879-8d11-2f9e9a502233 admin admin] Determining version of request: GET /v2/images/cfe77a9f-0cad-4d33-b67b-da0737dd6451 Accept: */* {{(pid=145079) process_request /opt/stack/glance/glance/api/middleware/version_negotiation.py:44}}
Jul 27 20:01:10 ubuntu devstack@g-api.service[145079]: DEBUG glance.api.middleware.version_negotiation [None req-b9de1766-9a4e-4879-8d11-2f9e9a502233 admin admin] Using url versioning {{(pid=145079) process_request /opt/stack/glance/glance/api/middleware/version_negotiation.py:57}}
Jul 27 20:01:10 ubuntu devstack@g-api.service[145079]: DEBUG glance.api.middleware.version_negotiation [None req-b9de1766-9a4e-4879-8d11-2f9e9a502233 admin admin] Matched version: v2 {{(pid=145079) process_request /opt/stack/glance/glance/api/middleware/version_negotiation.py:69}}
Jul 27 20:01:10 ubuntu devstack@g-api.service[145079]: DEBUG glance.api.middleware.version_negotiation [None req-b9de1766-9a4e-4879-8d11-2f9e9a502233 admin admin] new path /v2/images/cfe77a9f-0cad-4d33-b67b-da0737dd6451 {{(pid=145079) process_request /opt/stack/glance/glance/api/middleware/version_negotiation.py:70}}
Jul 27 20:01:10 ubuntu devstack@g-api.service[145079]: [pid: 145079|app: 0|req: 5/8] 127.0.0.1 () {36 vars in 789 bytes} [Wed Jul 27 20:01:10 2022] GET /v2/images/cfe77a9f-0cad-4d33-b67b-da0737dd6451 => generated 976 bytes in 244 msecs (HTTP/1.1 200) 4 headers in 157 bytes (1 switches on core 0)
Jul 27 20:01:14 ubuntu devstack@g-api.service[145078]: DEBUG glance.api.middleware.version_negotiation [None req-669944e5-ac5a-48f7-a6b1-1d6ffaa216de admin admin] Determining version of request: GET / Accept: application/json {{(pid=145078) process_request /opt/stack/glance/glance/api/middleware/version_negotiation.py:44}}
Jul 27 20:01:14 ubuntu devstack@g-api.service[145078]: DEBUG glance.api.middleware.version_negotiation [None req-669944e5-ac5a-48f7-a6b1-1d6ffaa216de admin admin] Using url versioning {{(pid=145078) process_request /opt/stack/glance/glance/api/middleware/version_negotiation.py:57}}
Jul 27 20:01:14 ubuntu devstack@g-api.service[145078]: DEBUG glance.api.middleware.version_negotiation [None req-669944e5-ac5a-48f7-a6b1-1d6ffaa216de admin admin] Unknown version. Returning version choices. {{(pid=145078) process_request /opt/stack/glance/glance/api/middleware/version_negotiation.py:64}}
Jul 27 20:01:14 ubuntu devstack@g-api.service[145078]: [pid: 145078|app: 0|req: 4/9] 127.0.0.1 () {34 vars in 506 bytes} [Wed Jul 27 20:01:14 2022] GET / => generated 1323 bytes in 4 msecs (HTTP/1.1 300) 3 headers in 106 bytes (1 switches on core 0)
Jul 27 20:01:14 ubuntu devstack@g-api.service[145079]: DEBUG glance.api.middleware.version_negotiation [None req-9e898246-f8ff-4a82-8d4d-4ad49a00c2d3 admin admin] Determining version of request: GET /v2/images/cfe77a9f-0cad-4d33-b67b-da0737dd6451 Accept: */* {{(pid=145079) process_request /opt/stack/glance/glance/api/middleware/version_negotiation.py:44}}
Jul 27 20:01:14 ubuntu devstack@g-api.service[145079]: DEBUG glance.api.middleware.version_negotiation [None req-9e898246-f8ff-4a82-8d4d-4ad49a00c2d3 admin admin] Using url versioning {{(pid=145079) process_request /opt/stack/glance/glance/api/middleware/version_negotiation.py:57}}
Jul 27 20:01:14 ubuntu devstack@g-api.service[145079]: DEBUG glance.api.middleware.version_negotiation [None req-9e898246-f8ff-4a82-8d4d-4ad49a00c2d3 admin admin] Matched version: v2 {{(pid=145079) process_request /opt/stack/glance/glance/api/middleware/version_negotiation.py:69}}
Jul 27 20:01:14 ubuntu devstack@g-api.service[145079]: DEBUG glance.api.middleware.version_negotiation [None req-9e898246-f8ff-4a82-8d4d-4ad49a00c2d3 admin admin] new path /v2/images/cfe77a9f-0cad-4d33-b67b-da0737dd6451 {{(pid=145079) process_request /opt/stack/glance/glance/api/middleware/version_negotiation.py:70}}
Jul 27 20:01:14 ubuntu devstack@g-api.service[145079]: [pid: 145079|app: 0|req: 6/10] 127.0.0.1 () {36 vars in 789 bytes} [Wed Jul 27 20:01:14 2022] GET /v2/images/cfe77a9f-0cad-4d33-b67b-da0737dd6451 => generated 976 bytes in 371 msecs (HTTP/1.1 200) 4 headers in 157 bytes (1 switches on core 0)
Jul 27 20:01:24 ubuntu devstack@g-api.service[145079]: DEBUG dbcounter [-] [145079] Writing DB stats glance:SELECT=10 {{(pid=145079) stat_writer /usr/local/lib/python3.8/dist-packages/dbcounter.py:114}}
Jul 27 20:03:27 ubuntu devstack@g-api.service[145078]: DEBUG glance.api.middleware.version_negotiation [None req-669944e5-ac5a-48f7-a6b1-1d6ffaa216de admin admin] Determining version of request: GET /v1 Accept: application/json {{(pid=145078) process_request /opt/stack/glance/glance/api/middleware/version_negotiation.py:44}}
Jul 27 20:03:27 ubuntu devstack@g-api.service[145078]: DEBUG glance.api.middleware.version_negotiation [None req-669944e5-ac5a-48f7-a6b1-1d6ffaa216de admin admin] Using url versioning {{(pid=145078) process_request /opt/stack/glance/glance/api/middleware/version_negotiation.py:57}}
Jul 27 20:03:27 ubuntu devstack@g-api.service[145078]: DEBUG glance.api.middleware.version_negotiation [None req-669944e5-ac5a-48f7-a6b1-1d6ffaa216de admin admin] Unknown version. Returning version choices. {{(pid=145078) process_request /opt/stack/glance/glance/api/middleware/version_negotiation.py:64}}
Jul 27 20:03:27 ubuntu devstack@g-api.service[145078]: [pid: 145078|app: 0|req: 5/11] 127.0.0.1 () {38 vars in 686 bytes} [Wed Jul 27 20:03:27 2022] GET /v1 => generated 1323 bytes in 6 msecs (HTTP/1.1 300) 3 headers in 106 bytes (1 switches on core 0)
Jul 27 20:05:44 ubuntu devstack@g-api.service[145079]: DEBUG glance.api.middleware.version_negotiation [None req-64e03a17-494d-472a-b1d8-83dbf076b71f admin admin] Determining version of request: GET /versions Accept: */* {{(pid=145079) process_request /opt/stack/glance/glance/api/middleware/version_negotiation.py:44}}
Jul 27 20:05:44 ubuntu devstack@g-api.service[145079]: [pid: 145079|app: 0|req: 7/12] 127.0.0.1 () {38 vars in 695 bytes} [Wed Jul 27 20:05:44 2022] GET /versions => generated 1323 bytes in 4 msecs (HTTP/1.1 200) 3 headers in 92 bytes (1 switches on core 0)
Jul 27 20:05:44 ubuntu devstack@g-api.service[145078]: DEBUG glance.api.middleware.version_negotiation [None req-669944e5-ac5a-48f7-a6b1-1d6ffaa216de admin admin] Determining version of request: GET /v2/schemas/image Accept: */* {{(pid=145078) process_request /opt/stack/glance/glance/api/middleware/version_negotiation.py:44}}
Jul 27 20:05:44 ubuntu devstack@g-api.service[145078]: DEBUG glance.api.middleware.version_negotiation [None req-669944e5-ac5a-48f7-a6b1-1d6ffaa216de admin admin] Using url versioning {{(pid=145078) process_request /opt/stack/glance/glance/api/middleware/version_negotiation.py:57}}
Jul 27 20:05:44 ubuntu devstack@g-api.service[145078]: DEBUG glance.api.middleware.version_negotiation [None req-669944e5-ac5a-48f7-a6b1-1d6ffaa216de admin admin] Matched version: v2 {{(pid=145078) process_request /opt/stack/glance/glance/api/middleware/version_negotiation.py:69}}
Jul 27 20:05:44 ubuntu devstack@g-api.service[145078]: DEBUG glance.api.middleware.version_negotiation [None req-669944e5-ac5a-48f7-a6b1-1d6ffaa216de admin admin] new path /v2/schemas/image {{(pid=145078) process_request /opt/stack/glance/glance/api/middleware/version_negotiation.py:70}}
Jul 27 20:05:44 ubuntu devstack@g-api.service[145078]: [pid: 145078|app: 0|req: 6/13] 127.0.0.1 () {38 vars in 711 bytes} [Wed Jul 27 20:05:44 2022] GET /v2/schemas/image => generated 6083 bytes in 104 msecs (HTTP/1.1 200) 4 headers in 158 bytes (1 switches on core 0)
Jul 27 20:05:44 ubuntu devstack@g-api.service[145079]: DEBUG glance.api.middleware.version_negotiation [None req-64e03a17-494d-472a-b1d8-83dbf076b71f admin admin] Determining version of request: GET /v2/schemas/metadefs/namespace Accept: */* {{(pid=145079) process_request /opt/stack/glance/glance/api/middleware/version_negotiation.py:44}}
Jul 27 20:05:44 ubuntu devstack@g-api.service[145079]: DEBUG glance.api.middleware.version_negotiation [None req-64e03a17-494d-472a-b1d8-83dbf076b71f admin admin] Using url versioning {{(pid=145079) process_request /opt/stack/glance/glance/api/middleware/version_negotiation.py:57}}
Jul 27 20:05:44 ubuntu devstack@g-api.service[145079]: DEBUG glance.api.middleware.version_negotiation [None req-64e03a17-494d-472a-b1d8-83dbf076b71f admin admin] Matched version: v2 {{(pid=145079) process_request /opt/stack/glance/glance/api/middleware/version_negotiation.py:69}}
Jul 27 20:05:44 ubuntu devstack@g-api.service[145079]: DEBUG glance.api.middleware.version_negotiation [None req-64e03a17-494d-472a-b1d8-83dbf076b71f admin admin] new path /v2/schemas/metadefs/namespace {{(pid=145079) process_request /opt/stack/glance/glance/api/middleware/version_negotiation.py:70}}
Jul 27 20:05:44 ubuntu devstack@g-api.service[145079]: [pid: 145079|app: 0|req: 8/14] 127.0.0.1 () {38 vars in 737 bytes} [Wed Jul 27 20:05:44 2022] GET /v2/schemas/metadefs/namespace => generated 3100 bytes in 10 msecs (HTTP/1.1 200) 4 headers in 158 bytes (1 switches on core 0)
Jul 27 20:05:44 ubuntu devstack@g-api.service[145078]: DEBUG glance.api.middleware.version_negotiation [None req-57f1f85e-b080-4418-99dc-5716298ba8a6 admin admin] Determining version of request: GET /v2/schemas/metadefs/resource_type Accept: */* {{(pid=145078) process_request /opt/stack/glance/glance/api/middleware/version_negotiation.py:44}}
Jul 27 20:05:44 ubuntu devstack@g-api.service[145078]: DEBUG glance.api.middleware.version_negotiation [None req-57f1f85e-b080-4418-99dc-5716298ba8a6 admin admin] Using url versioning {{(pid=145078) process_request /opt/stack/glance/glance/api/middleware/version_negotiation.py:57}}
Jul 27 20:05:44 ubuntu devstack@g-api.service[145078]: DEBUG glance.api.middleware.version_negotiation [None req-57f1f85e-b080-4418-99dc-5716298ba8a6 admin admin] Matched version: v2 {{(pid=145078) process_request /opt/stack/glance/glance/api/middleware/version_negotiation.py:69}}
Jul 27 20:05:44 ubuntu devstack@g-api.service[145078]: DEBUG glance.api.middleware.version_negotiation [None req-57f1f85e-b080-4418-99dc-5716298ba8a6 admin admin] new path /v2/schemas/metadefs/resource_type {{(pid=145078) process_request /opt/stack/glance/glance/api/middleware/version_negotiation.py:70}}
Jul 27 20:05:44 ubuntu devstack@g-api.service[145078]: [pid: 145078|app: 0|req: 7/15] 127.0.0.1 () {38 vars in 745 bytes} [Wed Jul 27 20:05:44 2022] GET /v2/schemas/metadefs/resource_type => generated 1260 bytes in 5 msecs (HTTP/1.1 200) 4 headers in 158 bytes (1 switches on core 0)
Jul 27 20:05:44 ubuntu devstack@g-api.service[145079]: DEBUG glance.api.middleware.version_negotiation [None req-88485fc1-69d1-4dfc-aea8-cfde63c959b3 admin admin] Determining version of request: GET /v2/images Accept: */* {{(pid=145079) process_request /opt/stack/glance/glance/api/middleware/version_negotiation.py:44}}
Jul 27 20:05:44 ubuntu devstack@g-api.service[145079]: DEBUG glance.api.middleware.version_negotiation [None req-88485fc1-69d1-4dfc-aea8-cfde63c959b3 admin admin] Using url versioning {{(pid=145079) process_request /opt/stack/glance/glance/api/middleware/version_negotiation.py:57}}
Jul 27 20:05:44 ubuntu devstack@g-api.service[145079]: DEBUG glance.api.middleware.version_negotiation [None req-88485fc1-69d1-4dfc-aea8-cfde63c959b3 admin admin] Matched version: v2 {{(pid=145079) process_request /opt/stack/glance/glance/api/middleware/version_negotiation.py:69}}
Jul 27 20:05:44 ubuntu devstack@g-api.service[145079]: DEBUG glance.api.middleware.version_negotiation [None req-88485fc1-69d1-4dfc-aea8-cfde63c959b3 admin admin] new path /v2/images {{(pid=145079) process_request /opt/stack/glance/glance/api/middleware/version_negotiation.py:70}}
Jul 27 20:05:44 ubuntu devstack@g-api.service[145079]: [pid: 145079|app: 0|req: 9/16] 127.0.0.1 () {38 vars in 768 bytes} [Wed Jul 27 20:05:44 2022] GET /v2/images?limit=20&sort_key=name&sort_dir=asc => generated 1081 bytes in 73 msecs (HTTP/1.1 200) 4 headers in 158 bytes (1 switches on core 0)
Jul 27 20:05:44 ubuntu devstack@g-api.service[145078]: DEBUG glance.api.middleware.version_negotiation [None req-92de7a6a-ca2f-49cc-bff7-8fa83e0f30b2 admin admin] Determining version of request: GET /v2/schemas/image Accept: */* {{(pid=145078) process_request /opt/stack/glance/glance/api/middleware/version_negotiation.py:44}}
Jul 27 20:05:44 ubuntu devstack@g-api.service[145078]: DEBUG glance.api.middleware.version_negotiation [None req-92de7a6a-ca2f-49cc-bff7-8fa83e0f30b2 admin admin] Using url versioning {{(pid=145078) process_request /opt/stack/glance/glance/api/middleware/version_negotiation.py:57}}
Jul 27 20:05:44 ubuntu devstack@g-api.service[145078]: DEBUG glance.api.middleware.version_negotiation [None req-92de7a6a-ca2f-49cc-bff7-8fa83e0f30b2 admin admin] Matched version: v2 {{(pid=145078) process_request /opt/stack/glance/glance/api/middleware/version_negotiation.py:69}}
Jul 27 20:05:44 ubuntu devstack@g-api.service[145078]: DEBUG glance.api.middleware.version_negotiation [None req-92de7a6a-ca2f-49cc-bff7-8fa83e0f30b2 admin admin] new path /v2/schemas/image {{(pid=145078) process_request /opt/stack/glance/glance/api/middleware/version_negotiation.py:70}}
Jul 27 20:05:44 ubuntu devstack@g-api.service[145078]: [pid: 145078|app: 0|req: 8/17] 127.0.0.1 () {38 vars in 711 bytes} [Wed Jul 27 20:05:44 2022] GET /v2/schemas/image => generated 6083 bytes in 8 msecs (HTTP/1.1 200) 4 headers in 158 bytes (1 switches on core 0)
Jul 27 20:05:54 ubuntu devstack@g-api.service[145079]: DEBUG dbcounter [-] [145079] Writing DB stats glance:SELECT=2 {{(pid=145079) stat_writer /usr/local/lib/python3.8/dist-packages/dbcounter.py:114}}
Jul 27 20:05:58 ubuntu devstack@g-api.service[145079]: DEBUG glance.api.middleware.version_negotiation [None req-d243d9be-234b-4a28-89a6-c3dc101d8e2d admin admin] Determining version of request: GET / Accept: application/json {{(pid=145079) process_request /opt/stack/glance/glance/api/middleware/version_negotiation.py:44}}
Jul 27 20:05:58 ubuntu devstack@g-api.service[145079]: DEBUG glance.api.middleware.version_negotiation [None req-d243d9be-234b-4a28-89a6-c3dc101d8e2d admin admin] Using url versioning {{(pid=145079) process_request /opt/stack/glance/glance/api/middleware/version_negotiation.py:57}}
Jul 27 20:05:58 ubuntu devstack@g-api.service[145079]: DEBUG glance.api.middleware.version_negotiation [None req-d243d9be-234b-4a28-89a6-c3dc101d8e2d admin admin] Unknown version. Returning version choices. {{(pid=145079) process_request /opt/stack/glance/glance/api/middleware/version_negotiation.py:64}}
Jul 27 20:05:58 ubuntu devstack@g-api.service[145079]: [pid: 145079|app: 0|req: 10/18] 127.0.0.1 () {34 vars in 492 bytes} [Wed Jul 27 20:05:58 2022] GET / => generated 1323 bytes in 3 msecs (HTTP/1.1 300) 3 headers in 106 bytes (1 switches on core 0)
Jul 27 20:05:58 ubuntu devstack@g-api.service[145078]: DEBUG glance.api.middleware.version_negotiation [None req-30066a46-ff55-449b-bdca-8a6c26d65fce admin admin] Determining version of request: GET /v2/images/cfe77a9f-0cad-4d33-b67b-da0737dd6451 Accept: */* {{(pid=145078) process_request /opt/stack/glance/glance/api/middleware/version_negotiation.py:44}}
Jul 27 20:05:58 ubuntu devstack@g-api.service[145078]: DEBUG glance.api.middleware.version_negotiation [None req-30066a46-ff55-449b-bdca-8a6c26d65fce admin admin] Using url versioning {{(pid=145078) process_request /opt/stack/glance/glance/api/middleware/version_negotiation.py:57}}
Jul 27 20:05:58 ubuntu devstack@g-api.service[145078]: DEBUG glance.api.middleware.version_negotiation [None req-30066a46-ff55-449b-bdca-8a6c26d65fce admin admin] Matched version: v2 {{(pid=145078) process_request /opt/stack/glance/glance/api/middleware/version_negotiation.py:69}}
Jul 27 20:05:58 ubuntu devstack@g-api.service[145078]: DEBUG glance.api.middleware.version_negotiation [None req-30066a46-ff55-449b-bdca-8a6c26d65fce admin admin] new path /v2/images/cfe77a9f-0cad-4d33-b67b-da0737dd6451 {{(pid=145078) process_request /opt/stack/glance/glance/api/middleware/version_negotiation.py:70}}
Jul 27 20:05:58 ubuntu devstack@g-api.service[145078]: WARNING keystonemiddleware.auth_token [None req-30066a46-ff55-449b-bdca-8a6c26d65fce admin admin] A valid token was submitted as a service token, but it was not a valid service token. This is incorrect but backwards compatible behaviour. This will be removed in future releases.
Jul 27 20:05:58 ubuntu devstack@g-api.service[145078]: [pid: 145078|app: 0|req: 9/19] 127.0.0.1 () {42 vars in 1049 bytes} [Wed Jul 27 20:05:58 2022] GET /v2/images/cfe77a9f-0cad-4d33-b67b-da0737dd6451 => generated 976 bytes in 149 msecs (HTTP/1.1 200) 4 headers in 157 bytes (1 switches on core 0)
Jul 27 20:05:58 ubuntu devstack@g-api.service[145079]: DEBUG glance.api.middleware.version_negotiation [None req-d243d9be-234b-4a28-89a6-c3dc101d8e2d admin admin] Determining version of request: GET /v2/schemas/image Accept: */* {{(pid=145079) process_request /opt/stack/glance/glance/api/middleware/version_negotiation.py:44}}
Jul 27 20:05:58 ubuntu devstack@g-api.service[145079]: DEBUG glance.api.middleware.version_negotiation [None req-d243d9be-234b-4a28-89a6-c3dc101d8e2d admin admin] Using url versioning {{(pid=145079) process_request /opt/stack/glance/glance/api/middleware/version_negotiation.py:57}}
Jul 27 20:05:58 ubuntu devstack@g-api.service[145079]: DEBUG glance.api.middleware.version_negotiation [None req-d243d9be-234b-4a28-89a6-c3dc101d8e2d admin admin] Matched version: v2 {{(pid=145079) process_request /opt/stack/glance/glance/api/middleware/version_negotiation.py:69}}
Jul 27 20:05:58 ubuntu devstack@g-api.service[145079]: DEBUG glance.api.middleware.version_negotiation [None req-d243d9be-234b-4a28-89a6-c3dc101d8e2d admin admin] new path /v2/schemas/image {{(pid=145079) process_request /opt/stack/glance/glance/api/middleware/version_negotiation.py:70}}
Jul 27 20:05:58 ubuntu devstack@g-api.service[145079]: WARNING keystonemiddleware.auth_token [None req-d243d9be-234b-4a28-89a6-c3dc101d8e2d admin admin] A valid token was submitted as a service token, but it was not a valid service token. This is incorrect but backwards compatible behaviour. This will be removed in future releases.
Jul 27 20:05:58 ubuntu devstack@g-api.service[145079]: [pid: 145079|app: 0|req: 11/20] 127.0.0.1 () {42 vars in 989 bytes} [Wed Jul 27 20:05:58 2022] GET /v2/schemas/image => generated 6083 bytes in 11 msecs (HTTP/1.1 200) 4 headers in 158 bytes (1 switches on core 0)
Jul 27 20:06:00 ubuntu devstack@g-api.service[145078]: DEBUG glance.api.middleware.version_negotiation [None req-130ed18b-126b-4196-b7ce-2fe7c0a8489a tempest-VolumesAdminNegativeTest-610656360 tempest-VolumesAdminNegativeTest-610656360-project] Determining version of request: GET /v2/images/cfe77a9f-0cad-4d33-b67b-da0737dd6451 Accept: */* {{(pid=145078) process_request /opt/stack/glance/glance/api/middleware/version_negotiation.py:44}}
Jul 27 20:06:00 ubuntu devstack@g-api.service[145078]: DEBUG glance.api.middleware.version_negotiation [None req-130ed18b-126b-4196-b7ce-2fe7c0a8489a tempest-VolumesAdminNegativeTest-610656360 tempest-VolumesAdminNegativeTest-610656360-project] Using url versioning {{(pid=145078) process_request /opt/stack/glance/glance/api/middleware/version_negotiation.py:57}}
Jul 27 20:06:00 ubuntu devstack@g-api.service[145078]: DEBUG glance.api.middleware.version_negotiation [None req-130ed18b-126b-4196-b7ce-2fe7c0a8489a tempest-VolumesAdminNegativeTest-610656360 tempest-VolumesAdminNegativeTest-610656360-project] Matched version: v2 {{(pid=145078) process_request /opt/stack/glance/glance/api/middleware/version_negotiation.py:69}}
Jul 27 20:06:00 ubuntu devstack@g-api.service[145078]: DEBUG glance.api.middleware.version_negotiation [None req-130ed18b-126b-4196-b7ce-2fe7c0a8489a tempest-VolumesAdminNegativeTest-610656360 tempest-VolumesAdminNegativeTest-610656360-project] new path /v2/images/cfe77a9f-0cad-4d33-b67b-da0737dd6451 {{(pid=145078) process_request /opt/stack/glance/glance/api/middleware/version_negotiation.py:70}}
Jul 27 20:06:00 ubuntu devstack@g-api.service[145078]: [pid: 145078|app: 0|req: 10/21] 127.0.0.1 () {42 vars in 1049 bytes} [Wed Jul 27 20:06:00 2022] GET /v2/images/cfe77a9f-0cad-4d33-b67b-da0737dd6451 => generated 976 bytes in 17 msecs (HTTP/1.1 200) 4 headers in 157 bytes (1 switches on core 0)
Jul 27 20:06:00 ubuntu devstack@g-api.service[145079]: DEBUG glance.api.middleware.version_negotiation [None req-130ed18b-126b-4196-b7ce-2fe7c0a8489a tempest-VolumesAdminNegativeTest-610656360 tempest-VolumesAdminNegativeTest-610656360-project] Determining version of request: GET /v2/images/cfe77a9f-0cad-4d33-b67b-da0737dd6451/file Accept: */* {{(pid=145079) process_request /opt/stack/glance/glance/api/middleware/version_negotiation.py:44}}
Jul 27 20:06:00 ubuntu devstack@g-api.service[145079]: DEBUG glance.api.middleware.version_negotiation [None req-130ed18b-126b-4196-b7ce-2fe7c0a8489a tempest-VolumesAdminNegativeTest-610656360 tempest-VolumesAdminNegativeTest-610656360-project] Using url versioning {{(pid=145079) process_request /opt/stack/glance/glance/api/middleware/version_negotiation.py:57}}
Jul 27 20:06:00 ubuntu devstack@g-api.service[145079]: DEBUG glance.api.middleware.version_negotiation [None req-130ed18b-126b-4196-b7ce-2fe7c0a8489a tempest-VolumesAdminNegativeTest-610656360 tempest-VolumesAdminNegativeTest-610656360-project] Matched version: v2 {{(pid=145079) process_request /opt/stack/glance/glance/api/middleware/version_negotiation.py:69}}
Jul 27 20:06:00 ubuntu devstack@g-api.service[145079]: DEBUG glance.api.middleware.version_negotiation [None req-130ed18b-126b-4196-b7ce-2fe7c0a8489a tempest-VolumesAdminNegativeTest-610656360 tempest-VolumesAdminNegativeTest-610656360-project] new path /v2/images/cfe77a9f-0cad-4d33-b67b-da0737dd6451/file {{(pid=145079) process_request /opt/stack/glance/glance/api/middleware/version_negotiation.py:70}}
Jul 27 20:06:00 ubuntu devstack@g-api.service[145079]: DEBUG glance_store.backend [None req-130ed18b-126b-4196-b7ce-2fe7c0a8489a tempest-VolumesAdminNegativeTest-610656360 tempest-VolumesAdminNegativeTest-610656360-project] Attempting to import store swift {{(pid=145079) _load_store /usr/local/lib/python3.8/dist-packages/glance_store/backend.py:216}}
Jul 27 20:06:00 ubuntu devstack@g-api.service[145079]: DEBUG glance_store.capabilities [None req-130ed18b-126b-4196-b7ce-2fe7c0a8489a tempest-VolumesAdminNegativeTest-610656360 tempest-VolumesAdminNegativeTest-610656360-project] Store glance_store._drivers.swift.store.SingleTenantStore doesn't support updating dynamic storage capabilities. Please overwrite 'update_capabilities' method of the store to implement updating logics if needed. {{(pid=145079) update_capabilities /usr/local/lib/python3.8/dist-packages/glance_store/capabilities.py:91}}
Jul 27 20:06:00 ubuntu devstack@g-api.service[145079]: DEBUG glance_store.driver [None req-130ed18b-126b-4196-b7ce-2fe7c0a8489a tempest-VolumesAdminNegativeTest-610656360 tempest-VolumesAdminNegativeTest-610656360-project] Late loading location class glance_store._drivers.swift.store.StoreLocation {{(pid=145079) get_store_location_class /usr/local/lib/python3.8/dist-packages/glance_store/driver.py:116}}
Jul 27 20:06:00 ubuntu devstack@g-api.service[145079]: DEBUG glance_store.location [None req-130ed18b-126b-4196-b7ce-2fe7c0a8489a tempest-VolumesAdminNegativeTest-610656360 tempest-VolumesAdminNegativeTest-610656360-project] Registering scheme swift+https with {'store': <glance_store._drivers.swift.store.SingleTenantStore object at 0x7f3bec6b1820>, 'location_class': <class 'glance_store._drivers.swift.store.StoreLocation'>, 'store_entry': 'swift'} {{(pid=145079) register_scheme_map /usr/local/lib/python3.8/dist-packages/glance_store/location.py:146}}
Jul 27 20:06:00 ubuntu devstack@g-api.service[145079]: DEBUG glance_store.location [None req-130ed18b-126b-4196-b7ce-2fe7c0a8489a tempest-VolumesAdminNegativeTest-610656360 tempest-VolumesAdminNegativeTest-610656360-project] Registering scheme swift+https with {'store': <glance_store._drivers.swift.store.SingleTenantStore object at 0x7f3bec6b1820>, 'location_class': <class 'glance_store._drivers.swift.store.StoreLocation'>, 'store_entry': 'swift'} {{(pid=145079) register_scheme_map /usr/local/lib/python3.8/dist-packages/glance_store/location.py:146}}
Jul 27 20:06:00 ubuntu devstack@g-api.service[145079]: DEBUG glance_store.location [None req-130ed18b-126b-4196-b7ce-2fe7c0a8489a tempest-VolumesAdminNegativeTest-610656360 tempest-VolumesAdminNegativeTest-610656360-project] Registering scheme swift with {'store': <glance_store._drivers.swift.store.SingleTenantStore object at 0x7f3bec6b1820>, 'location_class': <class 'glance_store._drivers.swift.store.StoreLocation'>, 'store_entry': 'swift'} {{(pid=145079) register_scheme_map /usr/local/lib/python3.8/dist-packages/glance_store/location.py:146}}
Jul 27 20:06:00 ubuntu devstack@g-api.service[145079]: DEBUG glance_store.location [None req-130ed18b-126b-4196-b7ce-2fe7c0a8489a tempest-VolumesAdminNegativeTest-610656360 tempest-VolumesAdminNegativeTest-610656360-project] Registering scheme swift+https with {'store': <glance_store._drivers.swift.store.SingleTenantStore object at 0x7f3bec6b1820>, 'location_class': <class 'glance_store._drivers.swift.store.StoreLocation'>, 'store_entry': 'swift'} {{(pid=145079) register_scheme_map /usr/local/lib/python3.8/dist-packages/glance_store/location.py:146}}
Jul 27 20:06:00 ubuntu devstack@g-api.service[145079]: DEBUG glance_store.location [None req-130ed18b-126b-4196-b7ce-2fe7c0a8489a tempest-VolumesAdminNegativeTest-610656360 tempest-VolumesAdminNegativeTest-610656360-project] Registering scheme swift with {'store': <glance_store._drivers.swift.store.SingleTenantStore object at 0x7f3bec6b1820>, 'location_class': <class 'glance_store._drivers.swift.store.StoreLocation'>, 'store_entry': 'swift'} {{(pid=145079) register_scheme_map /usr/local/lib/python3.8/dist-packages/glance_store/location.py:146}}
Jul 27 20:06:00 ubuntu devstack@g-api.service[145079]: DEBUG glance_store.location [None req-130ed18b-126b-4196-b7ce-2fe7c0a8489a tempest-VolumesAdminNegativeTest-610656360 tempest-VolumesAdminNegativeTest-610656360-project] Registering scheme swift+http with {'store': <glance_store._drivers.swift.store.SingleTenantStore object at 0x7f3bec6b1820>, 'location_class': <class 'glance_store._drivers.swift.store.StoreLocation'>, 'store_entry': 'swift'} {{(pid=145079) register_scheme_map /usr/local/lib/python3.8/dist-packages/glance_store/location.py:146}}
Jul 27 20:06:00 ubuntu devstack@g-api.service[145079]: DEBUG glance_store.location [None req-130ed18b-126b-4196-b7ce-2fe7c0a8489a tempest-VolumesAdminNegativeTest-610656360 tempest-VolumesAdminNegativeTest-610656360-project] Registering scheme swift+https with {'store': <glance_store._drivers.swift.store.SingleTenantStore object at 0x7f3bec6b1820>, 'location_class': <class 'glance_store._drivers.swift.store.StoreLocation'>, 'store_entry': 'swift'} {{(pid=145079) register_scheme_map /usr/local/lib/python3.8/dist-packages/glance_store/location.py:146}}
Jul 27 20:06:00 ubuntu devstack@g-api.service[145079]: DEBUG glance_store.location [None req-130ed18b-126b-4196-b7ce-2fe7c0a8489a tempest-VolumesAdminNegativeTest-610656360 tempest-VolumesAdminNegativeTest-610656360-project] Registering scheme swift with {'store': <glance_store._drivers.swift.store.SingleTenantStore object at 0x7f3bec6b1820>, 'location_class': <class 'glance_store._drivers.swift.store.StoreLocation'>, 'store_entry': 'swift'} {{(pid=145079) register_scheme_map /usr/local/lib/python3.8/dist-packages/glance_store/location.py:146}}
Jul 27 20:06:00 ubuntu devstack@g-api.service[145079]: DEBUG glance_store.location [None req-130ed18b-126b-4196-b7ce-2fe7c0a8489a tempest-VolumesAdminNegativeTest-610656360 tempest-VolumesAdminNegativeTest-610656360-project] Registering scheme swift+http with {'store': <glance_store._drivers.swift.store.SingleTenantStore object at 0x7f3bec6b1820>, 'location_class': <class 'glance_store._drivers.swift.store.StoreLocation'>, 'store_entry': 'swift'} {{(pid=145079) register_scheme_map /usr/local/lib/python3.8/dist-packages/glance_store/location.py:146}}
Jul 27 20:06:00 ubuntu devstack@g-api.service[145079]: DEBUG glance_store.location [None req-130ed18b-126b-4196-b7ce-2fe7c0a8489a tempest-VolumesAdminNegativeTest-610656360 tempest-VolumesAdminNegativeTest-610656360-project] Registering scheme swift+config with {'store': <glance_store._drivers.swift.store.SingleTenantStore object at 0x7f3bec6b1820>, 'location_class': <class 'glance_store._drivers.swift.store.StoreLocation'>, 'store_entry': 'swift'} {{(pid=145079) register_scheme_map /usr/local/lib/python3.8/dist-packages/glance_store/location.py:146}}
Jul 27 20:06:00 ubuntu devstack@g-api.service[145079]: DEBUG swiftclient [None req-130ed18b-126b-4196-b7ce-2fe7c0a8489a tempest-VolumesAdminNegativeTest-610656360 tempest-VolumesAdminNegativeTest-610656360-project] REQ: curl -i http://192.168.79.46:8080/v1/AUTH_ed1011cbabf84be49cad6a9f561d3456/glance/cfe77a9f-0cad-4d33-b67b-da0737dd6451 -X GET -H "X-Auth-Token: gAAAAABi4ZqoQH6e..." {{(pid=145079) http_log /usr/local/lib/python3.8/dist-packages/swiftclient/client.py:157}}
Jul 27 20:06:00 ubuntu devstack@g-api.service[145079]: DEBUG swiftclient [None req-130ed18b-126b-4196-b7ce-2fe7c0a8489a tempest-VolumesAdminNegativeTest-610656360 tempest-VolumesAdminNegativeTest-610656360-project] RESP STATUS: 200 OK {{(pid=145079) http_log /usr/local/lib/python3.8/dist-packages/swiftclient/client.py:158}}
Jul 27 20:06:00 ubuntu devstack@g-api.service[145079]: DEBUG swiftclient [None req-130ed18b-126b-4196-b7ce-2fe7c0a8489a tempest-VolumesAdminNegativeTest-610656360 tempest-VolumesAdminNegativeTest-610656360-project] RESP HEADERS: {'Content-Type': 'application/octet-stream', 'Etag': '1d3062cd89af34e419f7100277f38b2b', 'Last-Modified': 'Wed, 27 Jul 2022 20:00:19 GMT', 'X-Timestamp': '1658952018.82321', 'Accept-Ranges': 'bytes', 'Content-Length': '16338944', 'X-Trans-Id': 'txf8d1702264a54c7e889a2-0062e19aa8', 'X-Openstack-Request-Id': 'txf8d1702264a54c7e889a2-0062e19aa8', 'Date': 'Wed, 27 Jul 2022 20:06:00 GMT'} {{(pid=145079) http_log /usr/local/lib/python3.8/dist-packages/swiftclient/client.py:159}}
Jul 27 20:06:00 ubuntu devstack@g-api.service[145079]: DEBUG glance.image_cache [None req-130ed18b-126b-4196-b7ce-2fe7c0a8489a tempest-VolumesAdminNegativeTest-610656360 tempest-VolumesAdminNegativeTest-610656360-project] Tee'ing image 'cfe77a9f-0cad-4d33-b67b-da0737dd6451' into cache {{(pid=145079) get_caching_iter /opt/stack/glance/glance/image_cache/__init__.py:343}}
Jul 27 20:06:00 ubuntu devstack@g-api.service[145079]: DEBUG glance.image_cache.drivers.sqlite [None req-130ed18b-126b-4196-b7ce-2fe7c0a8489a tempest-VolumesAdminNegativeTest-610656360 tempest-VolumesAdminNegativeTest-610656360-project] Fetch finished, moving '/opt/stack/data/glance/cache/incomplete/cfe77a9f-0cad-4d33-b67b-da0737dd6451' to '/opt/stack/data/glance/cache/cfe77a9f-0cad-4d33-b67b-da0737dd6451' {{(pid=145079) commit /opt/stack/glance/glance/image_cache/drivers/sqlite.py:324}}
Jul 27 20:06:00 ubuntu devstack@g-api.service[145079]: [pid: 145079|app: 0|req: 12/22] 127.0.0.1 () {42 vars in 1059 bytes} [Wed Jul 27 20:06:00 2022] GET /v2/images/cfe77a9f-0cad-4d33-b67b-da0737dd6451/file => generated 16338944 bytes in 479 msecs (HTTP/1.1 200) 4 headers in 191 bytes (250 switches on core 0)
Jul 27 20:06:10 ubuntu devstack@g-api.service[145078]: DEBUG dbcounter [-] [145078] Writing DB stats glance:SELECT=8 {{(pid=145078) stat_writer /usr/local/lib/python3.8/dist-packages/dbcounter.py:114}}
Jul 27 20:06:10 ubuntu devstack@g-api.service[145079]: DEBUG dbcounter [-] [145079] Writing DB stats glance:SELECT=8 {{(pid=145079) stat_writer /usr/local/lib/python3.8/dist-packages/dbcounter.py:114}}
Jul 27 20:06:26 ubuntu devstack@g-api.service[145078]: DEBUG glance.api.middleware.version_negotiation [None req-130ed18b-126b-4196-b7ce-2fe7c0a8489a tempest-VolumesAdminNegativeTest-610656360 tempest-VolumesAdminNegativeTest-610656360-project] Determining version of request: GET / Accept: application/json {{(pid=145078) process_request /opt/stack/glance/glance/api/middleware/version_negotiation.py:44}}
Jul 27 20:06:26 ubuntu devstack@g-api.service[145078]: DEBUG glance.api.middleware.version_negotiation [None req-130ed18b-126b-4196-b7ce-2fe7c0a8489a tempest-VolumesAdminNegativeTest-610656360 tempest-VolumesAdminNegativeTest-610656360-project] Using url versioning {{(pid=145078) process_request /opt/stack/glance/glance/api/middleware/version_negotiation.py:57}}
Jul 27 20:06:26 ubuntu devstack@g-api.service[145078]: DEBUG glance.api.middleware.version_negotiation [None req-130ed18b-126b-4196-b7ce-2fe7c0a8489a tempest-VolumesAdminNegativeTest-610656360 tempest-VolumesAdminNegativeTest-610656360-project] Unknown version. Returning version choices. {{(pid=145078) process_request /opt/stack/glance/glance/api/middleware/version_negotiation.py:64}}
Jul 27 20:06:26 ubuntu devstack@g-api.service[145078]: [pid: 145078|app: 0|req: 11/23] 127.0.0.1 () {34 vars in 492 bytes} [Wed Jul 27 20:06:26 2022] GET / => generated 1323 bytes in 2 msecs (HTTP/1.1 300) 3 headers in 106 bytes (1 switches on core 0)
Jul 27 20:06:26 ubuntu devstack@g-api.service[145079]: DEBUG glance.api.middleware.version_negotiation [None req-130ed18b-126b-4196-b7ce-2fe7c0a8489a tempest-VolumesAdminNegativeTest-610656360 tempest-VolumesAdminNegativeTest-610656360-project] Determining version of request: GET /v2/images/cfe77a9f-0cad-4d33-b67b-da0737dd6451 Accept: */* {{(pid=145079) process_request /opt/stack/glance/glance/api/middleware/version_negotiation.py:44}}
Jul 27 20:06:26 ubuntu devstack@g-api.service[145079]: DEBUG glance.api.middleware.version_negotiation [None req-130ed18b-126b-4196-b7ce-2fe7c0a8489a tempest-VolumesAdminNegativeTest-610656360 tempest-VolumesAdminNegativeTest-610656360-project] Using url versioning {{(pid=145079) process_request /opt/stack/glance/glance/api/middleware/version_negotiation.py:57}}
Jul 27 20:06:26 ubuntu devstack@g-api.service[145079]: DEBUG glance.api.middleware.version_negotiation [None req-130ed18b-126b-4196-b7ce-2fe7c0a8489a tempest-VolumesAdminNegativeTest-610656360 tempest-VolumesAdminNegativeTest-610656360-project] Matched version: v2 {{(pid=145079) process_request /opt/stack/glance/glance/api/middleware/version_negotiation.py:69}}
Jul 27 20:06:26 ubuntu devstack@g-api.service[145079]: DEBUG glance.api.middleware.version_negotiation [None req-130ed18b-126b-4196-b7ce-2fe7c0a8489a tempest-VolumesAdminNegativeTest-610656360 tempest-VolumesAdminNegativeTest-610656360-project] new path /v2/images/cfe77a9f-0cad-4d33-b67b-da0737dd6451 {{(pid=145079) process_request /opt/stack/glance/glance/api/middleware/version_negotiation.py:70}}
Jul 27 20:06:26 ubuntu devstack@g-api.service[145079]: [pid: 145079|app: 0|req: 13/24] 127.0.0.1 () {42 vars in 1049 bytes} [Wed Jul 27 20:06:26 2022] GET /v2/images/cfe77a9f-0cad-4d33-b67b-da0737dd6451 => generated 976 bytes in 18 msecs (HTTP/1.1 200) 4 headers in 157 bytes (1 switches on core 0)
Jul 27 20:06:26 ubuntu devstack@g-api.service[145078]: DEBUG glance.api.middleware.version_negotiation [None req-130ed18b-126b-4196-b7ce-2fe7c0a8489a tempest-VolumesAdminNegativeTest-610656360 tempest-VolumesAdminNegativeTest-610656360-project] Determining version of request: GET /v2/schemas/image Accept: */* {{(pid=145078) process_request /opt/stack/glance/glance/api/middleware/version_negotiation.py:44}}
Jul 27 20:06:26 ubuntu devstack@g-api.service[145078]: DEBUG glance.api.middleware.version_negotiation [None req-130ed18b-126b-4196-b7ce-2fe7c0a8489a tempest-VolumesAdminNegativeTest-610656360 tempest-VolumesAdminNegativeTest-610656360-project] Using url versioning {{(pid=145078) process_request /opt/stack/glance/glance/api/middleware/version_negotiation.py:57}}
Jul 27 20:06:26 ubuntu devstack@g-api.service[145078]: DEBUG glance.api.middleware.version_negotiation [None req-130ed18b-126b-4196-b7ce-2fe7c0a8489a tempest-VolumesAdminNegativeTest-610656360 tempest-VolumesAdminNegativeTest-610656360-project] Matched version: v2 {{(pid=145078) process_request /opt/stack/glance/glance/api/middleware/version_negotiation.py:69}}
Jul 27 20:06:26 ubuntu devstack@g-api.service[145078]: DEBUG glance.api.middleware.version_negotiation [None req-130ed18b-126b-4196-b7ce-2fe7c0a8489a tempest-VolumesAdminNegativeTest-610656360 tempest-VolumesAdminNegativeTest-610656360-project] new path /v2/schemas/image {{(pid=145078) process_request /opt/stack/glance/glance/api/middleware/version_negotiation.py:70}}
Jul 27 20:06:26 ubuntu devstack@g-api.service[145078]: [pid: 145078|app: 0|req: 12/25] 127.0.0.1 () {42 vars in 989 bytes} [Wed Jul 27 20:06:26 2022] GET /v2/schemas/image => generated 6083 bytes in 5 msecs (HTTP/1.1 200) 4 headers in 158 bytes (1 switches on core 0)
Jul 27 20:06:36 ubuntu devstack@g-api.service[145079]: DEBUG dbcounter [-] [145079] Writing DB stats glance:SELECT=4 {{(pid=145079) stat_writer /usr/local/lib/python3.8/dist-packages/dbcounter.py:114}}
Jul 27 20:06:54 ubuntu devstack@g-api.service[145079]: DEBUG glance.api.middleware.version_negotiation [None req-57ba7fca-7989-4248-99c6-e9c3317cdea2 tempest-DeleteServersTestJSON-1126831994 tempest-DeleteServersTestJSON-1126831994-project] Determining version of request: GET /v2/images/cfe77a9f-0cad-4d33-b67b-da0737dd6451 Accept: */* {{(pid=145079) process_request /opt/stack/glance/glance/api/middleware/version_negotiation.py:44}}
Jul 27 20:06:54 ubuntu devstack@g-api.service[145079]: DEBUG glance.api.middleware.version_negotiation [None req-57ba7fca-7989-4248-99c6-e9c3317cdea2 tempest-DeleteServersTestJSON-1126831994 tempest-DeleteServersTestJSON-1126831994-project] Using url versioning {{(pid=145079) process_request /opt/stack/glance/glance/api/middleware/version_negotiation.py:57}}
Jul 27 20:06:54 ubuntu devstack@g-api.service[145079]: DEBUG glance.api.middleware.version_negotiation [None req-57ba7fca-7989-4248-99c6-e9c3317cdea2 tempest-DeleteServersTestJSON-1126831994 tempest-DeleteServersTestJSON-1126831994-project] Matched version: v2 {{(pid=145079) process_request /opt/stack/glance/glance/api/middleware/version_negotiation.py:69}}
Jul 27 20:06:54 ubuntu devstack@g-api.service[145079]: DEBUG glance.api.middleware.version_negotiation [None req-57ba7fca-7989-4248-99c6-e9c3317cdea2 tempest-DeleteServersTestJSON-1126831994 tempest-DeleteServersTestJSON-1126831994-project] new path /v2/images/cfe77a9f-0cad-4d33-b67b-da0737dd6451 {{(pid=145079) process_request /opt/stack/glance/glance/api/middleware/version_negotiation.py:70}}
Jul 27 20:06:54 ubuntu devstack@g-api.service[145079]: [pid: 145079|app: 0|req: 14/26] 127.0.0.1 () {42 vars in 1049 bytes} [Wed Jul 27 20:06:54 2022] GET /v2/images/cfe77a9f-0cad-4d33-b67b-da0737dd6451 => generated 976 bytes in 22 msecs (HTTP/1.1 200) 4 headers in 157 bytes (1 switches on core 0)
