Aug 31 11:32:43 ubuntu neutron-server[133947]: DEBUG neutron.api.extensions [None req-abbe71f3-3c22-4458-88a9-1ebc37277db3 None None] Loading extension file: timestamp.py {{(pid=133947) _load_all_extensions_from_path /opt/stack/neutron/neutron/api/extensions.py:450}}
Aug 31 11:32:43 ubuntu neutron-server[133947]: DEBUG neutron.api.extensions [None req-abbe71f3-3c22-4458-88a9-1ebc37277db3 None None] Ext name="Resource timestamps" alias="standard-attr-timestamp" description="Adds created_at and updated_at fields to all Neutron resources that have Neutron standard attributes." updated="2016-09-12T10:00:00-00:00" {{(pid=133947) _check_extension /opt/stack/neutron/neutron/api/extensions.py:416}}
Aug 31 11:32:43 ubuntu neutron-server[133947]: INFO neutron.api.extensions [None req-abbe71f3-3c22-4458-88a9-1ebc37277db3 None None] Loaded extension: standard-attr-timestamp
Aug 31 11:32:43 ubuntu neutron-server[133947]: DEBUG neutron.api.extensions [None req-abbe71f3-3c22-4458-88a9-1ebc37277db3 None None] Loading extension file: trunk.py {{(pid=133947) _load_all_extensions_from_path /opt/stack/neutron/neutron/api/extensions.py:450}}
Aug 31 11:32:43 ubuntu neutron-server[133947]: DEBUG neutron.api.extensions [None req-abbe71f3-3c22-4458-88a9-1ebc37277db3 None None] Ext name="Trunk Extension" alias="trunk" description="Provides support for trunk ports" updated="2016-01-01T10:00:00-00:00" {{(pid=133947) _check_extension /opt/stack/neutron/neutron/api/extensions.py:416}}
Aug 31 11:32:43 ubuntu neutron-server[133947]: INFO neutron.api.extensions [None req-abbe71f3-3c22-4458-88a9-1ebc37277db3 None None] Extension trunk not supported by any of loaded plugins
Aug 31 11:32:43 ubuntu neutron-server[133947]: DEBUG neutron.api.extensions [None req-abbe71f3-3c22-4458-88a9-1ebc37277db3 None None] Loading extension file: trunk_details.py {{(pid=133947) _load_all_extensions_from_path /opt/stack/neutron/neutron/api/extensions.py:450}}
Aug 31 11:32:43 ubuntu neutron-server[133947]: DEBUG neutron.api.extensions [None req-abbe71f3-3c22-4458-88a9-1ebc37277db3 None None] Ext name="Trunk port details" alias="trunk-details" description="Expose trunk port details" updated="2016-01-01T10:00:00-00:00" {{(pid=133947) _check_extension /opt/stack/neutron/neutron/api/extensions.py:416}}
Aug 31 11:32:43 ubuntu neutron-server[133947]: INFO neutron.api.extensions [None req-abbe71f3-3c22-4458-88a9-1ebc37277db3 None None] Extension trunk-details not supported by any of loaded plugins
Aug 31 11:32:43 ubuntu neutron-server[133947]: DEBUG neutron.api.extensions [None req-abbe71f3-3c22-4458-88a9-1ebc37277db3 None None] Loading extension file: uplink_status_propagation.py {{(pid=133947) _load_all_extensions_from_path /opt/stack/neutron/neutron/api/extensions.py:450}}
Aug 31 11:32:43 ubuntu neutron-server[133947]: DEBUG neutron.api.extensions [None req-abbe71f3-3c22-4458-88a9-1ebc37277db3 None None] Ext name="Uplink status propagation extension" alias="uplink-status-propagation" description="Provides ability to propagate port uplink status." updated="2018-05-31T18:00:00-00:00" {{(pid=133947) _check_extension /opt/stack/neutron/neutron/api/extensions.py:416}}
Aug 31 11:32:43 ubuntu neutron-server[133947]: INFO neutron.api.extensions [None req-abbe71f3-3c22-4458-88a9-1ebc37277db3 None None] Extension uplink-status-propagation not supported by any of loaded plugins
Aug 31 11:32:43 ubuntu neutron-server[133947]: DEBUG neutron.api.extensions [None req-abbe71f3-3c22-4458-88a9-1ebc37277db3 None None] Loading extension file: vlantransparent.py {{(pid=133947) _load_all_extensions_from_path /opt/stack/neutron/neutron/api/extensions.py:450}}
Aug 31 11:32:43 ubuntu neutron-server[133947]: DEBUG neutron.api.extensions [None req-abbe71f3-3c22-4458-88a9-1ebc37277db3 None None] Ext name="Vlantransparent" alias="vlan-transparent" description="Provides Vlan Transparent Networks" updated="2015-03-23T09:00:00-00:00" {{(pid=133947) _check_extension /opt/stack/neutron/neutron/api/extensions.py:416}}
Aug 31 11:32:43 ubuntu neutron-server[133947]: INFO neutron.api.extensions [None req-abbe71f3-3c22-4458-88a9-1ebc37277db3 None None] Extension vlan-transparent not supported by any of loaded plugins
Aug 31 11:32:43 ubuntu neutron-server[133947]: INFO neutron.quota.resource_registry [None req-abbe71f3-3c22-4458-88a9-1ebc37277db3 None None] Creating instance of TrackedResource for resource:network
Aug 31 11:32:43 ubuntu neutron-server[133947]: INFO neutron.quota.resource_registry [None req-abbe71f3-3c22-4458-88a9-1ebc37277db3 None None] Creating instance of TrackedResource for resource:subnet
Aug 31 11:32:43 ubuntu neutron-server[133947]: INFO neutron.quota.resource_registry [None req-abbe71f3-3c22-4458-88a9-1ebc37277db3 None None] Creating instance of TrackedResource for resource:subnetpool
Aug 31 11:32:43 ubuntu neutron-server[133947]: INFO neutron.quota.resource_registry [None req-abbe71f3-3c22-4458-88a9-1ebc37277db3 None None] Creating instance of TrackedResource for resource:port
Aug 31 11:32:43 ubuntu neutron-server[133947]: DEBUG neutron.api.v2.resource_helper [None req-abbe71f3-3c22-4458-88a9-1ebc37277db3 None None] Service FLAVORS assigned prefix:  {{(pid=133947) build_resource_info /opt/stack/neutron/neutron/api/v2/resource_helper.py:77}}
Aug 31 11:32:43 ubuntu neutron-server[133947]: DEBUG neutron.api.v2.resource_helper [None req-abbe71f3-3c22-4458-88a9-1ebc37277db3 None None] Service L3_ROUTER_NAT assigned prefix:  {{(pid=133947) build_resource_info /opt/stack/neutron/neutron/api/v2/resource_helper.py:77}}
Aug 31 11:32:43 ubuntu neutron-server[133947]: DEBUG neutron.api.v2.resource_helper [None req-abbe71f3-3c22-4458-88a9-1ebc37277db3 None None] Service L3_ROUTER_NAT assigned prefix:  {{(pid=133947) build_resource_info /opt/stack/neutron/neutron/api/v2/resource_helper.py:77}}
Aug 31 11:32:43 ubuntu neutron-server[133947]: INFO neutron.quota.resource_registry [None req-abbe71f3-3c22-4458-88a9-1ebc37277db3 None None] Creating instance of TrackedResource for resource:router
Aug 31 11:32:43 ubuntu neutron-server[133947]: INFO neutron.quota.resource_registry [None req-abbe71f3-3c22-4458-88a9-1ebc37277db3 None None] Creating instance of TrackedResource for resource:floatingip
Aug 31 11:32:43 ubuntu neutron-server[133947]: DEBUG neutron_lib.callbacks.manager [None req-abbe71f3-3c22-4458-88a9-1ebc37277db3 None None] Subscribe: <bound method NeutronDbPluginV2.validate_network_rbac_policy_change of <neutron.services.network_ip_availability.plugin.NetworkIPAvailabilityPlugin object at 0x7f606921bcd0>> rbac-policy before_create 55550000 {{(pid=133947) subscribe /usr/local/lib/python3.8/dist-packages/neutron_lib/callbacks/manager.py:45}}
Aug 31 11:32:43 ubuntu neutron-server[133947]: DEBUG neutron_lib.callbacks.manager [None req-abbe71f3-3c22-4458-88a9-1ebc37277db3 None None] Subscribe: <bound method NeutronDbPluginV2.validate_network_rbac_policy_change of <neutron.services.network_ip_availability.plugin.NetworkIPAvailabilityPlugin object at 0x7f606921bcd0>> rbac-policy before_update 55550000 {{(pid=133947) subscribe /usr/local/lib/python3.8/dist-packages/neutron_lib/callbacks/manager.py:45}}
Aug 31 11:32:43 ubuntu neutron-server[133947]: DEBUG neutron_lib.callbacks.manager [None req-abbe71f3-3c22-4458-88a9-1ebc37277db3 None None] Subscribe: <bound method NeutronDbPluginV2.validate_network_rbac_policy_change of <neutron.services.network_ip_availability.plugin.NetworkIPAvailabilityPlugin object at 0x7f606921bcd0>> rbac-policy before_delete 55550000 {{(pid=133947) subscribe /usr/local/lib/python3.8/dist-packages/neutron_lib/callbacks/manager.py:45}}
Aug 31 11:32:43 ubuntu neutron-server[133947]: INFO neutron.quota.resource_registry [None req-abbe71f3-3c22-4458-88a9-1ebc37277db3 None None] Creating instance of CountableResource for resource:rbac_policy
Aug 31 11:32:43 ubuntu neutron-server[133947]: INFO neutron.quota.resource_registry [None req-abbe71f3-3c22-4458-88a9-1ebc37277db3 None None] Creating instance of TrackedResource for resource:security_group
Aug 31 11:32:43 ubuntu neutron-server[133947]: INFO neutron.quota.resource_registry [None req-abbe71f3-3c22-4458-88a9-1ebc37277db3 None None] Creating instance of TrackedResource for resource:security_group_rule
Aug 31 11:32:43 ubuntu neutron-server[133947]: DEBUG neutron.api.v2.resource_helper [None req-abbe71f3-3c22-4458-88a9-1ebc37277db3 None None] Service FLAVORS assigned prefix:  {{(pid=133947) build_resource_info /opt/stack/neutron/neutron/api/v2/resource_helper.py:77}}
Aug 31 11:32:43 ubuntu neutron-server[133947]: DEBUG neutron.api.v2.resource_helper [None req-abbe71f3-3c22-4458-88a9-1ebc37277db3 None None] Service L3_ROUTER_NAT assigned prefix:  {{(pid=133947) build_resource_info /opt/stack/neutron/neutron/api/v2/resource_helper.py:77}}
Aug 31 11:32:43 ubuntu neutron-server[133947]: DEBUG neutron.api.v2.resource_helper [None req-abbe71f3-3c22-4458-88a9-1ebc37277db3 None None] Service L3_ROUTER_NAT assigned prefix:  {{(pid=133947) build_resource_info /opt/stack/neutron/neutron/api/v2/resource_helper.py:77}}
Aug 31 11:32:43 ubuntu neutron-server[133947]: INFO neutron.quota.resource_registry [None req-abbe71f3-3c22-4458-88a9-1ebc37277db3 None None] Creating instance of TrackedResource for resource:router
Aug 31 11:32:43 ubuntu neutron-server[133947]: WARNING neutron.quota.resource_registry [None req-abbe71f3-3c22-4458-88a9-1ebc37277db3 None None] router is already registered
Aug 31 11:32:43 ubuntu neutron-server[133947]: INFO neutron.quota.resource_registry [None req-abbe71f3-3c22-4458-88a9-1ebc37277db3 None None] Creating instance of TrackedResource for resource:floatingip
Aug 31 11:32:43 ubuntu neutron-server[133947]: WARNING neutron.quota.resource_registry [None req-abbe71f3-3c22-4458-88a9-1ebc37277db3 None None] floatingip is already registered
Aug 31 11:32:43 ubuntu neutron-server[133947]: INFO neutron.quota.resource_registry [None req-abbe71f3-3c22-4458-88a9-1ebc37277db3 None None] Creating instance of CountableResource for resource:rbac_policy
Aug 31 11:32:43 ubuntu neutron-server[133947]: WARNING neutron.quota.resource_registry [None req-abbe71f3-3c22-4458-88a9-1ebc37277db3 None None] rbac_policy is already registered
Aug 31 11:32:43 ubuntu neutron-server[133947]: INFO neutron.quota.resource_registry [None req-abbe71f3-3c22-4458-88a9-1ebc37277db3 None None] Creating instance of TrackedResource for resource:security_group
Aug 31 11:32:43 ubuntu neutron-server[133947]: WARNING neutron.quota.resource_registry [None req-abbe71f3-3c22-4458-88a9-1ebc37277db3 None None] security_group is already registered
Aug 31 11:32:43 ubuntu neutron-server[133947]: INFO neutron.quota.resource_registry [None req-abbe71f3-3c22-4458-88a9-1ebc37277db3 None None] Creating instance of TrackedResource for resource:security_group_rule
Aug 31 11:32:43 ubuntu neutron-server[133947]: WARNING neutron.quota.resource_registry [None req-abbe71f3-3c22-4458-88a9-1ebc37277db3 None None] security_group_rule is already registered
Aug 31 11:32:43 ubuntu neutron-server[133947]: DEBUG neutron.api.extensions [None req-abbe71f3-3c22-4458-88a9-1ebc37277db3 None None] Extended resource: extensions {{(pid=133947) __init__ /opt/stack/neutron/neutron/api/extensions.py:157}}
Aug 31 11:32:43 ubuntu neutron-server[133947]: DEBUG neutron.api.extensions [None req-abbe71f3-3c22-4458-88a9-1ebc37277db3 None None] Extended resource: address-groups {{(pid=133947) __init__ /opt/stack/neutron/neutron/api/extensions.py:157}}
Aug 31 11:32:43 ubuntu neutron-server[133947]: DEBUG neutron.api.extensions [None req-abbe71f3-3c22-4458-88a9-1ebc37277db3 None None] Extended resource: address-scopes {{(pid=133947) __init__ /opt/stack/neutron/neutron/api/extensions.py:157}}
Aug 31 11:32:43 ubuntu neutron-server[133947]: DEBUG neutron.api.extensions [None req-abbe71f3-3c22-4458-88a9-1ebc37277db3 None None] Extended resource: agents {{(pid=133947) __init__ /opt/stack/neutron/neutron/api/extensions.py:157}}
Aug 31 11:32:43 ubuntu neutron-server[133947]: DEBUG neutron.api.extensions [None req-abbe71f3-3c22-4458-88a9-1ebc37277db3 None None] Extended resource: auto-allocated-topology {{(pid=133947) __init__ /opt/stack/neutron/neutron/api/extensions.py:157}}
Aug 31 11:32:43 ubuntu neutron-server[133947]: DEBUG neutron.api.extensions [None req-abbe71f3-3c22-4458-88a9-1ebc37277db3 None None] Extended resource: availability_zones {{(pid=133947) __init__ /opt/stack/neutron/neutron/api/extensions.py:157}}
Aug 31 11:32:43 ubuntu neutron-server[133947]: DEBUG neutron.api.extensions [None req-abbe71f3-3c22-4458-88a9-1ebc37277db3 None None] Extended resource: flavors {{(pid=133947) __init__ /opt/stack/neutron/neutron/api/extensions.py:157}}
Aug 31 11:32:43 ubuntu neutron-server[133947]: DEBUG neutron.api.extensions [None req-abbe71f3-3c22-4458-88a9-1ebc37277db3 None None] Extended resource: service_profiles {{(pid=133947) __init__ /opt/stack/neutron/neutron/api/extensions.py:157}}
Aug 31 11:32:43 ubuntu neutron-server[133947]: DEBUG neutron.api.extensions [None req-abbe71f3-3c22-4458-88a9-1ebc37277db3 None None] Extended resource: next_providers {{(pid=133947) __init__ /opt/stack/neutron/neutron/api/extensions.py:157}}
Aug 31 11:32:43 ubuntu neutron-server[133947]: DEBUG neutron.api.extensions [None req-abbe71f3-3c22-4458-88a9-1ebc37277db3 None None] Extended resource: service_profiles {{(pid=133947) __init__ /opt/stack/neutron/neutron/api/extensions.py:157}}
Aug 31 11:32:43 ubuntu neutron-server[133947]: DEBUG neutron.api.extensions [None req-abbe71f3-3c22-4458-88a9-1ebc37277db3 None None] Extended resource: floatingip-pools {{(pid=133947) __init__ /opt/stack/neutron/neutron/api/extensions.py:157}}
Aug 31 11:32:43 ubuntu neutron-server[133947]: DEBUG neutron.api.extensions [None req-abbe71f3-3c22-4458-88a9-1ebc37277db3 None None] Extended resource: routers {{(pid=133947) __init__ /opt/stack/neutron/neutron/api/extensions.py:157}}
Aug 31 11:32:43 ubuntu neutron-server[133947]: DEBUG neutron.api.extensions [None req-abbe71f3-3c22-4458-88a9-1ebc37277db3 None None] Extended resource: floatingips {{(pid=133947) __init__ /opt/stack/neutron/neutron/api/extensions.py:157}}
Aug 31 11:32:43 ubuntu neutron-server[133947]: DEBUG neutron.api.extensions [None req-abbe71f3-3c22-4458-88a9-1ebc37277db3 None None] Extended resource: network-ip-availabilities {{(pid=133947) __init__ /opt/stack/neutron/neutron/api/extensions.py:157}}
Aug 31 11:32:43 ubuntu neutron-server[133947]: DEBUG neutron.api.extensions [None req-abbe71f3-3c22-4458-88a9-1ebc37277db3 None None] Extended resource: bindings {{(pid=133947) __init__ /opt/stack/neutron/neutron/api/extensions.py:157}}
Aug 31 11:32:43 ubuntu neutron-server[133947]: DEBUG neutron.api.extensions [None req-abbe71f3-3c22-4458-88a9-1ebc37277db3 None None] Extended resource: quotas {{(pid=133947) __init__ /opt/stack/neutron/neutron/api/extensions.py:157}}
Aug 31 11:32:43 ubuntu neutron-server[133947]: DEBUG neutron.api.extensions [None req-abbe71f3-3c22-4458-88a9-1ebc37277db3 None None] Extended resource: quotas {{(pid=133947) __init__ /opt/stack/neutron/neutron/api/extensions.py:157}}
Aug 31 11:32:43 ubuntu neutron-server[133947]: DEBUG neutron.api.extensions [None req-abbe71f3-3c22-4458-88a9-1ebc37277db3 None None] Extended resource: rbac-policies {{(pid=133947) __init__ /opt/stack/neutron/neutron/api/extensions.py:157}}
Aug 31 11:32:43 ubuntu neutron-server[133947]: DEBUG neutron.api.extensions [None req-abbe71f3-3c22-4458-88a9-1ebc37277db3 None None] Extended resource: security-groups {{(pid=133947) __init__ /opt/stack/neutron/neutron/api/extensions.py:157}}
Aug 31 11:32:43 ubuntu neutron-server[133947]: DEBUG neutron.api.extensions [None req-abbe71f3-3c22-4458-88a9-1ebc37277db3 None None] Extended resource: security-group-rules {{(pid=133947) __init__ /opt/stack/neutron/neutron/api/extensions.py:157}}
Aug 31 11:32:43 ubuntu neutron-server[133947]: DEBUG neutron.api.extensions [None req-abbe71f3-3c22-4458-88a9-1ebc37277db3 None None] Extended resource: service-providers {{(pid=133947) __init__ /opt/stack/neutron/neutron/api/extensions.py:157}}
Aug 31 11:32:43 ubuntu neutron-server[133947]: DEBUG neutron.api.extensions [None req-abbe71f3-3c22-4458-88a9-1ebc37277db3 None None] Extended resource: tags {{(pid=133947) __init__ /opt/stack/neutron/neutron/api/extensions.py:157}}
Aug 31 11:32:43 ubuntu neutron-server[133947]: DEBUG neutron.api.extensions [None req-abbe71f3-3c22-4458-88a9-1ebc37277db3 None None] Extended resource: tags {{(pid=133947) __init__ /opt/stack/neutron/neutron/api/extensions.py:157}}
Aug 31 11:32:43 ubuntu neutron-server[133947]: DEBUG neutron.api.extensions [None req-abbe71f3-3c22-4458-88a9-1ebc37277db3 None None] Extended resource: tags {{(pid=133947) __init__ /opt/stack/neutron/neutron/api/extensions.py:157}}
Aug 31 11:32:43 ubuntu neutron-server[133947]: DEBUG neutron.api.extensions [None req-abbe71f3-3c22-4458-88a9-1ebc37277db3 None None] Extended resource: tags {{(pid=133947) __init__ /opt/stack/neutron/neutron/api/extensions.py:157}}
Aug 31 11:32:43 ubuntu neutron-server[133947]: DEBUG neutron.api.extensions [None req-abbe71f3-3c22-4458-88a9-1ebc37277db3 None None] Extended resource: tags {{(pid=133947) __init__ /opt/stack/neutron/neutron/api/extensions.py:157}}
Aug 31 11:32:43 ubuntu neutron-server[133947]: DEBUG neutron.api.extensions [None req-abbe71f3-3c22-4458-88a9-1ebc37277db3 None None] Extended resource: tags {{(pid=133947) __init__ /opt/stack/neutron/neutron/api/extensions.py:157}}
Aug 31 11:32:43 ubuntu neutron-server[133947]: DEBUG neutron.api.extensions [None req-abbe71f3-3c22-4458-88a9-1ebc37277db3 None None] Extended resource: tags {{(pid=133947) __init__ /opt/stack/neutron/neutron/api/extensions.py:157}}
Aug 31 11:32:43 ubuntu neutron-server[133947]: DEBUG neutron.api.extensions [None req-abbe71f3-3c22-4458-88a9-1ebc37277db3 None None] Extended resource: tags {{(pid=133947) __init__ /opt/stack/neutron/neutron/api/extensions.py:157}}
Aug 31 11:32:43 ubuntu neutron-server[133947]: DEBUG neutron.api.extensions [None req-abbe71f3-3c22-4458-88a9-1ebc37277db3 None None] Extended resource: tags {{(pid=133947) __init__ /opt/stack/neutron/neutron/api/extensions.py:157}}
Aug 31 11:32:43 ubuntu neutron-server[133947]: DEBUG neutron.api.extensions [None req-abbe71f3-3c22-4458-88a9-1ebc37277db3 None None] Extended resource: tags {{(pid=133947) __init__ /opt/stack/neutron/neutron/api/extensions.py:157}}
Aug 31 11:32:43 ubuntu neutron-server[133947]: WARNING keystonemiddleware.auth_token [None req-abbe71f3-3c22-4458-88a9-1ebc37277db3 None None] AuthToken middleware is set with keystone_authtoken.service_token_roles_required set to False. This is backwards compatible but deprecated behaviour. Please set this to True.
Aug 31 11:32:43 ubuntu neutron-server[133947]: WARNING keystonemiddleware.auth_token [None req-abbe71f3-3c22-4458-88a9-1ebc37277db3 None None] Configuring www_authenticate_uri to point to the public identity endpoint is required; clients may not be able to authenticate against an admin endpoint
Aug 31 11:32:43 ubuntu neutron-server[133947]: DEBUG oslo_concurrency.lockutils [None req-abbe71f3-3c22-4458-88a9-1ebc37277db3 None None] Acquiring lock "singleton_lock" {{(pid=133947) lock /usr/local/lib/python3.8/dist-packages/oslo_concurrency/lockutils.py:293}}
Aug 31 11:32:43 ubuntu neutron-server[133947]: DEBUG oslo_concurrency.lockutils [None req-abbe71f3-3c22-4458-88a9-1ebc37277db3 None None] Acquired lock "singleton_lock" {{(pid=133947) lock /usr/local/lib/python3.8/dist-packages/oslo_concurrency/lockutils.py:296}}
Aug 31 11:32:43 ubuntu neutron-server[133947]: DEBUG oslo_concurrency.lockutils [None req-abbe71f3-3c22-4458-88a9-1ebc37277db3 None None] Releasing lock "singleton_lock" {{(pid=133947) lock /usr/local/lib/python3.8/dist-packages/oslo_concurrency/lockutils.py:314}}
Aug 31 11:32:43 ubuntu neutron-server[133947]: INFO oslo_service.service [None req-abbe71f3-3c22-4458-88a9-1ebc37277db3 None None] Starting 2 workers
Aug 31 11:32:43 ubuntu neutron-server[133947]: DEBUG oslo_service.service [None req-abbe71f3-3c22-4458-88a9-1ebc37277db3 None None] Started child 134192 {{(pid=133947) _start_child /usr/local/lib/python3.8/dist-packages/oslo_service/service.py:575}}
Aug 31 11:32:43 ubuntu neutron-server[133947]: DEBUG oslo_service.service [None req-abbe71f3-3c22-4458-88a9-1ebc37277db3 None None] Started child 134193 {{(pid=133947) _start_child /usr/local/lib/python3.8/dist-packages/oslo_service/service.py:575}}
Aug 31 11:32:43 ubuntu neutron-server[134192]: DEBUG neutron_lib.callbacks.manager [-] Publish callbacks ['neutron.plugins.ml2.drivers.ovn.mech_driver.mech_driver.OVNMechanismDriver.post_fork_initialize-1731880'] for process (None), after_init {{(pid=134192) _notify_loop /usr/local/lib/python3.8/dist-packages/neutron_lib/callbacks/manager.py:176}}
Aug 31 11:32:43 ubuntu neutron-server[133947]: INFO neutron.service [None req-abbe71f3-3c22-4458-88a9-1ebc37277db3 None None] Neutron service started, listening on 0.0.0.0:9696
Aug 31 11:32:43 ubuntu neutron-server[133947]: DEBUG neutron_lib.callbacks.manager [None req-abbe71f3-3c22-4458-88a9-1ebc37277db3 None None] Publish callbacks ['neutron.plugins.ml2.drivers.ovn.mech_driver.mech_driver.OVNMechanismDriver.pre_fork_initialize-1732044'] for process (None), before_spawn {{(pid=133947) _notify_loop /usr/local/lib/python3.8/dist-packages/neutron_lib/callbacks/manager.py:176}}
Aug 31 11:32:43 ubuntu neutron-server[134193]: DEBUG neutron_lib.callbacks.manager [-] Publish callbacks ['neutron.plugins.ml2.drivers.ovn.mech_driver.mech_driver.OVNMechanismDriver.post_fork_initialize-1731880'] for process (None), after_init {{(pid=134193) _notify_loop /usr/local/lib/python3.8/dist-packages/neutron_lib/callbacks/manager.py:176}}
Aug 31 11:32:43 ubuntu neutron-server[134192]: DEBUG dbcounter [-] [134192] Writer thread running {{(pid=134192) stat_writer /usr/local/lib/python3.8/dist-packages/dbcounter.py:99}}
Aug 31 11:32:43 ubuntu neutron-server[134193]: DEBUG dbcounter [-] [134193] Writer thread running {{(pid=134193) stat_writer /usr/local/lib/python3.8/dist-packages/dbcounter.py:99}}
Aug 31 11:32:43 ubuntu neutron-server[133947]: DEBUG ovsdbapp.backend.ovs_idl [None req-abbe71f3-3c22-4458-88a9-1ebc37277db3 None None] Created schema index Port_Group.name {{(pid=133947) autocreate_indices /usr/local/lib/python3.8/dist-packages/ovsdbapp/backend/ovs_idl/__init__.py:104}}
Aug 31 11:32:43 ubuntu neutron-server[133947]: DEBUG ovsdbapp.backend.ovs_idl [None req-abbe71f3-3c22-4458-88a9-1ebc37277db3 None None] Created schema index Logical_Switch_Port.name {{(pid=133947) autocreate_indices /usr/local/lib/python3.8/dist-packages/ovsdbapp/backend/ovs_idl/__init__.py:104}}
Aug 31 11:32:43 ubuntu neutron-server[134193]: INFO neutron.plugins.ml2.drivers.ovn.mech_driver.ovsdb.impl_idl_ovn [None req-b7c0b9b1-ffa6-476b-b31d-d806c56f8205 None None] Getting OvsdbNbOvnIdl for WorkerService with retry
Aug 31 11:32:43 ubuntu neutron-server[134192]: INFO neutron.plugins.ml2.drivers.ovn.mech_driver.ovsdb.impl_idl_ovn [None req-3ec3f8d6-eb1f-437b-b3a1-83e99b0f8deb None None] Getting OvsdbNbOvnIdl for WorkerService with retry
Aug 31 11:32:43 ubuntu neutron-server[133947]: DEBUG ovsdbapp.backend.ovs_idl.transaction [-] Running txn n=1 command(idx=0): PgAddCommand(name=neutron_pg_drop, may_exist=True, columns={'acls': []}) {{(pid=133947) do_commit /usr/local/lib/python3.8/dist-packages/ovsdbapp/backend/ovs_idl/transaction.py:90}}
Aug 31 11:32:43 ubuntu neutron-server[133947]: DEBUG ovsdbapp.backend.ovs_idl.transaction [-] Running txn n=1 command(idx=1): PgAclAddCommand(entity=neutron_pg_drop, direction=from-lport, priority=1001, match=inport == @neutron_pg_drop && ip, action=drop, log=False, may_exist=True, severity=[], name=[], meter=None, external_ids={}) {{(pid=133947) do_commit /usr/local/lib/python3.8/dist-packages/ovsdbapp/backend/ovs_idl/transaction.py:90}}
Aug 31 11:32:43 ubuntu neutron-server[133947]: DEBUG ovsdbapp.backend.ovs_idl.transaction [-] Running txn n=1 command(idx=2): PgAclAddCommand(entity=neutron_pg_drop, direction=to-lport, priority=1001, match=outport == @neutron_pg_drop && ip, action=drop, log=False, may_exist=True, severity=[], name=[], meter=None, external_ids={}) {{(pid=133947) do_commit /usr/local/lib/python3.8/dist-packages/ovsdbapp/backend/ovs_idl/transaction.py:90}}
Aug 31 11:32:43 ubuntu neutron-server[133947]: DEBUG ovsdbapp.backend.ovs_idl.event [-] Matched CREATE: NeutronPgDropPortGroupCreated(events=('create',), table='Port_Group', conditions=(('name', '=', 'neutron_pg_drop'),), old_conditions=None), priority=10 to row=Port_Group(name=neutron_pg_drop, ports=[], external_ids={}, acls=[<ovs.db.idl.Row object at 0x7f6068a212b0>, <ovs.db.idl.Row object at 0x7f6068a0c5b0>]) old= {{(pid=133947) matches /usr/local/lib/python3.8/dist-packages/ovsdbapp/backend/ovs_idl/event.py:43}}
Aug 31 11:32:43 ubuntu neutron-server[134192]: DEBUG ovsdbapp.backend.ovs_idl [None req-3ec3f8d6-eb1f-437b-b3a1-83e99b0f8deb None None] Created lookup_table index Logical_Switch.name {{(pid=134192) autocreate_indices /usr/local/lib/python3.8/dist-packages/ovsdbapp/backend/ovs_idl/__init__.py:85}}
Aug 31 11:32:43 ubuntu neutron-server[134192]: DEBUG ovsdbapp.backend.ovs_idl [None req-3ec3f8d6-eb1f-437b-b3a1-83e99b0f8deb None None] Created lookup_table index Logical_Router.name {{(pid=134192) autocreate_indices /usr/local/lib/python3.8/dist-packages/ovsdbapp/backend/ovs_idl/__init__.py:85}}
Aug 31 11:32:43 ubuntu neutron-server[134192]: DEBUG ovsdbapp.backend.ovs_idl [None req-3ec3f8d6-eb1f-437b-b3a1-83e99b0f8deb None None] Created lookup_table index Load_Balancer.name {{(pid=134192) autocreate_indices /usr/local/lib/python3.8/dist-packages/ovsdbapp/backend/ovs_idl/__init__.py:85}}
Aug 31 11:32:43 ubuntu neutron-server[134192]: DEBUG ovsdbapp.backend.ovs_idl [None req-3ec3f8d6-eb1f-437b-b3a1-83e99b0f8deb None None] Created schema index Meter.name {{(pid=134192) autocreate_indices /usr/local/lib/python3.8/dist-packages/ovsdbapp/backend/ovs_idl/__init__.py:104}}
Aug 31 11:32:43 ubuntu neutron-server[134193]: DEBUG ovsdbapp.backend.ovs_idl [None req-b7c0b9b1-ffa6-476b-b31d-d806c56f8205 None None] Created lookup_table index Logical_Switch.name {{(pid=134193) autocreate_indices /usr/local/lib/python3.8/dist-packages/ovsdbapp/backend/ovs_idl/__init__.py:85}}
Aug 31 11:32:43 ubuntu neutron-server[134192]: DEBUG ovsdbapp.backend.ovs_idl [None req-3ec3f8d6-eb1f-437b-b3a1-83e99b0f8deb None None] Created schema index Address_Set.name {{(pid=134192) autocreate_indices /usr/local/lib/python3.8/dist-packages/ovsdbapp/backend/ovs_idl/__init__.py:104}}
Aug 31 11:32:43 ubuntu neutron-server[134192]: DEBUG ovsdbapp.backend.ovs_idl [None req-3ec3f8d6-eb1f-437b-b3a1-83e99b0f8deb None None] Created schema index HA_Chassis_Group.name {{(pid=134192) autocreate_indices /usr/local/lib/python3.8/dist-packages/ovsdbapp/backend/ovs_idl/__init__.py:104}}
Aug 31 11:32:43 ubuntu neutron-server[134192]: DEBUG ovsdbapp.backend.ovs_idl [None req-3ec3f8d6-eb1f-437b-b3a1-83e99b0f8deb None None] Created schema index Connection.target {{(pid=134192) autocreate_indices /usr/local/lib/python3.8/dist-packages/ovsdbapp/backend/ovs_idl/__init__.py:104}}
Aug 31 11:32:43 ubuntu neutron-server[134192]: DEBUG ovsdbapp.backend.ovs_idl [None req-3ec3f8d6-eb1f-437b-b3a1-83e99b0f8deb None None] Created schema index Gateway_Chassis.name {{(pid=134192) autocreate_indices /usr/local/lib/python3.8/dist-packages/ovsdbapp/backend/ovs_idl/__init__.py:104}}
Aug 31 11:32:43 ubuntu neutron-server[134192]: DEBUG ovsdbapp.backend.ovs_idl [None req-3ec3f8d6-eb1f-437b-b3a1-83e99b0f8deb None None] Created schema index Logical_Router_Port.name {{(pid=134192) autocreate_indices /usr/local/lib/python3.8/dist-packages/ovsdbapp/backend/ovs_idl/__init__.py:104}}
Aug 31 11:32:43 ubuntu neutron-server[134192]: DEBUG ovsdbapp.backend.ovs_idl [None req-3ec3f8d6-eb1f-437b-b3a1-83e99b0f8deb None None] Created schema index Port_Group.name {{(pid=134192) autocreate_indices /usr/local/lib/python3.8/dist-packages/ovsdbapp/backend/ovs_idl/__init__.py:104}}
Aug 31 11:32:43 ubuntu neutron-server[134192]: DEBUG ovsdbapp.backend.ovs_idl [None req-3ec3f8d6-eb1f-437b-b3a1-83e99b0f8deb None None] Created schema index Logical_Switch_Port.name {{(pid=134192) autocreate_indices /usr/local/lib/python3.8/dist-packages/ovsdbapp/backend/ovs_idl/__init__.py:104}}
Aug 31 11:32:43 ubuntu neutron-server[134193]: DEBUG ovsdbapp.backend.ovs_idl [None req-b7c0b9b1-ffa6-476b-b31d-d806c56f8205 None None] Created lookup_table index Logical_Router.name {{(pid=134193) autocreate_indices /usr/local/lib/python3.8/dist-packages/ovsdbapp/backend/ovs_idl/__init__.py:85}}
Aug 31 11:32:43 ubuntu neutron-server[134192]: INFO ovsdbapp.backend.ovs_idl.vlog [None req-3ec3f8d6-eb1f-437b-b3a1-83e99b0f8deb None None] tcp:192.168.79.43:6641: connecting...
Aug 31 11:32:43 ubuntu neutron-server[134193]: DEBUG ovsdbapp.backend.ovs_idl [None req-b7c0b9b1-ffa6-476b-b31d-d806c56f8205 None None] Created lookup_table index Load_Balancer.name {{(pid=134193) autocreate_indices /usr/local/lib/python3.8/dist-packages/ovsdbapp/backend/ovs_idl/__init__.py:85}}
Aug 31 11:32:43 ubuntu neutron-server[134192]: INFO ovsdbapp.backend.ovs_idl.vlog [None req-3ec3f8d6-eb1f-437b-b3a1-83e99b0f8deb None None] tcp:192.168.79.43:6641: connected
Aug 31 11:32:43 ubuntu neutron-server[134193]: DEBUG ovsdbapp.backend.ovs_idl [None req-b7c0b9b1-ffa6-476b-b31d-d806c56f8205 None None] Created schema index Meter.name {{(pid=134193) autocreate_indices /usr/local/lib/python3.8/dist-packages/ovsdbapp/backend/ovs_idl/__init__.py:104}}
Aug 31 11:32:43 ubuntu neutron-server[134193]: DEBUG ovsdbapp.backend.ovs_idl [None req-b7c0b9b1-ffa6-476b-b31d-d806c56f8205 None None] Created schema index Address_Set.name {{(pid=134193) autocreate_indices /usr/local/lib/python3.8/dist-packages/ovsdbapp/backend/ovs_idl/__init__.py:104}}
Aug 31 11:32:43 ubuntu neutron-server[134193]: DEBUG ovsdbapp.backend.ovs_idl [None req-b7c0b9b1-ffa6-476b-b31d-d806c56f8205 None None] Created schema index HA_Chassis_Group.name {{(pid=134193) autocreate_indices /usr/local/lib/python3.8/dist-packages/ovsdbapp/backend/ovs_idl/__init__.py:104}}
Aug 31 11:32:43 ubuntu neutron-server[134193]: DEBUG ovsdbapp.backend.ovs_idl [None req-b7c0b9b1-ffa6-476b-b31d-d806c56f8205 None None] Created schema index Connection.target {{(pid=134193) autocreate_indices /usr/local/lib/python3.8/dist-packages/ovsdbapp/backend/ovs_idl/__init__.py:104}}
Aug 31 11:32:43 ubuntu neutron-server[134193]: DEBUG ovsdbapp.backend.ovs_idl [None req-b7c0b9b1-ffa6-476b-b31d-d806c56f8205 None None] Created schema index Gateway_Chassis.name {{(pid=134193) autocreate_indices /usr/local/lib/python3.8/dist-packages/ovsdbapp/backend/ovs_idl/__init__.py:104}}
Aug 31 11:32:43 ubuntu neutron-server[134193]: DEBUG ovsdbapp.backend.ovs_idl [None req-b7c0b9b1-ffa6-476b-b31d-d806c56f8205 None None] Created schema index Logical_Router_Port.name {{(pid=134193) autocreate_indices /usr/local/lib/python3.8/dist-packages/ovsdbapp/backend/ovs_idl/__init__.py:104}}
Aug 31 11:32:43 ubuntu neutron-server[134193]: DEBUG ovsdbapp.backend.ovs_idl [None req-b7c0b9b1-ffa6-476b-b31d-d806c56f8205 None None] Created schema index Port_Group.name {{(pid=134193) autocreate_indices /usr/local/lib/python3.8/dist-packages/ovsdbapp/backend/ovs_idl/__init__.py:104}}
Aug 31 11:32:43 ubuntu neutron-server[134193]: DEBUG ovsdbapp.backend.ovs_idl [None req-b7c0b9b1-ffa6-476b-b31d-d806c56f8205 None None] Created schema index Logical_Switch_Port.name {{(pid=134193) autocreate_indices /usr/local/lib/python3.8/dist-packages/ovsdbapp/backend/ovs_idl/__init__.py:104}}
Aug 31 11:32:43 ubuntu neutron-server[133947]: DEBUG ovsdbapp.backend.ovs_idl [None req-abbe71f3-3c22-4458-88a9-1ebc37277db3 None None] Created lookup_table index Logical_Switch.name {{(pid=133947) autocreate_indices /usr/local/lib/python3.8/dist-packages/ovsdbapp/backend/ovs_idl/__init__.py:85}}
Aug 31 11:32:43 ubuntu neutron-server[133947]: DEBUG ovsdbapp.backend.ovs_idl [None req-abbe71f3-3c22-4458-88a9-1ebc37277db3 None None] Created lookup_table index Logical_Router.name {{(pid=133947) autocreate_indices /usr/local/lib/python3.8/dist-packages/ovsdbapp/backend/ovs_idl/__init__.py:85}}
Aug 31 11:32:43 ubuntu neutron-server[133947]: DEBUG ovsdbapp.backend.ovs_idl [None req-abbe71f3-3c22-4458-88a9-1ebc37277db3 None None] Created lookup_table index Load_Balancer.name {{(pid=133947) autocreate_indices /usr/local/lib/python3.8/dist-packages/ovsdbapp/backend/ovs_idl/__init__.py:85}}
Aug 31 11:32:43 ubuntu neutron-server[134193]: INFO ovsdbapp.backend.ovs_idl.vlog [None req-b7c0b9b1-ffa6-476b-b31d-d806c56f8205 None None] tcp:192.168.79.43:6641: connecting...
Aug 31 11:32:43 ubuntu neutron-server[133947]: DEBUG ovsdbapp.backend.ovs_idl [None req-abbe71f3-3c22-4458-88a9-1ebc37277db3 None None] Created schema index Meter.name {{(pid=133947) autocreate_indices /usr/local/lib/python3.8/dist-packages/ovsdbapp/backend/ovs_idl/__init__.py:104}}
Aug 31 11:32:43 ubuntu neutron-server[133947]: DEBUG ovsdbapp.backend.ovs_idl [None req-abbe71f3-3c22-4458-88a9-1ebc37277db3 None None] Created schema index Address_Set.name {{(pid=133947) autocreate_indices /usr/local/lib/python3.8/dist-packages/ovsdbapp/backend/ovs_idl/__init__.py:104}}
Aug 31 11:32:43 ubuntu neutron-server[133947]: DEBUG ovsdbapp.backend.ovs_idl [None req-abbe71f3-3c22-4458-88a9-1ebc37277db3 None None] Created schema index HA_Chassis_Group.name {{(pid=133947) autocreate_indices /usr/local/lib/python3.8/dist-packages/ovsdbapp/backend/ovs_idl/__init__.py:104}}
Aug 31 11:32:43 ubuntu neutron-server[133947]: DEBUG ovsdbapp.backend.ovs_idl [None req-abbe71f3-3c22-4458-88a9-1ebc37277db3 None None] Created schema index Connection.target {{(pid=133947) autocreate_indices /usr/local/lib/python3.8/dist-packages/ovsdbapp/backend/ovs_idl/__init__.py:104}}
Aug 31 11:32:43 ubuntu neutron-server[133947]: DEBUG ovsdbapp.backend.ovs_idl [None req-abbe71f3-3c22-4458-88a9-1ebc37277db3 None None] Created schema index Gateway_Chassis.name {{(pid=133947) autocreate_indices /usr/local/lib/python3.8/dist-packages/ovsdbapp/backend/ovs_idl/__init__.py:104}}
Aug 31 11:32:43 ubuntu neutron-server[133947]: DEBUG ovsdbapp.backend.ovs_idl [None req-abbe71f3-3c22-4458-88a9-1ebc37277db3 None None] Created schema index Logical_Router_Port.name {{(pid=133947) autocreate_indices /usr/local/lib/python3.8/dist-packages/ovsdbapp/backend/ovs_idl/__init__.py:104}}
Aug 31 11:32:43 ubuntu neutron-server[133947]: DEBUG ovsdbapp.backend.ovs_idl [None req-abbe71f3-3c22-4458-88a9-1ebc37277db3 None None] Created schema index Port_Group.name {{(pid=133947) autocreate_indices /usr/local/lib/python3.8/dist-packages/ovsdbapp/backend/ovs_idl/__init__.py:104}}
Aug 31 11:32:43 ubuntu neutron-server[133947]: DEBUG ovsdbapp.backend.ovs_idl [None req-abbe71f3-3c22-4458-88a9-1ebc37277db3 None None] Created schema index Logical_Switch_Port.name {{(pid=133947) autocreate_indices /usr/local/lib/python3.8/dist-packages/ovsdbapp/backend/ovs_idl/__init__.py:104}}
Aug 31 11:32:43 ubuntu neutron-server[134193]: INFO ovsdbapp.backend.ovs_idl.vlog [None req-b7c0b9b1-ffa6-476b-b31d-d806c56f8205 None None] tcp:192.168.79.43:6641: connected
Aug 31 11:32:43 ubuntu neutron-server[134192]: DEBUG neutron.common.ovn.hash_ring_manager [None req-3ec3f8d6-eb1f-437b-b3a1-83e99b0f8deb None None] Allow caching, nodes 2>=2 {{(pid=134192) _wait_startup_before_caching /opt/stack/neutron/neutron/common/ovn/hash_ring_manager.py:60}}
Aug 31 11:32:43 ubuntu neutron-server[133947]: DEBUG ovsdbapp.backend.ovs_idl [None req-abbe71f3-3c22-4458-88a9-1ebc37277db3 None None] Created lookup_table index Chassis.name {{(pid=133947) autocreate_indices /usr/local/lib/python3.8/dist-packages/ovsdbapp/backend/ovs_idl/__init__.py:85}}
Aug 31 11:32:43 ubuntu neutron-server[134192]: DEBUG neutron.plugins.ml2.drivers.ovn.mech_driver.ovsdb.ovsdb_monitor [None req-3ec3f8d6-eb1f-437b-b3a1-83e99b0f8deb None None] Hash Ring: Node 9aa15260-4e15-42f9-8469-95165acf6b28 (host: ubuntu) handling event "create" for row b12722c5-eeaf-46ce-b3ba-293d5b026f32 (table: Port_Group) {{(pid=134192) notify /opt/stack/neutron/neutron/plugins/ml2/drivers/ovn/mech_driver/ovsdb/ovsdb_monitor.py:743}}
Aug 31 11:32:43 ubuntu neutron-server[133947]: DEBUG ovsdbapp.backend.ovs_idl [None req-abbe71f3-3c22-4458-88a9-1ebc37277db3 None None] Created lookup_table index MAC_Binding.ip {{(pid=133947) autocreate_indices /usr/local/lib/python3.8/dist-packages/ovsdbapp/backend/ovs_idl/__init__.py:85}}
Aug 31 11:32:43 ubuntu neutron-server[133947]: DEBUG ovsdbapp.backend.ovs_idl [None req-abbe71f3-3c22-4458-88a9-1ebc37277db3 None None] Created schema index Meter.name {{(pid=133947) autocreate_indices /usr/local/lib/python3.8/dist-packages/ovsdbapp/backend/ovs_idl/__init__.py:104}}
Aug 31 11:32:43 ubuntu neutron-server[133947]: DEBUG ovsdbapp.backend.ovs_idl [None req-abbe71f3-3c22-4458-88a9-1ebc37277db3 None None] Created schema index Address_Set.name {{(pid=133947) autocreate_indices /usr/local/lib/python3.8/dist-packages/ovsdbapp/backend/ovs_idl/__init__.py:104}}
Aug 31 11:32:43 ubuntu neutron-server[133947]: DEBUG ovsdbapp.backend.ovs_idl [None req-abbe71f3-3c22-4458-88a9-1ebc37277db3 None None] Created schema index HA_Chassis_Group.name {{(pid=133947) autocreate_indices /usr/local/lib/python3.8/dist-packages/ovsdbapp/backend/ovs_idl/__init__.py:104}}
Aug 31 11:32:43 ubuntu neutron-server[134192]: DEBUG neutron.plugins.ml2.drivers.ovn.mech_driver.ovsdb.ovsdb_monitor [None req-3ec3f8d6-eb1f-437b-b3a1-83e99b0f8deb None None] Hash Ring: Node 9aa15260-4e15-42f9-8469-95165acf6b28 (host: ubuntu) handling event "create" for row 58ec8a9a-6680-4327-b2f6-8c7e6c813cfc (table: ACL) {{(pid=134192) notify /opt/stack/neutron/neutron/plugins/ml2/drivers/ovn/mech_driver/ovsdb/ovsdb_monitor.py:743}}
Aug 31 11:32:43 ubuntu neutron-server[133947]: DEBUG ovsdbapp.backend.ovs_idl [None req-abbe71f3-3c22-4458-88a9-1ebc37277db3 None None] Created schema index IP_Multicast.datapath {{(pid=133947) autocreate_indices /usr/local/lib/python3.8/dist-packages/ovsdbapp/backend/ovs_idl/__init__.py:104}}
Aug 31 11:32:43 ubuntu neutron-server[133947]: DEBUG ovsdbapp.backend.ovs_idl [None req-abbe71f3-3c22-4458-88a9-1ebc37277db3 None None] Created schema index Connection.target {{(pid=133947) autocreate_indices /usr/local/lib/python3.8/dist-packages/ovsdbapp/backend/ovs_idl/__init__.py:104}}
Aug 31 11:32:43 ubuntu neutron-server[133947]: DEBUG ovsdbapp.backend.ovs_idl [None req-abbe71f3-3c22-4458-88a9-1ebc37277db3 None None] Created schema index Gateway_Chassis.name {{(pid=133947) autocreate_indices /usr/local/lib/python3.8/dist-packages/ovsdbapp/backend/ovs_idl/__init__.py:104}}
Aug 31 11:32:43 ubuntu neutron-server[134192]: DEBUG neutron.plugins.ml2.drivers.ovn.mech_driver.ovsdb.ovsdb_monitor [None req-3ec3f8d6-eb1f-437b-b3a1-83e99b0f8deb None None] Hash Ring: Node 9aa15260-4e15-42f9-8469-95165acf6b28 (host: ubuntu) handling event "create" for row 07480687-f7b5-43f0-91c3-c84ea09a309f (table: ACL) {{(pid=134192) notify /opt/stack/neutron/neutron/plugins/ml2/drivers/ovn/mech_driver/ovsdb/ovsdb_monitor.py:743}}
Aug 31 11:32:43 ubuntu neutron-server[133947]: DEBUG ovsdbapp.backend.ovs_idl [None req-abbe71f3-3c22-4458-88a9-1ebc37277db3 None None] Created schema index Port_Group.name {{(pid=133947) autocreate_indices /usr/local/lib/python3.8/dist-packages/ovsdbapp/backend/ovs_idl/__init__.py:104}}
Aug 31 11:32:43 ubuntu neutron-server[133947]: DEBUG ovsdbapp.backend.ovs_idl [None req-abbe71f3-3c22-4458-88a9-1ebc37277db3 None None] Created schema index Datapath_Binding.tunnel_key {{(pid=133947) autocreate_indices /usr/local/lib/python3.8/dist-packages/ovsdbapp/backend/ovs_idl/__init__.py:104}}
Aug 31 11:32:43 ubuntu neutron-server[134192]: INFO neutron.plugins.ml2.drivers.ovn.mech_driver.ovsdb.impl_idl_ovn [None req-3ec3f8d6-eb1f-437b-b3a1-83e99b0f8deb None None] Getting OvsdbSbOvnIdl for WorkerService with retry
Aug 31 11:32:43 ubuntu neutron-server[134193]: DEBUG neutron.common.ovn.hash_ring_manager [None req-b7c0b9b1-ffa6-476b-b31d-d806c56f8205 None None] Allow caching, nodes 2>=2 {{(pid=134193) _wait_startup_before_caching /opt/stack/neutron/neutron/common/ovn/hash_ring_manager.py:60}}
Aug 31 11:32:43 ubuntu neutron-server[134192]: DEBUG ovsdbapp.backend.ovs_idl [None req-3ec3f8d6-eb1f-437b-b3a1-83e99b0f8deb None None] Created lookup_table index Chassis.name {{(pid=134192) autocreate_indices /usr/local/lib/python3.8/dist-packages/ovsdbapp/backend/ovs_idl/__init__.py:85}}
Aug 31 11:32:43 ubuntu neutron-server[134192]: DEBUG ovsdbapp.backend.ovs_idl [None req-3ec3f8d6-eb1f-437b-b3a1-83e99b0f8deb None None] Created schema index Datapath_Binding.tunnel_key {{(pid=134192) autocreate_indices /usr/local/lib/python3.8/dist-packages/ovsdbapp/backend/ovs_idl/__init__.py:104}}
Aug 31 11:32:43 ubuntu neutron-server[134192]: DEBUG ovsdbapp.backend.ovs_idl [None req-3ec3f8d6-eb1f-437b-b3a1-83e99b0f8deb None None] Created schema index Connection.target {{(pid=134192) autocreate_indices /usr/local/lib/python3.8/dist-packages/ovsdbapp/backend/ovs_idl/__init__.py:104}}
Aug 31 11:32:43 ubuntu neutron-server[134192]: INFO ovsdbapp.backend.ovs_idl.vlog [None req-3ec3f8d6-eb1f-437b-b3a1-83e99b0f8deb None None] tcp:192.168.79.43:6642: connecting...
Aug 31 11:32:43 ubuntu neutron-server[134192]: INFO ovsdbapp.backend.ovs_idl.vlog [None req-3ec3f8d6-eb1f-437b-b3a1-83e99b0f8deb None None] tcp:192.168.79.43:6642: connected
Aug 31 11:32:43 ubuntu neutron-server[134193]: DEBUG neutron.plugins.ml2.drivers.ovn.mech_driver.ovsdb.ovsdb_monitor [None req-b7c0b9b1-ffa6-476b-b31d-d806c56f8205 None None] Hash Ring: Node 4f219bc2-7d36-4d4f-91c2-c9f5a3fde87d (host: ubuntu) handling event "create" for row 0a60be9a-103f-42a2-b899-12a19c496ae9 (table: Database) {{(pid=134193) notify /opt/stack/neutron/neutron/plugins/ml2/drivers/ovn/mech_driver/ovsdb/ovsdb_monitor.py:743}}
Aug 31 11:32:43 ubuntu neutron-server[134193]: DEBUG neutron.plugins.ml2.drivers.ovn.mech_driver.ovsdb.ovsdb_monitor [None req-b7c0b9b1-ffa6-476b-b31d-d806c56f8205 None None] Hash Ring: Node 4f219bc2-7d36-4d4f-91c2-c9f5a3fde87d (host: ubuntu) handling event "create" for row e798c66f-c1c6-4c25-b7ec-f39b44bfba39 (table: Database) {{(pid=134193) notify /opt/stack/neutron/neutron/plugins/ml2/drivers/ovn/mech_driver/ovsdb/ovsdb_monitor.py:743}}
Aug 31 11:32:43 ubuntu neutron-server[134193]: DEBUG neutron.plugins.ml2.drivers.ovn.mech_driver.ovsdb.ovsdb_monitor [None req-b7c0b9b1-ffa6-476b-b31d-d806c56f8205 None None] Hash Ring: Node 4f219bc2-7d36-4d4f-91c2-c9f5a3fde87d (host: ubuntu) handling event "create" for row c2ccfec9-499d-4f98-b542-4da724c6cf18 (table: NB_Global) {{(pid=134193) notify /opt/stack/neutron/neutron/plugins/ml2/drivers/ovn/mech_driver/ovsdb/ovsdb_monitor.py:743}}
Aug 31 11:32:43 ubuntu neutron-server[134193]: DEBUG neutron.plugins.ml2.drivers.ovn.mech_driver.ovsdb.ovsdb_monitor [None req-b7c0b9b1-ffa6-476b-b31d-d806c56f8205 None None] Hash Ring: Node 4f219bc2-7d36-4d4f-91c2-c9f5a3fde87d (host: ubuntu) handling event "create" for row 321bc03f-8fb8-4d89-b306-1596fecdcaa0 (table: Connection) {{(pid=134193) notify /opt/stack/neutron/neutron/plugins/ml2/drivers/ovn/mech_driver/ovsdb/ovsdb_monitor.py:743}}
Aug 31 11:32:43 ubuntu neutron-server[134193]: INFO neutron.plugins.ml2.drivers.ovn.mech_driver.ovsdb.impl_idl_ovn [None req-b7c0b9b1-ffa6-476b-b31d-d806c56f8205 None None] Getting OvsdbSbOvnIdl for WorkerService with retry
Aug 31 11:32:43 ubuntu neutron-server[133947]: INFO oslo_service.service [None req-abbe71f3-3c22-4458-88a9-1ebc37277db3 None None] Starting 1 workers
Aug 31 11:32:43 ubuntu neutron-server[134193]: DEBUG ovsdbapp.backend.ovs_idl [None req-b7c0b9b1-ffa6-476b-b31d-d806c56f8205 None None] Created lookup_table index Chassis.name {{(pid=134193) autocreate_indices /usr/local/lib/python3.8/dist-packages/ovsdbapp/backend/ovs_idl/__init__.py:85}}
Aug 31 11:32:43 ubuntu neutron-server[134193]: DEBUG ovsdbapp.backend.ovs_idl [None req-b7c0b9b1-ffa6-476b-b31d-d806c56f8205 None None] Created schema index Datapath_Binding.tunnel_key {{(pid=134193) autocreate_indices /usr/local/lib/python3.8/dist-packages/ovsdbapp/backend/ovs_idl/__init__.py:104}}
Aug 31 11:32:43 ubuntu neutron-server[134193]: DEBUG ovsdbapp.backend.ovs_idl [None req-b7c0b9b1-ffa6-476b-b31d-d806c56f8205 None None] Created schema index Connection.target {{(pid=134193) autocreate_indices /usr/local/lib/python3.8/dist-packages/ovsdbapp/backend/ovs_idl/__init__.py:104}}
Aug 31 11:32:43 ubuntu neutron-server[134193]: INFO ovsdbapp.backend.ovs_idl.vlog [None req-b7c0b9b1-ffa6-476b-b31d-d806c56f8205 None None] tcp:192.168.79.43:6642: connecting...
Aug 31 11:32:43 ubuntu neutron-server[134193]: INFO ovsdbapp.backend.ovs_idl.vlog [None req-b7c0b9b1-ffa6-476b-b31d-d806c56f8205 None None] tcp:192.168.79.43:6642: connected
Aug 31 11:32:43 ubuntu neutron-server[134192]: DEBUG neutron.common.ovn.hash_ring_manager [None req-3ec3f8d6-eb1f-437b-b3a1-83e99b0f8deb None None] Allow caching, nodes 2>=2 {{(pid=134192) _wait_startup_before_caching /opt/stack/neutron/neutron/common/ovn/hash_ring_manager.py:60}}
Aug 31 11:32:43 ubuntu neutron-server[133947]: DEBUG oslo_service.service [None req-abbe71f3-3c22-4458-88a9-1ebc37277db3 None None] Started child 134195 {{(pid=133947) _start_child /usr/local/lib/python3.8/dist-packages/oslo_service/service.py:575}}
Aug 31 11:32:43 ubuntu neutron-server[133947]: INFO oslo_service.service [None req-abbe71f3-3c22-4458-88a9-1ebc37277db3 None None] Starting 1 workers
Aug 31 11:32:43 ubuntu neutron-server[134192]: DEBUG neutron.plugins.ml2.drivers.ovn.mech_driver.ovsdb.ovsdb_monitor [None req-3ec3f8d6-eb1f-437b-b3a1-83e99b0f8deb None None] Hash Ring: Node 9aa15260-4e15-42f9-8469-95165acf6b28 (host: ubuntu) handling event "create" for row 9bb07636-4dee-4f63-830d-1845837a24b2 (table: Database) {{(pid=134192) notify /opt/stack/neutron/neutron/plugins/ml2/drivers/ovn/mech_driver/ovsdb/ovsdb_monitor.py:743}}
Aug 31 11:32:43 ubuntu neutron-server[134192]: DEBUG neutron.plugins.ml2.drivers.ovn.mech_driver.ovsdb.ovsdb_monitor [None req-3ec3f8d6-eb1f-437b-b3a1-83e99b0f8deb None None] Hash Ring: Node 9aa15260-4e15-42f9-8469-95165acf6b28 (host: ubuntu) handling event "create" for row 3137ba89-7ca4-4a54-b5bb-6e35ef680a6f (table: Database) {{(pid=134192) notify /opt/stack/neutron/neutron/plugins/ml2/drivers/ovn/mech_driver/ovsdb/ovsdb_monitor.py:743}}
Aug 31 11:32:43 ubuntu neutron-server[133947]: DEBUG oslo_service.service [None req-abbe71f3-3c22-4458-88a9-1ebc37277db3 None None] Started child 134196 {{(pid=133947) _start_child /usr/local/lib/python3.8/dist-packages/oslo_service/service.py:575}}
Aug 31 11:32:43 ubuntu neutron-server[133947]: INFO oslo_service.service [None req-abbe71f3-3c22-4458-88a9-1ebc37277db3 None None] Starting 1 workers
Aug 31 11:32:43 ubuntu neutron-server[134192]: DEBUG neutron.plugins.ml2.drivers.ovn.mech_driver.ovsdb.ovsdb_monitor [None req-3ec3f8d6-eb1f-437b-b3a1-83e99b0f8deb None None] Hash Ring: Node 9aa15260-4e15-42f9-8469-95165acf6b28 (host: ubuntu) handling event "create" for row 75f28fd8-be89-434e-8a6f-a58d18a7c7bc (table: Encap) {{(pid=134192) notify /opt/stack/neutron/neutron/plugins/ml2/drivers/ovn/mech_driver/ovsdb/ovsdb_monitor.py:743}}
Aug 31 11:32:43 ubuntu neutron-server[134192]: DEBUG neutron.plugins.ml2.drivers.ovn.mech_driver.ovsdb.ovsdb_monitor [None req-3ec3f8d6-eb1f-437b-b3a1-83e99b0f8deb None None] ChassisAgentWriteEvent : Matched Chassis, create, None None {{(pid=134192) matches /opt/stack/neutron/neutron/plugins/ml2/drivers/ovn/mech_driver/ovsdb/ovsdb_monitor.py:62}}
Aug 31 11:32:43 ubuntu neutron-server[134192]: DEBUG neutron.plugins.ml2.drivers.ovn.mech_driver.ovsdb.ovsdb_monitor [None req-3ec3f8d6-eb1f-437b-b3a1-83e99b0f8deb None None] ChassisMetadataAgentWriteEvent : Matched Chassis, create, None None {{(pid=134192) matches /opt/stack/neutron/neutron/plugins/ml2/drivers/ovn/mech_driver/ovsdb/ovsdb_monitor.py:62}}
Aug 31 11:32:43 ubuntu neutron-server[134192]: DEBUG neutron.plugins.ml2.drivers.ovn.mech_driver.ovsdb.ovsdb_monitor [None req-3ec3f8d6-eb1f-437b-b3a1-83e99b0f8deb None None] Hash Ring: Node 9aa15260-4e15-42f9-8469-95165acf6b28 (host: ubuntu) handling event "create" for row 6f073cf2-4cbb-433c-938e-92efb622d4bc (table: Chassis) {{(pid=134192) notify /opt/stack/neutron/neutron/plugins/ml2/drivers/ovn/mech_driver/ovsdb/ovsdb_monitor.py:743}}
Aug 31 11:32:43 ubuntu neutron-server[134192]: DEBUG neutron.plugins.ml2.drivers.ovn.mech_driver.ovsdb.ovsdb_monitor [None req-3ec3f8d6-eb1f-437b-b3a1-83e99b0f8deb None None] Hash Ring: Node 9aa15260-4e15-42f9-8469-95165acf6b28 (host: ubuntu) handling event "create" for row b0281154-33bf-4597-a678-c6bc8b57093b (table: Connection) {{(pid=134192) notify /opt/stack/neutron/neutron/plugins/ml2/drivers/ovn/mech_driver/ovsdb/ovsdb_monitor.py:743}}
Aug 31 11:32:43 ubuntu neutron-server[133947]: DEBUG oslo_service.service [None req-abbe71f3-3c22-4458-88a9-1ebc37277db3 None None] Started child 134197 {{(pid=133947) _start_child /usr/local/lib/python3.8/dist-packages/oslo_service/service.py:575}}
Aug 31 11:32:43 ubuntu neutron-server[133947]: DEBUG neutron_lib.callbacks.manager [None req-abbe71f3-3c22-4458-88a9-1ebc37277db3 None None] Publish callbacks [] for process (None), after_spawn {{(pid=133947) _notify_loop /usr/local/lib/python3.8/dist-packages/neutron_lib/callbacks/manager.py:176}}
Aug 31 11:32:43 ubuntu neutron-server[134192]: INFO neutron.wsgi [-] (134192) wsgi starting up on http://0.0.0.0:9696
Aug 31 11:32:43 ubuntu neutron-server[133947]: DEBUG oslo_service.service [-] Full set of CONF: {{(pid=133947) wait /usr/local/lib/python3.8/dist-packages/oslo_service/service.py:649}}
