Jul 18 18:16:04 ubuntu neutron-server[132206]: DEBUG neutron.api.extensions [None req-51884f47-583d-45db-a891-e4ad9c271994 None None] Ext name="Trunk Extension" alias="trunk" description="Provides support for trunk ports" updated="2016-01-01T10:00:00-00:00" {{(pid=132206) _check_extension /opt/stack/neutron/neutron/api/extensions.py:416}}
Jul 18 18:16:04 ubuntu neutron-server[132206]: INFO neutron.api.extensions [None req-51884f47-583d-45db-a891-e4ad9c271994 None None] Extension trunk not supported by any of loaded plugins
Jul 18 18:16:04 ubuntu neutron-server[132206]: DEBUG neutron.api.extensions [None req-51884f47-583d-45db-a891-e4ad9c271994 None None] Loading extension file: trunk_details.py {{(pid=132206) _load_all_extensions_from_path /opt/stack/neutron/neutron/api/extensions.py:450}}
Jul 18 18:16:04 ubuntu neutron-server[132206]: DEBUG neutron.api.extensions [None req-51884f47-583d-45db-a891-e4ad9c271994 None None] Ext name="Trunk port details" alias="trunk-details" description="Expose trunk port details" updated="2016-01-01T10:00:00-00:00" {{(pid=132206) _check_extension /opt/stack/neutron/neutron/api/extensions.py:416}}
Jul 18 18:16:04 ubuntu neutron-server[132206]: INFO neutron.api.extensions [None req-51884f47-583d-45db-a891-e4ad9c271994 None None] Extension trunk-details not supported by any of loaded plugins
Jul 18 18:16:04 ubuntu neutron-server[132206]: DEBUG neutron.api.extensions [None req-51884f47-583d-45db-a891-e4ad9c271994 None None] Loading extension file: uplink_status_propagation.py {{(pid=132206) _load_all_extensions_from_path /opt/stack/neutron/neutron/api/extensions.py:450}}
Jul 18 18:16:04 ubuntu neutron-server[132206]: DEBUG neutron.api.extensions [None req-51884f47-583d-45db-a891-e4ad9c271994 None None] Ext name="Uplink status propagation extension" alias="uplink-status-propagation" description="Provides ability to propagate port uplink status." updated="2018-05-31T18:00:00-00:00" {{(pid=132206) _check_extension /opt/stack/neutron/neutron/api/extensions.py:416}}
Jul 18 18:16:04 ubuntu neutron-server[132206]: INFO neutron.api.extensions [None req-51884f47-583d-45db-a891-e4ad9c271994 None None] Extension uplink-status-propagation not supported by any of loaded plugins
Jul 18 18:16:04 ubuntu neutron-server[132206]: DEBUG neutron.api.extensions [None req-51884f47-583d-45db-a891-e4ad9c271994 None None] Loading extension file: vlantransparent.py {{(pid=132206) _load_all_extensions_from_path /opt/stack/neutron/neutron/api/extensions.py:450}}
Jul 18 18:16:04 ubuntu neutron-server[132206]: DEBUG neutron.api.extensions [None req-51884f47-583d-45db-a891-e4ad9c271994 None None] Ext name="Vlantransparent" alias="vlan-transparent" description="Provides Vlan Transparent Networks" updated="2015-03-23T09:00:00-00:00" {{(pid=132206) _check_extension /opt/stack/neutron/neutron/api/extensions.py:416}}
Jul 18 18:16:04 ubuntu neutron-server[132206]: INFO neutron.api.extensions [None req-51884f47-583d-45db-a891-e4ad9c271994 None None] Extension vlan-transparent not supported by any of loaded plugins
Jul 18 18:16:04 ubuntu neutron-server[132206]: INFO neutron.quota.resource_registry [None req-51884f47-583d-45db-a891-e4ad9c271994 None None] Creating instance of TrackedResource for resource:network
Jul 18 18:16:04 ubuntu neutron-server[132206]: INFO neutron.quota.resource_registry [None req-51884f47-583d-45db-a891-e4ad9c271994 None None] Creating instance of TrackedResource for resource:subnet
Jul 18 18:16:04 ubuntu neutron-server[132206]: INFO neutron.quota.resource_registry [None req-51884f47-583d-45db-a891-e4ad9c271994 None None] Creating instance of TrackedResource for resource:subnetpool
Jul 18 18:16:04 ubuntu neutron-server[132206]: INFO neutron.quota.resource_registry [None req-51884f47-583d-45db-a891-e4ad9c271994 None None] Creating instance of TrackedResource for resource:port
Jul 18 18:16:04 ubuntu neutron-server[132206]: DEBUG neutron.api.v2.resource_helper [None req-51884f47-583d-45db-a891-e4ad9c271994 None None] Service FLAVORS assigned prefix:  {{(pid=132206) build_resource_info /opt/stack/neutron/neutron/api/v2/resource_helper.py:77}}
Jul 18 18:16:04 ubuntu neutron-server[132206]: DEBUG neutron.api.v2.resource_helper [None req-51884f47-583d-45db-a891-e4ad9c271994 None None] Service L3_ROUTER_NAT assigned prefix:  {{(pid=132206) build_resource_info /opt/stack/neutron/neutron/api/v2/resource_helper.py:77}}
Jul 18 18:16:04 ubuntu neutron-server[132206]: DEBUG neutron.api.v2.resource_helper [None req-51884f47-583d-45db-a891-e4ad9c271994 None None] Service L3_ROUTER_NAT assigned prefix:  {{(pid=132206) build_resource_info /opt/stack/neutron/neutron/api/v2/resource_helper.py:77}}
Jul 18 18:16:04 ubuntu neutron-server[132206]: INFO neutron.quota.resource_registry [None req-51884f47-583d-45db-a891-e4ad9c271994 None None] Creating instance of TrackedResource for resource:router
Jul 18 18:16:04 ubuntu neutron-server[132206]: INFO neutron.quota.resource_registry [None req-51884f47-583d-45db-a891-e4ad9c271994 None None] Creating instance of TrackedResource for resource:floatingip
Jul 18 18:16:04 ubuntu neutron-server[132206]: DEBUG neutron_lib.callbacks.manager [None req-51884f47-583d-45db-a891-e4ad9c271994 None None] Subscribe: <bound method NeutronDbPluginV2.validate_network_rbac_policy_change of <neutron.services.network_ip_availability.plugin.NetworkIPAvailabilityPlugin object at 0x7f01d10171c0>> rbac-policy before_create 55550000 {{(pid=132206) subscribe /usr/local/lib/python3.8/dist-packages/neutron_lib/callbacks/manager.py:45}}
Jul 18 18:16:04 ubuntu neutron-server[132206]: DEBUG neutron_lib.callbacks.manager [None req-51884f47-583d-45db-a891-e4ad9c271994 None None] Subscribe: <bound method NeutronDbPluginV2.validate_network_rbac_policy_change of <neutron.services.network_ip_availability.plugin.NetworkIPAvailabilityPlugin object at 0x7f01d10171c0>> rbac-policy before_update 55550000 {{(pid=132206) subscribe /usr/local/lib/python3.8/dist-packages/neutron_lib/callbacks/manager.py:45}}
Jul 18 18:16:04 ubuntu neutron-server[132206]: DEBUG neutron_lib.callbacks.manager [None req-51884f47-583d-45db-a891-e4ad9c271994 None None] Subscribe: <bound method NeutronDbPluginV2.validate_network_rbac_policy_change of <neutron.services.network_ip_availability.plugin.NetworkIPAvailabilityPlugin object at 0x7f01d10171c0>> rbac-policy before_delete 55550000 {{(pid=132206) subscribe /usr/local/lib/python3.8/dist-packages/neutron_lib/callbacks/manager.py:45}}
Jul 18 18:16:04 ubuntu neutron-server[132206]: INFO neutron.quota.resource_registry [None req-51884f47-583d-45db-a891-e4ad9c271994 None None] Creating instance of CountableResource for resource:rbac_policy
Jul 18 18:16:04 ubuntu neutron-server[132206]: INFO neutron.quota.resource_registry [None req-51884f47-583d-45db-a891-e4ad9c271994 None None] Creating instance of TrackedResource for resource:security_group
Jul 18 18:16:04 ubuntu neutron-server[132206]: INFO neutron.quota.resource_registry [None req-51884f47-583d-45db-a891-e4ad9c271994 None None] Creating instance of TrackedResource for resource:security_group_rule
Jul 18 18:16:04 ubuntu neutron-server[132206]: DEBUG neutron.api.v2.resource_helper [None req-51884f47-583d-45db-a891-e4ad9c271994 None None] Service FLAVORS assigned prefix:  {{(pid=132206) build_resource_info /opt/stack/neutron/neutron/api/v2/resource_helper.py:77}}
Jul 18 18:16:04 ubuntu neutron-server[132206]: DEBUG neutron.api.v2.resource_helper [None req-51884f47-583d-45db-a891-e4ad9c271994 None None] Service L3_ROUTER_NAT assigned prefix:  {{(pid=132206) build_resource_info /opt/stack/neutron/neutron/api/v2/resource_helper.py:77}}
Jul 18 18:16:04 ubuntu neutron-server[132206]: DEBUG neutron.api.v2.resource_helper [None req-51884f47-583d-45db-a891-e4ad9c271994 None None] Service L3_ROUTER_NAT assigned prefix:  {{(pid=132206) build_resource_info /opt/stack/neutron/neutron/api/v2/resource_helper.py:77}}
Jul 18 18:16:04 ubuntu neutron-server[132206]: INFO neutron.quota.resource_registry [None req-51884f47-583d-45db-a891-e4ad9c271994 None None] Creating instance of TrackedResource for resource:router
Jul 18 18:16:04 ubuntu neutron-server[132206]: WARNING neutron.quota.resource_registry [None req-51884f47-583d-45db-a891-e4ad9c271994 None None] router is already registered
Jul 18 18:16:04 ubuntu neutron-server[132206]: INFO neutron.quota.resource_registry [None req-51884f47-583d-45db-a891-e4ad9c271994 None None] Creating instance of TrackedResource for resource:floatingip
Jul 18 18:16:04 ubuntu neutron-server[132206]: WARNING neutron.quota.resource_registry [None req-51884f47-583d-45db-a891-e4ad9c271994 None None] floatingip is already registered
Jul 18 18:16:04 ubuntu neutron-server[132206]: INFO neutron.quota.resource_registry [None req-51884f47-583d-45db-a891-e4ad9c271994 None None] Creating instance of CountableResource for resource:rbac_policy
Jul 18 18:16:04 ubuntu neutron-server[132206]: WARNING neutron.quota.resource_registry [None req-51884f47-583d-45db-a891-e4ad9c271994 None None] rbac_policy is already registered
Jul 18 18:16:04 ubuntu neutron-server[132206]: INFO neutron.quota.resource_registry [None req-51884f47-583d-45db-a891-e4ad9c271994 None None] Creating instance of TrackedResource for resource:security_group
Jul 18 18:16:04 ubuntu neutron-server[132206]: WARNING neutron.quota.resource_registry [None req-51884f47-583d-45db-a891-e4ad9c271994 None None] security_group is already registered
Jul 18 18:16:04 ubuntu neutron-server[132206]: INFO neutron.quota.resource_registry [None req-51884f47-583d-45db-a891-e4ad9c271994 None None] Creating instance of TrackedResource for resource:security_group_rule
Jul 18 18:16:04 ubuntu neutron-server[132206]: WARNING neutron.quota.resource_registry [None req-51884f47-583d-45db-a891-e4ad9c271994 None None] security_group_rule is already registered
Jul 18 18:16:04 ubuntu neutron-server[132206]: DEBUG neutron.api.extensions [None req-51884f47-583d-45db-a891-e4ad9c271994 None None] Extended resource: extensions {{(pid=132206) __init__ /opt/stack/neutron/neutron/api/extensions.py:157}}
Jul 18 18:16:04 ubuntu neutron-server[132206]: DEBUG neutron.api.extensions [None req-51884f47-583d-45db-a891-e4ad9c271994 None None] Extended resource: address-groups {{(pid=132206) __init__ /opt/stack/neutron/neutron/api/extensions.py:157}}
Jul 18 18:16:04 ubuntu neutron-server[132206]: DEBUG neutron.api.extensions [None req-51884f47-583d-45db-a891-e4ad9c271994 None None] Extended resource: address-scopes {{(pid=132206) __init__ /opt/stack/neutron/neutron/api/extensions.py:157}}
Jul 18 18:16:04 ubuntu neutron-server[132206]: DEBUG neutron.api.extensions [None req-51884f47-583d-45db-a891-e4ad9c271994 None None] Extended resource: agents {{(pid=132206) __init__ /opt/stack/neutron/neutron/api/extensions.py:157}}
Jul 18 18:16:04 ubuntu neutron-server[132206]: DEBUG neutron.api.extensions [None req-51884f47-583d-45db-a891-e4ad9c271994 None None] Extended resource: auto-allocated-topology {{(pid=132206) __init__ /opt/stack/neutron/neutron/api/extensions.py:157}}
Jul 18 18:16:04 ubuntu neutron-server[132206]: DEBUG neutron.api.extensions [None req-51884f47-583d-45db-a891-e4ad9c271994 None None] Extended resource: availability_zones {{(pid=132206) __init__ /opt/stack/neutron/neutron/api/extensions.py:157}}
Jul 18 18:16:04 ubuntu neutron-server[132206]: DEBUG neutron.api.extensions [None req-51884f47-583d-45db-a891-e4ad9c271994 None None] Extended resource: flavors {{(pid=132206) __init__ /opt/stack/neutron/neutron/api/extensions.py:157}}
Jul 18 18:16:04 ubuntu neutron-server[132206]: DEBUG neutron.api.extensions [None req-51884f47-583d-45db-a891-e4ad9c271994 None None] Extended resource: service_profiles {{(pid=132206) __init__ /opt/stack/neutron/neutron/api/extensions.py:157}}
Jul 18 18:16:04 ubuntu neutron-server[132206]: DEBUG neutron.api.extensions [None req-51884f47-583d-45db-a891-e4ad9c271994 None None] Extended resource: next_providers {{(pid=132206) __init__ /opt/stack/neutron/neutron/api/extensions.py:157}}
Jul 18 18:16:04 ubuntu neutron-server[132206]: DEBUG neutron.api.extensions [None req-51884f47-583d-45db-a891-e4ad9c271994 None None] Extended resource: service_profiles {{(pid=132206) __init__ /opt/stack/neutron/neutron/api/extensions.py:157}}
Jul 18 18:16:04 ubuntu neutron-server[132206]: DEBUG neutron.api.extensions [None req-51884f47-583d-45db-a891-e4ad9c271994 None None] Extended resource: floatingip-pools {{(pid=132206) __init__ /opt/stack/neutron/neutron/api/extensions.py:157}}
Jul 18 18:16:04 ubuntu neutron-server[132206]: DEBUG neutron.api.extensions [None req-51884f47-583d-45db-a891-e4ad9c271994 None None] Extended resource: routers {{(pid=132206) __init__ /opt/stack/neutron/neutron/api/extensions.py:157}}
Jul 18 18:16:04 ubuntu neutron-server[132206]: DEBUG neutron.api.extensions [None req-51884f47-583d-45db-a891-e4ad9c271994 None None] Extended resource: floatingips {{(pid=132206) __init__ /opt/stack/neutron/neutron/api/extensions.py:157}}
Jul 18 18:16:04 ubuntu neutron-server[132206]: DEBUG neutron.api.extensions [None req-51884f47-583d-45db-a891-e4ad9c271994 None None] Extended resource: network-ip-availabilities {{(pid=132206) __init__ /opt/stack/neutron/neutron/api/extensions.py:157}}
Jul 18 18:16:04 ubuntu neutron-server[132206]: DEBUG neutron.api.extensions [None req-51884f47-583d-45db-a891-e4ad9c271994 None None] Extended resource: bindings {{(pid=132206) __init__ /opt/stack/neutron/neutron/api/extensions.py:157}}
Jul 18 18:16:04 ubuntu neutron-server[132206]: DEBUG neutron.api.extensions [None req-51884f47-583d-45db-a891-e4ad9c271994 None None] Extended resource: quotas {{(pid=132206) __init__ /opt/stack/neutron/neutron/api/extensions.py:157}}
Jul 18 18:16:04 ubuntu neutron-server[132206]: DEBUG neutron.api.extensions [None req-51884f47-583d-45db-a891-e4ad9c271994 None None] Extended resource: quotas {{(pid=132206) __init__ /opt/stack/neutron/neutron/api/extensions.py:157}}
Jul 18 18:16:04 ubuntu neutron-server[132206]: DEBUG neutron.api.extensions [None req-51884f47-583d-45db-a891-e4ad9c271994 None None] Extended resource: rbac-policies {{(pid=132206) __init__ /opt/stack/neutron/neutron/api/extensions.py:157}}
Jul 18 18:16:04 ubuntu neutron-server[132206]: DEBUG neutron.api.extensions [None req-51884f47-583d-45db-a891-e4ad9c271994 None None] Extended resource: security-groups {{(pid=132206) __init__ /opt/stack/neutron/neutron/api/extensions.py:157}}
Jul 18 18:16:04 ubuntu neutron-server[132206]: DEBUG neutron.api.extensions [None req-51884f47-583d-45db-a891-e4ad9c271994 None None] Extended resource: security-group-rules {{(pid=132206) __init__ /opt/stack/neutron/neutron/api/extensions.py:157}}
Jul 18 18:16:04 ubuntu neutron-server[132206]: DEBUG neutron.api.extensions [None req-51884f47-583d-45db-a891-e4ad9c271994 None None] Extended resource: service-providers {{(pid=132206) __init__ /opt/stack/neutron/neutron/api/extensions.py:157}}
Jul 18 18:16:04 ubuntu neutron-server[132206]: DEBUG neutron.api.extensions [None req-51884f47-583d-45db-a891-e4ad9c271994 None None] Extended resource: tags {{(pid=132206) __init__ /opt/stack/neutron/neutron/api/extensions.py:157}}
Jul 18 18:16:04 ubuntu neutron-server[132206]: DEBUG neutron.api.extensions [None req-51884f47-583d-45db-a891-e4ad9c271994 None None] Extended resource: tags {{(pid=132206) __init__ /opt/stack/neutron/neutron/api/extensions.py:157}}
Jul 18 18:16:04 ubuntu neutron-server[132206]: DEBUG neutron.api.extensions [None req-51884f47-583d-45db-a891-e4ad9c271994 None None] Extended resource: tags {{(pid=132206) __init__ /opt/stack/neutron/neutron/api/extensions.py:157}}
Jul 18 18:16:04 ubuntu neutron-server[132206]: DEBUG neutron.api.extensions [None req-51884f47-583d-45db-a891-e4ad9c271994 None None] Extended resource: tags {{(pid=132206) __init__ /opt/stack/neutron/neutron/api/extensions.py:157}}
Jul 18 18:16:04 ubuntu neutron-server[132206]: DEBUG neutron.api.extensions [None req-51884f47-583d-45db-a891-e4ad9c271994 None None] Extended resource: tags {{(pid=132206) __init__ /opt/stack/neutron/neutron/api/extensions.py:157}}
Jul 18 18:16:04 ubuntu neutron-server[132206]: DEBUG neutron.api.extensions [None req-51884f47-583d-45db-a891-e4ad9c271994 None None] Extended resource: tags {{(pid=132206) __init__ /opt/stack/neutron/neutron/api/extensions.py:157}}
Jul 18 18:16:04 ubuntu neutron-server[132206]: DEBUG neutron.api.extensions [None req-51884f47-583d-45db-a891-e4ad9c271994 None None] Extended resource: tags {{(pid=132206) __init__ /opt/stack/neutron/neutron/api/extensions.py:157}}
Jul 18 18:16:04 ubuntu neutron-server[132206]: DEBUG neutron.api.extensions [None req-51884f47-583d-45db-a891-e4ad9c271994 None None] Extended resource: tags {{(pid=132206) __init__ /opt/stack/neutron/neutron/api/extensions.py:157}}
Jul 18 18:16:04 ubuntu neutron-server[132206]: DEBUG neutron.api.extensions [None req-51884f47-583d-45db-a891-e4ad9c271994 None None] Extended resource: tags {{(pid=132206) __init__ /opt/stack/neutron/neutron/api/extensions.py:157}}
Jul 18 18:16:04 ubuntu neutron-server[132206]: DEBUG neutron.api.extensions [None req-51884f47-583d-45db-a891-e4ad9c271994 None None] Extended resource: tags {{(pid=132206) __init__ /opt/stack/neutron/neutron/api/extensions.py:157}}
Jul 18 18:16:04 ubuntu neutron-server[132206]: WARNING keystonemiddleware.auth_token [None req-51884f47-583d-45db-a891-e4ad9c271994 None None] AuthToken middleware is set with keystone_authtoken.service_token_roles_required set to False. This is backwards compatible but deprecated behaviour. Please set this to True.
Jul 18 18:16:04 ubuntu neutron-server[132206]: WARNING keystonemiddleware.auth_token [None req-51884f47-583d-45db-a891-e4ad9c271994 None None] Configuring www_authenticate_uri to point to the public identity endpoint is required; clients may not be able to authenticate against an admin endpoint
Jul 18 18:16:04 ubuntu neutron-server[132206]: DEBUG oslo_concurrency.lockutils [None req-51884f47-583d-45db-a891-e4ad9c271994 None None] Acquired lock "singleton_lock" {{(pid=132206) lock /usr/local/lib/python3.8/dist-packages/oslo_concurrency/lockutils.py:294}}
Jul 18 18:16:04 ubuntu neutron-server[132206]: DEBUG oslo_concurrency.lockutils [None req-51884f47-583d-45db-a891-e4ad9c271994 None None] Releasing lock "singleton_lock" {{(pid=132206) lock /usr/local/lib/python3.8/dist-packages/oslo_concurrency/lockutils.py:312}}
Jul 18 18:16:04 ubuntu neutron-server[132206]: INFO oslo_service.service [None req-51884f47-583d-45db-a891-e4ad9c271994 None None] Starting 2 workers
Jul 18 18:16:04 ubuntu neutron-server[132206]: DEBUG oslo_service.service [None req-51884f47-583d-45db-a891-e4ad9c271994 None None] Started child 132424 {{(pid=132206) _start_child /usr/local/lib/python3.8/dist-packages/oslo_service/service.py:575}}
Jul 18 18:16:04 ubuntu neutron-server[132206]: DEBUG oslo_service.service [None req-51884f47-583d-45db-a891-e4ad9c271994 None None] Started child 132425 {{(pid=132206) _start_child /usr/local/lib/python3.8/dist-packages/oslo_service/service.py:575}}
Jul 18 18:16:04 ubuntu neutron-server[132206]: INFO neutron.service [None req-51884f47-583d-45db-a891-e4ad9c271994 None None] Neutron service started, listening on 0.0.0.0:9696
Jul 18 18:16:04 ubuntu neutron-server[132206]: DEBUG neutron_lib.callbacks.manager [None req-51884f47-583d-45db-a891-e4ad9c271994 None None] Publish callbacks ['neutron.plugins.ml2.drivers.ovn.mech_driver.mech_driver.OVNMechanismDriver.pre_fork_initialize-412088'] for process (None), before_spawn {{(pid=132206) _notify_loop /usr/local/lib/python3.8/dist-packages/neutron_lib/callbacks/manager.py:176}}
Jul 18 18:16:04 ubuntu neutron-server[132424]: DEBUG neutron_lib.callbacks.manager [-] Publish callbacks ['neutron.plugins.ml2.drivers.ovn.mech_driver.mech_driver.OVNMechanismDriver.post_fork_initialize-411988'] for process (None), after_init {{(pid=132424) _notify_loop /usr/local/lib/python3.8/dist-packages/neutron_lib/callbacks/manager.py:176}}
Jul 18 18:16:04 ubuntu neutron-server[132425]: DEBUG neutron_lib.callbacks.manager [-] Publish callbacks ['neutron.plugins.ml2.drivers.ovn.mech_driver.mech_driver.OVNMechanismDriver.post_fork_initialize-411988'] for process (None), after_init {{(pid=132425) _notify_loop /usr/local/lib/python3.8/dist-packages/neutron_lib/callbacks/manager.py:176}}
Jul 18 18:16:04 ubuntu neutron-server[132424]: DEBUG dbcounter [-] [132424] Writer thread running {{(pid=132424) stat_writer /usr/local/lib/python3.8/dist-packages/dbcounter.py:99}}
Jul 18 18:16:04 ubuntu neutron-server[132425]: DEBUG dbcounter [-] [132425] Writer thread running {{(pid=132425) stat_writer /usr/local/lib/python3.8/dist-packages/dbcounter.py:99}}
Jul 18 18:16:04 ubuntu neutron-server[132206]: DEBUG ovsdbapp.backend.ovs_idl [None req-51884f47-583d-45db-a891-e4ad9c271994 None None] Created schema index Port_Group.name {{(pid=132206) autocreate_indices /usr/local/lib/python3.8/dist-packages/ovsdbapp/backend/ovs_idl/__init__.py:104}}
Jul 18 18:16:04 ubuntu neutron-server[132206]: DEBUG ovsdbapp.backend.ovs_idl [None req-51884f47-583d-45db-a891-e4ad9c271994 None None] Created schema index Logical_Switch_Port.name {{(pid=132206) autocreate_indices /usr/local/lib/python3.8/dist-packages/ovsdbapp/backend/ovs_idl/__init__.py:104}}
Jul 18 18:16:04 ubuntu neutron-server[132424]: INFO neutron.plugins.ml2.drivers.ovn.mech_driver.ovsdb.impl_idl_ovn [None req-d8c98b73-43c5-45bf-a407-13bc2c158f17 None None] Getting OvsdbNbOvnIdl for WorkerService with retry
Jul 18 18:16:04 ubuntu neutron-server[132425]: INFO neutron.plugins.ml2.drivers.ovn.mech_driver.ovsdb.impl_idl_ovn [None req-ab242563-e8fc-44f9-82ef-28723b1d6f34 None None] Getting OvsdbNbOvnIdl for WorkerService with retry
Jul 18 18:16:04 ubuntu neutron-server[132206]: DEBUG ovsdbapp.backend.ovs_idl.transaction [-] Running txn n=1 command(idx=0): PgAddCommand(name=neutron_pg_drop, may_exist=True, columns={'acls': []}) {{(pid=132206) do_commit /usr/local/lib/python3.8/dist-packages/ovsdbapp/backend/ovs_idl/transaction.py:90}}
Jul 18 18:16:04 ubuntu neutron-server[132206]: DEBUG ovsdbapp.backend.ovs_idl.transaction [-] Running txn n=1 command(idx=1): PgAclAddCommand(entity=neutron_pg_drop, direction=from-lport, priority=1001, match=inport == @neutron_pg_drop && ip, action=drop, log=False, may_exist=True, severity=[], name=[], meter=None, external_ids={}) {{(pid=132206) do_commit /usr/local/lib/python3.8/dist-packages/ovsdbapp/backend/ovs_idl/transaction.py:90}}
Jul 18 18:16:04 ubuntu neutron-server[132206]: DEBUG ovsdbapp.backend.ovs_idl.transaction [-] Running txn n=1 command(idx=2): PgAclAddCommand(entity=neutron_pg_drop, direction=to-lport, priority=1001, match=outport == @neutron_pg_drop && ip, action=drop, log=False, may_exist=True, severity=[], name=[], meter=None, external_ids={}) {{(pid=132206) do_commit /usr/local/lib/python3.8/dist-packages/ovsdbapp/backend/ovs_idl/transaction.py:90}}
Jul 18 18:16:04 ubuntu neutron-server[132206]: DEBUG ovsdbapp.backend.ovs_idl.event [-] Matched CREATE: NeutronPgDropPortGroupCreated(events=('create',), table='Port_Group', conditions=(('name', '=', 'neutron_pg_drop'),), old_conditions=None), priority=10 to row=Port_Group(name=neutron_pg_drop, ports=[], external_ids={}, acls=[<ovs.db.idl.Row object at 0x7f01d09adcd0>, <ovs.db.idl.Row object at 0x7f01d09ad880>]) old= {{(pid=132206) matches /usr/local/lib/python3.8/dist-packages/ovsdbapp/backend/ovs_idl/event.py:43}}
Jul 18 18:16:04 ubuntu neutron-server[132424]: DEBUG ovsdbapp.backend.ovs_idl [None req-d8c98b73-43c5-45bf-a407-13bc2c158f17 None None] Created lookup_table index Logical_Switch.name {{(pid=132424) autocreate_indices /usr/local/lib/python3.8/dist-packages/ovsdbapp/backend/ovs_idl/__init__.py:85}}
Jul 18 18:16:04 ubuntu neutron-server[132424]: DEBUG ovsdbapp.backend.ovs_idl [None req-d8c98b73-43c5-45bf-a407-13bc2c158f17 None None] Created lookup_table index Logical_Router.name {{(pid=132424) autocreate_indices /usr/local/lib/python3.8/dist-packages/ovsdbapp/backend/ovs_idl/__init__.py:85}}
Jul 18 18:16:04 ubuntu neutron-server[132424]: DEBUG ovsdbapp.backend.ovs_idl [None req-d8c98b73-43c5-45bf-a407-13bc2c158f17 None None] Created lookup_table index Load_Balancer.name {{(pid=132424) autocreate_indices /usr/local/lib/python3.8/dist-packages/ovsdbapp/backend/ovs_idl/__init__.py:85}}
Jul 18 18:16:04 ubuntu neutron-server[132424]: DEBUG ovsdbapp.backend.ovs_idl [None req-d8c98b73-43c5-45bf-a407-13bc2c158f17 None None] Created schema index Meter.name {{(pid=132424) autocreate_indices /usr/local/lib/python3.8/dist-packages/ovsdbapp/backend/ovs_idl/__init__.py:104}}
Jul 18 18:16:04 ubuntu neutron-server[132424]: DEBUG ovsdbapp.backend.ovs_idl [None req-d8c98b73-43c5-45bf-a407-13bc2c158f17 None None] Created schema index Address_Set.name {{(pid=132424) autocreate_indices /usr/local/lib/python3.8/dist-packages/ovsdbapp/backend/ovs_idl/__init__.py:104}}
Jul 18 18:16:04 ubuntu neutron-server[132424]: DEBUG ovsdbapp.backend.ovs_idl [None req-d8c98b73-43c5-45bf-a407-13bc2c158f17 None None] Created schema index HA_Chassis_Group.name {{(pid=132424) autocreate_indices /usr/local/lib/python3.8/dist-packages/ovsdbapp/backend/ovs_idl/__init__.py:104}}
Jul 18 18:16:04 ubuntu neutron-server[132424]: DEBUG ovsdbapp.backend.ovs_idl [None req-d8c98b73-43c5-45bf-a407-13bc2c158f17 None None] Created schema index Connection.target {{(pid=132424) autocreate_indices /usr/local/lib/python3.8/dist-packages/ovsdbapp/backend/ovs_idl/__init__.py:104}}
Jul 18 18:16:04 ubuntu neutron-server[132424]: DEBUG ovsdbapp.backend.ovs_idl [None req-d8c98b73-43c5-45bf-a407-13bc2c158f17 None None] Created schema index Gateway_Chassis.name {{(pid=132424) autocreate_indices /usr/local/lib/python3.8/dist-packages/ovsdbapp/backend/ovs_idl/__init__.py:104}}
Jul 18 18:16:04 ubuntu neutron-server[132424]: DEBUG ovsdbapp.backend.ovs_idl [None req-d8c98b73-43c5-45bf-a407-13bc2c158f17 None None] Created schema index Logical_Router_Port.name {{(pid=132424) autocreate_indices /usr/local/lib/python3.8/dist-packages/ovsdbapp/backend/ovs_idl/__init__.py:104}}
Jul 18 18:16:04 ubuntu neutron-server[132424]: DEBUG ovsdbapp.backend.ovs_idl [None req-d8c98b73-43c5-45bf-a407-13bc2c158f17 None None] Created schema index Port_Group.name {{(pid=132424) autocreate_indices /usr/local/lib/python3.8/dist-packages/ovsdbapp/backend/ovs_idl/__init__.py:104}}
Jul 18 18:16:04 ubuntu neutron-server[132424]: DEBUG ovsdbapp.backend.ovs_idl [None req-d8c98b73-43c5-45bf-a407-13bc2c158f17 None None] Created schema index Logical_Switch_Port.name {{(pid=132424) autocreate_indices /usr/local/lib/python3.8/dist-packages/ovsdbapp/backend/ovs_idl/__init__.py:104}}
Jul 18 18:16:04 ubuntu neutron-server[132424]: INFO ovsdbapp.backend.ovs_idl.vlog [None req-d8c98b73-43c5-45bf-a407-13bc2c158f17 None None] tcp:192.168.79.42:6641: connecting...
Jul 18 18:16:04 ubuntu neutron-server[132425]: DEBUG ovsdbapp.backend.ovs_idl [None req-ab242563-e8fc-44f9-82ef-28723b1d6f34 None None] Created lookup_table index Logical_Switch.name {{(pid=132425) autocreate_indices /usr/local/lib/python3.8/dist-packages/ovsdbapp/backend/ovs_idl/__init__.py:85}}
Jul 18 18:16:04 ubuntu neutron-server[132425]: DEBUG ovsdbapp.backend.ovs_idl [None req-ab242563-e8fc-44f9-82ef-28723b1d6f34 None None] Created lookup_table index Logical_Router.name {{(pid=132425) autocreate_indices /usr/local/lib/python3.8/dist-packages/ovsdbapp/backend/ovs_idl/__init__.py:85}}
Jul 18 18:16:04 ubuntu neutron-server[132424]: INFO ovsdbapp.backend.ovs_idl.vlog [None req-d8c98b73-43c5-45bf-a407-13bc2c158f17 None None] tcp:192.168.79.42:6641: connected
Jul 18 18:16:04 ubuntu neutron-server[132425]: DEBUG ovsdbapp.backend.ovs_idl [None req-ab242563-e8fc-44f9-82ef-28723b1d6f34 None None] Created lookup_table index Load_Balancer.name {{(pid=132425) autocreate_indices /usr/local/lib/python3.8/dist-packages/ovsdbapp/backend/ovs_idl/__init__.py:85}}
Jul 18 18:16:04 ubuntu neutron-server[132425]: DEBUG ovsdbapp.backend.ovs_idl [None req-ab242563-e8fc-44f9-82ef-28723b1d6f34 None None] Created schema index Meter.name {{(pid=132425) autocreate_indices /usr/local/lib/python3.8/dist-packages/ovsdbapp/backend/ovs_idl/__init__.py:104}}
Jul 18 18:16:04 ubuntu neutron-server[132425]: DEBUG ovsdbapp.backend.ovs_idl [None req-ab242563-e8fc-44f9-82ef-28723b1d6f34 None None] Created schema index Address_Set.name {{(pid=132425) autocreate_indices /usr/local/lib/python3.8/dist-packages/ovsdbapp/backend/ovs_idl/__init__.py:104}}
Jul 18 18:16:04 ubuntu neutron-server[132425]: DEBUG ovsdbapp.backend.ovs_idl [None req-ab242563-e8fc-44f9-82ef-28723b1d6f34 None None] Created schema index HA_Chassis_Group.name {{(pid=132425) autocreate_indices /usr/local/lib/python3.8/dist-packages/ovsdbapp/backend/ovs_idl/__init__.py:104}}
Jul 18 18:16:04 ubuntu neutron-server[132425]: DEBUG ovsdbapp.backend.ovs_idl [None req-ab242563-e8fc-44f9-82ef-28723b1d6f34 None None] Created schema index Connection.target {{(pid=132425) autocreate_indices /usr/local/lib/python3.8/dist-packages/ovsdbapp/backend/ovs_idl/__init__.py:104}}
Jul 18 18:16:04 ubuntu neutron-server[132425]: DEBUG ovsdbapp.backend.ovs_idl [None req-ab242563-e8fc-44f9-82ef-28723b1d6f34 None None] Created schema index Gateway_Chassis.name {{(pid=132425) autocreate_indices /usr/local/lib/python3.8/dist-packages/ovsdbapp/backend/ovs_idl/__init__.py:104}}
Jul 18 18:16:04 ubuntu neutron-server[132425]: DEBUG ovsdbapp.backend.ovs_idl [None req-ab242563-e8fc-44f9-82ef-28723b1d6f34 None None] Created schema index Logical_Router_Port.name {{(pid=132425) autocreate_indices /usr/local/lib/python3.8/dist-packages/ovsdbapp/backend/ovs_idl/__init__.py:104}}
Jul 18 18:16:04 ubuntu neutron-server[132425]: DEBUG ovsdbapp.backend.ovs_idl [None req-ab242563-e8fc-44f9-82ef-28723b1d6f34 None None] Created schema index Port_Group.name {{(pid=132425) autocreate_indices /usr/local/lib/python3.8/dist-packages/ovsdbapp/backend/ovs_idl/__init__.py:104}}
Jul 18 18:16:04 ubuntu neutron-server[132206]: DEBUG ovsdbapp.backend.ovs_idl [None req-51884f47-583d-45db-a891-e4ad9c271994 None None] Created lookup_table index Logical_Switch.name {{(pid=132206) autocreate_indices /usr/local/lib/python3.8/dist-packages/ovsdbapp/backend/ovs_idl/__init__.py:85}}
Jul 18 18:16:04 ubuntu neutron-server[132425]: DEBUG ovsdbapp.backend.ovs_idl [None req-ab242563-e8fc-44f9-82ef-28723b1d6f34 None None] Created schema index Logical_Switch_Port.name {{(pid=132425) autocreate_indices /usr/local/lib/python3.8/dist-packages/ovsdbapp/backend/ovs_idl/__init__.py:104}}
Jul 18 18:16:04 ubuntu neutron-server[132206]: DEBUG ovsdbapp.backend.ovs_idl [None req-51884f47-583d-45db-a891-e4ad9c271994 None None] Created lookup_table index Logical_Router.name {{(pid=132206) autocreate_indices /usr/local/lib/python3.8/dist-packages/ovsdbapp/backend/ovs_idl/__init__.py:85}}
Jul 18 18:16:04 ubuntu neutron-server[132206]: DEBUG ovsdbapp.backend.ovs_idl [None req-51884f47-583d-45db-a891-e4ad9c271994 None None] Created lookup_table index Load_Balancer.name {{(pid=132206) autocreate_indices /usr/local/lib/python3.8/dist-packages/ovsdbapp/backend/ovs_idl/__init__.py:85}}
Jul 18 18:16:04 ubuntu neutron-server[132206]: DEBUG ovsdbapp.backend.ovs_idl [None req-51884f47-583d-45db-a891-e4ad9c271994 None None] Created schema index Meter.name {{(pid=132206) autocreate_indices /usr/local/lib/python3.8/dist-packages/ovsdbapp/backend/ovs_idl/__init__.py:104}}
Jul 18 18:16:04 ubuntu neutron-server[132425]: INFO ovsdbapp.backend.ovs_idl.vlog [None req-ab242563-e8fc-44f9-82ef-28723b1d6f34 None None] tcp:192.168.79.42:6641: connecting...
Jul 18 18:16:04 ubuntu neutron-server[132206]: DEBUG ovsdbapp.backend.ovs_idl [None req-51884f47-583d-45db-a891-e4ad9c271994 None None] Created schema index Address_Set.name {{(pid=132206) autocreate_indices /usr/local/lib/python3.8/dist-packages/ovsdbapp/backend/ovs_idl/__init__.py:104}}
Jul 18 18:16:04 ubuntu neutron-server[132206]: DEBUG ovsdbapp.backend.ovs_idl [None req-51884f47-583d-45db-a891-e4ad9c271994 None None] Created schema index HA_Chassis_Group.name {{(pid=132206) autocreate_indices /usr/local/lib/python3.8/dist-packages/ovsdbapp/backend/ovs_idl/__init__.py:104}}
Jul 18 18:16:04 ubuntu neutron-server[132425]: INFO ovsdbapp.backend.ovs_idl.vlog [None req-ab242563-e8fc-44f9-82ef-28723b1d6f34 None None] tcp:192.168.79.42:6641: connected
Jul 18 18:16:04 ubuntu neutron-server[132206]: DEBUG ovsdbapp.backend.ovs_idl [None req-51884f47-583d-45db-a891-e4ad9c271994 None None] Created schema index Connection.target {{(pid=132206) autocreate_indices /usr/local/lib/python3.8/dist-packages/ovsdbapp/backend/ovs_idl/__init__.py:104}}
Jul 18 18:16:04 ubuntu neutron-server[132206]: DEBUG ovsdbapp.backend.ovs_idl [None req-51884f47-583d-45db-a891-e4ad9c271994 None None] Created schema index Gateway_Chassis.name {{(pid=132206) autocreate_indices /usr/local/lib/python3.8/dist-packages/ovsdbapp/backend/ovs_idl/__init__.py:104}}
Jul 18 18:16:04 ubuntu neutron-server[132206]: DEBUG ovsdbapp.backend.ovs_idl [None req-51884f47-583d-45db-a891-e4ad9c271994 None None] Created schema index Logical_Router_Port.name {{(pid=132206) autocreate_indices /usr/local/lib/python3.8/dist-packages/ovsdbapp/backend/ovs_idl/__init__.py:104}}
Jul 18 18:16:04 ubuntu neutron-server[132206]: DEBUG ovsdbapp.backend.ovs_idl [None req-51884f47-583d-45db-a891-e4ad9c271994 None None] Created schema index Port_Group.name {{(pid=132206) autocreate_indices /usr/local/lib/python3.8/dist-packages/ovsdbapp/backend/ovs_idl/__init__.py:104}}
Jul 18 18:16:04 ubuntu neutron-server[132206]: DEBUG ovsdbapp.backend.ovs_idl [None req-51884f47-583d-45db-a891-e4ad9c271994 None None] Created schema index Logical_Switch_Port.name {{(pid=132206) autocreate_indices /usr/local/lib/python3.8/dist-packages/ovsdbapp/backend/ovs_idl/__init__.py:104}}
Jul 18 18:16:04 ubuntu neutron-server[132424]: DEBUG neutron.common.ovn.hash_ring_manager [None req-d8c98b73-43c5-45bf-a407-13bc2c158f17 None None] Allow caching, nodes 2>=2 {{(pid=132424) _wait_startup_before_caching /opt/stack/neutron/neutron/common/ovn/hash_ring_manager.py:60}}
Jul 18 18:16:04 ubuntu neutron-server[132425]: DEBUG neutron.common.ovn.hash_ring_manager [None req-ab242563-e8fc-44f9-82ef-28723b1d6f34 None None] Allow caching, nodes 2>=2 {{(pid=132425) _wait_startup_before_caching /opt/stack/neutron/neutron/common/ovn/hash_ring_manager.py:60}}
Jul 18 18:16:04 ubuntu neutron-server[132206]: DEBUG ovsdbapp.backend.ovs_idl [None req-51884f47-583d-45db-a891-e4ad9c271994 None None] Created lookup_table index Chassis.name {{(pid=132206) autocreate_indices /usr/local/lib/python3.8/dist-packages/ovsdbapp/backend/ovs_idl/__init__.py:85}}
Jul 18 18:16:04 ubuntu neutron-server[132206]: DEBUG ovsdbapp.backend.ovs_idl [None req-51884f47-583d-45db-a891-e4ad9c271994 None None] Created lookup_table index MAC_Binding.ip {{(pid=132206) autocreate_indices /usr/local/lib/python3.8/dist-packages/ovsdbapp/backend/ovs_idl/__init__.py:85}}
Jul 18 18:16:04 ubuntu neutron-server[132206]: DEBUG ovsdbapp.backend.ovs_idl [None req-51884f47-583d-45db-a891-e4ad9c271994 None None] Created schema index Meter.name {{(pid=132206) autocreate_indices /usr/local/lib/python3.8/dist-packages/ovsdbapp/backend/ovs_idl/__init__.py:104}}
Jul 18 18:16:04 ubuntu neutron-server[132206]: DEBUG ovsdbapp.backend.ovs_idl [None req-51884f47-583d-45db-a891-e4ad9c271994 None None] Created schema index Address_Set.name {{(pid=132206) autocreate_indices /usr/local/lib/python3.8/dist-packages/ovsdbapp/backend/ovs_idl/__init__.py:104}}
Jul 18 18:16:04 ubuntu neutron-server[132206]: DEBUG ovsdbapp.backend.ovs_idl [None req-51884f47-583d-45db-a891-e4ad9c271994 None None] Created schema index HA_Chassis_Group.name {{(pid=132206) autocreate_indices /usr/local/lib/python3.8/dist-packages/ovsdbapp/backend/ovs_idl/__init__.py:104}}
Jul 18 18:16:04 ubuntu neutron-server[132206]: DEBUG ovsdbapp.backend.ovs_idl [None req-51884f47-583d-45db-a891-e4ad9c271994 None None] Created schema index IP_Multicast.datapath {{(pid=132206) autocreate_indices /usr/local/lib/python3.8/dist-packages/ovsdbapp/backend/ovs_idl/__init__.py:104}}
Jul 18 18:16:04 ubuntu neutron-server[132206]: DEBUG ovsdbapp.backend.ovs_idl [None req-51884f47-583d-45db-a891-e4ad9c271994 None None] Created schema index Connection.target {{(pid=132206) autocreate_indices /usr/local/lib/python3.8/dist-packages/ovsdbapp/backend/ovs_idl/__init__.py:104}}
Jul 18 18:16:04 ubuntu neutron-server[132206]: DEBUG ovsdbapp.backend.ovs_idl [None req-51884f47-583d-45db-a891-e4ad9c271994 None None] Created schema index Gateway_Chassis.name {{(pid=132206) autocreate_indices /usr/local/lib/python3.8/dist-packages/ovsdbapp/backend/ovs_idl/__init__.py:104}}
Jul 18 18:16:04 ubuntu neutron-server[132206]: DEBUG ovsdbapp.backend.ovs_idl [None req-51884f47-583d-45db-a891-e4ad9c271994 None None] Created schema index Port_Group.name {{(pid=132206) autocreate_indices /usr/local/lib/python3.8/dist-packages/ovsdbapp/backend/ovs_idl/__init__.py:104}}
Jul 18 18:16:04 ubuntu neutron-server[132206]: DEBUG ovsdbapp.backend.ovs_idl [None req-51884f47-583d-45db-a891-e4ad9c271994 None None] Created schema index Datapath_Binding.tunnel_key {{(pid=132206) autocreate_indices /usr/local/lib/python3.8/dist-packages/ovsdbapp/backend/ovs_idl/__init__.py:104}}
Jul 18 18:16:04 ubuntu neutron-server[132424]: DEBUG neutron.plugins.ml2.drivers.ovn.mech_driver.ovsdb.ovsdb_monitor [None req-d8c98b73-43c5-45bf-a407-13bc2c158f17 None None] Hash Ring: Node 00708e6b-de8f-4260-bbf9-34f8c32ceda7 (host: ubuntu) handling event "create" for row 68bc40af-d9d1-4249-ab4b-c6437ad49291 (table: Connection) {{(pid=132424) notify /opt/stack/neutron/neutron/plugins/ml2/drivers/ovn/mech_driver/ovsdb/ovsdb_monitor.py:743}}
Jul 18 18:16:04 ubuntu neutron-server[132425]: DEBUG neutron.plugins.ml2.drivers.ovn.mech_driver.ovsdb.ovsdb_monitor [None req-ab242563-e8fc-44f9-82ef-28723b1d6f34 None None] Hash Ring: Node ffeb3557-a73d-4e6b-9e68-b8f283235a69 (host: ubuntu) handling event "create" for row 7b311527-c7aa-42e3-bb28-6cbccd65d668 (table: Database) {{(pid=132425) notify /opt/stack/neutron/neutron/plugins/ml2/drivers/ovn/mech_driver/ovsdb/ovsdb_monitor.py:743}}
Jul 18 18:16:04 ubuntu neutron-server[132425]: DEBUG neutron.plugins.ml2.drivers.ovn.mech_driver.ovsdb.ovsdb_monitor [None req-ab242563-e8fc-44f9-82ef-28723b1d6f34 None None] Hash Ring: Node ffeb3557-a73d-4e6b-9e68-b8f283235a69 (host: ubuntu) handling event "create" for row ce5b37da-fd56-4d7b-bfdc-387b0cfd82f4 (table: Database) {{(pid=132425) notify /opt/stack/neutron/neutron/plugins/ml2/drivers/ovn/mech_driver/ovsdb/ovsdb_monitor.py:743}}
Jul 18 18:16:04 ubuntu neutron-server[132425]: DEBUG neutron.plugins.ml2.drivers.ovn.mech_driver.ovsdb.ovsdb_monitor [None req-ab242563-e8fc-44f9-82ef-28723b1d6f34 None None] Hash Ring: Node ffeb3557-a73d-4e6b-9e68-b8f283235a69 (host: ubuntu) handling event "create" for row b4adc54d-021e-442d-8755-a6c0142fb221 (table: Port_Group) {{(pid=132425) notify /opt/stack/neutron/neutron/plugins/ml2/drivers/ovn/mech_driver/ovsdb/ovsdb_monitor.py:743}}
Jul 18 18:16:04 ubuntu neutron-server[132425]: DEBUG neutron.plugins.ml2.drivers.ovn.mech_driver.ovsdb.ovsdb_monitor [None req-ab242563-e8fc-44f9-82ef-28723b1d6f34 None None] Hash Ring: Node ffeb3557-a73d-4e6b-9e68-b8f283235a69 (host: ubuntu) handling event "create" for row c96e52e3-483b-4653-893e-67a3b9e3dba3 (table: NB_Global) {{(pid=132425) notify /opt/stack/neutron/neutron/plugins/ml2/drivers/ovn/mech_driver/ovsdb/ovsdb_monitor.py:743}}
Jul 18 18:16:04 ubuntu neutron-server[132425]: DEBUG neutron.plugins.ml2.drivers.ovn.mech_driver.ovsdb.ovsdb_monitor [None req-ab242563-e8fc-44f9-82ef-28723b1d6f34 None None] Hash Ring: Node ffeb3557-a73d-4e6b-9e68-b8f283235a69 (host: ubuntu) handling event "create" for row 8a6fdeb9-d7b0-4cb1-a0bb-93a4a3f0a753 (table: ACL) {{(pid=132425) notify /opt/stack/neutron/neutron/plugins/ml2/drivers/ovn/mech_driver/ovsdb/ovsdb_monitor.py:743}}
Jul 18 18:16:04 ubuntu neutron-server[132424]: INFO neutron.plugins.ml2.drivers.ovn.mech_driver.ovsdb.impl_idl_ovn [None req-d8c98b73-43c5-45bf-a407-13bc2c158f17 None None] Getting OvsdbSbOvnIdl for WorkerService with retry
Jul 18 18:16:04 ubuntu neutron-server[132425]: DEBUG neutron.plugins.ml2.drivers.ovn.mech_driver.ovsdb.ovsdb_monitor [None req-ab242563-e8fc-44f9-82ef-28723b1d6f34 None None] Hash Ring: Node ffeb3557-a73d-4e6b-9e68-b8f283235a69 (host: ubuntu) handling event "create" for row f62ee582-0024-4ff7-b314-1cc0f607f13f (table: ACL) {{(pid=132425) notify /opt/stack/neutron/neutron/plugins/ml2/drivers/ovn/mech_driver/ovsdb/ovsdb_monitor.py:743}}
Jul 18 18:16:04 ubuntu neutron-server[132425]: INFO neutron.plugins.ml2.drivers.ovn.mech_driver.ovsdb.impl_idl_ovn [None req-ab242563-e8fc-44f9-82ef-28723b1d6f34 None None] Getting OvsdbSbOvnIdl for WorkerService with retry
Jul 18 18:16:04 ubuntu neutron-server[132424]: DEBUG ovsdbapp.backend.ovs_idl [None req-d8c98b73-43c5-45bf-a407-13bc2c158f17 None None] Created lookup_table index Chassis.name {{(pid=132424) autocreate_indices /usr/local/lib/python3.8/dist-packages/ovsdbapp/backend/ovs_idl/__init__.py:85}}
Jul 18 18:16:04 ubuntu neutron-server[132424]: DEBUG ovsdbapp.backend.ovs_idl [None req-d8c98b73-43c5-45bf-a407-13bc2c158f17 None None] Created schema index Datapath_Binding.tunnel_key {{(pid=132424) autocreate_indices /usr/local/lib/python3.8/dist-packages/ovsdbapp/backend/ovs_idl/__init__.py:104}}
Jul 18 18:16:04 ubuntu neutron-server[132424]: DEBUG ovsdbapp.backend.ovs_idl [None req-d8c98b73-43c5-45bf-a407-13bc2c158f17 None None] Created schema index Connection.target {{(pid=132424) autocreate_indices /usr/local/lib/python3.8/dist-packages/ovsdbapp/backend/ovs_idl/__init__.py:104}}
Jul 18 18:16:04 ubuntu neutron-server[132424]: INFO ovsdbapp.backend.ovs_idl.vlog [None req-d8c98b73-43c5-45bf-a407-13bc2c158f17 None None] tcp:192.168.79.42:6642: connecting...
Jul 18 18:16:04 ubuntu neutron-server[132424]: INFO ovsdbapp.backend.ovs_idl.vlog [None req-d8c98b73-43c5-45bf-a407-13bc2c158f17 None None] tcp:192.168.79.42:6642: connected
Jul 18 18:16:04 ubuntu neutron-server[132425]: DEBUG ovsdbapp.backend.ovs_idl [None req-ab242563-e8fc-44f9-82ef-28723b1d6f34 None None] Created lookup_table index Chassis.name {{(pid=132425) autocreate_indices /usr/local/lib/python3.8/dist-packages/ovsdbapp/backend/ovs_idl/__init__.py:85}}
Jul 18 18:16:04 ubuntu neutron-server[132425]: DEBUG ovsdbapp.backend.ovs_idl [None req-ab242563-e8fc-44f9-82ef-28723b1d6f34 None None] Created schema index Datapath_Binding.tunnel_key {{(pid=132425) autocreate_indices /usr/local/lib/python3.8/dist-packages/ovsdbapp/backend/ovs_idl/__init__.py:104}}
Jul 18 18:16:04 ubuntu neutron-server[132425]: DEBUG ovsdbapp.backend.ovs_idl [None req-ab242563-e8fc-44f9-82ef-28723b1d6f34 None None] Created schema index Connection.target {{(pid=132425) autocreate_indices /usr/local/lib/python3.8/dist-packages/ovsdbapp/backend/ovs_idl/__init__.py:104}}
Jul 18 18:16:04 ubuntu neutron-server[132425]: INFO ovsdbapp.backend.ovs_idl.vlog [None req-ab242563-e8fc-44f9-82ef-28723b1d6f34 None None] tcp:192.168.79.42:6642: connecting...
Jul 18 18:16:04 ubuntu neutron-server[132425]: INFO ovsdbapp.backend.ovs_idl.vlog [None req-ab242563-e8fc-44f9-82ef-28723b1d6f34 None None] tcp:192.168.79.42:6642: connected
Jul 18 18:16:04 ubuntu neutron-server[132206]: INFO oslo_service.service [None req-51884f47-583d-45db-a891-e4ad9c271994 None None] Starting 1 workers
Jul 18 18:16:04 ubuntu neutron-server[132424]: DEBUG neutron.common.ovn.hash_ring_manager [None req-d8c98b73-43c5-45bf-a407-13bc2c158f17 None None] Allow caching, nodes 2>=2 {{(pid=132424) _wait_startup_before_caching /opt/stack/neutron/neutron/common/ovn/hash_ring_manager.py:60}}
Jul 18 18:16:04 ubuntu neutron-server[132425]: DEBUG neutron.common.ovn.hash_ring_manager [None req-ab242563-e8fc-44f9-82ef-28723b1d6f34 None None] Allow caching, nodes 2>=2 {{(pid=132425) _wait_startup_before_caching /opt/stack/neutron/neutron/common/ovn/hash_ring_manager.py:60}}
Jul 18 18:16:04 ubuntu neutron-server[132206]: DEBUG oslo_service.service [None req-51884f47-583d-45db-a891-e4ad9c271994 None None] Started child 132427 {{(pid=132206) _start_child /usr/local/lib/python3.8/dist-packages/oslo_service/service.py:575}}
Jul 18 18:16:04 ubuntu neutron-server[132424]: DEBUG neutron.plugins.ml2.drivers.ovn.mech_driver.ovsdb.ovsdb_monitor [None req-d8c98b73-43c5-45bf-a407-13bc2c158f17 None None] Hash Ring: Node 00708e6b-de8f-4260-bbf9-34f8c32ceda7 (host: ubuntu) handling event "create" for row cda664d0-2e75-4323-8681-b4e960fe23ba (table: Database) {{(pid=132424) notify /opt/stack/neutron/neutron/plugins/ml2/drivers/ovn/mech_driver/ovsdb/ovsdb_monitor.py:743}}
Jul 18 18:16:04 ubuntu neutron-server[132206]: INFO oslo_service.service [None req-51884f47-583d-45db-a891-e4ad9c271994 None None] Starting 1 workers
Jul 18 18:16:04 ubuntu neutron-server[132206]: DEBUG oslo_service.service [None req-51884f47-583d-45db-a891-e4ad9c271994 None None] Started child 132429 {{(pid=132206) _start_child /usr/local/lib/python3.8/dist-packages/oslo_service/service.py:575}}
Jul 18 18:16:04 ubuntu neutron-server[132206]: INFO oslo_service.service [None req-51884f47-583d-45db-a891-e4ad9c271994 None None] Starting 1 workers
Jul 18 18:16:04 ubuntu neutron-server[132424]: DEBUG neutron.plugins.ml2.drivers.ovn.mech_driver.ovsdb.ovsdb_monitor [None req-d8c98b73-43c5-45bf-a407-13bc2c158f17 None None] Hash Ring: Node 00708e6b-de8f-4260-bbf9-34f8c32ceda7 (host: ubuntu) handling event "create" for row 8f9caee1-c596-4419-bff4-a3ec87237057 (table: Database) {{(pid=132424) notify /opt/stack/neutron/neutron/plugins/ml2/drivers/ovn/mech_driver/ovsdb/ovsdb_monitor.py:743}}
Jul 18 18:16:04 ubuntu neutron-server[132206]: DEBUG oslo_service.service [None req-51884f47-583d-45db-a891-e4ad9c271994 None None] Started child 132430 {{(pid=132206) _start_child /usr/local/lib/python3.8/dist-packages/oslo_service/service.py:575}}
Jul 18 18:16:04 ubuntu neutron-server[132206]: DEBUG neutron_lib.callbacks.manager [None req-51884f47-583d-45db-a891-e4ad9c271994 None None] Publish callbacks [] for process (None), after_spawn {{(pid=132206) _notify_loop /usr/local/lib/python3.8/dist-packages/neutron_lib/callbacks/manager.py:176}}
Jul 18 18:16:04 ubuntu neutron-server[132424]: DEBUG neutron.plugins.ml2.drivers.ovn.mech_driver.ovsdb.ovsdb_monitor [None req-d8c98b73-43c5-45bf-a407-13bc2c158f17 None None] Hash Ring: Node 00708e6b-de8f-4260-bbf9-34f8c32ceda7 (host: ubuntu) handling event "create" for row f78b4ab3-86e1-40c4-bb3b-9bbee0680bda (table: Encap) {{(pid=132424) notify /opt/stack/neutron/neutron/plugins/ml2/drivers/ovn/mech_driver/ovsdb/ovsdb_monitor.py:743}}
Jul 18 18:16:04 ubuntu neutron-server[132206]: DEBUG oslo_service.service [-] Full set of CONF: {{(pid=132206) wait /usr/local/lib/python3.8/dist-packages/oslo_service/service.py:649}}
Jul 18 18:16:04 ubuntu neutron-server[132424]: DEBUG neutron.plugins.ml2.drivers.ovn.mech_driver.ovsdb.ovsdb_monitor [None req-d8c98b73-43c5-45bf-a407-13bc2c158f17 None None] ChassisAgentWriteEvent : Matched Chassis, create, None None {{(pid=132424) matches /opt/stack/neutron/neutron/plugins/ml2/drivers/ovn/mech_driver/ovsdb/ovsdb_monitor.py:62}}
Jul 18 18:16:04 ubuntu neutron-server[132206]: DEBUG oslo_service.service [-] ******************************************************************************** {{(pid=132206) log_opt_values /usr/local/lib/python3.8/dist-packages/oslo_config/cfg.py:2589}}
Jul 18 18:16:04 ubuntu neutron-server[132206]: DEBUG oslo_service.service [-] Configuration options gathered from: {{(pid=132206) log_opt_values /usr/local/lib/python3.8/dist-packages/oslo_config/cfg.py:2590}}
Jul 18 18:16:04 ubuntu neutron-server[132424]: DEBUG neutron.plugins.ml2.drivers.ovn.mech_driver.ovsdb.ovsdb_monitor [None req-d8c98b73-43c5-45bf-a407-13bc2c158f17 None None] ChassisMetadataAgentWriteEvent : Matched Chassis, create, None None {{(pid=132424) matches /opt/stack/neutron/neutron/plugins/ml2/drivers/ovn/mech_driver/ovsdb/ovsdb_monitor.py:62}}
Jul 18 18:16:04 ubuntu neutron-server[132206]: DEBUG oslo_service.service [-] command line args: ['--config-file', '/etc/neutron/neutron.conf', '--config-file', '/etc/neutron/plugins/ml2/ml2_conf.ini'] {{(pid=132206) log_opt_values /usr/local/lib/python3.8/dist-packages/oslo_config/cfg.py:2591}}
Jul 18 18:16:04 ubuntu neutron-server[132206]: DEBUG oslo_service.service [-] config files: ['/etc/neutron/neutron.conf', '/etc/neutron/plugins/ml2/ml2_conf.ini'] {{(pid=132206) log_opt_values /usr/local/lib/python3.8/dist-packages/oslo_config/cfg.py:2592}}
Jul 18 18:16:04 ubuntu neutron-server[132206]: DEBUG oslo_service.service [-] ================================================================================ {{(pid=132206) log_opt_values /usr/local/lib/python3.8/dist-packages/oslo_config/cfg.py:2594}}
Jul 18 18:16:04 ubuntu neutron-server[132424]: DEBUG neutron.plugins.ml2.drivers.ovn.mech_driver.ovsdb.ovsdb_monitor [None req-d8c98b73-43c5-45bf-a407-13bc2c158f17 None None] Hash Ring: Node 00708e6b-de8f-4260-bbf9-34f8c32ceda7 (host: ubuntu) handling event "create" for row 3a6b94bf-2535-4d1c-806e-6b34f462bcc3 (table: Connection) {{(pid=132424) notify /opt/stack/neutron/neutron/plugins/ml2/drivers/ovn/mech_driver/ovsdb/ovsdb_monitor.py:743}}
Jul 18 18:16:04 ubuntu neutron-server[132206]: DEBUG oslo_service.service [-] agent_down_time                = 75 {{(pid=132206) log_opt_values /usr/local/lib/python3.8/dist-packages/oslo_config/cfg.py:2602}}
Jul 18 18:16:04 ubuntu neutron-server[132206]: DEBUG oslo_service.service [-] allow_automatic_dhcp_failover  = True {{(pid=132206) log_opt_values /usr/local/lib/python3.8/dist-packages/oslo_config/cfg.py:2602}}
Jul 18 18:16:04 ubuntu neutron-server[132206]: DEBUG oslo_service.service [-] allow_bulk                     = True {{(pid=132206) log_opt_values /usr/local/lib/python3.8/dist-packages/oslo_config/cfg.py:2602}}
