Jul 28 17:42:14 ubuntu neutron-server[143462]: DEBUG neutron.api.extensions [None req-f0b140ad-f8c6-45d2-be8b-acf1f39971ec None None] Ext name="Trunk Extension" alias="trunk" description="Provides support for trunk ports" updated="2016-01-01T10:00:00-00:00" {{(pid=143462) _check_extension /opt/stack/neutron/neutron/api/extensions.py:416}}
Jul 28 17:42:14 ubuntu neutron-server[143462]: INFO neutron.api.extensions [None req-f0b140ad-f8c6-45d2-be8b-acf1f39971ec None None] Extension trunk not supported by any of loaded plugins
Jul 28 17:42:14 ubuntu neutron-server[143462]: DEBUG neutron.api.extensions [None req-f0b140ad-f8c6-45d2-be8b-acf1f39971ec None None] Loading extension file: trunk_details.py {{(pid=143462) _load_all_extensions_from_path /opt/stack/neutron/neutron/api/extensions.py:450}}
Jul 28 17:42:14 ubuntu neutron-server[143462]: DEBUG neutron.api.extensions [None req-f0b140ad-f8c6-45d2-be8b-acf1f39971ec None None] Ext name="Trunk port details" alias="trunk-details" description="Expose trunk port details" updated="2016-01-01T10:00:00-00:00" {{(pid=143462) _check_extension /opt/stack/neutron/neutron/api/extensions.py:416}}
Jul 28 17:42:14 ubuntu neutron-server[143462]: INFO neutron.api.extensions [None req-f0b140ad-f8c6-45d2-be8b-acf1f39971ec None None] Extension trunk-details not supported by any of loaded plugins
Jul 28 17:42:14 ubuntu neutron-server[143462]: DEBUG neutron.api.extensions [None req-f0b140ad-f8c6-45d2-be8b-acf1f39971ec None None] Loading extension file: uplink_status_propagation.py {{(pid=143462) _load_all_extensions_from_path /opt/stack/neutron/neutron/api/extensions.py:450}}
Jul 28 17:42:14 ubuntu neutron-server[143462]: DEBUG neutron.api.extensions [None req-f0b140ad-f8c6-45d2-be8b-acf1f39971ec None None] Ext name="Uplink status propagation extension" alias="uplink-status-propagation" description="Provides ability to propagate port uplink status." updated="2018-05-31T18:00:00-00:00" {{(pid=143462) _check_extension /opt/stack/neutron/neutron/api/extensions.py:416}}
Jul 28 17:42:14 ubuntu neutron-server[143462]: INFO neutron.api.extensions [None req-f0b140ad-f8c6-45d2-be8b-acf1f39971ec None None] Extension uplink-status-propagation not supported by any of loaded plugins
Jul 28 17:42:14 ubuntu neutron-server[143462]: DEBUG neutron.api.extensions [None req-f0b140ad-f8c6-45d2-be8b-acf1f39971ec None None] Loading extension file: vlantransparent.py {{(pid=143462) _load_all_extensions_from_path /opt/stack/neutron/neutron/api/extensions.py:450}}
Jul 28 17:42:14 ubuntu neutron-server[143462]: DEBUG neutron.api.extensions [None req-f0b140ad-f8c6-45d2-be8b-acf1f39971ec None None] Ext name="Vlantransparent" alias="vlan-transparent" description="Provides Vlan Transparent Networks" updated="2015-03-23T09:00:00-00:00" {{(pid=143462) _check_extension /opt/stack/neutron/neutron/api/extensions.py:416}}
Jul 28 17:42:14 ubuntu neutron-server[143462]: INFO neutron.api.extensions [None req-f0b140ad-f8c6-45d2-be8b-acf1f39971ec None None] Extension vlan-transparent not supported by any of loaded plugins
Jul 28 17:42:14 ubuntu neutron-server[143462]: INFO neutron.quota.resource_registry [None req-f0b140ad-f8c6-45d2-be8b-acf1f39971ec None None] Creating instance of TrackedResource for resource:network
Jul 28 17:42:14 ubuntu neutron-server[143462]: INFO neutron.quota.resource_registry [None req-f0b140ad-f8c6-45d2-be8b-acf1f39971ec None None] Creating instance of TrackedResource for resource:subnet
Jul 28 17:42:14 ubuntu neutron-server[143462]: INFO neutron.quota.resource_registry [None req-f0b140ad-f8c6-45d2-be8b-acf1f39971ec None None] Creating instance of TrackedResource for resource:subnetpool
Jul 28 17:42:14 ubuntu neutron-server[143462]: INFO neutron.quota.resource_registry [None req-f0b140ad-f8c6-45d2-be8b-acf1f39971ec None None] Creating instance of TrackedResource for resource:port
Jul 28 17:42:14 ubuntu neutron-server[143462]: DEBUG neutron.api.v2.resource_helper [None req-f0b140ad-f8c6-45d2-be8b-acf1f39971ec None None] Service FLAVORS assigned prefix:  {{(pid=143462) build_resource_info /opt/stack/neutron/neutron/api/v2/resource_helper.py:77}}
Jul 28 17:42:14 ubuntu neutron-server[143462]: DEBUG neutron.api.v2.resource_helper [None req-f0b140ad-f8c6-45d2-be8b-acf1f39971ec None None] Service L3_ROUTER_NAT assigned prefix:  {{(pid=143462) build_resource_info /opt/stack/neutron/neutron/api/v2/resource_helper.py:77}}
Jul 28 17:42:14 ubuntu neutron-server[143462]: DEBUG neutron.api.v2.resource_helper [None req-f0b140ad-f8c6-45d2-be8b-acf1f39971ec None None] Service L3_ROUTER_NAT assigned prefix:  {{(pid=143462) build_resource_info /opt/stack/neutron/neutron/api/v2/resource_helper.py:77}}
Jul 28 17:42:14 ubuntu neutron-server[143462]: INFO neutron.quota.resource_registry [None req-f0b140ad-f8c6-45d2-be8b-acf1f39971ec None None] Creating instance of TrackedResource for resource:router
Jul 28 17:42:14 ubuntu neutron-server[143462]: INFO neutron.quota.resource_registry [None req-f0b140ad-f8c6-45d2-be8b-acf1f39971ec None None] Creating instance of TrackedResource for resource:floatingip
Jul 28 17:42:14 ubuntu neutron-server[143462]: DEBUG neutron_lib.callbacks.manager [None req-f0b140ad-f8c6-45d2-be8b-acf1f39971ec None None] Subscribe: <bound method NeutronDbPluginV2.validate_network_rbac_policy_change of <neutron.services.network_ip_availability.plugin.NetworkIPAvailabilityPlugin object at 0x7f28360645e0>> rbac-policy before_create 55550000 {{(pid=143462) subscribe /usr/local/lib/python3.8/dist-packages/neutron_lib/callbacks/manager.py:45}}
Jul 28 17:42:14 ubuntu neutron-server[143462]: DEBUG neutron_lib.callbacks.manager [None req-f0b140ad-f8c6-45d2-be8b-acf1f39971ec None None] Subscribe: <bound method NeutronDbPluginV2.validate_network_rbac_policy_change of <neutron.services.network_ip_availability.plugin.NetworkIPAvailabilityPlugin object at 0x7f28360645e0>> rbac-policy before_update 55550000 {{(pid=143462) subscribe /usr/local/lib/python3.8/dist-packages/neutron_lib/callbacks/manager.py:45}}
Jul 28 17:42:14 ubuntu neutron-server[143462]: DEBUG neutron_lib.callbacks.manager [None req-f0b140ad-f8c6-45d2-be8b-acf1f39971ec None None] Subscribe: <bound method NeutronDbPluginV2.validate_network_rbac_policy_change of <neutron.services.network_ip_availability.plugin.NetworkIPAvailabilityPlugin object at 0x7f28360645e0>> rbac-policy before_delete 55550000 {{(pid=143462) subscribe /usr/local/lib/python3.8/dist-packages/neutron_lib/callbacks/manager.py:45}}
Jul 28 17:42:14 ubuntu neutron-server[143462]: INFO neutron.quota.resource_registry [None req-f0b140ad-f8c6-45d2-be8b-acf1f39971ec None None] Creating instance of CountableResource for resource:rbac_policy
Jul 28 17:42:14 ubuntu neutron-server[143462]: INFO neutron.quota.resource_registry [None req-f0b140ad-f8c6-45d2-be8b-acf1f39971ec None None] Creating instance of TrackedResource for resource:security_group
Jul 28 17:42:14 ubuntu neutron-server[143462]: INFO neutron.quota.resource_registry [None req-f0b140ad-f8c6-45d2-be8b-acf1f39971ec None None] Creating instance of TrackedResource for resource:security_group_rule
Jul 28 17:42:14 ubuntu neutron-server[143462]: DEBUG neutron.api.v2.resource_helper [None req-f0b140ad-f8c6-45d2-be8b-acf1f39971ec None None] Service FLAVORS assigned prefix:  {{(pid=143462) build_resource_info /opt/stack/neutron/neutron/api/v2/resource_helper.py:77}}
Jul 28 17:42:14 ubuntu neutron-server[143462]: DEBUG neutron.api.v2.resource_helper [None req-f0b140ad-f8c6-45d2-be8b-acf1f39971ec None None] Service L3_ROUTER_NAT assigned prefix:  {{(pid=143462) build_resource_info /opt/stack/neutron/neutron/api/v2/resource_helper.py:77}}
Jul 28 17:42:14 ubuntu neutron-server[143462]: DEBUG neutron.api.v2.resource_helper [None req-f0b140ad-f8c6-45d2-be8b-acf1f39971ec None None] Service L3_ROUTER_NAT assigned prefix:  {{(pid=143462) build_resource_info /opt/stack/neutron/neutron/api/v2/resource_helper.py:77}}
Jul 28 17:42:14 ubuntu neutron-server[143462]: INFO neutron.quota.resource_registry [None req-f0b140ad-f8c6-45d2-be8b-acf1f39971ec None None] Creating instance of TrackedResource for resource:router
Jul 28 17:42:14 ubuntu neutron-server[143462]: WARNING neutron.quota.resource_registry [None req-f0b140ad-f8c6-45d2-be8b-acf1f39971ec None None] router is already registered
Jul 28 17:42:14 ubuntu neutron-server[143462]: INFO neutron.quota.resource_registry [None req-f0b140ad-f8c6-45d2-be8b-acf1f39971ec None None] Creating instance of TrackedResource for resource:floatingip
Jul 28 17:42:14 ubuntu neutron-server[143462]: WARNING neutron.quota.resource_registry [None req-f0b140ad-f8c6-45d2-be8b-acf1f39971ec None None] floatingip is already registered
Jul 28 17:42:14 ubuntu neutron-server[143462]: INFO neutron.quota.resource_registry [None req-f0b140ad-f8c6-45d2-be8b-acf1f39971ec None None] Creating instance of CountableResource for resource:rbac_policy
Jul 28 17:42:14 ubuntu neutron-server[143462]: WARNING neutron.quota.resource_registry [None req-f0b140ad-f8c6-45d2-be8b-acf1f39971ec None None] rbac_policy is already registered
Jul 28 17:42:14 ubuntu neutron-server[143462]: INFO neutron.quota.resource_registry [None req-f0b140ad-f8c6-45d2-be8b-acf1f39971ec None None] Creating instance of TrackedResource for resource:security_group
Jul 28 17:42:14 ubuntu neutron-server[143462]: WARNING neutron.quota.resource_registry [None req-f0b140ad-f8c6-45d2-be8b-acf1f39971ec None None] security_group is already registered
Jul 28 17:42:14 ubuntu neutron-server[143462]: INFO neutron.quota.resource_registry [None req-f0b140ad-f8c6-45d2-be8b-acf1f39971ec None None] Creating instance of TrackedResource for resource:security_group_rule
Jul 28 17:42:14 ubuntu neutron-server[143462]: WARNING neutron.quota.resource_registry [None req-f0b140ad-f8c6-45d2-be8b-acf1f39971ec None None] security_group_rule is already registered
Jul 28 17:42:14 ubuntu neutron-server[143462]: DEBUG neutron.api.extensions [None req-f0b140ad-f8c6-45d2-be8b-acf1f39971ec None None] Extended resource: extensions {{(pid=143462) __init__ /opt/stack/neutron/neutron/api/extensions.py:157}}
Jul 28 17:42:14 ubuntu neutron-server[143462]: DEBUG neutron.api.extensions [None req-f0b140ad-f8c6-45d2-be8b-acf1f39971ec None None] Extended resource: address-groups {{(pid=143462) __init__ /opt/stack/neutron/neutron/api/extensions.py:157}}
Jul 28 17:42:14 ubuntu neutron-server[143462]: DEBUG neutron.api.extensions [None req-f0b140ad-f8c6-45d2-be8b-acf1f39971ec None None] Extended resource: address-scopes {{(pid=143462) __init__ /opt/stack/neutron/neutron/api/extensions.py:157}}
Jul 28 17:42:14 ubuntu neutron-server[143462]: DEBUG neutron.api.extensions [None req-f0b140ad-f8c6-45d2-be8b-acf1f39971ec None None] Extended resource: agents {{(pid=143462) __init__ /opt/stack/neutron/neutron/api/extensions.py:157}}
Jul 28 17:42:14 ubuntu neutron-server[143462]: DEBUG neutron.api.extensions [None req-f0b140ad-f8c6-45d2-be8b-acf1f39971ec None None] Extended resource: auto-allocated-topology {{(pid=143462) __init__ /opt/stack/neutron/neutron/api/extensions.py:157}}
Jul 28 17:42:14 ubuntu neutron-server[143462]: DEBUG neutron.api.extensions [None req-f0b140ad-f8c6-45d2-be8b-acf1f39971ec None None] Extended resource: availability_zones {{(pid=143462) __init__ /opt/stack/neutron/neutron/api/extensions.py:157}}
Jul 28 17:42:14 ubuntu neutron-server[143462]: DEBUG neutron.api.extensions [None req-f0b140ad-f8c6-45d2-be8b-acf1f39971ec None None] Extended resource: flavors {{(pid=143462) __init__ /opt/stack/neutron/neutron/api/extensions.py:157}}
Jul 28 17:42:14 ubuntu neutron-server[143462]: DEBUG neutron.api.extensions [None req-f0b140ad-f8c6-45d2-be8b-acf1f39971ec None None] Extended resource: service_profiles {{(pid=143462) __init__ /opt/stack/neutron/neutron/api/extensions.py:157}}
Jul 28 17:42:14 ubuntu neutron-server[143462]: DEBUG neutron.api.extensions [None req-f0b140ad-f8c6-45d2-be8b-acf1f39971ec None None] Extended resource: next_providers {{(pid=143462) __init__ /opt/stack/neutron/neutron/api/extensions.py:157}}
Jul 28 17:42:14 ubuntu neutron-server[143462]: DEBUG neutron.api.extensions [None req-f0b140ad-f8c6-45d2-be8b-acf1f39971ec None None] Extended resource: service_profiles {{(pid=143462) __init__ /opt/stack/neutron/neutron/api/extensions.py:157}}
Jul 28 17:42:14 ubuntu neutron-server[143462]: DEBUG neutron.api.extensions [None req-f0b140ad-f8c6-45d2-be8b-acf1f39971ec None None] Extended resource: floatingip-pools {{(pid=143462) __init__ /opt/stack/neutron/neutron/api/extensions.py:157}}
Jul 28 17:42:14 ubuntu neutron-server[143462]: DEBUG neutron.api.extensions [None req-f0b140ad-f8c6-45d2-be8b-acf1f39971ec None None] Extended resource: routers {{(pid=143462) __init__ /opt/stack/neutron/neutron/api/extensions.py:157}}
Jul 28 17:42:14 ubuntu neutron-server[143462]: DEBUG neutron.api.extensions [None req-f0b140ad-f8c6-45d2-be8b-acf1f39971ec None None] Extended resource: floatingips {{(pid=143462) __init__ /opt/stack/neutron/neutron/api/extensions.py:157}}
Jul 28 17:42:14 ubuntu neutron-server[143462]: DEBUG neutron.api.extensions [None req-f0b140ad-f8c6-45d2-be8b-acf1f39971ec None None] Extended resource: network-ip-availabilities {{(pid=143462) __init__ /opt/stack/neutron/neutron/api/extensions.py:157}}
Jul 28 17:42:14 ubuntu neutron-server[143462]: DEBUG neutron.api.extensions [None req-f0b140ad-f8c6-45d2-be8b-acf1f39971ec None None] Extended resource: bindings {{(pid=143462) __init__ /opt/stack/neutron/neutron/api/extensions.py:157}}
Jul 28 17:42:14 ubuntu neutron-server[143462]: DEBUG neutron.api.extensions [None req-f0b140ad-f8c6-45d2-be8b-acf1f39971ec None None] Extended resource: quotas {{(pid=143462) __init__ /opt/stack/neutron/neutron/api/extensions.py:157}}
Jul 28 17:42:14 ubuntu neutron-server[143462]: DEBUG neutron.api.extensions [None req-f0b140ad-f8c6-45d2-be8b-acf1f39971ec None None] Extended resource: quotas {{(pid=143462) __init__ /opt/stack/neutron/neutron/api/extensions.py:157}}
Jul 28 17:42:14 ubuntu neutron-server[143462]: DEBUG neutron.api.extensions [None req-f0b140ad-f8c6-45d2-be8b-acf1f39971ec None None] Extended resource: rbac-policies {{(pid=143462) __init__ /opt/stack/neutron/neutron/api/extensions.py:157}}
Jul 28 17:42:14 ubuntu neutron-server[143462]: DEBUG neutron.api.extensions [None req-f0b140ad-f8c6-45d2-be8b-acf1f39971ec None None] Extended resource: security-groups {{(pid=143462) __init__ /opt/stack/neutron/neutron/api/extensions.py:157}}
Jul 28 17:42:14 ubuntu neutron-server[143462]: DEBUG neutron.api.extensions [None req-f0b140ad-f8c6-45d2-be8b-acf1f39971ec None None] Extended resource: security-group-rules {{(pid=143462) __init__ /opt/stack/neutron/neutron/api/extensions.py:157}}
Jul 28 17:42:14 ubuntu neutron-server[143462]: DEBUG neutron.api.extensions [None req-f0b140ad-f8c6-45d2-be8b-acf1f39971ec None None] Extended resource: service-providers {{(pid=143462) __init__ /opt/stack/neutron/neutron/api/extensions.py:157}}
Jul 28 17:42:14 ubuntu neutron-server[143462]: DEBUG neutron.api.extensions [None req-f0b140ad-f8c6-45d2-be8b-acf1f39971ec None None] Extended resource: tags {{(pid=143462) __init__ /opt/stack/neutron/neutron/api/extensions.py:157}}
Jul 28 17:42:14 ubuntu neutron-server[143462]: DEBUG neutron.api.extensions [None req-f0b140ad-f8c6-45d2-be8b-acf1f39971ec None None] Extended resource: tags {{(pid=143462) __init__ /opt/stack/neutron/neutron/api/extensions.py:157}}
Jul 28 17:42:14 ubuntu neutron-server[143462]: DEBUG neutron.api.extensions [None req-f0b140ad-f8c6-45d2-be8b-acf1f39971ec None None] Extended resource: tags {{(pid=143462) __init__ /opt/stack/neutron/neutron/api/extensions.py:157}}
Jul 28 17:42:14 ubuntu neutron-server[143462]: DEBUG neutron.api.extensions [None req-f0b140ad-f8c6-45d2-be8b-acf1f39971ec None None] Extended resource: tags {{(pid=143462) __init__ /opt/stack/neutron/neutron/api/extensions.py:157}}
Jul 28 17:42:14 ubuntu neutron-server[143462]: DEBUG neutron.api.extensions [None req-f0b140ad-f8c6-45d2-be8b-acf1f39971ec None None] Extended resource: tags {{(pid=143462) __init__ /opt/stack/neutron/neutron/api/extensions.py:157}}
Jul 28 17:42:14 ubuntu neutron-server[143462]: DEBUG neutron.api.extensions [None req-f0b140ad-f8c6-45d2-be8b-acf1f39971ec None None] Extended resource: tags {{(pid=143462) __init__ /opt/stack/neutron/neutron/api/extensions.py:157}}
Jul 28 17:42:14 ubuntu neutron-server[143462]: DEBUG neutron.api.extensions [None req-f0b140ad-f8c6-45d2-be8b-acf1f39971ec None None] Extended resource: tags {{(pid=143462) __init__ /opt/stack/neutron/neutron/api/extensions.py:157}}
Jul 28 17:42:14 ubuntu neutron-server[143462]: DEBUG neutron.api.extensions [None req-f0b140ad-f8c6-45d2-be8b-acf1f39971ec None None] Extended resource: tags {{(pid=143462) __init__ /opt/stack/neutron/neutron/api/extensions.py:157}}
Jul 28 17:42:14 ubuntu neutron-server[143462]: DEBUG neutron.api.extensions [None req-f0b140ad-f8c6-45d2-be8b-acf1f39971ec None None] Extended resource: tags {{(pid=143462) __init__ /opt/stack/neutron/neutron/api/extensions.py:157}}
Jul 28 17:42:14 ubuntu neutron-server[143462]: DEBUG neutron.api.extensions [None req-f0b140ad-f8c6-45d2-be8b-acf1f39971ec None None] Extended resource: tags {{(pid=143462) __init__ /opt/stack/neutron/neutron/api/extensions.py:157}}
Jul 28 17:42:14 ubuntu neutron-server[143462]: WARNING keystonemiddleware.auth_token [None req-f0b140ad-f8c6-45d2-be8b-acf1f39971ec None None] AuthToken middleware is set with keystone_authtoken.service_token_roles_required set to False. This is backwards compatible but deprecated behaviour. Please set this to True.
Jul 28 17:42:14 ubuntu neutron-server[143462]: WARNING keystonemiddleware.auth_token [None req-f0b140ad-f8c6-45d2-be8b-acf1f39971ec None None] Configuring www_authenticate_uri to point to the public identity endpoint is required; clients may not be able to authenticate against an admin endpoint
Jul 28 17:42:14 ubuntu neutron-server[143462]: DEBUG oslo_concurrency.lockutils [None req-f0b140ad-f8c6-45d2-be8b-acf1f39971ec None None] Acquired lock "singleton_lock" {{(pid=143462) lock /usr/local/lib/python3.8/dist-packages/oslo_concurrency/lockutils.py:294}}
Jul 28 17:42:14 ubuntu neutron-server[143462]: DEBUG oslo_concurrency.lockutils [None req-f0b140ad-f8c6-45d2-be8b-acf1f39971ec None None] Releasing lock "singleton_lock" {{(pid=143462) lock /usr/local/lib/python3.8/dist-packages/oslo_concurrency/lockutils.py:312}}
Jul 28 17:42:14 ubuntu neutron-server[143462]: INFO oslo_service.service [None req-f0b140ad-f8c6-45d2-be8b-acf1f39971ec None None] Starting 2 workers
Jul 28 17:42:14 ubuntu neutron-server[143462]: DEBUG oslo_service.service [None req-f0b140ad-f8c6-45d2-be8b-acf1f39971ec None None] Started child 143670 {{(pid=143462) _start_child /usr/local/lib/python3.8/dist-packages/oslo_service/service.py:575}}
Jul 28 17:42:14 ubuntu neutron-server[143462]: DEBUG oslo_service.service [None req-f0b140ad-f8c6-45d2-be8b-acf1f39971ec None None] Started child 143671 {{(pid=143462) _start_child /usr/local/lib/python3.8/dist-packages/oslo_service/service.py:575}}
Jul 28 17:42:14 ubuntu neutron-server[143462]: INFO neutron.service [None req-f0b140ad-f8c6-45d2-be8b-acf1f39971ec None None] Neutron service started, listening on 0.0.0.0:9696
Jul 28 17:42:14 ubuntu neutron-server[143462]: DEBUG neutron_lib.callbacks.manager [None req-f0b140ad-f8c6-45d2-be8b-acf1f39971ec None None] Publish callbacks ['neutron.plugins.ml2.drivers.ovn.mech_driver.mech_driver.OVNMechanismDriver.pre_fork_initialize-649338'] for process (None), before_spawn {{(pid=143462) _notify_loop /usr/local/lib/python3.8/dist-packages/neutron_lib/callbacks/manager.py:176}}
Jul 28 17:42:14 ubuntu neutron-server[143670]: DEBUG neutron_lib.callbacks.manager [-] Publish callbacks ['neutron.plugins.ml2.drivers.ovn.mech_driver.mech_driver.OVNMechanismDriver.post_fork_initialize-649374'] for process (None), after_init {{(pid=143670) _notify_loop /usr/local/lib/python3.8/dist-packages/neutron_lib/callbacks/manager.py:176}}
Jul 28 17:42:14 ubuntu neutron-server[143671]: DEBUG neutron_lib.callbacks.manager [-] Publish callbacks ['neutron.plugins.ml2.drivers.ovn.mech_driver.mech_driver.OVNMechanismDriver.post_fork_initialize-649374'] for process (None), after_init {{(pid=143671) _notify_loop /usr/local/lib/python3.8/dist-packages/neutron_lib/callbacks/manager.py:176}}
Jul 28 17:42:14 ubuntu neutron-server[143670]: DEBUG dbcounter [-] [143670] Writer thread running {{(pid=143670) stat_writer /usr/local/lib/python3.8/dist-packages/dbcounter.py:99}}
Jul 28 17:42:14 ubuntu neutron-server[143462]: DEBUG ovsdbapp.backend.ovs_idl [None req-f0b140ad-f8c6-45d2-be8b-acf1f39971ec None None] Created schema index Port_Group.name {{(pid=143462) autocreate_indices /usr/local/lib/python3.8/dist-packages/ovsdbapp/backend/ovs_idl/__init__.py:104}}
Jul 28 17:42:14 ubuntu neutron-server[143462]: DEBUG ovsdbapp.backend.ovs_idl [None req-f0b140ad-f8c6-45d2-be8b-acf1f39971ec None None] Created schema index Logical_Switch_Port.name {{(pid=143462) autocreate_indices /usr/local/lib/python3.8/dist-packages/ovsdbapp/backend/ovs_idl/__init__.py:104}}
Jul 28 17:42:14 ubuntu neutron-server[143671]: DEBUG dbcounter [-] [143671] Writer thread running {{(pid=143671) stat_writer /usr/local/lib/python3.8/dist-packages/dbcounter.py:99}}
Jul 28 17:42:14 ubuntu neutron-server[143462]: DEBUG ovsdbapp.backend.ovs_idl.transaction [-] Running txn n=1 command(idx=0): PgAddCommand(name=neutron_pg_drop, may_exist=True, columns={'acls': []}) {{(pid=143462) do_commit /usr/local/lib/python3.8/dist-packages/ovsdbapp/backend/ovs_idl/transaction.py:90}}
Jul 28 17:42:14 ubuntu neutron-server[143462]: DEBUG ovsdbapp.backend.ovs_idl.transaction [-] Running txn n=1 command(idx=1): PgAclAddCommand(entity=neutron_pg_drop, direction=from-lport, priority=1001, match=inport == @neutron_pg_drop && ip, action=drop, log=False, may_exist=True, severity=[], name=[], meter=None, external_ids={}) {{(pid=143462) do_commit /usr/local/lib/python3.8/dist-packages/ovsdbapp/backend/ovs_idl/transaction.py:90}}
Jul 28 17:42:14 ubuntu neutron-server[143462]: DEBUG ovsdbapp.backend.ovs_idl.transaction [-] Running txn n=1 command(idx=2): PgAclAddCommand(entity=neutron_pg_drop, direction=to-lport, priority=1001, match=outport == @neutron_pg_drop && ip, action=drop, log=False, may_exist=True, severity=[], name=[], meter=None, external_ids={}) {{(pid=143462) do_commit /usr/local/lib/python3.8/dist-packages/ovsdbapp/backend/ovs_idl/transaction.py:90}}
Jul 28 17:42:14 ubuntu neutron-server[143462]: DEBUG ovsdbapp.backend.ovs_idl.event [-] Matched CREATE: NeutronPgDropPortGroupCreated(events=('create',), table='Port_Group', conditions=(('name', '=', 'neutron_pg_drop'),), old_conditions=None), priority=10 to row=Port_Group(name=neutron_pg_drop, ports=[], external_ids={}, acls=[<ovs.db.idl.Row object at 0x7f283600a130>, <ovs.db.idl.Row object at 0x7f2835f8dd60>]) old= {{(pid=143462) matches /usr/local/lib/python3.8/dist-packages/ovsdbapp/backend/ovs_idl/event.py:43}}
Jul 28 17:42:14 ubuntu neutron-server[143670]: INFO neutron.plugins.ml2.drivers.ovn.mech_driver.ovsdb.impl_idl_ovn [None req-36ed3e28-f447-4710-9857-049c82e03e61 None None] Getting OvsdbNbOvnIdl for WorkerService with retry
Jul 28 17:42:14 ubuntu neutron-server[143462]: DEBUG ovsdbapp.backend.ovs_idl [None req-f0b140ad-f8c6-45d2-be8b-acf1f39971ec None None] Created lookup_table index Logical_Switch.name {{(pid=143462) autocreate_indices /usr/local/lib/python3.8/dist-packages/ovsdbapp/backend/ovs_idl/__init__.py:85}}
Jul 28 17:42:14 ubuntu neutron-server[143462]: DEBUG ovsdbapp.backend.ovs_idl [None req-f0b140ad-f8c6-45d2-be8b-acf1f39971ec None None] Created lookup_table index Logical_Router.name {{(pid=143462) autocreate_indices /usr/local/lib/python3.8/dist-packages/ovsdbapp/backend/ovs_idl/__init__.py:85}}
Jul 28 17:42:14 ubuntu neutron-server[143462]: DEBUG ovsdbapp.backend.ovs_idl [None req-f0b140ad-f8c6-45d2-be8b-acf1f39971ec None None] Created lookup_table index Load_Balancer.name {{(pid=143462) autocreate_indices /usr/local/lib/python3.8/dist-packages/ovsdbapp/backend/ovs_idl/__init__.py:85}}
Jul 28 17:42:14 ubuntu neutron-server[143462]: DEBUG ovsdbapp.backend.ovs_idl [None req-f0b140ad-f8c6-45d2-be8b-acf1f39971ec None None] Created schema index Meter.name {{(pid=143462) autocreate_indices /usr/local/lib/python3.8/dist-packages/ovsdbapp/backend/ovs_idl/__init__.py:104}}
Jul 28 17:42:14 ubuntu neutron-server[143462]: DEBUG ovsdbapp.backend.ovs_idl [None req-f0b140ad-f8c6-45d2-be8b-acf1f39971ec None None] Created schema index Address_Set.name {{(pid=143462) autocreate_indices /usr/local/lib/python3.8/dist-packages/ovsdbapp/backend/ovs_idl/__init__.py:104}}
Jul 28 17:42:14 ubuntu neutron-server[143462]: DEBUG ovsdbapp.backend.ovs_idl [None req-f0b140ad-f8c6-45d2-be8b-acf1f39971ec None None] Created schema index HA_Chassis_Group.name {{(pid=143462) autocreate_indices /usr/local/lib/python3.8/dist-packages/ovsdbapp/backend/ovs_idl/__init__.py:104}}
Jul 28 17:42:14 ubuntu neutron-server[143462]: DEBUG ovsdbapp.backend.ovs_idl [None req-f0b140ad-f8c6-45d2-be8b-acf1f39971ec None None] Created schema index Connection.target {{(pid=143462) autocreate_indices /usr/local/lib/python3.8/dist-packages/ovsdbapp/backend/ovs_idl/__init__.py:104}}
Jul 28 17:42:14 ubuntu neutron-server[143462]: DEBUG ovsdbapp.backend.ovs_idl [None req-f0b140ad-f8c6-45d2-be8b-acf1f39971ec None None] Created schema index Gateway_Chassis.name {{(pid=143462) autocreate_indices /usr/local/lib/python3.8/dist-packages/ovsdbapp/backend/ovs_idl/__init__.py:104}}
Jul 28 17:42:14 ubuntu neutron-server[143462]: DEBUG ovsdbapp.backend.ovs_idl [None req-f0b140ad-f8c6-45d2-be8b-acf1f39971ec None None] Created schema index Logical_Router_Port.name {{(pid=143462) autocreate_indices /usr/local/lib/python3.8/dist-packages/ovsdbapp/backend/ovs_idl/__init__.py:104}}
Jul 28 17:42:14 ubuntu neutron-server[143462]: DEBUG ovsdbapp.backend.ovs_idl [None req-f0b140ad-f8c6-45d2-be8b-acf1f39971ec None None] Created schema index Port_Group.name {{(pid=143462) autocreate_indices /usr/local/lib/python3.8/dist-packages/ovsdbapp/backend/ovs_idl/__init__.py:104}}
Jul 28 17:42:14 ubuntu neutron-server[143462]: DEBUG ovsdbapp.backend.ovs_idl [None req-f0b140ad-f8c6-45d2-be8b-acf1f39971ec None None] Created schema index Logical_Switch_Port.name {{(pid=143462) autocreate_indices /usr/local/lib/python3.8/dist-packages/ovsdbapp/backend/ovs_idl/__init__.py:104}}
Jul 28 17:42:14 ubuntu neutron-server[143670]: DEBUG ovsdbapp.backend.ovs_idl [None req-36ed3e28-f447-4710-9857-049c82e03e61 None None] Created lookup_table index Logical_Switch.name {{(pid=143670) autocreate_indices /usr/local/lib/python3.8/dist-packages/ovsdbapp/backend/ovs_idl/__init__.py:85}}
Jul 28 17:42:14 ubuntu neutron-server[143670]: DEBUG ovsdbapp.backend.ovs_idl [None req-36ed3e28-f447-4710-9857-049c82e03e61 None None] Created lookup_table index Logical_Router.name {{(pid=143670) autocreate_indices /usr/local/lib/python3.8/dist-packages/ovsdbapp/backend/ovs_idl/__init__.py:85}}
Jul 28 17:42:14 ubuntu neutron-server[143670]: DEBUG ovsdbapp.backend.ovs_idl [None req-36ed3e28-f447-4710-9857-049c82e03e61 None None] Created lookup_table index Load_Balancer.name {{(pid=143670) autocreate_indices /usr/local/lib/python3.8/dist-packages/ovsdbapp/backend/ovs_idl/__init__.py:85}}
Jul 28 17:42:14 ubuntu neutron-server[143670]: DEBUG ovsdbapp.backend.ovs_idl [None req-36ed3e28-f447-4710-9857-049c82e03e61 None None] Created schema index Meter.name {{(pid=143670) autocreate_indices /usr/local/lib/python3.8/dist-packages/ovsdbapp/backend/ovs_idl/__init__.py:104}}
Jul 28 17:42:14 ubuntu neutron-server[143670]: DEBUG ovsdbapp.backend.ovs_idl [None req-36ed3e28-f447-4710-9857-049c82e03e61 None None] Created schema index Address_Set.name {{(pid=143670) autocreate_indices /usr/local/lib/python3.8/dist-packages/ovsdbapp/backend/ovs_idl/__init__.py:104}}
Jul 28 17:42:14 ubuntu neutron-server[143670]: DEBUG ovsdbapp.backend.ovs_idl [None req-36ed3e28-f447-4710-9857-049c82e03e61 None None] Created schema index HA_Chassis_Group.name {{(pid=143670) autocreate_indices /usr/local/lib/python3.8/dist-packages/ovsdbapp/backend/ovs_idl/__init__.py:104}}
Jul 28 17:42:14 ubuntu neutron-server[143670]: DEBUG ovsdbapp.backend.ovs_idl [None req-36ed3e28-f447-4710-9857-049c82e03e61 None None] Created schema index Connection.target {{(pid=143670) autocreate_indices /usr/local/lib/python3.8/dist-packages/ovsdbapp/backend/ovs_idl/__init__.py:104}}
Jul 28 17:42:14 ubuntu neutron-server[143670]: DEBUG ovsdbapp.backend.ovs_idl [None req-36ed3e28-f447-4710-9857-049c82e03e61 None None] Created schema index Gateway_Chassis.name {{(pid=143670) autocreate_indices /usr/local/lib/python3.8/dist-packages/ovsdbapp/backend/ovs_idl/__init__.py:104}}
Jul 28 17:42:14 ubuntu neutron-server[143670]: DEBUG ovsdbapp.backend.ovs_idl [None req-36ed3e28-f447-4710-9857-049c82e03e61 None None] Created schema index Logical_Router_Port.name {{(pid=143670) autocreate_indices /usr/local/lib/python3.8/dist-packages/ovsdbapp/backend/ovs_idl/__init__.py:104}}
Jul 28 17:42:14 ubuntu neutron-server[143670]: DEBUG ovsdbapp.backend.ovs_idl [None req-36ed3e28-f447-4710-9857-049c82e03e61 None None] Created schema index Port_Group.name {{(pid=143670) autocreate_indices /usr/local/lib/python3.8/dist-packages/ovsdbapp/backend/ovs_idl/__init__.py:104}}
Jul 28 17:42:14 ubuntu neutron-server[143671]: INFO neutron.plugins.ml2.drivers.ovn.mech_driver.ovsdb.impl_idl_ovn [None req-7dfbaba1-53e1-49d7-bafd-29b127835a7c None None] Getting OvsdbNbOvnIdl for WorkerService with retry
Jul 28 17:42:14 ubuntu neutron-server[143670]: DEBUG ovsdbapp.backend.ovs_idl [None req-36ed3e28-f447-4710-9857-049c82e03e61 None None] Created schema index Logical_Switch_Port.name {{(pid=143670) autocreate_indices /usr/local/lib/python3.8/dist-packages/ovsdbapp/backend/ovs_idl/__init__.py:104}}
Jul 28 17:42:14 ubuntu neutron-server[143670]: INFO ovsdbapp.backend.ovs_idl.vlog [None req-36ed3e28-f447-4710-9857-049c82e03e61 None None] tcp:192.168.79.48:6641: connecting...
Jul 28 17:42:14 ubuntu neutron-server[143670]: INFO ovsdbapp.backend.ovs_idl.vlog [None req-36ed3e28-f447-4710-9857-049c82e03e61 None None] tcp:192.168.79.48:6641: connected
Jul 28 17:42:14 ubuntu neutron-server[143671]: DEBUG ovsdbapp.backend.ovs_idl [None req-7dfbaba1-53e1-49d7-bafd-29b127835a7c None None] Created lookup_table index Logical_Switch.name {{(pid=143671) autocreate_indices /usr/local/lib/python3.8/dist-packages/ovsdbapp/backend/ovs_idl/__init__.py:85}}
Jul 28 17:42:14 ubuntu neutron-server[143671]: DEBUG ovsdbapp.backend.ovs_idl [None req-7dfbaba1-53e1-49d7-bafd-29b127835a7c None None] Created lookup_table index Logical_Router.name {{(pid=143671) autocreate_indices /usr/local/lib/python3.8/dist-packages/ovsdbapp/backend/ovs_idl/__init__.py:85}}
Jul 28 17:42:14 ubuntu neutron-server[143671]: DEBUG ovsdbapp.backend.ovs_idl [None req-7dfbaba1-53e1-49d7-bafd-29b127835a7c None None] Created lookup_table index Load_Balancer.name {{(pid=143671) autocreate_indices /usr/local/lib/python3.8/dist-packages/ovsdbapp/backend/ovs_idl/__init__.py:85}}
Jul 28 17:42:14 ubuntu neutron-server[143671]: DEBUG ovsdbapp.backend.ovs_idl [None req-7dfbaba1-53e1-49d7-bafd-29b127835a7c None None] Created schema index Meter.name {{(pid=143671) autocreate_indices /usr/local/lib/python3.8/dist-packages/ovsdbapp/backend/ovs_idl/__init__.py:104}}
Jul 28 17:42:14 ubuntu neutron-server[143671]: DEBUG ovsdbapp.backend.ovs_idl [None req-7dfbaba1-53e1-49d7-bafd-29b127835a7c None None] Created schema index Address_Set.name {{(pid=143671) autocreate_indices /usr/local/lib/python3.8/dist-packages/ovsdbapp/backend/ovs_idl/__init__.py:104}}
Jul 28 17:42:14 ubuntu neutron-server[143671]: DEBUG ovsdbapp.backend.ovs_idl [None req-7dfbaba1-53e1-49d7-bafd-29b127835a7c None None] Created schema index HA_Chassis_Group.name {{(pid=143671) autocreate_indices /usr/local/lib/python3.8/dist-packages/ovsdbapp/backend/ovs_idl/__init__.py:104}}
Jul 28 17:42:14 ubuntu neutron-server[143671]: DEBUG ovsdbapp.backend.ovs_idl [None req-7dfbaba1-53e1-49d7-bafd-29b127835a7c None None] Created schema index Connection.target {{(pid=143671) autocreate_indices /usr/local/lib/python3.8/dist-packages/ovsdbapp/backend/ovs_idl/__init__.py:104}}
Jul 28 17:42:14 ubuntu neutron-server[143671]: DEBUG ovsdbapp.backend.ovs_idl [None req-7dfbaba1-53e1-49d7-bafd-29b127835a7c None None] Created schema index Gateway_Chassis.name {{(pid=143671) autocreate_indices /usr/local/lib/python3.8/dist-packages/ovsdbapp/backend/ovs_idl/__init__.py:104}}
Jul 28 17:42:14 ubuntu neutron-server[143671]: DEBUG ovsdbapp.backend.ovs_idl [None req-7dfbaba1-53e1-49d7-bafd-29b127835a7c None None] Created schema index Logical_Router_Port.name {{(pid=143671) autocreate_indices /usr/local/lib/python3.8/dist-packages/ovsdbapp/backend/ovs_idl/__init__.py:104}}
Jul 28 17:42:14 ubuntu neutron-server[143671]: DEBUG ovsdbapp.backend.ovs_idl [None req-7dfbaba1-53e1-49d7-bafd-29b127835a7c None None] Created schema index Port_Group.name {{(pid=143671) autocreate_indices /usr/local/lib/python3.8/dist-packages/ovsdbapp/backend/ovs_idl/__init__.py:104}}
Jul 28 17:42:14 ubuntu neutron-server[143671]: DEBUG ovsdbapp.backend.ovs_idl [None req-7dfbaba1-53e1-49d7-bafd-29b127835a7c None None] Created schema index Logical_Switch_Port.name {{(pid=143671) autocreate_indices /usr/local/lib/python3.8/dist-packages/ovsdbapp/backend/ovs_idl/__init__.py:104}}
Jul 28 17:42:14 ubuntu neutron-server[143671]: INFO ovsdbapp.backend.ovs_idl.vlog [None req-7dfbaba1-53e1-49d7-bafd-29b127835a7c None None] tcp:192.168.79.48:6641: connecting...
Jul 28 17:42:14 ubuntu neutron-server[143671]: INFO ovsdbapp.backend.ovs_idl.vlog [None req-7dfbaba1-53e1-49d7-bafd-29b127835a7c None None] tcp:192.168.79.48:6641: connected
Jul 28 17:42:14 ubuntu neutron-server[143670]: DEBUG neutron.common.ovn.hash_ring_manager [None req-36ed3e28-f447-4710-9857-049c82e03e61 None None] Allow caching, nodes 2>=2 {{(pid=143670) _wait_startup_before_caching /opt/stack/neutron/neutron/common/ovn/hash_ring_manager.py:60}}
Jul 28 17:42:14 ubuntu neutron-server[143462]: DEBUG ovsdbapp.backend.ovs_idl [None req-f0b140ad-f8c6-45d2-be8b-acf1f39971ec None None] Created lookup_table index Chassis.name {{(pid=143462) autocreate_indices /usr/local/lib/python3.8/dist-packages/ovsdbapp/backend/ovs_idl/__init__.py:85}}
Jul 28 17:42:14 ubuntu neutron-server[143462]: DEBUG ovsdbapp.backend.ovs_idl [None req-f0b140ad-f8c6-45d2-be8b-acf1f39971ec None None] Created lookup_table index MAC_Binding.ip {{(pid=143462) autocreate_indices /usr/local/lib/python3.8/dist-packages/ovsdbapp/backend/ovs_idl/__init__.py:85}}
Jul 28 17:42:14 ubuntu neutron-server[143462]: DEBUG ovsdbapp.backend.ovs_idl [None req-f0b140ad-f8c6-45d2-be8b-acf1f39971ec None None] Created schema index Meter.name {{(pid=143462) autocreate_indices /usr/local/lib/python3.8/dist-packages/ovsdbapp/backend/ovs_idl/__init__.py:104}}
Jul 28 17:42:14 ubuntu neutron-server[143462]: DEBUG ovsdbapp.backend.ovs_idl [None req-f0b140ad-f8c6-45d2-be8b-acf1f39971ec None None] Created schema index Address_Set.name {{(pid=143462) autocreate_indices /usr/local/lib/python3.8/dist-packages/ovsdbapp/backend/ovs_idl/__init__.py:104}}
Jul 28 17:42:14 ubuntu neutron-server[143462]: DEBUG ovsdbapp.backend.ovs_idl [None req-f0b140ad-f8c6-45d2-be8b-acf1f39971ec None None] Created schema index HA_Chassis_Group.name {{(pid=143462) autocreate_indices /usr/local/lib/python3.8/dist-packages/ovsdbapp/backend/ovs_idl/__init__.py:104}}
Jul 28 17:42:14 ubuntu neutron-server[143462]: DEBUG ovsdbapp.backend.ovs_idl [None req-f0b140ad-f8c6-45d2-be8b-acf1f39971ec None None] Created schema index IP_Multicast.datapath {{(pid=143462) autocreate_indices /usr/local/lib/python3.8/dist-packages/ovsdbapp/backend/ovs_idl/__init__.py:104}}
Jul 28 17:42:14 ubuntu neutron-server[143462]: DEBUG ovsdbapp.backend.ovs_idl [None req-f0b140ad-f8c6-45d2-be8b-acf1f39971ec None None] Created schema index Connection.target {{(pid=143462) autocreate_indices /usr/local/lib/python3.8/dist-packages/ovsdbapp/backend/ovs_idl/__init__.py:104}}
Jul 28 17:42:14 ubuntu neutron-server[143462]: DEBUG ovsdbapp.backend.ovs_idl [None req-f0b140ad-f8c6-45d2-be8b-acf1f39971ec None None] Created schema index Gateway_Chassis.name {{(pid=143462) autocreate_indices /usr/local/lib/python3.8/dist-packages/ovsdbapp/backend/ovs_idl/__init__.py:104}}
Jul 28 17:42:14 ubuntu neutron-server[143462]: DEBUG ovsdbapp.backend.ovs_idl [None req-f0b140ad-f8c6-45d2-be8b-acf1f39971ec None None] Created schema index Port_Group.name {{(pid=143462) autocreate_indices /usr/local/lib/python3.8/dist-packages/ovsdbapp/backend/ovs_idl/__init__.py:104}}
Jul 28 17:42:14 ubuntu neutron-server[143462]: DEBUG ovsdbapp.backend.ovs_idl [None req-f0b140ad-f8c6-45d2-be8b-acf1f39971ec None None] Created schema index Datapath_Binding.tunnel_key {{(pid=143462) autocreate_indices /usr/local/lib/python3.8/dist-packages/ovsdbapp/backend/ovs_idl/__init__.py:104}}
Jul 28 17:42:14 ubuntu neutron-server[143670]: DEBUG neutron.plugins.ml2.drivers.ovn.mech_driver.ovsdb.ovsdb_monitor [None req-36ed3e28-f447-4710-9857-049c82e03e61 None None] Hash Ring: Node 8444d690-5f2f-4883-beff-444258ddd518 (host: ubuntu) handling event "create" for row d7742cbf-fd85-4661-8427-f7d8e40089b9 (table: Database) {{(pid=143670) notify /opt/stack/neutron/neutron/plugins/ml2/drivers/ovn/mech_driver/ovsdb/ovsdb_monitor.py:743}}
Jul 28 17:42:14 ubuntu neutron-server[143670]: DEBUG neutron.plugins.ml2.drivers.ovn.mech_driver.ovsdb.ovsdb_monitor [None req-36ed3e28-f447-4710-9857-049c82e03e61 None None] Hash Ring: Node 8444d690-5f2f-4883-beff-444258ddd518 (host: ubuntu) handling event "create" for row 0839d429-d543-4d4b-b645-06d966ad2849 (table: Database) {{(pid=143670) notify /opt/stack/neutron/neutron/plugins/ml2/drivers/ovn/mech_driver/ovsdb/ovsdb_monitor.py:743}}
Jul 28 17:42:14 ubuntu neutron-server[143670]: DEBUG neutron.plugins.ml2.drivers.ovn.mech_driver.ovsdb.ovsdb_monitor [None req-36ed3e28-f447-4710-9857-049c82e03e61 None None] Hash Ring: Node 8444d690-5f2f-4883-beff-444258ddd518 (host: ubuntu) handling event "create" for row f736a041-def6-4152-be22-0e0d18876062 (table: Port_Group) {{(pid=143670) notify /opt/stack/neutron/neutron/plugins/ml2/drivers/ovn/mech_driver/ovsdb/ovsdb_monitor.py:743}}
Jul 28 17:42:14 ubuntu neutron-server[143670]: DEBUG neutron.plugins.ml2.drivers.ovn.mech_driver.ovsdb.ovsdb_monitor [None req-36ed3e28-f447-4710-9857-049c82e03e61 None None] Hash Ring: Node 8444d690-5f2f-4883-beff-444258ddd518 (host: ubuntu) handling event "create" for row 102af7bb-cfdc-4f4b-99eb-3b2fa46de055 (table: NB_Global) {{(pid=143670) notify /opt/stack/neutron/neutron/plugins/ml2/drivers/ovn/mech_driver/ovsdb/ovsdb_monitor.py:743}}
Jul 28 17:42:14 ubuntu neutron-server[143671]: DEBUG neutron.common.ovn.hash_ring_manager [None req-7dfbaba1-53e1-49d7-bafd-29b127835a7c None None] Allow caching, nodes 2>=2 {{(pid=143671) _wait_startup_before_caching /opt/stack/neutron/neutron/common/ovn/hash_ring_manager.py:60}}
Jul 28 17:42:14 ubuntu neutron-server[143670]: DEBUG neutron.plugins.ml2.drivers.ovn.mech_driver.ovsdb.ovsdb_monitor [None req-36ed3e28-f447-4710-9857-049c82e03e61 None None] Hash Ring: Node 8444d690-5f2f-4883-beff-444258ddd518 (host: ubuntu) handling event "create" for row fd0ad4dd-ef3a-4759-a7a5-44184331fb7b (table: ACL) {{(pid=143670) notify /opt/stack/neutron/neutron/plugins/ml2/drivers/ovn/mech_driver/ovsdb/ovsdb_monitor.py:743}}
Jul 28 17:42:14 ubuntu neutron-server[143670]: DEBUG neutron.plugins.ml2.drivers.ovn.mech_driver.ovsdb.ovsdb_monitor [None req-36ed3e28-f447-4710-9857-049c82e03e61 None None] Hash Ring: Node 8444d690-5f2f-4883-beff-444258ddd518 (host: ubuntu) handling event "create" for row a98b667e-b55a-4e11-adec-7e577536f2f4 (table: Connection) {{(pid=143670) notify /opt/stack/neutron/neutron/plugins/ml2/drivers/ovn/mech_driver/ovsdb/ovsdb_monitor.py:743}}
Jul 28 17:42:14 ubuntu neutron-server[143670]: INFO neutron.plugins.ml2.drivers.ovn.mech_driver.ovsdb.impl_idl_ovn [None req-36ed3e28-f447-4710-9857-049c82e03e61 None None] Getting OvsdbSbOvnIdl for WorkerService with retry
Jul 28 17:42:14 ubuntu neutron-server[143671]: DEBUG neutron.plugins.ml2.drivers.ovn.mech_driver.ovsdb.ovsdb_monitor [None req-7dfbaba1-53e1-49d7-bafd-29b127835a7c None None] Hash Ring: Node 525f4a0b-c79c-45f4-a0a1-a68b1ad7f0f4 (host: ubuntu) handling event "create" for row 5b8d77cf-7639-4d3e-91ce-438847b709a4 (table: ACL) {{(pid=143671) notify /opt/stack/neutron/neutron/plugins/ml2/drivers/ovn/mech_driver/ovsdb/ovsdb_monitor.py:743}}
Jul 28 17:42:14 ubuntu neutron-server[143670]: DEBUG ovsdbapp.backend.ovs_idl [None req-36ed3e28-f447-4710-9857-049c82e03e61 None None] Created lookup_table index Chassis.name {{(pid=143670) autocreate_indices /usr/local/lib/python3.8/dist-packages/ovsdbapp/backend/ovs_idl/__init__.py:85}}
Jul 28 17:42:14 ubuntu neutron-server[143670]: DEBUG ovsdbapp.backend.ovs_idl [None req-36ed3e28-f447-4710-9857-049c82e03e61 None None] Created schema index Datapath_Binding.tunnel_key {{(pid=143670) autocreate_indices /usr/local/lib/python3.8/dist-packages/ovsdbapp/backend/ovs_idl/__init__.py:104}}
Jul 28 17:42:14 ubuntu neutron-server[143670]: DEBUG ovsdbapp.backend.ovs_idl [None req-36ed3e28-f447-4710-9857-049c82e03e61 None None] Created schema index Connection.target {{(pid=143670) autocreate_indices /usr/local/lib/python3.8/dist-packages/ovsdbapp/backend/ovs_idl/__init__.py:104}}
Jul 28 17:42:14 ubuntu neutron-server[143671]: INFO neutron.plugins.ml2.drivers.ovn.mech_driver.ovsdb.impl_idl_ovn [None req-7dfbaba1-53e1-49d7-bafd-29b127835a7c None None] Getting OvsdbSbOvnIdl for WorkerService with retry
Jul 28 17:42:14 ubuntu neutron-server[143670]: INFO ovsdbapp.backend.ovs_idl.vlog [None req-36ed3e28-f447-4710-9857-049c82e03e61 None None] tcp:192.168.79.48:6642: connecting...
Jul 28 17:42:14 ubuntu neutron-server[143670]: INFO ovsdbapp.backend.ovs_idl.vlog [None req-36ed3e28-f447-4710-9857-049c82e03e61 None None] tcp:192.168.79.48:6642: connected
Jul 28 17:42:14 ubuntu neutron-server[143671]: DEBUG ovsdbapp.backend.ovs_idl [None req-7dfbaba1-53e1-49d7-bafd-29b127835a7c None None] Created lookup_table index Chassis.name {{(pid=143671) autocreate_indices /usr/local/lib/python3.8/dist-packages/ovsdbapp/backend/ovs_idl/__init__.py:85}}
Jul 28 17:42:14 ubuntu neutron-server[143671]: DEBUG ovsdbapp.backend.ovs_idl [None req-7dfbaba1-53e1-49d7-bafd-29b127835a7c None None] Created schema index Datapath_Binding.tunnel_key {{(pid=143671) autocreate_indices /usr/local/lib/python3.8/dist-packages/ovsdbapp/backend/ovs_idl/__init__.py:104}}
Jul 28 17:42:14 ubuntu neutron-server[143671]: DEBUG ovsdbapp.backend.ovs_idl [None req-7dfbaba1-53e1-49d7-bafd-29b127835a7c None None] Created schema index Connection.target {{(pid=143671) autocreate_indices /usr/local/lib/python3.8/dist-packages/ovsdbapp/backend/ovs_idl/__init__.py:104}}
Jul 28 17:42:14 ubuntu neutron-server[143671]: INFO ovsdbapp.backend.ovs_idl.vlog [None req-7dfbaba1-53e1-49d7-bafd-29b127835a7c None None] tcp:192.168.79.48:6642: connecting...
Jul 28 17:42:14 ubuntu neutron-server[143671]: INFO ovsdbapp.backend.ovs_idl.vlog [None req-7dfbaba1-53e1-49d7-bafd-29b127835a7c None None] tcp:192.168.79.48:6642: connected
Jul 28 17:42:14 ubuntu neutron-server[143462]: INFO oslo_service.service [None req-f0b140ad-f8c6-45d2-be8b-acf1f39971ec None None] Starting 1 workers
Jul 28 17:42:14 ubuntu neutron-server[143462]: DEBUG oslo_service.service [None req-f0b140ad-f8c6-45d2-be8b-acf1f39971ec None None] Started child 143674 {{(pid=143462) _start_child /usr/local/lib/python3.8/dist-packages/oslo_service/service.py:575}}
Jul 28 17:42:14 ubuntu neutron-server[143462]: INFO oslo_service.service [None req-f0b140ad-f8c6-45d2-be8b-acf1f39971ec None None] Starting 1 workers
Jul 28 17:42:14 ubuntu neutron-server[143670]: DEBUG neutron.common.ovn.hash_ring_manager [None req-36ed3e28-f447-4710-9857-049c82e03e61 None None] Allow caching, nodes 2>=2 {{(pid=143670) _wait_startup_before_caching /opt/stack/neutron/neutron/common/ovn/hash_ring_manager.py:60}}
Jul 28 17:42:14 ubuntu neutron-server[143462]: DEBUG oslo_service.service [None req-f0b140ad-f8c6-45d2-be8b-acf1f39971ec None None] Started child 143675 {{(pid=143462) _start_child /usr/local/lib/python3.8/dist-packages/oslo_service/service.py:575}}
Jul 28 17:42:14 ubuntu neutron-server[143674]: DEBUG neutron.service [None req-f0b140ad-f8c6-45d2-be8b-acf1f39971ec None None] calling RpcWorker wait() {{(pid=143674) _wait /opt/stack/neutron/neutron/service.py:128}}
Jul 28 17:42:14 ubuntu neutron-server[143674]: DEBUG neutron.service [None req-f0b140ad-f8c6-45d2-be8b-acf1f39971ec None None] returning from RpcWorker wait() {{(pid=143674) _wait /opt/stack/neutron/neutron/service.py:135}}
Jul 28 17:42:14 ubuntu neutron-server[143462]: INFO oslo_service.service [None req-f0b140ad-f8c6-45d2-be8b-acf1f39971ec None None] Starting 1 workers
Jul 28 17:42:14 ubuntu neutron-server[143674]: DEBUG neutron_lib.callbacks.manager [-] Publish callbacks ['neutron.plugins.ml2.drivers.ovn.mech_driver.mech_driver.OVNMechanismDriver.post_fork_initialize-649374'] for process (None), after_init {{(pid=143674) _notify_loop /usr/local/lib/python3.8/dist-packages/neutron_lib/callbacks/manager.py:176}}
Jul 28 17:42:14 ubuntu neutron-server[143674]: INFO neutron.plugins.ml2.drivers.ovn.mech_driver.ovsdb.impl_idl_ovn [-] Getting OvsdbNbOvnIdl for RpcWorker with retry
Jul 28 17:42:14 ubuntu neutron-server[143462]: DEBUG oslo_service.service [None req-f0b140ad-f8c6-45d2-be8b-acf1f39971ec None None] Started child 143676 {{(pid=143462) _start_child /usr/local/lib/python3.8/dist-packages/oslo_service/service.py:575}}
Jul 28 17:42:14 ubuntu neutron-server[143462]: DEBUG neutron_lib.callbacks.manager [None req-f0b140ad-f8c6-45d2-be8b-acf1f39971ec None None] Publish callbacks [] for process (None), after_spawn {{(pid=143462) _notify_loop /usr/local/lib/python3.8/dist-packages/neutron_lib/callbacks/manager.py:176}}
Jul 28 17:42:14 ubuntu neutron-server[143462]: DEBUG oslo_service.service [-] Full set of CONF: {{(pid=143462) wait /usr/local/lib/python3.8/dist-packages/oslo_service/service.py:649}}
Jul 28 17:42:14 ubuntu neutron-server[143462]: DEBUG oslo_service.service [-] ******************************************************************************** {{(pid=143462) log_opt_values /usr/local/lib/python3.8/dist-packages/oslo_config/cfg.py:2589}}
Jul 28 17:42:14 ubuntu neutron-server[143462]: DEBUG oslo_service.service [-] Configuration options gathered from: {{(pid=143462) log_opt_values /usr/local/lib/python3.8/dist-packages/oslo_config/cfg.py:2590}}
Jul 28 17:42:14 ubuntu neutron-server[143462]: DEBUG oslo_service.service [-] command line args: ['--config-file', '/etc/neutron/neutron.conf', '--config-file', '/etc/neutron/plugins/ml2/ml2_conf.ini'] {{(pid=143462) log_opt_values /usr/local/lib/python3.8/dist-packages/oslo_config/cfg.py:2591}}
Jul 28 17:42:14 ubuntu neutron-server[143462]: DEBUG oslo_service.service [-] config files: ['/etc/neutron/neutron.conf', '/etc/neutron/plugins/ml2/ml2_conf.ini'] {{(pid=143462) log_opt_values /usr/local/lib/python3.8/dist-packages/oslo_config/cfg.py:2592}}
Jul 28 17:42:14 ubuntu neutron-server[143462]: DEBUG oslo_service.service [-] ================================================================================ {{(pid=143462) log_opt_values /usr/local/lib/python3.8/dist-packages/oslo_config/cfg.py:2594}}
Jul 28 17:42:14 ubuntu neutron-server[143462]: DEBUG oslo_service.service [-] agent_down_time                = 75 {{(pid=143462) log_opt_values /usr/local/lib/python3.8/dist-packages/oslo_config/cfg.py:2602}}
Jul 28 17:42:14 ubuntu neutron-server[143462]: DEBUG oslo_service.service [-] allow_automatic_dhcp_failover  = True {{(pid=143462) log_opt_values /usr/local/lib/python3.8/dist-packages/oslo_config/cfg.py:2602}}
Jul 28 17:42:14 ubuntu neutron-server[143462]: DEBUG oslo_service.service [-] allow_bulk                     = True {{(pid=143462) log_opt_values /usr/local/lib/python3.8/dist-packages/oslo_config/cfg.py:2602}}
Jul 28 17:42:14 ubuntu neutron-server[143675]: DEBUG neutron_lib.callbacks.manager [-] Publish callbacks ['neutron.plugins.ml2.drivers.ovn.mech_driver.mech_driver.OVNMechanismDriver.post_fork_initialize-649374'] for process (None), after_init {{(pid=143675) _notify_loop /usr/local/lib/python3.8/dist-packages/neutron_lib/callbacks/manager.py:176}}
Jul 28 17:42:14 ubuntu neutron-server[143462]: DEBUG oslo_service.service [-] allowed_conntrack_helpers      = [{'amanda': 'tcp'}, {'ftp': 'tcp'}, {'h323': 'udp'}, {'h323': 'tcp'}, {'irc': 'tcp'}, {'netbios-ns': 'udp'}, {'pptp': 'tcp'}, {'sane': 'tcp'}, {'sip': 'udp'}, {'sip': 'tcp'}, {'snmp': 'udp'}, {'tftp': 'udp'}] {{(pid=143462) log_opt_values /usr/local/lib/python3.8/dist-packages/oslo_config/cfg.py:2602}}
Jul 28 17:42:14 ubuntu neutron-server[143462]: DEBUG oslo_service.service [-] api_extensions_path            =  {{(pid=143462) log_opt_values /usr/local/lib/python3.8/dist-packages/oslo_config/cfg.py:2602}}
Jul 28 17:42:14 ubuntu neutron-server[143675]: INFO neutron.plugins.ml2.drivers.ovn.mech_driver.ovsdb.impl_idl_ovn [-] Getting OvsdbNbOvnIdl for MaintenanceWorker with retry
Jul 28 17:42:14 ubuntu neutron-server[143462]: DEBUG oslo_service.service [-] api_paste_config               = api-paste.ini {{(pid=143462) log_opt_values /usr/local/lib/python3.8/dist-packages/oslo_config/cfg.py:2602}}
Jul 28 17:42:14 ubuntu neutron-server[143462]: DEBUG oslo_service.service [-] api_workers                    = 2 {{(pid=143462) log_opt_values /usr/local/lib/python3.8/dist-packages/oslo_config/cfg.py:2602}}
Jul 28 17:42:14 ubuntu neutron-server[143462]: DEBUG oslo_service.service [-] auth_strategy                  = keystone {{(pid=143462) log_opt_values /usr/local/lib/python3.8/dist-packages/oslo_config/cfg.py:2602}}
