Jun 16 21:32:55 ubuntu neutron-server[122609]: DEBUG neutron.api.extensions [None req-98d62b12-6529-457d-adfb-6390e8cf794f None None] Loading extension file: trunk_details.py {{(pid=122609) _load_all_extensions_from_path /opt/stack/neutron/neutron/api/extensions.py:450}}
Jun 16 21:32:55 ubuntu neutron-server[122609]: DEBUG neutron.api.extensions [None req-98d62b12-6529-457d-adfb-6390e8cf794f None None] Ext name="Trunk port details" alias="trunk-details" description="Expose trunk port details" updated="2016-01-01T10:00:00-00:00" {{(pid=122609) _check_extension /opt/stack/neutron/neutron/api/extensions.py:416}}
Jun 16 21:32:55 ubuntu neutron-server[122609]: INFO neutron.api.extensions [None req-98d62b12-6529-457d-adfb-6390e8cf794f None None] Extension trunk-details not supported by any of loaded plugins
Jun 16 21:32:55 ubuntu neutron-server[122609]: DEBUG neutron.api.extensions [None req-98d62b12-6529-457d-adfb-6390e8cf794f None None] Loading extension file: uplink_status_propagation.py {{(pid=122609) _load_all_extensions_from_path /opt/stack/neutron/neutron/api/extensions.py:450}}
Jun 16 21:32:55 ubuntu neutron-server[122609]: DEBUG neutron.api.extensions [None req-98d62b12-6529-457d-adfb-6390e8cf794f None None] Ext name="Uplink status propagation extension" alias="uplink-status-propagation" description="Provides ability to propagate port uplink status." updated="2018-05-31T18:00:00-00:00" {{(pid=122609) _check_extension /opt/stack/neutron/neutron/api/extensions.py:416}}
Jun 16 21:32:55 ubuntu neutron-server[122609]: INFO neutron.api.extensions [None req-98d62b12-6529-457d-adfb-6390e8cf794f None None] Extension uplink-status-propagation not supported by any of loaded plugins
Jun 16 21:32:55 ubuntu neutron-server[122609]: DEBUG neutron.api.extensions [None req-98d62b12-6529-457d-adfb-6390e8cf794f None None] Loading extension file: vlantransparent.py {{(pid=122609) _load_all_extensions_from_path /opt/stack/neutron/neutron/api/extensions.py:450}}
Jun 16 21:32:55 ubuntu neutron-server[122609]: DEBUG neutron.api.extensions [None req-98d62b12-6529-457d-adfb-6390e8cf794f None None] Ext name="Vlantransparent" alias="vlan-transparent" description="Provides Vlan Transparent Networks" updated="2015-03-23T09:00:00-00:00" {{(pid=122609) _check_extension /opt/stack/neutron/neutron/api/extensions.py:416}}
Jun 16 21:32:55 ubuntu neutron-server[122609]: INFO neutron.api.extensions [None req-98d62b12-6529-457d-adfb-6390e8cf794f None None] Extension vlan-transparent not supported by any of loaded plugins
Jun 16 21:32:55 ubuntu neutron-server[122609]: INFO neutron.quota.resource_registry [None req-98d62b12-6529-457d-adfb-6390e8cf794f None None] Creating instance of TrackedResource for resource:network
Jun 16 21:32:55 ubuntu neutron-server[122609]: INFO neutron.quota.resource_registry [None req-98d62b12-6529-457d-adfb-6390e8cf794f None None] Creating instance of TrackedResource for resource:subnet
Jun 16 21:32:55 ubuntu neutron-server[122609]: INFO neutron.quota.resource_registry [None req-98d62b12-6529-457d-adfb-6390e8cf794f None None] Creating instance of TrackedResource for resource:subnetpool
Jun 16 21:32:55 ubuntu neutron-server[122609]: INFO neutron.quota.resource_registry [None req-98d62b12-6529-457d-adfb-6390e8cf794f None None] Creating instance of TrackedResource for resource:port
Jun 16 21:32:55 ubuntu neutron-server[122609]: DEBUG neutron.api.v2.resource_helper [None req-98d62b12-6529-457d-adfb-6390e8cf794f None None] Service FLAVORS assigned prefix:  {{(pid=122609) build_resource_info /opt/stack/neutron/neutron/api/v2/resource_helper.py:77}}
Jun 16 21:32:55 ubuntu neutron-server[122609]: DEBUG neutron.api.v2.resource_helper [None req-98d62b12-6529-457d-adfb-6390e8cf794f None None] Service L3_ROUTER_NAT assigned prefix:  {{(pid=122609) build_resource_info /opt/stack/neutron/neutron/api/v2/resource_helper.py:77}}
Jun 16 21:32:55 ubuntu neutron-server[122609]: DEBUG neutron.api.v2.resource_helper [None req-98d62b12-6529-457d-adfb-6390e8cf794f None None] Service L3_ROUTER_NAT assigned prefix:  {{(pid=122609) build_resource_info /opt/stack/neutron/neutron/api/v2/resource_helper.py:77}}
Jun 16 21:32:55 ubuntu neutron-server[122609]: INFO neutron.quota.resource_registry [None req-98d62b12-6529-457d-adfb-6390e8cf794f None None] Creating instance of TrackedResource for resource:router
Jun 16 21:32:55 ubuntu neutron-server[122609]: INFO neutron.quota.resource_registry [None req-98d62b12-6529-457d-adfb-6390e8cf794f None None] Creating instance of TrackedResource for resource:floatingip
Jun 16 21:32:55 ubuntu neutron-server[122609]: DEBUG neutron_lib.callbacks.manager [None req-98d62b12-6529-457d-adfb-6390e8cf794f None None] Subscribe: <bound method NeutronDbPluginV2.validate_network_rbac_policy_change of <neutron.services.network_ip_availability.plugin.NetworkIPAvailabilityPlugin object at 0x7f905d53be80>> rbac-policy before_create 55550000 {{(pid=122609) subscribe /usr/local/lib/python3.8/dist-packages/neutron_lib/callbacks/manager.py:45}}
Jun 16 21:32:55 ubuntu neutron-server[122609]: DEBUG neutron_lib.callbacks.manager [None req-98d62b12-6529-457d-adfb-6390e8cf794f None None] Subscribe: <bound method NeutronDbPluginV2.validate_network_rbac_policy_change of <neutron.services.network_ip_availability.plugin.NetworkIPAvailabilityPlugin object at 0x7f905d53be80>> rbac-policy before_update 55550000 {{(pid=122609) subscribe /usr/local/lib/python3.8/dist-packages/neutron_lib/callbacks/manager.py:45}}
Jun 16 21:32:55 ubuntu neutron-server[122609]: DEBUG neutron_lib.callbacks.manager [None req-98d62b12-6529-457d-adfb-6390e8cf794f None None] Subscribe: <bound method NeutronDbPluginV2.validate_network_rbac_policy_change of <neutron.services.network_ip_availability.plugin.NetworkIPAvailabilityPlugin object at 0x7f905d53be80>> rbac-policy before_delete 55550000 {{(pid=122609) subscribe /usr/local/lib/python3.8/dist-packages/neutron_lib/callbacks/manager.py:45}}
Jun 16 21:32:55 ubuntu neutron-server[122609]: INFO neutron.quota.resource_registry [None req-98d62b12-6529-457d-adfb-6390e8cf794f None None] Creating instance of CountableResource for resource:rbac_policy
Jun 16 21:32:55 ubuntu neutron-server[122609]: INFO neutron.quota.resource_registry [None req-98d62b12-6529-457d-adfb-6390e8cf794f None None] Creating instance of TrackedResource for resource:security_group
Jun 16 21:32:55 ubuntu neutron-server[122609]: INFO neutron.quota.resource_registry [None req-98d62b12-6529-457d-adfb-6390e8cf794f None None] Creating instance of TrackedResource for resource:security_group_rule
Jun 16 21:32:55 ubuntu neutron-server[122609]: DEBUG neutron.api.v2.resource_helper [None req-98d62b12-6529-457d-adfb-6390e8cf794f None None] Service FLAVORS assigned prefix:  {{(pid=122609) build_resource_info /opt/stack/neutron/neutron/api/v2/resource_helper.py:77}}
Jun 16 21:32:55 ubuntu neutron-server[122609]: DEBUG neutron.api.v2.resource_helper [None req-98d62b12-6529-457d-adfb-6390e8cf794f None None] Service L3_ROUTER_NAT assigned prefix:  {{(pid=122609) build_resource_info /opt/stack/neutron/neutron/api/v2/resource_helper.py:77}}
Jun 16 21:32:55 ubuntu neutron-server[122609]: DEBUG neutron.api.v2.resource_helper [None req-98d62b12-6529-457d-adfb-6390e8cf794f None None] Service L3_ROUTER_NAT assigned prefix:  {{(pid=122609) build_resource_info /opt/stack/neutron/neutron/api/v2/resource_helper.py:77}}
Jun 16 21:32:55 ubuntu neutron-server[122609]: INFO neutron.quota.resource_registry [None req-98d62b12-6529-457d-adfb-6390e8cf794f None None] Creating instance of TrackedResource for resource:router
Jun 16 21:32:55 ubuntu neutron-server[122609]: WARNING neutron.quota.resource_registry [None req-98d62b12-6529-457d-adfb-6390e8cf794f None None] router is already registered
Jun 16 21:32:55 ubuntu neutron-server[122609]: INFO neutron.quota.resource_registry [None req-98d62b12-6529-457d-adfb-6390e8cf794f None None] Creating instance of TrackedResource for resource:floatingip
Jun 16 21:32:55 ubuntu neutron-server[122609]: WARNING neutron.quota.resource_registry [None req-98d62b12-6529-457d-adfb-6390e8cf794f None None] floatingip is already registered
Jun 16 21:32:55 ubuntu neutron-server[122609]: INFO neutron.quota.resource_registry [None req-98d62b12-6529-457d-adfb-6390e8cf794f None None] Creating instance of CountableResource for resource:rbac_policy
Jun 16 21:32:55 ubuntu neutron-server[122609]: WARNING neutron.quota.resource_registry [None req-98d62b12-6529-457d-adfb-6390e8cf794f None None] rbac_policy is already registered
Jun 16 21:32:55 ubuntu neutron-server[122609]: INFO neutron.quota.resource_registry [None req-98d62b12-6529-457d-adfb-6390e8cf794f None None] Creating instance of TrackedResource for resource:security_group
Jun 16 21:32:55 ubuntu neutron-server[122609]: WARNING neutron.quota.resource_registry [None req-98d62b12-6529-457d-adfb-6390e8cf794f None None] security_group is already registered
Jun 16 21:32:55 ubuntu neutron-server[122609]: INFO neutron.quota.resource_registry [None req-98d62b12-6529-457d-adfb-6390e8cf794f None None] Creating instance of TrackedResource for resource:security_group_rule
Jun 16 21:32:55 ubuntu neutron-server[122609]: WARNING neutron.quota.resource_registry [None req-98d62b12-6529-457d-adfb-6390e8cf794f None None] security_group_rule is already registered
Jun 16 21:32:55 ubuntu neutron-server[122609]: DEBUG neutron.api.extensions [None req-98d62b12-6529-457d-adfb-6390e8cf794f None None] Extended resource: extensions {{(pid=122609) __init__ /opt/stack/neutron/neutron/api/extensions.py:157}}
Jun 16 21:32:55 ubuntu neutron-server[122609]: DEBUG neutron.api.extensions [None req-98d62b12-6529-457d-adfb-6390e8cf794f None None] Extended resource: address-groups {{(pid=122609) __init__ /opt/stack/neutron/neutron/api/extensions.py:157}}
Jun 16 21:32:55 ubuntu neutron-server[122609]: DEBUG neutron.api.extensions [None req-98d62b12-6529-457d-adfb-6390e8cf794f None None] Extended resource: address-scopes {{(pid=122609) __init__ /opt/stack/neutron/neutron/api/extensions.py:157}}
Jun 16 21:32:55 ubuntu neutron-server[122609]: DEBUG neutron.api.extensions [None req-98d62b12-6529-457d-adfb-6390e8cf794f None None] Extended resource: agents {{(pid=122609) __init__ /opt/stack/neutron/neutron/api/extensions.py:157}}
Jun 16 21:32:55 ubuntu neutron-server[122609]: DEBUG neutron.api.extensions [None req-98d62b12-6529-457d-adfb-6390e8cf794f None None] Extended resource: auto-allocated-topology {{(pid=122609) __init__ /opt/stack/neutron/neutron/api/extensions.py:157}}
Jun 16 21:32:55 ubuntu neutron-server[122609]: DEBUG neutron.api.extensions [None req-98d62b12-6529-457d-adfb-6390e8cf794f None None] Extended resource: availability_zones {{(pid=122609) __init__ /opt/stack/neutron/neutron/api/extensions.py:157}}
Jun 16 21:32:55 ubuntu neutron-server[122609]: DEBUG neutron.api.extensions [None req-98d62b12-6529-457d-adfb-6390e8cf794f None None] Extended resource: flavors {{(pid=122609) __init__ /opt/stack/neutron/neutron/api/extensions.py:157}}
Jun 16 21:32:55 ubuntu neutron-server[122609]: DEBUG neutron.api.extensions [None req-98d62b12-6529-457d-adfb-6390e8cf794f None None] Extended resource: service_profiles {{(pid=122609) __init__ /opt/stack/neutron/neutron/api/extensions.py:157}}
Jun 16 21:32:55 ubuntu neutron-server[122609]: DEBUG neutron.api.extensions [None req-98d62b12-6529-457d-adfb-6390e8cf794f None None] Extended resource: next_providers {{(pid=122609) __init__ /opt/stack/neutron/neutron/api/extensions.py:157}}
Jun 16 21:32:55 ubuntu neutron-server[122609]: DEBUG neutron.api.extensions [None req-98d62b12-6529-457d-adfb-6390e8cf794f None None] Extended resource: service_profiles {{(pid=122609) __init__ /opt/stack/neutron/neutron/api/extensions.py:157}}
Jun 16 21:32:55 ubuntu neutron-server[122609]: DEBUG neutron.api.extensions [None req-98d62b12-6529-457d-adfb-6390e8cf794f None None] Extended resource: floatingip-pools {{(pid=122609) __init__ /opt/stack/neutron/neutron/api/extensions.py:157}}
Jun 16 21:32:55 ubuntu neutron-server[122609]: DEBUG neutron.api.extensions [None req-98d62b12-6529-457d-adfb-6390e8cf794f None None] Extended resource: routers {{(pid=122609) __init__ /opt/stack/neutron/neutron/api/extensions.py:157}}
Jun 16 21:32:55 ubuntu neutron-server[122609]: DEBUG neutron.api.extensions [None req-98d62b12-6529-457d-adfb-6390e8cf794f None None] Extended resource: floatingips {{(pid=122609) __init__ /opt/stack/neutron/neutron/api/extensions.py:157}}
Jun 16 21:32:55 ubuntu neutron-server[122609]: DEBUG neutron.api.extensions [None req-98d62b12-6529-457d-adfb-6390e8cf794f None None] Extended resource: network-ip-availabilities {{(pid=122609) __init__ /opt/stack/neutron/neutron/api/extensions.py:157}}
Jun 16 21:32:55 ubuntu neutron-server[122609]: DEBUG neutron.api.extensions [None req-98d62b12-6529-457d-adfb-6390e8cf794f None None] Extended resource: bindings {{(pid=122609) __init__ /opt/stack/neutron/neutron/api/extensions.py:157}}
Jun 16 21:32:55 ubuntu neutron-server[122609]: DEBUG neutron.api.extensions [None req-98d62b12-6529-457d-adfb-6390e8cf794f None None] Extended resource: quotas {{(pid=122609) __init__ /opt/stack/neutron/neutron/api/extensions.py:157}}
Jun 16 21:32:55 ubuntu neutron-server[122609]: DEBUG neutron.api.extensions [None req-98d62b12-6529-457d-adfb-6390e8cf794f None None] Extended resource: quotas {{(pid=122609) __init__ /opt/stack/neutron/neutron/api/extensions.py:157}}
Jun 16 21:32:55 ubuntu neutron-server[122609]: DEBUG neutron.api.extensions [None req-98d62b12-6529-457d-adfb-6390e8cf794f None None] Extended resource: rbac-policies {{(pid=122609) __init__ /opt/stack/neutron/neutron/api/extensions.py:157}}
Jun 16 21:32:55 ubuntu neutron-server[122609]: DEBUG neutron.api.extensions [None req-98d62b12-6529-457d-adfb-6390e8cf794f None None] Extended resource: security-groups {{(pid=122609) __init__ /opt/stack/neutron/neutron/api/extensions.py:157}}
Jun 16 21:32:55 ubuntu neutron-server[122609]: DEBUG neutron.api.extensions [None req-98d62b12-6529-457d-adfb-6390e8cf794f None None] Extended resource: security-group-rules {{(pid=122609) __init__ /opt/stack/neutron/neutron/api/extensions.py:157}}
Jun 16 21:32:55 ubuntu neutron-server[122609]: DEBUG neutron.api.extensions [None req-98d62b12-6529-457d-adfb-6390e8cf794f None None] Extended resource: service-providers {{(pid=122609) __init__ /opt/stack/neutron/neutron/api/extensions.py:157}}
Jun 16 21:32:55 ubuntu neutron-server[122609]: DEBUG neutron.api.extensions [None req-98d62b12-6529-457d-adfb-6390e8cf794f None None] Extended resource: tags {{(pid=122609) __init__ /opt/stack/neutron/neutron/api/extensions.py:157}}
Jun 16 21:32:55 ubuntu neutron-server[122609]: DEBUG neutron.api.extensions [None req-98d62b12-6529-457d-adfb-6390e8cf794f None None] Extended resource: tags {{(pid=122609) __init__ /opt/stack/neutron/neutron/api/extensions.py:157}}
Jun 16 21:32:55 ubuntu neutron-server[122609]: DEBUG neutron.api.extensions [None req-98d62b12-6529-457d-adfb-6390e8cf794f None None] Extended resource: tags {{(pid=122609) __init__ /opt/stack/neutron/neutron/api/extensions.py:157}}
Jun 16 21:32:55 ubuntu neutron-server[122609]: DEBUG neutron.api.extensions [None req-98d62b12-6529-457d-adfb-6390e8cf794f None None] Extended resource: tags {{(pid=122609) __init__ /opt/stack/neutron/neutron/api/extensions.py:157}}
Jun 16 21:32:55 ubuntu neutron-server[122609]: DEBUG neutron.api.extensions [None req-98d62b12-6529-457d-adfb-6390e8cf794f None None] Extended resource: tags {{(pid=122609) __init__ /opt/stack/neutron/neutron/api/extensions.py:157}}
Jun 16 21:32:55 ubuntu neutron-server[122609]: DEBUG neutron.api.extensions [None req-98d62b12-6529-457d-adfb-6390e8cf794f None None] Extended resource: tags {{(pid=122609) __init__ /opt/stack/neutron/neutron/api/extensions.py:157}}
Jun 16 21:32:55 ubuntu neutron-server[122609]: DEBUG neutron.api.extensions [None req-98d62b12-6529-457d-adfb-6390e8cf794f None None] Extended resource: tags {{(pid=122609) __init__ /opt/stack/neutron/neutron/api/extensions.py:157}}
Jun 16 21:32:55 ubuntu neutron-server[122609]: DEBUG neutron.api.extensions [None req-98d62b12-6529-457d-adfb-6390e8cf794f None None] Extended resource: tags {{(pid=122609) __init__ /opt/stack/neutron/neutron/api/extensions.py:157}}
Jun 16 21:32:55 ubuntu neutron-server[122609]: DEBUG neutron.api.extensions [None req-98d62b12-6529-457d-adfb-6390e8cf794f None None] Extended resource: tags {{(pid=122609) __init__ /opt/stack/neutron/neutron/api/extensions.py:157}}
Jun 16 21:32:55 ubuntu neutron-server[122609]: DEBUG neutron.api.extensions [None req-98d62b12-6529-457d-adfb-6390e8cf794f None None] Extended resource: tags {{(pid=122609) __init__ /opt/stack/neutron/neutron/api/extensions.py:157}}
Jun 16 21:32:55 ubuntu neutron-server[122609]: WARNING keystonemiddleware.auth_token [None req-98d62b12-6529-457d-adfb-6390e8cf794f None None] AuthToken middleware is set with keystone_authtoken.service_token_roles_required set to False. This is backwards compatible but deprecated behaviour. Please set this to True.
Jun 16 21:32:55 ubuntu neutron-server[122609]: WARNING keystonemiddleware.auth_token [None req-98d62b12-6529-457d-adfb-6390e8cf794f None None] Configuring www_authenticate_uri to point to the public identity endpoint is required; clients may not be able to authenticate against an admin endpoint
Jun 16 21:32:55 ubuntu neutron-server[122609]: DEBUG oslo_concurrency.lockutils [None req-98d62b12-6529-457d-adfb-6390e8cf794f None None] Acquired lock "singleton_lock" {{(pid=122609) lock /usr/local/lib/python3.8/dist-packages/oslo_concurrency/lockutils.py:294}}
Jun 16 21:32:55 ubuntu neutron-server[122609]: DEBUG oslo_concurrency.lockutils [None req-98d62b12-6529-457d-adfb-6390e8cf794f None None] Releasing lock "singleton_lock" {{(pid=122609) lock /usr/local/lib/python3.8/dist-packages/oslo_concurrency/lockutils.py:312}}
Jun 16 21:32:55 ubuntu neutron-server[122609]: INFO oslo_service.service [None req-98d62b12-6529-457d-adfb-6390e8cf794f None None] Starting 2 workers
Jun 16 21:32:55 ubuntu neutron-server[122609]: DEBUG oslo_service.service [None req-98d62b12-6529-457d-adfb-6390e8cf794f None None] Started child 122818 {{(pid=122609) _start_child /usr/local/lib/python3.8/dist-packages/oslo_service/service.py:575}}
Jun 16 21:32:55 ubuntu neutron-server[122609]: DEBUG oslo_service.service [None req-98d62b12-6529-457d-adfb-6390e8cf794f None None] Started child 122819 {{(pid=122609) _start_child /usr/local/lib/python3.8/dist-packages/oslo_service/service.py:575}}
Jun 16 21:32:55 ubuntu neutron-server[122609]: INFO neutron.service [None req-98d62b12-6529-457d-adfb-6390e8cf794f None None] Neutron service started, listening on 0.0.0.0:9696
Jun 16 21:32:55 ubuntu neutron-server[122609]: DEBUG neutron_lib.callbacks.manager [None req-98d62b12-6529-457d-adfb-6390e8cf794f None None] Publish callbacks ['neutron.plugins.ml2.drivers.ovn.mech_driver.mech_driver.OVNMechanismDriver.pre_fork_initialize-650513'] for process (None), before_spawn {{(pid=122609) _notify_loop /usr/local/lib/python3.8/dist-packages/neutron_lib/callbacks/manager.py:176}}
Jun 16 21:32:55 ubuntu neutron-server[122818]: DEBUG neutron_lib.callbacks.manager [-] Publish callbacks ['neutron.plugins.ml2.drivers.ovn.mech_driver.mech_driver.OVNMechanismDriver.post_fork_initialize-650613'] for process (None), after_init {{(pid=122818) _notify_loop /usr/local/lib/python3.8/dist-packages/neutron_lib/callbacks/manager.py:176}}
Jun 16 21:32:55 ubuntu neutron-server[122819]: DEBUG neutron_lib.callbacks.manager [-] Publish callbacks ['neutron.plugins.ml2.drivers.ovn.mech_driver.mech_driver.OVNMechanismDriver.post_fork_initialize-650613'] for process (None), after_init {{(pid=122819) _notify_loop /usr/local/lib/python3.8/dist-packages/neutron_lib/callbacks/manager.py:176}}
Jun 16 21:32:55 ubuntu neutron-server[122818]: DEBUG dbcounter [-] [122818] Writer thread running {{(pid=122818) stat_writer /usr/local/lib/python3.8/dist-packages/dbcounter.py:99}}
Jun 16 21:32:55 ubuntu neutron-server[122819]: DEBUG dbcounter [-] [122819] Writer thread running {{(pid=122819) stat_writer /usr/local/lib/python3.8/dist-packages/dbcounter.py:99}}
Jun 16 21:32:55 ubuntu neutron-server[122609]: DEBUG ovsdbapp.backend.ovs_idl [None req-98d62b12-6529-457d-adfb-6390e8cf794f None None] Created schema index Port_Group.name {{(pid=122609) autocreate_indices /usr/local/lib/python3.8/dist-packages/ovsdbapp/backend/ovs_idl/__init__.py:104}}
Jun 16 21:32:55 ubuntu neutron-server[122609]: DEBUG ovsdbapp.backend.ovs_idl [None req-98d62b12-6529-457d-adfb-6390e8cf794f None None] Created schema index Logical_Switch_Port.name {{(pid=122609) autocreate_indices /usr/local/lib/python3.8/dist-packages/ovsdbapp/backend/ovs_idl/__init__.py:104}}
Jun 16 21:32:55 ubuntu neutron-server[122819]: INFO neutron.plugins.ml2.drivers.ovn.mech_driver.ovsdb.impl_idl_ovn [None req-1bc5601f-f860-4a51-bb7a-a213de6f05a5 None None] Getting OvsdbNbOvnIdl for WorkerService with retry
Jun 16 21:32:55 ubuntu neutron-server[122818]: INFO neutron.plugins.ml2.drivers.ovn.mech_driver.ovsdb.impl_idl_ovn [None req-362e9d20-5c56-4b3e-a817-6a307fb565fb None None] Getting OvsdbNbOvnIdl for WorkerService with retry
Jun 16 21:32:55 ubuntu neutron-server[122609]: DEBUG ovsdbapp.backend.ovs_idl.transaction [-] Running txn n=1 command(idx=0): PgAddCommand(name=neutron_pg_drop, may_exist=True, columns={'acls': []}) {{(pid=122609) do_commit /usr/local/lib/python3.8/dist-packages/ovsdbapp/backend/ovs_idl/transaction.py:90}}
Jun 16 21:32:55 ubuntu neutron-server[122609]: DEBUG ovsdbapp.backend.ovs_idl.transaction [-] Running txn n=1 command(idx=1): PgAclAddCommand(entity=neutron_pg_drop, direction=from-lport, priority=1001, match=inport == @neutron_pg_drop && ip, action=drop, log=False, may_exist=True, severity=[], name=[], meter=None, external_ids={}) {{(pid=122609) do_commit /usr/local/lib/python3.8/dist-packages/ovsdbapp/backend/ovs_idl/transaction.py:90}}
Jun 16 21:32:55 ubuntu neutron-server[122609]: DEBUG ovsdbapp.backend.ovs_idl.transaction [-] Running txn n=1 command(idx=2): PgAclAddCommand(entity=neutron_pg_drop, direction=to-lport, priority=1001, match=outport == @neutron_pg_drop && ip, action=drop, log=False, may_exist=True, severity=[], name=[], meter=None, external_ids={}) {{(pid=122609) do_commit /usr/local/lib/python3.8/dist-packages/ovsdbapp/backend/ovs_idl/transaction.py:90}}
Jun 16 21:32:55 ubuntu neutron-server[122609]: DEBUG ovsdbapp.backend.ovs_idl.event [-] Matched CREATE: NeutronPgDropPortGroupCreated(events=('create',), table='Port_Group', conditions=(('name', '=', 'neutron_pg_drop'),), old_conditions=None), priority=10 to row=Port_Group(name=neutron_pg_drop, ports=[], external_ids={}, acls=[<ovs.db.idl.Row object at 0x7f905cd854f0>, <ovs.db.idl.Row object at 0x7f905cd85310>]) old= {{(pid=122609) matches /usr/local/lib/python3.8/dist-packages/ovsdbapp/backend/ovs_idl/event.py:43}}
Jun 16 21:32:55 ubuntu neutron-server[122819]: DEBUG ovsdbapp.backend.ovs_idl [None req-1bc5601f-f860-4a51-bb7a-a213de6f05a5 None None] Created lookup_table index Logical_Switch.name {{(pid=122819) autocreate_indices /usr/local/lib/python3.8/dist-packages/ovsdbapp/backend/ovs_idl/__init__.py:85}}
Jun 16 21:32:55 ubuntu neutron-server[122819]: DEBUG ovsdbapp.backend.ovs_idl [None req-1bc5601f-f860-4a51-bb7a-a213de6f05a5 None None] Created lookup_table index Logical_Router.name {{(pid=122819) autocreate_indices /usr/local/lib/python3.8/dist-packages/ovsdbapp/backend/ovs_idl/__init__.py:85}}
Jun 16 21:32:55 ubuntu neutron-server[122818]: DEBUG ovsdbapp.backend.ovs_idl [None req-362e9d20-5c56-4b3e-a817-6a307fb565fb None None] Created lookup_table index Logical_Switch.name {{(pid=122818) autocreate_indices /usr/local/lib/python3.8/dist-packages/ovsdbapp/backend/ovs_idl/__init__.py:85}}
Jun 16 21:32:55 ubuntu neutron-server[122819]: DEBUG ovsdbapp.backend.ovs_idl [None req-1bc5601f-f860-4a51-bb7a-a213de6f05a5 None None] Created lookup_table index Load_Balancer.name {{(pid=122819) autocreate_indices /usr/local/lib/python3.8/dist-packages/ovsdbapp/backend/ovs_idl/__init__.py:85}}
Jun 16 21:32:55 ubuntu neutron-server[122818]: DEBUG ovsdbapp.backend.ovs_idl [None req-362e9d20-5c56-4b3e-a817-6a307fb565fb None None] Created lookup_table index Logical_Router.name {{(pid=122818) autocreate_indices /usr/local/lib/python3.8/dist-packages/ovsdbapp/backend/ovs_idl/__init__.py:85}}
Jun 16 21:32:55 ubuntu neutron-server[122818]: DEBUG ovsdbapp.backend.ovs_idl [None req-362e9d20-5c56-4b3e-a817-6a307fb565fb None None] Created lookup_table index Load_Balancer.name {{(pid=122818) autocreate_indices /usr/local/lib/python3.8/dist-packages/ovsdbapp/backend/ovs_idl/__init__.py:85}}
Jun 16 21:32:55 ubuntu neutron-server[122818]: DEBUG ovsdbapp.backend.ovs_idl [None req-362e9d20-5c56-4b3e-a817-6a307fb565fb None None] Created schema index Meter.name {{(pid=122818) autocreate_indices /usr/local/lib/python3.8/dist-packages/ovsdbapp/backend/ovs_idl/__init__.py:104}}
Jun 16 21:32:55 ubuntu neutron-server[122818]: DEBUG ovsdbapp.backend.ovs_idl [None req-362e9d20-5c56-4b3e-a817-6a307fb565fb None None] Created schema index Address_Set.name {{(pid=122818) autocreate_indices /usr/local/lib/python3.8/dist-packages/ovsdbapp/backend/ovs_idl/__init__.py:104}}
Jun 16 21:32:55 ubuntu neutron-server[122818]: DEBUG ovsdbapp.backend.ovs_idl [None req-362e9d20-5c56-4b3e-a817-6a307fb565fb None None] Created schema index HA_Chassis_Group.name {{(pid=122818) autocreate_indices /usr/local/lib/python3.8/dist-packages/ovsdbapp/backend/ovs_idl/__init__.py:104}}
Jun 16 21:32:55 ubuntu neutron-server[122818]: DEBUG ovsdbapp.backend.ovs_idl [None req-362e9d20-5c56-4b3e-a817-6a307fb565fb None None] Created schema index Connection.target {{(pid=122818) autocreate_indices /usr/local/lib/python3.8/dist-packages/ovsdbapp/backend/ovs_idl/__init__.py:104}}
Jun 16 21:32:55 ubuntu neutron-server[122818]: DEBUG ovsdbapp.backend.ovs_idl [None req-362e9d20-5c56-4b3e-a817-6a307fb565fb None None] Created schema index Gateway_Chassis.name {{(pid=122818) autocreate_indices /usr/local/lib/python3.8/dist-packages/ovsdbapp/backend/ovs_idl/__init__.py:104}}
Jun 16 21:32:55 ubuntu neutron-server[122818]: DEBUG ovsdbapp.backend.ovs_idl [None req-362e9d20-5c56-4b3e-a817-6a307fb565fb None None] Created schema index Logical_Router_Port.name {{(pid=122818) autocreate_indices /usr/local/lib/python3.8/dist-packages/ovsdbapp/backend/ovs_idl/__init__.py:104}}
Jun 16 21:32:55 ubuntu neutron-server[122818]: DEBUG ovsdbapp.backend.ovs_idl [None req-362e9d20-5c56-4b3e-a817-6a307fb565fb None None] Created schema index Port_Group.name {{(pid=122818) autocreate_indices /usr/local/lib/python3.8/dist-packages/ovsdbapp/backend/ovs_idl/__init__.py:104}}
Jun 16 21:32:55 ubuntu neutron-server[122818]: DEBUG ovsdbapp.backend.ovs_idl [None req-362e9d20-5c56-4b3e-a817-6a307fb565fb None None] Created schema index Logical_Switch_Port.name {{(pid=122818) autocreate_indices /usr/local/lib/python3.8/dist-packages/ovsdbapp/backend/ovs_idl/__init__.py:104}}
Jun 16 21:32:55 ubuntu neutron-server[122819]: DEBUG ovsdbapp.backend.ovs_idl [None req-1bc5601f-f860-4a51-bb7a-a213de6f05a5 None None] Created schema index Meter.name {{(pid=122819) autocreate_indices /usr/local/lib/python3.8/dist-packages/ovsdbapp/backend/ovs_idl/__init__.py:104}}
Jun 16 21:32:55 ubuntu neutron-server[122818]: INFO ovsdbapp.backend.ovs_idl.vlog [None req-362e9d20-5c56-4b3e-a817-6a307fb565fb None None] tcp:192.168.79.44:6641: connecting...
Jun 16 21:32:55 ubuntu neutron-server[122819]: DEBUG ovsdbapp.backend.ovs_idl [None req-1bc5601f-f860-4a51-bb7a-a213de6f05a5 None None] Created schema index Address_Set.name {{(pid=122819) autocreate_indices /usr/local/lib/python3.8/dist-packages/ovsdbapp/backend/ovs_idl/__init__.py:104}}
Jun 16 21:32:55 ubuntu neutron-server[122818]: INFO ovsdbapp.backend.ovs_idl.vlog [None req-362e9d20-5c56-4b3e-a817-6a307fb565fb None None] tcp:192.168.79.44:6641: connected
Jun 16 21:32:55 ubuntu neutron-server[122819]: DEBUG ovsdbapp.backend.ovs_idl [None req-1bc5601f-f860-4a51-bb7a-a213de6f05a5 None None] Created schema index HA_Chassis_Group.name {{(pid=122819) autocreate_indices /usr/local/lib/python3.8/dist-packages/ovsdbapp/backend/ovs_idl/__init__.py:104}}
Jun 16 21:32:55 ubuntu neutron-server[122819]: DEBUG ovsdbapp.backend.ovs_idl [None req-1bc5601f-f860-4a51-bb7a-a213de6f05a5 None None] Created schema index Connection.target {{(pid=122819) autocreate_indices /usr/local/lib/python3.8/dist-packages/ovsdbapp/backend/ovs_idl/__init__.py:104}}
Jun 16 21:32:55 ubuntu neutron-server[122819]: DEBUG ovsdbapp.backend.ovs_idl [None req-1bc5601f-f860-4a51-bb7a-a213de6f05a5 None None] Created schema index Gateway_Chassis.name {{(pid=122819) autocreate_indices /usr/local/lib/python3.8/dist-packages/ovsdbapp/backend/ovs_idl/__init__.py:104}}
Jun 16 21:32:55 ubuntu neutron-server[122819]: DEBUG ovsdbapp.backend.ovs_idl [None req-1bc5601f-f860-4a51-bb7a-a213de6f05a5 None None] Created schema index Logical_Router_Port.name {{(pid=122819) autocreate_indices /usr/local/lib/python3.8/dist-packages/ovsdbapp/backend/ovs_idl/__init__.py:104}}
Jun 16 21:32:55 ubuntu neutron-server[122819]: DEBUG ovsdbapp.backend.ovs_idl [None req-1bc5601f-f860-4a51-bb7a-a213de6f05a5 None None] Created schema index Port_Group.name {{(pid=122819) autocreate_indices /usr/local/lib/python3.8/dist-packages/ovsdbapp/backend/ovs_idl/__init__.py:104}}
Jun 16 21:32:55 ubuntu neutron-server[122819]: DEBUG ovsdbapp.backend.ovs_idl [None req-1bc5601f-f860-4a51-bb7a-a213de6f05a5 None None] Created schema index Logical_Switch_Port.name {{(pid=122819) autocreate_indices /usr/local/lib/python3.8/dist-packages/ovsdbapp/backend/ovs_idl/__init__.py:104}}
Jun 16 21:32:55 ubuntu neutron-server[122819]: INFO ovsdbapp.backend.ovs_idl.vlog [None req-1bc5601f-f860-4a51-bb7a-a213de6f05a5 None None] tcp:192.168.79.44:6641: connecting...
Jun 16 21:32:55 ubuntu neutron-server[122819]: INFO ovsdbapp.backend.ovs_idl.vlog [None req-1bc5601f-f860-4a51-bb7a-a213de6f05a5 None None] tcp:192.168.79.44:6641: connected
Jun 16 21:32:55 ubuntu neutron-server[122609]: DEBUG ovsdbapp.backend.ovs_idl [None req-98d62b12-6529-457d-adfb-6390e8cf794f None None] Created lookup_table index Logical_Switch.name {{(pid=122609) autocreate_indices /usr/local/lib/python3.8/dist-packages/ovsdbapp/backend/ovs_idl/__init__.py:85}}
Jun 16 21:32:55 ubuntu neutron-server[122609]: DEBUG ovsdbapp.backend.ovs_idl [None req-98d62b12-6529-457d-adfb-6390e8cf794f None None] Created lookup_table index Logical_Router.name {{(pid=122609) autocreate_indices /usr/local/lib/python3.8/dist-packages/ovsdbapp/backend/ovs_idl/__init__.py:85}}
Jun 16 21:32:55 ubuntu neutron-server[122609]: DEBUG ovsdbapp.backend.ovs_idl [None req-98d62b12-6529-457d-adfb-6390e8cf794f None None] Created lookup_table index Load_Balancer.name {{(pid=122609) autocreate_indices /usr/local/lib/python3.8/dist-packages/ovsdbapp/backend/ovs_idl/__init__.py:85}}
Jun 16 21:32:55 ubuntu neutron-server[122609]: DEBUG ovsdbapp.backend.ovs_idl [None req-98d62b12-6529-457d-adfb-6390e8cf794f None None] Created schema index Meter.name {{(pid=122609) autocreate_indices /usr/local/lib/python3.8/dist-packages/ovsdbapp/backend/ovs_idl/__init__.py:104}}
Jun 16 21:32:55 ubuntu neutron-server[122609]: DEBUG ovsdbapp.backend.ovs_idl [None req-98d62b12-6529-457d-adfb-6390e8cf794f None None] Created schema index Address_Set.name {{(pid=122609) autocreate_indices /usr/local/lib/python3.8/dist-packages/ovsdbapp/backend/ovs_idl/__init__.py:104}}
Jun 16 21:32:55 ubuntu neutron-server[122609]: DEBUG ovsdbapp.backend.ovs_idl [None req-98d62b12-6529-457d-adfb-6390e8cf794f None None] Created schema index HA_Chassis_Group.name {{(pid=122609) autocreate_indices /usr/local/lib/python3.8/dist-packages/ovsdbapp/backend/ovs_idl/__init__.py:104}}
Jun 16 21:32:55 ubuntu neutron-server[122609]: DEBUG ovsdbapp.backend.ovs_idl [None req-98d62b12-6529-457d-adfb-6390e8cf794f None None] Created schema index Connection.target {{(pid=122609) autocreate_indices /usr/local/lib/python3.8/dist-packages/ovsdbapp/backend/ovs_idl/__init__.py:104}}
Jun 16 21:32:55 ubuntu neutron-server[122609]: DEBUG ovsdbapp.backend.ovs_idl [None req-98d62b12-6529-457d-adfb-6390e8cf794f None None] Created schema index Gateway_Chassis.name {{(pid=122609) autocreate_indices /usr/local/lib/python3.8/dist-packages/ovsdbapp/backend/ovs_idl/__init__.py:104}}
Jun 16 21:32:55 ubuntu neutron-server[122609]: DEBUG ovsdbapp.backend.ovs_idl [None req-98d62b12-6529-457d-adfb-6390e8cf794f None None] Created schema index Logical_Router_Port.name {{(pid=122609) autocreate_indices /usr/local/lib/python3.8/dist-packages/ovsdbapp/backend/ovs_idl/__init__.py:104}}
Jun 16 21:32:55 ubuntu neutron-server[122609]: DEBUG ovsdbapp.backend.ovs_idl [None req-98d62b12-6529-457d-adfb-6390e8cf794f None None] Created schema index Port_Group.name {{(pid=122609) autocreate_indices /usr/local/lib/python3.8/dist-packages/ovsdbapp/backend/ovs_idl/__init__.py:104}}
Jun 16 21:32:55 ubuntu neutron-server[122609]: DEBUG ovsdbapp.backend.ovs_idl [None req-98d62b12-6529-457d-adfb-6390e8cf794f None None] Created schema index Logical_Switch_Port.name {{(pid=122609) autocreate_indices /usr/local/lib/python3.8/dist-packages/ovsdbapp/backend/ovs_idl/__init__.py:104}}
Jun 16 21:32:55 ubuntu neutron-server[122818]: DEBUG neutron.common.ovn.hash_ring_manager [None req-362e9d20-5c56-4b3e-a817-6a307fb565fb None None] Allow caching, nodes 2>=2 {{(pid=122818) _wait_startup_before_caching /opt/stack/neutron/neutron/common/ovn/hash_ring_manager.py:60}}
Jun 16 21:32:55 ubuntu neutron-server[122819]: DEBUG neutron.common.ovn.hash_ring_manager [None req-1bc5601f-f860-4a51-bb7a-a213de6f05a5 None None] Allow caching, nodes 2>=2 {{(pid=122819) _wait_startup_before_caching /opt/stack/neutron/neutron/common/ovn/hash_ring_manager.py:60}}
Jun 16 21:32:55 ubuntu neutron-server[122818]: DEBUG neutron.plugins.ml2.drivers.ovn.mech_driver.ovsdb.ovsdb_monitor [None req-362e9d20-5c56-4b3e-a817-6a307fb565fb None None] Hash Ring: Node 5c963296-a481-45c1-8223-8dc0bcc7aa5e (host: ubuntu) handling event "create" for row 3a8d96ee-ce2e-4a4f-9207-388b8c9a2748 (table: Database) {{(pid=122818) notify /opt/stack/neutron/neutron/plugins/ml2/drivers/ovn/mech_driver/ovsdb/ovsdb_monitor.py:743}}
Jun 16 21:32:55 ubuntu neutron-server[122818]: DEBUG neutron.plugins.ml2.drivers.ovn.mech_driver.ovsdb.ovsdb_monitor [None req-362e9d20-5c56-4b3e-a817-6a307fb565fb None None] Hash Ring: Node 5c963296-a481-45c1-8223-8dc0bcc7aa5e (host: ubuntu) handling event "create" for row 66ab532e-98fc-4b83-8ece-0045297b46a3 (table: NB_Global) {{(pid=122818) notify /opt/stack/neutron/neutron/plugins/ml2/drivers/ovn/mech_driver/ovsdb/ovsdb_monitor.py:743}}
Jun 16 21:32:55 ubuntu neutron-server[122818]: DEBUG neutron.plugins.ml2.drivers.ovn.mech_driver.ovsdb.ovsdb_monitor [None req-362e9d20-5c56-4b3e-a817-6a307fb565fb None None] Hash Ring: Node 5c963296-a481-45c1-8223-8dc0bcc7aa5e (host: ubuntu) handling event "create" for row 4acbcdf7-efa2-41d8-b3d5-ff58cdf59d1f (table: Connection) {{(pid=122818) notify /opt/stack/neutron/neutron/plugins/ml2/drivers/ovn/mech_driver/ovsdb/ovsdb_monitor.py:743}}
Jun 16 21:32:55 ubuntu neutron-server[122819]: DEBUG neutron.plugins.ml2.drivers.ovn.mech_driver.ovsdb.ovsdb_monitor [None req-1bc5601f-f860-4a51-bb7a-a213de6f05a5 None None] Hash Ring: Node 1c454184-cd2a-4e81-a420-f99f19a88e6d (host: ubuntu) handling event "create" for row e367331a-f249-4360-90b6-fcf554c54505 (table: Database) {{(pid=122819) notify /opt/stack/neutron/neutron/plugins/ml2/drivers/ovn/mech_driver/ovsdb/ovsdb_monitor.py:743}}
Jun 16 21:32:55 ubuntu neutron-server[122818]: INFO neutron.plugins.ml2.drivers.ovn.mech_driver.ovsdb.impl_idl_ovn [None req-362e9d20-5c56-4b3e-a817-6a307fb565fb None None] Getting OvsdbSbOvnIdl for WorkerService with retry
Jun 16 21:32:55 ubuntu neutron-server[122609]: DEBUG ovsdbapp.backend.ovs_idl [None req-98d62b12-6529-457d-adfb-6390e8cf794f None None] Created lookup_table index Chassis.name {{(pid=122609) autocreate_indices /usr/local/lib/python3.8/dist-packages/ovsdbapp/backend/ovs_idl/__init__.py:85}}
Jun 16 21:32:55 ubuntu neutron-server[122609]: DEBUG ovsdbapp.backend.ovs_idl [None req-98d62b12-6529-457d-adfb-6390e8cf794f None None] Created lookup_table index MAC_Binding.ip {{(pid=122609) autocreate_indices /usr/local/lib/python3.8/dist-packages/ovsdbapp/backend/ovs_idl/__init__.py:85}}
Jun 16 21:32:55 ubuntu neutron-server[122609]: DEBUG ovsdbapp.backend.ovs_idl [None req-98d62b12-6529-457d-adfb-6390e8cf794f None None] Created schema index Meter.name {{(pid=122609) autocreate_indices /usr/local/lib/python3.8/dist-packages/ovsdbapp/backend/ovs_idl/__init__.py:104}}
Jun 16 21:32:55 ubuntu neutron-server[122609]: DEBUG ovsdbapp.backend.ovs_idl [None req-98d62b12-6529-457d-adfb-6390e8cf794f None None] Created schema index Address_Set.name {{(pid=122609) autocreate_indices /usr/local/lib/python3.8/dist-packages/ovsdbapp/backend/ovs_idl/__init__.py:104}}
Jun 16 21:32:55 ubuntu neutron-server[122609]: DEBUG ovsdbapp.backend.ovs_idl [None req-98d62b12-6529-457d-adfb-6390e8cf794f None None] Created schema index HA_Chassis_Group.name {{(pid=122609) autocreate_indices /usr/local/lib/python3.8/dist-packages/ovsdbapp/backend/ovs_idl/__init__.py:104}}
Jun 16 21:32:55 ubuntu neutron-server[122609]: DEBUG ovsdbapp.backend.ovs_idl [None req-98d62b12-6529-457d-adfb-6390e8cf794f None None] Created schema index IP_Multicast.datapath {{(pid=122609) autocreate_indices /usr/local/lib/python3.8/dist-packages/ovsdbapp/backend/ovs_idl/__init__.py:104}}
Jun 16 21:32:55 ubuntu neutron-server[122609]: DEBUG ovsdbapp.backend.ovs_idl [None req-98d62b12-6529-457d-adfb-6390e8cf794f None None] Created schema index Connection.target {{(pid=122609) autocreate_indices /usr/local/lib/python3.8/dist-packages/ovsdbapp/backend/ovs_idl/__init__.py:104}}
Jun 16 21:32:55 ubuntu neutron-server[122609]: DEBUG ovsdbapp.backend.ovs_idl [None req-98d62b12-6529-457d-adfb-6390e8cf794f None None] Created schema index Gateway_Chassis.name {{(pid=122609) autocreate_indices /usr/local/lib/python3.8/dist-packages/ovsdbapp/backend/ovs_idl/__init__.py:104}}
Jun 16 21:32:55 ubuntu neutron-server[122609]: DEBUG ovsdbapp.backend.ovs_idl [None req-98d62b12-6529-457d-adfb-6390e8cf794f None None] Created schema index Port_Group.name {{(pid=122609) autocreate_indices /usr/local/lib/python3.8/dist-packages/ovsdbapp/backend/ovs_idl/__init__.py:104}}
Jun 16 21:32:55 ubuntu neutron-server[122609]: DEBUG ovsdbapp.backend.ovs_idl [None req-98d62b12-6529-457d-adfb-6390e8cf794f None None] Created schema index Datapath_Binding.tunnel_key {{(pid=122609) autocreate_indices /usr/local/lib/python3.8/dist-packages/ovsdbapp/backend/ovs_idl/__init__.py:104}}
Jun 16 21:32:55 ubuntu neutron-server[122819]: DEBUG neutron.plugins.ml2.drivers.ovn.mech_driver.ovsdb.ovsdb_monitor [None req-1bc5601f-f860-4a51-bb7a-a213de6f05a5 None None] Hash Ring: Node 1c454184-cd2a-4e81-a420-f99f19a88e6d (host: ubuntu) handling event "create" for row 8f2aa15e-ed7b-4dc6-b1db-b27771e0a625 (table: Port_Group) {{(pid=122819) notify /opt/stack/neutron/neutron/plugins/ml2/drivers/ovn/mech_driver/ovsdb/ovsdb_monitor.py:743}}
Jun 16 21:32:55 ubuntu neutron-server[122819]: DEBUG neutron.plugins.ml2.drivers.ovn.mech_driver.ovsdb.ovsdb_monitor [None req-1bc5601f-f860-4a51-bb7a-a213de6f05a5 None None] Hash Ring: Node 1c454184-cd2a-4e81-a420-f99f19a88e6d (host: ubuntu) handling event "create" for row 174bbfa4-d7f1-41bc-afa2-2838ef5f20df (table: ACL) {{(pid=122819) notify /opt/stack/neutron/neutron/plugins/ml2/drivers/ovn/mech_driver/ovsdb/ovsdb_monitor.py:743}}
Jun 16 21:32:55 ubuntu neutron-server[122819]: DEBUG neutron.plugins.ml2.drivers.ovn.mech_driver.ovsdb.ovsdb_monitor [None req-1bc5601f-f860-4a51-bb7a-a213de6f05a5 None None] Hash Ring: Node 1c454184-cd2a-4e81-a420-f99f19a88e6d (host: ubuntu) handling event "create" for row bb9c8837-5bd7-4f2b-ae3a-1de69ddbc851 (table: ACL) {{(pid=122819) notify /opt/stack/neutron/neutron/plugins/ml2/drivers/ovn/mech_driver/ovsdb/ovsdb_monitor.py:743}}
Jun 16 21:32:55 ubuntu neutron-server[122819]: INFO neutron.plugins.ml2.drivers.ovn.mech_driver.ovsdb.impl_idl_ovn [None req-1bc5601f-f860-4a51-bb7a-a213de6f05a5 None None] Getting OvsdbSbOvnIdl for WorkerService with retry
Jun 16 21:32:55 ubuntu neutron-server[122818]: DEBUG ovsdbapp.backend.ovs_idl [None req-362e9d20-5c56-4b3e-a817-6a307fb565fb None None] Created lookup_table index Chassis.name {{(pid=122818) autocreate_indices /usr/local/lib/python3.8/dist-packages/ovsdbapp/backend/ovs_idl/__init__.py:85}}
Jun 16 21:32:55 ubuntu neutron-server[122818]: DEBUG ovsdbapp.backend.ovs_idl [None req-362e9d20-5c56-4b3e-a817-6a307fb565fb None None] Created schema index Datapath_Binding.tunnel_key {{(pid=122818) autocreate_indices /usr/local/lib/python3.8/dist-packages/ovsdbapp/backend/ovs_idl/__init__.py:104}}
Jun 16 21:32:55 ubuntu neutron-server[122818]: DEBUG ovsdbapp.backend.ovs_idl [None req-362e9d20-5c56-4b3e-a817-6a307fb565fb None None] Created schema index Connection.target {{(pid=122818) autocreate_indices /usr/local/lib/python3.8/dist-packages/ovsdbapp/backend/ovs_idl/__init__.py:104}}
Jun 16 21:32:55 ubuntu neutron-server[122818]: INFO ovsdbapp.backend.ovs_idl.vlog [None req-362e9d20-5c56-4b3e-a817-6a307fb565fb None None] tcp:192.168.79.44:6642: connecting...
Jun 16 21:32:55 ubuntu neutron-server[122818]: INFO ovsdbapp.backend.ovs_idl.vlog [None req-362e9d20-5c56-4b3e-a817-6a307fb565fb None None] tcp:192.168.79.44:6642: connected
Jun 16 21:32:55 ubuntu neutron-server[122819]: DEBUG ovsdbapp.backend.ovs_idl [None req-1bc5601f-f860-4a51-bb7a-a213de6f05a5 None None] Created lookup_table index Chassis.name {{(pid=122819) autocreate_indices /usr/local/lib/python3.8/dist-packages/ovsdbapp/backend/ovs_idl/__init__.py:85}}
Jun 16 21:32:55 ubuntu neutron-server[122819]: DEBUG ovsdbapp.backend.ovs_idl [None req-1bc5601f-f860-4a51-bb7a-a213de6f05a5 None None] Created schema index Datapath_Binding.tunnel_key {{(pid=122819) autocreate_indices /usr/local/lib/python3.8/dist-packages/ovsdbapp/backend/ovs_idl/__init__.py:104}}
Jun 16 21:32:55 ubuntu neutron-server[122819]: DEBUG ovsdbapp.backend.ovs_idl [None req-1bc5601f-f860-4a51-bb7a-a213de6f05a5 None None] Created schema index Connection.target {{(pid=122819) autocreate_indices /usr/local/lib/python3.8/dist-packages/ovsdbapp/backend/ovs_idl/__init__.py:104}}
Jun 16 21:32:55 ubuntu neutron-server[122819]: INFO ovsdbapp.backend.ovs_idl.vlog [None req-1bc5601f-f860-4a51-bb7a-a213de6f05a5 None None] tcp:192.168.79.44:6642: connecting...
Jun 16 21:32:55 ubuntu neutron-server[122819]: INFO ovsdbapp.backend.ovs_idl.vlog [None req-1bc5601f-f860-4a51-bb7a-a213de6f05a5 None None] tcp:192.168.79.44:6642: connected
Jun 16 21:32:55 ubuntu neutron-server[122818]: DEBUG neutron.common.ovn.hash_ring_manager [None req-362e9d20-5c56-4b3e-a817-6a307fb565fb None None] Allow caching, nodes 2>=2 {{(pid=122818) _wait_startup_before_caching /opt/stack/neutron/neutron/common/ovn/hash_ring_manager.py:60}}
Jun 16 21:32:55 ubuntu neutron-server[122609]: INFO oslo_service.service [None req-98d62b12-6529-457d-adfb-6390e8cf794f None None] Starting 1 workers
Jun 16 21:32:55 ubuntu neutron-server[122819]: DEBUG neutron.common.ovn.hash_ring_manager [None req-1bc5601f-f860-4a51-bb7a-a213de6f05a5 None None] Allow caching, nodes 2>=2 {{(pid=122819) _wait_startup_before_caching /opt/stack/neutron/neutron/common/ovn/hash_ring_manager.py:60}}
Jun 16 21:32:55 ubuntu neutron-server[122609]: DEBUG oslo_service.service [None req-98d62b12-6529-457d-adfb-6390e8cf794f None None] Started child 122821 {{(pid=122609) _start_child /usr/local/lib/python3.8/dist-packages/oslo_service/service.py:575}}
Jun 16 21:32:55 ubuntu neutron-server[122609]: INFO oslo_service.service [None req-98d62b12-6529-457d-adfb-6390e8cf794f None None] Starting 1 workers
Jun 16 21:32:55 ubuntu neutron-server[122819]: DEBUG neutron.plugins.ml2.drivers.ovn.mech_driver.ovsdb.ovsdb_monitor [None req-1bc5601f-f860-4a51-bb7a-a213de6f05a5 None None] Hash Ring: Node 1c454184-cd2a-4e81-a420-f99f19a88e6d (host: ubuntu) handling event "create" for row 894d3f81-b34b-4a50-8b56-5b5326de53d1 (table: Database) {{(pid=122819) notify /opt/stack/neutron/neutron/plugins/ml2/drivers/ovn/mech_driver/ovsdb/ovsdb_monitor.py:743}}
Jun 16 21:32:55 ubuntu neutron-server[122818]: DEBUG neutron.plugins.ml2.drivers.ovn.mech_driver.ovsdb.ovsdb_monitor [None req-362e9d20-5c56-4b3e-a817-6a307fb565fb None None] ChassisMetadataAgentWriteEvent : Matched Chassis, create, None None {{(pid=122818) matches /opt/stack/neutron/neutron/plugins/ml2/drivers/ovn/mech_driver/ovsdb/ovsdb_monitor.py:62}}
Jun 16 21:32:55 ubuntu neutron-server[122818]: DEBUG neutron.plugins.ml2.drivers.ovn.mech_driver.ovsdb.ovsdb_monitor [None req-362e9d20-5c56-4b3e-a817-6a307fb565fb None None] ChassisAgentWriteEvent : Matched Chassis, create, None None {{(pid=122818) matches /opt/stack/neutron/neutron/plugins/ml2/drivers/ovn/mech_driver/ovsdb/ovsdb_monitor.py:62}}
Jun 16 21:32:55 ubuntu neutron-server[122821]: DEBUG neutron.service [None req-98d62b12-6529-457d-adfb-6390e8cf794f None None] calling RpcWorker wait() {{(pid=122821) _wait /opt/stack/neutron/neutron/service.py:128}}
Jun 16 21:32:55 ubuntu neutron-server[122818]: DEBUG neutron.plugins.ml2.drivers.ovn.mech_driver.ovsdb.ovsdb_monitor [None req-362e9d20-5c56-4b3e-a817-6a307fb565fb None None] Hash Ring: Node 5c963296-a481-45c1-8223-8dc0bcc7aa5e (host: ubuntu) handling event "create" for row b7933cb6-e013-4358-8ba5-97afc372c7f9 (table: Chassis) {{(pid=122818) notify /opt/stack/neutron/neutron/plugins/ml2/drivers/ovn/mech_driver/ovsdb/ovsdb_monitor.py:743}}
Jun 16 21:32:55 ubuntu neutron-server[122821]: DEBUG neutron.service [None req-98d62b12-6529-457d-adfb-6390e8cf794f None None] returning from RpcWorker wait() {{(pid=122821) _wait /opt/stack/neutron/neutron/service.py:135}}
Jun 16 21:32:55 ubuntu neutron-server[122818]: DEBUG neutron.plugins.ml2.drivers.ovn.mech_driver.ovsdb.ovsdb_monitor [None req-362e9d20-5c56-4b3e-a817-6a307fb565fb None None] Hash Ring: Node 5c963296-a481-45c1-8223-8dc0bcc7aa5e (host: ubuntu) handling event "create" for row 6d8629b8-9624-40a3-b017-1fc1dec36fe0 (table: Connection) {{(pid=122818) notify /opt/stack/neutron/neutron/plugins/ml2/drivers/ovn/mech_driver/ovsdb/ovsdb_monitor.py:743}}
Jun 16 21:32:55 ubuntu neutron-server[122609]: DEBUG oslo_service.service [None req-98d62b12-6529-457d-adfb-6390e8cf794f None None] Started child 122822 {{(pid=122609) _start_child /usr/local/lib/python3.8/dist-packages/oslo_service/service.py:575}}
Jun 16 21:32:55 ubuntu neutron-server[122609]: INFO oslo_service.service [None req-98d62b12-6529-457d-adfb-6390e8cf794f None None] Starting 1 workers
Jun 16 21:32:55 ubuntu neutron-server[122821]: DEBUG neutron_lib.callbacks.manager [-] Publish callbacks ['neutron.plugins.ml2.drivers.ovn.mech_driver.mech_driver.OVNMechanismDriver.post_fork_initialize-650613'] for process (None), after_init {{(pid=122821) _notify_loop /usr/local/lib/python3.8/dist-packages/neutron_lib/callbacks/manager.py:176}}
Jun 16 21:32:55 ubuntu neutron-server[122818]: INFO neutron.wsgi [-] (122818) wsgi starting up on http://0.0.0.0:9696
Jun 16 21:32:55 ubuntu neutron-server[122819]: DEBUG neutron.plugins.ml2.drivers.ovn.mech_driver.ovsdb.ovsdb_monitor [None req-1bc5601f-f860-4a51-bb7a-a213de6f05a5 None None] Hash Ring: Node 1c454184-cd2a-4e81-a420-f99f19a88e6d (host: ubuntu) handling event "create" for row 3bfe2449-c918-4f6f-8047-41a07a833462 (table: Database) {{(pid=122819) notify /opt/stack/neutron/neutron/plugins/ml2/drivers/ovn/mech_driver/ovsdb/ovsdb_monitor.py:743}}
Jun 16 21:32:55 ubuntu neutron-server[122821]: INFO neutron.plugins.ml2.drivers.ovn.mech_driver.ovsdb.impl_idl_ovn [-] Getting OvsdbNbOvnIdl for RpcWorker with retry
Jun 16 21:32:55 ubuntu neutron-server[122819]: DEBUG neutron.plugins.ml2.drivers.ovn.mech_driver.ovsdb.ovsdb_monitor [None req-1bc5601f-f860-4a51-bb7a-a213de6f05a5 None None] Hash Ring: Node 1c454184-cd2a-4e81-a420-f99f19a88e6d (host: ubuntu) handling event "create" for row 804dab56-e25e-4cc2-b405-4ba8dfc037ce (table: Encap) {{(pid=122819) notify /opt/stack/neutron/neutron/plugins/ml2/drivers/ovn/mech_driver/ovsdb/ovsdb_monitor.py:743}}
Jun 16 21:32:55 ubuntu neutron-server[122819]: DEBUG neutron.plugins.ml2.drivers.ovn.mech_driver.ovsdb.ovsdb_monitor [None req-1bc5601f-f860-4a51-bb7a-a213de6f05a5 None None] ChassisMetadataAgentWriteEvent : Matched Chassis, create, None None {{(pid=122819) matches /opt/stack/neutron/neutron/plugins/ml2/drivers/ovn/mech_driver/ovsdb/ovsdb_monitor.py:62}}
Jun 16 21:32:55 ubuntu neutron-server[122819]: DEBUG neutron.plugins.ml2.drivers.ovn.mech_driver.ovsdb.ovsdb_monitor [None req-1bc5601f-f860-4a51-bb7a-a213de6f05a5 None None] ChassisAgentWriteEvent : Matched Chassis, create, None None {{(pid=122819) matches /opt/stack/neutron/neutron/plugins/ml2/drivers/ovn/mech_driver/ovsdb/ovsdb_monitor.py:62}}
Jun 16 21:32:55 ubuntu neutron-server[122609]: DEBUG oslo_service.service [None req-98d62b12-6529-457d-adfb-6390e8cf794f None None] Started child 122824 {{(pid=122609) _start_child /usr/local/lib/python3.8/dist-packages/oslo_service/service.py:575}}
Jun 16 21:32:55 ubuntu neutron-server[122609]: DEBUG neutron_lib.callbacks.manager [None req-98d62b12-6529-457d-adfb-6390e8cf794f None None] Publish callbacks [] for process (None), after_spawn {{(pid=122609) _notify_loop /usr/local/lib/python3.8/dist-packages/neutron_lib/callbacks/manager.py:176}}
Jun 16 21:32:55 ubuntu neutron-server[122819]: INFO neutron.wsgi [-] (122819) wsgi starting up on http://0.0.0.0:9696
Jun 16 21:32:55 ubuntu neutron-server[122609]: DEBUG oslo_service.service [-] Full set of CONF: {{(pid=122609) wait /usr/local/lib/python3.8/dist-packages/oslo_service/service.py:649}}
