Jul 07 10:44:28 ubuntu devstack@g-api.service[139607]: DEBUG glance_store.backend [None req-797ed2bc-bb9d-4bab-8531-fca76423d152 admin admin] Attempting to import store swift {{(pid=139607) _load_store /usr/local/lib/python3.8/dist-packages/glance_store/backend.py:217}}
Jul 07 10:44:28 ubuntu devstack@g-api.service[139607]: DEBUG glance_store.capabilities [None req-797ed2bc-bb9d-4bab-8531-fca76423d152 admin admin] Store glance_store._drivers.swift.store.SingleTenantStore doesn't support updating dynamic storage capabilities. Please overwrite 'update_capabilities' method of the store to implement updating logics if needed. {{(pid=139607) update_capabilities /usr/local/lib/python3.8/dist-packages/glance_store/capabilities.py:91}}
Jul 07 10:44:28 ubuntu devstack@g-api.service[139607]: DEBUG glance_store.driver [None req-797ed2bc-bb9d-4bab-8531-fca76423d152 admin admin] Late loading location class glance_store._drivers.swift.store.StoreLocation {{(pid=139607) get_store_location_class /usr/local/lib/python3.8/dist-packages/glance_store/driver.py:117}}
Jul 07 10:44:28 ubuntu devstack@g-api.service[139607]: DEBUG glance_store.location [None req-797ed2bc-bb9d-4bab-8531-fca76423d152 admin admin] Registering scheme swift+https with {'store': <glance_store._drivers.swift.store.SingleTenantStore object at 0x7f360306ff70>, 'location_class': <class 'glance_store._drivers.swift.store.StoreLocation'>, 'store_entry': 'swift'} {{(pid=139607) register_scheme_map /usr/local/lib/python3.8/dist-packages/glance_store/location.py:146}}
Jul 07 10:44:28 ubuntu devstack@g-api.service[139607]: DEBUG glance_store.location [None req-797ed2bc-bb9d-4bab-8531-fca76423d152 admin admin] Registering scheme swift+https with {'store': <glance_store._drivers.swift.store.SingleTenantStore object at 0x7f360306ff70>, 'location_class': <class 'glance_store._drivers.swift.store.StoreLocation'>, 'store_entry': 'swift'} {{(pid=139607) register_scheme_map /usr/local/lib/python3.8/dist-packages/glance_store/location.py:146}}
Jul 07 10:44:28 ubuntu devstack@g-api.service[139607]: DEBUG glance_store.location [None req-797ed2bc-bb9d-4bab-8531-fca76423d152 admin admin] Registering scheme swift with {'store': <glance_store._drivers.swift.store.SingleTenantStore object at 0x7f360306ff70>, 'location_class': <class 'glance_store._drivers.swift.store.StoreLocation'>, 'store_entry': 'swift'} {{(pid=139607) register_scheme_map /usr/local/lib/python3.8/dist-packages/glance_store/location.py:146}}
Jul 07 10:44:28 ubuntu devstack@g-api.service[139607]: DEBUG glance_store.location [None req-797ed2bc-bb9d-4bab-8531-fca76423d152 admin admin] Registering scheme swift+https with {'store': <glance_store._drivers.swift.store.SingleTenantStore object at 0x7f360306ff70>, 'location_class': <class 'glance_store._drivers.swift.store.StoreLocation'>, 'store_entry': 'swift'} {{(pid=139607) register_scheme_map /usr/local/lib/python3.8/dist-packages/glance_store/location.py:146}}
Jul 07 10:44:28 ubuntu devstack@g-api.service[139607]: DEBUG glance_store.location [None req-797ed2bc-bb9d-4bab-8531-fca76423d152 admin admin] Registering scheme swift with {'store': <glance_store._drivers.swift.store.SingleTenantStore object at 0x7f360306ff70>, 'location_class': <class 'glance_store._drivers.swift.store.StoreLocation'>, 'store_entry': 'swift'} {{(pid=139607) register_scheme_map /usr/local/lib/python3.8/dist-packages/glance_store/location.py:146}}
Jul 07 10:44:28 ubuntu devstack@g-api.service[139607]: DEBUG glance_store.location [None req-797ed2bc-bb9d-4bab-8531-fca76423d152 admin admin] Registering scheme swift+http with {'store': <glance_store._drivers.swift.store.SingleTenantStore object at 0x7f360306ff70>, 'location_class': <class 'glance_store._drivers.swift.store.StoreLocation'>, 'store_entry': 'swift'} {{(pid=139607) register_scheme_map /usr/local/lib/python3.8/dist-packages/glance_store/location.py:146}}
Jul 07 10:44:28 ubuntu devstack@g-api.service[139607]: DEBUG glance_store.location [None req-797ed2bc-bb9d-4bab-8531-fca76423d152 admin admin] Registering scheme swift+https with {'store': <glance_store._drivers.swift.store.SingleTenantStore object at 0x7f360306ff70>, 'location_class': <class 'glance_store._drivers.swift.store.StoreLocation'>, 'store_entry': 'swift'} {{(pid=139607) register_scheme_map /usr/local/lib/python3.8/dist-packages/glance_store/location.py:146}}
Jul 07 10:44:28 ubuntu devstack@g-api.service[139607]: DEBUG glance_store.location [None req-797ed2bc-bb9d-4bab-8531-fca76423d152 admin admin] Registering scheme swift with {'store': <glance_store._drivers.swift.store.SingleTenantStore object at 0x7f360306ff70>, 'location_class': <class 'glance_store._drivers.swift.store.StoreLocation'>, 'store_entry': 'swift'} {{(pid=139607) register_scheme_map /usr/local/lib/python3.8/dist-packages/glance_store/location.py:146}}
Jul 07 10:44:28 ubuntu devstack@g-api.service[139607]: DEBUG glance_store.location [None req-797ed2bc-bb9d-4bab-8531-fca76423d152 admin admin] Registering scheme swift+http with {'store': <glance_store._drivers.swift.store.SingleTenantStore object at 0x7f360306ff70>, 'location_class': <class 'glance_store._drivers.swift.store.StoreLocation'>, 'store_entry': 'swift'} {{(pid=139607) register_scheme_map /usr/local/lib/python3.8/dist-packages/glance_store/location.py:146}}
Jul 07 10:44:28 ubuntu devstack@g-api.service[139607]: DEBUG glance_store.location [None req-797ed2bc-bb9d-4bab-8531-fca76423d152 admin admin] Registering scheme swift+config with {'store': <glance_store._drivers.swift.store.SingleTenantStore object at 0x7f360306ff70>, 'location_class': <class 'glance_store._drivers.swift.store.StoreLocation'>, 'store_entry': 'swift'} {{(pid=139607) register_scheme_map /usr/local/lib/python3.8/dist-packages/glance_store/location.py:146}}
Jul 07 10:44:28 ubuntu devstack@g-api.service[139607]: DEBUG glance_store.backend [None req-797ed2bc-bb9d-4bab-8531-fca76423d152 admin admin] Skipping store.set_acls... not implemented. {{(pid=139607) set_acls /usr/local/lib/python3.8/dist-packages/glance_store/backend.py:509}}
Jul 07 10:44:28 ubuntu devstack@g-api.service[139607]: [pid: 139607|app: 0|req: 3/4] 127.0.0.1 () {40 vars in 862 bytes} [Thu Jul  7 10:44:26 2022] PUT /v2/images/bbbc9086-271c-448c-b9ff-d4925873d735/file => generated 0 bytes in 1998 msecs (HTTP/1.1 204) 4 headers in 171 bytes (1 switches on core 0)
Jul 07 10:44:36 ubuntu devstack@g-api.service[139608]: DEBUG dbcounter [-] [139608] Writing DB stats glance:SELECT=9,glance:INSERT=5 {{(pid=139608) stat_writer /usr/local/lib/python3.8/dist-packages/dbcounter.py:114}}
Jul 07 10:44:38 ubuntu devstack@g-api.service[139607]: DEBUG dbcounter [-] [139607] Writing DB stats glance:SELECT=28,glance:UPDATE=2,glance:INSERT=1 {{(pid=139607) stat_writer /usr/local/lib/python3.8/dist-packages/dbcounter.py:114}}
Jul 07 10:45:15 ubuntu devstack@g-api.service[139608]: DEBUG glance.api.middleware.version_negotiation [None req-427f691d-c61e-482c-bc11-6baee995ab1a admin admin] Determining version of request: GET / Accept: application/json {{(pid=139608) process_request /opt/stack/glance/glance/api/middleware/version_negotiation.py:44}}
Jul 07 10:45:15 ubuntu devstack@g-api.service[139608]: DEBUG glance.api.middleware.version_negotiation [None req-427f691d-c61e-482c-bc11-6baee995ab1a admin admin] Using url versioning {{(pid=139608) process_request /opt/stack/glance/glance/api/middleware/version_negotiation.py:57}}
Jul 07 10:45:15 ubuntu devstack@g-api.service[139608]: DEBUG glance.api.middleware.version_negotiation [None req-427f691d-c61e-482c-bc11-6baee995ab1a admin admin] Unknown version. Returning version choices. {{(pid=139608) process_request /opt/stack/glance/glance/api/middleware/version_negotiation.py:64}}
Jul 07 10:45:15 ubuntu devstack@g-api.service[139608]: [pid: 139608|app: 0|req: 2/5] 127.0.0.1 () {34 vars in 506 bytes} [Thu Jul  7 10:45:15 2022] GET / => generated 1323 bytes in 6 msecs (HTTP/1.1 300) 3 headers in 106 bytes (1 switches on core 0)
Jul 07 10:45:15 ubuntu devstack@g-api.service[139607]: DEBUG glance.api.middleware.version_negotiation [None req-797ed2bc-bb9d-4bab-8531-fca76423d152 admin admin] Determining version of request: GET /v2/images Accept: application/json {{(pid=139607) process_request /opt/stack/glance/glance/api/middleware/version_negotiation.py:44}}
Jul 07 10:45:15 ubuntu devstack@g-api.service[139607]: DEBUG glance.api.middleware.version_negotiation [None req-797ed2bc-bb9d-4bab-8531-fca76423d152 admin admin] Using url versioning {{(pid=139607) process_request /opt/stack/glance/glance/api/middleware/version_negotiation.py:57}}
Jul 07 10:45:15 ubuntu devstack@g-api.service[139607]: DEBUG glance.api.middleware.version_negotiation [None req-797ed2bc-bb9d-4bab-8531-fca76423d152 admin admin] Matched version: v2 {{(pid=139607) process_request /opt/stack/glance/glance/api/middleware/version_negotiation.py:69}}
Jul 07 10:45:15 ubuntu devstack@g-api.service[139607]: DEBUG glance.api.middleware.version_negotiation [None req-797ed2bc-bb9d-4bab-8531-fca76423d152 admin admin] new path /v2/images {{(pid=139607) process_request /opt/stack/glance/glance/api/middleware/version_negotiation.py:70}}
Jul 07 10:45:15 ubuntu devstack@g-api.service[139607]: [pid: 139607|app: 0|req: 4/6] 127.0.0.1 () {36 vars in 728 bytes} [Thu Jul  7 10:45:15 2022] GET /v2/images => generated 1045 bytes in 113 msecs (HTTP/1.1 200) 4 headers in 158 bytes (1 switches on core 0)
Jul 07 10:45:21 ubuntu devstack@g-api.service[139608]: DEBUG glance.api.middleware.version_negotiation [None req-427f691d-c61e-482c-bc11-6baee995ab1a admin admin] Determining version of request: GET / Accept: application/json {{(pid=139608) process_request /opt/stack/glance/glance/api/middleware/version_negotiation.py:44}}
Jul 07 10:45:21 ubuntu devstack@g-api.service[139608]: DEBUG glance.api.middleware.version_negotiation [None req-427f691d-c61e-482c-bc11-6baee995ab1a admin admin] Using url versioning {{(pid=139608) process_request /opt/stack/glance/glance/api/middleware/version_negotiation.py:57}}
Jul 07 10:45:21 ubuntu devstack@g-api.service[139608]: DEBUG glance.api.middleware.version_negotiation [None req-427f691d-c61e-482c-bc11-6baee995ab1a admin admin] Unknown version. Returning version choices. {{(pid=139608) process_request /opt/stack/glance/glance/api/middleware/version_negotiation.py:64}}
Jul 07 10:45:21 ubuntu devstack@g-api.service[139608]: [pid: 139608|app: 0|req: 3/7] 127.0.0.1 () {34 vars in 506 bytes} [Thu Jul  7 10:45:21 2022] GET / => generated 1323 bytes in 4 msecs (HTTP/1.1 300) 3 headers in 106 bytes (1 switches on core 0)
Jul 07 10:45:21 ubuntu devstack@g-api.service[139607]: DEBUG glance.api.middleware.version_negotiation [None req-827a754f-0921-4d3e-8049-d52c87e9eb06 admin admin] Determining version of request: GET /v2/images/bbbc9086-271c-448c-b9ff-d4925873d735 Accept: */* {{(pid=139607) process_request /opt/stack/glance/glance/api/middleware/version_negotiation.py:44}}
Jul 07 10:45:21 ubuntu devstack@g-api.service[139607]: DEBUG glance.api.middleware.version_negotiation [None req-827a754f-0921-4d3e-8049-d52c87e9eb06 admin admin] Using url versioning {{(pid=139607) process_request /opt/stack/glance/glance/api/middleware/version_negotiation.py:57}}
Jul 07 10:45:21 ubuntu devstack@g-api.service[139607]: DEBUG glance.api.middleware.version_negotiation [None req-827a754f-0921-4d3e-8049-d52c87e9eb06 admin admin] Matched version: v2 {{(pid=139607) process_request /opt/stack/glance/glance/api/middleware/version_negotiation.py:69}}
Jul 07 10:45:21 ubuntu devstack@g-api.service[139607]: DEBUG glance.api.middleware.version_negotiation [None req-827a754f-0921-4d3e-8049-d52c87e9eb06 admin admin] new path /v2/images/bbbc9086-271c-448c-b9ff-d4925873d735 {{(pid=139607) process_request /opt/stack/glance/glance/api/middleware/version_negotiation.py:70}}
Jul 07 10:45:21 ubuntu devstack@g-api.service[139607]: [pid: 139607|app: 0|req: 5/8] 127.0.0.1 () {36 vars in 789 bytes} [Thu Jul  7 10:45:21 2022] GET /v2/images/bbbc9086-271c-448c-b9ff-d4925873d735 => generated 976 bytes in 65 msecs (HTTP/1.1 200) 4 headers in 157 bytes (1 switches on core 0)
Jul 07 10:45:25 ubuntu devstack@g-api.service[139608]: DEBUG glance.api.middleware.version_negotiation [None req-427f691d-c61e-482c-bc11-6baee995ab1a admin admin] Determining version of request: GET / Accept: application/json {{(pid=139608) process_request /opt/stack/glance/glance/api/middleware/version_negotiation.py:44}}
Jul 07 10:45:25 ubuntu devstack@g-api.service[139608]: DEBUG glance.api.middleware.version_negotiation [None req-427f691d-c61e-482c-bc11-6baee995ab1a admin admin] Using url versioning {{(pid=139608) process_request /opt/stack/glance/glance/api/middleware/version_negotiation.py:57}}
Jul 07 10:45:25 ubuntu devstack@g-api.service[139608]: DEBUG glance.api.middleware.version_negotiation [None req-427f691d-c61e-482c-bc11-6baee995ab1a admin admin] Unknown version. Returning version choices. {{(pid=139608) process_request /opt/stack/glance/glance/api/middleware/version_negotiation.py:64}}
Jul 07 10:45:25 ubuntu devstack@g-api.service[139608]: [pid: 139608|app: 0|req: 4/9] 127.0.0.1 () {34 vars in 506 bytes} [Thu Jul  7 10:45:25 2022] GET / => generated 1323 bytes in 3 msecs (HTTP/1.1 300) 3 headers in 106 bytes (1 switches on core 0)
Jul 07 10:45:25 ubuntu devstack@g-api.service[139607]: DEBUG glance.api.middleware.version_negotiation [None req-28189d4e-dab6-4a9d-8091-2a23d41aefa1 admin admin] Determining version of request: GET /v2/images/bbbc9086-271c-448c-b9ff-d4925873d735 Accept: */* {{(pid=139607) process_request /opt/stack/glance/glance/api/middleware/version_negotiation.py:44}}
Jul 07 10:45:25 ubuntu devstack@g-api.service[139607]: DEBUG glance.api.middleware.version_negotiation [None req-28189d4e-dab6-4a9d-8091-2a23d41aefa1 admin admin] Using url versioning {{(pid=139607) process_request /opt/stack/glance/glance/api/middleware/version_negotiation.py:57}}
Jul 07 10:45:25 ubuntu devstack@g-api.service[139607]: DEBUG glance.api.middleware.version_negotiation [None req-28189d4e-dab6-4a9d-8091-2a23d41aefa1 admin admin] Matched version: v2 {{(pid=139607) process_request /opt/stack/glance/glance/api/middleware/version_negotiation.py:69}}
Jul 07 10:45:25 ubuntu devstack@g-api.service[139607]: DEBUG glance.api.middleware.version_negotiation [None req-28189d4e-dab6-4a9d-8091-2a23d41aefa1 admin admin] new path /v2/images/bbbc9086-271c-448c-b9ff-d4925873d735 {{(pid=139607) process_request /opt/stack/glance/glance/api/middleware/version_negotiation.py:70}}
Jul 07 10:45:25 ubuntu devstack@g-api.service[139607]: [pid: 139607|app: 0|req: 6/10] 127.0.0.1 () {36 vars in 789 bytes} [Thu Jul  7 10:45:25 2022] GET /v2/images/bbbc9086-271c-448c-b9ff-d4925873d735 => generated 976 bytes in 51 msecs (HTTP/1.1 200) 4 headers in 157 bytes (1 switches on core 0)
Jul 07 10:45:35 ubuntu devstack@g-api.service[139607]: DEBUG dbcounter [-] [139607] Writing DB stats glance:SELECT=10 {{(pid=139607) stat_writer /usr/local/lib/python3.8/dist-packages/dbcounter.py:114}}
Jul 07 10:47:35 ubuntu devstack@g-api.service[139608]: DEBUG glance.api.middleware.version_negotiation [None req-427f691d-c61e-482c-bc11-6baee995ab1a admin admin] Determining version of request: GET /v1 Accept: application/json {{(pid=139608) process_request /opt/stack/glance/glance/api/middleware/version_negotiation.py:44}}
Jul 07 10:47:35 ubuntu devstack@g-api.service[139608]: DEBUG glance.api.middleware.version_negotiation [None req-427f691d-c61e-482c-bc11-6baee995ab1a admin admin] Using url versioning {{(pid=139608) process_request /opt/stack/glance/glance/api/middleware/version_negotiation.py:57}}
Jul 07 10:47:35 ubuntu devstack@g-api.service[139608]: DEBUG glance.api.middleware.version_negotiation [None req-427f691d-c61e-482c-bc11-6baee995ab1a admin admin] Unknown version. Returning version choices. {{(pid=139608) process_request /opt/stack/glance/glance/api/middleware/version_negotiation.py:64}}
Jul 07 10:47:35 ubuntu devstack@g-api.service[139608]: [pid: 139608|app: 0|req: 5/11] 127.0.0.1 () {38 vars in 685 bytes} [Thu Jul  7 10:47:35 2022] GET /v1 => generated 1323 bytes in 4 msecs (HTTP/1.1 300) 3 headers in 106 bytes (1 switches on core 0)
Jul 07 10:49:08 ubuntu devstack@g-api.service[139607]: DEBUG oslo_concurrency.lockutils [-] Acquired lock "glance-cache" {{(pid=139607) lock /usr/local/lib/python3.8/dist-packages/oslo_concurrency/lockutils.py:294}}
Jul 07 10:49:08 ubuntu devstack@g-api.service[139607]: DEBUG oslo_concurrency.lockutils [-] Acquired external semaphore "glance-cache" {{(pid=139607) lock /usr/local/lib/python3.8/dist-packages/oslo_concurrency/lockutils.py:302}}
Jul 07 10:49:08 ubuntu devstack@g-api.service[139607]: DEBUG glance.image_cache.prefetcher [-] Nothing to prefetch. {{(pid=139607) run /opt/stack/glance/glance/image_cache/prefetcher.py:79}}
Jul 07 10:49:08 ubuntu devstack@g-api.service[139607]: DEBUG oslo_concurrency.lockutils [-] Releasing lock "glance-cache" {{(pid=139607) lock /usr/local/lib/python3.8/dist-packages/oslo_concurrency/lockutils.py:312}}
Jul 07 10:49:08 ubuntu devstack@g-api.service[139608]: DEBUG oslo_concurrency.lockutils [-] Acquired lock "glance-cache" {{(pid=139608) lock /usr/local/lib/python3.8/dist-packages/oslo_concurrency/lockutils.py:294}}
Jul 07 10:49:08 ubuntu devstack@g-api.service[139608]: DEBUG oslo_concurrency.lockutils [-] Acquired external semaphore "glance-cache" {{(pid=139608) lock /usr/local/lib/python3.8/dist-packages/oslo_concurrency/lockutils.py:302}}
Jul 07 10:49:08 ubuntu devstack@g-api.service[139608]: DEBUG glance.image_cache.prefetcher [-] Nothing to prefetch. {{(pid=139608) run /opt/stack/glance/glance/image_cache/prefetcher.py:79}}
Jul 07 10:49:08 ubuntu devstack@g-api.service[139608]: DEBUG oslo_concurrency.lockutils [-] Releasing lock "glance-cache" {{(pid=139608) lock /usr/local/lib/python3.8/dist-packages/oslo_concurrency/lockutils.py:312}}
