Jul 07 10:42:46 ubuntu neutron-server[126335]: DEBUG neutron.api.extensions [None req-7a8706f7-00e6-4912-9bea-473c145fee6e None None] Ext name="Trunk port details" alias="trunk-details" description="Expose trunk port details" updated="2016-01-01T10:00:00-00:00" {{(pid=126335) _check_extension /opt/stack/neutron/neutron/api/extensions.py:416}}
Jul 07 10:42:46 ubuntu neutron-server[126335]: INFO neutron.api.extensions [None req-7a8706f7-00e6-4912-9bea-473c145fee6e None None] Extension trunk-details not supported by any of loaded plugins
Jul 07 10:42:46 ubuntu neutron-server[126335]: DEBUG neutron.api.extensions [None req-7a8706f7-00e6-4912-9bea-473c145fee6e None None] Loading extension file: uplink_status_propagation.py {{(pid=126335) _load_all_extensions_from_path /opt/stack/neutron/neutron/api/extensions.py:450}}
Jul 07 10:42:46 ubuntu neutron-server[126335]: DEBUG neutron.api.extensions [None req-7a8706f7-00e6-4912-9bea-473c145fee6e None None] Ext name="Uplink status propagation extension" alias="uplink-status-propagation" description="Provides ability to propagate port uplink status." updated="2018-05-31T18:00:00-00:00" {{(pid=126335) _check_extension /opt/stack/neutron/neutron/api/extensions.py:416}}
Jul 07 10:42:46 ubuntu neutron-server[126335]: INFO neutron.api.extensions [None req-7a8706f7-00e6-4912-9bea-473c145fee6e None None] Extension uplink-status-propagation not supported by any of loaded plugins
Jul 07 10:42:46 ubuntu neutron-server[126335]: DEBUG neutron.api.extensions [None req-7a8706f7-00e6-4912-9bea-473c145fee6e None None] Loading extension file: vlantransparent.py {{(pid=126335) _load_all_extensions_from_path /opt/stack/neutron/neutron/api/extensions.py:450}}
Jul 07 10:42:46 ubuntu neutron-server[126335]: DEBUG neutron.api.extensions [None req-7a8706f7-00e6-4912-9bea-473c145fee6e None None] Ext name="Vlantransparent" alias="vlan-transparent" description="Provides Vlan Transparent Networks" updated="2015-03-23T09:00:00-00:00" {{(pid=126335) _check_extension /opt/stack/neutron/neutron/api/extensions.py:416}}
Jul 07 10:42:46 ubuntu neutron-server[126335]: INFO neutron.api.extensions [None req-7a8706f7-00e6-4912-9bea-473c145fee6e None None] Extension vlan-transparent not supported by any of loaded plugins
Jul 07 10:42:46 ubuntu neutron-server[126335]: INFO neutron.quota.resource_registry [None req-7a8706f7-00e6-4912-9bea-473c145fee6e None None] Creating instance of TrackedResource for resource:network
Jul 07 10:42:46 ubuntu neutron-server[126335]: INFO neutron.quota.resource_registry [None req-7a8706f7-00e6-4912-9bea-473c145fee6e None None] Creating instance of TrackedResource for resource:subnet
Jul 07 10:42:46 ubuntu neutron-server[126335]: INFO neutron.quota.resource_registry [None req-7a8706f7-00e6-4912-9bea-473c145fee6e None None] Creating instance of TrackedResource for resource:subnetpool
Jul 07 10:42:46 ubuntu neutron-server[126335]: INFO neutron.quota.resource_registry [None req-7a8706f7-00e6-4912-9bea-473c145fee6e None None] Creating instance of TrackedResource for resource:port
Jul 07 10:42:46 ubuntu neutron-server[126335]: DEBUG neutron.api.v2.resource_helper [None req-7a8706f7-00e6-4912-9bea-473c145fee6e None None] Service FLAVORS assigned prefix:  {{(pid=126335) build_resource_info /opt/stack/neutron/neutron/api/v2/resource_helper.py:77}}
Jul 07 10:42:46 ubuntu neutron-server[126335]: DEBUG neutron.api.v2.resource_helper [None req-7a8706f7-00e6-4912-9bea-473c145fee6e None None] Service L3_ROUTER_NAT assigned prefix:  {{(pid=126335) build_resource_info /opt/stack/neutron/neutron/api/v2/resource_helper.py:77}}
Jul 07 10:42:46 ubuntu neutron-server[126335]: DEBUG neutron.api.v2.resource_helper [None req-7a8706f7-00e6-4912-9bea-473c145fee6e None None] Service L3_ROUTER_NAT assigned prefix:  {{(pid=126335) build_resource_info /opt/stack/neutron/neutron/api/v2/resource_helper.py:77}}
Jul 07 10:42:46 ubuntu neutron-server[126335]: INFO neutron.quota.resource_registry [None req-7a8706f7-00e6-4912-9bea-473c145fee6e None None] Creating instance of TrackedResource for resource:router
Jul 07 10:42:46 ubuntu neutron-server[126335]: INFO neutron.quota.resource_registry [None req-7a8706f7-00e6-4912-9bea-473c145fee6e None None] Creating instance of TrackedResource for resource:floatingip
Jul 07 10:42:46 ubuntu neutron-server[126335]: DEBUG neutron_lib.callbacks.manager [None req-7a8706f7-00e6-4912-9bea-473c145fee6e None None] Subscribe: <bound method NeutronDbPluginV2.validate_network_rbac_policy_change of <neutron.services.network_ip_availability.plugin.NetworkIPAvailabilityPlugin object at 0x7febaa13fe50>> rbac-policy before_create 55550000 {{(pid=126335) subscribe /usr/local/lib/python3.8/dist-packages/neutron_lib/callbacks/manager.py:45}}
Jul 07 10:42:46 ubuntu neutron-server[126335]: DEBUG neutron_lib.callbacks.manager [None req-7a8706f7-00e6-4912-9bea-473c145fee6e None None] Subscribe: <bound method NeutronDbPluginV2.validate_network_rbac_policy_change of <neutron.services.network_ip_availability.plugin.NetworkIPAvailabilityPlugin object at 0x7febaa13fe50>> rbac-policy before_update 55550000 {{(pid=126335) subscribe /usr/local/lib/python3.8/dist-packages/neutron_lib/callbacks/manager.py:45}}
Jul 07 10:42:46 ubuntu neutron-server[126335]: DEBUG neutron_lib.callbacks.manager [None req-7a8706f7-00e6-4912-9bea-473c145fee6e None None] Subscribe: <bound method NeutronDbPluginV2.validate_network_rbac_policy_change of <neutron.services.network_ip_availability.plugin.NetworkIPAvailabilityPlugin object at 0x7febaa13fe50>> rbac-policy before_delete 55550000 {{(pid=126335) subscribe /usr/local/lib/python3.8/dist-packages/neutron_lib/callbacks/manager.py:45}}
Jul 07 10:42:46 ubuntu neutron-server[126335]: INFO neutron.quota.resource_registry [None req-7a8706f7-00e6-4912-9bea-473c145fee6e None None] Creating instance of CountableResource for resource:rbac_policy
Jul 07 10:42:46 ubuntu neutron-server[126335]: INFO neutron.quota.resource_registry [None req-7a8706f7-00e6-4912-9bea-473c145fee6e None None] Creating instance of TrackedResource for resource:security_group
Jul 07 10:42:46 ubuntu neutron-server[126335]: INFO neutron.quota.resource_registry [None req-7a8706f7-00e6-4912-9bea-473c145fee6e None None] Creating instance of TrackedResource for resource:security_group_rule
Jul 07 10:42:46 ubuntu neutron-server[126335]: DEBUG neutron.api.v2.resource_helper [None req-7a8706f7-00e6-4912-9bea-473c145fee6e None None] Service FLAVORS assigned prefix:  {{(pid=126335) build_resource_info /opt/stack/neutron/neutron/api/v2/resource_helper.py:77}}
Jul 07 10:42:46 ubuntu neutron-server[126335]: DEBUG neutron.api.v2.resource_helper [None req-7a8706f7-00e6-4912-9bea-473c145fee6e None None] Service L3_ROUTER_NAT assigned prefix:  {{(pid=126335) build_resource_info /opt/stack/neutron/neutron/api/v2/resource_helper.py:77}}
Jul 07 10:42:46 ubuntu neutron-server[126335]: DEBUG neutron.api.v2.resource_helper [None req-7a8706f7-00e6-4912-9bea-473c145fee6e None None] Service L3_ROUTER_NAT assigned prefix:  {{(pid=126335) build_resource_info /opt/stack/neutron/neutron/api/v2/resource_helper.py:77}}
Jul 07 10:42:46 ubuntu neutron-server[126335]: INFO neutron.quota.resource_registry [None req-7a8706f7-00e6-4912-9bea-473c145fee6e None None] Creating instance of TrackedResource for resource:router
Jul 07 10:42:46 ubuntu neutron-server[126335]: WARNING neutron.quota.resource_registry [None req-7a8706f7-00e6-4912-9bea-473c145fee6e None None] router is already registered
Jul 07 10:42:46 ubuntu neutron-server[126335]: INFO neutron.quota.resource_registry [None req-7a8706f7-00e6-4912-9bea-473c145fee6e None None] Creating instance of TrackedResource for resource:floatingip
Jul 07 10:42:46 ubuntu neutron-server[126335]: WARNING neutron.quota.resource_registry [None req-7a8706f7-00e6-4912-9bea-473c145fee6e None None] floatingip is already registered
Jul 07 10:42:46 ubuntu neutron-server[126335]: INFO neutron.quota.resource_registry [None req-7a8706f7-00e6-4912-9bea-473c145fee6e None None] Creating instance of CountableResource for resource:rbac_policy
Jul 07 10:42:46 ubuntu neutron-server[126335]: WARNING neutron.quota.resource_registry [None req-7a8706f7-00e6-4912-9bea-473c145fee6e None None] rbac_policy is already registered
Jul 07 10:42:46 ubuntu neutron-server[126335]: INFO neutron.quota.resource_registry [None req-7a8706f7-00e6-4912-9bea-473c145fee6e None None] Creating instance of TrackedResource for resource:security_group
Jul 07 10:42:46 ubuntu neutron-server[126335]: WARNING neutron.quota.resource_registry [None req-7a8706f7-00e6-4912-9bea-473c145fee6e None None] security_group is already registered
Jul 07 10:42:46 ubuntu neutron-server[126335]: INFO neutron.quota.resource_registry [None req-7a8706f7-00e6-4912-9bea-473c145fee6e None None] Creating instance of TrackedResource for resource:security_group_rule
Jul 07 10:42:46 ubuntu neutron-server[126335]: WARNING neutron.quota.resource_registry [None req-7a8706f7-00e6-4912-9bea-473c145fee6e None None] security_group_rule is already registered
Jul 07 10:42:46 ubuntu neutron-server[126335]: DEBUG neutron.api.extensions [None req-7a8706f7-00e6-4912-9bea-473c145fee6e None None] Extended resource: extensions {{(pid=126335) __init__ /opt/stack/neutron/neutron/api/extensions.py:157}}
Jul 07 10:42:46 ubuntu neutron-server[126335]: DEBUG neutron.api.extensions [None req-7a8706f7-00e6-4912-9bea-473c145fee6e None None] Extended resource: address-groups {{(pid=126335) __init__ /opt/stack/neutron/neutron/api/extensions.py:157}}
Jul 07 10:42:46 ubuntu neutron-server[126335]: DEBUG neutron.api.extensions [None req-7a8706f7-00e6-4912-9bea-473c145fee6e None None] Extended resource: address-scopes {{(pid=126335) __init__ /opt/stack/neutron/neutron/api/extensions.py:157}}
Jul 07 10:42:46 ubuntu neutron-server[126335]: DEBUG neutron.api.extensions [None req-7a8706f7-00e6-4912-9bea-473c145fee6e None None] Extended resource: agents {{(pid=126335) __init__ /opt/stack/neutron/neutron/api/extensions.py:157}}
Jul 07 10:42:46 ubuntu neutron-server[126335]: DEBUG neutron.api.extensions [None req-7a8706f7-00e6-4912-9bea-473c145fee6e None None] Extended resource: auto-allocated-topology {{(pid=126335) __init__ /opt/stack/neutron/neutron/api/extensions.py:157}}
Jul 07 10:42:46 ubuntu neutron-server[126335]: DEBUG neutron.api.extensions [None req-7a8706f7-00e6-4912-9bea-473c145fee6e None None] Extended resource: availability_zones {{(pid=126335) __init__ /opt/stack/neutron/neutron/api/extensions.py:157}}
Jul 07 10:42:46 ubuntu neutron-server[126335]: DEBUG neutron.api.extensions [None req-7a8706f7-00e6-4912-9bea-473c145fee6e None None] Extended resource: flavors {{(pid=126335) __init__ /opt/stack/neutron/neutron/api/extensions.py:157}}
Jul 07 10:42:46 ubuntu neutron-server[126335]: DEBUG neutron.api.extensions [None req-7a8706f7-00e6-4912-9bea-473c145fee6e None None] Extended resource: service_profiles {{(pid=126335) __init__ /opt/stack/neutron/neutron/api/extensions.py:157}}
Jul 07 10:42:46 ubuntu neutron-server[126335]: DEBUG neutron.api.extensions [None req-7a8706f7-00e6-4912-9bea-473c145fee6e None None] Extended resource: next_providers {{(pid=126335) __init__ /opt/stack/neutron/neutron/api/extensions.py:157}}
Jul 07 10:42:46 ubuntu neutron-server[126335]: DEBUG neutron.api.extensions [None req-7a8706f7-00e6-4912-9bea-473c145fee6e None None] Extended resource: service_profiles {{(pid=126335) __init__ /opt/stack/neutron/neutron/api/extensions.py:157}}
Jul 07 10:42:46 ubuntu neutron-server[126335]: DEBUG neutron.api.extensions [None req-7a8706f7-00e6-4912-9bea-473c145fee6e None None] Extended resource: floatingip-pools {{(pid=126335) __init__ /opt/stack/neutron/neutron/api/extensions.py:157}}
Jul 07 10:42:46 ubuntu neutron-server[126335]: DEBUG neutron.api.extensions [None req-7a8706f7-00e6-4912-9bea-473c145fee6e None None] Extended resource: routers {{(pid=126335) __init__ /opt/stack/neutron/neutron/api/extensions.py:157}}
Jul 07 10:42:46 ubuntu neutron-server[126335]: DEBUG neutron.api.extensions [None req-7a8706f7-00e6-4912-9bea-473c145fee6e None None] Extended resource: floatingips {{(pid=126335) __init__ /opt/stack/neutron/neutron/api/extensions.py:157}}
Jul 07 10:42:46 ubuntu neutron-server[126335]: DEBUG neutron.api.extensions [None req-7a8706f7-00e6-4912-9bea-473c145fee6e None None] Extended resource: network-ip-availabilities {{(pid=126335) __init__ /opt/stack/neutron/neutron/api/extensions.py:157}}
Jul 07 10:42:46 ubuntu neutron-server[126335]: DEBUG neutron.api.extensions [None req-7a8706f7-00e6-4912-9bea-473c145fee6e None None] Extended resource: bindings {{(pid=126335) __init__ /opt/stack/neutron/neutron/api/extensions.py:157}}
Jul 07 10:42:46 ubuntu neutron-server[126335]: DEBUG neutron.api.extensions [None req-7a8706f7-00e6-4912-9bea-473c145fee6e None None] Extended resource: quotas {{(pid=126335) __init__ /opt/stack/neutron/neutron/api/extensions.py:157}}
Jul 07 10:42:46 ubuntu neutron-server[126335]: DEBUG neutron.api.extensions [None req-7a8706f7-00e6-4912-9bea-473c145fee6e None None] Extended resource: quotas {{(pid=126335) __init__ /opt/stack/neutron/neutron/api/extensions.py:157}}
Jul 07 10:42:46 ubuntu neutron-server[126335]: DEBUG neutron.api.extensions [None req-7a8706f7-00e6-4912-9bea-473c145fee6e None None] Extended resource: rbac-policies {{(pid=126335) __init__ /opt/stack/neutron/neutron/api/extensions.py:157}}
Jul 07 10:42:46 ubuntu neutron-server[126335]: DEBUG neutron.api.extensions [None req-7a8706f7-00e6-4912-9bea-473c145fee6e None None] Extended resource: security-groups {{(pid=126335) __init__ /opt/stack/neutron/neutron/api/extensions.py:157}}
Jul 07 10:42:46 ubuntu neutron-server[126335]: DEBUG neutron.api.extensions [None req-7a8706f7-00e6-4912-9bea-473c145fee6e None None] Extended resource: security-group-rules {{(pid=126335) __init__ /opt/stack/neutron/neutron/api/extensions.py:157}}
Jul 07 10:42:46 ubuntu neutron-server[126335]: DEBUG neutron.api.extensions [None req-7a8706f7-00e6-4912-9bea-473c145fee6e None None] Extended resource: service-providers {{(pid=126335) __init__ /opt/stack/neutron/neutron/api/extensions.py:157}}
Jul 07 10:42:46 ubuntu neutron-server[126335]: DEBUG neutron.api.extensions [None req-7a8706f7-00e6-4912-9bea-473c145fee6e None None] Extended resource: tags {{(pid=126335) __init__ /opt/stack/neutron/neutron/api/extensions.py:157}}
Jul 07 10:42:46 ubuntu neutron-server[126335]: DEBUG neutron.api.extensions [None req-7a8706f7-00e6-4912-9bea-473c145fee6e None None] Extended resource: tags {{(pid=126335) __init__ /opt/stack/neutron/neutron/api/extensions.py:157}}
Jul 07 10:42:46 ubuntu neutron-server[126335]: DEBUG neutron.api.extensions [None req-7a8706f7-00e6-4912-9bea-473c145fee6e None None] Extended resource: tags {{(pid=126335) __init__ /opt/stack/neutron/neutron/api/extensions.py:157}}
Jul 07 10:42:46 ubuntu neutron-server[126335]: DEBUG neutron.api.extensions [None req-7a8706f7-00e6-4912-9bea-473c145fee6e None None] Extended resource: tags {{(pid=126335) __init__ /opt/stack/neutron/neutron/api/extensions.py:157}}
Jul 07 10:42:46 ubuntu neutron-server[126335]: DEBUG neutron.api.extensions [None req-7a8706f7-00e6-4912-9bea-473c145fee6e None None] Extended resource: tags {{(pid=126335) __init__ /opt/stack/neutron/neutron/api/extensions.py:157}}
Jul 07 10:42:46 ubuntu neutron-server[126335]: DEBUG neutron.api.extensions [None req-7a8706f7-00e6-4912-9bea-473c145fee6e None None] Extended resource: tags {{(pid=126335) __init__ /opt/stack/neutron/neutron/api/extensions.py:157}}
Jul 07 10:42:46 ubuntu neutron-server[126335]: DEBUG neutron.api.extensions [None req-7a8706f7-00e6-4912-9bea-473c145fee6e None None] Extended resource: tags {{(pid=126335) __init__ /opt/stack/neutron/neutron/api/extensions.py:157}}
Jul 07 10:42:46 ubuntu neutron-server[126335]: DEBUG neutron.api.extensions [None req-7a8706f7-00e6-4912-9bea-473c145fee6e None None] Extended resource: tags {{(pid=126335) __init__ /opt/stack/neutron/neutron/api/extensions.py:157}}
Jul 07 10:42:46 ubuntu neutron-server[126335]: DEBUG neutron.api.extensions [None req-7a8706f7-00e6-4912-9bea-473c145fee6e None None] Extended resource: tags {{(pid=126335) __init__ /opt/stack/neutron/neutron/api/extensions.py:157}}
Jul 07 10:42:46 ubuntu neutron-server[126335]: DEBUG neutron.api.extensions [None req-7a8706f7-00e6-4912-9bea-473c145fee6e None None] Extended resource: tags {{(pid=126335) __init__ /opt/stack/neutron/neutron/api/extensions.py:157}}
Jul 07 10:42:46 ubuntu neutron-server[126335]: WARNING keystonemiddleware.auth_token [None req-7a8706f7-00e6-4912-9bea-473c145fee6e None None] AuthToken middleware is set with keystone_authtoken.service_token_roles_required set to False. This is backwards compatible but deprecated behaviour. Please set this to True.
Jul 07 10:42:46 ubuntu neutron-server[126335]: WARNING keystonemiddleware.auth_token [None req-7a8706f7-00e6-4912-9bea-473c145fee6e None None] Configuring www_authenticate_uri to point to the public identity endpoint is required; clients may not be able to authenticate against an admin endpoint
Jul 07 10:42:46 ubuntu neutron-server[126335]: DEBUG oslo_concurrency.lockutils [None req-7a8706f7-00e6-4912-9bea-473c145fee6e None None] Acquired lock "singleton_lock" {{(pid=126335) lock /usr/local/lib/python3.8/dist-packages/oslo_concurrency/lockutils.py:294}}
Jul 07 10:42:46 ubuntu neutron-server[126335]: DEBUG oslo_concurrency.lockutils [None req-7a8706f7-00e6-4912-9bea-473c145fee6e None None] Releasing lock "singleton_lock" {{(pid=126335) lock /usr/local/lib/python3.8/dist-packages/oslo_concurrency/lockutils.py:312}}
Jul 07 10:42:46 ubuntu neutron-server[126335]: INFO oslo_service.service [None req-7a8706f7-00e6-4912-9bea-473c145fee6e None None] Starting 2 workers
Jul 07 10:42:46 ubuntu neutron-server[126335]: DEBUG oslo_service.service [None req-7a8706f7-00e6-4912-9bea-473c145fee6e None None] Started child 126544 {{(pid=126335) _start_child /usr/local/lib/python3.8/dist-packages/oslo_service/service.py:575}}
Jul 07 10:42:46 ubuntu neutron-server[126335]: DEBUG oslo_service.service [None req-7a8706f7-00e6-4912-9bea-473c145fee6e None None] Started child 126545 {{(pid=126335) _start_child /usr/local/lib/python3.8/dist-packages/oslo_service/service.py:575}}
Jul 07 10:42:46 ubuntu neutron-server[126335]: INFO neutron.service [None req-7a8706f7-00e6-4912-9bea-473c145fee6e None None] Neutron service started, listening on 0.0.0.0:9696
Jul 07 10:42:46 ubuntu neutron-server[126335]: DEBUG neutron_lib.callbacks.manager [None req-7a8706f7-00e6-4912-9bea-473c145fee6e None None] Publish callbacks ['neutron.plugins.ml2.drivers.ovn.mech_driver.mech_driver.OVNMechanismDriver.pre_fork_initialize-317127'] for process (None), before_spawn {{(pid=126335) _notify_loop /usr/local/lib/python3.8/dist-packages/neutron_lib/callbacks/manager.py:176}}
Jul 07 10:42:46 ubuntu neutron-server[126544]: DEBUG neutron_lib.callbacks.manager [-] Publish callbacks ['neutron.plugins.ml2.drivers.ovn.mech_driver.mech_driver.OVNMechanismDriver.post_fork_initialize-317091'] for process (None), after_init {{(pid=126544) _notify_loop /usr/local/lib/python3.8/dist-packages/neutron_lib/callbacks/manager.py:176}}
Jul 07 10:42:46 ubuntu neutron-server[126545]: DEBUG neutron_lib.callbacks.manager [-] Publish callbacks ['neutron.plugins.ml2.drivers.ovn.mech_driver.mech_driver.OVNMechanismDriver.post_fork_initialize-317091'] for process (None), after_init {{(pid=126545) _notify_loop /usr/local/lib/python3.8/dist-packages/neutron_lib/callbacks/manager.py:176}}
Jul 07 10:42:46 ubuntu neutron-server[126544]: DEBUG dbcounter [-] [126544] Writer thread running {{(pid=126544) stat_writer /usr/local/lib/python3.8/dist-packages/dbcounter.py:99}}
Jul 07 10:42:46 ubuntu neutron-server[126335]: DEBUG ovsdbapp.backend.ovs_idl [None req-7a8706f7-00e6-4912-9bea-473c145fee6e None None] Created schema index Port_Group.name {{(pid=126335) autocreate_indices /usr/local/lib/python3.8/dist-packages/ovsdbapp/backend/ovs_idl/__init__.py:104}}
Jul 07 10:42:46 ubuntu neutron-server[126335]: DEBUG ovsdbapp.backend.ovs_idl [None req-7a8706f7-00e6-4912-9bea-473c145fee6e None None] Created schema index Logical_Switch_Port.name {{(pid=126335) autocreate_indices /usr/local/lib/python3.8/dist-packages/ovsdbapp/backend/ovs_idl/__init__.py:104}}
Jul 07 10:42:46 ubuntu neutron-server[126545]: DEBUG dbcounter [-] [126545] Writer thread running {{(pid=126545) stat_writer /usr/local/lib/python3.8/dist-packages/dbcounter.py:99}}
Jul 07 10:42:46 ubuntu neutron-server[126335]: DEBUG ovsdbapp.backend.ovs_idl.transaction [-] Running txn n=1 command(idx=0): PgAddCommand(name=neutron_pg_drop, may_exist=True, columns={'acls': []}) {{(pid=126335) do_commit /usr/local/lib/python3.8/dist-packages/ovsdbapp/backend/ovs_idl/transaction.py:90}}
Jul 07 10:42:46 ubuntu neutron-server[126335]: DEBUG ovsdbapp.backend.ovs_idl.transaction [-] Running txn n=1 command(idx=1): PgAclAddCommand(entity=neutron_pg_drop, direction=from-lport, priority=1001, match=inport == @neutron_pg_drop && ip, action=drop, log=False, may_exist=True, severity=[], name=[], meter=None, external_ids={}) {{(pid=126335) do_commit /usr/local/lib/python3.8/dist-packages/ovsdbapp/backend/ovs_idl/transaction.py:90}}
Jul 07 10:42:46 ubuntu neutron-server[126335]: DEBUG ovsdbapp.backend.ovs_idl.transaction [-] Running txn n=1 command(idx=2): PgAclAddCommand(entity=neutron_pg_drop, direction=to-lport, priority=1001, match=outport == @neutron_pg_drop && ip, action=drop, log=False, may_exist=True, severity=[], name=[], meter=None, external_ids={}) {{(pid=126335) do_commit /usr/local/lib/python3.8/dist-packages/ovsdbapp/backend/ovs_idl/transaction.py:90}}
Jul 07 10:42:46 ubuntu neutron-server[126335]: DEBUG ovsdbapp.backend.ovs_idl.event [-] Matched CREATE: NeutronPgDropPortGroupCreated(events=('create',), table='Port_Group', conditions=(('name', '=', 'neutron_pg_drop'),), old_conditions=None), priority=10 to row=Port_Group(name=neutron_pg_drop, ports=[], external_ids={}, acls=[<ovs.db.idl.Row object at 0x7feba9a4c790>, <ovs.db.idl.Row object at 0x7feba9a4c610>]) old= {{(pid=126335) matches /usr/local/lib/python3.8/dist-packages/ovsdbapp/backend/ovs_idl/event.py:43}}
Jul 07 10:42:46 ubuntu neutron-server[126545]: INFO neutron.plugins.ml2.drivers.ovn.mech_driver.ovsdb.impl_idl_ovn [None req-13df9ce6-cae2-4bff-a2f7-7109fd1d6ab4 None None] Getting OvsdbNbOvnIdl for WorkerService with retry
Jul 07 10:42:46 ubuntu neutron-server[126544]: INFO neutron.plugins.ml2.drivers.ovn.mech_driver.ovsdb.impl_idl_ovn [None req-6adf794f-f537-4bd2-abd3-f12dd4495006 None None] Getting OvsdbNbOvnIdl for WorkerService with retry
Jul 07 10:42:46 ubuntu neutron-server[126335]: DEBUG ovsdbapp.backend.ovs_idl [None req-7a8706f7-00e6-4912-9bea-473c145fee6e None None] Created lookup_table index Logical_Switch.name {{(pid=126335) autocreate_indices /usr/local/lib/python3.8/dist-packages/ovsdbapp/backend/ovs_idl/__init__.py:85}}
Jul 07 10:42:46 ubuntu neutron-server[126335]: DEBUG ovsdbapp.backend.ovs_idl [None req-7a8706f7-00e6-4912-9bea-473c145fee6e None None] Created lookup_table index Logical_Router.name {{(pid=126335) autocreate_indices /usr/local/lib/python3.8/dist-packages/ovsdbapp/backend/ovs_idl/__init__.py:85}}
Jul 07 10:42:46 ubuntu neutron-server[126335]: DEBUG ovsdbapp.backend.ovs_idl [None req-7a8706f7-00e6-4912-9bea-473c145fee6e None None] Created lookup_table index Load_Balancer.name {{(pid=126335) autocreate_indices /usr/local/lib/python3.8/dist-packages/ovsdbapp/backend/ovs_idl/__init__.py:85}}
Jul 07 10:42:46 ubuntu neutron-server[126335]: DEBUG ovsdbapp.backend.ovs_idl [None req-7a8706f7-00e6-4912-9bea-473c145fee6e None None] Created schema index Meter.name {{(pid=126335) autocreate_indices /usr/local/lib/python3.8/dist-packages/ovsdbapp/backend/ovs_idl/__init__.py:104}}
Jul 07 10:42:46 ubuntu neutron-server[126335]: DEBUG ovsdbapp.backend.ovs_idl [None req-7a8706f7-00e6-4912-9bea-473c145fee6e None None] Created schema index Address_Set.name {{(pid=126335) autocreate_indices /usr/local/lib/python3.8/dist-packages/ovsdbapp/backend/ovs_idl/__init__.py:104}}
Jul 07 10:42:46 ubuntu neutron-server[126335]: DEBUG ovsdbapp.backend.ovs_idl [None req-7a8706f7-00e6-4912-9bea-473c145fee6e None None] Created schema index HA_Chassis_Group.name {{(pid=126335) autocreate_indices /usr/local/lib/python3.8/dist-packages/ovsdbapp/backend/ovs_idl/__init__.py:104}}
Jul 07 10:42:46 ubuntu neutron-server[126335]: DEBUG ovsdbapp.backend.ovs_idl [None req-7a8706f7-00e6-4912-9bea-473c145fee6e None None] Created schema index Connection.target {{(pid=126335) autocreate_indices /usr/local/lib/python3.8/dist-packages/ovsdbapp/backend/ovs_idl/__init__.py:104}}
Jul 07 10:42:46 ubuntu neutron-server[126335]: DEBUG ovsdbapp.backend.ovs_idl [None req-7a8706f7-00e6-4912-9bea-473c145fee6e None None] Created schema index Gateway_Chassis.name {{(pid=126335) autocreate_indices /usr/local/lib/python3.8/dist-packages/ovsdbapp/backend/ovs_idl/__init__.py:104}}
Jul 07 10:42:46 ubuntu neutron-server[126335]: DEBUG ovsdbapp.backend.ovs_idl [None req-7a8706f7-00e6-4912-9bea-473c145fee6e None None] Created schema index Logical_Router_Port.name {{(pid=126335) autocreate_indices /usr/local/lib/python3.8/dist-packages/ovsdbapp/backend/ovs_idl/__init__.py:104}}
Jul 07 10:42:46 ubuntu neutron-server[126335]: DEBUG ovsdbapp.backend.ovs_idl [None req-7a8706f7-00e6-4912-9bea-473c145fee6e None None] Created schema index Port_Group.name {{(pid=126335) autocreate_indices /usr/local/lib/python3.8/dist-packages/ovsdbapp/backend/ovs_idl/__init__.py:104}}
Jul 07 10:42:46 ubuntu neutron-server[126335]: DEBUG ovsdbapp.backend.ovs_idl [None req-7a8706f7-00e6-4912-9bea-473c145fee6e None None] Created schema index Logical_Switch_Port.name {{(pid=126335) autocreate_indices /usr/local/lib/python3.8/dist-packages/ovsdbapp/backend/ovs_idl/__init__.py:104}}
Jul 07 10:42:46 ubuntu neutron-server[126545]: DEBUG ovsdbapp.backend.ovs_idl [None req-13df9ce6-cae2-4bff-a2f7-7109fd1d6ab4 None None] Created lookup_table index Logical_Switch.name {{(pid=126545) autocreate_indices /usr/local/lib/python3.8/dist-packages/ovsdbapp/backend/ovs_idl/__init__.py:85}}
Jul 07 10:42:46 ubuntu neutron-server[126545]: DEBUG ovsdbapp.backend.ovs_idl [None req-13df9ce6-cae2-4bff-a2f7-7109fd1d6ab4 None None] Created lookup_table index Logical_Router.name {{(pid=126545) autocreate_indices /usr/local/lib/python3.8/dist-packages/ovsdbapp/backend/ovs_idl/__init__.py:85}}
Jul 07 10:42:46 ubuntu neutron-server[126545]: DEBUG ovsdbapp.backend.ovs_idl [None req-13df9ce6-cae2-4bff-a2f7-7109fd1d6ab4 None None] Created lookup_table index Load_Balancer.name {{(pid=126545) autocreate_indices /usr/local/lib/python3.8/dist-packages/ovsdbapp/backend/ovs_idl/__init__.py:85}}
Jul 07 10:42:46 ubuntu neutron-server[126545]: DEBUG ovsdbapp.backend.ovs_idl [None req-13df9ce6-cae2-4bff-a2f7-7109fd1d6ab4 None None] Created schema index Meter.name {{(pid=126545) autocreate_indices /usr/local/lib/python3.8/dist-packages/ovsdbapp/backend/ovs_idl/__init__.py:104}}
Jul 07 10:42:46 ubuntu neutron-server[126545]: DEBUG ovsdbapp.backend.ovs_idl [None req-13df9ce6-cae2-4bff-a2f7-7109fd1d6ab4 None None] Created schema index Address_Set.name {{(pid=126545) autocreate_indices /usr/local/lib/python3.8/dist-packages/ovsdbapp/backend/ovs_idl/__init__.py:104}}
Jul 07 10:42:46 ubuntu neutron-server[126545]: DEBUG ovsdbapp.backend.ovs_idl [None req-13df9ce6-cae2-4bff-a2f7-7109fd1d6ab4 None None] Created schema index HA_Chassis_Group.name {{(pid=126545) autocreate_indices /usr/local/lib/python3.8/dist-packages/ovsdbapp/backend/ovs_idl/__init__.py:104}}
Jul 07 10:42:46 ubuntu neutron-server[126545]: DEBUG ovsdbapp.backend.ovs_idl [None req-13df9ce6-cae2-4bff-a2f7-7109fd1d6ab4 None None] Created schema index Connection.target {{(pid=126545) autocreate_indices /usr/local/lib/python3.8/dist-packages/ovsdbapp/backend/ovs_idl/__init__.py:104}}
Jul 07 10:42:46 ubuntu neutron-server[126545]: DEBUG ovsdbapp.backend.ovs_idl [None req-13df9ce6-cae2-4bff-a2f7-7109fd1d6ab4 None None] Created schema index Gateway_Chassis.name {{(pid=126545) autocreate_indices /usr/local/lib/python3.8/dist-packages/ovsdbapp/backend/ovs_idl/__init__.py:104}}
Jul 07 10:42:46 ubuntu neutron-server[126545]: DEBUG ovsdbapp.backend.ovs_idl [None req-13df9ce6-cae2-4bff-a2f7-7109fd1d6ab4 None None] Created schema index Logical_Router_Port.name {{(pid=126545) autocreate_indices /usr/local/lib/python3.8/dist-packages/ovsdbapp/backend/ovs_idl/__init__.py:104}}
Jul 07 10:42:46 ubuntu neutron-server[126545]: DEBUG ovsdbapp.backend.ovs_idl [None req-13df9ce6-cae2-4bff-a2f7-7109fd1d6ab4 None None] Created schema index Port_Group.name {{(pid=126545) autocreate_indices /usr/local/lib/python3.8/dist-packages/ovsdbapp/backend/ovs_idl/__init__.py:104}}
Jul 07 10:42:46 ubuntu neutron-server[126545]: DEBUG ovsdbapp.backend.ovs_idl [None req-13df9ce6-cae2-4bff-a2f7-7109fd1d6ab4 None None] Created schema index Logical_Switch_Port.name {{(pid=126545) autocreate_indices /usr/local/lib/python3.8/dist-packages/ovsdbapp/backend/ovs_idl/__init__.py:104}}
Jul 07 10:42:46 ubuntu neutron-server[126545]: INFO ovsdbapp.backend.ovs_idl.vlog [None req-13df9ce6-cae2-4bff-a2f7-7109fd1d6ab4 None None] tcp:192.168.79.43:6641: connecting...
Jul 07 10:42:46 ubuntu neutron-server[126545]: INFO ovsdbapp.backend.ovs_idl.vlog [None req-13df9ce6-cae2-4bff-a2f7-7109fd1d6ab4 None None] tcp:192.168.79.43:6641: connected
Jul 07 10:42:46 ubuntu neutron-server[126544]: DEBUG ovsdbapp.backend.ovs_idl [None req-6adf794f-f537-4bd2-abd3-f12dd4495006 None None] Created lookup_table index Logical_Switch.name {{(pid=126544) autocreate_indices /usr/local/lib/python3.8/dist-packages/ovsdbapp/backend/ovs_idl/__init__.py:85}}
Jul 07 10:42:46 ubuntu neutron-server[126544]: DEBUG ovsdbapp.backend.ovs_idl [None req-6adf794f-f537-4bd2-abd3-f12dd4495006 None None] Created lookup_table index Logical_Router.name {{(pid=126544) autocreate_indices /usr/local/lib/python3.8/dist-packages/ovsdbapp/backend/ovs_idl/__init__.py:85}}
Jul 07 10:42:46 ubuntu neutron-server[126544]: DEBUG ovsdbapp.backend.ovs_idl [None req-6adf794f-f537-4bd2-abd3-f12dd4495006 None None] Created lookup_table index Load_Balancer.name {{(pid=126544) autocreate_indices /usr/local/lib/python3.8/dist-packages/ovsdbapp/backend/ovs_idl/__init__.py:85}}
Jul 07 10:42:46 ubuntu neutron-server[126544]: DEBUG ovsdbapp.backend.ovs_idl [None req-6adf794f-f537-4bd2-abd3-f12dd4495006 None None] Created schema index Meter.name {{(pid=126544) autocreate_indices /usr/local/lib/python3.8/dist-packages/ovsdbapp/backend/ovs_idl/__init__.py:104}}
Jul 07 10:42:46 ubuntu neutron-server[126544]: DEBUG ovsdbapp.backend.ovs_idl [None req-6adf794f-f537-4bd2-abd3-f12dd4495006 None None] Created schema index Address_Set.name {{(pid=126544) autocreate_indices /usr/local/lib/python3.8/dist-packages/ovsdbapp/backend/ovs_idl/__init__.py:104}}
Jul 07 10:42:46 ubuntu neutron-server[126544]: DEBUG ovsdbapp.backend.ovs_idl [None req-6adf794f-f537-4bd2-abd3-f12dd4495006 None None] Created schema index HA_Chassis_Group.name {{(pid=126544) autocreate_indices /usr/local/lib/python3.8/dist-packages/ovsdbapp/backend/ovs_idl/__init__.py:104}}
Jul 07 10:42:46 ubuntu neutron-server[126544]: DEBUG ovsdbapp.backend.ovs_idl [None req-6adf794f-f537-4bd2-abd3-f12dd4495006 None None] Created schema index Connection.target {{(pid=126544) autocreate_indices /usr/local/lib/python3.8/dist-packages/ovsdbapp/backend/ovs_idl/__init__.py:104}}
Jul 07 10:42:46 ubuntu neutron-server[126544]: DEBUG ovsdbapp.backend.ovs_idl [None req-6adf794f-f537-4bd2-abd3-f12dd4495006 None None] Created schema index Gateway_Chassis.name {{(pid=126544) autocreate_indices /usr/local/lib/python3.8/dist-packages/ovsdbapp/backend/ovs_idl/__init__.py:104}}
Jul 07 10:42:46 ubuntu neutron-server[126544]: DEBUG ovsdbapp.backend.ovs_idl [None req-6adf794f-f537-4bd2-abd3-f12dd4495006 None None] Created schema index Logical_Router_Port.name {{(pid=126544) autocreate_indices /usr/local/lib/python3.8/dist-packages/ovsdbapp/backend/ovs_idl/__init__.py:104}}
Jul 07 10:42:46 ubuntu neutron-server[126544]: DEBUG ovsdbapp.backend.ovs_idl [None req-6adf794f-f537-4bd2-abd3-f12dd4495006 None None] Created schema index Port_Group.name {{(pid=126544) autocreate_indices /usr/local/lib/python3.8/dist-packages/ovsdbapp/backend/ovs_idl/__init__.py:104}}
Jul 07 10:42:46 ubuntu neutron-server[126544]: DEBUG ovsdbapp.backend.ovs_idl [None req-6adf794f-f537-4bd2-abd3-f12dd4495006 None None] Created schema index Logical_Switch_Port.name {{(pid=126544) autocreate_indices /usr/local/lib/python3.8/dist-packages/ovsdbapp/backend/ovs_idl/__init__.py:104}}
Jul 07 10:42:46 ubuntu neutron-server[126544]: INFO ovsdbapp.backend.ovs_idl.vlog [None req-6adf794f-f537-4bd2-abd3-f12dd4495006 None None] tcp:192.168.79.43:6641: connecting...
Jul 07 10:42:46 ubuntu neutron-server[126544]: INFO ovsdbapp.backend.ovs_idl.vlog [None req-6adf794f-f537-4bd2-abd3-f12dd4495006 None None] tcp:192.168.79.43:6641: connected
Jul 07 10:42:46 ubuntu neutron-server[126545]: DEBUG neutron.common.ovn.hash_ring_manager [None req-13df9ce6-cae2-4bff-a2f7-7109fd1d6ab4 None None] Allow caching, nodes 2>=2 {{(pid=126545) _wait_startup_before_caching /opt/stack/neutron/neutron/common/ovn/hash_ring_manager.py:60}}
Jul 07 10:42:46 ubuntu neutron-server[126335]: DEBUG ovsdbapp.backend.ovs_idl [None req-7a8706f7-00e6-4912-9bea-473c145fee6e None None] Created lookup_table index Chassis.name {{(pid=126335) autocreate_indices /usr/local/lib/python3.8/dist-packages/ovsdbapp/backend/ovs_idl/__init__.py:85}}
Jul 07 10:42:46 ubuntu neutron-server[126335]: DEBUG ovsdbapp.backend.ovs_idl [None req-7a8706f7-00e6-4912-9bea-473c145fee6e None None] Created lookup_table index MAC_Binding.ip {{(pid=126335) autocreate_indices /usr/local/lib/python3.8/dist-packages/ovsdbapp/backend/ovs_idl/__init__.py:85}}
Jul 07 10:42:46 ubuntu neutron-server[126335]: DEBUG ovsdbapp.backend.ovs_idl [None req-7a8706f7-00e6-4912-9bea-473c145fee6e None None] Created schema index Meter.name {{(pid=126335) autocreate_indices /usr/local/lib/python3.8/dist-packages/ovsdbapp/backend/ovs_idl/__init__.py:104}}
Jul 07 10:42:46 ubuntu neutron-server[126335]: DEBUG ovsdbapp.backend.ovs_idl [None req-7a8706f7-00e6-4912-9bea-473c145fee6e None None] Created schema index Address_Set.name {{(pid=126335) autocreate_indices /usr/local/lib/python3.8/dist-packages/ovsdbapp/backend/ovs_idl/__init__.py:104}}
Jul 07 10:42:46 ubuntu neutron-server[126335]: DEBUG ovsdbapp.backend.ovs_idl [None req-7a8706f7-00e6-4912-9bea-473c145fee6e None None] Created schema index HA_Chassis_Group.name {{(pid=126335) autocreate_indices /usr/local/lib/python3.8/dist-packages/ovsdbapp/backend/ovs_idl/__init__.py:104}}
Jul 07 10:42:46 ubuntu neutron-server[126335]: DEBUG ovsdbapp.backend.ovs_idl [None req-7a8706f7-00e6-4912-9bea-473c145fee6e None None] Created schema index IP_Multicast.datapath {{(pid=126335) autocreate_indices /usr/local/lib/python3.8/dist-packages/ovsdbapp/backend/ovs_idl/__init__.py:104}}
Jul 07 10:42:46 ubuntu neutron-server[126335]: DEBUG ovsdbapp.backend.ovs_idl [None req-7a8706f7-00e6-4912-9bea-473c145fee6e None None] Created schema index Connection.target {{(pid=126335) autocreate_indices /usr/local/lib/python3.8/dist-packages/ovsdbapp/backend/ovs_idl/__init__.py:104}}
Jul 07 10:42:46 ubuntu neutron-server[126335]: DEBUG ovsdbapp.backend.ovs_idl [None req-7a8706f7-00e6-4912-9bea-473c145fee6e None None] Created schema index Gateway_Chassis.name {{(pid=126335) autocreate_indices /usr/local/lib/python3.8/dist-packages/ovsdbapp/backend/ovs_idl/__init__.py:104}}
Jul 07 10:42:46 ubuntu neutron-server[126335]: DEBUG ovsdbapp.backend.ovs_idl [None req-7a8706f7-00e6-4912-9bea-473c145fee6e None None] Created schema index Port_Group.name {{(pid=126335) autocreate_indices /usr/local/lib/python3.8/dist-packages/ovsdbapp/backend/ovs_idl/__init__.py:104}}
Jul 07 10:42:46 ubuntu neutron-server[126335]: DEBUG ovsdbapp.backend.ovs_idl [None req-7a8706f7-00e6-4912-9bea-473c145fee6e None None] Created schema index Datapath_Binding.tunnel_key {{(pid=126335) autocreate_indices /usr/local/lib/python3.8/dist-packages/ovsdbapp/backend/ovs_idl/__init__.py:104}}
Jul 07 10:42:46 ubuntu neutron-server[126544]: DEBUG neutron.common.ovn.hash_ring_manager [None req-6adf794f-f537-4bd2-abd3-f12dd4495006 None None] Allow caching, nodes 2>=2 {{(pid=126544) _wait_startup_before_caching /opt/stack/neutron/neutron/common/ovn/hash_ring_manager.py:60}}
Jul 07 10:42:46 ubuntu neutron-server[126545]: DEBUG neutron.plugins.ml2.drivers.ovn.mech_driver.ovsdb.ovsdb_monitor [None req-13df9ce6-cae2-4bff-a2f7-7109fd1d6ab4 None None] Hash Ring: Node ed317983-9f46-4299-8465-f9a57ec51964 (host: ubuntu) handling event "create" for row da838a88-e43b-4ca5-bc16-6b67f133ff12 (table: Port_Group) {{(pid=126545) notify /opt/stack/neutron/neutron/plugins/ml2/drivers/ovn/mech_driver/ovsdb/ovsdb_monitor.py:743}}
Jul 07 10:42:46 ubuntu neutron-server[126545]: DEBUG neutron.plugins.ml2.drivers.ovn.mech_driver.ovsdb.ovsdb_monitor [None req-13df9ce6-cae2-4bff-a2f7-7109fd1d6ab4 None None] Hash Ring: Node ed317983-9f46-4299-8465-f9a57ec51964 (host: ubuntu) handling event "create" for row 2d15c62a-5f49-4c52-9832-bcb581e8779e (table: ACL) {{(pid=126545) notify /opt/stack/neutron/neutron/plugins/ml2/drivers/ovn/mech_driver/ovsdb/ovsdb_monitor.py:743}}
Jul 07 10:42:46 ubuntu neutron-server[126545]: INFO neutron.plugins.ml2.drivers.ovn.mech_driver.ovsdb.impl_idl_ovn [None req-13df9ce6-cae2-4bff-a2f7-7109fd1d6ab4 None None] Getting OvsdbSbOvnIdl for WorkerService with retry
Jul 07 10:42:46 ubuntu neutron-server[126545]: DEBUG ovsdbapp.backend.ovs_idl [None req-13df9ce6-cae2-4bff-a2f7-7109fd1d6ab4 None None] Created lookup_table index Chassis.name {{(pid=126545) autocreate_indices /usr/local/lib/python3.8/dist-packages/ovsdbapp/backend/ovs_idl/__init__.py:85}}
Jul 07 10:42:46 ubuntu neutron-server[126544]: DEBUG neutron.plugins.ml2.drivers.ovn.mech_driver.ovsdb.ovsdb_monitor [None req-6adf794f-f537-4bd2-abd3-f12dd4495006 None None] Hash Ring: Node 9550441a-7650-4acc-b757-f7c2959cf437 (host: ubuntu) handling event "create" for row 1b3caf98-d237-4c9c-ae14-8a62253e316b (table: Database) {{(pid=126544) notify /opt/stack/neutron/neutron/plugins/ml2/drivers/ovn/mech_driver/ovsdb/ovsdb_monitor.py:743}}
Jul 07 10:42:46 ubuntu neutron-server[126545]: DEBUG ovsdbapp.backend.ovs_idl [None req-13df9ce6-cae2-4bff-a2f7-7109fd1d6ab4 None None] Created schema index Datapath_Binding.tunnel_key {{(pid=126545) autocreate_indices /usr/local/lib/python3.8/dist-packages/ovsdbapp/backend/ovs_idl/__init__.py:104}}
Jul 07 10:42:46 ubuntu neutron-server[126545]: DEBUG ovsdbapp.backend.ovs_idl [None req-13df9ce6-cae2-4bff-a2f7-7109fd1d6ab4 None None] Created schema index Connection.target {{(pid=126545) autocreate_indices /usr/local/lib/python3.8/dist-packages/ovsdbapp/backend/ovs_idl/__init__.py:104}}
Jul 07 10:42:46 ubuntu neutron-server[126544]: DEBUG neutron.plugins.ml2.drivers.ovn.mech_driver.ovsdb.ovsdb_monitor [None req-6adf794f-f537-4bd2-abd3-f12dd4495006 None None] Hash Ring: Node 9550441a-7650-4acc-b757-f7c2959cf437 (host: ubuntu) handling event "create" for row c6581667-28f0-4495-bc0f-45e773edd772 (table: Database) {{(pid=126544) notify /opt/stack/neutron/neutron/plugins/ml2/drivers/ovn/mech_driver/ovsdb/ovsdb_monitor.py:743}}
Jul 07 10:42:46 ubuntu neutron-server[126545]: INFO ovsdbapp.backend.ovs_idl.vlog [None req-13df9ce6-cae2-4bff-a2f7-7109fd1d6ab4 None None] tcp:192.168.79.43:6642: connecting...
Jul 07 10:42:46 ubuntu neutron-server[126545]: INFO ovsdbapp.backend.ovs_idl.vlog [None req-13df9ce6-cae2-4bff-a2f7-7109fd1d6ab4 None None] tcp:192.168.79.43:6642: connected
Jul 07 10:42:46 ubuntu neutron-server[126544]: DEBUG neutron.plugins.ml2.drivers.ovn.mech_driver.ovsdb.ovsdb_monitor [None req-6adf794f-f537-4bd2-abd3-f12dd4495006 None None] Hash Ring: Node 9550441a-7650-4acc-b757-f7c2959cf437 (host: ubuntu) handling event "create" for row fe958f50-eb59-4bbb-adca-0262b914dfbc (table: NB_Global) {{(pid=126544) notify /opt/stack/neutron/neutron/plugins/ml2/drivers/ovn/mech_driver/ovsdb/ovsdb_monitor.py:743}}
Jul 07 10:42:46 ubuntu neutron-server[126544]: DEBUG neutron.plugins.ml2.drivers.ovn.mech_driver.ovsdb.ovsdb_monitor [None req-6adf794f-f537-4bd2-abd3-f12dd4495006 None None] Hash Ring: Node 9550441a-7650-4acc-b757-f7c2959cf437 (host: ubuntu) handling event "create" for row 67a4ebb9-5c53-4269-ba74-72b14acd5df7 (table: ACL) {{(pid=126544) notify /opt/stack/neutron/neutron/plugins/ml2/drivers/ovn/mech_driver/ovsdb/ovsdb_monitor.py:743}}
Jul 07 10:42:46 ubuntu neutron-server[126544]: DEBUG neutron.plugins.ml2.drivers.ovn.mech_driver.ovsdb.ovsdb_monitor [None req-6adf794f-f537-4bd2-abd3-f12dd4495006 None None] Hash Ring: Node 9550441a-7650-4acc-b757-f7c2959cf437 (host: ubuntu) handling event "create" for row b55b0580-b9c1-4180-95d7-6f730150b398 (table: Connection) {{(pid=126544) notify /opt/stack/neutron/neutron/plugins/ml2/drivers/ovn/mech_driver/ovsdb/ovsdb_monitor.py:743}}
Jul 07 10:42:46 ubuntu neutron-server[126544]: INFO neutron.plugins.ml2.drivers.ovn.mech_driver.ovsdb.impl_idl_ovn [None req-6adf794f-f537-4bd2-abd3-f12dd4495006 None None] Getting OvsdbSbOvnIdl for WorkerService with retry
Jul 07 10:42:46 ubuntu neutron-server[126544]: DEBUG ovsdbapp.backend.ovs_idl [None req-6adf794f-f537-4bd2-abd3-f12dd4495006 None None] Created lookup_table index Chassis.name {{(pid=126544) autocreate_indices /usr/local/lib/python3.8/dist-packages/ovsdbapp/backend/ovs_idl/__init__.py:85}}
Jul 07 10:42:46 ubuntu neutron-server[126544]: DEBUG ovsdbapp.backend.ovs_idl [None req-6adf794f-f537-4bd2-abd3-f12dd4495006 None None] Created schema index Datapath_Binding.tunnel_key {{(pid=126544) autocreate_indices /usr/local/lib/python3.8/dist-packages/ovsdbapp/backend/ovs_idl/__init__.py:104}}
Jul 07 10:42:46 ubuntu neutron-server[126544]: DEBUG ovsdbapp.backend.ovs_idl [None req-6adf794f-f537-4bd2-abd3-f12dd4495006 None None] Created schema index Connection.target {{(pid=126544) autocreate_indices /usr/local/lib/python3.8/dist-packages/ovsdbapp/backend/ovs_idl/__init__.py:104}}
Jul 07 10:42:46 ubuntu neutron-server[126544]: INFO ovsdbapp.backend.ovs_idl.vlog [None req-6adf794f-f537-4bd2-abd3-f12dd4495006 None None] tcp:192.168.79.43:6642: connecting...
Jul 07 10:42:46 ubuntu neutron-server[126544]: INFO ovsdbapp.backend.ovs_idl.vlog [None req-6adf794f-f537-4bd2-abd3-f12dd4495006 None None] tcp:192.168.79.43:6642: connected
Jul 07 10:42:46 ubuntu neutron-server[126545]: DEBUG neutron.common.ovn.hash_ring_manager [None req-13df9ce6-cae2-4bff-a2f7-7109fd1d6ab4 None None] Allow caching, nodes 2>=2 {{(pid=126545) _wait_startup_before_caching /opt/stack/neutron/neutron/common/ovn/hash_ring_manager.py:60}}
Jul 07 10:42:46 ubuntu neutron-server[126335]: INFO oslo_service.service [None req-7a8706f7-00e6-4912-9bea-473c145fee6e None None] Starting 1 workers
Jul 07 10:42:46 ubuntu neutron-server[126545]: DEBUG neutron.plugins.ml2.drivers.ovn.mech_driver.ovsdb.ovsdb_monitor [None req-13df9ce6-cae2-4bff-a2f7-7109fd1d6ab4 None None] Hash Ring: Node ed317983-9f46-4299-8465-f9a57ec51964 (host: ubuntu) handling event "create" for row 4c47c218-0f2c-47ee-a342-8f0a31cff2d5 (table: Database) {{(pid=126545) notify /opt/stack/neutron/neutron/plugins/ml2/drivers/ovn/mech_driver/ovsdb/ovsdb_monitor.py:743}}
Jul 07 10:42:46 ubuntu neutron-server[126544]: DEBUG neutron.common.ovn.hash_ring_manager [None req-6adf794f-f537-4bd2-abd3-f12dd4495006 None None] Allow caching, nodes 2>=2 {{(pid=126544) _wait_startup_before_caching /opt/stack/neutron/neutron/common/ovn/hash_ring_manager.py:60}}
Jul 07 10:42:46 ubuntu neutron-server[126335]: DEBUG oslo_service.service [None req-7a8706f7-00e6-4912-9bea-473c145fee6e None None] Started child 126550 {{(pid=126335) _start_child /usr/local/lib/python3.8/dist-packages/oslo_service/service.py:575}}
Jul 07 10:42:46 ubuntu neutron-server[126335]: INFO oslo_service.service [None req-7a8706f7-00e6-4912-9bea-473c145fee6e None None] Starting 1 workers
Jul 07 10:42:46 ubuntu neutron-server[126545]: DEBUG neutron.plugins.ml2.drivers.ovn.mech_driver.ovsdb.ovsdb_monitor [None req-13df9ce6-cae2-4bff-a2f7-7109fd1d6ab4 None None] Hash Ring: Node ed317983-9f46-4299-8465-f9a57ec51964 (host: ubuntu) handling event "create" for row a6f07529-5312-4e9e-9576-e711c10950d8 (table: Database) {{(pid=126545) notify /opt/stack/neutron/neutron/plugins/ml2/drivers/ovn/mech_driver/ovsdb/ovsdb_monitor.py:743}}
Jul 07 10:42:46 ubuntu neutron-server[126545]: DEBUG neutron.plugins.ml2.drivers.ovn.mech_driver.ovsdb.ovsdb_monitor [None req-13df9ce6-cae2-4bff-a2f7-7109fd1d6ab4 None None] ChassisAgentWriteEvent : Matched Chassis, create, None None {{(pid=126545) matches /opt/stack/neutron/neutron/plugins/ml2/drivers/ovn/mech_driver/ovsdb/ovsdb_monitor.py:62}}
Jul 07 10:42:46 ubuntu neutron-server[126545]: DEBUG neutron.plugins.ml2.drivers.ovn.mech_driver.ovsdb.ovsdb_monitor [None req-13df9ce6-cae2-4bff-a2f7-7109fd1d6ab4 None None] ChassisMetadataAgentWriteEvent : Matched Chassis, create, None None {{(pid=126545) matches /opt/stack/neutron/neutron/plugins/ml2/drivers/ovn/mech_driver/ovsdb/ovsdb_monitor.py:62}}
Jul 07 10:42:46 ubuntu neutron-server[126335]: DEBUG oslo_service.service [None req-7a8706f7-00e6-4912-9bea-473c145fee6e None None] Started child 126551 {{(pid=126335) _start_child /usr/local/lib/python3.8/dist-packages/oslo_service/service.py:575}}
Jul 07 10:42:46 ubuntu neutron-server[126545]: DEBUG neutron.plugins.ml2.drivers.ovn.mech_driver.ovsdb.ovsdb_monitor [None req-13df9ce6-cae2-4bff-a2f7-7109fd1d6ab4 None None] Hash Ring: Node ed317983-9f46-4299-8465-f9a57ec51964 (host: ubuntu) handling event "create" for row c9a0c51d-48c3-4812-b560-676f8d41f26e (table: Connection) {{(pid=126545) notify /opt/stack/neutron/neutron/plugins/ml2/drivers/ovn/mech_driver/ovsdb/ovsdb_monitor.py:743}}
Jul 07 10:42:46 ubuntu neutron-server[126335]: INFO oslo_service.service [None req-7a8706f7-00e6-4912-9bea-473c145fee6e None None] Starting 1 workers
Jul 07 10:42:46 ubuntu neutron-server[126550]: DEBUG neutron.service [None req-7a8706f7-00e6-4912-9bea-473c145fee6e None None] calling RpcWorker wait() {{(pid=126550) _wait /opt/stack/neutron/neutron/service.py:128}}
Jul 07 10:42:46 ubuntu neutron-server[126545]: INFO neutron.wsgi [-] (126545) wsgi starting up on http://0.0.0.0:9696
Jul 07 10:42:46 ubuntu neutron-server[126545]: DEBUG neutron.wsgi [-] (126545) accepted ('192.168.79.43', 60330) {{(pid=126545) server /usr/local/lib/python3.8/dist-packages/eventlet/wsgi.py:1004}}
Jul 07 10:42:46 ubuntu neutron-server[126550]: DEBUG neutron.service [None req-7a8706f7-00e6-4912-9bea-473c145fee6e None None] returning from RpcWorker wait() {{(pid=126550) _wait /opt/stack/neutron/neutron/service.py:135}}
Jul 07 10:42:46 ubuntu neutron-server[126544]: DEBUG neutron.plugins.ml2.drivers.ovn.mech_driver.ovsdb.ovsdb_monitor [None req-6adf794f-f537-4bd2-abd3-f12dd4495006 None None] Hash Ring: Node 9550441a-7650-4acc-b757-f7c2959cf437 (host: ubuntu) handling event "create" for row 80e64c3d-bf6f-49f8-b986-b1340afc7df0 (table: Encap) {{(pid=126544) notify /opt/stack/neutron/neutron/plugins/ml2/drivers/ovn/mech_driver/ovsdb/ovsdb_monitor.py:743}}
Jul 07 10:42:46 ubuntu neutron-server[126544]: DEBUG neutron.plugins.ml2.drivers.ovn.mech_driver.ovsdb.ovsdb_monitor [None req-6adf794f-f537-4bd2-abd3-f12dd4495006 None None] ChassisAgentWriteEvent : Matched Chassis, create, None None {{(pid=126544) matches /opt/stack/neutron/neutron/plugins/ml2/drivers/ovn/mech_driver/ovsdb/ovsdb_monitor.py:62}}
Jul 07 10:42:46 ubuntu neutron-server[126544]: DEBUG neutron.plugins.ml2.drivers.ovn.mech_driver.ovsdb.ovsdb_monitor [None req-6adf794f-f537-4bd2-abd3-f12dd4495006 None None] ChassisMetadataAgentWriteEvent : Matched Chassis, create, None None {{(pid=126544) matches /opt/stack/neutron/neutron/plugins/ml2/drivers/ovn/mech_driver/ovsdb/ovsdb_monitor.py:62}}
Jul 07 10:42:46 ubuntu neutron-server[126544]: DEBUG neutron.plugins.ml2.drivers.ovn.mech_driver.ovsdb.ovsdb_monitor [None req-6adf794f-f537-4bd2-abd3-f12dd4495006 None None] Hash Ring: Node 9550441a-7650-4acc-b757-f7c2959cf437 (host: ubuntu) handling event "create" for row dcb49d0a-5a4c-4d5d-a1ab-90d3ba4a5c59 (table: Chassis) {{(pid=126544) notify /opt/stack/neutron/neutron/plugins/ml2/drivers/ovn/mech_driver/ovsdb/ovsdb_monitor.py:743}}
Jul 07 10:42:46 ubuntu neutron-server[126335]: DEBUG oslo_service.service [None req-7a8706f7-00e6-4912-9bea-473c145fee6e None None] Started child 126552 {{(pid=126335) _start_child /usr/local/lib/python3.8/dist-packages/oslo_service/service.py:575}}
Jul 07 10:42:46 ubuntu neutron-server[126335]: DEBUG neutron_lib.callbacks.manager [None req-7a8706f7-00e6-4912-9bea-473c145fee6e None None] Publish callbacks [] for process (None), after_spawn {{(pid=126335) _notify_loop /usr/local/lib/python3.8/dist-packages/neutron_lib/callbacks/manager.py:176}}
Jul 07 10:42:46 ubuntu neutron-server[126544]: INFO neutron.wsgi [-] (126544) wsgi starting up on http://0.0.0.0:9696
Jul 07 10:42:46 ubuntu neutron-server[126335]: DEBUG oslo_service.service [-] Full set of CONF: {{(pid=126335) wait /usr/local/lib/python3.8/dist-packages/oslo_service/service.py:649}}
Jul 07 10:42:46 ubuntu neutron-server[126335]: DEBUG oslo_service.service [-] ******************************************************************************** {{(pid=126335) log_opt_values /usr/local/lib/python3.8/dist-packages/oslo_config/cfg.py:2589}}
Jul 07 10:42:46 ubuntu neutron-server[126335]: DEBUG oslo_service.service [-] Configuration options gathered from: {{(pid=126335) log_opt_values /usr/local/lib/python3.8/dist-packages/oslo_config/cfg.py:2590}}
