Sep 29 13:44:33 ubuntu neutron-server[121821]: DEBUG neutron.api.extensions [None req-a468648c-7738-4f3e-bcf5-2cdc833ee95c None None] Loading extension file: tagging.py {{(pid=121821) _load_all_extensions_from_path /opt/stack/neutron/neutron/api/extensions.py:450}}
Sep 29 13:44:33 ubuntu neutron-server[121821]: DEBUG neutron.api.extensions [None req-a468648c-7738-4f3e-bcf5-2cdc833ee95c None None] Ext name="Tag support for resources with standard attribute: port, subnet, subnetpool, network, security_group, router, floatingip, policy, trunk, network_segment_range" alias="standard-attr-tag" description="Enables to set tag on resources with standard attribute." updated="2017-01-01T00:00:00-00:00" {{(pid=121821) _check_extension /opt/stack/neutron/neutron/api/extensions.py:416}}
Sep 29 13:44:33 ubuntu neutron-server[121821]: INFO neutron.api.extensions [None req-a468648c-7738-4f3e-bcf5-2cdc833ee95c None None] Loaded extension: standard-attr-tag
Sep 29 13:44:33 ubuntu neutron-server[121821]: DEBUG neutron.api.extensions [None req-a468648c-7738-4f3e-bcf5-2cdc833ee95c None None] Loading extension file: timestamp.py {{(pid=121821) _load_all_extensions_from_path /opt/stack/neutron/neutron/api/extensions.py:450}}
Sep 29 13:44:33 ubuntu neutron-server[121821]: DEBUG neutron.api.extensions [None req-a468648c-7738-4f3e-bcf5-2cdc833ee95c None None] Ext name="Resource timestamps" alias="standard-attr-timestamp" description="Adds created_at and updated_at fields to all Neutron resources that have Neutron standard attributes." updated="2016-09-12T10:00:00-00:00" {{(pid=121821) _check_extension /opt/stack/neutron/neutron/api/extensions.py:416}}
Sep 29 13:44:33 ubuntu neutron-server[121821]: INFO neutron.api.extensions [None req-a468648c-7738-4f3e-bcf5-2cdc833ee95c None None] Loaded extension: standard-attr-timestamp
Sep 29 13:44:33 ubuntu neutron-server[121821]: DEBUG neutron.api.extensions [None req-a468648c-7738-4f3e-bcf5-2cdc833ee95c None None] Loading extension file: trunk.py {{(pid=121821) _load_all_extensions_from_path /opt/stack/neutron/neutron/api/extensions.py:450}}
Sep 29 13:44:33 ubuntu neutron-server[121821]: DEBUG neutron.api.extensions [None req-a468648c-7738-4f3e-bcf5-2cdc833ee95c None None] Ext name="Trunk Extension" alias="trunk" description="Provides support for trunk ports" updated="2016-01-01T10:00:00-00:00" {{(pid=121821) _check_extension /opt/stack/neutron/neutron/api/extensions.py:416}}
Sep 29 13:44:33 ubuntu neutron-server[121821]: INFO neutron.api.extensions [None req-a468648c-7738-4f3e-bcf5-2cdc833ee95c None None] Extension trunk not supported by any of loaded plugins
Sep 29 13:44:33 ubuntu neutron-server[121821]: DEBUG neutron.api.extensions [None req-a468648c-7738-4f3e-bcf5-2cdc833ee95c None None] Loading extension file: trunk_details.py {{(pid=121821) _load_all_extensions_from_path /opt/stack/neutron/neutron/api/extensions.py:450}}
Sep 29 13:44:33 ubuntu neutron-server[121821]: DEBUG neutron.api.extensions [None req-a468648c-7738-4f3e-bcf5-2cdc833ee95c None None] Ext name="Trunk port details" alias="trunk-details" description="Expose trunk port details" updated="2016-01-01T10:00:00-00:00" {{(pid=121821) _check_extension /opt/stack/neutron/neutron/api/extensions.py:416}}
Sep 29 13:44:33 ubuntu neutron-server[121821]: INFO neutron.api.extensions [None req-a468648c-7738-4f3e-bcf5-2cdc833ee95c None None] Extension trunk-details not supported by any of loaded plugins
Sep 29 13:44:33 ubuntu neutron-server[121821]: DEBUG neutron.api.extensions [None req-a468648c-7738-4f3e-bcf5-2cdc833ee95c None None] Loading extension file: uplink_status_propagation.py {{(pid=121821) _load_all_extensions_from_path /opt/stack/neutron/neutron/api/extensions.py:450}}
Sep 29 13:44:33 ubuntu neutron-server[121821]: DEBUG neutron.api.extensions [None req-a468648c-7738-4f3e-bcf5-2cdc833ee95c None None] Ext name="Uplink status propagation extension" alias="uplink-status-propagation" description="Provides ability to propagate port uplink status." updated="2018-05-31T18:00:00-00:00" {{(pid=121821) _check_extension /opt/stack/neutron/neutron/api/extensions.py:416}}
Sep 29 13:44:33 ubuntu neutron-server[121821]: INFO neutron.api.extensions [None req-a468648c-7738-4f3e-bcf5-2cdc833ee95c None None] Extension uplink-status-propagation not supported by any of loaded plugins
Sep 29 13:44:33 ubuntu neutron-server[121821]: DEBUG neutron.api.extensions [None req-a468648c-7738-4f3e-bcf5-2cdc833ee95c None None] Loading extension file: vlantransparent.py {{(pid=121821) _load_all_extensions_from_path /opt/stack/neutron/neutron/api/extensions.py:450}}
Sep 29 13:44:33 ubuntu neutron-server[121821]: DEBUG neutron.api.extensions [None req-a468648c-7738-4f3e-bcf5-2cdc833ee95c None None] Ext name="Vlantransparent" alias="vlan-transparent" description="Provides Vlan Transparent Networks" updated="2015-03-23T09:00:00-00:00" {{(pid=121821) _check_extension /opt/stack/neutron/neutron/api/extensions.py:416}}
Sep 29 13:44:33 ubuntu neutron-server[121821]: INFO neutron.api.extensions [None req-a468648c-7738-4f3e-bcf5-2cdc833ee95c None None] Extension vlan-transparent not supported by any of loaded plugins
Sep 29 13:44:33 ubuntu neutron-server[121821]: INFO neutron.quota.resource_registry [None req-a468648c-7738-4f3e-bcf5-2cdc833ee95c None None] Creating instance of TrackedResource for resource:network
Sep 29 13:44:33 ubuntu neutron-server[121821]: INFO neutron.quota.resource_registry [None req-a468648c-7738-4f3e-bcf5-2cdc833ee95c None None] Creating instance of TrackedResource for resource:subnet
Sep 29 13:44:33 ubuntu neutron-server[121821]: INFO neutron.quota.resource_registry [None req-a468648c-7738-4f3e-bcf5-2cdc833ee95c None None] Creating instance of TrackedResource for resource:subnetpool
Sep 29 13:44:33 ubuntu neutron-server[121821]: INFO neutron.quota.resource_registry [None req-a468648c-7738-4f3e-bcf5-2cdc833ee95c None None] Creating instance of TrackedResource for resource:port
Sep 29 13:44:33 ubuntu neutron-server[121821]: DEBUG neutron.api.v2.resource_helper [None req-a468648c-7738-4f3e-bcf5-2cdc833ee95c None None] Service FLAVORS assigned prefix:  {{(pid=121821) build_resource_info /opt/stack/neutron/neutron/api/v2/resource_helper.py:77}}
Sep 29 13:44:33 ubuntu neutron-server[121821]: DEBUG neutron.api.v2.resource_helper [None req-a468648c-7738-4f3e-bcf5-2cdc833ee95c None None] Service L3_ROUTER_NAT assigned prefix:  {{(pid=121821) build_resource_info /opt/stack/neutron/neutron/api/v2/resource_helper.py:77}}
Sep 29 13:44:33 ubuntu neutron-server[121821]: DEBUG neutron.api.v2.resource_helper [None req-a468648c-7738-4f3e-bcf5-2cdc833ee95c None None] Service L3_ROUTER_NAT assigned prefix:  {{(pid=121821) build_resource_info /opt/stack/neutron/neutron/api/v2/resource_helper.py:77}}
Sep 29 13:44:33 ubuntu neutron-server[121821]: INFO neutron.quota.resource_registry [None req-a468648c-7738-4f3e-bcf5-2cdc833ee95c None None] Creating instance of TrackedResource for resource:router
Sep 29 13:44:33 ubuntu neutron-server[121821]: INFO neutron.quota.resource_registry [None req-a468648c-7738-4f3e-bcf5-2cdc833ee95c None None] Creating instance of TrackedResource for resource:floatingip
Sep 29 13:44:33 ubuntu neutron-server[121821]: DEBUG neutron_lib.callbacks.manager [None req-a468648c-7738-4f3e-bcf5-2cdc833ee95c None None] Subscribe: <bound method NeutronDbPluginV2.validate_network_rbac_policy_change of <neutron.services.network_ip_availability.plugin.NetworkIPAvailabilityPlugin object at 0x7fe4d28f6910>> rbac-policy before_create 55550000 {{(pid=121821) subscribe /usr/local/lib/python3.8/dist-packages/neutron_lib/callbacks/manager.py:45}}
Sep 29 13:44:33 ubuntu neutron-server[121821]: DEBUG neutron_lib.callbacks.manager [None req-a468648c-7738-4f3e-bcf5-2cdc833ee95c None None] Subscribe: <bound method NeutronDbPluginV2.validate_network_rbac_policy_change of <neutron.services.network_ip_availability.plugin.NetworkIPAvailabilityPlugin object at 0x7fe4d28f6910>> rbac-policy before_update 55550000 {{(pid=121821) subscribe /usr/local/lib/python3.8/dist-packages/neutron_lib/callbacks/manager.py:45}}
Sep 29 13:44:33 ubuntu neutron-server[121821]: DEBUG neutron_lib.callbacks.manager [None req-a468648c-7738-4f3e-bcf5-2cdc833ee95c None None] Subscribe: <bound method NeutronDbPluginV2.validate_network_rbac_policy_change of <neutron.services.network_ip_availability.plugin.NetworkIPAvailabilityPlugin object at 0x7fe4d28f6910>> rbac-policy before_delete 55550000 {{(pid=121821) subscribe /usr/local/lib/python3.8/dist-packages/neutron_lib/callbacks/manager.py:45}}
Sep 29 13:44:33 ubuntu neutron-server[121821]: INFO neutron.quota.resource_registry [None req-a468648c-7738-4f3e-bcf5-2cdc833ee95c None None] Creating instance of CountableResource for resource:rbac_policy
Sep 29 13:44:33 ubuntu neutron-server[121821]: INFO neutron.quota.resource_registry [None req-a468648c-7738-4f3e-bcf5-2cdc833ee95c None None] Creating instance of TrackedResource for resource:security_group
Sep 29 13:44:33 ubuntu neutron-server[121821]: INFO neutron.quota.resource_registry [None req-a468648c-7738-4f3e-bcf5-2cdc833ee95c None None] Creating instance of TrackedResource for resource:security_group_rule
Sep 29 13:44:33 ubuntu neutron-server[121821]: DEBUG neutron.api.v2.resource_helper [None req-a468648c-7738-4f3e-bcf5-2cdc833ee95c None None] Service FLAVORS assigned prefix:  {{(pid=121821) build_resource_info /opt/stack/neutron/neutron/api/v2/resource_helper.py:77}}
Sep 29 13:44:33 ubuntu neutron-server[121821]: DEBUG neutron.api.v2.resource_helper [None req-a468648c-7738-4f3e-bcf5-2cdc833ee95c None None] Service L3_ROUTER_NAT assigned prefix:  {{(pid=121821) build_resource_info /opt/stack/neutron/neutron/api/v2/resource_helper.py:77}}
Sep 29 13:44:33 ubuntu neutron-server[121821]: DEBUG neutron.api.v2.resource_helper [None req-a468648c-7738-4f3e-bcf5-2cdc833ee95c None None] Service L3_ROUTER_NAT assigned prefix:  {{(pid=121821) build_resource_info /opt/stack/neutron/neutron/api/v2/resource_helper.py:77}}
Sep 29 13:44:33 ubuntu neutron-server[121821]: INFO neutron.quota.resource_registry [None req-a468648c-7738-4f3e-bcf5-2cdc833ee95c None None] Creating instance of TrackedResource for resource:router
Sep 29 13:44:33 ubuntu neutron-server[121821]: WARNING neutron.quota.resource_registry [None req-a468648c-7738-4f3e-bcf5-2cdc833ee95c None None] router is already registered
Sep 29 13:44:33 ubuntu neutron-server[121821]: INFO neutron.quota.resource_registry [None req-a468648c-7738-4f3e-bcf5-2cdc833ee95c None None] Creating instance of TrackedResource for resource:floatingip
Sep 29 13:44:33 ubuntu neutron-server[121821]: WARNING neutron.quota.resource_registry [None req-a468648c-7738-4f3e-bcf5-2cdc833ee95c None None] floatingip is already registered
Sep 29 13:44:33 ubuntu neutron-server[121821]: INFO neutron.quota.resource_registry [None req-a468648c-7738-4f3e-bcf5-2cdc833ee95c None None] Creating instance of CountableResource for resource:rbac_policy
Sep 29 13:44:33 ubuntu neutron-server[121821]: WARNING neutron.quota.resource_registry [None req-a468648c-7738-4f3e-bcf5-2cdc833ee95c None None] rbac_policy is already registered
Sep 29 13:44:33 ubuntu neutron-server[121821]: INFO neutron.quota.resource_registry [None req-a468648c-7738-4f3e-bcf5-2cdc833ee95c None None] Creating instance of TrackedResource for resource:security_group
Sep 29 13:44:33 ubuntu neutron-server[121821]: WARNING neutron.quota.resource_registry [None req-a468648c-7738-4f3e-bcf5-2cdc833ee95c None None] security_group is already registered
Sep 29 13:44:33 ubuntu neutron-server[121821]: INFO neutron.quota.resource_registry [None req-a468648c-7738-4f3e-bcf5-2cdc833ee95c None None] Creating instance of TrackedResource for resource:security_group_rule
Sep 29 13:44:33 ubuntu neutron-server[121821]: WARNING neutron.quota.resource_registry [None req-a468648c-7738-4f3e-bcf5-2cdc833ee95c None None] security_group_rule is already registered
Sep 29 13:44:33 ubuntu neutron-server[121821]: DEBUG neutron.api.extensions [None req-a468648c-7738-4f3e-bcf5-2cdc833ee95c None None] Extended resource: extensions {{(pid=121821) __init__ /opt/stack/neutron/neutron/api/extensions.py:157}}
Sep 29 13:44:33 ubuntu neutron-server[121821]: DEBUG neutron.api.extensions [None req-a468648c-7738-4f3e-bcf5-2cdc833ee95c None None] Extended resource: address-groups {{(pid=121821) __init__ /opt/stack/neutron/neutron/api/extensions.py:157}}
Sep 29 13:44:33 ubuntu neutron-server[121821]: DEBUG neutron.api.extensions [None req-a468648c-7738-4f3e-bcf5-2cdc833ee95c None None] Extended resource: address-scopes {{(pid=121821) __init__ /opt/stack/neutron/neutron/api/extensions.py:157}}
Sep 29 13:44:33 ubuntu neutron-server[121821]: DEBUG neutron.api.extensions [None req-a468648c-7738-4f3e-bcf5-2cdc833ee95c None None] Extended resource: agents {{(pid=121821) __init__ /opt/stack/neutron/neutron/api/extensions.py:157}}
Sep 29 13:44:33 ubuntu neutron-server[121821]: DEBUG neutron.api.extensions [None req-a468648c-7738-4f3e-bcf5-2cdc833ee95c None None] Extended resource: auto-allocated-topology {{(pid=121821) __init__ /opt/stack/neutron/neutron/api/extensions.py:157}}
Sep 29 13:44:33 ubuntu neutron-server[121821]: DEBUG neutron.api.extensions [None req-a468648c-7738-4f3e-bcf5-2cdc833ee95c None None] Extended resource: availability_zones {{(pid=121821) __init__ /opt/stack/neutron/neutron/api/extensions.py:157}}
Sep 29 13:44:33 ubuntu neutron-server[121821]: DEBUG neutron.api.extensions [None req-a468648c-7738-4f3e-bcf5-2cdc833ee95c None None] Extended resource: flavors {{(pid=121821) __init__ /opt/stack/neutron/neutron/api/extensions.py:157}}
Sep 29 13:44:33 ubuntu neutron-server[121821]: DEBUG neutron.api.extensions [None req-a468648c-7738-4f3e-bcf5-2cdc833ee95c None None] Extended resource: service_profiles {{(pid=121821) __init__ /opt/stack/neutron/neutron/api/extensions.py:157}}
Sep 29 13:44:33 ubuntu neutron-server[121821]: DEBUG neutron.api.extensions [None req-a468648c-7738-4f3e-bcf5-2cdc833ee95c None None] Extended resource: next_providers {{(pid=121821) __init__ /opt/stack/neutron/neutron/api/extensions.py:157}}
Sep 29 13:44:33 ubuntu neutron-server[121821]: DEBUG neutron.api.extensions [None req-a468648c-7738-4f3e-bcf5-2cdc833ee95c None None] Extended resource: service_profiles {{(pid=121821) __init__ /opt/stack/neutron/neutron/api/extensions.py:157}}
Sep 29 13:44:33 ubuntu neutron-server[121821]: DEBUG neutron.api.extensions [None req-a468648c-7738-4f3e-bcf5-2cdc833ee95c None None] Extended resource: floatingip-pools {{(pid=121821) __init__ /opt/stack/neutron/neutron/api/extensions.py:157}}
Sep 29 13:44:33 ubuntu neutron-server[121821]: DEBUG neutron.api.extensions [None req-a468648c-7738-4f3e-bcf5-2cdc833ee95c None None] Extended resource: routers {{(pid=121821) __init__ /opt/stack/neutron/neutron/api/extensions.py:157}}
Sep 29 13:44:33 ubuntu neutron-server[121821]: DEBUG neutron.api.extensions [None req-a468648c-7738-4f3e-bcf5-2cdc833ee95c None None] Extended resource: floatingips {{(pid=121821) __init__ /opt/stack/neutron/neutron/api/extensions.py:157}}
Sep 29 13:44:33 ubuntu neutron-server[121821]: DEBUG neutron.api.extensions [None req-a468648c-7738-4f3e-bcf5-2cdc833ee95c None None] Extended resource: network-ip-availabilities {{(pid=121821) __init__ /opt/stack/neutron/neutron/api/extensions.py:157}}
Sep 29 13:44:33 ubuntu neutron-server[121821]: DEBUG neutron.api.extensions [None req-a468648c-7738-4f3e-bcf5-2cdc833ee95c None None] Extended resource: bindings {{(pid=121821) __init__ /opt/stack/neutron/neutron/api/extensions.py:157}}
Sep 29 13:44:33 ubuntu neutron-server[121821]: DEBUG neutron.api.extensions [None req-a468648c-7738-4f3e-bcf5-2cdc833ee95c None None] Extended resource: quotas {{(pid=121821) __init__ /opt/stack/neutron/neutron/api/extensions.py:157}}
Sep 29 13:44:33 ubuntu neutron-server[121821]: DEBUG neutron.api.extensions [None req-a468648c-7738-4f3e-bcf5-2cdc833ee95c None None] Extended resource: quotas {{(pid=121821) __init__ /opt/stack/neutron/neutron/api/extensions.py:157}}
Sep 29 13:44:33 ubuntu neutron-server[121821]: DEBUG neutron.api.extensions [None req-a468648c-7738-4f3e-bcf5-2cdc833ee95c None None] Extended resource: rbac-policies {{(pid=121821) __init__ /opt/stack/neutron/neutron/api/extensions.py:157}}
Sep 29 13:44:33 ubuntu neutron-server[121821]: DEBUG neutron.api.extensions [None req-a468648c-7738-4f3e-bcf5-2cdc833ee95c None None] Extended resource: security-groups {{(pid=121821) __init__ /opt/stack/neutron/neutron/api/extensions.py:157}}
Sep 29 13:44:33 ubuntu neutron-server[121821]: DEBUG neutron.api.extensions [None req-a468648c-7738-4f3e-bcf5-2cdc833ee95c None None] Extended resource: security-group-rules {{(pid=121821) __init__ /opt/stack/neutron/neutron/api/extensions.py:157}}
Sep 29 13:44:33 ubuntu neutron-server[121821]: DEBUG neutron.api.extensions [None req-a468648c-7738-4f3e-bcf5-2cdc833ee95c None None] Extended resource: service-providers {{(pid=121821) __init__ /opt/stack/neutron/neutron/api/extensions.py:157}}
Sep 29 13:44:33 ubuntu neutron-server[121821]: DEBUG neutron.api.extensions [None req-a468648c-7738-4f3e-bcf5-2cdc833ee95c None None] Extended resource: tags {{(pid=121821) __init__ /opt/stack/neutron/neutron/api/extensions.py:157}}
Sep 29 13:44:33 ubuntu neutron-server[121821]: DEBUG neutron.api.extensions [None req-a468648c-7738-4f3e-bcf5-2cdc833ee95c None None] Extended resource: tags {{(pid=121821) __init__ /opt/stack/neutron/neutron/api/extensions.py:157}}
Sep 29 13:44:33 ubuntu neutron-server[121821]: DEBUG neutron.api.extensions [None req-a468648c-7738-4f3e-bcf5-2cdc833ee95c None None] Extended resource: tags {{(pid=121821) __init__ /opt/stack/neutron/neutron/api/extensions.py:157}}
Sep 29 13:44:33 ubuntu neutron-server[121821]: DEBUG neutron.api.extensions [None req-a468648c-7738-4f3e-bcf5-2cdc833ee95c None None] Extended resource: tags {{(pid=121821) __init__ /opt/stack/neutron/neutron/api/extensions.py:157}}
Sep 29 13:44:33 ubuntu neutron-server[121821]: DEBUG neutron.api.extensions [None req-a468648c-7738-4f3e-bcf5-2cdc833ee95c None None] Extended resource: tags {{(pid=121821) __init__ /opt/stack/neutron/neutron/api/extensions.py:157}}
Sep 29 13:44:33 ubuntu neutron-server[121821]: DEBUG neutron.api.extensions [None req-a468648c-7738-4f3e-bcf5-2cdc833ee95c None None] Extended resource: tags {{(pid=121821) __init__ /opt/stack/neutron/neutron/api/extensions.py:157}}
Sep 29 13:44:33 ubuntu neutron-server[121821]: DEBUG neutron.api.extensions [None req-a468648c-7738-4f3e-bcf5-2cdc833ee95c None None] Extended resource: tags {{(pid=121821) __init__ /opt/stack/neutron/neutron/api/extensions.py:157}}
Sep 29 13:44:33 ubuntu neutron-server[121821]: DEBUG neutron.api.extensions [None req-a468648c-7738-4f3e-bcf5-2cdc833ee95c None None] Extended resource: tags {{(pid=121821) __init__ /opt/stack/neutron/neutron/api/extensions.py:157}}
Sep 29 13:44:33 ubuntu neutron-server[121821]: DEBUG neutron.api.extensions [None req-a468648c-7738-4f3e-bcf5-2cdc833ee95c None None] Extended resource: tags {{(pid=121821) __init__ /opt/stack/neutron/neutron/api/extensions.py:157}}
Sep 29 13:44:33 ubuntu neutron-server[121821]: DEBUG neutron.api.extensions [None req-a468648c-7738-4f3e-bcf5-2cdc833ee95c None None] Extended resource: tags {{(pid=121821) __init__ /opt/stack/neutron/neutron/api/extensions.py:157}}
Sep 29 13:44:33 ubuntu neutron-server[121821]: WARNING keystonemiddleware.auth_token [None req-a468648c-7738-4f3e-bcf5-2cdc833ee95c None None] AuthToken middleware is set with keystone_authtoken.service_token_roles_required set to False. This is backwards compatible but deprecated behaviour. Please set this to True.
Sep 29 13:44:33 ubuntu neutron-server[121821]: WARNING keystonemiddleware.auth_token [None req-a468648c-7738-4f3e-bcf5-2cdc833ee95c None None] Configuring www_authenticate_uri to point to the public identity endpoint is required; clients may not be able to authenticate against an admin endpoint
Sep 29 13:44:33 ubuntu neutron-server[121821]: DEBUG oslo_concurrency.lockutils [None req-a468648c-7738-4f3e-bcf5-2cdc833ee95c None None] Acquiring lock "singleton_lock" {{(pid=121821) lock /usr/local/lib/python3.8/dist-packages/oslo_concurrency/lockutils.py:312}}
Sep 29 13:44:33 ubuntu neutron-server[121821]: DEBUG oslo_concurrency.lockutils [None req-a468648c-7738-4f3e-bcf5-2cdc833ee95c None None] Acquired lock "singleton_lock" {{(pid=121821) lock /usr/local/lib/python3.8/dist-packages/oslo_concurrency/lockutils.py:315}}
Sep 29 13:44:33 ubuntu neutron-server[121821]: DEBUG oslo_concurrency.lockutils [None req-a468648c-7738-4f3e-bcf5-2cdc833ee95c None None] Releasing lock "singleton_lock" {{(pid=121821) lock /usr/local/lib/python3.8/dist-packages/oslo_concurrency/lockutils.py:333}}
Sep 29 13:44:33 ubuntu neutron-server[121821]: INFO oslo_service.service [None req-a468648c-7738-4f3e-bcf5-2cdc833ee95c None None] Starting 2 workers
Sep 29 13:44:33 ubuntu neutron-server[121821]: DEBUG oslo_service.service [None req-a468648c-7738-4f3e-bcf5-2cdc833ee95c None None] Started child 122035 {{(pid=121821) _start_child /usr/local/lib/python3.8/dist-packages/oslo_service/service.py:575}}
Sep 29 13:44:33 ubuntu neutron-server[122035]: DEBUG neutron_lib.callbacks.manager [-] Publish callbacks ['neutron.plugins.ml2.drivers.ovn.mech_driver.mech_driver.OVNMechanismDriver.post_fork_initialize-333883'] for process (None), after_init {{(pid=122035) _notify_loop /usr/local/lib/python3.8/dist-packages/neutron_lib/callbacks/manager.py:176}}
Sep 29 13:44:33 ubuntu neutron-server[121821]: DEBUG oslo_service.service [None req-a468648c-7738-4f3e-bcf5-2cdc833ee95c None None] Started child 122036 {{(pid=121821) _start_child /usr/local/lib/python3.8/dist-packages/oslo_service/service.py:575}}
Sep 29 13:44:33 ubuntu neutron-server[121821]: INFO neutron.service [None req-a468648c-7738-4f3e-bcf5-2cdc833ee95c None None] Neutron service started, listening on 0.0.0.0:9696
Sep 29 13:44:33 ubuntu neutron-server[121821]: DEBUG neutron_lib.callbacks.manager [None req-a468648c-7738-4f3e-bcf5-2cdc833ee95c None None] Publish callbacks ['neutron.plugins.ml2.drivers.ovn.mech_driver.mech_driver.OVNMechanismDriver.pre_fork_initialize-333904'] for process (None), before_spawn {{(pid=121821) _notify_loop /usr/local/lib/python3.8/dist-packages/neutron_lib/callbacks/manager.py:176}}
Sep 29 13:44:33 ubuntu neutron-server[122036]: DEBUG neutron_lib.callbacks.manager [-] Publish callbacks ['neutron.plugins.ml2.drivers.ovn.mech_driver.mech_driver.OVNMechanismDriver.post_fork_initialize-333883'] for process (None), after_init {{(pid=122036) _notify_loop /usr/local/lib/python3.8/dist-packages/neutron_lib/callbacks/manager.py:176}}
Sep 29 13:44:33 ubuntu neutron-server[122035]: DEBUG dbcounter [-] [122035] Writer thread running {{(pid=122035) stat_writer /usr/local/lib/python3.8/dist-packages/dbcounter.py:99}}
Sep 29 13:44:33 ubuntu neutron-server[122036]: DEBUG dbcounter [-] [122036] Writer thread running {{(pid=122036) stat_writer /usr/local/lib/python3.8/dist-packages/dbcounter.py:99}}
Sep 29 13:44:33 ubuntu neutron-server[122035]: INFO neutron.plugins.ml2.drivers.ovn.mech_driver.ovsdb.impl_idl_ovn [None req-efab1fef-f204-4bfb-a93d-bd6ad853129b None None] Getting OvsdbNbOvnIdl for WorkerService with retry
Sep 29 13:44:33 ubuntu neutron-server[122036]: INFO neutron.plugins.ml2.drivers.ovn.mech_driver.ovsdb.impl_idl_ovn [None req-4059707e-2485-4a91-bce0-4febea6101f4 None None] Getting OvsdbNbOvnIdl for WorkerService with retry
Sep 29 13:44:33 ubuntu neutron-server[121821]: DEBUG ovsdbapp.backend.ovs_idl [None req-a468648c-7738-4f3e-bcf5-2cdc833ee95c None None] Created schema index Port_Group.name {{(pid=121821) autocreate_indices /usr/local/lib/python3.8/dist-packages/ovsdbapp/backend/ovs_idl/__init__.py:104}}
Sep 29 13:44:33 ubuntu neutron-server[121821]: DEBUG ovsdbapp.backend.ovs_idl [None req-a468648c-7738-4f3e-bcf5-2cdc833ee95c None None] Created schema index Logical_Switch_Port.name {{(pid=121821) autocreate_indices /usr/local/lib/python3.8/dist-packages/ovsdbapp/backend/ovs_idl/__init__.py:104}}
Sep 29 13:44:33 ubuntu neutron-server[122035]: DEBUG ovsdbapp.backend.ovs_idl [None req-efab1fef-f204-4bfb-a93d-bd6ad853129b None None] Created lookup_table index Logical_Switch.name {{(pid=122035) autocreate_indices /usr/local/lib/python3.8/dist-packages/ovsdbapp/backend/ovs_idl/__init__.py:85}}
Sep 29 13:44:33 ubuntu neutron-server[122036]: DEBUG ovsdbapp.backend.ovs_idl [None req-4059707e-2485-4a91-bce0-4febea6101f4 None None] Created lookup_table index Logical_Switch.name {{(pid=122036) autocreate_indices /usr/local/lib/python3.8/dist-packages/ovsdbapp/backend/ovs_idl/__init__.py:85}}
Sep 29 13:44:33 ubuntu neutron-server[122035]: DEBUG ovsdbapp.backend.ovs_idl [None req-efab1fef-f204-4bfb-a93d-bd6ad853129b None None] Created lookup_table index Logical_Router.name {{(pid=122035) autocreate_indices /usr/local/lib/python3.8/dist-packages/ovsdbapp/backend/ovs_idl/__init__.py:85}}
Sep 29 13:44:33 ubuntu neutron-server[122036]: DEBUG ovsdbapp.backend.ovs_idl [None req-4059707e-2485-4a91-bce0-4febea6101f4 None None] Created lookup_table index Logical_Router.name {{(pid=122036) autocreate_indices /usr/local/lib/python3.8/dist-packages/ovsdbapp/backend/ovs_idl/__init__.py:85}}
Sep 29 13:44:33 ubuntu neutron-server[122035]: DEBUG ovsdbapp.backend.ovs_idl [None req-efab1fef-f204-4bfb-a93d-bd6ad853129b None None] Created lookup_table index Load_Balancer.name {{(pid=122035) autocreate_indices /usr/local/lib/python3.8/dist-packages/ovsdbapp/backend/ovs_idl/__init__.py:85}}
Sep 29 13:44:33 ubuntu neutron-server[122036]: DEBUG ovsdbapp.backend.ovs_idl [None req-4059707e-2485-4a91-bce0-4febea6101f4 None None] Created lookup_table index Load_Balancer.name {{(pid=122036) autocreate_indices /usr/local/lib/python3.8/dist-packages/ovsdbapp/backend/ovs_idl/__init__.py:85}}
Sep 29 13:44:33 ubuntu neutron-server[122035]: DEBUG ovsdbapp.backend.ovs_idl [None req-efab1fef-f204-4bfb-a93d-bd6ad853129b None None] Created schema index Meter.name {{(pid=122035) autocreate_indices /usr/local/lib/python3.8/dist-packages/ovsdbapp/backend/ovs_idl/__init__.py:104}}
Sep 29 13:44:33 ubuntu neutron-server[122036]: DEBUG ovsdbapp.backend.ovs_idl [None req-4059707e-2485-4a91-bce0-4febea6101f4 None None] Created schema index Meter.name {{(pid=122036) autocreate_indices /usr/local/lib/python3.8/dist-packages/ovsdbapp/backend/ovs_idl/__init__.py:104}}
Sep 29 13:44:33 ubuntu neutron-server[122035]: DEBUG ovsdbapp.backend.ovs_idl [None req-efab1fef-f204-4bfb-a93d-bd6ad853129b None None] Created schema index Address_Set.name {{(pid=122035) autocreate_indices /usr/local/lib/python3.8/dist-packages/ovsdbapp/backend/ovs_idl/__init__.py:104}}
Sep 29 13:44:33 ubuntu neutron-server[122036]: DEBUG ovsdbapp.backend.ovs_idl [None req-4059707e-2485-4a91-bce0-4febea6101f4 None None] Created schema index Address_Set.name {{(pid=122036) autocreate_indices /usr/local/lib/python3.8/dist-packages/ovsdbapp/backend/ovs_idl/__init__.py:104}}
Sep 29 13:44:33 ubuntu neutron-server[122035]: DEBUG ovsdbapp.backend.ovs_idl [None req-efab1fef-f204-4bfb-a93d-bd6ad853129b None None] Created schema index HA_Chassis_Group.name {{(pid=122035) autocreate_indices /usr/local/lib/python3.8/dist-packages/ovsdbapp/backend/ovs_idl/__init__.py:104}}
Sep 29 13:44:33 ubuntu neutron-server[122036]: DEBUG ovsdbapp.backend.ovs_idl [None req-4059707e-2485-4a91-bce0-4febea6101f4 None None] Created schema index HA_Chassis_Group.name {{(pid=122036) autocreate_indices /usr/local/lib/python3.8/dist-packages/ovsdbapp/backend/ovs_idl/__init__.py:104}}
Sep 29 13:44:33 ubuntu neutron-server[122035]: DEBUG ovsdbapp.backend.ovs_idl [None req-efab1fef-f204-4bfb-a93d-bd6ad853129b None None] Created schema index Connection.target {{(pid=122035) autocreate_indices /usr/local/lib/python3.8/dist-packages/ovsdbapp/backend/ovs_idl/__init__.py:104}}
Sep 29 13:44:33 ubuntu neutron-server[122036]: DEBUG ovsdbapp.backend.ovs_idl [None req-4059707e-2485-4a91-bce0-4febea6101f4 None None] Created schema index Connection.target {{(pid=122036) autocreate_indices /usr/local/lib/python3.8/dist-packages/ovsdbapp/backend/ovs_idl/__init__.py:104}}
Sep 29 13:44:33 ubuntu neutron-server[122035]: DEBUG ovsdbapp.backend.ovs_idl [None req-efab1fef-f204-4bfb-a93d-bd6ad853129b None None] Created schema index Gateway_Chassis.name {{(pid=122035) autocreate_indices /usr/local/lib/python3.8/dist-packages/ovsdbapp/backend/ovs_idl/__init__.py:104}}
Sep 29 13:44:33 ubuntu neutron-server[122036]: DEBUG ovsdbapp.backend.ovs_idl [None req-4059707e-2485-4a91-bce0-4febea6101f4 None None] Created schema index Gateway_Chassis.name {{(pid=122036) autocreate_indices /usr/local/lib/python3.8/dist-packages/ovsdbapp/backend/ovs_idl/__init__.py:104}}
Sep 29 13:44:33 ubuntu neutron-server[122035]: DEBUG ovsdbapp.backend.ovs_idl [None req-efab1fef-f204-4bfb-a93d-bd6ad853129b None None] Created schema index Logical_Router_Port.name {{(pid=122035) autocreate_indices /usr/local/lib/python3.8/dist-packages/ovsdbapp/backend/ovs_idl/__init__.py:104}}
Sep 29 13:44:33 ubuntu neutron-server[122036]: DEBUG ovsdbapp.backend.ovs_idl [None req-4059707e-2485-4a91-bce0-4febea6101f4 None None] Created schema index Logical_Router_Port.name {{(pid=122036) autocreate_indices /usr/local/lib/python3.8/dist-packages/ovsdbapp/backend/ovs_idl/__init__.py:104}}
Sep 29 13:44:33 ubuntu neutron-server[122035]: DEBUG ovsdbapp.backend.ovs_idl [None req-efab1fef-f204-4bfb-a93d-bd6ad853129b None None] Created schema index Port_Group.name {{(pid=122035) autocreate_indices /usr/local/lib/python3.8/dist-packages/ovsdbapp/backend/ovs_idl/__init__.py:104}}
Sep 29 13:44:33 ubuntu neutron-server[122035]: DEBUG ovsdbapp.backend.ovs_idl [None req-efab1fef-f204-4bfb-a93d-bd6ad853129b None None] Created schema index Logical_Switch_Port.name {{(pid=122035) autocreate_indices /usr/local/lib/python3.8/dist-packages/ovsdbapp/backend/ovs_idl/__init__.py:104}}
Sep 29 13:44:33 ubuntu neutron-server[122036]: DEBUG ovsdbapp.backend.ovs_idl [None req-4059707e-2485-4a91-bce0-4febea6101f4 None None] Created schema index Port_Group.name {{(pid=122036) autocreate_indices /usr/local/lib/python3.8/dist-packages/ovsdbapp/backend/ovs_idl/__init__.py:104}}
Sep 29 13:44:33 ubuntu neutron-server[122036]: DEBUG ovsdbapp.backend.ovs_idl [None req-4059707e-2485-4a91-bce0-4febea6101f4 None None] Created schema index Logical_Switch_Port.name {{(pid=122036) autocreate_indices /usr/local/lib/python3.8/dist-packages/ovsdbapp/backend/ovs_idl/__init__.py:104}}
Sep 29 13:44:33 ubuntu neutron-server[122035]: INFO ovsdbapp.backend.ovs_idl.vlog [None req-efab1fef-f204-4bfb-a93d-bd6ad853129b None None] tcp:192.168.79.45:6641: connecting...
Sep 29 13:44:33 ubuntu neutron-server[122036]: INFO ovsdbapp.backend.ovs_idl.vlog [None req-4059707e-2485-4a91-bce0-4febea6101f4 None None] tcp:192.168.79.45:6641: connecting...
Sep 29 13:44:33 ubuntu neutron-server[122035]: INFO ovsdbapp.backend.ovs_idl.vlog [None req-efab1fef-f204-4bfb-a93d-bd6ad853129b None None] tcp:192.168.79.45:6641: connected
Sep 29 13:44:33 ubuntu neutron-server[122036]: INFO ovsdbapp.backend.ovs_idl.vlog [None req-4059707e-2485-4a91-bce0-4febea6101f4 None None] tcp:192.168.79.45:6641: connected
Sep 29 13:44:33 ubuntu neutron-server[121821]: DEBUG ovsdbapp.backend.ovs_idl.transaction [-] Running txn n=1 command(idx=0): PgAddCommand(name=neutron_pg_drop, may_exist=True, columns={'acls': []}) {{(pid=121821) do_commit /usr/local/lib/python3.8/dist-packages/ovsdbapp/backend/ovs_idl/transaction.py:90}}
Sep 29 13:44:33 ubuntu neutron-server[121821]: DEBUG ovsdbapp.backend.ovs_idl.transaction [-] Running txn n=1 command(idx=1): PgAclAddCommand(entity=neutron_pg_drop, direction=from-lport, priority=1001, match=inport == @neutron_pg_drop && ip, action=drop, log=False, may_exist=True, severity=[], name=[], meter=None, external_ids={}) {{(pid=121821) do_commit /usr/local/lib/python3.8/dist-packages/ovsdbapp/backend/ovs_idl/transaction.py:90}}
Sep 29 13:44:33 ubuntu neutron-server[121821]: DEBUG ovsdbapp.backend.ovs_idl.transaction [-] Running txn n=1 command(idx=2): PgAclAddCommand(entity=neutron_pg_drop, direction=to-lport, priority=1001, match=outport == @neutron_pg_drop && ip, action=drop, log=False, may_exist=True, severity=[], name=[], meter=None, external_ids={}) {{(pid=121821) do_commit /usr/local/lib/python3.8/dist-packages/ovsdbapp/backend/ovs_idl/transaction.py:90}}
Sep 29 13:44:33 ubuntu neutron-server[121821]: DEBUG ovsdbapp.backend.ovs_idl.event [-] Matched CREATE: NeutronPgDropPortGroupCreated(events=('create',), table='Port_Group', conditions=(('name', '=', 'neutron_pg_drop'),), old_conditions=None), priority=10 to row=Port_Group(name=neutron_pg_drop, ports=[], external_ids={}, acls=[<ovs.db.idl.Row object at 0x7fe4d21f4370>, <ovs.db.idl.Row object at 0x7fe4d21f4160>]) old= {{(pid=121821) matches /usr/local/lib/python3.8/dist-packages/ovsdbapp/backend/ovs_idl/event.py:43}}
Sep 29 13:44:33 ubuntu neutron-server[121821]: INFO oslo_service.service [None req-a468648c-7738-4f3e-bcf5-2cdc833ee95c None None] Starting 1 workers
Sep 29 13:44:33 ubuntu neutron-server[121821]: DEBUG oslo_service.service [None req-a468648c-7738-4f3e-bcf5-2cdc833ee95c None None] Started child 122039 {{(pid=121821) _start_child /usr/local/lib/python3.8/dist-packages/oslo_service/service.py:575}}
Sep 29 13:44:33 ubuntu neutron-server[121821]: INFO oslo_service.service [None req-a468648c-7738-4f3e-bcf5-2cdc833ee95c None None] Starting 1 workers
Sep 29 13:44:33 ubuntu neutron-server[122039]: DEBUG neutron.service [None req-a468648c-7738-4f3e-bcf5-2cdc833ee95c None None] calling RpcWorker wait() {{(pid=122039) _wait /opt/stack/neutron/neutron/service.py:128}}
Sep 29 13:44:33 ubuntu neutron-server[122039]: DEBUG neutron.service [None req-a468648c-7738-4f3e-bcf5-2cdc833ee95c None None] returning from RpcWorker wait() {{(pid=122039) _wait /opt/stack/neutron/neutron/service.py:135}}
Sep 29 13:44:33 ubuntu neutron-server[122039]: DEBUG neutron_lib.callbacks.manager [-] Publish callbacks ['neutron.plugins.ml2.drivers.ovn.mech_driver.mech_driver.OVNMechanismDriver.post_fork_initialize-333883'] for process (None), after_init {{(pid=122039) _notify_loop /usr/local/lib/python3.8/dist-packages/neutron_lib/callbacks/manager.py:176}}
Sep 29 13:44:33 ubuntu neutron-server[121821]: DEBUG oslo_service.service [None req-a468648c-7738-4f3e-bcf5-2cdc833ee95c None None] Started child 122040 {{(pid=121821) _start_child /usr/local/lib/python3.8/dist-packages/oslo_service/service.py:575}}
Sep 29 13:44:33 ubuntu neutron-server[122035]: DEBUG neutron.common.ovn.hash_ring_manager [None req-efab1fef-f204-4bfb-a93d-bd6ad853129b None None] Allow caching, nodes 2>=2 {{(pid=122035) _wait_startup_before_caching /opt/stack/neutron/neutron/common/ovn/hash_ring_manager.py:63}}
Sep 29 13:44:33 ubuntu neutron-server[122036]: DEBUG neutron.common.ovn.hash_ring_manager [None req-4059707e-2485-4a91-bce0-4febea6101f4 None None] Allow caching, nodes 2>=2 {{(pid=122036) _wait_startup_before_caching /opt/stack/neutron/neutron/common/ovn/hash_ring_manager.py:63}}
Sep 29 13:44:33 ubuntu neutron-server[121821]: INFO oslo_service.service [None req-a468648c-7738-4f3e-bcf5-2cdc833ee95c None None] Starting 1 workers
Sep 29 13:44:33 ubuntu neutron-server[121821]: DEBUG oslo_service.service [None req-a468648c-7738-4f3e-bcf5-2cdc833ee95c None None] Started child 122041 {{(pid=121821) _start_child /usr/local/lib/python3.8/dist-packages/oslo_service/service.py:575}}
Sep 29 13:44:33 ubuntu neutron-server[121821]: DEBUG neutron_lib.callbacks.manager [None req-a468648c-7738-4f3e-bcf5-2cdc833ee95c None None] Publish callbacks [] for process (None), after_spawn {{(pid=121821) _notify_loop /usr/local/lib/python3.8/dist-packages/neutron_lib/callbacks/manager.py:176}}
Sep 29 13:44:33 ubuntu neutron-server[122039]: INFO neutron.plugins.ml2.drivers.ovn.mech_driver.ovsdb.impl_idl_ovn [-] Getting OvsdbNbOvnIdl for RpcWorker with retry
Sep 29 13:44:33 ubuntu neutron-server[122036]: DEBUG neutron.plugins.ml2.drivers.ovn.mech_driver.ovsdb.ovsdb_monitor [None req-4059707e-2485-4a91-bce0-4febea6101f4 None None] Hash Ring: Node 35c66921-1ac1-46d1-a116-294b1392c6d0 (host: ubuntu) handling event "create" for row 76923b12-16cd-42eb-aba2-4fb64c452c4d (table: Database) {{(pid=122036) notify /opt/stack/neutron/neutron/plugins/ml2/drivers/ovn/mech_driver/ovsdb/ovsdb_monitor.py:743}}
Sep 29 13:44:33 ubuntu neutron-server[122036]: DEBUG neutron.plugins.ml2.drivers.ovn.mech_driver.ovsdb.ovsdb_monitor [None req-4059707e-2485-4a91-bce0-4febea6101f4 None None] Hash Ring: Node 35c66921-1ac1-46d1-a116-294b1392c6d0 (host: ubuntu) handling event "create" for row 140c451f-0346-47af-9698-8b8401980f8a (table: Database) {{(pid=122036) notify /opt/stack/neutron/neutron/plugins/ml2/drivers/ovn/mech_driver/ovsdb/ovsdb_monitor.py:743}}
Sep 29 13:44:33 ubuntu neutron-server[121821]: DEBUG oslo_service.service [-] Full set of CONF: {{(pid=121821) wait /usr/local/lib/python3.8/dist-packages/oslo_service/service.py:649}}
Sep 29 13:44:33 ubuntu neutron-server[121821]: DEBUG oslo_service.service [-] ******************************************************************************** {{(pid=121821) log_opt_values /usr/local/lib/python3.8/dist-packages/oslo_config/cfg.py:2589}}
Sep 29 13:44:33 ubuntu neutron-server[121821]: DEBUG oslo_service.service [-] Configuration options gathered from: {{(pid=121821) log_opt_values /usr/local/lib/python3.8/dist-packages/oslo_config/cfg.py:2590}}
Sep 29 13:44:33 ubuntu neutron-server[122040]: DEBUG neutron_lib.callbacks.manager [-] Publish callbacks ['neutron.plugins.ml2.drivers.ovn.mech_driver.mech_driver.OVNMechanismDriver.post_fork_initialize-333883'] for process (None), after_init {{(pid=122040) _notify_loop /usr/local/lib/python3.8/dist-packages/neutron_lib/callbacks/manager.py:176}}
Sep 29 13:44:33 ubuntu neutron-server[121821]: DEBUG oslo_service.service [-] command line args: ['--config-file', '/etc/neutron/neutron.conf', '--config-file', '/etc/neutron/plugins/ml2/ml2_conf.ini'] {{(pid=121821) log_opt_values /usr/local/lib/python3.8/dist-packages/oslo_config/cfg.py:2591}}
Sep 29 13:44:33 ubuntu neutron-server[122036]: DEBUG neutron.plugins.ml2.drivers.ovn.mech_driver.ovsdb.ovsdb_monitor [None req-4059707e-2485-4a91-bce0-4febea6101f4 None None] Hash Ring: Node 35c66921-1ac1-46d1-a116-294b1392c6d0 (host: ubuntu) handling event "create" for row 5993dea1-08b6-4928-9196-52ce2b0183a6 (table: ACL) {{(pid=122036) notify /opt/stack/neutron/neutron/plugins/ml2/drivers/ovn/mech_driver/ovsdb/ovsdb_monitor.py:743}}
Sep 29 13:44:33 ubuntu neutron-server[121821]: DEBUG oslo_service.service [-] config files: ['/etc/neutron/neutron.conf', '/etc/neutron/plugins/ml2/ml2_conf.ini'] {{(pid=121821) log_opt_values /usr/local/lib/python3.8/dist-packages/oslo_config/cfg.py:2592}}
Sep 29 13:44:33 ubuntu neutron-server[121821]: DEBUG oslo_service.service [-] ================================================================================ {{(pid=121821) log_opt_values /usr/local/lib/python3.8/dist-packages/oslo_config/cfg.py:2594}}
Sep 29 13:44:33 ubuntu neutron-server[122036]: DEBUG neutron.plugins.ml2.drivers.ovn.mech_driver.ovsdb.ovsdb_monitor [None req-4059707e-2485-4a91-bce0-4febea6101f4 None None] Hash Ring: Node 35c66921-1ac1-46d1-a116-294b1392c6d0 (host: ubuntu) handling event "create" for row a1ce2c87-641e-4f35-84d6-251234576a4d (table: ACL) {{(pid=122036) notify /opt/stack/neutron/neutron/plugins/ml2/drivers/ovn/mech_driver/ovsdb/ovsdb_monitor.py:743}}
Sep 29 13:44:33 ubuntu neutron-server[122036]: DEBUG neutron.plugins.ml2.drivers.ovn.mech_driver.ovsdb.ovsdb_monitor [None req-4059707e-2485-4a91-bce0-4febea6101f4 None None] Hash Ring: Node 35c66921-1ac1-46d1-a116-294b1392c6d0 (host: ubuntu) handling event "create" for row f8674abb-1ead-47f5-92f3-84b35d66b507 (table: Connection) {{(pid=122036) notify /opt/stack/neutron/neutron/plugins/ml2/drivers/ovn/mech_driver/ovsdb/ovsdb_monitor.py:743}}
Sep 29 13:44:33 ubuntu neutron-server[121821]: DEBUG oslo_service.service [-] agent_down_time                = 75 {{(pid=121821) log_opt_values /usr/local/lib/python3.8/dist-packages/oslo_config/cfg.py:2602}}
Sep 29 13:44:33 ubuntu neutron-server[121821]: DEBUG oslo_service.service [-] allow_automatic_dhcp_failover  = True {{(pid=121821) log_opt_values /usr/local/lib/python3.8/dist-packages/oslo_config/cfg.py:2602}}
Sep 29 13:44:33 ubuntu neutron-server[121821]: DEBUG oslo_service.service [-] allow_bulk                     = True {{(pid=121821) log_opt_values /usr/local/lib/python3.8/dist-packages/oslo_config/cfg.py:2602}}
Sep 29 13:44:33 ubuntu neutron-server[122036]: INFO neutron.plugins.ml2.drivers.ovn.mech_driver.ovsdb.impl_idl_ovn [None req-4059707e-2485-4a91-bce0-4febea6101f4 None None] Getting OvsdbSbOvnIdl for WorkerService with retry
Sep 29 13:44:33 ubuntu neutron-server[121821]: DEBUG oslo_service.service [-] allowed_conntrack_helpers      = [{'amanda': 'tcp'}, {'ftp': 'tcp'}, {'h323': 'udp'}, {'h323': 'tcp'}, {'irc': 'tcp'}, {'netbios-ns': 'udp'}, {'pptp': 'tcp'}, {'sane': 'tcp'}, {'sip': 'udp'}, {'sip': 'tcp'}, {'snmp': 'udp'}, {'tftp': 'udp'}] {{(pid=121821) log_opt_values /usr/local/lib/python3.8/dist-packages/oslo_config/cfg.py:2602}}
Sep 29 13:44:33 ubuntu neutron-server[121821]: DEBUG oslo_service.service [-] api_extensions_path            =  {{(pid=121821) log_opt_values /usr/local/lib/python3.8/dist-packages/oslo_config/cfg.py:2602}}
Sep 29 13:44:33 ubuntu neutron-server[121821]: DEBUG oslo_service.service [-] api_paste_config               = api-paste.ini {{(pid=121821) log_opt_values /usr/local/lib/python3.8/dist-packages/oslo_config/cfg.py:2602}}
Sep 29 13:44:33 ubuntu neutron-server[121821]: DEBUG oslo_service.service [-] api_workers                    = 2 {{(pid=121821) log_opt_values /usr/local/lib/python3.8/dist-packages/oslo_config/cfg.py:2602}}
Sep 29 13:44:33 ubuntu neutron-server[121821]: DEBUG oslo_service.service [-] auth_strategy                  = keystone {{(pid=121821) log_opt_values /usr/local/lib/python3.8/dist-packages/oslo_config/cfg.py:2602}}
Sep 29 13:44:33 ubuntu neutron-server[121821]: DEBUG oslo_service.service [-] backdoor_port                  = None {{(pid=121821) log_opt_values /usr/local/lib/python3.8/dist-packages/oslo_config/cfg.py:2602}}
Sep 29 13:44:33 ubuntu neutron-server[121821]: DEBUG oslo_service.service [-] backdoor_socket                = None {{(pid=121821) log_opt_values /usr/local/lib/python3.8/dist-packages/oslo_config/cfg.py:2602}}
Sep 29 13:44:33 ubuntu neutron-server[121821]: DEBUG oslo_service.service [-] backlog                        = 4096 {{(pid=121821) log_opt_values /usr/local/lib/python3.8/dist-packages/oslo_config/cfg.py:2602}}
Sep 29 13:44:33 ubuntu neutron-server[121821]: DEBUG oslo_service.service [-] base_mac                       = fa:16:3e:00:00:00 {{(pid=121821) log_opt_values /usr/local/lib/python3.8/dist-packages/oslo_config/cfg.py:2602}}
Sep 29 13:44:33 ubuntu neutron-server[121821]: DEBUG oslo_service.service [-] bind_host                      = 0.0.0.0 {{(pid=121821) log_opt_values /usr/local/lib/python3.8/dist-packages/oslo_config/cfg.py:2602}}
Sep 29 13:44:33 ubuntu neutron-server[121821]: DEBUG oslo_service.service [-] bind_port                      = 9696 {{(pid=121821) log_opt_values /usr/local/lib/python3.8/dist-packages/oslo_config/cfg.py:2602}}
Sep 29 13:44:33 ubuntu neutron-server[121821]: DEBUG oslo_service.service [-] client_socket_timeout          = 900 {{(pid=121821) log_opt_values /usr/local/lib/python3.8/dist-packages/oslo_config/cfg.py:2602}}
Sep 29 13:44:33 ubuntu neutron-server[121821]: DEBUG oslo_service.service [-] config_dir                     = [] {{(pid=121821) log_opt_values /usr/local/lib/python3.8/dist-packages/oslo_config/cfg.py:2602}}
Sep 29 13:44:33 ubuntu neutron-server[121821]: DEBUG oslo_service.service [-] config_file                    = ['/etc/neutron/neutron.conf', '/etc/neutron/plugins/ml2/ml2_conf.ini'] {{(pid=121821) log_opt_values /usr/local/lib/python3.8/dist-packages/oslo_config/cfg.py:2602}}
Sep 29 13:44:33 ubuntu neutron-server[121821]: DEBUG oslo_service.service [-] config_source                  = [] {{(pid=121821) log_opt_values /usr/local/lib/python3.8/dist-packages/oslo_config/cfg.py:2602}}
Sep 29 13:44:33 ubuntu neutron-server[121821]: DEBUG oslo_service.service [-] control_exchange               = neutron {{(pid=121821) log_opt_values /usr/local/lib/python3.8/dist-packages/oslo_config/cfg.py:2602}}
Sep 29 13:44:33 ubuntu neutron-server[122035]: DEBUG neutron.plugins.ml2.drivers.ovn.mech_driver.ovsdb.ovsdb_monitor [None req-efab1fef-f204-4bfb-a93d-bd6ad853129b None None] Hash Ring: Node 24847b1f-8690-40dc-a857-a03fecff4091 (host: ubuntu) handling event "create" for row 01444f4c-bcf5-4746-ad2b-8bfdd6d1a8cb (table: Port_Group) {{(pid=122035) notify /opt/stack/neutron/neutron/plugins/ml2/drivers/ovn/mech_driver/ovsdb/ovsdb_monitor.py:743}}
Sep 29 13:44:33 ubuntu neutron-server[121821]: DEBUG oslo_service.service [-] core_plugin                    = ml2 {{(pid=121821) log_opt_values /usr/local/lib/python3.8/dist-packages/oslo_config/cfg.py:2602}}
Sep 29 13:44:33 ubuntu neutron-server[121821]: DEBUG oslo_service.service [-] debug                          = True {{(pid=121821) log_opt_values /usr/local/lib/python3.8/dist-packages/oslo_config/cfg.py:2602}}
Sep 29 13:44:33 ubuntu neutron-server[122035]: DEBUG neutron.plugins.ml2.drivers.ovn.mech_driver.ovsdb.ovsdb_monitor [None req-efab1fef-f204-4bfb-a93d-bd6ad853129b None None] Hash Ring: Node 24847b1f-8690-40dc-a857-a03fecff4091 (host: ubuntu) handling event "create" for row a843cc86-45c6-47b0-9c44-957010453533 (table: NB_Global) {{(pid=122035) notify /opt/stack/neutron/neutron/plugins/ml2/drivers/ovn/mech_driver/ovsdb/ovsdb_monitor.py:743}}
Sep 29 13:44:33 ubuntu neutron-server[121821]: DEBUG oslo_service.service [-] default_availability_zones     = [] {{(pid=121821) log_opt_values /usr/local/lib/python3.8/dist-packages/oslo_config/cfg.py:2602}}
Sep 29 13:44:33 ubuntu neutron-server[121821]: DEBUG oslo_service.service [-] default_log_levels             = ['amqp=WARN', 'amqplib=WARN', 'boto=WARN', 'qpid=WARN', 'sqlalchemy=WARN', 'suds=INFO', 'oslo.messaging=INFO', 'oslo_messaging=INFO', 'iso8601=WARN', 'requests.packages.urllib3.connectionpool=WARN', 'urllib3.connectionpool=WARN', 'websocket=WARN', 'requests.packages.urllib3.util.retry=WARN', 'urllib3.util.retry=WARN', 'keystonemiddleware=WARN', 'routes.middleware=WARN', 'stevedore=WARN', 'taskflow=WARN', 'keystoneauth=WARN', 'oslo.cache=INFO', 'oslo_policy=INFO', 'dogpile.core.dogpile=INFO', 'OFPHandler=INFO', 'OfctlService=INFO', 'os_ken.base.app_manager=INFO', 'os_ken.controller.controller=INFO'] {{(pid=121821) log_opt_values /usr/local/lib/python3.8/dist-packages/oslo_config/cfg.py:2602}}
Sep 29 13:44:33 ubuntu neutron-server[122041]: DEBUG neutron_lib.callbacks.manager [-] Publish callbacks ['neutron.plugins.ml2.drivers.ovn.mech_driver.mech_driver.OVNMechanismDriver.post_fork_initialize-333883'] for process (None), after_init {{(pid=122041) _notify_loop /usr/local/lib/python3.8/dist-packages/neutron_lib/callbacks/manager.py:176}}
Sep 29 13:44:33 ubuntu neutron-server[121821]: DEBUG oslo_service.service [-] dhcp_agent_notification        = False {{(pid=121821) log_opt_values /usr/local/lib/python3.8/dist-packages/oslo_config/cfg.py:2602}}
Sep 29 13:44:33 ubuntu neutron-server[121821]: DEBUG oslo_service.service [-] dhcp_agents_per_network        = 1 {{(pid=121821) log_opt_values /usr/local/lib/python3.8/dist-packages/oslo_config/cfg.py:2602}}
Sep 29 13:44:33 ubuntu neutron-server[122035]: INFO neutron.plugins.ml2.drivers.ovn.mech_driver.ovsdb.impl_idl_ovn [None req-efab1fef-f204-4bfb-a93d-bd6ad853129b None None] Getting OvsdbSbOvnIdl for WorkerService with retry
Sep 29 13:44:33 ubuntu neutron-server[121821]: DEBUG oslo_service.service [-] dhcp_lease_duration            = 86400 {{(pid=121821) log_opt_values /usr/local/lib/python3.8/dist-packages/oslo_config/cfg.py:2602}}
Sep 29 13:44:33 ubuntu neutron-server[121821]: DEBUG oslo_service.service [-] dhcp_load_type                 = networks {{(pid=121821) log_opt_values /usr/local/lib/python3.8/dist-packages/oslo_config/cfg.py:2602}}
Sep 29 13:44:33 ubuntu neutron-server[121821]: DEBUG oslo_service.service [-] dns_domain                     = openstacklocal {{(pid=121821) log_opt_values /usr/local/lib/python3.8/dist-packages/oslo_config/cfg.py:2602}}
Sep 29 13:44:33 ubuntu neutron-server[121821]: DEBUG oslo_service.service [-] dvr_base_mac                   = fa:16:3f:00:00:00 {{(pid=121821) log_opt_values /usr/local/lib/python3.8/dist-packages/oslo_config/cfg.py:2602}}
Sep 29 13:44:33 ubuntu neutron-server[121821]: DEBUG oslo_service.service [-] enable_dvr                     = True {{(pid=121821) log_opt_values /usr/local/lib/python3.8/dist-packages/oslo_config/cfg.py:2602}}
Sep 29 13:44:33 ubuntu neutron-server[121821]: DEBUG oslo_service.service [-] enable_new_agents              = True {{(pid=121821) log_opt_values /usr/local/lib/python3.8/dist-packages/oslo_config/cfg.py:2602}}
Sep 29 13:44:33 ubuntu neutron-server[121821]: DEBUG oslo_service.service [-] enable_services_on_agents_with_admin_state_down = False {{(pid=121821) log_opt_values /usr/local/lib/python3.8/dist-packages/oslo_config/cfg.py:2602}}
Sep 29 13:44:33 ubuntu neutron-server[122036]: DEBUG ovsdbapp.backend.ovs_idl [None req-4059707e-2485-4a91-bce0-4febea6101f4 None None] Created lookup_table index Chassis.name {{(pid=122036) autocreate_indices /usr/local/lib/python3.8/dist-packages/ovsdbapp/backend/ovs_idl/__init__.py:85}}
Sep 29 13:44:33 ubuntu neutron-server[122036]: DEBUG ovsdbapp.backend.ovs_idl [None req-4059707e-2485-4a91-bce0-4febea6101f4 None None] Created schema index Datapath_Binding.tunnel_key {{(pid=122036) autocreate_indices /usr/local/lib/python3.8/dist-packages/ovsdbapp/backend/ovs_idl/__init__.py:104}}
