Aug 03 12:57:44 ubuntu devstack@g-api.service[145065]: INFO glance.location [None req-d9270fe4-c9f5-4893-a69d-67d500669178 admin admin] Image format matched and virtual size computed: 117440512
Aug 03 12:57:45 ubuntu devstack@g-api.service[145065]: DEBUG glance_store.backend [None req-d9270fe4-c9f5-4893-a69d-67d500669178 admin admin] Attempting to import store swift {{(pid=145065) _load_store /usr/local/lib/python3.8/dist-packages/glance_store/backend.py:216}}
Aug 03 12:57:45 ubuntu devstack@g-api.service[145065]: DEBUG glance_store.capabilities [None req-d9270fe4-c9f5-4893-a69d-67d500669178 admin admin] Store glance_store._drivers.swift.store.SingleTenantStore doesn't support updating dynamic storage capabilities. Please overwrite 'update_capabilities' method of the store to implement updating logics if needed. {{(pid=145065) update_capabilities /usr/local/lib/python3.8/dist-packages/glance_store/capabilities.py:91}}
Aug 03 12:57:45 ubuntu devstack@g-api.service[145065]: DEBUG glance_store.driver [None req-d9270fe4-c9f5-4893-a69d-67d500669178 admin admin] Late loading location class glance_store._drivers.swift.store.StoreLocation {{(pid=145065) get_store_location_class /usr/local/lib/python3.8/dist-packages/glance_store/driver.py:116}}
Aug 03 12:57:45 ubuntu devstack@g-api.service[145065]: DEBUG glance_store.location [None req-d9270fe4-c9f5-4893-a69d-67d500669178 admin admin] Registering scheme swift+https with {'store': <glance_store._drivers.swift.store.SingleTenantStore object at 0x7f99532e5580>, 'location_class': <class 'glance_store._drivers.swift.store.StoreLocation'>, 'store_entry': 'swift'} {{(pid=145065) register_scheme_map /usr/local/lib/python3.8/dist-packages/glance_store/location.py:146}}
Aug 03 12:57:45 ubuntu devstack@g-api.service[145065]: DEBUG glance_store.location [None req-d9270fe4-c9f5-4893-a69d-67d500669178 admin admin] Registering scheme swift+https with {'store': <glance_store._drivers.swift.store.SingleTenantStore object at 0x7f99532e5580>, 'location_class': <class 'glance_store._drivers.swift.store.StoreLocation'>, 'store_entry': 'swift'} {{(pid=145065) register_scheme_map /usr/local/lib/python3.8/dist-packages/glance_store/location.py:146}}
Aug 03 12:57:45 ubuntu devstack@g-api.service[145065]: DEBUG glance_store.location [None req-d9270fe4-c9f5-4893-a69d-67d500669178 admin admin] Registering scheme swift with {'store': <glance_store._drivers.swift.store.SingleTenantStore object at 0x7f99532e5580>, 'location_class': <class 'glance_store._drivers.swift.store.StoreLocation'>, 'store_entry': 'swift'} {{(pid=145065) register_scheme_map /usr/local/lib/python3.8/dist-packages/glance_store/location.py:146}}
Aug 03 12:57:45 ubuntu devstack@g-api.service[145065]: DEBUG glance_store.location [None req-d9270fe4-c9f5-4893-a69d-67d500669178 admin admin] Registering scheme swift+https with {'store': <glance_store._drivers.swift.store.SingleTenantStore object at 0x7f99532e5580>, 'location_class': <class 'glance_store._drivers.swift.store.StoreLocation'>, 'store_entry': 'swift'} {{(pid=145065) register_scheme_map /usr/local/lib/python3.8/dist-packages/glance_store/location.py:146}}
Aug 03 12:57:45 ubuntu devstack@g-api.service[145065]: DEBUG glance_store.location [None req-d9270fe4-c9f5-4893-a69d-67d500669178 admin admin] Registering scheme swift with {'store': <glance_store._drivers.swift.store.SingleTenantStore object at 0x7f99532e5580>, 'location_class': <class 'glance_store._drivers.swift.store.StoreLocation'>, 'store_entry': 'swift'} {{(pid=145065) register_scheme_map /usr/local/lib/python3.8/dist-packages/glance_store/location.py:146}}
Aug 03 12:57:45 ubuntu devstack@g-api.service[145065]: DEBUG glance_store.location [None req-d9270fe4-c9f5-4893-a69d-67d500669178 admin admin] Registering scheme swift+http with {'store': <glance_store._drivers.swift.store.SingleTenantStore object at 0x7f99532e5580>, 'location_class': <class 'glance_store._drivers.swift.store.StoreLocation'>, 'store_entry': 'swift'} {{(pid=145065) register_scheme_map /usr/local/lib/python3.8/dist-packages/glance_store/location.py:146}}
Aug 03 12:57:45 ubuntu devstack@g-api.service[145065]: DEBUG glance_store.location [None req-d9270fe4-c9f5-4893-a69d-67d500669178 admin admin] Registering scheme swift+https with {'store': <glance_store._drivers.swift.store.SingleTenantStore object at 0x7f99532e5580>, 'location_class': <class 'glance_store._drivers.swift.store.StoreLocation'>, 'store_entry': 'swift'} {{(pid=145065) register_scheme_map /usr/local/lib/python3.8/dist-packages/glance_store/location.py:146}}
Aug 03 12:57:45 ubuntu devstack@g-api.service[145065]: DEBUG glance_store.location [None req-d9270fe4-c9f5-4893-a69d-67d500669178 admin admin] Registering scheme swift with {'store': <glance_store._drivers.swift.store.SingleTenantStore object at 0x7f99532e5580>, 'location_class': <class 'glance_store._drivers.swift.store.StoreLocation'>, 'store_entry': 'swift'} {{(pid=145065) register_scheme_map /usr/local/lib/python3.8/dist-packages/glance_store/location.py:146}}
Aug 03 12:57:45 ubuntu devstack@g-api.service[145065]: DEBUG glance_store.location [None req-d9270fe4-c9f5-4893-a69d-67d500669178 admin admin] Registering scheme swift+http with {'store': <glance_store._drivers.swift.store.SingleTenantStore object at 0x7f99532e5580>, 'location_class': <class 'glance_store._drivers.swift.store.StoreLocation'>, 'store_entry': 'swift'} {{(pid=145065) register_scheme_map /usr/local/lib/python3.8/dist-packages/glance_store/location.py:146}}
Aug 03 12:57:45 ubuntu devstack@g-api.service[145065]: DEBUG glance_store.location [None req-d9270fe4-c9f5-4893-a69d-67d500669178 admin admin] Registering scheme swift+config with {'store': <glance_store._drivers.swift.store.SingleTenantStore object at 0x7f99532e5580>, 'location_class': <class 'glance_store._drivers.swift.store.StoreLocation'>, 'store_entry': 'swift'} {{(pid=145065) register_scheme_map /usr/local/lib/python3.8/dist-packages/glance_store/location.py:146}}
Aug 03 12:57:45 ubuntu devstack@g-api.service[145065]: DEBUG glance_store.backend [None req-d9270fe4-c9f5-4893-a69d-67d500669178 admin admin] Skipping store.set_acls... not implemented. {{(pid=145065) set_acls /usr/local/lib/python3.8/dist-packages/glance_store/backend.py:508}}
Aug 03 12:57:45 ubuntu devstack@g-api.service[145065]: [pid: 145065|app: 0|req: 3/4] 127.0.0.1 () {40 vars in 862 bytes} [Wed Aug  3 12:57:42 2022] PUT /v2/images/f610faa0-9421-4a1d-a397-c15df0d05123/file => generated 0 bytes in 2907 msecs (HTTP/1.1 204) 4 headers in 171 bytes (1 switches on core 0)
Aug 03 12:57:52 ubuntu devstack@g-api.service[145066]: DEBUG dbcounter [-] [145066] Writing DB stats glance:SELECT=9,glance:INSERT=5 {{(pid=145066) stat_writer /usr/local/lib/python3.8/dist-packages/dbcounter.py:114}}
Aug 03 12:57:55 ubuntu devstack@g-api.service[145065]: DEBUG dbcounter [-] [145065] Writing DB stats glance:SELECT=28,glance:UPDATE=2,glance:INSERT=1 {{(pid=145065) stat_writer /usr/local/lib/python3.8/dist-packages/dbcounter.py:114}}
Aug 03 12:58:30 ubuntu devstack@g-api.service[145066]: DEBUG glance.api.middleware.version_negotiation [None req-306cd326-40dd-42ec-a1b6-21cd35878ea5 admin admin] Determining version of request: GET / Accept: application/json {{(pid=145066) process_request /opt/stack/glance/glance/api/middleware/version_negotiation.py:44}}
Aug 03 12:58:30 ubuntu devstack@g-api.service[145066]: DEBUG glance.api.middleware.version_negotiation [None req-306cd326-40dd-42ec-a1b6-21cd35878ea5 admin admin] Using url versioning {{(pid=145066) process_request /opt/stack/glance/glance/api/middleware/version_negotiation.py:57}}
Aug 03 12:58:30 ubuntu devstack@g-api.service[145066]: DEBUG glance.api.middleware.version_negotiation [None req-306cd326-40dd-42ec-a1b6-21cd35878ea5 admin admin] Unknown version. Returning version choices. {{(pid=145066) process_request /opt/stack/glance/glance/api/middleware/version_negotiation.py:64}}
Aug 03 12:58:30 ubuntu devstack@g-api.service[145066]: [pid: 145066|app: 0|req: 2/5] 127.0.0.1 () {34 vars in 506 bytes} [Wed Aug  3 12:58:30 2022] GET / => generated 1323 bytes in 7 msecs (HTTP/1.1 300) 3 headers in 106 bytes (1 switches on core 0)
Aug 03 12:58:30 ubuntu devstack@g-api.service[145065]: DEBUG glance.api.middleware.version_negotiation [None req-d9270fe4-c9f5-4893-a69d-67d500669178 admin admin] Determining version of request: GET /v2/images Accept: application/json {{(pid=145065) process_request /opt/stack/glance/glance/api/middleware/version_negotiation.py:44}}
Aug 03 12:58:30 ubuntu devstack@g-api.service[145065]: DEBUG glance.api.middleware.version_negotiation [None req-d9270fe4-c9f5-4893-a69d-67d500669178 admin admin] Using url versioning {{(pid=145065) process_request /opt/stack/glance/glance/api/middleware/version_negotiation.py:57}}
Aug 03 12:58:30 ubuntu devstack@g-api.service[145065]: DEBUG glance.api.middleware.version_negotiation [None req-d9270fe4-c9f5-4893-a69d-67d500669178 admin admin] Matched version: v2 {{(pid=145065) process_request /opt/stack/glance/glance/api/middleware/version_negotiation.py:69}}
Aug 03 12:58:30 ubuntu devstack@g-api.service[145065]: DEBUG glance.api.middleware.version_negotiation [None req-d9270fe4-c9f5-4893-a69d-67d500669178 admin admin] new path /v2/images {{(pid=145065) process_request /opt/stack/glance/glance/api/middleware/version_negotiation.py:70}}
Aug 03 12:58:31 ubuntu devstack@g-api.service[145065]: [pid: 145065|app: 0|req: 4/6] 127.0.0.1 () {36 vars in 728 bytes} [Wed Aug  3 12:58:30 2022] GET /v2/images => generated 1045 bytes in 576 msecs (HTTP/1.1 200) 4 headers in 158 bytes (1 switches on core 0)
Aug 03 12:58:37 ubuntu devstack@g-api.service[145066]: DEBUG glance.api.middleware.version_negotiation [None req-306cd326-40dd-42ec-a1b6-21cd35878ea5 admin admin] Determining version of request: GET / Accept: application/json {{(pid=145066) process_request /opt/stack/glance/glance/api/middleware/version_negotiation.py:44}}
Aug 03 12:58:37 ubuntu devstack@g-api.service[145066]: DEBUG glance.api.middleware.version_negotiation [None req-306cd326-40dd-42ec-a1b6-21cd35878ea5 admin admin] Using url versioning {{(pid=145066) process_request /opt/stack/glance/glance/api/middleware/version_negotiation.py:57}}
Aug 03 12:58:37 ubuntu devstack@g-api.service[145066]: DEBUG glance.api.middleware.version_negotiation [None req-306cd326-40dd-42ec-a1b6-21cd35878ea5 admin admin] Unknown version. Returning version choices. {{(pid=145066) process_request /opt/stack/glance/glance/api/middleware/version_negotiation.py:64}}
Aug 03 12:58:37 ubuntu devstack@g-api.service[145066]: [pid: 145066|app: 0|req: 3/7] 127.0.0.1 () {34 vars in 506 bytes} [Wed Aug  3 12:58:37 2022] GET / => generated 1323 bytes in 3 msecs (HTTP/1.1 300) 3 headers in 106 bytes (1 switches on core 0)
Aug 03 12:58:37 ubuntu devstack@g-api.service[145065]: DEBUG glance.api.middleware.version_negotiation [None req-0b6b9317-b9c2-4162-bb69-221c7fc365be admin admin] Determining version of request: GET /v2/images/f610faa0-9421-4a1d-a397-c15df0d05123 Accept: */* {{(pid=145065) process_request /opt/stack/glance/glance/api/middleware/version_negotiation.py:44}}
Aug 03 12:58:37 ubuntu devstack@g-api.service[145065]: DEBUG glance.api.middleware.version_negotiation [None req-0b6b9317-b9c2-4162-bb69-221c7fc365be admin admin] Using url versioning {{(pid=145065) process_request /opt/stack/glance/glance/api/middleware/version_negotiation.py:57}}
Aug 03 12:58:37 ubuntu devstack@g-api.service[145065]: DEBUG glance.api.middleware.version_negotiation [None req-0b6b9317-b9c2-4162-bb69-221c7fc365be admin admin] Matched version: v2 {{(pid=145065) process_request /opt/stack/glance/glance/api/middleware/version_negotiation.py:69}}
Aug 03 12:58:37 ubuntu devstack@g-api.service[145065]: DEBUG glance.api.middleware.version_negotiation [None req-0b6b9317-b9c2-4162-bb69-221c7fc365be admin admin] new path /v2/images/f610faa0-9421-4a1d-a397-c15df0d05123 {{(pid=145065) process_request /opt/stack/glance/glance/api/middleware/version_negotiation.py:70}}
Aug 03 12:58:38 ubuntu devstack@g-api.service[145065]: [pid: 145065|app: 0|req: 5/8] 127.0.0.1 () {36 vars in 789 bytes} [Wed Aug  3 12:58:37 2022] GET /v2/images/f610faa0-9421-4a1d-a397-c15df0d05123 => generated 976 bytes in 310 msecs (HTTP/1.1 200) 4 headers in 157 bytes (1 switches on core 0)
Aug 03 12:58:42 ubuntu devstack@g-api.service[145066]: DEBUG glance.api.middleware.version_negotiation [None req-306cd326-40dd-42ec-a1b6-21cd35878ea5 admin admin] Determining version of request: GET / Accept: application/json {{(pid=145066) process_request /opt/stack/glance/glance/api/middleware/version_negotiation.py:44}}
Aug 03 12:58:42 ubuntu devstack@g-api.service[145066]: DEBUG glance.api.middleware.version_negotiation [None req-306cd326-40dd-42ec-a1b6-21cd35878ea5 admin admin] Using url versioning {{(pid=145066) process_request /opt/stack/glance/glance/api/middleware/version_negotiation.py:57}}
Aug 03 12:58:42 ubuntu devstack@g-api.service[145066]: DEBUG glance.api.middleware.version_negotiation [None req-306cd326-40dd-42ec-a1b6-21cd35878ea5 admin admin] Unknown version. Returning version choices. {{(pid=145066) process_request /opt/stack/glance/glance/api/middleware/version_negotiation.py:64}}
Aug 03 12:58:42 ubuntu devstack@g-api.service[145066]: [pid: 145066|app: 0|req: 4/9] 127.0.0.1 () {34 vars in 506 bytes} [Wed Aug  3 12:58:42 2022] GET / => generated 1323 bytes in 2 msecs (HTTP/1.1 300) 3 headers in 106 bytes (1 switches on core 0)
Aug 03 12:58:42 ubuntu devstack@g-api.service[145065]: DEBUG glance.api.middleware.version_negotiation [None req-5dc2458b-01cf-465a-ac22-78b4eea3ebb9 admin admin] Determining version of request: GET /v2/images/f610faa0-9421-4a1d-a397-c15df0d05123 Accept: */* {{(pid=145065) process_request /opt/stack/glance/glance/api/middleware/version_negotiation.py:44}}
Aug 03 12:58:42 ubuntu devstack@g-api.service[145065]: DEBUG glance.api.middleware.version_negotiation [None req-5dc2458b-01cf-465a-ac22-78b4eea3ebb9 admin admin] Using url versioning {{(pid=145065) process_request /opt/stack/glance/glance/api/middleware/version_negotiation.py:57}}
Aug 03 12:58:42 ubuntu devstack@g-api.service[145065]: DEBUG glance.api.middleware.version_negotiation [None req-5dc2458b-01cf-465a-ac22-78b4eea3ebb9 admin admin] Matched version: v2 {{(pid=145065) process_request /opt/stack/glance/glance/api/middleware/version_negotiation.py:69}}
Aug 03 12:58:42 ubuntu devstack@g-api.service[145065]: DEBUG glance.api.middleware.version_negotiation [None req-5dc2458b-01cf-465a-ac22-78b4eea3ebb9 admin admin] new path /v2/images/f610faa0-9421-4a1d-a397-c15df0d05123 {{(pid=145065) process_request /opt/stack/glance/glance/api/middleware/version_negotiation.py:70}}
Aug 03 12:58:42 ubuntu devstack@g-api.service[145065]: [pid: 145065|app: 0|req: 6/10] 127.0.0.1 () {36 vars in 789 bytes} [Wed Aug  3 12:58:42 2022] GET /v2/images/f610faa0-9421-4a1d-a397-c15df0d05123 => generated 976 bytes in 289 msecs (HTTP/1.1 200) 4 headers in 157 bytes (1 switches on core 0)
Aug 03 12:58:52 ubuntu devstack@g-api.service[145065]: DEBUG dbcounter [-] [145065] Writing DB stats glance:SELECT=10 {{(pid=145065) stat_writer /usr/local/lib/python3.8/dist-packages/dbcounter.py:114}}
Aug 03 13:00:57 ubuntu devstack@g-api.service[145066]: DEBUG glance.api.middleware.version_negotiation [None req-306cd326-40dd-42ec-a1b6-21cd35878ea5 admin admin] Determining version of request: GET /v1 Accept: application/json {{(pid=145066) process_request /opt/stack/glance/glance/api/middleware/version_negotiation.py:44}}
Aug 03 13:00:57 ubuntu devstack@g-api.service[145066]: DEBUG glance.api.middleware.version_negotiation [None req-306cd326-40dd-42ec-a1b6-21cd35878ea5 admin admin] Using url versioning {{(pid=145066) process_request /opt/stack/glance/glance/api/middleware/version_negotiation.py:57}}
Aug 03 13:00:57 ubuntu devstack@g-api.service[145066]: DEBUG glance.api.middleware.version_negotiation [None req-306cd326-40dd-42ec-a1b6-21cd35878ea5 admin admin] Unknown version. Returning version choices. {{(pid=145066) process_request /opt/stack/glance/glance/api/middleware/version_negotiation.py:64}}
Aug 03 13:00:57 ubuntu devstack@g-api.service[145066]: [pid: 145066|app: 0|req: 5/11] 127.0.0.1 () {38 vars in 686 bytes} [Wed Aug  3 13:00:57 2022] GET /v1 => generated 1323 bytes in 5 msecs (HTTP/1.1 300) 3 headers in 106 bytes (1 switches on core 0)
Aug 03 13:03:10 ubuntu devstack@g-api.service[145065]: DEBUG glance.api.middleware.version_negotiation [None req-6ec23a44-44ff-4a71-b9a8-892a35aac17b admin admin] Determining version of request: GET /versions Accept: */* {{(pid=145065) process_request /opt/stack/glance/glance/api/middleware/version_negotiation.py:44}}
Aug 03 13:03:10 ubuntu devstack@g-api.service[145065]: [pid: 145065|app: 0|req: 7/12] 127.0.0.1 () {38 vars in 695 bytes} [Wed Aug  3 13:03:10 2022] GET /versions => generated 1323 bytes in 8 msecs (HTTP/1.1 200) 3 headers in 92 bytes (1 switches on core 0)
Aug 03 13:03:10 ubuntu devstack@g-api.service[145066]: DEBUG glance.api.middleware.version_negotiation [None req-306cd326-40dd-42ec-a1b6-21cd35878ea5 admin admin] Determining version of request: GET /v2/schemas/image Accept: */* {{(pid=145066) process_request /opt/stack/glance/glance/api/middleware/version_negotiation.py:44}}
Aug 03 13:03:10 ubuntu devstack@g-api.service[145066]: DEBUG glance.api.middleware.version_negotiation [None req-306cd326-40dd-42ec-a1b6-21cd35878ea5 admin admin] Using url versioning {{(pid=145066) process_request /opt/stack/glance/glance/api/middleware/version_negotiation.py:57}}
Aug 03 13:03:10 ubuntu devstack@g-api.service[145066]: DEBUG glance.api.middleware.version_negotiation [None req-306cd326-40dd-42ec-a1b6-21cd35878ea5 admin admin] Matched version: v2 {{(pid=145066) process_request /opt/stack/glance/glance/api/middleware/version_negotiation.py:69}}
Aug 03 13:03:10 ubuntu devstack@g-api.service[145066]: DEBUG glance.api.middleware.version_negotiation [None req-306cd326-40dd-42ec-a1b6-21cd35878ea5 admin admin] new path /v2/schemas/image {{(pid=145066) process_request /opt/stack/glance/glance/api/middleware/version_negotiation.py:70}}
Aug 03 13:03:11 ubuntu devstack@g-api.service[145066]: [pid: 145066|app: 0|req: 6/13] 127.0.0.1 () {38 vars in 711 bytes} [Wed Aug  3 13:03:10 2022] GET /v2/schemas/image => generated 6083 bytes in 111 msecs (HTTP/1.1 200) 4 headers in 158 bytes (1 switches on core 0)
Aug 03 13:03:11 ubuntu devstack@g-api.service[145065]: DEBUG glance.api.middleware.version_negotiation [None req-6ec23a44-44ff-4a71-b9a8-892a35aac17b admin admin] Determining version of request: GET /v2/schemas/metadefs/namespace Accept: */* {{(pid=145065) process_request /opt/stack/glance/glance/api/middleware/version_negotiation.py:44}}
Aug 03 13:03:11 ubuntu devstack@g-api.service[145065]: DEBUG glance.api.middleware.version_negotiation [None req-6ec23a44-44ff-4a71-b9a8-892a35aac17b admin admin] Using url versioning {{(pid=145065) process_request /opt/stack/glance/glance/api/middleware/version_negotiation.py:57}}
Aug 03 13:03:11 ubuntu devstack@g-api.service[145065]: DEBUG glance.api.middleware.version_negotiation [None req-6ec23a44-44ff-4a71-b9a8-892a35aac17b admin admin] Matched version: v2 {{(pid=145065) process_request /opt/stack/glance/glance/api/middleware/version_negotiation.py:69}}
Aug 03 13:03:11 ubuntu devstack@g-api.service[145065]: DEBUG glance.api.middleware.version_negotiation [None req-6ec23a44-44ff-4a71-b9a8-892a35aac17b admin admin] new path /v2/schemas/metadefs/namespace {{(pid=145065) process_request /opt/stack/glance/glance/api/middleware/version_negotiation.py:70}}
Aug 03 13:03:11 ubuntu devstack@g-api.service[145065]: [pid: 145065|app: 0|req: 8/14] 127.0.0.1 () {38 vars in 737 bytes} [Wed Aug  3 13:03:11 2022] GET /v2/schemas/metadefs/namespace => generated 3100 bytes in 9 msecs (HTTP/1.1 200) 4 headers in 158 bytes (1 switches on core 0)
Aug 03 13:03:11 ubuntu devstack@g-api.service[145066]: DEBUG glance.api.middleware.version_negotiation [None req-d7f5a8b9-e6bb-4740-b9db-ff3255c97eaf admin admin] Determining version of request: GET /v2/schemas/metadefs/resource_type Accept: */* {{(pid=145066) process_request /opt/stack/glance/glance/api/middleware/version_negotiation.py:44}}
Aug 03 13:03:11 ubuntu devstack@g-api.service[145066]: DEBUG glance.api.middleware.version_negotiation [None req-d7f5a8b9-e6bb-4740-b9db-ff3255c97eaf admin admin] Using url versioning {{(pid=145066) process_request /opt/stack/glance/glance/api/middleware/version_negotiation.py:57}}
Aug 03 13:03:11 ubuntu devstack@g-api.service[145066]: DEBUG glance.api.middleware.version_negotiation [None req-d7f5a8b9-e6bb-4740-b9db-ff3255c97eaf admin admin] Matched version: v2 {{(pid=145066) process_request /opt/stack/glance/glance/api/middleware/version_negotiation.py:69}}
Aug 03 13:03:11 ubuntu devstack@g-api.service[145066]: DEBUG glance.api.middleware.version_negotiation [None req-d7f5a8b9-e6bb-4740-b9db-ff3255c97eaf admin admin] new path /v2/schemas/metadefs/resource_type {{(pid=145066) process_request /opt/stack/glance/glance/api/middleware/version_negotiation.py:70}}
Aug 03 13:03:11 ubuntu devstack@g-api.service[145066]: [pid: 145066|app: 0|req: 7/15] 127.0.0.1 () {38 vars in 745 bytes} [Wed Aug  3 13:03:11 2022] GET /v2/schemas/metadefs/resource_type => generated 1260 bytes in 6 msecs (HTTP/1.1 200) 4 headers in 158 bytes (1 switches on core 0)
Aug 03 13:03:11 ubuntu devstack@g-api.service[145065]: DEBUG glance.api.middleware.version_negotiation [None req-bd10d099-da33-401c-a8e1-02d9eef035f6 admin admin] Determining version of request: GET /v2/images Accept: */* {{(pid=145065) process_request /opt/stack/glance/glance/api/middleware/version_negotiation.py:44}}
Aug 03 13:03:11 ubuntu devstack@g-api.service[145065]: DEBUG glance.api.middleware.version_negotiation [None req-bd10d099-da33-401c-a8e1-02d9eef035f6 admin admin] Using url versioning {{(pid=145065) process_request /opt/stack/glance/glance/api/middleware/version_negotiation.py:57}}
Aug 03 13:03:11 ubuntu devstack@g-api.service[145065]: DEBUG glance.api.middleware.version_negotiation [None req-bd10d099-da33-401c-a8e1-02d9eef035f6 admin admin] Matched version: v2 {{(pid=145065) process_request /opt/stack/glance/glance/api/middleware/version_negotiation.py:69}}
Aug 03 13:03:11 ubuntu devstack@g-api.service[145065]: DEBUG glance.api.middleware.version_negotiation [None req-bd10d099-da33-401c-a8e1-02d9eef035f6 admin admin] new path /v2/images {{(pid=145065) process_request /opt/stack/glance/glance/api/middleware/version_negotiation.py:70}}
Aug 03 13:03:11 ubuntu devstack@g-api.service[145065]: [pid: 145065|app: 0|req: 9/16] 127.0.0.1 () {38 vars in 768 bytes} [Wed Aug  3 13:03:11 2022] GET /v2/images?limit=20&sort_key=name&sort_dir=asc => generated 1081 bytes in 80 msecs (HTTP/1.1 200) 4 headers in 158 bytes (1 switches on core 0)
Aug 03 13:03:11 ubuntu devstack@g-api.service[145066]: DEBUG glance.api.middleware.version_negotiation [None req-0b2dedde-cf30-4d5c-a52c-2732e9ba6760 admin admin] Determining version of request: GET /v2/schemas/image Accept: */* {{(pid=145066) process_request /opt/stack/glance/glance/api/middleware/version_negotiation.py:44}}
Aug 03 13:03:11 ubuntu devstack@g-api.service[145066]: DEBUG glance.api.middleware.version_negotiation [None req-0b2dedde-cf30-4d5c-a52c-2732e9ba6760 admin admin] Using url versioning {{(pid=145066) process_request /opt/stack/glance/glance/api/middleware/version_negotiation.py:57}}
Aug 03 13:03:11 ubuntu devstack@g-api.service[145066]: DEBUG glance.api.middleware.version_negotiation [None req-0b2dedde-cf30-4d5c-a52c-2732e9ba6760 admin admin] Matched version: v2 {{(pid=145066) process_request /opt/stack/glance/glance/api/middleware/version_negotiation.py:69}}
Aug 03 13:03:11 ubuntu devstack@g-api.service[145066]: DEBUG glance.api.middleware.version_negotiation [None req-0b2dedde-cf30-4d5c-a52c-2732e9ba6760 admin admin] new path /v2/schemas/image {{(pid=145066) process_request /opt/stack/glance/glance/api/middleware/version_negotiation.py:70}}
Aug 03 13:03:11 ubuntu devstack@g-api.service[145066]: [pid: 145066|app: 0|req: 8/17] 127.0.0.1 () {38 vars in 711 bytes} [Wed Aug  3 13:03:11 2022] GET /v2/schemas/image => generated 6083 bytes in 9 msecs (HTTP/1.1 200) 4 headers in 158 bytes (1 switches on core 0)
Aug 03 13:03:21 ubuntu devstack@g-api.service[145065]: DEBUG dbcounter [-] [145065] Writing DB stats glance:SELECT=2 {{(pid=145065) stat_writer /usr/local/lib/python3.8/dist-packages/dbcounter.py:114}}
Aug 03 13:03:25 ubuntu devstack@g-api.service[145065]: DEBUG glance.api.middleware.version_negotiation [None req-cb78dc17-049f-47dd-98a4-78fbd05c4d08 admin admin] Determining version of request: GET / Accept: application/json {{(pid=145065) process_request /opt/stack/glance/glance/api/middleware/version_negotiation.py:44}}
Aug 03 13:03:25 ubuntu devstack@g-api.service[145065]: DEBUG glance.api.middleware.version_negotiation [None req-cb78dc17-049f-47dd-98a4-78fbd05c4d08 admin admin] Using url versioning {{(pid=145065) process_request /opt/stack/glance/glance/api/middleware/version_negotiation.py:57}}
Aug 03 13:03:25 ubuntu devstack@g-api.service[145065]: DEBUG glance.api.middleware.version_negotiation [None req-cb78dc17-049f-47dd-98a4-78fbd05c4d08 admin admin] Unknown version. Returning version choices. {{(pid=145065) process_request /opt/stack/glance/glance/api/middleware/version_negotiation.py:64}}
Aug 03 13:03:25 ubuntu devstack@g-api.service[145065]: [pid: 145065|app: 0|req: 10/18] 127.0.0.1 () {34 vars in 492 bytes} [Wed Aug  3 13:03:25 2022] GET / => generated 1323 bytes in 5 msecs (HTTP/1.1 300) 3 headers in 106 bytes (1 switches on core 0)
Aug 03 13:03:25 ubuntu devstack@g-api.service[145066]: DEBUG glance.api.middleware.version_negotiation [None req-0a0f7487-87f3-4a90-8806-6ad7ac40c308 admin admin] Determining version of request: GET /v2/images/f610faa0-9421-4a1d-a397-c15df0d05123 Accept: */* {{(pid=145066) process_request /opt/stack/glance/glance/api/middleware/version_negotiation.py:44}}
Aug 03 13:03:25 ubuntu devstack@g-api.service[145066]: DEBUG glance.api.middleware.version_negotiation [None req-0a0f7487-87f3-4a90-8806-6ad7ac40c308 admin admin] Using url versioning {{(pid=145066) process_request /opt/stack/glance/glance/api/middleware/version_negotiation.py:57}}
Aug 03 13:03:25 ubuntu devstack@g-api.service[145066]: DEBUG glance.api.middleware.version_negotiation [None req-0a0f7487-87f3-4a90-8806-6ad7ac40c308 admin admin] Matched version: v2 {{(pid=145066) process_request /opt/stack/glance/glance/api/middleware/version_negotiation.py:69}}
Aug 03 13:03:25 ubuntu devstack@g-api.service[145066]: DEBUG glance.api.middleware.version_negotiation [None req-0a0f7487-87f3-4a90-8806-6ad7ac40c308 admin admin] new path /v2/images/f610faa0-9421-4a1d-a397-c15df0d05123 {{(pid=145066) process_request /opt/stack/glance/glance/api/middleware/version_negotiation.py:70}}
Aug 03 13:03:25 ubuntu devstack@g-api.service[145066]: WARNING keystonemiddleware.auth_token [None req-0a0f7487-87f3-4a90-8806-6ad7ac40c308 admin admin] A valid token was submitted as a service token, but it was not a valid service token. This is incorrect but backwards compatible behaviour. This will be removed in future releases.
Aug 03 13:03:25 ubuntu devstack@g-api.service[145066]: [pid: 145066|app: 0|req: 9/19] 127.0.0.1 () {42 vars in 1049 bytes} [Wed Aug  3 13:03:25 2022] GET /v2/images/f610faa0-9421-4a1d-a397-c15df0d05123 => generated 976 bytes in 142 msecs (HTTP/1.1 200) 4 headers in 157 bytes (1 switches on core 0)
Aug 03 13:03:25 ubuntu devstack@g-api.service[145065]: DEBUG glance.api.middleware.version_negotiation [None req-cb78dc17-049f-47dd-98a4-78fbd05c4d08 admin admin] Determining version of request: GET /v2/schemas/image Accept: */* {{(pid=145065) process_request /opt/stack/glance/glance/api/middleware/version_negotiation.py:44}}
Aug 03 13:03:25 ubuntu devstack@g-api.service[145065]: DEBUG glance.api.middleware.version_negotiation [None req-cb78dc17-049f-47dd-98a4-78fbd05c4d08 admin admin] Using url versioning {{(pid=145065) process_request /opt/stack/glance/glance/api/middleware/version_negotiation.py:57}}
Aug 03 13:03:25 ubuntu devstack@g-api.service[145065]: DEBUG glance.api.middleware.version_negotiation [None req-cb78dc17-049f-47dd-98a4-78fbd05c4d08 admin admin] Matched version: v2 {{(pid=145065) process_request /opt/stack/glance/glance/api/middleware/version_negotiation.py:69}}
Aug 03 13:03:25 ubuntu devstack@g-api.service[145065]: DEBUG glance.api.middleware.version_negotiation [None req-cb78dc17-049f-47dd-98a4-78fbd05c4d08 admin admin] new path /v2/schemas/image {{(pid=145065) process_request /opt/stack/glance/glance/api/middleware/version_negotiation.py:70}}
Aug 03 13:03:25 ubuntu devstack@g-api.service[145065]: WARNING keystonemiddleware.auth_token [None req-cb78dc17-049f-47dd-98a4-78fbd05c4d08 admin admin] A valid token was submitted as a service token, but it was not a valid service token. This is incorrect but backwards compatible behaviour. This will be removed in future releases.
Aug 03 13:03:25 ubuntu devstack@g-api.service[145065]: [pid: 145065|app: 0|req: 11/20] 127.0.0.1 () {42 vars in 989 bytes} [Wed Aug  3 13:03:25 2022] GET /v2/schemas/image => generated 6083 bytes in 5 msecs (HTTP/1.1 200) 4 headers in 158 bytes (1 switches on core 0)
Aug 03 13:03:27 ubuntu devstack@g-api.service[145066]: DEBUG glance.api.middleware.version_negotiation [None req-ab734263-bb08-4832-a08c-3b1486d19655 tempest-VolumesAdminNegativeTest-59153301 tempest-VolumesAdminNegativeTest-59153301-project] Determining version of request: GET /v2/images/f610faa0-9421-4a1d-a397-c15df0d05123 Accept: */* {{(pid=145066) process_request /opt/stack/glance/glance/api/middleware/version_negotiation.py:44}}
Aug 03 13:03:27 ubuntu devstack@g-api.service[145066]: DEBUG glance.api.middleware.version_negotiation [None req-ab734263-bb08-4832-a08c-3b1486d19655 tempest-VolumesAdminNegativeTest-59153301 tempest-VolumesAdminNegativeTest-59153301-project] Using url versioning {{(pid=145066) process_request /opt/stack/glance/glance/api/middleware/version_negotiation.py:57}}
Aug 03 13:03:27 ubuntu devstack@g-api.service[145066]: DEBUG glance.api.middleware.version_negotiation [None req-ab734263-bb08-4832-a08c-3b1486d19655 tempest-VolumesAdminNegativeTest-59153301 tempest-VolumesAdminNegativeTest-59153301-project] Matched version: v2 {{(pid=145066) process_request /opt/stack/glance/glance/api/middleware/version_negotiation.py:69}}
Aug 03 13:03:27 ubuntu devstack@g-api.service[145066]: DEBUG glance.api.middleware.version_negotiation [None req-ab734263-bb08-4832-a08c-3b1486d19655 tempest-VolumesAdminNegativeTest-59153301 tempest-VolumesAdminNegativeTest-59153301-project] new path /v2/images/f610faa0-9421-4a1d-a397-c15df0d05123 {{(pid=145066) process_request /opt/stack/glance/glance/api/middleware/version_negotiation.py:70}}
Aug 03 13:03:27 ubuntu devstack@g-api.service[145066]: [pid: 145066|app: 0|req: 10/21] 127.0.0.1 () {42 vars in 1049 bytes} [Wed Aug  3 13:03:27 2022] GET /v2/images/f610faa0-9421-4a1d-a397-c15df0d05123 => generated 976 bytes in 20 msecs (HTTP/1.1 200) 4 headers in 157 bytes (1 switches on core 0)
Aug 03 13:03:27 ubuntu devstack@g-api.service[145065]: DEBUG glance.api.middleware.version_negotiation [None req-ab734263-bb08-4832-a08c-3b1486d19655 tempest-VolumesAdminNegativeTest-59153301 tempest-VolumesAdminNegativeTest-59153301-project] Determining version of request: GET /v2/images/f610faa0-9421-4a1d-a397-c15df0d05123/file Accept: */* {{(pid=145065) process_request /opt/stack/glance/glance/api/middleware/version_negotiation.py:44}}
Aug 03 13:03:27 ubuntu devstack@g-api.service[145065]: DEBUG glance.api.middleware.version_negotiation [None req-ab734263-bb08-4832-a08c-3b1486d19655 tempest-VolumesAdminNegativeTest-59153301 tempest-VolumesAdminNegativeTest-59153301-project] Using url versioning {{(pid=145065) process_request /opt/stack/glance/glance/api/middleware/version_negotiation.py:57}}
Aug 03 13:03:27 ubuntu devstack@g-api.service[145065]: DEBUG glance.api.middleware.version_negotiation [None req-ab734263-bb08-4832-a08c-3b1486d19655 tempest-VolumesAdminNegativeTest-59153301 tempest-VolumesAdminNegativeTest-59153301-project] Matched version: v2 {{(pid=145065) process_request /opt/stack/glance/glance/api/middleware/version_negotiation.py:69}}
Aug 03 13:03:27 ubuntu devstack@g-api.service[145065]: DEBUG glance.api.middleware.version_negotiation [None req-ab734263-bb08-4832-a08c-3b1486d19655 tempest-VolumesAdminNegativeTest-59153301 tempest-VolumesAdminNegativeTest-59153301-project] new path /v2/images/f610faa0-9421-4a1d-a397-c15df0d05123/file {{(pid=145065) process_request /opt/stack/glance/glance/api/middleware/version_negotiation.py:70}}
Aug 03 13:03:27 ubuntu devstack@g-api.service[145065]: DEBUG glance_store.backend [None req-ab734263-bb08-4832-a08c-3b1486d19655 tempest-VolumesAdminNegativeTest-59153301 tempest-VolumesAdminNegativeTest-59153301-project] Attempting to import store swift {{(pid=145065) _load_store /usr/local/lib/python3.8/dist-packages/glance_store/backend.py:216}}
Aug 03 13:03:27 ubuntu devstack@g-api.service[145065]: DEBUG glance_store.capabilities [None req-ab734263-bb08-4832-a08c-3b1486d19655 tempest-VolumesAdminNegativeTest-59153301 tempest-VolumesAdminNegativeTest-59153301-project] Store glance_store._drivers.swift.store.SingleTenantStore doesn't support updating dynamic storage capabilities. Please overwrite 'update_capabilities' method of the store to implement updating logics if needed. {{(pid=145065) update_capabilities /usr/local/lib/python3.8/dist-packages/glance_store/capabilities.py:91}}
Aug 03 13:03:27 ubuntu devstack@g-api.service[145065]: DEBUG glance_store.driver [None req-ab734263-bb08-4832-a08c-3b1486d19655 tempest-VolumesAdminNegativeTest-59153301 tempest-VolumesAdminNegativeTest-59153301-project] Late loading location class glance_store._drivers.swift.store.StoreLocation {{(pid=145065) get_store_location_class /usr/local/lib/python3.8/dist-packages/glance_store/driver.py:116}}
Aug 03 13:03:27 ubuntu devstack@g-api.service[145065]: DEBUG glance_store.location [None req-ab734263-bb08-4832-a08c-3b1486d19655 tempest-VolumesAdminNegativeTest-59153301 tempest-VolumesAdminNegativeTest-59153301-project] Registering scheme swift+https with {'store': <glance_store._drivers.swift.store.SingleTenantStore object at 0x7f9950c096d0>, 'location_class': <class 'glance_store._drivers.swift.store.StoreLocation'>, 'store_entry': 'swift'} {{(pid=145065) register_scheme_map /usr/local/lib/python3.8/dist-packages/glance_store/location.py:146}}
Aug 03 13:03:27 ubuntu devstack@g-api.service[145065]: DEBUG glance_store.location [None req-ab734263-bb08-4832-a08c-3b1486d19655 tempest-VolumesAdminNegativeTest-59153301 tempest-VolumesAdminNegativeTest-59153301-project] Registering scheme swift+https with {'store': <glance_store._drivers.swift.store.SingleTenantStore object at 0x7f9950c096d0>, 'location_class': <class 'glance_store._drivers.swift.store.StoreLocation'>, 'store_entry': 'swift'} {{(pid=145065) register_scheme_map /usr/local/lib/python3.8/dist-packages/glance_store/location.py:146}}
Aug 03 13:03:27 ubuntu devstack@g-api.service[145065]: DEBUG glance_store.location [None req-ab734263-bb08-4832-a08c-3b1486d19655 tempest-VolumesAdminNegativeTest-59153301 tempest-VolumesAdminNegativeTest-59153301-project] Registering scheme swift with {'store': <glance_store._drivers.swift.store.SingleTenantStore object at 0x7f9950c096d0>, 'location_class': <class 'glance_store._drivers.swift.store.StoreLocation'>, 'store_entry': 'swift'} {{(pid=145065) register_scheme_map /usr/local/lib/python3.8/dist-packages/glance_store/location.py:146}}
Aug 03 13:03:27 ubuntu devstack@g-api.service[145065]: DEBUG glance_store.location [None req-ab734263-bb08-4832-a08c-3b1486d19655 tempest-VolumesAdminNegativeTest-59153301 tempest-VolumesAdminNegativeTest-59153301-project] Registering scheme swift+https with {'store': <glance_store._drivers.swift.store.SingleTenantStore object at 0x7f9950c096d0>, 'location_class': <class 'glance_store._drivers.swift.store.StoreLocation'>, 'store_entry': 'swift'} {{(pid=145065) register_scheme_map /usr/local/lib/python3.8/dist-packages/glance_store/location.py:146}}
Aug 03 13:03:27 ubuntu devstack@g-api.service[145065]: DEBUG glance_store.location [None req-ab734263-bb08-4832-a08c-3b1486d19655 tempest-VolumesAdminNegativeTest-59153301 tempest-VolumesAdminNegativeTest-59153301-project] Registering scheme swift with {'store': <glance_store._drivers.swift.store.SingleTenantStore object at 0x7f9950c096d0>, 'location_class': <class 'glance_store._drivers.swift.store.StoreLocation'>, 'store_entry': 'swift'} {{(pid=145065) register_scheme_map /usr/local/lib/python3.8/dist-packages/glance_store/location.py:146}}
Aug 03 13:03:27 ubuntu devstack@g-api.service[145065]: DEBUG glance_store.location [None req-ab734263-bb08-4832-a08c-3b1486d19655 tempest-VolumesAdminNegativeTest-59153301 tempest-VolumesAdminNegativeTest-59153301-project] Registering scheme swift+http with {'store': <glance_store._drivers.swift.store.SingleTenantStore object at 0x7f9950c096d0>, 'location_class': <class 'glance_store._drivers.swift.store.StoreLocation'>, 'store_entry': 'swift'} {{(pid=145065) register_scheme_map /usr/local/lib/python3.8/dist-packages/glance_store/location.py:146}}
Aug 03 13:03:27 ubuntu devstack@g-api.service[145065]: DEBUG glance_store.location [None req-ab734263-bb08-4832-a08c-3b1486d19655 tempest-VolumesAdminNegativeTest-59153301 tempest-VolumesAdminNegativeTest-59153301-project] Registering scheme swift+https with {'store': <glance_store._drivers.swift.store.SingleTenantStore object at 0x7f9950c096d0>, 'location_class': <class 'glance_store._drivers.swift.store.StoreLocation'>, 'store_entry': 'swift'} {{(pid=145065) register_scheme_map /usr/local/lib/python3.8/dist-packages/glance_store/location.py:146}}
Aug 03 13:03:27 ubuntu devstack@g-api.service[145065]: DEBUG glance_store.location [None req-ab734263-bb08-4832-a08c-3b1486d19655 tempest-VolumesAdminNegativeTest-59153301 tempest-VolumesAdminNegativeTest-59153301-project] Registering scheme swift with {'store': <glance_store._drivers.swift.store.SingleTenantStore object at 0x7f9950c096d0>, 'location_class': <class 'glance_store._drivers.swift.store.StoreLocation'>, 'store_entry': 'swift'} {{(pid=145065) register_scheme_map /usr/local/lib/python3.8/dist-packages/glance_store/location.py:146}}
Aug 03 13:03:27 ubuntu devstack@g-api.service[145065]: DEBUG glance_store.location [None req-ab734263-bb08-4832-a08c-3b1486d19655 tempest-VolumesAdminNegativeTest-59153301 tempest-VolumesAdminNegativeTest-59153301-project] Registering scheme swift+http with {'store': <glance_store._drivers.swift.store.SingleTenantStore object at 0x7f9950c096d0>, 'location_class': <class 'glance_store._drivers.swift.store.StoreLocation'>, 'store_entry': 'swift'} {{(pid=145065) register_scheme_map /usr/local/lib/python3.8/dist-packages/glance_store/location.py:146}}
Aug 03 13:03:27 ubuntu devstack@g-api.service[145065]: DEBUG glance_store.location [None req-ab734263-bb08-4832-a08c-3b1486d19655 tempest-VolumesAdminNegativeTest-59153301 tempest-VolumesAdminNegativeTest-59153301-project] Registering scheme swift+config with {'store': <glance_store._drivers.swift.store.SingleTenantStore object at 0x7f9950c096d0>, 'location_class': <class 'glance_store._drivers.swift.store.StoreLocation'>, 'store_entry': 'swift'} {{(pid=145065) register_scheme_map /usr/local/lib/python3.8/dist-packages/glance_store/location.py:146}}
Aug 03 13:03:28 ubuntu devstack@g-api.service[145065]: DEBUG swiftclient [None req-ab734263-bb08-4832-a08c-3b1486d19655 tempest-VolumesAdminNegativeTest-59153301 tempest-VolumesAdminNegativeTest-59153301-project] REQ: curl -i http://192.168.79.49:8080/v1/AUTH_a7132f14abaa4f2dbb3d16a7f9b07fdf/glance/f610faa0-9421-4a1d-a397-c15df0d05123 -X GET -H "X-Auth-Token: gAAAAABi6nIf-Q3l..." {{(pid=145065) http_log /usr/local/lib/python3.8/dist-packages/swiftclient/client.py:157}}
Aug 03 13:03:28 ubuntu devstack@g-api.service[145065]: DEBUG swiftclient [None req-ab734263-bb08-4832-a08c-3b1486d19655 tempest-VolumesAdminNegativeTest-59153301 tempest-VolumesAdminNegativeTest-59153301-project] RESP STATUS: 200 OK {{(pid=145065) http_log /usr/local/lib/python3.8/dist-packages/swiftclient/client.py:158}}
Aug 03 13:03:28 ubuntu devstack@g-api.service[145065]: DEBUG swiftclient [None req-ab734263-bb08-4832-a08c-3b1486d19655 tempest-VolumesAdminNegativeTest-59153301 tempest-VolumesAdminNegativeTest-59153301-project] RESP HEADERS: {'Content-Type': 'application/octet-stream', 'Etag': '1d3062cd89af34e419f7100277f38b2b', 'Last-Modified': 'Wed, 03 Aug 2022 12:57:45 GMT', 'X-Timestamp': '1659531464.58517', 'Accept-Ranges': 'bytes', 'Content-Length': '16338944', 'X-Trans-Id': 'tx14867ee52ffd4e229364b-0062ea7220', 'X-Openstack-Request-Id': 'tx14867ee52ffd4e229364b-0062ea7220', 'Date': 'Wed, 03 Aug 2022 13:03:28 GMT'} {{(pid=145065) http_log /usr/local/lib/python3.8/dist-packages/swiftclient/client.py:159}}
Aug 03 13:03:28 ubuntu devstack@g-api.service[145065]: DEBUG glance.image_cache [None req-ab734263-bb08-4832-a08c-3b1486d19655 tempest-VolumesAdminNegativeTest-59153301 tempest-VolumesAdminNegativeTest-59153301-project] Tee'ing image 'f610faa0-9421-4a1d-a397-c15df0d05123' into cache {{(pid=145065) get_caching_iter /opt/stack/glance/glance/image_cache/__init__.py:343}}
Aug 03 13:03:28 ubuntu devstack@g-api.service[145065]: DEBUG glance.image_cache.drivers.sqlite [None req-ab734263-bb08-4832-a08c-3b1486d19655 tempest-VolumesAdminNegativeTest-59153301 tempest-VolumesAdminNegativeTest-59153301-project] Fetch finished, moving '/opt/stack/data/glance/cache/incomplete/f610faa0-9421-4a1d-a397-c15df0d05123' to '/opt/stack/data/glance/cache/f610faa0-9421-4a1d-a397-c15df0d05123' {{(pid=145065) commit /opt/stack/glance/glance/image_cache/drivers/sqlite.py:324}}
Aug 03 13:03:28 ubuntu devstack@g-api.service[145065]: [pid: 145065|app: 0|req: 12/22] 127.0.0.1 () {42 vars in 1059 bytes} [Wed Aug  3 13:03:27 2022] GET /v2/images/f610faa0-9421-4a1d-a397-c15df0d05123/file => generated 16338944 bytes in 544 msecs (HTTP/1.1 200) 4 headers in 191 bytes (250 switches on core 0)
Aug 03 13:03:37 ubuntu devstack@g-api.service[145066]: DEBUG dbcounter [-] [145066] Writing DB stats glance:SELECT=8 {{(pid=145066) stat_writer /usr/local/lib/python3.8/dist-packages/dbcounter.py:114}}
Aug 03 13:03:38 ubuntu devstack@g-api.service[145065]: DEBUG dbcounter [-] [145065] Writing DB stats glance:SELECT=8 {{(pid=145065) stat_writer /usr/local/lib/python3.8/dist-packages/dbcounter.py:114}}
Aug 03 13:03:53 ubuntu devstack@g-api.service[145066]: DEBUG glance.api.middleware.version_negotiation [None req-ab734263-bb08-4832-a08c-3b1486d19655 tempest-VolumesAdminNegativeTest-59153301 tempest-VolumesAdminNegativeTest-59153301-project] Determining version of request: GET / Accept: application/json {{(pid=145066) process_request /opt/stack/glance/glance/api/middleware/version_negotiation.py:44}}
Aug 03 13:03:53 ubuntu devstack@g-api.service[145066]: DEBUG glance.api.middleware.version_negotiation [None req-ab734263-bb08-4832-a08c-3b1486d19655 tempest-VolumesAdminNegativeTest-59153301 tempest-VolumesAdminNegativeTest-59153301-project] Using url versioning {{(pid=145066) process_request /opt/stack/glance/glance/api/middleware/version_negotiation.py:57}}
Aug 03 13:03:53 ubuntu devstack@g-api.service[145066]: DEBUG glance.api.middleware.version_negotiation [None req-ab734263-bb08-4832-a08c-3b1486d19655 tempest-VolumesAdminNegativeTest-59153301 tempest-VolumesAdminNegativeTest-59153301-project] Unknown version. Returning version choices. {{(pid=145066) process_request /opt/stack/glance/glance/api/middleware/version_negotiation.py:64}}
Aug 03 13:03:53 ubuntu devstack@g-api.service[145066]: [pid: 145066|app: 0|req: 11/23] 127.0.0.1 () {34 vars in 492 bytes} [Wed Aug  3 13:03:53 2022] GET / => generated 1323 bytes in 3 msecs (HTTP/1.1 300) 3 headers in 106 bytes (1 switches on core 0)
Aug 03 13:03:53 ubuntu devstack@g-api.service[145065]: DEBUG glance.api.middleware.version_negotiation [None req-ab734263-bb08-4832-a08c-3b1486d19655 tempest-VolumesAdminNegativeTest-59153301 tempest-VolumesAdminNegativeTest-59153301-project] Determining version of request: GET /v2/images/f610faa0-9421-4a1d-a397-c15df0d05123 Accept: */* {{(pid=145065) process_request /opt/stack/glance/glance/api/middleware/version_negotiation.py:44}}
Aug 03 13:03:53 ubuntu devstack@g-api.service[145065]: DEBUG glance.api.middleware.version_negotiation [None req-ab734263-bb08-4832-a08c-3b1486d19655 tempest-VolumesAdminNegativeTest-59153301 tempest-VolumesAdminNegativeTest-59153301-project] Using url versioning {{(pid=145065) process_request /opt/stack/glance/glance/api/middleware/version_negotiation.py:57}}
Aug 03 13:03:53 ubuntu devstack@g-api.service[145065]: DEBUG glance.api.middleware.version_negotiation [None req-ab734263-bb08-4832-a08c-3b1486d19655 tempest-VolumesAdminNegativeTest-59153301 tempest-VolumesAdminNegativeTest-59153301-project] Matched version: v2 {{(pid=145065) process_request /opt/stack/glance/glance/api/middleware/version_negotiation.py:69}}
Aug 03 13:03:53 ubuntu devstack@g-api.service[145065]: DEBUG glance.api.middleware.version_negotiation [None req-ab734263-bb08-4832-a08c-3b1486d19655 tempest-VolumesAdminNegativeTest-59153301 tempest-VolumesAdminNegativeTest-59153301-project] new path /v2/images/f610faa0-9421-4a1d-a397-c15df0d05123 {{(pid=145065) process_request /opt/stack/glance/glance/api/middleware/version_negotiation.py:70}}
Aug 03 13:03:53 ubuntu devstack@g-api.service[145065]: [pid: 145065|app: 0|req: 13/24] 127.0.0.1 () {42 vars in 1049 bytes} [Wed Aug  3 13:03:53 2022] GET /v2/images/f610faa0-9421-4a1d-a397-c15df0d05123 => generated 976 bytes in 22 msecs (HTTP/1.1 200) 4 headers in 157 bytes (1 switches on core 0)
Aug 03 13:03:53 ubuntu devstack@g-api.service[145066]: DEBUG glance.api.middleware.version_negotiation [None req-ab734263-bb08-4832-a08c-3b1486d19655 tempest-VolumesAdminNegativeTest-59153301 tempest-VolumesAdminNegativeTest-59153301-project] Determining version of request: GET /v2/schemas/image Accept: */* {{(pid=145066) process_request /opt/stack/glance/glance/api/middleware/version_negotiation.py:44}}
Aug 03 13:03:53 ubuntu devstack@g-api.service[145066]: DEBUG glance.api.middleware.version_negotiation [None req-ab734263-bb08-4832-a08c-3b1486d19655 tempest-VolumesAdminNegativeTest-59153301 tempest-VolumesAdminNegativeTest-59153301-project] Using url versioning {{(pid=145066) process_request /opt/stack/glance/glance/api/middleware/version_negotiation.py:57}}
Aug 03 13:03:53 ubuntu devstack@g-api.service[145066]: DEBUG glance.api.middleware.version_negotiation [None req-ab734263-bb08-4832-a08c-3b1486d19655 tempest-VolumesAdminNegativeTest-59153301 tempest-VolumesAdminNegativeTest-59153301-project] Matched version: v2 {{(pid=145066) process_request /opt/stack/glance/glance/api/middleware/version_negotiation.py:69}}
Aug 03 13:03:53 ubuntu devstack@g-api.service[145066]: DEBUG glance.api.middleware.version_negotiation [None req-ab734263-bb08-4832-a08c-3b1486d19655 tempest-VolumesAdminNegativeTest-59153301 tempest-VolumesAdminNegativeTest-59153301-project] new path /v2/schemas/image {{(pid=145066) process_request /opt/stack/glance/glance/api/middleware/version_negotiation.py:70}}
Aug 03 13:03:53 ubuntu devstack@g-api.service[145066]: [pid: 145066|app: 0|req: 12/25] 127.0.0.1 () {42 vars in 989 bytes} [Wed Aug  3 13:03:53 2022] GET /v2/schemas/image => generated 6083 bytes in 6 msecs (HTTP/1.1 200) 4 headers in 158 bytes (1 switches on core 0)
Aug 03 13:04:03 ubuntu devstack@g-api.service[145065]: DEBUG dbcounter [-] [145065] Writing DB stats glance:SELECT=4 {{(pid=145065) stat_writer /usr/local/lib/python3.8/dist-packages/dbcounter.py:114}}
Aug 03 13:04:21 ubuntu devstack@g-api.service[145065]: DEBUG glance.api.middleware.version_negotiation [None req-429f4af8-0533-429e-a609-32baa728875e tempest-DeleteServersTestJSON-1625087922 tempest-DeleteServersTestJSON-1625087922-project] Determining version of request: GET /v2/images/f610faa0-9421-4a1d-a397-c15df0d05123 Accept: */* {{(pid=145065) process_request /opt/stack/glance/glance/api/middleware/version_negotiation.py:44}}
Aug 03 13:04:21 ubuntu devstack@g-api.service[145065]: DEBUG glance.api.middleware.version_negotiation [None req-429f4af8-0533-429e-a609-32baa728875e tempest-DeleteServersTestJSON-1625087922 tempest-DeleteServersTestJSON-1625087922-project] Using url versioning {{(pid=145065) process_request /opt/stack/glance/glance/api/middleware/version_negotiation.py:57}}
Aug 03 13:04:21 ubuntu devstack@g-api.service[145065]: DEBUG glance.api.middleware.version_negotiation [None req-429f4af8-0533-429e-a609-32baa728875e tempest-DeleteServersTestJSON-1625087922 tempest-DeleteServersTestJSON-1625087922-project] Matched version: v2 {{(pid=145065) process_request /opt/stack/glance/glance/api/middleware/version_negotiation.py:69}}
Aug 03 13:04:21 ubuntu devstack@g-api.service[145065]: DEBUG glance.api.middleware.version_negotiation [None req-429f4af8-0533-429e-a609-32baa728875e tempest-DeleteServersTestJSON-1625087922 tempest-DeleteServersTestJSON-1625087922-project] new path /v2/images/f610faa0-9421-4a1d-a397-c15df0d05123 {{(pid=145065) process_request /opt/stack/glance/glance/api/middleware/version_negotiation.py:70}}
Aug 03 13:04:21 ubuntu devstack@g-api.service[145065]: [pid: 145065|app: 0|req: 14/26] 127.0.0.1 () {42 vars in 1049 bytes} [Wed Aug  3 13:04:21 2022] GET /v2/images/f610faa0-9421-4a1d-a397-c15df0d05123 => generated 976 bytes in 14 msecs (HTTP/1.1 200) 4 headers in 157 bytes (1 switches on core 0)
