Aug 03 11:17:06 ubuntu devstack@g-api.service[153398]: DEBUG swiftclient [None req-28d0b5f0-2bf8-45b3-92e1-1f1479f48d14 admin admin] RESP HEADERS: {'Content-Type': 'text/html; charset=UTF-8', 'Content-Length': '0', 'Etag': '1d3062cd89af34e419f7100277f38b2b', 'Last-Modified': 'Wed, 03 Aug 2022 11:17:07 GMT', 'X-Trans-Id': 'txa8ddd153e94c4401b159d-0062ea5932', 'X-Openstack-Request-Id': 'txa8ddd153e94c4401b159d-0062ea5932', 'Date': 'Wed, 03 Aug 2022 11:17:06 GMT'} {{(pid=153398) http_log /usr/local/lib/python3.8/dist-packages/swiftclient/client.py:159}}
Aug 03 11:17:06 ubuntu devstack@g-api.service[153398]: INFO glance.location [None req-28d0b5f0-2bf8-45b3-92e1-1f1479f48d14 admin admin] Image format matched and virtual size computed: 117440512
Aug 03 11:17:06 ubuntu devstack@g-api.service[153398]: DEBUG glance_store.backend [None req-28d0b5f0-2bf8-45b3-92e1-1f1479f48d14 admin admin] Attempting to import store swift {{(pid=153398) _load_store /usr/local/lib/python3.8/dist-packages/glance_store/backend.py:216}}
Aug 03 11:17:06 ubuntu devstack@g-api.service[153398]: DEBUG glance_store.capabilities [None req-28d0b5f0-2bf8-45b3-92e1-1f1479f48d14 admin admin] Store glance_store._drivers.swift.store.SingleTenantStore doesn't support updating dynamic storage capabilities. Please overwrite 'update_capabilities' method of the store to implement updating logics if needed. {{(pid=153398) update_capabilities /usr/local/lib/python3.8/dist-packages/glance_store/capabilities.py:91}}
Aug 03 11:17:06 ubuntu devstack@g-api.service[153398]: DEBUG glance_store.driver [None req-28d0b5f0-2bf8-45b3-92e1-1f1479f48d14 admin admin] Late loading location class glance_store._drivers.swift.store.StoreLocation {{(pid=153398) get_store_location_class /usr/local/lib/python3.8/dist-packages/glance_store/driver.py:116}}
Aug 03 11:17:06 ubuntu devstack@g-api.service[153398]: DEBUG glance_store.location [None req-28d0b5f0-2bf8-45b3-92e1-1f1479f48d14 admin admin] Registering scheme swift+https with {'store': <glance_store._drivers.swift.store.SingleTenantStore object at 0x7f1f9b0220a0>, 'location_class': <class 'glance_store._drivers.swift.store.StoreLocation'>, 'store_entry': 'swift'} {{(pid=153398) register_scheme_map /usr/local/lib/python3.8/dist-packages/glance_store/location.py:146}}
Aug 03 11:17:06 ubuntu devstack@g-api.service[153398]: DEBUG glance_store.location [None req-28d0b5f0-2bf8-45b3-92e1-1f1479f48d14 admin admin] Registering scheme swift+https with {'store': <glance_store._drivers.swift.store.SingleTenantStore object at 0x7f1f9b0220a0>, 'location_class': <class 'glance_store._drivers.swift.store.StoreLocation'>, 'store_entry': 'swift'} {{(pid=153398) register_scheme_map /usr/local/lib/python3.8/dist-packages/glance_store/location.py:146}}
Aug 03 11:17:06 ubuntu devstack@g-api.service[153398]: DEBUG glance_store.location [None req-28d0b5f0-2bf8-45b3-92e1-1f1479f48d14 admin admin] Registering scheme swift with {'store': <glance_store._drivers.swift.store.SingleTenantStore object at 0x7f1f9b0220a0>, 'location_class': <class 'glance_store._drivers.swift.store.StoreLocation'>, 'store_entry': 'swift'} {{(pid=153398) register_scheme_map /usr/local/lib/python3.8/dist-packages/glance_store/location.py:146}}
Aug 03 11:17:06 ubuntu devstack@g-api.service[153398]: DEBUG glance_store.location [None req-28d0b5f0-2bf8-45b3-92e1-1f1479f48d14 admin admin] Registering scheme swift+https with {'store': <glance_store._drivers.swift.store.SingleTenantStore object at 0x7f1f9b0220a0>, 'location_class': <class 'glance_store._drivers.swift.store.StoreLocation'>, 'store_entry': 'swift'} {{(pid=153398) register_scheme_map /usr/local/lib/python3.8/dist-packages/glance_store/location.py:146}}
Aug 03 11:17:06 ubuntu devstack@g-api.service[153398]: DEBUG glance_store.location [None req-28d0b5f0-2bf8-45b3-92e1-1f1479f48d14 admin admin] Registering scheme swift with {'store': <glance_store._drivers.swift.store.SingleTenantStore object at 0x7f1f9b0220a0>, 'location_class': <class 'glance_store._drivers.swift.store.StoreLocation'>, 'store_entry': 'swift'} {{(pid=153398) register_scheme_map /usr/local/lib/python3.8/dist-packages/glance_store/location.py:146}}
Aug 03 11:17:06 ubuntu devstack@g-api.service[153398]: DEBUG glance_store.location [None req-28d0b5f0-2bf8-45b3-92e1-1f1479f48d14 admin admin] Registering scheme swift+http with {'store': <glance_store._drivers.swift.store.SingleTenantStore object at 0x7f1f9b0220a0>, 'location_class': <class 'glance_store._drivers.swift.store.StoreLocation'>, 'store_entry': 'swift'} {{(pid=153398) register_scheme_map /usr/local/lib/python3.8/dist-packages/glance_store/location.py:146}}
Aug 03 11:17:06 ubuntu devstack@g-api.service[153398]: DEBUG glance_store.location [None req-28d0b5f0-2bf8-45b3-92e1-1f1479f48d14 admin admin] Registering scheme swift+https with {'store': <glance_store._drivers.swift.store.SingleTenantStore object at 0x7f1f9b0220a0>, 'location_class': <class 'glance_store._drivers.swift.store.StoreLocation'>, 'store_entry': 'swift'} {{(pid=153398) register_scheme_map /usr/local/lib/python3.8/dist-packages/glance_store/location.py:146}}
Aug 03 11:17:06 ubuntu devstack@g-api.service[153398]: DEBUG glance_store.location [None req-28d0b5f0-2bf8-45b3-92e1-1f1479f48d14 admin admin] Registering scheme swift with {'store': <glance_store._drivers.swift.store.SingleTenantStore object at 0x7f1f9b0220a0>, 'location_class': <class 'glance_store._drivers.swift.store.StoreLocation'>, 'store_entry': 'swift'} {{(pid=153398) register_scheme_map /usr/local/lib/python3.8/dist-packages/glance_store/location.py:146}}
Aug 03 11:17:06 ubuntu devstack@g-api.service[153398]: DEBUG glance_store.location [None req-28d0b5f0-2bf8-45b3-92e1-1f1479f48d14 admin admin] Registering scheme swift+http with {'store': <glance_store._drivers.swift.store.SingleTenantStore object at 0x7f1f9b0220a0>, 'location_class': <class 'glance_store._drivers.swift.store.StoreLocation'>, 'store_entry': 'swift'} {{(pid=153398) register_scheme_map /usr/local/lib/python3.8/dist-packages/glance_store/location.py:146}}
Aug 03 11:17:06 ubuntu devstack@g-api.service[153398]: DEBUG glance_store.location [None req-28d0b5f0-2bf8-45b3-92e1-1f1479f48d14 admin admin] Registering scheme swift+config with {'store': <glance_store._drivers.swift.store.SingleTenantStore object at 0x7f1f9b0220a0>, 'location_class': <class 'glance_store._drivers.swift.store.StoreLocation'>, 'store_entry': 'swift'} {{(pid=153398) register_scheme_map /usr/local/lib/python3.8/dist-packages/glance_store/location.py:146}}
Aug 03 11:17:06 ubuntu devstack@g-api.service[153398]: DEBUG glance_store.backend [None req-28d0b5f0-2bf8-45b3-92e1-1f1479f48d14 admin admin] Skipping store.set_acls... not implemented. {{(pid=153398) set_acls /usr/local/lib/python3.8/dist-packages/glance_store/backend.py:508}}
Aug 03 11:17:06 ubuntu devstack@g-api.service[153398]: [pid: 153398|app: 0|req: 3/4] 127.0.0.1 () {40 vars in 862 bytes} [Wed Aug  3 11:17:03 2022] PUT /v2/images/75bfa107-b262-4e9a-be21-37724bc91751/file => generated 0 bytes in 3005 msecs (HTTP/1.1 204) 4 headers in 171 bytes (1 switches on core 0)
Aug 03 11:17:13 ubuntu devstack@g-api.service[153399]: DEBUG dbcounter [-] [153399] Writing DB stats glance:SELECT=9,glance:INSERT=5 {{(pid=153399) stat_writer /usr/local/lib/python3.8/dist-packages/dbcounter.py:114}}
Aug 03 11:17:16 ubuntu devstack@g-api.service[153398]: DEBUG dbcounter [-] [153398] Writing DB stats glance:SELECT=28,glance:UPDATE=2,glance:INSERT=1 {{(pid=153398) stat_writer /usr/local/lib/python3.8/dist-packages/dbcounter.py:114}}
Aug 03 11:17:51 ubuntu devstack@g-api.service[153399]: DEBUG glance.api.middleware.version_negotiation [None req-8dfc344a-0bc5-4690-9dfb-c8fdff06c2a7 admin admin] Determining version of request: GET / Accept: application/json {{(pid=153399) process_request /opt/stack/glance/glance/api/middleware/version_negotiation.py:44}}
Aug 03 11:17:51 ubuntu devstack@g-api.service[153399]: DEBUG glance.api.middleware.version_negotiation [None req-8dfc344a-0bc5-4690-9dfb-c8fdff06c2a7 admin admin] Using url versioning {{(pid=153399) process_request /opt/stack/glance/glance/api/middleware/version_negotiation.py:57}}
Aug 03 11:17:51 ubuntu devstack@g-api.service[153399]: DEBUG glance.api.middleware.version_negotiation [None req-8dfc344a-0bc5-4690-9dfb-c8fdff06c2a7 admin admin] Unknown version. Returning version choices. {{(pid=153399) process_request /opt/stack/glance/glance/api/middleware/version_negotiation.py:64}}
Aug 03 11:17:51 ubuntu devstack@g-api.service[153399]: [pid: 153399|app: 0|req: 2/5] 127.0.0.1 () {34 vars in 506 bytes} [Wed Aug  3 11:17:51 2022] GET / => generated 1323 bytes in 4 msecs (HTTP/1.1 300) 3 headers in 106 bytes (1 switches on core 0)
Aug 03 11:17:51 ubuntu devstack@g-api.service[153398]: DEBUG glance.api.middleware.version_negotiation [None req-28d0b5f0-2bf8-45b3-92e1-1f1479f48d14 admin admin] Determining version of request: GET /v2/images Accept: application/json {{(pid=153398) process_request /opt/stack/glance/glance/api/middleware/version_negotiation.py:44}}
Aug 03 11:17:51 ubuntu devstack@g-api.service[153398]: DEBUG glance.api.middleware.version_negotiation [None req-28d0b5f0-2bf8-45b3-92e1-1f1479f48d14 admin admin] Using url versioning {{(pid=153398) process_request /opt/stack/glance/glance/api/middleware/version_negotiation.py:57}}
Aug 03 11:17:51 ubuntu devstack@g-api.service[153398]: DEBUG glance.api.middleware.version_negotiation [None req-28d0b5f0-2bf8-45b3-92e1-1f1479f48d14 admin admin] Matched version: v2 {{(pid=153398) process_request /opt/stack/glance/glance/api/middleware/version_negotiation.py:69}}
Aug 03 11:17:51 ubuntu devstack@g-api.service[153398]: DEBUG glance.api.middleware.version_negotiation [None req-28d0b5f0-2bf8-45b3-92e1-1f1479f48d14 admin admin] new path /v2/images {{(pid=153398) process_request /opt/stack/glance/glance/api/middleware/version_negotiation.py:70}}
Aug 03 11:17:51 ubuntu devstack@g-api.service[153398]: [pid: 153398|app: 0|req: 4/6] 127.0.0.1 () {36 vars in 728 bytes} [Wed Aug  3 11:17:51 2022] GET /v2/images => generated 1045 bytes in 471 msecs (HTTP/1.1 200) 4 headers in 158 bytes (1 switches on core 0)
Aug 03 11:17:58 ubuntu devstack@g-api.service[153399]: DEBUG glance.api.middleware.version_negotiation [None req-8dfc344a-0bc5-4690-9dfb-c8fdff06c2a7 admin admin] Determining version of request: GET / Accept: application/json {{(pid=153399) process_request /opt/stack/glance/glance/api/middleware/version_negotiation.py:44}}
Aug 03 11:17:58 ubuntu devstack@g-api.service[153399]: DEBUG glance.api.middleware.version_negotiation [None req-8dfc344a-0bc5-4690-9dfb-c8fdff06c2a7 admin admin] Using url versioning {{(pid=153399) process_request /opt/stack/glance/glance/api/middleware/version_negotiation.py:57}}
Aug 03 11:17:58 ubuntu devstack@g-api.service[153399]: DEBUG glance.api.middleware.version_negotiation [None req-8dfc344a-0bc5-4690-9dfb-c8fdff06c2a7 admin admin] Unknown version. Returning version choices. {{(pid=153399) process_request /opt/stack/glance/glance/api/middleware/version_negotiation.py:64}}
Aug 03 11:17:58 ubuntu devstack@g-api.service[153399]: [pid: 153399|app: 0|req: 3/7] 127.0.0.1 () {34 vars in 506 bytes} [Wed Aug  3 11:17:58 2022] GET / => generated 1323 bytes in 5 msecs (HTTP/1.1 300) 3 headers in 106 bytes (1 switches on core 0)
Aug 03 11:17:58 ubuntu devstack@g-api.service[153398]: DEBUG glance.api.middleware.version_negotiation [None req-306f58cd-d4e1-41cf-8a88-66eefa411ab4 admin admin] Determining version of request: GET /v2/images/75bfa107-b262-4e9a-be21-37724bc91751 Accept: */* {{(pid=153398) process_request /opt/stack/glance/glance/api/middleware/version_negotiation.py:44}}
Aug 03 11:17:58 ubuntu devstack@g-api.service[153398]: DEBUG glance.api.middleware.version_negotiation [None req-306f58cd-d4e1-41cf-8a88-66eefa411ab4 admin admin] Using url versioning {{(pid=153398) process_request /opt/stack/glance/glance/api/middleware/version_negotiation.py:57}}
Aug 03 11:17:58 ubuntu devstack@g-api.service[153398]: DEBUG glance.api.middleware.version_negotiation [None req-306f58cd-d4e1-41cf-8a88-66eefa411ab4 admin admin] Matched version: v2 {{(pid=153398) process_request /opt/stack/glance/glance/api/middleware/version_negotiation.py:69}}
Aug 03 11:17:58 ubuntu devstack@g-api.service[153398]: DEBUG glance.api.middleware.version_negotiation [None req-306f58cd-d4e1-41cf-8a88-66eefa411ab4 admin admin] new path /v2/images/75bfa107-b262-4e9a-be21-37724bc91751 {{(pid=153398) process_request /opt/stack/glance/glance/api/middleware/version_negotiation.py:70}}
Aug 03 11:17:58 ubuntu devstack@g-api.service[153398]: [pid: 153398|app: 0|req: 5/8] 127.0.0.1 () {36 vars in 789 bytes} [Wed Aug  3 11:17:58 2022] GET /v2/images/75bfa107-b262-4e9a-be21-37724bc91751 => generated 976 bytes in 375 msecs (HTTP/1.1 200) 4 headers in 157 bytes (1 switches on core 0)
Aug 03 11:18:02 ubuntu devstack@g-api.service[153399]: DEBUG glance.api.middleware.version_negotiation [None req-8dfc344a-0bc5-4690-9dfb-c8fdff06c2a7 admin admin] Determining version of request: GET / Accept: application/json {{(pid=153399) process_request /opt/stack/glance/glance/api/middleware/version_negotiation.py:44}}
Aug 03 11:18:02 ubuntu devstack@g-api.service[153399]: DEBUG glance.api.middleware.version_negotiation [None req-8dfc344a-0bc5-4690-9dfb-c8fdff06c2a7 admin admin] Using url versioning {{(pid=153399) process_request /opt/stack/glance/glance/api/middleware/version_negotiation.py:57}}
Aug 03 11:18:02 ubuntu devstack@g-api.service[153399]: DEBUG glance.api.middleware.version_negotiation [None req-8dfc344a-0bc5-4690-9dfb-c8fdff06c2a7 admin admin] Unknown version. Returning version choices. {{(pid=153399) process_request /opt/stack/glance/glance/api/middleware/version_negotiation.py:64}}
Aug 03 11:18:02 ubuntu devstack@g-api.service[153399]: [pid: 153399|app: 0|req: 4/9] 127.0.0.1 () {34 vars in 506 bytes} [Wed Aug  3 11:18:02 2022] GET / => generated 1323 bytes in 1 msecs (HTTP/1.1 300) 3 headers in 106 bytes (1 switches on core 0)
Aug 03 11:18:02 ubuntu devstack@g-api.service[153398]: DEBUG glance.api.middleware.version_negotiation [None req-ffa53f51-e8b5-43e3-b725-6f4cbe598004 admin admin] Determining version of request: GET /v2/images/75bfa107-b262-4e9a-be21-37724bc91751 Accept: */* {{(pid=153398) process_request /opt/stack/glance/glance/api/middleware/version_negotiation.py:44}}
Aug 03 11:18:02 ubuntu devstack@g-api.service[153398]: DEBUG glance.api.middleware.version_negotiation [None req-ffa53f51-e8b5-43e3-b725-6f4cbe598004 admin admin] Using url versioning {{(pid=153398) process_request /opt/stack/glance/glance/api/middleware/version_negotiation.py:57}}
Aug 03 11:18:02 ubuntu devstack@g-api.service[153398]: DEBUG glance.api.middleware.version_negotiation [None req-ffa53f51-e8b5-43e3-b725-6f4cbe598004 admin admin] Matched version: v2 {{(pid=153398) process_request /opt/stack/glance/glance/api/middleware/version_negotiation.py:69}}
Aug 03 11:18:02 ubuntu devstack@g-api.service[153398]: DEBUG glance.api.middleware.version_negotiation [None req-ffa53f51-e8b5-43e3-b725-6f4cbe598004 admin admin] new path /v2/images/75bfa107-b262-4e9a-be21-37724bc91751 {{(pid=153398) process_request /opt/stack/glance/glance/api/middleware/version_negotiation.py:70}}
Aug 03 11:18:02 ubuntu devstack@g-api.service[153398]: [pid: 153398|app: 0|req: 6/10] 127.0.0.1 () {36 vars in 789 bytes} [Wed Aug  3 11:18:02 2022] GET /v2/images/75bfa107-b262-4e9a-be21-37724bc91751 => generated 976 bytes in 301 msecs (HTTP/1.1 200) 4 headers in 157 bytes (1 switches on core 0)
Aug 03 11:18:12 ubuntu devstack@g-api.service[153398]: DEBUG dbcounter [-] [153398] Writing DB stats glance:SELECT=10 {{(pid=153398) stat_writer /usr/local/lib/python3.8/dist-packages/dbcounter.py:114}}
Aug 03 11:20:16 ubuntu devstack@g-api.service[153399]: DEBUG glance.api.middleware.version_negotiation [None req-8dfc344a-0bc5-4690-9dfb-c8fdff06c2a7 admin admin] Determining version of request: GET /v1 Accept: application/json {{(pid=153399) process_request /opt/stack/glance/glance/api/middleware/version_negotiation.py:44}}
Aug 03 11:20:16 ubuntu devstack@g-api.service[153399]: DEBUG glance.api.middleware.version_negotiation [None req-8dfc344a-0bc5-4690-9dfb-c8fdff06c2a7 admin admin] Using url versioning {{(pid=153399) process_request /opt/stack/glance/glance/api/middleware/version_negotiation.py:57}}
Aug 03 11:20:16 ubuntu devstack@g-api.service[153399]: DEBUG glance.api.middleware.version_negotiation [None req-8dfc344a-0bc5-4690-9dfb-c8fdff06c2a7 admin admin] Unknown version. Returning version choices. {{(pid=153399) process_request /opt/stack/glance/glance/api/middleware/version_negotiation.py:64}}
Aug 03 11:20:16 ubuntu devstack@g-api.service[153399]: [pid: 153399|app: 0|req: 5/11] 127.0.0.1 () {38 vars in 686 bytes} [Wed Aug  3 11:20:16 2022] GET /v1 => generated 1323 bytes in 5 msecs (HTTP/1.1 300) 3 headers in 106 bytes (1 switches on core 0)
Aug 03 11:22:31 ubuntu devstack@g-api.service[153398]: DEBUG glance.api.middleware.version_negotiation [None req-9383a6e7-542c-47f8-ba63-00606c0b2d07 admin admin] Determining version of request: GET /versions Accept: */* {{(pid=153398) process_request /opt/stack/glance/glance/api/middleware/version_negotiation.py:44}}
Aug 03 11:22:31 ubuntu devstack@g-api.service[153398]: [pid: 153398|app: 0|req: 7/12] 127.0.0.1 () {38 vars in 695 bytes} [Wed Aug  3 11:22:31 2022] GET /versions => generated 1323 bytes in 7 msecs (HTTP/1.1 200) 3 headers in 92 bytes (1 switches on core 0)
Aug 03 11:22:31 ubuntu devstack@g-api.service[153399]: DEBUG glance.api.middleware.version_negotiation [None req-8dfc344a-0bc5-4690-9dfb-c8fdff06c2a7 admin admin] Determining version of request: GET /v2/schemas/image Accept: */* {{(pid=153399) process_request /opt/stack/glance/glance/api/middleware/version_negotiation.py:44}}
Aug 03 11:22:31 ubuntu devstack@g-api.service[153399]: DEBUG glance.api.middleware.version_negotiation [None req-8dfc344a-0bc5-4690-9dfb-c8fdff06c2a7 admin admin] Using url versioning {{(pid=153399) process_request /opt/stack/glance/glance/api/middleware/version_negotiation.py:57}}
Aug 03 11:22:31 ubuntu devstack@g-api.service[153399]: DEBUG glance.api.middleware.version_negotiation [None req-8dfc344a-0bc5-4690-9dfb-c8fdff06c2a7 admin admin] Matched version: v2 {{(pid=153399) process_request /opt/stack/glance/glance/api/middleware/version_negotiation.py:69}}
Aug 03 11:22:31 ubuntu devstack@g-api.service[153399]: DEBUG glance.api.middleware.version_negotiation [None req-8dfc344a-0bc5-4690-9dfb-c8fdff06c2a7 admin admin] new path /v2/schemas/image {{(pid=153399) process_request /opt/stack/glance/glance/api/middleware/version_negotiation.py:70}}
Aug 03 11:22:32 ubuntu devstack@g-api.service[153399]: [pid: 153399|app: 0|req: 6/13] 127.0.0.1 () {38 vars in 711 bytes} [Wed Aug  3 11:22:31 2022] GET /v2/schemas/image => generated 6083 bytes in 145 msecs (HTTP/1.1 200) 4 headers in 158 bytes (1 switches on core 0)
Aug 03 11:22:32 ubuntu devstack@g-api.service[153398]: DEBUG glance.api.middleware.version_negotiation [None req-9383a6e7-542c-47f8-ba63-00606c0b2d07 admin admin] Determining version of request: GET /v2/schemas/metadefs/namespace Accept: */* {{(pid=153398) process_request /opt/stack/glance/glance/api/middleware/version_negotiation.py:44}}
Aug 03 11:22:32 ubuntu devstack@g-api.service[153398]: DEBUG glance.api.middleware.version_negotiation [None req-9383a6e7-542c-47f8-ba63-00606c0b2d07 admin admin] Using url versioning {{(pid=153398) process_request /opt/stack/glance/glance/api/middleware/version_negotiation.py:57}}
Aug 03 11:22:32 ubuntu devstack@g-api.service[153398]: DEBUG glance.api.middleware.version_negotiation [None req-9383a6e7-542c-47f8-ba63-00606c0b2d07 admin admin] Matched version: v2 {{(pid=153398) process_request /opt/stack/glance/glance/api/middleware/version_negotiation.py:69}}
Aug 03 11:22:32 ubuntu devstack@g-api.service[153398]: DEBUG glance.api.middleware.version_negotiation [None req-9383a6e7-542c-47f8-ba63-00606c0b2d07 admin admin] new path /v2/schemas/metadefs/namespace {{(pid=153398) process_request /opt/stack/glance/glance/api/middleware/version_negotiation.py:70}}
Aug 03 11:22:32 ubuntu devstack@g-api.service[153398]: [pid: 153398|app: 0|req: 8/14] 127.0.0.1 () {38 vars in 737 bytes} [Wed Aug  3 11:22:32 2022] GET /v2/schemas/metadefs/namespace => generated 3100 bytes in 7 msecs (HTTP/1.1 200) 4 headers in 158 bytes (1 switches on core 0)
Aug 03 11:22:32 ubuntu devstack@g-api.service[153399]: DEBUG glance.api.middleware.version_negotiation [None req-ae355510-1ef4-4936-8a8b-d42041c9253e admin admin] Determining version of request: GET /v2/schemas/metadefs/resource_type Accept: */* {{(pid=153399) process_request /opt/stack/glance/glance/api/middleware/version_negotiation.py:44}}
Aug 03 11:22:32 ubuntu devstack@g-api.service[153399]: DEBUG glance.api.middleware.version_negotiation [None req-ae355510-1ef4-4936-8a8b-d42041c9253e admin admin] Using url versioning {{(pid=153399) process_request /opt/stack/glance/glance/api/middleware/version_negotiation.py:57}}
Aug 03 11:22:32 ubuntu devstack@g-api.service[153399]: DEBUG glance.api.middleware.version_negotiation [None req-ae355510-1ef4-4936-8a8b-d42041c9253e admin admin] Matched version: v2 {{(pid=153399) process_request /opt/stack/glance/glance/api/middleware/version_negotiation.py:69}}
Aug 03 11:22:32 ubuntu devstack@g-api.service[153399]: DEBUG glance.api.middleware.version_negotiation [None req-ae355510-1ef4-4936-8a8b-d42041c9253e admin admin] new path /v2/schemas/metadefs/resource_type {{(pid=153399) process_request /opt/stack/glance/glance/api/middleware/version_negotiation.py:70}}
Aug 03 11:22:32 ubuntu devstack@g-api.service[153399]: [pid: 153399|app: 0|req: 7/15] 127.0.0.1 () {38 vars in 745 bytes} [Wed Aug  3 11:22:32 2022] GET /v2/schemas/metadefs/resource_type => generated 1260 bytes in 9 msecs (HTTP/1.1 200) 4 headers in 158 bytes (1 switches on core 0)
Aug 03 11:22:32 ubuntu devstack@g-api.service[153398]: DEBUG glance.api.middleware.version_negotiation [None req-6355aff6-2234-4048-8f99-49a6d34af2c8 admin admin] Determining version of request: GET /v2/images Accept: */* {{(pid=153398) process_request /opt/stack/glance/glance/api/middleware/version_negotiation.py:44}}
Aug 03 11:22:32 ubuntu devstack@g-api.service[153398]: DEBUG glance.api.middleware.version_negotiation [None req-6355aff6-2234-4048-8f99-49a6d34af2c8 admin admin] Using url versioning {{(pid=153398) process_request /opt/stack/glance/glance/api/middleware/version_negotiation.py:57}}
Aug 03 11:22:32 ubuntu devstack@g-api.service[153398]: DEBUG glance.api.middleware.version_negotiation [None req-6355aff6-2234-4048-8f99-49a6d34af2c8 admin admin] Matched version: v2 {{(pid=153398) process_request /opt/stack/glance/glance/api/middleware/version_negotiation.py:69}}
Aug 03 11:22:32 ubuntu devstack@g-api.service[153398]: DEBUG glance.api.middleware.version_negotiation [None req-6355aff6-2234-4048-8f99-49a6d34af2c8 admin admin] new path /v2/images {{(pid=153398) process_request /opt/stack/glance/glance/api/middleware/version_negotiation.py:70}}
Aug 03 11:22:32 ubuntu devstack@g-api.service[153398]: [pid: 153398|app: 0|req: 9/16] 127.0.0.1 () {38 vars in 768 bytes} [Wed Aug  3 11:22:32 2022] GET /v2/images?limit=20&sort_key=name&sort_dir=asc => generated 1081 bytes in 98 msecs (HTTP/1.1 200) 4 headers in 158 bytes (1 switches on core 0)
Aug 03 11:22:32 ubuntu devstack@g-api.service[153399]: DEBUG glance.api.middleware.version_negotiation [None req-082241f4-d8b0-4490-8844-e39338e798a0 admin admin] Determining version of request: GET /v2/schemas/image Accept: */* {{(pid=153399) process_request /opt/stack/glance/glance/api/middleware/version_negotiation.py:44}}
Aug 03 11:22:32 ubuntu devstack@g-api.service[153399]: DEBUG glance.api.middleware.version_negotiation [None req-082241f4-d8b0-4490-8844-e39338e798a0 admin admin] Using url versioning {{(pid=153399) process_request /opt/stack/glance/glance/api/middleware/version_negotiation.py:57}}
Aug 03 11:22:32 ubuntu devstack@g-api.service[153399]: DEBUG glance.api.middleware.version_negotiation [None req-082241f4-d8b0-4490-8844-e39338e798a0 admin admin] Matched version: v2 {{(pid=153399) process_request /opt/stack/glance/glance/api/middleware/version_negotiation.py:69}}
Aug 03 11:22:32 ubuntu devstack@g-api.service[153399]: DEBUG glance.api.middleware.version_negotiation [None req-082241f4-d8b0-4490-8844-e39338e798a0 admin admin] new path /v2/schemas/image {{(pid=153399) process_request /opt/stack/glance/glance/api/middleware/version_negotiation.py:70}}
Aug 03 11:22:32 ubuntu devstack@g-api.service[153399]: [pid: 153399|app: 0|req: 8/17] 127.0.0.1 () {38 vars in 711 bytes} [Wed Aug  3 11:22:32 2022] GET /v2/schemas/image => generated 6083 bytes in 4 msecs (HTTP/1.1 200) 4 headers in 158 bytes (1 switches on core 0)
Aug 03 11:22:42 ubuntu devstack@g-api.service[153398]: DEBUG dbcounter [-] [153398] Writing DB stats glance:SELECT=2 {{(pid=153398) stat_writer /usr/local/lib/python3.8/dist-packages/dbcounter.py:114}}
Aug 03 11:22:46 ubuntu devstack@g-api.service[153398]: DEBUG glance.api.middleware.version_negotiation [None req-1e54e540-22c0-4d70-8a20-e7278b018319 admin admin] Determining version of request: GET / Accept: application/json {{(pid=153398) process_request /opt/stack/glance/glance/api/middleware/version_negotiation.py:44}}
Aug 03 11:22:46 ubuntu devstack@g-api.service[153398]: DEBUG glance.api.middleware.version_negotiation [None req-1e54e540-22c0-4d70-8a20-e7278b018319 admin admin] Using url versioning {{(pid=153398) process_request /opt/stack/glance/glance/api/middleware/version_negotiation.py:57}}
Aug 03 11:22:46 ubuntu devstack@g-api.service[153398]: DEBUG glance.api.middleware.version_negotiation [None req-1e54e540-22c0-4d70-8a20-e7278b018319 admin admin] Unknown version. Returning version choices. {{(pid=153398) process_request /opt/stack/glance/glance/api/middleware/version_negotiation.py:64}}
Aug 03 11:22:46 ubuntu devstack@g-api.service[153398]: [pid: 153398|app: 0|req: 10/18] 127.0.0.1 () {34 vars in 492 bytes} [Wed Aug  3 11:22:46 2022] GET / => generated 1323 bytes in 4 msecs (HTTP/1.1 300) 3 headers in 106 bytes (1 switches on core 0)
Aug 03 11:22:46 ubuntu devstack@g-api.service[153399]: DEBUG glance.api.middleware.version_negotiation [None req-4e1b7247-a38d-4222-af78-f133afb13362 admin admin] Determining version of request: GET /v2/images/75bfa107-b262-4e9a-be21-37724bc91751 Accept: */* {{(pid=153399) process_request /opt/stack/glance/glance/api/middleware/version_negotiation.py:44}}
Aug 03 11:22:46 ubuntu devstack@g-api.service[153399]: DEBUG glance.api.middleware.version_negotiation [None req-4e1b7247-a38d-4222-af78-f133afb13362 admin admin] Using url versioning {{(pid=153399) process_request /opt/stack/glance/glance/api/middleware/version_negotiation.py:57}}
Aug 03 11:22:46 ubuntu devstack@g-api.service[153399]: DEBUG glance.api.middleware.version_negotiation [None req-4e1b7247-a38d-4222-af78-f133afb13362 admin admin] Matched version: v2 {{(pid=153399) process_request /opt/stack/glance/glance/api/middleware/version_negotiation.py:69}}
Aug 03 11:22:46 ubuntu devstack@g-api.service[153399]: DEBUG glance.api.middleware.version_negotiation [None req-4e1b7247-a38d-4222-af78-f133afb13362 admin admin] new path /v2/images/75bfa107-b262-4e9a-be21-37724bc91751 {{(pid=153399) process_request /opt/stack/glance/glance/api/middleware/version_negotiation.py:70}}
Aug 03 11:22:46 ubuntu devstack@g-api.service[153399]: WARNING keystonemiddleware.auth_token [None req-4e1b7247-a38d-4222-af78-f133afb13362 admin admin] A valid token was submitted as a service token, but it was not a valid service token. This is incorrect but backwards compatible behaviour. This will be removed in future releases.
Aug 03 11:22:46 ubuntu devstack@g-api.service[153399]: [pid: 153399|app: 0|req: 9/19] 127.0.0.1 () {42 vars in 1049 bytes} [Wed Aug  3 11:22:46 2022] GET /v2/images/75bfa107-b262-4e9a-be21-37724bc91751 => generated 976 bytes in 125 msecs (HTTP/1.1 200) 4 headers in 157 bytes (1 switches on core 0)
Aug 03 11:22:46 ubuntu devstack@g-api.service[153398]: DEBUG glance.api.middleware.version_negotiation [None req-1e54e540-22c0-4d70-8a20-e7278b018319 admin admin] Determining version of request: GET /v2/schemas/image Accept: */* {{(pid=153398) process_request /opt/stack/glance/glance/api/middleware/version_negotiation.py:44}}
Aug 03 11:22:46 ubuntu devstack@g-api.service[153398]: DEBUG glance.api.middleware.version_negotiation [None req-1e54e540-22c0-4d70-8a20-e7278b018319 admin admin] Using url versioning {{(pid=153398) process_request /opt/stack/glance/glance/api/middleware/version_negotiation.py:57}}
Aug 03 11:22:46 ubuntu devstack@g-api.service[153398]: DEBUG glance.api.middleware.version_negotiation [None req-1e54e540-22c0-4d70-8a20-e7278b018319 admin admin] Matched version: v2 {{(pid=153398) process_request /opt/stack/glance/glance/api/middleware/version_negotiation.py:69}}
Aug 03 11:22:46 ubuntu devstack@g-api.service[153398]: DEBUG glance.api.middleware.version_negotiation [None req-1e54e540-22c0-4d70-8a20-e7278b018319 admin admin] new path /v2/schemas/image {{(pid=153398) process_request /opt/stack/glance/glance/api/middleware/version_negotiation.py:70}}
Aug 03 11:22:46 ubuntu devstack@g-api.service[153398]: WARNING keystonemiddleware.auth_token [None req-1e54e540-22c0-4d70-8a20-e7278b018319 admin admin] A valid token was submitted as a service token, but it was not a valid service token. This is incorrect but backwards compatible behaviour. This will be removed in future releases.
Aug 03 11:22:46 ubuntu devstack@g-api.service[153398]: [pid: 153398|app: 0|req: 11/20] 127.0.0.1 () {42 vars in 989 bytes} [Wed Aug  3 11:22:46 2022] GET /v2/schemas/image => generated 6083 bytes in 8 msecs (HTTP/1.1 200) 4 headers in 158 bytes (1 switches on core 0)
Aug 03 11:22:48 ubuntu devstack@g-api.service[153399]: DEBUG glance.api.middleware.version_negotiation [None req-63ae13ec-5d31-4794-b78a-de867f940f27 tempest-VolumesAdminNegativeTest-1192319301 tempest-VolumesAdminNegativeTest-1192319301-project] Determining version of request: GET /v2/images/75bfa107-b262-4e9a-be21-37724bc91751 Accept: */* {{(pid=153399) process_request /opt/stack/glance/glance/api/middleware/version_negotiation.py:44}}
Aug 03 11:22:48 ubuntu devstack@g-api.service[153399]: DEBUG glance.api.middleware.version_negotiation [None req-63ae13ec-5d31-4794-b78a-de867f940f27 tempest-VolumesAdminNegativeTest-1192319301 tempest-VolumesAdminNegativeTest-1192319301-project] Using url versioning {{(pid=153399) process_request /opt/stack/glance/glance/api/middleware/version_negotiation.py:57}}
Aug 03 11:22:48 ubuntu devstack@g-api.service[153399]: DEBUG glance.api.middleware.version_negotiation [None req-63ae13ec-5d31-4794-b78a-de867f940f27 tempest-VolumesAdminNegativeTest-1192319301 tempest-VolumesAdminNegativeTest-1192319301-project] Matched version: v2 {{(pid=153399) process_request /opt/stack/glance/glance/api/middleware/version_negotiation.py:69}}
Aug 03 11:22:48 ubuntu devstack@g-api.service[153399]: DEBUG glance.api.middleware.version_negotiation [None req-63ae13ec-5d31-4794-b78a-de867f940f27 tempest-VolumesAdminNegativeTest-1192319301 tempest-VolumesAdminNegativeTest-1192319301-project] new path /v2/images/75bfa107-b262-4e9a-be21-37724bc91751 {{(pid=153399) process_request /opt/stack/glance/glance/api/middleware/version_negotiation.py:70}}
Aug 03 11:22:48 ubuntu devstack@g-api.service[153399]: [pid: 153399|app: 0|req: 10/21] 127.0.0.1 () {42 vars in 1049 bytes} [Wed Aug  3 11:22:48 2022] GET /v2/images/75bfa107-b262-4e9a-be21-37724bc91751 => generated 976 bytes in 20 msecs (HTTP/1.1 200) 4 headers in 157 bytes (1 switches on core 0)
Aug 03 11:22:48 ubuntu devstack@g-api.service[153398]: DEBUG glance.api.middleware.version_negotiation [None req-63ae13ec-5d31-4794-b78a-de867f940f27 tempest-VolumesAdminNegativeTest-1192319301 tempest-VolumesAdminNegativeTest-1192319301-project] Determining version of request: GET /v2/images/75bfa107-b262-4e9a-be21-37724bc91751/file Accept: */* {{(pid=153398) process_request /opt/stack/glance/glance/api/middleware/version_negotiation.py:44}}
Aug 03 11:22:48 ubuntu devstack@g-api.service[153398]: DEBUG glance.api.middleware.version_negotiation [None req-63ae13ec-5d31-4794-b78a-de867f940f27 tempest-VolumesAdminNegativeTest-1192319301 tempest-VolumesAdminNegativeTest-1192319301-project] Using url versioning {{(pid=153398) process_request /opt/stack/glance/glance/api/middleware/version_negotiation.py:57}}
Aug 03 11:22:48 ubuntu devstack@g-api.service[153398]: DEBUG glance.api.middleware.version_negotiation [None req-63ae13ec-5d31-4794-b78a-de867f940f27 tempest-VolumesAdminNegativeTest-1192319301 tempest-VolumesAdminNegativeTest-1192319301-project] Matched version: v2 {{(pid=153398) process_request /opt/stack/glance/glance/api/middleware/version_negotiation.py:69}}
Aug 03 11:22:48 ubuntu devstack@g-api.service[153398]: DEBUG glance.api.middleware.version_negotiation [None req-63ae13ec-5d31-4794-b78a-de867f940f27 tempest-VolumesAdminNegativeTest-1192319301 tempest-VolumesAdminNegativeTest-1192319301-project] new path /v2/images/75bfa107-b262-4e9a-be21-37724bc91751/file {{(pid=153398) process_request /opt/stack/glance/glance/api/middleware/version_negotiation.py:70}}
Aug 03 11:22:48 ubuntu devstack@g-api.service[153398]: DEBUG glance_store.backend [None req-63ae13ec-5d31-4794-b78a-de867f940f27 tempest-VolumesAdminNegativeTest-1192319301 tempest-VolumesAdminNegativeTest-1192319301-project] Attempting to import store swift {{(pid=153398) _load_store /usr/local/lib/python3.8/dist-packages/glance_store/backend.py:216}}
Aug 03 11:22:48 ubuntu devstack@g-api.service[153398]: DEBUG glance_store.capabilities [None req-63ae13ec-5d31-4794-b78a-de867f940f27 tempest-VolumesAdminNegativeTest-1192319301 tempest-VolumesAdminNegativeTest-1192319301-project] Store glance_store._drivers.swift.store.SingleTenantStore doesn't support updating dynamic storage capabilities. Please overwrite 'update_capabilities' method of the store to implement updating logics if needed. {{(pid=153398) update_capabilities /usr/local/lib/python3.8/dist-packages/glance_store/capabilities.py:91}}
Aug 03 11:22:48 ubuntu devstack@g-api.service[153398]: DEBUG glance_store.driver [None req-63ae13ec-5d31-4794-b78a-de867f940f27 tempest-VolumesAdminNegativeTest-1192319301 tempest-VolumesAdminNegativeTest-1192319301-project] Late loading location class glance_store._drivers.swift.store.StoreLocation {{(pid=153398) get_store_location_class /usr/local/lib/python3.8/dist-packages/glance_store/driver.py:116}}
Aug 03 11:22:48 ubuntu devstack@g-api.service[153398]: DEBUG glance_store.location [None req-63ae13ec-5d31-4794-b78a-de867f940f27 tempest-VolumesAdminNegativeTest-1192319301 tempest-VolumesAdminNegativeTest-1192319301-project] Registering scheme swift+https with {'store': <glance_store._drivers.swift.store.SingleTenantStore object at 0x7f1f99d6ee20>, 'location_class': <class 'glance_store._drivers.swift.store.StoreLocation'>, 'store_entry': 'swift'} {{(pid=153398) register_scheme_map /usr/local/lib/python3.8/dist-packages/glance_store/location.py:146}}
Aug 03 11:22:48 ubuntu devstack@g-api.service[153398]: DEBUG glance_store.location [None req-63ae13ec-5d31-4794-b78a-de867f940f27 tempest-VolumesAdminNegativeTest-1192319301 tempest-VolumesAdminNegativeTest-1192319301-project] Registering scheme swift+https with {'store': <glance_store._drivers.swift.store.SingleTenantStore object at 0x7f1f99d6ee20>, 'location_class': <class 'glance_store._drivers.swift.store.StoreLocation'>, 'store_entry': 'swift'} {{(pid=153398) register_scheme_map /usr/local/lib/python3.8/dist-packages/glance_store/location.py:146}}
Aug 03 11:22:48 ubuntu devstack@g-api.service[153398]: DEBUG glance_store.location [None req-63ae13ec-5d31-4794-b78a-de867f940f27 tempest-VolumesAdminNegativeTest-1192319301 tempest-VolumesAdminNegativeTest-1192319301-project] Registering scheme swift with {'store': <glance_store._drivers.swift.store.SingleTenantStore object at 0x7f1f99d6ee20>, 'location_class': <class 'glance_store._drivers.swift.store.StoreLocation'>, 'store_entry': 'swift'} {{(pid=153398) register_scheme_map /usr/local/lib/python3.8/dist-packages/glance_store/location.py:146}}
Aug 03 11:22:48 ubuntu devstack@g-api.service[153398]: DEBUG glance_store.location [None req-63ae13ec-5d31-4794-b78a-de867f940f27 tempest-VolumesAdminNegativeTest-1192319301 tempest-VolumesAdminNegativeTest-1192319301-project] Registering scheme swift+https with {'store': <glance_store._drivers.swift.store.SingleTenantStore object at 0x7f1f99d6ee20>, 'location_class': <class 'glance_store._drivers.swift.store.StoreLocation'>, 'store_entry': 'swift'} {{(pid=153398) register_scheme_map /usr/local/lib/python3.8/dist-packages/glance_store/location.py:146}}
Aug 03 11:22:48 ubuntu devstack@g-api.service[153398]: DEBUG glance_store.location [None req-63ae13ec-5d31-4794-b78a-de867f940f27 tempest-VolumesAdminNegativeTest-1192319301 tempest-VolumesAdminNegativeTest-1192319301-project] Registering scheme swift with {'store': <glance_store._drivers.swift.store.SingleTenantStore object at 0x7f1f99d6ee20>, 'location_class': <class 'glance_store._drivers.swift.store.StoreLocation'>, 'store_entry': 'swift'} {{(pid=153398) register_scheme_map /usr/local/lib/python3.8/dist-packages/glance_store/location.py:146}}
Aug 03 11:22:48 ubuntu devstack@g-api.service[153398]: DEBUG glance_store.location [None req-63ae13ec-5d31-4794-b78a-de867f940f27 tempest-VolumesAdminNegativeTest-1192319301 tempest-VolumesAdminNegativeTest-1192319301-project] Registering scheme swift+http with {'store': <glance_store._drivers.swift.store.SingleTenantStore object at 0x7f1f99d6ee20>, 'location_class': <class 'glance_store._drivers.swift.store.StoreLocation'>, 'store_entry': 'swift'} {{(pid=153398) register_scheme_map /usr/local/lib/python3.8/dist-packages/glance_store/location.py:146}}
Aug 03 11:22:48 ubuntu devstack@g-api.service[153398]: DEBUG glance_store.location [None req-63ae13ec-5d31-4794-b78a-de867f940f27 tempest-VolumesAdminNegativeTest-1192319301 tempest-VolumesAdminNegativeTest-1192319301-project] Registering scheme swift+https with {'store': <glance_store._drivers.swift.store.SingleTenantStore object at 0x7f1f99d6ee20>, 'location_class': <class 'glance_store._drivers.swift.store.StoreLocation'>, 'store_entry': 'swift'} {{(pid=153398) register_scheme_map /usr/local/lib/python3.8/dist-packages/glance_store/location.py:146}}
Aug 03 11:22:48 ubuntu devstack@g-api.service[153398]: DEBUG glance_store.location [None req-63ae13ec-5d31-4794-b78a-de867f940f27 tempest-VolumesAdminNegativeTest-1192319301 tempest-VolumesAdminNegativeTest-1192319301-project] Registering scheme swift with {'store': <glance_store._drivers.swift.store.SingleTenantStore object at 0x7f1f99d6ee20>, 'location_class': <class 'glance_store._drivers.swift.store.StoreLocation'>, 'store_entry': 'swift'} {{(pid=153398) register_scheme_map /usr/local/lib/python3.8/dist-packages/glance_store/location.py:146}}
Aug 03 11:22:48 ubuntu devstack@g-api.service[153398]: DEBUG glance_store.location [None req-63ae13ec-5d31-4794-b78a-de867f940f27 tempest-VolumesAdminNegativeTest-1192319301 tempest-VolumesAdminNegativeTest-1192319301-project] Registering scheme swift+http with {'store': <glance_store._drivers.swift.store.SingleTenantStore object at 0x7f1f99d6ee20>, 'location_class': <class 'glance_store._drivers.swift.store.StoreLocation'>, 'store_entry': 'swift'} {{(pid=153398) register_scheme_map /usr/local/lib/python3.8/dist-packages/glance_store/location.py:146}}
Aug 03 11:22:48 ubuntu devstack@g-api.service[153398]: DEBUG glance_store.location [None req-63ae13ec-5d31-4794-b78a-de867f940f27 tempest-VolumesAdminNegativeTest-1192319301 tempest-VolumesAdminNegativeTest-1192319301-project] Registering scheme swift+config with {'store': <glance_store._drivers.swift.store.SingleTenantStore object at 0x7f1f99d6ee20>, 'location_class': <class 'glance_store._drivers.swift.store.StoreLocation'>, 'store_entry': 'swift'} {{(pid=153398) register_scheme_map /usr/local/lib/python3.8/dist-packages/glance_store/location.py:146}}
Aug 03 11:22:49 ubuntu devstack@g-api.service[153398]: DEBUG swiftclient [None req-63ae13ec-5d31-4794-b78a-de867f940f27 tempest-VolumesAdminNegativeTest-1192319301 tempest-VolumesAdminNegativeTest-1192319301-project] REQ: curl -i http://192.168.79.45:8080/v1/AUTH_23bde6e318b2416c8f82065113b62921/glance/75bfa107-b262-4e9a-be21-37724bc91751 -X GET -H "X-Auth-Token: gAAAAABi6lqIS5QA..." {{(pid=153398) http_log /usr/local/lib/python3.8/dist-packages/swiftclient/client.py:157}}
Aug 03 11:22:49 ubuntu devstack@g-api.service[153398]: DEBUG swiftclient [None req-63ae13ec-5d31-4794-b78a-de867f940f27 tempest-VolumesAdminNegativeTest-1192319301 tempest-VolumesAdminNegativeTest-1192319301-project] RESP STATUS: 200 OK {{(pid=153398) http_log /usr/local/lib/python3.8/dist-packages/swiftclient/client.py:158}}
Aug 03 11:22:49 ubuntu devstack@g-api.service[153398]: DEBUG swiftclient [None req-63ae13ec-5d31-4794-b78a-de867f940f27 tempest-VolumesAdminNegativeTest-1192319301 tempest-VolumesAdminNegativeTest-1192319301-project] RESP HEADERS: {'Content-Type': 'application/octet-stream', 'Etag': '1d3062cd89af34e419f7100277f38b2b', 'Last-Modified': 'Wed, 03 Aug 2022 11:17:07 GMT', 'X-Timestamp': '1659525426.23606', 'Accept-Ranges': 'bytes', 'Content-Length': '16338944', 'X-Trans-Id': 'txe7f3210ef05a476fbead8-0062ea5a88', 'X-Openstack-Request-Id': 'txe7f3210ef05a476fbead8-0062ea5a88', 'Date': 'Wed, 03 Aug 2022 11:22:49 GMT'} {{(pid=153398) http_log /usr/local/lib/python3.8/dist-packages/swiftclient/client.py:159}}
Aug 03 11:22:49 ubuntu devstack@g-api.service[153398]: DEBUG glance.image_cache [None req-63ae13ec-5d31-4794-b78a-de867f940f27 tempest-VolumesAdminNegativeTest-1192319301 tempest-VolumesAdminNegativeTest-1192319301-project] Tee'ing image '75bfa107-b262-4e9a-be21-37724bc91751' into cache {{(pid=153398) get_caching_iter /opt/stack/glance/glance/image_cache/__init__.py:343}}
Aug 03 11:22:49 ubuntu devstack@g-api.service[153398]: DEBUG glance.image_cache.drivers.sqlite [None req-63ae13ec-5d31-4794-b78a-de867f940f27 tempest-VolumesAdminNegativeTest-1192319301 tempest-VolumesAdminNegativeTest-1192319301-project] Fetch finished, moving '/opt/stack/data/glance/cache/incomplete/75bfa107-b262-4e9a-be21-37724bc91751' to '/opt/stack/data/glance/cache/75bfa107-b262-4e9a-be21-37724bc91751' {{(pid=153398) commit /opt/stack/glance/glance/image_cache/drivers/sqlite.py:324}}
Aug 03 11:22:49 ubuntu devstack@g-api.service[153398]: [pid: 153398|app: 0|req: 12/22] 127.0.0.1 () {42 vars in 1059 bytes} [Wed Aug  3 11:22:48 2022] GET /v2/images/75bfa107-b262-4e9a-be21-37724bc91751/file => generated 16338944 bytes in 433 msecs (HTTP/1.1 200) 4 headers in 191 bytes (250 switches on core 0)
Aug 03 11:22:58 ubuntu devstack@g-api.service[153399]: DEBUG dbcounter [-] [153399] Writing DB stats glance:SELECT=8 {{(pid=153399) stat_writer /usr/local/lib/python3.8/dist-packages/dbcounter.py:114}}
Aug 03 11:22:59 ubuntu devstack@g-api.service[153398]: DEBUG dbcounter [-] [153398] Writing DB stats glance:SELECT=8 {{(pid=153398) stat_writer /usr/local/lib/python3.8/dist-packages/dbcounter.py:114}}
Aug 03 11:23:15 ubuntu devstack@g-api.service[153399]: DEBUG glance.api.middleware.version_negotiation [None req-63ae13ec-5d31-4794-b78a-de867f940f27 tempest-VolumesAdminNegativeTest-1192319301 tempest-VolumesAdminNegativeTest-1192319301-project] Determining version of request: GET / Accept: application/json {{(pid=153399) process_request /opt/stack/glance/glance/api/middleware/version_negotiation.py:44}}
Aug 03 11:23:15 ubuntu devstack@g-api.service[153399]: DEBUG glance.api.middleware.version_negotiation [None req-63ae13ec-5d31-4794-b78a-de867f940f27 tempest-VolumesAdminNegativeTest-1192319301 tempest-VolumesAdminNegativeTest-1192319301-project] Using url versioning {{(pid=153399) process_request /opt/stack/glance/glance/api/middleware/version_negotiation.py:57}}
Aug 03 11:23:15 ubuntu devstack@g-api.service[153399]: DEBUG glance.api.middleware.version_negotiation [None req-63ae13ec-5d31-4794-b78a-de867f940f27 tempest-VolumesAdminNegativeTest-1192319301 tempest-VolumesAdminNegativeTest-1192319301-project] Unknown version. Returning version choices. {{(pid=153399) process_request /opt/stack/glance/glance/api/middleware/version_negotiation.py:64}}
Aug 03 11:23:15 ubuntu devstack@g-api.service[153399]: [pid: 153399|app: 0|req: 11/23] 127.0.0.1 () {34 vars in 492 bytes} [Wed Aug  3 11:23:15 2022] GET / => generated 1323 bytes in 4 msecs (HTTP/1.1 300) 3 headers in 106 bytes (1 switches on core 0)
Aug 03 11:23:15 ubuntu devstack@g-api.service[153398]: DEBUG glance.api.middleware.version_negotiation [None req-63ae13ec-5d31-4794-b78a-de867f940f27 tempest-VolumesAdminNegativeTest-1192319301 tempest-VolumesAdminNegativeTest-1192319301-project] Determining version of request: GET /v2/images/75bfa107-b262-4e9a-be21-37724bc91751 Accept: */* {{(pid=153398) process_request /opt/stack/glance/glance/api/middleware/version_negotiation.py:44}}
Aug 03 11:23:15 ubuntu devstack@g-api.service[153398]: DEBUG glance.api.middleware.version_negotiation [None req-63ae13ec-5d31-4794-b78a-de867f940f27 tempest-VolumesAdminNegativeTest-1192319301 tempest-VolumesAdminNegativeTest-1192319301-project] Using url versioning {{(pid=153398) process_request /opt/stack/glance/glance/api/middleware/version_negotiation.py:57}}
Aug 03 11:23:15 ubuntu devstack@g-api.service[153398]: DEBUG glance.api.middleware.version_negotiation [None req-63ae13ec-5d31-4794-b78a-de867f940f27 tempest-VolumesAdminNegativeTest-1192319301 tempest-VolumesAdminNegativeTest-1192319301-project] Matched version: v2 {{(pid=153398) process_request /opt/stack/glance/glance/api/middleware/version_negotiation.py:69}}
Aug 03 11:23:15 ubuntu devstack@g-api.service[153398]: DEBUG glance.api.middleware.version_negotiation [None req-63ae13ec-5d31-4794-b78a-de867f940f27 tempest-VolumesAdminNegativeTest-1192319301 tempest-VolumesAdminNegativeTest-1192319301-project] new path /v2/images/75bfa107-b262-4e9a-be21-37724bc91751 {{(pid=153398) process_request /opt/stack/glance/glance/api/middleware/version_negotiation.py:70}}
Aug 03 11:23:15 ubuntu devstack@g-api.service[153398]: [pid: 153398|app: 0|req: 13/24] 127.0.0.1 () {42 vars in 1049 bytes} [Wed Aug  3 11:23:15 2022] GET /v2/images/75bfa107-b262-4e9a-be21-37724bc91751 => generated 976 bytes in 26 msecs (HTTP/1.1 200) 4 headers in 157 bytes (1 switches on core 0)
Aug 03 11:23:15 ubuntu devstack@g-api.service[153399]: DEBUG glance.api.middleware.version_negotiation [None req-63ae13ec-5d31-4794-b78a-de867f940f27 tempest-VolumesAdminNegativeTest-1192319301 tempest-VolumesAdminNegativeTest-1192319301-project] Determining version of request: GET /v2/schemas/image Accept: */* {{(pid=153399) process_request /opt/stack/glance/glance/api/middleware/version_negotiation.py:44}}
Aug 03 11:23:15 ubuntu devstack@g-api.service[153399]: DEBUG glance.api.middleware.version_negotiation [None req-63ae13ec-5d31-4794-b78a-de867f940f27 tempest-VolumesAdminNegativeTest-1192319301 tempest-VolumesAdminNegativeTest-1192319301-project] Using url versioning {{(pid=153399) process_request /opt/stack/glance/glance/api/middleware/version_negotiation.py:57}}
Aug 03 11:23:15 ubuntu devstack@g-api.service[153399]: DEBUG glance.api.middleware.version_negotiation [None req-63ae13ec-5d31-4794-b78a-de867f940f27 tempest-VolumesAdminNegativeTest-1192319301 tempest-VolumesAdminNegativeTest-1192319301-project] Matched version: v2 {{(pid=153399) process_request /opt/stack/glance/glance/api/middleware/version_negotiation.py:69}}
Aug 03 11:23:15 ubuntu devstack@g-api.service[153399]: DEBUG glance.api.middleware.version_negotiation [None req-63ae13ec-5d31-4794-b78a-de867f940f27 tempest-VolumesAdminNegativeTest-1192319301 tempest-VolumesAdminNegativeTest-1192319301-project] new path /v2/schemas/image {{(pid=153399) process_request /opt/stack/glance/glance/api/middleware/version_negotiation.py:70}}
Aug 03 11:23:15 ubuntu devstack@g-api.service[153399]: [pid: 153399|app: 0|req: 12/25] 127.0.0.1 () {42 vars in 989 bytes} [Wed Aug  3 11:23:15 2022] GET /v2/schemas/image => generated 6083 bytes in 10 msecs (HTTP/1.1 200) 4 headers in 158 bytes (1 switches on core 0)
Aug 03 11:23:25 ubuntu devstack@g-api.service[153398]: DEBUG dbcounter [-] [153398] Writing DB stats glance:SELECT=4 {{(pid=153398) stat_writer /usr/local/lib/python3.8/dist-packages/dbcounter.py:114}}
Aug 03 11:23:44 ubuntu devstack@g-api.service[153398]: DEBUG glance.api.middleware.version_negotiation [None req-fc8df864-66ce-4329-88f3-cf864e95a054 tempest-DeleteServersTestJSON-861970958 tempest-DeleteServersTestJSON-861970958-project] Determining version of request: GET /v2/images/75bfa107-b262-4e9a-be21-37724bc91751 Accept: */* {{(pid=153398) process_request /opt/stack/glance/glance/api/middleware/version_negotiation.py:44}}
Aug 03 11:23:44 ubuntu devstack@g-api.service[153398]: DEBUG glance.api.middleware.version_negotiation [None req-fc8df864-66ce-4329-88f3-cf864e95a054 tempest-DeleteServersTestJSON-861970958 tempest-DeleteServersTestJSON-861970958-project] Using url versioning {{(pid=153398) process_request /opt/stack/glance/glance/api/middleware/version_negotiation.py:57}}
Aug 03 11:23:44 ubuntu devstack@g-api.service[153398]: DEBUG glance.api.middleware.version_negotiation [None req-fc8df864-66ce-4329-88f3-cf864e95a054 tempest-DeleteServersTestJSON-861970958 tempest-DeleteServersTestJSON-861970958-project] Matched version: v2 {{(pid=153398) process_request /opt/stack/glance/glance/api/middleware/version_negotiation.py:69}}
