Jul 05 02:09:16 ubuntu devstack@g-api.service[124342]: DEBUG glance_store.backend [None req-402c7762-76f5-42e6-a213-a7c1cdfe6ec7 admin admin] Attempting to import store swift {{(pid=124342) _load_store /usr/local/lib/python3.8/dist-packages/glance_store/backend.py:217}}
Jul 05 02:09:16 ubuntu devstack@g-api.service[124342]: DEBUG glance_store.capabilities [None req-402c7762-76f5-42e6-a213-a7c1cdfe6ec7 admin admin] Store glance_store._drivers.swift.store.SingleTenantStore doesn't support updating dynamic storage capabilities. Please overwrite 'update_capabilities' method of the store to implement updating logics if needed. {{(pid=124342) update_capabilities /usr/local/lib/python3.8/dist-packages/glance_store/capabilities.py:91}}
Jul 05 02:09:16 ubuntu devstack@g-api.service[124342]: DEBUG glance_store.driver [None req-402c7762-76f5-42e6-a213-a7c1cdfe6ec7 admin admin] Late loading location class glance_store._drivers.swift.store.StoreLocation {{(pid=124342) get_store_location_class /usr/local/lib/python3.8/dist-packages/glance_store/driver.py:117}}
Jul 05 02:09:16 ubuntu devstack@g-api.service[124342]: DEBUG glance_store.location [None req-402c7762-76f5-42e6-a213-a7c1cdfe6ec7 admin admin] Registering scheme swift+https with {'store': <glance_store._drivers.swift.store.SingleTenantStore object at 0x7f2389e28490>, 'location_class': <class 'glance_store._drivers.swift.store.StoreLocation'>, 'store_entry': 'swift'} {{(pid=124342) register_scheme_map /usr/local/lib/python3.8/dist-packages/glance_store/location.py:146}}
Jul 05 02:09:16 ubuntu devstack@g-api.service[124342]: DEBUG glance_store.location [None req-402c7762-76f5-42e6-a213-a7c1cdfe6ec7 admin admin] Registering scheme swift+https with {'store': <glance_store._drivers.swift.store.SingleTenantStore object at 0x7f2389e28490>, 'location_class': <class 'glance_store._drivers.swift.store.StoreLocation'>, 'store_entry': 'swift'} {{(pid=124342) register_scheme_map /usr/local/lib/python3.8/dist-packages/glance_store/location.py:146}}
Jul 05 02:09:16 ubuntu devstack@g-api.service[124342]: DEBUG glance_store.location [None req-402c7762-76f5-42e6-a213-a7c1cdfe6ec7 admin admin] Registering scheme swift with {'store': <glance_store._drivers.swift.store.SingleTenantStore object at 0x7f2389e28490>, 'location_class': <class 'glance_store._drivers.swift.store.StoreLocation'>, 'store_entry': 'swift'} {{(pid=124342) register_scheme_map /usr/local/lib/python3.8/dist-packages/glance_store/location.py:146}}
Jul 05 02:09:16 ubuntu devstack@g-api.service[124342]: DEBUG glance_store.location [None req-402c7762-76f5-42e6-a213-a7c1cdfe6ec7 admin admin] Registering scheme swift+https with {'store': <glance_store._drivers.swift.store.SingleTenantStore object at 0x7f2389e28490>, 'location_class': <class 'glance_store._drivers.swift.store.StoreLocation'>, 'store_entry': 'swift'} {{(pid=124342) register_scheme_map /usr/local/lib/python3.8/dist-packages/glance_store/location.py:146}}
Jul 05 02:09:16 ubuntu devstack@g-api.service[124342]: DEBUG glance_store.location [None req-402c7762-76f5-42e6-a213-a7c1cdfe6ec7 admin admin] Registering scheme swift with {'store': <glance_store._drivers.swift.store.SingleTenantStore object at 0x7f2389e28490>, 'location_class': <class 'glance_store._drivers.swift.store.StoreLocation'>, 'store_entry': 'swift'} {{(pid=124342) register_scheme_map /usr/local/lib/python3.8/dist-packages/glance_store/location.py:146}}
Jul 05 02:09:16 ubuntu devstack@g-api.service[124342]: DEBUG glance_store.location [None req-402c7762-76f5-42e6-a213-a7c1cdfe6ec7 admin admin] Registering scheme swift+http with {'store': <glance_store._drivers.swift.store.SingleTenantStore object at 0x7f2389e28490>, 'location_class': <class 'glance_store._drivers.swift.store.StoreLocation'>, 'store_entry': 'swift'} {{(pid=124342) register_scheme_map /usr/local/lib/python3.8/dist-packages/glance_store/location.py:146}}
Jul 05 02:09:16 ubuntu devstack@g-api.service[124342]: DEBUG glance_store.location [None req-402c7762-76f5-42e6-a213-a7c1cdfe6ec7 admin admin] Registering scheme swift+https with {'store': <glance_store._drivers.swift.store.SingleTenantStore object at 0x7f2389e28490>, 'location_class': <class 'glance_store._drivers.swift.store.StoreLocation'>, 'store_entry': 'swift'} {{(pid=124342) register_scheme_map /usr/local/lib/python3.8/dist-packages/glance_store/location.py:146}}
Jul 05 02:09:16 ubuntu devstack@g-api.service[124342]: DEBUG glance_store.location [None req-402c7762-76f5-42e6-a213-a7c1cdfe6ec7 admin admin] Registering scheme swift with {'store': <glance_store._drivers.swift.store.SingleTenantStore object at 0x7f2389e28490>, 'location_class': <class 'glance_store._drivers.swift.store.StoreLocation'>, 'store_entry': 'swift'} {{(pid=124342) register_scheme_map /usr/local/lib/python3.8/dist-packages/glance_store/location.py:146}}
Jul 05 02:09:16 ubuntu devstack@g-api.service[124342]: DEBUG glance_store.location [None req-402c7762-76f5-42e6-a213-a7c1cdfe6ec7 admin admin] Registering scheme swift+http with {'store': <glance_store._drivers.swift.store.SingleTenantStore object at 0x7f2389e28490>, 'location_class': <class 'glance_store._drivers.swift.store.StoreLocation'>, 'store_entry': 'swift'} {{(pid=124342) register_scheme_map /usr/local/lib/python3.8/dist-packages/glance_store/location.py:146}}
Jul 05 02:09:16 ubuntu devstack@g-api.service[124342]: DEBUG glance_store.location [None req-402c7762-76f5-42e6-a213-a7c1cdfe6ec7 admin admin] Registering scheme swift+config with {'store': <glance_store._drivers.swift.store.SingleTenantStore object at 0x7f2389e28490>, 'location_class': <class 'glance_store._drivers.swift.store.StoreLocation'>, 'store_entry': 'swift'} {{(pid=124342) register_scheme_map /usr/local/lib/python3.8/dist-packages/glance_store/location.py:146}}
Jul 05 02:09:16 ubuntu devstack@g-api.service[124342]: DEBUG glance_store.backend [None req-402c7762-76f5-42e6-a213-a7c1cdfe6ec7 admin admin] Skipping store.set_acls... not implemented. {{(pid=124342) set_acls /usr/local/lib/python3.8/dist-packages/glance_store/backend.py:509}}
Jul 05 02:09:16 ubuntu devstack@g-api.service[124342]: [pid: 124342|app: 0|req: 3/4] 127.0.0.1 () {40 vars in 862 bytes} [Tue Jul  5 02:09:14 2022] PUT /v2/images/ef1f3a15-bde9-47a3-96d6-0ccdff151292/file => generated 0 bytes in 2220 msecs (HTTP/1.1 204) 4 headers in 171 bytes (1 switches on core 0)
Jul 05 02:09:24 ubuntu devstack@g-api.service[124341]: DEBUG dbcounter [-] [124341] Writing DB stats glance:SELECT=9,glance:INSERT=5 {{(pid=124341) stat_writer /usr/local/lib/python3.8/dist-packages/dbcounter.py:114}}
Jul 05 02:09:26 ubuntu devstack@g-api.service[124342]: DEBUG dbcounter [-] [124342] Writing DB stats glance:SELECT=28,glance:UPDATE=2,glance:INSERT=1 {{(pid=124342) stat_writer /usr/local/lib/python3.8/dist-packages/dbcounter.py:114}}
Jul 05 02:09:58 ubuntu devstack@g-api.service[124341]: DEBUG glance.api.middleware.version_negotiation [None req-7ddd8f73-3d5a-468c-8c2a-b0b7e0e95fb2 admin admin] Determining version of request: GET / Accept: application/json {{(pid=124341) process_request /opt/stack/glance/glance/api/middleware/version_negotiation.py:44}}
Jul 05 02:09:58 ubuntu devstack@g-api.service[124341]: DEBUG glance.api.middleware.version_negotiation [None req-7ddd8f73-3d5a-468c-8c2a-b0b7e0e95fb2 admin admin] Using url versioning {{(pid=124341) process_request /opt/stack/glance/glance/api/middleware/version_negotiation.py:57}}
Jul 05 02:09:58 ubuntu devstack@g-api.service[124341]: DEBUG glance.api.middleware.version_negotiation [None req-7ddd8f73-3d5a-468c-8c2a-b0b7e0e95fb2 admin admin] Unknown version. Returning version choices. {{(pid=124341) process_request /opt/stack/glance/glance/api/middleware/version_negotiation.py:64}}
Jul 05 02:09:58 ubuntu devstack@g-api.service[124341]: [pid: 124341|app: 0|req: 2/5] 127.0.0.1 () {34 vars in 506 bytes} [Tue Jul  5 02:09:58 2022] GET / => generated 1323 bytes in 2 msecs (HTTP/1.1 300) 3 headers in 106 bytes (1 switches on core 0)
Jul 05 02:09:58 ubuntu devstack@g-api.service[124342]: DEBUG glance.api.middleware.version_negotiation [None req-402c7762-76f5-42e6-a213-a7c1cdfe6ec7 admin admin] Determining version of request: GET /v2/images Accept: application/json {{(pid=124342) process_request /opt/stack/glance/glance/api/middleware/version_negotiation.py:44}}
Jul 05 02:09:58 ubuntu devstack@g-api.service[124342]: DEBUG glance.api.middleware.version_negotiation [None req-402c7762-76f5-42e6-a213-a7c1cdfe6ec7 admin admin] Using url versioning {{(pid=124342) process_request /opt/stack/glance/glance/api/middleware/version_negotiation.py:57}}
Jul 05 02:09:58 ubuntu devstack@g-api.service[124342]: DEBUG glance.api.middleware.version_negotiation [None req-402c7762-76f5-42e6-a213-a7c1cdfe6ec7 admin admin] Matched version: v2 {{(pid=124342) process_request /opt/stack/glance/glance/api/middleware/version_negotiation.py:69}}
Jul 05 02:09:58 ubuntu devstack@g-api.service[124342]: DEBUG glance.api.middleware.version_negotiation [None req-402c7762-76f5-42e6-a213-a7c1cdfe6ec7 admin admin] new path /v2/images {{(pid=124342) process_request /opt/stack/glance/glance/api/middleware/version_negotiation.py:70}}
Jul 05 02:09:58 ubuntu devstack@g-api.service[124342]: [pid: 124342|app: 0|req: 4/6] 127.0.0.1 () {36 vars in 728 bytes} [Tue Jul  5 02:09:58 2022] GET /v2/images => generated 1045 bytes in 103 msecs (HTTP/1.1 200) 4 headers in 158 bytes (1 switches on core 0)
Jul 05 02:10:03 ubuntu devstack@g-api.service[124341]: DEBUG glance.api.middleware.version_negotiation [None req-7ddd8f73-3d5a-468c-8c2a-b0b7e0e95fb2 admin admin] Determining version of request: GET / Accept: application/json {{(pid=124341) process_request /opt/stack/glance/glance/api/middleware/version_negotiation.py:44}}
Jul 05 02:10:03 ubuntu devstack@g-api.service[124341]: DEBUG glance.api.middleware.version_negotiation [None req-7ddd8f73-3d5a-468c-8c2a-b0b7e0e95fb2 admin admin] Using url versioning {{(pid=124341) process_request /opt/stack/glance/glance/api/middleware/version_negotiation.py:57}}
Jul 05 02:10:03 ubuntu devstack@g-api.service[124341]: DEBUG glance.api.middleware.version_negotiation [None req-7ddd8f73-3d5a-468c-8c2a-b0b7e0e95fb2 admin admin] Unknown version. Returning version choices. {{(pid=124341) process_request /opt/stack/glance/glance/api/middleware/version_negotiation.py:64}}
Jul 05 02:10:03 ubuntu devstack@g-api.service[124341]: [pid: 124341|app: 0|req: 3/7] 127.0.0.1 () {34 vars in 506 bytes} [Tue Jul  5 02:10:03 2022] GET / => generated 1323 bytes in 2 msecs (HTTP/1.1 300) 3 headers in 106 bytes (1 switches on core 0)
Jul 05 02:10:03 ubuntu devstack@g-api.service[124342]: DEBUG glance.api.middleware.version_negotiation [None req-5afd0a64-b2d3-46c0-99ba-4511f07c9a6c admin admin] Determining version of request: GET /v2/images/ef1f3a15-bde9-47a3-96d6-0ccdff151292 Accept: */* {{(pid=124342) process_request /opt/stack/glance/glance/api/middleware/version_negotiation.py:44}}
Jul 05 02:10:03 ubuntu devstack@g-api.service[124342]: DEBUG glance.api.middleware.version_negotiation [None req-5afd0a64-b2d3-46c0-99ba-4511f07c9a6c admin admin] Using url versioning {{(pid=124342) process_request /opt/stack/glance/glance/api/middleware/version_negotiation.py:57}}
Jul 05 02:10:03 ubuntu devstack@g-api.service[124342]: DEBUG glance.api.middleware.version_negotiation [None req-5afd0a64-b2d3-46c0-99ba-4511f07c9a6c admin admin] Matched version: v2 {{(pid=124342) process_request /opt/stack/glance/glance/api/middleware/version_negotiation.py:69}}
Jul 05 02:10:03 ubuntu devstack@g-api.service[124342]: DEBUG glance.api.middleware.version_negotiation [None req-5afd0a64-b2d3-46c0-99ba-4511f07c9a6c admin admin] new path /v2/images/ef1f3a15-bde9-47a3-96d6-0ccdff151292 {{(pid=124342) process_request /opt/stack/glance/glance/api/middleware/version_negotiation.py:70}}
Jul 05 02:10:03 ubuntu devstack@g-api.service[124342]: [pid: 124342|app: 0|req: 5/8] 127.0.0.1 () {36 vars in 789 bytes} [Tue Jul  5 02:10:03 2022] GET /v2/images/ef1f3a15-bde9-47a3-96d6-0ccdff151292 => generated 976 bytes in 49 msecs (HTTP/1.1 200) 4 headers in 157 bytes (1 switches on core 0)
Jul 05 02:10:07 ubuntu devstack@g-api.service[124341]: DEBUG glance.api.middleware.version_negotiation [None req-7ddd8f73-3d5a-468c-8c2a-b0b7e0e95fb2 admin admin] Determining version of request: GET / Accept: application/json {{(pid=124341) process_request /opt/stack/glance/glance/api/middleware/version_negotiation.py:44}}
Jul 05 02:10:07 ubuntu devstack@g-api.service[124341]: DEBUG glance.api.middleware.version_negotiation [None req-7ddd8f73-3d5a-468c-8c2a-b0b7e0e95fb2 admin admin] Using url versioning {{(pid=124341) process_request /opt/stack/glance/glance/api/middleware/version_negotiation.py:57}}
Jul 05 02:10:07 ubuntu devstack@g-api.service[124341]: DEBUG glance.api.middleware.version_negotiation [None req-7ddd8f73-3d5a-468c-8c2a-b0b7e0e95fb2 admin admin] Unknown version. Returning version choices. {{(pid=124341) process_request /opt/stack/glance/glance/api/middleware/version_negotiation.py:64}}
Jul 05 02:10:07 ubuntu devstack@g-api.service[124341]: [pid: 124341|app: 0|req: 4/9] 127.0.0.1 () {34 vars in 506 bytes} [Tue Jul  5 02:10:07 2022] GET / => generated 1323 bytes in 2 msecs (HTTP/1.1 300) 3 headers in 106 bytes (1 switches on core 0)
Jul 05 02:10:07 ubuntu devstack@g-api.service[124342]: DEBUG glance.api.middleware.version_negotiation [None req-5a8d6d66-832d-4d28-9a2a-542cade9def7 admin admin] Determining version of request: GET /v2/images/ef1f3a15-bde9-47a3-96d6-0ccdff151292 Accept: */* {{(pid=124342) process_request /opt/stack/glance/glance/api/middleware/version_negotiation.py:44}}
Jul 05 02:10:07 ubuntu devstack@g-api.service[124342]: DEBUG glance.api.middleware.version_negotiation [None req-5a8d6d66-832d-4d28-9a2a-542cade9def7 admin admin] Using url versioning {{(pid=124342) process_request /opt/stack/glance/glance/api/middleware/version_negotiation.py:57}}
Jul 05 02:10:07 ubuntu devstack@g-api.service[124342]: DEBUG glance.api.middleware.version_negotiation [None req-5a8d6d66-832d-4d28-9a2a-542cade9def7 admin admin] Matched version: v2 {{(pid=124342) process_request /opt/stack/glance/glance/api/middleware/version_negotiation.py:69}}
Jul 05 02:10:07 ubuntu devstack@g-api.service[124342]: DEBUG glance.api.middleware.version_negotiation [None req-5a8d6d66-832d-4d28-9a2a-542cade9def7 admin admin] new path /v2/images/ef1f3a15-bde9-47a3-96d6-0ccdff151292 {{(pid=124342) process_request /opt/stack/glance/glance/api/middleware/version_negotiation.py:70}}
Jul 05 02:10:07 ubuntu devstack@g-api.service[124342]: [pid: 124342|app: 0|req: 6/10] 127.0.0.1 () {36 vars in 789 bytes} [Tue Jul  5 02:10:07 2022] GET /v2/images/ef1f3a15-bde9-47a3-96d6-0ccdff151292 => generated 976 bytes in 55 msecs (HTTP/1.1 200) 4 headers in 157 bytes (1 switches on core 0)
Jul 05 02:10:17 ubuntu devstack@g-api.service[124342]: DEBUG dbcounter [-] [124342] Writing DB stats glance:SELECT=10 {{(pid=124342) stat_writer /usr/local/lib/python3.8/dist-packages/dbcounter.py:114}}
Jul 05 02:12:16 ubuntu devstack@g-api.service[124341]: DEBUG glance.api.middleware.version_negotiation [None req-7ddd8f73-3d5a-468c-8c2a-b0b7e0e95fb2 admin admin] Determining version of request: GET /v1 Accept: application/json {{(pid=124341) process_request /opt/stack/glance/glance/api/middleware/version_negotiation.py:44}}
Jul 05 02:12:16 ubuntu devstack@g-api.service[124341]: DEBUG glance.api.middleware.version_negotiation [None req-7ddd8f73-3d5a-468c-8c2a-b0b7e0e95fb2 admin admin] Using url versioning {{(pid=124341) process_request /opt/stack/glance/glance/api/middleware/version_negotiation.py:57}}
Jul 05 02:12:16 ubuntu devstack@g-api.service[124341]: DEBUG glance.api.middleware.version_negotiation [None req-7ddd8f73-3d5a-468c-8c2a-b0b7e0e95fb2 admin admin] Unknown version. Returning version choices. {{(pid=124341) process_request /opt/stack/glance/glance/api/middleware/version_negotiation.py:64}}
Jul 05 02:12:16 ubuntu devstack@g-api.service[124341]: [pid: 124341|app: 0|req: 5/11] 127.0.0.1 () {38 vars in 685 bytes} [Tue Jul  5 02:12:16 2022] GET /v1 => generated 1323 bytes in 4 msecs (HTTP/1.1 300) 3 headers in 106 bytes (1 switches on core 0)
Jul 05 02:13:58 ubuntu devstack@g-api.service[124342]: DEBUG oslo_concurrency.lockutils [-] Acquired lock "glance-cache" {{(pid=124342) lock /usr/local/lib/python3.8/dist-packages/oslo_concurrency/lockutils.py:294}}
Jul 05 02:13:58 ubuntu devstack@g-api.service[124342]: DEBUG oslo_concurrency.lockutils [-] Acquired external semaphore "glance-cache" {{(pid=124342) lock /usr/local/lib/python3.8/dist-packages/oslo_concurrency/lockutils.py:302}}
Jul 05 02:13:58 ubuntu devstack@g-api.service[124342]: DEBUG glance.image_cache.prefetcher [-] Nothing to prefetch. {{(pid=124342) run /opt/stack/glance/glance/image_cache/prefetcher.py:79}}
Jul 05 02:13:58 ubuntu devstack@g-api.service[124342]: DEBUG oslo_concurrency.lockutils [-] Releasing lock "glance-cache" {{(pid=124342) lock /usr/local/lib/python3.8/dist-packages/oslo_concurrency/lockutils.py:312}}
Jul 05 02:13:58 ubuntu devstack@g-api.service[124341]: DEBUG oslo_concurrency.lockutils [-] Acquired lock "glance-cache" {{(pid=124341) lock /usr/local/lib/python3.8/dist-packages/oslo_concurrency/lockutils.py:294}}
Jul 05 02:13:58 ubuntu devstack@g-api.service[124341]: DEBUG oslo_concurrency.lockutils [-] Acquired external semaphore "glance-cache" {{(pid=124341) lock /usr/local/lib/python3.8/dist-packages/oslo_concurrency/lockutils.py:302}}
Jul 05 02:13:58 ubuntu devstack@g-api.service[124341]: DEBUG glance.image_cache.prefetcher [-] Nothing to prefetch. {{(pid=124341) run /opt/stack/glance/glance/image_cache/prefetcher.py:79}}
Jul 05 02:13:58 ubuntu devstack@g-api.service[124341]: DEBUG oslo_concurrency.lockutils [-] Releasing lock "glance-cache" {{(pid=124341) lock /usr/local/lib/python3.8/dist-packages/oslo_concurrency/lockutils.py:312}}
