Jun 14 11:43:05 ubuntu neutron-server[126997]: DEBUG neutron.api.extensions [None req-87351682-d4e7-44d1-bff7-0b56f1356b60 None None] Loading extension file: trunk_details.py {{(pid=126997) _load_all_extensions_from_path /opt/stack/neutron/neutron/api/extensions.py:450}}
Jun 14 11:43:05 ubuntu neutron-server[126997]: DEBUG neutron.api.extensions [None req-87351682-d4e7-44d1-bff7-0b56f1356b60 None None] Ext name="Trunk port details" alias="trunk-details" description="Expose trunk port details" updated="2016-01-01T10:00:00-00:00" {{(pid=126997) _check_extension /opt/stack/neutron/neutron/api/extensions.py:416}}
Jun 14 11:43:05 ubuntu neutron-server[126997]: INFO neutron.api.extensions [None req-87351682-d4e7-44d1-bff7-0b56f1356b60 None None] Extension trunk-details not supported by any of loaded plugins
Jun 14 11:43:05 ubuntu neutron-server[126997]: DEBUG neutron.api.extensions [None req-87351682-d4e7-44d1-bff7-0b56f1356b60 None None] Loading extension file: uplink_status_propagation.py {{(pid=126997) _load_all_extensions_from_path /opt/stack/neutron/neutron/api/extensions.py:450}}
Jun 14 11:43:05 ubuntu neutron-server[126997]: DEBUG neutron.api.extensions [None req-87351682-d4e7-44d1-bff7-0b56f1356b60 None None] Ext name="Uplink status propagation extension" alias="uplink-status-propagation" description="Provides ability to propagate port uplink status." updated="2018-05-31T18:00:00-00:00" {{(pid=126997) _check_extension /opt/stack/neutron/neutron/api/extensions.py:416}}
Jun 14 11:43:05 ubuntu neutron-server[126997]: INFO neutron.api.extensions [None req-87351682-d4e7-44d1-bff7-0b56f1356b60 None None] Extension uplink-status-propagation not supported by any of loaded plugins
Jun 14 11:43:05 ubuntu neutron-server[126997]: DEBUG neutron.api.extensions [None req-87351682-d4e7-44d1-bff7-0b56f1356b60 None None] Loading extension file: vlantransparent.py {{(pid=126997) _load_all_extensions_from_path /opt/stack/neutron/neutron/api/extensions.py:450}}
Jun 14 11:43:05 ubuntu neutron-server[126997]: DEBUG neutron.api.extensions [None req-87351682-d4e7-44d1-bff7-0b56f1356b60 None None] Ext name="Vlantransparent" alias="vlan-transparent" description="Provides Vlan Transparent Networks" updated="2015-03-23T09:00:00-00:00" {{(pid=126997) _check_extension /opt/stack/neutron/neutron/api/extensions.py:416}}
Jun 14 11:43:05 ubuntu neutron-server[126997]: INFO neutron.api.extensions [None req-87351682-d4e7-44d1-bff7-0b56f1356b60 None None] Extension vlan-transparent not supported by any of loaded plugins
Jun 14 11:43:05 ubuntu neutron-server[126997]: INFO neutron.quota.resource_registry [None req-87351682-d4e7-44d1-bff7-0b56f1356b60 None None] Creating instance of TrackedResource for resource:network
Jun 14 11:43:05 ubuntu neutron-server[126997]: INFO neutron.quota.resource_registry [None req-87351682-d4e7-44d1-bff7-0b56f1356b60 None None] Creating instance of TrackedResource for resource:subnet
Jun 14 11:43:05 ubuntu neutron-server[126997]: INFO neutron.quota.resource_registry [None req-87351682-d4e7-44d1-bff7-0b56f1356b60 None None] Creating instance of TrackedResource for resource:subnetpool
Jun 14 11:43:05 ubuntu neutron-server[126997]: INFO neutron.quota.resource_registry [None req-87351682-d4e7-44d1-bff7-0b56f1356b60 None None] Creating instance of TrackedResource for resource:port
Jun 14 11:43:05 ubuntu neutron-server[126997]: DEBUG neutron.api.v2.resource_helper [None req-87351682-d4e7-44d1-bff7-0b56f1356b60 None None] Service FLAVORS assigned prefix:  {{(pid=126997) build_resource_info /opt/stack/neutron/neutron/api/v2/resource_helper.py:77}}
Jun 14 11:43:05 ubuntu neutron-server[126997]: DEBUG neutron.api.v2.resource_helper [None req-87351682-d4e7-44d1-bff7-0b56f1356b60 None None] Service L3_ROUTER_NAT assigned prefix:  {{(pid=126997) build_resource_info /opt/stack/neutron/neutron/api/v2/resource_helper.py:77}}
Jun 14 11:43:05 ubuntu neutron-server[126997]: DEBUG neutron.api.v2.resource_helper [None req-87351682-d4e7-44d1-bff7-0b56f1356b60 None None] Service L3_ROUTER_NAT assigned prefix:  {{(pid=126997) build_resource_info /opt/stack/neutron/neutron/api/v2/resource_helper.py:77}}
Jun 14 11:43:05 ubuntu neutron-server[126997]: INFO neutron.quota.resource_registry [None req-87351682-d4e7-44d1-bff7-0b56f1356b60 None None] Creating instance of TrackedResource for resource:router
Jun 14 11:43:05 ubuntu neutron-server[126997]: INFO neutron.quota.resource_registry [None req-87351682-d4e7-44d1-bff7-0b56f1356b60 None None] Creating instance of TrackedResource for resource:floatingip
Jun 14 11:43:05 ubuntu neutron-server[126997]: DEBUG neutron_lib.callbacks.manager [None req-87351682-d4e7-44d1-bff7-0b56f1356b60 None None] Subscribe: <bound method NeutronDbPluginV2.validate_network_rbac_policy_change of <neutron.services.network_ip_availability.plugin.NetworkIPAvailabilityPlugin object at 0x7f848dae7af0>> rbac-policy before_create 55550000 {{(pid=126997) subscribe /usr/local/lib/python3.8/dist-packages/neutron_lib/callbacks/manager.py:45}}
Jun 14 11:43:05 ubuntu neutron-server[126997]: DEBUG neutron_lib.callbacks.manager [None req-87351682-d4e7-44d1-bff7-0b56f1356b60 None None] Subscribe: <bound method NeutronDbPluginV2.validate_network_rbac_policy_change of <neutron.services.network_ip_availability.plugin.NetworkIPAvailabilityPlugin object at 0x7f848dae7af0>> rbac-policy before_update 55550000 {{(pid=126997) subscribe /usr/local/lib/python3.8/dist-packages/neutron_lib/callbacks/manager.py:45}}
Jun 14 11:43:05 ubuntu neutron-server[126997]: DEBUG neutron_lib.callbacks.manager [None req-87351682-d4e7-44d1-bff7-0b56f1356b60 None None] Subscribe: <bound method NeutronDbPluginV2.validate_network_rbac_policy_change of <neutron.services.network_ip_availability.plugin.NetworkIPAvailabilityPlugin object at 0x7f848dae7af0>> rbac-policy before_delete 55550000 {{(pid=126997) subscribe /usr/local/lib/python3.8/dist-packages/neutron_lib/callbacks/manager.py:45}}
Jun 14 11:43:05 ubuntu neutron-server[126997]: INFO neutron.quota.resource_registry [None req-87351682-d4e7-44d1-bff7-0b56f1356b60 None None] Creating instance of CountableResource for resource:rbac_policy
Jun 14 11:43:05 ubuntu neutron-server[126997]: INFO neutron.quota.resource_registry [None req-87351682-d4e7-44d1-bff7-0b56f1356b60 None None] Creating instance of TrackedResource for resource:security_group
Jun 14 11:43:05 ubuntu neutron-server[126997]: INFO neutron.quota.resource_registry [None req-87351682-d4e7-44d1-bff7-0b56f1356b60 None None] Creating instance of TrackedResource for resource:security_group_rule
Jun 14 11:43:05 ubuntu neutron-server[126997]: DEBUG neutron.api.v2.resource_helper [None req-87351682-d4e7-44d1-bff7-0b56f1356b60 None None] Service FLAVORS assigned prefix:  {{(pid=126997) build_resource_info /opt/stack/neutron/neutron/api/v2/resource_helper.py:77}}
Jun 14 11:43:05 ubuntu neutron-server[126997]: DEBUG neutron.api.v2.resource_helper [None req-87351682-d4e7-44d1-bff7-0b56f1356b60 None None] Service L3_ROUTER_NAT assigned prefix:  {{(pid=126997) build_resource_info /opt/stack/neutron/neutron/api/v2/resource_helper.py:77}}
Jun 14 11:43:05 ubuntu neutron-server[126997]: DEBUG neutron.api.v2.resource_helper [None req-87351682-d4e7-44d1-bff7-0b56f1356b60 None None] Service L3_ROUTER_NAT assigned prefix:  {{(pid=126997) build_resource_info /opt/stack/neutron/neutron/api/v2/resource_helper.py:77}}
Jun 14 11:43:05 ubuntu neutron-server[126997]: INFO neutron.quota.resource_registry [None req-87351682-d4e7-44d1-bff7-0b56f1356b60 None None] Creating instance of TrackedResource for resource:router
Jun 14 11:43:05 ubuntu neutron-server[126997]: WARNING neutron.quota.resource_registry [None req-87351682-d4e7-44d1-bff7-0b56f1356b60 None None] router is already registered
Jun 14 11:43:05 ubuntu neutron-server[126997]: INFO neutron.quota.resource_registry [None req-87351682-d4e7-44d1-bff7-0b56f1356b60 None None] Creating instance of TrackedResource for resource:floatingip
Jun 14 11:43:05 ubuntu neutron-server[126997]: WARNING neutron.quota.resource_registry [None req-87351682-d4e7-44d1-bff7-0b56f1356b60 None None] floatingip is already registered
Jun 14 11:43:05 ubuntu neutron-server[126997]: INFO neutron.quota.resource_registry [None req-87351682-d4e7-44d1-bff7-0b56f1356b60 None None] Creating instance of CountableResource for resource:rbac_policy
Jun 14 11:43:05 ubuntu neutron-server[126997]: WARNING neutron.quota.resource_registry [None req-87351682-d4e7-44d1-bff7-0b56f1356b60 None None] rbac_policy is already registered
Jun 14 11:43:05 ubuntu neutron-server[126997]: INFO neutron.quota.resource_registry [None req-87351682-d4e7-44d1-bff7-0b56f1356b60 None None] Creating instance of TrackedResource for resource:security_group
Jun 14 11:43:05 ubuntu neutron-server[126997]: WARNING neutron.quota.resource_registry [None req-87351682-d4e7-44d1-bff7-0b56f1356b60 None None] security_group is already registered
Jun 14 11:43:05 ubuntu neutron-server[126997]: INFO neutron.quota.resource_registry [None req-87351682-d4e7-44d1-bff7-0b56f1356b60 None None] Creating instance of TrackedResource for resource:security_group_rule
Jun 14 11:43:05 ubuntu neutron-server[126997]: WARNING neutron.quota.resource_registry [None req-87351682-d4e7-44d1-bff7-0b56f1356b60 None None] security_group_rule is already registered
Jun 14 11:43:05 ubuntu neutron-server[126997]: DEBUG neutron.api.extensions [None req-87351682-d4e7-44d1-bff7-0b56f1356b60 None None] Extended resource: extensions {{(pid=126997) __init__ /opt/stack/neutron/neutron/api/extensions.py:157}}
Jun 14 11:43:05 ubuntu neutron-server[126997]: DEBUG neutron.api.extensions [None req-87351682-d4e7-44d1-bff7-0b56f1356b60 None None] Extended resource: address-groups {{(pid=126997) __init__ /opt/stack/neutron/neutron/api/extensions.py:157}}
Jun 14 11:43:05 ubuntu neutron-server[126997]: DEBUG neutron.api.extensions [None req-87351682-d4e7-44d1-bff7-0b56f1356b60 None None] Extended resource: address-scopes {{(pid=126997) __init__ /opt/stack/neutron/neutron/api/extensions.py:157}}
Jun 14 11:43:05 ubuntu neutron-server[126997]: DEBUG neutron.api.extensions [None req-87351682-d4e7-44d1-bff7-0b56f1356b60 None None] Extended resource: agents {{(pid=126997) __init__ /opt/stack/neutron/neutron/api/extensions.py:157}}
Jun 14 11:43:05 ubuntu neutron-server[126997]: DEBUG neutron.api.extensions [None req-87351682-d4e7-44d1-bff7-0b56f1356b60 None None] Extended resource: auto-allocated-topology {{(pid=126997) __init__ /opt/stack/neutron/neutron/api/extensions.py:157}}
Jun 14 11:43:05 ubuntu neutron-server[126997]: DEBUG neutron.api.extensions [None req-87351682-d4e7-44d1-bff7-0b56f1356b60 None None] Extended resource: availability_zones {{(pid=126997) __init__ /opt/stack/neutron/neutron/api/extensions.py:157}}
Jun 14 11:43:05 ubuntu neutron-server[126997]: DEBUG neutron.api.extensions [None req-87351682-d4e7-44d1-bff7-0b56f1356b60 None None] Extended resource: flavors {{(pid=126997) __init__ /opt/stack/neutron/neutron/api/extensions.py:157}}
Jun 14 11:43:05 ubuntu neutron-server[126997]: DEBUG neutron.api.extensions [None req-87351682-d4e7-44d1-bff7-0b56f1356b60 None None] Extended resource: service_profiles {{(pid=126997) __init__ /opt/stack/neutron/neutron/api/extensions.py:157}}
Jun 14 11:43:05 ubuntu neutron-server[126997]: DEBUG neutron.api.extensions [None req-87351682-d4e7-44d1-bff7-0b56f1356b60 None None] Extended resource: next_providers {{(pid=126997) __init__ /opt/stack/neutron/neutron/api/extensions.py:157}}
Jun 14 11:43:05 ubuntu neutron-server[126997]: DEBUG neutron.api.extensions [None req-87351682-d4e7-44d1-bff7-0b56f1356b60 None None] Extended resource: service_profiles {{(pid=126997) __init__ /opt/stack/neutron/neutron/api/extensions.py:157}}
Jun 14 11:43:05 ubuntu neutron-server[126997]: DEBUG neutron.api.extensions [None req-87351682-d4e7-44d1-bff7-0b56f1356b60 None None] Extended resource: floatingip-pools {{(pid=126997) __init__ /opt/stack/neutron/neutron/api/extensions.py:157}}
Jun 14 11:43:05 ubuntu neutron-server[126997]: DEBUG neutron.api.extensions [None req-87351682-d4e7-44d1-bff7-0b56f1356b60 None None] Extended resource: routers {{(pid=126997) __init__ /opt/stack/neutron/neutron/api/extensions.py:157}}
Jun 14 11:43:05 ubuntu neutron-server[126997]: DEBUG neutron.api.extensions [None req-87351682-d4e7-44d1-bff7-0b56f1356b60 None None] Extended resource: floatingips {{(pid=126997) __init__ /opt/stack/neutron/neutron/api/extensions.py:157}}
Jun 14 11:43:05 ubuntu neutron-server[126997]: DEBUG neutron.api.extensions [None req-87351682-d4e7-44d1-bff7-0b56f1356b60 None None] Extended resource: network-ip-availabilities {{(pid=126997) __init__ /opt/stack/neutron/neutron/api/extensions.py:157}}
Jun 14 11:43:05 ubuntu neutron-server[126997]: DEBUG neutron.api.extensions [None req-87351682-d4e7-44d1-bff7-0b56f1356b60 None None] Extended resource: bindings {{(pid=126997) __init__ /opt/stack/neutron/neutron/api/extensions.py:157}}
Jun 14 11:43:05 ubuntu neutron-server[126997]: DEBUG neutron.api.extensions [None req-87351682-d4e7-44d1-bff7-0b56f1356b60 None None] Extended resource: quotas {{(pid=126997) __init__ /opt/stack/neutron/neutron/api/extensions.py:157}}
Jun 14 11:43:05 ubuntu neutron-server[126997]: DEBUG neutron.api.extensions [None req-87351682-d4e7-44d1-bff7-0b56f1356b60 None None] Extended resource: quotas {{(pid=126997) __init__ /opt/stack/neutron/neutron/api/extensions.py:157}}
Jun 14 11:43:05 ubuntu neutron-server[126997]: DEBUG neutron.api.extensions [None req-87351682-d4e7-44d1-bff7-0b56f1356b60 None None] Extended resource: rbac-policies {{(pid=126997) __init__ /opt/stack/neutron/neutron/api/extensions.py:157}}
Jun 14 11:43:05 ubuntu neutron-server[126997]: DEBUG neutron.api.extensions [None req-87351682-d4e7-44d1-bff7-0b56f1356b60 None None] Extended resource: security-groups {{(pid=126997) __init__ /opt/stack/neutron/neutron/api/extensions.py:157}}
Jun 14 11:43:05 ubuntu neutron-server[126997]: DEBUG neutron.api.extensions [None req-87351682-d4e7-44d1-bff7-0b56f1356b60 None None] Extended resource: security-group-rules {{(pid=126997) __init__ /opt/stack/neutron/neutron/api/extensions.py:157}}
Jun 14 11:43:05 ubuntu neutron-server[126997]: DEBUG neutron.api.extensions [None req-87351682-d4e7-44d1-bff7-0b56f1356b60 None None] Extended resource: service-providers {{(pid=126997) __init__ /opt/stack/neutron/neutron/api/extensions.py:157}}
Jun 14 11:43:05 ubuntu neutron-server[126997]: DEBUG neutron.api.extensions [None req-87351682-d4e7-44d1-bff7-0b56f1356b60 None None] Extended resource: tags {{(pid=126997) __init__ /opt/stack/neutron/neutron/api/extensions.py:157}}
Jun 14 11:43:05 ubuntu neutron-server[126997]: DEBUG neutron.api.extensions [None req-87351682-d4e7-44d1-bff7-0b56f1356b60 None None] Extended resource: tags {{(pid=126997) __init__ /opt/stack/neutron/neutron/api/extensions.py:157}}
Jun 14 11:43:05 ubuntu neutron-server[126997]: DEBUG neutron.api.extensions [None req-87351682-d4e7-44d1-bff7-0b56f1356b60 None None] Extended resource: tags {{(pid=126997) __init__ /opt/stack/neutron/neutron/api/extensions.py:157}}
Jun 14 11:43:05 ubuntu neutron-server[126997]: DEBUG neutron.api.extensions [None req-87351682-d4e7-44d1-bff7-0b56f1356b60 None None] Extended resource: tags {{(pid=126997) __init__ /opt/stack/neutron/neutron/api/extensions.py:157}}
Jun 14 11:43:05 ubuntu neutron-server[126997]: DEBUG neutron.api.extensions [None req-87351682-d4e7-44d1-bff7-0b56f1356b60 None None] Extended resource: tags {{(pid=126997) __init__ /opt/stack/neutron/neutron/api/extensions.py:157}}
Jun 14 11:43:05 ubuntu neutron-server[126997]: DEBUG neutron.api.extensions [None req-87351682-d4e7-44d1-bff7-0b56f1356b60 None None] Extended resource: tags {{(pid=126997) __init__ /opt/stack/neutron/neutron/api/extensions.py:157}}
Jun 14 11:43:05 ubuntu neutron-server[126997]: DEBUG neutron.api.extensions [None req-87351682-d4e7-44d1-bff7-0b56f1356b60 None None] Extended resource: tags {{(pid=126997) __init__ /opt/stack/neutron/neutron/api/extensions.py:157}}
Jun 14 11:43:05 ubuntu neutron-server[126997]: DEBUG neutron.api.extensions [None req-87351682-d4e7-44d1-bff7-0b56f1356b60 None None] Extended resource: tags {{(pid=126997) __init__ /opt/stack/neutron/neutron/api/extensions.py:157}}
Jun 14 11:43:05 ubuntu neutron-server[126997]: DEBUG neutron.api.extensions [None req-87351682-d4e7-44d1-bff7-0b56f1356b60 None None] Extended resource: tags {{(pid=126997) __init__ /opt/stack/neutron/neutron/api/extensions.py:157}}
Jun 14 11:43:05 ubuntu neutron-server[126997]: DEBUG neutron.api.extensions [None req-87351682-d4e7-44d1-bff7-0b56f1356b60 None None] Extended resource: tags {{(pid=126997) __init__ /opt/stack/neutron/neutron/api/extensions.py:157}}
Jun 14 11:43:05 ubuntu neutron-server[126997]: WARNING keystonemiddleware.auth_token [None req-87351682-d4e7-44d1-bff7-0b56f1356b60 None None] AuthToken middleware is set with keystone_authtoken.service_token_roles_required set to False. This is backwards compatible but deprecated behaviour. Please set this to True.
Jun 14 11:43:05 ubuntu neutron-server[126997]: WARNING keystonemiddleware.auth_token [None req-87351682-d4e7-44d1-bff7-0b56f1356b60 None None] Configuring www_authenticate_uri to point to the public identity endpoint is required; clients may not be able to authenticate against an admin endpoint
Jun 14 11:43:05 ubuntu neutron-server[126997]: DEBUG oslo_concurrency.lockutils [None req-87351682-d4e7-44d1-bff7-0b56f1356b60 None None] Acquired lock "singleton_lock" {{(pid=126997) lock /usr/local/lib/python3.8/dist-packages/oslo_concurrency/lockutils.py:294}}
Jun 14 11:43:05 ubuntu neutron-server[126997]: DEBUG oslo_concurrency.lockutils [None req-87351682-d4e7-44d1-bff7-0b56f1356b60 None None] Releasing lock "singleton_lock" {{(pid=126997) lock /usr/local/lib/python3.8/dist-packages/oslo_concurrency/lockutils.py:312}}
Jun 14 11:43:05 ubuntu neutron-server[126997]: INFO oslo_service.service [None req-87351682-d4e7-44d1-bff7-0b56f1356b60 None None] Starting 2 workers
Jun 14 11:43:05 ubuntu neutron-server[126997]: DEBUG oslo_service.service [None req-87351682-d4e7-44d1-bff7-0b56f1356b60 None None] Started child 127203 {{(pid=126997) _start_child /usr/local/lib/python3.8/dist-packages/oslo_service/service.py:575}}
Jun 14 11:43:05 ubuntu neutron-server[126997]: DEBUG oslo_service.service [None req-87351682-d4e7-44d1-bff7-0b56f1356b60 None None] Started child 127204 {{(pid=126997) _start_child /usr/local/lib/python3.8/dist-packages/oslo_service/service.py:575}}
Jun 14 11:43:05 ubuntu neutron-server[126997]: INFO neutron.service [None req-87351682-d4e7-44d1-bff7-0b56f1356b60 None None] Neutron service started, listening on 0.0.0.0:9696
Jun 14 11:43:05 ubuntu neutron-server[126997]: DEBUG neutron_lib.callbacks.manager [None req-87351682-d4e7-44d1-bff7-0b56f1356b60 None None] Publish callbacks ['neutron.plugins.ml2.drivers.ovn.mech_driver.mech_driver.OVNMechanismDriver.pre_fork_initialize-444729'] for process (None), before_spawn {{(pid=126997) _notify_loop /usr/local/lib/python3.8/dist-packages/neutron_lib/callbacks/manager.py:176}}
Jun 14 11:43:05 ubuntu neutron-server[127203]: DEBUG neutron_lib.callbacks.manager [-] Publish callbacks ['neutron.plugins.ml2.drivers.ovn.mech_driver.mech_driver.OVNMechanismDriver.post_fork_initialize-444677'] for process (None), after_init {{(pid=127203) _notify_loop /usr/local/lib/python3.8/dist-packages/neutron_lib/callbacks/manager.py:176}}
Jun 14 11:43:05 ubuntu neutron-server[127204]: DEBUG neutron_lib.callbacks.manager [-] Publish callbacks ['neutron.plugins.ml2.drivers.ovn.mech_driver.mech_driver.OVNMechanismDriver.post_fork_initialize-444677'] for process (None), after_init {{(pid=127204) _notify_loop /usr/local/lib/python3.8/dist-packages/neutron_lib/callbacks/manager.py:176}}
Jun 14 11:43:05 ubuntu neutron-server[127204]: DEBUG dbcounter [-] [127204] Writer thread running {{(pid=127204) stat_writer /usr/local/lib/python3.8/dist-packages/dbcounter.py:99}}
Jun 14 11:43:05 ubuntu neutron-server[127203]: DEBUG dbcounter [-] [127203] Writer thread running {{(pid=127203) stat_writer /usr/local/lib/python3.8/dist-packages/dbcounter.py:99}}
Jun 14 11:43:05 ubuntu neutron-server[126997]: DEBUG ovsdbapp.backend.ovs_idl [None req-87351682-d4e7-44d1-bff7-0b56f1356b60 None None] Created schema index Port_Group.name {{(pid=126997) autocreate_indices /usr/local/lib/python3.8/dist-packages/ovsdbapp/backend/ovs_idl/__init__.py:104}}
Jun 14 11:43:05 ubuntu neutron-server[126997]: DEBUG ovsdbapp.backend.ovs_idl [None req-87351682-d4e7-44d1-bff7-0b56f1356b60 None None] Created schema index Logical_Switch_Port.name {{(pid=126997) autocreate_indices /usr/local/lib/python3.8/dist-packages/ovsdbapp/backend/ovs_idl/__init__.py:104}}
Jun 14 11:43:05 ubuntu neutron-server[127204]: INFO neutron.plugins.ml2.drivers.ovn.mech_driver.ovsdb.impl_idl_ovn [None req-e45089b8-b114-41f3-8adc-5710e7f626cb None None] Getting OvsdbNbOvnIdl for WorkerService with retry
Jun 14 11:43:05 ubuntu neutron-server[127203]: INFO neutron.plugins.ml2.drivers.ovn.mech_driver.ovsdb.impl_idl_ovn [None req-92b78383-1a4d-4541-8fb5-cda5fca3d8e7 None None] Getting OvsdbNbOvnIdl for WorkerService with retry
Jun 14 11:43:05 ubuntu neutron-server[126997]: DEBUG ovsdbapp.backend.ovs_idl.transaction [-] Running txn n=1 command(idx=0): PgAddCommand(name=neutron_pg_drop, may_exist=True, columns={'acls': []}) {{(pid=126997) do_commit /usr/local/lib/python3.8/dist-packages/ovsdbapp/backend/ovs_idl/transaction.py:90}}
Jun 14 11:43:05 ubuntu neutron-server[126997]: DEBUG ovsdbapp.backend.ovs_idl.transaction [-] Running txn n=1 command(idx=1): PgAclAddCommand(entity=neutron_pg_drop, direction=from-lport, priority=1001, match=inport == @neutron_pg_drop && ip, action=drop, log=False, may_exist=True, severity=[], name=[], meter=None, external_ids={}) {{(pid=126997) do_commit /usr/local/lib/python3.8/dist-packages/ovsdbapp/backend/ovs_idl/transaction.py:90}}
Jun 14 11:43:05 ubuntu neutron-server[126997]: DEBUG ovsdbapp.backend.ovs_idl.transaction [-] Running txn n=1 command(idx=2): PgAclAddCommand(entity=neutron_pg_drop, direction=to-lport, priority=1001, match=outport == @neutron_pg_drop && ip, action=drop, log=False, may_exist=True, severity=[], name=[], meter=None, external_ids={}) {{(pid=126997) do_commit /usr/local/lib/python3.8/dist-packages/ovsdbapp/backend/ovs_idl/transaction.py:90}}
Jun 14 11:43:05 ubuntu neutron-server[126997]: DEBUG ovsdbapp.backend.ovs_idl.event [-] Matched CREATE: NeutronPgDropPortGroupCreated(events=('create',), table='Port_Group', conditions=(('name', '=', 'neutron_pg_drop'),), old_conditions=None), priority=10 to row=Port_Group(name=neutron_pg_drop, ports=[], external_ids={}, acls=[<ovs.db.idl.Row object at 0x7f848d21dfa0>, <ovs.db.idl.Row object at 0x7f848d218640>]) old= {{(pid=126997) matches /usr/local/lib/python3.8/dist-packages/ovsdbapp/backend/ovs_idl/event.py:43}}
Jun 14 11:43:05 ubuntu neutron-server[127203]: DEBUG ovsdbapp.backend.ovs_idl [None req-92b78383-1a4d-4541-8fb5-cda5fca3d8e7 None None] Created lookup_table index Logical_Switch.name {{(pid=127203) autocreate_indices /usr/local/lib/python3.8/dist-packages/ovsdbapp/backend/ovs_idl/__init__.py:85}}
Jun 14 11:43:05 ubuntu neutron-server[127203]: DEBUG ovsdbapp.backend.ovs_idl [None req-92b78383-1a4d-4541-8fb5-cda5fca3d8e7 None None] Created lookup_table index Logical_Router.name {{(pid=127203) autocreate_indices /usr/local/lib/python3.8/dist-packages/ovsdbapp/backend/ovs_idl/__init__.py:85}}
Jun 14 11:43:05 ubuntu neutron-server[127203]: DEBUG ovsdbapp.backend.ovs_idl [None req-92b78383-1a4d-4541-8fb5-cda5fca3d8e7 None None] Created lookup_table index Load_Balancer.name {{(pid=127203) autocreate_indices /usr/local/lib/python3.8/dist-packages/ovsdbapp/backend/ovs_idl/__init__.py:85}}
Jun 14 11:43:05 ubuntu neutron-server[127203]: DEBUG ovsdbapp.backend.ovs_idl [None req-92b78383-1a4d-4541-8fb5-cda5fca3d8e7 None None] Created schema index Meter.name {{(pid=127203) autocreate_indices /usr/local/lib/python3.8/dist-packages/ovsdbapp/backend/ovs_idl/__init__.py:104}}
Jun 14 11:43:05 ubuntu neutron-server[127203]: DEBUG ovsdbapp.backend.ovs_idl [None req-92b78383-1a4d-4541-8fb5-cda5fca3d8e7 None None] Created schema index Address_Set.name {{(pid=127203) autocreate_indices /usr/local/lib/python3.8/dist-packages/ovsdbapp/backend/ovs_idl/__init__.py:104}}
Jun 14 11:43:05 ubuntu neutron-server[127203]: DEBUG ovsdbapp.backend.ovs_idl [None req-92b78383-1a4d-4541-8fb5-cda5fca3d8e7 None None] Created schema index HA_Chassis_Group.name {{(pid=127203) autocreate_indices /usr/local/lib/python3.8/dist-packages/ovsdbapp/backend/ovs_idl/__init__.py:104}}
Jun 14 11:43:05 ubuntu neutron-server[127203]: DEBUG ovsdbapp.backend.ovs_idl [None req-92b78383-1a4d-4541-8fb5-cda5fca3d8e7 None None] Created schema index Connection.target {{(pid=127203) autocreate_indices /usr/local/lib/python3.8/dist-packages/ovsdbapp/backend/ovs_idl/__init__.py:104}}
Jun 14 11:43:05 ubuntu neutron-server[127203]: DEBUG ovsdbapp.backend.ovs_idl [None req-92b78383-1a4d-4541-8fb5-cda5fca3d8e7 None None] Created schema index Gateway_Chassis.name {{(pid=127203) autocreate_indices /usr/local/lib/python3.8/dist-packages/ovsdbapp/backend/ovs_idl/__init__.py:104}}
Jun 14 11:43:05 ubuntu neutron-server[127203]: DEBUG ovsdbapp.backend.ovs_idl [None req-92b78383-1a4d-4541-8fb5-cda5fca3d8e7 None None] Created schema index Logical_Router_Port.name {{(pid=127203) autocreate_indices /usr/local/lib/python3.8/dist-packages/ovsdbapp/backend/ovs_idl/__init__.py:104}}
Jun 14 11:43:05 ubuntu neutron-server[127203]: DEBUG ovsdbapp.backend.ovs_idl [None req-92b78383-1a4d-4541-8fb5-cda5fca3d8e7 None None] Created schema index Port_Group.name {{(pid=127203) autocreate_indices /usr/local/lib/python3.8/dist-packages/ovsdbapp/backend/ovs_idl/__init__.py:104}}
Jun 14 11:43:05 ubuntu neutron-server[127204]: DEBUG ovsdbapp.backend.ovs_idl [None req-e45089b8-b114-41f3-8adc-5710e7f626cb None None] Created lookup_table index Logical_Switch.name {{(pid=127204) autocreate_indices /usr/local/lib/python3.8/dist-packages/ovsdbapp/backend/ovs_idl/__init__.py:85}}
Jun 14 11:43:05 ubuntu neutron-server[127203]: DEBUG ovsdbapp.backend.ovs_idl [None req-92b78383-1a4d-4541-8fb5-cda5fca3d8e7 None None] Created schema index Logical_Switch_Port.name {{(pid=127203) autocreate_indices /usr/local/lib/python3.8/dist-packages/ovsdbapp/backend/ovs_idl/__init__.py:104}}
Jun 14 11:43:05 ubuntu neutron-server[127204]: DEBUG ovsdbapp.backend.ovs_idl [None req-e45089b8-b114-41f3-8adc-5710e7f626cb None None] Created lookup_table index Logical_Router.name {{(pid=127204) autocreate_indices /usr/local/lib/python3.8/dist-packages/ovsdbapp/backend/ovs_idl/__init__.py:85}}
Jun 14 11:43:05 ubuntu neutron-server[127204]: DEBUG ovsdbapp.backend.ovs_idl [None req-e45089b8-b114-41f3-8adc-5710e7f626cb None None] Created lookup_table index Load_Balancer.name {{(pid=127204) autocreate_indices /usr/local/lib/python3.8/dist-packages/ovsdbapp/backend/ovs_idl/__init__.py:85}}
Jun 14 11:43:05 ubuntu neutron-server[127203]: INFO ovsdbapp.backend.ovs_idl.vlog [None req-92b78383-1a4d-4541-8fb5-cda5fca3d8e7 None None] tcp:192.168.79.40:6641: connecting...
Jun 14 11:43:05 ubuntu neutron-server[127204]: DEBUG ovsdbapp.backend.ovs_idl [None req-e45089b8-b114-41f3-8adc-5710e7f626cb None None] Created schema index Meter.name {{(pid=127204) autocreate_indices /usr/local/lib/python3.8/dist-packages/ovsdbapp/backend/ovs_idl/__init__.py:104}}
Jun 14 11:43:05 ubuntu neutron-server[127204]: DEBUG ovsdbapp.backend.ovs_idl [None req-e45089b8-b114-41f3-8adc-5710e7f626cb None None] Created schema index Address_Set.name {{(pid=127204) autocreate_indices /usr/local/lib/python3.8/dist-packages/ovsdbapp/backend/ovs_idl/__init__.py:104}}
Jun 14 11:43:05 ubuntu neutron-server[127203]: INFO ovsdbapp.backend.ovs_idl.vlog [None req-92b78383-1a4d-4541-8fb5-cda5fca3d8e7 None None] tcp:192.168.79.40:6641: connected
Jun 14 11:43:05 ubuntu neutron-server[127204]: DEBUG ovsdbapp.backend.ovs_idl [None req-e45089b8-b114-41f3-8adc-5710e7f626cb None None] Created schema index HA_Chassis_Group.name {{(pid=127204) autocreate_indices /usr/local/lib/python3.8/dist-packages/ovsdbapp/backend/ovs_idl/__init__.py:104}}
Jun 14 11:43:05 ubuntu neutron-server[127204]: DEBUG ovsdbapp.backend.ovs_idl [None req-e45089b8-b114-41f3-8adc-5710e7f626cb None None] Created schema index Connection.target {{(pid=127204) autocreate_indices /usr/local/lib/python3.8/dist-packages/ovsdbapp/backend/ovs_idl/__init__.py:104}}
Jun 14 11:43:05 ubuntu neutron-server[127204]: DEBUG ovsdbapp.backend.ovs_idl [None req-e45089b8-b114-41f3-8adc-5710e7f626cb None None] Created schema index Gateway_Chassis.name {{(pid=127204) autocreate_indices /usr/local/lib/python3.8/dist-packages/ovsdbapp/backend/ovs_idl/__init__.py:104}}
Jun 14 11:43:05 ubuntu neutron-server[127204]: DEBUG ovsdbapp.backend.ovs_idl [None req-e45089b8-b114-41f3-8adc-5710e7f626cb None None] Created schema index Logical_Router_Port.name {{(pid=127204) autocreate_indices /usr/local/lib/python3.8/dist-packages/ovsdbapp/backend/ovs_idl/__init__.py:104}}
Jun 14 11:43:05 ubuntu neutron-server[127204]: DEBUG ovsdbapp.backend.ovs_idl [None req-e45089b8-b114-41f3-8adc-5710e7f626cb None None] Created schema index Port_Group.name {{(pid=127204) autocreate_indices /usr/local/lib/python3.8/dist-packages/ovsdbapp/backend/ovs_idl/__init__.py:104}}
Jun 14 11:43:05 ubuntu neutron-server[127204]: DEBUG ovsdbapp.backend.ovs_idl [None req-e45089b8-b114-41f3-8adc-5710e7f626cb None None] Created schema index Logical_Switch_Port.name {{(pid=127204) autocreate_indices /usr/local/lib/python3.8/dist-packages/ovsdbapp/backend/ovs_idl/__init__.py:104}}
Jun 14 11:43:05 ubuntu neutron-server[127204]: INFO ovsdbapp.backend.ovs_idl.vlog [None req-e45089b8-b114-41f3-8adc-5710e7f626cb None None] tcp:192.168.79.40:6641: connecting...
Jun 14 11:43:05 ubuntu neutron-server[127204]: INFO ovsdbapp.backend.ovs_idl.vlog [None req-e45089b8-b114-41f3-8adc-5710e7f626cb None None] tcp:192.168.79.40:6641: connected
Jun 14 11:43:05 ubuntu neutron-server[126997]: DEBUG ovsdbapp.backend.ovs_idl [None req-87351682-d4e7-44d1-bff7-0b56f1356b60 None None] Created lookup_table index Logical_Switch.name {{(pid=126997) autocreate_indices /usr/local/lib/python3.8/dist-packages/ovsdbapp/backend/ovs_idl/__init__.py:85}}
Jun 14 11:43:05 ubuntu neutron-server[126997]: DEBUG ovsdbapp.backend.ovs_idl [None req-87351682-d4e7-44d1-bff7-0b56f1356b60 None None] Created lookup_table index Logical_Router.name {{(pid=126997) autocreate_indices /usr/local/lib/python3.8/dist-packages/ovsdbapp/backend/ovs_idl/__init__.py:85}}
Jun 14 11:43:05 ubuntu neutron-server[126997]: DEBUG ovsdbapp.backend.ovs_idl [None req-87351682-d4e7-44d1-bff7-0b56f1356b60 None None] Created lookup_table index Load_Balancer.name {{(pid=126997) autocreate_indices /usr/local/lib/python3.8/dist-packages/ovsdbapp/backend/ovs_idl/__init__.py:85}}
Jun 14 11:43:05 ubuntu neutron-server[126997]: DEBUG ovsdbapp.backend.ovs_idl [None req-87351682-d4e7-44d1-bff7-0b56f1356b60 None None] Created schema index Meter.name {{(pid=126997) autocreate_indices /usr/local/lib/python3.8/dist-packages/ovsdbapp/backend/ovs_idl/__init__.py:104}}
Jun 14 11:43:05 ubuntu neutron-server[126997]: DEBUG ovsdbapp.backend.ovs_idl [None req-87351682-d4e7-44d1-bff7-0b56f1356b60 None None] Created schema index Address_Set.name {{(pid=126997) autocreate_indices /usr/local/lib/python3.8/dist-packages/ovsdbapp/backend/ovs_idl/__init__.py:104}}
Jun 14 11:43:05 ubuntu neutron-server[126997]: DEBUG ovsdbapp.backend.ovs_idl [None req-87351682-d4e7-44d1-bff7-0b56f1356b60 None None] Created schema index HA_Chassis_Group.name {{(pid=126997) autocreate_indices /usr/local/lib/python3.8/dist-packages/ovsdbapp/backend/ovs_idl/__init__.py:104}}
Jun 14 11:43:05 ubuntu neutron-server[126997]: DEBUG ovsdbapp.backend.ovs_idl [None req-87351682-d4e7-44d1-bff7-0b56f1356b60 None None] Created schema index Connection.target {{(pid=126997) autocreate_indices /usr/local/lib/python3.8/dist-packages/ovsdbapp/backend/ovs_idl/__init__.py:104}}
Jun 14 11:43:05 ubuntu neutron-server[126997]: DEBUG ovsdbapp.backend.ovs_idl [None req-87351682-d4e7-44d1-bff7-0b56f1356b60 None None] Created schema index Gateway_Chassis.name {{(pid=126997) autocreate_indices /usr/local/lib/python3.8/dist-packages/ovsdbapp/backend/ovs_idl/__init__.py:104}}
Jun 14 11:43:05 ubuntu neutron-server[126997]: DEBUG ovsdbapp.backend.ovs_idl [None req-87351682-d4e7-44d1-bff7-0b56f1356b60 None None] Created schema index Logical_Router_Port.name {{(pid=126997) autocreate_indices /usr/local/lib/python3.8/dist-packages/ovsdbapp/backend/ovs_idl/__init__.py:104}}
Jun 14 11:43:05 ubuntu neutron-server[126997]: DEBUG ovsdbapp.backend.ovs_idl [None req-87351682-d4e7-44d1-bff7-0b56f1356b60 None None] Created schema index Port_Group.name {{(pid=126997) autocreate_indices /usr/local/lib/python3.8/dist-packages/ovsdbapp/backend/ovs_idl/__init__.py:104}}
Jun 14 11:43:05 ubuntu neutron-server[126997]: DEBUG ovsdbapp.backend.ovs_idl [None req-87351682-d4e7-44d1-bff7-0b56f1356b60 None None] Created schema index Logical_Switch_Port.name {{(pid=126997) autocreate_indices /usr/local/lib/python3.8/dist-packages/ovsdbapp/backend/ovs_idl/__init__.py:104}}
Jun 14 11:43:05 ubuntu neutron-server[127203]: DEBUG neutron.common.ovn.hash_ring_manager [None req-92b78383-1a4d-4541-8fb5-cda5fca3d8e7 None None] Allow caching, nodes 2>=2 {{(pid=127203) _wait_startup_before_caching /opt/stack/neutron/neutron/common/ovn/hash_ring_manager.py:60}}
Jun 14 11:43:05 ubuntu neutron-server[127204]: DEBUG neutron.common.ovn.hash_ring_manager [None req-e45089b8-b114-41f3-8adc-5710e7f626cb None None] Allow caching, nodes 2>=2 {{(pid=127204) _wait_startup_before_caching /opt/stack/neutron/neutron/common/ovn/hash_ring_manager.py:60}}
Jun 14 11:43:05 ubuntu neutron-server[127203]: DEBUG neutron.plugins.ml2.drivers.ovn.mech_driver.ovsdb.ovsdb_monitor [None req-92b78383-1a4d-4541-8fb5-cda5fca3d8e7 None None] Hash Ring: Node f4cf83b3-e26e-4fc6-b528-7b5a7c27a9a0 (host: ubuntu) handling event "create" for row ef949c2b-00ed-40dd-bffe-0cf2c8b5de7a (table: NB_Global) {{(pid=127203) notify /opt/stack/neutron/neutron/plugins/ml2/drivers/ovn/mech_driver/ovsdb/ovsdb_monitor.py:739}}
Jun 14 11:43:05 ubuntu neutron-server[127203]: DEBUG neutron.plugins.ml2.drivers.ovn.mech_driver.ovsdb.ovsdb_monitor [None req-92b78383-1a4d-4541-8fb5-cda5fca3d8e7 None None] Hash Ring: Node f4cf83b3-e26e-4fc6-b528-7b5a7c27a9a0 (host: ubuntu) handling event "create" for row a503a3e7-be72-4a74-93b3-10689ee89747 (table: ACL) {{(pid=127203) notify /opt/stack/neutron/neutron/plugins/ml2/drivers/ovn/mech_driver/ovsdb/ovsdb_monitor.py:739}}
Jun 14 11:43:05 ubuntu neutron-server[127203]: DEBUG neutron.plugins.ml2.drivers.ovn.mech_driver.ovsdb.ovsdb_monitor [None req-92b78383-1a4d-4541-8fb5-cda5fca3d8e7 None None] Hash Ring: Node f4cf83b3-e26e-4fc6-b528-7b5a7c27a9a0 (host: ubuntu) handling event "create" for row 7b4b7361-db78-42c1-b6aa-4b0b473a3388 (table: Connection) {{(pid=127203) notify /opt/stack/neutron/neutron/plugins/ml2/drivers/ovn/mech_driver/ovsdb/ovsdb_monitor.py:739}}
Jun 14 11:43:05 ubuntu neutron-server[127203]: INFO neutron.plugins.ml2.drivers.ovn.mech_driver.ovsdb.impl_idl_ovn [None req-92b78383-1a4d-4541-8fb5-cda5fca3d8e7 None None] Getting OvsdbSbOvnIdl for WorkerService with retry
Jun 14 11:43:05 ubuntu neutron-server[127203]: DEBUG ovsdbapp.backend.ovs_idl [None req-92b78383-1a4d-4541-8fb5-cda5fca3d8e7 None None] Created lookup_table index Chassis.name {{(pid=127203) autocreate_indices /usr/local/lib/python3.8/dist-packages/ovsdbapp/backend/ovs_idl/__init__.py:85}}
Jun 14 11:43:05 ubuntu neutron-server[127203]: DEBUG ovsdbapp.backend.ovs_idl [None req-92b78383-1a4d-4541-8fb5-cda5fca3d8e7 None None] Created schema index Datapath_Binding.tunnel_key {{(pid=127203) autocreate_indices /usr/local/lib/python3.8/dist-packages/ovsdbapp/backend/ovs_idl/__init__.py:104}}
Jun 14 11:43:05 ubuntu neutron-server[127203]: DEBUG ovsdbapp.backend.ovs_idl [None req-92b78383-1a4d-4541-8fb5-cda5fca3d8e7 None None] Created schema index Connection.target {{(pid=127203) autocreate_indices /usr/local/lib/python3.8/dist-packages/ovsdbapp/backend/ovs_idl/__init__.py:104}}
Jun 14 11:43:05 ubuntu neutron-server[127203]: INFO ovsdbapp.backend.ovs_idl.vlog [None req-92b78383-1a4d-4541-8fb5-cda5fca3d8e7 None None] tcp:192.168.79.40:6642: connecting...
Jun 14 11:43:05 ubuntu neutron-server[127203]: INFO ovsdbapp.backend.ovs_idl.vlog [None req-92b78383-1a4d-4541-8fb5-cda5fca3d8e7 None None] tcp:192.168.79.40:6642: connected
Jun 14 11:43:05 ubuntu neutron-server[127204]: DEBUG neutron.plugins.ml2.drivers.ovn.mech_driver.ovsdb.ovsdb_monitor [None req-e45089b8-b114-41f3-8adc-5710e7f626cb None None] Hash Ring: Node cc43e348-c29e-4bf8-b1ee-36456db0f34d (host: ubuntu) handling event "create" for row 7fe69569-d32d-4b88-9ac0-b1889acc4feb (table: Database) {{(pid=127204) notify /opt/stack/neutron/neutron/plugins/ml2/drivers/ovn/mech_driver/ovsdb/ovsdb_monitor.py:739}}
Jun 14 11:43:05 ubuntu neutron-server[127204]: DEBUG neutron.plugins.ml2.drivers.ovn.mech_driver.ovsdb.ovsdb_monitor [None req-e45089b8-b114-41f3-8adc-5710e7f626cb None None] Hash Ring: Node cc43e348-c29e-4bf8-b1ee-36456db0f34d (host: ubuntu) handling event "create" for row aaf602eb-63b5-4717-a6c0-7d4ba3d33e16 (table: Database) {{(pid=127204) notify /opt/stack/neutron/neutron/plugins/ml2/drivers/ovn/mech_driver/ovsdb/ovsdb_monitor.py:739}}
Jun 14 11:43:05 ubuntu neutron-server[126997]: DEBUG ovsdbapp.backend.ovs_idl [None req-87351682-d4e7-44d1-bff7-0b56f1356b60 None None] Created lookup_table index Chassis.name {{(pid=126997) autocreate_indices /usr/local/lib/python3.8/dist-packages/ovsdbapp/backend/ovs_idl/__init__.py:85}}
Jun 14 11:43:05 ubuntu neutron-server[126997]: DEBUG ovsdbapp.backend.ovs_idl [None req-87351682-d4e7-44d1-bff7-0b56f1356b60 None None] Created lookup_table index MAC_Binding.ip {{(pid=126997) autocreate_indices /usr/local/lib/python3.8/dist-packages/ovsdbapp/backend/ovs_idl/__init__.py:85}}
Jun 14 11:43:05 ubuntu neutron-server[126997]: DEBUG ovsdbapp.backend.ovs_idl [None req-87351682-d4e7-44d1-bff7-0b56f1356b60 None None] Created schema index Meter.name {{(pid=126997) autocreate_indices /usr/local/lib/python3.8/dist-packages/ovsdbapp/backend/ovs_idl/__init__.py:104}}
Jun 14 11:43:05 ubuntu neutron-server[126997]: DEBUG ovsdbapp.backend.ovs_idl [None req-87351682-d4e7-44d1-bff7-0b56f1356b60 None None] Created schema index Address_Set.name {{(pid=126997) autocreate_indices /usr/local/lib/python3.8/dist-packages/ovsdbapp/backend/ovs_idl/__init__.py:104}}
Jun 14 11:43:05 ubuntu neutron-server[126997]: DEBUG ovsdbapp.backend.ovs_idl [None req-87351682-d4e7-44d1-bff7-0b56f1356b60 None None] Created schema index HA_Chassis_Group.name {{(pid=126997) autocreate_indices /usr/local/lib/python3.8/dist-packages/ovsdbapp/backend/ovs_idl/__init__.py:104}}
Jun 14 11:43:05 ubuntu neutron-server[126997]: DEBUG ovsdbapp.backend.ovs_idl [None req-87351682-d4e7-44d1-bff7-0b56f1356b60 None None] Created schema index IP_Multicast.datapath {{(pid=126997) autocreate_indices /usr/local/lib/python3.8/dist-packages/ovsdbapp/backend/ovs_idl/__init__.py:104}}
Jun 14 11:43:05 ubuntu neutron-server[126997]: DEBUG ovsdbapp.backend.ovs_idl [None req-87351682-d4e7-44d1-bff7-0b56f1356b60 None None] Created schema index Connection.target {{(pid=126997) autocreate_indices /usr/local/lib/python3.8/dist-packages/ovsdbapp/backend/ovs_idl/__init__.py:104}}
Jun 14 11:43:05 ubuntu neutron-server[126997]: DEBUG ovsdbapp.backend.ovs_idl [None req-87351682-d4e7-44d1-bff7-0b56f1356b60 None None] Created schema index Gateway_Chassis.name {{(pid=126997) autocreate_indices /usr/local/lib/python3.8/dist-packages/ovsdbapp/backend/ovs_idl/__init__.py:104}}
Jun 14 11:43:05 ubuntu neutron-server[126997]: DEBUG ovsdbapp.backend.ovs_idl [None req-87351682-d4e7-44d1-bff7-0b56f1356b60 None None] Created schema index Port_Group.name {{(pid=126997) autocreate_indices /usr/local/lib/python3.8/dist-packages/ovsdbapp/backend/ovs_idl/__init__.py:104}}
Jun 14 11:43:05 ubuntu neutron-server[126997]: DEBUG ovsdbapp.backend.ovs_idl [None req-87351682-d4e7-44d1-bff7-0b56f1356b60 None None] Created schema index Datapath_Binding.tunnel_key {{(pid=126997) autocreate_indices /usr/local/lib/python3.8/dist-packages/ovsdbapp/backend/ovs_idl/__init__.py:104}}
Jun 14 11:43:05 ubuntu neutron-server[127204]: DEBUG neutron.plugins.ml2.drivers.ovn.mech_driver.ovsdb.ovsdb_monitor [None req-e45089b8-b114-41f3-8adc-5710e7f626cb None None] Hash Ring: Node cc43e348-c29e-4bf8-b1ee-36456db0f34d (host: ubuntu) handling event "create" for row 86e942e9-c58f-46e4-9054-c8b6a16aacec (table: Port_Group) {{(pid=127204) notify /opt/stack/neutron/neutron/plugins/ml2/drivers/ovn/mech_driver/ovsdb/ovsdb_monitor.py:739}}
Jun 14 11:43:05 ubuntu neutron-server[127204]: DEBUG neutron.plugins.ml2.drivers.ovn.mech_driver.ovsdb.ovsdb_monitor [None req-e45089b8-b114-41f3-8adc-5710e7f626cb None None] Hash Ring: Node cc43e348-c29e-4bf8-b1ee-36456db0f34d (host: ubuntu) handling event "create" for row 723fd10e-a26d-4bcf-ada2-109cb50e065a (table: ACL) {{(pid=127204) notify /opt/stack/neutron/neutron/plugins/ml2/drivers/ovn/mech_driver/ovsdb/ovsdb_monitor.py:739}}
Jun 14 11:43:05 ubuntu neutron-server[127204]: INFO neutron.plugins.ml2.drivers.ovn.mech_driver.ovsdb.impl_idl_ovn [None req-e45089b8-b114-41f3-8adc-5710e7f626cb None None] Getting OvsdbSbOvnIdl for WorkerService with retry
Jun 14 11:43:05 ubuntu neutron-server[127203]: DEBUG neutron.common.ovn.hash_ring_manager [None req-92b78383-1a4d-4541-8fb5-cda5fca3d8e7 None None] Allow caching, nodes 2>=2 {{(pid=127203) _wait_startup_before_caching /opt/stack/neutron/neutron/common/ovn/hash_ring_manager.py:60}}
Jun 14 11:43:05 ubuntu neutron-server[127203]: DEBUG neutron.plugins.ml2.drivers.ovn.mech_driver.ovsdb.ovsdb_monitor [None req-92b78383-1a4d-4541-8fb5-cda5fca3d8e7 None None] Hash Ring: Node f4cf83b3-e26e-4fc6-b528-7b5a7c27a9a0 (host: ubuntu) handling event "create" for row 91e5c0b8-fc93-4b88-adb1-73b63b4e9dfa (table: Database) {{(pid=127203) notify /opt/stack/neutron/neutron/plugins/ml2/drivers/ovn/mech_driver/ovsdb/ovsdb_monitor.py:739}}
Jun 14 11:43:05 ubuntu neutron-server[127204]: DEBUG ovsdbapp.backend.ovs_idl [None req-e45089b8-b114-41f3-8adc-5710e7f626cb None None] Created lookup_table index Chassis.name {{(pid=127204) autocreate_indices /usr/local/lib/python3.8/dist-packages/ovsdbapp/backend/ovs_idl/__init__.py:85}}
Jun 14 11:43:05 ubuntu neutron-server[127204]: DEBUG ovsdbapp.backend.ovs_idl [None req-e45089b8-b114-41f3-8adc-5710e7f626cb None None] Created schema index Datapath_Binding.tunnel_key {{(pid=127204) autocreate_indices /usr/local/lib/python3.8/dist-packages/ovsdbapp/backend/ovs_idl/__init__.py:104}}
Jun 14 11:43:05 ubuntu neutron-server[127203]: DEBUG neutron.plugins.ml2.drivers.ovn.mech_driver.ovsdb.ovsdb_monitor [None req-92b78383-1a4d-4541-8fb5-cda5fca3d8e7 None None] Hash Ring: Node f4cf83b3-e26e-4fc6-b528-7b5a7c27a9a0 (host: ubuntu) handling event "create" for row f62fea58-c115-4e12-97c1-f1a03b9bd617 (table: Database) {{(pid=127203) notify /opt/stack/neutron/neutron/plugins/ml2/drivers/ovn/mech_driver/ovsdb/ovsdb_monitor.py:739}}
Jun 14 11:43:05 ubuntu neutron-server[127204]: DEBUG ovsdbapp.backend.ovs_idl [None req-e45089b8-b114-41f3-8adc-5710e7f626cb None None] Created schema index Connection.target {{(pid=127204) autocreate_indices /usr/local/lib/python3.8/dist-packages/ovsdbapp/backend/ovs_idl/__init__.py:104}}
Jun 14 11:43:05 ubuntu neutron-server[127204]: INFO ovsdbapp.backend.ovs_idl.vlog [None req-e45089b8-b114-41f3-8adc-5710e7f626cb None None] tcp:192.168.79.40:6642: connecting...
Jun 14 11:43:05 ubuntu neutron-server[127204]: INFO ovsdbapp.backend.ovs_idl.vlog [None req-e45089b8-b114-41f3-8adc-5710e7f626cb None None] tcp:192.168.79.40:6642: connected
Jun 14 11:43:05 ubuntu neutron-server[127203]: DEBUG neutron.plugins.ml2.drivers.ovn.mech_driver.ovsdb.ovsdb_monitor [None req-92b78383-1a4d-4541-8fb5-cda5fca3d8e7 None None] ChassisMetadataAgentWriteEvent : Matched Chassis, create, None None {{(pid=127203) matches /opt/stack/neutron/neutron/plugins/ml2/drivers/ovn/mech_driver/ovsdb/ovsdb_monitor.py:62}}
Jun 14 11:43:05 ubuntu neutron-server[127203]: DEBUG neutron.plugins.ml2.drivers.ovn.mech_driver.ovsdb.ovsdb_monitor [None req-92b78383-1a4d-4541-8fb5-cda5fca3d8e7 None None] ChassisAgentWriteEvent : Matched Chassis, create, None None {{(pid=127203) matches /opt/stack/neutron/neutron/plugins/ml2/drivers/ovn/mech_driver/ovsdb/ovsdb_monitor.py:62}}
Jun 14 11:43:05 ubuntu neutron-server[127203]: DEBUG neutron.plugins.ml2.drivers.ovn.mech_driver.ovsdb.ovsdb_monitor [None req-92b78383-1a4d-4541-8fb5-cda5fca3d8e7 None None] Hash Ring: Node f4cf83b3-e26e-4fc6-b528-7b5a7c27a9a0 (host: ubuntu) handling event "create" for row b3289c6e-4a08-40ab-8e40-e9f6e24ca239 (table: Chassis) {{(pid=127203) notify /opt/stack/neutron/neutron/plugins/ml2/drivers/ovn/mech_driver/ovsdb/ovsdb_monitor.py:739}}
Jun 14 11:43:05 ubuntu neutron-server[127203]: INFO neutron.wsgi [-] (127203) wsgi starting up on http://0.0.0.0:9696
Jun 14 11:43:05 ubuntu neutron-server[127203]: DEBUG neutron.wsgi [-] (127203) accepted ('192.168.79.40', 58488) {{(pid=127203) server /usr/local/lib/python3.8/dist-packages/eventlet/wsgi.py:1004}}
Jun 14 11:43:05 ubuntu neutron-server[127203]: INFO neutron.wsgi [-] 192.168.79.40 "GET / HTTP/1.1" status: 200  len: 255 time: 0.0051281
Jun 14 11:43:05 ubuntu neutron-server[126997]: INFO oslo_service.service [None req-87351682-d4e7-44d1-bff7-0b56f1356b60 None None] Starting 1 workers
Jun 14 11:43:05 ubuntu neutron-server[126997]: DEBUG oslo_service.service [None req-87351682-d4e7-44d1-bff7-0b56f1356b60 None None] Started child 127208 {{(pid=126997) _start_child /usr/local/lib/python3.8/dist-packages/oslo_service/service.py:575}}
Jun 14 11:43:05 ubuntu neutron-server[126997]: INFO oslo_service.service [None req-87351682-d4e7-44d1-bff7-0b56f1356b60 None None] Starting 1 workers
Jun 14 11:43:05 ubuntu neutron-server[127208]: DEBUG neutron.service [None req-87351682-d4e7-44d1-bff7-0b56f1356b60 None None] calling RpcWorker wait() {{(pid=127208) _wait /opt/stack/neutron/neutron/service.py:128}}
Jun 14 11:43:05 ubuntu neutron-server[127208]: DEBUG neutron.service [None req-87351682-d4e7-44d1-bff7-0b56f1356b60 None None] returning from RpcWorker wait() {{(pid=127208) _wait /opt/stack/neutron/neutron/service.py:135}}
Jun 14 11:43:05 ubuntu neutron-server[127208]: DEBUG neutron_lib.callbacks.manager [-] Publish callbacks ['neutron.plugins.ml2.drivers.ovn.mech_driver.mech_driver.OVNMechanismDriver.post_fork_initialize-444677'] for process (None), after_init {{(pid=127208) _notify_loop /usr/local/lib/python3.8/dist-packages/neutron_lib/callbacks/manager.py:176}}
Jun 14 11:43:05 ubuntu neutron-server[126997]: DEBUG oslo_service.service [None req-87351682-d4e7-44d1-bff7-0b56f1356b60 None None] Started child 127211 {{(pid=126997) _start_child /usr/local/lib/python3.8/dist-packages/oslo_service/service.py:575}}
Jun 14 11:43:05 ubuntu neutron-server[126997]: INFO oslo_service.service [None req-87351682-d4e7-44d1-bff7-0b56f1356b60 None None] Starting 1 workers
Jun 14 11:43:05 ubuntu neutron-server[127208]: INFO neutron.plugins.ml2.drivers.ovn.mech_driver.ovsdb.impl_idl_ovn [-] Getting OvsdbNbOvnIdl for RpcWorker with retry
Jun 14 11:43:05 ubuntu neutron-server[126997]: DEBUG oslo_service.service [None req-87351682-d4e7-44d1-bff7-0b56f1356b60 None None] Started child 127213 {{(pid=126997) _start_child /usr/local/lib/python3.8/dist-packages/oslo_service/service.py:575}}
Jun 14 11:43:05 ubuntu neutron-server[126997]: DEBUG neutron_lib.callbacks.manager [None req-87351682-d4e7-44d1-bff7-0b56f1356b60 None None] Publish callbacks [] for process (None), after_spawn {{(pid=126997) _notify_loop /usr/local/lib/python3.8/dist-packages/neutron_lib/callbacks/manager.py:176}}
Jun 14 11:43:05 ubuntu neutron-server[126997]: DEBUG oslo_service.service [-] Full set of CONF: {{(pid=126997) wait /usr/local/lib/python3.8/dist-packages/oslo_service/service.py:649}}
Jun 14 11:43:05 ubuntu neutron-server[126997]: DEBUG oslo_service.service [-] ******************************************************************************** {{(pid=126997) log_opt_values /usr/local/lib/python3.8/dist-packages/oslo_config/cfg.py:2589}}
Jun 14 11:43:05 ubuntu neutron-server[126997]: DEBUG oslo_service.service [-] Configuration options gathered from: {{(pid=126997) log_opt_values /usr/local/lib/python3.8/dist-packages/oslo_config/cfg.py:2590}}
Jun 14 11:43:05 ubuntu neutron-server[126997]: DEBUG oslo_service.service [-] command line args: ['--config-file', '/etc/neutron/neutron.conf', '--config-file', '/etc/neutron/plugins/ml2/ml2_conf.ini'] {{(pid=126997) log_opt_values /usr/local/lib/python3.8/dist-packages/oslo_config/cfg.py:2591}}
Jun 14 11:43:05 ubuntu neutron-server[126997]: DEBUG oslo_service.service [-] config files: ['/etc/neutron/neutron.conf', '/etc/neutron/plugins/ml2/ml2_conf.ini'] {{(pid=126997) log_opt_values /usr/local/lib/python3.8/dist-packages/oslo_config/cfg.py:2592}}
Jun 14 11:43:05 ubuntu neutron-server[126997]: DEBUG oslo_service.service [-] ================================================================================ {{(pid=126997) log_opt_values /usr/local/lib/python3.8/dist-packages/oslo_config/cfg.py:2594}}
Jun 14 11:43:05 ubuntu neutron-server[127211]: DEBUG neutron_lib.callbacks.manager [-] Publish callbacks ['neutron.plugins.ml2.drivers.ovn.mech_driver.mech_driver.OVNMechanismDriver.post_fork_initialize-444677'] for process (None), after_init {{(pid=127211) _notify_loop /usr/local/lib/python3.8/dist-packages/neutron_lib/callbacks/manager.py:176}}
