May 10 19:11:04 ubuntu devstack@g-api.service[123538]: DEBUG glance_store.location [None req-d16a3183-7ec6-48f8-8cfe-75777611f91d admin admin] Registering scheme swift+https with {'store': <glance_store._drivers.swift.store.SingleTenantStore object at 0x7fe30bc93610>, 'location_class': <class 'glance_store._drivers.swift.store.StoreLocation'>, 'store_entry': 'swift'} {{(pid=123538) register_scheme_map /usr/local/lib/python3.8/dist-packages/glance_store/location.py:146}}
May 10 19:11:04 ubuntu devstack@g-api.service[123538]: DEBUG glance_store.location [None req-d16a3183-7ec6-48f8-8cfe-75777611f91d admin admin] Registering scheme swift+https with {'store': <glance_store._drivers.swift.store.SingleTenantStore object at 0x7fe30bc93610>, 'location_class': <class 'glance_store._drivers.swift.store.StoreLocation'>, 'store_entry': 'swift'} {{(pid=123538) register_scheme_map /usr/local/lib/python3.8/dist-packages/glance_store/location.py:146}}
May 10 19:11:04 ubuntu devstack@g-api.service[123538]: DEBUG glance_store.location [None req-d16a3183-7ec6-48f8-8cfe-75777611f91d admin admin] Registering scheme swift with {'store': <glance_store._drivers.swift.store.SingleTenantStore object at 0x7fe30bc93610>, 'location_class': <class 'glance_store._drivers.swift.store.StoreLocation'>, 'store_entry': 'swift'} {{(pid=123538) register_scheme_map /usr/local/lib/python3.8/dist-packages/glance_store/location.py:146}}
May 10 19:11:04 ubuntu devstack@g-api.service[123538]: DEBUG glance_store.location [None req-d16a3183-7ec6-48f8-8cfe-75777611f91d admin admin] Registering scheme swift+https with {'store': <glance_store._drivers.swift.store.SingleTenantStore object at 0x7fe30bc93610>, 'location_class': <class 'glance_store._drivers.swift.store.StoreLocation'>, 'store_entry': 'swift'} {{(pid=123538) register_scheme_map /usr/local/lib/python3.8/dist-packages/glance_store/location.py:146}}
May 10 19:11:04 ubuntu devstack@g-api.service[123538]: DEBUG glance_store.location [None req-d16a3183-7ec6-48f8-8cfe-75777611f91d admin admin] Registering scheme swift with {'store': <glance_store._drivers.swift.store.SingleTenantStore object at 0x7fe30bc93610>, 'location_class': <class 'glance_store._drivers.swift.store.StoreLocation'>, 'store_entry': 'swift'} {{(pid=123538) register_scheme_map /usr/local/lib/python3.8/dist-packages/glance_store/location.py:146}}
May 10 19:11:04 ubuntu devstack@g-api.service[123538]: DEBUG glance_store.location [None req-d16a3183-7ec6-48f8-8cfe-75777611f91d admin admin] Registering scheme swift+http with {'store': <glance_store._drivers.swift.store.SingleTenantStore object at 0x7fe30bc93610>, 'location_class': <class 'glance_store._drivers.swift.store.StoreLocation'>, 'store_entry': 'swift'} {{(pid=123538) register_scheme_map /usr/local/lib/python3.8/dist-packages/glance_store/location.py:146}}
May 10 19:11:04 ubuntu devstack@g-api.service[123538]: DEBUG glance_store.location [None req-d16a3183-7ec6-48f8-8cfe-75777611f91d admin admin] Registering scheme swift+https with {'store': <glance_store._drivers.swift.store.SingleTenantStore object at 0x7fe30bc93610>, 'location_class': <class 'glance_store._drivers.swift.store.StoreLocation'>, 'store_entry': 'swift'} {{(pid=123538) register_scheme_map /usr/local/lib/python3.8/dist-packages/glance_store/location.py:146}}
May 10 19:11:04 ubuntu devstack@g-api.service[123538]: DEBUG glance_store.location [None req-d16a3183-7ec6-48f8-8cfe-75777611f91d admin admin] Registering scheme swift with {'store': <glance_store._drivers.swift.store.SingleTenantStore object at 0x7fe30bc93610>, 'location_class': <class 'glance_store._drivers.swift.store.StoreLocation'>, 'store_entry': 'swift'} {{(pid=123538) register_scheme_map /usr/local/lib/python3.8/dist-packages/glance_store/location.py:146}}
May 10 19:11:04 ubuntu devstack@g-api.service[123538]: DEBUG glance_store.location [None req-d16a3183-7ec6-48f8-8cfe-75777611f91d admin admin] Registering scheme swift+http with {'store': <glance_store._drivers.swift.store.SingleTenantStore object at 0x7fe30bc93610>, 'location_class': <class 'glance_store._drivers.swift.store.StoreLocation'>, 'store_entry': 'swift'} {{(pid=123538) register_scheme_map /usr/local/lib/python3.8/dist-packages/glance_store/location.py:146}}
May 10 19:11:04 ubuntu devstack@g-api.service[123538]: DEBUG glance_store.location [None req-d16a3183-7ec6-48f8-8cfe-75777611f91d admin admin] Registering scheme swift+config with {'store': <glance_store._drivers.swift.store.SingleTenantStore object at 0x7fe30bc93610>, 'location_class': <class 'glance_store._drivers.swift.store.StoreLocation'>, 'store_entry': 'swift'} {{(pid=123538) register_scheme_map /usr/local/lib/python3.8/dist-packages/glance_store/location.py:146}}
May 10 19:11:04 ubuntu devstack@g-api.service[123538]: DEBUG glance_store.backend [None req-d16a3183-7ec6-48f8-8cfe-75777611f91d admin admin] Skipping store.set_acls... not implemented. {{(pid=123538) set_acls /usr/local/lib/python3.8/dist-packages/glance_store/backend.py:509}}
May 10 19:11:04 ubuntu devstack@g-api.service[123538]: [pid: 123538|app: 0|req: 3/4] 127.0.0.1 () {40 vars in 862 bytes} [Tue May 10 19:11:01 2022] PUT /v2/images/2023b312-bc0c-4a51-9cc0-92a00d915e86/file => generated 0 bytes in 2083 msecs (HTTP/1.1 204) 4 headers in 171 bytes (1 switches on core 0)
May 10 19:11:48 ubuntu devstack@g-api.service[123537]: DEBUG glance.api.middleware.version_negotiation [None req-919171c7-a053-4098-8b56-3f340f5942ea admin admin] Determining version of request: GET / Accept: application/json {{(pid=123537) process_request /opt/stack/glance/glance/api/middleware/version_negotiation.py:44}}
May 10 19:11:48 ubuntu devstack@g-api.service[123537]: DEBUG glance.api.middleware.version_negotiation [None req-919171c7-a053-4098-8b56-3f340f5942ea admin admin] Using url versioning {{(pid=123537) process_request /opt/stack/glance/glance/api/middleware/version_negotiation.py:57}}
May 10 19:11:48 ubuntu devstack@g-api.service[123537]: DEBUG glance.api.middleware.version_negotiation [None req-919171c7-a053-4098-8b56-3f340f5942ea admin admin] Unknown version. Returning version choices. {{(pid=123537) process_request /opt/stack/glance/glance/api/middleware/version_negotiation.py:64}}
May 10 19:11:48 ubuntu devstack@g-api.service[123537]: [pid: 123537|app: 0|req: 2/5] 127.0.0.1 () {34 vars in 506 bytes} [Tue May 10 19:11:48 2022] GET / => generated 1213 bytes in 9 msecs (HTTP/1.1 300) 3 headers in 106 bytes (1 switches on core 0)
May 10 19:11:48 ubuntu devstack@g-api.service[123538]: DEBUG glance.api.middleware.version_negotiation [None req-d16a3183-7ec6-48f8-8cfe-75777611f91d admin admin] Determining version of request: GET /v2/images Accept: application/json {{(pid=123538) process_request /opt/stack/glance/glance/api/middleware/version_negotiation.py:44}}
May 10 19:11:48 ubuntu devstack@g-api.service[123538]: DEBUG glance.api.middleware.version_negotiation [None req-d16a3183-7ec6-48f8-8cfe-75777611f91d admin admin] Using url versioning {{(pid=123538) process_request /opt/stack/glance/glance/api/middleware/version_negotiation.py:57}}
May 10 19:11:48 ubuntu devstack@g-api.service[123538]: DEBUG glance.api.middleware.version_negotiation [None req-d16a3183-7ec6-48f8-8cfe-75777611f91d admin admin] Matched version: v2 {{(pid=123538) process_request /opt/stack/glance/glance/api/middleware/version_negotiation.py:69}}
May 10 19:11:48 ubuntu devstack@g-api.service[123538]: DEBUG glance.api.middleware.version_negotiation [None req-d16a3183-7ec6-48f8-8cfe-75777611f91d admin admin] new path /v2/images {{(pid=123538) process_request /opt/stack/glance/glance/api/middleware/version_negotiation.py:70}}
May 10 19:11:48 ubuntu devstack@g-api.service[123538]: [pid: 123538|app: 0|req: 4/6] 127.0.0.1 () {36 vars in 728 bytes} [Tue May 10 19:11:48 2022] GET /v2/images => generated 1045 bytes in 148 msecs (HTTP/1.1 200) 4 headers in 158 bytes (1 switches on core 0)
May 10 19:11:54 ubuntu devstack@g-api.service[123537]: DEBUG glance.api.middleware.version_negotiation [None req-919171c7-a053-4098-8b56-3f340f5942ea admin admin] Determining version of request: GET / Accept: application/json {{(pid=123537) process_request /opt/stack/glance/glance/api/middleware/version_negotiation.py:44}}
May 10 19:11:54 ubuntu devstack@g-api.service[123537]: DEBUG glance.api.middleware.version_negotiation [None req-919171c7-a053-4098-8b56-3f340f5942ea admin admin] Using url versioning {{(pid=123537) process_request /opt/stack/glance/glance/api/middleware/version_negotiation.py:57}}
May 10 19:11:54 ubuntu devstack@g-api.service[123537]: DEBUG glance.api.middleware.version_negotiation [None req-919171c7-a053-4098-8b56-3f340f5942ea admin admin] Unknown version. Returning version choices. {{(pid=123537) process_request /opt/stack/glance/glance/api/middleware/version_negotiation.py:64}}
May 10 19:11:54 ubuntu devstack@g-api.service[123537]: [pid: 123537|app: 0|req: 3/7] 127.0.0.1 () {34 vars in 506 bytes} [Tue May 10 19:11:54 2022] GET / => generated 1213 bytes in 5 msecs (HTTP/1.1 300) 3 headers in 106 bytes (1 switches on core 0)
May 10 19:11:54 ubuntu devstack@g-api.service[123538]: DEBUG glance.api.middleware.version_negotiation [None req-65965a4f-bf89-4957-84e8-24fb4a5ecc22 admin admin] Determining version of request: GET /v2/images/2023b312-bc0c-4a51-9cc0-92a00d915e86 Accept: */* {{(pid=123538) process_request /opt/stack/glance/glance/api/middleware/version_negotiation.py:44}}
May 10 19:11:54 ubuntu devstack@g-api.service[123538]: DEBUG glance.api.middleware.version_negotiation [None req-65965a4f-bf89-4957-84e8-24fb4a5ecc22 admin admin] Using url versioning {{(pid=123538) process_request /opt/stack/glance/glance/api/middleware/version_negotiation.py:57}}
May 10 19:11:54 ubuntu devstack@g-api.service[123538]: DEBUG glance.api.middleware.version_negotiation [None req-65965a4f-bf89-4957-84e8-24fb4a5ecc22 admin admin] Matched version: v2 {{(pid=123538) process_request /opt/stack/glance/glance/api/middleware/version_negotiation.py:69}}
May 10 19:11:54 ubuntu devstack@g-api.service[123538]: DEBUG glance.api.middleware.version_negotiation [None req-65965a4f-bf89-4957-84e8-24fb4a5ecc22 admin admin] new path /v2/images/2023b312-bc0c-4a51-9cc0-92a00d915e86 {{(pid=123538) process_request /opt/stack/glance/glance/api/middleware/version_negotiation.py:70}}
May 10 19:11:54 ubuntu devstack@g-api.service[123538]: [pid: 123538|app: 0|req: 5/8] 127.0.0.1 () {36 vars in 789 bytes} [Tue May 10 19:11:54 2022] GET /v2/images/2023b312-bc0c-4a51-9cc0-92a00d915e86 => generated 976 bytes in 45 msecs (HTTP/1.1 200) 4 headers in 157 bytes (1 switches on core 0)
May 10 19:11:57 ubuntu devstack@g-api.service[123537]: DEBUG glance.api.middleware.version_negotiation [None req-919171c7-a053-4098-8b56-3f340f5942ea admin admin] Determining version of request: GET / Accept: application/json {{(pid=123537) process_request /opt/stack/glance/glance/api/middleware/version_negotiation.py:44}}
May 10 19:11:57 ubuntu devstack@g-api.service[123537]: DEBUG glance.api.middleware.version_negotiation [None req-919171c7-a053-4098-8b56-3f340f5942ea admin admin] Using url versioning {{(pid=123537) process_request /opt/stack/glance/glance/api/middleware/version_negotiation.py:57}}
May 10 19:11:57 ubuntu devstack@g-api.service[123537]: DEBUG glance.api.middleware.version_negotiation [None req-919171c7-a053-4098-8b56-3f340f5942ea admin admin] Unknown version. Returning version choices. {{(pid=123537) process_request /opt/stack/glance/glance/api/middleware/version_negotiation.py:64}}
May 10 19:11:57 ubuntu devstack@g-api.service[123537]: [pid: 123537|app: 0|req: 4/9] 127.0.0.1 () {34 vars in 506 bytes} [Tue May 10 19:11:57 2022] GET / => generated 1213 bytes in 5 msecs (HTTP/1.1 300) 3 headers in 106 bytes (1 switches on core 0)
May 10 19:11:57 ubuntu devstack@g-api.service[123538]: DEBUG glance.api.middleware.version_negotiation [None req-734cd143-8218-4982-b571-77de99915ef0 admin admin] Determining version of request: GET /v2/images/2023b312-bc0c-4a51-9cc0-92a00d915e86 Accept: */* {{(pid=123538) process_request /opt/stack/glance/glance/api/middleware/version_negotiation.py:44}}
May 10 19:11:57 ubuntu devstack@g-api.service[123538]: DEBUG glance.api.middleware.version_negotiation [None req-734cd143-8218-4982-b571-77de99915ef0 admin admin] Using url versioning {{(pid=123538) process_request /opt/stack/glance/glance/api/middleware/version_negotiation.py:57}}
May 10 19:11:57 ubuntu devstack@g-api.service[123538]: DEBUG glance.api.middleware.version_negotiation [None req-734cd143-8218-4982-b571-77de99915ef0 admin admin] Matched version: v2 {{(pid=123538) process_request /opt/stack/glance/glance/api/middleware/version_negotiation.py:69}}
May 10 19:11:57 ubuntu devstack@g-api.service[123538]: DEBUG glance.api.middleware.version_negotiation [None req-734cd143-8218-4982-b571-77de99915ef0 admin admin] new path /v2/images/2023b312-bc0c-4a51-9cc0-92a00d915e86 {{(pid=123538) process_request /opt/stack/glance/glance/api/middleware/version_negotiation.py:70}}
May 10 19:11:58 ubuntu devstack@g-api.service[123538]: [pid: 123538|app: 0|req: 6/10] 127.0.0.1 () {36 vars in 789 bytes} [Tue May 10 19:11:57 2022] GET /v2/images/2023b312-bc0c-4a51-9cc0-92a00d915e86 => generated 976 bytes in 56 msecs (HTTP/1.1 200) 4 headers in 157 bytes (1 switches on core 0)
May 10 19:13:34 ubuntu devstack@g-api.service[123537]: DEBUG glance.api.middleware.version_negotiation [None req-919171c7-a053-4098-8b56-3f340f5942ea admin admin] Determining version of request: GET /v1 Accept: application/json {{(pid=123537) process_request /opt/stack/glance/glance/api/middleware/version_negotiation.py:44}}
May 10 19:13:34 ubuntu devstack@g-api.service[123537]: DEBUG glance.api.middleware.version_negotiation [None req-919171c7-a053-4098-8b56-3f340f5942ea admin admin] Using url versioning {{(pid=123537) process_request /opt/stack/glance/glance/api/middleware/version_negotiation.py:57}}
May 10 19:13:34 ubuntu devstack@g-api.service[123537]: DEBUG glance.api.middleware.version_negotiation [None req-919171c7-a053-4098-8b56-3f340f5942ea admin admin] Unknown version. Returning version choices. {{(pid=123537) process_request /opt/stack/glance/glance/api/middleware/version_negotiation.py:64}}
May 10 19:13:34 ubuntu devstack@g-api.service[123537]: [pid: 123537|app: 0|req: 5/11] 127.0.0.1 () {38 vars in 685 bytes} [Tue May 10 19:13:34 2022] GET /v1 => generated 1213 bytes in 4 msecs (HTTP/1.1 300) 3 headers in 106 bytes (1 switches on core 0)
May 10 19:15:52 ubuntu devstack@g-api.service[123537]: DEBUG oslo_concurrency.lockutils [-] Acquired lock "glance-cache" {{(pid=123537) lock /usr/local/lib/python3.8/dist-packages/oslo_concurrency/lockutils.py:294}}
May 10 19:15:52 ubuntu devstack@g-api.service[123537]: DEBUG oslo_concurrency.lockutils [-] Acquired external semaphore "glance-cache" {{(pid=123537) lock /usr/local/lib/python3.8/dist-packages/oslo_concurrency/lockutils.py:302}}
May 10 19:15:52 ubuntu devstack@g-api.service[123537]: DEBUG glance.image_cache.prefetcher [-] Nothing to prefetch. {{(pid=123537) run /opt/stack/glance/glance/image_cache/prefetcher.py:79}}
May 10 19:15:52 ubuntu devstack@g-api.service[123537]: DEBUG oslo_concurrency.lockutils [-] Releasing lock "glance-cache" {{(pid=123537) lock /usr/local/lib/python3.8/dist-packages/oslo_concurrency/lockutils.py:312}}
May 10 19:15:52 ubuntu devstack@g-api.service[123538]: DEBUG oslo_concurrency.lockutils [-] Acquired lock "glance-cache" {{(pid=123538) lock /usr/local/lib/python3.8/dist-packages/oslo_concurrency/lockutils.py:294}}
May 10 19:15:52 ubuntu devstack@g-api.service[123538]: DEBUG oslo_concurrency.lockutils [-] Acquired external semaphore "glance-cache" {{(pid=123538) lock /usr/local/lib/python3.8/dist-packages/oslo_concurrency/lockutils.py:302}}
May 10 19:15:52 ubuntu devstack@g-api.service[123538]: DEBUG glance.image_cache.prefetcher [-] Nothing to prefetch. {{(pid=123538) run /opt/stack/glance/glance/image_cache/prefetcher.py:79}}
May 10 19:15:52 ubuntu devstack@g-api.service[123538]: DEBUG oslo_concurrency.lockutils [-] Releasing lock "glance-cache" {{(pid=123538) lock /usr/local/lib/python3.8/dist-packages/oslo_concurrency/lockutils.py:312}}
May 10 19:15:56 ubuntu devstack@g-api.service[123538]: DEBUG glance.api.middleware.version_negotiation [None req-5c957a5d-db41-459d-aacb-0f12678e08ae admin admin] Determining version of request: GET /versions Accept: */* {{(pid=123538) process_request /opt/stack/glance/glance/api/middleware/version_negotiation.py:44}}
May 10 19:15:56 ubuntu devstack@g-api.service[123538]: [pid: 123538|app: 0|req: 7/12] 127.0.0.1 () {38 vars in 695 bytes} [Tue May 10 19:15:56 2022] GET /versions => generated 1213 bytes in 4 msecs (HTTP/1.1 200) 3 headers in 92 bytes (1 switches on core 0)
May 10 19:15:56 ubuntu devstack@g-api.service[123537]: DEBUG glance.api.middleware.version_negotiation [None req-919171c7-a053-4098-8b56-3f340f5942ea admin admin] Determining version of request: GET /v2/schemas/image Accept: */* {{(pid=123537) process_request /opt/stack/glance/glance/api/middleware/version_negotiation.py:44}}
May 10 19:15:56 ubuntu devstack@g-api.service[123537]: DEBUG glance.api.middleware.version_negotiation [None req-919171c7-a053-4098-8b56-3f340f5942ea admin admin] Using url versioning {{(pid=123537) process_request /opt/stack/glance/glance/api/middleware/version_negotiation.py:57}}
May 10 19:15:56 ubuntu devstack@g-api.service[123537]: DEBUG glance.api.middleware.version_negotiation [None req-919171c7-a053-4098-8b56-3f340f5942ea admin admin] Matched version: v2 {{(pid=123537) process_request /opt/stack/glance/glance/api/middleware/version_negotiation.py:69}}
May 10 19:15:56 ubuntu devstack@g-api.service[123537]: DEBUG glance.api.middleware.version_negotiation [None req-919171c7-a053-4098-8b56-3f340f5942ea admin admin] new path /v2/schemas/image {{(pid=123537) process_request /opt/stack/glance/glance/api/middleware/version_negotiation.py:70}}
May 10 19:15:56 ubuntu devstack@g-api.service[123537]: [pid: 123537|app: 0|req: 6/13] 127.0.0.1 () {38 vars in 711 bytes} [Tue May 10 19:15:56 2022] GET /v2/schemas/image => generated 6083 bytes in 88 msecs (HTTP/1.1 200) 4 headers in 158 bytes (1 switches on core 0)
May 10 19:15:56 ubuntu devstack@g-api.service[123538]: DEBUG glance.api.middleware.version_negotiation [None req-5c957a5d-db41-459d-aacb-0f12678e08ae admin admin] Determining version of request: GET /v2/schemas/metadefs/namespace Accept: */* {{(pid=123538) process_request /opt/stack/glance/glance/api/middleware/version_negotiation.py:44}}
May 10 19:15:56 ubuntu devstack@g-api.service[123538]: DEBUG glance.api.middleware.version_negotiation [None req-5c957a5d-db41-459d-aacb-0f12678e08ae admin admin] Using url versioning {{(pid=123538) process_request /opt/stack/glance/glance/api/middleware/version_negotiation.py:57}}
May 10 19:15:56 ubuntu devstack@g-api.service[123538]: DEBUG glance.api.middleware.version_negotiation [None req-5c957a5d-db41-459d-aacb-0f12678e08ae admin admin] Matched version: v2 {{(pid=123538) process_request /opt/stack/glance/glance/api/middleware/version_negotiation.py:69}}
May 10 19:15:56 ubuntu devstack@g-api.service[123538]: DEBUG glance.api.middleware.version_negotiation [None req-5c957a5d-db41-459d-aacb-0f12678e08ae admin admin] new path /v2/schemas/metadefs/namespace {{(pid=123538) process_request /opt/stack/glance/glance/api/middleware/version_negotiation.py:70}}
May 10 19:15:56 ubuntu devstack@g-api.service[123538]: [pid: 123538|app: 0|req: 8/14] 127.0.0.1 () {38 vars in 737 bytes} [Tue May 10 19:15:56 2022] GET /v2/schemas/metadefs/namespace => generated 3100 bytes in 6 msecs (HTTP/1.1 200) 4 headers in 158 bytes (1 switches on core 0)
May 10 19:15:56 ubuntu devstack@g-api.service[123537]: DEBUG glance.api.middleware.version_negotiation [None req-6b6661eb-00cf-4fb6-b1d2-a718778fa6a7 admin admin] Determining version of request: GET /v2/schemas/metadefs/resource_type Accept: */* {{(pid=123537) process_request /opt/stack/glance/glance/api/middleware/version_negotiation.py:44}}
May 10 19:15:56 ubuntu devstack@g-api.service[123537]: DEBUG glance.api.middleware.version_negotiation [None req-6b6661eb-00cf-4fb6-b1d2-a718778fa6a7 admin admin] Using url versioning {{(pid=123537) process_request /opt/stack/glance/glance/api/middleware/version_negotiation.py:57}}
May 10 19:15:56 ubuntu devstack@g-api.service[123537]: DEBUG glance.api.middleware.version_negotiation [None req-6b6661eb-00cf-4fb6-b1d2-a718778fa6a7 admin admin] Matched version: v2 {{(pid=123537) process_request /opt/stack/glance/glance/api/middleware/version_negotiation.py:69}}
May 10 19:15:56 ubuntu devstack@g-api.service[123537]: DEBUG glance.api.middleware.version_negotiation [None req-6b6661eb-00cf-4fb6-b1d2-a718778fa6a7 admin admin] new path /v2/schemas/metadefs/resource_type {{(pid=123537) process_request /opt/stack/glance/glance/api/middleware/version_negotiation.py:70}}
May 10 19:15:56 ubuntu devstack@g-api.service[123537]: [pid: 123537|app: 0|req: 7/15] 127.0.0.1 () {38 vars in 745 bytes} [Tue May 10 19:15:56 2022] GET /v2/schemas/metadefs/resource_type => generated 1262 bytes in 5 msecs (HTTP/1.1 200) 4 headers in 158 bytes (1 switches on core 0)
May 10 19:15:56 ubuntu devstack@g-api.service[123538]: DEBUG glance.api.middleware.version_negotiation [None req-ad51b983-08c1-4fb2-9022-f6b0d3683c28 admin admin] Determining version of request: GET /v2/images Accept: */* {{(pid=123538) process_request /opt/stack/glance/glance/api/middleware/version_negotiation.py:44}}
May 10 19:15:56 ubuntu devstack@g-api.service[123538]: DEBUG glance.api.middleware.version_negotiation [None req-ad51b983-08c1-4fb2-9022-f6b0d3683c28 admin admin] Using url versioning {{(pid=123538) process_request /opt/stack/glance/glance/api/middleware/version_negotiation.py:57}}
May 10 19:15:56 ubuntu devstack@g-api.service[123538]: DEBUG glance.api.middleware.version_negotiation [None req-ad51b983-08c1-4fb2-9022-f6b0d3683c28 admin admin] Matched version: v2 {{(pid=123538) process_request /opt/stack/glance/glance/api/middleware/version_negotiation.py:69}}
May 10 19:15:56 ubuntu devstack@g-api.service[123538]: DEBUG glance.api.middleware.version_negotiation [None req-ad51b983-08c1-4fb2-9022-f6b0d3683c28 admin admin] new path /v2/images {{(pid=123538) process_request /opt/stack/glance/glance/api/middleware/version_negotiation.py:70}}
May 10 19:15:56 ubuntu devstack@g-api.service[123538]: [pid: 123538|app: 0|req: 9/16] 127.0.0.1 () {38 vars in 768 bytes} [Tue May 10 19:15:56 2022] GET /v2/images?limit=20&sort_key=name&sort_dir=asc => generated 1081 bytes in 69 msecs (HTTP/1.1 200) 4 headers in 158 bytes (1 switches on core 0)
May 10 19:15:56 ubuntu devstack@g-api.service[123537]: DEBUG glance.api.middleware.version_negotiation [None req-78206156-4f8b-4136-948e-f4c7584545d6 admin admin] Determining version of request: GET /v2/schemas/image Accept: */* {{(pid=123537) process_request /opt/stack/glance/glance/api/middleware/version_negotiation.py:44}}
May 10 19:15:56 ubuntu devstack@g-api.service[123537]: DEBUG glance.api.middleware.version_negotiation [None req-78206156-4f8b-4136-948e-f4c7584545d6 admin admin] Using url versioning {{(pid=123537) process_request /opt/stack/glance/glance/api/middleware/version_negotiation.py:57}}
May 10 19:15:56 ubuntu devstack@g-api.service[123537]: DEBUG glance.api.middleware.version_negotiation [None req-78206156-4f8b-4136-948e-f4c7584545d6 admin admin] Matched version: v2 {{(pid=123537) process_request /opt/stack/glance/glance/api/middleware/version_negotiation.py:69}}
May 10 19:15:56 ubuntu devstack@g-api.service[123537]: DEBUG glance.api.middleware.version_negotiation [None req-78206156-4f8b-4136-948e-f4c7584545d6 admin admin] new path /v2/schemas/image {{(pid=123537) process_request /opt/stack/glance/glance/api/middleware/version_negotiation.py:70}}
May 10 19:15:56 ubuntu devstack@g-api.service[123537]: [pid: 123537|app: 0|req: 8/17] 127.0.0.1 () {38 vars in 711 bytes} [Tue May 10 19:15:56 2022] GET /v2/schemas/image => generated 6083 bytes in 10 msecs (HTTP/1.1 200) 4 headers in 158 bytes (1 switches on core 0)
May 10 19:16:05 ubuntu devstack@g-api.service[123538]: DEBUG glance.api.middleware.version_negotiation [None req-e33c13ce-b2aa-4351-a168-5e8f91020fd5 admin admin] Determining version of request: GET / Accept: application/json {{(pid=123538) process_request /opt/stack/glance/glance/api/middleware/version_negotiation.py:44}}
May 10 19:16:05 ubuntu devstack@g-api.service[123538]: DEBUG glance.api.middleware.version_negotiation [None req-e33c13ce-b2aa-4351-a168-5e8f91020fd5 admin admin] Using url versioning {{(pid=123538) process_request /opt/stack/glance/glance/api/middleware/version_negotiation.py:57}}
May 10 19:16:05 ubuntu devstack@g-api.service[123538]: DEBUG glance.api.middleware.version_negotiation [None req-e33c13ce-b2aa-4351-a168-5e8f91020fd5 admin admin] Unknown version. Returning version choices. {{(pid=123538) process_request /opt/stack/glance/glance/api/middleware/version_negotiation.py:64}}
May 10 19:16:05 ubuntu devstack@g-api.service[123538]: [pid: 123538|app: 0|req: 10/18] 127.0.0.1 () {34 vars in 492 bytes} [Tue May 10 19:16:05 2022] GET / => generated 1213 bytes in 2 msecs (HTTP/1.1 300) 3 headers in 106 bytes (1 switches on core 0)
May 10 19:16:06 ubuntu devstack@g-api.service[123537]: DEBUG glance.api.middleware.version_negotiation [None req-416f838c-cf05-4f84-bbc8-156afba7940f admin admin] Determining version of request: GET /v2/images/2023b312-bc0c-4a51-9cc0-92a00d915e86 Accept: */* {{(pid=123537) process_request /opt/stack/glance/glance/api/middleware/version_negotiation.py:44}}
May 10 19:16:06 ubuntu devstack@g-api.service[123537]: DEBUG glance.api.middleware.version_negotiation [None req-416f838c-cf05-4f84-bbc8-156afba7940f admin admin] Using url versioning {{(pid=123537) process_request /opt/stack/glance/glance/api/middleware/version_negotiation.py:57}}
May 10 19:16:06 ubuntu devstack@g-api.service[123537]: DEBUG glance.api.middleware.version_negotiation [None req-416f838c-cf05-4f84-bbc8-156afba7940f admin admin] Matched version: v2 {{(pid=123537) process_request /opt/stack/glance/glance/api/middleware/version_negotiation.py:69}}
May 10 19:16:06 ubuntu devstack@g-api.service[123537]: DEBUG glance.api.middleware.version_negotiation [None req-416f838c-cf05-4f84-bbc8-156afba7940f admin admin] new path /v2/images/2023b312-bc0c-4a51-9cc0-92a00d915e86 {{(pid=123537) process_request /opt/stack/glance/glance/api/middleware/version_negotiation.py:70}}
May 10 19:16:06 ubuntu devstack@g-api.service[123537]: WARNING keystonemiddleware.auth_token [None req-416f838c-cf05-4f84-bbc8-156afba7940f admin admin] A valid token was submitted as a service token, but it was not a valid service token. This is incorrect but backwards compatible behaviour. This will be removed in future releases.
May 10 19:16:06 ubuntu devstack@g-api.service[123537]: [pid: 123537|app: 0|req: 9/19] 127.0.0.1 () {42 vars in 1049 bytes} [Tue May 10 19:16:06 2022] GET /v2/images/2023b312-bc0c-4a51-9cc0-92a00d915e86 => generated 976 bytes in 82 msecs (HTTP/1.1 200) 4 headers in 157 bytes (1 switches on core 0)
May 10 19:16:06 ubuntu devstack@g-api.service[123538]: DEBUG glance.api.middleware.version_negotiation [None req-e33c13ce-b2aa-4351-a168-5e8f91020fd5 admin admin] Determining version of request: GET /v2/schemas/image Accept: */* {{(pid=123538) process_request /opt/stack/glance/glance/api/middleware/version_negotiation.py:44}}
May 10 19:16:06 ubuntu devstack@g-api.service[123538]: DEBUG glance.api.middleware.version_negotiation [None req-e33c13ce-b2aa-4351-a168-5e8f91020fd5 admin admin] Using url versioning {{(pid=123538) process_request /opt/stack/glance/glance/api/middleware/version_negotiation.py:57}}
May 10 19:16:06 ubuntu devstack@g-api.service[123538]: DEBUG glance.api.middleware.version_negotiation [None req-e33c13ce-b2aa-4351-a168-5e8f91020fd5 admin admin] Matched version: v2 {{(pid=123538) process_request /opt/stack/glance/glance/api/middleware/version_negotiation.py:69}}
May 10 19:16:06 ubuntu devstack@g-api.service[123538]: DEBUG glance.api.middleware.version_negotiation [None req-e33c13ce-b2aa-4351-a168-5e8f91020fd5 admin admin] new path /v2/schemas/image {{(pid=123538) process_request /opt/stack/glance/glance/api/middleware/version_negotiation.py:70}}
May 10 19:16:06 ubuntu devstack@g-api.service[123538]: WARNING keystonemiddleware.auth_token [None req-e33c13ce-b2aa-4351-a168-5e8f91020fd5 admin admin] A valid token was submitted as a service token, but it was not a valid service token. This is incorrect but backwards compatible behaviour. This will be removed in future releases.
May 10 19:16:06 ubuntu devstack@g-api.service[123538]: [pid: 123538|app: 0|req: 11/20] 127.0.0.1 () {42 vars in 989 bytes} [Tue May 10 19:16:06 2022] GET /v2/schemas/image => generated 6083 bytes in 11 msecs (HTTP/1.1 200) 4 headers in 158 bytes (1 switches on core 0)
May 10 19:16:08 ubuntu devstack@g-api.service[123537]: DEBUG glance.api.middleware.version_negotiation [None req-48d06abb-62cc-4326-8f93-6f0910e0415f tempest-VolumesAdminNegativeTest-32104711 tempest-VolumesAdminNegativeTest-32104711-project] Determining version of request: GET /v2/images/2023b312-bc0c-4a51-9cc0-92a00d915e86 Accept: */* {{(pid=123537) process_request /opt/stack/glance/glance/api/middleware/version_negotiation.py:44}}
May 10 19:16:08 ubuntu devstack@g-api.service[123537]: DEBUG glance.api.middleware.version_negotiation [None req-48d06abb-62cc-4326-8f93-6f0910e0415f tempest-VolumesAdminNegativeTest-32104711 tempest-VolumesAdminNegativeTest-32104711-project] Using url versioning {{(pid=123537) process_request /opt/stack/glance/glance/api/middleware/version_negotiation.py:57}}
May 10 19:16:08 ubuntu devstack@g-api.service[123537]: DEBUG glance.api.middleware.version_negotiation [None req-48d06abb-62cc-4326-8f93-6f0910e0415f tempest-VolumesAdminNegativeTest-32104711 tempest-VolumesAdminNegativeTest-32104711-project] Matched version: v2 {{(pid=123537) process_request /opt/stack/glance/glance/api/middleware/version_negotiation.py:69}}
May 10 19:16:08 ubuntu devstack@g-api.service[123537]: DEBUG glance.api.middleware.version_negotiation [None req-48d06abb-62cc-4326-8f93-6f0910e0415f tempest-VolumesAdminNegativeTest-32104711 tempest-VolumesAdminNegativeTest-32104711-project] new path /v2/images/2023b312-bc0c-4a51-9cc0-92a00d915e86 {{(pid=123537) process_request /opt/stack/glance/glance/api/middleware/version_negotiation.py:70}}
May 10 19:16:08 ubuntu devstack@g-api.service[123537]: [pid: 123537|app: 0|req: 10/21] 127.0.0.1 () {42 vars in 1049 bytes} [Tue May 10 19:16:08 2022] GET /v2/images/2023b312-bc0c-4a51-9cc0-92a00d915e86 => generated 976 bytes in 15 msecs (HTTP/1.1 200) 4 headers in 157 bytes (1 switches on core 0)
May 10 19:16:08 ubuntu devstack@g-api.service[123538]: DEBUG glance.api.middleware.version_negotiation [None req-48d06abb-62cc-4326-8f93-6f0910e0415f tempest-VolumesAdminNegativeTest-32104711 tempest-VolumesAdminNegativeTest-32104711-project] Determining version of request: GET /v2/images/2023b312-bc0c-4a51-9cc0-92a00d915e86/file Accept: */* {{(pid=123538) process_request /opt/stack/glance/glance/api/middleware/version_negotiation.py:44}}
May 10 19:16:08 ubuntu devstack@g-api.service[123538]: DEBUG glance.api.middleware.version_negotiation [None req-48d06abb-62cc-4326-8f93-6f0910e0415f tempest-VolumesAdminNegativeTest-32104711 tempest-VolumesAdminNegativeTest-32104711-project] Using url versioning {{(pid=123538) process_request /opt/stack/glance/glance/api/middleware/version_negotiation.py:57}}
May 10 19:16:08 ubuntu devstack@g-api.service[123538]: DEBUG glance.api.middleware.version_negotiation [None req-48d06abb-62cc-4326-8f93-6f0910e0415f tempest-VolumesAdminNegativeTest-32104711 tempest-VolumesAdminNegativeTest-32104711-project] Matched version: v2 {{(pid=123538) process_request /opt/stack/glance/glance/api/middleware/version_negotiation.py:69}}
May 10 19:16:08 ubuntu devstack@g-api.service[123538]: DEBUG glance.api.middleware.version_negotiation [None req-48d06abb-62cc-4326-8f93-6f0910e0415f tempest-VolumesAdminNegativeTest-32104711 tempest-VolumesAdminNegativeTest-32104711-project] new path /v2/images/2023b312-bc0c-4a51-9cc0-92a00d915e86/file {{(pid=123538) process_request /opt/stack/glance/glance/api/middleware/version_negotiation.py:70}}
May 10 19:16:08 ubuntu devstack@g-api.service[123538]: DEBUG glance_store.backend [None req-48d06abb-62cc-4326-8f93-6f0910e0415f tempest-VolumesAdminNegativeTest-32104711 tempest-VolumesAdminNegativeTest-32104711-project] Attempting to import store swift {{(pid=123538) _load_store /usr/local/lib/python3.8/dist-packages/glance_store/backend.py:217}}
May 10 19:16:08 ubuntu devstack@g-api.service[123538]: DEBUG glance_store.capabilities [None req-48d06abb-62cc-4326-8f93-6f0910e0415f tempest-VolumesAdminNegativeTest-32104711 tempest-VolumesAdminNegativeTest-32104711-project] Store glance_store._drivers.swift.store.SingleTenantStore doesn't support updating dynamic storage capabilities. Please overwrite 'update_capabilities' method of the store to implement updating logics if needed. {{(pid=123538) update_capabilities /usr/local/lib/python3.8/dist-packages/glance_store/capabilities.py:91}}
May 10 19:16:08 ubuntu devstack@g-api.service[123538]: DEBUG glance_store.driver [None req-48d06abb-62cc-4326-8f93-6f0910e0415f tempest-VolumesAdminNegativeTest-32104711 tempest-VolumesAdminNegativeTest-32104711-project] Late loading location class glance_store._drivers.swift.store.StoreLocation {{(pid=123538) get_store_location_class /usr/local/lib/python3.8/dist-packages/glance_store/driver.py:117}}
May 10 19:16:08 ubuntu devstack@g-api.service[123538]: DEBUG glance_store.location [None req-48d06abb-62cc-4326-8f93-6f0910e0415f tempest-VolumesAdminNegativeTest-32104711 tempest-VolumesAdminNegativeTest-32104711-project] Registering scheme swift+https with {'store': <glance_store._drivers.swift.store.SingleTenantStore object at 0x7fe30be86910>, 'location_class': <class 'glance_store._drivers.swift.store.StoreLocation'>, 'store_entry': 'swift'} {{(pid=123538) register_scheme_map /usr/local/lib/python3.8/dist-packages/glance_store/location.py:146}}
May 10 19:16:08 ubuntu devstack@g-api.service[123538]: DEBUG glance_store.location [None req-48d06abb-62cc-4326-8f93-6f0910e0415f tempest-VolumesAdminNegativeTest-32104711 tempest-VolumesAdminNegativeTest-32104711-project] Registering scheme swift+https with {'store': <glance_store._drivers.swift.store.SingleTenantStore object at 0x7fe30be86910>, 'location_class': <class 'glance_store._drivers.swift.store.StoreLocation'>, 'store_entry': 'swift'} {{(pid=123538) register_scheme_map /usr/local/lib/python3.8/dist-packages/glance_store/location.py:146}}
May 10 19:16:08 ubuntu devstack@g-api.service[123538]: DEBUG glance_store.location [None req-48d06abb-62cc-4326-8f93-6f0910e0415f tempest-VolumesAdminNegativeTest-32104711 tempest-VolumesAdminNegativeTest-32104711-project] Registering scheme swift with {'store': <glance_store._drivers.swift.store.SingleTenantStore object at 0x7fe30be86910>, 'location_class': <class 'glance_store._drivers.swift.store.StoreLocation'>, 'store_entry': 'swift'} {{(pid=123538) register_scheme_map /usr/local/lib/python3.8/dist-packages/glance_store/location.py:146}}
May 10 19:16:08 ubuntu devstack@g-api.service[123538]: DEBUG glance_store.location [None req-48d06abb-62cc-4326-8f93-6f0910e0415f tempest-VolumesAdminNegativeTest-32104711 tempest-VolumesAdminNegativeTest-32104711-project] Registering scheme swift+https with {'store': <glance_store._drivers.swift.store.SingleTenantStore object at 0x7fe30be86910>, 'location_class': <class 'glance_store._drivers.swift.store.StoreLocation'>, 'store_entry': 'swift'} {{(pid=123538) register_scheme_map /usr/local/lib/python3.8/dist-packages/glance_store/location.py:146}}
May 10 19:16:08 ubuntu devstack@g-api.service[123538]: DEBUG glance_store.location [None req-48d06abb-62cc-4326-8f93-6f0910e0415f tempest-VolumesAdminNegativeTest-32104711 tempest-VolumesAdminNegativeTest-32104711-project] Registering scheme swift with {'store': <glance_store._drivers.swift.store.SingleTenantStore object at 0x7fe30be86910>, 'location_class': <class 'glance_store._drivers.swift.store.StoreLocation'>, 'store_entry': 'swift'} {{(pid=123538) register_scheme_map /usr/local/lib/python3.8/dist-packages/glance_store/location.py:146}}
May 10 19:16:08 ubuntu devstack@g-api.service[123538]: DEBUG glance_store.location [None req-48d06abb-62cc-4326-8f93-6f0910e0415f tempest-VolumesAdminNegativeTest-32104711 tempest-VolumesAdminNegativeTest-32104711-project] Registering scheme swift+http with {'store': <glance_store._drivers.swift.store.SingleTenantStore object at 0x7fe30be86910>, 'location_class': <class 'glance_store._drivers.swift.store.StoreLocation'>, 'store_entry': 'swift'} {{(pid=123538) register_scheme_map /usr/local/lib/python3.8/dist-packages/glance_store/location.py:146}}
May 10 19:16:08 ubuntu devstack@g-api.service[123538]: DEBUG glance_store.location [None req-48d06abb-62cc-4326-8f93-6f0910e0415f tempest-VolumesAdminNegativeTest-32104711 tempest-VolumesAdminNegativeTest-32104711-project] Registering scheme swift+https with {'store': <glance_store._drivers.swift.store.SingleTenantStore object at 0x7fe30be86910>, 'location_class': <class 'glance_store._drivers.swift.store.StoreLocation'>, 'store_entry': 'swift'} {{(pid=123538) register_scheme_map /usr/local/lib/python3.8/dist-packages/glance_store/location.py:146}}
May 10 19:16:08 ubuntu devstack@g-api.service[123538]: DEBUG glance_store.location [None req-48d06abb-62cc-4326-8f93-6f0910e0415f tempest-VolumesAdminNegativeTest-32104711 tempest-VolumesAdminNegativeTest-32104711-project] Registering scheme swift with {'store': <glance_store._drivers.swift.store.SingleTenantStore object at 0x7fe30be86910>, 'location_class': <class 'glance_store._drivers.swift.store.StoreLocation'>, 'store_entry': 'swift'} {{(pid=123538) register_scheme_map /usr/local/lib/python3.8/dist-packages/glance_store/location.py:146}}
May 10 19:16:08 ubuntu devstack@g-api.service[123538]: DEBUG glance_store.location [None req-48d06abb-62cc-4326-8f93-6f0910e0415f tempest-VolumesAdminNegativeTest-32104711 tempest-VolumesAdminNegativeTest-32104711-project] Registering scheme swift+http with {'store': <glance_store._drivers.swift.store.SingleTenantStore object at 0x7fe30be86910>, 'location_class': <class 'glance_store._drivers.swift.store.StoreLocation'>, 'store_entry': 'swift'} {{(pid=123538) register_scheme_map /usr/local/lib/python3.8/dist-packages/glance_store/location.py:146}}
May 10 19:16:08 ubuntu devstack@g-api.service[123538]: DEBUG glance_store.location [None req-48d06abb-62cc-4326-8f93-6f0910e0415f tempest-VolumesAdminNegativeTest-32104711 tempest-VolumesAdminNegativeTest-32104711-project] Registering scheme swift+config with {'store': <glance_store._drivers.swift.store.SingleTenantStore object at 0x7fe30be86910>, 'location_class': <class 'glance_store._drivers.swift.store.StoreLocation'>, 'store_entry': 'swift'} {{(pid=123538) register_scheme_map /usr/local/lib/python3.8/dist-packages/glance_store/location.py:146}}
May 10 19:16:08 ubuntu devstack@g-api.service[123538]: DEBUG swiftclient [None req-48d06abb-62cc-4326-8f93-6f0910e0415f tempest-VolumesAdminNegativeTest-32104711 tempest-VolumesAdminNegativeTest-32104711-project] REQ: curl -i http://192.168.79.45:8080/v1/AUTH_d75d397a9199422787252317ffcf13c0/glance/2023b312-bc0c-4a51-9cc0-92a00d915e86 -X GET -H "X-Auth-Token: gAAAAABiern4s5Xx..." {{(pid=123538) http_log /usr/local/lib/python3.8/dist-packages/swiftclient/client.py:187}}
May 10 19:16:08 ubuntu devstack@g-api.service[123538]: DEBUG swiftclient [None req-48d06abb-62cc-4326-8f93-6f0910e0415f tempest-VolumesAdminNegativeTest-32104711 tempest-VolumesAdminNegativeTest-32104711-project] RESP STATUS: 200 OK {{(pid=123538) http_log /usr/local/lib/python3.8/dist-packages/swiftclient/client.py:188}}
May 10 19:16:08 ubuntu devstack@g-api.service[123538]: DEBUG swiftclient [None req-48d06abb-62cc-4326-8f93-6f0910e0415f tempest-VolumesAdminNegativeTest-32104711 tempest-VolumesAdminNegativeTest-32104711-project] RESP HEADERS: {'Content-Type': 'application/octet-stream', 'Etag': '1d3062cd89af34e419f7100277f38b2b', 'Last-Modified': 'Tue, 10 May 2022 19:11:04 GMT', 'X-Timestamp': '1652209863.57681', 'Accept-Ranges': 'bytes', 'Content-Length': '16338944', 'X-Trans-Id': 'tx4b2cbc9d433c4e929df98-00627ab9f8', 'X-Openstack-Request-Id': 'tx4b2cbc9d433c4e929df98-00627ab9f8', 'Date': 'Tue, 10 May 2022 19:16:08 GMT'} {{(pid=123538) http_log /usr/local/lib/python3.8/dist-packages/swiftclient/client.py:189}}
May 10 19:16:08 ubuntu devstack@g-api.service[123538]: DEBUG glance.image_cache [None req-48d06abb-62cc-4326-8f93-6f0910e0415f tempest-VolumesAdminNegativeTest-32104711 tempest-VolumesAdminNegativeTest-32104711-project] Tee'ing image '2023b312-bc0c-4a51-9cc0-92a00d915e86' into cache {{(pid=123538) get_caching_iter /opt/stack/glance/glance/image_cache/__init__.py:343}}
May 10 19:16:09 ubuntu devstack@g-api.service[123538]: DEBUG glance.image_cache.drivers.sqlite [None req-48d06abb-62cc-4326-8f93-6f0910e0415f tempest-VolumesAdminNegativeTest-32104711 tempest-VolumesAdminNegativeTest-32104711-project] Fetch finished, moving '/opt/stack/data/glance/cache/incomplete/2023b312-bc0c-4a51-9cc0-92a00d915e86' to '/opt/stack/data/glance/cache/2023b312-bc0c-4a51-9cc0-92a00d915e86' {{(pid=123538) commit /opt/stack/glance/glance/image_cache/drivers/sqlite.py:324}}
May 10 19:16:09 ubuntu devstack@g-api.service[123538]: [pid: 123538|app: 0|req: 12/22] 127.0.0.1 () {42 vars in 1059 bytes} [Tue May 10 19:16:08 2022] GET /v2/images/2023b312-bc0c-4a51-9cc0-92a00d915e86/file => generated 16338944 bytes in 429 msecs (HTTP/1.1 200) 4 headers in 191 bytes (250 switches on core 0)
May 10 19:16:30 ubuntu devstack@g-api.service[123537]: DEBUG glance.api.middleware.version_negotiation [None req-48d06abb-62cc-4326-8f93-6f0910e0415f tempest-VolumesAdminNegativeTest-32104711 tempest-VolumesAdminNegativeTest-32104711-project] Determining version of request: GET / Accept: application/json {{(pid=123537) process_request /opt/stack/glance/glance/api/middleware/version_negotiation.py:44}}
May 10 19:16:30 ubuntu devstack@g-api.service[123537]: DEBUG glance.api.middleware.version_negotiation [None req-48d06abb-62cc-4326-8f93-6f0910e0415f tempest-VolumesAdminNegativeTest-32104711 tempest-VolumesAdminNegativeTest-32104711-project] Using url versioning {{(pid=123537) process_request /opt/stack/glance/glance/api/middleware/version_negotiation.py:57}}
May 10 19:16:30 ubuntu devstack@g-api.service[123537]: DEBUG glance.api.middleware.version_negotiation [None req-48d06abb-62cc-4326-8f93-6f0910e0415f tempest-VolumesAdminNegativeTest-32104711 tempest-VolumesAdminNegativeTest-32104711-project] Unknown version. Returning version choices. {{(pid=123537) process_request /opt/stack/glance/glance/api/middleware/version_negotiation.py:64}}
May 10 19:16:30 ubuntu devstack@g-api.service[123537]: [pid: 123537|app: 0|req: 11/23] 127.0.0.1 () {34 vars in 492 bytes} [Tue May 10 19:16:30 2022] GET / => generated 1213 bytes in 5 msecs (HTTP/1.1 300) 3 headers in 106 bytes (1 switches on core 0)
May 10 19:16:30 ubuntu devstack@g-api.service[123538]: DEBUG glance.api.middleware.version_negotiation [None req-48d06abb-62cc-4326-8f93-6f0910e0415f tempest-VolumesAdminNegativeTest-32104711 tempest-VolumesAdminNegativeTest-32104711-project] Determining version of request: GET /v2/images/2023b312-bc0c-4a51-9cc0-92a00d915e86 Accept: */* {{(pid=123538) process_request /opt/stack/glance/glance/api/middleware/version_negotiation.py:44}}
May 10 19:16:30 ubuntu devstack@g-api.service[123538]: DEBUG glance.api.middleware.version_negotiation [None req-48d06abb-62cc-4326-8f93-6f0910e0415f tempest-VolumesAdminNegativeTest-32104711 tempest-VolumesAdminNegativeTest-32104711-project] Using url versioning {{(pid=123538) process_request /opt/stack/glance/glance/api/middleware/version_negotiation.py:57}}
May 10 19:16:30 ubuntu devstack@g-api.service[123538]: DEBUG glance.api.middleware.version_negotiation [None req-48d06abb-62cc-4326-8f93-6f0910e0415f tempest-VolumesAdminNegativeTest-32104711 tempest-VolumesAdminNegativeTest-32104711-project] Matched version: v2 {{(pid=123538) process_request /opt/stack/glance/glance/api/middleware/version_negotiation.py:69}}
May 10 19:16:30 ubuntu devstack@g-api.service[123538]: DEBUG glance.api.middleware.version_negotiation [None req-48d06abb-62cc-4326-8f93-6f0910e0415f tempest-VolumesAdminNegativeTest-32104711 tempest-VolumesAdminNegativeTest-32104711-project] new path /v2/images/2023b312-bc0c-4a51-9cc0-92a00d915e86 {{(pid=123538) process_request /opt/stack/glance/glance/api/middleware/version_negotiation.py:70}}
May 10 19:16:30 ubuntu devstack@g-api.service[123538]: [pid: 123538|app: 0|req: 13/24] 127.0.0.1 () {42 vars in 1049 bytes} [Tue May 10 19:16:30 2022] GET /v2/images/2023b312-bc0c-4a51-9cc0-92a00d915e86 => generated 976 bytes in 16 msecs (HTTP/1.1 200) 4 headers in 157 bytes (1 switches on core 0)
May 10 19:16:30 ubuntu devstack@g-api.service[123537]: DEBUG glance.api.middleware.version_negotiation [None req-48d06abb-62cc-4326-8f93-6f0910e0415f tempest-VolumesAdminNegativeTest-32104711 tempest-VolumesAdminNegativeTest-32104711-project] Determining version of request: GET /v2/schemas/image Accept: */* {{(pid=123537) process_request /opt/stack/glance/glance/api/middleware/version_negotiation.py:44}}
May 10 19:16:30 ubuntu devstack@g-api.service[123537]: DEBUG glance.api.middleware.version_negotiation [None req-48d06abb-62cc-4326-8f93-6f0910e0415f tempest-VolumesAdminNegativeTest-32104711 tempest-VolumesAdminNegativeTest-32104711-project] Using url versioning {{(pid=123537) process_request /opt/stack/glance/glance/api/middleware/version_negotiation.py:57}}
May 10 19:16:30 ubuntu devstack@g-api.service[123537]: DEBUG glance.api.middleware.version_negotiation [None req-48d06abb-62cc-4326-8f93-6f0910e0415f tempest-VolumesAdminNegativeTest-32104711 tempest-VolumesAdminNegativeTest-32104711-project] Matched version: v2 {{(pid=123537) process_request /opt/stack/glance/glance/api/middleware/version_negotiation.py:69}}
May 10 19:16:30 ubuntu devstack@g-api.service[123537]: DEBUG glance.api.middleware.version_negotiation [None req-48d06abb-62cc-4326-8f93-6f0910e0415f tempest-VolumesAdminNegativeTest-32104711 tempest-VolumesAdminNegativeTest-32104711-project] new path /v2/schemas/image {{(pid=123537) process_request /opt/stack/glance/glance/api/middleware/version_negotiation.py:70}}
May 10 19:16:30 ubuntu devstack@g-api.service[123537]: [pid: 123537|app: 0|req: 12/25] 127.0.0.1 () {42 vars in 989 bytes} [Tue May 10 19:16:30 2022] GET /v2/schemas/image => generated 6083 bytes in 7 msecs (HTTP/1.1 200) 4 headers in 158 bytes (1 switches on core 0)
May 10 19:16:46 ubuntu devstack@g-api.service[123538]: DEBUG glance.api.middleware.version_negotiation [None req-e9eb3d31-9700-4827-90d4-db677618ea05 tempest-DeleteServersTestJSON-2023646596 tempest-DeleteServersTestJSON-2023646596-project] Determining version of request: GET /v2/images/2023b312-bc0c-4a51-9cc0-92a00d915e86 Accept: */* {{(pid=123538) process_request /opt/stack/glance/glance/api/middleware/version_negotiation.py:44}}
May 10 19:16:46 ubuntu devstack@g-api.service[123538]: DEBUG glance.api.middleware.version_negotiation [None req-e9eb3d31-9700-4827-90d4-db677618ea05 tempest-DeleteServersTestJSON-2023646596 tempest-DeleteServersTestJSON-2023646596-project] Using url versioning {{(pid=123538) process_request /opt/stack/glance/glance/api/middleware/version_negotiation.py:57}}
May 10 19:16:46 ubuntu devstack@g-api.service[123538]: DEBUG glance.api.middleware.version_negotiation [None req-e9eb3d31-9700-4827-90d4-db677618ea05 tempest-DeleteServersTestJSON-2023646596 tempest-DeleteServersTestJSON-2023646596-project] Matched version: v2 {{(pid=123538) process_request /opt/stack/glance/glance/api/middleware/version_negotiation.py:69}}
May 10 19:16:46 ubuntu devstack@g-api.service[123538]: DEBUG glance.api.middleware.version_negotiation [None req-e9eb3d31-9700-4827-90d4-db677618ea05 tempest-DeleteServersTestJSON-2023646596 tempest-DeleteServersTestJSON-2023646596-project] new path /v2/images/2023b312-bc0c-4a51-9cc0-92a00d915e86 {{(pid=123538) process_request /opt/stack/glance/glance/api/middleware/version_negotiation.py:70}}
May 10 19:16:46 ubuntu devstack@g-api.service[123538]: [pid: 123538|app: 0|req: 14/26] 127.0.0.1 () {42 vars in 1049 bytes} [Tue May 10 19:16:46 2022] GET /v2/images/2023b312-bc0c-4a51-9cc0-92a00d915e86 => generated 976 bytes in 24 msecs (HTTP/1.1 200) 4 headers in 157 bytes (1 switches on core 0)
May 10 19:16:46 ubuntu devstack@g-api.service[123537]: DEBUG glance.api.middleware.version_negotiation [None req-e9eb3d31-9700-4827-90d4-db677618ea05 tempest-DeleteServersTestJSON-2023646596 tempest-DeleteServersTestJSON-2023646596-project] Determining version of request: GET /v2/schemas/image Accept: */* {{(pid=123537) process_request /opt/stack/glance/glance/api/middleware/version_negotiation.py:44}}
May 10 19:16:46 ubuntu devstack@g-api.service[123537]: DEBUG glance.api.middleware.version_negotiation [None req-e9eb3d31-9700-4827-90d4-db677618ea05 tempest-DeleteServersTestJSON-2023646596 tempest-DeleteServersTestJSON-2023646596-project] Using url versioning {{(pid=123537) process_request /opt/stack/glance/glance/api/middleware/version_negotiation.py:57}}
May 10 19:16:46 ubuntu devstack@g-api.service[123537]: DEBUG glance.api.middleware.version_negotiation [None req-e9eb3d31-9700-4827-90d4-db677618ea05 tempest-DeleteServersTestJSON-2023646596 tempest-DeleteServersTestJSON-2023646596-project] Matched version: v2 {{(pid=123537) process_request /opt/stack/glance/glance/api/middleware/version_negotiation.py:69}}
