May 16 17:34:35 ubuntu devstack@g-api.service[138256]: DEBUG glance_store.driver [None req-fb11ead2-2dd8-494d-848c-f11c37f3418a admin admin] Late loading location class glance_store._drivers.swift.store.StoreLocation {{(pid=138256) get_store_location_class /usr/local/lib/python3.8/dist-packages/glance_store/driver.py:117}}
May 16 17:34:35 ubuntu devstack@g-api.service[138256]: DEBUG glance_store.location [None req-fb11ead2-2dd8-494d-848c-f11c37f3418a admin admin] Registering scheme swift+https with {'store': <glance_store._drivers.swift.store.SingleTenantStore object at 0x7f2eb1c71700>, 'location_class': <class 'glance_store._drivers.swift.store.StoreLocation'>, 'store_entry': 'swift'} {{(pid=138256) register_scheme_map /usr/local/lib/python3.8/dist-packages/glance_store/location.py:146}}
May 16 17:34:35 ubuntu devstack@g-api.service[138256]: DEBUG glance_store.location [None req-fb11ead2-2dd8-494d-848c-f11c37f3418a admin admin] Registering scheme swift+https with {'store': <glance_store._drivers.swift.store.SingleTenantStore object at 0x7f2eb1c71700>, 'location_class': <class 'glance_store._drivers.swift.store.StoreLocation'>, 'store_entry': 'swift'} {{(pid=138256) register_scheme_map /usr/local/lib/python3.8/dist-packages/glance_store/location.py:146}}
May 16 17:34:35 ubuntu devstack@g-api.service[138256]: DEBUG glance_store.location [None req-fb11ead2-2dd8-494d-848c-f11c37f3418a admin admin] Registering scheme swift with {'store': <glance_store._drivers.swift.store.SingleTenantStore object at 0x7f2eb1c71700>, 'location_class': <class 'glance_store._drivers.swift.store.StoreLocation'>, 'store_entry': 'swift'} {{(pid=138256) register_scheme_map /usr/local/lib/python3.8/dist-packages/glance_store/location.py:146}}
May 16 17:34:35 ubuntu devstack@g-api.service[138256]: DEBUG glance_store.location [None req-fb11ead2-2dd8-494d-848c-f11c37f3418a admin admin] Registering scheme swift+https with {'store': <glance_store._drivers.swift.store.SingleTenantStore object at 0x7f2eb1c71700>, 'location_class': <class 'glance_store._drivers.swift.store.StoreLocation'>, 'store_entry': 'swift'} {{(pid=138256) register_scheme_map /usr/local/lib/python3.8/dist-packages/glance_store/location.py:146}}
May 16 17:34:35 ubuntu devstack@g-api.service[138256]: DEBUG glance_store.location [None req-fb11ead2-2dd8-494d-848c-f11c37f3418a admin admin] Registering scheme swift with {'store': <glance_store._drivers.swift.store.SingleTenantStore object at 0x7f2eb1c71700>, 'location_class': <class 'glance_store._drivers.swift.store.StoreLocation'>, 'store_entry': 'swift'} {{(pid=138256) register_scheme_map /usr/local/lib/python3.8/dist-packages/glance_store/location.py:146}}
May 16 17:34:35 ubuntu devstack@g-api.service[138256]: DEBUG glance_store.location [None req-fb11ead2-2dd8-494d-848c-f11c37f3418a admin admin] Registering scheme swift+http with {'store': <glance_store._drivers.swift.store.SingleTenantStore object at 0x7f2eb1c71700>, 'location_class': <class 'glance_store._drivers.swift.store.StoreLocation'>, 'store_entry': 'swift'} {{(pid=138256) register_scheme_map /usr/local/lib/python3.8/dist-packages/glance_store/location.py:146}}
May 16 17:34:35 ubuntu devstack@g-api.service[138256]: DEBUG glance_store.location [None req-fb11ead2-2dd8-494d-848c-f11c37f3418a admin admin] Registering scheme swift+https with {'store': <glance_store._drivers.swift.store.SingleTenantStore object at 0x7f2eb1c71700>, 'location_class': <class 'glance_store._drivers.swift.store.StoreLocation'>, 'store_entry': 'swift'} {{(pid=138256) register_scheme_map /usr/local/lib/python3.8/dist-packages/glance_store/location.py:146}}
May 16 17:34:35 ubuntu devstack@g-api.service[138256]: DEBUG glance_store.location [None req-fb11ead2-2dd8-494d-848c-f11c37f3418a admin admin] Registering scheme swift with {'store': <glance_store._drivers.swift.store.SingleTenantStore object at 0x7f2eb1c71700>, 'location_class': <class 'glance_store._drivers.swift.store.StoreLocation'>, 'store_entry': 'swift'} {{(pid=138256) register_scheme_map /usr/local/lib/python3.8/dist-packages/glance_store/location.py:146}}
May 16 17:34:35 ubuntu devstack@g-api.service[138256]: DEBUG glance_store.location [None req-fb11ead2-2dd8-494d-848c-f11c37f3418a admin admin] Registering scheme swift+http with {'store': <glance_store._drivers.swift.store.SingleTenantStore object at 0x7f2eb1c71700>, 'location_class': <class 'glance_store._drivers.swift.store.StoreLocation'>, 'store_entry': 'swift'} {{(pid=138256) register_scheme_map /usr/local/lib/python3.8/dist-packages/glance_store/location.py:146}}
May 16 17:34:35 ubuntu devstack@g-api.service[138256]: DEBUG glance_store.location [None req-fb11ead2-2dd8-494d-848c-f11c37f3418a admin admin] Registering scheme swift+config with {'store': <glance_store._drivers.swift.store.SingleTenantStore object at 0x7f2eb1c71700>, 'location_class': <class 'glance_store._drivers.swift.store.StoreLocation'>, 'store_entry': 'swift'} {{(pid=138256) register_scheme_map /usr/local/lib/python3.8/dist-packages/glance_store/location.py:146}}
May 16 17:34:35 ubuntu devstack@g-api.service[138256]: DEBUG glance_store.backend [None req-fb11ead2-2dd8-494d-848c-f11c37f3418a admin admin] Skipping store.set_acls... not implemented. {{(pid=138256) set_acls /usr/local/lib/python3.8/dist-packages/glance_store/backend.py:509}}
May 16 17:34:35 ubuntu devstack@g-api.service[138256]: [pid: 138256|app: 0|req: 3/4] 127.0.0.1 () {40 vars in 862 bytes} [Mon May 16 17:34:33 2022] PUT /v2/images/1ef5e237-04c8-4810-be20-0c6caa47efa3/file => generated 0 bytes in 1914 msecs (HTTP/1.1 204) 4 headers in 171 bytes (1 switches on core 0)
May 16 17:35:22 ubuntu devstack@g-api.service[138255]: DEBUG glance.api.middleware.version_negotiation [None req-54264caf-322a-4fe4-bcd7-5d925798f6e8 admin admin] Determining version of request: GET / Accept: application/json {{(pid=138255) process_request /opt/stack/glance/glance/api/middleware/version_negotiation.py:44}}
May 16 17:35:22 ubuntu devstack@g-api.service[138255]: DEBUG glance.api.middleware.version_negotiation [None req-54264caf-322a-4fe4-bcd7-5d925798f6e8 admin admin] Using url versioning {{(pid=138255) process_request /opt/stack/glance/glance/api/middleware/version_negotiation.py:57}}
May 16 17:35:22 ubuntu devstack@g-api.service[138255]: DEBUG glance.api.middleware.version_negotiation [None req-54264caf-322a-4fe4-bcd7-5d925798f6e8 admin admin] Unknown version. Returning version choices. {{(pid=138255) process_request /opt/stack/glance/glance/api/middleware/version_negotiation.py:64}}
May 16 17:35:22 ubuntu devstack@g-api.service[138255]: [pid: 138255|app: 0|req: 2/5] 127.0.0.1 () {34 vars in 506 bytes} [Mon May 16 17:35:22 2022] GET / => generated 1213 bytes in 5 msecs (HTTP/1.1 300) 3 headers in 106 bytes (1 switches on core 0)
May 16 17:35:22 ubuntu devstack@g-api.service[138256]: DEBUG glance.api.middleware.version_negotiation [None req-fb11ead2-2dd8-494d-848c-f11c37f3418a admin admin] Determining version of request: GET /v2/images Accept: application/json {{(pid=138256) process_request /opt/stack/glance/glance/api/middleware/version_negotiation.py:44}}
May 16 17:35:22 ubuntu devstack@g-api.service[138256]: DEBUG glance.api.middleware.version_negotiation [None req-fb11ead2-2dd8-494d-848c-f11c37f3418a admin admin] Using url versioning {{(pid=138256) process_request /opt/stack/glance/glance/api/middleware/version_negotiation.py:57}}
May 16 17:35:22 ubuntu devstack@g-api.service[138256]: DEBUG glance.api.middleware.version_negotiation [None req-fb11ead2-2dd8-494d-848c-f11c37f3418a admin admin] Matched version: v2 {{(pid=138256) process_request /opt/stack/glance/glance/api/middleware/version_negotiation.py:69}}
May 16 17:35:22 ubuntu devstack@g-api.service[138256]: DEBUG glance.api.middleware.version_negotiation [None req-fb11ead2-2dd8-494d-848c-f11c37f3418a admin admin] new path /v2/images {{(pid=138256) process_request /opt/stack/glance/glance/api/middleware/version_negotiation.py:70}}
May 16 17:35:23 ubuntu devstack@g-api.service[138256]: [pid: 138256|app: 0|req: 4/6] 127.0.0.1 () {36 vars in 728 bytes} [Mon May 16 17:35:22 2022] GET /v2/images => generated 1045 bytes in 133 msecs (HTTP/1.1 200) 4 headers in 158 bytes (1 switches on core 0)
May 16 17:35:28 ubuntu devstack@g-api.service[138255]: DEBUG glance.api.middleware.version_negotiation [None req-54264caf-322a-4fe4-bcd7-5d925798f6e8 admin admin] Determining version of request: GET / Accept: application/json {{(pid=138255) process_request /opt/stack/glance/glance/api/middleware/version_negotiation.py:44}}
May 16 17:35:28 ubuntu devstack@g-api.service[138255]: DEBUG glance.api.middleware.version_negotiation [None req-54264caf-322a-4fe4-bcd7-5d925798f6e8 admin admin] Using url versioning {{(pid=138255) process_request /opt/stack/glance/glance/api/middleware/version_negotiation.py:57}}
May 16 17:35:28 ubuntu devstack@g-api.service[138255]: DEBUG glance.api.middleware.version_negotiation [None req-54264caf-322a-4fe4-bcd7-5d925798f6e8 admin admin] Unknown version. Returning version choices. {{(pid=138255) process_request /opt/stack/glance/glance/api/middleware/version_negotiation.py:64}}
May 16 17:35:28 ubuntu devstack@g-api.service[138255]: [pid: 138255|app: 0|req: 3/7] 127.0.0.1 () {34 vars in 506 bytes} [Mon May 16 17:35:28 2022] GET / => generated 1213 bytes in 4 msecs (HTTP/1.1 300) 3 headers in 106 bytes (1 switches on core 0)
May 16 17:35:28 ubuntu devstack@g-api.service[138256]: DEBUG glance.api.middleware.version_negotiation [None req-63ed8c5e-b166-4658-be63-830cefa0ab1d admin admin] Determining version of request: GET /v2/images/1ef5e237-04c8-4810-be20-0c6caa47efa3 Accept: */* {{(pid=138256) process_request /opt/stack/glance/glance/api/middleware/version_negotiation.py:44}}
May 16 17:35:28 ubuntu devstack@g-api.service[138256]: DEBUG glance.api.middleware.version_negotiation [None req-63ed8c5e-b166-4658-be63-830cefa0ab1d admin admin] Using url versioning {{(pid=138256) process_request /opt/stack/glance/glance/api/middleware/version_negotiation.py:57}}
May 16 17:35:28 ubuntu devstack@g-api.service[138256]: DEBUG glance.api.middleware.version_negotiation [None req-63ed8c5e-b166-4658-be63-830cefa0ab1d admin admin] Matched version: v2 {{(pid=138256) process_request /opt/stack/glance/glance/api/middleware/version_negotiation.py:69}}
May 16 17:35:28 ubuntu devstack@g-api.service[138256]: DEBUG glance.api.middleware.version_negotiation [None req-63ed8c5e-b166-4658-be63-830cefa0ab1d admin admin] new path /v2/images/1ef5e237-04c8-4810-be20-0c6caa47efa3 {{(pid=138256) process_request /opt/stack/glance/glance/api/middleware/version_negotiation.py:70}}
May 16 17:35:28 ubuntu devstack@g-api.service[138256]: [pid: 138256|app: 0|req: 5/8] 127.0.0.1 () {36 vars in 789 bytes} [Mon May 16 17:35:28 2022] GET /v2/images/1ef5e237-04c8-4810-be20-0c6caa47efa3 => generated 976 bytes in 61 msecs (HTTP/1.1 200) 4 headers in 157 bytes (1 switches on core 0)
May 16 17:35:32 ubuntu devstack@g-api.service[138255]: DEBUG glance.api.middleware.version_negotiation [None req-54264caf-322a-4fe4-bcd7-5d925798f6e8 admin admin] Determining version of request: GET / Accept: application/json {{(pid=138255) process_request /opt/stack/glance/glance/api/middleware/version_negotiation.py:44}}
May 16 17:35:32 ubuntu devstack@g-api.service[138255]: DEBUG glance.api.middleware.version_negotiation [None req-54264caf-322a-4fe4-bcd7-5d925798f6e8 admin admin] Using url versioning {{(pid=138255) process_request /opt/stack/glance/glance/api/middleware/version_negotiation.py:57}}
May 16 17:35:32 ubuntu devstack@g-api.service[138255]: DEBUG glance.api.middleware.version_negotiation [None req-54264caf-322a-4fe4-bcd7-5d925798f6e8 admin admin] Unknown version. Returning version choices. {{(pid=138255) process_request /opt/stack/glance/glance/api/middleware/version_negotiation.py:64}}
May 16 17:35:32 ubuntu devstack@g-api.service[138255]: [pid: 138255|app: 0|req: 4/9] 127.0.0.1 () {34 vars in 506 bytes} [Mon May 16 17:35:32 2022] GET / => generated 1213 bytes in 4 msecs (HTTP/1.1 300) 3 headers in 106 bytes (1 switches on core 0)
May 16 17:35:32 ubuntu devstack@g-api.service[138256]: DEBUG glance.api.middleware.version_negotiation [None req-393db680-e40e-40dc-ab5e-b00f3a0faf2c admin admin] Determining version of request: GET /v2/images/1ef5e237-04c8-4810-be20-0c6caa47efa3 Accept: */* {{(pid=138256) process_request /opt/stack/glance/glance/api/middleware/version_negotiation.py:44}}
May 16 17:35:32 ubuntu devstack@g-api.service[138256]: DEBUG glance.api.middleware.version_negotiation [None req-393db680-e40e-40dc-ab5e-b00f3a0faf2c admin admin] Using url versioning {{(pid=138256) process_request /opt/stack/glance/glance/api/middleware/version_negotiation.py:57}}
May 16 17:35:32 ubuntu devstack@g-api.service[138256]: DEBUG glance.api.middleware.version_negotiation [None req-393db680-e40e-40dc-ab5e-b00f3a0faf2c admin admin] Matched version: v2 {{(pid=138256) process_request /opt/stack/glance/glance/api/middleware/version_negotiation.py:69}}
May 16 17:35:32 ubuntu devstack@g-api.service[138256]: DEBUG glance.api.middleware.version_negotiation [None req-393db680-e40e-40dc-ab5e-b00f3a0faf2c admin admin] new path /v2/images/1ef5e237-04c8-4810-be20-0c6caa47efa3 {{(pid=138256) process_request /opt/stack/glance/glance/api/middleware/version_negotiation.py:70}}
May 16 17:35:32 ubuntu devstack@g-api.service[138256]: [pid: 138256|app: 0|req: 6/10] 127.0.0.1 () {36 vars in 789 bytes} [Mon May 16 17:35:32 2022] GET /v2/images/1ef5e237-04c8-4810-be20-0c6caa47efa3 => generated 976 bytes in 57 msecs (HTTP/1.1 200) 4 headers in 157 bytes (1 switches on core 0)
May 16 17:37:10 ubuntu devstack@g-api.service[138255]: DEBUG glance.api.middleware.version_negotiation [None req-54264caf-322a-4fe4-bcd7-5d925798f6e8 admin admin] Determining version of request: GET /v1 Accept: application/json {{(pid=138255) process_request /opt/stack/glance/glance/api/middleware/version_negotiation.py:44}}
May 16 17:37:10 ubuntu devstack@g-api.service[138255]: DEBUG glance.api.middleware.version_negotiation [None req-54264caf-322a-4fe4-bcd7-5d925798f6e8 admin admin] Using url versioning {{(pid=138255) process_request /opt/stack/glance/glance/api/middleware/version_negotiation.py:57}}
May 16 17:37:10 ubuntu devstack@g-api.service[138255]: DEBUG glance.api.middleware.version_negotiation [None req-54264caf-322a-4fe4-bcd7-5d925798f6e8 admin admin] Unknown version. Returning version choices. {{(pid=138255) process_request /opt/stack/glance/glance/api/middleware/version_negotiation.py:64}}
May 16 17:37:10 ubuntu devstack@g-api.service[138255]: [pid: 138255|app: 0|req: 5/11] 127.0.0.1 () {38 vars in 685 bytes} [Mon May 16 17:37:10 2022] GET /v1 => generated 1213 bytes in 3 msecs (HTTP/1.1 300) 3 headers in 106 bytes (1 switches on core 0)
May 16 17:39:25 ubuntu devstack@g-api.service[138256]: DEBUG oslo_concurrency.lockutils [-] Acquired lock "glance-cache" {{(pid=138256) lock /usr/local/lib/python3.8/dist-packages/oslo_concurrency/lockutils.py:294}}
May 16 17:39:25 ubuntu devstack@g-api.service[138256]: DEBUG oslo_concurrency.lockutils [-] Acquired external semaphore "glance-cache" {{(pid=138256) lock /usr/local/lib/python3.8/dist-packages/oslo_concurrency/lockutils.py:302}}
May 16 17:39:25 ubuntu devstack@g-api.service[138256]: DEBUG glance.image_cache.prefetcher [-] Nothing to prefetch. {{(pid=138256) run /opt/stack/glance/glance/image_cache/prefetcher.py:79}}
May 16 17:39:25 ubuntu devstack@g-api.service[138256]: DEBUG oslo_concurrency.lockutils [-] Releasing lock "glance-cache" {{(pid=138256) lock /usr/local/lib/python3.8/dist-packages/oslo_concurrency/lockutils.py:312}}
May 16 17:39:25 ubuntu devstack@g-api.service[138255]: DEBUG oslo_concurrency.lockutils [-] Acquired lock "glance-cache" {{(pid=138255) lock /usr/local/lib/python3.8/dist-packages/oslo_concurrency/lockutils.py:294}}
May 16 17:39:25 ubuntu devstack@g-api.service[138255]: DEBUG oslo_concurrency.lockutils [-] Acquired external semaphore "glance-cache" {{(pid=138255) lock /usr/local/lib/python3.8/dist-packages/oslo_concurrency/lockutils.py:302}}
May 16 17:39:25 ubuntu devstack@g-api.service[138255]: DEBUG glance.image_cache.prefetcher [-] Nothing to prefetch. {{(pid=138255) run /opt/stack/glance/glance/image_cache/prefetcher.py:79}}
May 16 17:39:25 ubuntu devstack@g-api.service[138255]: DEBUG oslo_concurrency.lockutils [-] Releasing lock "glance-cache" {{(pid=138255) lock /usr/local/lib/python3.8/dist-packages/oslo_concurrency/lockutils.py:312}}
May 16 17:39:27 ubuntu devstack@g-api.service[138256]: DEBUG glance.api.middleware.version_negotiation [None req-a6eda224-26a6-46f6-bd8b-e995e0533bcf admin admin] Determining version of request: GET /versions Accept: */* {{(pid=138256) process_request /opt/stack/glance/glance/api/middleware/version_negotiation.py:44}}
May 16 17:39:27 ubuntu devstack@g-api.service[138256]: [pid: 138256|app: 0|req: 7/12] 127.0.0.1 () {38 vars in 695 bytes} [Mon May 16 17:39:27 2022] GET /versions => generated 1213 bytes in 4 msecs (HTTP/1.1 200) 3 headers in 92 bytes (1 switches on core 0)
May 16 17:39:27 ubuntu devstack@g-api.service[138255]: DEBUG glance.api.middleware.version_negotiation [None req-54264caf-322a-4fe4-bcd7-5d925798f6e8 admin admin] Determining version of request: GET /v2/schemas/image Accept: */* {{(pid=138255) process_request /opt/stack/glance/glance/api/middleware/version_negotiation.py:44}}
May 16 17:39:27 ubuntu devstack@g-api.service[138255]: DEBUG glance.api.middleware.version_negotiation [None req-54264caf-322a-4fe4-bcd7-5d925798f6e8 admin admin] Using url versioning {{(pid=138255) process_request /opt/stack/glance/glance/api/middleware/version_negotiation.py:57}}
May 16 17:39:27 ubuntu devstack@g-api.service[138255]: DEBUG glance.api.middleware.version_negotiation [None req-54264caf-322a-4fe4-bcd7-5d925798f6e8 admin admin] Matched version: v2 {{(pid=138255) process_request /opt/stack/glance/glance/api/middleware/version_negotiation.py:69}}
May 16 17:39:27 ubuntu devstack@g-api.service[138255]: DEBUG glance.api.middleware.version_negotiation [None req-54264caf-322a-4fe4-bcd7-5d925798f6e8 admin admin] new path /v2/schemas/image {{(pid=138255) process_request /opt/stack/glance/glance/api/middleware/version_negotiation.py:70}}
May 16 17:39:27 ubuntu devstack@g-api.service[138255]: [pid: 138255|app: 0|req: 6/13] 127.0.0.1 () {38 vars in 711 bytes} [Mon May 16 17:39:27 2022] GET /v2/schemas/image => generated 6083 bytes in 138 msecs (HTTP/1.1 200) 4 headers in 158 bytes (1 switches on core 0)
May 16 17:39:27 ubuntu devstack@g-api.service[138256]: DEBUG glance.api.middleware.version_negotiation [None req-a6eda224-26a6-46f6-bd8b-e995e0533bcf admin admin] Determining version of request: GET /v2/schemas/metadefs/namespace Accept: */* {{(pid=138256) process_request /opt/stack/glance/glance/api/middleware/version_negotiation.py:44}}
May 16 17:39:27 ubuntu devstack@g-api.service[138256]: DEBUG glance.api.middleware.version_negotiation [None req-a6eda224-26a6-46f6-bd8b-e995e0533bcf admin admin] Using url versioning {{(pid=138256) process_request /opt/stack/glance/glance/api/middleware/version_negotiation.py:57}}
May 16 17:39:27 ubuntu devstack@g-api.service[138256]: DEBUG glance.api.middleware.version_negotiation [None req-a6eda224-26a6-46f6-bd8b-e995e0533bcf admin admin] Matched version: v2 {{(pid=138256) process_request /opt/stack/glance/glance/api/middleware/version_negotiation.py:69}}
May 16 17:39:27 ubuntu devstack@g-api.service[138256]: DEBUG glance.api.middleware.version_negotiation [None req-a6eda224-26a6-46f6-bd8b-e995e0533bcf admin admin] new path /v2/schemas/metadefs/namespace {{(pid=138256) process_request /opt/stack/glance/glance/api/middleware/version_negotiation.py:70}}
May 16 17:39:27 ubuntu devstack@g-api.service[138256]: [pid: 138256|app: 0|req: 8/14] 127.0.0.1 () {38 vars in 737 bytes} [Mon May 16 17:39:27 2022] GET /v2/schemas/metadefs/namespace => generated 3100 bytes in 6 msecs (HTTP/1.1 200) 4 headers in 158 bytes (1 switches on core 0)
May 16 17:39:27 ubuntu devstack@g-api.service[138255]: DEBUG glance.api.middleware.version_negotiation [None req-37339532-22e9-472e-9e37-9dc9450c5430 admin admin] Determining version of request: GET /v2/schemas/metadefs/resource_type Accept: */* {{(pid=138255) process_request /opt/stack/glance/glance/api/middleware/version_negotiation.py:44}}
May 16 17:39:27 ubuntu devstack@g-api.service[138255]: DEBUG glance.api.middleware.version_negotiation [None req-37339532-22e9-472e-9e37-9dc9450c5430 admin admin] Using url versioning {{(pid=138255) process_request /opt/stack/glance/glance/api/middleware/version_negotiation.py:57}}
May 16 17:39:27 ubuntu devstack@g-api.service[138255]: DEBUG glance.api.middleware.version_negotiation [None req-37339532-22e9-472e-9e37-9dc9450c5430 admin admin] Matched version: v2 {{(pid=138255) process_request /opt/stack/glance/glance/api/middleware/version_negotiation.py:69}}
May 16 17:39:27 ubuntu devstack@g-api.service[138255]: DEBUG glance.api.middleware.version_negotiation [None req-37339532-22e9-472e-9e37-9dc9450c5430 admin admin] new path /v2/schemas/metadefs/resource_type {{(pid=138255) process_request /opt/stack/glance/glance/api/middleware/version_negotiation.py:70}}
May 16 17:39:27 ubuntu devstack@g-api.service[138255]: [pid: 138255|app: 0|req: 7/15] 127.0.0.1 () {38 vars in 745 bytes} [Mon May 16 17:39:27 2022] GET /v2/schemas/metadefs/resource_type => generated 1262 bytes in 4 msecs (HTTP/1.1 200) 4 headers in 158 bytes (1 switches on core 0)
May 16 17:39:27 ubuntu devstack@g-api.service[138256]: DEBUG glance.api.middleware.version_negotiation [None req-475bfc91-7227-4cc8-9b7c-04844fe4da48 admin admin] Determining version of request: GET /v2/images Accept: */* {{(pid=138256) process_request /opt/stack/glance/glance/api/middleware/version_negotiation.py:44}}
May 16 17:39:27 ubuntu devstack@g-api.service[138256]: DEBUG glance.api.middleware.version_negotiation [None req-475bfc91-7227-4cc8-9b7c-04844fe4da48 admin admin] Using url versioning {{(pid=138256) process_request /opt/stack/glance/glance/api/middleware/version_negotiation.py:57}}
May 16 17:39:27 ubuntu devstack@g-api.service[138256]: DEBUG glance.api.middleware.version_negotiation [None req-475bfc91-7227-4cc8-9b7c-04844fe4da48 admin admin] Matched version: v2 {{(pid=138256) process_request /opt/stack/glance/glance/api/middleware/version_negotiation.py:69}}
May 16 17:39:27 ubuntu devstack@g-api.service[138256]: DEBUG glance.api.middleware.version_negotiation [None req-475bfc91-7227-4cc8-9b7c-04844fe4da48 admin admin] new path /v2/images {{(pid=138256) process_request /opt/stack/glance/glance/api/middleware/version_negotiation.py:70}}
May 16 17:39:27 ubuntu devstack@g-api.service[138256]: [pid: 138256|app: 0|req: 9/16] 127.0.0.1 () {38 vars in 768 bytes} [Mon May 16 17:39:27 2022] GET /v2/images?limit=20&sort_key=name&sort_dir=asc => generated 1081 bytes in 79 msecs (HTTP/1.1 200) 4 headers in 158 bytes (1 switches on core 0)
May 16 17:39:27 ubuntu devstack@g-api.service[138255]: DEBUG glance.api.middleware.version_negotiation [None req-c8f2f25a-45fe-4a5e-b6da-a5d0095153ea admin admin] Determining version of request: GET /v2/schemas/image Accept: */* {{(pid=138255) process_request /opt/stack/glance/glance/api/middleware/version_negotiation.py:44}}
May 16 17:39:27 ubuntu devstack@g-api.service[138255]: DEBUG glance.api.middleware.version_negotiation [None req-c8f2f25a-45fe-4a5e-b6da-a5d0095153ea admin admin] Using url versioning {{(pid=138255) process_request /opt/stack/glance/glance/api/middleware/version_negotiation.py:57}}
May 16 17:39:27 ubuntu devstack@g-api.service[138255]: DEBUG glance.api.middleware.version_negotiation [None req-c8f2f25a-45fe-4a5e-b6da-a5d0095153ea admin admin] Matched version: v2 {{(pid=138255) process_request /opt/stack/glance/glance/api/middleware/version_negotiation.py:69}}
May 16 17:39:27 ubuntu devstack@g-api.service[138255]: DEBUG glance.api.middleware.version_negotiation [None req-c8f2f25a-45fe-4a5e-b6da-a5d0095153ea admin admin] new path /v2/schemas/image {{(pid=138255) process_request /opt/stack/glance/glance/api/middleware/version_negotiation.py:70}}
May 16 17:39:27 ubuntu devstack@g-api.service[138255]: [pid: 138255|app: 0|req: 8/17] 127.0.0.1 () {38 vars in 711 bytes} [Mon May 16 17:39:27 2022] GET /v2/schemas/image => generated 6083 bytes in 4 msecs (HTTP/1.1 200) 4 headers in 158 bytes (1 switches on core 0)
May 16 17:39:36 ubuntu devstack@g-api.service[138256]: DEBUG glance.api.middleware.version_negotiation [None req-a098a640-ee93-4a1e-92aa-bd27089ce94c admin admin] Determining version of request: GET / Accept: application/json {{(pid=138256) process_request /opt/stack/glance/glance/api/middleware/version_negotiation.py:44}}
May 16 17:39:36 ubuntu devstack@g-api.service[138256]: DEBUG glance.api.middleware.version_negotiation [None req-a098a640-ee93-4a1e-92aa-bd27089ce94c admin admin] Using url versioning {{(pid=138256) process_request /opt/stack/glance/glance/api/middleware/version_negotiation.py:57}}
May 16 17:39:36 ubuntu devstack@g-api.service[138256]: DEBUG glance.api.middleware.version_negotiation [None req-a098a640-ee93-4a1e-92aa-bd27089ce94c admin admin] Unknown version. Returning version choices. {{(pid=138256) process_request /opt/stack/glance/glance/api/middleware/version_negotiation.py:64}}
May 16 17:39:36 ubuntu devstack@g-api.service[138256]: [pid: 138256|app: 0|req: 10/18] 127.0.0.1 () {34 vars in 492 bytes} [Mon May 16 17:39:36 2022] GET / => generated 1213 bytes in 3 msecs (HTTP/1.1 300) 3 headers in 106 bytes (1 switches on core 0)
May 16 17:39:36 ubuntu devstack@g-api.service[138255]: DEBUG glance.api.middleware.version_negotiation [None req-0bbc907b-e07f-402b-954f-7f319e02b021 admin admin] Determining version of request: GET /v2/images/1ef5e237-04c8-4810-be20-0c6caa47efa3 Accept: */* {{(pid=138255) process_request /opt/stack/glance/glance/api/middleware/version_negotiation.py:44}}
May 16 17:39:36 ubuntu devstack@g-api.service[138255]: DEBUG glance.api.middleware.version_negotiation [None req-0bbc907b-e07f-402b-954f-7f319e02b021 admin admin] Using url versioning {{(pid=138255) process_request /opt/stack/glance/glance/api/middleware/version_negotiation.py:57}}
May 16 17:39:36 ubuntu devstack@g-api.service[138255]: DEBUG glance.api.middleware.version_negotiation [None req-0bbc907b-e07f-402b-954f-7f319e02b021 admin admin] Matched version: v2 {{(pid=138255) process_request /opt/stack/glance/glance/api/middleware/version_negotiation.py:69}}
May 16 17:39:36 ubuntu devstack@g-api.service[138255]: DEBUG glance.api.middleware.version_negotiation [None req-0bbc907b-e07f-402b-954f-7f319e02b021 admin admin] new path /v2/images/1ef5e237-04c8-4810-be20-0c6caa47efa3 {{(pid=138255) process_request /opt/stack/glance/glance/api/middleware/version_negotiation.py:70}}
May 16 17:39:37 ubuntu devstack@g-api.service[138255]: WARNING keystonemiddleware.auth_token [None req-0bbc907b-e07f-402b-954f-7f319e02b021 admin admin] A valid token was submitted as a service token, but it was not a valid service token. This is incorrect but backwards compatible behaviour. This will be removed in future releases.
May 16 17:39:37 ubuntu devstack@g-api.service[138255]: [pid: 138255|app: 0|req: 9/19] 127.0.0.1 () {42 vars in 1049 bytes} [Mon May 16 17:39:36 2022] GET /v2/images/1ef5e237-04c8-4810-be20-0c6caa47efa3 => generated 976 bytes in 98 msecs (HTTP/1.1 200) 4 headers in 157 bytes (1 switches on core 0)
May 16 17:39:37 ubuntu devstack@g-api.service[138256]: DEBUG glance.api.middleware.version_negotiation [None req-a098a640-ee93-4a1e-92aa-bd27089ce94c admin admin] Determining version of request: GET /v2/schemas/image Accept: */* {{(pid=138256) process_request /opt/stack/glance/glance/api/middleware/version_negotiation.py:44}}
May 16 17:39:37 ubuntu devstack@g-api.service[138256]: DEBUG glance.api.middleware.version_negotiation [None req-a098a640-ee93-4a1e-92aa-bd27089ce94c admin admin] Using url versioning {{(pid=138256) process_request /opt/stack/glance/glance/api/middleware/version_negotiation.py:57}}
May 16 17:39:37 ubuntu devstack@g-api.service[138256]: DEBUG glance.api.middleware.version_negotiation [None req-a098a640-ee93-4a1e-92aa-bd27089ce94c admin admin] Matched version: v2 {{(pid=138256) process_request /opt/stack/glance/glance/api/middleware/version_negotiation.py:69}}
May 16 17:39:37 ubuntu devstack@g-api.service[138256]: DEBUG glance.api.middleware.version_negotiation [None req-a098a640-ee93-4a1e-92aa-bd27089ce94c admin admin] new path /v2/schemas/image {{(pid=138256) process_request /opt/stack/glance/glance/api/middleware/version_negotiation.py:70}}
May 16 17:39:37 ubuntu devstack@g-api.service[138256]: WARNING keystonemiddleware.auth_token [None req-a098a640-ee93-4a1e-92aa-bd27089ce94c admin admin] A valid token was submitted as a service token, but it was not a valid service token. This is incorrect but backwards compatible behaviour. This will be removed in future releases.
May 16 17:39:37 ubuntu devstack@g-api.service[138256]: [pid: 138256|app: 0|req: 11/20] 127.0.0.1 () {42 vars in 989 bytes} [Mon May 16 17:39:37 2022] GET /v2/schemas/image => generated 6083 bytes in 6 msecs (HTTP/1.1 200) 4 headers in 158 bytes (1 switches on core 0)
May 16 17:39:39 ubuntu devstack@g-api.service[138255]: DEBUG glance.api.middleware.version_negotiation [None req-7c1d8cf2-063a-4be4-8271-e37815359c7d tempest-VolumesAdminNegativeTest-1825261479 tempest-VolumesAdminNegativeTest-1825261479-project] Determining version of request: GET /v2/images/1ef5e237-04c8-4810-be20-0c6caa47efa3 Accept: */* {{(pid=138255) process_request /opt/stack/glance/glance/api/middleware/version_negotiation.py:44}}
May 16 17:39:39 ubuntu devstack@g-api.service[138255]: DEBUG glance.api.middleware.version_negotiation [None req-7c1d8cf2-063a-4be4-8271-e37815359c7d tempest-VolumesAdminNegativeTest-1825261479 tempest-VolumesAdminNegativeTest-1825261479-project] Using url versioning {{(pid=138255) process_request /opt/stack/glance/glance/api/middleware/version_negotiation.py:57}}
May 16 17:39:39 ubuntu devstack@g-api.service[138255]: DEBUG glance.api.middleware.version_negotiation [None req-7c1d8cf2-063a-4be4-8271-e37815359c7d tempest-VolumesAdminNegativeTest-1825261479 tempest-VolumesAdminNegativeTest-1825261479-project] Matched version: v2 {{(pid=138255) process_request /opt/stack/glance/glance/api/middleware/version_negotiation.py:69}}
May 16 17:39:39 ubuntu devstack@g-api.service[138255]: DEBUG glance.api.middleware.version_negotiation [None req-7c1d8cf2-063a-4be4-8271-e37815359c7d tempest-VolumesAdminNegativeTest-1825261479 tempest-VolumesAdminNegativeTest-1825261479-project] new path /v2/images/1ef5e237-04c8-4810-be20-0c6caa47efa3 {{(pid=138255) process_request /opt/stack/glance/glance/api/middleware/version_negotiation.py:70}}
May 16 17:39:39 ubuntu devstack@g-api.service[138255]: [pid: 138255|app: 0|req: 10/21] 127.0.0.1 () {42 vars in 1049 bytes} [Mon May 16 17:39:39 2022] GET /v2/images/1ef5e237-04c8-4810-be20-0c6caa47efa3 => generated 976 bytes in 24 msecs (HTTP/1.1 200) 4 headers in 157 bytes (1 switches on core 0)
May 16 17:39:39 ubuntu devstack@g-api.service[138256]: DEBUG glance.api.middleware.version_negotiation [None req-7c1d8cf2-063a-4be4-8271-e37815359c7d tempest-VolumesAdminNegativeTest-1825261479 tempest-VolumesAdminNegativeTest-1825261479-project] Determining version of request: GET /v2/images/1ef5e237-04c8-4810-be20-0c6caa47efa3/file Accept: */* {{(pid=138256) process_request /opt/stack/glance/glance/api/middleware/version_negotiation.py:44}}
May 16 17:39:39 ubuntu devstack@g-api.service[138256]: DEBUG glance.api.middleware.version_negotiation [None req-7c1d8cf2-063a-4be4-8271-e37815359c7d tempest-VolumesAdminNegativeTest-1825261479 tempest-VolumesAdminNegativeTest-1825261479-project] Using url versioning {{(pid=138256) process_request /opt/stack/glance/glance/api/middleware/version_negotiation.py:57}}
May 16 17:39:39 ubuntu devstack@g-api.service[138256]: DEBUG glance.api.middleware.version_negotiation [None req-7c1d8cf2-063a-4be4-8271-e37815359c7d tempest-VolumesAdminNegativeTest-1825261479 tempest-VolumesAdminNegativeTest-1825261479-project] Matched version: v2 {{(pid=138256) process_request /opt/stack/glance/glance/api/middleware/version_negotiation.py:69}}
May 16 17:39:39 ubuntu devstack@g-api.service[138256]: DEBUG glance.api.middleware.version_negotiation [None req-7c1d8cf2-063a-4be4-8271-e37815359c7d tempest-VolumesAdminNegativeTest-1825261479 tempest-VolumesAdminNegativeTest-1825261479-project] new path /v2/images/1ef5e237-04c8-4810-be20-0c6caa47efa3/file {{(pid=138256) process_request /opt/stack/glance/glance/api/middleware/version_negotiation.py:70}}
May 16 17:39:39 ubuntu devstack@g-api.service[138256]: DEBUG glance_store.backend [None req-7c1d8cf2-063a-4be4-8271-e37815359c7d tempest-VolumesAdminNegativeTest-1825261479 tempest-VolumesAdminNegativeTest-1825261479-project] Attempting to import store swift {{(pid=138256) _load_store /usr/local/lib/python3.8/dist-packages/glance_store/backend.py:217}}
May 16 17:39:39 ubuntu devstack@g-api.service[138256]: DEBUG glance_store.capabilities [None req-7c1d8cf2-063a-4be4-8271-e37815359c7d tempest-VolumesAdminNegativeTest-1825261479 tempest-VolumesAdminNegativeTest-1825261479-project] Store glance_store._drivers.swift.store.SingleTenantStore doesn't support updating dynamic storage capabilities. Please overwrite 'update_capabilities' method of the store to implement updating logics if needed. {{(pid=138256) update_capabilities /usr/local/lib/python3.8/dist-packages/glance_store/capabilities.py:91}}
May 16 17:39:39 ubuntu devstack@g-api.service[138256]: DEBUG glance_store.driver [None req-7c1d8cf2-063a-4be4-8271-e37815359c7d tempest-VolumesAdminNegativeTest-1825261479 tempest-VolumesAdminNegativeTest-1825261479-project] Late loading location class glance_store._drivers.swift.store.StoreLocation {{(pid=138256) get_store_location_class /usr/local/lib/python3.8/dist-packages/glance_store/driver.py:117}}
May 16 17:39:39 ubuntu devstack@g-api.service[138256]: DEBUG glance_store.location [None req-7c1d8cf2-063a-4be4-8271-e37815359c7d tempest-VolumesAdminNegativeTest-1825261479 tempest-VolumesAdminNegativeTest-1825261479-project] Registering scheme swift+https with {'store': <glance_store._drivers.swift.store.SingleTenantStore object at 0x7f2eb1bb9040>, 'location_class': <class 'glance_store._drivers.swift.store.StoreLocation'>, 'store_entry': 'swift'} {{(pid=138256) register_scheme_map /usr/local/lib/python3.8/dist-packages/glance_store/location.py:146}}
May 16 17:39:39 ubuntu devstack@g-api.service[138256]: DEBUG glance_store.location [None req-7c1d8cf2-063a-4be4-8271-e37815359c7d tempest-VolumesAdminNegativeTest-1825261479 tempest-VolumesAdminNegativeTest-1825261479-project] Registering scheme swift+https with {'store': <glance_store._drivers.swift.store.SingleTenantStore object at 0x7f2eb1bb9040>, 'location_class': <class 'glance_store._drivers.swift.store.StoreLocation'>, 'store_entry': 'swift'} {{(pid=138256) register_scheme_map /usr/local/lib/python3.8/dist-packages/glance_store/location.py:146}}
May 16 17:39:39 ubuntu devstack@g-api.service[138256]: DEBUG glance_store.location [None req-7c1d8cf2-063a-4be4-8271-e37815359c7d tempest-VolumesAdminNegativeTest-1825261479 tempest-VolumesAdminNegativeTest-1825261479-project] Registering scheme swift with {'store': <glance_store._drivers.swift.store.SingleTenantStore object at 0x7f2eb1bb9040>, 'location_class': <class 'glance_store._drivers.swift.store.StoreLocation'>, 'store_entry': 'swift'} {{(pid=138256) register_scheme_map /usr/local/lib/python3.8/dist-packages/glance_store/location.py:146}}
May 16 17:39:39 ubuntu devstack@g-api.service[138256]: DEBUG glance_store.location [None req-7c1d8cf2-063a-4be4-8271-e37815359c7d tempest-VolumesAdminNegativeTest-1825261479 tempest-VolumesAdminNegativeTest-1825261479-project] Registering scheme swift+https with {'store': <glance_store._drivers.swift.store.SingleTenantStore object at 0x7f2eb1bb9040>, 'location_class': <class 'glance_store._drivers.swift.store.StoreLocation'>, 'store_entry': 'swift'} {{(pid=138256) register_scheme_map /usr/local/lib/python3.8/dist-packages/glance_store/location.py:146}}
May 16 17:39:39 ubuntu devstack@g-api.service[138256]: DEBUG glance_store.location [None req-7c1d8cf2-063a-4be4-8271-e37815359c7d tempest-VolumesAdminNegativeTest-1825261479 tempest-VolumesAdminNegativeTest-1825261479-project] Registering scheme swift with {'store': <glance_store._drivers.swift.store.SingleTenantStore object at 0x7f2eb1bb9040>, 'location_class': <class 'glance_store._drivers.swift.store.StoreLocation'>, 'store_entry': 'swift'} {{(pid=138256) register_scheme_map /usr/local/lib/python3.8/dist-packages/glance_store/location.py:146}}
May 16 17:39:39 ubuntu devstack@g-api.service[138256]: DEBUG glance_store.location [None req-7c1d8cf2-063a-4be4-8271-e37815359c7d tempest-VolumesAdminNegativeTest-1825261479 tempest-VolumesAdminNegativeTest-1825261479-project] Registering scheme swift+http with {'store': <glance_store._drivers.swift.store.SingleTenantStore object at 0x7f2eb1bb9040>, 'location_class': <class 'glance_store._drivers.swift.store.StoreLocation'>, 'store_entry': 'swift'} {{(pid=138256) register_scheme_map /usr/local/lib/python3.8/dist-packages/glance_store/location.py:146}}
May 16 17:39:39 ubuntu devstack@g-api.service[138256]: DEBUG glance_store.location [None req-7c1d8cf2-063a-4be4-8271-e37815359c7d tempest-VolumesAdminNegativeTest-1825261479 tempest-VolumesAdminNegativeTest-1825261479-project] Registering scheme swift+https with {'store': <glance_store._drivers.swift.store.SingleTenantStore object at 0x7f2eb1bb9040>, 'location_class': <class 'glance_store._drivers.swift.store.StoreLocation'>, 'store_entry': 'swift'} {{(pid=138256) register_scheme_map /usr/local/lib/python3.8/dist-packages/glance_store/location.py:146}}
May 16 17:39:39 ubuntu devstack@g-api.service[138256]: DEBUG glance_store.location [None req-7c1d8cf2-063a-4be4-8271-e37815359c7d tempest-VolumesAdminNegativeTest-1825261479 tempest-VolumesAdminNegativeTest-1825261479-project] Registering scheme swift with {'store': <glance_store._drivers.swift.store.SingleTenantStore object at 0x7f2eb1bb9040>, 'location_class': <class 'glance_store._drivers.swift.store.StoreLocation'>, 'store_entry': 'swift'} {{(pid=138256) register_scheme_map /usr/local/lib/python3.8/dist-packages/glance_store/location.py:146}}
May 16 17:39:39 ubuntu devstack@g-api.service[138256]: DEBUG glance_store.location [None req-7c1d8cf2-063a-4be4-8271-e37815359c7d tempest-VolumesAdminNegativeTest-1825261479 tempest-VolumesAdminNegativeTest-1825261479-project] Registering scheme swift+http with {'store': <glance_store._drivers.swift.store.SingleTenantStore object at 0x7f2eb1bb9040>, 'location_class': <class 'glance_store._drivers.swift.store.StoreLocation'>, 'store_entry': 'swift'} {{(pid=138256) register_scheme_map /usr/local/lib/python3.8/dist-packages/glance_store/location.py:146}}
May 16 17:39:39 ubuntu devstack@g-api.service[138256]: DEBUG glance_store.location [None req-7c1d8cf2-063a-4be4-8271-e37815359c7d tempest-VolumesAdminNegativeTest-1825261479 tempest-VolumesAdminNegativeTest-1825261479-project] Registering scheme swift+config with {'store': <glance_store._drivers.swift.store.SingleTenantStore object at 0x7f2eb1bb9040>, 'location_class': <class 'glance_store._drivers.swift.store.StoreLocation'>, 'store_entry': 'swift'} {{(pid=138256) register_scheme_map /usr/local/lib/python3.8/dist-packages/glance_store/location.py:146}}
May 16 17:39:39 ubuntu devstack@g-api.service[138256]: DEBUG swiftclient [None req-7c1d8cf2-063a-4be4-8271-e37815359c7d tempest-VolumesAdminNegativeTest-1825261479 tempest-VolumesAdminNegativeTest-1825261479-project] REQ: curl -i http://192.168.79.44:8080/v1/AUTH_739fc028485c481c9f54b9c53db2954c/glance/1ef5e237-04c8-4810-be20-0c6caa47efa3 -X GET -H "X-Auth-Token: gAAAAABigoxb9VhD..." {{(pid=138256) http_log /usr/local/lib/python3.8/dist-packages/swiftclient/client.py:187}}
May 16 17:39:39 ubuntu devstack@g-api.service[138256]: DEBUG swiftclient [None req-7c1d8cf2-063a-4be4-8271-e37815359c7d tempest-VolumesAdminNegativeTest-1825261479 tempest-VolumesAdminNegativeTest-1825261479-project] RESP STATUS: 200 OK {{(pid=138256) http_log /usr/local/lib/python3.8/dist-packages/swiftclient/client.py:188}}
May 16 17:39:39 ubuntu devstack@g-api.service[138256]: DEBUG swiftclient [None req-7c1d8cf2-063a-4be4-8271-e37815359c7d tempest-VolumesAdminNegativeTest-1825261479 tempest-VolumesAdminNegativeTest-1825261479-project] RESP HEADERS: {'Content-Type': 'application/octet-stream', 'Etag': '1d3062cd89af34e419f7100277f38b2b', 'Last-Modified': 'Mon, 16 May 2022 17:34:36 GMT', 'X-Timestamp': '1652722475.37063', 'Accept-Ranges': 'bytes', 'Content-Length': '16338944', 'X-Trans-Id': 'tx06db04cbf62348bdacbd1-0062828c5b', 'X-Openstack-Request-Id': 'tx06db04cbf62348bdacbd1-0062828c5b', 'Date': 'Mon, 16 May 2022 17:39:39 GMT'} {{(pid=138256) http_log /usr/local/lib/python3.8/dist-packages/swiftclient/client.py:189}}
May 16 17:39:39 ubuntu devstack@g-api.service[138256]: DEBUG glance.image_cache [None req-7c1d8cf2-063a-4be4-8271-e37815359c7d tempest-VolumesAdminNegativeTest-1825261479 tempest-VolumesAdminNegativeTest-1825261479-project] Tee'ing image '1ef5e237-04c8-4810-be20-0c6caa47efa3' into cache {{(pid=138256) get_caching_iter /opt/stack/glance/glance/image_cache/__init__.py:343}}
May 16 17:39:40 ubuntu devstack@g-api.service[138256]: DEBUG glance.image_cache.drivers.sqlite [None req-7c1d8cf2-063a-4be4-8271-e37815359c7d tempest-VolumesAdminNegativeTest-1825261479 tempest-VolumesAdminNegativeTest-1825261479-project] Fetch finished, moving '/opt/stack/data/glance/cache/incomplete/1ef5e237-04c8-4810-be20-0c6caa47efa3' to '/opt/stack/data/glance/cache/1ef5e237-04c8-4810-be20-0c6caa47efa3' {{(pid=138256) commit /opt/stack/glance/glance/image_cache/drivers/sqlite.py:324}}
May 16 17:39:40 ubuntu devstack@g-api.service[138256]: [pid: 138256|app: 0|req: 12/22] 127.0.0.1 () {42 vars in 1059 bytes} [Mon May 16 17:39:39 2022] GET /v2/images/1ef5e237-04c8-4810-be20-0c6caa47efa3/file => generated 16338944 bytes in 400 msecs (HTTP/1.1 200) 4 headers in 191 bytes (251 switches on core 0)
May 16 17:40:15 ubuntu devstack@g-api.service[138255]: DEBUG glance.api.middleware.version_negotiation [None req-7c1d8cf2-063a-4be4-8271-e37815359c7d tempest-VolumesAdminNegativeTest-1825261479 tempest-VolumesAdminNegativeTest-1825261479-project] Determining version of request: GET / Accept: application/json {{(pid=138255) process_request /opt/stack/glance/glance/api/middleware/version_negotiation.py:44}}
May 16 17:40:15 ubuntu devstack@g-api.service[138255]: DEBUG glance.api.middleware.version_negotiation [None req-7c1d8cf2-063a-4be4-8271-e37815359c7d tempest-VolumesAdminNegativeTest-1825261479 tempest-VolumesAdminNegativeTest-1825261479-project] Using url versioning {{(pid=138255) process_request /opt/stack/glance/glance/api/middleware/version_negotiation.py:57}}
May 16 17:40:15 ubuntu devstack@g-api.service[138255]: DEBUG glance.api.middleware.version_negotiation [None req-7c1d8cf2-063a-4be4-8271-e37815359c7d tempest-VolumesAdminNegativeTest-1825261479 tempest-VolumesAdminNegativeTest-1825261479-project] Unknown version. Returning version choices. {{(pid=138255) process_request /opt/stack/glance/glance/api/middleware/version_negotiation.py:64}}
May 16 17:40:15 ubuntu devstack@g-api.service[138255]: [pid: 138255|app: 0|req: 11/23] 127.0.0.1 () {34 vars in 492 bytes} [Mon May 16 17:40:15 2022] GET / => generated 1213 bytes in 6 msecs (HTTP/1.1 300) 3 headers in 106 bytes (1 switches on core 0)
May 16 17:40:15 ubuntu devstack@g-api.service[138256]: DEBUG glance.api.middleware.version_negotiation [None req-7c1d8cf2-063a-4be4-8271-e37815359c7d tempest-VolumesAdminNegativeTest-1825261479 tempest-VolumesAdminNegativeTest-1825261479-project] Determining version of request: GET /v2/images/1ef5e237-04c8-4810-be20-0c6caa47efa3 Accept: */* {{(pid=138256) process_request /opt/stack/glance/glance/api/middleware/version_negotiation.py:44}}
May 16 17:40:15 ubuntu devstack@g-api.service[138256]: DEBUG glance.api.middleware.version_negotiation [None req-7c1d8cf2-063a-4be4-8271-e37815359c7d tempest-VolumesAdminNegativeTest-1825261479 tempest-VolumesAdminNegativeTest-1825261479-project] Using url versioning {{(pid=138256) process_request /opt/stack/glance/glance/api/middleware/version_negotiation.py:57}}
May 16 17:40:15 ubuntu devstack@g-api.service[138256]: DEBUG glance.api.middleware.version_negotiation [None req-7c1d8cf2-063a-4be4-8271-e37815359c7d tempest-VolumesAdminNegativeTest-1825261479 tempest-VolumesAdminNegativeTest-1825261479-project] Matched version: v2 {{(pid=138256) process_request /opt/stack/glance/glance/api/middleware/version_negotiation.py:69}}
May 16 17:40:15 ubuntu devstack@g-api.service[138256]: DEBUG glance.api.middleware.version_negotiation [None req-7c1d8cf2-063a-4be4-8271-e37815359c7d tempest-VolumesAdminNegativeTest-1825261479 tempest-VolumesAdminNegativeTest-1825261479-project] new path /v2/images/1ef5e237-04c8-4810-be20-0c6caa47efa3 {{(pid=138256) process_request /opt/stack/glance/glance/api/middleware/version_negotiation.py:70}}
May 16 17:40:15 ubuntu devstack@g-api.service[138256]: [pid: 138256|app: 0|req: 13/24] 127.0.0.1 () {42 vars in 1049 bytes} [Mon May 16 17:40:15 2022] GET /v2/images/1ef5e237-04c8-4810-be20-0c6caa47efa3 => generated 976 bytes in 20 msecs (HTTP/1.1 200) 4 headers in 157 bytes (1 switches on core 0)
May 16 17:40:15 ubuntu devstack@g-api.service[138255]: DEBUG glance.api.middleware.version_negotiation [None req-7c1d8cf2-063a-4be4-8271-e37815359c7d tempest-VolumesAdminNegativeTest-1825261479 tempest-VolumesAdminNegativeTest-1825261479-project] Determining version of request: GET /v2/schemas/image Accept: */* {{(pid=138255) process_request /opt/stack/glance/glance/api/middleware/version_negotiation.py:44}}
May 16 17:40:15 ubuntu devstack@g-api.service[138255]: DEBUG glance.api.middleware.version_negotiation [None req-7c1d8cf2-063a-4be4-8271-e37815359c7d tempest-VolumesAdminNegativeTest-1825261479 tempest-VolumesAdminNegativeTest-1825261479-project] Using url versioning {{(pid=138255) process_request /opt/stack/glance/glance/api/middleware/version_negotiation.py:57}}
May 16 17:40:15 ubuntu devstack@g-api.service[138255]: DEBUG glance.api.middleware.version_negotiation [None req-7c1d8cf2-063a-4be4-8271-e37815359c7d tempest-VolumesAdminNegativeTest-1825261479 tempest-VolumesAdminNegativeTest-1825261479-project] Matched version: v2 {{(pid=138255) process_request /opt/stack/glance/glance/api/middleware/version_negotiation.py:69}}
May 16 17:40:15 ubuntu devstack@g-api.service[138255]: DEBUG glance.api.middleware.version_negotiation [None req-7c1d8cf2-063a-4be4-8271-e37815359c7d tempest-VolumesAdminNegativeTest-1825261479 tempest-VolumesAdminNegativeTest-1825261479-project] new path /v2/schemas/image {{(pid=138255) process_request /opt/stack/glance/glance/api/middleware/version_negotiation.py:70}}
May 16 17:40:15 ubuntu devstack@g-api.service[138255]: [pid: 138255|app: 0|req: 12/25] 127.0.0.1 () {42 vars in 989 bytes} [Mon May 16 17:40:15 2022] GET /v2/schemas/image => generated 6083 bytes in 8 msecs (HTTP/1.1 200) 4 headers in 158 bytes (1 switches on core 0)
May 16 17:40:39 ubuntu devstack@g-api.service[138256]: DEBUG glance.api.middleware.version_negotiation [None req-1bd7b447-c20d-41c9-9d27-f065fbb91c59 tempest-DeleteServersTestJSON-1937726824 tempest-DeleteServersTestJSON-1937726824-project] Determining version of request: GET /v2/images/1ef5e237-04c8-4810-be20-0c6caa47efa3 Accept: */* {{(pid=138256) process_request /opt/stack/glance/glance/api/middleware/version_negotiation.py:44}}
May 16 17:40:39 ubuntu devstack@g-api.service[138256]: DEBUG glance.api.middleware.version_negotiation [None req-1bd7b447-c20d-41c9-9d27-f065fbb91c59 tempest-DeleteServersTestJSON-1937726824 tempest-DeleteServersTestJSON-1937726824-project] Using url versioning {{(pid=138256) process_request /opt/stack/glance/glance/api/middleware/version_negotiation.py:57}}
May 16 17:40:39 ubuntu devstack@g-api.service[138256]: DEBUG glance.api.middleware.version_negotiation [None req-1bd7b447-c20d-41c9-9d27-f065fbb91c59 tempest-DeleteServersTestJSON-1937726824 tempest-DeleteServersTestJSON-1937726824-project] Matched version: v2 {{(pid=138256) process_request /opt/stack/glance/glance/api/middleware/version_negotiation.py:69}}
May 16 17:40:39 ubuntu devstack@g-api.service[138256]: DEBUG glance.api.middleware.version_negotiation [None req-1bd7b447-c20d-41c9-9d27-f065fbb91c59 tempest-DeleteServersTestJSON-1937726824 tempest-DeleteServersTestJSON-1937726824-project] new path /v2/images/1ef5e237-04c8-4810-be20-0c6caa47efa3 {{(pid=138256) process_request /opt/stack/glance/glance/api/middleware/version_negotiation.py:70}}
May 16 17:40:39 ubuntu devstack@g-api.service[138256]: [pid: 138256|app: 0|req: 14/26] 127.0.0.1 () {42 vars in 1049 bytes} [Mon May 16 17:40:39 2022] GET /v2/images/1ef5e237-04c8-4810-be20-0c6caa47efa3 => generated 976 bytes in 18 msecs (HTTP/1.1 200) 4 headers in 157 bytes (1 switches on core 0)
May 16 17:40:39 ubuntu devstack@g-api.service[138255]: DEBUG glance.api.middleware.version_negotiation [None req-1bd7b447-c20d-41c9-9d27-f065fbb91c59 tempest-DeleteServersTestJSON-1937726824 tempest-DeleteServersTestJSON-1937726824-project] Determining version of request: GET /v2/schemas/image Accept: */* {{(pid=138255) process_request /opt/stack/glance/glance/api/middleware/version_negotiation.py:44}}
