Mar 29 01:21:30 ubuntu devstack@g-api.service[123169]: DEBUG glance_store.location [None req-730ede76-fed6-4c51-b863-e020c1dbeb9f admin admin] Registering scheme swift+https with {'store': <glance_store._drivers.swift.store.SingleTenantStore object at 0x7f9fc562b0a0>, 'location_class': <class 'glance_store._drivers.swift.store.StoreLocation'>, 'store_entry': 'swift'} {{(pid=123169) register_scheme_map /usr/local/lib/python3.8/dist-packages/glance_store/location.py:146}}
Mar 29 01:21:30 ubuntu devstack@g-api.service[123169]: DEBUG glance_store.location [None req-730ede76-fed6-4c51-b863-e020c1dbeb9f admin admin] Registering scheme swift+https with {'store': <glance_store._drivers.swift.store.SingleTenantStore object at 0x7f9fc562b0a0>, 'location_class': <class 'glance_store._drivers.swift.store.StoreLocation'>, 'store_entry': 'swift'} {{(pid=123169) register_scheme_map /usr/local/lib/python3.8/dist-packages/glance_store/location.py:146}}
Mar 29 01:21:30 ubuntu devstack@g-api.service[123169]: DEBUG glance_store.location [None req-730ede76-fed6-4c51-b863-e020c1dbeb9f admin admin] Registering scheme swift with {'store': <glance_store._drivers.swift.store.SingleTenantStore object at 0x7f9fc562b0a0>, 'location_class': <class 'glance_store._drivers.swift.store.StoreLocation'>, 'store_entry': 'swift'} {{(pid=123169) register_scheme_map /usr/local/lib/python3.8/dist-packages/glance_store/location.py:146}}
Mar 29 01:21:30 ubuntu devstack@g-api.service[123169]: DEBUG glance_store.location [None req-730ede76-fed6-4c51-b863-e020c1dbeb9f admin admin] Registering scheme swift+https with {'store': <glance_store._drivers.swift.store.SingleTenantStore object at 0x7f9fc562b0a0>, 'location_class': <class 'glance_store._drivers.swift.store.StoreLocation'>, 'store_entry': 'swift'} {{(pid=123169) register_scheme_map /usr/local/lib/python3.8/dist-packages/glance_store/location.py:146}}
Mar 29 01:21:30 ubuntu devstack@g-api.service[123169]: DEBUG glance_store.location [None req-730ede76-fed6-4c51-b863-e020c1dbeb9f admin admin] Registering scheme swift with {'store': <glance_store._drivers.swift.store.SingleTenantStore object at 0x7f9fc562b0a0>, 'location_class': <class 'glance_store._drivers.swift.store.StoreLocation'>, 'store_entry': 'swift'} {{(pid=123169) register_scheme_map /usr/local/lib/python3.8/dist-packages/glance_store/location.py:146}}
Mar 29 01:21:30 ubuntu devstack@g-api.service[123169]: DEBUG glance_store.location [None req-730ede76-fed6-4c51-b863-e020c1dbeb9f admin admin] Registering scheme swift+http with {'store': <glance_store._drivers.swift.store.SingleTenantStore object at 0x7f9fc562b0a0>, 'location_class': <class 'glance_store._drivers.swift.store.StoreLocation'>, 'store_entry': 'swift'} {{(pid=123169) register_scheme_map /usr/local/lib/python3.8/dist-packages/glance_store/location.py:146}}
Mar 29 01:21:30 ubuntu devstack@g-api.service[123169]: DEBUG glance_store.location [None req-730ede76-fed6-4c51-b863-e020c1dbeb9f admin admin] Registering scheme swift+https with {'store': <glance_store._drivers.swift.store.SingleTenantStore object at 0x7f9fc562b0a0>, 'location_class': <class 'glance_store._drivers.swift.store.StoreLocation'>, 'store_entry': 'swift'} {{(pid=123169) register_scheme_map /usr/local/lib/python3.8/dist-packages/glance_store/location.py:146}}
Mar 29 01:21:30 ubuntu devstack@g-api.service[123169]: DEBUG glance_store.location [None req-730ede76-fed6-4c51-b863-e020c1dbeb9f admin admin] Registering scheme swift with {'store': <glance_store._drivers.swift.store.SingleTenantStore object at 0x7f9fc562b0a0>, 'location_class': <class 'glance_store._drivers.swift.store.StoreLocation'>, 'store_entry': 'swift'} {{(pid=123169) register_scheme_map /usr/local/lib/python3.8/dist-packages/glance_store/location.py:146}}
Mar 29 01:21:30 ubuntu devstack@g-api.service[123169]: DEBUG glance_store.location [None req-730ede76-fed6-4c51-b863-e020c1dbeb9f admin admin] Registering scheme swift+http with {'store': <glance_store._drivers.swift.store.SingleTenantStore object at 0x7f9fc562b0a0>, 'location_class': <class 'glance_store._drivers.swift.store.StoreLocation'>, 'store_entry': 'swift'} {{(pid=123169) register_scheme_map /usr/local/lib/python3.8/dist-packages/glance_store/location.py:146}}
Mar 29 01:21:30 ubuntu devstack@g-api.service[123169]: DEBUG glance_store.location [None req-730ede76-fed6-4c51-b863-e020c1dbeb9f admin admin] Registering scheme swift+config with {'store': <glance_store._drivers.swift.store.SingleTenantStore object at 0x7f9fc562b0a0>, 'location_class': <class 'glance_store._drivers.swift.store.StoreLocation'>, 'store_entry': 'swift'} {{(pid=123169) register_scheme_map /usr/local/lib/python3.8/dist-packages/glance_store/location.py:146}}
Mar 29 01:21:30 ubuntu devstack@g-api.service[123169]: DEBUG glance_store.backend [None req-730ede76-fed6-4c51-b863-e020c1dbeb9f admin admin] Skipping store.set_acls... not implemented. {{(pid=123169) set_acls /usr/local/lib/python3.8/dist-packages/glance_store/backend.py:509}}
Mar 29 01:21:30 ubuntu devstack@g-api.service[123169]: [pid: 123169|app: 0|req: 3/4] 127.0.0.1 () {40 vars in 862 bytes} [Tue Mar 29 01:21:28 2022] PUT /v2/images/9b7dd084-5e2a-4338-8ece-39fe04f97cab/file => generated 0 bytes in 2127 msecs (HTTP/1.1 204) 4 headers in 171 bytes (1 switches on core 0)
Mar 29 01:22:03 ubuntu devstack@g-api.service[123170]: DEBUG glance.api.middleware.version_negotiation [None req-1bf20bfc-463c-4c26-b5b7-d5da04f6e729 admin admin] Determining version of request: GET / Accept: application/json {{(pid=123170) process_request /opt/stack/glance/glance/api/middleware/version_negotiation.py:44}}
Mar 29 01:22:03 ubuntu devstack@g-api.service[123170]: DEBUG glance.api.middleware.version_negotiation [None req-1bf20bfc-463c-4c26-b5b7-d5da04f6e729 admin admin] Using url versioning {{(pid=123170) process_request /opt/stack/glance/glance/api/middleware/version_negotiation.py:57}}
Mar 29 01:22:03 ubuntu devstack@g-api.service[123170]: DEBUG glance.api.middleware.version_negotiation [None req-1bf20bfc-463c-4c26-b5b7-d5da04f6e729 admin admin] Unknown version. Returning version choices. {{(pid=123170) process_request /opt/stack/glance/glance/api/middleware/version_negotiation.py:64}}
Mar 29 01:22:03 ubuntu devstack@g-api.service[123170]: [pid: 123170|app: 0|req: 2/5] 127.0.0.1 () {34 vars in 506 bytes} [Tue Mar 29 01:22:03 2022] GET / => generated 1213 bytes in 6 msecs (HTTP/1.1 300) 3 headers in 106 bytes (1 switches on core 0)
Mar 29 01:22:03 ubuntu devstack@g-api.service[123169]: DEBUG glance.api.middleware.version_negotiation [None req-730ede76-fed6-4c51-b863-e020c1dbeb9f admin admin] Determining version of request: GET /v2/images Accept: application/json {{(pid=123169) process_request /opt/stack/glance/glance/api/middleware/version_negotiation.py:44}}
Mar 29 01:22:03 ubuntu devstack@g-api.service[123169]: DEBUG glance.api.middleware.version_negotiation [None req-730ede76-fed6-4c51-b863-e020c1dbeb9f admin admin] Using url versioning {{(pid=123169) process_request /opt/stack/glance/glance/api/middleware/version_negotiation.py:57}}
Mar 29 01:22:03 ubuntu devstack@g-api.service[123169]: DEBUG glance.api.middleware.version_negotiation [None req-730ede76-fed6-4c51-b863-e020c1dbeb9f admin admin] Matched version: v2 {{(pid=123169) process_request /opt/stack/glance/glance/api/middleware/version_negotiation.py:69}}
Mar 29 01:22:03 ubuntu devstack@g-api.service[123169]: DEBUG glance.api.middleware.version_negotiation [None req-730ede76-fed6-4c51-b863-e020c1dbeb9f admin admin] new path /v2/images {{(pid=123169) process_request /opt/stack/glance/glance/api/middleware/version_negotiation.py:70}}
Mar 29 01:22:03 ubuntu devstack@g-api.service[123169]: [pid: 123169|app: 0|req: 4/6] 127.0.0.1 () {36 vars in 728 bytes} [Tue Mar 29 01:22:03 2022] GET /v2/images => generated 1045 bytes in 122 msecs (HTTP/1.1 200) 4 headers in 158 bytes (1 switches on core 0)
Mar 29 01:22:09 ubuntu devstack@g-api.service[123170]: DEBUG glance.api.middleware.version_negotiation [None req-1bf20bfc-463c-4c26-b5b7-d5da04f6e729 admin admin] Determining version of request: GET / Accept: application/json {{(pid=123170) process_request /opt/stack/glance/glance/api/middleware/version_negotiation.py:44}}
Mar 29 01:22:09 ubuntu devstack@g-api.service[123170]: DEBUG glance.api.middleware.version_negotiation [None req-1bf20bfc-463c-4c26-b5b7-d5da04f6e729 admin admin] Using url versioning {{(pid=123170) process_request /opt/stack/glance/glance/api/middleware/version_negotiation.py:57}}
Mar 29 01:22:09 ubuntu devstack@g-api.service[123170]: DEBUG glance.api.middleware.version_negotiation [None req-1bf20bfc-463c-4c26-b5b7-d5da04f6e729 admin admin] Unknown version. Returning version choices. {{(pid=123170) process_request /opt/stack/glance/glance/api/middleware/version_negotiation.py:64}}
Mar 29 01:22:09 ubuntu devstack@g-api.service[123170]: [pid: 123170|app: 0|req: 3/7] 127.0.0.1 () {34 vars in 506 bytes} [Tue Mar 29 01:22:09 2022] GET / => generated 1213 bytes in 4 msecs (HTTP/1.1 300) 3 headers in 106 bytes (1 switches on core 0)
Mar 29 01:22:09 ubuntu devstack@g-api.service[123169]: DEBUG glance.api.middleware.version_negotiation [None req-a4e9fbed-75f5-4d82-81d2-8a7558788d61 admin admin] Determining version of request: GET /v2/images/9b7dd084-5e2a-4338-8ece-39fe04f97cab Accept: */* {{(pid=123169) process_request /opt/stack/glance/glance/api/middleware/version_negotiation.py:44}}
Mar 29 01:22:09 ubuntu devstack@g-api.service[123169]: DEBUG glance.api.middleware.version_negotiation [None req-a4e9fbed-75f5-4d82-81d2-8a7558788d61 admin admin] Using url versioning {{(pid=123169) process_request /opt/stack/glance/glance/api/middleware/version_negotiation.py:57}}
Mar 29 01:22:09 ubuntu devstack@g-api.service[123169]: DEBUG glance.api.middleware.version_negotiation [None req-a4e9fbed-75f5-4d82-81d2-8a7558788d61 admin admin] Matched version: v2 {{(pid=123169) process_request /opt/stack/glance/glance/api/middleware/version_negotiation.py:69}}
Mar 29 01:22:09 ubuntu devstack@g-api.service[123169]: DEBUG glance.api.middleware.version_negotiation [None req-a4e9fbed-75f5-4d82-81d2-8a7558788d61 admin admin] new path /v2/images/9b7dd084-5e2a-4338-8ece-39fe04f97cab {{(pid=123169) process_request /opt/stack/glance/glance/api/middleware/version_negotiation.py:70}}
Mar 29 01:22:09 ubuntu devstack@g-api.service[123169]: [pid: 123169|app: 0|req: 5/8] 127.0.0.1 () {36 vars in 789 bytes} [Tue Mar 29 01:22:09 2022] GET /v2/images/9b7dd084-5e2a-4338-8ece-39fe04f97cab => generated 976 bytes in 53 msecs (HTTP/1.1 200) 4 headers in 157 bytes (1 switches on core 0)
Mar 29 01:22:13 ubuntu devstack@g-api.service[123170]: DEBUG glance.api.middleware.version_negotiation [None req-1bf20bfc-463c-4c26-b5b7-d5da04f6e729 admin admin] Determining version of request: GET / Accept: application/json {{(pid=123170) process_request /opt/stack/glance/glance/api/middleware/version_negotiation.py:44}}
Mar 29 01:22:13 ubuntu devstack@g-api.service[123170]: DEBUG glance.api.middleware.version_negotiation [None req-1bf20bfc-463c-4c26-b5b7-d5da04f6e729 admin admin] Using url versioning {{(pid=123170) process_request /opt/stack/glance/glance/api/middleware/version_negotiation.py:57}}
Mar 29 01:22:13 ubuntu devstack@g-api.service[123170]: DEBUG glance.api.middleware.version_negotiation [None req-1bf20bfc-463c-4c26-b5b7-d5da04f6e729 admin admin] Unknown version. Returning version choices. {{(pid=123170) process_request /opt/stack/glance/glance/api/middleware/version_negotiation.py:64}}
Mar 29 01:22:13 ubuntu devstack@g-api.service[123170]: [pid: 123170|app: 0|req: 4/9] 127.0.0.1 () {34 vars in 506 bytes} [Tue Mar 29 01:22:13 2022] GET / => generated 1213 bytes in 4 msecs (HTTP/1.1 300) 3 headers in 106 bytes (1 switches on core 0)
Mar 29 01:22:13 ubuntu devstack@g-api.service[123169]: DEBUG glance.api.middleware.version_negotiation [None req-58c4c3d4-9ee5-48a3-b3db-4f68bd44d87a admin admin] Determining version of request: GET /v2/images/9b7dd084-5e2a-4338-8ece-39fe04f97cab Accept: */* {{(pid=123169) process_request /opt/stack/glance/glance/api/middleware/version_negotiation.py:44}}
Mar 29 01:22:13 ubuntu devstack@g-api.service[123169]: DEBUG glance.api.middleware.version_negotiation [None req-58c4c3d4-9ee5-48a3-b3db-4f68bd44d87a admin admin] Using url versioning {{(pid=123169) process_request /opt/stack/glance/glance/api/middleware/version_negotiation.py:57}}
Mar 29 01:22:13 ubuntu devstack@g-api.service[123169]: DEBUG glance.api.middleware.version_negotiation [None req-58c4c3d4-9ee5-48a3-b3db-4f68bd44d87a admin admin] Matched version: v2 {{(pid=123169) process_request /opt/stack/glance/glance/api/middleware/version_negotiation.py:69}}
Mar 29 01:22:13 ubuntu devstack@g-api.service[123169]: DEBUG glance.api.middleware.version_negotiation [None req-58c4c3d4-9ee5-48a3-b3db-4f68bd44d87a admin admin] new path /v2/images/9b7dd084-5e2a-4338-8ece-39fe04f97cab {{(pid=123169) process_request /opt/stack/glance/glance/api/middleware/version_negotiation.py:70}}
Mar 29 01:22:13 ubuntu devstack@g-api.service[123169]: [pid: 123169|app: 0|req: 6/10] 127.0.0.1 () {36 vars in 789 bytes} [Tue Mar 29 01:22:13 2022] GET /v2/images/9b7dd084-5e2a-4338-8ece-39fe04f97cab => generated 976 bytes in 59 msecs (HTTP/1.1 200) 4 headers in 157 bytes (1 switches on core 0)
Mar 29 01:23:45 ubuntu devstack@g-api.service[123170]: DEBUG glance.api.middleware.version_negotiation [None req-1bf20bfc-463c-4c26-b5b7-d5da04f6e729 admin admin] Determining version of request: GET /v1 Accept: application/json {{(pid=123170) process_request /opt/stack/glance/glance/api/middleware/version_negotiation.py:44}}
Mar 29 01:23:45 ubuntu devstack@g-api.service[123170]: DEBUG glance.api.middleware.version_negotiation [None req-1bf20bfc-463c-4c26-b5b7-d5da04f6e729 admin admin] Using url versioning {{(pid=123170) process_request /opt/stack/glance/glance/api/middleware/version_negotiation.py:57}}
Mar 29 01:23:45 ubuntu devstack@g-api.service[123170]: DEBUG glance.api.middleware.version_negotiation [None req-1bf20bfc-463c-4c26-b5b7-d5da04f6e729 admin admin] Unknown version. Returning version choices. {{(pid=123170) process_request /opt/stack/glance/glance/api/middleware/version_negotiation.py:64}}
Mar 29 01:23:45 ubuntu devstack@g-api.service[123170]: [pid: 123170|app: 0|req: 5/11] 127.0.0.1 () {38 vars in 685 bytes} [Tue Mar 29 01:23:45 2022] GET /v1 => generated 1213 bytes in 3 msecs (HTTP/1.1 300) 3 headers in 106 bytes (1 switches on core 0)
Mar 29 01:26:05 ubuntu devstack@g-api.service[123169]: DEBUG glance.api.middleware.version_negotiation [None req-357eea66-921f-4e11-ac08-042d465708f5 admin admin] Determining version of request: GET /versions Accept: */* {{(pid=123169) process_request /opt/stack/glance/glance/api/middleware/version_negotiation.py:44}}
Mar 29 01:26:05 ubuntu devstack@g-api.service[123169]: [pid: 123169|app: 0|req: 7/12] 127.0.0.1 () {38 vars in 695 bytes} [Tue Mar 29 01:26:05 2022] GET /versions => generated 1213 bytes in 9 msecs (HTTP/1.1 200) 3 headers in 92 bytes (1 switches on core 0)
Mar 29 01:26:05 ubuntu devstack@g-api.service[123170]: DEBUG glance.api.middleware.version_negotiation [None req-1bf20bfc-463c-4c26-b5b7-d5da04f6e729 admin admin] Determining version of request: GET /v2/schemas/image Accept: */* {{(pid=123170) process_request /opt/stack/glance/glance/api/middleware/version_negotiation.py:44}}
Mar 29 01:26:05 ubuntu devstack@g-api.service[123170]: DEBUG glance.api.middleware.version_negotiation [None req-1bf20bfc-463c-4c26-b5b7-d5da04f6e729 admin admin] Using url versioning {{(pid=123170) process_request /opt/stack/glance/glance/api/middleware/version_negotiation.py:57}}
Mar 29 01:26:05 ubuntu devstack@g-api.service[123170]: DEBUG glance.api.middleware.version_negotiation [None req-1bf20bfc-463c-4c26-b5b7-d5da04f6e729 admin admin] Matched version: v2 {{(pid=123170) process_request /opt/stack/glance/glance/api/middleware/version_negotiation.py:69}}
Mar 29 01:26:05 ubuntu devstack@g-api.service[123170]: DEBUG glance.api.middleware.version_negotiation [None req-1bf20bfc-463c-4c26-b5b7-d5da04f6e729 admin admin] new path /v2/schemas/image {{(pid=123170) process_request /opt/stack/glance/glance/api/middleware/version_negotiation.py:70}}
Mar 29 01:26:06 ubuntu devstack@g-api.service[123170]: [pid: 123170|app: 0|req: 6/13] 127.0.0.1 () {38 vars in 711 bytes} [Tue Mar 29 01:26:05 2022] GET /v2/schemas/image => generated 6083 bytes in 109 msecs (HTTP/1.1 200) 4 headers in 158 bytes (1 switches on core 0)
Mar 29 01:26:06 ubuntu devstack@g-api.service[123169]: DEBUG glance.api.middleware.version_negotiation [None req-357eea66-921f-4e11-ac08-042d465708f5 admin admin] Determining version of request: GET /v2/schemas/metadefs/namespace Accept: */* {{(pid=123169) process_request /opt/stack/glance/glance/api/middleware/version_negotiation.py:44}}
Mar 29 01:26:06 ubuntu devstack@g-api.service[123169]: DEBUG glance.api.middleware.version_negotiation [None req-357eea66-921f-4e11-ac08-042d465708f5 admin admin] Using url versioning {{(pid=123169) process_request /opt/stack/glance/glance/api/middleware/version_negotiation.py:57}}
Mar 29 01:26:06 ubuntu devstack@g-api.service[123169]: DEBUG glance.api.middleware.version_negotiation [None req-357eea66-921f-4e11-ac08-042d465708f5 admin admin] Matched version: v2 {{(pid=123169) process_request /opt/stack/glance/glance/api/middleware/version_negotiation.py:69}}
Mar 29 01:26:06 ubuntu devstack@g-api.service[123169]: DEBUG glance.api.middleware.version_negotiation [None req-357eea66-921f-4e11-ac08-042d465708f5 admin admin] new path /v2/schemas/metadefs/namespace {{(pid=123169) process_request /opt/stack/glance/glance/api/middleware/version_negotiation.py:70}}
Mar 29 01:26:06 ubuntu devstack@g-api.service[123169]: [pid: 123169|app: 0|req: 8/14] 127.0.0.1 () {38 vars in 737 bytes} [Tue Mar 29 01:26:06 2022] GET /v2/schemas/metadefs/namespace => generated 3100 bytes in 12 msecs (HTTP/1.1 200) 4 headers in 158 bytes (1 switches on core 0)
Mar 29 01:26:06 ubuntu devstack@g-api.service[123170]: DEBUG glance.api.middleware.version_negotiation [None req-c5344f94-f364-4fda-a2ba-b1798d63bd43 admin admin] Determining version of request: GET /v2/schemas/metadefs/resource_type Accept: */* {{(pid=123170) process_request /opt/stack/glance/glance/api/middleware/version_negotiation.py:44}}
Mar 29 01:26:06 ubuntu devstack@g-api.service[123170]: DEBUG glance.api.middleware.version_negotiation [None req-c5344f94-f364-4fda-a2ba-b1798d63bd43 admin admin] Using url versioning {{(pid=123170) process_request /opt/stack/glance/glance/api/middleware/version_negotiation.py:57}}
Mar 29 01:26:06 ubuntu devstack@g-api.service[123170]: DEBUG glance.api.middleware.version_negotiation [None req-c5344f94-f364-4fda-a2ba-b1798d63bd43 admin admin] Matched version: v2 {{(pid=123170) process_request /opt/stack/glance/glance/api/middleware/version_negotiation.py:69}}
Mar 29 01:26:06 ubuntu devstack@g-api.service[123170]: DEBUG glance.api.middleware.version_negotiation [None req-c5344f94-f364-4fda-a2ba-b1798d63bd43 admin admin] new path /v2/schemas/metadefs/resource_type {{(pid=123170) process_request /opt/stack/glance/glance/api/middleware/version_negotiation.py:70}}
Mar 29 01:26:06 ubuntu devstack@g-api.service[123170]: [pid: 123170|app: 0|req: 7/15] 127.0.0.1 () {38 vars in 745 bytes} [Tue Mar 29 01:26:06 2022] GET /v2/schemas/metadefs/resource_type => generated 1262 bytes in 7 msecs (HTTP/1.1 200) 4 headers in 158 bytes (1 switches on core 0)
Mar 29 01:26:06 ubuntu devstack@g-api.service[123169]: DEBUG glance.api.middleware.version_negotiation [None req-29ea6f69-fd2a-4049-b5b4-e63f33751a70 admin admin] Determining version of request: GET /v2/images Accept: */* {{(pid=123169) process_request /opt/stack/glance/glance/api/middleware/version_negotiation.py:44}}
Mar 29 01:26:06 ubuntu devstack@g-api.service[123169]: DEBUG glance.api.middleware.version_negotiation [None req-29ea6f69-fd2a-4049-b5b4-e63f33751a70 admin admin] Using url versioning {{(pid=123169) process_request /opt/stack/glance/glance/api/middleware/version_negotiation.py:57}}
Mar 29 01:26:06 ubuntu devstack@g-api.service[123169]: DEBUG glance.api.middleware.version_negotiation [None req-29ea6f69-fd2a-4049-b5b4-e63f33751a70 admin admin] Matched version: v2 {{(pid=123169) process_request /opt/stack/glance/glance/api/middleware/version_negotiation.py:69}}
Mar 29 01:26:06 ubuntu devstack@g-api.service[123169]: DEBUG glance.api.middleware.version_negotiation [None req-29ea6f69-fd2a-4049-b5b4-e63f33751a70 admin admin] new path /v2/images {{(pid=123169) process_request /opt/stack/glance/glance/api/middleware/version_negotiation.py:70}}
Mar 29 01:26:06 ubuntu devstack@g-api.service[123169]: [pid: 123169|app: 0|req: 9/16] 127.0.0.1 () {38 vars in 768 bytes} [Tue Mar 29 01:26:06 2022] GET /v2/images?limit=20&sort_key=name&sort_dir=asc => generated 1081 bytes in 78 msecs (HTTP/1.1 200) 4 headers in 158 bytes (1 switches on core 0)
Mar 29 01:26:06 ubuntu devstack@g-api.service[123170]: DEBUG glance.api.middleware.version_negotiation [None req-917bcaa9-bde2-4fbe-b02d-7c5a68ca4901 admin admin] Determining version of request: GET /v2/schemas/image Accept: */* {{(pid=123170) process_request /opt/stack/glance/glance/api/middleware/version_negotiation.py:44}}
Mar 29 01:26:06 ubuntu devstack@g-api.service[123170]: DEBUG glance.api.middleware.version_negotiation [None req-917bcaa9-bde2-4fbe-b02d-7c5a68ca4901 admin admin] Using url versioning {{(pid=123170) process_request /opt/stack/glance/glance/api/middleware/version_negotiation.py:57}}
Mar 29 01:26:06 ubuntu devstack@g-api.service[123170]: DEBUG glance.api.middleware.version_negotiation [None req-917bcaa9-bde2-4fbe-b02d-7c5a68ca4901 admin admin] Matched version: v2 {{(pid=123170) process_request /opt/stack/glance/glance/api/middleware/version_negotiation.py:69}}
Mar 29 01:26:06 ubuntu devstack@g-api.service[123170]: DEBUG glance.api.middleware.version_negotiation [None req-917bcaa9-bde2-4fbe-b02d-7c5a68ca4901 admin admin] new path /v2/schemas/image {{(pid=123170) process_request /opt/stack/glance/glance/api/middleware/version_negotiation.py:70}}
Mar 29 01:26:06 ubuntu devstack@g-api.service[123170]: [pid: 123170|app: 0|req: 8/17] 127.0.0.1 () {38 vars in 711 bytes} [Tue Mar 29 01:26:06 2022] GET /v2/schemas/image => generated 6083 bytes in 6 msecs (HTTP/1.1 200) 4 headers in 158 bytes (1 switches on core 0)
Mar 29 01:26:16 ubuntu devstack@g-api.service[123169]: DEBUG glance.api.middleware.version_negotiation [None req-7f61db95-1942-48ba-a3ce-58dff86f1271 admin admin] Determining version of request: GET / Accept: application/json {{(pid=123169) process_request /opt/stack/glance/glance/api/middleware/version_negotiation.py:44}}
Mar 29 01:26:16 ubuntu devstack@g-api.service[123169]: DEBUG glance.api.middleware.version_negotiation [None req-7f61db95-1942-48ba-a3ce-58dff86f1271 admin admin] Using url versioning {{(pid=123169) process_request /opt/stack/glance/glance/api/middleware/version_negotiation.py:57}}
Mar 29 01:26:16 ubuntu devstack@g-api.service[123169]: DEBUG glance.api.middleware.version_negotiation [None req-7f61db95-1942-48ba-a3ce-58dff86f1271 admin admin] Unknown version. Returning version choices. {{(pid=123169) process_request /opt/stack/glance/glance/api/middleware/version_negotiation.py:64}}
Mar 29 01:26:16 ubuntu devstack@g-api.service[123169]: [pid: 123169|app: 0|req: 10/18] 127.0.0.1 () {34 vars in 492 bytes} [Tue Mar 29 01:26:16 2022] GET / => generated 1213 bytes in 2 msecs (HTTP/1.1 300) 3 headers in 106 bytes (1 switches on core 0)
Mar 29 01:26:16 ubuntu devstack@g-api.service[123170]: DEBUG glance.api.middleware.version_negotiation [None req-fd6c5923-084b-4236-8ba3-decbad3996e3 admin admin] Determining version of request: GET /v2/images/9b7dd084-5e2a-4338-8ece-39fe04f97cab Accept: */* {{(pid=123170) process_request /opt/stack/glance/glance/api/middleware/version_negotiation.py:44}}
Mar 29 01:26:16 ubuntu devstack@g-api.service[123170]: DEBUG glance.api.middleware.version_negotiation [None req-fd6c5923-084b-4236-8ba3-decbad3996e3 admin admin] Using url versioning {{(pid=123170) process_request /opt/stack/glance/glance/api/middleware/version_negotiation.py:57}}
Mar 29 01:26:16 ubuntu devstack@g-api.service[123170]: DEBUG glance.api.middleware.version_negotiation [None req-fd6c5923-084b-4236-8ba3-decbad3996e3 admin admin] Matched version: v2 {{(pid=123170) process_request /opt/stack/glance/glance/api/middleware/version_negotiation.py:69}}
Mar 29 01:26:16 ubuntu devstack@g-api.service[123170]: DEBUG glance.api.middleware.version_negotiation [None req-fd6c5923-084b-4236-8ba3-decbad3996e3 admin admin] new path /v2/images/9b7dd084-5e2a-4338-8ece-39fe04f97cab {{(pid=123170) process_request /opt/stack/glance/glance/api/middleware/version_negotiation.py:70}}
Mar 29 01:26:17 ubuntu devstack@g-api.service[123170]: WARNING keystonemiddleware.auth_token [None req-fd6c5923-084b-4236-8ba3-decbad3996e3 admin admin] A valid token was submitted as a service token, but it was not a valid service token. This is incorrect but backwards compatible behaviour. This will be removed in future releases.
Mar 29 01:26:17 ubuntu devstack@g-api.service[123170]: [pid: 123170|app: 0|req: 9/19] 127.0.0.1 () {42 vars in 1049 bytes} [Tue Mar 29 01:26:16 2022] GET /v2/images/9b7dd084-5e2a-4338-8ece-39fe04f97cab => generated 976 bytes in 97 msecs (HTTP/1.1 200) 4 headers in 157 bytes (1 switches on core 0)
Mar 29 01:26:17 ubuntu devstack@g-api.service[123169]: DEBUG glance.api.middleware.version_negotiation [None req-7f61db95-1942-48ba-a3ce-58dff86f1271 admin admin] Determining version of request: GET /v2/schemas/image Accept: */* {{(pid=123169) process_request /opt/stack/glance/glance/api/middleware/version_negotiation.py:44}}
Mar 29 01:26:17 ubuntu devstack@g-api.service[123169]: DEBUG glance.api.middleware.version_negotiation [None req-7f61db95-1942-48ba-a3ce-58dff86f1271 admin admin] Using url versioning {{(pid=123169) process_request /opt/stack/glance/glance/api/middleware/version_negotiation.py:57}}
Mar 29 01:26:17 ubuntu devstack@g-api.service[123169]: DEBUG glance.api.middleware.version_negotiation [None req-7f61db95-1942-48ba-a3ce-58dff86f1271 admin admin] Matched version: v2 {{(pid=123169) process_request /opt/stack/glance/glance/api/middleware/version_negotiation.py:69}}
Mar 29 01:26:17 ubuntu devstack@g-api.service[123169]: DEBUG glance.api.middleware.version_negotiation [None req-7f61db95-1942-48ba-a3ce-58dff86f1271 admin admin] new path /v2/schemas/image {{(pid=123169) process_request /opt/stack/glance/glance/api/middleware/version_negotiation.py:70}}
Mar 29 01:26:17 ubuntu devstack@g-api.service[123169]: WARNING keystonemiddleware.auth_token [None req-7f61db95-1942-48ba-a3ce-58dff86f1271 admin admin] A valid token was submitted as a service token, but it was not a valid service token. This is incorrect but backwards compatible behaviour. This will be removed in future releases.
Mar 29 01:26:17 ubuntu devstack@g-api.service[123169]: [pid: 123169|app: 0|req: 11/20] 127.0.0.1 () {42 vars in 989 bytes} [Tue Mar 29 01:26:17 2022] GET /v2/schemas/image => generated 6083 bytes in 8 msecs (HTTP/1.1 200) 4 headers in 158 bytes (1 switches on core 0)
Mar 29 01:26:19 ubuntu devstack@g-api.service[123170]: DEBUG glance.api.middleware.version_negotiation [None req-6338caef-d389-43dc-a408-745ecfb6fbe7 tempest-UpdateMultiattachVolumeNegativeTest-1454612680 tempest-UpdateMultiattachVolumeNegativeTest-1454612680-project] Determining version of request: GET /v2/images/9b7dd084-5e2a-4338-8ece-39fe04f97cab Accept: */* {{(pid=123170) process_request /opt/stack/glance/glance/api/middleware/version_negotiation.py:44}}
Mar 29 01:26:19 ubuntu devstack@g-api.service[123170]: DEBUG glance.api.middleware.version_negotiation [None req-6338caef-d389-43dc-a408-745ecfb6fbe7 tempest-UpdateMultiattachVolumeNegativeTest-1454612680 tempest-UpdateMultiattachVolumeNegativeTest-1454612680-project] Using url versioning {{(pid=123170) process_request /opt/stack/glance/glance/api/middleware/version_negotiation.py:57}}
Mar 29 01:26:19 ubuntu devstack@g-api.service[123170]: DEBUG glance.api.middleware.version_negotiation [None req-6338caef-d389-43dc-a408-745ecfb6fbe7 tempest-UpdateMultiattachVolumeNegativeTest-1454612680 tempest-UpdateMultiattachVolumeNegativeTest-1454612680-project] Matched version: v2 {{(pid=123170) process_request /opt/stack/glance/glance/api/middleware/version_negotiation.py:69}}
Mar 29 01:26:19 ubuntu devstack@g-api.service[123170]: DEBUG glance.api.middleware.version_negotiation [None req-6338caef-d389-43dc-a408-745ecfb6fbe7 tempest-UpdateMultiattachVolumeNegativeTest-1454612680 tempest-UpdateMultiattachVolumeNegativeTest-1454612680-project] new path /v2/images/9b7dd084-5e2a-4338-8ece-39fe04f97cab {{(pid=123170) process_request /opt/stack/glance/glance/api/middleware/version_negotiation.py:70}}
Mar 29 01:26:19 ubuntu devstack@g-api.service[123170]: [pid: 123170|app: 0|req: 10/21] 127.0.0.1 () {42 vars in 1049 bytes} [Tue Mar 29 01:26:19 2022] GET /v2/images/9b7dd084-5e2a-4338-8ece-39fe04f97cab => generated 976 bytes in 54 msecs (HTTP/1.1 200) 4 headers in 157 bytes (1 switches on core 0)
Mar 29 01:26:19 ubuntu devstack@g-api.service[123169]: DEBUG glance.api.middleware.version_negotiation [None req-6338caef-d389-43dc-a408-745ecfb6fbe7 tempest-UpdateMultiattachVolumeNegativeTest-1454612680 tempest-UpdateMultiattachVolumeNegativeTest-1454612680-project] Determining version of request: GET /v2/images/9b7dd084-5e2a-4338-8ece-39fe04f97cab/file Accept: */* {{(pid=123169) process_request /opt/stack/glance/glance/api/middleware/version_negotiation.py:44}}
Mar 29 01:26:19 ubuntu devstack@g-api.service[123169]: DEBUG glance.api.middleware.version_negotiation [None req-6338caef-d389-43dc-a408-745ecfb6fbe7 tempest-UpdateMultiattachVolumeNegativeTest-1454612680 tempest-UpdateMultiattachVolumeNegativeTest-1454612680-project] Using url versioning {{(pid=123169) process_request /opt/stack/glance/glance/api/middleware/version_negotiation.py:57}}
Mar 29 01:26:19 ubuntu devstack@g-api.service[123169]: DEBUG glance.api.middleware.version_negotiation [None req-6338caef-d389-43dc-a408-745ecfb6fbe7 tempest-UpdateMultiattachVolumeNegativeTest-1454612680 tempest-UpdateMultiattachVolumeNegativeTest-1454612680-project] Matched version: v2 {{(pid=123169) process_request /opt/stack/glance/glance/api/middleware/version_negotiation.py:69}}
Mar 29 01:26:19 ubuntu devstack@g-api.service[123169]: DEBUG glance.api.middleware.version_negotiation [None req-6338caef-d389-43dc-a408-745ecfb6fbe7 tempest-UpdateMultiattachVolumeNegativeTest-1454612680 tempest-UpdateMultiattachVolumeNegativeTest-1454612680-project] new path /v2/images/9b7dd084-5e2a-4338-8ece-39fe04f97cab/file {{(pid=123169) process_request /opt/stack/glance/glance/api/middleware/version_negotiation.py:70}}
Mar 29 01:26:19 ubuntu devstack@g-api.service[123169]: DEBUG glance_store.backend [None req-6338caef-d389-43dc-a408-745ecfb6fbe7 tempest-UpdateMultiattachVolumeNegativeTest-1454612680 tempest-UpdateMultiattachVolumeNegativeTest-1454612680-project] Attempting to import store swift {{(pid=123169) _load_store /usr/local/lib/python3.8/dist-packages/glance_store/backend.py:217}}
Mar 29 01:26:19 ubuntu devstack@g-api.service[123169]: DEBUG glance_store.capabilities [None req-6338caef-d389-43dc-a408-745ecfb6fbe7 tempest-UpdateMultiattachVolumeNegativeTest-1454612680 tempest-UpdateMultiattachVolumeNegativeTest-1454612680-project] Store glance_store._drivers.swift.store.SingleTenantStore doesn't support updating dynamic storage capabilities. Please overwrite 'update_capabilities' method of the store to implement updating logics if needed. {{(pid=123169) update_capabilities /usr/local/lib/python3.8/dist-packages/glance_store/capabilities.py:91}}
Mar 29 01:26:19 ubuntu devstack@g-api.service[123169]: DEBUG glance_store.driver [None req-6338caef-d389-43dc-a408-745ecfb6fbe7 tempest-UpdateMultiattachVolumeNegativeTest-1454612680 tempest-UpdateMultiattachVolumeNegativeTest-1454612680-project] Late loading location class glance_store._drivers.swift.store.StoreLocation {{(pid=123169) get_store_location_class /usr/local/lib/python3.8/dist-packages/glance_store/driver.py:117}}
Mar 29 01:26:19 ubuntu devstack@g-api.service[123169]: DEBUG glance_store.location [None req-6338caef-d389-43dc-a408-745ecfb6fbe7 tempest-UpdateMultiattachVolumeNegativeTest-1454612680 tempest-UpdateMultiattachVolumeNegativeTest-1454612680-project] Registering scheme swift+https with {'store': <glance_store._drivers.swift.store.SingleTenantStore object at 0x7f9fc5910f70>, 'location_class': <class 'glance_store._drivers.swift.store.StoreLocation'>, 'store_entry': 'swift'} {{(pid=123169) register_scheme_map /usr/local/lib/python3.8/dist-packages/glance_store/location.py:146}}
Mar 29 01:26:19 ubuntu devstack@g-api.service[123169]: DEBUG glance_store.location [None req-6338caef-d389-43dc-a408-745ecfb6fbe7 tempest-UpdateMultiattachVolumeNegativeTest-1454612680 tempest-UpdateMultiattachVolumeNegativeTest-1454612680-project] Registering scheme swift+https with {'store': <glance_store._drivers.swift.store.SingleTenantStore object at 0x7f9fc5910f70>, 'location_class': <class 'glance_store._drivers.swift.store.StoreLocation'>, 'store_entry': 'swift'} {{(pid=123169) register_scheme_map /usr/local/lib/python3.8/dist-packages/glance_store/location.py:146}}
Mar 29 01:26:19 ubuntu devstack@g-api.service[123169]: DEBUG glance_store.location [None req-6338caef-d389-43dc-a408-745ecfb6fbe7 tempest-UpdateMultiattachVolumeNegativeTest-1454612680 tempest-UpdateMultiattachVolumeNegativeTest-1454612680-project] Registering scheme swift with {'store': <glance_store._drivers.swift.store.SingleTenantStore object at 0x7f9fc5910f70>, 'location_class': <class 'glance_store._drivers.swift.store.StoreLocation'>, 'store_entry': 'swift'} {{(pid=123169) register_scheme_map /usr/local/lib/python3.8/dist-packages/glance_store/location.py:146}}
Mar 29 01:26:19 ubuntu devstack@g-api.service[123169]: DEBUG glance_store.location [None req-6338caef-d389-43dc-a408-745ecfb6fbe7 tempest-UpdateMultiattachVolumeNegativeTest-1454612680 tempest-UpdateMultiattachVolumeNegativeTest-1454612680-project] Registering scheme swift+https with {'store': <glance_store._drivers.swift.store.SingleTenantStore object at 0x7f9fc5910f70>, 'location_class': <class 'glance_store._drivers.swift.store.StoreLocation'>, 'store_entry': 'swift'} {{(pid=123169) register_scheme_map /usr/local/lib/python3.8/dist-packages/glance_store/location.py:146}}
Mar 29 01:26:19 ubuntu devstack@g-api.service[123169]: DEBUG glance_store.location [None req-6338caef-d389-43dc-a408-745ecfb6fbe7 tempest-UpdateMultiattachVolumeNegativeTest-1454612680 tempest-UpdateMultiattachVolumeNegativeTest-1454612680-project] Registering scheme swift with {'store': <glance_store._drivers.swift.store.SingleTenantStore object at 0x7f9fc5910f70>, 'location_class': <class 'glance_store._drivers.swift.store.StoreLocation'>, 'store_entry': 'swift'} {{(pid=123169) register_scheme_map /usr/local/lib/python3.8/dist-packages/glance_store/location.py:146}}
Mar 29 01:26:19 ubuntu devstack@g-api.service[123169]: DEBUG glance_store.location [None req-6338caef-d389-43dc-a408-745ecfb6fbe7 tempest-UpdateMultiattachVolumeNegativeTest-1454612680 tempest-UpdateMultiattachVolumeNegativeTest-1454612680-project] Registering scheme swift+http with {'store': <glance_store._drivers.swift.store.SingleTenantStore object at 0x7f9fc5910f70>, 'location_class': <class 'glance_store._drivers.swift.store.StoreLocation'>, 'store_entry': 'swift'} {{(pid=123169) register_scheme_map /usr/local/lib/python3.8/dist-packages/glance_store/location.py:146}}
Mar 29 01:26:19 ubuntu devstack@g-api.service[123169]: DEBUG glance_store.location [None req-6338caef-d389-43dc-a408-745ecfb6fbe7 tempest-UpdateMultiattachVolumeNegativeTest-1454612680 tempest-UpdateMultiattachVolumeNegativeTest-1454612680-project] Registering scheme swift+https with {'store': <glance_store._drivers.swift.store.SingleTenantStore object at 0x7f9fc5910f70>, 'location_class': <class 'glance_store._drivers.swift.store.StoreLocation'>, 'store_entry': 'swift'} {{(pid=123169) register_scheme_map /usr/local/lib/python3.8/dist-packages/glance_store/location.py:146}}
Mar 29 01:26:19 ubuntu devstack@g-api.service[123169]: DEBUG glance_store.location [None req-6338caef-d389-43dc-a408-745ecfb6fbe7 tempest-UpdateMultiattachVolumeNegativeTest-1454612680 tempest-UpdateMultiattachVolumeNegativeTest-1454612680-project] Registering scheme swift with {'store': <glance_store._drivers.swift.store.SingleTenantStore object at 0x7f9fc5910f70>, 'location_class': <class 'glance_store._drivers.swift.store.StoreLocation'>, 'store_entry': 'swift'} {{(pid=123169) register_scheme_map /usr/local/lib/python3.8/dist-packages/glance_store/location.py:146}}
Mar 29 01:26:19 ubuntu devstack@g-api.service[123169]: DEBUG glance_store.location [None req-6338caef-d389-43dc-a408-745ecfb6fbe7 tempest-UpdateMultiattachVolumeNegativeTest-1454612680 tempest-UpdateMultiattachVolumeNegativeTest-1454612680-project] Registering scheme swift+http with {'store': <glance_store._drivers.swift.store.SingleTenantStore object at 0x7f9fc5910f70>, 'location_class': <class 'glance_store._drivers.swift.store.StoreLocation'>, 'store_entry': 'swift'} {{(pid=123169) register_scheme_map /usr/local/lib/python3.8/dist-packages/glance_store/location.py:146}}
Mar 29 01:26:19 ubuntu devstack@g-api.service[123169]: DEBUG glance_store.location [None req-6338caef-d389-43dc-a408-745ecfb6fbe7 tempest-UpdateMultiattachVolumeNegativeTest-1454612680 tempest-UpdateMultiattachVolumeNegativeTest-1454612680-project] Registering scheme swift+config with {'store': <glance_store._drivers.swift.store.SingleTenantStore object at 0x7f9fc5910f70>, 'location_class': <class 'glance_store._drivers.swift.store.StoreLocation'>, 'store_entry': 'swift'} {{(pid=123169) register_scheme_map /usr/local/lib/python3.8/dist-packages/glance_store/location.py:146}}
Mar 29 01:26:19 ubuntu devstack@g-api.service[123169]: DEBUG oslo_concurrency.lockutils [-] Acquired lock "glance-cache" {{(pid=123169) lock /usr/local/lib/python3.8/dist-packages/oslo_concurrency/lockutils.py:294}}
Mar 29 01:26:19 ubuntu devstack@g-api.service[123169]: DEBUG oslo_concurrency.lockutils [-] Acquired external semaphore "glance-cache" {{(pid=123169) lock /usr/local/lib/python3.8/dist-packages/oslo_concurrency/lockutils.py:302}}
Mar 29 01:26:19 ubuntu devstack@g-api.service[123169]: DEBUG glance.image_cache.prefetcher [-] Nothing to prefetch. {{(pid=123169) run /opt/stack/glance/glance/image_cache/prefetcher.py:79}}
Mar 29 01:26:19 ubuntu devstack@g-api.service[123169]: DEBUG oslo_concurrency.lockutils [-] Releasing lock "glance-cache" {{(pid=123169) lock /usr/local/lib/python3.8/dist-packages/oslo_concurrency/lockutils.py:312}}
Mar 29 01:26:19 ubuntu devstack@g-api.service[123170]: DEBUG oslo_concurrency.lockutils [-] Acquired lock "glance-cache" {{(pid=123170) lock /usr/local/lib/python3.8/dist-packages/oslo_concurrency/lockutils.py:294}}
Mar 29 01:26:19 ubuntu devstack@g-api.service[123170]: DEBUG oslo_concurrency.lockutils [-] Acquired external semaphore "glance-cache" {{(pid=123170) lock /usr/local/lib/python3.8/dist-packages/oslo_concurrency/lockutils.py:302}}
Mar 29 01:26:19 ubuntu devstack@g-api.service[123170]: DEBUG glance.image_cache.prefetcher [-] Nothing to prefetch. {{(pid=123170) run /opt/stack/glance/glance/image_cache/prefetcher.py:79}}
Mar 29 01:26:19 ubuntu devstack@g-api.service[123170]: DEBUG oslo_concurrency.lockutils [-] Releasing lock "glance-cache" {{(pid=123170) lock /usr/local/lib/python3.8/dist-packages/oslo_concurrency/lockutils.py:312}}
Mar 29 01:26:19 ubuntu devstack@g-api.service[123169]: DEBUG swiftclient [None req-6338caef-d389-43dc-a408-745ecfb6fbe7 tempest-UpdateMultiattachVolumeNegativeTest-1454612680 tempest-UpdateMultiattachVolumeNegativeTest-1454612680-project] REQ: curl -i http://192.168.79.38:8080/v1/AUTH_a3a0f930e2c047df931fa66d279172e2/glance/9b7dd084-5e2a-4338-8ece-39fe04f97cab -X GET -H "X-Auth-Token: gAAAAABiQmA7X8db..." {{(pid=123169) http_log /usr/local/lib/python3.8/dist-packages/swiftclient/client.py:187}}
Mar 29 01:26:19 ubuntu devstack@g-api.service[123169]: DEBUG swiftclient [None req-6338caef-d389-43dc-a408-745ecfb6fbe7 tempest-UpdateMultiattachVolumeNegativeTest-1454612680 tempest-UpdateMultiattachVolumeNegativeTest-1454612680-project] RESP STATUS: 200 OK {{(pid=123169) http_log /usr/local/lib/python3.8/dist-packages/swiftclient/client.py:188}}
Mar 29 01:26:19 ubuntu devstack@g-api.service[123169]: DEBUG swiftclient [None req-6338caef-d389-43dc-a408-745ecfb6fbe7 tempest-UpdateMultiattachVolumeNegativeTest-1454612680 tempest-UpdateMultiattachVolumeNegativeTest-1454612680-project] RESP HEADERS: {'Content-Type': 'application/octet-stream', 'Etag': '1d3062cd89af34e419f7100277f38b2b', 'Last-Modified': 'Tue, 29 Mar 2022 01:21:30 GMT', 'X-Timestamp': '1648516889.68872', 'Accept-Ranges': 'bytes', 'Content-Length': '16338944', 'X-Trans-Id': 'tx33795340faaf4d8db624b-006242603b', 'X-Openstack-Request-Id': 'tx33795340faaf4d8db624b-006242603b', 'Date': 'Tue, 29 Mar 2022 01:26:19 GMT'} {{(pid=123169) http_log /usr/local/lib/python3.8/dist-packages/swiftclient/client.py:189}}
Mar 29 01:26:19 ubuntu devstack@g-api.service[123169]: DEBUG glance.image_cache [None req-6338caef-d389-43dc-a408-745ecfb6fbe7 tempest-UpdateMultiattachVolumeNegativeTest-1454612680 tempest-UpdateMultiattachVolumeNegativeTest-1454612680-project] Tee'ing image '9b7dd084-5e2a-4338-8ece-39fe04f97cab' into cache {{(pid=123169) get_caching_iter /opt/stack/glance/glance/image_cache/__init__.py:343}}
Mar 29 01:26:19 ubuntu devstack@g-api.service[123169]: DEBUG glance.image_cache.drivers.sqlite [None req-6338caef-d389-43dc-a408-745ecfb6fbe7 tempest-UpdateMultiattachVolumeNegativeTest-1454612680 tempest-UpdateMultiattachVolumeNegativeTest-1454612680-project] Fetch finished, moving '/opt/stack/data/glance/cache/incomplete/9b7dd084-5e2a-4338-8ece-39fe04f97cab' to '/opt/stack/data/glance/cache/9b7dd084-5e2a-4338-8ece-39fe04f97cab' {{(pid=123169) commit /opt/stack/glance/glance/image_cache/drivers/sqlite.py:324}}
Mar 29 01:26:19 ubuntu devstack@g-api.service[123169]: [pid: 123169|app: 0|req: 12/22] 127.0.0.1 () {42 vars in 1059 bytes} [Tue Mar 29 01:26:19 2022] GET /v2/images/9b7dd084-5e2a-4338-8ece-39fe04f97cab/file => generated 16338944 bytes in 544 msecs (HTTP/1.1 200) 4 headers in 191 bytes (250 switches on core 0)
Mar 29 01:26:27 ubuntu devstack@g-api.service[123170]: DEBUG glance.api.middleware.version_negotiation [None req-6338caef-d389-43dc-a408-745ecfb6fbe7 tempest-UpdateMultiattachVolumeNegativeTest-1454612680 tempest-UpdateMultiattachVolumeNegativeTest-1454612680-project] Determining version of request: GET / Accept: application/json {{(pid=123170) process_request /opt/stack/glance/glance/api/middleware/version_negotiation.py:44}}
Mar 29 01:26:27 ubuntu devstack@g-api.service[123170]: DEBUG glance.api.middleware.version_negotiation [None req-6338caef-d389-43dc-a408-745ecfb6fbe7 tempest-UpdateMultiattachVolumeNegativeTest-1454612680 tempest-UpdateMultiattachVolumeNegativeTest-1454612680-project] Using url versioning {{(pid=123170) process_request /opt/stack/glance/glance/api/middleware/version_negotiation.py:57}}
Mar 29 01:26:27 ubuntu devstack@g-api.service[123170]: DEBUG glance.api.middleware.version_negotiation [None req-6338caef-d389-43dc-a408-745ecfb6fbe7 tempest-UpdateMultiattachVolumeNegativeTest-1454612680 tempest-UpdateMultiattachVolumeNegativeTest-1454612680-project] Unknown version. Returning version choices. {{(pid=123170) process_request /opt/stack/glance/glance/api/middleware/version_negotiation.py:64}}
Mar 29 01:26:27 ubuntu devstack@g-api.service[123170]: [pid: 123170|app: 0|req: 11/23] 127.0.0.1 () {34 vars in 492 bytes} [Tue Mar 29 01:26:27 2022] GET / => generated 1213 bytes in 5 msecs (HTTP/1.1 300) 3 headers in 106 bytes (1 switches on core 0)
Mar 29 01:26:27 ubuntu devstack@g-api.service[123169]: DEBUG glance.api.middleware.version_negotiation [None req-6338caef-d389-43dc-a408-745ecfb6fbe7 tempest-UpdateMultiattachVolumeNegativeTest-1454612680 tempest-UpdateMultiattachVolumeNegativeTest-1454612680-project] Determining version of request: GET /v2/images/9b7dd084-5e2a-4338-8ece-39fe04f97cab Accept: */* {{(pid=123169) process_request /opt/stack/glance/glance/api/middleware/version_negotiation.py:44}}
Mar 29 01:26:27 ubuntu devstack@g-api.service[123169]: DEBUG glance.api.middleware.version_negotiation [None req-6338caef-d389-43dc-a408-745ecfb6fbe7 tempest-UpdateMultiattachVolumeNegativeTest-1454612680 tempest-UpdateMultiattachVolumeNegativeTest-1454612680-project] Using url versioning {{(pid=123169) process_request /opt/stack/glance/glance/api/middleware/version_negotiation.py:57}}
Mar 29 01:26:27 ubuntu devstack@g-api.service[123169]: DEBUG glance.api.middleware.version_negotiation [None req-6338caef-d389-43dc-a408-745ecfb6fbe7 tempest-UpdateMultiattachVolumeNegativeTest-1454612680 tempest-UpdateMultiattachVolumeNegativeTest-1454612680-project] Matched version: v2 {{(pid=123169) process_request /opt/stack/glance/glance/api/middleware/version_negotiation.py:69}}
Mar 29 01:26:27 ubuntu devstack@g-api.service[123169]: DEBUG glance.api.middleware.version_negotiation [None req-6338caef-d389-43dc-a408-745ecfb6fbe7 tempest-UpdateMultiattachVolumeNegativeTest-1454612680 tempest-UpdateMultiattachVolumeNegativeTest-1454612680-project] new path /v2/images/9b7dd084-5e2a-4338-8ece-39fe04f97cab {{(pid=123169) process_request /opt/stack/glance/glance/api/middleware/version_negotiation.py:70}}
Mar 29 01:26:27 ubuntu devstack@g-api.service[123169]: [pid: 123169|app: 0|req: 13/24] 127.0.0.1 () {42 vars in 1049 bytes} [Tue Mar 29 01:26:27 2022] GET /v2/images/9b7dd084-5e2a-4338-8ece-39fe04f97cab => generated 976 bytes in 31 msecs (HTTP/1.1 200) 4 headers in 157 bytes (1 switches on core 0)
Mar 29 01:26:27 ubuntu devstack@g-api.service[123170]: DEBUG glance.api.middleware.version_negotiation [None req-6338caef-d389-43dc-a408-745ecfb6fbe7 tempest-UpdateMultiattachVolumeNegativeTest-1454612680 tempest-UpdateMultiattachVolumeNegativeTest-1454612680-project] Determining version of request: GET /v2/schemas/image Accept: */* {{(pid=123170) process_request /opt/stack/glance/glance/api/middleware/version_negotiation.py:44}}
Mar 29 01:26:27 ubuntu devstack@g-api.service[123170]: DEBUG glance.api.middleware.version_negotiation [None req-6338caef-d389-43dc-a408-745ecfb6fbe7 tempest-UpdateMultiattachVolumeNegativeTest-1454612680 tempest-UpdateMultiattachVolumeNegativeTest-1454612680-project] Using url versioning {{(pid=123170) process_request /opt/stack/glance/glance/api/middleware/version_negotiation.py:57}}
Mar 29 01:26:27 ubuntu devstack@g-api.service[123170]: DEBUG glance.api.middleware.version_negotiation [None req-6338caef-d389-43dc-a408-745ecfb6fbe7 tempest-UpdateMultiattachVolumeNegativeTest-1454612680 tempest-UpdateMultiattachVolumeNegativeTest-1454612680-project] Matched version: v2 {{(pid=123170) process_request /opt/stack/glance/glance/api/middleware/version_negotiation.py:69}}
Mar 29 01:26:27 ubuntu devstack@g-api.service[123170]: DEBUG glance.api.middleware.version_negotiation [None req-6338caef-d389-43dc-a408-745ecfb6fbe7 tempest-UpdateMultiattachVolumeNegativeTest-1454612680 tempest-UpdateMultiattachVolumeNegativeTest-1454612680-project] new path /v2/schemas/image {{(pid=123170) process_request /opt/stack/glance/glance/api/middleware/version_negotiation.py:70}}
Mar 29 01:26:27 ubuntu devstack@g-api.service[123170]: [pid: 123170|app: 0|req: 12/25] 127.0.0.1 () {42 vars in 989 bytes} [Tue Mar 29 01:26:27 2022] GET /v2/schemas/image => generated 6083 bytes in 10 msecs (HTTP/1.1 200) 4 headers in 158 bytes (1 switches on core 0)
Mar 29 01:27:01 ubuntu devstack@g-api.service[123169]: DEBUG glance.api.middleware.version_negotiation [None req-92741d69-5390-4133-9b7e-3c5f5b9f71a6 tempest-UpdateMultiattachVolumeNegativeTest-1454612680 tempest-UpdateMultiattachVolumeNegativeTest-1454612680-project] Determining version of request: GET /v2/images/9b7dd084-5e2a-4338-8ece-39fe04f97cab Accept: */* {{(pid=123169) process_request /opt/stack/glance/glance/api/middleware/version_negotiation.py:44}}
Mar 29 01:27:01 ubuntu devstack@g-api.service[123169]: DEBUG glance.api.middleware.version_negotiation [None req-92741d69-5390-4133-9b7e-3c5f5b9f71a6 tempest-UpdateMultiattachVolumeNegativeTest-1454612680 tempest-UpdateMultiattachVolumeNegativeTest-1454612680-project] Using url versioning {{(pid=123169) process_request /opt/stack/glance/glance/api/middleware/version_negotiation.py:57}}
Mar 29 01:27:01 ubuntu devstack@g-api.service[123169]: DEBUG glance.api.middleware.version_negotiation [None req-92741d69-5390-4133-9b7e-3c5f5b9f71a6 tempest-UpdateMultiattachVolumeNegativeTest-1454612680 tempest-UpdateMultiattachVolumeNegativeTest-1454612680-project] Matched version: v2 {{(pid=123169) process_request /opt/stack/glance/glance/api/middleware/version_negotiation.py:69}}
Mar 29 01:27:01 ubuntu devstack@g-api.service[123169]: DEBUG glance.api.middleware.version_negotiation [None req-92741d69-5390-4133-9b7e-3c5f5b9f71a6 tempest-UpdateMultiattachVolumeNegativeTest-1454612680 tempest-UpdateMultiattachVolumeNegativeTest-1454612680-project] new path /v2/images/9b7dd084-5e2a-4338-8ece-39fe04f97cab {{(pid=123169) process_request /opt/stack/glance/glance/api/middleware/version_negotiation.py:70}}
Mar 29 01:27:01 ubuntu devstack@g-api.service[123169]: [pid: 123169|app: 0|req: 14/26] 127.0.0.1 () {42 vars in 1049 bytes} [Tue Mar 29 01:27:01 2022] GET /v2/images/9b7dd084-5e2a-4338-8ece-39fe04f97cab => generated 976 bytes in 21 msecs (HTTP/1.1 200) 4 headers in 157 bytes (1 switches on core 0)
