Aug 29 14:52:26 ubuntu neutron-server[128313]: DEBUG neutron.api.extensions [None req-88326302-4f56-4782-93da-4dcc303ec13e None None] Loading extension file: timestamp.py {{(pid=128313) _load_all_extensions_from_path /opt/stack/neutron/neutron/api/extensions.py:450}}
Aug 29 14:52:26 ubuntu neutron-server[128313]: DEBUG neutron.api.extensions [None req-88326302-4f56-4782-93da-4dcc303ec13e None None] Ext name="Resource timestamps" alias="standard-attr-timestamp" description="Adds created_at and updated_at fields to all Neutron resources that have Neutron standard attributes." updated="2016-09-12T10:00:00-00:00" {{(pid=128313) _check_extension /opt/stack/neutron/neutron/api/extensions.py:416}}
Aug 29 14:52:26 ubuntu neutron-server[128313]: INFO neutron.api.extensions [None req-88326302-4f56-4782-93da-4dcc303ec13e None None] Loaded extension: standard-attr-timestamp
Aug 29 14:52:26 ubuntu neutron-server[128313]: DEBUG neutron.api.extensions [None req-88326302-4f56-4782-93da-4dcc303ec13e None None] Loading extension file: trunk.py {{(pid=128313) _load_all_extensions_from_path /opt/stack/neutron/neutron/api/extensions.py:450}}
Aug 29 14:52:26 ubuntu neutron-server[128313]: DEBUG neutron.api.extensions [None req-88326302-4f56-4782-93da-4dcc303ec13e None None] Ext name="Trunk Extension" alias="trunk" description="Provides support for trunk ports" updated="2016-01-01T10:00:00-00:00" {{(pid=128313) _check_extension /opt/stack/neutron/neutron/api/extensions.py:416}}
Aug 29 14:52:26 ubuntu neutron-server[128313]: INFO neutron.api.extensions [None req-88326302-4f56-4782-93da-4dcc303ec13e None None] Extension trunk not supported by any of loaded plugins
Aug 29 14:52:26 ubuntu neutron-server[128313]: DEBUG neutron.api.extensions [None req-88326302-4f56-4782-93da-4dcc303ec13e None None] Loading extension file: trunk_details.py {{(pid=128313) _load_all_extensions_from_path /opt/stack/neutron/neutron/api/extensions.py:450}}
Aug 29 14:52:26 ubuntu neutron-server[128313]: DEBUG neutron.api.extensions [None req-88326302-4f56-4782-93da-4dcc303ec13e None None] Ext name="Trunk port details" alias="trunk-details" description="Expose trunk port details" updated="2016-01-01T10:00:00-00:00" {{(pid=128313) _check_extension /opt/stack/neutron/neutron/api/extensions.py:416}}
Aug 29 14:52:26 ubuntu neutron-server[128313]: INFO neutron.api.extensions [None req-88326302-4f56-4782-93da-4dcc303ec13e None None] Extension trunk-details not supported by any of loaded plugins
Aug 29 14:52:26 ubuntu neutron-server[128313]: DEBUG neutron.api.extensions [None req-88326302-4f56-4782-93da-4dcc303ec13e None None] Loading extension file: uplink_status_propagation.py {{(pid=128313) _load_all_extensions_from_path /opt/stack/neutron/neutron/api/extensions.py:450}}
Aug 29 14:52:26 ubuntu neutron-server[128313]: DEBUG neutron.api.extensions [None req-88326302-4f56-4782-93da-4dcc303ec13e None None] Ext name="Uplink status propagation extension" alias="uplink-status-propagation" description="Provides ability to propagate port uplink status." updated="2018-05-31T18:00:00-00:00" {{(pid=128313) _check_extension /opt/stack/neutron/neutron/api/extensions.py:416}}
Aug 29 14:52:26 ubuntu neutron-server[128313]: INFO neutron.api.extensions [None req-88326302-4f56-4782-93da-4dcc303ec13e None None] Extension uplink-status-propagation not supported by any of loaded plugins
Aug 29 14:52:26 ubuntu neutron-server[128313]: DEBUG neutron.api.extensions [None req-88326302-4f56-4782-93da-4dcc303ec13e None None] Loading extension file: vlantransparent.py {{(pid=128313) _load_all_extensions_from_path /opt/stack/neutron/neutron/api/extensions.py:450}}
Aug 29 14:52:26 ubuntu neutron-server[128313]: DEBUG neutron.api.extensions [None req-88326302-4f56-4782-93da-4dcc303ec13e None None] Ext name="Vlantransparent" alias="vlan-transparent" description="Provides Vlan Transparent Networks" updated="2015-03-23T09:00:00-00:00" {{(pid=128313) _check_extension /opt/stack/neutron/neutron/api/extensions.py:416}}
Aug 29 14:52:26 ubuntu neutron-server[128313]: INFO neutron.api.extensions [None req-88326302-4f56-4782-93da-4dcc303ec13e None None] Extension vlan-transparent not supported by any of loaded plugins
Aug 29 14:52:26 ubuntu neutron-server[128313]: INFO neutron.quota.resource_registry [None req-88326302-4f56-4782-93da-4dcc303ec13e None None] Creating instance of TrackedResource for resource:network
Aug 29 14:52:26 ubuntu neutron-server[128313]: INFO neutron.quota.resource_registry [None req-88326302-4f56-4782-93da-4dcc303ec13e None None] Creating instance of TrackedResource for resource:subnet
Aug 29 14:52:26 ubuntu neutron-server[128313]: INFO neutron.quota.resource_registry [None req-88326302-4f56-4782-93da-4dcc303ec13e None None] Creating instance of TrackedResource for resource:subnetpool
Aug 29 14:52:26 ubuntu neutron-server[128313]: INFO neutron.quota.resource_registry [None req-88326302-4f56-4782-93da-4dcc303ec13e None None] Creating instance of TrackedResource for resource:port
Aug 29 14:52:26 ubuntu neutron-server[128313]: DEBUG neutron.api.v2.resource_helper [None req-88326302-4f56-4782-93da-4dcc303ec13e None None] Service FLAVORS assigned prefix:  {{(pid=128313) build_resource_info /opt/stack/neutron/neutron/api/v2/resource_helper.py:77}}
Aug 29 14:52:26 ubuntu neutron-server[128313]: DEBUG neutron.api.v2.resource_helper [None req-88326302-4f56-4782-93da-4dcc303ec13e None None] Service L3_ROUTER_NAT assigned prefix:  {{(pid=128313) build_resource_info /opt/stack/neutron/neutron/api/v2/resource_helper.py:77}}
Aug 29 14:52:26 ubuntu neutron-server[128313]: DEBUG neutron.api.v2.resource_helper [None req-88326302-4f56-4782-93da-4dcc303ec13e None None] Service L3_ROUTER_NAT assigned prefix:  {{(pid=128313) build_resource_info /opt/stack/neutron/neutron/api/v2/resource_helper.py:77}}
Aug 29 14:52:26 ubuntu neutron-server[128313]: INFO neutron.quota.resource_registry [None req-88326302-4f56-4782-93da-4dcc303ec13e None None] Creating instance of TrackedResource for resource:router
Aug 29 14:52:26 ubuntu neutron-server[128313]: INFO neutron.quota.resource_registry [None req-88326302-4f56-4782-93da-4dcc303ec13e None None] Creating instance of TrackedResource for resource:floatingip
Aug 29 14:52:26 ubuntu neutron-server[128313]: DEBUG neutron_lib.callbacks.manager [None req-88326302-4f56-4782-93da-4dcc303ec13e None None] Subscribe: <bound method NeutronDbPluginV2.validate_network_rbac_policy_change of <neutron.services.network_ip_availability.plugin.NetworkIPAvailabilityPlugin object at 0x7f39034fe9d0>> rbac-policy before_create 55550000 {{(pid=128313) subscribe /usr/local/lib/python3.8/dist-packages/neutron_lib/callbacks/manager.py:45}}
Aug 29 14:52:26 ubuntu neutron-server[128313]: DEBUG neutron_lib.callbacks.manager [None req-88326302-4f56-4782-93da-4dcc303ec13e None None] Subscribe: <bound method NeutronDbPluginV2.validate_network_rbac_policy_change of <neutron.services.network_ip_availability.plugin.NetworkIPAvailabilityPlugin object at 0x7f39034fe9d0>> rbac-policy before_update 55550000 {{(pid=128313) subscribe /usr/local/lib/python3.8/dist-packages/neutron_lib/callbacks/manager.py:45}}
Aug 29 14:52:26 ubuntu neutron-server[128313]: DEBUG neutron_lib.callbacks.manager [None req-88326302-4f56-4782-93da-4dcc303ec13e None None] Subscribe: <bound method NeutronDbPluginV2.validate_network_rbac_policy_change of <neutron.services.network_ip_availability.plugin.NetworkIPAvailabilityPlugin object at 0x7f39034fe9d0>> rbac-policy before_delete 55550000 {{(pid=128313) subscribe /usr/local/lib/python3.8/dist-packages/neutron_lib/callbacks/manager.py:45}}
Aug 29 14:52:26 ubuntu neutron-server[128313]: INFO neutron.quota.resource_registry [None req-88326302-4f56-4782-93da-4dcc303ec13e None None] Creating instance of CountableResource for resource:rbac_policy
Aug 29 14:52:26 ubuntu neutron-server[128313]: INFO neutron.quota.resource_registry [None req-88326302-4f56-4782-93da-4dcc303ec13e None None] Creating instance of TrackedResource for resource:security_group
Aug 29 14:52:26 ubuntu neutron-server[128313]: INFO neutron.quota.resource_registry [None req-88326302-4f56-4782-93da-4dcc303ec13e None None] Creating instance of TrackedResource for resource:security_group_rule
Aug 29 14:52:26 ubuntu neutron-server[128313]: DEBUG neutron.api.v2.resource_helper [None req-88326302-4f56-4782-93da-4dcc303ec13e None None] Service FLAVORS assigned prefix:  {{(pid=128313) build_resource_info /opt/stack/neutron/neutron/api/v2/resource_helper.py:77}}
Aug 29 14:52:26 ubuntu neutron-server[128313]: DEBUG neutron.api.v2.resource_helper [None req-88326302-4f56-4782-93da-4dcc303ec13e None None] Service L3_ROUTER_NAT assigned prefix:  {{(pid=128313) build_resource_info /opt/stack/neutron/neutron/api/v2/resource_helper.py:77}}
Aug 29 14:52:26 ubuntu neutron-server[128313]: DEBUG neutron.api.v2.resource_helper [None req-88326302-4f56-4782-93da-4dcc303ec13e None None] Service L3_ROUTER_NAT assigned prefix:  {{(pid=128313) build_resource_info /opt/stack/neutron/neutron/api/v2/resource_helper.py:77}}
Aug 29 14:52:26 ubuntu neutron-server[128313]: INFO neutron.quota.resource_registry [None req-88326302-4f56-4782-93da-4dcc303ec13e None None] Creating instance of TrackedResource for resource:router
Aug 29 14:52:26 ubuntu neutron-server[128313]: WARNING neutron.quota.resource_registry [None req-88326302-4f56-4782-93da-4dcc303ec13e None None] router is already registered
Aug 29 14:52:26 ubuntu neutron-server[128313]: INFO neutron.quota.resource_registry [None req-88326302-4f56-4782-93da-4dcc303ec13e None None] Creating instance of TrackedResource for resource:floatingip
Aug 29 14:52:26 ubuntu neutron-server[128313]: WARNING neutron.quota.resource_registry [None req-88326302-4f56-4782-93da-4dcc303ec13e None None] floatingip is already registered
Aug 29 14:52:26 ubuntu neutron-server[128313]: INFO neutron.quota.resource_registry [None req-88326302-4f56-4782-93da-4dcc303ec13e None None] Creating instance of CountableResource for resource:rbac_policy
Aug 29 14:52:26 ubuntu neutron-server[128313]: WARNING neutron.quota.resource_registry [None req-88326302-4f56-4782-93da-4dcc303ec13e None None] rbac_policy is already registered
Aug 29 14:52:26 ubuntu neutron-server[128313]: INFO neutron.quota.resource_registry [None req-88326302-4f56-4782-93da-4dcc303ec13e None None] Creating instance of TrackedResource for resource:security_group
Aug 29 14:52:26 ubuntu neutron-server[128313]: WARNING neutron.quota.resource_registry [None req-88326302-4f56-4782-93da-4dcc303ec13e None None] security_group is already registered
Aug 29 14:52:26 ubuntu neutron-server[128313]: INFO neutron.quota.resource_registry [None req-88326302-4f56-4782-93da-4dcc303ec13e None None] Creating instance of TrackedResource for resource:security_group_rule
Aug 29 14:52:26 ubuntu neutron-server[128313]: WARNING neutron.quota.resource_registry [None req-88326302-4f56-4782-93da-4dcc303ec13e None None] security_group_rule is already registered
Aug 29 14:52:26 ubuntu neutron-server[128313]: DEBUG neutron.api.extensions [None req-88326302-4f56-4782-93da-4dcc303ec13e None None] Extended resource: extensions {{(pid=128313) __init__ /opt/stack/neutron/neutron/api/extensions.py:157}}
Aug 29 14:52:26 ubuntu neutron-server[128313]: DEBUG neutron.api.extensions [None req-88326302-4f56-4782-93da-4dcc303ec13e None None] Extended resource: address-groups {{(pid=128313) __init__ /opt/stack/neutron/neutron/api/extensions.py:157}}
Aug 29 14:52:26 ubuntu neutron-server[128313]: DEBUG neutron.api.extensions [None req-88326302-4f56-4782-93da-4dcc303ec13e None None] Extended resource: address-scopes {{(pid=128313) __init__ /opt/stack/neutron/neutron/api/extensions.py:157}}
Aug 29 14:52:26 ubuntu neutron-server[128313]: DEBUG neutron.api.extensions [None req-88326302-4f56-4782-93da-4dcc303ec13e None None] Extended resource: agents {{(pid=128313) __init__ /opt/stack/neutron/neutron/api/extensions.py:157}}
Aug 29 14:52:26 ubuntu neutron-server[128313]: DEBUG neutron.api.extensions [None req-88326302-4f56-4782-93da-4dcc303ec13e None None] Extended resource: auto-allocated-topology {{(pid=128313) __init__ /opt/stack/neutron/neutron/api/extensions.py:157}}
Aug 29 14:52:26 ubuntu neutron-server[128313]: DEBUG neutron.api.extensions [None req-88326302-4f56-4782-93da-4dcc303ec13e None None] Extended resource: availability_zones {{(pid=128313) __init__ /opt/stack/neutron/neutron/api/extensions.py:157}}
Aug 29 14:52:26 ubuntu neutron-server[128313]: DEBUG neutron.api.extensions [None req-88326302-4f56-4782-93da-4dcc303ec13e None None] Extended resource: flavors {{(pid=128313) __init__ /opt/stack/neutron/neutron/api/extensions.py:157}}
Aug 29 14:52:26 ubuntu neutron-server[128313]: DEBUG neutron.api.extensions [None req-88326302-4f56-4782-93da-4dcc303ec13e None None] Extended resource: service_profiles {{(pid=128313) __init__ /opt/stack/neutron/neutron/api/extensions.py:157}}
Aug 29 14:52:26 ubuntu neutron-server[128313]: DEBUG neutron.api.extensions [None req-88326302-4f56-4782-93da-4dcc303ec13e None None] Extended resource: next_providers {{(pid=128313) __init__ /opt/stack/neutron/neutron/api/extensions.py:157}}
Aug 29 14:52:26 ubuntu neutron-server[128313]: DEBUG neutron.api.extensions [None req-88326302-4f56-4782-93da-4dcc303ec13e None None] Extended resource: service_profiles {{(pid=128313) __init__ /opt/stack/neutron/neutron/api/extensions.py:157}}
Aug 29 14:52:26 ubuntu neutron-server[128313]: DEBUG neutron.api.extensions [None req-88326302-4f56-4782-93da-4dcc303ec13e None None] Extended resource: floatingip-pools {{(pid=128313) __init__ /opt/stack/neutron/neutron/api/extensions.py:157}}
Aug 29 14:52:26 ubuntu neutron-server[128313]: DEBUG neutron.api.extensions [None req-88326302-4f56-4782-93da-4dcc303ec13e None None] Extended resource: routers {{(pid=128313) __init__ /opt/stack/neutron/neutron/api/extensions.py:157}}
Aug 29 14:52:26 ubuntu neutron-server[128313]: DEBUG neutron.api.extensions [None req-88326302-4f56-4782-93da-4dcc303ec13e None None] Extended resource: floatingips {{(pid=128313) __init__ /opt/stack/neutron/neutron/api/extensions.py:157}}
Aug 29 14:52:26 ubuntu neutron-server[128313]: DEBUG neutron.api.extensions [None req-88326302-4f56-4782-93da-4dcc303ec13e None None] Extended resource: network-ip-availabilities {{(pid=128313) __init__ /opt/stack/neutron/neutron/api/extensions.py:157}}
Aug 29 14:52:26 ubuntu neutron-server[128313]: DEBUG neutron.api.extensions [None req-88326302-4f56-4782-93da-4dcc303ec13e None None] Extended resource: bindings {{(pid=128313) __init__ /opt/stack/neutron/neutron/api/extensions.py:157}}
Aug 29 14:52:26 ubuntu neutron-server[128313]: DEBUG neutron.api.extensions [None req-88326302-4f56-4782-93da-4dcc303ec13e None None] Extended resource: quotas {{(pid=128313) __init__ /opt/stack/neutron/neutron/api/extensions.py:157}}
Aug 29 14:52:26 ubuntu neutron-server[128313]: DEBUG neutron.api.extensions [None req-88326302-4f56-4782-93da-4dcc303ec13e None None] Extended resource: quotas {{(pid=128313) __init__ /opt/stack/neutron/neutron/api/extensions.py:157}}
Aug 29 14:52:26 ubuntu neutron-server[128313]: DEBUG neutron.api.extensions [None req-88326302-4f56-4782-93da-4dcc303ec13e None None] Extended resource: rbac-policies {{(pid=128313) __init__ /opt/stack/neutron/neutron/api/extensions.py:157}}
Aug 29 14:52:26 ubuntu neutron-server[128313]: DEBUG neutron.api.extensions [None req-88326302-4f56-4782-93da-4dcc303ec13e None None] Extended resource: security-groups {{(pid=128313) __init__ /opt/stack/neutron/neutron/api/extensions.py:157}}
Aug 29 14:52:26 ubuntu neutron-server[128313]: DEBUG neutron.api.extensions [None req-88326302-4f56-4782-93da-4dcc303ec13e None None] Extended resource: security-group-rules {{(pid=128313) __init__ /opt/stack/neutron/neutron/api/extensions.py:157}}
Aug 29 14:52:26 ubuntu neutron-server[128313]: DEBUG neutron.api.extensions [None req-88326302-4f56-4782-93da-4dcc303ec13e None None] Extended resource: service-providers {{(pid=128313) __init__ /opt/stack/neutron/neutron/api/extensions.py:157}}
Aug 29 14:52:26 ubuntu neutron-server[128313]: DEBUG neutron.api.extensions [None req-88326302-4f56-4782-93da-4dcc303ec13e None None] Extended resource: tags {{(pid=128313) __init__ /opt/stack/neutron/neutron/api/extensions.py:157}}
Aug 29 14:52:26 ubuntu neutron-server[128313]: DEBUG neutron.api.extensions [None req-88326302-4f56-4782-93da-4dcc303ec13e None None] Extended resource: tags {{(pid=128313) __init__ /opt/stack/neutron/neutron/api/extensions.py:157}}
Aug 29 14:52:26 ubuntu neutron-server[128313]: DEBUG neutron.api.extensions [None req-88326302-4f56-4782-93da-4dcc303ec13e None None] Extended resource: tags {{(pid=128313) __init__ /opt/stack/neutron/neutron/api/extensions.py:157}}
Aug 29 14:52:26 ubuntu neutron-server[128313]: DEBUG neutron.api.extensions [None req-88326302-4f56-4782-93da-4dcc303ec13e None None] Extended resource: tags {{(pid=128313) __init__ /opt/stack/neutron/neutron/api/extensions.py:157}}
Aug 29 14:52:26 ubuntu neutron-server[128313]: DEBUG neutron.api.extensions [None req-88326302-4f56-4782-93da-4dcc303ec13e None None] Extended resource: tags {{(pid=128313) __init__ /opt/stack/neutron/neutron/api/extensions.py:157}}
Aug 29 14:52:26 ubuntu neutron-server[128313]: DEBUG neutron.api.extensions [None req-88326302-4f56-4782-93da-4dcc303ec13e None None] Extended resource: tags {{(pid=128313) __init__ /opt/stack/neutron/neutron/api/extensions.py:157}}
Aug 29 14:52:26 ubuntu neutron-server[128313]: DEBUG neutron.api.extensions [None req-88326302-4f56-4782-93da-4dcc303ec13e None None] Extended resource: tags {{(pid=128313) __init__ /opt/stack/neutron/neutron/api/extensions.py:157}}
Aug 29 14:52:26 ubuntu neutron-server[128313]: DEBUG neutron.api.extensions [None req-88326302-4f56-4782-93da-4dcc303ec13e None None] Extended resource: tags {{(pid=128313) __init__ /opt/stack/neutron/neutron/api/extensions.py:157}}
Aug 29 14:52:26 ubuntu neutron-server[128313]: DEBUG neutron.api.extensions [None req-88326302-4f56-4782-93da-4dcc303ec13e None None] Extended resource: tags {{(pid=128313) __init__ /opt/stack/neutron/neutron/api/extensions.py:157}}
Aug 29 14:52:26 ubuntu neutron-server[128313]: DEBUG neutron.api.extensions [None req-88326302-4f56-4782-93da-4dcc303ec13e None None] Extended resource: tags {{(pid=128313) __init__ /opt/stack/neutron/neutron/api/extensions.py:157}}
Aug 29 14:52:26 ubuntu neutron-server[128313]: WARNING keystonemiddleware.auth_token [None req-88326302-4f56-4782-93da-4dcc303ec13e None None] AuthToken middleware is set with keystone_authtoken.service_token_roles_required set to False. This is backwards compatible but deprecated behaviour. Please set this to True.
Aug 29 14:52:26 ubuntu neutron-server[128313]: WARNING keystonemiddleware.auth_token [None req-88326302-4f56-4782-93da-4dcc303ec13e None None] Configuring www_authenticate_uri to point to the public identity endpoint is required; clients may not be able to authenticate against an admin endpoint
Aug 29 14:52:26 ubuntu neutron-server[128313]: DEBUG oslo_concurrency.lockutils [None req-88326302-4f56-4782-93da-4dcc303ec13e None None] Acquiring lock "singleton_lock" {{(pid=128313) lock /usr/local/lib/python3.8/dist-packages/oslo_concurrency/lockutils.py:293}}
Aug 29 14:52:26 ubuntu neutron-server[128313]: DEBUG oslo_concurrency.lockutils [None req-88326302-4f56-4782-93da-4dcc303ec13e None None] Acquired lock "singleton_lock" {{(pid=128313) lock /usr/local/lib/python3.8/dist-packages/oslo_concurrency/lockutils.py:296}}
Aug 29 14:52:26 ubuntu neutron-server[128313]: DEBUG oslo_concurrency.lockutils [None req-88326302-4f56-4782-93da-4dcc303ec13e None None] Releasing lock "singleton_lock" {{(pid=128313) lock /usr/local/lib/python3.8/dist-packages/oslo_concurrency/lockutils.py:314}}
Aug 29 14:52:26 ubuntu neutron-server[128313]: INFO oslo_service.service [None req-88326302-4f56-4782-93da-4dcc303ec13e None None] Starting 2 workers
Aug 29 14:52:26 ubuntu neutron-server[128313]: DEBUG oslo_service.service [None req-88326302-4f56-4782-93da-4dcc303ec13e None None] Started child 128568 {{(pid=128313) _start_child /usr/local/lib/python3.8/dist-packages/oslo_service/service.py:575}}
Aug 29 14:52:26 ubuntu neutron-server[128313]: DEBUG oslo_service.service [None req-88326302-4f56-4782-93da-4dcc303ec13e None None] Started child 128569 {{(pid=128313) _start_child /usr/local/lib/python3.8/dist-packages/oslo_service/service.py:575}}
Aug 29 14:52:26 ubuntu neutron-server[128313]: INFO neutron.service [None req-88326302-4f56-4782-93da-4dcc303ec13e None None] Neutron service started, listening on 0.0.0.0:9696
Aug 29 14:52:26 ubuntu neutron-server[128313]: DEBUG neutron_lib.callbacks.manager [None req-88326302-4f56-4782-93da-4dcc303ec13e None None] Publish callbacks ['neutron.plugins.ml2.drivers.ovn.mech_driver.mech_driver.OVNMechanismDriver.pre_fork_initialize-624135'] for process (None), before_spawn {{(pid=128313) _notify_loop /usr/local/lib/python3.8/dist-packages/neutron_lib/callbacks/manager.py:176}}
Aug 29 14:52:26 ubuntu neutron-server[128568]: DEBUG neutron_lib.callbacks.manager [-] Publish callbacks ['neutron.plugins.ml2.drivers.ovn.mech_driver.mech_driver.OVNMechanismDriver.post_fork_initialize-624163'] for process (None), after_init {{(pid=128568) _notify_loop /usr/local/lib/python3.8/dist-packages/neutron_lib/callbacks/manager.py:176}}
Aug 29 14:52:26 ubuntu neutron-server[128569]: DEBUG neutron_lib.callbacks.manager [-] Publish callbacks ['neutron.plugins.ml2.drivers.ovn.mech_driver.mech_driver.OVNMechanismDriver.post_fork_initialize-624163'] for process (None), after_init {{(pid=128569) _notify_loop /usr/local/lib/python3.8/dist-packages/neutron_lib/callbacks/manager.py:176}}
Aug 29 14:52:26 ubuntu neutron-server[128568]: DEBUG dbcounter [-] [128568] Writer thread running {{(pid=128568) stat_writer /usr/local/lib/python3.8/dist-packages/dbcounter.py:99}}
Aug 29 14:52:26 ubuntu neutron-server[128569]: DEBUG dbcounter [-] [128569] Writer thread running {{(pid=128569) stat_writer /usr/local/lib/python3.8/dist-packages/dbcounter.py:99}}
Aug 29 14:52:26 ubuntu neutron-server[128313]: DEBUG ovsdbapp.backend.ovs_idl [None req-88326302-4f56-4782-93da-4dcc303ec13e None None] Created schema index Port_Group.name {{(pid=128313) autocreate_indices /usr/local/lib/python3.8/dist-packages/ovsdbapp/backend/ovs_idl/__init__.py:104}}
Aug 29 14:52:26 ubuntu neutron-server[128313]: DEBUG ovsdbapp.backend.ovs_idl [None req-88326302-4f56-4782-93da-4dcc303ec13e None None] Created schema index Logical_Switch_Port.name {{(pid=128313) autocreate_indices /usr/local/lib/python3.8/dist-packages/ovsdbapp/backend/ovs_idl/__init__.py:104}}
Aug 29 14:52:26 ubuntu neutron-server[128568]: INFO neutron.plugins.ml2.drivers.ovn.mech_driver.ovsdb.impl_idl_ovn [None req-271e74be-fe52-4532-b09d-8c7010651e63 None None] Getting OvsdbNbOvnIdl for WorkerService with retry
Aug 29 14:52:26 ubuntu neutron-server[128569]: INFO neutron.plugins.ml2.drivers.ovn.mech_driver.ovsdb.impl_idl_ovn [None req-6ffc100f-eb5a-4bc1-be92-4b98a544a570 None None] Getting OvsdbNbOvnIdl for WorkerService with retry
Aug 29 14:52:26 ubuntu neutron-server[128313]: DEBUG ovsdbapp.backend.ovs_idl.transaction [-] Running txn n=1 command(idx=0): PgAddCommand(name=neutron_pg_drop, may_exist=True, columns={'acls': []}) {{(pid=128313) do_commit /usr/local/lib/python3.8/dist-packages/ovsdbapp/backend/ovs_idl/transaction.py:90}}
Aug 29 14:52:26 ubuntu neutron-server[128313]: DEBUG ovsdbapp.backend.ovs_idl.transaction [-] Running txn n=1 command(idx=1): PgAclAddCommand(entity=neutron_pg_drop, direction=from-lport, priority=1001, match=inport == @neutron_pg_drop && ip, action=drop, log=False, may_exist=True, severity=[], name=[], meter=None, external_ids={}) {{(pid=128313) do_commit /usr/local/lib/python3.8/dist-packages/ovsdbapp/backend/ovs_idl/transaction.py:90}}
Aug 29 14:52:26 ubuntu neutron-server[128313]: DEBUG ovsdbapp.backend.ovs_idl.transaction [-] Running txn n=1 command(idx=2): PgAclAddCommand(entity=neutron_pg_drop, direction=to-lport, priority=1001, match=outport == @neutron_pg_drop && ip, action=drop, log=False, may_exist=True, severity=[], name=[], meter=None, external_ids={}) {{(pid=128313) do_commit /usr/local/lib/python3.8/dist-packages/ovsdbapp/backend/ovs_idl/transaction.py:90}}
Aug 29 14:52:26 ubuntu neutron-server[128313]: DEBUG ovsdbapp.backend.ovs_idl.transaction [-] OVSDB transaction returned TRY_AGAIN, retrying {{(pid=128313) do_commit /usr/local/lib/python3.8/dist-packages/ovsdbapp/backend/ovs_idl/transaction.py:107}}
Aug 29 14:52:26 ubuntu neutron-server[128568]: DEBUG ovsdbapp.backend.ovs_idl [None req-271e74be-fe52-4532-b09d-8c7010651e63 None None] Created lookup_table index Logical_Switch.name {{(pid=128568) autocreate_indices /usr/local/lib/python3.8/dist-packages/ovsdbapp/backend/ovs_idl/__init__.py:85}}
Aug 29 14:52:26 ubuntu neutron-server[128568]: DEBUG ovsdbapp.backend.ovs_idl [None req-271e74be-fe52-4532-b09d-8c7010651e63 None None] Created lookup_table index Logical_Router.name {{(pid=128568) autocreate_indices /usr/local/lib/python3.8/dist-packages/ovsdbapp/backend/ovs_idl/__init__.py:85}}
Aug 29 14:52:26 ubuntu neutron-server[128568]: DEBUG ovsdbapp.backend.ovs_idl [None req-271e74be-fe52-4532-b09d-8c7010651e63 None None] Created lookup_table index Load_Balancer.name {{(pid=128568) autocreate_indices /usr/local/lib/python3.8/dist-packages/ovsdbapp/backend/ovs_idl/__init__.py:85}}
Aug 29 14:52:26 ubuntu neutron-server[128568]: DEBUG ovsdbapp.backend.ovs_idl [None req-271e74be-fe52-4532-b09d-8c7010651e63 None None] Created schema index Meter.name {{(pid=128568) autocreate_indices /usr/local/lib/python3.8/dist-packages/ovsdbapp/backend/ovs_idl/__init__.py:104}}
Aug 29 14:52:26 ubuntu neutron-server[128568]: DEBUG ovsdbapp.backend.ovs_idl [None req-271e74be-fe52-4532-b09d-8c7010651e63 None None] Created schema index Address_Set.name {{(pid=128568) autocreate_indices /usr/local/lib/python3.8/dist-packages/ovsdbapp/backend/ovs_idl/__init__.py:104}}
Aug 29 14:52:26 ubuntu neutron-server[128568]: DEBUG ovsdbapp.backend.ovs_idl [None req-271e74be-fe52-4532-b09d-8c7010651e63 None None] Created schema index HA_Chassis_Group.name {{(pid=128568) autocreate_indices /usr/local/lib/python3.8/dist-packages/ovsdbapp/backend/ovs_idl/__init__.py:104}}
Aug 29 14:52:26 ubuntu neutron-server[128568]: DEBUG ovsdbapp.backend.ovs_idl [None req-271e74be-fe52-4532-b09d-8c7010651e63 None None] Created schema index Connection.target {{(pid=128568) autocreate_indices /usr/local/lib/python3.8/dist-packages/ovsdbapp/backend/ovs_idl/__init__.py:104}}
Aug 29 14:52:26 ubuntu neutron-server[128568]: DEBUG ovsdbapp.backend.ovs_idl [None req-271e74be-fe52-4532-b09d-8c7010651e63 None None] Created schema index Gateway_Chassis.name {{(pid=128568) autocreate_indices /usr/local/lib/python3.8/dist-packages/ovsdbapp/backend/ovs_idl/__init__.py:104}}
Aug 29 14:52:26 ubuntu neutron-server[128568]: DEBUG ovsdbapp.backend.ovs_idl [None req-271e74be-fe52-4532-b09d-8c7010651e63 None None] Created schema index Logical_Router_Port.name {{(pid=128568) autocreate_indices /usr/local/lib/python3.8/dist-packages/ovsdbapp/backend/ovs_idl/__init__.py:104}}
Aug 29 14:52:26 ubuntu neutron-server[128568]: DEBUG ovsdbapp.backend.ovs_idl [None req-271e74be-fe52-4532-b09d-8c7010651e63 None None] Created schema index Port_Group.name {{(pid=128568) autocreate_indices /usr/local/lib/python3.8/dist-packages/ovsdbapp/backend/ovs_idl/__init__.py:104}}
Aug 29 14:52:26 ubuntu neutron-server[128568]: DEBUG ovsdbapp.backend.ovs_idl [None req-271e74be-fe52-4532-b09d-8c7010651e63 None None] Created schema index Logical_Switch_Port.name {{(pid=128568) autocreate_indices /usr/local/lib/python3.8/dist-packages/ovsdbapp/backend/ovs_idl/__init__.py:104}}
Aug 29 14:52:26 ubuntu neutron-server[128568]: INFO ovsdbapp.backend.ovs_idl.vlog [None req-271e74be-fe52-4532-b09d-8c7010651e63 None None] tcp:192.168.79.37:6641: connecting...
Aug 29 14:52:26 ubuntu neutron-server[128568]: INFO ovsdbapp.backend.ovs_idl.vlog [None req-271e74be-fe52-4532-b09d-8c7010651e63 None None] tcp:192.168.79.37:6641: connected
Aug 29 14:52:26 ubuntu neutron-server[128569]: DEBUG ovsdbapp.backend.ovs_idl [None req-6ffc100f-eb5a-4bc1-be92-4b98a544a570 None None] Created lookup_table index Logical_Switch.name {{(pid=128569) autocreate_indices /usr/local/lib/python3.8/dist-packages/ovsdbapp/backend/ovs_idl/__init__.py:85}}
Aug 29 14:52:26 ubuntu neutron-server[128569]: DEBUG ovsdbapp.backend.ovs_idl [None req-6ffc100f-eb5a-4bc1-be92-4b98a544a570 None None] Created lookup_table index Logical_Router.name {{(pid=128569) autocreate_indices /usr/local/lib/python3.8/dist-packages/ovsdbapp/backend/ovs_idl/__init__.py:85}}
Aug 29 14:52:26 ubuntu neutron-server[128569]: DEBUG ovsdbapp.backend.ovs_idl [None req-6ffc100f-eb5a-4bc1-be92-4b98a544a570 None None] Created lookup_table index Load_Balancer.name {{(pid=128569) autocreate_indices /usr/local/lib/python3.8/dist-packages/ovsdbapp/backend/ovs_idl/__init__.py:85}}
Aug 29 14:52:26 ubuntu neutron-server[128569]: DEBUG ovsdbapp.backend.ovs_idl [None req-6ffc100f-eb5a-4bc1-be92-4b98a544a570 None None] Created schema index Meter.name {{(pid=128569) autocreate_indices /usr/local/lib/python3.8/dist-packages/ovsdbapp/backend/ovs_idl/__init__.py:104}}
Aug 29 14:52:26 ubuntu neutron-server[128569]: DEBUG ovsdbapp.backend.ovs_idl [None req-6ffc100f-eb5a-4bc1-be92-4b98a544a570 None None] Created schema index Address_Set.name {{(pid=128569) autocreate_indices /usr/local/lib/python3.8/dist-packages/ovsdbapp/backend/ovs_idl/__init__.py:104}}
Aug 29 14:52:26 ubuntu neutron-server[128569]: DEBUG ovsdbapp.backend.ovs_idl [None req-6ffc100f-eb5a-4bc1-be92-4b98a544a570 None None] Created schema index HA_Chassis_Group.name {{(pid=128569) autocreate_indices /usr/local/lib/python3.8/dist-packages/ovsdbapp/backend/ovs_idl/__init__.py:104}}
Aug 29 14:52:26 ubuntu neutron-server[128569]: DEBUG ovsdbapp.backend.ovs_idl [None req-6ffc100f-eb5a-4bc1-be92-4b98a544a570 None None] Created schema index Connection.target {{(pid=128569) autocreate_indices /usr/local/lib/python3.8/dist-packages/ovsdbapp/backend/ovs_idl/__init__.py:104}}
Aug 29 14:52:26 ubuntu neutron-server[128569]: DEBUG ovsdbapp.backend.ovs_idl [None req-6ffc100f-eb5a-4bc1-be92-4b98a544a570 None None] Created schema index Gateway_Chassis.name {{(pid=128569) autocreate_indices /usr/local/lib/python3.8/dist-packages/ovsdbapp/backend/ovs_idl/__init__.py:104}}
Aug 29 14:52:26 ubuntu neutron-server[128569]: DEBUG ovsdbapp.backend.ovs_idl [None req-6ffc100f-eb5a-4bc1-be92-4b98a544a570 None None] Created schema index Logical_Router_Port.name {{(pid=128569) autocreate_indices /usr/local/lib/python3.8/dist-packages/ovsdbapp/backend/ovs_idl/__init__.py:104}}
Aug 29 14:52:26 ubuntu neutron-server[128569]: DEBUG ovsdbapp.backend.ovs_idl [None req-6ffc100f-eb5a-4bc1-be92-4b98a544a570 None None] Created schema index Port_Group.name {{(pid=128569) autocreate_indices /usr/local/lib/python3.8/dist-packages/ovsdbapp/backend/ovs_idl/__init__.py:104}}
Aug 29 14:52:26 ubuntu neutron-server[128569]: DEBUG ovsdbapp.backend.ovs_idl [None req-6ffc100f-eb5a-4bc1-be92-4b98a544a570 None None] Created schema index Logical_Switch_Port.name {{(pid=128569) autocreate_indices /usr/local/lib/python3.8/dist-packages/ovsdbapp/backend/ovs_idl/__init__.py:104}}
Aug 29 14:52:26 ubuntu neutron-server[128569]: INFO ovsdbapp.backend.ovs_idl.vlog [None req-6ffc100f-eb5a-4bc1-be92-4b98a544a570 None None] tcp:192.168.79.37:6641: connecting...
Aug 29 14:52:26 ubuntu neutron-server[128569]: INFO ovsdbapp.backend.ovs_idl.vlog [None req-6ffc100f-eb5a-4bc1-be92-4b98a544a570 None None] tcp:192.168.79.37:6641: connected
Aug 29 14:52:26 ubuntu neutron-server[128568]: DEBUG neutron.common.ovn.hash_ring_manager [None req-271e74be-fe52-4532-b09d-8c7010651e63 None None] Allow caching, nodes 2>=2 {{(pid=128568) _wait_startup_before_caching /opt/stack/neutron/neutron/common/ovn/hash_ring_manager.py:60}}
Aug 29 14:52:26 ubuntu neutron-server[128569]: DEBUG neutron.common.ovn.hash_ring_manager [None req-6ffc100f-eb5a-4bc1-be92-4b98a544a570 None None] Allow caching, nodes 2>=2 {{(pid=128569) _wait_startup_before_caching /opt/stack/neutron/neutron/common/ovn/hash_ring_manager.py:60}}
Aug 29 14:52:26 ubuntu neutron-server[128568]: DEBUG neutron.plugins.ml2.drivers.ovn.mech_driver.ovsdb.ovsdb_monitor [None req-271e74be-fe52-4532-b09d-8c7010651e63 None None] Hash Ring: Node bfb49657-0a30-437c-9980-4902154d5f1f (host: ubuntu) handling event "create" for row 421754d9-4dc6-4958-86b4-004516f38a78 (table: NB_Global) {{(pid=128568) notify /opt/stack/neutron/neutron/plugins/ml2/drivers/ovn/mech_driver/ovsdb/ovsdb_monitor.py:743}}
Aug 29 14:52:26 ubuntu neutron-server[128568]: DEBUG neutron.plugins.ml2.drivers.ovn.mech_driver.ovsdb.ovsdb_monitor [None req-271e74be-fe52-4532-b09d-8c7010651e63 None None] Hash Ring: Node bfb49657-0a30-437c-9980-4902154d5f1f (host: ubuntu) handling event "create" for row 461bad91-b2a0-4639-abd0-bdfefaed0b19 (table: Connection) {{(pid=128568) notify /opt/stack/neutron/neutron/plugins/ml2/drivers/ovn/mech_driver/ovsdb/ovsdb_monitor.py:743}}
Aug 29 14:52:26 ubuntu neutron-server[128568]: INFO neutron.plugins.ml2.drivers.ovn.mech_driver.ovsdb.impl_idl_ovn [None req-271e74be-fe52-4532-b09d-8c7010651e63 None None] Getting OvsdbSbOvnIdl for WorkerService with retry
Aug 29 14:52:26 ubuntu neutron-server[128569]: DEBUG neutron.plugins.ml2.drivers.ovn.mech_driver.ovsdb.ovsdb_monitor [None req-6ffc100f-eb5a-4bc1-be92-4b98a544a570 None None] Hash Ring: Node 68a1cf6c-8014-4fc7-940b-ccde62fa078e (host: ubuntu) handling event "create" for row 941e2fb0-4781-4ca1-b8ff-bea242ac611b (table: Database) {{(pid=128569) notify /opt/stack/neutron/neutron/plugins/ml2/drivers/ovn/mech_driver/ovsdb/ovsdb_monitor.py:743}}
Aug 29 14:52:26 ubuntu neutron-server[128569]: DEBUG neutron.plugins.ml2.drivers.ovn.mech_driver.ovsdb.ovsdb_monitor [None req-6ffc100f-eb5a-4bc1-be92-4b98a544a570 None None] Hash Ring: Node 68a1cf6c-8014-4fc7-940b-ccde62fa078e (host: ubuntu) handling event "create" for row 05eebe59-024b-49bd-bf0b-ca9c87e418e2 (table: Database) {{(pid=128569) notify /opt/stack/neutron/neutron/plugins/ml2/drivers/ovn/mech_driver/ovsdb/ovsdb_monitor.py:743}}
Aug 29 14:52:26 ubuntu neutron-server[128568]: DEBUG ovsdbapp.backend.ovs_idl [None req-271e74be-fe52-4532-b09d-8c7010651e63 None None] Created lookup_table index Chassis.name {{(pid=128568) autocreate_indices /usr/local/lib/python3.8/dist-packages/ovsdbapp/backend/ovs_idl/__init__.py:85}}
Aug 29 14:52:26 ubuntu neutron-server[128568]: DEBUG ovsdbapp.backend.ovs_idl [None req-271e74be-fe52-4532-b09d-8c7010651e63 None None] Created schema index Datapath_Binding.tunnel_key {{(pid=128568) autocreate_indices /usr/local/lib/python3.8/dist-packages/ovsdbapp/backend/ovs_idl/__init__.py:104}}
Aug 29 14:52:26 ubuntu neutron-server[128568]: DEBUG ovsdbapp.backend.ovs_idl [None req-271e74be-fe52-4532-b09d-8c7010651e63 None None] Created schema index Connection.target {{(pid=128568) autocreate_indices /usr/local/lib/python3.8/dist-packages/ovsdbapp/backend/ovs_idl/__init__.py:104}}
Aug 29 14:52:26 ubuntu neutron-server[128568]: INFO ovsdbapp.backend.ovs_idl.vlog [None req-271e74be-fe52-4532-b09d-8c7010651e63 None None] tcp:192.168.79.37:6642: connecting...
Aug 29 14:52:26 ubuntu neutron-server[128569]: INFO neutron.plugins.ml2.drivers.ovn.mech_driver.ovsdb.impl_idl_ovn [None req-6ffc100f-eb5a-4bc1-be92-4b98a544a570 None None] Getting OvsdbSbOvnIdl for WorkerService with retry
Aug 29 14:52:26 ubuntu neutron-server[128568]: INFO ovsdbapp.backend.ovs_idl.vlog [None req-271e74be-fe52-4532-b09d-8c7010651e63 None None] tcp:192.168.79.37:6642: connected
Aug 29 14:52:26 ubuntu neutron-server[128569]: DEBUG ovsdbapp.backend.ovs_idl [None req-6ffc100f-eb5a-4bc1-be92-4b98a544a570 None None] Created lookup_table index Chassis.name {{(pid=128569) autocreate_indices /usr/local/lib/python3.8/dist-packages/ovsdbapp/backend/ovs_idl/__init__.py:85}}
Aug 29 14:52:26 ubuntu neutron-server[128569]: DEBUG ovsdbapp.backend.ovs_idl [None req-6ffc100f-eb5a-4bc1-be92-4b98a544a570 None None] Created schema index Datapath_Binding.tunnel_key {{(pid=128569) autocreate_indices /usr/local/lib/python3.8/dist-packages/ovsdbapp/backend/ovs_idl/__init__.py:104}}
Aug 29 14:52:26 ubuntu neutron-server[128569]: DEBUG ovsdbapp.backend.ovs_idl [None req-6ffc100f-eb5a-4bc1-be92-4b98a544a570 None None] Created schema index Connection.target {{(pid=128569) autocreate_indices /usr/local/lib/python3.8/dist-packages/ovsdbapp/backend/ovs_idl/__init__.py:104}}
Aug 29 14:52:26 ubuntu neutron-server[128569]: INFO ovsdbapp.backend.ovs_idl.vlog [None req-6ffc100f-eb5a-4bc1-be92-4b98a544a570 None None] tcp:192.168.79.37:6642: connecting...
Aug 29 14:52:26 ubuntu neutron-server[128569]: INFO ovsdbapp.backend.ovs_idl.vlog [None req-6ffc100f-eb5a-4bc1-be92-4b98a544a570 None None] tcp:192.168.79.37:6642: connected
Aug 29 14:52:26 ubuntu neutron-server[128568]: DEBUG neutron.common.ovn.hash_ring_manager [None req-271e74be-fe52-4532-b09d-8c7010651e63 None None] Allow caching, nodes 2>=2 {{(pid=128568) _wait_startup_before_caching /opt/stack/neutron/neutron/common/ovn/hash_ring_manager.py:60}}
Aug 29 14:52:26 ubuntu neutron-server[128568]: DEBUG neutron.plugins.ml2.drivers.ovn.mech_driver.ovsdb.ovsdb_monitor [None req-271e74be-fe52-4532-b09d-8c7010651e63 None None] Hash Ring: Node bfb49657-0a30-437c-9980-4902154d5f1f (host: ubuntu) handling event "create" for row 6fc7baf8-d50a-4b84-bc05-8fa58facdcfa (table: Database) {{(pid=128568) notify /opt/stack/neutron/neutron/plugins/ml2/drivers/ovn/mech_driver/ovsdb/ovsdb_monitor.py:743}}
Aug 29 14:52:26 ubuntu neutron-server[128568]: DEBUG neutron.plugins.ml2.drivers.ovn.mech_driver.ovsdb.ovsdb_monitor [None req-271e74be-fe52-4532-b09d-8c7010651e63 None None] Hash Ring: Node bfb49657-0a30-437c-9980-4902154d5f1f (host: ubuntu) handling event "create" for row 3e13d12a-dcec-41ee-8d7a-dd5566b865bc (table: Database) {{(pid=128568) notify /opt/stack/neutron/neutron/plugins/ml2/drivers/ovn/mech_driver/ovsdb/ovsdb_monitor.py:743}}
Aug 29 14:52:26 ubuntu neutron-server[128569]: DEBUG neutron.common.ovn.hash_ring_manager [None req-6ffc100f-eb5a-4bc1-be92-4b98a544a570 None None] Allow caching, nodes 2>=2 {{(pid=128569) _wait_startup_before_caching /opt/stack/neutron/neutron/common/ovn/hash_ring_manager.py:60}}
Aug 29 14:52:26 ubuntu neutron-server[128568]: DEBUG neutron.plugins.ml2.drivers.ovn.mech_driver.ovsdb.ovsdb_monitor [None req-271e74be-fe52-4532-b09d-8c7010651e63 None None] Hash Ring: Node bfb49657-0a30-437c-9980-4902154d5f1f (host: ubuntu) handling event "create" for row 170c88d9-0fe5-46f0-b872-4a9ab9f09b60 (table: Encap) {{(pid=128568) notify /opt/stack/neutron/neutron/plugins/ml2/drivers/ovn/mech_driver/ovsdb/ovsdb_monitor.py:743}}
Aug 29 14:52:26 ubuntu neutron-server[128568]: DEBUG neutron.plugins.ml2.drivers.ovn.mech_driver.ovsdb.ovsdb_monitor [None req-271e74be-fe52-4532-b09d-8c7010651e63 None None] ChassisAgentWriteEvent : Matched Chassis, create, None None {{(pid=128568) matches /opt/stack/neutron/neutron/plugins/ml2/drivers/ovn/mech_driver/ovsdb/ovsdb_monitor.py:62}}
Aug 29 14:52:26 ubuntu neutron-server[128568]: DEBUG neutron.plugins.ml2.drivers.ovn.mech_driver.ovsdb.ovsdb_monitor [None req-271e74be-fe52-4532-b09d-8c7010651e63 None None] ChassisMetadataAgentWriteEvent : Matched Chassis, create, None None {{(pid=128568) matches /opt/stack/neutron/neutron/plugins/ml2/drivers/ovn/mech_driver/ovsdb/ovsdb_monitor.py:62}}
Aug 29 14:52:26 ubuntu neutron-server[128569]: DEBUG neutron.plugins.ml2.drivers.ovn.mech_driver.ovsdb.ovsdb_monitor [None req-6ffc100f-eb5a-4bc1-be92-4b98a544a570 None None] ChassisAgentWriteEvent : Matched Chassis, create, None None {{(pid=128569) matches /opt/stack/neutron/neutron/plugins/ml2/drivers/ovn/mech_driver/ovsdb/ovsdb_monitor.py:62}}
Aug 29 14:52:26 ubuntu neutron-server[128569]: DEBUG neutron.plugins.ml2.drivers.ovn.mech_driver.ovsdb.ovsdb_monitor [None req-6ffc100f-eb5a-4bc1-be92-4b98a544a570 None None] ChassisMetadataAgentWriteEvent : Matched Chassis, create, None None {{(pid=128569) matches /opt/stack/neutron/neutron/plugins/ml2/drivers/ovn/mech_driver/ovsdb/ovsdb_monitor.py:62}}
Aug 29 14:52:26 ubuntu neutron-server[128568]: INFO neutron.wsgi [-] (128568) wsgi starting up on http://0.0.0.0:9696
Aug 29 14:52:26 ubuntu neutron-server[128569]: DEBUG neutron.plugins.ml2.drivers.ovn.mech_driver.ovsdb.ovsdb_monitor [None req-6ffc100f-eb5a-4bc1-be92-4b98a544a570 None None] Hash Ring: Node 68a1cf6c-8014-4fc7-940b-ccde62fa078e (host: ubuntu) handling event "create" for row 8eff1cb9-9cc5-4dd3-941d-b2e6ae9bfb76 (table: Chassis) {{(pid=128569) notify /opt/stack/neutron/neutron/plugins/ml2/drivers/ovn/mech_driver/ovsdb/ovsdb_monitor.py:743}}
Aug 29 14:52:26 ubuntu neutron-server[128569]: DEBUG neutron.plugins.ml2.drivers.ovn.mech_driver.ovsdb.ovsdb_monitor [None req-6ffc100f-eb5a-4bc1-be92-4b98a544a570 None None] Hash Ring: Node 68a1cf6c-8014-4fc7-940b-ccde62fa078e (host: ubuntu) handling event "create" for row 9cc579c2-3991-4c98-b4b1-abaf96114bf1 (table: Connection) {{(pid=128569) notify /opt/stack/neutron/neutron/plugins/ml2/drivers/ovn/mech_driver/ovsdb/ovsdb_monitor.py:743}}
Aug 29 14:52:26 ubuntu neutron-server[128569]: INFO neutron.wsgi [-] (128569) wsgi starting up on http://0.0.0.0:9696
Aug 29 14:52:26 ubuntu neutron-server[128568]: DEBUG neutron.wsgi [-] (128568) accepted ('192.168.79.37', 39278) {{(pid=128568) server /usr/local/lib/python3.8/dist-packages/eventlet/wsgi.py:1004}}
Aug 29 14:52:26 ubuntu neutron-server[128568]: INFO neutron.wsgi [-] 192.168.79.37 "GET /networking HTTP/1.1" status: 302  len: 450 time: 0.0087180
Aug 29 14:52:26 ubuntu neutron-server[128568]: INFO neutron.wsgi [-] 192.168.79.37 "GET /networking/ HTTP/1.1" status: 200  len: 266 time: 0.0027366
Aug 29 14:52:27 ubuntu neutron-server[128313]: DEBUG ovsdbapp.backend.ovs_idl.transaction [-] Running txn n=2 command(idx=0): PgAddCommand(name=neutron_pg_drop, may_exist=True, columns={'acls': []}) {{(pid=128313) do_commit /usr/local/lib/python3.8/dist-packages/ovsdbapp/backend/ovs_idl/transaction.py:90}}
Aug 29 14:52:27 ubuntu neutron-server[128313]: DEBUG ovsdbapp.backend.ovs_idl.transaction [-] Running txn n=2 command(idx=1): PgAclAddCommand(entity=neutron_pg_drop, direction=from-lport, priority=1001, match=inport == @neutron_pg_drop && ip, action=drop, log=False, may_exist=True, severity=[], name=[], meter=None, external_ids={}) {{(pid=128313) do_commit /usr/local/lib/python3.8/dist-packages/ovsdbapp/backend/ovs_idl/transaction.py:90}}
Aug 29 14:52:27 ubuntu neutron-server[128313]: DEBUG ovsdbapp.backend.ovs_idl.transaction [-] Running txn n=2 command(idx=2): PgAclAddCommand(entity=neutron_pg_drop, direction=to-lport, priority=1001, match=outport == @neutron_pg_drop && ip, action=drop, log=False, may_exist=True, severity=[], name=[], meter=None, external_ids={}) {{(pid=128313) do_commit /usr/local/lib/python3.8/dist-packages/ovsdbapp/backend/ovs_idl/transaction.py:90}}
Aug 29 14:52:27 ubuntu neutron-server[128313]: DEBUG ovsdbapp.backend.ovs_idl.event [-] Matched CREATE: NeutronPgDropPortGroupCreated(events=('create',), table='Port_Group', conditions=(('name', '=', 'neutron_pg_drop'),), old_conditions=None), priority=10 to row=Port_Group(name=neutron_pg_drop, ports=[], external_ids={}, acls=[<ovs.db.idl.Row object at 0x7f390332a520>, <ovs.db.idl.Row object at 0x7f3902cfa6d0>]) old= {{(pid=128313) matches /usr/local/lib/python3.8/dist-packages/ovsdbapp/backend/ovs_idl/event.py:43}}
Aug 29 14:52:27 ubuntu neutron-server[128568]: DEBUG neutron.plugins.ml2.drivers.ovn.mech_driver.ovsdb.ovsdb_monitor [-] Hash Ring: Node bfb49657-0a30-437c-9980-4902154d5f1f (host: ubuntu) handling event "create" for row 05d71bc9-9c23-4363-b5bf-30f44e27bf16 (table: Port_Group) {{(pid=128568) notify /opt/stack/neutron/neutron/plugins/ml2/drivers/ovn/mech_driver/ovsdb/ovsdb_monitor.py:743}}
Aug 29 14:52:27 ubuntu neutron-server[128568]: DEBUG neutron.plugins.ml2.drivers.ovn.mech_driver.ovsdb.ovsdb_monitor [-] Hash Ring: Node bfb49657-0a30-437c-9980-4902154d5f1f (host: ubuntu) handling event "create" for row 87bab340-357a-4b8a-b3a9-108834896706 (table: ACL) {{(pid=128568) notify /opt/stack/neutron/neutron/plugins/ml2/drivers/ovn/mech_driver/ovsdb/ovsdb_monitor.py:743}}
Aug 29 14:52:27 ubuntu neutron-server[128568]: DEBUG neutron.plugins.ml2.drivers.ovn.mech_driver.ovsdb.ovsdb_monitor [-] Hash Ring: Node bfb49657-0a30-437c-9980-4902154d5f1f (host: ubuntu) handling event "create" for row ef35fdc7-bbc8-474b-aea8-528dfdb19462 (table: ACL) {{(pid=128568) notify /opt/stack/neutron/neutron/plugins/ml2/drivers/ovn/mech_driver/ovsdb/ovsdb_monitor.py:743}}
Aug 29 14:52:27 ubuntu neutron-server[128313]: DEBUG ovsdbapp.backend.ovs_idl [None req-88326302-4f56-4782-93da-4dcc303ec13e None None] Created lookup_table index Logical_Switch.name {{(pid=128313) autocreate_indices /usr/local/lib/python3.8/dist-packages/ovsdbapp/backend/ovs_idl/__init__.py:85}}
Aug 29 14:52:27 ubuntu neutron-server[128313]: DEBUG ovsdbapp.backend.ovs_idl [None req-88326302-4f56-4782-93da-4dcc303ec13e None None] Created lookup_table index Logical_Router.name {{(pid=128313) autocreate_indices /usr/local/lib/python3.8/dist-packages/ovsdbapp/backend/ovs_idl/__init__.py:85}}
Aug 29 14:52:27 ubuntu neutron-server[128313]: DEBUG ovsdbapp.backend.ovs_idl [None req-88326302-4f56-4782-93da-4dcc303ec13e None None] Created lookup_table index Load_Balancer.name {{(pid=128313) autocreate_indices /usr/local/lib/python3.8/dist-packages/ovsdbapp/backend/ovs_idl/__init__.py:85}}
Aug 29 14:52:27 ubuntu neutron-server[128313]: DEBUG ovsdbapp.backend.ovs_idl [None req-88326302-4f56-4782-93da-4dcc303ec13e None None] Created schema index Meter.name {{(pid=128313) autocreate_indices /usr/local/lib/python3.8/dist-packages/ovsdbapp/backend/ovs_idl/__init__.py:104}}
Aug 29 14:52:27 ubuntu neutron-server[128313]: DEBUG ovsdbapp.backend.ovs_idl [None req-88326302-4f56-4782-93da-4dcc303ec13e None None] Created schema index Address_Set.name {{(pid=128313) autocreate_indices /usr/local/lib/python3.8/dist-packages/ovsdbapp/backend/ovs_idl/__init__.py:104}}
Aug 29 14:52:27 ubuntu neutron-server[128313]: DEBUG ovsdbapp.backend.ovs_idl [None req-88326302-4f56-4782-93da-4dcc303ec13e None None] Created schema index HA_Chassis_Group.name {{(pid=128313) autocreate_indices /usr/local/lib/python3.8/dist-packages/ovsdbapp/backend/ovs_idl/__init__.py:104}}
Aug 29 14:52:27 ubuntu neutron-server[128313]: DEBUG ovsdbapp.backend.ovs_idl [None req-88326302-4f56-4782-93da-4dcc303ec13e None None] Created schema index Connection.target {{(pid=128313) autocreate_indices /usr/local/lib/python3.8/dist-packages/ovsdbapp/backend/ovs_idl/__init__.py:104}}
Aug 29 14:52:27 ubuntu neutron-server[128313]: DEBUG ovsdbapp.backend.ovs_idl [None req-88326302-4f56-4782-93da-4dcc303ec13e None None] Created schema index Gateway_Chassis.name {{(pid=128313) autocreate_indices /usr/local/lib/python3.8/dist-packages/ovsdbapp/backend/ovs_idl/__init__.py:104}}
Aug 29 14:52:27 ubuntu neutron-server[128313]: DEBUG ovsdbapp.backend.ovs_idl [None req-88326302-4f56-4782-93da-4dcc303ec13e None None] Created schema index Logical_Router_Port.name {{(pid=128313) autocreate_indices /usr/local/lib/python3.8/dist-packages/ovsdbapp/backend/ovs_idl/__init__.py:104}}
Aug 29 14:52:27 ubuntu neutron-server[128313]: DEBUG ovsdbapp.backend.ovs_idl [None req-88326302-4f56-4782-93da-4dcc303ec13e None None] Created schema index Port_Group.name {{(pid=128313) autocreate_indices /usr/local/lib/python3.8/dist-packages/ovsdbapp/backend/ovs_idl/__init__.py:104}}
Aug 29 14:52:27 ubuntu neutron-server[128313]: DEBUG ovsdbapp.backend.ovs_idl [None req-88326302-4f56-4782-93da-4dcc303ec13e None None] Created schema index Logical_Switch_Port.name {{(pid=128313) autocreate_indices /usr/local/lib/python3.8/dist-packages/ovsdbapp/backend/ovs_idl/__init__.py:104}}
Aug 29 14:52:27 ubuntu neutron-server[128569]: DEBUG neutron.plugins.ml2.drivers.ovn.mech_driver.ovsdb.ovsdb_monitor [-] Hash Ring: Node 68a1cf6c-8014-4fc7-940b-ccde62fa078e (host: ubuntu) handling event "update" for row 9cc579c2-3991-4c98-b4b1-abaf96114bf1 (table: Connection) {{(pid=128569) notify /opt/stack/neutron/neutron/plugins/ml2/drivers/ovn/mech_driver/ovsdb/ovsdb_monitor.py:743}}
Aug 29 14:52:27 ubuntu neutron-server[128313]: DEBUG ovsdbapp.backend.ovs_idl [None req-88326302-4f56-4782-93da-4dcc303ec13e None None] Created lookup_table index Chassis.name {{(pid=128313) autocreate_indices /usr/local/lib/python3.8/dist-packages/ovsdbapp/backend/ovs_idl/__init__.py:85}}
Aug 29 14:52:27 ubuntu neutron-server[128313]: DEBUG ovsdbapp.backend.ovs_idl [None req-88326302-4f56-4782-93da-4dcc303ec13e None None] Created lookup_table index MAC_Binding.ip {{(pid=128313) autocreate_indices /usr/local/lib/python3.8/dist-packages/ovsdbapp/backend/ovs_idl/__init__.py:85}}
Aug 29 14:52:27 ubuntu neutron-server[128313]: DEBUG ovsdbapp.backend.ovs_idl [None req-88326302-4f56-4782-93da-4dcc303ec13e None None] Created schema index Meter.name {{(pid=128313) autocreate_indices /usr/local/lib/python3.8/dist-packages/ovsdbapp/backend/ovs_idl/__init__.py:104}}
Aug 29 14:52:27 ubuntu neutron-server[128313]: DEBUG ovsdbapp.backend.ovs_idl [None req-88326302-4f56-4782-93da-4dcc303ec13e None None] Created schema index Address_Set.name {{(pid=128313) autocreate_indices /usr/local/lib/python3.8/dist-packages/ovsdbapp/backend/ovs_idl/__init__.py:104}}
Aug 29 14:52:27 ubuntu neutron-server[128313]: DEBUG ovsdbapp.backend.ovs_idl [None req-88326302-4f56-4782-93da-4dcc303ec13e None None] Created schema index HA_Chassis_Group.name {{(pid=128313) autocreate_indices /usr/local/lib/python3.8/dist-packages/ovsdbapp/backend/ovs_idl/__init__.py:104}}
