Aug 06 01:31:49 ubuntu neutron-server[138460]: DEBUG neutron.api.extensions [None req-8ba56d5a-08a9-4249-a8db-a7d81d0b9d28 None None] Ext name="Resource timestamps" alias="standard-attr-timestamp" description="Adds created_at and updated_at fields to all Neutron resources that have Neutron standard attributes." updated="2016-09-12T10:00:00-00:00" {{(pid=138460) _check_extension /opt/stack/neutron/neutron/api/extensions.py:416}}
Aug 06 01:31:49 ubuntu neutron-server[138460]: INFO neutron.api.extensions [None req-8ba56d5a-08a9-4249-a8db-a7d81d0b9d28 None None] Loaded extension: standard-attr-timestamp
Aug 06 01:31:49 ubuntu neutron-server[138460]: DEBUG neutron.api.extensions [None req-8ba56d5a-08a9-4249-a8db-a7d81d0b9d28 None None] Loading extension file: trunk.py {{(pid=138460) _load_all_extensions_from_path /opt/stack/neutron/neutron/api/extensions.py:450}}
Aug 06 01:31:49 ubuntu neutron-server[138460]: DEBUG neutron.api.extensions [None req-8ba56d5a-08a9-4249-a8db-a7d81d0b9d28 None None] Ext name="Trunk Extension" alias="trunk" description="Provides support for trunk ports" updated="2016-01-01T10:00:00-00:00" {{(pid=138460) _check_extension /opt/stack/neutron/neutron/api/extensions.py:416}}
Aug 06 01:31:49 ubuntu neutron-server[138460]: INFO neutron.api.extensions [None req-8ba56d5a-08a9-4249-a8db-a7d81d0b9d28 None None] Extension trunk not supported by any of loaded plugins
Aug 06 01:31:49 ubuntu neutron-server[138460]: DEBUG neutron.api.extensions [None req-8ba56d5a-08a9-4249-a8db-a7d81d0b9d28 None None] Loading extension file: trunk_details.py {{(pid=138460) _load_all_extensions_from_path /opt/stack/neutron/neutron/api/extensions.py:450}}
Aug 06 01:31:49 ubuntu neutron-server[138460]: DEBUG neutron.api.extensions [None req-8ba56d5a-08a9-4249-a8db-a7d81d0b9d28 None None] Ext name="Trunk port details" alias="trunk-details" description="Expose trunk port details" updated="2016-01-01T10:00:00-00:00" {{(pid=138460) _check_extension /opt/stack/neutron/neutron/api/extensions.py:416}}
Aug 06 01:31:49 ubuntu neutron-server[138460]: INFO neutron.api.extensions [None req-8ba56d5a-08a9-4249-a8db-a7d81d0b9d28 None None] Extension trunk-details not supported by any of loaded plugins
Aug 06 01:31:49 ubuntu neutron-server[138460]: DEBUG neutron.api.extensions [None req-8ba56d5a-08a9-4249-a8db-a7d81d0b9d28 None None] Loading extension file: uplink_status_propagation.py {{(pid=138460) _load_all_extensions_from_path /opt/stack/neutron/neutron/api/extensions.py:450}}
Aug 06 01:31:49 ubuntu neutron-server[138460]: DEBUG neutron.api.extensions [None req-8ba56d5a-08a9-4249-a8db-a7d81d0b9d28 None None] Ext name="Uplink status propagation extension" alias="uplink-status-propagation" description="Provides ability to propagate port uplink status." updated="2018-05-31T18:00:00-00:00" {{(pid=138460) _check_extension /opt/stack/neutron/neutron/api/extensions.py:416}}
Aug 06 01:31:49 ubuntu neutron-server[138460]: INFO neutron.api.extensions [None req-8ba56d5a-08a9-4249-a8db-a7d81d0b9d28 None None] Extension uplink-status-propagation not supported by any of loaded plugins
Aug 06 01:31:49 ubuntu neutron-server[138460]: DEBUG neutron.api.extensions [None req-8ba56d5a-08a9-4249-a8db-a7d81d0b9d28 None None] Loading extension file: vlantransparent.py {{(pid=138460) _load_all_extensions_from_path /opt/stack/neutron/neutron/api/extensions.py:450}}
Aug 06 01:31:49 ubuntu neutron-server[138460]: DEBUG neutron.api.extensions [None req-8ba56d5a-08a9-4249-a8db-a7d81d0b9d28 None None] Ext name="Vlantransparent" alias="vlan-transparent" description="Provides Vlan Transparent Networks" updated="2015-03-23T09:00:00-00:00" {{(pid=138460) _check_extension /opt/stack/neutron/neutron/api/extensions.py:416}}
Aug 06 01:31:49 ubuntu neutron-server[138460]: INFO neutron.api.extensions [None req-8ba56d5a-08a9-4249-a8db-a7d81d0b9d28 None None] Extension vlan-transparent not supported by any of loaded plugins
Aug 06 01:31:49 ubuntu neutron-server[138460]: INFO neutron.quota.resource_registry [None req-8ba56d5a-08a9-4249-a8db-a7d81d0b9d28 None None] Creating instance of TrackedResource for resource:network
Aug 06 01:31:49 ubuntu neutron-server[138460]: INFO neutron.quota.resource_registry [None req-8ba56d5a-08a9-4249-a8db-a7d81d0b9d28 None None] Creating instance of TrackedResource for resource:subnet
Aug 06 01:31:49 ubuntu neutron-server[138460]: INFO neutron.quota.resource_registry [None req-8ba56d5a-08a9-4249-a8db-a7d81d0b9d28 None None] Creating instance of TrackedResource for resource:subnetpool
Aug 06 01:31:49 ubuntu neutron-server[138460]: INFO neutron.quota.resource_registry [None req-8ba56d5a-08a9-4249-a8db-a7d81d0b9d28 None None] Creating instance of TrackedResource for resource:port
Aug 06 01:31:49 ubuntu neutron-server[138460]: DEBUG neutron.api.v2.resource_helper [None req-8ba56d5a-08a9-4249-a8db-a7d81d0b9d28 None None] Service FLAVORS assigned prefix:  {{(pid=138460) build_resource_info /opt/stack/neutron/neutron/api/v2/resource_helper.py:77}}
Aug 06 01:31:49 ubuntu neutron-server[138460]: DEBUG neutron.api.v2.resource_helper [None req-8ba56d5a-08a9-4249-a8db-a7d81d0b9d28 None None] Service L3_ROUTER_NAT assigned prefix:  {{(pid=138460) build_resource_info /opt/stack/neutron/neutron/api/v2/resource_helper.py:77}}
Aug 06 01:31:49 ubuntu neutron-server[138460]: DEBUG neutron.api.v2.resource_helper [None req-8ba56d5a-08a9-4249-a8db-a7d81d0b9d28 None None] Service L3_ROUTER_NAT assigned prefix:  {{(pid=138460) build_resource_info /opt/stack/neutron/neutron/api/v2/resource_helper.py:77}}
Aug 06 01:31:49 ubuntu neutron-server[138460]: INFO neutron.quota.resource_registry [None req-8ba56d5a-08a9-4249-a8db-a7d81d0b9d28 None None] Creating instance of TrackedResource for resource:router
Aug 06 01:31:49 ubuntu neutron-server[138460]: INFO neutron.quota.resource_registry [None req-8ba56d5a-08a9-4249-a8db-a7d81d0b9d28 None None] Creating instance of TrackedResource for resource:floatingip
Aug 06 01:31:49 ubuntu neutron-server[138460]: DEBUG neutron_lib.callbacks.manager [None req-8ba56d5a-08a9-4249-a8db-a7d81d0b9d28 None None] Subscribe: <bound method NeutronDbPluginV2.validate_network_rbac_policy_change of <neutron.services.network_ip_availability.plugin.NetworkIPAvailabilityPlugin object at 0x7feffffb0d60>> rbac-policy before_create 55550000 {{(pid=138460) subscribe /usr/local/lib/python3.8/dist-packages/neutron_lib/callbacks/manager.py:45}}
Aug 06 01:31:49 ubuntu neutron-server[138460]: DEBUG neutron_lib.callbacks.manager [None req-8ba56d5a-08a9-4249-a8db-a7d81d0b9d28 None None] Subscribe: <bound method NeutronDbPluginV2.validate_network_rbac_policy_change of <neutron.services.network_ip_availability.plugin.NetworkIPAvailabilityPlugin object at 0x7feffffb0d60>> rbac-policy before_update 55550000 {{(pid=138460) subscribe /usr/local/lib/python3.8/dist-packages/neutron_lib/callbacks/manager.py:45}}
Aug 06 01:31:49 ubuntu neutron-server[138460]: DEBUG neutron_lib.callbacks.manager [None req-8ba56d5a-08a9-4249-a8db-a7d81d0b9d28 None None] Subscribe: <bound method NeutronDbPluginV2.validate_network_rbac_policy_change of <neutron.services.network_ip_availability.plugin.NetworkIPAvailabilityPlugin object at 0x7feffffb0d60>> rbac-policy before_delete 55550000 {{(pid=138460) subscribe /usr/local/lib/python3.8/dist-packages/neutron_lib/callbacks/manager.py:45}}
Aug 06 01:31:49 ubuntu neutron-server[138460]: INFO neutron.quota.resource_registry [None req-8ba56d5a-08a9-4249-a8db-a7d81d0b9d28 None None] Creating instance of CountableResource for resource:rbac_policy
Aug 06 01:31:49 ubuntu neutron-server[138460]: INFO neutron.quota.resource_registry [None req-8ba56d5a-08a9-4249-a8db-a7d81d0b9d28 None None] Creating instance of TrackedResource for resource:security_group
Aug 06 01:31:49 ubuntu neutron-server[138460]: INFO neutron.quota.resource_registry [None req-8ba56d5a-08a9-4249-a8db-a7d81d0b9d28 None None] Creating instance of TrackedResource for resource:security_group_rule
Aug 06 01:31:49 ubuntu neutron-server[138460]: DEBUG neutron.api.v2.resource_helper [None req-8ba56d5a-08a9-4249-a8db-a7d81d0b9d28 None None] Service FLAVORS assigned prefix:  {{(pid=138460) build_resource_info /opt/stack/neutron/neutron/api/v2/resource_helper.py:77}}
Aug 06 01:31:49 ubuntu neutron-server[138460]: DEBUG neutron.api.v2.resource_helper [None req-8ba56d5a-08a9-4249-a8db-a7d81d0b9d28 None None] Service L3_ROUTER_NAT assigned prefix:  {{(pid=138460) build_resource_info /opt/stack/neutron/neutron/api/v2/resource_helper.py:77}}
Aug 06 01:31:49 ubuntu neutron-server[138460]: DEBUG neutron.api.v2.resource_helper [None req-8ba56d5a-08a9-4249-a8db-a7d81d0b9d28 None None] Service L3_ROUTER_NAT assigned prefix:  {{(pid=138460) build_resource_info /opt/stack/neutron/neutron/api/v2/resource_helper.py:77}}
Aug 06 01:31:49 ubuntu neutron-server[138460]: INFO neutron.quota.resource_registry [None req-8ba56d5a-08a9-4249-a8db-a7d81d0b9d28 None None] Creating instance of TrackedResource for resource:router
Aug 06 01:31:49 ubuntu neutron-server[138460]: WARNING neutron.quota.resource_registry [None req-8ba56d5a-08a9-4249-a8db-a7d81d0b9d28 None None] router is already registered
Aug 06 01:31:49 ubuntu neutron-server[138460]: INFO neutron.quota.resource_registry [None req-8ba56d5a-08a9-4249-a8db-a7d81d0b9d28 None None] Creating instance of TrackedResource for resource:floatingip
Aug 06 01:31:49 ubuntu neutron-server[138460]: WARNING neutron.quota.resource_registry [None req-8ba56d5a-08a9-4249-a8db-a7d81d0b9d28 None None] floatingip is already registered
Aug 06 01:31:49 ubuntu neutron-server[138460]: INFO neutron.quota.resource_registry [None req-8ba56d5a-08a9-4249-a8db-a7d81d0b9d28 None None] Creating instance of CountableResource for resource:rbac_policy
Aug 06 01:31:49 ubuntu neutron-server[138460]: WARNING neutron.quota.resource_registry [None req-8ba56d5a-08a9-4249-a8db-a7d81d0b9d28 None None] rbac_policy is already registered
Aug 06 01:31:49 ubuntu neutron-server[138460]: INFO neutron.quota.resource_registry [None req-8ba56d5a-08a9-4249-a8db-a7d81d0b9d28 None None] Creating instance of TrackedResource for resource:security_group
Aug 06 01:31:49 ubuntu neutron-server[138460]: WARNING neutron.quota.resource_registry [None req-8ba56d5a-08a9-4249-a8db-a7d81d0b9d28 None None] security_group is already registered
Aug 06 01:31:49 ubuntu neutron-server[138460]: INFO neutron.quota.resource_registry [None req-8ba56d5a-08a9-4249-a8db-a7d81d0b9d28 None None] Creating instance of TrackedResource for resource:security_group_rule
Aug 06 01:31:49 ubuntu neutron-server[138460]: WARNING neutron.quota.resource_registry [None req-8ba56d5a-08a9-4249-a8db-a7d81d0b9d28 None None] security_group_rule is already registered
Aug 06 01:31:49 ubuntu neutron-server[138460]: DEBUG neutron.api.extensions [None req-8ba56d5a-08a9-4249-a8db-a7d81d0b9d28 None None] Extended resource: extensions {{(pid=138460) __init__ /opt/stack/neutron/neutron/api/extensions.py:157}}
Aug 06 01:31:49 ubuntu neutron-server[138460]: DEBUG neutron.api.extensions [None req-8ba56d5a-08a9-4249-a8db-a7d81d0b9d28 None None] Extended resource: address-groups {{(pid=138460) __init__ /opt/stack/neutron/neutron/api/extensions.py:157}}
Aug 06 01:31:49 ubuntu neutron-server[138460]: DEBUG neutron.api.extensions [None req-8ba56d5a-08a9-4249-a8db-a7d81d0b9d28 None None] Extended resource: address-scopes {{(pid=138460) __init__ /opt/stack/neutron/neutron/api/extensions.py:157}}
Aug 06 01:31:49 ubuntu neutron-server[138460]: DEBUG neutron.api.extensions [None req-8ba56d5a-08a9-4249-a8db-a7d81d0b9d28 None None] Extended resource: agents {{(pid=138460) __init__ /opt/stack/neutron/neutron/api/extensions.py:157}}
Aug 06 01:31:49 ubuntu neutron-server[138460]: DEBUG neutron.api.extensions [None req-8ba56d5a-08a9-4249-a8db-a7d81d0b9d28 None None] Extended resource: auto-allocated-topology {{(pid=138460) __init__ /opt/stack/neutron/neutron/api/extensions.py:157}}
Aug 06 01:31:49 ubuntu neutron-server[138460]: DEBUG neutron.api.extensions [None req-8ba56d5a-08a9-4249-a8db-a7d81d0b9d28 None None] Extended resource: availability_zones {{(pid=138460) __init__ /opt/stack/neutron/neutron/api/extensions.py:157}}
Aug 06 01:31:49 ubuntu neutron-server[138460]: DEBUG neutron.api.extensions [None req-8ba56d5a-08a9-4249-a8db-a7d81d0b9d28 None None] Extended resource: flavors {{(pid=138460) __init__ /opt/stack/neutron/neutron/api/extensions.py:157}}
Aug 06 01:31:49 ubuntu neutron-server[138460]: DEBUG neutron.api.extensions [None req-8ba56d5a-08a9-4249-a8db-a7d81d0b9d28 None None] Extended resource: service_profiles {{(pid=138460) __init__ /opt/stack/neutron/neutron/api/extensions.py:157}}
Aug 06 01:31:49 ubuntu neutron-server[138460]: DEBUG neutron.api.extensions [None req-8ba56d5a-08a9-4249-a8db-a7d81d0b9d28 None None] Extended resource: next_providers {{(pid=138460) __init__ /opt/stack/neutron/neutron/api/extensions.py:157}}
Aug 06 01:31:49 ubuntu neutron-server[138460]: DEBUG neutron.api.extensions [None req-8ba56d5a-08a9-4249-a8db-a7d81d0b9d28 None None] Extended resource: service_profiles {{(pid=138460) __init__ /opt/stack/neutron/neutron/api/extensions.py:157}}
Aug 06 01:31:49 ubuntu neutron-server[138460]: DEBUG neutron.api.extensions [None req-8ba56d5a-08a9-4249-a8db-a7d81d0b9d28 None None] Extended resource: floatingip-pools {{(pid=138460) __init__ /opt/stack/neutron/neutron/api/extensions.py:157}}
Aug 06 01:31:49 ubuntu neutron-server[138460]: DEBUG neutron.api.extensions [None req-8ba56d5a-08a9-4249-a8db-a7d81d0b9d28 None None] Extended resource: routers {{(pid=138460) __init__ /opt/stack/neutron/neutron/api/extensions.py:157}}
Aug 06 01:31:49 ubuntu neutron-server[138460]: DEBUG neutron.api.extensions [None req-8ba56d5a-08a9-4249-a8db-a7d81d0b9d28 None None] Extended resource: floatingips {{(pid=138460) __init__ /opt/stack/neutron/neutron/api/extensions.py:157}}
Aug 06 01:31:49 ubuntu neutron-server[138460]: DEBUG neutron.api.extensions [None req-8ba56d5a-08a9-4249-a8db-a7d81d0b9d28 None None] Extended resource: network-ip-availabilities {{(pid=138460) __init__ /opt/stack/neutron/neutron/api/extensions.py:157}}
Aug 06 01:31:49 ubuntu neutron-server[138460]: DEBUG neutron.api.extensions [None req-8ba56d5a-08a9-4249-a8db-a7d81d0b9d28 None None] Extended resource: bindings {{(pid=138460) __init__ /opt/stack/neutron/neutron/api/extensions.py:157}}
Aug 06 01:31:49 ubuntu neutron-server[138460]: DEBUG neutron.api.extensions [None req-8ba56d5a-08a9-4249-a8db-a7d81d0b9d28 None None] Extended resource: quotas {{(pid=138460) __init__ /opt/stack/neutron/neutron/api/extensions.py:157}}
Aug 06 01:31:49 ubuntu neutron-server[138460]: DEBUG neutron.api.extensions [None req-8ba56d5a-08a9-4249-a8db-a7d81d0b9d28 None None] Extended resource: quotas {{(pid=138460) __init__ /opt/stack/neutron/neutron/api/extensions.py:157}}
Aug 06 01:31:49 ubuntu neutron-server[138460]: DEBUG neutron.api.extensions [None req-8ba56d5a-08a9-4249-a8db-a7d81d0b9d28 None None] Extended resource: rbac-policies {{(pid=138460) __init__ /opt/stack/neutron/neutron/api/extensions.py:157}}
Aug 06 01:31:49 ubuntu neutron-server[138460]: DEBUG neutron.api.extensions [None req-8ba56d5a-08a9-4249-a8db-a7d81d0b9d28 None None] Extended resource: security-groups {{(pid=138460) __init__ /opt/stack/neutron/neutron/api/extensions.py:157}}
Aug 06 01:31:49 ubuntu neutron-server[138460]: DEBUG neutron.api.extensions [None req-8ba56d5a-08a9-4249-a8db-a7d81d0b9d28 None None] Extended resource: security-group-rules {{(pid=138460) __init__ /opt/stack/neutron/neutron/api/extensions.py:157}}
Aug 06 01:31:49 ubuntu neutron-server[138460]: DEBUG neutron.api.extensions [None req-8ba56d5a-08a9-4249-a8db-a7d81d0b9d28 None None] Extended resource: service-providers {{(pid=138460) __init__ /opt/stack/neutron/neutron/api/extensions.py:157}}
Aug 06 01:31:49 ubuntu neutron-server[138460]: DEBUG neutron.api.extensions [None req-8ba56d5a-08a9-4249-a8db-a7d81d0b9d28 None None] Extended resource: tags {{(pid=138460) __init__ /opt/stack/neutron/neutron/api/extensions.py:157}}
Aug 06 01:31:49 ubuntu neutron-server[138460]: DEBUG neutron.api.extensions [None req-8ba56d5a-08a9-4249-a8db-a7d81d0b9d28 None None] Extended resource: tags {{(pid=138460) __init__ /opt/stack/neutron/neutron/api/extensions.py:157}}
Aug 06 01:31:49 ubuntu neutron-server[138460]: DEBUG neutron.api.extensions [None req-8ba56d5a-08a9-4249-a8db-a7d81d0b9d28 None None] Extended resource: tags {{(pid=138460) __init__ /opt/stack/neutron/neutron/api/extensions.py:157}}
Aug 06 01:31:49 ubuntu neutron-server[138460]: DEBUG neutron.api.extensions [None req-8ba56d5a-08a9-4249-a8db-a7d81d0b9d28 None None] Extended resource: tags {{(pid=138460) __init__ /opt/stack/neutron/neutron/api/extensions.py:157}}
Aug 06 01:31:49 ubuntu neutron-server[138460]: DEBUG neutron.api.extensions [None req-8ba56d5a-08a9-4249-a8db-a7d81d0b9d28 None None] Extended resource: tags {{(pid=138460) __init__ /opt/stack/neutron/neutron/api/extensions.py:157}}
Aug 06 01:31:49 ubuntu neutron-server[138460]: DEBUG neutron.api.extensions [None req-8ba56d5a-08a9-4249-a8db-a7d81d0b9d28 None None] Extended resource: tags {{(pid=138460) __init__ /opt/stack/neutron/neutron/api/extensions.py:157}}
Aug 06 01:31:49 ubuntu neutron-server[138460]: DEBUG neutron.api.extensions [None req-8ba56d5a-08a9-4249-a8db-a7d81d0b9d28 None None] Extended resource: tags {{(pid=138460) __init__ /opt/stack/neutron/neutron/api/extensions.py:157}}
Aug 06 01:31:49 ubuntu neutron-server[138460]: DEBUG neutron.api.extensions [None req-8ba56d5a-08a9-4249-a8db-a7d81d0b9d28 None None] Extended resource: tags {{(pid=138460) __init__ /opt/stack/neutron/neutron/api/extensions.py:157}}
Aug 06 01:31:50 ubuntu neutron-server[138460]: DEBUG neutron.api.extensions [None req-8ba56d5a-08a9-4249-a8db-a7d81d0b9d28 None None] Extended resource: tags {{(pid=138460) __init__ /opt/stack/neutron/neutron/api/extensions.py:157}}
Aug 06 01:31:50 ubuntu neutron-server[138460]: DEBUG neutron.api.extensions [None req-8ba56d5a-08a9-4249-a8db-a7d81d0b9d28 None None] Extended resource: tags {{(pid=138460) __init__ /opt/stack/neutron/neutron/api/extensions.py:157}}
Aug 06 01:31:50 ubuntu neutron-server[138460]: WARNING keystonemiddleware.auth_token [None req-8ba56d5a-08a9-4249-a8db-a7d81d0b9d28 None None] AuthToken middleware is set with keystone_authtoken.service_token_roles_required set to False. This is backwards compatible but deprecated behaviour. Please set this to True.
Aug 06 01:31:50 ubuntu neutron-server[138460]: WARNING keystonemiddleware.auth_token [None req-8ba56d5a-08a9-4249-a8db-a7d81d0b9d28 None None] Configuring www_authenticate_uri to point to the public identity endpoint is required; clients may not be able to authenticate against an admin endpoint
Aug 06 01:31:50 ubuntu neutron-server[138460]: DEBUG oslo_concurrency.lockutils [None req-8ba56d5a-08a9-4249-a8db-a7d81d0b9d28 None None] Acquiring lock "singleton_lock" {{(pid=138460) lock /usr/local/lib/python3.8/dist-packages/oslo_concurrency/lockutils.py:293}}
Aug 06 01:31:50 ubuntu neutron-server[138460]: DEBUG oslo_concurrency.lockutils [None req-8ba56d5a-08a9-4249-a8db-a7d81d0b9d28 None None] Acquired lock "singleton_lock" {{(pid=138460) lock /usr/local/lib/python3.8/dist-packages/oslo_concurrency/lockutils.py:296}}
Aug 06 01:31:50 ubuntu neutron-server[138460]: DEBUG oslo_concurrency.lockutils [None req-8ba56d5a-08a9-4249-a8db-a7d81d0b9d28 None None] Releasing lock "singleton_lock" {{(pid=138460) lock /usr/local/lib/python3.8/dist-packages/oslo_concurrency/lockutils.py:314}}
Aug 06 01:31:50 ubuntu neutron-server[138460]: INFO oslo_service.service [None req-8ba56d5a-08a9-4249-a8db-a7d81d0b9d28 None None] Starting 2 workers
Aug 06 01:31:50 ubuntu neutron-server[138460]: DEBUG oslo_service.service [None req-8ba56d5a-08a9-4249-a8db-a7d81d0b9d28 None None] Started child 138671 {{(pid=138460) _start_child /usr/local/lib/python3.8/dist-packages/oslo_service/service.py:575}}
Aug 06 01:31:50 ubuntu neutron-server[138460]: DEBUG oslo_service.service [None req-8ba56d5a-08a9-4249-a8db-a7d81d0b9d28 None None] Started child 138672 {{(pid=138460) _start_child /usr/local/lib/python3.8/dist-packages/oslo_service/service.py:575}}
Aug 06 01:31:50 ubuntu neutron-server[138460]: INFO neutron.service [None req-8ba56d5a-08a9-4249-a8db-a7d81d0b9d28 None None] Neutron service started, listening on 0.0.0.0:9696
Aug 06 01:31:50 ubuntu neutron-server[138460]: DEBUG neutron_lib.callbacks.manager [None req-8ba56d5a-08a9-4249-a8db-a7d81d0b9d28 None None] Publish callbacks ['neutron.plugins.ml2.drivers.ovn.mech_driver.mech_driver.OVNMechanismDriver.pre_fork_initialize-625528'] for process (None), before_spawn {{(pid=138460) _notify_loop /usr/local/lib/python3.8/dist-packages/neutron_lib/callbacks/manager.py:176}}
Aug 06 01:31:50 ubuntu neutron-server[138671]: DEBUG neutron_lib.callbacks.manager [-] Publish callbacks ['neutron.plugins.ml2.drivers.ovn.mech_driver.mech_driver.OVNMechanismDriver.post_fork_initialize-625444'] for process (None), after_init {{(pid=138671) _notify_loop /usr/local/lib/python3.8/dist-packages/neutron_lib/callbacks/manager.py:176}}
Aug 06 01:31:50 ubuntu neutron-server[138672]: DEBUG neutron_lib.callbacks.manager [-] Publish callbacks ['neutron.plugins.ml2.drivers.ovn.mech_driver.mech_driver.OVNMechanismDriver.post_fork_initialize-625444'] for process (None), after_init {{(pid=138672) _notify_loop /usr/local/lib/python3.8/dist-packages/neutron_lib/callbacks/manager.py:176}}
Aug 06 01:31:50 ubuntu neutron-server[138671]: DEBUG dbcounter [-] [138671] Writer thread running {{(pid=138671) stat_writer /usr/local/lib/python3.8/dist-packages/dbcounter.py:99}}
Aug 06 01:31:50 ubuntu neutron-server[138672]: DEBUG dbcounter [-] [138672] Writer thread running {{(pid=138672) stat_writer /usr/local/lib/python3.8/dist-packages/dbcounter.py:99}}
Aug 06 01:31:50 ubuntu neutron-server[138672]: INFO neutron.plugins.ml2.drivers.ovn.mech_driver.ovsdb.impl_idl_ovn [None req-553718b6-c620-4a4e-881a-380aa797ea9d None None] Getting OvsdbNbOvnIdl for WorkerService with retry
Aug 06 01:31:50 ubuntu neutron-server[138671]: INFO neutron.plugins.ml2.drivers.ovn.mech_driver.ovsdb.impl_idl_ovn [None req-e6a8198b-ae50-4097-994d-574f6415928b None None] Getting OvsdbNbOvnIdl for WorkerService with retry
Aug 06 01:31:50 ubuntu neutron-server[138460]: DEBUG ovsdbapp.backend.ovs_idl [None req-8ba56d5a-08a9-4249-a8db-a7d81d0b9d28 None None] Created schema index Port_Group.name {{(pid=138460) autocreate_indices /usr/local/lib/python3.8/dist-packages/ovsdbapp/backend/ovs_idl/__init__.py:104}}
Aug 06 01:31:50 ubuntu neutron-server[138460]: DEBUG ovsdbapp.backend.ovs_idl [None req-8ba56d5a-08a9-4249-a8db-a7d81d0b9d28 None None] Created schema index Logical_Switch_Port.name {{(pid=138460) autocreate_indices /usr/local/lib/python3.8/dist-packages/ovsdbapp/backend/ovs_idl/__init__.py:104}}
Aug 06 01:31:50 ubuntu neutron-server[138672]: DEBUG ovsdbapp.backend.ovs_idl [None req-553718b6-c620-4a4e-881a-380aa797ea9d None None] Created lookup_table index Logical_Switch.name {{(pid=138672) autocreate_indices /usr/local/lib/python3.8/dist-packages/ovsdbapp/backend/ovs_idl/__init__.py:85}}
Aug 06 01:31:50 ubuntu neutron-server[138672]: DEBUG ovsdbapp.backend.ovs_idl [None req-553718b6-c620-4a4e-881a-380aa797ea9d None None] Created lookup_table index Logical_Router.name {{(pid=138672) autocreate_indices /usr/local/lib/python3.8/dist-packages/ovsdbapp/backend/ovs_idl/__init__.py:85}}
Aug 06 01:31:50 ubuntu neutron-server[138672]: DEBUG ovsdbapp.backend.ovs_idl [None req-553718b6-c620-4a4e-881a-380aa797ea9d None None] Created lookup_table index Load_Balancer.name {{(pid=138672) autocreate_indices /usr/local/lib/python3.8/dist-packages/ovsdbapp/backend/ovs_idl/__init__.py:85}}
Aug 06 01:31:50 ubuntu neutron-server[138672]: DEBUG ovsdbapp.backend.ovs_idl [None req-553718b6-c620-4a4e-881a-380aa797ea9d None None] Created schema index Meter.name {{(pid=138672) autocreate_indices /usr/local/lib/python3.8/dist-packages/ovsdbapp/backend/ovs_idl/__init__.py:104}}
Aug 06 01:31:50 ubuntu neutron-server[138672]: DEBUG ovsdbapp.backend.ovs_idl [None req-553718b6-c620-4a4e-881a-380aa797ea9d None None] Created schema index Address_Set.name {{(pid=138672) autocreate_indices /usr/local/lib/python3.8/dist-packages/ovsdbapp/backend/ovs_idl/__init__.py:104}}
Aug 06 01:31:50 ubuntu neutron-server[138672]: DEBUG ovsdbapp.backend.ovs_idl [None req-553718b6-c620-4a4e-881a-380aa797ea9d None None] Created schema index HA_Chassis_Group.name {{(pid=138672) autocreate_indices /usr/local/lib/python3.8/dist-packages/ovsdbapp/backend/ovs_idl/__init__.py:104}}
Aug 06 01:31:50 ubuntu neutron-server[138672]: DEBUG ovsdbapp.backend.ovs_idl [None req-553718b6-c620-4a4e-881a-380aa797ea9d None None] Created schema index Connection.target {{(pid=138672) autocreate_indices /usr/local/lib/python3.8/dist-packages/ovsdbapp/backend/ovs_idl/__init__.py:104}}
Aug 06 01:31:50 ubuntu neutron-server[138672]: DEBUG ovsdbapp.backend.ovs_idl [None req-553718b6-c620-4a4e-881a-380aa797ea9d None None] Created schema index Gateway_Chassis.name {{(pid=138672) autocreate_indices /usr/local/lib/python3.8/dist-packages/ovsdbapp/backend/ovs_idl/__init__.py:104}}
Aug 06 01:31:50 ubuntu neutron-server[138672]: DEBUG ovsdbapp.backend.ovs_idl [None req-553718b6-c620-4a4e-881a-380aa797ea9d None None] Created schema index Logical_Router_Port.name {{(pid=138672) autocreate_indices /usr/local/lib/python3.8/dist-packages/ovsdbapp/backend/ovs_idl/__init__.py:104}}
Aug 06 01:31:50 ubuntu neutron-server[138672]: DEBUG ovsdbapp.backend.ovs_idl [None req-553718b6-c620-4a4e-881a-380aa797ea9d None None] Created schema index Port_Group.name {{(pid=138672) autocreate_indices /usr/local/lib/python3.8/dist-packages/ovsdbapp/backend/ovs_idl/__init__.py:104}}
Aug 06 01:31:50 ubuntu neutron-server[138672]: DEBUG ovsdbapp.backend.ovs_idl [None req-553718b6-c620-4a4e-881a-380aa797ea9d None None] Created schema index Logical_Switch_Port.name {{(pid=138672) autocreate_indices /usr/local/lib/python3.8/dist-packages/ovsdbapp/backend/ovs_idl/__init__.py:104}}
Aug 06 01:31:50 ubuntu neutron-server[138671]: DEBUG ovsdbapp.backend.ovs_idl [None req-e6a8198b-ae50-4097-994d-574f6415928b None None] Created lookup_table index Logical_Switch.name {{(pid=138671) autocreate_indices /usr/local/lib/python3.8/dist-packages/ovsdbapp/backend/ovs_idl/__init__.py:85}}
Aug 06 01:31:50 ubuntu neutron-server[138671]: DEBUG ovsdbapp.backend.ovs_idl [None req-e6a8198b-ae50-4097-994d-574f6415928b None None] Created lookup_table index Logical_Router.name {{(pid=138671) autocreate_indices /usr/local/lib/python3.8/dist-packages/ovsdbapp/backend/ovs_idl/__init__.py:85}}
Aug 06 01:31:50 ubuntu neutron-server[138671]: DEBUG ovsdbapp.backend.ovs_idl [None req-e6a8198b-ae50-4097-994d-574f6415928b None None] Created lookup_table index Load_Balancer.name {{(pid=138671) autocreate_indices /usr/local/lib/python3.8/dist-packages/ovsdbapp/backend/ovs_idl/__init__.py:85}}
Aug 06 01:31:50 ubuntu neutron-server[138672]: INFO ovsdbapp.backend.ovs_idl.vlog [None req-553718b6-c620-4a4e-881a-380aa797ea9d None None] tcp:192.168.79.50:6641: connecting...
Aug 06 01:31:50 ubuntu neutron-server[138671]: DEBUG ovsdbapp.backend.ovs_idl [None req-e6a8198b-ae50-4097-994d-574f6415928b None None] Created schema index Meter.name {{(pid=138671) autocreate_indices /usr/local/lib/python3.8/dist-packages/ovsdbapp/backend/ovs_idl/__init__.py:104}}
Aug 06 01:31:50 ubuntu neutron-server[138671]: DEBUG ovsdbapp.backend.ovs_idl [None req-e6a8198b-ae50-4097-994d-574f6415928b None None] Created schema index Address_Set.name {{(pid=138671) autocreate_indices /usr/local/lib/python3.8/dist-packages/ovsdbapp/backend/ovs_idl/__init__.py:104}}
Aug 06 01:31:50 ubuntu neutron-server[138671]: DEBUG ovsdbapp.backend.ovs_idl [None req-e6a8198b-ae50-4097-994d-574f6415928b None None] Created schema index HA_Chassis_Group.name {{(pid=138671) autocreate_indices /usr/local/lib/python3.8/dist-packages/ovsdbapp/backend/ovs_idl/__init__.py:104}}
Aug 06 01:31:50 ubuntu neutron-server[138672]: INFO ovsdbapp.backend.ovs_idl.vlog [None req-553718b6-c620-4a4e-881a-380aa797ea9d None None] tcp:192.168.79.50:6641: connected
Aug 06 01:31:50 ubuntu neutron-server[138671]: DEBUG ovsdbapp.backend.ovs_idl [None req-e6a8198b-ae50-4097-994d-574f6415928b None None] Created schema index Connection.target {{(pid=138671) autocreate_indices /usr/local/lib/python3.8/dist-packages/ovsdbapp/backend/ovs_idl/__init__.py:104}}
Aug 06 01:31:50 ubuntu neutron-server[138671]: DEBUG ovsdbapp.backend.ovs_idl [None req-e6a8198b-ae50-4097-994d-574f6415928b None None] Created schema index Gateway_Chassis.name {{(pid=138671) autocreate_indices /usr/local/lib/python3.8/dist-packages/ovsdbapp/backend/ovs_idl/__init__.py:104}}
Aug 06 01:31:50 ubuntu neutron-server[138671]: DEBUG ovsdbapp.backend.ovs_idl [None req-e6a8198b-ae50-4097-994d-574f6415928b None None] Created schema index Logical_Router_Port.name {{(pid=138671) autocreate_indices /usr/local/lib/python3.8/dist-packages/ovsdbapp/backend/ovs_idl/__init__.py:104}}
Aug 06 01:31:50 ubuntu neutron-server[138671]: DEBUG ovsdbapp.backend.ovs_idl [None req-e6a8198b-ae50-4097-994d-574f6415928b None None] Created schema index Port_Group.name {{(pid=138671) autocreate_indices /usr/local/lib/python3.8/dist-packages/ovsdbapp/backend/ovs_idl/__init__.py:104}}
Aug 06 01:31:50 ubuntu neutron-server[138671]: DEBUG ovsdbapp.backend.ovs_idl [None req-e6a8198b-ae50-4097-994d-574f6415928b None None] Created schema index Logical_Switch_Port.name {{(pid=138671) autocreate_indices /usr/local/lib/python3.8/dist-packages/ovsdbapp/backend/ovs_idl/__init__.py:104}}
Aug 06 01:31:50 ubuntu neutron-server[138671]: INFO ovsdbapp.backend.ovs_idl.vlog [None req-e6a8198b-ae50-4097-994d-574f6415928b None None] tcp:192.168.79.50:6641: connecting...
Aug 06 01:31:50 ubuntu neutron-server[138671]: INFO ovsdbapp.backend.ovs_idl.vlog [None req-e6a8198b-ae50-4097-994d-574f6415928b None None] tcp:192.168.79.50:6641: connected
Aug 06 01:31:50 ubuntu neutron-server[138460]: DEBUG ovsdbapp.backend.ovs_idl.transaction [-] Running txn n=1 command(idx=0): PgAddCommand(name=neutron_pg_drop, may_exist=True, columns={'acls': []}) {{(pid=138460) do_commit /usr/local/lib/python3.8/dist-packages/ovsdbapp/backend/ovs_idl/transaction.py:90}}
Aug 06 01:31:50 ubuntu neutron-server[138460]: DEBUG ovsdbapp.backend.ovs_idl.transaction [-] Running txn n=1 command(idx=1): PgAclAddCommand(entity=neutron_pg_drop, direction=from-lport, priority=1001, match=inport == @neutron_pg_drop && ip, action=drop, log=False, may_exist=True, severity=[], name=[], meter=None, external_ids={}) {{(pid=138460) do_commit /usr/local/lib/python3.8/dist-packages/ovsdbapp/backend/ovs_idl/transaction.py:90}}
Aug 06 01:31:50 ubuntu neutron-server[138460]: DEBUG ovsdbapp.backend.ovs_idl.transaction [-] Running txn n=1 command(idx=2): PgAclAddCommand(entity=neutron_pg_drop, direction=to-lport, priority=1001, match=outport == @neutron_pg_drop && ip, action=drop, log=False, may_exist=True, severity=[], name=[], meter=None, external_ids={}) {{(pid=138460) do_commit /usr/local/lib/python3.8/dist-packages/ovsdbapp/backend/ovs_idl/transaction.py:90}}
Aug 06 01:31:50 ubuntu neutron-server[138460]: DEBUG ovsdbapp.backend.ovs_idl.event [-] Matched CREATE: NeutronPgDropPortGroupCreated(events=('create',), table='Port_Group', conditions=(('name', '=', 'neutron_pg_drop'),), old_conditions=None), priority=10 to row=Port_Group(name=neutron_pg_drop, ports=[], external_ids={}, acls=[<ovs.db.idl.Row object at 0x7feffff0a610>, <ovs.db.idl.Row object at 0x7ff000539d00>]) old= {{(pid=138460) matches /usr/local/lib/python3.8/dist-packages/ovsdbapp/backend/ovs_idl/event.py:43}}
Aug 06 01:31:50 ubuntu neutron-server[138672]: DEBUG neutron.common.ovn.hash_ring_manager [None req-553718b6-c620-4a4e-881a-380aa797ea9d None None] Allow caching, nodes 2>=2 {{(pid=138672) _wait_startup_before_caching /opt/stack/neutron/neutron/common/ovn/hash_ring_manager.py:60}}
Aug 06 01:31:50 ubuntu neutron-server[138671]: DEBUG neutron.common.ovn.hash_ring_manager [None req-e6a8198b-ae50-4097-994d-574f6415928b None None] Allow caching, nodes 2>=2 {{(pid=138671) _wait_startup_before_caching /opt/stack/neutron/neutron/common/ovn/hash_ring_manager.py:60}}
Aug 06 01:31:50 ubuntu neutron-server[138672]: DEBUG neutron.plugins.ml2.drivers.ovn.mech_driver.ovsdb.ovsdb_monitor [None req-553718b6-c620-4a4e-881a-380aa797ea9d None None] Hash Ring: Node f56198d4-3fb4-4e24-a6e3-2ba32ecca339 (host: ubuntu) handling event "create" for row af16a0a7-c2a0-41ee-ab9c-056ab74bfdf8 (table: Database) {{(pid=138672) notify /opt/stack/neutron/neutron/plugins/ml2/drivers/ovn/mech_driver/ovsdb/ovsdb_monitor.py:743}}
Aug 06 01:31:50 ubuntu neutron-server[138460]: DEBUG ovsdbapp.backend.ovs_idl [None req-8ba56d5a-08a9-4249-a8db-a7d81d0b9d28 None None] Created lookup_table index Logical_Switch.name {{(pid=138460) autocreate_indices /usr/local/lib/python3.8/dist-packages/ovsdbapp/backend/ovs_idl/__init__.py:85}}
Aug 06 01:31:50 ubuntu neutron-server[138460]: DEBUG ovsdbapp.backend.ovs_idl [None req-8ba56d5a-08a9-4249-a8db-a7d81d0b9d28 None None] Created lookup_table index Logical_Router.name {{(pid=138460) autocreate_indices /usr/local/lib/python3.8/dist-packages/ovsdbapp/backend/ovs_idl/__init__.py:85}}
Aug 06 01:31:50 ubuntu neutron-server[138672]: DEBUG neutron.plugins.ml2.drivers.ovn.mech_driver.ovsdb.ovsdb_monitor [None req-553718b6-c620-4a4e-881a-380aa797ea9d None None] Hash Ring: Node f56198d4-3fb4-4e24-a6e3-2ba32ecca339 (host: ubuntu) handling event "create" for row 81ebfa30-82e7-4aa6-90d0-1d87eb29124d (table: Database) {{(pid=138672) notify /opt/stack/neutron/neutron/plugins/ml2/drivers/ovn/mech_driver/ovsdb/ovsdb_monitor.py:743}}
Aug 06 01:31:50 ubuntu neutron-server[138460]: DEBUG ovsdbapp.backend.ovs_idl [None req-8ba56d5a-08a9-4249-a8db-a7d81d0b9d28 None None] Created lookup_table index Load_Balancer.name {{(pid=138460) autocreate_indices /usr/local/lib/python3.8/dist-packages/ovsdbapp/backend/ovs_idl/__init__.py:85}}
Aug 06 01:31:50 ubuntu neutron-server[138460]: DEBUG ovsdbapp.backend.ovs_idl [None req-8ba56d5a-08a9-4249-a8db-a7d81d0b9d28 None None] Created schema index Meter.name {{(pid=138460) autocreate_indices /usr/local/lib/python3.8/dist-packages/ovsdbapp/backend/ovs_idl/__init__.py:104}}
Aug 06 01:31:50 ubuntu neutron-server[138460]: DEBUG ovsdbapp.backend.ovs_idl [None req-8ba56d5a-08a9-4249-a8db-a7d81d0b9d28 None None] Created schema index Address_Set.name {{(pid=138460) autocreate_indices /usr/local/lib/python3.8/dist-packages/ovsdbapp/backend/ovs_idl/__init__.py:104}}
Aug 06 01:31:50 ubuntu neutron-server[138460]: DEBUG ovsdbapp.backend.ovs_idl [None req-8ba56d5a-08a9-4249-a8db-a7d81d0b9d28 None None] Created schema index HA_Chassis_Group.name {{(pid=138460) autocreate_indices /usr/local/lib/python3.8/dist-packages/ovsdbapp/backend/ovs_idl/__init__.py:104}}
Aug 06 01:31:50 ubuntu neutron-server[138460]: DEBUG ovsdbapp.backend.ovs_idl [None req-8ba56d5a-08a9-4249-a8db-a7d81d0b9d28 None None] Created schema index Connection.target {{(pid=138460) autocreate_indices /usr/local/lib/python3.8/dist-packages/ovsdbapp/backend/ovs_idl/__init__.py:104}}
Aug 06 01:31:50 ubuntu neutron-server[138460]: DEBUG ovsdbapp.backend.ovs_idl [None req-8ba56d5a-08a9-4249-a8db-a7d81d0b9d28 None None] Created schema index Gateway_Chassis.name {{(pid=138460) autocreate_indices /usr/local/lib/python3.8/dist-packages/ovsdbapp/backend/ovs_idl/__init__.py:104}}
Aug 06 01:31:50 ubuntu neutron-server[138460]: DEBUG ovsdbapp.backend.ovs_idl [None req-8ba56d5a-08a9-4249-a8db-a7d81d0b9d28 None None] Created schema index Logical_Router_Port.name {{(pid=138460) autocreate_indices /usr/local/lib/python3.8/dist-packages/ovsdbapp/backend/ovs_idl/__init__.py:104}}
Aug 06 01:31:50 ubuntu neutron-server[138460]: DEBUG ovsdbapp.backend.ovs_idl [None req-8ba56d5a-08a9-4249-a8db-a7d81d0b9d28 None None] Created schema index Port_Group.name {{(pid=138460) autocreate_indices /usr/local/lib/python3.8/dist-packages/ovsdbapp/backend/ovs_idl/__init__.py:104}}
Aug 06 01:31:50 ubuntu neutron-server[138460]: DEBUG ovsdbapp.backend.ovs_idl [None req-8ba56d5a-08a9-4249-a8db-a7d81d0b9d28 None None] Created schema index Logical_Switch_Port.name {{(pid=138460) autocreate_indices /usr/local/lib/python3.8/dist-packages/ovsdbapp/backend/ovs_idl/__init__.py:104}}
Aug 06 01:31:50 ubuntu neutron-server[138672]: DEBUG neutron.plugins.ml2.drivers.ovn.mech_driver.ovsdb.ovsdb_monitor [None req-553718b6-c620-4a4e-881a-380aa797ea9d None None] Hash Ring: Node f56198d4-3fb4-4e24-a6e3-2ba32ecca339 (host: ubuntu) handling event "create" for row 82b17de0-12e2-47a4-bd5d-942f95ed3042 (table: NB_Global) {{(pid=138672) notify /opt/stack/neutron/neutron/plugins/ml2/drivers/ovn/mech_driver/ovsdb/ovsdb_monitor.py:743}}
Aug 06 01:31:50 ubuntu neutron-server[138672]: DEBUG neutron.plugins.ml2.drivers.ovn.mech_driver.ovsdb.ovsdb_monitor [None req-553718b6-c620-4a4e-881a-380aa797ea9d None None] Hash Ring: Node f56198d4-3fb4-4e24-a6e3-2ba32ecca339 (host: ubuntu) handling event "create" for row 2fae1389-cef0-4fa1-81c6-fd0e5ea331a7 (table: ACL) {{(pid=138672) notify /opt/stack/neutron/neutron/plugins/ml2/drivers/ovn/mech_driver/ovsdb/ovsdb_monitor.py:743}}
Aug 06 01:31:50 ubuntu neutron-server[138671]: DEBUG neutron.plugins.ml2.drivers.ovn.mech_driver.ovsdb.ovsdb_monitor [None req-e6a8198b-ae50-4097-994d-574f6415928b None None] Hash Ring: Node 2a8a5177-9863-453e-b7ca-4e990fa3432f (host: ubuntu) handling event "create" for row 5f05a992-9778-437a-9a6b-6c89efba4397 (table: Port_Group) {{(pid=138671) notify /opt/stack/neutron/neutron/plugins/ml2/drivers/ovn/mech_driver/ovsdb/ovsdb_monitor.py:743}}
Aug 06 01:31:50 ubuntu neutron-server[138672]: INFO neutron.plugins.ml2.drivers.ovn.mech_driver.ovsdb.impl_idl_ovn [None req-553718b6-c620-4a4e-881a-380aa797ea9d None None] Getting OvsdbSbOvnIdl for WorkerService with retry
Aug 06 01:31:50 ubuntu neutron-server[138671]: DEBUG neutron.plugins.ml2.drivers.ovn.mech_driver.ovsdb.ovsdb_monitor [None req-e6a8198b-ae50-4097-994d-574f6415928b None None] Hash Ring: Node 2a8a5177-9863-453e-b7ca-4e990fa3432f (host: ubuntu) handling event "create" for row cd522f06-27ae-4a56-931e-91d1bb6a027b (table: ACL) {{(pid=138671) notify /opt/stack/neutron/neutron/plugins/ml2/drivers/ovn/mech_driver/ovsdb/ovsdb_monitor.py:743}}
Aug 06 01:31:50 ubuntu neutron-server[138671]: DEBUG neutron.plugins.ml2.drivers.ovn.mech_driver.ovsdb.ovsdb_monitor [None req-e6a8198b-ae50-4097-994d-574f6415928b None None] Hash Ring: Node 2a8a5177-9863-453e-b7ca-4e990fa3432f (host: ubuntu) handling event "create" for row ed468a31-677e-4349-a560-1356506495ef (table: Connection) {{(pid=138671) notify /opt/stack/neutron/neutron/plugins/ml2/drivers/ovn/mech_driver/ovsdb/ovsdb_monitor.py:743}}
Aug 06 01:31:50 ubuntu neutron-server[138671]: INFO neutron.plugins.ml2.drivers.ovn.mech_driver.ovsdb.impl_idl_ovn [None req-e6a8198b-ae50-4097-994d-574f6415928b None None] Getting OvsdbSbOvnIdl for WorkerService with retry
Aug 06 01:31:50 ubuntu neutron-server[138672]: DEBUG ovsdbapp.backend.ovs_idl [None req-553718b6-c620-4a4e-881a-380aa797ea9d None None] Created lookup_table index Chassis.name {{(pid=138672) autocreate_indices /usr/local/lib/python3.8/dist-packages/ovsdbapp/backend/ovs_idl/__init__.py:85}}
Aug 06 01:31:50 ubuntu neutron-server[138672]: DEBUG ovsdbapp.backend.ovs_idl [None req-553718b6-c620-4a4e-881a-380aa797ea9d None None] Created schema index Datapath_Binding.tunnel_key {{(pid=138672) autocreate_indices /usr/local/lib/python3.8/dist-packages/ovsdbapp/backend/ovs_idl/__init__.py:104}}
Aug 06 01:31:50 ubuntu neutron-server[138672]: DEBUG ovsdbapp.backend.ovs_idl [None req-553718b6-c620-4a4e-881a-380aa797ea9d None None] Created schema index Connection.target {{(pid=138672) autocreate_indices /usr/local/lib/python3.8/dist-packages/ovsdbapp/backend/ovs_idl/__init__.py:104}}
Aug 06 01:31:50 ubuntu neutron-server[138672]: INFO ovsdbapp.backend.ovs_idl.vlog [None req-553718b6-c620-4a4e-881a-380aa797ea9d None None] tcp:192.168.79.50:6642: connecting...
Aug 06 01:31:50 ubuntu neutron-server[138671]: DEBUG ovsdbapp.backend.ovs_idl [None req-e6a8198b-ae50-4097-994d-574f6415928b None None] Created lookup_table index Chassis.name {{(pid=138671) autocreate_indices /usr/local/lib/python3.8/dist-packages/ovsdbapp/backend/ovs_idl/__init__.py:85}}
Aug 06 01:31:50 ubuntu neutron-server[138671]: DEBUG ovsdbapp.backend.ovs_idl [None req-e6a8198b-ae50-4097-994d-574f6415928b None None] Created schema index Datapath_Binding.tunnel_key {{(pid=138671) autocreate_indices /usr/local/lib/python3.8/dist-packages/ovsdbapp/backend/ovs_idl/__init__.py:104}}
Aug 06 01:31:50 ubuntu neutron-server[138671]: DEBUG ovsdbapp.backend.ovs_idl [None req-e6a8198b-ae50-4097-994d-574f6415928b None None] Created schema index Connection.target {{(pid=138671) autocreate_indices /usr/local/lib/python3.8/dist-packages/ovsdbapp/backend/ovs_idl/__init__.py:104}}
Aug 06 01:31:50 ubuntu neutron-server[138672]: INFO ovsdbapp.backend.ovs_idl.vlog [None req-553718b6-c620-4a4e-881a-380aa797ea9d None None] tcp:192.168.79.50:6642: connected
Aug 06 01:31:50 ubuntu neutron-server[138671]: INFO ovsdbapp.backend.ovs_idl.vlog [None req-e6a8198b-ae50-4097-994d-574f6415928b None None] tcp:192.168.79.50:6642: connecting...
Aug 06 01:31:50 ubuntu neutron-server[138671]: INFO ovsdbapp.backend.ovs_idl.vlog [None req-e6a8198b-ae50-4097-994d-574f6415928b None None] tcp:192.168.79.50:6642: connected
Aug 06 01:31:50 ubuntu neutron-server[138460]: DEBUG ovsdbapp.backend.ovs_idl [None req-8ba56d5a-08a9-4249-a8db-a7d81d0b9d28 None None] Created lookup_table index Chassis.name {{(pid=138460) autocreate_indices /usr/local/lib/python3.8/dist-packages/ovsdbapp/backend/ovs_idl/__init__.py:85}}
Aug 06 01:31:50 ubuntu neutron-server[138460]: DEBUG ovsdbapp.backend.ovs_idl [None req-8ba56d5a-08a9-4249-a8db-a7d81d0b9d28 None None] Created lookup_table index MAC_Binding.ip {{(pid=138460) autocreate_indices /usr/local/lib/python3.8/dist-packages/ovsdbapp/backend/ovs_idl/__init__.py:85}}
Aug 06 01:31:50 ubuntu neutron-server[138460]: DEBUG ovsdbapp.backend.ovs_idl [None req-8ba56d5a-08a9-4249-a8db-a7d81d0b9d28 None None] Created schema index Meter.name {{(pid=138460) autocreate_indices /usr/local/lib/python3.8/dist-packages/ovsdbapp/backend/ovs_idl/__init__.py:104}}
Aug 06 01:31:50 ubuntu neutron-server[138460]: DEBUG ovsdbapp.backend.ovs_idl [None req-8ba56d5a-08a9-4249-a8db-a7d81d0b9d28 None None] Created schema index Address_Set.name {{(pid=138460) autocreate_indices /usr/local/lib/python3.8/dist-packages/ovsdbapp/backend/ovs_idl/__init__.py:104}}
Aug 06 01:31:50 ubuntu neutron-server[138460]: DEBUG ovsdbapp.backend.ovs_idl [None req-8ba56d5a-08a9-4249-a8db-a7d81d0b9d28 None None] Created schema index HA_Chassis_Group.name {{(pid=138460) autocreate_indices /usr/local/lib/python3.8/dist-packages/ovsdbapp/backend/ovs_idl/__init__.py:104}}
Aug 06 01:31:50 ubuntu neutron-server[138460]: DEBUG ovsdbapp.backend.ovs_idl [None req-8ba56d5a-08a9-4249-a8db-a7d81d0b9d28 None None] Created schema index IP_Multicast.datapath {{(pid=138460) autocreate_indices /usr/local/lib/python3.8/dist-packages/ovsdbapp/backend/ovs_idl/__init__.py:104}}
Aug 06 01:31:50 ubuntu neutron-server[138460]: DEBUG ovsdbapp.backend.ovs_idl [None req-8ba56d5a-08a9-4249-a8db-a7d81d0b9d28 None None] Created schema index Connection.target {{(pid=138460) autocreate_indices /usr/local/lib/python3.8/dist-packages/ovsdbapp/backend/ovs_idl/__init__.py:104}}
Aug 06 01:31:50 ubuntu neutron-server[138460]: DEBUG ovsdbapp.backend.ovs_idl [None req-8ba56d5a-08a9-4249-a8db-a7d81d0b9d28 None None] Created schema index Gateway_Chassis.name {{(pid=138460) autocreate_indices /usr/local/lib/python3.8/dist-packages/ovsdbapp/backend/ovs_idl/__init__.py:104}}
Aug 06 01:31:50 ubuntu neutron-server[138460]: DEBUG ovsdbapp.backend.ovs_idl [None req-8ba56d5a-08a9-4249-a8db-a7d81d0b9d28 None None] Created schema index Port_Group.name {{(pid=138460) autocreate_indices /usr/local/lib/python3.8/dist-packages/ovsdbapp/backend/ovs_idl/__init__.py:104}}
Aug 06 01:31:50 ubuntu neutron-server[138460]: DEBUG ovsdbapp.backend.ovs_idl [None req-8ba56d5a-08a9-4249-a8db-a7d81d0b9d28 None None] Created schema index Datapath_Binding.tunnel_key {{(pid=138460) autocreate_indices /usr/local/lib/python3.8/dist-packages/ovsdbapp/backend/ovs_idl/__init__.py:104}}
Aug 06 01:31:50 ubuntu neutron-server[138671]: DEBUG neutron.common.ovn.hash_ring_manager [None req-e6a8198b-ae50-4097-994d-574f6415928b None None] Allow caching, nodes 2>=2 {{(pid=138671) _wait_startup_before_caching /opt/stack/neutron/neutron/common/ovn/hash_ring_manager.py:60}}
Aug 06 01:31:50 ubuntu neutron-server[138672]: DEBUG neutron.common.ovn.hash_ring_manager [None req-553718b6-c620-4a4e-881a-380aa797ea9d None None] Allow caching, nodes 2>=2 {{(pid=138672) _wait_startup_before_caching /opt/stack/neutron/neutron/common/ovn/hash_ring_manager.py:60}}
Aug 06 01:31:50 ubuntu neutron-server[138671]: DEBUG neutron.plugins.ml2.drivers.ovn.mech_driver.ovsdb.ovsdb_monitor [None req-e6a8198b-ae50-4097-994d-574f6415928b None None] Hash Ring: Node 2a8a5177-9863-453e-b7ca-4e990fa3432f (host: ubuntu) handling event "create" for row 10f10dbc-0601-4713-b7ce-788a130c9ac3 (table: Database) {{(pid=138671) notify /opt/stack/neutron/neutron/plugins/ml2/drivers/ovn/mech_driver/ovsdb/ovsdb_monitor.py:743}}
Aug 06 01:31:50 ubuntu neutron-server[138671]: DEBUG neutron.plugins.ml2.drivers.ovn.mech_driver.ovsdb.ovsdb_monitor [None req-e6a8198b-ae50-4097-994d-574f6415928b None None] Hash Ring: Node 2a8a5177-9863-453e-b7ca-4e990fa3432f (host: ubuntu) handling event "create" for row 4514ccb2-7ad9-4582-a33f-0ad3f80a43e3 (table: Database) {{(pid=138671) notify /opt/stack/neutron/neutron/plugins/ml2/drivers/ovn/mech_driver/ovsdb/ovsdb_monitor.py:743}}
Aug 06 01:31:50 ubuntu neutron-server[138671]: DEBUG neutron.plugins.ml2.drivers.ovn.mech_driver.ovsdb.ovsdb_monitor [None req-e6a8198b-ae50-4097-994d-574f6415928b None None] Hash Ring: Node 2a8a5177-9863-453e-b7ca-4e990fa3432f (host: ubuntu) handling event "create" for row 36638a25-081d-4e09-9553-6dd9bf338a86 (table: Encap) {{(pid=138671) notify /opt/stack/neutron/neutron/plugins/ml2/drivers/ovn/mech_driver/ovsdb/ovsdb_monitor.py:743}}
Aug 06 01:31:50 ubuntu neutron-server[138671]: DEBUG neutron.plugins.ml2.drivers.ovn.mech_driver.ovsdb.ovsdb_monitor [None req-e6a8198b-ae50-4097-994d-574f6415928b None None] ChassisMetadataAgentWriteEvent : Matched Chassis, create, None None {{(pid=138671) matches /opt/stack/neutron/neutron/plugins/ml2/drivers/ovn/mech_driver/ovsdb/ovsdb_monitor.py:62}}
Aug 06 01:31:50 ubuntu neutron-server[138671]: DEBUG neutron.plugins.ml2.drivers.ovn.mech_driver.ovsdb.ovsdb_monitor [None req-e6a8198b-ae50-4097-994d-574f6415928b None None] ChassisAgentWriteEvent : Matched Chassis, create, None None {{(pid=138671) matches /opt/stack/neutron/neutron/plugins/ml2/drivers/ovn/mech_driver/ovsdb/ovsdb_monitor.py:62}}
Aug 06 01:31:50 ubuntu neutron-server[138672]: DEBUG neutron.plugins.ml2.drivers.ovn.mech_driver.ovsdb.ovsdb_monitor [None req-553718b6-c620-4a4e-881a-380aa797ea9d None None] ChassisMetadataAgentWriteEvent : Matched Chassis, create, None None {{(pid=138672) matches /opt/stack/neutron/neutron/plugins/ml2/drivers/ovn/mech_driver/ovsdb/ovsdb_monitor.py:62}}
Aug 06 01:31:50 ubuntu neutron-server[138671]: DEBUG neutron.plugins.ml2.drivers.ovn.mech_driver.ovsdb.ovsdb_monitor [None req-e6a8198b-ae50-4097-994d-574f6415928b None None] Hash Ring: Node 2a8a5177-9863-453e-b7ca-4e990fa3432f (host: ubuntu) handling event "create" for row 80755eba-3a70-4bd7-8093-faa3df549f43 (table: Chassis) {{(pid=138671) notify /opt/stack/neutron/neutron/plugins/ml2/drivers/ovn/mech_driver/ovsdb/ovsdb_monitor.py:743}}
Aug 06 01:31:50 ubuntu neutron-server[138672]: DEBUG neutron.plugins.ml2.drivers.ovn.mech_driver.ovsdb.ovsdb_monitor [None req-553718b6-c620-4a4e-881a-380aa797ea9d None None] ChassisAgentWriteEvent : Matched Chassis, create, None None {{(pid=138672) matches /opt/stack/neutron/neutron/plugins/ml2/drivers/ovn/mech_driver/ovsdb/ovsdb_monitor.py:62}}
Aug 06 01:31:50 ubuntu neutron-server[138671]: DEBUG neutron.plugins.ml2.drivers.ovn.mech_driver.ovsdb.ovsdb_monitor [None req-e6a8198b-ae50-4097-994d-574f6415928b None None] Hash Ring: Node 2a8a5177-9863-453e-b7ca-4e990fa3432f (host: ubuntu) handling event "create" for row 78adfb5c-1a9a-47cd-93a5-de5a8ddac46c (table: Connection) {{(pid=138671) notify /opt/stack/neutron/neutron/plugins/ml2/drivers/ovn/mech_driver/ovsdb/ovsdb_monitor.py:743}}
Aug 06 01:31:50 ubuntu neutron-server[138671]: INFO neutron.wsgi [-] (138671) wsgi starting up on http://0.0.0.0:9696
Aug 06 01:31:50 ubuntu neutron-server[138672]: INFO neutron.wsgi [-] (138672) wsgi starting up on http://0.0.0.0:9696
Aug 06 01:31:50 ubuntu neutron-server[138460]: INFO oslo_service.service [None req-8ba56d5a-08a9-4249-a8db-a7d81d0b9d28 None None] Starting 1 workers
Aug 06 01:31:50 ubuntu neutron-server[138460]: DEBUG oslo_service.service [None req-8ba56d5a-08a9-4249-a8db-a7d81d0b9d28 None None] Started child 138675 {{(pid=138460) _start_child /usr/local/lib/python3.8/dist-packages/oslo_service/service.py:575}}
Aug 06 01:31:50 ubuntu neutron-server[138460]: INFO oslo_service.service [None req-8ba56d5a-08a9-4249-a8db-a7d81d0b9d28 None None] Starting 1 workers
Aug 06 01:31:50 ubuntu neutron-server[138460]: DEBUG oslo_service.service [None req-8ba56d5a-08a9-4249-a8db-a7d81d0b9d28 None None] Started child 138677 {{(pid=138460) _start_child /usr/local/lib/python3.8/dist-packages/oslo_service/service.py:575}}
Aug 06 01:31:50 ubuntu neutron-server[138460]: INFO oslo_service.service [None req-8ba56d5a-08a9-4249-a8db-a7d81d0b9d28 None None] Starting 1 workers
