Jul 25 17:39:34 ubuntu devstack@g-api.service[151238]: INFO glance.location [None req-0db21fa7-97f1-4b41-8cb6-24f6a1d2bd28 admin admin] Image format matched and virtual size computed: 117440512
Jul 25 17:39:34 ubuntu devstack@g-api.service[151238]: DEBUG glance_store.backend [None req-0db21fa7-97f1-4b41-8cb6-24f6a1d2bd28 admin admin] Attempting to import store swift {{(pid=151238) _load_store /usr/local/lib/python3.8/dist-packages/glance_store/backend.py:216}}
Jul 25 17:39:34 ubuntu devstack@g-api.service[151238]: DEBUG glance_store.capabilities [None req-0db21fa7-97f1-4b41-8cb6-24f6a1d2bd28 admin admin] Store glance_store._drivers.swift.store.SingleTenantStore doesn't support updating dynamic storage capabilities. Please overwrite 'update_capabilities' method of the store to implement updating logics if needed. {{(pid=151238) update_capabilities /usr/local/lib/python3.8/dist-packages/glance_store/capabilities.py:91}}
Jul 25 17:39:34 ubuntu devstack@g-api.service[151238]: DEBUG glance_store.driver [None req-0db21fa7-97f1-4b41-8cb6-24f6a1d2bd28 admin admin] Late loading location class glance_store._drivers.swift.store.StoreLocation {{(pid=151238) get_store_location_class /usr/local/lib/python3.8/dist-packages/glance_store/driver.py:116}}
Jul 25 17:39:34 ubuntu devstack@g-api.service[151238]: DEBUG glance_store.location [None req-0db21fa7-97f1-4b41-8cb6-24f6a1d2bd28 admin admin] Registering scheme swift+https with {'store': <glance_store._drivers.swift.store.SingleTenantStore object at 0x7f2d7faa61f0>, 'location_class': <class 'glance_store._drivers.swift.store.StoreLocation'>, 'store_entry': 'swift'} {{(pid=151238) register_scheme_map /usr/local/lib/python3.8/dist-packages/glance_store/location.py:146}}
Jul 25 17:39:34 ubuntu devstack@g-api.service[151238]: DEBUG glance_store.location [None req-0db21fa7-97f1-4b41-8cb6-24f6a1d2bd28 admin admin] Registering scheme swift+https with {'store': <glance_store._drivers.swift.store.SingleTenantStore object at 0x7f2d7faa61f0>, 'location_class': <class 'glance_store._drivers.swift.store.StoreLocation'>, 'store_entry': 'swift'} {{(pid=151238) register_scheme_map /usr/local/lib/python3.8/dist-packages/glance_store/location.py:146}}
Jul 25 17:39:34 ubuntu devstack@g-api.service[151238]: DEBUG glance_store.location [None req-0db21fa7-97f1-4b41-8cb6-24f6a1d2bd28 admin admin] Registering scheme swift with {'store': <glance_store._drivers.swift.store.SingleTenantStore object at 0x7f2d7faa61f0>, 'location_class': <class 'glance_store._drivers.swift.store.StoreLocation'>, 'store_entry': 'swift'} {{(pid=151238) register_scheme_map /usr/local/lib/python3.8/dist-packages/glance_store/location.py:146}}
Jul 25 17:39:34 ubuntu devstack@g-api.service[151238]: DEBUG glance_store.location [None req-0db21fa7-97f1-4b41-8cb6-24f6a1d2bd28 admin admin] Registering scheme swift+https with {'store': <glance_store._drivers.swift.store.SingleTenantStore object at 0x7f2d7faa61f0>, 'location_class': <class 'glance_store._drivers.swift.store.StoreLocation'>, 'store_entry': 'swift'} {{(pid=151238) register_scheme_map /usr/local/lib/python3.8/dist-packages/glance_store/location.py:146}}
Jul 25 17:39:34 ubuntu devstack@g-api.service[151238]: DEBUG glance_store.location [None req-0db21fa7-97f1-4b41-8cb6-24f6a1d2bd28 admin admin] Registering scheme swift with {'store': <glance_store._drivers.swift.store.SingleTenantStore object at 0x7f2d7faa61f0>, 'location_class': <class 'glance_store._drivers.swift.store.StoreLocation'>, 'store_entry': 'swift'} {{(pid=151238) register_scheme_map /usr/local/lib/python3.8/dist-packages/glance_store/location.py:146}}
Jul 25 17:39:34 ubuntu devstack@g-api.service[151238]: DEBUG glance_store.location [None req-0db21fa7-97f1-4b41-8cb6-24f6a1d2bd28 admin admin] Registering scheme swift+http with {'store': <glance_store._drivers.swift.store.SingleTenantStore object at 0x7f2d7faa61f0>, 'location_class': <class 'glance_store._drivers.swift.store.StoreLocation'>, 'store_entry': 'swift'} {{(pid=151238) register_scheme_map /usr/local/lib/python3.8/dist-packages/glance_store/location.py:146}}
Jul 25 17:39:34 ubuntu devstack@g-api.service[151238]: DEBUG glance_store.location [None req-0db21fa7-97f1-4b41-8cb6-24f6a1d2bd28 admin admin] Registering scheme swift+https with {'store': <glance_store._drivers.swift.store.SingleTenantStore object at 0x7f2d7faa61f0>, 'location_class': <class 'glance_store._drivers.swift.store.StoreLocation'>, 'store_entry': 'swift'} {{(pid=151238) register_scheme_map /usr/local/lib/python3.8/dist-packages/glance_store/location.py:146}}
Jul 25 17:39:34 ubuntu devstack@g-api.service[151238]: DEBUG glance_store.location [None req-0db21fa7-97f1-4b41-8cb6-24f6a1d2bd28 admin admin] Registering scheme swift with {'store': <glance_store._drivers.swift.store.SingleTenantStore object at 0x7f2d7faa61f0>, 'location_class': <class 'glance_store._drivers.swift.store.StoreLocation'>, 'store_entry': 'swift'} {{(pid=151238) register_scheme_map /usr/local/lib/python3.8/dist-packages/glance_store/location.py:146}}
Jul 25 17:39:34 ubuntu devstack@g-api.service[151238]: DEBUG glance_store.location [None req-0db21fa7-97f1-4b41-8cb6-24f6a1d2bd28 admin admin] Registering scheme swift+http with {'store': <glance_store._drivers.swift.store.SingleTenantStore object at 0x7f2d7faa61f0>, 'location_class': <class 'glance_store._drivers.swift.store.StoreLocation'>, 'store_entry': 'swift'} {{(pid=151238) register_scheme_map /usr/local/lib/python3.8/dist-packages/glance_store/location.py:146}}
Jul 25 17:39:34 ubuntu devstack@g-api.service[151238]: DEBUG glance_store.location [None req-0db21fa7-97f1-4b41-8cb6-24f6a1d2bd28 admin admin] Registering scheme swift+config with {'store': <glance_store._drivers.swift.store.SingleTenantStore object at 0x7f2d7faa61f0>, 'location_class': <class 'glance_store._drivers.swift.store.StoreLocation'>, 'store_entry': 'swift'} {{(pid=151238) register_scheme_map /usr/local/lib/python3.8/dist-packages/glance_store/location.py:146}}
Jul 25 17:39:34 ubuntu devstack@g-api.service[151238]: DEBUG glance_store.backend [None req-0db21fa7-97f1-4b41-8cb6-24f6a1d2bd28 admin admin] Skipping store.set_acls... not implemented. {{(pid=151238) set_acls /usr/local/lib/python3.8/dist-packages/glance_store/backend.py:508}}
Jul 25 17:39:34 ubuntu devstack@g-api.service[151238]: [pid: 151238|app: 0|req: 3/4] 127.0.0.1 () {40 vars in 862 bytes} [Mon Jul 25 17:39:31 2022] PUT /v2/images/c1007cbc-3b91-410f-823d-024c70d67a75/file => generated 0 bytes in 2659 msecs (HTTP/1.1 204) 4 headers in 171 bytes (1 switches on core 0)
Jul 25 17:39:41 ubuntu devstack@g-api.service[151237]: DEBUG dbcounter [-] [151237] Writing DB stats glance:SELECT=9,glance:INSERT=5 {{(pid=151237) stat_writer /usr/local/lib/python3.8/dist-packages/dbcounter.py:114}}
Jul 25 17:39:44 ubuntu devstack@g-api.service[151238]: DEBUG dbcounter [-] [151238] Writing DB stats glance:SELECT=28,glance:UPDATE=2,glance:INSERT=1 {{(pid=151238) stat_writer /usr/local/lib/python3.8/dist-packages/dbcounter.py:114}}
Jul 25 17:40:17 ubuntu devstack@g-api.service[151237]: DEBUG glance.api.middleware.version_negotiation [None req-2d2585d2-aa2b-4c53-81e9-cb1f4ed6b190 admin admin] Determining version of request: GET / Accept: application/json {{(pid=151237) process_request /opt/stack/glance/glance/api/middleware/version_negotiation.py:44}}
Jul 25 17:40:17 ubuntu devstack@g-api.service[151237]: DEBUG glance.api.middleware.version_negotiation [None req-2d2585d2-aa2b-4c53-81e9-cb1f4ed6b190 admin admin] Using url versioning {{(pid=151237) process_request /opt/stack/glance/glance/api/middleware/version_negotiation.py:57}}
Jul 25 17:40:17 ubuntu devstack@g-api.service[151237]: DEBUG glance.api.middleware.version_negotiation [None req-2d2585d2-aa2b-4c53-81e9-cb1f4ed6b190 admin admin] Unknown version. Returning version choices. {{(pid=151237) process_request /opt/stack/glance/glance/api/middleware/version_negotiation.py:64}}
Jul 25 17:40:17 ubuntu devstack@g-api.service[151237]: [pid: 151237|app: 0|req: 2/5] 127.0.0.1 () {34 vars in 506 bytes} [Mon Jul 25 17:40:17 2022] GET / => generated 1323 bytes in 5 msecs (HTTP/1.1 300) 3 headers in 106 bytes (1 switches on core 0)
Jul 25 17:40:17 ubuntu devstack@g-api.service[151238]: DEBUG glance.api.middleware.version_negotiation [None req-0db21fa7-97f1-4b41-8cb6-24f6a1d2bd28 admin admin] Determining version of request: GET /v2/images Accept: application/json {{(pid=151238) process_request /opt/stack/glance/glance/api/middleware/version_negotiation.py:44}}
Jul 25 17:40:17 ubuntu devstack@g-api.service[151238]: DEBUG glance.api.middleware.version_negotiation [None req-0db21fa7-97f1-4b41-8cb6-24f6a1d2bd28 admin admin] Using url versioning {{(pid=151238) process_request /opt/stack/glance/glance/api/middleware/version_negotiation.py:57}}
Jul 25 17:40:17 ubuntu devstack@g-api.service[151238]: DEBUG glance.api.middleware.version_negotiation [None req-0db21fa7-97f1-4b41-8cb6-24f6a1d2bd28 admin admin] Matched version: v2 {{(pid=151238) process_request /opt/stack/glance/glance/api/middleware/version_negotiation.py:69}}
Jul 25 17:40:17 ubuntu devstack@g-api.service[151238]: DEBUG glance.api.middleware.version_negotiation [None req-0db21fa7-97f1-4b41-8cb6-24f6a1d2bd28 admin admin] new path /v2/images {{(pid=151238) process_request /opt/stack/glance/glance/api/middleware/version_negotiation.py:70}}
Jul 25 17:40:17 ubuntu devstack@g-api.service[151238]: [pid: 151238|app: 0|req: 4/6] 127.0.0.1 () {36 vars in 728 bytes} [Mon Jul 25 17:40:17 2022] GET /v2/images => generated 1045 bytes in 379 msecs (HTTP/1.1 200) 4 headers in 158 bytes (1 switches on core 0)
Jul 25 17:40:24 ubuntu devstack@g-api.service[151237]: DEBUG glance.api.middleware.version_negotiation [None req-2d2585d2-aa2b-4c53-81e9-cb1f4ed6b190 admin admin] Determining version of request: GET / Accept: application/json {{(pid=151237) process_request /opt/stack/glance/glance/api/middleware/version_negotiation.py:44}}
Jul 25 17:40:24 ubuntu devstack@g-api.service[151237]: DEBUG glance.api.middleware.version_negotiation [None req-2d2585d2-aa2b-4c53-81e9-cb1f4ed6b190 admin admin] Using url versioning {{(pid=151237) process_request /opt/stack/glance/glance/api/middleware/version_negotiation.py:57}}
Jul 25 17:40:24 ubuntu devstack@g-api.service[151237]: DEBUG glance.api.middleware.version_negotiation [None req-2d2585d2-aa2b-4c53-81e9-cb1f4ed6b190 admin admin] Unknown version. Returning version choices. {{(pid=151237) process_request /opt/stack/glance/glance/api/middleware/version_negotiation.py:64}}
Jul 25 17:40:24 ubuntu devstack@g-api.service[151237]: [pid: 151237|app: 0|req: 3/7] 127.0.0.1 () {34 vars in 506 bytes} [Mon Jul 25 17:40:24 2022] GET / => generated 1323 bytes in 4 msecs (HTTP/1.1 300) 3 headers in 106 bytes (1 switches on core 0)
Jul 25 17:40:24 ubuntu devstack@g-api.service[151238]: DEBUG glance.api.middleware.version_negotiation [None req-7df6aec6-c7a5-4711-adac-a62065b1f163 admin admin] Determining version of request: GET /v2/images/c1007cbc-3b91-410f-823d-024c70d67a75 Accept: */* {{(pid=151238) process_request /opt/stack/glance/glance/api/middleware/version_negotiation.py:44}}
Jul 25 17:40:24 ubuntu devstack@g-api.service[151238]: DEBUG glance.api.middleware.version_negotiation [None req-7df6aec6-c7a5-4711-adac-a62065b1f163 admin admin] Using url versioning {{(pid=151238) process_request /opt/stack/glance/glance/api/middleware/version_negotiation.py:57}}
Jul 25 17:40:24 ubuntu devstack@g-api.service[151238]: DEBUG glance.api.middleware.version_negotiation [None req-7df6aec6-c7a5-4711-adac-a62065b1f163 admin admin] Matched version: v2 {{(pid=151238) process_request /opt/stack/glance/glance/api/middleware/version_negotiation.py:69}}
Jul 25 17:40:24 ubuntu devstack@g-api.service[151238]: DEBUG glance.api.middleware.version_negotiation [None req-7df6aec6-c7a5-4711-adac-a62065b1f163 admin admin] new path /v2/images/c1007cbc-3b91-410f-823d-024c70d67a75 {{(pid=151238) process_request /opt/stack/glance/glance/api/middleware/version_negotiation.py:70}}
Jul 25 17:40:24 ubuntu devstack@g-api.service[151238]: [pid: 151238|app: 0|req: 5/8] 127.0.0.1 () {36 vars in 789 bytes} [Mon Jul 25 17:40:24 2022] GET /v2/images/c1007cbc-3b91-410f-823d-024c70d67a75 => generated 976 bytes in 306 msecs (HTTP/1.1 200) 4 headers in 157 bytes (1 switches on core 0)
Jul 25 17:40:28 ubuntu devstack@g-api.service[151237]: DEBUG glance.api.middleware.version_negotiation [None req-2d2585d2-aa2b-4c53-81e9-cb1f4ed6b190 admin admin] Determining version of request: GET / Accept: application/json {{(pid=151237) process_request /opt/stack/glance/glance/api/middleware/version_negotiation.py:44}}
Jul 25 17:40:28 ubuntu devstack@g-api.service[151237]: DEBUG glance.api.middleware.version_negotiation [None req-2d2585d2-aa2b-4c53-81e9-cb1f4ed6b190 admin admin] Using url versioning {{(pid=151237) process_request /opt/stack/glance/glance/api/middleware/version_negotiation.py:57}}
Jul 25 17:40:28 ubuntu devstack@g-api.service[151237]: DEBUG glance.api.middleware.version_negotiation [None req-2d2585d2-aa2b-4c53-81e9-cb1f4ed6b190 admin admin] Unknown version. Returning version choices. {{(pid=151237) process_request /opt/stack/glance/glance/api/middleware/version_negotiation.py:64}}
Jul 25 17:40:28 ubuntu devstack@g-api.service[151237]: [pid: 151237|app: 0|req: 4/9] 127.0.0.1 () {34 vars in 506 bytes} [Mon Jul 25 17:40:28 2022] GET / => generated 1323 bytes in 7 msecs (HTTP/1.1 300) 3 headers in 106 bytes (1 switches on core 0)
Jul 25 17:40:28 ubuntu devstack@g-api.service[151238]: DEBUG glance.api.middleware.version_negotiation [None req-cda8fc78-dc78-4c45-b31d-2fd6ed3b0e37 admin admin] Determining version of request: GET /v2/images/c1007cbc-3b91-410f-823d-024c70d67a75 Accept: */* {{(pid=151238) process_request /opt/stack/glance/glance/api/middleware/version_negotiation.py:44}}
Jul 25 17:40:28 ubuntu devstack@g-api.service[151238]: DEBUG glance.api.middleware.version_negotiation [None req-cda8fc78-dc78-4c45-b31d-2fd6ed3b0e37 admin admin] Using url versioning {{(pid=151238) process_request /opt/stack/glance/glance/api/middleware/version_negotiation.py:57}}
Jul 25 17:40:28 ubuntu devstack@g-api.service[151238]: DEBUG glance.api.middleware.version_negotiation [None req-cda8fc78-dc78-4c45-b31d-2fd6ed3b0e37 admin admin] Matched version: v2 {{(pid=151238) process_request /opt/stack/glance/glance/api/middleware/version_negotiation.py:69}}
Jul 25 17:40:28 ubuntu devstack@g-api.service[151238]: DEBUG glance.api.middleware.version_negotiation [None req-cda8fc78-dc78-4c45-b31d-2fd6ed3b0e37 admin admin] new path /v2/images/c1007cbc-3b91-410f-823d-024c70d67a75 {{(pid=151238) process_request /opt/stack/glance/glance/api/middleware/version_negotiation.py:70}}
Jul 25 17:40:29 ubuntu devstack@g-api.service[151238]: [pid: 151238|app: 0|req: 6/10] 127.0.0.1 () {36 vars in 789 bytes} [Mon Jul 25 17:40:28 2022] GET /v2/images/c1007cbc-3b91-410f-823d-024c70d67a75 => generated 976 bytes in 341 msecs (HTTP/1.1 200) 4 headers in 157 bytes (1 switches on core 0)
Jul 25 17:40:39 ubuntu devstack@g-api.service[151238]: DEBUG dbcounter [-] [151238] Writing DB stats glance:SELECT=10 {{(pid=151238) stat_writer /usr/local/lib/python3.8/dist-packages/dbcounter.py:114}}
Jul 25 17:42:42 ubuntu devstack@g-api.service[151237]: DEBUG glance.api.middleware.version_negotiation [None req-2d2585d2-aa2b-4c53-81e9-cb1f4ed6b190 admin admin] Determining version of request: GET /v1 Accept: application/json {{(pid=151237) process_request /opt/stack/glance/glance/api/middleware/version_negotiation.py:44}}
Jul 25 17:42:42 ubuntu devstack@g-api.service[151237]: DEBUG glance.api.middleware.version_negotiation [None req-2d2585d2-aa2b-4c53-81e9-cb1f4ed6b190 admin admin] Using url versioning {{(pid=151237) process_request /opt/stack/glance/glance/api/middleware/version_negotiation.py:57}}
Jul 25 17:42:42 ubuntu devstack@g-api.service[151237]: DEBUG glance.api.middleware.version_negotiation [None req-2d2585d2-aa2b-4c53-81e9-cb1f4ed6b190 admin admin] Unknown version. Returning version choices. {{(pid=151237) process_request /opt/stack/glance/glance/api/middleware/version_negotiation.py:64}}
Jul 25 17:42:42 ubuntu devstack@g-api.service[151237]: [pid: 151237|app: 0|req: 5/11] 127.0.0.1 () {38 vars in 686 bytes} [Mon Jul 25 17:42:42 2022] GET /v1 => generated 1323 bytes in 3 msecs (HTTP/1.1 300) 3 headers in 106 bytes (1 switches on core 0)
Jul 25 17:44:54 ubuntu devstack@g-api.service[151238]: DEBUG glance.api.middleware.version_negotiation [None req-0056092b-a9f9-446b-83f8-0a3d5bbb5b1d admin admin] Determining version of request: GET /versions Accept: */* {{(pid=151238) process_request /opt/stack/glance/glance/api/middleware/version_negotiation.py:44}}
Jul 25 17:44:54 ubuntu devstack@g-api.service[151238]: [pid: 151238|app: 0|req: 7/12] 127.0.0.1 () {38 vars in 695 bytes} [Mon Jul 25 17:44:54 2022] GET /versions => generated 1323 bytes in 7 msecs (HTTP/1.1 200) 3 headers in 92 bytes (1 switches on core 0)
Jul 25 17:44:54 ubuntu devstack@g-api.service[151237]: DEBUG glance.api.middleware.version_negotiation [None req-2d2585d2-aa2b-4c53-81e9-cb1f4ed6b190 admin admin] Determining version of request: GET /v2/schemas/image Accept: */* {{(pid=151237) process_request /opt/stack/glance/glance/api/middleware/version_negotiation.py:44}}
Jul 25 17:44:54 ubuntu devstack@g-api.service[151237]: DEBUG glance.api.middleware.version_negotiation [None req-2d2585d2-aa2b-4c53-81e9-cb1f4ed6b190 admin admin] Using url versioning {{(pid=151237) process_request /opt/stack/glance/glance/api/middleware/version_negotiation.py:57}}
Jul 25 17:44:54 ubuntu devstack@g-api.service[151237]: DEBUG glance.api.middleware.version_negotiation [None req-2d2585d2-aa2b-4c53-81e9-cb1f4ed6b190 admin admin] Matched version: v2 {{(pid=151237) process_request /opt/stack/glance/glance/api/middleware/version_negotiation.py:69}}
Jul 25 17:44:54 ubuntu devstack@g-api.service[151237]: DEBUG glance.api.middleware.version_negotiation [None req-2d2585d2-aa2b-4c53-81e9-cb1f4ed6b190 admin admin] new path /v2/schemas/image {{(pid=151237) process_request /opt/stack/glance/glance/api/middleware/version_negotiation.py:70}}
Jul 25 17:44:54 ubuntu devstack@g-api.service[151237]: [pid: 151237|app: 0|req: 6/13] 127.0.0.1 () {38 vars in 711 bytes} [Mon Jul 25 17:44:54 2022] GET /v2/schemas/image => generated 6083 bytes in 172 msecs (HTTP/1.1 200) 4 headers in 158 bytes (1 switches on core 0)
Jul 25 17:44:54 ubuntu devstack@g-api.service[151238]: DEBUG glance.api.middleware.version_negotiation [None req-0056092b-a9f9-446b-83f8-0a3d5bbb5b1d admin admin] Determining version of request: GET /v2/schemas/metadefs/namespace Accept: */* {{(pid=151238) process_request /opt/stack/glance/glance/api/middleware/version_negotiation.py:44}}
Jul 25 17:44:54 ubuntu devstack@g-api.service[151238]: DEBUG glance.api.middleware.version_negotiation [None req-0056092b-a9f9-446b-83f8-0a3d5bbb5b1d admin admin] Using url versioning {{(pid=151238) process_request /opt/stack/glance/glance/api/middleware/version_negotiation.py:57}}
Jul 25 17:44:54 ubuntu devstack@g-api.service[151238]: DEBUG glance.api.middleware.version_negotiation [None req-0056092b-a9f9-446b-83f8-0a3d5bbb5b1d admin admin] Matched version: v2 {{(pid=151238) process_request /opt/stack/glance/glance/api/middleware/version_negotiation.py:69}}
Jul 25 17:44:54 ubuntu devstack@g-api.service[151238]: DEBUG glance.api.middleware.version_negotiation [None req-0056092b-a9f9-446b-83f8-0a3d5bbb5b1d admin admin] new path /v2/schemas/metadefs/namespace {{(pid=151238) process_request /opt/stack/glance/glance/api/middleware/version_negotiation.py:70}}
Jul 25 17:44:54 ubuntu devstack@g-api.service[151238]: [pid: 151238|app: 0|req: 8/14] 127.0.0.1 () {38 vars in 737 bytes} [Mon Jul 25 17:44:54 2022] GET /v2/schemas/metadefs/namespace => generated 3100 bytes in 9 msecs (HTTP/1.1 200) 4 headers in 158 bytes (1 switches on core 0)
Jul 25 17:44:54 ubuntu devstack@g-api.service[151237]: DEBUG glance.api.middleware.version_negotiation [None req-9fce68e7-584d-40d7-8057-13cd08193fb1 admin admin] Determining version of request: GET /v2/schemas/metadefs/resource_type Accept: */* {{(pid=151237) process_request /opt/stack/glance/glance/api/middleware/version_negotiation.py:44}}
Jul 25 17:44:54 ubuntu devstack@g-api.service[151237]: DEBUG glance.api.middleware.version_negotiation [None req-9fce68e7-584d-40d7-8057-13cd08193fb1 admin admin] Using url versioning {{(pid=151237) process_request /opt/stack/glance/glance/api/middleware/version_negotiation.py:57}}
Jul 25 17:44:54 ubuntu devstack@g-api.service[151237]: DEBUG glance.api.middleware.version_negotiation [None req-9fce68e7-584d-40d7-8057-13cd08193fb1 admin admin] Matched version: v2 {{(pid=151237) process_request /opt/stack/glance/glance/api/middleware/version_negotiation.py:69}}
Jul 25 17:44:54 ubuntu devstack@g-api.service[151237]: DEBUG glance.api.middleware.version_negotiation [None req-9fce68e7-584d-40d7-8057-13cd08193fb1 admin admin] new path /v2/schemas/metadefs/resource_type {{(pid=151237) process_request /opt/stack/glance/glance/api/middleware/version_negotiation.py:70}}
Jul 25 17:44:54 ubuntu devstack@g-api.service[151237]: [pid: 151237|app: 0|req: 7/15] 127.0.0.1 () {38 vars in 745 bytes} [Mon Jul 25 17:44:54 2022] GET /v2/schemas/metadefs/resource_type => generated 1260 bytes in 5 msecs (HTTP/1.1 200) 4 headers in 158 bytes (1 switches on core 0)
Jul 25 17:44:54 ubuntu devstack@g-api.service[151238]: DEBUG glance.api.middleware.version_negotiation [None req-420ae44a-3fd0-4d8c-9773-59ea5c466114 admin admin] Determining version of request: GET /v2/images Accept: */* {{(pid=151238) process_request /opt/stack/glance/glance/api/middleware/version_negotiation.py:44}}
Jul 25 17:44:54 ubuntu devstack@g-api.service[151238]: DEBUG glance.api.middleware.version_negotiation [None req-420ae44a-3fd0-4d8c-9773-59ea5c466114 admin admin] Using url versioning {{(pid=151238) process_request /opt/stack/glance/glance/api/middleware/version_negotiation.py:57}}
Jul 25 17:44:54 ubuntu devstack@g-api.service[151238]: DEBUG glance.api.middleware.version_negotiation [None req-420ae44a-3fd0-4d8c-9773-59ea5c466114 admin admin] Matched version: v2 {{(pid=151238) process_request /opt/stack/glance/glance/api/middleware/version_negotiation.py:69}}
Jul 25 17:44:54 ubuntu devstack@g-api.service[151238]: DEBUG glance.api.middleware.version_negotiation [None req-420ae44a-3fd0-4d8c-9773-59ea5c466114 admin admin] new path /v2/images {{(pid=151238) process_request /opt/stack/glance/glance/api/middleware/version_negotiation.py:70}}
Jul 25 17:44:54 ubuntu devstack@g-api.service[151238]: [pid: 151238|app: 0|req: 9/16] 127.0.0.1 () {38 vars in 768 bytes} [Mon Jul 25 17:44:54 2022] GET /v2/images?limit=20&sort_key=name&sort_dir=asc => generated 1081 bytes in 71 msecs (HTTP/1.1 200) 4 headers in 158 bytes (1 switches on core 0)
Jul 25 17:44:54 ubuntu devstack@g-api.service[151237]: DEBUG glance.api.middleware.version_negotiation [None req-39f12401-2510-42d7-b060-6453b476987b admin admin] Determining version of request: GET /v2/schemas/image Accept: */* {{(pid=151237) process_request /opt/stack/glance/glance/api/middleware/version_negotiation.py:44}}
Jul 25 17:44:54 ubuntu devstack@g-api.service[151237]: DEBUG glance.api.middleware.version_negotiation [None req-39f12401-2510-42d7-b060-6453b476987b admin admin] Using url versioning {{(pid=151237) process_request /opt/stack/glance/glance/api/middleware/version_negotiation.py:57}}
Jul 25 17:44:54 ubuntu devstack@g-api.service[151237]: DEBUG glance.api.middleware.version_negotiation [None req-39f12401-2510-42d7-b060-6453b476987b admin admin] Matched version: v2 {{(pid=151237) process_request /opt/stack/glance/glance/api/middleware/version_negotiation.py:69}}
Jul 25 17:44:54 ubuntu devstack@g-api.service[151237]: DEBUG glance.api.middleware.version_negotiation [None req-39f12401-2510-42d7-b060-6453b476987b admin admin] new path /v2/schemas/image {{(pid=151237) process_request /opt/stack/glance/glance/api/middleware/version_negotiation.py:70}}
Jul 25 17:44:54 ubuntu devstack@g-api.service[151237]: [pid: 151237|app: 0|req: 8/17] 127.0.0.1 () {38 vars in 711 bytes} [Mon Jul 25 17:44:54 2022] GET /v2/schemas/image => generated 6083 bytes in 5 msecs (HTTP/1.1 200) 4 headers in 158 bytes (1 switches on core 0)
Jul 25 17:45:04 ubuntu devstack@g-api.service[151238]: DEBUG dbcounter [-] [151238] Writing DB stats glance:SELECT=2 {{(pid=151238) stat_writer /usr/local/lib/python3.8/dist-packages/dbcounter.py:114}}
Jul 25 17:45:08 ubuntu devstack@g-api.service[151238]: DEBUG glance.api.middleware.version_negotiation [None req-df96414a-62fb-4cb5-8d1d-20f7cf6bb728 admin admin] Determining version of request: GET / Accept: application/json {{(pid=151238) process_request /opt/stack/glance/glance/api/middleware/version_negotiation.py:44}}
Jul 25 17:45:08 ubuntu devstack@g-api.service[151238]: DEBUG glance.api.middleware.version_negotiation [None req-df96414a-62fb-4cb5-8d1d-20f7cf6bb728 admin admin] Using url versioning {{(pid=151238) process_request /opt/stack/glance/glance/api/middleware/version_negotiation.py:57}}
Jul 25 17:45:08 ubuntu devstack@g-api.service[151238]: DEBUG glance.api.middleware.version_negotiation [None req-df96414a-62fb-4cb5-8d1d-20f7cf6bb728 admin admin] Unknown version. Returning version choices. {{(pid=151238) process_request /opt/stack/glance/glance/api/middleware/version_negotiation.py:64}}
Jul 25 17:45:08 ubuntu devstack@g-api.service[151238]: [pid: 151238|app: 0|req: 10/18] 127.0.0.1 () {34 vars in 492 bytes} [Mon Jul 25 17:45:08 2022] GET / => generated 1323 bytes in 3 msecs (HTTP/1.1 300) 3 headers in 106 bytes (1 switches on core 0)
Jul 25 17:45:08 ubuntu devstack@g-api.service[151237]: DEBUG glance.api.middleware.version_negotiation [None req-cdb72fca-4945-4775-ba44-72f58e34f840 admin admin] Determining version of request: GET /v2/images/c1007cbc-3b91-410f-823d-024c70d67a75 Accept: */* {{(pid=151237) process_request /opt/stack/glance/glance/api/middleware/version_negotiation.py:44}}
Jul 25 17:45:08 ubuntu devstack@g-api.service[151237]: DEBUG glance.api.middleware.version_negotiation [None req-cdb72fca-4945-4775-ba44-72f58e34f840 admin admin] Using url versioning {{(pid=151237) process_request /opt/stack/glance/glance/api/middleware/version_negotiation.py:57}}
Jul 25 17:45:08 ubuntu devstack@g-api.service[151237]: DEBUG glance.api.middleware.version_negotiation [None req-cdb72fca-4945-4775-ba44-72f58e34f840 admin admin] Matched version: v2 {{(pid=151237) process_request /opt/stack/glance/glance/api/middleware/version_negotiation.py:69}}
Jul 25 17:45:08 ubuntu devstack@g-api.service[151237]: DEBUG glance.api.middleware.version_negotiation [None req-cdb72fca-4945-4775-ba44-72f58e34f840 admin admin] new path /v2/images/c1007cbc-3b91-410f-823d-024c70d67a75 {{(pid=151237) process_request /opt/stack/glance/glance/api/middleware/version_negotiation.py:70}}
Jul 25 17:45:08 ubuntu devstack@g-api.service[151237]: WARNING keystonemiddleware.auth_token [None req-cdb72fca-4945-4775-ba44-72f58e34f840 admin admin] A valid token was submitted as a service token, but it was not a valid service token. This is incorrect but backwards compatible behaviour. This will be removed in future releases.
Jul 25 17:45:08 ubuntu devstack@g-api.service[151237]: [pid: 151237|app: 0|req: 9/19] 127.0.0.1 () {42 vars in 1049 bytes} [Mon Jul 25 17:45:08 2022] GET /v2/images/c1007cbc-3b91-410f-823d-024c70d67a75 => generated 976 bytes in 102 msecs (HTTP/1.1 200) 4 headers in 157 bytes (1 switches on core 0)
Jul 25 17:45:08 ubuntu devstack@g-api.service[151238]: DEBUG glance.api.middleware.version_negotiation [None req-df96414a-62fb-4cb5-8d1d-20f7cf6bb728 admin admin] Determining version of request: GET /v2/schemas/image Accept: */* {{(pid=151238) process_request /opt/stack/glance/glance/api/middleware/version_negotiation.py:44}}
Jul 25 17:45:08 ubuntu devstack@g-api.service[151238]: DEBUG glance.api.middleware.version_negotiation [None req-df96414a-62fb-4cb5-8d1d-20f7cf6bb728 admin admin] Using url versioning {{(pid=151238) process_request /opt/stack/glance/glance/api/middleware/version_negotiation.py:57}}
Jul 25 17:45:08 ubuntu devstack@g-api.service[151238]: DEBUG glance.api.middleware.version_negotiation [None req-df96414a-62fb-4cb5-8d1d-20f7cf6bb728 admin admin] Matched version: v2 {{(pid=151238) process_request /opt/stack/glance/glance/api/middleware/version_negotiation.py:69}}
Jul 25 17:45:08 ubuntu devstack@g-api.service[151238]: DEBUG glance.api.middleware.version_negotiation [None req-df96414a-62fb-4cb5-8d1d-20f7cf6bb728 admin admin] new path /v2/schemas/image {{(pid=151238) process_request /opt/stack/glance/glance/api/middleware/version_negotiation.py:70}}
Jul 25 17:45:08 ubuntu devstack@g-api.service[151238]: WARNING keystonemiddleware.auth_token [None req-df96414a-62fb-4cb5-8d1d-20f7cf6bb728 admin admin] A valid token was submitted as a service token, but it was not a valid service token. This is incorrect but backwards compatible behaviour. This will be removed in future releases.
Jul 25 17:45:08 ubuntu devstack@g-api.service[151238]: [pid: 151238|app: 0|req: 11/20] 127.0.0.1 () {42 vars in 989 bytes} [Mon Jul 25 17:45:08 2022] GET /v2/schemas/image => generated 6083 bytes in 8 msecs (HTTP/1.1 200) 4 headers in 158 bytes (1 switches on core 0)
Jul 25 17:45:10 ubuntu devstack@g-api.service[151237]: DEBUG glance.api.middleware.version_negotiation [None req-8ddb8fc0-494a-4814-a537-22fae5a1ba7c tempest-VolumesAdminNegativeTest-1440510907 tempest-VolumesAdminNegativeTest-1440510907-project] Determining version of request: GET /v2/images/c1007cbc-3b91-410f-823d-024c70d67a75 Accept: */* {{(pid=151237) process_request /opt/stack/glance/glance/api/middleware/version_negotiation.py:44}}
Jul 25 17:45:10 ubuntu devstack@g-api.service[151237]: DEBUG glance.api.middleware.version_negotiation [None req-8ddb8fc0-494a-4814-a537-22fae5a1ba7c tempest-VolumesAdminNegativeTest-1440510907 tempest-VolumesAdminNegativeTest-1440510907-project] Using url versioning {{(pid=151237) process_request /opt/stack/glance/glance/api/middleware/version_negotiation.py:57}}
Jul 25 17:45:10 ubuntu devstack@g-api.service[151237]: DEBUG glance.api.middleware.version_negotiation [None req-8ddb8fc0-494a-4814-a537-22fae5a1ba7c tempest-VolumesAdminNegativeTest-1440510907 tempest-VolumesAdminNegativeTest-1440510907-project] Matched version: v2 {{(pid=151237) process_request /opt/stack/glance/glance/api/middleware/version_negotiation.py:69}}
Jul 25 17:45:10 ubuntu devstack@g-api.service[151237]: DEBUG glance.api.middleware.version_negotiation [None req-8ddb8fc0-494a-4814-a537-22fae5a1ba7c tempest-VolumesAdminNegativeTest-1440510907 tempest-VolumesAdminNegativeTest-1440510907-project] new path /v2/images/c1007cbc-3b91-410f-823d-024c70d67a75 {{(pid=151237) process_request /opt/stack/glance/glance/api/middleware/version_negotiation.py:70}}
Jul 25 17:45:10 ubuntu devstack@g-api.service[151237]: [pid: 151237|app: 0|req: 10/21] 127.0.0.1 () {42 vars in 1049 bytes} [Mon Jul 25 17:45:10 2022] GET /v2/images/c1007cbc-3b91-410f-823d-024c70d67a75 => generated 976 bytes in 16 msecs (HTTP/1.1 200) 4 headers in 157 bytes (1 switches on core 0)
Jul 25 17:45:10 ubuntu devstack@g-api.service[151238]: DEBUG glance.api.middleware.version_negotiation [None req-8ddb8fc0-494a-4814-a537-22fae5a1ba7c tempest-VolumesAdminNegativeTest-1440510907 tempest-VolumesAdminNegativeTest-1440510907-project] Determining version of request: GET /v2/images/c1007cbc-3b91-410f-823d-024c70d67a75/file Accept: */* {{(pid=151238) process_request /opt/stack/glance/glance/api/middleware/version_negotiation.py:44}}
Jul 25 17:45:10 ubuntu devstack@g-api.service[151238]: DEBUG glance.api.middleware.version_negotiation [None req-8ddb8fc0-494a-4814-a537-22fae5a1ba7c tempest-VolumesAdminNegativeTest-1440510907 tempest-VolumesAdminNegativeTest-1440510907-project] Using url versioning {{(pid=151238) process_request /opt/stack/glance/glance/api/middleware/version_negotiation.py:57}}
Jul 25 17:45:10 ubuntu devstack@g-api.service[151238]: DEBUG glance.api.middleware.version_negotiation [None req-8ddb8fc0-494a-4814-a537-22fae5a1ba7c tempest-VolumesAdminNegativeTest-1440510907 tempest-VolumesAdminNegativeTest-1440510907-project] Matched version: v2 {{(pid=151238) process_request /opt/stack/glance/glance/api/middleware/version_negotiation.py:69}}
Jul 25 17:45:10 ubuntu devstack@g-api.service[151238]: DEBUG glance.api.middleware.version_negotiation [None req-8ddb8fc0-494a-4814-a537-22fae5a1ba7c tempest-VolumesAdminNegativeTest-1440510907 tempest-VolumesAdminNegativeTest-1440510907-project] new path /v2/images/c1007cbc-3b91-410f-823d-024c70d67a75/file {{(pid=151238) process_request /opt/stack/glance/glance/api/middleware/version_negotiation.py:70}}
Jul 25 17:45:10 ubuntu devstack@g-api.service[151238]: DEBUG glance_store.backend [None req-8ddb8fc0-494a-4814-a537-22fae5a1ba7c tempest-VolumesAdminNegativeTest-1440510907 tempest-VolumesAdminNegativeTest-1440510907-project] Attempting to import store swift {{(pid=151238) _load_store /usr/local/lib/python3.8/dist-packages/glance_store/backend.py:216}}
Jul 25 17:45:10 ubuntu devstack@g-api.service[151238]: DEBUG glance_store.capabilities [None req-8ddb8fc0-494a-4814-a537-22fae5a1ba7c tempest-VolumesAdminNegativeTest-1440510907 tempest-VolumesAdminNegativeTest-1440510907-project] Store glance_store._drivers.swift.store.SingleTenantStore doesn't support updating dynamic storage capabilities. Please overwrite 'update_capabilities' method of the store to implement updating logics if needed. {{(pid=151238) update_capabilities /usr/local/lib/python3.8/dist-packages/glance_store/capabilities.py:91}}
Jul 25 17:45:10 ubuntu devstack@g-api.service[151238]: DEBUG glance_store.driver [None req-8ddb8fc0-494a-4814-a537-22fae5a1ba7c tempest-VolumesAdminNegativeTest-1440510907 tempest-VolumesAdminNegativeTest-1440510907-project] Late loading location class glance_store._drivers.swift.store.StoreLocation {{(pid=151238) get_store_location_class /usr/local/lib/python3.8/dist-packages/glance_store/driver.py:116}}
Jul 25 17:45:10 ubuntu devstack@g-api.service[151238]: DEBUG glance_store.location [None req-8ddb8fc0-494a-4814-a537-22fae5a1ba7c tempest-VolumesAdminNegativeTest-1440510907 tempest-VolumesAdminNegativeTest-1440510907-project] Registering scheme swift+https with {'store': <glance_store._drivers.swift.store.SingleTenantStore object at 0x7f2d7e695550>, 'location_class': <class 'glance_store._drivers.swift.store.StoreLocation'>, 'store_entry': 'swift'} {{(pid=151238) register_scheme_map /usr/local/lib/python3.8/dist-packages/glance_store/location.py:146}}
Jul 25 17:45:10 ubuntu devstack@g-api.service[151238]: DEBUG glance_store.location [None req-8ddb8fc0-494a-4814-a537-22fae5a1ba7c tempest-VolumesAdminNegativeTest-1440510907 tempest-VolumesAdminNegativeTest-1440510907-project] Registering scheme swift+https with {'store': <glance_store._drivers.swift.store.SingleTenantStore object at 0x7f2d7e695550>, 'location_class': <class 'glance_store._drivers.swift.store.StoreLocation'>, 'store_entry': 'swift'} {{(pid=151238) register_scheme_map /usr/local/lib/python3.8/dist-packages/glance_store/location.py:146}}
Jul 25 17:45:10 ubuntu devstack@g-api.service[151238]: DEBUG glance_store.location [None req-8ddb8fc0-494a-4814-a537-22fae5a1ba7c tempest-VolumesAdminNegativeTest-1440510907 tempest-VolumesAdminNegativeTest-1440510907-project] Registering scheme swift with {'store': <glance_store._drivers.swift.store.SingleTenantStore object at 0x7f2d7e695550>, 'location_class': <class 'glance_store._drivers.swift.store.StoreLocation'>, 'store_entry': 'swift'} {{(pid=151238) register_scheme_map /usr/local/lib/python3.8/dist-packages/glance_store/location.py:146}}
Jul 25 17:45:10 ubuntu devstack@g-api.service[151238]: DEBUG glance_store.location [None req-8ddb8fc0-494a-4814-a537-22fae5a1ba7c tempest-VolumesAdminNegativeTest-1440510907 tempest-VolumesAdminNegativeTest-1440510907-project] Registering scheme swift+https with {'store': <glance_store._drivers.swift.store.SingleTenantStore object at 0x7f2d7e695550>, 'location_class': <class 'glance_store._drivers.swift.store.StoreLocation'>, 'store_entry': 'swift'} {{(pid=151238) register_scheme_map /usr/local/lib/python3.8/dist-packages/glance_store/location.py:146}}
Jul 25 17:45:10 ubuntu devstack@g-api.service[151238]: DEBUG glance_store.location [None req-8ddb8fc0-494a-4814-a537-22fae5a1ba7c tempest-VolumesAdminNegativeTest-1440510907 tempest-VolumesAdminNegativeTest-1440510907-project] Registering scheme swift with {'store': <glance_store._drivers.swift.store.SingleTenantStore object at 0x7f2d7e695550>, 'location_class': <class 'glance_store._drivers.swift.store.StoreLocation'>, 'store_entry': 'swift'} {{(pid=151238) register_scheme_map /usr/local/lib/python3.8/dist-packages/glance_store/location.py:146}}
Jul 25 17:45:10 ubuntu devstack@g-api.service[151238]: DEBUG glance_store.location [None req-8ddb8fc0-494a-4814-a537-22fae5a1ba7c tempest-VolumesAdminNegativeTest-1440510907 tempest-VolumesAdminNegativeTest-1440510907-project] Registering scheme swift+http with {'store': <glance_store._drivers.swift.store.SingleTenantStore object at 0x7f2d7e695550>, 'location_class': <class 'glance_store._drivers.swift.store.StoreLocation'>, 'store_entry': 'swift'} {{(pid=151238) register_scheme_map /usr/local/lib/python3.8/dist-packages/glance_store/location.py:146}}
Jul 25 17:45:10 ubuntu devstack@g-api.service[151238]: DEBUG glance_store.location [None req-8ddb8fc0-494a-4814-a537-22fae5a1ba7c tempest-VolumesAdminNegativeTest-1440510907 tempest-VolumesAdminNegativeTest-1440510907-project] Registering scheme swift+https with {'store': <glance_store._drivers.swift.store.SingleTenantStore object at 0x7f2d7e695550>, 'location_class': <class 'glance_store._drivers.swift.store.StoreLocation'>, 'store_entry': 'swift'} {{(pid=151238) register_scheme_map /usr/local/lib/python3.8/dist-packages/glance_store/location.py:146}}
Jul 25 17:45:10 ubuntu devstack@g-api.service[151238]: DEBUG glance_store.location [None req-8ddb8fc0-494a-4814-a537-22fae5a1ba7c tempest-VolumesAdminNegativeTest-1440510907 tempest-VolumesAdminNegativeTest-1440510907-project] Registering scheme swift with {'store': <glance_store._drivers.swift.store.SingleTenantStore object at 0x7f2d7e695550>, 'location_class': <class 'glance_store._drivers.swift.store.StoreLocation'>, 'store_entry': 'swift'} {{(pid=151238) register_scheme_map /usr/local/lib/python3.8/dist-packages/glance_store/location.py:146}}
Jul 25 17:45:10 ubuntu devstack@g-api.service[151238]: DEBUG glance_store.location [None req-8ddb8fc0-494a-4814-a537-22fae5a1ba7c tempest-VolumesAdminNegativeTest-1440510907 tempest-VolumesAdminNegativeTest-1440510907-project] Registering scheme swift+http with {'store': <glance_store._drivers.swift.store.SingleTenantStore object at 0x7f2d7e695550>, 'location_class': <class 'glance_store._drivers.swift.store.StoreLocation'>, 'store_entry': 'swift'} {{(pid=151238) register_scheme_map /usr/local/lib/python3.8/dist-packages/glance_store/location.py:146}}
Jul 25 17:45:10 ubuntu devstack@g-api.service[151238]: DEBUG glance_store.location [None req-8ddb8fc0-494a-4814-a537-22fae5a1ba7c tempest-VolumesAdminNegativeTest-1440510907 tempest-VolumesAdminNegativeTest-1440510907-project] Registering scheme swift+config with {'store': <glance_store._drivers.swift.store.SingleTenantStore object at 0x7f2d7e695550>, 'location_class': <class 'glance_store._drivers.swift.store.StoreLocation'>, 'store_entry': 'swift'} {{(pid=151238) register_scheme_map /usr/local/lib/python3.8/dist-packages/glance_store/location.py:146}}
Jul 25 17:45:11 ubuntu devstack@g-api.service[151238]: DEBUG swiftclient [None req-8ddb8fc0-494a-4814-a537-22fae5a1ba7c tempest-VolumesAdminNegativeTest-1440510907 tempest-VolumesAdminNegativeTest-1440510907-project] REQ: curl -i http://192.168.79.44:8080/v1/AUTH_73d95896226147adb919188f665599ee/glance/c1007cbc-3b91-410f-823d-024c70d67a75 -X GET -H "X-Auth-Token: gAAAAABi3tam2Qvn..." {{(pid=151238) http_log /usr/local/lib/python3.8/dist-packages/swiftclient/client.py:157}}
Jul 25 17:45:11 ubuntu devstack@g-api.service[151238]: DEBUG swiftclient [None req-8ddb8fc0-494a-4814-a537-22fae5a1ba7c tempest-VolumesAdminNegativeTest-1440510907 tempest-VolumesAdminNegativeTest-1440510907-project] RESP STATUS: 200 OK {{(pid=151238) http_log /usr/local/lib/python3.8/dist-packages/swiftclient/client.py:158}}
Jul 25 17:45:11 ubuntu devstack@g-api.service[151238]: DEBUG swiftclient [None req-8ddb8fc0-494a-4814-a537-22fae5a1ba7c tempest-VolumesAdminNegativeTest-1440510907 tempest-VolumesAdminNegativeTest-1440510907-project] RESP HEADERS: {'Content-Type': 'application/octet-stream', 'Etag': '1d3062cd89af34e419f7100277f38b2b', 'Last-Modified': 'Mon, 25 Jul 2022 17:39:34 GMT', 'X-Timestamp': '1658770773.92203', 'Accept-Ranges': 'bytes', 'Content-Length': '16338944', 'X-Trans-Id': 'tx3ebe9081ab6e48a88a7dd-0062ded6a6', 'X-Openstack-Request-Id': 'tx3ebe9081ab6e48a88a7dd-0062ded6a6', 'Date': 'Mon, 25 Jul 2022 17:45:11 GMT'} {{(pid=151238) http_log /usr/local/lib/python3.8/dist-packages/swiftclient/client.py:159}}
Jul 25 17:45:11 ubuntu devstack@g-api.service[151238]: DEBUG glance.image_cache [None req-8ddb8fc0-494a-4814-a537-22fae5a1ba7c tempest-VolumesAdminNegativeTest-1440510907 tempest-VolumesAdminNegativeTest-1440510907-project] Tee'ing image 'c1007cbc-3b91-410f-823d-024c70d67a75' into cache {{(pid=151238) get_caching_iter /opt/stack/glance/glance/image_cache/__init__.py:343}}
Jul 25 17:45:11 ubuntu devstack@g-api.service[151238]: DEBUG glance.image_cache.drivers.sqlite [None req-8ddb8fc0-494a-4814-a537-22fae5a1ba7c tempest-VolumesAdminNegativeTest-1440510907 tempest-VolumesAdminNegativeTest-1440510907-project] Fetch finished, moving '/opt/stack/data/glance/cache/incomplete/c1007cbc-3b91-410f-823d-024c70d67a75' to '/opt/stack/data/glance/cache/c1007cbc-3b91-410f-823d-024c70d67a75' {{(pid=151238) commit /opt/stack/glance/glance/image_cache/drivers/sqlite.py:324}}
Jul 25 17:45:11 ubuntu devstack@g-api.service[151238]: [pid: 151238|app: 0|req: 12/22] 127.0.0.1 () {42 vars in 1059 bytes} [Mon Jul 25 17:45:10 2022] GET /v2/images/c1007cbc-3b91-410f-823d-024c70d67a75/file => generated 16338944 bytes in 479 msecs (HTTP/1.1 200) 4 headers in 191 bytes (250 switches on core 0)
Jul 25 17:45:20 ubuntu devstack@g-api.service[151237]: DEBUG dbcounter [-] [151237] Writing DB stats glance:SELECT=8 {{(pid=151237) stat_writer /usr/local/lib/python3.8/dist-packages/dbcounter.py:114}}
Jul 25 17:45:21 ubuntu devstack@g-api.service[151238]: DEBUG dbcounter [-] [151238] Writing DB stats glance:SELECT=8 {{(pid=151238) stat_writer /usr/local/lib/python3.8/dist-packages/dbcounter.py:114}}
Jul 25 17:45:40 ubuntu devstack@g-api.service[151237]: DEBUG glance.api.middleware.version_negotiation [None req-8ddb8fc0-494a-4814-a537-22fae5a1ba7c tempest-VolumesAdminNegativeTest-1440510907 tempest-VolumesAdminNegativeTest-1440510907-project] Determining version of request: GET / Accept: application/json {{(pid=151237) process_request /opt/stack/glance/glance/api/middleware/version_negotiation.py:44}}
Jul 25 17:45:40 ubuntu devstack@g-api.service[151237]: DEBUG glance.api.middleware.version_negotiation [None req-8ddb8fc0-494a-4814-a537-22fae5a1ba7c tempest-VolumesAdminNegativeTest-1440510907 tempest-VolumesAdminNegativeTest-1440510907-project] Using url versioning {{(pid=151237) process_request /opt/stack/glance/glance/api/middleware/version_negotiation.py:57}}
Jul 25 17:45:40 ubuntu devstack@g-api.service[151237]: DEBUG glance.api.middleware.version_negotiation [None req-8ddb8fc0-494a-4814-a537-22fae5a1ba7c tempest-VolumesAdminNegativeTest-1440510907 tempest-VolumesAdminNegativeTest-1440510907-project] Unknown version. Returning version choices. {{(pid=151237) process_request /opt/stack/glance/glance/api/middleware/version_negotiation.py:64}}
Jul 25 17:45:40 ubuntu devstack@g-api.service[151237]: [pid: 151237|app: 0|req: 11/23] 127.0.0.1 () {34 vars in 492 bytes} [Mon Jul 25 17:45:40 2022] GET / => generated 1323 bytes in 2 msecs (HTTP/1.1 300) 3 headers in 106 bytes (1 switches on core 0)
Jul 25 17:45:40 ubuntu devstack@g-api.service[151238]: DEBUG glance.api.middleware.version_negotiation [None req-8ddb8fc0-494a-4814-a537-22fae5a1ba7c tempest-VolumesAdminNegativeTest-1440510907 tempest-VolumesAdminNegativeTest-1440510907-project] Determining version of request: GET /v2/images/c1007cbc-3b91-410f-823d-024c70d67a75 Accept: */* {{(pid=151238) process_request /opt/stack/glance/glance/api/middleware/version_negotiation.py:44}}
Jul 25 17:45:40 ubuntu devstack@g-api.service[151238]: DEBUG glance.api.middleware.version_negotiation [None req-8ddb8fc0-494a-4814-a537-22fae5a1ba7c tempest-VolumesAdminNegativeTest-1440510907 tempest-VolumesAdminNegativeTest-1440510907-project] Using url versioning {{(pid=151238) process_request /opt/stack/glance/glance/api/middleware/version_negotiation.py:57}}
Jul 25 17:45:40 ubuntu devstack@g-api.service[151238]: DEBUG glance.api.middleware.version_negotiation [None req-8ddb8fc0-494a-4814-a537-22fae5a1ba7c tempest-VolumesAdminNegativeTest-1440510907 tempest-VolumesAdminNegativeTest-1440510907-project] Matched version: v2 {{(pid=151238) process_request /opt/stack/glance/glance/api/middleware/version_negotiation.py:69}}
Jul 25 17:45:40 ubuntu devstack@g-api.service[151238]: DEBUG glance.api.middleware.version_negotiation [None req-8ddb8fc0-494a-4814-a537-22fae5a1ba7c tempest-VolumesAdminNegativeTest-1440510907 tempest-VolumesAdminNegativeTest-1440510907-project] new path /v2/images/c1007cbc-3b91-410f-823d-024c70d67a75 {{(pid=151238) process_request /opt/stack/glance/glance/api/middleware/version_negotiation.py:70}}
Jul 25 17:45:40 ubuntu devstack@g-api.service[151238]: [pid: 151238|app: 0|req: 13/24] 127.0.0.1 () {42 vars in 1049 bytes} [Mon Jul 25 17:45:40 2022] GET /v2/images/c1007cbc-3b91-410f-823d-024c70d67a75 => generated 976 bytes in 21 msecs (HTTP/1.1 200) 4 headers in 157 bytes (1 switches on core 0)
Jul 25 17:45:40 ubuntu devstack@g-api.service[151237]: DEBUG glance.api.middleware.version_negotiation [None req-8ddb8fc0-494a-4814-a537-22fae5a1ba7c tempest-VolumesAdminNegativeTest-1440510907 tempest-VolumesAdminNegativeTest-1440510907-project] Determining version of request: GET /v2/schemas/image Accept: */* {{(pid=151237) process_request /opt/stack/glance/glance/api/middleware/version_negotiation.py:44}}
Jul 25 17:45:40 ubuntu devstack@g-api.service[151237]: DEBUG glance.api.middleware.version_negotiation [None req-8ddb8fc0-494a-4814-a537-22fae5a1ba7c tempest-VolumesAdminNegativeTest-1440510907 tempest-VolumesAdminNegativeTest-1440510907-project] Using url versioning {{(pid=151237) process_request /opt/stack/glance/glance/api/middleware/version_negotiation.py:57}}
Jul 25 17:45:40 ubuntu devstack@g-api.service[151237]: DEBUG glance.api.middleware.version_negotiation [None req-8ddb8fc0-494a-4814-a537-22fae5a1ba7c tempest-VolumesAdminNegativeTest-1440510907 tempest-VolumesAdminNegativeTest-1440510907-project] Matched version: v2 {{(pid=151237) process_request /opt/stack/glance/glance/api/middleware/version_negotiation.py:69}}
Jul 25 17:45:40 ubuntu devstack@g-api.service[151237]: DEBUG glance.api.middleware.version_negotiation [None req-8ddb8fc0-494a-4814-a537-22fae5a1ba7c tempest-VolumesAdminNegativeTest-1440510907 tempest-VolumesAdminNegativeTest-1440510907-project] new path /v2/schemas/image {{(pid=151237) process_request /opt/stack/glance/glance/api/middleware/version_negotiation.py:70}}
Jul 25 17:45:40 ubuntu devstack@g-api.service[151237]: [pid: 151237|app: 0|req: 12/25] 127.0.0.1 () {42 vars in 989 bytes} [Mon Jul 25 17:45:40 2022] GET /v2/schemas/image => generated 6083 bytes in 7 msecs (HTTP/1.1 200) 4 headers in 158 bytes (1 switches on core 0)
Jul 25 17:45:50 ubuntu devstack@g-api.service[151238]: DEBUG dbcounter [-] [151238] Writing DB stats glance:SELECT=4 {{(pid=151238) stat_writer /usr/local/lib/python3.8/dist-packages/dbcounter.py:114}}
Jul 25 17:46:10 ubuntu devstack@g-api.service[151238]: DEBUG glance.api.middleware.version_negotiation [None req-5d5551de-f9ee-47f8-8edc-96a6164f751d tempest-DeleteServersTestJSON-493811542 tempest-DeleteServersTestJSON-493811542-project] Determining version of request: GET /v2/images/c1007cbc-3b91-410f-823d-024c70d67a75 Accept: */* {{(pid=151238) process_request /opt/stack/glance/glance/api/middleware/version_negotiation.py:44}}
Jul 25 17:46:10 ubuntu devstack@g-api.service[151238]: DEBUG glance.api.middleware.version_negotiation [None req-5d5551de-f9ee-47f8-8edc-96a6164f751d tempest-DeleteServersTestJSON-493811542 tempest-DeleteServersTestJSON-493811542-project] Using url versioning {{(pid=151238) process_request /opt/stack/glance/glance/api/middleware/version_negotiation.py:57}}
Jul 25 17:46:10 ubuntu devstack@g-api.service[151238]: DEBUG glance.api.middleware.version_negotiation [None req-5d5551de-f9ee-47f8-8edc-96a6164f751d tempest-DeleteServersTestJSON-493811542 tempest-DeleteServersTestJSON-493811542-project] Matched version: v2 {{(pid=151238) process_request /opt/stack/glance/glance/api/middleware/version_negotiation.py:69}}
Jul 25 17:46:10 ubuntu devstack@g-api.service[151238]: DEBUG glance.api.middleware.version_negotiation [None req-5d5551de-f9ee-47f8-8edc-96a6164f751d tempest-DeleteServersTestJSON-493811542 tempest-DeleteServersTestJSON-493811542-project] new path /v2/images/c1007cbc-3b91-410f-823d-024c70d67a75 {{(pid=151238) process_request /opt/stack/glance/glance/api/middleware/version_negotiation.py:70}}
Jul 25 17:46:10 ubuntu devstack@g-api.service[151238]: [pid: 151238|app: 0|req: 14/26] 127.0.0.1 () {42 vars in 1049 bytes} [Mon Jul 25 17:46:10 2022] GET /v2/images/c1007cbc-3b91-410f-823d-024c70d67a75 => generated 976 bytes in 24 msecs (HTTP/1.1 200) 4 headers in 157 bytes (1 switches on core 0)
