Aug 30 20:52:42 ubuntu neutron-server[120656]: DEBUG neutron.api.extensions [None req-61360e53-84ce-4b66-bd3f-a4dde95b1eaf None None] Loading extension file: timestamp.py {{(pid=120656) _load_all_extensions_from_path /opt/stack/neutron/neutron/api/extensions.py:450}}
Aug 30 20:52:42 ubuntu neutron-server[120656]: DEBUG neutron.api.extensions [None req-61360e53-84ce-4b66-bd3f-a4dde95b1eaf None None] Ext name="Resource timestamps" alias="standard-attr-timestamp" description="Adds created_at and updated_at fields to all Neutron resources that have Neutron standard attributes." updated="2016-09-12T10:00:00-00:00" {{(pid=120656) _check_extension /opt/stack/neutron/neutron/api/extensions.py:416}}
Aug 30 20:52:42 ubuntu neutron-server[120656]: INFO neutron.api.extensions [None req-61360e53-84ce-4b66-bd3f-a4dde95b1eaf None None] Loaded extension: standard-attr-timestamp
Aug 30 20:52:42 ubuntu neutron-server[120656]: DEBUG neutron.api.extensions [None req-61360e53-84ce-4b66-bd3f-a4dde95b1eaf None None] Loading extension file: trunk.py {{(pid=120656) _load_all_extensions_from_path /opt/stack/neutron/neutron/api/extensions.py:450}}
Aug 30 20:52:42 ubuntu neutron-server[120656]: DEBUG neutron.api.extensions [None req-61360e53-84ce-4b66-bd3f-a4dde95b1eaf None None] Ext name="Trunk Extension" alias="trunk" description="Provides support for trunk ports" updated="2016-01-01T10:00:00-00:00" {{(pid=120656) _check_extension /opt/stack/neutron/neutron/api/extensions.py:416}}
Aug 30 20:52:42 ubuntu neutron-server[120656]: INFO neutron.api.extensions [None req-61360e53-84ce-4b66-bd3f-a4dde95b1eaf None None] Extension trunk not supported by any of loaded plugins
Aug 30 20:52:42 ubuntu neutron-server[120656]: DEBUG neutron.api.extensions [None req-61360e53-84ce-4b66-bd3f-a4dde95b1eaf None None] Loading extension file: trunk_details.py {{(pid=120656) _load_all_extensions_from_path /opt/stack/neutron/neutron/api/extensions.py:450}}
Aug 30 20:52:42 ubuntu neutron-server[120656]: DEBUG neutron.api.extensions [None req-61360e53-84ce-4b66-bd3f-a4dde95b1eaf None None] Ext name="Trunk port details" alias="trunk-details" description="Expose trunk port details" updated="2016-01-01T10:00:00-00:00" {{(pid=120656) _check_extension /opt/stack/neutron/neutron/api/extensions.py:416}}
Aug 30 20:52:42 ubuntu neutron-server[120656]: INFO neutron.api.extensions [None req-61360e53-84ce-4b66-bd3f-a4dde95b1eaf None None] Extension trunk-details not supported by any of loaded plugins
Aug 30 20:52:42 ubuntu neutron-server[120656]: DEBUG neutron.api.extensions [None req-61360e53-84ce-4b66-bd3f-a4dde95b1eaf None None] Loading extension file: uplink_status_propagation.py {{(pid=120656) _load_all_extensions_from_path /opt/stack/neutron/neutron/api/extensions.py:450}}
Aug 30 20:52:42 ubuntu neutron-server[120656]: DEBUG neutron.api.extensions [None req-61360e53-84ce-4b66-bd3f-a4dde95b1eaf None None] Ext name="Uplink status propagation extension" alias="uplink-status-propagation" description="Provides ability to propagate port uplink status." updated="2018-05-31T18:00:00-00:00" {{(pid=120656) _check_extension /opt/stack/neutron/neutron/api/extensions.py:416}}
Aug 30 20:52:42 ubuntu neutron-server[120656]: INFO neutron.api.extensions [None req-61360e53-84ce-4b66-bd3f-a4dde95b1eaf None None] Extension uplink-status-propagation not supported by any of loaded plugins
Aug 30 20:52:42 ubuntu neutron-server[120656]: DEBUG neutron.api.extensions [None req-61360e53-84ce-4b66-bd3f-a4dde95b1eaf None None] Loading extension file: vlantransparent.py {{(pid=120656) _load_all_extensions_from_path /opt/stack/neutron/neutron/api/extensions.py:450}}
Aug 30 20:52:42 ubuntu neutron-server[120656]: DEBUG neutron.api.extensions [None req-61360e53-84ce-4b66-bd3f-a4dde95b1eaf None None] Ext name="Vlantransparent" alias="vlan-transparent" description="Provides Vlan Transparent Networks" updated="2015-03-23T09:00:00-00:00" {{(pid=120656) _check_extension /opt/stack/neutron/neutron/api/extensions.py:416}}
Aug 30 20:52:42 ubuntu neutron-server[120656]: INFO neutron.api.extensions [None req-61360e53-84ce-4b66-bd3f-a4dde95b1eaf None None] Extension vlan-transparent not supported by any of loaded plugins
Aug 30 20:52:42 ubuntu neutron-server[120656]: INFO neutron.quota.resource_registry [None req-61360e53-84ce-4b66-bd3f-a4dde95b1eaf None None] Creating instance of TrackedResource for resource:network
Aug 30 20:52:42 ubuntu neutron-server[120656]: INFO neutron.quota.resource_registry [None req-61360e53-84ce-4b66-bd3f-a4dde95b1eaf None None] Creating instance of TrackedResource for resource:subnet
Aug 30 20:52:42 ubuntu neutron-server[120656]: INFO neutron.quota.resource_registry [None req-61360e53-84ce-4b66-bd3f-a4dde95b1eaf None None] Creating instance of TrackedResource for resource:subnetpool
Aug 30 20:52:42 ubuntu neutron-server[120656]: INFO neutron.quota.resource_registry [None req-61360e53-84ce-4b66-bd3f-a4dde95b1eaf None None] Creating instance of TrackedResource for resource:port
Aug 30 20:52:42 ubuntu neutron-server[120656]: DEBUG neutron.api.v2.resource_helper [None req-61360e53-84ce-4b66-bd3f-a4dde95b1eaf None None] Service FLAVORS assigned prefix:  {{(pid=120656) build_resource_info /opt/stack/neutron/neutron/api/v2/resource_helper.py:77}}
Aug 30 20:52:42 ubuntu neutron-server[120656]: DEBUG neutron.api.v2.resource_helper [None req-61360e53-84ce-4b66-bd3f-a4dde95b1eaf None None] Service L3_ROUTER_NAT assigned prefix:  {{(pid=120656) build_resource_info /opt/stack/neutron/neutron/api/v2/resource_helper.py:77}}
Aug 30 20:52:42 ubuntu neutron-server[120656]: DEBUG neutron.api.v2.resource_helper [None req-61360e53-84ce-4b66-bd3f-a4dde95b1eaf None None] Service L3_ROUTER_NAT assigned prefix:  {{(pid=120656) build_resource_info /opt/stack/neutron/neutron/api/v2/resource_helper.py:77}}
Aug 30 20:52:42 ubuntu neutron-server[120656]: INFO neutron.quota.resource_registry [None req-61360e53-84ce-4b66-bd3f-a4dde95b1eaf None None] Creating instance of TrackedResource for resource:router
Aug 30 20:52:42 ubuntu neutron-server[120656]: INFO neutron.quota.resource_registry [None req-61360e53-84ce-4b66-bd3f-a4dde95b1eaf None None] Creating instance of TrackedResource for resource:floatingip
Aug 30 20:52:42 ubuntu neutron-server[120656]: DEBUG neutron_lib.callbacks.manager [None req-61360e53-84ce-4b66-bd3f-a4dde95b1eaf None None] Subscribe: <bound method NeutronDbPluginV2.validate_network_rbac_policy_change of <neutron.services.network_ip_availability.plugin.NetworkIPAvailabilityPlugin object at 0x7fbd770c7550>> rbac-policy before_create 55550000 {{(pid=120656) subscribe /usr/local/lib/python3.8/dist-packages/neutron_lib/callbacks/manager.py:45}}
Aug 30 20:52:42 ubuntu neutron-server[120656]: DEBUG neutron_lib.callbacks.manager [None req-61360e53-84ce-4b66-bd3f-a4dde95b1eaf None None] Subscribe: <bound method NeutronDbPluginV2.validate_network_rbac_policy_change of <neutron.services.network_ip_availability.plugin.NetworkIPAvailabilityPlugin object at 0x7fbd770c7550>> rbac-policy before_update 55550000 {{(pid=120656) subscribe /usr/local/lib/python3.8/dist-packages/neutron_lib/callbacks/manager.py:45}}
Aug 30 20:52:42 ubuntu neutron-server[120656]: DEBUG neutron_lib.callbacks.manager [None req-61360e53-84ce-4b66-bd3f-a4dde95b1eaf None None] Subscribe: <bound method NeutronDbPluginV2.validate_network_rbac_policy_change of <neutron.services.network_ip_availability.plugin.NetworkIPAvailabilityPlugin object at 0x7fbd770c7550>> rbac-policy before_delete 55550000 {{(pid=120656) subscribe /usr/local/lib/python3.8/dist-packages/neutron_lib/callbacks/manager.py:45}}
Aug 30 20:52:42 ubuntu neutron-server[120656]: INFO neutron.quota.resource_registry [None req-61360e53-84ce-4b66-bd3f-a4dde95b1eaf None None] Creating instance of CountableResource for resource:rbac_policy
Aug 30 20:52:42 ubuntu neutron-server[120656]: INFO neutron.quota.resource_registry [None req-61360e53-84ce-4b66-bd3f-a4dde95b1eaf None None] Creating instance of TrackedResource for resource:security_group
Aug 30 20:52:42 ubuntu neutron-server[120656]: INFO neutron.quota.resource_registry [None req-61360e53-84ce-4b66-bd3f-a4dde95b1eaf None None] Creating instance of TrackedResource for resource:security_group_rule
Aug 30 20:52:42 ubuntu neutron-server[120656]: DEBUG neutron.api.v2.resource_helper [None req-61360e53-84ce-4b66-bd3f-a4dde95b1eaf None None] Service FLAVORS assigned prefix:  {{(pid=120656) build_resource_info /opt/stack/neutron/neutron/api/v2/resource_helper.py:77}}
Aug 30 20:52:42 ubuntu neutron-server[120656]: DEBUG neutron.api.v2.resource_helper [None req-61360e53-84ce-4b66-bd3f-a4dde95b1eaf None None] Service L3_ROUTER_NAT assigned prefix:  {{(pid=120656) build_resource_info /opt/stack/neutron/neutron/api/v2/resource_helper.py:77}}
Aug 30 20:52:42 ubuntu neutron-server[120656]: DEBUG neutron.api.v2.resource_helper [None req-61360e53-84ce-4b66-bd3f-a4dde95b1eaf None None] Service L3_ROUTER_NAT assigned prefix:  {{(pid=120656) build_resource_info /opt/stack/neutron/neutron/api/v2/resource_helper.py:77}}
Aug 30 20:52:42 ubuntu neutron-server[120656]: INFO neutron.quota.resource_registry [None req-61360e53-84ce-4b66-bd3f-a4dde95b1eaf None None] Creating instance of TrackedResource for resource:router
Aug 30 20:52:42 ubuntu neutron-server[120656]: WARNING neutron.quota.resource_registry [None req-61360e53-84ce-4b66-bd3f-a4dde95b1eaf None None] router is already registered
Aug 30 20:52:42 ubuntu neutron-server[120656]: INFO neutron.quota.resource_registry [None req-61360e53-84ce-4b66-bd3f-a4dde95b1eaf None None] Creating instance of TrackedResource for resource:floatingip
Aug 30 20:52:42 ubuntu neutron-server[120656]: WARNING neutron.quota.resource_registry [None req-61360e53-84ce-4b66-bd3f-a4dde95b1eaf None None] floatingip is already registered
Aug 30 20:52:42 ubuntu neutron-server[120656]: INFO neutron.quota.resource_registry [None req-61360e53-84ce-4b66-bd3f-a4dde95b1eaf None None] Creating instance of CountableResource for resource:rbac_policy
Aug 30 20:52:42 ubuntu neutron-server[120656]: WARNING neutron.quota.resource_registry [None req-61360e53-84ce-4b66-bd3f-a4dde95b1eaf None None] rbac_policy is already registered
Aug 30 20:52:42 ubuntu neutron-server[120656]: INFO neutron.quota.resource_registry [None req-61360e53-84ce-4b66-bd3f-a4dde95b1eaf None None] Creating instance of TrackedResource for resource:security_group
Aug 30 20:52:42 ubuntu neutron-server[120656]: WARNING neutron.quota.resource_registry [None req-61360e53-84ce-4b66-bd3f-a4dde95b1eaf None None] security_group is already registered
Aug 30 20:52:42 ubuntu neutron-server[120656]: INFO neutron.quota.resource_registry [None req-61360e53-84ce-4b66-bd3f-a4dde95b1eaf None None] Creating instance of TrackedResource for resource:security_group_rule
Aug 30 20:52:42 ubuntu neutron-server[120656]: WARNING neutron.quota.resource_registry [None req-61360e53-84ce-4b66-bd3f-a4dde95b1eaf None None] security_group_rule is already registered
Aug 30 20:52:42 ubuntu neutron-server[120656]: DEBUG neutron.api.extensions [None req-61360e53-84ce-4b66-bd3f-a4dde95b1eaf None None] Extended resource: extensions {{(pid=120656) __init__ /opt/stack/neutron/neutron/api/extensions.py:157}}
Aug 30 20:52:42 ubuntu neutron-server[120656]: DEBUG neutron.api.extensions [None req-61360e53-84ce-4b66-bd3f-a4dde95b1eaf None None] Extended resource: address-groups {{(pid=120656) __init__ /opt/stack/neutron/neutron/api/extensions.py:157}}
Aug 30 20:52:42 ubuntu neutron-server[120656]: DEBUG neutron.api.extensions [None req-61360e53-84ce-4b66-bd3f-a4dde95b1eaf None None] Extended resource: address-scopes {{(pid=120656) __init__ /opt/stack/neutron/neutron/api/extensions.py:157}}
Aug 30 20:52:42 ubuntu neutron-server[120656]: DEBUG neutron.api.extensions [None req-61360e53-84ce-4b66-bd3f-a4dde95b1eaf None None] Extended resource: agents {{(pid=120656) __init__ /opt/stack/neutron/neutron/api/extensions.py:157}}
Aug 30 20:52:42 ubuntu neutron-server[120656]: DEBUG neutron.api.extensions [None req-61360e53-84ce-4b66-bd3f-a4dde95b1eaf None None] Extended resource: auto-allocated-topology {{(pid=120656) __init__ /opt/stack/neutron/neutron/api/extensions.py:157}}
Aug 30 20:52:42 ubuntu neutron-server[120656]: DEBUG neutron.api.extensions [None req-61360e53-84ce-4b66-bd3f-a4dde95b1eaf None None] Extended resource: availability_zones {{(pid=120656) __init__ /opt/stack/neutron/neutron/api/extensions.py:157}}
Aug 30 20:52:42 ubuntu neutron-server[120656]: DEBUG neutron.api.extensions [None req-61360e53-84ce-4b66-bd3f-a4dde95b1eaf None None] Extended resource: flavors {{(pid=120656) __init__ /opt/stack/neutron/neutron/api/extensions.py:157}}
Aug 30 20:52:42 ubuntu neutron-server[120656]: DEBUG neutron.api.extensions [None req-61360e53-84ce-4b66-bd3f-a4dde95b1eaf None None] Extended resource: service_profiles {{(pid=120656) __init__ /opt/stack/neutron/neutron/api/extensions.py:157}}
Aug 30 20:52:42 ubuntu neutron-server[120656]: DEBUG neutron.api.extensions [None req-61360e53-84ce-4b66-bd3f-a4dde95b1eaf None None] Extended resource: next_providers {{(pid=120656) __init__ /opt/stack/neutron/neutron/api/extensions.py:157}}
Aug 30 20:52:42 ubuntu neutron-server[120656]: DEBUG neutron.api.extensions [None req-61360e53-84ce-4b66-bd3f-a4dde95b1eaf None None] Extended resource: service_profiles {{(pid=120656) __init__ /opt/stack/neutron/neutron/api/extensions.py:157}}
Aug 30 20:52:42 ubuntu neutron-server[120656]: DEBUG neutron.api.extensions [None req-61360e53-84ce-4b66-bd3f-a4dde95b1eaf None None] Extended resource: floatingip-pools {{(pid=120656) __init__ /opt/stack/neutron/neutron/api/extensions.py:157}}
Aug 30 20:52:42 ubuntu neutron-server[120656]: DEBUG neutron.api.extensions [None req-61360e53-84ce-4b66-bd3f-a4dde95b1eaf None None] Extended resource: routers {{(pid=120656) __init__ /opt/stack/neutron/neutron/api/extensions.py:157}}
Aug 30 20:52:42 ubuntu neutron-server[120656]: DEBUG neutron.api.extensions [None req-61360e53-84ce-4b66-bd3f-a4dde95b1eaf None None] Extended resource: floatingips {{(pid=120656) __init__ /opt/stack/neutron/neutron/api/extensions.py:157}}
Aug 30 20:52:42 ubuntu neutron-server[120656]: DEBUG neutron.api.extensions [None req-61360e53-84ce-4b66-bd3f-a4dde95b1eaf None None] Extended resource: network-ip-availabilities {{(pid=120656) __init__ /opt/stack/neutron/neutron/api/extensions.py:157}}
Aug 30 20:52:42 ubuntu neutron-server[120656]: DEBUG neutron.api.extensions [None req-61360e53-84ce-4b66-bd3f-a4dde95b1eaf None None] Extended resource: bindings {{(pid=120656) __init__ /opt/stack/neutron/neutron/api/extensions.py:157}}
Aug 30 20:52:42 ubuntu neutron-server[120656]: DEBUG neutron.api.extensions [None req-61360e53-84ce-4b66-bd3f-a4dde95b1eaf None None] Extended resource: quotas {{(pid=120656) __init__ /opt/stack/neutron/neutron/api/extensions.py:157}}
Aug 30 20:52:42 ubuntu neutron-server[120656]: DEBUG neutron.api.extensions [None req-61360e53-84ce-4b66-bd3f-a4dde95b1eaf None None] Extended resource: quotas {{(pid=120656) __init__ /opt/stack/neutron/neutron/api/extensions.py:157}}
Aug 30 20:52:42 ubuntu neutron-server[120656]: DEBUG neutron.api.extensions [None req-61360e53-84ce-4b66-bd3f-a4dde95b1eaf None None] Extended resource: rbac-policies {{(pid=120656) __init__ /opt/stack/neutron/neutron/api/extensions.py:157}}
Aug 30 20:52:42 ubuntu neutron-server[120656]: DEBUG neutron.api.extensions [None req-61360e53-84ce-4b66-bd3f-a4dde95b1eaf None None] Extended resource: security-groups {{(pid=120656) __init__ /opt/stack/neutron/neutron/api/extensions.py:157}}
Aug 30 20:52:42 ubuntu neutron-server[120656]: DEBUG neutron.api.extensions [None req-61360e53-84ce-4b66-bd3f-a4dde95b1eaf None None] Extended resource: security-group-rules {{(pid=120656) __init__ /opt/stack/neutron/neutron/api/extensions.py:157}}
Aug 30 20:52:42 ubuntu neutron-server[120656]: DEBUG neutron.api.extensions [None req-61360e53-84ce-4b66-bd3f-a4dde95b1eaf None None] Extended resource: service-providers {{(pid=120656) __init__ /opt/stack/neutron/neutron/api/extensions.py:157}}
Aug 30 20:52:42 ubuntu neutron-server[120656]: DEBUG neutron.api.extensions [None req-61360e53-84ce-4b66-bd3f-a4dde95b1eaf None None] Extended resource: tags {{(pid=120656) __init__ /opt/stack/neutron/neutron/api/extensions.py:157}}
Aug 30 20:52:42 ubuntu neutron-server[120656]: DEBUG neutron.api.extensions [None req-61360e53-84ce-4b66-bd3f-a4dde95b1eaf None None] Extended resource: tags {{(pid=120656) __init__ /opt/stack/neutron/neutron/api/extensions.py:157}}
Aug 30 20:52:42 ubuntu neutron-server[120656]: DEBUG neutron.api.extensions [None req-61360e53-84ce-4b66-bd3f-a4dde95b1eaf None None] Extended resource: tags {{(pid=120656) __init__ /opt/stack/neutron/neutron/api/extensions.py:157}}
Aug 30 20:52:42 ubuntu neutron-server[120656]: DEBUG neutron.api.extensions [None req-61360e53-84ce-4b66-bd3f-a4dde95b1eaf None None] Extended resource: tags {{(pid=120656) __init__ /opt/stack/neutron/neutron/api/extensions.py:157}}
Aug 30 20:52:42 ubuntu neutron-server[120656]: DEBUG neutron.api.extensions [None req-61360e53-84ce-4b66-bd3f-a4dde95b1eaf None None] Extended resource: tags {{(pid=120656) __init__ /opt/stack/neutron/neutron/api/extensions.py:157}}
Aug 30 20:52:42 ubuntu neutron-server[120656]: DEBUG neutron.api.extensions [None req-61360e53-84ce-4b66-bd3f-a4dde95b1eaf None None] Extended resource: tags {{(pid=120656) __init__ /opt/stack/neutron/neutron/api/extensions.py:157}}
Aug 30 20:52:42 ubuntu neutron-server[120656]: DEBUG neutron.api.extensions [None req-61360e53-84ce-4b66-bd3f-a4dde95b1eaf None None] Extended resource: tags {{(pid=120656) __init__ /opt/stack/neutron/neutron/api/extensions.py:157}}
Aug 30 20:52:42 ubuntu neutron-server[120656]: DEBUG neutron.api.extensions [None req-61360e53-84ce-4b66-bd3f-a4dde95b1eaf None None] Extended resource: tags {{(pid=120656) __init__ /opt/stack/neutron/neutron/api/extensions.py:157}}
Aug 30 20:52:42 ubuntu neutron-server[120656]: DEBUG neutron.api.extensions [None req-61360e53-84ce-4b66-bd3f-a4dde95b1eaf None None] Extended resource: tags {{(pid=120656) __init__ /opt/stack/neutron/neutron/api/extensions.py:157}}
Aug 30 20:52:42 ubuntu neutron-server[120656]: DEBUG neutron.api.extensions [None req-61360e53-84ce-4b66-bd3f-a4dde95b1eaf None None] Extended resource: tags {{(pid=120656) __init__ /opt/stack/neutron/neutron/api/extensions.py:157}}
Aug 30 20:52:42 ubuntu neutron-server[120656]: WARNING keystonemiddleware.auth_token [None req-61360e53-84ce-4b66-bd3f-a4dde95b1eaf None None] AuthToken middleware is set with keystone_authtoken.service_token_roles_required set to False. This is backwards compatible but deprecated behaviour. Please set this to True.
Aug 30 20:52:42 ubuntu neutron-server[120656]: WARNING keystonemiddleware.auth_token [None req-61360e53-84ce-4b66-bd3f-a4dde95b1eaf None None] Configuring www_authenticate_uri to point to the public identity endpoint is required; clients may not be able to authenticate against an admin endpoint
Aug 30 20:52:42 ubuntu neutron-server[120656]: DEBUG oslo_concurrency.lockutils [None req-61360e53-84ce-4b66-bd3f-a4dde95b1eaf None None] Acquiring lock "singleton_lock" {{(pid=120656) lock /usr/local/lib/python3.8/dist-packages/oslo_concurrency/lockutils.py:293}}
Aug 30 20:52:42 ubuntu neutron-server[120656]: DEBUG oslo_concurrency.lockutils [None req-61360e53-84ce-4b66-bd3f-a4dde95b1eaf None None] Acquired lock "singleton_lock" {{(pid=120656) lock /usr/local/lib/python3.8/dist-packages/oslo_concurrency/lockutils.py:296}}
Aug 30 20:52:42 ubuntu neutron-server[120656]: DEBUG oslo_concurrency.lockutils [None req-61360e53-84ce-4b66-bd3f-a4dde95b1eaf None None] Releasing lock "singleton_lock" {{(pid=120656) lock /usr/local/lib/python3.8/dist-packages/oslo_concurrency/lockutils.py:314}}
Aug 30 20:52:42 ubuntu neutron-server[120656]: INFO oslo_service.service [None req-61360e53-84ce-4b66-bd3f-a4dde95b1eaf None None] Starting 2 workers
Aug 30 20:52:42 ubuntu neutron-server[120656]: DEBUG oslo_service.service [None req-61360e53-84ce-4b66-bd3f-a4dde95b1eaf None None] Started child 120875 {{(pid=120656) _start_child /usr/local/lib/python3.8/dist-packages/oslo_service/service.py:575}}
Aug 30 20:52:42 ubuntu neutron-server[120656]: DEBUG oslo_service.service [None req-61360e53-84ce-4b66-bd3f-a4dde95b1eaf None None] Started child 120876 {{(pid=120656) _start_child /usr/local/lib/python3.8/dist-packages/oslo_service/service.py:575}}
Aug 30 20:52:42 ubuntu neutron-server[120656]: INFO neutron.service [None req-61360e53-84ce-4b66-bd3f-a4dde95b1eaf None None] Neutron service started, listening on 0.0.0.0:9696
Aug 30 20:52:42 ubuntu neutron-server[120656]: DEBUG neutron_lib.callbacks.manager [None req-61360e53-84ce-4b66-bd3f-a4dde95b1eaf None None] Publish callbacks ['neutron.plugins.ml2.drivers.ovn.mech_driver.mech_driver.OVNMechanismDriver.pre_fork_initialize-1739785'] for process (None), before_spawn {{(pid=120656) _notify_loop /usr/local/lib/python3.8/dist-packages/neutron_lib/callbacks/manager.py:176}}
Aug 30 20:52:42 ubuntu neutron-server[120875]: DEBUG neutron_lib.callbacks.manager [-] Publish callbacks ['neutron.plugins.ml2.drivers.ovn.mech_driver.mech_driver.OVNMechanismDriver.post_fork_initialize-1739821'] for process (None), after_init {{(pid=120875) _notify_loop /usr/local/lib/python3.8/dist-packages/neutron_lib/callbacks/manager.py:176}}
Aug 30 20:52:42 ubuntu neutron-server[120876]: DEBUG neutron_lib.callbacks.manager [-] Publish callbacks ['neutron.plugins.ml2.drivers.ovn.mech_driver.mech_driver.OVNMechanismDriver.post_fork_initialize-1739821'] for process (None), after_init {{(pid=120876) _notify_loop /usr/local/lib/python3.8/dist-packages/neutron_lib/callbacks/manager.py:176}}
Aug 30 20:52:42 ubuntu neutron-server[120875]: DEBUG dbcounter [-] [120875] Writer thread running {{(pid=120875) stat_writer /usr/local/lib/python3.8/dist-packages/dbcounter.py:99}}
Aug 30 20:52:42 ubuntu neutron-server[120876]: DEBUG dbcounter [-] [120876] Writer thread running {{(pid=120876) stat_writer /usr/local/lib/python3.8/dist-packages/dbcounter.py:99}}
Aug 30 20:52:42 ubuntu neutron-server[120656]: DEBUG ovsdbapp.backend.ovs_idl [None req-61360e53-84ce-4b66-bd3f-a4dde95b1eaf None None] Created schema index Port_Group.name {{(pid=120656) autocreate_indices /usr/local/lib/python3.8/dist-packages/ovsdbapp/backend/ovs_idl/__init__.py:104}}
Aug 30 20:52:42 ubuntu neutron-server[120656]: DEBUG ovsdbapp.backend.ovs_idl [None req-61360e53-84ce-4b66-bd3f-a4dde95b1eaf None None] Created schema index Logical_Switch_Port.name {{(pid=120656) autocreate_indices /usr/local/lib/python3.8/dist-packages/ovsdbapp/backend/ovs_idl/__init__.py:104}}
Aug 30 20:52:42 ubuntu neutron-server[120656]: DEBUG ovsdbapp.backend.ovs_idl.transaction [-] Running txn n=1 command(idx=0): PgAddCommand(name=neutron_pg_drop, may_exist=True, columns={'acls': []}) {{(pid=120656) do_commit /usr/local/lib/python3.8/dist-packages/ovsdbapp/backend/ovs_idl/transaction.py:90}}
Aug 30 20:52:42 ubuntu neutron-server[120656]: DEBUG ovsdbapp.backend.ovs_idl.transaction [-] Running txn n=1 command(idx=1): PgAclAddCommand(entity=neutron_pg_drop, direction=from-lport, priority=1001, match=inport == @neutron_pg_drop && ip, action=drop, log=False, may_exist=True, severity=[], name=[], meter=None, external_ids={}) {{(pid=120656) do_commit /usr/local/lib/python3.8/dist-packages/ovsdbapp/backend/ovs_idl/transaction.py:90}}
Aug 30 20:52:42 ubuntu neutron-server[120656]: DEBUG ovsdbapp.backend.ovs_idl.transaction [-] Running txn n=1 command(idx=2): PgAclAddCommand(entity=neutron_pg_drop, direction=to-lport, priority=1001, match=outport == @neutron_pg_drop && ip, action=drop, log=False, may_exist=True, severity=[], name=[], meter=None, external_ids={}) {{(pid=120656) do_commit /usr/local/lib/python3.8/dist-packages/ovsdbapp/backend/ovs_idl/transaction.py:90}}
Aug 30 20:52:42 ubuntu neutron-server[120875]: INFO neutron.plugins.ml2.drivers.ovn.mech_driver.ovsdb.impl_idl_ovn [None req-9d1980dc-b87b-4d66-ae8d-283023eea461 None None] Getting OvsdbNbOvnIdl for WorkerService with retry
Aug 30 20:52:42 ubuntu neutron-server[120876]: INFO neutron.plugins.ml2.drivers.ovn.mech_driver.ovsdb.impl_idl_ovn [None req-c5b58b31-2f8a-47de-aae1-d6e67662938d None None] Getting OvsdbNbOvnIdl for WorkerService with retry
Aug 30 20:52:42 ubuntu neutron-server[120656]: DEBUG ovsdbapp.backend.ovs_idl.event [-] Matched CREATE: NeutronPgDropPortGroupCreated(events=('create',), table='Port_Group', conditions=(('name', '=', 'neutron_pg_drop'),), old_conditions=None), priority=10 to row=Port_Group(name=neutron_pg_drop, ports=[], external_ids={}, acls=[<ovs.db.idl.Row object at 0x7fbd768be9a0>, <ovs.db.idl.Row object at 0x7fbd768c2dc0>]) old= {{(pid=120656) matches /usr/local/lib/python3.8/dist-packages/ovsdbapp/backend/ovs_idl/event.py:43}}
Aug 30 20:52:42 ubuntu neutron-server[120875]: DEBUG ovsdbapp.backend.ovs_idl [None req-9d1980dc-b87b-4d66-ae8d-283023eea461 None None] Created lookup_table index Logical_Switch.name {{(pid=120875) autocreate_indices /usr/local/lib/python3.8/dist-packages/ovsdbapp/backend/ovs_idl/__init__.py:85}}
Aug 30 20:52:42 ubuntu neutron-server[120875]: DEBUG ovsdbapp.backend.ovs_idl [None req-9d1980dc-b87b-4d66-ae8d-283023eea461 None None] Created lookup_table index Logical_Router.name {{(pid=120875) autocreate_indices /usr/local/lib/python3.8/dist-packages/ovsdbapp/backend/ovs_idl/__init__.py:85}}
Aug 30 20:52:42 ubuntu neutron-server[120656]: DEBUG ovsdbapp.backend.ovs_idl [None req-61360e53-84ce-4b66-bd3f-a4dde95b1eaf None None] Created lookup_table index Logical_Switch.name {{(pid=120656) autocreate_indices /usr/local/lib/python3.8/dist-packages/ovsdbapp/backend/ovs_idl/__init__.py:85}}
Aug 30 20:52:42 ubuntu neutron-server[120875]: DEBUG ovsdbapp.backend.ovs_idl [None req-9d1980dc-b87b-4d66-ae8d-283023eea461 None None] Created lookup_table index Load_Balancer.name {{(pid=120875) autocreate_indices /usr/local/lib/python3.8/dist-packages/ovsdbapp/backend/ovs_idl/__init__.py:85}}
Aug 30 20:52:42 ubuntu neutron-server[120656]: DEBUG ovsdbapp.backend.ovs_idl [None req-61360e53-84ce-4b66-bd3f-a4dde95b1eaf None None] Created lookup_table index Logical_Router.name {{(pid=120656) autocreate_indices /usr/local/lib/python3.8/dist-packages/ovsdbapp/backend/ovs_idl/__init__.py:85}}
Aug 30 20:52:42 ubuntu neutron-server[120656]: DEBUG ovsdbapp.backend.ovs_idl [None req-61360e53-84ce-4b66-bd3f-a4dde95b1eaf None None] Created lookup_table index Load_Balancer.name {{(pid=120656) autocreate_indices /usr/local/lib/python3.8/dist-packages/ovsdbapp/backend/ovs_idl/__init__.py:85}}
Aug 30 20:52:42 ubuntu neutron-server[120875]: DEBUG ovsdbapp.backend.ovs_idl [None req-9d1980dc-b87b-4d66-ae8d-283023eea461 None None] Created schema index Meter.name {{(pid=120875) autocreate_indices /usr/local/lib/python3.8/dist-packages/ovsdbapp/backend/ovs_idl/__init__.py:104}}
Aug 30 20:52:42 ubuntu neutron-server[120656]: DEBUG ovsdbapp.backend.ovs_idl [None req-61360e53-84ce-4b66-bd3f-a4dde95b1eaf None None] Created schema index Meter.name {{(pid=120656) autocreate_indices /usr/local/lib/python3.8/dist-packages/ovsdbapp/backend/ovs_idl/__init__.py:104}}
Aug 30 20:52:42 ubuntu neutron-server[120656]: DEBUG ovsdbapp.backend.ovs_idl [None req-61360e53-84ce-4b66-bd3f-a4dde95b1eaf None None] Created schema index Address_Set.name {{(pid=120656) autocreate_indices /usr/local/lib/python3.8/dist-packages/ovsdbapp/backend/ovs_idl/__init__.py:104}}
Aug 30 20:52:42 ubuntu neutron-server[120656]: DEBUG ovsdbapp.backend.ovs_idl [None req-61360e53-84ce-4b66-bd3f-a4dde95b1eaf None None] Created schema index HA_Chassis_Group.name {{(pid=120656) autocreate_indices /usr/local/lib/python3.8/dist-packages/ovsdbapp/backend/ovs_idl/__init__.py:104}}
Aug 30 20:52:42 ubuntu neutron-server[120875]: DEBUG ovsdbapp.backend.ovs_idl [None req-9d1980dc-b87b-4d66-ae8d-283023eea461 None None] Created schema index Address_Set.name {{(pid=120875) autocreate_indices /usr/local/lib/python3.8/dist-packages/ovsdbapp/backend/ovs_idl/__init__.py:104}}
Aug 30 20:52:42 ubuntu neutron-server[120656]: DEBUG ovsdbapp.backend.ovs_idl [None req-61360e53-84ce-4b66-bd3f-a4dde95b1eaf None None] Created schema index Connection.target {{(pid=120656) autocreate_indices /usr/local/lib/python3.8/dist-packages/ovsdbapp/backend/ovs_idl/__init__.py:104}}
Aug 30 20:52:42 ubuntu neutron-server[120656]: DEBUG ovsdbapp.backend.ovs_idl [None req-61360e53-84ce-4b66-bd3f-a4dde95b1eaf None None] Created schema index Gateway_Chassis.name {{(pid=120656) autocreate_indices /usr/local/lib/python3.8/dist-packages/ovsdbapp/backend/ovs_idl/__init__.py:104}}
Aug 30 20:52:42 ubuntu neutron-server[120656]: DEBUG ovsdbapp.backend.ovs_idl [None req-61360e53-84ce-4b66-bd3f-a4dde95b1eaf None None] Created schema index Logical_Router_Port.name {{(pid=120656) autocreate_indices /usr/local/lib/python3.8/dist-packages/ovsdbapp/backend/ovs_idl/__init__.py:104}}
Aug 30 20:52:42 ubuntu neutron-server[120656]: DEBUG ovsdbapp.backend.ovs_idl [None req-61360e53-84ce-4b66-bd3f-a4dde95b1eaf None None] Created schema index Port_Group.name {{(pid=120656) autocreate_indices /usr/local/lib/python3.8/dist-packages/ovsdbapp/backend/ovs_idl/__init__.py:104}}
Aug 30 20:52:42 ubuntu neutron-server[120875]: DEBUG ovsdbapp.backend.ovs_idl [None req-9d1980dc-b87b-4d66-ae8d-283023eea461 None None] Created schema index HA_Chassis_Group.name {{(pid=120875) autocreate_indices /usr/local/lib/python3.8/dist-packages/ovsdbapp/backend/ovs_idl/__init__.py:104}}
Aug 30 20:52:42 ubuntu neutron-server[120656]: DEBUG ovsdbapp.backend.ovs_idl [None req-61360e53-84ce-4b66-bd3f-a4dde95b1eaf None None] Created schema index Logical_Switch_Port.name {{(pid=120656) autocreate_indices /usr/local/lib/python3.8/dist-packages/ovsdbapp/backend/ovs_idl/__init__.py:104}}
Aug 30 20:52:42 ubuntu neutron-server[120875]: DEBUG ovsdbapp.backend.ovs_idl [None req-9d1980dc-b87b-4d66-ae8d-283023eea461 None None] Created schema index Connection.target {{(pid=120875) autocreate_indices /usr/local/lib/python3.8/dist-packages/ovsdbapp/backend/ovs_idl/__init__.py:104}}
Aug 30 20:52:42 ubuntu neutron-server[120875]: DEBUG ovsdbapp.backend.ovs_idl [None req-9d1980dc-b87b-4d66-ae8d-283023eea461 None None] Created schema index Gateway_Chassis.name {{(pid=120875) autocreate_indices /usr/local/lib/python3.8/dist-packages/ovsdbapp/backend/ovs_idl/__init__.py:104}}
Aug 30 20:52:42 ubuntu neutron-server[120875]: DEBUG ovsdbapp.backend.ovs_idl [None req-9d1980dc-b87b-4d66-ae8d-283023eea461 None None] Created schema index Logical_Router_Port.name {{(pid=120875) autocreate_indices /usr/local/lib/python3.8/dist-packages/ovsdbapp/backend/ovs_idl/__init__.py:104}}
Aug 30 20:52:42 ubuntu neutron-server[120875]: DEBUG ovsdbapp.backend.ovs_idl [None req-9d1980dc-b87b-4d66-ae8d-283023eea461 None None] Created schema index Port_Group.name {{(pid=120875) autocreate_indices /usr/local/lib/python3.8/dist-packages/ovsdbapp/backend/ovs_idl/__init__.py:104}}
Aug 30 20:52:42 ubuntu neutron-server[120875]: DEBUG ovsdbapp.backend.ovs_idl [None req-9d1980dc-b87b-4d66-ae8d-283023eea461 None None] Created schema index Logical_Switch_Port.name {{(pid=120875) autocreate_indices /usr/local/lib/python3.8/dist-packages/ovsdbapp/backend/ovs_idl/__init__.py:104}}
Aug 30 20:52:42 ubuntu neutron-server[120876]: DEBUG ovsdbapp.backend.ovs_idl [None req-c5b58b31-2f8a-47de-aae1-d6e67662938d None None] Created lookup_table index Logical_Switch.name {{(pid=120876) autocreate_indices /usr/local/lib/python3.8/dist-packages/ovsdbapp/backend/ovs_idl/__init__.py:85}}
Aug 30 20:52:42 ubuntu neutron-server[120875]: INFO ovsdbapp.backend.ovs_idl.vlog [None req-9d1980dc-b87b-4d66-ae8d-283023eea461 None None] tcp:192.168.79.44:6641: connecting...
Aug 30 20:52:42 ubuntu neutron-server[120876]: DEBUG ovsdbapp.backend.ovs_idl [None req-c5b58b31-2f8a-47de-aae1-d6e67662938d None None] Created lookup_table index Logical_Router.name {{(pid=120876) autocreate_indices /usr/local/lib/python3.8/dist-packages/ovsdbapp/backend/ovs_idl/__init__.py:85}}
Aug 30 20:52:42 ubuntu neutron-server[120876]: DEBUG ovsdbapp.backend.ovs_idl [None req-c5b58b31-2f8a-47de-aae1-d6e67662938d None None] Created lookup_table index Load_Balancer.name {{(pid=120876) autocreate_indices /usr/local/lib/python3.8/dist-packages/ovsdbapp/backend/ovs_idl/__init__.py:85}}
Aug 30 20:52:42 ubuntu neutron-server[120875]: INFO ovsdbapp.backend.ovs_idl.vlog [None req-9d1980dc-b87b-4d66-ae8d-283023eea461 None None] tcp:192.168.79.44:6641: connected
Aug 30 20:52:42 ubuntu neutron-server[120876]: DEBUG ovsdbapp.backend.ovs_idl [None req-c5b58b31-2f8a-47de-aae1-d6e67662938d None None] Created schema index Meter.name {{(pid=120876) autocreate_indices /usr/local/lib/python3.8/dist-packages/ovsdbapp/backend/ovs_idl/__init__.py:104}}
Aug 30 20:52:42 ubuntu neutron-server[120876]: DEBUG ovsdbapp.backend.ovs_idl [None req-c5b58b31-2f8a-47de-aae1-d6e67662938d None None] Created schema index Address_Set.name {{(pid=120876) autocreate_indices /usr/local/lib/python3.8/dist-packages/ovsdbapp/backend/ovs_idl/__init__.py:104}}
Aug 30 20:52:42 ubuntu neutron-server[120876]: DEBUG ovsdbapp.backend.ovs_idl [None req-c5b58b31-2f8a-47de-aae1-d6e67662938d None None] Created schema index HA_Chassis_Group.name {{(pid=120876) autocreate_indices /usr/local/lib/python3.8/dist-packages/ovsdbapp/backend/ovs_idl/__init__.py:104}}
Aug 30 20:52:42 ubuntu neutron-server[120876]: DEBUG ovsdbapp.backend.ovs_idl [None req-c5b58b31-2f8a-47de-aae1-d6e67662938d None None] Created schema index Connection.target {{(pid=120876) autocreate_indices /usr/local/lib/python3.8/dist-packages/ovsdbapp/backend/ovs_idl/__init__.py:104}}
Aug 30 20:52:42 ubuntu neutron-server[120876]: DEBUG ovsdbapp.backend.ovs_idl [None req-c5b58b31-2f8a-47de-aae1-d6e67662938d None None] Created schema index Gateway_Chassis.name {{(pid=120876) autocreate_indices /usr/local/lib/python3.8/dist-packages/ovsdbapp/backend/ovs_idl/__init__.py:104}}
Aug 30 20:52:42 ubuntu neutron-server[120876]: DEBUG ovsdbapp.backend.ovs_idl [None req-c5b58b31-2f8a-47de-aae1-d6e67662938d None None] Created schema index Logical_Router_Port.name {{(pid=120876) autocreate_indices /usr/local/lib/python3.8/dist-packages/ovsdbapp/backend/ovs_idl/__init__.py:104}}
Aug 30 20:52:42 ubuntu neutron-server[120876]: DEBUG ovsdbapp.backend.ovs_idl [None req-c5b58b31-2f8a-47de-aae1-d6e67662938d None None] Created schema index Port_Group.name {{(pid=120876) autocreate_indices /usr/local/lib/python3.8/dist-packages/ovsdbapp/backend/ovs_idl/__init__.py:104}}
Aug 30 20:52:42 ubuntu neutron-server[120876]: DEBUG ovsdbapp.backend.ovs_idl [None req-c5b58b31-2f8a-47de-aae1-d6e67662938d None None] Created schema index Logical_Switch_Port.name {{(pid=120876) autocreate_indices /usr/local/lib/python3.8/dist-packages/ovsdbapp/backend/ovs_idl/__init__.py:104}}
Aug 30 20:52:42 ubuntu neutron-server[120876]: INFO ovsdbapp.backend.ovs_idl.vlog [None req-c5b58b31-2f8a-47de-aae1-d6e67662938d None None] tcp:192.168.79.44:6641: connecting...
Aug 30 20:52:42 ubuntu neutron-server[120876]: INFO ovsdbapp.backend.ovs_idl.vlog [None req-c5b58b31-2f8a-47de-aae1-d6e67662938d None None] tcp:192.168.79.44:6641: connected
Aug 30 20:52:42 ubuntu neutron-server[120876]: DEBUG neutron.common.ovn.hash_ring_manager [None req-c5b58b31-2f8a-47de-aae1-d6e67662938d None None] Allow caching, nodes 2>=2 {{(pid=120876) _wait_startup_before_caching /opt/stack/neutron/neutron/common/ovn/hash_ring_manager.py:60}}
Aug 30 20:52:42 ubuntu neutron-server[120656]: DEBUG ovsdbapp.backend.ovs_idl [None req-61360e53-84ce-4b66-bd3f-a4dde95b1eaf None None] Created lookup_table index Chassis.name {{(pid=120656) autocreate_indices /usr/local/lib/python3.8/dist-packages/ovsdbapp/backend/ovs_idl/__init__.py:85}}
Aug 30 20:52:42 ubuntu neutron-server[120656]: DEBUG ovsdbapp.backend.ovs_idl [None req-61360e53-84ce-4b66-bd3f-a4dde95b1eaf None None] Created lookup_table index MAC_Binding.ip {{(pid=120656) autocreate_indices /usr/local/lib/python3.8/dist-packages/ovsdbapp/backend/ovs_idl/__init__.py:85}}
Aug 30 20:52:42 ubuntu neutron-server[120656]: DEBUG ovsdbapp.backend.ovs_idl [None req-61360e53-84ce-4b66-bd3f-a4dde95b1eaf None None] Created schema index Meter.name {{(pid=120656) autocreate_indices /usr/local/lib/python3.8/dist-packages/ovsdbapp/backend/ovs_idl/__init__.py:104}}
Aug 30 20:52:42 ubuntu neutron-server[120656]: DEBUG ovsdbapp.backend.ovs_idl [None req-61360e53-84ce-4b66-bd3f-a4dde95b1eaf None None] Created schema index Address_Set.name {{(pid=120656) autocreate_indices /usr/local/lib/python3.8/dist-packages/ovsdbapp/backend/ovs_idl/__init__.py:104}}
Aug 30 20:52:42 ubuntu neutron-server[120656]: DEBUG ovsdbapp.backend.ovs_idl [None req-61360e53-84ce-4b66-bd3f-a4dde95b1eaf None None] Created schema index HA_Chassis_Group.name {{(pid=120656) autocreate_indices /usr/local/lib/python3.8/dist-packages/ovsdbapp/backend/ovs_idl/__init__.py:104}}
Aug 30 20:52:42 ubuntu neutron-server[120656]: DEBUG ovsdbapp.backend.ovs_idl [None req-61360e53-84ce-4b66-bd3f-a4dde95b1eaf None None] Created schema index IP_Multicast.datapath {{(pid=120656) autocreate_indices /usr/local/lib/python3.8/dist-packages/ovsdbapp/backend/ovs_idl/__init__.py:104}}
Aug 30 20:52:42 ubuntu neutron-server[120656]: DEBUG ovsdbapp.backend.ovs_idl [None req-61360e53-84ce-4b66-bd3f-a4dde95b1eaf None None] Created schema index Connection.target {{(pid=120656) autocreate_indices /usr/local/lib/python3.8/dist-packages/ovsdbapp/backend/ovs_idl/__init__.py:104}}
Aug 30 20:52:42 ubuntu neutron-server[120656]: DEBUG ovsdbapp.backend.ovs_idl [None req-61360e53-84ce-4b66-bd3f-a4dde95b1eaf None None] Created schema index Gateway_Chassis.name {{(pid=120656) autocreate_indices /usr/local/lib/python3.8/dist-packages/ovsdbapp/backend/ovs_idl/__init__.py:104}}
Aug 30 20:52:42 ubuntu neutron-server[120656]: DEBUG ovsdbapp.backend.ovs_idl [None req-61360e53-84ce-4b66-bd3f-a4dde95b1eaf None None] Created schema index Port_Group.name {{(pid=120656) autocreate_indices /usr/local/lib/python3.8/dist-packages/ovsdbapp/backend/ovs_idl/__init__.py:104}}
Aug 30 20:52:42 ubuntu neutron-server[120656]: DEBUG ovsdbapp.backend.ovs_idl [None req-61360e53-84ce-4b66-bd3f-a4dde95b1eaf None None] Created schema index Datapath_Binding.tunnel_key {{(pid=120656) autocreate_indices /usr/local/lib/python3.8/dist-packages/ovsdbapp/backend/ovs_idl/__init__.py:104}}
Aug 30 20:52:42 ubuntu neutron-server[120876]: DEBUG neutron.plugins.ml2.drivers.ovn.mech_driver.ovsdb.ovsdb_monitor [None req-c5b58b31-2f8a-47de-aae1-d6e67662938d None None] Hash Ring: Node 7c8ce6da-2910-4d84-a979-74872b6003ef (host: ubuntu) handling event "create" for row eec08e04-ec56-42f1-8a5d-f2b8e3ba9092 (table: Database) {{(pid=120876) notify /opt/stack/neutron/neutron/plugins/ml2/drivers/ovn/mech_driver/ovsdb/ovsdb_monitor.py:743}}
Aug 30 20:52:42 ubuntu neutron-server[120876]: DEBUG neutron.plugins.ml2.drivers.ovn.mech_driver.ovsdb.ovsdb_monitor [None req-c5b58b31-2f8a-47de-aae1-d6e67662938d None None] Hash Ring: Node 7c8ce6da-2910-4d84-a979-74872b6003ef (host: ubuntu) handling event "create" for row 63c2806e-7726-49e2-bce1-3508a9c3c44e (table: Database) {{(pid=120876) notify /opt/stack/neutron/neutron/plugins/ml2/drivers/ovn/mech_driver/ovsdb/ovsdb_monitor.py:743}}
Aug 30 20:52:42 ubuntu neutron-server[120875]: DEBUG neutron.common.ovn.hash_ring_manager [None req-9d1980dc-b87b-4d66-ae8d-283023eea461 None None] Allow caching, nodes 2>=2 {{(pid=120875) _wait_startup_before_caching /opt/stack/neutron/neutron/common/ovn/hash_ring_manager.py:60}}
Aug 30 20:52:42 ubuntu neutron-server[120876]: DEBUG neutron.plugins.ml2.drivers.ovn.mech_driver.ovsdb.ovsdb_monitor [None req-c5b58b31-2f8a-47de-aae1-d6e67662938d None None] Hash Ring: Node 7c8ce6da-2910-4d84-a979-74872b6003ef (host: ubuntu) handling event "create" for row e11603ea-6372-4983-9f75-171951e3804d (table: Port_Group) {{(pid=120876) notify /opt/stack/neutron/neutron/plugins/ml2/drivers/ovn/mech_driver/ovsdb/ovsdb_monitor.py:743}}
Aug 30 20:52:42 ubuntu neutron-server[120876]: DEBUG neutron.plugins.ml2.drivers.ovn.mech_driver.ovsdb.ovsdb_monitor [None req-c5b58b31-2f8a-47de-aae1-d6e67662938d None None] Hash Ring: Node 7c8ce6da-2910-4d84-a979-74872b6003ef (host: ubuntu) handling event "create" for row fb4feee3-e51a-45dc-a366-5350fb24403c (table: NB_Global) {{(pid=120876) notify /opt/stack/neutron/neutron/plugins/ml2/drivers/ovn/mech_driver/ovsdb/ovsdb_monitor.py:743}}
Aug 30 20:52:42 ubuntu neutron-server[120876]: DEBUG neutron.plugins.ml2.drivers.ovn.mech_driver.ovsdb.ovsdb_monitor [None req-c5b58b31-2f8a-47de-aae1-d6e67662938d None None] Hash Ring: Node 7c8ce6da-2910-4d84-a979-74872b6003ef (host: ubuntu) handling event "create" for row e09897fd-872a-4f26-93f3-9f845706f238 (table: Connection) {{(pid=120876) notify /opt/stack/neutron/neutron/plugins/ml2/drivers/ovn/mech_driver/ovsdb/ovsdb_monitor.py:743}}
Aug 30 20:52:42 ubuntu neutron-server[120876]: INFO neutron.plugins.ml2.drivers.ovn.mech_driver.ovsdb.impl_idl_ovn [None req-c5b58b31-2f8a-47de-aae1-d6e67662938d None None] Getting OvsdbSbOvnIdl for WorkerService with retry
Aug 30 20:52:42 ubuntu neutron-server[120875]: DEBUG neutron.plugins.ml2.drivers.ovn.mech_driver.ovsdb.ovsdb_monitor [None req-9d1980dc-b87b-4d66-ae8d-283023eea461 None None] Hash Ring: Node 14559e99-b7c9-45b0-9a3a-36c2eeebd8fd (host: ubuntu) handling event "create" for row b29d245d-a1d3-4b32-be31-5168ccc9bc9c (table: ACL) {{(pid=120875) notify /opt/stack/neutron/neutron/plugins/ml2/drivers/ovn/mech_driver/ovsdb/ovsdb_monitor.py:743}}
Aug 30 20:52:42 ubuntu neutron-server[120876]: DEBUG ovsdbapp.backend.ovs_idl [None req-c5b58b31-2f8a-47de-aae1-d6e67662938d None None] Created lookup_table index Chassis.name {{(pid=120876) autocreate_indices /usr/local/lib/python3.8/dist-packages/ovsdbapp/backend/ovs_idl/__init__.py:85}}
Aug 30 20:52:42 ubuntu neutron-server[120875]: DEBUG neutron.plugins.ml2.drivers.ovn.mech_driver.ovsdb.ovsdb_monitor [None req-9d1980dc-b87b-4d66-ae8d-283023eea461 None None] Hash Ring: Node 14559e99-b7c9-45b0-9a3a-36c2eeebd8fd (host: ubuntu) handling event "create" for row ff5709ab-26c8-47cf-a07d-23b569dcd372 (table: ACL) {{(pid=120875) notify /opt/stack/neutron/neutron/plugins/ml2/drivers/ovn/mech_driver/ovsdb/ovsdb_monitor.py:743}}
Aug 30 20:52:42 ubuntu neutron-server[120876]: DEBUG ovsdbapp.backend.ovs_idl [None req-c5b58b31-2f8a-47de-aae1-d6e67662938d None None] Created schema index Datapath_Binding.tunnel_key {{(pid=120876) autocreate_indices /usr/local/lib/python3.8/dist-packages/ovsdbapp/backend/ovs_idl/__init__.py:104}}
Aug 30 20:52:42 ubuntu neutron-server[120876]: DEBUG ovsdbapp.backend.ovs_idl [None req-c5b58b31-2f8a-47de-aae1-d6e67662938d None None] Created schema index Connection.target {{(pid=120876) autocreate_indices /usr/local/lib/python3.8/dist-packages/ovsdbapp/backend/ovs_idl/__init__.py:104}}
Aug 30 20:52:42 ubuntu neutron-server[120876]: INFO ovsdbapp.backend.ovs_idl.vlog [None req-c5b58b31-2f8a-47de-aae1-d6e67662938d None None] tcp:192.168.79.44:6642: connecting...
Aug 30 20:52:42 ubuntu neutron-server[120876]: INFO ovsdbapp.backend.ovs_idl.vlog [None req-c5b58b31-2f8a-47de-aae1-d6e67662938d None None] tcp:192.168.79.44:6642: connected
Aug 30 20:52:42 ubuntu neutron-server[120875]: INFO neutron.plugins.ml2.drivers.ovn.mech_driver.ovsdb.impl_idl_ovn [None req-9d1980dc-b87b-4d66-ae8d-283023eea461 None None] Getting OvsdbSbOvnIdl for WorkerService with retry
Aug 30 20:52:42 ubuntu neutron-server[120875]: DEBUG ovsdbapp.backend.ovs_idl [None req-9d1980dc-b87b-4d66-ae8d-283023eea461 None None] Created lookup_table index Chassis.name {{(pid=120875) autocreate_indices /usr/local/lib/python3.8/dist-packages/ovsdbapp/backend/ovs_idl/__init__.py:85}}
Aug 30 20:52:42 ubuntu neutron-server[120875]: DEBUG ovsdbapp.backend.ovs_idl [None req-9d1980dc-b87b-4d66-ae8d-283023eea461 None None] Created schema index Datapath_Binding.tunnel_key {{(pid=120875) autocreate_indices /usr/local/lib/python3.8/dist-packages/ovsdbapp/backend/ovs_idl/__init__.py:104}}
Aug 30 20:52:42 ubuntu neutron-server[120875]: DEBUG ovsdbapp.backend.ovs_idl [None req-9d1980dc-b87b-4d66-ae8d-283023eea461 None None] Created schema index Connection.target {{(pid=120875) autocreate_indices /usr/local/lib/python3.8/dist-packages/ovsdbapp/backend/ovs_idl/__init__.py:104}}
Aug 30 20:52:42 ubuntu neutron-server[120875]: INFO ovsdbapp.backend.ovs_idl.vlog [None req-9d1980dc-b87b-4d66-ae8d-283023eea461 None None] tcp:192.168.79.44:6642: connecting...
Aug 30 20:52:42 ubuntu neutron-server[120875]: INFO ovsdbapp.backend.ovs_idl.vlog [None req-9d1980dc-b87b-4d66-ae8d-283023eea461 None None] tcp:192.168.79.44:6642: connected
Aug 30 20:52:42 ubuntu neutron-server[120876]: DEBUG neutron.common.ovn.hash_ring_manager [None req-c5b58b31-2f8a-47de-aae1-d6e67662938d None None] Allow caching, nodes 2>=2 {{(pid=120876) _wait_startup_before_caching /opt/stack/neutron/neutron/common/ovn/hash_ring_manager.py:60}}
Aug 30 20:52:42 ubuntu neutron-server[120875]: DEBUG neutron.common.ovn.hash_ring_manager [None req-9d1980dc-b87b-4d66-ae8d-283023eea461 None None] Allow caching, nodes 2>=2 {{(pid=120875) _wait_startup_before_caching /opt/stack/neutron/neutron/common/ovn/hash_ring_manager.py:60}}
Aug 30 20:52:42 ubuntu neutron-server[120876]: DEBUG neutron.plugins.ml2.drivers.ovn.mech_driver.ovsdb.ovsdb_monitor [None req-c5b58b31-2f8a-47de-aae1-d6e67662938d None None] Hash Ring: Node 7c8ce6da-2910-4d84-a979-74872b6003ef (host: ubuntu) handling event "create" for row a6435e7c-abe4-4ccc-98c5-88fcf49bc4f3 (table: Database) {{(pid=120876) notify /opt/stack/neutron/neutron/plugins/ml2/drivers/ovn/mech_driver/ovsdb/ovsdb_monitor.py:743}}
Aug 30 20:52:42 ubuntu neutron-server[120876]: DEBUG neutron.plugins.ml2.drivers.ovn.mech_driver.ovsdb.ovsdb_monitor [None req-c5b58b31-2f8a-47de-aae1-d6e67662938d None None] ChassisAgentWriteEvent : Matched Chassis, create, None None {{(pid=120876) matches /opt/stack/neutron/neutron/plugins/ml2/drivers/ovn/mech_driver/ovsdb/ovsdb_monitor.py:62}}
Aug 30 20:52:42 ubuntu neutron-server[120876]: DEBUG neutron.plugins.ml2.drivers.ovn.mech_driver.ovsdb.ovsdb_monitor [None req-c5b58b31-2f8a-47de-aae1-d6e67662938d None None] ChassisMetadataAgentWriteEvent : Matched Chassis, create, None None {{(pid=120876) matches /opt/stack/neutron/neutron/plugins/ml2/drivers/ovn/mech_driver/ovsdb/ovsdb_monitor.py:62}}
Aug 30 20:52:42 ubuntu neutron-server[120875]: DEBUG neutron.plugins.ml2.drivers.ovn.mech_driver.ovsdb.ovsdb_monitor [None req-9d1980dc-b87b-4d66-ae8d-283023eea461 None None] Hash Ring: Node 14559e99-b7c9-45b0-9a3a-36c2eeebd8fd (host: ubuntu) handling event "create" for row db8025af-1c69-41da-8aff-65b9e906bf96 (table: Database) {{(pid=120875) notify /opt/stack/neutron/neutron/plugins/ml2/drivers/ovn/mech_driver/ovsdb/ovsdb_monitor.py:743}}
Aug 30 20:52:42 ubuntu neutron-server[120876]: INFO neutron.wsgi [-] (120876) wsgi starting up on http://0.0.0.0:9696
Aug 30 20:52:42 ubuntu neutron-server[120875]: DEBUG neutron.plugins.ml2.drivers.ovn.mech_driver.ovsdb.ovsdb_monitor [None req-9d1980dc-b87b-4d66-ae8d-283023eea461 None None] Hash Ring: Node 14559e99-b7c9-45b0-9a3a-36c2eeebd8fd (host: ubuntu) handling event "create" for row 93582e41-7bd6-429a-aac1-bcf9a02b2c63 (table: Encap) {{(pid=120875) notify /opt/stack/neutron/neutron/plugins/ml2/drivers/ovn/mech_driver/ovsdb/ovsdb_monitor.py:743}}
Aug 30 20:52:42 ubuntu neutron-server[120875]: DEBUG neutron.plugins.ml2.drivers.ovn.mech_driver.ovsdb.ovsdb_monitor [None req-9d1980dc-b87b-4d66-ae8d-283023eea461 None None] ChassisAgentWriteEvent : Matched Chassis, create, None None {{(pid=120875) matches /opt/stack/neutron/neutron/plugins/ml2/drivers/ovn/mech_driver/ovsdb/ovsdb_monitor.py:62}}
Aug 30 20:52:42 ubuntu neutron-server[120875]: DEBUG neutron.plugins.ml2.drivers.ovn.mech_driver.ovsdb.ovsdb_monitor [None req-9d1980dc-b87b-4d66-ae8d-283023eea461 None None] ChassisMetadataAgentWriteEvent : Matched Chassis, create, None None {{(pid=120875) matches /opt/stack/neutron/neutron/plugins/ml2/drivers/ovn/mech_driver/ovsdb/ovsdb_monitor.py:62}}
Aug 30 20:52:42 ubuntu neutron-server[120875]: DEBUG neutron.plugins.ml2.drivers.ovn.mech_driver.ovsdb.ovsdb_monitor [None req-9d1980dc-b87b-4d66-ae8d-283023eea461 None None] Hash Ring: Node 14559e99-b7c9-45b0-9a3a-36c2eeebd8fd (host: ubuntu) handling event "create" for row 0462062a-5a66-46b9-8029-dbd4d44be341 (table: Chassis) {{(pid=120875) notify /opt/stack/neutron/neutron/plugins/ml2/drivers/ovn/mech_driver/ovsdb/ovsdb_monitor.py:743}}
Aug 30 20:52:42 ubuntu neutron-server[120875]: DEBUG neutron.plugins.ml2.drivers.ovn.mech_driver.ovsdb.ovsdb_monitor [None req-9d1980dc-b87b-4d66-ae8d-283023eea461 None None] Hash Ring: Node 14559e99-b7c9-45b0-9a3a-36c2eeebd8fd (host: ubuntu) handling event "create" for row 87ebf4a9-b620-4953-8388-50258eaa8aa4 (table: Connection) {{(pid=120875) notify /opt/stack/neutron/neutron/plugins/ml2/drivers/ovn/mech_driver/ovsdb/ovsdb_monitor.py:743}}
Aug 30 20:52:42 ubuntu neutron-server[120875]: INFO neutron.wsgi [-] (120875) wsgi starting up on http://0.0.0.0:9696
Aug 30 20:52:42 ubuntu neutron-server[120656]: INFO oslo_service.service [None req-61360e53-84ce-4b66-bd3f-a4dde95b1eaf None None] Starting 1 workers
Aug 30 20:52:42 ubuntu neutron-server[120656]: DEBUG oslo_service.service [None req-61360e53-84ce-4b66-bd3f-a4dde95b1eaf None None] Started child 120878 {{(pid=120656) _start_child /usr/local/lib/python3.8/dist-packages/oslo_service/service.py:575}}
Aug 30 20:52:42 ubuntu neutron-server[120656]: INFO oslo_service.service [None req-61360e53-84ce-4b66-bd3f-a4dde95b1eaf None None] Starting 1 workers
Aug 30 20:52:42 ubuntu neutron-server[120878]: DEBUG neutron.service [None req-61360e53-84ce-4b66-bd3f-a4dde95b1eaf None None] calling RpcWorker wait() {{(pid=120878) _wait /opt/stack/neutron/neutron/service.py:128}}
