Sep 09 01:44:55 ubuntu neutron-server[120499]: DEBUG neutron.api.extensions [None req-a96e99cc-2baa-4ad8-aff9-41487acf7d6a None None] Loading extension file: tagging.py {{(pid=120499) _load_all_extensions_from_path /opt/stack/neutron/neutron/api/extensions.py:450}}
Sep 09 01:44:55 ubuntu neutron-server[120499]: DEBUG neutron.api.extensions [None req-a96e99cc-2baa-4ad8-aff9-41487acf7d6a None None] Ext name="Tag support for resources with standard attribute: port, subnet, subnetpool, network, security_group, router, floatingip, policy, trunk, network_segment_range" alias="standard-attr-tag" description="Enables to set tag on resources with standard attribute." updated="2017-01-01T00:00:00-00:00" {{(pid=120499) _check_extension /opt/stack/neutron/neutron/api/extensions.py:416}}
Sep 09 01:44:55 ubuntu neutron-server[120499]: INFO neutron.api.extensions [None req-a96e99cc-2baa-4ad8-aff9-41487acf7d6a None None] Loaded extension: standard-attr-tag
Sep 09 01:44:55 ubuntu neutron-server[120499]: DEBUG neutron.api.extensions [None req-a96e99cc-2baa-4ad8-aff9-41487acf7d6a None None] Loading extension file: timestamp.py {{(pid=120499) _load_all_extensions_from_path /opt/stack/neutron/neutron/api/extensions.py:450}}
Sep 09 01:44:55 ubuntu neutron-server[120499]: DEBUG neutron.api.extensions [None req-a96e99cc-2baa-4ad8-aff9-41487acf7d6a None None] Ext name="Resource timestamps" alias="standard-attr-timestamp" description="Adds created_at and updated_at fields to all Neutron resources that have Neutron standard attributes." updated="2016-09-12T10:00:00-00:00" {{(pid=120499) _check_extension /opt/stack/neutron/neutron/api/extensions.py:416}}
Sep 09 01:44:55 ubuntu neutron-server[120499]: INFO neutron.api.extensions [None req-a96e99cc-2baa-4ad8-aff9-41487acf7d6a None None] Loaded extension: standard-attr-timestamp
Sep 09 01:44:55 ubuntu neutron-server[120499]: DEBUG neutron.api.extensions [None req-a96e99cc-2baa-4ad8-aff9-41487acf7d6a None None] Loading extension file: trunk.py {{(pid=120499) _load_all_extensions_from_path /opt/stack/neutron/neutron/api/extensions.py:450}}
Sep 09 01:44:55 ubuntu neutron-server[120499]: DEBUG neutron.api.extensions [None req-a96e99cc-2baa-4ad8-aff9-41487acf7d6a None None] Ext name="Trunk Extension" alias="trunk" description="Provides support for trunk ports" updated="2016-01-01T10:00:00-00:00" {{(pid=120499) _check_extension /opt/stack/neutron/neutron/api/extensions.py:416}}
Sep 09 01:44:55 ubuntu neutron-server[120499]: INFO neutron.api.extensions [None req-a96e99cc-2baa-4ad8-aff9-41487acf7d6a None None] Extension trunk not supported by any of loaded plugins
Sep 09 01:44:55 ubuntu neutron-server[120499]: DEBUG neutron.api.extensions [None req-a96e99cc-2baa-4ad8-aff9-41487acf7d6a None None] Loading extension file: trunk_details.py {{(pid=120499) _load_all_extensions_from_path /opt/stack/neutron/neutron/api/extensions.py:450}}
Sep 09 01:44:55 ubuntu neutron-server[120499]: DEBUG neutron.api.extensions [None req-a96e99cc-2baa-4ad8-aff9-41487acf7d6a None None] Ext name="Trunk port details" alias="trunk-details" description="Expose trunk port details" updated="2016-01-01T10:00:00-00:00" {{(pid=120499) _check_extension /opt/stack/neutron/neutron/api/extensions.py:416}}
Sep 09 01:44:55 ubuntu neutron-server[120499]: INFO neutron.api.extensions [None req-a96e99cc-2baa-4ad8-aff9-41487acf7d6a None None] Extension trunk-details not supported by any of loaded plugins
Sep 09 01:44:55 ubuntu neutron-server[120499]: DEBUG neutron.api.extensions [None req-a96e99cc-2baa-4ad8-aff9-41487acf7d6a None None] Loading extension file: uplink_status_propagation.py {{(pid=120499) _load_all_extensions_from_path /opt/stack/neutron/neutron/api/extensions.py:450}}
Sep 09 01:44:55 ubuntu neutron-server[120499]: DEBUG neutron.api.extensions [None req-a96e99cc-2baa-4ad8-aff9-41487acf7d6a None None] Ext name="Uplink status propagation extension" alias="uplink-status-propagation" description="Provides ability to propagate port uplink status." updated="2018-05-31T18:00:00-00:00" {{(pid=120499) _check_extension /opt/stack/neutron/neutron/api/extensions.py:416}}
Sep 09 01:44:55 ubuntu neutron-server[120499]: INFO neutron.api.extensions [None req-a96e99cc-2baa-4ad8-aff9-41487acf7d6a None None] Extension uplink-status-propagation not supported by any of loaded plugins
Sep 09 01:44:55 ubuntu neutron-server[120499]: DEBUG neutron.api.extensions [None req-a96e99cc-2baa-4ad8-aff9-41487acf7d6a None None] Loading extension file: vlantransparent.py {{(pid=120499) _load_all_extensions_from_path /opt/stack/neutron/neutron/api/extensions.py:450}}
Sep 09 01:44:55 ubuntu neutron-server[120499]: DEBUG neutron.api.extensions [None req-a96e99cc-2baa-4ad8-aff9-41487acf7d6a None None] Ext name="Vlantransparent" alias="vlan-transparent" description="Provides Vlan Transparent Networks" updated="2015-03-23T09:00:00-00:00" {{(pid=120499) _check_extension /opt/stack/neutron/neutron/api/extensions.py:416}}
Sep 09 01:44:55 ubuntu neutron-server[120499]: INFO neutron.api.extensions [None req-a96e99cc-2baa-4ad8-aff9-41487acf7d6a None None] Extension vlan-transparent not supported by any of loaded plugins
Sep 09 01:44:55 ubuntu neutron-server[120499]: INFO neutron.quota.resource_registry [None req-a96e99cc-2baa-4ad8-aff9-41487acf7d6a None None] Creating instance of TrackedResource for resource:network
Sep 09 01:44:55 ubuntu neutron-server[120499]: INFO neutron.quota.resource_registry [None req-a96e99cc-2baa-4ad8-aff9-41487acf7d6a None None] Creating instance of TrackedResource for resource:subnet
Sep 09 01:44:55 ubuntu neutron-server[120499]: INFO neutron.quota.resource_registry [None req-a96e99cc-2baa-4ad8-aff9-41487acf7d6a None None] Creating instance of TrackedResource for resource:subnetpool
Sep 09 01:44:55 ubuntu neutron-server[120499]: INFO neutron.quota.resource_registry [None req-a96e99cc-2baa-4ad8-aff9-41487acf7d6a None None] Creating instance of TrackedResource for resource:port
Sep 09 01:44:55 ubuntu neutron-server[120499]: DEBUG neutron.api.v2.resource_helper [None req-a96e99cc-2baa-4ad8-aff9-41487acf7d6a None None] Service FLAVORS assigned prefix:  {{(pid=120499) build_resource_info /opt/stack/neutron/neutron/api/v2/resource_helper.py:77}}
Sep 09 01:44:55 ubuntu neutron-server[120499]: DEBUG neutron.api.v2.resource_helper [None req-a96e99cc-2baa-4ad8-aff9-41487acf7d6a None None] Service L3_ROUTER_NAT assigned prefix:  {{(pid=120499) build_resource_info /opt/stack/neutron/neutron/api/v2/resource_helper.py:77}}
Sep 09 01:44:55 ubuntu neutron-server[120499]: DEBUG neutron.api.v2.resource_helper [None req-a96e99cc-2baa-4ad8-aff9-41487acf7d6a None None] Service L3_ROUTER_NAT assigned prefix:  {{(pid=120499) build_resource_info /opt/stack/neutron/neutron/api/v2/resource_helper.py:77}}
Sep 09 01:44:55 ubuntu neutron-server[120499]: INFO neutron.quota.resource_registry [None req-a96e99cc-2baa-4ad8-aff9-41487acf7d6a None None] Creating instance of TrackedResource for resource:router
Sep 09 01:44:55 ubuntu neutron-server[120499]: INFO neutron.quota.resource_registry [None req-a96e99cc-2baa-4ad8-aff9-41487acf7d6a None None] Creating instance of TrackedResource for resource:floatingip
Sep 09 01:44:55 ubuntu neutron-server[120499]: DEBUG neutron_lib.callbacks.manager [None req-a96e99cc-2baa-4ad8-aff9-41487acf7d6a None None] Subscribe: <bound method NeutronDbPluginV2.validate_network_rbac_policy_change of <neutron.services.network_ip_availability.plugin.NetworkIPAvailabilityPlugin object at 0x7f65756575e0>> rbac-policy before_create 55550000 {{(pid=120499) subscribe /usr/local/lib/python3.8/dist-packages/neutron_lib/callbacks/manager.py:45}}
Sep 09 01:44:55 ubuntu neutron-server[120499]: DEBUG neutron_lib.callbacks.manager [None req-a96e99cc-2baa-4ad8-aff9-41487acf7d6a None None] Subscribe: <bound method NeutronDbPluginV2.validate_network_rbac_policy_change of <neutron.services.network_ip_availability.plugin.NetworkIPAvailabilityPlugin object at 0x7f65756575e0>> rbac-policy before_update 55550000 {{(pid=120499) subscribe /usr/local/lib/python3.8/dist-packages/neutron_lib/callbacks/manager.py:45}}
Sep 09 01:44:55 ubuntu neutron-server[120499]: DEBUG neutron_lib.callbacks.manager [None req-a96e99cc-2baa-4ad8-aff9-41487acf7d6a None None] Subscribe: <bound method NeutronDbPluginV2.validate_network_rbac_policy_change of <neutron.services.network_ip_availability.plugin.NetworkIPAvailabilityPlugin object at 0x7f65756575e0>> rbac-policy before_delete 55550000 {{(pid=120499) subscribe /usr/local/lib/python3.8/dist-packages/neutron_lib/callbacks/manager.py:45}}
Sep 09 01:44:55 ubuntu neutron-server[120499]: INFO neutron.quota.resource_registry [None req-a96e99cc-2baa-4ad8-aff9-41487acf7d6a None None] Creating instance of CountableResource for resource:rbac_policy
Sep 09 01:44:55 ubuntu neutron-server[120499]: INFO neutron.quota.resource_registry [None req-a96e99cc-2baa-4ad8-aff9-41487acf7d6a None None] Creating instance of TrackedResource for resource:security_group
Sep 09 01:44:55 ubuntu neutron-server[120499]: INFO neutron.quota.resource_registry [None req-a96e99cc-2baa-4ad8-aff9-41487acf7d6a None None] Creating instance of TrackedResource for resource:security_group_rule
Sep 09 01:44:55 ubuntu neutron-server[120499]: DEBUG neutron.api.v2.resource_helper [None req-a96e99cc-2baa-4ad8-aff9-41487acf7d6a None None] Service FLAVORS assigned prefix:  {{(pid=120499) build_resource_info /opt/stack/neutron/neutron/api/v2/resource_helper.py:77}}
Sep 09 01:44:55 ubuntu neutron-server[120499]: DEBUG neutron.api.v2.resource_helper [None req-a96e99cc-2baa-4ad8-aff9-41487acf7d6a None None] Service L3_ROUTER_NAT assigned prefix:  {{(pid=120499) build_resource_info /opt/stack/neutron/neutron/api/v2/resource_helper.py:77}}
Sep 09 01:44:55 ubuntu neutron-server[120499]: DEBUG neutron.api.v2.resource_helper [None req-a96e99cc-2baa-4ad8-aff9-41487acf7d6a None None] Service L3_ROUTER_NAT assigned prefix:  {{(pid=120499) build_resource_info /opt/stack/neutron/neutron/api/v2/resource_helper.py:77}}
Sep 09 01:44:55 ubuntu neutron-server[120499]: INFO neutron.quota.resource_registry [None req-a96e99cc-2baa-4ad8-aff9-41487acf7d6a None None] Creating instance of TrackedResource for resource:router
Sep 09 01:44:55 ubuntu neutron-server[120499]: WARNING neutron.quota.resource_registry [None req-a96e99cc-2baa-4ad8-aff9-41487acf7d6a None None] router is already registered
Sep 09 01:44:55 ubuntu neutron-server[120499]: INFO neutron.quota.resource_registry [None req-a96e99cc-2baa-4ad8-aff9-41487acf7d6a None None] Creating instance of TrackedResource for resource:floatingip
Sep 09 01:44:55 ubuntu neutron-server[120499]: WARNING neutron.quota.resource_registry [None req-a96e99cc-2baa-4ad8-aff9-41487acf7d6a None None] floatingip is already registered
Sep 09 01:44:55 ubuntu neutron-server[120499]: INFO neutron.quota.resource_registry [None req-a96e99cc-2baa-4ad8-aff9-41487acf7d6a None None] Creating instance of CountableResource for resource:rbac_policy
Sep 09 01:44:55 ubuntu neutron-server[120499]: WARNING neutron.quota.resource_registry [None req-a96e99cc-2baa-4ad8-aff9-41487acf7d6a None None] rbac_policy is already registered
Sep 09 01:44:55 ubuntu neutron-server[120499]: INFO neutron.quota.resource_registry [None req-a96e99cc-2baa-4ad8-aff9-41487acf7d6a None None] Creating instance of TrackedResource for resource:security_group
Sep 09 01:44:55 ubuntu neutron-server[120499]: WARNING neutron.quota.resource_registry [None req-a96e99cc-2baa-4ad8-aff9-41487acf7d6a None None] security_group is already registered
Sep 09 01:44:55 ubuntu neutron-server[120499]: INFO neutron.quota.resource_registry [None req-a96e99cc-2baa-4ad8-aff9-41487acf7d6a None None] Creating instance of TrackedResource for resource:security_group_rule
Sep 09 01:44:55 ubuntu neutron-server[120499]: WARNING neutron.quota.resource_registry [None req-a96e99cc-2baa-4ad8-aff9-41487acf7d6a None None] security_group_rule is already registered
Sep 09 01:44:55 ubuntu neutron-server[120499]: DEBUG neutron.api.extensions [None req-a96e99cc-2baa-4ad8-aff9-41487acf7d6a None None] Extended resource: extensions {{(pid=120499) __init__ /opt/stack/neutron/neutron/api/extensions.py:157}}
Sep 09 01:44:55 ubuntu neutron-server[120499]: DEBUG neutron.api.extensions [None req-a96e99cc-2baa-4ad8-aff9-41487acf7d6a None None] Extended resource: address-groups {{(pid=120499) __init__ /opt/stack/neutron/neutron/api/extensions.py:157}}
Sep 09 01:44:55 ubuntu neutron-server[120499]: DEBUG neutron.api.extensions [None req-a96e99cc-2baa-4ad8-aff9-41487acf7d6a None None] Extended resource: address-scopes {{(pid=120499) __init__ /opt/stack/neutron/neutron/api/extensions.py:157}}
Sep 09 01:44:55 ubuntu neutron-server[120499]: DEBUG neutron.api.extensions [None req-a96e99cc-2baa-4ad8-aff9-41487acf7d6a None None] Extended resource: agents {{(pid=120499) __init__ /opt/stack/neutron/neutron/api/extensions.py:157}}
Sep 09 01:44:55 ubuntu neutron-server[120499]: DEBUG neutron.api.extensions [None req-a96e99cc-2baa-4ad8-aff9-41487acf7d6a None None] Extended resource: auto-allocated-topology {{(pid=120499) __init__ /opt/stack/neutron/neutron/api/extensions.py:157}}
Sep 09 01:44:55 ubuntu neutron-server[120499]: DEBUG neutron.api.extensions [None req-a96e99cc-2baa-4ad8-aff9-41487acf7d6a None None] Extended resource: availability_zones {{(pid=120499) __init__ /opt/stack/neutron/neutron/api/extensions.py:157}}
Sep 09 01:44:55 ubuntu neutron-server[120499]: DEBUG neutron.api.extensions [None req-a96e99cc-2baa-4ad8-aff9-41487acf7d6a None None] Extended resource: flavors {{(pid=120499) __init__ /opt/stack/neutron/neutron/api/extensions.py:157}}
Sep 09 01:44:55 ubuntu neutron-server[120499]: DEBUG neutron.api.extensions [None req-a96e99cc-2baa-4ad8-aff9-41487acf7d6a None None] Extended resource: service_profiles {{(pid=120499) __init__ /opt/stack/neutron/neutron/api/extensions.py:157}}
Sep 09 01:44:55 ubuntu neutron-server[120499]: DEBUG neutron.api.extensions [None req-a96e99cc-2baa-4ad8-aff9-41487acf7d6a None None] Extended resource: next_providers {{(pid=120499) __init__ /opt/stack/neutron/neutron/api/extensions.py:157}}
Sep 09 01:44:55 ubuntu neutron-server[120499]: DEBUG neutron.api.extensions [None req-a96e99cc-2baa-4ad8-aff9-41487acf7d6a None None] Extended resource: service_profiles {{(pid=120499) __init__ /opt/stack/neutron/neutron/api/extensions.py:157}}
Sep 09 01:44:55 ubuntu neutron-server[120499]: DEBUG neutron.api.extensions [None req-a96e99cc-2baa-4ad8-aff9-41487acf7d6a None None] Extended resource: floatingip-pools {{(pid=120499) __init__ /opt/stack/neutron/neutron/api/extensions.py:157}}
Sep 09 01:44:55 ubuntu neutron-server[120499]: DEBUG neutron.api.extensions [None req-a96e99cc-2baa-4ad8-aff9-41487acf7d6a None None] Extended resource: routers {{(pid=120499) __init__ /opt/stack/neutron/neutron/api/extensions.py:157}}
Sep 09 01:44:55 ubuntu neutron-server[120499]: DEBUG neutron.api.extensions [None req-a96e99cc-2baa-4ad8-aff9-41487acf7d6a None None] Extended resource: floatingips {{(pid=120499) __init__ /opt/stack/neutron/neutron/api/extensions.py:157}}
Sep 09 01:44:55 ubuntu neutron-server[120499]: DEBUG neutron.api.extensions [None req-a96e99cc-2baa-4ad8-aff9-41487acf7d6a None None] Extended resource: network-ip-availabilities {{(pid=120499) __init__ /opt/stack/neutron/neutron/api/extensions.py:157}}
Sep 09 01:44:55 ubuntu neutron-server[120499]: DEBUG neutron.api.extensions [None req-a96e99cc-2baa-4ad8-aff9-41487acf7d6a None None] Extended resource: bindings {{(pid=120499) __init__ /opt/stack/neutron/neutron/api/extensions.py:157}}
Sep 09 01:44:55 ubuntu neutron-server[120499]: DEBUG neutron.api.extensions [None req-a96e99cc-2baa-4ad8-aff9-41487acf7d6a None None] Extended resource: quotas {{(pid=120499) __init__ /opt/stack/neutron/neutron/api/extensions.py:157}}
Sep 09 01:44:55 ubuntu neutron-server[120499]: DEBUG neutron.api.extensions [None req-a96e99cc-2baa-4ad8-aff9-41487acf7d6a None None] Extended resource: quotas {{(pid=120499) __init__ /opt/stack/neutron/neutron/api/extensions.py:157}}
Sep 09 01:44:55 ubuntu neutron-server[120499]: DEBUG neutron.api.extensions [None req-a96e99cc-2baa-4ad8-aff9-41487acf7d6a None None] Extended resource: rbac-policies {{(pid=120499) __init__ /opt/stack/neutron/neutron/api/extensions.py:157}}
Sep 09 01:44:55 ubuntu neutron-server[120499]: DEBUG neutron.api.extensions [None req-a96e99cc-2baa-4ad8-aff9-41487acf7d6a None None] Extended resource: security-groups {{(pid=120499) __init__ /opt/stack/neutron/neutron/api/extensions.py:157}}
Sep 09 01:44:55 ubuntu neutron-server[120499]: DEBUG neutron.api.extensions [None req-a96e99cc-2baa-4ad8-aff9-41487acf7d6a None None] Extended resource: security-group-rules {{(pid=120499) __init__ /opt/stack/neutron/neutron/api/extensions.py:157}}
Sep 09 01:44:55 ubuntu neutron-server[120499]: DEBUG neutron.api.extensions [None req-a96e99cc-2baa-4ad8-aff9-41487acf7d6a None None] Extended resource: service-providers {{(pid=120499) __init__ /opt/stack/neutron/neutron/api/extensions.py:157}}
Sep 09 01:44:55 ubuntu neutron-server[120499]: DEBUG neutron.api.extensions [None req-a96e99cc-2baa-4ad8-aff9-41487acf7d6a None None] Extended resource: tags {{(pid=120499) __init__ /opt/stack/neutron/neutron/api/extensions.py:157}}
Sep 09 01:44:55 ubuntu neutron-server[120499]: DEBUG neutron.api.extensions [None req-a96e99cc-2baa-4ad8-aff9-41487acf7d6a None None] Extended resource: tags {{(pid=120499) __init__ /opt/stack/neutron/neutron/api/extensions.py:157}}
Sep 09 01:44:55 ubuntu neutron-server[120499]: DEBUG neutron.api.extensions [None req-a96e99cc-2baa-4ad8-aff9-41487acf7d6a None None] Extended resource: tags {{(pid=120499) __init__ /opt/stack/neutron/neutron/api/extensions.py:157}}
Sep 09 01:44:55 ubuntu neutron-server[120499]: DEBUG neutron.api.extensions [None req-a96e99cc-2baa-4ad8-aff9-41487acf7d6a None None] Extended resource: tags {{(pid=120499) __init__ /opt/stack/neutron/neutron/api/extensions.py:157}}
Sep 09 01:44:55 ubuntu neutron-server[120499]: DEBUG neutron.api.extensions [None req-a96e99cc-2baa-4ad8-aff9-41487acf7d6a None None] Extended resource: tags {{(pid=120499) __init__ /opt/stack/neutron/neutron/api/extensions.py:157}}
Sep 09 01:44:55 ubuntu neutron-server[120499]: DEBUG neutron.api.extensions [None req-a96e99cc-2baa-4ad8-aff9-41487acf7d6a None None] Extended resource: tags {{(pid=120499) __init__ /opt/stack/neutron/neutron/api/extensions.py:157}}
Sep 09 01:44:55 ubuntu neutron-server[120499]: DEBUG neutron.api.extensions [None req-a96e99cc-2baa-4ad8-aff9-41487acf7d6a None None] Extended resource: tags {{(pid=120499) __init__ /opt/stack/neutron/neutron/api/extensions.py:157}}
Sep 09 01:44:55 ubuntu neutron-server[120499]: DEBUG neutron.api.extensions [None req-a96e99cc-2baa-4ad8-aff9-41487acf7d6a None None] Extended resource: tags {{(pid=120499) __init__ /opt/stack/neutron/neutron/api/extensions.py:157}}
Sep 09 01:44:55 ubuntu neutron-server[120499]: DEBUG neutron.api.extensions [None req-a96e99cc-2baa-4ad8-aff9-41487acf7d6a None None] Extended resource: tags {{(pid=120499) __init__ /opt/stack/neutron/neutron/api/extensions.py:157}}
Sep 09 01:44:55 ubuntu neutron-server[120499]: DEBUG neutron.api.extensions [None req-a96e99cc-2baa-4ad8-aff9-41487acf7d6a None None] Extended resource: tags {{(pid=120499) __init__ /opt/stack/neutron/neutron/api/extensions.py:157}}
Sep 09 01:44:55 ubuntu neutron-server[120499]: WARNING keystonemiddleware.auth_token [None req-a96e99cc-2baa-4ad8-aff9-41487acf7d6a None None] AuthToken middleware is set with keystone_authtoken.service_token_roles_required set to False. This is backwards compatible but deprecated behaviour. Please set this to True.
Sep 09 01:44:55 ubuntu neutron-server[120499]: WARNING keystonemiddleware.auth_token [None req-a96e99cc-2baa-4ad8-aff9-41487acf7d6a None None] Configuring www_authenticate_uri to point to the public identity endpoint is required; clients may not be able to authenticate against an admin endpoint
Sep 09 01:44:55 ubuntu neutron-server[120499]: DEBUG oslo_concurrency.lockutils [None req-a96e99cc-2baa-4ad8-aff9-41487acf7d6a None None] Acquiring lock "singleton_lock" {{(pid=120499) lock /usr/local/lib/python3.8/dist-packages/oslo_concurrency/lockutils.py:312}}
Sep 09 01:44:55 ubuntu neutron-server[120499]: DEBUG oslo_concurrency.lockutils [None req-a96e99cc-2baa-4ad8-aff9-41487acf7d6a None None] Acquired lock "singleton_lock" {{(pid=120499) lock /usr/local/lib/python3.8/dist-packages/oslo_concurrency/lockutils.py:315}}
Sep 09 01:44:55 ubuntu neutron-server[120499]: DEBUG oslo_concurrency.lockutils [None req-a96e99cc-2baa-4ad8-aff9-41487acf7d6a None None] Releasing lock "singleton_lock" {{(pid=120499) lock /usr/local/lib/python3.8/dist-packages/oslo_concurrency/lockutils.py:333}}
Sep 09 01:44:55 ubuntu neutron-server[120499]: INFO oslo_service.service [None req-a96e99cc-2baa-4ad8-aff9-41487acf7d6a None None] Starting 2 workers
Sep 09 01:44:55 ubuntu neutron-server[120499]: DEBUG oslo_service.service [None req-a96e99cc-2baa-4ad8-aff9-41487acf7d6a None None] Started child 120716 {{(pid=120499) _start_child /usr/local/lib/python3.8/dist-packages/oslo_service/service.py:575}}
Sep 09 01:44:55 ubuntu neutron-server[120499]: DEBUG oslo_service.service [None req-a96e99cc-2baa-4ad8-aff9-41487acf7d6a None None] Started child 120717 {{(pid=120499) _start_child /usr/local/lib/python3.8/dist-packages/oslo_service/service.py:575}}
Sep 09 01:44:55 ubuntu neutron-server[120499]: INFO neutron.service [None req-a96e99cc-2baa-4ad8-aff9-41487acf7d6a None None] Neutron service started, listening on 0.0.0.0:9696
Sep 09 01:44:55 ubuntu neutron-server[120499]: DEBUG neutron_lib.callbacks.manager [None req-a96e99cc-2baa-4ad8-aff9-41487acf7d6a None None] Publish callbacks ['neutron.plugins.ml2.drivers.ovn.mech_driver.mech_driver.OVNMechanismDriver.pre_fork_initialize-597030'] for process (None), before_spawn {{(pid=120499) _notify_loop /usr/local/lib/python3.8/dist-packages/neutron_lib/callbacks/manager.py:176}}
Sep 09 01:44:55 ubuntu neutron-server[120716]: DEBUG neutron_lib.callbacks.manager [-] Publish callbacks ['neutron.plugins.ml2.drivers.ovn.mech_driver.mech_driver.OVNMechanismDriver.post_fork_initialize-597114'] for process (None), after_init {{(pid=120716) _notify_loop /usr/local/lib/python3.8/dist-packages/neutron_lib/callbacks/manager.py:176}}
Sep 09 01:44:55 ubuntu neutron-server[120717]: DEBUG neutron_lib.callbacks.manager [-] Publish callbacks ['neutron.plugins.ml2.drivers.ovn.mech_driver.mech_driver.OVNMechanismDriver.post_fork_initialize-597114'] for process (None), after_init {{(pid=120717) _notify_loop /usr/local/lib/python3.8/dist-packages/neutron_lib/callbacks/manager.py:176}}
Sep 09 01:44:55 ubuntu neutron-server[120716]: DEBUG dbcounter [-] [120716] Writer thread running {{(pid=120716) stat_writer /usr/local/lib/python3.8/dist-packages/dbcounter.py:99}}
Sep 09 01:44:55 ubuntu neutron-server[120717]: DEBUG dbcounter [-] [120717] Writer thread running {{(pid=120717) stat_writer /usr/local/lib/python3.8/dist-packages/dbcounter.py:99}}
Sep 09 01:44:55 ubuntu neutron-server[120499]: DEBUG ovsdbapp.backend.ovs_idl [None req-a96e99cc-2baa-4ad8-aff9-41487acf7d6a None None] Created schema index Port_Group.name {{(pid=120499) autocreate_indices /usr/local/lib/python3.8/dist-packages/ovsdbapp/backend/ovs_idl/__init__.py:104}}
Sep 09 01:44:55 ubuntu neutron-server[120499]: DEBUG ovsdbapp.backend.ovs_idl [None req-a96e99cc-2baa-4ad8-aff9-41487acf7d6a None None] Created schema index Logical_Switch_Port.name {{(pid=120499) autocreate_indices /usr/local/lib/python3.8/dist-packages/ovsdbapp/backend/ovs_idl/__init__.py:104}}
Sep 09 01:44:55 ubuntu neutron-server[120716]: INFO neutron.plugins.ml2.drivers.ovn.mech_driver.ovsdb.impl_idl_ovn [None req-3c5a9f4f-e739-4fec-90de-b337f0306638 None None] Getting OvsdbNbOvnIdl for WorkerService with retry
Sep 09 01:44:55 ubuntu neutron-server[120717]: INFO neutron.plugins.ml2.drivers.ovn.mech_driver.ovsdb.impl_idl_ovn [None req-82c1adec-191c-48e8-82db-7c58ba8696ab None None] Getting OvsdbNbOvnIdl for WorkerService with retry
Sep 09 01:44:55 ubuntu neutron-server[120499]: DEBUG ovsdbapp.backend.ovs_idl.transaction [-] Running txn n=1 command(idx=0): PgAddCommand(name=neutron_pg_drop, may_exist=True, columns={'acls': []}) {{(pid=120499) do_commit /usr/local/lib/python3.8/dist-packages/ovsdbapp/backend/ovs_idl/transaction.py:90}}
Sep 09 01:44:55 ubuntu neutron-server[120499]: DEBUG ovsdbapp.backend.ovs_idl.transaction [-] Running txn n=1 command(idx=1): PgAclAddCommand(entity=neutron_pg_drop, direction=from-lport, priority=1001, match=inport == @neutron_pg_drop && ip, action=drop, log=False, may_exist=True, severity=[], name=[], meter=None, external_ids={}) {{(pid=120499) do_commit /usr/local/lib/python3.8/dist-packages/ovsdbapp/backend/ovs_idl/transaction.py:90}}
Sep 09 01:44:55 ubuntu neutron-server[120499]: DEBUG ovsdbapp.backend.ovs_idl.transaction [-] Running txn n=1 command(idx=2): PgAclAddCommand(entity=neutron_pg_drop, direction=to-lport, priority=1001, match=outport == @neutron_pg_drop && ip, action=drop, log=False, may_exist=True, severity=[], name=[], meter=None, external_ids={}) {{(pid=120499) do_commit /usr/local/lib/python3.8/dist-packages/ovsdbapp/backend/ovs_idl/transaction.py:90}}
Sep 09 01:44:55 ubuntu neutron-server[120499]: DEBUG ovsdbapp.backend.ovs_idl.event [-] Matched CREATE: NeutronPgDropPortGroupCreated(events=('create',), table='Port_Group', conditions=(('name', '=', 'neutron_pg_drop'),), old_conditions=None), priority=10 to row=Port_Group(name=neutron_pg_drop, ports=[], external_ids={}, acls=[<ovs.db.idl.Row object at 0x7f6574fdbaf0>, <ovs.db.idl.Row object at 0x7f6574fdb1f0>]) old= {{(pid=120499) matches /usr/local/lib/python3.8/dist-packages/ovsdbapp/backend/ovs_idl/event.py:43}}
Sep 09 01:44:55 ubuntu neutron-server[120716]: DEBUG ovsdbapp.backend.ovs_idl [None req-3c5a9f4f-e739-4fec-90de-b337f0306638 None None] Created lookup_table index Logical_Switch.name {{(pid=120716) autocreate_indices /usr/local/lib/python3.8/dist-packages/ovsdbapp/backend/ovs_idl/__init__.py:85}}
Sep 09 01:44:55 ubuntu neutron-server[120716]: DEBUG ovsdbapp.backend.ovs_idl [None req-3c5a9f4f-e739-4fec-90de-b337f0306638 None None] Created lookup_table index Logical_Router.name {{(pid=120716) autocreate_indices /usr/local/lib/python3.8/dist-packages/ovsdbapp/backend/ovs_idl/__init__.py:85}}
Sep 09 01:44:55 ubuntu neutron-server[120716]: DEBUG ovsdbapp.backend.ovs_idl [None req-3c5a9f4f-e739-4fec-90de-b337f0306638 None None] Created lookup_table index Load_Balancer.name {{(pid=120716) autocreate_indices /usr/local/lib/python3.8/dist-packages/ovsdbapp/backend/ovs_idl/__init__.py:85}}
Sep 09 01:44:55 ubuntu neutron-server[120716]: DEBUG ovsdbapp.backend.ovs_idl [None req-3c5a9f4f-e739-4fec-90de-b337f0306638 None None] Created schema index Meter.name {{(pid=120716) autocreate_indices /usr/local/lib/python3.8/dist-packages/ovsdbapp/backend/ovs_idl/__init__.py:104}}
Sep 09 01:44:55 ubuntu neutron-server[120716]: DEBUG ovsdbapp.backend.ovs_idl [None req-3c5a9f4f-e739-4fec-90de-b337f0306638 None None] Created schema index Address_Set.name {{(pid=120716) autocreate_indices /usr/local/lib/python3.8/dist-packages/ovsdbapp/backend/ovs_idl/__init__.py:104}}
Sep 09 01:44:55 ubuntu neutron-server[120716]: DEBUG ovsdbapp.backend.ovs_idl [None req-3c5a9f4f-e739-4fec-90de-b337f0306638 None None] Created schema index HA_Chassis_Group.name {{(pid=120716) autocreate_indices /usr/local/lib/python3.8/dist-packages/ovsdbapp/backend/ovs_idl/__init__.py:104}}
Sep 09 01:44:55 ubuntu neutron-server[120716]: DEBUG ovsdbapp.backend.ovs_idl [None req-3c5a9f4f-e739-4fec-90de-b337f0306638 None None] Created schema index Connection.target {{(pid=120716) autocreate_indices /usr/local/lib/python3.8/dist-packages/ovsdbapp/backend/ovs_idl/__init__.py:104}}
Sep 09 01:44:55 ubuntu neutron-server[120716]: DEBUG ovsdbapp.backend.ovs_idl [None req-3c5a9f4f-e739-4fec-90de-b337f0306638 None None] Created schema index Gateway_Chassis.name {{(pid=120716) autocreate_indices /usr/local/lib/python3.8/dist-packages/ovsdbapp/backend/ovs_idl/__init__.py:104}}
Sep 09 01:44:55 ubuntu neutron-server[120716]: DEBUG ovsdbapp.backend.ovs_idl [None req-3c5a9f4f-e739-4fec-90de-b337f0306638 None None] Created schema index Logical_Router_Port.name {{(pid=120716) autocreate_indices /usr/local/lib/python3.8/dist-packages/ovsdbapp/backend/ovs_idl/__init__.py:104}}
Sep 09 01:44:55 ubuntu neutron-server[120716]: DEBUG ovsdbapp.backend.ovs_idl [None req-3c5a9f4f-e739-4fec-90de-b337f0306638 None None] Created schema index Port_Group.name {{(pid=120716) autocreate_indices /usr/local/lib/python3.8/dist-packages/ovsdbapp/backend/ovs_idl/__init__.py:104}}
Sep 09 01:44:55 ubuntu neutron-server[120716]: DEBUG ovsdbapp.backend.ovs_idl [None req-3c5a9f4f-e739-4fec-90de-b337f0306638 None None] Created schema index Logical_Switch_Port.name {{(pid=120716) autocreate_indices /usr/local/lib/python3.8/dist-packages/ovsdbapp/backend/ovs_idl/__init__.py:104}}
Sep 09 01:44:55 ubuntu neutron-server[120716]: INFO ovsdbapp.backend.ovs_idl.vlog [None req-3c5a9f4f-e739-4fec-90de-b337f0306638 None None] tcp:192.168.79.41:6641: connecting...
Sep 09 01:44:55 ubuntu neutron-server[120716]: INFO ovsdbapp.backend.ovs_idl.vlog [None req-3c5a9f4f-e739-4fec-90de-b337f0306638 None None] tcp:192.168.79.41:6641: connected
Sep 09 01:44:55 ubuntu neutron-server[120717]: DEBUG ovsdbapp.backend.ovs_idl [None req-82c1adec-191c-48e8-82db-7c58ba8696ab None None] Created lookup_table index Logical_Switch.name {{(pid=120717) autocreate_indices /usr/local/lib/python3.8/dist-packages/ovsdbapp/backend/ovs_idl/__init__.py:85}}
Sep 09 01:44:55 ubuntu neutron-server[120717]: DEBUG ovsdbapp.backend.ovs_idl [None req-82c1adec-191c-48e8-82db-7c58ba8696ab None None] Created lookup_table index Logical_Router.name {{(pid=120717) autocreate_indices /usr/local/lib/python3.8/dist-packages/ovsdbapp/backend/ovs_idl/__init__.py:85}}
Sep 09 01:44:55 ubuntu neutron-server[120499]: DEBUG ovsdbapp.backend.ovs_idl [None req-a96e99cc-2baa-4ad8-aff9-41487acf7d6a None None] Created lookup_table index Logical_Switch.name {{(pid=120499) autocreate_indices /usr/local/lib/python3.8/dist-packages/ovsdbapp/backend/ovs_idl/__init__.py:85}}
Sep 09 01:44:55 ubuntu neutron-server[120717]: DEBUG ovsdbapp.backend.ovs_idl [None req-82c1adec-191c-48e8-82db-7c58ba8696ab None None] Created lookup_table index Load_Balancer.name {{(pid=120717) autocreate_indices /usr/local/lib/python3.8/dist-packages/ovsdbapp/backend/ovs_idl/__init__.py:85}}
Sep 09 01:44:55 ubuntu neutron-server[120499]: DEBUG ovsdbapp.backend.ovs_idl [None req-a96e99cc-2baa-4ad8-aff9-41487acf7d6a None None] Created lookup_table index Logical_Router.name {{(pid=120499) autocreate_indices /usr/local/lib/python3.8/dist-packages/ovsdbapp/backend/ovs_idl/__init__.py:85}}
Sep 09 01:44:55 ubuntu neutron-server[120717]: DEBUG ovsdbapp.backend.ovs_idl [None req-82c1adec-191c-48e8-82db-7c58ba8696ab None None] Created schema index Meter.name {{(pid=120717) autocreate_indices /usr/local/lib/python3.8/dist-packages/ovsdbapp/backend/ovs_idl/__init__.py:104}}
Sep 09 01:44:55 ubuntu neutron-server[120499]: DEBUG ovsdbapp.backend.ovs_idl [None req-a96e99cc-2baa-4ad8-aff9-41487acf7d6a None None] Created lookup_table index Load_Balancer.name {{(pid=120499) autocreate_indices /usr/local/lib/python3.8/dist-packages/ovsdbapp/backend/ovs_idl/__init__.py:85}}
Sep 09 01:44:55 ubuntu neutron-server[120717]: DEBUG ovsdbapp.backend.ovs_idl [None req-82c1adec-191c-48e8-82db-7c58ba8696ab None None] Created schema index Address_Set.name {{(pid=120717) autocreate_indices /usr/local/lib/python3.8/dist-packages/ovsdbapp/backend/ovs_idl/__init__.py:104}}
Sep 09 01:44:55 ubuntu neutron-server[120499]: DEBUG ovsdbapp.backend.ovs_idl [None req-a96e99cc-2baa-4ad8-aff9-41487acf7d6a None None] Created schema index Meter.name {{(pid=120499) autocreate_indices /usr/local/lib/python3.8/dist-packages/ovsdbapp/backend/ovs_idl/__init__.py:104}}
Sep 09 01:44:55 ubuntu neutron-server[120717]: DEBUG ovsdbapp.backend.ovs_idl [None req-82c1adec-191c-48e8-82db-7c58ba8696ab None None] Created schema index HA_Chassis_Group.name {{(pid=120717) autocreate_indices /usr/local/lib/python3.8/dist-packages/ovsdbapp/backend/ovs_idl/__init__.py:104}}
Sep 09 01:44:55 ubuntu neutron-server[120499]: DEBUG ovsdbapp.backend.ovs_idl [None req-a96e99cc-2baa-4ad8-aff9-41487acf7d6a None None] Created schema index Address_Set.name {{(pid=120499) autocreate_indices /usr/local/lib/python3.8/dist-packages/ovsdbapp/backend/ovs_idl/__init__.py:104}}
Sep 09 01:44:55 ubuntu neutron-server[120717]: DEBUG ovsdbapp.backend.ovs_idl [None req-82c1adec-191c-48e8-82db-7c58ba8696ab None None] Created schema index Connection.target {{(pid=120717) autocreate_indices /usr/local/lib/python3.8/dist-packages/ovsdbapp/backend/ovs_idl/__init__.py:104}}
Sep 09 01:44:55 ubuntu neutron-server[120499]: DEBUG ovsdbapp.backend.ovs_idl [None req-a96e99cc-2baa-4ad8-aff9-41487acf7d6a None None] Created schema index HA_Chassis_Group.name {{(pid=120499) autocreate_indices /usr/local/lib/python3.8/dist-packages/ovsdbapp/backend/ovs_idl/__init__.py:104}}
Sep 09 01:44:55 ubuntu neutron-server[120717]: DEBUG ovsdbapp.backend.ovs_idl [None req-82c1adec-191c-48e8-82db-7c58ba8696ab None None] Created schema index Gateway_Chassis.name {{(pid=120717) autocreate_indices /usr/local/lib/python3.8/dist-packages/ovsdbapp/backend/ovs_idl/__init__.py:104}}
Sep 09 01:44:55 ubuntu neutron-server[120499]: DEBUG ovsdbapp.backend.ovs_idl [None req-a96e99cc-2baa-4ad8-aff9-41487acf7d6a None None] Created schema index Connection.target {{(pid=120499) autocreate_indices /usr/local/lib/python3.8/dist-packages/ovsdbapp/backend/ovs_idl/__init__.py:104}}
Sep 09 01:44:55 ubuntu neutron-server[120717]: DEBUG ovsdbapp.backend.ovs_idl [None req-82c1adec-191c-48e8-82db-7c58ba8696ab None None] Created schema index Logical_Router_Port.name {{(pid=120717) autocreate_indices /usr/local/lib/python3.8/dist-packages/ovsdbapp/backend/ovs_idl/__init__.py:104}}
Sep 09 01:44:55 ubuntu neutron-server[120499]: DEBUG ovsdbapp.backend.ovs_idl [None req-a96e99cc-2baa-4ad8-aff9-41487acf7d6a None None] Created schema index Gateway_Chassis.name {{(pid=120499) autocreate_indices /usr/local/lib/python3.8/dist-packages/ovsdbapp/backend/ovs_idl/__init__.py:104}}
Sep 09 01:44:55 ubuntu neutron-server[120717]: DEBUG ovsdbapp.backend.ovs_idl [None req-82c1adec-191c-48e8-82db-7c58ba8696ab None None] Created schema index Port_Group.name {{(pid=120717) autocreate_indices /usr/local/lib/python3.8/dist-packages/ovsdbapp/backend/ovs_idl/__init__.py:104}}
Sep 09 01:44:55 ubuntu neutron-server[120499]: DEBUG ovsdbapp.backend.ovs_idl [None req-a96e99cc-2baa-4ad8-aff9-41487acf7d6a None None] Created schema index Logical_Router_Port.name {{(pid=120499) autocreate_indices /usr/local/lib/python3.8/dist-packages/ovsdbapp/backend/ovs_idl/__init__.py:104}}
Sep 09 01:44:55 ubuntu neutron-server[120717]: DEBUG ovsdbapp.backend.ovs_idl [None req-82c1adec-191c-48e8-82db-7c58ba8696ab None None] Created schema index Logical_Switch_Port.name {{(pid=120717) autocreate_indices /usr/local/lib/python3.8/dist-packages/ovsdbapp/backend/ovs_idl/__init__.py:104}}
Sep 09 01:44:55 ubuntu neutron-server[120499]: DEBUG ovsdbapp.backend.ovs_idl [None req-a96e99cc-2baa-4ad8-aff9-41487acf7d6a None None] Created schema index Port_Group.name {{(pid=120499) autocreate_indices /usr/local/lib/python3.8/dist-packages/ovsdbapp/backend/ovs_idl/__init__.py:104}}
Sep 09 01:44:55 ubuntu neutron-server[120717]: INFO ovsdbapp.backend.ovs_idl.vlog [None req-82c1adec-191c-48e8-82db-7c58ba8696ab None None] tcp:192.168.79.41:6641: connecting...
Sep 09 01:44:55 ubuntu neutron-server[120499]: DEBUG ovsdbapp.backend.ovs_idl [None req-a96e99cc-2baa-4ad8-aff9-41487acf7d6a None None] Created schema index Logical_Switch_Port.name {{(pid=120499) autocreate_indices /usr/local/lib/python3.8/dist-packages/ovsdbapp/backend/ovs_idl/__init__.py:104}}
Sep 09 01:44:55 ubuntu neutron-server[120717]: INFO ovsdbapp.backend.ovs_idl.vlog [None req-82c1adec-191c-48e8-82db-7c58ba8696ab None None] tcp:192.168.79.41:6641: connected
Sep 09 01:44:55 ubuntu neutron-server[120716]: DEBUG neutron.common.ovn.hash_ring_manager [None req-3c5a9f4f-e739-4fec-90de-b337f0306638 None None] Allow caching, nodes 2>=2 {{(pid=120716) _wait_startup_before_caching /opt/stack/neutron/neutron/common/ovn/hash_ring_manager.py:60}}
Sep 09 01:44:55 ubuntu neutron-server[120717]: DEBUG neutron.common.ovn.hash_ring_manager [None req-82c1adec-191c-48e8-82db-7c58ba8696ab None None] Allow caching, nodes 2>=2 {{(pid=120717) _wait_startup_before_caching /opt/stack/neutron/neutron/common/ovn/hash_ring_manager.py:60}}
Sep 09 01:44:56 ubuntu neutron-server[120499]: DEBUG ovsdbapp.backend.ovs_idl [None req-a96e99cc-2baa-4ad8-aff9-41487acf7d6a None None] Created lookup_table index Chassis.name {{(pid=120499) autocreate_indices /usr/local/lib/python3.8/dist-packages/ovsdbapp/backend/ovs_idl/__init__.py:85}}
Sep 09 01:44:56 ubuntu neutron-server[120499]: DEBUG ovsdbapp.backend.ovs_idl [None req-a96e99cc-2baa-4ad8-aff9-41487acf7d6a None None] Created lookup_table index MAC_Binding.ip {{(pid=120499) autocreate_indices /usr/local/lib/python3.8/dist-packages/ovsdbapp/backend/ovs_idl/__init__.py:85}}
Sep 09 01:44:56 ubuntu neutron-server[120499]: DEBUG ovsdbapp.backend.ovs_idl [None req-a96e99cc-2baa-4ad8-aff9-41487acf7d6a None None] Created schema index Meter.name {{(pid=120499) autocreate_indices /usr/local/lib/python3.8/dist-packages/ovsdbapp/backend/ovs_idl/__init__.py:104}}
Sep 09 01:44:56 ubuntu neutron-server[120499]: DEBUG ovsdbapp.backend.ovs_idl [None req-a96e99cc-2baa-4ad8-aff9-41487acf7d6a None None] Created schema index Address_Set.name {{(pid=120499) autocreate_indices /usr/local/lib/python3.8/dist-packages/ovsdbapp/backend/ovs_idl/__init__.py:104}}
Sep 09 01:44:56 ubuntu neutron-server[120499]: DEBUG ovsdbapp.backend.ovs_idl [None req-a96e99cc-2baa-4ad8-aff9-41487acf7d6a None None] Created schema index HA_Chassis_Group.name {{(pid=120499) autocreate_indices /usr/local/lib/python3.8/dist-packages/ovsdbapp/backend/ovs_idl/__init__.py:104}}
Sep 09 01:44:56 ubuntu neutron-server[120499]: DEBUG ovsdbapp.backend.ovs_idl [None req-a96e99cc-2baa-4ad8-aff9-41487acf7d6a None None] Created schema index IP_Multicast.datapath {{(pid=120499) autocreate_indices /usr/local/lib/python3.8/dist-packages/ovsdbapp/backend/ovs_idl/__init__.py:104}}
Sep 09 01:44:56 ubuntu neutron-server[120499]: DEBUG ovsdbapp.backend.ovs_idl [None req-a96e99cc-2baa-4ad8-aff9-41487acf7d6a None None] Created schema index Connection.target {{(pid=120499) autocreate_indices /usr/local/lib/python3.8/dist-packages/ovsdbapp/backend/ovs_idl/__init__.py:104}}
Sep 09 01:44:56 ubuntu neutron-server[120499]: DEBUG ovsdbapp.backend.ovs_idl [None req-a96e99cc-2baa-4ad8-aff9-41487acf7d6a None None] Created schema index Gateway_Chassis.name {{(pid=120499) autocreate_indices /usr/local/lib/python3.8/dist-packages/ovsdbapp/backend/ovs_idl/__init__.py:104}}
Sep 09 01:44:56 ubuntu neutron-server[120499]: DEBUG ovsdbapp.backend.ovs_idl [None req-a96e99cc-2baa-4ad8-aff9-41487acf7d6a None None] Created schema index Port_Group.name {{(pid=120499) autocreate_indices /usr/local/lib/python3.8/dist-packages/ovsdbapp/backend/ovs_idl/__init__.py:104}}
Sep 09 01:44:56 ubuntu neutron-server[120499]: DEBUG ovsdbapp.backend.ovs_idl [None req-a96e99cc-2baa-4ad8-aff9-41487acf7d6a None None] Created schema index Datapath_Binding.tunnel_key {{(pid=120499) autocreate_indices /usr/local/lib/python3.8/dist-packages/ovsdbapp/backend/ovs_idl/__init__.py:104}}
Sep 09 01:44:56 ubuntu neutron-server[120717]: DEBUG neutron.plugins.ml2.drivers.ovn.mech_driver.ovsdb.ovsdb_monitor [None req-82c1adec-191c-48e8-82db-7c58ba8696ab None None] Hash Ring: Node d943675a-18c0-4f08-803c-79da71981c9e (host: ubuntu) handling event "create" for row 5a6a138c-a3df-4e65-8812-eef14d685227 (table: Database) {{(pid=120717) notify /opt/stack/neutron/neutron/plugins/ml2/drivers/ovn/mech_driver/ovsdb/ovsdb_monitor.py:743}}
Sep 09 01:44:56 ubuntu neutron-server[120717]: DEBUG neutron.plugins.ml2.drivers.ovn.mech_driver.ovsdb.ovsdb_monitor [None req-82c1adec-191c-48e8-82db-7c58ba8696ab None None] Hash Ring: Node d943675a-18c0-4f08-803c-79da71981c9e (host: ubuntu) handling event "create" for row d01316af-7686-4edf-b051-9a8684d41f39 (table: Database) {{(pid=120717) notify /opt/stack/neutron/neutron/plugins/ml2/drivers/ovn/mech_driver/ovsdb/ovsdb_monitor.py:743}}
Sep 09 01:44:56 ubuntu neutron-server[120716]: DEBUG neutron.plugins.ml2.drivers.ovn.mech_driver.ovsdb.ovsdb_monitor [None req-3c5a9f4f-e739-4fec-90de-b337f0306638 None None] Hash Ring: Node 2108bbdc-e20f-43d6-8840-20747c5996c0 (host: ubuntu) handling event "create" for row 91ec73b7-0f33-47f5-aa76-80c683f23ddb (table: ACL) {{(pid=120716) notify /opt/stack/neutron/neutron/plugins/ml2/drivers/ovn/mech_driver/ovsdb/ovsdb_monitor.py:743}}
Sep 09 01:44:56 ubuntu neutron-server[120716]: INFO neutron.plugins.ml2.drivers.ovn.mech_driver.ovsdb.impl_idl_ovn [None req-3c5a9f4f-e739-4fec-90de-b337f0306638 None None] Getting OvsdbSbOvnIdl for WorkerService with retry
Sep 09 01:44:56 ubuntu neutron-server[120717]: DEBUG neutron.plugins.ml2.drivers.ovn.mech_driver.ovsdb.ovsdb_monitor [None req-82c1adec-191c-48e8-82db-7c58ba8696ab None None] Hash Ring: Node d943675a-18c0-4f08-803c-79da71981c9e (host: ubuntu) handling event "create" for row 348b16e1-fcd9-46cc-b106-a8f60a56403d (table: Port_Group) {{(pid=120717) notify /opt/stack/neutron/neutron/plugins/ml2/drivers/ovn/mech_driver/ovsdb/ovsdb_monitor.py:743}}
Sep 09 01:44:56 ubuntu neutron-server[120717]: DEBUG neutron.plugins.ml2.drivers.ovn.mech_driver.ovsdb.ovsdb_monitor [None req-82c1adec-191c-48e8-82db-7c58ba8696ab None None] Hash Ring: Node d943675a-18c0-4f08-803c-79da71981c9e (host: ubuntu) handling event "create" for row 0064e9f3-d2d5-4e43-9b56-e4fe400427aa (table: NB_Global) {{(pid=120717) notify /opt/stack/neutron/neutron/plugins/ml2/drivers/ovn/mech_driver/ovsdb/ovsdb_monitor.py:743}}
Sep 09 01:44:56 ubuntu neutron-server[120717]: DEBUG neutron.plugins.ml2.drivers.ovn.mech_driver.ovsdb.ovsdb_monitor [None req-82c1adec-191c-48e8-82db-7c58ba8696ab None None] Hash Ring: Node d943675a-18c0-4f08-803c-79da71981c9e (host: ubuntu) handling event "create" for row 83c286b5-1991-4956-9525-7ec8d39aede5 (table: ACL) {{(pid=120717) notify /opt/stack/neutron/neutron/plugins/ml2/drivers/ovn/mech_driver/ovsdb/ovsdb_monitor.py:743}}
Sep 09 01:44:56 ubuntu neutron-server[120717]: DEBUG neutron.plugins.ml2.drivers.ovn.mech_driver.ovsdb.ovsdb_monitor [None req-82c1adec-191c-48e8-82db-7c58ba8696ab None None] Hash Ring: Node d943675a-18c0-4f08-803c-79da71981c9e (host: ubuntu) handling event "create" for row 75461263-70b2-4e57-ab4c-5b6fedd5d485 (table: Connection) {{(pid=120717) notify /opt/stack/neutron/neutron/plugins/ml2/drivers/ovn/mech_driver/ovsdb/ovsdb_monitor.py:743}}
Sep 09 01:44:56 ubuntu neutron-server[120717]: INFO neutron.plugins.ml2.drivers.ovn.mech_driver.ovsdb.impl_idl_ovn [None req-82c1adec-191c-48e8-82db-7c58ba8696ab None None] Getting OvsdbSbOvnIdl for WorkerService with retry
Sep 09 01:44:56 ubuntu neutron-server[120716]: DEBUG ovsdbapp.backend.ovs_idl [None req-3c5a9f4f-e739-4fec-90de-b337f0306638 None None] Created lookup_table index Chassis.name {{(pid=120716) autocreate_indices /usr/local/lib/python3.8/dist-packages/ovsdbapp/backend/ovs_idl/__init__.py:85}}
Sep 09 01:44:56 ubuntu neutron-server[120716]: DEBUG ovsdbapp.backend.ovs_idl [None req-3c5a9f4f-e739-4fec-90de-b337f0306638 None None] Created schema index Datapath_Binding.tunnel_key {{(pid=120716) autocreate_indices /usr/local/lib/python3.8/dist-packages/ovsdbapp/backend/ovs_idl/__init__.py:104}}
Sep 09 01:44:56 ubuntu neutron-server[120716]: DEBUG ovsdbapp.backend.ovs_idl [None req-3c5a9f4f-e739-4fec-90de-b337f0306638 None None] Created schema index Connection.target {{(pid=120716) autocreate_indices /usr/local/lib/python3.8/dist-packages/ovsdbapp/backend/ovs_idl/__init__.py:104}}
Sep 09 01:44:56 ubuntu neutron-server[120716]: INFO ovsdbapp.backend.ovs_idl.vlog [None req-3c5a9f4f-e739-4fec-90de-b337f0306638 None None] tcp:192.168.79.41:6642: connecting...
Sep 09 01:44:56 ubuntu neutron-server[120716]: INFO ovsdbapp.backend.ovs_idl.vlog [None req-3c5a9f4f-e739-4fec-90de-b337f0306638 None None] tcp:192.168.79.41:6642: connected
Sep 09 01:44:56 ubuntu neutron-server[120717]: DEBUG ovsdbapp.backend.ovs_idl [None req-82c1adec-191c-48e8-82db-7c58ba8696ab None None] Created lookup_table index Chassis.name {{(pid=120717) autocreate_indices /usr/local/lib/python3.8/dist-packages/ovsdbapp/backend/ovs_idl/__init__.py:85}}
Sep 09 01:44:56 ubuntu neutron-server[120717]: DEBUG ovsdbapp.backend.ovs_idl [None req-82c1adec-191c-48e8-82db-7c58ba8696ab None None] Created schema index Datapath_Binding.tunnel_key {{(pid=120717) autocreate_indices /usr/local/lib/python3.8/dist-packages/ovsdbapp/backend/ovs_idl/__init__.py:104}}
Sep 09 01:44:56 ubuntu neutron-server[120717]: DEBUG ovsdbapp.backend.ovs_idl [None req-82c1adec-191c-48e8-82db-7c58ba8696ab None None] Created schema index Connection.target {{(pid=120717) autocreate_indices /usr/local/lib/python3.8/dist-packages/ovsdbapp/backend/ovs_idl/__init__.py:104}}
Sep 09 01:44:56 ubuntu neutron-server[120717]: INFO ovsdbapp.backend.ovs_idl.vlog [None req-82c1adec-191c-48e8-82db-7c58ba8696ab None None] tcp:192.168.79.41:6642: connecting...
Sep 09 01:44:56 ubuntu neutron-server[120717]: INFO ovsdbapp.backend.ovs_idl.vlog [None req-82c1adec-191c-48e8-82db-7c58ba8696ab None None] tcp:192.168.79.41:6642: connected
Sep 09 01:44:56 ubuntu neutron-server[120717]: DEBUG neutron.plugins.ml2.drivers.ovn.mech_driver.ovsdb.ovsdb_monitor [-] Hash Ring: Node d943675a-18c0-4f08-803c-79da71981c9e (host: ubuntu) handling event "update" for row 75461263-70b2-4e57-ab4c-5b6fedd5d485 (table: Connection) {{(pid=120717) notify /opt/stack/neutron/neutron/plugins/ml2/drivers/ovn/mech_driver/ovsdb/ovsdb_monitor.py:743}}
Sep 09 01:44:56 ubuntu neutron-server[120717]: DEBUG neutron.common.ovn.hash_ring_manager [None req-82c1adec-191c-48e8-82db-7c58ba8696ab None None] Allow caching, nodes 2>=2 {{(pid=120717) _wait_startup_before_caching /opt/stack/neutron/neutron/common/ovn/hash_ring_manager.py:60}}
Sep 09 01:44:56 ubuntu neutron-server[120717]: DEBUG neutron.plugins.ml2.drivers.ovn.mech_driver.ovsdb.ovsdb_monitor [None req-82c1adec-191c-48e8-82db-7c58ba8696ab None None] Hash Ring: Node d943675a-18c0-4f08-803c-79da71981c9e (host: ubuntu) handling event "create" for row 3fbeb96e-7f2d-426a-82d8-89f1c372bf6e (table: Database) {{(pid=120717) notify /opt/stack/neutron/neutron/plugins/ml2/drivers/ovn/mech_driver/ovsdb/ovsdb_monitor.py:743}}
Sep 09 01:44:56 ubuntu neutron-server[120499]: INFO oslo_service.service [None req-a96e99cc-2baa-4ad8-aff9-41487acf7d6a None None] Starting 1 workers
Sep 09 01:44:56 ubuntu neutron-server[120717]: DEBUG neutron.plugins.ml2.drivers.ovn.mech_driver.ovsdb.ovsdb_monitor [None req-82c1adec-191c-48e8-82db-7c58ba8696ab None None] Hash Ring: Node d943675a-18c0-4f08-803c-79da71981c9e (host: ubuntu) handling event "create" for row 7848b5ce-78f6-4a5a-8975-d06522b898ef (table: Database) {{(pid=120717) notify /opt/stack/neutron/neutron/plugins/ml2/drivers/ovn/mech_driver/ovsdb/ovsdb_monitor.py:743}}
Sep 09 01:44:56 ubuntu neutron-server[120716]: DEBUG neutron.common.ovn.hash_ring_manager [None req-3c5a9f4f-e739-4fec-90de-b337f0306638 None None] Allow caching, nodes 2>=2 {{(pid=120716) _wait_startup_before_caching /opt/stack/neutron/neutron/common/ovn/hash_ring_manager.py:60}}
Sep 09 01:44:56 ubuntu neutron-server[120717]: DEBUG neutron.plugins.ml2.drivers.ovn.mech_driver.ovsdb.ovsdb_monitor [None req-82c1adec-191c-48e8-82db-7c58ba8696ab None None] ChassisMetadataAgentWriteEvent : Matched Chassis, create, None None {{(pid=120717) matches /opt/stack/neutron/neutron/plugins/ml2/drivers/ovn/mech_driver/ovsdb/ovsdb_monitor.py:62}}
Sep 09 01:44:56 ubuntu neutron-server[120717]: DEBUG neutron.plugins.ml2.drivers.ovn.mech_driver.ovsdb.ovsdb_monitor [None req-82c1adec-191c-48e8-82db-7c58ba8696ab None None] ChassisAgentWriteEvent : Matched Chassis, create, None None {{(pid=120717) matches /opt/stack/neutron/neutron/plugins/ml2/drivers/ovn/mech_driver/ovsdb/ovsdb_monitor.py:62}}
Sep 09 01:44:56 ubuntu neutron-server[120717]: DEBUG neutron.plugins.ml2.drivers.ovn.mech_driver.ovsdb.ovsdb_monitor [None req-82c1adec-191c-48e8-82db-7c58ba8696ab None None] Hash Ring: Node d943675a-18c0-4f08-803c-79da71981c9e (host: ubuntu) handling event "create" for row d667d7ba-748a-4133-a8e7-e2447b106134 (table: Connection) {{(pid=120717) notify /opt/stack/neutron/neutron/plugins/ml2/drivers/ovn/mech_driver/ovsdb/ovsdb_monitor.py:743}}
Sep 09 01:44:56 ubuntu neutron-server[120717]: INFO neutron.wsgi [-] (120717) wsgi starting up on http://0.0.0.0:9696
Sep 09 01:44:56 ubuntu neutron-server[120717]: DEBUG neutron.plugins.ml2.drivers.ovn.mech_driver.ovsdb.ovsdb_monitor [-] Hash Ring: Node d943675a-18c0-4f08-803c-79da71981c9e (host: ubuntu) handling event "update" for row d667d7ba-748a-4133-a8e7-e2447b106134 (table: Connection) {{(pid=120717) notify /opt/stack/neutron/neutron/plugins/ml2/drivers/ovn/mech_driver/ovsdb/ovsdb_monitor.py:743}}
Sep 09 01:44:56 ubuntu neutron-server[120499]: DEBUG oslo_service.service [None req-a96e99cc-2baa-4ad8-aff9-41487acf7d6a None None] Started child 120719 {{(pid=120499) _start_child /usr/local/lib/python3.8/dist-packages/oslo_service/service.py:575}}
Sep 09 01:44:56 ubuntu neutron-server[120499]: INFO oslo_service.service [None req-a96e99cc-2baa-4ad8-aff9-41487acf7d6a None None] Starting 1 workers
Sep 09 01:44:56 ubuntu neutron-server[120719]: DEBUG neutron.service [None req-a96e99cc-2baa-4ad8-aff9-41487acf7d6a None None] calling RpcWorker wait() {{(pid=120719) _wait /opt/stack/neutron/neutron/service.py:128}}
