Sep 02 20:41:11 ubuntu neutron-server[120784]: DEBUG neutron.api.extensions [None req-410a0c34-358d-4c34-af55-0450de14bb04 None None] Loading extension file: timestamp.py {{(pid=120784) _load_all_extensions_from_path /opt/stack/neutron/neutron/api/extensions.py:450}}
Sep 02 20:41:11 ubuntu neutron-server[120784]: DEBUG neutron.api.extensions [None req-410a0c34-358d-4c34-af55-0450de14bb04 None None] Ext name="Resource timestamps" alias="standard-attr-timestamp" description="Adds created_at and updated_at fields to all Neutron resources that have Neutron standard attributes." updated="2016-09-12T10:00:00-00:00" {{(pid=120784) _check_extension /opt/stack/neutron/neutron/api/extensions.py:416}}
Sep 02 20:41:11 ubuntu neutron-server[120784]: INFO neutron.api.extensions [None req-410a0c34-358d-4c34-af55-0450de14bb04 None None] Loaded extension: standard-attr-timestamp
Sep 02 20:41:11 ubuntu neutron-server[120784]: DEBUG neutron.api.extensions [None req-410a0c34-358d-4c34-af55-0450de14bb04 None None] Loading extension file: trunk.py {{(pid=120784) _load_all_extensions_from_path /opt/stack/neutron/neutron/api/extensions.py:450}}
Sep 02 20:41:11 ubuntu neutron-server[120784]: DEBUG neutron.api.extensions [None req-410a0c34-358d-4c34-af55-0450de14bb04 None None] Ext name="Trunk Extension" alias="trunk" description="Provides support for trunk ports" updated="2016-01-01T10:00:00-00:00" {{(pid=120784) _check_extension /opt/stack/neutron/neutron/api/extensions.py:416}}
Sep 02 20:41:11 ubuntu neutron-server[120784]: INFO neutron.api.extensions [None req-410a0c34-358d-4c34-af55-0450de14bb04 None None] Extension trunk not supported by any of loaded plugins
Sep 02 20:41:11 ubuntu neutron-server[120784]: DEBUG neutron.api.extensions [None req-410a0c34-358d-4c34-af55-0450de14bb04 None None] Loading extension file: trunk_details.py {{(pid=120784) _load_all_extensions_from_path /opt/stack/neutron/neutron/api/extensions.py:450}}
Sep 02 20:41:11 ubuntu neutron-server[120784]: DEBUG neutron.api.extensions [None req-410a0c34-358d-4c34-af55-0450de14bb04 None None] Ext name="Trunk port details" alias="trunk-details" description="Expose trunk port details" updated="2016-01-01T10:00:00-00:00" {{(pid=120784) _check_extension /opt/stack/neutron/neutron/api/extensions.py:416}}
Sep 02 20:41:11 ubuntu neutron-server[120784]: INFO neutron.api.extensions [None req-410a0c34-358d-4c34-af55-0450de14bb04 None None] Extension trunk-details not supported by any of loaded plugins
Sep 02 20:41:11 ubuntu neutron-server[120784]: DEBUG neutron.api.extensions [None req-410a0c34-358d-4c34-af55-0450de14bb04 None None] Loading extension file: uplink_status_propagation.py {{(pid=120784) _load_all_extensions_from_path /opt/stack/neutron/neutron/api/extensions.py:450}}
Sep 02 20:41:11 ubuntu neutron-server[120784]: DEBUG neutron.api.extensions [None req-410a0c34-358d-4c34-af55-0450de14bb04 None None] Ext name="Uplink status propagation extension" alias="uplink-status-propagation" description="Provides ability to propagate port uplink status." updated="2018-05-31T18:00:00-00:00" {{(pid=120784) _check_extension /opt/stack/neutron/neutron/api/extensions.py:416}}
Sep 02 20:41:11 ubuntu neutron-server[120784]: INFO neutron.api.extensions [None req-410a0c34-358d-4c34-af55-0450de14bb04 None None] Extension uplink-status-propagation not supported by any of loaded plugins
Sep 02 20:41:11 ubuntu neutron-server[120784]: DEBUG neutron.api.extensions [None req-410a0c34-358d-4c34-af55-0450de14bb04 None None] Loading extension file: vlantransparent.py {{(pid=120784) _load_all_extensions_from_path /opt/stack/neutron/neutron/api/extensions.py:450}}
Sep 02 20:41:11 ubuntu neutron-server[120784]: DEBUG neutron.api.extensions [None req-410a0c34-358d-4c34-af55-0450de14bb04 None None] Ext name="Vlantransparent" alias="vlan-transparent" description="Provides Vlan Transparent Networks" updated="2015-03-23T09:00:00-00:00" {{(pid=120784) _check_extension /opt/stack/neutron/neutron/api/extensions.py:416}}
Sep 02 20:41:11 ubuntu neutron-server[120784]: INFO neutron.api.extensions [None req-410a0c34-358d-4c34-af55-0450de14bb04 None None] Extension vlan-transparent not supported by any of loaded plugins
Sep 02 20:41:11 ubuntu neutron-server[120784]: INFO neutron.quota.resource_registry [None req-410a0c34-358d-4c34-af55-0450de14bb04 None None] Creating instance of TrackedResource for resource:network
Sep 02 20:41:11 ubuntu neutron-server[120784]: INFO neutron.quota.resource_registry [None req-410a0c34-358d-4c34-af55-0450de14bb04 None None] Creating instance of TrackedResource for resource:subnet
Sep 02 20:41:11 ubuntu neutron-server[120784]: INFO neutron.quota.resource_registry [None req-410a0c34-358d-4c34-af55-0450de14bb04 None None] Creating instance of TrackedResource for resource:subnetpool
Sep 02 20:41:11 ubuntu neutron-server[120784]: INFO neutron.quota.resource_registry [None req-410a0c34-358d-4c34-af55-0450de14bb04 None None] Creating instance of TrackedResource for resource:port
Sep 02 20:41:11 ubuntu neutron-server[120784]: DEBUG neutron.api.v2.resource_helper [None req-410a0c34-358d-4c34-af55-0450de14bb04 None None] Service FLAVORS assigned prefix:  {{(pid=120784) build_resource_info /opt/stack/neutron/neutron/api/v2/resource_helper.py:77}}
Sep 02 20:41:11 ubuntu neutron-server[120784]: DEBUG neutron.api.v2.resource_helper [None req-410a0c34-358d-4c34-af55-0450de14bb04 None None] Service L3_ROUTER_NAT assigned prefix:  {{(pid=120784) build_resource_info /opt/stack/neutron/neutron/api/v2/resource_helper.py:77}}
Sep 02 20:41:11 ubuntu neutron-server[120784]: DEBUG neutron.api.v2.resource_helper [None req-410a0c34-358d-4c34-af55-0450de14bb04 None None] Service L3_ROUTER_NAT assigned prefix:  {{(pid=120784) build_resource_info /opt/stack/neutron/neutron/api/v2/resource_helper.py:77}}
Sep 02 20:41:11 ubuntu neutron-server[120784]: INFO neutron.quota.resource_registry [None req-410a0c34-358d-4c34-af55-0450de14bb04 None None] Creating instance of TrackedResource for resource:router
Sep 02 20:41:11 ubuntu neutron-server[120784]: INFO neutron.quota.resource_registry [None req-410a0c34-358d-4c34-af55-0450de14bb04 None None] Creating instance of TrackedResource for resource:floatingip
Sep 02 20:41:11 ubuntu neutron-server[120784]: DEBUG neutron_lib.callbacks.manager [None req-410a0c34-358d-4c34-af55-0450de14bb04 None None] Subscribe: <bound method NeutronDbPluginV2.validate_network_rbac_policy_change of <neutron.services.network_ip_availability.plugin.NetworkIPAvailabilityPlugin object at 0x7f30f7207640>> rbac-policy before_create 55550000 {{(pid=120784) subscribe /usr/local/lib/python3.8/dist-packages/neutron_lib/callbacks/manager.py:45}}
Sep 02 20:41:11 ubuntu neutron-server[120784]: DEBUG neutron_lib.callbacks.manager [None req-410a0c34-358d-4c34-af55-0450de14bb04 None None] Subscribe: <bound method NeutronDbPluginV2.validate_network_rbac_policy_change of <neutron.services.network_ip_availability.plugin.NetworkIPAvailabilityPlugin object at 0x7f30f7207640>> rbac-policy before_update 55550000 {{(pid=120784) subscribe /usr/local/lib/python3.8/dist-packages/neutron_lib/callbacks/manager.py:45}}
Sep 02 20:41:11 ubuntu neutron-server[120784]: DEBUG neutron_lib.callbacks.manager [None req-410a0c34-358d-4c34-af55-0450de14bb04 None None] Subscribe: <bound method NeutronDbPluginV2.validate_network_rbac_policy_change of <neutron.services.network_ip_availability.plugin.NetworkIPAvailabilityPlugin object at 0x7f30f7207640>> rbac-policy before_delete 55550000 {{(pid=120784) subscribe /usr/local/lib/python3.8/dist-packages/neutron_lib/callbacks/manager.py:45}}
Sep 02 20:41:11 ubuntu neutron-server[120784]: INFO neutron.quota.resource_registry [None req-410a0c34-358d-4c34-af55-0450de14bb04 None None] Creating instance of CountableResource for resource:rbac_policy
Sep 02 20:41:11 ubuntu neutron-server[120784]: INFO neutron.quota.resource_registry [None req-410a0c34-358d-4c34-af55-0450de14bb04 None None] Creating instance of TrackedResource for resource:security_group
Sep 02 20:41:11 ubuntu neutron-server[120784]: INFO neutron.quota.resource_registry [None req-410a0c34-358d-4c34-af55-0450de14bb04 None None] Creating instance of TrackedResource for resource:security_group_rule
Sep 02 20:41:11 ubuntu neutron-server[120784]: DEBUG neutron.api.v2.resource_helper [None req-410a0c34-358d-4c34-af55-0450de14bb04 None None] Service FLAVORS assigned prefix:  {{(pid=120784) build_resource_info /opt/stack/neutron/neutron/api/v2/resource_helper.py:77}}
Sep 02 20:41:11 ubuntu neutron-server[120784]: DEBUG neutron.api.v2.resource_helper [None req-410a0c34-358d-4c34-af55-0450de14bb04 None None] Service L3_ROUTER_NAT assigned prefix:  {{(pid=120784) build_resource_info /opt/stack/neutron/neutron/api/v2/resource_helper.py:77}}
Sep 02 20:41:11 ubuntu neutron-server[120784]: DEBUG neutron.api.v2.resource_helper [None req-410a0c34-358d-4c34-af55-0450de14bb04 None None] Service L3_ROUTER_NAT assigned prefix:  {{(pid=120784) build_resource_info /opt/stack/neutron/neutron/api/v2/resource_helper.py:77}}
Sep 02 20:41:11 ubuntu neutron-server[120784]: INFO neutron.quota.resource_registry [None req-410a0c34-358d-4c34-af55-0450de14bb04 None None] Creating instance of TrackedResource for resource:router
Sep 02 20:41:11 ubuntu neutron-server[120784]: WARNING neutron.quota.resource_registry [None req-410a0c34-358d-4c34-af55-0450de14bb04 None None] router is already registered
Sep 02 20:41:11 ubuntu neutron-server[120784]: INFO neutron.quota.resource_registry [None req-410a0c34-358d-4c34-af55-0450de14bb04 None None] Creating instance of TrackedResource for resource:floatingip
Sep 02 20:41:11 ubuntu neutron-server[120784]: WARNING neutron.quota.resource_registry [None req-410a0c34-358d-4c34-af55-0450de14bb04 None None] floatingip is already registered
Sep 02 20:41:11 ubuntu neutron-server[120784]: INFO neutron.quota.resource_registry [None req-410a0c34-358d-4c34-af55-0450de14bb04 None None] Creating instance of CountableResource for resource:rbac_policy
Sep 02 20:41:11 ubuntu neutron-server[120784]: WARNING neutron.quota.resource_registry [None req-410a0c34-358d-4c34-af55-0450de14bb04 None None] rbac_policy is already registered
Sep 02 20:41:11 ubuntu neutron-server[120784]: INFO neutron.quota.resource_registry [None req-410a0c34-358d-4c34-af55-0450de14bb04 None None] Creating instance of TrackedResource for resource:security_group
Sep 02 20:41:11 ubuntu neutron-server[120784]: WARNING neutron.quota.resource_registry [None req-410a0c34-358d-4c34-af55-0450de14bb04 None None] security_group is already registered
Sep 02 20:41:11 ubuntu neutron-server[120784]: INFO neutron.quota.resource_registry [None req-410a0c34-358d-4c34-af55-0450de14bb04 None None] Creating instance of TrackedResource for resource:security_group_rule
Sep 02 20:41:11 ubuntu neutron-server[120784]: WARNING neutron.quota.resource_registry [None req-410a0c34-358d-4c34-af55-0450de14bb04 None None] security_group_rule is already registered
Sep 02 20:41:11 ubuntu neutron-server[120784]: DEBUG neutron.api.extensions [None req-410a0c34-358d-4c34-af55-0450de14bb04 None None] Extended resource: extensions {{(pid=120784) __init__ /opt/stack/neutron/neutron/api/extensions.py:157}}
Sep 02 20:41:11 ubuntu neutron-server[120784]: DEBUG neutron.api.extensions [None req-410a0c34-358d-4c34-af55-0450de14bb04 None None] Extended resource: address-groups {{(pid=120784) __init__ /opt/stack/neutron/neutron/api/extensions.py:157}}
Sep 02 20:41:11 ubuntu neutron-server[120784]: DEBUG neutron.api.extensions [None req-410a0c34-358d-4c34-af55-0450de14bb04 None None] Extended resource: address-scopes {{(pid=120784) __init__ /opt/stack/neutron/neutron/api/extensions.py:157}}
Sep 02 20:41:11 ubuntu neutron-server[120784]: DEBUG neutron.api.extensions [None req-410a0c34-358d-4c34-af55-0450de14bb04 None None] Extended resource: agents {{(pid=120784) __init__ /opt/stack/neutron/neutron/api/extensions.py:157}}
Sep 02 20:41:11 ubuntu neutron-server[120784]: DEBUG neutron.api.extensions [None req-410a0c34-358d-4c34-af55-0450de14bb04 None None] Extended resource: auto-allocated-topology {{(pid=120784) __init__ /opt/stack/neutron/neutron/api/extensions.py:157}}
Sep 02 20:41:11 ubuntu neutron-server[120784]: DEBUG neutron.api.extensions [None req-410a0c34-358d-4c34-af55-0450de14bb04 None None] Extended resource: availability_zones {{(pid=120784) __init__ /opt/stack/neutron/neutron/api/extensions.py:157}}
Sep 02 20:41:11 ubuntu neutron-server[120784]: DEBUG neutron.api.extensions [None req-410a0c34-358d-4c34-af55-0450de14bb04 None None] Extended resource: flavors {{(pid=120784) __init__ /opt/stack/neutron/neutron/api/extensions.py:157}}
Sep 02 20:41:11 ubuntu neutron-server[120784]: DEBUG neutron.api.extensions [None req-410a0c34-358d-4c34-af55-0450de14bb04 None None] Extended resource: service_profiles {{(pid=120784) __init__ /opt/stack/neutron/neutron/api/extensions.py:157}}
Sep 02 20:41:11 ubuntu neutron-server[120784]: DEBUG neutron.api.extensions [None req-410a0c34-358d-4c34-af55-0450de14bb04 None None] Extended resource: next_providers {{(pid=120784) __init__ /opt/stack/neutron/neutron/api/extensions.py:157}}
Sep 02 20:41:11 ubuntu neutron-server[120784]: DEBUG neutron.api.extensions [None req-410a0c34-358d-4c34-af55-0450de14bb04 None None] Extended resource: service_profiles {{(pid=120784) __init__ /opt/stack/neutron/neutron/api/extensions.py:157}}
Sep 02 20:41:11 ubuntu neutron-server[120784]: DEBUG neutron.api.extensions [None req-410a0c34-358d-4c34-af55-0450de14bb04 None None] Extended resource: floatingip-pools {{(pid=120784) __init__ /opt/stack/neutron/neutron/api/extensions.py:157}}
Sep 02 20:41:11 ubuntu neutron-server[120784]: DEBUG neutron.api.extensions [None req-410a0c34-358d-4c34-af55-0450de14bb04 None None] Extended resource: routers {{(pid=120784) __init__ /opt/stack/neutron/neutron/api/extensions.py:157}}
Sep 02 20:41:11 ubuntu neutron-server[120784]: DEBUG neutron.api.extensions [None req-410a0c34-358d-4c34-af55-0450de14bb04 None None] Extended resource: floatingips {{(pid=120784) __init__ /opt/stack/neutron/neutron/api/extensions.py:157}}
Sep 02 20:41:11 ubuntu neutron-server[120784]: DEBUG neutron.api.extensions [None req-410a0c34-358d-4c34-af55-0450de14bb04 None None] Extended resource: network-ip-availabilities {{(pid=120784) __init__ /opt/stack/neutron/neutron/api/extensions.py:157}}
Sep 02 20:41:11 ubuntu neutron-server[120784]: DEBUG neutron.api.extensions [None req-410a0c34-358d-4c34-af55-0450de14bb04 None None] Extended resource: bindings {{(pid=120784) __init__ /opt/stack/neutron/neutron/api/extensions.py:157}}
Sep 02 20:41:11 ubuntu neutron-server[120784]: DEBUG neutron.api.extensions [None req-410a0c34-358d-4c34-af55-0450de14bb04 None None] Extended resource: quotas {{(pid=120784) __init__ /opt/stack/neutron/neutron/api/extensions.py:157}}
Sep 02 20:41:11 ubuntu neutron-server[120784]: DEBUG neutron.api.extensions [None req-410a0c34-358d-4c34-af55-0450de14bb04 None None] Extended resource: quotas {{(pid=120784) __init__ /opt/stack/neutron/neutron/api/extensions.py:157}}
Sep 02 20:41:11 ubuntu neutron-server[120784]: DEBUG neutron.api.extensions [None req-410a0c34-358d-4c34-af55-0450de14bb04 None None] Extended resource: rbac-policies {{(pid=120784) __init__ /opt/stack/neutron/neutron/api/extensions.py:157}}
Sep 02 20:41:11 ubuntu neutron-server[120784]: DEBUG neutron.api.extensions [None req-410a0c34-358d-4c34-af55-0450de14bb04 None None] Extended resource: security-groups {{(pid=120784) __init__ /opt/stack/neutron/neutron/api/extensions.py:157}}
Sep 02 20:41:11 ubuntu neutron-server[120784]: DEBUG neutron.api.extensions [None req-410a0c34-358d-4c34-af55-0450de14bb04 None None] Extended resource: security-group-rules {{(pid=120784) __init__ /opt/stack/neutron/neutron/api/extensions.py:157}}
Sep 02 20:41:11 ubuntu neutron-server[120784]: DEBUG neutron.api.extensions [None req-410a0c34-358d-4c34-af55-0450de14bb04 None None] Extended resource: service-providers {{(pid=120784) __init__ /opt/stack/neutron/neutron/api/extensions.py:157}}
Sep 02 20:41:11 ubuntu neutron-server[120784]: DEBUG neutron.api.extensions [None req-410a0c34-358d-4c34-af55-0450de14bb04 None None] Extended resource: tags {{(pid=120784) __init__ /opt/stack/neutron/neutron/api/extensions.py:157}}
Sep 02 20:41:11 ubuntu neutron-server[120784]: DEBUG neutron.api.extensions [None req-410a0c34-358d-4c34-af55-0450de14bb04 None None] Extended resource: tags {{(pid=120784) __init__ /opt/stack/neutron/neutron/api/extensions.py:157}}
Sep 02 20:41:11 ubuntu neutron-server[120784]: DEBUG neutron.api.extensions [None req-410a0c34-358d-4c34-af55-0450de14bb04 None None] Extended resource: tags {{(pid=120784) __init__ /opt/stack/neutron/neutron/api/extensions.py:157}}
Sep 02 20:41:11 ubuntu neutron-server[120784]: DEBUG neutron.api.extensions [None req-410a0c34-358d-4c34-af55-0450de14bb04 None None] Extended resource: tags {{(pid=120784) __init__ /opt/stack/neutron/neutron/api/extensions.py:157}}
Sep 02 20:41:11 ubuntu neutron-server[120784]: DEBUG neutron.api.extensions [None req-410a0c34-358d-4c34-af55-0450de14bb04 None None] Extended resource: tags {{(pid=120784) __init__ /opt/stack/neutron/neutron/api/extensions.py:157}}
Sep 02 20:41:11 ubuntu neutron-server[120784]: DEBUG neutron.api.extensions [None req-410a0c34-358d-4c34-af55-0450de14bb04 None None] Extended resource: tags {{(pid=120784) __init__ /opt/stack/neutron/neutron/api/extensions.py:157}}
Sep 02 20:41:11 ubuntu neutron-server[120784]: DEBUG neutron.api.extensions [None req-410a0c34-358d-4c34-af55-0450de14bb04 None None] Extended resource: tags {{(pid=120784) __init__ /opt/stack/neutron/neutron/api/extensions.py:157}}
Sep 02 20:41:11 ubuntu neutron-server[120784]: DEBUG neutron.api.extensions [None req-410a0c34-358d-4c34-af55-0450de14bb04 None None] Extended resource: tags {{(pid=120784) __init__ /opt/stack/neutron/neutron/api/extensions.py:157}}
Sep 02 20:41:11 ubuntu neutron-server[120784]: DEBUG neutron.api.extensions [None req-410a0c34-358d-4c34-af55-0450de14bb04 None None] Extended resource: tags {{(pid=120784) __init__ /opt/stack/neutron/neutron/api/extensions.py:157}}
Sep 02 20:41:11 ubuntu neutron-server[120784]: DEBUG neutron.api.extensions [None req-410a0c34-358d-4c34-af55-0450de14bb04 None None] Extended resource: tags {{(pid=120784) __init__ /opt/stack/neutron/neutron/api/extensions.py:157}}
Sep 02 20:41:11 ubuntu neutron-server[120784]: WARNING keystonemiddleware.auth_token [None req-410a0c34-358d-4c34-af55-0450de14bb04 None None] AuthToken middleware is set with keystone_authtoken.service_token_roles_required set to False. This is backwards compatible but deprecated behaviour. Please set this to True.
Sep 02 20:41:11 ubuntu neutron-server[120784]: WARNING keystonemiddleware.auth_token [None req-410a0c34-358d-4c34-af55-0450de14bb04 None None] Configuring www_authenticate_uri to point to the public identity endpoint is required; clients may not be able to authenticate against an admin endpoint
Sep 02 20:41:11 ubuntu neutron-server[120784]: DEBUG oslo_concurrency.lockutils [None req-410a0c34-358d-4c34-af55-0450de14bb04 None None] Acquiring lock "singleton_lock" {{(pid=120784) lock /usr/local/lib/python3.8/dist-packages/oslo_concurrency/lockutils.py:293}}
Sep 02 20:41:11 ubuntu neutron-server[120784]: DEBUG oslo_concurrency.lockutils [None req-410a0c34-358d-4c34-af55-0450de14bb04 None None] Acquired lock "singleton_lock" {{(pid=120784) lock /usr/local/lib/python3.8/dist-packages/oslo_concurrency/lockutils.py:296}}
Sep 02 20:41:11 ubuntu neutron-server[120784]: DEBUG oslo_concurrency.lockutils [None req-410a0c34-358d-4c34-af55-0450de14bb04 None None] Releasing lock "singleton_lock" {{(pid=120784) lock /usr/local/lib/python3.8/dist-packages/oslo_concurrency/lockutils.py:314}}
Sep 02 20:41:11 ubuntu neutron-server[120784]: INFO oslo_service.service [None req-410a0c34-358d-4c34-af55-0450de14bb04 None None] Starting 2 workers
Sep 02 20:41:11 ubuntu neutron-server[120784]: DEBUG oslo_service.service [None req-410a0c34-358d-4c34-af55-0450de14bb04 None None] Started child 121002 {{(pid=120784) _start_child /usr/local/lib/python3.8/dist-packages/oslo_service/service.py:575}}
Sep 02 20:41:11 ubuntu neutron-server[120784]: DEBUG oslo_service.service [None req-410a0c34-358d-4c34-af55-0450de14bb04 None None] Started child 121003 {{(pid=120784) _start_child /usr/local/lib/python3.8/dist-packages/oslo_service/service.py:575}}
Sep 02 20:41:11 ubuntu neutron-server[120784]: INFO neutron.service [None req-410a0c34-358d-4c34-af55-0450de14bb04 None None] Neutron service started, listening on 0.0.0.0:9696
Sep 02 20:41:11 ubuntu neutron-server[120784]: DEBUG neutron_lib.callbacks.manager [None req-410a0c34-358d-4c34-af55-0450de14bb04 None None] Publish callbacks ['neutron.plugins.ml2.drivers.ovn.mech_driver.mech_driver.OVNMechanismDriver.pre_fork_initialize-403397'] for process (None), before_spawn {{(pid=120784) _notify_loop /usr/local/lib/python3.8/dist-packages/neutron_lib/callbacks/manager.py:176}}
Sep 02 20:41:11 ubuntu neutron-server[121002]: DEBUG neutron_lib.callbacks.manager [-] Publish callbacks ['neutron.plugins.ml2.drivers.ovn.mech_driver.mech_driver.OVNMechanismDriver.post_fork_initialize-403233'] for process (None), after_init {{(pid=121002) _notify_loop /usr/local/lib/python3.8/dist-packages/neutron_lib/callbacks/manager.py:176}}
Sep 02 20:41:11 ubuntu neutron-server[121003]: DEBUG neutron_lib.callbacks.manager [-] Publish callbacks ['neutron.plugins.ml2.drivers.ovn.mech_driver.mech_driver.OVNMechanismDriver.post_fork_initialize-403233'] for process (None), after_init {{(pid=121003) _notify_loop /usr/local/lib/python3.8/dist-packages/neutron_lib/callbacks/manager.py:176}}
Sep 02 20:41:11 ubuntu neutron-server[121002]: DEBUG dbcounter [-] [121002] Writer thread running {{(pid=121002) stat_writer /usr/local/lib/python3.8/dist-packages/dbcounter.py:99}}
Sep 02 20:41:11 ubuntu neutron-server[120784]: DEBUG ovsdbapp.backend.ovs_idl [None req-410a0c34-358d-4c34-af55-0450de14bb04 None None] Created schema index Port_Group.name {{(pid=120784) autocreate_indices /usr/local/lib/python3.8/dist-packages/ovsdbapp/backend/ovs_idl/__init__.py:104}}
Sep 02 20:41:11 ubuntu neutron-server[120784]: DEBUG ovsdbapp.backend.ovs_idl [None req-410a0c34-358d-4c34-af55-0450de14bb04 None None] Created schema index Logical_Switch_Port.name {{(pid=120784) autocreate_indices /usr/local/lib/python3.8/dist-packages/ovsdbapp/backend/ovs_idl/__init__.py:104}}
Sep 02 20:41:11 ubuntu neutron-server[121003]: DEBUG dbcounter [-] [121003] Writer thread running {{(pid=121003) stat_writer /usr/local/lib/python3.8/dist-packages/dbcounter.py:99}}
Sep 02 20:41:11 ubuntu neutron-server[121002]: INFO neutron.plugins.ml2.drivers.ovn.mech_driver.ovsdb.impl_idl_ovn [None req-55e97ece-6834-4f40-baea-fcefeed57659 None None] Getting OvsdbNbOvnIdl for WorkerService with retry
Sep 02 20:41:11 ubuntu neutron-server[121003]: INFO neutron.plugins.ml2.drivers.ovn.mech_driver.ovsdb.impl_idl_ovn [None req-bf8f42f2-7ee8-4929-9643-f5878befef7c None None] Getting OvsdbNbOvnIdl for WorkerService with retry
Sep 02 20:41:11 ubuntu neutron-server[120784]: DEBUG ovsdbapp.backend.ovs_idl.transaction [-] Running txn n=1 command(idx=0): PgAddCommand(name=neutron_pg_drop, may_exist=True, columns={'acls': []}) {{(pid=120784) do_commit /usr/local/lib/python3.8/dist-packages/ovsdbapp/backend/ovs_idl/transaction.py:90}}
Sep 02 20:41:11 ubuntu neutron-server[120784]: DEBUG ovsdbapp.backend.ovs_idl.transaction [-] Running txn n=1 command(idx=1): PgAclAddCommand(entity=neutron_pg_drop, direction=from-lport, priority=1001, match=inport == @neutron_pg_drop && ip, action=drop, log=False, may_exist=True, severity=[], name=[], meter=None, external_ids={}) {{(pid=120784) do_commit /usr/local/lib/python3.8/dist-packages/ovsdbapp/backend/ovs_idl/transaction.py:90}}
Sep 02 20:41:11 ubuntu neutron-server[120784]: DEBUG ovsdbapp.backend.ovs_idl.transaction [-] Running txn n=1 command(idx=2): PgAclAddCommand(entity=neutron_pg_drop, direction=to-lport, priority=1001, match=outport == @neutron_pg_drop && ip, action=drop, log=False, may_exist=True, severity=[], name=[], meter=None, external_ids={}) {{(pid=120784) do_commit /usr/local/lib/python3.8/dist-packages/ovsdbapp/backend/ovs_idl/transaction.py:90}}
Sep 02 20:41:11 ubuntu neutron-server[120784]: DEBUG ovsdbapp.backend.ovs_idl.event [-] Matched CREATE: NeutronPgDropPortGroupCreated(events=('create',), table='Port_Group', conditions=(('name', '=', 'neutron_pg_drop'),), old_conditions=None), priority=10 to row=Port_Group(name=neutron_pg_drop, ports=[], external_ids={}, acls=[<ovs.db.idl.Row object at 0x7f30f6a09cd0>, <ovs.db.idl.Row object at 0x7f30f6a09c40>]) old= {{(pid=120784) matches /usr/local/lib/python3.8/dist-packages/ovsdbapp/backend/ovs_idl/event.py:43}}
Sep 02 20:41:11 ubuntu neutron-server[121002]: DEBUG ovsdbapp.backend.ovs_idl [None req-55e97ece-6834-4f40-baea-fcefeed57659 None None] Created lookup_table index Logical_Switch.name {{(pid=121002) autocreate_indices /usr/local/lib/python3.8/dist-packages/ovsdbapp/backend/ovs_idl/__init__.py:85}}
Sep 02 20:41:11 ubuntu neutron-server[121003]: DEBUG ovsdbapp.backend.ovs_idl [None req-bf8f42f2-7ee8-4929-9643-f5878befef7c None None] Created lookup_table index Logical_Switch.name {{(pid=121003) autocreate_indices /usr/local/lib/python3.8/dist-packages/ovsdbapp/backend/ovs_idl/__init__.py:85}}
Sep 02 20:41:11 ubuntu neutron-server[121003]: DEBUG ovsdbapp.backend.ovs_idl [None req-bf8f42f2-7ee8-4929-9643-f5878befef7c None None] Created lookup_table index Logical_Router.name {{(pid=121003) autocreate_indices /usr/local/lib/python3.8/dist-packages/ovsdbapp/backend/ovs_idl/__init__.py:85}}
Sep 02 20:41:11 ubuntu neutron-server[121003]: DEBUG ovsdbapp.backend.ovs_idl [None req-bf8f42f2-7ee8-4929-9643-f5878befef7c None None] Created lookup_table index Load_Balancer.name {{(pid=121003) autocreate_indices /usr/local/lib/python3.8/dist-packages/ovsdbapp/backend/ovs_idl/__init__.py:85}}
Sep 02 20:41:11 ubuntu neutron-server[121003]: DEBUG ovsdbapp.backend.ovs_idl [None req-bf8f42f2-7ee8-4929-9643-f5878befef7c None None] Created schema index Meter.name {{(pid=121003) autocreate_indices /usr/local/lib/python3.8/dist-packages/ovsdbapp/backend/ovs_idl/__init__.py:104}}
Sep 02 20:41:11 ubuntu neutron-server[121003]: DEBUG ovsdbapp.backend.ovs_idl [None req-bf8f42f2-7ee8-4929-9643-f5878befef7c None None] Created schema index Address_Set.name {{(pid=121003) autocreate_indices /usr/local/lib/python3.8/dist-packages/ovsdbapp/backend/ovs_idl/__init__.py:104}}
Sep 02 20:41:11 ubuntu neutron-server[121003]: DEBUG ovsdbapp.backend.ovs_idl [None req-bf8f42f2-7ee8-4929-9643-f5878befef7c None None] Created schema index HA_Chassis_Group.name {{(pid=121003) autocreate_indices /usr/local/lib/python3.8/dist-packages/ovsdbapp/backend/ovs_idl/__init__.py:104}}
Sep 02 20:41:11 ubuntu neutron-server[121002]: DEBUG ovsdbapp.backend.ovs_idl [None req-55e97ece-6834-4f40-baea-fcefeed57659 None None] Created lookup_table index Logical_Router.name {{(pid=121002) autocreate_indices /usr/local/lib/python3.8/dist-packages/ovsdbapp/backend/ovs_idl/__init__.py:85}}
Sep 02 20:41:11 ubuntu neutron-server[121003]: DEBUG ovsdbapp.backend.ovs_idl [None req-bf8f42f2-7ee8-4929-9643-f5878befef7c None None] Created schema index Connection.target {{(pid=121003) autocreate_indices /usr/local/lib/python3.8/dist-packages/ovsdbapp/backend/ovs_idl/__init__.py:104}}
Sep 02 20:41:11 ubuntu neutron-server[121003]: DEBUG ovsdbapp.backend.ovs_idl [None req-bf8f42f2-7ee8-4929-9643-f5878befef7c None None] Created schema index Gateway_Chassis.name {{(pid=121003) autocreate_indices /usr/local/lib/python3.8/dist-packages/ovsdbapp/backend/ovs_idl/__init__.py:104}}
Sep 02 20:41:11 ubuntu neutron-server[121002]: DEBUG ovsdbapp.backend.ovs_idl [None req-55e97ece-6834-4f40-baea-fcefeed57659 None None] Created lookup_table index Load_Balancer.name {{(pid=121002) autocreate_indices /usr/local/lib/python3.8/dist-packages/ovsdbapp/backend/ovs_idl/__init__.py:85}}
Sep 02 20:41:11 ubuntu neutron-server[121003]: DEBUG ovsdbapp.backend.ovs_idl [None req-bf8f42f2-7ee8-4929-9643-f5878befef7c None None] Created schema index Logical_Router_Port.name {{(pid=121003) autocreate_indices /usr/local/lib/python3.8/dist-packages/ovsdbapp/backend/ovs_idl/__init__.py:104}}
Sep 02 20:41:11 ubuntu neutron-server[121002]: DEBUG ovsdbapp.backend.ovs_idl [None req-55e97ece-6834-4f40-baea-fcefeed57659 None None] Created schema index Meter.name {{(pid=121002) autocreate_indices /usr/local/lib/python3.8/dist-packages/ovsdbapp/backend/ovs_idl/__init__.py:104}}
Sep 02 20:41:11 ubuntu neutron-server[121003]: DEBUG ovsdbapp.backend.ovs_idl [None req-bf8f42f2-7ee8-4929-9643-f5878befef7c None None] Created schema index Port_Group.name {{(pid=121003) autocreate_indices /usr/local/lib/python3.8/dist-packages/ovsdbapp/backend/ovs_idl/__init__.py:104}}
Sep 02 20:41:11 ubuntu neutron-server[121002]: DEBUG ovsdbapp.backend.ovs_idl [None req-55e97ece-6834-4f40-baea-fcefeed57659 None None] Created schema index Address_Set.name {{(pid=121002) autocreate_indices /usr/local/lib/python3.8/dist-packages/ovsdbapp/backend/ovs_idl/__init__.py:104}}
Sep 02 20:41:11 ubuntu neutron-server[121003]: DEBUG ovsdbapp.backend.ovs_idl [None req-bf8f42f2-7ee8-4929-9643-f5878befef7c None None] Created schema index Logical_Switch_Port.name {{(pid=121003) autocreate_indices /usr/local/lib/python3.8/dist-packages/ovsdbapp/backend/ovs_idl/__init__.py:104}}
Sep 02 20:41:11 ubuntu neutron-server[121002]: DEBUG ovsdbapp.backend.ovs_idl [None req-55e97ece-6834-4f40-baea-fcefeed57659 None None] Created schema index HA_Chassis_Group.name {{(pid=121002) autocreate_indices /usr/local/lib/python3.8/dist-packages/ovsdbapp/backend/ovs_idl/__init__.py:104}}
Sep 02 20:41:11 ubuntu neutron-server[121002]: DEBUG ovsdbapp.backend.ovs_idl [None req-55e97ece-6834-4f40-baea-fcefeed57659 None None] Created schema index Connection.target {{(pid=121002) autocreate_indices /usr/local/lib/python3.8/dist-packages/ovsdbapp/backend/ovs_idl/__init__.py:104}}
Sep 02 20:41:11 ubuntu neutron-server[121003]: INFO ovsdbapp.backend.ovs_idl.vlog [None req-bf8f42f2-7ee8-4929-9643-f5878befef7c None None] tcp:192.168.79.43:6641: connecting...
Sep 02 20:41:11 ubuntu neutron-server[121002]: DEBUG ovsdbapp.backend.ovs_idl [None req-55e97ece-6834-4f40-baea-fcefeed57659 None None] Created schema index Gateway_Chassis.name {{(pid=121002) autocreate_indices /usr/local/lib/python3.8/dist-packages/ovsdbapp/backend/ovs_idl/__init__.py:104}}
Sep 02 20:41:11 ubuntu neutron-server[121003]: INFO ovsdbapp.backend.ovs_idl.vlog [None req-bf8f42f2-7ee8-4929-9643-f5878befef7c None None] tcp:192.168.79.43:6641: connected
Sep 02 20:41:11 ubuntu neutron-server[121002]: DEBUG ovsdbapp.backend.ovs_idl [None req-55e97ece-6834-4f40-baea-fcefeed57659 None None] Created schema index Logical_Router_Port.name {{(pid=121002) autocreate_indices /usr/local/lib/python3.8/dist-packages/ovsdbapp/backend/ovs_idl/__init__.py:104}}
Sep 02 20:41:11 ubuntu neutron-server[121002]: DEBUG ovsdbapp.backend.ovs_idl [None req-55e97ece-6834-4f40-baea-fcefeed57659 None None] Created schema index Port_Group.name {{(pid=121002) autocreate_indices /usr/local/lib/python3.8/dist-packages/ovsdbapp/backend/ovs_idl/__init__.py:104}}
Sep 02 20:41:11 ubuntu neutron-server[121002]: DEBUG ovsdbapp.backend.ovs_idl [None req-55e97ece-6834-4f40-baea-fcefeed57659 None None] Created schema index Logical_Switch_Port.name {{(pid=121002) autocreate_indices /usr/local/lib/python3.8/dist-packages/ovsdbapp/backend/ovs_idl/__init__.py:104}}
Sep 02 20:41:11 ubuntu neutron-server[121002]: INFO ovsdbapp.backend.ovs_idl.vlog [None req-55e97ece-6834-4f40-baea-fcefeed57659 None None] tcp:192.168.79.43:6641: connecting...
Sep 02 20:41:11 ubuntu neutron-server[121002]: INFO ovsdbapp.backend.ovs_idl.vlog [None req-55e97ece-6834-4f40-baea-fcefeed57659 None None] tcp:192.168.79.43:6641: connected
Sep 02 20:41:11 ubuntu neutron-server[120784]: DEBUG ovsdbapp.backend.ovs_idl [None req-410a0c34-358d-4c34-af55-0450de14bb04 None None] Created lookup_table index Logical_Switch.name {{(pid=120784) autocreate_indices /usr/local/lib/python3.8/dist-packages/ovsdbapp/backend/ovs_idl/__init__.py:85}}
Sep 02 20:41:11 ubuntu neutron-server[120784]: DEBUG ovsdbapp.backend.ovs_idl [None req-410a0c34-358d-4c34-af55-0450de14bb04 None None] Created lookup_table index Logical_Router.name {{(pid=120784) autocreate_indices /usr/local/lib/python3.8/dist-packages/ovsdbapp/backend/ovs_idl/__init__.py:85}}
Sep 02 20:41:11 ubuntu neutron-server[120784]: DEBUG ovsdbapp.backend.ovs_idl [None req-410a0c34-358d-4c34-af55-0450de14bb04 None None] Created lookup_table index Load_Balancer.name {{(pid=120784) autocreate_indices /usr/local/lib/python3.8/dist-packages/ovsdbapp/backend/ovs_idl/__init__.py:85}}
Sep 02 20:41:11 ubuntu neutron-server[120784]: DEBUG ovsdbapp.backend.ovs_idl [None req-410a0c34-358d-4c34-af55-0450de14bb04 None None] Created schema index Meter.name {{(pid=120784) autocreate_indices /usr/local/lib/python3.8/dist-packages/ovsdbapp/backend/ovs_idl/__init__.py:104}}
Sep 02 20:41:11 ubuntu neutron-server[120784]: DEBUG ovsdbapp.backend.ovs_idl [None req-410a0c34-358d-4c34-af55-0450de14bb04 None None] Created schema index Address_Set.name {{(pid=120784) autocreate_indices /usr/local/lib/python3.8/dist-packages/ovsdbapp/backend/ovs_idl/__init__.py:104}}
Sep 02 20:41:11 ubuntu neutron-server[120784]: DEBUG ovsdbapp.backend.ovs_idl [None req-410a0c34-358d-4c34-af55-0450de14bb04 None None] Created schema index HA_Chassis_Group.name {{(pid=120784) autocreate_indices /usr/local/lib/python3.8/dist-packages/ovsdbapp/backend/ovs_idl/__init__.py:104}}
Sep 02 20:41:11 ubuntu neutron-server[120784]: DEBUG ovsdbapp.backend.ovs_idl [None req-410a0c34-358d-4c34-af55-0450de14bb04 None None] Created schema index Connection.target {{(pid=120784) autocreate_indices /usr/local/lib/python3.8/dist-packages/ovsdbapp/backend/ovs_idl/__init__.py:104}}
Sep 02 20:41:11 ubuntu neutron-server[120784]: DEBUG ovsdbapp.backend.ovs_idl [None req-410a0c34-358d-4c34-af55-0450de14bb04 None None] Created schema index Gateway_Chassis.name {{(pid=120784) autocreate_indices /usr/local/lib/python3.8/dist-packages/ovsdbapp/backend/ovs_idl/__init__.py:104}}
Sep 02 20:41:11 ubuntu neutron-server[120784]: DEBUG ovsdbapp.backend.ovs_idl [None req-410a0c34-358d-4c34-af55-0450de14bb04 None None] Created schema index Logical_Router_Port.name {{(pid=120784) autocreate_indices /usr/local/lib/python3.8/dist-packages/ovsdbapp/backend/ovs_idl/__init__.py:104}}
Sep 02 20:41:11 ubuntu neutron-server[120784]: DEBUG ovsdbapp.backend.ovs_idl [None req-410a0c34-358d-4c34-af55-0450de14bb04 None None] Created schema index Port_Group.name {{(pid=120784) autocreate_indices /usr/local/lib/python3.8/dist-packages/ovsdbapp/backend/ovs_idl/__init__.py:104}}
Sep 02 20:41:11 ubuntu neutron-server[120784]: DEBUG ovsdbapp.backend.ovs_idl [None req-410a0c34-358d-4c34-af55-0450de14bb04 None None] Created schema index Logical_Switch_Port.name {{(pid=120784) autocreate_indices /usr/local/lib/python3.8/dist-packages/ovsdbapp/backend/ovs_idl/__init__.py:104}}
Sep 02 20:41:11 ubuntu neutron-server[121003]: DEBUG neutron.common.ovn.hash_ring_manager [None req-bf8f42f2-7ee8-4929-9643-f5878befef7c None None] Allow caching, nodes 2>=2 {{(pid=121003) _wait_startup_before_caching /opt/stack/neutron/neutron/common/ovn/hash_ring_manager.py:60}}
Sep 02 20:41:11 ubuntu neutron-server[121003]: DEBUG neutron.plugins.ml2.drivers.ovn.mech_driver.ovsdb.ovsdb_monitor [None req-bf8f42f2-7ee8-4929-9643-f5878befef7c None None] Hash Ring: Node b96655c8-ecca-47a5-8535-7dad435d1af7 (host: ubuntu) handling event "create" for row 15fa4d2d-7180-4dcb-a37c-85e476232084 (table: Connection) {{(pid=121003) notify /opt/stack/neutron/neutron/plugins/ml2/drivers/ovn/mech_driver/ovsdb/ovsdb_monitor.py:743}}
Sep 02 20:41:11 ubuntu neutron-server[121003]: INFO neutron.plugins.ml2.drivers.ovn.mech_driver.ovsdb.impl_idl_ovn [None req-bf8f42f2-7ee8-4929-9643-f5878befef7c None None] Getting OvsdbSbOvnIdl for WorkerService with retry
Sep 02 20:41:11 ubuntu neutron-server[120784]: DEBUG ovsdbapp.backend.ovs_idl [None req-410a0c34-358d-4c34-af55-0450de14bb04 None None] Created lookup_table index Chassis.name {{(pid=120784) autocreate_indices /usr/local/lib/python3.8/dist-packages/ovsdbapp/backend/ovs_idl/__init__.py:85}}
Sep 02 20:41:11 ubuntu neutron-server[120784]: DEBUG ovsdbapp.backend.ovs_idl [None req-410a0c34-358d-4c34-af55-0450de14bb04 None None] Created lookup_table index MAC_Binding.ip {{(pid=120784) autocreate_indices /usr/local/lib/python3.8/dist-packages/ovsdbapp/backend/ovs_idl/__init__.py:85}}
Sep 02 20:41:11 ubuntu neutron-server[120784]: DEBUG ovsdbapp.backend.ovs_idl [None req-410a0c34-358d-4c34-af55-0450de14bb04 None None] Created schema index Meter.name {{(pid=120784) autocreate_indices /usr/local/lib/python3.8/dist-packages/ovsdbapp/backend/ovs_idl/__init__.py:104}}
Sep 02 20:41:11 ubuntu neutron-server[120784]: DEBUG ovsdbapp.backend.ovs_idl [None req-410a0c34-358d-4c34-af55-0450de14bb04 None None] Created schema index Address_Set.name {{(pid=120784) autocreate_indices /usr/local/lib/python3.8/dist-packages/ovsdbapp/backend/ovs_idl/__init__.py:104}}
Sep 02 20:41:11 ubuntu neutron-server[120784]: DEBUG ovsdbapp.backend.ovs_idl [None req-410a0c34-358d-4c34-af55-0450de14bb04 None None] Created schema index HA_Chassis_Group.name {{(pid=120784) autocreate_indices /usr/local/lib/python3.8/dist-packages/ovsdbapp/backend/ovs_idl/__init__.py:104}}
Sep 02 20:41:11 ubuntu neutron-server[120784]: DEBUG ovsdbapp.backend.ovs_idl [None req-410a0c34-358d-4c34-af55-0450de14bb04 None None] Created schema index IP_Multicast.datapath {{(pid=120784) autocreate_indices /usr/local/lib/python3.8/dist-packages/ovsdbapp/backend/ovs_idl/__init__.py:104}}
Sep 02 20:41:11 ubuntu neutron-server[120784]: DEBUG ovsdbapp.backend.ovs_idl [None req-410a0c34-358d-4c34-af55-0450de14bb04 None None] Created schema index Connection.target {{(pid=120784) autocreate_indices /usr/local/lib/python3.8/dist-packages/ovsdbapp/backend/ovs_idl/__init__.py:104}}
Sep 02 20:41:11 ubuntu neutron-server[120784]: DEBUG ovsdbapp.backend.ovs_idl [None req-410a0c34-358d-4c34-af55-0450de14bb04 None None] Created schema index Gateway_Chassis.name {{(pid=120784) autocreate_indices /usr/local/lib/python3.8/dist-packages/ovsdbapp/backend/ovs_idl/__init__.py:104}}
Sep 02 20:41:11 ubuntu neutron-server[120784]: DEBUG ovsdbapp.backend.ovs_idl [None req-410a0c34-358d-4c34-af55-0450de14bb04 None None] Created schema index Port_Group.name {{(pid=120784) autocreate_indices /usr/local/lib/python3.8/dist-packages/ovsdbapp/backend/ovs_idl/__init__.py:104}}
Sep 02 20:41:11 ubuntu neutron-server[120784]: DEBUG ovsdbapp.backend.ovs_idl [None req-410a0c34-358d-4c34-af55-0450de14bb04 None None] Created schema index Datapath_Binding.tunnel_key {{(pid=120784) autocreate_indices /usr/local/lib/python3.8/dist-packages/ovsdbapp/backend/ovs_idl/__init__.py:104}}
Sep 02 20:41:11 ubuntu neutron-server[121003]: DEBUG ovsdbapp.backend.ovs_idl [None req-bf8f42f2-7ee8-4929-9643-f5878befef7c None None] Created lookup_table index Chassis.name {{(pid=121003) autocreate_indices /usr/local/lib/python3.8/dist-packages/ovsdbapp/backend/ovs_idl/__init__.py:85}}
Sep 02 20:41:11 ubuntu neutron-server[121003]: DEBUG ovsdbapp.backend.ovs_idl [None req-bf8f42f2-7ee8-4929-9643-f5878befef7c None None] Created schema index Datapath_Binding.tunnel_key {{(pid=121003) autocreate_indices /usr/local/lib/python3.8/dist-packages/ovsdbapp/backend/ovs_idl/__init__.py:104}}
Sep 02 20:41:11 ubuntu neutron-server[121003]: DEBUG ovsdbapp.backend.ovs_idl [None req-bf8f42f2-7ee8-4929-9643-f5878befef7c None None] Created schema index Connection.target {{(pid=121003) autocreate_indices /usr/local/lib/python3.8/dist-packages/ovsdbapp/backend/ovs_idl/__init__.py:104}}
Sep 02 20:41:11 ubuntu neutron-server[121003]: INFO ovsdbapp.backend.ovs_idl.vlog [None req-bf8f42f2-7ee8-4929-9643-f5878befef7c None None] tcp:192.168.79.43:6642: connecting...
Sep 02 20:41:11 ubuntu neutron-server[121003]: INFO ovsdbapp.backend.ovs_idl.vlog [None req-bf8f42f2-7ee8-4929-9643-f5878befef7c None None] tcp:192.168.79.43:6642: connected
Sep 02 20:41:11 ubuntu neutron-server[121002]: DEBUG neutron.common.ovn.hash_ring_manager [None req-55e97ece-6834-4f40-baea-fcefeed57659 None None] Allow caching, nodes 2>=2 {{(pid=121002) _wait_startup_before_caching /opt/stack/neutron/neutron/common/ovn/hash_ring_manager.py:60}}
Sep 02 20:41:11 ubuntu neutron-server[121003]: DEBUG neutron.common.ovn.hash_ring_manager [None req-bf8f42f2-7ee8-4929-9643-f5878befef7c None None] Allow caching, nodes 2>=2 {{(pid=121003) _wait_startup_before_caching /opt/stack/neutron/neutron/common/ovn/hash_ring_manager.py:60}}
Sep 02 20:41:11 ubuntu neutron-server[121002]: DEBUG neutron.plugins.ml2.drivers.ovn.mech_driver.ovsdb.ovsdb_monitor [None req-55e97ece-6834-4f40-baea-fcefeed57659 None None] Hash Ring: Node 7c0df974-189a-4711-bdb1-63c1542314bb (host: ubuntu) handling event "create" for row 9df9bf6c-83e3-4571-9c45-67d7e09a18a3 (table: Database) {{(pid=121002) notify /opt/stack/neutron/neutron/plugins/ml2/drivers/ovn/mech_driver/ovsdb/ovsdb_monitor.py:743}}
Sep 02 20:41:11 ubuntu neutron-server[121002]: DEBUG neutron.plugins.ml2.drivers.ovn.mech_driver.ovsdb.ovsdb_monitor [None req-55e97ece-6834-4f40-baea-fcefeed57659 None None] Hash Ring: Node 7c0df974-189a-4711-bdb1-63c1542314bb (host: ubuntu) handling event "create" for row 597e79b9-b2b1-4d5f-b71c-903512542568 (table: Database) {{(pid=121002) notify /opt/stack/neutron/neutron/plugins/ml2/drivers/ovn/mech_driver/ovsdb/ovsdb_monitor.py:743}}
Sep 02 20:41:11 ubuntu neutron-server[121003]: DEBUG neutron.plugins.ml2.drivers.ovn.mech_driver.ovsdb.ovsdb_monitor [None req-bf8f42f2-7ee8-4929-9643-f5878befef7c None None] Hash Ring: Node b96655c8-ecca-47a5-8535-7dad435d1af7 (host: ubuntu) handling event "create" for row 6d195287-7eba-4e92-81ef-07e2791b1df2 (table: Database) {{(pid=121003) notify /opt/stack/neutron/neutron/plugins/ml2/drivers/ovn/mech_driver/ovsdb/ovsdb_monitor.py:743}}
Sep 02 20:41:11 ubuntu neutron-server[121002]: DEBUG neutron.plugins.ml2.drivers.ovn.mech_driver.ovsdb.ovsdb_monitor [None req-55e97ece-6834-4f40-baea-fcefeed57659 None None] Hash Ring: Node 7c0df974-189a-4711-bdb1-63c1542314bb (host: ubuntu) handling event "create" for row 9693fb23-069c-4879-8bcf-b64331e3f66d (table: Port_Group) {{(pid=121002) notify /opt/stack/neutron/neutron/plugins/ml2/drivers/ovn/mech_driver/ovsdb/ovsdb_monitor.py:743}}
Sep 02 20:41:11 ubuntu neutron-server[121003]: DEBUG neutron.plugins.ml2.drivers.ovn.mech_driver.ovsdb.ovsdb_monitor [None req-bf8f42f2-7ee8-4929-9643-f5878befef7c None None] ChassisMetadataAgentWriteEvent : Matched Chassis, create, None None {{(pid=121003) matches /opt/stack/neutron/neutron/plugins/ml2/drivers/ovn/mech_driver/ovsdb/ovsdb_monitor.py:62}}
Sep 02 20:41:11 ubuntu neutron-server[121002]: DEBUG neutron.plugins.ml2.drivers.ovn.mech_driver.ovsdb.ovsdb_monitor [None req-55e97ece-6834-4f40-baea-fcefeed57659 None None] Hash Ring: Node 7c0df974-189a-4711-bdb1-63c1542314bb (host: ubuntu) handling event "create" for row 370a7194-3cdf-49b1-8b44-c6ef7b1f1aab (table: NB_Global) {{(pid=121002) notify /opt/stack/neutron/neutron/plugins/ml2/drivers/ovn/mech_driver/ovsdb/ovsdb_monitor.py:743}}
Sep 02 20:41:11 ubuntu neutron-server[121002]: DEBUG neutron.plugins.ml2.drivers.ovn.mech_driver.ovsdb.ovsdb_monitor [None req-55e97ece-6834-4f40-baea-fcefeed57659 None None] Hash Ring: Node 7c0df974-189a-4711-bdb1-63c1542314bb (host: ubuntu) handling event "create" for row 06b604c1-1cd9-4939-b3ea-dfc13a3fc0ac (table: ACL) {{(pid=121002) notify /opt/stack/neutron/neutron/plugins/ml2/drivers/ovn/mech_driver/ovsdb/ovsdb_monitor.py:743}}
Sep 02 20:41:11 ubuntu neutron-server[121003]: DEBUG neutron.plugins.ml2.drivers.ovn.mech_driver.ovsdb.ovsdb_monitor [None req-bf8f42f2-7ee8-4929-9643-f5878befef7c None None] ChassisAgentWriteEvent : Matched Chassis, create, None None {{(pid=121003) matches /opt/stack/neutron/neutron/plugins/ml2/drivers/ovn/mech_driver/ovsdb/ovsdb_monitor.py:62}}
Sep 02 20:41:11 ubuntu neutron-server[121003]: DEBUG neutron.plugins.ml2.drivers.ovn.mech_driver.ovsdb.ovsdb_monitor [None req-bf8f42f2-7ee8-4929-9643-f5878befef7c None None] Hash Ring: Node b96655c8-ecca-47a5-8535-7dad435d1af7 (host: ubuntu) handling event "create" for row 01d50936-4756-4bb3-befc-03360a5b2dff (table: Connection) {{(pid=121003) notify /opt/stack/neutron/neutron/plugins/ml2/drivers/ovn/mech_driver/ovsdb/ovsdb_monitor.py:743}}
Sep 02 20:41:11 ubuntu neutron-server[121002]: DEBUG neutron.plugins.ml2.drivers.ovn.mech_driver.ovsdb.ovsdb_monitor [None req-55e97ece-6834-4f40-baea-fcefeed57659 None None] Hash Ring: Node 7c0df974-189a-4711-bdb1-63c1542314bb (host: ubuntu) handling event "create" for row fa04ceb7-0d0d-482b-808a-d066015b00f7 (table: ACL) {{(pid=121002) notify /opt/stack/neutron/neutron/plugins/ml2/drivers/ovn/mech_driver/ovsdb/ovsdb_monitor.py:743}}
Sep 02 20:41:11 ubuntu neutron-server[121003]: INFO neutron.wsgi [-] (121003) wsgi starting up on http://0.0.0.0:9696
Sep 02 20:41:11 ubuntu neutron-server[121003]: DEBUG neutron.wsgi [-] (121003) accepted ('192.168.79.43', 46076) {{(pid=121003) server /usr/local/lib/python3.8/dist-packages/eventlet/wsgi.py:1004}}
Sep 02 20:41:11 ubuntu neutron-server[121002]: INFO neutron.plugins.ml2.drivers.ovn.mech_driver.ovsdb.impl_idl_ovn [None req-55e97ece-6834-4f40-baea-fcefeed57659 None None] Getting OvsdbSbOvnIdl for WorkerService with retry
Sep 02 20:41:11 ubuntu neutron-server[121003]: INFO neutron.wsgi [-] 192.168.79.43 "GET /networking HTTP/1.1" status: 302  len: 450 time: 0.0038302
Sep 02 20:41:11 ubuntu neutron-server[120784]: INFO oslo_service.service [None req-410a0c34-358d-4c34-af55-0450de14bb04 None None] Starting 1 workers
Sep 02 20:41:11 ubuntu neutron-server[121002]: DEBUG ovsdbapp.backend.ovs_idl [None req-55e97ece-6834-4f40-baea-fcefeed57659 None None] Created lookup_table index Chassis.name {{(pid=121002) autocreate_indices /usr/local/lib/python3.8/dist-packages/ovsdbapp/backend/ovs_idl/__init__.py:85}}
Sep 02 20:41:11 ubuntu neutron-server[121002]: DEBUG ovsdbapp.backend.ovs_idl [None req-55e97ece-6834-4f40-baea-fcefeed57659 None None] Created schema index Datapath_Binding.tunnel_key {{(pid=121002) autocreate_indices /usr/local/lib/python3.8/dist-packages/ovsdbapp/backend/ovs_idl/__init__.py:104}}
Sep 02 20:41:11 ubuntu neutron-server[121003]: INFO neutron.wsgi [-] 192.168.79.43 "GET /networking/ HTTP/1.1" status: 200  len: 266 time: 0.0023980
Sep 02 20:41:11 ubuntu neutron-server[121002]: DEBUG ovsdbapp.backend.ovs_idl [None req-55e97ece-6834-4f40-baea-fcefeed57659 None None] Created schema index Connection.target {{(pid=121002) autocreate_indices /usr/local/lib/python3.8/dist-packages/ovsdbapp/backend/ovs_idl/__init__.py:104}}
Sep 02 20:41:11 ubuntu neutron-server[121002]: INFO ovsdbapp.backend.ovs_idl.vlog [None req-55e97ece-6834-4f40-baea-fcefeed57659 None None] tcp:192.168.79.43:6642: connecting...
Sep 02 20:41:11 ubuntu neutron-server[121002]: INFO ovsdbapp.backend.ovs_idl.vlog [None req-55e97ece-6834-4f40-baea-fcefeed57659 None None] tcp:192.168.79.43:6642: connected
Sep 02 20:41:11 ubuntu neutron-server[120784]: DEBUG oslo_service.service [None req-410a0c34-358d-4c34-af55-0450de14bb04 None None] Started child 121009 {{(pid=120784) _start_child /usr/local/lib/python3.8/dist-packages/oslo_service/service.py:575}}
Sep 02 20:41:11 ubuntu neutron-server[120784]: INFO oslo_service.service [None req-410a0c34-358d-4c34-af55-0450de14bb04 None None] Starting 1 workers
Sep 02 20:41:11 ubuntu neutron-server[120784]: DEBUG oslo_service.service [None req-410a0c34-358d-4c34-af55-0450de14bb04 None None] Started child 121013 {{(pid=120784) _start_child /usr/local/lib/python3.8/dist-packages/oslo_service/service.py:575}}
Sep 02 20:41:11 ubuntu neutron-server[120784]: INFO oslo_service.service [None req-410a0c34-358d-4c34-af55-0450de14bb04 None None] Starting 1 workers
Sep 02 20:41:11 ubuntu neutron-server[121009]: DEBUG neutron.service [None req-410a0c34-358d-4c34-af55-0450de14bb04 None None] calling RpcWorker wait() {{(pid=121009) _wait /opt/stack/neutron/neutron/service.py:128}}
Sep 02 20:41:11 ubuntu neutron-server[121009]: DEBUG neutron.service [None req-410a0c34-358d-4c34-af55-0450de14bb04 None None] returning from RpcWorker wait() {{(pid=121009) _wait /opt/stack/neutron/neutron/service.py:135}}
Sep 02 20:41:11 ubuntu neutron-server[121009]: DEBUG neutron_lib.callbacks.manager [-] Publish callbacks ['neutron.plugins.ml2.drivers.ovn.mech_driver.mech_driver.OVNMechanismDriver.post_fork_initialize-403233'] for process (None), after_init {{(pid=121009) _notify_loop /usr/local/lib/python3.8/dist-packages/neutron_lib/callbacks/manager.py:176}}
Sep 02 20:41:11 ubuntu neutron-server[121013]: DEBUG neutron_lib.callbacks.manager [-] Publish callbacks ['neutron.plugins.ml2.drivers.ovn.mech_driver.mech_driver.OVNMechanismDriver.post_fork_initialize-403233'] for process (None), after_init {{(pid=121013) _notify_loop /usr/local/lib/python3.8/dist-packages/neutron_lib/callbacks/manager.py:176}}
Sep 02 20:41:11 ubuntu neutron-server[121002]: DEBUG neutron.common.ovn.hash_ring_manager [None req-55e97ece-6834-4f40-baea-fcefeed57659 None None] Allow caching, nodes 2>=2 {{(pid=121002) _wait_startup_before_caching /opt/stack/neutron/neutron/common/ovn/hash_ring_manager.py:60}}
Sep 02 20:41:11 ubuntu neutron-server[121009]: INFO neutron.plugins.ml2.drivers.ovn.mech_driver.ovsdb.impl_idl_ovn [-] Getting OvsdbNbOvnIdl for RpcWorker with retry
Sep 02 20:41:11 ubuntu neutron-server[121013]: INFO neutron.plugins.ml2.drivers.ovn.mech_driver.ovsdb.impl_idl_ovn [-] Getting OvsdbNbOvnIdl for MaintenanceWorker with retry
