Aug 08 13:22:37 ubuntu neutron-server[131536]: DEBUG neutron.api.extensions [None req-2d54df53-8f5b-428e-a9f6-9d6eb0470a8c None None] Ext name="Resource timestamps" alias="standard-attr-timestamp" description="Adds created_at and updated_at fields to all Neutron resources that have Neutron standard attributes." updated="2016-09-12T10:00:00-00:00" {{(pid=131536) _check_extension /opt/stack/neutron/neutron/api/extensions.py:416}}
Aug 08 13:22:37 ubuntu neutron-server[131536]: INFO neutron.api.extensions [None req-2d54df53-8f5b-428e-a9f6-9d6eb0470a8c None None] Loaded extension: standard-attr-timestamp
Aug 08 13:22:37 ubuntu neutron-server[131536]: DEBUG neutron.api.extensions [None req-2d54df53-8f5b-428e-a9f6-9d6eb0470a8c None None] Loading extension file: trunk.py {{(pid=131536) _load_all_extensions_from_path /opt/stack/neutron/neutron/api/extensions.py:450}}
Aug 08 13:22:37 ubuntu neutron-server[131536]: DEBUG neutron.api.extensions [None req-2d54df53-8f5b-428e-a9f6-9d6eb0470a8c None None] Ext name="Trunk Extension" alias="trunk" description="Provides support for trunk ports" updated="2016-01-01T10:00:00-00:00" {{(pid=131536) _check_extension /opt/stack/neutron/neutron/api/extensions.py:416}}
Aug 08 13:22:37 ubuntu neutron-server[131536]: INFO neutron.api.extensions [None req-2d54df53-8f5b-428e-a9f6-9d6eb0470a8c None None] Extension trunk not supported by any of loaded plugins
Aug 08 13:22:37 ubuntu neutron-server[131536]: DEBUG neutron.api.extensions [None req-2d54df53-8f5b-428e-a9f6-9d6eb0470a8c None None] Loading extension file: trunk_details.py {{(pid=131536) _load_all_extensions_from_path /opt/stack/neutron/neutron/api/extensions.py:450}}
Aug 08 13:22:37 ubuntu neutron-server[131536]: DEBUG neutron.api.extensions [None req-2d54df53-8f5b-428e-a9f6-9d6eb0470a8c None None] Ext name="Trunk port details" alias="trunk-details" description="Expose trunk port details" updated="2016-01-01T10:00:00-00:00" {{(pid=131536) _check_extension /opt/stack/neutron/neutron/api/extensions.py:416}}
Aug 08 13:22:37 ubuntu neutron-server[131536]: INFO neutron.api.extensions [None req-2d54df53-8f5b-428e-a9f6-9d6eb0470a8c None None] Extension trunk-details not supported by any of loaded plugins
Aug 08 13:22:37 ubuntu neutron-server[131536]: DEBUG neutron.api.extensions [None req-2d54df53-8f5b-428e-a9f6-9d6eb0470a8c None None] Loading extension file: uplink_status_propagation.py {{(pid=131536) _load_all_extensions_from_path /opt/stack/neutron/neutron/api/extensions.py:450}}
Aug 08 13:22:37 ubuntu neutron-server[131536]: DEBUG neutron.api.extensions [None req-2d54df53-8f5b-428e-a9f6-9d6eb0470a8c None None] Ext name="Uplink status propagation extension" alias="uplink-status-propagation" description="Provides ability to propagate port uplink status." updated="2018-05-31T18:00:00-00:00" {{(pid=131536) _check_extension /opt/stack/neutron/neutron/api/extensions.py:416}}
Aug 08 13:22:37 ubuntu neutron-server[131536]: INFO neutron.api.extensions [None req-2d54df53-8f5b-428e-a9f6-9d6eb0470a8c None None] Extension uplink-status-propagation not supported by any of loaded plugins
Aug 08 13:22:37 ubuntu neutron-server[131536]: DEBUG neutron.api.extensions [None req-2d54df53-8f5b-428e-a9f6-9d6eb0470a8c None None] Loading extension file: vlantransparent.py {{(pid=131536) _load_all_extensions_from_path /opt/stack/neutron/neutron/api/extensions.py:450}}
Aug 08 13:22:37 ubuntu neutron-server[131536]: DEBUG neutron.api.extensions [None req-2d54df53-8f5b-428e-a9f6-9d6eb0470a8c None None] Ext name="Vlantransparent" alias="vlan-transparent" description="Provides Vlan Transparent Networks" updated="2015-03-23T09:00:00-00:00" {{(pid=131536) _check_extension /opt/stack/neutron/neutron/api/extensions.py:416}}
Aug 08 13:22:37 ubuntu neutron-server[131536]: INFO neutron.api.extensions [None req-2d54df53-8f5b-428e-a9f6-9d6eb0470a8c None None] Extension vlan-transparent not supported by any of loaded plugins
Aug 08 13:22:37 ubuntu neutron-server[131536]: INFO neutron.quota.resource_registry [None req-2d54df53-8f5b-428e-a9f6-9d6eb0470a8c None None] Creating instance of TrackedResource for resource:network
Aug 08 13:22:37 ubuntu neutron-server[131536]: INFO neutron.quota.resource_registry [None req-2d54df53-8f5b-428e-a9f6-9d6eb0470a8c None None] Creating instance of TrackedResource for resource:subnet
Aug 08 13:22:37 ubuntu neutron-server[131536]: INFO neutron.quota.resource_registry [None req-2d54df53-8f5b-428e-a9f6-9d6eb0470a8c None None] Creating instance of TrackedResource for resource:subnetpool
Aug 08 13:22:37 ubuntu neutron-server[131536]: INFO neutron.quota.resource_registry [None req-2d54df53-8f5b-428e-a9f6-9d6eb0470a8c None None] Creating instance of TrackedResource for resource:port
Aug 08 13:22:37 ubuntu neutron-server[131536]: DEBUG neutron.api.v2.resource_helper [None req-2d54df53-8f5b-428e-a9f6-9d6eb0470a8c None None] Service FLAVORS assigned prefix:  {{(pid=131536) build_resource_info /opt/stack/neutron/neutron/api/v2/resource_helper.py:77}}
Aug 08 13:22:37 ubuntu neutron-server[131536]: DEBUG neutron.api.v2.resource_helper [None req-2d54df53-8f5b-428e-a9f6-9d6eb0470a8c None None] Service L3_ROUTER_NAT assigned prefix:  {{(pid=131536) build_resource_info /opt/stack/neutron/neutron/api/v2/resource_helper.py:77}}
Aug 08 13:22:37 ubuntu neutron-server[131536]: DEBUG neutron.api.v2.resource_helper [None req-2d54df53-8f5b-428e-a9f6-9d6eb0470a8c None None] Service L3_ROUTER_NAT assigned prefix:  {{(pid=131536) build_resource_info /opt/stack/neutron/neutron/api/v2/resource_helper.py:77}}
Aug 08 13:22:37 ubuntu neutron-server[131536]: INFO neutron.quota.resource_registry [None req-2d54df53-8f5b-428e-a9f6-9d6eb0470a8c None None] Creating instance of TrackedResource for resource:router
Aug 08 13:22:37 ubuntu neutron-server[131536]: INFO neutron.quota.resource_registry [None req-2d54df53-8f5b-428e-a9f6-9d6eb0470a8c None None] Creating instance of TrackedResource for resource:floatingip
Aug 08 13:22:37 ubuntu neutron-server[131536]: DEBUG neutron_lib.callbacks.manager [None req-2d54df53-8f5b-428e-a9f6-9d6eb0470a8c None None] Subscribe: <bound method NeutronDbPluginV2.validate_network_rbac_policy_change of <neutron.services.network_ip_availability.plugin.NetworkIPAvailabilityPlugin object at 0x7fcd6b07c670>> rbac-policy before_create 55550000 {{(pid=131536) subscribe /usr/local/lib/python3.8/dist-packages/neutron_lib/callbacks/manager.py:45}}
Aug 08 13:22:37 ubuntu neutron-server[131536]: DEBUG neutron_lib.callbacks.manager [None req-2d54df53-8f5b-428e-a9f6-9d6eb0470a8c None None] Subscribe: <bound method NeutronDbPluginV2.validate_network_rbac_policy_change of <neutron.services.network_ip_availability.plugin.NetworkIPAvailabilityPlugin object at 0x7fcd6b07c670>> rbac-policy before_update 55550000 {{(pid=131536) subscribe /usr/local/lib/python3.8/dist-packages/neutron_lib/callbacks/manager.py:45}}
Aug 08 13:22:37 ubuntu neutron-server[131536]: DEBUG neutron_lib.callbacks.manager [None req-2d54df53-8f5b-428e-a9f6-9d6eb0470a8c None None] Subscribe: <bound method NeutronDbPluginV2.validate_network_rbac_policy_change of <neutron.services.network_ip_availability.plugin.NetworkIPAvailabilityPlugin object at 0x7fcd6b07c670>> rbac-policy before_delete 55550000 {{(pid=131536) subscribe /usr/local/lib/python3.8/dist-packages/neutron_lib/callbacks/manager.py:45}}
Aug 08 13:22:37 ubuntu neutron-server[131536]: INFO neutron.quota.resource_registry [None req-2d54df53-8f5b-428e-a9f6-9d6eb0470a8c None None] Creating instance of CountableResource for resource:rbac_policy
Aug 08 13:22:37 ubuntu neutron-server[131536]: INFO neutron.quota.resource_registry [None req-2d54df53-8f5b-428e-a9f6-9d6eb0470a8c None None] Creating instance of TrackedResource for resource:security_group
Aug 08 13:22:37 ubuntu neutron-server[131536]: INFO neutron.quota.resource_registry [None req-2d54df53-8f5b-428e-a9f6-9d6eb0470a8c None None] Creating instance of TrackedResource for resource:security_group_rule
Aug 08 13:22:37 ubuntu neutron-server[131536]: DEBUG neutron.api.v2.resource_helper [None req-2d54df53-8f5b-428e-a9f6-9d6eb0470a8c None None] Service FLAVORS assigned prefix:  {{(pid=131536) build_resource_info /opt/stack/neutron/neutron/api/v2/resource_helper.py:77}}
Aug 08 13:22:37 ubuntu neutron-server[131536]: DEBUG neutron.api.v2.resource_helper [None req-2d54df53-8f5b-428e-a9f6-9d6eb0470a8c None None] Service L3_ROUTER_NAT assigned prefix:  {{(pid=131536) build_resource_info /opt/stack/neutron/neutron/api/v2/resource_helper.py:77}}
Aug 08 13:22:37 ubuntu neutron-server[131536]: DEBUG neutron.api.v2.resource_helper [None req-2d54df53-8f5b-428e-a9f6-9d6eb0470a8c None None] Service L3_ROUTER_NAT assigned prefix:  {{(pid=131536) build_resource_info /opt/stack/neutron/neutron/api/v2/resource_helper.py:77}}
Aug 08 13:22:37 ubuntu neutron-server[131536]: INFO neutron.quota.resource_registry [None req-2d54df53-8f5b-428e-a9f6-9d6eb0470a8c None None] Creating instance of TrackedResource for resource:router
Aug 08 13:22:37 ubuntu neutron-server[131536]: WARNING neutron.quota.resource_registry [None req-2d54df53-8f5b-428e-a9f6-9d6eb0470a8c None None] router is already registered
Aug 08 13:22:37 ubuntu neutron-server[131536]: INFO neutron.quota.resource_registry [None req-2d54df53-8f5b-428e-a9f6-9d6eb0470a8c None None] Creating instance of TrackedResource for resource:floatingip
Aug 08 13:22:37 ubuntu neutron-server[131536]: WARNING neutron.quota.resource_registry [None req-2d54df53-8f5b-428e-a9f6-9d6eb0470a8c None None] floatingip is already registered
Aug 08 13:22:37 ubuntu neutron-server[131536]: INFO neutron.quota.resource_registry [None req-2d54df53-8f5b-428e-a9f6-9d6eb0470a8c None None] Creating instance of CountableResource for resource:rbac_policy
Aug 08 13:22:37 ubuntu neutron-server[131536]: WARNING neutron.quota.resource_registry [None req-2d54df53-8f5b-428e-a9f6-9d6eb0470a8c None None] rbac_policy is already registered
Aug 08 13:22:37 ubuntu neutron-server[131536]: INFO neutron.quota.resource_registry [None req-2d54df53-8f5b-428e-a9f6-9d6eb0470a8c None None] Creating instance of TrackedResource for resource:security_group
Aug 08 13:22:37 ubuntu neutron-server[131536]: WARNING neutron.quota.resource_registry [None req-2d54df53-8f5b-428e-a9f6-9d6eb0470a8c None None] security_group is already registered
Aug 08 13:22:37 ubuntu neutron-server[131536]: INFO neutron.quota.resource_registry [None req-2d54df53-8f5b-428e-a9f6-9d6eb0470a8c None None] Creating instance of TrackedResource for resource:security_group_rule
Aug 08 13:22:37 ubuntu neutron-server[131536]: WARNING neutron.quota.resource_registry [None req-2d54df53-8f5b-428e-a9f6-9d6eb0470a8c None None] security_group_rule is already registered
Aug 08 13:22:37 ubuntu neutron-server[131536]: DEBUG neutron.api.extensions [None req-2d54df53-8f5b-428e-a9f6-9d6eb0470a8c None None] Extended resource: extensions {{(pid=131536) __init__ /opt/stack/neutron/neutron/api/extensions.py:157}}
Aug 08 13:22:37 ubuntu neutron-server[131536]: DEBUG neutron.api.extensions [None req-2d54df53-8f5b-428e-a9f6-9d6eb0470a8c None None] Extended resource: address-groups {{(pid=131536) __init__ /opt/stack/neutron/neutron/api/extensions.py:157}}
Aug 08 13:22:37 ubuntu neutron-server[131536]: DEBUG neutron.api.extensions [None req-2d54df53-8f5b-428e-a9f6-9d6eb0470a8c None None] Extended resource: address-scopes {{(pid=131536) __init__ /opt/stack/neutron/neutron/api/extensions.py:157}}
Aug 08 13:22:37 ubuntu neutron-server[131536]: DEBUG neutron.api.extensions [None req-2d54df53-8f5b-428e-a9f6-9d6eb0470a8c None None] Extended resource: agents {{(pid=131536) __init__ /opt/stack/neutron/neutron/api/extensions.py:157}}
Aug 08 13:22:37 ubuntu neutron-server[131536]: DEBUG neutron.api.extensions [None req-2d54df53-8f5b-428e-a9f6-9d6eb0470a8c None None] Extended resource: auto-allocated-topology {{(pid=131536) __init__ /opt/stack/neutron/neutron/api/extensions.py:157}}
Aug 08 13:22:37 ubuntu neutron-server[131536]: DEBUG neutron.api.extensions [None req-2d54df53-8f5b-428e-a9f6-9d6eb0470a8c None None] Extended resource: availability_zones {{(pid=131536) __init__ /opt/stack/neutron/neutron/api/extensions.py:157}}
Aug 08 13:22:37 ubuntu neutron-server[131536]: DEBUG neutron.api.extensions [None req-2d54df53-8f5b-428e-a9f6-9d6eb0470a8c None None] Extended resource: flavors {{(pid=131536) __init__ /opt/stack/neutron/neutron/api/extensions.py:157}}
Aug 08 13:22:37 ubuntu neutron-server[131536]: DEBUG neutron.api.extensions [None req-2d54df53-8f5b-428e-a9f6-9d6eb0470a8c None None] Extended resource: service_profiles {{(pid=131536) __init__ /opt/stack/neutron/neutron/api/extensions.py:157}}
Aug 08 13:22:37 ubuntu neutron-server[131536]: DEBUG neutron.api.extensions [None req-2d54df53-8f5b-428e-a9f6-9d6eb0470a8c None None] Extended resource: next_providers {{(pid=131536) __init__ /opt/stack/neutron/neutron/api/extensions.py:157}}
Aug 08 13:22:37 ubuntu neutron-server[131536]: DEBUG neutron.api.extensions [None req-2d54df53-8f5b-428e-a9f6-9d6eb0470a8c None None] Extended resource: service_profiles {{(pid=131536) __init__ /opt/stack/neutron/neutron/api/extensions.py:157}}
Aug 08 13:22:37 ubuntu neutron-server[131536]: DEBUG neutron.api.extensions [None req-2d54df53-8f5b-428e-a9f6-9d6eb0470a8c None None] Extended resource: floatingip-pools {{(pid=131536) __init__ /opt/stack/neutron/neutron/api/extensions.py:157}}
Aug 08 13:22:37 ubuntu neutron-server[131536]: DEBUG neutron.api.extensions [None req-2d54df53-8f5b-428e-a9f6-9d6eb0470a8c None None] Extended resource: routers {{(pid=131536) __init__ /opt/stack/neutron/neutron/api/extensions.py:157}}
Aug 08 13:22:37 ubuntu neutron-server[131536]: DEBUG neutron.api.extensions [None req-2d54df53-8f5b-428e-a9f6-9d6eb0470a8c None None] Extended resource: floatingips {{(pid=131536) __init__ /opt/stack/neutron/neutron/api/extensions.py:157}}
Aug 08 13:22:37 ubuntu neutron-server[131536]: DEBUG neutron.api.extensions [None req-2d54df53-8f5b-428e-a9f6-9d6eb0470a8c None None] Extended resource: network-ip-availabilities {{(pid=131536) __init__ /opt/stack/neutron/neutron/api/extensions.py:157}}
Aug 08 13:22:37 ubuntu neutron-server[131536]: DEBUG neutron.api.extensions [None req-2d54df53-8f5b-428e-a9f6-9d6eb0470a8c None None] Extended resource: bindings {{(pid=131536) __init__ /opt/stack/neutron/neutron/api/extensions.py:157}}
Aug 08 13:22:37 ubuntu neutron-server[131536]: DEBUG neutron.api.extensions [None req-2d54df53-8f5b-428e-a9f6-9d6eb0470a8c None None] Extended resource: quotas {{(pid=131536) __init__ /opt/stack/neutron/neutron/api/extensions.py:157}}
Aug 08 13:22:37 ubuntu neutron-server[131536]: DEBUG neutron.api.extensions [None req-2d54df53-8f5b-428e-a9f6-9d6eb0470a8c None None] Extended resource: quotas {{(pid=131536) __init__ /opt/stack/neutron/neutron/api/extensions.py:157}}
Aug 08 13:22:37 ubuntu neutron-server[131536]: DEBUG neutron.api.extensions [None req-2d54df53-8f5b-428e-a9f6-9d6eb0470a8c None None] Extended resource: rbac-policies {{(pid=131536) __init__ /opt/stack/neutron/neutron/api/extensions.py:157}}
Aug 08 13:22:37 ubuntu neutron-server[131536]: DEBUG neutron.api.extensions [None req-2d54df53-8f5b-428e-a9f6-9d6eb0470a8c None None] Extended resource: security-groups {{(pid=131536) __init__ /opt/stack/neutron/neutron/api/extensions.py:157}}
Aug 08 13:22:37 ubuntu neutron-server[131536]: DEBUG neutron.api.extensions [None req-2d54df53-8f5b-428e-a9f6-9d6eb0470a8c None None] Extended resource: security-group-rules {{(pid=131536) __init__ /opt/stack/neutron/neutron/api/extensions.py:157}}
Aug 08 13:22:37 ubuntu neutron-server[131536]: DEBUG neutron.api.extensions [None req-2d54df53-8f5b-428e-a9f6-9d6eb0470a8c None None] Extended resource: service-providers {{(pid=131536) __init__ /opt/stack/neutron/neutron/api/extensions.py:157}}
Aug 08 13:22:37 ubuntu neutron-server[131536]: DEBUG neutron.api.extensions [None req-2d54df53-8f5b-428e-a9f6-9d6eb0470a8c None None] Extended resource: tags {{(pid=131536) __init__ /opt/stack/neutron/neutron/api/extensions.py:157}}
Aug 08 13:22:37 ubuntu neutron-server[131536]: DEBUG neutron.api.extensions [None req-2d54df53-8f5b-428e-a9f6-9d6eb0470a8c None None] Extended resource: tags {{(pid=131536) __init__ /opt/stack/neutron/neutron/api/extensions.py:157}}
Aug 08 13:22:37 ubuntu neutron-server[131536]: DEBUG neutron.api.extensions [None req-2d54df53-8f5b-428e-a9f6-9d6eb0470a8c None None] Extended resource: tags {{(pid=131536) __init__ /opt/stack/neutron/neutron/api/extensions.py:157}}
Aug 08 13:22:37 ubuntu neutron-server[131536]: DEBUG neutron.api.extensions [None req-2d54df53-8f5b-428e-a9f6-9d6eb0470a8c None None] Extended resource: tags {{(pid=131536) __init__ /opt/stack/neutron/neutron/api/extensions.py:157}}
Aug 08 13:22:37 ubuntu neutron-server[131536]: DEBUG neutron.api.extensions [None req-2d54df53-8f5b-428e-a9f6-9d6eb0470a8c None None] Extended resource: tags {{(pid=131536) __init__ /opt/stack/neutron/neutron/api/extensions.py:157}}
Aug 08 13:22:37 ubuntu neutron-server[131536]: DEBUG neutron.api.extensions [None req-2d54df53-8f5b-428e-a9f6-9d6eb0470a8c None None] Extended resource: tags {{(pid=131536) __init__ /opt/stack/neutron/neutron/api/extensions.py:157}}
Aug 08 13:22:37 ubuntu neutron-server[131536]: DEBUG neutron.api.extensions [None req-2d54df53-8f5b-428e-a9f6-9d6eb0470a8c None None] Extended resource: tags {{(pid=131536) __init__ /opt/stack/neutron/neutron/api/extensions.py:157}}
Aug 08 13:22:37 ubuntu neutron-server[131536]: DEBUG neutron.api.extensions [None req-2d54df53-8f5b-428e-a9f6-9d6eb0470a8c None None] Extended resource: tags {{(pid=131536) __init__ /opt/stack/neutron/neutron/api/extensions.py:157}}
Aug 08 13:22:37 ubuntu neutron-server[131536]: DEBUG neutron.api.extensions [None req-2d54df53-8f5b-428e-a9f6-9d6eb0470a8c None None] Extended resource: tags {{(pid=131536) __init__ /opt/stack/neutron/neutron/api/extensions.py:157}}
Aug 08 13:22:37 ubuntu neutron-server[131536]: DEBUG neutron.api.extensions [None req-2d54df53-8f5b-428e-a9f6-9d6eb0470a8c None None] Extended resource: tags {{(pid=131536) __init__ /opt/stack/neutron/neutron/api/extensions.py:157}}
Aug 08 13:22:37 ubuntu neutron-server[131536]: WARNING keystonemiddleware.auth_token [None req-2d54df53-8f5b-428e-a9f6-9d6eb0470a8c None None] AuthToken middleware is set with keystone_authtoken.service_token_roles_required set to False. This is backwards compatible but deprecated behaviour. Please set this to True.
Aug 08 13:22:37 ubuntu neutron-server[131536]: WARNING keystonemiddleware.auth_token [None req-2d54df53-8f5b-428e-a9f6-9d6eb0470a8c None None] Configuring www_authenticate_uri to point to the public identity endpoint is required; clients may not be able to authenticate against an admin endpoint
Aug 08 13:22:37 ubuntu neutron-server[131536]: DEBUG oslo_concurrency.lockutils [None req-2d54df53-8f5b-428e-a9f6-9d6eb0470a8c None None] Acquiring lock "singleton_lock" {{(pid=131536) lock /usr/local/lib/python3.8/dist-packages/oslo_concurrency/lockutils.py:293}}
Aug 08 13:22:37 ubuntu neutron-server[131536]: DEBUG oslo_concurrency.lockutils [None req-2d54df53-8f5b-428e-a9f6-9d6eb0470a8c None None] Acquired lock "singleton_lock" {{(pid=131536) lock /usr/local/lib/python3.8/dist-packages/oslo_concurrency/lockutils.py:296}}
Aug 08 13:22:37 ubuntu neutron-server[131536]: DEBUG oslo_concurrency.lockutils [None req-2d54df53-8f5b-428e-a9f6-9d6eb0470a8c None None] Releasing lock "singleton_lock" {{(pid=131536) lock /usr/local/lib/python3.8/dist-packages/oslo_concurrency/lockutils.py:314}}
Aug 08 13:22:37 ubuntu neutron-server[131536]: INFO oslo_service.service [None req-2d54df53-8f5b-428e-a9f6-9d6eb0470a8c None None] Starting 2 workers
Aug 08 13:22:37 ubuntu neutron-server[131536]: DEBUG oslo_service.service [None req-2d54df53-8f5b-428e-a9f6-9d6eb0470a8c None None] Started child 131756 {{(pid=131536) _start_child /usr/local/lib/python3.8/dist-packages/oslo_service/service.py:575}}
Aug 08 13:22:37 ubuntu neutron-server[131756]: DEBUG neutron_lib.callbacks.manager [-] Publish callbacks ['neutron.plugins.ml2.drivers.ovn.mech_driver.mech_driver.OVNMechanismDriver.post_fork_initialize-388253'] for process (None), after_init {{(pid=131756) _notify_loop /usr/local/lib/python3.8/dist-packages/neutron_lib/callbacks/manager.py:176}}
Aug 08 13:22:37 ubuntu neutron-server[131536]: DEBUG oslo_service.service [None req-2d54df53-8f5b-428e-a9f6-9d6eb0470a8c None None] Started child 131757 {{(pid=131536) _start_child /usr/local/lib/python3.8/dist-packages/oslo_service/service.py:575}}
Aug 08 13:22:37 ubuntu neutron-server[131536]: INFO neutron.service [None req-2d54df53-8f5b-428e-a9f6-9d6eb0470a8c None None] Neutron service started, listening on 0.0.0.0:9696
Aug 08 13:22:37 ubuntu neutron-server[131536]: DEBUG neutron_lib.callbacks.manager [None req-2d54df53-8f5b-428e-a9f6-9d6eb0470a8c None None] Publish callbacks ['neutron.plugins.ml2.drivers.ovn.mech_driver.mech_driver.OVNMechanismDriver.pre_fork_initialize-386677'] for process (None), before_spawn {{(pid=131536) _notify_loop /usr/local/lib/python3.8/dist-packages/neutron_lib/callbacks/manager.py:176}}
Aug 08 13:22:37 ubuntu neutron-server[131757]: DEBUG neutron_lib.callbacks.manager [-] Publish callbacks ['neutron.plugins.ml2.drivers.ovn.mech_driver.mech_driver.OVNMechanismDriver.post_fork_initialize-388253'] for process (None), after_init {{(pid=131757) _notify_loop /usr/local/lib/python3.8/dist-packages/neutron_lib/callbacks/manager.py:176}}
Aug 08 13:22:37 ubuntu neutron-server[131756]: DEBUG dbcounter [-] [131756] Writer thread running {{(pid=131756) stat_writer /usr/local/lib/python3.8/dist-packages/dbcounter.py:99}}
Aug 08 13:22:37 ubuntu neutron-server[131757]: DEBUG dbcounter [-] [131757] Writer thread running {{(pid=131757) stat_writer /usr/local/lib/python3.8/dist-packages/dbcounter.py:99}}
Aug 08 13:22:37 ubuntu neutron-server[131536]: DEBUG ovsdbapp.backend.ovs_idl [None req-2d54df53-8f5b-428e-a9f6-9d6eb0470a8c None None] Created schema index Port_Group.name {{(pid=131536) autocreate_indices /usr/local/lib/python3.8/dist-packages/ovsdbapp/backend/ovs_idl/__init__.py:104}}
Aug 08 13:22:37 ubuntu neutron-server[131536]: DEBUG ovsdbapp.backend.ovs_idl [None req-2d54df53-8f5b-428e-a9f6-9d6eb0470a8c None None] Created schema index Logical_Switch_Port.name {{(pid=131536) autocreate_indices /usr/local/lib/python3.8/dist-packages/ovsdbapp/backend/ovs_idl/__init__.py:104}}
Aug 08 13:22:37 ubuntu neutron-server[131756]: INFO neutron.plugins.ml2.drivers.ovn.mech_driver.ovsdb.impl_idl_ovn [None req-6efc7db8-6a8a-41ad-bd63-364fa1a0837b None None] Getting OvsdbNbOvnIdl for WorkerService with retry
Aug 08 13:22:37 ubuntu neutron-server[131757]: INFO neutron.plugins.ml2.drivers.ovn.mech_driver.ovsdb.impl_idl_ovn [None req-5cddacb0-5b40-4e71-953d-d088602f9982 None None] Getting OvsdbNbOvnIdl for WorkerService with retry
Aug 08 13:22:37 ubuntu neutron-server[131536]: DEBUG ovsdbapp.backend.ovs_idl.transaction [-] Running txn n=1 command(idx=0): PgAddCommand(name=neutron_pg_drop, may_exist=True, columns={'acls': []}) {{(pid=131536) do_commit /usr/local/lib/python3.8/dist-packages/ovsdbapp/backend/ovs_idl/transaction.py:90}}
Aug 08 13:22:37 ubuntu neutron-server[131536]: DEBUG ovsdbapp.backend.ovs_idl.transaction [-] Running txn n=1 command(idx=1): PgAclAddCommand(entity=neutron_pg_drop, direction=from-lport, priority=1001, match=inport == @neutron_pg_drop && ip, action=drop, log=False, may_exist=True, severity=[], name=[], meter=None, external_ids={}) {{(pid=131536) do_commit /usr/local/lib/python3.8/dist-packages/ovsdbapp/backend/ovs_idl/transaction.py:90}}
Aug 08 13:22:37 ubuntu neutron-server[131536]: DEBUG ovsdbapp.backend.ovs_idl.transaction [-] Running txn n=1 command(idx=2): PgAclAddCommand(entity=neutron_pg_drop, direction=to-lport, priority=1001, match=outport == @neutron_pg_drop && ip, action=drop, log=False, may_exist=True, severity=[], name=[], meter=None, external_ids={}) {{(pid=131536) do_commit /usr/local/lib/python3.8/dist-packages/ovsdbapp/backend/ovs_idl/transaction.py:90}}
Aug 08 13:22:37 ubuntu neutron-server[131756]: DEBUG ovsdbapp.backend.ovs_idl [None req-6efc7db8-6a8a-41ad-bd63-364fa1a0837b None None] Created lookup_table index Logical_Switch.name {{(pid=131756) autocreate_indices /usr/local/lib/python3.8/dist-packages/ovsdbapp/backend/ovs_idl/__init__.py:85}}
Aug 08 13:22:37 ubuntu neutron-server[131756]: DEBUG ovsdbapp.backend.ovs_idl [None req-6efc7db8-6a8a-41ad-bd63-364fa1a0837b None None] Created lookup_table index Logical_Router.name {{(pid=131756) autocreate_indices /usr/local/lib/python3.8/dist-packages/ovsdbapp/backend/ovs_idl/__init__.py:85}}
Aug 08 13:22:37 ubuntu neutron-server[131756]: DEBUG ovsdbapp.backend.ovs_idl [None req-6efc7db8-6a8a-41ad-bd63-364fa1a0837b None None] Created lookup_table index Load_Balancer.name {{(pid=131756) autocreate_indices /usr/local/lib/python3.8/dist-packages/ovsdbapp/backend/ovs_idl/__init__.py:85}}
Aug 08 13:22:37 ubuntu neutron-server[131756]: DEBUG ovsdbapp.backend.ovs_idl [None req-6efc7db8-6a8a-41ad-bd63-364fa1a0837b None None] Created schema index Meter.name {{(pid=131756) autocreate_indices /usr/local/lib/python3.8/dist-packages/ovsdbapp/backend/ovs_idl/__init__.py:104}}
Aug 08 13:22:37 ubuntu neutron-server[131756]: DEBUG ovsdbapp.backend.ovs_idl [None req-6efc7db8-6a8a-41ad-bd63-364fa1a0837b None None] Created schema index Address_Set.name {{(pid=131756) autocreate_indices /usr/local/lib/python3.8/dist-packages/ovsdbapp/backend/ovs_idl/__init__.py:104}}
Aug 08 13:22:37 ubuntu neutron-server[131756]: DEBUG ovsdbapp.backend.ovs_idl [None req-6efc7db8-6a8a-41ad-bd63-364fa1a0837b None None] Created schema index HA_Chassis_Group.name {{(pid=131756) autocreate_indices /usr/local/lib/python3.8/dist-packages/ovsdbapp/backend/ovs_idl/__init__.py:104}}
Aug 08 13:22:37 ubuntu neutron-server[131756]: DEBUG ovsdbapp.backend.ovs_idl [None req-6efc7db8-6a8a-41ad-bd63-364fa1a0837b None None] Created schema index Connection.target {{(pid=131756) autocreate_indices /usr/local/lib/python3.8/dist-packages/ovsdbapp/backend/ovs_idl/__init__.py:104}}
Aug 08 13:22:37 ubuntu neutron-server[131756]: DEBUG ovsdbapp.backend.ovs_idl [None req-6efc7db8-6a8a-41ad-bd63-364fa1a0837b None None] Created schema index Gateway_Chassis.name {{(pid=131756) autocreate_indices /usr/local/lib/python3.8/dist-packages/ovsdbapp/backend/ovs_idl/__init__.py:104}}
Aug 08 13:22:37 ubuntu neutron-server[131756]: DEBUG ovsdbapp.backend.ovs_idl [None req-6efc7db8-6a8a-41ad-bd63-364fa1a0837b None None] Created schema index Logical_Router_Port.name {{(pid=131756) autocreate_indices /usr/local/lib/python3.8/dist-packages/ovsdbapp/backend/ovs_idl/__init__.py:104}}
Aug 08 13:22:37 ubuntu neutron-server[131756]: DEBUG ovsdbapp.backend.ovs_idl [None req-6efc7db8-6a8a-41ad-bd63-364fa1a0837b None None] Created schema index Port_Group.name {{(pid=131756) autocreate_indices /usr/local/lib/python3.8/dist-packages/ovsdbapp/backend/ovs_idl/__init__.py:104}}
Aug 08 13:22:37 ubuntu neutron-server[131756]: DEBUG ovsdbapp.backend.ovs_idl [None req-6efc7db8-6a8a-41ad-bd63-364fa1a0837b None None] Created schema index Logical_Switch_Port.name {{(pid=131756) autocreate_indices /usr/local/lib/python3.8/dist-packages/ovsdbapp/backend/ovs_idl/__init__.py:104}}
Aug 08 13:22:37 ubuntu neutron-server[131536]: DEBUG ovsdbapp.backend.ovs_idl.event [-] Matched CREATE: NeutronPgDropPortGroupCreated(events=('create',), table='Port_Group', conditions=(('name', '=', 'neutron_pg_drop'),), old_conditions=None), priority=10 to row=Port_Group(name=neutron_pg_drop, ports=[], external_ids={}, acls=[<ovs.db.idl.Row object at 0x7fcd6aa10460>, <ovs.db.idl.Row object at 0x7fcd6aa10190>]) old= {{(pid=131536) matches /usr/local/lib/python3.8/dist-packages/ovsdbapp/backend/ovs_idl/event.py:43}}
Aug 08 13:22:37 ubuntu neutron-server[131756]: INFO ovsdbapp.backend.ovs_idl.vlog [None req-6efc7db8-6a8a-41ad-bd63-364fa1a0837b None None] tcp:192.168.79.39:6641: connecting...
Aug 08 13:22:37 ubuntu neutron-server[131756]: INFO ovsdbapp.backend.ovs_idl.vlog [None req-6efc7db8-6a8a-41ad-bd63-364fa1a0837b None None] tcp:192.168.79.39:6641: connected
Aug 08 13:22:37 ubuntu neutron-server[131757]: DEBUG ovsdbapp.backend.ovs_idl [None req-5cddacb0-5b40-4e71-953d-d088602f9982 None None] Created lookup_table index Logical_Switch.name {{(pid=131757) autocreate_indices /usr/local/lib/python3.8/dist-packages/ovsdbapp/backend/ovs_idl/__init__.py:85}}
Aug 08 13:22:37 ubuntu neutron-server[131757]: DEBUG ovsdbapp.backend.ovs_idl [None req-5cddacb0-5b40-4e71-953d-d088602f9982 None None] Created lookup_table index Logical_Router.name {{(pid=131757) autocreate_indices /usr/local/lib/python3.8/dist-packages/ovsdbapp/backend/ovs_idl/__init__.py:85}}
Aug 08 13:22:37 ubuntu neutron-server[131757]: DEBUG ovsdbapp.backend.ovs_idl [None req-5cddacb0-5b40-4e71-953d-d088602f9982 None None] Created lookup_table index Load_Balancer.name {{(pid=131757) autocreate_indices /usr/local/lib/python3.8/dist-packages/ovsdbapp/backend/ovs_idl/__init__.py:85}}
Aug 08 13:22:37 ubuntu neutron-server[131757]: DEBUG ovsdbapp.backend.ovs_idl [None req-5cddacb0-5b40-4e71-953d-d088602f9982 None None] Created schema index Meter.name {{(pid=131757) autocreate_indices /usr/local/lib/python3.8/dist-packages/ovsdbapp/backend/ovs_idl/__init__.py:104}}
Aug 08 13:22:37 ubuntu neutron-server[131757]: DEBUG ovsdbapp.backend.ovs_idl [None req-5cddacb0-5b40-4e71-953d-d088602f9982 None None] Created schema index Address_Set.name {{(pid=131757) autocreate_indices /usr/local/lib/python3.8/dist-packages/ovsdbapp/backend/ovs_idl/__init__.py:104}}
Aug 08 13:22:37 ubuntu neutron-server[131757]: DEBUG ovsdbapp.backend.ovs_idl [None req-5cddacb0-5b40-4e71-953d-d088602f9982 None None] Created schema index HA_Chassis_Group.name {{(pid=131757) autocreate_indices /usr/local/lib/python3.8/dist-packages/ovsdbapp/backend/ovs_idl/__init__.py:104}}
Aug 08 13:22:37 ubuntu neutron-server[131757]: DEBUG ovsdbapp.backend.ovs_idl [None req-5cddacb0-5b40-4e71-953d-d088602f9982 None None] Created schema index Connection.target {{(pid=131757) autocreate_indices /usr/local/lib/python3.8/dist-packages/ovsdbapp/backend/ovs_idl/__init__.py:104}}
Aug 08 13:22:37 ubuntu neutron-server[131757]: DEBUG ovsdbapp.backend.ovs_idl [None req-5cddacb0-5b40-4e71-953d-d088602f9982 None None] Created schema index Gateway_Chassis.name {{(pid=131757) autocreate_indices /usr/local/lib/python3.8/dist-packages/ovsdbapp/backend/ovs_idl/__init__.py:104}}
Aug 08 13:22:37 ubuntu neutron-server[131757]: DEBUG ovsdbapp.backend.ovs_idl [None req-5cddacb0-5b40-4e71-953d-d088602f9982 None None] Created schema index Logical_Router_Port.name {{(pid=131757) autocreate_indices /usr/local/lib/python3.8/dist-packages/ovsdbapp/backend/ovs_idl/__init__.py:104}}
Aug 08 13:22:37 ubuntu neutron-server[131757]: DEBUG ovsdbapp.backend.ovs_idl [None req-5cddacb0-5b40-4e71-953d-d088602f9982 None None] Created schema index Port_Group.name {{(pid=131757) autocreate_indices /usr/local/lib/python3.8/dist-packages/ovsdbapp/backend/ovs_idl/__init__.py:104}}
Aug 08 13:22:37 ubuntu neutron-server[131757]: DEBUG ovsdbapp.backend.ovs_idl [None req-5cddacb0-5b40-4e71-953d-d088602f9982 None None] Created schema index Logical_Switch_Port.name {{(pid=131757) autocreate_indices /usr/local/lib/python3.8/dist-packages/ovsdbapp/backend/ovs_idl/__init__.py:104}}
Aug 08 13:22:37 ubuntu neutron-server[131757]: INFO ovsdbapp.backend.ovs_idl.vlog [None req-5cddacb0-5b40-4e71-953d-d088602f9982 None None] tcp:192.168.79.39:6641: connecting...
Aug 08 13:22:37 ubuntu neutron-server[131757]: INFO ovsdbapp.backend.ovs_idl.vlog [None req-5cddacb0-5b40-4e71-953d-d088602f9982 None None] tcp:192.168.79.39:6641: connected
Aug 08 13:22:37 ubuntu neutron-server[131756]: DEBUG neutron.common.ovn.hash_ring_manager [None req-6efc7db8-6a8a-41ad-bd63-364fa1a0837b None None] Allow caching, nodes 2>=2 {{(pid=131756) _wait_startup_before_caching /opt/stack/neutron/neutron/common/ovn/hash_ring_manager.py:60}}
Aug 08 13:22:37 ubuntu neutron-server[131757]: DEBUG neutron.common.ovn.hash_ring_manager [None req-5cddacb0-5b40-4e71-953d-d088602f9982 None None] Allow caching, nodes 2>=2 {{(pid=131757) _wait_startup_before_caching /opt/stack/neutron/neutron/common/ovn/hash_ring_manager.py:60}}
Aug 08 13:22:37 ubuntu neutron-server[131536]: DEBUG ovsdbapp.backend.ovs_idl [None req-2d54df53-8f5b-428e-a9f6-9d6eb0470a8c None None] Created lookup_table index Logical_Switch.name {{(pid=131536) autocreate_indices /usr/local/lib/python3.8/dist-packages/ovsdbapp/backend/ovs_idl/__init__.py:85}}
Aug 08 13:22:37 ubuntu neutron-server[131536]: DEBUG ovsdbapp.backend.ovs_idl [None req-2d54df53-8f5b-428e-a9f6-9d6eb0470a8c None None] Created lookup_table index Logical_Router.name {{(pid=131536) autocreate_indices /usr/local/lib/python3.8/dist-packages/ovsdbapp/backend/ovs_idl/__init__.py:85}}
Aug 08 13:22:37 ubuntu neutron-server[131536]: DEBUG ovsdbapp.backend.ovs_idl [None req-2d54df53-8f5b-428e-a9f6-9d6eb0470a8c None None] Created lookup_table index Load_Balancer.name {{(pid=131536) autocreate_indices /usr/local/lib/python3.8/dist-packages/ovsdbapp/backend/ovs_idl/__init__.py:85}}
Aug 08 13:22:37 ubuntu neutron-server[131536]: DEBUG ovsdbapp.backend.ovs_idl [None req-2d54df53-8f5b-428e-a9f6-9d6eb0470a8c None None] Created schema index Meter.name {{(pid=131536) autocreate_indices /usr/local/lib/python3.8/dist-packages/ovsdbapp/backend/ovs_idl/__init__.py:104}}
Aug 08 13:22:37 ubuntu neutron-server[131536]: DEBUG ovsdbapp.backend.ovs_idl [None req-2d54df53-8f5b-428e-a9f6-9d6eb0470a8c None None] Created schema index Address_Set.name {{(pid=131536) autocreate_indices /usr/local/lib/python3.8/dist-packages/ovsdbapp/backend/ovs_idl/__init__.py:104}}
Aug 08 13:22:37 ubuntu neutron-server[131536]: DEBUG ovsdbapp.backend.ovs_idl [None req-2d54df53-8f5b-428e-a9f6-9d6eb0470a8c None None] Created schema index HA_Chassis_Group.name {{(pid=131536) autocreate_indices /usr/local/lib/python3.8/dist-packages/ovsdbapp/backend/ovs_idl/__init__.py:104}}
Aug 08 13:22:37 ubuntu neutron-server[131536]: DEBUG ovsdbapp.backend.ovs_idl [None req-2d54df53-8f5b-428e-a9f6-9d6eb0470a8c None None] Created schema index Connection.target {{(pid=131536) autocreate_indices /usr/local/lib/python3.8/dist-packages/ovsdbapp/backend/ovs_idl/__init__.py:104}}
Aug 08 13:22:37 ubuntu neutron-server[131536]: DEBUG ovsdbapp.backend.ovs_idl [None req-2d54df53-8f5b-428e-a9f6-9d6eb0470a8c None None] Created schema index Gateway_Chassis.name {{(pid=131536) autocreate_indices /usr/local/lib/python3.8/dist-packages/ovsdbapp/backend/ovs_idl/__init__.py:104}}
Aug 08 13:22:37 ubuntu neutron-server[131536]: DEBUG ovsdbapp.backend.ovs_idl [None req-2d54df53-8f5b-428e-a9f6-9d6eb0470a8c None None] Created schema index Logical_Router_Port.name {{(pid=131536) autocreate_indices /usr/local/lib/python3.8/dist-packages/ovsdbapp/backend/ovs_idl/__init__.py:104}}
Aug 08 13:22:37 ubuntu neutron-server[131536]: DEBUG ovsdbapp.backend.ovs_idl [None req-2d54df53-8f5b-428e-a9f6-9d6eb0470a8c None None] Created schema index Port_Group.name {{(pid=131536) autocreate_indices /usr/local/lib/python3.8/dist-packages/ovsdbapp/backend/ovs_idl/__init__.py:104}}
Aug 08 13:22:37 ubuntu neutron-server[131536]: DEBUG ovsdbapp.backend.ovs_idl [None req-2d54df53-8f5b-428e-a9f6-9d6eb0470a8c None None] Created schema index Logical_Switch_Port.name {{(pid=131536) autocreate_indices /usr/local/lib/python3.8/dist-packages/ovsdbapp/backend/ovs_idl/__init__.py:104}}
Aug 08 13:22:37 ubuntu neutron-server[131756]: DEBUG neutron.plugins.ml2.drivers.ovn.mech_driver.ovsdb.ovsdb_monitor [None req-6efc7db8-6a8a-41ad-bd63-364fa1a0837b None None] Hash Ring: Node 01192e31-5cfb-453e-9f09-4a013eba84f9 (host: ubuntu) handling event "create" for row a81c35f3-0154-4128-802a-30a4758140e8 (table: Port_Group) {{(pid=131756) notify /opt/stack/neutron/neutron/plugins/ml2/drivers/ovn/mech_driver/ovsdb/ovsdb_monitor.py:743}}
Aug 08 13:22:37 ubuntu neutron-server[131756]: DEBUG neutron.plugins.ml2.drivers.ovn.mech_driver.ovsdb.ovsdb_monitor [None req-6efc7db8-6a8a-41ad-bd63-364fa1a0837b None None] Hash Ring: Node 01192e31-5cfb-453e-9f09-4a013eba84f9 (host: ubuntu) handling event "create" for row ad42f104-baca-489b-b5f0-6ae4c501423c (table: NB_Global) {{(pid=131756) notify /opt/stack/neutron/neutron/plugins/ml2/drivers/ovn/mech_driver/ovsdb/ovsdb_monitor.py:743}}
Aug 08 13:22:37 ubuntu neutron-server[131757]: DEBUG neutron.plugins.ml2.drivers.ovn.mech_driver.ovsdb.ovsdb_monitor [None req-5cddacb0-5b40-4e71-953d-d088602f9982 None None] Hash Ring: Node b326ac1e-21d5-4bb5-9829-060bd04c9adc (host: ubuntu) handling event "create" for row b6319f4a-0cba-4c95-b767-9ca18153828b (table: Database) {{(pid=131757) notify /opt/stack/neutron/neutron/plugins/ml2/drivers/ovn/mech_driver/ovsdb/ovsdb_monitor.py:743}}
Aug 08 13:22:37 ubuntu neutron-server[131756]: INFO neutron.plugins.ml2.drivers.ovn.mech_driver.ovsdb.impl_idl_ovn [None req-6efc7db8-6a8a-41ad-bd63-364fa1a0837b None None] Getting OvsdbSbOvnIdl for WorkerService with retry
Aug 08 13:22:37 ubuntu neutron-server[131757]: DEBUG neutron.plugins.ml2.drivers.ovn.mech_driver.ovsdb.ovsdb_monitor [None req-5cddacb0-5b40-4e71-953d-d088602f9982 None None] Hash Ring: Node b326ac1e-21d5-4bb5-9829-060bd04c9adc (host: ubuntu) handling event "create" for row 6f9f29dd-df68-432c-adf2-4d36538835a1 (table: Database) {{(pid=131757) notify /opt/stack/neutron/neutron/plugins/ml2/drivers/ovn/mech_driver/ovsdb/ovsdb_monitor.py:743}}
Aug 08 13:22:37 ubuntu neutron-server[131757]: DEBUG neutron.plugins.ml2.drivers.ovn.mech_driver.ovsdb.ovsdb_monitor [None req-5cddacb0-5b40-4e71-953d-d088602f9982 None None] Hash Ring: Node b326ac1e-21d5-4bb5-9829-060bd04c9adc (host: ubuntu) handling event "create" for row bc3e40cd-426c-468d-a4bd-7c8eac3c5e0d (table: ACL) {{(pid=131757) notify /opt/stack/neutron/neutron/plugins/ml2/drivers/ovn/mech_driver/ovsdb/ovsdb_monitor.py:743}}
Aug 08 13:22:37 ubuntu neutron-server[131757]: DEBUG neutron.plugins.ml2.drivers.ovn.mech_driver.ovsdb.ovsdb_monitor [None req-5cddacb0-5b40-4e71-953d-d088602f9982 None None] Hash Ring: Node b326ac1e-21d5-4bb5-9829-060bd04c9adc (host: ubuntu) handling event "create" for row 6fb7d4db-d130-4542-b913-dfa5caebfa61 (table: ACL) {{(pid=131757) notify /opt/stack/neutron/neutron/plugins/ml2/drivers/ovn/mech_driver/ovsdb/ovsdb_monitor.py:743}}
Aug 08 13:22:37 ubuntu neutron-server[131757]: DEBUG neutron.plugins.ml2.drivers.ovn.mech_driver.ovsdb.ovsdb_monitor [None req-5cddacb0-5b40-4e71-953d-d088602f9982 None None] Hash Ring: Node b326ac1e-21d5-4bb5-9829-060bd04c9adc (host: ubuntu) handling event "create" for row 1a626844-71c3-448d-a5bc-2713ed07fffb (table: Connection) {{(pid=131757) notify /opt/stack/neutron/neutron/plugins/ml2/drivers/ovn/mech_driver/ovsdb/ovsdb_monitor.py:743}}
Aug 08 13:22:37 ubuntu neutron-server[131757]: INFO neutron.plugins.ml2.drivers.ovn.mech_driver.ovsdb.impl_idl_ovn [None req-5cddacb0-5b40-4e71-953d-d088602f9982 None None] Getting OvsdbSbOvnIdl for WorkerService with retry
Aug 08 13:22:37 ubuntu neutron-server[131756]: DEBUG ovsdbapp.backend.ovs_idl [None req-6efc7db8-6a8a-41ad-bd63-364fa1a0837b None None] Created lookup_table index Chassis.name {{(pid=131756) autocreate_indices /usr/local/lib/python3.8/dist-packages/ovsdbapp/backend/ovs_idl/__init__.py:85}}
Aug 08 13:22:37 ubuntu neutron-server[131756]: DEBUG ovsdbapp.backend.ovs_idl [None req-6efc7db8-6a8a-41ad-bd63-364fa1a0837b None None] Created schema index Datapath_Binding.tunnel_key {{(pid=131756) autocreate_indices /usr/local/lib/python3.8/dist-packages/ovsdbapp/backend/ovs_idl/__init__.py:104}}
Aug 08 13:22:37 ubuntu neutron-server[131756]: DEBUG ovsdbapp.backend.ovs_idl [None req-6efc7db8-6a8a-41ad-bd63-364fa1a0837b None None] Created schema index Connection.target {{(pid=131756) autocreate_indices /usr/local/lib/python3.8/dist-packages/ovsdbapp/backend/ovs_idl/__init__.py:104}}
Aug 08 13:22:37 ubuntu neutron-server[131756]: INFO ovsdbapp.backend.ovs_idl.vlog [None req-6efc7db8-6a8a-41ad-bd63-364fa1a0837b None None] tcp:192.168.79.39:6642: connecting...
Aug 08 13:22:37 ubuntu neutron-server[131756]: INFO ovsdbapp.backend.ovs_idl.vlog [None req-6efc7db8-6a8a-41ad-bd63-364fa1a0837b None None] tcp:192.168.79.39:6642: connected
Aug 08 13:22:37 ubuntu neutron-server[131757]: DEBUG ovsdbapp.backend.ovs_idl [None req-5cddacb0-5b40-4e71-953d-d088602f9982 None None] Created lookup_table index Chassis.name {{(pid=131757) autocreate_indices /usr/local/lib/python3.8/dist-packages/ovsdbapp/backend/ovs_idl/__init__.py:85}}
Aug 08 13:22:37 ubuntu neutron-server[131757]: DEBUG ovsdbapp.backend.ovs_idl [None req-5cddacb0-5b40-4e71-953d-d088602f9982 None None] Created schema index Datapath_Binding.tunnel_key {{(pid=131757) autocreate_indices /usr/local/lib/python3.8/dist-packages/ovsdbapp/backend/ovs_idl/__init__.py:104}}
Aug 08 13:22:37 ubuntu neutron-server[131757]: DEBUG ovsdbapp.backend.ovs_idl [None req-5cddacb0-5b40-4e71-953d-d088602f9982 None None] Created schema index Connection.target {{(pid=131757) autocreate_indices /usr/local/lib/python3.8/dist-packages/ovsdbapp/backend/ovs_idl/__init__.py:104}}
Aug 08 13:22:37 ubuntu neutron-server[131757]: INFO ovsdbapp.backend.ovs_idl.vlog [None req-5cddacb0-5b40-4e71-953d-d088602f9982 None None] tcp:192.168.79.39:6642: connecting...
Aug 08 13:22:37 ubuntu neutron-server[131757]: INFO ovsdbapp.backend.ovs_idl.vlog [None req-5cddacb0-5b40-4e71-953d-d088602f9982 None None] tcp:192.168.79.39:6642: connected
Aug 08 13:22:37 ubuntu neutron-server[131536]: DEBUG ovsdbapp.backend.ovs_idl [None req-2d54df53-8f5b-428e-a9f6-9d6eb0470a8c None None] Created lookup_table index Chassis.name {{(pid=131536) autocreate_indices /usr/local/lib/python3.8/dist-packages/ovsdbapp/backend/ovs_idl/__init__.py:85}}
Aug 08 13:22:37 ubuntu neutron-server[131536]: DEBUG ovsdbapp.backend.ovs_idl [None req-2d54df53-8f5b-428e-a9f6-9d6eb0470a8c None None] Created lookup_table index MAC_Binding.ip {{(pid=131536) autocreate_indices /usr/local/lib/python3.8/dist-packages/ovsdbapp/backend/ovs_idl/__init__.py:85}}
Aug 08 13:22:37 ubuntu neutron-server[131536]: DEBUG ovsdbapp.backend.ovs_idl [None req-2d54df53-8f5b-428e-a9f6-9d6eb0470a8c None None] Created schema index Meter.name {{(pid=131536) autocreate_indices /usr/local/lib/python3.8/dist-packages/ovsdbapp/backend/ovs_idl/__init__.py:104}}
Aug 08 13:22:37 ubuntu neutron-server[131536]: DEBUG ovsdbapp.backend.ovs_idl [None req-2d54df53-8f5b-428e-a9f6-9d6eb0470a8c None None] Created schema index Address_Set.name {{(pid=131536) autocreate_indices /usr/local/lib/python3.8/dist-packages/ovsdbapp/backend/ovs_idl/__init__.py:104}}
Aug 08 13:22:37 ubuntu neutron-server[131756]: DEBUG neutron.common.ovn.hash_ring_manager [None req-6efc7db8-6a8a-41ad-bd63-364fa1a0837b None None] Allow caching, nodes 2>=2 {{(pid=131756) _wait_startup_before_caching /opt/stack/neutron/neutron/common/ovn/hash_ring_manager.py:60}}
Aug 08 13:22:37 ubuntu neutron-server[131536]: DEBUG ovsdbapp.backend.ovs_idl [None req-2d54df53-8f5b-428e-a9f6-9d6eb0470a8c None None] Created schema index HA_Chassis_Group.name {{(pid=131536) autocreate_indices /usr/local/lib/python3.8/dist-packages/ovsdbapp/backend/ovs_idl/__init__.py:104}}
Aug 08 13:22:37 ubuntu neutron-server[131536]: DEBUG ovsdbapp.backend.ovs_idl [None req-2d54df53-8f5b-428e-a9f6-9d6eb0470a8c None None] Created schema index IP_Multicast.datapath {{(pid=131536) autocreate_indices /usr/local/lib/python3.8/dist-packages/ovsdbapp/backend/ovs_idl/__init__.py:104}}
Aug 08 13:22:37 ubuntu neutron-server[131536]: DEBUG ovsdbapp.backend.ovs_idl [None req-2d54df53-8f5b-428e-a9f6-9d6eb0470a8c None None] Created schema index Connection.target {{(pid=131536) autocreate_indices /usr/local/lib/python3.8/dist-packages/ovsdbapp/backend/ovs_idl/__init__.py:104}}
Aug 08 13:22:37 ubuntu neutron-server[131536]: DEBUG ovsdbapp.backend.ovs_idl [None req-2d54df53-8f5b-428e-a9f6-9d6eb0470a8c None None] Created schema index Gateway_Chassis.name {{(pid=131536) autocreate_indices /usr/local/lib/python3.8/dist-packages/ovsdbapp/backend/ovs_idl/__init__.py:104}}
Aug 08 13:22:37 ubuntu neutron-server[131536]: DEBUG ovsdbapp.backend.ovs_idl [None req-2d54df53-8f5b-428e-a9f6-9d6eb0470a8c None None] Created schema index Port_Group.name {{(pid=131536) autocreate_indices /usr/local/lib/python3.8/dist-packages/ovsdbapp/backend/ovs_idl/__init__.py:104}}
Aug 08 13:22:37 ubuntu neutron-server[131536]: DEBUG ovsdbapp.backend.ovs_idl [None req-2d54df53-8f5b-428e-a9f6-9d6eb0470a8c None None] Created schema index Datapath_Binding.tunnel_key {{(pid=131536) autocreate_indices /usr/local/lib/python3.8/dist-packages/ovsdbapp/backend/ovs_idl/__init__.py:104}}
Aug 08 13:22:37 ubuntu neutron-server[131756]: DEBUG neutron.plugins.ml2.drivers.ovn.mech_driver.ovsdb.ovsdb_monitor [None req-6efc7db8-6a8a-41ad-bd63-364fa1a0837b None None] ChassisMetadataAgentWriteEvent : Matched Chassis, create, None None {{(pid=131756) matches /opt/stack/neutron/neutron/plugins/ml2/drivers/ovn/mech_driver/ovsdb/ovsdb_monitor.py:62}}
Aug 08 13:22:37 ubuntu neutron-server[131756]: DEBUG neutron.plugins.ml2.drivers.ovn.mech_driver.ovsdb.ovsdb_monitor [None req-6efc7db8-6a8a-41ad-bd63-364fa1a0837b None None] ChassisAgentWriteEvent : Matched Chassis, create, None None {{(pid=131756) matches /opt/stack/neutron/neutron/plugins/ml2/drivers/ovn/mech_driver/ovsdb/ovsdb_monitor.py:62}}
Aug 08 13:22:37 ubuntu neutron-server[131756]: DEBUG neutron.plugins.ml2.drivers.ovn.mech_driver.ovsdb.ovsdb_monitor [None req-6efc7db8-6a8a-41ad-bd63-364fa1a0837b None None] Hash Ring: Node 01192e31-5cfb-453e-9f09-4a013eba84f9 (host: ubuntu) handling event "create" for row 3d2f9e0e-6f84-4ec5-8047-3fea5719434a (table: Chassis) {{(pid=131756) notify /opt/stack/neutron/neutron/plugins/ml2/drivers/ovn/mech_driver/ovsdb/ovsdb_monitor.py:743}}
Aug 08 13:22:37 ubuntu neutron-server[131756]: INFO neutron.wsgi [-] (131756) wsgi starting up on http://0.0.0.0:9696
Aug 08 13:22:37 ubuntu neutron-server[131756]: DEBUG neutron.wsgi [-] (131756) accepted ('192.168.79.39', 49786) {{(pid=131756) server /usr/local/lib/python3.8/dist-packages/eventlet/wsgi.py:1004}}
Aug 08 13:22:37 ubuntu neutron-server[131757]: DEBUG neutron.common.ovn.hash_ring_manager [None req-5cddacb0-5b40-4e71-953d-d088602f9982 None None] Allow caching, nodes 2>=2 {{(pid=131757) _wait_startup_before_caching /opt/stack/neutron/neutron/common/ovn/hash_ring_manager.py:60}}
Aug 08 13:22:37 ubuntu neutron-server[131756]: INFO neutron.wsgi [-] 192.168.79.39 "GET /networking HTTP/1.1" status: 302  len: 450 time: 0.0025814
Aug 08 13:22:37 ubuntu neutron-server[131756]: INFO neutron.wsgi [-] 192.168.79.39 "GET /networking/ HTTP/1.1" status: 200  len: 266 time: 0.0018272
Aug 08 13:22:37 ubuntu neutron-server[131757]: DEBUG neutron.plugins.ml2.drivers.ovn.mech_driver.ovsdb.ovsdb_monitor [None req-5cddacb0-5b40-4e71-953d-d088602f9982 None None] Hash Ring: Node b326ac1e-21d5-4bb5-9829-060bd04c9adc (host: ubuntu) handling event "create" for row 34c047e6-8c2b-408f-8cb9-a53b4ff2d0b6 (table: Database) {{(pid=131757) notify /opt/stack/neutron/neutron/plugins/ml2/drivers/ovn/mech_driver/ovsdb/ovsdb_monitor.py:743}}
Aug 08 13:22:37 ubuntu neutron-server[131757]: DEBUG neutron.plugins.ml2.drivers.ovn.mech_driver.ovsdb.ovsdb_monitor [None req-5cddacb0-5b40-4e71-953d-d088602f9982 None None] Hash Ring: Node b326ac1e-21d5-4bb5-9829-060bd04c9adc (host: ubuntu) handling event "create" for row c60e7d7c-2c8e-4df2-b8f2-2b0908deb473 (table: Database) {{(pid=131757) notify /opt/stack/neutron/neutron/plugins/ml2/drivers/ovn/mech_driver/ovsdb/ovsdb_monitor.py:743}}
Aug 08 13:22:37 ubuntu neutron-server[131757]: DEBUG neutron.plugins.ml2.drivers.ovn.mech_driver.ovsdb.ovsdb_monitor [None req-5cddacb0-5b40-4e71-953d-d088602f9982 None None] Hash Ring: Node b326ac1e-21d5-4bb5-9829-060bd04c9adc (host: ubuntu) handling event "create" for row c43ece7f-ce50-4244-8ecd-3945a7b03dd0 (table: Encap) {{(pid=131757) notify /opt/stack/neutron/neutron/plugins/ml2/drivers/ovn/mech_driver/ovsdb/ovsdb_monitor.py:743}}
Aug 08 13:22:37 ubuntu neutron-server[131757]: DEBUG neutron.plugins.ml2.drivers.ovn.mech_driver.ovsdb.ovsdb_monitor [None req-5cddacb0-5b40-4e71-953d-d088602f9982 None None] ChassisMetadataAgentWriteEvent : Matched Chassis, create, None None {{(pid=131757) matches /opt/stack/neutron/neutron/plugins/ml2/drivers/ovn/mech_driver/ovsdb/ovsdb_monitor.py:62}}
Aug 08 13:22:37 ubuntu neutron-server[131757]: DEBUG neutron.plugins.ml2.drivers.ovn.mech_driver.ovsdb.ovsdb_monitor [None req-5cddacb0-5b40-4e71-953d-d088602f9982 None None] ChassisAgentWriteEvent : Matched Chassis, create, None None {{(pid=131757) matches /opt/stack/neutron/neutron/plugins/ml2/drivers/ovn/mech_driver/ovsdb/ovsdb_monitor.py:62}}
Aug 08 13:22:37 ubuntu neutron-server[131757]: DEBUG neutron.plugins.ml2.drivers.ovn.mech_driver.ovsdb.ovsdb_monitor [None req-5cddacb0-5b40-4e71-953d-d088602f9982 None None] Hash Ring: Node b326ac1e-21d5-4bb5-9829-060bd04c9adc (host: ubuntu) handling event "create" for row 915fe4a3-5905-4113-b285-ea13500028e2 (table: Connection) {{(pid=131757) notify /opt/stack/neutron/neutron/plugins/ml2/drivers/ovn/mech_driver/ovsdb/ovsdb_monitor.py:743}}
Aug 08 13:22:37 ubuntu neutron-server[131757]: INFO neutron.wsgi [-] (131757) wsgi starting up on http://0.0.0.0:9696
Aug 08 13:22:37 ubuntu neutron-server[131536]: INFO oslo_service.service [None req-2d54df53-8f5b-428e-a9f6-9d6eb0470a8c None None] Starting 1 workers
Aug 08 13:22:37 ubuntu neutron-server[131536]: DEBUG oslo_service.service [None req-2d54df53-8f5b-428e-a9f6-9d6eb0470a8c None None] Started child 131769 {{(pid=131536) _start_child /usr/local/lib/python3.8/dist-packages/oslo_service/service.py:575}}
Aug 08 13:22:37 ubuntu neutron-server[131536]: INFO oslo_service.service [None req-2d54df53-8f5b-428e-a9f6-9d6eb0470a8c None None] Starting 1 workers
