May 17 20:44:36 ubuntu neutron-server[125327]: DEBUG neutron.api.extensions [None req-120243e7-871b-45a9-9bf1-178608ba4063 None None] Loading extension file: uplink_status_propagation.py {{(pid=125327) _load_all_extensions_from_path /opt/stack/neutron/neutron/api/extensions.py:450}}
May 17 20:44:36 ubuntu neutron-server[125327]: DEBUG neutron.api.extensions [None req-120243e7-871b-45a9-9bf1-178608ba4063 None None] Ext name="Uplink status propagation extension" alias="uplink-status-propagation" description="Provides ability to propagate port uplink status." updated="2018-05-31T18:00:00-00:00" {{(pid=125327) _check_extension /opt/stack/neutron/neutron/api/extensions.py:416}}
May 17 20:44:36 ubuntu neutron-server[125327]: INFO neutron.api.extensions [None req-120243e7-871b-45a9-9bf1-178608ba4063 None None] Extension uplink-status-propagation not supported by any of loaded plugins
May 17 20:44:36 ubuntu neutron-server[125327]: DEBUG neutron.api.extensions [None req-120243e7-871b-45a9-9bf1-178608ba4063 None None] Loading extension file: vlantransparent.py {{(pid=125327) _load_all_extensions_from_path /opt/stack/neutron/neutron/api/extensions.py:450}}
May 17 20:44:36 ubuntu neutron-server[125327]: DEBUG neutron.api.extensions [None req-120243e7-871b-45a9-9bf1-178608ba4063 None None] Ext name="Vlantransparent" alias="vlan-transparent" description="Provides Vlan Transparent Networks" updated="2015-03-23T09:00:00-00:00" {{(pid=125327) _check_extension /opt/stack/neutron/neutron/api/extensions.py:416}}
May 17 20:44:36 ubuntu neutron-server[125327]: INFO neutron.api.extensions [None req-120243e7-871b-45a9-9bf1-178608ba4063 None None] Extension vlan-transparent not supported by any of loaded plugins
May 17 20:44:36 ubuntu neutron-server[125327]: INFO neutron.quota.resource_registry [None req-120243e7-871b-45a9-9bf1-178608ba4063 None None] Creating instance of TrackedResource for resource:network
May 17 20:44:36 ubuntu neutron-server[125327]: INFO neutron.quota.resource_registry [None req-120243e7-871b-45a9-9bf1-178608ba4063 None None] Creating instance of TrackedResource for resource:subnet
May 17 20:44:36 ubuntu neutron-server[125327]: INFO neutron.quota.resource_registry [None req-120243e7-871b-45a9-9bf1-178608ba4063 None None] Creating instance of TrackedResource for resource:subnetpool
May 17 20:44:36 ubuntu neutron-server[125327]: INFO neutron.quota.resource_registry [None req-120243e7-871b-45a9-9bf1-178608ba4063 None None] Creating instance of TrackedResource for resource:port
May 17 20:44:36 ubuntu neutron-server[125327]: DEBUG neutron.api.v2.resource_helper [None req-120243e7-871b-45a9-9bf1-178608ba4063 None None] Service FLAVORS assigned prefix:  {{(pid=125327) build_resource_info /opt/stack/neutron/neutron/api/v2/resource_helper.py:77}}
May 17 20:44:36 ubuntu neutron-server[125327]: DEBUG neutron.api.v2.resource_helper [None req-120243e7-871b-45a9-9bf1-178608ba4063 None None] Service L3_ROUTER_NAT assigned prefix:  {{(pid=125327) build_resource_info /opt/stack/neutron/neutron/api/v2/resource_helper.py:77}}
May 17 20:44:36 ubuntu neutron-server[125327]: DEBUG neutron.api.v2.resource_helper [None req-120243e7-871b-45a9-9bf1-178608ba4063 None None] Service L3_ROUTER_NAT assigned prefix:  {{(pid=125327) build_resource_info /opt/stack/neutron/neutron/api/v2/resource_helper.py:77}}
May 17 20:44:36 ubuntu neutron-server[125327]: INFO neutron.quota.resource_registry [None req-120243e7-871b-45a9-9bf1-178608ba4063 None None] Creating instance of TrackedResource for resource:router
May 17 20:44:36 ubuntu neutron-server[125327]: INFO neutron.quota.resource_registry [None req-120243e7-871b-45a9-9bf1-178608ba4063 None None] Creating instance of TrackedResource for resource:floatingip
May 17 20:44:36 ubuntu neutron-server[125327]: DEBUG neutron_lib.callbacks.manager [None req-120243e7-871b-45a9-9bf1-178608ba4063 None None] Subscribe: <bound method NeutronDbPluginV2.validate_network_rbac_policy_change of <neutron.services.network_ip_availability.plugin.NetworkIPAvailabilityPlugin object at 0x7fb9efe7a5e0>> rbac-policy before_create 55550000 {{(pid=125327) subscribe /usr/local/lib/python3.8/dist-packages/neutron_lib/callbacks/manager.py:45}}
May 17 20:44:36 ubuntu neutron-server[125327]: DEBUG neutron_lib.callbacks.manager [None req-120243e7-871b-45a9-9bf1-178608ba4063 None None] Subscribe: <bound method NeutronDbPluginV2.validate_network_rbac_policy_change of <neutron.services.network_ip_availability.plugin.NetworkIPAvailabilityPlugin object at 0x7fb9efe7a5e0>> rbac-policy before_update 55550000 {{(pid=125327) subscribe /usr/local/lib/python3.8/dist-packages/neutron_lib/callbacks/manager.py:45}}
May 17 20:44:36 ubuntu neutron-server[125327]: DEBUG neutron_lib.callbacks.manager [None req-120243e7-871b-45a9-9bf1-178608ba4063 None None] Subscribe: <bound method NeutronDbPluginV2.validate_network_rbac_policy_change of <neutron.services.network_ip_availability.plugin.NetworkIPAvailabilityPlugin object at 0x7fb9efe7a5e0>> rbac-policy before_delete 55550000 {{(pid=125327) subscribe /usr/local/lib/python3.8/dist-packages/neutron_lib/callbacks/manager.py:45}}
May 17 20:44:36 ubuntu neutron-server[125327]: INFO neutron.quota.resource_registry [None req-120243e7-871b-45a9-9bf1-178608ba4063 None None] Creating instance of CountableResource for resource:rbac_policy
May 17 20:44:36 ubuntu neutron-server[125327]: INFO neutron.quota.resource_registry [None req-120243e7-871b-45a9-9bf1-178608ba4063 None None] Creating instance of TrackedResource for resource:security_group
May 17 20:44:36 ubuntu neutron-server[125327]: INFO neutron.quota.resource_registry [None req-120243e7-871b-45a9-9bf1-178608ba4063 None None] Creating instance of TrackedResource for resource:security_group_rule
May 17 20:44:36 ubuntu neutron-server[125327]: DEBUG neutron.api.v2.resource_helper [None req-120243e7-871b-45a9-9bf1-178608ba4063 None None] Service FLAVORS assigned prefix:  {{(pid=125327) build_resource_info /opt/stack/neutron/neutron/api/v2/resource_helper.py:77}}
May 17 20:44:36 ubuntu neutron-server[125327]: DEBUG neutron.api.v2.resource_helper [None req-120243e7-871b-45a9-9bf1-178608ba4063 None None] Service L3_ROUTER_NAT assigned prefix:  {{(pid=125327) build_resource_info /opt/stack/neutron/neutron/api/v2/resource_helper.py:77}}
May 17 20:44:36 ubuntu neutron-server[125327]: DEBUG neutron.api.v2.resource_helper [None req-120243e7-871b-45a9-9bf1-178608ba4063 None None] Service L3_ROUTER_NAT assigned prefix:  {{(pid=125327) build_resource_info /opt/stack/neutron/neutron/api/v2/resource_helper.py:77}}
May 17 20:44:36 ubuntu neutron-server[125327]: INFO neutron.quota.resource_registry [None req-120243e7-871b-45a9-9bf1-178608ba4063 None None] Creating instance of TrackedResource for resource:router
May 17 20:44:36 ubuntu neutron-server[125327]: WARNING neutron.quota.resource_registry [None req-120243e7-871b-45a9-9bf1-178608ba4063 None None] router is already registered
May 17 20:44:36 ubuntu neutron-server[125327]: INFO neutron.quota.resource_registry [None req-120243e7-871b-45a9-9bf1-178608ba4063 None None] Creating instance of TrackedResource for resource:floatingip
May 17 20:44:36 ubuntu neutron-server[125327]: WARNING neutron.quota.resource_registry [None req-120243e7-871b-45a9-9bf1-178608ba4063 None None] floatingip is already registered
May 17 20:44:36 ubuntu neutron-server[125327]: INFO neutron.quota.resource_registry [None req-120243e7-871b-45a9-9bf1-178608ba4063 None None] Creating instance of CountableResource for resource:rbac_policy
May 17 20:44:36 ubuntu neutron-server[125327]: WARNING neutron.quota.resource_registry [None req-120243e7-871b-45a9-9bf1-178608ba4063 None None] rbac_policy is already registered
May 17 20:44:36 ubuntu neutron-server[125327]: INFO neutron.quota.resource_registry [None req-120243e7-871b-45a9-9bf1-178608ba4063 None None] Creating instance of TrackedResource for resource:security_group
May 17 20:44:36 ubuntu neutron-server[125327]: WARNING neutron.quota.resource_registry [None req-120243e7-871b-45a9-9bf1-178608ba4063 None None] security_group is already registered
May 17 20:44:36 ubuntu neutron-server[125327]: INFO neutron.quota.resource_registry [None req-120243e7-871b-45a9-9bf1-178608ba4063 None None] Creating instance of TrackedResource for resource:security_group_rule
May 17 20:44:36 ubuntu neutron-server[125327]: WARNING neutron.quota.resource_registry [None req-120243e7-871b-45a9-9bf1-178608ba4063 None None] security_group_rule is already registered
May 17 20:44:36 ubuntu neutron-server[125327]: DEBUG neutron.api.extensions [None req-120243e7-871b-45a9-9bf1-178608ba4063 None None] Extended resource: extensions {{(pid=125327) __init__ /opt/stack/neutron/neutron/api/extensions.py:157}}
May 17 20:44:36 ubuntu neutron-server[125327]: DEBUG neutron.api.extensions [None req-120243e7-871b-45a9-9bf1-178608ba4063 None None] Extended resource: address-groups {{(pid=125327) __init__ /opt/stack/neutron/neutron/api/extensions.py:157}}
May 17 20:44:36 ubuntu neutron-server[125327]: DEBUG neutron.api.extensions [None req-120243e7-871b-45a9-9bf1-178608ba4063 None None] Extended resource: address-scopes {{(pid=125327) __init__ /opt/stack/neutron/neutron/api/extensions.py:157}}
May 17 20:44:36 ubuntu neutron-server[125327]: DEBUG neutron.api.extensions [None req-120243e7-871b-45a9-9bf1-178608ba4063 None None] Extended resource: agents {{(pid=125327) __init__ /opt/stack/neutron/neutron/api/extensions.py:157}}
May 17 20:44:36 ubuntu neutron-server[125327]: DEBUG neutron.api.extensions [None req-120243e7-871b-45a9-9bf1-178608ba4063 None None] Extended resource: auto-allocated-topology {{(pid=125327) __init__ /opt/stack/neutron/neutron/api/extensions.py:157}}
May 17 20:44:36 ubuntu neutron-server[125327]: DEBUG neutron.api.extensions [None req-120243e7-871b-45a9-9bf1-178608ba4063 None None] Extended resource: availability_zones {{(pid=125327) __init__ /opt/stack/neutron/neutron/api/extensions.py:157}}
May 17 20:44:36 ubuntu neutron-server[125327]: DEBUG neutron.api.extensions [None req-120243e7-871b-45a9-9bf1-178608ba4063 None None] Extended resource: flavors {{(pid=125327) __init__ /opt/stack/neutron/neutron/api/extensions.py:157}}
May 17 20:44:36 ubuntu neutron-server[125327]: DEBUG neutron.api.extensions [None req-120243e7-871b-45a9-9bf1-178608ba4063 None None] Extended resource: service_profiles {{(pid=125327) __init__ /opt/stack/neutron/neutron/api/extensions.py:157}}
May 17 20:44:36 ubuntu neutron-server[125327]: DEBUG neutron.api.extensions [None req-120243e7-871b-45a9-9bf1-178608ba4063 None None] Extended resource: next_providers {{(pid=125327) __init__ /opt/stack/neutron/neutron/api/extensions.py:157}}
May 17 20:44:36 ubuntu neutron-server[125327]: DEBUG neutron.api.extensions [None req-120243e7-871b-45a9-9bf1-178608ba4063 None None] Extended resource: service_profiles {{(pid=125327) __init__ /opt/stack/neutron/neutron/api/extensions.py:157}}
May 17 20:44:36 ubuntu neutron-server[125327]: DEBUG neutron.api.extensions [None req-120243e7-871b-45a9-9bf1-178608ba4063 None None] Extended resource: floatingip-pools {{(pid=125327) __init__ /opt/stack/neutron/neutron/api/extensions.py:157}}
May 17 20:44:36 ubuntu neutron-server[125327]: DEBUG neutron.api.extensions [None req-120243e7-871b-45a9-9bf1-178608ba4063 None None] Extended resource: routers {{(pid=125327) __init__ /opt/stack/neutron/neutron/api/extensions.py:157}}
May 17 20:44:36 ubuntu neutron-server[125327]: DEBUG neutron.api.extensions [None req-120243e7-871b-45a9-9bf1-178608ba4063 None None] Extended resource: floatingips {{(pid=125327) __init__ /opt/stack/neutron/neutron/api/extensions.py:157}}
May 17 20:44:36 ubuntu neutron-server[125327]: DEBUG neutron.api.extensions [None req-120243e7-871b-45a9-9bf1-178608ba4063 None None] Extended resource: network-ip-availabilities {{(pid=125327) __init__ /opt/stack/neutron/neutron/api/extensions.py:157}}
May 17 20:44:36 ubuntu neutron-server[125327]: DEBUG neutron.api.extensions [None req-120243e7-871b-45a9-9bf1-178608ba4063 None None] Extended resource: bindings {{(pid=125327) __init__ /opt/stack/neutron/neutron/api/extensions.py:157}}
May 17 20:44:36 ubuntu neutron-server[125327]: DEBUG neutron.api.extensions [None req-120243e7-871b-45a9-9bf1-178608ba4063 None None] Extended resource: quotas {{(pid=125327) __init__ /opt/stack/neutron/neutron/api/extensions.py:157}}
May 17 20:44:36 ubuntu neutron-server[125327]: DEBUG neutron.api.extensions [None req-120243e7-871b-45a9-9bf1-178608ba4063 None None] Extended resource: quotas {{(pid=125327) __init__ /opt/stack/neutron/neutron/api/extensions.py:157}}
May 17 20:44:36 ubuntu neutron-server[125327]: DEBUG neutron.api.extensions [None req-120243e7-871b-45a9-9bf1-178608ba4063 None None] Extended resource: rbac-policies {{(pid=125327) __init__ /opt/stack/neutron/neutron/api/extensions.py:157}}
May 17 20:44:36 ubuntu neutron-server[125327]: DEBUG neutron.api.extensions [None req-120243e7-871b-45a9-9bf1-178608ba4063 None None] Extended resource: security-groups {{(pid=125327) __init__ /opt/stack/neutron/neutron/api/extensions.py:157}}
May 17 20:44:36 ubuntu neutron-server[125327]: DEBUG neutron.api.extensions [None req-120243e7-871b-45a9-9bf1-178608ba4063 None None] Extended resource: security-group-rules {{(pid=125327) __init__ /opt/stack/neutron/neutron/api/extensions.py:157}}
May 17 20:44:36 ubuntu neutron-server[125327]: DEBUG neutron.api.extensions [None req-120243e7-871b-45a9-9bf1-178608ba4063 None None] Extended resource: service-providers {{(pid=125327) __init__ /opt/stack/neutron/neutron/api/extensions.py:157}}
May 17 20:44:36 ubuntu neutron-server[125327]: DEBUG neutron.api.extensions [None req-120243e7-871b-45a9-9bf1-178608ba4063 None None] Extended resource: tags {{(pid=125327) __init__ /opt/stack/neutron/neutron/api/extensions.py:157}}
May 17 20:44:36 ubuntu neutron-server[125327]: DEBUG neutron.api.extensions [None req-120243e7-871b-45a9-9bf1-178608ba4063 None None] Extended resource: tags {{(pid=125327) __init__ /opt/stack/neutron/neutron/api/extensions.py:157}}
May 17 20:44:36 ubuntu neutron-server[125327]: DEBUG neutron.api.extensions [None req-120243e7-871b-45a9-9bf1-178608ba4063 None None] Extended resource: tags {{(pid=125327) __init__ /opt/stack/neutron/neutron/api/extensions.py:157}}
May 17 20:44:36 ubuntu neutron-server[125327]: DEBUG neutron.api.extensions [None req-120243e7-871b-45a9-9bf1-178608ba4063 None None] Extended resource: tags {{(pid=125327) __init__ /opt/stack/neutron/neutron/api/extensions.py:157}}
May 17 20:44:36 ubuntu neutron-server[125327]: DEBUG neutron.api.extensions [None req-120243e7-871b-45a9-9bf1-178608ba4063 None None] Extended resource: tags {{(pid=125327) __init__ /opt/stack/neutron/neutron/api/extensions.py:157}}
May 17 20:44:36 ubuntu neutron-server[125327]: DEBUG neutron.api.extensions [None req-120243e7-871b-45a9-9bf1-178608ba4063 None None] Extended resource: tags {{(pid=125327) __init__ /opt/stack/neutron/neutron/api/extensions.py:157}}
May 17 20:44:36 ubuntu neutron-server[125327]: DEBUG neutron.api.extensions [None req-120243e7-871b-45a9-9bf1-178608ba4063 None None] Extended resource: tags {{(pid=125327) __init__ /opt/stack/neutron/neutron/api/extensions.py:157}}
May 17 20:44:36 ubuntu neutron-server[125327]: DEBUG neutron.api.extensions [None req-120243e7-871b-45a9-9bf1-178608ba4063 None None] Extended resource: tags {{(pid=125327) __init__ /opt/stack/neutron/neutron/api/extensions.py:157}}
May 17 20:44:36 ubuntu neutron-server[125327]: DEBUG neutron.api.extensions [None req-120243e7-871b-45a9-9bf1-178608ba4063 None None] Extended resource: tags {{(pid=125327) __init__ /opt/stack/neutron/neutron/api/extensions.py:157}}
May 17 20:44:36 ubuntu neutron-server[125327]: DEBUG neutron.api.extensions [None req-120243e7-871b-45a9-9bf1-178608ba4063 None None] Extended resource: tags {{(pid=125327) __init__ /opt/stack/neutron/neutron/api/extensions.py:157}}
May 17 20:44:36 ubuntu neutron-server[125327]: WARNING keystonemiddleware.auth_token [None req-120243e7-871b-45a9-9bf1-178608ba4063 None None] AuthToken middleware is set with keystone_authtoken.service_token_roles_required set to False. This is backwards compatible but deprecated behaviour. Please set this to True.
May 17 20:44:36 ubuntu neutron-server[125327]: WARNING keystonemiddleware.auth_token [None req-120243e7-871b-45a9-9bf1-178608ba4063 None None] Configuring www_authenticate_uri to point to the public identity endpoint is required; clients may not be able to authenticate against an admin endpoint
May 17 20:44:36 ubuntu neutron-server[125327]: DEBUG oslo_concurrency.lockutils [None req-120243e7-871b-45a9-9bf1-178608ba4063 None None] Acquired lock "singleton_lock" {{(pid=125327) lock /usr/local/lib/python3.8/dist-packages/oslo_concurrency/lockutils.py:294}}
May 17 20:44:36 ubuntu neutron-server[125327]: DEBUG oslo_concurrency.lockutils [None req-120243e7-871b-45a9-9bf1-178608ba4063 None None] Releasing lock "singleton_lock" {{(pid=125327) lock /usr/local/lib/python3.8/dist-packages/oslo_concurrency/lockutils.py:312}}
May 17 20:44:36 ubuntu neutron-server[125327]: INFO oslo_service.service [None req-120243e7-871b-45a9-9bf1-178608ba4063 None None] Starting 2 workers
May 17 20:44:36 ubuntu neutron-server[125327]: DEBUG oslo_service.service [None req-120243e7-871b-45a9-9bf1-178608ba4063 None None] Started child 125547 {{(pid=125327) _start_child /usr/local/lib/python3.8/dist-packages/oslo_service/service.py:575}}
May 17 20:44:36 ubuntu neutron-server[125327]: DEBUG oslo_service.service [None req-120243e7-871b-45a9-9bf1-178608ba4063 None None] Started child 125548 {{(pid=125327) _start_child /usr/local/lib/python3.8/dist-packages/oslo_service/service.py:575}}
May 17 20:44:36 ubuntu neutron-server[125327]: INFO neutron.service [None req-120243e7-871b-45a9-9bf1-178608ba4063 None None] Neutron service started, listening on 0.0.0.0:9696
May 17 20:44:36 ubuntu neutron-server[125327]: DEBUG neutron_lib.callbacks.manager [None req-120243e7-871b-45a9-9bf1-178608ba4063 None None] Publish callbacks ['neutron.plugins.ml2.drivers.ovn.mech_driver.mech_driver.OVNMechanismDriver.pre_fork_initialize-832296'] for process (None), before_spawn {{(pid=125327) _notify_loop /usr/local/lib/python3.8/dist-packages/neutron_lib/callbacks/manager.py:176}}
May 17 20:44:36 ubuntu neutron-server[125547]: DEBUG neutron_lib.callbacks.manager [-] Publish callbacks ['neutron.plugins.ml2.drivers.ovn.mech_driver.mech_driver.OVNMechanismDriver.post_fork_initialize-832704'] for process (None), after_init {{(pid=125547) _notify_loop /usr/local/lib/python3.8/dist-packages/neutron_lib/callbacks/manager.py:176}}
May 17 20:44:36 ubuntu neutron-server[125548]: DEBUG neutron_lib.callbacks.manager [-] Publish callbacks ['neutron.plugins.ml2.drivers.ovn.mech_driver.mech_driver.OVNMechanismDriver.post_fork_initialize-832704'] for process (None), after_init {{(pid=125548) _notify_loop /usr/local/lib/python3.8/dist-packages/neutron_lib/callbacks/manager.py:176}}
May 17 20:44:36 ubuntu neutron-server[125327]: DEBUG ovsdbapp.backend.ovs_idl [None req-120243e7-871b-45a9-9bf1-178608ba4063 None None] Created schema index Port_Group.name {{(pid=125327) autocreate_indices /usr/local/lib/python3.8/dist-packages/ovsdbapp/backend/ovs_idl/__init__.py:104}}
May 17 20:44:36 ubuntu neutron-server[125327]: DEBUG ovsdbapp.backend.ovs_idl [None req-120243e7-871b-45a9-9bf1-178608ba4063 None None] Created schema index Logical_Switch_Port.name {{(pid=125327) autocreate_indices /usr/local/lib/python3.8/dist-packages/ovsdbapp/backend/ovs_idl/__init__.py:104}}
May 17 20:44:36 ubuntu neutron-server[125547]: INFO neutron.plugins.ml2.drivers.ovn.mech_driver.ovsdb.impl_idl_ovn [None req-080d13ce-e0c6-4dbc-8392-7de2ad78ff2c None None] Getting OvsdbNbOvnIdl for WorkerService with retry
May 17 20:44:36 ubuntu neutron-server[125548]: INFO neutron.plugins.ml2.drivers.ovn.mech_driver.ovsdb.impl_idl_ovn [None req-fe2a8246-1ee2-4202-a52c-9297509b77d1 None None] Getting OvsdbNbOvnIdl for WorkerService with retry
May 17 20:44:36 ubuntu neutron-server[125327]: DEBUG ovsdbapp.backend.ovs_idl.transaction [-] Running txn n=1 command(idx=0): PgAddCommand(name=neutron_pg_drop, may_exist=True, columns={'acls': []}) {{(pid=125327) do_commit /usr/local/lib/python3.8/dist-packages/ovsdbapp/backend/ovs_idl/transaction.py:90}}
May 17 20:44:36 ubuntu neutron-server[125327]: DEBUG ovsdbapp.backend.ovs_idl.transaction [-] Running txn n=1 command(idx=1): PgAclAddCommand(entity=neutron_pg_drop, direction=from-lport, priority=1001, match=inport == @neutron_pg_drop && ip, action=drop, log=False, may_exist=True, severity=[], name=[], meter=None, external_ids={}) {{(pid=125327) do_commit /usr/local/lib/python3.8/dist-packages/ovsdbapp/backend/ovs_idl/transaction.py:90}}
May 17 20:44:36 ubuntu neutron-server[125327]: DEBUG ovsdbapp.backend.ovs_idl.transaction [-] Running txn n=1 command(idx=2): PgAclAddCommand(entity=neutron_pg_drop, direction=to-lport, priority=1001, match=outport == @neutron_pg_drop && ip, action=drop, log=False, may_exist=True, severity=[], name=[], meter=None, external_ids={}) {{(pid=125327) do_commit /usr/local/lib/python3.8/dist-packages/ovsdbapp/backend/ovs_idl/transaction.py:90}}
May 17 20:44:36 ubuntu neutron-server[125327]: DEBUG ovsdbapp.backend.ovs_idl.event [-] Matched CREATE: NeutronPgDropPortGroupCreated(events=('create',), table='Port_Group', conditions=(('name', '=', 'neutron_pg_drop'),), old_conditions=None), priority=10 to row=Port_Group(name=neutron_pg_drop, ports=[], external_ids={}, acls=[<ovs.db.idl.Row object at 0x7fb9effc0760>, <ovs.db.idl.Row object at 0x7fb9effc0250>]) old= {{(pid=125327) matches /usr/local/lib/python3.8/dist-packages/ovsdbapp/backend/ovs_idl/event.py:43}}
May 17 20:44:36 ubuntu neutron-server[125548]: DEBUG ovsdbapp.backend.ovs_idl [None req-fe2a8246-1ee2-4202-a52c-9297509b77d1 None None] Created lookup_table index Logical_Switch.name {{(pid=125548) autocreate_indices /usr/local/lib/python3.8/dist-packages/ovsdbapp/backend/ovs_idl/__init__.py:85}}
May 17 20:44:36 ubuntu neutron-server[125547]: DEBUG ovsdbapp.backend.ovs_idl [None req-080d13ce-e0c6-4dbc-8392-7de2ad78ff2c None None] Created lookup_table index Logical_Switch.name {{(pid=125547) autocreate_indices /usr/local/lib/python3.8/dist-packages/ovsdbapp/backend/ovs_idl/__init__.py:85}}
May 17 20:44:36 ubuntu neutron-server[125548]: DEBUG ovsdbapp.backend.ovs_idl [None req-fe2a8246-1ee2-4202-a52c-9297509b77d1 None None] Created lookup_table index Logical_Router.name {{(pid=125548) autocreate_indices /usr/local/lib/python3.8/dist-packages/ovsdbapp/backend/ovs_idl/__init__.py:85}}
May 17 20:44:36 ubuntu neutron-server[125548]: DEBUG ovsdbapp.backend.ovs_idl [None req-fe2a8246-1ee2-4202-a52c-9297509b77d1 None None] Created lookup_table index Load_Balancer.name {{(pid=125548) autocreate_indices /usr/local/lib/python3.8/dist-packages/ovsdbapp/backend/ovs_idl/__init__.py:85}}
May 17 20:44:36 ubuntu neutron-server[125547]: DEBUG ovsdbapp.backend.ovs_idl [None req-080d13ce-e0c6-4dbc-8392-7de2ad78ff2c None None] Created lookup_table index Logical_Router.name {{(pid=125547) autocreate_indices /usr/local/lib/python3.8/dist-packages/ovsdbapp/backend/ovs_idl/__init__.py:85}}
May 17 20:44:36 ubuntu neutron-server[125547]: DEBUG ovsdbapp.backend.ovs_idl [None req-080d13ce-e0c6-4dbc-8392-7de2ad78ff2c None None] Created lookup_table index Load_Balancer.name {{(pid=125547) autocreate_indices /usr/local/lib/python3.8/dist-packages/ovsdbapp/backend/ovs_idl/__init__.py:85}}
May 17 20:44:36 ubuntu neutron-server[125548]: DEBUG ovsdbapp.backend.ovs_idl [None req-fe2a8246-1ee2-4202-a52c-9297509b77d1 None None] Created schema index Meter.name {{(pid=125548) autocreate_indices /usr/local/lib/python3.8/dist-packages/ovsdbapp/backend/ovs_idl/__init__.py:104}}
May 17 20:44:36 ubuntu neutron-server[125548]: DEBUG ovsdbapp.backend.ovs_idl [None req-fe2a8246-1ee2-4202-a52c-9297509b77d1 None None] Created schema index Address_Set.name {{(pid=125548) autocreate_indices /usr/local/lib/python3.8/dist-packages/ovsdbapp/backend/ovs_idl/__init__.py:104}}
May 17 20:44:36 ubuntu neutron-server[125547]: DEBUG ovsdbapp.backend.ovs_idl [None req-080d13ce-e0c6-4dbc-8392-7de2ad78ff2c None None] Created schema index Meter.name {{(pid=125547) autocreate_indices /usr/local/lib/python3.8/dist-packages/ovsdbapp/backend/ovs_idl/__init__.py:104}}
May 17 20:44:36 ubuntu neutron-server[125548]: DEBUG ovsdbapp.backend.ovs_idl [None req-fe2a8246-1ee2-4202-a52c-9297509b77d1 None None] Created schema index HA_Chassis_Group.name {{(pid=125548) autocreate_indices /usr/local/lib/python3.8/dist-packages/ovsdbapp/backend/ovs_idl/__init__.py:104}}
May 17 20:44:36 ubuntu neutron-server[125547]: DEBUG ovsdbapp.backend.ovs_idl [None req-080d13ce-e0c6-4dbc-8392-7de2ad78ff2c None None] Created schema index Address_Set.name {{(pid=125547) autocreate_indices /usr/local/lib/python3.8/dist-packages/ovsdbapp/backend/ovs_idl/__init__.py:104}}
May 17 20:44:36 ubuntu neutron-server[125548]: DEBUG ovsdbapp.backend.ovs_idl [None req-fe2a8246-1ee2-4202-a52c-9297509b77d1 None None] Created schema index Connection.target {{(pid=125548) autocreate_indices /usr/local/lib/python3.8/dist-packages/ovsdbapp/backend/ovs_idl/__init__.py:104}}
May 17 20:44:36 ubuntu neutron-server[125547]: DEBUG ovsdbapp.backend.ovs_idl [None req-080d13ce-e0c6-4dbc-8392-7de2ad78ff2c None None] Created schema index HA_Chassis_Group.name {{(pid=125547) autocreate_indices /usr/local/lib/python3.8/dist-packages/ovsdbapp/backend/ovs_idl/__init__.py:104}}
May 17 20:44:36 ubuntu neutron-server[125548]: DEBUG ovsdbapp.backend.ovs_idl [None req-fe2a8246-1ee2-4202-a52c-9297509b77d1 None None] Created schema index Gateway_Chassis.name {{(pid=125548) autocreate_indices /usr/local/lib/python3.8/dist-packages/ovsdbapp/backend/ovs_idl/__init__.py:104}}
May 17 20:44:36 ubuntu neutron-server[125547]: DEBUG ovsdbapp.backend.ovs_idl [None req-080d13ce-e0c6-4dbc-8392-7de2ad78ff2c None None] Created schema index Connection.target {{(pid=125547) autocreate_indices /usr/local/lib/python3.8/dist-packages/ovsdbapp/backend/ovs_idl/__init__.py:104}}
May 17 20:44:36 ubuntu neutron-server[125548]: DEBUG ovsdbapp.backend.ovs_idl [None req-fe2a8246-1ee2-4202-a52c-9297509b77d1 None None] Created schema index Logical_Router_Port.name {{(pid=125548) autocreate_indices /usr/local/lib/python3.8/dist-packages/ovsdbapp/backend/ovs_idl/__init__.py:104}}
May 17 20:44:36 ubuntu neutron-server[125548]: DEBUG ovsdbapp.backend.ovs_idl [None req-fe2a8246-1ee2-4202-a52c-9297509b77d1 None None] Created schema index Port_Group.name {{(pid=125548) autocreate_indices /usr/local/lib/python3.8/dist-packages/ovsdbapp/backend/ovs_idl/__init__.py:104}}
May 17 20:44:36 ubuntu neutron-server[125547]: DEBUG ovsdbapp.backend.ovs_idl [None req-080d13ce-e0c6-4dbc-8392-7de2ad78ff2c None None] Created schema index Gateway_Chassis.name {{(pid=125547) autocreate_indices /usr/local/lib/python3.8/dist-packages/ovsdbapp/backend/ovs_idl/__init__.py:104}}
May 17 20:44:36 ubuntu neutron-server[125548]: DEBUG ovsdbapp.backend.ovs_idl [None req-fe2a8246-1ee2-4202-a52c-9297509b77d1 None None] Created schema index Logical_Switch_Port.name {{(pid=125548) autocreate_indices /usr/local/lib/python3.8/dist-packages/ovsdbapp/backend/ovs_idl/__init__.py:104}}
May 17 20:44:36 ubuntu neutron-server[125547]: DEBUG ovsdbapp.backend.ovs_idl [None req-080d13ce-e0c6-4dbc-8392-7de2ad78ff2c None None] Created schema index Logical_Router_Port.name {{(pid=125547) autocreate_indices /usr/local/lib/python3.8/dist-packages/ovsdbapp/backend/ovs_idl/__init__.py:104}}
May 17 20:44:36 ubuntu neutron-server[125547]: DEBUG ovsdbapp.backend.ovs_idl [None req-080d13ce-e0c6-4dbc-8392-7de2ad78ff2c None None] Created schema index Port_Group.name {{(pid=125547) autocreate_indices /usr/local/lib/python3.8/dist-packages/ovsdbapp/backend/ovs_idl/__init__.py:104}}
May 17 20:44:36 ubuntu neutron-server[125547]: DEBUG ovsdbapp.backend.ovs_idl [None req-080d13ce-e0c6-4dbc-8392-7de2ad78ff2c None None] Created schema index Logical_Switch_Port.name {{(pid=125547) autocreate_indices /usr/local/lib/python3.8/dist-packages/ovsdbapp/backend/ovs_idl/__init__.py:104}}
May 17 20:44:36 ubuntu neutron-server[125548]: INFO ovsdbapp.backend.ovs_idl.vlog [None req-fe2a8246-1ee2-4202-a52c-9297509b77d1 None None] tcp:192.168.79.44:6641: connecting...
May 17 20:44:36 ubuntu neutron-server[125548]: INFO ovsdbapp.backend.ovs_idl.vlog [None req-fe2a8246-1ee2-4202-a52c-9297509b77d1 None None] tcp:192.168.79.44:6641: connected
May 17 20:44:36 ubuntu neutron-server[125547]: INFO ovsdbapp.backend.ovs_idl.vlog [None req-080d13ce-e0c6-4dbc-8392-7de2ad78ff2c None None] tcp:192.168.79.44:6641: connecting...
May 17 20:44:36 ubuntu neutron-server[125547]: INFO ovsdbapp.backend.ovs_idl.vlog [None req-080d13ce-e0c6-4dbc-8392-7de2ad78ff2c None None] tcp:192.168.79.44:6641: connected
May 17 20:44:36 ubuntu neutron-server[125327]: DEBUG ovsdbapp.backend.ovs_idl [None req-120243e7-871b-45a9-9bf1-178608ba4063 None None] Created lookup_table index Logical_Switch.name {{(pid=125327) autocreate_indices /usr/local/lib/python3.8/dist-packages/ovsdbapp/backend/ovs_idl/__init__.py:85}}
May 17 20:44:36 ubuntu neutron-server[125327]: DEBUG ovsdbapp.backend.ovs_idl [None req-120243e7-871b-45a9-9bf1-178608ba4063 None None] Created lookup_table index Logical_Router.name {{(pid=125327) autocreate_indices /usr/local/lib/python3.8/dist-packages/ovsdbapp/backend/ovs_idl/__init__.py:85}}
May 17 20:44:36 ubuntu neutron-server[125327]: DEBUG ovsdbapp.backend.ovs_idl [None req-120243e7-871b-45a9-9bf1-178608ba4063 None None] Created lookup_table index Load_Balancer.name {{(pid=125327) autocreate_indices /usr/local/lib/python3.8/dist-packages/ovsdbapp/backend/ovs_idl/__init__.py:85}}
May 17 20:44:36 ubuntu neutron-server[125327]: DEBUG ovsdbapp.backend.ovs_idl [None req-120243e7-871b-45a9-9bf1-178608ba4063 None None] Created schema index Meter.name {{(pid=125327) autocreate_indices /usr/local/lib/python3.8/dist-packages/ovsdbapp/backend/ovs_idl/__init__.py:104}}
May 17 20:44:36 ubuntu neutron-server[125327]: DEBUG ovsdbapp.backend.ovs_idl [None req-120243e7-871b-45a9-9bf1-178608ba4063 None None] Created schema index Address_Set.name {{(pid=125327) autocreate_indices /usr/local/lib/python3.8/dist-packages/ovsdbapp/backend/ovs_idl/__init__.py:104}}
May 17 20:44:36 ubuntu neutron-server[125327]: DEBUG ovsdbapp.backend.ovs_idl [None req-120243e7-871b-45a9-9bf1-178608ba4063 None None] Created schema index HA_Chassis_Group.name {{(pid=125327) autocreate_indices /usr/local/lib/python3.8/dist-packages/ovsdbapp/backend/ovs_idl/__init__.py:104}}
May 17 20:44:36 ubuntu neutron-server[125327]: DEBUG ovsdbapp.backend.ovs_idl [None req-120243e7-871b-45a9-9bf1-178608ba4063 None None] Created schema index Connection.target {{(pid=125327) autocreate_indices /usr/local/lib/python3.8/dist-packages/ovsdbapp/backend/ovs_idl/__init__.py:104}}
May 17 20:44:36 ubuntu neutron-server[125327]: DEBUG ovsdbapp.backend.ovs_idl [None req-120243e7-871b-45a9-9bf1-178608ba4063 None None] Created schema index Gateway_Chassis.name {{(pid=125327) autocreate_indices /usr/local/lib/python3.8/dist-packages/ovsdbapp/backend/ovs_idl/__init__.py:104}}
May 17 20:44:36 ubuntu neutron-server[125327]: DEBUG ovsdbapp.backend.ovs_idl [None req-120243e7-871b-45a9-9bf1-178608ba4063 None None] Created schema index Logical_Router_Port.name {{(pid=125327) autocreate_indices /usr/local/lib/python3.8/dist-packages/ovsdbapp/backend/ovs_idl/__init__.py:104}}
May 17 20:44:36 ubuntu neutron-server[125327]: DEBUG ovsdbapp.backend.ovs_idl [None req-120243e7-871b-45a9-9bf1-178608ba4063 None None] Created schema index Port_Group.name {{(pid=125327) autocreate_indices /usr/local/lib/python3.8/dist-packages/ovsdbapp/backend/ovs_idl/__init__.py:104}}
May 17 20:44:36 ubuntu neutron-server[125327]: DEBUG ovsdbapp.backend.ovs_idl [None req-120243e7-871b-45a9-9bf1-178608ba4063 None None] Created schema index Logical_Switch_Port.name {{(pid=125327) autocreate_indices /usr/local/lib/python3.8/dist-packages/ovsdbapp/backend/ovs_idl/__init__.py:104}}
May 17 20:44:36 ubuntu neutron-server[125548]: DEBUG neutron.common.ovn.hash_ring_manager [None req-fe2a8246-1ee2-4202-a52c-9297509b77d1 None None] Allow caching, nodes 2>=2 {{(pid=125548) _wait_startup_before_caching /opt/stack/neutron/neutron/common/ovn/hash_ring_manager.py:60}}
May 17 20:44:36 ubuntu neutron-server[125548]: DEBUG neutron.plugins.ml2.drivers.ovn.mech_driver.ovsdb.ovsdb_monitor [None req-fe2a8246-1ee2-4202-a52c-9297509b77d1 None None] Hash Ring: Node 64b04672-8f1b-4d39-8d0a-94f58e27d2c6 (host: ubuntu) handling event "create" for row 9751de6b-8356-4707-860d-f04bf3530734 (table: NB_Global) {{(pid=125548) notify /opt/stack/neutron/neutron/plugins/ml2/drivers/ovn/mech_driver/ovsdb/ovsdb_monitor.py:815}}
May 17 20:44:36 ubuntu neutron-server[125548]: DEBUG neutron.plugins.ml2.drivers.ovn.mech_driver.ovsdb.ovsdb_monitor [None req-fe2a8246-1ee2-4202-a52c-9297509b77d1 None None] Hash Ring: Node 64b04672-8f1b-4d39-8d0a-94f58e27d2c6 (host: ubuntu) handling event "create" for row be2d5c11-7dec-4b32-863d-ad2ef62c291c (table: Connection) {{(pid=125548) notify /opt/stack/neutron/neutron/plugins/ml2/drivers/ovn/mech_driver/ovsdb/ovsdb_monitor.py:815}}
May 17 20:44:36 ubuntu neutron-server[125548]: INFO neutron.plugins.ml2.drivers.ovn.mech_driver.ovsdb.impl_idl_ovn [None req-fe2a8246-1ee2-4202-a52c-9297509b77d1 None None] Getting OvsdbSbOvnIdl for WorkerService with retry
May 17 20:44:36 ubuntu neutron-server[125548]: DEBUG ovsdbapp.backend.ovs_idl [None req-fe2a8246-1ee2-4202-a52c-9297509b77d1 None None] Created lookup_table index Chassis.name {{(pid=125548) autocreate_indices /usr/local/lib/python3.8/dist-packages/ovsdbapp/backend/ovs_idl/__init__.py:85}}
May 17 20:44:36 ubuntu neutron-server[125548]: DEBUG ovsdbapp.backend.ovs_idl [None req-fe2a8246-1ee2-4202-a52c-9297509b77d1 None None] Created schema index Datapath_Binding.tunnel_key {{(pid=125548) autocreate_indices /usr/local/lib/python3.8/dist-packages/ovsdbapp/backend/ovs_idl/__init__.py:104}}
May 17 20:44:36 ubuntu neutron-server[125548]: DEBUG ovsdbapp.backend.ovs_idl [None req-fe2a8246-1ee2-4202-a52c-9297509b77d1 None None] Created schema index Connection.target {{(pid=125548) autocreate_indices /usr/local/lib/python3.8/dist-packages/ovsdbapp/backend/ovs_idl/__init__.py:104}}
May 17 20:44:36 ubuntu neutron-server[125548]: INFO ovsdbapp.backend.ovs_idl.vlog [None req-fe2a8246-1ee2-4202-a52c-9297509b77d1 None None] tcp:192.168.79.44:6642: connecting...
May 17 20:44:36 ubuntu neutron-server[125548]: INFO ovsdbapp.backend.ovs_idl.vlog [None req-fe2a8246-1ee2-4202-a52c-9297509b77d1 None None] tcp:192.168.79.44:6642: connected
May 17 20:44:36 ubuntu neutron-server[125547]: DEBUG neutron.common.ovn.hash_ring_manager [None req-080d13ce-e0c6-4dbc-8392-7de2ad78ff2c None None] Allow caching, nodes 2>=2 {{(pid=125547) _wait_startup_before_caching /opt/stack/neutron/neutron/common/ovn/hash_ring_manager.py:60}}
May 17 20:44:36 ubuntu neutron-server[125327]: DEBUG ovsdbapp.backend.ovs_idl [None req-120243e7-871b-45a9-9bf1-178608ba4063 None None] Created lookup_table index Chassis.name {{(pid=125327) autocreate_indices /usr/local/lib/python3.8/dist-packages/ovsdbapp/backend/ovs_idl/__init__.py:85}}
May 17 20:44:36 ubuntu neutron-server[125327]: DEBUG ovsdbapp.backend.ovs_idl [None req-120243e7-871b-45a9-9bf1-178608ba4063 None None] Created lookup_table index MAC_Binding.ip {{(pid=125327) autocreate_indices /usr/local/lib/python3.8/dist-packages/ovsdbapp/backend/ovs_idl/__init__.py:85}}
May 17 20:44:36 ubuntu neutron-server[125327]: DEBUG ovsdbapp.backend.ovs_idl [None req-120243e7-871b-45a9-9bf1-178608ba4063 None None] Created schema index Meter.name {{(pid=125327) autocreate_indices /usr/local/lib/python3.8/dist-packages/ovsdbapp/backend/ovs_idl/__init__.py:104}}
May 17 20:44:36 ubuntu neutron-server[125327]: DEBUG ovsdbapp.backend.ovs_idl [None req-120243e7-871b-45a9-9bf1-178608ba4063 None None] Created schema index Address_Set.name {{(pid=125327) autocreate_indices /usr/local/lib/python3.8/dist-packages/ovsdbapp/backend/ovs_idl/__init__.py:104}}
May 17 20:44:36 ubuntu neutron-server[125327]: DEBUG ovsdbapp.backend.ovs_idl [None req-120243e7-871b-45a9-9bf1-178608ba4063 None None] Created schema index HA_Chassis_Group.name {{(pid=125327) autocreate_indices /usr/local/lib/python3.8/dist-packages/ovsdbapp/backend/ovs_idl/__init__.py:104}}
May 17 20:44:36 ubuntu neutron-server[125327]: DEBUG ovsdbapp.backend.ovs_idl [None req-120243e7-871b-45a9-9bf1-178608ba4063 None None] Created schema index IP_Multicast.datapath {{(pid=125327) autocreate_indices /usr/local/lib/python3.8/dist-packages/ovsdbapp/backend/ovs_idl/__init__.py:104}}
May 17 20:44:36 ubuntu neutron-server[125327]: DEBUG ovsdbapp.backend.ovs_idl [None req-120243e7-871b-45a9-9bf1-178608ba4063 None None] Created schema index Connection.target {{(pid=125327) autocreate_indices /usr/local/lib/python3.8/dist-packages/ovsdbapp/backend/ovs_idl/__init__.py:104}}
May 17 20:44:36 ubuntu neutron-server[125327]: DEBUG ovsdbapp.backend.ovs_idl [None req-120243e7-871b-45a9-9bf1-178608ba4063 None None] Created schema index Gateway_Chassis.name {{(pid=125327) autocreate_indices /usr/local/lib/python3.8/dist-packages/ovsdbapp/backend/ovs_idl/__init__.py:104}}
May 17 20:44:36 ubuntu neutron-server[125327]: DEBUG ovsdbapp.backend.ovs_idl [None req-120243e7-871b-45a9-9bf1-178608ba4063 None None] Created schema index Port_Group.name {{(pid=125327) autocreate_indices /usr/local/lib/python3.8/dist-packages/ovsdbapp/backend/ovs_idl/__init__.py:104}}
May 17 20:44:36 ubuntu neutron-server[125327]: DEBUG ovsdbapp.backend.ovs_idl [None req-120243e7-871b-45a9-9bf1-178608ba4063 None None] Created schema index Datapath_Binding.tunnel_key {{(pid=125327) autocreate_indices /usr/local/lib/python3.8/dist-packages/ovsdbapp/backend/ovs_idl/__init__.py:104}}
May 17 20:44:36 ubuntu neutron-server[125547]: DEBUG neutron.plugins.ml2.drivers.ovn.mech_driver.ovsdb.ovsdb_monitor [None req-080d13ce-e0c6-4dbc-8392-7de2ad78ff2c None None] Hash Ring: Node 2d939444-6ea1-4aac-a97d-64fe5e644d28 (host: ubuntu) handling event "create" for row 14e02e6f-c910-48b0-add7-9a6691b8ee81 (table: Database) {{(pid=125547) notify /opt/stack/neutron/neutron/plugins/ml2/drivers/ovn/mech_driver/ovsdb/ovsdb_monitor.py:815}}
May 17 20:44:36 ubuntu neutron-server[125548]: DEBUG neutron.common.ovn.hash_ring_manager [None req-fe2a8246-1ee2-4202-a52c-9297509b77d1 None None] Allow caching, nodes 2>=2 {{(pid=125548) _wait_startup_before_caching /opt/stack/neutron/neutron/common/ovn/hash_ring_manager.py:60}}
May 17 20:44:36 ubuntu neutron-server[125547]: DEBUG neutron.plugins.ml2.drivers.ovn.mech_driver.ovsdb.ovsdb_monitor [None req-080d13ce-e0c6-4dbc-8392-7de2ad78ff2c None None] Hash Ring: Node 2d939444-6ea1-4aac-a97d-64fe5e644d28 (host: ubuntu) handling event "create" for row 3ef97678-87fc-42b7-8c41-9892fa5e5f97 (table: Database) {{(pid=125547) notify /opt/stack/neutron/neutron/plugins/ml2/drivers/ovn/mech_driver/ovsdb/ovsdb_monitor.py:815}}
May 17 20:44:36 ubuntu neutron-server[125547]: DEBUG neutron.plugins.ml2.drivers.ovn.mech_driver.ovsdb.ovsdb_monitor [None req-080d13ce-e0c6-4dbc-8392-7de2ad78ff2c None None] Hash Ring: Node 2d939444-6ea1-4aac-a97d-64fe5e644d28 (host: ubuntu) handling event "create" for row 58169261-7757-48f5-a25e-71b6509e4c51 (table: Port_Group) {{(pid=125547) notify /opt/stack/neutron/neutron/plugins/ml2/drivers/ovn/mech_driver/ovsdb/ovsdb_monitor.py:815}}
May 17 20:44:36 ubuntu neutron-server[125547]: DEBUG neutron.plugins.ml2.drivers.ovn.mech_driver.ovsdb.ovsdb_monitor [None req-080d13ce-e0c6-4dbc-8392-7de2ad78ff2c None None] Hash Ring: Node 2d939444-6ea1-4aac-a97d-64fe5e644d28 (host: ubuntu) handling event "create" for row c91dca15-d75b-415b-b177-6dd18e880593 (table: ACL) {{(pid=125547) notify /opt/stack/neutron/neutron/plugins/ml2/drivers/ovn/mech_driver/ovsdb/ovsdb_monitor.py:815}}
May 17 20:44:36 ubuntu neutron-server[125547]: DEBUG neutron.plugins.ml2.drivers.ovn.mech_driver.ovsdb.ovsdb_monitor [None req-080d13ce-e0c6-4dbc-8392-7de2ad78ff2c None None] Hash Ring: Node 2d939444-6ea1-4aac-a97d-64fe5e644d28 (host: ubuntu) handling event "create" for row 8b5541b6-5b67-4f36-a56a-de150f68b7a1 (table: ACL) {{(pid=125547) notify /opt/stack/neutron/neutron/plugins/ml2/drivers/ovn/mech_driver/ovsdb/ovsdb_monitor.py:815}}
May 17 20:44:36 ubuntu neutron-server[125547]: INFO neutron.plugins.ml2.drivers.ovn.mech_driver.ovsdb.impl_idl_ovn [None req-080d13ce-e0c6-4dbc-8392-7de2ad78ff2c None None] Getting OvsdbSbOvnIdl for WorkerService with retry
May 17 20:44:36 ubuntu neutron-server[125548]: DEBUG neutron.plugins.ml2.drivers.ovn.mech_driver.ovsdb.ovsdb_monitor [None req-fe2a8246-1ee2-4202-a52c-9297509b77d1 None None] Hash Ring: Node 64b04672-8f1b-4d39-8d0a-94f58e27d2c6 (host: ubuntu) handling event "create" for row 6b5f46dc-ec9e-43f1-9677-4d1dbe5f9acc (table: Encap) {{(pid=125548) notify /opt/stack/neutron/neutron/plugins/ml2/drivers/ovn/mech_driver/ovsdb/ovsdb_monitor.py:815}}
May 17 20:44:36 ubuntu neutron-server[125548]: DEBUG neutron.plugins.ml2.drivers.ovn.mech_driver.ovsdb.ovsdb_monitor [None req-fe2a8246-1ee2-4202-a52c-9297509b77d1 None None] ChassisMetadataAgentWriteEvent : Matched Chassis, create, None None {{(pid=125548) matches /opt/stack/neutron/neutron/plugins/ml2/drivers/ovn/mech_driver/ovsdb/ovsdb_monitor.py:62}}
May 17 20:44:36 ubuntu neutron-server[125548]: DEBUG neutron.plugins.ml2.drivers.ovn.mech_driver.ovsdb.ovsdb_monitor [None req-fe2a8246-1ee2-4202-a52c-9297509b77d1 None None] ChassisAgentWriteEvent : Matched Chassis, create, None None {{(pid=125548) matches /opt/stack/neutron/neutron/plugins/ml2/drivers/ovn/mech_driver/ovsdb/ovsdb_monitor.py:62}}
May 17 20:44:36 ubuntu neutron-server[125548]: DEBUG neutron.plugins.ml2.drivers.ovn.mech_driver.ovsdb.ovsdb_monitor [None req-fe2a8246-1ee2-4202-a52c-9297509b77d1 None None] Hash Ring: Node 64b04672-8f1b-4d39-8d0a-94f58e27d2c6 (host: ubuntu) handling event "create" for row d10a9923-a4db-45e0-a612-a4f44f812bee (table: Chassis) {{(pid=125548) notify /opt/stack/neutron/neutron/plugins/ml2/drivers/ovn/mech_driver/ovsdb/ovsdb_monitor.py:815}}
May 17 20:44:36 ubuntu neutron-server[125548]: DEBUG neutron.plugins.ml2.drivers.ovn.mech_driver.ovsdb.ovsdb_monitor [None req-fe2a8246-1ee2-4202-a52c-9297509b77d1 None None] Hash Ring: Node 64b04672-8f1b-4d39-8d0a-94f58e27d2c6 (host: ubuntu) handling event "create" for row 96ab2a36-00f3-4bfd-9661-138f6e8aee22 (table: Connection) {{(pid=125548) notify /opt/stack/neutron/neutron/plugins/ml2/drivers/ovn/mech_driver/ovsdb/ovsdb_monitor.py:815}}
May 17 20:44:36 ubuntu neutron-server[125548]: INFO neutron.wsgi [-] (125548) wsgi starting up on http://0.0.0.0:9696
May 17 20:44:36 ubuntu neutron-server[125547]: DEBUG ovsdbapp.backend.ovs_idl [None req-080d13ce-e0c6-4dbc-8392-7de2ad78ff2c None None] Created lookup_table index Chassis.name {{(pid=125547) autocreate_indices /usr/local/lib/python3.8/dist-packages/ovsdbapp/backend/ovs_idl/__init__.py:85}}
May 17 20:44:36 ubuntu neutron-server[125547]: DEBUG ovsdbapp.backend.ovs_idl [None req-080d13ce-e0c6-4dbc-8392-7de2ad78ff2c None None] Created schema index Datapath_Binding.tunnel_key {{(pid=125547) autocreate_indices /usr/local/lib/python3.8/dist-packages/ovsdbapp/backend/ovs_idl/__init__.py:104}}
May 17 20:44:36 ubuntu neutron-server[125547]: DEBUG ovsdbapp.backend.ovs_idl [None req-080d13ce-e0c6-4dbc-8392-7de2ad78ff2c None None] Created schema index Connection.target {{(pid=125547) autocreate_indices /usr/local/lib/python3.8/dist-packages/ovsdbapp/backend/ovs_idl/__init__.py:104}}
May 17 20:44:36 ubuntu neutron-server[125547]: INFO ovsdbapp.backend.ovs_idl.vlog [None req-080d13ce-e0c6-4dbc-8392-7de2ad78ff2c None None] tcp:192.168.79.44:6642: connecting...
May 17 20:44:36 ubuntu neutron-server[125547]: INFO ovsdbapp.backend.ovs_idl.vlog [None req-080d13ce-e0c6-4dbc-8392-7de2ad78ff2c None None] tcp:192.168.79.44:6642: connected
May 17 20:44:36 ubuntu neutron-server[125547]: DEBUG neutron.common.ovn.hash_ring_manager [None req-080d13ce-e0c6-4dbc-8392-7de2ad78ff2c None None] Allow caching, nodes 2>=2 {{(pid=125547) _wait_startup_before_caching /opt/stack/neutron/neutron/common/ovn/hash_ring_manager.py:60}}
May 17 20:44:36 ubuntu neutron-server[125547]: DEBUG neutron.plugins.ml2.drivers.ovn.mech_driver.ovsdb.ovsdb_monitor [None req-080d13ce-e0c6-4dbc-8392-7de2ad78ff2c None None] Hash Ring: Node 2d939444-6ea1-4aac-a97d-64fe5e644d28 (host: ubuntu) handling event "create" for row f988e69d-f954-4359-892e-dd5cfd37125c (table: Database) {{(pid=125547) notify /opt/stack/neutron/neutron/plugins/ml2/drivers/ovn/mech_driver/ovsdb/ovsdb_monitor.py:815}}
May 17 20:44:36 ubuntu neutron-server[125547]: DEBUG neutron.plugins.ml2.drivers.ovn.mech_driver.ovsdb.ovsdb_monitor [None req-080d13ce-e0c6-4dbc-8392-7de2ad78ff2c None None] Hash Ring: Node 2d939444-6ea1-4aac-a97d-64fe5e644d28 (host: ubuntu) handling event "create" for row 3246589d-88a1-48de-9a1e-75de4ddfa861 (table: Database) {{(pid=125547) notify /opt/stack/neutron/neutron/plugins/ml2/drivers/ovn/mech_driver/ovsdb/ovsdb_monitor.py:815}}
May 17 20:44:36 ubuntu neutron-server[125327]: INFO oslo_service.service [None req-120243e7-871b-45a9-9bf1-178608ba4063 None None] Starting 1 workers
May 17 20:44:36 ubuntu neutron-server[125547]: DEBUG neutron.plugins.ml2.drivers.ovn.mech_driver.ovsdb.ovsdb_monitor [None req-080d13ce-e0c6-4dbc-8392-7de2ad78ff2c None None] ChassisMetadataAgentWriteEvent : Matched Chassis, create, None None {{(pid=125547) matches /opt/stack/neutron/neutron/plugins/ml2/drivers/ovn/mech_driver/ovsdb/ovsdb_monitor.py:62}}
May 17 20:44:36 ubuntu neutron-server[125547]: DEBUG neutron.plugins.ml2.drivers.ovn.mech_driver.ovsdb.ovsdb_monitor [None req-080d13ce-e0c6-4dbc-8392-7de2ad78ff2c None None] ChassisAgentWriteEvent : Matched Chassis, create, None None {{(pid=125547) matches /opt/stack/neutron/neutron/plugins/ml2/drivers/ovn/mech_driver/ovsdb/ovsdb_monitor.py:62}}
May 17 20:44:36 ubuntu neutron-server[125327]: DEBUG oslo_service.service [None req-120243e7-871b-45a9-9bf1-178608ba4063 None None] Started child 125550 {{(pid=125327) _start_child /usr/local/lib/python3.8/dist-packages/oslo_service/service.py:575}}
May 17 20:44:36 ubuntu neutron-server[125547]: INFO neutron.wsgi [-] (125547) wsgi starting up on http://0.0.0.0:9696
May 17 20:44:36 ubuntu neutron-server[125327]: INFO oslo_service.service [None req-120243e7-871b-45a9-9bf1-178608ba4063 None None] Starting 1 workers
May 17 20:44:36 ubuntu neutron-server[125550]: DEBUG neutron.service [None req-120243e7-871b-45a9-9bf1-178608ba4063 None None] calling RpcWorker wait() {{(pid=125550) _wait /opt/stack/neutron/neutron/service.py:128}}
May 17 20:44:36 ubuntu neutron-server[125550]: DEBUG neutron.service [None req-120243e7-871b-45a9-9bf1-178608ba4063 None None] returning from RpcWorker wait() {{(pid=125550) _wait /opt/stack/neutron/neutron/service.py:135}}
May 17 20:44:36 ubuntu neutron-server[125550]: DEBUG neutron_lib.callbacks.manager [-] Publish callbacks ['neutron.plugins.ml2.drivers.ovn.mech_driver.mech_driver.OVNMechanismDriver.post_fork_initialize-832704'] for process (None), after_init {{(pid=125550) _notify_loop /usr/local/lib/python3.8/dist-packages/neutron_lib/callbacks/manager.py:176}}
May 17 20:44:36 ubuntu neutron-server[125550]: INFO neutron.plugins.ml2.drivers.ovn.mech_driver.ovsdb.impl_idl_ovn [-] Getting OvsdbNbOvnIdl for RpcWorker with retry
May 17 20:44:36 ubuntu neutron-server[125327]: DEBUG oslo_service.service [None req-120243e7-871b-45a9-9bf1-178608ba4063 None None] Started child 125551 {{(pid=125327) _start_child /usr/local/lib/python3.8/dist-packages/oslo_service/service.py:575}}
May 17 20:44:36 ubuntu neutron-server[125327]: INFO oslo_service.service [None req-120243e7-871b-45a9-9bf1-178608ba4063 None None] Starting 1 workers
May 17 20:44:36 ubuntu neutron-server[125551]: DEBUG neutron_lib.callbacks.manager [-] Publish callbacks ['neutron.plugins.ml2.drivers.ovn.mech_driver.mech_driver.OVNMechanismDriver.post_fork_initialize-832704'] for process (None), after_init {{(pid=125551) _notify_loop /usr/local/lib/python3.8/dist-packages/neutron_lib/callbacks/manager.py:176}}
May 17 20:44:36 ubuntu neutron-server[125327]: DEBUG oslo_service.service [None req-120243e7-871b-45a9-9bf1-178608ba4063 None None] Started child 125552 {{(pid=125327) _start_child /usr/local/lib/python3.8/dist-packages/oslo_service/service.py:575}}
May 17 20:44:36 ubuntu neutron-server[125327]: DEBUG neutron_lib.callbacks.manager [None req-120243e7-871b-45a9-9bf1-178608ba4063 None None] Publish callbacks [] for process (None), after_spawn {{(pid=125327) _notify_loop /usr/local/lib/python3.8/dist-packages/neutron_lib/callbacks/manager.py:176}}
May 17 20:44:36 ubuntu neutron-server[125551]: INFO neutron.plugins.ml2.drivers.ovn.mech_driver.ovsdb.impl_idl_ovn [-] Getting OvsdbNbOvnIdl for MaintenanceWorker with retry
May 17 20:44:36 ubuntu neutron-server[125327]: DEBUG oslo_service.service [-] Full set of CONF: {{(pid=125327) wait /usr/local/lib/python3.8/dist-packages/oslo_service/service.py:649}}
May 17 20:44:36 ubuntu neutron-server[125327]: DEBUG oslo_service.service [-] ******************************************************************************** {{(pid=125327) log_opt_values /usr/local/lib/python3.8/dist-packages/oslo_config/cfg.py:2589}}
May 17 20:44:36 ubuntu neutron-server[125327]: DEBUG oslo_service.service [-] Configuration options gathered from: {{(pid=125327) log_opt_values /usr/local/lib/python3.8/dist-packages/oslo_config/cfg.py:2590}}
