Apr 11 22:27:28 ubuntu neutron-server[109908]: DEBUG neutron.api.extensions [None req-3d17c2aa-87a5-4451-acfc-8cb3426d447c None None] Loading extension file: vlantransparent.py {{(pid=109908) _load_all_extensions_from_path /opt/stack/neutron/neutron/api/extensions.py:450}}
Apr 11 22:27:28 ubuntu neutron-server[109908]: DEBUG neutron.api.extensions [None req-3d17c2aa-87a5-4451-acfc-8cb3426d447c None None] Ext name="Vlantransparent" alias="vlan-transparent" description="Provides Vlan Transparent Networks" updated="2015-03-23T09:00:00-00:00" {{(pid=109908) _check_extension /opt/stack/neutron/neutron/api/extensions.py:416}}
Apr 11 22:27:28 ubuntu neutron-server[109908]: INFO neutron.api.extensions [None req-3d17c2aa-87a5-4451-acfc-8cb3426d447c None None] Extension vlan-transparent not supported by any of loaded plugins
Apr 11 22:27:28 ubuntu neutron-server[109908]: INFO neutron.quota.resource_registry [None req-3d17c2aa-87a5-4451-acfc-8cb3426d447c None None] Creating instance of TrackedResource for resource:network
Apr 11 22:27:28 ubuntu neutron-server[109908]: INFO neutron.quota.resource_registry [None req-3d17c2aa-87a5-4451-acfc-8cb3426d447c None None] Creating instance of TrackedResource for resource:subnet
Apr 11 22:27:28 ubuntu neutron-server[109908]: INFO neutron.quota.resource_registry [None req-3d17c2aa-87a5-4451-acfc-8cb3426d447c None None] Creating instance of TrackedResource for resource:subnetpool
Apr 11 22:27:28 ubuntu neutron-server[109908]: INFO neutron.quota.resource_registry [None req-3d17c2aa-87a5-4451-acfc-8cb3426d447c None None] Creating instance of TrackedResource for resource:port
Apr 11 22:27:28 ubuntu neutron-server[109908]: DEBUG neutron.api.v2.resource_helper [None req-3d17c2aa-87a5-4451-acfc-8cb3426d447c None None] Service FLAVORS assigned prefix:  {{(pid=109908) build_resource_info /opt/stack/neutron/neutron/api/v2/resource_helper.py:77}}
Apr 11 22:27:28 ubuntu neutron-server[109908]: DEBUG neutron.api.v2.resource_helper [None req-3d17c2aa-87a5-4451-acfc-8cb3426d447c None None] Service L3_ROUTER_NAT assigned prefix:  {{(pid=109908) build_resource_info /opt/stack/neutron/neutron/api/v2/resource_helper.py:77}}
Apr 11 22:27:28 ubuntu neutron-server[109908]: DEBUG neutron.api.v2.resource_helper [None req-3d17c2aa-87a5-4451-acfc-8cb3426d447c None None] Service L3_ROUTER_NAT assigned prefix:  {{(pid=109908) build_resource_info /opt/stack/neutron/neutron/api/v2/resource_helper.py:77}}
Apr 11 22:27:28 ubuntu neutron-server[109908]: INFO neutron.quota.resource_registry [None req-3d17c2aa-87a5-4451-acfc-8cb3426d447c None None] Creating instance of TrackedResource for resource:router
Apr 11 22:27:28 ubuntu neutron-server[109908]: INFO neutron.quota.resource_registry [None req-3d17c2aa-87a5-4451-acfc-8cb3426d447c None None] Creating instance of TrackedResource for resource:floatingip
Apr 11 22:27:28 ubuntu neutron-server[109908]: DEBUG neutron_lib.callbacks.manager [None req-3d17c2aa-87a5-4451-acfc-8cb3426d447c None None] Subscribe: <bound method NeutronDbPluginV2.validate_network_rbac_policy_change of <neutron.services.network_ip_availability.plugin.NetworkIPAvailabilityPlugin object at 0x7f1d05d62310>> rbac-policy before_create 55550000 {{(pid=109908) subscribe /usr/local/lib/python3.8/dist-packages/neutron_lib/callbacks/manager.py:45}}
Apr 11 22:27:28 ubuntu neutron-server[109908]: DEBUG neutron_lib.callbacks.manager [None req-3d17c2aa-87a5-4451-acfc-8cb3426d447c None None] Subscribe: <bound method NeutronDbPluginV2.validate_network_rbac_policy_change of <neutron.services.network_ip_availability.plugin.NetworkIPAvailabilityPlugin object at 0x7f1d05d62310>> rbac-policy before_update 55550000 {{(pid=109908) subscribe /usr/local/lib/python3.8/dist-packages/neutron_lib/callbacks/manager.py:45}}
Apr 11 22:27:28 ubuntu neutron-server[109908]: DEBUG neutron_lib.callbacks.manager [None req-3d17c2aa-87a5-4451-acfc-8cb3426d447c None None] Subscribe: <bound method NeutronDbPluginV2.validate_network_rbac_policy_change of <neutron.services.network_ip_availability.plugin.NetworkIPAvailabilityPlugin object at 0x7f1d05d62310>> rbac-policy before_delete 55550000 {{(pid=109908) subscribe /usr/local/lib/python3.8/dist-packages/neutron_lib/callbacks/manager.py:45}}
Apr 11 22:27:28 ubuntu neutron-server[109908]: INFO neutron.quota.resource_registry [None req-3d17c2aa-87a5-4451-acfc-8cb3426d447c None None] Creating instance of CountableResource for resource:rbac_policy
Apr 11 22:27:28 ubuntu neutron-server[109908]: INFO neutron.quota.resource_registry [None req-3d17c2aa-87a5-4451-acfc-8cb3426d447c None None] Creating instance of TrackedResource for resource:security_group
Apr 11 22:27:28 ubuntu neutron-server[109908]: INFO neutron.quota.resource_registry [None req-3d17c2aa-87a5-4451-acfc-8cb3426d447c None None] Creating instance of TrackedResource for resource:security_group_rule
Apr 11 22:27:28 ubuntu neutron-server[109908]: DEBUG neutron.api.v2.resource_helper [None req-3d17c2aa-87a5-4451-acfc-8cb3426d447c None None] Service FLAVORS assigned prefix:  {{(pid=109908) build_resource_info /opt/stack/neutron/neutron/api/v2/resource_helper.py:77}}
Apr 11 22:27:28 ubuntu neutron-server[109908]: DEBUG neutron.api.v2.resource_helper [None req-3d17c2aa-87a5-4451-acfc-8cb3426d447c None None] Service L3_ROUTER_NAT assigned prefix:  {{(pid=109908) build_resource_info /opt/stack/neutron/neutron/api/v2/resource_helper.py:77}}
Apr 11 22:27:28 ubuntu neutron-server[109908]: DEBUG neutron.api.v2.resource_helper [None req-3d17c2aa-87a5-4451-acfc-8cb3426d447c None None] Service L3_ROUTER_NAT assigned prefix:  {{(pid=109908) build_resource_info /opt/stack/neutron/neutron/api/v2/resource_helper.py:77}}
Apr 11 22:27:28 ubuntu neutron-server[109908]: INFO neutron.quota.resource_registry [None req-3d17c2aa-87a5-4451-acfc-8cb3426d447c None None] Creating instance of TrackedResource for resource:router
Apr 11 22:27:28 ubuntu neutron-server[109908]: WARNING neutron.quota.resource_registry [None req-3d17c2aa-87a5-4451-acfc-8cb3426d447c None None] router is already registered
Apr 11 22:27:28 ubuntu neutron-server[109908]: INFO neutron.quota.resource_registry [None req-3d17c2aa-87a5-4451-acfc-8cb3426d447c None None] Creating instance of TrackedResource for resource:floatingip
Apr 11 22:27:28 ubuntu neutron-server[109908]: WARNING neutron.quota.resource_registry [None req-3d17c2aa-87a5-4451-acfc-8cb3426d447c None None] floatingip is already registered
Apr 11 22:27:28 ubuntu neutron-server[109908]: INFO neutron.quota.resource_registry [None req-3d17c2aa-87a5-4451-acfc-8cb3426d447c None None] Creating instance of CountableResource for resource:rbac_policy
Apr 11 22:27:28 ubuntu neutron-server[109908]: WARNING neutron.quota.resource_registry [None req-3d17c2aa-87a5-4451-acfc-8cb3426d447c None None] rbac_policy is already registered
Apr 11 22:27:28 ubuntu neutron-server[109908]: INFO neutron.quota.resource_registry [None req-3d17c2aa-87a5-4451-acfc-8cb3426d447c None None] Creating instance of TrackedResource for resource:security_group
Apr 11 22:27:28 ubuntu neutron-server[109908]: WARNING neutron.quota.resource_registry [None req-3d17c2aa-87a5-4451-acfc-8cb3426d447c None None] security_group is already registered
Apr 11 22:27:28 ubuntu neutron-server[109908]: INFO neutron.quota.resource_registry [None req-3d17c2aa-87a5-4451-acfc-8cb3426d447c None None] Creating instance of TrackedResource for resource:security_group_rule
Apr 11 22:27:28 ubuntu neutron-server[109908]: WARNING neutron.quota.resource_registry [None req-3d17c2aa-87a5-4451-acfc-8cb3426d447c None None] security_group_rule is already registered
Apr 11 22:27:28 ubuntu neutron-server[109908]: DEBUG neutron.api.extensions [None req-3d17c2aa-87a5-4451-acfc-8cb3426d447c None None] Extended resource: extensions {{(pid=109908) __init__ /opt/stack/neutron/neutron/api/extensions.py:157}}
Apr 11 22:27:28 ubuntu neutron-server[109908]: DEBUG neutron.api.extensions [None req-3d17c2aa-87a5-4451-acfc-8cb3426d447c None None] Extended resource: address-groups {{(pid=109908) __init__ /opt/stack/neutron/neutron/api/extensions.py:157}}
Apr 11 22:27:28 ubuntu neutron-server[109908]: DEBUG neutron.api.extensions [None req-3d17c2aa-87a5-4451-acfc-8cb3426d447c None None] Extended resource: address-scopes {{(pid=109908) __init__ /opt/stack/neutron/neutron/api/extensions.py:157}}
Apr 11 22:27:28 ubuntu neutron-server[109908]: DEBUG neutron.api.extensions [None req-3d17c2aa-87a5-4451-acfc-8cb3426d447c None None] Extended resource: agents {{(pid=109908) __init__ /opt/stack/neutron/neutron/api/extensions.py:157}}
Apr 11 22:27:29 ubuntu neutron-server[109908]: DEBUG neutron.api.extensions [None req-3d17c2aa-87a5-4451-acfc-8cb3426d447c None None] Extended resource: auto-allocated-topology {{(pid=109908) __init__ /opt/stack/neutron/neutron/api/extensions.py:157}}
Apr 11 22:27:29 ubuntu neutron-server[109908]: DEBUG neutron.api.extensions [None req-3d17c2aa-87a5-4451-acfc-8cb3426d447c None None] Extended resource: availability_zones {{(pid=109908) __init__ /opt/stack/neutron/neutron/api/extensions.py:157}}
Apr 11 22:27:29 ubuntu neutron-server[109908]: DEBUG neutron.api.extensions [None req-3d17c2aa-87a5-4451-acfc-8cb3426d447c None None] Extended resource: flavors {{(pid=109908) __init__ /opt/stack/neutron/neutron/api/extensions.py:157}}
Apr 11 22:27:29 ubuntu neutron-server[109908]: DEBUG neutron.api.extensions [None req-3d17c2aa-87a5-4451-acfc-8cb3426d447c None None] Extended resource: service_profiles {{(pid=109908) __init__ /opt/stack/neutron/neutron/api/extensions.py:157}}
Apr 11 22:27:29 ubuntu neutron-server[109908]: DEBUG neutron.api.extensions [None req-3d17c2aa-87a5-4451-acfc-8cb3426d447c None None] Extended resource: next_providers {{(pid=109908) __init__ /opt/stack/neutron/neutron/api/extensions.py:157}}
Apr 11 22:27:29 ubuntu neutron-server[109908]: DEBUG neutron.api.extensions [None req-3d17c2aa-87a5-4451-acfc-8cb3426d447c None None] Extended resource: service_profiles {{(pid=109908) __init__ /opt/stack/neutron/neutron/api/extensions.py:157}}
Apr 11 22:27:29 ubuntu neutron-server[109908]: DEBUG neutron.api.extensions [None req-3d17c2aa-87a5-4451-acfc-8cb3426d447c None None] Extended resource: floatingip-pools {{(pid=109908) __init__ /opt/stack/neutron/neutron/api/extensions.py:157}}
Apr 11 22:27:29 ubuntu neutron-server[109908]: DEBUG neutron.api.extensions [None req-3d17c2aa-87a5-4451-acfc-8cb3426d447c None None] Extended resource: routers {{(pid=109908) __init__ /opt/stack/neutron/neutron/api/extensions.py:157}}
Apr 11 22:27:29 ubuntu neutron-server[109908]: DEBUG neutron.api.extensions [None req-3d17c2aa-87a5-4451-acfc-8cb3426d447c None None] Extended resource: floatingips {{(pid=109908) __init__ /opt/stack/neutron/neutron/api/extensions.py:157}}
Apr 11 22:27:29 ubuntu neutron-server[109908]: DEBUG neutron.api.extensions [None req-3d17c2aa-87a5-4451-acfc-8cb3426d447c None None] Extended resource: network-ip-availabilities {{(pid=109908) __init__ /opt/stack/neutron/neutron/api/extensions.py:157}}
Apr 11 22:27:29 ubuntu neutron-server[109908]: DEBUG neutron.api.extensions [None req-3d17c2aa-87a5-4451-acfc-8cb3426d447c None None] Extended resource: bindings {{(pid=109908) __init__ /opt/stack/neutron/neutron/api/extensions.py:157}}
Apr 11 22:27:29 ubuntu neutron-server[109908]: DEBUG neutron.api.extensions [None req-3d17c2aa-87a5-4451-acfc-8cb3426d447c None None] Extended resource: quotas {{(pid=109908) __init__ /opt/stack/neutron/neutron/api/extensions.py:157}}
Apr 11 22:27:29 ubuntu neutron-server[109908]: DEBUG neutron.api.extensions [None req-3d17c2aa-87a5-4451-acfc-8cb3426d447c None None] Extended resource: quotas {{(pid=109908) __init__ /opt/stack/neutron/neutron/api/extensions.py:157}}
Apr 11 22:27:29 ubuntu neutron-server[109908]: DEBUG neutron.api.extensions [None req-3d17c2aa-87a5-4451-acfc-8cb3426d447c None None] Extended resource: rbac-policies {{(pid=109908) __init__ /opt/stack/neutron/neutron/api/extensions.py:157}}
Apr 11 22:27:29 ubuntu neutron-server[109908]: DEBUG neutron.api.extensions [None req-3d17c2aa-87a5-4451-acfc-8cb3426d447c None None] Extended resource: security-groups {{(pid=109908) __init__ /opt/stack/neutron/neutron/api/extensions.py:157}}
Apr 11 22:27:29 ubuntu neutron-server[109908]: DEBUG neutron.api.extensions [None req-3d17c2aa-87a5-4451-acfc-8cb3426d447c None None] Extended resource: security-group-rules {{(pid=109908) __init__ /opt/stack/neutron/neutron/api/extensions.py:157}}
Apr 11 22:27:29 ubuntu neutron-server[109908]: DEBUG neutron.api.extensions [None req-3d17c2aa-87a5-4451-acfc-8cb3426d447c None None] Extended resource: service-providers {{(pid=109908) __init__ /opt/stack/neutron/neutron/api/extensions.py:157}}
Apr 11 22:27:29 ubuntu neutron-server[109908]: DEBUG neutron.api.extensions [None req-3d17c2aa-87a5-4451-acfc-8cb3426d447c None None] Extended resource: tags {{(pid=109908) __init__ /opt/stack/neutron/neutron/api/extensions.py:157}}
Apr 11 22:27:29 ubuntu neutron-server[109908]: DEBUG neutron.api.extensions [None req-3d17c2aa-87a5-4451-acfc-8cb3426d447c None None] Extended resource: tags {{(pid=109908) __init__ /opt/stack/neutron/neutron/api/extensions.py:157}}
Apr 11 22:27:29 ubuntu neutron-server[109908]: DEBUG neutron.api.extensions [None req-3d17c2aa-87a5-4451-acfc-8cb3426d447c None None] Extended resource: tags {{(pid=109908) __init__ /opt/stack/neutron/neutron/api/extensions.py:157}}
Apr 11 22:27:29 ubuntu neutron-server[109908]: DEBUG neutron.api.extensions [None req-3d17c2aa-87a5-4451-acfc-8cb3426d447c None None] Extended resource: tags {{(pid=109908) __init__ /opt/stack/neutron/neutron/api/extensions.py:157}}
Apr 11 22:27:29 ubuntu neutron-server[109908]: DEBUG neutron.api.extensions [None req-3d17c2aa-87a5-4451-acfc-8cb3426d447c None None] Extended resource: tags {{(pid=109908) __init__ /opt/stack/neutron/neutron/api/extensions.py:157}}
Apr 11 22:27:29 ubuntu neutron-server[109908]: DEBUG neutron.api.extensions [None req-3d17c2aa-87a5-4451-acfc-8cb3426d447c None None] Extended resource: tags {{(pid=109908) __init__ /opt/stack/neutron/neutron/api/extensions.py:157}}
Apr 11 22:27:29 ubuntu neutron-server[109908]: DEBUG neutron.api.extensions [None req-3d17c2aa-87a5-4451-acfc-8cb3426d447c None None] Extended resource: tags {{(pid=109908) __init__ /opt/stack/neutron/neutron/api/extensions.py:157}}
Apr 11 22:27:29 ubuntu neutron-server[109908]: DEBUG neutron.api.extensions [None req-3d17c2aa-87a5-4451-acfc-8cb3426d447c None None] Extended resource: tags {{(pid=109908) __init__ /opt/stack/neutron/neutron/api/extensions.py:157}}
Apr 11 22:27:29 ubuntu neutron-server[109908]: DEBUG neutron.api.extensions [None req-3d17c2aa-87a5-4451-acfc-8cb3426d447c None None] Extended resource: tags {{(pid=109908) __init__ /opt/stack/neutron/neutron/api/extensions.py:157}}
Apr 11 22:27:29 ubuntu neutron-server[109908]: DEBUG neutron.api.extensions [None req-3d17c2aa-87a5-4451-acfc-8cb3426d447c None None] Extended resource: tags {{(pid=109908) __init__ /opt/stack/neutron/neutron/api/extensions.py:157}}
Apr 11 22:27:29 ubuntu neutron-server[109908]: WARNING keystonemiddleware.auth_token [None req-3d17c2aa-87a5-4451-acfc-8cb3426d447c None None] AuthToken middleware is set with keystone_authtoken.service_token_roles_required set to False. This is backwards compatible but deprecated behaviour. Please set this to True.
Apr 11 22:27:29 ubuntu neutron-server[109908]: WARNING keystonemiddleware.auth_token [None req-3d17c2aa-87a5-4451-acfc-8cb3426d447c None None] Configuring www_authenticate_uri to point to the public identity endpoint is required; clients may not be able to authenticate against an admin endpoint
Apr 11 22:27:29 ubuntu neutron-server[109908]: DEBUG oslo_concurrency.lockutils [None req-3d17c2aa-87a5-4451-acfc-8cb3426d447c None None] Acquired lock "singleton_lock" {{(pid=109908) lock /usr/local/lib/python3.8/dist-packages/oslo_concurrency/lockutils.py:294}}
Apr 11 22:27:29 ubuntu neutron-server[109908]: DEBUG oslo_concurrency.lockutils [None req-3d17c2aa-87a5-4451-acfc-8cb3426d447c None None] Releasing lock "singleton_lock" {{(pid=109908) lock /usr/local/lib/python3.8/dist-packages/oslo_concurrency/lockutils.py:312}}
Apr 11 22:27:29 ubuntu neutron-server[109908]: INFO oslo_service.service [None req-3d17c2aa-87a5-4451-acfc-8cb3426d447c None None] Starting 2 workers
Apr 11 22:27:29 ubuntu neutron-server[109908]: DEBUG oslo_service.service [None req-3d17c2aa-87a5-4451-acfc-8cb3426d447c None None] Started child 110114 {{(pid=109908) _start_child /usr/local/lib/python3.8/dist-packages/oslo_service/service.py:575}}
Apr 11 22:27:29 ubuntu neutron-server[109908]: DEBUG oslo_service.service [None req-3d17c2aa-87a5-4451-acfc-8cb3426d447c None None] Started child 110115 {{(pid=109908) _start_child /usr/local/lib/python3.8/dist-packages/oslo_service/service.py:575}}
Apr 11 22:27:29 ubuntu neutron-server[109908]: INFO neutron.service [None req-3d17c2aa-87a5-4451-acfc-8cb3426d447c None None] Neutron service started, listening on 0.0.0.0:9696
Apr 11 22:27:29 ubuntu neutron-server[109908]: DEBUG neutron_lib.callbacks.manager [None req-3d17c2aa-87a5-4451-acfc-8cb3426d447c None None] Publish callbacks ['neutron.plugins.ml2.drivers.ovn.mech_driver.mech_driver.OVNMechanismDriver.pre_fork_initialize-951229'] for process (None), before_spawn {{(pid=109908) _notify_loop /usr/local/lib/python3.8/dist-packages/neutron_lib/callbacks/manager.py:176}}
Apr 11 22:27:29 ubuntu neutron-server[110114]: DEBUG neutron_lib.callbacks.manager [-] Publish callbacks ['neutron.plugins.ml2.drivers.ovn.mech_driver.mech_driver.OVNMechanismDriver.post_fork_initialize-951129'] for process (None), after_init {{(pid=110114) _notify_loop /usr/local/lib/python3.8/dist-packages/neutron_lib/callbacks/manager.py:176}}
Apr 11 22:27:29 ubuntu neutron-server[110115]: DEBUG neutron_lib.callbacks.manager [-] Publish callbacks ['neutron.plugins.ml2.drivers.ovn.mech_driver.mech_driver.OVNMechanismDriver.post_fork_initialize-951129'] for process (None), after_init {{(pid=110115) _notify_loop /usr/local/lib/python3.8/dist-packages/neutron_lib/callbacks/manager.py:176}}
Apr 11 22:27:29 ubuntu neutron-server[109908]: DEBUG ovsdbapp.backend.ovs_idl [None req-3d17c2aa-87a5-4451-acfc-8cb3426d447c None None] Created schema index Port_Group.name {{(pid=109908) autocreate_indices /usr/local/lib/python3.8/dist-packages/ovsdbapp/backend/ovs_idl/__init__.py:104}}
Apr 11 22:27:29 ubuntu neutron-server[109908]: DEBUG ovsdbapp.backend.ovs_idl [None req-3d17c2aa-87a5-4451-acfc-8cb3426d447c None None] Created schema index Logical_Switch_Port.name {{(pid=109908) autocreate_indices /usr/local/lib/python3.8/dist-packages/ovsdbapp/backend/ovs_idl/__init__.py:104}}
Apr 11 22:27:29 ubuntu neutron-server[110115]: INFO neutron.plugins.ml2.drivers.ovn.mech_driver.ovsdb.impl_idl_ovn [None req-99404ffc-9819-493e-b6a8-3f8e6e6a33b4 None None] Getting OvsdbNbOvnIdl for WorkerService with retry
Apr 11 22:27:29 ubuntu neutron-server[110114]: INFO neutron.plugins.ml2.drivers.ovn.mech_driver.ovsdb.impl_idl_ovn [None req-eb44479b-7d8e-48d8-b4a2-6e66e219eb08 None None] Getting OvsdbNbOvnIdl for WorkerService with retry
Apr 11 22:27:29 ubuntu neutron-server[110115]: DEBUG ovsdbapp.backend.ovs_idl [None req-99404ffc-9819-493e-b6a8-3f8e6e6a33b4 None None] Created lookup_table index Logical_Switch.name {{(pid=110115) autocreate_indices /usr/local/lib/python3.8/dist-packages/ovsdbapp/backend/ovs_idl/__init__.py:85}}
Apr 11 22:27:29 ubuntu neutron-server[110115]: DEBUG ovsdbapp.backend.ovs_idl [None req-99404ffc-9819-493e-b6a8-3f8e6e6a33b4 None None] Created lookup_table index Logical_Router.name {{(pid=110115) autocreate_indices /usr/local/lib/python3.8/dist-packages/ovsdbapp/backend/ovs_idl/__init__.py:85}}
Apr 11 22:27:29 ubuntu neutron-server[110115]: DEBUG ovsdbapp.backend.ovs_idl [None req-99404ffc-9819-493e-b6a8-3f8e6e6a33b4 None None] Created lookup_table index Load_Balancer.name {{(pid=110115) autocreate_indices /usr/local/lib/python3.8/dist-packages/ovsdbapp/backend/ovs_idl/__init__.py:85}}
Apr 11 22:27:29 ubuntu neutron-server[110115]: DEBUG ovsdbapp.backend.ovs_idl [None req-99404ffc-9819-493e-b6a8-3f8e6e6a33b4 None None] Created schema index Meter.name {{(pid=110115) autocreate_indices /usr/local/lib/python3.8/dist-packages/ovsdbapp/backend/ovs_idl/__init__.py:104}}
Apr 11 22:27:29 ubuntu neutron-server[110115]: DEBUG ovsdbapp.backend.ovs_idl [None req-99404ffc-9819-493e-b6a8-3f8e6e6a33b4 None None] Created schema index Address_Set.name {{(pid=110115) autocreate_indices /usr/local/lib/python3.8/dist-packages/ovsdbapp/backend/ovs_idl/__init__.py:104}}
Apr 11 22:27:29 ubuntu neutron-server[110115]: DEBUG ovsdbapp.backend.ovs_idl [None req-99404ffc-9819-493e-b6a8-3f8e6e6a33b4 None None] Created schema index HA_Chassis_Group.name {{(pid=110115) autocreate_indices /usr/local/lib/python3.8/dist-packages/ovsdbapp/backend/ovs_idl/__init__.py:104}}
Apr 11 22:27:29 ubuntu neutron-server[110115]: DEBUG ovsdbapp.backend.ovs_idl [None req-99404ffc-9819-493e-b6a8-3f8e6e6a33b4 None None] Created schema index Connection.target {{(pid=110115) autocreate_indices /usr/local/lib/python3.8/dist-packages/ovsdbapp/backend/ovs_idl/__init__.py:104}}
Apr 11 22:27:29 ubuntu neutron-server[110115]: DEBUG ovsdbapp.backend.ovs_idl [None req-99404ffc-9819-493e-b6a8-3f8e6e6a33b4 None None] Created schema index Gateway_Chassis.name {{(pid=110115) autocreate_indices /usr/local/lib/python3.8/dist-packages/ovsdbapp/backend/ovs_idl/__init__.py:104}}
Apr 11 22:27:29 ubuntu neutron-server[110115]: DEBUG ovsdbapp.backend.ovs_idl [None req-99404ffc-9819-493e-b6a8-3f8e6e6a33b4 None None] Created schema index Logical_Router_Port.name {{(pid=110115) autocreate_indices /usr/local/lib/python3.8/dist-packages/ovsdbapp/backend/ovs_idl/__init__.py:104}}
Apr 11 22:27:29 ubuntu neutron-server[110115]: DEBUG ovsdbapp.backend.ovs_idl [None req-99404ffc-9819-493e-b6a8-3f8e6e6a33b4 None None] Created schema index Port_Group.name {{(pid=110115) autocreate_indices /usr/local/lib/python3.8/dist-packages/ovsdbapp/backend/ovs_idl/__init__.py:104}}
Apr 11 22:27:29 ubuntu neutron-server[110115]: DEBUG ovsdbapp.backend.ovs_idl [None req-99404ffc-9819-493e-b6a8-3f8e6e6a33b4 None None] Created schema index Logical_Switch_Port.name {{(pid=110115) autocreate_indices /usr/local/lib/python3.8/dist-packages/ovsdbapp/backend/ovs_idl/__init__.py:104}}
Apr 11 22:27:29 ubuntu neutron-server[110115]: INFO ovsdbapp.backend.ovs_idl.vlog [None req-99404ffc-9819-493e-b6a8-3f8e6e6a33b4 None None] tcp:192.168.79.43:6641: connecting...
Apr 11 22:27:29 ubuntu neutron-server[110115]: INFO ovsdbapp.backend.ovs_idl.vlog [None req-99404ffc-9819-493e-b6a8-3f8e6e6a33b4 None None] tcp:192.168.79.43:6641: connected
Apr 11 22:27:29 ubuntu neutron-server[110114]: DEBUG ovsdbapp.backend.ovs_idl [None req-eb44479b-7d8e-48d8-b4a2-6e66e219eb08 None None] Created lookup_table index Logical_Switch.name {{(pid=110114) autocreate_indices /usr/local/lib/python3.8/dist-packages/ovsdbapp/backend/ovs_idl/__init__.py:85}}
Apr 11 22:27:29 ubuntu neutron-server[110114]: DEBUG ovsdbapp.backend.ovs_idl [None req-eb44479b-7d8e-48d8-b4a2-6e66e219eb08 None None] Created lookup_table index Logical_Router.name {{(pid=110114) autocreate_indices /usr/local/lib/python3.8/dist-packages/ovsdbapp/backend/ovs_idl/__init__.py:85}}
Apr 11 22:27:29 ubuntu neutron-server[110114]: DEBUG ovsdbapp.backend.ovs_idl [None req-eb44479b-7d8e-48d8-b4a2-6e66e219eb08 None None] Created lookup_table index Load_Balancer.name {{(pid=110114) autocreate_indices /usr/local/lib/python3.8/dist-packages/ovsdbapp/backend/ovs_idl/__init__.py:85}}
Apr 11 22:27:29 ubuntu neutron-server[110114]: DEBUG ovsdbapp.backend.ovs_idl [None req-eb44479b-7d8e-48d8-b4a2-6e66e219eb08 None None] Created schema index Meter.name {{(pid=110114) autocreate_indices /usr/local/lib/python3.8/dist-packages/ovsdbapp/backend/ovs_idl/__init__.py:104}}
Apr 11 22:27:29 ubuntu neutron-server[110114]: DEBUG ovsdbapp.backend.ovs_idl [None req-eb44479b-7d8e-48d8-b4a2-6e66e219eb08 None None] Created schema index Address_Set.name {{(pid=110114) autocreate_indices /usr/local/lib/python3.8/dist-packages/ovsdbapp/backend/ovs_idl/__init__.py:104}}
Apr 11 22:27:29 ubuntu neutron-server[110114]: DEBUG ovsdbapp.backend.ovs_idl [None req-eb44479b-7d8e-48d8-b4a2-6e66e219eb08 None None] Created schema index HA_Chassis_Group.name {{(pid=110114) autocreate_indices /usr/local/lib/python3.8/dist-packages/ovsdbapp/backend/ovs_idl/__init__.py:104}}
Apr 11 22:27:29 ubuntu neutron-server[110114]: DEBUG ovsdbapp.backend.ovs_idl [None req-eb44479b-7d8e-48d8-b4a2-6e66e219eb08 None None] Created schema index Connection.target {{(pid=110114) autocreate_indices /usr/local/lib/python3.8/dist-packages/ovsdbapp/backend/ovs_idl/__init__.py:104}}
Apr 11 22:27:29 ubuntu neutron-server[110114]: DEBUG ovsdbapp.backend.ovs_idl [None req-eb44479b-7d8e-48d8-b4a2-6e66e219eb08 None None] Created schema index Gateway_Chassis.name {{(pid=110114) autocreate_indices /usr/local/lib/python3.8/dist-packages/ovsdbapp/backend/ovs_idl/__init__.py:104}}
Apr 11 22:27:29 ubuntu neutron-server[110114]: DEBUG ovsdbapp.backend.ovs_idl [None req-eb44479b-7d8e-48d8-b4a2-6e66e219eb08 None None] Created schema index Logical_Router_Port.name {{(pid=110114) autocreate_indices /usr/local/lib/python3.8/dist-packages/ovsdbapp/backend/ovs_idl/__init__.py:104}}
Apr 11 22:27:29 ubuntu neutron-server[110114]: DEBUG ovsdbapp.backend.ovs_idl [None req-eb44479b-7d8e-48d8-b4a2-6e66e219eb08 None None] Created schema index Port_Group.name {{(pid=110114) autocreate_indices /usr/local/lib/python3.8/dist-packages/ovsdbapp/backend/ovs_idl/__init__.py:104}}
Apr 11 22:27:29 ubuntu neutron-server[110114]: DEBUG ovsdbapp.backend.ovs_idl [None req-eb44479b-7d8e-48d8-b4a2-6e66e219eb08 None None] Created schema index Logical_Switch_Port.name {{(pid=110114) autocreate_indices /usr/local/lib/python3.8/dist-packages/ovsdbapp/backend/ovs_idl/__init__.py:104}}
Apr 11 22:27:29 ubuntu neutron-server[110114]: INFO ovsdbapp.backend.ovs_idl.vlog [None req-eb44479b-7d8e-48d8-b4a2-6e66e219eb08 None None] tcp:192.168.79.43:6641: connecting...
Apr 11 22:27:29 ubuntu neutron-server[110114]: INFO ovsdbapp.backend.ovs_idl.vlog [None req-eb44479b-7d8e-48d8-b4a2-6e66e219eb08 None None] tcp:192.168.79.43:6641: connected
Apr 11 22:27:29 ubuntu neutron-server[109908]: DEBUG ovsdbapp.backend.ovs_idl.transaction [-] Running txn n=1 command(idx=0): PgAddCommand(name=neutron_pg_drop, may_exist=True, columns={'acls': []}) {{(pid=109908) do_commit /usr/local/lib/python3.8/dist-packages/ovsdbapp/backend/ovs_idl/transaction.py:90}}
Apr 11 22:27:29 ubuntu neutron-server[109908]: DEBUG ovsdbapp.backend.ovs_idl.transaction [-] Running txn n=1 command(idx=1): PgAclAddCommand(entity=neutron_pg_drop, direction=from-lport, priority=1001, match=inport == @neutron_pg_drop && ip, action=drop, log=False, may_exist=True, severity=[], name=[], meter=None, external_ids={}) {{(pid=109908) do_commit /usr/local/lib/python3.8/dist-packages/ovsdbapp/backend/ovs_idl/transaction.py:90}}
Apr 11 22:27:29 ubuntu neutron-server[109908]: DEBUG ovsdbapp.backend.ovs_idl.transaction [-] Running txn n=1 command(idx=2): PgAclAddCommand(entity=neutron_pg_drop, direction=to-lport, priority=1001, match=outport == @neutron_pg_drop && ip, action=drop, log=False, may_exist=True, severity=[], name=[], meter=None, external_ids={}) {{(pid=109908) do_commit /usr/local/lib/python3.8/dist-packages/ovsdbapp/backend/ovs_idl/transaction.py:90}}
Apr 11 22:27:29 ubuntu neutron-server[109908]: DEBUG ovsdbapp.backend.ovs_idl.event [-] Matched CREATE: NeutronPgDropPortGroupCreated(events=('create',), table='Port_Group', conditions=(('name', '=', 'neutron_pg_drop'),), old_conditions=None), priority=10 to row=Port_Group(name=neutron_pg_drop, ports=[], external_ids={}, acls=[<ovs.db.idl.Row object at 0x7f1d05de0c40>, <ovs.db.idl.Row object at 0x7f1d05ddea90>]) old= {{(pid=109908) matches /usr/local/lib/python3.8/dist-packages/ovsdbapp/backend/ovs_idl/event.py:43}}
Apr 11 22:27:29 ubuntu neutron-server[110115]: DEBUG neutron.common.ovn.hash_ring_manager [None req-99404ffc-9819-493e-b6a8-3f8e6e6a33b4 None None] Allow caching, nodes 2>=2 {{(pid=110115) _wait_startup_before_caching /opt/stack/neutron/neutron/common/ovn/hash_ring_manager.py:60}}
Apr 11 22:27:29 ubuntu neutron-server[110114]: DEBUG neutron.common.ovn.hash_ring_manager [None req-eb44479b-7d8e-48d8-b4a2-6e66e219eb08 None None] Allow caching, nodes 2>=2 {{(pid=110114) _wait_startup_before_caching /opt/stack/neutron/neutron/common/ovn/hash_ring_manager.py:60}}
Apr 11 22:27:29 ubuntu neutron-server[110115]: DEBUG neutron.plugins.ml2.drivers.ovn.mech_driver.ovsdb.ovsdb_monitor [None req-99404ffc-9819-493e-b6a8-3f8e6e6a33b4 None None] Hash Ring: Node af2bcc18-59b0-49b7-9415-be7a010b8e57 (host: ubuntu) handling event "create" for row a84afd97-e53d-4077-a62a-c2bb01dedc78 (table: ACL) {{(pid=110115) notify /opt/stack/neutron/neutron/plugins/ml2/drivers/ovn/mech_driver/ovsdb/ovsdb_monitor.py:805}}
Apr 11 22:27:29 ubuntu neutron-server[110115]: DEBUG neutron.plugins.ml2.drivers.ovn.mech_driver.ovsdb.ovsdb_monitor [None req-99404ffc-9819-493e-b6a8-3f8e6e6a33b4 None None] Hash Ring: Node af2bcc18-59b0-49b7-9415-be7a010b8e57 (host: ubuntu) handling event "create" for row c23f04a7-5ffa-459f-a7aa-4bba3de5e5c3 (table: Connection) {{(pid=110115) notify /opt/stack/neutron/neutron/plugins/ml2/drivers/ovn/mech_driver/ovsdb/ovsdb_monitor.py:805}}
Apr 11 22:27:29 ubuntu neutron-server[110115]: INFO neutron.plugins.ml2.drivers.ovn.mech_driver.ovsdb.impl_idl_ovn [None req-99404ffc-9819-493e-b6a8-3f8e6e6a33b4 None None] Getting OvsdbSbOvnIdl for WorkerService with retry
Apr 11 22:27:29 ubuntu neutron-server[110114]: DEBUG neutron.plugins.ml2.drivers.ovn.mech_driver.ovsdb.ovsdb_monitor [None req-eb44479b-7d8e-48d8-b4a2-6e66e219eb08 None None] Hash Ring: Node 8c5fd691-1dfe-4830-943a-a99ef8ce90b7 (host: ubuntu) handling event "create" for row 42bdf7f4-e0e4-4edc-b66d-cb96f0143a3b (table: Database) {{(pid=110114) notify /opt/stack/neutron/neutron/plugins/ml2/drivers/ovn/mech_driver/ovsdb/ovsdb_monitor.py:805}}
Apr 11 22:27:29 ubuntu neutron-server[110114]: DEBUG neutron.plugins.ml2.drivers.ovn.mech_driver.ovsdb.ovsdb_monitor [None req-eb44479b-7d8e-48d8-b4a2-6e66e219eb08 None None] Hash Ring: Node 8c5fd691-1dfe-4830-943a-a99ef8ce90b7 (host: ubuntu) handling event "create" for row 4d9593a6-da1d-4f92-9000-c0c85b386c65 (table: Database) {{(pid=110114) notify /opt/stack/neutron/neutron/plugins/ml2/drivers/ovn/mech_driver/ovsdb/ovsdb_monitor.py:805}}
Apr 11 22:27:29 ubuntu neutron-server[109908]: DEBUG ovsdbapp.backend.ovs_idl [None req-3d17c2aa-87a5-4451-acfc-8cb3426d447c None None] Created lookup_table index Logical_Switch.name {{(pid=109908) autocreate_indices /usr/local/lib/python3.8/dist-packages/ovsdbapp/backend/ovs_idl/__init__.py:85}}
Apr 11 22:27:29 ubuntu neutron-server[110115]: DEBUG ovsdbapp.backend.ovs_idl [None req-99404ffc-9819-493e-b6a8-3f8e6e6a33b4 None None] Created lookup_table index Chassis.name {{(pid=110115) autocreate_indices /usr/local/lib/python3.8/dist-packages/ovsdbapp/backend/ovs_idl/__init__.py:85}}
Apr 11 22:27:29 ubuntu neutron-server[110115]: DEBUG ovsdbapp.backend.ovs_idl [None req-99404ffc-9819-493e-b6a8-3f8e6e6a33b4 None None] Created schema index Datapath_Binding.tunnel_key {{(pid=110115) autocreate_indices /usr/local/lib/python3.8/dist-packages/ovsdbapp/backend/ovs_idl/__init__.py:104}}
Apr 11 22:27:29 ubuntu neutron-server[110115]: DEBUG ovsdbapp.backend.ovs_idl [None req-99404ffc-9819-493e-b6a8-3f8e6e6a33b4 None None] Created schema index Connection.target {{(pid=110115) autocreate_indices /usr/local/lib/python3.8/dist-packages/ovsdbapp/backend/ovs_idl/__init__.py:104}}
Apr 11 22:27:29 ubuntu neutron-server[109908]: DEBUG ovsdbapp.backend.ovs_idl [None req-3d17c2aa-87a5-4451-acfc-8cb3426d447c None None] Created lookup_table index Logical_Router.name {{(pid=109908) autocreate_indices /usr/local/lib/python3.8/dist-packages/ovsdbapp/backend/ovs_idl/__init__.py:85}}
Apr 11 22:27:29 ubuntu neutron-server[110115]: INFO ovsdbapp.backend.ovs_idl.vlog [None req-99404ffc-9819-493e-b6a8-3f8e6e6a33b4 None None] tcp:192.168.79.43:6642: connecting...
Apr 11 22:27:29 ubuntu neutron-server[110115]: INFO ovsdbapp.backend.ovs_idl.vlog [None req-99404ffc-9819-493e-b6a8-3f8e6e6a33b4 None None] tcp:192.168.79.43:6642: connected
Apr 11 22:27:29 ubuntu neutron-server[109908]: DEBUG ovsdbapp.backend.ovs_idl [None req-3d17c2aa-87a5-4451-acfc-8cb3426d447c None None] Created lookup_table index Load_Balancer.name {{(pid=109908) autocreate_indices /usr/local/lib/python3.8/dist-packages/ovsdbapp/backend/ovs_idl/__init__.py:85}}
Apr 11 22:27:29 ubuntu neutron-server[110114]: DEBUG neutron.plugins.ml2.drivers.ovn.mech_driver.ovsdb.ovsdb_monitor [None req-eb44479b-7d8e-48d8-b4a2-6e66e219eb08 None None] Hash Ring: Node 8c5fd691-1dfe-4830-943a-a99ef8ce90b7 (host: ubuntu) handling event "create" for row d78064d6-1b22-4d6a-9bb7-bc32138089cc (table: Port_Group) {{(pid=110114) notify /opt/stack/neutron/neutron/plugins/ml2/drivers/ovn/mech_driver/ovsdb/ovsdb_monitor.py:805}}
Apr 11 22:27:29 ubuntu neutron-server[110114]: DEBUG neutron.plugins.ml2.drivers.ovn.mech_driver.ovsdb.ovsdb_monitor [None req-eb44479b-7d8e-48d8-b4a2-6e66e219eb08 None None] Hash Ring: Node 8c5fd691-1dfe-4830-943a-a99ef8ce90b7 (host: ubuntu) handling event "create" for row a090ad17-db36-4ab0-b619-b1480bd776c9 (table: NB_Global) {{(pid=110114) notify /opt/stack/neutron/neutron/plugins/ml2/drivers/ovn/mech_driver/ovsdb/ovsdb_monitor.py:805}}
Apr 11 22:27:29 ubuntu neutron-server[109908]: DEBUG ovsdbapp.backend.ovs_idl [None req-3d17c2aa-87a5-4451-acfc-8cb3426d447c None None] Created schema index Meter.name {{(pid=109908) autocreate_indices /usr/local/lib/python3.8/dist-packages/ovsdbapp/backend/ovs_idl/__init__.py:104}}
Apr 11 22:27:29 ubuntu neutron-server[110114]: DEBUG neutron.plugins.ml2.drivers.ovn.mech_driver.ovsdb.ovsdb_monitor [None req-eb44479b-7d8e-48d8-b4a2-6e66e219eb08 None None] Hash Ring: Node 8c5fd691-1dfe-4830-943a-a99ef8ce90b7 (host: ubuntu) handling event "create" for row f571e145-01ea-4036-bced-d96ecab5050c (table: ACL) {{(pid=110114) notify /opt/stack/neutron/neutron/plugins/ml2/drivers/ovn/mech_driver/ovsdb/ovsdb_monitor.py:805}}
Apr 11 22:27:29 ubuntu neutron-server[109908]: DEBUG ovsdbapp.backend.ovs_idl [None req-3d17c2aa-87a5-4451-acfc-8cb3426d447c None None] Created schema index Address_Set.name {{(pid=109908) autocreate_indices /usr/local/lib/python3.8/dist-packages/ovsdbapp/backend/ovs_idl/__init__.py:104}}
Apr 11 22:27:29 ubuntu neutron-server[109908]: DEBUG ovsdbapp.backend.ovs_idl [None req-3d17c2aa-87a5-4451-acfc-8cb3426d447c None None] Created schema index HA_Chassis_Group.name {{(pid=109908) autocreate_indices /usr/local/lib/python3.8/dist-packages/ovsdbapp/backend/ovs_idl/__init__.py:104}}
Apr 11 22:27:29 ubuntu neutron-server[110114]: INFO neutron.plugins.ml2.drivers.ovn.mech_driver.ovsdb.impl_idl_ovn [None req-eb44479b-7d8e-48d8-b4a2-6e66e219eb08 None None] Getting OvsdbSbOvnIdl for WorkerService with retry
Apr 11 22:27:29 ubuntu neutron-server[109908]: DEBUG ovsdbapp.backend.ovs_idl [None req-3d17c2aa-87a5-4451-acfc-8cb3426d447c None None] Created schema index Connection.target {{(pid=109908) autocreate_indices /usr/local/lib/python3.8/dist-packages/ovsdbapp/backend/ovs_idl/__init__.py:104}}
Apr 11 22:27:29 ubuntu neutron-server[109908]: DEBUG ovsdbapp.backend.ovs_idl [None req-3d17c2aa-87a5-4451-acfc-8cb3426d447c None None] Created schema index Gateway_Chassis.name {{(pid=109908) autocreate_indices /usr/local/lib/python3.8/dist-packages/ovsdbapp/backend/ovs_idl/__init__.py:104}}
Apr 11 22:27:29 ubuntu neutron-server[109908]: DEBUG ovsdbapp.backend.ovs_idl [None req-3d17c2aa-87a5-4451-acfc-8cb3426d447c None None] Created schema index Logical_Router_Port.name {{(pid=109908) autocreate_indices /usr/local/lib/python3.8/dist-packages/ovsdbapp/backend/ovs_idl/__init__.py:104}}
Apr 11 22:27:29 ubuntu neutron-server[109908]: DEBUG ovsdbapp.backend.ovs_idl [None req-3d17c2aa-87a5-4451-acfc-8cb3426d447c None None] Created schema index Port_Group.name {{(pid=109908) autocreate_indices /usr/local/lib/python3.8/dist-packages/ovsdbapp/backend/ovs_idl/__init__.py:104}}
Apr 11 22:27:29 ubuntu neutron-server[109908]: DEBUG ovsdbapp.backend.ovs_idl [None req-3d17c2aa-87a5-4451-acfc-8cb3426d447c None None] Created schema index Logical_Switch_Port.name {{(pid=109908) autocreate_indices /usr/local/lib/python3.8/dist-packages/ovsdbapp/backend/ovs_idl/__init__.py:104}}
Apr 11 22:27:29 ubuntu neutron-server[110114]: DEBUG ovsdbapp.backend.ovs_idl [None req-eb44479b-7d8e-48d8-b4a2-6e66e219eb08 None None] Created lookup_table index Chassis.name {{(pid=110114) autocreate_indices /usr/local/lib/python3.8/dist-packages/ovsdbapp/backend/ovs_idl/__init__.py:85}}
Apr 11 22:27:29 ubuntu neutron-server[110114]: DEBUG ovsdbapp.backend.ovs_idl [None req-eb44479b-7d8e-48d8-b4a2-6e66e219eb08 None None] Created schema index Datapath_Binding.tunnel_key {{(pid=110114) autocreate_indices /usr/local/lib/python3.8/dist-packages/ovsdbapp/backend/ovs_idl/__init__.py:104}}
Apr 11 22:27:29 ubuntu neutron-server[110114]: DEBUG ovsdbapp.backend.ovs_idl [None req-eb44479b-7d8e-48d8-b4a2-6e66e219eb08 None None] Created schema index Connection.target {{(pid=110114) autocreate_indices /usr/local/lib/python3.8/dist-packages/ovsdbapp/backend/ovs_idl/__init__.py:104}}
Apr 11 22:27:29 ubuntu neutron-server[110114]: INFO ovsdbapp.backend.ovs_idl.vlog [None req-eb44479b-7d8e-48d8-b4a2-6e66e219eb08 None None] tcp:192.168.79.43:6642: connecting...
Apr 11 22:27:29 ubuntu neutron-server[110114]: INFO ovsdbapp.backend.ovs_idl.vlog [None req-eb44479b-7d8e-48d8-b4a2-6e66e219eb08 None None] tcp:192.168.79.43:6642: connected
Apr 11 22:27:29 ubuntu neutron-server[110115]: DEBUG neutron.common.ovn.hash_ring_manager [None req-99404ffc-9819-493e-b6a8-3f8e6e6a33b4 None None] Allow caching, nodes 2>=2 {{(pid=110115) _wait_startup_before_caching /opt/stack/neutron/neutron/common/ovn/hash_ring_manager.py:60}}
Apr 11 22:27:29 ubuntu neutron-server[110115]: DEBUG neutron.plugins.ml2.drivers.ovn.mech_driver.ovsdb.ovsdb_monitor [None req-99404ffc-9819-493e-b6a8-3f8e6e6a33b4 None None] Hash Ring: Node af2bcc18-59b0-49b7-9415-be7a010b8e57 (host: ubuntu) handling event "create" for row b833e4fa-1fac-42ab-9189-5ca1ab81de71 (table: Encap) {{(pid=110115) notify /opt/stack/neutron/neutron/plugins/ml2/drivers/ovn/mech_driver/ovsdb/ovsdb_monitor.py:805}}
Apr 11 22:27:29 ubuntu neutron-server[110115]: DEBUG neutron.plugins.ml2.drivers.ovn.mech_driver.ovsdb.ovsdb_monitor [None req-99404ffc-9819-493e-b6a8-3f8e6e6a33b4 None None] ChassisAgentWriteEvent : Matched Chassis, create, None None {{(pid=110115) matches /opt/stack/neutron/neutron/plugins/ml2/drivers/ovn/mech_driver/ovsdb/ovsdb_monitor.py:61}}
Apr 11 22:27:29 ubuntu neutron-server[110115]: DEBUG neutron.plugins.ml2.drivers.ovn.mech_driver.ovsdb.ovsdb_monitor [None req-99404ffc-9819-493e-b6a8-3f8e6e6a33b4 None None] ChassisMetadataAgentWriteEvent : Matched Chassis, create, None None {{(pid=110115) matches /opt/stack/neutron/neutron/plugins/ml2/drivers/ovn/mech_driver/ovsdb/ovsdb_monitor.py:61}}
Apr 11 22:27:29 ubuntu neutron-server[110114]: DEBUG neutron.common.ovn.hash_ring_manager [None req-eb44479b-7d8e-48d8-b4a2-6e66e219eb08 None None] Allow caching, nodes 2>=2 {{(pid=110114) _wait_startup_before_caching /opt/stack/neutron/neutron/common/ovn/hash_ring_manager.py:60}}
Apr 11 22:27:29 ubuntu neutron-server[110115]: DEBUG neutron.plugins.ml2.drivers.ovn.mech_driver.ovsdb.ovsdb_monitor [None req-99404ffc-9819-493e-b6a8-3f8e6e6a33b4 None None] Hash Ring: Node af2bcc18-59b0-49b7-9415-be7a010b8e57 (host: ubuntu) handling event "create" for row fcd30e4b-b124-4144-82f2-1ad338871007 (table: Connection) {{(pid=110115) notify /opt/stack/neutron/neutron/plugins/ml2/drivers/ovn/mech_driver/ovsdb/ovsdb_monitor.py:805}}
Apr 11 22:27:29 ubuntu neutron-server[110115]: INFO neutron.wsgi [-] (110115) wsgi starting up on http://0.0.0.0:9696
Apr 11 22:27:29 ubuntu neutron-server[110114]: DEBUG neutron.plugins.ml2.drivers.ovn.mech_driver.ovsdb.ovsdb_monitor [None req-eb44479b-7d8e-48d8-b4a2-6e66e219eb08 None None] Hash Ring: Node 8c5fd691-1dfe-4830-943a-a99ef8ce90b7 (host: ubuntu) handling event "create" for row 563b9a48-5275-4aee-bacf-5bf44fc0d4c7 (table: Database) {{(pid=110114) notify /opt/stack/neutron/neutron/plugins/ml2/drivers/ovn/mech_driver/ovsdb/ovsdb_monitor.py:805}}
Apr 11 22:27:29 ubuntu neutron-server[110114]: DEBUG neutron.plugins.ml2.drivers.ovn.mech_driver.ovsdb.ovsdb_monitor [None req-eb44479b-7d8e-48d8-b4a2-6e66e219eb08 None None] Hash Ring: Node 8c5fd691-1dfe-4830-943a-a99ef8ce90b7 (host: ubuntu) handling event "create" for row f54d8ecd-9de9-41a7-93be-e6fce80d0971 (table: Database) {{(pid=110114) notify /opt/stack/neutron/neutron/plugins/ml2/drivers/ovn/mech_driver/ovsdb/ovsdb_monitor.py:805}}
Apr 11 22:27:29 ubuntu neutron-server[110114]: DEBUG neutron.plugins.ml2.drivers.ovn.mech_driver.ovsdb.ovsdb_monitor [None req-eb44479b-7d8e-48d8-b4a2-6e66e219eb08 None None] ChassisAgentWriteEvent : Matched Chassis, create, None None {{(pid=110114) matches /opt/stack/neutron/neutron/plugins/ml2/drivers/ovn/mech_driver/ovsdb/ovsdb_monitor.py:61}}
Apr 11 22:27:29 ubuntu neutron-server[110114]: DEBUG neutron.plugins.ml2.drivers.ovn.mech_driver.ovsdb.ovsdb_monitor [None req-eb44479b-7d8e-48d8-b4a2-6e66e219eb08 None None] ChassisMetadataAgentWriteEvent : Matched Chassis, create, None None {{(pid=110114) matches /opt/stack/neutron/neutron/plugins/ml2/drivers/ovn/mech_driver/ovsdb/ovsdb_monitor.py:61}}
Apr 11 22:27:29 ubuntu neutron-server[110114]: DEBUG neutron.plugins.ml2.drivers.ovn.mech_driver.ovsdb.ovsdb_monitor [None req-eb44479b-7d8e-48d8-b4a2-6e66e219eb08 None None] Hash Ring: Node 8c5fd691-1dfe-4830-943a-a99ef8ce90b7 (host: ubuntu) handling event "create" for row b740b8bd-045f-4d78-8ef8-a8762403e64c (table: Chassis) {{(pid=110114) notify /opt/stack/neutron/neutron/plugins/ml2/drivers/ovn/mech_driver/ovsdb/ovsdb_monitor.py:805}}
Apr 11 22:27:29 ubuntu neutron-server[110114]: INFO neutron.wsgi [-] (110114) wsgi starting up on http://0.0.0.0:9696
Apr 11 22:27:29 ubuntu neutron-server[109908]: DEBUG ovsdbapp.backend.ovs_idl [None req-3d17c2aa-87a5-4451-acfc-8cb3426d447c None None] Created lookup_table index Chassis.name {{(pid=109908) autocreate_indices /usr/local/lib/python3.8/dist-packages/ovsdbapp/backend/ovs_idl/__init__.py:85}}
Apr 11 22:27:29 ubuntu neutron-server[109908]: DEBUG ovsdbapp.backend.ovs_idl [None req-3d17c2aa-87a5-4451-acfc-8cb3426d447c None None] Created lookup_table index MAC_Binding.ip {{(pid=109908) autocreate_indices /usr/local/lib/python3.8/dist-packages/ovsdbapp/backend/ovs_idl/__init__.py:85}}
Apr 11 22:27:29 ubuntu neutron-server[109908]: DEBUG ovsdbapp.backend.ovs_idl [None req-3d17c2aa-87a5-4451-acfc-8cb3426d447c None None] Created schema index Meter.name {{(pid=109908) autocreate_indices /usr/local/lib/python3.8/dist-packages/ovsdbapp/backend/ovs_idl/__init__.py:104}}
Apr 11 22:27:29 ubuntu neutron-server[109908]: DEBUG ovsdbapp.backend.ovs_idl [None req-3d17c2aa-87a5-4451-acfc-8cb3426d447c None None] Created schema index Address_Set.name {{(pid=109908) autocreate_indices /usr/local/lib/python3.8/dist-packages/ovsdbapp/backend/ovs_idl/__init__.py:104}}
Apr 11 22:27:29 ubuntu neutron-server[109908]: DEBUG ovsdbapp.backend.ovs_idl [None req-3d17c2aa-87a5-4451-acfc-8cb3426d447c None None] Created schema index HA_Chassis_Group.name {{(pid=109908) autocreate_indices /usr/local/lib/python3.8/dist-packages/ovsdbapp/backend/ovs_idl/__init__.py:104}}
Apr 11 22:27:29 ubuntu neutron-server[109908]: DEBUG ovsdbapp.backend.ovs_idl [None req-3d17c2aa-87a5-4451-acfc-8cb3426d447c None None] Created schema index IP_Multicast.datapath {{(pid=109908) autocreate_indices /usr/local/lib/python3.8/dist-packages/ovsdbapp/backend/ovs_idl/__init__.py:104}}
Apr 11 22:27:29 ubuntu neutron-server[109908]: DEBUG ovsdbapp.backend.ovs_idl [None req-3d17c2aa-87a5-4451-acfc-8cb3426d447c None None] Created schema index Connection.target {{(pid=109908) autocreate_indices /usr/local/lib/python3.8/dist-packages/ovsdbapp/backend/ovs_idl/__init__.py:104}}
Apr 11 22:27:29 ubuntu neutron-server[109908]: DEBUG ovsdbapp.backend.ovs_idl [None req-3d17c2aa-87a5-4451-acfc-8cb3426d447c None None] Created schema index Gateway_Chassis.name {{(pid=109908) autocreate_indices /usr/local/lib/python3.8/dist-packages/ovsdbapp/backend/ovs_idl/__init__.py:104}}
Apr 11 22:27:29 ubuntu neutron-server[109908]: DEBUG ovsdbapp.backend.ovs_idl [None req-3d17c2aa-87a5-4451-acfc-8cb3426d447c None None] Created schema index Port_Group.name {{(pid=109908) autocreate_indices /usr/local/lib/python3.8/dist-packages/ovsdbapp/backend/ovs_idl/__init__.py:104}}
Apr 11 22:27:29 ubuntu neutron-server[109908]: DEBUG ovsdbapp.backend.ovs_idl [None req-3d17c2aa-87a5-4451-acfc-8cb3426d447c None None] Created schema index Datapath_Binding.tunnel_key {{(pid=109908) autocreate_indices /usr/local/lib/python3.8/dist-packages/ovsdbapp/backend/ovs_idl/__init__.py:104}}
Apr 11 22:27:29 ubuntu neutron-server[110114]: DEBUG neutron.wsgi [-] (110114) accepted ('192.168.79.43', 55800) {{(pid=110114) server /usr/local/lib/python3.8/dist-packages/eventlet/wsgi.py:1004}}
Apr 11 22:27:29 ubuntu neutron-server[110114]: INFO neutron.wsgi [-] 192.168.79.43 "GET / HTTP/1.1" status: 200  len: 255 time: 0.0081527
Apr 11 22:27:29 ubuntu neutron-server[109908]: INFO oslo_service.service [None req-3d17c2aa-87a5-4451-acfc-8cb3426d447c None None] Starting 1 workers
Apr 11 22:27:29 ubuntu neutron-server[109908]: DEBUG oslo_service.service [None req-3d17c2aa-87a5-4451-acfc-8cb3426d447c None None] Started child 110130 {{(pid=109908) _start_child /usr/local/lib/python3.8/dist-packages/oslo_service/service.py:575}}
Apr 11 22:27:29 ubuntu neutron-server[110130]: DEBUG neutron.service [None req-3d17c2aa-87a5-4451-acfc-8cb3426d447c None None] calling RpcWorker wait() {{(pid=110130) _wait /opt/stack/neutron/neutron/service.py:128}}
Apr 11 22:27:29 ubuntu neutron-server[110130]: DEBUG neutron.service [None req-3d17c2aa-87a5-4451-acfc-8cb3426d447c None None] returning from RpcWorker wait() {{(pid=110130) _wait /opt/stack/neutron/neutron/service.py:135}}
Apr 11 22:27:29 ubuntu neutron-server[109908]: INFO oslo_service.service [None req-3d17c2aa-87a5-4451-acfc-8cb3426d447c None None] Starting 1 workers
Apr 11 22:27:29 ubuntu neutron-server[110130]: DEBUG neutron_lib.callbacks.manager [-] Publish callbacks ['neutron.plugins.ml2.drivers.ovn.mech_driver.mech_driver.OVNMechanismDriver.post_fork_initialize-951129'] for process (None), after_init {{(pid=110130) _notify_loop /usr/local/lib/python3.8/dist-packages/neutron_lib/callbacks/manager.py:176}}
Apr 11 22:27:29 ubuntu neutron-server[110130]: INFO neutron.plugins.ml2.drivers.ovn.mech_driver.ovsdb.impl_idl_ovn [-] Getting OvsdbNbOvnIdl for RpcWorker with retry
Apr 11 22:27:29 ubuntu neutron-server[109908]: DEBUG oslo_service.service [None req-3d17c2aa-87a5-4451-acfc-8cb3426d447c None None] Started child 110134 {{(pid=109908) _start_child /usr/local/lib/python3.8/dist-packages/oslo_service/service.py:575}}
Apr 11 22:27:29 ubuntu neutron-server[109908]: INFO oslo_service.service [None req-3d17c2aa-87a5-4451-acfc-8cb3426d447c None None] Starting 1 workers
Apr 11 22:27:29 ubuntu neutron-server[110134]: DEBUG neutron_lib.callbacks.manager [-] Publish callbacks ['neutron.plugins.ml2.drivers.ovn.mech_driver.mech_driver.OVNMechanismDriver.post_fork_initialize-951129'] for process (None), after_init {{(pid=110134) _notify_loop /usr/local/lib/python3.8/dist-packages/neutron_lib/callbacks/manager.py:176}}
Apr 11 22:27:29 ubuntu neutron-server[109908]: DEBUG oslo_service.service [None req-3d17c2aa-87a5-4451-acfc-8cb3426d447c None None] Started child 110137 {{(pid=109908) _start_child /usr/local/lib/python3.8/dist-packages/oslo_service/service.py:575}}
Apr 11 22:27:29 ubuntu neutron-server[109908]: DEBUG neutron_lib.callbacks.manager [None req-3d17c2aa-87a5-4451-acfc-8cb3426d447c None None] Publish callbacks [] for process (None), after_spawn {{(pid=109908) _notify_loop /usr/local/lib/python3.8/dist-packages/neutron_lib/callbacks/manager.py:176}}
Apr 11 22:27:29 ubuntu neutron-server[110134]: INFO neutron.plugins.ml2.drivers.ovn.mech_driver.ovsdb.impl_idl_ovn [-] Getting OvsdbNbOvnIdl for MaintenanceWorker with retry
Apr 11 22:27:29 ubuntu neutron-server[109908]: DEBUG oslo_service.service [-] Full set of CONF: {{(pid=109908) wait /usr/local/lib/python3.8/dist-packages/oslo_service/service.py:649}}
Apr 11 22:27:29 ubuntu neutron-server[109908]: DEBUG oslo_service.service [-] ******************************************************************************** {{(pid=109908) log_opt_values /usr/local/lib/python3.8/dist-packages/oslo_config/cfg.py:2589}}
Apr 11 22:27:29 ubuntu neutron-server[109908]: DEBUG oslo_service.service [-] Configuration options gathered from: {{(pid=109908) log_opt_values /usr/local/lib/python3.8/dist-packages/oslo_config/cfg.py:2590}}
Apr 11 22:27:29 ubuntu neutron-server[109908]: DEBUG oslo_service.service [-] command line args: ['--config-file', '/etc/neutron/neutron.conf', '--config-file', '/etc/neutron/plugins/ml2/ml2_conf.ini'] {{(pid=109908) log_opt_values /usr/local/lib/python3.8/dist-packages/oslo_config/cfg.py:2591}}
Apr 11 22:27:29 ubuntu neutron-server[109908]: DEBUG oslo_service.service [-] config files: ['/etc/neutron/neutron.conf', '/etc/neutron/plugins/ml2/ml2_conf.ini'] {{(pid=109908) log_opt_values /usr/local/lib/python3.8/dist-packages/oslo_config/cfg.py:2592}}
Apr 11 22:27:29 ubuntu neutron-server[109908]: DEBUG oslo_service.service [-] ================================================================================ {{(pid=109908) log_opt_values /usr/local/lib/python3.8/dist-packages/oslo_config/cfg.py:2594}}
