Jun 10 15:21:26 ubuntu neutron-server[120426]: DEBUG neutron.api.extensions [None req-a535d9b7-9f1b-4442-9877-649426362fe6 None None] Loading extension file: trunk_details.py {{(pid=120426) _load_all_extensions_from_path /opt/stack/neutron/neutron/api/extensions.py:450}}
Jun 10 15:21:26 ubuntu neutron-server[120426]: DEBUG neutron.api.extensions [None req-a535d9b7-9f1b-4442-9877-649426362fe6 None None] Ext name="Trunk port details" alias="trunk-details" description="Expose trunk port details" updated="2016-01-01T10:00:00-00:00" {{(pid=120426) _check_extension /opt/stack/neutron/neutron/api/extensions.py:416}}
Jun 10 15:21:26 ubuntu neutron-server[120426]: INFO neutron.api.extensions [None req-a535d9b7-9f1b-4442-9877-649426362fe6 None None] Extension trunk-details not supported by any of loaded plugins
Jun 10 15:21:26 ubuntu neutron-server[120426]: DEBUG neutron.api.extensions [None req-a535d9b7-9f1b-4442-9877-649426362fe6 None None] Loading extension file: uplink_status_propagation.py {{(pid=120426) _load_all_extensions_from_path /opt/stack/neutron/neutron/api/extensions.py:450}}
Jun 10 15:21:26 ubuntu neutron-server[120426]: DEBUG neutron.api.extensions [None req-a535d9b7-9f1b-4442-9877-649426362fe6 None None] Ext name="Uplink status propagation extension" alias="uplink-status-propagation" description="Provides ability to propagate port uplink status." updated="2018-05-31T18:00:00-00:00" {{(pid=120426) _check_extension /opt/stack/neutron/neutron/api/extensions.py:416}}
Jun 10 15:21:26 ubuntu neutron-server[120426]: INFO neutron.api.extensions [None req-a535d9b7-9f1b-4442-9877-649426362fe6 None None] Extension uplink-status-propagation not supported by any of loaded plugins
Jun 10 15:21:26 ubuntu neutron-server[120426]: DEBUG neutron.api.extensions [None req-a535d9b7-9f1b-4442-9877-649426362fe6 None None] Loading extension file: vlantransparent.py {{(pid=120426) _load_all_extensions_from_path /opt/stack/neutron/neutron/api/extensions.py:450}}
Jun 10 15:21:26 ubuntu neutron-server[120426]: DEBUG neutron.api.extensions [None req-a535d9b7-9f1b-4442-9877-649426362fe6 None None] Ext name="Vlantransparent" alias="vlan-transparent" description="Provides Vlan Transparent Networks" updated="2015-03-23T09:00:00-00:00" {{(pid=120426) _check_extension /opt/stack/neutron/neutron/api/extensions.py:416}}
Jun 10 15:21:26 ubuntu neutron-server[120426]: INFO neutron.api.extensions [None req-a535d9b7-9f1b-4442-9877-649426362fe6 None None] Extension vlan-transparent not supported by any of loaded plugins
Jun 10 15:21:26 ubuntu neutron-server[120426]: INFO neutron.quota.resource_registry [None req-a535d9b7-9f1b-4442-9877-649426362fe6 None None] Creating instance of TrackedResource for resource:network
Jun 10 15:21:26 ubuntu neutron-server[120426]: INFO neutron.quota.resource_registry [None req-a535d9b7-9f1b-4442-9877-649426362fe6 None None] Creating instance of TrackedResource for resource:subnet
Jun 10 15:21:26 ubuntu neutron-server[120426]: INFO neutron.quota.resource_registry [None req-a535d9b7-9f1b-4442-9877-649426362fe6 None None] Creating instance of TrackedResource for resource:subnetpool
Jun 10 15:21:26 ubuntu neutron-server[120426]: INFO neutron.quota.resource_registry [None req-a535d9b7-9f1b-4442-9877-649426362fe6 None None] Creating instance of TrackedResource for resource:port
Jun 10 15:21:26 ubuntu neutron-server[120426]: DEBUG neutron.api.v2.resource_helper [None req-a535d9b7-9f1b-4442-9877-649426362fe6 None None] Service FLAVORS assigned prefix:  {{(pid=120426) build_resource_info /opt/stack/neutron/neutron/api/v2/resource_helper.py:77}}
Jun 10 15:21:26 ubuntu neutron-server[120426]: DEBUG neutron.api.v2.resource_helper [None req-a535d9b7-9f1b-4442-9877-649426362fe6 None None] Service L3_ROUTER_NAT assigned prefix:  {{(pid=120426) build_resource_info /opt/stack/neutron/neutron/api/v2/resource_helper.py:77}}
Jun 10 15:21:26 ubuntu neutron-server[120426]: DEBUG neutron.api.v2.resource_helper [None req-a535d9b7-9f1b-4442-9877-649426362fe6 None None] Service L3_ROUTER_NAT assigned prefix:  {{(pid=120426) build_resource_info /opt/stack/neutron/neutron/api/v2/resource_helper.py:77}}
Jun 10 15:21:26 ubuntu neutron-server[120426]: INFO neutron.quota.resource_registry [None req-a535d9b7-9f1b-4442-9877-649426362fe6 None None] Creating instance of TrackedResource for resource:router
Jun 10 15:21:26 ubuntu neutron-server[120426]: INFO neutron.quota.resource_registry [None req-a535d9b7-9f1b-4442-9877-649426362fe6 None None] Creating instance of TrackedResource for resource:floatingip
Jun 10 15:21:26 ubuntu neutron-server[120426]: DEBUG neutron_lib.callbacks.manager [None req-a535d9b7-9f1b-4442-9877-649426362fe6 None None] Subscribe: <bound method NeutronDbPluginV2.validate_network_rbac_policy_change of <neutron.services.network_ip_availability.plugin.NetworkIPAvailabilityPlugin object at 0x7f922ac329a0>> rbac-policy before_create 55550000 {{(pid=120426) subscribe /usr/local/lib/python3.8/dist-packages/neutron_lib/callbacks/manager.py:45}}
Jun 10 15:21:26 ubuntu neutron-server[120426]: DEBUG neutron_lib.callbacks.manager [None req-a535d9b7-9f1b-4442-9877-649426362fe6 None None] Subscribe: <bound method NeutronDbPluginV2.validate_network_rbac_policy_change of <neutron.services.network_ip_availability.plugin.NetworkIPAvailabilityPlugin object at 0x7f922ac329a0>> rbac-policy before_update 55550000 {{(pid=120426) subscribe /usr/local/lib/python3.8/dist-packages/neutron_lib/callbacks/manager.py:45}}
Jun 10 15:21:26 ubuntu neutron-server[120426]: DEBUG neutron_lib.callbacks.manager [None req-a535d9b7-9f1b-4442-9877-649426362fe6 None None] Subscribe: <bound method NeutronDbPluginV2.validate_network_rbac_policy_change of <neutron.services.network_ip_availability.plugin.NetworkIPAvailabilityPlugin object at 0x7f922ac329a0>> rbac-policy before_delete 55550000 {{(pid=120426) subscribe /usr/local/lib/python3.8/dist-packages/neutron_lib/callbacks/manager.py:45}}
Jun 10 15:21:26 ubuntu neutron-server[120426]: INFO neutron.quota.resource_registry [None req-a535d9b7-9f1b-4442-9877-649426362fe6 None None] Creating instance of CountableResource for resource:rbac_policy
Jun 10 15:21:26 ubuntu neutron-server[120426]: INFO neutron.quota.resource_registry [None req-a535d9b7-9f1b-4442-9877-649426362fe6 None None] Creating instance of TrackedResource for resource:security_group
Jun 10 15:21:26 ubuntu neutron-server[120426]: INFO neutron.quota.resource_registry [None req-a535d9b7-9f1b-4442-9877-649426362fe6 None None] Creating instance of TrackedResource for resource:security_group_rule
Jun 10 15:21:26 ubuntu neutron-server[120426]: DEBUG neutron.api.v2.resource_helper [None req-a535d9b7-9f1b-4442-9877-649426362fe6 None None] Service FLAVORS assigned prefix:  {{(pid=120426) build_resource_info /opt/stack/neutron/neutron/api/v2/resource_helper.py:77}}
Jun 10 15:21:26 ubuntu neutron-server[120426]: DEBUG neutron.api.v2.resource_helper [None req-a535d9b7-9f1b-4442-9877-649426362fe6 None None] Service L3_ROUTER_NAT assigned prefix:  {{(pid=120426) build_resource_info /opt/stack/neutron/neutron/api/v2/resource_helper.py:77}}
Jun 10 15:21:26 ubuntu neutron-server[120426]: DEBUG neutron.api.v2.resource_helper [None req-a535d9b7-9f1b-4442-9877-649426362fe6 None None] Service L3_ROUTER_NAT assigned prefix:  {{(pid=120426) build_resource_info /opt/stack/neutron/neutron/api/v2/resource_helper.py:77}}
Jun 10 15:21:26 ubuntu neutron-server[120426]: INFO neutron.quota.resource_registry [None req-a535d9b7-9f1b-4442-9877-649426362fe6 None None] Creating instance of TrackedResource for resource:router
Jun 10 15:21:26 ubuntu neutron-server[120426]: WARNING neutron.quota.resource_registry [None req-a535d9b7-9f1b-4442-9877-649426362fe6 None None] router is already registered
Jun 10 15:21:26 ubuntu neutron-server[120426]: INFO neutron.quota.resource_registry [None req-a535d9b7-9f1b-4442-9877-649426362fe6 None None] Creating instance of TrackedResource for resource:floatingip
Jun 10 15:21:26 ubuntu neutron-server[120426]: WARNING neutron.quota.resource_registry [None req-a535d9b7-9f1b-4442-9877-649426362fe6 None None] floatingip is already registered
Jun 10 15:21:26 ubuntu neutron-server[120426]: INFO neutron.quota.resource_registry [None req-a535d9b7-9f1b-4442-9877-649426362fe6 None None] Creating instance of CountableResource for resource:rbac_policy
Jun 10 15:21:26 ubuntu neutron-server[120426]: WARNING neutron.quota.resource_registry [None req-a535d9b7-9f1b-4442-9877-649426362fe6 None None] rbac_policy is already registered
Jun 10 15:21:26 ubuntu neutron-server[120426]: INFO neutron.quota.resource_registry [None req-a535d9b7-9f1b-4442-9877-649426362fe6 None None] Creating instance of TrackedResource for resource:security_group
Jun 10 15:21:26 ubuntu neutron-server[120426]: WARNING neutron.quota.resource_registry [None req-a535d9b7-9f1b-4442-9877-649426362fe6 None None] security_group is already registered
Jun 10 15:21:26 ubuntu neutron-server[120426]: INFO neutron.quota.resource_registry [None req-a535d9b7-9f1b-4442-9877-649426362fe6 None None] Creating instance of TrackedResource for resource:security_group_rule
Jun 10 15:21:26 ubuntu neutron-server[120426]: WARNING neutron.quota.resource_registry [None req-a535d9b7-9f1b-4442-9877-649426362fe6 None None] security_group_rule is already registered
Jun 10 15:21:26 ubuntu neutron-server[120426]: DEBUG neutron.api.extensions [None req-a535d9b7-9f1b-4442-9877-649426362fe6 None None] Extended resource: extensions {{(pid=120426) __init__ /opt/stack/neutron/neutron/api/extensions.py:157}}
Jun 10 15:21:26 ubuntu neutron-server[120426]: DEBUG neutron.api.extensions [None req-a535d9b7-9f1b-4442-9877-649426362fe6 None None] Extended resource: address-groups {{(pid=120426) __init__ /opt/stack/neutron/neutron/api/extensions.py:157}}
Jun 10 15:21:26 ubuntu neutron-server[120426]: DEBUG neutron.api.extensions [None req-a535d9b7-9f1b-4442-9877-649426362fe6 None None] Extended resource: address-scopes {{(pid=120426) __init__ /opt/stack/neutron/neutron/api/extensions.py:157}}
Jun 10 15:21:26 ubuntu neutron-server[120426]: DEBUG neutron.api.extensions [None req-a535d9b7-9f1b-4442-9877-649426362fe6 None None] Extended resource: agents {{(pid=120426) __init__ /opt/stack/neutron/neutron/api/extensions.py:157}}
Jun 10 15:21:26 ubuntu neutron-server[120426]: DEBUG neutron.api.extensions [None req-a535d9b7-9f1b-4442-9877-649426362fe6 None None] Extended resource: auto-allocated-topology {{(pid=120426) __init__ /opt/stack/neutron/neutron/api/extensions.py:157}}
Jun 10 15:21:26 ubuntu neutron-server[120426]: DEBUG neutron.api.extensions [None req-a535d9b7-9f1b-4442-9877-649426362fe6 None None] Extended resource: availability_zones {{(pid=120426) __init__ /opt/stack/neutron/neutron/api/extensions.py:157}}
Jun 10 15:21:26 ubuntu neutron-server[120426]: DEBUG neutron.api.extensions [None req-a535d9b7-9f1b-4442-9877-649426362fe6 None None] Extended resource: flavors {{(pid=120426) __init__ /opt/stack/neutron/neutron/api/extensions.py:157}}
Jun 10 15:21:26 ubuntu neutron-server[120426]: DEBUG neutron.api.extensions [None req-a535d9b7-9f1b-4442-9877-649426362fe6 None None] Extended resource: service_profiles {{(pid=120426) __init__ /opt/stack/neutron/neutron/api/extensions.py:157}}
Jun 10 15:21:26 ubuntu neutron-server[120426]: DEBUG neutron.api.extensions [None req-a535d9b7-9f1b-4442-9877-649426362fe6 None None] Extended resource: next_providers {{(pid=120426) __init__ /opt/stack/neutron/neutron/api/extensions.py:157}}
Jun 10 15:21:26 ubuntu neutron-server[120426]: DEBUG neutron.api.extensions [None req-a535d9b7-9f1b-4442-9877-649426362fe6 None None] Extended resource: service_profiles {{(pid=120426) __init__ /opt/stack/neutron/neutron/api/extensions.py:157}}
Jun 10 15:21:26 ubuntu neutron-server[120426]: DEBUG neutron.api.extensions [None req-a535d9b7-9f1b-4442-9877-649426362fe6 None None] Extended resource: floatingip-pools {{(pid=120426) __init__ /opt/stack/neutron/neutron/api/extensions.py:157}}
Jun 10 15:21:26 ubuntu neutron-server[120426]: DEBUG neutron.api.extensions [None req-a535d9b7-9f1b-4442-9877-649426362fe6 None None] Extended resource: routers {{(pid=120426) __init__ /opt/stack/neutron/neutron/api/extensions.py:157}}
Jun 10 15:21:26 ubuntu neutron-server[120426]: DEBUG neutron.api.extensions [None req-a535d9b7-9f1b-4442-9877-649426362fe6 None None] Extended resource: floatingips {{(pid=120426) __init__ /opt/stack/neutron/neutron/api/extensions.py:157}}
Jun 10 15:21:26 ubuntu neutron-server[120426]: DEBUG neutron.api.extensions [None req-a535d9b7-9f1b-4442-9877-649426362fe6 None None] Extended resource: network-ip-availabilities {{(pid=120426) __init__ /opt/stack/neutron/neutron/api/extensions.py:157}}
Jun 10 15:21:26 ubuntu neutron-server[120426]: DEBUG neutron.api.extensions [None req-a535d9b7-9f1b-4442-9877-649426362fe6 None None] Extended resource: bindings {{(pid=120426) __init__ /opt/stack/neutron/neutron/api/extensions.py:157}}
Jun 10 15:21:26 ubuntu neutron-server[120426]: DEBUG neutron.api.extensions [None req-a535d9b7-9f1b-4442-9877-649426362fe6 None None] Extended resource: quotas {{(pid=120426) __init__ /opt/stack/neutron/neutron/api/extensions.py:157}}
Jun 10 15:21:26 ubuntu neutron-server[120426]: DEBUG neutron.api.extensions [None req-a535d9b7-9f1b-4442-9877-649426362fe6 None None] Extended resource: quotas {{(pid=120426) __init__ /opt/stack/neutron/neutron/api/extensions.py:157}}
Jun 10 15:21:26 ubuntu neutron-server[120426]: DEBUG neutron.api.extensions [None req-a535d9b7-9f1b-4442-9877-649426362fe6 None None] Extended resource: rbac-policies {{(pid=120426) __init__ /opt/stack/neutron/neutron/api/extensions.py:157}}
Jun 10 15:21:26 ubuntu neutron-server[120426]: DEBUG neutron.api.extensions [None req-a535d9b7-9f1b-4442-9877-649426362fe6 None None] Extended resource: security-groups {{(pid=120426) __init__ /opt/stack/neutron/neutron/api/extensions.py:157}}
Jun 10 15:21:26 ubuntu neutron-server[120426]: DEBUG neutron.api.extensions [None req-a535d9b7-9f1b-4442-9877-649426362fe6 None None] Extended resource: security-group-rules {{(pid=120426) __init__ /opt/stack/neutron/neutron/api/extensions.py:157}}
Jun 10 15:21:26 ubuntu neutron-server[120426]: DEBUG neutron.api.extensions [None req-a535d9b7-9f1b-4442-9877-649426362fe6 None None] Extended resource: service-providers {{(pid=120426) __init__ /opt/stack/neutron/neutron/api/extensions.py:157}}
Jun 10 15:21:26 ubuntu neutron-server[120426]: DEBUG neutron.api.extensions [None req-a535d9b7-9f1b-4442-9877-649426362fe6 None None] Extended resource: tags {{(pid=120426) __init__ /opt/stack/neutron/neutron/api/extensions.py:157}}
Jun 10 15:21:26 ubuntu neutron-server[120426]: DEBUG neutron.api.extensions [None req-a535d9b7-9f1b-4442-9877-649426362fe6 None None] Extended resource: tags {{(pid=120426) __init__ /opt/stack/neutron/neutron/api/extensions.py:157}}
Jun 10 15:21:26 ubuntu neutron-server[120426]: DEBUG neutron.api.extensions [None req-a535d9b7-9f1b-4442-9877-649426362fe6 None None] Extended resource: tags {{(pid=120426) __init__ /opt/stack/neutron/neutron/api/extensions.py:157}}
Jun 10 15:21:26 ubuntu neutron-server[120426]: DEBUG neutron.api.extensions [None req-a535d9b7-9f1b-4442-9877-649426362fe6 None None] Extended resource: tags {{(pid=120426) __init__ /opt/stack/neutron/neutron/api/extensions.py:157}}
Jun 10 15:21:26 ubuntu neutron-server[120426]: DEBUG neutron.api.extensions [None req-a535d9b7-9f1b-4442-9877-649426362fe6 None None] Extended resource: tags {{(pid=120426) __init__ /opt/stack/neutron/neutron/api/extensions.py:157}}
Jun 10 15:21:26 ubuntu neutron-server[120426]: DEBUG neutron.api.extensions [None req-a535d9b7-9f1b-4442-9877-649426362fe6 None None] Extended resource: tags {{(pid=120426) __init__ /opt/stack/neutron/neutron/api/extensions.py:157}}
Jun 10 15:21:26 ubuntu neutron-server[120426]: DEBUG neutron.api.extensions [None req-a535d9b7-9f1b-4442-9877-649426362fe6 None None] Extended resource: tags {{(pid=120426) __init__ /opt/stack/neutron/neutron/api/extensions.py:157}}
Jun 10 15:21:26 ubuntu neutron-server[120426]: DEBUG neutron.api.extensions [None req-a535d9b7-9f1b-4442-9877-649426362fe6 None None] Extended resource: tags {{(pid=120426) __init__ /opt/stack/neutron/neutron/api/extensions.py:157}}
Jun 10 15:21:26 ubuntu neutron-server[120426]: DEBUG neutron.api.extensions [None req-a535d9b7-9f1b-4442-9877-649426362fe6 None None] Extended resource: tags {{(pid=120426) __init__ /opt/stack/neutron/neutron/api/extensions.py:157}}
Jun 10 15:21:26 ubuntu neutron-server[120426]: DEBUG neutron.api.extensions [None req-a535d9b7-9f1b-4442-9877-649426362fe6 None None] Extended resource: tags {{(pid=120426) __init__ /opt/stack/neutron/neutron/api/extensions.py:157}}
Jun 10 15:21:26 ubuntu neutron-server[120426]: WARNING keystonemiddleware.auth_token [None req-a535d9b7-9f1b-4442-9877-649426362fe6 None None] AuthToken middleware is set with keystone_authtoken.service_token_roles_required set to False. This is backwards compatible but deprecated behaviour. Please set this to True.
Jun 10 15:21:26 ubuntu neutron-server[120426]: WARNING keystonemiddleware.auth_token [None req-a535d9b7-9f1b-4442-9877-649426362fe6 None None] Configuring www_authenticate_uri to point to the public identity endpoint is required; clients may not be able to authenticate against an admin endpoint
Jun 10 15:21:26 ubuntu neutron-server[120426]: DEBUG oslo_concurrency.lockutils [None req-a535d9b7-9f1b-4442-9877-649426362fe6 None None] Acquired lock "singleton_lock" {{(pid=120426) lock /usr/local/lib/python3.8/dist-packages/oslo_concurrency/lockutils.py:294}}
Jun 10 15:21:26 ubuntu neutron-server[120426]: DEBUG oslo_concurrency.lockutils [None req-a535d9b7-9f1b-4442-9877-649426362fe6 None None] Releasing lock "singleton_lock" {{(pid=120426) lock /usr/local/lib/python3.8/dist-packages/oslo_concurrency/lockutils.py:312}}
Jun 10 15:21:26 ubuntu neutron-server[120426]: INFO oslo_service.service [None req-a535d9b7-9f1b-4442-9877-649426362fe6 None None] Starting 2 workers
Jun 10 15:21:26 ubuntu neutron-server[120426]: DEBUG oslo_service.service [None req-a535d9b7-9f1b-4442-9877-649426362fe6 None None] Started child 120636 {{(pid=120426) _start_child /usr/local/lib/python3.8/dist-packages/oslo_service/service.py:575}}
Jun 10 15:21:26 ubuntu neutron-server[120426]: DEBUG oslo_service.service [None req-a535d9b7-9f1b-4442-9877-649426362fe6 None None] Started child 120637 {{(pid=120426) _start_child /usr/local/lib/python3.8/dist-packages/oslo_service/service.py:575}}
Jun 10 15:21:26 ubuntu neutron-server[120636]: DEBUG neutron_lib.callbacks.manager [-] Publish callbacks ['neutron.plugins.ml2.drivers.ovn.mech_driver.mech_driver.OVNMechanismDriver.post_fork_initialize-1955794'] for process (None), after_init {{(pid=120636) _notify_loop /usr/local/lib/python3.8/dist-packages/neutron_lib/callbacks/manager.py:176}}
Jun 10 15:21:26 ubuntu neutron-server[120426]: INFO neutron.service [None req-a535d9b7-9f1b-4442-9877-649426362fe6 None None] Neutron service started, listening on 0.0.0.0:9696
Jun 10 15:21:26 ubuntu neutron-server[120426]: DEBUG neutron_lib.callbacks.manager [None req-a535d9b7-9f1b-4442-9877-649426362fe6 None None] Publish callbacks ['neutron.plugins.ml2.drivers.ovn.mech_driver.mech_driver.OVNMechanismDriver.pre_fork_initialize-1955082'] for process (None), before_spawn {{(pid=120426) _notify_loop /usr/local/lib/python3.8/dist-packages/neutron_lib/callbacks/manager.py:176}}
Jun 10 15:21:26 ubuntu neutron-server[120637]: DEBUG neutron_lib.callbacks.manager [-] Publish callbacks ['neutron.plugins.ml2.drivers.ovn.mech_driver.mech_driver.OVNMechanismDriver.post_fork_initialize-1955794'] for process (None), after_init {{(pid=120637) _notify_loop /usr/local/lib/python3.8/dist-packages/neutron_lib/callbacks/manager.py:176}}
Jun 10 15:21:26 ubuntu neutron-server[120636]: DEBUG dbcounter [-] [120636] Writer thread running {{(pid=120636) stat_writer /usr/local/lib/python3.8/dist-packages/dbcounter.py:99}}
Jun 10 15:21:26 ubuntu neutron-server[120637]: DEBUG dbcounter [-] [120637] Writer thread running {{(pid=120637) stat_writer /usr/local/lib/python3.8/dist-packages/dbcounter.py:99}}
Jun 10 15:21:26 ubuntu neutron-server[120426]: DEBUG ovsdbapp.backend.ovs_idl [None req-a535d9b7-9f1b-4442-9877-649426362fe6 None None] Created schema index Port_Group.name {{(pid=120426) autocreate_indices /usr/local/lib/python3.8/dist-packages/ovsdbapp/backend/ovs_idl/__init__.py:104}}
Jun 10 15:21:26 ubuntu neutron-server[120426]: DEBUG ovsdbapp.backend.ovs_idl [None req-a535d9b7-9f1b-4442-9877-649426362fe6 None None] Created schema index Logical_Switch_Port.name {{(pid=120426) autocreate_indices /usr/local/lib/python3.8/dist-packages/ovsdbapp/backend/ovs_idl/__init__.py:104}}
Jun 10 15:21:26 ubuntu neutron-server[120636]: INFO neutron.plugins.ml2.drivers.ovn.mech_driver.ovsdb.impl_idl_ovn [None req-bfede59e-b46c-437a-87bb-9f232be9ce38 None None] Getting OvsdbNbOvnIdl for WorkerService with retry
Jun 10 15:21:26 ubuntu neutron-server[120637]: INFO neutron.plugins.ml2.drivers.ovn.mech_driver.ovsdb.impl_idl_ovn [None req-ee852c05-cff0-477a-aa3a-75f203a22a3f None None] Getting OvsdbNbOvnIdl for WorkerService with retry
Jun 10 15:21:26 ubuntu neutron-server[120426]: DEBUG ovsdbapp.backend.ovs_idl.transaction [-] Running txn n=1 command(idx=0): PgAddCommand(name=neutron_pg_drop, may_exist=True, columns={'acls': []}) {{(pid=120426) do_commit /usr/local/lib/python3.8/dist-packages/ovsdbapp/backend/ovs_idl/transaction.py:90}}
Jun 10 15:21:27 ubuntu neutron-server[120426]: DEBUG ovsdbapp.backend.ovs_idl.transaction [-] Running txn n=1 command(idx=1): PgAclAddCommand(entity=neutron_pg_drop, direction=from-lport, priority=1001, match=inport == @neutron_pg_drop && ip, action=drop, log=False, may_exist=True, severity=[], name=[], meter=None, external_ids={}) {{(pid=120426) do_commit /usr/local/lib/python3.8/dist-packages/ovsdbapp/backend/ovs_idl/transaction.py:90}}
Jun 10 15:21:27 ubuntu neutron-server[120426]: DEBUG ovsdbapp.backend.ovs_idl.transaction [-] Running txn n=1 command(idx=2): PgAclAddCommand(entity=neutron_pg_drop, direction=to-lport, priority=1001, match=outport == @neutron_pg_drop && ip, action=drop, log=False, may_exist=True, severity=[], name=[], meter=None, external_ids={}) {{(pid=120426) do_commit /usr/local/lib/python3.8/dist-packages/ovsdbapp/backend/ovs_idl/transaction.py:90}}
Jun 10 15:21:27 ubuntu neutron-server[120637]: DEBUG ovsdbapp.backend.ovs_idl [None req-ee852c05-cff0-477a-aa3a-75f203a22a3f None None] Created lookup_table index Logical_Switch.name {{(pid=120637) autocreate_indices /usr/local/lib/python3.8/dist-packages/ovsdbapp/backend/ovs_idl/__init__.py:85}}
Jun 10 15:21:27 ubuntu neutron-server[120637]: DEBUG ovsdbapp.backend.ovs_idl [None req-ee852c05-cff0-477a-aa3a-75f203a22a3f None None] Created lookup_table index Logical_Router.name {{(pid=120637) autocreate_indices /usr/local/lib/python3.8/dist-packages/ovsdbapp/backend/ovs_idl/__init__.py:85}}
Jun 10 15:21:27 ubuntu neutron-server[120636]: DEBUG ovsdbapp.backend.ovs_idl [None req-bfede59e-b46c-437a-87bb-9f232be9ce38 None None] Created lookup_table index Logical_Switch.name {{(pid=120636) autocreate_indices /usr/local/lib/python3.8/dist-packages/ovsdbapp/backend/ovs_idl/__init__.py:85}}
Jun 10 15:21:27 ubuntu neutron-server[120636]: DEBUG ovsdbapp.backend.ovs_idl [None req-bfede59e-b46c-437a-87bb-9f232be9ce38 None None] Created lookup_table index Logical_Router.name {{(pid=120636) autocreate_indices /usr/local/lib/python3.8/dist-packages/ovsdbapp/backend/ovs_idl/__init__.py:85}}
Jun 10 15:21:27 ubuntu neutron-server[120637]: DEBUG ovsdbapp.backend.ovs_idl [None req-ee852c05-cff0-477a-aa3a-75f203a22a3f None None] Created lookup_table index Load_Balancer.name {{(pid=120637) autocreate_indices /usr/local/lib/python3.8/dist-packages/ovsdbapp/backend/ovs_idl/__init__.py:85}}
Jun 10 15:21:27 ubuntu neutron-server[120636]: DEBUG ovsdbapp.backend.ovs_idl [None req-bfede59e-b46c-437a-87bb-9f232be9ce38 None None] Created lookup_table index Load_Balancer.name {{(pid=120636) autocreate_indices /usr/local/lib/python3.8/dist-packages/ovsdbapp/backend/ovs_idl/__init__.py:85}}
Jun 10 15:21:27 ubuntu neutron-server[120636]: DEBUG ovsdbapp.backend.ovs_idl [None req-bfede59e-b46c-437a-87bb-9f232be9ce38 None None] Created schema index Meter.name {{(pid=120636) autocreate_indices /usr/local/lib/python3.8/dist-packages/ovsdbapp/backend/ovs_idl/__init__.py:104}}
Jun 10 15:21:27 ubuntu neutron-server[120636]: DEBUG ovsdbapp.backend.ovs_idl [None req-bfede59e-b46c-437a-87bb-9f232be9ce38 None None] Created schema index Address_Set.name {{(pid=120636) autocreate_indices /usr/local/lib/python3.8/dist-packages/ovsdbapp/backend/ovs_idl/__init__.py:104}}
Jun 10 15:21:27 ubuntu neutron-server[120636]: DEBUG ovsdbapp.backend.ovs_idl [None req-bfede59e-b46c-437a-87bb-9f232be9ce38 None None] Created schema index HA_Chassis_Group.name {{(pid=120636) autocreate_indices /usr/local/lib/python3.8/dist-packages/ovsdbapp/backend/ovs_idl/__init__.py:104}}
Jun 10 15:21:27 ubuntu neutron-server[120636]: DEBUG ovsdbapp.backend.ovs_idl [None req-bfede59e-b46c-437a-87bb-9f232be9ce38 None None] Created schema index Connection.target {{(pid=120636) autocreate_indices /usr/local/lib/python3.8/dist-packages/ovsdbapp/backend/ovs_idl/__init__.py:104}}
Jun 10 15:21:27 ubuntu neutron-server[120636]: DEBUG ovsdbapp.backend.ovs_idl [None req-bfede59e-b46c-437a-87bb-9f232be9ce38 None None] Created schema index Gateway_Chassis.name {{(pid=120636) autocreate_indices /usr/local/lib/python3.8/dist-packages/ovsdbapp/backend/ovs_idl/__init__.py:104}}
Jun 10 15:21:27 ubuntu neutron-server[120636]: DEBUG ovsdbapp.backend.ovs_idl [None req-bfede59e-b46c-437a-87bb-9f232be9ce38 None None] Created schema index Logical_Router_Port.name {{(pid=120636) autocreate_indices /usr/local/lib/python3.8/dist-packages/ovsdbapp/backend/ovs_idl/__init__.py:104}}
Jun 10 15:21:27 ubuntu neutron-server[120637]: DEBUG ovsdbapp.backend.ovs_idl [None req-ee852c05-cff0-477a-aa3a-75f203a22a3f None None] Created schema index Meter.name {{(pid=120637) autocreate_indices /usr/local/lib/python3.8/dist-packages/ovsdbapp/backend/ovs_idl/__init__.py:104}}
Jun 10 15:21:27 ubuntu neutron-server[120636]: DEBUG ovsdbapp.backend.ovs_idl [None req-bfede59e-b46c-437a-87bb-9f232be9ce38 None None] Created schema index Port_Group.name {{(pid=120636) autocreate_indices /usr/local/lib/python3.8/dist-packages/ovsdbapp/backend/ovs_idl/__init__.py:104}}
Jun 10 15:21:27 ubuntu neutron-server[120636]: DEBUG ovsdbapp.backend.ovs_idl [None req-bfede59e-b46c-437a-87bb-9f232be9ce38 None None] Created schema index Logical_Switch_Port.name {{(pid=120636) autocreate_indices /usr/local/lib/python3.8/dist-packages/ovsdbapp/backend/ovs_idl/__init__.py:104}}
Jun 10 15:21:27 ubuntu neutron-server[120637]: DEBUG ovsdbapp.backend.ovs_idl [None req-ee852c05-cff0-477a-aa3a-75f203a22a3f None None] Created schema index Address_Set.name {{(pid=120637) autocreate_indices /usr/local/lib/python3.8/dist-packages/ovsdbapp/backend/ovs_idl/__init__.py:104}}
Jun 10 15:21:27 ubuntu neutron-server[120636]: INFO ovsdbapp.backend.ovs_idl.vlog [None req-bfede59e-b46c-437a-87bb-9f232be9ce38 None None] tcp:192.168.79.50:6641: connecting...
Jun 10 15:21:27 ubuntu neutron-server[120637]: DEBUG ovsdbapp.backend.ovs_idl [None req-ee852c05-cff0-477a-aa3a-75f203a22a3f None None] Created schema index HA_Chassis_Group.name {{(pid=120637) autocreate_indices /usr/local/lib/python3.8/dist-packages/ovsdbapp/backend/ovs_idl/__init__.py:104}}
Jun 10 15:21:27 ubuntu neutron-server[120636]: INFO ovsdbapp.backend.ovs_idl.vlog [None req-bfede59e-b46c-437a-87bb-9f232be9ce38 None None] tcp:192.168.79.50:6641: connected
Jun 10 15:21:27 ubuntu neutron-server[120426]: DEBUG ovsdbapp.backend.ovs_idl.event [-] Matched CREATE: NeutronPgDropPortGroupCreated(events=('create',), table='Port_Group', conditions=(('name', '=', 'neutron_pg_drop'),), old_conditions=None), priority=10 to row=Port_Group(name=neutron_pg_drop, ports=[], external_ids={}, acls=[<ovs.db.idl.Row object at 0x7f922a450280>, <ovs.db.idl.Row object at 0x7f922a393d00>]) old= {{(pid=120426) matches /usr/local/lib/python3.8/dist-packages/ovsdbapp/backend/ovs_idl/event.py:43}}
Jun 10 15:21:27 ubuntu neutron-server[120637]: DEBUG ovsdbapp.backend.ovs_idl [None req-ee852c05-cff0-477a-aa3a-75f203a22a3f None None] Created schema index Connection.target {{(pid=120637) autocreate_indices /usr/local/lib/python3.8/dist-packages/ovsdbapp/backend/ovs_idl/__init__.py:104}}
Jun 10 15:21:27 ubuntu neutron-server[120637]: DEBUG ovsdbapp.backend.ovs_idl [None req-ee852c05-cff0-477a-aa3a-75f203a22a3f None None] Created schema index Gateway_Chassis.name {{(pid=120637) autocreate_indices /usr/local/lib/python3.8/dist-packages/ovsdbapp/backend/ovs_idl/__init__.py:104}}
Jun 10 15:21:27 ubuntu neutron-server[120637]: DEBUG ovsdbapp.backend.ovs_idl [None req-ee852c05-cff0-477a-aa3a-75f203a22a3f None None] Created schema index Logical_Router_Port.name {{(pid=120637) autocreate_indices /usr/local/lib/python3.8/dist-packages/ovsdbapp/backend/ovs_idl/__init__.py:104}}
Jun 10 15:21:27 ubuntu neutron-server[120637]: DEBUG ovsdbapp.backend.ovs_idl [None req-ee852c05-cff0-477a-aa3a-75f203a22a3f None None] Created schema index Port_Group.name {{(pid=120637) autocreate_indices /usr/local/lib/python3.8/dist-packages/ovsdbapp/backend/ovs_idl/__init__.py:104}}
Jun 10 15:21:27 ubuntu neutron-server[120637]: DEBUG ovsdbapp.backend.ovs_idl [None req-ee852c05-cff0-477a-aa3a-75f203a22a3f None None] Created schema index Logical_Switch_Port.name {{(pid=120637) autocreate_indices /usr/local/lib/python3.8/dist-packages/ovsdbapp/backend/ovs_idl/__init__.py:104}}
Jun 10 15:21:27 ubuntu neutron-server[120637]: INFO ovsdbapp.backend.ovs_idl.vlog [None req-ee852c05-cff0-477a-aa3a-75f203a22a3f None None] tcp:192.168.79.50:6641: connecting...
Jun 10 15:21:27 ubuntu neutron-server[120637]: INFO ovsdbapp.backend.ovs_idl.vlog [None req-ee852c05-cff0-477a-aa3a-75f203a22a3f None None] tcp:192.168.79.50:6641: connected
Jun 10 15:21:27 ubuntu neutron-server[120636]: DEBUG neutron.common.ovn.hash_ring_manager [None req-bfede59e-b46c-437a-87bb-9f232be9ce38 None None] Allow caching, nodes 2>=2 {{(pid=120636) _wait_startup_before_caching /opt/stack/neutron/neutron/common/ovn/hash_ring_manager.py:60}}
Jun 10 15:21:27 ubuntu neutron-server[120426]: DEBUG ovsdbapp.backend.ovs_idl [None req-a535d9b7-9f1b-4442-9877-649426362fe6 None None] Created lookup_table index Logical_Switch.name {{(pid=120426) autocreate_indices /usr/local/lib/python3.8/dist-packages/ovsdbapp/backend/ovs_idl/__init__.py:85}}
Jun 10 15:21:27 ubuntu neutron-server[120426]: DEBUG ovsdbapp.backend.ovs_idl [None req-a535d9b7-9f1b-4442-9877-649426362fe6 None None] Created lookup_table index Logical_Router.name {{(pid=120426) autocreate_indices /usr/local/lib/python3.8/dist-packages/ovsdbapp/backend/ovs_idl/__init__.py:85}}
Jun 10 15:21:27 ubuntu neutron-server[120426]: DEBUG ovsdbapp.backend.ovs_idl [None req-a535d9b7-9f1b-4442-9877-649426362fe6 None None] Created lookup_table index Load_Balancer.name {{(pid=120426) autocreate_indices /usr/local/lib/python3.8/dist-packages/ovsdbapp/backend/ovs_idl/__init__.py:85}}
Jun 10 15:21:27 ubuntu neutron-server[120426]: DEBUG ovsdbapp.backend.ovs_idl [None req-a535d9b7-9f1b-4442-9877-649426362fe6 None None] Created schema index Meter.name {{(pid=120426) autocreate_indices /usr/local/lib/python3.8/dist-packages/ovsdbapp/backend/ovs_idl/__init__.py:104}}
Jun 10 15:21:27 ubuntu neutron-server[120426]: DEBUG ovsdbapp.backend.ovs_idl [None req-a535d9b7-9f1b-4442-9877-649426362fe6 None None] Created schema index Address_Set.name {{(pid=120426) autocreate_indices /usr/local/lib/python3.8/dist-packages/ovsdbapp/backend/ovs_idl/__init__.py:104}}
Jun 10 15:21:27 ubuntu neutron-server[120426]: DEBUG ovsdbapp.backend.ovs_idl [None req-a535d9b7-9f1b-4442-9877-649426362fe6 None None] Created schema index HA_Chassis_Group.name {{(pid=120426) autocreate_indices /usr/local/lib/python3.8/dist-packages/ovsdbapp/backend/ovs_idl/__init__.py:104}}
Jun 10 15:21:27 ubuntu neutron-server[120426]: DEBUG ovsdbapp.backend.ovs_idl [None req-a535d9b7-9f1b-4442-9877-649426362fe6 None None] Created schema index Connection.target {{(pid=120426) autocreate_indices /usr/local/lib/python3.8/dist-packages/ovsdbapp/backend/ovs_idl/__init__.py:104}}
Jun 10 15:21:27 ubuntu neutron-server[120426]: DEBUG ovsdbapp.backend.ovs_idl [None req-a535d9b7-9f1b-4442-9877-649426362fe6 None None] Created schema index Gateway_Chassis.name {{(pid=120426) autocreate_indices /usr/local/lib/python3.8/dist-packages/ovsdbapp/backend/ovs_idl/__init__.py:104}}
Jun 10 15:21:27 ubuntu neutron-server[120426]: DEBUG ovsdbapp.backend.ovs_idl [None req-a535d9b7-9f1b-4442-9877-649426362fe6 None None] Created schema index Logical_Router_Port.name {{(pid=120426) autocreate_indices /usr/local/lib/python3.8/dist-packages/ovsdbapp/backend/ovs_idl/__init__.py:104}}
Jun 10 15:21:27 ubuntu neutron-server[120426]: DEBUG ovsdbapp.backend.ovs_idl [None req-a535d9b7-9f1b-4442-9877-649426362fe6 None None] Created schema index Port_Group.name {{(pid=120426) autocreate_indices /usr/local/lib/python3.8/dist-packages/ovsdbapp/backend/ovs_idl/__init__.py:104}}
Jun 10 15:21:27 ubuntu neutron-server[120426]: DEBUG ovsdbapp.backend.ovs_idl [None req-a535d9b7-9f1b-4442-9877-649426362fe6 None None] Created schema index Logical_Switch_Port.name {{(pid=120426) autocreate_indices /usr/local/lib/python3.8/dist-packages/ovsdbapp/backend/ovs_idl/__init__.py:104}}
Jun 10 15:21:27 ubuntu neutron-server[120637]: DEBUG neutron.common.ovn.hash_ring_manager [None req-ee852c05-cff0-477a-aa3a-75f203a22a3f None None] Allow caching, nodes 2>=2 {{(pid=120637) _wait_startup_before_caching /opt/stack/neutron/neutron/common/ovn/hash_ring_manager.py:60}}
Jun 10 15:21:27 ubuntu neutron-server[120636]: DEBUG neutron.plugins.ml2.drivers.ovn.mech_driver.ovsdb.ovsdb_monitor [None req-bfede59e-b46c-437a-87bb-9f232be9ce38 None None] Hash Ring: Node a0dc45ee-eb1c-46b7-b26c-ad06801f3923 (host: ubuntu) handling event "create" for row f5a38488-8a37-426c-b03c-6dab2f16b5e1 (table: Database) {{(pid=120636) notify /opt/stack/neutron/neutron/plugins/ml2/drivers/ovn/mech_driver/ovsdb/ovsdb_monitor.py:739}}
Jun 10 15:21:27 ubuntu neutron-server[120636]: DEBUG neutron.plugins.ml2.drivers.ovn.mech_driver.ovsdb.ovsdb_monitor [None req-bfede59e-b46c-437a-87bb-9f232be9ce38 None None] Hash Ring: Node a0dc45ee-eb1c-46b7-b26c-ad06801f3923 (host: ubuntu) handling event "create" for row e4626338-16e7-418c-8a58-73d09fb24d7c (table: ACL) {{(pid=120636) notify /opt/stack/neutron/neutron/plugins/ml2/drivers/ovn/mech_driver/ovsdb/ovsdb_monitor.py:739}}
Jun 10 15:21:27 ubuntu neutron-server[120636]: INFO neutron.plugins.ml2.drivers.ovn.mech_driver.ovsdb.impl_idl_ovn [None req-bfede59e-b46c-437a-87bb-9f232be9ce38 None None] Getting OvsdbSbOvnIdl for WorkerService with retry
Jun 10 15:21:27 ubuntu neutron-server[120637]: DEBUG neutron.plugins.ml2.drivers.ovn.mech_driver.ovsdb.ovsdb_monitor [None req-ee852c05-cff0-477a-aa3a-75f203a22a3f None None] Hash Ring: Node ff881be9-28ec-4d31-ba82-00d0c779d2a9 (host: ubuntu) handling event "create" for row 22c8edb0-f3ca-426f-8beb-fdb8a890ea84 (table: Database) {{(pid=120637) notify /opt/stack/neutron/neutron/plugins/ml2/drivers/ovn/mech_driver/ovsdb/ovsdb_monitor.py:739}}
Jun 10 15:21:27 ubuntu neutron-server[120637]: DEBUG neutron.plugins.ml2.drivers.ovn.mech_driver.ovsdb.ovsdb_monitor [None req-ee852c05-cff0-477a-aa3a-75f203a22a3f None None] Hash Ring: Node ff881be9-28ec-4d31-ba82-00d0c779d2a9 (host: ubuntu) handling event "create" for row 9ac38e5f-212f-4def-be67-53690afcfaae (table: Port_Group) {{(pid=120637) notify /opt/stack/neutron/neutron/plugins/ml2/drivers/ovn/mech_driver/ovsdb/ovsdb_monitor.py:739}}
Jun 10 15:21:27 ubuntu neutron-server[120637]: DEBUG neutron.plugins.ml2.drivers.ovn.mech_driver.ovsdb.ovsdb_monitor [None req-ee852c05-cff0-477a-aa3a-75f203a22a3f None None] Hash Ring: Node ff881be9-28ec-4d31-ba82-00d0c779d2a9 (host: ubuntu) handling event "create" for row c89ad7db-87be-40a0-8240-41302a7460ac (table: NB_Global) {{(pid=120637) notify /opt/stack/neutron/neutron/plugins/ml2/drivers/ovn/mech_driver/ovsdb/ovsdb_monitor.py:739}}
Jun 10 15:21:27 ubuntu neutron-server[120637]: DEBUG neutron.plugins.ml2.drivers.ovn.mech_driver.ovsdb.ovsdb_monitor [None req-ee852c05-cff0-477a-aa3a-75f203a22a3f None None] Hash Ring: Node ff881be9-28ec-4d31-ba82-00d0c779d2a9 (host: ubuntu) handling event "create" for row fe128df5-40b4-4559-bf70-ba2c5ca78a1a (table: ACL) {{(pid=120637) notify /opt/stack/neutron/neutron/plugins/ml2/drivers/ovn/mech_driver/ovsdb/ovsdb_monitor.py:739}}
Jun 10 15:21:27 ubuntu neutron-server[120636]: DEBUG ovsdbapp.backend.ovs_idl [None req-bfede59e-b46c-437a-87bb-9f232be9ce38 None None] Created lookup_table index Chassis.name {{(pid=120636) autocreate_indices /usr/local/lib/python3.8/dist-packages/ovsdbapp/backend/ovs_idl/__init__.py:85}}
Jun 10 15:21:27 ubuntu neutron-server[120636]: DEBUG ovsdbapp.backend.ovs_idl [None req-bfede59e-b46c-437a-87bb-9f232be9ce38 None None] Created schema index Datapath_Binding.tunnel_key {{(pid=120636) autocreate_indices /usr/local/lib/python3.8/dist-packages/ovsdbapp/backend/ovs_idl/__init__.py:104}}
Jun 10 15:21:27 ubuntu neutron-server[120636]: DEBUG ovsdbapp.backend.ovs_idl [None req-bfede59e-b46c-437a-87bb-9f232be9ce38 None None] Created schema index Connection.target {{(pid=120636) autocreate_indices /usr/local/lib/python3.8/dist-packages/ovsdbapp/backend/ovs_idl/__init__.py:104}}
Jun 10 15:21:27 ubuntu neutron-server[120636]: INFO ovsdbapp.backend.ovs_idl.vlog [None req-bfede59e-b46c-437a-87bb-9f232be9ce38 None None] tcp:192.168.79.50:6642: connecting...
Jun 10 15:21:27 ubuntu neutron-server[120637]: DEBUG neutron.plugins.ml2.drivers.ovn.mech_driver.ovsdb.ovsdb_monitor [None req-ee852c05-cff0-477a-aa3a-75f203a22a3f None None] Hash Ring: Node ff881be9-28ec-4d31-ba82-00d0c779d2a9 (host: ubuntu) handling event "create" for row 7ae1ed50-9886-4a25-9835-4bcced4ca79d (table: Connection) {{(pid=120637) notify /opt/stack/neutron/neutron/plugins/ml2/drivers/ovn/mech_driver/ovsdb/ovsdb_monitor.py:739}}
Jun 10 15:21:27 ubuntu neutron-server[120636]: INFO ovsdbapp.backend.ovs_idl.vlog [None req-bfede59e-b46c-437a-87bb-9f232be9ce38 None None] tcp:192.168.79.50:6642: connected
Jun 10 15:21:27 ubuntu neutron-server[120637]: INFO neutron.plugins.ml2.drivers.ovn.mech_driver.ovsdb.impl_idl_ovn [None req-ee852c05-cff0-477a-aa3a-75f203a22a3f None None] Getting OvsdbSbOvnIdl for WorkerService with retry
Jun 10 15:21:27 ubuntu neutron-server[120637]: DEBUG ovsdbapp.backend.ovs_idl [None req-ee852c05-cff0-477a-aa3a-75f203a22a3f None None] Created lookup_table index Chassis.name {{(pid=120637) autocreate_indices /usr/local/lib/python3.8/dist-packages/ovsdbapp/backend/ovs_idl/__init__.py:85}}
Jun 10 15:21:27 ubuntu neutron-server[120637]: DEBUG ovsdbapp.backend.ovs_idl [None req-ee852c05-cff0-477a-aa3a-75f203a22a3f None None] Created schema index Datapath_Binding.tunnel_key {{(pid=120637) autocreate_indices /usr/local/lib/python3.8/dist-packages/ovsdbapp/backend/ovs_idl/__init__.py:104}}
Jun 10 15:21:27 ubuntu neutron-server[120637]: DEBUG ovsdbapp.backend.ovs_idl [None req-ee852c05-cff0-477a-aa3a-75f203a22a3f None None] Created schema index Connection.target {{(pid=120637) autocreate_indices /usr/local/lib/python3.8/dist-packages/ovsdbapp/backend/ovs_idl/__init__.py:104}}
Jun 10 15:21:27 ubuntu neutron-server[120637]: INFO ovsdbapp.backend.ovs_idl.vlog [None req-ee852c05-cff0-477a-aa3a-75f203a22a3f None None] tcp:192.168.79.50:6642: connecting...
Jun 10 15:21:27 ubuntu neutron-server[120637]: INFO ovsdbapp.backend.ovs_idl.vlog [None req-ee852c05-cff0-477a-aa3a-75f203a22a3f None None] tcp:192.168.79.50:6642: connected
Jun 10 15:21:27 ubuntu neutron-server[120426]: DEBUG ovsdbapp.backend.ovs_idl [None req-a535d9b7-9f1b-4442-9877-649426362fe6 None None] Created lookup_table index Chassis.name {{(pid=120426) autocreate_indices /usr/local/lib/python3.8/dist-packages/ovsdbapp/backend/ovs_idl/__init__.py:85}}
Jun 10 15:21:27 ubuntu neutron-server[120426]: DEBUG ovsdbapp.backend.ovs_idl [None req-a535d9b7-9f1b-4442-9877-649426362fe6 None None] Created lookup_table index MAC_Binding.ip {{(pid=120426) autocreate_indices /usr/local/lib/python3.8/dist-packages/ovsdbapp/backend/ovs_idl/__init__.py:85}}
Jun 10 15:21:27 ubuntu neutron-server[120426]: DEBUG ovsdbapp.backend.ovs_idl [None req-a535d9b7-9f1b-4442-9877-649426362fe6 None None] Created schema index Meter.name {{(pid=120426) autocreate_indices /usr/local/lib/python3.8/dist-packages/ovsdbapp/backend/ovs_idl/__init__.py:104}}
Jun 10 15:21:27 ubuntu neutron-server[120426]: DEBUG ovsdbapp.backend.ovs_idl [None req-a535d9b7-9f1b-4442-9877-649426362fe6 None None] Created schema index Address_Set.name {{(pid=120426) autocreate_indices /usr/local/lib/python3.8/dist-packages/ovsdbapp/backend/ovs_idl/__init__.py:104}}
Jun 10 15:21:27 ubuntu neutron-server[120426]: DEBUG ovsdbapp.backend.ovs_idl [None req-a535d9b7-9f1b-4442-9877-649426362fe6 None None] Created schema index HA_Chassis_Group.name {{(pid=120426) autocreate_indices /usr/local/lib/python3.8/dist-packages/ovsdbapp/backend/ovs_idl/__init__.py:104}}
Jun 10 15:21:27 ubuntu neutron-server[120426]: DEBUG ovsdbapp.backend.ovs_idl [None req-a535d9b7-9f1b-4442-9877-649426362fe6 None None] Created schema index IP_Multicast.datapath {{(pid=120426) autocreate_indices /usr/local/lib/python3.8/dist-packages/ovsdbapp/backend/ovs_idl/__init__.py:104}}
Jun 10 15:21:27 ubuntu neutron-server[120426]: DEBUG ovsdbapp.backend.ovs_idl [None req-a535d9b7-9f1b-4442-9877-649426362fe6 None None] Created schema index Connection.target {{(pid=120426) autocreate_indices /usr/local/lib/python3.8/dist-packages/ovsdbapp/backend/ovs_idl/__init__.py:104}}
Jun 10 15:21:27 ubuntu neutron-server[120426]: DEBUG ovsdbapp.backend.ovs_idl [None req-a535d9b7-9f1b-4442-9877-649426362fe6 None None] Created schema index Gateway_Chassis.name {{(pid=120426) autocreate_indices /usr/local/lib/python3.8/dist-packages/ovsdbapp/backend/ovs_idl/__init__.py:104}}
Jun 10 15:21:27 ubuntu neutron-server[120426]: DEBUG ovsdbapp.backend.ovs_idl [None req-a535d9b7-9f1b-4442-9877-649426362fe6 None None] Created schema index Port_Group.name {{(pid=120426) autocreate_indices /usr/local/lib/python3.8/dist-packages/ovsdbapp/backend/ovs_idl/__init__.py:104}}
Jun 10 15:21:27 ubuntu neutron-server[120426]: DEBUG ovsdbapp.backend.ovs_idl [None req-a535d9b7-9f1b-4442-9877-649426362fe6 None None] Created schema index Datapath_Binding.tunnel_key {{(pid=120426) autocreate_indices /usr/local/lib/python3.8/dist-packages/ovsdbapp/backend/ovs_idl/__init__.py:104}}
Jun 10 15:21:27 ubuntu neutron-server[120636]: DEBUG neutron.common.ovn.hash_ring_manager [None req-bfede59e-b46c-437a-87bb-9f232be9ce38 None None] Allow caching, nodes 2>=2 {{(pid=120636) _wait_startup_before_caching /opt/stack/neutron/neutron/common/ovn/hash_ring_manager.py:60}}
Jun 10 15:21:27 ubuntu neutron-server[120636]: DEBUG neutron.plugins.ml2.drivers.ovn.mech_driver.ovsdb.ovsdb_monitor [None req-bfede59e-b46c-437a-87bb-9f232be9ce38 None None] Hash Ring: Node a0dc45ee-eb1c-46b7-b26c-ad06801f3923 (host: ubuntu) handling event "create" for row a18a70f1-8853-4c2d-a979-f46e0d0e6dd4 (table: Database) {{(pid=120636) notify /opt/stack/neutron/neutron/plugins/ml2/drivers/ovn/mech_driver/ovsdb/ovsdb_monitor.py:739}}
Jun 10 15:21:27 ubuntu neutron-server[120636]: DEBUG neutron.plugins.ml2.drivers.ovn.mech_driver.ovsdb.ovsdb_monitor [None req-bfede59e-b46c-437a-87bb-9f232be9ce38 None None] Hash Ring: Node a0dc45ee-eb1c-46b7-b26c-ad06801f3923 (host: ubuntu) handling event "create" for row bcc1edc8-2148-4b8b-b235-e22a0657474c (table: Database) {{(pid=120636) notify /opt/stack/neutron/neutron/plugins/ml2/drivers/ovn/mech_driver/ovsdb/ovsdb_monitor.py:739}}
Jun 10 15:21:27 ubuntu neutron-server[120637]: DEBUG neutron.common.ovn.hash_ring_manager [None req-ee852c05-cff0-477a-aa3a-75f203a22a3f None None] Allow caching, nodes 2>=2 {{(pid=120637) _wait_startup_before_caching /opt/stack/neutron/neutron/common/ovn/hash_ring_manager.py:60}}
Jun 10 15:21:27 ubuntu neutron-server[120636]: DEBUG neutron.plugins.ml2.drivers.ovn.mech_driver.ovsdb.ovsdb_monitor [None req-bfede59e-b46c-437a-87bb-9f232be9ce38 None None] ChassisAgentWriteEvent : Matched Chassis, create, None None {{(pid=120636) matches /opt/stack/neutron/neutron/plugins/ml2/drivers/ovn/mech_driver/ovsdb/ovsdb_monitor.py:62}}
Jun 10 15:21:27 ubuntu neutron-server[120636]: DEBUG neutron.plugins.ml2.drivers.ovn.mech_driver.ovsdb.ovsdb_monitor [None req-bfede59e-b46c-437a-87bb-9f232be9ce38 None None] ChassisMetadataAgentWriteEvent : Matched Chassis, create, None None {{(pid=120636) matches /opt/stack/neutron/neutron/plugins/ml2/drivers/ovn/mech_driver/ovsdb/ovsdb_monitor.py:62}}
Jun 10 15:21:27 ubuntu neutron-server[120636]: DEBUG neutron.plugins.ml2.drivers.ovn.mech_driver.ovsdb.ovsdb_monitor [None req-bfede59e-b46c-437a-87bb-9f232be9ce38 None None] Hash Ring: Node a0dc45ee-eb1c-46b7-b26c-ad06801f3923 (host: ubuntu) handling event "create" for row e4f0954b-83ee-47fc-a12b-062f429d8eef (table: Chassis) {{(pid=120636) notify /opt/stack/neutron/neutron/plugins/ml2/drivers/ovn/mech_driver/ovsdb/ovsdb_monitor.py:739}}
Jun 10 15:21:27 ubuntu neutron-server[120636]: DEBUG neutron.plugins.ml2.drivers.ovn.mech_driver.ovsdb.ovsdb_monitor [None req-bfede59e-b46c-437a-87bb-9f232be9ce38 None None] Hash Ring: Node a0dc45ee-eb1c-46b7-b26c-ad06801f3923 (host: ubuntu) handling event "create" for row dc7fadfa-01ad-4f70-bdcf-486163b4df0e (table: Connection) {{(pid=120636) notify /opt/stack/neutron/neutron/plugins/ml2/drivers/ovn/mech_driver/ovsdb/ovsdb_monitor.py:739}}
Jun 10 15:21:27 ubuntu neutron-server[120636]: INFO neutron.wsgi [-] (120636) wsgi starting up on http://0.0.0.0:9696
Jun 10 15:21:27 ubuntu neutron-server[120637]: DEBUG neutron.plugins.ml2.drivers.ovn.mech_driver.ovsdb.ovsdb_monitor [None req-ee852c05-cff0-477a-aa3a-75f203a22a3f None None] Hash Ring: Node ff881be9-28ec-4d31-ba82-00d0c779d2a9 (host: ubuntu) handling event "create" for row 25de865e-ec40-4e32-819b-eb3f984a03d5 (table: Encap) {{(pid=120637) notify /opt/stack/neutron/neutron/plugins/ml2/drivers/ovn/mech_driver/ovsdb/ovsdb_monitor.py:739}}
Jun 10 15:21:27 ubuntu neutron-server[120637]: DEBUG neutron.plugins.ml2.drivers.ovn.mech_driver.ovsdb.ovsdb_monitor [None req-ee852c05-cff0-477a-aa3a-75f203a22a3f None None] ChassisAgentWriteEvent : Matched Chassis, create, None None {{(pid=120637) matches /opt/stack/neutron/neutron/plugins/ml2/drivers/ovn/mech_driver/ovsdb/ovsdb_monitor.py:62}}
Jun 10 15:21:27 ubuntu neutron-server[120637]: DEBUG neutron.plugins.ml2.drivers.ovn.mech_driver.ovsdb.ovsdb_monitor [None req-ee852c05-cff0-477a-aa3a-75f203a22a3f None None] ChassisMetadataAgentWriteEvent : Matched Chassis, create, None None {{(pid=120637) matches /opt/stack/neutron/neutron/plugins/ml2/drivers/ovn/mech_driver/ovsdb/ovsdb_monitor.py:62}}
Jun 10 15:21:27 ubuntu neutron-server[120637]: INFO neutron.wsgi [-] (120637) wsgi starting up on http://0.0.0.0:9696
Jun 10 15:21:27 ubuntu neutron-server[120426]: INFO oslo_service.service [None req-a535d9b7-9f1b-4442-9877-649426362fe6 None None] Starting 1 workers
Jun 10 15:21:27 ubuntu neutron-server[120426]: DEBUG oslo_service.service [None req-a535d9b7-9f1b-4442-9877-649426362fe6 None None] Started child 120640 {{(pid=120426) _start_child /usr/local/lib/python3.8/dist-packages/oslo_service/service.py:575}}
Jun 10 15:21:27 ubuntu neutron-server[120426]: INFO oslo_service.service [None req-a535d9b7-9f1b-4442-9877-649426362fe6 None None] Starting 1 workers
Jun 10 15:21:27 ubuntu neutron-server[120426]: DEBUG oslo_service.service [None req-a535d9b7-9f1b-4442-9877-649426362fe6 None None] Started child 120641 {{(pid=120426) _start_child /usr/local/lib/python3.8/dist-packages/oslo_service/service.py:575}}
Jun 10 15:21:27 ubuntu neutron-server[120426]: INFO oslo_service.service [None req-a535d9b7-9f1b-4442-9877-649426362fe6 None None] Starting 1 workers
Jun 10 15:21:27 ubuntu neutron-server[120640]: DEBUG neutron.service [None req-a535d9b7-9f1b-4442-9877-649426362fe6 None None] calling RpcWorker wait() {{(pid=120640) _wait /opt/stack/neutron/neutron/service.py:128}}
Jun 10 15:21:27 ubuntu neutron-server[120640]: DEBUG neutron.service [None req-a535d9b7-9f1b-4442-9877-649426362fe6 None None] returning from RpcWorker wait() {{(pid=120640) _wait /opt/stack/neutron/neutron/service.py:135}}
Jun 10 15:21:27 ubuntu neutron-server[120641]: DEBUG neutron_lib.callbacks.manager [-] Publish callbacks ['neutron.plugins.ml2.drivers.ovn.mech_driver.mech_driver.OVNMechanismDriver.post_fork_initialize-1955794'] for process (None), after_init {{(pid=120641) _notify_loop /usr/local/lib/python3.8/dist-packages/neutron_lib/callbacks/manager.py:176}}
Jun 10 15:21:27 ubuntu neutron-server[120640]: DEBUG neutron_lib.callbacks.manager [-] Publish callbacks ['neutron.plugins.ml2.drivers.ovn.mech_driver.mech_driver.OVNMechanismDriver.post_fork_initialize-1955794'] for process (None), after_init {{(pid=120640) _notify_loop /usr/local/lib/python3.8/dist-packages/neutron_lib/callbacks/manager.py:176}}
Jun 10 15:21:27 ubuntu neutron-server[120426]: DEBUG oslo_service.service [None req-a535d9b7-9f1b-4442-9877-649426362fe6 None None] Started child 120643 {{(pid=120426) _start_child /usr/local/lib/python3.8/dist-packages/oslo_service/service.py:575}}
Jun 10 15:21:27 ubuntu neutron-server[120426]: DEBUG neutron_lib.callbacks.manager [None req-a535d9b7-9f1b-4442-9877-649426362fe6 None None] Publish callbacks [] for process (None), after_spawn {{(pid=120426) _notify_loop /usr/local/lib/python3.8/dist-packages/neutron_lib/callbacks/manager.py:176}}
