May 19 12:06:14 ubuntu devstack@g-api.service[132574]: DEBUG glance_store.capabilities [None req-67ca3a6e-da7a-4653-9108-fc2f6e7930cc admin admin] Store glance_store._drivers.swift.store.SingleTenantStore doesn't support updating dynamic storage capabilities. Please overwrite 'update_capabilities' method of the store to implement updating logics if needed. {{(pid=132574) update_capabilities /usr/local/lib/python3.8/dist-packages/glance_store/capabilities.py:91}}
May 19 12:06:14 ubuntu devstack@g-api.service[132574]: DEBUG glance_store.driver [None req-67ca3a6e-da7a-4653-9108-fc2f6e7930cc admin admin] Late loading location class glance_store._drivers.swift.store.StoreLocation {{(pid=132574) get_store_location_class /usr/local/lib/python3.8/dist-packages/glance_store/driver.py:117}}
May 19 12:06:14 ubuntu devstack@g-api.service[132574]: DEBUG glance_store.location [None req-67ca3a6e-da7a-4653-9108-fc2f6e7930cc admin admin] Registering scheme swift+https with {'store': <glance_store._drivers.swift.store.SingleTenantStore object at 0x7f982ccbc100>, 'location_class': <class 'glance_store._drivers.swift.store.StoreLocation'>, 'store_entry': 'swift'} {{(pid=132574) register_scheme_map /usr/local/lib/python3.8/dist-packages/glance_store/location.py:146}}
May 19 12:06:14 ubuntu devstack@g-api.service[132574]: DEBUG glance_store.location [None req-67ca3a6e-da7a-4653-9108-fc2f6e7930cc admin admin] Registering scheme swift+https with {'store': <glance_store._drivers.swift.store.SingleTenantStore object at 0x7f982ccbc100>, 'location_class': <class 'glance_store._drivers.swift.store.StoreLocation'>, 'store_entry': 'swift'} {{(pid=132574) register_scheme_map /usr/local/lib/python3.8/dist-packages/glance_store/location.py:146}}
May 19 12:06:14 ubuntu devstack@g-api.service[132574]: DEBUG glance_store.location [None req-67ca3a6e-da7a-4653-9108-fc2f6e7930cc admin admin] Registering scheme swift with {'store': <glance_store._drivers.swift.store.SingleTenantStore object at 0x7f982ccbc100>, 'location_class': <class 'glance_store._drivers.swift.store.StoreLocation'>, 'store_entry': 'swift'} {{(pid=132574) register_scheme_map /usr/local/lib/python3.8/dist-packages/glance_store/location.py:146}}
May 19 12:06:14 ubuntu devstack@g-api.service[132574]: DEBUG glance_store.location [None req-67ca3a6e-da7a-4653-9108-fc2f6e7930cc admin admin] Registering scheme swift+https with {'store': <glance_store._drivers.swift.store.SingleTenantStore object at 0x7f982ccbc100>, 'location_class': <class 'glance_store._drivers.swift.store.StoreLocation'>, 'store_entry': 'swift'} {{(pid=132574) register_scheme_map /usr/local/lib/python3.8/dist-packages/glance_store/location.py:146}}
May 19 12:06:14 ubuntu devstack@g-api.service[132574]: DEBUG glance_store.location [None req-67ca3a6e-da7a-4653-9108-fc2f6e7930cc admin admin] Registering scheme swift with {'store': <glance_store._drivers.swift.store.SingleTenantStore object at 0x7f982ccbc100>, 'location_class': <class 'glance_store._drivers.swift.store.StoreLocation'>, 'store_entry': 'swift'} {{(pid=132574) register_scheme_map /usr/local/lib/python3.8/dist-packages/glance_store/location.py:146}}
May 19 12:06:14 ubuntu devstack@g-api.service[132574]: DEBUG glance_store.location [None req-67ca3a6e-da7a-4653-9108-fc2f6e7930cc admin admin] Registering scheme swift+http with {'store': <glance_store._drivers.swift.store.SingleTenantStore object at 0x7f982ccbc100>, 'location_class': <class 'glance_store._drivers.swift.store.StoreLocation'>, 'store_entry': 'swift'} {{(pid=132574) register_scheme_map /usr/local/lib/python3.8/dist-packages/glance_store/location.py:146}}
May 19 12:06:14 ubuntu devstack@g-api.service[132574]: DEBUG glance_store.location [None req-67ca3a6e-da7a-4653-9108-fc2f6e7930cc admin admin] Registering scheme swift+https with {'store': <glance_store._drivers.swift.store.SingleTenantStore object at 0x7f982ccbc100>, 'location_class': <class 'glance_store._drivers.swift.store.StoreLocation'>, 'store_entry': 'swift'} {{(pid=132574) register_scheme_map /usr/local/lib/python3.8/dist-packages/glance_store/location.py:146}}
May 19 12:06:14 ubuntu devstack@g-api.service[132574]: DEBUG glance_store.location [None req-67ca3a6e-da7a-4653-9108-fc2f6e7930cc admin admin] Registering scheme swift with {'store': <glance_store._drivers.swift.store.SingleTenantStore object at 0x7f982ccbc100>, 'location_class': <class 'glance_store._drivers.swift.store.StoreLocation'>, 'store_entry': 'swift'} {{(pid=132574) register_scheme_map /usr/local/lib/python3.8/dist-packages/glance_store/location.py:146}}
May 19 12:06:14 ubuntu devstack@g-api.service[132574]: DEBUG glance_store.location [None req-67ca3a6e-da7a-4653-9108-fc2f6e7930cc admin admin] Registering scheme swift+http with {'store': <glance_store._drivers.swift.store.SingleTenantStore object at 0x7f982ccbc100>, 'location_class': <class 'glance_store._drivers.swift.store.StoreLocation'>, 'store_entry': 'swift'} {{(pid=132574) register_scheme_map /usr/local/lib/python3.8/dist-packages/glance_store/location.py:146}}
May 19 12:06:14 ubuntu devstack@g-api.service[132574]: DEBUG glance_store.location [None req-67ca3a6e-da7a-4653-9108-fc2f6e7930cc admin admin] Registering scheme swift+config with {'store': <glance_store._drivers.swift.store.SingleTenantStore object at 0x7f982ccbc100>, 'location_class': <class 'glance_store._drivers.swift.store.StoreLocation'>, 'store_entry': 'swift'} {{(pid=132574) register_scheme_map /usr/local/lib/python3.8/dist-packages/glance_store/location.py:146}}
May 19 12:06:14 ubuntu devstack@g-api.service[132574]: DEBUG glance_store.backend [None req-67ca3a6e-da7a-4653-9108-fc2f6e7930cc admin admin] Skipping store.set_acls... not implemented. {{(pid=132574) set_acls /usr/local/lib/python3.8/dist-packages/glance_store/backend.py:509}}
May 19 12:06:14 ubuntu devstack@g-api.service[132574]: [pid: 132574|app: 0|req: 3/4] 127.0.0.1 () {40 vars in 862 bytes} [Thu May 19 12:06:12 2022] PUT /v2/images/a6ee314a-db84-4a8b-8384-e2349c99ef76/file => generated 0 bytes in 2262 msecs (HTTP/1.1 204) 4 headers in 171 bytes (1 switches on core 0)
May 19 12:06:22 ubuntu devstack@g-api.service[132573]: DEBUG dbcounter [-] [132573] Writing DB stats glance:SELECT=9,glance:INSERT=5 {{(pid=132573) stat_writer /usr/local/lib/python3.8/dist-packages/dbcounter.py:114}}
May 19 12:06:24 ubuntu devstack@g-api.service[132574]: DEBUG dbcounter [-] [132574] Writing DB stats glance:SELECT=28,glance:UPDATE=2,glance:INSERT=1 {{(pid=132574) stat_writer /usr/local/lib/python3.8/dist-packages/dbcounter.py:114}}
May 19 12:07:01 ubuntu devstack@g-api.service[132573]: DEBUG glance.api.middleware.version_negotiation [None req-a89b2301-3cc3-41da-bbe4-d456e403cb6d admin admin] Determining version of request: GET / Accept: application/json {{(pid=132573) process_request /opt/stack/glance/glance/api/middleware/version_negotiation.py:44}}
May 19 12:07:01 ubuntu devstack@g-api.service[132573]: DEBUG glance.api.middleware.version_negotiation [None req-a89b2301-3cc3-41da-bbe4-d456e403cb6d admin admin] Using url versioning {{(pid=132573) process_request /opt/stack/glance/glance/api/middleware/version_negotiation.py:57}}
May 19 12:07:01 ubuntu devstack@g-api.service[132573]: DEBUG glance.api.middleware.version_negotiation [None req-a89b2301-3cc3-41da-bbe4-d456e403cb6d admin admin] Unknown version. Returning version choices. {{(pid=132573) process_request /opt/stack/glance/glance/api/middleware/version_negotiation.py:64}}
May 19 12:07:01 ubuntu devstack@g-api.service[132573]: [pid: 132573|app: 0|req: 2/5] 127.0.0.1 () {34 vars in 506 bytes} [Thu May 19 12:07:01 2022] GET / => generated 1213 bytes in 4 msecs (HTTP/1.1 300) 3 headers in 106 bytes (1 switches on core 0)
May 19 12:07:01 ubuntu devstack@g-api.service[132574]: DEBUG glance.api.middleware.version_negotiation [None req-67ca3a6e-da7a-4653-9108-fc2f6e7930cc admin admin] Determining version of request: GET /v2/images Accept: application/json {{(pid=132574) process_request /opt/stack/glance/glance/api/middleware/version_negotiation.py:44}}
May 19 12:07:01 ubuntu devstack@g-api.service[132574]: DEBUG glance.api.middleware.version_negotiation [None req-67ca3a6e-da7a-4653-9108-fc2f6e7930cc admin admin] Using url versioning {{(pid=132574) process_request /opt/stack/glance/glance/api/middleware/version_negotiation.py:57}}
May 19 12:07:01 ubuntu devstack@g-api.service[132574]: DEBUG glance.api.middleware.version_negotiation [None req-67ca3a6e-da7a-4653-9108-fc2f6e7930cc admin admin] Matched version: v2 {{(pid=132574) process_request /opt/stack/glance/glance/api/middleware/version_negotiation.py:69}}
May 19 12:07:01 ubuntu devstack@g-api.service[132574]: DEBUG glance.api.middleware.version_negotiation [None req-67ca3a6e-da7a-4653-9108-fc2f6e7930cc admin admin] new path /v2/images {{(pid=132574) process_request /opt/stack/glance/glance/api/middleware/version_negotiation.py:70}}
May 19 12:07:01 ubuntu devstack@g-api.service[132574]: [pid: 132574|app: 0|req: 4/6] 127.0.0.1 () {36 vars in 728 bytes} [Thu May 19 12:07:01 2022] GET /v2/images => generated 1045 bytes in 115 msecs (HTTP/1.1 200) 4 headers in 158 bytes (1 switches on core 0)
May 19 12:07:07 ubuntu devstack@g-api.service[132573]: DEBUG glance.api.middleware.version_negotiation [None req-a89b2301-3cc3-41da-bbe4-d456e403cb6d admin admin] Determining version of request: GET / Accept: application/json {{(pid=132573) process_request /opt/stack/glance/glance/api/middleware/version_negotiation.py:44}}
May 19 12:07:07 ubuntu devstack@g-api.service[132573]: DEBUG glance.api.middleware.version_negotiation [None req-a89b2301-3cc3-41da-bbe4-d456e403cb6d admin admin] Using url versioning {{(pid=132573) process_request /opt/stack/glance/glance/api/middleware/version_negotiation.py:57}}
May 19 12:07:07 ubuntu devstack@g-api.service[132573]: DEBUG glance.api.middleware.version_negotiation [None req-a89b2301-3cc3-41da-bbe4-d456e403cb6d admin admin] Unknown version. Returning version choices. {{(pid=132573) process_request /opt/stack/glance/glance/api/middleware/version_negotiation.py:64}}
May 19 12:07:07 ubuntu devstack@g-api.service[132573]: [pid: 132573|app: 0|req: 3/7] 127.0.0.1 () {34 vars in 506 bytes} [Thu May 19 12:07:07 2022] GET / => generated 1213 bytes in 2 msecs (HTTP/1.1 300) 3 headers in 106 bytes (1 switches on core 0)
May 19 12:07:07 ubuntu devstack@g-api.service[132574]: DEBUG glance.api.middleware.version_negotiation [None req-ef33deb4-b7ab-4c68-ba0a-3d72890d83d6 admin admin] Determining version of request: GET /v2/images/a6ee314a-db84-4a8b-8384-e2349c99ef76 Accept: */* {{(pid=132574) process_request /opt/stack/glance/glance/api/middleware/version_negotiation.py:44}}
May 19 12:07:07 ubuntu devstack@g-api.service[132574]: DEBUG glance.api.middleware.version_negotiation [None req-ef33deb4-b7ab-4c68-ba0a-3d72890d83d6 admin admin] Using url versioning {{(pid=132574) process_request /opt/stack/glance/glance/api/middleware/version_negotiation.py:57}}
May 19 12:07:07 ubuntu devstack@g-api.service[132574]: DEBUG glance.api.middleware.version_negotiation [None req-ef33deb4-b7ab-4c68-ba0a-3d72890d83d6 admin admin] Matched version: v2 {{(pid=132574) process_request /opt/stack/glance/glance/api/middleware/version_negotiation.py:69}}
May 19 12:07:07 ubuntu devstack@g-api.service[132574]: DEBUG glance.api.middleware.version_negotiation [None req-ef33deb4-b7ab-4c68-ba0a-3d72890d83d6 admin admin] new path /v2/images/a6ee314a-db84-4a8b-8384-e2349c99ef76 {{(pid=132574) process_request /opt/stack/glance/glance/api/middleware/version_negotiation.py:70}}
May 19 12:07:07 ubuntu devstack@g-api.service[132574]: [pid: 132574|app: 0|req: 5/8] 127.0.0.1 () {36 vars in 789 bytes} [Thu May 19 12:07:07 2022] GET /v2/images/a6ee314a-db84-4a8b-8384-e2349c99ef76 => generated 976 bytes in 53 msecs (HTTP/1.1 200) 4 headers in 157 bytes (1 switches on core 0)
May 19 12:07:11 ubuntu devstack@g-api.service[132573]: DEBUG glance.api.middleware.version_negotiation [None req-a89b2301-3cc3-41da-bbe4-d456e403cb6d admin admin] Determining version of request: GET / Accept: application/json {{(pid=132573) process_request /opt/stack/glance/glance/api/middleware/version_negotiation.py:44}}
May 19 12:07:11 ubuntu devstack@g-api.service[132573]: DEBUG glance.api.middleware.version_negotiation [None req-a89b2301-3cc3-41da-bbe4-d456e403cb6d admin admin] Using url versioning {{(pid=132573) process_request /opt/stack/glance/glance/api/middleware/version_negotiation.py:57}}
May 19 12:07:11 ubuntu devstack@g-api.service[132573]: DEBUG glance.api.middleware.version_negotiation [None req-a89b2301-3cc3-41da-bbe4-d456e403cb6d admin admin] Unknown version. Returning version choices. {{(pid=132573) process_request /opt/stack/glance/glance/api/middleware/version_negotiation.py:64}}
May 19 12:07:11 ubuntu devstack@g-api.service[132573]: [pid: 132573|app: 0|req: 4/9] 127.0.0.1 () {34 vars in 506 bytes} [Thu May 19 12:07:11 2022] GET / => generated 1213 bytes in 3 msecs (HTTP/1.1 300) 3 headers in 106 bytes (1 switches on core 0)
May 19 12:07:11 ubuntu devstack@g-api.service[132574]: DEBUG glance.api.middleware.version_negotiation [None req-f4d9136e-f27d-4826-af57-c2ddd319e155 admin admin] Determining version of request: GET /v2/images/a6ee314a-db84-4a8b-8384-e2349c99ef76 Accept: */* {{(pid=132574) process_request /opt/stack/glance/glance/api/middleware/version_negotiation.py:44}}
May 19 12:07:11 ubuntu devstack@g-api.service[132574]: DEBUG glance.api.middleware.version_negotiation [None req-f4d9136e-f27d-4826-af57-c2ddd319e155 admin admin] Using url versioning {{(pid=132574) process_request /opt/stack/glance/glance/api/middleware/version_negotiation.py:57}}
May 19 12:07:11 ubuntu devstack@g-api.service[132574]: DEBUG glance.api.middleware.version_negotiation [None req-f4d9136e-f27d-4826-af57-c2ddd319e155 admin admin] Matched version: v2 {{(pid=132574) process_request /opt/stack/glance/glance/api/middleware/version_negotiation.py:69}}
May 19 12:07:11 ubuntu devstack@g-api.service[132574]: DEBUG glance.api.middleware.version_negotiation [None req-f4d9136e-f27d-4826-af57-c2ddd319e155 admin admin] new path /v2/images/a6ee314a-db84-4a8b-8384-e2349c99ef76 {{(pid=132574) process_request /opt/stack/glance/glance/api/middleware/version_negotiation.py:70}}
May 19 12:07:11 ubuntu devstack@g-api.service[132574]: [pid: 132574|app: 0|req: 6/10] 127.0.0.1 () {36 vars in 789 bytes} [Thu May 19 12:07:11 2022] GET /v2/images/a6ee314a-db84-4a8b-8384-e2349c99ef76 => generated 976 bytes in 45 msecs (HTTP/1.1 200) 4 headers in 157 bytes (1 switches on core 0)
May 19 12:07:21 ubuntu devstack@g-api.service[132574]: DEBUG dbcounter [-] [132574] Writing DB stats glance:SELECT=10 {{(pid=132574) stat_writer /usr/local/lib/python3.8/dist-packages/dbcounter.py:114}}
May 19 12:08:59 ubuntu devstack@g-api.service[132573]: DEBUG glance.api.middleware.version_negotiation [None req-a89b2301-3cc3-41da-bbe4-d456e403cb6d admin admin] Determining version of request: GET /v1 Accept: application/json {{(pid=132573) process_request /opt/stack/glance/glance/api/middleware/version_negotiation.py:44}}
May 19 12:08:59 ubuntu devstack@g-api.service[132573]: DEBUG glance.api.middleware.version_negotiation [None req-a89b2301-3cc3-41da-bbe4-d456e403cb6d admin admin] Using url versioning {{(pid=132573) process_request /opt/stack/glance/glance/api/middleware/version_negotiation.py:57}}
May 19 12:08:59 ubuntu devstack@g-api.service[132573]: DEBUG glance.api.middleware.version_negotiation [None req-a89b2301-3cc3-41da-bbe4-d456e403cb6d admin admin] Unknown version. Returning version choices. {{(pid=132573) process_request /opt/stack/glance/glance/api/middleware/version_negotiation.py:64}}
May 19 12:08:59 ubuntu devstack@g-api.service[132573]: [pid: 132573|app: 0|req: 5/11] 127.0.0.1 () {38 vars in 685 bytes} [Thu May 19 12:08:59 2022] GET /v1 => generated 1213 bytes in 2 msecs (HTTP/1.1 300) 3 headers in 106 bytes (1 switches on core 0)
May 19 12:11:03 ubuntu devstack@g-api.service[132573]: DEBUG oslo_concurrency.lockutils [-] Acquired lock "glance-cache" {{(pid=132573) lock /usr/local/lib/python3.8/dist-packages/oslo_concurrency/lockutils.py:294}}
May 19 12:11:03 ubuntu devstack@g-api.service[132574]: DEBUG oslo_concurrency.lockutils [-] Acquired lock "glance-cache" {{(pid=132574) lock /usr/local/lib/python3.8/dist-packages/oslo_concurrency/lockutils.py:294}}
May 19 12:11:03 ubuntu devstack@g-api.service[132574]: DEBUG oslo_concurrency.lockutils [-] Acquired external semaphore "glance-cache" {{(pid=132574) lock /usr/local/lib/python3.8/dist-packages/oslo_concurrency/lockutils.py:302}}
May 19 12:11:03 ubuntu devstack@g-api.service[132574]: DEBUG glance.image_cache.prefetcher [-] Nothing to prefetch. {{(pid=132574) run /opt/stack/glance/glance/image_cache/prefetcher.py:79}}
May 19 12:11:03 ubuntu devstack@g-api.service[132574]: DEBUG oslo_concurrency.lockutils [-] Releasing lock "glance-cache" {{(pid=132574) lock /usr/local/lib/python3.8/dist-packages/oslo_concurrency/lockutils.py:312}}
May 19 12:11:03 ubuntu devstack@g-api.service[132573]: DEBUG oslo_concurrency.lockutils [-] Acquired external semaphore "glance-cache" {{(pid=132573) lock /usr/local/lib/python3.8/dist-packages/oslo_concurrency/lockutils.py:302}}
May 19 12:11:03 ubuntu devstack@g-api.service[132573]: DEBUG glance.image_cache.prefetcher [-] Nothing to prefetch. {{(pid=132573) run /opt/stack/glance/glance/image_cache/prefetcher.py:79}}
May 19 12:11:03 ubuntu devstack@g-api.service[132573]: DEBUG oslo_concurrency.lockutils [-] Releasing lock "glance-cache" {{(pid=132573) lock /usr/local/lib/python3.8/dist-packages/oslo_concurrency/lockutils.py:312}}
May 19 12:11:21 ubuntu devstack@g-api.service[132574]: DEBUG glance.api.middleware.version_negotiation [None req-013cc2a6-e001-4d2e-8435-25b46e2aee4f admin admin] Determining version of request: GET /versions Accept: */* {{(pid=132574) process_request /opt/stack/glance/glance/api/middleware/version_negotiation.py:44}}
May 19 12:11:21 ubuntu devstack@g-api.service[132574]: [pid: 132574|app: 0|req: 7/12] 127.0.0.1 () {38 vars in 695 bytes} [Thu May 19 12:11:21 2022] GET /versions => generated 1213 bytes in 3 msecs (HTTP/1.1 200) 3 headers in 92 bytes (1 switches on core 0)
May 19 12:11:21 ubuntu devstack@g-api.service[132573]: DEBUG glance.api.middleware.version_negotiation [None req-a89b2301-3cc3-41da-bbe4-d456e403cb6d admin admin] Determining version of request: GET /v2/schemas/image Accept: */* {{(pid=132573) process_request /opt/stack/glance/glance/api/middleware/version_negotiation.py:44}}
May 19 12:11:21 ubuntu devstack@g-api.service[132573]: DEBUG glance.api.middleware.version_negotiation [None req-a89b2301-3cc3-41da-bbe4-d456e403cb6d admin admin] Using url versioning {{(pid=132573) process_request /opt/stack/glance/glance/api/middleware/version_negotiation.py:57}}
May 19 12:11:21 ubuntu devstack@g-api.service[132573]: DEBUG glance.api.middleware.version_negotiation [None req-a89b2301-3cc3-41da-bbe4-d456e403cb6d admin admin] Matched version: v2 {{(pid=132573) process_request /opt/stack/glance/glance/api/middleware/version_negotiation.py:69}}
May 19 12:11:21 ubuntu devstack@g-api.service[132573]: DEBUG glance.api.middleware.version_negotiation [None req-a89b2301-3cc3-41da-bbe4-d456e403cb6d admin admin] new path /v2/schemas/image {{(pid=132573) process_request /opt/stack/glance/glance/api/middleware/version_negotiation.py:70}}
May 19 12:11:21 ubuntu devstack@g-api.service[132573]: [pid: 132573|app: 0|req: 6/13] 127.0.0.1 () {38 vars in 711 bytes} [Thu May 19 12:11:21 2022] GET /v2/schemas/image => generated 6083 bytes in 179 msecs (HTTP/1.1 200) 4 headers in 158 bytes (1 switches on core 0)
May 19 12:11:21 ubuntu devstack@g-api.service[132574]: DEBUG glance.api.middleware.version_negotiation [None req-013cc2a6-e001-4d2e-8435-25b46e2aee4f admin admin] Determining version of request: GET /v2/schemas/metadefs/namespace Accept: */* {{(pid=132574) process_request /opt/stack/glance/glance/api/middleware/version_negotiation.py:44}}
May 19 12:11:21 ubuntu devstack@g-api.service[132574]: DEBUG glance.api.middleware.version_negotiation [None req-013cc2a6-e001-4d2e-8435-25b46e2aee4f admin admin] Using url versioning {{(pid=132574) process_request /opt/stack/glance/glance/api/middleware/version_negotiation.py:57}}
May 19 12:11:21 ubuntu devstack@g-api.service[132574]: DEBUG glance.api.middleware.version_negotiation [None req-013cc2a6-e001-4d2e-8435-25b46e2aee4f admin admin] Matched version: v2 {{(pid=132574) process_request /opt/stack/glance/glance/api/middleware/version_negotiation.py:69}}
May 19 12:11:21 ubuntu devstack@g-api.service[132574]: DEBUG glance.api.middleware.version_negotiation [None req-013cc2a6-e001-4d2e-8435-25b46e2aee4f admin admin] new path /v2/schemas/metadefs/namespace {{(pid=132574) process_request /opt/stack/glance/glance/api/middleware/version_negotiation.py:70}}
May 19 12:11:21 ubuntu devstack@g-api.service[132574]: [pid: 132574|app: 0|req: 8/14] 127.0.0.1 () {38 vars in 737 bytes} [Thu May 19 12:11:21 2022] GET /v2/schemas/metadefs/namespace => generated 3100 bytes in 11 msecs (HTTP/1.1 200) 4 headers in 158 bytes (1 switches on core 0)
May 19 12:11:21 ubuntu devstack@g-api.service[132573]: DEBUG glance.api.middleware.version_negotiation [None req-42a88976-d940-464f-ab83-eaecf7c54504 admin admin] Determining version of request: GET /v2/schemas/metadefs/resource_type Accept: */* {{(pid=132573) process_request /opt/stack/glance/glance/api/middleware/version_negotiation.py:44}}
May 19 12:11:21 ubuntu devstack@g-api.service[132573]: DEBUG glance.api.middleware.version_negotiation [None req-42a88976-d940-464f-ab83-eaecf7c54504 admin admin] Using url versioning {{(pid=132573) process_request /opt/stack/glance/glance/api/middleware/version_negotiation.py:57}}
May 19 12:11:21 ubuntu devstack@g-api.service[132573]: DEBUG glance.api.middleware.version_negotiation [None req-42a88976-d940-464f-ab83-eaecf7c54504 admin admin] Matched version: v2 {{(pid=132573) process_request /opt/stack/glance/glance/api/middleware/version_negotiation.py:69}}
May 19 12:11:21 ubuntu devstack@g-api.service[132573]: DEBUG glance.api.middleware.version_negotiation [None req-42a88976-d940-464f-ab83-eaecf7c54504 admin admin] new path /v2/schemas/metadefs/resource_type {{(pid=132573) process_request /opt/stack/glance/glance/api/middleware/version_negotiation.py:70}}
May 19 12:11:21 ubuntu devstack@g-api.service[132573]: [pid: 132573|app: 0|req: 7/15] 127.0.0.1 () {38 vars in 745 bytes} [Thu May 19 12:11:21 2022] GET /v2/schemas/metadefs/resource_type => generated 1262 bytes in 8 msecs (HTTP/1.1 200) 4 headers in 158 bytes (1 switches on core 0)
May 19 12:11:21 ubuntu devstack@g-api.service[132574]: DEBUG glance.api.middleware.version_negotiation [None req-54ac6584-e414-4894-9d97-0c886b9ec822 admin admin] Determining version of request: GET /v2/images Accept: */* {{(pid=132574) process_request /opt/stack/glance/glance/api/middleware/version_negotiation.py:44}}
May 19 12:11:21 ubuntu devstack@g-api.service[132574]: DEBUG glance.api.middleware.version_negotiation [None req-54ac6584-e414-4894-9d97-0c886b9ec822 admin admin] Using url versioning {{(pid=132574) process_request /opt/stack/glance/glance/api/middleware/version_negotiation.py:57}}
May 19 12:11:21 ubuntu devstack@g-api.service[132574]: DEBUG glance.api.middleware.version_negotiation [None req-54ac6584-e414-4894-9d97-0c886b9ec822 admin admin] Matched version: v2 {{(pid=132574) process_request /opt/stack/glance/glance/api/middleware/version_negotiation.py:69}}
May 19 12:11:21 ubuntu devstack@g-api.service[132574]: DEBUG glance.api.middleware.version_negotiation [None req-54ac6584-e414-4894-9d97-0c886b9ec822 admin admin] new path /v2/images {{(pid=132574) process_request /opt/stack/glance/glance/api/middleware/version_negotiation.py:70}}
May 19 12:11:21 ubuntu devstack@g-api.service[132574]: [pid: 132574|app: 0|req: 9/16] 127.0.0.1 () {38 vars in 768 bytes} [Thu May 19 12:11:21 2022] GET /v2/images?limit=20&sort_key=name&sort_dir=asc => generated 1081 bytes in 70 msecs (HTTP/1.1 200) 4 headers in 158 bytes (1 switches on core 0)
May 19 12:11:21 ubuntu devstack@g-api.service[132573]: DEBUG glance.api.middleware.version_negotiation [None req-c149f58d-82bb-4a68-8504-cb46a37dff29 admin admin] Determining version of request: GET /v2/schemas/image Accept: */* {{(pid=132573) process_request /opt/stack/glance/glance/api/middleware/version_negotiation.py:44}}
May 19 12:11:21 ubuntu devstack@g-api.service[132573]: DEBUG glance.api.middleware.version_negotiation [None req-c149f58d-82bb-4a68-8504-cb46a37dff29 admin admin] Using url versioning {{(pid=132573) process_request /opt/stack/glance/glance/api/middleware/version_negotiation.py:57}}
May 19 12:11:21 ubuntu devstack@g-api.service[132573]: DEBUG glance.api.middleware.version_negotiation [None req-c149f58d-82bb-4a68-8504-cb46a37dff29 admin admin] Matched version: v2 {{(pid=132573) process_request /opt/stack/glance/glance/api/middleware/version_negotiation.py:69}}
May 19 12:11:21 ubuntu devstack@g-api.service[132573]: DEBUG glance.api.middleware.version_negotiation [None req-c149f58d-82bb-4a68-8504-cb46a37dff29 admin admin] new path /v2/schemas/image {{(pid=132573) process_request /opt/stack/glance/glance/api/middleware/version_negotiation.py:70}}
May 19 12:11:21 ubuntu devstack@g-api.service[132573]: [pid: 132573|app: 0|req: 8/17] 127.0.0.1 () {38 vars in 711 bytes} [Thu May 19 12:11:21 2022] GET /v2/schemas/image => generated 6083 bytes in 8 msecs (HTTP/1.1 200) 4 headers in 158 bytes (1 switches on core 0)
May 19 12:11:30 ubuntu devstack@g-api.service[132574]: DEBUG glance.api.middleware.version_negotiation [None req-a16ed7c1-2a5f-4368-af10-a1fb9bb69569 admin admin] Determining version of request: GET / Accept: application/json {{(pid=132574) process_request /opt/stack/glance/glance/api/middleware/version_negotiation.py:44}}
May 19 12:11:30 ubuntu devstack@g-api.service[132574]: DEBUG glance.api.middleware.version_negotiation [None req-a16ed7c1-2a5f-4368-af10-a1fb9bb69569 admin admin] Using url versioning {{(pid=132574) process_request /opt/stack/glance/glance/api/middleware/version_negotiation.py:57}}
May 19 12:11:30 ubuntu devstack@g-api.service[132574]: DEBUG glance.api.middleware.version_negotiation [None req-a16ed7c1-2a5f-4368-af10-a1fb9bb69569 admin admin] Unknown version. Returning version choices. {{(pid=132574) process_request /opt/stack/glance/glance/api/middleware/version_negotiation.py:64}}
May 19 12:11:30 ubuntu devstack@g-api.service[132574]: [pid: 132574|app: 0|req: 10/18] 127.0.0.1 () {34 vars in 492 bytes} [Thu May 19 12:11:30 2022] GET / => generated 1213 bytes in 6 msecs (HTTP/1.1 300) 3 headers in 106 bytes (1 switches on core 0)
May 19 12:11:30 ubuntu devstack@g-api.service[132573]: DEBUG glance.api.middleware.version_negotiation [None req-d544f249-7799-436c-ad17-5ef7f2cd3131 admin admin] Determining version of request: GET /v2/images/a6ee314a-db84-4a8b-8384-e2349c99ef76 Accept: */* {{(pid=132573) process_request /opt/stack/glance/glance/api/middleware/version_negotiation.py:44}}
May 19 12:11:30 ubuntu devstack@g-api.service[132573]: DEBUG glance.api.middleware.version_negotiation [None req-d544f249-7799-436c-ad17-5ef7f2cd3131 admin admin] Using url versioning {{(pid=132573) process_request /opt/stack/glance/glance/api/middleware/version_negotiation.py:57}}
May 19 12:11:30 ubuntu devstack@g-api.service[132573]: DEBUG glance.api.middleware.version_negotiation [None req-d544f249-7799-436c-ad17-5ef7f2cd3131 admin admin] Matched version: v2 {{(pid=132573) process_request /opt/stack/glance/glance/api/middleware/version_negotiation.py:69}}
May 19 12:11:30 ubuntu devstack@g-api.service[132573]: DEBUG glance.api.middleware.version_negotiation [None req-d544f249-7799-436c-ad17-5ef7f2cd3131 admin admin] new path /v2/images/a6ee314a-db84-4a8b-8384-e2349c99ef76 {{(pid=132573) process_request /opt/stack/glance/glance/api/middleware/version_negotiation.py:70}}
May 19 12:11:30 ubuntu devstack@g-api.service[132573]: WARNING keystonemiddleware.auth_token [None req-d544f249-7799-436c-ad17-5ef7f2cd3131 admin admin] A valid token was submitted as a service token, but it was not a valid service token. This is incorrect but backwards compatible behaviour. This will be removed in future releases.
May 19 12:11:30 ubuntu devstack@g-api.service[132573]: [pid: 132573|app: 0|req: 9/19] 127.0.0.1 () {42 vars in 1049 bytes} [Thu May 19 12:11:30 2022] GET /v2/images/a6ee314a-db84-4a8b-8384-e2349c99ef76 => generated 976 bytes in 96 msecs (HTTP/1.1 200) 4 headers in 157 bytes (1 switches on core 0)
May 19 12:11:30 ubuntu devstack@g-api.service[132574]: DEBUG glance.api.middleware.version_negotiation [None req-a16ed7c1-2a5f-4368-af10-a1fb9bb69569 admin admin] Determining version of request: GET /v2/schemas/image Accept: */* {{(pid=132574) process_request /opt/stack/glance/glance/api/middleware/version_negotiation.py:44}}
May 19 12:11:30 ubuntu devstack@g-api.service[132574]: DEBUG glance.api.middleware.version_negotiation [None req-a16ed7c1-2a5f-4368-af10-a1fb9bb69569 admin admin] Using url versioning {{(pid=132574) process_request /opt/stack/glance/glance/api/middleware/version_negotiation.py:57}}
May 19 12:11:30 ubuntu devstack@g-api.service[132574]: DEBUG glance.api.middleware.version_negotiation [None req-a16ed7c1-2a5f-4368-af10-a1fb9bb69569 admin admin] Matched version: v2 {{(pid=132574) process_request /opt/stack/glance/glance/api/middleware/version_negotiation.py:69}}
May 19 12:11:30 ubuntu devstack@g-api.service[132574]: DEBUG glance.api.middleware.version_negotiation [None req-a16ed7c1-2a5f-4368-af10-a1fb9bb69569 admin admin] new path /v2/schemas/image {{(pid=132574) process_request /opt/stack/glance/glance/api/middleware/version_negotiation.py:70}}
May 19 12:11:30 ubuntu devstack@g-api.service[132574]: WARNING keystonemiddleware.auth_token [None req-a16ed7c1-2a5f-4368-af10-a1fb9bb69569 admin admin] A valid token was submitted as a service token, but it was not a valid service token. This is incorrect but backwards compatible behaviour. This will be removed in future releases.
May 19 12:11:30 ubuntu devstack@g-api.service[132574]: [pid: 132574|app: 0|req: 11/20] 127.0.0.1 () {42 vars in 989 bytes} [Thu May 19 12:11:30 2022] GET /v2/schemas/image => generated 6083 bytes in 8 msecs (HTTP/1.1 200) 4 headers in 158 bytes (1 switches on core 0)
May 19 12:11:31 ubuntu devstack@g-api.service[132574]: DEBUG dbcounter [-] [132574] Writing DB stats glance:SELECT=2 {{(pid=132574) stat_writer /usr/local/lib/python3.8/dist-packages/dbcounter.py:114}}
May 19 12:11:33 ubuntu devstack@g-api.service[132573]: DEBUG glance.api.middleware.version_negotiation [None req-d861d299-f59d-4fc0-aada-05de4210678d tempest-VolumesAdminNegativeTest-566414623 tempest-VolumesAdminNegativeTest-566414623-project] Determining version of request: GET /v2/images/a6ee314a-db84-4a8b-8384-e2349c99ef76 Accept: */* {{(pid=132573) process_request /opt/stack/glance/glance/api/middleware/version_negotiation.py:44}}
May 19 12:11:33 ubuntu devstack@g-api.service[132573]: DEBUG glance.api.middleware.version_negotiation [None req-d861d299-f59d-4fc0-aada-05de4210678d tempest-VolumesAdminNegativeTest-566414623 tempest-VolumesAdminNegativeTest-566414623-project] Using url versioning {{(pid=132573) process_request /opt/stack/glance/glance/api/middleware/version_negotiation.py:57}}
May 19 12:11:33 ubuntu devstack@g-api.service[132573]: DEBUG glance.api.middleware.version_negotiation [None req-d861d299-f59d-4fc0-aada-05de4210678d tempest-VolumesAdminNegativeTest-566414623 tempest-VolumesAdminNegativeTest-566414623-project] Matched version: v2 {{(pid=132573) process_request /opt/stack/glance/glance/api/middleware/version_negotiation.py:69}}
May 19 12:11:33 ubuntu devstack@g-api.service[132573]: DEBUG glance.api.middleware.version_negotiation [None req-d861d299-f59d-4fc0-aada-05de4210678d tempest-VolumesAdminNegativeTest-566414623 tempest-VolumesAdminNegativeTest-566414623-project] new path /v2/images/a6ee314a-db84-4a8b-8384-e2349c99ef76 {{(pid=132573) process_request /opt/stack/glance/glance/api/middleware/version_negotiation.py:70}}
May 19 12:11:33 ubuntu devstack@g-api.service[132573]: [pid: 132573|app: 0|req: 10/21] 127.0.0.1 () {42 vars in 1049 bytes} [Thu May 19 12:11:33 2022] GET /v2/images/a6ee314a-db84-4a8b-8384-e2349c99ef76 => generated 976 bytes in 14 msecs (HTTP/1.1 200) 4 headers in 157 bytes (1 switches on core 0)
May 19 12:11:33 ubuntu devstack@g-api.service[132574]: DEBUG glance.api.middleware.version_negotiation [None req-d861d299-f59d-4fc0-aada-05de4210678d tempest-VolumesAdminNegativeTest-566414623 tempest-VolumesAdminNegativeTest-566414623-project] Determining version of request: GET /v2/images/a6ee314a-db84-4a8b-8384-e2349c99ef76/file Accept: */* {{(pid=132574) process_request /opt/stack/glance/glance/api/middleware/version_negotiation.py:44}}
May 19 12:11:33 ubuntu devstack@g-api.service[132574]: DEBUG glance.api.middleware.version_negotiation [None req-d861d299-f59d-4fc0-aada-05de4210678d tempest-VolumesAdminNegativeTest-566414623 tempest-VolumesAdminNegativeTest-566414623-project] Using url versioning {{(pid=132574) process_request /opt/stack/glance/glance/api/middleware/version_negotiation.py:57}}
May 19 12:11:33 ubuntu devstack@g-api.service[132574]: DEBUG glance.api.middleware.version_negotiation [None req-d861d299-f59d-4fc0-aada-05de4210678d tempest-VolumesAdminNegativeTest-566414623 tempest-VolumesAdminNegativeTest-566414623-project] Matched version: v2 {{(pid=132574) process_request /opt/stack/glance/glance/api/middleware/version_negotiation.py:69}}
May 19 12:11:33 ubuntu devstack@g-api.service[132574]: DEBUG glance.api.middleware.version_negotiation [None req-d861d299-f59d-4fc0-aada-05de4210678d tempest-VolumesAdminNegativeTest-566414623 tempest-VolumesAdminNegativeTest-566414623-project] new path /v2/images/a6ee314a-db84-4a8b-8384-e2349c99ef76/file {{(pid=132574) process_request /opt/stack/glance/glance/api/middleware/version_negotiation.py:70}}
May 19 12:11:33 ubuntu devstack@g-api.service[132574]: DEBUG glance_store.backend [None req-d861d299-f59d-4fc0-aada-05de4210678d tempest-VolumesAdminNegativeTest-566414623 tempest-VolumesAdminNegativeTest-566414623-project] Attempting to import store swift {{(pid=132574) _load_store /usr/local/lib/python3.8/dist-packages/glance_store/backend.py:217}}
May 19 12:11:33 ubuntu devstack@g-api.service[132574]: DEBUG glance_store.capabilities [None req-d861d299-f59d-4fc0-aada-05de4210678d tempest-VolumesAdminNegativeTest-566414623 tempest-VolumesAdminNegativeTest-566414623-project] Store glance_store._drivers.swift.store.SingleTenantStore doesn't support updating dynamic storage capabilities. Please overwrite 'update_capabilities' method of the store to implement updating logics if needed. {{(pid=132574) update_capabilities /usr/local/lib/python3.8/dist-packages/glance_store/capabilities.py:91}}
May 19 12:11:33 ubuntu devstack@g-api.service[132574]: DEBUG glance_store.driver [None req-d861d299-f59d-4fc0-aada-05de4210678d tempest-VolumesAdminNegativeTest-566414623 tempest-VolumesAdminNegativeTest-566414623-project] Late loading location class glance_store._drivers.swift.store.StoreLocation {{(pid=132574) get_store_location_class /usr/local/lib/python3.8/dist-packages/glance_store/driver.py:117}}
May 19 12:11:33 ubuntu devstack@g-api.service[132574]: DEBUG glance_store.location [None req-d861d299-f59d-4fc0-aada-05de4210678d tempest-VolumesAdminNegativeTest-566414623 tempest-VolumesAdminNegativeTest-566414623-project] Registering scheme swift+https with {'store': <glance_store._drivers.swift.store.SingleTenantStore object at 0x7f98269ac790>, 'location_class': <class 'glance_store._drivers.swift.store.StoreLocation'>, 'store_entry': 'swift'} {{(pid=132574) register_scheme_map /usr/local/lib/python3.8/dist-packages/glance_store/location.py:146}}
May 19 12:11:33 ubuntu devstack@g-api.service[132574]: DEBUG glance_store.location [None req-d861d299-f59d-4fc0-aada-05de4210678d tempest-VolumesAdminNegativeTest-566414623 tempest-VolumesAdminNegativeTest-566414623-project] Registering scheme swift+https with {'store': <glance_store._drivers.swift.store.SingleTenantStore object at 0x7f98269ac790>, 'location_class': <class 'glance_store._drivers.swift.store.StoreLocation'>, 'store_entry': 'swift'} {{(pid=132574) register_scheme_map /usr/local/lib/python3.8/dist-packages/glance_store/location.py:146}}
May 19 12:11:33 ubuntu devstack@g-api.service[132574]: DEBUG glance_store.location [None req-d861d299-f59d-4fc0-aada-05de4210678d tempest-VolumesAdminNegativeTest-566414623 tempest-VolumesAdminNegativeTest-566414623-project] Registering scheme swift with {'store': <glance_store._drivers.swift.store.SingleTenantStore object at 0x7f98269ac790>, 'location_class': <class 'glance_store._drivers.swift.store.StoreLocation'>, 'store_entry': 'swift'} {{(pid=132574) register_scheme_map /usr/local/lib/python3.8/dist-packages/glance_store/location.py:146}}
May 19 12:11:33 ubuntu devstack@g-api.service[132574]: DEBUG glance_store.location [None req-d861d299-f59d-4fc0-aada-05de4210678d tempest-VolumesAdminNegativeTest-566414623 tempest-VolumesAdminNegativeTest-566414623-project] Registering scheme swift+https with {'store': <glance_store._drivers.swift.store.SingleTenantStore object at 0x7f98269ac790>, 'location_class': <class 'glance_store._drivers.swift.store.StoreLocation'>, 'store_entry': 'swift'} {{(pid=132574) register_scheme_map /usr/local/lib/python3.8/dist-packages/glance_store/location.py:146}}
May 19 12:11:33 ubuntu devstack@g-api.service[132574]: DEBUG glance_store.location [None req-d861d299-f59d-4fc0-aada-05de4210678d tempest-VolumesAdminNegativeTest-566414623 tempest-VolumesAdminNegativeTest-566414623-project] Registering scheme swift with {'store': <glance_store._drivers.swift.store.SingleTenantStore object at 0x7f98269ac790>, 'location_class': <class 'glance_store._drivers.swift.store.StoreLocation'>, 'store_entry': 'swift'} {{(pid=132574) register_scheme_map /usr/local/lib/python3.8/dist-packages/glance_store/location.py:146}}
May 19 12:11:33 ubuntu devstack@g-api.service[132574]: DEBUG glance_store.location [None req-d861d299-f59d-4fc0-aada-05de4210678d tempest-VolumesAdminNegativeTest-566414623 tempest-VolumesAdminNegativeTest-566414623-project] Registering scheme swift+http with {'store': <glance_store._drivers.swift.store.SingleTenantStore object at 0x7f98269ac790>, 'location_class': <class 'glance_store._drivers.swift.store.StoreLocation'>, 'store_entry': 'swift'} {{(pid=132574) register_scheme_map /usr/local/lib/python3.8/dist-packages/glance_store/location.py:146}}
May 19 12:11:33 ubuntu devstack@g-api.service[132574]: DEBUG glance_store.location [None req-d861d299-f59d-4fc0-aada-05de4210678d tempest-VolumesAdminNegativeTest-566414623 tempest-VolumesAdminNegativeTest-566414623-project] Registering scheme swift+https with {'store': <glance_store._drivers.swift.store.SingleTenantStore object at 0x7f98269ac790>, 'location_class': <class 'glance_store._drivers.swift.store.StoreLocation'>, 'store_entry': 'swift'} {{(pid=132574) register_scheme_map /usr/local/lib/python3.8/dist-packages/glance_store/location.py:146}}
May 19 12:11:33 ubuntu devstack@g-api.service[132574]: DEBUG glance_store.location [None req-d861d299-f59d-4fc0-aada-05de4210678d tempest-VolumesAdminNegativeTest-566414623 tempest-VolumesAdminNegativeTest-566414623-project] Registering scheme swift with {'store': <glance_store._drivers.swift.store.SingleTenantStore object at 0x7f98269ac790>, 'location_class': <class 'glance_store._drivers.swift.store.StoreLocation'>, 'store_entry': 'swift'} {{(pid=132574) register_scheme_map /usr/local/lib/python3.8/dist-packages/glance_store/location.py:146}}
May 19 12:11:33 ubuntu devstack@g-api.service[132574]: DEBUG glance_store.location [None req-d861d299-f59d-4fc0-aada-05de4210678d tempest-VolumesAdminNegativeTest-566414623 tempest-VolumesAdminNegativeTest-566414623-project] Registering scheme swift+http with {'store': <glance_store._drivers.swift.store.SingleTenantStore object at 0x7f98269ac790>, 'location_class': <class 'glance_store._drivers.swift.store.StoreLocation'>, 'store_entry': 'swift'} {{(pid=132574) register_scheme_map /usr/local/lib/python3.8/dist-packages/glance_store/location.py:146}}
May 19 12:11:33 ubuntu devstack@g-api.service[132574]: DEBUG glance_store.location [None req-d861d299-f59d-4fc0-aada-05de4210678d tempest-VolumesAdminNegativeTest-566414623 tempest-VolumesAdminNegativeTest-566414623-project] Registering scheme swift+config with {'store': <glance_store._drivers.swift.store.SingleTenantStore object at 0x7f98269ac790>, 'location_class': <class 'glance_store._drivers.swift.store.StoreLocation'>, 'store_entry': 'swift'} {{(pid=132574) register_scheme_map /usr/local/lib/python3.8/dist-packages/glance_store/location.py:146}}
May 19 12:11:33 ubuntu devstack@g-api.service[132574]: DEBUG swiftclient [None req-d861d299-f59d-4fc0-aada-05de4210678d tempest-VolumesAdminNegativeTest-566414623 tempest-VolumesAdminNegativeTest-566414623-project] REQ: curl -i http://192.168.79.40:8080/v1/AUTH_4a54313e12344b8bbfc4d5604d69bc0e/glance/a6ee314a-db84-4a8b-8384-e2349c99ef76 -X GET -H "X-Auth-Token: gAAAAABihjP1Hggf..." {{(pid=132574) http_log /usr/local/lib/python3.8/dist-packages/swiftclient/client.py:187}}
May 19 12:11:33 ubuntu devstack@g-api.service[132574]: DEBUG swiftclient [None req-d861d299-f59d-4fc0-aada-05de4210678d tempest-VolumesAdminNegativeTest-566414623 tempest-VolumesAdminNegativeTest-566414623-project] RESP STATUS: 200 OK {{(pid=132574) http_log /usr/local/lib/python3.8/dist-packages/swiftclient/client.py:188}}
May 19 12:11:33 ubuntu devstack@g-api.service[132574]: DEBUG swiftclient [None req-d861d299-f59d-4fc0-aada-05de4210678d tempest-VolumesAdminNegativeTest-566414623 tempest-VolumesAdminNegativeTest-566414623-project] RESP HEADERS: {'Content-Type': 'application/octet-stream', 'Etag': '1d3062cd89af34e419f7100277f38b2b', 'Last-Modified': 'Thu, 19 May 2022 12:06:15 GMT', 'X-Timestamp': '1652961974.38831', 'Accept-Ranges': 'bytes', 'Content-Length': '16338944', 'X-Trans-Id': 'tx42bb5f2f51fd4d40809c4-00628633f5', 'X-Openstack-Request-Id': 'tx42bb5f2f51fd4d40809c4-00628633f5', 'Date': 'Thu, 19 May 2022 12:11:33 GMT'} {{(pid=132574) http_log /usr/local/lib/python3.8/dist-packages/swiftclient/client.py:189}}
May 19 12:11:33 ubuntu devstack@g-api.service[132574]: DEBUG glance.image_cache [None req-d861d299-f59d-4fc0-aada-05de4210678d tempest-VolumesAdminNegativeTest-566414623 tempest-VolumesAdminNegativeTest-566414623-project] Tee'ing image 'a6ee314a-db84-4a8b-8384-e2349c99ef76' into cache {{(pid=132574) get_caching_iter /opt/stack/glance/glance/image_cache/__init__.py:343}}
May 19 12:11:34 ubuntu devstack@g-api.service[132574]: DEBUG glance.image_cache.drivers.sqlite [None req-d861d299-f59d-4fc0-aada-05de4210678d tempest-VolumesAdminNegativeTest-566414623 tempest-VolumesAdminNegativeTest-566414623-project] Fetch finished, moving '/opt/stack/data/glance/cache/incomplete/a6ee314a-db84-4a8b-8384-e2349c99ef76' to '/opt/stack/data/glance/cache/a6ee314a-db84-4a8b-8384-e2349c99ef76' {{(pid=132574) commit /opt/stack/glance/glance/image_cache/drivers/sqlite.py:324}}
May 19 12:11:34 ubuntu devstack@g-api.service[132574]: [pid: 132574|app: 0|req: 12/22] 127.0.0.1 () {42 vars in 1059 bytes} [Thu May 19 12:11:33 2022] GET /v2/images/a6ee314a-db84-4a8b-8384-e2349c99ef76/file => generated 16338944 bytes in 453 msecs (HTTP/1.1 200) 4 headers in 191 bytes (250 switches on core 0)
May 19 12:11:43 ubuntu devstack@g-api.service[132573]: DEBUG dbcounter [-] [132573] Writing DB stats glance:SELECT=8 {{(pid=132573) stat_writer /usr/local/lib/python3.8/dist-packages/dbcounter.py:114}}
May 19 12:11:43 ubuntu devstack@g-api.service[132574]: DEBUG dbcounter [-] [132574] Writing DB stats glance:SELECT=8 {{(pid=132574) stat_writer /usr/local/lib/python3.8/dist-packages/dbcounter.py:114}}
May 19 12:12:09 ubuntu devstack@g-api.service[132573]: DEBUG glance.api.middleware.version_negotiation [None req-d861d299-f59d-4fc0-aada-05de4210678d tempest-VolumesAdminNegativeTest-566414623 tempest-VolumesAdminNegativeTest-566414623-project] Determining version of request: GET / Accept: application/json {{(pid=132573) process_request /opt/stack/glance/glance/api/middleware/version_negotiation.py:44}}
May 19 12:12:09 ubuntu devstack@g-api.service[132573]: DEBUG glance.api.middleware.version_negotiation [None req-d861d299-f59d-4fc0-aada-05de4210678d tempest-VolumesAdminNegativeTest-566414623 tempest-VolumesAdminNegativeTest-566414623-project] Using url versioning {{(pid=132573) process_request /opt/stack/glance/glance/api/middleware/version_negotiation.py:57}}
May 19 12:12:09 ubuntu devstack@g-api.service[132573]: DEBUG glance.api.middleware.version_negotiation [None req-d861d299-f59d-4fc0-aada-05de4210678d tempest-VolumesAdminNegativeTest-566414623 tempest-VolumesAdminNegativeTest-566414623-project] Unknown version. Returning version choices. {{(pid=132573) process_request /opt/stack/glance/glance/api/middleware/version_negotiation.py:64}}
May 19 12:12:09 ubuntu devstack@g-api.service[132573]: [pid: 132573|app: 0|req: 11/23] 127.0.0.1 () {34 vars in 492 bytes} [Thu May 19 12:12:09 2022] GET / => generated 1213 bytes in 2 msecs (HTTP/1.1 300) 3 headers in 106 bytes (1 switches on core 0)
May 19 12:12:09 ubuntu devstack@g-api.service[132574]: DEBUG glance.api.middleware.version_negotiation [None req-d861d299-f59d-4fc0-aada-05de4210678d tempest-VolumesAdminNegativeTest-566414623 tempest-VolumesAdminNegativeTest-566414623-project] Determining version of request: GET /v2/images/a6ee314a-db84-4a8b-8384-e2349c99ef76 Accept: */* {{(pid=132574) process_request /opt/stack/glance/glance/api/middleware/version_negotiation.py:44}}
May 19 12:12:09 ubuntu devstack@g-api.service[132574]: DEBUG glance.api.middleware.version_negotiation [None req-d861d299-f59d-4fc0-aada-05de4210678d tempest-VolumesAdminNegativeTest-566414623 tempest-VolumesAdminNegativeTest-566414623-project] Using url versioning {{(pid=132574) process_request /opt/stack/glance/glance/api/middleware/version_negotiation.py:57}}
May 19 12:12:09 ubuntu devstack@g-api.service[132574]: DEBUG glance.api.middleware.version_negotiation [None req-d861d299-f59d-4fc0-aada-05de4210678d tempest-VolumesAdminNegativeTest-566414623 tempest-VolumesAdminNegativeTest-566414623-project] Matched version: v2 {{(pid=132574) process_request /opt/stack/glance/glance/api/middleware/version_negotiation.py:69}}
May 19 12:12:09 ubuntu devstack@g-api.service[132574]: DEBUG glance.api.middleware.version_negotiation [None req-d861d299-f59d-4fc0-aada-05de4210678d tempest-VolumesAdminNegativeTest-566414623 tempest-VolumesAdminNegativeTest-566414623-project] new path /v2/images/a6ee314a-db84-4a8b-8384-e2349c99ef76 {{(pid=132574) process_request /opt/stack/glance/glance/api/middleware/version_negotiation.py:70}}
May 19 12:12:09 ubuntu devstack@g-api.service[132574]: [pid: 132574|app: 0|req: 13/24] 127.0.0.1 () {42 vars in 1049 bytes} [Thu May 19 12:12:09 2022] GET /v2/images/a6ee314a-db84-4a8b-8384-e2349c99ef76 => generated 976 bytes in 23 msecs (HTTP/1.1 200) 4 headers in 157 bytes (1 switches on core 0)
May 19 12:12:09 ubuntu devstack@g-api.service[132573]: DEBUG glance.api.middleware.version_negotiation [None req-d861d299-f59d-4fc0-aada-05de4210678d tempest-VolumesAdminNegativeTest-566414623 tempest-VolumesAdminNegativeTest-566414623-project] Determining version of request: GET /v2/schemas/image Accept: */* {{(pid=132573) process_request /opt/stack/glance/glance/api/middleware/version_negotiation.py:44}}
May 19 12:12:09 ubuntu devstack@g-api.service[132573]: DEBUG glance.api.middleware.version_negotiation [None req-d861d299-f59d-4fc0-aada-05de4210678d tempest-VolumesAdminNegativeTest-566414623 tempest-VolumesAdminNegativeTest-566414623-project] Using url versioning {{(pid=132573) process_request /opt/stack/glance/glance/api/middleware/version_negotiation.py:57}}
May 19 12:12:09 ubuntu devstack@g-api.service[132573]: DEBUG glance.api.middleware.version_negotiation [None req-d861d299-f59d-4fc0-aada-05de4210678d tempest-VolumesAdminNegativeTest-566414623 tempest-VolumesAdminNegativeTest-566414623-project] Matched version: v2 {{(pid=132573) process_request /opt/stack/glance/glance/api/middleware/version_negotiation.py:69}}
May 19 12:12:09 ubuntu devstack@g-api.service[132573]: DEBUG glance.api.middleware.version_negotiation [None req-d861d299-f59d-4fc0-aada-05de4210678d tempest-VolumesAdminNegativeTest-566414623 tempest-VolumesAdminNegativeTest-566414623-project] new path /v2/schemas/image {{(pid=132573) process_request /opt/stack/glance/glance/api/middleware/version_negotiation.py:70}}
May 19 12:12:09 ubuntu devstack@g-api.service[132573]: [pid: 132573|app: 0|req: 12/25] 127.0.0.1 () {42 vars in 989 bytes} [Thu May 19 12:12:09 2022] GET /v2/schemas/image => generated 6083 bytes in 10 msecs (HTTP/1.1 200) 4 headers in 158 bytes (1 switches on core 0)
May 19 12:12:19 ubuntu devstack@g-api.service[132574]: DEBUG dbcounter [-] [132574] Writing DB stats glance:SELECT=4 {{(pid=132574) stat_writer /usr/local/lib/python3.8/dist-packages/dbcounter.py:114}}
May 19 12:12:34 ubuntu devstack@g-api.service[132574]: DEBUG glance.api.middleware.version_negotiation [None req-501000a5-2617-484c-a012-2db23cdca91b tempest-DeleteServersTestJSON-561577448 tempest-DeleteServersTestJSON-561577448-project] Determining version of request: GET /v2/images/a6ee314a-db84-4a8b-8384-e2349c99ef76 Accept: */* {{(pid=132574) process_request /opt/stack/glance/glance/api/middleware/version_negotiation.py:44}}
