Apr 06 15:37:04 ubuntu devstack@g-api.service[138167]: DEBUG glance_store.location [None req-9078440a-1a04-4653-b8eb-8b149e4d1243 admin admin] Registering scheme swift+https with {'store': <glance_store._drivers.swift.store.SingleTenantStore object at 0x7f37c288d610>, 'location_class': <class 'glance_store._drivers.swift.store.StoreLocation'>, 'store_entry': 'swift'} {{(pid=138167) register_scheme_map /usr/local/lib/python3.8/dist-packages/glance_store/location.py:146}}
Apr 06 15:37:04 ubuntu devstack@g-api.service[138167]: DEBUG glance_store.location [None req-9078440a-1a04-4653-b8eb-8b149e4d1243 admin admin] Registering scheme swift+https with {'store': <glance_store._drivers.swift.store.SingleTenantStore object at 0x7f37c288d610>, 'location_class': <class 'glance_store._drivers.swift.store.StoreLocation'>, 'store_entry': 'swift'} {{(pid=138167) register_scheme_map /usr/local/lib/python3.8/dist-packages/glance_store/location.py:146}}
Apr 06 15:37:04 ubuntu devstack@g-api.service[138167]: DEBUG glance_store.location [None req-9078440a-1a04-4653-b8eb-8b149e4d1243 admin admin] Registering scheme swift with {'store': <glance_store._drivers.swift.store.SingleTenantStore object at 0x7f37c288d610>, 'location_class': <class 'glance_store._drivers.swift.store.StoreLocation'>, 'store_entry': 'swift'} {{(pid=138167) register_scheme_map /usr/local/lib/python3.8/dist-packages/glance_store/location.py:146}}
Apr 06 15:37:04 ubuntu devstack@g-api.service[138167]: DEBUG glance_store.location [None req-9078440a-1a04-4653-b8eb-8b149e4d1243 admin admin] Registering scheme swift+https with {'store': <glance_store._drivers.swift.store.SingleTenantStore object at 0x7f37c288d610>, 'location_class': <class 'glance_store._drivers.swift.store.StoreLocation'>, 'store_entry': 'swift'} {{(pid=138167) register_scheme_map /usr/local/lib/python3.8/dist-packages/glance_store/location.py:146}}
Apr 06 15:37:04 ubuntu devstack@g-api.service[138167]: DEBUG glance_store.location [None req-9078440a-1a04-4653-b8eb-8b149e4d1243 admin admin] Registering scheme swift with {'store': <glance_store._drivers.swift.store.SingleTenantStore object at 0x7f37c288d610>, 'location_class': <class 'glance_store._drivers.swift.store.StoreLocation'>, 'store_entry': 'swift'} {{(pid=138167) register_scheme_map /usr/local/lib/python3.8/dist-packages/glance_store/location.py:146}}
Apr 06 15:37:04 ubuntu devstack@g-api.service[138167]: DEBUG glance_store.location [None req-9078440a-1a04-4653-b8eb-8b149e4d1243 admin admin] Registering scheme swift+http with {'store': <glance_store._drivers.swift.store.SingleTenantStore object at 0x7f37c288d610>, 'location_class': <class 'glance_store._drivers.swift.store.StoreLocation'>, 'store_entry': 'swift'} {{(pid=138167) register_scheme_map /usr/local/lib/python3.8/dist-packages/glance_store/location.py:146}}
Apr 06 15:37:04 ubuntu devstack@g-api.service[138167]: DEBUG glance_store.location [None req-9078440a-1a04-4653-b8eb-8b149e4d1243 admin admin] Registering scheme swift+https with {'store': <glance_store._drivers.swift.store.SingleTenantStore object at 0x7f37c288d610>, 'location_class': <class 'glance_store._drivers.swift.store.StoreLocation'>, 'store_entry': 'swift'} {{(pid=138167) register_scheme_map /usr/local/lib/python3.8/dist-packages/glance_store/location.py:146}}
Apr 06 15:37:04 ubuntu devstack@g-api.service[138167]: DEBUG glance_store.location [None req-9078440a-1a04-4653-b8eb-8b149e4d1243 admin admin] Registering scheme swift with {'store': <glance_store._drivers.swift.store.SingleTenantStore object at 0x7f37c288d610>, 'location_class': <class 'glance_store._drivers.swift.store.StoreLocation'>, 'store_entry': 'swift'} {{(pid=138167) register_scheme_map /usr/local/lib/python3.8/dist-packages/glance_store/location.py:146}}
Apr 06 15:37:04 ubuntu devstack@g-api.service[138167]: DEBUG glance_store.location [None req-9078440a-1a04-4653-b8eb-8b149e4d1243 admin admin] Registering scheme swift+http with {'store': <glance_store._drivers.swift.store.SingleTenantStore object at 0x7f37c288d610>, 'location_class': <class 'glance_store._drivers.swift.store.StoreLocation'>, 'store_entry': 'swift'} {{(pid=138167) register_scheme_map /usr/local/lib/python3.8/dist-packages/glance_store/location.py:146}}
Apr 06 15:37:04 ubuntu devstack@g-api.service[138167]: DEBUG glance_store.location [None req-9078440a-1a04-4653-b8eb-8b149e4d1243 admin admin] Registering scheme swift+config with {'store': <glance_store._drivers.swift.store.SingleTenantStore object at 0x7f37c288d610>, 'location_class': <class 'glance_store._drivers.swift.store.StoreLocation'>, 'store_entry': 'swift'} {{(pid=138167) register_scheme_map /usr/local/lib/python3.8/dist-packages/glance_store/location.py:146}}
Apr 06 15:37:04 ubuntu devstack@g-api.service[138167]: DEBUG glance_store.backend [None req-9078440a-1a04-4653-b8eb-8b149e4d1243 admin admin] Skipping store.set_acls... not implemented. {{(pid=138167) set_acls /usr/local/lib/python3.8/dist-packages/glance_store/backend.py:509}}
Apr 06 15:37:04 ubuntu devstack@g-api.service[138167]: [pid: 138167|app: 0|req: 3/4] 127.0.0.1 () {40 vars in 862 bytes} [Wed Apr  6 15:37:02 2022] PUT /v2/images/5dffc56e-7015-488b-a947-1df1e125bb69/file => generated 0 bytes in 2268 msecs (HTTP/1.1 204) 4 headers in 171 bytes (1 switches on core 0)
Apr 06 15:37:50 ubuntu devstack@g-api.service[138166]: DEBUG glance.api.middleware.version_negotiation [None req-94a9dc6f-4fed-40a5-b18e-8650c8368ea1 admin admin] Determining version of request: GET / Accept: application/json {{(pid=138166) process_request /opt/stack/glance/glance/api/middleware/version_negotiation.py:44}}
Apr 06 15:37:50 ubuntu devstack@g-api.service[138166]: DEBUG glance.api.middleware.version_negotiation [None req-94a9dc6f-4fed-40a5-b18e-8650c8368ea1 admin admin] Using url versioning {{(pid=138166) process_request /opt/stack/glance/glance/api/middleware/version_negotiation.py:57}}
Apr 06 15:37:50 ubuntu devstack@g-api.service[138166]: DEBUG glance.api.middleware.version_negotiation [None req-94a9dc6f-4fed-40a5-b18e-8650c8368ea1 admin admin] Unknown version. Returning version choices. {{(pid=138166) process_request /opt/stack/glance/glance/api/middleware/version_negotiation.py:64}}
Apr 06 15:37:50 ubuntu devstack@g-api.service[138166]: [pid: 138166|app: 0|req: 2/5] 127.0.0.1 () {34 vars in 506 bytes} [Wed Apr  6 15:37:50 2022] GET / => generated 1213 bytes in 3 msecs (HTTP/1.1 300) 3 headers in 106 bytes (1 switches on core 0)
Apr 06 15:37:50 ubuntu devstack@g-api.service[138167]: DEBUG glance.api.middleware.version_negotiation [None req-9078440a-1a04-4653-b8eb-8b149e4d1243 admin admin] Determining version of request: GET /v2/images Accept: application/json {{(pid=138167) process_request /opt/stack/glance/glance/api/middleware/version_negotiation.py:44}}
Apr 06 15:37:50 ubuntu devstack@g-api.service[138167]: DEBUG glance.api.middleware.version_negotiation [None req-9078440a-1a04-4653-b8eb-8b149e4d1243 admin admin] Using url versioning {{(pid=138167) process_request /opt/stack/glance/glance/api/middleware/version_negotiation.py:57}}
Apr 06 15:37:50 ubuntu devstack@g-api.service[138167]: DEBUG glance.api.middleware.version_negotiation [None req-9078440a-1a04-4653-b8eb-8b149e4d1243 admin admin] Matched version: v2 {{(pid=138167) process_request /opt/stack/glance/glance/api/middleware/version_negotiation.py:69}}
Apr 06 15:37:50 ubuntu devstack@g-api.service[138167]: DEBUG glance.api.middleware.version_negotiation [None req-9078440a-1a04-4653-b8eb-8b149e4d1243 admin admin] new path /v2/images {{(pid=138167) process_request /opt/stack/glance/glance/api/middleware/version_negotiation.py:70}}
Apr 06 15:37:50 ubuntu devstack@g-api.service[138167]: [pid: 138167|app: 0|req: 4/6] 127.0.0.1 () {36 vars in 728 bytes} [Wed Apr  6 15:37:50 2022] GET /v2/images => generated 1045 bytes in 131 msecs (HTTP/1.1 200) 4 headers in 158 bytes (1 switches on core 0)
Apr 06 15:37:56 ubuntu devstack@g-api.service[138166]: DEBUG glance.api.middleware.version_negotiation [None req-94a9dc6f-4fed-40a5-b18e-8650c8368ea1 admin admin] Determining version of request: GET / Accept: application/json {{(pid=138166) process_request /opt/stack/glance/glance/api/middleware/version_negotiation.py:44}}
Apr 06 15:37:56 ubuntu devstack@g-api.service[138166]: DEBUG glance.api.middleware.version_negotiation [None req-94a9dc6f-4fed-40a5-b18e-8650c8368ea1 admin admin] Using url versioning {{(pid=138166) process_request /opt/stack/glance/glance/api/middleware/version_negotiation.py:57}}
Apr 06 15:37:56 ubuntu devstack@g-api.service[138166]: DEBUG glance.api.middleware.version_negotiation [None req-94a9dc6f-4fed-40a5-b18e-8650c8368ea1 admin admin] Unknown version. Returning version choices. {{(pid=138166) process_request /opt/stack/glance/glance/api/middleware/version_negotiation.py:64}}
Apr 06 15:37:56 ubuntu devstack@g-api.service[138166]: [pid: 138166|app: 0|req: 3/7] 127.0.0.1 () {34 vars in 506 bytes} [Wed Apr  6 15:37:56 2022] GET / => generated 1213 bytes in 3 msecs (HTTP/1.1 300) 3 headers in 106 bytes (1 switches on core 0)
Apr 06 15:37:56 ubuntu devstack@g-api.service[138167]: DEBUG glance.api.middleware.version_negotiation [None req-94f9bebb-df52-43d0-aecd-8dbc03562a9f admin admin] Determining version of request: GET /v2/images/5dffc56e-7015-488b-a947-1df1e125bb69 Accept: */* {{(pid=138167) process_request /opt/stack/glance/glance/api/middleware/version_negotiation.py:44}}
Apr 06 15:37:56 ubuntu devstack@g-api.service[138167]: DEBUG glance.api.middleware.version_negotiation [None req-94f9bebb-df52-43d0-aecd-8dbc03562a9f admin admin] Using url versioning {{(pid=138167) process_request /opt/stack/glance/glance/api/middleware/version_negotiation.py:57}}
Apr 06 15:37:56 ubuntu devstack@g-api.service[138167]: DEBUG glance.api.middleware.version_negotiation [None req-94f9bebb-df52-43d0-aecd-8dbc03562a9f admin admin] Matched version: v2 {{(pid=138167) process_request /opt/stack/glance/glance/api/middleware/version_negotiation.py:69}}
Apr 06 15:37:56 ubuntu devstack@g-api.service[138167]: DEBUG glance.api.middleware.version_negotiation [None req-94f9bebb-df52-43d0-aecd-8dbc03562a9f admin admin] new path /v2/images/5dffc56e-7015-488b-a947-1df1e125bb69 {{(pid=138167) process_request /opt/stack/glance/glance/api/middleware/version_negotiation.py:70}}
Apr 06 15:37:56 ubuntu devstack@g-api.service[138167]: [pid: 138167|app: 0|req: 5/8] 127.0.0.1 () {36 vars in 789 bytes} [Wed Apr  6 15:37:56 2022] GET /v2/images/5dffc56e-7015-488b-a947-1df1e125bb69 => generated 976 bytes in 60 msecs (HTTP/1.1 200) 4 headers in 157 bytes (1 switches on core 0)
Apr 06 15:38:00 ubuntu devstack@g-api.service[138166]: DEBUG glance.api.middleware.version_negotiation [None req-94a9dc6f-4fed-40a5-b18e-8650c8368ea1 admin admin] Determining version of request: GET / Accept: application/json {{(pid=138166) process_request /opt/stack/glance/glance/api/middleware/version_negotiation.py:44}}
Apr 06 15:38:00 ubuntu devstack@g-api.service[138166]: DEBUG glance.api.middleware.version_negotiation [None req-94a9dc6f-4fed-40a5-b18e-8650c8368ea1 admin admin] Using url versioning {{(pid=138166) process_request /opt/stack/glance/glance/api/middleware/version_negotiation.py:57}}
Apr 06 15:38:00 ubuntu devstack@g-api.service[138166]: DEBUG glance.api.middleware.version_negotiation [None req-94a9dc6f-4fed-40a5-b18e-8650c8368ea1 admin admin] Unknown version. Returning version choices. {{(pid=138166) process_request /opt/stack/glance/glance/api/middleware/version_negotiation.py:64}}
Apr 06 15:38:00 ubuntu devstack@g-api.service[138166]: [pid: 138166|app: 0|req: 4/9] 127.0.0.1 () {34 vars in 506 bytes} [Wed Apr  6 15:38:00 2022] GET / => generated 1213 bytes in 2 msecs (HTTP/1.1 300) 3 headers in 106 bytes (1 switches on core 0)
Apr 06 15:38:00 ubuntu devstack@g-api.service[138167]: DEBUG glance.api.middleware.version_negotiation [None req-3e444932-8083-443b-be48-c2b0c28792eb admin admin] Determining version of request: GET /v2/images/5dffc56e-7015-488b-a947-1df1e125bb69 Accept: */* {{(pid=138167) process_request /opt/stack/glance/glance/api/middleware/version_negotiation.py:44}}
Apr 06 15:38:00 ubuntu devstack@g-api.service[138167]: DEBUG glance.api.middleware.version_negotiation [None req-3e444932-8083-443b-be48-c2b0c28792eb admin admin] Using url versioning {{(pid=138167) process_request /opt/stack/glance/glance/api/middleware/version_negotiation.py:57}}
Apr 06 15:38:00 ubuntu devstack@g-api.service[138167]: DEBUG glance.api.middleware.version_negotiation [None req-3e444932-8083-443b-be48-c2b0c28792eb admin admin] Matched version: v2 {{(pid=138167) process_request /opt/stack/glance/glance/api/middleware/version_negotiation.py:69}}
Apr 06 15:38:00 ubuntu devstack@g-api.service[138167]: DEBUG glance.api.middleware.version_negotiation [None req-3e444932-8083-443b-be48-c2b0c28792eb admin admin] new path /v2/images/5dffc56e-7015-488b-a947-1df1e125bb69 {{(pid=138167) process_request /opt/stack/glance/glance/api/middleware/version_negotiation.py:70}}
Apr 06 15:38:00 ubuntu devstack@g-api.service[138167]: [pid: 138167|app: 0|req: 6/10] 127.0.0.1 () {36 vars in 789 bytes} [Wed Apr  6 15:38:00 2022] GET /v2/images/5dffc56e-7015-488b-a947-1df1e125bb69 => generated 976 bytes in 48 msecs (HTTP/1.1 200) 4 headers in 157 bytes (1 switches on core 0)
Apr 06 15:40:35 ubuntu devstack@g-api.service[138166]: DEBUG glance.api.middleware.version_negotiation [None req-94a9dc6f-4fed-40a5-b18e-8650c8368ea1 admin admin] Determining version of request: GET /v1 Accept: application/json {{(pid=138166) process_request /opt/stack/glance/glance/api/middleware/version_negotiation.py:44}}
Apr 06 15:40:35 ubuntu devstack@g-api.service[138166]: DEBUG glance.api.middleware.version_negotiation [None req-94a9dc6f-4fed-40a5-b18e-8650c8368ea1 admin admin] Using url versioning {{(pid=138166) process_request /opt/stack/glance/glance/api/middleware/version_negotiation.py:57}}
Apr 06 15:40:35 ubuntu devstack@g-api.service[138166]: DEBUG glance.api.middleware.version_negotiation [None req-94a9dc6f-4fed-40a5-b18e-8650c8368ea1 admin admin] Unknown version. Returning version choices. {{(pid=138166) process_request /opt/stack/glance/glance/api/middleware/version_negotiation.py:64}}
Apr 06 15:40:35 ubuntu devstack@g-api.service[138166]: [pid: 138166|app: 0|req: 5/11] 127.0.0.1 () {38 vars in 685 bytes} [Wed Apr  6 15:40:35 2022] GET /v1 => generated 1213 bytes in 9 msecs (HTTP/1.1 300) 3 headers in 106 bytes (1 switches on core 0)
Apr 06 15:41:52 ubuntu devstack@g-api.service[138167]: DEBUG oslo_concurrency.lockutils [-] Acquired lock "glance-cache" {{(pid=138167) lock /usr/local/lib/python3.8/dist-packages/oslo_concurrency/lockutils.py:294}}
Apr 06 15:41:52 ubuntu devstack@g-api.service[138167]: DEBUG oslo_concurrency.lockutils [-] Acquired external semaphore "glance-cache" {{(pid=138167) lock /usr/local/lib/python3.8/dist-packages/oslo_concurrency/lockutils.py:302}}
Apr 06 15:41:52 ubuntu devstack@g-api.service[138167]: DEBUG glance.image_cache.prefetcher [-] Nothing to prefetch. {{(pid=138167) run /opt/stack/glance/glance/image_cache/prefetcher.py:79}}
Apr 06 15:41:52 ubuntu devstack@g-api.service[138167]: DEBUG oslo_concurrency.lockutils [-] Releasing lock "glance-cache" {{(pid=138167) lock /usr/local/lib/python3.8/dist-packages/oslo_concurrency/lockutils.py:312}}
Apr 06 15:41:52 ubuntu devstack@g-api.service[138166]: DEBUG oslo_concurrency.lockutils [-] Acquired lock "glance-cache" {{(pid=138166) lock /usr/local/lib/python3.8/dist-packages/oslo_concurrency/lockutils.py:294}}
Apr 06 15:41:52 ubuntu devstack@g-api.service[138166]: DEBUG oslo_concurrency.lockutils [-] Acquired external semaphore "glance-cache" {{(pid=138166) lock /usr/local/lib/python3.8/dist-packages/oslo_concurrency/lockutils.py:302}}
Apr 06 15:41:52 ubuntu devstack@g-api.service[138166]: DEBUG glance.image_cache.prefetcher [-] Nothing to prefetch. {{(pid=138166) run /opt/stack/glance/glance/image_cache/prefetcher.py:79}}
Apr 06 15:41:52 ubuntu devstack@g-api.service[138166]: DEBUG oslo_concurrency.lockutils [-] Releasing lock "glance-cache" {{(pid=138166) lock /usr/local/lib/python3.8/dist-packages/oslo_concurrency/lockutils.py:312}}
Apr 06 15:42:54 ubuntu devstack@g-api.service[138167]: DEBUG glance.api.middleware.version_negotiation [None req-bca84b56-f754-483f-83fd-40055c300bc5 admin admin] Determining version of request: GET /versions Accept: */* {{(pid=138167) process_request /opt/stack/glance/glance/api/middleware/version_negotiation.py:44}}
Apr 06 15:42:54 ubuntu devstack@g-api.service[138167]: [pid: 138167|app: 0|req: 7/12] 127.0.0.1 () {38 vars in 695 bytes} [Wed Apr  6 15:42:54 2022] GET /versions => generated 1213 bytes in 4 msecs (HTTP/1.1 200) 3 headers in 92 bytes (1 switches on core 0)
Apr 06 15:42:54 ubuntu devstack@g-api.service[138166]: DEBUG glance.api.middleware.version_negotiation [None req-94a9dc6f-4fed-40a5-b18e-8650c8368ea1 admin admin] Determining version of request: GET /v2/schemas/image Accept: */* {{(pid=138166) process_request /opt/stack/glance/glance/api/middleware/version_negotiation.py:44}}
Apr 06 15:42:54 ubuntu devstack@g-api.service[138166]: DEBUG glance.api.middleware.version_negotiation [None req-94a9dc6f-4fed-40a5-b18e-8650c8368ea1 admin admin] Using url versioning {{(pid=138166) process_request /opt/stack/glance/glance/api/middleware/version_negotiation.py:57}}
Apr 06 15:42:54 ubuntu devstack@g-api.service[138166]: DEBUG glance.api.middleware.version_negotiation [None req-94a9dc6f-4fed-40a5-b18e-8650c8368ea1 admin admin] Matched version: v2 {{(pid=138166) process_request /opt/stack/glance/glance/api/middleware/version_negotiation.py:69}}
Apr 06 15:42:54 ubuntu devstack@g-api.service[138166]: DEBUG glance.api.middleware.version_negotiation [None req-94a9dc6f-4fed-40a5-b18e-8650c8368ea1 admin admin] new path /v2/schemas/image {{(pid=138166) process_request /opt/stack/glance/glance/api/middleware/version_negotiation.py:70}}
Apr 06 15:42:54 ubuntu devstack@g-api.service[138166]: [pid: 138166|app: 0|req: 6/13] 127.0.0.1 () {38 vars in 711 bytes} [Wed Apr  6 15:42:54 2022] GET /v2/schemas/image => generated 6083 bytes in 131 msecs (HTTP/1.1 200) 4 headers in 158 bytes (1 switches on core 0)
Apr 06 15:42:54 ubuntu devstack@g-api.service[138167]: DEBUG glance.api.middleware.version_negotiation [None req-bca84b56-f754-483f-83fd-40055c300bc5 admin admin] Determining version of request: GET /v2/schemas/metadefs/namespace Accept: */* {{(pid=138167) process_request /opt/stack/glance/glance/api/middleware/version_negotiation.py:44}}
Apr 06 15:42:54 ubuntu devstack@g-api.service[138167]: DEBUG glance.api.middleware.version_negotiation [None req-bca84b56-f754-483f-83fd-40055c300bc5 admin admin] Using url versioning {{(pid=138167) process_request /opt/stack/glance/glance/api/middleware/version_negotiation.py:57}}
Apr 06 15:42:54 ubuntu devstack@g-api.service[138167]: DEBUG glance.api.middleware.version_negotiation [None req-bca84b56-f754-483f-83fd-40055c300bc5 admin admin] Matched version: v2 {{(pid=138167) process_request /opt/stack/glance/glance/api/middleware/version_negotiation.py:69}}
Apr 06 15:42:54 ubuntu devstack@g-api.service[138167]: DEBUG glance.api.middleware.version_negotiation [None req-bca84b56-f754-483f-83fd-40055c300bc5 admin admin] new path /v2/schemas/metadefs/namespace {{(pid=138167) process_request /opt/stack/glance/glance/api/middleware/version_negotiation.py:70}}
Apr 06 15:42:54 ubuntu devstack@g-api.service[138167]: [pid: 138167|app: 0|req: 8/14] 127.0.0.1 () {38 vars in 737 bytes} [Wed Apr  6 15:42:54 2022] GET /v2/schemas/metadefs/namespace => generated 3100 bytes in 8 msecs (HTTP/1.1 200) 4 headers in 158 bytes (1 switches on core 0)
Apr 06 15:42:54 ubuntu devstack@g-api.service[138166]: DEBUG glance.api.middleware.version_negotiation [None req-25cae2f9-17b6-4308-a250-47b37127cc67 admin admin] Determining version of request: GET /v2/schemas/metadefs/resource_type Accept: */* {{(pid=138166) process_request /opt/stack/glance/glance/api/middleware/version_negotiation.py:44}}
Apr 06 15:42:54 ubuntu devstack@g-api.service[138166]: DEBUG glance.api.middleware.version_negotiation [None req-25cae2f9-17b6-4308-a250-47b37127cc67 admin admin] Using url versioning {{(pid=138166) process_request /opt/stack/glance/glance/api/middleware/version_negotiation.py:57}}
Apr 06 15:42:54 ubuntu devstack@g-api.service[138166]: DEBUG glance.api.middleware.version_negotiation [None req-25cae2f9-17b6-4308-a250-47b37127cc67 admin admin] Matched version: v2 {{(pid=138166) process_request /opt/stack/glance/glance/api/middleware/version_negotiation.py:69}}
Apr 06 15:42:54 ubuntu devstack@g-api.service[138166]: DEBUG glance.api.middleware.version_negotiation [None req-25cae2f9-17b6-4308-a250-47b37127cc67 admin admin] new path /v2/schemas/metadefs/resource_type {{(pid=138166) process_request /opt/stack/glance/glance/api/middleware/version_negotiation.py:70}}
Apr 06 15:42:54 ubuntu devstack@g-api.service[138166]: [pid: 138166|app: 0|req: 7/15] 127.0.0.1 () {38 vars in 745 bytes} [Wed Apr  6 15:42:54 2022] GET /v2/schemas/metadefs/resource_type => generated 1262 bytes in 5 msecs (HTTP/1.1 200) 4 headers in 158 bytes (1 switches on core 0)
Apr 06 15:42:54 ubuntu devstack@g-api.service[138167]: DEBUG glance.api.middleware.version_negotiation [None req-f8b80425-957e-427d-8a2a-81b5f19220f6 admin admin] Determining version of request: GET /v2/images Accept: */* {{(pid=138167) process_request /opt/stack/glance/glance/api/middleware/version_negotiation.py:44}}
Apr 06 15:42:54 ubuntu devstack@g-api.service[138167]: DEBUG glance.api.middleware.version_negotiation [None req-f8b80425-957e-427d-8a2a-81b5f19220f6 admin admin] Using url versioning {{(pid=138167) process_request /opt/stack/glance/glance/api/middleware/version_negotiation.py:57}}
Apr 06 15:42:54 ubuntu devstack@g-api.service[138167]: DEBUG glance.api.middleware.version_negotiation [None req-f8b80425-957e-427d-8a2a-81b5f19220f6 admin admin] Matched version: v2 {{(pid=138167) process_request /opt/stack/glance/glance/api/middleware/version_negotiation.py:69}}
Apr 06 15:42:54 ubuntu devstack@g-api.service[138167]: DEBUG glance.api.middleware.version_negotiation [None req-f8b80425-957e-427d-8a2a-81b5f19220f6 admin admin] new path /v2/images {{(pid=138167) process_request /opt/stack/glance/glance/api/middleware/version_negotiation.py:70}}
Apr 06 15:42:55 ubuntu devstack@g-api.service[138167]: [pid: 138167|app: 0|req: 9/16] 127.0.0.1 () {38 vars in 768 bytes} [Wed Apr  6 15:42:54 2022] GET /v2/images?limit=20&sort_key=name&sort_dir=asc => generated 1081 bytes in 82 msecs (HTTP/1.1 200) 4 headers in 158 bytes (1 switches on core 0)
Apr 06 15:42:55 ubuntu devstack@g-api.service[138166]: DEBUG glance.api.middleware.version_negotiation [None req-a7fb9c21-c919-4899-8fc7-97b2252547f8 admin admin] Determining version of request: GET /v2/schemas/image Accept: */* {{(pid=138166) process_request /opt/stack/glance/glance/api/middleware/version_negotiation.py:44}}
Apr 06 15:42:55 ubuntu devstack@g-api.service[138166]: DEBUG glance.api.middleware.version_negotiation [None req-a7fb9c21-c919-4899-8fc7-97b2252547f8 admin admin] Using url versioning {{(pid=138166) process_request /opt/stack/glance/glance/api/middleware/version_negotiation.py:57}}
Apr 06 15:42:55 ubuntu devstack@g-api.service[138166]: DEBUG glance.api.middleware.version_negotiation [None req-a7fb9c21-c919-4899-8fc7-97b2252547f8 admin admin] Matched version: v2 {{(pid=138166) process_request /opt/stack/glance/glance/api/middleware/version_negotiation.py:69}}
Apr 06 15:42:55 ubuntu devstack@g-api.service[138166]: DEBUG glance.api.middleware.version_negotiation [None req-a7fb9c21-c919-4899-8fc7-97b2252547f8 admin admin] new path /v2/schemas/image {{(pid=138166) process_request /opt/stack/glance/glance/api/middleware/version_negotiation.py:70}}
Apr 06 15:42:55 ubuntu devstack@g-api.service[138166]: [pid: 138166|app: 0|req: 8/17] 127.0.0.1 () {38 vars in 711 bytes} [Wed Apr  6 15:42:55 2022] GET /v2/schemas/image => generated 6083 bytes in 5 msecs (HTTP/1.1 200) 4 headers in 158 bytes (1 switches on core 0)
Apr 06 15:43:05 ubuntu devstack@g-api.service[138167]: DEBUG glance.api.middleware.version_negotiation [None req-e46b49b6-b49e-4a20-ad65-b631e2100d3d admin admin] Determining version of request: GET / Accept: application/json {{(pid=138167) process_request /opt/stack/glance/glance/api/middleware/version_negotiation.py:44}}
Apr 06 15:43:05 ubuntu devstack@g-api.service[138167]: DEBUG glance.api.middleware.version_negotiation [None req-e46b49b6-b49e-4a20-ad65-b631e2100d3d admin admin] Using url versioning {{(pid=138167) process_request /opt/stack/glance/glance/api/middleware/version_negotiation.py:57}}
Apr 06 15:43:05 ubuntu devstack@g-api.service[138167]: DEBUG glance.api.middleware.version_negotiation [None req-e46b49b6-b49e-4a20-ad65-b631e2100d3d admin admin] Unknown version. Returning version choices. {{(pid=138167) process_request /opt/stack/glance/glance/api/middleware/version_negotiation.py:64}}
Apr 06 15:43:05 ubuntu devstack@g-api.service[138167]: [pid: 138167|app: 0|req: 10/18] 127.0.0.1 () {34 vars in 492 bytes} [Wed Apr  6 15:43:05 2022] GET / => generated 1213 bytes in 5 msecs (HTTP/1.1 300) 3 headers in 106 bytes (1 switches on core 0)
Apr 06 15:43:05 ubuntu devstack@g-api.service[138166]: DEBUG glance.api.middleware.version_negotiation [None req-43362a4b-4073-49f9-a2be-ddde6b744bc4 admin admin] Determining version of request: GET /v2/images/5dffc56e-7015-488b-a947-1df1e125bb69 Accept: */* {{(pid=138166) process_request /opt/stack/glance/glance/api/middleware/version_negotiation.py:44}}
Apr 06 15:43:05 ubuntu devstack@g-api.service[138166]: DEBUG glance.api.middleware.version_negotiation [None req-43362a4b-4073-49f9-a2be-ddde6b744bc4 admin admin] Using url versioning {{(pid=138166) process_request /opt/stack/glance/glance/api/middleware/version_negotiation.py:57}}
Apr 06 15:43:05 ubuntu devstack@g-api.service[138166]: DEBUG glance.api.middleware.version_negotiation [None req-43362a4b-4073-49f9-a2be-ddde6b744bc4 admin admin] Matched version: v2 {{(pid=138166) process_request /opt/stack/glance/glance/api/middleware/version_negotiation.py:69}}
Apr 06 15:43:05 ubuntu devstack@g-api.service[138166]: DEBUG glance.api.middleware.version_negotiation [None req-43362a4b-4073-49f9-a2be-ddde6b744bc4 admin admin] new path /v2/images/5dffc56e-7015-488b-a947-1df1e125bb69 {{(pid=138166) process_request /opt/stack/glance/glance/api/middleware/version_negotiation.py:70}}
Apr 06 15:43:05 ubuntu devstack@g-api.service[138166]: WARNING keystonemiddleware.auth_token [None req-43362a4b-4073-49f9-a2be-ddde6b744bc4 admin admin] A valid token was submitted as a service token, but it was not a valid service token. This is incorrect but backwards compatible behaviour. This will be removed in future releases.
Apr 06 15:43:05 ubuntu devstack@g-api.service[138166]: [pid: 138166|app: 0|req: 9/19] 127.0.0.1 () {42 vars in 1049 bytes} [Wed Apr  6 15:43:05 2022] GET /v2/images/5dffc56e-7015-488b-a947-1df1e125bb69 => generated 976 bytes in 99 msecs (HTTP/1.1 200) 4 headers in 157 bytes (1 switches on core 0)
Apr 06 15:43:05 ubuntu devstack@g-api.service[138167]: DEBUG glance.api.middleware.version_negotiation [None req-e46b49b6-b49e-4a20-ad65-b631e2100d3d admin admin] Determining version of request: GET /v2/schemas/image Accept: */* {{(pid=138167) process_request /opt/stack/glance/glance/api/middleware/version_negotiation.py:44}}
Apr 06 15:43:05 ubuntu devstack@g-api.service[138167]: DEBUG glance.api.middleware.version_negotiation [None req-e46b49b6-b49e-4a20-ad65-b631e2100d3d admin admin] Using url versioning {{(pid=138167) process_request /opt/stack/glance/glance/api/middleware/version_negotiation.py:57}}
Apr 06 15:43:05 ubuntu devstack@g-api.service[138167]: DEBUG glance.api.middleware.version_negotiation [None req-e46b49b6-b49e-4a20-ad65-b631e2100d3d admin admin] Matched version: v2 {{(pid=138167) process_request /opt/stack/glance/glance/api/middleware/version_negotiation.py:69}}
Apr 06 15:43:05 ubuntu devstack@g-api.service[138167]: DEBUG glance.api.middleware.version_negotiation [None req-e46b49b6-b49e-4a20-ad65-b631e2100d3d admin admin] new path /v2/schemas/image {{(pid=138167) process_request /opt/stack/glance/glance/api/middleware/version_negotiation.py:70}}
Apr 06 15:43:05 ubuntu devstack@g-api.service[138167]: WARNING keystonemiddleware.auth_token [None req-e46b49b6-b49e-4a20-ad65-b631e2100d3d admin admin] A valid token was submitted as a service token, but it was not a valid service token. This is incorrect but backwards compatible behaviour. This will be removed in future releases.
Apr 06 15:43:05 ubuntu devstack@g-api.service[138167]: [pid: 138167|app: 0|req: 11/20] 127.0.0.1 () {42 vars in 989 bytes} [Wed Apr  6 15:43:05 2022] GET /v2/schemas/image => generated 6083 bytes in 7 msecs (HTTP/1.1 200) 4 headers in 158 bytes (1 switches on core 0)
Apr 06 15:43:07 ubuntu devstack@g-api.service[138166]: DEBUG glance.api.middleware.version_negotiation [None req-3cb3398c-7014-4ffc-bddc-08920657fc67 tempest-UpdateMultiattachVolumeNegativeTest-116607557 tempest-UpdateMultiattachVolumeNegativeTest-116607557-project] Determining version of request: GET /v2/images/5dffc56e-7015-488b-a947-1df1e125bb69 Accept: */* {{(pid=138166) process_request /opt/stack/glance/glance/api/middleware/version_negotiation.py:44}}
Apr 06 15:43:07 ubuntu devstack@g-api.service[138166]: DEBUG glance.api.middleware.version_negotiation [None req-3cb3398c-7014-4ffc-bddc-08920657fc67 tempest-UpdateMultiattachVolumeNegativeTest-116607557 tempest-UpdateMultiattachVolumeNegativeTest-116607557-project] Using url versioning {{(pid=138166) process_request /opt/stack/glance/glance/api/middleware/version_negotiation.py:57}}
Apr 06 15:43:07 ubuntu devstack@g-api.service[138166]: DEBUG glance.api.middleware.version_negotiation [None req-3cb3398c-7014-4ffc-bddc-08920657fc67 tempest-UpdateMultiattachVolumeNegativeTest-116607557 tempest-UpdateMultiattachVolumeNegativeTest-116607557-project] Matched version: v2 {{(pid=138166) process_request /opt/stack/glance/glance/api/middleware/version_negotiation.py:69}}
Apr 06 15:43:07 ubuntu devstack@g-api.service[138166]: DEBUG glance.api.middleware.version_negotiation [None req-3cb3398c-7014-4ffc-bddc-08920657fc67 tempest-UpdateMultiattachVolumeNegativeTest-116607557 tempest-UpdateMultiattachVolumeNegativeTest-116607557-project] new path /v2/images/5dffc56e-7015-488b-a947-1df1e125bb69 {{(pid=138166) process_request /opt/stack/glance/glance/api/middleware/version_negotiation.py:70}}
Apr 06 15:43:07 ubuntu devstack@g-api.service[138166]: [pid: 138166|app: 0|req: 10/21] 127.0.0.1 () {42 vars in 1049 bytes} [Wed Apr  6 15:43:07 2022] GET /v2/images/5dffc56e-7015-488b-a947-1df1e125bb69 => generated 976 bytes in 50 msecs (HTTP/1.1 200) 4 headers in 157 bytes (1 switches on core 0)
Apr 06 15:43:07 ubuntu devstack@g-api.service[138167]: DEBUG glance.api.middleware.version_negotiation [None req-3cb3398c-7014-4ffc-bddc-08920657fc67 tempest-UpdateMultiattachVolumeNegativeTest-116607557 tempest-UpdateMultiattachVolumeNegativeTest-116607557-project] Determining version of request: GET /v2/images/5dffc56e-7015-488b-a947-1df1e125bb69/file Accept: */* {{(pid=138167) process_request /opt/stack/glance/glance/api/middleware/version_negotiation.py:44}}
Apr 06 15:43:07 ubuntu devstack@g-api.service[138167]: DEBUG glance.api.middleware.version_negotiation [None req-3cb3398c-7014-4ffc-bddc-08920657fc67 tempest-UpdateMultiattachVolumeNegativeTest-116607557 tempest-UpdateMultiattachVolumeNegativeTest-116607557-project] Using url versioning {{(pid=138167) process_request /opt/stack/glance/glance/api/middleware/version_negotiation.py:57}}
Apr 06 15:43:07 ubuntu devstack@g-api.service[138167]: DEBUG glance.api.middleware.version_negotiation [None req-3cb3398c-7014-4ffc-bddc-08920657fc67 tempest-UpdateMultiattachVolumeNegativeTest-116607557 tempest-UpdateMultiattachVolumeNegativeTest-116607557-project] Matched version: v2 {{(pid=138167) process_request /opt/stack/glance/glance/api/middleware/version_negotiation.py:69}}
Apr 06 15:43:07 ubuntu devstack@g-api.service[138167]: DEBUG glance.api.middleware.version_negotiation [None req-3cb3398c-7014-4ffc-bddc-08920657fc67 tempest-UpdateMultiattachVolumeNegativeTest-116607557 tempest-UpdateMultiattachVolumeNegativeTest-116607557-project] new path /v2/images/5dffc56e-7015-488b-a947-1df1e125bb69/file {{(pid=138167) process_request /opt/stack/glance/glance/api/middleware/version_negotiation.py:70}}
Apr 06 15:43:07 ubuntu devstack@g-api.service[138167]: DEBUG glance_store.backend [None req-3cb3398c-7014-4ffc-bddc-08920657fc67 tempest-UpdateMultiattachVolumeNegativeTest-116607557 tempest-UpdateMultiattachVolumeNegativeTest-116607557-project] Attempting to import store swift {{(pid=138167) _load_store /usr/local/lib/python3.8/dist-packages/glance_store/backend.py:217}}
Apr 06 15:43:07 ubuntu devstack@g-api.service[138167]: DEBUG glance_store.capabilities [None req-3cb3398c-7014-4ffc-bddc-08920657fc67 tempest-UpdateMultiattachVolumeNegativeTest-116607557 tempest-UpdateMultiattachVolumeNegativeTest-116607557-project] Store glance_store._drivers.swift.store.SingleTenantStore doesn't support updating dynamic storage capabilities. Please overwrite 'update_capabilities' method of the store to implement updating logics if needed. {{(pid=138167) update_capabilities /usr/local/lib/python3.8/dist-packages/glance_store/capabilities.py:91}}
Apr 06 15:43:07 ubuntu devstack@g-api.service[138167]: DEBUG glance_store.driver [None req-3cb3398c-7014-4ffc-bddc-08920657fc67 tempest-UpdateMultiattachVolumeNegativeTest-116607557 tempest-UpdateMultiattachVolumeNegativeTest-116607557-project] Late loading location class glance_store._drivers.swift.store.StoreLocation {{(pid=138167) get_store_location_class /usr/local/lib/python3.8/dist-packages/glance_store/driver.py:117}}
Apr 06 15:43:07 ubuntu devstack@g-api.service[138167]: DEBUG glance_store.location [None req-3cb3398c-7014-4ffc-bddc-08920657fc67 tempest-UpdateMultiattachVolumeNegativeTest-116607557 tempest-UpdateMultiattachVolumeNegativeTest-116607557-project] Registering scheme swift+https with {'store': <glance_store._drivers.swift.store.SingleTenantStore object at 0x7f37c0d8d850>, 'location_class': <class 'glance_store._drivers.swift.store.StoreLocation'>, 'store_entry': 'swift'} {{(pid=138167) register_scheme_map /usr/local/lib/python3.8/dist-packages/glance_store/location.py:146}}
Apr 06 15:43:07 ubuntu devstack@g-api.service[138167]: DEBUG glance_store.location [None req-3cb3398c-7014-4ffc-bddc-08920657fc67 tempest-UpdateMultiattachVolumeNegativeTest-116607557 tempest-UpdateMultiattachVolumeNegativeTest-116607557-project] Registering scheme swift+https with {'store': <glance_store._drivers.swift.store.SingleTenantStore object at 0x7f37c0d8d850>, 'location_class': <class 'glance_store._drivers.swift.store.StoreLocation'>, 'store_entry': 'swift'} {{(pid=138167) register_scheme_map /usr/local/lib/python3.8/dist-packages/glance_store/location.py:146}}
Apr 06 15:43:07 ubuntu devstack@g-api.service[138167]: DEBUG glance_store.location [None req-3cb3398c-7014-4ffc-bddc-08920657fc67 tempest-UpdateMultiattachVolumeNegativeTest-116607557 tempest-UpdateMultiattachVolumeNegativeTest-116607557-project] Registering scheme swift with {'store': <glance_store._drivers.swift.store.SingleTenantStore object at 0x7f37c0d8d850>, 'location_class': <class 'glance_store._drivers.swift.store.StoreLocation'>, 'store_entry': 'swift'} {{(pid=138167) register_scheme_map /usr/local/lib/python3.8/dist-packages/glance_store/location.py:146}}
Apr 06 15:43:07 ubuntu devstack@g-api.service[138167]: DEBUG glance_store.location [None req-3cb3398c-7014-4ffc-bddc-08920657fc67 tempest-UpdateMultiattachVolumeNegativeTest-116607557 tempest-UpdateMultiattachVolumeNegativeTest-116607557-project] Registering scheme swift+https with {'store': <glance_store._drivers.swift.store.SingleTenantStore object at 0x7f37c0d8d850>, 'location_class': <class 'glance_store._drivers.swift.store.StoreLocation'>, 'store_entry': 'swift'} {{(pid=138167) register_scheme_map /usr/local/lib/python3.8/dist-packages/glance_store/location.py:146}}
Apr 06 15:43:07 ubuntu devstack@g-api.service[138167]: DEBUG glance_store.location [None req-3cb3398c-7014-4ffc-bddc-08920657fc67 tempest-UpdateMultiattachVolumeNegativeTest-116607557 tempest-UpdateMultiattachVolumeNegativeTest-116607557-project] Registering scheme swift with {'store': <glance_store._drivers.swift.store.SingleTenantStore object at 0x7f37c0d8d850>, 'location_class': <class 'glance_store._drivers.swift.store.StoreLocation'>, 'store_entry': 'swift'} {{(pid=138167) register_scheme_map /usr/local/lib/python3.8/dist-packages/glance_store/location.py:146}}
Apr 06 15:43:07 ubuntu devstack@g-api.service[138167]: DEBUG glance_store.location [None req-3cb3398c-7014-4ffc-bddc-08920657fc67 tempest-UpdateMultiattachVolumeNegativeTest-116607557 tempest-UpdateMultiattachVolumeNegativeTest-116607557-project] Registering scheme swift+http with {'store': <glance_store._drivers.swift.store.SingleTenantStore object at 0x7f37c0d8d850>, 'location_class': <class 'glance_store._drivers.swift.store.StoreLocation'>, 'store_entry': 'swift'} {{(pid=138167) register_scheme_map /usr/local/lib/python3.8/dist-packages/glance_store/location.py:146}}
Apr 06 15:43:07 ubuntu devstack@g-api.service[138167]: DEBUG glance_store.location [None req-3cb3398c-7014-4ffc-bddc-08920657fc67 tempest-UpdateMultiattachVolumeNegativeTest-116607557 tempest-UpdateMultiattachVolumeNegativeTest-116607557-project] Registering scheme swift+https with {'store': <glance_store._drivers.swift.store.SingleTenantStore object at 0x7f37c0d8d850>, 'location_class': <class 'glance_store._drivers.swift.store.StoreLocation'>, 'store_entry': 'swift'} {{(pid=138167) register_scheme_map /usr/local/lib/python3.8/dist-packages/glance_store/location.py:146}}
Apr 06 15:43:07 ubuntu devstack@g-api.service[138167]: DEBUG glance_store.location [None req-3cb3398c-7014-4ffc-bddc-08920657fc67 tempest-UpdateMultiattachVolumeNegativeTest-116607557 tempest-UpdateMultiattachVolumeNegativeTest-116607557-project] Registering scheme swift with {'store': <glance_store._drivers.swift.store.SingleTenantStore object at 0x7f37c0d8d850>, 'location_class': <class 'glance_store._drivers.swift.store.StoreLocation'>, 'store_entry': 'swift'} {{(pid=138167) register_scheme_map /usr/local/lib/python3.8/dist-packages/glance_store/location.py:146}}
Apr 06 15:43:07 ubuntu devstack@g-api.service[138167]: DEBUG glance_store.location [None req-3cb3398c-7014-4ffc-bddc-08920657fc67 tempest-UpdateMultiattachVolumeNegativeTest-116607557 tempest-UpdateMultiattachVolumeNegativeTest-116607557-project] Registering scheme swift+http with {'store': <glance_store._drivers.swift.store.SingleTenantStore object at 0x7f37c0d8d850>, 'location_class': <class 'glance_store._drivers.swift.store.StoreLocation'>, 'store_entry': 'swift'} {{(pid=138167) register_scheme_map /usr/local/lib/python3.8/dist-packages/glance_store/location.py:146}}
Apr 06 15:43:07 ubuntu devstack@g-api.service[138167]: DEBUG glance_store.location [None req-3cb3398c-7014-4ffc-bddc-08920657fc67 tempest-UpdateMultiattachVolumeNegativeTest-116607557 tempest-UpdateMultiattachVolumeNegativeTest-116607557-project] Registering scheme swift+config with {'store': <glance_store._drivers.swift.store.SingleTenantStore object at 0x7f37c0d8d850>, 'location_class': <class 'glance_store._drivers.swift.store.StoreLocation'>, 'store_entry': 'swift'} {{(pid=138167) register_scheme_map /usr/local/lib/python3.8/dist-packages/glance_store/location.py:146}}
Apr 06 15:43:07 ubuntu devstack@g-api.service[138167]: DEBUG swiftclient [None req-3cb3398c-7014-4ffc-bddc-08920657fc67 tempest-UpdateMultiattachVolumeNegativeTest-116607557 tempest-UpdateMultiattachVolumeNegativeTest-116607557-project] REQ: curl -i http://192.168.79.38:8080/v1/AUTH_f694dc71918245deb771af3fd7891779/glance/5dffc56e-7015-488b-a947-1df1e125bb69 -X GET -H "X-Auth-Token: gAAAAABiTbULbIcx..." {{(pid=138167) http_log /usr/local/lib/python3.8/dist-packages/swiftclient/client.py:187}}
Apr 06 15:43:07 ubuntu devstack@g-api.service[138167]: DEBUG swiftclient [None req-3cb3398c-7014-4ffc-bddc-08920657fc67 tempest-UpdateMultiattachVolumeNegativeTest-116607557 tempest-UpdateMultiattachVolumeNegativeTest-116607557-project] RESP STATUS: 200 OK {{(pid=138167) http_log /usr/local/lib/python3.8/dist-packages/swiftclient/client.py:188}}
Apr 06 15:43:07 ubuntu devstack@g-api.service[138167]: DEBUG swiftclient [None req-3cb3398c-7014-4ffc-bddc-08920657fc67 tempest-UpdateMultiattachVolumeNegativeTest-116607557 tempest-UpdateMultiattachVolumeNegativeTest-116607557-project] RESP HEADERS: {'Content-Type': 'application/octet-stream', 'Etag': '1d3062cd89af34e419f7100277f38b2b', 'Last-Modified': 'Wed, 06 Apr 2022 15:37:04 GMT', 'X-Timestamp': '1649259423.98308', 'Accept-Ranges': 'bytes', 'Content-Length': '16338944', 'X-Trans-Id': 'txde028b20e7fb42579f14f-00624db50b', 'X-Openstack-Request-Id': 'txde028b20e7fb42579f14f-00624db50b', 'Date': 'Wed, 06 Apr 2022 15:43:07 GMT'} {{(pid=138167) http_log /usr/local/lib/python3.8/dist-packages/swiftclient/client.py:189}}
Apr 06 15:43:07 ubuntu devstack@g-api.service[138167]: DEBUG glance.image_cache [None req-3cb3398c-7014-4ffc-bddc-08920657fc67 tempest-UpdateMultiattachVolumeNegativeTest-116607557 tempest-UpdateMultiattachVolumeNegativeTest-116607557-project] Tee'ing image '5dffc56e-7015-488b-a947-1df1e125bb69' into cache {{(pid=138167) get_caching_iter /opt/stack/glance/glance/image_cache/__init__.py:343}}
Apr 06 15:43:07 ubuntu devstack@g-api.service[138167]: DEBUG glance.image_cache.drivers.sqlite [None req-3cb3398c-7014-4ffc-bddc-08920657fc67 tempest-UpdateMultiattachVolumeNegativeTest-116607557 tempest-UpdateMultiattachVolumeNegativeTest-116607557-project] Fetch finished, moving '/opt/stack/data/glance/cache/incomplete/5dffc56e-7015-488b-a947-1df1e125bb69' to '/opt/stack/data/glance/cache/5dffc56e-7015-488b-a947-1df1e125bb69' {{(pid=138167) commit /opt/stack/glance/glance/image_cache/drivers/sqlite.py:324}}
Apr 06 15:43:07 ubuntu devstack@g-api.service[138167]: [pid: 138167|app: 0|req: 12/22] 127.0.0.1 () {42 vars in 1059 bytes} [Wed Apr  6 15:43:07 2022] GET /v2/images/5dffc56e-7015-488b-a947-1df1e125bb69/file => generated 16338944 bytes in 420 msecs (HTTP/1.1 200) 4 headers in 191 bytes (250 switches on core 0)
Apr 06 15:43:14 ubuntu devstack@g-api.service[138166]: DEBUG glance.api.middleware.version_negotiation [None req-3cb3398c-7014-4ffc-bddc-08920657fc67 tempest-UpdateMultiattachVolumeNegativeTest-116607557 tempest-UpdateMultiattachVolumeNegativeTest-116607557-project] Determining version of request: GET / Accept: application/json {{(pid=138166) process_request /opt/stack/glance/glance/api/middleware/version_negotiation.py:44}}
Apr 06 15:43:14 ubuntu devstack@g-api.service[138166]: DEBUG glance.api.middleware.version_negotiation [None req-3cb3398c-7014-4ffc-bddc-08920657fc67 tempest-UpdateMultiattachVolumeNegativeTest-116607557 tempest-UpdateMultiattachVolumeNegativeTest-116607557-project] Using url versioning {{(pid=138166) process_request /opt/stack/glance/glance/api/middleware/version_negotiation.py:57}}
Apr 06 15:43:14 ubuntu devstack@g-api.service[138166]: DEBUG glance.api.middleware.version_negotiation [None req-3cb3398c-7014-4ffc-bddc-08920657fc67 tempest-UpdateMultiattachVolumeNegativeTest-116607557 tempest-UpdateMultiattachVolumeNegativeTest-116607557-project] Unknown version. Returning version choices. {{(pid=138166) process_request /opt/stack/glance/glance/api/middleware/version_negotiation.py:64}}
Apr 06 15:43:14 ubuntu devstack@g-api.service[138166]: [pid: 138166|app: 0|req: 11/23] 127.0.0.1 () {34 vars in 492 bytes} [Wed Apr  6 15:43:14 2022] GET / => generated 1213 bytes in 2 msecs (HTTP/1.1 300) 3 headers in 106 bytes (1 switches on core 0)
Apr 06 15:43:14 ubuntu devstack@g-api.service[138167]: DEBUG glance.api.middleware.version_negotiation [None req-3cb3398c-7014-4ffc-bddc-08920657fc67 tempest-UpdateMultiattachVolumeNegativeTest-116607557 tempest-UpdateMultiattachVolumeNegativeTest-116607557-project] Determining version of request: GET /v2/images/5dffc56e-7015-488b-a947-1df1e125bb69 Accept: */* {{(pid=138167) process_request /opt/stack/glance/glance/api/middleware/version_negotiation.py:44}}
Apr 06 15:43:14 ubuntu devstack@g-api.service[138167]: DEBUG glance.api.middleware.version_negotiation [None req-3cb3398c-7014-4ffc-bddc-08920657fc67 tempest-UpdateMultiattachVolumeNegativeTest-116607557 tempest-UpdateMultiattachVolumeNegativeTest-116607557-project] Using url versioning {{(pid=138167) process_request /opt/stack/glance/glance/api/middleware/version_negotiation.py:57}}
Apr 06 15:43:14 ubuntu devstack@g-api.service[138167]: DEBUG glance.api.middleware.version_negotiation [None req-3cb3398c-7014-4ffc-bddc-08920657fc67 tempest-UpdateMultiattachVolumeNegativeTest-116607557 tempest-UpdateMultiattachVolumeNegativeTest-116607557-project] Matched version: v2 {{(pid=138167) process_request /opt/stack/glance/glance/api/middleware/version_negotiation.py:69}}
Apr 06 15:43:14 ubuntu devstack@g-api.service[138167]: DEBUG glance.api.middleware.version_negotiation [None req-3cb3398c-7014-4ffc-bddc-08920657fc67 tempest-UpdateMultiattachVolumeNegativeTest-116607557 tempest-UpdateMultiattachVolumeNegativeTest-116607557-project] new path /v2/images/5dffc56e-7015-488b-a947-1df1e125bb69 {{(pid=138167) process_request /opt/stack/glance/glance/api/middleware/version_negotiation.py:70}}
Apr 06 15:43:14 ubuntu devstack@g-api.service[138167]: [pid: 138167|app: 0|req: 13/24] 127.0.0.1 () {42 vars in 1049 bytes} [Wed Apr  6 15:43:14 2022] GET /v2/images/5dffc56e-7015-488b-a947-1df1e125bb69 => generated 976 bytes in 14 msecs (HTTP/1.1 200) 4 headers in 157 bytes (1 switches on core 0)
Apr 06 15:43:14 ubuntu devstack@g-api.service[138166]: DEBUG glance.api.middleware.version_negotiation [None req-3cb3398c-7014-4ffc-bddc-08920657fc67 tempest-UpdateMultiattachVolumeNegativeTest-116607557 tempest-UpdateMultiattachVolumeNegativeTest-116607557-project] Determining version of request: GET /v2/schemas/image Accept: */* {{(pid=138166) process_request /opt/stack/glance/glance/api/middleware/version_negotiation.py:44}}
Apr 06 15:43:14 ubuntu devstack@g-api.service[138166]: DEBUG glance.api.middleware.version_negotiation [None req-3cb3398c-7014-4ffc-bddc-08920657fc67 tempest-UpdateMultiattachVolumeNegativeTest-116607557 tempest-UpdateMultiattachVolumeNegativeTest-116607557-project] Using url versioning {{(pid=138166) process_request /opt/stack/glance/glance/api/middleware/version_negotiation.py:57}}
Apr 06 15:43:14 ubuntu devstack@g-api.service[138166]: DEBUG glance.api.middleware.version_negotiation [None req-3cb3398c-7014-4ffc-bddc-08920657fc67 tempest-UpdateMultiattachVolumeNegativeTest-116607557 tempest-UpdateMultiattachVolumeNegativeTest-116607557-project] Matched version: v2 {{(pid=138166) process_request /opt/stack/glance/glance/api/middleware/version_negotiation.py:69}}
Apr 06 15:43:14 ubuntu devstack@g-api.service[138166]: DEBUG glance.api.middleware.version_negotiation [None req-3cb3398c-7014-4ffc-bddc-08920657fc67 tempest-UpdateMultiattachVolumeNegativeTest-116607557 tempest-UpdateMultiattachVolumeNegativeTest-116607557-project] new path /v2/schemas/image {{(pid=138166) process_request /opt/stack/glance/glance/api/middleware/version_negotiation.py:70}}
Apr 06 15:43:14 ubuntu devstack@g-api.service[138166]: [pid: 138166|app: 0|req: 12/25] 127.0.0.1 () {42 vars in 989 bytes} [Wed Apr  6 15:43:14 2022] GET /v2/schemas/image => generated 6083 bytes in 5 msecs (HTTP/1.1 200) 4 headers in 158 bytes (1 switches on core 0)
Apr 06 15:43:47 ubuntu devstack@g-api.service[138167]: DEBUG glance.api.middleware.version_negotiation [None req-afa89165-7d7b-4ce5-aaa7-dd455cec53ab tempest-UpdateMultiattachVolumeNegativeTest-116607557 tempest-UpdateMultiattachVolumeNegativeTest-116607557-project] Determining version of request: GET /v2/images/5dffc56e-7015-488b-a947-1df1e125bb69 Accept: */* {{(pid=138167) process_request /opt/stack/glance/glance/api/middleware/version_negotiation.py:44}}
Apr 06 15:43:47 ubuntu devstack@g-api.service[138167]: DEBUG glance.api.middleware.version_negotiation [None req-afa89165-7d7b-4ce5-aaa7-dd455cec53ab tempest-UpdateMultiattachVolumeNegativeTest-116607557 tempest-UpdateMultiattachVolumeNegativeTest-116607557-project] Using url versioning {{(pid=138167) process_request /opt/stack/glance/glance/api/middleware/version_negotiation.py:57}}
Apr 06 15:43:47 ubuntu devstack@g-api.service[138167]: DEBUG glance.api.middleware.version_negotiation [None req-afa89165-7d7b-4ce5-aaa7-dd455cec53ab tempest-UpdateMultiattachVolumeNegativeTest-116607557 tempest-UpdateMultiattachVolumeNegativeTest-116607557-project] Matched version: v2 {{(pid=138167) process_request /opt/stack/glance/glance/api/middleware/version_negotiation.py:69}}
Apr 06 15:43:47 ubuntu devstack@g-api.service[138167]: DEBUG glance.api.middleware.version_negotiation [None req-afa89165-7d7b-4ce5-aaa7-dd455cec53ab tempest-UpdateMultiattachVolumeNegativeTest-116607557 tempest-UpdateMultiattachVolumeNegativeTest-116607557-project] new path /v2/images/5dffc56e-7015-488b-a947-1df1e125bb69 {{(pid=138167) process_request /opt/stack/glance/glance/api/middleware/version_negotiation.py:70}}
Apr 06 15:43:47 ubuntu devstack@g-api.service[138167]: [pid: 138167|app: 0|req: 14/26] 127.0.0.1 () {42 vars in 1049 bytes} [Wed Apr  6 15:43:47 2022] GET /v2/images/5dffc56e-7015-488b-a947-1df1e125bb69 => generated 976 bytes in 21 msecs (HTTP/1.1 200) 4 headers in 157 bytes (1 switches on core 0)
