Jun 16 20:01:03 ubuntu neutron-server[111163]: DEBUG neutron.api.extensions [None req-443e9f6d-7bbf-42d4-9a31-bb5c3356f13e None None] Loading extension file: trunk_details.py {{(pid=111163) _load_all_extensions_from_path /opt/stack/neutron/neutron/api/extensions.py:450}}
Jun 16 20:01:03 ubuntu neutron-server[111163]: DEBUG neutron.api.extensions [None req-443e9f6d-7bbf-42d4-9a31-bb5c3356f13e None None] Ext name="Trunk port details" alias="trunk-details" description="Expose trunk port details" updated="2016-01-01T10:00:00-00:00" {{(pid=111163) _check_extension /opt/stack/neutron/neutron/api/extensions.py:416}}
Jun 16 20:01:03 ubuntu neutron-server[111163]: INFO neutron.api.extensions [None req-443e9f6d-7bbf-42d4-9a31-bb5c3356f13e None None] Extension trunk-details not supported by any of loaded plugins
Jun 16 20:01:03 ubuntu neutron-server[111163]: DEBUG neutron.api.extensions [None req-443e9f6d-7bbf-42d4-9a31-bb5c3356f13e None None] Loading extension file: uplink_status_propagation.py {{(pid=111163) _load_all_extensions_from_path /opt/stack/neutron/neutron/api/extensions.py:450}}
Jun 16 20:01:03 ubuntu neutron-server[111163]: DEBUG neutron.api.extensions [None req-443e9f6d-7bbf-42d4-9a31-bb5c3356f13e None None] Ext name="Uplink status propagation extension" alias="uplink-status-propagation" description="Provides ability to propagate port uplink status." updated="2018-05-31T18:00:00-00:00" {{(pid=111163) _check_extension /opt/stack/neutron/neutron/api/extensions.py:416}}
Jun 16 20:01:03 ubuntu neutron-server[111163]: INFO neutron.api.extensions [None req-443e9f6d-7bbf-42d4-9a31-bb5c3356f13e None None] Extension uplink-status-propagation not supported by any of loaded plugins
Jun 16 20:01:03 ubuntu neutron-server[111163]: DEBUG neutron.api.extensions [None req-443e9f6d-7bbf-42d4-9a31-bb5c3356f13e None None] Loading extension file: vlantransparent.py {{(pid=111163) _load_all_extensions_from_path /opt/stack/neutron/neutron/api/extensions.py:450}}
Jun 16 20:01:03 ubuntu neutron-server[111163]: DEBUG neutron.api.extensions [None req-443e9f6d-7bbf-42d4-9a31-bb5c3356f13e None None] Ext name="Vlantransparent" alias="vlan-transparent" description="Provides Vlan Transparent Networks" updated="2015-03-23T09:00:00-00:00" {{(pid=111163) _check_extension /opt/stack/neutron/neutron/api/extensions.py:416}}
Jun 16 20:01:03 ubuntu neutron-server[111163]: INFO neutron.api.extensions [None req-443e9f6d-7bbf-42d4-9a31-bb5c3356f13e None None] Extension vlan-transparent not supported by any of loaded plugins
Jun 16 20:01:03 ubuntu neutron-server[111163]: INFO neutron.quota.resource_registry [None req-443e9f6d-7bbf-42d4-9a31-bb5c3356f13e None None] Creating instance of TrackedResource for resource:network
Jun 16 20:01:03 ubuntu neutron-server[111163]: INFO neutron.quota.resource_registry [None req-443e9f6d-7bbf-42d4-9a31-bb5c3356f13e None None] Creating instance of TrackedResource for resource:subnet
Jun 16 20:01:03 ubuntu neutron-server[111163]: INFO neutron.quota.resource_registry [None req-443e9f6d-7bbf-42d4-9a31-bb5c3356f13e None None] Creating instance of TrackedResource for resource:subnetpool
Jun 16 20:01:03 ubuntu neutron-server[111163]: INFO neutron.quota.resource_registry [None req-443e9f6d-7bbf-42d4-9a31-bb5c3356f13e None None] Creating instance of TrackedResource for resource:port
Jun 16 20:01:03 ubuntu neutron-server[111163]: DEBUG neutron.api.v2.resource_helper [None req-443e9f6d-7bbf-42d4-9a31-bb5c3356f13e None None] Service FLAVORS assigned prefix:  {{(pid=111163) build_resource_info /opt/stack/neutron/neutron/api/v2/resource_helper.py:77}}
Jun 16 20:01:03 ubuntu neutron-server[111163]: DEBUG neutron.api.v2.resource_helper [None req-443e9f6d-7bbf-42d4-9a31-bb5c3356f13e None None] Service L3_ROUTER_NAT assigned prefix:  {{(pid=111163) build_resource_info /opt/stack/neutron/neutron/api/v2/resource_helper.py:77}}
Jun 16 20:01:03 ubuntu neutron-server[111163]: DEBUG neutron.api.v2.resource_helper [None req-443e9f6d-7bbf-42d4-9a31-bb5c3356f13e None None] Service L3_ROUTER_NAT assigned prefix:  {{(pid=111163) build_resource_info /opt/stack/neutron/neutron/api/v2/resource_helper.py:77}}
Jun 16 20:01:03 ubuntu neutron-server[111163]: INFO neutron.quota.resource_registry [None req-443e9f6d-7bbf-42d4-9a31-bb5c3356f13e None None] Creating instance of TrackedResource for resource:router
Jun 16 20:01:03 ubuntu neutron-server[111163]: INFO neutron.quota.resource_registry [None req-443e9f6d-7bbf-42d4-9a31-bb5c3356f13e None None] Creating instance of TrackedResource for resource:floatingip
Jun 16 20:01:03 ubuntu neutron-server[111163]: DEBUG neutron_lib.callbacks.manager [None req-443e9f6d-7bbf-42d4-9a31-bb5c3356f13e None None] Subscribe: <bound method NeutronDbPluginV2.validate_network_rbac_policy_change of <neutron.services.network_ip_availability.plugin.NetworkIPAvailabilityPlugin object at 0x7f23ff075dc0>> rbac-policy before_create 55550000 {{(pid=111163) subscribe /usr/local/lib/python3.8/dist-packages/neutron_lib/callbacks/manager.py:45}}
Jun 16 20:01:03 ubuntu neutron-server[111163]: DEBUG neutron_lib.callbacks.manager [None req-443e9f6d-7bbf-42d4-9a31-bb5c3356f13e None None] Subscribe: <bound method NeutronDbPluginV2.validate_network_rbac_policy_change of <neutron.services.network_ip_availability.plugin.NetworkIPAvailabilityPlugin object at 0x7f23ff075dc0>> rbac-policy before_update 55550000 {{(pid=111163) subscribe /usr/local/lib/python3.8/dist-packages/neutron_lib/callbacks/manager.py:45}}
Jun 16 20:01:03 ubuntu neutron-server[111163]: DEBUG neutron_lib.callbacks.manager [None req-443e9f6d-7bbf-42d4-9a31-bb5c3356f13e None None] Subscribe: <bound method NeutronDbPluginV2.validate_network_rbac_policy_change of <neutron.services.network_ip_availability.plugin.NetworkIPAvailabilityPlugin object at 0x7f23ff075dc0>> rbac-policy before_delete 55550000 {{(pid=111163) subscribe /usr/local/lib/python3.8/dist-packages/neutron_lib/callbacks/manager.py:45}}
Jun 16 20:01:03 ubuntu neutron-server[111163]: INFO neutron.quota.resource_registry [None req-443e9f6d-7bbf-42d4-9a31-bb5c3356f13e None None] Creating instance of CountableResource for resource:rbac_policy
Jun 16 20:01:03 ubuntu neutron-server[111163]: INFO neutron.quota.resource_registry [None req-443e9f6d-7bbf-42d4-9a31-bb5c3356f13e None None] Creating instance of TrackedResource for resource:security_group
Jun 16 20:01:03 ubuntu neutron-server[111163]: INFO neutron.quota.resource_registry [None req-443e9f6d-7bbf-42d4-9a31-bb5c3356f13e None None] Creating instance of TrackedResource for resource:security_group_rule
Jun 16 20:01:03 ubuntu neutron-server[111163]: DEBUG neutron.api.v2.resource_helper [None req-443e9f6d-7bbf-42d4-9a31-bb5c3356f13e None None] Service FLAVORS assigned prefix:  {{(pid=111163) build_resource_info /opt/stack/neutron/neutron/api/v2/resource_helper.py:77}}
Jun 16 20:01:03 ubuntu neutron-server[111163]: DEBUG neutron.api.v2.resource_helper [None req-443e9f6d-7bbf-42d4-9a31-bb5c3356f13e None None] Service L3_ROUTER_NAT assigned prefix:  {{(pid=111163) build_resource_info /opt/stack/neutron/neutron/api/v2/resource_helper.py:77}}
Jun 16 20:01:03 ubuntu neutron-server[111163]: DEBUG neutron.api.v2.resource_helper [None req-443e9f6d-7bbf-42d4-9a31-bb5c3356f13e None None] Service L3_ROUTER_NAT assigned prefix:  {{(pid=111163) build_resource_info /opt/stack/neutron/neutron/api/v2/resource_helper.py:77}}
Jun 16 20:01:03 ubuntu neutron-server[111163]: INFO neutron.quota.resource_registry [None req-443e9f6d-7bbf-42d4-9a31-bb5c3356f13e None None] Creating instance of TrackedResource for resource:router
Jun 16 20:01:03 ubuntu neutron-server[111163]: WARNING neutron.quota.resource_registry [None req-443e9f6d-7bbf-42d4-9a31-bb5c3356f13e None None] router is already registered
Jun 16 20:01:03 ubuntu neutron-server[111163]: INFO neutron.quota.resource_registry [None req-443e9f6d-7bbf-42d4-9a31-bb5c3356f13e None None] Creating instance of TrackedResource for resource:floatingip
Jun 16 20:01:03 ubuntu neutron-server[111163]: WARNING neutron.quota.resource_registry [None req-443e9f6d-7bbf-42d4-9a31-bb5c3356f13e None None] floatingip is already registered
Jun 16 20:01:03 ubuntu neutron-server[111163]: INFO neutron.quota.resource_registry [None req-443e9f6d-7bbf-42d4-9a31-bb5c3356f13e None None] Creating instance of CountableResource for resource:rbac_policy
Jun 16 20:01:03 ubuntu neutron-server[111163]: WARNING neutron.quota.resource_registry [None req-443e9f6d-7bbf-42d4-9a31-bb5c3356f13e None None] rbac_policy is already registered
Jun 16 20:01:03 ubuntu neutron-server[111163]: INFO neutron.quota.resource_registry [None req-443e9f6d-7bbf-42d4-9a31-bb5c3356f13e None None] Creating instance of TrackedResource for resource:security_group
Jun 16 20:01:03 ubuntu neutron-server[111163]: WARNING neutron.quota.resource_registry [None req-443e9f6d-7bbf-42d4-9a31-bb5c3356f13e None None] security_group is already registered
Jun 16 20:01:03 ubuntu neutron-server[111163]: INFO neutron.quota.resource_registry [None req-443e9f6d-7bbf-42d4-9a31-bb5c3356f13e None None] Creating instance of TrackedResource for resource:security_group_rule
Jun 16 20:01:03 ubuntu neutron-server[111163]: WARNING neutron.quota.resource_registry [None req-443e9f6d-7bbf-42d4-9a31-bb5c3356f13e None None] security_group_rule is already registered
Jun 16 20:01:03 ubuntu neutron-server[111163]: DEBUG neutron.api.extensions [None req-443e9f6d-7bbf-42d4-9a31-bb5c3356f13e None None] Extended resource: extensions {{(pid=111163) __init__ /opt/stack/neutron/neutron/api/extensions.py:157}}
Jun 16 20:01:03 ubuntu neutron-server[111163]: DEBUG neutron.api.extensions [None req-443e9f6d-7bbf-42d4-9a31-bb5c3356f13e None None] Extended resource: address-groups {{(pid=111163) __init__ /opt/stack/neutron/neutron/api/extensions.py:157}}
Jun 16 20:01:03 ubuntu neutron-server[111163]: DEBUG neutron.api.extensions [None req-443e9f6d-7bbf-42d4-9a31-bb5c3356f13e None None] Extended resource: address-scopes {{(pid=111163) __init__ /opt/stack/neutron/neutron/api/extensions.py:157}}
Jun 16 20:01:03 ubuntu neutron-server[111163]: DEBUG neutron.api.extensions [None req-443e9f6d-7bbf-42d4-9a31-bb5c3356f13e None None] Extended resource: agents {{(pid=111163) __init__ /opt/stack/neutron/neutron/api/extensions.py:157}}
Jun 16 20:01:03 ubuntu neutron-server[111163]: DEBUG neutron.api.extensions [None req-443e9f6d-7bbf-42d4-9a31-bb5c3356f13e None None] Extended resource: auto-allocated-topology {{(pid=111163) __init__ /opt/stack/neutron/neutron/api/extensions.py:157}}
Jun 16 20:01:03 ubuntu neutron-server[111163]: DEBUG neutron.api.extensions [None req-443e9f6d-7bbf-42d4-9a31-bb5c3356f13e None None] Extended resource: availability_zones {{(pid=111163) __init__ /opt/stack/neutron/neutron/api/extensions.py:157}}
Jun 16 20:01:03 ubuntu neutron-server[111163]: DEBUG neutron.api.extensions [None req-443e9f6d-7bbf-42d4-9a31-bb5c3356f13e None None] Extended resource: flavors {{(pid=111163) __init__ /opt/stack/neutron/neutron/api/extensions.py:157}}
Jun 16 20:01:03 ubuntu neutron-server[111163]: DEBUG neutron.api.extensions [None req-443e9f6d-7bbf-42d4-9a31-bb5c3356f13e None None] Extended resource: service_profiles {{(pid=111163) __init__ /opt/stack/neutron/neutron/api/extensions.py:157}}
Jun 16 20:01:03 ubuntu neutron-server[111163]: DEBUG neutron.api.extensions [None req-443e9f6d-7bbf-42d4-9a31-bb5c3356f13e None None] Extended resource: next_providers {{(pid=111163) __init__ /opt/stack/neutron/neutron/api/extensions.py:157}}
Jun 16 20:01:03 ubuntu neutron-server[111163]: DEBUG neutron.api.extensions [None req-443e9f6d-7bbf-42d4-9a31-bb5c3356f13e None None] Extended resource: service_profiles {{(pid=111163) __init__ /opt/stack/neutron/neutron/api/extensions.py:157}}
Jun 16 20:01:03 ubuntu neutron-server[111163]: DEBUG neutron.api.extensions [None req-443e9f6d-7bbf-42d4-9a31-bb5c3356f13e None None] Extended resource: floatingip-pools {{(pid=111163) __init__ /opt/stack/neutron/neutron/api/extensions.py:157}}
Jun 16 20:01:03 ubuntu neutron-server[111163]: DEBUG neutron.api.extensions [None req-443e9f6d-7bbf-42d4-9a31-bb5c3356f13e None None] Extended resource: routers {{(pid=111163) __init__ /opt/stack/neutron/neutron/api/extensions.py:157}}
Jun 16 20:01:03 ubuntu neutron-server[111163]: DEBUG neutron.api.extensions [None req-443e9f6d-7bbf-42d4-9a31-bb5c3356f13e None None] Extended resource: floatingips {{(pid=111163) __init__ /opt/stack/neutron/neutron/api/extensions.py:157}}
Jun 16 20:01:03 ubuntu neutron-server[111163]: DEBUG neutron.api.extensions [None req-443e9f6d-7bbf-42d4-9a31-bb5c3356f13e None None] Extended resource: network-ip-availabilities {{(pid=111163) __init__ /opt/stack/neutron/neutron/api/extensions.py:157}}
Jun 16 20:01:03 ubuntu neutron-server[111163]: DEBUG neutron.api.extensions [None req-443e9f6d-7bbf-42d4-9a31-bb5c3356f13e None None] Extended resource: bindings {{(pid=111163) __init__ /opt/stack/neutron/neutron/api/extensions.py:157}}
Jun 16 20:01:03 ubuntu neutron-server[111163]: DEBUG neutron.api.extensions [None req-443e9f6d-7bbf-42d4-9a31-bb5c3356f13e None None] Extended resource: quotas {{(pid=111163) __init__ /opt/stack/neutron/neutron/api/extensions.py:157}}
Jun 16 20:01:03 ubuntu neutron-server[111163]: DEBUG neutron.api.extensions [None req-443e9f6d-7bbf-42d4-9a31-bb5c3356f13e None None] Extended resource: quotas {{(pid=111163) __init__ /opt/stack/neutron/neutron/api/extensions.py:157}}
Jun 16 20:01:03 ubuntu neutron-server[111163]: DEBUG neutron.api.extensions [None req-443e9f6d-7bbf-42d4-9a31-bb5c3356f13e None None] Extended resource: rbac-policies {{(pid=111163) __init__ /opt/stack/neutron/neutron/api/extensions.py:157}}
Jun 16 20:01:03 ubuntu neutron-server[111163]: DEBUG neutron.api.extensions [None req-443e9f6d-7bbf-42d4-9a31-bb5c3356f13e None None] Extended resource: security-groups {{(pid=111163) __init__ /opt/stack/neutron/neutron/api/extensions.py:157}}
Jun 16 20:01:03 ubuntu neutron-server[111163]: DEBUG neutron.api.extensions [None req-443e9f6d-7bbf-42d4-9a31-bb5c3356f13e None None] Extended resource: security-group-rules {{(pid=111163) __init__ /opt/stack/neutron/neutron/api/extensions.py:157}}
Jun 16 20:01:03 ubuntu neutron-server[111163]: DEBUG neutron.api.extensions [None req-443e9f6d-7bbf-42d4-9a31-bb5c3356f13e None None] Extended resource: service-providers {{(pid=111163) __init__ /opt/stack/neutron/neutron/api/extensions.py:157}}
Jun 16 20:01:03 ubuntu neutron-server[111163]: DEBUG neutron.api.extensions [None req-443e9f6d-7bbf-42d4-9a31-bb5c3356f13e None None] Extended resource: tags {{(pid=111163) __init__ /opt/stack/neutron/neutron/api/extensions.py:157}}
Jun 16 20:01:03 ubuntu neutron-server[111163]: DEBUG neutron.api.extensions [None req-443e9f6d-7bbf-42d4-9a31-bb5c3356f13e None None] Extended resource: tags {{(pid=111163) __init__ /opt/stack/neutron/neutron/api/extensions.py:157}}
Jun 16 20:01:03 ubuntu neutron-server[111163]: DEBUG neutron.api.extensions [None req-443e9f6d-7bbf-42d4-9a31-bb5c3356f13e None None] Extended resource: tags {{(pid=111163) __init__ /opt/stack/neutron/neutron/api/extensions.py:157}}
Jun 16 20:01:03 ubuntu neutron-server[111163]: DEBUG neutron.api.extensions [None req-443e9f6d-7bbf-42d4-9a31-bb5c3356f13e None None] Extended resource: tags {{(pid=111163) __init__ /opt/stack/neutron/neutron/api/extensions.py:157}}
Jun 16 20:01:03 ubuntu neutron-server[111163]: DEBUG neutron.api.extensions [None req-443e9f6d-7bbf-42d4-9a31-bb5c3356f13e None None] Extended resource: tags {{(pid=111163) __init__ /opt/stack/neutron/neutron/api/extensions.py:157}}
Jun 16 20:01:03 ubuntu neutron-server[111163]: DEBUG neutron.api.extensions [None req-443e9f6d-7bbf-42d4-9a31-bb5c3356f13e None None] Extended resource: tags {{(pid=111163) __init__ /opt/stack/neutron/neutron/api/extensions.py:157}}
Jun 16 20:01:03 ubuntu neutron-server[111163]: DEBUG neutron.api.extensions [None req-443e9f6d-7bbf-42d4-9a31-bb5c3356f13e None None] Extended resource: tags {{(pid=111163) __init__ /opt/stack/neutron/neutron/api/extensions.py:157}}
Jun 16 20:01:03 ubuntu neutron-server[111163]: DEBUG neutron.api.extensions [None req-443e9f6d-7bbf-42d4-9a31-bb5c3356f13e None None] Extended resource: tags {{(pid=111163) __init__ /opt/stack/neutron/neutron/api/extensions.py:157}}
Jun 16 20:01:03 ubuntu neutron-server[111163]: DEBUG neutron.api.extensions [None req-443e9f6d-7bbf-42d4-9a31-bb5c3356f13e None None] Extended resource: tags {{(pid=111163) __init__ /opt/stack/neutron/neutron/api/extensions.py:157}}
Jun 16 20:01:03 ubuntu neutron-server[111163]: DEBUG neutron.api.extensions [None req-443e9f6d-7bbf-42d4-9a31-bb5c3356f13e None None] Extended resource: tags {{(pid=111163) __init__ /opt/stack/neutron/neutron/api/extensions.py:157}}
Jun 16 20:01:03 ubuntu neutron-server[111163]: WARNING keystonemiddleware.auth_token [None req-443e9f6d-7bbf-42d4-9a31-bb5c3356f13e None None] AuthToken middleware is set with keystone_authtoken.service_token_roles_required set to False. This is backwards compatible but deprecated behaviour. Please set this to True.
Jun 16 20:01:03 ubuntu neutron-server[111163]: WARNING keystonemiddleware.auth_token [None req-443e9f6d-7bbf-42d4-9a31-bb5c3356f13e None None] Configuring www_authenticate_uri to point to the public identity endpoint is required; clients may not be able to authenticate against an admin endpoint
Jun 16 20:01:03 ubuntu neutron-server[111163]: DEBUG oslo_concurrency.lockutils [None req-443e9f6d-7bbf-42d4-9a31-bb5c3356f13e None None] Acquired lock "singleton_lock" {{(pid=111163) lock /usr/local/lib/python3.8/dist-packages/oslo_concurrency/lockutils.py:294}}
Jun 16 20:01:03 ubuntu neutron-server[111163]: DEBUG oslo_concurrency.lockutils [None req-443e9f6d-7bbf-42d4-9a31-bb5c3356f13e None None] Releasing lock "singleton_lock" {{(pid=111163) lock /usr/local/lib/python3.8/dist-packages/oslo_concurrency/lockutils.py:312}}
Jun 16 20:01:03 ubuntu neutron-server[111163]: INFO oslo_service.service [None req-443e9f6d-7bbf-42d4-9a31-bb5c3356f13e None None] Starting 2 workers
Jun 16 20:01:03 ubuntu neutron-server[111163]: DEBUG oslo_service.service [None req-443e9f6d-7bbf-42d4-9a31-bb5c3356f13e None None] Started child 111370 {{(pid=111163) _start_child /usr/local/lib/python3.8/dist-packages/oslo_service/service.py:575}}
Jun 16 20:01:03 ubuntu neutron-server[111163]: DEBUG oslo_service.service [None req-443e9f6d-7bbf-42d4-9a31-bb5c3356f13e None None] Started child 111371 {{(pid=111163) _start_child /usr/local/lib/python3.8/dist-packages/oslo_service/service.py:575}}
Jun 16 20:01:03 ubuntu neutron-server[111163]: INFO neutron.service [None req-443e9f6d-7bbf-42d4-9a31-bb5c3356f13e None None] Neutron service started, listening on 0.0.0.0:9696
Jun 16 20:01:03 ubuntu neutron-server[111163]: DEBUG neutron_lib.callbacks.manager [None req-443e9f6d-7bbf-42d4-9a31-bb5c3356f13e None None] Publish callbacks ['neutron.plugins.ml2.drivers.ovn.mech_driver.mech_driver.OVNMechanismDriver.pre_fork_initialize-587109'] for process (None), before_spawn {{(pid=111163) _notify_loop /usr/local/lib/python3.8/dist-packages/neutron_lib/callbacks/manager.py:176}}
Jun 16 20:01:03 ubuntu neutron-server[111370]: DEBUG neutron_lib.callbacks.manager [-] Publish callbacks ['neutron.plugins.ml2.drivers.ovn.mech_driver.mech_driver.OVNMechanismDriver.post_fork_initialize-587073'] for process (None), after_init {{(pid=111370) _notify_loop /usr/local/lib/python3.8/dist-packages/neutron_lib/callbacks/manager.py:176}}
Jun 16 20:01:03 ubuntu neutron-server[111371]: DEBUG neutron_lib.callbacks.manager [-] Publish callbacks ['neutron.plugins.ml2.drivers.ovn.mech_driver.mech_driver.OVNMechanismDriver.post_fork_initialize-587073'] for process (None), after_init {{(pid=111371) _notify_loop /usr/local/lib/python3.8/dist-packages/neutron_lib/callbacks/manager.py:176}}
Jun 16 20:01:03 ubuntu neutron-server[111371]: DEBUG dbcounter [-] [111371] Writer thread running {{(pid=111371) stat_writer /usr/local/lib/python3.8/dist-packages/dbcounter.py:99}}
Jun 16 20:01:03 ubuntu neutron-server[111370]: DEBUG dbcounter [-] [111370] Writer thread running {{(pid=111370) stat_writer /usr/local/lib/python3.8/dist-packages/dbcounter.py:99}}
Jun 16 20:01:03 ubuntu neutron-server[111163]: DEBUG ovsdbapp.backend.ovs_idl [None req-443e9f6d-7bbf-42d4-9a31-bb5c3356f13e None None] Created schema index Port_Group.name {{(pid=111163) autocreate_indices /usr/local/lib/python3.8/dist-packages/ovsdbapp/backend/ovs_idl/__init__.py:104}}
Jun 16 20:01:03 ubuntu neutron-server[111163]: DEBUG ovsdbapp.backend.ovs_idl [None req-443e9f6d-7bbf-42d4-9a31-bb5c3356f13e None None] Created schema index Logical_Switch_Port.name {{(pid=111163) autocreate_indices /usr/local/lib/python3.8/dist-packages/ovsdbapp/backend/ovs_idl/__init__.py:104}}
Jun 16 20:01:03 ubuntu neutron-server[111371]: INFO neutron.plugins.ml2.drivers.ovn.mech_driver.ovsdb.impl_idl_ovn [None req-ab59201c-e44d-4dff-8e3c-7bba9605c559 None None] Getting OvsdbNbOvnIdl for WorkerService with retry
Jun 16 20:01:03 ubuntu neutron-server[111370]: INFO neutron.plugins.ml2.drivers.ovn.mech_driver.ovsdb.impl_idl_ovn [None req-72e7063e-073a-4e1f-84a6-8549204dae7e None None] Getting OvsdbNbOvnIdl for WorkerService with retry
Jun 16 20:01:03 ubuntu neutron-server[111163]: DEBUG ovsdbapp.backend.ovs_idl.transaction [-] Running txn n=1 command(idx=0): PgAddCommand(name=neutron_pg_drop, may_exist=True, columns={'acls': []}) {{(pid=111163) do_commit /usr/local/lib/python3.8/dist-packages/ovsdbapp/backend/ovs_idl/transaction.py:90}}
Jun 16 20:01:03 ubuntu neutron-server[111163]: DEBUG ovsdbapp.backend.ovs_idl.transaction [-] Running txn n=1 command(idx=1): PgAclAddCommand(entity=neutron_pg_drop, direction=from-lport, priority=1001, match=inport == @neutron_pg_drop && ip, action=drop, log=False, may_exist=True, severity=[], name=[], meter=None, external_ids={}) {{(pid=111163) do_commit /usr/local/lib/python3.8/dist-packages/ovsdbapp/backend/ovs_idl/transaction.py:90}}
Jun 16 20:01:03 ubuntu neutron-server[111163]: DEBUG ovsdbapp.backend.ovs_idl.transaction [-] Running txn n=1 command(idx=2): PgAclAddCommand(entity=neutron_pg_drop, direction=to-lport, priority=1001, match=outport == @neutron_pg_drop && ip, action=drop, log=False, may_exist=True, severity=[], name=[], meter=None, external_ids={}) {{(pid=111163) do_commit /usr/local/lib/python3.8/dist-packages/ovsdbapp/backend/ovs_idl/transaction.py:90}}
Jun 16 20:01:03 ubuntu neutron-server[111163]: DEBUG ovsdbapp.backend.ovs_idl.event [-] Matched CREATE: NeutronPgDropPortGroupCreated(events=('create',), table='Port_Group', conditions=(('name', '=', 'neutron_pg_drop'),), old_conditions=None), priority=10 to row=Port_Group(name=neutron_pg_drop, ports=[], external_ids={}, acls=[<ovs.db.idl.Row object at 0x7f23ff4157f0>, <ovs.db.idl.Row object at 0x7f23ff404c10>]) old= {{(pid=111163) matches /usr/local/lib/python3.8/dist-packages/ovsdbapp/backend/ovs_idl/event.py:43}}
Jun 16 20:01:03 ubuntu neutron-server[111370]: DEBUG ovsdbapp.backend.ovs_idl [None req-72e7063e-073a-4e1f-84a6-8549204dae7e None None] Created lookup_table index Logical_Switch.name {{(pid=111370) autocreate_indices /usr/local/lib/python3.8/dist-packages/ovsdbapp/backend/ovs_idl/__init__.py:85}}
Jun 16 20:01:03 ubuntu neutron-server[111371]: DEBUG ovsdbapp.backend.ovs_idl [None req-ab59201c-e44d-4dff-8e3c-7bba9605c559 None None] Created lookup_table index Logical_Switch.name {{(pid=111371) autocreate_indices /usr/local/lib/python3.8/dist-packages/ovsdbapp/backend/ovs_idl/__init__.py:85}}
Jun 16 20:01:03 ubuntu neutron-server[111371]: DEBUG ovsdbapp.backend.ovs_idl [None req-ab59201c-e44d-4dff-8e3c-7bba9605c559 None None] Created lookup_table index Logical_Router.name {{(pid=111371) autocreate_indices /usr/local/lib/python3.8/dist-packages/ovsdbapp/backend/ovs_idl/__init__.py:85}}
Jun 16 20:01:03 ubuntu neutron-server[111370]: DEBUG ovsdbapp.backend.ovs_idl [None req-72e7063e-073a-4e1f-84a6-8549204dae7e None None] Created lookup_table index Logical_Router.name {{(pid=111370) autocreate_indices /usr/local/lib/python3.8/dist-packages/ovsdbapp/backend/ovs_idl/__init__.py:85}}
Jun 16 20:01:03 ubuntu neutron-server[111371]: DEBUG ovsdbapp.backend.ovs_idl [None req-ab59201c-e44d-4dff-8e3c-7bba9605c559 None None] Created lookup_table index Load_Balancer.name {{(pid=111371) autocreate_indices /usr/local/lib/python3.8/dist-packages/ovsdbapp/backend/ovs_idl/__init__.py:85}}
Jun 16 20:01:03 ubuntu neutron-server[111371]: DEBUG ovsdbapp.backend.ovs_idl [None req-ab59201c-e44d-4dff-8e3c-7bba9605c559 None None] Created schema index Meter.name {{(pid=111371) autocreate_indices /usr/local/lib/python3.8/dist-packages/ovsdbapp/backend/ovs_idl/__init__.py:104}}
Jun 16 20:01:03 ubuntu neutron-server[111370]: DEBUG ovsdbapp.backend.ovs_idl [None req-72e7063e-073a-4e1f-84a6-8549204dae7e None None] Created lookup_table index Load_Balancer.name {{(pid=111370) autocreate_indices /usr/local/lib/python3.8/dist-packages/ovsdbapp/backend/ovs_idl/__init__.py:85}}
Jun 16 20:01:03 ubuntu neutron-server[111371]: DEBUG ovsdbapp.backend.ovs_idl [None req-ab59201c-e44d-4dff-8e3c-7bba9605c559 None None] Created schema index Address_Set.name {{(pid=111371) autocreate_indices /usr/local/lib/python3.8/dist-packages/ovsdbapp/backend/ovs_idl/__init__.py:104}}
Jun 16 20:01:03 ubuntu neutron-server[111371]: DEBUG ovsdbapp.backend.ovs_idl [None req-ab59201c-e44d-4dff-8e3c-7bba9605c559 None None] Created schema index HA_Chassis_Group.name {{(pid=111371) autocreate_indices /usr/local/lib/python3.8/dist-packages/ovsdbapp/backend/ovs_idl/__init__.py:104}}
Jun 16 20:01:03 ubuntu neutron-server[111370]: DEBUG ovsdbapp.backend.ovs_idl [None req-72e7063e-073a-4e1f-84a6-8549204dae7e None None] Created schema index Meter.name {{(pid=111370) autocreate_indices /usr/local/lib/python3.8/dist-packages/ovsdbapp/backend/ovs_idl/__init__.py:104}}
Jun 16 20:01:03 ubuntu neutron-server[111371]: DEBUG ovsdbapp.backend.ovs_idl [None req-ab59201c-e44d-4dff-8e3c-7bba9605c559 None None] Created schema index Connection.target {{(pid=111371) autocreate_indices /usr/local/lib/python3.8/dist-packages/ovsdbapp/backend/ovs_idl/__init__.py:104}}
Jun 16 20:01:03 ubuntu neutron-server[111371]: DEBUG ovsdbapp.backend.ovs_idl [None req-ab59201c-e44d-4dff-8e3c-7bba9605c559 None None] Created schema index Gateway_Chassis.name {{(pid=111371) autocreate_indices /usr/local/lib/python3.8/dist-packages/ovsdbapp/backend/ovs_idl/__init__.py:104}}
Jun 16 20:01:03 ubuntu neutron-server[111370]: DEBUG ovsdbapp.backend.ovs_idl [None req-72e7063e-073a-4e1f-84a6-8549204dae7e None None] Created schema index Address_Set.name {{(pid=111370) autocreate_indices /usr/local/lib/python3.8/dist-packages/ovsdbapp/backend/ovs_idl/__init__.py:104}}
Jun 16 20:01:03 ubuntu neutron-server[111371]: DEBUG ovsdbapp.backend.ovs_idl [None req-ab59201c-e44d-4dff-8e3c-7bba9605c559 None None] Created schema index Logical_Router_Port.name {{(pid=111371) autocreate_indices /usr/local/lib/python3.8/dist-packages/ovsdbapp/backend/ovs_idl/__init__.py:104}}
Jun 16 20:01:03 ubuntu neutron-server[111370]: DEBUG ovsdbapp.backend.ovs_idl [None req-72e7063e-073a-4e1f-84a6-8549204dae7e None None] Created schema index HA_Chassis_Group.name {{(pid=111370) autocreate_indices /usr/local/lib/python3.8/dist-packages/ovsdbapp/backend/ovs_idl/__init__.py:104}}
Jun 16 20:01:03 ubuntu neutron-server[111371]: DEBUG ovsdbapp.backend.ovs_idl [None req-ab59201c-e44d-4dff-8e3c-7bba9605c559 None None] Created schema index Port_Group.name {{(pid=111371) autocreate_indices /usr/local/lib/python3.8/dist-packages/ovsdbapp/backend/ovs_idl/__init__.py:104}}
Jun 16 20:01:03 ubuntu neutron-server[111371]: DEBUG ovsdbapp.backend.ovs_idl [None req-ab59201c-e44d-4dff-8e3c-7bba9605c559 None None] Created schema index Logical_Switch_Port.name {{(pid=111371) autocreate_indices /usr/local/lib/python3.8/dist-packages/ovsdbapp/backend/ovs_idl/__init__.py:104}}
Jun 16 20:01:03 ubuntu neutron-server[111370]: DEBUG ovsdbapp.backend.ovs_idl [None req-72e7063e-073a-4e1f-84a6-8549204dae7e None None] Created schema index Connection.target {{(pid=111370) autocreate_indices /usr/local/lib/python3.8/dist-packages/ovsdbapp/backend/ovs_idl/__init__.py:104}}
Jun 16 20:01:03 ubuntu neutron-server[111370]: DEBUG ovsdbapp.backend.ovs_idl [None req-72e7063e-073a-4e1f-84a6-8549204dae7e None None] Created schema index Gateway_Chassis.name {{(pid=111370) autocreate_indices /usr/local/lib/python3.8/dist-packages/ovsdbapp/backend/ovs_idl/__init__.py:104}}
Jun 16 20:01:03 ubuntu neutron-server[111371]: INFO ovsdbapp.backend.ovs_idl.vlog [None req-ab59201c-e44d-4dff-8e3c-7bba9605c559 None None] tcp:192.168.79.41:6641: connecting...
Jun 16 20:01:03 ubuntu neutron-server[111370]: DEBUG ovsdbapp.backend.ovs_idl [None req-72e7063e-073a-4e1f-84a6-8549204dae7e None None] Created schema index Logical_Router_Port.name {{(pid=111370) autocreate_indices /usr/local/lib/python3.8/dist-packages/ovsdbapp/backend/ovs_idl/__init__.py:104}}
Jun 16 20:01:03 ubuntu neutron-server[111371]: INFO ovsdbapp.backend.ovs_idl.vlog [None req-ab59201c-e44d-4dff-8e3c-7bba9605c559 None None] tcp:192.168.79.41:6641: connected
Jun 16 20:01:03 ubuntu neutron-server[111370]: DEBUG ovsdbapp.backend.ovs_idl [None req-72e7063e-073a-4e1f-84a6-8549204dae7e None None] Created schema index Port_Group.name {{(pid=111370) autocreate_indices /usr/local/lib/python3.8/dist-packages/ovsdbapp/backend/ovs_idl/__init__.py:104}}
Jun 16 20:01:03 ubuntu neutron-server[111370]: DEBUG ovsdbapp.backend.ovs_idl [None req-72e7063e-073a-4e1f-84a6-8549204dae7e None None] Created schema index Logical_Switch_Port.name {{(pid=111370) autocreate_indices /usr/local/lib/python3.8/dist-packages/ovsdbapp/backend/ovs_idl/__init__.py:104}}
Jun 16 20:01:03 ubuntu neutron-server[111370]: INFO ovsdbapp.backend.ovs_idl.vlog [None req-72e7063e-073a-4e1f-84a6-8549204dae7e None None] tcp:192.168.79.41:6641: connecting...
Jun 16 20:01:03 ubuntu neutron-server[111370]: INFO ovsdbapp.backend.ovs_idl.vlog [None req-72e7063e-073a-4e1f-84a6-8549204dae7e None None] tcp:192.168.79.41:6641: connected
Jun 16 20:01:03 ubuntu neutron-server[111163]: DEBUG ovsdbapp.backend.ovs_idl [None req-443e9f6d-7bbf-42d4-9a31-bb5c3356f13e None None] Created lookup_table index Logical_Switch.name {{(pid=111163) autocreate_indices /usr/local/lib/python3.8/dist-packages/ovsdbapp/backend/ovs_idl/__init__.py:85}}
Jun 16 20:01:03 ubuntu neutron-server[111163]: DEBUG ovsdbapp.backend.ovs_idl [None req-443e9f6d-7bbf-42d4-9a31-bb5c3356f13e None None] Created lookup_table index Logical_Router.name {{(pid=111163) autocreate_indices /usr/local/lib/python3.8/dist-packages/ovsdbapp/backend/ovs_idl/__init__.py:85}}
Jun 16 20:01:03 ubuntu neutron-server[111163]: DEBUG ovsdbapp.backend.ovs_idl [None req-443e9f6d-7bbf-42d4-9a31-bb5c3356f13e None None] Created lookup_table index Load_Balancer.name {{(pid=111163) autocreate_indices /usr/local/lib/python3.8/dist-packages/ovsdbapp/backend/ovs_idl/__init__.py:85}}
Jun 16 20:01:03 ubuntu neutron-server[111163]: DEBUG ovsdbapp.backend.ovs_idl [None req-443e9f6d-7bbf-42d4-9a31-bb5c3356f13e None None] Created schema index Meter.name {{(pid=111163) autocreate_indices /usr/local/lib/python3.8/dist-packages/ovsdbapp/backend/ovs_idl/__init__.py:104}}
Jun 16 20:01:03 ubuntu neutron-server[111163]: DEBUG ovsdbapp.backend.ovs_idl [None req-443e9f6d-7bbf-42d4-9a31-bb5c3356f13e None None] Created schema index Address_Set.name {{(pid=111163) autocreate_indices /usr/local/lib/python3.8/dist-packages/ovsdbapp/backend/ovs_idl/__init__.py:104}}
Jun 16 20:01:03 ubuntu neutron-server[111163]: DEBUG ovsdbapp.backend.ovs_idl [None req-443e9f6d-7bbf-42d4-9a31-bb5c3356f13e None None] Created schema index HA_Chassis_Group.name {{(pid=111163) autocreate_indices /usr/local/lib/python3.8/dist-packages/ovsdbapp/backend/ovs_idl/__init__.py:104}}
Jun 16 20:01:03 ubuntu neutron-server[111163]: DEBUG ovsdbapp.backend.ovs_idl [None req-443e9f6d-7bbf-42d4-9a31-bb5c3356f13e None None] Created schema index Connection.target {{(pid=111163) autocreate_indices /usr/local/lib/python3.8/dist-packages/ovsdbapp/backend/ovs_idl/__init__.py:104}}
Jun 16 20:01:03 ubuntu neutron-server[111163]: DEBUG ovsdbapp.backend.ovs_idl [None req-443e9f6d-7bbf-42d4-9a31-bb5c3356f13e None None] Created schema index Gateway_Chassis.name {{(pid=111163) autocreate_indices /usr/local/lib/python3.8/dist-packages/ovsdbapp/backend/ovs_idl/__init__.py:104}}
Jun 16 20:01:03 ubuntu neutron-server[111163]: DEBUG ovsdbapp.backend.ovs_idl [None req-443e9f6d-7bbf-42d4-9a31-bb5c3356f13e None None] Created schema index Logical_Router_Port.name {{(pid=111163) autocreate_indices /usr/local/lib/python3.8/dist-packages/ovsdbapp/backend/ovs_idl/__init__.py:104}}
Jun 16 20:01:03 ubuntu neutron-server[111163]: DEBUG ovsdbapp.backend.ovs_idl [None req-443e9f6d-7bbf-42d4-9a31-bb5c3356f13e None None] Created schema index Port_Group.name {{(pid=111163) autocreate_indices /usr/local/lib/python3.8/dist-packages/ovsdbapp/backend/ovs_idl/__init__.py:104}}
Jun 16 20:01:03 ubuntu neutron-server[111163]: DEBUG ovsdbapp.backend.ovs_idl [None req-443e9f6d-7bbf-42d4-9a31-bb5c3356f13e None None] Created schema index Logical_Switch_Port.name {{(pid=111163) autocreate_indices /usr/local/lib/python3.8/dist-packages/ovsdbapp/backend/ovs_idl/__init__.py:104}}
Jun 16 20:01:04 ubuntu neutron-server[111370]: DEBUG neutron.common.ovn.hash_ring_manager [None req-72e7063e-073a-4e1f-84a6-8549204dae7e None None] Allow caching, nodes 2>=2 {{(pid=111370) _wait_startup_before_caching /opt/stack/neutron/neutron/common/ovn/hash_ring_manager.py:60}}
Jun 16 20:01:04 ubuntu neutron-server[111371]: DEBUG neutron.common.ovn.hash_ring_manager [None req-ab59201c-e44d-4dff-8e3c-7bba9605c559 None None] Allow caching, nodes 2>=2 {{(pid=111371) _wait_startup_before_caching /opt/stack/neutron/neutron/common/ovn/hash_ring_manager.py:60}}
Jun 16 20:01:04 ubuntu neutron-server[111370]: DEBUG neutron.plugins.ml2.drivers.ovn.mech_driver.ovsdb.ovsdb_monitor [None req-72e7063e-073a-4e1f-84a6-8549204dae7e None None] Hash Ring: Node d375a32d-367a-42be-a072-272cc159ce33 (host: ubuntu) handling event "create" for row b790046e-cc5d-471f-9fd9-f1545961e065 (table: Database) {{(pid=111370) notify /opt/stack/neutron/neutron/plugins/ml2/drivers/ovn/mech_driver/ovsdb/ovsdb_monitor.py:743}}
Jun 16 20:01:04 ubuntu neutron-server[111370]: DEBUG neutron.plugins.ml2.drivers.ovn.mech_driver.ovsdb.ovsdb_monitor [None req-72e7063e-073a-4e1f-84a6-8549204dae7e None None] Hash Ring: Node d375a32d-367a-42be-a072-272cc159ce33 (host: ubuntu) handling event "create" for row 5e32c5b0-a441-4e85-b7da-53f15189874f (table: Database) {{(pid=111370) notify /opt/stack/neutron/neutron/plugins/ml2/drivers/ovn/mech_driver/ovsdb/ovsdb_monitor.py:743}}
Jun 16 20:01:04 ubuntu neutron-server[111370]: DEBUG neutron.plugins.ml2.drivers.ovn.mech_driver.ovsdb.ovsdb_monitor [None req-72e7063e-073a-4e1f-84a6-8549204dae7e None None] Hash Ring: Node d375a32d-367a-42be-a072-272cc159ce33 (host: ubuntu) handling event "create" for row ca715651-b2ae-413c-aef2-79d8cb993698 (table: Port_Group) {{(pid=111370) notify /opt/stack/neutron/neutron/plugins/ml2/drivers/ovn/mech_driver/ovsdb/ovsdb_monitor.py:743}}
Jun 16 20:01:04 ubuntu neutron-server[111370]: DEBUG neutron.plugins.ml2.drivers.ovn.mech_driver.ovsdb.ovsdb_monitor [None req-72e7063e-073a-4e1f-84a6-8549204dae7e None None] Hash Ring: Node d375a32d-367a-42be-a072-272cc159ce33 (host: ubuntu) handling event "create" for row 79472e14-85b3-4ec1-8d49-d986d9767b1f (table: NB_Global) {{(pid=111370) notify /opt/stack/neutron/neutron/plugins/ml2/drivers/ovn/mech_driver/ovsdb/ovsdb_monitor.py:743}}
Jun 16 20:01:04 ubuntu neutron-server[111370]: DEBUG neutron.plugins.ml2.drivers.ovn.mech_driver.ovsdb.ovsdb_monitor [None req-72e7063e-073a-4e1f-84a6-8549204dae7e None None] Hash Ring: Node d375a32d-367a-42be-a072-272cc159ce33 (host: ubuntu) handling event "create" for row f0238cdf-938f-4c2b-9df1-e8e85cce46c1 (table: Connection) {{(pid=111370) notify /opt/stack/neutron/neutron/plugins/ml2/drivers/ovn/mech_driver/ovsdb/ovsdb_monitor.py:743}}
Jun 16 20:01:04 ubuntu neutron-server[111370]: INFO neutron.plugins.ml2.drivers.ovn.mech_driver.ovsdb.impl_idl_ovn [None req-72e7063e-073a-4e1f-84a6-8549204dae7e None None] Getting OvsdbSbOvnIdl for WorkerService with retry
Jun 16 20:01:04 ubuntu neutron-server[111163]: DEBUG ovsdbapp.backend.ovs_idl [None req-443e9f6d-7bbf-42d4-9a31-bb5c3356f13e None None] Created lookup_table index Chassis.name {{(pid=111163) autocreate_indices /usr/local/lib/python3.8/dist-packages/ovsdbapp/backend/ovs_idl/__init__.py:85}}
Jun 16 20:01:04 ubuntu neutron-server[111163]: DEBUG ovsdbapp.backend.ovs_idl [None req-443e9f6d-7bbf-42d4-9a31-bb5c3356f13e None None] Created lookup_table index MAC_Binding.ip {{(pid=111163) autocreate_indices /usr/local/lib/python3.8/dist-packages/ovsdbapp/backend/ovs_idl/__init__.py:85}}
Jun 16 20:01:04 ubuntu neutron-server[111163]: DEBUG ovsdbapp.backend.ovs_idl [None req-443e9f6d-7bbf-42d4-9a31-bb5c3356f13e None None] Created schema index Meter.name {{(pid=111163) autocreate_indices /usr/local/lib/python3.8/dist-packages/ovsdbapp/backend/ovs_idl/__init__.py:104}}
Jun 16 20:01:04 ubuntu neutron-server[111163]: DEBUG ovsdbapp.backend.ovs_idl [None req-443e9f6d-7bbf-42d4-9a31-bb5c3356f13e None None] Created schema index Address_Set.name {{(pid=111163) autocreate_indices /usr/local/lib/python3.8/dist-packages/ovsdbapp/backend/ovs_idl/__init__.py:104}}
Jun 16 20:01:04 ubuntu neutron-server[111163]: DEBUG ovsdbapp.backend.ovs_idl [None req-443e9f6d-7bbf-42d4-9a31-bb5c3356f13e None None] Created schema index HA_Chassis_Group.name {{(pid=111163) autocreate_indices /usr/local/lib/python3.8/dist-packages/ovsdbapp/backend/ovs_idl/__init__.py:104}}
Jun 16 20:01:04 ubuntu neutron-server[111163]: DEBUG ovsdbapp.backend.ovs_idl [None req-443e9f6d-7bbf-42d4-9a31-bb5c3356f13e None None] Created schema index IP_Multicast.datapath {{(pid=111163) autocreate_indices /usr/local/lib/python3.8/dist-packages/ovsdbapp/backend/ovs_idl/__init__.py:104}}
Jun 16 20:01:04 ubuntu neutron-server[111163]: DEBUG ovsdbapp.backend.ovs_idl [None req-443e9f6d-7bbf-42d4-9a31-bb5c3356f13e None None] Created schema index Connection.target {{(pid=111163) autocreate_indices /usr/local/lib/python3.8/dist-packages/ovsdbapp/backend/ovs_idl/__init__.py:104}}
Jun 16 20:01:04 ubuntu neutron-server[111163]: DEBUG ovsdbapp.backend.ovs_idl [None req-443e9f6d-7bbf-42d4-9a31-bb5c3356f13e None None] Created schema index Gateway_Chassis.name {{(pid=111163) autocreate_indices /usr/local/lib/python3.8/dist-packages/ovsdbapp/backend/ovs_idl/__init__.py:104}}
Jun 16 20:01:04 ubuntu neutron-server[111163]: DEBUG ovsdbapp.backend.ovs_idl [None req-443e9f6d-7bbf-42d4-9a31-bb5c3356f13e None None] Created schema index Port_Group.name {{(pid=111163) autocreate_indices /usr/local/lib/python3.8/dist-packages/ovsdbapp/backend/ovs_idl/__init__.py:104}}
Jun 16 20:01:04 ubuntu neutron-server[111163]: DEBUG ovsdbapp.backend.ovs_idl [None req-443e9f6d-7bbf-42d4-9a31-bb5c3356f13e None None] Created schema index Datapath_Binding.tunnel_key {{(pid=111163) autocreate_indices /usr/local/lib/python3.8/dist-packages/ovsdbapp/backend/ovs_idl/__init__.py:104}}
Jun 16 20:01:04 ubuntu neutron-server[111370]: DEBUG ovsdbapp.backend.ovs_idl [None req-72e7063e-073a-4e1f-84a6-8549204dae7e None None] Created lookup_table index Chassis.name {{(pid=111370) autocreate_indices /usr/local/lib/python3.8/dist-packages/ovsdbapp/backend/ovs_idl/__init__.py:85}}
Jun 16 20:01:04 ubuntu neutron-server[111370]: DEBUG ovsdbapp.backend.ovs_idl [None req-72e7063e-073a-4e1f-84a6-8549204dae7e None None] Created schema index Datapath_Binding.tunnel_key {{(pid=111370) autocreate_indices /usr/local/lib/python3.8/dist-packages/ovsdbapp/backend/ovs_idl/__init__.py:104}}
Jun 16 20:01:04 ubuntu neutron-server[111370]: DEBUG ovsdbapp.backend.ovs_idl [None req-72e7063e-073a-4e1f-84a6-8549204dae7e None None] Created schema index Connection.target {{(pid=111370) autocreate_indices /usr/local/lib/python3.8/dist-packages/ovsdbapp/backend/ovs_idl/__init__.py:104}}
Jun 16 20:01:04 ubuntu neutron-server[111370]: INFO ovsdbapp.backend.ovs_idl.vlog [None req-72e7063e-073a-4e1f-84a6-8549204dae7e None None] tcp:192.168.79.41:6642: connecting...
Jun 16 20:01:04 ubuntu neutron-server[111370]: INFO ovsdbapp.backend.ovs_idl.vlog [None req-72e7063e-073a-4e1f-84a6-8549204dae7e None None] tcp:192.168.79.41:6642: connected
Jun 16 20:01:04 ubuntu neutron-server[111371]: DEBUG neutron.plugins.ml2.drivers.ovn.mech_driver.ovsdb.ovsdb_monitor [None req-ab59201c-e44d-4dff-8e3c-7bba9605c559 None None] Hash Ring: Node 086a58bb-adc3-4a1f-af8a-a7386693419b (host: ubuntu) handling event "create" for row 4287fd13-7c22-490d-931c-0542bf018ab4 (table: ACL) {{(pid=111371) notify /opt/stack/neutron/neutron/plugins/ml2/drivers/ovn/mech_driver/ovsdb/ovsdb_monitor.py:743}}
Jun 16 20:01:04 ubuntu neutron-server[111371]: DEBUG neutron.plugins.ml2.drivers.ovn.mech_driver.ovsdb.ovsdb_monitor [None req-ab59201c-e44d-4dff-8e3c-7bba9605c559 None None] Hash Ring: Node 086a58bb-adc3-4a1f-af8a-a7386693419b (host: ubuntu) handling event "create" for row 774b9e57-7a54-443d-83fa-1c98c3ef1c5c (table: ACL) {{(pid=111371) notify /opt/stack/neutron/neutron/plugins/ml2/drivers/ovn/mech_driver/ovsdb/ovsdb_monitor.py:743}}
Jun 16 20:01:04 ubuntu neutron-server[111371]: INFO neutron.plugins.ml2.drivers.ovn.mech_driver.ovsdb.impl_idl_ovn [None req-ab59201c-e44d-4dff-8e3c-7bba9605c559 None None] Getting OvsdbSbOvnIdl for WorkerService with retry
Jun 16 20:01:04 ubuntu neutron-server[111371]: DEBUG ovsdbapp.backend.ovs_idl [None req-ab59201c-e44d-4dff-8e3c-7bba9605c559 None None] Created lookup_table index Chassis.name {{(pid=111371) autocreate_indices /usr/local/lib/python3.8/dist-packages/ovsdbapp/backend/ovs_idl/__init__.py:85}}
Jun 16 20:01:04 ubuntu neutron-server[111371]: DEBUG ovsdbapp.backend.ovs_idl [None req-ab59201c-e44d-4dff-8e3c-7bba9605c559 None None] Created schema index Datapath_Binding.tunnel_key {{(pid=111371) autocreate_indices /usr/local/lib/python3.8/dist-packages/ovsdbapp/backend/ovs_idl/__init__.py:104}}
Jun 16 20:01:04 ubuntu neutron-server[111371]: DEBUG ovsdbapp.backend.ovs_idl [None req-ab59201c-e44d-4dff-8e3c-7bba9605c559 None None] Created schema index Connection.target {{(pid=111371) autocreate_indices /usr/local/lib/python3.8/dist-packages/ovsdbapp/backend/ovs_idl/__init__.py:104}}
Jun 16 20:01:04 ubuntu neutron-server[111371]: INFO ovsdbapp.backend.ovs_idl.vlog [None req-ab59201c-e44d-4dff-8e3c-7bba9605c559 None None] tcp:192.168.79.41:6642: connecting...
Jun 16 20:01:04 ubuntu neutron-server[111371]: INFO ovsdbapp.backend.ovs_idl.vlog [None req-ab59201c-e44d-4dff-8e3c-7bba9605c559 None None] tcp:192.168.79.41:6642: connected
Jun 16 20:01:04 ubuntu neutron-server[111370]: DEBUG neutron.common.ovn.hash_ring_manager [None req-72e7063e-073a-4e1f-84a6-8549204dae7e None None] Allow caching, nodes 2>=2 {{(pid=111370) _wait_startup_before_caching /opt/stack/neutron/neutron/common/ovn/hash_ring_manager.py:60}}
Jun 16 20:01:04 ubuntu neutron-server[111163]: INFO oslo_service.service [None req-443e9f6d-7bbf-42d4-9a31-bb5c3356f13e None None] Starting 1 workers
Jun 16 20:01:04 ubuntu neutron-server[111163]: DEBUG oslo_service.service [None req-443e9f6d-7bbf-42d4-9a31-bb5c3356f13e None None] Started child 111373 {{(pid=111163) _start_child /usr/local/lib/python3.8/dist-packages/oslo_service/service.py:575}}
Jun 16 20:01:04 ubuntu neutron-server[111163]: INFO oslo_service.service [None req-443e9f6d-7bbf-42d4-9a31-bb5c3356f13e None None] Starting 1 workers
Jun 16 20:01:04 ubuntu neutron-server[111370]: DEBUG neutron.plugins.ml2.drivers.ovn.mech_driver.ovsdb.ovsdb_monitor [None req-72e7063e-073a-4e1f-84a6-8549204dae7e None None] Hash Ring: Node d375a32d-367a-42be-a072-272cc159ce33 (host: ubuntu) handling event "create" for row a5dc5038-ad0b-4e1d-b335-6230960472fe (table: Encap) {{(pid=111370) notify /opt/stack/neutron/neutron/plugins/ml2/drivers/ovn/mech_driver/ovsdb/ovsdb_monitor.py:743}}
Jun 16 20:01:04 ubuntu neutron-server[111370]: DEBUG neutron.plugins.ml2.drivers.ovn.mech_driver.ovsdb.ovsdb_monitor [None req-72e7063e-073a-4e1f-84a6-8549204dae7e None None] ChassisAgentWriteEvent : Matched Chassis, create, None None {{(pid=111370) matches /opt/stack/neutron/neutron/plugins/ml2/drivers/ovn/mech_driver/ovsdb/ovsdb_monitor.py:62}}
Jun 16 20:01:04 ubuntu neutron-server[111370]: DEBUG neutron.plugins.ml2.drivers.ovn.mech_driver.ovsdb.ovsdb_monitor [None req-72e7063e-073a-4e1f-84a6-8549204dae7e None None] ChassisMetadataAgentWriteEvent : Matched Chassis, create, None None {{(pid=111370) matches /opt/stack/neutron/neutron/plugins/ml2/drivers/ovn/mech_driver/ovsdb/ovsdb_monitor.py:62}}
Jun 16 20:01:04 ubuntu neutron-server[111370]: INFO neutron.wsgi [-] (111370) wsgi starting up on http://0.0.0.0:9696
Jun 16 20:01:04 ubuntu neutron-server[111371]: DEBUG neutron.common.ovn.hash_ring_manager [None req-ab59201c-e44d-4dff-8e3c-7bba9605c559 None None] Allow caching, nodes 2>=2 {{(pid=111371) _wait_startup_before_caching /opt/stack/neutron/neutron/common/ovn/hash_ring_manager.py:60}}
Jun 16 20:01:04 ubuntu neutron-server[111163]: DEBUG oslo_service.service [None req-443e9f6d-7bbf-42d4-9a31-bb5c3356f13e None None] Started child 111374 {{(pid=111163) _start_child /usr/local/lib/python3.8/dist-packages/oslo_service/service.py:575}}
Jun 16 20:01:04 ubuntu neutron-server[111163]: INFO oslo_service.service [None req-443e9f6d-7bbf-42d4-9a31-bb5c3356f13e None None] Starting 1 workers
Jun 16 20:01:04 ubuntu neutron-server[111371]: DEBUG neutron.plugins.ml2.drivers.ovn.mech_driver.ovsdb.ovsdb_monitor [None req-ab59201c-e44d-4dff-8e3c-7bba9605c559 None None] Hash Ring: Node 086a58bb-adc3-4a1f-af8a-a7386693419b (host: ubuntu) handling event "create" for row 4da47230-7b56-4149-ab68-c6711758d7c9 (table: Database) {{(pid=111371) notify /opt/stack/neutron/neutron/plugins/ml2/drivers/ovn/mech_driver/ovsdb/ovsdb_monitor.py:743}}
Jun 16 20:01:04 ubuntu neutron-server[111371]: DEBUG neutron.plugins.ml2.drivers.ovn.mech_driver.ovsdb.ovsdb_monitor [None req-ab59201c-e44d-4dff-8e3c-7bba9605c559 None None] Hash Ring: Node 086a58bb-adc3-4a1f-af8a-a7386693419b (host: ubuntu) handling event "create" for row 99c9ec0e-b7b2-4fdb-a550-05c5ca1711c9 (table: Database) {{(pid=111371) notify /opt/stack/neutron/neutron/plugins/ml2/drivers/ovn/mech_driver/ovsdb/ovsdb_monitor.py:743}}
Jun 16 20:01:04 ubuntu neutron-server[111374]: DEBUG neutron_lib.callbacks.manager [-] Publish callbacks ['neutron.plugins.ml2.drivers.ovn.mech_driver.mech_driver.OVNMechanismDriver.post_fork_initialize-587073'] for process (None), after_init {{(pid=111374) _notify_loop /usr/local/lib/python3.8/dist-packages/neutron_lib/callbacks/manager.py:176}}
Jun 16 20:01:04 ubuntu neutron-server[111371]: DEBUG neutron.plugins.ml2.drivers.ovn.mech_driver.ovsdb.ovsdb_monitor [None req-ab59201c-e44d-4dff-8e3c-7bba9605c559 None None] ChassisAgentWriteEvent : Matched Chassis, create, None None {{(pid=111371) matches /opt/stack/neutron/neutron/plugins/ml2/drivers/ovn/mech_driver/ovsdb/ovsdb_monitor.py:62}}
Jun 16 20:01:04 ubuntu neutron-server[111371]: DEBUG neutron.plugins.ml2.drivers.ovn.mech_driver.ovsdb.ovsdb_monitor [None req-ab59201c-e44d-4dff-8e3c-7bba9605c559 None None] ChassisMetadataAgentWriteEvent : Matched Chassis, create, None None {{(pid=111371) matches /opt/stack/neutron/neutron/plugins/ml2/drivers/ovn/mech_driver/ovsdb/ovsdb_monitor.py:62}}
Jun 16 20:01:04 ubuntu neutron-server[111371]: DEBUG neutron.plugins.ml2.drivers.ovn.mech_driver.ovsdb.ovsdb_monitor [None req-ab59201c-e44d-4dff-8e3c-7bba9605c559 None None] Hash Ring: Node 086a58bb-adc3-4a1f-af8a-a7386693419b (host: ubuntu) handling event "create" for row 9a2252fa-eff9-4b59-8df7-efc9f96c3392 (table: Chassis) {{(pid=111371) notify /opt/stack/neutron/neutron/plugins/ml2/drivers/ovn/mech_driver/ovsdb/ovsdb_monitor.py:743}}
Jun 16 20:01:04 ubuntu neutron-server[111371]: DEBUG neutron.plugins.ml2.drivers.ovn.mech_driver.ovsdb.ovsdb_monitor [None req-ab59201c-e44d-4dff-8e3c-7bba9605c559 None None] Hash Ring: Node 086a58bb-adc3-4a1f-af8a-a7386693419b (host: ubuntu) handling event "create" for row 7c04bdfb-78e2-4548-ab4f-9da218957430 (table: Connection) {{(pid=111371) notify /opt/stack/neutron/neutron/plugins/ml2/drivers/ovn/mech_driver/ovsdb/ovsdb_monitor.py:743}}
Jun 16 20:01:04 ubuntu neutron-server[111374]: INFO neutron.plugins.ml2.drivers.ovn.mech_driver.ovsdb.impl_idl_ovn [-] Getting OvsdbNbOvnIdl for MaintenanceWorker with retry
Jun 16 20:01:04 ubuntu neutron-server[111373]: DEBUG neutron.service [None req-443e9f6d-7bbf-42d4-9a31-bb5c3356f13e None None] calling RpcWorker wait() {{(pid=111373) _wait /opt/stack/neutron/neutron/service.py:128}}
Jun 16 20:01:04 ubuntu neutron-server[111373]: DEBUG neutron.service [None req-443e9f6d-7bbf-42d4-9a31-bb5c3356f13e None None] returning from RpcWorker wait() {{(pid=111373) _wait /opt/stack/neutron/neutron/service.py:135}}
Jun 16 20:01:04 ubuntu neutron-server[111371]: INFO neutron.wsgi [-] (111371) wsgi starting up on http://0.0.0.0:9696
Jun 16 20:01:04 ubuntu neutron-server[111373]: DEBUG neutron_lib.callbacks.manager [-] Publish callbacks ['neutron.plugins.ml2.drivers.ovn.mech_driver.mech_driver.OVNMechanismDriver.post_fork_initialize-587073'] for process (None), after_init {{(pid=111373) _notify_loop /usr/local/lib/python3.8/dist-packages/neutron_lib/callbacks/manager.py:176}}
Jun 16 20:01:04 ubuntu neutron-server[111163]: DEBUG oslo_service.service [None req-443e9f6d-7bbf-42d4-9a31-bb5c3356f13e None None] Started child 111375 {{(pid=111163) _start_child /usr/local/lib/python3.8/dist-packages/oslo_service/service.py:575}}
