Aug 30 11:54:28 ubuntu neutron-server[133400]: DEBUG neutron.api.extensions [None req-cad192cd-a960-46e3-b3df-cd082a785dc9 None None] Loading extension file: timestamp.py {{(pid=133400) _load_all_extensions_from_path /opt/stack/neutron/neutron/api/extensions.py:450}}
Aug 30 11:54:28 ubuntu neutron-server[133400]: DEBUG neutron.api.extensions [None req-cad192cd-a960-46e3-b3df-cd082a785dc9 None None] Ext name="Resource timestamps" alias="standard-attr-timestamp" description="Adds created_at and updated_at fields to all Neutron resources that have Neutron standard attributes." updated="2016-09-12T10:00:00-00:00" {{(pid=133400) _check_extension /opt/stack/neutron/neutron/api/extensions.py:416}}
Aug 30 11:54:28 ubuntu neutron-server[133400]: INFO neutron.api.extensions [None req-cad192cd-a960-46e3-b3df-cd082a785dc9 None None] Loaded extension: standard-attr-timestamp
Aug 30 11:54:28 ubuntu neutron-server[133400]: DEBUG neutron.api.extensions [None req-cad192cd-a960-46e3-b3df-cd082a785dc9 None None] Loading extension file: trunk.py {{(pid=133400) _load_all_extensions_from_path /opt/stack/neutron/neutron/api/extensions.py:450}}
Aug 30 11:54:28 ubuntu neutron-server[133400]: DEBUG neutron.api.extensions [None req-cad192cd-a960-46e3-b3df-cd082a785dc9 None None] Ext name="Trunk Extension" alias="trunk" description="Provides support for trunk ports" updated="2016-01-01T10:00:00-00:00" {{(pid=133400) _check_extension /opt/stack/neutron/neutron/api/extensions.py:416}}
Aug 30 11:54:28 ubuntu neutron-server[133400]: INFO neutron.api.extensions [None req-cad192cd-a960-46e3-b3df-cd082a785dc9 None None] Extension trunk not supported by any of loaded plugins
Aug 30 11:54:28 ubuntu neutron-server[133400]: DEBUG neutron.api.extensions [None req-cad192cd-a960-46e3-b3df-cd082a785dc9 None None] Loading extension file: trunk_details.py {{(pid=133400) _load_all_extensions_from_path /opt/stack/neutron/neutron/api/extensions.py:450}}
Aug 30 11:54:28 ubuntu neutron-server[133400]: DEBUG neutron.api.extensions [None req-cad192cd-a960-46e3-b3df-cd082a785dc9 None None] Ext name="Trunk port details" alias="trunk-details" description="Expose trunk port details" updated="2016-01-01T10:00:00-00:00" {{(pid=133400) _check_extension /opt/stack/neutron/neutron/api/extensions.py:416}}
Aug 30 11:54:28 ubuntu neutron-server[133400]: INFO neutron.api.extensions [None req-cad192cd-a960-46e3-b3df-cd082a785dc9 None None] Extension trunk-details not supported by any of loaded plugins
Aug 30 11:54:28 ubuntu neutron-server[133400]: DEBUG neutron.api.extensions [None req-cad192cd-a960-46e3-b3df-cd082a785dc9 None None] Loading extension file: uplink_status_propagation.py {{(pid=133400) _load_all_extensions_from_path /opt/stack/neutron/neutron/api/extensions.py:450}}
Aug 30 11:54:28 ubuntu neutron-server[133400]: DEBUG neutron.api.extensions [None req-cad192cd-a960-46e3-b3df-cd082a785dc9 None None] Ext name="Uplink status propagation extension" alias="uplink-status-propagation" description="Provides ability to propagate port uplink status." updated="2018-05-31T18:00:00-00:00" {{(pid=133400) _check_extension /opt/stack/neutron/neutron/api/extensions.py:416}}
Aug 30 11:54:28 ubuntu neutron-server[133400]: INFO neutron.api.extensions [None req-cad192cd-a960-46e3-b3df-cd082a785dc9 None None] Extension uplink-status-propagation not supported by any of loaded plugins
Aug 30 11:54:28 ubuntu neutron-server[133400]: DEBUG neutron.api.extensions [None req-cad192cd-a960-46e3-b3df-cd082a785dc9 None None] Loading extension file: vlantransparent.py {{(pid=133400) _load_all_extensions_from_path /opt/stack/neutron/neutron/api/extensions.py:450}}
Aug 30 11:54:28 ubuntu neutron-server[133400]: DEBUG neutron.api.extensions [None req-cad192cd-a960-46e3-b3df-cd082a785dc9 None None] Ext name="Vlantransparent" alias="vlan-transparent" description="Provides Vlan Transparent Networks" updated="2015-03-23T09:00:00-00:00" {{(pid=133400) _check_extension /opt/stack/neutron/neutron/api/extensions.py:416}}
Aug 30 11:54:28 ubuntu neutron-server[133400]: INFO neutron.api.extensions [None req-cad192cd-a960-46e3-b3df-cd082a785dc9 None None] Extension vlan-transparent not supported by any of loaded plugins
Aug 30 11:54:28 ubuntu neutron-server[133400]: INFO neutron.quota.resource_registry [None req-cad192cd-a960-46e3-b3df-cd082a785dc9 None None] Creating instance of TrackedResource for resource:network
Aug 30 11:54:28 ubuntu neutron-server[133400]: INFO neutron.quota.resource_registry [None req-cad192cd-a960-46e3-b3df-cd082a785dc9 None None] Creating instance of TrackedResource for resource:subnet
Aug 30 11:54:28 ubuntu neutron-server[133400]: INFO neutron.quota.resource_registry [None req-cad192cd-a960-46e3-b3df-cd082a785dc9 None None] Creating instance of TrackedResource for resource:subnetpool
Aug 30 11:54:28 ubuntu neutron-server[133400]: INFO neutron.quota.resource_registry [None req-cad192cd-a960-46e3-b3df-cd082a785dc9 None None] Creating instance of TrackedResource for resource:port
Aug 30 11:54:28 ubuntu neutron-server[133400]: DEBUG neutron.api.v2.resource_helper [None req-cad192cd-a960-46e3-b3df-cd082a785dc9 None None] Service FLAVORS assigned prefix:  {{(pid=133400) build_resource_info /opt/stack/neutron/neutron/api/v2/resource_helper.py:77}}
Aug 30 11:54:28 ubuntu neutron-server[133400]: DEBUG neutron.api.v2.resource_helper [None req-cad192cd-a960-46e3-b3df-cd082a785dc9 None None] Service L3_ROUTER_NAT assigned prefix:  {{(pid=133400) build_resource_info /opt/stack/neutron/neutron/api/v2/resource_helper.py:77}}
Aug 30 11:54:28 ubuntu neutron-server[133400]: DEBUG neutron.api.v2.resource_helper [None req-cad192cd-a960-46e3-b3df-cd082a785dc9 None None] Service L3_ROUTER_NAT assigned prefix:  {{(pid=133400) build_resource_info /opt/stack/neutron/neutron/api/v2/resource_helper.py:77}}
Aug 30 11:54:28 ubuntu neutron-server[133400]: INFO neutron.quota.resource_registry [None req-cad192cd-a960-46e3-b3df-cd082a785dc9 None None] Creating instance of TrackedResource for resource:router
Aug 30 11:54:28 ubuntu neutron-server[133400]: INFO neutron.quota.resource_registry [None req-cad192cd-a960-46e3-b3df-cd082a785dc9 None None] Creating instance of TrackedResource for resource:floatingip
Aug 30 11:54:28 ubuntu neutron-server[133400]: DEBUG neutron_lib.callbacks.manager [None req-cad192cd-a960-46e3-b3df-cd082a785dc9 None None] Subscribe: <bound method NeutronDbPluginV2.validate_network_rbac_policy_change of <neutron.services.network_ip_availability.plugin.NetworkIPAvailabilityPlugin object at 0x7fdcbf3beaf0>> rbac-policy before_create 55550000 {{(pid=133400) subscribe /usr/local/lib/python3.8/dist-packages/neutron_lib/callbacks/manager.py:45}}
Aug 30 11:54:28 ubuntu neutron-server[133400]: DEBUG neutron_lib.callbacks.manager [None req-cad192cd-a960-46e3-b3df-cd082a785dc9 None None] Subscribe: <bound method NeutronDbPluginV2.validate_network_rbac_policy_change of <neutron.services.network_ip_availability.plugin.NetworkIPAvailabilityPlugin object at 0x7fdcbf3beaf0>> rbac-policy before_update 55550000 {{(pid=133400) subscribe /usr/local/lib/python3.8/dist-packages/neutron_lib/callbacks/manager.py:45}}
Aug 30 11:54:28 ubuntu neutron-server[133400]: DEBUG neutron_lib.callbacks.manager [None req-cad192cd-a960-46e3-b3df-cd082a785dc9 None None] Subscribe: <bound method NeutronDbPluginV2.validate_network_rbac_policy_change of <neutron.services.network_ip_availability.plugin.NetworkIPAvailabilityPlugin object at 0x7fdcbf3beaf0>> rbac-policy before_delete 55550000 {{(pid=133400) subscribe /usr/local/lib/python3.8/dist-packages/neutron_lib/callbacks/manager.py:45}}
Aug 30 11:54:28 ubuntu neutron-server[133400]: INFO neutron.quota.resource_registry [None req-cad192cd-a960-46e3-b3df-cd082a785dc9 None None] Creating instance of CountableResource for resource:rbac_policy
Aug 30 11:54:28 ubuntu neutron-server[133400]: INFO neutron.quota.resource_registry [None req-cad192cd-a960-46e3-b3df-cd082a785dc9 None None] Creating instance of TrackedResource for resource:security_group
Aug 30 11:54:28 ubuntu neutron-server[133400]: INFO neutron.quota.resource_registry [None req-cad192cd-a960-46e3-b3df-cd082a785dc9 None None] Creating instance of TrackedResource for resource:security_group_rule
Aug 30 11:54:28 ubuntu neutron-server[133400]: DEBUG neutron.api.v2.resource_helper [None req-cad192cd-a960-46e3-b3df-cd082a785dc9 None None] Service FLAVORS assigned prefix:  {{(pid=133400) build_resource_info /opt/stack/neutron/neutron/api/v2/resource_helper.py:77}}
Aug 30 11:54:28 ubuntu neutron-server[133400]: DEBUG neutron.api.v2.resource_helper [None req-cad192cd-a960-46e3-b3df-cd082a785dc9 None None] Service L3_ROUTER_NAT assigned prefix:  {{(pid=133400) build_resource_info /opt/stack/neutron/neutron/api/v2/resource_helper.py:77}}
Aug 30 11:54:28 ubuntu neutron-server[133400]: DEBUG neutron.api.v2.resource_helper [None req-cad192cd-a960-46e3-b3df-cd082a785dc9 None None] Service L3_ROUTER_NAT assigned prefix:  {{(pid=133400) build_resource_info /opt/stack/neutron/neutron/api/v2/resource_helper.py:77}}
Aug 30 11:54:28 ubuntu neutron-server[133400]: INFO neutron.quota.resource_registry [None req-cad192cd-a960-46e3-b3df-cd082a785dc9 None None] Creating instance of TrackedResource for resource:router
Aug 30 11:54:28 ubuntu neutron-server[133400]: WARNING neutron.quota.resource_registry [None req-cad192cd-a960-46e3-b3df-cd082a785dc9 None None] router is already registered
Aug 30 11:54:28 ubuntu neutron-server[133400]: INFO neutron.quota.resource_registry [None req-cad192cd-a960-46e3-b3df-cd082a785dc9 None None] Creating instance of TrackedResource for resource:floatingip
Aug 30 11:54:28 ubuntu neutron-server[133400]: WARNING neutron.quota.resource_registry [None req-cad192cd-a960-46e3-b3df-cd082a785dc9 None None] floatingip is already registered
Aug 30 11:54:28 ubuntu neutron-server[133400]: INFO neutron.quota.resource_registry [None req-cad192cd-a960-46e3-b3df-cd082a785dc9 None None] Creating instance of CountableResource for resource:rbac_policy
Aug 30 11:54:28 ubuntu neutron-server[133400]: WARNING neutron.quota.resource_registry [None req-cad192cd-a960-46e3-b3df-cd082a785dc9 None None] rbac_policy is already registered
Aug 30 11:54:28 ubuntu neutron-server[133400]: INFO neutron.quota.resource_registry [None req-cad192cd-a960-46e3-b3df-cd082a785dc9 None None] Creating instance of TrackedResource for resource:security_group
Aug 30 11:54:28 ubuntu neutron-server[133400]: WARNING neutron.quota.resource_registry [None req-cad192cd-a960-46e3-b3df-cd082a785dc9 None None] security_group is already registered
Aug 30 11:54:28 ubuntu neutron-server[133400]: INFO neutron.quota.resource_registry [None req-cad192cd-a960-46e3-b3df-cd082a785dc9 None None] Creating instance of TrackedResource for resource:security_group_rule
Aug 30 11:54:28 ubuntu neutron-server[133400]: WARNING neutron.quota.resource_registry [None req-cad192cd-a960-46e3-b3df-cd082a785dc9 None None] security_group_rule is already registered
Aug 30 11:54:28 ubuntu neutron-server[133400]: DEBUG neutron.api.extensions [None req-cad192cd-a960-46e3-b3df-cd082a785dc9 None None] Extended resource: extensions {{(pid=133400) __init__ /opt/stack/neutron/neutron/api/extensions.py:157}}
Aug 30 11:54:28 ubuntu neutron-server[133400]: DEBUG neutron.api.extensions [None req-cad192cd-a960-46e3-b3df-cd082a785dc9 None None] Extended resource: address-groups {{(pid=133400) __init__ /opt/stack/neutron/neutron/api/extensions.py:157}}
Aug 30 11:54:28 ubuntu neutron-server[133400]: DEBUG neutron.api.extensions [None req-cad192cd-a960-46e3-b3df-cd082a785dc9 None None] Extended resource: address-scopes {{(pid=133400) __init__ /opt/stack/neutron/neutron/api/extensions.py:157}}
Aug 30 11:54:28 ubuntu neutron-server[133400]: DEBUG neutron.api.extensions [None req-cad192cd-a960-46e3-b3df-cd082a785dc9 None None] Extended resource: agents {{(pid=133400) __init__ /opt/stack/neutron/neutron/api/extensions.py:157}}
Aug 30 11:54:28 ubuntu neutron-server[133400]: DEBUG neutron.api.extensions [None req-cad192cd-a960-46e3-b3df-cd082a785dc9 None None] Extended resource: auto-allocated-topology {{(pid=133400) __init__ /opt/stack/neutron/neutron/api/extensions.py:157}}
Aug 30 11:54:28 ubuntu neutron-server[133400]: DEBUG neutron.api.extensions [None req-cad192cd-a960-46e3-b3df-cd082a785dc9 None None] Extended resource: availability_zones {{(pid=133400) __init__ /opt/stack/neutron/neutron/api/extensions.py:157}}
Aug 30 11:54:28 ubuntu neutron-server[133400]: DEBUG neutron.api.extensions [None req-cad192cd-a960-46e3-b3df-cd082a785dc9 None None] Extended resource: flavors {{(pid=133400) __init__ /opt/stack/neutron/neutron/api/extensions.py:157}}
Aug 30 11:54:28 ubuntu neutron-server[133400]: DEBUG neutron.api.extensions [None req-cad192cd-a960-46e3-b3df-cd082a785dc9 None None] Extended resource: service_profiles {{(pid=133400) __init__ /opt/stack/neutron/neutron/api/extensions.py:157}}
Aug 30 11:54:28 ubuntu neutron-server[133400]: DEBUG neutron.api.extensions [None req-cad192cd-a960-46e3-b3df-cd082a785dc9 None None] Extended resource: next_providers {{(pid=133400) __init__ /opt/stack/neutron/neutron/api/extensions.py:157}}
Aug 30 11:54:28 ubuntu neutron-server[133400]: DEBUG neutron.api.extensions [None req-cad192cd-a960-46e3-b3df-cd082a785dc9 None None] Extended resource: service_profiles {{(pid=133400) __init__ /opt/stack/neutron/neutron/api/extensions.py:157}}
Aug 30 11:54:28 ubuntu neutron-server[133400]: DEBUG neutron.api.extensions [None req-cad192cd-a960-46e3-b3df-cd082a785dc9 None None] Extended resource: floatingip-pools {{(pid=133400) __init__ /opt/stack/neutron/neutron/api/extensions.py:157}}
Aug 30 11:54:28 ubuntu neutron-server[133400]: DEBUG neutron.api.extensions [None req-cad192cd-a960-46e3-b3df-cd082a785dc9 None None] Extended resource: routers {{(pid=133400) __init__ /opt/stack/neutron/neutron/api/extensions.py:157}}
Aug 30 11:54:28 ubuntu neutron-server[133400]: DEBUG neutron.api.extensions [None req-cad192cd-a960-46e3-b3df-cd082a785dc9 None None] Extended resource: floatingips {{(pid=133400) __init__ /opt/stack/neutron/neutron/api/extensions.py:157}}
Aug 30 11:54:28 ubuntu neutron-server[133400]: DEBUG neutron.api.extensions [None req-cad192cd-a960-46e3-b3df-cd082a785dc9 None None] Extended resource: network-ip-availabilities {{(pid=133400) __init__ /opt/stack/neutron/neutron/api/extensions.py:157}}
Aug 30 11:54:28 ubuntu neutron-server[133400]: DEBUG neutron.api.extensions [None req-cad192cd-a960-46e3-b3df-cd082a785dc9 None None] Extended resource: bindings {{(pid=133400) __init__ /opt/stack/neutron/neutron/api/extensions.py:157}}
Aug 30 11:54:28 ubuntu neutron-server[133400]: DEBUG neutron.api.extensions [None req-cad192cd-a960-46e3-b3df-cd082a785dc9 None None] Extended resource: quotas {{(pid=133400) __init__ /opt/stack/neutron/neutron/api/extensions.py:157}}
Aug 30 11:54:28 ubuntu neutron-server[133400]: DEBUG neutron.api.extensions [None req-cad192cd-a960-46e3-b3df-cd082a785dc9 None None] Extended resource: quotas {{(pid=133400) __init__ /opt/stack/neutron/neutron/api/extensions.py:157}}
Aug 30 11:54:28 ubuntu neutron-server[133400]: DEBUG neutron.api.extensions [None req-cad192cd-a960-46e3-b3df-cd082a785dc9 None None] Extended resource: rbac-policies {{(pid=133400) __init__ /opt/stack/neutron/neutron/api/extensions.py:157}}
Aug 30 11:54:28 ubuntu neutron-server[133400]: DEBUG neutron.api.extensions [None req-cad192cd-a960-46e3-b3df-cd082a785dc9 None None] Extended resource: security-groups {{(pid=133400) __init__ /opt/stack/neutron/neutron/api/extensions.py:157}}
Aug 30 11:54:28 ubuntu neutron-server[133400]: DEBUG neutron.api.extensions [None req-cad192cd-a960-46e3-b3df-cd082a785dc9 None None] Extended resource: security-group-rules {{(pid=133400) __init__ /opt/stack/neutron/neutron/api/extensions.py:157}}
Aug 30 11:54:28 ubuntu neutron-server[133400]: DEBUG neutron.api.extensions [None req-cad192cd-a960-46e3-b3df-cd082a785dc9 None None] Extended resource: service-providers {{(pid=133400) __init__ /opt/stack/neutron/neutron/api/extensions.py:157}}
Aug 30 11:54:28 ubuntu neutron-server[133400]: DEBUG neutron.api.extensions [None req-cad192cd-a960-46e3-b3df-cd082a785dc9 None None] Extended resource: tags {{(pid=133400) __init__ /opt/stack/neutron/neutron/api/extensions.py:157}}
Aug 30 11:54:28 ubuntu neutron-server[133400]: DEBUG neutron.api.extensions [None req-cad192cd-a960-46e3-b3df-cd082a785dc9 None None] Extended resource: tags {{(pid=133400) __init__ /opt/stack/neutron/neutron/api/extensions.py:157}}
Aug 30 11:54:28 ubuntu neutron-server[133400]: DEBUG neutron.api.extensions [None req-cad192cd-a960-46e3-b3df-cd082a785dc9 None None] Extended resource: tags {{(pid=133400) __init__ /opt/stack/neutron/neutron/api/extensions.py:157}}
Aug 30 11:54:28 ubuntu neutron-server[133400]: DEBUG neutron.api.extensions [None req-cad192cd-a960-46e3-b3df-cd082a785dc9 None None] Extended resource: tags {{(pid=133400) __init__ /opt/stack/neutron/neutron/api/extensions.py:157}}
Aug 30 11:54:28 ubuntu neutron-server[133400]: DEBUG neutron.api.extensions [None req-cad192cd-a960-46e3-b3df-cd082a785dc9 None None] Extended resource: tags {{(pid=133400) __init__ /opt/stack/neutron/neutron/api/extensions.py:157}}
Aug 30 11:54:28 ubuntu neutron-server[133400]: DEBUG neutron.api.extensions [None req-cad192cd-a960-46e3-b3df-cd082a785dc9 None None] Extended resource: tags {{(pid=133400) __init__ /opt/stack/neutron/neutron/api/extensions.py:157}}
Aug 30 11:54:28 ubuntu neutron-server[133400]: DEBUG neutron.api.extensions [None req-cad192cd-a960-46e3-b3df-cd082a785dc9 None None] Extended resource: tags {{(pid=133400) __init__ /opt/stack/neutron/neutron/api/extensions.py:157}}
Aug 30 11:54:28 ubuntu neutron-server[133400]: DEBUG neutron.api.extensions [None req-cad192cd-a960-46e3-b3df-cd082a785dc9 None None] Extended resource: tags {{(pid=133400) __init__ /opt/stack/neutron/neutron/api/extensions.py:157}}
Aug 30 11:54:28 ubuntu neutron-server[133400]: DEBUG neutron.api.extensions [None req-cad192cd-a960-46e3-b3df-cd082a785dc9 None None] Extended resource: tags {{(pid=133400) __init__ /opt/stack/neutron/neutron/api/extensions.py:157}}
Aug 30 11:54:28 ubuntu neutron-server[133400]: DEBUG neutron.api.extensions [None req-cad192cd-a960-46e3-b3df-cd082a785dc9 None None] Extended resource: tags {{(pid=133400) __init__ /opt/stack/neutron/neutron/api/extensions.py:157}}
Aug 30 11:54:28 ubuntu neutron-server[133400]: WARNING keystonemiddleware.auth_token [None req-cad192cd-a960-46e3-b3df-cd082a785dc9 None None] AuthToken middleware is set with keystone_authtoken.service_token_roles_required set to False. This is backwards compatible but deprecated behaviour. Please set this to True.
Aug 30 11:54:28 ubuntu neutron-server[133400]: WARNING keystonemiddleware.auth_token [None req-cad192cd-a960-46e3-b3df-cd082a785dc9 None None] Configuring www_authenticate_uri to point to the public identity endpoint is required; clients may not be able to authenticate against an admin endpoint
Aug 30 11:54:28 ubuntu neutron-server[133400]: DEBUG oslo_concurrency.lockutils [None req-cad192cd-a960-46e3-b3df-cd082a785dc9 None None] Acquiring lock "singleton_lock" {{(pid=133400) lock /usr/local/lib/python3.8/dist-packages/oslo_concurrency/lockutils.py:293}}
Aug 30 11:54:28 ubuntu neutron-server[133400]: DEBUG oslo_concurrency.lockutils [None req-cad192cd-a960-46e3-b3df-cd082a785dc9 None None] Acquired lock "singleton_lock" {{(pid=133400) lock /usr/local/lib/python3.8/dist-packages/oslo_concurrency/lockutils.py:296}}
Aug 30 11:54:28 ubuntu neutron-server[133400]: DEBUG oslo_concurrency.lockutils [None req-cad192cd-a960-46e3-b3df-cd082a785dc9 None None] Releasing lock "singleton_lock" {{(pid=133400) lock /usr/local/lib/python3.8/dist-packages/oslo_concurrency/lockutils.py:314}}
Aug 30 11:54:28 ubuntu neutron-server[133400]: INFO oslo_service.service [None req-cad192cd-a960-46e3-b3df-cd082a785dc9 None None] Starting 2 workers
Aug 30 11:54:28 ubuntu neutron-server[133400]: DEBUG oslo_service.service [None req-cad192cd-a960-46e3-b3df-cd082a785dc9 None None] Started child 133619 {{(pid=133400) _start_child /usr/local/lib/python3.8/dist-packages/oslo_service/service.py:575}}
Aug 30 11:54:28 ubuntu neutron-server[133400]: DEBUG oslo_service.service [None req-cad192cd-a960-46e3-b3df-cd082a785dc9 None None] Started child 133620 {{(pid=133400) _start_child /usr/local/lib/python3.8/dist-packages/oslo_service/service.py:575}}
Aug 30 11:54:28 ubuntu neutron-server[133400]: INFO neutron.service [None req-cad192cd-a960-46e3-b3df-cd082a785dc9 None None] Neutron service started, listening on 0.0.0.0:9696
Aug 30 11:54:28 ubuntu neutron-server[133400]: DEBUG neutron_lib.callbacks.manager [None req-cad192cd-a960-46e3-b3df-cd082a785dc9 None None] Publish callbacks ['neutron.plugins.ml2.drivers.ovn.mech_driver.mech_driver.OVNMechanismDriver.pre_fork_initialize-656636'] for process (None), before_spawn {{(pid=133400) _notify_loop /usr/local/lib/python3.8/dist-packages/neutron_lib/callbacks/manager.py:176}}
Aug 30 11:54:28 ubuntu neutron-server[133619]: DEBUG neutron_lib.callbacks.manager [-] Publish callbacks ['neutron.plugins.ml2.drivers.ovn.mech_driver.mech_driver.OVNMechanismDriver.post_fork_initialize-656408'] for process (None), after_init {{(pid=133619) _notify_loop /usr/local/lib/python3.8/dist-packages/neutron_lib/callbacks/manager.py:176}}
Aug 30 11:54:28 ubuntu neutron-server[133620]: DEBUG neutron_lib.callbacks.manager [-] Publish callbacks ['neutron.plugins.ml2.drivers.ovn.mech_driver.mech_driver.OVNMechanismDriver.post_fork_initialize-656408'] for process (None), after_init {{(pid=133620) _notify_loop /usr/local/lib/python3.8/dist-packages/neutron_lib/callbacks/manager.py:176}}
Aug 30 11:54:28 ubuntu neutron-server[133619]: DEBUG dbcounter [-] [133619] Writer thread running {{(pid=133619) stat_writer /usr/local/lib/python3.8/dist-packages/dbcounter.py:99}}
Aug 30 11:54:28 ubuntu neutron-server[133620]: DEBUG dbcounter [-] [133620] Writer thread running {{(pid=133620) stat_writer /usr/local/lib/python3.8/dist-packages/dbcounter.py:99}}
Aug 30 11:54:28 ubuntu neutron-server[133619]: INFO neutron.plugins.ml2.drivers.ovn.mech_driver.ovsdb.impl_idl_ovn [None req-5cca9299-ea4d-4e7a-81cf-59d38683eb76 None None] Getting OvsdbNbOvnIdl for WorkerService with retry
Aug 30 11:54:28 ubuntu neutron-server[133400]: DEBUG ovsdbapp.backend.ovs_idl [None req-cad192cd-a960-46e3-b3df-cd082a785dc9 None None] Created schema index Port_Group.name {{(pid=133400) autocreate_indices /usr/local/lib/python3.8/dist-packages/ovsdbapp/backend/ovs_idl/__init__.py:104}}
Aug 30 11:54:28 ubuntu neutron-server[133400]: DEBUG ovsdbapp.backend.ovs_idl [None req-cad192cd-a960-46e3-b3df-cd082a785dc9 None None] Created schema index Logical_Switch_Port.name {{(pid=133400) autocreate_indices /usr/local/lib/python3.8/dist-packages/ovsdbapp/backend/ovs_idl/__init__.py:104}}
Aug 30 11:54:28 ubuntu neutron-server[133620]: INFO neutron.plugins.ml2.drivers.ovn.mech_driver.ovsdb.impl_idl_ovn [None req-abc4a097-74b2-48da-92e3-7cb4030d0afe None None] Getting OvsdbNbOvnIdl for WorkerService with retry
Aug 30 11:54:28 ubuntu neutron-server[133400]: DEBUG ovsdbapp.backend.ovs_idl.transaction [-] Running txn n=1 command(idx=0): PgAddCommand(name=neutron_pg_drop, may_exist=True, columns={'acls': []}) {{(pid=133400) do_commit /usr/local/lib/python3.8/dist-packages/ovsdbapp/backend/ovs_idl/transaction.py:90}}
Aug 30 11:54:28 ubuntu neutron-server[133400]: DEBUG ovsdbapp.backend.ovs_idl.transaction [-] Running txn n=1 command(idx=1): PgAclAddCommand(entity=neutron_pg_drop, direction=from-lport, priority=1001, match=inport == @neutron_pg_drop && ip, action=drop, log=False, may_exist=True, severity=[], name=[], meter=None, external_ids={}) {{(pid=133400) do_commit /usr/local/lib/python3.8/dist-packages/ovsdbapp/backend/ovs_idl/transaction.py:90}}
Aug 30 11:54:28 ubuntu neutron-server[133619]: DEBUG ovsdbapp.backend.ovs_idl [None req-5cca9299-ea4d-4e7a-81cf-59d38683eb76 None None] Created lookup_table index Logical_Switch.name {{(pid=133619) autocreate_indices /usr/local/lib/python3.8/dist-packages/ovsdbapp/backend/ovs_idl/__init__.py:85}}
Aug 30 11:54:28 ubuntu neutron-server[133619]: DEBUG ovsdbapp.backend.ovs_idl [None req-5cca9299-ea4d-4e7a-81cf-59d38683eb76 None None] Created lookup_table index Logical_Router.name {{(pid=133619) autocreate_indices /usr/local/lib/python3.8/dist-packages/ovsdbapp/backend/ovs_idl/__init__.py:85}}
Aug 30 11:54:28 ubuntu neutron-server[133619]: DEBUG ovsdbapp.backend.ovs_idl [None req-5cca9299-ea4d-4e7a-81cf-59d38683eb76 None None] Created lookup_table index Load_Balancer.name {{(pid=133619) autocreate_indices /usr/local/lib/python3.8/dist-packages/ovsdbapp/backend/ovs_idl/__init__.py:85}}
Aug 30 11:54:28 ubuntu neutron-server[133619]: DEBUG ovsdbapp.backend.ovs_idl [None req-5cca9299-ea4d-4e7a-81cf-59d38683eb76 None None] Created schema index Meter.name {{(pid=133619) autocreate_indices /usr/local/lib/python3.8/dist-packages/ovsdbapp/backend/ovs_idl/__init__.py:104}}
Aug 30 11:54:28 ubuntu neutron-server[133619]: DEBUG ovsdbapp.backend.ovs_idl [None req-5cca9299-ea4d-4e7a-81cf-59d38683eb76 None None] Created schema index Address_Set.name {{(pid=133619) autocreate_indices /usr/local/lib/python3.8/dist-packages/ovsdbapp/backend/ovs_idl/__init__.py:104}}
Aug 30 11:54:28 ubuntu neutron-server[133619]: DEBUG ovsdbapp.backend.ovs_idl [None req-5cca9299-ea4d-4e7a-81cf-59d38683eb76 None None] Created schema index HA_Chassis_Group.name {{(pid=133619) autocreate_indices /usr/local/lib/python3.8/dist-packages/ovsdbapp/backend/ovs_idl/__init__.py:104}}
Aug 30 11:54:28 ubuntu neutron-server[133619]: DEBUG ovsdbapp.backend.ovs_idl [None req-5cca9299-ea4d-4e7a-81cf-59d38683eb76 None None] Created schema index Connection.target {{(pid=133619) autocreate_indices /usr/local/lib/python3.8/dist-packages/ovsdbapp/backend/ovs_idl/__init__.py:104}}
Aug 30 11:54:28 ubuntu neutron-server[133619]: DEBUG ovsdbapp.backend.ovs_idl [None req-5cca9299-ea4d-4e7a-81cf-59d38683eb76 None None] Created schema index Gateway_Chassis.name {{(pid=133619) autocreate_indices /usr/local/lib/python3.8/dist-packages/ovsdbapp/backend/ovs_idl/__init__.py:104}}
Aug 30 11:54:28 ubuntu neutron-server[133619]: DEBUG ovsdbapp.backend.ovs_idl [None req-5cca9299-ea4d-4e7a-81cf-59d38683eb76 None None] Created schema index Logical_Router_Port.name {{(pid=133619) autocreate_indices /usr/local/lib/python3.8/dist-packages/ovsdbapp/backend/ovs_idl/__init__.py:104}}
Aug 30 11:54:28 ubuntu neutron-server[133400]: DEBUG ovsdbapp.backend.ovs_idl.transaction [-] Running txn n=1 command(idx=2): PgAclAddCommand(entity=neutron_pg_drop, direction=to-lport, priority=1001, match=outport == @neutron_pg_drop && ip, action=drop, log=False, may_exist=True, severity=[], name=[], meter=None, external_ids={}) {{(pid=133400) do_commit /usr/local/lib/python3.8/dist-packages/ovsdbapp/backend/ovs_idl/transaction.py:90}}
Aug 30 11:54:28 ubuntu neutron-server[133619]: DEBUG ovsdbapp.backend.ovs_idl [None req-5cca9299-ea4d-4e7a-81cf-59d38683eb76 None None] Created schema index Port_Group.name {{(pid=133619) autocreate_indices /usr/local/lib/python3.8/dist-packages/ovsdbapp/backend/ovs_idl/__init__.py:104}}
Aug 30 11:54:28 ubuntu neutron-server[133619]: DEBUG ovsdbapp.backend.ovs_idl [None req-5cca9299-ea4d-4e7a-81cf-59d38683eb76 None None] Created schema index Logical_Switch_Port.name {{(pid=133619) autocreate_indices /usr/local/lib/python3.8/dist-packages/ovsdbapp/backend/ovs_idl/__init__.py:104}}
Aug 30 11:54:28 ubuntu neutron-server[133619]: INFO ovsdbapp.backend.ovs_idl.vlog [None req-5cca9299-ea4d-4e7a-81cf-59d38683eb76 None None] tcp:192.168.79.44:6641: connecting...
Aug 30 11:54:28 ubuntu neutron-server[133619]: INFO ovsdbapp.backend.ovs_idl.vlog [None req-5cca9299-ea4d-4e7a-81cf-59d38683eb76 None None] tcp:192.168.79.44:6641: connected
Aug 30 11:54:28 ubuntu neutron-server[133400]: DEBUG ovsdbapp.backend.ovs_idl.event [-] Matched CREATE: NeutronPgDropPortGroupCreated(events=('create',), table='Port_Group', conditions=(('name', '=', 'neutron_pg_drop'),), old_conditions=None), priority=10 to row=Port_Group(name=neutron_pg_drop, ports=[], external_ids={}, acls=[<ovs.db.idl.Row object at 0x7fdcbed1f3d0>, <ovs.db.idl.Row object at 0x7fdcbed217c0>]) old= {{(pid=133400) matches /usr/local/lib/python3.8/dist-packages/ovsdbapp/backend/ovs_idl/event.py:43}}
Aug 30 11:54:28 ubuntu neutron-server[133620]: DEBUG ovsdbapp.backend.ovs_idl [None req-abc4a097-74b2-48da-92e3-7cb4030d0afe None None] Created lookup_table index Logical_Switch.name {{(pid=133620) autocreate_indices /usr/local/lib/python3.8/dist-packages/ovsdbapp/backend/ovs_idl/__init__.py:85}}
Aug 30 11:54:28 ubuntu neutron-server[133620]: DEBUG ovsdbapp.backend.ovs_idl [None req-abc4a097-74b2-48da-92e3-7cb4030d0afe None None] Created lookup_table index Logical_Router.name {{(pid=133620) autocreate_indices /usr/local/lib/python3.8/dist-packages/ovsdbapp/backend/ovs_idl/__init__.py:85}}
Aug 30 11:54:28 ubuntu neutron-server[133620]: DEBUG ovsdbapp.backend.ovs_idl [None req-abc4a097-74b2-48da-92e3-7cb4030d0afe None None] Created lookup_table index Load_Balancer.name {{(pid=133620) autocreate_indices /usr/local/lib/python3.8/dist-packages/ovsdbapp/backend/ovs_idl/__init__.py:85}}
Aug 30 11:54:28 ubuntu neutron-server[133620]: DEBUG ovsdbapp.backend.ovs_idl [None req-abc4a097-74b2-48da-92e3-7cb4030d0afe None None] Created schema index Meter.name {{(pid=133620) autocreate_indices /usr/local/lib/python3.8/dist-packages/ovsdbapp/backend/ovs_idl/__init__.py:104}}
Aug 30 11:54:28 ubuntu neutron-server[133620]: DEBUG ovsdbapp.backend.ovs_idl [None req-abc4a097-74b2-48da-92e3-7cb4030d0afe None None] Created schema index Address_Set.name {{(pid=133620) autocreate_indices /usr/local/lib/python3.8/dist-packages/ovsdbapp/backend/ovs_idl/__init__.py:104}}
Aug 30 11:54:28 ubuntu neutron-server[133620]: DEBUG ovsdbapp.backend.ovs_idl [None req-abc4a097-74b2-48da-92e3-7cb4030d0afe None None] Created schema index HA_Chassis_Group.name {{(pid=133620) autocreate_indices /usr/local/lib/python3.8/dist-packages/ovsdbapp/backend/ovs_idl/__init__.py:104}}
Aug 30 11:54:28 ubuntu neutron-server[133620]: DEBUG ovsdbapp.backend.ovs_idl [None req-abc4a097-74b2-48da-92e3-7cb4030d0afe None None] Created schema index Connection.target {{(pid=133620) autocreate_indices /usr/local/lib/python3.8/dist-packages/ovsdbapp/backend/ovs_idl/__init__.py:104}}
Aug 30 11:54:28 ubuntu neutron-server[133620]: DEBUG ovsdbapp.backend.ovs_idl [None req-abc4a097-74b2-48da-92e3-7cb4030d0afe None None] Created schema index Gateway_Chassis.name {{(pid=133620) autocreate_indices /usr/local/lib/python3.8/dist-packages/ovsdbapp/backend/ovs_idl/__init__.py:104}}
Aug 30 11:54:28 ubuntu neutron-server[133620]: DEBUG ovsdbapp.backend.ovs_idl [None req-abc4a097-74b2-48da-92e3-7cb4030d0afe None None] Created schema index Logical_Router_Port.name {{(pid=133620) autocreate_indices /usr/local/lib/python3.8/dist-packages/ovsdbapp/backend/ovs_idl/__init__.py:104}}
Aug 30 11:54:28 ubuntu neutron-server[133620]: DEBUG ovsdbapp.backend.ovs_idl [None req-abc4a097-74b2-48da-92e3-7cb4030d0afe None None] Created schema index Port_Group.name {{(pid=133620) autocreate_indices /usr/local/lib/python3.8/dist-packages/ovsdbapp/backend/ovs_idl/__init__.py:104}}
Aug 30 11:54:28 ubuntu neutron-server[133620]: DEBUG ovsdbapp.backend.ovs_idl [None req-abc4a097-74b2-48da-92e3-7cb4030d0afe None None] Created schema index Logical_Switch_Port.name {{(pid=133620) autocreate_indices /usr/local/lib/python3.8/dist-packages/ovsdbapp/backend/ovs_idl/__init__.py:104}}
Aug 30 11:54:28 ubuntu neutron-server[133620]: INFO ovsdbapp.backend.ovs_idl.vlog [None req-abc4a097-74b2-48da-92e3-7cb4030d0afe None None] tcp:192.168.79.44:6641: connecting...
Aug 30 11:54:28 ubuntu neutron-server[133620]: INFO ovsdbapp.backend.ovs_idl.vlog [None req-abc4a097-74b2-48da-92e3-7cb4030d0afe None None] tcp:192.168.79.44:6641: connected
Aug 30 11:54:28 ubuntu neutron-server[133619]: DEBUG neutron.common.ovn.hash_ring_manager [None req-5cca9299-ea4d-4e7a-81cf-59d38683eb76 None None] Allow caching, nodes 2>=2 {{(pid=133619) _wait_startup_before_caching /opt/stack/neutron/neutron/common/ovn/hash_ring_manager.py:60}}
Aug 30 11:54:28 ubuntu neutron-server[133400]: DEBUG ovsdbapp.backend.ovs_idl [None req-cad192cd-a960-46e3-b3df-cd082a785dc9 None None] Created lookup_table index Logical_Switch.name {{(pid=133400) autocreate_indices /usr/local/lib/python3.8/dist-packages/ovsdbapp/backend/ovs_idl/__init__.py:85}}
Aug 30 11:54:28 ubuntu neutron-server[133400]: DEBUG ovsdbapp.backend.ovs_idl [None req-cad192cd-a960-46e3-b3df-cd082a785dc9 None None] Created lookup_table index Logical_Router.name {{(pid=133400) autocreate_indices /usr/local/lib/python3.8/dist-packages/ovsdbapp/backend/ovs_idl/__init__.py:85}}
Aug 30 11:54:28 ubuntu neutron-server[133400]: DEBUG ovsdbapp.backend.ovs_idl [None req-cad192cd-a960-46e3-b3df-cd082a785dc9 None None] Created lookup_table index Load_Balancer.name {{(pid=133400) autocreate_indices /usr/local/lib/python3.8/dist-packages/ovsdbapp/backend/ovs_idl/__init__.py:85}}
Aug 30 11:54:28 ubuntu neutron-server[133400]: DEBUG ovsdbapp.backend.ovs_idl [None req-cad192cd-a960-46e3-b3df-cd082a785dc9 None None] Created schema index Meter.name {{(pid=133400) autocreate_indices /usr/local/lib/python3.8/dist-packages/ovsdbapp/backend/ovs_idl/__init__.py:104}}
Aug 30 11:54:28 ubuntu neutron-server[133400]: DEBUG ovsdbapp.backend.ovs_idl [None req-cad192cd-a960-46e3-b3df-cd082a785dc9 None None] Created schema index Address_Set.name {{(pid=133400) autocreate_indices /usr/local/lib/python3.8/dist-packages/ovsdbapp/backend/ovs_idl/__init__.py:104}}
Aug 30 11:54:28 ubuntu neutron-server[133400]: DEBUG ovsdbapp.backend.ovs_idl [None req-cad192cd-a960-46e3-b3df-cd082a785dc9 None None] Created schema index HA_Chassis_Group.name {{(pid=133400) autocreate_indices /usr/local/lib/python3.8/dist-packages/ovsdbapp/backend/ovs_idl/__init__.py:104}}
Aug 30 11:54:28 ubuntu neutron-server[133400]: DEBUG ovsdbapp.backend.ovs_idl [None req-cad192cd-a960-46e3-b3df-cd082a785dc9 None None] Created schema index Connection.target {{(pid=133400) autocreate_indices /usr/local/lib/python3.8/dist-packages/ovsdbapp/backend/ovs_idl/__init__.py:104}}
Aug 30 11:54:28 ubuntu neutron-server[133400]: DEBUG ovsdbapp.backend.ovs_idl [None req-cad192cd-a960-46e3-b3df-cd082a785dc9 None None] Created schema index Gateway_Chassis.name {{(pid=133400) autocreate_indices /usr/local/lib/python3.8/dist-packages/ovsdbapp/backend/ovs_idl/__init__.py:104}}
Aug 30 11:54:28 ubuntu neutron-server[133619]: DEBUG neutron.plugins.ml2.drivers.ovn.mech_driver.ovsdb.ovsdb_monitor [None req-5cca9299-ea4d-4e7a-81cf-59d38683eb76 None None] Hash Ring: Node 883246b9-2dde-4992-a144-f9c8851a3094 (host: ubuntu) handling event "create" for row 30791bd6-b534-4910-9014-37001af91ba5 (table: Database) {{(pid=133619) notify /opt/stack/neutron/neutron/plugins/ml2/drivers/ovn/mech_driver/ovsdb/ovsdb_monitor.py:743}}
Aug 30 11:54:28 ubuntu neutron-server[133400]: DEBUG ovsdbapp.backend.ovs_idl [None req-cad192cd-a960-46e3-b3df-cd082a785dc9 None None] Created schema index Logical_Router_Port.name {{(pid=133400) autocreate_indices /usr/local/lib/python3.8/dist-packages/ovsdbapp/backend/ovs_idl/__init__.py:104}}
Aug 30 11:54:28 ubuntu neutron-server[133400]: DEBUG ovsdbapp.backend.ovs_idl [None req-cad192cd-a960-46e3-b3df-cd082a785dc9 None None] Created schema index Port_Group.name {{(pid=133400) autocreate_indices /usr/local/lib/python3.8/dist-packages/ovsdbapp/backend/ovs_idl/__init__.py:104}}
Aug 30 11:54:28 ubuntu neutron-server[133400]: DEBUG ovsdbapp.backend.ovs_idl [None req-cad192cd-a960-46e3-b3df-cd082a785dc9 None None] Created schema index Logical_Switch_Port.name {{(pid=133400) autocreate_indices /usr/local/lib/python3.8/dist-packages/ovsdbapp/backend/ovs_idl/__init__.py:104}}
Aug 30 11:54:28 ubuntu neutron-server[133619]: DEBUG neutron.plugins.ml2.drivers.ovn.mech_driver.ovsdb.ovsdb_monitor [None req-5cca9299-ea4d-4e7a-81cf-59d38683eb76 None None] Hash Ring: Node 883246b9-2dde-4992-a144-f9c8851a3094 (host: ubuntu) handling event "create" for row a545ab7e-19ea-4a39-8057-ee9da85ed39f (table: Port_Group) {{(pid=133619) notify /opt/stack/neutron/neutron/plugins/ml2/drivers/ovn/mech_driver/ovsdb/ovsdb_monitor.py:743}}
Aug 30 11:54:28 ubuntu neutron-server[133619]: INFO neutron.plugins.ml2.drivers.ovn.mech_driver.ovsdb.impl_idl_ovn [None req-5cca9299-ea4d-4e7a-81cf-59d38683eb76 None None] Getting OvsdbSbOvnIdl for WorkerService with retry
Aug 30 11:54:28 ubuntu neutron-server[133619]: DEBUG ovsdbapp.backend.ovs_idl [None req-5cca9299-ea4d-4e7a-81cf-59d38683eb76 None None] Created lookup_table index Chassis.name {{(pid=133619) autocreate_indices /usr/local/lib/python3.8/dist-packages/ovsdbapp/backend/ovs_idl/__init__.py:85}}
Aug 30 11:54:28 ubuntu neutron-server[133619]: DEBUG ovsdbapp.backend.ovs_idl [None req-5cca9299-ea4d-4e7a-81cf-59d38683eb76 None None] Created schema index Datapath_Binding.tunnel_key {{(pid=133619) autocreate_indices /usr/local/lib/python3.8/dist-packages/ovsdbapp/backend/ovs_idl/__init__.py:104}}
Aug 30 11:54:28 ubuntu neutron-server[133619]: DEBUG ovsdbapp.backend.ovs_idl [None req-5cca9299-ea4d-4e7a-81cf-59d38683eb76 None None] Created schema index Connection.target {{(pid=133619) autocreate_indices /usr/local/lib/python3.8/dist-packages/ovsdbapp/backend/ovs_idl/__init__.py:104}}
Aug 30 11:54:28 ubuntu neutron-server[133619]: INFO ovsdbapp.backend.ovs_idl.vlog [None req-5cca9299-ea4d-4e7a-81cf-59d38683eb76 None None] tcp:192.168.79.44:6642: connecting...
Aug 30 11:54:28 ubuntu neutron-server[133619]: INFO ovsdbapp.backend.ovs_idl.vlog [None req-5cca9299-ea4d-4e7a-81cf-59d38683eb76 None None] tcp:192.168.79.44:6642: connected
Aug 30 11:54:28 ubuntu neutron-server[133620]: DEBUG neutron.common.ovn.hash_ring_manager [None req-abc4a097-74b2-48da-92e3-7cb4030d0afe None None] Allow caching, nodes 2>=2 {{(pid=133620) _wait_startup_before_caching /opt/stack/neutron/neutron/common/ovn/hash_ring_manager.py:60}}
Aug 30 11:54:28 ubuntu neutron-server[133620]: DEBUG neutron.plugins.ml2.drivers.ovn.mech_driver.ovsdb.ovsdb_monitor [None req-abc4a097-74b2-48da-92e3-7cb4030d0afe None None] Hash Ring: Node 6676f27c-54d9-43af-9b1e-5aa108cb2d04 (host: ubuntu) handling event "create" for row 070b1036-b886-421b-b102-79635c70d80a (table: Database) {{(pid=133620) notify /opt/stack/neutron/neutron/plugins/ml2/drivers/ovn/mech_driver/ovsdb/ovsdb_monitor.py:743}}
Aug 30 11:54:28 ubuntu neutron-server[133619]: DEBUG neutron.common.ovn.hash_ring_manager [None req-5cca9299-ea4d-4e7a-81cf-59d38683eb76 None None] Allow caching, nodes 2>=2 {{(pid=133619) _wait_startup_before_caching /opt/stack/neutron/neutron/common/ovn/hash_ring_manager.py:60}}
Aug 30 11:54:28 ubuntu neutron-server[133620]: DEBUG neutron.plugins.ml2.drivers.ovn.mech_driver.ovsdb.ovsdb_monitor [None req-abc4a097-74b2-48da-92e3-7cb4030d0afe None None] Hash Ring: Node 6676f27c-54d9-43af-9b1e-5aa108cb2d04 (host: ubuntu) handling event "create" for row d0336e37-e2d0-43b2-ba6b-258f024c5cfd (table: NB_Global) {{(pid=133620) notify /opt/stack/neutron/neutron/plugins/ml2/drivers/ovn/mech_driver/ovsdb/ovsdb_monitor.py:743}}
Aug 30 11:54:28 ubuntu neutron-server[133620]: DEBUG neutron.plugins.ml2.drivers.ovn.mech_driver.ovsdb.ovsdb_monitor [None req-abc4a097-74b2-48da-92e3-7cb4030d0afe None None] Hash Ring: Node 6676f27c-54d9-43af-9b1e-5aa108cb2d04 (host: ubuntu) handling event "create" for row 93ac2f78-09bd-411e-82da-f363f6c48871 (table: ACL) {{(pid=133620) notify /opt/stack/neutron/neutron/plugins/ml2/drivers/ovn/mech_driver/ovsdb/ovsdb_monitor.py:743}}
Aug 30 11:54:28 ubuntu neutron-server[133619]: DEBUG neutron.plugins.ml2.drivers.ovn.mech_driver.ovsdb.ovsdb_monitor [None req-5cca9299-ea4d-4e7a-81cf-59d38683eb76 None None] Hash Ring: Node 883246b9-2dde-4992-a144-f9c8851a3094 (host: ubuntu) handling event "create" for row 1e05ca7f-ed2f-43b8-8a67-1fe408df248b (table: Database) {{(pid=133619) notify /opt/stack/neutron/neutron/plugins/ml2/drivers/ovn/mech_driver/ovsdb/ovsdb_monitor.py:743}}
Aug 30 11:54:28 ubuntu neutron-server[133620]: DEBUG neutron.plugins.ml2.drivers.ovn.mech_driver.ovsdb.ovsdb_monitor [None req-abc4a097-74b2-48da-92e3-7cb4030d0afe None None] Hash Ring: Node 6676f27c-54d9-43af-9b1e-5aa108cb2d04 (host: ubuntu) handling event "create" for row 364d0443-b10e-4da7-abb6-abc8b4013d36 (table: ACL) {{(pid=133620) notify /opt/stack/neutron/neutron/plugins/ml2/drivers/ovn/mech_driver/ovsdb/ovsdb_monitor.py:743}}
Aug 30 11:54:28 ubuntu neutron-server[133620]: DEBUG neutron.plugins.ml2.drivers.ovn.mech_driver.ovsdb.ovsdb_monitor [None req-abc4a097-74b2-48da-92e3-7cb4030d0afe None None] Hash Ring: Node 6676f27c-54d9-43af-9b1e-5aa108cb2d04 (host: ubuntu) handling event "create" for row b38e8271-76c6-4b6b-be5d-1a806453af12 (table: Connection) {{(pid=133620) notify /opt/stack/neutron/neutron/plugins/ml2/drivers/ovn/mech_driver/ovsdb/ovsdb_monitor.py:743}}
Aug 30 11:54:28 ubuntu neutron-server[133619]: DEBUG neutron.plugins.ml2.drivers.ovn.mech_driver.ovsdb.ovsdb_monitor [None req-5cca9299-ea4d-4e7a-81cf-59d38683eb76 None None] Hash Ring: Node 883246b9-2dde-4992-a144-f9c8851a3094 (host: ubuntu) handling event "create" for row 14f1b59b-069c-432b-a3cd-fd1cc80a3a92 (table: Database) {{(pid=133619) notify /opt/stack/neutron/neutron/plugins/ml2/drivers/ovn/mech_driver/ovsdb/ovsdb_monitor.py:743}}
Aug 30 11:54:28 ubuntu neutron-server[133620]: INFO neutron.plugins.ml2.drivers.ovn.mech_driver.ovsdb.impl_idl_ovn [None req-abc4a097-74b2-48da-92e3-7cb4030d0afe None None] Getting OvsdbSbOvnIdl for WorkerService with retry
Aug 30 11:54:28 ubuntu neutron-server[133619]: DEBUG neutron.plugins.ml2.drivers.ovn.mech_driver.ovsdb.ovsdb_monitor [None req-5cca9299-ea4d-4e7a-81cf-59d38683eb76 None None] ChassisAgentWriteEvent : Matched Chassis, create, None None {{(pid=133619) matches /opt/stack/neutron/neutron/plugins/ml2/drivers/ovn/mech_driver/ovsdb/ovsdb_monitor.py:62}}
Aug 30 11:54:28 ubuntu neutron-server[133619]: DEBUG neutron.plugins.ml2.drivers.ovn.mech_driver.ovsdb.ovsdb_monitor [None req-5cca9299-ea4d-4e7a-81cf-59d38683eb76 None None] ChassisMetadataAgentWriteEvent : Matched Chassis, create, None None {{(pid=133619) matches /opt/stack/neutron/neutron/plugins/ml2/drivers/ovn/mech_driver/ovsdb/ovsdb_monitor.py:62}}
Aug 30 11:54:28 ubuntu neutron-server[133619]: DEBUG neutron.plugins.ml2.drivers.ovn.mech_driver.ovsdb.ovsdb_monitor [None req-5cca9299-ea4d-4e7a-81cf-59d38683eb76 None None] Hash Ring: Node 883246b9-2dde-4992-a144-f9c8851a3094 (host: ubuntu) handling event "create" for row 0b545912-9e60-4244-87ef-21beacc7970c (table: Chassis) {{(pid=133619) notify /opt/stack/neutron/neutron/plugins/ml2/drivers/ovn/mech_driver/ovsdb/ovsdb_monitor.py:743}}
Aug 30 11:54:28 ubuntu neutron-server[133619]: DEBUG neutron.plugins.ml2.drivers.ovn.mech_driver.ovsdb.ovsdb_monitor [None req-5cca9299-ea4d-4e7a-81cf-59d38683eb76 None None] Hash Ring: Node 883246b9-2dde-4992-a144-f9c8851a3094 (host: ubuntu) handling event "create" for row 18c7ad66-fab9-4204-8ddf-d8d2740e258f (table: Connection) {{(pid=133619) notify /opt/stack/neutron/neutron/plugins/ml2/drivers/ovn/mech_driver/ovsdb/ovsdb_monitor.py:743}}
Aug 30 11:54:28 ubuntu neutron-server[133619]: INFO neutron.wsgi [-] (133619) wsgi starting up on http://0.0.0.0:9696
Aug 30 11:54:28 ubuntu neutron-server[133620]: DEBUG ovsdbapp.backend.ovs_idl [None req-abc4a097-74b2-48da-92e3-7cb4030d0afe None None] Created lookup_table index Chassis.name {{(pid=133620) autocreate_indices /usr/local/lib/python3.8/dist-packages/ovsdbapp/backend/ovs_idl/__init__.py:85}}
Aug 30 11:54:28 ubuntu neutron-server[133620]: DEBUG ovsdbapp.backend.ovs_idl [None req-abc4a097-74b2-48da-92e3-7cb4030d0afe None None] Created schema index Datapath_Binding.tunnel_key {{(pid=133620) autocreate_indices /usr/local/lib/python3.8/dist-packages/ovsdbapp/backend/ovs_idl/__init__.py:104}}
Aug 30 11:54:28 ubuntu neutron-server[133620]: DEBUG ovsdbapp.backend.ovs_idl [None req-abc4a097-74b2-48da-92e3-7cb4030d0afe None None] Created schema index Connection.target {{(pid=133620) autocreate_indices /usr/local/lib/python3.8/dist-packages/ovsdbapp/backend/ovs_idl/__init__.py:104}}
Aug 30 11:54:28 ubuntu neutron-server[133620]: INFO ovsdbapp.backend.ovs_idl.vlog [None req-abc4a097-74b2-48da-92e3-7cb4030d0afe None None] tcp:192.168.79.44:6642: connecting...
Aug 30 11:54:28 ubuntu neutron-server[133620]: INFO ovsdbapp.backend.ovs_idl.vlog [None req-abc4a097-74b2-48da-92e3-7cb4030d0afe None None] tcp:192.168.79.44:6642: connected
Aug 30 11:54:28 ubuntu neutron-server[133400]: DEBUG ovsdbapp.backend.ovs_idl [None req-cad192cd-a960-46e3-b3df-cd082a785dc9 None None] Created lookup_table index Chassis.name {{(pid=133400) autocreate_indices /usr/local/lib/python3.8/dist-packages/ovsdbapp/backend/ovs_idl/__init__.py:85}}
Aug 30 11:54:28 ubuntu neutron-server[133400]: DEBUG ovsdbapp.backend.ovs_idl [None req-cad192cd-a960-46e3-b3df-cd082a785dc9 None None] Created lookup_table index MAC_Binding.ip {{(pid=133400) autocreate_indices /usr/local/lib/python3.8/dist-packages/ovsdbapp/backend/ovs_idl/__init__.py:85}}
Aug 30 11:54:28 ubuntu neutron-server[133400]: DEBUG ovsdbapp.backend.ovs_idl [None req-cad192cd-a960-46e3-b3df-cd082a785dc9 None None] Created schema index Meter.name {{(pid=133400) autocreate_indices /usr/local/lib/python3.8/dist-packages/ovsdbapp/backend/ovs_idl/__init__.py:104}}
Aug 30 11:54:28 ubuntu neutron-server[133400]: DEBUG ovsdbapp.backend.ovs_idl [None req-cad192cd-a960-46e3-b3df-cd082a785dc9 None None] Created schema index Address_Set.name {{(pid=133400) autocreate_indices /usr/local/lib/python3.8/dist-packages/ovsdbapp/backend/ovs_idl/__init__.py:104}}
Aug 30 11:54:28 ubuntu neutron-server[133400]: DEBUG ovsdbapp.backend.ovs_idl [None req-cad192cd-a960-46e3-b3df-cd082a785dc9 None None] Created schema index HA_Chassis_Group.name {{(pid=133400) autocreate_indices /usr/local/lib/python3.8/dist-packages/ovsdbapp/backend/ovs_idl/__init__.py:104}}
Aug 30 11:54:28 ubuntu neutron-server[133400]: DEBUG ovsdbapp.backend.ovs_idl [None req-cad192cd-a960-46e3-b3df-cd082a785dc9 None None] Created schema index IP_Multicast.datapath {{(pid=133400) autocreate_indices /usr/local/lib/python3.8/dist-packages/ovsdbapp/backend/ovs_idl/__init__.py:104}}
Aug 30 11:54:28 ubuntu neutron-server[133400]: DEBUG ovsdbapp.backend.ovs_idl [None req-cad192cd-a960-46e3-b3df-cd082a785dc9 None None] Created schema index Connection.target {{(pid=133400) autocreate_indices /usr/local/lib/python3.8/dist-packages/ovsdbapp/backend/ovs_idl/__init__.py:104}}
Aug 30 11:54:28 ubuntu neutron-server[133400]: DEBUG ovsdbapp.backend.ovs_idl [None req-cad192cd-a960-46e3-b3df-cd082a785dc9 None None] Created schema index Gateway_Chassis.name {{(pid=133400) autocreate_indices /usr/local/lib/python3.8/dist-packages/ovsdbapp/backend/ovs_idl/__init__.py:104}}
Aug 30 11:54:28 ubuntu neutron-server[133400]: DEBUG ovsdbapp.backend.ovs_idl [None req-cad192cd-a960-46e3-b3df-cd082a785dc9 None None] Created schema index Port_Group.name {{(pid=133400) autocreate_indices /usr/local/lib/python3.8/dist-packages/ovsdbapp/backend/ovs_idl/__init__.py:104}}
Aug 30 11:54:28 ubuntu neutron-server[133400]: DEBUG ovsdbapp.backend.ovs_idl [None req-cad192cd-a960-46e3-b3df-cd082a785dc9 None None] Created schema index Datapath_Binding.tunnel_key {{(pid=133400) autocreate_indices /usr/local/lib/python3.8/dist-packages/ovsdbapp/backend/ovs_idl/__init__.py:104}}
Aug 30 11:54:28 ubuntu neutron-server[133620]: DEBUG neutron.common.ovn.hash_ring_manager [None req-abc4a097-74b2-48da-92e3-7cb4030d0afe None None] Allow caching, nodes 2>=2 {{(pid=133620) _wait_startup_before_caching /opt/stack/neutron/neutron/common/ovn/hash_ring_manager.py:60}}
Aug 30 11:54:28 ubuntu neutron-server[133620]: DEBUG neutron.plugins.ml2.drivers.ovn.mech_driver.ovsdb.ovsdb_monitor [None req-abc4a097-74b2-48da-92e3-7cb4030d0afe None None] Hash Ring: Node 6676f27c-54d9-43af-9b1e-5aa108cb2d04 (host: ubuntu) handling event "create" for row 4db3b652-3e68-41af-be06-8be260e7ae76 (table: Encap) {{(pid=133620) notify /opt/stack/neutron/neutron/plugins/ml2/drivers/ovn/mech_driver/ovsdb/ovsdb_monitor.py:743}}
Aug 30 11:54:28 ubuntu neutron-server[133620]: DEBUG neutron.plugins.ml2.drivers.ovn.mech_driver.ovsdb.ovsdb_monitor [None req-abc4a097-74b2-48da-92e3-7cb4030d0afe None None] ChassisAgentWriteEvent : Matched Chassis, create, None None {{(pid=133620) matches /opt/stack/neutron/neutron/plugins/ml2/drivers/ovn/mech_driver/ovsdb/ovsdb_monitor.py:62}}
Aug 30 11:54:28 ubuntu neutron-server[133620]: DEBUG neutron.plugins.ml2.drivers.ovn.mech_driver.ovsdb.ovsdb_monitor [None req-abc4a097-74b2-48da-92e3-7cb4030d0afe None None] ChassisMetadataAgentWriteEvent : Matched Chassis, create, None None {{(pid=133620) matches /opt/stack/neutron/neutron/plugins/ml2/drivers/ovn/mech_driver/ovsdb/ovsdb_monitor.py:62}}
Aug 30 11:54:28 ubuntu neutron-server[133620]: INFO neutron.wsgi [-] (133620) wsgi starting up on http://0.0.0.0:9696
Aug 30 11:54:28 ubuntu neutron-server[133400]: INFO oslo_service.service [None req-cad192cd-a960-46e3-b3df-cd082a785dc9 None None] Starting 1 workers
Aug 30 11:54:28 ubuntu neutron-server[133400]: DEBUG oslo_service.service [None req-cad192cd-a960-46e3-b3df-cd082a785dc9 None None] Started child 133622 {{(pid=133400) _start_child /usr/local/lib/python3.8/dist-packages/oslo_service/service.py:575}}
Aug 30 11:54:28 ubuntu neutron-server[133400]: INFO oslo_service.service [None req-cad192cd-a960-46e3-b3df-cd082a785dc9 None None] Starting 1 workers
Aug 30 11:54:28 ubuntu neutron-server[133400]: DEBUG oslo_service.service [None req-cad192cd-a960-46e3-b3df-cd082a785dc9 None None] Started child 133623 {{(pid=133400) _start_child /usr/local/lib/python3.8/dist-packages/oslo_service/service.py:575}}
