Aug 11 16:36:06 ubuntu neutron-server[141254]: DEBUG neutron.api.extensions [None req-112fb993-bdfd-46c5-b380-519c9ab1ce2b None None] Ext name="Resource timestamps" alias="standard-attr-timestamp" description="Adds created_at and updated_at fields to all Neutron resources that have Neutron standard attributes." updated="2016-09-12T10:00:00-00:00" {{(pid=141254) _check_extension /opt/stack/neutron/neutron/api/extensions.py:416}}
Aug 11 16:36:06 ubuntu neutron-server[141254]: INFO neutron.api.extensions [None req-112fb993-bdfd-46c5-b380-519c9ab1ce2b None None] Loaded extension: standard-attr-timestamp
Aug 11 16:36:06 ubuntu neutron-server[141254]: DEBUG neutron.api.extensions [None req-112fb993-bdfd-46c5-b380-519c9ab1ce2b None None] Loading extension file: trunk.py {{(pid=141254) _load_all_extensions_from_path /opt/stack/neutron/neutron/api/extensions.py:450}}
Aug 11 16:36:06 ubuntu neutron-server[141254]: DEBUG neutron.api.extensions [None req-112fb993-bdfd-46c5-b380-519c9ab1ce2b None None] Ext name="Trunk Extension" alias="trunk" description="Provides support for trunk ports" updated="2016-01-01T10:00:00-00:00" {{(pid=141254) _check_extension /opt/stack/neutron/neutron/api/extensions.py:416}}
Aug 11 16:36:06 ubuntu neutron-server[141254]: INFO neutron.api.extensions [None req-112fb993-bdfd-46c5-b380-519c9ab1ce2b None None] Extension trunk not supported by any of loaded plugins
Aug 11 16:36:06 ubuntu neutron-server[141254]: DEBUG neutron.api.extensions [None req-112fb993-bdfd-46c5-b380-519c9ab1ce2b None None] Loading extension file: trunk_details.py {{(pid=141254) _load_all_extensions_from_path /opt/stack/neutron/neutron/api/extensions.py:450}}
Aug 11 16:36:06 ubuntu neutron-server[141254]: DEBUG neutron.api.extensions [None req-112fb993-bdfd-46c5-b380-519c9ab1ce2b None None] Ext name="Trunk port details" alias="trunk-details" description="Expose trunk port details" updated="2016-01-01T10:00:00-00:00" {{(pid=141254) _check_extension /opt/stack/neutron/neutron/api/extensions.py:416}}
Aug 11 16:36:06 ubuntu neutron-server[141254]: INFO neutron.api.extensions [None req-112fb993-bdfd-46c5-b380-519c9ab1ce2b None None] Extension trunk-details not supported by any of loaded plugins
Aug 11 16:36:06 ubuntu neutron-server[141254]: DEBUG neutron.api.extensions [None req-112fb993-bdfd-46c5-b380-519c9ab1ce2b None None] Loading extension file: uplink_status_propagation.py {{(pid=141254) _load_all_extensions_from_path /opt/stack/neutron/neutron/api/extensions.py:450}}
Aug 11 16:36:06 ubuntu neutron-server[141254]: DEBUG neutron.api.extensions [None req-112fb993-bdfd-46c5-b380-519c9ab1ce2b None None] Ext name="Uplink status propagation extension" alias="uplink-status-propagation" description="Provides ability to propagate port uplink status." updated="2018-05-31T18:00:00-00:00" {{(pid=141254) _check_extension /opt/stack/neutron/neutron/api/extensions.py:416}}
Aug 11 16:36:06 ubuntu neutron-server[141254]: INFO neutron.api.extensions [None req-112fb993-bdfd-46c5-b380-519c9ab1ce2b None None] Extension uplink-status-propagation not supported by any of loaded plugins
Aug 11 16:36:06 ubuntu neutron-server[141254]: DEBUG neutron.api.extensions [None req-112fb993-bdfd-46c5-b380-519c9ab1ce2b None None] Loading extension file: vlantransparent.py {{(pid=141254) _load_all_extensions_from_path /opt/stack/neutron/neutron/api/extensions.py:450}}
Aug 11 16:36:06 ubuntu neutron-server[141254]: DEBUG neutron.api.extensions [None req-112fb993-bdfd-46c5-b380-519c9ab1ce2b None None] Ext name="Vlantransparent" alias="vlan-transparent" description="Provides Vlan Transparent Networks" updated="2015-03-23T09:00:00-00:00" {{(pid=141254) _check_extension /opt/stack/neutron/neutron/api/extensions.py:416}}
Aug 11 16:36:06 ubuntu neutron-server[141254]: INFO neutron.api.extensions [None req-112fb993-bdfd-46c5-b380-519c9ab1ce2b None None] Extension vlan-transparent not supported by any of loaded plugins
Aug 11 16:36:06 ubuntu neutron-server[141254]: INFO neutron.quota.resource_registry [None req-112fb993-bdfd-46c5-b380-519c9ab1ce2b None None] Creating instance of TrackedResource for resource:network
Aug 11 16:36:06 ubuntu neutron-server[141254]: INFO neutron.quota.resource_registry [None req-112fb993-bdfd-46c5-b380-519c9ab1ce2b None None] Creating instance of TrackedResource for resource:subnet
Aug 11 16:36:06 ubuntu neutron-server[141254]: INFO neutron.quota.resource_registry [None req-112fb993-bdfd-46c5-b380-519c9ab1ce2b None None] Creating instance of TrackedResource for resource:subnetpool
Aug 11 16:36:06 ubuntu neutron-server[141254]: INFO neutron.quota.resource_registry [None req-112fb993-bdfd-46c5-b380-519c9ab1ce2b None None] Creating instance of TrackedResource for resource:port
Aug 11 16:36:06 ubuntu neutron-server[141254]: DEBUG neutron.api.v2.resource_helper [None req-112fb993-bdfd-46c5-b380-519c9ab1ce2b None None] Service FLAVORS assigned prefix:  {{(pid=141254) build_resource_info /opt/stack/neutron/neutron/api/v2/resource_helper.py:77}}
Aug 11 16:36:06 ubuntu neutron-server[141254]: DEBUG neutron.api.v2.resource_helper [None req-112fb993-bdfd-46c5-b380-519c9ab1ce2b None None] Service L3_ROUTER_NAT assigned prefix:  {{(pid=141254) build_resource_info /opt/stack/neutron/neutron/api/v2/resource_helper.py:77}}
Aug 11 16:36:06 ubuntu neutron-server[141254]: DEBUG neutron.api.v2.resource_helper [None req-112fb993-bdfd-46c5-b380-519c9ab1ce2b None None] Service L3_ROUTER_NAT assigned prefix:  {{(pid=141254) build_resource_info /opt/stack/neutron/neutron/api/v2/resource_helper.py:77}}
Aug 11 16:36:06 ubuntu neutron-server[141254]: INFO neutron.quota.resource_registry [None req-112fb993-bdfd-46c5-b380-519c9ab1ce2b None None] Creating instance of TrackedResource for resource:router
Aug 11 16:36:06 ubuntu neutron-server[141254]: INFO neutron.quota.resource_registry [None req-112fb993-bdfd-46c5-b380-519c9ab1ce2b None None] Creating instance of TrackedResource for resource:floatingip
Aug 11 16:36:06 ubuntu neutron-server[141254]: DEBUG neutron_lib.callbacks.manager [None req-112fb993-bdfd-46c5-b380-519c9ab1ce2b None None] Subscribe: <bound method NeutronDbPluginV2.validate_network_rbac_policy_change of <neutron.services.network_ip_availability.plugin.NetworkIPAvailabilityPlugin object at 0x7fda4c2dbe20>> rbac-policy before_create 55550000 {{(pid=141254) subscribe /usr/local/lib/python3.8/dist-packages/neutron_lib/callbacks/manager.py:45}}
Aug 11 16:36:06 ubuntu neutron-server[141254]: DEBUG neutron_lib.callbacks.manager [None req-112fb993-bdfd-46c5-b380-519c9ab1ce2b None None] Subscribe: <bound method NeutronDbPluginV2.validate_network_rbac_policy_change of <neutron.services.network_ip_availability.plugin.NetworkIPAvailabilityPlugin object at 0x7fda4c2dbe20>> rbac-policy before_update 55550000 {{(pid=141254) subscribe /usr/local/lib/python3.8/dist-packages/neutron_lib/callbacks/manager.py:45}}
Aug 11 16:36:06 ubuntu neutron-server[141254]: DEBUG neutron_lib.callbacks.manager [None req-112fb993-bdfd-46c5-b380-519c9ab1ce2b None None] Subscribe: <bound method NeutronDbPluginV2.validate_network_rbac_policy_change of <neutron.services.network_ip_availability.plugin.NetworkIPAvailabilityPlugin object at 0x7fda4c2dbe20>> rbac-policy before_delete 55550000 {{(pid=141254) subscribe /usr/local/lib/python3.8/dist-packages/neutron_lib/callbacks/manager.py:45}}
Aug 11 16:36:06 ubuntu neutron-server[141254]: INFO neutron.quota.resource_registry [None req-112fb993-bdfd-46c5-b380-519c9ab1ce2b None None] Creating instance of CountableResource for resource:rbac_policy
Aug 11 16:36:06 ubuntu neutron-server[141254]: INFO neutron.quota.resource_registry [None req-112fb993-bdfd-46c5-b380-519c9ab1ce2b None None] Creating instance of TrackedResource for resource:security_group
Aug 11 16:36:06 ubuntu neutron-server[141254]: INFO neutron.quota.resource_registry [None req-112fb993-bdfd-46c5-b380-519c9ab1ce2b None None] Creating instance of TrackedResource for resource:security_group_rule
Aug 11 16:36:06 ubuntu neutron-server[141254]: DEBUG neutron.api.v2.resource_helper [None req-112fb993-bdfd-46c5-b380-519c9ab1ce2b None None] Service FLAVORS assigned prefix:  {{(pid=141254) build_resource_info /opt/stack/neutron/neutron/api/v2/resource_helper.py:77}}
Aug 11 16:36:06 ubuntu neutron-server[141254]: DEBUG neutron.api.v2.resource_helper [None req-112fb993-bdfd-46c5-b380-519c9ab1ce2b None None] Service L3_ROUTER_NAT assigned prefix:  {{(pid=141254) build_resource_info /opt/stack/neutron/neutron/api/v2/resource_helper.py:77}}
Aug 11 16:36:06 ubuntu neutron-server[141254]: DEBUG neutron.api.v2.resource_helper [None req-112fb993-bdfd-46c5-b380-519c9ab1ce2b None None] Service L3_ROUTER_NAT assigned prefix:  {{(pid=141254) build_resource_info /opt/stack/neutron/neutron/api/v2/resource_helper.py:77}}
Aug 11 16:36:06 ubuntu neutron-server[141254]: INFO neutron.quota.resource_registry [None req-112fb993-bdfd-46c5-b380-519c9ab1ce2b None None] Creating instance of TrackedResource for resource:router
Aug 11 16:36:06 ubuntu neutron-server[141254]: WARNING neutron.quota.resource_registry [None req-112fb993-bdfd-46c5-b380-519c9ab1ce2b None None] router is already registered
Aug 11 16:36:06 ubuntu neutron-server[141254]: INFO neutron.quota.resource_registry [None req-112fb993-bdfd-46c5-b380-519c9ab1ce2b None None] Creating instance of TrackedResource for resource:floatingip
Aug 11 16:36:06 ubuntu neutron-server[141254]: WARNING neutron.quota.resource_registry [None req-112fb993-bdfd-46c5-b380-519c9ab1ce2b None None] floatingip is already registered
Aug 11 16:36:06 ubuntu neutron-server[141254]: INFO neutron.quota.resource_registry [None req-112fb993-bdfd-46c5-b380-519c9ab1ce2b None None] Creating instance of CountableResource for resource:rbac_policy
Aug 11 16:36:06 ubuntu neutron-server[141254]: WARNING neutron.quota.resource_registry [None req-112fb993-bdfd-46c5-b380-519c9ab1ce2b None None] rbac_policy is already registered
Aug 11 16:36:06 ubuntu neutron-server[141254]: INFO neutron.quota.resource_registry [None req-112fb993-bdfd-46c5-b380-519c9ab1ce2b None None] Creating instance of TrackedResource for resource:security_group
Aug 11 16:36:06 ubuntu neutron-server[141254]: WARNING neutron.quota.resource_registry [None req-112fb993-bdfd-46c5-b380-519c9ab1ce2b None None] security_group is already registered
Aug 11 16:36:06 ubuntu neutron-server[141254]: INFO neutron.quota.resource_registry [None req-112fb993-bdfd-46c5-b380-519c9ab1ce2b None None] Creating instance of TrackedResource for resource:security_group_rule
Aug 11 16:36:06 ubuntu neutron-server[141254]: WARNING neutron.quota.resource_registry [None req-112fb993-bdfd-46c5-b380-519c9ab1ce2b None None] security_group_rule is already registered
Aug 11 16:36:06 ubuntu neutron-server[141254]: DEBUG neutron.api.extensions [None req-112fb993-bdfd-46c5-b380-519c9ab1ce2b None None] Extended resource: extensions {{(pid=141254) __init__ /opt/stack/neutron/neutron/api/extensions.py:157}}
Aug 11 16:36:06 ubuntu neutron-server[141254]: DEBUG neutron.api.extensions [None req-112fb993-bdfd-46c5-b380-519c9ab1ce2b None None] Extended resource: address-groups {{(pid=141254) __init__ /opt/stack/neutron/neutron/api/extensions.py:157}}
Aug 11 16:36:06 ubuntu neutron-server[141254]: DEBUG neutron.api.extensions [None req-112fb993-bdfd-46c5-b380-519c9ab1ce2b None None] Extended resource: address-scopes {{(pid=141254) __init__ /opt/stack/neutron/neutron/api/extensions.py:157}}
Aug 11 16:36:06 ubuntu neutron-server[141254]: DEBUG neutron.api.extensions [None req-112fb993-bdfd-46c5-b380-519c9ab1ce2b None None] Extended resource: agents {{(pid=141254) __init__ /opt/stack/neutron/neutron/api/extensions.py:157}}
Aug 11 16:36:06 ubuntu neutron-server[141254]: DEBUG neutron.api.extensions [None req-112fb993-bdfd-46c5-b380-519c9ab1ce2b None None] Extended resource: auto-allocated-topology {{(pid=141254) __init__ /opt/stack/neutron/neutron/api/extensions.py:157}}
Aug 11 16:36:06 ubuntu neutron-server[141254]: DEBUG neutron.api.extensions [None req-112fb993-bdfd-46c5-b380-519c9ab1ce2b None None] Extended resource: availability_zones {{(pid=141254) __init__ /opt/stack/neutron/neutron/api/extensions.py:157}}
Aug 11 16:36:06 ubuntu neutron-server[141254]: DEBUG neutron.api.extensions [None req-112fb993-bdfd-46c5-b380-519c9ab1ce2b None None] Extended resource: flavors {{(pid=141254) __init__ /opt/stack/neutron/neutron/api/extensions.py:157}}
Aug 11 16:36:06 ubuntu neutron-server[141254]: DEBUG neutron.api.extensions [None req-112fb993-bdfd-46c5-b380-519c9ab1ce2b None None] Extended resource: service_profiles {{(pid=141254) __init__ /opt/stack/neutron/neutron/api/extensions.py:157}}
Aug 11 16:36:06 ubuntu neutron-server[141254]: DEBUG neutron.api.extensions [None req-112fb993-bdfd-46c5-b380-519c9ab1ce2b None None] Extended resource: next_providers {{(pid=141254) __init__ /opt/stack/neutron/neutron/api/extensions.py:157}}
Aug 11 16:36:06 ubuntu neutron-server[141254]: DEBUG neutron.api.extensions [None req-112fb993-bdfd-46c5-b380-519c9ab1ce2b None None] Extended resource: service_profiles {{(pid=141254) __init__ /opt/stack/neutron/neutron/api/extensions.py:157}}
Aug 11 16:36:06 ubuntu neutron-server[141254]: DEBUG neutron.api.extensions [None req-112fb993-bdfd-46c5-b380-519c9ab1ce2b None None] Extended resource: floatingip-pools {{(pid=141254) __init__ /opt/stack/neutron/neutron/api/extensions.py:157}}
Aug 11 16:36:06 ubuntu neutron-server[141254]: DEBUG neutron.api.extensions [None req-112fb993-bdfd-46c5-b380-519c9ab1ce2b None None] Extended resource: routers {{(pid=141254) __init__ /opt/stack/neutron/neutron/api/extensions.py:157}}
Aug 11 16:36:06 ubuntu neutron-server[141254]: DEBUG neutron.api.extensions [None req-112fb993-bdfd-46c5-b380-519c9ab1ce2b None None] Extended resource: floatingips {{(pid=141254) __init__ /opt/stack/neutron/neutron/api/extensions.py:157}}
Aug 11 16:36:06 ubuntu neutron-server[141254]: DEBUG neutron.api.extensions [None req-112fb993-bdfd-46c5-b380-519c9ab1ce2b None None] Extended resource: network-ip-availabilities {{(pid=141254) __init__ /opt/stack/neutron/neutron/api/extensions.py:157}}
Aug 11 16:36:06 ubuntu neutron-server[141254]: DEBUG neutron.api.extensions [None req-112fb993-bdfd-46c5-b380-519c9ab1ce2b None None] Extended resource: bindings {{(pid=141254) __init__ /opt/stack/neutron/neutron/api/extensions.py:157}}
Aug 11 16:36:06 ubuntu neutron-server[141254]: DEBUG neutron.api.extensions [None req-112fb993-bdfd-46c5-b380-519c9ab1ce2b None None] Extended resource: quotas {{(pid=141254) __init__ /opt/stack/neutron/neutron/api/extensions.py:157}}
Aug 11 16:36:06 ubuntu neutron-server[141254]: DEBUG neutron.api.extensions [None req-112fb993-bdfd-46c5-b380-519c9ab1ce2b None None] Extended resource: quotas {{(pid=141254) __init__ /opt/stack/neutron/neutron/api/extensions.py:157}}
Aug 11 16:36:06 ubuntu neutron-server[141254]: DEBUG neutron.api.extensions [None req-112fb993-bdfd-46c5-b380-519c9ab1ce2b None None] Extended resource: rbac-policies {{(pid=141254) __init__ /opt/stack/neutron/neutron/api/extensions.py:157}}
Aug 11 16:36:06 ubuntu neutron-server[141254]: DEBUG neutron.api.extensions [None req-112fb993-bdfd-46c5-b380-519c9ab1ce2b None None] Extended resource: security-groups {{(pid=141254) __init__ /opt/stack/neutron/neutron/api/extensions.py:157}}
Aug 11 16:36:06 ubuntu neutron-server[141254]: DEBUG neutron.api.extensions [None req-112fb993-bdfd-46c5-b380-519c9ab1ce2b None None] Extended resource: security-group-rules {{(pid=141254) __init__ /opt/stack/neutron/neutron/api/extensions.py:157}}
Aug 11 16:36:06 ubuntu neutron-server[141254]: DEBUG neutron.api.extensions [None req-112fb993-bdfd-46c5-b380-519c9ab1ce2b None None] Extended resource: service-providers {{(pid=141254) __init__ /opt/stack/neutron/neutron/api/extensions.py:157}}
Aug 11 16:36:06 ubuntu neutron-server[141254]: DEBUG neutron.api.extensions [None req-112fb993-bdfd-46c5-b380-519c9ab1ce2b None None] Extended resource: tags {{(pid=141254) __init__ /opt/stack/neutron/neutron/api/extensions.py:157}}
Aug 11 16:36:06 ubuntu neutron-server[141254]: DEBUG neutron.api.extensions [None req-112fb993-bdfd-46c5-b380-519c9ab1ce2b None None] Extended resource: tags {{(pid=141254) __init__ /opt/stack/neutron/neutron/api/extensions.py:157}}
Aug 11 16:36:06 ubuntu neutron-server[141254]: DEBUG neutron.api.extensions [None req-112fb993-bdfd-46c5-b380-519c9ab1ce2b None None] Extended resource: tags {{(pid=141254) __init__ /opt/stack/neutron/neutron/api/extensions.py:157}}
Aug 11 16:36:06 ubuntu neutron-server[141254]: DEBUG neutron.api.extensions [None req-112fb993-bdfd-46c5-b380-519c9ab1ce2b None None] Extended resource: tags {{(pid=141254) __init__ /opt/stack/neutron/neutron/api/extensions.py:157}}
Aug 11 16:36:06 ubuntu neutron-server[141254]: DEBUG neutron.api.extensions [None req-112fb993-bdfd-46c5-b380-519c9ab1ce2b None None] Extended resource: tags {{(pid=141254) __init__ /opt/stack/neutron/neutron/api/extensions.py:157}}
Aug 11 16:36:06 ubuntu neutron-server[141254]: DEBUG neutron.api.extensions [None req-112fb993-bdfd-46c5-b380-519c9ab1ce2b None None] Extended resource: tags {{(pid=141254) __init__ /opt/stack/neutron/neutron/api/extensions.py:157}}
Aug 11 16:36:06 ubuntu neutron-server[141254]: DEBUG neutron.api.extensions [None req-112fb993-bdfd-46c5-b380-519c9ab1ce2b None None] Extended resource: tags {{(pid=141254) __init__ /opt/stack/neutron/neutron/api/extensions.py:157}}
Aug 11 16:36:06 ubuntu neutron-server[141254]: DEBUG neutron.api.extensions [None req-112fb993-bdfd-46c5-b380-519c9ab1ce2b None None] Extended resource: tags {{(pid=141254) __init__ /opt/stack/neutron/neutron/api/extensions.py:157}}
Aug 11 16:36:06 ubuntu neutron-server[141254]: DEBUG neutron.api.extensions [None req-112fb993-bdfd-46c5-b380-519c9ab1ce2b None None] Extended resource: tags {{(pid=141254) __init__ /opt/stack/neutron/neutron/api/extensions.py:157}}
Aug 11 16:36:06 ubuntu neutron-server[141254]: DEBUG neutron.api.extensions [None req-112fb993-bdfd-46c5-b380-519c9ab1ce2b None None] Extended resource: tags {{(pid=141254) __init__ /opt/stack/neutron/neutron/api/extensions.py:157}}
Aug 11 16:36:06 ubuntu neutron-server[141254]: WARNING keystonemiddleware.auth_token [None req-112fb993-bdfd-46c5-b380-519c9ab1ce2b None None] AuthToken middleware is set with keystone_authtoken.service_token_roles_required set to False. This is backwards compatible but deprecated behaviour. Please set this to True.
Aug 11 16:36:06 ubuntu neutron-server[141254]: WARNING keystonemiddleware.auth_token [None req-112fb993-bdfd-46c5-b380-519c9ab1ce2b None None] Configuring www_authenticate_uri to point to the public identity endpoint is required; clients may not be able to authenticate against an admin endpoint
Aug 11 16:36:06 ubuntu neutron-server[141254]: DEBUG oslo_concurrency.lockutils [None req-112fb993-bdfd-46c5-b380-519c9ab1ce2b None None] Acquiring lock "singleton_lock" {{(pid=141254) lock /usr/local/lib/python3.8/dist-packages/oslo_concurrency/lockutils.py:293}}
Aug 11 16:36:06 ubuntu neutron-server[141254]: DEBUG oslo_concurrency.lockutils [None req-112fb993-bdfd-46c5-b380-519c9ab1ce2b None None] Acquired lock "singleton_lock" {{(pid=141254) lock /usr/local/lib/python3.8/dist-packages/oslo_concurrency/lockutils.py:296}}
Aug 11 16:36:06 ubuntu neutron-server[141254]: DEBUG oslo_concurrency.lockutils [None req-112fb993-bdfd-46c5-b380-519c9ab1ce2b None None] Releasing lock "singleton_lock" {{(pid=141254) lock /usr/local/lib/python3.8/dist-packages/oslo_concurrency/lockutils.py:314}}
Aug 11 16:36:06 ubuntu neutron-server[141254]: INFO oslo_service.service [None req-112fb993-bdfd-46c5-b380-519c9ab1ce2b None None] Starting 2 workers
Aug 11 16:36:06 ubuntu neutron-server[141254]: DEBUG oslo_service.service [None req-112fb993-bdfd-46c5-b380-519c9ab1ce2b None None] Started child 141474 {{(pid=141254) _start_child /usr/local/lib/python3.8/dist-packages/oslo_service/service.py:575}}
Aug 11 16:36:06 ubuntu neutron-server[141254]: DEBUG oslo_service.service [None req-112fb993-bdfd-46c5-b380-519c9ab1ce2b None None] Started child 141475 {{(pid=141254) _start_child /usr/local/lib/python3.8/dist-packages/oslo_service/service.py:575}}
Aug 11 16:36:06 ubuntu neutron-server[141474]: DEBUG neutron_lib.callbacks.manager [-] Publish callbacks ['neutron.plugins.ml2.drivers.ovn.mech_driver.mech_driver.OVNMechanismDriver.post_fork_initialize-7926871'] for process (None), after_init {{(pid=141474) _notify_loop /usr/local/lib/python3.8/dist-packages/neutron_lib/callbacks/manager.py:176}}
Aug 11 16:36:06 ubuntu neutron-server[141254]: INFO neutron.service [None req-112fb993-bdfd-46c5-b380-519c9ab1ce2b None None] Neutron service started, listening on 0.0.0.0:9696
Aug 11 16:36:06 ubuntu neutron-server[141254]: DEBUG neutron_lib.callbacks.manager [None req-112fb993-bdfd-46c5-b380-519c9ab1ce2b None None] Publish callbacks ['neutron.plugins.ml2.drivers.ovn.mech_driver.mech_driver.OVNMechanismDriver.pre_fork_initialize-7926907'] for process (None), before_spawn {{(pid=141254) _notify_loop /usr/local/lib/python3.8/dist-packages/neutron_lib/callbacks/manager.py:176}}
Aug 11 16:36:06 ubuntu neutron-server[141475]: DEBUG neutron_lib.callbacks.manager [-] Publish callbacks ['neutron.plugins.ml2.drivers.ovn.mech_driver.mech_driver.OVNMechanismDriver.post_fork_initialize-7926871'] for process (None), after_init {{(pid=141475) _notify_loop /usr/local/lib/python3.8/dist-packages/neutron_lib/callbacks/manager.py:176}}
Aug 11 16:36:06 ubuntu neutron-server[141474]: DEBUG dbcounter [-] [141474] Writer thread running {{(pid=141474) stat_writer /usr/local/lib/python3.8/dist-packages/dbcounter.py:99}}
Aug 11 16:36:06 ubuntu neutron-server[141475]: DEBUG dbcounter [-] [141475] Writer thread running {{(pid=141475) stat_writer /usr/local/lib/python3.8/dist-packages/dbcounter.py:99}}
Aug 11 16:36:06 ubuntu neutron-server[141254]: DEBUG ovsdbapp.backend.ovs_idl [None req-112fb993-bdfd-46c5-b380-519c9ab1ce2b None None] Created schema index Port_Group.name {{(pid=141254) autocreate_indices /usr/local/lib/python3.8/dist-packages/ovsdbapp/backend/ovs_idl/__init__.py:104}}
Aug 11 16:36:06 ubuntu neutron-server[141474]: INFO neutron.plugins.ml2.drivers.ovn.mech_driver.ovsdb.impl_idl_ovn [None req-a3fc4012-d7c2-4166-bc7f-2dca4f3a2433 None None] Getting OvsdbNbOvnIdl for WorkerService with retry
Aug 11 16:36:06 ubuntu neutron-server[141254]: DEBUG ovsdbapp.backend.ovs_idl [None req-112fb993-bdfd-46c5-b380-519c9ab1ce2b None None] Created schema index Logical_Switch_Port.name {{(pid=141254) autocreate_indices /usr/local/lib/python3.8/dist-packages/ovsdbapp/backend/ovs_idl/__init__.py:104}}
Aug 11 16:36:06 ubuntu neutron-server[141475]: INFO neutron.plugins.ml2.drivers.ovn.mech_driver.ovsdb.impl_idl_ovn [None req-46a5a184-5ba1-43f6-a07b-f371dbd17097 None None] Getting OvsdbNbOvnIdl for WorkerService with retry
Aug 11 16:36:06 ubuntu neutron-server[141474]: DEBUG ovsdbapp.backend.ovs_idl [None req-a3fc4012-d7c2-4166-bc7f-2dca4f3a2433 None None] Created lookup_table index Logical_Switch.name {{(pid=141474) autocreate_indices /usr/local/lib/python3.8/dist-packages/ovsdbapp/backend/ovs_idl/__init__.py:85}}
Aug 11 16:36:06 ubuntu neutron-server[141474]: DEBUG ovsdbapp.backend.ovs_idl [None req-a3fc4012-d7c2-4166-bc7f-2dca4f3a2433 None None] Created lookup_table index Logical_Router.name {{(pid=141474) autocreate_indices /usr/local/lib/python3.8/dist-packages/ovsdbapp/backend/ovs_idl/__init__.py:85}}
Aug 11 16:36:06 ubuntu neutron-server[141474]: DEBUG ovsdbapp.backend.ovs_idl [None req-a3fc4012-d7c2-4166-bc7f-2dca4f3a2433 None None] Created lookup_table index Load_Balancer.name {{(pid=141474) autocreate_indices /usr/local/lib/python3.8/dist-packages/ovsdbapp/backend/ovs_idl/__init__.py:85}}
Aug 11 16:36:06 ubuntu neutron-server[141254]: DEBUG ovsdbapp.backend.ovs_idl.transaction [-] Running txn n=1 command(idx=0): PgAddCommand(name=neutron_pg_drop, may_exist=True, columns={'acls': []}) {{(pid=141254) do_commit /usr/local/lib/python3.8/dist-packages/ovsdbapp/backend/ovs_idl/transaction.py:90}}
Aug 11 16:36:06 ubuntu neutron-server[141474]: DEBUG ovsdbapp.backend.ovs_idl [None req-a3fc4012-d7c2-4166-bc7f-2dca4f3a2433 None None] Created schema index Meter.name {{(pid=141474) autocreate_indices /usr/local/lib/python3.8/dist-packages/ovsdbapp/backend/ovs_idl/__init__.py:104}}
Aug 11 16:36:06 ubuntu neutron-server[141474]: DEBUG ovsdbapp.backend.ovs_idl [None req-a3fc4012-d7c2-4166-bc7f-2dca4f3a2433 None None] Created schema index Address_Set.name {{(pid=141474) autocreate_indices /usr/local/lib/python3.8/dist-packages/ovsdbapp/backend/ovs_idl/__init__.py:104}}
Aug 11 16:36:06 ubuntu neutron-server[141474]: DEBUG ovsdbapp.backend.ovs_idl [None req-a3fc4012-d7c2-4166-bc7f-2dca4f3a2433 None None] Created schema index HA_Chassis_Group.name {{(pid=141474) autocreate_indices /usr/local/lib/python3.8/dist-packages/ovsdbapp/backend/ovs_idl/__init__.py:104}}
Aug 11 16:36:06 ubuntu neutron-server[141474]: DEBUG ovsdbapp.backend.ovs_idl [None req-a3fc4012-d7c2-4166-bc7f-2dca4f3a2433 None None] Created schema index Connection.target {{(pid=141474) autocreate_indices /usr/local/lib/python3.8/dist-packages/ovsdbapp/backend/ovs_idl/__init__.py:104}}
Aug 11 16:36:06 ubuntu neutron-server[141254]: DEBUG ovsdbapp.backend.ovs_idl.transaction [-] Running txn n=1 command(idx=1): PgAclAddCommand(entity=neutron_pg_drop, direction=from-lport, priority=1001, match=inport == @neutron_pg_drop && ip, action=drop, log=False, may_exist=True, severity=[], name=[], meter=None, external_ids={}) {{(pid=141254) do_commit /usr/local/lib/python3.8/dist-packages/ovsdbapp/backend/ovs_idl/transaction.py:90}}
Aug 11 16:36:06 ubuntu neutron-server[141474]: DEBUG ovsdbapp.backend.ovs_idl [None req-a3fc4012-d7c2-4166-bc7f-2dca4f3a2433 None None] Created schema index Gateway_Chassis.name {{(pid=141474) autocreate_indices /usr/local/lib/python3.8/dist-packages/ovsdbapp/backend/ovs_idl/__init__.py:104}}
Aug 11 16:36:06 ubuntu neutron-server[141474]: DEBUG ovsdbapp.backend.ovs_idl [None req-a3fc4012-d7c2-4166-bc7f-2dca4f3a2433 None None] Created schema index Logical_Router_Port.name {{(pid=141474) autocreate_indices /usr/local/lib/python3.8/dist-packages/ovsdbapp/backend/ovs_idl/__init__.py:104}}
Aug 11 16:36:06 ubuntu neutron-server[141254]: DEBUG ovsdbapp.backend.ovs_idl.transaction [-] Running txn n=1 command(idx=2): PgAclAddCommand(entity=neutron_pg_drop, direction=to-lport, priority=1001, match=outport == @neutron_pg_drop && ip, action=drop, log=False, may_exist=True, severity=[], name=[], meter=None, external_ids={}) {{(pid=141254) do_commit /usr/local/lib/python3.8/dist-packages/ovsdbapp/backend/ovs_idl/transaction.py:90}}
Aug 11 16:36:06 ubuntu neutron-server[141474]: DEBUG ovsdbapp.backend.ovs_idl [None req-a3fc4012-d7c2-4166-bc7f-2dca4f3a2433 None None] Created schema index Port_Group.name {{(pid=141474) autocreate_indices /usr/local/lib/python3.8/dist-packages/ovsdbapp/backend/ovs_idl/__init__.py:104}}
Aug 11 16:36:06 ubuntu neutron-server[141474]: DEBUG ovsdbapp.backend.ovs_idl [None req-a3fc4012-d7c2-4166-bc7f-2dca4f3a2433 None None] Created schema index Logical_Switch_Port.name {{(pid=141474) autocreate_indices /usr/local/lib/python3.8/dist-packages/ovsdbapp/backend/ovs_idl/__init__.py:104}}
Aug 11 16:36:06 ubuntu neutron-server[141474]: INFO ovsdbapp.backend.ovs_idl.vlog [None req-a3fc4012-d7c2-4166-bc7f-2dca4f3a2433 None None] tcp:192.168.79.49:6641: connecting...
Aug 11 16:36:06 ubuntu neutron-server[141474]: INFO ovsdbapp.backend.ovs_idl.vlog [None req-a3fc4012-d7c2-4166-bc7f-2dca4f3a2433 None None] tcp:192.168.79.49:6641: connected
Aug 11 16:36:06 ubuntu neutron-server[141254]: DEBUG ovsdbapp.backend.ovs_idl.event [-] Matched CREATE: NeutronPgDropPortGroupCreated(events=('create',), table='Port_Group', conditions=(('name', '=', 'neutron_pg_drop'),), old_conditions=None), priority=10 to row=Port_Group(name=neutron_pg_drop, ports=[], external_ids={}, acls=[<ovs.db.idl.Row object at 0x7fda4bc926d0>, <ovs.db.idl.Row object at 0x7fda4bc8c250>]) old= {{(pid=141254) matches /usr/local/lib/python3.8/dist-packages/ovsdbapp/backend/ovs_idl/event.py:43}}
Aug 11 16:36:06 ubuntu neutron-server[141475]: DEBUG ovsdbapp.backend.ovs_idl [None req-46a5a184-5ba1-43f6-a07b-f371dbd17097 None None] Created lookup_table index Logical_Switch.name {{(pid=141475) autocreate_indices /usr/local/lib/python3.8/dist-packages/ovsdbapp/backend/ovs_idl/__init__.py:85}}
Aug 11 16:36:06 ubuntu neutron-server[141475]: DEBUG ovsdbapp.backend.ovs_idl [None req-46a5a184-5ba1-43f6-a07b-f371dbd17097 None None] Created lookup_table index Logical_Router.name {{(pid=141475) autocreate_indices /usr/local/lib/python3.8/dist-packages/ovsdbapp/backend/ovs_idl/__init__.py:85}}
Aug 11 16:36:06 ubuntu neutron-server[141475]: DEBUG ovsdbapp.backend.ovs_idl [None req-46a5a184-5ba1-43f6-a07b-f371dbd17097 None None] Created lookup_table index Load_Balancer.name {{(pid=141475) autocreate_indices /usr/local/lib/python3.8/dist-packages/ovsdbapp/backend/ovs_idl/__init__.py:85}}
Aug 11 16:36:06 ubuntu neutron-server[141475]: DEBUG ovsdbapp.backend.ovs_idl [None req-46a5a184-5ba1-43f6-a07b-f371dbd17097 None None] Created schema index Meter.name {{(pid=141475) autocreate_indices /usr/local/lib/python3.8/dist-packages/ovsdbapp/backend/ovs_idl/__init__.py:104}}
Aug 11 16:36:06 ubuntu neutron-server[141475]: DEBUG ovsdbapp.backend.ovs_idl [None req-46a5a184-5ba1-43f6-a07b-f371dbd17097 None None] Created schema index Address_Set.name {{(pid=141475) autocreate_indices /usr/local/lib/python3.8/dist-packages/ovsdbapp/backend/ovs_idl/__init__.py:104}}
Aug 11 16:36:06 ubuntu neutron-server[141475]: DEBUG ovsdbapp.backend.ovs_idl [None req-46a5a184-5ba1-43f6-a07b-f371dbd17097 None None] Created schema index HA_Chassis_Group.name {{(pid=141475) autocreate_indices /usr/local/lib/python3.8/dist-packages/ovsdbapp/backend/ovs_idl/__init__.py:104}}
Aug 11 16:36:06 ubuntu neutron-server[141475]: DEBUG ovsdbapp.backend.ovs_idl [None req-46a5a184-5ba1-43f6-a07b-f371dbd17097 None None] Created schema index Connection.target {{(pid=141475) autocreate_indices /usr/local/lib/python3.8/dist-packages/ovsdbapp/backend/ovs_idl/__init__.py:104}}
Aug 11 16:36:06 ubuntu neutron-server[141475]: DEBUG ovsdbapp.backend.ovs_idl [None req-46a5a184-5ba1-43f6-a07b-f371dbd17097 None None] Created schema index Gateway_Chassis.name {{(pid=141475) autocreate_indices /usr/local/lib/python3.8/dist-packages/ovsdbapp/backend/ovs_idl/__init__.py:104}}
Aug 11 16:36:06 ubuntu neutron-server[141475]: DEBUG ovsdbapp.backend.ovs_idl [None req-46a5a184-5ba1-43f6-a07b-f371dbd17097 None None] Created schema index Logical_Router_Port.name {{(pid=141475) autocreate_indices /usr/local/lib/python3.8/dist-packages/ovsdbapp/backend/ovs_idl/__init__.py:104}}
Aug 11 16:36:06 ubuntu neutron-server[141475]: DEBUG ovsdbapp.backend.ovs_idl [None req-46a5a184-5ba1-43f6-a07b-f371dbd17097 None None] Created schema index Port_Group.name {{(pid=141475) autocreate_indices /usr/local/lib/python3.8/dist-packages/ovsdbapp/backend/ovs_idl/__init__.py:104}}
Aug 11 16:36:06 ubuntu neutron-server[141475]: DEBUG ovsdbapp.backend.ovs_idl [None req-46a5a184-5ba1-43f6-a07b-f371dbd17097 None None] Created schema index Logical_Switch_Port.name {{(pid=141475) autocreate_indices /usr/local/lib/python3.8/dist-packages/ovsdbapp/backend/ovs_idl/__init__.py:104}}
Aug 11 16:36:06 ubuntu neutron-server[141475]: INFO ovsdbapp.backend.ovs_idl.vlog [None req-46a5a184-5ba1-43f6-a07b-f371dbd17097 None None] tcp:192.168.79.49:6641: connecting...
Aug 11 16:36:06 ubuntu neutron-server[141474]: DEBUG neutron.common.ovn.hash_ring_manager [None req-a3fc4012-d7c2-4166-bc7f-2dca4f3a2433 None None] Allow caching, nodes 2>=2 {{(pid=141474) _wait_startup_before_caching /opt/stack/neutron/neutron/common/ovn/hash_ring_manager.py:60}}
Aug 11 16:36:06 ubuntu neutron-server[141475]: INFO ovsdbapp.backend.ovs_idl.vlog [None req-46a5a184-5ba1-43f6-a07b-f371dbd17097 None None] tcp:192.168.79.49:6641: connected
Aug 11 16:36:07 ubuntu neutron-server[141474]: DEBUG neutron.plugins.ml2.drivers.ovn.mech_driver.ovsdb.ovsdb_monitor [None req-a3fc4012-d7c2-4166-bc7f-2dca4f3a2433 None None] Hash Ring: Node 42b1fa1c-074c-4a1a-8fd7-24062b6e7996 (host: ubuntu) handling event "create" for row d6ab6e63-c7a2-4326-9a54-a75d2e58e9ea (table: Database) {{(pid=141474) notify /opt/stack/neutron/neutron/plugins/ml2/drivers/ovn/mech_driver/ovsdb/ovsdb_monitor.py:743}}
Aug 11 16:36:07 ubuntu neutron-server[141254]: DEBUG ovsdbapp.backend.ovs_idl [None req-112fb993-bdfd-46c5-b380-519c9ab1ce2b None None] Created lookup_table index Logical_Switch.name {{(pid=141254) autocreate_indices /usr/local/lib/python3.8/dist-packages/ovsdbapp/backend/ovs_idl/__init__.py:85}}
Aug 11 16:36:07 ubuntu neutron-server[141254]: DEBUG ovsdbapp.backend.ovs_idl [None req-112fb993-bdfd-46c5-b380-519c9ab1ce2b None None] Created lookup_table index Logical_Router.name {{(pid=141254) autocreate_indices /usr/local/lib/python3.8/dist-packages/ovsdbapp/backend/ovs_idl/__init__.py:85}}
Aug 11 16:36:07 ubuntu neutron-server[141254]: DEBUG ovsdbapp.backend.ovs_idl [None req-112fb993-bdfd-46c5-b380-519c9ab1ce2b None None] Created lookup_table index Load_Balancer.name {{(pid=141254) autocreate_indices /usr/local/lib/python3.8/dist-packages/ovsdbapp/backend/ovs_idl/__init__.py:85}}
Aug 11 16:36:07 ubuntu neutron-server[141254]: DEBUG ovsdbapp.backend.ovs_idl [None req-112fb993-bdfd-46c5-b380-519c9ab1ce2b None None] Created schema index Meter.name {{(pid=141254) autocreate_indices /usr/local/lib/python3.8/dist-packages/ovsdbapp/backend/ovs_idl/__init__.py:104}}
Aug 11 16:36:07 ubuntu neutron-server[141254]: DEBUG ovsdbapp.backend.ovs_idl [None req-112fb993-bdfd-46c5-b380-519c9ab1ce2b None None] Created schema index Address_Set.name {{(pid=141254) autocreate_indices /usr/local/lib/python3.8/dist-packages/ovsdbapp/backend/ovs_idl/__init__.py:104}}
Aug 11 16:36:07 ubuntu neutron-server[141254]: DEBUG ovsdbapp.backend.ovs_idl [None req-112fb993-bdfd-46c5-b380-519c9ab1ce2b None None] Created schema index HA_Chassis_Group.name {{(pid=141254) autocreate_indices /usr/local/lib/python3.8/dist-packages/ovsdbapp/backend/ovs_idl/__init__.py:104}}
Aug 11 16:36:07 ubuntu neutron-server[141254]: DEBUG ovsdbapp.backend.ovs_idl [None req-112fb993-bdfd-46c5-b380-519c9ab1ce2b None None] Created schema index Connection.target {{(pid=141254) autocreate_indices /usr/local/lib/python3.8/dist-packages/ovsdbapp/backend/ovs_idl/__init__.py:104}}
Aug 11 16:36:07 ubuntu neutron-server[141254]: DEBUG ovsdbapp.backend.ovs_idl [None req-112fb993-bdfd-46c5-b380-519c9ab1ce2b None None] Created schema index Gateway_Chassis.name {{(pid=141254) autocreate_indices /usr/local/lib/python3.8/dist-packages/ovsdbapp/backend/ovs_idl/__init__.py:104}}
Aug 11 16:36:07 ubuntu neutron-server[141254]: DEBUG ovsdbapp.backend.ovs_idl [None req-112fb993-bdfd-46c5-b380-519c9ab1ce2b None None] Created schema index Logical_Router_Port.name {{(pid=141254) autocreate_indices /usr/local/lib/python3.8/dist-packages/ovsdbapp/backend/ovs_idl/__init__.py:104}}
Aug 11 16:36:07 ubuntu neutron-server[141254]: DEBUG ovsdbapp.backend.ovs_idl [None req-112fb993-bdfd-46c5-b380-519c9ab1ce2b None None] Created schema index Port_Group.name {{(pid=141254) autocreate_indices /usr/local/lib/python3.8/dist-packages/ovsdbapp/backend/ovs_idl/__init__.py:104}}
Aug 11 16:36:07 ubuntu neutron-server[141254]: DEBUG ovsdbapp.backend.ovs_idl [None req-112fb993-bdfd-46c5-b380-519c9ab1ce2b None None] Created schema index Logical_Switch_Port.name {{(pid=141254) autocreate_indices /usr/local/lib/python3.8/dist-packages/ovsdbapp/backend/ovs_idl/__init__.py:104}}
Aug 11 16:36:07 ubuntu neutron-server[141474]: DEBUG neutron.plugins.ml2.drivers.ovn.mech_driver.ovsdb.ovsdb_monitor [None req-a3fc4012-d7c2-4166-bc7f-2dca4f3a2433 None None] Hash Ring: Node 42b1fa1c-074c-4a1a-8fd7-24062b6e7996 (host: ubuntu) handling event "create" for row e17c5c78-78b5-4803-be69-6c81d3a623c6 (table: Database) {{(pid=141474) notify /opt/stack/neutron/neutron/plugins/ml2/drivers/ovn/mech_driver/ovsdb/ovsdb_monitor.py:743}}
Aug 11 16:36:07 ubuntu neutron-server[141474]: DEBUG neutron.plugins.ml2.drivers.ovn.mech_driver.ovsdb.ovsdb_monitor [None req-a3fc4012-d7c2-4166-bc7f-2dca4f3a2433 None None] Hash Ring: Node 42b1fa1c-074c-4a1a-8fd7-24062b6e7996 (host: ubuntu) handling event "create" for row 62f423e8-abcc-4126-a2b6-9f517408bc8c (table: Port_Group) {{(pid=141474) notify /opt/stack/neutron/neutron/plugins/ml2/drivers/ovn/mech_driver/ovsdb/ovsdb_monitor.py:743}}
Aug 11 16:36:07 ubuntu neutron-server[141474]: DEBUG neutron.plugins.ml2.drivers.ovn.mech_driver.ovsdb.ovsdb_monitor [None req-a3fc4012-d7c2-4166-bc7f-2dca4f3a2433 None None] Hash Ring: Node 42b1fa1c-074c-4a1a-8fd7-24062b6e7996 (host: ubuntu) handling event "create" for row 6c230ad4-d825-435d-85a7-efcccc549acb (table: NB_Global) {{(pid=141474) notify /opt/stack/neutron/neutron/plugins/ml2/drivers/ovn/mech_driver/ovsdb/ovsdb_monitor.py:743}}
Aug 11 16:36:07 ubuntu neutron-server[141474]: DEBUG neutron.plugins.ml2.drivers.ovn.mech_driver.ovsdb.ovsdb_monitor [None req-a3fc4012-d7c2-4166-bc7f-2dca4f3a2433 None None] Hash Ring: Node 42b1fa1c-074c-4a1a-8fd7-24062b6e7996 (host: ubuntu) handling event "create" for row d6f16068-010a-43eb-ab3e-1477fb16a91d (table: ACL) {{(pid=141474) notify /opt/stack/neutron/neutron/plugins/ml2/drivers/ovn/mech_driver/ovsdb/ovsdb_monitor.py:743}}
Aug 11 16:36:07 ubuntu neutron-server[141474]: DEBUG neutron.plugins.ml2.drivers.ovn.mech_driver.ovsdb.ovsdb_monitor [None req-a3fc4012-d7c2-4166-bc7f-2dca4f3a2433 None None] Hash Ring: Node 42b1fa1c-074c-4a1a-8fd7-24062b6e7996 (host: ubuntu) handling event "create" for row 1bf30e3f-4231-48d8-8401-e7ccf79d0d9b (table: ACL) {{(pid=141474) notify /opt/stack/neutron/neutron/plugins/ml2/drivers/ovn/mech_driver/ovsdb/ovsdb_monitor.py:743}}
Aug 11 16:36:07 ubuntu neutron-server[141475]: DEBUG neutron.common.ovn.hash_ring_manager [None req-46a5a184-5ba1-43f6-a07b-f371dbd17097 None None] Allow caching, nodes 2>=2 {{(pid=141475) _wait_startup_before_caching /opt/stack/neutron/neutron/common/ovn/hash_ring_manager.py:60}}
Aug 11 16:36:07 ubuntu neutron-server[141474]: INFO neutron.plugins.ml2.drivers.ovn.mech_driver.ovsdb.impl_idl_ovn [None req-a3fc4012-d7c2-4166-bc7f-2dca4f3a2433 None None] Getting OvsdbSbOvnIdl for WorkerService with retry
Aug 11 16:36:07 ubuntu neutron-server[141475]: DEBUG neutron.plugins.ml2.drivers.ovn.mech_driver.ovsdb.ovsdb_monitor [None req-46a5a184-5ba1-43f6-a07b-f371dbd17097 None None] Hash Ring: Node a5aa4283-13a7-41a6-8f40-dc3bd1572052 (host: ubuntu) handling event "create" for row 70110ce0-8ced-442b-ad08-aa1fe7e6996e (table: Connection) {{(pid=141475) notify /opt/stack/neutron/neutron/plugins/ml2/drivers/ovn/mech_driver/ovsdb/ovsdb_monitor.py:743}}
Aug 11 16:36:07 ubuntu neutron-server[141475]: INFO neutron.plugins.ml2.drivers.ovn.mech_driver.ovsdb.impl_idl_ovn [None req-46a5a184-5ba1-43f6-a07b-f371dbd17097 None None] Getting OvsdbSbOvnIdl for WorkerService with retry
Aug 11 16:36:07 ubuntu neutron-server[141254]: DEBUG ovsdbapp.backend.ovs_idl [None req-112fb993-bdfd-46c5-b380-519c9ab1ce2b None None] Created lookup_table index Chassis.name {{(pid=141254) autocreate_indices /usr/local/lib/python3.8/dist-packages/ovsdbapp/backend/ovs_idl/__init__.py:85}}
Aug 11 16:36:07 ubuntu neutron-server[141254]: DEBUG ovsdbapp.backend.ovs_idl [None req-112fb993-bdfd-46c5-b380-519c9ab1ce2b None None] Created lookup_table index MAC_Binding.ip {{(pid=141254) autocreate_indices /usr/local/lib/python3.8/dist-packages/ovsdbapp/backend/ovs_idl/__init__.py:85}}
Aug 11 16:36:07 ubuntu neutron-server[141254]: DEBUG ovsdbapp.backend.ovs_idl [None req-112fb993-bdfd-46c5-b380-519c9ab1ce2b None None] Created schema index Meter.name {{(pid=141254) autocreate_indices /usr/local/lib/python3.8/dist-packages/ovsdbapp/backend/ovs_idl/__init__.py:104}}
Aug 11 16:36:07 ubuntu neutron-server[141254]: DEBUG ovsdbapp.backend.ovs_idl [None req-112fb993-bdfd-46c5-b380-519c9ab1ce2b None None] Created schema index Address_Set.name {{(pid=141254) autocreate_indices /usr/local/lib/python3.8/dist-packages/ovsdbapp/backend/ovs_idl/__init__.py:104}}
Aug 11 16:36:07 ubuntu neutron-server[141254]: DEBUG ovsdbapp.backend.ovs_idl [None req-112fb993-bdfd-46c5-b380-519c9ab1ce2b None None] Created schema index HA_Chassis_Group.name {{(pid=141254) autocreate_indices /usr/local/lib/python3.8/dist-packages/ovsdbapp/backend/ovs_idl/__init__.py:104}}
Aug 11 16:36:07 ubuntu neutron-server[141254]: DEBUG ovsdbapp.backend.ovs_idl [None req-112fb993-bdfd-46c5-b380-519c9ab1ce2b None None] Created schema index IP_Multicast.datapath {{(pid=141254) autocreate_indices /usr/local/lib/python3.8/dist-packages/ovsdbapp/backend/ovs_idl/__init__.py:104}}
Aug 11 16:36:07 ubuntu neutron-server[141254]: DEBUG ovsdbapp.backend.ovs_idl [None req-112fb993-bdfd-46c5-b380-519c9ab1ce2b None None] Created schema index Connection.target {{(pid=141254) autocreate_indices /usr/local/lib/python3.8/dist-packages/ovsdbapp/backend/ovs_idl/__init__.py:104}}
Aug 11 16:36:07 ubuntu neutron-server[141254]: DEBUG ovsdbapp.backend.ovs_idl [None req-112fb993-bdfd-46c5-b380-519c9ab1ce2b None None] Created schema index Gateway_Chassis.name {{(pid=141254) autocreate_indices /usr/local/lib/python3.8/dist-packages/ovsdbapp/backend/ovs_idl/__init__.py:104}}
Aug 11 16:36:07 ubuntu neutron-server[141254]: DEBUG ovsdbapp.backend.ovs_idl [None req-112fb993-bdfd-46c5-b380-519c9ab1ce2b None None] Created schema index Port_Group.name {{(pid=141254) autocreate_indices /usr/local/lib/python3.8/dist-packages/ovsdbapp/backend/ovs_idl/__init__.py:104}}
Aug 11 16:36:07 ubuntu neutron-server[141254]: DEBUG ovsdbapp.backend.ovs_idl [None req-112fb993-bdfd-46c5-b380-519c9ab1ce2b None None] Created schema index Datapath_Binding.tunnel_key {{(pid=141254) autocreate_indices /usr/local/lib/python3.8/dist-packages/ovsdbapp/backend/ovs_idl/__init__.py:104}}
Aug 11 16:36:07 ubuntu neutron-server[141475]: DEBUG ovsdbapp.backend.ovs_idl [None req-46a5a184-5ba1-43f6-a07b-f371dbd17097 None None] Created lookup_table index Chassis.name {{(pid=141475) autocreate_indices /usr/local/lib/python3.8/dist-packages/ovsdbapp/backend/ovs_idl/__init__.py:85}}
Aug 11 16:36:07 ubuntu neutron-server[141475]: DEBUG ovsdbapp.backend.ovs_idl [None req-46a5a184-5ba1-43f6-a07b-f371dbd17097 None None] Created schema index Datapath_Binding.tunnel_key {{(pid=141475) autocreate_indices /usr/local/lib/python3.8/dist-packages/ovsdbapp/backend/ovs_idl/__init__.py:104}}
Aug 11 16:36:07 ubuntu neutron-server[141475]: DEBUG ovsdbapp.backend.ovs_idl [None req-46a5a184-5ba1-43f6-a07b-f371dbd17097 None None] Created schema index Connection.target {{(pid=141475) autocreate_indices /usr/local/lib/python3.8/dist-packages/ovsdbapp/backend/ovs_idl/__init__.py:104}}
Aug 11 16:36:07 ubuntu neutron-server[141475]: INFO ovsdbapp.backend.ovs_idl.vlog [None req-46a5a184-5ba1-43f6-a07b-f371dbd17097 None None] tcp:192.168.79.49:6642: connecting...
Aug 11 16:36:07 ubuntu neutron-server[141475]: INFO ovsdbapp.backend.ovs_idl.vlog [None req-46a5a184-5ba1-43f6-a07b-f371dbd17097 None None] tcp:192.168.79.49:6642: connected
Aug 11 16:36:07 ubuntu neutron-server[141474]: DEBUG ovsdbapp.backend.ovs_idl [None req-a3fc4012-d7c2-4166-bc7f-2dca4f3a2433 None None] Created lookup_table index Chassis.name {{(pid=141474) autocreate_indices /usr/local/lib/python3.8/dist-packages/ovsdbapp/backend/ovs_idl/__init__.py:85}}
Aug 11 16:36:07 ubuntu neutron-server[141474]: DEBUG ovsdbapp.backend.ovs_idl [None req-a3fc4012-d7c2-4166-bc7f-2dca4f3a2433 None None] Created schema index Datapath_Binding.tunnel_key {{(pid=141474) autocreate_indices /usr/local/lib/python3.8/dist-packages/ovsdbapp/backend/ovs_idl/__init__.py:104}}
Aug 11 16:36:07 ubuntu neutron-server[141474]: DEBUG ovsdbapp.backend.ovs_idl [None req-a3fc4012-d7c2-4166-bc7f-2dca4f3a2433 None None] Created schema index Connection.target {{(pid=141474) autocreate_indices /usr/local/lib/python3.8/dist-packages/ovsdbapp/backend/ovs_idl/__init__.py:104}}
Aug 11 16:36:07 ubuntu neutron-server[141474]: INFO ovsdbapp.backend.ovs_idl.vlog [None req-a3fc4012-d7c2-4166-bc7f-2dca4f3a2433 None None] tcp:192.168.79.49:6642: connecting...
Aug 11 16:36:07 ubuntu neutron-server[141474]: INFO ovsdbapp.backend.ovs_idl.vlog [None req-a3fc4012-d7c2-4166-bc7f-2dca4f3a2433 None None] tcp:192.168.79.49:6642: connected
Aug 11 16:36:07 ubuntu neutron-server[141475]: DEBUG neutron.common.ovn.hash_ring_manager [None req-46a5a184-5ba1-43f6-a07b-f371dbd17097 None None] Allow caching, nodes 2>=2 {{(pid=141475) _wait_startup_before_caching /opt/stack/neutron/neutron/common/ovn/hash_ring_manager.py:60}}
Aug 11 16:36:07 ubuntu neutron-server[141475]: DEBUG neutron.plugins.ml2.drivers.ovn.mech_driver.ovsdb.ovsdb_monitor [None req-46a5a184-5ba1-43f6-a07b-f371dbd17097 None None] Hash Ring: Node a5aa4283-13a7-41a6-8f40-dc3bd1572052 (host: ubuntu) handling event "create" for row a1423aef-f475-4396-88ef-5ecc2e26934a (table: Encap) {{(pid=141475) notify /opt/stack/neutron/neutron/plugins/ml2/drivers/ovn/mech_driver/ovsdb/ovsdb_monitor.py:743}}
Aug 11 16:36:07 ubuntu neutron-server[141254]: INFO oslo_service.service [None req-112fb993-bdfd-46c5-b380-519c9ab1ce2b None None] Starting 1 workers
Aug 11 16:36:07 ubuntu neutron-server[141475]: DEBUG neutron.plugins.ml2.drivers.ovn.mech_driver.ovsdb.ovsdb_monitor [None req-46a5a184-5ba1-43f6-a07b-f371dbd17097 None None] ChassisAgentWriteEvent : Matched Chassis, create, None None {{(pid=141475) matches /opt/stack/neutron/neutron/plugins/ml2/drivers/ovn/mech_driver/ovsdb/ovsdb_monitor.py:62}}
Aug 11 16:36:07 ubuntu neutron-server[141475]: DEBUG neutron.plugins.ml2.drivers.ovn.mech_driver.ovsdb.ovsdb_monitor [None req-46a5a184-5ba1-43f6-a07b-f371dbd17097 None None] ChassisMetadataAgentWriteEvent : Matched Chassis, create, None None {{(pid=141475) matches /opt/stack/neutron/neutron/plugins/ml2/drivers/ovn/mech_driver/ovsdb/ovsdb_monitor.py:62}}
Aug 11 16:36:07 ubuntu neutron-server[141474]: DEBUG neutron.common.ovn.hash_ring_manager [None req-a3fc4012-d7c2-4166-bc7f-2dca4f3a2433 None None] Allow caching, nodes 2>=2 {{(pid=141474) _wait_startup_before_caching /opt/stack/neutron/neutron/common/ovn/hash_ring_manager.py:60}}
Aug 11 16:36:07 ubuntu neutron-server[141475]: INFO neutron.wsgi [-] (141475) wsgi starting up on http://0.0.0.0:9696
Aug 11 16:36:07 ubuntu neutron-server[141254]: DEBUG oslo_service.service [None req-112fb993-bdfd-46c5-b380-519c9ab1ce2b None None] Started child 141477 {{(pid=141254) _start_child /usr/local/lib/python3.8/dist-packages/oslo_service/service.py:575}}
Aug 11 16:36:07 ubuntu neutron-server[141254]: INFO oslo_service.service [None req-112fb993-bdfd-46c5-b380-519c9ab1ce2b None None] Starting 1 workers
Aug 11 16:36:07 ubuntu neutron-server[141474]: DEBUG neutron.plugins.ml2.drivers.ovn.mech_driver.ovsdb.ovsdb_monitor [None req-a3fc4012-d7c2-4166-bc7f-2dca4f3a2433 None None] Hash Ring: Node 42b1fa1c-074c-4a1a-8fd7-24062b6e7996 (host: ubuntu) handling event "create" for row f3163a98-598e-4ef2-ac53-0d3623b9b9a8 (table: Database) {{(pid=141474) notify /opt/stack/neutron/neutron/plugins/ml2/drivers/ovn/mech_driver/ovsdb/ovsdb_monitor.py:743}}
Aug 11 16:36:07 ubuntu neutron-server[141254]: DEBUG oslo_service.service [None req-112fb993-bdfd-46c5-b380-519c9ab1ce2b None None] Started child 141478 {{(pid=141254) _start_child /usr/local/lib/python3.8/dist-packages/oslo_service/service.py:575}}
Aug 11 16:36:07 ubuntu neutron-server[141254]: INFO oslo_service.service [None req-112fb993-bdfd-46c5-b380-519c9ab1ce2b None None] Starting 1 workers
Aug 11 16:36:07 ubuntu neutron-server[141254]: DEBUG oslo_service.service [None req-112fb993-bdfd-46c5-b380-519c9ab1ce2b None None] Started child 141479 {{(pid=141254) _start_child /usr/local/lib/python3.8/dist-packages/oslo_service/service.py:575}}
Aug 11 16:36:07 ubuntu neutron-server[141478]: DEBUG neutron_lib.callbacks.manager [-] Publish callbacks ['neutron.plugins.ml2.drivers.ovn.mech_driver.mech_driver.OVNMechanismDriver.post_fork_initialize-7926871'] for process (None), after_init {{(pid=141478) _notify_loop /usr/local/lib/python3.8/dist-packages/neutron_lib/callbacks/manager.py:176}}
Aug 11 16:36:07 ubuntu neutron-server[141254]: DEBUG neutron_lib.callbacks.manager [None req-112fb993-bdfd-46c5-b380-519c9ab1ce2b None None] Publish callbacks [] for process (None), after_spawn {{(pid=141254) _notify_loop /usr/local/lib/python3.8/dist-packages/neutron_lib/callbacks/manager.py:176}}
Aug 11 16:36:07 ubuntu neutron-server[141478]: INFO neutron.plugins.ml2.drivers.ovn.mech_driver.ovsdb.impl_idl_ovn [-] Getting OvsdbNbOvnIdl for MaintenanceWorker with retry
Aug 11 16:36:07 ubuntu neutron-server[141254]: DEBUG oslo_service.service [-] Full set of CONF: {{(pid=141254) wait /usr/local/lib/python3.8/dist-packages/oslo_service/service.py:649}}
Aug 11 16:36:07 ubuntu neutron-server[141254]: DEBUG oslo_service.service [-] ******************************************************************************** {{(pid=141254) log_opt_values /usr/local/lib/python3.8/dist-packages/oslo_config/cfg.py:2589}}
Aug 11 16:36:07 ubuntu neutron-server[141254]: DEBUG oslo_service.service [-] Configuration options gathered from: {{(pid=141254) log_opt_values /usr/local/lib/python3.8/dist-packages/oslo_config/cfg.py:2590}}
Aug 11 16:36:07 ubuntu neutron-server[141254]: DEBUG oslo_service.service [-] command line args: ['--config-file', '/etc/neutron/neutron.conf', '--config-file', '/etc/neutron/plugins/ml2/ml2_conf.ini'] {{(pid=141254) log_opt_values /usr/local/lib/python3.8/dist-packages/oslo_config/cfg.py:2591}}
Aug 11 16:36:07 ubuntu neutron-server[141477]: DEBUG neutron.service [None req-112fb993-bdfd-46c5-b380-519c9ab1ce2b None None] calling RpcWorker wait() {{(pid=141477) _wait /opt/stack/neutron/neutron/service.py:128}}
