Jul 24 19:45:24 ubuntu devstack@g-api.service[158472]: INFO glance.location [None req-50fe4545-f36c-4333-b267-9b8650084099 admin admin] Image format matched and virtual size computed: 117440512
Jul 24 19:45:24 ubuntu devstack@g-api.service[158472]: DEBUG glance_store.backend [None req-50fe4545-f36c-4333-b267-9b8650084099 admin admin] Attempting to import store swift {{(pid=158472) _load_store /usr/local/lib/python3.8/dist-packages/glance_store/backend.py:216}}
Jul 24 19:45:24 ubuntu devstack@g-api.service[158472]: DEBUG glance_store.capabilities [None req-50fe4545-f36c-4333-b267-9b8650084099 admin admin] Store glance_store._drivers.swift.store.SingleTenantStore doesn't support updating dynamic storage capabilities. Please overwrite 'update_capabilities' method of the store to implement updating logics if needed. {{(pid=158472) update_capabilities /usr/local/lib/python3.8/dist-packages/glance_store/capabilities.py:91}}
Jul 24 19:45:24 ubuntu devstack@g-api.service[158472]: DEBUG glance_store.driver [None req-50fe4545-f36c-4333-b267-9b8650084099 admin admin] Late loading location class glance_store._drivers.swift.store.StoreLocation {{(pid=158472) get_store_location_class /usr/local/lib/python3.8/dist-packages/glance_store/driver.py:116}}
Jul 24 19:45:24 ubuntu devstack@g-api.service[158472]: DEBUG glance_store.location [None req-50fe4545-f36c-4333-b267-9b8650084099 admin admin] Registering scheme swift+https with {'store': <glance_store._drivers.swift.store.SingleTenantStore object at 0x7f6ade69a220>, 'location_class': <class 'glance_store._drivers.swift.store.StoreLocation'>, 'store_entry': 'swift'} {{(pid=158472) register_scheme_map /usr/local/lib/python3.8/dist-packages/glance_store/location.py:146}}
Jul 24 19:45:24 ubuntu devstack@g-api.service[158472]: DEBUG glance_store.location [None req-50fe4545-f36c-4333-b267-9b8650084099 admin admin] Registering scheme swift+https with {'store': <glance_store._drivers.swift.store.SingleTenantStore object at 0x7f6ade69a220>, 'location_class': <class 'glance_store._drivers.swift.store.StoreLocation'>, 'store_entry': 'swift'} {{(pid=158472) register_scheme_map /usr/local/lib/python3.8/dist-packages/glance_store/location.py:146}}
Jul 24 19:45:24 ubuntu devstack@g-api.service[158472]: DEBUG glance_store.location [None req-50fe4545-f36c-4333-b267-9b8650084099 admin admin] Registering scheme swift with {'store': <glance_store._drivers.swift.store.SingleTenantStore object at 0x7f6ade69a220>, 'location_class': <class 'glance_store._drivers.swift.store.StoreLocation'>, 'store_entry': 'swift'} {{(pid=158472) register_scheme_map /usr/local/lib/python3.8/dist-packages/glance_store/location.py:146}}
Jul 24 19:45:24 ubuntu devstack@g-api.service[158472]: DEBUG glance_store.location [None req-50fe4545-f36c-4333-b267-9b8650084099 admin admin] Registering scheme swift+https with {'store': <glance_store._drivers.swift.store.SingleTenantStore object at 0x7f6ade69a220>, 'location_class': <class 'glance_store._drivers.swift.store.StoreLocation'>, 'store_entry': 'swift'} {{(pid=158472) register_scheme_map /usr/local/lib/python3.8/dist-packages/glance_store/location.py:146}}
Jul 24 19:45:24 ubuntu devstack@g-api.service[158472]: DEBUG glance_store.location [None req-50fe4545-f36c-4333-b267-9b8650084099 admin admin] Registering scheme swift with {'store': <glance_store._drivers.swift.store.SingleTenantStore object at 0x7f6ade69a220>, 'location_class': <class 'glance_store._drivers.swift.store.StoreLocation'>, 'store_entry': 'swift'} {{(pid=158472) register_scheme_map /usr/local/lib/python3.8/dist-packages/glance_store/location.py:146}}
Jul 24 19:45:24 ubuntu devstack@g-api.service[158472]: DEBUG glance_store.location [None req-50fe4545-f36c-4333-b267-9b8650084099 admin admin] Registering scheme swift+http with {'store': <glance_store._drivers.swift.store.SingleTenantStore object at 0x7f6ade69a220>, 'location_class': <class 'glance_store._drivers.swift.store.StoreLocation'>, 'store_entry': 'swift'} {{(pid=158472) register_scheme_map /usr/local/lib/python3.8/dist-packages/glance_store/location.py:146}}
Jul 24 19:45:24 ubuntu devstack@g-api.service[158472]: DEBUG glance_store.location [None req-50fe4545-f36c-4333-b267-9b8650084099 admin admin] Registering scheme swift+https with {'store': <glance_store._drivers.swift.store.SingleTenantStore object at 0x7f6ade69a220>, 'location_class': <class 'glance_store._drivers.swift.store.StoreLocation'>, 'store_entry': 'swift'} {{(pid=158472) register_scheme_map /usr/local/lib/python3.8/dist-packages/glance_store/location.py:146}}
Jul 24 19:45:24 ubuntu devstack@g-api.service[158472]: DEBUG glance_store.location [None req-50fe4545-f36c-4333-b267-9b8650084099 admin admin] Registering scheme swift with {'store': <glance_store._drivers.swift.store.SingleTenantStore object at 0x7f6ade69a220>, 'location_class': <class 'glance_store._drivers.swift.store.StoreLocation'>, 'store_entry': 'swift'} {{(pid=158472) register_scheme_map /usr/local/lib/python3.8/dist-packages/glance_store/location.py:146}}
Jul 24 19:45:24 ubuntu devstack@g-api.service[158472]: DEBUG glance_store.location [None req-50fe4545-f36c-4333-b267-9b8650084099 admin admin] Registering scheme swift+http with {'store': <glance_store._drivers.swift.store.SingleTenantStore object at 0x7f6ade69a220>, 'location_class': <class 'glance_store._drivers.swift.store.StoreLocation'>, 'store_entry': 'swift'} {{(pid=158472) register_scheme_map /usr/local/lib/python3.8/dist-packages/glance_store/location.py:146}}
Jul 24 19:45:24 ubuntu devstack@g-api.service[158472]: DEBUG glance_store.location [None req-50fe4545-f36c-4333-b267-9b8650084099 admin admin] Registering scheme swift+config with {'store': <glance_store._drivers.swift.store.SingleTenantStore object at 0x7f6ade69a220>, 'location_class': <class 'glance_store._drivers.swift.store.StoreLocation'>, 'store_entry': 'swift'} {{(pid=158472) register_scheme_map /usr/local/lib/python3.8/dist-packages/glance_store/location.py:146}}
Jul 24 19:45:24 ubuntu devstack@g-api.service[158472]: DEBUG glance_store.backend [None req-50fe4545-f36c-4333-b267-9b8650084099 admin admin] Skipping store.set_acls... not implemented. {{(pid=158472) set_acls /usr/local/lib/python3.8/dist-packages/glance_store/backend.py:508}}
Jul 24 19:45:24 ubuntu devstack@g-api.service[158472]: [pid: 158472|app: 0|req: 3/4] 127.0.0.1 () {40 vars in 862 bytes} [Sun Jul 24 19:45:21 2022] PUT /v2/images/46db44be-b527-4dc0-a3e7-80b419f51617/file => generated 0 bytes in 2901 msecs (HTTP/1.1 204) 4 headers in 171 bytes (1 switches on core 0)
Jul 24 19:45:31 ubuntu devstack@g-api.service[158473]: DEBUG dbcounter [-] [158473] Writing DB stats glance:SELECT=9,glance:INSERT=5 {{(pid=158473) stat_writer /usr/local/lib/python3.8/dist-packages/dbcounter.py:114}}
Jul 24 19:45:34 ubuntu devstack@g-api.service[158472]: DEBUG dbcounter [-] [158472] Writing DB stats glance:SELECT=28,glance:UPDATE=2,glance:INSERT=1 {{(pid=158472) stat_writer /usr/local/lib/python3.8/dist-packages/dbcounter.py:114}}
Jul 24 19:46:07 ubuntu devstack@g-api.service[158473]: DEBUG glance.api.middleware.version_negotiation [None req-60906630-ed44-457d-b920-2b8814e0fe2d admin admin] Determining version of request: GET / Accept: application/json {{(pid=158473) process_request /opt/stack/glance/glance/api/middleware/version_negotiation.py:44}}
Jul 24 19:46:07 ubuntu devstack@g-api.service[158473]: DEBUG glance.api.middleware.version_negotiation [None req-60906630-ed44-457d-b920-2b8814e0fe2d admin admin] Using url versioning {{(pid=158473) process_request /opt/stack/glance/glance/api/middleware/version_negotiation.py:57}}
Jul 24 19:46:07 ubuntu devstack@g-api.service[158473]: DEBUG glance.api.middleware.version_negotiation [None req-60906630-ed44-457d-b920-2b8814e0fe2d admin admin] Unknown version. Returning version choices. {{(pid=158473) process_request /opt/stack/glance/glance/api/middleware/version_negotiation.py:64}}
Jul 24 19:46:07 ubuntu devstack@g-api.service[158473]: [pid: 158473|app: 0|req: 2/5] 127.0.0.1 () {34 vars in 506 bytes} [Sun Jul 24 19:46:07 2022] GET / => generated 1323 bytes in 3 msecs (HTTP/1.1 300) 3 headers in 106 bytes (1 switches on core 0)
Jul 24 19:46:07 ubuntu devstack@g-api.service[158472]: DEBUG glance.api.middleware.version_negotiation [None req-50fe4545-f36c-4333-b267-9b8650084099 admin admin] Determining version of request: GET /v2/images Accept: application/json {{(pid=158472) process_request /opt/stack/glance/glance/api/middleware/version_negotiation.py:44}}
Jul 24 19:46:07 ubuntu devstack@g-api.service[158472]: DEBUG glance.api.middleware.version_negotiation [None req-50fe4545-f36c-4333-b267-9b8650084099 admin admin] Using url versioning {{(pid=158472) process_request /opt/stack/glance/glance/api/middleware/version_negotiation.py:57}}
Jul 24 19:46:07 ubuntu devstack@g-api.service[158472]: DEBUG glance.api.middleware.version_negotiation [None req-50fe4545-f36c-4333-b267-9b8650084099 admin admin] Matched version: v2 {{(pid=158472) process_request /opt/stack/glance/glance/api/middleware/version_negotiation.py:69}}
Jul 24 19:46:07 ubuntu devstack@g-api.service[158472]: DEBUG glance.api.middleware.version_negotiation [None req-50fe4545-f36c-4333-b267-9b8650084099 admin admin] new path /v2/images {{(pid=158472) process_request /opt/stack/glance/glance/api/middleware/version_negotiation.py:70}}
Jul 24 19:46:07 ubuntu devstack@g-api.service[158472]: [pid: 158472|app: 0|req: 4/6] 127.0.0.1 () {36 vars in 728 bytes} [Sun Jul 24 19:46:07 2022] GET /v2/images => generated 1045 bytes in 384 msecs (HTTP/1.1 200) 4 headers in 158 bytes (1 switches on core 0)
Jul 24 19:46:13 ubuntu devstack@g-api.service[158473]: DEBUG glance.api.middleware.version_negotiation [None req-60906630-ed44-457d-b920-2b8814e0fe2d admin admin] Determining version of request: GET / Accept: application/json {{(pid=158473) process_request /opt/stack/glance/glance/api/middleware/version_negotiation.py:44}}
Jul 24 19:46:13 ubuntu devstack@g-api.service[158473]: DEBUG glance.api.middleware.version_negotiation [None req-60906630-ed44-457d-b920-2b8814e0fe2d admin admin] Using url versioning {{(pid=158473) process_request /opt/stack/glance/glance/api/middleware/version_negotiation.py:57}}
Jul 24 19:46:13 ubuntu devstack@g-api.service[158473]: DEBUG glance.api.middleware.version_negotiation [None req-60906630-ed44-457d-b920-2b8814e0fe2d admin admin] Unknown version. Returning version choices. {{(pid=158473) process_request /opt/stack/glance/glance/api/middleware/version_negotiation.py:64}}
Jul 24 19:46:13 ubuntu devstack@g-api.service[158473]: [pid: 158473|app: 0|req: 3/7] 127.0.0.1 () {34 vars in 506 bytes} [Sun Jul 24 19:46:13 2022] GET / => generated 1323 bytes in 3 msecs (HTTP/1.1 300) 3 headers in 106 bytes (1 switches on core 0)
Jul 24 19:46:13 ubuntu devstack@g-api.service[158472]: DEBUG glance.api.middleware.version_negotiation [None req-2adca6d8-19b9-47bc-b9c3-4be4c8d5c381 admin admin] Determining version of request: GET /v2/images/46db44be-b527-4dc0-a3e7-80b419f51617 Accept: */* {{(pid=158472) process_request /opt/stack/glance/glance/api/middleware/version_negotiation.py:44}}
Jul 24 19:46:13 ubuntu devstack@g-api.service[158472]: DEBUG glance.api.middleware.version_negotiation [None req-2adca6d8-19b9-47bc-b9c3-4be4c8d5c381 admin admin] Using url versioning {{(pid=158472) process_request /opt/stack/glance/glance/api/middleware/version_negotiation.py:57}}
Jul 24 19:46:13 ubuntu devstack@g-api.service[158472]: DEBUG glance.api.middleware.version_negotiation [None req-2adca6d8-19b9-47bc-b9c3-4be4c8d5c381 admin admin] Matched version: v2 {{(pid=158472) process_request /opt/stack/glance/glance/api/middleware/version_negotiation.py:69}}
Jul 24 19:46:13 ubuntu devstack@g-api.service[158472]: DEBUG glance.api.middleware.version_negotiation [None req-2adca6d8-19b9-47bc-b9c3-4be4c8d5c381 admin admin] new path /v2/images/46db44be-b527-4dc0-a3e7-80b419f51617 {{(pid=158472) process_request /opt/stack/glance/glance/api/middleware/version_negotiation.py:70}}
Jul 24 19:46:14 ubuntu devstack@g-api.service[158472]: [pid: 158472|app: 0|req: 5/8] 127.0.0.1 () {36 vars in 789 bytes} [Sun Jul 24 19:46:13 2022] GET /v2/images/46db44be-b527-4dc0-a3e7-80b419f51617 => generated 976 bytes in 282 msecs (HTTP/1.1 200) 4 headers in 157 bytes (1 switches on core 0)
Jul 24 19:46:18 ubuntu devstack@g-api.service[158473]: DEBUG glance.api.middleware.version_negotiation [None req-60906630-ed44-457d-b920-2b8814e0fe2d admin admin] Determining version of request: GET / Accept: application/json {{(pid=158473) process_request /opt/stack/glance/glance/api/middleware/version_negotiation.py:44}}
Jul 24 19:46:18 ubuntu devstack@g-api.service[158473]: DEBUG glance.api.middleware.version_negotiation [None req-60906630-ed44-457d-b920-2b8814e0fe2d admin admin] Using url versioning {{(pid=158473) process_request /opt/stack/glance/glance/api/middleware/version_negotiation.py:57}}
Jul 24 19:46:18 ubuntu devstack@g-api.service[158473]: DEBUG glance.api.middleware.version_negotiation [None req-60906630-ed44-457d-b920-2b8814e0fe2d admin admin] Unknown version. Returning version choices. {{(pid=158473) process_request /opt/stack/glance/glance/api/middleware/version_negotiation.py:64}}
Jul 24 19:46:18 ubuntu devstack@g-api.service[158473]: [pid: 158473|app: 0|req: 4/9] 127.0.0.1 () {34 vars in 506 bytes} [Sun Jul 24 19:46:18 2022] GET / => generated 1323 bytes in 5 msecs (HTTP/1.1 300) 3 headers in 106 bytes (1 switches on core 0)
Jul 24 19:46:18 ubuntu devstack@g-api.service[158472]: DEBUG glance.api.middleware.version_negotiation [None req-a55beac8-0d76-41d2-b1e1-8fb6c7e70fc5 admin admin] Determining version of request: GET /v2/images/46db44be-b527-4dc0-a3e7-80b419f51617 Accept: */* {{(pid=158472) process_request /opt/stack/glance/glance/api/middleware/version_negotiation.py:44}}
Jul 24 19:46:18 ubuntu devstack@g-api.service[158472]: DEBUG glance.api.middleware.version_negotiation [None req-a55beac8-0d76-41d2-b1e1-8fb6c7e70fc5 admin admin] Using url versioning {{(pid=158472) process_request /opt/stack/glance/glance/api/middleware/version_negotiation.py:57}}
Jul 24 19:46:18 ubuntu devstack@g-api.service[158472]: DEBUG glance.api.middleware.version_negotiation [None req-a55beac8-0d76-41d2-b1e1-8fb6c7e70fc5 admin admin] Matched version: v2 {{(pid=158472) process_request /opt/stack/glance/glance/api/middleware/version_negotiation.py:69}}
Jul 24 19:46:18 ubuntu devstack@g-api.service[158472]: DEBUG glance.api.middleware.version_negotiation [None req-a55beac8-0d76-41d2-b1e1-8fb6c7e70fc5 admin admin] new path /v2/images/46db44be-b527-4dc0-a3e7-80b419f51617 {{(pid=158472) process_request /opt/stack/glance/glance/api/middleware/version_negotiation.py:70}}
Jul 24 19:46:18 ubuntu devstack@g-api.service[158472]: [pid: 158472|app: 0|req: 6/10] 127.0.0.1 () {36 vars in 789 bytes} [Sun Jul 24 19:46:18 2022] GET /v2/images/46db44be-b527-4dc0-a3e7-80b419f51617 => generated 976 bytes in 334 msecs (HTTP/1.1 200) 4 headers in 157 bytes (1 switches on core 0)
Jul 24 19:46:28 ubuntu devstack@g-api.service[158472]: DEBUG dbcounter [-] [158472] Writing DB stats glance:SELECT=10 {{(pid=158472) stat_writer /usr/local/lib/python3.8/dist-packages/dbcounter.py:114}}
Jul 24 19:48:25 ubuntu devstack@g-api.service[158473]: DEBUG glance.api.middleware.version_negotiation [None req-60906630-ed44-457d-b920-2b8814e0fe2d admin admin] Determining version of request: GET /v1 Accept: application/json {{(pid=158473) process_request /opt/stack/glance/glance/api/middleware/version_negotiation.py:44}}
Jul 24 19:48:25 ubuntu devstack@g-api.service[158473]: DEBUG glance.api.middleware.version_negotiation [None req-60906630-ed44-457d-b920-2b8814e0fe2d admin admin] Using url versioning {{(pid=158473) process_request /opt/stack/glance/glance/api/middleware/version_negotiation.py:57}}
Jul 24 19:48:25 ubuntu devstack@g-api.service[158473]: DEBUG glance.api.middleware.version_negotiation [None req-60906630-ed44-457d-b920-2b8814e0fe2d admin admin] Unknown version. Returning version choices. {{(pid=158473) process_request /opt/stack/glance/glance/api/middleware/version_negotiation.py:64}}
Jul 24 19:48:25 ubuntu devstack@g-api.service[158473]: [pid: 158473|app: 0|req: 5/11] 127.0.0.1 () {38 vars in 685 bytes} [Sun Jul 24 19:48:25 2022] GET /v1 => generated 1323 bytes in 3 msecs (HTTP/1.1 300) 3 headers in 106 bytes (1 switches on core 0)
Jul 24 19:50:53 ubuntu devstack@g-api.service[158472]: DEBUG glance.api.middleware.version_negotiation [None req-2bb35701-b456-4a22-81c2-0887e41c40c4 admin admin] Determining version of request: GET /versions Accept: */* {{(pid=158472) process_request /opt/stack/glance/glance/api/middleware/version_negotiation.py:44}}
Jul 24 19:50:53 ubuntu devstack@g-api.service[158472]: [pid: 158472|app: 0|req: 7/12] 127.0.0.1 () {38 vars in 695 bytes} [Sun Jul 24 19:50:53 2022] GET /versions => generated 1323 bytes in 8 msecs (HTTP/1.1 200) 3 headers in 92 bytes (1 switches on core 0)
Jul 24 19:50:53 ubuntu devstack@g-api.service[158473]: DEBUG glance.api.middleware.version_negotiation [None req-60906630-ed44-457d-b920-2b8814e0fe2d admin admin] Determining version of request: GET /v2/schemas/image Accept: */* {{(pid=158473) process_request /opt/stack/glance/glance/api/middleware/version_negotiation.py:44}}
Jul 24 19:50:53 ubuntu devstack@g-api.service[158473]: DEBUG glance.api.middleware.version_negotiation [None req-60906630-ed44-457d-b920-2b8814e0fe2d admin admin] Using url versioning {{(pid=158473) process_request /opt/stack/glance/glance/api/middleware/version_negotiation.py:57}}
Jul 24 19:50:53 ubuntu devstack@g-api.service[158473]: DEBUG glance.api.middleware.version_negotiation [None req-60906630-ed44-457d-b920-2b8814e0fe2d admin admin] Matched version: v2 {{(pid=158473) process_request /opt/stack/glance/glance/api/middleware/version_negotiation.py:69}}
Jul 24 19:50:53 ubuntu devstack@g-api.service[158473]: DEBUG glance.api.middleware.version_negotiation [None req-60906630-ed44-457d-b920-2b8814e0fe2d admin admin] new path /v2/schemas/image {{(pid=158473) process_request /opt/stack/glance/glance/api/middleware/version_negotiation.py:70}}
Jul 24 19:50:53 ubuntu devstack@g-api.service[158473]: [pid: 158473|app: 0|req: 6/13] 127.0.0.1 () {38 vars in 711 bytes} [Sun Jul 24 19:50:53 2022] GET /v2/schemas/image => generated 6083 bytes in 168 msecs (HTTP/1.1 200) 4 headers in 158 bytes (1 switches on core 0)
Jul 24 19:50:53 ubuntu devstack@g-api.service[158472]: DEBUG glance.api.middleware.version_negotiation [None req-2bb35701-b456-4a22-81c2-0887e41c40c4 admin admin] Determining version of request: GET /v2/schemas/metadefs/namespace Accept: */* {{(pid=158472) process_request /opt/stack/glance/glance/api/middleware/version_negotiation.py:44}}
Jul 24 19:50:53 ubuntu devstack@g-api.service[158472]: DEBUG glance.api.middleware.version_negotiation [None req-2bb35701-b456-4a22-81c2-0887e41c40c4 admin admin] Using url versioning {{(pid=158472) process_request /opt/stack/glance/glance/api/middleware/version_negotiation.py:57}}
Jul 24 19:50:53 ubuntu devstack@g-api.service[158472]: DEBUG glance.api.middleware.version_negotiation [None req-2bb35701-b456-4a22-81c2-0887e41c40c4 admin admin] Matched version: v2 {{(pid=158472) process_request /opt/stack/glance/glance/api/middleware/version_negotiation.py:69}}
Jul 24 19:50:53 ubuntu devstack@g-api.service[158472]: DEBUG glance.api.middleware.version_negotiation [None req-2bb35701-b456-4a22-81c2-0887e41c40c4 admin admin] new path /v2/schemas/metadefs/namespace {{(pid=158472) process_request /opt/stack/glance/glance/api/middleware/version_negotiation.py:70}}
Jul 24 19:50:53 ubuntu devstack@g-api.service[158472]: [pid: 158472|app: 0|req: 8/14] 127.0.0.1 () {38 vars in 737 bytes} [Sun Jul 24 19:50:53 2022] GET /v2/schemas/metadefs/namespace => generated 3100 bytes in 11 msecs (HTTP/1.1 200) 4 headers in 158 bytes (1 switches on core 0)
Jul 24 19:50:53 ubuntu devstack@g-api.service[158473]: DEBUG glance.api.middleware.version_negotiation [None req-88828f69-5d62-473d-9eca-fea56563bb4a admin admin] Determining version of request: GET /v2/schemas/metadefs/resource_type Accept: */* {{(pid=158473) process_request /opt/stack/glance/glance/api/middleware/version_negotiation.py:44}}
Jul 24 19:50:53 ubuntu devstack@g-api.service[158473]: DEBUG glance.api.middleware.version_negotiation [None req-88828f69-5d62-473d-9eca-fea56563bb4a admin admin] Using url versioning {{(pid=158473) process_request /opt/stack/glance/glance/api/middleware/version_negotiation.py:57}}
Jul 24 19:50:53 ubuntu devstack@g-api.service[158473]: DEBUG glance.api.middleware.version_negotiation [None req-88828f69-5d62-473d-9eca-fea56563bb4a admin admin] Matched version: v2 {{(pid=158473) process_request /opt/stack/glance/glance/api/middleware/version_negotiation.py:69}}
Jul 24 19:50:53 ubuntu devstack@g-api.service[158473]: DEBUG glance.api.middleware.version_negotiation [None req-88828f69-5d62-473d-9eca-fea56563bb4a admin admin] new path /v2/schemas/metadefs/resource_type {{(pid=158473) process_request /opt/stack/glance/glance/api/middleware/version_negotiation.py:70}}
Jul 24 19:50:53 ubuntu devstack@g-api.service[158473]: [pid: 158473|app: 0|req: 7/15] 127.0.0.1 () {38 vars in 745 bytes} [Sun Jul 24 19:50:53 2022] GET /v2/schemas/metadefs/resource_type => generated 1260 bytes in 8 msecs (HTTP/1.1 200) 4 headers in 158 bytes (1 switches on core 0)
Jul 24 19:50:53 ubuntu devstack@g-api.service[158472]: DEBUG glance.api.middleware.version_negotiation [None req-25aa4481-029a-4ed9-bf38-9eb2e81152ba admin admin] Determining version of request: GET /v2/images Accept: */* {{(pid=158472) process_request /opt/stack/glance/glance/api/middleware/version_negotiation.py:44}}
Jul 24 19:50:53 ubuntu devstack@g-api.service[158472]: DEBUG glance.api.middleware.version_negotiation [None req-25aa4481-029a-4ed9-bf38-9eb2e81152ba admin admin] Using url versioning {{(pid=158472) process_request /opt/stack/glance/glance/api/middleware/version_negotiation.py:57}}
Jul 24 19:50:53 ubuntu devstack@g-api.service[158472]: DEBUG glance.api.middleware.version_negotiation [None req-25aa4481-029a-4ed9-bf38-9eb2e81152ba admin admin] Matched version: v2 {{(pid=158472) process_request /opt/stack/glance/glance/api/middleware/version_negotiation.py:69}}
Jul 24 19:50:53 ubuntu devstack@g-api.service[158472]: DEBUG glance.api.middleware.version_negotiation [None req-25aa4481-029a-4ed9-bf38-9eb2e81152ba admin admin] new path /v2/images {{(pid=158472) process_request /opt/stack/glance/glance/api/middleware/version_negotiation.py:70}}
Jul 24 19:50:53 ubuntu devstack@g-api.service[158472]: [pid: 158472|app: 0|req: 9/16] 127.0.0.1 () {38 vars in 768 bytes} [Sun Jul 24 19:50:53 2022] GET /v2/images?limit=20&sort_key=name&sort_dir=asc => generated 1081 bytes in 86 msecs (HTTP/1.1 200) 4 headers in 158 bytes (1 switches on core 0)
Jul 24 19:50:53 ubuntu devstack@g-api.service[158473]: DEBUG glance.api.middleware.version_negotiation [None req-1fa09dfd-36c5-44aa-89a1-0722efd75ec4 admin admin] Determining version of request: GET /v2/schemas/image Accept: */* {{(pid=158473) process_request /opt/stack/glance/glance/api/middleware/version_negotiation.py:44}}
Jul 24 19:50:53 ubuntu devstack@g-api.service[158473]: DEBUG glance.api.middleware.version_negotiation [None req-1fa09dfd-36c5-44aa-89a1-0722efd75ec4 admin admin] Using url versioning {{(pid=158473) process_request /opt/stack/glance/glance/api/middleware/version_negotiation.py:57}}
Jul 24 19:50:53 ubuntu devstack@g-api.service[158473]: DEBUG glance.api.middleware.version_negotiation [None req-1fa09dfd-36c5-44aa-89a1-0722efd75ec4 admin admin] Matched version: v2 {{(pid=158473) process_request /opt/stack/glance/glance/api/middleware/version_negotiation.py:69}}
Jul 24 19:50:53 ubuntu devstack@g-api.service[158473]: DEBUG glance.api.middleware.version_negotiation [None req-1fa09dfd-36c5-44aa-89a1-0722efd75ec4 admin admin] new path /v2/schemas/image {{(pid=158473) process_request /opt/stack/glance/glance/api/middleware/version_negotiation.py:70}}
Jul 24 19:50:53 ubuntu devstack@g-api.service[158473]: [pid: 158473|app: 0|req: 8/17] 127.0.0.1 () {38 vars in 711 bytes} [Sun Jul 24 19:50:53 2022] GET /v2/schemas/image => generated 6083 bytes in 6 msecs (HTTP/1.1 200) 4 headers in 158 bytes (1 switches on core 0)
Jul 24 19:51:03 ubuntu devstack@g-api.service[158472]: DEBUG dbcounter [-] [158472] Writing DB stats glance:SELECT=2 {{(pid=158472) stat_writer /usr/local/lib/python3.8/dist-packages/dbcounter.py:114}}
Jul 24 19:51:07 ubuntu devstack@g-api.service[158472]: DEBUG glance.api.middleware.version_negotiation [None req-1eea0392-eb90-4607-8acd-2ee1cda7a3da admin admin] Determining version of request: GET / Accept: application/json {{(pid=158472) process_request /opt/stack/glance/glance/api/middleware/version_negotiation.py:44}}
Jul 24 19:51:07 ubuntu devstack@g-api.service[158472]: DEBUG glance.api.middleware.version_negotiation [None req-1eea0392-eb90-4607-8acd-2ee1cda7a3da admin admin] Using url versioning {{(pid=158472) process_request /opt/stack/glance/glance/api/middleware/version_negotiation.py:57}}
Jul 24 19:51:07 ubuntu devstack@g-api.service[158472]: DEBUG glance.api.middleware.version_negotiation [None req-1eea0392-eb90-4607-8acd-2ee1cda7a3da admin admin] Unknown version. Returning version choices. {{(pid=158472) process_request /opt/stack/glance/glance/api/middleware/version_negotiation.py:64}}
Jul 24 19:51:07 ubuntu devstack@g-api.service[158472]: [pid: 158472|app: 0|req: 10/18] 127.0.0.1 () {34 vars in 492 bytes} [Sun Jul 24 19:51:07 2022] GET / => generated 1323 bytes in 4 msecs (HTTP/1.1 300) 3 headers in 106 bytes (1 switches on core 0)
Jul 24 19:51:07 ubuntu devstack@g-api.service[158473]: DEBUG glance.api.middleware.version_negotiation [None req-94c49730-aa87-4aaf-a521-d9a5877bafbd admin admin] Determining version of request: GET /v2/images/46db44be-b527-4dc0-a3e7-80b419f51617 Accept: */* {{(pid=158473) process_request /opt/stack/glance/glance/api/middleware/version_negotiation.py:44}}
Jul 24 19:51:07 ubuntu devstack@g-api.service[158473]: DEBUG glance.api.middleware.version_negotiation [None req-94c49730-aa87-4aaf-a521-d9a5877bafbd admin admin] Using url versioning {{(pid=158473) process_request /opt/stack/glance/glance/api/middleware/version_negotiation.py:57}}
Jul 24 19:51:07 ubuntu devstack@g-api.service[158473]: DEBUG glance.api.middleware.version_negotiation [None req-94c49730-aa87-4aaf-a521-d9a5877bafbd admin admin] Matched version: v2 {{(pid=158473) process_request /opt/stack/glance/glance/api/middleware/version_negotiation.py:69}}
Jul 24 19:51:07 ubuntu devstack@g-api.service[158473]: DEBUG glance.api.middleware.version_negotiation [None req-94c49730-aa87-4aaf-a521-d9a5877bafbd admin admin] new path /v2/images/46db44be-b527-4dc0-a3e7-80b419f51617 {{(pid=158473) process_request /opt/stack/glance/glance/api/middleware/version_negotiation.py:70}}
Jul 24 19:51:07 ubuntu devstack@g-api.service[158473]: WARNING keystonemiddleware.auth_token [None req-94c49730-aa87-4aaf-a521-d9a5877bafbd admin admin] A valid token was submitted as a service token, but it was not a valid service token. This is incorrect but backwards compatible behaviour. This will be removed in future releases.
Jul 24 19:51:07 ubuntu devstack@g-api.service[158473]: [pid: 158473|app: 0|req: 9/19] 127.0.0.1 () {42 vars in 1049 bytes} [Sun Jul 24 19:51:07 2022] GET /v2/images/46db44be-b527-4dc0-a3e7-80b419f51617 => generated 976 bytes in 97 msecs (HTTP/1.1 200) 4 headers in 157 bytes (1 switches on core 0)
Jul 24 19:51:07 ubuntu devstack@g-api.service[158472]: DEBUG glance.api.middleware.version_negotiation [None req-1eea0392-eb90-4607-8acd-2ee1cda7a3da admin admin] Determining version of request: GET /v2/schemas/image Accept: */* {{(pid=158472) process_request /opt/stack/glance/glance/api/middleware/version_negotiation.py:44}}
Jul 24 19:51:07 ubuntu devstack@g-api.service[158472]: DEBUG glance.api.middleware.version_negotiation [None req-1eea0392-eb90-4607-8acd-2ee1cda7a3da admin admin] Using url versioning {{(pid=158472) process_request /opt/stack/glance/glance/api/middleware/version_negotiation.py:57}}
Jul 24 19:51:07 ubuntu devstack@g-api.service[158472]: DEBUG glance.api.middleware.version_negotiation [None req-1eea0392-eb90-4607-8acd-2ee1cda7a3da admin admin] Matched version: v2 {{(pid=158472) process_request /opt/stack/glance/glance/api/middleware/version_negotiation.py:69}}
Jul 24 19:51:07 ubuntu devstack@g-api.service[158472]: DEBUG glance.api.middleware.version_negotiation [None req-1eea0392-eb90-4607-8acd-2ee1cda7a3da admin admin] new path /v2/schemas/image {{(pid=158472) process_request /opt/stack/glance/glance/api/middleware/version_negotiation.py:70}}
Jul 24 19:51:07 ubuntu devstack@g-api.service[158472]: WARNING keystonemiddleware.auth_token [None req-1eea0392-eb90-4607-8acd-2ee1cda7a3da admin admin] A valid token was submitted as a service token, but it was not a valid service token. This is incorrect but backwards compatible behaviour. This will be removed in future releases.
Jul 24 19:51:07 ubuntu devstack@g-api.service[158472]: [pid: 158472|app: 0|req: 11/20] 127.0.0.1 () {42 vars in 989 bytes} [Sun Jul 24 19:51:07 2022] GET /v2/schemas/image => generated 6083 bytes in 8 msecs (HTTP/1.1 200) 4 headers in 158 bytes (1 switches on core 0)
Jul 24 19:51:09 ubuntu devstack@g-api.service[158473]: DEBUG glance.api.middleware.version_negotiation [None req-8f75c439-366e-4d9f-92ba-63d023c4597c tempest-VolumesAdminNegativeTest-186382914 tempest-VolumesAdminNegativeTest-186382914-project] Determining version of request: GET /v2/images/46db44be-b527-4dc0-a3e7-80b419f51617 Accept: */* {{(pid=158473) process_request /opt/stack/glance/glance/api/middleware/version_negotiation.py:44}}
Jul 24 19:51:09 ubuntu devstack@g-api.service[158473]: DEBUG glance.api.middleware.version_negotiation [None req-8f75c439-366e-4d9f-92ba-63d023c4597c tempest-VolumesAdminNegativeTest-186382914 tempest-VolumesAdminNegativeTest-186382914-project] Using url versioning {{(pid=158473) process_request /opt/stack/glance/glance/api/middleware/version_negotiation.py:57}}
Jul 24 19:51:09 ubuntu devstack@g-api.service[158473]: DEBUG glance.api.middleware.version_negotiation [None req-8f75c439-366e-4d9f-92ba-63d023c4597c tempest-VolumesAdminNegativeTest-186382914 tempest-VolumesAdminNegativeTest-186382914-project] Matched version: v2 {{(pid=158473) process_request /opt/stack/glance/glance/api/middleware/version_negotiation.py:69}}
Jul 24 19:51:09 ubuntu devstack@g-api.service[158473]: DEBUG glance.api.middleware.version_negotiation [None req-8f75c439-366e-4d9f-92ba-63d023c4597c tempest-VolumesAdminNegativeTest-186382914 tempest-VolumesAdminNegativeTest-186382914-project] new path /v2/images/46db44be-b527-4dc0-a3e7-80b419f51617 {{(pid=158473) process_request /opt/stack/glance/glance/api/middleware/version_negotiation.py:70}}
Jul 24 19:51:09 ubuntu devstack@g-api.service[158473]: [pid: 158473|app: 0|req: 10/21] 127.0.0.1 () {42 vars in 1049 bytes} [Sun Jul 24 19:51:09 2022] GET /v2/images/46db44be-b527-4dc0-a3e7-80b419f51617 => generated 976 bytes in 17 msecs (HTTP/1.1 200) 4 headers in 157 bytes (1 switches on core 0)
Jul 24 19:51:10 ubuntu devstack@g-api.service[158472]: DEBUG glance.api.middleware.version_negotiation [None req-8f75c439-366e-4d9f-92ba-63d023c4597c tempest-VolumesAdminNegativeTest-186382914 tempest-VolumesAdminNegativeTest-186382914-project] Determining version of request: GET /v2/images/46db44be-b527-4dc0-a3e7-80b419f51617/file Accept: */* {{(pid=158472) process_request /opt/stack/glance/glance/api/middleware/version_negotiation.py:44}}
Jul 24 19:51:10 ubuntu devstack@g-api.service[158472]: DEBUG glance.api.middleware.version_negotiation [None req-8f75c439-366e-4d9f-92ba-63d023c4597c tempest-VolumesAdminNegativeTest-186382914 tempest-VolumesAdminNegativeTest-186382914-project] Using url versioning {{(pid=158472) process_request /opt/stack/glance/glance/api/middleware/version_negotiation.py:57}}
Jul 24 19:51:10 ubuntu devstack@g-api.service[158472]: DEBUG glance.api.middleware.version_negotiation [None req-8f75c439-366e-4d9f-92ba-63d023c4597c tempest-VolumesAdminNegativeTest-186382914 tempest-VolumesAdminNegativeTest-186382914-project] Matched version: v2 {{(pid=158472) process_request /opt/stack/glance/glance/api/middleware/version_negotiation.py:69}}
Jul 24 19:51:10 ubuntu devstack@g-api.service[158472]: DEBUG glance.api.middleware.version_negotiation [None req-8f75c439-366e-4d9f-92ba-63d023c4597c tempest-VolumesAdminNegativeTest-186382914 tempest-VolumesAdminNegativeTest-186382914-project] new path /v2/images/46db44be-b527-4dc0-a3e7-80b419f51617/file {{(pid=158472) process_request /opt/stack/glance/glance/api/middleware/version_negotiation.py:70}}
Jul 24 19:51:10 ubuntu devstack@g-api.service[158472]: DEBUG glance_store.backend [None req-8f75c439-366e-4d9f-92ba-63d023c4597c tempest-VolumesAdminNegativeTest-186382914 tempest-VolumesAdminNegativeTest-186382914-project] Attempting to import store swift {{(pid=158472) _load_store /usr/local/lib/python3.8/dist-packages/glance_store/backend.py:216}}
Jul 24 19:51:10 ubuntu devstack@g-api.service[158472]: DEBUG glance_store.capabilities [None req-8f75c439-366e-4d9f-92ba-63d023c4597c tempest-VolumesAdminNegativeTest-186382914 tempest-VolumesAdminNegativeTest-186382914-project] Store glance_store._drivers.swift.store.SingleTenantStore doesn't support updating dynamic storage capabilities. Please overwrite 'update_capabilities' method of the store to implement updating logics if needed. {{(pid=158472) update_capabilities /usr/local/lib/python3.8/dist-packages/glance_store/capabilities.py:91}}
Jul 24 19:51:10 ubuntu devstack@g-api.service[158472]: DEBUG glance_store.driver [None req-8f75c439-366e-4d9f-92ba-63d023c4597c tempest-VolumesAdminNegativeTest-186382914 tempest-VolumesAdminNegativeTest-186382914-project] Late loading location class glance_store._drivers.swift.store.StoreLocation {{(pid=158472) get_store_location_class /usr/local/lib/python3.8/dist-packages/glance_store/driver.py:116}}
Jul 24 19:51:10 ubuntu devstack@g-api.service[158472]: DEBUG glance_store.location [None req-8f75c439-366e-4d9f-92ba-63d023c4597c tempest-VolumesAdminNegativeTest-186382914 tempest-VolumesAdminNegativeTest-186382914-project] Registering scheme swift+https with {'store': <glance_store._drivers.swift.store.SingleTenantStore object at 0x7f6acfface80>, 'location_class': <class 'glance_store._drivers.swift.store.StoreLocation'>, 'store_entry': 'swift'} {{(pid=158472) register_scheme_map /usr/local/lib/python3.8/dist-packages/glance_store/location.py:146}}
Jul 24 19:51:10 ubuntu devstack@g-api.service[158472]: DEBUG glance_store.location [None req-8f75c439-366e-4d9f-92ba-63d023c4597c tempest-VolumesAdminNegativeTest-186382914 tempest-VolumesAdminNegativeTest-186382914-project] Registering scheme swift+https with {'store': <glance_store._drivers.swift.store.SingleTenantStore object at 0x7f6acfface80>, 'location_class': <class 'glance_store._drivers.swift.store.StoreLocation'>, 'store_entry': 'swift'} {{(pid=158472) register_scheme_map /usr/local/lib/python3.8/dist-packages/glance_store/location.py:146}}
Jul 24 19:51:10 ubuntu devstack@g-api.service[158472]: DEBUG glance_store.location [None req-8f75c439-366e-4d9f-92ba-63d023c4597c tempest-VolumesAdminNegativeTest-186382914 tempest-VolumesAdminNegativeTest-186382914-project] Registering scheme swift with {'store': <glance_store._drivers.swift.store.SingleTenantStore object at 0x7f6acfface80>, 'location_class': <class 'glance_store._drivers.swift.store.StoreLocation'>, 'store_entry': 'swift'} {{(pid=158472) register_scheme_map /usr/local/lib/python3.8/dist-packages/glance_store/location.py:146}}
Jul 24 19:51:10 ubuntu devstack@g-api.service[158472]: DEBUG glance_store.location [None req-8f75c439-366e-4d9f-92ba-63d023c4597c tempest-VolumesAdminNegativeTest-186382914 tempest-VolumesAdminNegativeTest-186382914-project] Registering scheme swift+https with {'store': <glance_store._drivers.swift.store.SingleTenantStore object at 0x7f6acfface80>, 'location_class': <class 'glance_store._drivers.swift.store.StoreLocation'>, 'store_entry': 'swift'} {{(pid=158472) register_scheme_map /usr/local/lib/python3.8/dist-packages/glance_store/location.py:146}}
Jul 24 19:51:10 ubuntu devstack@g-api.service[158472]: DEBUG glance_store.location [None req-8f75c439-366e-4d9f-92ba-63d023c4597c tempest-VolumesAdminNegativeTest-186382914 tempest-VolumesAdminNegativeTest-186382914-project] Registering scheme swift with {'store': <glance_store._drivers.swift.store.SingleTenantStore object at 0x7f6acfface80>, 'location_class': <class 'glance_store._drivers.swift.store.StoreLocation'>, 'store_entry': 'swift'} {{(pid=158472) register_scheme_map /usr/local/lib/python3.8/dist-packages/glance_store/location.py:146}}
Jul 24 19:51:10 ubuntu devstack@g-api.service[158472]: DEBUG glance_store.location [None req-8f75c439-366e-4d9f-92ba-63d023c4597c tempest-VolumesAdminNegativeTest-186382914 tempest-VolumesAdminNegativeTest-186382914-project] Registering scheme swift+http with {'store': <glance_store._drivers.swift.store.SingleTenantStore object at 0x7f6acfface80>, 'location_class': <class 'glance_store._drivers.swift.store.StoreLocation'>, 'store_entry': 'swift'} {{(pid=158472) register_scheme_map /usr/local/lib/python3.8/dist-packages/glance_store/location.py:146}}
Jul 24 19:51:10 ubuntu devstack@g-api.service[158472]: DEBUG glance_store.location [None req-8f75c439-366e-4d9f-92ba-63d023c4597c tempest-VolumesAdminNegativeTest-186382914 tempest-VolumesAdminNegativeTest-186382914-project] Registering scheme swift+https with {'store': <glance_store._drivers.swift.store.SingleTenantStore object at 0x7f6acfface80>, 'location_class': <class 'glance_store._drivers.swift.store.StoreLocation'>, 'store_entry': 'swift'} {{(pid=158472) register_scheme_map /usr/local/lib/python3.8/dist-packages/glance_store/location.py:146}}
Jul 24 19:51:10 ubuntu devstack@g-api.service[158472]: DEBUG glance_store.location [None req-8f75c439-366e-4d9f-92ba-63d023c4597c tempest-VolumesAdminNegativeTest-186382914 tempest-VolumesAdminNegativeTest-186382914-project] Registering scheme swift with {'store': <glance_store._drivers.swift.store.SingleTenantStore object at 0x7f6acfface80>, 'location_class': <class 'glance_store._drivers.swift.store.StoreLocation'>, 'store_entry': 'swift'} {{(pid=158472) register_scheme_map /usr/local/lib/python3.8/dist-packages/glance_store/location.py:146}}
Jul 24 19:51:10 ubuntu devstack@g-api.service[158472]: DEBUG glance_store.location [None req-8f75c439-366e-4d9f-92ba-63d023c4597c tempest-VolumesAdminNegativeTest-186382914 tempest-VolumesAdminNegativeTest-186382914-project] Registering scheme swift+http with {'store': <glance_store._drivers.swift.store.SingleTenantStore object at 0x7f6acfface80>, 'location_class': <class 'glance_store._drivers.swift.store.StoreLocation'>, 'store_entry': 'swift'} {{(pid=158472) register_scheme_map /usr/local/lib/python3.8/dist-packages/glance_store/location.py:146}}
Jul 24 19:51:10 ubuntu devstack@g-api.service[158472]: DEBUG glance_store.location [None req-8f75c439-366e-4d9f-92ba-63d023c4597c tempest-VolumesAdminNegativeTest-186382914 tempest-VolumesAdminNegativeTest-186382914-project] Registering scheme swift+config with {'store': <glance_store._drivers.swift.store.SingleTenantStore object at 0x7f6acfface80>, 'location_class': <class 'glance_store._drivers.swift.store.StoreLocation'>, 'store_entry': 'swift'} {{(pid=158472) register_scheme_map /usr/local/lib/python3.8/dist-packages/glance_store/location.py:146}}
Jul 24 19:51:10 ubuntu devstack@g-api.service[158472]: DEBUG swiftclient [None req-8f75c439-366e-4d9f-92ba-63d023c4597c tempest-VolumesAdminNegativeTest-186382914 tempest-VolumesAdminNegativeTest-186382914-project] REQ: curl -i http://192.168.79.49:8080/v1/AUTH_20e663b4b9934ee48fa13da13d85b58e/glance/46db44be-b527-4dc0-a3e7-80b419f51617 -X GET -H "X-Auth-Token: gAAAAABi3aKuuxdY..." {{(pid=158472) http_log /usr/local/lib/python3.8/dist-packages/swiftclient/client.py:157}}
Jul 24 19:51:10 ubuntu devstack@g-api.service[158472]: DEBUG swiftclient [None req-8f75c439-366e-4d9f-92ba-63d023c4597c tempest-VolumesAdminNegativeTest-186382914 tempest-VolumesAdminNegativeTest-186382914-project] RESP STATUS: 200 OK {{(pid=158472) http_log /usr/local/lib/python3.8/dist-packages/swiftclient/client.py:158}}
Jul 24 19:51:10 ubuntu devstack@g-api.service[158472]: DEBUG swiftclient [None req-8f75c439-366e-4d9f-92ba-63d023c4597c tempest-VolumesAdminNegativeTest-186382914 tempest-VolumesAdminNegativeTest-186382914-project] RESP HEADERS: {'Content-Type': 'application/octet-stream', 'Etag': '1d3062cd89af34e419f7100277f38b2b', 'Last-Modified': 'Sun, 24 Jul 2022 19:45:25 GMT', 'X-Timestamp': '1658691924.17676', 'Accept-Ranges': 'bytes', 'Content-Length': '16338944', 'X-Trans-Id': 'tx2a645d741d0d439fb325f-0062dda2ae', 'X-Openstack-Request-Id': 'tx2a645d741d0d439fb325f-0062dda2ae', 'Date': 'Sun, 24 Jul 2022 19:51:10 GMT'} {{(pid=158472) http_log /usr/local/lib/python3.8/dist-packages/swiftclient/client.py:159}}
Jul 24 19:51:10 ubuntu devstack@g-api.service[158472]: DEBUG glance.image_cache [None req-8f75c439-366e-4d9f-92ba-63d023c4597c tempest-VolumesAdminNegativeTest-186382914 tempest-VolumesAdminNegativeTest-186382914-project] Tee'ing image '46db44be-b527-4dc0-a3e7-80b419f51617' into cache {{(pid=158472) get_caching_iter /opt/stack/glance/glance/image_cache/__init__.py:343}}
Jul 24 19:51:10 ubuntu devstack@g-api.service[158472]: DEBUG glance.image_cache.drivers.sqlite [None req-8f75c439-366e-4d9f-92ba-63d023c4597c tempest-VolumesAdminNegativeTest-186382914 tempest-VolumesAdminNegativeTest-186382914-project] Fetch finished, moving '/opt/stack/data/glance/cache/incomplete/46db44be-b527-4dc0-a3e7-80b419f51617' to '/opt/stack/data/glance/cache/46db44be-b527-4dc0-a3e7-80b419f51617' {{(pid=158472) commit /opt/stack/glance/glance/image_cache/drivers/sqlite.py:324}}
Jul 24 19:51:10 ubuntu devstack@g-api.service[158472]: [pid: 158472|app: 0|req: 12/22] 127.0.0.1 () {42 vars in 1059 bytes} [Sun Jul 24 19:51:10 2022] GET /v2/images/46db44be-b527-4dc0-a3e7-80b419f51617/file => generated 16338944 bytes in 440 msecs (HTTP/1.1 200) 4 headers in 191 bytes (251 switches on core 0)
Jul 24 19:51:19 ubuntu devstack@g-api.service[158473]: DEBUG dbcounter [-] [158473] Writing DB stats glance:SELECT=8 {{(pid=158473) stat_writer /usr/local/lib/python3.8/dist-packages/dbcounter.py:114}}
Jul 24 19:51:20 ubuntu devstack@g-api.service[158472]: DEBUG dbcounter [-] [158472] Writing DB stats glance:SELECT=8 {{(pid=158472) stat_writer /usr/local/lib/python3.8/dist-packages/dbcounter.py:114}}
Jul 24 19:51:35 ubuntu devstack@g-api.service[158473]: DEBUG glance.api.middleware.version_negotiation [None req-8f75c439-366e-4d9f-92ba-63d023c4597c tempest-VolumesAdminNegativeTest-186382914 tempest-VolumesAdminNegativeTest-186382914-project] Determining version of request: GET / Accept: application/json {{(pid=158473) process_request /opt/stack/glance/glance/api/middleware/version_negotiation.py:44}}
Jul 24 19:51:35 ubuntu devstack@g-api.service[158473]: DEBUG glance.api.middleware.version_negotiation [None req-8f75c439-366e-4d9f-92ba-63d023c4597c tempest-VolumesAdminNegativeTest-186382914 tempest-VolumesAdminNegativeTest-186382914-project] Using url versioning {{(pid=158473) process_request /opt/stack/glance/glance/api/middleware/version_negotiation.py:57}}
Jul 24 19:51:35 ubuntu devstack@g-api.service[158473]: DEBUG glance.api.middleware.version_negotiation [None req-8f75c439-366e-4d9f-92ba-63d023c4597c tempest-VolumesAdminNegativeTest-186382914 tempest-VolumesAdminNegativeTest-186382914-project] Unknown version. Returning version choices. {{(pid=158473) process_request /opt/stack/glance/glance/api/middleware/version_negotiation.py:64}}
Jul 24 19:51:35 ubuntu devstack@g-api.service[158473]: [pid: 158473|app: 0|req: 11/23] 127.0.0.1 () {34 vars in 492 bytes} [Sun Jul 24 19:51:35 2022] GET / => generated 1323 bytes in 3 msecs (HTTP/1.1 300) 3 headers in 106 bytes (1 switches on core 0)
Jul 24 19:51:35 ubuntu devstack@g-api.service[158472]: DEBUG glance.api.middleware.version_negotiation [None req-8f75c439-366e-4d9f-92ba-63d023c4597c tempest-VolumesAdminNegativeTest-186382914 tempest-VolumesAdminNegativeTest-186382914-project] Determining version of request: GET /v2/images/46db44be-b527-4dc0-a3e7-80b419f51617 Accept: */* {{(pid=158472) process_request /opt/stack/glance/glance/api/middleware/version_negotiation.py:44}}
Jul 24 19:51:35 ubuntu devstack@g-api.service[158472]: DEBUG glance.api.middleware.version_negotiation [None req-8f75c439-366e-4d9f-92ba-63d023c4597c tempest-VolumesAdminNegativeTest-186382914 tempest-VolumesAdminNegativeTest-186382914-project] Using url versioning {{(pid=158472) process_request /opt/stack/glance/glance/api/middleware/version_negotiation.py:57}}
Jul 24 19:51:35 ubuntu devstack@g-api.service[158472]: DEBUG glance.api.middleware.version_negotiation [None req-8f75c439-366e-4d9f-92ba-63d023c4597c tempest-VolumesAdminNegativeTest-186382914 tempest-VolumesAdminNegativeTest-186382914-project] Matched version: v2 {{(pid=158472) process_request /opt/stack/glance/glance/api/middleware/version_negotiation.py:69}}
Jul 24 19:51:35 ubuntu devstack@g-api.service[158472]: DEBUG glance.api.middleware.version_negotiation [None req-8f75c439-366e-4d9f-92ba-63d023c4597c tempest-VolumesAdminNegativeTest-186382914 tempest-VolumesAdminNegativeTest-186382914-project] new path /v2/images/46db44be-b527-4dc0-a3e7-80b419f51617 {{(pid=158472) process_request /opt/stack/glance/glance/api/middleware/version_negotiation.py:70}}
Jul 24 19:51:35 ubuntu devstack@g-api.service[158472]: [pid: 158472|app: 0|req: 13/24] 127.0.0.1 () {42 vars in 1049 bytes} [Sun Jul 24 19:51:35 2022] GET /v2/images/46db44be-b527-4dc0-a3e7-80b419f51617 => generated 976 bytes in 27 msecs (HTTP/1.1 200) 4 headers in 157 bytes (1 switches on core 0)
Jul 24 19:51:35 ubuntu devstack@g-api.service[158473]: DEBUG glance.api.middleware.version_negotiation [None req-8f75c439-366e-4d9f-92ba-63d023c4597c tempest-VolumesAdminNegativeTest-186382914 tempest-VolumesAdminNegativeTest-186382914-project] Determining version of request: GET /v2/schemas/image Accept: */* {{(pid=158473) process_request /opt/stack/glance/glance/api/middleware/version_negotiation.py:44}}
Jul 24 19:51:35 ubuntu devstack@g-api.service[158473]: DEBUG glance.api.middleware.version_negotiation [None req-8f75c439-366e-4d9f-92ba-63d023c4597c tempest-VolumesAdminNegativeTest-186382914 tempest-VolumesAdminNegativeTest-186382914-project] Using url versioning {{(pid=158473) process_request /opt/stack/glance/glance/api/middleware/version_negotiation.py:57}}
Jul 24 19:51:35 ubuntu devstack@g-api.service[158473]: DEBUG glance.api.middleware.version_negotiation [None req-8f75c439-366e-4d9f-92ba-63d023c4597c tempest-VolumesAdminNegativeTest-186382914 tempest-VolumesAdminNegativeTest-186382914-project] Matched version: v2 {{(pid=158473) process_request /opt/stack/glance/glance/api/middleware/version_negotiation.py:69}}
Jul 24 19:51:35 ubuntu devstack@g-api.service[158473]: DEBUG glance.api.middleware.version_negotiation [None req-8f75c439-366e-4d9f-92ba-63d023c4597c tempest-VolumesAdminNegativeTest-186382914 tempest-VolumesAdminNegativeTest-186382914-project] new path /v2/schemas/image {{(pid=158473) process_request /opt/stack/glance/glance/api/middleware/version_negotiation.py:70}}
Jul 24 19:51:35 ubuntu devstack@g-api.service[158473]: [pid: 158473|app: 0|req: 12/25] 127.0.0.1 () {42 vars in 989 bytes} [Sun Jul 24 19:51:35 2022] GET /v2/schemas/image => generated 6083 bytes in 5 msecs (HTTP/1.1 200) 4 headers in 158 bytes (1 switches on core 0)
Jul 24 19:51:45 ubuntu devstack@g-api.service[158472]: DEBUG dbcounter [-] [158472] Writing DB stats glance:SELECT=4 {{(pid=158472) stat_writer /usr/local/lib/python3.8/dist-packages/dbcounter.py:114}}
Jul 24 19:58:24 ubuntu devstack@g-api.service[158472]: DEBUG glance.api.middleware.version_negotiation [None req-11b957b0-109f-41aa-97b4-ee6fdc1528b6 tempest-DeleteServersTestJSON-2042620944 tempest-DeleteServersTestJSON-2042620944-project] Determining version of request: GET /v2/images/46db44be-b527-4dc0-a3e7-80b419f51617 Accept: */* {{(pid=158472) process_request /opt/stack/glance/glance/api/middleware/version_negotiation.py:44}}
Jul 24 19:58:24 ubuntu devstack@g-api.service[158472]: DEBUG glance.api.middleware.version_negotiation [None req-11b957b0-109f-41aa-97b4-ee6fdc1528b6 tempest-DeleteServersTestJSON-2042620944 tempest-DeleteServersTestJSON-2042620944-project] Using url versioning {{(pid=158472) process_request /opt/stack/glance/glance/api/middleware/version_negotiation.py:57}}
Jul 24 19:58:24 ubuntu devstack@g-api.service[158472]: DEBUG glance.api.middleware.version_negotiation [None req-11b957b0-109f-41aa-97b4-ee6fdc1528b6 tempest-DeleteServersTestJSON-2042620944 tempest-DeleteServersTestJSON-2042620944-project] Matched version: v2 {{(pid=158472) process_request /opt/stack/glance/glance/api/middleware/version_negotiation.py:69}}
Jul 24 19:58:24 ubuntu devstack@g-api.service[158472]: DEBUG glance.api.middleware.version_negotiation [None req-11b957b0-109f-41aa-97b4-ee6fdc1528b6 tempest-DeleteServersTestJSON-2042620944 tempest-DeleteServersTestJSON-2042620944-project] new path /v2/images/46db44be-b527-4dc0-a3e7-80b419f51617 {{(pid=158472) process_request /opt/stack/glance/glance/api/middleware/version_negotiation.py:70}}
Jul 24 19:58:24 ubuntu devstack@g-api.service[158472]: [pid: 158472|app: 0|req: 14/26] 127.0.0.1 () {42 vars in 1049 bytes} [Sun Jul 24 19:58:24 2022] GET /v2/images/46db44be-b527-4dc0-a3e7-80b419f51617 => generated 976 bytes in 121 msecs (HTTP/1.1 200) 4 headers in 157 bytes (1 switches on core 0)
