Apr 12 18:49:14 ubuntu neutron-server[121332]: DEBUG neutron.api.extensions [None req-2a312730-81a5-48ef-87bd-f2ec8ba76156 None None] Loading extension file: vlantransparent.py {{(pid=121332) _load_all_extensions_from_path /opt/stack/neutron/neutron/api/extensions.py:450}}
Apr 12 18:49:14 ubuntu neutron-server[121332]: DEBUG neutron.api.extensions [None req-2a312730-81a5-48ef-87bd-f2ec8ba76156 None None] Ext name="Vlantransparent" alias="vlan-transparent" description="Provides Vlan Transparent Networks" updated="2015-03-23T09:00:00-00:00" {{(pid=121332) _check_extension /opt/stack/neutron/neutron/api/extensions.py:416}}
Apr 12 18:49:14 ubuntu neutron-server[121332]: INFO neutron.api.extensions [None req-2a312730-81a5-48ef-87bd-f2ec8ba76156 None None] Extension vlan-transparent not supported by any of loaded plugins
Apr 12 18:49:14 ubuntu neutron-server[121332]: INFO neutron.quota.resource_registry [None req-2a312730-81a5-48ef-87bd-f2ec8ba76156 None None] Creating instance of TrackedResource for resource:network
Apr 12 18:49:14 ubuntu neutron-server[121332]: INFO neutron.quota.resource_registry [None req-2a312730-81a5-48ef-87bd-f2ec8ba76156 None None] Creating instance of TrackedResource for resource:subnet
Apr 12 18:49:14 ubuntu neutron-server[121332]: INFO neutron.quota.resource_registry [None req-2a312730-81a5-48ef-87bd-f2ec8ba76156 None None] Creating instance of TrackedResource for resource:subnetpool
Apr 12 18:49:14 ubuntu neutron-server[121332]: INFO neutron.quota.resource_registry [None req-2a312730-81a5-48ef-87bd-f2ec8ba76156 None None] Creating instance of TrackedResource for resource:port
Apr 12 18:49:14 ubuntu neutron-server[121332]: DEBUG neutron.api.v2.resource_helper [None req-2a312730-81a5-48ef-87bd-f2ec8ba76156 None None] Service FLAVORS assigned prefix:  {{(pid=121332) build_resource_info /opt/stack/neutron/neutron/api/v2/resource_helper.py:77}}
Apr 12 18:49:14 ubuntu neutron-server[121332]: DEBUG neutron.api.v2.resource_helper [None req-2a312730-81a5-48ef-87bd-f2ec8ba76156 None None] Service L3_ROUTER_NAT assigned prefix:  {{(pid=121332) build_resource_info /opt/stack/neutron/neutron/api/v2/resource_helper.py:77}}
Apr 12 18:49:14 ubuntu neutron-server[121332]: DEBUG neutron.api.v2.resource_helper [None req-2a312730-81a5-48ef-87bd-f2ec8ba76156 None None] Service L3_ROUTER_NAT assigned prefix:  {{(pid=121332) build_resource_info /opt/stack/neutron/neutron/api/v2/resource_helper.py:77}}
Apr 12 18:49:14 ubuntu neutron-server[121332]: INFO neutron.quota.resource_registry [None req-2a312730-81a5-48ef-87bd-f2ec8ba76156 None None] Creating instance of TrackedResource for resource:router
Apr 12 18:49:14 ubuntu neutron-server[121332]: INFO neutron.quota.resource_registry [None req-2a312730-81a5-48ef-87bd-f2ec8ba76156 None None] Creating instance of TrackedResource for resource:floatingip
Apr 12 18:49:14 ubuntu neutron-server[121332]: DEBUG neutron_lib.callbacks.manager [None req-2a312730-81a5-48ef-87bd-f2ec8ba76156 None None] Subscribe: <bound method NeutronDbPluginV2.validate_network_rbac_policy_change of <neutron.services.network_ip_availability.plugin.NetworkIPAvailabilityPlugin object at 0x7f5a2cc24ee0>> rbac-policy before_create 55550000 {{(pid=121332) subscribe /usr/local/lib/python3.8/dist-packages/neutron_lib/callbacks/manager.py:45}}
Apr 12 18:49:14 ubuntu neutron-server[121332]: DEBUG neutron_lib.callbacks.manager [None req-2a312730-81a5-48ef-87bd-f2ec8ba76156 None None] Subscribe: <bound method NeutronDbPluginV2.validate_network_rbac_policy_change of <neutron.services.network_ip_availability.plugin.NetworkIPAvailabilityPlugin object at 0x7f5a2cc24ee0>> rbac-policy before_update 55550000 {{(pid=121332) subscribe /usr/local/lib/python3.8/dist-packages/neutron_lib/callbacks/manager.py:45}}
Apr 12 18:49:14 ubuntu neutron-server[121332]: DEBUG neutron_lib.callbacks.manager [None req-2a312730-81a5-48ef-87bd-f2ec8ba76156 None None] Subscribe: <bound method NeutronDbPluginV2.validate_network_rbac_policy_change of <neutron.services.network_ip_availability.plugin.NetworkIPAvailabilityPlugin object at 0x7f5a2cc24ee0>> rbac-policy before_delete 55550000 {{(pid=121332) subscribe /usr/local/lib/python3.8/dist-packages/neutron_lib/callbacks/manager.py:45}}
Apr 12 18:49:14 ubuntu neutron-server[121332]: INFO neutron.quota.resource_registry [None req-2a312730-81a5-48ef-87bd-f2ec8ba76156 None None] Creating instance of CountableResource for resource:rbac_policy
Apr 12 18:49:14 ubuntu neutron-server[121332]: INFO neutron.quota.resource_registry [None req-2a312730-81a5-48ef-87bd-f2ec8ba76156 None None] Creating instance of TrackedResource for resource:security_group
Apr 12 18:49:14 ubuntu neutron-server[121332]: INFO neutron.quota.resource_registry [None req-2a312730-81a5-48ef-87bd-f2ec8ba76156 None None] Creating instance of TrackedResource for resource:security_group_rule
Apr 12 18:49:14 ubuntu neutron-server[121332]: DEBUG neutron.api.v2.resource_helper [None req-2a312730-81a5-48ef-87bd-f2ec8ba76156 None None] Service FLAVORS assigned prefix:  {{(pid=121332) build_resource_info /opt/stack/neutron/neutron/api/v2/resource_helper.py:77}}
Apr 12 18:49:14 ubuntu neutron-server[121332]: DEBUG neutron.api.v2.resource_helper [None req-2a312730-81a5-48ef-87bd-f2ec8ba76156 None None] Service L3_ROUTER_NAT assigned prefix:  {{(pid=121332) build_resource_info /opt/stack/neutron/neutron/api/v2/resource_helper.py:77}}
Apr 12 18:49:14 ubuntu neutron-server[121332]: DEBUG neutron.api.v2.resource_helper [None req-2a312730-81a5-48ef-87bd-f2ec8ba76156 None None] Service L3_ROUTER_NAT assigned prefix:  {{(pid=121332) build_resource_info /opt/stack/neutron/neutron/api/v2/resource_helper.py:77}}
Apr 12 18:49:14 ubuntu neutron-server[121332]: INFO neutron.quota.resource_registry [None req-2a312730-81a5-48ef-87bd-f2ec8ba76156 None None] Creating instance of TrackedResource for resource:router
Apr 12 18:49:14 ubuntu neutron-server[121332]: WARNING neutron.quota.resource_registry [None req-2a312730-81a5-48ef-87bd-f2ec8ba76156 None None] router is already registered
Apr 12 18:49:14 ubuntu neutron-server[121332]: INFO neutron.quota.resource_registry [None req-2a312730-81a5-48ef-87bd-f2ec8ba76156 None None] Creating instance of TrackedResource for resource:floatingip
Apr 12 18:49:14 ubuntu neutron-server[121332]: WARNING neutron.quota.resource_registry [None req-2a312730-81a5-48ef-87bd-f2ec8ba76156 None None] floatingip is already registered
Apr 12 18:49:14 ubuntu neutron-server[121332]: INFO neutron.quota.resource_registry [None req-2a312730-81a5-48ef-87bd-f2ec8ba76156 None None] Creating instance of CountableResource for resource:rbac_policy
Apr 12 18:49:14 ubuntu neutron-server[121332]: WARNING neutron.quota.resource_registry [None req-2a312730-81a5-48ef-87bd-f2ec8ba76156 None None] rbac_policy is already registered
Apr 12 18:49:14 ubuntu neutron-server[121332]: INFO neutron.quota.resource_registry [None req-2a312730-81a5-48ef-87bd-f2ec8ba76156 None None] Creating instance of TrackedResource for resource:security_group
Apr 12 18:49:14 ubuntu neutron-server[121332]: WARNING neutron.quota.resource_registry [None req-2a312730-81a5-48ef-87bd-f2ec8ba76156 None None] security_group is already registered
Apr 12 18:49:14 ubuntu neutron-server[121332]: INFO neutron.quota.resource_registry [None req-2a312730-81a5-48ef-87bd-f2ec8ba76156 None None] Creating instance of TrackedResource for resource:security_group_rule
Apr 12 18:49:14 ubuntu neutron-server[121332]: WARNING neutron.quota.resource_registry [None req-2a312730-81a5-48ef-87bd-f2ec8ba76156 None None] security_group_rule is already registered
Apr 12 18:49:14 ubuntu neutron-server[121332]: DEBUG neutron.api.extensions [None req-2a312730-81a5-48ef-87bd-f2ec8ba76156 None None] Extended resource: extensions {{(pid=121332) __init__ /opt/stack/neutron/neutron/api/extensions.py:157}}
Apr 12 18:49:14 ubuntu neutron-server[121332]: DEBUG neutron.api.extensions [None req-2a312730-81a5-48ef-87bd-f2ec8ba76156 None None] Extended resource: address-groups {{(pid=121332) __init__ /opt/stack/neutron/neutron/api/extensions.py:157}}
Apr 12 18:49:14 ubuntu neutron-server[121332]: DEBUG neutron.api.extensions [None req-2a312730-81a5-48ef-87bd-f2ec8ba76156 None None] Extended resource: address-scopes {{(pid=121332) __init__ /opt/stack/neutron/neutron/api/extensions.py:157}}
Apr 12 18:49:14 ubuntu neutron-server[121332]: DEBUG neutron.api.extensions [None req-2a312730-81a5-48ef-87bd-f2ec8ba76156 None None] Extended resource: agents {{(pid=121332) __init__ /opt/stack/neutron/neutron/api/extensions.py:157}}
Apr 12 18:49:14 ubuntu neutron-server[121332]: DEBUG neutron.api.extensions [None req-2a312730-81a5-48ef-87bd-f2ec8ba76156 None None] Extended resource: auto-allocated-topology {{(pid=121332) __init__ /opt/stack/neutron/neutron/api/extensions.py:157}}
Apr 12 18:49:14 ubuntu neutron-server[121332]: DEBUG neutron.api.extensions [None req-2a312730-81a5-48ef-87bd-f2ec8ba76156 None None] Extended resource: availability_zones {{(pid=121332) __init__ /opt/stack/neutron/neutron/api/extensions.py:157}}
Apr 12 18:49:14 ubuntu neutron-server[121332]: DEBUG neutron.api.extensions [None req-2a312730-81a5-48ef-87bd-f2ec8ba76156 None None] Extended resource: flavors {{(pid=121332) __init__ /opt/stack/neutron/neutron/api/extensions.py:157}}
Apr 12 18:49:14 ubuntu neutron-server[121332]: DEBUG neutron.api.extensions [None req-2a312730-81a5-48ef-87bd-f2ec8ba76156 None None] Extended resource: service_profiles {{(pid=121332) __init__ /opt/stack/neutron/neutron/api/extensions.py:157}}
Apr 12 18:49:14 ubuntu neutron-server[121332]: DEBUG neutron.api.extensions [None req-2a312730-81a5-48ef-87bd-f2ec8ba76156 None None] Extended resource: next_providers {{(pid=121332) __init__ /opt/stack/neutron/neutron/api/extensions.py:157}}
Apr 12 18:49:14 ubuntu neutron-server[121332]: DEBUG neutron.api.extensions [None req-2a312730-81a5-48ef-87bd-f2ec8ba76156 None None] Extended resource: service_profiles {{(pid=121332) __init__ /opt/stack/neutron/neutron/api/extensions.py:157}}
Apr 12 18:49:14 ubuntu neutron-server[121332]: DEBUG neutron.api.extensions [None req-2a312730-81a5-48ef-87bd-f2ec8ba76156 None None] Extended resource: floatingip-pools {{(pid=121332) __init__ /opt/stack/neutron/neutron/api/extensions.py:157}}
Apr 12 18:49:14 ubuntu neutron-server[121332]: DEBUG neutron.api.extensions [None req-2a312730-81a5-48ef-87bd-f2ec8ba76156 None None] Extended resource: routers {{(pid=121332) __init__ /opt/stack/neutron/neutron/api/extensions.py:157}}
Apr 12 18:49:14 ubuntu neutron-server[121332]: DEBUG neutron.api.extensions [None req-2a312730-81a5-48ef-87bd-f2ec8ba76156 None None] Extended resource: floatingips {{(pid=121332) __init__ /opt/stack/neutron/neutron/api/extensions.py:157}}
Apr 12 18:49:14 ubuntu neutron-server[121332]: DEBUG neutron.api.extensions [None req-2a312730-81a5-48ef-87bd-f2ec8ba76156 None None] Extended resource: network-ip-availabilities {{(pid=121332) __init__ /opt/stack/neutron/neutron/api/extensions.py:157}}
Apr 12 18:49:14 ubuntu neutron-server[121332]: DEBUG neutron.api.extensions [None req-2a312730-81a5-48ef-87bd-f2ec8ba76156 None None] Extended resource: bindings {{(pid=121332) __init__ /opt/stack/neutron/neutron/api/extensions.py:157}}
Apr 12 18:49:14 ubuntu neutron-server[121332]: DEBUG neutron.api.extensions [None req-2a312730-81a5-48ef-87bd-f2ec8ba76156 None None] Extended resource: quotas {{(pid=121332) __init__ /opt/stack/neutron/neutron/api/extensions.py:157}}
Apr 12 18:49:14 ubuntu neutron-server[121332]: DEBUG neutron.api.extensions [None req-2a312730-81a5-48ef-87bd-f2ec8ba76156 None None] Extended resource: quotas {{(pid=121332) __init__ /opt/stack/neutron/neutron/api/extensions.py:157}}
Apr 12 18:49:14 ubuntu neutron-server[121332]: DEBUG neutron.api.extensions [None req-2a312730-81a5-48ef-87bd-f2ec8ba76156 None None] Extended resource: rbac-policies {{(pid=121332) __init__ /opt/stack/neutron/neutron/api/extensions.py:157}}
Apr 12 18:49:14 ubuntu neutron-server[121332]: DEBUG neutron.api.extensions [None req-2a312730-81a5-48ef-87bd-f2ec8ba76156 None None] Extended resource: security-groups {{(pid=121332) __init__ /opt/stack/neutron/neutron/api/extensions.py:157}}
Apr 12 18:49:14 ubuntu neutron-server[121332]: DEBUG neutron.api.extensions [None req-2a312730-81a5-48ef-87bd-f2ec8ba76156 None None] Extended resource: security-group-rules {{(pid=121332) __init__ /opt/stack/neutron/neutron/api/extensions.py:157}}
Apr 12 18:49:14 ubuntu neutron-server[121332]: DEBUG neutron.api.extensions [None req-2a312730-81a5-48ef-87bd-f2ec8ba76156 None None] Extended resource: service-providers {{(pid=121332) __init__ /opt/stack/neutron/neutron/api/extensions.py:157}}
Apr 12 18:49:14 ubuntu neutron-server[121332]: DEBUG neutron.api.extensions [None req-2a312730-81a5-48ef-87bd-f2ec8ba76156 None None] Extended resource: tags {{(pid=121332) __init__ /opt/stack/neutron/neutron/api/extensions.py:157}}
Apr 12 18:49:14 ubuntu neutron-server[121332]: DEBUG neutron.api.extensions [None req-2a312730-81a5-48ef-87bd-f2ec8ba76156 None None] Extended resource: tags {{(pid=121332) __init__ /opt/stack/neutron/neutron/api/extensions.py:157}}
Apr 12 18:49:14 ubuntu neutron-server[121332]: DEBUG neutron.api.extensions [None req-2a312730-81a5-48ef-87bd-f2ec8ba76156 None None] Extended resource: tags {{(pid=121332) __init__ /opt/stack/neutron/neutron/api/extensions.py:157}}
Apr 12 18:49:14 ubuntu neutron-server[121332]: DEBUG neutron.api.extensions [None req-2a312730-81a5-48ef-87bd-f2ec8ba76156 None None] Extended resource: tags {{(pid=121332) __init__ /opt/stack/neutron/neutron/api/extensions.py:157}}
Apr 12 18:49:14 ubuntu neutron-server[121332]: DEBUG neutron.api.extensions [None req-2a312730-81a5-48ef-87bd-f2ec8ba76156 None None] Extended resource: tags {{(pid=121332) __init__ /opt/stack/neutron/neutron/api/extensions.py:157}}
Apr 12 18:49:14 ubuntu neutron-server[121332]: DEBUG neutron.api.extensions [None req-2a312730-81a5-48ef-87bd-f2ec8ba76156 None None] Extended resource: tags {{(pid=121332) __init__ /opt/stack/neutron/neutron/api/extensions.py:157}}
Apr 12 18:49:14 ubuntu neutron-server[121332]: DEBUG neutron.api.extensions [None req-2a312730-81a5-48ef-87bd-f2ec8ba76156 None None] Extended resource: tags {{(pid=121332) __init__ /opt/stack/neutron/neutron/api/extensions.py:157}}
Apr 12 18:49:14 ubuntu neutron-server[121332]: DEBUG neutron.api.extensions [None req-2a312730-81a5-48ef-87bd-f2ec8ba76156 None None] Extended resource: tags {{(pid=121332) __init__ /opt/stack/neutron/neutron/api/extensions.py:157}}
Apr 12 18:49:14 ubuntu neutron-server[121332]: DEBUG neutron.api.extensions [None req-2a312730-81a5-48ef-87bd-f2ec8ba76156 None None] Extended resource: tags {{(pid=121332) __init__ /opt/stack/neutron/neutron/api/extensions.py:157}}
Apr 12 18:49:14 ubuntu neutron-server[121332]: DEBUG neutron.api.extensions [None req-2a312730-81a5-48ef-87bd-f2ec8ba76156 None None] Extended resource: tags {{(pid=121332) __init__ /opt/stack/neutron/neutron/api/extensions.py:157}}
Apr 12 18:49:14 ubuntu neutron-server[121332]: WARNING keystonemiddleware.auth_token [None req-2a312730-81a5-48ef-87bd-f2ec8ba76156 None None] AuthToken middleware is set with keystone_authtoken.service_token_roles_required set to False. This is backwards compatible but deprecated behaviour. Please set this to True.
Apr 12 18:49:14 ubuntu neutron-server[121332]: WARNING keystonemiddleware.auth_token [None req-2a312730-81a5-48ef-87bd-f2ec8ba76156 None None] Configuring www_authenticate_uri to point to the public identity endpoint is required; clients may not be able to authenticate against an admin endpoint
Apr 12 18:49:14 ubuntu neutron-server[121332]: DEBUG oslo_concurrency.lockutils [None req-2a312730-81a5-48ef-87bd-f2ec8ba76156 None None] Acquired lock "singleton_lock" {{(pid=121332) lock /usr/local/lib/python3.8/dist-packages/oslo_concurrency/lockutils.py:294}}
Apr 12 18:49:14 ubuntu neutron-server[121332]: DEBUG oslo_concurrency.lockutils [None req-2a312730-81a5-48ef-87bd-f2ec8ba76156 None None] Releasing lock "singleton_lock" {{(pid=121332) lock /usr/local/lib/python3.8/dist-packages/oslo_concurrency/lockutils.py:312}}
Apr 12 18:49:14 ubuntu neutron-server[121332]: INFO oslo_service.service [None req-2a312730-81a5-48ef-87bd-f2ec8ba76156 None None] Starting 2 workers
Apr 12 18:49:14 ubuntu neutron-server[121332]: DEBUG oslo_service.service [None req-2a312730-81a5-48ef-87bd-f2ec8ba76156 None None] Started child 121576 {{(pid=121332) _start_child /usr/local/lib/python3.8/dist-packages/oslo_service/service.py:575}}
Apr 12 18:49:14 ubuntu neutron-server[121332]: DEBUG oslo_service.service [None req-2a312730-81a5-48ef-87bd-f2ec8ba76156 None None] Started child 121577 {{(pid=121332) _start_child /usr/local/lib/python3.8/dist-packages/oslo_service/service.py:575}}
Apr 12 18:49:14 ubuntu neutron-server[121332]: INFO neutron.service [None req-2a312730-81a5-48ef-87bd-f2ec8ba76156 None None] Neutron service started, listening on 0.0.0.0:9696
Apr 12 18:49:14 ubuntu neutron-server[121332]: DEBUG neutron_lib.callbacks.manager [None req-2a312730-81a5-48ef-87bd-f2ec8ba76156 None None] Publish callbacks ['neutron.plugins.ml2.drivers.ovn.mech_driver.mech_driver.OVNMechanismDriver.pre_fork_initialize-1516192'] for process (None), before_spawn {{(pid=121332) _notify_loop /usr/local/lib/python3.8/dist-packages/neutron_lib/callbacks/manager.py:176}}
Apr 12 18:49:14 ubuntu neutron-server[121576]: DEBUG neutron_lib.callbacks.manager [-] Publish callbacks ['neutron.plugins.ml2.drivers.ovn.mech_driver.mech_driver.OVNMechanismDriver.post_fork_initialize-1516228'] for process (None), after_init {{(pid=121576) _notify_loop /usr/local/lib/python3.8/dist-packages/neutron_lib/callbacks/manager.py:176}}
Apr 12 18:49:14 ubuntu neutron-server[121577]: DEBUG neutron_lib.callbacks.manager [-] Publish callbacks ['neutron.plugins.ml2.drivers.ovn.mech_driver.mech_driver.OVNMechanismDriver.post_fork_initialize-1516228'] for process (None), after_init {{(pid=121577) _notify_loop /usr/local/lib/python3.8/dist-packages/neutron_lib/callbacks/manager.py:176}}
Apr 12 18:49:14 ubuntu neutron-server[121332]: DEBUG ovsdbapp.backend.ovs_idl [None req-2a312730-81a5-48ef-87bd-f2ec8ba76156 None None] Created schema index Port_Group.name {{(pid=121332) autocreate_indices /usr/local/lib/python3.8/dist-packages/ovsdbapp/backend/ovs_idl/__init__.py:104}}
Apr 12 18:49:14 ubuntu neutron-server[121332]: DEBUG ovsdbapp.backend.ovs_idl [None req-2a312730-81a5-48ef-87bd-f2ec8ba76156 None None] Created schema index Logical_Switch_Port.name {{(pid=121332) autocreate_indices /usr/local/lib/python3.8/dist-packages/ovsdbapp/backend/ovs_idl/__init__.py:104}}
Apr 12 18:49:14 ubuntu neutron-server[121576]: INFO neutron.plugins.ml2.drivers.ovn.mech_driver.ovsdb.impl_idl_ovn [None req-b0c13bea-bfd5-4ec5-9e9c-b148ff7497f8 None None] Getting OvsdbNbOvnIdl for WorkerService with retry
Apr 12 18:49:14 ubuntu neutron-server[121577]: INFO neutron.plugins.ml2.drivers.ovn.mech_driver.ovsdb.impl_idl_ovn [None req-cbcfb2cd-6896-4c0e-aaca-cc87e59ee179 None None] Getting OvsdbNbOvnIdl for WorkerService with retry
Apr 12 18:49:14 ubuntu neutron-server[121576]: DEBUG ovsdbapp.backend.ovs_idl [None req-b0c13bea-bfd5-4ec5-9e9c-b148ff7497f8 None None] Created lookup_table index Logical_Switch.name {{(pid=121576) autocreate_indices /usr/local/lib/python3.8/dist-packages/ovsdbapp/backend/ovs_idl/__init__.py:85}}
Apr 12 18:49:14 ubuntu neutron-server[121576]: DEBUG ovsdbapp.backend.ovs_idl [None req-b0c13bea-bfd5-4ec5-9e9c-b148ff7497f8 None None] Created lookup_table index Logical_Router.name {{(pid=121576) autocreate_indices /usr/local/lib/python3.8/dist-packages/ovsdbapp/backend/ovs_idl/__init__.py:85}}
Apr 12 18:49:14 ubuntu neutron-server[121576]: DEBUG ovsdbapp.backend.ovs_idl [None req-b0c13bea-bfd5-4ec5-9e9c-b148ff7497f8 None None] Created lookup_table index Load_Balancer.name {{(pid=121576) autocreate_indices /usr/local/lib/python3.8/dist-packages/ovsdbapp/backend/ovs_idl/__init__.py:85}}
Apr 12 18:49:14 ubuntu neutron-server[121576]: DEBUG ovsdbapp.backend.ovs_idl [None req-b0c13bea-bfd5-4ec5-9e9c-b148ff7497f8 None None] Created schema index Meter.name {{(pid=121576) autocreate_indices /usr/local/lib/python3.8/dist-packages/ovsdbapp/backend/ovs_idl/__init__.py:104}}
Apr 12 18:49:14 ubuntu neutron-server[121576]: DEBUG ovsdbapp.backend.ovs_idl [None req-b0c13bea-bfd5-4ec5-9e9c-b148ff7497f8 None None] Created schema index Address_Set.name {{(pid=121576) autocreate_indices /usr/local/lib/python3.8/dist-packages/ovsdbapp/backend/ovs_idl/__init__.py:104}}
Apr 12 18:49:14 ubuntu neutron-server[121576]: DEBUG ovsdbapp.backend.ovs_idl [None req-b0c13bea-bfd5-4ec5-9e9c-b148ff7497f8 None None] Created schema index HA_Chassis_Group.name {{(pid=121576) autocreate_indices /usr/local/lib/python3.8/dist-packages/ovsdbapp/backend/ovs_idl/__init__.py:104}}
Apr 12 18:49:14 ubuntu neutron-server[121576]: DEBUG ovsdbapp.backend.ovs_idl [None req-b0c13bea-bfd5-4ec5-9e9c-b148ff7497f8 None None] Created schema index Connection.target {{(pid=121576) autocreate_indices /usr/local/lib/python3.8/dist-packages/ovsdbapp/backend/ovs_idl/__init__.py:104}}
Apr 12 18:49:14 ubuntu neutron-server[121576]: DEBUG ovsdbapp.backend.ovs_idl [None req-b0c13bea-bfd5-4ec5-9e9c-b148ff7497f8 None None] Created schema index Gateway_Chassis.name {{(pid=121576) autocreate_indices /usr/local/lib/python3.8/dist-packages/ovsdbapp/backend/ovs_idl/__init__.py:104}}
Apr 12 18:49:14 ubuntu neutron-server[121576]: DEBUG ovsdbapp.backend.ovs_idl [None req-b0c13bea-bfd5-4ec5-9e9c-b148ff7497f8 None None] Created schema index Logical_Router_Port.name {{(pid=121576) autocreate_indices /usr/local/lib/python3.8/dist-packages/ovsdbapp/backend/ovs_idl/__init__.py:104}}
Apr 12 18:49:14 ubuntu neutron-server[121576]: DEBUG ovsdbapp.backend.ovs_idl [None req-b0c13bea-bfd5-4ec5-9e9c-b148ff7497f8 None None] Created schema index Port_Group.name {{(pid=121576) autocreate_indices /usr/local/lib/python3.8/dist-packages/ovsdbapp/backend/ovs_idl/__init__.py:104}}
Apr 12 18:49:14 ubuntu neutron-server[121576]: DEBUG ovsdbapp.backend.ovs_idl [None req-b0c13bea-bfd5-4ec5-9e9c-b148ff7497f8 None None] Created schema index Logical_Switch_Port.name {{(pid=121576) autocreate_indices /usr/local/lib/python3.8/dist-packages/ovsdbapp/backend/ovs_idl/__init__.py:104}}
Apr 12 18:49:14 ubuntu neutron-server[121576]: INFO ovsdbapp.backend.ovs_idl.vlog [None req-b0c13bea-bfd5-4ec5-9e9c-b148ff7497f8 None None] tcp:192.168.79.40:6641: connecting...
Apr 12 18:49:14 ubuntu neutron-server[121576]: INFO ovsdbapp.backend.ovs_idl.vlog [None req-b0c13bea-bfd5-4ec5-9e9c-b148ff7497f8 None None] tcp:192.168.79.40:6641: connected
Apr 12 18:49:14 ubuntu neutron-server[121577]: DEBUG ovsdbapp.backend.ovs_idl [None req-cbcfb2cd-6896-4c0e-aaca-cc87e59ee179 None None] Created lookup_table index Logical_Switch.name {{(pid=121577) autocreate_indices /usr/local/lib/python3.8/dist-packages/ovsdbapp/backend/ovs_idl/__init__.py:85}}
Apr 12 18:49:14 ubuntu neutron-server[121577]: DEBUG ovsdbapp.backend.ovs_idl [None req-cbcfb2cd-6896-4c0e-aaca-cc87e59ee179 None None] Created lookup_table index Logical_Router.name {{(pid=121577) autocreate_indices /usr/local/lib/python3.8/dist-packages/ovsdbapp/backend/ovs_idl/__init__.py:85}}
Apr 12 18:49:14 ubuntu neutron-server[121577]: DEBUG ovsdbapp.backend.ovs_idl [None req-cbcfb2cd-6896-4c0e-aaca-cc87e59ee179 None None] Created lookup_table index Load_Balancer.name {{(pid=121577) autocreate_indices /usr/local/lib/python3.8/dist-packages/ovsdbapp/backend/ovs_idl/__init__.py:85}}
Apr 12 18:49:14 ubuntu neutron-server[121577]: DEBUG ovsdbapp.backend.ovs_idl [None req-cbcfb2cd-6896-4c0e-aaca-cc87e59ee179 None None] Created schema index Meter.name {{(pid=121577) autocreate_indices /usr/local/lib/python3.8/dist-packages/ovsdbapp/backend/ovs_idl/__init__.py:104}}
Apr 12 18:49:14 ubuntu neutron-server[121577]: DEBUG ovsdbapp.backend.ovs_idl [None req-cbcfb2cd-6896-4c0e-aaca-cc87e59ee179 None None] Created schema index Address_Set.name {{(pid=121577) autocreate_indices /usr/local/lib/python3.8/dist-packages/ovsdbapp/backend/ovs_idl/__init__.py:104}}
Apr 12 18:49:14 ubuntu neutron-server[121577]: DEBUG ovsdbapp.backend.ovs_idl [None req-cbcfb2cd-6896-4c0e-aaca-cc87e59ee179 None None] Created schema index HA_Chassis_Group.name {{(pid=121577) autocreate_indices /usr/local/lib/python3.8/dist-packages/ovsdbapp/backend/ovs_idl/__init__.py:104}}
Apr 12 18:49:14 ubuntu neutron-server[121577]: DEBUG ovsdbapp.backend.ovs_idl [None req-cbcfb2cd-6896-4c0e-aaca-cc87e59ee179 None None] Created schema index Connection.target {{(pid=121577) autocreate_indices /usr/local/lib/python3.8/dist-packages/ovsdbapp/backend/ovs_idl/__init__.py:104}}
Apr 12 18:49:14 ubuntu neutron-server[121577]: DEBUG ovsdbapp.backend.ovs_idl [None req-cbcfb2cd-6896-4c0e-aaca-cc87e59ee179 None None] Created schema index Gateway_Chassis.name {{(pid=121577) autocreate_indices /usr/local/lib/python3.8/dist-packages/ovsdbapp/backend/ovs_idl/__init__.py:104}}
Apr 12 18:49:14 ubuntu neutron-server[121577]: DEBUG ovsdbapp.backend.ovs_idl [None req-cbcfb2cd-6896-4c0e-aaca-cc87e59ee179 None None] Created schema index Logical_Router_Port.name {{(pid=121577) autocreate_indices /usr/local/lib/python3.8/dist-packages/ovsdbapp/backend/ovs_idl/__init__.py:104}}
Apr 12 18:49:14 ubuntu neutron-server[121577]: DEBUG ovsdbapp.backend.ovs_idl [None req-cbcfb2cd-6896-4c0e-aaca-cc87e59ee179 None None] Created schema index Port_Group.name {{(pid=121577) autocreate_indices /usr/local/lib/python3.8/dist-packages/ovsdbapp/backend/ovs_idl/__init__.py:104}}
Apr 12 18:49:14 ubuntu neutron-server[121577]: DEBUG ovsdbapp.backend.ovs_idl [None req-cbcfb2cd-6896-4c0e-aaca-cc87e59ee179 None None] Created schema index Logical_Switch_Port.name {{(pid=121577) autocreate_indices /usr/local/lib/python3.8/dist-packages/ovsdbapp/backend/ovs_idl/__init__.py:104}}
Apr 12 18:49:14 ubuntu neutron-server[121577]: INFO ovsdbapp.backend.ovs_idl.vlog [None req-cbcfb2cd-6896-4c0e-aaca-cc87e59ee179 None None] tcp:192.168.79.40:6641: connecting...
Apr 12 18:49:14 ubuntu neutron-server[121577]: INFO ovsdbapp.backend.ovs_idl.vlog [None req-cbcfb2cd-6896-4c0e-aaca-cc87e59ee179 None None] tcp:192.168.79.40:6641: connected
Apr 12 18:49:14 ubuntu neutron-server[121332]: DEBUG ovsdbapp.backend.ovs_idl.transaction [-] Running txn n=1 command(idx=0): PgAddCommand(name=neutron_pg_drop, may_exist=True, columns={'acls': []}) {{(pid=121332) do_commit /usr/local/lib/python3.8/dist-packages/ovsdbapp/backend/ovs_idl/transaction.py:90}}
Apr 12 18:49:14 ubuntu neutron-server[121332]: DEBUG ovsdbapp.backend.ovs_idl.transaction [-] Running txn n=1 command(idx=1): PgAclAddCommand(entity=neutron_pg_drop, direction=from-lport, priority=1001, match=inport == @neutron_pg_drop && ip, action=drop, log=False, may_exist=True, severity=[], name=[], meter=None, external_ids={}) {{(pid=121332) do_commit /usr/local/lib/python3.8/dist-packages/ovsdbapp/backend/ovs_idl/transaction.py:90}}
Apr 12 18:49:14 ubuntu neutron-server[121332]: DEBUG ovsdbapp.backend.ovs_idl.transaction [-] Running txn n=1 command(idx=2): PgAclAddCommand(entity=neutron_pg_drop, direction=to-lport, priority=1001, match=outport == @neutron_pg_drop && ip, action=drop, log=False, may_exist=True, severity=[], name=[], meter=None, external_ids={}) {{(pid=121332) do_commit /usr/local/lib/python3.8/dist-packages/ovsdbapp/backend/ovs_idl/transaction.py:90}}
Apr 12 18:49:14 ubuntu neutron-server[121332]: DEBUG ovsdbapp.backend.ovs_idl.event [-] Matched CREATE: NeutronPgDropPortGroupCreated(events=('create',), table='Port_Group', conditions=(('name', '=', 'neutron_pg_drop'),), old_conditions=None), priority=10 to row=Port_Group(name=neutron_pg_drop, ports=[], external_ids={}, acls=[<ovs.db.idl.Row object at 0x7f5a2cca8460>, <ovs.db.idl.Row object at 0x7f5a2cca5160>]) old= {{(pid=121332) matches /usr/local/lib/python3.8/dist-packages/ovsdbapp/backend/ovs_idl/event.py:43}}
Apr 12 18:49:14 ubuntu neutron-server[121332]: DEBUG ovsdbapp.backend.ovs_idl [None req-2a312730-81a5-48ef-87bd-f2ec8ba76156 None None] Created lookup_table index Logical_Switch.name {{(pid=121332) autocreate_indices /usr/local/lib/python3.8/dist-packages/ovsdbapp/backend/ovs_idl/__init__.py:85}}
Apr 12 18:49:14 ubuntu neutron-server[121332]: DEBUG ovsdbapp.backend.ovs_idl [None req-2a312730-81a5-48ef-87bd-f2ec8ba76156 None None] Created lookup_table index Logical_Router.name {{(pid=121332) autocreate_indices /usr/local/lib/python3.8/dist-packages/ovsdbapp/backend/ovs_idl/__init__.py:85}}
Apr 12 18:49:14 ubuntu neutron-server[121332]: DEBUG ovsdbapp.backend.ovs_idl [None req-2a312730-81a5-48ef-87bd-f2ec8ba76156 None None] Created lookup_table index Load_Balancer.name {{(pid=121332) autocreate_indices /usr/local/lib/python3.8/dist-packages/ovsdbapp/backend/ovs_idl/__init__.py:85}}
Apr 12 18:49:14 ubuntu neutron-server[121332]: DEBUG ovsdbapp.backend.ovs_idl [None req-2a312730-81a5-48ef-87bd-f2ec8ba76156 None None] Created schema index Meter.name {{(pid=121332) autocreate_indices /usr/local/lib/python3.8/dist-packages/ovsdbapp/backend/ovs_idl/__init__.py:104}}
Apr 12 18:49:14 ubuntu neutron-server[121332]: DEBUG ovsdbapp.backend.ovs_idl [None req-2a312730-81a5-48ef-87bd-f2ec8ba76156 None None] Created schema index Address_Set.name {{(pid=121332) autocreate_indices /usr/local/lib/python3.8/dist-packages/ovsdbapp/backend/ovs_idl/__init__.py:104}}
Apr 12 18:49:14 ubuntu neutron-server[121332]: DEBUG ovsdbapp.backend.ovs_idl [None req-2a312730-81a5-48ef-87bd-f2ec8ba76156 None None] Created schema index HA_Chassis_Group.name {{(pid=121332) autocreate_indices /usr/local/lib/python3.8/dist-packages/ovsdbapp/backend/ovs_idl/__init__.py:104}}
Apr 12 18:49:14 ubuntu neutron-server[121332]: DEBUG ovsdbapp.backend.ovs_idl [None req-2a312730-81a5-48ef-87bd-f2ec8ba76156 None None] Created schema index Connection.target {{(pid=121332) autocreate_indices /usr/local/lib/python3.8/dist-packages/ovsdbapp/backend/ovs_idl/__init__.py:104}}
Apr 12 18:49:14 ubuntu neutron-server[121332]: DEBUG ovsdbapp.backend.ovs_idl [None req-2a312730-81a5-48ef-87bd-f2ec8ba76156 None None] Created schema index Gateway_Chassis.name {{(pid=121332) autocreate_indices /usr/local/lib/python3.8/dist-packages/ovsdbapp/backend/ovs_idl/__init__.py:104}}
Apr 12 18:49:14 ubuntu neutron-server[121332]: DEBUG ovsdbapp.backend.ovs_idl [None req-2a312730-81a5-48ef-87bd-f2ec8ba76156 None None] Created schema index Logical_Router_Port.name {{(pid=121332) autocreate_indices /usr/local/lib/python3.8/dist-packages/ovsdbapp/backend/ovs_idl/__init__.py:104}}
Apr 12 18:49:14 ubuntu neutron-server[121332]: DEBUG ovsdbapp.backend.ovs_idl [None req-2a312730-81a5-48ef-87bd-f2ec8ba76156 None None] Created schema index Port_Group.name {{(pid=121332) autocreate_indices /usr/local/lib/python3.8/dist-packages/ovsdbapp/backend/ovs_idl/__init__.py:104}}
Apr 12 18:49:14 ubuntu neutron-server[121332]: DEBUG ovsdbapp.backend.ovs_idl [None req-2a312730-81a5-48ef-87bd-f2ec8ba76156 None None] Created schema index Logical_Switch_Port.name {{(pid=121332) autocreate_indices /usr/local/lib/python3.8/dist-packages/ovsdbapp/backend/ovs_idl/__init__.py:104}}
Apr 12 18:49:14 ubuntu neutron-server[121576]: DEBUG neutron.common.ovn.hash_ring_manager [None req-b0c13bea-bfd5-4ec5-9e9c-b148ff7497f8 None None] Allow caching, nodes 2>=2 {{(pid=121576) _wait_startup_before_caching /opt/stack/neutron/neutron/common/ovn/hash_ring_manager.py:60}}
Apr 12 18:49:14 ubuntu neutron-server[121576]: DEBUG neutron.plugins.ml2.drivers.ovn.mech_driver.ovsdb.ovsdb_monitor [None req-b0c13bea-bfd5-4ec5-9e9c-b148ff7497f8 None None] Hash Ring: Node 507b524a-255c-4e77-a63d-76e39f62f735 (host: ubuntu) handling event "create" for row 327142b0-718c-4af2-b878-0dde40041c10 (table: Database) {{(pid=121576) notify /opt/stack/neutron/neutron/plugins/ml2/drivers/ovn/mech_driver/ovsdb/ovsdb_monitor.py:805}}
Apr 12 18:49:14 ubuntu neutron-server[121576]: DEBUG neutron.plugins.ml2.drivers.ovn.mech_driver.ovsdb.ovsdb_monitor [None req-b0c13bea-bfd5-4ec5-9e9c-b148ff7497f8 None None] Hash Ring: Node 507b524a-255c-4e77-a63d-76e39f62f735 (host: ubuntu) handling event "create" for row 0b161126-2d8a-460b-a195-3a0f90b91e80 (table: Database) {{(pid=121576) notify /opt/stack/neutron/neutron/plugins/ml2/drivers/ovn/mech_driver/ovsdb/ovsdb_monitor.py:805}}
Apr 12 18:49:14 ubuntu neutron-server[121576]: DEBUG neutron.plugins.ml2.drivers.ovn.mech_driver.ovsdb.ovsdb_monitor [None req-b0c13bea-bfd5-4ec5-9e9c-b148ff7497f8 None None] Hash Ring: Node 507b524a-255c-4e77-a63d-76e39f62f735 (host: ubuntu) handling event "create" for row c1faefcd-a3f0-468f-aab9-2db1e3715e97 (table: Port_Group) {{(pid=121576) notify /opt/stack/neutron/neutron/plugins/ml2/drivers/ovn/mech_driver/ovsdb/ovsdb_monitor.py:805}}
Apr 12 18:49:14 ubuntu neutron-server[121576]: DEBUG neutron.plugins.ml2.drivers.ovn.mech_driver.ovsdb.ovsdb_monitor [None req-b0c13bea-bfd5-4ec5-9e9c-b148ff7497f8 None None] Hash Ring: Node 507b524a-255c-4e77-a63d-76e39f62f735 (host: ubuntu) handling event "create" for row 67feee65-f99c-4c13-8d92-b8b199ae03f7 (table: ACL) {{(pid=121576) notify /opt/stack/neutron/neutron/plugins/ml2/drivers/ovn/mech_driver/ovsdb/ovsdb_monitor.py:805}}
Apr 12 18:49:14 ubuntu neutron-server[121576]: DEBUG neutron.plugins.ml2.drivers.ovn.mech_driver.ovsdb.ovsdb_monitor [None req-b0c13bea-bfd5-4ec5-9e9c-b148ff7497f8 None None] Hash Ring: Node 507b524a-255c-4e77-a63d-76e39f62f735 (host: ubuntu) handling event "create" for row 3c133a59-cfe2-4b22-97ca-0a5c56648f7f (table: ACL) {{(pid=121576) notify /opt/stack/neutron/neutron/plugins/ml2/drivers/ovn/mech_driver/ovsdb/ovsdb_monitor.py:805}}
Apr 12 18:49:14 ubuntu neutron-server[121576]: DEBUG neutron.plugins.ml2.drivers.ovn.mech_driver.ovsdb.ovsdb_monitor [None req-b0c13bea-bfd5-4ec5-9e9c-b148ff7497f8 None None] Hash Ring: Node 507b524a-255c-4e77-a63d-76e39f62f735 (host: ubuntu) handling event "create" for row a88882f9-9053-404d-9160-4ddecadc5a81 (table: Connection) {{(pid=121576) notify /opt/stack/neutron/neutron/plugins/ml2/drivers/ovn/mech_driver/ovsdb/ovsdb_monitor.py:805}}
Apr 12 18:49:14 ubuntu neutron-server[121576]: INFO neutron.plugins.ml2.drivers.ovn.mech_driver.ovsdb.impl_idl_ovn [None req-b0c13bea-bfd5-4ec5-9e9c-b148ff7497f8 None None] Getting OvsdbSbOvnIdl for WorkerService with retry
Apr 12 18:49:14 ubuntu neutron-server[121576]: DEBUG ovsdbapp.backend.ovs_idl [None req-b0c13bea-bfd5-4ec5-9e9c-b148ff7497f8 None None] Created lookup_table index Chassis.name {{(pid=121576) autocreate_indices /usr/local/lib/python3.8/dist-packages/ovsdbapp/backend/ovs_idl/__init__.py:85}}
Apr 12 18:49:14 ubuntu neutron-server[121576]: DEBUG ovsdbapp.backend.ovs_idl [None req-b0c13bea-bfd5-4ec5-9e9c-b148ff7497f8 None None] Created schema index Datapath_Binding.tunnel_key {{(pid=121576) autocreate_indices /usr/local/lib/python3.8/dist-packages/ovsdbapp/backend/ovs_idl/__init__.py:104}}
Apr 12 18:49:14 ubuntu neutron-server[121576]: DEBUG ovsdbapp.backend.ovs_idl [None req-b0c13bea-bfd5-4ec5-9e9c-b148ff7497f8 None None] Created schema index Connection.target {{(pid=121576) autocreate_indices /usr/local/lib/python3.8/dist-packages/ovsdbapp/backend/ovs_idl/__init__.py:104}}
Apr 12 18:49:14 ubuntu neutron-server[121577]: DEBUG neutron.common.ovn.hash_ring_manager [None req-cbcfb2cd-6896-4c0e-aaca-cc87e59ee179 None None] Allow caching, nodes 2>=2 {{(pid=121577) _wait_startup_before_caching /opt/stack/neutron/neutron/common/ovn/hash_ring_manager.py:60}}
Apr 12 18:49:14 ubuntu neutron-server[121576]: INFO ovsdbapp.backend.ovs_idl.vlog [None req-b0c13bea-bfd5-4ec5-9e9c-b148ff7497f8 None None] tcp:192.168.79.40:6642: connecting...
Apr 12 18:49:14 ubuntu neutron-server[121576]: INFO ovsdbapp.backend.ovs_idl.vlog [None req-b0c13bea-bfd5-4ec5-9e9c-b148ff7497f8 None None] tcp:192.168.79.40:6642: connected
Apr 12 18:49:14 ubuntu neutron-server[121332]: DEBUG ovsdbapp.backend.ovs_idl [None req-2a312730-81a5-48ef-87bd-f2ec8ba76156 None None] Created lookup_table index Chassis.name {{(pid=121332) autocreate_indices /usr/local/lib/python3.8/dist-packages/ovsdbapp/backend/ovs_idl/__init__.py:85}}
Apr 12 18:49:14 ubuntu neutron-server[121332]: DEBUG ovsdbapp.backend.ovs_idl [None req-2a312730-81a5-48ef-87bd-f2ec8ba76156 None None] Created lookup_table index MAC_Binding.ip {{(pid=121332) autocreate_indices /usr/local/lib/python3.8/dist-packages/ovsdbapp/backend/ovs_idl/__init__.py:85}}
Apr 12 18:49:14 ubuntu neutron-server[121332]: DEBUG ovsdbapp.backend.ovs_idl [None req-2a312730-81a5-48ef-87bd-f2ec8ba76156 None None] Created schema index Meter.name {{(pid=121332) autocreate_indices /usr/local/lib/python3.8/dist-packages/ovsdbapp/backend/ovs_idl/__init__.py:104}}
Apr 12 18:49:14 ubuntu neutron-server[121332]: DEBUG ovsdbapp.backend.ovs_idl [None req-2a312730-81a5-48ef-87bd-f2ec8ba76156 None None] Created schema index Address_Set.name {{(pid=121332) autocreate_indices /usr/local/lib/python3.8/dist-packages/ovsdbapp/backend/ovs_idl/__init__.py:104}}
Apr 12 18:49:14 ubuntu neutron-server[121332]: DEBUG ovsdbapp.backend.ovs_idl [None req-2a312730-81a5-48ef-87bd-f2ec8ba76156 None None] Created schema index HA_Chassis_Group.name {{(pid=121332) autocreate_indices /usr/local/lib/python3.8/dist-packages/ovsdbapp/backend/ovs_idl/__init__.py:104}}
Apr 12 18:49:14 ubuntu neutron-server[121332]: DEBUG ovsdbapp.backend.ovs_idl [None req-2a312730-81a5-48ef-87bd-f2ec8ba76156 None None] Created schema index IP_Multicast.datapath {{(pid=121332) autocreate_indices /usr/local/lib/python3.8/dist-packages/ovsdbapp/backend/ovs_idl/__init__.py:104}}
Apr 12 18:49:14 ubuntu neutron-server[121332]: DEBUG ovsdbapp.backend.ovs_idl [None req-2a312730-81a5-48ef-87bd-f2ec8ba76156 None None] Created schema index Connection.target {{(pid=121332) autocreate_indices /usr/local/lib/python3.8/dist-packages/ovsdbapp/backend/ovs_idl/__init__.py:104}}
Apr 12 18:49:14 ubuntu neutron-server[121332]: DEBUG ovsdbapp.backend.ovs_idl [None req-2a312730-81a5-48ef-87bd-f2ec8ba76156 None None] Created schema index Gateway_Chassis.name {{(pid=121332) autocreate_indices /usr/local/lib/python3.8/dist-packages/ovsdbapp/backend/ovs_idl/__init__.py:104}}
Apr 12 18:49:14 ubuntu neutron-server[121332]: DEBUG ovsdbapp.backend.ovs_idl [None req-2a312730-81a5-48ef-87bd-f2ec8ba76156 None None] Created schema index Port_Group.name {{(pid=121332) autocreate_indices /usr/local/lib/python3.8/dist-packages/ovsdbapp/backend/ovs_idl/__init__.py:104}}
Apr 12 18:49:14 ubuntu neutron-server[121332]: DEBUG ovsdbapp.backend.ovs_idl [None req-2a312730-81a5-48ef-87bd-f2ec8ba76156 None None] Created schema index Datapath_Binding.tunnel_key {{(pid=121332) autocreate_indices /usr/local/lib/python3.8/dist-packages/ovsdbapp/backend/ovs_idl/__init__.py:104}}
Apr 12 18:49:14 ubuntu neutron-server[121577]: DEBUG neutron.plugins.ml2.drivers.ovn.mech_driver.ovsdb.ovsdb_monitor [None req-cbcfb2cd-6896-4c0e-aaca-cc87e59ee179 None None] Hash Ring: Node 3376b71a-85e3-4661-a91c-1632391b3d51 (host: ubuntu) handling event "create" for row 1a52261d-3ae9-4ad7-801a-ff185123a406 (table: NB_Global) {{(pid=121577) notify /opt/stack/neutron/neutron/plugins/ml2/drivers/ovn/mech_driver/ovsdb/ovsdb_monitor.py:805}}
Apr 12 18:49:14 ubuntu neutron-server[121577]: INFO neutron.plugins.ml2.drivers.ovn.mech_driver.ovsdb.impl_idl_ovn [None req-cbcfb2cd-6896-4c0e-aaca-cc87e59ee179 None None] Getting OvsdbSbOvnIdl for WorkerService with retry
Apr 12 18:49:14 ubuntu neutron-server[121577]: DEBUG ovsdbapp.backend.ovs_idl [None req-cbcfb2cd-6896-4c0e-aaca-cc87e59ee179 None None] Created lookup_table index Chassis.name {{(pid=121577) autocreate_indices /usr/local/lib/python3.8/dist-packages/ovsdbapp/backend/ovs_idl/__init__.py:85}}
Apr 12 18:49:14 ubuntu neutron-server[121577]: DEBUG ovsdbapp.backend.ovs_idl [None req-cbcfb2cd-6896-4c0e-aaca-cc87e59ee179 None None] Created schema index Datapath_Binding.tunnel_key {{(pid=121577) autocreate_indices /usr/local/lib/python3.8/dist-packages/ovsdbapp/backend/ovs_idl/__init__.py:104}}
Apr 12 18:49:14 ubuntu neutron-server[121577]: DEBUG ovsdbapp.backend.ovs_idl [None req-cbcfb2cd-6896-4c0e-aaca-cc87e59ee179 None None] Created schema index Connection.target {{(pid=121577) autocreate_indices /usr/local/lib/python3.8/dist-packages/ovsdbapp/backend/ovs_idl/__init__.py:104}}
Apr 12 18:49:14 ubuntu neutron-server[121577]: INFO ovsdbapp.backend.ovs_idl.vlog [None req-cbcfb2cd-6896-4c0e-aaca-cc87e59ee179 None None] tcp:192.168.79.40:6642: connecting...
Apr 12 18:49:14 ubuntu neutron-server[121577]: INFO ovsdbapp.backend.ovs_idl.vlog [None req-cbcfb2cd-6896-4c0e-aaca-cc87e59ee179 None None] tcp:192.168.79.40:6642: connected
Apr 12 18:49:14 ubuntu neutron-server[121576]: DEBUG neutron.common.ovn.hash_ring_manager [None req-b0c13bea-bfd5-4ec5-9e9c-b148ff7497f8 None None] Allow caching, nodes 2>=2 {{(pid=121576) _wait_startup_before_caching /opt/stack/neutron/neutron/common/ovn/hash_ring_manager.py:60}}
Apr 12 18:49:14 ubuntu neutron-server[121576]: DEBUG neutron.plugins.ml2.drivers.ovn.mech_driver.ovsdb.ovsdb_monitor [None req-b0c13bea-bfd5-4ec5-9e9c-b148ff7497f8 None None] Hash Ring: Node 507b524a-255c-4e77-a63d-76e39f62f735 (host: ubuntu) handling event "create" for row 93fd164f-08ec-41c8-a699-09b1e8e9611a (table: Encap) {{(pid=121576) notify /opt/stack/neutron/neutron/plugins/ml2/drivers/ovn/mech_driver/ovsdb/ovsdb_monitor.py:805}}
Apr 12 18:49:14 ubuntu neutron-server[121576]: DEBUG neutron.plugins.ml2.drivers.ovn.mech_driver.ovsdb.ovsdb_monitor [None req-b0c13bea-bfd5-4ec5-9e9c-b148ff7497f8 None None] ChassisMetadataAgentWriteEvent : Matched Chassis, create, None None {{(pid=121576) matches /opt/stack/neutron/neutron/plugins/ml2/drivers/ovn/mech_driver/ovsdb/ovsdb_monitor.py:61}}
Apr 12 18:49:14 ubuntu neutron-server[121576]: DEBUG neutron.plugins.ml2.drivers.ovn.mech_driver.ovsdb.ovsdb_monitor [None req-b0c13bea-bfd5-4ec5-9e9c-b148ff7497f8 None None] ChassisAgentWriteEvent : Matched Chassis, create, None None {{(pid=121576) matches /opt/stack/neutron/neutron/plugins/ml2/drivers/ovn/mech_driver/ovsdb/ovsdb_monitor.py:61}}
Apr 12 18:49:14 ubuntu neutron-server[121576]: DEBUG neutron.plugins.ml2.drivers.ovn.mech_driver.ovsdb.ovsdb_monitor [None req-b0c13bea-bfd5-4ec5-9e9c-b148ff7497f8 None None] Hash Ring: Node 507b524a-255c-4e77-a63d-76e39f62f735 (host: ubuntu) handling event "create" for row 8ccf1858-22a1-422b-9f34-5b32b5bed45d (table: Chassis) {{(pid=121576) notify /opt/stack/neutron/neutron/plugins/ml2/drivers/ovn/mech_driver/ovsdb/ovsdb_monitor.py:805}}
Apr 12 18:49:14 ubuntu neutron-server[121332]: INFO oslo_service.service [None req-2a312730-81a5-48ef-87bd-f2ec8ba76156 None None] Starting 1 workers
Apr 12 18:49:14 ubuntu neutron-server[121576]: DEBUG neutron.plugins.ml2.drivers.ovn.mech_driver.ovsdb.ovsdb_monitor [None req-b0c13bea-bfd5-4ec5-9e9c-b148ff7497f8 None None] Hash Ring: Node 507b524a-255c-4e77-a63d-76e39f62f735 (host: ubuntu) handling event "create" for row d8408781-4fb5-4caf-b70a-bc0f331bc2c0 (table: Connection) {{(pid=121576) notify /opt/stack/neutron/neutron/plugins/ml2/drivers/ovn/mech_driver/ovsdb/ovsdb_monitor.py:805}}
Apr 12 18:49:14 ubuntu neutron-server[121577]: DEBUG neutron.common.ovn.hash_ring_manager [None req-cbcfb2cd-6896-4c0e-aaca-cc87e59ee179 None None] Allow caching, nodes 2>=2 {{(pid=121577) _wait_startup_before_caching /opt/stack/neutron/neutron/common/ovn/hash_ring_manager.py:60}}
Apr 12 18:49:14 ubuntu neutron-server[121576]: INFO neutron.wsgi [-] (121576) wsgi starting up on http://0.0.0.0:9696
Apr 12 18:49:14 ubuntu neutron-server[121332]: DEBUG oslo_service.service [None req-2a312730-81a5-48ef-87bd-f2ec8ba76156 None None] Started child 121579 {{(pid=121332) _start_child /usr/local/lib/python3.8/dist-packages/oslo_service/service.py:575}}
Apr 12 18:49:14 ubuntu neutron-server[121577]: DEBUG neutron.plugins.ml2.drivers.ovn.mech_driver.ovsdb.ovsdb_monitor [None req-cbcfb2cd-6896-4c0e-aaca-cc87e59ee179 None None] Hash Ring: Node 3376b71a-85e3-4661-a91c-1632391b3d51 (host: ubuntu) handling event "create" for row 297fb572-ff75-489a-9494-b6730ad37620 (table: Database) {{(pid=121577) notify /opt/stack/neutron/neutron/plugins/ml2/drivers/ovn/mech_driver/ovsdb/ovsdb_monitor.py:805}}
Apr 12 18:49:14 ubuntu neutron-server[121332]: INFO oslo_service.service [None req-2a312730-81a5-48ef-87bd-f2ec8ba76156 None None] Starting 1 workers
Apr 12 18:49:14 ubuntu neutron-server[121577]: DEBUG neutron.plugins.ml2.drivers.ovn.mech_driver.ovsdb.ovsdb_monitor [None req-cbcfb2cd-6896-4c0e-aaca-cc87e59ee179 None None] Hash Ring: Node 3376b71a-85e3-4661-a91c-1632391b3d51 (host: ubuntu) handling event "create" for row 3ec522a5-4257-442e-802d-0a66a1d8ae34 (table: Database) {{(pid=121577) notify /opt/stack/neutron/neutron/plugins/ml2/drivers/ovn/mech_driver/ovsdb/ovsdb_monitor.py:805}}
Apr 12 18:49:14 ubuntu neutron-server[121577]: DEBUG neutron.plugins.ml2.drivers.ovn.mech_driver.ovsdb.ovsdb_monitor [None req-cbcfb2cd-6896-4c0e-aaca-cc87e59ee179 None None] ChassisMetadataAgentWriteEvent : Matched Chassis, create, None None {{(pid=121577) matches /opt/stack/neutron/neutron/plugins/ml2/drivers/ovn/mech_driver/ovsdb/ovsdb_monitor.py:61}}
Apr 12 18:49:14 ubuntu neutron-server[121577]: DEBUG neutron.plugins.ml2.drivers.ovn.mech_driver.ovsdb.ovsdb_monitor [None req-cbcfb2cd-6896-4c0e-aaca-cc87e59ee179 None None] ChassisAgentWriteEvent : Matched Chassis, create, None None {{(pid=121577) matches /opt/stack/neutron/neutron/plugins/ml2/drivers/ovn/mech_driver/ovsdb/ovsdb_monitor.py:61}}
Apr 12 18:49:14 ubuntu neutron-server[121332]: DEBUG oslo_service.service [None req-2a312730-81a5-48ef-87bd-f2ec8ba76156 None None] Started child 121580 {{(pid=121332) _start_child /usr/local/lib/python3.8/dist-packages/oslo_service/service.py:575}}
Apr 12 18:49:14 ubuntu neutron-server[121579]: DEBUG neutron.service [None req-2a312730-81a5-48ef-87bd-f2ec8ba76156 None None] calling RpcWorker wait() {{(pid=121579) _wait /opt/stack/neutron/neutron/service.py:128}}
Apr 12 18:49:14 ubuntu neutron-server[121332]: INFO oslo_service.service [None req-2a312730-81a5-48ef-87bd-f2ec8ba76156 None None] Starting 1 workers
Apr 12 18:49:14 ubuntu neutron-server[121579]: DEBUG neutron.service [None req-2a312730-81a5-48ef-87bd-f2ec8ba76156 None None] returning from RpcWorker wait() {{(pid=121579) _wait /opt/stack/neutron/neutron/service.py:135}}
Apr 12 18:49:14 ubuntu neutron-server[121577]: INFO neutron.wsgi [-] (121577) wsgi starting up on http://0.0.0.0:9696
Apr 12 18:49:14 ubuntu neutron-server[121579]: DEBUG neutron_lib.callbacks.manager [-] Publish callbacks ['neutron.plugins.ml2.drivers.ovn.mech_driver.mech_driver.OVNMechanismDriver.post_fork_initialize-1516228'] for process (None), after_init {{(pid=121579) _notify_loop /usr/local/lib/python3.8/dist-packages/neutron_lib/callbacks/manager.py:176}}
Apr 12 18:49:14 ubuntu neutron-server[121332]: DEBUG oslo_service.service [None req-2a312730-81a5-48ef-87bd-f2ec8ba76156 None None] Started child 121581 {{(pid=121332) _start_child /usr/local/lib/python3.8/dist-packages/oslo_service/service.py:575}}
Apr 12 18:49:14 ubuntu neutron-server[121579]: INFO neutron.plugins.ml2.drivers.ovn.mech_driver.ovsdb.impl_idl_ovn [-] Getting OvsdbNbOvnIdl for RpcWorker with retry
Apr 12 18:49:14 ubuntu neutron-server[121332]: DEBUG neutron_lib.callbacks.manager [None req-2a312730-81a5-48ef-87bd-f2ec8ba76156 None None] Publish callbacks [] for process (None), after_spawn {{(pid=121332) _notify_loop /usr/local/lib/python3.8/dist-packages/neutron_lib/callbacks/manager.py:176}}
Apr 12 18:49:14 ubuntu neutron-server[121332]: DEBUG oslo_service.service [-] Full set of CONF: {{(pid=121332) wait /usr/local/lib/python3.8/dist-packages/oslo_service/service.py:649}}
Apr 12 18:49:14 ubuntu neutron-server[121332]: DEBUG oslo_service.service [-] ******************************************************************************** {{(pid=121332) log_opt_values /usr/local/lib/python3.8/dist-packages/oslo_config/cfg.py:2589}}
Apr 12 18:49:14 ubuntu neutron-server[121332]: DEBUG oslo_service.service [-] Configuration options gathered from: {{(pid=121332) log_opt_values /usr/local/lib/python3.8/dist-packages/oslo_config/cfg.py:2590}}
Apr 12 18:49:14 ubuntu neutron-server[121332]: DEBUG oslo_service.service [-] command line args: ['--config-file', '/etc/neutron/neutron.conf', '--config-file', '/etc/neutron/plugins/ml2/ml2_conf.ini'] {{(pid=121332) log_opt_values /usr/local/lib/python3.8/dist-packages/oslo_config/cfg.py:2591}}
Apr 12 18:49:14 ubuntu neutron-server[121332]: DEBUG oslo_service.service [-] config files: ['/etc/neutron/neutron.conf', '/etc/neutron/plugins/ml2/ml2_conf.ini'] {{(pid=121332) log_opt_values /usr/local/lib/python3.8/dist-packages/oslo_config/cfg.py:2592}}
Apr 12 18:49:14 ubuntu neutron-server[121332]: DEBUG oslo_service.service [-] ================================================================================ {{(pid=121332) log_opt_values /usr/local/lib/python3.8/dist-packages/oslo_config/cfg.py:2594}}
Apr 12 18:49:14 ubuntu neutron-server[121332]: DEBUG oslo_service.service [-] agent_down_time                = 75 {{(pid=121332) log_opt_values /usr/local/lib/python3.8/dist-packages/oslo_config/cfg.py:2602}}
Apr 12 18:49:14 ubuntu neutron-server[121332]: DEBUG oslo_service.service [-] allow_automatic_dhcp_failover  = True {{(pid=121332) log_opt_values /usr/local/lib/python3.8/dist-packages/oslo_config/cfg.py:2602}}
Apr 12 18:49:14 ubuntu neutron-server[121332]: DEBUG oslo_service.service [-] allow_bulk                     = True {{(pid=121332) log_opt_values /usr/local/lib/python3.8/dist-packages/oslo_config/cfg.py:2602}}
Apr 12 18:49:14 ubuntu neutron-server[121332]: DEBUG oslo_service.service [-] allow_overlapping_ips          = True {{(pid=121332) log_opt_values /usr/local/lib/python3.8/dist-packages/oslo_config/cfg.py:2602}}
