May 13 17:43:06 ubuntu neutron-server[125283]: DEBUG neutron.api.extensions [None req-c03fbe97-5df3-4065-96d7-a1a57285264f None None] Loading extension file: uplink_status_propagation.py {{(pid=125283) _load_all_extensions_from_path /opt/stack/neutron/neutron/api/extensions.py:450}}
May 13 17:43:06 ubuntu neutron-server[125283]: DEBUG neutron.api.extensions [None req-c03fbe97-5df3-4065-96d7-a1a57285264f None None] Ext name="Uplink status propagation extension" alias="uplink-status-propagation" description="Provides ability to propagate port uplink status." updated="2018-05-31T18:00:00-00:00" {{(pid=125283) _check_extension /opt/stack/neutron/neutron/api/extensions.py:416}}
May 13 17:43:06 ubuntu neutron-server[125283]: INFO neutron.api.extensions [None req-c03fbe97-5df3-4065-96d7-a1a57285264f None None] Extension uplink-status-propagation not supported by any of loaded plugins
May 13 17:43:06 ubuntu neutron-server[125283]: DEBUG neutron.api.extensions [None req-c03fbe97-5df3-4065-96d7-a1a57285264f None None] Loading extension file: vlantransparent.py {{(pid=125283) _load_all_extensions_from_path /opt/stack/neutron/neutron/api/extensions.py:450}}
May 13 17:43:06 ubuntu neutron-server[125283]: DEBUG neutron.api.extensions [None req-c03fbe97-5df3-4065-96d7-a1a57285264f None None] Ext name="Vlantransparent" alias="vlan-transparent" description="Provides Vlan Transparent Networks" updated="2015-03-23T09:00:00-00:00" {{(pid=125283) _check_extension /opt/stack/neutron/neutron/api/extensions.py:416}}
May 13 17:43:06 ubuntu neutron-server[125283]: INFO neutron.api.extensions [None req-c03fbe97-5df3-4065-96d7-a1a57285264f None None] Extension vlan-transparent not supported by any of loaded plugins
May 13 17:43:06 ubuntu neutron-server[125283]: INFO neutron.quota.resource_registry [None req-c03fbe97-5df3-4065-96d7-a1a57285264f None None] Creating instance of TrackedResource for resource:network
May 13 17:43:06 ubuntu neutron-server[125283]: INFO neutron.quota.resource_registry [None req-c03fbe97-5df3-4065-96d7-a1a57285264f None None] Creating instance of TrackedResource for resource:subnet
May 13 17:43:06 ubuntu neutron-server[125283]: INFO neutron.quota.resource_registry [None req-c03fbe97-5df3-4065-96d7-a1a57285264f None None] Creating instance of TrackedResource for resource:subnetpool
May 13 17:43:06 ubuntu neutron-server[125283]: INFO neutron.quota.resource_registry [None req-c03fbe97-5df3-4065-96d7-a1a57285264f None None] Creating instance of TrackedResource for resource:port
May 13 17:43:06 ubuntu neutron-server[125283]: DEBUG neutron.api.v2.resource_helper [None req-c03fbe97-5df3-4065-96d7-a1a57285264f None None] Service FLAVORS assigned prefix:  {{(pid=125283) build_resource_info /opt/stack/neutron/neutron/api/v2/resource_helper.py:77}}
May 13 17:43:06 ubuntu neutron-server[125283]: DEBUG neutron.api.v2.resource_helper [None req-c03fbe97-5df3-4065-96d7-a1a57285264f None None] Service L3_ROUTER_NAT assigned prefix:  {{(pid=125283) build_resource_info /opt/stack/neutron/neutron/api/v2/resource_helper.py:77}}
May 13 17:43:06 ubuntu neutron-server[125283]: DEBUG neutron.api.v2.resource_helper [None req-c03fbe97-5df3-4065-96d7-a1a57285264f None None] Service L3_ROUTER_NAT assigned prefix:  {{(pid=125283) build_resource_info /opt/stack/neutron/neutron/api/v2/resource_helper.py:77}}
May 13 17:43:06 ubuntu neutron-server[125283]: INFO neutron.quota.resource_registry [None req-c03fbe97-5df3-4065-96d7-a1a57285264f None None] Creating instance of TrackedResource for resource:router
May 13 17:43:06 ubuntu neutron-server[125283]: INFO neutron.quota.resource_registry [None req-c03fbe97-5df3-4065-96d7-a1a57285264f None None] Creating instance of TrackedResource for resource:floatingip
May 13 17:43:06 ubuntu neutron-server[125283]: DEBUG neutron_lib.callbacks.manager [None req-c03fbe97-5df3-4065-96d7-a1a57285264f None None] Subscribe: <bound method NeutronDbPluginV2.validate_network_rbac_policy_change of <neutron.services.network_ip_availability.plugin.NetworkIPAvailabilityPlugin object at 0x7f96cc0435b0>> rbac-policy before_create 55550000 {{(pid=125283) subscribe /usr/local/lib/python3.8/dist-packages/neutron_lib/callbacks/manager.py:45}}
May 13 17:43:06 ubuntu neutron-server[125283]: DEBUG neutron_lib.callbacks.manager [None req-c03fbe97-5df3-4065-96d7-a1a57285264f None None] Subscribe: <bound method NeutronDbPluginV2.validate_network_rbac_policy_change of <neutron.services.network_ip_availability.plugin.NetworkIPAvailabilityPlugin object at 0x7f96cc0435b0>> rbac-policy before_update 55550000 {{(pid=125283) subscribe /usr/local/lib/python3.8/dist-packages/neutron_lib/callbacks/manager.py:45}}
May 13 17:43:06 ubuntu neutron-server[125283]: DEBUG neutron_lib.callbacks.manager [None req-c03fbe97-5df3-4065-96d7-a1a57285264f None None] Subscribe: <bound method NeutronDbPluginV2.validate_network_rbac_policy_change of <neutron.services.network_ip_availability.plugin.NetworkIPAvailabilityPlugin object at 0x7f96cc0435b0>> rbac-policy before_delete 55550000 {{(pid=125283) subscribe /usr/local/lib/python3.8/dist-packages/neutron_lib/callbacks/manager.py:45}}
May 13 17:43:06 ubuntu neutron-server[125283]: INFO neutron.quota.resource_registry [None req-c03fbe97-5df3-4065-96d7-a1a57285264f None None] Creating instance of CountableResource for resource:rbac_policy
May 13 17:43:06 ubuntu neutron-server[125283]: INFO neutron.quota.resource_registry [None req-c03fbe97-5df3-4065-96d7-a1a57285264f None None] Creating instance of TrackedResource for resource:security_group
May 13 17:43:06 ubuntu neutron-server[125283]: INFO neutron.quota.resource_registry [None req-c03fbe97-5df3-4065-96d7-a1a57285264f None None] Creating instance of TrackedResource for resource:security_group_rule
May 13 17:43:06 ubuntu neutron-server[125283]: DEBUG neutron.api.v2.resource_helper [None req-c03fbe97-5df3-4065-96d7-a1a57285264f None None] Service FLAVORS assigned prefix:  {{(pid=125283) build_resource_info /opt/stack/neutron/neutron/api/v2/resource_helper.py:77}}
May 13 17:43:06 ubuntu neutron-server[125283]: DEBUG neutron.api.v2.resource_helper [None req-c03fbe97-5df3-4065-96d7-a1a57285264f None None] Service L3_ROUTER_NAT assigned prefix:  {{(pid=125283) build_resource_info /opt/stack/neutron/neutron/api/v2/resource_helper.py:77}}
May 13 17:43:06 ubuntu neutron-server[125283]: DEBUG neutron.api.v2.resource_helper [None req-c03fbe97-5df3-4065-96d7-a1a57285264f None None] Service L3_ROUTER_NAT assigned prefix:  {{(pid=125283) build_resource_info /opt/stack/neutron/neutron/api/v2/resource_helper.py:77}}
May 13 17:43:06 ubuntu neutron-server[125283]: INFO neutron.quota.resource_registry [None req-c03fbe97-5df3-4065-96d7-a1a57285264f None None] Creating instance of TrackedResource for resource:router
May 13 17:43:06 ubuntu neutron-server[125283]: WARNING neutron.quota.resource_registry [None req-c03fbe97-5df3-4065-96d7-a1a57285264f None None] router is already registered
May 13 17:43:06 ubuntu neutron-server[125283]: INFO neutron.quota.resource_registry [None req-c03fbe97-5df3-4065-96d7-a1a57285264f None None] Creating instance of TrackedResource for resource:floatingip
May 13 17:43:06 ubuntu neutron-server[125283]: WARNING neutron.quota.resource_registry [None req-c03fbe97-5df3-4065-96d7-a1a57285264f None None] floatingip is already registered
May 13 17:43:06 ubuntu neutron-server[125283]: INFO neutron.quota.resource_registry [None req-c03fbe97-5df3-4065-96d7-a1a57285264f None None] Creating instance of CountableResource for resource:rbac_policy
May 13 17:43:06 ubuntu neutron-server[125283]: WARNING neutron.quota.resource_registry [None req-c03fbe97-5df3-4065-96d7-a1a57285264f None None] rbac_policy is already registered
May 13 17:43:06 ubuntu neutron-server[125283]: INFO neutron.quota.resource_registry [None req-c03fbe97-5df3-4065-96d7-a1a57285264f None None] Creating instance of TrackedResource for resource:security_group
May 13 17:43:06 ubuntu neutron-server[125283]: WARNING neutron.quota.resource_registry [None req-c03fbe97-5df3-4065-96d7-a1a57285264f None None] security_group is already registered
May 13 17:43:06 ubuntu neutron-server[125283]: INFO neutron.quota.resource_registry [None req-c03fbe97-5df3-4065-96d7-a1a57285264f None None] Creating instance of TrackedResource for resource:security_group_rule
May 13 17:43:06 ubuntu neutron-server[125283]: WARNING neutron.quota.resource_registry [None req-c03fbe97-5df3-4065-96d7-a1a57285264f None None] security_group_rule is already registered
May 13 17:43:06 ubuntu neutron-server[125283]: DEBUG neutron.api.extensions [None req-c03fbe97-5df3-4065-96d7-a1a57285264f None None] Extended resource: extensions {{(pid=125283) __init__ /opt/stack/neutron/neutron/api/extensions.py:157}}
May 13 17:43:06 ubuntu neutron-server[125283]: DEBUG neutron.api.extensions [None req-c03fbe97-5df3-4065-96d7-a1a57285264f None None] Extended resource: address-groups {{(pid=125283) __init__ /opt/stack/neutron/neutron/api/extensions.py:157}}
May 13 17:43:06 ubuntu neutron-server[125283]: DEBUG neutron.api.extensions [None req-c03fbe97-5df3-4065-96d7-a1a57285264f None None] Extended resource: address-scopes {{(pid=125283) __init__ /opt/stack/neutron/neutron/api/extensions.py:157}}
May 13 17:43:06 ubuntu neutron-server[125283]: DEBUG neutron.api.extensions [None req-c03fbe97-5df3-4065-96d7-a1a57285264f None None] Extended resource: agents {{(pid=125283) __init__ /opt/stack/neutron/neutron/api/extensions.py:157}}
May 13 17:43:06 ubuntu neutron-server[125283]: DEBUG neutron.api.extensions [None req-c03fbe97-5df3-4065-96d7-a1a57285264f None None] Extended resource: auto-allocated-topology {{(pid=125283) __init__ /opt/stack/neutron/neutron/api/extensions.py:157}}
May 13 17:43:06 ubuntu neutron-server[125283]: DEBUG neutron.api.extensions [None req-c03fbe97-5df3-4065-96d7-a1a57285264f None None] Extended resource: availability_zones {{(pid=125283) __init__ /opt/stack/neutron/neutron/api/extensions.py:157}}
May 13 17:43:06 ubuntu neutron-server[125283]: DEBUG neutron.api.extensions [None req-c03fbe97-5df3-4065-96d7-a1a57285264f None None] Extended resource: flavors {{(pid=125283) __init__ /opt/stack/neutron/neutron/api/extensions.py:157}}
May 13 17:43:06 ubuntu neutron-server[125283]: DEBUG neutron.api.extensions [None req-c03fbe97-5df3-4065-96d7-a1a57285264f None None] Extended resource: service_profiles {{(pid=125283) __init__ /opt/stack/neutron/neutron/api/extensions.py:157}}
May 13 17:43:06 ubuntu neutron-server[125283]: DEBUG neutron.api.extensions [None req-c03fbe97-5df3-4065-96d7-a1a57285264f None None] Extended resource: next_providers {{(pid=125283) __init__ /opt/stack/neutron/neutron/api/extensions.py:157}}
May 13 17:43:06 ubuntu neutron-server[125283]: DEBUG neutron.api.extensions [None req-c03fbe97-5df3-4065-96d7-a1a57285264f None None] Extended resource: service_profiles {{(pid=125283) __init__ /opt/stack/neutron/neutron/api/extensions.py:157}}
May 13 17:43:06 ubuntu neutron-server[125283]: DEBUG neutron.api.extensions [None req-c03fbe97-5df3-4065-96d7-a1a57285264f None None] Extended resource: floatingip-pools {{(pid=125283) __init__ /opt/stack/neutron/neutron/api/extensions.py:157}}
May 13 17:43:06 ubuntu neutron-server[125283]: DEBUG neutron.api.extensions [None req-c03fbe97-5df3-4065-96d7-a1a57285264f None None] Extended resource: routers {{(pid=125283) __init__ /opt/stack/neutron/neutron/api/extensions.py:157}}
May 13 17:43:06 ubuntu neutron-server[125283]: DEBUG neutron.api.extensions [None req-c03fbe97-5df3-4065-96d7-a1a57285264f None None] Extended resource: floatingips {{(pid=125283) __init__ /opt/stack/neutron/neutron/api/extensions.py:157}}
May 13 17:43:06 ubuntu neutron-server[125283]: DEBUG neutron.api.extensions [None req-c03fbe97-5df3-4065-96d7-a1a57285264f None None] Extended resource: network-ip-availabilities {{(pid=125283) __init__ /opt/stack/neutron/neutron/api/extensions.py:157}}
May 13 17:43:06 ubuntu neutron-server[125283]: DEBUG neutron.api.extensions [None req-c03fbe97-5df3-4065-96d7-a1a57285264f None None] Extended resource: bindings {{(pid=125283) __init__ /opt/stack/neutron/neutron/api/extensions.py:157}}
May 13 17:43:06 ubuntu neutron-server[125283]: DEBUG neutron.api.extensions [None req-c03fbe97-5df3-4065-96d7-a1a57285264f None None] Extended resource: quotas {{(pid=125283) __init__ /opt/stack/neutron/neutron/api/extensions.py:157}}
May 13 17:43:06 ubuntu neutron-server[125283]: DEBUG neutron.api.extensions [None req-c03fbe97-5df3-4065-96d7-a1a57285264f None None] Extended resource: quotas {{(pid=125283) __init__ /opt/stack/neutron/neutron/api/extensions.py:157}}
May 13 17:43:06 ubuntu neutron-server[125283]: DEBUG neutron.api.extensions [None req-c03fbe97-5df3-4065-96d7-a1a57285264f None None] Extended resource: rbac-policies {{(pid=125283) __init__ /opt/stack/neutron/neutron/api/extensions.py:157}}
May 13 17:43:06 ubuntu neutron-server[125283]: DEBUG neutron.api.extensions [None req-c03fbe97-5df3-4065-96d7-a1a57285264f None None] Extended resource: security-groups {{(pid=125283) __init__ /opt/stack/neutron/neutron/api/extensions.py:157}}
May 13 17:43:06 ubuntu neutron-server[125283]: DEBUG neutron.api.extensions [None req-c03fbe97-5df3-4065-96d7-a1a57285264f None None] Extended resource: security-group-rules {{(pid=125283) __init__ /opt/stack/neutron/neutron/api/extensions.py:157}}
May 13 17:43:06 ubuntu neutron-server[125283]: DEBUG neutron.api.extensions [None req-c03fbe97-5df3-4065-96d7-a1a57285264f None None] Extended resource: service-providers {{(pid=125283) __init__ /opt/stack/neutron/neutron/api/extensions.py:157}}
May 13 17:43:06 ubuntu neutron-server[125283]: DEBUG neutron.api.extensions [None req-c03fbe97-5df3-4065-96d7-a1a57285264f None None] Extended resource: tags {{(pid=125283) __init__ /opt/stack/neutron/neutron/api/extensions.py:157}}
May 13 17:43:06 ubuntu neutron-server[125283]: DEBUG neutron.api.extensions [None req-c03fbe97-5df3-4065-96d7-a1a57285264f None None] Extended resource: tags {{(pid=125283) __init__ /opt/stack/neutron/neutron/api/extensions.py:157}}
May 13 17:43:06 ubuntu neutron-server[125283]: DEBUG neutron.api.extensions [None req-c03fbe97-5df3-4065-96d7-a1a57285264f None None] Extended resource: tags {{(pid=125283) __init__ /opt/stack/neutron/neutron/api/extensions.py:157}}
May 13 17:43:06 ubuntu neutron-server[125283]: DEBUG neutron.api.extensions [None req-c03fbe97-5df3-4065-96d7-a1a57285264f None None] Extended resource: tags {{(pid=125283) __init__ /opt/stack/neutron/neutron/api/extensions.py:157}}
May 13 17:43:06 ubuntu neutron-server[125283]: DEBUG neutron.api.extensions [None req-c03fbe97-5df3-4065-96d7-a1a57285264f None None] Extended resource: tags {{(pid=125283) __init__ /opt/stack/neutron/neutron/api/extensions.py:157}}
May 13 17:43:06 ubuntu neutron-server[125283]: DEBUG neutron.api.extensions [None req-c03fbe97-5df3-4065-96d7-a1a57285264f None None] Extended resource: tags {{(pid=125283) __init__ /opt/stack/neutron/neutron/api/extensions.py:157}}
May 13 17:43:06 ubuntu neutron-server[125283]: DEBUG neutron.api.extensions [None req-c03fbe97-5df3-4065-96d7-a1a57285264f None None] Extended resource: tags {{(pid=125283) __init__ /opt/stack/neutron/neutron/api/extensions.py:157}}
May 13 17:43:06 ubuntu neutron-server[125283]: DEBUG neutron.api.extensions [None req-c03fbe97-5df3-4065-96d7-a1a57285264f None None] Extended resource: tags {{(pid=125283) __init__ /opt/stack/neutron/neutron/api/extensions.py:157}}
May 13 17:43:06 ubuntu neutron-server[125283]: DEBUG neutron.api.extensions [None req-c03fbe97-5df3-4065-96d7-a1a57285264f None None] Extended resource: tags {{(pid=125283) __init__ /opt/stack/neutron/neutron/api/extensions.py:157}}
May 13 17:43:06 ubuntu neutron-server[125283]: DEBUG neutron.api.extensions [None req-c03fbe97-5df3-4065-96d7-a1a57285264f None None] Extended resource: tags {{(pid=125283) __init__ /opt/stack/neutron/neutron/api/extensions.py:157}}
May 13 17:43:06 ubuntu neutron-server[125283]: WARNING keystonemiddleware.auth_token [None req-c03fbe97-5df3-4065-96d7-a1a57285264f None None] AuthToken middleware is set with keystone_authtoken.service_token_roles_required set to False. This is backwards compatible but deprecated behaviour. Please set this to True.
May 13 17:43:06 ubuntu neutron-server[125283]: WARNING keystonemiddleware.auth_token [None req-c03fbe97-5df3-4065-96d7-a1a57285264f None None] Configuring www_authenticate_uri to point to the public identity endpoint is required; clients may not be able to authenticate against an admin endpoint
May 13 17:43:06 ubuntu neutron-server[125283]: DEBUG oslo_concurrency.lockutils [None req-c03fbe97-5df3-4065-96d7-a1a57285264f None None] Acquired lock "singleton_lock" {{(pid=125283) lock /usr/local/lib/python3.8/dist-packages/oslo_concurrency/lockutils.py:294}}
May 13 17:43:06 ubuntu neutron-server[125283]: DEBUG oslo_concurrency.lockutils [None req-c03fbe97-5df3-4065-96d7-a1a57285264f None None] Releasing lock "singleton_lock" {{(pid=125283) lock /usr/local/lib/python3.8/dist-packages/oslo_concurrency/lockutils.py:312}}
May 13 17:43:06 ubuntu neutron-server[125283]: INFO oslo_service.service [None req-c03fbe97-5df3-4065-96d7-a1a57285264f None None] Starting 2 workers
May 13 17:43:06 ubuntu neutron-server[125283]: DEBUG oslo_service.service [None req-c03fbe97-5df3-4065-96d7-a1a57285264f None None] Started child 125495 {{(pid=125283) _start_child /usr/local/lib/python3.8/dist-packages/oslo_service/service.py:575}}
May 13 17:43:06 ubuntu neutron-server[125283]: DEBUG oslo_service.service [None req-c03fbe97-5df3-4065-96d7-a1a57285264f None None] Started child 125496 {{(pid=125283) _start_child /usr/local/lib/python3.8/dist-packages/oslo_service/service.py:575}}
May 13 17:43:06 ubuntu neutron-server[125283]: INFO neutron.service [None req-c03fbe97-5df3-4065-96d7-a1a57285264f None None] Neutron service started, listening on 0.0.0.0:9696
May 13 17:43:06 ubuntu neutron-server[125283]: DEBUG neutron_lib.callbacks.manager [None req-c03fbe97-5df3-4065-96d7-a1a57285264f None None] Publish callbacks ['neutron.plugins.ml2.drivers.ovn.mech_driver.mech_driver.OVNMechanismDriver.pre_fork_initialize-445736'] for process (None), before_spawn {{(pid=125283) _notify_loop /usr/local/lib/python3.8/dist-packages/neutron_lib/callbacks/manager.py:176}}
May 13 17:43:06 ubuntu neutron-server[125495]: DEBUG neutron_lib.callbacks.manager [-] Publish callbacks ['neutron.plugins.ml2.drivers.ovn.mech_driver.mech_driver.OVNMechanismDriver.post_fork_initialize-446656'] for process (None), after_init {{(pid=125495) _notify_loop /usr/local/lib/python3.8/dist-packages/neutron_lib/callbacks/manager.py:176}}
May 13 17:43:06 ubuntu neutron-server[125496]: DEBUG neutron_lib.callbacks.manager [-] Publish callbacks ['neutron.plugins.ml2.drivers.ovn.mech_driver.mech_driver.OVNMechanismDriver.post_fork_initialize-446656'] for process (None), after_init {{(pid=125496) _notify_loop /usr/local/lib/python3.8/dist-packages/neutron_lib/callbacks/manager.py:176}}
May 13 17:43:06 ubuntu neutron-server[125283]: DEBUG ovsdbapp.backend.ovs_idl [None req-c03fbe97-5df3-4065-96d7-a1a57285264f None None] Created schema index Port_Group.name {{(pid=125283) autocreate_indices /usr/local/lib/python3.8/dist-packages/ovsdbapp/backend/ovs_idl/__init__.py:104}}
May 13 17:43:06 ubuntu neutron-server[125283]: DEBUG ovsdbapp.backend.ovs_idl [None req-c03fbe97-5df3-4065-96d7-a1a57285264f None None] Created schema index Logical_Switch_Port.name {{(pid=125283) autocreate_indices /usr/local/lib/python3.8/dist-packages/ovsdbapp/backend/ovs_idl/__init__.py:104}}
May 13 17:43:06 ubuntu neutron-server[125283]: DEBUG ovsdbapp.backend.ovs_idl.transaction [-] Running txn n=1 command(idx=0): PgAddCommand(name=neutron_pg_drop, may_exist=True, columns={'acls': []}) {{(pid=125283) do_commit /usr/local/lib/python3.8/dist-packages/ovsdbapp/backend/ovs_idl/transaction.py:90}}
May 13 17:43:06 ubuntu neutron-server[125283]: DEBUG ovsdbapp.backend.ovs_idl.transaction [-] Running txn n=1 command(idx=1): PgAclAddCommand(entity=neutron_pg_drop, direction=from-lport, priority=1001, match=inport == @neutron_pg_drop && ip, action=drop, log=False, may_exist=True, severity=[], name=[], meter=None, external_ids={}) {{(pid=125283) do_commit /usr/local/lib/python3.8/dist-packages/ovsdbapp/backend/ovs_idl/transaction.py:90}}
May 13 17:43:06 ubuntu neutron-server[125283]: DEBUG ovsdbapp.backend.ovs_idl.transaction [-] Running txn n=1 command(idx=2): PgAclAddCommand(entity=neutron_pg_drop, direction=to-lport, priority=1001, match=outport == @neutron_pg_drop && ip, action=drop, log=False, may_exist=True, severity=[], name=[], meter=None, external_ids={}) {{(pid=125283) do_commit /usr/local/lib/python3.8/dist-packages/ovsdbapp/backend/ovs_idl/transaction.py:90}}
May 13 17:43:06 ubuntu neutron-server[125283]: DEBUG ovsdbapp.backend.ovs_idl.event [-] Matched CREATE: NeutronPgDropPortGroupCreated(events=('create',), table='Port_Group', conditions=(('name', '=', 'neutron_pg_drop'),), old_conditions=None), priority=10 to row=Port_Group(name=neutron_pg_drop, ports=[], external_ids={}, acls=[<ovs.db.idl.Row object at 0x7f96cc06e280>, <ovs.db.idl.Row object at 0x7f96cc06e490>]) old= {{(pid=125283) matches /usr/local/lib/python3.8/dist-packages/ovsdbapp/backend/ovs_idl/event.py:43}}
May 13 17:43:06 ubuntu neutron-server[125283]: DEBUG ovsdbapp.backend.ovs_idl [None req-c03fbe97-5df3-4065-96d7-a1a57285264f None None] Created lookup_table index Logical_Switch.name {{(pid=125283) autocreate_indices /usr/local/lib/python3.8/dist-packages/ovsdbapp/backend/ovs_idl/__init__.py:85}}
May 13 17:43:06 ubuntu neutron-server[125283]: DEBUG ovsdbapp.backend.ovs_idl [None req-c03fbe97-5df3-4065-96d7-a1a57285264f None None] Created lookup_table index Logical_Router.name {{(pid=125283) autocreate_indices /usr/local/lib/python3.8/dist-packages/ovsdbapp/backend/ovs_idl/__init__.py:85}}
May 13 17:43:06 ubuntu neutron-server[125283]: DEBUG ovsdbapp.backend.ovs_idl [None req-c03fbe97-5df3-4065-96d7-a1a57285264f None None] Created lookup_table index Load_Balancer.name {{(pid=125283) autocreate_indices /usr/local/lib/python3.8/dist-packages/ovsdbapp/backend/ovs_idl/__init__.py:85}}
May 13 17:43:06 ubuntu neutron-server[125283]: DEBUG ovsdbapp.backend.ovs_idl [None req-c03fbe97-5df3-4065-96d7-a1a57285264f None None] Created schema index Meter.name {{(pid=125283) autocreate_indices /usr/local/lib/python3.8/dist-packages/ovsdbapp/backend/ovs_idl/__init__.py:104}}
May 13 17:43:06 ubuntu neutron-server[125283]: DEBUG ovsdbapp.backend.ovs_idl [None req-c03fbe97-5df3-4065-96d7-a1a57285264f None None] Created schema index Address_Set.name {{(pid=125283) autocreate_indices /usr/local/lib/python3.8/dist-packages/ovsdbapp/backend/ovs_idl/__init__.py:104}}
May 13 17:43:06 ubuntu neutron-server[125283]: DEBUG ovsdbapp.backend.ovs_idl [None req-c03fbe97-5df3-4065-96d7-a1a57285264f None None] Created schema index HA_Chassis_Group.name {{(pid=125283) autocreate_indices /usr/local/lib/python3.8/dist-packages/ovsdbapp/backend/ovs_idl/__init__.py:104}}
May 13 17:43:06 ubuntu neutron-server[125283]: DEBUG ovsdbapp.backend.ovs_idl [None req-c03fbe97-5df3-4065-96d7-a1a57285264f None None] Created schema index Connection.target {{(pid=125283) autocreate_indices /usr/local/lib/python3.8/dist-packages/ovsdbapp/backend/ovs_idl/__init__.py:104}}
May 13 17:43:06 ubuntu neutron-server[125283]: DEBUG ovsdbapp.backend.ovs_idl [None req-c03fbe97-5df3-4065-96d7-a1a57285264f None None] Created schema index Gateway_Chassis.name {{(pid=125283) autocreate_indices /usr/local/lib/python3.8/dist-packages/ovsdbapp/backend/ovs_idl/__init__.py:104}}
May 13 17:43:06 ubuntu neutron-server[125283]: DEBUG ovsdbapp.backend.ovs_idl [None req-c03fbe97-5df3-4065-96d7-a1a57285264f None None] Created schema index Logical_Router_Port.name {{(pid=125283) autocreate_indices /usr/local/lib/python3.8/dist-packages/ovsdbapp/backend/ovs_idl/__init__.py:104}}
May 13 17:43:06 ubuntu neutron-server[125283]: DEBUG ovsdbapp.backend.ovs_idl [None req-c03fbe97-5df3-4065-96d7-a1a57285264f None None] Created schema index Port_Group.name {{(pid=125283) autocreate_indices /usr/local/lib/python3.8/dist-packages/ovsdbapp/backend/ovs_idl/__init__.py:104}}
May 13 17:43:06 ubuntu neutron-server[125283]: DEBUG ovsdbapp.backend.ovs_idl [None req-c03fbe97-5df3-4065-96d7-a1a57285264f None None] Created schema index Logical_Switch_Port.name {{(pid=125283) autocreate_indices /usr/local/lib/python3.8/dist-packages/ovsdbapp/backend/ovs_idl/__init__.py:104}}
May 13 17:43:06 ubuntu neutron-server[125495]: INFO neutron.plugins.ml2.drivers.ovn.mech_driver.ovsdb.impl_idl_ovn [None req-b07c4020-196c-42e3-915d-efd506655c36 None None] Getting OvsdbNbOvnIdl for WorkerService with retry
May 13 17:43:06 ubuntu neutron-server[125496]: INFO neutron.plugins.ml2.drivers.ovn.mech_driver.ovsdb.impl_idl_ovn [None req-141321a2-1131-48f4-a698-5e658285e003 None None] Getting OvsdbNbOvnIdl for WorkerService with retry
May 13 17:43:06 ubuntu neutron-server[125283]: DEBUG ovsdbapp.backend.ovs_idl [None req-c03fbe97-5df3-4065-96d7-a1a57285264f None None] Created lookup_table index Chassis.name {{(pid=125283) autocreate_indices /usr/local/lib/python3.8/dist-packages/ovsdbapp/backend/ovs_idl/__init__.py:85}}
May 13 17:43:06 ubuntu neutron-server[125283]: DEBUG ovsdbapp.backend.ovs_idl [None req-c03fbe97-5df3-4065-96d7-a1a57285264f None None] Created lookup_table index MAC_Binding.ip {{(pid=125283) autocreate_indices /usr/local/lib/python3.8/dist-packages/ovsdbapp/backend/ovs_idl/__init__.py:85}}
May 13 17:43:06 ubuntu neutron-server[125283]: DEBUG ovsdbapp.backend.ovs_idl [None req-c03fbe97-5df3-4065-96d7-a1a57285264f None None] Created schema index Meter.name {{(pid=125283) autocreate_indices /usr/local/lib/python3.8/dist-packages/ovsdbapp/backend/ovs_idl/__init__.py:104}}
May 13 17:43:06 ubuntu neutron-server[125283]: DEBUG ovsdbapp.backend.ovs_idl [None req-c03fbe97-5df3-4065-96d7-a1a57285264f None None] Created schema index Address_Set.name {{(pid=125283) autocreate_indices /usr/local/lib/python3.8/dist-packages/ovsdbapp/backend/ovs_idl/__init__.py:104}}
May 13 17:43:06 ubuntu neutron-server[125283]: DEBUG ovsdbapp.backend.ovs_idl [None req-c03fbe97-5df3-4065-96d7-a1a57285264f None None] Created schema index HA_Chassis_Group.name {{(pid=125283) autocreate_indices /usr/local/lib/python3.8/dist-packages/ovsdbapp/backend/ovs_idl/__init__.py:104}}
May 13 17:43:06 ubuntu neutron-server[125283]: DEBUG ovsdbapp.backend.ovs_idl [None req-c03fbe97-5df3-4065-96d7-a1a57285264f None None] Created schema index IP_Multicast.datapath {{(pid=125283) autocreate_indices /usr/local/lib/python3.8/dist-packages/ovsdbapp/backend/ovs_idl/__init__.py:104}}
May 13 17:43:06 ubuntu neutron-server[125283]: DEBUG ovsdbapp.backend.ovs_idl [None req-c03fbe97-5df3-4065-96d7-a1a57285264f None None] Created schema index Connection.target {{(pid=125283) autocreate_indices /usr/local/lib/python3.8/dist-packages/ovsdbapp/backend/ovs_idl/__init__.py:104}}
May 13 17:43:06 ubuntu neutron-server[125283]: DEBUG ovsdbapp.backend.ovs_idl [None req-c03fbe97-5df3-4065-96d7-a1a57285264f None None] Created schema index Gateway_Chassis.name {{(pid=125283) autocreate_indices /usr/local/lib/python3.8/dist-packages/ovsdbapp/backend/ovs_idl/__init__.py:104}}
May 13 17:43:06 ubuntu neutron-server[125283]: DEBUG ovsdbapp.backend.ovs_idl [None req-c03fbe97-5df3-4065-96d7-a1a57285264f None None] Created schema index Port_Group.name {{(pid=125283) autocreate_indices /usr/local/lib/python3.8/dist-packages/ovsdbapp/backend/ovs_idl/__init__.py:104}}
May 13 17:43:06 ubuntu neutron-server[125283]: DEBUG ovsdbapp.backend.ovs_idl [None req-c03fbe97-5df3-4065-96d7-a1a57285264f None None] Created schema index Datapath_Binding.tunnel_key {{(pid=125283) autocreate_indices /usr/local/lib/python3.8/dist-packages/ovsdbapp/backend/ovs_idl/__init__.py:104}}
May 13 17:43:07 ubuntu neutron-server[125495]: DEBUG ovsdbapp.backend.ovs_idl [None req-b07c4020-196c-42e3-915d-efd506655c36 None None] Created lookup_table index Logical_Switch.name {{(pid=125495) autocreate_indices /usr/local/lib/python3.8/dist-packages/ovsdbapp/backend/ovs_idl/__init__.py:85}}
May 13 17:43:07 ubuntu neutron-server[125496]: DEBUG ovsdbapp.backend.ovs_idl [None req-141321a2-1131-48f4-a698-5e658285e003 None None] Created lookup_table index Logical_Switch.name {{(pid=125496) autocreate_indices /usr/local/lib/python3.8/dist-packages/ovsdbapp/backend/ovs_idl/__init__.py:85}}
May 13 17:43:07 ubuntu neutron-server[125495]: DEBUG ovsdbapp.backend.ovs_idl [None req-b07c4020-196c-42e3-915d-efd506655c36 None None] Created lookup_table index Logical_Router.name {{(pid=125495) autocreate_indices /usr/local/lib/python3.8/dist-packages/ovsdbapp/backend/ovs_idl/__init__.py:85}}
May 13 17:43:07 ubuntu neutron-server[125496]: DEBUG ovsdbapp.backend.ovs_idl [None req-141321a2-1131-48f4-a698-5e658285e003 None None] Created lookup_table index Logical_Router.name {{(pid=125496) autocreate_indices /usr/local/lib/python3.8/dist-packages/ovsdbapp/backend/ovs_idl/__init__.py:85}}
May 13 17:43:07 ubuntu neutron-server[125495]: DEBUG ovsdbapp.backend.ovs_idl [None req-b07c4020-196c-42e3-915d-efd506655c36 None None] Created lookup_table index Load_Balancer.name {{(pid=125495) autocreate_indices /usr/local/lib/python3.8/dist-packages/ovsdbapp/backend/ovs_idl/__init__.py:85}}
May 13 17:43:07 ubuntu neutron-server[125496]: DEBUG ovsdbapp.backend.ovs_idl [None req-141321a2-1131-48f4-a698-5e658285e003 None None] Created lookup_table index Load_Balancer.name {{(pid=125496) autocreate_indices /usr/local/lib/python3.8/dist-packages/ovsdbapp/backend/ovs_idl/__init__.py:85}}
May 13 17:43:07 ubuntu neutron-server[125495]: DEBUG ovsdbapp.backend.ovs_idl [None req-b07c4020-196c-42e3-915d-efd506655c36 None None] Created schema index Meter.name {{(pid=125495) autocreate_indices /usr/local/lib/python3.8/dist-packages/ovsdbapp/backend/ovs_idl/__init__.py:104}}
May 13 17:43:07 ubuntu neutron-server[125496]: DEBUG ovsdbapp.backend.ovs_idl [None req-141321a2-1131-48f4-a698-5e658285e003 None None] Created schema index Meter.name {{(pid=125496) autocreate_indices /usr/local/lib/python3.8/dist-packages/ovsdbapp/backend/ovs_idl/__init__.py:104}}
May 13 17:43:07 ubuntu neutron-server[125495]: DEBUG ovsdbapp.backend.ovs_idl [None req-b07c4020-196c-42e3-915d-efd506655c36 None None] Created schema index Address_Set.name {{(pid=125495) autocreate_indices /usr/local/lib/python3.8/dist-packages/ovsdbapp/backend/ovs_idl/__init__.py:104}}
May 13 17:43:07 ubuntu neutron-server[125496]: DEBUG ovsdbapp.backend.ovs_idl [None req-141321a2-1131-48f4-a698-5e658285e003 None None] Created schema index Address_Set.name {{(pid=125496) autocreate_indices /usr/local/lib/python3.8/dist-packages/ovsdbapp/backend/ovs_idl/__init__.py:104}}
May 13 17:43:07 ubuntu neutron-server[125495]: DEBUG ovsdbapp.backend.ovs_idl [None req-b07c4020-196c-42e3-915d-efd506655c36 None None] Created schema index HA_Chassis_Group.name {{(pid=125495) autocreate_indices /usr/local/lib/python3.8/dist-packages/ovsdbapp/backend/ovs_idl/__init__.py:104}}
May 13 17:43:07 ubuntu neutron-server[125496]: DEBUG ovsdbapp.backend.ovs_idl [None req-141321a2-1131-48f4-a698-5e658285e003 None None] Created schema index HA_Chassis_Group.name {{(pid=125496) autocreate_indices /usr/local/lib/python3.8/dist-packages/ovsdbapp/backend/ovs_idl/__init__.py:104}}
May 13 17:43:07 ubuntu neutron-server[125495]: DEBUG ovsdbapp.backend.ovs_idl [None req-b07c4020-196c-42e3-915d-efd506655c36 None None] Created schema index Connection.target {{(pid=125495) autocreate_indices /usr/local/lib/python3.8/dist-packages/ovsdbapp/backend/ovs_idl/__init__.py:104}}
May 13 17:43:07 ubuntu neutron-server[125496]: DEBUG ovsdbapp.backend.ovs_idl [None req-141321a2-1131-48f4-a698-5e658285e003 None None] Created schema index Connection.target {{(pid=125496) autocreate_indices /usr/local/lib/python3.8/dist-packages/ovsdbapp/backend/ovs_idl/__init__.py:104}}
May 13 17:43:07 ubuntu neutron-server[125495]: DEBUG ovsdbapp.backend.ovs_idl [None req-b07c4020-196c-42e3-915d-efd506655c36 None None] Created schema index Gateway_Chassis.name {{(pid=125495) autocreate_indices /usr/local/lib/python3.8/dist-packages/ovsdbapp/backend/ovs_idl/__init__.py:104}}
May 13 17:43:07 ubuntu neutron-server[125496]: DEBUG ovsdbapp.backend.ovs_idl [None req-141321a2-1131-48f4-a698-5e658285e003 None None] Created schema index Gateway_Chassis.name {{(pid=125496) autocreate_indices /usr/local/lib/python3.8/dist-packages/ovsdbapp/backend/ovs_idl/__init__.py:104}}
May 13 17:43:07 ubuntu neutron-server[125495]: DEBUG ovsdbapp.backend.ovs_idl [None req-b07c4020-196c-42e3-915d-efd506655c36 None None] Created schema index Logical_Router_Port.name {{(pid=125495) autocreate_indices /usr/local/lib/python3.8/dist-packages/ovsdbapp/backend/ovs_idl/__init__.py:104}}
May 13 17:43:07 ubuntu neutron-server[125496]: DEBUG ovsdbapp.backend.ovs_idl [None req-141321a2-1131-48f4-a698-5e658285e003 None None] Created schema index Logical_Router_Port.name {{(pid=125496) autocreate_indices /usr/local/lib/python3.8/dist-packages/ovsdbapp/backend/ovs_idl/__init__.py:104}}
May 13 17:43:07 ubuntu neutron-server[125495]: DEBUG ovsdbapp.backend.ovs_idl [None req-b07c4020-196c-42e3-915d-efd506655c36 None None] Created schema index Port_Group.name {{(pid=125495) autocreate_indices /usr/local/lib/python3.8/dist-packages/ovsdbapp/backend/ovs_idl/__init__.py:104}}
May 13 17:43:07 ubuntu neutron-server[125496]: DEBUG ovsdbapp.backend.ovs_idl [None req-141321a2-1131-48f4-a698-5e658285e003 None None] Created schema index Port_Group.name {{(pid=125496) autocreate_indices /usr/local/lib/python3.8/dist-packages/ovsdbapp/backend/ovs_idl/__init__.py:104}}
May 13 17:43:07 ubuntu neutron-server[125495]: DEBUG ovsdbapp.backend.ovs_idl [None req-b07c4020-196c-42e3-915d-efd506655c36 None None] Created schema index Logical_Switch_Port.name {{(pid=125495) autocreate_indices /usr/local/lib/python3.8/dist-packages/ovsdbapp/backend/ovs_idl/__init__.py:104}}
May 13 17:43:07 ubuntu neutron-server[125496]: DEBUG ovsdbapp.backend.ovs_idl [None req-141321a2-1131-48f4-a698-5e658285e003 None None] Created schema index Logical_Switch_Port.name {{(pid=125496) autocreate_indices /usr/local/lib/python3.8/dist-packages/ovsdbapp/backend/ovs_idl/__init__.py:104}}
May 13 17:43:07 ubuntu neutron-server[125495]: INFO ovsdbapp.backend.ovs_idl.vlog [None req-b07c4020-196c-42e3-915d-efd506655c36 None None] tcp:192.168.79.41:6641: connecting...
May 13 17:43:07 ubuntu neutron-server[125496]: INFO ovsdbapp.backend.ovs_idl.vlog [None req-141321a2-1131-48f4-a698-5e658285e003 None None] tcp:192.168.79.41:6641: connecting...
May 13 17:43:07 ubuntu neutron-server[125495]: INFO ovsdbapp.backend.ovs_idl.vlog [None req-b07c4020-196c-42e3-915d-efd506655c36 None None] tcp:192.168.79.41:6641: connected
May 13 17:43:07 ubuntu neutron-server[125496]: INFO ovsdbapp.backend.ovs_idl.vlog [None req-141321a2-1131-48f4-a698-5e658285e003 None None] tcp:192.168.79.41:6641: connected
May 13 17:43:07 ubuntu neutron-server[125283]: INFO oslo_service.service [None req-c03fbe97-5df3-4065-96d7-a1a57285264f None None] Starting 1 workers
May 13 17:43:07 ubuntu neutron-server[125283]: DEBUG oslo_service.service [None req-c03fbe97-5df3-4065-96d7-a1a57285264f None None] Started child 125499 {{(pid=125283) _start_child /usr/local/lib/python3.8/dist-packages/oslo_service/service.py:575}}
May 13 17:43:07 ubuntu neutron-server[125283]: INFO oslo_service.service [None req-c03fbe97-5df3-4065-96d7-a1a57285264f None None] Starting 1 workers
May 13 17:43:07 ubuntu neutron-server[125283]: DEBUG oslo_service.service [None req-c03fbe97-5df3-4065-96d7-a1a57285264f None None] Started child 125500 {{(pid=125283) _start_child /usr/local/lib/python3.8/dist-packages/oslo_service/service.py:575}}
May 13 17:43:07 ubuntu neutron-server[125283]: INFO oslo_service.service [None req-c03fbe97-5df3-4065-96d7-a1a57285264f None None] Starting 1 workers
May 13 17:43:07 ubuntu neutron-server[125496]: DEBUG neutron.common.ovn.hash_ring_manager [None req-141321a2-1131-48f4-a698-5e658285e003 None None] Allow caching, nodes 2>=2 {{(pid=125496) _wait_startup_before_caching /opt/stack/neutron/neutron/common/ovn/hash_ring_manager.py:60}}
May 13 17:43:07 ubuntu neutron-server[125495]: DEBUG neutron.common.ovn.hash_ring_manager [None req-b07c4020-196c-42e3-915d-efd506655c36 None None] Allow caching, nodes 2>=2 {{(pid=125495) _wait_startup_before_caching /opt/stack/neutron/neutron/common/ovn/hash_ring_manager.py:60}}
May 13 17:43:07 ubuntu neutron-server[125283]: DEBUG oslo_service.service [None req-c03fbe97-5df3-4065-96d7-a1a57285264f None None] Started child 125501 {{(pid=125283) _start_child /usr/local/lib/python3.8/dist-packages/oslo_service/service.py:575}}
May 13 17:43:07 ubuntu neutron-server[125499]: DEBUG neutron.service [None req-c03fbe97-5df3-4065-96d7-a1a57285264f None None] calling RpcWorker wait() {{(pid=125499) _wait /opt/stack/neutron/neutron/service.py:128}}
May 13 17:43:07 ubuntu neutron-server[125499]: DEBUG neutron.service [None req-c03fbe97-5df3-4065-96d7-a1a57285264f None None] returning from RpcWorker wait() {{(pid=125499) _wait /opt/stack/neutron/neutron/service.py:135}}
May 13 17:43:07 ubuntu neutron-server[125283]: DEBUG neutron_lib.callbacks.manager [None req-c03fbe97-5df3-4065-96d7-a1a57285264f None None] Publish callbacks [] for process (None), after_spawn {{(pid=125283) _notify_loop /usr/local/lib/python3.8/dist-packages/neutron_lib/callbacks/manager.py:176}}
May 13 17:43:07 ubuntu neutron-server[125499]: DEBUG neutron_lib.callbacks.manager [-] Publish callbacks ['neutron.plugins.ml2.drivers.ovn.mech_driver.mech_driver.OVNMechanismDriver.post_fork_initialize-446656'] for process (None), after_init {{(pid=125499) _notify_loop /usr/local/lib/python3.8/dist-packages/neutron_lib/callbacks/manager.py:176}}
May 13 17:43:07 ubuntu neutron-server[125499]: INFO neutron.plugins.ml2.drivers.ovn.mech_driver.ovsdb.impl_idl_ovn [-] Getting OvsdbNbOvnIdl for RpcWorker with retry
May 13 17:43:07 ubuntu neutron-server[125283]: DEBUG oslo_service.service [-] Full set of CONF: {{(pid=125283) wait /usr/local/lib/python3.8/dist-packages/oslo_service/service.py:649}}
May 13 17:43:07 ubuntu neutron-server[125283]: DEBUG oslo_service.service [-] ******************************************************************************** {{(pid=125283) log_opt_values /usr/local/lib/python3.8/dist-packages/oslo_config/cfg.py:2589}}
May 13 17:43:07 ubuntu neutron-server[125283]: DEBUG oslo_service.service [-] Configuration options gathered from: {{(pid=125283) log_opt_values /usr/local/lib/python3.8/dist-packages/oslo_config/cfg.py:2590}}
May 13 17:43:07 ubuntu neutron-server[125283]: DEBUG oslo_service.service [-] command line args: ['--config-file', '/etc/neutron/neutron.conf', '--config-file', '/etc/neutron/plugins/ml2/ml2_conf.ini'] {{(pid=125283) log_opt_values /usr/local/lib/python3.8/dist-packages/oslo_config/cfg.py:2591}}
May 13 17:43:07 ubuntu neutron-server[125283]: DEBUG oslo_service.service [-] config files: ['/etc/neutron/neutron.conf', '/etc/neutron/plugins/ml2/ml2_conf.ini'] {{(pid=125283) log_opt_values /usr/local/lib/python3.8/dist-packages/oslo_config/cfg.py:2592}}
May 13 17:43:07 ubuntu neutron-server[125283]: DEBUG oslo_service.service [-] ================================================================================ {{(pid=125283) log_opt_values /usr/local/lib/python3.8/dist-packages/oslo_config/cfg.py:2594}}
May 13 17:43:07 ubuntu neutron-server[125283]: DEBUG oslo_service.service [-] agent_down_time                = 75 {{(pid=125283) log_opt_values /usr/local/lib/python3.8/dist-packages/oslo_config/cfg.py:2602}}
May 13 17:43:07 ubuntu neutron-server[125283]: DEBUG oslo_service.service [-] allow_automatic_dhcp_failover  = True {{(pid=125283) log_opt_values /usr/local/lib/python3.8/dist-packages/oslo_config/cfg.py:2602}}
May 13 17:43:07 ubuntu neutron-server[125283]: DEBUG oslo_service.service [-] allow_bulk                     = True {{(pid=125283) log_opt_values /usr/local/lib/python3.8/dist-packages/oslo_config/cfg.py:2602}}
May 13 17:43:07 ubuntu neutron-server[125283]: DEBUG oslo_service.service [-] allowed_conntrack_helpers      = [{'amanda': 'tcp'}, {'ftp': 'tcp'}, {'h323': 'udp'}, {'h323': 'tcp'}, {'irc': 'tcp'}, {'netbios-ns': 'udp'}, {'pptp': 'tcp'}, {'sane': 'tcp'}, {'sip': 'udp'}, {'sip': 'tcp'}, {'snmp': 'udp'}, {'tftp': 'udp'}] {{(pid=125283) log_opt_values /usr/local/lib/python3.8/dist-packages/oslo_config/cfg.py:2602}}
May 13 17:43:07 ubuntu neutron-server[125283]: DEBUG oslo_service.service [-] api_extensions_path            =  {{(pid=125283) log_opt_values /usr/local/lib/python3.8/dist-packages/oslo_config/cfg.py:2602}}
May 13 17:43:07 ubuntu neutron-server[125283]: DEBUG oslo_service.service [-] api_paste_config               = api-paste.ini {{(pid=125283) log_opt_values /usr/local/lib/python3.8/dist-packages/oslo_config/cfg.py:2602}}
May 13 17:43:07 ubuntu neutron-server[125283]: DEBUG oslo_service.service [-] api_workers                    = 2 {{(pid=125283) log_opt_values /usr/local/lib/python3.8/dist-packages/oslo_config/cfg.py:2602}}
May 13 17:43:07 ubuntu neutron-server[125283]: DEBUG oslo_service.service [-] auth_strategy                  = keystone {{(pid=125283) log_opt_values /usr/local/lib/python3.8/dist-packages/oslo_config/cfg.py:2602}}
May 13 17:43:07 ubuntu neutron-server[125283]: DEBUG oslo_service.service [-] backdoor_port                  = None {{(pid=125283) log_opt_values /usr/local/lib/python3.8/dist-packages/oslo_config/cfg.py:2602}}
May 13 17:43:07 ubuntu neutron-server[125283]: DEBUG oslo_service.service [-] backdoor_socket                = None {{(pid=125283) log_opt_values /usr/local/lib/python3.8/dist-packages/oslo_config/cfg.py:2602}}
May 13 17:43:07 ubuntu neutron-server[125283]: DEBUG oslo_service.service [-] backlog                        = 4096 {{(pid=125283) log_opt_values /usr/local/lib/python3.8/dist-packages/oslo_config/cfg.py:2602}}
May 13 17:43:07 ubuntu neutron-server[125283]: DEBUG oslo_service.service [-] base_mac                       = fa:16:3e:00:00:00 {{(pid=125283) log_opt_values /usr/local/lib/python3.8/dist-packages/oslo_config/cfg.py:2602}}
May 13 17:43:07 ubuntu neutron-server[125283]: DEBUG oslo_service.service [-] bind_host                      = 0.0.0.0 {{(pid=125283) log_opt_values /usr/local/lib/python3.8/dist-packages/oslo_config/cfg.py:2602}}
May 13 17:43:07 ubuntu neutron-server[125500]: DEBUG neutron_lib.callbacks.manager [-] Publish callbacks ['neutron.plugins.ml2.drivers.ovn.mech_driver.mech_driver.OVNMechanismDriver.post_fork_initialize-446656'] for process (None), after_init {{(pid=125500) _notify_loop /usr/local/lib/python3.8/dist-packages/neutron_lib/callbacks/manager.py:176}}
May 13 17:43:07 ubuntu neutron-server[125283]: DEBUG oslo_service.service [-] bind_port                      = 9696 {{(pid=125283) log_opt_values /usr/local/lib/python3.8/dist-packages/oslo_config/cfg.py:2602}}
May 13 17:43:07 ubuntu neutron-server[125283]: DEBUG oslo_service.service [-] client_socket_timeout          = 900 {{(pid=125283) log_opt_values /usr/local/lib/python3.8/dist-packages/oslo_config/cfg.py:2602}}
May 13 17:43:07 ubuntu neutron-server[125283]: DEBUG oslo_service.service [-] config_dir                     = [] {{(pid=125283) log_opt_values /usr/local/lib/python3.8/dist-packages/oslo_config/cfg.py:2602}}
May 13 17:43:07 ubuntu neutron-server[125283]: DEBUG oslo_service.service [-] config_file                    = ['/etc/neutron/neutron.conf', '/etc/neutron/plugins/ml2/ml2_conf.ini'] {{(pid=125283) log_opt_values /usr/local/lib/python3.8/dist-packages/oslo_config/cfg.py:2602}}
May 13 17:43:07 ubuntu neutron-server[125283]: DEBUG oslo_service.service [-] config_source                  = [] {{(pid=125283) log_opt_values /usr/local/lib/python3.8/dist-packages/oslo_config/cfg.py:2602}}
May 13 17:43:07 ubuntu neutron-server[125500]: INFO neutron.plugins.ml2.drivers.ovn.mech_driver.ovsdb.impl_idl_ovn [-] Getting OvsdbNbOvnIdl for MaintenanceWorker with retry
May 13 17:43:07 ubuntu neutron-server[125283]: DEBUG oslo_service.service [-] control_exchange               = neutron {{(pid=125283) log_opt_values /usr/local/lib/python3.8/dist-packages/oslo_config/cfg.py:2602}}
May 13 17:43:07 ubuntu neutron-server[125283]: DEBUG oslo_service.service [-] core_plugin                    = ml2 {{(pid=125283) log_opt_values /usr/local/lib/python3.8/dist-packages/oslo_config/cfg.py:2602}}
May 13 17:43:07 ubuntu neutron-server[125283]: DEBUG oslo_service.service [-] debug                          = True {{(pid=125283) log_opt_values /usr/local/lib/python3.8/dist-packages/oslo_config/cfg.py:2602}}
May 13 17:43:07 ubuntu neutron-server[125283]: DEBUG oslo_service.service [-] default_availability_zones     = [] {{(pid=125283) log_opt_values /usr/local/lib/python3.8/dist-packages/oslo_config/cfg.py:2602}}
May 13 17:43:07 ubuntu neutron-server[125283]: DEBUG oslo_service.service [-] default_log_levels             = ['amqp=WARN', 'amqplib=WARN', 'boto=WARN', 'qpid=WARN', 'sqlalchemy=WARN', 'suds=INFO', 'oslo.messaging=INFO', 'oslo_messaging=INFO', 'iso8601=WARN', 'requests.packages.urllib3.connectionpool=WARN', 'urllib3.connectionpool=WARN', 'websocket=WARN', 'requests.packages.urllib3.util.retry=WARN', 'urllib3.util.retry=WARN', 'keystonemiddleware=WARN', 'routes.middleware=WARN', 'stevedore=WARN', 'taskflow=WARN', 'keystoneauth=WARN', 'oslo.cache=INFO', 'oslo_policy=INFO', 'dogpile.core.dogpile=INFO', 'OFPHandler=INFO', 'OfctlService=INFO', 'os_ken.base.app_manager=INFO', 'os_ken.controller.controller=INFO'] {{(pid=125283) log_opt_values /usr/local/lib/python3.8/dist-packages/oslo_config/cfg.py:2602}}
May 13 17:43:07 ubuntu neutron-server[125283]: DEBUG oslo_service.service [-] dhcp_agent_notification        = False {{(pid=125283) log_opt_values /usr/local/lib/python3.8/dist-packages/oslo_config/cfg.py:2602}}
May 13 17:43:07 ubuntu neutron-server[125283]: DEBUG oslo_service.service [-] dhcp_agents_per_network        = 1 {{(pid=125283) log_opt_values /usr/local/lib/python3.8/dist-packages/oslo_config/cfg.py:2602}}
May 13 17:43:07 ubuntu neutron-server[125283]: DEBUG oslo_service.service [-] dhcp_lease_duration            = 86400 {{(pid=125283) log_opt_values /usr/local/lib/python3.8/dist-packages/oslo_config/cfg.py:2602}}
May 13 17:43:07 ubuntu neutron-server[125283]: DEBUG oslo_service.service [-] dhcp_load_type                 = networks {{(pid=125283) log_opt_values /usr/local/lib/python3.8/dist-packages/oslo_config/cfg.py:2602}}
May 13 17:43:07 ubuntu neutron-server[125283]: DEBUG oslo_service.service [-] dns_domain                     = openstacklocal {{(pid=125283) log_opt_values /usr/local/lib/python3.8/dist-packages/oslo_config/cfg.py:2602}}
May 13 17:43:07 ubuntu neutron-server[125283]: DEBUG oslo_service.service [-] dvr_base_mac                   = fa:16:3f:00:00:00 {{(pid=125283) log_opt_values /usr/local/lib/python3.8/dist-packages/oslo_config/cfg.py:2602}}
May 13 17:43:07 ubuntu neutron-server[125501]: DEBUG neutron_lib.callbacks.manager [-] Publish callbacks ['neutron.plugins.ml2.drivers.ovn.mech_driver.mech_driver.OVNMechanismDriver.post_fork_initialize-446656'] for process (None), after_init {{(pid=125501) _notify_loop /usr/local/lib/python3.8/dist-packages/neutron_lib/callbacks/manager.py:176}}
May 13 17:43:07 ubuntu neutron-server[125283]: DEBUG oslo_service.service [-] enable_dvr                     = True {{(pid=125283) log_opt_values /usr/local/lib/python3.8/dist-packages/oslo_config/cfg.py:2602}}
May 13 17:43:07 ubuntu neutron-server[125283]: DEBUG oslo_service.service [-] enable_new_agents              = True {{(pid=125283) log_opt_values /usr/local/lib/python3.8/dist-packages/oslo_config/cfg.py:2602}}
May 13 17:43:07 ubuntu neutron-server[125496]: DEBUG neutron.plugins.ml2.drivers.ovn.mech_driver.ovsdb.ovsdb_monitor [None req-141321a2-1131-48f4-a698-5e658285e003 None None] Hash Ring: Node 037bf70b-2304-443c-a308-0c78d099e211 (host: ubuntu) handling event "create" for row 44735ade-179a-4d8e-9040-950e4f40a225 (table: NB_Global) {{(pid=125496) notify /opt/stack/neutron/neutron/plugins/ml2/drivers/ovn/mech_driver/ovsdb/ovsdb_monitor.py:815}}
May 13 17:43:07 ubuntu neutron-server[125283]: DEBUG oslo_service.service [-] enable_services_on_agents_with_admin_state_down = False {{(pid=125283) log_opt_values /usr/local/lib/python3.8/dist-packages/oslo_config/cfg.py:2602}}
May 13 17:43:07 ubuntu neutron-server[125496]: DEBUG neutron.plugins.ml2.drivers.ovn.mech_driver.ovsdb.ovsdb_monitor [None req-141321a2-1131-48f4-a698-5e658285e003 None None] Hash Ring: Node 037bf70b-2304-443c-a308-0c78d099e211 (host: ubuntu) handling event "create" for row 95e77998-2f43-433c-86ff-b4c2e729a32a (table: ACL) {{(pid=125496) notify /opt/stack/neutron/neutron/plugins/ml2/drivers/ovn/mech_driver/ovsdb/ovsdb_monitor.py:815}}
May 13 17:43:07 ubuntu neutron-server[125495]: DEBUG neutron.plugins.ml2.drivers.ovn.mech_driver.ovsdb.ovsdb_monitor [None req-b07c4020-196c-42e3-915d-efd506655c36 None None] Hash Ring: Node 7bc4e4e9-d856-41ac-8eaf-40db488a5ab3 (host: ubuntu) handling event "create" for row 8dbeb537-ce74-4665-af56-3ec9870b6148 (table: Database) {{(pid=125495) notify /opt/stack/neutron/neutron/plugins/ml2/drivers/ovn/mech_driver/ovsdb/ovsdb_monitor.py:815}}
May 13 17:43:07 ubuntu neutron-server[125283]: DEBUG oslo_service.service [-] enable_snat_by_default         = True {{(pid=125283) log_opt_values /usr/local/lib/python3.8/dist-packages/oslo_config/cfg.py:2602}}
May 13 17:43:07 ubuntu neutron-server[125283]: DEBUG oslo_service.service [-] enable_traditional_dhcp        = True {{(pid=125283) log_opt_values /usr/local/lib/python3.8/dist-packages/oslo_config/cfg.py:2602}}
