May 05 04:06:40 ubuntu neutron-server[110101]: DEBUG neutron.api.extensions [None req-d59f605e-3d3f-485d-91cb-456ce1529872 None None] Ext name="Uplink status propagation extension" alias="uplink-status-propagation" description="Provides ability to propagate port uplink status." updated="2018-05-31T18:00:00-00:00" {{(pid=110101) _check_extension /opt/stack/neutron/neutron/api/extensions.py:416}}
May 05 04:06:40 ubuntu neutron-server[110101]: INFO neutron.api.extensions [None req-d59f605e-3d3f-485d-91cb-456ce1529872 None None] Extension uplink-status-propagation not supported by any of loaded plugins
May 05 04:06:40 ubuntu neutron-server[110101]: DEBUG neutron.api.extensions [None req-d59f605e-3d3f-485d-91cb-456ce1529872 None None] Loading extension file: vlantransparent.py {{(pid=110101) _load_all_extensions_from_path /opt/stack/neutron/neutron/api/extensions.py:450}}
May 05 04:06:40 ubuntu neutron-server[110101]: DEBUG neutron.api.extensions [None req-d59f605e-3d3f-485d-91cb-456ce1529872 None None] Ext name="Vlantransparent" alias="vlan-transparent" description="Provides Vlan Transparent Networks" updated="2015-03-23T09:00:00-00:00" {{(pid=110101) _check_extension /opt/stack/neutron/neutron/api/extensions.py:416}}
May 05 04:06:40 ubuntu neutron-server[110101]: INFO neutron.api.extensions [None req-d59f605e-3d3f-485d-91cb-456ce1529872 None None] Extension vlan-transparent not supported by any of loaded plugins
May 05 04:06:40 ubuntu neutron-server[110101]: INFO neutron.quota.resource_registry [None req-d59f605e-3d3f-485d-91cb-456ce1529872 None None] Creating instance of TrackedResource for resource:network
May 05 04:06:40 ubuntu neutron-server[110101]: INFO neutron.quota.resource_registry [None req-d59f605e-3d3f-485d-91cb-456ce1529872 None None] Creating instance of TrackedResource for resource:subnet
May 05 04:06:40 ubuntu neutron-server[110101]: INFO neutron.quota.resource_registry [None req-d59f605e-3d3f-485d-91cb-456ce1529872 None None] Creating instance of TrackedResource for resource:subnetpool
May 05 04:06:40 ubuntu neutron-server[110101]: INFO neutron.quota.resource_registry [None req-d59f605e-3d3f-485d-91cb-456ce1529872 None None] Creating instance of TrackedResource for resource:port
May 05 04:06:40 ubuntu neutron-server[110101]: DEBUG neutron.api.v2.resource_helper [None req-d59f605e-3d3f-485d-91cb-456ce1529872 None None] Service FLAVORS assigned prefix:  {{(pid=110101) build_resource_info /opt/stack/neutron/neutron/api/v2/resource_helper.py:77}}
May 05 04:06:40 ubuntu neutron-server[110101]: DEBUG neutron.api.v2.resource_helper [None req-d59f605e-3d3f-485d-91cb-456ce1529872 None None] Service L3_ROUTER_NAT assigned prefix:  {{(pid=110101) build_resource_info /opt/stack/neutron/neutron/api/v2/resource_helper.py:77}}
May 05 04:06:40 ubuntu neutron-server[110101]: DEBUG neutron.api.v2.resource_helper [None req-d59f605e-3d3f-485d-91cb-456ce1529872 None None] Service L3_ROUTER_NAT assigned prefix:  {{(pid=110101) build_resource_info /opt/stack/neutron/neutron/api/v2/resource_helper.py:77}}
May 05 04:06:40 ubuntu neutron-server[110101]: INFO neutron.quota.resource_registry [None req-d59f605e-3d3f-485d-91cb-456ce1529872 None None] Creating instance of TrackedResource for resource:router
May 05 04:06:40 ubuntu neutron-server[110101]: INFO neutron.quota.resource_registry [None req-d59f605e-3d3f-485d-91cb-456ce1529872 None None] Creating instance of TrackedResource for resource:floatingip
May 05 04:06:40 ubuntu neutron-server[110101]: DEBUG neutron_lib.callbacks.manager [None req-d59f605e-3d3f-485d-91cb-456ce1529872 None None] Subscribe: <bound method NeutronDbPluginV2.validate_network_rbac_policy_change of <neutron.services.network_ip_availability.plugin.NetworkIPAvailabilityPlugin object at 0x7fd5c24118e0>> rbac-policy before_create 55550000 {{(pid=110101) subscribe /usr/local/lib/python3.8/dist-packages/neutron_lib/callbacks/manager.py:45}}
May 05 04:06:40 ubuntu neutron-server[110101]: DEBUG neutron_lib.callbacks.manager [None req-d59f605e-3d3f-485d-91cb-456ce1529872 None None] Subscribe: <bound method NeutronDbPluginV2.validate_network_rbac_policy_change of <neutron.services.network_ip_availability.plugin.NetworkIPAvailabilityPlugin object at 0x7fd5c24118e0>> rbac-policy before_update 55550000 {{(pid=110101) subscribe /usr/local/lib/python3.8/dist-packages/neutron_lib/callbacks/manager.py:45}}
May 05 04:06:40 ubuntu neutron-server[110101]: DEBUG neutron_lib.callbacks.manager [None req-d59f605e-3d3f-485d-91cb-456ce1529872 None None] Subscribe: <bound method NeutronDbPluginV2.validate_network_rbac_policy_change of <neutron.services.network_ip_availability.plugin.NetworkIPAvailabilityPlugin object at 0x7fd5c24118e0>> rbac-policy before_delete 55550000 {{(pid=110101) subscribe /usr/local/lib/python3.8/dist-packages/neutron_lib/callbacks/manager.py:45}}
May 05 04:06:40 ubuntu neutron-server[110101]: INFO neutron.quota.resource_registry [None req-d59f605e-3d3f-485d-91cb-456ce1529872 None None] Creating instance of CountableResource for resource:rbac_policy
May 05 04:06:40 ubuntu neutron-server[110101]: INFO neutron.quota.resource_registry [None req-d59f605e-3d3f-485d-91cb-456ce1529872 None None] Creating instance of TrackedResource for resource:security_group
May 05 04:06:40 ubuntu neutron-server[110101]: INFO neutron.quota.resource_registry [None req-d59f605e-3d3f-485d-91cb-456ce1529872 None None] Creating instance of TrackedResource for resource:security_group_rule
May 05 04:06:40 ubuntu neutron-server[110101]: DEBUG neutron.api.v2.resource_helper [None req-d59f605e-3d3f-485d-91cb-456ce1529872 None None] Service FLAVORS assigned prefix:  {{(pid=110101) build_resource_info /opt/stack/neutron/neutron/api/v2/resource_helper.py:77}}
May 05 04:06:40 ubuntu neutron-server[110101]: DEBUG neutron.api.v2.resource_helper [None req-d59f605e-3d3f-485d-91cb-456ce1529872 None None] Service L3_ROUTER_NAT assigned prefix:  {{(pid=110101) build_resource_info /opt/stack/neutron/neutron/api/v2/resource_helper.py:77}}
May 05 04:06:40 ubuntu neutron-server[110101]: DEBUG neutron.api.v2.resource_helper [None req-d59f605e-3d3f-485d-91cb-456ce1529872 None None] Service L3_ROUTER_NAT assigned prefix:  {{(pid=110101) build_resource_info /opt/stack/neutron/neutron/api/v2/resource_helper.py:77}}
May 05 04:06:40 ubuntu neutron-server[110101]: INFO neutron.quota.resource_registry [None req-d59f605e-3d3f-485d-91cb-456ce1529872 None None] Creating instance of TrackedResource for resource:router
May 05 04:06:40 ubuntu neutron-server[110101]: WARNING neutron.quota.resource_registry [None req-d59f605e-3d3f-485d-91cb-456ce1529872 None None] router is already registered
May 05 04:06:40 ubuntu neutron-server[110101]: INFO neutron.quota.resource_registry [None req-d59f605e-3d3f-485d-91cb-456ce1529872 None None] Creating instance of TrackedResource for resource:floatingip
May 05 04:06:40 ubuntu neutron-server[110101]: WARNING neutron.quota.resource_registry [None req-d59f605e-3d3f-485d-91cb-456ce1529872 None None] floatingip is already registered
May 05 04:06:40 ubuntu neutron-server[110101]: INFO neutron.quota.resource_registry [None req-d59f605e-3d3f-485d-91cb-456ce1529872 None None] Creating instance of CountableResource for resource:rbac_policy
May 05 04:06:40 ubuntu neutron-server[110101]: WARNING neutron.quota.resource_registry [None req-d59f605e-3d3f-485d-91cb-456ce1529872 None None] rbac_policy is already registered
May 05 04:06:40 ubuntu neutron-server[110101]: INFO neutron.quota.resource_registry [None req-d59f605e-3d3f-485d-91cb-456ce1529872 None None] Creating instance of TrackedResource for resource:security_group
May 05 04:06:40 ubuntu neutron-server[110101]: WARNING neutron.quota.resource_registry [None req-d59f605e-3d3f-485d-91cb-456ce1529872 None None] security_group is already registered
May 05 04:06:40 ubuntu neutron-server[110101]: INFO neutron.quota.resource_registry [None req-d59f605e-3d3f-485d-91cb-456ce1529872 None None] Creating instance of TrackedResource for resource:security_group_rule
May 05 04:06:40 ubuntu neutron-server[110101]: WARNING neutron.quota.resource_registry [None req-d59f605e-3d3f-485d-91cb-456ce1529872 None None] security_group_rule is already registered
May 05 04:06:40 ubuntu neutron-server[110101]: DEBUG neutron.api.extensions [None req-d59f605e-3d3f-485d-91cb-456ce1529872 None None] Extended resource: extensions {{(pid=110101) __init__ /opt/stack/neutron/neutron/api/extensions.py:157}}
May 05 04:06:40 ubuntu neutron-server[110101]: DEBUG neutron.api.extensions [None req-d59f605e-3d3f-485d-91cb-456ce1529872 None None] Extended resource: address-groups {{(pid=110101) __init__ /opt/stack/neutron/neutron/api/extensions.py:157}}
May 05 04:06:40 ubuntu neutron-server[110101]: DEBUG neutron.api.extensions [None req-d59f605e-3d3f-485d-91cb-456ce1529872 None None] Extended resource: address-scopes {{(pid=110101) __init__ /opt/stack/neutron/neutron/api/extensions.py:157}}
May 05 04:06:40 ubuntu neutron-server[110101]: DEBUG neutron.api.extensions [None req-d59f605e-3d3f-485d-91cb-456ce1529872 None None] Extended resource: agents {{(pid=110101) __init__ /opt/stack/neutron/neutron/api/extensions.py:157}}
May 05 04:06:40 ubuntu neutron-server[110101]: DEBUG neutron.api.extensions [None req-d59f605e-3d3f-485d-91cb-456ce1529872 None None] Extended resource: auto-allocated-topology {{(pid=110101) __init__ /opt/stack/neutron/neutron/api/extensions.py:157}}
May 05 04:06:40 ubuntu neutron-server[110101]: DEBUG neutron.api.extensions [None req-d59f605e-3d3f-485d-91cb-456ce1529872 None None] Extended resource: availability_zones {{(pid=110101) __init__ /opt/stack/neutron/neutron/api/extensions.py:157}}
May 05 04:06:40 ubuntu neutron-server[110101]: DEBUG neutron.api.extensions [None req-d59f605e-3d3f-485d-91cb-456ce1529872 None None] Extended resource: flavors {{(pid=110101) __init__ /opt/stack/neutron/neutron/api/extensions.py:157}}
May 05 04:06:40 ubuntu neutron-server[110101]: DEBUG neutron.api.extensions [None req-d59f605e-3d3f-485d-91cb-456ce1529872 None None] Extended resource: service_profiles {{(pid=110101) __init__ /opt/stack/neutron/neutron/api/extensions.py:157}}
May 05 04:06:40 ubuntu neutron-server[110101]: DEBUG neutron.api.extensions [None req-d59f605e-3d3f-485d-91cb-456ce1529872 None None] Extended resource: next_providers {{(pid=110101) __init__ /opt/stack/neutron/neutron/api/extensions.py:157}}
May 05 04:06:40 ubuntu neutron-server[110101]: DEBUG neutron.api.extensions [None req-d59f605e-3d3f-485d-91cb-456ce1529872 None None] Extended resource: service_profiles {{(pid=110101) __init__ /opt/stack/neutron/neutron/api/extensions.py:157}}
May 05 04:06:40 ubuntu neutron-server[110101]: DEBUG neutron.api.extensions [None req-d59f605e-3d3f-485d-91cb-456ce1529872 None None] Extended resource: floatingip-pools {{(pid=110101) __init__ /opt/stack/neutron/neutron/api/extensions.py:157}}
May 05 04:06:40 ubuntu neutron-server[110101]: DEBUG neutron.api.extensions [None req-d59f605e-3d3f-485d-91cb-456ce1529872 None None] Extended resource: routers {{(pid=110101) __init__ /opt/stack/neutron/neutron/api/extensions.py:157}}
May 05 04:06:40 ubuntu neutron-server[110101]: DEBUG neutron.api.extensions [None req-d59f605e-3d3f-485d-91cb-456ce1529872 None None] Extended resource: floatingips {{(pid=110101) __init__ /opt/stack/neutron/neutron/api/extensions.py:157}}
May 05 04:06:40 ubuntu neutron-server[110101]: DEBUG neutron.api.extensions [None req-d59f605e-3d3f-485d-91cb-456ce1529872 None None] Extended resource: network-ip-availabilities {{(pid=110101) __init__ /opt/stack/neutron/neutron/api/extensions.py:157}}
May 05 04:06:40 ubuntu neutron-server[110101]: DEBUG neutron.api.extensions [None req-d59f605e-3d3f-485d-91cb-456ce1529872 None None] Extended resource: bindings {{(pid=110101) __init__ /opt/stack/neutron/neutron/api/extensions.py:157}}
May 05 04:06:40 ubuntu neutron-server[110101]: DEBUG neutron.api.extensions [None req-d59f605e-3d3f-485d-91cb-456ce1529872 None None] Extended resource: quotas {{(pid=110101) __init__ /opt/stack/neutron/neutron/api/extensions.py:157}}
May 05 04:06:40 ubuntu neutron-server[110101]: DEBUG neutron.api.extensions [None req-d59f605e-3d3f-485d-91cb-456ce1529872 None None] Extended resource: quotas {{(pid=110101) __init__ /opt/stack/neutron/neutron/api/extensions.py:157}}
May 05 04:06:40 ubuntu neutron-server[110101]: DEBUG neutron.api.extensions [None req-d59f605e-3d3f-485d-91cb-456ce1529872 None None] Extended resource: rbac-policies {{(pid=110101) __init__ /opt/stack/neutron/neutron/api/extensions.py:157}}
May 05 04:06:40 ubuntu neutron-server[110101]: DEBUG neutron.api.extensions [None req-d59f605e-3d3f-485d-91cb-456ce1529872 None None] Extended resource: security-groups {{(pid=110101) __init__ /opt/stack/neutron/neutron/api/extensions.py:157}}
May 05 04:06:40 ubuntu neutron-server[110101]: DEBUG neutron.api.extensions [None req-d59f605e-3d3f-485d-91cb-456ce1529872 None None] Extended resource: security-group-rules {{(pid=110101) __init__ /opt/stack/neutron/neutron/api/extensions.py:157}}
May 05 04:06:40 ubuntu neutron-server[110101]: DEBUG neutron.api.extensions [None req-d59f605e-3d3f-485d-91cb-456ce1529872 None None] Extended resource: service-providers {{(pid=110101) __init__ /opt/stack/neutron/neutron/api/extensions.py:157}}
May 05 04:06:40 ubuntu neutron-server[110101]: DEBUG neutron.api.extensions [None req-d59f605e-3d3f-485d-91cb-456ce1529872 None None] Extended resource: tags {{(pid=110101) __init__ /opt/stack/neutron/neutron/api/extensions.py:157}}
May 05 04:06:40 ubuntu neutron-server[110101]: DEBUG neutron.api.extensions [None req-d59f605e-3d3f-485d-91cb-456ce1529872 None None] Extended resource: tags {{(pid=110101) __init__ /opt/stack/neutron/neutron/api/extensions.py:157}}
May 05 04:06:40 ubuntu neutron-server[110101]: DEBUG neutron.api.extensions [None req-d59f605e-3d3f-485d-91cb-456ce1529872 None None] Extended resource: tags {{(pid=110101) __init__ /opt/stack/neutron/neutron/api/extensions.py:157}}
May 05 04:06:40 ubuntu neutron-server[110101]: DEBUG neutron.api.extensions [None req-d59f605e-3d3f-485d-91cb-456ce1529872 None None] Extended resource: tags {{(pid=110101) __init__ /opt/stack/neutron/neutron/api/extensions.py:157}}
May 05 04:06:40 ubuntu neutron-server[110101]: DEBUG neutron.api.extensions [None req-d59f605e-3d3f-485d-91cb-456ce1529872 None None] Extended resource: tags {{(pid=110101) __init__ /opt/stack/neutron/neutron/api/extensions.py:157}}
May 05 04:06:40 ubuntu neutron-server[110101]: DEBUG neutron.api.extensions [None req-d59f605e-3d3f-485d-91cb-456ce1529872 None None] Extended resource: tags {{(pid=110101) __init__ /opt/stack/neutron/neutron/api/extensions.py:157}}
May 05 04:06:40 ubuntu neutron-server[110101]: DEBUG neutron.api.extensions [None req-d59f605e-3d3f-485d-91cb-456ce1529872 None None] Extended resource: tags {{(pid=110101) __init__ /opt/stack/neutron/neutron/api/extensions.py:157}}
May 05 04:06:40 ubuntu neutron-server[110101]: DEBUG neutron.api.extensions [None req-d59f605e-3d3f-485d-91cb-456ce1529872 None None] Extended resource: tags {{(pid=110101) __init__ /opt/stack/neutron/neutron/api/extensions.py:157}}
May 05 04:06:40 ubuntu neutron-server[110101]: DEBUG neutron.api.extensions [None req-d59f605e-3d3f-485d-91cb-456ce1529872 None None] Extended resource: tags {{(pid=110101) __init__ /opt/stack/neutron/neutron/api/extensions.py:157}}
May 05 04:06:40 ubuntu neutron-server[110101]: DEBUG neutron.api.extensions [None req-d59f605e-3d3f-485d-91cb-456ce1529872 None None] Extended resource: tags {{(pid=110101) __init__ /opt/stack/neutron/neutron/api/extensions.py:157}}
May 05 04:06:40 ubuntu neutron-server[110101]: WARNING keystonemiddleware.auth_token [None req-d59f605e-3d3f-485d-91cb-456ce1529872 None None] AuthToken middleware is set with keystone_authtoken.service_token_roles_required set to False. This is backwards compatible but deprecated behaviour. Please set this to True.
May 05 04:06:40 ubuntu neutron-server[110101]: WARNING keystonemiddleware.auth_token [None req-d59f605e-3d3f-485d-91cb-456ce1529872 None None] Configuring www_authenticate_uri to point to the public identity endpoint is required; clients may not be able to authenticate against an admin endpoint
May 05 04:06:40 ubuntu neutron-server[110101]: DEBUG oslo_concurrency.lockutils [None req-d59f605e-3d3f-485d-91cb-456ce1529872 None None] Acquired lock "singleton_lock" {{(pid=110101) lock /usr/local/lib/python3.8/dist-packages/oslo_concurrency/lockutils.py:294}}
May 05 04:06:40 ubuntu neutron-server[110101]: DEBUG oslo_concurrency.lockutils [None req-d59f605e-3d3f-485d-91cb-456ce1529872 None None] Releasing lock "singleton_lock" {{(pid=110101) lock /usr/local/lib/python3.8/dist-packages/oslo_concurrency/lockutils.py:312}}
May 05 04:06:40 ubuntu neutron-server[110101]: INFO oslo_service.service [None req-d59f605e-3d3f-485d-91cb-456ce1529872 None None] Starting 2 workers
May 05 04:06:40 ubuntu neutron-server[110101]: DEBUG oslo_service.service [None req-d59f605e-3d3f-485d-91cb-456ce1529872 None None] Started child 110313 {{(pid=110101) _start_child /usr/local/lib/python3.8/dist-packages/oslo_service/service.py:575}}
May 05 04:06:40 ubuntu neutron-server[110101]: DEBUG oslo_service.service [None req-d59f605e-3d3f-485d-91cb-456ce1529872 None None] Started child 110314 {{(pid=110101) _start_child /usr/local/lib/python3.8/dist-packages/oslo_service/service.py:575}}
May 05 04:06:40 ubuntu neutron-server[110101]: INFO neutron.service [None req-d59f605e-3d3f-485d-91cb-456ce1529872 None None] Neutron service started, listening on 0.0.0.0:9696
May 05 04:06:40 ubuntu neutron-server[110101]: DEBUG neutron_lib.callbacks.manager [None req-d59f605e-3d3f-485d-91cb-456ce1529872 None None] Publish callbacks ['neutron.plugins.ml2.drivers.ovn.mech_driver.mech_driver.OVNMechanismDriver.pre_fork_initialize-1543916'] for process (None), before_spawn {{(pid=110101) _notify_loop /usr/local/lib/python3.8/dist-packages/neutron_lib/callbacks/manager.py:176}}
May 05 04:06:40 ubuntu neutron-server[110313]: DEBUG neutron_lib.callbacks.manager [-] Publish callbacks ['neutron.plugins.ml2.drivers.ovn.mech_driver.mech_driver.OVNMechanismDriver.post_fork_initialize-1543872'] for process (None), after_init {{(pid=110313) _notify_loop /usr/local/lib/python3.8/dist-packages/neutron_lib/callbacks/manager.py:176}}
May 05 04:06:40 ubuntu neutron-server[110314]: DEBUG neutron_lib.callbacks.manager [-] Publish callbacks ['neutron.plugins.ml2.drivers.ovn.mech_driver.mech_driver.OVNMechanismDriver.post_fork_initialize-1543872'] for process (None), after_init {{(pid=110314) _notify_loop /usr/local/lib/python3.8/dist-packages/neutron_lib/callbacks/manager.py:176}}
May 05 04:06:40 ubuntu neutron-server[110101]: DEBUG ovsdbapp.backend.ovs_idl [None req-d59f605e-3d3f-485d-91cb-456ce1529872 None None] Created schema index Port_Group.name {{(pid=110101) autocreate_indices /usr/local/lib/python3.8/dist-packages/ovsdbapp/backend/ovs_idl/__init__.py:104}}
May 05 04:06:40 ubuntu neutron-server[110101]: DEBUG ovsdbapp.backend.ovs_idl [None req-d59f605e-3d3f-485d-91cb-456ce1529872 None None] Created schema index Logical_Switch_Port.name {{(pid=110101) autocreate_indices /usr/local/lib/python3.8/dist-packages/ovsdbapp/backend/ovs_idl/__init__.py:104}}
May 05 04:06:40 ubuntu neutron-server[110101]: DEBUG ovsdbapp.backend.ovs_idl.transaction [-] Running txn n=1 command(idx=0): PgAddCommand(name=neutron_pg_drop, may_exist=True, columns={'acls': []}) {{(pid=110101) do_commit /usr/local/lib/python3.8/dist-packages/ovsdbapp/backend/ovs_idl/transaction.py:90}}
May 05 04:06:40 ubuntu neutron-server[110101]: DEBUG ovsdbapp.backend.ovs_idl.transaction [-] Running txn n=1 command(idx=1): PgAclAddCommand(entity=neutron_pg_drop, direction=from-lport, priority=1001, match=inport == @neutron_pg_drop && ip, action=drop, log=False, may_exist=True, severity=[], name=[], meter=None, external_ids={}) {{(pid=110101) do_commit /usr/local/lib/python3.8/dist-packages/ovsdbapp/backend/ovs_idl/transaction.py:90}}
May 05 04:06:40 ubuntu neutron-server[110101]: DEBUG ovsdbapp.backend.ovs_idl.transaction [-] Running txn n=1 command(idx=2): PgAclAddCommand(entity=neutron_pg_drop, direction=to-lport, priority=1001, match=outport == @neutron_pg_drop && ip, action=drop, log=False, may_exist=True, severity=[], name=[], meter=None, external_ids={}) {{(pid=110101) do_commit /usr/local/lib/python3.8/dist-packages/ovsdbapp/backend/ovs_idl/transaction.py:90}}
May 05 04:06:40 ubuntu neutron-server[110101]: DEBUG ovsdbapp.backend.ovs_idl.event [-] Matched CREATE: NeutronPgDropPortGroupCreated(events=('create',), table='Port_Group', conditions=(('name', '=', 'neutron_pg_drop'),), old_conditions=None), priority=10 to row=Port_Group(name=neutron_pg_drop, ports=[], external_ids={}, acls=[<ovs.db.idl.Row object at 0x7fd5c245e460>, <ovs.db.idl.Row object at 0x7fd5c2444580>]) old= {{(pid=110101) matches /usr/local/lib/python3.8/dist-packages/ovsdbapp/backend/ovs_idl/event.py:43}}
May 05 04:06:40 ubuntu neutron-server[110314]: INFO neutron.plugins.ml2.drivers.ovn.mech_driver.ovsdb.impl_idl_ovn [None req-79ff8930-6e18-4d11-80bb-973c0e6118d3 None None] Getting OvsdbNbOvnIdl for WorkerService with retry
May 05 04:06:40 ubuntu neutron-server[110313]: INFO neutron.plugins.ml2.drivers.ovn.mech_driver.ovsdb.impl_idl_ovn [None req-940d747e-31da-435c-a215-9f7f414ed047 None None] Getting OvsdbNbOvnIdl for WorkerService with retry
May 05 04:06:40 ubuntu neutron-server[110101]: DEBUG ovsdbapp.backend.ovs_idl [None req-d59f605e-3d3f-485d-91cb-456ce1529872 None None] Created lookup_table index Logical_Switch.name {{(pid=110101) autocreate_indices /usr/local/lib/python3.8/dist-packages/ovsdbapp/backend/ovs_idl/__init__.py:85}}
May 05 04:06:40 ubuntu neutron-server[110101]: DEBUG ovsdbapp.backend.ovs_idl [None req-d59f605e-3d3f-485d-91cb-456ce1529872 None None] Created lookup_table index Logical_Router.name {{(pid=110101) autocreate_indices /usr/local/lib/python3.8/dist-packages/ovsdbapp/backend/ovs_idl/__init__.py:85}}
May 05 04:06:40 ubuntu neutron-server[110101]: DEBUG ovsdbapp.backend.ovs_idl [None req-d59f605e-3d3f-485d-91cb-456ce1529872 None None] Created lookup_table index Load_Balancer.name {{(pid=110101) autocreate_indices /usr/local/lib/python3.8/dist-packages/ovsdbapp/backend/ovs_idl/__init__.py:85}}
May 05 04:06:40 ubuntu neutron-server[110101]: DEBUG ovsdbapp.backend.ovs_idl [None req-d59f605e-3d3f-485d-91cb-456ce1529872 None None] Created schema index Meter.name {{(pid=110101) autocreate_indices /usr/local/lib/python3.8/dist-packages/ovsdbapp/backend/ovs_idl/__init__.py:104}}
May 05 04:06:40 ubuntu neutron-server[110101]: DEBUG ovsdbapp.backend.ovs_idl [None req-d59f605e-3d3f-485d-91cb-456ce1529872 None None] Created schema index Address_Set.name {{(pid=110101) autocreate_indices /usr/local/lib/python3.8/dist-packages/ovsdbapp/backend/ovs_idl/__init__.py:104}}
May 05 04:06:40 ubuntu neutron-server[110101]: DEBUG ovsdbapp.backend.ovs_idl [None req-d59f605e-3d3f-485d-91cb-456ce1529872 None None] Created schema index HA_Chassis_Group.name {{(pid=110101) autocreate_indices /usr/local/lib/python3.8/dist-packages/ovsdbapp/backend/ovs_idl/__init__.py:104}}
May 05 04:06:40 ubuntu neutron-server[110101]: DEBUG ovsdbapp.backend.ovs_idl [None req-d59f605e-3d3f-485d-91cb-456ce1529872 None None] Created schema index Connection.target {{(pid=110101) autocreate_indices /usr/local/lib/python3.8/dist-packages/ovsdbapp/backend/ovs_idl/__init__.py:104}}
May 05 04:06:40 ubuntu neutron-server[110101]: DEBUG ovsdbapp.backend.ovs_idl [None req-d59f605e-3d3f-485d-91cb-456ce1529872 None None] Created schema index Gateway_Chassis.name {{(pid=110101) autocreate_indices /usr/local/lib/python3.8/dist-packages/ovsdbapp/backend/ovs_idl/__init__.py:104}}
May 05 04:06:40 ubuntu neutron-server[110101]: DEBUG ovsdbapp.backend.ovs_idl [None req-d59f605e-3d3f-485d-91cb-456ce1529872 None None] Created schema index Logical_Router_Port.name {{(pid=110101) autocreate_indices /usr/local/lib/python3.8/dist-packages/ovsdbapp/backend/ovs_idl/__init__.py:104}}
May 05 04:06:40 ubuntu neutron-server[110101]: DEBUG ovsdbapp.backend.ovs_idl [None req-d59f605e-3d3f-485d-91cb-456ce1529872 None None] Created schema index Port_Group.name {{(pid=110101) autocreate_indices /usr/local/lib/python3.8/dist-packages/ovsdbapp/backend/ovs_idl/__init__.py:104}}
May 05 04:06:40 ubuntu neutron-server[110101]: DEBUG ovsdbapp.backend.ovs_idl [None req-d59f605e-3d3f-485d-91cb-456ce1529872 None None] Created schema index Logical_Switch_Port.name {{(pid=110101) autocreate_indices /usr/local/lib/python3.8/dist-packages/ovsdbapp/backend/ovs_idl/__init__.py:104}}
May 05 04:06:40 ubuntu neutron-server[110314]: DEBUG ovsdbapp.backend.ovs_idl [None req-79ff8930-6e18-4d11-80bb-973c0e6118d3 None None] Created lookup_table index Logical_Switch.name {{(pid=110314) autocreate_indices /usr/local/lib/python3.8/dist-packages/ovsdbapp/backend/ovs_idl/__init__.py:85}}
May 05 04:06:40 ubuntu neutron-server[110313]: DEBUG ovsdbapp.backend.ovs_idl [None req-940d747e-31da-435c-a215-9f7f414ed047 None None] Created lookup_table index Logical_Switch.name {{(pid=110313) autocreate_indices /usr/local/lib/python3.8/dist-packages/ovsdbapp/backend/ovs_idl/__init__.py:85}}
May 05 04:06:40 ubuntu neutron-server[110313]: DEBUG ovsdbapp.backend.ovs_idl [None req-940d747e-31da-435c-a215-9f7f414ed047 None None] Created lookup_table index Logical_Router.name {{(pid=110313) autocreate_indices /usr/local/lib/python3.8/dist-packages/ovsdbapp/backend/ovs_idl/__init__.py:85}}
May 05 04:06:40 ubuntu neutron-server[110313]: DEBUG ovsdbapp.backend.ovs_idl [None req-940d747e-31da-435c-a215-9f7f414ed047 None None] Created lookup_table index Load_Balancer.name {{(pid=110313) autocreate_indices /usr/local/lib/python3.8/dist-packages/ovsdbapp/backend/ovs_idl/__init__.py:85}}
May 05 04:06:40 ubuntu neutron-server[110314]: DEBUG ovsdbapp.backend.ovs_idl [None req-79ff8930-6e18-4d11-80bb-973c0e6118d3 None None] Created lookup_table index Logical_Router.name {{(pid=110314) autocreate_indices /usr/local/lib/python3.8/dist-packages/ovsdbapp/backend/ovs_idl/__init__.py:85}}
May 05 04:06:40 ubuntu neutron-server[110313]: DEBUG ovsdbapp.backend.ovs_idl [None req-940d747e-31da-435c-a215-9f7f414ed047 None None] Created schema index Meter.name {{(pid=110313) autocreate_indices /usr/local/lib/python3.8/dist-packages/ovsdbapp/backend/ovs_idl/__init__.py:104}}
May 05 04:06:40 ubuntu neutron-server[110313]: DEBUG ovsdbapp.backend.ovs_idl [None req-940d747e-31da-435c-a215-9f7f414ed047 None None] Created schema index Address_Set.name {{(pid=110313) autocreate_indices /usr/local/lib/python3.8/dist-packages/ovsdbapp/backend/ovs_idl/__init__.py:104}}
May 05 04:06:40 ubuntu neutron-server[110313]: DEBUG ovsdbapp.backend.ovs_idl [None req-940d747e-31da-435c-a215-9f7f414ed047 None None] Created schema index HA_Chassis_Group.name {{(pid=110313) autocreate_indices /usr/local/lib/python3.8/dist-packages/ovsdbapp/backend/ovs_idl/__init__.py:104}}
May 05 04:06:40 ubuntu neutron-server[110314]: DEBUG ovsdbapp.backend.ovs_idl [None req-79ff8930-6e18-4d11-80bb-973c0e6118d3 None None] Created lookup_table index Load_Balancer.name {{(pid=110314) autocreate_indices /usr/local/lib/python3.8/dist-packages/ovsdbapp/backend/ovs_idl/__init__.py:85}}
May 05 04:06:40 ubuntu neutron-server[110313]: DEBUG ovsdbapp.backend.ovs_idl [None req-940d747e-31da-435c-a215-9f7f414ed047 None None] Created schema index Connection.target {{(pid=110313) autocreate_indices /usr/local/lib/python3.8/dist-packages/ovsdbapp/backend/ovs_idl/__init__.py:104}}
May 05 04:06:40 ubuntu neutron-server[110313]: DEBUG ovsdbapp.backend.ovs_idl [None req-940d747e-31da-435c-a215-9f7f414ed047 None None] Created schema index Gateway_Chassis.name {{(pid=110313) autocreate_indices /usr/local/lib/python3.8/dist-packages/ovsdbapp/backend/ovs_idl/__init__.py:104}}
May 05 04:06:40 ubuntu neutron-server[110313]: DEBUG ovsdbapp.backend.ovs_idl [None req-940d747e-31da-435c-a215-9f7f414ed047 None None] Created schema index Logical_Router_Port.name {{(pid=110313) autocreate_indices /usr/local/lib/python3.8/dist-packages/ovsdbapp/backend/ovs_idl/__init__.py:104}}
May 05 04:06:40 ubuntu neutron-server[110314]: DEBUG ovsdbapp.backend.ovs_idl [None req-79ff8930-6e18-4d11-80bb-973c0e6118d3 None None] Created schema index Meter.name {{(pid=110314) autocreate_indices /usr/local/lib/python3.8/dist-packages/ovsdbapp/backend/ovs_idl/__init__.py:104}}
May 05 04:06:40 ubuntu neutron-server[110313]: DEBUG ovsdbapp.backend.ovs_idl [None req-940d747e-31da-435c-a215-9f7f414ed047 None None] Created schema index Port_Group.name {{(pid=110313) autocreate_indices /usr/local/lib/python3.8/dist-packages/ovsdbapp/backend/ovs_idl/__init__.py:104}}
May 05 04:06:40 ubuntu neutron-server[110313]: DEBUG ovsdbapp.backend.ovs_idl [None req-940d747e-31da-435c-a215-9f7f414ed047 None None] Created schema index Logical_Switch_Port.name {{(pid=110313) autocreate_indices /usr/local/lib/python3.8/dist-packages/ovsdbapp/backend/ovs_idl/__init__.py:104}}
May 05 04:06:40 ubuntu neutron-server[110314]: DEBUG ovsdbapp.backend.ovs_idl [None req-79ff8930-6e18-4d11-80bb-973c0e6118d3 None None] Created schema index Address_Set.name {{(pid=110314) autocreate_indices /usr/local/lib/python3.8/dist-packages/ovsdbapp/backend/ovs_idl/__init__.py:104}}
May 05 04:06:40 ubuntu neutron-server[110313]: INFO ovsdbapp.backend.ovs_idl.vlog [None req-940d747e-31da-435c-a215-9f7f414ed047 None None] tcp:192.168.79.43:6641: connecting...
May 05 04:06:40 ubuntu neutron-server[110314]: DEBUG ovsdbapp.backend.ovs_idl [None req-79ff8930-6e18-4d11-80bb-973c0e6118d3 None None] Created schema index HA_Chassis_Group.name {{(pid=110314) autocreate_indices /usr/local/lib/python3.8/dist-packages/ovsdbapp/backend/ovs_idl/__init__.py:104}}
May 05 04:06:40 ubuntu neutron-server[110313]: INFO ovsdbapp.backend.ovs_idl.vlog [None req-940d747e-31da-435c-a215-9f7f414ed047 None None] tcp:192.168.79.43:6641: connected
May 05 04:06:40 ubuntu neutron-server[110314]: DEBUG ovsdbapp.backend.ovs_idl [None req-79ff8930-6e18-4d11-80bb-973c0e6118d3 None None] Created schema index Connection.target {{(pid=110314) autocreate_indices /usr/local/lib/python3.8/dist-packages/ovsdbapp/backend/ovs_idl/__init__.py:104}}
May 05 04:06:40 ubuntu neutron-server[110314]: DEBUG ovsdbapp.backend.ovs_idl [None req-79ff8930-6e18-4d11-80bb-973c0e6118d3 None None] Created schema index Gateway_Chassis.name {{(pid=110314) autocreate_indices /usr/local/lib/python3.8/dist-packages/ovsdbapp/backend/ovs_idl/__init__.py:104}}
May 05 04:06:40 ubuntu neutron-server[110314]: DEBUG ovsdbapp.backend.ovs_idl [None req-79ff8930-6e18-4d11-80bb-973c0e6118d3 None None] Created schema index Logical_Router_Port.name {{(pid=110314) autocreate_indices /usr/local/lib/python3.8/dist-packages/ovsdbapp/backend/ovs_idl/__init__.py:104}}
May 05 04:06:40 ubuntu neutron-server[110314]: DEBUG ovsdbapp.backend.ovs_idl [None req-79ff8930-6e18-4d11-80bb-973c0e6118d3 None None] Created schema index Port_Group.name {{(pid=110314) autocreate_indices /usr/local/lib/python3.8/dist-packages/ovsdbapp/backend/ovs_idl/__init__.py:104}}
May 05 04:06:40 ubuntu neutron-server[110314]: DEBUG ovsdbapp.backend.ovs_idl [None req-79ff8930-6e18-4d11-80bb-973c0e6118d3 None None] Created schema index Logical_Switch_Port.name {{(pid=110314) autocreate_indices /usr/local/lib/python3.8/dist-packages/ovsdbapp/backend/ovs_idl/__init__.py:104}}
May 05 04:06:40 ubuntu neutron-server[110314]: INFO ovsdbapp.backend.ovs_idl.vlog [None req-79ff8930-6e18-4d11-80bb-973c0e6118d3 None None] tcp:192.168.79.43:6641: connecting...
May 05 04:06:40 ubuntu neutron-server[110314]: INFO ovsdbapp.backend.ovs_idl.vlog [None req-79ff8930-6e18-4d11-80bb-973c0e6118d3 None None] tcp:192.168.79.43:6641: connected
May 05 04:06:40 ubuntu neutron-server[110101]: DEBUG ovsdbapp.backend.ovs_idl [None req-d59f605e-3d3f-485d-91cb-456ce1529872 None None] Created lookup_table index Chassis.name {{(pid=110101) autocreate_indices /usr/local/lib/python3.8/dist-packages/ovsdbapp/backend/ovs_idl/__init__.py:85}}
May 05 04:06:40 ubuntu neutron-server[110101]: DEBUG ovsdbapp.backend.ovs_idl [None req-d59f605e-3d3f-485d-91cb-456ce1529872 None None] Created lookup_table index MAC_Binding.ip {{(pid=110101) autocreate_indices /usr/local/lib/python3.8/dist-packages/ovsdbapp/backend/ovs_idl/__init__.py:85}}
May 05 04:06:40 ubuntu neutron-server[110101]: DEBUG ovsdbapp.backend.ovs_idl [None req-d59f605e-3d3f-485d-91cb-456ce1529872 None None] Created schema index Meter.name {{(pid=110101) autocreate_indices /usr/local/lib/python3.8/dist-packages/ovsdbapp/backend/ovs_idl/__init__.py:104}}
May 05 04:06:40 ubuntu neutron-server[110101]: DEBUG ovsdbapp.backend.ovs_idl [None req-d59f605e-3d3f-485d-91cb-456ce1529872 None None] Created schema index Address_Set.name {{(pid=110101) autocreate_indices /usr/local/lib/python3.8/dist-packages/ovsdbapp/backend/ovs_idl/__init__.py:104}}
May 05 04:06:40 ubuntu neutron-server[110101]: DEBUG ovsdbapp.backend.ovs_idl [None req-d59f605e-3d3f-485d-91cb-456ce1529872 None None] Created schema index HA_Chassis_Group.name {{(pid=110101) autocreate_indices /usr/local/lib/python3.8/dist-packages/ovsdbapp/backend/ovs_idl/__init__.py:104}}
May 05 04:06:40 ubuntu neutron-server[110101]: DEBUG ovsdbapp.backend.ovs_idl [None req-d59f605e-3d3f-485d-91cb-456ce1529872 None None] Created schema index IP_Multicast.datapath {{(pid=110101) autocreate_indices /usr/local/lib/python3.8/dist-packages/ovsdbapp/backend/ovs_idl/__init__.py:104}}
May 05 04:06:40 ubuntu neutron-server[110101]: DEBUG ovsdbapp.backend.ovs_idl [None req-d59f605e-3d3f-485d-91cb-456ce1529872 None None] Created schema index Connection.target {{(pid=110101) autocreate_indices /usr/local/lib/python3.8/dist-packages/ovsdbapp/backend/ovs_idl/__init__.py:104}}
May 05 04:06:40 ubuntu neutron-server[110101]: DEBUG ovsdbapp.backend.ovs_idl [None req-d59f605e-3d3f-485d-91cb-456ce1529872 None None] Created schema index Gateway_Chassis.name {{(pid=110101) autocreate_indices /usr/local/lib/python3.8/dist-packages/ovsdbapp/backend/ovs_idl/__init__.py:104}}
May 05 04:06:40 ubuntu neutron-server[110101]: DEBUG ovsdbapp.backend.ovs_idl [None req-d59f605e-3d3f-485d-91cb-456ce1529872 None None] Created schema index Port_Group.name {{(pid=110101) autocreate_indices /usr/local/lib/python3.8/dist-packages/ovsdbapp/backend/ovs_idl/__init__.py:104}}
May 05 04:06:40 ubuntu neutron-server[110101]: DEBUG ovsdbapp.backend.ovs_idl [None req-d59f605e-3d3f-485d-91cb-456ce1529872 None None] Created schema index Datapath_Binding.tunnel_key {{(pid=110101) autocreate_indices /usr/local/lib/python3.8/dist-packages/ovsdbapp/backend/ovs_idl/__init__.py:104}}
May 05 04:06:40 ubuntu neutron-server[110313]: DEBUG neutron.common.ovn.hash_ring_manager [None req-940d747e-31da-435c-a215-9f7f414ed047 None None] Allow caching, nodes 2>=2 {{(pid=110313) _wait_startup_before_caching /opt/stack/neutron/neutron/common/ovn/hash_ring_manager.py:60}}
May 05 04:06:40 ubuntu neutron-server[110314]: DEBUG neutron.common.ovn.hash_ring_manager [None req-79ff8930-6e18-4d11-80bb-973c0e6118d3 None None] Allow caching, nodes 2>=2 {{(pid=110314) _wait_startup_before_caching /opt/stack/neutron/neutron/common/ovn/hash_ring_manager.py:60}}
May 05 04:06:40 ubuntu neutron-server[110313]: DEBUG neutron.plugins.ml2.drivers.ovn.mech_driver.ovsdb.ovsdb_monitor [None req-940d747e-31da-435c-a215-9f7f414ed047 None None] Hash Ring: Node a007e231-29f3-4db4-9982-4c3c68c08b09 (host: ubuntu) handling event "create" for row 2a1f475b-1a28-49c9-b199-96612a9cf438 (table: Database) {{(pid=110313) notify /opt/stack/neutron/neutron/plugins/ml2/drivers/ovn/mech_driver/ovsdb/ovsdb_monitor.py:815}}
May 05 04:06:40 ubuntu neutron-server[110314]: DEBUG neutron.plugins.ml2.drivers.ovn.mech_driver.ovsdb.ovsdb_monitor [None req-79ff8930-6e18-4d11-80bb-973c0e6118d3 None None] Hash Ring: Node a1c05ca4-1e5a-4438-a9b4-de246b36f079 (host: ubuntu) handling event "create" for row 7ffe61b4-0186-42f3-981f-0e088011e158 (table: Database) {{(pid=110314) notify /opt/stack/neutron/neutron/plugins/ml2/drivers/ovn/mech_driver/ovsdb/ovsdb_monitor.py:815}}
May 05 04:06:40 ubuntu neutron-server[110313]: DEBUG neutron.plugins.ml2.drivers.ovn.mech_driver.ovsdb.ovsdb_monitor [None req-940d747e-31da-435c-a215-9f7f414ed047 None None] Hash Ring: Node a007e231-29f3-4db4-9982-4c3c68c08b09 (host: ubuntu) handling event "create" for row 0a7ac3f7-c186-4edb-b680-0a4e4bdc69b6 (table: NB_Global) {{(pid=110313) notify /opt/stack/neutron/neutron/plugins/ml2/drivers/ovn/mech_driver/ovsdb/ovsdb_monitor.py:815}}
May 05 04:06:40 ubuntu neutron-server[110313]: DEBUG neutron.plugins.ml2.drivers.ovn.mech_driver.ovsdb.ovsdb_monitor [None req-940d747e-31da-435c-a215-9f7f414ed047 None None] Hash Ring: Node a007e231-29f3-4db4-9982-4c3c68c08b09 (host: ubuntu) handling event "create" for row d9446ba5-1171-4518-847e-5d8587b4535b (table: ACL) {{(pid=110313) notify /opt/stack/neutron/neutron/plugins/ml2/drivers/ovn/mech_driver/ovsdb/ovsdb_monitor.py:815}}
May 05 04:06:40 ubuntu neutron-server[110313]: DEBUG neutron.plugins.ml2.drivers.ovn.mech_driver.ovsdb.ovsdb_monitor [None req-940d747e-31da-435c-a215-9f7f414ed047 None None] Hash Ring: Node a007e231-29f3-4db4-9982-4c3c68c08b09 (host: ubuntu) handling event "create" for row d4bd1ab9-1e1c-4058-bd36-40f765ca7dae (table: ACL) {{(pid=110313) notify /opt/stack/neutron/neutron/plugins/ml2/drivers/ovn/mech_driver/ovsdb/ovsdb_monitor.py:815}}
May 05 04:06:40 ubuntu neutron-server[110313]: INFO neutron.plugins.ml2.drivers.ovn.mech_driver.ovsdb.impl_idl_ovn [None req-940d747e-31da-435c-a215-9f7f414ed047 None None] Getting OvsdbSbOvnIdl for WorkerService with retry
May 05 04:06:40 ubuntu neutron-server[110314]: DEBUG neutron.plugins.ml2.drivers.ovn.mech_driver.ovsdb.ovsdb_monitor [None req-79ff8930-6e18-4d11-80bb-973c0e6118d3 None None] Hash Ring: Node a1c05ca4-1e5a-4438-a9b4-de246b36f079 (host: ubuntu) handling event "create" for row ad58c9dc-8c27-43f5-8b03-8e9cfe12ee31 (table: Port_Group) {{(pid=110314) notify /opt/stack/neutron/neutron/plugins/ml2/drivers/ovn/mech_driver/ovsdb/ovsdb_monitor.py:815}}
May 05 04:06:40 ubuntu neutron-server[110314]: DEBUG neutron.plugins.ml2.drivers.ovn.mech_driver.ovsdb.ovsdb_monitor [None req-79ff8930-6e18-4d11-80bb-973c0e6118d3 None None] Hash Ring: Node a1c05ca4-1e5a-4438-a9b4-de246b36f079 (host: ubuntu) handling event "create" for row e392380a-fd53-493f-9e42-f008f07c628a (table: Connection) {{(pid=110314) notify /opt/stack/neutron/neutron/plugins/ml2/drivers/ovn/mech_driver/ovsdb/ovsdb_monitor.py:815}}
May 05 04:06:40 ubuntu neutron-server[110314]: INFO neutron.plugins.ml2.drivers.ovn.mech_driver.ovsdb.impl_idl_ovn [None req-79ff8930-6e18-4d11-80bb-973c0e6118d3 None None] Getting OvsdbSbOvnIdl for WorkerService with retry
May 05 04:06:40 ubuntu neutron-server[110313]: DEBUG ovsdbapp.backend.ovs_idl [None req-940d747e-31da-435c-a215-9f7f414ed047 None None] Created lookup_table index Chassis.name {{(pid=110313) autocreate_indices /usr/local/lib/python3.8/dist-packages/ovsdbapp/backend/ovs_idl/__init__.py:85}}
May 05 04:06:40 ubuntu neutron-server[110313]: DEBUG ovsdbapp.backend.ovs_idl [None req-940d747e-31da-435c-a215-9f7f414ed047 None None] Created schema index Datapath_Binding.tunnel_key {{(pid=110313) autocreate_indices /usr/local/lib/python3.8/dist-packages/ovsdbapp/backend/ovs_idl/__init__.py:104}}
May 05 04:06:40 ubuntu neutron-server[110313]: DEBUG ovsdbapp.backend.ovs_idl [None req-940d747e-31da-435c-a215-9f7f414ed047 None None] Created schema index Connection.target {{(pid=110313) autocreate_indices /usr/local/lib/python3.8/dist-packages/ovsdbapp/backend/ovs_idl/__init__.py:104}}
May 05 04:06:40 ubuntu neutron-server[110313]: INFO ovsdbapp.backend.ovs_idl.vlog [None req-940d747e-31da-435c-a215-9f7f414ed047 None None] tcp:192.168.79.43:6642: connecting...
May 05 04:06:40 ubuntu neutron-server[110313]: INFO ovsdbapp.backend.ovs_idl.vlog [None req-940d747e-31da-435c-a215-9f7f414ed047 None None] tcp:192.168.79.43:6642: connected
May 05 04:06:40 ubuntu neutron-server[110314]: DEBUG ovsdbapp.backend.ovs_idl [None req-79ff8930-6e18-4d11-80bb-973c0e6118d3 None None] Created lookup_table index Chassis.name {{(pid=110314) autocreate_indices /usr/local/lib/python3.8/dist-packages/ovsdbapp/backend/ovs_idl/__init__.py:85}}
May 05 04:06:40 ubuntu neutron-server[110314]: DEBUG ovsdbapp.backend.ovs_idl [None req-79ff8930-6e18-4d11-80bb-973c0e6118d3 None None] Created schema index Datapath_Binding.tunnel_key {{(pid=110314) autocreate_indices /usr/local/lib/python3.8/dist-packages/ovsdbapp/backend/ovs_idl/__init__.py:104}}
May 05 04:06:40 ubuntu neutron-server[110314]: DEBUG ovsdbapp.backend.ovs_idl [None req-79ff8930-6e18-4d11-80bb-973c0e6118d3 None None] Created schema index Connection.target {{(pid=110314) autocreate_indices /usr/local/lib/python3.8/dist-packages/ovsdbapp/backend/ovs_idl/__init__.py:104}}
May 05 04:06:40 ubuntu neutron-server[110314]: INFO ovsdbapp.backend.ovs_idl.vlog [None req-79ff8930-6e18-4d11-80bb-973c0e6118d3 None None] tcp:192.168.79.43:6642: connecting...
May 05 04:06:40 ubuntu neutron-server[110314]: INFO ovsdbapp.backend.ovs_idl.vlog [None req-79ff8930-6e18-4d11-80bb-973c0e6118d3 None None] tcp:192.168.79.43:6642: connected
May 05 04:06:40 ubuntu neutron-server[110101]: INFO oslo_service.service [None req-d59f605e-3d3f-485d-91cb-456ce1529872 None None] Starting 1 workers
May 05 04:06:40 ubuntu neutron-server[110101]: DEBUG oslo_service.service [None req-d59f605e-3d3f-485d-91cb-456ce1529872 None None] Started child 110316 {{(pid=110101) _start_child /usr/local/lib/python3.8/dist-packages/oslo_service/service.py:575}}
May 05 04:06:40 ubuntu neutron-server[110101]: INFO oslo_service.service [None req-d59f605e-3d3f-485d-91cb-456ce1529872 None None] Starting 1 workers
May 05 04:06:40 ubuntu neutron-server[110101]: DEBUG oslo_service.service [None req-d59f605e-3d3f-485d-91cb-456ce1529872 None None] Started child 110317 {{(pid=110101) _start_child /usr/local/lib/python3.8/dist-packages/oslo_service/service.py:575}}
May 05 04:06:40 ubuntu neutron-server[110101]: INFO oslo_service.service [None req-d59f605e-3d3f-485d-91cb-456ce1529872 None None] Starting 1 workers
May 05 04:06:40 ubuntu neutron-server[110101]: DEBUG oslo_service.service [None req-d59f605e-3d3f-485d-91cb-456ce1529872 None None] Started child 110318 {{(pid=110101) _start_child /usr/local/lib/python3.8/dist-packages/oslo_service/service.py:575}}
May 05 04:06:40 ubuntu neutron-server[110316]: DEBUG neutron.service [None req-d59f605e-3d3f-485d-91cb-456ce1529872 None None] calling RpcWorker wait() {{(pid=110316) _wait /opt/stack/neutron/neutron/service.py:128}}
May 05 04:06:40 ubuntu neutron-server[110316]: DEBUG neutron.service [None req-d59f605e-3d3f-485d-91cb-456ce1529872 None None] returning from RpcWorker wait() {{(pid=110316) _wait /opt/stack/neutron/neutron/service.py:135}}
May 05 04:06:40 ubuntu neutron-server[110101]: DEBUG neutron_lib.callbacks.manager [None req-d59f605e-3d3f-485d-91cb-456ce1529872 None None] Publish callbacks [] for process (None), after_spawn {{(pid=110101) _notify_loop /usr/local/lib/python3.8/dist-packages/neutron_lib/callbacks/manager.py:176}}
May 05 04:06:40 ubuntu neutron-server[110316]: DEBUG neutron_lib.callbacks.manager [-] Publish callbacks ['neutron.plugins.ml2.drivers.ovn.mech_driver.mech_driver.OVNMechanismDriver.post_fork_initialize-1543872'] for process (None), after_init {{(pid=110316) _notify_loop /usr/local/lib/python3.8/dist-packages/neutron_lib/callbacks/manager.py:176}}
May 05 04:06:40 ubuntu neutron-server[110101]: DEBUG oslo_service.service [-] Full set of CONF: {{(pid=110101) wait /usr/local/lib/python3.8/dist-packages/oslo_service/service.py:649}}
May 05 04:06:40 ubuntu neutron-server[110101]: DEBUG oslo_service.service [-] ******************************************************************************** {{(pid=110101) log_opt_values /usr/local/lib/python3.8/dist-packages/oslo_config/cfg.py:2589}}
May 05 04:06:40 ubuntu neutron-server[110101]: DEBUG oslo_service.service [-] Configuration options gathered from: {{(pid=110101) log_opt_values /usr/local/lib/python3.8/dist-packages/oslo_config/cfg.py:2590}}
May 05 04:06:40 ubuntu neutron-server[110101]: DEBUG oslo_service.service [-] command line args: ['--config-file', '/etc/neutron/neutron.conf', '--config-file', '/etc/neutron/plugins/ml2/ml2_conf.ini'] {{(pid=110101) log_opt_values /usr/local/lib/python3.8/dist-packages/oslo_config/cfg.py:2591}}
May 05 04:06:40 ubuntu neutron-server[110316]: INFO neutron.plugins.ml2.drivers.ovn.mech_driver.ovsdb.impl_idl_ovn [-] Getting OvsdbNbOvnIdl for RpcWorker with retry
May 05 04:06:40 ubuntu neutron-server[110101]: DEBUG oslo_service.service [-] config files: ['/etc/neutron/neutron.conf', '/etc/neutron/plugins/ml2/ml2_conf.ini'] {{(pid=110101) log_opt_values /usr/local/lib/python3.8/dist-packages/oslo_config/cfg.py:2592}}
May 05 04:06:40 ubuntu neutron-server[110101]: DEBUG oslo_service.service [-] ================================================================================ {{(pid=110101) log_opt_values /usr/local/lib/python3.8/dist-packages/oslo_config/cfg.py:2594}}
May 05 04:06:40 ubuntu neutron-server[110101]: DEBUG oslo_service.service [-] agent_down_time                = 75 {{(pid=110101) log_opt_values /usr/local/lib/python3.8/dist-packages/oslo_config/cfg.py:2602}}
May 05 04:06:40 ubuntu neutron-server[110101]: DEBUG oslo_service.service [-] allow_automatic_dhcp_failover  = True {{(pid=110101) log_opt_values /usr/local/lib/python3.8/dist-packages/oslo_config/cfg.py:2602}}
May 05 04:06:40 ubuntu neutron-server[110101]: DEBUG oslo_service.service [-] allow_bulk                     = True {{(pid=110101) log_opt_values /usr/local/lib/python3.8/dist-packages/oslo_config/cfg.py:2602}}
May 05 04:06:40 ubuntu neutron-server[110101]: DEBUG oslo_service.service [-] allowed_conntrack_helpers      = [{'amanda': 'tcp'}, {'ftp': 'tcp'}, {'h323': 'udp'}, {'h323': 'tcp'}, {'irc': 'tcp'}, {'netbios-ns': 'udp'}, {'pptp': 'tcp'}, {'sane': 'tcp'}, {'sip': 'udp'}, {'sip': 'tcp'}, {'snmp': 'udp'}, {'tftp': 'udp'}] {{(pid=110101) log_opt_values /usr/local/lib/python3.8/dist-packages/oslo_config/cfg.py:2602}}
May 05 04:06:40 ubuntu neutron-server[110101]: DEBUG oslo_service.service [-] api_extensions_path            =  {{(pid=110101) log_opt_values /usr/local/lib/python3.8/dist-packages/oslo_config/cfg.py:2602}}
May 05 04:06:40 ubuntu neutron-server[110101]: DEBUG oslo_service.service [-] api_paste_config               = api-paste.ini {{(pid=110101) log_opt_values /usr/local/lib/python3.8/dist-packages/oslo_config/cfg.py:2602}}
May 05 04:06:40 ubuntu neutron-server[110101]: DEBUG oslo_service.service [-] api_workers                    = 2 {{(pid=110101) log_opt_values /usr/local/lib/python3.8/dist-packages/oslo_config/cfg.py:2602}}
May 05 04:06:40 ubuntu neutron-server[110101]: DEBUG oslo_service.service [-] auth_strategy                  = keystone {{(pid=110101) log_opt_values /usr/local/lib/python3.8/dist-packages/oslo_config/cfg.py:2602}}
May 05 04:06:40 ubuntu neutron-server[110101]: DEBUG oslo_service.service [-] backdoor_port                  = None {{(pid=110101) log_opt_values /usr/local/lib/python3.8/dist-packages/oslo_config/cfg.py:2602}}
May 05 04:06:40 ubuntu neutron-server[110101]: DEBUG oslo_service.service [-] backdoor_socket                = None {{(pid=110101) log_opt_values /usr/local/lib/python3.8/dist-packages/oslo_config/cfg.py:2602}}
May 05 04:06:40 ubuntu neutron-server[110101]: DEBUG oslo_service.service [-] backlog                        = 4096 {{(pid=110101) log_opt_values /usr/local/lib/python3.8/dist-packages/oslo_config/cfg.py:2602}}
May 05 04:06:40 ubuntu neutron-server[110101]: DEBUG oslo_service.service [-] base_mac                       = fa:16:3e:00:00:00 {{(pid=110101) log_opt_values /usr/local/lib/python3.8/dist-packages/oslo_config/cfg.py:2602}}
May 05 04:06:40 ubuntu neutron-server[110101]: DEBUG oslo_service.service [-] bind_host                      = 0.0.0.0 {{(pid=110101) log_opt_values /usr/local/lib/python3.8/dist-packages/oslo_config/cfg.py:2602}}
May 05 04:06:40 ubuntu neutron-server[110101]: DEBUG oslo_service.service [-] bind_port                      = 9696 {{(pid=110101) log_opt_values /usr/local/lib/python3.8/dist-packages/oslo_config/cfg.py:2602}}
May 05 04:06:40 ubuntu neutron-server[110101]: DEBUG oslo_service.service [-] client_socket_timeout          = 900 {{(pid=110101) log_opt_values /usr/local/lib/python3.8/dist-packages/oslo_config/cfg.py:2602}}
May 05 04:06:40 ubuntu neutron-server[110101]: DEBUG oslo_service.service [-] config_dir                     = [] {{(pid=110101) log_opt_values /usr/local/lib/python3.8/dist-packages/oslo_config/cfg.py:2602}}
May 05 04:06:40 ubuntu neutron-server[110101]: DEBUG oslo_service.service [-] config_file                    = ['/etc/neutron/neutron.conf', '/etc/neutron/plugins/ml2/ml2_conf.ini'] {{(pid=110101) log_opt_values /usr/local/lib/python3.8/dist-packages/oslo_config/cfg.py:2602}}
May 05 04:06:40 ubuntu neutron-server[110101]: DEBUG oslo_service.service [-] config_source                  = [] {{(pid=110101) log_opt_values /usr/local/lib/python3.8/dist-packages/oslo_config/cfg.py:2602}}
May 05 04:06:40 ubuntu neutron-server[110101]: DEBUG oslo_service.service [-] control_exchange               = neutron {{(pid=110101) log_opt_values /usr/local/lib/python3.8/dist-packages/oslo_config/cfg.py:2602}}
May 05 04:06:40 ubuntu neutron-server[110101]: DEBUG oslo_service.service [-] core_plugin                    = ml2 {{(pid=110101) log_opt_values /usr/local/lib/python3.8/dist-packages/oslo_config/cfg.py:2602}}
