May 12 17:30:53 ubuntu neutron-server[125096]: DEBUG neutron.api.extensions [None req-0c252966-3ba5-4372-b534-3dfb8cb2d6ed None None] Ext name="Uplink status propagation extension" alias="uplink-status-propagation" description="Provides ability to propagate port uplink status." updated="2018-05-31T18:00:00-00:00" {{(pid=125096) _check_extension /opt/stack/neutron/neutron/api/extensions.py:416}}
May 12 17:30:53 ubuntu neutron-server[125096]: INFO neutron.api.extensions [None req-0c252966-3ba5-4372-b534-3dfb8cb2d6ed None None] Extension uplink-status-propagation not supported by any of loaded plugins
May 12 17:30:53 ubuntu neutron-server[125096]: DEBUG neutron.api.extensions [None req-0c252966-3ba5-4372-b534-3dfb8cb2d6ed None None] Loading extension file: vlantransparent.py {{(pid=125096) _load_all_extensions_from_path /opt/stack/neutron/neutron/api/extensions.py:450}}
May 12 17:30:53 ubuntu neutron-server[125096]: DEBUG neutron.api.extensions [None req-0c252966-3ba5-4372-b534-3dfb8cb2d6ed None None] Ext name="Vlantransparent" alias="vlan-transparent" description="Provides Vlan Transparent Networks" updated="2015-03-23T09:00:00-00:00" {{(pid=125096) _check_extension /opt/stack/neutron/neutron/api/extensions.py:416}}
May 12 17:30:53 ubuntu neutron-server[125096]: INFO neutron.api.extensions [None req-0c252966-3ba5-4372-b534-3dfb8cb2d6ed None None] Extension vlan-transparent not supported by any of loaded plugins
May 12 17:30:53 ubuntu neutron-server[125096]: INFO neutron.quota.resource_registry [None req-0c252966-3ba5-4372-b534-3dfb8cb2d6ed None None] Creating instance of TrackedResource for resource:network
May 12 17:30:53 ubuntu neutron-server[125096]: INFO neutron.quota.resource_registry [None req-0c252966-3ba5-4372-b534-3dfb8cb2d6ed None None] Creating instance of TrackedResource for resource:subnet
May 12 17:30:53 ubuntu neutron-server[125096]: INFO neutron.quota.resource_registry [None req-0c252966-3ba5-4372-b534-3dfb8cb2d6ed None None] Creating instance of TrackedResource for resource:subnetpool
May 12 17:30:53 ubuntu neutron-server[125096]: INFO neutron.quota.resource_registry [None req-0c252966-3ba5-4372-b534-3dfb8cb2d6ed None None] Creating instance of TrackedResource for resource:port
May 12 17:30:53 ubuntu neutron-server[125096]: DEBUG neutron.api.v2.resource_helper [None req-0c252966-3ba5-4372-b534-3dfb8cb2d6ed None None] Service FLAVORS assigned prefix:  {{(pid=125096) build_resource_info /opt/stack/neutron/neutron/api/v2/resource_helper.py:77}}
May 12 17:30:53 ubuntu neutron-server[125096]: DEBUG neutron.api.v2.resource_helper [None req-0c252966-3ba5-4372-b534-3dfb8cb2d6ed None None] Service L3_ROUTER_NAT assigned prefix:  {{(pid=125096) build_resource_info /opt/stack/neutron/neutron/api/v2/resource_helper.py:77}}
May 12 17:30:53 ubuntu neutron-server[125096]: DEBUG neutron.api.v2.resource_helper [None req-0c252966-3ba5-4372-b534-3dfb8cb2d6ed None None] Service L3_ROUTER_NAT assigned prefix:  {{(pid=125096) build_resource_info /opt/stack/neutron/neutron/api/v2/resource_helper.py:77}}
May 12 17:30:53 ubuntu neutron-server[125096]: INFO neutron.quota.resource_registry [None req-0c252966-3ba5-4372-b534-3dfb8cb2d6ed None None] Creating instance of TrackedResource for resource:router
May 12 17:30:53 ubuntu neutron-server[125096]: INFO neutron.quota.resource_registry [None req-0c252966-3ba5-4372-b534-3dfb8cb2d6ed None None] Creating instance of TrackedResource for resource:floatingip
May 12 17:30:53 ubuntu neutron-server[125096]: DEBUG neutron_lib.callbacks.manager [None req-0c252966-3ba5-4372-b534-3dfb8cb2d6ed None None] Subscribe: <bound method NeutronDbPluginV2.validate_network_rbac_policy_change of <neutron.services.network_ip_availability.plugin.NetworkIPAvailabilityPlugin object at 0x7f385d5064c0>> rbac-policy before_create 55550000 {{(pid=125096) subscribe /usr/local/lib/python3.8/dist-packages/neutron_lib/callbacks/manager.py:45}}
May 12 17:30:53 ubuntu neutron-server[125096]: DEBUG neutron_lib.callbacks.manager [None req-0c252966-3ba5-4372-b534-3dfb8cb2d6ed None None] Subscribe: <bound method NeutronDbPluginV2.validate_network_rbac_policy_change of <neutron.services.network_ip_availability.plugin.NetworkIPAvailabilityPlugin object at 0x7f385d5064c0>> rbac-policy before_update 55550000 {{(pid=125096) subscribe /usr/local/lib/python3.8/dist-packages/neutron_lib/callbacks/manager.py:45}}
May 12 17:30:53 ubuntu neutron-server[125096]: DEBUG neutron_lib.callbacks.manager [None req-0c252966-3ba5-4372-b534-3dfb8cb2d6ed None None] Subscribe: <bound method NeutronDbPluginV2.validate_network_rbac_policy_change of <neutron.services.network_ip_availability.plugin.NetworkIPAvailabilityPlugin object at 0x7f385d5064c0>> rbac-policy before_delete 55550000 {{(pid=125096) subscribe /usr/local/lib/python3.8/dist-packages/neutron_lib/callbacks/manager.py:45}}
May 12 17:30:53 ubuntu neutron-server[125096]: INFO neutron.quota.resource_registry [None req-0c252966-3ba5-4372-b534-3dfb8cb2d6ed None None] Creating instance of CountableResource for resource:rbac_policy
May 12 17:30:53 ubuntu neutron-server[125096]: INFO neutron.quota.resource_registry [None req-0c252966-3ba5-4372-b534-3dfb8cb2d6ed None None] Creating instance of TrackedResource for resource:security_group
May 12 17:30:53 ubuntu neutron-server[125096]: INFO neutron.quota.resource_registry [None req-0c252966-3ba5-4372-b534-3dfb8cb2d6ed None None] Creating instance of TrackedResource for resource:security_group_rule
May 12 17:30:53 ubuntu neutron-server[125096]: DEBUG neutron.api.v2.resource_helper [None req-0c252966-3ba5-4372-b534-3dfb8cb2d6ed None None] Service FLAVORS assigned prefix:  {{(pid=125096) build_resource_info /opt/stack/neutron/neutron/api/v2/resource_helper.py:77}}
May 12 17:30:53 ubuntu neutron-server[125096]: DEBUG neutron.api.v2.resource_helper [None req-0c252966-3ba5-4372-b534-3dfb8cb2d6ed None None] Service L3_ROUTER_NAT assigned prefix:  {{(pid=125096) build_resource_info /opt/stack/neutron/neutron/api/v2/resource_helper.py:77}}
May 12 17:30:53 ubuntu neutron-server[125096]: DEBUG neutron.api.v2.resource_helper [None req-0c252966-3ba5-4372-b534-3dfb8cb2d6ed None None] Service L3_ROUTER_NAT assigned prefix:  {{(pid=125096) build_resource_info /opt/stack/neutron/neutron/api/v2/resource_helper.py:77}}
May 12 17:30:53 ubuntu neutron-server[125096]: INFO neutron.quota.resource_registry [None req-0c252966-3ba5-4372-b534-3dfb8cb2d6ed None None] Creating instance of TrackedResource for resource:router
May 12 17:30:53 ubuntu neutron-server[125096]: WARNING neutron.quota.resource_registry [None req-0c252966-3ba5-4372-b534-3dfb8cb2d6ed None None] router is already registered
May 12 17:30:53 ubuntu neutron-server[125096]: INFO neutron.quota.resource_registry [None req-0c252966-3ba5-4372-b534-3dfb8cb2d6ed None None] Creating instance of TrackedResource for resource:floatingip
May 12 17:30:53 ubuntu neutron-server[125096]: WARNING neutron.quota.resource_registry [None req-0c252966-3ba5-4372-b534-3dfb8cb2d6ed None None] floatingip is already registered
May 12 17:30:53 ubuntu neutron-server[125096]: INFO neutron.quota.resource_registry [None req-0c252966-3ba5-4372-b534-3dfb8cb2d6ed None None] Creating instance of CountableResource for resource:rbac_policy
May 12 17:30:53 ubuntu neutron-server[125096]: WARNING neutron.quota.resource_registry [None req-0c252966-3ba5-4372-b534-3dfb8cb2d6ed None None] rbac_policy is already registered
May 12 17:30:53 ubuntu neutron-server[125096]: INFO neutron.quota.resource_registry [None req-0c252966-3ba5-4372-b534-3dfb8cb2d6ed None None] Creating instance of TrackedResource for resource:security_group
May 12 17:30:53 ubuntu neutron-server[125096]: WARNING neutron.quota.resource_registry [None req-0c252966-3ba5-4372-b534-3dfb8cb2d6ed None None] security_group is already registered
May 12 17:30:53 ubuntu neutron-server[125096]: INFO neutron.quota.resource_registry [None req-0c252966-3ba5-4372-b534-3dfb8cb2d6ed None None] Creating instance of TrackedResource for resource:security_group_rule
May 12 17:30:53 ubuntu neutron-server[125096]: WARNING neutron.quota.resource_registry [None req-0c252966-3ba5-4372-b534-3dfb8cb2d6ed None None] security_group_rule is already registered
May 12 17:30:53 ubuntu neutron-server[125096]: DEBUG neutron.api.extensions [None req-0c252966-3ba5-4372-b534-3dfb8cb2d6ed None None] Extended resource: extensions {{(pid=125096) __init__ /opt/stack/neutron/neutron/api/extensions.py:157}}
May 12 17:30:53 ubuntu neutron-server[125096]: DEBUG neutron.api.extensions [None req-0c252966-3ba5-4372-b534-3dfb8cb2d6ed None None] Extended resource: address-groups {{(pid=125096) __init__ /opt/stack/neutron/neutron/api/extensions.py:157}}
May 12 17:30:53 ubuntu neutron-server[125096]: DEBUG neutron.api.extensions [None req-0c252966-3ba5-4372-b534-3dfb8cb2d6ed None None] Extended resource: address-scopes {{(pid=125096) __init__ /opt/stack/neutron/neutron/api/extensions.py:157}}
May 12 17:30:53 ubuntu neutron-server[125096]: DEBUG neutron.api.extensions [None req-0c252966-3ba5-4372-b534-3dfb8cb2d6ed None None] Extended resource: agents {{(pid=125096) __init__ /opt/stack/neutron/neutron/api/extensions.py:157}}
May 12 17:30:53 ubuntu neutron-server[125096]: DEBUG neutron.api.extensions [None req-0c252966-3ba5-4372-b534-3dfb8cb2d6ed None None] Extended resource: auto-allocated-topology {{(pid=125096) __init__ /opt/stack/neutron/neutron/api/extensions.py:157}}
May 12 17:30:53 ubuntu neutron-server[125096]: DEBUG neutron.api.extensions [None req-0c252966-3ba5-4372-b534-3dfb8cb2d6ed None None] Extended resource: availability_zones {{(pid=125096) __init__ /opt/stack/neutron/neutron/api/extensions.py:157}}
May 12 17:30:53 ubuntu neutron-server[125096]: DEBUG neutron.api.extensions [None req-0c252966-3ba5-4372-b534-3dfb8cb2d6ed None None] Extended resource: flavors {{(pid=125096) __init__ /opt/stack/neutron/neutron/api/extensions.py:157}}
May 12 17:30:53 ubuntu neutron-server[125096]: DEBUG neutron.api.extensions [None req-0c252966-3ba5-4372-b534-3dfb8cb2d6ed None None] Extended resource: service_profiles {{(pid=125096) __init__ /opt/stack/neutron/neutron/api/extensions.py:157}}
May 12 17:30:53 ubuntu neutron-server[125096]: DEBUG neutron.api.extensions [None req-0c252966-3ba5-4372-b534-3dfb8cb2d6ed None None] Extended resource: next_providers {{(pid=125096) __init__ /opt/stack/neutron/neutron/api/extensions.py:157}}
May 12 17:30:53 ubuntu neutron-server[125096]: DEBUG neutron.api.extensions [None req-0c252966-3ba5-4372-b534-3dfb8cb2d6ed None None] Extended resource: service_profiles {{(pid=125096) __init__ /opt/stack/neutron/neutron/api/extensions.py:157}}
May 12 17:30:53 ubuntu neutron-server[125096]: DEBUG neutron.api.extensions [None req-0c252966-3ba5-4372-b534-3dfb8cb2d6ed None None] Extended resource: floatingip-pools {{(pid=125096) __init__ /opt/stack/neutron/neutron/api/extensions.py:157}}
May 12 17:30:53 ubuntu neutron-server[125096]: DEBUG neutron.api.extensions [None req-0c252966-3ba5-4372-b534-3dfb8cb2d6ed None None] Extended resource: routers {{(pid=125096) __init__ /opt/stack/neutron/neutron/api/extensions.py:157}}
May 12 17:30:53 ubuntu neutron-server[125096]: DEBUG neutron.api.extensions [None req-0c252966-3ba5-4372-b534-3dfb8cb2d6ed None None] Extended resource: floatingips {{(pid=125096) __init__ /opt/stack/neutron/neutron/api/extensions.py:157}}
May 12 17:30:53 ubuntu neutron-server[125096]: DEBUG neutron.api.extensions [None req-0c252966-3ba5-4372-b534-3dfb8cb2d6ed None None] Extended resource: network-ip-availabilities {{(pid=125096) __init__ /opt/stack/neutron/neutron/api/extensions.py:157}}
May 12 17:30:53 ubuntu neutron-server[125096]: DEBUG neutron.api.extensions [None req-0c252966-3ba5-4372-b534-3dfb8cb2d6ed None None] Extended resource: bindings {{(pid=125096) __init__ /opt/stack/neutron/neutron/api/extensions.py:157}}
May 12 17:30:53 ubuntu neutron-server[125096]: DEBUG neutron.api.extensions [None req-0c252966-3ba5-4372-b534-3dfb8cb2d6ed None None] Extended resource: quotas {{(pid=125096) __init__ /opt/stack/neutron/neutron/api/extensions.py:157}}
May 12 17:30:53 ubuntu neutron-server[125096]: DEBUG neutron.api.extensions [None req-0c252966-3ba5-4372-b534-3dfb8cb2d6ed None None] Extended resource: quotas {{(pid=125096) __init__ /opt/stack/neutron/neutron/api/extensions.py:157}}
May 12 17:30:53 ubuntu neutron-server[125096]: DEBUG neutron.api.extensions [None req-0c252966-3ba5-4372-b534-3dfb8cb2d6ed None None] Extended resource: rbac-policies {{(pid=125096) __init__ /opt/stack/neutron/neutron/api/extensions.py:157}}
May 12 17:30:53 ubuntu neutron-server[125096]: DEBUG neutron.api.extensions [None req-0c252966-3ba5-4372-b534-3dfb8cb2d6ed None None] Extended resource: security-groups {{(pid=125096) __init__ /opt/stack/neutron/neutron/api/extensions.py:157}}
May 12 17:30:53 ubuntu neutron-server[125096]: DEBUG neutron.api.extensions [None req-0c252966-3ba5-4372-b534-3dfb8cb2d6ed None None] Extended resource: security-group-rules {{(pid=125096) __init__ /opt/stack/neutron/neutron/api/extensions.py:157}}
May 12 17:30:53 ubuntu neutron-server[125096]: DEBUG neutron.api.extensions [None req-0c252966-3ba5-4372-b534-3dfb8cb2d6ed None None] Extended resource: service-providers {{(pid=125096) __init__ /opt/stack/neutron/neutron/api/extensions.py:157}}
May 12 17:30:53 ubuntu neutron-server[125096]: DEBUG neutron.api.extensions [None req-0c252966-3ba5-4372-b534-3dfb8cb2d6ed None None] Extended resource: tags {{(pid=125096) __init__ /opt/stack/neutron/neutron/api/extensions.py:157}}
May 12 17:30:53 ubuntu neutron-server[125096]: DEBUG neutron.api.extensions [None req-0c252966-3ba5-4372-b534-3dfb8cb2d6ed None None] Extended resource: tags {{(pid=125096) __init__ /opt/stack/neutron/neutron/api/extensions.py:157}}
May 12 17:30:53 ubuntu neutron-server[125096]: DEBUG neutron.api.extensions [None req-0c252966-3ba5-4372-b534-3dfb8cb2d6ed None None] Extended resource: tags {{(pid=125096) __init__ /opt/stack/neutron/neutron/api/extensions.py:157}}
May 12 17:30:53 ubuntu neutron-server[125096]: DEBUG neutron.api.extensions [None req-0c252966-3ba5-4372-b534-3dfb8cb2d6ed None None] Extended resource: tags {{(pid=125096) __init__ /opt/stack/neutron/neutron/api/extensions.py:157}}
May 12 17:30:53 ubuntu neutron-server[125096]: DEBUG neutron.api.extensions [None req-0c252966-3ba5-4372-b534-3dfb8cb2d6ed None None] Extended resource: tags {{(pid=125096) __init__ /opt/stack/neutron/neutron/api/extensions.py:157}}
May 12 17:30:53 ubuntu neutron-server[125096]: DEBUG neutron.api.extensions [None req-0c252966-3ba5-4372-b534-3dfb8cb2d6ed None None] Extended resource: tags {{(pid=125096) __init__ /opt/stack/neutron/neutron/api/extensions.py:157}}
May 12 17:30:53 ubuntu neutron-server[125096]: DEBUG neutron.api.extensions [None req-0c252966-3ba5-4372-b534-3dfb8cb2d6ed None None] Extended resource: tags {{(pid=125096) __init__ /opt/stack/neutron/neutron/api/extensions.py:157}}
May 12 17:30:53 ubuntu neutron-server[125096]: DEBUG neutron.api.extensions [None req-0c252966-3ba5-4372-b534-3dfb8cb2d6ed None None] Extended resource: tags {{(pid=125096) __init__ /opt/stack/neutron/neutron/api/extensions.py:157}}
May 12 17:30:53 ubuntu neutron-server[125096]: DEBUG neutron.api.extensions [None req-0c252966-3ba5-4372-b534-3dfb8cb2d6ed None None] Extended resource: tags {{(pid=125096) __init__ /opt/stack/neutron/neutron/api/extensions.py:157}}
May 12 17:30:53 ubuntu neutron-server[125096]: DEBUG neutron.api.extensions [None req-0c252966-3ba5-4372-b534-3dfb8cb2d6ed None None] Extended resource: tags {{(pid=125096) __init__ /opt/stack/neutron/neutron/api/extensions.py:157}}
May 12 17:30:53 ubuntu neutron-server[125096]: WARNING keystonemiddleware.auth_token [None req-0c252966-3ba5-4372-b534-3dfb8cb2d6ed None None] AuthToken middleware is set with keystone_authtoken.service_token_roles_required set to False. This is backwards compatible but deprecated behaviour. Please set this to True.
May 12 17:30:53 ubuntu neutron-server[125096]: WARNING keystonemiddleware.auth_token [None req-0c252966-3ba5-4372-b534-3dfb8cb2d6ed None None] Configuring www_authenticate_uri to point to the public identity endpoint is required; clients may not be able to authenticate against an admin endpoint
May 12 17:30:53 ubuntu neutron-server[125096]: DEBUG oslo_concurrency.lockutils [None req-0c252966-3ba5-4372-b534-3dfb8cb2d6ed None None] Acquired lock "singleton_lock" {{(pid=125096) lock /usr/local/lib/python3.8/dist-packages/oslo_concurrency/lockutils.py:294}}
May 12 17:30:53 ubuntu neutron-server[125096]: DEBUG oslo_concurrency.lockutils [None req-0c252966-3ba5-4372-b534-3dfb8cb2d6ed None None] Releasing lock "singleton_lock" {{(pid=125096) lock /usr/local/lib/python3.8/dist-packages/oslo_concurrency/lockutils.py:312}}
May 12 17:30:53 ubuntu neutron-server[125096]: INFO oslo_service.service [None req-0c252966-3ba5-4372-b534-3dfb8cb2d6ed None None] Starting 2 workers
May 12 17:30:53 ubuntu neutron-server[125096]: DEBUG oslo_service.service [None req-0c252966-3ba5-4372-b534-3dfb8cb2d6ed None None] Started child 125338 {{(pid=125096) _start_child /usr/local/lib/python3.8/dist-packages/oslo_service/service.py:575}}
May 12 17:30:53 ubuntu neutron-server[125096]: DEBUG oslo_service.service [None req-0c252966-3ba5-4372-b534-3dfb8cb2d6ed None None] Started child 125339 {{(pid=125096) _start_child /usr/local/lib/python3.8/dist-packages/oslo_service/service.py:575}}
May 12 17:30:53 ubuntu neutron-server[125096]: INFO neutron.service [None req-0c252966-3ba5-4372-b534-3dfb8cb2d6ed None None] Neutron service started, listening on 0.0.0.0:9696
May 12 17:30:53 ubuntu neutron-server[125096]: DEBUG neutron_lib.callbacks.manager [None req-0c252966-3ba5-4372-b534-3dfb8cb2d6ed None None] Publish callbacks ['neutron.plugins.ml2.drivers.ovn.mech_driver.mech_driver.OVNMechanismDriver.pre_fork_initialize-3886921'] for process (None), before_spawn {{(pid=125096) _notify_loop /usr/local/lib/python3.8/dist-packages/neutron_lib/callbacks/manager.py:176}}
May 12 17:30:53 ubuntu neutron-server[125338]: DEBUG neutron_lib.callbacks.manager [-] Publish callbacks ['neutron.plugins.ml2.drivers.ovn.mech_driver.mech_driver.OVNMechanismDriver.post_fork_initialize-3885217'] for process (None), after_init {{(pid=125338) _notify_loop /usr/local/lib/python3.8/dist-packages/neutron_lib/callbacks/manager.py:176}}
May 12 17:30:53 ubuntu neutron-server[125339]: DEBUG neutron_lib.callbacks.manager [-] Publish callbacks ['neutron.plugins.ml2.drivers.ovn.mech_driver.mech_driver.OVNMechanismDriver.post_fork_initialize-3885217'] for process (None), after_init {{(pid=125339) _notify_loop /usr/local/lib/python3.8/dist-packages/neutron_lib/callbacks/manager.py:176}}
May 12 17:30:53 ubuntu neutron-server[125338]: INFO neutron.plugins.ml2.drivers.ovn.mech_driver.ovsdb.impl_idl_ovn [None req-94cacd30-6fc8-4162-8543-dc9c024909ff None None] Getting OvsdbNbOvnIdl for WorkerService with retry
May 12 17:30:53 ubuntu neutron-server[125339]: INFO neutron.plugins.ml2.drivers.ovn.mech_driver.ovsdb.impl_idl_ovn [None req-e32badf7-4046-4940-ab29-e17735e8cdbf None None] Getting OvsdbNbOvnIdl for WorkerService with retry
May 12 17:30:53 ubuntu neutron-server[125096]: DEBUG ovsdbapp.backend.ovs_idl [None req-0c252966-3ba5-4372-b534-3dfb8cb2d6ed None None] Created schema index Port_Group.name {{(pid=125096) autocreate_indices /usr/local/lib/python3.8/dist-packages/ovsdbapp/backend/ovs_idl/__init__.py:104}}
May 12 17:30:53 ubuntu neutron-server[125096]: DEBUG ovsdbapp.backend.ovs_idl [None req-0c252966-3ba5-4372-b534-3dfb8cb2d6ed None None] Created schema index Logical_Switch_Port.name {{(pid=125096) autocreate_indices /usr/local/lib/python3.8/dist-packages/ovsdbapp/backend/ovs_idl/__init__.py:104}}
May 12 17:30:53 ubuntu neutron-server[125338]: DEBUG ovsdbapp.backend.ovs_idl [None req-94cacd30-6fc8-4162-8543-dc9c024909ff None None] Created lookup_table index Logical_Switch.name {{(pid=125338) autocreate_indices /usr/local/lib/python3.8/dist-packages/ovsdbapp/backend/ovs_idl/__init__.py:85}}
May 12 17:30:53 ubuntu neutron-server[125338]: DEBUG ovsdbapp.backend.ovs_idl [None req-94cacd30-6fc8-4162-8543-dc9c024909ff None None] Created lookup_table index Logical_Router.name {{(pid=125338) autocreate_indices /usr/local/lib/python3.8/dist-packages/ovsdbapp/backend/ovs_idl/__init__.py:85}}
May 12 17:30:53 ubuntu neutron-server[125338]: DEBUG ovsdbapp.backend.ovs_idl [None req-94cacd30-6fc8-4162-8543-dc9c024909ff None None] Created lookup_table index Load_Balancer.name {{(pid=125338) autocreate_indices /usr/local/lib/python3.8/dist-packages/ovsdbapp/backend/ovs_idl/__init__.py:85}}
May 12 17:30:53 ubuntu neutron-server[125338]: DEBUG ovsdbapp.backend.ovs_idl [None req-94cacd30-6fc8-4162-8543-dc9c024909ff None None] Created schema index Meter.name {{(pid=125338) autocreate_indices /usr/local/lib/python3.8/dist-packages/ovsdbapp/backend/ovs_idl/__init__.py:104}}
May 12 17:30:53 ubuntu neutron-server[125338]: DEBUG ovsdbapp.backend.ovs_idl [None req-94cacd30-6fc8-4162-8543-dc9c024909ff None None] Created schema index Address_Set.name {{(pid=125338) autocreate_indices /usr/local/lib/python3.8/dist-packages/ovsdbapp/backend/ovs_idl/__init__.py:104}}
May 12 17:30:53 ubuntu neutron-server[125338]: DEBUG ovsdbapp.backend.ovs_idl [None req-94cacd30-6fc8-4162-8543-dc9c024909ff None None] Created schema index HA_Chassis_Group.name {{(pid=125338) autocreate_indices /usr/local/lib/python3.8/dist-packages/ovsdbapp/backend/ovs_idl/__init__.py:104}}
May 12 17:30:53 ubuntu neutron-server[125338]: DEBUG ovsdbapp.backend.ovs_idl [None req-94cacd30-6fc8-4162-8543-dc9c024909ff None None] Created schema index Connection.target {{(pid=125338) autocreate_indices /usr/local/lib/python3.8/dist-packages/ovsdbapp/backend/ovs_idl/__init__.py:104}}
May 12 17:30:53 ubuntu neutron-server[125338]: DEBUG ovsdbapp.backend.ovs_idl [None req-94cacd30-6fc8-4162-8543-dc9c024909ff None None] Created schema index Gateway_Chassis.name {{(pid=125338) autocreate_indices /usr/local/lib/python3.8/dist-packages/ovsdbapp/backend/ovs_idl/__init__.py:104}}
May 12 17:30:53 ubuntu neutron-server[125338]: DEBUG ovsdbapp.backend.ovs_idl [None req-94cacd30-6fc8-4162-8543-dc9c024909ff None None] Created schema index Logical_Router_Port.name {{(pid=125338) autocreate_indices /usr/local/lib/python3.8/dist-packages/ovsdbapp/backend/ovs_idl/__init__.py:104}}
May 12 17:30:53 ubuntu neutron-server[125338]: DEBUG ovsdbapp.backend.ovs_idl [None req-94cacd30-6fc8-4162-8543-dc9c024909ff None None] Created schema index Port_Group.name {{(pid=125338) autocreate_indices /usr/local/lib/python3.8/dist-packages/ovsdbapp/backend/ovs_idl/__init__.py:104}}
May 12 17:30:53 ubuntu neutron-server[125338]: DEBUG ovsdbapp.backend.ovs_idl [None req-94cacd30-6fc8-4162-8543-dc9c024909ff None None] Created schema index Logical_Switch_Port.name {{(pid=125338) autocreate_indices /usr/local/lib/python3.8/dist-packages/ovsdbapp/backend/ovs_idl/__init__.py:104}}
May 12 17:30:53 ubuntu neutron-server[125338]: INFO ovsdbapp.backend.ovs_idl.vlog [None req-94cacd30-6fc8-4162-8543-dc9c024909ff None None] tcp:192.168.79.37:6641: connecting...
May 12 17:30:53 ubuntu neutron-server[125338]: INFO ovsdbapp.backend.ovs_idl.vlog [None req-94cacd30-6fc8-4162-8543-dc9c024909ff None None] tcp:192.168.79.37:6641: connected
May 12 17:30:54 ubuntu neutron-server[125338]: DEBUG neutron.common.ovn.hash_ring_manager [None req-94cacd30-6fc8-4162-8543-dc9c024909ff None None] Allow caching, nodes 2>=2 {{(pid=125338) _wait_startup_before_caching /opt/stack/neutron/neutron/common/ovn/hash_ring_manager.py:60}}
May 12 17:30:54 ubuntu neutron-server[125339]: DEBUG ovsdbapp.backend.ovs_idl [None req-e32badf7-4046-4940-ab29-e17735e8cdbf None None] Created lookup_table index Logical_Switch.name {{(pid=125339) autocreate_indices /usr/local/lib/python3.8/dist-packages/ovsdbapp/backend/ovs_idl/__init__.py:85}}
May 12 17:30:54 ubuntu neutron-server[125096]: DEBUG ovsdbapp.backend.ovs_idl.transaction [-] Running txn n=1 command(idx=0): PgAddCommand(name=neutron_pg_drop, may_exist=True, columns={'acls': []}) {{(pid=125096) do_commit /usr/local/lib/python3.8/dist-packages/ovsdbapp/backend/ovs_idl/transaction.py:90}}
May 12 17:30:54 ubuntu neutron-server[125339]: DEBUG ovsdbapp.backend.ovs_idl [None req-e32badf7-4046-4940-ab29-e17735e8cdbf None None] Created lookup_table index Logical_Router.name {{(pid=125339) autocreate_indices /usr/local/lib/python3.8/dist-packages/ovsdbapp/backend/ovs_idl/__init__.py:85}}
May 12 17:30:54 ubuntu neutron-server[125339]: DEBUG ovsdbapp.backend.ovs_idl [None req-e32badf7-4046-4940-ab29-e17735e8cdbf None None] Created lookup_table index Load_Balancer.name {{(pid=125339) autocreate_indices /usr/local/lib/python3.8/dist-packages/ovsdbapp/backend/ovs_idl/__init__.py:85}}
May 12 17:30:54 ubuntu neutron-server[125338]: INFO neutron.plugins.ml2.drivers.ovn.mech_driver.ovsdb.impl_idl_ovn [None req-94cacd30-6fc8-4162-8543-dc9c024909ff None None] Getting OvsdbSbOvnIdl for WorkerService with retry
May 12 17:30:54 ubuntu neutron-server[125339]: DEBUG ovsdbapp.backend.ovs_idl [None req-e32badf7-4046-4940-ab29-e17735e8cdbf None None] Created schema index Meter.name {{(pid=125339) autocreate_indices /usr/local/lib/python3.8/dist-packages/ovsdbapp/backend/ovs_idl/__init__.py:104}}
May 12 17:30:54 ubuntu neutron-server[125096]: DEBUG ovsdbapp.backend.ovs_idl.transaction [-] Running txn n=1 command(idx=1): PgAclAddCommand(entity=neutron_pg_drop, direction=from-lport, priority=1001, match=inport == @neutron_pg_drop && ip, action=drop, log=False, may_exist=True, severity=[], name=[], meter=None, external_ids={}) {{(pid=125096) do_commit /usr/local/lib/python3.8/dist-packages/ovsdbapp/backend/ovs_idl/transaction.py:90}}
May 12 17:30:54 ubuntu neutron-server[125339]: DEBUG ovsdbapp.backend.ovs_idl [None req-e32badf7-4046-4940-ab29-e17735e8cdbf None None] Created schema index Address_Set.name {{(pid=125339) autocreate_indices /usr/local/lib/python3.8/dist-packages/ovsdbapp/backend/ovs_idl/__init__.py:104}}
May 12 17:30:54 ubuntu neutron-server[125339]: DEBUG ovsdbapp.backend.ovs_idl [None req-e32badf7-4046-4940-ab29-e17735e8cdbf None None] Created schema index HA_Chassis_Group.name {{(pid=125339) autocreate_indices /usr/local/lib/python3.8/dist-packages/ovsdbapp/backend/ovs_idl/__init__.py:104}}
May 12 17:30:54 ubuntu neutron-server[125339]: DEBUG ovsdbapp.backend.ovs_idl [None req-e32badf7-4046-4940-ab29-e17735e8cdbf None None] Created schema index Connection.target {{(pid=125339) autocreate_indices /usr/local/lib/python3.8/dist-packages/ovsdbapp/backend/ovs_idl/__init__.py:104}}
May 12 17:30:54 ubuntu neutron-server[125339]: DEBUG ovsdbapp.backend.ovs_idl [None req-e32badf7-4046-4940-ab29-e17735e8cdbf None None] Created schema index Gateway_Chassis.name {{(pid=125339) autocreate_indices /usr/local/lib/python3.8/dist-packages/ovsdbapp/backend/ovs_idl/__init__.py:104}}
May 12 17:30:54 ubuntu neutron-server[125096]: DEBUG ovsdbapp.backend.ovs_idl.transaction [-] Running txn n=1 command(idx=2): PgAclAddCommand(entity=neutron_pg_drop, direction=to-lport, priority=1001, match=outport == @neutron_pg_drop && ip, action=drop, log=False, may_exist=True, severity=[], name=[], meter=None, external_ids={}) {{(pid=125096) do_commit /usr/local/lib/python3.8/dist-packages/ovsdbapp/backend/ovs_idl/transaction.py:90}}
May 12 17:30:54 ubuntu neutron-server[125339]: DEBUG ovsdbapp.backend.ovs_idl [None req-e32badf7-4046-4940-ab29-e17735e8cdbf None None] Created schema index Logical_Router_Port.name {{(pid=125339) autocreate_indices /usr/local/lib/python3.8/dist-packages/ovsdbapp/backend/ovs_idl/__init__.py:104}}
May 12 17:30:54 ubuntu neutron-server[125339]: DEBUG ovsdbapp.backend.ovs_idl [None req-e32badf7-4046-4940-ab29-e17735e8cdbf None None] Created schema index Port_Group.name {{(pid=125339) autocreate_indices /usr/local/lib/python3.8/dist-packages/ovsdbapp/backend/ovs_idl/__init__.py:104}}
May 12 17:30:54 ubuntu neutron-server[125339]: DEBUG ovsdbapp.backend.ovs_idl [None req-e32badf7-4046-4940-ab29-e17735e8cdbf None None] Created schema index Logical_Switch_Port.name {{(pid=125339) autocreate_indices /usr/local/lib/python3.8/dist-packages/ovsdbapp/backend/ovs_idl/__init__.py:104}}
May 12 17:30:54 ubuntu neutron-server[125339]: INFO ovsdbapp.backend.ovs_idl.vlog [None req-e32badf7-4046-4940-ab29-e17735e8cdbf None None] tcp:192.168.79.37:6641: connecting...
May 12 17:30:54 ubuntu neutron-server[125339]: INFO ovsdbapp.backend.ovs_idl.vlog [None req-e32badf7-4046-4940-ab29-e17735e8cdbf None None] tcp:192.168.79.37:6641: connected
May 12 17:30:54 ubuntu neutron-server[125338]: DEBUG ovsdbapp.backend.ovs_idl [None req-94cacd30-6fc8-4162-8543-dc9c024909ff None None] Created lookup_table index Chassis.name {{(pid=125338) autocreate_indices /usr/local/lib/python3.8/dist-packages/ovsdbapp/backend/ovs_idl/__init__.py:85}}
May 12 17:30:54 ubuntu neutron-server[125338]: DEBUG ovsdbapp.backend.ovs_idl [None req-94cacd30-6fc8-4162-8543-dc9c024909ff None None] Created schema index Datapath_Binding.tunnel_key {{(pid=125338) autocreate_indices /usr/local/lib/python3.8/dist-packages/ovsdbapp/backend/ovs_idl/__init__.py:104}}
May 12 17:30:54 ubuntu neutron-server[125338]: DEBUG ovsdbapp.backend.ovs_idl [None req-94cacd30-6fc8-4162-8543-dc9c024909ff None None] Created schema index Connection.target {{(pid=125338) autocreate_indices /usr/local/lib/python3.8/dist-packages/ovsdbapp/backend/ovs_idl/__init__.py:104}}
May 12 17:30:54 ubuntu neutron-server[125338]: INFO ovsdbapp.backend.ovs_idl.vlog [None req-94cacd30-6fc8-4162-8543-dc9c024909ff None None] tcp:192.168.79.37:6642: connecting...
May 12 17:30:54 ubuntu neutron-server[125338]: INFO ovsdbapp.backend.ovs_idl.vlog [None req-94cacd30-6fc8-4162-8543-dc9c024909ff None None] tcp:192.168.79.37:6642: connected
May 12 17:30:54 ubuntu neutron-server[125096]: DEBUG ovsdbapp.backend.ovs_idl.event [-] Matched CREATE: NeutronPgDropPortGroupCreated(events=('create',), table='Port_Group', conditions=(('name', '=', 'neutron_pg_drop'),), old_conditions=None), priority=10 to row=Port_Group(name=neutron_pg_drop, ports=[], external_ids={}, acls=[<ovs.db.idl.Row object at 0x7f385d52f370>, <ovs.db.idl.Row object at 0x7f385d52f310>]) old= {{(pid=125096) matches /usr/local/lib/python3.8/dist-packages/ovsdbapp/backend/ovs_idl/event.py:43}}
May 12 17:30:54 ubuntu neutron-server[125338]: DEBUG neutron.plugins.ml2.drivers.ovn.mech_driver.ovsdb.ovsdb_monitor [None req-5f90d033-c54e-4577-af7d-2aa4b0094f99 None None] Hash Ring: Node 97bdbbbc-066e-4b81-8757-5d5d0dcc915c (host: ubuntu) handling event "create" for row 6ef440a0-8467-4442-a978-1bbb92b295a8 (table: ACL) {{(pid=125338) notify /opt/stack/neutron/neutron/plugins/ml2/drivers/ovn/mech_driver/ovsdb/ovsdb_monitor.py:815}}
May 12 17:30:54 ubuntu neutron-server[125338]: DEBUG neutron.plugins.ml2.drivers.ovn.mech_driver.ovsdb.ovsdb_monitor [None req-5f90d033-c54e-4577-af7d-2aa4b0094f99 None None] Hash Ring: Node 97bdbbbc-066e-4b81-8757-5d5d0dcc915c (host: ubuntu) handling event "create" for row 174ad514-37e0-4ca8-8d60-eea7b9fffd77 (table: ACL) {{(pid=125338) notify /opt/stack/neutron/neutron/plugins/ml2/drivers/ovn/mech_driver/ovsdb/ovsdb_monitor.py:815}}
May 12 17:30:54 ubuntu neutron-server[125338]: DEBUG neutron.common.ovn.hash_ring_manager [None req-94cacd30-6fc8-4162-8543-dc9c024909ff None None] Allow caching, nodes 2>=2 {{(pid=125338) _wait_startup_before_caching /opt/stack/neutron/neutron/common/ovn/hash_ring_manager.py:60}}
May 12 17:30:54 ubuntu neutron-server[125339]: DEBUG neutron.common.ovn.hash_ring_manager [None req-e32badf7-4046-4940-ab29-e17735e8cdbf None None] Allow caching, nodes 2>=2 {{(pid=125339) _wait_startup_before_caching /opt/stack/neutron/neutron/common/ovn/hash_ring_manager.py:60}}
May 12 17:30:54 ubuntu neutron-server[125338]: DEBUG neutron.plugins.ml2.drivers.ovn.mech_driver.ovsdb.ovsdb_monitor [None req-94cacd30-6fc8-4162-8543-dc9c024909ff None None] Hash Ring: Node 97bdbbbc-066e-4b81-8757-5d5d0dcc915c (host: ubuntu) handling event "create" for row 68efb924-bf53-4ed4-8051-b38dfb243cae (table: Database) {{(pid=125338) notify /opt/stack/neutron/neutron/plugins/ml2/drivers/ovn/mech_driver/ovsdb/ovsdb_monitor.py:815}}
May 12 17:30:54 ubuntu neutron-server[125338]: DEBUG neutron.plugins.ml2.drivers.ovn.mech_driver.ovsdb.ovsdb_monitor [None req-94cacd30-6fc8-4162-8543-dc9c024909ff None None] Hash Ring: Node 97bdbbbc-066e-4b81-8757-5d5d0dcc915c (host: ubuntu) handling event "create" for row 2557a62f-da11-4e5d-986c-5ce43de36a03 (table: Database) {{(pid=125338) notify /opt/stack/neutron/neutron/plugins/ml2/drivers/ovn/mech_driver/ovsdb/ovsdb_monitor.py:815}}
May 12 17:30:54 ubuntu neutron-server[125096]: DEBUG ovsdbapp.backend.ovs_idl [None req-0c252966-3ba5-4372-b534-3dfb8cb2d6ed None None] Created lookup_table index Logical_Switch.name {{(pid=125096) autocreate_indices /usr/local/lib/python3.8/dist-packages/ovsdbapp/backend/ovs_idl/__init__.py:85}}
May 12 17:30:54 ubuntu neutron-server[125096]: DEBUG ovsdbapp.backend.ovs_idl [None req-0c252966-3ba5-4372-b534-3dfb8cb2d6ed None None] Created lookup_table index Logical_Router.name {{(pid=125096) autocreate_indices /usr/local/lib/python3.8/dist-packages/ovsdbapp/backend/ovs_idl/__init__.py:85}}
May 12 17:30:54 ubuntu neutron-server[125338]: DEBUG neutron.plugins.ml2.drivers.ovn.mech_driver.ovsdb.ovsdb_monitor [None req-94cacd30-6fc8-4162-8543-dc9c024909ff None None] ChassisMetadataAgentWriteEvent : Matched Chassis, create, None None {{(pid=125338) matches /opt/stack/neutron/neutron/plugins/ml2/drivers/ovn/mech_driver/ovsdb/ovsdb_monitor.py:62}}
May 12 17:30:54 ubuntu neutron-server[125338]: DEBUG neutron.plugins.ml2.drivers.ovn.mech_driver.ovsdb.ovsdb_monitor [None req-94cacd30-6fc8-4162-8543-dc9c024909ff None None] ChassisAgentWriteEvent : Matched Chassis, create, None None {{(pid=125338) matches /opt/stack/neutron/neutron/plugins/ml2/drivers/ovn/mech_driver/ovsdb/ovsdb_monitor.py:62}}
May 12 17:30:54 ubuntu neutron-server[125339]: DEBUG neutron.plugins.ml2.drivers.ovn.mech_driver.ovsdb.ovsdb_monitor [None req-e32badf7-4046-4940-ab29-e17735e8cdbf None None] Hash Ring: Node f63f594c-6b75-4a82-b249-d8c088cf1d84 (host: ubuntu) handling event "create" for row 3e660099-9098-4b50-aaa2-9ac5ac574c20 (table: Database) {{(pid=125339) notify /opt/stack/neutron/neutron/plugins/ml2/drivers/ovn/mech_driver/ovsdb/ovsdb_monitor.py:815}}
May 12 17:30:54 ubuntu neutron-server[125096]: DEBUG ovsdbapp.backend.ovs_idl [None req-0c252966-3ba5-4372-b534-3dfb8cb2d6ed None None] Created lookup_table index Load_Balancer.name {{(pid=125096) autocreate_indices /usr/local/lib/python3.8/dist-packages/ovsdbapp/backend/ovs_idl/__init__.py:85}}
May 12 17:30:54 ubuntu neutron-server[125338]: DEBUG neutron.plugins.ml2.drivers.ovn.mech_driver.ovsdb.ovsdb_monitor [None req-94cacd30-6fc8-4162-8543-dc9c024909ff None None] Hash Ring: Node 97bdbbbc-066e-4b81-8757-5d5d0dcc915c (host: ubuntu) handling event "create" for row 1511043a-122a-401a-b3fe-c4e9887bdaa1 (table: Connection) {{(pid=125338) notify /opt/stack/neutron/neutron/plugins/ml2/drivers/ovn/mech_driver/ovsdb/ovsdb_monitor.py:815}}
May 12 17:30:54 ubuntu neutron-server[125096]: DEBUG ovsdbapp.backend.ovs_idl [None req-0c252966-3ba5-4372-b534-3dfb8cb2d6ed None None] Created schema index Meter.name {{(pid=125096) autocreate_indices /usr/local/lib/python3.8/dist-packages/ovsdbapp/backend/ovs_idl/__init__.py:104}}
May 12 17:30:54 ubuntu neutron-server[125339]: DEBUG neutron.plugins.ml2.drivers.ovn.mech_driver.ovsdb.ovsdb_monitor [None req-e32badf7-4046-4940-ab29-e17735e8cdbf None None] Hash Ring: Node f63f594c-6b75-4a82-b249-d8c088cf1d84 (host: ubuntu) handling event "create" for row 3136377a-5006-4936-8caa-1f0b9cef441d (table: Database) {{(pid=125339) notify /opt/stack/neutron/neutron/plugins/ml2/drivers/ovn/mech_driver/ovsdb/ovsdb_monitor.py:815}}
May 12 17:30:54 ubuntu neutron-server[125096]: DEBUG ovsdbapp.backend.ovs_idl [None req-0c252966-3ba5-4372-b534-3dfb8cb2d6ed None None] Created schema index Address_Set.name {{(pid=125096) autocreate_indices /usr/local/lib/python3.8/dist-packages/ovsdbapp/backend/ovs_idl/__init__.py:104}}
May 12 17:30:54 ubuntu neutron-server[125096]: DEBUG ovsdbapp.backend.ovs_idl [None req-0c252966-3ba5-4372-b534-3dfb8cb2d6ed None None] Created schema index HA_Chassis_Group.name {{(pid=125096) autocreate_indices /usr/local/lib/python3.8/dist-packages/ovsdbapp/backend/ovs_idl/__init__.py:104}}
May 12 17:30:54 ubuntu neutron-server[125096]: DEBUG ovsdbapp.backend.ovs_idl [None req-0c252966-3ba5-4372-b534-3dfb8cb2d6ed None None] Created schema index Connection.target {{(pid=125096) autocreate_indices /usr/local/lib/python3.8/dist-packages/ovsdbapp/backend/ovs_idl/__init__.py:104}}
May 12 17:30:54 ubuntu neutron-server[125096]: DEBUG ovsdbapp.backend.ovs_idl [None req-0c252966-3ba5-4372-b534-3dfb8cb2d6ed None None] Created schema index Gateway_Chassis.name {{(pid=125096) autocreate_indices /usr/local/lib/python3.8/dist-packages/ovsdbapp/backend/ovs_idl/__init__.py:104}}
May 12 17:30:54 ubuntu neutron-server[125338]: INFO neutron.wsgi [-] (125338) wsgi starting up on http://0.0.0.0:9696
May 12 17:30:54 ubuntu neutron-server[125096]: DEBUG ovsdbapp.backend.ovs_idl [None req-0c252966-3ba5-4372-b534-3dfb8cb2d6ed None None] Created schema index Logical_Router_Port.name {{(pid=125096) autocreate_indices /usr/local/lib/python3.8/dist-packages/ovsdbapp/backend/ovs_idl/__init__.py:104}}
May 12 17:30:54 ubuntu neutron-server[125096]: DEBUG ovsdbapp.backend.ovs_idl [None req-0c252966-3ba5-4372-b534-3dfb8cb2d6ed None None] Created schema index Port_Group.name {{(pid=125096) autocreate_indices /usr/local/lib/python3.8/dist-packages/ovsdbapp/backend/ovs_idl/__init__.py:104}}
May 12 17:30:54 ubuntu neutron-server[125096]: DEBUG ovsdbapp.backend.ovs_idl [None req-0c252966-3ba5-4372-b534-3dfb8cb2d6ed None None] Created schema index Logical_Switch_Port.name {{(pid=125096) autocreate_indices /usr/local/lib/python3.8/dist-packages/ovsdbapp/backend/ovs_idl/__init__.py:104}}
May 12 17:30:54 ubuntu neutron-server[125339]: DEBUG neutron.plugins.ml2.drivers.ovn.mech_driver.ovsdb.ovsdb_monitor [None req-e32badf7-4046-4940-ab29-e17735e8cdbf None None] Hash Ring: Node f63f594c-6b75-4a82-b249-d8c088cf1d84 (host: ubuntu) handling event "create" for row ca7aa810-da9b-4721-a6f2-4f23ca914137 (table: Port_Group) {{(pid=125339) notify /opt/stack/neutron/neutron/plugins/ml2/drivers/ovn/mech_driver/ovsdb/ovsdb_monitor.py:815}}
May 12 17:30:54 ubuntu neutron-server[125339]: DEBUG neutron.plugins.ml2.drivers.ovn.mech_driver.ovsdb.ovsdb_monitor [None req-e32badf7-4046-4940-ab29-e17735e8cdbf None None] Hash Ring: Node f63f594c-6b75-4a82-b249-d8c088cf1d84 (host: ubuntu) handling event "create" for row 75324240-842e-4fbe-9212-36d5b12c2149 (table: NB_Global) {{(pid=125339) notify /opt/stack/neutron/neutron/plugins/ml2/drivers/ovn/mech_driver/ovsdb/ovsdb_monitor.py:815}}
May 12 17:30:54 ubuntu neutron-server[125339]: DEBUG neutron.plugins.ml2.drivers.ovn.mech_driver.ovsdb.ovsdb_monitor [None req-e32badf7-4046-4940-ab29-e17735e8cdbf None None] Hash Ring: Node f63f594c-6b75-4a82-b249-d8c088cf1d84 (host: ubuntu) handling event "create" for row d75e32dc-31aa-4c9a-b4fa-b7c9e9f346d7 (table: Connection) {{(pid=125339) notify /opt/stack/neutron/neutron/plugins/ml2/drivers/ovn/mech_driver/ovsdb/ovsdb_monitor.py:815}}
May 12 17:30:54 ubuntu neutron-server[125339]: INFO neutron.plugins.ml2.drivers.ovn.mech_driver.ovsdb.impl_idl_ovn [None req-e32badf7-4046-4940-ab29-e17735e8cdbf None None] Getting OvsdbSbOvnIdl for WorkerService with retry
May 12 17:30:54 ubuntu neutron-server[125339]: DEBUG ovsdbapp.backend.ovs_idl [None req-e32badf7-4046-4940-ab29-e17735e8cdbf None None] Created lookup_table index Chassis.name {{(pid=125339) autocreate_indices /usr/local/lib/python3.8/dist-packages/ovsdbapp/backend/ovs_idl/__init__.py:85}}
May 12 17:30:54 ubuntu neutron-server[125339]: DEBUG ovsdbapp.backend.ovs_idl [None req-e32badf7-4046-4940-ab29-e17735e8cdbf None None] Created schema index Datapath_Binding.tunnel_key {{(pid=125339) autocreate_indices /usr/local/lib/python3.8/dist-packages/ovsdbapp/backend/ovs_idl/__init__.py:104}}
May 12 17:30:54 ubuntu neutron-server[125339]: DEBUG ovsdbapp.backend.ovs_idl [None req-e32badf7-4046-4940-ab29-e17735e8cdbf None None] Created schema index Connection.target {{(pid=125339) autocreate_indices /usr/local/lib/python3.8/dist-packages/ovsdbapp/backend/ovs_idl/__init__.py:104}}
May 12 17:30:54 ubuntu neutron-server[125339]: INFO ovsdbapp.backend.ovs_idl.vlog [None req-e32badf7-4046-4940-ab29-e17735e8cdbf None None] tcp:192.168.79.37:6642: connecting...
May 12 17:30:54 ubuntu neutron-server[125339]: INFO ovsdbapp.backend.ovs_idl.vlog [None req-e32badf7-4046-4940-ab29-e17735e8cdbf None None] tcp:192.168.79.37:6642: connected
May 12 17:30:54 ubuntu neutron-server[125339]: DEBUG neutron.common.ovn.hash_ring_manager [None req-e32badf7-4046-4940-ab29-e17735e8cdbf None None] Allow caching, nodes 2>=2 {{(pid=125339) _wait_startup_before_caching /opt/stack/neutron/neutron/common/ovn/hash_ring_manager.py:60}}
May 12 17:30:54 ubuntu neutron-server[125339]: DEBUG neutron.plugins.ml2.drivers.ovn.mech_driver.ovsdb.ovsdb_monitor [None req-e32badf7-4046-4940-ab29-e17735e8cdbf None None] Hash Ring: Node f63f594c-6b75-4a82-b249-d8c088cf1d84 (host: ubuntu) handling event "create" for row 5fcac04c-34af-41fa-9c7c-d7381a6b6197 (table: Encap) {{(pid=125339) notify /opt/stack/neutron/neutron/plugins/ml2/drivers/ovn/mech_driver/ovsdb/ovsdb_monitor.py:815}}
May 12 17:30:54 ubuntu neutron-server[125339]: DEBUG neutron.plugins.ml2.drivers.ovn.mech_driver.ovsdb.ovsdb_monitor [None req-e32badf7-4046-4940-ab29-e17735e8cdbf None None] ChassisMetadataAgentWriteEvent : Matched Chassis, create, None None {{(pid=125339) matches /opt/stack/neutron/neutron/plugins/ml2/drivers/ovn/mech_driver/ovsdb/ovsdb_monitor.py:62}}
May 12 17:30:54 ubuntu neutron-server[125339]: DEBUG neutron.plugins.ml2.drivers.ovn.mech_driver.ovsdb.ovsdb_monitor [None req-e32badf7-4046-4940-ab29-e17735e8cdbf None None] ChassisAgentWriteEvent : Matched Chassis, create, None None {{(pid=125339) matches /opt/stack/neutron/neutron/plugins/ml2/drivers/ovn/mech_driver/ovsdb/ovsdb_monitor.py:62}}
May 12 17:30:54 ubuntu neutron-server[125339]: DEBUG neutron.plugins.ml2.drivers.ovn.mech_driver.ovsdb.ovsdb_monitor [None req-e32badf7-4046-4940-ab29-e17735e8cdbf None None] Hash Ring: Node f63f594c-6b75-4a82-b249-d8c088cf1d84 (host: ubuntu) handling event "create" for row 1401927c-bb24-4b05-8b22-deee0982dc2a (table: Chassis) {{(pid=125339) notify /opt/stack/neutron/neutron/plugins/ml2/drivers/ovn/mech_driver/ovsdb/ovsdb_monitor.py:815}}
May 12 17:30:54 ubuntu neutron-server[125339]: INFO neutron.wsgi [-] (125339) wsgi starting up on http://0.0.0.0:9696
May 12 17:30:54 ubuntu neutron-server[125096]: DEBUG ovsdbapp.backend.ovs_idl [None req-0c252966-3ba5-4372-b534-3dfb8cb2d6ed None None] Created lookup_table index Chassis.name {{(pid=125096) autocreate_indices /usr/local/lib/python3.8/dist-packages/ovsdbapp/backend/ovs_idl/__init__.py:85}}
May 12 17:30:54 ubuntu neutron-server[125096]: DEBUG ovsdbapp.backend.ovs_idl [None req-0c252966-3ba5-4372-b534-3dfb8cb2d6ed None None] Created lookup_table index MAC_Binding.ip {{(pid=125096) autocreate_indices /usr/local/lib/python3.8/dist-packages/ovsdbapp/backend/ovs_idl/__init__.py:85}}
May 12 17:30:54 ubuntu neutron-server[125096]: DEBUG ovsdbapp.backend.ovs_idl [None req-0c252966-3ba5-4372-b534-3dfb8cb2d6ed None None] Created schema index Meter.name {{(pid=125096) autocreate_indices /usr/local/lib/python3.8/dist-packages/ovsdbapp/backend/ovs_idl/__init__.py:104}}
May 12 17:30:54 ubuntu neutron-server[125096]: DEBUG ovsdbapp.backend.ovs_idl [None req-0c252966-3ba5-4372-b534-3dfb8cb2d6ed None None] Created schema index Address_Set.name {{(pid=125096) autocreate_indices /usr/local/lib/python3.8/dist-packages/ovsdbapp/backend/ovs_idl/__init__.py:104}}
May 12 17:30:54 ubuntu neutron-server[125096]: DEBUG ovsdbapp.backend.ovs_idl [None req-0c252966-3ba5-4372-b534-3dfb8cb2d6ed None None] Created schema index HA_Chassis_Group.name {{(pid=125096) autocreate_indices /usr/local/lib/python3.8/dist-packages/ovsdbapp/backend/ovs_idl/__init__.py:104}}
May 12 17:30:54 ubuntu neutron-server[125096]: DEBUG ovsdbapp.backend.ovs_idl [None req-0c252966-3ba5-4372-b534-3dfb8cb2d6ed None None] Created schema index IP_Multicast.datapath {{(pid=125096) autocreate_indices /usr/local/lib/python3.8/dist-packages/ovsdbapp/backend/ovs_idl/__init__.py:104}}
May 12 17:30:54 ubuntu neutron-server[125096]: DEBUG ovsdbapp.backend.ovs_idl [None req-0c252966-3ba5-4372-b534-3dfb8cb2d6ed None None] Created schema index Connection.target {{(pid=125096) autocreate_indices /usr/local/lib/python3.8/dist-packages/ovsdbapp/backend/ovs_idl/__init__.py:104}}
May 12 17:30:54 ubuntu neutron-server[125096]: DEBUG ovsdbapp.backend.ovs_idl [None req-0c252966-3ba5-4372-b534-3dfb8cb2d6ed None None] Created schema index Gateway_Chassis.name {{(pid=125096) autocreate_indices /usr/local/lib/python3.8/dist-packages/ovsdbapp/backend/ovs_idl/__init__.py:104}}
May 12 17:30:54 ubuntu neutron-server[125096]: DEBUG ovsdbapp.backend.ovs_idl [None req-0c252966-3ba5-4372-b534-3dfb8cb2d6ed None None] Created schema index Port_Group.name {{(pid=125096) autocreate_indices /usr/local/lib/python3.8/dist-packages/ovsdbapp/backend/ovs_idl/__init__.py:104}}
May 12 17:30:54 ubuntu neutron-server[125096]: DEBUG ovsdbapp.backend.ovs_idl [None req-0c252966-3ba5-4372-b534-3dfb8cb2d6ed None None] Created schema index Datapath_Binding.tunnel_key {{(pid=125096) autocreate_indices /usr/local/lib/python3.8/dist-packages/ovsdbapp/backend/ovs_idl/__init__.py:104}}
May 12 17:30:54 ubuntu neutron-server[125338]: DEBUG neutron.wsgi [-] (125338) accepted ('192.168.79.37', 40754) {{(pid=125338) server /usr/local/lib/python3.8/dist-packages/eventlet/wsgi.py:1004}}
May 12 17:30:54 ubuntu neutron-server[125338]: INFO neutron.wsgi [-] 192.168.79.37 "GET / HTTP/1.1" status: 200  len: 255 time: 0.0047987
May 12 17:30:54 ubuntu neutron-server[125096]: INFO oslo_service.service [None req-0c252966-3ba5-4372-b534-3dfb8cb2d6ed None None] Starting 1 workers
May 12 17:30:54 ubuntu neutron-server[125096]: DEBUG oslo_service.service [None req-0c252966-3ba5-4372-b534-3dfb8cb2d6ed None None] Started child 125349 {{(pid=125096) _start_child /usr/local/lib/python3.8/dist-packages/oslo_service/service.py:575}}
May 12 17:30:54 ubuntu neutron-server[125096]: INFO oslo_service.service [None req-0c252966-3ba5-4372-b534-3dfb8cb2d6ed None None] Starting 1 workers
May 12 17:30:54 ubuntu neutron-server[125096]: DEBUG oslo_service.service [None req-0c252966-3ba5-4372-b534-3dfb8cb2d6ed None None] Started child 125352 {{(pid=125096) _start_child /usr/local/lib/python3.8/dist-packages/oslo_service/service.py:575}}
May 12 17:30:54 ubuntu neutron-server[125096]: INFO oslo_service.service [None req-0c252966-3ba5-4372-b534-3dfb8cb2d6ed None None] Starting 1 workers
May 12 17:30:54 ubuntu neutron-server[125349]: DEBUG neutron.service [None req-0c252966-3ba5-4372-b534-3dfb8cb2d6ed None None] calling RpcWorker wait() {{(pid=125349) _wait /opt/stack/neutron/neutron/service.py:128}}
May 12 17:30:54 ubuntu neutron-server[125349]: DEBUG neutron.service [None req-0c252966-3ba5-4372-b534-3dfb8cb2d6ed None None] returning from RpcWorker wait() {{(pid=125349) _wait /opt/stack/neutron/neutron/service.py:135}}
May 12 17:30:54 ubuntu neutron-server[125349]: DEBUG neutron_lib.callbacks.manager [-] Publish callbacks ['neutron.plugins.ml2.drivers.ovn.mech_driver.mech_driver.OVNMechanismDriver.post_fork_initialize-3885217'] for process (None), after_init {{(pid=125349) _notify_loop /usr/local/lib/python3.8/dist-packages/neutron_lib/callbacks/manager.py:176}}
May 12 17:30:54 ubuntu neutron-server[125352]: DEBUG neutron_lib.callbacks.manager [-] Publish callbacks ['neutron.plugins.ml2.drivers.ovn.mech_driver.mech_driver.OVNMechanismDriver.post_fork_initialize-3885217'] for process (None), after_init {{(pid=125352) _notify_loop /usr/local/lib/python3.8/dist-packages/neutron_lib/callbacks/manager.py:176}}
May 12 17:30:54 ubuntu neutron-server[125349]: INFO neutron.plugins.ml2.drivers.ovn.mech_driver.ovsdb.impl_idl_ovn [-] Getting OvsdbNbOvnIdl for RpcWorker with retry
May 12 17:30:54 ubuntu neutron-server[125352]: INFO neutron.plugins.ml2.drivers.ovn.mech_driver.ovsdb.impl_idl_ovn [-] Getting OvsdbNbOvnIdl for MaintenanceWorker with retry
May 12 17:30:54 ubuntu neutron-server[125096]: DEBUG oslo_service.service [None req-0c252966-3ba5-4372-b534-3dfb8cb2d6ed None None] Started child 125357 {{(pid=125096) _start_child /usr/local/lib/python3.8/dist-packages/oslo_service/service.py:575}}
May 12 17:30:54 ubuntu neutron-server[125096]: DEBUG neutron_lib.callbacks.manager [None req-0c252966-3ba5-4372-b534-3dfb8cb2d6ed None None] Publish callbacks [] for process (None), after_spawn {{(pid=125096) _notify_loop /usr/local/lib/python3.8/dist-packages/neutron_lib/callbacks/manager.py:176}}
May 12 17:30:54 ubuntu neutron-server[125096]: DEBUG oslo_service.service [-] Full set of CONF: {{(pid=125096) wait /usr/local/lib/python3.8/dist-packages/oslo_service/service.py:649}}
May 12 17:30:54 ubuntu neutron-server[125096]: DEBUG oslo_service.service [-] ******************************************************************************** {{(pid=125096) log_opt_values /usr/local/lib/python3.8/dist-packages/oslo_config/cfg.py:2589}}
May 12 17:30:54 ubuntu neutron-server[125096]: DEBUG oslo_service.service [-] Configuration options gathered from: {{(pid=125096) log_opt_values /usr/local/lib/python3.8/dist-packages/oslo_config/cfg.py:2590}}
