Aug 01 15:55:37 ubuntu neutron-server[144393]: DEBUG neutron.api.extensions [None req-ab326cec-b70b-4a20-95a6-6b86b11af481 None None] Ext name="Trunk Extension" alias="trunk" description="Provides support for trunk ports" updated="2016-01-01T10:00:00-00:00" {{(pid=144393) _check_extension /opt/stack/neutron/neutron/api/extensions.py:416}}
Aug 01 15:55:37 ubuntu neutron-server[144393]: INFO neutron.api.extensions [None req-ab326cec-b70b-4a20-95a6-6b86b11af481 None None] Extension trunk not supported by any of loaded plugins
Aug 01 15:55:37 ubuntu neutron-server[144393]: DEBUG neutron.api.extensions [None req-ab326cec-b70b-4a20-95a6-6b86b11af481 None None] Loading extension file: trunk_details.py {{(pid=144393) _load_all_extensions_from_path /opt/stack/neutron/neutron/api/extensions.py:450}}
Aug 01 15:55:37 ubuntu neutron-server[144393]: DEBUG neutron.api.extensions [None req-ab326cec-b70b-4a20-95a6-6b86b11af481 None None] Ext name="Trunk port details" alias="trunk-details" description="Expose trunk port details" updated="2016-01-01T10:00:00-00:00" {{(pid=144393) _check_extension /opt/stack/neutron/neutron/api/extensions.py:416}}
Aug 01 15:55:37 ubuntu neutron-server[144393]: INFO neutron.api.extensions [None req-ab326cec-b70b-4a20-95a6-6b86b11af481 None None] Extension trunk-details not supported by any of loaded plugins
Aug 01 15:55:37 ubuntu neutron-server[144393]: DEBUG neutron.api.extensions [None req-ab326cec-b70b-4a20-95a6-6b86b11af481 None None] Loading extension file: uplink_status_propagation.py {{(pid=144393) _load_all_extensions_from_path /opt/stack/neutron/neutron/api/extensions.py:450}}
Aug 01 15:55:37 ubuntu neutron-server[144393]: DEBUG neutron.api.extensions [None req-ab326cec-b70b-4a20-95a6-6b86b11af481 None None] Ext name="Uplink status propagation extension" alias="uplink-status-propagation" description="Provides ability to propagate port uplink status." updated="2018-05-31T18:00:00-00:00" {{(pid=144393) _check_extension /opt/stack/neutron/neutron/api/extensions.py:416}}
Aug 01 15:55:37 ubuntu neutron-server[144393]: INFO neutron.api.extensions [None req-ab326cec-b70b-4a20-95a6-6b86b11af481 None None] Extension uplink-status-propagation not supported by any of loaded plugins
Aug 01 15:55:37 ubuntu neutron-server[144393]: DEBUG neutron.api.extensions [None req-ab326cec-b70b-4a20-95a6-6b86b11af481 None None] Loading extension file: vlantransparent.py {{(pid=144393) _load_all_extensions_from_path /opt/stack/neutron/neutron/api/extensions.py:450}}
Aug 01 15:55:37 ubuntu neutron-server[144393]: DEBUG neutron.api.extensions [None req-ab326cec-b70b-4a20-95a6-6b86b11af481 None None] Ext name="Vlantransparent" alias="vlan-transparent" description="Provides Vlan Transparent Networks" updated="2015-03-23T09:00:00-00:00" {{(pid=144393) _check_extension /opt/stack/neutron/neutron/api/extensions.py:416}}
Aug 01 15:55:37 ubuntu neutron-server[144393]: INFO neutron.api.extensions [None req-ab326cec-b70b-4a20-95a6-6b86b11af481 None None] Extension vlan-transparent not supported by any of loaded plugins
Aug 01 15:55:37 ubuntu neutron-server[144393]: INFO neutron.quota.resource_registry [None req-ab326cec-b70b-4a20-95a6-6b86b11af481 None None] Creating instance of TrackedResource for resource:network
Aug 01 15:55:37 ubuntu neutron-server[144393]: INFO neutron.quota.resource_registry [None req-ab326cec-b70b-4a20-95a6-6b86b11af481 None None] Creating instance of TrackedResource for resource:subnet
Aug 01 15:55:37 ubuntu neutron-server[144393]: INFO neutron.quota.resource_registry [None req-ab326cec-b70b-4a20-95a6-6b86b11af481 None None] Creating instance of TrackedResource for resource:subnetpool
Aug 01 15:55:37 ubuntu neutron-server[144393]: INFO neutron.quota.resource_registry [None req-ab326cec-b70b-4a20-95a6-6b86b11af481 None None] Creating instance of TrackedResource for resource:port
Aug 01 15:55:37 ubuntu neutron-server[144393]: DEBUG neutron.api.v2.resource_helper [None req-ab326cec-b70b-4a20-95a6-6b86b11af481 None None] Service FLAVORS assigned prefix:  {{(pid=144393) build_resource_info /opt/stack/neutron/neutron/api/v2/resource_helper.py:77}}
Aug 01 15:55:37 ubuntu neutron-server[144393]: DEBUG neutron.api.v2.resource_helper [None req-ab326cec-b70b-4a20-95a6-6b86b11af481 None None] Service L3_ROUTER_NAT assigned prefix:  {{(pid=144393) build_resource_info /opt/stack/neutron/neutron/api/v2/resource_helper.py:77}}
Aug 01 15:55:37 ubuntu neutron-server[144393]: DEBUG neutron.api.v2.resource_helper [None req-ab326cec-b70b-4a20-95a6-6b86b11af481 None None] Service L3_ROUTER_NAT assigned prefix:  {{(pid=144393) build_resource_info /opt/stack/neutron/neutron/api/v2/resource_helper.py:77}}
Aug 01 15:55:37 ubuntu neutron-server[144393]: INFO neutron.quota.resource_registry [None req-ab326cec-b70b-4a20-95a6-6b86b11af481 None None] Creating instance of TrackedResource for resource:router
Aug 01 15:55:37 ubuntu neutron-server[144393]: INFO neutron.quota.resource_registry [None req-ab326cec-b70b-4a20-95a6-6b86b11af481 None None] Creating instance of TrackedResource for resource:floatingip
Aug 01 15:55:37 ubuntu neutron-server[144393]: DEBUG neutron_lib.callbacks.manager [None req-ab326cec-b70b-4a20-95a6-6b86b11af481 None None] Subscribe: <bound method NeutronDbPluginV2.validate_network_rbac_policy_change of <neutron.services.network_ip_availability.plugin.NetworkIPAvailabilityPlugin object at 0x7f777eb3a9d0>> rbac-policy before_create 55550000 {{(pid=144393) subscribe /usr/local/lib/python3.8/dist-packages/neutron_lib/callbacks/manager.py:45}}
Aug 01 15:55:37 ubuntu neutron-server[144393]: DEBUG neutron_lib.callbacks.manager [None req-ab326cec-b70b-4a20-95a6-6b86b11af481 None None] Subscribe: <bound method NeutronDbPluginV2.validate_network_rbac_policy_change of <neutron.services.network_ip_availability.plugin.NetworkIPAvailabilityPlugin object at 0x7f777eb3a9d0>> rbac-policy before_update 55550000 {{(pid=144393) subscribe /usr/local/lib/python3.8/dist-packages/neutron_lib/callbacks/manager.py:45}}
Aug 01 15:55:37 ubuntu neutron-server[144393]: DEBUG neutron_lib.callbacks.manager [None req-ab326cec-b70b-4a20-95a6-6b86b11af481 None None] Subscribe: <bound method NeutronDbPluginV2.validate_network_rbac_policy_change of <neutron.services.network_ip_availability.plugin.NetworkIPAvailabilityPlugin object at 0x7f777eb3a9d0>> rbac-policy before_delete 55550000 {{(pid=144393) subscribe /usr/local/lib/python3.8/dist-packages/neutron_lib/callbacks/manager.py:45}}
Aug 01 15:55:37 ubuntu neutron-server[144393]: INFO neutron.quota.resource_registry [None req-ab326cec-b70b-4a20-95a6-6b86b11af481 None None] Creating instance of CountableResource for resource:rbac_policy
Aug 01 15:55:37 ubuntu neutron-server[144393]: INFO neutron.quota.resource_registry [None req-ab326cec-b70b-4a20-95a6-6b86b11af481 None None] Creating instance of TrackedResource for resource:security_group
Aug 01 15:55:37 ubuntu neutron-server[144393]: INFO neutron.quota.resource_registry [None req-ab326cec-b70b-4a20-95a6-6b86b11af481 None None] Creating instance of TrackedResource for resource:security_group_rule
Aug 01 15:55:37 ubuntu neutron-server[144393]: DEBUG neutron.api.v2.resource_helper [None req-ab326cec-b70b-4a20-95a6-6b86b11af481 None None] Service FLAVORS assigned prefix:  {{(pid=144393) build_resource_info /opt/stack/neutron/neutron/api/v2/resource_helper.py:77}}
Aug 01 15:55:37 ubuntu neutron-server[144393]: DEBUG neutron.api.v2.resource_helper [None req-ab326cec-b70b-4a20-95a6-6b86b11af481 None None] Service L3_ROUTER_NAT assigned prefix:  {{(pid=144393) build_resource_info /opt/stack/neutron/neutron/api/v2/resource_helper.py:77}}
Aug 01 15:55:37 ubuntu neutron-server[144393]: DEBUG neutron.api.v2.resource_helper [None req-ab326cec-b70b-4a20-95a6-6b86b11af481 None None] Service L3_ROUTER_NAT assigned prefix:  {{(pid=144393) build_resource_info /opt/stack/neutron/neutron/api/v2/resource_helper.py:77}}
Aug 01 15:55:37 ubuntu neutron-server[144393]: INFO neutron.quota.resource_registry [None req-ab326cec-b70b-4a20-95a6-6b86b11af481 None None] Creating instance of TrackedResource for resource:router
Aug 01 15:55:37 ubuntu neutron-server[144393]: WARNING neutron.quota.resource_registry [None req-ab326cec-b70b-4a20-95a6-6b86b11af481 None None] router is already registered
Aug 01 15:55:37 ubuntu neutron-server[144393]: INFO neutron.quota.resource_registry [None req-ab326cec-b70b-4a20-95a6-6b86b11af481 None None] Creating instance of TrackedResource for resource:floatingip
Aug 01 15:55:37 ubuntu neutron-server[144393]: WARNING neutron.quota.resource_registry [None req-ab326cec-b70b-4a20-95a6-6b86b11af481 None None] floatingip is already registered
Aug 01 15:55:37 ubuntu neutron-server[144393]: INFO neutron.quota.resource_registry [None req-ab326cec-b70b-4a20-95a6-6b86b11af481 None None] Creating instance of CountableResource for resource:rbac_policy
Aug 01 15:55:37 ubuntu neutron-server[144393]: WARNING neutron.quota.resource_registry [None req-ab326cec-b70b-4a20-95a6-6b86b11af481 None None] rbac_policy is already registered
Aug 01 15:55:37 ubuntu neutron-server[144393]: INFO neutron.quota.resource_registry [None req-ab326cec-b70b-4a20-95a6-6b86b11af481 None None] Creating instance of TrackedResource for resource:security_group
Aug 01 15:55:37 ubuntu neutron-server[144393]: WARNING neutron.quota.resource_registry [None req-ab326cec-b70b-4a20-95a6-6b86b11af481 None None] security_group is already registered
Aug 01 15:55:37 ubuntu neutron-server[144393]: INFO neutron.quota.resource_registry [None req-ab326cec-b70b-4a20-95a6-6b86b11af481 None None] Creating instance of TrackedResource for resource:security_group_rule
Aug 01 15:55:37 ubuntu neutron-server[144393]: WARNING neutron.quota.resource_registry [None req-ab326cec-b70b-4a20-95a6-6b86b11af481 None None] security_group_rule is already registered
Aug 01 15:55:37 ubuntu neutron-server[144393]: DEBUG neutron.api.extensions [None req-ab326cec-b70b-4a20-95a6-6b86b11af481 None None] Extended resource: extensions {{(pid=144393) __init__ /opt/stack/neutron/neutron/api/extensions.py:157}}
Aug 01 15:55:37 ubuntu neutron-server[144393]: DEBUG neutron.api.extensions [None req-ab326cec-b70b-4a20-95a6-6b86b11af481 None None] Extended resource: address-groups {{(pid=144393) __init__ /opt/stack/neutron/neutron/api/extensions.py:157}}
Aug 01 15:55:37 ubuntu neutron-server[144393]: DEBUG neutron.api.extensions [None req-ab326cec-b70b-4a20-95a6-6b86b11af481 None None] Extended resource: address-scopes {{(pid=144393) __init__ /opt/stack/neutron/neutron/api/extensions.py:157}}
Aug 01 15:55:37 ubuntu neutron-server[144393]: DEBUG neutron.api.extensions [None req-ab326cec-b70b-4a20-95a6-6b86b11af481 None None] Extended resource: agents {{(pid=144393) __init__ /opt/stack/neutron/neutron/api/extensions.py:157}}
Aug 01 15:55:37 ubuntu neutron-server[144393]: DEBUG neutron.api.extensions [None req-ab326cec-b70b-4a20-95a6-6b86b11af481 None None] Extended resource: auto-allocated-topology {{(pid=144393) __init__ /opt/stack/neutron/neutron/api/extensions.py:157}}
Aug 01 15:55:37 ubuntu neutron-server[144393]: DEBUG neutron.api.extensions [None req-ab326cec-b70b-4a20-95a6-6b86b11af481 None None] Extended resource: availability_zones {{(pid=144393) __init__ /opt/stack/neutron/neutron/api/extensions.py:157}}
Aug 01 15:55:37 ubuntu neutron-server[144393]: DEBUG neutron.api.extensions [None req-ab326cec-b70b-4a20-95a6-6b86b11af481 None None] Extended resource: flavors {{(pid=144393) __init__ /opt/stack/neutron/neutron/api/extensions.py:157}}
Aug 01 15:55:37 ubuntu neutron-server[144393]: DEBUG neutron.api.extensions [None req-ab326cec-b70b-4a20-95a6-6b86b11af481 None None] Extended resource: service_profiles {{(pid=144393) __init__ /opt/stack/neutron/neutron/api/extensions.py:157}}
Aug 01 15:55:37 ubuntu neutron-server[144393]: DEBUG neutron.api.extensions [None req-ab326cec-b70b-4a20-95a6-6b86b11af481 None None] Extended resource: next_providers {{(pid=144393) __init__ /opt/stack/neutron/neutron/api/extensions.py:157}}
Aug 01 15:55:37 ubuntu neutron-server[144393]: DEBUG neutron.api.extensions [None req-ab326cec-b70b-4a20-95a6-6b86b11af481 None None] Extended resource: service_profiles {{(pid=144393) __init__ /opt/stack/neutron/neutron/api/extensions.py:157}}
Aug 01 15:55:37 ubuntu neutron-server[144393]: DEBUG neutron.api.extensions [None req-ab326cec-b70b-4a20-95a6-6b86b11af481 None None] Extended resource: floatingip-pools {{(pid=144393) __init__ /opt/stack/neutron/neutron/api/extensions.py:157}}
Aug 01 15:55:37 ubuntu neutron-server[144393]: DEBUG neutron.api.extensions [None req-ab326cec-b70b-4a20-95a6-6b86b11af481 None None] Extended resource: routers {{(pid=144393) __init__ /opt/stack/neutron/neutron/api/extensions.py:157}}
Aug 01 15:55:37 ubuntu neutron-server[144393]: DEBUG neutron.api.extensions [None req-ab326cec-b70b-4a20-95a6-6b86b11af481 None None] Extended resource: floatingips {{(pid=144393) __init__ /opt/stack/neutron/neutron/api/extensions.py:157}}
Aug 01 15:55:37 ubuntu neutron-server[144393]: DEBUG neutron.api.extensions [None req-ab326cec-b70b-4a20-95a6-6b86b11af481 None None] Extended resource: network-ip-availabilities {{(pid=144393) __init__ /opt/stack/neutron/neutron/api/extensions.py:157}}
Aug 01 15:55:37 ubuntu neutron-server[144393]: DEBUG neutron.api.extensions [None req-ab326cec-b70b-4a20-95a6-6b86b11af481 None None] Extended resource: bindings {{(pid=144393) __init__ /opt/stack/neutron/neutron/api/extensions.py:157}}
Aug 01 15:55:37 ubuntu neutron-server[144393]: DEBUG neutron.api.extensions [None req-ab326cec-b70b-4a20-95a6-6b86b11af481 None None] Extended resource: quotas {{(pid=144393) __init__ /opt/stack/neutron/neutron/api/extensions.py:157}}
Aug 01 15:55:37 ubuntu neutron-server[144393]: DEBUG neutron.api.extensions [None req-ab326cec-b70b-4a20-95a6-6b86b11af481 None None] Extended resource: quotas {{(pid=144393) __init__ /opt/stack/neutron/neutron/api/extensions.py:157}}
Aug 01 15:55:37 ubuntu neutron-server[144393]: DEBUG neutron.api.extensions [None req-ab326cec-b70b-4a20-95a6-6b86b11af481 None None] Extended resource: rbac-policies {{(pid=144393) __init__ /opt/stack/neutron/neutron/api/extensions.py:157}}
Aug 01 15:55:37 ubuntu neutron-server[144393]: DEBUG neutron.api.extensions [None req-ab326cec-b70b-4a20-95a6-6b86b11af481 None None] Extended resource: security-groups {{(pid=144393) __init__ /opt/stack/neutron/neutron/api/extensions.py:157}}
Aug 01 15:55:37 ubuntu neutron-server[144393]: DEBUG neutron.api.extensions [None req-ab326cec-b70b-4a20-95a6-6b86b11af481 None None] Extended resource: security-group-rules {{(pid=144393) __init__ /opt/stack/neutron/neutron/api/extensions.py:157}}
Aug 01 15:55:37 ubuntu neutron-server[144393]: DEBUG neutron.api.extensions [None req-ab326cec-b70b-4a20-95a6-6b86b11af481 None None] Extended resource: service-providers {{(pid=144393) __init__ /opt/stack/neutron/neutron/api/extensions.py:157}}
Aug 01 15:55:37 ubuntu neutron-server[144393]: DEBUG neutron.api.extensions [None req-ab326cec-b70b-4a20-95a6-6b86b11af481 None None] Extended resource: tags {{(pid=144393) __init__ /opt/stack/neutron/neutron/api/extensions.py:157}}
Aug 01 15:55:37 ubuntu neutron-server[144393]: DEBUG neutron.api.extensions [None req-ab326cec-b70b-4a20-95a6-6b86b11af481 None None] Extended resource: tags {{(pid=144393) __init__ /opt/stack/neutron/neutron/api/extensions.py:157}}
Aug 01 15:55:37 ubuntu neutron-server[144393]: DEBUG neutron.api.extensions [None req-ab326cec-b70b-4a20-95a6-6b86b11af481 None None] Extended resource: tags {{(pid=144393) __init__ /opt/stack/neutron/neutron/api/extensions.py:157}}
Aug 01 15:55:37 ubuntu neutron-server[144393]: DEBUG neutron.api.extensions [None req-ab326cec-b70b-4a20-95a6-6b86b11af481 None None] Extended resource: tags {{(pid=144393) __init__ /opt/stack/neutron/neutron/api/extensions.py:157}}
Aug 01 15:55:37 ubuntu neutron-server[144393]: DEBUG neutron.api.extensions [None req-ab326cec-b70b-4a20-95a6-6b86b11af481 None None] Extended resource: tags {{(pid=144393) __init__ /opt/stack/neutron/neutron/api/extensions.py:157}}
Aug 01 15:55:37 ubuntu neutron-server[144393]: DEBUG neutron.api.extensions [None req-ab326cec-b70b-4a20-95a6-6b86b11af481 None None] Extended resource: tags {{(pid=144393) __init__ /opt/stack/neutron/neutron/api/extensions.py:157}}
Aug 01 15:55:37 ubuntu neutron-server[144393]: DEBUG neutron.api.extensions [None req-ab326cec-b70b-4a20-95a6-6b86b11af481 None None] Extended resource: tags {{(pid=144393) __init__ /opt/stack/neutron/neutron/api/extensions.py:157}}
Aug 01 15:55:37 ubuntu neutron-server[144393]: DEBUG neutron.api.extensions [None req-ab326cec-b70b-4a20-95a6-6b86b11af481 None None] Extended resource: tags {{(pid=144393) __init__ /opt/stack/neutron/neutron/api/extensions.py:157}}
Aug 01 15:55:37 ubuntu neutron-server[144393]: DEBUG neutron.api.extensions [None req-ab326cec-b70b-4a20-95a6-6b86b11af481 None None] Extended resource: tags {{(pid=144393) __init__ /opt/stack/neutron/neutron/api/extensions.py:157}}
Aug 01 15:55:37 ubuntu neutron-server[144393]: DEBUG neutron.api.extensions [None req-ab326cec-b70b-4a20-95a6-6b86b11af481 None None] Extended resource: tags {{(pid=144393) __init__ /opt/stack/neutron/neutron/api/extensions.py:157}}
Aug 01 15:55:37 ubuntu neutron-server[144393]: WARNING keystonemiddleware.auth_token [None req-ab326cec-b70b-4a20-95a6-6b86b11af481 None None] AuthToken middleware is set with keystone_authtoken.service_token_roles_required set to False. This is backwards compatible but deprecated behaviour. Please set this to True.
Aug 01 15:55:37 ubuntu neutron-server[144393]: WARNING keystonemiddleware.auth_token [None req-ab326cec-b70b-4a20-95a6-6b86b11af481 None None] Configuring www_authenticate_uri to point to the public identity endpoint is required; clients may not be able to authenticate against an admin endpoint
Aug 01 15:55:37 ubuntu neutron-server[144393]: DEBUG oslo_concurrency.lockutils [None req-ab326cec-b70b-4a20-95a6-6b86b11af481 None None] Acquired lock "singleton_lock" {{(pid=144393) lock /usr/local/lib/python3.8/dist-packages/oslo_concurrency/lockutils.py:294}}
Aug 01 15:55:37 ubuntu neutron-server[144393]: DEBUG oslo_concurrency.lockutils [None req-ab326cec-b70b-4a20-95a6-6b86b11af481 None None] Releasing lock "singleton_lock" {{(pid=144393) lock /usr/local/lib/python3.8/dist-packages/oslo_concurrency/lockutils.py:312}}
Aug 01 15:55:37 ubuntu neutron-server[144393]: INFO oslo_service.service [None req-ab326cec-b70b-4a20-95a6-6b86b11af481 None None] Starting 2 workers
Aug 01 15:55:37 ubuntu neutron-server[144393]: DEBUG oslo_service.service [None req-ab326cec-b70b-4a20-95a6-6b86b11af481 None None] Started child 144598 {{(pid=144393) _start_child /usr/local/lib/python3.8/dist-packages/oslo_service/service.py:575}}
Aug 01 15:55:37 ubuntu neutron-server[144393]: DEBUG oslo_service.service [None req-ab326cec-b70b-4a20-95a6-6b86b11af481 None None] Started child 144599 {{(pid=144393) _start_child /usr/local/lib/python3.8/dist-packages/oslo_service/service.py:575}}
Aug 01 15:55:37 ubuntu neutron-server[144393]: INFO neutron.service [None req-ab326cec-b70b-4a20-95a6-6b86b11af481 None None] Neutron service started, listening on 0.0.0.0:9696
Aug 01 15:55:37 ubuntu neutron-server[144393]: DEBUG neutron_lib.callbacks.manager [None req-ab326cec-b70b-4a20-95a6-6b86b11af481 None None] Publish callbacks ['neutron.plugins.ml2.drivers.ovn.mech_driver.mech_driver.OVNMechanismDriver.pre_fork_initialize-1605006'] for process (None), before_spawn {{(pid=144393) _notify_loop /usr/local/lib/python3.8/dist-packages/neutron_lib/callbacks/manager.py:176}}
Aug 01 15:55:37 ubuntu neutron-server[144599]: DEBUG neutron_lib.callbacks.manager [-] Publish callbacks ['neutron.plugins.ml2.drivers.ovn.mech_driver.mech_driver.OVNMechanismDriver.post_fork_initialize-1604970'] for process (None), after_init {{(pid=144599) _notify_loop /usr/local/lib/python3.8/dist-packages/neutron_lib/callbacks/manager.py:176}}
Aug 01 15:55:37 ubuntu neutron-server[144598]: DEBUG neutron_lib.callbacks.manager [-] Publish callbacks ['neutron.plugins.ml2.drivers.ovn.mech_driver.mech_driver.OVNMechanismDriver.post_fork_initialize-1604970'] for process (None), after_init {{(pid=144598) _notify_loop /usr/local/lib/python3.8/dist-packages/neutron_lib/callbacks/manager.py:176}}
Aug 01 15:55:37 ubuntu neutron-server[144599]: DEBUG dbcounter [-] [144599] Writer thread running {{(pid=144599) stat_writer /usr/local/lib/python3.8/dist-packages/dbcounter.py:99}}
Aug 01 15:55:37 ubuntu neutron-server[144393]: DEBUG ovsdbapp.backend.ovs_idl [None req-ab326cec-b70b-4a20-95a6-6b86b11af481 None None] Created schema index Port_Group.name {{(pid=144393) autocreate_indices /usr/local/lib/python3.8/dist-packages/ovsdbapp/backend/ovs_idl/__init__.py:104}}
Aug 01 15:55:37 ubuntu neutron-server[144393]: DEBUG ovsdbapp.backend.ovs_idl [None req-ab326cec-b70b-4a20-95a6-6b86b11af481 None None] Created schema index Logical_Switch_Port.name {{(pid=144393) autocreate_indices /usr/local/lib/python3.8/dist-packages/ovsdbapp/backend/ovs_idl/__init__.py:104}}
Aug 01 15:55:37 ubuntu neutron-server[144598]: DEBUG dbcounter [-] [144598] Writer thread running {{(pid=144598) stat_writer /usr/local/lib/python3.8/dist-packages/dbcounter.py:99}}
Aug 01 15:55:37 ubuntu neutron-server[144599]: INFO neutron.plugins.ml2.drivers.ovn.mech_driver.ovsdb.impl_idl_ovn [None req-8402232f-30b2-4758-b4b6-68e33390dcdd None None] Getting OvsdbNbOvnIdl for WorkerService with retry
Aug 01 15:55:37 ubuntu neutron-server[144598]: INFO neutron.plugins.ml2.drivers.ovn.mech_driver.ovsdb.impl_idl_ovn [None req-5539830d-f4af-4501-9192-bddcea6af007 None None] Getting OvsdbNbOvnIdl for WorkerService with retry
Aug 01 15:55:37 ubuntu neutron-server[144393]: DEBUG ovsdbapp.backend.ovs_idl.transaction [-] Running txn n=1 command(idx=0): PgAddCommand(name=neutron_pg_drop, may_exist=True, columns={'acls': []}) {{(pid=144393) do_commit /usr/local/lib/python3.8/dist-packages/ovsdbapp/backend/ovs_idl/transaction.py:90}}
Aug 01 15:55:37 ubuntu neutron-server[144393]: DEBUG ovsdbapp.backend.ovs_idl.transaction [-] Running txn n=1 command(idx=1): PgAclAddCommand(entity=neutron_pg_drop, direction=from-lport, priority=1001, match=inport == @neutron_pg_drop && ip, action=drop, log=False, may_exist=True, severity=[], name=[], meter=None, external_ids={}) {{(pid=144393) do_commit /usr/local/lib/python3.8/dist-packages/ovsdbapp/backend/ovs_idl/transaction.py:90}}
Aug 01 15:55:37 ubuntu neutron-server[144393]: DEBUG ovsdbapp.backend.ovs_idl.transaction [-] Running txn n=1 command(idx=2): PgAclAddCommand(entity=neutron_pg_drop, direction=to-lport, priority=1001, match=outport == @neutron_pg_drop && ip, action=drop, log=False, may_exist=True, severity=[], name=[], meter=None, external_ids={}) {{(pid=144393) do_commit /usr/local/lib/python3.8/dist-packages/ovsdbapp/backend/ovs_idl/transaction.py:90}}
Aug 01 15:55:37 ubuntu neutron-server[144393]: DEBUG ovsdbapp.backend.ovs_idl.event [-] Matched CREATE: NeutronPgDropPortGroupCreated(events=('create',), table='Port_Group', conditions=(('name', '=', 'neutron_pg_drop'),), old_conditions=None), priority=10 to row=Port_Group(name=neutron_pg_drop, ports=[], external_ids={}, acls=[<ovs.db.idl.Row object at 0x7f777f2414f0>, <ovs.db.idl.Row object at 0x7f777f241250>]) old= {{(pid=144393) matches /usr/local/lib/python3.8/dist-packages/ovsdbapp/backend/ovs_idl/event.py:43}}
Aug 01 15:55:37 ubuntu neutron-server[144599]: DEBUG ovsdbapp.backend.ovs_idl [None req-8402232f-30b2-4758-b4b6-68e33390dcdd None None] Created lookup_table index Logical_Switch.name {{(pid=144599) autocreate_indices /usr/local/lib/python3.8/dist-packages/ovsdbapp/backend/ovs_idl/__init__.py:85}}
Aug 01 15:55:37 ubuntu neutron-server[144599]: DEBUG ovsdbapp.backend.ovs_idl [None req-8402232f-30b2-4758-b4b6-68e33390dcdd None None] Created lookup_table index Logical_Router.name {{(pid=144599) autocreate_indices /usr/local/lib/python3.8/dist-packages/ovsdbapp/backend/ovs_idl/__init__.py:85}}
Aug 01 15:55:37 ubuntu neutron-server[144598]: DEBUG ovsdbapp.backend.ovs_idl [None req-5539830d-f4af-4501-9192-bddcea6af007 None None] Created lookup_table index Logical_Switch.name {{(pid=144598) autocreate_indices /usr/local/lib/python3.8/dist-packages/ovsdbapp/backend/ovs_idl/__init__.py:85}}
Aug 01 15:55:37 ubuntu neutron-server[144598]: DEBUG ovsdbapp.backend.ovs_idl [None req-5539830d-f4af-4501-9192-bddcea6af007 None None] Created lookup_table index Logical_Router.name {{(pid=144598) autocreate_indices /usr/local/lib/python3.8/dist-packages/ovsdbapp/backend/ovs_idl/__init__.py:85}}
Aug 01 15:55:37 ubuntu neutron-server[144598]: DEBUG ovsdbapp.backend.ovs_idl [None req-5539830d-f4af-4501-9192-bddcea6af007 None None] Created lookup_table index Load_Balancer.name {{(pid=144598) autocreate_indices /usr/local/lib/python3.8/dist-packages/ovsdbapp/backend/ovs_idl/__init__.py:85}}
Aug 01 15:55:37 ubuntu neutron-server[144599]: DEBUG ovsdbapp.backend.ovs_idl [None req-8402232f-30b2-4758-b4b6-68e33390dcdd None None] Created lookup_table index Load_Balancer.name {{(pid=144599) autocreate_indices /usr/local/lib/python3.8/dist-packages/ovsdbapp/backend/ovs_idl/__init__.py:85}}
Aug 01 15:55:37 ubuntu neutron-server[144598]: DEBUG ovsdbapp.backend.ovs_idl [None req-5539830d-f4af-4501-9192-bddcea6af007 None None] Created schema index Meter.name {{(pid=144598) autocreate_indices /usr/local/lib/python3.8/dist-packages/ovsdbapp/backend/ovs_idl/__init__.py:104}}
Aug 01 15:55:37 ubuntu neutron-server[144598]: DEBUG ovsdbapp.backend.ovs_idl [None req-5539830d-f4af-4501-9192-bddcea6af007 None None] Created schema index Address_Set.name {{(pid=144598) autocreate_indices /usr/local/lib/python3.8/dist-packages/ovsdbapp/backend/ovs_idl/__init__.py:104}}
Aug 01 15:55:37 ubuntu neutron-server[144598]: DEBUG ovsdbapp.backend.ovs_idl [None req-5539830d-f4af-4501-9192-bddcea6af007 None None] Created schema index HA_Chassis_Group.name {{(pid=144598) autocreate_indices /usr/local/lib/python3.8/dist-packages/ovsdbapp/backend/ovs_idl/__init__.py:104}}
Aug 01 15:55:37 ubuntu neutron-server[144598]: DEBUG ovsdbapp.backend.ovs_idl [None req-5539830d-f4af-4501-9192-bddcea6af007 None None] Created schema index Connection.target {{(pid=144598) autocreate_indices /usr/local/lib/python3.8/dist-packages/ovsdbapp/backend/ovs_idl/__init__.py:104}}
Aug 01 15:55:37 ubuntu neutron-server[144599]: DEBUG ovsdbapp.backend.ovs_idl [None req-8402232f-30b2-4758-b4b6-68e33390dcdd None None] Created schema index Meter.name {{(pid=144599) autocreate_indices /usr/local/lib/python3.8/dist-packages/ovsdbapp/backend/ovs_idl/__init__.py:104}}
Aug 01 15:55:37 ubuntu neutron-server[144598]: DEBUG ovsdbapp.backend.ovs_idl [None req-5539830d-f4af-4501-9192-bddcea6af007 None None] Created schema index Gateway_Chassis.name {{(pid=144598) autocreate_indices /usr/local/lib/python3.8/dist-packages/ovsdbapp/backend/ovs_idl/__init__.py:104}}
Aug 01 15:55:37 ubuntu neutron-server[144598]: DEBUG ovsdbapp.backend.ovs_idl [None req-5539830d-f4af-4501-9192-bddcea6af007 None None] Created schema index Logical_Router_Port.name {{(pid=144598) autocreate_indices /usr/local/lib/python3.8/dist-packages/ovsdbapp/backend/ovs_idl/__init__.py:104}}
Aug 01 15:55:37 ubuntu neutron-server[144598]: DEBUG ovsdbapp.backend.ovs_idl [None req-5539830d-f4af-4501-9192-bddcea6af007 None None] Created schema index Port_Group.name {{(pid=144598) autocreate_indices /usr/local/lib/python3.8/dist-packages/ovsdbapp/backend/ovs_idl/__init__.py:104}}
Aug 01 15:55:37 ubuntu neutron-server[144598]: DEBUG ovsdbapp.backend.ovs_idl [None req-5539830d-f4af-4501-9192-bddcea6af007 None None] Created schema index Logical_Switch_Port.name {{(pid=144598) autocreate_indices /usr/local/lib/python3.8/dist-packages/ovsdbapp/backend/ovs_idl/__init__.py:104}}
Aug 01 15:55:37 ubuntu neutron-server[144599]: DEBUG ovsdbapp.backend.ovs_idl [None req-8402232f-30b2-4758-b4b6-68e33390dcdd None None] Created schema index Address_Set.name {{(pid=144599) autocreate_indices /usr/local/lib/python3.8/dist-packages/ovsdbapp/backend/ovs_idl/__init__.py:104}}
Aug 01 15:55:37 ubuntu neutron-server[144599]: DEBUG ovsdbapp.backend.ovs_idl [None req-8402232f-30b2-4758-b4b6-68e33390dcdd None None] Created schema index HA_Chassis_Group.name {{(pid=144599) autocreate_indices /usr/local/lib/python3.8/dist-packages/ovsdbapp/backend/ovs_idl/__init__.py:104}}
Aug 01 15:55:37 ubuntu neutron-server[144598]: INFO ovsdbapp.backend.ovs_idl.vlog [None req-5539830d-f4af-4501-9192-bddcea6af007 None None] tcp:192.168.79.44:6641: connecting...
Aug 01 15:55:37 ubuntu neutron-server[144598]: INFO ovsdbapp.backend.ovs_idl.vlog [None req-5539830d-f4af-4501-9192-bddcea6af007 None None] tcp:192.168.79.44:6641: connected
Aug 01 15:55:37 ubuntu neutron-server[144599]: DEBUG ovsdbapp.backend.ovs_idl [None req-8402232f-30b2-4758-b4b6-68e33390dcdd None None] Created schema index Connection.target {{(pid=144599) autocreate_indices /usr/local/lib/python3.8/dist-packages/ovsdbapp/backend/ovs_idl/__init__.py:104}}
Aug 01 15:55:37 ubuntu neutron-server[144599]: DEBUG ovsdbapp.backend.ovs_idl [None req-8402232f-30b2-4758-b4b6-68e33390dcdd None None] Created schema index Gateway_Chassis.name {{(pid=144599) autocreate_indices /usr/local/lib/python3.8/dist-packages/ovsdbapp/backend/ovs_idl/__init__.py:104}}
Aug 01 15:55:37 ubuntu neutron-server[144599]: DEBUG ovsdbapp.backend.ovs_idl [None req-8402232f-30b2-4758-b4b6-68e33390dcdd None None] Created schema index Logical_Router_Port.name {{(pid=144599) autocreate_indices /usr/local/lib/python3.8/dist-packages/ovsdbapp/backend/ovs_idl/__init__.py:104}}
Aug 01 15:55:37 ubuntu neutron-server[144599]: DEBUG ovsdbapp.backend.ovs_idl [None req-8402232f-30b2-4758-b4b6-68e33390dcdd None None] Created schema index Port_Group.name {{(pid=144599) autocreate_indices /usr/local/lib/python3.8/dist-packages/ovsdbapp/backend/ovs_idl/__init__.py:104}}
Aug 01 15:55:37 ubuntu neutron-server[144599]: DEBUG ovsdbapp.backend.ovs_idl [None req-8402232f-30b2-4758-b4b6-68e33390dcdd None None] Created schema index Logical_Switch_Port.name {{(pid=144599) autocreate_indices /usr/local/lib/python3.8/dist-packages/ovsdbapp/backend/ovs_idl/__init__.py:104}}
Aug 01 15:55:37 ubuntu neutron-server[144599]: INFO ovsdbapp.backend.ovs_idl.vlog [None req-8402232f-30b2-4758-b4b6-68e33390dcdd None None] tcp:192.168.79.44:6641: connecting...
Aug 01 15:55:37 ubuntu neutron-server[144599]: INFO ovsdbapp.backend.ovs_idl.vlog [None req-8402232f-30b2-4758-b4b6-68e33390dcdd None None] tcp:192.168.79.44:6641: connected
Aug 01 15:55:38 ubuntu neutron-server[144393]: DEBUG ovsdbapp.backend.ovs_idl [None req-ab326cec-b70b-4a20-95a6-6b86b11af481 None None] Created lookup_table index Logical_Switch.name {{(pid=144393) autocreate_indices /usr/local/lib/python3.8/dist-packages/ovsdbapp/backend/ovs_idl/__init__.py:85}}
Aug 01 15:55:38 ubuntu neutron-server[144393]: DEBUG ovsdbapp.backend.ovs_idl [None req-ab326cec-b70b-4a20-95a6-6b86b11af481 None None] Created lookup_table index Logical_Router.name {{(pid=144393) autocreate_indices /usr/local/lib/python3.8/dist-packages/ovsdbapp/backend/ovs_idl/__init__.py:85}}
Aug 01 15:55:38 ubuntu neutron-server[144393]: DEBUG ovsdbapp.backend.ovs_idl [None req-ab326cec-b70b-4a20-95a6-6b86b11af481 None None] Created lookup_table index Load_Balancer.name {{(pid=144393) autocreate_indices /usr/local/lib/python3.8/dist-packages/ovsdbapp/backend/ovs_idl/__init__.py:85}}
Aug 01 15:55:38 ubuntu neutron-server[144393]: DEBUG ovsdbapp.backend.ovs_idl [None req-ab326cec-b70b-4a20-95a6-6b86b11af481 None None] Created schema index Meter.name {{(pid=144393) autocreate_indices /usr/local/lib/python3.8/dist-packages/ovsdbapp/backend/ovs_idl/__init__.py:104}}
Aug 01 15:55:38 ubuntu neutron-server[144393]: DEBUG ovsdbapp.backend.ovs_idl [None req-ab326cec-b70b-4a20-95a6-6b86b11af481 None None] Created schema index Address_Set.name {{(pid=144393) autocreate_indices /usr/local/lib/python3.8/dist-packages/ovsdbapp/backend/ovs_idl/__init__.py:104}}
Aug 01 15:55:38 ubuntu neutron-server[144393]: DEBUG ovsdbapp.backend.ovs_idl [None req-ab326cec-b70b-4a20-95a6-6b86b11af481 None None] Created schema index HA_Chassis_Group.name {{(pid=144393) autocreate_indices /usr/local/lib/python3.8/dist-packages/ovsdbapp/backend/ovs_idl/__init__.py:104}}
Aug 01 15:55:38 ubuntu neutron-server[144393]: DEBUG ovsdbapp.backend.ovs_idl [None req-ab326cec-b70b-4a20-95a6-6b86b11af481 None None] Created schema index Connection.target {{(pid=144393) autocreate_indices /usr/local/lib/python3.8/dist-packages/ovsdbapp/backend/ovs_idl/__init__.py:104}}
Aug 01 15:55:38 ubuntu neutron-server[144393]: DEBUG ovsdbapp.backend.ovs_idl [None req-ab326cec-b70b-4a20-95a6-6b86b11af481 None None] Created schema index Gateway_Chassis.name {{(pid=144393) autocreate_indices /usr/local/lib/python3.8/dist-packages/ovsdbapp/backend/ovs_idl/__init__.py:104}}
Aug 01 15:55:38 ubuntu neutron-server[144393]: DEBUG ovsdbapp.backend.ovs_idl [None req-ab326cec-b70b-4a20-95a6-6b86b11af481 None None] Created schema index Logical_Router_Port.name {{(pid=144393) autocreate_indices /usr/local/lib/python3.8/dist-packages/ovsdbapp/backend/ovs_idl/__init__.py:104}}
Aug 01 15:55:38 ubuntu neutron-server[144393]: DEBUG ovsdbapp.backend.ovs_idl [None req-ab326cec-b70b-4a20-95a6-6b86b11af481 None None] Created schema index Port_Group.name {{(pid=144393) autocreate_indices /usr/local/lib/python3.8/dist-packages/ovsdbapp/backend/ovs_idl/__init__.py:104}}
Aug 01 15:55:38 ubuntu neutron-server[144393]: DEBUG ovsdbapp.backend.ovs_idl [None req-ab326cec-b70b-4a20-95a6-6b86b11af481 None None] Created schema index Logical_Switch_Port.name {{(pid=144393) autocreate_indices /usr/local/lib/python3.8/dist-packages/ovsdbapp/backend/ovs_idl/__init__.py:104}}
Aug 01 15:55:38 ubuntu neutron-server[144598]: DEBUG neutron.common.ovn.hash_ring_manager [None req-5539830d-f4af-4501-9192-bddcea6af007 None None] Allow caching, nodes 2>=2 {{(pid=144598) _wait_startup_before_caching /opt/stack/neutron/neutron/common/ovn/hash_ring_manager.py:60}}
Aug 01 15:55:38 ubuntu neutron-server[144598]: DEBUG neutron.plugins.ml2.drivers.ovn.mech_driver.ovsdb.ovsdb_monitor [None req-5539830d-f4af-4501-9192-bddcea6af007 None None] Hash Ring: Node 42fe78c9-68c2-4821-b0fb-93eb6489f6e3 (host: ubuntu) handling event "create" for row 085bc02b-240b-48f3-af99-914b36df5e3f (table: Database) {{(pid=144598) notify /opt/stack/neutron/neutron/plugins/ml2/drivers/ovn/mech_driver/ovsdb/ovsdb_monitor.py:743}}
Aug 01 15:55:38 ubuntu neutron-server[144599]: DEBUG neutron.common.ovn.hash_ring_manager [None req-8402232f-30b2-4758-b4b6-68e33390dcdd None None] Allow caching, nodes 2>=2 {{(pid=144599) _wait_startup_before_caching /opt/stack/neutron/neutron/common/ovn/hash_ring_manager.py:60}}
Aug 01 15:55:38 ubuntu neutron-server[144598]: DEBUG neutron.plugins.ml2.drivers.ovn.mech_driver.ovsdb.ovsdb_monitor [None req-5539830d-f4af-4501-9192-bddcea6af007 None None] Hash Ring: Node 42fe78c9-68c2-4821-b0fb-93eb6489f6e3 (host: ubuntu) handling event "create" for row 00c406d9-6b96-49a7-8cee-20c2e8649de0 (table: ACL) {{(pid=144598) notify /opt/stack/neutron/neutron/plugins/ml2/drivers/ovn/mech_driver/ovsdb/ovsdb_monitor.py:743}}
Aug 01 15:55:38 ubuntu neutron-server[144598]: INFO neutron.plugins.ml2.drivers.ovn.mech_driver.ovsdb.impl_idl_ovn [None req-5539830d-f4af-4501-9192-bddcea6af007 None None] Getting OvsdbSbOvnIdl for WorkerService with retry
Aug 01 15:55:38 ubuntu neutron-server[144599]: DEBUG neutron.plugins.ml2.drivers.ovn.mech_driver.ovsdb.ovsdb_monitor [None req-8402232f-30b2-4758-b4b6-68e33390dcdd None None] Hash Ring: Node b035c2a3-6ba9-4662-93e9-0496944a7e72 (host: ubuntu) handling event "create" for row e8f51c0b-3fc4-4d2f-b8d6-e12b8b9d46fb (table: Database) {{(pid=144599) notify /opt/stack/neutron/neutron/plugins/ml2/drivers/ovn/mech_driver/ovsdb/ovsdb_monitor.py:743}}
Aug 01 15:55:38 ubuntu neutron-server[144598]: DEBUG ovsdbapp.backend.ovs_idl [None req-5539830d-f4af-4501-9192-bddcea6af007 None None] Created lookup_table index Chassis.name {{(pid=144598) autocreate_indices /usr/local/lib/python3.8/dist-packages/ovsdbapp/backend/ovs_idl/__init__.py:85}}
Aug 01 15:55:38 ubuntu neutron-server[144598]: DEBUG ovsdbapp.backend.ovs_idl [None req-5539830d-f4af-4501-9192-bddcea6af007 None None] Created schema index Datapath_Binding.tunnel_key {{(pid=144598) autocreate_indices /usr/local/lib/python3.8/dist-packages/ovsdbapp/backend/ovs_idl/__init__.py:104}}
Aug 01 15:55:38 ubuntu neutron-server[144598]: DEBUG ovsdbapp.backend.ovs_idl [None req-5539830d-f4af-4501-9192-bddcea6af007 None None] Created schema index Connection.target {{(pid=144598) autocreate_indices /usr/local/lib/python3.8/dist-packages/ovsdbapp/backend/ovs_idl/__init__.py:104}}
Aug 01 15:55:38 ubuntu neutron-server[144599]: DEBUG neutron.plugins.ml2.drivers.ovn.mech_driver.ovsdb.ovsdb_monitor [None req-8402232f-30b2-4758-b4b6-68e33390dcdd None None] Hash Ring: Node b035c2a3-6ba9-4662-93e9-0496944a7e72 (host: ubuntu) handling event "create" for row 78c37486-01c5-4868-84f6-bdf7af4212e8 (table: Port_Group) {{(pid=144599) notify /opt/stack/neutron/neutron/plugins/ml2/drivers/ovn/mech_driver/ovsdb/ovsdb_monitor.py:743}}
Aug 01 15:55:38 ubuntu neutron-server[144598]: INFO ovsdbapp.backend.ovs_idl.vlog [None req-5539830d-f4af-4501-9192-bddcea6af007 None None] tcp:192.168.79.44:6642: connecting...
Aug 01 15:55:38 ubuntu neutron-server[144598]: INFO ovsdbapp.backend.ovs_idl.vlog [None req-5539830d-f4af-4501-9192-bddcea6af007 None None] tcp:192.168.79.44:6642: connected
Aug 01 15:55:38 ubuntu neutron-server[144599]: DEBUG neutron.plugins.ml2.drivers.ovn.mech_driver.ovsdb.ovsdb_monitor [None req-8402232f-30b2-4758-b4b6-68e33390dcdd None None] Hash Ring: Node b035c2a3-6ba9-4662-93e9-0496944a7e72 (host: ubuntu) handling event "create" for row 13c8cb76-6519-4e4c-aa03-d58cbe0698fd (table: NB_Global) {{(pid=144599) notify /opt/stack/neutron/neutron/plugins/ml2/drivers/ovn/mech_driver/ovsdb/ovsdb_monitor.py:743}}
Aug 01 15:55:38 ubuntu neutron-server[144599]: DEBUG neutron.plugins.ml2.drivers.ovn.mech_driver.ovsdb.ovsdb_monitor [None req-8402232f-30b2-4758-b4b6-68e33390dcdd None None] Hash Ring: Node b035c2a3-6ba9-4662-93e9-0496944a7e72 (host: ubuntu) handling event "create" for row 02d946d9-a14c-4c7c-b4b2-710ff29c0a99 (table: ACL) {{(pid=144599) notify /opt/stack/neutron/neutron/plugins/ml2/drivers/ovn/mech_driver/ovsdb/ovsdb_monitor.py:743}}
Aug 01 15:55:38 ubuntu neutron-server[144599]: DEBUG neutron.plugins.ml2.drivers.ovn.mech_driver.ovsdb.ovsdb_monitor [None req-8402232f-30b2-4758-b4b6-68e33390dcdd None None] Hash Ring: Node b035c2a3-6ba9-4662-93e9-0496944a7e72 (host: ubuntu) handling event "create" for row 89ec5e6e-5fbc-432f-a03a-dcfbf38af599 (table: Connection) {{(pid=144599) notify /opt/stack/neutron/neutron/plugins/ml2/drivers/ovn/mech_driver/ovsdb/ovsdb_monitor.py:743}}
Aug 01 15:55:38 ubuntu neutron-server[144599]: INFO neutron.plugins.ml2.drivers.ovn.mech_driver.ovsdb.impl_idl_ovn [None req-8402232f-30b2-4758-b4b6-68e33390dcdd None None] Getting OvsdbSbOvnIdl for WorkerService with retry
Aug 01 15:55:38 ubuntu neutron-server[144393]: DEBUG ovsdbapp.backend.ovs_idl [None req-ab326cec-b70b-4a20-95a6-6b86b11af481 None None] Created lookup_table index Chassis.name {{(pid=144393) autocreate_indices /usr/local/lib/python3.8/dist-packages/ovsdbapp/backend/ovs_idl/__init__.py:85}}
Aug 01 15:55:38 ubuntu neutron-server[144393]: DEBUG ovsdbapp.backend.ovs_idl [None req-ab326cec-b70b-4a20-95a6-6b86b11af481 None None] Created lookup_table index MAC_Binding.ip {{(pid=144393) autocreate_indices /usr/local/lib/python3.8/dist-packages/ovsdbapp/backend/ovs_idl/__init__.py:85}}
Aug 01 15:55:38 ubuntu neutron-server[144393]: DEBUG ovsdbapp.backend.ovs_idl [None req-ab326cec-b70b-4a20-95a6-6b86b11af481 None None] Created schema index Meter.name {{(pid=144393) autocreate_indices /usr/local/lib/python3.8/dist-packages/ovsdbapp/backend/ovs_idl/__init__.py:104}}
Aug 01 15:55:38 ubuntu neutron-server[144393]: DEBUG ovsdbapp.backend.ovs_idl [None req-ab326cec-b70b-4a20-95a6-6b86b11af481 None None] Created schema index Address_Set.name {{(pid=144393) autocreate_indices /usr/local/lib/python3.8/dist-packages/ovsdbapp/backend/ovs_idl/__init__.py:104}}
Aug 01 15:55:38 ubuntu neutron-server[144393]: DEBUG ovsdbapp.backend.ovs_idl [None req-ab326cec-b70b-4a20-95a6-6b86b11af481 None None] Created schema index HA_Chassis_Group.name {{(pid=144393) autocreate_indices /usr/local/lib/python3.8/dist-packages/ovsdbapp/backend/ovs_idl/__init__.py:104}}
Aug 01 15:55:38 ubuntu neutron-server[144393]: DEBUG ovsdbapp.backend.ovs_idl [None req-ab326cec-b70b-4a20-95a6-6b86b11af481 None None] Created schema index IP_Multicast.datapath {{(pid=144393) autocreate_indices /usr/local/lib/python3.8/dist-packages/ovsdbapp/backend/ovs_idl/__init__.py:104}}
Aug 01 15:55:38 ubuntu neutron-server[144393]: DEBUG ovsdbapp.backend.ovs_idl [None req-ab326cec-b70b-4a20-95a6-6b86b11af481 None None] Created schema index Connection.target {{(pid=144393) autocreate_indices /usr/local/lib/python3.8/dist-packages/ovsdbapp/backend/ovs_idl/__init__.py:104}}
Aug 01 15:55:38 ubuntu neutron-server[144393]: DEBUG ovsdbapp.backend.ovs_idl [None req-ab326cec-b70b-4a20-95a6-6b86b11af481 None None] Created schema index Gateway_Chassis.name {{(pid=144393) autocreate_indices /usr/local/lib/python3.8/dist-packages/ovsdbapp/backend/ovs_idl/__init__.py:104}}
Aug 01 15:55:38 ubuntu neutron-server[144393]: DEBUG ovsdbapp.backend.ovs_idl [None req-ab326cec-b70b-4a20-95a6-6b86b11af481 None None] Created schema index Port_Group.name {{(pid=144393) autocreate_indices /usr/local/lib/python3.8/dist-packages/ovsdbapp/backend/ovs_idl/__init__.py:104}}
Aug 01 15:55:38 ubuntu neutron-server[144393]: DEBUG ovsdbapp.backend.ovs_idl [None req-ab326cec-b70b-4a20-95a6-6b86b11af481 None None] Created schema index Datapath_Binding.tunnel_key {{(pid=144393) autocreate_indices /usr/local/lib/python3.8/dist-packages/ovsdbapp/backend/ovs_idl/__init__.py:104}}
Aug 01 15:55:38 ubuntu neutron-server[144599]: DEBUG ovsdbapp.backend.ovs_idl [None req-8402232f-30b2-4758-b4b6-68e33390dcdd None None] Created lookup_table index Chassis.name {{(pid=144599) autocreate_indices /usr/local/lib/python3.8/dist-packages/ovsdbapp/backend/ovs_idl/__init__.py:85}}
Aug 01 15:55:38 ubuntu neutron-server[144599]: DEBUG ovsdbapp.backend.ovs_idl [None req-8402232f-30b2-4758-b4b6-68e33390dcdd None None] Created schema index Datapath_Binding.tunnel_key {{(pid=144599) autocreate_indices /usr/local/lib/python3.8/dist-packages/ovsdbapp/backend/ovs_idl/__init__.py:104}}
Aug 01 15:55:38 ubuntu neutron-server[144599]: DEBUG ovsdbapp.backend.ovs_idl [None req-8402232f-30b2-4758-b4b6-68e33390dcdd None None] Created schema index Connection.target {{(pid=144599) autocreate_indices /usr/local/lib/python3.8/dist-packages/ovsdbapp/backend/ovs_idl/__init__.py:104}}
Aug 01 15:55:38 ubuntu neutron-server[144599]: INFO ovsdbapp.backend.ovs_idl.vlog [None req-8402232f-30b2-4758-b4b6-68e33390dcdd None None] tcp:192.168.79.44:6642: connecting...
Aug 01 15:55:38 ubuntu neutron-server[144599]: INFO ovsdbapp.backend.ovs_idl.vlog [None req-8402232f-30b2-4758-b4b6-68e33390dcdd None None] tcp:192.168.79.44:6642: connected
Aug 01 15:55:38 ubuntu neutron-server[144598]: DEBUG neutron.common.ovn.hash_ring_manager [None req-5539830d-f4af-4501-9192-bddcea6af007 None None] Allow caching, nodes 2>=2 {{(pid=144598) _wait_startup_before_caching /opt/stack/neutron/neutron/common/ovn/hash_ring_manager.py:60}}
Aug 01 15:55:38 ubuntu neutron-server[144598]: DEBUG neutron.plugins.ml2.drivers.ovn.mech_driver.ovsdb.ovsdb_monitor [None req-5539830d-f4af-4501-9192-bddcea6af007 None None] Hash Ring: Node 42fe78c9-68c2-4821-b0fb-93eb6489f6e3 (host: ubuntu) handling event "create" for row 1911e1f9-3814-4fda-98ee-4bb898a63ee8 (table: Database) {{(pid=144598) notify /opt/stack/neutron/neutron/plugins/ml2/drivers/ovn/mech_driver/ovsdb/ovsdb_monitor.py:743}}
Aug 01 15:55:38 ubuntu neutron-server[144393]: INFO oslo_service.service [None req-ab326cec-b70b-4a20-95a6-6b86b11af481 None None] Starting 1 workers
Aug 01 15:55:38 ubuntu neutron-server[144393]: DEBUG oslo_service.service [None req-ab326cec-b70b-4a20-95a6-6b86b11af481 None None] Started child 144601 {{(pid=144393) _start_child /usr/local/lib/python3.8/dist-packages/oslo_service/service.py:575}}
Aug 01 15:55:38 ubuntu neutron-server[144393]: INFO oslo_service.service [None req-ab326cec-b70b-4a20-95a6-6b86b11af481 None None] Starting 1 workers
Aug 01 15:55:38 ubuntu neutron-server[144599]: DEBUG neutron.common.ovn.hash_ring_manager [None req-8402232f-30b2-4758-b4b6-68e33390dcdd None None] Allow caching, nodes 2>=2 {{(pid=144599) _wait_startup_before_caching /opt/stack/neutron/neutron/common/ovn/hash_ring_manager.py:60}}
Aug 01 15:55:38 ubuntu neutron-server[144598]: DEBUG neutron.plugins.ml2.drivers.ovn.mech_driver.ovsdb.ovsdb_monitor [None req-5539830d-f4af-4501-9192-bddcea6af007 None None] Hash Ring: Node 42fe78c9-68c2-4821-b0fb-93eb6489f6e3 (host: ubuntu) handling event "create" for row 8e2f090e-4de2-42db-95c0-b0a194dfee4f (table: Database) {{(pid=144598) notify /opt/stack/neutron/neutron/plugins/ml2/drivers/ovn/mech_driver/ovsdb/ovsdb_monitor.py:743}}
Aug 01 15:55:38 ubuntu neutron-server[144601]: DEBUG neutron.service [None req-ab326cec-b70b-4a20-95a6-6b86b11af481 None None] calling RpcWorker wait() {{(pid=144601) _wait /opt/stack/neutron/neutron/service.py:128}}
Aug 01 15:55:38 ubuntu neutron-server[144393]: DEBUG oslo_service.service [None req-ab326cec-b70b-4a20-95a6-6b86b11af481 None None] Started child 144602 {{(pid=144393) _start_child /usr/local/lib/python3.8/dist-packages/oslo_service/service.py:575}}
Aug 01 15:55:38 ubuntu neutron-server[144601]: DEBUG neutron.service [None req-ab326cec-b70b-4a20-95a6-6b86b11af481 None None] returning from RpcWorker wait() {{(pid=144601) _wait /opt/stack/neutron/neutron/service.py:135}}
Aug 01 15:55:38 ubuntu neutron-server[144393]: INFO oslo_service.service [None req-ab326cec-b70b-4a20-95a6-6b86b11af481 None None] Starting 1 workers
Aug 01 15:55:38 ubuntu neutron-server[144601]: DEBUG neutron_lib.callbacks.manager [-] Publish callbacks ['neutron.plugins.ml2.drivers.ovn.mech_driver.mech_driver.OVNMechanismDriver.post_fork_initialize-1604970'] for process (None), after_init {{(pid=144601) _notify_loop /usr/local/lib/python3.8/dist-packages/neutron_lib/callbacks/manager.py:176}}
Aug 01 15:55:38 ubuntu neutron-server[144598]: DEBUG neutron.plugins.ml2.drivers.ovn.mech_driver.ovsdb.ovsdb_monitor [None req-5539830d-f4af-4501-9192-bddcea6af007 None None] Hash Ring: Node 42fe78c9-68c2-4821-b0fb-93eb6489f6e3 (host: ubuntu) handling event "create" for row 19efe865-b27a-4ac3-9ab8-3a3bb8e68e1f (table: Encap) {{(pid=144598) notify /opt/stack/neutron/neutron/plugins/ml2/drivers/ovn/mech_driver/ovsdb/ovsdb_monitor.py:743}}
Aug 01 15:55:38 ubuntu neutron-server[144601]: INFO neutron.plugins.ml2.drivers.ovn.mech_driver.ovsdb.impl_idl_ovn [-] Getting OvsdbNbOvnIdl for RpcWorker with retry
Aug 01 15:55:38 ubuntu neutron-server[144598]: DEBUG neutron.plugins.ml2.drivers.ovn.mech_driver.ovsdb.ovsdb_monitor [None req-5539830d-f4af-4501-9192-bddcea6af007 None None] ChassisAgentWriteEvent : Matched Chassis, create, None None {{(pid=144598) matches /opt/stack/neutron/neutron/plugins/ml2/drivers/ovn/mech_driver/ovsdb/ovsdb_monitor.py:62}}
Aug 01 15:55:38 ubuntu neutron-server[144598]: DEBUG neutron.plugins.ml2.drivers.ovn.mech_driver.ovsdb.ovsdb_monitor [None req-5539830d-f4af-4501-9192-bddcea6af007 None None] ChassisMetadataAgentWriteEvent : Matched Chassis, create, None None {{(pid=144598) matches /opt/stack/neutron/neutron/plugins/ml2/drivers/ovn/mech_driver/ovsdb/ovsdb_monitor.py:62}}
Aug 01 15:55:38 ubuntu neutron-server[144598]: DEBUG neutron.plugins.ml2.drivers.ovn.mech_driver.ovsdb.ovsdb_monitor [None req-5539830d-f4af-4501-9192-bddcea6af007 None None] Hash Ring: Node 42fe78c9-68c2-4821-b0fb-93eb6489f6e3 (host: ubuntu) handling event "create" for row 56afdb92-8d23-459b-9fb0-accbf83b77bc (table: Connection) {{(pid=144598) notify /opt/stack/neutron/neutron/plugins/ml2/drivers/ovn/mech_driver/ovsdb/ovsdb_monitor.py:743}}
Aug 01 15:55:38 ubuntu neutron-server[144393]: DEBUG oslo_service.service [None req-ab326cec-b70b-4a20-95a6-6b86b11af481 None None] Started child 144603 {{(pid=144393) _start_child /usr/local/lib/python3.8/dist-packages/oslo_service/service.py:575}}
Aug 01 15:55:38 ubuntu neutron-server[144393]: DEBUG neutron_lib.callbacks.manager [None req-ab326cec-b70b-4a20-95a6-6b86b11af481 None None] Publish callbacks [] for process (None), after_spawn {{(pid=144393) _notify_loop /usr/local/lib/python3.8/dist-packages/neutron_lib/callbacks/manager.py:176}}
Aug 01 15:55:38 ubuntu neutron-server[144393]: DEBUG oslo_service.service [-] Full set of CONF: {{(pid=144393) wait /usr/local/lib/python3.8/dist-packages/oslo_service/service.py:649}}
Aug 01 15:55:38 ubuntu neutron-server[144598]: INFO neutron.wsgi [-] (144598) wsgi starting up on http://0.0.0.0:9696
Aug 01 15:55:38 ubuntu neutron-server[144393]: DEBUG oslo_service.service [-] ******************************************************************************** {{(pid=144393) log_opt_values /usr/local/lib/python3.8/dist-packages/oslo_config/cfg.py:2589}}
Aug 01 15:55:38 ubuntu neutron-server[144393]: DEBUG oslo_service.service [-] Configuration options gathered from: {{(pid=144393) log_opt_values /usr/local/lib/python3.8/dist-packages/oslo_config/cfg.py:2590}}
Aug 01 15:55:38 ubuntu neutron-server[144393]: DEBUG oslo_service.service [-] command line args: ['--config-file', '/etc/neutron/neutron.conf', '--config-file', '/etc/neutron/plugins/ml2/ml2_conf.ini'] {{(pid=144393) log_opt_values /usr/local/lib/python3.8/dist-packages/oslo_config/cfg.py:2591}}
