Aug 31 12:39:57 ubuntu neutron-server[129261]: DEBUG neutron.api.extensions [None req-b4b599cd-8f4d-42f0-85d3-1c361003b304 None None] Loading extension file: timestamp.py {{(pid=129261) _load_all_extensions_from_path /opt/stack/neutron/neutron/api/extensions.py:450}}
Aug 31 12:39:57 ubuntu neutron-server[129261]: DEBUG neutron.api.extensions [None req-b4b599cd-8f4d-42f0-85d3-1c361003b304 None None] Ext name="Resource timestamps" alias="standard-attr-timestamp" description="Adds created_at and updated_at fields to all Neutron resources that have Neutron standard attributes." updated="2016-09-12T10:00:00-00:00" {{(pid=129261) _check_extension /opt/stack/neutron/neutron/api/extensions.py:416}}
Aug 31 12:39:57 ubuntu neutron-server[129261]: INFO neutron.api.extensions [None req-b4b599cd-8f4d-42f0-85d3-1c361003b304 None None] Loaded extension: standard-attr-timestamp
Aug 31 12:39:57 ubuntu neutron-server[129261]: DEBUG neutron.api.extensions [None req-b4b599cd-8f4d-42f0-85d3-1c361003b304 None None] Loading extension file: trunk.py {{(pid=129261) _load_all_extensions_from_path /opt/stack/neutron/neutron/api/extensions.py:450}}
Aug 31 12:39:57 ubuntu neutron-server[129261]: DEBUG neutron.api.extensions [None req-b4b599cd-8f4d-42f0-85d3-1c361003b304 None None] Ext name="Trunk Extension" alias="trunk" description="Provides support for trunk ports" updated="2016-01-01T10:00:00-00:00" {{(pid=129261) _check_extension /opt/stack/neutron/neutron/api/extensions.py:416}}
Aug 31 12:39:57 ubuntu neutron-server[129261]: INFO neutron.api.extensions [None req-b4b599cd-8f4d-42f0-85d3-1c361003b304 None None] Extension trunk not supported by any of loaded plugins
Aug 31 12:39:57 ubuntu neutron-server[129261]: DEBUG neutron.api.extensions [None req-b4b599cd-8f4d-42f0-85d3-1c361003b304 None None] Loading extension file: trunk_details.py {{(pid=129261) _load_all_extensions_from_path /opt/stack/neutron/neutron/api/extensions.py:450}}
Aug 31 12:39:57 ubuntu neutron-server[129261]: DEBUG neutron.api.extensions [None req-b4b599cd-8f4d-42f0-85d3-1c361003b304 None None] Ext name="Trunk port details" alias="trunk-details" description="Expose trunk port details" updated="2016-01-01T10:00:00-00:00" {{(pid=129261) _check_extension /opt/stack/neutron/neutron/api/extensions.py:416}}
Aug 31 12:39:57 ubuntu neutron-server[129261]: INFO neutron.api.extensions [None req-b4b599cd-8f4d-42f0-85d3-1c361003b304 None None] Extension trunk-details not supported by any of loaded plugins
Aug 31 12:39:57 ubuntu neutron-server[129261]: DEBUG neutron.api.extensions [None req-b4b599cd-8f4d-42f0-85d3-1c361003b304 None None] Loading extension file: uplink_status_propagation.py {{(pid=129261) _load_all_extensions_from_path /opt/stack/neutron/neutron/api/extensions.py:450}}
Aug 31 12:39:57 ubuntu neutron-server[129261]: DEBUG neutron.api.extensions [None req-b4b599cd-8f4d-42f0-85d3-1c361003b304 None None] Ext name="Uplink status propagation extension" alias="uplink-status-propagation" description="Provides ability to propagate port uplink status." updated="2018-05-31T18:00:00-00:00" {{(pid=129261) _check_extension /opt/stack/neutron/neutron/api/extensions.py:416}}
Aug 31 12:39:57 ubuntu neutron-server[129261]: INFO neutron.api.extensions [None req-b4b599cd-8f4d-42f0-85d3-1c361003b304 None None] Extension uplink-status-propagation not supported by any of loaded plugins
Aug 31 12:39:57 ubuntu neutron-server[129261]: DEBUG neutron.api.extensions [None req-b4b599cd-8f4d-42f0-85d3-1c361003b304 None None] Loading extension file: vlantransparent.py {{(pid=129261) _load_all_extensions_from_path /opt/stack/neutron/neutron/api/extensions.py:450}}
Aug 31 12:39:57 ubuntu neutron-server[129261]: DEBUG neutron.api.extensions [None req-b4b599cd-8f4d-42f0-85d3-1c361003b304 None None] Ext name="Vlantransparent" alias="vlan-transparent" description="Provides Vlan Transparent Networks" updated="2015-03-23T09:00:00-00:00" {{(pid=129261) _check_extension /opt/stack/neutron/neutron/api/extensions.py:416}}
Aug 31 12:39:57 ubuntu neutron-server[129261]: INFO neutron.api.extensions [None req-b4b599cd-8f4d-42f0-85d3-1c361003b304 None None] Extension vlan-transparent not supported by any of loaded plugins
Aug 31 12:39:57 ubuntu neutron-server[129261]: INFO neutron.quota.resource_registry [None req-b4b599cd-8f4d-42f0-85d3-1c361003b304 None None] Creating instance of TrackedResource for resource:network
Aug 31 12:39:57 ubuntu neutron-server[129261]: INFO neutron.quota.resource_registry [None req-b4b599cd-8f4d-42f0-85d3-1c361003b304 None None] Creating instance of TrackedResource for resource:subnet
Aug 31 12:39:57 ubuntu neutron-server[129261]: INFO neutron.quota.resource_registry [None req-b4b599cd-8f4d-42f0-85d3-1c361003b304 None None] Creating instance of TrackedResource for resource:subnetpool
Aug 31 12:39:57 ubuntu neutron-server[129261]: INFO neutron.quota.resource_registry [None req-b4b599cd-8f4d-42f0-85d3-1c361003b304 None None] Creating instance of TrackedResource for resource:port
Aug 31 12:39:57 ubuntu neutron-server[129261]: DEBUG neutron.api.v2.resource_helper [None req-b4b599cd-8f4d-42f0-85d3-1c361003b304 None None] Service FLAVORS assigned prefix:  {{(pid=129261) build_resource_info /opt/stack/neutron/neutron/api/v2/resource_helper.py:77}}
Aug 31 12:39:57 ubuntu neutron-server[129261]: DEBUG neutron.api.v2.resource_helper [None req-b4b599cd-8f4d-42f0-85d3-1c361003b304 None None] Service L3_ROUTER_NAT assigned prefix:  {{(pid=129261) build_resource_info /opt/stack/neutron/neutron/api/v2/resource_helper.py:77}}
Aug 31 12:39:57 ubuntu neutron-server[129261]: DEBUG neutron.api.v2.resource_helper [None req-b4b599cd-8f4d-42f0-85d3-1c361003b304 None None] Service L3_ROUTER_NAT assigned prefix:  {{(pid=129261) build_resource_info /opt/stack/neutron/neutron/api/v2/resource_helper.py:77}}
Aug 31 12:39:57 ubuntu neutron-server[129261]: INFO neutron.quota.resource_registry [None req-b4b599cd-8f4d-42f0-85d3-1c361003b304 None None] Creating instance of TrackedResource for resource:router
Aug 31 12:39:57 ubuntu neutron-server[129261]: INFO neutron.quota.resource_registry [None req-b4b599cd-8f4d-42f0-85d3-1c361003b304 None None] Creating instance of TrackedResource for resource:floatingip
Aug 31 12:39:57 ubuntu neutron-server[129261]: DEBUG neutron_lib.callbacks.manager [None req-b4b599cd-8f4d-42f0-85d3-1c361003b304 None None] Subscribe: <bound method NeutronDbPluginV2.validate_network_rbac_policy_change of <neutron.services.network_ip_availability.plugin.NetworkIPAvailabilityPlugin object at 0x7f68bfad4730>> rbac-policy before_create 55550000 {{(pid=129261) subscribe /usr/local/lib/python3.8/dist-packages/neutron_lib/callbacks/manager.py:45}}
Aug 31 12:39:57 ubuntu neutron-server[129261]: DEBUG neutron_lib.callbacks.manager [None req-b4b599cd-8f4d-42f0-85d3-1c361003b304 None None] Subscribe: <bound method NeutronDbPluginV2.validate_network_rbac_policy_change of <neutron.services.network_ip_availability.plugin.NetworkIPAvailabilityPlugin object at 0x7f68bfad4730>> rbac-policy before_update 55550000 {{(pid=129261) subscribe /usr/local/lib/python3.8/dist-packages/neutron_lib/callbacks/manager.py:45}}
Aug 31 12:39:57 ubuntu neutron-server[129261]: DEBUG neutron_lib.callbacks.manager [None req-b4b599cd-8f4d-42f0-85d3-1c361003b304 None None] Subscribe: <bound method NeutronDbPluginV2.validate_network_rbac_policy_change of <neutron.services.network_ip_availability.plugin.NetworkIPAvailabilityPlugin object at 0x7f68bfad4730>> rbac-policy before_delete 55550000 {{(pid=129261) subscribe /usr/local/lib/python3.8/dist-packages/neutron_lib/callbacks/manager.py:45}}
Aug 31 12:39:57 ubuntu neutron-server[129261]: INFO neutron.quota.resource_registry [None req-b4b599cd-8f4d-42f0-85d3-1c361003b304 None None] Creating instance of CountableResource for resource:rbac_policy
Aug 31 12:39:57 ubuntu neutron-server[129261]: INFO neutron.quota.resource_registry [None req-b4b599cd-8f4d-42f0-85d3-1c361003b304 None None] Creating instance of TrackedResource for resource:security_group
Aug 31 12:39:57 ubuntu neutron-server[129261]: INFO neutron.quota.resource_registry [None req-b4b599cd-8f4d-42f0-85d3-1c361003b304 None None] Creating instance of TrackedResource for resource:security_group_rule
Aug 31 12:39:57 ubuntu neutron-server[129261]: DEBUG neutron.api.v2.resource_helper [None req-b4b599cd-8f4d-42f0-85d3-1c361003b304 None None] Service FLAVORS assigned prefix:  {{(pid=129261) build_resource_info /opt/stack/neutron/neutron/api/v2/resource_helper.py:77}}
Aug 31 12:39:57 ubuntu neutron-server[129261]: DEBUG neutron.api.v2.resource_helper [None req-b4b599cd-8f4d-42f0-85d3-1c361003b304 None None] Service L3_ROUTER_NAT assigned prefix:  {{(pid=129261) build_resource_info /opt/stack/neutron/neutron/api/v2/resource_helper.py:77}}
Aug 31 12:39:57 ubuntu neutron-server[129261]: DEBUG neutron.api.v2.resource_helper [None req-b4b599cd-8f4d-42f0-85d3-1c361003b304 None None] Service L3_ROUTER_NAT assigned prefix:  {{(pid=129261) build_resource_info /opt/stack/neutron/neutron/api/v2/resource_helper.py:77}}
Aug 31 12:39:57 ubuntu neutron-server[129261]: INFO neutron.quota.resource_registry [None req-b4b599cd-8f4d-42f0-85d3-1c361003b304 None None] Creating instance of TrackedResource for resource:router
Aug 31 12:39:57 ubuntu neutron-server[129261]: WARNING neutron.quota.resource_registry [None req-b4b599cd-8f4d-42f0-85d3-1c361003b304 None None] router is already registered
Aug 31 12:39:57 ubuntu neutron-server[129261]: INFO neutron.quota.resource_registry [None req-b4b599cd-8f4d-42f0-85d3-1c361003b304 None None] Creating instance of TrackedResource for resource:floatingip
Aug 31 12:39:57 ubuntu neutron-server[129261]: WARNING neutron.quota.resource_registry [None req-b4b599cd-8f4d-42f0-85d3-1c361003b304 None None] floatingip is already registered
Aug 31 12:39:57 ubuntu neutron-server[129261]: INFO neutron.quota.resource_registry [None req-b4b599cd-8f4d-42f0-85d3-1c361003b304 None None] Creating instance of CountableResource for resource:rbac_policy
Aug 31 12:39:57 ubuntu neutron-server[129261]: WARNING neutron.quota.resource_registry [None req-b4b599cd-8f4d-42f0-85d3-1c361003b304 None None] rbac_policy is already registered
Aug 31 12:39:57 ubuntu neutron-server[129261]: INFO neutron.quota.resource_registry [None req-b4b599cd-8f4d-42f0-85d3-1c361003b304 None None] Creating instance of TrackedResource for resource:security_group
Aug 31 12:39:57 ubuntu neutron-server[129261]: WARNING neutron.quota.resource_registry [None req-b4b599cd-8f4d-42f0-85d3-1c361003b304 None None] security_group is already registered
Aug 31 12:39:57 ubuntu neutron-server[129261]: INFO neutron.quota.resource_registry [None req-b4b599cd-8f4d-42f0-85d3-1c361003b304 None None] Creating instance of TrackedResource for resource:security_group_rule
Aug 31 12:39:57 ubuntu neutron-server[129261]: WARNING neutron.quota.resource_registry [None req-b4b599cd-8f4d-42f0-85d3-1c361003b304 None None] security_group_rule is already registered
Aug 31 12:39:57 ubuntu neutron-server[129261]: DEBUG neutron.api.extensions [None req-b4b599cd-8f4d-42f0-85d3-1c361003b304 None None] Extended resource: extensions {{(pid=129261) __init__ /opt/stack/neutron/neutron/api/extensions.py:157}}
Aug 31 12:39:57 ubuntu neutron-server[129261]: DEBUG neutron.api.extensions [None req-b4b599cd-8f4d-42f0-85d3-1c361003b304 None None] Extended resource: address-groups {{(pid=129261) __init__ /opt/stack/neutron/neutron/api/extensions.py:157}}
Aug 31 12:39:57 ubuntu neutron-server[129261]: DEBUG neutron.api.extensions [None req-b4b599cd-8f4d-42f0-85d3-1c361003b304 None None] Extended resource: address-scopes {{(pid=129261) __init__ /opt/stack/neutron/neutron/api/extensions.py:157}}
Aug 31 12:39:57 ubuntu neutron-server[129261]: DEBUG neutron.api.extensions [None req-b4b599cd-8f4d-42f0-85d3-1c361003b304 None None] Extended resource: agents {{(pid=129261) __init__ /opt/stack/neutron/neutron/api/extensions.py:157}}
Aug 31 12:39:57 ubuntu neutron-server[129261]: DEBUG neutron.api.extensions [None req-b4b599cd-8f4d-42f0-85d3-1c361003b304 None None] Extended resource: auto-allocated-topology {{(pid=129261) __init__ /opt/stack/neutron/neutron/api/extensions.py:157}}
Aug 31 12:39:57 ubuntu neutron-server[129261]: DEBUG neutron.api.extensions [None req-b4b599cd-8f4d-42f0-85d3-1c361003b304 None None] Extended resource: availability_zones {{(pid=129261) __init__ /opt/stack/neutron/neutron/api/extensions.py:157}}
Aug 31 12:39:57 ubuntu neutron-server[129261]: DEBUG neutron.api.extensions [None req-b4b599cd-8f4d-42f0-85d3-1c361003b304 None None] Extended resource: flavors {{(pid=129261) __init__ /opt/stack/neutron/neutron/api/extensions.py:157}}
Aug 31 12:39:57 ubuntu neutron-server[129261]: DEBUG neutron.api.extensions [None req-b4b599cd-8f4d-42f0-85d3-1c361003b304 None None] Extended resource: service_profiles {{(pid=129261) __init__ /opt/stack/neutron/neutron/api/extensions.py:157}}
Aug 31 12:39:57 ubuntu neutron-server[129261]: DEBUG neutron.api.extensions [None req-b4b599cd-8f4d-42f0-85d3-1c361003b304 None None] Extended resource: next_providers {{(pid=129261) __init__ /opt/stack/neutron/neutron/api/extensions.py:157}}
Aug 31 12:39:57 ubuntu neutron-server[129261]: DEBUG neutron.api.extensions [None req-b4b599cd-8f4d-42f0-85d3-1c361003b304 None None] Extended resource: service_profiles {{(pid=129261) __init__ /opt/stack/neutron/neutron/api/extensions.py:157}}
Aug 31 12:39:57 ubuntu neutron-server[129261]: DEBUG neutron.api.extensions [None req-b4b599cd-8f4d-42f0-85d3-1c361003b304 None None] Extended resource: floatingip-pools {{(pid=129261) __init__ /opt/stack/neutron/neutron/api/extensions.py:157}}
Aug 31 12:39:57 ubuntu neutron-server[129261]: DEBUG neutron.api.extensions [None req-b4b599cd-8f4d-42f0-85d3-1c361003b304 None None] Extended resource: routers {{(pid=129261) __init__ /opt/stack/neutron/neutron/api/extensions.py:157}}
Aug 31 12:39:57 ubuntu neutron-server[129261]: DEBUG neutron.api.extensions [None req-b4b599cd-8f4d-42f0-85d3-1c361003b304 None None] Extended resource: floatingips {{(pid=129261) __init__ /opt/stack/neutron/neutron/api/extensions.py:157}}
Aug 31 12:39:57 ubuntu neutron-server[129261]: DEBUG neutron.api.extensions [None req-b4b599cd-8f4d-42f0-85d3-1c361003b304 None None] Extended resource: network-ip-availabilities {{(pid=129261) __init__ /opt/stack/neutron/neutron/api/extensions.py:157}}
Aug 31 12:39:57 ubuntu neutron-server[129261]: DEBUG neutron.api.extensions [None req-b4b599cd-8f4d-42f0-85d3-1c361003b304 None None] Extended resource: bindings {{(pid=129261) __init__ /opt/stack/neutron/neutron/api/extensions.py:157}}
Aug 31 12:39:57 ubuntu neutron-server[129261]: DEBUG neutron.api.extensions [None req-b4b599cd-8f4d-42f0-85d3-1c361003b304 None None] Extended resource: quotas {{(pid=129261) __init__ /opt/stack/neutron/neutron/api/extensions.py:157}}
Aug 31 12:39:57 ubuntu neutron-server[129261]: DEBUG neutron.api.extensions [None req-b4b599cd-8f4d-42f0-85d3-1c361003b304 None None] Extended resource: quotas {{(pid=129261) __init__ /opt/stack/neutron/neutron/api/extensions.py:157}}
Aug 31 12:39:57 ubuntu neutron-server[129261]: DEBUG neutron.api.extensions [None req-b4b599cd-8f4d-42f0-85d3-1c361003b304 None None] Extended resource: rbac-policies {{(pid=129261) __init__ /opt/stack/neutron/neutron/api/extensions.py:157}}
Aug 31 12:39:57 ubuntu neutron-server[129261]: DEBUG neutron.api.extensions [None req-b4b599cd-8f4d-42f0-85d3-1c361003b304 None None] Extended resource: security-groups {{(pid=129261) __init__ /opt/stack/neutron/neutron/api/extensions.py:157}}
Aug 31 12:39:57 ubuntu neutron-server[129261]: DEBUG neutron.api.extensions [None req-b4b599cd-8f4d-42f0-85d3-1c361003b304 None None] Extended resource: security-group-rules {{(pid=129261) __init__ /opt/stack/neutron/neutron/api/extensions.py:157}}
Aug 31 12:39:57 ubuntu neutron-server[129261]: DEBUG neutron.api.extensions [None req-b4b599cd-8f4d-42f0-85d3-1c361003b304 None None] Extended resource: service-providers {{(pid=129261) __init__ /opt/stack/neutron/neutron/api/extensions.py:157}}
Aug 31 12:39:57 ubuntu neutron-server[129261]: DEBUG neutron.api.extensions [None req-b4b599cd-8f4d-42f0-85d3-1c361003b304 None None] Extended resource: tags {{(pid=129261) __init__ /opt/stack/neutron/neutron/api/extensions.py:157}}
Aug 31 12:39:57 ubuntu neutron-server[129261]: DEBUG neutron.api.extensions [None req-b4b599cd-8f4d-42f0-85d3-1c361003b304 None None] Extended resource: tags {{(pid=129261) __init__ /opt/stack/neutron/neutron/api/extensions.py:157}}
Aug 31 12:39:57 ubuntu neutron-server[129261]: DEBUG neutron.api.extensions [None req-b4b599cd-8f4d-42f0-85d3-1c361003b304 None None] Extended resource: tags {{(pid=129261) __init__ /opt/stack/neutron/neutron/api/extensions.py:157}}
Aug 31 12:39:57 ubuntu neutron-server[129261]: DEBUG neutron.api.extensions [None req-b4b599cd-8f4d-42f0-85d3-1c361003b304 None None] Extended resource: tags {{(pid=129261) __init__ /opt/stack/neutron/neutron/api/extensions.py:157}}
Aug 31 12:39:57 ubuntu neutron-server[129261]: DEBUG neutron.api.extensions [None req-b4b599cd-8f4d-42f0-85d3-1c361003b304 None None] Extended resource: tags {{(pid=129261) __init__ /opt/stack/neutron/neutron/api/extensions.py:157}}
Aug 31 12:39:57 ubuntu neutron-server[129261]: DEBUG neutron.api.extensions [None req-b4b599cd-8f4d-42f0-85d3-1c361003b304 None None] Extended resource: tags {{(pid=129261) __init__ /opt/stack/neutron/neutron/api/extensions.py:157}}
Aug 31 12:39:57 ubuntu neutron-server[129261]: DEBUG neutron.api.extensions [None req-b4b599cd-8f4d-42f0-85d3-1c361003b304 None None] Extended resource: tags {{(pid=129261) __init__ /opt/stack/neutron/neutron/api/extensions.py:157}}
Aug 31 12:39:57 ubuntu neutron-server[129261]: DEBUG neutron.api.extensions [None req-b4b599cd-8f4d-42f0-85d3-1c361003b304 None None] Extended resource: tags {{(pid=129261) __init__ /opt/stack/neutron/neutron/api/extensions.py:157}}
Aug 31 12:39:57 ubuntu neutron-server[129261]: DEBUG neutron.api.extensions [None req-b4b599cd-8f4d-42f0-85d3-1c361003b304 None None] Extended resource: tags {{(pid=129261) __init__ /opt/stack/neutron/neutron/api/extensions.py:157}}
Aug 31 12:39:57 ubuntu neutron-server[129261]: DEBUG neutron.api.extensions [None req-b4b599cd-8f4d-42f0-85d3-1c361003b304 None None] Extended resource: tags {{(pid=129261) __init__ /opt/stack/neutron/neutron/api/extensions.py:157}}
Aug 31 12:39:57 ubuntu neutron-server[129261]: WARNING keystonemiddleware.auth_token [None req-b4b599cd-8f4d-42f0-85d3-1c361003b304 None None] AuthToken middleware is set with keystone_authtoken.service_token_roles_required set to False. This is backwards compatible but deprecated behaviour. Please set this to True.
Aug 31 12:39:57 ubuntu neutron-server[129261]: WARNING keystonemiddleware.auth_token [None req-b4b599cd-8f4d-42f0-85d3-1c361003b304 None None] Configuring www_authenticate_uri to point to the public identity endpoint is required; clients may not be able to authenticate against an admin endpoint
Aug 31 12:39:57 ubuntu neutron-server[129261]: DEBUG oslo_concurrency.lockutils [None req-b4b599cd-8f4d-42f0-85d3-1c361003b304 None None] Acquiring lock "singleton_lock" {{(pid=129261) lock /usr/local/lib/python3.8/dist-packages/oslo_concurrency/lockutils.py:293}}
Aug 31 12:39:57 ubuntu neutron-server[129261]: DEBUG oslo_concurrency.lockutils [None req-b4b599cd-8f4d-42f0-85d3-1c361003b304 None None] Acquired lock "singleton_lock" {{(pid=129261) lock /usr/local/lib/python3.8/dist-packages/oslo_concurrency/lockutils.py:296}}
Aug 31 12:39:57 ubuntu neutron-server[129261]: DEBUG oslo_concurrency.lockutils [None req-b4b599cd-8f4d-42f0-85d3-1c361003b304 None None] Releasing lock "singleton_lock" {{(pid=129261) lock /usr/local/lib/python3.8/dist-packages/oslo_concurrency/lockutils.py:314}}
Aug 31 12:39:57 ubuntu neutron-server[129261]: INFO oslo_service.service [None req-b4b599cd-8f4d-42f0-85d3-1c361003b304 None None] Starting 2 workers
Aug 31 12:39:57 ubuntu neutron-server[129261]: DEBUG oslo_service.service [None req-b4b599cd-8f4d-42f0-85d3-1c361003b304 None None] Started child 129513 {{(pid=129261) _start_child /usr/local/lib/python3.8/dist-packages/oslo_service/service.py:575}}
Aug 31 12:39:57 ubuntu neutron-server[129261]: DEBUG oslo_service.service [None req-b4b599cd-8f4d-42f0-85d3-1c361003b304 None None] Started child 129514 {{(pid=129261) _start_child /usr/local/lib/python3.8/dist-packages/oslo_service/service.py:575}}
Aug 31 12:39:57 ubuntu neutron-server[129261]: INFO neutron.service [None req-b4b599cd-8f4d-42f0-85d3-1c361003b304 None None] Neutron service started, listening on 0.0.0.0:9696
Aug 31 12:39:57 ubuntu neutron-server[129261]: DEBUG neutron_lib.callbacks.manager [None req-b4b599cd-8f4d-42f0-85d3-1c361003b304 None None] Publish callbacks ['neutron.plugins.ml2.drivers.ovn.mech_driver.mech_driver.OVNMechanismDriver.pre_fork_initialize-1008587'] for process (None), before_spawn {{(pid=129261) _notify_loop /usr/local/lib/python3.8/dist-packages/neutron_lib/callbacks/manager.py:176}}
Aug 31 12:39:57 ubuntu neutron-server[129514]: DEBUG neutron_lib.callbacks.manager [-] Publish callbacks ['neutron.plugins.ml2.drivers.ovn.mech_driver.mech_driver.OVNMechanismDriver.post_fork_initialize-1008431'] for process (None), after_init {{(pid=129514) _notify_loop /usr/local/lib/python3.8/dist-packages/neutron_lib/callbacks/manager.py:176}}
Aug 31 12:39:57 ubuntu neutron-server[129513]: DEBUG neutron_lib.callbacks.manager [-] Publish callbacks ['neutron.plugins.ml2.drivers.ovn.mech_driver.mech_driver.OVNMechanismDriver.post_fork_initialize-1008431'] for process (None), after_init {{(pid=129513) _notify_loop /usr/local/lib/python3.8/dist-packages/neutron_lib/callbacks/manager.py:176}}
Aug 31 12:39:57 ubuntu neutron-server[129513]: DEBUG dbcounter [-] [129513] Writer thread running {{(pid=129513) stat_writer /usr/local/lib/python3.8/dist-packages/dbcounter.py:99}}
Aug 31 12:39:57 ubuntu neutron-server[129514]: DEBUG dbcounter [-] [129514] Writer thread running {{(pid=129514) stat_writer /usr/local/lib/python3.8/dist-packages/dbcounter.py:99}}
Aug 31 12:39:57 ubuntu neutron-server[129261]: DEBUG ovsdbapp.backend.ovs_idl [None req-b4b599cd-8f4d-42f0-85d3-1c361003b304 None None] Created schema index Port_Group.name {{(pid=129261) autocreate_indices /usr/local/lib/python3.8/dist-packages/ovsdbapp/backend/ovs_idl/__init__.py:104}}
Aug 31 12:39:57 ubuntu neutron-server[129261]: DEBUG ovsdbapp.backend.ovs_idl [None req-b4b599cd-8f4d-42f0-85d3-1c361003b304 None None] Created schema index Logical_Switch_Port.name {{(pid=129261) autocreate_indices /usr/local/lib/python3.8/dist-packages/ovsdbapp/backend/ovs_idl/__init__.py:104}}
Aug 31 12:39:57 ubuntu neutron-server[129261]: DEBUG ovsdbapp.backend.ovs_idl.transaction [-] Running txn n=1 command(idx=0): PgAddCommand(name=neutron_pg_drop, may_exist=True, columns={'acls': []}) {{(pid=129261) do_commit /usr/local/lib/python3.8/dist-packages/ovsdbapp/backend/ovs_idl/transaction.py:90}}
Aug 31 12:39:57 ubuntu neutron-server[129261]: DEBUG ovsdbapp.backend.ovs_idl.transaction [-] Running txn n=1 command(idx=1): PgAclAddCommand(entity=neutron_pg_drop, direction=from-lport, priority=1001, match=inport == @neutron_pg_drop && ip, action=drop, log=False, may_exist=True, severity=[], name=[], meter=None, external_ids={}) {{(pid=129261) do_commit /usr/local/lib/python3.8/dist-packages/ovsdbapp/backend/ovs_idl/transaction.py:90}}
Aug 31 12:39:57 ubuntu neutron-server[129261]: DEBUG ovsdbapp.backend.ovs_idl.transaction [-] Running txn n=1 command(idx=2): PgAclAddCommand(entity=neutron_pg_drop, direction=to-lport, priority=1001, match=outport == @neutron_pg_drop && ip, action=drop, log=False, may_exist=True, severity=[], name=[], meter=None, external_ids={}) {{(pid=129261) do_commit /usr/local/lib/python3.8/dist-packages/ovsdbapp/backend/ovs_idl/transaction.py:90}}
Aug 31 12:39:57 ubuntu neutron-server[129261]: DEBUG ovsdbapp.backend.ovs_idl.event [-] Matched CREATE: NeutronPgDropPortGroupCreated(events=('create',), table='Port_Group', conditions=(('name', '=', 'neutron_pg_drop'),), old_conditions=None), priority=10 to row=Port_Group(name=neutron_pg_drop, ports=[], external_ids={}, acls=[<ovs.db.idl.Row object at 0x7f68bfe3eaf0>, <ovs.db.idl.Row object at 0x7f68bfe3a130>]) old= {{(pid=129261) matches /usr/local/lib/python3.8/dist-packages/ovsdbapp/backend/ovs_idl/event.py:43}}
Aug 31 12:39:57 ubuntu neutron-server[129261]: DEBUG ovsdbapp.backend.ovs_idl [None req-b4b599cd-8f4d-42f0-85d3-1c361003b304 None None] Created lookup_table index Logical_Switch.name {{(pid=129261) autocreate_indices /usr/local/lib/python3.8/dist-packages/ovsdbapp/backend/ovs_idl/__init__.py:85}}
Aug 31 12:39:57 ubuntu neutron-server[129261]: DEBUG ovsdbapp.backend.ovs_idl [None req-b4b599cd-8f4d-42f0-85d3-1c361003b304 None None] Created lookup_table index Logical_Router.name {{(pid=129261) autocreate_indices /usr/local/lib/python3.8/dist-packages/ovsdbapp/backend/ovs_idl/__init__.py:85}}
Aug 31 12:39:57 ubuntu neutron-server[129261]: DEBUG ovsdbapp.backend.ovs_idl [None req-b4b599cd-8f4d-42f0-85d3-1c361003b304 None None] Created lookup_table index Load_Balancer.name {{(pid=129261) autocreate_indices /usr/local/lib/python3.8/dist-packages/ovsdbapp/backend/ovs_idl/__init__.py:85}}
Aug 31 12:39:57 ubuntu neutron-server[129261]: DEBUG ovsdbapp.backend.ovs_idl [None req-b4b599cd-8f4d-42f0-85d3-1c361003b304 None None] Created schema index Meter.name {{(pid=129261) autocreate_indices /usr/local/lib/python3.8/dist-packages/ovsdbapp/backend/ovs_idl/__init__.py:104}}
Aug 31 12:39:57 ubuntu neutron-server[129261]: DEBUG ovsdbapp.backend.ovs_idl [None req-b4b599cd-8f4d-42f0-85d3-1c361003b304 None None] Created schema index Address_Set.name {{(pid=129261) autocreate_indices /usr/local/lib/python3.8/dist-packages/ovsdbapp/backend/ovs_idl/__init__.py:104}}
Aug 31 12:39:57 ubuntu neutron-server[129261]: DEBUG ovsdbapp.backend.ovs_idl [None req-b4b599cd-8f4d-42f0-85d3-1c361003b304 None None] Created schema index HA_Chassis_Group.name {{(pid=129261) autocreate_indices /usr/local/lib/python3.8/dist-packages/ovsdbapp/backend/ovs_idl/__init__.py:104}}
Aug 31 12:39:57 ubuntu neutron-server[129261]: DEBUG ovsdbapp.backend.ovs_idl [None req-b4b599cd-8f4d-42f0-85d3-1c361003b304 None None] Created schema index Connection.target {{(pid=129261) autocreate_indices /usr/local/lib/python3.8/dist-packages/ovsdbapp/backend/ovs_idl/__init__.py:104}}
Aug 31 12:39:57 ubuntu neutron-server[129261]: DEBUG ovsdbapp.backend.ovs_idl [None req-b4b599cd-8f4d-42f0-85d3-1c361003b304 None None] Created schema index Gateway_Chassis.name {{(pid=129261) autocreate_indices /usr/local/lib/python3.8/dist-packages/ovsdbapp/backend/ovs_idl/__init__.py:104}}
Aug 31 12:39:57 ubuntu neutron-server[129261]: DEBUG ovsdbapp.backend.ovs_idl [None req-b4b599cd-8f4d-42f0-85d3-1c361003b304 None None] Created schema index Logical_Router_Port.name {{(pid=129261) autocreate_indices /usr/local/lib/python3.8/dist-packages/ovsdbapp/backend/ovs_idl/__init__.py:104}}
Aug 31 12:39:57 ubuntu neutron-server[129261]: DEBUG ovsdbapp.backend.ovs_idl [None req-b4b599cd-8f4d-42f0-85d3-1c361003b304 None None] Created schema index Port_Group.name {{(pid=129261) autocreate_indices /usr/local/lib/python3.8/dist-packages/ovsdbapp/backend/ovs_idl/__init__.py:104}}
Aug 31 12:39:57 ubuntu neutron-server[129261]: DEBUG ovsdbapp.backend.ovs_idl [None req-b4b599cd-8f4d-42f0-85d3-1c361003b304 None None] Created schema index Logical_Switch_Port.name {{(pid=129261) autocreate_indices /usr/local/lib/python3.8/dist-packages/ovsdbapp/backend/ovs_idl/__init__.py:104}}
Aug 31 12:39:57 ubuntu neutron-server[129513]: INFO neutron.plugins.ml2.drivers.ovn.mech_driver.ovsdb.impl_idl_ovn [None req-b555f312-703d-42d2-a3bc-e6c03ced230b None None] Getting OvsdbNbOvnIdl for WorkerService with retry
Aug 31 12:39:57 ubuntu neutron-server[129514]: INFO neutron.plugins.ml2.drivers.ovn.mech_driver.ovsdb.impl_idl_ovn [None req-2f57838d-c184-4ec1-ac08-cecde1ae0219 None None] Getting OvsdbNbOvnIdl for WorkerService with retry
Aug 31 12:39:57 ubuntu neutron-server[129513]: DEBUG ovsdbapp.backend.ovs_idl [None req-b555f312-703d-42d2-a3bc-e6c03ced230b None None] Created lookup_table index Logical_Switch.name {{(pid=129513) autocreate_indices /usr/local/lib/python3.8/dist-packages/ovsdbapp/backend/ovs_idl/__init__.py:85}}
Aug 31 12:39:57 ubuntu neutron-server[129513]: DEBUG ovsdbapp.backend.ovs_idl [None req-b555f312-703d-42d2-a3bc-e6c03ced230b None None] Created lookup_table index Logical_Router.name {{(pid=129513) autocreate_indices /usr/local/lib/python3.8/dist-packages/ovsdbapp/backend/ovs_idl/__init__.py:85}}
Aug 31 12:39:57 ubuntu neutron-server[129513]: DEBUG ovsdbapp.backend.ovs_idl [None req-b555f312-703d-42d2-a3bc-e6c03ced230b None None] Created lookup_table index Load_Balancer.name {{(pid=129513) autocreate_indices /usr/local/lib/python3.8/dist-packages/ovsdbapp/backend/ovs_idl/__init__.py:85}}
Aug 31 12:39:57 ubuntu neutron-server[129514]: DEBUG ovsdbapp.backend.ovs_idl [None req-2f57838d-c184-4ec1-ac08-cecde1ae0219 None None] Created lookup_table index Logical_Switch.name {{(pid=129514) autocreate_indices /usr/local/lib/python3.8/dist-packages/ovsdbapp/backend/ovs_idl/__init__.py:85}}
Aug 31 12:39:57 ubuntu neutron-server[129513]: DEBUG ovsdbapp.backend.ovs_idl [None req-b555f312-703d-42d2-a3bc-e6c03ced230b None None] Created schema index Meter.name {{(pid=129513) autocreate_indices /usr/local/lib/python3.8/dist-packages/ovsdbapp/backend/ovs_idl/__init__.py:104}}
Aug 31 12:39:57 ubuntu neutron-server[129514]: DEBUG ovsdbapp.backend.ovs_idl [None req-2f57838d-c184-4ec1-ac08-cecde1ae0219 None None] Created lookup_table index Logical_Router.name {{(pid=129514) autocreate_indices /usr/local/lib/python3.8/dist-packages/ovsdbapp/backend/ovs_idl/__init__.py:85}}
Aug 31 12:39:57 ubuntu neutron-server[129513]: DEBUG ovsdbapp.backend.ovs_idl [None req-b555f312-703d-42d2-a3bc-e6c03ced230b None None] Created schema index Address_Set.name {{(pid=129513) autocreate_indices /usr/local/lib/python3.8/dist-packages/ovsdbapp/backend/ovs_idl/__init__.py:104}}
Aug 31 12:39:57 ubuntu neutron-server[129514]: DEBUG ovsdbapp.backend.ovs_idl [None req-2f57838d-c184-4ec1-ac08-cecde1ae0219 None None] Created lookup_table index Load_Balancer.name {{(pid=129514) autocreate_indices /usr/local/lib/python3.8/dist-packages/ovsdbapp/backend/ovs_idl/__init__.py:85}}
Aug 31 12:39:57 ubuntu neutron-server[129513]: DEBUG ovsdbapp.backend.ovs_idl [None req-b555f312-703d-42d2-a3bc-e6c03ced230b None None] Created schema index HA_Chassis_Group.name {{(pid=129513) autocreate_indices /usr/local/lib/python3.8/dist-packages/ovsdbapp/backend/ovs_idl/__init__.py:104}}
Aug 31 12:39:57 ubuntu neutron-server[129513]: DEBUG ovsdbapp.backend.ovs_idl [None req-b555f312-703d-42d2-a3bc-e6c03ced230b None None] Created schema index Connection.target {{(pid=129513) autocreate_indices /usr/local/lib/python3.8/dist-packages/ovsdbapp/backend/ovs_idl/__init__.py:104}}
Aug 31 12:39:57 ubuntu neutron-server[129514]: DEBUG ovsdbapp.backend.ovs_idl [None req-2f57838d-c184-4ec1-ac08-cecde1ae0219 None None] Created schema index Meter.name {{(pid=129514) autocreate_indices /usr/local/lib/python3.8/dist-packages/ovsdbapp/backend/ovs_idl/__init__.py:104}}
Aug 31 12:39:57 ubuntu neutron-server[129513]: DEBUG ovsdbapp.backend.ovs_idl [None req-b555f312-703d-42d2-a3bc-e6c03ced230b None None] Created schema index Gateway_Chassis.name {{(pid=129513) autocreate_indices /usr/local/lib/python3.8/dist-packages/ovsdbapp/backend/ovs_idl/__init__.py:104}}
Aug 31 12:39:57 ubuntu neutron-server[129514]: DEBUG ovsdbapp.backend.ovs_idl [None req-2f57838d-c184-4ec1-ac08-cecde1ae0219 None None] Created schema index Address_Set.name {{(pid=129514) autocreate_indices /usr/local/lib/python3.8/dist-packages/ovsdbapp/backend/ovs_idl/__init__.py:104}}
Aug 31 12:39:57 ubuntu neutron-server[129513]: DEBUG ovsdbapp.backend.ovs_idl [None req-b555f312-703d-42d2-a3bc-e6c03ced230b None None] Created schema index Logical_Router_Port.name {{(pid=129513) autocreate_indices /usr/local/lib/python3.8/dist-packages/ovsdbapp/backend/ovs_idl/__init__.py:104}}
Aug 31 12:39:57 ubuntu neutron-server[129514]: DEBUG ovsdbapp.backend.ovs_idl [None req-2f57838d-c184-4ec1-ac08-cecde1ae0219 None None] Created schema index HA_Chassis_Group.name {{(pid=129514) autocreate_indices /usr/local/lib/python3.8/dist-packages/ovsdbapp/backend/ovs_idl/__init__.py:104}}
Aug 31 12:39:57 ubuntu neutron-server[129513]: DEBUG ovsdbapp.backend.ovs_idl [None req-b555f312-703d-42d2-a3bc-e6c03ced230b None None] Created schema index Port_Group.name {{(pid=129513) autocreate_indices /usr/local/lib/python3.8/dist-packages/ovsdbapp/backend/ovs_idl/__init__.py:104}}
Aug 31 12:39:57 ubuntu neutron-server[129513]: DEBUG ovsdbapp.backend.ovs_idl [None req-b555f312-703d-42d2-a3bc-e6c03ced230b None None] Created schema index Logical_Switch_Port.name {{(pid=129513) autocreate_indices /usr/local/lib/python3.8/dist-packages/ovsdbapp/backend/ovs_idl/__init__.py:104}}
Aug 31 12:39:57 ubuntu neutron-server[129514]: DEBUG ovsdbapp.backend.ovs_idl [None req-2f57838d-c184-4ec1-ac08-cecde1ae0219 None None] Created schema index Connection.target {{(pid=129514) autocreate_indices /usr/local/lib/python3.8/dist-packages/ovsdbapp/backend/ovs_idl/__init__.py:104}}
Aug 31 12:39:57 ubuntu neutron-server[129514]: DEBUG ovsdbapp.backend.ovs_idl [None req-2f57838d-c184-4ec1-ac08-cecde1ae0219 None None] Created schema index Gateway_Chassis.name {{(pid=129514) autocreate_indices /usr/local/lib/python3.8/dist-packages/ovsdbapp/backend/ovs_idl/__init__.py:104}}
Aug 31 12:39:57 ubuntu neutron-server[129514]: DEBUG ovsdbapp.backend.ovs_idl [None req-2f57838d-c184-4ec1-ac08-cecde1ae0219 None None] Created schema index Logical_Router_Port.name {{(pid=129514) autocreate_indices /usr/local/lib/python3.8/dist-packages/ovsdbapp/backend/ovs_idl/__init__.py:104}}
Aug 31 12:39:57 ubuntu neutron-server[129513]: INFO ovsdbapp.backend.ovs_idl.vlog [None req-b555f312-703d-42d2-a3bc-e6c03ced230b None None] tcp:192.168.79.37:6641: connecting...
Aug 31 12:39:57 ubuntu neutron-server[129514]: DEBUG ovsdbapp.backend.ovs_idl [None req-2f57838d-c184-4ec1-ac08-cecde1ae0219 None None] Created schema index Port_Group.name {{(pid=129514) autocreate_indices /usr/local/lib/python3.8/dist-packages/ovsdbapp/backend/ovs_idl/__init__.py:104}}
Aug 31 12:39:57 ubuntu neutron-server[129513]: INFO ovsdbapp.backend.ovs_idl.vlog [None req-b555f312-703d-42d2-a3bc-e6c03ced230b None None] tcp:192.168.79.37:6641: connected
Aug 31 12:39:57 ubuntu neutron-server[129514]: DEBUG ovsdbapp.backend.ovs_idl [None req-2f57838d-c184-4ec1-ac08-cecde1ae0219 None None] Created schema index Logical_Switch_Port.name {{(pid=129514) autocreate_indices /usr/local/lib/python3.8/dist-packages/ovsdbapp/backend/ovs_idl/__init__.py:104}}
Aug 31 12:39:57 ubuntu neutron-server[129514]: INFO ovsdbapp.backend.ovs_idl.vlog [None req-2f57838d-c184-4ec1-ac08-cecde1ae0219 None None] tcp:192.168.79.37:6641: connecting...
Aug 31 12:39:57 ubuntu neutron-server[129514]: INFO ovsdbapp.backend.ovs_idl.vlog [None req-2f57838d-c184-4ec1-ac08-cecde1ae0219 None None] tcp:192.168.79.37:6641: connected
Aug 31 12:39:57 ubuntu neutron-server[129261]: DEBUG ovsdbapp.backend.ovs_idl [None req-b4b599cd-8f4d-42f0-85d3-1c361003b304 None None] Created lookup_table index Chassis.name {{(pid=129261) autocreate_indices /usr/local/lib/python3.8/dist-packages/ovsdbapp/backend/ovs_idl/__init__.py:85}}
Aug 31 12:39:57 ubuntu neutron-server[129261]: DEBUG ovsdbapp.backend.ovs_idl [None req-b4b599cd-8f4d-42f0-85d3-1c361003b304 None None] Created lookup_table index MAC_Binding.ip {{(pid=129261) autocreate_indices /usr/local/lib/python3.8/dist-packages/ovsdbapp/backend/ovs_idl/__init__.py:85}}
Aug 31 12:39:57 ubuntu neutron-server[129261]: DEBUG ovsdbapp.backend.ovs_idl [None req-b4b599cd-8f4d-42f0-85d3-1c361003b304 None None] Created schema index Meter.name {{(pid=129261) autocreate_indices /usr/local/lib/python3.8/dist-packages/ovsdbapp/backend/ovs_idl/__init__.py:104}}
Aug 31 12:39:57 ubuntu neutron-server[129261]: DEBUG ovsdbapp.backend.ovs_idl [None req-b4b599cd-8f4d-42f0-85d3-1c361003b304 None None] Created schema index Address_Set.name {{(pid=129261) autocreate_indices /usr/local/lib/python3.8/dist-packages/ovsdbapp/backend/ovs_idl/__init__.py:104}}
Aug 31 12:39:57 ubuntu neutron-server[129261]: DEBUG ovsdbapp.backend.ovs_idl [None req-b4b599cd-8f4d-42f0-85d3-1c361003b304 None None] Created schema index HA_Chassis_Group.name {{(pid=129261) autocreate_indices /usr/local/lib/python3.8/dist-packages/ovsdbapp/backend/ovs_idl/__init__.py:104}}
Aug 31 12:39:57 ubuntu neutron-server[129261]: DEBUG ovsdbapp.backend.ovs_idl [None req-b4b599cd-8f4d-42f0-85d3-1c361003b304 None None] Created schema index IP_Multicast.datapath {{(pid=129261) autocreate_indices /usr/local/lib/python3.8/dist-packages/ovsdbapp/backend/ovs_idl/__init__.py:104}}
Aug 31 12:39:57 ubuntu neutron-server[129261]: DEBUG ovsdbapp.backend.ovs_idl [None req-b4b599cd-8f4d-42f0-85d3-1c361003b304 None None] Created schema index Connection.target {{(pid=129261) autocreate_indices /usr/local/lib/python3.8/dist-packages/ovsdbapp/backend/ovs_idl/__init__.py:104}}
Aug 31 12:39:57 ubuntu neutron-server[129261]: DEBUG ovsdbapp.backend.ovs_idl [None req-b4b599cd-8f4d-42f0-85d3-1c361003b304 None None] Created schema index Gateway_Chassis.name {{(pid=129261) autocreate_indices /usr/local/lib/python3.8/dist-packages/ovsdbapp/backend/ovs_idl/__init__.py:104}}
Aug 31 12:39:57 ubuntu neutron-server[129261]: DEBUG ovsdbapp.backend.ovs_idl [None req-b4b599cd-8f4d-42f0-85d3-1c361003b304 None None] Created schema index Port_Group.name {{(pid=129261) autocreate_indices /usr/local/lib/python3.8/dist-packages/ovsdbapp/backend/ovs_idl/__init__.py:104}}
Aug 31 12:39:57 ubuntu neutron-server[129261]: DEBUG ovsdbapp.backend.ovs_idl [None req-b4b599cd-8f4d-42f0-85d3-1c361003b304 None None] Created schema index Datapath_Binding.tunnel_key {{(pid=129261) autocreate_indices /usr/local/lib/python3.8/dist-packages/ovsdbapp/backend/ovs_idl/__init__.py:104}}
Aug 31 12:39:57 ubuntu neutron-server[129513]: DEBUG neutron.common.ovn.hash_ring_manager [None req-b555f312-703d-42d2-a3bc-e6c03ced230b None None] Allow caching, nodes 2>=2 {{(pid=129513) _wait_startup_before_caching /opt/stack/neutron/neutron/common/ovn/hash_ring_manager.py:60}}
Aug 31 12:39:57 ubuntu neutron-server[129514]: DEBUG neutron.common.ovn.hash_ring_manager [None req-2f57838d-c184-4ec1-ac08-cecde1ae0219 None None] Allow caching, nodes 2>=2 {{(pid=129514) _wait_startup_before_caching /opt/stack/neutron/neutron/common/ovn/hash_ring_manager.py:60}}
Aug 31 12:39:57 ubuntu neutron-server[129513]: DEBUG neutron.plugins.ml2.drivers.ovn.mech_driver.ovsdb.ovsdb_monitor [None req-b555f312-703d-42d2-a3bc-e6c03ced230b None None] Hash Ring: Node b42b19b9-711c-4f38-b0d1-e8027f0d4256 (host: ubuntu) handling event "create" for row ba7db2ce-f479-488c-b182-2049310b3afe (table: Database) {{(pid=129513) notify /opt/stack/neutron/neutron/plugins/ml2/drivers/ovn/mech_driver/ovsdb/ovsdb_monitor.py:743}}
Aug 31 12:39:57 ubuntu neutron-server[129513]: DEBUG neutron.plugins.ml2.drivers.ovn.mech_driver.ovsdb.ovsdb_monitor [None req-b555f312-703d-42d2-a3bc-e6c03ced230b None None] Hash Ring: Node b42b19b9-711c-4f38-b0d1-e8027f0d4256 (host: ubuntu) handling event "create" for row 60813460-f1b4-495a-ab86-ab7765e55155 (table: ACL) {{(pid=129513) notify /opt/stack/neutron/neutron/plugins/ml2/drivers/ovn/mech_driver/ovsdb/ovsdb_monitor.py:743}}
Aug 31 12:39:57 ubuntu neutron-server[129513]: DEBUG neutron.plugins.ml2.drivers.ovn.mech_driver.ovsdb.ovsdb_monitor [None req-b555f312-703d-42d2-a3bc-e6c03ced230b None None] Hash Ring: Node b42b19b9-711c-4f38-b0d1-e8027f0d4256 (host: ubuntu) handling event "create" for row 88c1568b-1aaf-4e09-8f93-1b50130df842 (table: ACL) {{(pid=129513) notify /opt/stack/neutron/neutron/plugins/ml2/drivers/ovn/mech_driver/ovsdb/ovsdb_monitor.py:743}}
Aug 31 12:39:57 ubuntu neutron-server[129513]: INFO neutron.plugins.ml2.drivers.ovn.mech_driver.ovsdb.impl_idl_ovn [None req-b555f312-703d-42d2-a3bc-e6c03ced230b None None] Getting OvsdbSbOvnIdl for WorkerService with retry
Aug 31 12:39:57 ubuntu neutron-server[129514]: DEBUG neutron.plugins.ml2.drivers.ovn.mech_driver.ovsdb.ovsdb_monitor [None req-2f57838d-c184-4ec1-ac08-cecde1ae0219 None None] Hash Ring: Node 1257edf3-9a4a-4fb9-bcf4-abf3677a081a (host: ubuntu) handling event "create" for row 5c3e2252-5452-4d43-9e3c-640de329ae32 (table: Database) {{(pid=129514) notify /opt/stack/neutron/neutron/plugins/ml2/drivers/ovn/mech_driver/ovsdb/ovsdb_monitor.py:743}}
Aug 31 12:39:57 ubuntu neutron-server[129514]: DEBUG neutron.plugins.ml2.drivers.ovn.mech_driver.ovsdb.ovsdb_monitor [None req-2f57838d-c184-4ec1-ac08-cecde1ae0219 None None] Hash Ring: Node 1257edf3-9a4a-4fb9-bcf4-abf3677a081a (host: ubuntu) handling event "create" for row 722839fe-4215-41ec-9de6-472823a19faa (table: Port_Group) {{(pid=129514) notify /opt/stack/neutron/neutron/plugins/ml2/drivers/ovn/mech_driver/ovsdb/ovsdb_monitor.py:743}}
Aug 31 12:39:57 ubuntu neutron-server[129514]: DEBUG neutron.plugins.ml2.drivers.ovn.mech_driver.ovsdb.ovsdb_monitor [None req-2f57838d-c184-4ec1-ac08-cecde1ae0219 None None] Hash Ring: Node 1257edf3-9a4a-4fb9-bcf4-abf3677a081a (host: ubuntu) handling event "create" for row f4eaa6f4-b69b-4532-b3d5-fb376b91ea3d (table: NB_Global) {{(pid=129514) notify /opt/stack/neutron/neutron/plugins/ml2/drivers/ovn/mech_driver/ovsdb/ovsdb_monitor.py:743}}
Aug 31 12:39:57 ubuntu neutron-server[129514]: DEBUG neutron.plugins.ml2.drivers.ovn.mech_driver.ovsdb.ovsdb_monitor [None req-2f57838d-c184-4ec1-ac08-cecde1ae0219 None None] Hash Ring: Node 1257edf3-9a4a-4fb9-bcf4-abf3677a081a (host: ubuntu) handling event "create" for row 2c036c8a-bd73-4547-bc3e-96f94fdb9dbd (table: Connection) {{(pid=129514) notify /opt/stack/neutron/neutron/plugins/ml2/drivers/ovn/mech_driver/ovsdb/ovsdb_monitor.py:743}}
Aug 31 12:39:57 ubuntu neutron-server[129513]: DEBUG ovsdbapp.backend.ovs_idl [None req-b555f312-703d-42d2-a3bc-e6c03ced230b None None] Created lookup_table index Chassis.name {{(pid=129513) autocreate_indices /usr/local/lib/python3.8/dist-packages/ovsdbapp/backend/ovs_idl/__init__.py:85}}
Aug 31 12:39:57 ubuntu neutron-server[129513]: DEBUG ovsdbapp.backend.ovs_idl [None req-b555f312-703d-42d2-a3bc-e6c03ced230b None None] Created schema index Datapath_Binding.tunnel_key {{(pid=129513) autocreate_indices /usr/local/lib/python3.8/dist-packages/ovsdbapp/backend/ovs_idl/__init__.py:104}}
Aug 31 12:39:57 ubuntu neutron-server[129513]: DEBUG ovsdbapp.backend.ovs_idl [None req-b555f312-703d-42d2-a3bc-e6c03ced230b None None] Created schema index Connection.target {{(pid=129513) autocreate_indices /usr/local/lib/python3.8/dist-packages/ovsdbapp/backend/ovs_idl/__init__.py:104}}
Aug 31 12:39:57 ubuntu neutron-server[129513]: INFO ovsdbapp.backend.ovs_idl.vlog [None req-b555f312-703d-42d2-a3bc-e6c03ced230b None None] tcp:192.168.79.37:6642: connecting...
Aug 31 12:39:57 ubuntu neutron-server[129513]: INFO ovsdbapp.backend.ovs_idl.vlog [None req-b555f312-703d-42d2-a3bc-e6c03ced230b None None] tcp:192.168.79.37:6642: connected
Aug 31 12:39:57 ubuntu neutron-server[129514]: INFO neutron.plugins.ml2.drivers.ovn.mech_driver.ovsdb.impl_idl_ovn [None req-2f57838d-c184-4ec1-ac08-cecde1ae0219 None None] Getting OvsdbSbOvnIdl for WorkerService with retry
Aug 31 12:39:57 ubuntu neutron-server[129514]: DEBUG ovsdbapp.backend.ovs_idl [None req-2f57838d-c184-4ec1-ac08-cecde1ae0219 None None] Created lookup_table index Chassis.name {{(pid=129514) autocreate_indices /usr/local/lib/python3.8/dist-packages/ovsdbapp/backend/ovs_idl/__init__.py:85}}
Aug 31 12:39:57 ubuntu neutron-server[129514]: DEBUG ovsdbapp.backend.ovs_idl [None req-2f57838d-c184-4ec1-ac08-cecde1ae0219 None None] Created schema index Datapath_Binding.tunnel_key {{(pid=129514) autocreate_indices /usr/local/lib/python3.8/dist-packages/ovsdbapp/backend/ovs_idl/__init__.py:104}}
Aug 31 12:39:57 ubuntu neutron-server[129514]: DEBUG ovsdbapp.backend.ovs_idl [None req-2f57838d-c184-4ec1-ac08-cecde1ae0219 None None] Created schema index Connection.target {{(pid=129514) autocreate_indices /usr/local/lib/python3.8/dist-packages/ovsdbapp/backend/ovs_idl/__init__.py:104}}
Aug 31 12:39:57 ubuntu neutron-server[129514]: INFO ovsdbapp.backend.ovs_idl.vlog [None req-2f57838d-c184-4ec1-ac08-cecde1ae0219 None None] tcp:192.168.79.37:6642: connecting...
Aug 31 12:39:57 ubuntu neutron-server[129261]: INFO oslo_service.service [None req-b4b599cd-8f4d-42f0-85d3-1c361003b304 None None] Starting 1 workers
Aug 31 12:39:57 ubuntu neutron-server[129514]: INFO ovsdbapp.backend.ovs_idl.vlog [None req-2f57838d-c184-4ec1-ac08-cecde1ae0219 None None] tcp:192.168.79.37:6642: connected
Aug 31 12:39:57 ubuntu neutron-server[129513]: DEBUG neutron.common.ovn.hash_ring_manager [None req-b555f312-703d-42d2-a3bc-e6c03ced230b None None] Allow caching, nodes 2>=2 {{(pid=129513) _wait_startup_before_caching /opt/stack/neutron/neutron/common/ovn/hash_ring_manager.py:60}}
Aug 31 12:39:57 ubuntu neutron-server[129261]: DEBUG oslo_service.service [None req-b4b599cd-8f4d-42f0-85d3-1c361003b304 None None] Started child 129517 {{(pid=129261) _start_child /usr/local/lib/python3.8/dist-packages/oslo_service/service.py:575}}
Aug 31 12:39:57 ubuntu neutron-server[129261]: INFO oslo_service.service [None req-b4b599cd-8f4d-42f0-85d3-1c361003b304 None None] Starting 1 workers
Aug 31 12:39:57 ubuntu neutron-server[129513]: DEBUG neutron.plugins.ml2.drivers.ovn.mech_driver.ovsdb.ovsdb_monitor [None req-b555f312-703d-42d2-a3bc-e6c03ced230b None None] Hash Ring: Node b42b19b9-711c-4f38-b0d1-e8027f0d4256 (host: ubuntu) handling event "create" for row 1cf8055d-a612-4bbd-a562-90781af61deb (table: Database) {{(pid=129513) notify /opt/stack/neutron/neutron/plugins/ml2/drivers/ovn/mech_driver/ovsdb/ovsdb_monitor.py:743}}
Aug 31 12:39:57 ubuntu neutron-server[129517]: DEBUG neutron.service [None req-b4b599cd-8f4d-42f0-85d3-1c361003b304 None None] calling RpcWorker wait() {{(pid=129517) _wait /opt/stack/neutron/neutron/service.py:128}}
Aug 31 12:39:57 ubuntu neutron-server[129517]: DEBUG neutron.service [None req-b4b599cd-8f4d-42f0-85d3-1c361003b304 None None] returning from RpcWorker wait() {{(pid=129517) _wait /opt/stack/neutron/neutron/service.py:135}}
Aug 31 12:39:57 ubuntu neutron-server[129517]: DEBUG neutron_lib.callbacks.manager [-] Publish callbacks ['neutron.plugins.ml2.drivers.ovn.mech_driver.mech_driver.OVNMechanismDriver.post_fork_initialize-1008431'] for process (None), after_init {{(pid=129517) _notify_loop /usr/local/lib/python3.8/dist-packages/neutron_lib/callbacks/manager.py:176}}
Aug 31 12:39:57 ubuntu neutron-server[129261]: DEBUG oslo_service.service [None req-b4b599cd-8f4d-42f0-85d3-1c361003b304 None None] Started child 129518 {{(pid=129261) _start_child /usr/local/lib/python3.8/dist-packages/oslo_service/service.py:575}}
Aug 31 12:39:57 ubuntu neutron-server[129261]: INFO oslo_service.service [None req-b4b599cd-8f4d-42f0-85d3-1c361003b304 None None] Starting 1 workers
Aug 31 12:39:57 ubuntu neutron-server[129517]: INFO neutron.plugins.ml2.drivers.ovn.mech_driver.ovsdb.impl_idl_ovn [-] Getting OvsdbNbOvnIdl for RpcWorker with retry
Aug 31 12:39:57 ubuntu neutron-server[129513]: DEBUG neutron.plugins.ml2.drivers.ovn.mech_driver.ovsdb.ovsdb_monitor [None req-b555f312-703d-42d2-a3bc-e6c03ced230b None None] Hash Ring: Node b42b19b9-711c-4f38-b0d1-e8027f0d4256 (host: ubuntu) handling event "create" for row 5113430f-556a-4c5c-aad6-0543e55ad6fd (table: Encap) {{(pid=129513) notify /opt/stack/neutron/neutron/plugins/ml2/drivers/ovn/mech_driver/ovsdb/ovsdb_monitor.py:743}}
Aug 31 12:39:57 ubuntu neutron-server[129514]: DEBUG neutron.common.ovn.hash_ring_manager [None req-2f57838d-c184-4ec1-ac08-cecde1ae0219 None None] Allow caching, nodes 2>=2 {{(pid=129514) _wait_startup_before_caching /opt/stack/neutron/neutron/common/ovn/hash_ring_manager.py:60}}
Aug 31 12:39:57 ubuntu neutron-server[129513]: DEBUG neutron.plugins.ml2.drivers.ovn.mech_driver.ovsdb.ovsdb_monitor [None req-b555f312-703d-42d2-a3bc-e6c03ced230b None None] ChassisMetadataAgentWriteEvent : Matched Chassis, create, None None {{(pid=129513) matches /opt/stack/neutron/neutron/plugins/ml2/drivers/ovn/mech_driver/ovsdb/ovsdb_monitor.py:62}}
Aug 31 12:39:57 ubuntu neutron-server[129513]: DEBUG neutron.plugins.ml2.drivers.ovn.mech_driver.ovsdb.ovsdb_monitor [None req-b555f312-703d-42d2-a3bc-e6c03ced230b None None] ChassisAgentWriteEvent : Matched Chassis, create, None None {{(pid=129513) matches /opt/stack/neutron/neutron/plugins/ml2/drivers/ovn/mech_driver/ovsdb/ovsdb_monitor.py:62}}
Aug 31 12:39:57 ubuntu neutron-server[129513]: DEBUG neutron.plugins.ml2.drivers.ovn.mech_driver.ovsdb.ovsdb_monitor [None req-b555f312-703d-42d2-a3bc-e6c03ced230b None None] Hash Ring: Node b42b19b9-711c-4f38-b0d1-e8027f0d4256 (host: ubuntu) handling event "create" for row 6a8083a9-479b-4f51-8a3d-3de178082be0 (table: Connection) {{(pid=129513) notify /opt/stack/neutron/neutron/plugins/ml2/drivers/ovn/mech_driver/ovsdb/ovsdb_monitor.py:743}}
Aug 31 12:39:57 ubuntu neutron-server[129513]: INFO neutron.wsgi [-] (129513) wsgi starting up on http://0.0.0.0:9696
Aug 31 12:39:57 ubuntu neutron-server[129513]: DEBUG neutron.wsgi [-] (129513) accepted ('192.168.79.37', 45478) {{(pid=129513) server /usr/local/lib/python3.8/dist-packages/eventlet/wsgi.py:1004}}
Aug 31 12:39:57 ubuntu neutron-server[129261]: DEBUG oslo_service.service [None req-b4b599cd-8f4d-42f0-85d3-1c361003b304 None None] Started child 129519 {{(pid=129261) _start_child /usr/local/lib/python3.8/dist-packages/oslo_service/service.py:575}}
