Jul 28 18:47:04 ubuntu neutron-server[138011]: DEBUG neutron.api.extensions [None req-b696769d-f1f5-4a20-a76a-eed6d0bd2f3d None None] Ext name="Trunk Extension" alias="trunk" description="Provides support for trunk ports" updated="2016-01-01T10:00:00-00:00" {{(pid=138011) _check_extension /opt/stack/neutron/neutron/api/extensions.py:416}}
Jul 28 18:47:04 ubuntu neutron-server[138011]: INFO neutron.api.extensions [None req-b696769d-f1f5-4a20-a76a-eed6d0bd2f3d None None] Extension trunk not supported by any of loaded plugins
Jul 28 18:47:04 ubuntu neutron-server[138011]: DEBUG neutron.api.extensions [None req-b696769d-f1f5-4a20-a76a-eed6d0bd2f3d None None] Loading extension file: trunk_details.py {{(pid=138011) _load_all_extensions_from_path /opt/stack/neutron/neutron/api/extensions.py:450}}
Jul 28 18:47:04 ubuntu neutron-server[138011]: DEBUG neutron.api.extensions [None req-b696769d-f1f5-4a20-a76a-eed6d0bd2f3d None None] Ext name="Trunk port details" alias="trunk-details" description="Expose trunk port details" updated="2016-01-01T10:00:00-00:00" {{(pid=138011) _check_extension /opt/stack/neutron/neutron/api/extensions.py:416}}
Jul 28 18:47:04 ubuntu neutron-server[138011]: INFO neutron.api.extensions [None req-b696769d-f1f5-4a20-a76a-eed6d0bd2f3d None None] Extension trunk-details not supported by any of loaded plugins
Jul 28 18:47:04 ubuntu neutron-server[138011]: DEBUG neutron.api.extensions [None req-b696769d-f1f5-4a20-a76a-eed6d0bd2f3d None None] Loading extension file: uplink_status_propagation.py {{(pid=138011) _load_all_extensions_from_path /opt/stack/neutron/neutron/api/extensions.py:450}}
Jul 28 18:47:04 ubuntu neutron-server[138011]: DEBUG neutron.api.extensions [None req-b696769d-f1f5-4a20-a76a-eed6d0bd2f3d None None] Ext name="Uplink status propagation extension" alias="uplink-status-propagation" description="Provides ability to propagate port uplink status." updated="2018-05-31T18:00:00-00:00" {{(pid=138011) _check_extension /opt/stack/neutron/neutron/api/extensions.py:416}}
Jul 28 18:47:04 ubuntu neutron-server[138011]: INFO neutron.api.extensions [None req-b696769d-f1f5-4a20-a76a-eed6d0bd2f3d None None] Extension uplink-status-propagation not supported by any of loaded plugins
Jul 28 18:47:04 ubuntu neutron-server[138011]: DEBUG neutron.api.extensions [None req-b696769d-f1f5-4a20-a76a-eed6d0bd2f3d None None] Loading extension file: vlantransparent.py {{(pid=138011) _load_all_extensions_from_path /opt/stack/neutron/neutron/api/extensions.py:450}}
Jul 28 18:47:04 ubuntu neutron-server[138011]: DEBUG neutron.api.extensions [None req-b696769d-f1f5-4a20-a76a-eed6d0bd2f3d None None] Ext name="Vlantransparent" alias="vlan-transparent" description="Provides Vlan Transparent Networks" updated="2015-03-23T09:00:00-00:00" {{(pid=138011) _check_extension /opt/stack/neutron/neutron/api/extensions.py:416}}
Jul 28 18:47:04 ubuntu neutron-server[138011]: INFO neutron.api.extensions [None req-b696769d-f1f5-4a20-a76a-eed6d0bd2f3d None None] Extension vlan-transparent not supported by any of loaded plugins
Jul 28 18:47:04 ubuntu neutron-server[138011]: INFO neutron.quota.resource_registry [None req-b696769d-f1f5-4a20-a76a-eed6d0bd2f3d None None] Creating instance of TrackedResource for resource:network
Jul 28 18:47:04 ubuntu neutron-server[138011]: INFO neutron.quota.resource_registry [None req-b696769d-f1f5-4a20-a76a-eed6d0bd2f3d None None] Creating instance of TrackedResource for resource:subnet
Jul 28 18:47:04 ubuntu neutron-server[138011]: INFO neutron.quota.resource_registry [None req-b696769d-f1f5-4a20-a76a-eed6d0bd2f3d None None] Creating instance of TrackedResource for resource:subnetpool
Jul 28 18:47:04 ubuntu neutron-server[138011]: INFO neutron.quota.resource_registry [None req-b696769d-f1f5-4a20-a76a-eed6d0bd2f3d None None] Creating instance of TrackedResource for resource:port
Jul 28 18:47:04 ubuntu neutron-server[138011]: DEBUG neutron.api.v2.resource_helper [None req-b696769d-f1f5-4a20-a76a-eed6d0bd2f3d None None] Service FLAVORS assigned prefix:  {{(pid=138011) build_resource_info /opt/stack/neutron/neutron/api/v2/resource_helper.py:77}}
Jul 28 18:47:04 ubuntu neutron-server[138011]: DEBUG neutron.api.v2.resource_helper [None req-b696769d-f1f5-4a20-a76a-eed6d0bd2f3d None None] Service L3_ROUTER_NAT assigned prefix:  {{(pid=138011) build_resource_info /opt/stack/neutron/neutron/api/v2/resource_helper.py:77}}
Jul 28 18:47:04 ubuntu neutron-server[138011]: DEBUG neutron.api.v2.resource_helper [None req-b696769d-f1f5-4a20-a76a-eed6d0bd2f3d None None] Service L3_ROUTER_NAT assigned prefix:  {{(pid=138011) build_resource_info /opt/stack/neutron/neutron/api/v2/resource_helper.py:77}}
Jul 28 18:47:04 ubuntu neutron-server[138011]: INFO neutron.quota.resource_registry [None req-b696769d-f1f5-4a20-a76a-eed6d0bd2f3d None None] Creating instance of TrackedResource for resource:router
Jul 28 18:47:04 ubuntu neutron-server[138011]: INFO neutron.quota.resource_registry [None req-b696769d-f1f5-4a20-a76a-eed6d0bd2f3d None None] Creating instance of TrackedResource for resource:floatingip
Jul 28 18:47:04 ubuntu neutron-server[138011]: DEBUG neutron_lib.callbacks.manager [None req-b696769d-f1f5-4a20-a76a-eed6d0bd2f3d None None] Subscribe: <bound method NeutronDbPluginV2.validate_network_rbac_policy_change of <neutron.services.network_ip_availability.plugin.NetworkIPAvailabilityPlugin object at 0x7ff207311940>> rbac-policy before_create 55550000 {{(pid=138011) subscribe /usr/local/lib/python3.8/dist-packages/neutron_lib/callbacks/manager.py:45}}
Jul 28 18:47:04 ubuntu neutron-server[138011]: DEBUG neutron_lib.callbacks.manager [None req-b696769d-f1f5-4a20-a76a-eed6d0bd2f3d None None] Subscribe: <bound method NeutronDbPluginV2.validate_network_rbac_policy_change of <neutron.services.network_ip_availability.plugin.NetworkIPAvailabilityPlugin object at 0x7ff207311940>> rbac-policy before_update 55550000 {{(pid=138011) subscribe /usr/local/lib/python3.8/dist-packages/neutron_lib/callbacks/manager.py:45}}
Jul 28 18:47:04 ubuntu neutron-server[138011]: DEBUG neutron_lib.callbacks.manager [None req-b696769d-f1f5-4a20-a76a-eed6d0bd2f3d None None] Subscribe: <bound method NeutronDbPluginV2.validate_network_rbac_policy_change of <neutron.services.network_ip_availability.plugin.NetworkIPAvailabilityPlugin object at 0x7ff207311940>> rbac-policy before_delete 55550000 {{(pid=138011) subscribe /usr/local/lib/python3.8/dist-packages/neutron_lib/callbacks/manager.py:45}}
Jul 28 18:47:04 ubuntu neutron-server[138011]: INFO neutron.quota.resource_registry [None req-b696769d-f1f5-4a20-a76a-eed6d0bd2f3d None None] Creating instance of CountableResource for resource:rbac_policy
Jul 28 18:47:04 ubuntu neutron-server[138011]: INFO neutron.quota.resource_registry [None req-b696769d-f1f5-4a20-a76a-eed6d0bd2f3d None None] Creating instance of TrackedResource for resource:security_group
Jul 28 18:47:04 ubuntu neutron-server[138011]: INFO neutron.quota.resource_registry [None req-b696769d-f1f5-4a20-a76a-eed6d0bd2f3d None None] Creating instance of TrackedResource for resource:security_group_rule
Jul 28 18:47:04 ubuntu neutron-server[138011]: DEBUG neutron.api.v2.resource_helper [None req-b696769d-f1f5-4a20-a76a-eed6d0bd2f3d None None] Service FLAVORS assigned prefix:  {{(pid=138011) build_resource_info /opt/stack/neutron/neutron/api/v2/resource_helper.py:77}}
Jul 28 18:47:04 ubuntu neutron-server[138011]: DEBUG neutron.api.v2.resource_helper [None req-b696769d-f1f5-4a20-a76a-eed6d0bd2f3d None None] Service L3_ROUTER_NAT assigned prefix:  {{(pid=138011) build_resource_info /opt/stack/neutron/neutron/api/v2/resource_helper.py:77}}
Jul 28 18:47:04 ubuntu neutron-server[138011]: DEBUG neutron.api.v2.resource_helper [None req-b696769d-f1f5-4a20-a76a-eed6d0bd2f3d None None] Service L3_ROUTER_NAT assigned prefix:  {{(pid=138011) build_resource_info /opt/stack/neutron/neutron/api/v2/resource_helper.py:77}}
Jul 28 18:47:04 ubuntu neutron-server[138011]: INFO neutron.quota.resource_registry [None req-b696769d-f1f5-4a20-a76a-eed6d0bd2f3d None None] Creating instance of TrackedResource for resource:router
Jul 28 18:47:04 ubuntu neutron-server[138011]: WARNING neutron.quota.resource_registry [None req-b696769d-f1f5-4a20-a76a-eed6d0bd2f3d None None] router is already registered
Jul 28 18:47:04 ubuntu neutron-server[138011]: INFO neutron.quota.resource_registry [None req-b696769d-f1f5-4a20-a76a-eed6d0bd2f3d None None] Creating instance of TrackedResource for resource:floatingip
Jul 28 18:47:04 ubuntu neutron-server[138011]: WARNING neutron.quota.resource_registry [None req-b696769d-f1f5-4a20-a76a-eed6d0bd2f3d None None] floatingip is already registered
Jul 28 18:47:04 ubuntu neutron-server[138011]: INFO neutron.quota.resource_registry [None req-b696769d-f1f5-4a20-a76a-eed6d0bd2f3d None None] Creating instance of CountableResource for resource:rbac_policy
Jul 28 18:47:04 ubuntu neutron-server[138011]: WARNING neutron.quota.resource_registry [None req-b696769d-f1f5-4a20-a76a-eed6d0bd2f3d None None] rbac_policy is already registered
Jul 28 18:47:04 ubuntu neutron-server[138011]: INFO neutron.quota.resource_registry [None req-b696769d-f1f5-4a20-a76a-eed6d0bd2f3d None None] Creating instance of TrackedResource for resource:security_group
Jul 28 18:47:04 ubuntu neutron-server[138011]: WARNING neutron.quota.resource_registry [None req-b696769d-f1f5-4a20-a76a-eed6d0bd2f3d None None] security_group is already registered
Jul 28 18:47:04 ubuntu neutron-server[138011]: INFO neutron.quota.resource_registry [None req-b696769d-f1f5-4a20-a76a-eed6d0bd2f3d None None] Creating instance of TrackedResource for resource:security_group_rule
Jul 28 18:47:04 ubuntu neutron-server[138011]: WARNING neutron.quota.resource_registry [None req-b696769d-f1f5-4a20-a76a-eed6d0bd2f3d None None] security_group_rule is already registered
Jul 28 18:47:04 ubuntu neutron-server[138011]: DEBUG neutron.api.extensions [None req-b696769d-f1f5-4a20-a76a-eed6d0bd2f3d None None] Extended resource: extensions {{(pid=138011) __init__ /opt/stack/neutron/neutron/api/extensions.py:157}}
Jul 28 18:47:04 ubuntu neutron-server[138011]: DEBUG neutron.api.extensions [None req-b696769d-f1f5-4a20-a76a-eed6d0bd2f3d None None] Extended resource: address-groups {{(pid=138011) __init__ /opt/stack/neutron/neutron/api/extensions.py:157}}
Jul 28 18:47:04 ubuntu neutron-server[138011]: DEBUG neutron.api.extensions [None req-b696769d-f1f5-4a20-a76a-eed6d0bd2f3d None None] Extended resource: address-scopes {{(pid=138011) __init__ /opt/stack/neutron/neutron/api/extensions.py:157}}
Jul 28 18:47:04 ubuntu neutron-server[138011]: DEBUG neutron.api.extensions [None req-b696769d-f1f5-4a20-a76a-eed6d0bd2f3d None None] Extended resource: agents {{(pid=138011) __init__ /opt/stack/neutron/neutron/api/extensions.py:157}}
Jul 28 18:47:04 ubuntu neutron-server[138011]: DEBUG neutron.api.extensions [None req-b696769d-f1f5-4a20-a76a-eed6d0bd2f3d None None] Extended resource: auto-allocated-topology {{(pid=138011) __init__ /opt/stack/neutron/neutron/api/extensions.py:157}}
Jul 28 18:47:04 ubuntu neutron-server[138011]: DEBUG neutron.api.extensions [None req-b696769d-f1f5-4a20-a76a-eed6d0bd2f3d None None] Extended resource: availability_zones {{(pid=138011) __init__ /opt/stack/neutron/neutron/api/extensions.py:157}}
Jul 28 18:47:04 ubuntu neutron-server[138011]: DEBUG neutron.api.extensions [None req-b696769d-f1f5-4a20-a76a-eed6d0bd2f3d None None] Extended resource: flavors {{(pid=138011) __init__ /opt/stack/neutron/neutron/api/extensions.py:157}}
Jul 28 18:47:04 ubuntu neutron-server[138011]: DEBUG neutron.api.extensions [None req-b696769d-f1f5-4a20-a76a-eed6d0bd2f3d None None] Extended resource: service_profiles {{(pid=138011) __init__ /opt/stack/neutron/neutron/api/extensions.py:157}}
Jul 28 18:47:04 ubuntu neutron-server[138011]: DEBUG neutron.api.extensions [None req-b696769d-f1f5-4a20-a76a-eed6d0bd2f3d None None] Extended resource: next_providers {{(pid=138011) __init__ /opt/stack/neutron/neutron/api/extensions.py:157}}
Jul 28 18:47:04 ubuntu neutron-server[138011]: DEBUG neutron.api.extensions [None req-b696769d-f1f5-4a20-a76a-eed6d0bd2f3d None None] Extended resource: service_profiles {{(pid=138011) __init__ /opt/stack/neutron/neutron/api/extensions.py:157}}
Jul 28 18:47:04 ubuntu neutron-server[138011]: DEBUG neutron.api.extensions [None req-b696769d-f1f5-4a20-a76a-eed6d0bd2f3d None None] Extended resource: floatingip-pools {{(pid=138011) __init__ /opt/stack/neutron/neutron/api/extensions.py:157}}
Jul 28 18:47:04 ubuntu neutron-server[138011]: DEBUG neutron.api.extensions [None req-b696769d-f1f5-4a20-a76a-eed6d0bd2f3d None None] Extended resource: routers {{(pid=138011) __init__ /opt/stack/neutron/neutron/api/extensions.py:157}}
Jul 28 18:47:04 ubuntu neutron-server[138011]: DEBUG neutron.api.extensions [None req-b696769d-f1f5-4a20-a76a-eed6d0bd2f3d None None] Extended resource: floatingips {{(pid=138011) __init__ /opt/stack/neutron/neutron/api/extensions.py:157}}
Jul 28 18:47:04 ubuntu neutron-server[138011]: DEBUG neutron.api.extensions [None req-b696769d-f1f5-4a20-a76a-eed6d0bd2f3d None None] Extended resource: network-ip-availabilities {{(pid=138011) __init__ /opt/stack/neutron/neutron/api/extensions.py:157}}
Jul 28 18:47:04 ubuntu neutron-server[138011]: DEBUG neutron.api.extensions [None req-b696769d-f1f5-4a20-a76a-eed6d0bd2f3d None None] Extended resource: bindings {{(pid=138011) __init__ /opt/stack/neutron/neutron/api/extensions.py:157}}
Jul 28 18:47:04 ubuntu neutron-server[138011]: DEBUG neutron.api.extensions [None req-b696769d-f1f5-4a20-a76a-eed6d0bd2f3d None None] Extended resource: quotas {{(pid=138011) __init__ /opt/stack/neutron/neutron/api/extensions.py:157}}
Jul 28 18:47:04 ubuntu neutron-server[138011]: DEBUG neutron.api.extensions [None req-b696769d-f1f5-4a20-a76a-eed6d0bd2f3d None None] Extended resource: quotas {{(pid=138011) __init__ /opt/stack/neutron/neutron/api/extensions.py:157}}
Jul 28 18:47:04 ubuntu neutron-server[138011]: DEBUG neutron.api.extensions [None req-b696769d-f1f5-4a20-a76a-eed6d0bd2f3d None None] Extended resource: rbac-policies {{(pid=138011) __init__ /opt/stack/neutron/neutron/api/extensions.py:157}}
Jul 28 18:47:04 ubuntu neutron-server[138011]: DEBUG neutron.api.extensions [None req-b696769d-f1f5-4a20-a76a-eed6d0bd2f3d None None] Extended resource: security-groups {{(pid=138011) __init__ /opt/stack/neutron/neutron/api/extensions.py:157}}
Jul 28 18:47:04 ubuntu neutron-server[138011]: DEBUG neutron.api.extensions [None req-b696769d-f1f5-4a20-a76a-eed6d0bd2f3d None None] Extended resource: security-group-rules {{(pid=138011) __init__ /opt/stack/neutron/neutron/api/extensions.py:157}}
Jul 28 18:47:04 ubuntu neutron-server[138011]: DEBUG neutron.api.extensions [None req-b696769d-f1f5-4a20-a76a-eed6d0bd2f3d None None] Extended resource: service-providers {{(pid=138011) __init__ /opt/stack/neutron/neutron/api/extensions.py:157}}
Jul 28 18:47:04 ubuntu neutron-server[138011]: DEBUG neutron.api.extensions [None req-b696769d-f1f5-4a20-a76a-eed6d0bd2f3d None None] Extended resource: tags {{(pid=138011) __init__ /opt/stack/neutron/neutron/api/extensions.py:157}}
Jul 28 18:47:04 ubuntu neutron-server[138011]: DEBUG neutron.api.extensions [None req-b696769d-f1f5-4a20-a76a-eed6d0bd2f3d None None] Extended resource: tags {{(pid=138011) __init__ /opt/stack/neutron/neutron/api/extensions.py:157}}
Jul 28 18:47:04 ubuntu neutron-server[138011]: DEBUG neutron.api.extensions [None req-b696769d-f1f5-4a20-a76a-eed6d0bd2f3d None None] Extended resource: tags {{(pid=138011) __init__ /opt/stack/neutron/neutron/api/extensions.py:157}}
Jul 28 18:47:04 ubuntu neutron-server[138011]: DEBUG neutron.api.extensions [None req-b696769d-f1f5-4a20-a76a-eed6d0bd2f3d None None] Extended resource: tags {{(pid=138011) __init__ /opt/stack/neutron/neutron/api/extensions.py:157}}
Jul 28 18:47:04 ubuntu neutron-server[138011]: DEBUG neutron.api.extensions [None req-b696769d-f1f5-4a20-a76a-eed6d0bd2f3d None None] Extended resource: tags {{(pid=138011) __init__ /opt/stack/neutron/neutron/api/extensions.py:157}}
Jul 28 18:47:04 ubuntu neutron-server[138011]: DEBUG neutron.api.extensions [None req-b696769d-f1f5-4a20-a76a-eed6d0bd2f3d None None] Extended resource: tags {{(pid=138011) __init__ /opt/stack/neutron/neutron/api/extensions.py:157}}
Jul 28 18:47:04 ubuntu neutron-server[138011]: DEBUG neutron.api.extensions [None req-b696769d-f1f5-4a20-a76a-eed6d0bd2f3d None None] Extended resource: tags {{(pid=138011) __init__ /opt/stack/neutron/neutron/api/extensions.py:157}}
Jul 28 18:47:04 ubuntu neutron-server[138011]: DEBUG neutron.api.extensions [None req-b696769d-f1f5-4a20-a76a-eed6d0bd2f3d None None] Extended resource: tags {{(pid=138011) __init__ /opt/stack/neutron/neutron/api/extensions.py:157}}
Jul 28 18:47:04 ubuntu neutron-server[138011]: DEBUG neutron.api.extensions [None req-b696769d-f1f5-4a20-a76a-eed6d0bd2f3d None None] Extended resource: tags {{(pid=138011) __init__ /opt/stack/neutron/neutron/api/extensions.py:157}}
Jul 28 18:47:04 ubuntu neutron-server[138011]: DEBUG neutron.api.extensions [None req-b696769d-f1f5-4a20-a76a-eed6d0bd2f3d None None] Extended resource: tags {{(pid=138011) __init__ /opt/stack/neutron/neutron/api/extensions.py:157}}
Jul 28 18:47:04 ubuntu neutron-server[138011]: WARNING keystonemiddleware.auth_token [None req-b696769d-f1f5-4a20-a76a-eed6d0bd2f3d None None] AuthToken middleware is set with keystone_authtoken.service_token_roles_required set to False. This is backwards compatible but deprecated behaviour. Please set this to True.
Jul 28 18:47:04 ubuntu neutron-server[138011]: WARNING keystonemiddleware.auth_token [None req-b696769d-f1f5-4a20-a76a-eed6d0bd2f3d None None] Configuring www_authenticate_uri to point to the public identity endpoint is required; clients may not be able to authenticate against an admin endpoint
Jul 28 18:47:04 ubuntu neutron-server[138011]: DEBUG oslo_concurrency.lockutils [None req-b696769d-f1f5-4a20-a76a-eed6d0bd2f3d None None] Acquired lock "singleton_lock" {{(pid=138011) lock /usr/local/lib/python3.8/dist-packages/oslo_concurrency/lockutils.py:294}}
Jul 28 18:47:04 ubuntu neutron-server[138011]: DEBUG oslo_concurrency.lockutils [None req-b696769d-f1f5-4a20-a76a-eed6d0bd2f3d None None] Releasing lock "singleton_lock" {{(pid=138011) lock /usr/local/lib/python3.8/dist-packages/oslo_concurrency/lockutils.py:312}}
Jul 28 18:47:04 ubuntu neutron-server[138011]: INFO oslo_service.service [None req-b696769d-f1f5-4a20-a76a-eed6d0bd2f3d None None] Starting 2 workers
Jul 28 18:47:04 ubuntu neutron-server[138011]: DEBUG oslo_service.service [None req-b696769d-f1f5-4a20-a76a-eed6d0bd2f3d None None] Started child 138218 {{(pid=138011) _start_child /usr/local/lib/python3.8/dist-packages/oslo_service/service.py:575}}
Jul 28 18:47:04 ubuntu neutron-server[138011]: DEBUG oslo_service.service [None req-b696769d-f1f5-4a20-a76a-eed6d0bd2f3d None None] Started child 138219 {{(pid=138011) _start_child /usr/local/lib/python3.8/dist-packages/oslo_service/service.py:575}}
Jul 28 18:47:04 ubuntu neutron-server[138011]: INFO neutron.service [None req-b696769d-f1f5-4a20-a76a-eed6d0bd2f3d None None] Neutron service started, listening on 0.0.0.0:9696
Jul 28 18:47:04 ubuntu neutron-server[138011]: DEBUG neutron_lib.callbacks.manager [None req-b696769d-f1f5-4a20-a76a-eed6d0bd2f3d None None] Publish callbacks ['neutron.plugins.ml2.drivers.ovn.mech_driver.mech_driver.OVNMechanismDriver.pre_fork_initialize-744445'] for process (None), before_spawn {{(pid=138011) _notify_loop /usr/local/lib/python3.8/dist-packages/neutron_lib/callbacks/manager.py:176}}
Jul 28 18:47:04 ubuntu neutron-server[138219]: DEBUG neutron_lib.callbacks.manager [-] Publish callbacks ['neutron.plugins.ml2.drivers.ovn.mech_driver.mech_driver.OVNMechanismDriver.post_fork_initialize-744409'] for process (None), after_init {{(pid=138219) _notify_loop /usr/local/lib/python3.8/dist-packages/neutron_lib/callbacks/manager.py:176}}
Jul 28 18:47:04 ubuntu neutron-server[138218]: DEBUG neutron_lib.callbacks.manager [-] Publish callbacks ['neutron.plugins.ml2.drivers.ovn.mech_driver.mech_driver.OVNMechanismDriver.post_fork_initialize-744409'] for process (None), after_init {{(pid=138218) _notify_loop /usr/local/lib/python3.8/dist-packages/neutron_lib/callbacks/manager.py:176}}
Jul 28 18:47:04 ubuntu neutron-server[138219]: DEBUG dbcounter [-] [138219] Writer thread running {{(pid=138219) stat_writer /usr/local/lib/python3.8/dist-packages/dbcounter.py:99}}
Jul 28 18:47:04 ubuntu neutron-server[138218]: DEBUG dbcounter [-] [138218] Writer thread running {{(pid=138218) stat_writer /usr/local/lib/python3.8/dist-packages/dbcounter.py:99}}
Jul 28 18:47:04 ubuntu neutron-server[138011]: DEBUG ovsdbapp.backend.ovs_idl [None req-b696769d-f1f5-4a20-a76a-eed6d0bd2f3d None None] Created schema index Port_Group.name {{(pid=138011) autocreate_indices /usr/local/lib/python3.8/dist-packages/ovsdbapp/backend/ovs_idl/__init__.py:104}}
Jul 28 18:47:04 ubuntu neutron-server[138011]: DEBUG ovsdbapp.backend.ovs_idl [None req-b696769d-f1f5-4a20-a76a-eed6d0bd2f3d None None] Created schema index Logical_Switch_Port.name {{(pid=138011) autocreate_indices /usr/local/lib/python3.8/dist-packages/ovsdbapp/backend/ovs_idl/__init__.py:104}}
Jul 28 18:47:04 ubuntu neutron-server[138219]: INFO neutron.plugins.ml2.drivers.ovn.mech_driver.ovsdb.impl_idl_ovn [None req-570143d0-a649-44a7-b70d-03fa6c4fb079 None None] Getting OvsdbNbOvnIdl for WorkerService with retry
Jul 28 18:47:04 ubuntu neutron-server[138218]: INFO neutron.plugins.ml2.drivers.ovn.mech_driver.ovsdb.impl_idl_ovn [None req-a10b9e11-80da-403c-ae2f-e94d5a3f4f2b None None] Getting OvsdbNbOvnIdl for WorkerService with retry
Jul 28 18:47:04 ubuntu neutron-server[138011]: DEBUG ovsdbapp.backend.ovs_idl.transaction [-] Running txn n=1 command(idx=0): PgAddCommand(name=neutron_pg_drop, may_exist=True, columns={'acls': []}) {{(pid=138011) do_commit /usr/local/lib/python3.8/dist-packages/ovsdbapp/backend/ovs_idl/transaction.py:90}}
Jul 28 18:47:04 ubuntu neutron-server[138011]: DEBUG ovsdbapp.backend.ovs_idl.transaction [-] Running txn n=1 command(idx=1): PgAclAddCommand(entity=neutron_pg_drop, direction=from-lport, priority=1001, match=inport == @neutron_pg_drop && ip, action=drop, log=False, may_exist=True, severity=[], name=[], meter=None, external_ids={}) {{(pid=138011) do_commit /usr/local/lib/python3.8/dist-packages/ovsdbapp/backend/ovs_idl/transaction.py:90}}
Jul 28 18:47:04 ubuntu neutron-server[138011]: DEBUG ovsdbapp.backend.ovs_idl.transaction [-] Running txn n=1 command(idx=2): PgAclAddCommand(entity=neutron_pg_drop, direction=to-lport, priority=1001, match=outport == @neutron_pg_drop && ip, action=drop, log=False, may_exist=True, severity=[], name=[], meter=None, external_ids={}) {{(pid=138011) do_commit /usr/local/lib/python3.8/dist-packages/ovsdbapp/backend/ovs_idl/transaction.py:90}}
Jul 28 18:47:04 ubuntu neutron-server[138011]: DEBUG ovsdbapp.backend.ovs_idl.event [-] Matched CREATE: NeutronPgDropPortGroupCreated(events=('create',), table='Port_Group', conditions=(('name', '=', 'neutron_pg_drop'),), old_conditions=None), priority=10 to row=Port_Group(name=neutron_pg_drop, ports=[], external_ids={}, acls=[<ovs.db.idl.Row object at 0x7ff207a312b0>, <ovs.db.idl.Row object at 0x7ff207a1c5e0>]) old= {{(pid=138011) matches /usr/local/lib/python3.8/dist-packages/ovsdbapp/backend/ovs_idl/event.py:43}}
Jul 28 18:47:04 ubuntu neutron-server[138219]: DEBUG ovsdbapp.backend.ovs_idl [None req-570143d0-a649-44a7-b70d-03fa6c4fb079 None None] Created lookup_table index Logical_Switch.name {{(pid=138219) autocreate_indices /usr/local/lib/python3.8/dist-packages/ovsdbapp/backend/ovs_idl/__init__.py:85}}
Jul 28 18:47:04 ubuntu neutron-server[138219]: DEBUG ovsdbapp.backend.ovs_idl [None req-570143d0-a649-44a7-b70d-03fa6c4fb079 None None] Created lookup_table index Logical_Router.name {{(pid=138219) autocreate_indices /usr/local/lib/python3.8/dist-packages/ovsdbapp/backend/ovs_idl/__init__.py:85}}
Jul 28 18:47:04 ubuntu neutron-server[138219]: DEBUG ovsdbapp.backend.ovs_idl [None req-570143d0-a649-44a7-b70d-03fa6c4fb079 None None] Created lookup_table index Load_Balancer.name {{(pid=138219) autocreate_indices /usr/local/lib/python3.8/dist-packages/ovsdbapp/backend/ovs_idl/__init__.py:85}}
Jul 28 18:47:04 ubuntu neutron-server[138219]: DEBUG ovsdbapp.backend.ovs_idl [None req-570143d0-a649-44a7-b70d-03fa6c4fb079 None None] Created schema index Meter.name {{(pid=138219) autocreate_indices /usr/local/lib/python3.8/dist-packages/ovsdbapp/backend/ovs_idl/__init__.py:104}}
Jul 28 18:47:04 ubuntu neutron-server[138219]: DEBUG ovsdbapp.backend.ovs_idl [None req-570143d0-a649-44a7-b70d-03fa6c4fb079 None None] Created schema index Address_Set.name {{(pid=138219) autocreate_indices /usr/local/lib/python3.8/dist-packages/ovsdbapp/backend/ovs_idl/__init__.py:104}}
Jul 28 18:47:04 ubuntu neutron-server[138219]: DEBUG ovsdbapp.backend.ovs_idl [None req-570143d0-a649-44a7-b70d-03fa6c4fb079 None None] Created schema index HA_Chassis_Group.name {{(pid=138219) autocreate_indices /usr/local/lib/python3.8/dist-packages/ovsdbapp/backend/ovs_idl/__init__.py:104}}
Jul 28 18:47:04 ubuntu neutron-server[138219]: DEBUG ovsdbapp.backend.ovs_idl [None req-570143d0-a649-44a7-b70d-03fa6c4fb079 None None] Created schema index Connection.target {{(pid=138219) autocreate_indices /usr/local/lib/python3.8/dist-packages/ovsdbapp/backend/ovs_idl/__init__.py:104}}
Jul 28 18:47:04 ubuntu neutron-server[138219]: DEBUG ovsdbapp.backend.ovs_idl [None req-570143d0-a649-44a7-b70d-03fa6c4fb079 None None] Created schema index Gateway_Chassis.name {{(pid=138219) autocreate_indices /usr/local/lib/python3.8/dist-packages/ovsdbapp/backend/ovs_idl/__init__.py:104}}
Jul 28 18:47:04 ubuntu neutron-server[138219]: DEBUG ovsdbapp.backend.ovs_idl [None req-570143d0-a649-44a7-b70d-03fa6c4fb079 None None] Created schema index Logical_Router_Port.name {{(pid=138219) autocreate_indices /usr/local/lib/python3.8/dist-packages/ovsdbapp/backend/ovs_idl/__init__.py:104}}
Jul 28 18:47:04 ubuntu neutron-server[138219]: DEBUG ovsdbapp.backend.ovs_idl [None req-570143d0-a649-44a7-b70d-03fa6c4fb079 None None] Created schema index Port_Group.name {{(pid=138219) autocreate_indices /usr/local/lib/python3.8/dist-packages/ovsdbapp/backend/ovs_idl/__init__.py:104}}
Jul 28 18:47:04 ubuntu neutron-server[138219]: DEBUG ovsdbapp.backend.ovs_idl [None req-570143d0-a649-44a7-b70d-03fa6c4fb079 None None] Created schema index Logical_Switch_Port.name {{(pid=138219) autocreate_indices /usr/local/lib/python3.8/dist-packages/ovsdbapp/backend/ovs_idl/__init__.py:104}}
Jul 28 18:47:04 ubuntu neutron-server[138219]: INFO ovsdbapp.backend.ovs_idl.vlog [None req-570143d0-a649-44a7-b70d-03fa6c4fb079 None None] tcp:192.168.79.40:6641: connecting...
Jul 28 18:47:04 ubuntu neutron-server[138219]: INFO ovsdbapp.backend.ovs_idl.vlog [None req-570143d0-a649-44a7-b70d-03fa6c4fb079 None None] tcp:192.168.79.40:6641: connected
Jul 28 18:47:04 ubuntu neutron-server[138218]: DEBUG ovsdbapp.backend.ovs_idl [None req-a10b9e11-80da-403c-ae2f-e94d5a3f4f2b None None] Created lookup_table index Logical_Switch.name {{(pid=138218) autocreate_indices /usr/local/lib/python3.8/dist-packages/ovsdbapp/backend/ovs_idl/__init__.py:85}}
Jul 28 18:47:04 ubuntu neutron-server[138218]: DEBUG ovsdbapp.backend.ovs_idl [None req-a10b9e11-80da-403c-ae2f-e94d5a3f4f2b None None] Created lookup_table index Logical_Router.name {{(pid=138218) autocreate_indices /usr/local/lib/python3.8/dist-packages/ovsdbapp/backend/ovs_idl/__init__.py:85}}
Jul 28 18:47:04 ubuntu neutron-server[138218]: DEBUG ovsdbapp.backend.ovs_idl [None req-a10b9e11-80da-403c-ae2f-e94d5a3f4f2b None None] Created lookup_table index Load_Balancer.name {{(pid=138218) autocreate_indices /usr/local/lib/python3.8/dist-packages/ovsdbapp/backend/ovs_idl/__init__.py:85}}
Jul 28 18:47:04 ubuntu neutron-server[138218]: DEBUG ovsdbapp.backend.ovs_idl [None req-a10b9e11-80da-403c-ae2f-e94d5a3f4f2b None None] Created schema index Meter.name {{(pid=138218) autocreate_indices /usr/local/lib/python3.8/dist-packages/ovsdbapp/backend/ovs_idl/__init__.py:104}}
Jul 28 18:47:04 ubuntu neutron-server[138218]: DEBUG ovsdbapp.backend.ovs_idl [None req-a10b9e11-80da-403c-ae2f-e94d5a3f4f2b None None] Created schema index Address_Set.name {{(pid=138218) autocreate_indices /usr/local/lib/python3.8/dist-packages/ovsdbapp/backend/ovs_idl/__init__.py:104}}
Jul 28 18:47:04 ubuntu neutron-server[138218]: DEBUG ovsdbapp.backend.ovs_idl [None req-a10b9e11-80da-403c-ae2f-e94d5a3f4f2b None None] Created schema index HA_Chassis_Group.name {{(pid=138218) autocreate_indices /usr/local/lib/python3.8/dist-packages/ovsdbapp/backend/ovs_idl/__init__.py:104}}
Jul 28 18:47:04 ubuntu neutron-server[138218]: DEBUG ovsdbapp.backend.ovs_idl [None req-a10b9e11-80da-403c-ae2f-e94d5a3f4f2b None None] Created schema index Connection.target {{(pid=138218) autocreate_indices /usr/local/lib/python3.8/dist-packages/ovsdbapp/backend/ovs_idl/__init__.py:104}}
Jul 28 18:47:04 ubuntu neutron-server[138218]: DEBUG ovsdbapp.backend.ovs_idl [None req-a10b9e11-80da-403c-ae2f-e94d5a3f4f2b None None] Created schema index Gateway_Chassis.name {{(pid=138218) autocreate_indices /usr/local/lib/python3.8/dist-packages/ovsdbapp/backend/ovs_idl/__init__.py:104}}
Jul 28 18:47:04 ubuntu neutron-server[138218]: DEBUG ovsdbapp.backend.ovs_idl [None req-a10b9e11-80da-403c-ae2f-e94d5a3f4f2b None None] Created schema index Logical_Router_Port.name {{(pid=138218) autocreate_indices /usr/local/lib/python3.8/dist-packages/ovsdbapp/backend/ovs_idl/__init__.py:104}}
Jul 28 18:47:04 ubuntu neutron-server[138011]: DEBUG ovsdbapp.backend.ovs_idl [None req-b696769d-f1f5-4a20-a76a-eed6d0bd2f3d None None] Created lookup_table index Logical_Switch.name {{(pid=138011) autocreate_indices /usr/local/lib/python3.8/dist-packages/ovsdbapp/backend/ovs_idl/__init__.py:85}}
Jul 28 18:47:04 ubuntu neutron-server[138011]: DEBUG ovsdbapp.backend.ovs_idl [None req-b696769d-f1f5-4a20-a76a-eed6d0bd2f3d None None] Created lookup_table index Logical_Router.name {{(pid=138011) autocreate_indices /usr/local/lib/python3.8/dist-packages/ovsdbapp/backend/ovs_idl/__init__.py:85}}
Jul 28 18:47:04 ubuntu neutron-server[138011]: DEBUG ovsdbapp.backend.ovs_idl [None req-b696769d-f1f5-4a20-a76a-eed6d0bd2f3d None None] Created lookup_table index Load_Balancer.name {{(pid=138011) autocreate_indices /usr/local/lib/python3.8/dist-packages/ovsdbapp/backend/ovs_idl/__init__.py:85}}
Jul 28 18:47:04 ubuntu neutron-server[138011]: DEBUG ovsdbapp.backend.ovs_idl [None req-b696769d-f1f5-4a20-a76a-eed6d0bd2f3d None None] Created schema index Meter.name {{(pid=138011) autocreate_indices /usr/local/lib/python3.8/dist-packages/ovsdbapp/backend/ovs_idl/__init__.py:104}}
Jul 28 18:47:04 ubuntu neutron-server[138218]: DEBUG ovsdbapp.backend.ovs_idl [None req-a10b9e11-80da-403c-ae2f-e94d5a3f4f2b None None] Created schema index Port_Group.name {{(pid=138218) autocreate_indices /usr/local/lib/python3.8/dist-packages/ovsdbapp/backend/ovs_idl/__init__.py:104}}
Jul 28 18:47:04 ubuntu neutron-server[138011]: DEBUG ovsdbapp.backend.ovs_idl [None req-b696769d-f1f5-4a20-a76a-eed6d0bd2f3d None None] Created schema index Address_Set.name {{(pid=138011) autocreate_indices /usr/local/lib/python3.8/dist-packages/ovsdbapp/backend/ovs_idl/__init__.py:104}}
Jul 28 18:47:04 ubuntu neutron-server[138011]: DEBUG ovsdbapp.backend.ovs_idl [None req-b696769d-f1f5-4a20-a76a-eed6d0bd2f3d None None] Created schema index HA_Chassis_Group.name {{(pid=138011) autocreate_indices /usr/local/lib/python3.8/dist-packages/ovsdbapp/backend/ovs_idl/__init__.py:104}}
Jul 28 18:47:04 ubuntu neutron-server[138011]: DEBUG ovsdbapp.backend.ovs_idl [None req-b696769d-f1f5-4a20-a76a-eed6d0bd2f3d None None] Created schema index Connection.target {{(pid=138011) autocreate_indices /usr/local/lib/python3.8/dist-packages/ovsdbapp/backend/ovs_idl/__init__.py:104}}
Jul 28 18:47:04 ubuntu neutron-server[138011]: DEBUG ovsdbapp.backend.ovs_idl [None req-b696769d-f1f5-4a20-a76a-eed6d0bd2f3d None None] Created schema index Gateway_Chassis.name {{(pid=138011) autocreate_indices /usr/local/lib/python3.8/dist-packages/ovsdbapp/backend/ovs_idl/__init__.py:104}}
Jul 28 18:47:04 ubuntu neutron-server[138011]: DEBUG ovsdbapp.backend.ovs_idl [None req-b696769d-f1f5-4a20-a76a-eed6d0bd2f3d None None] Created schema index Logical_Router_Port.name {{(pid=138011) autocreate_indices /usr/local/lib/python3.8/dist-packages/ovsdbapp/backend/ovs_idl/__init__.py:104}}
Jul 28 18:47:04 ubuntu neutron-server[138218]: DEBUG ovsdbapp.backend.ovs_idl [None req-a10b9e11-80da-403c-ae2f-e94d5a3f4f2b None None] Created schema index Logical_Switch_Port.name {{(pid=138218) autocreate_indices /usr/local/lib/python3.8/dist-packages/ovsdbapp/backend/ovs_idl/__init__.py:104}}
Jul 28 18:47:04 ubuntu neutron-server[138011]: DEBUG ovsdbapp.backend.ovs_idl [None req-b696769d-f1f5-4a20-a76a-eed6d0bd2f3d None None] Created schema index Port_Group.name {{(pid=138011) autocreate_indices /usr/local/lib/python3.8/dist-packages/ovsdbapp/backend/ovs_idl/__init__.py:104}}
Jul 28 18:47:04 ubuntu neutron-server[138011]: DEBUG ovsdbapp.backend.ovs_idl [None req-b696769d-f1f5-4a20-a76a-eed6d0bd2f3d None None] Created schema index Logical_Switch_Port.name {{(pid=138011) autocreate_indices /usr/local/lib/python3.8/dist-packages/ovsdbapp/backend/ovs_idl/__init__.py:104}}
Jul 28 18:47:04 ubuntu neutron-server[138218]: INFO ovsdbapp.backend.ovs_idl.vlog [None req-a10b9e11-80da-403c-ae2f-e94d5a3f4f2b None None] tcp:192.168.79.40:6641: connecting...
Jul 28 18:47:04 ubuntu neutron-server[138218]: INFO ovsdbapp.backend.ovs_idl.vlog [None req-a10b9e11-80da-403c-ae2f-e94d5a3f4f2b None None] tcp:192.168.79.40:6641: connected
Jul 28 18:47:04 ubuntu neutron-server[138219]: DEBUG neutron.common.ovn.hash_ring_manager [None req-570143d0-a649-44a7-b70d-03fa6c4fb079 None None] Allow caching, nodes 2>=2 {{(pid=138219) _wait_startup_before_caching /opt/stack/neutron/neutron/common/ovn/hash_ring_manager.py:60}}
Jul 28 18:47:04 ubuntu neutron-server[138219]: DEBUG neutron.plugins.ml2.drivers.ovn.mech_driver.ovsdb.ovsdb_monitor [None req-570143d0-a649-44a7-b70d-03fa6c4fb079 None None] Hash Ring: Node a1125e35-1b44-4780-a68f-a8333fd1d5f6 (host: ubuntu) handling event "create" for row 48857213-3f73-4d39-a1da-0b3b8ffa8d3e (table: Port_Group) {{(pid=138219) notify /opt/stack/neutron/neutron/plugins/ml2/drivers/ovn/mech_driver/ovsdb/ovsdb_monitor.py:743}}
Jul 28 18:47:04 ubuntu neutron-server[138219]: DEBUG neutron.plugins.ml2.drivers.ovn.mech_driver.ovsdb.ovsdb_monitor [None req-570143d0-a649-44a7-b70d-03fa6c4fb079 None None] Hash Ring: Node a1125e35-1b44-4780-a68f-a8333fd1d5f6 (host: ubuntu) handling event "create" for row 62893a37-5ecd-4a9f-85df-d2c52c10a1af (table: Connection) {{(pid=138219) notify /opt/stack/neutron/neutron/plugins/ml2/drivers/ovn/mech_driver/ovsdb/ovsdb_monitor.py:743}}
Jul 28 18:47:04 ubuntu neutron-server[138219]: INFO neutron.plugins.ml2.drivers.ovn.mech_driver.ovsdb.impl_idl_ovn [None req-570143d0-a649-44a7-b70d-03fa6c4fb079 None None] Getting OvsdbSbOvnIdl for WorkerService with retry
Jul 28 18:47:04 ubuntu neutron-server[138219]: DEBUG ovsdbapp.backend.ovs_idl [None req-570143d0-a649-44a7-b70d-03fa6c4fb079 None None] Created lookup_table index Chassis.name {{(pid=138219) autocreate_indices /usr/local/lib/python3.8/dist-packages/ovsdbapp/backend/ovs_idl/__init__.py:85}}
Jul 28 18:47:04 ubuntu neutron-server[138219]: DEBUG ovsdbapp.backend.ovs_idl [None req-570143d0-a649-44a7-b70d-03fa6c4fb079 None None] Created schema index Datapath_Binding.tunnel_key {{(pid=138219) autocreate_indices /usr/local/lib/python3.8/dist-packages/ovsdbapp/backend/ovs_idl/__init__.py:104}}
Jul 28 18:47:04 ubuntu neutron-server[138219]: DEBUG ovsdbapp.backend.ovs_idl [None req-570143d0-a649-44a7-b70d-03fa6c4fb079 None None] Created schema index Connection.target {{(pid=138219) autocreate_indices /usr/local/lib/python3.8/dist-packages/ovsdbapp/backend/ovs_idl/__init__.py:104}}
Jul 28 18:47:04 ubuntu neutron-server[138219]: INFO ovsdbapp.backend.ovs_idl.vlog [None req-570143d0-a649-44a7-b70d-03fa6c4fb079 None None] tcp:192.168.79.40:6642: connecting...
Jul 28 18:47:04 ubuntu neutron-server[138219]: INFO ovsdbapp.backend.ovs_idl.vlog [None req-570143d0-a649-44a7-b70d-03fa6c4fb079 None None] tcp:192.168.79.40:6642: connected
Jul 28 18:47:04 ubuntu neutron-server[138218]: DEBUG neutron.common.ovn.hash_ring_manager [None req-a10b9e11-80da-403c-ae2f-e94d5a3f4f2b None None] Allow caching, nodes 2>=2 {{(pid=138218) _wait_startup_before_caching /opt/stack/neutron/neutron/common/ovn/hash_ring_manager.py:60}}
Jul 28 18:47:04 ubuntu neutron-server[138011]: DEBUG ovsdbapp.backend.ovs_idl [None req-b696769d-f1f5-4a20-a76a-eed6d0bd2f3d None None] Created lookup_table index Chassis.name {{(pid=138011) autocreate_indices /usr/local/lib/python3.8/dist-packages/ovsdbapp/backend/ovs_idl/__init__.py:85}}
Jul 28 18:47:04 ubuntu neutron-server[138011]: DEBUG ovsdbapp.backend.ovs_idl [None req-b696769d-f1f5-4a20-a76a-eed6d0bd2f3d None None] Created lookup_table index MAC_Binding.ip {{(pid=138011) autocreate_indices /usr/local/lib/python3.8/dist-packages/ovsdbapp/backend/ovs_idl/__init__.py:85}}
Jul 28 18:47:04 ubuntu neutron-server[138011]: DEBUG ovsdbapp.backend.ovs_idl [None req-b696769d-f1f5-4a20-a76a-eed6d0bd2f3d None None] Created schema index Meter.name {{(pid=138011) autocreate_indices /usr/local/lib/python3.8/dist-packages/ovsdbapp/backend/ovs_idl/__init__.py:104}}
Jul 28 18:47:04 ubuntu neutron-server[138011]: DEBUG ovsdbapp.backend.ovs_idl [None req-b696769d-f1f5-4a20-a76a-eed6d0bd2f3d None None] Created schema index Address_Set.name {{(pid=138011) autocreate_indices /usr/local/lib/python3.8/dist-packages/ovsdbapp/backend/ovs_idl/__init__.py:104}}
Jul 28 18:47:04 ubuntu neutron-server[138011]: DEBUG ovsdbapp.backend.ovs_idl [None req-b696769d-f1f5-4a20-a76a-eed6d0bd2f3d None None] Created schema index HA_Chassis_Group.name {{(pid=138011) autocreate_indices /usr/local/lib/python3.8/dist-packages/ovsdbapp/backend/ovs_idl/__init__.py:104}}
Jul 28 18:47:04 ubuntu neutron-server[138011]: DEBUG ovsdbapp.backend.ovs_idl [None req-b696769d-f1f5-4a20-a76a-eed6d0bd2f3d None None] Created schema index IP_Multicast.datapath {{(pid=138011) autocreate_indices /usr/local/lib/python3.8/dist-packages/ovsdbapp/backend/ovs_idl/__init__.py:104}}
Jul 28 18:47:04 ubuntu neutron-server[138011]: DEBUG ovsdbapp.backend.ovs_idl [None req-b696769d-f1f5-4a20-a76a-eed6d0bd2f3d None None] Created schema index Connection.target {{(pid=138011) autocreate_indices /usr/local/lib/python3.8/dist-packages/ovsdbapp/backend/ovs_idl/__init__.py:104}}
Jul 28 18:47:04 ubuntu neutron-server[138011]: DEBUG ovsdbapp.backend.ovs_idl [None req-b696769d-f1f5-4a20-a76a-eed6d0bd2f3d None None] Created schema index Gateway_Chassis.name {{(pid=138011) autocreate_indices /usr/local/lib/python3.8/dist-packages/ovsdbapp/backend/ovs_idl/__init__.py:104}}
Jul 28 18:47:04 ubuntu neutron-server[138011]: DEBUG ovsdbapp.backend.ovs_idl [None req-b696769d-f1f5-4a20-a76a-eed6d0bd2f3d None None] Created schema index Port_Group.name {{(pid=138011) autocreate_indices /usr/local/lib/python3.8/dist-packages/ovsdbapp/backend/ovs_idl/__init__.py:104}}
Jul 28 18:47:04 ubuntu neutron-server[138011]: DEBUG ovsdbapp.backend.ovs_idl [None req-b696769d-f1f5-4a20-a76a-eed6d0bd2f3d None None] Created schema index Datapath_Binding.tunnel_key {{(pid=138011) autocreate_indices /usr/local/lib/python3.8/dist-packages/ovsdbapp/backend/ovs_idl/__init__.py:104}}
Jul 28 18:47:04 ubuntu neutron-server[138218]: DEBUG neutron.plugins.ml2.drivers.ovn.mech_driver.ovsdb.ovsdb_monitor [None req-a10b9e11-80da-403c-ae2f-e94d5a3f4f2b None None] Hash Ring: Node 0156dbc3-92fb-444c-a31b-2e3eaec5750b (host: ubuntu) handling event "create" for row 25b11359-eadc-41c1-9b5a-f320813cb2da (table: Database) {{(pid=138218) notify /opt/stack/neutron/neutron/plugins/ml2/drivers/ovn/mech_driver/ovsdb/ovsdb_monitor.py:743}}
Jul 28 18:47:04 ubuntu neutron-server[138218]: DEBUG neutron.plugins.ml2.drivers.ovn.mech_driver.ovsdb.ovsdb_monitor [None req-a10b9e11-80da-403c-ae2f-e94d5a3f4f2b None None] Hash Ring: Node 0156dbc3-92fb-444c-a31b-2e3eaec5750b (host: ubuntu) handling event "create" for row b38a9960-550f-4ea8-9f74-bee9fc4d9763 (table: Database) {{(pid=138218) notify /opt/stack/neutron/neutron/plugins/ml2/drivers/ovn/mech_driver/ovsdb/ovsdb_monitor.py:743}}
Jul 28 18:47:04 ubuntu neutron-server[138218]: DEBUG neutron.plugins.ml2.drivers.ovn.mech_driver.ovsdb.ovsdb_monitor [None req-a10b9e11-80da-403c-ae2f-e94d5a3f4f2b None None] Hash Ring: Node 0156dbc3-92fb-444c-a31b-2e3eaec5750b (host: ubuntu) handling event "create" for row 74eebee0-e51f-4005-b92f-2b14e42a1877 (table: NB_Global) {{(pid=138218) notify /opt/stack/neutron/neutron/plugins/ml2/drivers/ovn/mech_driver/ovsdb/ovsdb_monitor.py:743}}
Jul 28 18:47:04 ubuntu neutron-server[138218]: DEBUG neutron.plugins.ml2.drivers.ovn.mech_driver.ovsdb.ovsdb_monitor [None req-a10b9e11-80da-403c-ae2f-e94d5a3f4f2b None None] Hash Ring: Node 0156dbc3-92fb-444c-a31b-2e3eaec5750b (host: ubuntu) handling event "create" for row 2f425dec-35f3-4f54-8205-e90325ddd790 (table: ACL) {{(pid=138218) notify /opt/stack/neutron/neutron/plugins/ml2/drivers/ovn/mech_driver/ovsdb/ovsdb_monitor.py:743}}
Jul 28 18:47:04 ubuntu neutron-server[138218]: DEBUG neutron.plugins.ml2.drivers.ovn.mech_driver.ovsdb.ovsdb_monitor [None req-a10b9e11-80da-403c-ae2f-e94d5a3f4f2b None None] Hash Ring: Node 0156dbc3-92fb-444c-a31b-2e3eaec5750b (host: ubuntu) handling event "create" for row 219cde69-6218-4ed7-b3cb-b9bea232a117 (table: ACL) {{(pid=138218) notify /opt/stack/neutron/neutron/plugins/ml2/drivers/ovn/mech_driver/ovsdb/ovsdb_monitor.py:743}}
Jul 28 18:47:04 ubuntu neutron-server[138218]: INFO neutron.plugins.ml2.drivers.ovn.mech_driver.ovsdb.impl_idl_ovn [None req-a10b9e11-80da-403c-ae2f-e94d5a3f4f2b None None] Getting OvsdbSbOvnIdl for WorkerService with retry
Jul 28 18:47:04 ubuntu neutron-server[138218]: DEBUG ovsdbapp.backend.ovs_idl [None req-a10b9e11-80da-403c-ae2f-e94d5a3f4f2b None None] Created lookup_table index Chassis.name {{(pid=138218) autocreate_indices /usr/local/lib/python3.8/dist-packages/ovsdbapp/backend/ovs_idl/__init__.py:85}}
Jul 28 18:47:04 ubuntu neutron-server[138219]: DEBUG neutron.common.ovn.hash_ring_manager [None req-570143d0-a649-44a7-b70d-03fa6c4fb079 None None] Allow caching, nodes 2>=2 {{(pid=138219) _wait_startup_before_caching /opt/stack/neutron/neutron/common/ovn/hash_ring_manager.py:60}}
Jul 28 18:47:04 ubuntu neutron-server[138218]: DEBUG ovsdbapp.backend.ovs_idl [None req-a10b9e11-80da-403c-ae2f-e94d5a3f4f2b None None] Created schema index Datapath_Binding.tunnel_key {{(pid=138218) autocreate_indices /usr/local/lib/python3.8/dist-packages/ovsdbapp/backend/ovs_idl/__init__.py:104}}
Jul 28 18:47:04 ubuntu neutron-server[138218]: DEBUG ovsdbapp.backend.ovs_idl [None req-a10b9e11-80da-403c-ae2f-e94d5a3f4f2b None None] Created schema index Connection.target {{(pid=138218) autocreate_indices /usr/local/lib/python3.8/dist-packages/ovsdbapp/backend/ovs_idl/__init__.py:104}}
Jul 28 18:47:04 ubuntu neutron-server[138218]: INFO ovsdbapp.backend.ovs_idl.vlog [None req-a10b9e11-80da-403c-ae2f-e94d5a3f4f2b None None] tcp:192.168.79.40:6642: connecting...
Jul 28 18:47:04 ubuntu neutron-server[138218]: INFO ovsdbapp.backend.ovs_idl.vlog [None req-a10b9e11-80da-403c-ae2f-e94d5a3f4f2b None None] tcp:192.168.79.40:6642: connected
Jul 28 18:47:04 ubuntu neutron-server[138219]: DEBUG neutron.plugins.ml2.drivers.ovn.mech_driver.ovsdb.ovsdb_monitor [None req-570143d0-a649-44a7-b70d-03fa6c4fb079 None None] Hash Ring: Node a1125e35-1b44-4780-a68f-a8333fd1d5f6 (host: ubuntu) handling event "create" for row a49b7777-0130-47b8-a44f-9eb68dd9c967 (table: Database) {{(pid=138219) notify /opt/stack/neutron/neutron/plugins/ml2/drivers/ovn/mech_driver/ovsdb/ovsdb_monitor.py:743}}
Jul 28 18:47:04 ubuntu neutron-server[138219]: DEBUG neutron.plugins.ml2.drivers.ovn.mech_driver.ovsdb.ovsdb_monitor [None req-570143d0-a649-44a7-b70d-03fa6c4fb079 None None] Hash Ring: Node a1125e35-1b44-4780-a68f-a8333fd1d5f6 (host: ubuntu) handling event "create" for row bd4c12a3-7c16-41aa-b278-e3b21ad609cc (table: Encap) {{(pid=138219) notify /opt/stack/neutron/neutron/plugins/ml2/drivers/ovn/mech_driver/ovsdb/ovsdb_monitor.py:743}}
Jul 28 18:47:04 ubuntu neutron-server[138219]: DEBUG neutron.plugins.ml2.drivers.ovn.mech_driver.ovsdb.ovsdb_monitor [None req-570143d0-a649-44a7-b70d-03fa6c4fb079 None None] ChassisMetadataAgentWriteEvent : Matched Chassis, create, None None {{(pid=138219) matches /opt/stack/neutron/neutron/plugins/ml2/drivers/ovn/mech_driver/ovsdb/ovsdb_monitor.py:62}}
Jul 28 18:47:04 ubuntu neutron-server[138219]: DEBUG neutron.plugins.ml2.drivers.ovn.mech_driver.ovsdb.ovsdb_monitor [None req-570143d0-a649-44a7-b70d-03fa6c4fb079 None None] ChassisAgentWriteEvent : Matched Chassis, create, None None {{(pid=138219) matches /opt/stack/neutron/neutron/plugins/ml2/drivers/ovn/mech_driver/ovsdb/ovsdb_monitor.py:62}}
Jul 28 18:47:04 ubuntu neutron-server[138219]: DEBUG neutron.plugins.ml2.drivers.ovn.mech_driver.ovsdb.ovsdb_monitor [None req-570143d0-a649-44a7-b70d-03fa6c4fb079 None None] Hash Ring: Node a1125e35-1b44-4780-a68f-a8333fd1d5f6 (host: ubuntu) handling event "create" for row bb43d6a6-48c9-4b23-a25a-a04ea9dcdf3b (table: Chassis) {{(pid=138219) notify /opt/stack/neutron/neutron/plugins/ml2/drivers/ovn/mech_driver/ovsdb/ovsdb_monitor.py:743}}
Jul 28 18:47:04 ubuntu neutron-server[138219]: DEBUG neutron.plugins.ml2.drivers.ovn.mech_driver.ovsdb.ovsdb_monitor [None req-570143d0-a649-44a7-b70d-03fa6c4fb079 None None] Hash Ring: Node a1125e35-1b44-4780-a68f-a8333fd1d5f6 (host: ubuntu) handling event "create" for row 7087b322-c3a0-4e53-823d-37625e99d304 (table: Connection) {{(pid=138219) notify /opt/stack/neutron/neutron/plugins/ml2/drivers/ovn/mech_driver/ovsdb/ovsdb_monitor.py:743}}
Jul 28 18:47:04 ubuntu neutron-server[138219]: INFO neutron.wsgi [-] (138219) wsgi starting up on http://0.0.0.0:9696
Jul 28 18:47:04 ubuntu neutron-server[138011]: INFO oslo_service.service [None req-b696769d-f1f5-4a20-a76a-eed6d0bd2f3d None None] Starting 1 workers
Jul 28 18:47:04 ubuntu neutron-server[138218]: DEBUG neutron.common.ovn.hash_ring_manager [None req-a10b9e11-80da-403c-ae2f-e94d5a3f4f2b None None] Allow caching, nodes 2>=2 {{(pid=138218) _wait_startup_before_caching /opt/stack/neutron/neutron/common/ovn/hash_ring_manager.py:60}}
Jul 28 18:47:04 ubuntu neutron-server[138011]: DEBUG oslo_service.service [None req-b696769d-f1f5-4a20-a76a-eed6d0bd2f3d None None] Started child 138221 {{(pid=138011) _start_child /usr/local/lib/python3.8/dist-packages/oslo_service/service.py:575}}
Jul 28 18:47:04 ubuntu neutron-server[138011]: INFO oslo_service.service [None req-b696769d-f1f5-4a20-a76a-eed6d0bd2f3d None None] Starting 1 workers
Jul 28 18:47:04 ubuntu neutron-server[138218]: DEBUG neutron.plugins.ml2.drivers.ovn.mech_driver.ovsdb.ovsdb_monitor [None req-a10b9e11-80da-403c-ae2f-e94d5a3f4f2b None None] Hash Ring: Node 0156dbc3-92fb-444c-a31b-2e3eaec5750b (host: ubuntu) handling event "create" for row 7df80374-69d4-4aab-be75-178904765784 (table: Database) {{(pid=138218) notify /opt/stack/neutron/neutron/plugins/ml2/drivers/ovn/mech_driver/ovsdb/ovsdb_monitor.py:743}}
Jul 28 18:47:04 ubuntu neutron-server[138221]: DEBUG neutron.service [None req-b696769d-f1f5-4a20-a76a-eed6d0bd2f3d None None] calling RpcWorker wait() {{(pid=138221) _wait /opt/stack/neutron/neutron/service.py:128}}
Jul 28 18:47:04 ubuntu neutron-server[138221]: DEBUG neutron.service [None req-b696769d-f1f5-4a20-a76a-eed6d0bd2f3d None None] returning from RpcWorker wait() {{(pid=138221) _wait /opt/stack/neutron/neutron/service.py:135}}
Jul 28 18:47:04 ubuntu neutron-server[138221]: DEBUG neutron_lib.callbacks.manager [-] Publish callbacks ['neutron.plugins.ml2.drivers.ovn.mech_driver.mech_driver.OVNMechanismDriver.post_fork_initialize-744409'] for process (None), after_init {{(pid=138221) _notify_loop /usr/local/lib/python3.8/dist-packages/neutron_lib/callbacks/manager.py:176}}
Jul 28 18:47:04 ubuntu neutron-server[138218]: DEBUG neutron.plugins.ml2.drivers.ovn.mech_driver.ovsdb.ovsdb_monitor [None req-a10b9e11-80da-403c-ae2f-e94d5a3f4f2b None None] ChassisMetadataAgentWriteEvent : Matched Chassis, create, None None {{(pid=138218) matches /opt/stack/neutron/neutron/plugins/ml2/drivers/ovn/mech_driver/ovsdb/ovsdb_monitor.py:62}}
Jul 28 18:47:04 ubuntu neutron-server[138218]: DEBUG neutron.plugins.ml2.drivers.ovn.mech_driver.ovsdb.ovsdb_monitor [None req-a10b9e11-80da-403c-ae2f-e94d5a3f4f2b None None] ChassisAgentWriteEvent : Matched Chassis, create, None None {{(pid=138218) matches /opt/stack/neutron/neutron/plugins/ml2/drivers/ovn/mech_driver/ovsdb/ovsdb_monitor.py:62}}
Jul 28 18:47:04 ubuntu neutron-server[138221]: INFO neutron.plugins.ml2.drivers.ovn.mech_driver.ovsdb.impl_idl_ovn [-] Getting OvsdbNbOvnIdl for RpcWorker with retry
Jul 28 18:47:04 ubuntu neutron-server[138011]: DEBUG oslo_service.service [None req-b696769d-f1f5-4a20-a76a-eed6d0bd2f3d None None] Started child 138222 {{(pid=138011) _start_child /usr/local/lib/python3.8/dist-packages/oslo_service/service.py:575}}
Jul 28 18:47:04 ubuntu neutron-server[138218]: INFO neutron.wsgi [-] (138218) wsgi starting up on http://0.0.0.0:9696
Jul 28 18:47:04 ubuntu neutron-server[138011]: INFO oslo_service.service [None req-b696769d-f1f5-4a20-a76a-eed6d0bd2f3d None None] Starting 1 workers
Jul 28 18:47:04 ubuntu neutron-server[138011]: DEBUG oslo_service.service [None req-b696769d-f1f5-4a20-a76a-eed6d0bd2f3d None None] Started child 138223 {{(pid=138011) _start_child /usr/local/lib/python3.8/dist-packages/oslo_service/service.py:575}}
