Jul 06 13:08:30 ubuntu neutron-server[119985]: DEBUG neutron.api.extensions [None req-ff5408f6-1c8f-4a5a-b5fa-4544ad0a8261 None None] Ext name="Trunk port details" alias="trunk-details" description="Expose trunk port details" updated="2016-01-01T10:00:00-00:00" {{(pid=119985) _check_extension /opt/stack/neutron/neutron/api/extensions.py:416}}
Jul 06 13:08:30 ubuntu neutron-server[119985]: INFO neutron.api.extensions [None req-ff5408f6-1c8f-4a5a-b5fa-4544ad0a8261 None None] Extension trunk-details not supported by any of loaded plugins
Jul 06 13:08:30 ubuntu neutron-server[119985]: DEBUG neutron.api.extensions [None req-ff5408f6-1c8f-4a5a-b5fa-4544ad0a8261 None None] Loading extension file: uplink_status_propagation.py {{(pid=119985) _load_all_extensions_from_path /opt/stack/neutron/neutron/api/extensions.py:450}}
Jul 06 13:08:30 ubuntu neutron-server[119985]: DEBUG neutron.api.extensions [None req-ff5408f6-1c8f-4a5a-b5fa-4544ad0a8261 None None] Ext name="Uplink status propagation extension" alias="uplink-status-propagation" description="Provides ability to propagate port uplink status." updated="2018-05-31T18:00:00-00:00" {{(pid=119985) _check_extension /opt/stack/neutron/neutron/api/extensions.py:416}}
Jul 06 13:08:30 ubuntu neutron-server[119985]: INFO neutron.api.extensions [None req-ff5408f6-1c8f-4a5a-b5fa-4544ad0a8261 None None] Extension uplink-status-propagation not supported by any of loaded plugins
Jul 06 13:08:30 ubuntu neutron-server[119985]: DEBUG neutron.api.extensions [None req-ff5408f6-1c8f-4a5a-b5fa-4544ad0a8261 None None] Loading extension file: vlantransparent.py {{(pid=119985) _load_all_extensions_from_path /opt/stack/neutron/neutron/api/extensions.py:450}}
Jul 06 13:08:30 ubuntu neutron-server[119985]: DEBUG neutron.api.extensions [None req-ff5408f6-1c8f-4a5a-b5fa-4544ad0a8261 None None] Ext name="Vlantransparent" alias="vlan-transparent" description="Provides Vlan Transparent Networks" updated="2015-03-23T09:00:00-00:00" {{(pid=119985) _check_extension /opt/stack/neutron/neutron/api/extensions.py:416}}
Jul 06 13:08:30 ubuntu neutron-server[119985]: INFO neutron.api.extensions [None req-ff5408f6-1c8f-4a5a-b5fa-4544ad0a8261 None None] Extension vlan-transparent not supported by any of loaded plugins
Jul 06 13:08:30 ubuntu neutron-server[119985]: INFO neutron.quota.resource_registry [None req-ff5408f6-1c8f-4a5a-b5fa-4544ad0a8261 None None] Creating instance of TrackedResource for resource:network
Jul 06 13:08:30 ubuntu neutron-server[119985]: INFO neutron.quota.resource_registry [None req-ff5408f6-1c8f-4a5a-b5fa-4544ad0a8261 None None] Creating instance of TrackedResource for resource:subnet
Jul 06 13:08:30 ubuntu neutron-server[119985]: INFO neutron.quota.resource_registry [None req-ff5408f6-1c8f-4a5a-b5fa-4544ad0a8261 None None] Creating instance of TrackedResource for resource:subnetpool
Jul 06 13:08:30 ubuntu neutron-server[119985]: INFO neutron.quota.resource_registry [None req-ff5408f6-1c8f-4a5a-b5fa-4544ad0a8261 None None] Creating instance of TrackedResource for resource:port
Jul 06 13:08:30 ubuntu neutron-server[119985]: DEBUG neutron.api.v2.resource_helper [None req-ff5408f6-1c8f-4a5a-b5fa-4544ad0a8261 None None] Service FLAVORS assigned prefix:  {{(pid=119985) build_resource_info /opt/stack/neutron/neutron/api/v2/resource_helper.py:77}}
Jul 06 13:08:30 ubuntu neutron-server[119985]: DEBUG neutron.api.v2.resource_helper [None req-ff5408f6-1c8f-4a5a-b5fa-4544ad0a8261 None None] Service L3_ROUTER_NAT assigned prefix:  {{(pid=119985) build_resource_info /opt/stack/neutron/neutron/api/v2/resource_helper.py:77}}
Jul 06 13:08:30 ubuntu neutron-server[119985]: DEBUG neutron.api.v2.resource_helper [None req-ff5408f6-1c8f-4a5a-b5fa-4544ad0a8261 None None] Service L3_ROUTER_NAT assigned prefix:  {{(pid=119985) build_resource_info /opt/stack/neutron/neutron/api/v2/resource_helper.py:77}}
Jul 06 13:08:30 ubuntu neutron-server[119985]: INFO neutron.quota.resource_registry [None req-ff5408f6-1c8f-4a5a-b5fa-4544ad0a8261 None None] Creating instance of TrackedResource for resource:router
Jul 06 13:08:30 ubuntu neutron-server[119985]: INFO neutron.quota.resource_registry [None req-ff5408f6-1c8f-4a5a-b5fa-4544ad0a8261 None None] Creating instance of TrackedResource for resource:floatingip
Jul 06 13:08:30 ubuntu neutron-server[119985]: DEBUG neutron_lib.callbacks.manager [None req-ff5408f6-1c8f-4a5a-b5fa-4544ad0a8261 None None] Subscribe: <bound method NeutronDbPluginV2.validate_network_rbac_policy_change of <neutron.services.network_ip_availability.plugin.NetworkIPAvailabilityPlugin object at 0x7ff3b0264e80>> rbac-policy before_create 55550000 {{(pid=119985) subscribe /usr/local/lib/python3.8/dist-packages/neutron_lib/callbacks/manager.py:45}}
Jul 06 13:08:30 ubuntu neutron-server[119985]: DEBUG neutron_lib.callbacks.manager [None req-ff5408f6-1c8f-4a5a-b5fa-4544ad0a8261 None None] Subscribe: <bound method NeutronDbPluginV2.validate_network_rbac_policy_change of <neutron.services.network_ip_availability.plugin.NetworkIPAvailabilityPlugin object at 0x7ff3b0264e80>> rbac-policy before_update 55550000 {{(pid=119985) subscribe /usr/local/lib/python3.8/dist-packages/neutron_lib/callbacks/manager.py:45}}
Jul 06 13:08:30 ubuntu neutron-server[119985]: DEBUG neutron_lib.callbacks.manager [None req-ff5408f6-1c8f-4a5a-b5fa-4544ad0a8261 None None] Subscribe: <bound method NeutronDbPluginV2.validate_network_rbac_policy_change of <neutron.services.network_ip_availability.plugin.NetworkIPAvailabilityPlugin object at 0x7ff3b0264e80>> rbac-policy before_delete 55550000 {{(pid=119985) subscribe /usr/local/lib/python3.8/dist-packages/neutron_lib/callbacks/manager.py:45}}
Jul 06 13:08:30 ubuntu neutron-server[119985]: INFO neutron.quota.resource_registry [None req-ff5408f6-1c8f-4a5a-b5fa-4544ad0a8261 None None] Creating instance of CountableResource for resource:rbac_policy
Jul 06 13:08:30 ubuntu neutron-server[119985]: INFO neutron.quota.resource_registry [None req-ff5408f6-1c8f-4a5a-b5fa-4544ad0a8261 None None] Creating instance of TrackedResource for resource:security_group
Jul 06 13:08:30 ubuntu neutron-server[119985]: INFO neutron.quota.resource_registry [None req-ff5408f6-1c8f-4a5a-b5fa-4544ad0a8261 None None] Creating instance of TrackedResource for resource:security_group_rule
Jul 06 13:08:30 ubuntu neutron-server[119985]: DEBUG neutron.api.v2.resource_helper [None req-ff5408f6-1c8f-4a5a-b5fa-4544ad0a8261 None None] Service FLAVORS assigned prefix:  {{(pid=119985) build_resource_info /opt/stack/neutron/neutron/api/v2/resource_helper.py:77}}
Jul 06 13:08:30 ubuntu neutron-server[119985]: DEBUG neutron.api.v2.resource_helper [None req-ff5408f6-1c8f-4a5a-b5fa-4544ad0a8261 None None] Service L3_ROUTER_NAT assigned prefix:  {{(pid=119985) build_resource_info /opt/stack/neutron/neutron/api/v2/resource_helper.py:77}}
Jul 06 13:08:30 ubuntu neutron-server[119985]: DEBUG neutron.api.v2.resource_helper [None req-ff5408f6-1c8f-4a5a-b5fa-4544ad0a8261 None None] Service L3_ROUTER_NAT assigned prefix:  {{(pid=119985) build_resource_info /opt/stack/neutron/neutron/api/v2/resource_helper.py:77}}
Jul 06 13:08:30 ubuntu neutron-server[119985]: INFO neutron.quota.resource_registry [None req-ff5408f6-1c8f-4a5a-b5fa-4544ad0a8261 None None] Creating instance of TrackedResource for resource:router
Jul 06 13:08:30 ubuntu neutron-server[119985]: WARNING neutron.quota.resource_registry [None req-ff5408f6-1c8f-4a5a-b5fa-4544ad0a8261 None None] router is already registered
Jul 06 13:08:30 ubuntu neutron-server[119985]: INFO neutron.quota.resource_registry [None req-ff5408f6-1c8f-4a5a-b5fa-4544ad0a8261 None None] Creating instance of TrackedResource for resource:floatingip
Jul 06 13:08:30 ubuntu neutron-server[119985]: WARNING neutron.quota.resource_registry [None req-ff5408f6-1c8f-4a5a-b5fa-4544ad0a8261 None None] floatingip is already registered
Jul 06 13:08:30 ubuntu neutron-server[119985]: INFO neutron.quota.resource_registry [None req-ff5408f6-1c8f-4a5a-b5fa-4544ad0a8261 None None] Creating instance of CountableResource for resource:rbac_policy
Jul 06 13:08:30 ubuntu neutron-server[119985]: WARNING neutron.quota.resource_registry [None req-ff5408f6-1c8f-4a5a-b5fa-4544ad0a8261 None None] rbac_policy is already registered
Jul 06 13:08:30 ubuntu neutron-server[119985]: INFO neutron.quota.resource_registry [None req-ff5408f6-1c8f-4a5a-b5fa-4544ad0a8261 None None] Creating instance of TrackedResource for resource:security_group
Jul 06 13:08:30 ubuntu neutron-server[119985]: WARNING neutron.quota.resource_registry [None req-ff5408f6-1c8f-4a5a-b5fa-4544ad0a8261 None None] security_group is already registered
Jul 06 13:08:30 ubuntu neutron-server[119985]: INFO neutron.quota.resource_registry [None req-ff5408f6-1c8f-4a5a-b5fa-4544ad0a8261 None None] Creating instance of TrackedResource for resource:security_group_rule
Jul 06 13:08:30 ubuntu neutron-server[119985]: WARNING neutron.quota.resource_registry [None req-ff5408f6-1c8f-4a5a-b5fa-4544ad0a8261 None None] security_group_rule is already registered
Jul 06 13:08:30 ubuntu neutron-server[119985]: DEBUG neutron.api.extensions [None req-ff5408f6-1c8f-4a5a-b5fa-4544ad0a8261 None None] Extended resource: extensions {{(pid=119985) __init__ /opt/stack/neutron/neutron/api/extensions.py:157}}
Jul 06 13:08:30 ubuntu neutron-server[119985]: DEBUG neutron.api.extensions [None req-ff5408f6-1c8f-4a5a-b5fa-4544ad0a8261 None None] Extended resource: address-groups {{(pid=119985) __init__ /opt/stack/neutron/neutron/api/extensions.py:157}}
Jul 06 13:08:30 ubuntu neutron-server[119985]: DEBUG neutron.api.extensions [None req-ff5408f6-1c8f-4a5a-b5fa-4544ad0a8261 None None] Extended resource: address-scopes {{(pid=119985) __init__ /opt/stack/neutron/neutron/api/extensions.py:157}}
Jul 06 13:08:30 ubuntu neutron-server[119985]: DEBUG neutron.api.extensions [None req-ff5408f6-1c8f-4a5a-b5fa-4544ad0a8261 None None] Extended resource: agents {{(pid=119985) __init__ /opt/stack/neutron/neutron/api/extensions.py:157}}
Jul 06 13:08:30 ubuntu neutron-server[119985]: DEBUG neutron.api.extensions [None req-ff5408f6-1c8f-4a5a-b5fa-4544ad0a8261 None None] Extended resource: auto-allocated-topology {{(pid=119985) __init__ /opt/stack/neutron/neutron/api/extensions.py:157}}
Jul 06 13:08:30 ubuntu neutron-server[119985]: DEBUG neutron.api.extensions [None req-ff5408f6-1c8f-4a5a-b5fa-4544ad0a8261 None None] Extended resource: availability_zones {{(pid=119985) __init__ /opt/stack/neutron/neutron/api/extensions.py:157}}
Jul 06 13:08:30 ubuntu neutron-server[119985]: DEBUG neutron.api.extensions [None req-ff5408f6-1c8f-4a5a-b5fa-4544ad0a8261 None None] Extended resource: flavors {{(pid=119985) __init__ /opt/stack/neutron/neutron/api/extensions.py:157}}
Jul 06 13:08:30 ubuntu neutron-server[119985]: DEBUG neutron.api.extensions [None req-ff5408f6-1c8f-4a5a-b5fa-4544ad0a8261 None None] Extended resource: service_profiles {{(pid=119985) __init__ /opt/stack/neutron/neutron/api/extensions.py:157}}
Jul 06 13:08:30 ubuntu neutron-server[119985]: DEBUG neutron.api.extensions [None req-ff5408f6-1c8f-4a5a-b5fa-4544ad0a8261 None None] Extended resource: next_providers {{(pid=119985) __init__ /opt/stack/neutron/neutron/api/extensions.py:157}}
Jul 06 13:08:30 ubuntu neutron-server[119985]: DEBUG neutron.api.extensions [None req-ff5408f6-1c8f-4a5a-b5fa-4544ad0a8261 None None] Extended resource: service_profiles {{(pid=119985) __init__ /opt/stack/neutron/neutron/api/extensions.py:157}}
Jul 06 13:08:30 ubuntu neutron-server[119985]: DEBUG neutron.api.extensions [None req-ff5408f6-1c8f-4a5a-b5fa-4544ad0a8261 None None] Extended resource: floatingip-pools {{(pid=119985) __init__ /opt/stack/neutron/neutron/api/extensions.py:157}}
Jul 06 13:08:30 ubuntu neutron-server[119985]: DEBUG neutron.api.extensions [None req-ff5408f6-1c8f-4a5a-b5fa-4544ad0a8261 None None] Extended resource: routers {{(pid=119985) __init__ /opt/stack/neutron/neutron/api/extensions.py:157}}
Jul 06 13:08:30 ubuntu neutron-server[119985]: DEBUG neutron.api.extensions [None req-ff5408f6-1c8f-4a5a-b5fa-4544ad0a8261 None None] Extended resource: floatingips {{(pid=119985) __init__ /opt/stack/neutron/neutron/api/extensions.py:157}}
Jul 06 13:08:30 ubuntu neutron-server[119985]: DEBUG neutron.api.extensions [None req-ff5408f6-1c8f-4a5a-b5fa-4544ad0a8261 None None] Extended resource: network-ip-availabilities {{(pid=119985) __init__ /opt/stack/neutron/neutron/api/extensions.py:157}}
Jul 06 13:08:30 ubuntu neutron-server[119985]: DEBUG neutron.api.extensions [None req-ff5408f6-1c8f-4a5a-b5fa-4544ad0a8261 None None] Extended resource: bindings {{(pid=119985) __init__ /opt/stack/neutron/neutron/api/extensions.py:157}}
Jul 06 13:08:30 ubuntu neutron-server[119985]: DEBUG neutron.api.extensions [None req-ff5408f6-1c8f-4a5a-b5fa-4544ad0a8261 None None] Extended resource: quotas {{(pid=119985) __init__ /opt/stack/neutron/neutron/api/extensions.py:157}}
Jul 06 13:08:30 ubuntu neutron-server[119985]: DEBUG neutron.api.extensions [None req-ff5408f6-1c8f-4a5a-b5fa-4544ad0a8261 None None] Extended resource: quotas {{(pid=119985) __init__ /opt/stack/neutron/neutron/api/extensions.py:157}}
Jul 06 13:08:30 ubuntu neutron-server[119985]: DEBUG neutron.api.extensions [None req-ff5408f6-1c8f-4a5a-b5fa-4544ad0a8261 None None] Extended resource: rbac-policies {{(pid=119985) __init__ /opt/stack/neutron/neutron/api/extensions.py:157}}
Jul 06 13:08:30 ubuntu neutron-server[119985]: DEBUG neutron.api.extensions [None req-ff5408f6-1c8f-4a5a-b5fa-4544ad0a8261 None None] Extended resource: security-groups {{(pid=119985) __init__ /opt/stack/neutron/neutron/api/extensions.py:157}}
Jul 06 13:08:30 ubuntu neutron-server[119985]: DEBUG neutron.api.extensions [None req-ff5408f6-1c8f-4a5a-b5fa-4544ad0a8261 None None] Extended resource: security-group-rules {{(pid=119985) __init__ /opt/stack/neutron/neutron/api/extensions.py:157}}
Jul 06 13:08:30 ubuntu neutron-server[119985]: DEBUG neutron.api.extensions [None req-ff5408f6-1c8f-4a5a-b5fa-4544ad0a8261 None None] Extended resource: service-providers {{(pid=119985) __init__ /opt/stack/neutron/neutron/api/extensions.py:157}}
Jul 06 13:08:30 ubuntu neutron-server[119985]: DEBUG neutron.api.extensions [None req-ff5408f6-1c8f-4a5a-b5fa-4544ad0a8261 None None] Extended resource: tags {{(pid=119985) __init__ /opt/stack/neutron/neutron/api/extensions.py:157}}
Jul 06 13:08:30 ubuntu neutron-server[119985]: DEBUG neutron.api.extensions [None req-ff5408f6-1c8f-4a5a-b5fa-4544ad0a8261 None None] Extended resource: tags {{(pid=119985) __init__ /opt/stack/neutron/neutron/api/extensions.py:157}}
Jul 06 13:08:30 ubuntu neutron-server[119985]: DEBUG neutron.api.extensions [None req-ff5408f6-1c8f-4a5a-b5fa-4544ad0a8261 None None] Extended resource: tags {{(pid=119985) __init__ /opt/stack/neutron/neutron/api/extensions.py:157}}
Jul 06 13:08:30 ubuntu neutron-server[119985]: DEBUG neutron.api.extensions [None req-ff5408f6-1c8f-4a5a-b5fa-4544ad0a8261 None None] Extended resource: tags {{(pid=119985) __init__ /opt/stack/neutron/neutron/api/extensions.py:157}}
Jul 06 13:08:30 ubuntu neutron-server[119985]: DEBUG neutron.api.extensions [None req-ff5408f6-1c8f-4a5a-b5fa-4544ad0a8261 None None] Extended resource: tags {{(pid=119985) __init__ /opt/stack/neutron/neutron/api/extensions.py:157}}
Jul 06 13:08:30 ubuntu neutron-server[119985]: DEBUG neutron.api.extensions [None req-ff5408f6-1c8f-4a5a-b5fa-4544ad0a8261 None None] Extended resource: tags {{(pid=119985) __init__ /opt/stack/neutron/neutron/api/extensions.py:157}}
Jul 06 13:08:30 ubuntu neutron-server[119985]: DEBUG neutron.api.extensions [None req-ff5408f6-1c8f-4a5a-b5fa-4544ad0a8261 None None] Extended resource: tags {{(pid=119985) __init__ /opt/stack/neutron/neutron/api/extensions.py:157}}
Jul 06 13:08:30 ubuntu neutron-server[119985]: DEBUG neutron.api.extensions [None req-ff5408f6-1c8f-4a5a-b5fa-4544ad0a8261 None None] Extended resource: tags {{(pid=119985) __init__ /opt/stack/neutron/neutron/api/extensions.py:157}}
Jul 06 13:08:30 ubuntu neutron-server[119985]: DEBUG neutron.api.extensions [None req-ff5408f6-1c8f-4a5a-b5fa-4544ad0a8261 None None] Extended resource: tags {{(pid=119985) __init__ /opt/stack/neutron/neutron/api/extensions.py:157}}
Jul 06 13:08:30 ubuntu neutron-server[119985]: DEBUG neutron.api.extensions [None req-ff5408f6-1c8f-4a5a-b5fa-4544ad0a8261 None None] Extended resource: tags {{(pid=119985) __init__ /opt/stack/neutron/neutron/api/extensions.py:157}}
Jul 06 13:08:30 ubuntu neutron-server[119985]: WARNING keystonemiddleware.auth_token [None req-ff5408f6-1c8f-4a5a-b5fa-4544ad0a8261 None None] AuthToken middleware is set with keystone_authtoken.service_token_roles_required set to False. This is backwards compatible but deprecated behaviour. Please set this to True.
Jul 06 13:08:30 ubuntu neutron-server[119985]: WARNING keystonemiddleware.auth_token [None req-ff5408f6-1c8f-4a5a-b5fa-4544ad0a8261 None None] Configuring www_authenticate_uri to point to the public identity endpoint is required; clients may not be able to authenticate against an admin endpoint
Jul 06 13:08:30 ubuntu neutron-server[119985]: DEBUG oslo_concurrency.lockutils [None req-ff5408f6-1c8f-4a5a-b5fa-4544ad0a8261 None None] Acquired lock "singleton_lock" {{(pid=119985) lock /usr/local/lib/python3.8/dist-packages/oslo_concurrency/lockutils.py:294}}
Jul 06 13:08:30 ubuntu neutron-server[119985]: DEBUG oslo_concurrency.lockutils [None req-ff5408f6-1c8f-4a5a-b5fa-4544ad0a8261 None None] Releasing lock "singleton_lock" {{(pid=119985) lock /usr/local/lib/python3.8/dist-packages/oslo_concurrency/lockutils.py:312}}
Jul 06 13:08:30 ubuntu neutron-server[119985]: INFO oslo_service.service [None req-ff5408f6-1c8f-4a5a-b5fa-4544ad0a8261 None None] Starting 2 workers
Jul 06 13:08:30 ubuntu neutron-server[119985]: DEBUG oslo_service.service [None req-ff5408f6-1c8f-4a5a-b5fa-4544ad0a8261 None None] Started child 120196 {{(pid=119985) _start_child /usr/local/lib/python3.8/dist-packages/oslo_service/service.py:575}}
Jul 06 13:08:30 ubuntu neutron-server[119985]: DEBUG oslo_service.service [None req-ff5408f6-1c8f-4a5a-b5fa-4544ad0a8261 None None] Started child 120197 {{(pid=119985) _start_child /usr/local/lib/python3.8/dist-packages/oslo_service/service.py:575}}
Jul 06 13:08:30 ubuntu neutron-server[120196]: DEBUG neutron_lib.callbacks.manager [-] Publish callbacks ['neutron.plugins.ml2.drivers.ovn.mech_driver.mech_driver.OVNMechanismDriver.post_fork_initialize-441516'] for process (None), after_init {{(pid=120196) _notify_loop /usr/local/lib/python3.8/dist-packages/neutron_lib/callbacks/manager.py:176}}
Jul 06 13:08:30 ubuntu neutron-server[119985]: INFO neutron.service [None req-ff5408f6-1c8f-4a5a-b5fa-4544ad0a8261 None None] Neutron service started, listening on 0.0.0.0:9696
Jul 06 13:08:30 ubuntu neutron-server[119985]: DEBUG neutron_lib.callbacks.manager [None req-ff5408f6-1c8f-4a5a-b5fa-4544ad0a8261 None None] Publish callbacks ['neutron.plugins.ml2.drivers.ovn.mech_driver.mech_driver.OVNMechanismDriver.pre_fork_initialize-441552'] for process (None), before_spawn {{(pid=119985) _notify_loop /usr/local/lib/python3.8/dist-packages/neutron_lib/callbacks/manager.py:176}}
Jul 06 13:08:30 ubuntu neutron-server[120197]: DEBUG neutron_lib.callbacks.manager [-] Publish callbacks ['neutron.plugins.ml2.drivers.ovn.mech_driver.mech_driver.OVNMechanismDriver.post_fork_initialize-441516'] for process (None), after_init {{(pid=120197) _notify_loop /usr/local/lib/python3.8/dist-packages/neutron_lib/callbacks/manager.py:176}}
Jul 06 13:08:30 ubuntu neutron-server[120196]: DEBUG dbcounter [-] [120196] Writer thread running {{(pid=120196) stat_writer /usr/local/lib/python3.8/dist-packages/dbcounter.py:99}}
Jul 06 13:08:30 ubuntu neutron-server[120197]: DEBUG dbcounter [-] [120197] Writer thread running {{(pid=120197) stat_writer /usr/local/lib/python3.8/dist-packages/dbcounter.py:99}}
Jul 06 13:08:30 ubuntu neutron-server[119985]: DEBUG ovsdbapp.backend.ovs_idl [None req-ff5408f6-1c8f-4a5a-b5fa-4544ad0a8261 None None] Created schema index Port_Group.name {{(pid=119985) autocreate_indices /usr/local/lib/python3.8/dist-packages/ovsdbapp/backend/ovs_idl/__init__.py:104}}
Jul 06 13:08:30 ubuntu neutron-server[119985]: DEBUG ovsdbapp.backend.ovs_idl [None req-ff5408f6-1c8f-4a5a-b5fa-4544ad0a8261 None None] Created schema index Logical_Switch_Port.name {{(pid=119985) autocreate_indices /usr/local/lib/python3.8/dist-packages/ovsdbapp/backend/ovs_idl/__init__.py:104}}
Jul 06 13:08:30 ubuntu neutron-server[119985]: DEBUG ovsdbapp.backend.ovs_idl.transaction [-] Running txn n=1 command(idx=0): PgAddCommand(name=neutron_pg_drop, may_exist=True, columns={'acls': []}) {{(pid=119985) do_commit /usr/local/lib/python3.8/dist-packages/ovsdbapp/backend/ovs_idl/transaction.py:90}}
Jul 06 13:08:30 ubuntu neutron-server[119985]: DEBUG ovsdbapp.backend.ovs_idl.transaction [-] Running txn n=1 command(idx=1): PgAclAddCommand(entity=neutron_pg_drop, direction=from-lport, priority=1001, match=inport == @neutron_pg_drop && ip, action=drop, log=False, may_exist=True, severity=[], name=[], meter=None, external_ids={}) {{(pid=119985) do_commit /usr/local/lib/python3.8/dist-packages/ovsdbapp/backend/ovs_idl/transaction.py:90}}
Jul 06 13:08:30 ubuntu neutron-server[119985]: DEBUG ovsdbapp.backend.ovs_idl.transaction [-] Running txn n=1 command(idx=2): PgAclAddCommand(entity=neutron_pg_drop, direction=to-lport, priority=1001, match=outport == @neutron_pg_drop && ip, action=drop, log=False, may_exist=True, severity=[], name=[], meter=None, external_ids={}) {{(pid=119985) do_commit /usr/local/lib/python3.8/dist-packages/ovsdbapp/backend/ovs_idl/transaction.py:90}}
Jul 06 13:08:30 ubuntu neutron-server[119985]: DEBUG ovsdbapp.backend.ovs_idl.event [-] Matched CREATE: NeutronPgDropPortGroupCreated(events=('create',), table='Port_Group', conditions=(('name', '=', 'neutron_pg_drop'),), old_conditions=None), priority=10 to row=Port_Group(name=neutron_pg_drop, ports=[], external_ids={}, acls=[<ovs.db.idl.Row object at 0x7ff3afa79dc0>, <ovs.db.idl.Row object at 0x7ff3afa613a0>]) old= {{(pid=119985) matches /usr/local/lib/python3.8/dist-packages/ovsdbapp/backend/ovs_idl/event.py:43}}
Jul 06 13:08:30 ubuntu neutron-server[120197]: INFO neutron.plugins.ml2.drivers.ovn.mech_driver.ovsdb.impl_idl_ovn [None req-35add3db-f777-461e-94f1-b889fc170c5f None None] Getting OvsdbNbOvnIdl for WorkerService with retry
Jul 06 13:08:30 ubuntu neutron-server[120196]: INFO neutron.plugins.ml2.drivers.ovn.mech_driver.ovsdb.impl_idl_ovn [None req-2edbb0d7-e202-48d3-8ede-e53399aa22bc None None] Getting OvsdbNbOvnIdl for WorkerService with retry
Jul 06 13:08:30 ubuntu neutron-server[119985]: DEBUG ovsdbapp.backend.ovs_idl [None req-ff5408f6-1c8f-4a5a-b5fa-4544ad0a8261 None None] Created lookup_table index Logical_Switch.name {{(pid=119985) autocreate_indices /usr/local/lib/python3.8/dist-packages/ovsdbapp/backend/ovs_idl/__init__.py:85}}
Jul 06 13:08:30 ubuntu neutron-server[119985]: DEBUG ovsdbapp.backend.ovs_idl [None req-ff5408f6-1c8f-4a5a-b5fa-4544ad0a8261 None None] Created lookup_table index Logical_Router.name {{(pid=119985) autocreate_indices /usr/local/lib/python3.8/dist-packages/ovsdbapp/backend/ovs_idl/__init__.py:85}}
Jul 06 13:08:30 ubuntu neutron-server[119985]: DEBUG ovsdbapp.backend.ovs_idl [None req-ff5408f6-1c8f-4a5a-b5fa-4544ad0a8261 None None] Created lookup_table index Load_Balancer.name {{(pid=119985) autocreate_indices /usr/local/lib/python3.8/dist-packages/ovsdbapp/backend/ovs_idl/__init__.py:85}}
Jul 06 13:08:30 ubuntu neutron-server[119985]: DEBUG ovsdbapp.backend.ovs_idl [None req-ff5408f6-1c8f-4a5a-b5fa-4544ad0a8261 None None] Created schema index Meter.name {{(pid=119985) autocreate_indices /usr/local/lib/python3.8/dist-packages/ovsdbapp/backend/ovs_idl/__init__.py:104}}
Jul 06 13:08:30 ubuntu neutron-server[119985]: DEBUG ovsdbapp.backend.ovs_idl [None req-ff5408f6-1c8f-4a5a-b5fa-4544ad0a8261 None None] Created schema index Address_Set.name {{(pid=119985) autocreate_indices /usr/local/lib/python3.8/dist-packages/ovsdbapp/backend/ovs_idl/__init__.py:104}}
Jul 06 13:08:30 ubuntu neutron-server[119985]: DEBUG ovsdbapp.backend.ovs_idl [None req-ff5408f6-1c8f-4a5a-b5fa-4544ad0a8261 None None] Created schema index HA_Chassis_Group.name {{(pid=119985) autocreate_indices /usr/local/lib/python3.8/dist-packages/ovsdbapp/backend/ovs_idl/__init__.py:104}}
Jul 06 13:08:30 ubuntu neutron-server[119985]: DEBUG ovsdbapp.backend.ovs_idl [None req-ff5408f6-1c8f-4a5a-b5fa-4544ad0a8261 None None] Created schema index Connection.target {{(pid=119985) autocreate_indices /usr/local/lib/python3.8/dist-packages/ovsdbapp/backend/ovs_idl/__init__.py:104}}
Jul 06 13:08:30 ubuntu neutron-server[119985]: DEBUG ovsdbapp.backend.ovs_idl [None req-ff5408f6-1c8f-4a5a-b5fa-4544ad0a8261 None None] Created schema index Gateway_Chassis.name {{(pid=119985) autocreate_indices /usr/local/lib/python3.8/dist-packages/ovsdbapp/backend/ovs_idl/__init__.py:104}}
Jul 06 13:08:30 ubuntu neutron-server[119985]: DEBUG ovsdbapp.backend.ovs_idl [None req-ff5408f6-1c8f-4a5a-b5fa-4544ad0a8261 None None] Created schema index Logical_Router_Port.name {{(pid=119985) autocreate_indices /usr/local/lib/python3.8/dist-packages/ovsdbapp/backend/ovs_idl/__init__.py:104}}
Jul 06 13:08:30 ubuntu neutron-server[119985]: DEBUG ovsdbapp.backend.ovs_idl [None req-ff5408f6-1c8f-4a5a-b5fa-4544ad0a8261 None None] Created schema index Port_Group.name {{(pid=119985) autocreate_indices /usr/local/lib/python3.8/dist-packages/ovsdbapp/backend/ovs_idl/__init__.py:104}}
Jul 06 13:08:30 ubuntu neutron-server[119985]: DEBUG ovsdbapp.backend.ovs_idl [None req-ff5408f6-1c8f-4a5a-b5fa-4544ad0a8261 None None] Created schema index Logical_Switch_Port.name {{(pid=119985) autocreate_indices /usr/local/lib/python3.8/dist-packages/ovsdbapp/backend/ovs_idl/__init__.py:104}}
Jul 06 13:08:30 ubuntu neutron-server[120197]: DEBUG ovsdbapp.backend.ovs_idl [None req-35add3db-f777-461e-94f1-b889fc170c5f None None] Created lookup_table index Logical_Switch.name {{(pid=120197) autocreate_indices /usr/local/lib/python3.8/dist-packages/ovsdbapp/backend/ovs_idl/__init__.py:85}}
Jul 06 13:08:30 ubuntu neutron-server[120197]: DEBUG ovsdbapp.backend.ovs_idl [None req-35add3db-f777-461e-94f1-b889fc170c5f None None] Created lookup_table index Logical_Router.name {{(pid=120197) autocreate_indices /usr/local/lib/python3.8/dist-packages/ovsdbapp/backend/ovs_idl/__init__.py:85}}
Jul 06 13:08:30 ubuntu neutron-server[120197]: DEBUG ovsdbapp.backend.ovs_idl [None req-35add3db-f777-461e-94f1-b889fc170c5f None None] Created lookup_table index Load_Balancer.name {{(pid=120197) autocreate_indices /usr/local/lib/python3.8/dist-packages/ovsdbapp/backend/ovs_idl/__init__.py:85}}
Jul 06 13:08:30 ubuntu neutron-server[120197]: DEBUG ovsdbapp.backend.ovs_idl [None req-35add3db-f777-461e-94f1-b889fc170c5f None None] Created schema index Meter.name {{(pid=120197) autocreate_indices /usr/local/lib/python3.8/dist-packages/ovsdbapp/backend/ovs_idl/__init__.py:104}}
Jul 06 13:08:30 ubuntu neutron-server[120197]: DEBUG ovsdbapp.backend.ovs_idl [None req-35add3db-f777-461e-94f1-b889fc170c5f None None] Created schema index Address_Set.name {{(pid=120197) autocreate_indices /usr/local/lib/python3.8/dist-packages/ovsdbapp/backend/ovs_idl/__init__.py:104}}
Jul 06 13:08:30 ubuntu neutron-server[120197]: DEBUG ovsdbapp.backend.ovs_idl [None req-35add3db-f777-461e-94f1-b889fc170c5f None None] Created schema index HA_Chassis_Group.name {{(pid=120197) autocreate_indices /usr/local/lib/python3.8/dist-packages/ovsdbapp/backend/ovs_idl/__init__.py:104}}
Jul 06 13:08:30 ubuntu neutron-server[120197]: DEBUG ovsdbapp.backend.ovs_idl [None req-35add3db-f777-461e-94f1-b889fc170c5f None None] Created schema index Connection.target {{(pid=120197) autocreate_indices /usr/local/lib/python3.8/dist-packages/ovsdbapp/backend/ovs_idl/__init__.py:104}}
Jul 06 13:08:30 ubuntu neutron-server[120197]: DEBUG ovsdbapp.backend.ovs_idl [None req-35add3db-f777-461e-94f1-b889fc170c5f None None] Created schema index Gateway_Chassis.name {{(pid=120197) autocreate_indices /usr/local/lib/python3.8/dist-packages/ovsdbapp/backend/ovs_idl/__init__.py:104}}
Jul 06 13:08:30 ubuntu neutron-server[120197]: DEBUG ovsdbapp.backend.ovs_idl [None req-35add3db-f777-461e-94f1-b889fc170c5f None None] Created schema index Logical_Router_Port.name {{(pid=120197) autocreate_indices /usr/local/lib/python3.8/dist-packages/ovsdbapp/backend/ovs_idl/__init__.py:104}}
Jul 06 13:08:30 ubuntu neutron-server[120197]: DEBUG ovsdbapp.backend.ovs_idl [None req-35add3db-f777-461e-94f1-b889fc170c5f None None] Created schema index Port_Group.name {{(pid=120197) autocreate_indices /usr/local/lib/python3.8/dist-packages/ovsdbapp/backend/ovs_idl/__init__.py:104}}
Jul 06 13:08:30 ubuntu neutron-server[120197]: DEBUG ovsdbapp.backend.ovs_idl [None req-35add3db-f777-461e-94f1-b889fc170c5f None None] Created schema index Logical_Switch_Port.name {{(pid=120197) autocreate_indices /usr/local/lib/python3.8/dist-packages/ovsdbapp/backend/ovs_idl/__init__.py:104}}
Jul 06 13:08:30 ubuntu neutron-server[120197]: INFO ovsdbapp.backend.ovs_idl.vlog [None req-35add3db-f777-461e-94f1-b889fc170c5f None None] tcp:192.168.79.47:6641: connecting...
Jul 06 13:08:30 ubuntu neutron-server[120197]: INFO ovsdbapp.backend.ovs_idl.vlog [None req-35add3db-f777-461e-94f1-b889fc170c5f None None] tcp:192.168.79.47:6641: connected
Jul 06 13:08:30 ubuntu neutron-server[120196]: DEBUG ovsdbapp.backend.ovs_idl [None req-2edbb0d7-e202-48d3-8ede-e53399aa22bc None None] Created lookup_table index Logical_Switch.name {{(pid=120196) autocreate_indices /usr/local/lib/python3.8/dist-packages/ovsdbapp/backend/ovs_idl/__init__.py:85}}
Jul 06 13:08:30 ubuntu neutron-server[120196]: DEBUG ovsdbapp.backend.ovs_idl [None req-2edbb0d7-e202-48d3-8ede-e53399aa22bc None None] Created lookup_table index Logical_Router.name {{(pid=120196) autocreate_indices /usr/local/lib/python3.8/dist-packages/ovsdbapp/backend/ovs_idl/__init__.py:85}}
Jul 06 13:08:30 ubuntu neutron-server[120196]: DEBUG ovsdbapp.backend.ovs_idl [None req-2edbb0d7-e202-48d3-8ede-e53399aa22bc None None] Created lookup_table index Load_Balancer.name {{(pid=120196) autocreate_indices /usr/local/lib/python3.8/dist-packages/ovsdbapp/backend/ovs_idl/__init__.py:85}}
Jul 06 13:08:30 ubuntu neutron-server[120196]: DEBUG ovsdbapp.backend.ovs_idl [None req-2edbb0d7-e202-48d3-8ede-e53399aa22bc None None] Created schema index Meter.name {{(pid=120196) autocreate_indices /usr/local/lib/python3.8/dist-packages/ovsdbapp/backend/ovs_idl/__init__.py:104}}
Jul 06 13:08:30 ubuntu neutron-server[120196]: DEBUG ovsdbapp.backend.ovs_idl [None req-2edbb0d7-e202-48d3-8ede-e53399aa22bc None None] Created schema index Address_Set.name {{(pid=120196) autocreate_indices /usr/local/lib/python3.8/dist-packages/ovsdbapp/backend/ovs_idl/__init__.py:104}}
Jul 06 13:08:30 ubuntu neutron-server[120196]: DEBUG ovsdbapp.backend.ovs_idl [None req-2edbb0d7-e202-48d3-8ede-e53399aa22bc None None] Created schema index HA_Chassis_Group.name {{(pid=120196) autocreate_indices /usr/local/lib/python3.8/dist-packages/ovsdbapp/backend/ovs_idl/__init__.py:104}}
Jul 06 13:08:30 ubuntu neutron-server[120196]: DEBUG ovsdbapp.backend.ovs_idl [None req-2edbb0d7-e202-48d3-8ede-e53399aa22bc None None] Created schema index Connection.target {{(pid=120196) autocreate_indices /usr/local/lib/python3.8/dist-packages/ovsdbapp/backend/ovs_idl/__init__.py:104}}
Jul 06 13:08:30 ubuntu neutron-server[120196]: DEBUG ovsdbapp.backend.ovs_idl [None req-2edbb0d7-e202-48d3-8ede-e53399aa22bc None None] Created schema index Gateway_Chassis.name {{(pid=120196) autocreate_indices /usr/local/lib/python3.8/dist-packages/ovsdbapp/backend/ovs_idl/__init__.py:104}}
Jul 06 13:08:30 ubuntu neutron-server[120196]: DEBUG ovsdbapp.backend.ovs_idl [None req-2edbb0d7-e202-48d3-8ede-e53399aa22bc None None] Created schema index Logical_Router_Port.name {{(pid=120196) autocreate_indices /usr/local/lib/python3.8/dist-packages/ovsdbapp/backend/ovs_idl/__init__.py:104}}
Jul 06 13:08:30 ubuntu neutron-server[120196]: DEBUG ovsdbapp.backend.ovs_idl [None req-2edbb0d7-e202-48d3-8ede-e53399aa22bc None None] Created schema index Port_Group.name {{(pid=120196) autocreate_indices /usr/local/lib/python3.8/dist-packages/ovsdbapp/backend/ovs_idl/__init__.py:104}}
Jul 06 13:08:30 ubuntu neutron-server[120196]: DEBUG ovsdbapp.backend.ovs_idl [None req-2edbb0d7-e202-48d3-8ede-e53399aa22bc None None] Created schema index Logical_Switch_Port.name {{(pid=120196) autocreate_indices /usr/local/lib/python3.8/dist-packages/ovsdbapp/backend/ovs_idl/__init__.py:104}}
Jul 06 13:08:30 ubuntu neutron-server[120196]: INFO ovsdbapp.backend.ovs_idl.vlog [None req-2edbb0d7-e202-48d3-8ede-e53399aa22bc None None] tcp:192.168.79.47:6641: connecting...
Jul 06 13:08:30 ubuntu neutron-server[120196]: INFO ovsdbapp.backend.ovs_idl.vlog [None req-2edbb0d7-e202-48d3-8ede-e53399aa22bc None None] tcp:192.168.79.47:6641: connected
Jul 06 13:08:30 ubuntu neutron-server[119985]: DEBUG ovsdbapp.backend.ovs_idl [None req-ff5408f6-1c8f-4a5a-b5fa-4544ad0a8261 None None] Created lookup_table index Chassis.name {{(pid=119985) autocreate_indices /usr/local/lib/python3.8/dist-packages/ovsdbapp/backend/ovs_idl/__init__.py:85}}
Jul 06 13:08:30 ubuntu neutron-server[119985]: DEBUG ovsdbapp.backend.ovs_idl [None req-ff5408f6-1c8f-4a5a-b5fa-4544ad0a8261 None None] Created lookup_table index MAC_Binding.ip {{(pid=119985) autocreate_indices /usr/local/lib/python3.8/dist-packages/ovsdbapp/backend/ovs_idl/__init__.py:85}}
Jul 06 13:08:30 ubuntu neutron-server[119985]: DEBUG ovsdbapp.backend.ovs_idl [None req-ff5408f6-1c8f-4a5a-b5fa-4544ad0a8261 None None] Created schema index Meter.name {{(pid=119985) autocreate_indices /usr/local/lib/python3.8/dist-packages/ovsdbapp/backend/ovs_idl/__init__.py:104}}
Jul 06 13:08:30 ubuntu neutron-server[119985]: DEBUG ovsdbapp.backend.ovs_idl [None req-ff5408f6-1c8f-4a5a-b5fa-4544ad0a8261 None None] Created schema index Address_Set.name {{(pid=119985) autocreate_indices /usr/local/lib/python3.8/dist-packages/ovsdbapp/backend/ovs_idl/__init__.py:104}}
Jul 06 13:08:30 ubuntu neutron-server[119985]: DEBUG ovsdbapp.backend.ovs_idl [None req-ff5408f6-1c8f-4a5a-b5fa-4544ad0a8261 None None] Created schema index HA_Chassis_Group.name {{(pid=119985) autocreate_indices /usr/local/lib/python3.8/dist-packages/ovsdbapp/backend/ovs_idl/__init__.py:104}}
Jul 06 13:08:30 ubuntu neutron-server[119985]: DEBUG ovsdbapp.backend.ovs_idl [None req-ff5408f6-1c8f-4a5a-b5fa-4544ad0a8261 None None] Created schema index IP_Multicast.datapath {{(pid=119985) autocreate_indices /usr/local/lib/python3.8/dist-packages/ovsdbapp/backend/ovs_idl/__init__.py:104}}
Jul 06 13:08:30 ubuntu neutron-server[119985]: DEBUG ovsdbapp.backend.ovs_idl [None req-ff5408f6-1c8f-4a5a-b5fa-4544ad0a8261 None None] Created schema index Connection.target {{(pid=119985) autocreate_indices /usr/local/lib/python3.8/dist-packages/ovsdbapp/backend/ovs_idl/__init__.py:104}}
Jul 06 13:08:30 ubuntu neutron-server[119985]: DEBUG ovsdbapp.backend.ovs_idl [None req-ff5408f6-1c8f-4a5a-b5fa-4544ad0a8261 None None] Created schema index Gateway_Chassis.name {{(pid=119985) autocreate_indices /usr/local/lib/python3.8/dist-packages/ovsdbapp/backend/ovs_idl/__init__.py:104}}
Jul 06 13:08:30 ubuntu neutron-server[119985]: DEBUG ovsdbapp.backend.ovs_idl [None req-ff5408f6-1c8f-4a5a-b5fa-4544ad0a8261 None None] Created schema index Port_Group.name {{(pid=119985) autocreate_indices /usr/local/lib/python3.8/dist-packages/ovsdbapp/backend/ovs_idl/__init__.py:104}}
Jul 06 13:08:30 ubuntu neutron-server[119985]: DEBUG ovsdbapp.backend.ovs_idl [None req-ff5408f6-1c8f-4a5a-b5fa-4544ad0a8261 None None] Created schema index Datapath_Binding.tunnel_key {{(pid=119985) autocreate_indices /usr/local/lib/python3.8/dist-packages/ovsdbapp/backend/ovs_idl/__init__.py:104}}
Jul 06 13:08:30 ubuntu neutron-server[120197]: DEBUG neutron.common.ovn.hash_ring_manager [None req-35add3db-f777-461e-94f1-b889fc170c5f None None] Allow caching, nodes 2>=2 {{(pid=120197) _wait_startup_before_caching /opt/stack/neutron/neutron/common/ovn/hash_ring_manager.py:60}}
Jul 06 13:08:30 ubuntu neutron-server[120196]: DEBUG neutron.common.ovn.hash_ring_manager [None req-2edbb0d7-e202-48d3-8ede-e53399aa22bc None None] Allow caching, nodes 2>=2 {{(pid=120196) _wait_startup_before_caching /opt/stack/neutron/neutron/common/ovn/hash_ring_manager.py:60}}
Jul 06 13:08:30 ubuntu neutron-server[120197]: DEBUG neutron.plugins.ml2.drivers.ovn.mech_driver.ovsdb.ovsdb_monitor [None req-35add3db-f777-461e-94f1-b889fc170c5f None None] Hash Ring: Node 806f089c-2300-4a3e-8942-9e4bcddb3bff (host: ubuntu) handling event "create" for row 315e1059-e73c-452a-ab87-96cc4c3f1330 (table: Database) {{(pid=120197) notify /opt/stack/neutron/neutron/plugins/ml2/drivers/ovn/mech_driver/ovsdb/ovsdb_monitor.py:743}}
Jul 06 13:08:30 ubuntu neutron-server[120197]: DEBUG neutron.plugins.ml2.drivers.ovn.mech_driver.ovsdb.ovsdb_monitor [None req-35add3db-f777-461e-94f1-b889fc170c5f None None] Hash Ring: Node 806f089c-2300-4a3e-8942-9e4bcddb3bff (host: ubuntu) handling event "create" for row d5019815-a2b2-4f28-9482-3e2f3fb5d9a0 (table: Database) {{(pid=120197) notify /opt/stack/neutron/neutron/plugins/ml2/drivers/ovn/mech_driver/ovsdb/ovsdb_monitor.py:743}}
Jul 06 13:08:30 ubuntu neutron-server[120197]: DEBUG neutron.plugins.ml2.drivers.ovn.mech_driver.ovsdb.ovsdb_monitor [None req-35add3db-f777-461e-94f1-b889fc170c5f None None] Hash Ring: Node 806f089c-2300-4a3e-8942-9e4bcddb3bff (host: ubuntu) handling event "create" for row ce8c4c8f-062d-433c-be43-1864ecb96f08 (table: Port_Group) {{(pid=120197) notify /opt/stack/neutron/neutron/plugins/ml2/drivers/ovn/mech_driver/ovsdb/ovsdb_monitor.py:743}}
Jul 06 13:08:30 ubuntu neutron-server[120197]: DEBUG neutron.plugins.ml2.drivers.ovn.mech_driver.ovsdb.ovsdb_monitor [None req-35add3db-f777-461e-94f1-b889fc170c5f None None] Hash Ring: Node 806f089c-2300-4a3e-8942-9e4bcddb3bff (host: ubuntu) handling event "create" for row a66c55be-6777-46c3-a9f5-b8007d9bcb5e (table: NB_Global) {{(pid=120197) notify /opt/stack/neutron/neutron/plugins/ml2/drivers/ovn/mech_driver/ovsdb/ovsdb_monitor.py:743}}
Jul 06 13:08:30 ubuntu neutron-server[120197]: DEBUG neutron.plugins.ml2.drivers.ovn.mech_driver.ovsdb.ovsdb_monitor [None req-35add3db-f777-461e-94f1-b889fc170c5f None None] Hash Ring: Node 806f089c-2300-4a3e-8942-9e4bcddb3bff (host: ubuntu) handling event "create" for row bc74e744-f4ea-4d9f-a0ab-db832a113e8a (table: ACL) {{(pid=120197) notify /opt/stack/neutron/neutron/plugins/ml2/drivers/ovn/mech_driver/ovsdb/ovsdb_monitor.py:743}}
Jul 06 13:08:30 ubuntu neutron-server[120196]: DEBUG neutron.plugins.ml2.drivers.ovn.mech_driver.ovsdb.ovsdb_monitor [None req-2edbb0d7-e202-48d3-8ede-e53399aa22bc None None] Hash Ring: Node e8516604-5b6f-49d2-b1dd-d7e6c32d4ed3 (host: ubuntu) handling event "create" for row 39b7f40f-4a0b-4e18-bf13-9b4c1cc0ece7 (table: ACL) {{(pid=120196) notify /opt/stack/neutron/neutron/plugins/ml2/drivers/ovn/mech_driver/ovsdb/ovsdb_monitor.py:743}}
Jul 06 13:08:30 ubuntu neutron-server[120196]: DEBUG neutron.plugins.ml2.drivers.ovn.mech_driver.ovsdb.ovsdb_monitor [None req-2edbb0d7-e202-48d3-8ede-e53399aa22bc None None] Hash Ring: Node e8516604-5b6f-49d2-b1dd-d7e6c32d4ed3 (host: ubuntu) handling event "create" for row c63cdaf0-f786-4f39-93f9-56ea6eca3795 (table: Connection) {{(pid=120196) notify /opt/stack/neutron/neutron/plugins/ml2/drivers/ovn/mech_driver/ovsdb/ovsdb_monitor.py:743}}
Jul 06 13:08:30 ubuntu neutron-server[120197]: INFO neutron.plugins.ml2.drivers.ovn.mech_driver.ovsdb.impl_idl_ovn [None req-35add3db-f777-461e-94f1-b889fc170c5f None None] Getting OvsdbSbOvnIdl for WorkerService with retry
Jul 06 13:08:30 ubuntu neutron-server[120196]: INFO neutron.plugins.ml2.drivers.ovn.mech_driver.ovsdb.impl_idl_ovn [None req-2edbb0d7-e202-48d3-8ede-e53399aa22bc None None] Getting OvsdbSbOvnIdl for WorkerService with retry
Jul 06 13:08:30 ubuntu neutron-server[120196]: DEBUG ovsdbapp.backend.ovs_idl [None req-2edbb0d7-e202-48d3-8ede-e53399aa22bc None None] Created lookup_table index Chassis.name {{(pid=120196) autocreate_indices /usr/local/lib/python3.8/dist-packages/ovsdbapp/backend/ovs_idl/__init__.py:85}}
Jul 06 13:08:30 ubuntu neutron-server[120197]: DEBUG ovsdbapp.backend.ovs_idl [None req-35add3db-f777-461e-94f1-b889fc170c5f None None] Created lookup_table index Chassis.name {{(pid=120197) autocreate_indices /usr/local/lib/python3.8/dist-packages/ovsdbapp/backend/ovs_idl/__init__.py:85}}
Jul 06 13:08:30 ubuntu neutron-server[120196]: DEBUG ovsdbapp.backend.ovs_idl [None req-2edbb0d7-e202-48d3-8ede-e53399aa22bc None None] Created schema index Datapath_Binding.tunnel_key {{(pid=120196) autocreate_indices /usr/local/lib/python3.8/dist-packages/ovsdbapp/backend/ovs_idl/__init__.py:104}}
Jul 06 13:08:30 ubuntu neutron-server[120197]: DEBUG ovsdbapp.backend.ovs_idl [None req-35add3db-f777-461e-94f1-b889fc170c5f None None] Created schema index Datapath_Binding.tunnel_key {{(pid=120197) autocreate_indices /usr/local/lib/python3.8/dist-packages/ovsdbapp/backend/ovs_idl/__init__.py:104}}
Jul 06 13:08:30 ubuntu neutron-server[120196]: DEBUG ovsdbapp.backend.ovs_idl [None req-2edbb0d7-e202-48d3-8ede-e53399aa22bc None None] Created schema index Connection.target {{(pid=120196) autocreate_indices /usr/local/lib/python3.8/dist-packages/ovsdbapp/backend/ovs_idl/__init__.py:104}}
Jul 06 13:08:30 ubuntu neutron-server[120197]: DEBUG ovsdbapp.backend.ovs_idl [None req-35add3db-f777-461e-94f1-b889fc170c5f None None] Created schema index Connection.target {{(pid=120197) autocreate_indices /usr/local/lib/python3.8/dist-packages/ovsdbapp/backend/ovs_idl/__init__.py:104}}
Jul 06 13:08:30 ubuntu neutron-server[120197]: INFO ovsdbapp.backend.ovs_idl.vlog [None req-35add3db-f777-461e-94f1-b889fc170c5f None None] tcp:192.168.79.47:6642: connecting...
Jul 06 13:08:30 ubuntu neutron-server[120196]: INFO ovsdbapp.backend.ovs_idl.vlog [None req-2edbb0d7-e202-48d3-8ede-e53399aa22bc None None] tcp:192.168.79.47:6642: connecting...
Jul 06 13:08:30 ubuntu neutron-server[120197]: INFO ovsdbapp.backend.ovs_idl.vlog [None req-35add3db-f777-461e-94f1-b889fc170c5f None None] tcp:192.168.79.47:6642: connected
Jul 06 13:08:30 ubuntu neutron-server[120196]: INFO ovsdbapp.backend.ovs_idl.vlog [None req-2edbb0d7-e202-48d3-8ede-e53399aa22bc None None] tcp:192.168.79.47:6642: connected
Jul 06 13:08:30 ubuntu neutron-server[119985]: INFO oslo_service.service [None req-ff5408f6-1c8f-4a5a-b5fa-4544ad0a8261 None None] Starting 1 workers
Jul 06 13:08:30 ubuntu neutron-server[120196]: DEBUG neutron.common.ovn.hash_ring_manager [None req-2edbb0d7-e202-48d3-8ede-e53399aa22bc None None] Allow caching, nodes 2>=2 {{(pid=120196) _wait_startup_before_caching /opt/stack/neutron/neutron/common/ovn/hash_ring_manager.py:60}}
Jul 06 13:08:30 ubuntu neutron-server[119985]: DEBUG oslo_service.service [None req-ff5408f6-1c8f-4a5a-b5fa-4544ad0a8261 None None] Started child 120199 {{(pid=119985) _start_child /usr/local/lib/python3.8/dist-packages/oslo_service/service.py:575}}
Jul 06 13:08:30 ubuntu neutron-server[120197]: DEBUG neutron.common.ovn.hash_ring_manager [None req-35add3db-f777-461e-94f1-b889fc170c5f None None] Allow caching, nodes 2>=2 {{(pid=120197) _wait_startup_before_caching /opt/stack/neutron/neutron/common/ovn/hash_ring_manager.py:60}}
Jul 06 13:08:30 ubuntu neutron-server[119985]: INFO oslo_service.service [None req-ff5408f6-1c8f-4a5a-b5fa-4544ad0a8261 None None] Starting 1 workers
Jul 06 13:08:30 ubuntu neutron-server[120196]: DEBUG neutron.plugins.ml2.drivers.ovn.mech_driver.ovsdb.ovsdb_monitor [None req-2edbb0d7-e202-48d3-8ede-e53399aa22bc None None] Hash Ring: Node e8516604-5b6f-49d2-b1dd-d7e6c32d4ed3 (host: ubuntu) handling event "create" for row 7165654a-0185-4186-97b1-b865b7ff3500 (table: Database) {{(pid=120196) notify /opt/stack/neutron/neutron/plugins/ml2/drivers/ovn/mech_driver/ovsdb/ovsdb_monitor.py:743}}
Jul 06 13:08:30 ubuntu neutron-server[120199]: DEBUG neutron.service [None req-ff5408f6-1c8f-4a5a-b5fa-4544ad0a8261 None None] calling RpcWorker wait() {{(pid=120199) _wait /opt/stack/neutron/neutron/service.py:128}}
Jul 06 13:08:30 ubuntu neutron-server[120199]: DEBUG neutron.service [None req-ff5408f6-1c8f-4a5a-b5fa-4544ad0a8261 None None] returning from RpcWorker wait() {{(pid=120199) _wait /opt/stack/neutron/neutron/service.py:135}}
Jul 06 13:08:30 ubuntu neutron-server[120199]: DEBUG neutron_lib.callbacks.manager [-] Publish callbacks ['neutron.plugins.ml2.drivers.ovn.mech_driver.mech_driver.OVNMechanismDriver.post_fork_initialize-441516'] for process (None), after_init {{(pid=120199) _notify_loop /usr/local/lib/python3.8/dist-packages/neutron_lib/callbacks/manager.py:176}}
Jul 06 13:08:30 ubuntu neutron-server[120199]: INFO neutron.plugins.ml2.drivers.ovn.mech_driver.ovsdb.impl_idl_ovn [-] Getting OvsdbNbOvnIdl for RpcWorker with retry
Jul 06 13:08:30 ubuntu neutron-server[120197]: DEBUG neutron.plugins.ml2.drivers.ovn.mech_driver.ovsdb.ovsdb_monitor [None req-35add3db-f777-461e-94f1-b889fc170c5f None None] Hash Ring: Node 806f089c-2300-4a3e-8942-9e4bcddb3bff (host: ubuntu) handling event "create" for row 1b8c22ae-4385-400c-974f-1a5c22fab1c3 (table: Database) {{(pid=120197) notify /opt/stack/neutron/neutron/plugins/ml2/drivers/ovn/mech_driver/ovsdb/ovsdb_monitor.py:743}}
Jul 06 13:08:30 ubuntu neutron-server[120196]: DEBUG neutron.plugins.ml2.drivers.ovn.mech_driver.ovsdb.ovsdb_monitor [None req-2edbb0d7-e202-48d3-8ede-e53399aa22bc None None] ChassisAgentWriteEvent : Matched Chassis, create, None None {{(pid=120196) matches /opt/stack/neutron/neutron/plugins/ml2/drivers/ovn/mech_driver/ovsdb/ovsdb_monitor.py:62}}
Jul 06 13:08:30 ubuntu neutron-server[120196]: DEBUG neutron.plugins.ml2.drivers.ovn.mech_driver.ovsdb.ovsdb_monitor [None req-2edbb0d7-e202-48d3-8ede-e53399aa22bc None None] ChassisMetadataAgentWriteEvent : Matched Chassis, create, None None {{(pid=120196) matches /opt/stack/neutron/neutron/plugins/ml2/drivers/ovn/mech_driver/ovsdb/ovsdb_monitor.py:62}}
Jul 06 13:08:30 ubuntu neutron-server[120196]: DEBUG neutron.plugins.ml2.drivers.ovn.mech_driver.ovsdb.ovsdb_monitor [None req-2edbb0d7-e202-48d3-8ede-e53399aa22bc None None] Hash Ring: Node e8516604-5b6f-49d2-b1dd-d7e6c32d4ed3 (host: ubuntu) handling event "create" for row 822ba044-c627-45e1-a844-3aed598a09eb (table: Connection) {{(pid=120196) notify /opt/stack/neutron/neutron/plugins/ml2/drivers/ovn/mech_driver/ovsdb/ovsdb_monitor.py:743}}
Jul 06 13:08:30 ubuntu neutron-server[119985]: DEBUG oslo_service.service [None req-ff5408f6-1c8f-4a5a-b5fa-4544ad0a8261 None None] Started child 120200 {{(pid=119985) _start_child /usr/local/lib/python3.8/dist-packages/oslo_service/service.py:575}}
Jul 06 13:08:30 ubuntu neutron-server[119985]: INFO oslo_service.service [None req-ff5408f6-1c8f-4a5a-b5fa-4544ad0a8261 None None] Starting 1 workers
Jul 06 13:08:30 ubuntu neutron-server[120197]: DEBUG neutron.plugins.ml2.drivers.ovn.mech_driver.ovsdb.ovsdb_monitor [None req-35add3db-f777-461e-94f1-b889fc170c5f None None] Hash Ring: Node 806f089c-2300-4a3e-8942-9e4bcddb3bff (host: ubuntu) handling event "create" for row 79028ad8-3ff8-4b6c-a2eb-4e470d0cd1c0 (table: Encap) {{(pid=120197) notify /opt/stack/neutron/neutron/plugins/ml2/drivers/ovn/mech_driver/ovsdb/ovsdb_monitor.py:743}}
Jul 06 13:08:30 ubuntu neutron-server[120197]: DEBUG neutron.plugins.ml2.drivers.ovn.mech_driver.ovsdb.ovsdb_monitor [None req-35add3db-f777-461e-94f1-b889fc170c5f None None] ChassisAgentWriteEvent : Matched Chassis, create, None None {{(pid=120197) matches /opt/stack/neutron/neutron/plugins/ml2/drivers/ovn/mech_driver/ovsdb/ovsdb_monitor.py:62}}
Jul 06 13:08:30 ubuntu neutron-server[120196]: INFO neutron.wsgi [-] (120196) wsgi starting up on http://0.0.0.0:9696
Jul 06 13:08:30 ubuntu neutron-server[120197]: DEBUG neutron.plugins.ml2.drivers.ovn.mech_driver.ovsdb.ovsdb_monitor [None req-35add3db-f777-461e-94f1-b889fc170c5f None None] ChassisMetadataAgentWriteEvent : Matched Chassis, create, None None {{(pid=120197) matches /opt/stack/neutron/neutron/plugins/ml2/drivers/ovn/mech_driver/ovsdb/ovsdb_monitor.py:62}}
Jul 06 13:08:30 ubuntu neutron-server[120197]: DEBUG neutron.plugins.ml2.drivers.ovn.mech_driver.ovsdb.ovsdb_monitor [None req-35add3db-f777-461e-94f1-b889fc170c5f None None] Hash Ring: Node 806f089c-2300-4a3e-8942-9e4bcddb3bff (host: ubuntu) handling event "create" for row 61a6fe6d-1375-431d-a968-d26ea6bae23f (table: Chassis) {{(pid=120197) notify /opt/stack/neutron/neutron/plugins/ml2/drivers/ovn/mech_driver/ovsdb/ovsdb_monitor.py:743}}
Jul 06 13:08:30 ubuntu neutron-server[120197]: INFO neutron.wsgi [-] (120197) wsgi starting up on http://0.0.0.0:9696
Jul 06 13:08:30 ubuntu neutron-server[120200]: DEBUG neutron_lib.callbacks.manager [-] Publish callbacks ['neutron.plugins.ml2.drivers.ovn.mech_driver.mech_driver.OVNMechanismDriver.post_fork_initialize-441516'] for process (None), after_init {{(pid=120200) _notify_loop /usr/local/lib/python3.8/dist-packages/neutron_lib/callbacks/manager.py:176}}
Jul 06 13:08:30 ubuntu neutron-server[119985]: DEBUG oslo_service.service [None req-ff5408f6-1c8f-4a5a-b5fa-4544ad0a8261 None None] Started child 120201 {{(pid=119985) _start_child /usr/local/lib/python3.8/dist-packages/oslo_service/service.py:575}}
Jul 06 13:08:30 ubuntu neutron-server[120200]: INFO neutron.plugins.ml2.drivers.ovn.mech_driver.ovsdb.impl_idl_ovn [-] Getting OvsdbNbOvnIdl for MaintenanceWorker with retry
Jul 06 13:08:30 ubuntu neutron-server[119985]: DEBUG neutron_lib.callbacks.manager [None req-ff5408f6-1c8f-4a5a-b5fa-4544ad0a8261 None None] Publish callbacks [] for process (None), after_spawn {{(pid=119985) _notify_loop /usr/local/lib/python3.8/dist-packages/neutron_lib/callbacks/manager.py:176}}
