May 09 18:08:31 ubuntu devstack@g-api.service[122999]: DEBUG glance_store.location [None req-41afcccc-2eb6-4f02-b66e-555fd75ef52f admin admin] Registering scheme swift+https with {'store': <glance_store._drivers.swift.store.SingleTenantStore object at 0x7fc37964c280>, 'location_class': <class 'glance_store._drivers.swift.store.StoreLocation'>, 'store_entry': 'swift'} {{(pid=122999) register_scheme_map /usr/local/lib/python3.8/dist-packages/glance_store/location.py:146}}
May 09 18:08:31 ubuntu devstack@g-api.service[122999]: DEBUG glance_store.location [None req-41afcccc-2eb6-4f02-b66e-555fd75ef52f admin admin] Registering scheme swift+https with {'store': <glance_store._drivers.swift.store.SingleTenantStore object at 0x7fc37964c280>, 'location_class': <class 'glance_store._drivers.swift.store.StoreLocation'>, 'store_entry': 'swift'} {{(pid=122999) register_scheme_map /usr/local/lib/python3.8/dist-packages/glance_store/location.py:146}}
May 09 18:08:31 ubuntu devstack@g-api.service[122999]: DEBUG glance_store.location [None req-41afcccc-2eb6-4f02-b66e-555fd75ef52f admin admin] Registering scheme swift with {'store': <glance_store._drivers.swift.store.SingleTenantStore object at 0x7fc37964c280>, 'location_class': <class 'glance_store._drivers.swift.store.StoreLocation'>, 'store_entry': 'swift'} {{(pid=122999) register_scheme_map /usr/local/lib/python3.8/dist-packages/glance_store/location.py:146}}
May 09 18:08:31 ubuntu devstack@g-api.service[122999]: DEBUG glance_store.location [None req-41afcccc-2eb6-4f02-b66e-555fd75ef52f admin admin] Registering scheme swift+https with {'store': <glance_store._drivers.swift.store.SingleTenantStore object at 0x7fc37964c280>, 'location_class': <class 'glance_store._drivers.swift.store.StoreLocation'>, 'store_entry': 'swift'} {{(pid=122999) register_scheme_map /usr/local/lib/python3.8/dist-packages/glance_store/location.py:146}}
May 09 18:08:31 ubuntu devstack@g-api.service[122999]: DEBUG glance_store.location [None req-41afcccc-2eb6-4f02-b66e-555fd75ef52f admin admin] Registering scheme swift with {'store': <glance_store._drivers.swift.store.SingleTenantStore object at 0x7fc37964c280>, 'location_class': <class 'glance_store._drivers.swift.store.StoreLocation'>, 'store_entry': 'swift'} {{(pid=122999) register_scheme_map /usr/local/lib/python3.8/dist-packages/glance_store/location.py:146}}
May 09 18:08:31 ubuntu devstack@g-api.service[122999]: DEBUG glance_store.location [None req-41afcccc-2eb6-4f02-b66e-555fd75ef52f admin admin] Registering scheme swift+http with {'store': <glance_store._drivers.swift.store.SingleTenantStore object at 0x7fc37964c280>, 'location_class': <class 'glance_store._drivers.swift.store.StoreLocation'>, 'store_entry': 'swift'} {{(pid=122999) register_scheme_map /usr/local/lib/python3.8/dist-packages/glance_store/location.py:146}}
May 09 18:08:31 ubuntu devstack@g-api.service[122999]: DEBUG glance_store.location [None req-41afcccc-2eb6-4f02-b66e-555fd75ef52f admin admin] Registering scheme swift+https with {'store': <glance_store._drivers.swift.store.SingleTenantStore object at 0x7fc37964c280>, 'location_class': <class 'glance_store._drivers.swift.store.StoreLocation'>, 'store_entry': 'swift'} {{(pid=122999) register_scheme_map /usr/local/lib/python3.8/dist-packages/glance_store/location.py:146}}
May 09 18:08:31 ubuntu devstack@g-api.service[122999]: DEBUG glance_store.location [None req-41afcccc-2eb6-4f02-b66e-555fd75ef52f admin admin] Registering scheme swift with {'store': <glance_store._drivers.swift.store.SingleTenantStore object at 0x7fc37964c280>, 'location_class': <class 'glance_store._drivers.swift.store.StoreLocation'>, 'store_entry': 'swift'} {{(pid=122999) register_scheme_map /usr/local/lib/python3.8/dist-packages/glance_store/location.py:146}}
May 09 18:08:31 ubuntu devstack@g-api.service[122999]: DEBUG glance_store.location [None req-41afcccc-2eb6-4f02-b66e-555fd75ef52f admin admin] Registering scheme swift+http with {'store': <glance_store._drivers.swift.store.SingleTenantStore object at 0x7fc37964c280>, 'location_class': <class 'glance_store._drivers.swift.store.StoreLocation'>, 'store_entry': 'swift'} {{(pid=122999) register_scheme_map /usr/local/lib/python3.8/dist-packages/glance_store/location.py:146}}
May 09 18:08:31 ubuntu devstack@g-api.service[122999]: DEBUG glance_store.location [None req-41afcccc-2eb6-4f02-b66e-555fd75ef52f admin admin] Registering scheme swift+config with {'store': <glance_store._drivers.swift.store.SingleTenantStore object at 0x7fc37964c280>, 'location_class': <class 'glance_store._drivers.swift.store.StoreLocation'>, 'store_entry': 'swift'} {{(pid=122999) register_scheme_map /usr/local/lib/python3.8/dist-packages/glance_store/location.py:146}}
May 09 18:08:31 ubuntu devstack@g-api.service[122999]: DEBUG glance_store.backend [None req-41afcccc-2eb6-4f02-b66e-555fd75ef52f admin admin] Skipping store.set_acls... not implemented. {{(pid=122999) set_acls /usr/local/lib/python3.8/dist-packages/glance_store/backend.py:509}}
May 09 18:08:31 ubuntu devstack@g-api.service[122999]: [pid: 122999|app: 0|req: 3/4] 127.0.0.1 () {40 vars in 862 bytes} [Mon May  9 18:08:30 2022] PUT /v2/images/8b2e4291-6fdb-4622-8897-b75490529558/file => generated 0 bytes in 1910 msecs (HTTP/1.1 204) 4 headers in 171 bytes (1 switches on core 0)
May 09 18:09:18 ubuntu devstack@g-api.service[122998]: DEBUG glance.api.middleware.version_negotiation [None req-c6731ea1-b7fa-4bc6-ac63-f0916783062d admin admin] Determining version of request: GET / Accept: application/json {{(pid=122998) process_request /opt/stack/glance/glance/api/middleware/version_negotiation.py:44}}
May 09 18:09:18 ubuntu devstack@g-api.service[122998]: DEBUG glance.api.middleware.version_negotiation [None req-c6731ea1-b7fa-4bc6-ac63-f0916783062d admin admin] Using url versioning {{(pid=122998) process_request /opt/stack/glance/glance/api/middleware/version_negotiation.py:57}}
May 09 18:09:18 ubuntu devstack@g-api.service[122998]: DEBUG glance.api.middleware.version_negotiation [None req-c6731ea1-b7fa-4bc6-ac63-f0916783062d admin admin] Unknown version. Returning version choices. {{(pid=122998) process_request /opt/stack/glance/glance/api/middleware/version_negotiation.py:64}}
May 09 18:09:18 ubuntu devstack@g-api.service[122998]: [pid: 122998|app: 0|req: 2/5] 127.0.0.1 () {34 vars in 506 bytes} [Mon May  9 18:09:18 2022] GET / => generated 1213 bytes in 4 msecs (HTTP/1.1 300) 3 headers in 106 bytes (1 switches on core 0)
May 09 18:09:18 ubuntu devstack@g-api.service[122999]: DEBUG glance.api.middleware.version_negotiation [None req-41afcccc-2eb6-4f02-b66e-555fd75ef52f admin admin] Determining version of request: GET /v2/images Accept: application/json {{(pid=122999) process_request /opt/stack/glance/glance/api/middleware/version_negotiation.py:44}}
May 09 18:09:18 ubuntu devstack@g-api.service[122999]: DEBUG glance.api.middleware.version_negotiation [None req-41afcccc-2eb6-4f02-b66e-555fd75ef52f admin admin] Using url versioning {{(pid=122999) process_request /opt/stack/glance/glance/api/middleware/version_negotiation.py:57}}
May 09 18:09:18 ubuntu devstack@g-api.service[122999]: DEBUG glance.api.middleware.version_negotiation [None req-41afcccc-2eb6-4f02-b66e-555fd75ef52f admin admin] Matched version: v2 {{(pid=122999) process_request /opt/stack/glance/glance/api/middleware/version_negotiation.py:69}}
May 09 18:09:18 ubuntu devstack@g-api.service[122999]: DEBUG glance.api.middleware.version_negotiation [None req-41afcccc-2eb6-4f02-b66e-555fd75ef52f admin admin] new path /v2/images {{(pid=122999) process_request /opt/stack/glance/glance/api/middleware/version_negotiation.py:70}}
May 09 18:09:18 ubuntu devstack@g-api.service[122999]: [pid: 122999|app: 0|req: 4/6] 127.0.0.1 () {36 vars in 728 bytes} [Mon May  9 18:09:18 2022] GET /v2/images => generated 1045 bytes in 111 msecs (HTTP/1.1 200) 4 headers in 158 bytes (1 switches on core 0)
May 09 18:09:24 ubuntu devstack@g-api.service[122998]: DEBUG glance.api.middleware.version_negotiation [None req-c6731ea1-b7fa-4bc6-ac63-f0916783062d admin admin] Determining version of request: GET / Accept: application/json {{(pid=122998) process_request /opt/stack/glance/glance/api/middleware/version_negotiation.py:44}}
May 09 18:09:24 ubuntu devstack@g-api.service[122998]: DEBUG glance.api.middleware.version_negotiation [None req-c6731ea1-b7fa-4bc6-ac63-f0916783062d admin admin] Using url versioning {{(pid=122998) process_request /opt/stack/glance/glance/api/middleware/version_negotiation.py:57}}
May 09 18:09:24 ubuntu devstack@g-api.service[122998]: DEBUG glance.api.middleware.version_negotiation [None req-c6731ea1-b7fa-4bc6-ac63-f0916783062d admin admin] Unknown version. Returning version choices. {{(pid=122998) process_request /opt/stack/glance/glance/api/middleware/version_negotiation.py:64}}
May 09 18:09:24 ubuntu devstack@g-api.service[122998]: [pid: 122998|app: 0|req: 3/7] 127.0.0.1 () {34 vars in 506 bytes} [Mon May  9 18:09:24 2022] GET / => generated 1213 bytes in 3 msecs (HTTP/1.1 300) 3 headers in 106 bytes (1 switches on core 0)
May 09 18:09:24 ubuntu devstack@g-api.service[122999]: DEBUG glance.api.middleware.version_negotiation [None req-514310e7-522a-4f96-931f-6a91a610fae6 admin admin] Determining version of request: GET /v2/images/8b2e4291-6fdb-4622-8897-b75490529558 Accept: */* {{(pid=122999) process_request /opt/stack/glance/glance/api/middleware/version_negotiation.py:44}}
May 09 18:09:24 ubuntu devstack@g-api.service[122999]: DEBUG glance.api.middleware.version_negotiation [None req-514310e7-522a-4f96-931f-6a91a610fae6 admin admin] Using url versioning {{(pid=122999) process_request /opt/stack/glance/glance/api/middleware/version_negotiation.py:57}}
May 09 18:09:24 ubuntu devstack@g-api.service[122999]: DEBUG glance.api.middleware.version_negotiation [None req-514310e7-522a-4f96-931f-6a91a610fae6 admin admin] Matched version: v2 {{(pid=122999) process_request /opt/stack/glance/glance/api/middleware/version_negotiation.py:69}}
May 09 18:09:24 ubuntu devstack@g-api.service[122999]: DEBUG glance.api.middleware.version_negotiation [None req-514310e7-522a-4f96-931f-6a91a610fae6 admin admin] new path /v2/images/8b2e4291-6fdb-4622-8897-b75490529558 {{(pid=122999) process_request /opt/stack/glance/glance/api/middleware/version_negotiation.py:70}}
May 09 18:09:24 ubuntu devstack@g-api.service[122999]: [pid: 122999|app: 0|req: 5/8] 127.0.0.1 () {36 vars in 789 bytes} [Mon May  9 18:09:24 2022] GET /v2/images/8b2e4291-6fdb-4622-8897-b75490529558 => generated 976 bytes in 53 msecs (HTTP/1.1 200) 4 headers in 157 bytes (1 switches on core 0)
May 09 18:09:27 ubuntu devstack@g-api.service[122998]: DEBUG glance.api.middleware.version_negotiation [None req-c6731ea1-b7fa-4bc6-ac63-f0916783062d admin admin] Determining version of request: GET / Accept: application/json {{(pid=122998) process_request /opt/stack/glance/glance/api/middleware/version_negotiation.py:44}}
May 09 18:09:27 ubuntu devstack@g-api.service[122998]: DEBUG glance.api.middleware.version_negotiation [None req-c6731ea1-b7fa-4bc6-ac63-f0916783062d admin admin] Using url versioning {{(pid=122998) process_request /opt/stack/glance/glance/api/middleware/version_negotiation.py:57}}
May 09 18:09:27 ubuntu devstack@g-api.service[122998]: DEBUG glance.api.middleware.version_negotiation [None req-c6731ea1-b7fa-4bc6-ac63-f0916783062d admin admin] Unknown version. Returning version choices. {{(pid=122998) process_request /opt/stack/glance/glance/api/middleware/version_negotiation.py:64}}
May 09 18:09:27 ubuntu devstack@g-api.service[122998]: [pid: 122998|app: 0|req: 4/9] 127.0.0.1 () {34 vars in 506 bytes} [Mon May  9 18:09:27 2022] GET / => generated 1213 bytes in 3 msecs (HTTP/1.1 300) 3 headers in 106 bytes (1 switches on core 0)
May 09 18:09:27 ubuntu devstack@g-api.service[122999]: DEBUG glance.api.middleware.version_negotiation [None req-6b47490b-a8a9-4931-994f-844c1d80dca0 admin admin] Determining version of request: GET /v2/images/8b2e4291-6fdb-4622-8897-b75490529558 Accept: */* {{(pid=122999) process_request /opt/stack/glance/glance/api/middleware/version_negotiation.py:44}}
May 09 18:09:27 ubuntu devstack@g-api.service[122999]: DEBUG glance.api.middleware.version_negotiation [None req-6b47490b-a8a9-4931-994f-844c1d80dca0 admin admin] Using url versioning {{(pid=122999) process_request /opt/stack/glance/glance/api/middleware/version_negotiation.py:57}}
May 09 18:09:27 ubuntu devstack@g-api.service[122999]: DEBUG glance.api.middleware.version_negotiation [None req-6b47490b-a8a9-4931-994f-844c1d80dca0 admin admin] Matched version: v2 {{(pid=122999) process_request /opt/stack/glance/glance/api/middleware/version_negotiation.py:69}}
May 09 18:09:27 ubuntu devstack@g-api.service[122999]: DEBUG glance.api.middleware.version_negotiation [None req-6b47490b-a8a9-4931-994f-844c1d80dca0 admin admin] new path /v2/images/8b2e4291-6fdb-4622-8897-b75490529558 {{(pid=122999) process_request /opt/stack/glance/glance/api/middleware/version_negotiation.py:70}}
May 09 18:09:27 ubuntu devstack@g-api.service[122999]: [pid: 122999|app: 0|req: 6/10] 127.0.0.1 () {36 vars in 789 bytes} [Mon May  9 18:09:27 2022] GET /v2/images/8b2e4291-6fdb-4622-8897-b75490529558 => generated 976 bytes in 47 msecs (HTTP/1.1 200) 4 headers in 157 bytes (1 switches on core 0)
May 09 18:10:58 ubuntu devstack@g-api.service[122998]: DEBUG glance.api.middleware.version_negotiation [None req-c6731ea1-b7fa-4bc6-ac63-f0916783062d admin admin] Determining version of request: GET /v1 Accept: application/json {{(pid=122998) process_request /opt/stack/glance/glance/api/middleware/version_negotiation.py:44}}
May 09 18:10:58 ubuntu devstack@g-api.service[122998]: DEBUG glance.api.middleware.version_negotiation [None req-c6731ea1-b7fa-4bc6-ac63-f0916783062d admin admin] Using url versioning {{(pid=122998) process_request /opt/stack/glance/glance/api/middleware/version_negotiation.py:57}}
May 09 18:10:58 ubuntu devstack@g-api.service[122998]: DEBUG glance.api.middleware.version_negotiation [None req-c6731ea1-b7fa-4bc6-ac63-f0916783062d admin admin] Unknown version. Returning version choices. {{(pid=122998) process_request /opt/stack/glance/glance/api/middleware/version_negotiation.py:64}}
May 09 18:10:58 ubuntu devstack@g-api.service[122998]: [pid: 122998|app: 0|req: 5/11] 127.0.0.1 () {38 vars in 685 bytes} [Mon May  9 18:10:58 2022] GET /v1 => generated 1213 bytes in 4 msecs (HTTP/1.1 300) 3 headers in 106 bytes (1 switches on core 0)
May 09 18:13:17 ubuntu devstack@g-api.service[122999]: DEBUG glance.api.middleware.version_negotiation [None req-1b7256e7-feee-443e-b204-c56c57fad407 admin admin] Determining version of request: GET /versions Accept: */* {{(pid=122999) process_request /opt/stack/glance/glance/api/middleware/version_negotiation.py:44}}
May 09 18:13:17 ubuntu devstack@g-api.service[122999]: [pid: 122999|app: 0|req: 7/12] 127.0.0.1 () {38 vars in 695 bytes} [Mon May  9 18:13:17 2022] GET /versions => generated 1213 bytes in 3 msecs (HTTP/1.1 200) 3 headers in 92 bytes (1 switches on core 0)
May 09 18:13:17 ubuntu devstack@g-api.service[122998]: DEBUG glance.api.middleware.version_negotiation [None req-c6731ea1-b7fa-4bc6-ac63-f0916783062d admin admin] Determining version of request: GET /v2/schemas/image Accept: */* {{(pid=122998) process_request /opt/stack/glance/glance/api/middleware/version_negotiation.py:44}}
May 09 18:13:17 ubuntu devstack@g-api.service[122998]: DEBUG glance.api.middleware.version_negotiation [None req-c6731ea1-b7fa-4bc6-ac63-f0916783062d admin admin] Using url versioning {{(pid=122998) process_request /opt/stack/glance/glance/api/middleware/version_negotiation.py:57}}
May 09 18:13:17 ubuntu devstack@g-api.service[122998]: DEBUG glance.api.middleware.version_negotiation [None req-c6731ea1-b7fa-4bc6-ac63-f0916783062d admin admin] Matched version: v2 {{(pid=122998) process_request /opt/stack/glance/glance/api/middleware/version_negotiation.py:69}}
May 09 18:13:17 ubuntu devstack@g-api.service[122998]: DEBUG glance.api.middleware.version_negotiation [None req-c6731ea1-b7fa-4bc6-ac63-f0916783062d admin admin] new path /v2/schemas/image {{(pid=122998) process_request /opt/stack/glance/glance/api/middleware/version_negotiation.py:70}}
May 09 18:13:17 ubuntu devstack@g-api.service[122998]: [pid: 122998|app: 0|req: 6/13] 127.0.0.1 () {38 vars in 711 bytes} [Mon May  9 18:13:17 2022] GET /v2/schemas/image => generated 6083 bytes in 83 msecs (HTTP/1.1 200) 4 headers in 158 bytes (1 switches on core 0)
May 09 18:13:17 ubuntu devstack@g-api.service[122999]: DEBUG glance.api.middleware.version_negotiation [None req-1b7256e7-feee-443e-b204-c56c57fad407 admin admin] Determining version of request: GET /v2/schemas/metadefs/namespace Accept: */* {{(pid=122999) process_request /opt/stack/glance/glance/api/middleware/version_negotiation.py:44}}
May 09 18:13:17 ubuntu devstack@g-api.service[122999]: DEBUG glance.api.middleware.version_negotiation [None req-1b7256e7-feee-443e-b204-c56c57fad407 admin admin] Using url versioning {{(pid=122999) process_request /opt/stack/glance/glance/api/middleware/version_negotiation.py:57}}
May 09 18:13:17 ubuntu devstack@g-api.service[122999]: DEBUG glance.api.middleware.version_negotiation [None req-1b7256e7-feee-443e-b204-c56c57fad407 admin admin] Matched version: v2 {{(pid=122999) process_request /opt/stack/glance/glance/api/middleware/version_negotiation.py:69}}
May 09 18:13:17 ubuntu devstack@g-api.service[122999]: DEBUG glance.api.middleware.version_negotiation [None req-1b7256e7-feee-443e-b204-c56c57fad407 admin admin] new path /v2/schemas/metadefs/namespace {{(pid=122999) process_request /opt/stack/glance/glance/api/middleware/version_negotiation.py:70}}
May 09 18:13:17 ubuntu devstack@g-api.service[122999]: [pid: 122999|app: 0|req: 8/14] 127.0.0.1 () {38 vars in 737 bytes} [Mon May  9 18:13:17 2022] GET /v2/schemas/metadefs/namespace => generated 3100 bytes in 7 msecs (HTTP/1.1 200) 4 headers in 158 bytes (1 switches on core 0)
May 09 18:13:17 ubuntu devstack@g-api.service[122998]: DEBUG glance.api.middleware.version_negotiation [None req-c6cd09fe-41cc-47bc-b5cc-d8d6b98affd4 admin admin] Determining version of request: GET /v2/schemas/metadefs/resource_type Accept: */* {{(pid=122998) process_request /opt/stack/glance/glance/api/middleware/version_negotiation.py:44}}
May 09 18:13:17 ubuntu devstack@g-api.service[122998]: DEBUG glance.api.middleware.version_negotiation [None req-c6cd09fe-41cc-47bc-b5cc-d8d6b98affd4 admin admin] Using url versioning {{(pid=122998) process_request /opt/stack/glance/glance/api/middleware/version_negotiation.py:57}}
May 09 18:13:17 ubuntu devstack@g-api.service[122998]: DEBUG glance.api.middleware.version_negotiation [None req-c6cd09fe-41cc-47bc-b5cc-d8d6b98affd4 admin admin] Matched version: v2 {{(pid=122998) process_request /opt/stack/glance/glance/api/middleware/version_negotiation.py:69}}
May 09 18:13:17 ubuntu devstack@g-api.service[122998]: DEBUG glance.api.middleware.version_negotiation [None req-c6cd09fe-41cc-47bc-b5cc-d8d6b98affd4 admin admin] new path /v2/schemas/metadefs/resource_type {{(pid=122998) process_request /opt/stack/glance/glance/api/middleware/version_negotiation.py:70}}
May 09 18:13:17 ubuntu devstack@g-api.service[122998]: [pid: 122998|app: 0|req: 7/15] 127.0.0.1 () {38 vars in 745 bytes} [Mon May  9 18:13:17 2022] GET /v2/schemas/metadefs/resource_type => generated 1262 bytes in 6 msecs (HTTP/1.1 200) 4 headers in 158 bytes (1 switches on core 0)
May 09 18:13:17 ubuntu devstack@g-api.service[122999]: DEBUG glance.api.middleware.version_negotiation [None req-271552e6-1700-4c21-8c2f-a26573d16dd4 admin admin] Determining version of request: GET /v2/images Accept: */* {{(pid=122999) process_request /opt/stack/glance/glance/api/middleware/version_negotiation.py:44}}
May 09 18:13:17 ubuntu devstack@g-api.service[122999]: DEBUG glance.api.middleware.version_negotiation [None req-271552e6-1700-4c21-8c2f-a26573d16dd4 admin admin] Using url versioning {{(pid=122999) process_request /opt/stack/glance/glance/api/middleware/version_negotiation.py:57}}
May 09 18:13:17 ubuntu devstack@g-api.service[122999]: DEBUG glance.api.middleware.version_negotiation [None req-271552e6-1700-4c21-8c2f-a26573d16dd4 admin admin] Matched version: v2 {{(pid=122999) process_request /opt/stack/glance/glance/api/middleware/version_negotiation.py:69}}
May 09 18:13:17 ubuntu devstack@g-api.service[122999]: DEBUG glance.api.middleware.version_negotiation [None req-271552e6-1700-4c21-8c2f-a26573d16dd4 admin admin] new path /v2/images {{(pid=122999) process_request /opt/stack/glance/glance/api/middleware/version_negotiation.py:70}}
May 09 18:13:17 ubuntu devstack@g-api.service[122999]: [pid: 122999|app: 0|req: 9/16] 127.0.0.1 () {38 vars in 768 bytes} [Mon May  9 18:13:17 2022] GET /v2/images?limit=20&sort_key=name&sort_dir=asc => generated 1081 bytes in 84 msecs (HTTP/1.1 200) 4 headers in 158 bytes (1 switches on core 0)
May 09 18:13:17 ubuntu devstack@g-api.service[122998]: DEBUG glance.api.middleware.version_negotiation [None req-e966766b-1236-4c68-917d-193f1c8df4bd admin admin] Determining version of request: GET /v2/schemas/image Accept: */* {{(pid=122998) process_request /opt/stack/glance/glance/api/middleware/version_negotiation.py:44}}
May 09 18:13:17 ubuntu devstack@g-api.service[122998]: DEBUG glance.api.middleware.version_negotiation [None req-e966766b-1236-4c68-917d-193f1c8df4bd admin admin] Using url versioning {{(pid=122998) process_request /opt/stack/glance/glance/api/middleware/version_negotiation.py:57}}
May 09 18:13:17 ubuntu devstack@g-api.service[122998]: DEBUG glance.api.middleware.version_negotiation [None req-e966766b-1236-4c68-917d-193f1c8df4bd admin admin] Matched version: v2 {{(pid=122998) process_request /opt/stack/glance/glance/api/middleware/version_negotiation.py:69}}
May 09 18:13:17 ubuntu devstack@g-api.service[122998]: DEBUG glance.api.middleware.version_negotiation [None req-e966766b-1236-4c68-917d-193f1c8df4bd admin admin] new path /v2/schemas/image {{(pid=122998) process_request /opt/stack/glance/glance/api/middleware/version_negotiation.py:70}}
May 09 18:13:17 ubuntu devstack@g-api.service[122998]: [pid: 122998|app: 0|req: 8/17] 127.0.0.1 () {38 vars in 711 bytes} [Mon May  9 18:13:17 2022] GET /v2/schemas/image => generated 6083 bytes in 7 msecs (HTTP/1.1 200) 4 headers in 158 bytes (1 switches on core 0)
May 09 18:13:20 ubuntu devstack@g-api.service[122999]: DEBUG oslo_concurrency.lockutils [-] Acquired lock "glance-cache" {{(pid=122999) lock /usr/local/lib/python3.8/dist-packages/oslo_concurrency/lockutils.py:294}}
May 09 18:13:20 ubuntu devstack@g-api.service[122999]: DEBUG oslo_concurrency.lockutils [-] Acquired external semaphore "glance-cache" {{(pid=122999) lock /usr/local/lib/python3.8/dist-packages/oslo_concurrency/lockutils.py:302}}
May 09 18:13:20 ubuntu devstack@g-api.service[122999]: DEBUG glance.image_cache.prefetcher [-] Nothing to prefetch. {{(pid=122999) run /opt/stack/glance/glance/image_cache/prefetcher.py:79}}
May 09 18:13:20 ubuntu devstack@g-api.service[122999]: DEBUG oslo_concurrency.lockutils [-] Releasing lock "glance-cache" {{(pid=122999) lock /usr/local/lib/python3.8/dist-packages/oslo_concurrency/lockutils.py:312}}
May 09 18:13:20 ubuntu devstack@g-api.service[122998]: DEBUG oslo_concurrency.lockutils [-] Acquired lock "glance-cache" {{(pid=122998) lock /usr/local/lib/python3.8/dist-packages/oslo_concurrency/lockutils.py:294}}
May 09 18:13:20 ubuntu devstack@g-api.service[122998]: DEBUG oslo_concurrency.lockutils [-] Acquired external semaphore "glance-cache" {{(pid=122998) lock /usr/local/lib/python3.8/dist-packages/oslo_concurrency/lockutils.py:302}}
May 09 18:13:20 ubuntu devstack@g-api.service[122998]: DEBUG glance.image_cache.prefetcher [-] Nothing to prefetch. {{(pid=122998) run /opt/stack/glance/glance/image_cache/prefetcher.py:79}}
May 09 18:13:20 ubuntu devstack@g-api.service[122998]: DEBUG oslo_concurrency.lockutils [-] Releasing lock "glance-cache" {{(pid=122998) lock /usr/local/lib/python3.8/dist-packages/oslo_concurrency/lockutils.py:312}}
May 09 18:13:27 ubuntu devstack@g-api.service[122999]: DEBUG glance.api.middleware.version_negotiation [None req-87d70973-0b55-407b-8767-d0011ac05144 admin admin] Determining version of request: GET / Accept: application/json {{(pid=122999) process_request /opt/stack/glance/glance/api/middleware/version_negotiation.py:44}}
May 09 18:13:27 ubuntu devstack@g-api.service[122999]: DEBUG glance.api.middleware.version_negotiation [None req-87d70973-0b55-407b-8767-d0011ac05144 admin admin] Using url versioning {{(pid=122999) process_request /opt/stack/glance/glance/api/middleware/version_negotiation.py:57}}
May 09 18:13:27 ubuntu devstack@g-api.service[122999]: DEBUG glance.api.middleware.version_negotiation [None req-87d70973-0b55-407b-8767-d0011ac05144 admin admin] Unknown version. Returning version choices. {{(pid=122999) process_request /opt/stack/glance/glance/api/middleware/version_negotiation.py:64}}
May 09 18:13:27 ubuntu devstack@g-api.service[122999]: [pid: 122999|app: 0|req: 10/18] 127.0.0.1 () {34 vars in 492 bytes} [Mon May  9 18:13:27 2022] GET / => generated 1213 bytes in 2 msecs (HTTP/1.1 300) 3 headers in 106 bytes (1 switches on core 0)
May 09 18:13:27 ubuntu devstack@g-api.service[122998]: DEBUG glance.api.middleware.version_negotiation [None req-5542e66a-bdf6-4ccb-9546-84eae8429246 admin admin] Determining version of request: GET /v2/images/8b2e4291-6fdb-4622-8897-b75490529558 Accept: */* {{(pid=122998) process_request /opt/stack/glance/glance/api/middleware/version_negotiation.py:44}}
May 09 18:13:27 ubuntu devstack@g-api.service[122998]: DEBUG glance.api.middleware.version_negotiation [None req-5542e66a-bdf6-4ccb-9546-84eae8429246 admin admin] Using url versioning {{(pid=122998) process_request /opt/stack/glance/glance/api/middleware/version_negotiation.py:57}}
May 09 18:13:27 ubuntu devstack@g-api.service[122998]: DEBUG glance.api.middleware.version_negotiation [None req-5542e66a-bdf6-4ccb-9546-84eae8429246 admin admin] Matched version: v2 {{(pid=122998) process_request /opt/stack/glance/glance/api/middleware/version_negotiation.py:69}}
May 09 18:13:27 ubuntu devstack@g-api.service[122998]: DEBUG glance.api.middleware.version_negotiation [None req-5542e66a-bdf6-4ccb-9546-84eae8429246 admin admin] new path /v2/images/8b2e4291-6fdb-4622-8897-b75490529558 {{(pid=122998) process_request /opt/stack/glance/glance/api/middleware/version_negotiation.py:70}}
May 09 18:13:27 ubuntu devstack@g-api.service[122998]: WARNING keystonemiddleware.auth_token [None req-5542e66a-bdf6-4ccb-9546-84eae8429246 admin admin] A valid token was submitted as a service token, but it was not a valid service token. This is incorrect but backwards compatible behaviour. This will be removed in future releases.
May 09 18:13:27 ubuntu devstack@g-api.service[122998]: [pid: 122998|app: 0|req: 9/19] 127.0.0.1 () {42 vars in 1049 bytes} [Mon May  9 18:13:27 2022] GET /v2/images/8b2e4291-6fdb-4622-8897-b75490529558 => generated 976 bytes in 97 msecs (HTTP/1.1 200) 4 headers in 157 bytes (1 switches on core 0)
May 09 18:13:27 ubuntu devstack@g-api.service[122999]: DEBUG glance.api.middleware.version_negotiation [None req-87d70973-0b55-407b-8767-d0011ac05144 admin admin] Determining version of request: GET /v2/schemas/image Accept: */* {{(pid=122999) process_request /opt/stack/glance/glance/api/middleware/version_negotiation.py:44}}
May 09 18:13:27 ubuntu devstack@g-api.service[122999]: DEBUG glance.api.middleware.version_negotiation [None req-87d70973-0b55-407b-8767-d0011ac05144 admin admin] Using url versioning {{(pid=122999) process_request /opt/stack/glance/glance/api/middleware/version_negotiation.py:57}}
May 09 18:13:27 ubuntu devstack@g-api.service[122999]: DEBUG glance.api.middleware.version_negotiation [None req-87d70973-0b55-407b-8767-d0011ac05144 admin admin] Matched version: v2 {{(pid=122999) process_request /opt/stack/glance/glance/api/middleware/version_negotiation.py:69}}
May 09 18:13:27 ubuntu devstack@g-api.service[122999]: DEBUG glance.api.middleware.version_negotiation [None req-87d70973-0b55-407b-8767-d0011ac05144 admin admin] new path /v2/schemas/image {{(pid=122999) process_request /opt/stack/glance/glance/api/middleware/version_negotiation.py:70}}
May 09 18:13:27 ubuntu devstack@g-api.service[122999]: WARNING keystonemiddleware.auth_token [None req-87d70973-0b55-407b-8767-d0011ac05144 admin admin] A valid token was submitted as a service token, but it was not a valid service token. This is incorrect but backwards compatible behaviour. This will be removed in future releases.
May 09 18:13:27 ubuntu devstack@g-api.service[122999]: [pid: 122999|app: 0|req: 11/20] 127.0.0.1 () {42 vars in 989 bytes} [Mon May  9 18:13:27 2022] GET /v2/schemas/image => generated 6083 bytes in 6 msecs (HTTP/1.1 200) 4 headers in 158 bytes (1 switches on core 0)
May 09 18:13:30 ubuntu devstack@g-api.service[122998]: DEBUG glance.api.middleware.version_negotiation [None req-08aca21b-df4e-4f6e-94f4-a5d74475fc5a tempest-VolumesAdminNegativeTest-1180776884 tempest-VolumesAdminNegativeTest-1180776884-project] Determining version of request: GET /v2/images/8b2e4291-6fdb-4622-8897-b75490529558 Accept: */* {{(pid=122998) process_request /opt/stack/glance/glance/api/middleware/version_negotiation.py:44}}
May 09 18:13:30 ubuntu devstack@g-api.service[122998]: DEBUG glance.api.middleware.version_negotiation [None req-08aca21b-df4e-4f6e-94f4-a5d74475fc5a tempest-VolumesAdminNegativeTest-1180776884 tempest-VolumesAdminNegativeTest-1180776884-project] Using url versioning {{(pid=122998) process_request /opt/stack/glance/glance/api/middleware/version_negotiation.py:57}}
May 09 18:13:30 ubuntu devstack@g-api.service[122998]: DEBUG glance.api.middleware.version_negotiation [None req-08aca21b-df4e-4f6e-94f4-a5d74475fc5a tempest-VolumesAdminNegativeTest-1180776884 tempest-VolumesAdminNegativeTest-1180776884-project] Matched version: v2 {{(pid=122998) process_request /opt/stack/glance/glance/api/middleware/version_negotiation.py:69}}
May 09 18:13:30 ubuntu devstack@g-api.service[122998]: DEBUG glance.api.middleware.version_negotiation [None req-08aca21b-df4e-4f6e-94f4-a5d74475fc5a tempest-VolumesAdminNegativeTest-1180776884 tempest-VolumesAdminNegativeTest-1180776884-project] new path /v2/images/8b2e4291-6fdb-4622-8897-b75490529558 {{(pid=122998) process_request /opt/stack/glance/glance/api/middleware/version_negotiation.py:70}}
May 09 18:13:30 ubuntu devstack@g-api.service[122998]: [pid: 122998|app: 0|req: 10/21] 127.0.0.1 () {42 vars in 1049 bytes} [Mon May  9 18:13:30 2022] GET /v2/images/8b2e4291-6fdb-4622-8897-b75490529558 => generated 976 bytes in 14 msecs (HTTP/1.1 200) 4 headers in 157 bytes (1 switches on core 0)
May 09 18:13:30 ubuntu devstack@g-api.service[122999]: DEBUG glance.api.middleware.version_negotiation [None req-08aca21b-df4e-4f6e-94f4-a5d74475fc5a tempest-VolumesAdminNegativeTest-1180776884 tempest-VolumesAdminNegativeTest-1180776884-project] Determining version of request: GET /v2/images/8b2e4291-6fdb-4622-8897-b75490529558/file Accept: */* {{(pid=122999) process_request /opt/stack/glance/glance/api/middleware/version_negotiation.py:44}}
May 09 18:13:30 ubuntu devstack@g-api.service[122999]: DEBUG glance.api.middleware.version_negotiation [None req-08aca21b-df4e-4f6e-94f4-a5d74475fc5a tempest-VolumesAdminNegativeTest-1180776884 tempest-VolumesAdminNegativeTest-1180776884-project] Using url versioning {{(pid=122999) process_request /opt/stack/glance/glance/api/middleware/version_negotiation.py:57}}
May 09 18:13:30 ubuntu devstack@g-api.service[122999]: DEBUG glance.api.middleware.version_negotiation [None req-08aca21b-df4e-4f6e-94f4-a5d74475fc5a tempest-VolumesAdminNegativeTest-1180776884 tempest-VolumesAdminNegativeTest-1180776884-project] Matched version: v2 {{(pid=122999) process_request /opt/stack/glance/glance/api/middleware/version_negotiation.py:69}}
May 09 18:13:30 ubuntu devstack@g-api.service[122999]: DEBUG glance.api.middleware.version_negotiation [None req-08aca21b-df4e-4f6e-94f4-a5d74475fc5a tempest-VolumesAdminNegativeTest-1180776884 tempest-VolumesAdminNegativeTest-1180776884-project] new path /v2/images/8b2e4291-6fdb-4622-8897-b75490529558/file {{(pid=122999) process_request /opt/stack/glance/glance/api/middleware/version_negotiation.py:70}}
May 09 18:13:30 ubuntu devstack@g-api.service[122999]: DEBUG glance_store.backend [None req-08aca21b-df4e-4f6e-94f4-a5d74475fc5a tempest-VolumesAdminNegativeTest-1180776884 tempest-VolumesAdminNegativeTest-1180776884-project] Attempting to import store swift {{(pid=122999) _load_store /usr/local/lib/python3.8/dist-packages/glance_store/backend.py:217}}
May 09 18:13:30 ubuntu devstack@g-api.service[122999]: DEBUG glance_store.capabilities [None req-08aca21b-df4e-4f6e-94f4-a5d74475fc5a tempest-VolumesAdminNegativeTest-1180776884 tempest-VolumesAdminNegativeTest-1180776884-project] Store glance_store._drivers.swift.store.SingleTenantStore doesn't support updating dynamic storage capabilities. Please overwrite 'update_capabilities' method of the store to implement updating logics if needed. {{(pid=122999) update_capabilities /usr/local/lib/python3.8/dist-packages/glance_store/capabilities.py:91}}
May 09 18:13:30 ubuntu devstack@g-api.service[122999]: DEBUG glance_store.driver [None req-08aca21b-df4e-4f6e-94f4-a5d74475fc5a tempest-VolumesAdminNegativeTest-1180776884 tempest-VolumesAdminNegativeTest-1180776884-project] Late loading location class glance_store._drivers.swift.store.StoreLocation {{(pid=122999) get_store_location_class /usr/local/lib/python3.8/dist-packages/glance_store/driver.py:117}}
May 09 18:13:30 ubuntu devstack@g-api.service[122999]: DEBUG glance_store.location [None req-08aca21b-df4e-4f6e-94f4-a5d74475fc5a tempest-VolumesAdminNegativeTest-1180776884 tempest-VolumesAdminNegativeTest-1180776884-project] Registering scheme swift+https with {'store': <glance_store._drivers.swift.store.SingleTenantStore object at 0x7fc37976f6a0>, 'location_class': <class 'glance_store._drivers.swift.store.StoreLocation'>, 'store_entry': 'swift'} {{(pid=122999) register_scheme_map /usr/local/lib/python3.8/dist-packages/glance_store/location.py:146}}
May 09 18:13:30 ubuntu devstack@g-api.service[122999]: DEBUG glance_store.location [None req-08aca21b-df4e-4f6e-94f4-a5d74475fc5a tempest-VolumesAdminNegativeTest-1180776884 tempest-VolumesAdminNegativeTest-1180776884-project] Registering scheme swift+https with {'store': <glance_store._drivers.swift.store.SingleTenantStore object at 0x7fc37976f6a0>, 'location_class': <class 'glance_store._drivers.swift.store.StoreLocation'>, 'store_entry': 'swift'} {{(pid=122999) register_scheme_map /usr/local/lib/python3.8/dist-packages/glance_store/location.py:146}}
May 09 18:13:30 ubuntu devstack@g-api.service[122999]: DEBUG glance_store.location [None req-08aca21b-df4e-4f6e-94f4-a5d74475fc5a tempest-VolumesAdminNegativeTest-1180776884 tempest-VolumesAdminNegativeTest-1180776884-project] Registering scheme swift with {'store': <glance_store._drivers.swift.store.SingleTenantStore object at 0x7fc37976f6a0>, 'location_class': <class 'glance_store._drivers.swift.store.StoreLocation'>, 'store_entry': 'swift'} {{(pid=122999) register_scheme_map /usr/local/lib/python3.8/dist-packages/glance_store/location.py:146}}
May 09 18:13:30 ubuntu devstack@g-api.service[122999]: DEBUG glance_store.location [None req-08aca21b-df4e-4f6e-94f4-a5d74475fc5a tempest-VolumesAdminNegativeTest-1180776884 tempest-VolumesAdminNegativeTest-1180776884-project] Registering scheme swift+https with {'store': <glance_store._drivers.swift.store.SingleTenantStore object at 0x7fc37976f6a0>, 'location_class': <class 'glance_store._drivers.swift.store.StoreLocation'>, 'store_entry': 'swift'} {{(pid=122999) register_scheme_map /usr/local/lib/python3.8/dist-packages/glance_store/location.py:146}}
May 09 18:13:30 ubuntu devstack@g-api.service[122999]: DEBUG glance_store.location [None req-08aca21b-df4e-4f6e-94f4-a5d74475fc5a tempest-VolumesAdminNegativeTest-1180776884 tempest-VolumesAdminNegativeTest-1180776884-project] Registering scheme swift with {'store': <glance_store._drivers.swift.store.SingleTenantStore object at 0x7fc37976f6a0>, 'location_class': <class 'glance_store._drivers.swift.store.StoreLocation'>, 'store_entry': 'swift'} {{(pid=122999) register_scheme_map /usr/local/lib/python3.8/dist-packages/glance_store/location.py:146}}
May 09 18:13:30 ubuntu devstack@g-api.service[122999]: DEBUG glance_store.location [None req-08aca21b-df4e-4f6e-94f4-a5d74475fc5a tempest-VolumesAdminNegativeTest-1180776884 tempest-VolumesAdminNegativeTest-1180776884-project] Registering scheme swift+http with {'store': <glance_store._drivers.swift.store.SingleTenantStore object at 0x7fc37976f6a0>, 'location_class': <class 'glance_store._drivers.swift.store.StoreLocation'>, 'store_entry': 'swift'} {{(pid=122999) register_scheme_map /usr/local/lib/python3.8/dist-packages/glance_store/location.py:146}}
May 09 18:13:30 ubuntu devstack@g-api.service[122999]: DEBUG glance_store.location [None req-08aca21b-df4e-4f6e-94f4-a5d74475fc5a tempest-VolumesAdminNegativeTest-1180776884 tempest-VolumesAdminNegativeTest-1180776884-project] Registering scheme swift+https with {'store': <glance_store._drivers.swift.store.SingleTenantStore object at 0x7fc37976f6a0>, 'location_class': <class 'glance_store._drivers.swift.store.StoreLocation'>, 'store_entry': 'swift'} {{(pid=122999) register_scheme_map /usr/local/lib/python3.8/dist-packages/glance_store/location.py:146}}
May 09 18:13:30 ubuntu devstack@g-api.service[122999]: DEBUG glance_store.location [None req-08aca21b-df4e-4f6e-94f4-a5d74475fc5a tempest-VolumesAdminNegativeTest-1180776884 tempest-VolumesAdminNegativeTest-1180776884-project] Registering scheme swift with {'store': <glance_store._drivers.swift.store.SingleTenantStore object at 0x7fc37976f6a0>, 'location_class': <class 'glance_store._drivers.swift.store.StoreLocation'>, 'store_entry': 'swift'} {{(pid=122999) register_scheme_map /usr/local/lib/python3.8/dist-packages/glance_store/location.py:146}}
May 09 18:13:30 ubuntu devstack@g-api.service[122999]: DEBUG glance_store.location [None req-08aca21b-df4e-4f6e-94f4-a5d74475fc5a tempest-VolumesAdminNegativeTest-1180776884 tempest-VolumesAdminNegativeTest-1180776884-project] Registering scheme swift+http with {'store': <glance_store._drivers.swift.store.SingleTenantStore object at 0x7fc37976f6a0>, 'location_class': <class 'glance_store._drivers.swift.store.StoreLocation'>, 'store_entry': 'swift'} {{(pid=122999) register_scheme_map /usr/local/lib/python3.8/dist-packages/glance_store/location.py:146}}
May 09 18:13:30 ubuntu devstack@g-api.service[122999]: DEBUG glance_store.location [None req-08aca21b-df4e-4f6e-94f4-a5d74475fc5a tempest-VolumesAdminNegativeTest-1180776884 tempest-VolumesAdminNegativeTest-1180776884-project] Registering scheme swift+config with {'store': <glance_store._drivers.swift.store.SingleTenantStore object at 0x7fc37976f6a0>, 'location_class': <class 'glance_store._drivers.swift.store.StoreLocation'>, 'store_entry': 'swift'} {{(pid=122999) register_scheme_map /usr/local/lib/python3.8/dist-packages/glance_store/location.py:146}}
May 09 18:13:30 ubuntu devstack@g-api.service[122999]: DEBUG swiftclient [None req-08aca21b-df4e-4f6e-94f4-a5d74475fc5a tempest-VolumesAdminNegativeTest-1180776884 tempest-VolumesAdminNegativeTest-1180776884-project] REQ: curl -i http://192.168.79.43:8080/v1/AUTH_ed56e1d1a0cd4374a9a1d63b62bca786/glance/8b2e4291-6fdb-4622-8897-b75490529558 -X GET -H "X-Auth-Token: gAAAAABieVnKV-Cr..." {{(pid=122999) http_log /usr/local/lib/python3.8/dist-packages/swiftclient/client.py:187}}
May 09 18:13:30 ubuntu devstack@g-api.service[122999]: DEBUG swiftclient [None req-08aca21b-df4e-4f6e-94f4-a5d74475fc5a tempest-VolumesAdminNegativeTest-1180776884 tempest-VolumesAdminNegativeTest-1180776884-project] RESP STATUS: 200 OK {{(pid=122999) http_log /usr/local/lib/python3.8/dist-packages/swiftclient/client.py:188}}
May 09 18:13:30 ubuntu devstack@g-api.service[122999]: DEBUG swiftclient [None req-08aca21b-df4e-4f6e-94f4-a5d74475fc5a tempest-VolumesAdminNegativeTest-1180776884 tempest-VolumesAdminNegativeTest-1180776884-project] RESP HEADERS: {'Content-Type': 'application/octet-stream', 'Etag': '1d3062cd89af34e419f7100277f38b2b', 'Last-Modified': 'Mon, 09 May 2022 18:08:32 GMT', 'X-Timestamp': '1652119711.49557', 'Accept-Ranges': 'bytes', 'Content-Length': '16338944', 'X-Trans-Id': 'txe28bc35634c848999c134-00627959ca', 'X-Openstack-Request-Id': 'txe28bc35634c848999c134-00627959ca', 'Date': 'Mon, 09 May 2022 18:13:30 GMT'} {{(pid=122999) http_log /usr/local/lib/python3.8/dist-packages/swiftclient/client.py:189}}
May 09 18:13:30 ubuntu devstack@g-api.service[122999]: DEBUG glance.image_cache [None req-08aca21b-df4e-4f6e-94f4-a5d74475fc5a tempest-VolumesAdminNegativeTest-1180776884 tempest-VolumesAdminNegativeTest-1180776884-project] Tee'ing image '8b2e4291-6fdb-4622-8897-b75490529558' into cache {{(pid=122999) get_caching_iter /opt/stack/glance/glance/image_cache/__init__.py:343}}
May 09 18:13:30 ubuntu devstack@g-api.service[122999]: DEBUG glance.image_cache.drivers.sqlite [None req-08aca21b-df4e-4f6e-94f4-a5d74475fc5a tempest-VolumesAdminNegativeTest-1180776884 tempest-VolumesAdminNegativeTest-1180776884-project] Fetch finished, moving '/opt/stack/data/glance/cache/incomplete/8b2e4291-6fdb-4622-8897-b75490529558' to '/opt/stack/data/glance/cache/8b2e4291-6fdb-4622-8897-b75490529558' {{(pid=122999) commit /opt/stack/glance/glance/image_cache/drivers/sqlite.py:324}}
May 09 18:13:30 ubuntu devstack@g-api.service[122999]: [pid: 122999|app: 0|req: 12/22] 127.0.0.1 () {42 vars in 1059 bytes} [Mon May  9 18:13:30 2022] GET /v2/images/8b2e4291-6fdb-4622-8897-b75490529558/file => generated 16338944 bytes in 432 msecs (HTTP/1.1 200) 4 headers in 191 bytes (250 switches on core 0)
May 09 18:14:09 ubuntu devstack@g-api.service[122998]: DEBUG glance.api.middleware.version_negotiation [None req-08aca21b-df4e-4f6e-94f4-a5d74475fc5a tempest-VolumesAdminNegativeTest-1180776884 tempest-VolumesAdminNegativeTest-1180776884-project] Determining version of request: GET / Accept: application/json {{(pid=122998) process_request /opt/stack/glance/glance/api/middleware/version_negotiation.py:44}}
May 09 18:14:09 ubuntu devstack@g-api.service[122998]: DEBUG glance.api.middleware.version_negotiation [None req-08aca21b-df4e-4f6e-94f4-a5d74475fc5a tempest-VolumesAdminNegativeTest-1180776884 tempest-VolumesAdminNegativeTest-1180776884-project] Using url versioning {{(pid=122998) process_request /opt/stack/glance/glance/api/middleware/version_negotiation.py:57}}
May 09 18:14:09 ubuntu devstack@g-api.service[122998]: DEBUG glance.api.middleware.version_negotiation [None req-08aca21b-df4e-4f6e-94f4-a5d74475fc5a tempest-VolumesAdminNegativeTest-1180776884 tempest-VolumesAdminNegativeTest-1180776884-project] Unknown version. Returning version choices. {{(pid=122998) process_request /opt/stack/glance/glance/api/middleware/version_negotiation.py:64}}
May 09 18:14:09 ubuntu devstack@g-api.service[122998]: [pid: 122998|app: 0|req: 11/23] 127.0.0.1 () {34 vars in 492 bytes} [Mon May  9 18:14:09 2022] GET / => generated 1213 bytes in 5 msecs (HTTP/1.1 300) 3 headers in 106 bytes (1 switches on core 0)
May 09 18:14:09 ubuntu devstack@g-api.service[122999]: DEBUG glance.api.middleware.version_negotiation [None req-08aca21b-df4e-4f6e-94f4-a5d74475fc5a tempest-VolumesAdminNegativeTest-1180776884 tempest-VolumesAdminNegativeTest-1180776884-project] Determining version of request: GET /v2/images/8b2e4291-6fdb-4622-8897-b75490529558 Accept: */* {{(pid=122999) process_request /opt/stack/glance/glance/api/middleware/version_negotiation.py:44}}
May 09 18:14:09 ubuntu devstack@g-api.service[122999]: DEBUG glance.api.middleware.version_negotiation [None req-08aca21b-df4e-4f6e-94f4-a5d74475fc5a tempest-VolumesAdminNegativeTest-1180776884 tempest-VolumesAdminNegativeTest-1180776884-project] Using url versioning {{(pid=122999) process_request /opt/stack/glance/glance/api/middleware/version_negotiation.py:57}}
May 09 18:14:09 ubuntu devstack@g-api.service[122999]: DEBUG glance.api.middleware.version_negotiation [None req-08aca21b-df4e-4f6e-94f4-a5d74475fc5a tempest-VolumesAdminNegativeTest-1180776884 tempest-VolumesAdminNegativeTest-1180776884-project] Matched version: v2 {{(pid=122999) process_request /opt/stack/glance/glance/api/middleware/version_negotiation.py:69}}
May 09 18:14:09 ubuntu devstack@g-api.service[122999]: DEBUG glance.api.middleware.version_negotiation [None req-08aca21b-df4e-4f6e-94f4-a5d74475fc5a tempest-VolumesAdminNegativeTest-1180776884 tempest-VolumesAdminNegativeTest-1180776884-project] new path /v2/images/8b2e4291-6fdb-4622-8897-b75490529558 {{(pid=122999) process_request /opt/stack/glance/glance/api/middleware/version_negotiation.py:70}}
May 09 18:14:09 ubuntu devstack@g-api.service[122999]: [pid: 122999|app: 0|req: 13/24] 127.0.0.1 () {42 vars in 1049 bytes} [Mon May  9 18:14:09 2022] GET /v2/images/8b2e4291-6fdb-4622-8897-b75490529558 => generated 976 bytes in 18 msecs (HTTP/1.1 200) 4 headers in 157 bytes (1 switches on core 0)
May 09 18:14:09 ubuntu devstack@g-api.service[122998]: DEBUG glance.api.middleware.version_negotiation [None req-08aca21b-df4e-4f6e-94f4-a5d74475fc5a tempest-VolumesAdminNegativeTest-1180776884 tempest-VolumesAdminNegativeTest-1180776884-project] Determining version of request: GET /v2/schemas/image Accept: */* {{(pid=122998) process_request /opt/stack/glance/glance/api/middleware/version_negotiation.py:44}}
May 09 18:14:09 ubuntu devstack@g-api.service[122998]: DEBUG glance.api.middleware.version_negotiation [None req-08aca21b-df4e-4f6e-94f4-a5d74475fc5a tempest-VolumesAdminNegativeTest-1180776884 tempest-VolumesAdminNegativeTest-1180776884-project] Using url versioning {{(pid=122998) process_request /opt/stack/glance/glance/api/middleware/version_negotiation.py:57}}
May 09 18:14:09 ubuntu devstack@g-api.service[122998]: DEBUG glance.api.middleware.version_negotiation [None req-08aca21b-df4e-4f6e-94f4-a5d74475fc5a tempest-VolumesAdminNegativeTest-1180776884 tempest-VolumesAdminNegativeTest-1180776884-project] Matched version: v2 {{(pid=122998) process_request /opt/stack/glance/glance/api/middleware/version_negotiation.py:69}}
May 09 18:14:09 ubuntu devstack@g-api.service[122998]: DEBUG glance.api.middleware.version_negotiation [None req-08aca21b-df4e-4f6e-94f4-a5d74475fc5a tempest-VolumesAdminNegativeTest-1180776884 tempest-VolumesAdminNegativeTest-1180776884-project] new path /v2/schemas/image {{(pid=122998) process_request /opt/stack/glance/glance/api/middleware/version_negotiation.py:70}}
May 09 18:14:09 ubuntu devstack@g-api.service[122998]: [pid: 122998|app: 0|req: 12/25] 127.0.0.1 () {42 vars in 989 bytes} [Mon May  9 18:14:09 2022] GET /v2/schemas/image => generated 6083 bytes in 8 msecs (HTTP/1.1 200) 4 headers in 158 bytes (1 switches on core 0)
May 09 18:14:34 ubuntu devstack@g-api.service[122999]: DEBUG glance.api.middleware.version_negotiation [None req-5435c183-bfa6-4f8e-acc1-bf7353f2fd1d tempest-DeleteServersTestJSON-1232115884 tempest-DeleteServersTestJSON-1232115884-project] Determining version of request: GET /v2/images/8b2e4291-6fdb-4622-8897-b75490529558 Accept: */* {{(pid=122999) process_request /opt/stack/glance/glance/api/middleware/version_negotiation.py:44}}
May 09 18:14:34 ubuntu devstack@g-api.service[122999]: DEBUG glance.api.middleware.version_negotiation [None req-5435c183-bfa6-4f8e-acc1-bf7353f2fd1d tempest-DeleteServersTestJSON-1232115884 tempest-DeleteServersTestJSON-1232115884-project] Using url versioning {{(pid=122999) process_request /opt/stack/glance/glance/api/middleware/version_negotiation.py:57}}
May 09 18:14:34 ubuntu devstack@g-api.service[122999]: DEBUG glance.api.middleware.version_negotiation [None req-5435c183-bfa6-4f8e-acc1-bf7353f2fd1d tempest-DeleteServersTestJSON-1232115884 tempest-DeleteServersTestJSON-1232115884-project] Matched version: v2 {{(pid=122999) process_request /opt/stack/glance/glance/api/middleware/version_negotiation.py:69}}
May 09 18:14:34 ubuntu devstack@g-api.service[122999]: DEBUG glance.api.middleware.version_negotiation [None req-5435c183-bfa6-4f8e-acc1-bf7353f2fd1d tempest-DeleteServersTestJSON-1232115884 tempest-DeleteServersTestJSON-1232115884-project] new path /v2/images/8b2e4291-6fdb-4622-8897-b75490529558 {{(pid=122999) process_request /opt/stack/glance/glance/api/middleware/version_negotiation.py:70}}
May 09 18:14:34 ubuntu devstack@g-api.service[122999]: [pid: 122999|app: 0|req: 14/26] 127.0.0.1 () {42 vars in 1049 bytes} [Mon May  9 18:14:34 2022] GET /v2/images/8b2e4291-6fdb-4622-8897-b75490529558 => generated 976 bytes in 21 msecs (HTTP/1.1 200) 4 headers in 157 bytes (1 switches on core 0)
May 09 18:14:34 ubuntu devstack@g-api.service[122998]: DEBUG glance.api.middleware.version_negotiation [None req-5435c183-bfa6-4f8e-acc1-bf7353f2fd1d tempest-DeleteServersTestJSON-1232115884 tempest-DeleteServersTestJSON-1232115884-project] Determining version of request: GET /v2/schemas/image Accept: */* {{(pid=122998) process_request /opt/stack/glance/glance/api/middleware/version_negotiation.py:44}}
May 09 18:14:34 ubuntu devstack@g-api.service[122998]: DEBUG glance.api.middleware.version_negotiation [None req-5435c183-bfa6-4f8e-acc1-bf7353f2fd1d tempest-DeleteServersTestJSON-1232115884 tempest-DeleteServersTestJSON-1232115884-project] Using url versioning {{(pid=122998) process_request /opt/stack/glance/glance/api/middleware/version_negotiation.py:57}}
