Jul 05 15:13:19 ubuntu devstack@g-api.service[124499]: DEBUG glance_store.backend [None req-fc6177f4-4193-4ded-b1a8-119cb99acb7e admin admin] Attempting to import store swift {{(pid=124499) _load_store /usr/local/lib/python3.8/dist-packages/glance_store/backend.py:217}}
Jul 05 15:13:19 ubuntu devstack@g-api.service[124499]: DEBUG glance_store.capabilities [None req-fc6177f4-4193-4ded-b1a8-119cb99acb7e admin admin] Store glance_store._drivers.swift.store.SingleTenantStore doesn't support updating dynamic storage capabilities. Please overwrite 'update_capabilities' method of the store to implement updating logics if needed. {{(pid=124499) update_capabilities /usr/local/lib/python3.8/dist-packages/glance_store/capabilities.py:91}}
Jul 05 15:13:19 ubuntu devstack@g-api.service[124499]: DEBUG glance_store.driver [None req-fc6177f4-4193-4ded-b1a8-119cb99acb7e admin admin] Late loading location class glance_store._drivers.swift.store.StoreLocation {{(pid=124499) get_store_location_class /usr/local/lib/python3.8/dist-packages/glance_store/driver.py:117}}
Jul 05 15:13:19 ubuntu devstack@g-api.service[124499]: DEBUG glance_store.location [None req-fc6177f4-4193-4ded-b1a8-119cb99acb7e admin admin] Registering scheme swift+https with {'store': <glance_store._drivers.swift.store.SingleTenantStore object at 0x7f220ca6f100>, 'location_class': <class 'glance_store._drivers.swift.store.StoreLocation'>, 'store_entry': 'swift'} {{(pid=124499) register_scheme_map /usr/local/lib/python3.8/dist-packages/glance_store/location.py:146}}
Jul 05 15:13:19 ubuntu devstack@g-api.service[124499]: DEBUG glance_store.location [None req-fc6177f4-4193-4ded-b1a8-119cb99acb7e admin admin] Registering scheme swift+https with {'store': <glance_store._drivers.swift.store.SingleTenantStore object at 0x7f220ca6f100>, 'location_class': <class 'glance_store._drivers.swift.store.StoreLocation'>, 'store_entry': 'swift'} {{(pid=124499) register_scheme_map /usr/local/lib/python3.8/dist-packages/glance_store/location.py:146}}
Jul 05 15:13:19 ubuntu devstack@g-api.service[124499]: DEBUG glance_store.location [None req-fc6177f4-4193-4ded-b1a8-119cb99acb7e admin admin] Registering scheme swift with {'store': <glance_store._drivers.swift.store.SingleTenantStore object at 0x7f220ca6f100>, 'location_class': <class 'glance_store._drivers.swift.store.StoreLocation'>, 'store_entry': 'swift'} {{(pid=124499) register_scheme_map /usr/local/lib/python3.8/dist-packages/glance_store/location.py:146}}
Jul 05 15:13:19 ubuntu devstack@g-api.service[124499]: DEBUG glance_store.location [None req-fc6177f4-4193-4ded-b1a8-119cb99acb7e admin admin] Registering scheme swift+https with {'store': <glance_store._drivers.swift.store.SingleTenantStore object at 0x7f220ca6f100>, 'location_class': <class 'glance_store._drivers.swift.store.StoreLocation'>, 'store_entry': 'swift'} {{(pid=124499) register_scheme_map /usr/local/lib/python3.8/dist-packages/glance_store/location.py:146}}
Jul 05 15:13:19 ubuntu devstack@g-api.service[124499]: DEBUG glance_store.location [None req-fc6177f4-4193-4ded-b1a8-119cb99acb7e admin admin] Registering scheme swift with {'store': <glance_store._drivers.swift.store.SingleTenantStore object at 0x7f220ca6f100>, 'location_class': <class 'glance_store._drivers.swift.store.StoreLocation'>, 'store_entry': 'swift'} {{(pid=124499) register_scheme_map /usr/local/lib/python3.8/dist-packages/glance_store/location.py:146}}
Jul 05 15:13:19 ubuntu devstack@g-api.service[124499]: DEBUG glance_store.location [None req-fc6177f4-4193-4ded-b1a8-119cb99acb7e admin admin] Registering scheme swift+http with {'store': <glance_store._drivers.swift.store.SingleTenantStore object at 0x7f220ca6f100>, 'location_class': <class 'glance_store._drivers.swift.store.StoreLocation'>, 'store_entry': 'swift'} {{(pid=124499) register_scheme_map /usr/local/lib/python3.8/dist-packages/glance_store/location.py:146}}
Jul 05 15:13:19 ubuntu devstack@g-api.service[124499]: DEBUG glance_store.location [None req-fc6177f4-4193-4ded-b1a8-119cb99acb7e admin admin] Registering scheme swift+https with {'store': <glance_store._drivers.swift.store.SingleTenantStore object at 0x7f220ca6f100>, 'location_class': <class 'glance_store._drivers.swift.store.StoreLocation'>, 'store_entry': 'swift'} {{(pid=124499) register_scheme_map /usr/local/lib/python3.8/dist-packages/glance_store/location.py:146}}
Jul 05 15:13:19 ubuntu devstack@g-api.service[124499]: DEBUG glance_store.location [None req-fc6177f4-4193-4ded-b1a8-119cb99acb7e admin admin] Registering scheme swift with {'store': <glance_store._drivers.swift.store.SingleTenantStore object at 0x7f220ca6f100>, 'location_class': <class 'glance_store._drivers.swift.store.StoreLocation'>, 'store_entry': 'swift'} {{(pid=124499) register_scheme_map /usr/local/lib/python3.8/dist-packages/glance_store/location.py:146}}
Jul 05 15:13:19 ubuntu devstack@g-api.service[124499]: DEBUG glance_store.location [None req-fc6177f4-4193-4ded-b1a8-119cb99acb7e admin admin] Registering scheme swift+http with {'store': <glance_store._drivers.swift.store.SingleTenantStore object at 0x7f220ca6f100>, 'location_class': <class 'glance_store._drivers.swift.store.StoreLocation'>, 'store_entry': 'swift'} {{(pid=124499) register_scheme_map /usr/local/lib/python3.8/dist-packages/glance_store/location.py:146}}
Jul 05 15:13:19 ubuntu devstack@g-api.service[124499]: DEBUG glance_store.location [None req-fc6177f4-4193-4ded-b1a8-119cb99acb7e admin admin] Registering scheme swift+config with {'store': <glance_store._drivers.swift.store.SingleTenantStore object at 0x7f220ca6f100>, 'location_class': <class 'glance_store._drivers.swift.store.StoreLocation'>, 'store_entry': 'swift'} {{(pid=124499) register_scheme_map /usr/local/lib/python3.8/dist-packages/glance_store/location.py:146}}
Jul 05 15:13:19 ubuntu devstack@g-api.service[124499]: DEBUG glance_store.backend [None req-fc6177f4-4193-4ded-b1a8-119cb99acb7e admin admin] Skipping store.set_acls... not implemented. {{(pid=124499) set_acls /usr/local/lib/python3.8/dist-packages/glance_store/backend.py:509}}
Jul 05 15:13:19 ubuntu devstack@g-api.service[124499]: [pid: 124499|app: 0|req: 3/4] 127.0.0.1 () {40 vars in 862 bytes} [Tue Jul  5 15:13:17 2022] PUT /v2/images/51353dca-e472-478f-ad90-0101b6dcfd3e/file => generated 0 bytes in 2096 msecs (HTTP/1.1 204) 4 headers in 171 bytes (1 switches on core 0)
Jul 05 15:13:27 ubuntu devstack@g-api.service[124500]: DEBUG dbcounter [-] [124500] Writing DB stats glance:SELECT=9,glance:INSERT=5 {{(pid=124500) stat_writer /usr/local/lib/python3.8/dist-packages/dbcounter.py:114}}
Jul 05 15:13:29 ubuntu devstack@g-api.service[124499]: DEBUG dbcounter [-] [124499] Writing DB stats glance:SELECT=28,glance:UPDATE=2,glance:INSERT=1 {{(pid=124499) stat_writer /usr/local/lib/python3.8/dist-packages/dbcounter.py:114}}
Jul 05 15:14:09 ubuntu devstack@g-api.service[124500]: DEBUG glance.api.middleware.version_negotiation [None req-71b3a51a-4926-472c-89da-4fdad86ed00e admin admin] Determining version of request: GET / Accept: application/json {{(pid=124500) process_request /opt/stack/glance/glance/api/middleware/version_negotiation.py:44}}
Jul 05 15:14:09 ubuntu devstack@g-api.service[124500]: DEBUG glance.api.middleware.version_negotiation [None req-71b3a51a-4926-472c-89da-4fdad86ed00e admin admin] Using url versioning {{(pid=124500) process_request /opt/stack/glance/glance/api/middleware/version_negotiation.py:57}}
Jul 05 15:14:09 ubuntu devstack@g-api.service[124500]: DEBUG glance.api.middleware.version_negotiation [None req-71b3a51a-4926-472c-89da-4fdad86ed00e admin admin] Unknown version. Returning version choices. {{(pid=124500) process_request /opt/stack/glance/glance/api/middleware/version_negotiation.py:64}}
Jul 05 15:14:09 ubuntu devstack@g-api.service[124500]: [pid: 124500|app: 0|req: 2/5] 127.0.0.1 () {34 vars in 506 bytes} [Tue Jul  5 15:14:09 2022] GET / => generated 1323 bytes in 2 msecs (HTTP/1.1 300) 3 headers in 106 bytes (1 switches on core 0)
Jul 05 15:14:09 ubuntu devstack@g-api.service[124499]: DEBUG glance.api.middleware.version_negotiation [None req-fc6177f4-4193-4ded-b1a8-119cb99acb7e admin admin] Determining version of request: GET /v2/images Accept: application/json {{(pid=124499) process_request /opt/stack/glance/glance/api/middleware/version_negotiation.py:44}}
Jul 05 15:14:09 ubuntu devstack@g-api.service[124499]: DEBUG glance.api.middleware.version_negotiation [None req-fc6177f4-4193-4ded-b1a8-119cb99acb7e admin admin] Using url versioning {{(pid=124499) process_request /opt/stack/glance/glance/api/middleware/version_negotiation.py:57}}
Jul 05 15:14:09 ubuntu devstack@g-api.service[124499]: DEBUG glance.api.middleware.version_negotiation [None req-fc6177f4-4193-4ded-b1a8-119cb99acb7e admin admin] Matched version: v2 {{(pid=124499) process_request /opt/stack/glance/glance/api/middleware/version_negotiation.py:69}}
Jul 05 15:14:09 ubuntu devstack@g-api.service[124499]: DEBUG glance.api.middleware.version_negotiation [None req-fc6177f4-4193-4ded-b1a8-119cb99acb7e admin admin] new path /v2/images {{(pid=124499) process_request /opt/stack/glance/glance/api/middleware/version_negotiation.py:70}}
Jul 05 15:14:09 ubuntu devstack@g-api.service[124499]: [pid: 124499|app: 0|req: 4/6] 127.0.0.1 () {36 vars in 728 bytes} [Tue Jul  5 15:14:09 2022] GET /v2/images => generated 1045 bytes in 125 msecs (HTTP/1.1 200) 4 headers in 158 bytes (1 switches on core 0)
Jul 05 15:14:15 ubuntu devstack@g-api.service[124500]: DEBUG glance.api.middleware.version_negotiation [None req-71b3a51a-4926-472c-89da-4fdad86ed00e admin admin] Determining version of request: GET / Accept: application/json {{(pid=124500) process_request /opt/stack/glance/glance/api/middleware/version_negotiation.py:44}}
Jul 05 15:14:15 ubuntu devstack@g-api.service[124500]: DEBUG glance.api.middleware.version_negotiation [None req-71b3a51a-4926-472c-89da-4fdad86ed00e admin admin] Using url versioning {{(pid=124500) process_request /opt/stack/glance/glance/api/middleware/version_negotiation.py:57}}
Jul 05 15:14:15 ubuntu devstack@g-api.service[124500]: DEBUG glance.api.middleware.version_negotiation [None req-71b3a51a-4926-472c-89da-4fdad86ed00e admin admin] Unknown version. Returning version choices. {{(pid=124500) process_request /opt/stack/glance/glance/api/middleware/version_negotiation.py:64}}
Jul 05 15:14:15 ubuntu devstack@g-api.service[124500]: [pid: 124500|app: 0|req: 3/7] 127.0.0.1 () {34 vars in 506 bytes} [Tue Jul  5 15:14:15 2022] GET / => generated 1323 bytes in 5 msecs (HTTP/1.1 300) 3 headers in 106 bytes (1 switches on core 0)
Jul 05 15:14:15 ubuntu devstack@g-api.service[124499]: DEBUG glance.api.middleware.version_negotiation [None req-860da5a8-ecf3-4bf5-90e4-4370e5c12a5c admin admin] Determining version of request: GET /v2/images/51353dca-e472-478f-ad90-0101b6dcfd3e Accept: */* {{(pid=124499) process_request /opt/stack/glance/glance/api/middleware/version_negotiation.py:44}}
Jul 05 15:14:15 ubuntu devstack@g-api.service[124499]: DEBUG glance.api.middleware.version_negotiation [None req-860da5a8-ecf3-4bf5-90e4-4370e5c12a5c admin admin] Using url versioning {{(pid=124499) process_request /opt/stack/glance/glance/api/middleware/version_negotiation.py:57}}
Jul 05 15:14:15 ubuntu devstack@g-api.service[124499]: DEBUG glance.api.middleware.version_negotiation [None req-860da5a8-ecf3-4bf5-90e4-4370e5c12a5c admin admin] Matched version: v2 {{(pid=124499) process_request /opt/stack/glance/glance/api/middleware/version_negotiation.py:69}}
Jul 05 15:14:15 ubuntu devstack@g-api.service[124499]: DEBUG glance.api.middleware.version_negotiation [None req-860da5a8-ecf3-4bf5-90e4-4370e5c12a5c admin admin] new path /v2/images/51353dca-e472-478f-ad90-0101b6dcfd3e {{(pid=124499) process_request /opt/stack/glance/glance/api/middleware/version_negotiation.py:70}}
Jul 05 15:14:15 ubuntu devstack@g-api.service[124499]: [pid: 124499|app: 0|req: 5/8] 127.0.0.1 () {36 vars in 789 bytes} [Tue Jul  5 15:14:15 2022] GET /v2/images/51353dca-e472-478f-ad90-0101b6dcfd3e => generated 976 bytes in 63 msecs (HTTP/1.1 200) 4 headers in 157 bytes (1 switches on core 0)
Jul 05 15:14:19 ubuntu devstack@g-api.service[124500]: DEBUG glance.api.middleware.version_negotiation [None req-71b3a51a-4926-472c-89da-4fdad86ed00e admin admin] Determining version of request: GET / Accept: application/json {{(pid=124500) process_request /opt/stack/glance/glance/api/middleware/version_negotiation.py:44}}
Jul 05 15:14:19 ubuntu devstack@g-api.service[124500]: DEBUG glance.api.middleware.version_negotiation [None req-71b3a51a-4926-472c-89da-4fdad86ed00e admin admin] Using url versioning {{(pid=124500) process_request /opt/stack/glance/glance/api/middleware/version_negotiation.py:57}}
Jul 05 15:14:19 ubuntu devstack@g-api.service[124500]: DEBUG glance.api.middleware.version_negotiation [None req-71b3a51a-4926-472c-89da-4fdad86ed00e admin admin] Unknown version. Returning version choices. {{(pid=124500) process_request /opt/stack/glance/glance/api/middleware/version_negotiation.py:64}}
Jul 05 15:14:19 ubuntu devstack@g-api.service[124500]: [pid: 124500|app: 0|req: 4/9] 127.0.0.1 () {34 vars in 506 bytes} [Tue Jul  5 15:14:19 2022] GET / => generated 1323 bytes in 2 msecs (HTTP/1.1 300) 3 headers in 106 bytes (1 switches on core 0)
Jul 05 15:14:19 ubuntu devstack@g-api.service[124499]: DEBUG glance.api.middleware.version_negotiation [None req-8296ced6-15b7-4dc0-9f6c-207f16dd5c56 admin admin] Determining version of request: GET /v2/images/51353dca-e472-478f-ad90-0101b6dcfd3e Accept: */* {{(pid=124499) process_request /opt/stack/glance/glance/api/middleware/version_negotiation.py:44}}
Jul 05 15:14:19 ubuntu devstack@g-api.service[124499]: DEBUG glance.api.middleware.version_negotiation [None req-8296ced6-15b7-4dc0-9f6c-207f16dd5c56 admin admin] Using url versioning {{(pid=124499) process_request /opt/stack/glance/glance/api/middleware/version_negotiation.py:57}}
Jul 05 15:14:19 ubuntu devstack@g-api.service[124499]: DEBUG glance.api.middleware.version_negotiation [None req-8296ced6-15b7-4dc0-9f6c-207f16dd5c56 admin admin] Matched version: v2 {{(pid=124499) process_request /opt/stack/glance/glance/api/middleware/version_negotiation.py:69}}
Jul 05 15:14:19 ubuntu devstack@g-api.service[124499]: DEBUG glance.api.middleware.version_negotiation [None req-8296ced6-15b7-4dc0-9f6c-207f16dd5c56 admin admin] new path /v2/images/51353dca-e472-478f-ad90-0101b6dcfd3e {{(pid=124499) process_request /opt/stack/glance/glance/api/middleware/version_negotiation.py:70}}
Jul 05 15:14:19 ubuntu devstack@g-api.service[124499]: [pid: 124499|app: 0|req: 6/10] 127.0.0.1 () {36 vars in 789 bytes} [Tue Jul  5 15:14:19 2022] GET /v2/images/51353dca-e472-478f-ad90-0101b6dcfd3e => generated 976 bytes in 40 msecs (HTTP/1.1 200) 4 headers in 157 bytes (1 switches on core 0)
Jul 05 15:14:29 ubuntu devstack@g-api.service[124499]: DEBUG dbcounter [-] [124499] Writing DB stats glance:SELECT=10 {{(pid=124499) stat_writer /usr/local/lib/python3.8/dist-packages/dbcounter.py:114}}
Jul 05 15:16:30 ubuntu devstack@g-api.service[124500]: DEBUG glance.api.middleware.version_negotiation [None req-71b3a51a-4926-472c-89da-4fdad86ed00e admin admin] Determining version of request: GET /v1 Accept: application/json {{(pid=124500) process_request /opt/stack/glance/glance/api/middleware/version_negotiation.py:44}}
Jul 05 15:16:30 ubuntu devstack@g-api.service[124500]: DEBUG glance.api.middleware.version_negotiation [None req-71b3a51a-4926-472c-89da-4fdad86ed00e admin admin] Using url versioning {{(pid=124500) process_request /opt/stack/glance/glance/api/middleware/version_negotiation.py:57}}
Jul 05 15:16:30 ubuntu devstack@g-api.service[124500]: DEBUG glance.api.middleware.version_negotiation [None req-71b3a51a-4926-472c-89da-4fdad86ed00e admin admin] Unknown version. Returning version choices. {{(pid=124500) process_request /opt/stack/glance/glance/api/middleware/version_negotiation.py:64}}
Jul 05 15:16:30 ubuntu devstack@g-api.service[124500]: [pid: 124500|app: 0|req: 5/11] 127.0.0.1 () {38 vars in 685 bytes} [Tue Jul  5 15:16:30 2022] GET /v1 => generated 1323 bytes in 4 msecs (HTTP/1.1 300) 3 headers in 106 bytes (1 switches on core 0)
Jul 05 15:18:03 ubuntu devstack@g-api.service[124499]: DEBUG oslo_concurrency.lockutils [-] Acquired lock "glance-cache" {{(pid=124499) lock /usr/local/lib/python3.8/dist-packages/oslo_concurrency/lockutils.py:294}}
Jul 05 15:18:03 ubuntu devstack@g-api.service[124499]: DEBUG oslo_concurrency.lockutils [-] Acquired external semaphore "glance-cache" {{(pid=124499) lock /usr/local/lib/python3.8/dist-packages/oslo_concurrency/lockutils.py:302}}
Jul 05 15:18:03 ubuntu devstack@g-api.service[124499]: DEBUG glance.image_cache.prefetcher [-] Nothing to prefetch. {{(pid=124499) run /opt/stack/glance/glance/image_cache/prefetcher.py:79}}
Jul 05 15:18:03 ubuntu devstack@g-api.service[124499]: DEBUG oslo_concurrency.lockutils [-] Releasing lock "glance-cache" {{(pid=124499) lock /usr/local/lib/python3.8/dist-packages/oslo_concurrency/lockutils.py:312}}
Jul 05 15:18:03 ubuntu devstack@g-api.service[124500]: DEBUG oslo_concurrency.lockutils [-] Acquired lock "glance-cache" {{(pid=124500) lock /usr/local/lib/python3.8/dist-packages/oslo_concurrency/lockutils.py:294}}
Jul 05 15:18:03 ubuntu devstack@g-api.service[124500]: DEBUG oslo_concurrency.lockutils [-] Acquired external semaphore "glance-cache" {{(pid=124500) lock /usr/local/lib/python3.8/dist-packages/oslo_concurrency/lockutils.py:302}}
Jul 05 15:18:03 ubuntu devstack@g-api.service[124500]: DEBUG glance.image_cache.prefetcher [-] Nothing to prefetch. {{(pid=124500) run /opt/stack/glance/glance/image_cache/prefetcher.py:79}}
Jul 05 15:18:03 ubuntu devstack@g-api.service[124500]: DEBUG oslo_concurrency.lockutils [-] Releasing lock "glance-cache" {{(pid=124500) lock /usr/local/lib/python3.8/dist-packages/oslo_concurrency/lockutils.py:312}}
