May 09 16:04:47 ubuntu neutron-server[118127]: DEBUG neutron.api.extensions [None req-698da4c7-4d9d-43c9-902d-32b60c888e90 None None] Ext name="Uplink status propagation extension" alias="uplink-status-propagation" description="Provides ability to propagate port uplink status." updated="2018-05-31T18:00:00-00:00" {{(pid=118127) _check_extension /opt/stack/neutron/neutron/api/extensions.py:416}}
May 09 16:04:47 ubuntu neutron-server[118127]: INFO neutron.api.extensions [None req-698da4c7-4d9d-43c9-902d-32b60c888e90 None None] Extension uplink-status-propagation not supported by any of loaded plugins
May 09 16:04:47 ubuntu neutron-server[118127]: DEBUG neutron.api.extensions [None req-698da4c7-4d9d-43c9-902d-32b60c888e90 None None] Loading extension file: vlantransparent.py {{(pid=118127) _load_all_extensions_from_path /opt/stack/neutron/neutron/api/extensions.py:450}}
May 09 16:04:47 ubuntu neutron-server[118127]: DEBUG neutron.api.extensions [None req-698da4c7-4d9d-43c9-902d-32b60c888e90 None None] Ext name="Vlantransparent" alias="vlan-transparent" description="Provides Vlan Transparent Networks" updated="2015-03-23T09:00:00-00:00" {{(pid=118127) _check_extension /opt/stack/neutron/neutron/api/extensions.py:416}}
May 09 16:04:47 ubuntu neutron-server[118127]: INFO neutron.api.extensions [None req-698da4c7-4d9d-43c9-902d-32b60c888e90 None None] Extension vlan-transparent not supported by any of loaded plugins
May 09 16:04:47 ubuntu neutron-server[118127]: INFO neutron.quota.resource_registry [None req-698da4c7-4d9d-43c9-902d-32b60c888e90 None None] Creating instance of TrackedResource for resource:network
May 09 16:04:47 ubuntu neutron-server[118127]: INFO neutron.quota.resource_registry [None req-698da4c7-4d9d-43c9-902d-32b60c888e90 None None] Creating instance of TrackedResource for resource:subnet
May 09 16:04:47 ubuntu neutron-server[118127]: INFO neutron.quota.resource_registry [None req-698da4c7-4d9d-43c9-902d-32b60c888e90 None None] Creating instance of TrackedResource for resource:subnetpool
May 09 16:04:47 ubuntu neutron-server[118127]: INFO neutron.quota.resource_registry [None req-698da4c7-4d9d-43c9-902d-32b60c888e90 None None] Creating instance of TrackedResource for resource:port
May 09 16:04:47 ubuntu neutron-server[118127]: DEBUG neutron.api.v2.resource_helper [None req-698da4c7-4d9d-43c9-902d-32b60c888e90 None None] Service FLAVORS assigned prefix:  {{(pid=118127) build_resource_info /opt/stack/neutron/neutron/api/v2/resource_helper.py:77}}
May 09 16:04:47 ubuntu neutron-server[118127]: DEBUG neutron.api.v2.resource_helper [None req-698da4c7-4d9d-43c9-902d-32b60c888e90 None None] Service L3_ROUTER_NAT assigned prefix:  {{(pid=118127) build_resource_info /opt/stack/neutron/neutron/api/v2/resource_helper.py:77}}
May 09 16:04:47 ubuntu neutron-server[118127]: DEBUG neutron.api.v2.resource_helper [None req-698da4c7-4d9d-43c9-902d-32b60c888e90 None None] Service L3_ROUTER_NAT assigned prefix:  {{(pid=118127) build_resource_info /opt/stack/neutron/neutron/api/v2/resource_helper.py:77}}
May 09 16:04:47 ubuntu neutron-server[118127]: INFO neutron.quota.resource_registry [None req-698da4c7-4d9d-43c9-902d-32b60c888e90 None None] Creating instance of TrackedResource for resource:router
May 09 16:04:47 ubuntu neutron-server[118127]: INFO neutron.quota.resource_registry [None req-698da4c7-4d9d-43c9-902d-32b60c888e90 None None] Creating instance of TrackedResource for resource:floatingip
May 09 16:04:47 ubuntu neutron-server[118127]: DEBUG neutron_lib.callbacks.manager [None req-698da4c7-4d9d-43c9-902d-32b60c888e90 None None] Subscribe: <bound method NeutronDbPluginV2.validate_network_rbac_policy_change of <neutron.services.network_ip_availability.plugin.NetworkIPAvailabilityPlugin object at 0x7fed1eb11550>> rbac-policy before_create 55550000 {{(pid=118127) subscribe /usr/local/lib/python3.8/dist-packages/neutron_lib/callbacks/manager.py:45}}
May 09 16:04:47 ubuntu neutron-server[118127]: DEBUG neutron_lib.callbacks.manager [None req-698da4c7-4d9d-43c9-902d-32b60c888e90 None None] Subscribe: <bound method NeutronDbPluginV2.validate_network_rbac_policy_change of <neutron.services.network_ip_availability.plugin.NetworkIPAvailabilityPlugin object at 0x7fed1eb11550>> rbac-policy before_update 55550000 {{(pid=118127) subscribe /usr/local/lib/python3.8/dist-packages/neutron_lib/callbacks/manager.py:45}}
May 09 16:04:47 ubuntu neutron-server[118127]: DEBUG neutron_lib.callbacks.manager [None req-698da4c7-4d9d-43c9-902d-32b60c888e90 None None] Subscribe: <bound method NeutronDbPluginV2.validate_network_rbac_policy_change of <neutron.services.network_ip_availability.plugin.NetworkIPAvailabilityPlugin object at 0x7fed1eb11550>> rbac-policy before_delete 55550000 {{(pid=118127) subscribe /usr/local/lib/python3.8/dist-packages/neutron_lib/callbacks/manager.py:45}}
May 09 16:04:47 ubuntu neutron-server[118127]: INFO neutron.quota.resource_registry [None req-698da4c7-4d9d-43c9-902d-32b60c888e90 None None] Creating instance of CountableResource for resource:rbac_policy
May 09 16:04:47 ubuntu neutron-server[118127]: INFO neutron.quota.resource_registry [None req-698da4c7-4d9d-43c9-902d-32b60c888e90 None None] Creating instance of TrackedResource for resource:security_group
May 09 16:04:47 ubuntu neutron-server[118127]: INFO neutron.quota.resource_registry [None req-698da4c7-4d9d-43c9-902d-32b60c888e90 None None] Creating instance of TrackedResource for resource:security_group_rule
May 09 16:04:47 ubuntu neutron-server[118127]: DEBUG neutron.api.v2.resource_helper [None req-698da4c7-4d9d-43c9-902d-32b60c888e90 None None] Service FLAVORS assigned prefix:  {{(pid=118127) build_resource_info /opt/stack/neutron/neutron/api/v2/resource_helper.py:77}}
May 09 16:04:47 ubuntu neutron-server[118127]: DEBUG neutron.api.v2.resource_helper [None req-698da4c7-4d9d-43c9-902d-32b60c888e90 None None] Service L3_ROUTER_NAT assigned prefix:  {{(pid=118127) build_resource_info /opt/stack/neutron/neutron/api/v2/resource_helper.py:77}}
May 09 16:04:47 ubuntu neutron-server[118127]: DEBUG neutron.api.v2.resource_helper [None req-698da4c7-4d9d-43c9-902d-32b60c888e90 None None] Service L3_ROUTER_NAT assigned prefix:  {{(pid=118127) build_resource_info /opt/stack/neutron/neutron/api/v2/resource_helper.py:77}}
May 09 16:04:47 ubuntu neutron-server[118127]: INFO neutron.quota.resource_registry [None req-698da4c7-4d9d-43c9-902d-32b60c888e90 None None] Creating instance of TrackedResource for resource:router
May 09 16:04:47 ubuntu neutron-server[118127]: WARNING neutron.quota.resource_registry [None req-698da4c7-4d9d-43c9-902d-32b60c888e90 None None] router is already registered
May 09 16:04:47 ubuntu neutron-server[118127]: INFO neutron.quota.resource_registry [None req-698da4c7-4d9d-43c9-902d-32b60c888e90 None None] Creating instance of TrackedResource for resource:floatingip
May 09 16:04:47 ubuntu neutron-server[118127]: WARNING neutron.quota.resource_registry [None req-698da4c7-4d9d-43c9-902d-32b60c888e90 None None] floatingip is already registered
May 09 16:04:47 ubuntu neutron-server[118127]: INFO neutron.quota.resource_registry [None req-698da4c7-4d9d-43c9-902d-32b60c888e90 None None] Creating instance of CountableResource for resource:rbac_policy
May 09 16:04:47 ubuntu neutron-server[118127]: WARNING neutron.quota.resource_registry [None req-698da4c7-4d9d-43c9-902d-32b60c888e90 None None] rbac_policy is already registered
May 09 16:04:47 ubuntu neutron-server[118127]: INFO neutron.quota.resource_registry [None req-698da4c7-4d9d-43c9-902d-32b60c888e90 None None] Creating instance of TrackedResource for resource:security_group
May 09 16:04:47 ubuntu neutron-server[118127]: WARNING neutron.quota.resource_registry [None req-698da4c7-4d9d-43c9-902d-32b60c888e90 None None] security_group is already registered
May 09 16:04:47 ubuntu neutron-server[118127]: INFO neutron.quota.resource_registry [None req-698da4c7-4d9d-43c9-902d-32b60c888e90 None None] Creating instance of TrackedResource for resource:security_group_rule
May 09 16:04:47 ubuntu neutron-server[118127]: WARNING neutron.quota.resource_registry [None req-698da4c7-4d9d-43c9-902d-32b60c888e90 None None] security_group_rule is already registered
May 09 16:04:47 ubuntu neutron-server[118127]: DEBUG neutron.api.extensions [None req-698da4c7-4d9d-43c9-902d-32b60c888e90 None None] Extended resource: extensions {{(pid=118127) __init__ /opt/stack/neutron/neutron/api/extensions.py:157}}
May 09 16:04:47 ubuntu neutron-server[118127]: DEBUG neutron.api.extensions [None req-698da4c7-4d9d-43c9-902d-32b60c888e90 None None] Extended resource: address-groups {{(pid=118127) __init__ /opt/stack/neutron/neutron/api/extensions.py:157}}
May 09 16:04:47 ubuntu neutron-server[118127]: DEBUG neutron.api.extensions [None req-698da4c7-4d9d-43c9-902d-32b60c888e90 None None] Extended resource: address-scopes {{(pid=118127) __init__ /opt/stack/neutron/neutron/api/extensions.py:157}}
May 09 16:04:47 ubuntu neutron-server[118127]: DEBUG neutron.api.extensions [None req-698da4c7-4d9d-43c9-902d-32b60c888e90 None None] Extended resource: agents {{(pid=118127) __init__ /opt/stack/neutron/neutron/api/extensions.py:157}}
May 09 16:04:47 ubuntu neutron-server[118127]: DEBUG neutron.api.extensions [None req-698da4c7-4d9d-43c9-902d-32b60c888e90 None None] Extended resource: auto-allocated-topology {{(pid=118127) __init__ /opt/stack/neutron/neutron/api/extensions.py:157}}
May 09 16:04:47 ubuntu neutron-server[118127]: DEBUG neutron.api.extensions [None req-698da4c7-4d9d-43c9-902d-32b60c888e90 None None] Extended resource: availability_zones {{(pid=118127) __init__ /opt/stack/neutron/neutron/api/extensions.py:157}}
May 09 16:04:47 ubuntu neutron-server[118127]: DEBUG neutron.api.extensions [None req-698da4c7-4d9d-43c9-902d-32b60c888e90 None None] Extended resource: flavors {{(pid=118127) __init__ /opt/stack/neutron/neutron/api/extensions.py:157}}
May 09 16:04:47 ubuntu neutron-server[118127]: DEBUG neutron.api.extensions [None req-698da4c7-4d9d-43c9-902d-32b60c888e90 None None] Extended resource: service_profiles {{(pid=118127) __init__ /opt/stack/neutron/neutron/api/extensions.py:157}}
May 09 16:04:47 ubuntu neutron-server[118127]: DEBUG neutron.api.extensions [None req-698da4c7-4d9d-43c9-902d-32b60c888e90 None None] Extended resource: next_providers {{(pid=118127) __init__ /opt/stack/neutron/neutron/api/extensions.py:157}}
May 09 16:04:47 ubuntu neutron-server[118127]: DEBUG neutron.api.extensions [None req-698da4c7-4d9d-43c9-902d-32b60c888e90 None None] Extended resource: service_profiles {{(pid=118127) __init__ /opt/stack/neutron/neutron/api/extensions.py:157}}
May 09 16:04:47 ubuntu neutron-server[118127]: DEBUG neutron.api.extensions [None req-698da4c7-4d9d-43c9-902d-32b60c888e90 None None] Extended resource: floatingip-pools {{(pid=118127) __init__ /opt/stack/neutron/neutron/api/extensions.py:157}}
May 09 16:04:47 ubuntu neutron-server[118127]: DEBUG neutron.api.extensions [None req-698da4c7-4d9d-43c9-902d-32b60c888e90 None None] Extended resource: routers {{(pid=118127) __init__ /opt/stack/neutron/neutron/api/extensions.py:157}}
May 09 16:04:47 ubuntu neutron-server[118127]: DEBUG neutron.api.extensions [None req-698da4c7-4d9d-43c9-902d-32b60c888e90 None None] Extended resource: floatingips {{(pid=118127) __init__ /opt/stack/neutron/neutron/api/extensions.py:157}}
May 09 16:04:47 ubuntu neutron-server[118127]: DEBUG neutron.api.extensions [None req-698da4c7-4d9d-43c9-902d-32b60c888e90 None None] Extended resource: network-ip-availabilities {{(pid=118127) __init__ /opt/stack/neutron/neutron/api/extensions.py:157}}
May 09 16:04:47 ubuntu neutron-server[118127]: DEBUG neutron.api.extensions [None req-698da4c7-4d9d-43c9-902d-32b60c888e90 None None] Extended resource: bindings {{(pid=118127) __init__ /opt/stack/neutron/neutron/api/extensions.py:157}}
May 09 16:04:47 ubuntu neutron-server[118127]: DEBUG neutron.api.extensions [None req-698da4c7-4d9d-43c9-902d-32b60c888e90 None None] Extended resource: quotas {{(pid=118127) __init__ /opt/stack/neutron/neutron/api/extensions.py:157}}
May 09 16:04:47 ubuntu neutron-server[118127]: DEBUG neutron.api.extensions [None req-698da4c7-4d9d-43c9-902d-32b60c888e90 None None] Extended resource: quotas {{(pid=118127) __init__ /opt/stack/neutron/neutron/api/extensions.py:157}}
May 09 16:04:47 ubuntu neutron-server[118127]: DEBUG neutron.api.extensions [None req-698da4c7-4d9d-43c9-902d-32b60c888e90 None None] Extended resource: rbac-policies {{(pid=118127) __init__ /opt/stack/neutron/neutron/api/extensions.py:157}}
May 09 16:04:47 ubuntu neutron-server[118127]: DEBUG neutron.api.extensions [None req-698da4c7-4d9d-43c9-902d-32b60c888e90 None None] Extended resource: security-groups {{(pid=118127) __init__ /opt/stack/neutron/neutron/api/extensions.py:157}}
May 09 16:04:47 ubuntu neutron-server[118127]: DEBUG neutron.api.extensions [None req-698da4c7-4d9d-43c9-902d-32b60c888e90 None None] Extended resource: security-group-rules {{(pid=118127) __init__ /opt/stack/neutron/neutron/api/extensions.py:157}}
May 09 16:04:47 ubuntu neutron-server[118127]: DEBUG neutron.api.extensions [None req-698da4c7-4d9d-43c9-902d-32b60c888e90 None None] Extended resource: service-providers {{(pid=118127) __init__ /opt/stack/neutron/neutron/api/extensions.py:157}}
May 09 16:04:47 ubuntu neutron-server[118127]: DEBUG neutron.api.extensions [None req-698da4c7-4d9d-43c9-902d-32b60c888e90 None None] Extended resource: tags {{(pid=118127) __init__ /opt/stack/neutron/neutron/api/extensions.py:157}}
May 09 16:04:47 ubuntu neutron-server[118127]: DEBUG neutron.api.extensions [None req-698da4c7-4d9d-43c9-902d-32b60c888e90 None None] Extended resource: tags {{(pid=118127) __init__ /opt/stack/neutron/neutron/api/extensions.py:157}}
May 09 16:04:47 ubuntu neutron-server[118127]: DEBUG neutron.api.extensions [None req-698da4c7-4d9d-43c9-902d-32b60c888e90 None None] Extended resource: tags {{(pid=118127) __init__ /opt/stack/neutron/neutron/api/extensions.py:157}}
May 09 16:04:47 ubuntu neutron-server[118127]: DEBUG neutron.api.extensions [None req-698da4c7-4d9d-43c9-902d-32b60c888e90 None None] Extended resource: tags {{(pid=118127) __init__ /opt/stack/neutron/neutron/api/extensions.py:157}}
May 09 16:04:47 ubuntu neutron-server[118127]: DEBUG neutron.api.extensions [None req-698da4c7-4d9d-43c9-902d-32b60c888e90 None None] Extended resource: tags {{(pid=118127) __init__ /opt/stack/neutron/neutron/api/extensions.py:157}}
May 09 16:04:47 ubuntu neutron-server[118127]: DEBUG neutron.api.extensions [None req-698da4c7-4d9d-43c9-902d-32b60c888e90 None None] Extended resource: tags {{(pid=118127) __init__ /opt/stack/neutron/neutron/api/extensions.py:157}}
May 09 16:04:47 ubuntu neutron-server[118127]: DEBUG neutron.api.extensions [None req-698da4c7-4d9d-43c9-902d-32b60c888e90 None None] Extended resource: tags {{(pid=118127) __init__ /opt/stack/neutron/neutron/api/extensions.py:157}}
May 09 16:04:47 ubuntu neutron-server[118127]: DEBUG neutron.api.extensions [None req-698da4c7-4d9d-43c9-902d-32b60c888e90 None None] Extended resource: tags {{(pid=118127) __init__ /opt/stack/neutron/neutron/api/extensions.py:157}}
May 09 16:04:47 ubuntu neutron-server[118127]: DEBUG neutron.api.extensions [None req-698da4c7-4d9d-43c9-902d-32b60c888e90 None None] Extended resource: tags {{(pid=118127) __init__ /opt/stack/neutron/neutron/api/extensions.py:157}}
May 09 16:04:47 ubuntu neutron-server[118127]: DEBUG neutron.api.extensions [None req-698da4c7-4d9d-43c9-902d-32b60c888e90 None None] Extended resource: tags {{(pid=118127) __init__ /opt/stack/neutron/neutron/api/extensions.py:157}}
May 09 16:04:47 ubuntu neutron-server[118127]: WARNING keystonemiddleware.auth_token [None req-698da4c7-4d9d-43c9-902d-32b60c888e90 None None] AuthToken middleware is set with keystone_authtoken.service_token_roles_required set to False. This is backwards compatible but deprecated behaviour. Please set this to True.
May 09 16:04:47 ubuntu neutron-server[118127]: WARNING keystonemiddleware.auth_token [None req-698da4c7-4d9d-43c9-902d-32b60c888e90 None None] Configuring www_authenticate_uri to point to the public identity endpoint is required; clients may not be able to authenticate against an admin endpoint
May 09 16:04:47 ubuntu neutron-server[118127]: DEBUG oslo_concurrency.lockutils [None req-698da4c7-4d9d-43c9-902d-32b60c888e90 None None] Acquired lock "singleton_lock" {{(pid=118127) lock /usr/local/lib/python3.8/dist-packages/oslo_concurrency/lockutils.py:294}}
May 09 16:04:47 ubuntu neutron-server[118127]: DEBUG oslo_concurrency.lockutils [None req-698da4c7-4d9d-43c9-902d-32b60c888e90 None None] Releasing lock "singleton_lock" {{(pid=118127) lock /usr/local/lib/python3.8/dist-packages/oslo_concurrency/lockutils.py:312}}
May 09 16:04:47 ubuntu neutron-server[118127]: INFO oslo_service.service [None req-698da4c7-4d9d-43c9-902d-32b60c888e90 None None] Starting 2 workers
May 09 16:04:47 ubuntu neutron-server[118127]: DEBUG oslo_service.service [None req-698da4c7-4d9d-43c9-902d-32b60c888e90 None None] Started child 118330 {{(pid=118127) _start_child /usr/local/lib/python3.8/dist-packages/oslo_service/service.py:575}}
May 09 16:04:47 ubuntu neutron-server[118127]: DEBUG oslo_service.service [None req-698da4c7-4d9d-43c9-902d-32b60c888e90 None None] Started child 118331 {{(pid=118127) _start_child /usr/local/lib/python3.8/dist-packages/oslo_service/service.py:575}}
May 09 16:04:47 ubuntu neutron-server[118127]: INFO neutron.service [None req-698da4c7-4d9d-43c9-902d-32b60c888e90 None None] Neutron service started, listening on 0.0.0.0:9696
May 09 16:04:47 ubuntu neutron-server[118127]: DEBUG neutron_lib.callbacks.manager [None req-698da4c7-4d9d-43c9-902d-32b60c888e90 None None] Publish callbacks ['neutron.plugins.ml2.drivers.ovn.mech_driver.mech_driver.OVNMechanismDriver.pre_fork_initialize-808448'] for process (None), before_spawn {{(pid=118127) _notify_loop /usr/local/lib/python3.8/dist-packages/neutron_lib/callbacks/manager.py:176}}
May 09 16:04:47 ubuntu neutron-server[118330]: DEBUG neutron_lib.callbacks.manager [-] Publish callbacks ['neutron.plugins.ml2.drivers.ovn.mech_driver.mech_driver.OVNMechanismDriver.post_fork_initialize-808152'] for process (None), after_init {{(pid=118330) _notify_loop /usr/local/lib/python3.8/dist-packages/neutron_lib/callbacks/manager.py:176}}
May 09 16:04:47 ubuntu neutron-server[118331]: DEBUG neutron_lib.callbacks.manager [-] Publish callbacks ['neutron.plugins.ml2.drivers.ovn.mech_driver.mech_driver.OVNMechanismDriver.post_fork_initialize-808152'] for process (None), after_init {{(pid=118331) _notify_loop /usr/local/lib/python3.8/dist-packages/neutron_lib/callbacks/manager.py:176}}
May 09 16:04:47 ubuntu neutron-server[118127]: DEBUG ovsdbapp.backend.ovs_idl [None req-698da4c7-4d9d-43c9-902d-32b60c888e90 None None] Created schema index Port_Group.name {{(pid=118127) autocreate_indices /usr/local/lib/python3.8/dist-packages/ovsdbapp/backend/ovs_idl/__init__.py:104}}
May 09 16:04:47 ubuntu neutron-server[118127]: DEBUG ovsdbapp.backend.ovs_idl [None req-698da4c7-4d9d-43c9-902d-32b60c888e90 None None] Created schema index Logical_Switch_Port.name {{(pid=118127) autocreate_indices /usr/local/lib/python3.8/dist-packages/ovsdbapp/backend/ovs_idl/__init__.py:104}}
May 09 16:04:47 ubuntu neutron-server[118331]: INFO neutron.plugins.ml2.drivers.ovn.mech_driver.ovsdb.impl_idl_ovn [None req-ff3c7711-981c-4677-813d-3c623ceba0a5 None None] Getting OvsdbNbOvnIdl for WorkerService with retry
May 09 16:04:47 ubuntu neutron-server[118330]: INFO neutron.plugins.ml2.drivers.ovn.mech_driver.ovsdb.impl_idl_ovn [None req-603584d7-59e1-43d4-b0f1-01062a7c6f00 None None] Getting OvsdbNbOvnIdl for WorkerService with retry
May 09 16:04:47 ubuntu neutron-server[118127]: DEBUG ovsdbapp.backend.ovs_idl.transaction [-] Running txn n=1 command(idx=0): PgAddCommand(name=neutron_pg_drop, may_exist=True, columns={'acls': []}) {{(pid=118127) do_commit /usr/local/lib/python3.8/dist-packages/ovsdbapp/backend/ovs_idl/transaction.py:90}}
May 09 16:04:47 ubuntu neutron-server[118127]: DEBUG ovsdbapp.backend.ovs_idl.transaction [-] Running txn n=1 command(idx=1): PgAclAddCommand(entity=neutron_pg_drop, direction=from-lport, priority=1001, match=inport == @neutron_pg_drop && ip, action=drop, log=False, may_exist=True, severity=[], name=[], meter=None, external_ids={}) {{(pid=118127) do_commit /usr/local/lib/python3.8/dist-packages/ovsdbapp/backend/ovs_idl/transaction.py:90}}
May 09 16:04:47 ubuntu neutron-server[118127]: DEBUG ovsdbapp.backend.ovs_idl.transaction [-] Running txn n=1 command(idx=2): PgAclAddCommand(entity=neutron_pg_drop, direction=to-lport, priority=1001, match=outport == @neutron_pg_drop && ip, action=drop, log=False, may_exist=True, severity=[], name=[], meter=None, external_ids={}) {{(pid=118127) do_commit /usr/local/lib/python3.8/dist-packages/ovsdbapp/backend/ovs_idl/transaction.py:90}}
May 09 16:04:47 ubuntu neutron-server[118127]: DEBUG ovsdbapp.backend.ovs_idl.event [-] Matched CREATE: NeutronPgDropPortGroupCreated(events=('create',), table='Port_Group', conditions=(('name', '=', 'neutron_pg_drop'),), old_conditions=None), priority=10 to row=Port_Group(name=neutron_pg_drop, ports=[], external_ids={}, acls=[<ovs.db.idl.Row object at 0x7fed1ee220d0>, <ovs.db.idl.Row object at 0x7fed1ee224f0>]) old= {{(pid=118127) matches /usr/local/lib/python3.8/dist-packages/ovsdbapp/backend/ovs_idl/event.py:43}}
May 09 16:04:47 ubuntu neutron-server[118331]: DEBUG ovsdbapp.backend.ovs_idl [None req-ff3c7711-981c-4677-813d-3c623ceba0a5 None None] Created lookup_table index Logical_Switch.name {{(pid=118331) autocreate_indices /usr/local/lib/python3.8/dist-packages/ovsdbapp/backend/ovs_idl/__init__.py:85}}
May 09 16:04:47 ubuntu neutron-server[118330]: DEBUG ovsdbapp.backend.ovs_idl [None req-603584d7-59e1-43d4-b0f1-01062a7c6f00 None None] Created lookup_table index Logical_Switch.name {{(pid=118330) autocreate_indices /usr/local/lib/python3.8/dist-packages/ovsdbapp/backend/ovs_idl/__init__.py:85}}
May 09 16:04:47 ubuntu neutron-server[118331]: DEBUG ovsdbapp.backend.ovs_idl [None req-ff3c7711-981c-4677-813d-3c623ceba0a5 None None] Created lookup_table index Logical_Router.name {{(pid=118331) autocreate_indices /usr/local/lib/python3.8/dist-packages/ovsdbapp/backend/ovs_idl/__init__.py:85}}
May 09 16:04:47 ubuntu neutron-server[118330]: DEBUG ovsdbapp.backend.ovs_idl [None req-603584d7-59e1-43d4-b0f1-01062a7c6f00 None None] Created lookup_table index Logical_Router.name {{(pid=118330) autocreate_indices /usr/local/lib/python3.8/dist-packages/ovsdbapp/backend/ovs_idl/__init__.py:85}}
May 09 16:04:47 ubuntu neutron-server[118331]: DEBUG ovsdbapp.backend.ovs_idl [None req-ff3c7711-981c-4677-813d-3c623ceba0a5 None None] Created lookup_table index Load_Balancer.name {{(pid=118331) autocreate_indices /usr/local/lib/python3.8/dist-packages/ovsdbapp/backend/ovs_idl/__init__.py:85}}
May 09 16:04:47 ubuntu neutron-server[118330]: DEBUG ovsdbapp.backend.ovs_idl [None req-603584d7-59e1-43d4-b0f1-01062a7c6f00 None None] Created lookup_table index Load_Balancer.name {{(pid=118330) autocreate_indices /usr/local/lib/python3.8/dist-packages/ovsdbapp/backend/ovs_idl/__init__.py:85}}
May 09 16:04:47 ubuntu neutron-server[118331]: DEBUG ovsdbapp.backend.ovs_idl [None req-ff3c7711-981c-4677-813d-3c623ceba0a5 None None] Created schema index Meter.name {{(pid=118331) autocreate_indices /usr/local/lib/python3.8/dist-packages/ovsdbapp/backend/ovs_idl/__init__.py:104}}
May 09 16:04:47 ubuntu neutron-server[118331]: DEBUG ovsdbapp.backend.ovs_idl [None req-ff3c7711-981c-4677-813d-3c623ceba0a5 None None] Created schema index Address_Set.name {{(pid=118331) autocreate_indices /usr/local/lib/python3.8/dist-packages/ovsdbapp/backend/ovs_idl/__init__.py:104}}
May 09 16:04:47 ubuntu neutron-server[118330]: DEBUG ovsdbapp.backend.ovs_idl [None req-603584d7-59e1-43d4-b0f1-01062a7c6f00 None None] Created schema index Meter.name {{(pid=118330) autocreate_indices /usr/local/lib/python3.8/dist-packages/ovsdbapp/backend/ovs_idl/__init__.py:104}}
May 09 16:04:47 ubuntu neutron-server[118331]: DEBUG ovsdbapp.backend.ovs_idl [None req-ff3c7711-981c-4677-813d-3c623ceba0a5 None None] Created schema index HA_Chassis_Group.name {{(pid=118331) autocreate_indices /usr/local/lib/python3.8/dist-packages/ovsdbapp/backend/ovs_idl/__init__.py:104}}
May 09 16:04:47 ubuntu neutron-server[118330]: DEBUG ovsdbapp.backend.ovs_idl [None req-603584d7-59e1-43d4-b0f1-01062a7c6f00 None None] Created schema index Address_Set.name {{(pid=118330) autocreate_indices /usr/local/lib/python3.8/dist-packages/ovsdbapp/backend/ovs_idl/__init__.py:104}}
May 09 16:04:47 ubuntu neutron-server[118331]: DEBUG ovsdbapp.backend.ovs_idl [None req-ff3c7711-981c-4677-813d-3c623ceba0a5 None None] Created schema index Connection.target {{(pid=118331) autocreate_indices /usr/local/lib/python3.8/dist-packages/ovsdbapp/backend/ovs_idl/__init__.py:104}}
May 09 16:04:47 ubuntu neutron-server[118330]: DEBUG ovsdbapp.backend.ovs_idl [None req-603584d7-59e1-43d4-b0f1-01062a7c6f00 None None] Created schema index HA_Chassis_Group.name {{(pid=118330) autocreate_indices /usr/local/lib/python3.8/dist-packages/ovsdbapp/backend/ovs_idl/__init__.py:104}}
May 09 16:04:47 ubuntu neutron-server[118331]: DEBUG ovsdbapp.backend.ovs_idl [None req-ff3c7711-981c-4677-813d-3c623ceba0a5 None None] Created schema index Gateway_Chassis.name {{(pid=118331) autocreate_indices /usr/local/lib/python3.8/dist-packages/ovsdbapp/backend/ovs_idl/__init__.py:104}}
May 09 16:04:47 ubuntu neutron-server[118330]: DEBUG ovsdbapp.backend.ovs_idl [None req-603584d7-59e1-43d4-b0f1-01062a7c6f00 None None] Created schema index Connection.target {{(pid=118330) autocreate_indices /usr/local/lib/python3.8/dist-packages/ovsdbapp/backend/ovs_idl/__init__.py:104}}
May 09 16:04:47 ubuntu neutron-server[118331]: DEBUG ovsdbapp.backend.ovs_idl [None req-ff3c7711-981c-4677-813d-3c623ceba0a5 None None] Created schema index Logical_Router_Port.name {{(pid=118331) autocreate_indices /usr/local/lib/python3.8/dist-packages/ovsdbapp/backend/ovs_idl/__init__.py:104}}
May 09 16:04:47 ubuntu neutron-server[118330]: DEBUG ovsdbapp.backend.ovs_idl [None req-603584d7-59e1-43d4-b0f1-01062a7c6f00 None None] Created schema index Gateway_Chassis.name {{(pid=118330) autocreate_indices /usr/local/lib/python3.8/dist-packages/ovsdbapp/backend/ovs_idl/__init__.py:104}}
May 09 16:04:47 ubuntu neutron-server[118331]: DEBUG ovsdbapp.backend.ovs_idl [None req-ff3c7711-981c-4677-813d-3c623ceba0a5 None None] Created schema index Port_Group.name {{(pid=118331) autocreate_indices /usr/local/lib/python3.8/dist-packages/ovsdbapp/backend/ovs_idl/__init__.py:104}}
May 09 16:04:47 ubuntu neutron-server[118331]: DEBUG ovsdbapp.backend.ovs_idl [None req-ff3c7711-981c-4677-813d-3c623ceba0a5 None None] Created schema index Logical_Switch_Port.name {{(pid=118331) autocreate_indices /usr/local/lib/python3.8/dist-packages/ovsdbapp/backend/ovs_idl/__init__.py:104}}
May 09 16:04:47 ubuntu neutron-server[118330]: DEBUG ovsdbapp.backend.ovs_idl [None req-603584d7-59e1-43d4-b0f1-01062a7c6f00 None None] Created schema index Logical_Router_Port.name {{(pid=118330) autocreate_indices /usr/local/lib/python3.8/dist-packages/ovsdbapp/backend/ovs_idl/__init__.py:104}}
May 09 16:04:47 ubuntu neutron-server[118330]: DEBUG ovsdbapp.backend.ovs_idl [None req-603584d7-59e1-43d4-b0f1-01062a7c6f00 None None] Created schema index Port_Group.name {{(pid=118330) autocreate_indices /usr/local/lib/python3.8/dist-packages/ovsdbapp/backend/ovs_idl/__init__.py:104}}
May 09 16:04:47 ubuntu neutron-server[118330]: DEBUG ovsdbapp.backend.ovs_idl [None req-603584d7-59e1-43d4-b0f1-01062a7c6f00 None None] Created schema index Logical_Switch_Port.name {{(pid=118330) autocreate_indices /usr/local/lib/python3.8/dist-packages/ovsdbapp/backend/ovs_idl/__init__.py:104}}
May 09 16:04:47 ubuntu neutron-server[118331]: INFO ovsdbapp.backend.ovs_idl.vlog [None req-ff3c7711-981c-4677-813d-3c623ceba0a5 None None] tcp:192.168.79.45:6641: connecting...
May 09 16:04:47 ubuntu neutron-server[118330]: INFO ovsdbapp.backend.ovs_idl.vlog [None req-603584d7-59e1-43d4-b0f1-01062a7c6f00 None None] tcp:192.168.79.45:6641: connecting...
May 09 16:04:47 ubuntu neutron-server[118331]: INFO ovsdbapp.backend.ovs_idl.vlog [None req-ff3c7711-981c-4677-813d-3c623ceba0a5 None None] tcp:192.168.79.45:6641: connected
May 09 16:04:47 ubuntu neutron-server[118330]: INFO ovsdbapp.backend.ovs_idl.vlog [None req-603584d7-59e1-43d4-b0f1-01062a7c6f00 None None] tcp:192.168.79.45:6641: connected
May 09 16:04:47 ubuntu neutron-server[118127]: DEBUG ovsdbapp.backend.ovs_idl [None req-698da4c7-4d9d-43c9-902d-32b60c888e90 None None] Created lookup_table index Logical_Switch.name {{(pid=118127) autocreate_indices /usr/local/lib/python3.8/dist-packages/ovsdbapp/backend/ovs_idl/__init__.py:85}}
May 09 16:04:47 ubuntu neutron-server[118127]: DEBUG ovsdbapp.backend.ovs_idl [None req-698da4c7-4d9d-43c9-902d-32b60c888e90 None None] Created lookup_table index Logical_Router.name {{(pid=118127) autocreate_indices /usr/local/lib/python3.8/dist-packages/ovsdbapp/backend/ovs_idl/__init__.py:85}}
May 09 16:04:47 ubuntu neutron-server[118127]: DEBUG ovsdbapp.backend.ovs_idl [None req-698da4c7-4d9d-43c9-902d-32b60c888e90 None None] Created lookup_table index Load_Balancer.name {{(pid=118127) autocreate_indices /usr/local/lib/python3.8/dist-packages/ovsdbapp/backend/ovs_idl/__init__.py:85}}
May 09 16:04:47 ubuntu neutron-server[118127]: DEBUG ovsdbapp.backend.ovs_idl [None req-698da4c7-4d9d-43c9-902d-32b60c888e90 None None] Created schema index Meter.name {{(pid=118127) autocreate_indices /usr/local/lib/python3.8/dist-packages/ovsdbapp/backend/ovs_idl/__init__.py:104}}
May 09 16:04:47 ubuntu neutron-server[118127]: DEBUG ovsdbapp.backend.ovs_idl [None req-698da4c7-4d9d-43c9-902d-32b60c888e90 None None] Created schema index Address_Set.name {{(pid=118127) autocreate_indices /usr/local/lib/python3.8/dist-packages/ovsdbapp/backend/ovs_idl/__init__.py:104}}
May 09 16:04:47 ubuntu neutron-server[118127]: DEBUG ovsdbapp.backend.ovs_idl [None req-698da4c7-4d9d-43c9-902d-32b60c888e90 None None] Created schema index HA_Chassis_Group.name {{(pid=118127) autocreate_indices /usr/local/lib/python3.8/dist-packages/ovsdbapp/backend/ovs_idl/__init__.py:104}}
May 09 16:04:47 ubuntu neutron-server[118127]: DEBUG ovsdbapp.backend.ovs_idl [None req-698da4c7-4d9d-43c9-902d-32b60c888e90 None None] Created schema index Connection.target {{(pid=118127) autocreate_indices /usr/local/lib/python3.8/dist-packages/ovsdbapp/backend/ovs_idl/__init__.py:104}}
May 09 16:04:47 ubuntu neutron-server[118127]: DEBUG ovsdbapp.backend.ovs_idl [None req-698da4c7-4d9d-43c9-902d-32b60c888e90 None None] Created schema index Gateway_Chassis.name {{(pid=118127) autocreate_indices /usr/local/lib/python3.8/dist-packages/ovsdbapp/backend/ovs_idl/__init__.py:104}}
May 09 16:04:47 ubuntu neutron-server[118127]: DEBUG ovsdbapp.backend.ovs_idl [None req-698da4c7-4d9d-43c9-902d-32b60c888e90 None None] Created schema index Logical_Router_Port.name {{(pid=118127) autocreate_indices /usr/local/lib/python3.8/dist-packages/ovsdbapp/backend/ovs_idl/__init__.py:104}}
May 09 16:04:47 ubuntu neutron-server[118127]: DEBUG ovsdbapp.backend.ovs_idl [None req-698da4c7-4d9d-43c9-902d-32b60c888e90 None None] Created schema index Port_Group.name {{(pid=118127) autocreate_indices /usr/local/lib/python3.8/dist-packages/ovsdbapp/backend/ovs_idl/__init__.py:104}}
May 09 16:04:47 ubuntu neutron-server[118127]: DEBUG ovsdbapp.backend.ovs_idl [None req-698da4c7-4d9d-43c9-902d-32b60c888e90 None None] Created schema index Logical_Switch_Port.name {{(pid=118127) autocreate_indices /usr/local/lib/python3.8/dist-packages/ovsdbapp/backend/ovs_idl/__init__.py:104}}
May 09 16:04:48 ubuntu neutron-server[118330]: DEBUG neutron.common.ovn.hash_ring_manager [None req-603584d7-59e1-43d4-b0f1-01062a7c6f00 None None] Allow caching, nodes 2>=2 {{(pid=118330) _wait_startup_before_caching /opt/stack/neutron/neutron/common/ovn/hash_ring_manager.py:60}}
May 09 16:04:48 ubuntu neutron-server[118331]: DEBUG neutron.common.ovn.hash_ring_manager [None req-ff3c7711-981c-4677-813d-3c623ceba0a5 None None] Allow caching, nodes 2>=2 {{(pid=118331) _wait_startup_before_caching /opt/stack/neutron/neutron/common/ovn/hash_ring_manager.py:60}}
May 09 16:04:48 ubuntu neutron-server[118330]: DEBUG neutron.plugins.ml2.drivers.ovn.mech_driver.ovsdb.ovsdb_monitor [None req-603584d7-59e1-43d4-b0f1-01062a7c6f00 None None] Hash Ring: Node 5e3ff83f-c547-4c8a-8864-6ab89d82b01e (host: ubuntu) handling event "create" for row bd13e165-4e73-4955-81d0-2db91cb4d2d0 (table: Database) {{(pid=118330) notify /opt/stack/neutron/neutron/plugins/ml2/drivers/ovn/mech_driver/ovsdb/ovsdb_monitor.py:815}}
May 09 16:04:48 ubuntu neutron-server[118331]: DEBUG neutron.plugins.ml2.drivers.ovn.mech_driver.ovsdb.ovsdb_monitor [None req-ff3c7711-981c-4677-813d-3c623ceba0a5 None None] Hash Ring: Node 27a79eb5-4f39-4c21-b01d-6b7db6e55caf (host: ubuntu) handling event "create" for row 90d6d294-3d96-4ac8-bdb4-811856a40ab4 (table: Database) {{(pid=118331) notify /opt/stack/neutron/neutron/plugins/ml2/drivers/ovn/mech_driver/ovsdb/ovsdb_monitor.py:815}}
May 09 16:04:48 ubuntu neutron-server[118331]: DEBUG neutron.plugins.ml2.drivers.ovn.mech_driver.ovsdb.ovsdb_monitor [None req-ff3c7711-981c-4677-813d-3c623ceba0a5 None None] Hash Ring: Node 27a79eb5-4f39-4c21-b01d-6b7db6e55caf (host: ubuntu) handling event "create" for row 3a78195f-a7b0-4af7-9bb5-8333ce9c3da7 (table: Port_Group) {{(pid=118331) notify /opt/stack/neutron/neutron/plugins/ml2/drivers/ovn/mech_driver/ovsdb/ovsdb_monitor.py:815}}
May 09 16:04:48 ubuntu neutron-server[118330]: DEBUG neutron.plugins.ml2.drivers.ovn.mech_driver.ovsdb.ovsdb_monitor [None req-603584d7-59e1-43d4-b0f1-01062a7c6f00 None None] Hash Ring: Node 5e3ff83f-c547-4c8a-8864-6ab89d82b01e (host: ubuntu) handling event "create" for row d5d6a803-8f71-4187-9614-f7a6186b794d (table: ACL) {{(pid=118330) notify /opt/stack/neutron/neutron/plugins/ml2/drivers/ovn/mech_driver/ovsdb/ovsdb_monitor.py:815}}
May 09 16:04:48 ubuntu neutron-server[118331]: DEBUG neutron.plugins.ml2.drivers.ovn.mech_driver.ovsdb.ovsdb_monitor [None req-ff3c7711-981c-4677-813d-3c623ceba0a5 None None] Hash Ring: Node 27a79eb5-4f39-4c21-b01d-6b7db6e55caf (host: ubuntu) handling event "create" for row a2ac3237-95fd-49b5-b6e0-ad140b834379 (table: NB_Global) {{(pid=118331) notify /opt/stack/neutron/neutron/plugins/ml2/drivers/ovn/mech_driver/ovsdb/ovsdb_monitor.py:815}}
May 09 16:04:48 ubuntu neutron-server[118331]: DEBUG neutron.plugins.ml2.drivers.ovn.mech_driver.ovsdb.ovsdb_monitor [None req-ff3c7711-981c-4677-813d-3c623ceba0a5 None None] Hash Ring: Node 27a79eb5-4f39-4c21-b01d-6b7db6e55caf (host: ubuntu) handling event "create" for row 61f7fb0f-18c4-4194-be19-66f3a67f1bfb (table: ACL) {{(pid=118331) notify /opt/stack/neutron/neutron/plugins/ml2/drivers/ovn/mech_driver/ovsdb/ovsdb_monitor.py:815}}
May 09 16:04:48 ubuntu neutron-server[118330]: INFO neutron.plugins.ml2.drivers.ovn.mech_driver.ovsdb.impl_idl_ovn [None req-603584d7-59e1-43d4-b0f1-01062a7c6f00 None None] Getting OvsdbSbOvnIdl for WorkerService with retry
May 09 16:04:48 ubuntu neutron-server[118331]: DEBUG neutron.plugins.ml2.drivers.ovn.mech_driver.ovsdb.ovsdb_monitor [None req-ff3c7711-981c-4677-813d-3c623ceba0a5 None None] Hash Ring: Node 27a79eb5-4f39-4c21-b01d-6b7db6e55caf (host: ubuntu) handling event "create" for row 5eac520e-a93f-436c-a924-0ed922b24715 (table: Connection) {{(pid=118331) notify /opt/stack/neutron/neutron/plugins/ml2/drivers/ovn/mech_driver/ovsdb/ovsdb_monitor.py:815}}
May 09 16:04:48 ubuntu neutron-server[118331]: INFO neutron.plugins.ml2.drivers.ovn.mech_driver.ovsdb.impl_idl_ovn [None req-ff3c7711-981c-4677-813d-3c623ceba0a5 None None] Getting OvsdbSbOvnIdl for WorkerService with retry
May 09 16:04:48 ubuntu neutron-server[118330]: DEBUG ovsdbapp.backend.ovs_idl [None req-603584d7-59e1-43d4-b0f1-01062a7c6f00 None None] Created lookup_table index Chassis.name {{(pid=118330) autocreate_indices /usr/local/lib/python3.8/dist-packages/ovsdbapp/backend/ovs_idl/__init__.py:85}}
May 09 16:04:48 ubuntu neutron-server[118330]: DEBUG ovsdbapp.backend.ovs_idl [None req-603584d7-59e1-43d4-b0f1-01062a7c6f00 None None] Created schema index Datapath_Binding.tunnel_key {{(pid=118330) autocreate_indices /usr/local/lib/python3.8/dist-packages/ovsdbapp/backend/ovs_idl/__init__.py:104}}
May 09 16:04:48 ubuntu neutron-server[118330]: DEBUG ovsdbapp.backend.ovs_idl [None req-603584d7-59e1-43d4-b0f1-01062a7c6f00 None None] Created schema index Connection.target {{(pid=118330) autocreate_indices /usr/local/lib/python3.8/dist-packages/ovsdbapp/backend/ovs_idl/__init__.py:104}}
May 09 16:04:48 ubuntu neutron-server[118330]: INFO ovsdbapp.backend.ovs_idl.vlog [None req-603584d7-59e1-43d4-b0f1-01062a7c6f00 None None] tcp:192.168.79.45:6642: connecting...
May 09 16:04:48 ubuntu neutron-server[118330]: INFO ovsdbapp.backend.ovs_idl.vlog [None req-603584d7-59e1-43d4-b0f1-01062a7c6f00 None None] tcp:192.168.79.45:6642: connected
May 09 16:04:48 ubuntu neutron-server[118331]: DEBUG ovsdbapp.backend.ovs_idl [None req-ff3c7711-981c-4677-813d-3c623ceba0a5 None None] Created lookup_table index Chassis.name {{(pid=118331) autocreate_indices /usr/local/lib/python3.8/dist-packages/ovsdbapp/backend/ovs_idl/__init__.py:85}}
May 09 16:04:48 ubuntu neutron-server[118331]: DEBUG ovsdbapp.backend.ovs_idl [None req-ff3c7711-981c-4677-813d-3c623ceba0a5 None None] Created schema index Datapath_Binding.tunnel_key {{(pid=118331) autocreate_indices /usr/local/lib/python3.8/dist-packages/ovsdbapp/backend/ovs_idl/__init__.py:104}}
May 09 16:04:48 ubuntu neutron-server[118331]: DEBUG ovsdbapp.backend.ovs_idl [None req-ff3c7711-981c-4677-813d-3c623ceba0a5 None None] Created schema index Connection.target {{(pid=118331) autocreate_indices /usr/local/lib/python3.8/dist-packages/ovsdbapp/backend/ovs_idl/__init__.py:104}}
May 09 16:04:48 ubuntu neutron-server[118331]: INFO ovsdbapp.backend.ovs_idl.vlog [None req-ff3c7711-981c-4677-813d-3c623ceba0a5 None None] tcp:192.168.79.45:6642: connecting...
May 09 16:04:48 ubuntu neutron-server[118331]: INFO ovsdbapp.backend.ovs_idl.vlog [None req-ff3c7711-981c-4677-813d-3c623ceba0a5 None None] tcp:192.168.79.45:6642: connected
May 09 16:04:48 ubuntu neutron-server[118127]: DEBUG ovsdbapp.backend.ovs_idl [None req-698da4c7-4d9d-43c9-902d-32b60c888e90 None None] Created lookup_table index Chassis.name {{(pid=118127) autocreate_indices /usr/local/lib/python3.8/dist-packages/ovsdbapp/backend/ovs_idl/__init__.py:85}}
May 09 16:04:48 ubuntu neutron-server[118127]: DEBUG ovsdbapp.backend.ovs_idl [None req-698da4c7-4d9d-43c9-902d-32b60c888e90 None None] Created lookup_table index MAC_Binding.ip {{(pid=118127) autocreate_indices /usr/local/lib/python3.8/dist-packages/ovsdbapp/backend/ovs_idl/__init__.py:85}}
May 09 16:04:48 ubuntu neutron-server[118127]: DEBUG ovsdbapp.backend.ovs_idl [None req-698da4c7-4d9d-43c9-902d-32b60c888e90 None None] Created schema index Meter.name {{(pid=118127) autocreate_indices /usr/local/lib/python3.8/dist-packages/ovsdbapp/backend/ovs_idl/__init__.py:104}}
May 09 16:04:48 ubuntu neutron-server[118127]: DEBUG ovsdbapp.backend.ovs_idl [None req-698da4c7-4d9d-43c9-902d-32b60c888e90 None None] Created schema index Address_Set.name {{(pid=118127) autocreate_indices /usr/local/lib/python3.8/dist-packages/ovsdbapp/backend/ovs_idl/__init__.py:104}}
May 09 16:04:48 ubuntu neutron-server[118127]: DEBUG ovsdbapp.backend.ovs_idl [None req-698da4c7-4d9d-43c9-902d-32b60c888e90 None None] Created schema index HA_Chassis_Group.name {{(pid=118127) autocreate_indices /usr/local/lib/python3.8/dist-packages/ovsdbapp/backend/ovs_idl/__init__.py:104}}
May 09 16:04:48 ubuntu neutron-server[118127]: DEBUG ovsdbapp.backend.ovs_idl [None req-698da4c7-4d9d-43c9-902d-32b60c888e90 None None] Created schema index IP_Multicast.datapath {{(pid=118127) autocreate_indices /usr/local/lib/python3.8/dist-packages/ovsdbapp/backend/ovs_idl/__init__.py:104}}
May 09 16:04:48 ubuntu neutron-server[118127]: DEBUG ovsdbapp.backend.ovs_idl [None req-698da4c7-4d9d-43c9-902d-32b60c888e90 None None] Created schema index Connection.target {{(pid=118127) autocreate_indices /usr/local/lib/python3.8/dist-packages/ovsdbapp/backend/ovs_idl/__init__.py:104}}
May 09 16:04:48 ubuntu neutron-server[118127]: DEBUG ovsdbapp.backend.ovs_idl [None req-698da4c7-4d9d-43c9-902d-32b60c888e90 None None] Created schema index Gateway_Chassis.name {{(pid=118127) autocreate_indices /usr/local/lib/python3.8/dist-packages/ovsdbapp/backend/ovs_idl/__init__.py:104}}
May 09 16:04:48 ubuntu neutron-server[118127]: DEBUG ovsdbapp.backend.ovs_idl [None req-698da4c7-4d9d-43c9-902d-32b60c888e90 None None] Created schema index Port_Group.name {{(pid=118127) autocreate_indices /usr/local/lib/python3.8/dist-packages/ovsdbapp/backend/ovs_idl/__init__.py:104}}
May 09 16:04:48 ubuntu neutron-server[118127]: DEBUG ovsdbapp.backend.ovs_idl [None req-698da4c7-4d9d-43c9-902d-32b60c888e90 None None] Created schema index Datapath_Binding.tunnel_key {{(pid=118127) autocreate_indices /usr/local/lib/python3.8/dist-packages/ovsdbapp/backend/ovs_idl/__init__.py:104}}
May 09 16:04:48 ubuntu neutron-server[118330]: DEBUG neutron.common.ovn.hash_ring_manager [None req-603584d7-59e1-43d4-b0f1-01062a7c6f00 None None] Allow caching, nodes 2>=2 {{(pid=118330) _wait_startup_before_caching /opt/stack/neutron/neutron/common/ovn/hash_ring_manager.py:60}}
May 09 16:04:48 ubuntu neutron-server[118331]: DEBUG neutron.common.ovn.hash_ring_manager [None req-ff3c7711-981c-4677-813d-3c623ceba0a5 None None] Allow caching, nodes 2>=2 {{(pid=118331) _wait_startup_before_caching /opt/stack/neutron/neutron/common/ovn/hash_ring_manager.py:60}}
May 09 16:04:48 ubuntu neutron-server[118330]: DEBUG neutron.plugins.ml2.drivers.ovn.mech_driver.ovsdb.ovsdb_monitor [None req-603584d7-59e1-43d4-b0f1-01062a7c6f00 None None] Hash Ring: Node 5e3ff83f-c547-4c8a-8864-6ab89d82b01e (host: ubuntu) handling event "create" for row 1db48883-5609-44e7-9128-b9456f75aefc (table: Database) {{(pid=118330) notify /opt/stack/neutron/neutron/plugins/ml2/drivers/ovn/mech_driver/ovsdb/ovsdb_monitor.py:815}}
May 09 16:04:48 ubuntu neutron-server[118330]: DEBUG neutron.plugins.ml2.drivers.ovn.mech_driver.ovsdb.ovsdb_monitor [None req-603584d7-59e1-43d4-b0f1-01062a7c6f00 None None] ChassisMetadataAgentWriteEvent : Matched Chassis, create, None None {{(pid=118330) matches /opt/stack/neutron/neutron/plugins/ml2/drivers/ovn/mech_driver/ovsdb/ovsdb_monitor.py:62}}
May 09 16:04:48 ubuntu neutron-server[118330]: DEBUG neutron.plugins.ml2.drivers.ovn.mech_driver.ovsdb.ovsdb_monitor [None req-603584d7-59e1-43d4-b0f1-01062a7c6f00 None None] ChassisAgentWriteEvent : Matched Chassis, create, None None {{(pid=118330) matches /opt/stack/neutron/neutron/plugins/ml2/drivers/ovn/mech_driver/ovsdb/ovsdb_monitor.py:62}}
May 09 16:04:48 ubuntu neutron-server[118330]: DEBUG neutron.plugins.ml2.drivers.ovn.mech_driver.ovsdb.ovsdb_monitor [None req-603584d7-59e1-43d4-b0f1-01062a7c6f00 None None] Hash Ring: Node 5e3ff83f-c547-4c8a-8864-6ab89d82b01e (host: ubuntu) handling event "create" for row 9b56065a-3318-4562-8811-e8f39c55b1e9 (table: Chassis) {{(pid=118330) notify /opt/stack/neutron/neutron/plugins/ml2/drivers/ovn/mech_driver/ovsdb/ovsdb_monitor.py:815}}
May 09 16:04:48 ubuntu neutron-server[118330]: INFO neutron.wsgi [-] (118330) wsgi starting up on http://0.0.0.0:9696
May 09 16:04:48 ubuntu neutron-server[118331]: DEBUG neutron.plugins.ml2.drivers.ovn.mech_driver.ovsdb.ovsdb_monitor [None req-ff3c7711-981c-4677-813d-3c623ceba0a5 None None] Hash Ring: Node 27a79eb5-4f39-4c21-b01d-6b7db6e55caf (host: ubuntu) handling event "create" for row f198af02-269a-41b3-864f-b124e55a6677 (table: Database) {{(pid=118331) notify /opt/stack/neutron/neutron/plugins/ml2/drivers/ovn/mech_driver/ovsdb/ovsdb_monitor.py:815}}
May 09 16:04:48 ubuntu neutron-server[118331]: DEBUG neutron.plugins.ml2.drivers.ovn.mech_driver.ovsdb.ovsdb_monitor [None req-ff3c7711-981c-4677-813d-3c623ceba0a5 None None] Hash Ring: Node 27a79eb5-4f39-4c21-b01d-6b7db6e55caf (host: ubuntu) handling event "create" for row f24a2645-453e-461f-b7f3-a81d0f8f0b47 (table: Encap) {{(pid=118331) notify /opt/stack/neutron/neutron/plugins/ml2/drivers/ovn/mech_driver/ovsdb/ovsdb_monitor.py:815}}
May 09 16:04:48 ubuntu neutron-server[118331]: DEBUG neutron.plugins.ml2.drivers.ovn.mech_driver.ovsdb.ovsdb_monitor [None req-ff3c7711-981c-4677-813d-3c623ceba0a5 None None] ChassisMetadataAgentWriteEvent : Matched Chassis, create, None None {{(pid=118331) matches /opt/stack/neutron/neutron/plugins/ml2/drivers/ovn/mech_driver/ovsdb/ovsdb_monitor.py:62}}
May 09 16:04:48 ubuntu neutron-server[118331]: DEBUG neutron.plugins.ml2.drivers.ovn.mech_driver.ovsdb.ovsdb_monitor [None req-ff3c7711-981c-4677-813d-3c623ceba0a5 None None] ChassisAgentWriteEvent : Matched Chassis, create, None None {{(pid=118331) matches /opt/stack/neutron/neutron/plugins/ml2/drivers/ovn/mech_driver/ovsdb/ovsdb_monitor.py:62}}
May 09 16:04:48 ubuntu neutron-server[118331]: DEBUG neutron.plugins.ml2.drivers.ovn.mech_driver.ovsdb.ovsdb_monitor [None req-ff3c7711-981c-4677-813d-3c623ceba0a5 None None] Hash Ring: Node 27a79eb5-4f39-4c21-b01d-6b7db6e55caf (host: ubuntu) handling event "create" for row 98f01fed-2a79-41a4-a04a-b44bed7b39cf (table: Connection) {{(pid=118331) notify /opt/stack/neutron/neutron/plugins/ml2/drivers/ovn/mech_driver/ovsdb/ovsdb_monitor.py:815}}
May 09 16:04:48 ubuntu neutron-server[118331]: INFO neutron.wsgi [-] (118331) wsgi starting up on http://0.0.0.0:9696
May 09 16:04:48 ubuntu neutron-server[118127]: INFO oslo_service.service [None req-698da4c7-4d9d-43c9-902d-32b60c888e90 None None] Starting 1 workers
May 09 16:04:48 ubuntu neutron-server[118127]: DEBUG oslo_service.service [None req-698da4c7-4d9d-43c9-902d-32b60c888e90 None None] Started child 118335 {{(pid=118127) _start_child /usr/local/lib/python3.8/dist-packages/oslo_service/service.py:575}}
May 09 16:04:48 ubuntu neutron-server[118127]: INFO oslo_service.service [None req-698da4c7-4d9d-43c9-902d-32b60c888e90 None None] Starting 1 workers
May 09 16:04:48 ubuntu neutron-server[118335]: DEBUG neutron.service [None req-698da4c7-4d9d-43c9-902d-32b60c888e90 None None] calling RpcWorker wait() {{(pid=118335) _wait /opt/stack/neutron/neutron/service.py:128}}
May 09 16:04:48 ubuntu neutron-server[118335]: DEBUG neutron.service [None req-698da4c7-4d9d-43c9-902d-32b60c888e90 None None] returning from RpcWorker wait() {{(pid=118335) _wait /opt/stack/neutron/neutron/service.py:135}}
May 09 16:04:48 ubuntu neutron-server[118335]: DEBUG neutron_lib.callbacks.manager [-] Publish callbacks ['neutron.plugins.ml2.drivers.ovn.mech_driver.mech_driver.OVNMechanismDriver.post_fork_initialize-808152'] for process (None), after_init {{(pid=118335) _notify_loop /usr/local/lib/python3.8/dist-packages/neutron_lib/callbacks/manager.py:176}}
May 09 16:04:48 ubuntu neutron-server[118127]: DEBUG oslo_service.service [None req-698da4c7-4d9d-43c9-902d-32b60c888e90 None None] Started child 118336 {{(pid=118127) _start_child /usr/local/lib/python3.8/dist-packages/oslo_service/service.py:575}}
May 09 16:04:48 ubuntu neutron-server[118127]: INFO oslo_service.service [None req-698da4c7-4d9d-43c9-902d-32b60c888e90 None None] Starting 1 workers
May 09 16:04:48 ubuntu neutron-server[118335]: INFO neutron.plugins.ml2.drivers.ovn.mech_driver.ovsdb.impl_idl_ovn [-] Getting OvsdbNbOvnIdl for RpcWorker with retry
May 09 16:04:48 ubuntu neutron-server[118127]: DEBUG oslo_service.service [None req-698da4c7-4d9d-43c9-902d-32b60c888e90 None None] Started child 118337 {{(pid=118127) _start_child /usr/local/lib/python3.8/dist-packages/oslo_service/service.py:575}}
May 09 16:04:48 ubuntu neutron-server[118127]: DEBUG neutron_lib.callbacks.manager [None req-698da4c7-4d9d-43c9-902d-32b60c888e90 None None] Publish callbacks [] for process (None), after_spawn {{(pid=118127) _notify_loop /usr/local/lib/python3.8/dist-packages/neutron_lib/callbacks/manager.py:176}}
May 09 16:04:48 ubuntu neutron-server[118336]: DEBUG neutron_lib.callbacks.manager [-] Publish callbacks ['neutron.plugins.ml2.drivers.ovn.mech_driver.mech_driver.OVNMechanismDriver.post_fork_initialize-808152'] for process (None), after_init {{(pid=118336) _notify_loop /usr/local/lib/python3.8/dist-packages/neutron_lib/callbacks/manager.py:176}}
May 09 16:04:48 ubuntu neutron-server[118127]: DEBUG oslo_service.service [-] Full set of CONF: {{(pid=118127) wait /usr/local/lib/python3.8/dist-packages/oslo_service/service.py:649}}
May 09 16:04:48 ubuntu neutron-server[118127]: DEBUG oslo_service.service [-] ******************************************************************************** {{(pid=118127) log_opt_values /usr/local/lib/python3.8/dist-packages/oslo_config/cfg.py:2589}}
May 09 16:04:48 ubuntu neutron-server[118127]: DEBUG oslo_service.service [-] Configuration options gathered from: {{(pid=118127) log_opt_values /usr/local/lib/python3.8/dist-packages/oslo_config/cfg.py:2590}}
May 09 16:04:48 ubuntu neutron-server[118127]: DEBUG oslo_service.service [-] command line args: ['--config-file', '/etc/neutron/neutron.conf', '--config-file', '/etc/neutron/plugins/ml2/ml2_conf.ini'] {{(pid=118127) log_opt_values /usr/local/lib/python3.8/dist-packages/oslo_config/cfg.py:2591}}
May 09 16:04:48 ubuntu neutron-server[118127]: DEBUG oslo_service.service [-] config files: ['/etc/neutron/neutron.conf', '/etc/neutron/plugins/ml2/ml2_conf.ini'] {{(pid=118127) log_opt_values /usr/local/lib/python3.8/dist-packages/oslo_config/cfg.py:2592}}
