Jul 05 15:11:38 ubuntu neutron-server[111217]: DEBUG neutron.api.extensions [None req-0e6bc7ef-c9ca-46fd-8519-c4b610a97d42 None None] Ext name="Trunk port details" alias="trunk-details" description="Expose trunk port details" updated="2016-01-01T10:00:00-00:00" {{(pid=111217) _check_extension /opt/stack/neutron/neutron/api/extensions.py:416}}
Jul 05 15:11:38 ubuntu neutron-server[111217]: INFO neutron.api.extensions [None req-0e6bc7ef-c9ca-46fd-8519-c4b610a97d42 None None] Extension trunk-details not supported by any of loaded plugins
Jul 05 15:11:38 ubuntu neutron-server[111217]: DEBUG neutron.api.extensions [None req-0e6bc7ef-c9ca-46fd-8519-c4b610a97d42 None None] Loading extension file: uplink_status_propagation.py {{(pid=111217) _load_all_extensions_from_path /opt/stack/neutron/neutron/api/extensions.py:450}}
Jul 05 15:11:38 ubuntu neutron-server[111217]: DEBUG neutron.api.extensions [None req-0e6bc7ef-c9ca-46fd-8519-c4b610a97d42 None None] Ext name="Uplink status propagation extension" alias="uplink-status-propagation" description="Provides ability to propagate port uplink status." updated="2018-05-31T18:00:00-00:00" {{(pid=111217) _check_extension /opt/stack/neutron/neutron/api/extensions.py:416}}
Jul 05 15:11:39 ubuntu neutron-server[111217]: INFO neutron.api.extensions [None req-0e6bc7ef-c9ca-46fd-8519-c4b610a97d42 None None] Extension uplink-status-propagation not supported by any of loaded plugins
Jul 05 15:11:39 ubuntu neutron-server[111217]: DEBUG neutron.api.extensions [None req-0e6bc7ef-c9ca-46fd-8519-c4b610a97d42 None None] Loading extension file: vlantransparent.py {{(pid=111217) _load_all_extensions_from_path /opt/stack/neutron/neutron/api/extensions.py:450}}
Jul 05 15:11:39 ubuntu neutron-server[111217]: DEBUG neutron.api.extensions [None req-0e6bc7ef-c9ca-46fd-8519-c4b610a97d42 None None] Ext name="Vlantransparent" alias="vlan-transparent" description="Provides Vlan Transparent Networks" updated="2015-03-23T09:00:00-00:00" {{(pid=111217) _check_extension /opt/stack/neutron/neutron/api/extensions.py:416}}
Jul 05 15:11:39 ubuntu neutron-server[111217]: INFO neutron.api.extensions [None req-0e6bc7ef-c9ca-46fd-8519-c4b610a97d42 None None] Extension vlan-transparent not supported by any of loaded plugins
Jul 05 15:11:39 ubuntu neutron-server[111217]: INFO neutron.quota.resource_registry [None req-0e6bc7ef-c9ca-46fd-8519-c4b610a97d42 None None] Creating instance of TrackedResource for resource:network
Jul 05 15:11:39 ubuntu neutron-server[111217]: INFO neutron.quota.resource_registry [None req-0e6bc7ef-c9ca-46fd-8519-c4b610a97d42 None None] Creating instance of TrackedResource for resource:subnet
Jul 05 15:11:39 ubuntu neutron-server[111217]: INFO neutron.quota.resource_registry [None req-0e6bc7ef-c9ca-46fd-8519-c4b610a97d42 None None] Creating instance of TrackedResource for resource:subnetpool
Jul 05 15:11:39 ubuntu neutron-server[111217]: INFO neutron.quota.resource_registry [None req-0e6bc7ef-c9ca-46fd-8519-c4b610a97d42 None None] Creating instance of TrackedResource for resource:port
Jul 05 15:11:39 ubuntu neutron-server[111217]: DEBUG neutron.api.v2.resource_helper [None req-0e6bc7ef-c9ca-46fd-8519-c4b610a97d42 None None] Service FLAVORS assigned prefix:  {{(pid=111217) build_resource_info /opt/stack/neutron/neutron/api/v2/resource_helper.py:77}}
Jul 05 15:11:39 ubuntu neutron-server[111217]: DEBUG neutron.api.v2.resource_helper [None req-0e6bc7ef-c9ca-46fd-8519-c4b610a97d42 None None] Service L3_ROUTER_NAT assigned prefix:  {{(pid=111217) build_resource_info /opt/stack/neutron/neutron/api/v2/resource_helper.py:77}}
Jul 05 15:11:39 ubuntu neutron-server[111217]: DEBUG neutron.api.v2.resource_helper [None req-0e6bc7ef-c9ca-46fd-8519-c4b610a97d42 None None] Service L3_ROUTER_NAT assigned prefix:  {{(pid=111217) build_resource_info /opt/stack/neutron/neutron/api/v2/resource_helper.py:77}}
Jul 05 15:11:39 ubuntu neutron-server[111217]: INFO neutron.quota.resource_registry [None req-0e6bc7ef-c9ca-46fd-8519-c4b610a97d42 None None] Creating instance of TrackedResource for resource:router
Jul 05 15:11:39 ubuntu neutron-server[111217]: INFO neutron.quota.resource_registry [None req-0e6bc7ef-c9ca-46fd-8519-c4b610a97d42 None None] Creating instance of TrackedResource for resource:floatingip
Jul 05 15:11:39 ubuntu neutron-server[111217]: DEBUG neutron_lib.callbacks.manager [None req-0e6bc7ef-c9ca-46fd-8519-c4b610a97d42 None None] Subscribe: <bound method NeutronDbPluginV2.validate_network_rbac_policy_change of <neutron.services.network_ip_availability.plugin.NetworkIPAvailabilityPlugin object at 0x7fc5fe8f6dc0>> rbac-policy before_create 55550000 {{(pid=111217) subscribe /usr/local/lib/python3.8/dist-packages/neutron_lib/callbacks/manager.py:45}}
Jul 05 15:11:39 ubuntu neutron-server[111217]: DEBUG neutron_lib.callbacks.manager [None req-0e6bc7ef-c9ca-46fd-8519-c4b610a97d42 None None] Subscribe: <bound method NeutronDbPluginV2.validate_network_rbac_policy_change of <neutron.services.network_ip_availability.plugin.NetworkIPAvailabilityPlugin object at 0x7fc5fe8f6dc0>> rbac-policy before_update 55550000 {{(pid=111217) subscribe /usr/local/lib/python3.8/dist-packages/neutron_lib/callbacks/manager.py:45}}
Jul 05 15:11:39 ubuntu neutron-server[111217]: DEBUG neutron_lib.callbacks.manager [None req-0e6bc7ef-c9ca-46fd-8519-c4b610a97d42 None None] Subscribe: <bound method NeutronDbPluginV2.validate_network_rbac_policy_change of <neutron.services.network_ip_availability.plugin.NetworkIPAvailabilityPlugin object at 0x7fc5fe8f6dc0>> rbac-policy before_delete 55550000 {{(pid=111217) subscribe /usr/local/lib/python3.8/dist-packages/neutron_lib/callbacks/manager.py:45}}
Jul 05 15:11:39 ubuntu neutron-server[111217]: INFO neutron.quota.resource_registry [None req-0e6bc7ef-c9ca-46fd-8519-c4b610a97d42 None None] Creating instance of CountableResource for resource:rbac_policy
Jul 05 15:11:39 ubuntu neutron-server[111217]: INFO neutron.quota.resource_registry [None req-0e6bc7ef-c9ca-46fd-8519-c4b610a97d42 None None] Creating instance of TrackedResource for resource:security_group
Jul 05 15:11:39 ubuntu neutron-server[111217]: INFO neutron.quota.resource_registry [None req-0e6bc7ef-c9ca-46fd-8519-c4b610a97d42 None None] Creating instance of TrackedResource for resource:security_group_rule
Jul 05 15:11:39 ubuntu neutron-server[111217]: DEBUG neutron.api.v2.resource_helper [None req-0e6bc7ef-c9ca-46fd-8519-c4b610a97d42 None None] Service FLAVORS assigned prefix:  {{(pid=111217) build_resource_info /opt/stack/neutron/neutron/api/v2/resource_helper.py:77}}
Jul 05 15:11:39 ubuntu neutron-server[111217]: DEBUG neutron.api.v2.resource_helper [None req-0e6bc7ef-c9ca-46fd-8519-c4b610a97d42 None None] Service L3_ROUTER_NAT assigned prefix:  {{(pid=111217) build_resource_info /opt/stack/neutron/neutron/api/v2/resource_helper.py:77}}
Jul 05 15:11:39 ubuntu neutron-server[111217]: DEBUG neutron.api.v2.resource_helper [None req-0e6bc7ef-c9ca-46fd-8519-c4b610a97d42 None None] Service L3_ROUTER_NAT assigned prefix:  {{(pid=111217) build_resource_info /opt/stack/neutron/neutron/api/v2/resource_helper.py:77}}
Jul 05 15:11:39 ubuntu neutron-server[111217]: INFO neutron.quota.resource_registry [None req-0e6bc7ef-c9ca-46fd-8519-c4b610a97d42 None None] Creating instance of TrackedResource for resource:router
Jul 05 15:11:39 ubuntu neutron-server[111217]: WARNING neutron.quota.resource_registry [None req-0e6bc7ef-c9ca-46fd-8519-c4b610a97d42 None None] router is already registered
Jul 05 15:11:39 ubuntu neutron-server[111217]: INFO neutron.quota.resource_registry [None req-0e6bc7ef-c9ca-46fd-8519-c4b610a97d42 None None] Creating instance of TrackedResource for resource:floatingip
Jul 05 15:11:39 ubuntu neutron-server[111217]: WARNING neutron.quota.resource_registry [None req-0e6bc7ef-c9ca-46fd-8519-c4b610a97d42 None None] floatingip is already registered
Jul 05 15:11:39 ubuntu neutron-server[111217]: INFO neutron.quota.resource_registry [None req-0e6bc7ef-c9ca-46fd-8519-c4b610a97d42 None None] Creating instance of CountableResource for resource:rbac_policy
Jul 05 15:11:39 ubuntu neutron-server[111217]: WARNING neutron.quota.resource_registry [None req-0e6bc7ef-c9ca-46fd-8519-c4b610a97d42 None None] rbac_policy is already registered
Jul 05 15:11:39 ubuntu neutron-server[111217]: INFO neutron.quota.resource_registry [None req-0e6bc7ef-c9ca-46fd-8519-c4b610a97d42 None None] Creating instance of TrackedResource for resource:security_group
Jul 05 15:11:39 ubuntu neutron-server[111217]: WARNING neutron.quota.resource_registry [None req-0e6bc7ef-c9ca-46fd-8519-c4b610a97d42 None None] security_group is already registered
Jul 05 15:11:39 ubuntu neutron-server[111217]: INFO neutron.quota.resource_registry [None req-0e6bc7ef-c9ca-46fd-8519-c4b610a97d42 None None] Creating instance of TrackedResource for resource:security_group_rule
Jul 05 15:11:39 ubuntu neutron-server[111217]: WARNING neutron.quota.resource_registry [None req-0e6bc7ef-c9ca-46fd-8519-c4b610a97d42 None None] security_group_rule is already registered
Jul 05 15:11:39 ubuntu neutron-server[111217]: DEBUG neutron.api.extensions [None req-0e6bc7ef-c9ca-46fd-8519-c4b610a97d42 None None] Extended resource: extensions {{(pid=111217) __init__ /opt/stack/neutron/neutron/api/extensions.py:157}}
Jul 05 15:11:39 ubuntu neutron-server[111217]: DEBUG neutron.api.extensions [None req-0e6bc7ef-c9ca-46fd-8519-c4b610a97d42 None None] Extended resource: address-groups {{(pid=111217) __init__ /opt/stack/neutron/neutron/api/extensions.py:157}}
Jul 05 15:11:39 ubuntu neutron-server[111217]: DEBUG neutron.api.extensions [None req-0e6bc7ef-c9ca-46fd-8519-c4b610a97d42 None None] Extended resource: address-scopes {{(pid=111217) __init__ /opt/stack/neutron/neutron/api/extensions.py:157}}
Jul 05 15:11:39 ubuntu neutron-server[111217]: DEBUG neutron.api.extensions [None req-0e6bc7ef-c9ca-46fd-8519-c4b610a97d42 None None] Extended resource: agents {{(pid=111217) __init__ /opt/stack/neutron/neutron/api/extensions.py:157}}
Jul 05 15:11:39 ubuntu neutron-server[111217]: DEBUG neutron.api.extensions [None req-0e6bc7ef-c9ca-46fd-8519-c4b610a97d42 None None] Extended resource: auto-allocated-topology {{(pid=111217) __init__ /opt/stack/neutron/neutron/api/extensions.py:157}}
Jul 05 15:11:39 ubuntu neutron-server[111217]: DEBUG neutron.api.extensions [None req-0e6bc7ef-c9ca-46fd-8519-c4b610a97d42 None None] Extended resource: availability_zones {{(pid=111217) __init__ /opt/stack/neutron/neutron/api/extensions.py:157}}
Jul 05 15:11:39 ubuntu neutron-server[111217]: DEBUG neutron.api.extensions [None req-0e6bc7ef-c9ca-46fd-8519-c4b610a97d42 None None] Extended resource: flavors {{(pid=111217) __init__ /opt/stack/neutron/neutron/api/extensions.py:157}}
Jul 05 15:11:39 ubuntu neutron-server[111217]: DEBUG neutron.api.extensions [None req-0e6bc7ef-c9ca-46fd-8519-c4b610a97d42 None None] Extended resource: service_profiles {{(pid=111217) __init__ /opt/stack/neutron/neutron/api/extensions.py:157}}
Jul 05 15:11:39 ubuntu neutron-server[111217]: DEBUG neutron.api.extensions [None req-0e6bc7ef-c9ca-46fd-8519-c4b610a97d42 None None] Extended resource: next_providers {{(pid=111217) __init__ /opt/stack/neutron/neutron/api/extensions.py:157}}
Jul 05 15:11:39 ubuntu neutron-server[111217]: DEBUG neutron.api.extensions [None req-0e6bc7ef-c9ca-46fd-8519-c4b610a97d42 None None] Extended resource: service_profiles {{(pid=111217) __init__ /opt/stack/neutron/neutron/api/extensions.py:157}}
Jul 05 15:11:39 ubuntu neutron-server[111217]: DEBUG neutron.api.extensions [None req-0e6bc7ef-c9ca-46fd-8519-c4b610a97d42 None None] Extended resource: floatingip-pools {{(pid=111217) __init__ /opt/stack/neutron/neutron/api/extensions.py:157}}
Jul 05 15:11:39 ubuntu neutron-server[111217]: DEBUG neutron.api.extensions [None req-0e6bc7ef-c9ca-46fd-8519-c4b610a97d42 None None] Extended resource: routers {{(pid=111217) __init__ /opt/stack/neutron/neutron/api/extensions.py:157}}
Jul 05 15:11:39 ubuntu neutron-server[111217]: DEBUG neutron.api.extensions [None req-0e6bc7ef-c9ca-46fd-8519-c4b610a97d42 None None] Extended resource: floatingips {{(pid=111217) __init__ /opt/stack/neutron/neutron/api/extensions.py:157}}
Jul 05 15:11:39 ubuntu neutron-server[111217]: DEBUG neutron.api.extensions [None req-0e6bc7ef-c9ca-46fd-8519-c4b610a97d42 None None] Extended resource: network-ip-availabilities {{(pid=111217) __init__ /opt/stack/neutron/neutron/api/extensions.py:157}}
Jul 05 15:11:39 ubuntu neutron-server[111217]: DEBUG neutron.api.extensions [None req-0e6bc7ef-c9ca-46fd-8519-c4b610a97d42 None None] Extended resource: bindings {{(pid=111217) __init__ /opt/stack/neutron/neutron/api/extensions.py:157}}
Jul 05 15:11:39 ubuntu neutron-server[111217]: DEBUG neutron.api.extensions [None req-0e6bc7ef-c9ca-46fd-8519-c4b610a97d42 None None] Extended resource: quotas {{(pid=111217) __init__ /opt/stack/neutron/neutron/api/extensions.py:157}}
Jul 05 15:11:39 ubuntu neutron-server[111217]: DEBUG neutron.api.extensions [None req-0e6bc7ef-c9ca-46fd-8519-c4b610a97d42 None None] Extended resource: quotas {{(pid=111217) __init__ /opt/stack/neutron/neutron/api/extensions.py:157}}
Jul 05 15:11:39 ubuntu neutron-server[111217]: DEBUG neutron.api.extensions [None req-0e6bc7ef-c9ca-46fd-8519-c4b610a97d42 None None] Extended resource: rbac-policies {{(pid=111217) __init__ /opt/stack/neutron/neutron/api/extensions.py:157}}
Jul 05 15:11:39 ubuntu neutron-server[111217]: DEBUG neutron.api.extensions [None req-0e6bc7ef-c9ca-46fd-8519-c4b610a97d42 None None] Extended resource: security-groups {{(pid=111217) __init__ /opt/stack/neutron/neutron/api/extensions.py:157}}
Jul 05 15:11:39 ubuntu neutron-server[111217]: DEBUG neutron.api.extensions [None req-0e6bc7ef-c9ca-46fd-8519-c4b610a97d42 None None] Extended resource: security-group-rules {{(pid=111217) __init__ /opt/stack/neutron/neutron/api/extensions.py:157}}
Jul 05 15:11:39 ubuntu neutron-server[111217]: DEBUG neutron.api.extensions [None req-0e6bc7ef-c9ca-46fd-8519-c4b610a97d42 None None] Extended resource: service-providers {{(pid=111217) __init__ /opt/stack/neutron/neutron/api/extensions.py:157}}
Jul 05 15:11:39 ubuntu neutron-server[111217]: DEBUG neutron.api.extensions [None req-0e6bc7ef-c9ca-46fd-8519-c4b610a97d42 None None] Extended resource: tags {{(pid=111217) __init__ /opt/stack/neutron/neutron/api/extensions.py:157}}
Jul 05 15:11:39 ubuntu neutron-server[111217]: DEBUG neutron.api.extensions [None req-0e6bc7ef-c9ca-46fd-8519-c4b610a97d42 None None] Extended resource: tags {{(pid=111217) __init__ /opt/stack/neutron/neutron/api/extensions.py:157}}
Jul 05 15:11:39 ubuntu neutron-server[111217]: DEBUG neutron.api.extensions [None req-0e6bc7ef-c9ca-46fd-8519-c4b610a97d42 None None] Extended resource: tags {{(pid=111217) __init__ /opt/stack/neutron/neutron/api/extensions.py:157}}
Jul 05 15:11:39 ubuntu neutron-server[111217]: DEBUG neutron.api.extensions [None req-0e6bc7ef-c9ca-46fd-8519-c4b610a97d42 None None] Extended resource: tags {{(pid=111217) __init__ /opt/stack/neutron/neutron/api/extensions.py:157}}
Jul 05 15:11:39 ubuntu neutron-server[111217]: DEBUG neutron.api.extensions [None req-0e6bc7ef-c9ca-46fd-8519-c4b610a97d42 None None] Extended resource: tags {{(pid=111217) __init__ /opt/stack/neutron/neutron/api/extensions.py:157}}
Jul 05 15:11:39 ubuntu neutron-server[111217]: DEBUG neutron.api.extensions [None req-0e6bc7ef-c9ca-46fd-8519-c4b610a97d42 None None] Extended resource: tags {{(pid=111217) __init__ /opt/stack/neutron/neutron/api/extensions.py:157}}
Jul 05 15:11:39 ubuntu neutron-server[111217]: DEBUG neutron.api.extensions [None req-0e6bc7ef-c9ca-46fd-8519-c4b610a97d42 None None] Extended resource: tags {{(pid=111217) __init__ /opt/stack/neutron/neutron/api/extensions.py:157}}
Jul 05 15:11:39 ubuntu neutron-server[111217]: DEBUG neutron.api.extensions [None req-0e6bc7ef-c9ca-46fd-8519-c4b610a97d42 None None] Extended resource: tags {{(pid=111217) __init__ /opt/stack/neutron/neutron/api/extensions.py:157}}
Jul 05 15:11:39 ubuntu neutron-server[111217]: DEBUG neutron.api.extensions [None req-0e6bc7ef-c9ca-46fd-8519-c4b610a97d42 None None] Extended resource: tags {{(pid=111217) __init__ /opt/stack/neutron/neutron/api/extensions.py:157}}
Jul 05 15:11:39 ubuntu neutron-server[111217]: DEBUG neutron.api.extensions [None req-0e6bc7ef-c9ca-46fd-8519-c4b610a97d42 None None] Extended resource: tags {{(pid=111217) __init__ /opt/stack/neutron/neutron/api/extensions.py:157}}
Jul 05 15:11:39 ubuntu neutron-server[111217]: WARNING keystonemiddleware.auth_token [None req-0e6bc7ef-c9ca-46fd-8519-c4b610a97d42 None None] AuthToken middleware is set with keystone_authtoken.service_token_roles_required set to False. This is backwards compatible but deprecated behaviour. Please set this to True.
Jul 05 15:11:39 ubuntu neutron-server[111217]: WARNING keystonemiddleware.auth_token [None req-0e6bc7ef-c9ca-46fd-8519-c4b610a97d42 None None] Configuring www_authenticate_uri to point to the public identity endpoint is required; clients may not be able to authenticate against an admin endpoint
Jul 05 15:11:39 ubuntu neutron-server[111217]: DEBUG oslo_concurrency.lockutils [None req-0e6bc7ef-c9ca-46fd-8519-c4b610a97d42 None None] Acquired lock "singleton_lock" {{(pid=111217) lock /usr/local/lib/python3.8/dist-packages/oslo_concurrency/lockutils.py:294}}
Jul 05 15:11:39 ubuntu neutron-server[111217]: DEBUG oslo_concurrency.lockutils [None req-0e6bc7ef-c9ca-46fd-8519-c4b610a97d42 None None] Releasing lock "singleton_lock" {{(pid=111217) lock /usr/local/lib/python3.8/dist-packages/oslo_concurrency/lockutils.py:312}}
Jul 05 15:11:39 ubuntu neutron-server[111217]: INFO oslo_service.service [None req-0e6bc7ef-c9ca-46fd-8519-c4b610a97d42 None None] Starting 2 workers
Jul 05 15:11:39 ubuntu neutron-server[111217]: DEBUG oslo_service.service [None req-0e6bc7ef-c9ca-46fd-8519-c4b610a97d42 None None] Started child 111427 {{(pid=111217) _start_child /usr/local/lib/python3.8/dist-packages/oslo_service/service.py:575}}
Jul 05 15:11:39 ubuntu neutron-server[111217]: DEBUG oslo_service.service [None req-0e6bc7ef-c9ca-46fd-8519-c4b610a97d42 None None] Started child 111428 {{(pid=111217) _start_child /usr/local/lib/python3.8/dist-packages/oslo_service/service.py:575}}
Jul 05 15:11:39 ubuntu neutron-server[111217]: INFO neutron.service [None req-0e6bc7ef-c9ca-46fd-8519-c4b610a97d42 None None] Neutron service started, listening on 0.0.0.0:9696
Jul 05 15:11:39 ubuntu neutron-server[111217]: DEBUG neutron_lib.callbacks.manager [None req-0e6bc7ef-c9ca-46fd-8519-c4b610a97d42 None None] Publish callbacks ['neutron.plugins.ml2.drivers.ovn.mech_driver.mech_driver.OVNMechanismDriver.pre_fork_initialize-487492'] for process (None), before_spawn {{(pid=111217) _notify_loop /usr/local/lib/python3.8/dist-packages/neutron_lib/callbacks/manager.py:176}}
Jul 05 15:11:39 ubuntu neutron-server[111427]: DEBUG neutron_lib.callbacks.manager [-] Publish callbacks ['neutron.plugins.ml2.drivers.ovn.mech_driver.mech_driver.OVNMechanismDriver.post_fork_initialize-487520'] for process (None), after_init {{(pid=111427) _notify_loop /usr/local/lib/python3.8/dist-packages/neutron_lib/callbacks/manager.py:176}}
Jul 05 15:11:39 ubuntu neutron-server[111428]: DEBUG neutron_lib.callbacks.manager [-] Publish callbacks ['neutron.plugins.ml2.drivers.ovn.mech_driver.mech_driver.OVNMechanismDriver.post_fork_initialize-487520'] for process (None), after_init {{(pid=111428) _notify_loop /usr/local/lib/python3.8/dist-packages/neutron_lib/callbacks/manager.py:176}}
Jul 05 15:11:39 ubuntu neutron-server[111427]: DEBUG dbcounter [-] [111427] Writer thread running {{(pid=111427) stat_writer /usr/local/lib/python3.8/dist-packages/dbcounter.py:99}}
Jul 05 15:11:39 ubuntu neutron-server[111428]: DEBUG dbcounter [-] [111428] Writer thread running {{(pid=111428) stat_writer /usr/local/lib/python3.8/dist-packages/dbcounter.py:99}}
Jul 05 15:11:39 ubuntu neutron-server[111217]: DEBUG ovsdbapp.backend.ovs_idl [None req-0e6bc7ef-c9ca-46fd-8519-c4b610a97d42 None None] Created schema index Port_Group.name {{(pid=111217) autocreate_indices /usr/local/lib/python3.8/dist-packages/ovsdbapp/backend/ovs_idl/__init__.py:104}}
Jul 05 15:11:39 ubuntu neutron-server[111217]: DEBUG ovsdbapp.backend.ovs_idl [None req-0e6bc7ef-c9ca-46fd-8519-c4b610a97d42 None None] Created schema index Logical_Switch_Port.name {{(pid=111217) autocreate_indices /usr/local/lib/python3.8/dist-packages/ovsdbapp/backend/ovs_idl/__init__.py:104}}
Jul 05 15:11:39 ubuntu neutron-server[111427]: INFO neutron.plugins.ml2.drivers.ovn.mech_driver.ovsdb.impl_idl_ovn [None req-ee3feaf1-5ad5-4670-bb7f-67e92a7b1a3d None None] Getting OvsdbNbOvnIdl for WorkerService with retry
Jul 05 15:11:39 ubuntu neutron-server[111428]: INFO neutron.plugins.ml2.drivers.ovn.mech_driver.ovsdb.impl_idl_ovn [None req-a92d9616-6014-46f0-b322-a04575534fc1 None None] Getting OvsdbNbOvnIdl for WorkerService with retry
Jul 05 15:11:39 ubuntu neutron-server[111217]: DEBUG ovsdbapp.backend.ovs_idl.transaction [-] Running txn n=1 command(idx=0): PgAddCommand(name=neutron_pg_drop, may_exist=True, columns={'acls': []}) {{(pid=111217) do_commit /usr/local/lib/python3.8/dist-packages/ovsdbapp/backend/ovs_idl/transaction.py:90}}
Jul 05 15:11:39 ubuntu neutron-server[111217]: DEBUG ovsdbapp.backend.ovs_idl.transaction [-] Running txn n=1 command(idx=1): PgAclAddCommand(entity=neutron_pg_drop, direction=from-lport, priority=1001, match=inport == @neutron_pg_drop && ip, action=drop, log=False, may_exist=True, severity=[], name=[], meter=None, external_ids={}) {{(pid=111217) do_commit /usr/local/lib/python3.8/dist-packages/ovsdbapp/backend/ovs_idl/transaction.py:90}}
Jul 05 15:11:39 ubuntu neutron-server[111217]: DEBUG ovsdbapp.backend.ovs_idl.transaction [-] Running txn n=1 command(idx=2): PgAclAddCommand(entity=neutron_pg_drop, direction=to-lport, priority=1001, match=outport == @neutron_pg_drop && ip, action=drop, log=False, may_exist=True, severity=[], name=[], meter=None, external_ids={}) {{(pid=111217) do_commit /usr/local/lib/python3.8/dist-packages/ovsdbapp/backend/ovs_idl/transaction.py:90}}
Jul 05 15:11:39 ubuntu neutron-server[111217]: DEBUG ovsdbapp.backend.ovs_idl.event [-] Matched CREATE: NeutronPgDropPortGroupCreated(events=('create',), table='Port_Group', conditions=(('name', '=', 'neutron_pg_drop'),), old_conditions=None), priority=10 to row=Port_Group(name=neutron_pg_drop, ports=[], external_ids={}, acls=[<ovs.db.idl.Row object at 0x7fc5fe30fd30>, <ovs.db.idl.Row object at 0x7fc5fe30fe20>]) old= {{(pid=111217) matches /usr/local/lib/python3.8/dist-packages/ovsdbapp/backend/ovs_idl/event.py:43}}
Jul 05 15:11:39 ubuntu neutron-server[111427]: DEBUG ovsdbapp.backend.ovs_idl [None req-ee3feaf1-5ad5-4670-bb7f-67e92a7b1a3d None None] Created lookup_table index Logical_Switch.name {{(pid=111427) autocreate_indices /usr/local/lib/python3.8/dist-packages/ovsdbapp/backend/ovs_idl/__init__.py:85}}
Jul 05 15:11:39 ubuntu neutron-server[111427]: DEBUG ovsdbapp.backend.ovs_idl [None req-ee3feaf1-5ad5-4670-bb7f-67e92a7b1a3d None None] Created lookup_table index Logical_Router.name {{(pid=111427) autocreate_indices /usr/local/lib/python3.8/dist-packages/ovsdbapp/backend/ovs_idl/__init__.py:85}}
Jul 05 15:11:39 ubuntu neutron-server[111427]: DEBUG ovsdbapp.backend.ovs_idl [None req-ee3feaf1-5ad5-4670-bb7f-67e92a7b1a3d None None] Created lookup_table index Load_Balancer.name {{(pid=111427) autocreate_indices /usr/local/lib/python3.8/dist-packages/ovsdbapp/backend/ovs_idl/__init__.py:85}}
Jul 05 15:11:39 ubuntu neutron-server[111427]: DEBUG ovsdbapp.backend.ovs_idl [None req-ee3feaf1-5ad5-4670-bb7f-67e92a7b1a3d None None] Created schema index Meter.name {{(pid=111427) autocreate_indices /usr/local/lib/python3.8/dist-packages/ovsdbapp/backend/ovs_idl/__init__.py:104}}
Jul 05 15:11:39 ubuntu neutron-server[111427]: DEBUG ovsdbapp.backend.ovs_idl [None req-ee3feaf1-5ad5-4670-bb7f-67e92a7b1a3d None None] Created schema index Address_Set.name {{(pid=111427) autocreate_indices /usr/local/lib/python3.8/dist-packages/ovsdbapp/backend/ovs_idl/__init__.py:104}}
Jul 05 15:11:39 ubuntu neutron-server[111427]: DEBUG ovsdbapp.backend.ovs_idl [None req-ee3feaf1-5ad5-4670-bb7f-67e92a7b1a3d None None] Created schema index HA_Chassis_Group.name {{(pid=111427) autocreate_indices /usr/local/lib/python3.8/dist-packages/ovsdbapp/backend/ovs_idl/__init__.py:104}}
Jul 05 15:11:39 ubuntu neutron-server[111428]: DEBUG ovsdbapp.backend.ovs_idl [None req-a92d9616-6014-46f0-b322-a04575534fc1 None None] Created lookup_table index Logical_Switch.name {{(pid=111428) autocreate_indices /usr/local/lib/python3.8/dist-packages/ovsdbapp/backend/ovs_idl/__init__.py:85}}
Jul 05 15:11:39 ubuntu neutron-server[111428]: DEBUG ovsdbapp.backend.ovs_idl [None req-a92d9616-6014-46f0-b322-a04575534fc1 None None] Created lookup_table index Logical_Router.name {{(pid=111428) autocreate_indices /usr/local/lib/python3.8/dist-packages/ovsdbapp/backend/ovs_idl/__init__.py:85}}
Jul 05 15:11:39 ubuntu neutron-server[111427]: DEBUG ovsdbapp.backend.ovs_idl [None req-ee3feaf1-5ad5-4670-bb7f-67e92a7b1a3d None None] Created schema index Connection.target {{(pid=111427) autocreate_indices /usr/local/lib/python3.8/dist-packages/ovsdbapp/backend/ovs_idl/__init__.py:104}}
Jul 05 15:11:39 ubuntu neutron-server[111428]: DEBUG ovsdbapp.backend.ovs_idl [None req-a92d9616-6014-46f0-b322-a04575534fc1 None None] Created lookup_table index Load_Balancer.name {{(pid=111428) autocreate_indices /usr/local/lib/python3.8/dist-packages/ovsdbapp/backend/ovs_idl/__init__.py:85}}
Jul 05 15:11:39 ubuntu neutron-server[111427]: DEBUG ovsdbapp.backend.ovs_idl [None req-ee3feaf1-5ad5-4670-bb7f-67e92a7b1a3d None None] Created schema index Gateway_Chassis.name {{(pid=111427) autocreate_indices /usr/local/lib/python3.8/dist-packages/ovsdbapp/backend/ovs_idl/__init__.py:104}}
Jul 05 15:11:39 ubuntu neutron-server[111428]: DEBUG ovsdbapp.backend.ovs_idl [None req-a92d9616-6014-46f0-b322-a04575534fc1 None None] Created schema index Meter.name {{(pid=111428) autocreate_indices /usr/local/lib/python3.8/dist-packages/ovsdbapp/backend/ovs_idl/__init__.py:104}}
Jul 05 15:11:39 ubuntu neutron-server[111428]: DEBUG ovsdbapp.backend.ovs_idl [None req-a92d9616-6014-46f0-b322-a04575534fc1 None None] Created schema index Address_Set.name {{(pid=111428) autocreate_indices /usr/local/lib/python3.8/dist-packages/ovsdbapp/backend/ovs_idl/__init__.py:104}}
Jul 05 15:11:39 ubuntu neutron-server[111427]: DEBUG ovsdbapp.backend.ovs_idl [None req-ee3feaf1-5ad5-4670-bb7f-67e92a7b1a3d None None] Created schema index Logical_Router_Port.name {{(pid=111427) autocreate_indices /usr/local/lib/python3.8/dist-packages/ovsdbapp/backend/ovs_idl/__init__.py:104}}
Jul 05 15:11:39 ubuntu neutron-server[111428]: DEBUG ovsdbapp.backend.ovs_idl [None req-a92d9616-6014-46f0-b322-a04575534fc1 None None] Created schema index HA_Chassis_Group.name {{(pid=111428) autocreate_indices /usr/local/lib/python3.8/dist-packages/ovsdbapp/backend/ovs_idl/__init__.py:104}}
Jul 05 15:11:39 ubuntu neutron-server[111427]: DEBUG ovsdbapp.backend.ovs_idl [None req-ee3feaf1-5ad5-4670-bb7f-67e92a7b1a3d None None] Created schema index Port_Group.name {{(pid=111427) autocreate_indices /usr/local/lib/python3.8/dist-packages/ovsdbapp/backend/ovs_idl/__init__.py:104}}
Jul 05 15:11:39 ubuntu neutron-server[111428]: DEBUG ovsdbapp.backend.ovs_idl [None req-a92d9616-6014-46f0-b322-a04575534fc1 None None] Created schema index Connection.target {{(pid=111428) autocreate_indices /usr/local/lib/python3.8/dist-packages/ovsdbapp/backend/ovs_idl/__init__.py:104}}
Jul 05 15:11:39 ubuntu neutron-server[111428]: DEBUG ovsdbapp.backend.ovs_idl [None req-a92d9616-6014-46f0-b322-a04575534fc1 None None] Created schema index Gateway_Chassis.name {{(pid=111428) autocreate_indices /usr/local/lib/python3.8/dist-packages/ovsdbapp/backend/ovs_idl/__init__.py:104}}
Jul 05 15:11:39 ubuntu neutron-server[111427]: DEBUG ovsdbapp.backend.ovs_idl [None req-ee3feaf1-5ad5-4670-bb7f-67e92a7b1a3d None None] Created schema index Logical_Switch_Port.name {{(pid=111427) autocreate_indices /usr/local/lib/python3.8/dist-packages/ovsdbapp/backend/ovs_idl/__init__.py:104}}
Jul 05 15:11:39 ubuntu neutron-server[111428]: DEBUG ovsdbapp.backend.ovs_idl [None req-a92d9616-6014-46f0-b322-a04575534fc1 None None] Created schema index Logical_Router_Port.name {{(pid=111428) autocreate_indices /usr/local/lib/python3.8/dist-packages/ovsdbapp/backend/ovs_idl/__init__.py:104}}
Jul 05 15:11:39 ubuntu neutron-server[111428]: DEBUG ovsdbapp.backend.ovs_idl [None req-a92d9616-6014-46f0-b322-a04575534fc1 None None] Created schema index Port_Group.name {{(pid=111428) autocreate_indices /usr/local/lib/python3.8/dist-packages/ovsdbapp/backend/ovs_idl/__init__.py:104}}
Jul 05 15:11:39 ubuntu neutron-server[111428]: DEBUG ovsdbapp.backend.ovs_idl [None req-a92d9616-6014-46f0-b322-a04575534fc1 None None] Created schema index Logical_Switch_Port.name {{(pid=111428) autocreate_indices /usr/local/lib/python3.8/dist-packages/ovsdbapp/backend/ovs_idl/__init__.py:104}}
Jul 05 15:11:39 ubuntu neutron-server[111427]: INFO ovsdbapp.backend.ovs_idl.vlog [None req-ee3feaf1-5ad5-4670-bb7f-67e92a7b1a3d None None] tcp:192.168.79.45:6641: connecting...
Jul 05 15:11:39 ubuntu neutron-server[111427]: INFO ovsdbapp.backend.ovs_idl.vlog [None req-ee3feaf1-5ad5-4670-bb7f-67e92a7b1a3d None None] tcp:192.168.79.45:6641: connected
Jul 05 15:11:39 ubuntu neutron-server[111428]: INFO ovsdbapp.backend.ovs_idl.vlog [None req-a92d9616-6014-46f0-b322-a04575534fc1 None None] tcp:192.168.79.45:6641: connecting...
Jul 05 15:11:39 ubuntu neutron-server[111428]: INFO ovsdbapp.backend.ovs_idl.vlog [None req-a92d9616-6014-46f0-b322-a04575534fc1 None None] tcp:192.168.79.45:6641: connected
Jul 05 15:11:39 ubuntu neutron-server[111217]: DEBUG ovsdbapp.backend.ovs_idl [None req-0e6bc7ef-c9ca-46fd-8519-c4b610a97d42 None None] Created lookup_table index Logical_Switch.name {{(pid=111217) autocreate_indices /usr/local/lib/python3.8/dist-packages/ovsdbapp/backend/ovs_idl/__init__.py:85}}
Jul 05 15:11:39 ubuntu neutron-server[111217]: DEBUG ovsdbapp.backend.ovs_idl [None req-0e6bc7ef-c9ca-46fd-8519-c4b610a97d42 None None] Created lookup_table index Logical_Router.name {{(pid=111217) autocreate_indices /usr/local/lib/python3.8/dist-packages/ovsdbapp/backend/ovs_idl/__init__.py:85}}
Jul 05 15:11:39 ubuntu neutron-server[111217]: DEBUG ovsdbapp.backend.ovs_idl [None req-0e6bc7ef-c9ca-46fd-8519-c4b610a97d42 None None] Created lookup_table index Load_Balancer.name {{(pid=111217) autocreate_indices /usr/local/lib/python3.8/dist-packages/ovsdbapp/backend/ovs_idl/__init__.py:85}}
Jul 05 15:11:39 ubuntu neutron-server[111217]: DEBUG ovsdbapp.backend.ovs_idl [None req-0e6bc7ef-c9ca-46fd-8519-c4b610a97d42 None None] Created schema index Meter.name {{(pid=111217) autocreate_indices /usr/local/lib/python3.8/dist-packages/ovsdbapp/backend/ovs_idl/__init__.py:104}}
Jul 05 15:11:39 ubuntu neutron-server[111217]: DEBUG ovsdbapp.backend.ovs_idl [None req-0e6bc7ef-c9ca-46fd-8519-c4b610a97d42 None None] Created schema index Address_Set.name {{(pid=111217) autocreate_indices /usr/local/lib/python3.8/dist-packages/ovsdbapp/backend/ovs_idl/__init__.py:104}}
Jul 05 15:11:39 ubuntu neutron-server[111217]: DEBUG ovsdbapp.backend.ovs_idl [None req-0e6bc7ef-c9ca-46fd-8519-c4b610a97d42 None None] Created schema index HA_Chassis_Group.name {{(pid=111217) autocreate_indices /usr/local/lib/python3.8/dist-packages/ovsdbapp/backend/ovs_idl/__init__.py:104}}
Jul 05 15:11:39 ubuntu neutron-server[111217]: DEBUG ovsdbapp.backend.ovs_idl [None req-0e6bc7ef-c9ca-46fd-8519-c4b610a97d42 None None] Created schema index Connection.target {{(pid=111217) autocreate_indices /usr/local/lib/python3.8/dist-packages/ovsdbapp/backend/ovs_idl/__init__.py:104}}
Jul 05 15:11:39 ubuntu neutron-server[111217]: DEBUG ovsdbapp.backend.ovs_idl [None req-0e6bc7ef-c9ca-46fd-8519-c4b610a97d42 None None] Created schema index Gateway_Chassis.name {{(pid=111217) autocreate_indices /usr/local/lib/python3.8/dist-packages/ovsdbapp/backend/ovs_idl/__init__.py:104}}
Jul 05 15:11:39 ubuntu neutron-server[111217]: DEBUG ovsdbapp.backend.ovs_idl [None req-0e6bc7ef-c9ca-46fd-8519-c4b610a97d42 None None] Created schema index Logical_Router_Port.name {{(pid=111217) autocreate_indices /usr/local/lib/python3.8/dist-packages/ovsdbapp/backend/ovs_idl/__init__.py:104}}
Jul 05 15:11:39 ubuntu neutron-server[111217]: DEBUG ovsdbapp.backend.ovs_idl [None req-0e6bc7ef-c9ca-46fd-8519-c4b610a97d42 None None] Created schema index Port_Group.name {{(pid=111217) autocreate_indices /usr/local/lib/python3.8/dist-packages/ovsdbapp/backend/ovs_idl/__init__.py:104}}
Jul 05 15:11:39 ubuntu neutron-server[111217]: DEBUG ovsdbapp.backend.ovs_idl [None req-0e6bc7ef-c9ca-46fd-8519-c4b610a97d42 None None] Created schema index Logical_Switch_Port.name {{(pid=111217) autocreate_indices /usr/local/lib/python3.8/dist-packages/ovsdbapp/backend/ovs_idl/__init__.py:104}}
Jul 05 15:11:39 ubuntu neutron-server[111428]: DEBUG neutron.common.ovn.hash_ring_manager [None req-a92d9616-6014-46f0-b322-a04575534fc1 None None] Allow caching, nodes 2>=2 {{(pid=111428) _wait_startup_before_caching /opt/stack/neutron/neutron/common/ovn/hash_ring_manager.py:60}}
Jul 05 15:11:39 ubuntu neutron-server[111427]: DEBUG neutron.common.ovn.hash_ring_manager [None req-ee3feaf1-5ad5-4670-bb7f-67e92a7b1a3d None None] Allow caching, nodes 2>=2 {{(pid=111427) _wait_startup_before_caching /opt/stack/neutron/neutron/common/ovn/hash_ring_manager.py:60}}
Jul 05 15:11:39 ubuntu neutron-server[111217]: DEBUG ovsdbapp.backend.ovs_idl [None req-0e6bc7ef-c9ca-46fd-8519-c4b610a97d42 None None] Created lookup_table index Chassis.name {{(pid=111217) autocreate_indices /usr/local/lib/python3.8/dist-packages/ovsdbapp/backend/ovs_idl/__init__.py:85}}
Jul 05 15:11:39 ubuntu neutron-server[111217]: DEBUG ovsdbapp.backend.ovs_idl [None req-0e6bc7ef-c9ca-46fd-8519-c4b610a97d42 None None] Created lookup_table index MAC_Binding.ip {{(pid=111217) autocreate_indices /usr/local/lib/python3.8/dist-packages/ovsdbapp/backend/ovs_idl/__init__.py:85}}
Jul 05 15:11:39 ubuntu neutron-server[111217]: DEBUG ovsdbapp.backend.ovs_idl [None req-0e6bc7ef-c9ca-46fd-8519-c4b610a97d42 None None] Created schema index Meter.name {{(pid=111217) autocreate_indices /usr/local/lib/python3.8/dist-packages/ovsdbapp/backend/ovs_idl/__init__.py:104}}
Jul 05 15:11:39 ubuntu neutron-server[111217]: DEBUG ovsdbapp.backend.ovs_idl [None req-0e6bc7ef-c9ca-46fd-8519-c4b610a97d42 None None] Created schema index Address_Set.name {{(pid=111217) autocreate_indices /usr/local/lib/python3.8/dist-packages/ovsdbapp/backend/ovs_idl/__init__.py:104}}
Jul 05 15:11:39 ubuntu neutron-server[111217]: DEBUG ovsdbapp.backend.ovs_idl [None req-0e6bc7ef-c9ca-46fd-8519-c4b610a97d42 None None] Created schema index HA_Chassis_Group.name {{(pid=111217) autocreate_indices /usr/local/lib/python3.8/dist-packages/ovsdbapp/backend/ovs_idl/__init__.py:104}}
Jul 05 15:11:39 ubuntu neutron-server[111217]: DEBUG ovsdbapp.backend.ovs_idl [None req-0e6bc7ef-c9ca-46fd-8519-c4b610a97d42 None None] Created schema index IP_Multicast.datapath {{(pid=111217) autocreate_indices /usr/local/lib/python3.8/dist-packages/ovsdbapp/backend/ovs_idl/__init__.py:104}}
Jul 05 15:11:39 ubuntu neutron-server[111428]: DEBUG neutron.plugins.ml2.drivers.ovn.mech_driver.ovsdb.ovsdb_monitor [None req-a92d9616-6014-46f0-b322-a04575534fc1 None None] Hash Ring: Node 7346dfcb-ef19-4f72-b48c-7ae7a169e9a0 (host: ubuntu) handling event "create" for row c30b7798-6622-478b-a8b9-f807835d5863 (table: Database) {{(pid=111428) notify /opt/stack/neutron/neutron/plugins/ml2/drivers/ovn/mech_driver/ovsdb/ovsdb_monitor.py:743}}
Jul 05 15:11:39 ubuntu neutron-server[111217]: DEBUG ovsdbapp.backend.ovs_idl [None req-0e6bc7ef-c9ca-46fd-8519-c4b610a97d42 None None] Created schema index Connection.target {{(pid=111217) autocreate_indices /usr/local/lib/python3.8/dist-packages/ovsdbapp/backend/ovs_idl/__init__.py:104}}
Jul 05 15:11:39 ubuntu neutron-server[111217]: DEBUG ovsdbapp.backend.ovs_idl [None req-0e6bc7ef-c9ca-46fd-8519-c4b610a97d42 None None] Created schema index Gateway_Chassis.name {{(pid=111217) autocreate_indices /usr/local/lib/python3.8/dist-packages/ovsdbapp/backend/ovs_idl/__init__.py:104}}
Jul 05 15:11:39 ubuntu neutron-server[111217]: DEBUG ovsdbapp.backend.ovs_idl [None req-0e6bc7ef-c9ca-46fd-8519-c4b610a97d42 None None] Created schema index Port_Group.name {{(pid=111217) autocreate_indices /usr/local/lib/python3.8/dist-packages/ovsdbapp/backend/ovs_idl/__init__.py:104}}
Jul 05 15:11:39 ubuntu neutron-server[111217]: DEBUG ovsdbapp.backend.ovs_idl [None req-0e6bc7ef-c9ca-46fd-8519-c4b610a97d42 None None] Created schema index Datapath_Binding.tunnel_key {{(pid=111217) autocreate_indices /usr/local/lib/python3.8/dist-packages/ovsdbapp/backend/ovs_idl/__init__.py:104}}
Jul 05 15:11:39 ubuntu neutron-server[111428]: DEBUG neutron.plugins.ml2.drivers.ovn.mech_driver.ovsdb.ovsdb_monitor [None req-a92d9616-6014-46f0-b322-a04575534fc1 None None] Hash Ring: Node 7346dfcb-ef19-4f72-b48c-7ae7a169e9a0 (host: ubuntu) handling event "create" for row 8f87ea62-6315-4756-8659-3465566de919 (table: Port_Group) {{(pid=111428) notify /opt/stack/neutron/neutron/plugins/ml2/drivers/ovn/mech_driver/ovsdb/ovsdb_monitor.py:743}}
Jul 05 15:11:39 ubuntu neutron-server[111428]: DEBUG neutron.plugins.ml2.drivers.ovn.mech_driver.ovsdb.ovsdb_monitor [None req-a92d9616-6014-46f0-b322-a04575534fc1 None None] Hash Ring: Node 7346dfcb-ef19-4f72-b48c-7ae7a169e9a0 (host: ubuntu) handling event "create" for row 02d0ba57-ac3e-42c6-a733-eb3ff109b227 (table: NB_Global) {{(pid=111428) notify /opt/stack/neutron/neutron/plugins/ml2/drivers/ovn/mech_driver/ovsdb/ovsdb_monitor.py:743}}
Jul 05 15:11:39 ubuntu neutron-server[111428]: DEBUG neutron.plugins.ml2.drivers.ovn.mech_driver.ovsdb.ovsdb_monitor [None req-a92d9616-6014-46f0-b322-a04575534fc1 None None] Hash Ring: Node 7346dfcb-ef19-4f72-b48c-7ae7a169e9a0 (host: ubuntu) handling event "create" for row 11c69661-a171-425b-a900-a93df91db363 (table: Connection) {{(pid=111428) notify /opt/stack/neutron/neutron/plugins/ml2/drivers/ovn/mech_driver/ovsdb/ovsdb_monitor.py:743}}
Jul 05 15:11:39 ubuntu neutron-server[111428]: INFO neutron.plugins.ml2.drivers.ovn.mech_driver.ovsdb.impl_idl_ovn [None req-a92d9616-6014-46f0-b322-a04575534fc1 None None] Getting OvsdbSbOvnIdl for WorkerService with retry
Jul 05 15:11:39 ubuntu neutron-server[111427]: DEBUG neutron.plugins.ml2.drivers.ovn.mech_driver.ovsdb.ovsdb_monitor [None req-ee3feaf1-5ad5-4670-bb7f-67e92a7b1a3d None None] Hash Ring: Node e8d9266c-1c05-4a8b-8436-3c75074bfdbc (host: ubuntu) handling event "create" for row e2032ef4-a80d-4c00-9be8-3b9f5a344a04 (table: Database) {{(pid=111427) notify /opt/stack/neutron/neutron/plugins/ml2/drivers/ovn/mech_driver/ovsdb/ovsdb_monitor.py:743}}
Jul 05 15:11:39 ubuntu neutron-server[111427]: DEBUG neutron.plugins.ml2.drivers.ovn.mech_driver.ovsdb.ovsdb_monitor [None req-ee3feaf1-5ad5-4670-bb7f-67e92a7b1a3d None None] Hash Ring: Node e8d9266c-1c05-4a8b-8436-3c75074bfdbc (host: ubuntu) handling event "create" for row 0f36d498-d10d-47b5-bf83-de3e59f2855f (table: ACL) {{(pid=111427) notify /opt/stack/neutron/neutron/plugins/ml2/drivers/ovn/mech_driver/ovsdb/ovsdb_monitor.py:743}}
Jul 05 15:11:39 ubuntu neutron-server[111427]: DEBUG neutron.plugins.ml2.drivers.ovn.mech_driver.ovsdb.ovsdb_monitor [None req-ee3feaf1-5ad5-4670-bb7f-67e92a7b1a3d None None] Hash Ring: Node e8d9266c-1c05-4a8b-8436-3c75074bfdbc (host: ubuntu) handling event "create" for row 5f783e67-1eb6-417e-82b3-9b1082ff609d (table: ACL) {{(pid=111427) notify /opt/stack/neutron/neutron/plugins/ml2/drivers/ovn/mech_driver/ovsdb/ovsdb_monitor.py:743}}
Jul 05 15:11:39 ubuntu neutron-server[111428]: DEBUG ovsdbapp.backend.ovs_idl [None req-a92d9616-6014-46f0-b322-a04575534fc1 None None] Created lookup_table index Chassis.name {{(pid=111428) autocreate_indices /usr/local/lib/python3.8/dist-packages/ovsdbapp/backend/ovs_idl/__init__.py:85}}
Jul 05 15:11:39 ubuntu neutron-server[111428]: DEBUG ovsdbapp.backend.ovs_idl [None req-a92d9616-6014-46f0-b322-a04575534fc1 None None] Created schema index Datapath_Binding.tunnel_key {{(pid=111428) autocreate_indices /usr/local/lib/python3.8/dist-packages/ovsdbapp/backend/ovs_idl/__init__.py:104}}
Jul 05 15:11:39 ubuntu neutron-server[111428]: DEBUG ovsdbapp.backend.ovs_idl [None req-a92d9616-6014-46f0-b322-a04575534fc1 None None] Created schema index Connection.target {{(pid=111428) autocreate_indices /usr/local/lib/python3.8/dist-packages/ovsdbapp/backend/ovs_idl/__init__.py:104}}
Jul 05 15:11:39 ubuntu neutron-server[111428]: INFO ovsdbapp.backend.ovs_idl.vlog [None req-a92d9616-6014-46f0-b322-a04575534fc1 None None] tcp:192.168.79.45:6642: connecting...
Jul 05 15:11:39 ubuntu neutron-server[111427]: INFO neutron.plugins.ml2.drivers.ovn.mech_driver.ovsdb.impl_idl_ovn [None req-ee3feaf1-5ad5-4670-bb7f-67e92a7b1a3d None None] Getting OvsdbSbOvnIdl for WorkerService with retry
Jul 05 15:11:39 ubuntu neutron-server[111428]: INFO ovsdbapp.backend.ovs_idl.vlog [None req-a92d9616-6014-46f0-b322-a04575534fc1 None None] tcp:192.168.79.45:6642: connected
Jul 05 15:11:39 ubuntu neutron-server[111427]: DEBUG ovsdbapp.backend.ovs_idl [None req-ee3feaf1-5ad5-4670-bb7f-67e92a7b1a3d None None] Created lookup_table index Chassis.name {{(pid=111427) autocreate_indices /usr/local/lib/python3.8/dist-packages/ovsdbapp/backend/ovs_idl/__init__.py:85}}
Jul 05 15:11:39 ubuntu neutron-server[111427]: DEBUG ovsdbapp.backend.ovs_idl [None req-ee3feaf1-5ad5-4670-bb7f-67e92a7b1a3d None None] Created schema index Datapath_Binding.tunnel_key {{(pid=111427) autocreate_indices /usr/local/lib/python3.8/dist-packages/ovsdbapp/backend/ovs_idl/__init__.py:104}}
Jul 05 15:11:39 ubuntu neutron-server[111427]: DEBUG ovsdbapp.backend.ovs_idl [None req-ee3feaf1-5ad5-4670-bb7f-67e92a7b1a3d None None] Created schema index Connection.target {{(pid=111427) autocreate_indices /usr/local/lib/python3.8/dist-packages/ovsdbapp/backend/ovs_idl/__init__.py:104}}
Jul 05 15:11:39 ubuntu neutron-server[111427]: INFO ovsdbapp.backend.ovs_idl.vlog [None req-ee3feaf1-5ad5-4670-bb7f-67e92a7b1a3d None None] tcp:192.168.79.45:6642: connecting...
Jul 05 15:11:39 ubuntu neutron-server[111427]: INFO ovsdbapp.backend.ovs_idl.vlog [None req-ee3feaf1-5ad5-4670-bb7f-67e92a7b1a3d None None] tcp:192.168.79.45:6642: connected
Jul 05 15:11:39 ubuntu neutron-server[111428]: DEBUG neutron.common.ovn.hash_ring_manager [None req-a92d9616-6014-46f0-b322-a04575534fc1 None None] Allow caching, nodes 2>=2 {{(pid=111428) _wait_startup_before_caching /opt/stack/neutron/neutron/common/ovn/hash_ring_manager.py:60}}
Jul 05 15:11:39 ubuntu neutron-server[111428]: DEBUG neutron.plugins.ml2.drivers.ovn.mech_driver.ovsdb.ovsdb_monitor [None req-a92d9616-6014-46f0-b322-a04575534fc1 None None] Hash Ring: Node 7346dfcb-ef19-4f72-b48c-7ae7a169e9a0 (host: ubuntu) handling event "create" for row 356f29c2-29d8-43a3-97f8-e6cced37ae84 (table: Database) {{(pid=111428) notify /opt/stack/neutron/neutron/plugins/ml2/drivers/ovn/mech_driver/ovsdb/ovsdb_monitor.py:743}}
Jul 05 15:11:39 ubuntu neutron-server[111217]: INFO oslo_service.service [None req-0e6bc7ef-c9ca-46fd-8519-c4b610a97d42 None None] Starting 1 workers
Jul 05 15:11:39 ubuntu neutron-server[111427]: DEBUG neutron.common.ovn.hash_ring_manager [None req-ee3feaf1-5ad5-4670-bb7f-67e92a7b1a3d None None] Allow caching, nodes 2>=2 {{(pid=111427) _wait_startup_before_caching /opt/stack/neutron/neutron/common/ovn/hash_ring_manager.py:60}}
Jul 05 15:11:39 ubuntu neutron-server[111428]: DEBUG neutron.plugins.ml2.drivers.ovn.mech_driver.ovsdb.ovsdb_monitor [None req-a92d9616-6014-46f0-b322-a04575534fc1 None None] Hash Ring: Node 7346dfcb-ef19-4f72-b48c-7ae7a169e9a0 (host: ubuntu) handling event "create" for row 5ad51fa3-ece0-4a66-b177-778eed52e8f1 (table: Database) {{(pid=111428) notify /opt/stack/neutron/neutron/plugins/ml2/drivers/ovn/mech_driver/ovsdb/ovsdb_monitor.py:743}}
Jul 05 15:11:39 ubuntu neutron-server[111428]: DEBUG neutron.plugins.ml2.drivers.ovn.mech_driver.ovsdb.ovsdb_monitor [None req-a92d9616-6014-46f0-b322-a04575534fc1 None None] ChassisMetadataAgentWriteEvent : Matched Chassis, create, None None {{(pid=111428) matches /opt/stack/neutron/neutron/plugins/ml2/drivers/ovn/mech_driver/ovsdb/ovsdb_monitor.py:62}}
Jul 05 15:11:39 ubuntu neutron-server[111428]: DEBUG neutron.plugins.ml2.drivers.ovn.mech_driver.ovsdb.ovsdb_monitor [None req-a92d9616-6014-46f0-b322-a04575534fc1 None None] ChassisAgentWriteEvent : Matched Chassis, create, None None {{(pid=111428) matches /opt/stack/neutron/neutron/plugins/ml2/drivers/ovn/mech_driver/ovsdb/ovsdb_monitor.py:62}}
Jul 05 15:11:39 ubuntu neutron-server[111428]: DEBUG neutron.plugins.ml2.drivers.ovn.mech_driver.ovsdb.ovsdb_monitor [None req-a92d9616-6014-46f0-b322-a04575534fc1 None None] Hash Ring: Node 7346dfcb-ef19-4f72-b48c-7ae7a169e9a0 (host: ubuntu) handling event "create" for row a7cf4aee-7df1-425c-be62-d03059c5e19e (table: Connection) {{(pid=111428) notify /opt/stack/neutron/neutron/plugins/ml2/drivers/ovn/mech_driver/ovsdb/ovsdb_monitor.py:743}}
Jul 05 15:11:39 ubuntu neutron-server[111217]: DEBUG oslo_service.service [None req-0e6bc7ef-c9ca-46fd-8519-c4b610a97d42 None None] Started child 111431 {{(pid=111217) _start_child /usr/local/lib/python3.8/dist-packages/oslo_service/service.py:575}}
Jul 05 15:11:39 ubuntu neutron-server[111217]: INFO oslo_service.service [None req-0e6bc7ef-c9ca-46fd-8519-c4b610a97d42 None None] Starting 1 workers
Jul 05 15:11:39 ubuntu neutron-server[111428]: INFO neutron.wsgi [-] (111428) wsgi starting up on http://0.0.0.0:9696
Jul 05 15:11:39 ubuntu neutron-server[111217]: DEBUG oslo_service.service [None req-0e6bc7ef-c9ca-46fd-8519-c4b610a97d42 None None] Started child 111432 {{(pid=111217) _start_child /usr/local/lib/python3.8/dist-packages/oslo_service/service.py:575}}
Jul 05 15:11:39 ubuntu neutron-server[111217]: INFO oslo_service.service [None req-0e6bc7ef-c9ca-46fd-8519-c4b610a97d42 None None] Starting 1 workers
Jul 05 15:11:39 ubuntu neutron-server[111431]: DEBUG neutron.service [None req-0e6bc7ef-c9ca-46fd-8519-c4b610a97d42 None None] calling RpcWorker wait() {{(pid=111431) _wait /opt/stack/neutron/neutron/service.py:128}}
Jul 05 15:11:39 ubuntu neutron-server[111431]: DEBUG neutron.service [None req-0e6bc7ef-c9ca-46fd-8519-c4b610a97d42 None None] returning from RpcWorker wait() {{(pid=111431) _wait /opt/stack/neutron/neutron/service.py:135}}
Jul 05 15:11:39 ubuntu neutron-server[111427]: DEBUG neutron.plugins.ml2.drivers.ovn.mech_driver.ovsdb.ovsdb_monitor [None req-ee3feaf1-5ad5-4670-bb7f-67e92a7b1a3d None None] Hash Ring: Node e8d9266c-1c05-4a8b-8436-3c75074bfdbc (host: ubuntu) handling event "create" for row 3c07a3c1-4e06-4149-9769-79f815d3c93d (table: Encap) {{(pid=111427) notify /opt/stack/neutron/neutron/plugins/ml2/drivers/ovn/mech_driver/ovsdb/ovsdb_monitor.py:743}}
Jul 05 15:11:39 ubuntu neutron-server[111431]: DEBUG neutron_lib.callbacks.manager [-] Publish callbacks ['neutron.plugins.ml2.drivers.ovn.mech_driver.mech_driver.OVNMechanismDriver.post_fork_initialize-487520'] for process (None), after_init {{(pid=111431) _notify_loop /usr/local/lib/python3.8/dist-packages/neutron_lib/callbacks/manager.py:176}}
Jul 05 15:11:39 ubuntu neutron-server[111432]: DEBUG neutron_lib.callbacks.manager [-] Publish callbacks ['neutron.plugins.ml2.drivers.ovn.mech_driver.mech_driver.OVNMechanismDriver.post_fork_initialize-487520'] for process (None), after_init {{(pid=111432) _notify_loop /usr/local/lib/python3.8/dist-packages/neutron_lib/callbacks/manager.py:176}}
Jul 05 15:11:39 ubuntu neutron-server[111427]: DEBUG neutron.plugins.ml2.drivers.ovn.mech_driver.ovsdb.ovsdb_monitor [None req-ee3feaf1-5ad5-4670-bb7f-67e92a7b1a3d None None] ChassisMetadataAgentWriteEvent : Matched Chassis, create, None None {{(pid=111427) matches /opt/stack/neutron/neutron/plugins/ml2/drivers/ovn/mech_driver/ovsdb/ovsdb_monitor.py:62}}
Jul 05 15:11:39 ubuntu neutron-server[111427]: DEBUG neutron.plugins.ml2.drivers.ovn.mech_driver.ovsdb.ovsdb_monitor [None req-ee3feaf1-5ad5-4670-bb7f-67e92a7b1a3d None None] ChassisAgentWriteEvent : Matched Chassis, create, None None {{(pid=111427) matches /opt/stack/neutron/neutron/plugins/ml2/drivers/ovn/mech_driver/ovsdb/ovsdb_monitor.py:62}}
Jul 05 15:11:39 ubuntu neutron-server[111427]: DEBUG neutron.plugins.ml2.drivers.ovn.mech_driver.ovsdb.ovsdb_monitor [None req-ee3feaf1-5ad5-4670-bb7f-67e92a7b1a3d None None] Hash Ring: Node e8d9266c-1c05-4a8b-8436-3c75074bfdbc (host: ubuntu) handling event "create" for row efa2615f-2a6a-4b0e-8506-203c06552a94 (table: Chassis) {{(pid=111427) notify /opt/stack/neutron/neutron/plugins/ml2/drivers/ovn/mech_driver/ovsdb/ovsdb_monitor.py:743}}
Jul 05 15:11:39 ubuntu neutron-server[111432]: INFO neutron.plugins.ml2.drivers.ovn.mech_driver.ovsdb.impl_idl_ovn [-] Getting OvsdbNbOvnIdl for MaintenanceWorker with retry
Jul 05 15:11:39 ubuntu neutron-server[111431]: INFO neutron.plugins.ml2.drivers.ovn.mech_driver.ovsdb.impl_idl_ovn [-] Getting OvsdbNbOvnIdl for RpcWorker with retry
Jul 05 15:11:39 ubuntu neutron-server[111427]: INFO neutron.wsgi [-] (111427) wsgi starting up on http://0.0.0.0:9696
Jul 05 15:11:39 ubuntu neutron-server[111217]: DEBUG oslo_service.service [None req-0e6bc7ef-c9ca-46fd-8519-c4b610a97d42 None None] Started child 111433 {{(pid=111217) _start_child /usr/local/lib/python3.8/dist-packages/oslo_service/service.py:575}}
Jul 05 15:11:39 ubuntu neutron-server[111217]: DEBUG neutron_lib.callbacks.manager [None req-0e6bc7ef-c9ca-46fd-8519-c4b610a97d42 None None] Publish callbacks [] for process (None), after_spawn {{(pid=111217) _notify_loop /usr/local/lib/python3.8/dist-packages/neutron_lib/callbacks/manager.py:176}}
