May 19 14:53:48 ubuntu neutron-server[131313]: DEBUG neutron.api.extensions [None req-11d777a2-f62a-4208-bcd3-e7c15f0a643a None None] Ext name="Trunk Extension" alias="trunk" description="Provides support for trunk ports" updated="2016-01-01T10:00:00-00:00" {{(pid=131313) _check_extension /opt/stack/neutron/neutron/api/extensions.py:416}}
May 19 14:53:48 ubuntu neutron-server[131313]: INFO neutron.api.extensions [None req-11d777a2-f62a-4208-bcd3-e7c15f0a643a None None] Extension trunk not supported by any of loaded plugins
May 19 14:53:48 ubuntu neutron-server[131313]: DEBUG neutron.api.extensions [None req-11d777a2-f62a-4208-bcd3-e7c15f0a643a None None] Loading extension file: trunk_details.py {{(pid=131313) _load_all_extensions_from_path /opt/stack/neutron/neutron/api/extensions.py:450}}
May 19 14:53:48 ubuntu neutron-server[131313]: DEBUG neutron.api.extensions [None req-11d777a2-f62a-4208-bcd3-e7c15f0a643a None None] Ext name="Trunk port details" alias="trunk-details" description="Expose trunk port details" updated="2016-01-01T10:00:00-00:00" {{(pid=131313) _check_extension /opt/stack/neutron/neutron/api/extensions.py:416}}
May 19 14:53:48 ubuntu neutron-server[131313]: INFO neutron.api.extensions [None req-11d777a2-f62a-4208-bcd3-e7c15f0a643a None None] Extension trunk-details not supported by any of loaded plugins
May 19 14:53:48 ubuntu neutron-server[131313]: DEBUG neutron.api.extensions [None req-11d777a2-f62a-4208-bcd3-e7c15f0a643a None None] Loading extension file: uplink_status_propagation.py {{(pid=131313) _load_all_extensions_from_path /opt/stack/neutron/neutron/api/extensions.py:450}}
May 19 14:53:48 ubuntu neutron-server[131313]: DEBUG neutron.api.extensions [None req-11d777a2-f62a-4208-bcd3-e7c15f0a643a None None] Ext name="Uplink status propagation extension" alias="uplink-status-propagation" description="Provides ability to propagate port uplink status." updated="2018-05-31T18:00:00-00:00" {{(pid=131313) _check_extension /opt/stack/neutron/neutron/api/extensions.py:416}}
May 19 14:53:48 ubuntu neutron-server[131313]: INFO neutron.api.extensions [None req-11d777a2-f62a-4208-bcd3-e7c15f0a643a None None] Extension uplink-status-propagation not supported by any of loaded plugins
May 19 14:53:48 ubuntu neutron-server[131313]: DEBUG neutron.api.extensions [None req-11d777a2-f62a-4208-bcd3-e7c15f0a643a None None] Loading extension file: vlantransparent.py {{(pid=131313) _load_all_extensions_from_path /opt/stack/neutron/neutron/api/extensions.py:450}}
May 19 14:53:48 ubuntu neutron-server[131313]: DEBUG neutron.api.extensions [None req-11d777a2-f62a-4208-bcd3-e7c15f0a643a None None] Ext name="Vlantransparent" alias="vlan-transparent" description="Provides Vlan Transparent Networks" updated="2015-03-23T09:00:00-00:00" {{(pid=131313) _check_extension /opt/stack/neutron/neutron/api/extensions.py:416}}
May 19 14:53:48 ubuntu neutron-server[131313]: INFO neutron.api.extensions [None req-11d777a2-f62a-4208-bcd3-e7c15f0a643a None None] Extension vlan-transparent not supported by any of loaded plugins
May 19 14:53:48 ubuntu neutron-server[131313]: INFO neutron.quota.resource_registry [None req-11d777a2-f62a-4208-bcd3-e7c15f0a643a None None] Creating instance of TrackedResource for resource:network
May 19 14:53:48 ubuntu neutron-server[131313]: INFO neutron.quota.resource_registry [None req-11d777a2-f62a-4208-bcd3-e7c15f0a643a None None] Creating instance of TrackedResource for resource:subnet
May 19 14:53:48 ubuntu neutron-server[131313]: INFO neutron.quota.resource_registry [None req-11d777a2-f62a-4208-bcd3-e7c15f0a643a None None] Creating instance of TrackedResource for resource:subnetpool
May 19 14:53:48 ubuntu neutron-server[131313]: INFO neutron.quota.resource_registry [None req-11d777a2-f62a-4208-bcd3-e7c15f0a643a None None] Creating instance of TrackedResource for resource:port
May 19 14:53:48 ubuntu neutron-server[131313]: DEBUG neutron.api.v2.resource_helper [None req-11d777a2-f62a-4208-bcd3-e7c15f0a643a None None] Service FLAVORS assigned prefix:  {{(pid=131313) build_resource_info /opt/stack/neutron/neutron/api/v2/resource_helper.py:77}}
May 19 14:53:48 ubuntu neutron-server[131313]: DEBUG neutron.api.v2.resource_helper [None req-11d777a2-f62a-4208-bcd3-e7c15f0a643a None None] Service L3_ROUTER_NAT assigned prefix:  {{(pid=131313) build_resource_info /opt/stack/neutron/neutron/api/v2/resource_helper.py:77}}
May 19 14:53:48 ubuntu neutron-server[131313]: DEBUG neutron.api.v2.resource_helper [None req-11d777a2-f62a-4208-bcd3-e7c15f0a643a None None] Service L3_ROUTER_NAT assigned prefix:  {{(pid=131313) build_resource_info /opt/stack/neutron/neutron/api/v2/resource_helper.py:77}}
May 19 14:53:48 ubuntu neutron-server[131313]: INFO neutron.quota.resource_registry [None req-11d777a2-f62a-4208-bcd3-e7c15f0a643a None None] Creating instance of TrackedResource for resource:router
May 19 14:53:48 ubuntu neutron-server[131313]: INFO neutron.quota.resource_registry [None req-11d777a2-f62a-4208-bcd3-e7c15f0a643a None None] Creating instance of TrackedResource for resource:floatingip
May 19 14:53:48 ubuntu neutron-server[131313]: DEBUG neutron_lib.callbacks.manager [None req-11d777a2-f62a-4208-bcd3-e7c15f0a643a None None] Subscribe: <bound method NeutronDbPluginV2.validate_network_rbac_policy_change of <neutron.services.network_ip_availability.plugin.NetworkIPAvailabilityPlugin object at 0x7f30357d2fa0>> rbac-policy before_create 55550000 {{(pid=131313) subscribe /usr/local/lib/python3.8/dist-packages/neutron_lib/callbacks/manager.py:45}}
May 19 14:53:48 ubuntu neutron-server[131313]: DEBUG neutron_lib.callbacks.manager [None req-11d777a2-f62a-4208-bcd3-e7c15f0a643a None None] Subscribe: <bound method NeutronDbPluginV2.validate_network_rbac_policy_change of <neutron.services.network_ip_availability.plugin.NetworkIPAvailabilityPlugin object at 0x7f30357d2fa0>> rbac-policy before_update 55550000 {{(pid=131313) subscribe /usr/local/lib/python3.8/dist-packages/neutron_lib/callbacks/manager.py:45}}
May 19 14:53:48 ubuntu neutron-server[131313]: DEBUG neutron_lib.callbacks.manager [None req-11d777a2-f62a-4208-bcd3-e7c15f0a643a None None] Subscribe: <bound method NeutronDbPluginV2.validate_network_rbac_policy_change of <neutron.services.network_ip_availability.plugin.NetworkIPAvailabilityPlugin object at 0x7f30357d2fa0>> rbac-policy before_delete 55550000 {{(pid=131313) subscribe /usr/local/lib/python3.8/dist-packages/neutron_lib/callbacks/manager.py:45}}
May 19 14:53:48 ubuntu neutron-server[131313]: INFO neutron.quota.resource_registry [None req-11d777a2-f62a-4208-bcd3-e7c15f0a643a None None] Creating instance of CountableResource for resource:rbac_policy
May 19 14:53:48 ubuntu neutron-server[131313]: INFO neutron.quota.resource_registry [None req-11d777a2-f62a-4208-bcd3-e7c15f0a643a None None] Creating instance of TrackedResource for resource:security_group
May 19 14:53:48 ubuntu neutron-server[131313]: INFO neutron.quota.resource_registry [None req-11d777a2-f62a-4208-bcd3-e7c15f0a643a None None] Creating instance of TrackedResource for resource:security_group_rule
May 19 14:53:48 ubuntu neutron-server[131313]: DEBUG neutron.api.v2.resource_helper [None req-11d777a2-f62a-4208-bcd3-e7c15f0a643a None None] Service FLAVORS assigned prefix:  {{(pid=131313) build_resource_info /opt/stack/neutron/neutron/api/v2/resource_helper.py:77}}
May 19 14:53:48 ubuntu neutron-server[131313]: DEBUG neutron.api.v2.resource_helper [None req-11d777a2-f62a-4208-bcd3-e7c15f0a643a None None] Service L3_ROUTER_NAT assigned prefix:  {{(pid=131313) build_resource_info /opt/stack/neutron/neutron/api/v2/resource_helper.py:77}}
May 19 14:53:48 ubuntu neutron-server[131313]: DEBUG neutron.api.v2.resource_helper [None req-11d777a2-f62a-4208-bcd3-e7c15f0a643a None None] Service L3_ROUTER_NAT assigned prefix:  {{(pid=131313) build_resource_info /opt/stack/neutron/neutron/api/v2/resource_helper.py:77}}
May 19 14:53:48 ubuntu neutron-server[131313]: INFO neutron.quota.resource_registry [None req-11d777a2-f62a-4208-bcd3-e7c15f0a643a None None] Creating instance of TrackedResource for resource:router
May 19 14:53:48 ubuntu neutron-server[131313]: WARNING neutron.quota.resource_registry [None req-11d777a2-f62a-4208-bcd3-e7c15f0a643a None None] router is already registered
May 19 14:53:48 ubuntu neutron-server[131313]: INFO neutron.quota.resource_registry [None req-11d777a2-f62a-4208-bcd3-e7c15f0a643a None None] Creating instance of TrackedResource for resource:floatingip
May 19 14:53:48 ubuntu neutron-server[131313]: WARNING neutron.quota.resource_registry [None req-11d777a2-f62a-4208-bcd3-e7c15f0a643a None None] floatingip is already registered
May 19 14:53:48 ubuntu neutron-server[131313]: INFO neutron.quota.resource_registry [None req-11d777a2-f62a-4208-bcd3-e7c15f0a643a None None] Creating instance of CountableResource for resource:rbac_policy
May 19 14:53:48 ubuntu neutron-server[131313]: WARNING neutron.quota.resource_registry [None req-11d777a2-f62a-4208-bcd3-e7c15f0a643a None None] rbac_policy is already registered
May 19 14:53:48 ubuntu neutron-server[131313]: INFO neutron.quota.resource_registry [None req-11d777a2-f62a-4208-bcd3-e7c15f0a643a None None] Creating instance of TrackedResource for resource:security_group
May 19 14:53:48 ubuntu neutron-server[131313]: WARNING neutron.quota.resource_registry [None req-11d777a2-f62a-4208-bcd3-e7c15f0a643a None None] security_group is already registered
May 19 14:53:48 ubuntu neutron-server[131313]: INFO neutron.quota.resource_registry [None req-11d777a2-f62a-4208-bcd3-e7c15f0a643a None None] Creating instance of TrackedResource for resource:security_group_rule
May 19 14:53:48 ubuntu neutron-server[131313]: WARNING neutron.quota.resource_registry [None req-11d777a2-f62a-4208-bcd3-e7c15f0a643a None None] security_group_rule is already registered
May 19 14:53:48 ubuntu neutron-server[131313]: DEBUG neutron.api.extensions [None req-11d777a2-f62a-4208-bcd3-e7c15f0a643a None None] Extended resource: extensions {{(pid=131313) __init__ /opt/stack/neutron/neutron/api/extensions.py:157}}
May 19 14:53:48 ubuntu neutron-server[131313]: DEBUG neutron.api.extensions [None req-11d777a2-f62a-4208-bcd3-e7c15f0a643a None None] Extended resource: address-groups {{(pid=131313) __init__ /opt/stack/neutron/neutron/api/extensions.py:157}}
May 19 14:53:48 ubuntu neutron-server[131313]: DEBUG neutron.api.extensions [None req-11d777a2-f62a-4208-bcd3-e7c15f0a643a None None] Extended resource: address-scopes {{(pid=131313) __init__ /opt/stack/neutron/neutron/api/extensions.py:157}}
May 19 14:53:48 ubuntu neutron-server[131313]: DEBUG neutron.api.extensions [None req-11d777a2-f62a-4208-bcd3-e7c15f0a643a None None] Extended resource: agents {{(pid=131313) __init__ /opt/stack/neutron/neutron/api/extensions.py:157}}
May 19 14:53:48 ubuntu neutron-server[131313]: DEBUG neutron.api.extensions [None req-11d777a2-f62a-4208-bcd3-e7c15f0a643a None None] Extended resource: auto-allocated-topology {{(pid=131313) __init__ /opt/stack/neutron/neutron/api/extensions.py:157}}
May 19 14:53:48 ubuntu neutron-server[131313]: DEBUG neutron.api.extensions [None req-11d777a2-f62a-4208-bcd3-e7c15f0a643a None None] Extended resource: availability_zones {{(pid=131313) __init__ /opt/stack/neutron/neutron/api/extensions.py:157}}
May 19 14:53:48 ubuntu neutron-server[131313]: DEBUG neutron.api.extensions [None req-11d777a2-f62a-4208-bcd3-e7c15f0a643a None None] Extended resource: flavors {{(pid=131313) __init__ /opt/stack/neutron/neutron/api/extensions.py:157}}
May 19 14:53:48 ubuntu neutron-server[131313]: DEBUG neutron.api.extensions [None req-11d777a2-f62a-4208-bcd3-e7c15f0a643a None None] Extended resource: service_profiles {{(pid=131313) __init__ /opt/stack/neutron/neutron/api/extensions.py:157}}
May 19 14:53:48 ubuntu neutron-server[131313]: DEBUG neutron.api.extensions [None req-11d777a2-f62a-4208-bcd3-e7c15f0a643a None None] Extended resource: next_providers {{(pid=131313) __init__ /opt/stack/neutron/neutron/api/extensions.py:157}}
May 19 14:53:48 ubuntu neutron-server[131313]: DEBUG neutron.api.extensions [None req-11d777a2-f62a-4208-bcd3-e7c15f0a643a None None] Extended resource: service_profiles {{(pid=131313) __init__ /opt/stack/neutron/neutron/api/extensions.py:157}}
May 19 14:53:48 ubuntu neutron-server[131313]: DEBUG neutron.api.extensions [None req-11d777a2-f62a-4208-bcd3-e7c15f0a643a None None] Extended resource: floatingip-pools {{(pid=131313) __init__ /opt/stack/neutron/neutron/api/extensions.py:157}}
May 19 14:53:48 ubuntu neutron-server[131313]: DEBUG neutron.api.extensions [None req-11d777a2-f62a-4208-bcd3-e7c15f0a643a None None] Extended resource: routers {{(pid=131313) __init__ /opt/stack/neutron/neutron/api/extensions.py:157}}
May 19 14:53:48 ubuntu neutron-server[131313]: DEBUG neutron.api.extensions [None req-11d777a2-f62a-4208-bcd3-e7c15f0a643a None None] Extended resource: floatingips {{(pid=131313) __init__ /opt/stack/neutron/neutron/api/extensions.py:157}}
May 19 14:53:48 ubuntu neutron-server[131313]: DEBUG neutron.api.extensions [None req-11d777a2-f62a-4208-bcd3-e7c15f0a643a None None] Extended resource: network-ip-availabilities {{(pid=131313) __init__ /opt/stack/neutron/neutron/api/extensions.py:157}}
May 19 14:53:48 ubuntu neutron-server[131313]: DEBUG neutron.api.extensions [None req-11d777a2-f62a-4208-bcd3-e7c15f0a643a None None] Extended resource: bindings {{(pid=131313) __init__ /opt/stack/neutron/neutron/api/extensions.py:157}}
May 19 14:53:48 ubuntu neutron-server[131313]: DEBUG neutron.api.extensions [None req-11d777a2-f62a-4208-bcd3-e7c15f0a643a None None] Extended resource: quotas {{(pid=131313) __init__ /opt/stack/neutron/neutron/api/extensions.py:157}}
May 19 14:53:48 ubuntu neutron-server[131313]: DEBUG neutron.api.extensions [None req-11d777a2-f62a-4208-bcd3-e7c15f0a643a None None] Extended resource: quotas {{(pid=131313) __init__ /opt/stack/neutron/neutron/api/extensions.py:157}}
May 19 14:53:48 ubuntu neutron-server[131313]: DEBUG neutron.api.extensions [None req-11d777a2-f62a-4208-bcd3-e7c15f0a643a None None] Extended resource: rbac-policies {{(pid=131313) __init__ /opt/stack/neutron/neutron/api/extensions.py:157}}
May 19 14:53:48 ubuntu neutron-server[131313]: DEBUG neutron.api.extensions [None req-11d777a2-f62a-4208-bcd3-e7c15f0a643a None None] Extended resource: security-groups {{(pid=131313) __init__ /opt/stack/neutron/neutron/api/extensions.py:157}}
May 19 14:53:48 ubuntu neutron-server[131313]: DEBUG neutron.api.extensions [None req-11d777a2-f62a-4208-bcd3-e7c15f0a643a None None] Extended resource: security-group-rules {{(pid=131313) __init__ /opt/stack/neutron/neutron/api/extensions.py:157}}
May 19 14:53:48 ubuntu neutron-server[131313]: DEBUG neutron.api.extensions [None req-11d777a2-f62a-4208-bcd3-e7c15f0a643a None None] Extended resource: service-providers {{(pid=131313) __init__ /opt/stack/neutron/neutron/api/extensions.py:157}}
May 19 14:53:48 ubuntu neutron-server[131313]: DEBUG neutron.api.extensions [None req-11d777a2-f62a-4208-bcd3-e7c15f0a643a None None] Extended resource: tags {{(pid=131313) __init__ /opt/stack/neutron/neutron/api/extensions.py:157}}
May 19 14:53:48 ubuntu neutron-server[131313]: DEBUG neutron.api.extensions [None req-11d777a2-f62a-4208-bcd3-e7c15f0a643a None None] Extended resource: tags {{(pid=131313) __init__ /opt/stack/neutron/neutron/api/extensions.py:157}}
May 19 14:53:48 ubuntu neutron-server[131313]: DEBUG neutron.api.extensions [None req-11d777a2-f62a-4208-bcd3-e7c15f0a643a None None] Extended resource: tags {{(pid=131313) __init__ /opt/stack/neutron/neutron/api/extensions.py:157}}
May 19 14:53:48 ubuntu neutron-server[131313]: DEBUG neutron.api.extensions [None req-11d777a2-f62a-4208-bcd3-e7c15f0a643a None None] Extended resource: tags {{(pid=131313) __init__ /opt/stack/neutron/neutron/api/extensions.py:157}}
May 19 14:53:48 ubuntu neutron-server[131313]: DEBUG neutron.api.extensions [None req-11d777a2-f62a-4208-bcd3-e7c15f0a643a None None] Extended resource: tags {{(pid=131313) __init__ /opt/stack/neutron/neutron/api/extensions.py:157}}
May 19 14:53:48 ubuntu neutron-server[131313]: DEBUG neutron.api.extensions [None req-11d777a2-f62a-4208-bcd3-e7c15f0a643a None None] Extended resource: tags {{(pid=131313) __init__ /opt/stack/neutron/neutron/api/extensions.py:157}}
May 19 14:53:48 ubuntu neutron-server[131313]: DEBUG neutron.api.extensions [None req-11d777a2-f62a-4208-bcd3-e7c15f0a643a None None] Extended resource: tags {{(pid=131313) __init__ /opt/stack/neutron/neutron/api/extensions.py:157}}
May 19 14:53:48 ubuntu neutron-server[131313]: DEBUG neutron.api.extensions [None req-11d777a2-f62a-4208-bcd3-e7c15f0a643a None None] Extended resource: tags {{(pid=131313) __init__ /opt/stack/neutron/neutron/api/extensions.py:157}}
May 19 14:53:48 ubuntu neutron-server[131313]: DEBUG neutron.api.extensions [None req-11d777a2-f62a-4208-bcd3-e7c15f0a643a None None] Extended resource: tags {{(pid=131313) __init__ /opt/stack/neutron/neutron/api/extensions.py:157}}
May 19 14:53:48 ubuntu neutron-server[131313]: DEBUG neutron.api.extensions [None req-11d777a2-f62a-4208-bcd3-e7c15f0a643a None None] Extended resource: tags {{(pid=131313) __init__ /opt/stack/neutron/neutron/api/extensions.py:157}}
May 19 14:53:48 ubuntu neutron-server[131313]: WARNING keystonemiddleware.auth_token [None req-11d777a2-f62a-4208-bcd3-e7c15f0a643a None None] AuthToken middleware is set with keystone_authtoken.service_token_roles_required set to False. This is backwards compatible but deprecated behaviour. Please set this to True.
May 19 14:53:48 ubuntu neutron-server[131313]: WARNING keystonemiddleware.auth_token [None req-11d777a2-f62a-4208-bcd3-e7c15f0a643a None None] Configuring www_authenticate_uri to point to the public identity endpoint is required; clients may not be able to authenticate against an admin endpoint
May 19 14:53:48 ubuntu neutron-server[131313]: DEBUG oslo_concurrency.lockutils [None req-11d777a2-f62a-4208-bcd3-e7c15f0a643a None None] Acquired lock "singleton_lock" {{(pid=131313) lock /usr/local/lib/python3.8/dist-packages/oslo_concurrency/lockutils.py:294}}
May 19 14:53:48 ubuntu neutron-server[131313]: DEBUG oslo_concurrency.lockutils [None req-11d777a2-f62a-4208-bcd3-e7c15f0a643a None None] Releasing lock "singleton_lock" {{(pid=131313) lock /usr/local/lib/python3.8/dist-packages/oslo_concurrency/lockutils.py:312}}
May 19 14:53:48 ubuntu neutron-server[131313]: INFO oslo_service.service [None req-11d777a2-f62a-4208-bcd3-e7c15f0a643a None None] Starting 2 workers
May 19 14:53:48 ubuntu neutron-server[131313]: DEBUG oslo_service.service [None req-11d777a2-f62a-4208-bcd3-e7c15f0a643a None None] Started child 131537 {{(pid=131313) _start_child /usr/local/lib/python3.8/dist-packages/oslo_service/service.py:575}}
May 19 14:53:48 ubuntu neutron-server[131313]: DEBUG oslo_service.service [None req-11d777a2-f62a-4208-bcd3-e7c15f0a643a None None] Started child 131538 {{(pid=131313) _start_child /usr/local/lib/python3.8/dist-packages/oslo_service/service.py:575}}
May 19 14:53:48 ubuntu neutron-server[131313]: INFO neutron.service [None req-11d777a2-f62a-4208-bcd3-e7c15f0a643a None None] Neutron service started, listening on 0.0.0.0:9696
May 19 14:53:48 ubuntu neutron-server[131313]: DEBUG neutron_lib.callbacks.manager [None req-11d777a2-f62a-4208-bcd3-e7c15f0a643a None None] Publish callbacks ['neutron.plugins.ml2.drivers.ovn.mech_driver.mech_driver.OVNMechanismDriver.pre_fork_initialize-628224'] for process (None), before_spawn {{(pid=131313) _notify_loop /usr/local/lib/python3.8/dist-packages/neutron_lib/callbacks/manager.py:176}}
May 19 14:53:48 ubuntu neutron-server[131537]: DEBUG neutron_lib.callbacks.manager [-] Publish callbacks ['neutron.plugins.ml2.drivers.ovn.mech_driver.mech_driver.OVNMechanismDriver.post_fork_initialize-367352'] for process (None), after_init {{(pid=131537) _notify_loop /usr/local/lib/python3.8/dist-packages/neutron_lib/callbacks/manager.py:176}}
May 19 14:53:48 ubuntu neutron-server[131538]: DEBUG neutron_lib.callbacks.manager [-] Publish callbacks ['neutron.plugins.ml2.drivers.ovn.mech_driver.mech_driver.OVNMechanismDriver.post_fork_initialize-367352'] for process (None), after_init {{(pid=131538) _notify_loop /usr/local/lib/python3.8/dist-packages/neutron_lib/callbacks/manager.py:176}}
May 19 14:53:48 ubuntu neutron-server[131537]: DEBUG dbcounter [-] [131537] Writer thread running {{(pid=131537) stat_writer /usr/local/lib/python3.8/dist-packages/dbcounter.py:99}}
May 19 14:53:48 ubuntu neutron-server[131313]: DEBUG ovsdbapp.backend.ovs_idl [None req-11d777a2-f62a-4208-bcd3-e7c15f0a643a None None] Created schema index Port_Group.name {{(pid=131313) autocreate_indices /usr/local/lib/python3.8/dist-packages/ovsdbapp/backend/ovs_idl/__init__.py:104}}
May 19 14:53:48 ubuntu neutron-server[131313]: DEBUG ovsdbapp.backend.ovs_idl [None req-11d777a2-f62a-4208-bcd3-e7c15f0a643a None None] Created schema index Logical_Switch_Port.name {{(pid=131313) autocreate_indices /usr/local/lib/python3.8/dist-packages/ovsdbapp/backend/ovs_idl/__init__.py:104}}
May 19 14:53:48 ubuntu neutron-server[131538]: DEBUG dbcounter [-] [131538] Writer thread running {{(pid=131538) stat_writer /usr/local/lib/python3.8/dist-packages/dbcounter.py:99}}
May 19 14:53:48 ubuntu neutron-server[131537]: INFO neutron.plugins.ml2.drivers.ovn.mech_driver.ovsdb.impl_idl_ovn [None req-97f7f744-be36-4e3d-84a9-6e43ab110027 None None] Getting OvsdbNbOvnIdl for WorkerService with retry
May 19 14:53:48 ubuntu neutron-server[131538]: INFO neutron.plugins.ml2.drivers.ovn.mech_driver.ovsdb.impl_idl_ovn [None req-36a29bde-ddb7-4150-ad3a-7806732ec5b1 None None] Getting OvsdbNbOvnIdl for WorkerService with retry
May 19 14:53:48 ubuntu neutron-server[131313]: DEBUG ovsdbapp.backend.ovs_idl.transaction [-] Running txn n=1 command(idx=0): PgAddCommand(name=neutron_pg_drop, may_exist=True, columns={'acls': []}) {{(pid=131313) do_commit /usr/local/lib/python3.8/dist-packages/ovsdbapp/backend/ovs_idl/transaction.py:90}}
May 19 14:53:48 ubuntu neutron-server[131313]: DEBUG ovsdbapp.backend.ovs_idl.transaction [-] Running txn n=1 command(idx=1): PgAclAddCommand(entity=neutron_pg_drop, direction=from-lport, priority=1001, match=inport == @neutron_pg_drop && ip, action=drop, log=False, may_exist=True, severity=[], name=[], meter=None, external_ids={}) {{(pid=131313) do_commit /usr/local/lib/python3.8/dist-packages/ovsdbapp/backend/ovs_idl/transaction.py:90}}
May 19 14:53:48 ubuntu neutron-server[131313]: DEBUG ovsdbapp.backend.ovs_idl.transaction [-] Running txn n=1 command(idx=2): PgAclAddCommand(entity=neutron_pg_drop, direction=to-lport, priority=1001, match=outport == @neutron_pg_drop && ip, action=drop, log=False, may_exist=True, severity=[], name=[], meter=None, external_ids={}) {{(pid=131313) do_commit /usr/local/lib/python3.8/dist-packages/ovsdbapp/backend/ovs_idl/transaction.py:90}}
May 19 14:53:48 ubuntu neutron-server[131313]: DEBUG ovsdbapp.backend.ovs_idl.event [-] Matched CREATE: NeutronPgDropPortGroupCreated(events=('create',), table='Port_Group', conditions=(('name', '=', 'neutron_pg_drop'),), old_conditions=None), priority=10 to row=Port_Group(name=neutron_pg_drop, ports=[], external_ids={}, acls=[<ovs.db.idl.Row object at 0x7f303519f5e0>, <ovs.db.idl.Row object at 0x7f3035178730>]) old= {{(pid=131313) matches /usr/local/lib/python3.8/dist-packages/ovsdbapp/backend/ovs_idl/event.py:43}}
May 19 14:53:48 ubuntu neutron-server[131537]: DEBUG ovsdbapp.backend.ovs_idl [None req-97f7f744-be36-4e3d-84a9-6e43ab110027 None None] Created lookup_table index Logical_Switch.name {{(pid=131537) autocreate_indices /usr/local/lib/python3.8/dist-packages/ovsdbapp/backend/ovs_idl/__init__.py:85}}
May 19 14:53:48 ubuntu neutron-server[131537]: DEBUG ovsdbapp.backend.ovs_idl [None req-97f7f744-be36-4e3d-84a9-6e43ab110027 None None] Created lookup_table index Logical_Router.name {{(pid=131537) autocreate_indices /usr/local/lib/python3.8/dist-packages/ovsdbapp/backend/ovs_idl/__init__.py:85}}
May 19 14:53:48 ubuntu neutron-server[131538]: DEBUG ovsdbapp.backend.ovs_idl [None req-36a29bde-ddb7-4150-ad3a-7806732ec5b1 None None] Created lookup_table index Logical_Switch.name {{(pid=131538) autocreate_indices /usr/local/lib/python3.8/dist-packages/ovsdbapp/backend/ovs_idl/__init__.py:85}}
May 19 14:53:48 ubuntu neutron-server[131537]: DEBUG ovsdbapp.backend.ovs_idl [None req-97f7f744-be36-4e3d-84a9-6e43ab110027 None None] Created lookup_table index Load_Balancer.name {{(pid=131537) autocreate_indices /usr/local/lib/python3.8/dist-packages/ovsdbapp/backend/ovs_idl/__init__.py:85}}
May 19 14:53:48 ubuntu neutron-server[131313]: DEBUG ovsdbapp.backend.ovs_idl [None req-11d777a2-f62a-4208-bcd3-e7c15f0a643a None None] Created lookup_table index Logical_Switch.name {{(pid=131313) autocreate_indices /usr/local/lib/python3.8/dist-packages/ovsdbapp/backend/ovs_idl/__init__.py:85}}
May 19 14:53:48 ubuntu neutron-server[131537]: DEBUG ovsdbapp.backend.ovs_idl [None req-97f7f744-be36-4e3d-84a9-6e43ab110027 None None] Created schema index Meter.name {{(pid=131537) autocreate_indices /usr/local/lib/python3.8/dist-packages/ovsdbapp/backend/ovs_idl/__init__.py:104}}
May 19 14:53:48 ubuntu neutron-server[131538]: DEBUG ovsdbapp.backend.ovs_idl [None req-36a29bde-ddb7-4150-ad3a-7806732ec5b1 None None] Created lookup_table index Logical_Router.name {{(pid=131538) autocreate_indices /usr/local/lib/python3.8/dist-packages/ovsdbapp/backend/ovs_idl/__init__.py:85}}
May 19 14:53:48 ubuntu neutron-server[131313]: DEBUG ovsdbapp.backend.ovs_idl [None req-11d777a2-f62a-4208-bcd3-e7c15f0a643a None None] Created lookup_table index Logical_Router.name {{(pid=131313) autocreate_indices /usr/local/lib/python3.8/dist-packages/ovsdbapp/backend/ovs_idl/__init__.py:85}}
May 19 14:53:48 ubuntu neutron-server[131537]: DEBUG ovsdbapp.backend.ovs_idl [None req-97f7f744-be36-4e3d-84a9-6e43ab110027 None None] Created schema index Address_Set.name {{(pid=131537) autocreate_indices /usr/local/lib/python3.8/dist-packages/ovsdbapp/backend/ovs_idl/__init__.py:104}}
May 19 14:53:48 ubuntu neutron-server[131313]: DEBUG ovsdbapp.backend.ovs_idl [None req-11d777a2-f62a-4208-bcd3-e7c15f0a643a None None] Created lookup_table index Load_Balancer.name {{(pid=131313) autocreate_indices /usr/local/lib/python3.8/dist-packages/ovsdbapp/backend/ovs_idl/__init__.py:85}}
May 19 14:53:48 ubuntu neutron-server[131537]: DEBUG ovsdbapp.backend.ovs_idl [None req-97f7f744-be36-4e3d-84a9-6e43ab110027 None None] Created schema index HA_Chassis_Group.name {{(pid=131537) autocreate_indices /usr/local/lib/python3.8/dist-packages/ovsdbapp/backend/ovs_idl/__init__.py:104}}
May 19 14:53:48 ubuntu neutron-server[131538]: DEBUG ovsdbapp.backend.ovs_idl [None req-36a29bde-ddb7-4150-ad3a-7806732ec5b1 None None] Created lookup_table index Load_Balancer.name {{(pid=131538) autocreate_indices /usr/local/lib/python3.8/dist-packages/ovsdbapp/backend/ovs_idl/__init__.py:85}}
May 19 14:53:48 ubuntu neutron-server[131537]: DEBUG ovsdbapp.backend.ovs_idl [None req-97f7f744-be36-4e3d-84a9-6e43ab110027 None None] Created schema index Connection.target {{(pid=131537) autocreate_indices /usr/local/lib/python3.8/dist-packages/ovsdbapp/backend/ovs_idl/__init__.py:104}}
May 19 14:53:48 ubuntu neutron-server[131313]: DEBUG ovsdbapp.backend.ovs_idl [None req-11d777a2-f62a-4208-bcd3-e7c15f0a643a None None] Created schema index Meter.name {{(pid=131313) autocreate_indices /usr/local/lib/python3.8/dist-packages/ovsdbapp/backend/ovs_idl/__init__.py:104}}
May 19 14:53:48 ubuntu neutron-server[131538]: DEBUG ovsdbapp.backend.ovs_idl [None req-36a29bde-ddb7-4150-ad3a-7806732ec5b1 None None] Created schema index Meter.name {{(pid=131538) autocreate_indices /usr/local/lib/python3.8/dist-packages/ovsdbapp/backend/ovs_idl/__init__.py:104}}
May 19 14:53:48 ubuntu neutron-server[131537]: DEBUG ovsdbapp.backend.ovs_idl [None req-97f7f744-be36-4e3d-84a9-6e43ab110027 None None] Created schema index Gateway_Chassis.name {{(pid=131537) autocreate_indices /usr/local/lib/python3.8/dist-packages/ovsdbapp/backend/ovs_idl/__init__.py:104}}
May 19 14:53:48 ubuntu neutron-server[131313]: DEBUG ovsdbapp.backend.ovs_idl [None req-11d777a2-f62a-4208-bcd3-e7c15f0a643a None None] Created schema index Address_Set.name {{(pid=131313) autocreate_indices /usr/local/lib/python3.8/dist-packages/ovsdbapp/backend/ovs_idl/__init__.py:104}}
May 19 14:53:48 ubuntu neutron-server[131537]: DEBUG ovsdbapp.backend.ovs_idl [None req-97f7f744-be36-4e3d-84a9-6e43ab110027 None None] Created schema index Logical_Router_Port.name {{(pid=131537) autocreate_indices /usr/local/lib/python3.8/dist-packages/ovsdbapp/backend/ovs_idl/__init__.py:104}}
May 19 14:53:48 ubuntu neutron-server[131313]: DEBUG ovsdbapp.backend.ovs_idl [None req-11d777a2-f62a-4208-bcd3-e7c15f0a643a None None] Created schema index HA_Chassis_Group.name {{(pid=131313) autocreate_indices /usr/local/lib/python3.8/dist-packages/ovsdbapp/backend/ovs_idl/__init__.py:104}}
May 19 14:53:48 ubuntu neutron-server[131538]: DEBUG ovsdbapp.backend.ovs_idl [None req-36a29bde-ddb7-4150-ad3a-7806732ec5b1 None None] Created schema index Address_Set.name {{(pid=131538) autocreate_indices /usr/local/lib/python3.8/dist-packages/ovsdbapp/backend/ovs_idl/__init__.py:104}}
May 19 14:53:48 ubuntu neutron-server[131537]: DEBUG ovsdbapp.backend.ovs_idl [None req-97f7f744-be36-4e3d-84a9-6e43ab110027 None None] Created schema index Port_Group.name {{(pid=131537) autocreate_indices /usr/local/lib/python3.8/dist-packages/ovsdbapp/backend/ovs_idl/__init__.py:104}}
May 19 14:53:48 ubuntu neutron-server[131313]: DEBUG ovsdbapp.backend.ovs_idl [None req-11d777a2-f62a-4208-bcd3-e7c15f0a643a None None] Created schema index Connection.target {{(pid=131313) autocreate_indices /usr/local/lib/python3.8/dist-packages/ovsdbapp/backend/ovs_idl/__init__.py:104}}
May 19 14:53:48 ubuntu neutron-server[131537]: DEBUG ovsdbapp.backend.ovs_idl [None req-97f7f744-be36-4e3d-84a9-6e43ab110027 None None] Created schema index Logical_Switch_Port.name {{(pid=131537) autocreate_indices /usr/local/lib/python3.8/dist-packages/ovsdbapp/backend/ovs_idl/__init__.py:104}}
May 19 14:53:48 ubuntu neutron-server[131538]: DEBUG ovsdbapp.backend.ovs_idl [None req-36a29bde-ddb7-4150-ad3a-7806732ec5b1 None None] Created schema index HA_Chassis_Group.name {{(pid=131538) autocreate_indices /usr/local/lib/python3.8/dist-packages/ovsdbapp/backend/ovs_idl/__init__.py:104}}
May 19 14:53:48 ubuntu neutron-server[131313]: DEBUG ovsdbapp.backend.ovs_idl [None req-11d777a2-f62a-4208-bcd3-e7c15f0a643a None None] Created schema index Gateway_Chassis.name {{(pid=131313) autocreate_indices /usr/local/lib/python3.8/dist-packages/ovsdbapp/backend/ovs_idl/__init__.py:104}}
May 19 14:53:48 ubuntu neutron-server[131538]: DEBUG ovsdbapp.backend.ovs_idl [None req-36a29bde-ddb7-4150-ad3a-7806732ec5b1 None None] Created schema index Connection.target {{(pid=131538) autocreate_indices /usr/local/lib/python3.8/dist-packages/ovsdbapp/backend/ovs_idl/__init__.py:104}}
May 19 14:53:48 ubuntu neutron-server[131313]: DEBUG ovsdbapp.backend.ovs_idl [None req-11d777a2-f62a-4208-bcd3-e7c15f0a643a None None] Created schema index Logical_Router_Port.name {{(pid=131313) autocreate_indices /usr/local/lib/python3.8/dist-packages/ovsdbapp/backend/ovs_idl/__init__.py:104}}
May 19 14:53:48 ubuntu neutron-server[131537]: INFO ovsdbapp.backend.ovs_idl.vlog [None req-97f7f744-be36-4e3d-84a9-6e43ab110027 None None] tcp:192.168.79.49:6641: connecting...
May 19 14:53:48 ubuntu neutron-server[131538]: DEBUG ovsdbapp.backend.ovs_idl [None req-36a29bde-ddb7-4150-ad3a-7806732ec5b1 None None] Created schema index Gateway_Chassis.name {{(pid=131538) autocreate_indices /usr/local/lib/python3.8/dist-packages/ovsdbapp/backend/ovs_idl/__init__.py:104}}
May 19 14:53:48 ubuntu neutron-server[131313]: DEBUG ovsdbapp.backend.ovs_idl [None req-11d777a2-f62a-4208-bcd3-e7c15f0a643a None None] Created schema index Port_Group.name {{(pid=131313) autocreate_indices /usr/local/lib/python3.8/dist-packages/ovsdbapp/backend/ovs_idl/__init__.py:104}}
May 19 14:53:48 ubuntu neutron-server[131313]: DEBUG ovsdbapp.backend.ovs_idl [None req-11d777a2-f62a-4208-bcd3-e7c15f0a643a None None] Created schema index Logical_Switch_Port.name {{(pid=131313) autocreate_indices /usr/local/lib/python3.8/dist-packages/ovsdbapp/backend/ovs_idl/__init__.py:104}}
May 19 14:53:48 ubuntu neutron-server[131538]: DEBUG ovsdbapp.backend.ovs_idl [None req-36a29bde-ddb7-4150-ad3a-7806732ec5b1 None None] Created schema index Logical_Router_Port.name {{(pid=131538) autocreate_indices /usr/local/lib/python3.8/dist-packages/ovsdbapp/backend/ovs_idl/__init__.py:104}}
May 19 14:53:48 ubuntu neutron-server[131537]: INFO ovsdbapp.backend.ovs_idl.vlog [None req-97f7f744-be36-4e3d-84a9-6e43ab110027 None None] tcp:192.168.79.49:6641: connected
May 19 14:53:48 ubuntu neutron-server[131538]: DEBUG ovsdbapp.backend.ovs_idl [None req-36a29bde-ddb7-4150-ad3a-7806732ec5b1 None None] Created schema index Port_Group.name {{(pid=131538) autocreate_indices /usr/local/lib/python3.8/dist-packages/ovsdbapp/backend/ovs_idl/__init__.py:104}}
May 19 14:53:48 ubuntu neutron-server[131538]: DEBUG ovsdbapp.backend.ovs_idl [None req-36a29bde-ddb7-4150-ad3a-7806732ec5b1 None None] Created schema index Logical_Switch_Port.name {{(pid=131538) autocreate_indices /usr/local/lib/python3.8/dist-packages/ovsdbapp/backend/ovs_idl/__init__.py:104}}
May 19 14:53:48 ubuntu neutron-server[131538]: INFO ovsdbapp.backend.ovs_idl.vlog [None req-36a29bde-ddb7-4150-ad3a-7806732ec5b1 None None] tcp:192.168.79.49:6641: connecting...
May 19 14:53:48 ubuntu neutron-server[131538]: INFO ovsdbapp.backend.ovs_idl.vlog [None req-36a29bde-ddb7-4150-ad3a-7806732ec5b1 None None] tcp:192.168.79.49:6641: connected
May 19 14:53:48 ubuntu neutron-server[131537]: DEBUG neutron.common.ovn.hash_ring_manager [None req-97f7f744-be36-4e3d-84a9-6e43ab110027 None None] Allow caching, nodes 2>=2 {{(pid=131537) _wait_startup_before_caching /opt/stack/neutron/neutron/common/ovn/hash_ring_manager.py:60}}
May 19 14:53:48 ubuntu neutron-server[131538]: DEBUG neutron.common.ovn.hash_ring_manager [None req-36a29bde-ddb7-4150-ad3a-7806732ec5b1 None None] Allow caching, nodes 2>=2 {{(pid=131538) _wait_startup_before_caching /opt/stack/neutron/neutron/common/ovn/hash_ring_manager.py:60}}
May 19 14:53:48 ubuntu neutron-server[131313]: DEBUG ovsdbapp.backend.ovs_idl [None req-11d777a2-f62a-4208-bcd3-e7c15f0a643a None None] Created lookup_table index Chassis.name {{(pid=131313) autocreate_indices /usr/local/lib/python3.8/dist-packages/ovsdbapp/backend/ovs_idl/__init__.py:85}}
May 19 14:53:48 ubuntu neutron-server[131313]: DEBUG ovsdbapp.backend.ovs_idl [None req-11d777a2-f62a-4208-bcd3-e7c15f0a643a None None] Created lookup_table index MAC_Binding.ip {{(pid=131313) autocreate_indices /usr/local/lib/python3.8/dist-packages/ovsdbapp/backend/ovs_idl/__init__.py:85}}
May 19 14:53:48 ubuntu neutron-server[131313]: DEBUG ovsdbapp.backend.ovs_idl [None req-11d777a2-f62a-4208-bcd3-e7c15f0a643a None None] Created schema index Meter.name {{(pid=131313) autocreate_indices /usr/local/lib/python3.8/dist-packages/ovsdbapp/backend/ovs_idl/__init__.py:104}}
May 19 14:53:48 ubuntu neutron-server[131537]: DEBUG neutron.plugins.ml2.drivers.ovn.mech_driver.ovsdb.ovsdb_monitor [None req-97f7f744-be36-4e3d-84a9-6e43ab110027 None None] Hash Ring: Node 9b99c5a2-e41c-46e7-905f-1eac3b39ccbf (host: ubuntu) handling event "create" for row a314192a-543c-4862-8a10-94da8bd38a73 (table: Database) {{(pid=131537) notify /opt/stack/neutron/neutron/plugins/ml2/drivers/ovn/mech_driver/ovsdb/ovsdb_monitor.py:815}}
May 19 14:53:48 ubuntu neutron-server[131313]: DEBUG ovsdbapp.backend.ovs_idl [None req-11d777a2-f62a-4208-bcd3-e7c15f0a643a None None] Created schema index Address_Set.name {{(pid=131313) autocreate_indices /usr/local/lib/python3.8/dist-packages/ovsdbapp/backend/ovs_idl/__init__.py:104}}
May 19 14:53:48 ubuntu neutron-server[131313]: DEBUG ovsdbapp.backend.ovs_idl [None req-11d777a2-f62a-4208-bcd3-e7c15f0a643a None None] Created schema index HA_Chassis_Group.name {{(pid=131313) autocreate_indices /usr/local/lib/python3.8/dist-packages/ovsdbapp/backend/ovs_idl/__init__.py:104}}
May 19 14:53:48 ubuntu neutron-server[131313]: DEBUG ovsdbapp.backend.ovs_idl [None req-11d777a2-f62a-4208-bcd3-e7c15f0a643a None None] Created schema index IP_Multicast.datapath {{(pid=131313) autocreate_indices /usr/local/lib/python3.8/dist-packages/ovsdbapp/backend/ovs_idl/__init__.py:104}}
May 19 14:53:48 ubuntu neutron-server[131313]: DEBUG ovsdbapp.backend.ovs_idl [None req-11d777a2-f62a-4208-bcd3-e7c15f0a643a None None] Created schema index Connection.target {{(pid=131313) autocreate_indices /usr/local/lib/python3.8/dist-packages/ovsdbapp/backend/ovs_idl/__init__.py:104}}
May 19 14:53:48 ubuntu neutron-server[131537]: DEBUG neutron.plugins.ml2.drivers.ovn.mech_driver.ovsdb.ovsdb_monitor [None req-97f7f744-be36-4e3d-84a9-6e43ab110027 None None] Hash Ring: Node 9b99c5a2-e41c-46e7-905f-1eac3b39ccbf (host: ubuntu) handling event "create" for row beaa5da4-6477-45a9-9c91-9b4a6dc7ca80 (table: Database) {{(pid=131537) notify /opt/stack/neutron/neutron/plugins/ml2/drivers/ovn/mech_driver/ovsdb/ovsdb_monitor.py:815}}
May 19 14:53:48 ubuntu neutron-server[131313]: DEBUG ovsdbapp.backend.ovs_idl [None req-11d777a2-f62a-4208-bcd3-e7c15f0a643a None None] Created schema index Gateway_Chassis.name {{(pid=131313) autocreate_indices /usr/local/lib/python3.8/dist-packages/ovsdbapp/backend/ovs_idl/__init__.py:104}}
May 19 14:53:48 ubuntu neutron-server[131313]: DEBUG ovsdbapp.backend.ovs_idl [None req-11d777a2-f62a-4208-bcd3-e7c15f0a643a None None] Created schema index Port_Group.name {{(pid=131313) autocreate_indices /usr/local/lib/python3.8/dist-packages/ovsdbapp/backend/ovs_idl/__init__.py:104}}
May 19 14:53:48 ubuntu neutron-server[131313]: DEBUG ovsdbapp.backend.ovs_idl [None req-11d777a2-f62a-4208-bcd3-e7c15f0a643a None None] Created schema index Datapath_Binding.tunnel_key {{(pid=131313) autocreate_indices /usr/local/lib/python3.8/dist-packages/ovsdbapp/backend/ovs_idl/__init__.py:104}}
May 19 14:53:48 ubuntu neutron-server[131538]: DEBUG neutron.plugins.ml2.drivers.ovn.mech_driver.ovsdb.ovsdb_monitor [None req-36a29bde-ddb7-4150-ad3a-7806732ec5b1 None None] Hash Ring: Node 040091a5-565e-40f0-9602-d4a02546692a (host: ubuntu) handling event "create" for row b42aa64f-3d3a-418d-ac2a-ae929fc124ba (table: ACL) {{(pid=131538) notify /opt/stack/neutron/neutron/plugins/ml2/drivers/ovn/mech_driver/ovsdb/ovsdb_monitor.py:815}}
May 19 14:53:48 ubuntu neutron-server[131538]: DEBUG neutron.plugins.ml2.drivers.ovn.mech_driver.ovsdb.ovsdb_monitor [None req-36a29bde-ddb7-4150-ad3a-7806732ec5b1 None None] Hash Ring: Node 040091a5-565e-40f0-9602-d4a02546692a (host: ubuntu) handling event "create" for row 41d53ce3-cef1-4566-91c1-63254ebf207b (table: ACL) {{(pid=131538) notify /opt/stack/neutron/neutron/plugins/ml2/drivers/ovn/mech_driver/ovsdb/ovsdb_monitor.py:815}}
May 19 14:53:48 ubuntu neutron-server[131537]: DEBUG neutron.plugins.ml2.drivers.ovn.mech_driver.ovsdb.ovsdb_monitor [None req-97f7f744-be36-4e3d-84a9-6e43ab110027 None None] Hash Ring: Node 9b99c5a2-e41c-46e7-905f-1eac3b39ccbf (host: ubuntu) handling event "create" for row c9d37cf6-7ae9-4fbf-bbda-304aabf51b7f (table: Port_Group) {{(pid=131537) notify /opt/stack/neutron/neutron/plugins/ml2/drivers/ovn/mech_driver/ovsdb/ovsdb_monitor.py:815}}
May 19 14:53:48 ubuntu neutron-server[131538]: DEBUG neutron.plugins.ml2.drivers.ovn.mech_driver.ovsdb.ovsdb_monitor [None req-36a29bde-ddb7-4150-ad3a-7806732ec5b1 None None] Hash Ring: Node 040091a5-565e-40f0-9602-d4a02546692a (host: ubuntu) handling event "create" for row 719cac77-3e29-4d43-8e18-e9a39650ec4e (table: Connection) {{(pid=131538) notify /opt/stack/neutron/neutron/plugins/ml2/drivers/ovn/mech_driver/ovsdb/ovsdb_monitor.py:815}}
May 19 14:53:48 ubuntu neutron-server[131537]: DEBUG neutron.plugins.ml2.drivers.ovn.mech_driver.ovsdb.ovsdb_monitor [None req-97f7f744-be36-4e3d-84a9-6e43ab110027 None None] Hash Ring: Node 9b99c5a2-e41c-46e7-905f-1eac3b39ccbf (host: ubuntu) handling event "create" for row b348f0b5-555c-46b2-85b8-d50023f311e5 (table: NB_Global) {{(pid=131537) notify /opt/stack/neutron/neutron/plugins/ml2/drivers/ovn/mech_driver/ovsdb/ovsdb_monitor.py:815}}
May 19 14:53:48 ubuntu neutron-server[131538]: INFO neutron.plugins.ml2.drivers.ovn.mech_driver.ovsdb.impl_idl_ovn [None req-36a29bde-ddb7-4150-ad3a-7806732ec5b1 None None] Getting OvsdbSbOvnIdl for WorkerService with retry
May 19 14:53:48 ubuntu neutron-server[131537]: INFO neutron.plugins.ml2.drivers.ovn.mech_driver.ovsdb.impl_idl_ovn [None req-97f7f744-be36-4e3d-84a9-6e43ab110027 None None] Getting OvsdbSbOvnIdl for WorkerService with retry
May 19 14:53:48 ubuntu neutron-server[131538]: DEBUG ovsdbapp.backend.ovs_idl [None req-36a29bde-ddb7-4150-ad3a-7806732ec5b1 None None] Created lookup_table index Chassis.name {{(pid=131538) autocreate_indices /usr/local/lib/python3.8/dist-packages/ovsdbapp/backend/ovs_idl/__init__.py:85}}
May 19 14:53:48 ubuntu neutron-server[131538]: DEBUG ovsdbapp.backend.ovs_idl [None req-36a29bde-ddb7-4150-ad3a-7806732ec5b1 None None] Created schema index Datapath_Binding.tunnel_key {{(pid=131538) autocreate_indices /usr/local/lib/python3.8/dist-packages/ovsdbapp/backend/ovs_idl/__init__.py:104}}
May 19 14:53:48 ubuntu neutron-server[131537]: DEBUG ovsdbapp.backend.ovs_idl [None req-97f7f744-be36-4e3d-84a9-6e43ab110027 None None] Created lookup_table index Chassis.name {{(pid=131537) autocreate_indices /usr/local/lib/python3.8/dist-packages/ovsdbapp/backend/ovs_idl/__init__.py:85}}
May 19 14:53:48 ubuntu neutron-server[131538]: DEBUG ovsdbapp.backend.ovs_idl [None req-36a29bde-ddb7-4150-ad3a-7806732ec5b1 None None] Created schema index Connection.target {{(pid=131538) autocreate_indices /usr/local/lib/python3.8/dist-packages/ovsdbapp/backend/ovs_idl/__init__.py:104}}
May 19 14:53:48 ubuntu neutron-server[131537]: DEBUG ovsdbapp.backend.ovs_idl [None req-97f7f744-be36-4e3d-84a9-6e43ab110027 None None] Created schema index Datapath_Binding.tunnel_key {{(pid=131537) autocreate_indices /usr/local/lib/python3.8/dist-packages/ovsdbapp/backend/ovs_idl/__init__.py:104}}
May 19 14:53:48 ubuntu neutron-server[131537]: DEBUG ovsdbapp.backend.ovs_idl [None req-97f7f744-be36-4e3d-84a9-6e43ab110027 None None] Created schema index Connection.target {{(pid=131537) autocreate_indices /usr/local/lib/python3.8/dist-packages/ovsdbapp/backend/ovs_idl/__init__.py:104}}
May 19 14:53:48 ubuntu neutron-server[131538]: INFO ovsdbapp.backend.ovs_idl.vlog [None req-36a29bde-ddb7-4150-ad3a-7806732ec5b1 None None] tcp:192.168.79.49:6642: connecting...
May 19 14:53:48 ubuntu neutron-server[131538]: INFO ovsdbapp.backend.ovs_idl.vlog [None req-36a29bde-ddb7-4150-ad3a-7806732ec5b1 None None] tcp:192.168.79.49:6642: connected
May 19 14:53:48 ubuntu neutron-server[131537]: INFO ovsdbapp.backend.ovs_idl.vlog [None req-97f7f744-be36-4e3d-84a9-6e43ab110027 None None] tcp:192.168.79.49:6642: connecting...
May 19 14:53:48 ubuntu neutron-server[131537]: INFO ovsdbapp.backend.ovs_idl.vlog [None req-97f7f744-be36-4e3d-84a9-6e43ab110027 None None] tcp:192.168.79.49:6642: connected
May 19 14:53:48 ubuntu neutron-server[131313]: INFO oslo_service.service [None req-11d777a2-f62a-4208-bcd3-e7c15f0a643a None None] Starting 1 workers
May 19 14:53:48 ubuntu neutron-server[131313]: DEBUG oslo_service.service [None req-11d777a2-f62a-4208-bcd3-e7c15f0a643a None None] Started child 131542 {{(pid=131313) _start_child /usr/local/lib/python3.8/dist-packages/oslo_service/service.py:575}}
May 19 14:53:48 ubuntu neutron-server[131313]: INFO oslo_service.service [None req-11d777a2-f62a-4208-bcd3-e7c15f0a643a None None] Starting 1 workers
May 19 14:53:48 ubuntu neutron-server[131538]: DEBUG neutron.common.ovn.hash_ring_manager [None req-36a29bde-ddb7-4150-ad3a-7806732ec5b1 None None] Allow caching, nodes 2>=2 {{(pid=131538) _wait_startup_before_caching /opt/stack/neutron/neutron/common/ovn/hash_ring_manager.py:60}}
May 19 14:53:48 ubuntu neutron-server[131313]: DEBUG oslo_service.service [None req-11d777a2-f62a-4208-bcd3-e7c15f0a643a None None] Started child 131543 {{(pid=131313) _start_child /usr/local/lib/python3.8/dist-packages/oslo_service/service.py:575}}
May 19 14:53:48 ubuntu neutron-server[131313]: INFO oslo_service.service [None req-11d777a2-f62a-4208-bcd3-e7c15f0a643a None None] Starting 1 workers
May 19 14:53:48 ubuntu neutron-server[131538]: DEBUG neutron.plugins.ml2.drivers.ovn.mech_driver.ovsdb.ovsdb_monitor [None req-36a29bde-ddb7-4150-ad3a-7806732ec5b1 None None] Hash Ring: Node 040091a5-565e-40f0-9602-d4a02546692a (host: ubuntu) handling event "create" for row 27041af5-b7e9-480e-afc8-71019be317eb (table: Database) {{(pid=131538) notify /opt/stack/neutron/neutron/plugins/ml2/drivers/ovn/mech_driver/ovsdb/ovsdb_monitor.py:815}}
May 19 14:53:48 ubuntu neutron-server[131538]: DEBUG neutron.plugins.ml2.drivers.ovn.mech_driver.ovsdb.ovsdb_monitor [None req-36a29bde-ddb7-4150-ad3a-7806732ec5b1 None None] Hash Ring: Node 040091a5-565e-40f0-9602-d4a02546692a (host: ubuntu) handling event "create" for row 22ab1d3d-45d7-4458-81bc-2387437a181a (table: Database) {{(pid=131538) notify /opt/stack/neutron/neutron/plugins/ml2/drivers/ovn/mech_driver/ovsdb/ovsdb_monitor.py:815}}
May 19 14:53:48 ubuntu neutron-server[131313]: DEBUG oslo_service.service [None req-11d777a2-f62a-4208-bcd3-e7c15f0a643a None None] Started child 131544 {{(pid=131313) _start_child /usr/local/lib/python3.8/dist-packages/oslo_service/service.py:575}}
May 19 14:53:48 ubuntu neutron-server[131538]: DEBUG neutron.plugins.ml2.drivers.ovn.mech_driver.ovsdb.ovsdb_monitor [None req-36a29bde-ddb7-4150-ad3a-7806732ec5b1 None None] ChassisAgentWriteEvent : Matched Chassis, create, None None {{(pid=131538) matches /opt/stack/neutron/neutron/plugins/ml2/drivers/ovn/mech_driver/ovsdb/ovsdb_monitor.py:62}}
May 19 14:53:48 ubuntu neutron-server[131538]: DEBUG neutron.plugins.ml2.drivers.ovn.mech_driver.ovsdb.ovsdb_monitor [None req-36a29bde-ddb7-4150-ad3a-7806732ec5b1 None None] ChassisMetadataAgentWriteEvent : Matched Chassis, create, None None {{(pid=131538) matches /opt/stack/neutron/neutron/plugins/ml2/drivers/ovn/mech_driver/ovsdb/ovsdb_monitor.py:62}}
May 19 14:53:48 ubuntu neutron-server[131313]: DEBUG neutron_lib.callbacks.manager [None req-11d777a2-f62a-4208-bcd3-e7c15f0a643a None None] Publish callbacks [] for process (None), after_spawn {{(pid=131313) _notify_loop /usr/local/lib/python3.8/dist-packages/neutron_lib/callbacks/manager.py:176}}
May 19 14:53:48 ubuntu neutron-server[131538]: INFO neutron.wsgi [-] (131538) wsgi starting up on http://0.0.0.0:9696
May 19 14:53:48 ubuntu neutron-server[131313]: DEBUG oslo_service.service [-] Full set of CONF: {{(pid=131313) wait /usr/local/lib/python3.8/dist-packages/oslo_service/service.py:649}}
May 19 14:53:48 ubuntu neutron-server[131313]: DEBUG oslo_service.service [-] ******************************************************************************** {{(pid=131313) log_opt_values /usr/local/lib/python3.8/dist-packages/oslo_config/cfg.py:2589}}
May 19 14:53:48 ubuntu neutron-server[131538]: DEBUG neutron.wsgi [-] (131538) accepted ('192.168.79.49', 37786) {{(pid=131538) server /usr/local/lib/python3.8/dist-packages/eventlet/wsgi.py:1004}}
May 19 14:53:48 ubuntu neutron-server[131313]: DEBUG oslo_service.service [-] Configuration options gathered from: {{(pid=131313) log_opt_values /usr/local/lib/python3.8/dist-packages/oslo_config/cfg.py:2590}}
May 19 14:53:48 ubuntu neutron-server[131313]: DEBUG oslo_service.service [-] command line args: ['--config-file', '/etc/neutron/neutron.conf', '--config-file', '/etc/neutron/plugins/ml2/ml2_conf.ini'] {{(pid=131313) log_opt_values /usr/local/lib/python3.8/dist-packages/oslo_config/cfg.py:2591}}
May 19 14:53:48 ubuntu neutron-server[131313]: DEBUG oslo_service.service [-] config files: ['/etc/neutron/neutron.conf', '/etc/neutron/plugins/ml2/ml2_conf.ini'] {{(pid=131313) log_opt_values /usr/local/lib/python3.8/dist-packages/oslo_config/cfg.py:2592}}
May 19 14:53:48 ubuntu neutron-server[131313]: DEBUG oslo_service.service [-] ================================================================================ {{(pid=131313) log_opt_values /usr/local/lib/python3.8/dist-packages/oslo_config/cfg.py:2594}}
May 19 14:53:48 ubuntu neutron-server[131313]: DEBUG oslo_service.service [-] agent_down_time                = 75 {{(pid=131313) log_opt_values /usr/local/lib/python3.8/dist-packages/oslo_config/cfg.py:2602}}
May 19 14:53:48 ubuntu neutron-server[131313]: DEBUG oslo_service.service [-] allow_automatic_dhcp_failover  = True {{(pid=131313) log_opt_values /usr/local/lib/python3.8/dist-packages/oslo_config/cfg.py:2602}}
May 19 14:53:48 ubuntu neutron-server[131313]: DEBUG oslo_service.service [-] allow_bulk                     = True {{(pid=131313) log_opt_values /usr/local/lib/python3.8/dist-packages/oslo_config/cfg.py:2602}}
May 19 14:53:48 ubuntu neutron-server[131313]: DEBUG oslo_service.service [-] allowed_conntrack_helpers      = [{'amanda': 'tcp'}, {'ftp': 'tcp'}, {'h323': 'udp'}, {'h323': 'tcp'}, {'irc': 'tcp'}, {'netbios-ns': 'udp'}, {'pptp': 'tcp'}, {'sane': 'tcp'}, {'sip': 'udp'}, {'sip': 'tcp'}, {'snmp': 'udp'}, {'tftp': 'udp'}] {{(pid=131313) log_opt_values /usr/local/lib/python3.8/dist-packages/oslo_config/cfg.py:2602}}
May 19 14:53:48 ubuntu neutron-server[131313]: DEBUG oslo_service.service [-] api_extensions_path            =  {{(pid=131313) log_opt_values /usr/local/lib/python3.8/dist-packages/oslo_config/cfg.py:2602}}
May 19 14:53:48 ubuntu neutron-server[131313]: DEBUG oslo_service.service [-] api_paste_config               = api-paste.ini {{(pid=131313) log_opt_values /usr/local/lib/python3.8/dist-packages/oslo_config/cfg.py:2602}}
