May 10 13:55:07 ubuntu neutron-server[118531]: DEBUG neutron.api.extensions [None req-135668c2-5d15-4bbb-b72b-c8b65d39dea1 None None] Ext name="Uplink status propagation extension" alias="uplink-status-propagation" description="Provides ability to propagate port uplink status." updated="2018-05-31T18:00:00-00:00" {{(pid=118531) _check_extension /opt/stack/neutron/neutron/api/extensions.py:416}}
May 10 13:55:07 ubuntu neutron-server[118531]: INFO neutron.api.extensions [None req-135668c2-5d15-4bbb-b72b-c8b65d39dea1 None None] Extension uplink-status-propagation not supported by any of loaded plugins
May 10 13:55:07 ubuntu neutron-server[118531]: DEBUG neutron.api.extensions [None req-135668c2-5d15-4bbb-b72b-c8b65d39dea1 None None] Loading extension file: vlantransparent.py {{(pid=118531) _load_all_extensions_from_path /opt/stack/neutron/neutron/api/extensions.py:450}}
May 10 13:55:07 ubuntu neutron-server[118531]: DEBUG neutron.api.extensions [None req-135668c2-5d15-4bbb-b72b-c8b65d39dea1 None None] Ext name="Vlantransparent" alias="vlan-transparent" description="Provides Vlan Transparent Networks" updated="2015-03-23T09:00:00-00:00" {{(pid=118531) _check_extension /opt/stack/neutron/neutron/api/extensions.py:416}}
May 10 13:55:07 ubuntu neutron-server[118531]: INFO neutron.api.extensions [None req-135668c2-5d15-4bbb-b72b-c8b65d39dea1 None None] Extension vlan-transparent not supported by any of loaded plugins
May 10 13:55:07 ubuntu neutron-server[118531]: INFO neutron.quota.resource_registry [None req-135668c2-5d15-4bbb-b72b-c8b65d39dea1 None None] Creating instance of TrackedResource for resource:network
May 10 13:55:07 ubuntu neutron-server[118531]: INFO neutron.quota.resource_registry [None req-135668c2-5d15-4bbb-b72b-c8b65d39dea1 None None] Creating instance of TrackedResource for resource:subnet
May 10 13:55:07 ubuntu neutron-server[118531]: INFO neutron.quota.resource_registry [None req-135668c2-5d15-4bbb-b72b-c8b65d39dea1 None None] Creating instance of TrackedResource for resource:subnetpool
May 10 13:55:07 ubuntu neutron-server[118531]: INFO neutron.quota.resource_registry [None req-135668c2-5d15-4bbb-b72b-c8b65d39dea1 None None] Creating instance of TrackedResource for resource:port
May 10 13:55:07 ubuntu neutron-server[118531]: DEBUG neutron.api.v2.resource_helper [None req-135668c2-5d15-4bbb-b72b-c8b65d39dea1 None None] Service FLAVORS assigned prefix:  {{(pid=118531) build_resource_info /opt/stack/neutron/neutron/api/v2/resource_helper.py:77}}
May 10 13:55:07 ubuntu neutron-server[118531]: DEBUG neutron.api.v2.resource_helper [None req-135668c2-5d15-4bbb-b72b-c8b65d39dea1 None None] Service L3_ROUTER_NAT assigned prefix:  {{(pid=118531) build_resource_info /opt/stack/neutron/neutron/api/v2/resource_helper.py:77}}
May 10 13:55:07 ubuntu neutron-server[118531]: DEBUG neutron.api.v2.resource_helper [None req-135668c2-5d15-4bbb-b72b-c8b65d39dea1 None None] Service L3_ROUTER_NAT assigned prefix:  {{(pid=118531) build_resource_info /opt/stack/neutron/neutron/api/v2/resource_helper.py:77}}
May 10 13:55:07 ubuntu neutron-server[118531]: INFO neutron.quota.resource_registry [None req-135668c2-5d15-4bbb-b72b-c8b65d39dea1 None None] Creating instance of TrackedResource for resource:router
May 10 13:55:07 ubuntu neutron-server[118531]: INFO neutron.quota.resource_registry [None req-135668c2-5d15-4bbb-b72b-c8b65d39dea1 None None] Creating instance of TrackedResource for resource:floatingip
May 10 13:55:07 ubuntu neutron-server[118531]: DEBUG neutron_lib.callbacks.manager [None req-135668c2-5d15-4bbb-b72b-c8b65d39dea1 None None] Subscribe: <bound method NeutronDbPluginV2.validate_network_rbac_policy_change of <neutron.services.network_ip_availability.plugin.NetworkIPAvailabilityPlugin object at 0x7fadd76ec760>> rbac-policy before_create 55550000 {{(pid=118531) subscribe /usr/local/lib/python3.8/dist-packages/neutron_lib/callbacks/manager.py:45}}
May 10 13:55:07 ubuntu neutron-server[118531]: DEBUG neutron_lib.callbacks.manager [None req-135668c2-5d15-4bbb-b72b-c8b65d39dea1 None None] Subscribe: <bound method NeutronDbPluginV2.validate_network_rbac_policy_change of <neutron.services.network_ip_availability.plugin.NetworkIPAvailabilityPlugin object at 0x7fadd76ec760>> rbac-policy before_update 55550000 {{(pid=118531) subscribe /usr/local/lib/python3.8/dist-packages/neutron_lib/callbacks/manager.py:45}}
May 10 13:55:07 ubuntu neutron-server[118531]: DEBUG neutron_lib.callbacks.manager [None req-135668c2-5d15-4bbb-b72b-c8b65d39dea1 None None] Subscribe: <bound method NeutronDbPluginV2.validate_network_rbac_policy_change of <neutron.services.network_ip_availability.plugin.NetworkIPAvailabilityPlugin object at 0x7fadd76ec760>> rbac-policy before_delete 55550000 {{(pid=118531) subscribe /usr/local/lib/python3.8/dist-packages/neutron_lib/callbacks/manager.py:45}}
May 10 13:55:07 ubuntu neutron-server[118531]: INFO neutron.quota.resource_registry [None req-135668c2-5d15-4bbb-b72b-c8b65d39dea1 None None] Creating instance of CountableResource for resource:rbac_policy
May 10 13:55:07 ubuntu neutron-server[118531]: INFO neutron.quota.resource_registry [None req-135668c2-5d15-4bbb-b72b-c8b65d39dea1 None None] Creating instance of TrackedResource for resource:security_group
May 10 13:55:07 ubuntu neutron-server[118531]: INFO neutron.quota.resource_registry [None req-135668c2-5d15-4bbb-b72b-c8b65d39dea1 None None] Creating instance of TrackedResource for resource:security_group_rule
May 10 13:55:07 ubuntu neutron-server[118531]: DEBUG neutron.api.v2.resource_helper [None req-135668c2-5d15-4bbb-b72b-c8b65d39dea1 None None] Service FLAVORS assigned prefix:  {{(pid=118531) build_resource_info /opt/stack/neutron/neutron/api/v2/resource_helper.py:77}}
May 10 13:55:07 ubuntu neutron-server[118531]: DEBUG neutron.api.v2.resource_helper [None req-135668c2-5d15-4bbb-b72b-c8b65d39dea1 None None] Service L3_ROUTER_NAT assigned prefix:  {{(pid=118531) build_resource_info /opt/stack/neutron/neutron/api/v2/resource_helper.py:77}}
May 10 13:55:07 ubuntu neutron-server[118531]: DEBUG neutron.api.v2.resource_helper [None req-135668c2-5d15-4bbb-b72b-c8b65d39dea1 None None] Service L3_ROUTER_NAT assigned prefix:  {{(pid=118531) build_resource_info /opt/stack/neutron/neutron/api/v2/resource_helper.py:77}}
May 10 13:55:07 ubuntu neutron-server[118531]: INFO neutron.quota.resource_registry [None req-135668c2-5d15-4bbb-b72b-c8b65d39dea1 None None] Creating instance of TrackedResource for resource:router
May 10 13:55:07 ubuntu neutron-server[118531]: WARNING neutron.quota.resource_registry [None req-135668c2-5d15-4bbb-b72b-c8b65d39dea1 None None] router is already registered
May 10 13:55:07 ubuntu neutron-server[118531]: INFO neutron.quota.resource_registry [None req-135668c2-5d15-4bbb-b72b-c8b65d39dea1 None None] Creating instance of TrackedResource for resource:floatingip
May 10 13:55:07 ubuntu neutron-server[118531]: WARNING neutron.quota.resource_registry [None req-135668c2-5d15-4bbb-b72b-c8b65d39dea1 None None] floatingip is already registered
May 10 13:55:07 ubuntu neutron-server[118531]: INFO neutron.quota.resource_registry [None req-135668c2-5d15-4bbb-b72b-c8b65d39dea1 None None] Creating instance of CountableResource for resource:rbac_policy
May 10 13:55:07 ubuntu neutron-server[118531]: WARNING neutron.quota.resource_registry [None req-135668c2-5d15-4bbb-b72b-c8b65d39dea1 None None] rbac_policy is already registered
May 10 13:55:07 ubuntu neutron-server[118531]: INFO neutron.quota.resource_registry [None req-135668c2-5d15-4bbb-b72b-c8b65d39dea1 None None] Creating instance of TrackedResource for resource:security_group
May 10 13:55:07 ubuntu neutron-server[118531]: WARNING neutron.quota.resource_registry [None req-135668c2-5d15-4bbb-b72b-c8b65d39dea1 None None] security_group is already registered
May 10 13:55:07 ubuntu neutron-server[118531]: INFO neutron.quota.resource_registry [None req-135668c2-5d15-4bbb-b72b-c8b65d39dea1 None None] Creating instance of TrackedResource for resource:security_group_rule
May 10 13:55:07 ubuntu neutron-server[118531]: WARNING neutron.quota.resource_registry [None req-135668c2-5d15-4bbb-b72b-c8b65d39dea1 None None] security_group_rule is already registered
May 10 13:55:07 ubuntu neutron-server[118531]: DEBUG neutron.api.extensions [None req-135668c2-5d15-4bbb-b72b-c8b65d39dea1 None None] Extended resource: extensions {{(pid=118531) __init__ /opt/stack/neutron/neutron/api/extensions.py:157}}
May 10 13:55:07 ubuntu neutron-server[118531]: DEBUG neutron.api.extensions [None req-135668c2-5d15-4bbb-b72b-c8b65d39dea1 None None] Extended resource: address-groups {{(pid=118531) __init__ /opt/stack/neutron/neutron/api/extensions.py:157}}
May 10 13:55:07 ubuntu neutron-server[118531]: DEBUG neutron.api.extensions [None req-135668c2-5d15-4bbb-b72b-c8b65d39dea1 None None] Extended resource: address-scopes {{(pid=118531) __init__ /opt/stack/neutron/neutron/api/extensions.py:157}}
May 10 13:55:07 ubuntu neutron-server[118531]: DEBUG neutron.api.extensions [None req-135668c2-5d15-4bbb-b72b-c8b65d39dea1 None None] Extended resource: agents {{(pid=118531) __init__ /opt/stack/neutron/neutron/api/extensions.py:157}}
May 10 13:55:07 ubuntu neutron-server[118531]: DEBUG neutron.api.extensions [None req-135668c2-5d15-4bbb-b72b-c8b65d39dea1 None None] Extended resource: auto-allocated-topology {{(pid=118531) __init__ /opt/stack/neutron/neutron/api/extensions.py:157}}
May 10 13:55:07 ubuntu neutron-server[118531]: DEBUG neutron.api.extensions [None req-135668c2-5d15-4bbb-b72b-c8b65d39dea1 None None] Extended resource: availability_zones {{(pid=118531) __init__ /opt/stack/neutron/neutron/api/extensions.py:157}}
May 10 13:55:07 ubuntu neutron-server[118531]: DEBUG neutron.api.extensions [None req-135668c2-5d15-4bbb-b72b-c8b65d39dea1 None None] Extended resource: flavors {{(pid=118531) __init__ /opt/stack/neutron/neutron/api/extensions.py:157}}
May 10 13:55:07 ubuntu neutron-server[118531]: DEBUG neutron.api.extensions [None req-135668c2-5d15-4bbb-b72b-c8b65d39dea1 None None] Extended resource: service_profiles {{(pid=118531) __init__ /opt/stack/neutron/neutron/api/extensions.py:157}}
May 10 13:55:07 ubuntu neutron-server[118531]: DEBUG neutron.api.extensions [None req-135668c2-5d15-4bbb-b72b-c8b65d39dea1 None None] Extended resource: next_providers {{(pid=118531) __init__ /opt/stack/neutron/neutron/api/extensions.py:157}}
May 10 13:55:07 ubuntu neutron-server[118531]: DEBUG neutron.api.extensions [None req-135668c2-5d15-4bbb-b72b-c8b65d39dea1 None None] Extended resource: service_profiles {{(pid=118531) __init__ /opt/stack/neutron/neutron/api/extensions.py:157}}
May 10 13:55:07 ubuntu neutron-server[118531]: DEBUG neutron.api.extensions [None req-135668c2-5d15-4bbb-b72b-c8b65d39dea1 None None] Extended resource: floatingip-pools {{(pid=118531) __init__ /opt/stack/neutron/neutron/api/extensions.py:157}}
May 10 13:55:07 ubuntu neutron-server[118531]: DEBUG neutron.api.extensions [None req-135668c2-5d15-4bbb-b72b-c8b65d39dea1 None None] Extended resource: routers {{(pid=118531) __init__ /opt/stack/neutron/neutron/api/extensions.py:157}}
May 10 13:55:07 ubuntu neutron-server[118531]: DEBUG neutron.api.extensions [None req-135668c2-5d15-4bbb-b72b-c8b65d39dea1 None None] Extended resource: floatingips {{(pid=118531) __init__ /opt/stack/neutron/neutron/api/extensions.py:157}}
May 10 13:55:07 ubuntu neutron-server[118531]: DEBUG neutron.api.extensions [None req-135668c2-5d15-4bbb-b72b-c8b65d39dea1 None None] Extended resource: network-ip-availabilities {{(pid=118531) __init__ /opt/stack/neutron/neutron/api/extensions.py:157}}
May 10 13:55:07 ubuntu neutron-server[118531]: DEBUG neutron.api.extensions [None req-135668c2-5d15-4bbb-b72b-c8b65d39dea1 None None] Extended resource: bindings {{(pid=118531) __init__ /opt/stack/neutron/neutron/api/extensions.py:157}}
May 10 13:55:07 ubuntu neutron-server[118531]: DEBUG neutron.api.extensions [None req-135668c2-5d15-4bbb-b72b-c8b65d39dea1 None None] Extended resource: quotas {{(pid=118531) __init__ /opt/stack/neutron/neutron/api/extensions.py:157}}
May 10 13:55:07 ubuntu neutron-server[118531]: DEBUG neutron.api.extensions [None req-135668c2-5d15-4bbb-b72b-c8b65d39dea1 None None] Extended resource: quotas {{(pid=118531) __init__ /opt/stack/neutron/neutron/api/extensions.py:157}}
May 10 13:55:07 ubuntu neutron-server[118531]: DEBUG neutron.api.extensions [None req-135668c2-5d15-4bbb-b72b-c8b65d39dea1 None None] Extended resource: rbac-policies {{(pid=118531) __init__ /opt/stack/neutron/neutron/api/extensions.py:157}}
May 10 13:55:07 ubuntu neutron-server[118531]: DEBUG neutron.api.extensions [None req-135668c2-5d15-4bbb-b72b-c8b65d39dea1 None None] Extended resource: security-groups {{(pid=118531) __init__ /opt/stack/neutron/neutron/api/extensions.py:157}}
May 10 13:55:07 ubuntu neutron-server[118531]: DEBUG neutron.api.extensions [None req-135668c2-5d15-4bbb-b72b-c8b65d39dea1 None None] Extended resource: security-group-rules {{(pid=118531) __init__ /opt/stack/neutron/neutron/api/extensions.py:157}}
May 10 13:55:07 ubuntu neutron-server[118531]: DEBUG neutron.api.extensions [None req-135668c2-5d15-4bbb-b72b-c8b65d39dea1 None None] Extended resource: service-providers {{(pid=118531) __init__ /opt/stack/neutron/neutron/api/extensions.py:157}}
May 10 13:55:07 ubuntu neutron-server[118531]: DEBUG neutron.api.extensions [None req-135668c2-5d15-4bbb-b72b-c8b65d39dea1 None None] Extended resource: tags {{(pid=118531) __init__ /opt/stack/neutron/neutron/api/extensions.py:157}}
May 10 13:55:07 ubuntu neutron-server[118531]: DEBUG neutron.api.extensions [None req-135668c2-5d15-4bbb-b72b-c8b65d39dea1 None None] Extended resource: tags {{(pid=118531) __init__ /opt/stack/neutron/neutron/api/extensions.py:157}}
May 10 13:55:07 ubuntu neutron-server[118531]: DEBUG neutron.api.extensions [None req-135668c2-5d15-4bbb-b72b-c8b65d39dea1 None None] Extended resource: tags {{(pid=118531) __init__ /opt/stack/neutron/neutron/api/extensions.py:157}}
May 10 13:55:07 ubuntu neutron-server[118531]: DEBUG neutron.api.extensions [None req-135668c2-5d15-4bbb-b72b-c8b65d39dea1 None None] Extended resource: tags {{(pid=118531) __init__ /opt/stack/neutron/neutron/api/extensions.py:157}}
May 10 13:55:07 ubuntu neutron-server[118531]: DEBUG neutron.api.extensions [None req-135668c2-5d15-4bbb-b72b-c8b65d39dea1 None None] Extended resource: tags {{(pid=118531) __init__ /opt/stack/neutron/neutron/api/extensions.py:157}}
May 10 13:55:07 ubuntu neutron-server[118531]: DEBUG neutron.api.extensions [None req-135668c2-5d15-4bbb-b72b-c8b65d39dea1 None None] Extended resource: tags {{(pid=118531) __init__ /opt/stack/neutron/neutron/api/extensions.py:157}}
May 10 13:55:07 ubuntu neutron-server[118531]: DEBUG neutron.api.extensions [None req-135668c2-5d15-4bbb-b72b-c8b65d39dea1 None None] Extended resource: tags {{(pid=118531) __init__ /opt/stack/neutron/neutron/api/extensions.py:157}}
May 10 13:55:07 ubuntu neutron-server[118531]: DEBUG neutron.api.extensions [None req-135668c2-5d15-4bbb-b72b-c8b65d39dea1 None None] Extended resource: tags {{(pid=118531) __init__ /opt/stack/neutron/neutron/api/extensions.py:157}}
May 10 13:55:07 ubuntu neutron-server[118531]: DEBUG neutron.api.extensions [None req-135668c2-5d15-4bbb-b72b-c8b65d39dea1 None None] Extended resource: tags {{(pid=118531) __init__ /opt/stack/neutron/neutron/api/extensions.py:157}}
May 10 13:55:07 ubuntu neutron-server[118531]: DEBUG neutron.api.extensions [None req-135668c2-5d15-4bbb-b72b-c8b65d39dea1 None None] Extended resource: tags {{(pid=118531) __init__ /opt/stack/neutron/neutron/api/extensions.py:157}}
May 10 13:55:07 ubuntu neutron-server[118531]: WARNING keystonemiddleware.auth_token [None req-135668c2-5d15-4bbb-b72b-c8b65d39dea1 None None] AuthToken middleware is set with keystone_authtoken.service_token_roles_required set to False. This is backwards compatible but deprecated behaviour. Please set this to True.
May 10 13:55:07 ubuntu neutron-server[118531]: WARNING keystonemiddleware.auth_token [None req-135668c2-5d15-4bbb-b72b-c8b65d39dea1 None None] Configuring www_authenticate_uri to point to the public identity endpoint is required; clients may not be able to authenticate against an admin endpoint
May 10 13:55:07 ubuntu neutron-server[118531]: DEBUG oslo_concurrency.lockutils [None req-135668c2-5d15-4bbb-b72b-c8b65d39dea1 None None] Acquired lock "singleton_lock" {{(pid=118531) lock /usr/local/lib/python3.8/dist-packages/oslo_concurrency/lockutils.py:294}}
May 10 13:55:07 ubuntu neutron-server[118531]: DEBUG oslo_concurrency.lockutils [None req-135668c2-5d15-4bbb-b72b-c8b65d39dea1 None None] Releasing lock "singleton_lock" {{(pid=118531) lock /usr/local/lib/python3.8/dist-packages/oslo_concurrency/lockutils.py:312}}
May 10 13:55:07 ubuntu neutron-server[118531]: INFO oslo_service.service [None req-135668c2-5d15-4bbb-b72b-c8b65d39dea1 None None] Starting 2 workers
May 10 13:55:07 ubuntu neutron-server[118531]: DEBUG oslo_service.service [None req-135668c2-5d15-4bbb-b72b-c8b65d39dea1 None None] Started child 118933 {{(pid=118531) _start_child /usr/local/lib/python3.8/dist-packages/oslo_service/service.py:575}}
May 10 13:55:07 ubuntu neutron-server[118531]: DEBUG oslo_service.service [None req-135668c2-5d15-4bbb-b72b-c8b65d39dea1 None None] Started child 118934 {{(pid=118531) _start_child /usr/local/lib/python3.8/dist-packages/oslo_service/service.py:575}}
May 10 13:55:07 ubuntu neutron-server[118531]: INFO neutron.service [None req-135668c2-5d15-4bbb-b72b-c8b65d39dea1 None None] Neutron service started, listening on 0.0.0.0:9696
May 10 13:55:07 ubuntu neutron-server[118531]: DEBUG neutron_lib.callbacks.manager [None req-135668c2-5d15-4bbb-b72b-c8b65d39dea1 None None] Publish callbacks ['neutron.plugins.ml2.drivers.ovn.mech_driver.mech_driver.OVNMechanismDriver.pre_fork_initialize-857578'] for process (None), before_spawn {{(pid=118531) _notify_loop /usr/local/lib/python3.8/dist-packages/neutron_lib/callbacks/manager.py:176}}
May 10 13:55:07 ubuntu neutron-server[118933]: DEBUG neutron_lib.callbacks.manager [-] Publish callbacks ['neutron.plugins.ml2.drivers.ovn.mech_driver.mech_driver.OVNMechanismDriver.post_fork_initialize-857542'] for process (None), after_init {{(pid=118933) _notify_loop /usr/local/lib/python3.8/dist-packages/neutron_lib/callbacks/manager.py:176}}
May 10 13:55:07 ubuntu neutron-server[118934]: DEBUG neutron_lib.callbacks.manager [-] Publish callbacks ['neutron.plugins.ml2.drivers.ovn.mech_driver.mech_driver.OVNMechanismDriver.post_fork_initialize-857542'] for process (None), after_init {{(pid=118934) _notify_loop /usr/local/lib/python3.8/dist-packages/neutron_lib/callbacks/manager.py:176}}
May 10 13:55:07 ubuntu neutron-server[118531]: DEBUG ovsdbapp.backend.ovs_idl [None req-135668c2-5d15-4bbb-b72b-c8b65d39dea1 None None] Created schema index Port_Group.name {{(pid=118531) autocreate_indices /usr/local/lib/python3.8/dist-packages/ovsdbapp/backend/ovs_idl/__init__.py:104}}
May 10 13:55:07 ubuntu neutron-server[118531]: DEBUG ovsdbapp.backend.ovs_idl [None req-135668c2-5d15-4bbb-b72b-c8b65d39dea1 None None] Created schema index Logical_Switch_Port.name {{(pid=118531) autocreate_indices /usr/local/lib/python3.8/dist-packages/ovsdbapp/backend/ovs_idl/__init__.py:104}}
May 10 13:55:07 ubuntu neutron-server[118933]: INFO neutron.plugins.ml2.drivers.ovn.mech_driver.ovsdb.impl_idl_ovn [None req-e0e7607d-5e7c-4865-9068-11918571a719 None None] Getting OvsdbNbOvnIdl for WorkerService with retry
May 10 13:55:07 ubuntu neutron-server[118934]: INFO neutron.plugins.ml2.drivers.ovn.mech_driver.ovsdb.impl_idl_ovn [None req-c169345b-87bc-4308-8213-f427ae9946ac None None] Getting OvsdbNbOvnIdl for WorkerService with retry
May 10 13:55:07 ubuntu neutron-server[118934]: DEBUG ovsdbapp.backend.ovs_idl [None req-c169345b-87bc-4308-8213-f427ae9946ac None None] Created lookup_table index Logical_Switch.name {{(pid=118934) autocreate_indices /usr/local/lib/python3.8/dist-packages/ovsdbapp/backend/ovs_idl/__init__.py:85}}
May 10 13:55:07 ubuntu neutron-server[118934]: DEBUG ovsdbapp.backend.ovs_idl [None req-c169345b-87bc-4308-8213-f427ae9946ac None None] Created lookup_table index Logical_Router.name {{(pid=118934) autocreate_indices /usr/local/lib/python3.8/dist-packages/ovsdbapp/backend/ovs_idl/__init__.py:85}}
May 10 13:55:07 ubuntu neutron-server[118934]: DEBUG ovsdbapp.backend.ovs_idl [None req-c169345b-87bc-4308-8213-f427ae9946ac None None] Created lookup_table index Load_Balancer.name {{(pid=118934) autocreate_indices /usr/local/lib/python3.8/dist-packages/ovsdbapp/backend/ovs_idl/__init__.py:85}}
May 10 13:55:07 ubuntu neutron-server[118934]: DEBUG ovsdbapp.backend.ovs_idl [None req-c169345b-87bc-4308-8213-f427ae9946ac None None] Created schema index Meter.name {{(pid=118934) autocreate_indices /usr/local/lib/python3.8/dist-packages/ovsdbapp/backend/ovs_idl/__init__.py:104}}
May 10 13:55:07 ubuntu neutron-server[118934]: DEBUG ovsdbapp.backend.ovs_idl [None req-c169345b-87bc-4308-8213-f427ae9946ac None None] Created schema index Address_Set.name {{(pid=118934) autocreate_indices /usr/local/lib/python3.8/dist-packages/ovsdbapp/backend/ovs_idl/__init__.py:104}}
May 10 13:55:07 ubuntu neutron-server[118934]: DEBUG ovsdbapp.backend.ovs_idl [None req-c169345b-87bc-4308-8213-f427ae9946ac None None] Created schema index HA_Chassis_Group.name {{(pid=118934) autocreate_indices /usr/local/lib/python3.8/dist-packages/ovsdbapp/backend/ovs_idl/__init__.py:104}}
May 10 13:55:07 ubuntu neutron-server[118934]: DEBUG ovsdbapp.backend.ovs_idl [None req-c169345b-87bc-4308-8213-f427ae9946ac None None] Created schema index Connection.target {{(pid=118934) autocreate_indices /usr/local/lib/python3.8/dist-packages/ovsdbapp/backend/ovs_idl/__init__.py:104}}
May 10 13:55:07 ubuntu neutron-server[118934]: DEBUG ovsdbapp.backend.ovs_idl [None req-c169345b-87bc-4308-8213-f427ae9946ac None None] Created schema index Gateway_Chassis.name {{(pid=118934) autocreate_indices /usr/local/lib/python3.8/dist-packages/ovsdbapp/backend/ovs_idl/__init__.py:104}}
May 10 13:55:07 ubuntu neutron-server[118934]: DEBUG ovsdbapp.backend.ovs_idl [None req-c169345b-87bc-4308-8213-f427ae9946ac None None] Created schema index Logical_Router_Port.name {{(pid=118934) autocreate_indices /usr/local/lib/python3.8/dist-packages/ovsdbapp/backend/ovs_idl/__init__.py:104}}
May 10 13:55:07 ubuntu neutron-server[118934]: DEBUG ovsdbapp.backend.ovs_idl [None req-c169345b-87bc-4308-8213-f427ae9946ac None None] Created schema index Port_Group.name {{(pid=118934) autocreate_indices /usr/local/lib/python3.8/dist-packages/ovsdbapp/backend/ovs_idl/__init__.py:104}}
May 10 13:55:07 ubuntu neutron-server[118934]: DEBUG ovsdbapp.backend.ovs_idl [None req-c169345b-87bc-4308-8213-f427ae9946ac None None] Created schema index Logical_Switch_Port.name {{(pid=118934) autocreate_indices /usr/local/lib/python3.8/dist-packages/ovsdbapp/backend/ovs_idl/__init__.py:104}}
May 10 13:55:07 ubuntu neutron-server[118934]: INFO ovsdbapp.backend.ovs_idl.vlog [None req-c169345b-87bc-4308-8213-f427ae9946ac None None] tcp:192.168.79.38:6641: connecting...
May 10 13:55:07 ubuntu neutron-server[118934]: INFO ovsdbapp.backend.ovs_idl.vlog [None req-c169345b-87bc-4308-8213-f427ae9946ac None None] tcp:192.168.79.38:6641: connected
May 10 13:55:07 ubuntu neutron-server[118933]: DEBUG ovsdbapp.backend.ovs_idl [None req-e0e7607d-5e7c-4865-9068-11918571a719 None None] Created lookup_table index Logical_Switch.name {{(pid=118933) autocreate_indices /usr/local/lib/python3.8/dist-packages/ovsdbapp/backend/ovs_idl/__init__.py:85}}
May 10 13:55:07 ubuntu neutron-server[118933]: DEBUG ovsdbapp.backend.ovs_idl [None req-e0e7607d-5e7c-4865-9068-11918571a719 None None] Created lookup_table index Logical_Router.name {{(pid=118933) autocreate_indices /usr/local/lib/python3.8/dist-packages/ovsdbapp/backend/ovs_idl/__init__.py:85}}
May 10 13:55:07 ubuntu neutron-server[118933]: DEBUG ovsdbapp.backend.ovs_idl [None req-e0e7607d-5e7c-4865-9068-11918571a719 None None] Created lookup_table index Load_Balancer.name {{(pid=118933) autocreate_indices /usr/local/lib/python3.8/dist-packages/ovsdbapp/backend/ovs_idl/__init__.py:85}}
May 10 13:55:07 ubuntu neutron-server[118933]: DEBUG ovsdbapp.backend.ovs_idl [None req-e0e7607d-5e7c-4865-9068-11918571a719 None None] Created schema index Meter.name {{(pid=118933) autocreate_indices /usr/local/lib/python3.8/dist-packages/ovsdbapp/backend/ovs_idl/__init__.py:104}}
May 10 13:55:07 ubuntu neutron-server[118933]: DEBUG ovsdbapp.backend.ovs_idl [None req-e0e7607d-5e7c-4865-9068-11918571a719 None None] Created schema index Address_Set.name {{(pid=118933) autocreate_indices /usr/local/lib/python3.8/dist-packages/ovsdbapp/backend/ovs_idl/__init__.py:104}}
May 10 13:55:07 ubuntu neutron-server[118933]: DEBUG ovsdbapp.backend.ovs_idl [None req-e0e7607d-5e7c-4865-9068-11918571a719 None None] Created schema index HA_Chassis_Group.name {{(pid=118933) autocreate_indices /usr/local/lib/python3.8/dist-packages/ovsdbapp/backend/ovs_idl/__init__.py:104}}
May 10 13:55:07 ubuntu neutron-server[118933]: DEBUG ovsdbapp.backend.ovs_idl [None req-e0e7607d-5e7c-4865-9068-11918571a719 None None] Created schema index Connection.target {{(pid=118933) autocreate_indices /usr/local/lib/python3.8/dist-packages/ovsdbapp/backend/ovs_idl/__init__.py:104}}
May 10 13:55:07 ubuntu neutron-server[118933]: DEBUG ovsdbapp.backend.ovs_idl [None req-e0e7607d-5e7c-4865-9068-11918571a719 None None] Created schema index Gateway_Chassis.name {{(pid=118933) autocreate_indices /usr/local/lib/python3.8/dist-packages/ovsdbapp/backend/ovs_idl/__init__.py:104}}
May 10 13:55:07 ubuntu neutron-server[118933]: DEBUG ovsdbapp.backend.ovs_idl [None req-e0e7607d-5e7c-4865-9068-11918571a719 None None] Created schema index Logical_Router_Port.name {{(pid=118933) autocreate_indices /usr/local/lib/python3.8/dist-packages/ovsdbapp/backend/ovs_idl/__init__.py:104}}
May 10 13:55:07 ubuntu neutron-server[118933]: DEBUG ovsdbapp.backend.ovs_idl [None req-e0e7607d-5e7c-4865-9068-11918571a719 None None] Created schema index Port_Group.name {{(pid=118933) autocreate_indices /usr/local/lib/python3.8/dist-packages/ovsdbapp/backend/ovs_idl/__init__.py:104}}
May 10 13:55:07 ubuntu neutron-server[118933]: DEBUG ovsdbapp.backend.ovs_idl [None req-e0e7607d-5e7c-4865-9068-11918571a719 None None] Created schema index Logical_Switch_Port.name {{(pid=118933) autocreate_indices /usr/local/lib/python3.8/dist-packages/ovsdbapp/backend/ovs_idl/__init__.py:104}}
May 10 13:55:07 ubuntu neutron-server[118933]: INFO ovsdbapp.backend.ovs_idl.vlog [None req-e0e7607d-5e7c-4865-9068-11918571a719 None None] tcp:192.168.79.38:6641: connecting...
May 10 13:55:07 ubuntu neutron-server[118933]: INFO ovsdbapp.backend.ovs_idl.vlog [None req-e0e7607d-5e7c-4865-9068-11918571a719 None None] tcp:192.168.79.38:6641: connected
May 10 13:55:07 ubuntu neutron-server[118531]: DEBUG ovsdbapp.backend.ovs_idl.transaction [-] Running txn n=1 command(idx=0): PgAddCommand(name=neutron_pg_drop, may_exist=True, columns={'acls': []}) {{(pid=118531) do_commit /usr/local/lib/python3.8/dist-packages/ovsdbapp/backend/ovs_idl/transaction.py:90}}
May 10 13:55:07 ubuntu neutron-server[118531]: DEBUG ovsdbapp.backend.ovs_idl.transaction [-] Running txn n=1 command(idx=1): PgAclAddCommand(entity=neutron_pg_drop, direction=from-lport, priority=1001, match=inport == @neutron_pg_drop && ip, action=drop, log=False, may_exist=True, severity=[], name=[], meter=None, external_ids={}) {{(pid=118531) do_commit /usr/local/lib/python3.8/dist-packages/ovsdbapp/backend/ovs_idl/transaction.py:90}}
May 10 13:55:07 ubuntu neutron-server[118531]: DEBUG ovsdbapp.backend.ovs_idl.transaction [-] Running txn n=1 command(idx=2): PgAclAddCommand(entity=neutron_pg_drop, direction=to-lport, priority=1001, match=outport == @neutron_pg_drop && ip, action=drop, log=False, may_exist=True, severity=[], name=[], meter=None, external_ids={}) {{(pid=118531) do_commit /usr/local/lib/python3.8/dist-packages/ovsdbapp/backend/ovs_idl/transaction.py:90}}
May 10 13:55:07 ubuntu neutron-server[118531]: DEBUG ovsdbapp.backend.ovs_idl.event [-] Matched CREATE: NeutronPgDropPortGroupCreated(events=('create',), table='Port_Group', conditions=(('name', '=', 'neutron_pg_drop'),), old_conditions=None), priority=10 to row=Port_Group(name=neutron_pg_drop, ports=[], external_ids={}, acls=[<ovs.db.idl.Row object at 0x7fadd6f776d0>, <ovs.db.idl.Row object at 0x7fadd6f77a60>]) old= {{(pid=118531) matches /usr/local/lib/python3.8/dist-packages/ovsdbapp/backend/ovs_idl/event.py:43}}
May 10 13:55:07 ubuntu neutron-server[118934]: DEBUG neutron.common.ovn.hash_ring_manager [None req-c169345b-87bc-4308-8213-f427ae9946ac None None] Allow caching, nodes 2>=2 {{(pid=118934) _wait_startup_before_caching /opt/stack/neutron/neutron/common/ovn/hash_ring_manager.py:60}}
May 10 13:55:07 ubuntu neutron-server[118933]: DEBUG neutron.common.ovn.hash_ring_manager [None req-e0e7607d-5e7c-4865-9068-11918571a719 None None] Allow caching, nodes 2>=2 {{(pid=118933) _wait_startup_before_caching /opt/stack/neutron/neutron/common/ovn/hash_ring_manager.py:60}}
May 10 13:55:07 ubuntu neutron-server[118531]: DEBUG ovsdbapp.backend.ovs_idl [None req-135668c2-5d15-4bbb-b72b-c8b65d39dea1 None None] Created lookup_table index Logical_Switch.name {{(pid=118531) autocreate_indices /usr/local/lib/python3.8/dist-packages/ovsdbapp/backend/ovs_idl/__init__.py:85}}
May 10 13:55:07 ubuntu neutron-server[118531]: DEBUG ovsdbapp.backend.ovs_idl [None req-135668c2-5d15-4bbb-b72b-c8b65d39dea1 None None] Created lookup_table index Logical_Router.name {{(pid=118531) autocreate_indices /usr/local/lib/python3.8/dist-packages/ovsdbapp/backend/ovs_idl/__init__.py:85}}
May 10 13:55:07 ubuntu neutron-server[118531]: DEBUG ovsdbapp.backend.ovs_idl [None req-135668c2-5d15-4bbb-b72b-c8b65d39dea1 None None] Created lookup_table index Load_Balancer.name {{(pid=118531) autocreate_indices /usr/local/lib/python3.8/dist-packages/ovsdbapp/backend/ovs_idl/__init__.py:85}}
May 10 13:55:07 ubuntu neutron-server[118531]: DEBUG ovsdbapp.backend.ovs_idl [None req-135668c2-5d15-4bbb-b72b-c8b65d39dea1 None None] Created schema index Meter.name {{(pid=118531) autocreate_indices /usr/local/lib/python3.8/dist-packages/ovsdbapp/backend/ovs_idl/__init__.py:104}}
May 10 13:55:07 ubuntu neutron-server[118531]: DEBUG ovsdbapp.backend.ovs_idl [None req-135668c2-5d15-4bbb-b72b-c8b65d39dea1 None None] Created schema index Address_Set.name {{(pid=118531) autocreate_indices /usr/local/lib/python3.8/dist-packages/ovsdbapp/backend/ovs_idl/__init__.py:104}}
May 10 13:55:07 ubuntu neutron-server[118531]: DEBUG ovsdbapp.backend.ovs_idl [None req-135668c2-5d15-4bbb-b72b-c8b65d39dea1 None None] Created schema index HA_Chassis_Group.name {{(pid=118531) autocreate_indices /usr/local/lib/python3.8/dist-packages/ovsdbapp/backend/ovs_idl/__init__.py:104}}
May 10 13:55:07 ubuntu neutron-server[118531]: DEBUG ovsdbapp.backend.ovs_idl [None req-135668c2-5d15-4bbb-b72b-c8b65d39dea1 None None] Created schema index Connection.target {{(pid=118531) autocreate_indices /usr/local/lib/python3.8/dist-packages/ovsdbapp/backend/ovs_idl/__init__.py:104}}
May 10 13:55:07 ubuntu neutron-server[118531]: DEBUG ovsdbapp.backend.ovs_idl [None req-135668c2-5d15-4bbb-b72b-c8b65d39dea1 None None] Created schema index Gateway_Chassis.name {{(pid=118531) autocreate_indices /usr/local/lib/python3.8/dist-packages/ovsdbapp/backend/ovs_idl/__init__.py:104}}
May 10 13:55:07 ubuntu neutron-server[118531]: DEBUG ovsdbapp.backend.ovs_idl [None req-135668c2-5d15-4bbb-b72b-c8b65d39dea1 None None] Created schema index Logical_Router_Port.name {{(pid=118531) autocreate_indices /usr/local/lib/python3.8/dist-packages/ovsdbapp/backend/ovs_idl/__init__.py:104}}
May 10 13:55:07 ubuntu neutron-server[118531]: DEBUG ovsdbapp.backend.ovs_idl [None req-135668c2-5d15-4bbb-b72b-c8b65d39dea1 None None] Created schema index Port_Group.name {{(pid=118531) autocreate_indices /usr/local/lib/python3.8/dist-packages/ovsdbapp/backend/ovs_idl/__init__.py:104}}
May 10 13:55:07 ubuntu neutron-server[118531]: DEBUG ovsdbapp.backend.ovs_idl [None req-135668c2-5d15-4bbb-b72b-c8b65d39dea1 None None] Created schema index Logical_Switch_Port.name {{(pid=118531) autocreate_indices /usr/local/lib/python3.8/dist-packages/ovsdbapp/backend/ovs_idl/__init__.py:104}}
May 10 13:55:07 ubuntu neutron-server[118934]: DEBUG neutron.plugins.ml2.drivers.ovn.mech_driver.ovsdb.ovsdb_monitor [None req-c169345b-87bc-4308-8213-f427ae9946ac None None] Hash Ring: Node 3be4895e-7679-47cf-9c90-d6c5dae403cf (host: ubuntu) handling event "create" for row e267b701-6688-4706-9321-59ab35ec7d99 (table: Database) {{(pid=118934) notify /opt/stack/neutron/neutron/plugins/ml2/drivers/ovn/mech_driver/ovsdb/ovsdb_monitor.py:815}}
May 10 13:55:07 ubuntu neutron-server[118933]: DEBUG neutron.plugins.ml2.drivers.ovn.mech_driver.ovsdb.ovsdb_monitor [None req-e0e7607d-5e7c-4865-9068-11918571a719 None None] Hash Ring: Node 5337cae2-58a0-4f57-9f37-06ebf0e15e3c (host: ubuntu) handling event "create" for row 9877f90a-29db-498b-a60f-57f06892f984 (table: Database) {{(pid=118933) notify /opt/stack/neutron/neutron/plugins/ml2/drivers/ovn/mech_driver/ovsdb/ovsdb_monitor.py:815}}
May 10 13:55:07 ubuntu neutron-server[118934]: DEBUG neutron.plugins.ml2.drivers.ovn.mech_driver.ovsdb.ovsdb_monitor [None req-c169345b-87bc-4308-8213-f427ae9946ac None None] Hash Ring: Node 3be4895e-7679-47cf-9c90-d6c5dae403cf (host: ubuntu) handling event "create" for row b3b4ae42-4138-457f-8c2e-4f2c83453293 (table: ACL) {{(pid=118934) notify /opt/stack/neutron/neutron/plugins/ml2/drivers/ovn/mech_driver/ovsdb/ovsdb_monitor.py:815}}
May 10 13:55:07 ubuntu neutron-server[118531]: DEBUG ovsdbapp.backend.ovs_idl [None req-135668c2-5d15-4bbb-b72b-c8b65d39dea1 None None] Created lookup_table index Chassis.name {{(pid=118531) autocreate_indices /usr/local/lib/python3.8/dist-packages/ovsdbapp/backend/ovs_idl/__init__.py:85}}
May 10 13:55:07 ubuntu neutron-server[118531]: DEBUG ovsdbapp.backend.ovs_idl [None req-135668c2-5d15-4bbb-b72b-c8b65d39dea1 None None] Created lookup_table index MAC_Binding.ip {{(pid=118531) autocreate_indices /usr/local/lib/python3.8/dist-packages/ovsdbapp/backend/ovs_idl/__init__.py:85}}
May 10 13:55:07 ubuntu neutron-server[118934]: DEBUG neutron.plugins.ml2.drivers.ovn.mech_driver.ovsdb.ovsdb_monitor [None req-c169345b-87bc-4308-8213-f427ae9946ac None None] Hash Ring: Node 3be4895e-7679-47cf-9c90-d6c5dae403cf (host: ubuntu) handling event "create" for row faf31213-67c1-48e4-a51d-7173c8c3602b (table: Connection) {{(pid=118934) notify /opt/stack/neutron/neutron/plugins/ml2/drivers/ovn/mech_driver/ovsdb/ovsdb_monitor.py:815}}
May 10 13:55:07 ubuntu neutron-server[118531]: DEBUG ovsdbapp.backend.ovs_idl [None req-135668c2-5d15-4bbb-b72b-c8b65d39dea1 None None] Created schema index Meter.name {{(pid=118531) autocreate_indices /usr/local/lib/python3.8/dist-packages/ovsdbapp/backend/ovs_idl/__init__.py:104}}
May 10 13:55:07 ubuntu neutron-server[118531]: DEBUG ovsdbapp.backend.ovs_idl [None req-135668c2-5d15-4bbb-b72b-c8b65d39dea1 None None] Created schema index Address_Set.name {{(pid=118531) autocreate_indices /usr/local/lib/python3.8/dist-packages/ovsdbapp/backend/ovs_idl/__init__.py:104}}
May 10 13:55:07 ubuntu neutron-server[118531]: DEBUG ovsdbapp.backend.ovs_idl [None req-135668c2-5d15-4bbb-b72b-c8b65d39dea1 None None] Created schema index HA_Chassis_Group.name {{(pid=118531) autocreate_indices /usr/local/lib/python3.8/dist-packages/ovsdbapp/backend/ovs_idl/__init__.py:104}}
May 10 13:55:07 ubuntu neutron-server[118531]: DEBUG ovsdbapp.backend.ovs_idl [None req-135668c2-5d15-4bbb-b72b-c8b65d39dea1 None None] Created schema index IP_Multicast.datapath {{(pid=118531) autocreate_indices /usr/local/lib/python3.8/dist-packages/ovsdbapp/backend/ovs_idl/__init__.py:104}}
May 10 13:55:07 ubuntu neutron-server[118933]: DEBUG neutron.plugins.ml2.drivers.ovn.mech_driver.ovsdb.ovsdb_monitor [None req-e0e7607d-5e7c-4865-9068-11918571a719 None None] Hash Ring: Node 5337cae2-58a0-4f57-9f37-06ebf0e15e3c (host: ubuntu) handling event "create" for row 301ec150-71de-4e17-93fc-f264406a2b69 (table: Port_Group) {{(pid=118933) notify /opt/stack/neutron/neutron/plugins/ml2/drivers/ovn/mech_driver/ovsdb/ovsdb_monitor.py:815}}
May 10 13:55:07 ubuntu neutron-server[118531]: DEBUG ovsdbapp.backend.ovs_idl [None req-135668c2-5d15-4bbb-b72b-c8b65d39dea1 None None] Created schema index Connection.target {{(pid=118531) autocreate_indices /usr/local/lib/python3.8/dist-packages/ovsdbapp/backend/ovs_idl/__init__.py:104}}
May 10 13:55:07 ubuntu neutron-server[118531]: DEBUG ovsdbapp.backend.ovs_idl [None req-135668c2-5d15-4bbb-b72b-c8b65d39dea1 None None] Created schema index Gateway_Chassis.name {{(pid=118531) autocreate_indices /usr/local/lib/python3.8/dist-packages/ovsdbapp/backend/ovs_idl/__init__.py:104}}
May 10 13:55:07 ubuntu neutron-server[118531]: DEBUG ovsdbapp.backend.ovs_idl [None req-135668c2-5d15-4bbb-b72b-c8b65d39dea1 None None] Created schema index Port_Group.name {{(pid=118531) autocreate_indices /usr/local/lib/python3.8/dist-packages/ovsdbapp/backend/ovs_idl/__init__.py:104}}
May 10 13:55:07 ubuntu neutron-server[118531]: DEBUG ovsdbapp.backend.ovs_idl [None req-135668c2-5d15-4bbb-b72b-c8b65d39dea1 None None] Created schema index Datapath_Binding.tunnel_key {{(pid=118531) autocreate_indices /usr/local/lib/python3.8/dist-packages/ovsdbapp/backend/ovs_idl/__init__.py:104}}
May 10 13:55:07 ubuntu neutron-server[118933]: DEBUG neutron.plugins.ml2.drivers.ovn.mech_driver.ovsdb.ovsdb_monitor [None req-e0e7607d-5e7c-4865-9068-11918571a719 None None] Hash Ring: Node 5337cae2-58a0-4f57-9f37-06ebf0e15e3c (host: ubuntu) handling event "create" for row a6da2ebb-7985-41be-98ee-29124404b993 (table: NB_Global) {{(pid=118933) notify /opt/stack/neutron/neutron/plugins/ml2/drivers/ovn/mech_driver/ovsdb/ovsdb_monitor.py:815}}
May 10 13:55:07 ubuntu neutron-server[118933]: DEBUG neutron.plugins.ml2.drivers.ovn.mech_driver.ovsdb.ovsdb_monitor [None req-e0e7607d-5e7c-4865-9068-11918571a719 None None] Hash Ring: Node 5337cae2-58a0-4f57-9f37-06ebf0e15e3c (host: ubuntu) handling event "create" for row 3240dfd4-cc25-4730-8426-61b477ac33bc (table: ACL) {{(pid=118933) notify /opt/stack/neutron/neutron/plugins/ml2/drivers/ovn/mech_driver/ovsdb/ovsdb_monitor.py:815}}
May 10 13:55:07 ubuntu neutron-server[118934]: INFO neutron.plugins.ml2.drivers.ovn.mech_driver.ovsdb.impl_idl_ovn [None req-c169345b-87bc-4308-8213-f427ae9946ac None None] Getting OvsdbSbOvnIdl for WorkerService with retry
May 10 13:55:07 ubuntu neutron-server[118933]: INFO neutron.plugins.ml2.drivers.ovn.mech_driver.ovsdb.impl_idl_ovn [None req-e0e7607d-5e7c-4865-9068-11918571a719 None None] Getting OvsdbSbOvnIdl for WorkerService with retry
May 10 13:55:07 ubuntu neutron-server[118934]: DEBUG ovsdbapp.backend.ovs_idl [None req-c169345b-87bc-4308-8213-f427ae9946ac None None] Created lookup_table index Chassis.name {{(pid=118934) autocreate_indices /usr/local/lib/python3.8/dist-packages/ovsdbapp/backend/ovs_idl/__init__.py:85}}
May 10 13:55:07 ubuntu neutron-server[118934]: DEBUG ovsdbapp.backend.ovs_idl [None req-c169345b-87bc-4308-8213-f427ae9946ac None None] Created schema index Datapath_Binding.tunnel_key {{(pid=118934) autocreate_indices /usr/local/lib/python3.8/dist-packages/ovsdbapp/backend/ovs_idl/__init__.py:104}}
May 10 13:55:07 ubuntu neutron-server[118934]: DEBUG ovsdbapp.backend.ovs_idl [None req-c169345b-87bc-4308-8213-f427ae9946ac None None] Created schema index Connection.target {{(pid=118934) autocreate_indices /usr/local/lib/python3.8/dist-packages/ovsdbapp/backend/ovs_idl/__init__.py:104}}
May 10 13:55:07 ubuntu neutron-server[118934]: INFO ovsdbapp.backend.ovs_idl.vlog [None req-c169345b-87bc-4308-8213-f427ae9946ac None None] tcp:192.168.79.38:6642: connecting...
May 10 13:55:07 ubuntu neutron-server[118933]: DEBUG ovsdbapp.backend.ovs_idl [None req-e0e7607d-5e7c-4865-9068-11918571a719 None None] Created lookup_table index Chassis.name {{(pid=118933) autocreate_indices /usr/local/lib/python3.8/dist-packages/ovsdbapp/backend/ovs_idl/__init__.py:85}}
May 10 13:55:07 ubuntu neutron-server[118934]: INFO ovsdbapp.backend.ovs_idl.vlog [None req-c169345b-87bc-4308-8213-f427ae9946ac None None] tcp:192.168.79.38:6642: connected
May 10 13:55:07 ubuntu neutron-server[118933]: DEBUG ovsdbapp.backend.ovs_idl [None req-e0e7607d-5e7c-4865-9068-11918571a719 None None] Created schema index Datapath_Binding.tunnel_key {{(pid=118933) autocreate_indices /usr/local/lib/python3.8/dist-packages/ovsdbapp/backend/ovs_idl/__init__.py:104}}
May 10 13:55:07 ubuntu neutron-server[118933]: DEBUG ovsdbapp.backend.ovs_idl [None req-e0e7607d-5e7c-4865-9068-11918571a719 None None] Created schema index Connection.target {{(pid=118933) autocreate_indices /usr/local/lib/python3.8/dist-packages/ovsdbapp/backend/ovs_idl/__init__.py:104}}
May 10 13:55:07 ubuntu neutron-server[118933]: INFO ovsdbapp.backend.ovs_idl.vlog [None req-e0e7607d-5e7c-4865-9068-11918571a719 None None] tcp:192.168.79.38:6642: connecting...
May 10 13:55:07 ubuntu neutron-server[118933]: INFO ovsdbapp.backend.ovs_idl.vlog [None req-e0e7607d-5e7c-4865-9068-11918571a719 None None] tcp:192.168.79.38:6642: connected
May 10 13:55:07 ubuntu neutron-server[118934]: DEBUG neutron.common.ovn.hash_ring_manager [None req-c169345b-87bc-4308-8213-f427ae9946ac None None] Allow caching, nodes 2>=2 {{(pid=118934) _wait_startup_before_caching /opt/stack/neutron/neutron/common/ovn/hash_ring_manager.py:60}}
May 10 13:55:07 ubuntu neutron-server[118933]: DEBUG neutron.common.ovn.hash_ring_manager [None req-e0e7607d-5e7c-4865-9068-11918571a719 None None] Allow caching, nodes 2>=2 {{(pid=118933) _wait_startup_before_caching /opt/stack/neutron/neutron/common/ovn/hash_ring_manager.py:60}}
May 10 13:55:07 ubuntu neutron-server[118934]: DEBUG neutron.plugins.ml2.drivers.ovn.mech_driver.ovsdb.ovsdb_monitor [None req-c169345b-87bc-4308-8213-f427ae9946ac None None] Hash Ring: Node 3be4895e-7679-47cf-9c90-d6c5dae403cf (host: ubuntu) handling event "create" for row 17c73271-328c-4b4b-9d84-e119dff1ed17 (table: Database) {{(pid=118934) notify /opt/stack/neutron/neutron/plugins/ml2/drivers/ovn/mech_driver/ovsdb/ovsdb_monitor.py:815}}
May 10 13:55:07 ubuntu neutron-server[118933]: DEBUG neutron.plugins.ml2.drivers.ovn.mech_driver.ovsdb.ovsdb_monitor [None req-e0e7607d-5e7c-4865-9068-11918571a719 None None] Hash Ring: Node 5337cae2-58a0-4f57-9f37-06ebf0e15e3c (host: ubuntu) handling event "create" for row c826b940-2a54-47ab-9e80-dd6653fe1d84 (table: Database) {{(pid=118933) notify /opt/stack/neutron/neutron/plugins/ml2/drivers/ovn/mech_driver/ovsdb/ovsdb_monitor.py:815}}
May 10 13:55:07 ubuntu neutron-server[118934]: DEBUG neutron.plugins.ml2.drivers.ovn.mech_driver.ovsdb.ovsdb_monitor [None req-c169345b-87bc-4308-8213-f427ae9946ac None None] ChassisAgentWriteEvent : Matched Chassis, create, None None {{(pid=118934) matches /opt/stack/neutron/neutron/plugins/ml2/drivers/ovn/mech_driver/ovsdb/ovsdb_monitor.py:62}}
May 10 13:55:07 ubuntu neutron-server[118934]: DEBUG neutron.plugins.ml2.drivers.ovn.mech_driver.ovsdb.ovsdb_monitor [None req-c169345b-87bc-4308-8213-f427ae9946ac None None] ChassisMetadataAgentWriteEvent : Matched Chassis, create, None None {{(pid=118934) matches /opt/stack/neutron/neutron/plugins/ml2/drivers/ovn/mech_driver/ovsdb/ovsdb_monitor.py:62}}
May 10 13:55:07 ubuntu neutron-server[118934]: DEBUG neutron.plugins.ml2.drivers.ovn.mech_driver.ovsdb.ovsdb_monitor [None req-c169345b-87bc-4308-8213-f427ae9946ac None None] Hash Ring: Node 3be4895e-7679-47cf-9c90-d6c5dae403cf (host: ubuntu) handling event "create" for row 1a2df4f5-c440-4bb2-9580-449ca95c0a65 (table: Chassis) {{(pid=118934) notify /opt/stack/neutron/neutron/plugins/ml2/drivers/ovn/mech_driver/ovsdb/ovsdb_monitor.py:815}}
May 10 13:55:07 ubuntu neutron-server[118933]: DEBUG neutron.plugins.ml2.drivers.ovn.mech_driver.ovsdb.ovsdb_monitor [None req-e0e7607d-5e7c-4865-9068-11918571a719 None None] Hash Ring: Node 5337cae2-58a0-4f57-9f37-06ebf0e15e3c (host: ubuntu) handling event "create" for row 13aff62b-46b6-45b1-b986-c5050e57b5a1 (table: Encap) {{(pid=118933) notify /opt/stack/neutron/neutron/plugins/ml2/drivers/ovn/mech_driver/ovsdb/ovsdb_monitor.py:815}}
May 10 13:55:07 ubuntu neutron-server[118934]: DEBUG neutron.plugins.ml2.drivers.ovn.mech_driver.ovsdb.ovsdb_monitor [None req-c169345b-87bc-4308-8213-f427ae9946ac None None] Hash Ring: Node 3be4895e-7679-47cf-9c90-d6c5dae403cf (host: ubuntu) handling event "create" for row b996d67d-02d4-413f-b30a-5256bd01bc1c (table: Connection) {{(pid=118934) notify /opt/stack/neutron/neutron/plugins/ml2/drivers/ovn/mech_driver/ovsdb/ovsdb_monitor.py:815}}
May 10 13:55:07 ubuntu neutron-server[118933]: DEBUG neutron.plugins.ml2.drivers.ovn.mech_driver.ovsdb.ovsdb_monitor [None req-e0e7607d-5e7c-4865-9068-11918571a719 None None] ChassisAgentWriteEvent : Matched Chassis, create, None None {{(pid=118933) matches /opt/stack/neutron/neutron/plugins/ml2/drivers/ovn/mech_driver/ovsdb/ovsdb_monitor.py:62}}
May 10 13:55:07 ubuntu neutron-server[118933]: DEBUG neutron.plugins.ml2.drivers.ovn.mech_driver.ovsdb.ovsdb_monitor [None req-e0e7607d-5e7c-4865-9068-11918571a719 None None] ChassisMetadataAgentWriteEvent : Matched Chassis, create, None None {{(pid=118933) matches /opt/stack/neutron/neutron/plugins/ml2/drivers/ovn/mech_driver/ovsdb/ovsdb_monitor.py:62}}
May 10 13:55:07 ubuntu neutron-server[118531]: INFO oslo_service.service [None req-135668c2-5d15-4bbb-b72b-c8b65d39dea1 None None] Starting 1 workers
May 10 13:55:07 ubuntu neutron-server[118934]: INFO neutron.wsgi [-] (118934) wsgi starting up on http://0.0.0.0:9696
May 10 13:55:07 ubuntu neutron-server[118933]: INFO neutron.wsgi [-] (118933) wsgi starting up on http://0.0.0.0:9696
May 10 13:55:07 ubuntu neutron-server[118934]: DEBUG neutron.wsgi [-] (118934) accepted ('192.168.79.38', 58950) {{(pid=118934) server /usr/local/lib/python3.8/dist-packages/eventlet/wsgi.py:1004}}
May 10 13:55:07 ubuntu neutron-server[118934]: INFO neutron.wsgi [-] 192.168.79.38 "GET / HTTP/1.1" status: 200  len: 255 time: 0.0037115
May 10 13:55:07 ubuntu neutron-server[118531]: DEBUG oslo_service.service [None req-135668c2-5d15-4bbb-b72b-c8b65d39dea1 None None] Started child 118937 {{(pid=118531) _start_child /usr/local/lib/python3.8/dist-packages/oslo_service/service.py:575}}
May 10 13:55:07 ubuntu neutron-server[118531]: INFO oslo_service.service [None req-135668c2-5d15-4bbb-b72b-c8b65d39dea1 None None] Starting 1 workers
May 10 13:55:07 ubuntu neutron-server[118531]: DEBUG oslo_service.service [None req-135668c2-5d15-4bbb-b72b-c8b65d39dea1 None None] Started child 118939 {{(pid=118531) _start_child /usr/local/lib/python3.8/dist-packages/oslo_service/service.py:575}}
May 10 13:55:07 ubuntu neutron-server[118531]: INFO oslo_service.service [None req-135668c2-5d15-4bbb-b72b-c8b65d39dea1 None None] Starting 1 workers
May 10 13:55:07 ubuntu neutron-server[118937]: DEBUG neutron.service [None req-135668c2-5d15-4bbb-b72b-c8b65d39dea1 None None] calling RpcWorker wait() {{(pid=118937) _wait /opt/stack/neutron/neutron/service.py:128}}
May 10 13:55:07 ubuntu neutron-server[118937]: DEBUG neutron.service [None req-135668c2-5d15-4bbb-b72b-c8b65d39dea1 None None] returning from RpcWorker wait() {{(pid=118937) _wait /opt/stack/neutron/neutron/service.py:135}}
May 10 13:55:07 ubuntu neutron-server[118937]: DEBUG neutron_lib.callbacks.manager [-] Publish callbacks ['neutron.plugins.ml2.drivers.ovn.mech_driver.mech_driver.OVNMechanismDriver.post_fork_initialize-857542'] for process (None), after_init {{(pid=118937) _notify_loop /usr/local/lib/python3.8/dist-packages/neutron_lib/callbacks/manager.py:176}}
May 10 13:55:07 ubuntu neutron-server[118531]: DEBUG oslo_service.service [None req-135668c2-5d15-4bbb-b72b-c8b65d39dea1 None None] Started child 118942 {{(pid=118531) _start_child /usr/local/lib/python3.8/dist-packages/oslo_service/service.py:575}}
May 10 13:55:07 ubuntu neutron-server[118937]: INFO neutron.plugins.ml2.drivers.ovn.mech_driver.ovsdb.impl_idl_ovn [-] Getting OvsdbNbOvnIdl for RpcWorker with retry
May 10 13:55:07 ubuntu neutron-server[118531]: DEBUG neutron_lib.callbacks.manager [None req-135668c2-5d15-4bbb-b72b-c8b65d39dea1 None None] Publish callbacks [] for process (None), after_spawn {{(pid=118531) _notify_loop /usr/local/lib/python3.8/dist-packages/neutron_lib/callbacks/manager.py:176}}
May 10 13:55:07 ubuntu neutron-server[118531]: DEBUG oslo_service.service [-] Full set of CONF: {{(pid=118531) wait /usr/local/lib/python3.8/dist-packages/oslo_service/service.py:649}}
May 10 13:55:07 ubuntu neutron-server[118531]: DEBUG oslo_service.service [-] ******************************************************************************** {{(pid=118531) log_opt_values /usr/local/lib/python3.8/dist-packages/oslo_config/cfg.py:2589}}
May 10 13:55:07 ubuntu neutron-server[118531]: DEBUG oslo_service.service [-] Configuration options gathered from: {{(pid=118531) log_opt_values /usr/local/lib/python3.8/dist-packages/oslo_config/cfg.py:2590}}
May 10 13:55:07 ubuntu neutron-server[118531]: DEBUG oslo_service.service [-] command line args: ['--config-file', '/etc/neutron/neutron.conf', '--config-file', '/etc/neutron/plugins/ml2/ml2_conf.ini'] {{(pid=118531) log_opt_values /usr/local/lib/python3.8/dist-packages/oslo_config/cfg.py:2591}}
May 10 13:55:07 ubuntu neutron-server[118531]: DEBUG oslo_service.service [-] config files: ['/etc/neutron/neutron.conf', '/etc/neutron/plugins/ml2/ml2_conf.ini'] {{(pid=118531) log_opt_values /usr/local/lib/python3.8/dist-packages/oslo_config/cfg.py:2592}}
