May 11 01:22:13 ubuntu devstack@g-api.service[123438]: DEBUG glance_store.location [None req-0f5569f1-1061-470d-adb9-8c914d56263b admin admin] Registering scheme swift+https with {'store': <glance_store._drivers.swift.store.SingleTenantStore object at 0x7f6e166e9640>, 'location_class': <class 'glance_store._drivers.swift.store.StoreLocation'>, 'store_entry': 'swift'} {{(pid=123438) register_scheme_map /usr/local/lib/python3.8/dist-packages/glance_store/location.py:146}}
May 11 01:22:13 ubuntu devstack@g-api.service[123438]: DEBUG glance_store.location [None req-0f5569f1-1061-470d-adb9-8c914d56263b admin admin] Registering scheme swift+https with {'store': <glance_store._drivers.swift.store.SingleTenantStore object at 0x7f6e166e9640>, 'location_class': <class 'glance_store._drivers.swift.store.StoreLocation'>, 'store_entry': 'swift'} {{(pid=123438) register_scheme_map /usr/local/lib/python3.8/dist-packages/glance_store/location.py:146}}
May 11 01:22:13 ubuntu devstack@g-api.service[123438]: DEBUG glance_store.location [None req-0f5569f1-1061-470d-adb9-8c914d56263b admin admin] Registering scheme swift with {'store': <glance_store._drivers.swift.store.SingleTenantStore object at 0x7f6e166e9640>, 'location_class': <class 'glance_store._drivers.swift.store.StoreLocation'>, 'store_entry': 'swift'} {{(pid=123438) register_scheme_map /usr/local/lib/python3.8/dist-packages/glance_store/location.py:146}}
May 11 01:22:13 ubuntu devstack@g-api.service[123438]: DEBUG glance_store.location [None req-0f5569f1-1061-470d-adb9-8c914d56263b admin admin] Registering scheme swift+https with {'store': <glance_store._drivers.swift.store.SingleTenantStore object at 0x7f6e166e9640>, 'location_class': <class 'glance_store._drivers.swift.store.StoreLocation'>, 'store_entry': 'swift'} {{(pid=123438) register_scheme_map /usr/local/lib/python3.8/dist-packages/glance_store/location.py:146}}
May 11 01:22:13 ubuntu devstack@g-api.service[123438]: DEBUG glance_store.location [None req-0f5569f1-1061-470d-adb9-8c914d56263b admin admin] Registering scheme swift with {'store': <glance_store._drivers.swift.store.SingleTenantStore object at 0x7f6e166e9640>, 'location_class': <class 'glance_store._drivers.swift.store.StoreLocation'>, 'store_entry': 'swift'} {{(pid=123438) register_scheme_map /usr/local/lib/python3.8/dist-packages/glance_store/location.py:146}}
May 11 01:22:13 ubuntu devstack@g-api.service[123438]: DEBUG glance_store.location [None req-0f5569f1-1061-470d-adb9-8c914d56263b admin admin] Registering scheme swift+http with {'store': <glance_store._drivers.swift.store.SingleTenantStore object at 0x7f6e166e9640>, 'location_class': <class 'glance_store._drivers.swift.store.StoreLocation'>, 'store_entry': 'swift'} {{(pid=123438) register_scheme_map /usr/local/lib/python3.8/dist-packages/glance_store/location.py:146}}
May 11 01:22:13 ubuntu devstack@g-api.service[123438]: DEBUG glance_store.location [None req-0f5569f1-1061-470d-adb9-8c914d56263b admin admin] Registering scheme swift+https with {'store': <glance_store._drivers.swift.store.SingleTenantStore object at 0x7f6e166e9640>, 'location_class': <class 'glance_store._drivers.swift.store.StoreLocation'>, 'store_entry': 'swift'} {{(pid=123438) register_scheme_map /usr/local/lib/python3.8/dist-packages/glance_store/location.py:146}}
May 11 01:22:13 ubuntu devstack@g-api.service[123438]: DEBUG glance_store.location [None req-0f5569f1-1061-470d-adb9-8c914d56263b admin admin] Registering scheme swift with {'store': <glance_store._drivers.swift.store.SingleTenantStore object at 0x7f6e166e9640>, 'location_class': <class 'glance_store._drivers.swift.store.StoreLocation'>, 'store_entry': 'swift'} {{(pid=123438) register_scheme_map /usr/local/lib/python3.8/dist-packages/glance_store/location.py:146}}
May 11 01:22:13 ubuntu devstack@g-api.service[123438]: DEBUG glance_store.location [None req-0f5569f1-1061-470d-adb9-8c914d56263b admin admin] Registering scheme swift+http with {'store': <glance_store._drivers.swift.store.SingleTenantStore object at 0x7f6e166e9640>, 'location_class': <class 'glance_store._drivers.swift.store.StoreLocation'>, 'store_entry': 'swift'} {{(pid=123438) register_scheme_map /usr/local/lib/python3.8/dist-packages/glance_store/location.py:146}}
May 11 01:22:13 ubuntu devstack@g-api.service[123438]: DEBUG glance_store.location [None req-0f5569f1-1061-470d-adb9-8c914d56263b admin admin] Registering scheme swift+config with {'store': <glance_store._drivers.swift.store.SingleTenantStore object at 0x7f6e166e9640>, 'location_class': <class 'glance_store._drivers.swift.store.StoreLocation'>, 'store_entry': 'swift'} {{(pid=123438) register_scheme_map /usr/local/lib/python3.8/dist-packages/glance_store/location.py:146}}
May 11 01:22:13 ubuntu devstack@g-api.service[123438]: DEBUG glance_store.backend [None req-0f5569f1-1061-470d-adb9-8c914d56263b admin admin] Skipping store.set_acls... not implemented. {{(pid=123438) set_acls /usr/local/lib/python3.8/dist-packages/glance_store/backend.py:509}}
May 11 01:22:13 ubuntu devstack@g-api.service[123438]: [pid: 123438|app: 0|req: 3/4] 127.0.0.1 () {40 vars in 862 bytes} [Wed May 11 01:22:11 2022] PUT /v2/images/fdda0aba-50c0-44f5-b267-2fdf62019301/file => generated 0 bytes in 1872 msecs (HTTP/1.1 204) 4 headers in 171 bytes (1 switches on core 0)
May 11 01:22:58 ubuntu devstack@g-api.service[123437]: DEBUG glance.api.middleware.version_negotiation [None req-e2f910f9-74bf-4e22-82b1-42c550251727 admin admin] Determining version of request: GET / Accept: application/json {{(pid=123437) process_request /opt/stack/glance/glance/api/middleware/version_negotiation.py:44}}
May 11 01:22:58 ubuntu devstack@g-api.service[123437]: DEBUG glance.api.middleware.version_negotiation [None req-e2f910f9-74bf-4e22-82b1-42c550251727 admin admin] Using url versioning {{(pid=123437) process_request /opt/stack/glance/glance/api/middleware/version_negotiation.py:57}}
May 11 01:22:58 ubuntu devstack@g-api.service[123437]: DEBUG glance.api.middleware.version_negotiation [None req-e2f910f9-74bf-4e22-82b1-42c550251727 admin admin] Unknown version. Returning version choices. {{(pid=123437) process_request /opt/stack/glance/glance/api/middleware/version_negotiation.py:64}}
May 11 01:22:58 ubuntu devstack@g-api.service[123437]: [pid: 123437|app: 0|req: 2/5] 127.0.0.1 () {34 vars in 506 bytes} [Wed May 11 01:22:58 2022] GET / => generated 1213 bytes in 3 msecs (HTTP/1.1 300) 3 headers in 106 bytes (1 switches on core 0)
May 11 01:22:58 ubuntu devstack@g-api.service[123438]: DEBUG glance.api.middleware.version_negotiation [None req-0f5569f1-1061-470d-adb9-8c914d56263b admin admin] Determining version of request: GET /v2/images Accept: application/json {{(pid=123438) process_request /opt/stack/glance/glance/api/middleware/version_negotiation.py:44}}
May 11 01:22:58 ubuntu devstack@g-api.service[123438]: DEBUG glance.api.middleware.version_negotiation [None req-0f5569f1-1061-470d-adb9-8c914d56263b admin admin] Using url versioning {{(pid=123438) process_request /opt/stack/glance/glance/api/middleware/version_negotiation.py:57}}
May 11 01:22:58 ubuntu devstack@g-api.service[123438]: DEBUG glance.api.middleware.version_negotiation [None req-0f5569f1-1061-470d-adb9-8c914d56263b admin admin] Matched version: v2 {{(pid=123438) process_request /opt/stack/glance/glance/api/middleware/version_negotiation.py:69}}
May 11 01:22:58 ubuntu devstack@g-api.service[123438]: DEBUG glance.api.middleware.version_negotiation [None req-0f5569f1-1061-470d-adb9-8c914d56263b admin admin] new path /v2/images {{(pid=123438) process_request /opt/stack/glance/glance/api/middleware/version_negotiation.py:70}}
May 11 01:22:58 ubuntu devstack@g-api.service[123438]: [pid: 123438|app: 0|req: 4/6] 127.0.0.1 () {36 vars in 728 bytes} [Wed May 11 01:22:58 2022] GET /v2/images => generated 1045 bytes in 96 msecs (HTTP/1.1 200) 4 headers in 158 bytes (1 switches on core 0)
May 11 01:23:03 ubuntu devstack@g-api.service[123437]: DEBUG glance.api.middleware.version_negotiation [None req-e2f910f9-74bf-4e22-82b1-42c550251727 admin admin] Determining version of request: GET / Accept: application/json {{(pid=123437) process_request /opt/stack/glance/glance/api/middleware/version_negotiation.py:44}}
May 11 01:23:03 ubuntu devstack@g-api.service[123437]: DEBUG glance.api.middleware.version_negotiation [None req-e2f910f9-74bf-4e22-82b1-42c550251727 admin admin] Using url versioning {{(pid=123437) process_request /opt/stack/glance/glance/api/middleware/version_negotiation.py:57}}
May 11 01:23:03 ubuntu devstack@g-api.service[123437]: DEBUG glance.api.middleware.version_negotiation [None req-e2f910f9-74bf-4e22-82b1-42c550251727 admin admin] Unknown version. Returning version choices. {{(pid=123437) process_request /opt/stack/glance/glance/api/middleware/version_negotiation.py:64}}
May 11 01:23:03 ubuntu devstack@g-api.service[123437]: [pid: 123437|app: 0|req: 3/7] 127.0.0.1 () {34 vars in 506 bytes} [Wed May 11 01:23:03 2022] GET / => generated 1213 bytes in 3 msecs (HTTP/1.1 300) 3 headers in 106 bytes (1 switches on core 0)
May 11 01:23:03 ubuntu devstack@g-api.service[123438]: DEBUG glance.api.middleware.version_negotiation [None req-89b80245-5c08-4625-8e2d-7d7c66058df6 admin admin] Determining version of request: GET /v2/images/fdda0aba-50c0-44f5-b267-2fdf62019301 Accept: */* {{(pid=123438) process_request /opt/stack/glance/glance/api/middleware/version_negotiation.py:44}}
May 11 01:23:03 ubuntu devstack@g-api.service[123438]: DEBUG glance.api.middleware.version_negotiation [None req-89b80245-5c08-4625-8e2d-7d7c66058df6 admin admin] Using url versioning {{(pid=123438) process_request /opt/stack/glance/glance/api/middleware/version_negotiation.py:57}}
May 11 01:23:03 ubuntu devstack@g-api.service[123438]: DEBUG glance.api.middleware.version_negotiation [None req-89b80245-5c08-4625-8e2d-7d7c66058df6 admin admin] Matched version: v2 {{(pid=123438) process_request /opt/stack/glance/glance/api/middleware/version_negotiation.py:69}}
May 11 01:23:03 ubuntu devstack@g-api.service[123438]: DEBUG glance.api.middleware.version_negotiation [None req-89b80245-5c08-4625-8e2d-7d7c66058df6 admin admin] new path /v2/images/fdda0aba-50c0-44f5-b267-2fdf62019301 {{(pid=123438) process_request /opt/stack/glance/glance/api/middleware/version_negotiation.py:70}}
May 11 01:23:03 ubuntu devstack@g-api.service[123438]: [pid: 123438|app: 0|req: 5/8] 127.0.0.1 () {36 vars in 789 bytes} [Wed May 11 01:23:03 2022] GET /v2/images/fdda0aba-50c0-44f5-b267-2fdf62019301 => generated 976 bytes in 54 msecs (HTTP/1.1 200) 4 headers in 157 bytes (1 switches on core 0)
May 11 01:23:07 ubuntu devstack@g-api.service[123437]: DEBUG glance.api.middleware.version_negotiation [None req-e2f910f9-74bf-4e22-82b1-42c550251727 admin admin] Determining version of request: GET / Accept: application/json {{(pid=123437) process_request /opt/stack/glance/glance/api/middleware/version_negotiation.py:44}}
May 11 01:23:07 ubuntu devstack@g-api.service[123437]: DEBUG glance.api.middleware.version_negotiation [None req-e2f910f9-74bf-4e22-82b1-42c550251727 admin admin] Using url versioning {{(pid=123437) process_request /opt/stack/glance/glance/api/middleware/version_negotiation.py:57}}
May 11 01:23:07 ubuntu devstack@g-api.service[123437]: DEBUG glance.api.middleware.version_negotiation [None req-e2f910f9-74bf-4e22-82b1-42c550251727 admin admin] Unknown version. Returning version choices. {{(pid=123437) process_request /opt/stack/glance/glance/api/middleware/version_negotiation.py:64}}
May 11 01:23:07 ubuntu devstack@g-api.service[123437]: [pid: 123437|app: 0|req: 4/9] 127.0.0.1 () {34 vars in 506 bytes} [Wed May 11 01:23:07 2022] GET / => generated 1213 bytes in 5 msecs (HTTP/1.1 300) 3 headers in 106 bytes (1 switches on core 0)
May 11 01:23:07 ubuntu devstack@g-api.service[123438]: DEBUG glance.api.middleware.version_negotiation [None req-145afc1b-f1a2-4cf0-9e42-73f2634d7197 admin admin] Determining version of request: GET /v2/images/fdda0aba-50c0-44f5-b267-2fdf62019301 Accept: */* {{(pid=123438) process_request /opt/stack/glance/glance/api/middleware/version_negotiation.py:44}}
May 11 01:23:07 ubuntu devstack@g-api.service[123438]: DEBUG glance.api.middleware.version_negotiation [None req-145afc1b-f1a2-4cf0-9e42-73f2634d7197 admin admin] Using url versioning {{(pid=123438) process_request /opt/stack/glance/glance/api/middleware/version_negotiation.py:57}}
May 11 01:23:07 ubuntu devstack@g-api.service[123438]: DEBUG glance.api.middleware.version_negotiation [None req-145afc1b-f1a2-4cf0-9e42-73f2634d7197 admin admin] Matched version: v2 {{(pid=123438) process_request /opt/stack/glance/glance/api/middleware/version_negotiation.py:69}}
May 11 01:23:07 ubuntu devstack@g-api.service[123438]: DEBUG glance.api.middleware.version_negotiation [None req-145afc1b-f1a2-4cf0-9e42-73f2634d7197 admin admin] new path /v2/images/fdda0aba-50c0-44f5-b267-2fdf62019301 {{(pid=123438) process_request /opt/stack/glance/glance/api/middleware/version_negotiation.py:70}}
May 11 01:23:07 ubuntu devstack@g-api.service[123438]: [pid: 123438|app: 0|req: 6/10] 127.0.0.1 () {36 vars in 789 bytes} [Wed May 11 01:23:07 2022] GET /v2/images/fdda0aba-50c0-44f5-b267-2fdf62019301 => generated 976 bytes in 44 msecs (HTTP/1.1 200) 4 headers in 157 bytes (1 switches on core 0)
May 11 01:24:50 ubuntu devstack@g-api.service[123437]: DEBUG glance.api.middleware.version_negotiation [None req-e2f910f9-74bf-4e22-82b1-42c550251727 admin admin] Determining version of request: GET /v1 Accept: application/json {{(pid=123437) process_request /opt/stack/glance/glance/api/middleware/version_negotiation.py:44}}
May 11 01:24:50 ubuntu devstack@g-api.service[123437]: DEBUG glance.api.middleware.version_negotiation [None req-e2f910f9-74bf-4e22-82b1-42c550251727 admin admin] Using url versioning {{(pid=123437) process_request /opt/stack/glance/glance/api/middleware/version_negotiation.py:57}}
May 11 01:24:50 ubuntu devstack@g-api.service[123437]: DEBUG glance.api.middleware.version_negotiation [None req-e2f910f9-74bf-4e22-82b1-42c550251727 admin admin] Unknown version. Returning version choices. {{(pid=123437) process_request /opt/stack/glance/glance/api/middleware/version_negotiation.py:64}}
May 11 01:24:50 ubuntu devstack@g-api.service[123437]: [pid: 123437|app: 0|req: 5/11] 127.0.0.1 () {38 vars in 685 bytes} [Wed May 11 01:24:50 2022] GET /v1 => generated 1213 bytes in 7 msecs (HTTP/1.1 300) 3 headers in 106 bytes (1 switches on core 0)
May 11 01:26:54 ubuntu devstack@g-api.service[123438]: DEBUG oslo_concurrency.lockutils [-] Acquired lock "glance-cache" {{(pid=123438) lock /usr/local/lib/python3.8/dist-packages/oslo_concurrency/lockutils.py:294}}
May 11 01:26:54 ubuntu devstack@g-api.service[123438]: DEBUG oslo_concurrency.lockutils [-] Acquired external semaphore "glance-cache" {{(pid=123438) lock /usr/local/lib/python3.8/dist-packages/oslo_concurrency/lockutils.py:302}}
May 11 01:26:54 ubuntu devstack@g-api.service[123437]: DEBUG oslo_concurrency.lockutils [-] Acquired lock "glance-cache" {{(pid=123437) lock /usr/local/lib/python3.8/dist-packages/oslo_concurrency/lockutils.py:294}}
May 11 01:26:54 ubuntu devstack@g-api.service[123438]: DEBUG glance.image_cache.prefetcher [-] Nothing to prefetch. {{(pid=123438) run /opt/stack/glance/glance/image_cache/prefetcher.py:79}}
May 11 01:26:54 ubuntu devstack@g-api.service[123438]: DEBUG oslo_concurrency.lockutils [-] Releasing lock "glance-cache" {{(pid=123438) lock /usr/local/lib/python3.8/dist-packages/oslo_concurrency/lockutils.py:312}}
May 11 01:26:54 ubuntu devstack@g-api.service[123437]: DEBUG oslo_concurrency.lockutils [-] Acquired external semaphore "glance-cache" {{(pid=123437) lock /usr/local/lib/python3.8/dist-packages/oslo_concurrency/lockutils.py:302}}
May 11 01:26:54 ubuntu devstack@g-api.service[123437]: DEBUG glance.image_cache.prefetcher [-] Nothing to prefetch. {{(pid=123437) run /opt/stack/glance/glance/image_cache/prefetcher.py:79}}
May 11 01:26:54 ubuntu devstack@g-api.service[123437]: DEBUG oslo_concurrency.lockutils [-] Releasing lock "glance-cache" {{(pid=123437) lock /usr/local/lib/python3.8/dist-packages/oslo_concurrency/lockutils.py:312}}
May 11 01:27:15 ubuntu devstack@g-api.service[123438]: DEBUG glance.api.middleware.version_negotiation [None req-3d3d33ce-751c-467e-adf3-747ea0ad44b0 admin admin] Determining version of request: GET /versions Accept: */* {{(pid=123438) process_request /opt/stack/glance/glance/api/middleware/version_negotiation.py:44}}
May 11 01:27:15 ubuntu devstack@g-api.service[123438]: [pid: 123438|app: 0|req: 7/12] 127.0.0.1 () {38 vars in 695 bytes} [Wed May 11 01:27:15 2022] GET /versions => generated 1213 bytes in 6 msecs (HTTP/1.1 200) 3 headers in 92 bytes (1 switches on core 0)
May 11 01:27:15 ubuntu devstack@g-api.service[123437]: DEBUG glance.api.middleware.version_negotiation [None req-e2f910f9-74bf-4e22-82b1-42c550251727 admin admin] Determining version of request: GET /v2/schemas/image Accept: */* {{(pid=123437) process_request /opt/stack/glance/glance/api/middleware/version_negotiation.py:44}}
May 11 01:27:15 ubuntu devstack@g-api.service[123437]: DEBUG glance.api.middleware.version_negotiation [None req-e2f910f9-74bf-4e22-82b1-42c550251727 admin admin] Using url versioning {{(pid=123437) process_request /opt/stack/glance/glance/api/middleware/version_negotiation.py:57}}
May 11 01:27:15 ubuntu devstack@g-api.service[123437]: DEBUG glance.api.middleware.version_negotiation [None req-e2f910f9-74bf-4e22-82b1-42c550251727 admin admin] Matched version: v2 {{(pid=123437) process_request /opt/stack/glance/glance/api/middleware/version_negotiation.py:69}}
May 11 01:27:15 ubuntu devstack@g-api.service[123437]: DEBUG glance.api.middleware.version_negotiation [None req-e2f910f9-74bf-4e22-82b1-42c550251727 admin admin] new path /v2/schemas/image {{(pid=123437) process_request /opt/stack/glance/glance/api/middleware/version_negotiation.py:70}}
May 11 01:27:15 ubuntu devstack@g-api.service[123437]: [pid: 123437|app: 0|req: 6/13] 127.0.0.1 () {38 vars in 711 bytes} [Wed May 11 01:27:15 2022] GET /v2/schemas/image => generated 6083 bytes in 79 msecs (HTTP/1.1 200) 4 headers in 158 bytes (1 switches on core 0)
May 11 01:27:15 ubuntu devstack@g-api.service[123438]: DEBUG glance.api.middleware.version_negotiation [None req-3d3d33ce-751c-467e-adf3-747ea0ad44b0 admin admin] Determining version of request: GET /v2/schemas/metadefs/namespace Accept: */* {{(pid=123438) process_request /opt/stack/glance/glance/api/middleware/version_negotiation.py:44}}
May 11 01:27:15 ubuntu devstack@g-api.service[123438]: DEBUG glance.api.middleware.version_negotiation [None req-3d3d33ce-751c-467e-adf3-747ea0ad44b0 admin admin] Using url versioning {{(pid=123438) process_request /opt/stack/glance/glance/api/middleware/version_negotiation.py:57}}
May 11 01:27:15 ubuntu devstack@g-api.service[123438]: DEBUG glance.api.middleware.version_negotiation [None req-3d3d33ce-751c-467e-adf3-747ea0ad44b0 admin admin] Matched version: v2 {{(pid=123438) process_request /opt/stack/glance/glance/api/middleware/version_negotiation.py:69}}
May 11 01:27:15 ubuntu devstack@g-api.service[123438]: DEBUG glance.api.middleware.version_negotiation [None req-3d3d33ce-751c-467e-adf3-747ea0ad44b0 admin admin] new path /v2/schemas/metadefs/namespace {{(pid=123438) process_request /opt/stack/glance/glance/api/middleware/version_negotiation.py:70}}
May 11 01:27:15 ubuntu devstack@g-api.service[123438]: [pid: 123438|app: 0|req: 8/14] 127.0.0.1 () {38 vars in 737 bytes} [Wed May 11 01:27:15 2022] GET /v2/schemas/metadefs/namespace => generated 3100 bytes in 13 msecs (HTTP/1.1 200) 4 headers in 158 bytes (1 switches on core 0)
May 11 01:27:15 ubuntu devstack@g-api.service[123437]: DEBUG glance.api.middleware.version_negotiation [None req-dae3ffda-8065-4c9b-8d50-fe356ae06fe1 admin admin] Determining version of request: GET /v2/schemas/metadefs/resource_type Accept: */* {{(pid=123437) process_request /opt/stack/glance/glance/api/middleware/version_negotiation.py:44}}
May 11 01:27:15 ubuntu devstack@g-api.service[123437]: DEBUG glance.api.middleware.version_negotiation [None req-dae3ffda-8065-4c9b-8d50-fe356ae06fe1 admin admin] Using url versioning {{(pid=123437) process_request /opt/stack/glance/glance/api/middleware/version_negotiation.py:57}}
May 11 01:27:15 ubuntu devstack@g-api.service[123437]: DEBUG glance.api.middleware.version_negotiation [None req-dae3ffda-8065-4c9b-8d50-fe356ae06fe1 admin admin] Matched version: v2 {{(pid=123437) process_request /opt/stack/glance/glance/api/middleware/version_negotiation.py:69}}
May 11 01:27:15 ubuntu devstack@g-api.service[123437]: DEBUG glance.api.middleware.version_negotiation [None req-dae3ffda-8065-4c9b-8d50-fe356ae06fe1 admin admin] new path /v2/schemas/metadefs/resource_type {{(pid=123437) process_request /opt/stack/glance/glance/api/middleware/version_negotiation.py:70}}
May 11 01:27:15 ubuntu devstack@g-api.service[123437]: [pid: 123437|app: 0|req: 7/15] 127.0.0.1 () {38 vars in 745 bytes} [Wed May 11 01:27:15 2022] GET /v2/schemas/metadefs/resource_type => generated 1262 bytes in 3 msecs (HTTP/1.1 200) 4 headers in 158 bytes (1 switches on core 0)
May 11 01:27:15 ubuntu devstack@g-api.service[123438]: DEBUG glance.api.middleware.version_negotiation [None req-a614e556-ae00-400c-8bb7-6fcceff0cab3 admin admin] Determining version of request: GET /v2/images Accept: */* {{(pid=123438) process_request /opt/stack/glance/glance/api/middleware/version_negotiation.py:44}}
May 11 01:27:15 ubuntu devstack@g-api.service[123438]: DEBUG glance.api.middleware.version_negotiation [None req-a614e556-ae00-400c-8bb7-6fcceff0cab3 admin admin] Using url versioning {{(pid=123438) process_request /opt/stack/glance/glance/api/middleware/version_negotiation.py:57}}
May 11 01:27:15 ubuntu devstack@g-api.service[123438]: DEBUG glance.api.middleware.version_negotiation [None req-a614e556-ae00-400c-8bb7-6fcceff0cab3 admin admin] Matched version: v2 {{(pid=123438) process_request /opt/stack/glance/glance/api/middleware/version_negotiation.py:69}}
May 11 01:27:15 ubuntu devstack@g-api.service[123438]: DEBUG glance.api.middleware.version_negotiation [None req-a614e556-ae00-400c-8bb7-6fcceff0cab3 admin admin] new path /v2/images {{(pid=123438) process_request /opt/stack/glance/glance/api/middleware/version_negotiation.py:70}}
May 11 01:27:15 ubuntu devstack@g-api.service[123438]: [pid: 123438|app: 0|req: 9/16] 127.0.0.1 () {38 vars in 768 bytes} [Wed May 11 01:27:15 2022] GET /v2/images?limit=20&sort_key=name&sort_dir=asc => generated 1081 bytes in 85 msecs (HTTP/1.1 200) 4 headers in 158 bytes (1 switches on core 0)
May 11 01:27:15 ubuntu devstack@g-api.service[123437]: DEBUG glance.api.middleware.version_negotiation [None req-9ac5defe-2674-4be7-9651-f0fe219b6f70 admin admin] Determining version of request: GET /v2/schemas/image Accept: */* {{(pid=123437) process_request /opt/stack/glance/glance/api/middleware/version_negotiation.py:44}}
May 11 01:27:15 ubuntu devstack@g-api.service[123437]: DEBUG glance.api.middleware.version_negotiation [None req-9ac5defe-2674-4be7-9651-f0fe219b6f70 admin admin] Using url versioning {{(pid=123437) process_request /opt/stack/glance/glance/api/middleware/version_negotiation.py:57}}
May 11 01:27:15 ubuntu devstack@g-api.service[123437]: DEBUG glance.api.middleware.version_negotiation [None req-9ac5defe-2674-4be7-9651-f0fe219b6f70 admin admin] Matched version: v2 {{(pid=123437) process_request /opt/stack/glance/glance/api/middleware/version_negotiation.py:69}}
May 11 01:27:15 ubuntu devstack@g-api.service[123437]: DEBUG glance.api.middleware.version_negotiation [None req-9ac5defe-2674-4be7-9651-f0fe219b6f70 admin admin] new path /v2/schemas/image {{(pid=123437) process_request /opt/stack/glance/glance/api/middleware/version_negotiation.py:70}}
May 11 01:27:15 ubuntu devstack@g-api.service[123437]: [pid: 123437|app: 0|req: 8/17] 127.0.0.1 () {38 vars in 711 bytes} [Wed May 11 01:27:15 2022] GET /v2/schemas/image => generated 6083 bytes in 9 msecs (HTTP/1.1 200) 4 headers in 158 bytes (1 switches on core 0)
May 11 01:27:25 ubuntu devstack@g-api.service[123438]: DEBUG glance.api.middleware.version_negotiation [None req-d4fdaf45-e6a1-49b5-a1a3-b62f7d7186e3 admin admin] Determining version of request: GET / Accept: application/json {{(pid=123438) process_request /opt/stack/glance/glance/api/middleware/version_negotiation.py:44}}
May 11 01:27:25 ubuntu devstack@g-api.service[123438]: DEBUG glance.api.middleware.version_negotiation [None req-d4fdaf45-e6a1-49b5-a1a3-b62f7d7186e3 admin admin] Using url versioning {{(pid=123438) process_request /opt/stack/glance/glance/api/middleware/version_negotiation.py:57}}
May 11 01:27:25 ubuntu devstack@g-api.service[123438]: DEBUG glance.api.middleware.version_negotiation [None req-d4fdaf45-e6a1-49b5-a1a3-b62f7d7186e3 admin admin] Unknown version. Returning version choices. {{(pid=123438) process_request /opt/stack/glance/glance/api/middleware/version_negotiation.py:64}}
May 11 01:27:25 ubuntu devstack@g-api.service[123438]: [pid: 123438|app: 0|req: 10/18] 127.0.0.1 () {34 vars in 492 bytes} [Wed May 11 01:27:25 2022] GET / => generated 1213 bytes in 2 msecs (HTTP/1.1 300) 3 headers in 106 bytes (1 switches on core 0)
May 11 01:27:25 ubuntu devstack@g-api.service[123437]: DEBUG glance.api.middleware.version_negotiation [None req-69a933d9-7c9f-4003-b16e-d0a05dd41617 admin admin] Determining version of request: GET /v2/images/fdda0aba-50c0-44f5-b267-2fdf62019301 Accept: */* {{(pid=123437) process_request /opt/stack/glance/glance/api/middleware/version_negotiation.py:44}}
May 11 01:27:25 ubuntu devstack@g-api.service[123437]: DEBUG glance.api.middleware.version_negotiation [None req-69a933d9-7c9f-4003-b16e-d0a05dd41617 admin admin] Using url versioning {{(pid=123437) process_request /opt/stack/glance/glance/api/middleware/version_negotiation.py:57}}
May 11 01:27:25 ubuntu devstack@g-api.service[123437]: DEBUG glance.api.middleware.version_negotiation [None req-69a933d9-7c9f-4003-b16e-d0a05dd41617 admin admin] Matched version: v2 {{(pid=123437) process_request /opt/stack/glance/glance/api/middleware/version_negotiation.py:69}}
May 11 01:27:25 ubuntu devstack@g-api.service[123437]: DEBUG glance.api.middleware.version_negotiation [None req-69a933d9-7c9f-4003-b16e-d0a05dd41617 admin admin] new path /v2/images/fdda0aba-50c0-44f5-b267-2fdf62019301 {{(pid=123437) process_request /opt/stack/glance/glance/api/middleware/version_negotiation.py:70}}
May 11 01:27:25 ubuntu devstack@g-api.service[123437]: WARNING keystonemiddleware.auth_token [None req-69a933d9-7c9f-4003-b16e-d0a05dd41617 admin admin] A valid token was submitted as a service token, but it was not a valid service token. This is incorrect but backwards compatible behaviour. This will be removed in future releases.
May 11 01:27:25 ubuntu devstack@g-api.service[123437]: [pid: 123437|app: 0|req: 9/19] 127.0.0.1 () {42 vars in 1049 bytes} [Wed May 11 01:27:25 2022] GET /v2/images/fdda0aba-50c0-44f5-b267-2fdf62019301 => generated 976 bytes in 106 msecs (HTTP/1.1 200) 4 headers in 157 bytes (1 switches on core 0)
May 11 01:27:25 ubuntu devstack@g-api.service[123438]: DEBUG glance.api.middleware.version_negotiation [None req-d4fdaf45-e6a1-49b5-a1a3-b62f7d7186e3 admin admin] Determining version of request: GET /v2/schemas/image Accept: */* {{(pid=123438) process_request /opt/stack/glance/glance/api/middleware/version_negotiation.py:44}}
May 11 01:27:25 ubuntu devstack@g-api.service[123438]: DEBUG glance.api.middleware.version_negotiation [None req-d4fdaf45-e6a1-49b5-a1a3-b62f7d7186e3 admin admin] Using url versioning {{(pid=123438) process_request /opt/stack/glance/glance/api/middleware/version_negotiation.py:57}}
May 11 01:27:25 ubuntu devstack@g-api.service[123438]: DEBUG glance.api.middleware.version_negotiation [None req-d4fdaf45-e6a1-49b5-a1a3-b62f7d7186e3 admin admin] Matched version: v2 {{(pid=123438) process_request /opt/stack/glance/glance/api/middleware/version_negotiation.py:69}}
May 11 01:27:25 ubuntu devstack@g-api.service[123438]: DEBUG glance.api.middleware.version_negotiation [None req-d4fdaf45-e6a1-49b5-a1a3-b62f7d7186e3 admin admin] new path /v2/schemas/image {{(pid=123438) process_request /opt/stack/glance/glance/api/middleware/version_negotiation.py:70}}
May 11 01:27:25 ubuntu devstack@g-api.service[123438]: WARNING keystonemiddleware.auth_token [None req-d4fdaf45-e6a1-49b5-a1a3-b62f7d7186e3 admin admin] A valid token was submitted as a service token, but it was not a valid service token. This is incorrect but backwards compatible behaviour. This will be removed in future releases.
May 11 01:27:25 ubuntu devstack@g-api.service[123438]: [pid: 123438|app: 0|req: 11/20] 127.0.0.1 () {42 vars in 989 bytes} [Wed May 11 01:27:25 2022] GET /v2/schemas/image => generated 6083 bytes in 8 msecs (HTTP/1.1 200) 4 headers in 158 bytes (1 switches on core 0)
May 11 01:27:28 ubuntu devstack@g-api.service[123437]: DEBUG glance.api.middleware.version_negotiation [None req-1cf5ab98-f4c6-4ae1-87f0-f091ac98d469 tempest-VolumesAdminNegativeTest-1371717261 tempest-VolumesAdminNegativeTest-1371717261-project] Determining version of request: GET /v2/images/fdda0aba-50c0-44f5-b267-2fdf62019301 Accept: */* {{(pid=123437) process_request /opt/stack/glance/glance/api/middleware/version_negotiation.py:44}}
May 11 01:27:28 ubuntu devstack@g-api.service[123437]: DEBUG glance.api.middleware.version_negotiation [None req-1cf5ab98-f4c6-4ae1-87f0-f091ac98d469 tempest-VolumesAdminNegativeTest-1371717261 tempest-VolumesAdminNegativeTest-1371717261-project] Using url versioning {{(pid=123437) process_request /opt/stack/glance/glance/api/middleware/version_negotiation.py:57}}
May 11 01:27:28 ubuntu devstack@g-api.service[123437]: DEBUG glance.api.middleware.version_negotiation [None req-1cf5ab98-f4c6-4ae1-87f0-f091ac98d469 tempest-VolumesAdminNegativeTest-1371717261 tempest-VolumesAdminNegativeTest-1371717261-project] Matched version: v2 {{(pid=123437) process_request /opt/stack/glance/glance/api/middleware/version_negotiation.py:69}}
May 11 01:27:28 ubuntu devstack@g-api.service[123437]: DEBUG glance.api.middleware.version_negotiation [None req-1cf5ab98-f4c6-4ae1-87f0-f091ac98d469 tempest-VolumesAdminNegativeTest-1371717261 tempest-VolumesAdminNegativeTest-1371717261-project] new path /v2/images/fdda0aba-50c0-44f5-b267-2fdf62019301 {{(pid=123437) process_request /opt/stack/glance/glance/api/middleware/version_negotiation.py:70}}
May 11 01:27:28 ubuntu devstack@g-api.service[123437]: [pid: 123437|app: 0|req: 10/21] 127.0.0.1 () {42 vars in 1049 bytes} [Wed May 11 01:27:28 2022] GET /v2/images/fdda0aba-50c0-44f5-b267-2fdf62019301 => generated 976 bytes in 17 msecs (HTTP/1.1 200) 4 headers in 157 bytes (1 switches on core 0)
May 11 01:27:28 ubuntu devstack@g-api.service[123438]: DEBUG glance.api.middleware.version_negotiation [None req-1cf5ab98-f4c6-4ae1-87f0-f091ac98d469 tempest-VolumesAdminNegativeTest-1371717261 tempest-VolumesAdminNegativeTest-1371717261-project] Determining version of request: GET /v2/images/fdda0aba-50c0-44f5-b267-2fdf62019301/file Accept: */* {{(pid=123438) process_request /opt/stack/glance/glance/api/middleware/version_negotiation.py:44}}
May 11 01:27:28 ubuntu devstack@g-api.service[123438]: DEBUG glance.api.middleware.version_negotiation [None req-1cf5ab98-f4c6-4ae1-87f0-f091ac98d469 tempest-VolumesAdminNegativeTest-1371717261 tempest-VolumesAdminNegativeTest-1371717261-project] Using url versioning {{(pid=123438) process_request /opt/stack/glance/glance/api/middleware/version_negotiation.py:57}}
May 11 01:27:28 ubuntu devstack@g-api.service[123438]: DEBUG glance.api.middleware.version_negotiation [None req-1cf5ab98-f4c6-4ae1-87f0-f091ac98d469 tempest-VolumesAdminNegativeTest-1371717261 tempest-VolumesAdminNegativeTest-1371717261-project] Matched version: v2 {{(pid=123438) process_request /opt/stack/glance/glance/api/middleware/version_negotiation.py:69}}
May 11 01:27:28 ubuntu devstack@g-api.service[123438]: DEBUG glance.api.middleware.version_negotiation [None req-1cf5ab98-f4c6-4ae1-87f0-f091ac98d469 tempest-VolumesAdminNegativeTest-1371717261 tempest-VolumesAdminNegativeTest-1371717261-project] new path /v2/images/fdda0aba-50c0-44f5-b267-2fdf62019301/file {{(pid=123438) process_request /opt/stack/glance/glance/api/middleware/version_negotiation.py:70}}
May 11 01:27:28 ubuntu devstack@g-api.service[123438]: DEBUG glance_store.backend [None req-1cf5ab98-f4c6-4ae1-87f0-f091ac98d469 tempest-VolumesAdminNegativeTest-1371717261 tempest-VolumesAdminNegativeTest-1371717261-project] Attempting to import store swift {{(pid=123438) _load_store /usr/local/lib/python3.8/dist-packages/glance_store/backend.py:217}}
May 11 01:27:28 ubuntu devstack@g-api.service[123438]: DEBUG glance_store.capabilities [None req-1cf5ab98-f4c6-4ae1-87f0-f091ac98d469 tempest-VolumesAdminNegativeTest-1371717261 tempest-VolumesAdminNegativeTest-1371717261-project] Store glance_store._drivers.swift.store.SingleTenantStore doesn't support updating dynamic storage capabilities. Please overwrite 'update_capabilities' method of the store to implement updating logics if needed. {{(pid=123438) update_capabilities /usr/local/lib/python3.8/dist-packages/glance_store/capabilities.py:91}}
May 11 01:27:28 ubuntu devstack@g-api.service[123438]: DEBUG glance_store.driver [None req-1cf5ab98-f4c6-4ae1-87f0-f091ac98d469 tempest-VolumesAdminNegativeTest-1371717261 tempest-VolumesAdminNegativeTest-1371717261-project] Late loading location class glance_store._drivers.swift.store.StoreLocation {{(pid=123438) get_store_location_class /usr/local/lib/python3.8/dist-packages/glance_store/driver.py:117}}
May 11 01:27:28 ubuntu devstack@g-api.service[123438]: DEBUG glance_store.location [None req-1cf5ab98-f4c6-4ae1-87f0-f091ac98d469 tempest-VolumesAdminNegativeTest-1371717261 tempest-VolumesAdminNegativeTest-1371717261-project] Registering scheme swift+https with {'store': <glance_store._drivers.swift.store.SingleTenantStore object at 0x7f6e16a0e0d0>, 'location_class': <class 'glance_store._drivers.swift.store.StoreLocation'>, 'store_entry': 'swift'} {{(pid=123438) register_scheme_map /usr/local/lib/python3.8/dist-packages/glance_store/location.py:146}}
May 11 01:27:28 ubuntu devstack@g-api.service[123438]: DEBUG glance_store.location [None req-1cf5ab98-f4c6-4ae1-87f0-f091ac98d469 tempest-VolumesAdminNegativeTest-1371717261 tempest-VolumesAdminNegativeTest-1371717261-project] Registering scheme swift+https with {'store': <glance_store._drivers.swift.store.SingleTenantStore object at 0x7f6e16a0e0d0>, 'location_class': <class 'glance_store._drivers.swift.store.StoreLocation'>, 'store_entry': 'swift'} {{(pid=123438) register_scheme_map /usr/local/lib/python3.8/dist-packages/glance_store/location.py:146}}
May 11 01:27:28 ubuntu devstack@g-api.service[123438]: DEBUG glance_store.location [None req-1cf5ab98-f4c6-4ae1-87f0-f091ac98d469 tempest-VolumesAdminNegativeTest-1371717261 tempest-VolumesAdminNegativeTest-1371717261-project] Registering scheme swift with {'store': <glance_store._drivers.swift.store.SingleTenantStore object at 0x7f6e16a0e0d0>, 'location_class': <class 'glance_store._drivers.swift.store.StoreLocation'>, 'store_entry': 'swift'} {{(pid=123438) register_scheme_map /usr/local/lib/python3.8/dist-packages/glance_store/location.py:146}}
May 11 01:27:28 ubuntu devstack@g-api.service[123438]: DEBUG glance_store.location [None req-1cf5ab98-f4c6-4ae1-87f0-f091ac98d469 tempest-VolumesAdminNegativeTest-1371717261 tempest-VolumesAdminNegativeTest-1371717261-project] Registering scheme swift+https with {'store': <glance_store._drivers.swift.store.SingleTenantStore object at 0x7f6e16a0e0d0>, 'location_class': <class 'glance_store._drivers.swift.store.StoreLocation'>, 'store_entry': 'swift'} {{(pid=123438) register_scheme_map /usr/local/lib/python3.8/dist-packages/glance_store/location.py:146}}
May 11 01:27:28 ubuntu devstack@g-api.service[123438]: DEBUG glance_store.location [None req-1cf5ab98-f4c6-4ae1-87f0-f091ac98d469 tempest-VolumesAdminNegativeTest-1371717261 tempest-VolumesAdminNegativeTest-1371717261-project] Registering scheme swift with {'store': <glance_store._drivers.swift.store.SingleTenantStore object at 0x7f6e16a0e0d0>, 'location_class': <class 'glance_store._drivers.swift.store.StoreLocation'>, 'store_entry': 'swift'} {{(pid=123438) register_scheme_map /usr/local/lib/python3.8/dist-packages/glance_store/location.py:146}}
May 11 01:27:28 ubuntu devstack@g-api.service[123438]: DEBUG glance_store.location [None req-1cf5ab98-f4c6-4ae1-87f0-f091ac98d469 tempest-VolumesAdminNegativeTest-1371717261 tempest-VolumesAdminNegativeTest-1371717261-project] Registering scheme swift+http with {'store': <glance_store._drivers.swift.store.SingleTenantStore object at 0x7f6e16a0e0d0>, 'location_class': <class 'glance_store._drivers.swift.store.StoreLocation'>, 'store_entry': 'swift'} {{(pid=123438) register_scheme_map /usr/local/lib/python3.8/dist-packages/glance_store/location.py:146}}
May 11 01:27:28 ubuntu devstack@g-api.service[123438]: DEBUG glance_store.location [None req-1cf5ab98-f4c6-4ae1-87f0-f091ac98d469 tempest-VolumesAdminNegativeTest-1371717261 tempest-VolumesAdminNegativeTest-1371717261-project] Registering scheme swift+https with {'store': <glance_store._drivers.swift.store.SingleTenantStore object at 0x7f6e16a0e0d0>, 'location_class': <class 'glance_store._drivers.swift.store.StoreLocation'>, 'store_entry': 'swift'} {{(pid=123438) register_scheme_map /usr/local/lib/python3.8/dist-packages/glance_store/location.py:146}}
May 11 01:27:28 ubuntu devstack@g-api.service[123438]: DEBUG glance_store.location [None req-1cf5ab98-f4c6-4ae1-87f0-f091ac98d469 tempest-VolumesAdminNegativeTest-1371717261 tempest-VolumesAdminNegativeTest-1371717261-project] Registering scheme swift with {'store': <glance_store._drivers.swift.store.SingleTenantStore object at 0x7f6e16a0e0d0>, 'location_class': <class 'glance_store._drivers.swift.store.StoreLocation'>, 'store_entry': 'swift'} {{(pid=123438) register_scheme_map /usr/local/lib/python3.8/dist-packages/glance_store/location.py:146}}
May 11 01:27:28 ubuntu devstack@g-api.service[123438]: DEBUG glance_store.location [None req-1cf5ab98-f4c6-4ae1-87f0-f091ac98d469 tempest-VolumesAdminNegativeTest-1371717261 tempest-VolumesAdminNegativeTest-1371717261-project] Registering scheme swift+http with {'store': <glance_store._drivers.swift.store.SingleTenantStore object at 0x7f6e16a0e0d0>, 'location_class': <class 'glance_store._drivers.swift.store.StoreLocation'>, 'store_entry': 'swift'} {{(pid=123438) register_scheme_map /usr/local/lib/python3.8/dist-packages/glance_store/location.py:146}}
May 11 01:27:28 ubuntu devstack@g-api.service[123438]: DEBUG glance_store.location [None req-1cf5ab98-f4c6-4ae1-87f0-f091ac98d469 tempest-VolumesAdminNegativeTest-1371717261 tempest-VolumesAdminNegativeTest-1371717261-project] Registering scheme swift+config with {'store': <glance_store._drivers.swift.store.SingleTenantStore object at 0x7f6e16a0e0d0>, 'location_class': <class 'glance_store._drivers.swift.store.StoreLocation'>, 'store_entry': 'swift'} {{(pid=123438) register_scheme_map /usr/local/lib/python3.8/dist-packages/glance_store/location.py:146}}
May 11 01:27:28 ubuntu devstack@g-api.service[123438]: DEBUG swiftclient [None req-1cf5ab98-f4c6-4ae1-87f0-f091ac98d469 tempest-VolumesAdminNegativeTest-1371717261 tempest-VolumesAdminNegativeTest-1371717261-project] REQ: curl -i http://192.168.79.40:8080/v1/AUTH_9ac58d5218aa472ca69c8cd227ff9b8e/glance/fdda0aba-50c0-44f5-b267-2fdf62019301 -X GET -H "X-Auth-Token: gAAAAABiexEARkoZ..." {{(pid=123438) http_log /usr/local/lib/python3.8/dist-packages/swiftclient/client.py:187}}
May 11 01:27:28 ubuntu devstack@g-api.service[123438]: DEBUG swiftclient [None req-1cf5ab98-f4c6-4ae1-87f0-f091ac98d469 tempest-VolumesAdminNegativeTest-1371717261 tempest-VolumesAdminNegativeTest-1371717261-project] RESP STATUS: 200 OK {{(pid=123438) http_log /usr/local/lib/python3.8/dist-packages/swiftclient/client.py:188}}
May 11 01:27:28 ubuntu devstack@g-api.service[123438]: DEBUG swiftclient [None req-1cf5ab98-f4c6-4ae1-87f0-f091ac98d469 tempest-VolumesAdminNegativeTest-1371717261 tempest-VolumesAdminNegativeTest-1371717261-project] RESP HEADERS: {'Content-Type': 'application/octet-stream', 'Etag': '1d3062cd89af34e419f7100277f38b2b', 'Last-Modified': 'Wed, 11 May 2022 01:22:13 GMT', 'X-Timestamp': '1652232132.86196', 'Accept-Ranges': 'bytes', 'Content-Length': '16338944', 'X-Trans-Id': 'tx125d41bcec104b69b565e-00627b1100', 'X-Openstack-Request-Id': 'tx125d41bcec104b69b565e-00627b1100', 'Date': 'Wed, 11 May 2022 01:27:28 GMT'} {{(pid=123438) http_log /usr/local/lib/python3.8/dist-packages/swiftclient/client.py:189}}
May 11 01:27:28 ubuntu devstack@g-api.service[123438]: DEBUG glance.image_cache [None req-1cf5ab98-f4c6-4ae1-87f0-f091ac98d469 tempest-VolumesAdminNegativeTest-1371717261 tempest-VolumesAdminNegativeTest-1371717261-project] Tee'ing image 'fdda0aba-50c0-44f5-b267-2fdf62019301' into cache {{(pid=123438) get_caching_iter /opt/stack/glance/glance/image_cache/__init__.py:343}}
May 11 01:27:28 ubuntu devstack@g-api.service[123438]: DEBUG glance.image_cache.drivers.sqlite [None req-1cf5ab98-f4c6-4ae1-87f0-f091ac98d469 tempest-VolumesAdminNegativeTest-1371717261 tempest-VolumesAdminNegativeTest-1371717261-project] Fetch finished, moving '/opt/stack/data/glance/cache/incomplete/fdda0aba-50c0-44f5-b267-2fdf62019301' to '/opt/stack/data/glance/cache/fdda0aba-50c0-44f5-b267-2fdf62019301' {{(pid=123438) commit /opt/stack/glance/glance/image_cache/drivers/sqlite.py:324}}
May 11 01:27:28 ubuntu devstack@g-api.service[123438]: [pid: 123438|app: 0|req: 12/22] 127.0.0.1 () {42 vars in 1059 bytes} [Wed May 11 01:27:28 2022] GET /v2/images/fdda0aba-50c0-44f5-b267-2fdf62019301/file => generated 16338944 bytes in 393 msecs (HTTP/1.1 200) 4 headers in 191 bytes (250 switches on core 0)
May 11 01:27:50 ubuntu devstack@g-api.service[123437]: DEBUG glance.api.middleware.version_negotiation [None req-1cf5ab98-f4c6-4ae1-87f0-f091ac98d469 tempest-VolumesAdminNegativeTest-1371717261 tempest-VolumesAdminNegativeTest-1371717261-project] Determining version of request: GET / Accept: application/json {{(pid=123437) process_request /opt/stack/glance/glance/api/middleware/version_negotiation.py:44}}
May 11 01:27:50 ubuntu devstack@g-api.service[123437]: DEBUG glance.api.middleware.version_negotiation [None req-1cf5ab98-f4c6-4ae1-87f0-f091ac98d469 tempest-VolumesAdminNegativeTest-1371717261 tempest-VolumesAdminNegativeTest-1371717261-project] Using url versioning {{(pid=123437) process_request /opt/stack/glance/glance/api/middleware/version_negotiation.py:57}}
May 11 01:27:50 ubuntu devstack@g-api.service[123437]: DEBUG glance.api.middleware.version_negotiation [None req-1cf5ab98-f4c6-4ae1-87f0-f091ac98d469 tempest-VolumesAdminNegativeTest-1371717261 tempest-VolumesAdminNegativeTest-1371717261-project] Unknown version. Returning version choices. {{(pid=123437) process_request /opt/stack/glance/glance/api/middleware/version_negotiation.py:64}}
May 11 01:27:50 ubuntu devstack@g-api.service[123437]: [pid: 123437|app: 0|req: 11/23] 127.0.0.1 () {34 vars in 492 bytes} [Wed May 11 01:27:50 2022] GET / => generated 1213 bytes in 5 msecs (HTTP/1.1 300) 3 headers in 106 bytes (1 switches on core 0)
May 11 01:27:50 ubuntu devstack@g-api.service[123438]: DEBUG glance.api.middleware.version_negotiation [None req-1cf5ab98-f4c6-4ae1-87f0-f091ac98d469 tempest-VolumesAdminNegativeTest-1371717261 tempest-VolumesAdminNegativeTest-1371717261-project] Determining version of request: GET /v2/images/fdda0aba-50c0-44f5-b267-2fdf62019301 Accept: */* {{(pid=123438) process_request /opt/stack/glance/glance/api/middleware/version_negotiation.py:44}}
May 11 01:27:50 ubuntu devstack@g-api.service[123438]: DEBUG glance.api.middleware.version_negotiation [None req-1cf5ab98-f4c6-4ae1-87f0-f091ac98d469 tempest-VolumesAdminNegativeTest-1371717261 tempest-VolumesAdminNegativeTest-1371717261-project] Using url versioning {{(pid=123438) process_request /opt/stack/glance/glance/api/middleware/version_negotiation.py:57}}
May 11 01:27:50 ubuntu devstack@g-api.service[123438]: DEBUG glance.api.middleware.version_negotiation [None req-1cf5ab98-f4c6-4ae1-87f0-f091ac98d469 tempest-VolumesAdminNegativeTest-1371717261 tempest-VolumesAdminNegativeTest-1371717261-project] Matched version: v2 {{(pid=123438) process_request /opt/stack/glance/glance/api/middleware/version_negotiation.py:69}}
May 11 01:27:50 ubuntu devstack@g-api.service[123438]: DEBUG glance.api.middleware.version_negotiation [None req-1cf5ab98-f4c6-4ae1-87f0-f091ac98d469 tempest-VolumesAdminNegativeTest-1371717261 tempest-VolumesAdminNegativeTest-1371717261-project] new path /v2/images/fdda0aba-50c0-44f5-b267-2fdf62019301 {{(pid=123438) process_request /opt/stack/glance/glance/api/middleware/version_negotiation.py:70}}
May 11 01:27:50 ubuntu devstack@g-api.service[123438]: [pid: 123438|app: 0|req: 13/24] 127.0.0.1 () {42 vars in 1049 bytes} [Wed May 11 01:27:50 2022] GET /v2/images/fdda0aba-50c0-44f5-b267-2fdf62019301 => generated 976 bytes in 20 msecs (HTTP/1.1 200) 4 headers in 157 bytes (1 switches on core 0)
May 11 01:27:50 ubuntu devstack@g-api.service[123437]: DEBUG glance.api.middleware.version_negotiation [None req-1cf5ab98-f4c6-4ae1-87f0-f091ac98d469 tempest-VolumesAdminNegativeTest-1371717261 tempest-VolumesAdminNegativeTest-1371717261-project] Determining version of request: GET /v2/schemas/image Accept: */* {{(pid=123437) process_request /opt/stack/glance/glance/api/middleware/version_negotiation.py:44}}
May 11 01:27:50 ubuntu devstack@g-api.service[123437]: DEBUG glance.api.middleware.version_negotiation [None req-1cf5ab98-f4c6-4ae1-87f0-f091ac98d469 tempest-VolumesAdminNegativeTest-1371717261 tempest-VolumesAdminNegativeTest-1371717261-project] Using url versioning {{(pid=123437) process_request /opt/stack/glance/glance/api/middleware/version_negotiation.py:57}}
May 11 01:27:50 ubuntu devstack@g-api.service[123437]: DEBUG glance.api.middleware.version_negotiation [None req-1cf5ab98-f4c6-4ae1-87f0-f091ac98d469 tempest-VolumesAdminNegativeTest-1371717261 tempest-VolumesAdminNegativeTest-1371717261-project] Matched version: v2 {{(pid=123437) process_request /opt/stack/glance/glance/api/middleware/version_negotiation.py:69}}
May 11 01:27:50 ubuntu devstack@g-api.service[123437]: DEBUG glance.api.middleware.version_negotiation [None req-1cf5ab98-f4c6-4ae1-87f0-f091ac98d469 tempest-VolumesAdminNegativeTest-1371717261 tempest-VolumesAdminNegativeTest-1371717261-project] new path /v2/schemas/image {{(pid=123437) process_request /opt/stack/glance/glance/api/middleware/version_negotiation.py:70}}
May 11 01:27:50 ubuntu devstack@g-api.service[123437]: [pid: 123437|app: 0|req: 12/25] 127.0.0.1 () {42 vars in 989 bytes} [Wed May 11 01:27:50 2022] GET /v2/schemas/image => generated 6083 bytes in 6 msecs (HTTP/1.1 200) 4 headers in 158 bytes (1 switches on core 0)
May 11 01:28:06 ubuntu devstack@g-api.service[123438]: DEBUG glance.api.middleware.version_negotiation [None req-a015afcb-99f8-492e-96f4-83709d411573 tempest-DeleteServersTestJSON-1590555142 tempest-DeleteServersTestJSON-1590555142-project] Determining version of request: GET /v2/images/fdda0aba-50c0-44f5-b267-2fdf62019301 Accept: */* {{(pid=123438) process_request /opt/stack/glance/glance/api/middleware/version_negotiation.py:44}}
May 11 01:28:06 ubuntu devstack@g-api.service[123438]: DEBUG glance.api.middleware.version_negotiation [None req-a015afcb-99f8-492e-96f4-83709d411573 tempest-DeleteServersTestJSON-1590555142 tempest-DeleteServersTestJSON-1590555142-project] Using url versioning {{(pid=123438) process_request /opt/stack/glance/glance/api/middleware/version_negotiation.py:57}}
May 11 01:28:06 ubuntu devstack@g-api.service[123438]: DEBUG glance.api.middleware.version_negotiation [None req-a015afcb-99f8-492e-96f4-83709d411573 tempest-DeleteServersTestJSON-1590555142 tempest-DeleteServersTestJSON-1590555142-project] Matched version: v2 {{(pid=123438) process_request /opt/stack/glance/glance/api/middleware/version_negotiation.py:69}}
May 11 01:28:06 ubuntu devstack@g-api.service[123438]: DEBUG glance.api.middleware.version_negotiation [None req-a015afcb-99f8-492e-96f4-83709d411573 tempest-DeleteServersTestJSON-1590555142 tempest-DeleteServersTestJSON-1590555142-project] new path /v2/images/fdda0aba-50c0-44f5-b267-2fdf62019301 {{(pid=123438) process_request /opt/stack/glance/glance/api/middleware/version_negotiation.py:70}}
May 11 01:28:06 ubuntu devstack@g-api.service[123438]: [pid: 123438|app: 0|req: 14/26] 127.0.0.1 () {42 vars in 1049 bytes} [Wed May 11 01:28:06 2022] GET /v2/images/fdda0aba-50c0-44f5-b267-2fdf62019301 => generated 976 bytes in 14 msecs (HTTP/1.1 200) 4 headers in 157 bytes (1 switches on core 0)
May 11 01:28:06 ubuntu devstack@g-api.service[123437]: DEBUG glance.api.middleware.version_negotiation [None req-a015afcb-99f8-492e-96f4-83709d411573 tempest-DeleteServersTestJSON-1590555142 tempest-DeleteServersTestJSON-1590555142-project] Determining version of request: GET /v2/schemas/image Accept: */* {{(pid=123437) process_request /opt/stack/glance/glance/api/middleware/version_negotiation.py:44}}
May 11 01:28:06 ubuntu devstack@g-api.service[123437]: DEBUG glance.api.middleware.version_negotiation [None req-a015afcb-99f8-492e-96f4-83709d411573 tempest-DeleteServersTestJSON-1590555142 tempest-DeleteServersTestJSON-1590555142-project] Using url versioning {{(pid=123437) process_request /opt/stack/glance/glance/api/middleware/version_negotiation.py:57}}
