Jun 30 10:38:24 ubuntu devstack@g-api.service[133335]: DEBUG glance_store.backend [None req-f3a9ccd3-e941-4e88-888b-6d3ec4571b3a admin admin] Attempting to import store swift {{(pid=133335) _load_store /usr/local/lib/python3.8/dist-packages/glance_store/backend.py:217}}
Jun 30 10:38:24 ubuntu devstack@g-api.service[133335]: DEBUG glance_store.capabilities [None req-f3a9ccd3-e941-4e88-888b-6d3ec4571b3a admin admin] Store glance_store._drivers.swift.store.SingleTenantStore doesn't support updating dynamic storage capabilities. Please overwrite 'update_capabilities' method of the store to implement updating logics if needed. {{(pid=133335) update_capabilities /usr/local/lib/python3.8/dist-packages/glance_store/capabilities.py:91}}
Jun 30 10:38:24 ubuntu devstack@g-api.service[133335]: DEBUG glance_store.driver [None req-f3a9ccd3-e941-4e88-888b-6d3ec4571b3a admin admin] Late loading location class glance_store._drivers.swift.store.StoreLocation {{(pid=133335) get_store_location_class /usr/local/lib/python3.8/dist-packages/glance_store/driver.py:117}}
Jun 30 10:38:24 ubuntu devstack@g-api.service[133335]: DEBUG glance_store.location [None req-f3a9ccd3-e941-4e88-888b-6d3ec4571b3a admin admin] Registering scheme swift+https with {'store': <glance_store._drivers.swift.store.SingleTenantStore object at 0x7f2b88f44e50>, 'location_class': <class 'glance_store._drivers.swift.store.StoreLocation'>, 'store_entry': 'swift'} {{(pid=133335) register_scheme_map /usr/local/lib/python3.8/dist-packages/glance_store/location.py:146}}
Jun 30 10:38:24 ubuntu devstack@g-api.service[133335]: DEBUG glance_store.location [None req-f3a9ccd3-e941-4e88-888b-6d3ec4571b3a admin admin] Registering scheme swift+https with {'store': <glance_store._drivers.swift.store.SingleTenantStore object at 0x7f2b88f44e50>, 'location_class': <class 'glance_store._drivers.swift.store.StoreLocation'>, 'store_entry': 'swift'} {{(pid=133335) register_scheme_map /usr/local/lib/python3.8/dist-packages/glance_store/location.py:146}}
Jun 30 10:38:24 ubuntu devstack@g-api.service[133335]: DEBUG glance_store.location [None req-f3a9ccd3-e941-4e88-888b-6d3ec4571b3a admin admin] Registering scheme swift with {'store': <glance_store._drivers.swift.store.SingleTenantStore object at 0x7f2b88f44e50>, 'location_class': <class 'glance_store._drivers.swift.store.StoreLocation'>, 'store_entry': 'swift'} {{(pid=133335) register_scheme_map /usr/local/lib/python3.8/dist-packages/glance_store/location.py:146}}
Jun 30 10:38:24 ubuntu devstack@g-api.service[133335]: DEBUG glance_store.location [None req-f3a9ccd3-e941-4e88-888b-6d3ec4571b3a admin admin] Registering scheme swift+https with {'store': <glance_store._drivers.swift.store.SingleTenantStore object at 0x7f2b88f44e50>, 'location_class': <class 'glance_store._drivers.swift.store.StoreLocation'>, 'store_entry': 'swift'} {{(pid=133335) register_scheme_map /usr/local/lib/python3.8/dist-packages/glance_store/location.py:146}}
Jun 30 10:38:24 ubuntu devstack@g-api.service[133335]: DEBUG glance_store.location [None req-f3a9ccd3-e941-4e88-888b-6d3ec4571b3a admin admin] Registering scheme swift with {'store': <glance_store._drivers.swift.store.SingleTenantStore object at 0x7f2b88f44e50>, 'location_class': <class 'glance_store._drivers.swift.store.StoreLocation'>, 'store_entry': 'swift'} {{(pid=133335) register_scheme_map /usr/local/lib/python3.8/dist-packages/glance_store/location.py:146}}
Jun 30 10:38:24 ubuntu devstack@g-api.service[133335]: DEBUG glance_store.location [None req-f3a9ccd3-e941-4e88-888b-6d3ec4571b3a admin admin] Registering scheme swift+http with {'store': <glance_store._drivers.swift.store.SingleTenantStore object at 0x7f2b88f44e50>, 'location_class': <class 'glance_store._drivers.swift.store.StoreLocation'>, 'store_entry': 'swift'} {{(pid=133335) register_scheme_map /usr/local/lib/python3.8/dist-packages/glance_store/location.py:146}}
Jun 30 10:38:24 ubuntu devstack@g-api.service[133335]: DEBUG glance_store.location [None req-f3a9ccd3-e941-4e88-888b-6d3ec4571b3a admin admin] Registering scheme swift+https with {'store': <glance_store._drivers.swift.store.SingleTenantStore object at 0x7f2b88f44e50>, 'location_class': <class 'glance_store._drivers.swift.store.StoreLocation'>, 'store_entry': 'swift'} {{(pid=133335) register_scheme_map /usr/local/lib/python3.8/dist-packages/glance_store/location.py:146}}
Jun 30 10:38:24 ubuntu devstack@g-api.service[133335]: DEBUG glance_store.location [None req-f3a9ccd3-e941-4e88-888b-6d3ec4571b3a admin admin] Registering scheme swift with {'store': <glance_store._drivers.swift.store.SingleTenantStore object at 0x7f2b88f44e50>, 'location_class': <class 'glance_store._drivers.swift.store.StoreLocation'>, 'store_entry': 'swift'} {{(pid=133335) register_scheme_map /usr/local/lib/python3.8/dist-packages/glance_store/location.py:146}}
Jun 30 10:38:24 ubuntu devstack@g-api.service[133335]: DEBUG glance_store.location [None req-f3a9ccd3-e941-4e88-888b-6d3ec4571b3a admin admin] Registering scheme swift+http with {'store': <glance_store._drivers.swift.store.SingleTenantStore object at 0x7f2b88f44e50>, 'location_class': <class 'glance_store._drivers.swift.store.StoreLocation'>, 'store_entry': 'swift'} {{(pid=133335) register_scheme_map /usr/local/lib/python3.8/dist-packages/glance_store/location.py:146}}
Jun 30 10:38:24 ubuntu devstack@g-api.service[133335]: DEBUG glance_store.location [None req-f3a9ccd3-e941-4e88-888b-6d3ec4571b3a admin admin] Registering scheme swift+config with {'store': <glance_store._drivers.swift.store.SingleTenantStore object at 0x7f2b88f44e50>, 'location_class': <class 'glance_store._drivers.swift.store.StoreLocation'>, 'store_entry': 'swift'} {{(pid=133335) register_scheme_map /usr/local/lib/python3.8/dist-packages/glance_store/location.py:146}}
Jun 30 10:38:24 ubuntu devstack@g-api.service[133335]: DEBUG glance_store.backend [None req-f3a9ccd3-e941-4e88-888b-6d3ec4571b3a admin admin] Skipping store.set_acls... not implemented. {{(pid=133335) set_acls /usr/local/lib/python3.8/dist-packages/glance_store/backend.py:509}}
Jun 30 10:38:24 ubuntu devstack@g-api.service[133335]: [pid: 133335|app: 0|req: 3/4] 127.0.0.1 () {40 vars in 862 bytes} [Thu Jun 30 10:38:22 2022] PUT /v2/images/54fce6c2-4271-4f29-9143-a5e484a6a917/file => generated 0 bytes in 2374 msecs (HTTP/1.1 204) 4 headers in 171 bytes (1 switches on core 0)
Jun 30 10:38:32 ubuntu devstack@g-api.service[133334]: DEBUG dbcounter [-] [133334] Writing DB stats glance:SELECT=9,glance:INSERT=5 {{(pid=133334) stat_writer /usr/local/lib/python3.8/dist-packages/dbcounter.py:114}}
Jun 30 10:38:34 ubuntu devstack@g-api.service[133335]: DEBUG dbcounter [-] [133335] Writing DB stats glance:SELECT=28,glance:UPDATE=2,glance:INSERT=1 {{(pid=133335) stat_writer /usr/local/lib/python3.8/dist-packages/dbcounter.py:114}}
Jun 30 10:39:04 ubuntu devstack@g-api.service[133334]: DEBUG glance.api.middleware.version_negotiation [None req-6a0b355e-8197-4ff8-a39f-ba39eec35e82 admin admin] Determining version of request: GET / Accept: application/json {{(pid=133334) process_request /opt/stack/glance/glance/api/middleware/version_negotiation.py:44}}
Jun 30 10:39:04 ubuntu devstack@g-api.service[133334]: DEBUG glance.api.middleware.version_negotiation [None req-6a0b355e-8197-4ff8-a39f-ba39eec35e82 admin admin] Using url versioning {{(pid=133334) process_request /opt/stack/glance/glance/api/middleware/version_negotiation.py:57}}
Jun 30 10:39:04 ubuntu devstack@g-api.service[133334]: DEBUG glance.api.middleware.version_negotiation [None req-6a0b355e-8197-4ff8-a39f-ba39eec35e82 admin admin] Unknown version. Returning version choices. {{(pid=133334) process_request /opt/stack/glance/glance/api/middleware/version_negotiation.py:64}}
Jun 30 10:39:04 ubuntu devstack@g-api.service[133334]: [pid: 133334|app: 0|req: 2/5] 127.0.0.1 () {34 vars in 506 bytes} [Thu Jun 30 10:39:04 2022] GET / => generated 1323 bytes in 4 msecs (HTTP/1.1 300) 3 headers in 106 bytes (1 switches on core 0)
Jun 30 10:39:04 ubuntu devstack@g-api.service[133335]: DEBUG glance.api.middleware.version_negotiation [None req-f3a9ccd3-e941-4e88-888b-6d3ec4571b3a admin admin] Determining version of request: GET /v2/images Accept: application/json {{(pid=133335) process_request /opt/stack/glance/glance/api/middleware/version_negotiation.py:44}}
Jun 30 10:39:04 ubuntu devstack@g-api.service[133335]: DEBUG glance.api.middleware.version_negotiation [None req-f3a9ccd3-e941-4e88-888b-6d3ec4571b3a admin admin] Using url versioning {{(pid=133335) process_request /opt/stack/glance/glance/api/middleware/version_negotiation.py:57}}
Jun 30 10:39:04 ubuntu devstack@g-api.service[133335]: DEBUG glance.api.middleware.version_negotiation [None req-f3a9ccd3-e941-4e88-888b-6d3ec4571b3a admin admin] Matched version: v2 {{(pid=133335) process_request /opt/stack/glance/glance/api/middleware/version_negotiation.py:69}}
Jun 30 10:39:04 ubuntu devstack@g-api.service[133335]: DEBUG glance.api.middleware.version_negotiation [None req-f3a9ccd3-e941-4e88-888b-6d3ec4571b3a admin admin] new path /v2/images {{(pid=133335) process_request /opt/stack/glance/glance/api/middleware/version_negotiation.py:70}}
Jun 30 10:39:04 ubuntu devstack@g-api.service[133335]: [pid: 133335|app: 0|req: 4/6] 127.0.0.1 () {36 vars in 728 bytes} [Thu Jun 30 10:39:04 2022] GET /v2/images => generated 1045 bytes in 95 msecs (HTTP/1.1 200) 4 headers in 158 bytes (1 switches on core 0)
Jun 30 10:39:09 ubuntu devstack@g-api.service[133334]: DEBUG glance.api.middleware.version_negotiation [None req-6a0b355e-8197-4ff8-a39f-ba39eec35e82 admin admin] Determining version of request: GET / Accept: application/json {{(pid=133334) process_request /opt/stack/glance/glance/api/middleware/version_negotiation.py:44}}
Jun 30 10:39:09 ubuntu devstack@g-api.service[133334]: DEBUG glance.api.middleware.version_negotiation [None req-6a0b355e-8197-4ff8-a39f-ba39eec35e82 admin admin] Using url versioning {{(pid=133334) process_request /opt/stack/glance/glance/api/middleware/version_negotiation.py:57}}
Jun 30 10:39:09 ubuntu devstack@g-api.service[133334]: DEBUG glance.api.middleware.version_negotiation [None req-6a0b355e-8197-4ff8-a39f-ba39eec35e82 admin admin] Unknown version. Returning version choices. {{(pid=133334) process_request /opt/stack/glance/glance/api/middleware/version_negotiation.py:64}}
Jun 30 10:39:09 ubuntu devstack@g-api.service[133334]: [pid: 133334|app: 0|req: 3/7] 127.0.0.1 () {34 vars in 506 bytes} [Thu Jun 30 10:39:09 2022] GET / => generated 1323 bytes in 4 msecs (HTTP/1.1 300) 3 headers in 106 bytes (1 switches on core 0)
Jun 30 10:39:09 ubuntu devstack@g-api.service[133335]: DEBUG glance.api.middleware.version_negotiation [None req-2b157ce6-87be-4d51-a68b-ec7676dda655 admin admin] Determining version of request: GET /v2/images/54fce6c2-4271-4f29-9143-a5e484a6a917 Accept: */* {{(pid=133335) process_request /opt/stack/glance/glance/api/middleware/version_negotiation.py:44}}
Jun 30 10:39:09 ubuntu devstack@g-api.service[133335]: DEBUG glance.api.middleware.version_negotiation [None req-2b157ce6-87be-4d51-a68b-ec7676dda655 admin admin] Using url versioning {{(pid=133335) process_request /opt/stack/glance/glance/api/middleware/version_negotiation.py:57}}
Jun 30 10:39:09 ubuntu devstack@g-api.service[133335]: DEBUG glance.api.middleware.version_negotiation [None req-2b157ce6-87be-4d51-a68b-ec7676dda655 admin admin] Matched version: v2 {{(pid=133335) process_request /opt/stack/glance/glance/api/middleware/version_negotiation.py:69}}
Jun 30 10:39:09 ubuntu devstack@g-api.service[133335]: DEBUG glance.api.middleware.version_negotiation [None req-2b157ce6-87be-4d51-a68b-ec7676dda655 admin admin] new path /v2/images/54fce6c2-4271-4f29-9143-a5e484a6a917 {{(pid=133335) process_request /opt/stack/glance/glance/api/middleware/version_negotiation.py:70}}
Jun 30 10:39:09 ubuntu devstack@g-api.service[133335]: [pid: 133335|app: 0|req: 5/8] 127.0.0.1 () {36 vars in 789 bytes} [Thu Jun 30 10:39:09 2022] GET /v2/images/54fce6c2-4271-4f29-9143-a5e484a6a917 => generated 976 bytes in 43 msecs (HTTP/1.1 200) 4 headers in 157 bytes (1 switches on core 0)
Jun 30 10:39:12 ubuntu devstack@g-api.service[133334]: DEBUG glance.api.middleware.version_negotiation [None req-6a0b355e-8197-4ff8-a39f-ba39eec35e82 admin admin] Determining version of request: GET / Accept: application/json {{(pid=133334) process_request /opt/stack/glance/glance/api/middleware/version_negotiation.py:44}}
Jun 30 10:39:12 ubuntu devstack@g-api.service[133334]: DEBUG glance.api.middleware.version_negotiation [None req-6a0b355e-8197-4ff8-a39f-ba39eec35e82 admin admin] Using url versioning {{(pid=133334) process_request /opt/stack/glance/glance/api/middleware/version_negotiation.py:57}}
Jun 30 10:39:12 ubuntu devstack@g-api.service[133334]: DEBUG glance.api.middleware.version_negotiation [None req-6a0b355e-8197-4ff8-a39f-ba39eec35e82 admin admin] Unknown version. Returning version choices. {{(pid=133334) process_request /opt/stack/glance/glance/api/middleware/version_negotiation.py:64}}
Jun 30 10:39:12 ubuntu devstack@g-api.service[133334]: [pid: 133334|app: 0|req: 4/9] 127.0.0.1 () {34 vars in 506 bytes} [Thu Jun 30 10:39:12 2022] GET / => generated 1323 bytes in 4 msecs (HTTP/1.1 300) 3 headers in 106 bytes (1 switches on core 0)
Jun 30 10:39:12 ubuntu devstack@g-api.service[133335]: DEBUG glance.api.middleware.version_negotiation [None req-64d1d972-fc2c-44da-8044-eea8a01d6a80 admin admin] Determining version of request: GET /v2/images/54fce6c2-4271-4f29-9143-a5e484a6a917 Accept: */* {{(pid=133335) process_request /opt/stack/glance/glance/api/middleware/version_negotiation.py:44}}
Jun 30 10:39:12 ubuntu devstack@g-api.service[133335]: DEBUG glance.api.middleware.version_negotiation [None req-64d1d972-fc2c-44da-8044-eea8a01d6a80 admin admin] Using url versioning {{(pid=133335) process_request /opt/stack/glance/glance/api/middleware/version_negotiation.py:57}}
Jun 30 10:39:12 ubuntu devstack@g-api.service[133335]: DEBUG glance.api.middleware.version_negotiation [None req-64d1d972-fc2c-44da-8044-eea8a01d6a80 admin admin] Matched version: v2 {{(pid=133335) process_request /opt/stack/glance/glance/api/middleware/version_negotiation.py:69}}
Jun 30 10:39:12 ubuntu devstack@g-api.service[133335]: DEBUG glance.api.middleware.version_negotiation [None req-64d1d972-fc2c-44da-8044-eea8a01d6a80 admin admin] new path /v2/images/54fce6c2-4271-4f29-9143-a5e484a6a917 {{(pid=133335) process_request /opt/stack/glance/glance/api/middleware/version_negotiation.py:70}}
Jun 30 10:39:13 ubuntu devstack@g-api.service[133335]: [pid: 133335|app: 0|req: 6/10] 127.0.0.1 () {36 vars in 789 bytes} [Thu Jun 30 10:39:12 2022] GET /v2/images/54fce6c2-4271-4f29-9143-a5e484a6a917 => generated 976 bytes in 60 msecs (HTTP/1.1 200) 4 headers in 157 bytes (1 switches on core 0)
Jun 30 10:39:23 ubuntu devstack@g-api.service[133335]: DEBUG dbcounter [-] [133335] Writing DB stats glance:SELECT=10 {{(pid=133335) stat_writer /usr/local/lib/python3.8/dist-packages/dbcounter.py:114}}
Jun 30 10:41:18 ubuntu devstack@g-api.service[133334]: DEBUG glance.api.middleware.version_negotiation [None req-6a0b355e-8197-4ff8-a39f-ba39eec35e82 admin admin] Determining version of request: GET /v1 Accept: application/json {{(pid=133334) process_request /opt/stack/glance/glance/api/middleware/version_negotiation.py:44}}
Jun 30 10:41:18 ubuntu devstack@g-api.service[133334]: DEBUG glance.api.middleware.version_negotiation [None req-6a0b355e-8197-4ff8-a39f-ba39eec35e82 admin admin] Using url versioning {{(pid=133334) process_request /opt/stack/glance/glance/api/middleware/version_negotiation.py:57}}
Jun 30 10:41:18 ubuntu devstack@g-api.service[133334]: DEBUG glance.api.middleware.version_negotiation [None req-6a0b355e-8197-4ff8-a39f-ba39eec35e82 admin admin] Unknown version. Returning version choices. {{(pid=133334) process_request /opt/stack/glance/glance/api/middleware/version_negotiation.py:64}}
Jun 30 10:41:18 ubuntu devstack@g-api.service[133334]: [pid: 133334|app: 0|req: 5/11] 127.0.0.1 () {38 vars in 685 bytes} [Thu Jun 30 10:41:18 2022] GET /v1 => generated 1323 bytes in 5 msecs (HTTP/1.1 300) 3 headers in 106 bytes (1 switches on core 0)
Jun 30 10:43:06 ubuntu devstack@g-api.service[133335]: DEBUG oslo_concurrency.lockutils [-] Acquired lock "glance-cache" {{(pid=133335) lock /usr/local/lib/python3.8/dist-packages/oslo_concurrency/lockutils.py:294}}
Jun 30 10:43:06 ubuntu devstack@g-api.service[133335]: DEBUG oslo_concurrency.lockutils [-] Acquired external semaphore "glance-cache" {{(pid=133335) lock /usr/local/lib/python3.8/dist-packages/oslo_concurrency/lockutils.py:302}}
Jun 30 10:43:06 ubuntu devstack@g-api.service[133335]: DEBUG glance.image_cache.prefetcher [-] Nothing to prefetch. {{(pid=133335) run /opt/stack/glance/glance/image_cache/prefetcher.py:79}}
Jun 30 10:43:06 ubuntu devstack@g-api.service[133335]: DEBUG oslo_concurrency.lockutils [-] Releasing lock "glance-cache" {{(pid=133335) lock /usr/local/lib/python3.8/dist-packages/oslo_concurrency/lockutils.py:312}}
Jun 30 10:43:06 ubuntu devstack@g-api.service[133334]: DEBUG oslo_concurrency.lockutils [-] Acquired lock "glance-cache" {{(pid=133334) lock /usr/local/lib/python3.8/dist-packages/oslo_concurrency/lockutils.py:294}}
Jun 30 10:43:06 ubuntu devstack@g-api.service[133334]: DEBUG oslo_concurrency.lockutils [-] Acquired external semaphore "glance-cache" {{(pid=133334) lock /usr/local/lib/python3.8/dist-packages/oslo_concurrency/lockutils.py:302}}
Jun 30 10:43:06 ubuntu devstack@g-api.service[133334]: DEBUG glance.image_cache.prefetcher [-] Nothing to prefetch. {{(pid=133334) run /opt/stack/glance/glance/image_cache/prefetcher.py:79}}
Jun 30 10:43:06 ubuntu devstack@g-api.service[133334]: DEBUG oslo_concurrency.lockutils [-] Releasing lock "glance-cache" {{(pid=133334) lock /usr/local/lib/python3.8/dist-packages/oslo_concurrency/lockutils.py:312}}
Jun 30 10:43:29 ubuntu devstack@g-api.service[133335]: DEBUG glance.api.middleware.version_negotiation [None req-067dee0e-18f9-49f5-a5ef-702ce82cabd8 admin admin] Determining version of request: GET /versions Accept: */* {{(pid=133335) process_request /opt/stack/glance/glance/api/middleware/version_negotiation.py:44}}
Jun 30 10:43:29 ubuntu devstack@g-api.service[133335]: [pid: 133335|app: 0|req: 7/12] 127.0.0.1 () {38 vars in 695 bytes} [Thu Jun 30 10:43:29 2022] GET /versions => generated 1323 bytes in 5 msecs (HTTP/1.1 200) 3 headers in 92 bytes (1 switches on core 0)
Jun 30 10:43:29 ubuntu devstack@g-api.service[133334]: DEBUG glance.api.middleware.version_negotiation [None req-6a0b355e-8197-4ff8-a39f-ba39eec35e82 admin admin] Determining version of request: GET /v2/schemas/image Accept: */* {{(pid=133334) process_request /opt/stack/glance/glance/api/middleware/version_negotiation.py:44}}
Jun 30 10:43:29 ubuntu devstack@g-api.service[133334]: DEBUG glance.api.middleware.version_negotiation [None req-6a0b355e-8197-4ff8-a39f-ba39eec35e82 admin admin] Using url versioning {{(pid=133334) process_request /opt/stack/glance/glance/api/middleware/version_negotiation.py:57}}
Jun 30 10:43:29 ubuntu devstack@g-api.service[133334]: DEBUG glance.api.middleware.version_negotiation [None req-6a0b355e-8197-4ff8-a39f-ba39eec35e82 admin admin] Matched version: v2 {{(pid=133334) process_request /opt/stack/glance/glance/api/middleware/version_negotiation.py:69}}
Jun 30 10:43:29 ubuntu devstack@g-api.service[133334]: DEBUG glance.api.middleware.version_negotiation [None req-6a0b355e-8197-4ff8-a39f-ba39eec35e82 admin admin] new path /v2/schemas/image {{(pid=133334) process_request /opt/stack/glance/glance/api/middleware/version_negotiation.py:70}}
Jun 30 10:43:29 ubuntu devstack@g-api.service[133334]: [pid: 133334|app: 0|req: 6/13] 127.0.0.1 () {38 vars in 711 bytes} [Thu Jun 30 10:43:29 2022] GET /v2/schemas/image => generated 6083 bytes in 93 msecs (HTTP/1.1 200) 4 headers in 158 bytes (1 switches on core 0)
Jun 30 10:43:29 ubuntu devstack@g-api.service[133335]: DEBUG glance.api.middleware.version_negotiation [None req-067dee0e-18f9-49f5-a5ef-702ce82cabd8 admin admin] Determining version of request: GET /v2/schemas/metadefs/namespace Accept: */* {{(pid=133335) process_request /opt/stack/glance/glance/api/middleware/version_negotiation.py:44}}
Jun 30 10:43:29 ubuntu devstack@g-api.service[133335]: DEBUG glance.api.middleware.version_negotiation [None req-067dee0e-18f9-49f5-a5ef-702ce82cabd8 admin admin] Using url versioning {{(pid=133335) process_request /opt/stack/glance/glance/api/middleware/version_negotiation.py:57}}
Jun 30 10:43:29 ubuntu devstack@g-api.service[133335]: DEBUG glance.api.middleware.version_negotiation [None req-067dee0e-18f9-49f5-a5ef-702ce82cabd8 admin admin] Matched version: v2 {{(pid=133335) process_request /opt/stack/glance/glance/api/middleware/version_negotiation.py:69}}
Jun 30 10:43:29 ubuntu devstack@g-api.service[133335]: DEBUG glance.api.middleware.version_negotiation [None req-067dee0e-18f9-49f5-a5ef-702ce82cabd8 admin admin] new path /v2/schemas/metadefs/namespace {{(pid=133335) process_request /opt/stack/glance/glance/api/middleware/version_negotiation.py:70}}
Jun 30 10:43:29 ubuntu devstack@g-api.service[133335]: [pid: 133335|app: 0|req: 8/14] 127.0.0.1 () {38 vars in 737 bytes} [Thu Jun 30 10:43:29 2022] GET /v2/schemas/metadefs/namespace => generated 3100 bytes in 12 msecs (HTTP/1.1 200) 4 headers in 158 bytes (1 switches on core 0)
Jun 30 10:43:29 ubuntu devstack@g-api.service[133334]: DEBUG glance.api.middleware.version_negotiation [None req-5a8e97ed-e798-42fc-b025-9549fbe6d36b admin admin] Determining version of request: GET /v2/schemas/metadefs/resource_type Accept: */* {{(pid=133334) process_request /opt/stack/glance/glance/api/middleware/version_negotiation.py:44}}
Jun 30 10:43:29 ubuntu devstack@g-api.service[133334]: DEBUG glance.api.middleware.version_negotiation [None req-5a8e97ed-e798-42fc-b025-9549fbe6d36b admin admin] Using url versioning {{(pid=133334) process_request /opt/stack/glance/glance/api/middleware/version_negotiation.py:57}}
Jun 30 10:43:29 ubuntu devstack@g-api.service[133334]: DEBUG glance.api.middleware.version_negotiation [None req-5a8e97ed-e798-42fc-b025-9549fbe6d36b admin admin] Matched version: v2 {{(pid=133334) process_request /opt/stack/glance/glance/api/middleware/version_negotiation.py:69}}
Jun 30 10:43:29 ubuntu devstack@g-api.service[133334]: DEBUG glance.api.middleware.version_negotiation [None req-5a8e97ed-e798-42fc-b025-9549fbe6d36b admin admin] new path /v2/schemas/metadefs/resource_type {{(pid=133334) process_request /opt/stack/glance/glance/api/middleware/version_negotiation.py:70}}
Jun 30 10:43:29 ubuntu devstack@g-api.service[133334]: [pid: 133334|app: 0|req: 7/15] 127.0.0.1 () {38 vars in 745 bytes} [Thu Jun 30 10:43:29 2022] GET /v2/schemas/metadefs/resource_type => generated 1262 bytes in 8 msecs (HTTP/1.1 200) 4 headers in 158 bytes (1 switches on core 0)
Jun 30 10:43:29 ubuntu devstack@g-api.service[133335]: DEBUG glance.api.middleware.version_negotiation [None req-1d0850dc-3958-455c-a813-a4d336fb9035 admin admin] Determining version of request: GET /v2/images Accept: */* {{(pid=133335) process_request /opt/stack/glance/glance/api/middleware/version_negotiation.py:44}}
Jun 30 10:43:29 ubuntu devstack@g-api.service[133335]: DEBUG glance.api.middleware.version_negotiation [None req-1d0850dc-3958-455c-a813-a4d336fb9035 admin admin] Using url versioning {{(pid=133335) process_request /opt/stack/glance/glance/api/middleware/version_negotiation.py:57}}
Jun 30 10:43:29 ubuntu devstack@g-api.service[133335]: DEBUG glance.api.middleware.version_negotiation [None req-1d0850dc-3958-455c-a813-a4d336fb9035 admin admin] Matched version: v2 {{(pid=133335) process_request /opt/stack/glance/glance/api/middleware/version_negotiation.py:69}}
Jun 30 10:43:29 ubuntu devstack@g-api.service[133335]: DEBUG glance.api.middleware.version_negotiation [None req-1d0850dc-3958-455c-a813-a4d336fb9035 admin admin] new path /v2/images {{(pid=133335) process_request /opt/stack/glance/glance/api/middleware/version_negotiation.py:70}}
Jun 30 10:43:30 ubuntu devstack@g-api.service[133335]: [pid: 133335|app: 0|req: 9/16] 127.0.0.1 () {38 vars in 768 bytes} [Thu Jun 30 10:43:29 2022] GET /v2/images?limit=20&sort_key=name&sort_dir=asc => generated 1081 bytes in 79 msecs (HTTP/1.1 200) 4 headers in 158 bytes (1 switches on core 0)
Jun 30 10:43:30 ubuntu devstack@g-api.service[133334]: DEBUG glance.api.middleware.version_negotiation [None req-6b5fdfa2-34ca-4588-8925-7d0041dac982 admin admin] Determining version of request: GET /v2/schemas/image Accept: */* {{(pid=133334) process_request /opt/stack/glance/glance/api/middleware/version_negotiation.py:44}}
Jun 30 10:43:30 ubuntu devstack@g-api.service[133334]: DEBUG glance.api.middleware.version_negotiation [None req-6b5fdfa2-34ca-4588-8925-7d0041dac982 admin admin] Using url versioning {{(pid=133334) process_request /opt/stack/glance/glance/api/middleware/version_negotiation.py:57}}
Jun 30 10:43:30 ubuntu devstack@g-api.service[133334]: DEBUG glance.api.middleware.version_negotiation [None req-6b5fdfa2-34ca-4588-8925-7d0041dac982 admin admin] Matched version: v2 {{(pid=133334) process_request /opt/stack/glance/glance/api/middleware/version_negotiation.py:69}}
Jun 30 10:43:30 ubuntu devstack@g-api.service[133334]: DEBUG glance.api.middleware.version_negotiation [None req-6b5fdfa2-34ca-4588-8925-7d0041dac982 admin admin] new path /v2/schemas/image {{(pid=133334) process_request /opt/stack/glance/glance/api/middleware/version_negotiation.py:70}}
Jun 30 10:43:30 ubuntu devstack@g-api.service[133334]: [pid: 133334|app: 0|req: 8/17] 127.0.0.1 () {38 vars in 711 bytes} [Thu Jun 30 10:43:30 2022] GET /v2/schemas/image => generated 6083 bytes in 6 msecs (HTTP/1.1 200) 4 headers in 158 bytes (1 switches on core 0)
Jun 30 10:43:40 ubuntu devstack@g-api.service[133335]: DEBUG dbcounter [-] [133335] Writing DB stats glance:SELECT=2 {{(pid=133335) stat_writer /usr/local/lib/python3.8/dist-packages/dbcounter.py:114}}
Jun 30 10:43:44 ubuntu devstack@g-api.service[133335]: DEBUG glance.api.middleware.version_negotiation [None req-77b7e34c-b9fe-4f90-9131-b5a67a3af9a6 admin admin] Determining version of request: GET / Accept: application/json {{(pid=133335) process_request /opt/stack/glance/glance/api/middleware/version_negotiation.py:44}}
Jun 30 10:43:44 ubuntu devstack@g-api.service[133335]: DEBUG glance.api.middleware.version_negotiation [None req-77b7e34c-b9fe-4f90-9131-b5a67a3af9a6 admin admin] Using url versioning {{(pid=133335) process_request /opt/stack/glance/glance/api/middleware/version_negotiation.py:57}}
Jun 30 10:43:44 ubuntu devstack@g-api.service[133335]: DEBUG glance.api.middleware.version_negotiation [None req-77b7e34c-b9fe-4f90-9131-b5a67a3af9a6 admin admin] Unknown version. Returning version choices. {{(pid=133335) process_request /opt/stack/glance/glance/api/middleware/version_negotiation.py:64}}
Jun 30 10:43:44 ubuntu devstack@g-api.service[133335]: [pid: 133335|app: 0|req: 10/18] 127.0.0.1 () {34 vars in 492 bytes} [Thu Jun 30 10:43:44 2022] GET / => generated 1323 bytes in 5 msecs (HTTP/1.1 300) 3 headers in 106 bytes (1 switches on core 0)
Jun 30 10:43:44 ubuntu devstack@g-api.service[133334]: DEBUG glance.api.middleware.version_negotiation [None req-6df624e4-5d90-46dc-98f8-7303b9a82bad admin admin] Determining version of request: GET /v2/images/54fce6c2-4271-4f29-9143-a5e484a6a917 Accept: */* {{(pid=133334) process_request /opt/stack/glance/glance/api/middleware/version_negotiation.py:44}}
Jun 30 10:43:44 ubuntu devstack@g-api.service[133334]: DEBUG glance.api.middleware.version_negotiation [None req-6df624e4-5d90-46dc-98f8-7303b9a82bad admin admin] Using url versioning {{(pid=133334) process_request /opt/stack/glance/glance/api/middleware/version_negotiation.py:57}}
Jun 30 10:43:44 ubuntu devstack@g-api.service[133334]: DEBUG glance.api.middleware.version_negotiation [None req-6df624e4-5d90-46dc-98f8-7303b9a82bad admin admin] Matched version: v2 {{(pid=133334) process_request /opt/stack/glance/glance/api/middleware/version_negotiation.py:69}}
Jun 30 10:43:44 ubuntu devstack@g-api.service[133334]: DEBUG glance.api.middleware.version_negotiation [None req-6df624e4-5d90-46dc-98f8-7303b9a82bad admin admin] new path /v2/images/54fce6c2-4271-4f29-9143-a5e484a6a917 {{(pid=133334) process_request /opt/stack/glance/glance/api/middleware/version_negotiation.py:70}}
Jun 30 10:43:44 ubuntu devstack@g-api.service[133334]: WARNING keystonemiddleware.auth_token [None req-6df624e4-5d90-46dc-98f8-7303b9a82bad admin admin] A valid token was submitted as a service token, but it was not a valid service token. This is incorrect but backwards compatible behaviour. This will be removed in future releases.
Jun 30 10:43:44 ubuntu devstack@g-api.service[133334]: [pid: 133334|app: 0|req: 9/19] 127.0.0.1 () {42 vars in 1049 bytes} [Thu Jun 30 10:43:44 2022] GET /v2/images/54fce6c2-4271-4f29-9143-a5e484a6a917 => generated 976 bytes in 103 msecs (HTTP/1.1 200) 4 headers in 157 bytes (1 switches on core 0)
Jun 30 10:43:44 ubuntu devstack@g-api.service[133335]: DEBUG glance.api.middleware.version_negotiation [None req-77b7e34c-b9fe-4f90-9131-b5a67a3af9a6 admin admin] Determining version of request: GET /v2/schemas/image Accept: */* {{(pid=133335) process_request /opt/stack/glance/glance/api/middleware/version_negotiation.py:44}}
Jun 30 10:43:44 ubuntu devstack@g-api.service[133335]: DEBUG glance.api.middleware.version_negotiation [None req-77b7e34c-b9fe-4f90-9131-b5a67a3af9a6 admin admin] Using url versioning {{(pid=133335) process_request /opt/stack/glance/glance/api/middleware/version_negotiation.py:57}}
Jun 30 10:43:44 ubuntu devstack@g-api.service[133335]: DEBUG glance.api.middleware.version_negotiation [None req-77b7e34c-b9fe-4f90-9131-b5a67a3af9a6 admin admin] Matched version: v2 {{(pid=133335) process_request /opt/stack/glance/glance/api/middleware/version_negotiation.py:69}}
Jun 30 10:43:44 ubuntu devstack@g-api.service[133335]: DEBUG glance.api.middleware.version_negotiation [None req-77b7e34c-b9fe-4f90-9131-b5a67a3af9a6 admin admin] new path /v2/schemas/image {{(pid=133335) process_request /opt/stack/glance/glance/api/middleware/version_negotiation.py:70}}
Jun 30 10:43:44 ubuntu devstack@g-api.service[133335]: WARNING keystonemiddleware.auth_token [None req-77b7e34c-b9fe-4f90-9131-b5a67a3af9a6 admin admin] A valid token was submitted as a service token, but it was not a valid service token. This is incorrect but backwards compatible behaviour. This will be removed in future releases.
Jun 30 10:43:44 ubuntu devstack@g-api.service[133335]: [pid: 133335|app: 0|req: 11/20] 127.0.0.1 () {42 vars in 989 bytes} [Thu Jun 30 10:43:44 2022] GET /v2/schemas/image => generated 6083 bytes in 8 msecs (HTTP/1.1 200) 4 headers in 158 bytes (1 switches on core 0)
Jun 30 10:43:46 ubuntu devstack@g-api.service[133334]: DEBUG glance.api.middleware.version_negotiation [None req-20b77f4a-5cd9-4da2-bdbf-05bf2f90b7fa tempest-VolumesAdminNegativeTest-670624423 tempest-VolumesAdminNegativeTest-670624423-project] Determining version of request: GET /v2/images/54fce6c2-4271-4f29-9143-a5e484a6a917 Accept: */* {{(pid=133334) process_request /opt/stack/glance/glance/api/middleware/version_negotiation.py:44}}
Jun 30 10:43:46 ubuntu devstack@g-api.service[133334]: DEBUG glance.api.middleware.version_negotiation [None req-20b77f4a-5cd9-4da2-bdbf-05bf2f90b7fa tempest-VolumesAdminNegativeTest-670624423 tempest-VolumesAdminNegativeTest-670624423-project] Using url versioning {{(pid=133334) process_request /opt/stack/glance/glance/api/middleware/version_negotiation.py:57}}
Jun 30 10:43:46 ubuntu devstack@g-api.service[133334]: DEBUG glance.api.middleware.version_negotiation [None req-20b77f4a-5cd9-4da2-bdbf-05bf2f90b7fa tempest-VolumesAdminNegativeTest-670624423 tempest-VolumesAdminNegativeTest-670624423-project] Matched version: v2 {{(pid=133334) process_request /opt/stack/glance/glance/api/middleware/version_negotiation.py:69}}
Jun 30 10:43:46 ubuntu devstack@g-api.service[133334]: DEBUG glance.api.middleware.version_negotiation [None req-20b77f4a-5cd9-4da2-bdbf-05bf2f90b7fa tempest-VolumesAdminNegativeTest-670624423 tempest-VolumesAdminNegativeTest-670624423-project] new path /v2/images/54fce6c2-4271-4f29-9143-a5e484a6a917 {{(pid=133334) process_request /opt/stack/glance/glance/api/middleware/version_negotiation.py:70}}
Jun 30 10:43:46 ubuntu devstack@g-api.service[133334]: [pid: 133334|app: 0|req: 10/21] 127.0.0.1 () {42 vars in 1049 bytes} [Thu Jun 30 10:43:46 2022] GET /v2/images/54fce6c2-4271-4f29-9143-a5e484a6a917 => generated 976 bytes in 19 msecs (HTTP/1.1 200) 4 headers in 157 bytes (1 switches on core 0)
Jun 30 10:43:46 ubuntu devstack@g-api.service[133335]: DEBUG glance.api.middleware.version_negotiation [None req-20b77f4a-5cd9-4da2-bdbf-05bf2f90b7fa tempest-VolumesAdminNegativeTest-670624423 tempest-VolumesAdminNegativeTest-670624423-project] Determining version of request: GET /v2/images/54fce6c2-4271-4f29-9143-a5e484a6a917/file Accept: */* {{(pid=133335) process_request /opt/stack/glance/glance/api/middleware/version_negotiation.py:44}}
Jun 30 10:43:46 ubuntu devstack@g-api.service[133335]: DEBUG glance.api.middleware.version_negotiation [None req-20b77f4a-5cd9-4da2-bdbf-05bf2f90b7fa tempest-VolumesAdminNegativeTest-670624423 tempest-VolumesAdminNegativeTest-670624423-project] Using url versioning {{(pid=133335) process_request /opt/stack/glance/glance/api/middleware/version_negotiation.py:57}}
Jun 30 10:43:46 ubuntu devstack@g-api.service[133335]: DEBUG glance.api.middleware.version_negotiation [None req-20b77f4a-5cd9-4da2-bdbf-05bf2f90b7fa tempest-VolumesAdminNegativeTest-670624423 tempest-VolumesAdminNegativeTest-670624423-project] Matched version: v2 {{(pid=133335) process_request /opt/stack/glance/glance/api/middleware/version_negotiation.py:69}}
Jun 30 10:43:46 ubuntu devstack@g-api.service[133335]: DEBUG glance.api.middleware.version_negotiation [None req-20b77f4a-5cd9-4da2-bdbf-05bf2f90b7fa tempest-VolumesAdminNegativeTest-670624423 tempest-VolumesAdminNegativeTest-670624423-project] new path /v2/images/54fce6c2-4271-4f29-9143-a5e484a6a917/file {{(pid=133335) process_request /opt/stack/glance/glance/api/middleware/version_negotiation.py:70}}
Jun 30 10:43:46 ubuntu devstack@g-api.service[133335]: DEBUG glance_store.backend [None req-20b77f4a-5cd9-4da2-bdbf-05bf2f90b7fa tempest-VolumesAdminNegativeTest-670624423 tempest-VolumesAdminNegativeTest-670624423-project] Attempting to import store swift {{(pid=133335) _load_store /usr/local/lib/python3.8/dist-packages/glance_store/backend.py:217}}
Jun 30 10:43:46 ubuntu devstack@g-api.service[133335]: DEBUG glance_store.capabilities [None req-20b77f4a-5cd9-4da2-bdbf-05bf2f90b7fa tempest-VolumesAdminNegativeTest-670624423 tempest-VolumesAdminNegativeTest-670624423-project] Store glance_store._drivers.swift.store.SingleTenantStore doesn't support updating dynamic storage capabilities. Please overwrite 'update_capabilities' method of the store to implement updating logics if needed. {{(pid=133335) update_capabilities /usr/local/lib/python3.8/dist-packages/glance_store/capabilities.py:91}}
Jun 30 10:43:46 ubuntu devstack@g-api.service[133335]: DEBUG glance_store.driver [None req-20b77f4a-5cd9-4da2-bdbf-05bf2f90b7fa tempest-VolumesAdminNegativeTest-670624423 tempest-VolumesAdminNegativeTest-670624423-project] Late loading location class glance_store._drivers.swift.store.StoreLocation {{(pid=133335) get_store_location_class /usr/local/lib/python3.8/dist-packages/glance_store/driver.py:117}}
Jun 30 10:43:46 ubuntu devstack@g-api.service[133335]: DEBUG glance_store.location [None req-20b77f4a-5cd9-4da2-bdbf-05bf2f90b7fa tempest-VolumesAdminNegativeTest-670624423 tempest-VolumesAdminNegativeTest-670624423-project] Registering scheme swift+https with {'store': <glance_store._drivers.swift.store.SingleTenantStore object at 0x7f2b853e4670>, 'location_class': <class 'glance_store._drivers.swift.store.StoreLocation'>, 'store_entry': 'swift'} {{(pid=133335) register_scheme_map /usr/local/lib/python3.8/dist-packages/glance_store/location.py:146}}
Jun 30 10:43:46 ubuntu devstack@g-api.service[133335]: DEBUG glance_store.location [None req-20b77f4a-5cd9-4da2-bdbf-05bf2f90b7fa tempest-VolumesAdminNegativeTest-670624423 tempest-VolumesAdminNegativeTest-670624423-project] Registering scheme swift+https with {'store': <glance_store._drivers.swift.store.SingleTenantStore object at 0x7f2b853e4670>, 'location_class': <class 'glance_store._drivers.swift.store.StoreLocation'>, 'store_entry': 'swift'} {{(pid=133335) register_scheme_map /usr/local/lib/python3.8/dist-packages/glance_store/location.py:146}}
Jun 30 10:43:46 ubuntu devstack@g-api.service[133335]: DEBUG glance_store.location [None req-20b77f4a-5cd9-4da2-bdbf-05bf2f90b7fa tempest-VolumesAdminNegativeTest-670624423 tempest-VolumesAdminNegativeTest-670624423-project] Registering scheme swift with {'store': <glance_store._drivers.swift.store.SingleTenantStore object at 0x7f2b853e4670>, 'location_class': <class 'glance_store._drivers.swift.store.StoreLocation'>, 'store_entry': 'swift'} {{(pid=133335) register_scheme_map /usr/local/lib/python3.8/dist-packages/glance_store/location.py:146}}
Jun 30 10:43:46 ubuntu devstack@g-api.service[133335]: DEBUG glance_store.location [None req-20b77f4a-5cd9-4da2-bdbf-05bf2f90b7fa tempest-VolumesAdminNegativeTest-670624423 tempest-VolumesAdminNegativeTest-670624423-project] Registering scheme swift+https with {'store': <glance_store._drivers.swift.store.SingleTenantStore object at 0x7f2b853e4670>, 'location_class': <class 'glance_store._drivers.swift.store.StoreLocation'>, 'store_entry': 'swift'} {{(pid=133335) register_scheme_map /usr/local/lib/python3.8/dist-packages/glance_store/location.py:146}}
Jun 30 10:43:46 ubuntu devstack@g-api.service[133335]: DEBUG glance_store.location [None req-20b77f4a-5cd9-4da2-bdbf-05bf2f90b7fa tempest-VolumesAdminNegativeTest-670624423 tempest-VolumesAdminNegativeTest-670624423-project] Registering scheme swift with {'store': <glance_store._drivers.swift.store.SingleTenantStore object at 0x7f2b853e4670>, 'location_class': <class 'glance_store._drivers.swift.store.StoreLocation'>, 'store_entry': 'swift'} {{(pid=133335) register_scheme_map /usr/local/lib/python3.8/dist-packages/glance_store/location.py:146}}
Jun 30 10:43:46 ubuntu devstack@g-api.service[133335]: DEBUG glance_store.location [None req-20b77f4a-5cd9-4da2-bdbf-05bf2f90b7fa tempest-VolumesAdminNegativeTest-670624423 tempest-VolumesAdminNegativeTest-670624423-project] Registering scheme swift+http with {'store': <glance_store._drivers.swift.store.SingleTenantStore object at 0x7f2b853e4670>, 'location_class': <class 'glance_store._drivers.swift.store.StoreLocation'>, 'store_entry': 'swift'} {{(pid=133335) register_scheme_map /usr/local/lib/python3.8/dist-packages/glance_store/location.py:146}}
Jun 30 10:43:46 ubuntu devstack@g-api.service[133335]: DEBUG glance_store.location [None req-20b77f4a-5cd9-4da2-bdbf-05bf2f90b7fa tempest-VolumesAdminNegativeTest-670624423 tempest-VolumesAdminNegativeTest-670624423-project] Registering scheme swift+https with {'store': <glance_store._drivers.swift.store.SingleTenantStore object at 0x7f2b853e4670>, 'location_class': <class 'glance_store._drivers.swift.store.StoreLocation'>, 'store_entry': 'swift'} {{(pid=133335) register_scheme_map /usr/local/lib/python3.8/dist-packages/glance_store/location.py:146}}
Jun 30 10:43:46 ubuntu devstack@g-api.service[133335]: DEBUG glance_store.location [None req-20b77f4a-5cd9-4da2-bdbf-05bf2f90b7fa tempest-VolumesAdminNegativeTest-670624423 tempest-VolumesAdminNegativeTest-670624423-project] Registering scheme swift with {'store': <glance_store._drivers.swift.store.SingleTenantStore object at 0x7f2b853e4670>, 'location_class': <class 'glance_store._drivers.swift.store.StoreLocation'>, 'store_entry': 'swift'} {{(pid=133335) register_scheme_map /usr/local/lib/python3.8/dist-packages/glance_store/location.py:146}}
Jun 30 10:43:46 ubuntu devstack@g-api.service[133335]: DEBUG glance_store.location [None req-20b77f4a-5cd9-4da2-bdbf-05bf2f90b7fa tempest-VolumesAdminNegativeTest-670624423 tempest-VolumesAdminNegativeTest-670624423-project] Registering scheme swift+http with {'store': <glance_store._drivers.swift.store.SingleTenantStore object at 0x7f2b853e4670>, 'location_class': <class 'glance_store._drivers.swift.store.StoreLocation'>, 'store_entry': 'swift'} {{(pid=133335) register_scheme_map /usr/local/lib/python3.8/dist-packages/glance_store/location.py:146}}
Jun 30 10:43:46 ubuntu devstack@g-api.service[133335]: DEBUG glance_store.location [None req-20b77f4a-5cd9-4da2-bdbf-05bf2f90b7fa tempest-VolumesAdminNegativeTest-670624423 tempest-VolumesAdminNegativeTest-670624423-project] Registering scheme swift+config with {'store': <glance_store._drivers.swift.store.SingleTenantStore object at 0x7f2b853e4670>, 'location_class': <class 'glance_store._drivers.swift.store.StoreLocation'>, 'store_entry': 'swift'} {{(pid=133335) register_scheme_map /usr/local/lib/python3.8/dist-packages/glance_store/location.py:146}}
Jun 30 10:43:47 ubuntu devstack@g-api.service[133335]: DEBUG swiftclient [None req-20b77f4a-5cd9-4da2-bdbf-05bf2f90b7fa tempest-VolumesAdminNegativeTest-670624423 tempest-VolumesAdminNegativeTest-670624423-project] REQ: curl -i http://192.168.79.45:8080/v1/AUTH_3c0e250145c043ed8a1f3c24031acf5f/glance/54fce6c2-4271-4f29-9143-a5e484a6a917 -X GET -H "X-Auth-Token: gAAAAABivX5jwvYb..." {{(pid=133335) http_log /usr/local/lib/python3.8/dist-packages/swiftclient/client.py:157}}
Jun 30 10:43:47 ubuntu devstack@g-api.service[133335]: DEBUG swiftclient [None req-20b77f4a-5cd9-4da2-bdbf-05bf2f90b7fa tempest-VolumesAdminNegativeTest-670624423 tempest-VolumesAdminNegativeTest-670624423-project] RESP STATUS: 200 OK {{(pid=133335) http_log /usr/local/lib/python3.8/dist-packages/swiftclient/client.py:158}}
Jun 30 10:43:47 ubuntu devstack@g-api.service[133335]: DEBUG swiftclient [None req-20b77f4a-5cd9-4da2-bdbf-05bf2f90b7fa tempest-VolumesAdminNegativeTest-670624423 tempest-VolumesAdminNegativeTest-670624423-project] RESP HEADERS: {'Content-Type': 'application/octet-stream', 'Etag': '1d3062cd89af34e419f7100277f38b2b', 'Last-Modified': 'Thu, 30 Jun 2022 10:38:25 GMT', 'X-Timestamp': '1656585504.03906', 'Accept-Ranges': 'bytes', 'Content-Length': '16338944', 'X-Trans-Id': 'tx305eae02f1dc4e9d83d14-0062bd7e63', 'X-Openstack-Request-Id': 'tx305eae02f1dc4e9d83d14-0062bd7e63', 'Date': 'Thu, 30 Jun 2022 10:43:47 GMT'} {{(pid=133335) http_log /usr/local/lib/python3.8/dist-packages/swiftclient/client.py:159}}
Jun 30 10:43:47 ubuntu devstack@g-api.service[133335]: DEBUG glance.image_cache [None req-20b77f4a-5cd9-4da2-bdbf-05bf2f90b7fa tempest-VolumesAdminNegativeTest-670624423 tempest-VolumesAdminNegativeTest-670624423-project] Tee'ing image '54fce6c2-4271-4f29-9143-a5e484a6a917' into cache {{(pid=133335) get_caching_iter /opt/stack/glance/glance/image_cache/__init__.py:343}}
Jun 30 10:43:47 ubuntu devstack@g-api.service[133335]: DEBUG glance.image_cache.drivers.sqlite [None req-20b77f4a-5cd9-4da2-bdbf-05bf2f90b7fa tempest-VolumesAdminNegativeTest-670624423 tempest-VolumesAdminNegativeTest-670624423-project] Fetch finished, moving '/opt/stack/data/glance/cache/incomplete/54fce6c2-4271-4f29-9143-a5e484a6a917' to '/opt/stack/data/glance/cache/54fce6c2-4271-4f29-9143-a5e484a6a917' {{(pid=133335) commit /opt/stack/glance/glance/image_cache/drivers/sqlite.py:324}}
Jun 30 10:43:47 ubuntu devstack@g-api.service[133335]: [pid: 133335|app: 0|req: 12/22] 127.0.0.1 () {42 vars in 1059 bytes} [Thu Jun 30 10:43:46 2022] GET /v2/images/54fce6c2-4271-4f29-9143-a5e484a6a917/file => generated 16338944 bytes in 444 msecs (HTTP/1.1 200) 4 headers in 191 bytes (250 switches on core 0)
Jun 30 10:43:56 ubuntu devstack@g-api.service[133334]: DEBUG dbcounter [-] [133334] Writing DB stats glance:SELECT=8 {{(pid=133334) stat_writer /usr/local/lib/python3.8/dist-packages/dbcounter.py:114}}
Jun 30 10:43:57 ubuntu devstack@g-api.service[133335]: DEBUG dbcounter [-] [133335] Writing DB stats glance:SELECT=8 {{(pid=133335) stat_writer /usr/local/lib/python3.8/dist-packages/dbcounter.py:114}}
Jun 30 10:44:12 ubuntu devstack@g-api.service[133334]: DEBUG glance.api.middleware.version_negotiation [None req-20b77f4a-5cd9-4da2-bdbf-05bf2f90b7fa tempest-VolumesAdminNegativeTest-670624423 tempest-VolumesAdminNegativeTest-670624423-project] Determining version of request: GET / Accept: application/json {{(pid=133334) process_request /opt/stack/glance/glance/api/middleware/version_negotiation.py:44}}
Jun 30 10:44:12 ubuntu devstack@g-api.service[133334]: DEBUG glance.api.middleware.version_negotiation [None req-20b77f4a-5cd9-4da2-bdbf-05bf2f90b7fa tempest-VolumesAdminNegativeTest-670624423 tempest-VolumesAdminNegativeTest-670624423-project] Using url versioning {{(pid=133334) process_request /opt/stack/glance/glance/api/middleware/version_negotiation.py:57}}
Jun 30 10:44:12 ubuntu devstack@g-api.service[133334]: DEBUG glance.api.middleware.version_negotiation [None req-20b77f4a-5cd9-4da2-bdbf-05bf2f90b7fa tempest-VolumesAdminNegativeTest-670624423 tempest-VolumesAdminNegativeTest-670624423-project] Unknown version. Returning version choices. {{(pid=133334) process_request /opt/stack/glance/glance/api/middleware/version_negotiation.py:64}}
Jun 30 10:44:12 ubuntu devstack@g-api.service[133334]: [pid: 133334|app: 0|req: 11/23] 127.0.0.1 () {34 vars in 492 bytes} [Thu Jun 30 10:44:12 2022] GET / => generated 1323 bytes in 3 msecs (HTTP/1.1 300) 3 headers in 106 bytes (1 switches on core 0)
Jun 30 10:44:12 ubuntu devstack@g-api.service[133335]: DEBUG glance.api.middleware.version_negotiation [None req-20b77f4a-5cd9-4da2-bdbf-05bf2f90b7fa tempest-VolumesAdminNegativeTest-670624423 tempest-VolumesAdminNegativeTest-670624423-project] Determining version of request: GET /v2/images/54fce6c2-4271-4f29-9143-a5e484a6a917 Accept: */* {{(pid=133335) process_request /opt/stack/glance/glance/api/middleware/version_negotiation.py:44}}
Jun 30 10:44:12 ubuntu devstack@g-api.service[133335]: DEBUG glance.api.middleware.version_negotiation [None req-20b77f4a-5cd9-4da2-bdbf-05bf2f90b7fa tempest-VolumesAdminNegativeTest-670624423 tempest-VolumesAdminNegativeTest-670624423-project] Using url versioning {{(pid=133335) process_request /opt/stack/glance/glance/api/middleware/version_negotiation.py:57}}
Jun 30 10:44:12 ubuntu devstack@g-api.service[133335]: DEBUG glance.api.middleware.version_negotiation [None req-20b77f4a-5cd9-4da2-bdbf-05bf2f90b7fa tempest-VolumesAdminNegativeTest-670624423 tempest-VolumesAdminNegativeTest-670624423-project] Matched version: v2 {{(pid=133335) process_request /opt/stack/glance/glance/api/middleware/version_negotiation.py:69}}
Jun 30 10:44:12 ubuntu devstack@g-api.service[133335]: DEBUG glance.api.middleware.version_negotiation [None req-20b77f4a-5cd9-4da2-bdbf-05bf2f90b7fa tempest-VolumesAdminNegativeTest-670624423 tempest-VolumesAdminNegativeTest-670624423-project] new path /v2/images/54fce6c2-4271-4f29-9143-a5e484a6a917 {{(pid=133335) process_request /opt/stack/glance/glance/api/middleware/version_negotiation.py:70}}
Jun 30 10:44:12 ubuntu devstack@g-api.service[133335]: [pid: 133335|app: 0|req: 13/24] 127.0.0.1 () {42 vars in 1049 bytes} [Thu Jun 30 10:44:12 2022] GET /v2/images/54fce6c2-4271-4f29-9143-a5e484a6a917 => generated 976 bytes in 20 msecs (HTTP/1.1 200) 4 headers in 157 bytes (1 switches on core 0)
Jun 30 10:44:12 ubuntu devstack@g-api.service[133334]: DEBUG glance.api.middleware.version_negotiation [None req-20b77f4a-5cd9-4da2-bdbf-05bf2f90b7fa tempest-VolumesAdminNegativeTest-670624423 tempest-VolumesAdminNegativeTest-670624423-project] Determining version of request: GET /v2/schemas/image Accept: */* {{(pid=133334) process_request /opt/stack/glance/glance/api/middleware/version_negotiation.py:44}}
Jun 30 10:44:12 ubuntu devstack@g-api.service[133334]: DEBUG glance.api.middleware.version_negotiation [None req-20b77f4a-5cd9-4da2-bdbf-05bf2f90b7fa tempest-VolumesAdminNegativeTest-670624423 tempest-VolumesAdminNegativeTest-670624423-project] Using url versioning {{(pid=133334) process_request /opt/stack/glance/glance/api/middleware/version_negotiation.py:57}}
Jun 30 10:44:12 ubuntu devstack@g-api.service[133334]: DEBUG glance.api.middleware.version_negotiation [None req-20b77f4a-5cd9-4da2-bdbf-05bf2f90b7fa tempest-VolumesAdminNegativeTest-670624423 tempest-VolumesAdminNegativeTest-670624423-project] Matched version: v2 {{(pid=133334) process_request /opt/stack/glance/glance/api/middleware/version_negotiation.py:69}}
Jun 30 10:44:12 ubuntu devstack@g-api.service[133334]: DEBUG glance.api.middleware.version_negotiation [None req-20b77f4a-5cd9-4da2-bdbf-05bf2f90b7fa tempest-VolumesAdminNegativeTest-670624423 tempest-VolumesAdminNegativeTest-670624423-project] new path /v2/schemas/image {{(pid=133334) process_request /opt/stack/glance/glance/api/middleware/version_negotiation.py:70}}
Jun 30 10:44:12 ubuntu devstack@g-api.service[133334]: [pid: 133334|app: 0|req: 12/25] 127.0.0.1 () {42 vars in 989 bytes} [Thu Jun 30 10:44:12 2022] GET /v2/schemas/image => generated 6083 bytes in 8 msecs (HTTP/1.1 200) 4 headers in 158 bytes (1 switches on core 0)
Jun 30 10:44:22 ubuntu devstack@g-api.service[133335]: DEBUG dbcounter [-] [133335] Writing DB stats glance:SELECT=4 {{(pid=133335) stat_writer /usr/local/lib/python3.8/dist-packages/dbcounter.py:114}}
Jun 30 10:44:40 ubuntu devstack@g-api.service[133335]: DEBUG glance.api.middleware.version_negotiation [None req-ffb147fe-bbb0-4811-a8b0-59a5bf1dfdc6 tempest-DeleteServersTestJSON-502516920 tempest-DeleteServersTestJSON-502516920-project] Determining version of request: GET /v2/images/54fce6c2-4271-4f29-9143-a5e484a6a917 Accept: */* {{(pid=133335) process_request /opt/stack/glance/glance/api/middleware/version_negotiation.py:44}}
