May 11 17:38:10 ubuntu neutron-server[126056]: DEBUG neutron.api.extensions [None req-411ee1da-e46b-41aa-b163-5a5737429e41 None None] Ext name="Uplink status propagation extension" alias="uplink-status-propagation" description="Provides ability to propagate port uplink status." updated="2018-05-31T18:00:00-00:00" {{(pid=126056) _check_extension /opt/stack/neutron/neutron/api/extensions.py:416}}
May 11 17:38:10 ubuntu neutron-server[126056]: INFO neutron.api.extensions [None req-411ee1da-e46b-41aa-b163-5a5737429e41 None None] Extension uplink-status-propagation not supported by any of loaded plugins
May 11 17:38:10 ubuntu neutron-server[126056]: DEBUG neutron.api.extensions [None req-411ee1da-e46b-41aa-b163-5a5737429e41 None None] Loading extension file: vlantransparent.py {{(pid=126056) _load_all_extensions_from_path /opt/stack/neutron/neutron/api/extensions.py:450}}
May 11 17:38:10 ubuntu neutron-server[126056]: DEBUG neutron.api.extensions [None req-411ee1da-e46b-41aa-b163-5a5737429e41 None None] Ext name="Vlantransparent" alias="vlan-transparent" description="Provides Vlan Transparent Networks" updated="2015-03-23T09:00:00-00:00" {{(pid=126056) _check_extension /opt/stack/neutron/neutron/api/extensions.py:416}}
May 11 17:38:10 ubuntu neutron-server[126056]: INFO neutron.api.extensions [None req-411ee1da-e46b-41aa-b163-5a5737429e41 None None] Extension vlan-transparent not supported by any of loaded plugins
May 11 17:38:10 ubuntu neutron-server[126056]: INFO neutron.quota.resource_registry [None req-411ee1da-e46b-41aa-b163-5a5737429e41 None None] Creating instance of TrackedResource for resource:network
May 11 17:38:10 ubuntu neutron-server[126056]: INFO neutron.quota.resource_registry [None req-411ee1da-e46b-41aa-b163-5a5737429e41 None None] Creating instance of TrackedResource for resource:subnet
May 11 17:38:10 ubuntu neutron-server[126056]: INFO neutron.quota.resource_registry [None req-411ee1da-e46b-41aa-b163-5a5737429e41 None None] Creating instance of TrackedResource for resource:subnetpool
May 11 17:38:10 ubuntu neutron-server[126056]: INFO neutron.quota.resource_registry [None req-411ee1da-e46b-41aa-b163-5a5737429e41 None None] Creating instance of TrackedResource for resource:port
May 11 17:38:10 ubuntu neutron-server[126056]: DEBUG neutron.api.v2.resource_helper [None req-411ee1da-e46b-41aa-b163-5a5737429e41 None None] Service FLAVORS assigned prefix:  {{(pid=126056) build_resource_info /opt/stack/neutron/neutron/api/v2/resource_helper.py:77}}
May 11 17:38:10 ubuntu neutron-server[126056]: DEBUG neutron.api.v2.resource_helper [None req-411ee1da-e46b-41aa-b163-5a5737429e41 None None] Service L3_ROUTER_NAT assigned prefix:  {{(pid=126056) build_resource_info /opt/stack/neutron/neutron/api/v2/resource_helper.py:77}}
May 11 17:38:10 ubuntu neutron-server[126056]: DEBUG neutron.api.v2.resource_helper [None req-411ee1da-e46b-41aa-b163-5a5737429e41 None None] Service L3_ROUTER_NAT assigned prefix:  {{(pid=126056) build_resource_info /opt/stack/neutron/neutron/api/v2/resource_helper.py:77}}
May 11 17:38:10 ubuntu neutron-server[126056]: INFO neutron.quota.resource_registry [None req-411ee1da-e46b-41aa-b163-5a5737429e41 None None] Creating instance of TrackedResource for resource:router
May 11 17:38:10 ubuntu neutron-server[126056]: INFO neutron.quota.resource_registry [None req-411ee1da-e46b-41aa-b163-5a5737429e41 None None] Creating instance of TrackedResource for resource:floatingip
May 11 17:38:10 ubuntu neutron-server[126056]: DEBUG neutron_lib.callbacks.manager [None req-411ee1da-e46b-41aa-b163-5a5737429e41 None None] Subscribe: <bound method NeutronDbPluginV2.validate_network_rbac_policy_change of <neutron.services.network_ip_availability.plugin.NetworkIPAvailabilityPlugin object at 0x7fb1f21c34c0>> rbac-policy before_create 55550000 {{(pid=126056) subscribe /usr/local/lib/python3.8/dist-packages/neutron_lib/callbacks/manager.py:45}}
May 11 17:38:10 ubuntu neutron-server[126056]: DEBUG neutron_lib.callbacks.manager [None req-411ee1da-e46b-41aa-b163-5a5737429e41 None None] Subscribe: <bound method NeutronDbPluginV2.validate_network_rbac_policy_change of <neutron.services.network_ip_availability.plugin.NetworkIPAvailabilityPlugin object at 0x7fb1f21c34c0>> rbac-policy before_update 55550000 {{(pid=126056) subscribe /usr/local/lib/python3.8/dist-packages/neutron_lib/callbacks/manager.py:45}}
May 11 17:38:10 ubuntu neutron-server[126056]: DEBUG neutron_lib.callbacks.manager [None req-411ee1da-e46b-41aa-b163-5a5737429e41 None None] Subscribe: <bound method NeutronDbPluginV2.validate_network_rbac_policy_change of <neutron.services.network_ip_availability.plugin.NetworkIPAvailabilityPlugin object at 0x7fb1f21c34c0>> rbac-policy before_delete 55550000 {{(pid=126056) subscribe /usr/local/lib/python3.8/dist-packages/neutron_lib/callbacks/manager.py:45}}
May 11 17:38:10 ubuntu neutron-server[126056]: INFO neutron.quota.resource_registry [None req-411ee1da-e46b-41aa-b163-5a5737429e41 None None] Creating instance of CountableResource for resource:rbac_policy
May 11 17:38:10 ubuntu neutron-server[126056]: INFO neutron.quota.resource_registry [None req-411ee1da-e46b-41aa-b163-5a5737429e41 None None] Creating instance of TrackedResource for resource:security_group
May 11 17:38:10 ubuntu neutron-server[126056]: INFO neutron.quota.resource_registry [None req-411ee1da-e46b-41aa-b163-5a5737429e41 None None] Creating instance of TrackedResource for resource:security_group_rule
May 11 17:38:10 ubuntu neutron-server[126056]: DEBUG neutron.api.v2.resource_helper [None req-411ee1da-e46b-41aa-b163-5a5737429e41 None None] Service FLAVORS assigned prefix:  {{(pid=126056) build_resource_info /opt/stack/neutron/neutron/api/v2/resource_helper.py:77}}
May 11 17:38:10 ubuntu neutron-server[126056]: DEBUG neutron.api.v2.resource_helper [None req-411ee1da-e46b-41aa-b163-5a5737429e41 None None] Service L3_ROUTER_NAT assigned prefix:  {{(pid=126056) build_resource_info /opt/stack/neutron/neutron/api/v2/resource_helper.py:77}}
May 11 17:38:10 ubuntu neutron-server[126056]: DEBUG neutron.api.v2.resource_helper [None req-411ee1da-e46b-41aa-b163-5a5737429e41 None None] Service L3_ROUTER_NAT assigned prefix:  {{(pid=126056) build_resource_info /opt/stack/neutron/neutron/api/v2/resource_helper.py:77}}
May 11 17:38:10 ubuntu neutron-server[126056]: INFO neutron.quota.resource_registry [None req-411ee1da-e46b-41aa-b163-5a5737429e41 None None] Creating instance of TrackedResource for resource:router
May 11 17:38:10 ubuntu neutron-server[126056]: WARNING neutron.quota.resource_registry [None req-411ee1da-e46b-41aa-b163-5a5737429e41 None None] router is already registered
May 11 17:38:10 ubuntu neutron-server[126056]: INFO neutron.quota.resource_registry [None req-411ee1da-e46b-41aa-b163-5a5737429e41 None None] Creating instance of TrackedResource for resource:floatingip
May 11 17:38:10 ubuntu neutron-server[126056]: WARNING neutron.quota.resource_registry [None req-411ee1da-e46b-41aa-b163-5a5737429e41 None None] floatingip is already registered
May 11 17:38:10 ubuntu neutron-server[126056]: INFO neutron.quota.resource_registry [None req-411ee1da-e46b-41aa-b163-5a5737429e41 None None] Creating instance of CountableResource for resource:rbac_policy
May 11 17:38:10 ubuntu neutron-server[126056]: WARNING neutron.quota.resource_registry [None req-411ee1da-e46b-41aa-b163-5a5737429e41 None None] rbac_policy is already registered
May 11 17:38:10 ubuntu neutron-server[126056]: INFO neutron.quota.resource_registry [None req-411ee1da-e46b-41aa-b163-5a5737429e41 None None] Creating instance of TrackedResource for resource:security_group
May 11 17:38:10 ubuntu neutron-server[126056]: WARNING neutron.quota.resource_registry [None req-411ee1da-e46b-41aa-b163-5a5737429e41 None None] security_group is already registered
May 11 17:38:10 ubuntu neutron-server[126056]: INFO neutron.quota.resource_registry [None req-411ee1da-e46b-41aa-b163-5a5737429e41 None None] Creating instance of TrackedResource for resource:security_group_rule
May 11 17:38:10 ubuntu neutron-server[126056]: WARNING neutron.quota.resource_registry [None req-411ee1da-e46b-41aa-b163-5a5737429e41 None None] security_group_rule is already registered
May 11 17:38:10 ubuntu neutron-server[126056]: DEBUG neutron.api.extensions [None req-411ee1da-e46b-41aa-b163-5a5737429e41 None None] Extended resource: extensions {{(pid=126056) __init__ /opt/stack/neutron/neutron/api/extensions.py:157}}
May 11 17:38:10 ubuntu neutron-server[126056]: DEBUG neutron.api.extensions [None req-411ee1da-e46b-41aa-b163-5a5737429e41 None None] Extended resource: address-groups {{(pid=126056) __init__ /opt/stack/neutron/neutron/api/extensions.py:157}}
May 11 17:38:10 ubuntu neutron-server[126056]: DEBUG neutron.api.extensions [None req-411ee1da-e46b-41aa-b163-5a5737429e41 None None] Extended resource: address-scopes {{(pid=126056) __init__ /opt/stack/neutron/neutron/api/extensions.py:157}}
May 11 17:38:10 ubuntu neutron-server[126056]: DEBUG neutron.api.extensions [None req-411ee1da-e46b-41aa-b163-5a5737429e41 None None] Extended resource: agents {{(pid=126056) __init__ /opt/stack/neutron/neutron/api/extensions.py:157}}
May 11 17:38:10 ubuntu neutron-server[126056]: DEBUG neutron.api.extensions [None req-411ee1da-e46b-41aa-b163-5a5737429e41 None None] Extended resource: auto-allocated-topology {{(pid=126056) __init__ /opt/stack/neutron/neutron/api/extensions.py:157}}
May 11 17:38:10 ubuntu neutron-server[126056]: DEBUG neutron.api.extensions [None req-411ee1da-e46b-41aa-b163-5a5737429e41 None None] Extended resource: availability_zones {{(pid=126056) __init__ /opt/stack/neutron/neutron/api/extensions.py:157}}
May 11 17:38:10 ubuntu neutron-server[126056]: DEBUG neutron.api.extensions [None req-411ee1da-e46b-41aa-b163-5a5737429e41 None None] Extended resource: flavors {{(pid=126056) __init__ /opt/stack/neutron/neutron/api/extensions.py:157}}
May 11 17:38:10 ubuntu neutron-server[126056]: DEBUG neutron.api.extensions [None req-411ee1da-e46b-41aa-b163-5a5737429e41 None None] Extended resource: service_profiles {{(pid=126056) __init__ /opt/stack/neutron/neutron/api/extensions.py:157}}
May 11 17:38:10 ubuntu neutron-server[126056]: DEBUG neutron.api.extensions [None req-411ee1da-e46b-41aa-b163-5a5737429e41 None None] Extended resource: next_providers {{(pid=126056) __init__ /opt/stack/neutron/neutron/api/extensions.py:157}}
May 11 17:38:10 ubuntu neutron-server[126056]: DEBUG neutron.api.extensions [None req-411ee1da-e46b-41aa-b163-5a5737429e41 None None] Extended resource: service_profiles {{(pid=126056) __init__ /opt/stack/neutron/neutron/api/extensions.py:157}}
May 11 17:38:10 ubuntu neutron-server[126056]: DEBUG neutron.api.extensions [None req-411ee1da-e46b-41aa-b163-5a5737429e41 None None] Extended resource: floatingip-pools {{(pid=126056) __init__ /opt/stack/neutron/neutron/api/extensions.py:157}}
May 11 17:38:10 ubuntu neutron-server[126056]: DEBUG neutron.api.extensions [None req-411ee1da-e46b-41aa-b163-5a5737429e41 None None] Extended resource: routers {{(pid=126056) __init__ /opt/stack/neutron/neutron/api/extensions.py:157}}
May 11 17:38:10 ubuntu neutron-server[126056]: DEBUG neutron.api.extensions [None req-411ee1da-e46b-41aa-b163-5a5737429e41 None None] Extended resource: floatingips {{(pid=126056) __init__ /opt/stack/neutron/neutron/api/extensions.py:157}}
May 11 17:38:10 ubuntu neutron-server[126056]: DEBUG neutron.api.extensions [None req-411ee1da-e46b-41aa-b163-5a5737429e41 None None] Extended resource: network-ip-availabilities {{(pid=126056) __init__ /opt/stack/neutron/neutron/api/extensions.py:157}}
May 11 17:38:10 ubuntu neutron-server[126056]: DEBUG neutron.api.extensions [None req-411ee1da-e46b-41aa-b163-5a5737429e41 None None] Extended resource: bindings {{(pid=126056) __init__ /opt/stack/neutron/neutron/api/extensions.py:157}}
May 11 17:38:10 ubuntu neutron-server[126056]: DEBUG neutron.api.extensions [None req-411ee1da-e46b-41aa-b163-5a5737429e41 None None] Extended resource: quotas {{(pid=126056) __init__ /opt/stack/neutron/neutron/api/extensions.py:157}}
May 11 17:38:10 ubuntu neutron-server[126056]: DEBUG neutron.api.extensions [None req-411ee1da-e46b-41aa-b163-5a5737429e41 None None] Extended resource: quotas {{(pid=126056) __init__ /opt/stack/neutron/neutron/api/extensions.py:157}}
May 11 17:38:10 ubuntu neutron-server[126056]: DEBUG neutron.api.extensions [None req-411ee1da-e46b-41aa-b163-5a5737429e41 None None] Extended resource: rbac-policies {{(pid=126056) __init__ /opt/stack/neutron/neutron/api/extensions.py:157}}
May 11 17:38:10 ubuntu neutron-server[126056]: DEBUG neutron.api.extensions [None req-411ee1da-e46b-41aa-b163-5a5737429e41 None None] Extended resource: security-groups {{(pid=126056) __init__ /opt/stack/neutron/neutron/api/extensions.py:157}}
May 11 17:38:10 ubuntu neutron-server[126056]: DEBUG neutron.api.extensions [None req-411ee1da-e46b-41aa-b163-5a5737429e41 None None] Extended resource: security-group-rules {{(pid=126056) __init__ /opt/stack/neutron/neutron/api/extensions.py:157}}
May 11 17:38:10 ubuntu neutron-server[126056]: DEBUG neutron.api.extensions [None req-411ee1da-e46b-41aa-b163-5a5737429e41 None None] Extended resource: service-providers {{(pid=126056) __init__ /opt/stack/neutron/neutron/api/extensions.py:157}}
May 11 17:38:10 ubuntu neutron-server[126056]: DEBUG neutron.api.extensions [None req-411ee1da-e46b-41aa-b163-5a5737429e41 None None] Extended resource: tags {{(pid=126056) __init__ /opt/stack/neutron/neutron/api/extensions.py:157}}
May 11 17:38:10 ubuntu neutron-server[126056]: DEBUG neutron.api.extensions [None req-411ee1da-e46b-41aa-b163-5a5737429e41 None None] Extended resource: tags {{(pid=126056) __init__ /opt/stack/neutron/neutron/api/extensions.py:157}}
May 11 17:38:10 ubuntu neutron-server[126056]: DEBUG neutron.api.extensions [None req-411ee1da-e46b-41aa-b163-5a5737429e41 None None] Extended resource: tags {{(pid=126056) __init__ /opt/stack/neutron/neutron/api/extensions.py:157}}
May 11 17:38:10 ubuntu neutron-server[126056]: DEBUG neutron.api.extensions [None req-411ee1da-e46b-41aa-b163-5a5737429e41 None None] Extended resource: tags {{(pid=126056) __init__ /opt/stack/neutron/neutron/api/extensions.py:157}}
May 11 17:38:10 ubuntu neutron-server[126056]: DEBUG neutron.api.extensions [None req-411ee1da-e46b-41aa-b163-5a5737429e41 None None] Extended resource: tags {{(pid=126056) __init__ /opt/stack/neutron/neutron/api/extensions.py:157}}
May 11 17:38:10 ubuntu neutron-server[126056]: DEBUG neutron.api.extensions [None req-411ee1da-e46b-41aa-b163-5a5737429e41 None None] Extended resource: tags {{(pid=126056) __init__ /opt/stack/neutron/neutron/api/extensions.py:157}}
May 11 17:38:10 ubuntu neutron-server[126056]: DEBUG neutron.api.extensions [None req-411ee1da-e46b-41aa-b163-5a5737429e41 None None] Extended resource: tags {{(pid=126056) __init__ /opt/stack/neutron/neutron/api/extensions.py:157}}
May 11 17:38:10 ubuntu neutron-server[126056]: DEBUG neutron.api.extensions [None req-411ee1da-e46b-41aa-b163-5a5737429e41 None None] Extended resource: tags {{(pid=126056) __init__ /opt/stack/neutron/neutron/api/extensions.py:157}}
May 11 17:38:10 ubuntu neutron-server[126056]: DEBUG neutron.api.extensions [None req-411ee1da-e46b-41aa-b163-5a5737429e41 None None] Extended resource: tags {{(pid=126056) __init__ /opt/stack/neutron/neutron/api/extensions.py:157}}
May 11 17:38:10 ubuntu neutron-server[126056]: DEBUG neutron.api.extensions [None req-411ee1da-e46b-41aa-b163-5a5737429e41 None None] Extended resource: tags {{(pid=126056) __init__ /opt/stack/neutron/neutron/api/extensions.py:157}}
May 11 17:38:10 ubuntu neutron-server[126056]: WARNING keystonemiddleware.auth_token [None req-411ee1da-e46b-41aa-b163-5a5737429e41 None None] AuthToken middleware is set with keystone_authtoken.service_token_roles_required set to False. This is backwards compatible but deprecated behaviour. Please set this to True.
May 11 17:38:10 ubuntu neutron-server[126056]: WARNING keystonemiddleware.auth_token [None req-411ee1da-e46b-41aa-b163-5a5737429e41 None None] Configuring www_authenticate_uri to point to the public identity endpoint is required; clients may not be able to authenticate against an admin endpoint
May 11 17:38:10 ubuntu neutron-server[126056]: DEBUG oslo_concurrency.lockutils [None req-411ee1da-e46b-41aa-b163-5a5737429e41 None None] Acquired lock "singleton_lock" {{(pid=126056) lock /usr/local/lib/python3.8/dist-packages/oslo_concurrency/lockutils.py:294}}
May 11 17:38:10 ubuntu neutron-server[126056]: DEBUG oslo_concurrency.lockutils [None req-411ee1da-e46b-41aa-b163-5a5737429e41 None None] Releasing lock "singleton_lock" {{(pid=126056) lock /usr/local/lib/python3.8/dist-packages/oslo_concurrency/lockutils.py:312}}
May 11 17:38:10 ubuntu neutron-server[126056]: INFO oslo_service.service [None req-411ee1da-e46b-41aa-b163-5a5737429e41 None None] Starting 2 workers
May 11 17:38:10 ubuntu neutron-server[126056]: DEBUG oslo_service.service [None req-411ee1da-e46b-41aa-b163-5a5737429e41 None None] Started child 126271 {{(pid=126056) _start_child /usr/local/lib/python3.8/dist-packages/oslo_service/service.py:575}}
May 11 17:38:10 ubuntu neutron-server[126056]: DEBUG oslo_service.service [None req-411ee1da-e46b-41aa-b163-5a5737429e41 None None] Started child 126272 {{(pid=126056) _start_child /usr/local/lib/python3.8/dist-packages/oslo_service/service.py:575}}
May 11 17:38:10 ubuntu neutron-server[126056]: INFO neutron.service [None req-411ee1da-e46b-41aa-b163-5a5737429e41 None None] Neutron service started, listening on 0.0.0.0:9696
May 11 17:38:10 ubuntu neutron-server[126056]: DEBUG neutron_lib.callbacks.manager [None req-411ee1da-e46b-41aa-b163-5a5737429e41 None None] Publish callbacks ['neutron.plugins.ml2.drivers.ovn.mech_driver.mech_driver.OVNMechanismDriver.pre_fork_initialize-765509'] for process (None), before_spawn {{(pid=126056) _notify_loop /usr/local/lib/python3.8/dist-packages/neutron_lib/callbacks/manager.py:176}}
May 11 17:38:10 ubuntu neutron-server[126271]: DEBUG neutron_lib.callbacks.manager [-] Publish callbacks ['neutron.plugins.ml2.drivers.ovn.mech_driver.mech_driver.OVNMechanismDriver.post_fork_initialize-764589'] for process (None), after_init {{(pid=126271) _notify_loop /usr/local/lib/python3.8/dist-packages/neutron_lib/callbacks/manager.py:176}}
May 11 17:38:10 ubuntu neutron-server[126272]: DEBUG neutron_lib.callbacks.manager [-] Publish callbacks ['neutron.plugins.ml2.drivers.ovn.mech_driver.mech_driver.OVNMechanismDriver.post_fork_initialize-764589'] for process (None), after_init {{(pid=126272) _notify_loop /usr/local/lib/python3.8/dist-packages/neutron_lib/callbacks/manager.py:176}}
May 11 17:38:10 ubuntu neutron-server[126056]: DEBUG ovsdbapp.backend.ovs_idl [None req-411ee1da-e46b-41aa-b163-5a5737429e41 None None] Created schema index Port_Group.name {{(pid=126056) autocreate_indices /usr/local/lib/python3.8/dist-packages/ovsdbapp/backend/ovs_idl/__init__.py:104}}
May 11 17:38:10 ubuntu neutron-server[126056]: DEBUG ovsdbapp.backend.ovs_idl [None req-411ee1da-e46b-41aa-b163-5a5737429e41 None None] Created schema index Logical_Switch_Port.name {{(pid=126056) autocreate_indices /usr/local/lib/python3.8/dist-packages/ovsdbapp/backend/ovs_idl/__init__.py:104}}
May 11 17:38:10 ubuntu neutron-server[126272]: INFO neutron.plugins.ml2.drivers.ovn.mech_driver.ovsdb.impl_idl_ovn [None req-53107954-b220-40a9-987b-c0117d1c7e57 None None] Getting OvsdbNbOvnIdl for WorkerService with retry
May 11 17:38:10 ubuntu neutron-server[126271]: INFO neutron.plugins.ml2.drivers.ovn.mech_driver.ovsdb.impl_idl_ovn [None req-91bdbb66-bb00-4b93-b064-10e81e503005 None None] Getting OvsdbNbOvnIdl for WorkerService with retry
May 11 17:38:10 ubuntu neutron-server[126056]: DEBUG ovsdbapp.backend.ovs_idl.transaction [-] Running txn n=1 command(idx=0): PgAddCommand(name=neutron_pg_drop, may_exist=True, columns={'acls': []}) {{(pid=126056) do_commit /usr/local/lib/python3.8/dist-packages/ovsdbapp/backend/ovs_idl/transaction.py:90}}
May 11 17:38:10 ubuntu neutron-server[126056]: DEBUG ovsdbapp.backend.ovs_idl.transaction [-] Running txn n=1 command(idx=1): PgAclAddCommand(entity=neutron_pg_drop, direction=from-lport, priority=1001, match=inport == @neutron_pg_drop && ip, action=drop, log=False, may_exist=True, severity=[], name=[], meter=None, external_ids={}) {{(pid=126056) do_commit /usr/local/lib/python3.8/dist-packages/ovsdbapp/backend/ovs_idl/transaction.py:90}}
May 11 17:38:10 ubuntu neutron-server[126056]: DEBUG ovsdbapp.backend.ovs_idl.transaction [-] Running txn n=1 command(idx=2): PgAclAddCommand(entity=neutron_pg_drop, direction=to-lport, priority=1001, match=outport == @neutron_pg_drop && ip, action=drop, log=False, may_exist=True, severity=[], name=[], meter=None, external_ids={}) {{(pid=126056) do_commit /usr/local/lib/python3.8/dist-packages/ovsdbapp/backend/ovs_idl/transaction.py:90}}
May 11 17:38:10 ubuntu neutron-server[126271]: DEBUG ovsdbapp.backend.ovs_idl [None req-91bdbb66-bb00-4b93-b064-10e81e503005 None None] Created lookup_table index Logical_Switch.name {{(pid=126271) autocreate_indices /usr/local/lib/python3.8/dist-packages/ovsdbapp/backend/ovs_idl/__init__.py:85}}
May 11 17:38:10 ubuntu neutron-server[126272]: DEBUG ovsdbapp.backend.ovs_idl [None req-53107954-b220-40a9-987b-c0117d1c7e57 None None] Created lookup_table index Logical_Switch.name {{(pid=126272) autocreate_indices /usr/local/lib/python3.8/dist-packages/ovsdbapp/backend/ovs_idl/__init__.py:85}}
May 11 17:38:10 ubuntu neutron-server[126271]: DEBUG ovsdbapp.backend.ovs_idl [None req-91bdbb66-bb00-4b93-b064-10e81e503005 None None] Created lookup_table index Logical_Router.name {{(pid=126271) autocreate_indices /usr/local/lib/python3.8/dist-packages/ovsdbapp/backend/ovs_idl/__init__.py:85}}
May 11 17:38:10 ubuntu neutron-server[126272]: DEBUG ovsdbapp.backend.ovs_idl [None req-53107954-b220-40a9-987b-c0117d1c7e57 None None] Created lookup_table index Logical_Router.name {{(pid=126272) autocreate_indices /usr/local/lib/python3.8/dist-packages/ovsdbapp/backend/ovs_idl/__init__.py:85}}
May 11 17:38:10 ubuntu neutron-server[126271]: DEBUG ovsdbapp.backend.ovs_idl [None req-91bdbb66-bb00-4b93-b064-10e81e503005 None None] Created lookup_table index Load_Balancer.name {{(pid=126271) autocreate_indices /usr/local/lib/python3.8/dist-packages/ovsdbapp/backend/ovs_idl/__init__.py:85}}
May 11 17:38:10 ubuntu neutron-server[126272]: DEBUG ovsdbapp.backend.ovs_idl [None req-53107954-b220-40a9-987b-c0117d1c7e57 None None] Created lookup_table index Load_Balancer.name {{(pid=126272) autocreate_indices /usr/local/lib/python3.8/dist-packages/ovsdbapp/backend/ovs_idl/__init__.py:85}}
May 11 17:38:10 ubuntu neutron-server[126271]: DEBUG ovsdbapp.backend.ovs_idl [None req-91bdbb66-bb00-4b93-b064-10e81e503005 None None] Created schema index Meter.name {{(pid=126271) autocreate_indices /usr/local/lib/python3.8/dist-packages/ovsdbapp/backend/ovs_idl/__init__.py:104}}
May 11 17:38:10 ubuntu neutron-server[126272]: DEBUG ovsdbapp.backend.ovs_idl [None req-53107954-b220-40a9-987b-c0117d1c7e57 None None] Created schema index Meter.name {{(pid=126272) autocreate_indices /usr/local/lib/python3.8/dist-packages/ovsdbapp/backend/ovs_idl/__init__.py:104}}
May 11 17:38:10 ubuntu neutron-server[126271]: DEBUG ovsdbapp.backend.ovs_idl [None req-91bdbb66-bb00-4b93-b064-10e81e503005 None None] Created schema index Address_Set.name {{(pid=126271) autocreate_indices /usr/local/lib/python3.8/dist-packages/ovsdbapp/backend/ovs_idl/__init__.py:104}}
May 11 17:38:10 ubuntu neutron-server[126272]: DEBUG ovsdbapp.backend.ovs_idl [None req-53107954-b220-40a9-987b-c0117d1c7e57 None None] Created schema index Address_Set.name {{(pid=126272) autocreate_indices /usr/local/lib/python3.8/dist-packages/ovsdbapp/backend/ovs_idl/__init__.py:104}}
May 11 17:38:10 ubuntu neutron-server[126271]: DEBUG ovsdbapp.backend.ovs_idl [None req-91bdbb66-bb00-4b93-b064-10e81e503005 None None] Created schema index HA_Chassis_Group.name {{(pid=126271) autocreate_indices /usr/local/lib/python3.8/dist-packages/ovsdbapp/backend/ovs_idl/__init__.py:104}}
May 11 17:38:10 ubuntu neutron-server[126272]: DEBUG ovsdbapp.backend.ovs_idl [None req-53107954-b220-40a9-987b-c0117d1c7e57 None None] Created schema index HA_Chassis_Group.name {{(pid=126272) autocreate_indices /usr/local/lib/python3.8/dist-packages/ovsdbapp/backend/ovs_idl/__init__.py:104}}
May 11 17:38:10 ubuntu neutron-server[126271]: DEBUG ovsdbapp.backend.ovs_idl [None req-91bdbb66-bb00-4b93-b064-10e81e503005 None None] Created schema index Connection.target {{(pid=126271) autocreate_indices /usr/local/lib/python3.8/dist-packages/ovsdbapp/backend/ovs_idl/__init__.py:104}}
May 11 17:38:10 ubuntu neutron-server[126272]: DEBUG ovsdbapp.backend.ovs_idl [None req-53107954-b220-40a9-987b-c0117d1c7e57 None None] Created schema index Connection.target {{(pid=126272) autocreate_indices /usr/local/lib/python3.8/dist-packages/ovsdbapp/backend/ovs_idl/__init__.py:104}}
May 11 17:38:10 ubuntu neutron-server[126271]: DEBUG ovsdbapp.backend.ovs_idl [None req-91bdbb66-bb00-4b93-b064-10e81e503005 None None] Created schema index Gateway_Chassis.name {{(pid=126271) autocreate_indices /usr/local/lib/python3.8/dist-packages/ovsdbapp/backend/ovs_idl/__init__.py:104}}
May 11 17:38:10 ubuntu neutron-server[126272]: DEBUG ovsdbapp.backend.ovs_idl [None req-53107954-b220-40a9-987b-c0117d1c7e57 None None] Created schema index Gateway_Chassis.name {{(pid=126272) autocreate_indices /usr/local/lib/python3.8/dist-packages/ovsdbapp/backend/ovs_idl/__init__.py:104}}
May 11 17:38:10 ubuntu neutron-server[126271]: DEBUG ovsdbapp.backend.ovs_idl [None req-91bdbb66-bb00-4b93-b064-10e81e503005 None None] Created schema index Logical_Router_Port.name {{(pid=126271) autocreate_indices /usr/local/lib/python3.8/dist-packages/ovsdbapp/backend/ovs_idl/__init__.py:104}}
May 11 17:38:10 ubuntu neutron-server[126272]: DEBUG ovsdbapp.backend.ovs_idl [None req-53107954-b220-40a9-987b-c0117d1c7e57 None None] Created schema index Logical_Router_Port.name {{(pid=126272) autocreate_indices /usr/local/lib/python3.8/dist-packages/ovsdbapp/backend/ovs_idl/__init__.py:104}}
May 11 17:38:10 ubuntu neutron-server[126271]: DEBUG ovsdbapp.backend.ovs_idl [None req-91bdbb66-bb00-4b93-b064-10e81e503005 None None] Created schema index Port_Group.name {{(pid=126271) autocreate_indices /usr/local/lib/python3.8/dist-packages/ovsdbapp/backend/ovs_idl/__init__.py:104}}
May 11 17:38:10 ubuntu neutron-server[126272]: DEBUG ovsdbapp.backend.ovs_idl [None req-53107954-b220-40a9-987b-c0117d1c7e57 None None] Created schema index Port_Group.name {{(pid=126272) autocreate_indices /usr/local/lib/python3.8/dist-packages/ovsdbapp/backend/ovs_idl/__init__.py:104}}
May 11 17:38:10 ubuntu neutron-server[126272]: DEBUG ovsdbapp.backend.ovs_idl [None req-53107954-b220-40a9-987b-c0117d1c7e57 None None] Created schema index Logical_Switch_Port.name {{(pid=126272) autocreate_indices /usr/local/lib/python3.8/dist-packages/ovsdbapp/backend/ovs_idl/__init__.py:104}}
May 11 17:38:10 ubuntu neutron-server[126271]: DEBUG ovsdbapp.backend.ovs_idl [None req-91bdbb66-bb00-4b93-b064-10e81e503005 None None] Created schema index Logical_Switch_Port.name {{(pid=126271) autocreate_indices /usr/local/lib/python3.8/dist-packages/ovsdbapp/backend/ovs_idl/__init__.py:104}}
May 11 17:38:10 ubuntu neutron-server[126272]: INFO ovsdbapp.backend.ovs_idl.vlog [None req-53107954-b220-40a9-987b-c0117d1c7e57 None None] tcp:192.168.79.46:6641: connecting...
May 11 17:38:10 ubuntu neutron-server[126271]: INFO ovsdbapp.backend.ovs_idl.vlog [None req-91bdbb66-bb00-4b93-b064-10e81e503005 None None] tcp:192.168.79.46:6641: connecting...
May 11 17:38:10 ubuntu neutron-server[126272]: INFO ovsdbapp.backend.ovs_idl.vlog [None req-53107954-b220-40a9-987b-c0117d1c7e57 None None] tcp:192.168.79.46:6641: connected
May 11 17:38:10 ubuntu neutron-server[126271]: INFO ovsdbapp.backend.ovs_idl.vlog [None req-91bdbb66-bb00-4b93-b064-10e81e503005 None None] tcp:192.168.79.46:6641: connected
May 11 17:38:10 ubuntu neutron-server[126056]: DEBUG ovsdbapp.backend.ovs_idl.event [-] Matched CREATE: NeutronPgDropPortGroupCreated(events=('create',), table='Port_Group', conditions=(('name', '=', 'neutron_pg_drop'),), old_conditions=None), priority=10 to row=Port_Group(name=neutron_pg_drop, ports=[], external_ids={}, acls=[<ovs.db.idl.Row object at 0x7fb1f2170220>, <ovs.db.idl.Row object at 0x7fb1f2170340>]) old= {{(pid=126056) matches /usr/local/lib/python3.8/dist-packages/ovsdbapp/backend/ovs_idl/event.py:43}}
May 11 17:38:10 ubuntu neutron-server[126056]: DEBUG ovsdbapp.backend.ovs_idl [None req-411ee1da-e46b-41aa-b163-5a5737429e41 None None] Created lookup_table index Logical_Switch.name {{(pid=126056) autocreate_indices /usr/local/lib/python3.8/dist-packages/ovsdbapp/backend/ovs_idl/__init__.py:85}}
May 11 17:38:10 ubuntu neutron-server[126056]: DEBUG ovsdbapp.backend.ovs_idl [None req-411ee1da-e46b-41aa-b163-5a5737429e41 None None] Created lookup_table index Logical_Router.name {{(pid=126056) autocreate_indices /usr/local/lib/python3.8/dist-packages/ovsdbapp/backend/ovs_idl/__init__.py:85}}
May 11 17:38:10 ubuntu neutron-server[126056]: DEBUG ovsdbapp.backend.ovs_idl [None req-411ee1da-e46b-41aa-b163-5a5737429e41 None None] Created lookup_table index Load_Balancer.name {{(pid=126056) autocreate_indices /usr/local/lib/python3.8/dist-packages/ovsdbapp/backend/ovs_idl/__init__.py:85}}
May 11 17:38:10 ubuntu neutron-server[126272]: DEBUG neutron.common.ovn.hash_ring_manager [None req-53107954-b220-40a9-987b-c0117d1c7e57 None None] Allow caching, nodes 2>=2 {{(pid=126272) _wait_startup_before_caching /opt/stack/neutron/neutron/common/ovn/hash_ring_manager.py:60}}
May 11 17:38:10 ubuntu neutron-server[126271]: DEBUG neutron.common.ovn.hash_ring_manager [None req-91bdbb66-bb00-4b93-b064-10e81e503005 None None] Allow caching, nodes 2>=2 {{(pid=126271) _wait_startup_before_caching /opt/stack/neutron/neutron/common/ovn/hash_ring_manager.py:60}}
May 11 17:38:10 ubuntu neutron-server[126056]: DEBUG ovsdbapp.backend.ovs_idl [None req-411ee1da-e46b-41aa-b163-5a5737429e41 None None] Created schema index Meter.name {{(pid=126056) autocreate_indices /usr/local/lib/python3.8/dist-packages/ovsdbapp/backend/ovs_idl/__init__.py:104}}
May 11 17:38:10 ubuntu neutron-server[126056]: DEBUG ovsdbapp.backend.ovs_idl [None req-411ee1da-e46b-41aa-b163-5a5737429e41 None None] Created schema index Address_Set.name {{(pid=126056) autocreate_indices /usr/local/lib/python3.8/dist-packages/ovsdbapp/backend/ovs_idl/__init__.py:104}}
May 11 17:38:10 ubuntu neutron-server[126056]: DEBUG ovsdbapp.backend.ovs_idl [None req-411ee1da-e46b-41aa-b163-5a5737429e41 None None] Created schema index HA_Chassis_Group.name {{(pid=126056) autocreate_indices /usr/local/lib/python3.8/dist-packages/ovsdbapp/backend/ovs_idl/__init__.py:104}}
May 11 17:38:10 ubuntu neutron-server[126056]: DEBUG ovsdbapp.backend.ovs_idl [None req-411ee1da-e46b-41aa-b163-5a5737429e41 None None] Created schema index Connection.target {{(pid=126056) autocreate_indices /usr/local/lib/python3.8/dist-packages/ovsdbapp/backend/ovs_idl/__init__.py:104}}
May 11 17:38:10 ubuntu neutron-server[126056]: DEBUG ovsdbapp.backend.ovs_idl [None req-411ee1da-e46b-41aa-b163-5a5737429e41 None None] Created schema index Gateway_Chassis.name {{(pid=126056) autocreate_indices /usr/local/lib/python3.8/dist-packages/ovsdbapp/backend/ovs_idl/__init__.py:104}}
May 11 17:38:10 ubuntu neutron-server[126056]: DEBUG ovsdbapp.backend.ovs_idl [None req-411ee1da-e46b-41aa-b163-5a5737429e41 None None] Created schema index Logical_Router_Port.name {{(pid=126056) autocreate_indices /usr/local/lib/python3.8/dist-packages/ovsdbapp/backend/ovs_idl/__init__.py:104}}
May 11 17:38:10 ubuntu neutron-server[126056]: DEBUG ovsdbapp.backend.ovs_idl [None req-411ee1da-e46b-41aa-b163-5a5737429e41 None None] Created schema index Port_Group.name {{(pid=126056) autocreate_indices /usr/local/lib/python3.8/dist-packages/ovsdbapp/backend/ovs_idl/__init__.py:104}}
May 11 17:38:10 ubuntu neutron-server[126056]: DEBUG ovsdbapp.backend.ovs_idl [None req-411ee1da-e46b-41aa-b163-5a5737429e41 None None] Created schema index Logical_Switch_Port.name {{(pid=126056) autocreate_indices /usr/local/lib/python3.8/dist-packages/ovsdbapp/backend/ovs_idl/__init__.py:104}}
May 11 17:38:10 ubuntu neutron-server[126272]: DEBUG neutron.plugins.ml2.drivers.ovn.mech_driver.ovsdb.ovsdb_monitor [None req-53107954-b220-40a9-987b-c0117d1c7e57 None None] Hash Ring: Node 8a18e1a5-29f6-4e4d-91fd-8bcdc0bcf943 (host: ubuntu) handling event "create" for row 5515b7b4-fe6d-4ff2-872c-8a75a6c493f7 (table: Database) {{(pid=126272) notify /opt/stack/neutron/neutron/plugins/ml2/drivers/ovn/mech_driver/ovsdb/ovsdb_monitor.py:815}}
May 11 17:38:10 ubuntu neutron-server[126272]: DEBUG neutron.plugins.ml2.drivers.ovn.mech_driver.ovsdb.ovsdb_monitor [None req-53107954-b220-40a9-987b-c0117d1c7e57 None None] Hash Ring: Node 8a18e1a5-29f6-4e4d-91fd-8bcdc0bcf943 (host: ubuntu) handling event "create" for row 2de3d8b8-ade4-4b3e-bffd-6331b93541e5 (table: Database) {{(pid=126272) notify /opt/stack/neutron/neutron/plugins/ml2/drivers/ovn/mech_driver/ovsdb/ovsdb_monitor.py:815}}
May 11 17:38:10 ubuntu neutron-server[126272]: DEBUG neutron.plugins.ml2.drivers.ovn.mech_driver.ovsdb.ovsdb_monitor [None req-53107954-b220-40a9-987b-c0117d1c7e57 None None] Hash Ring: Node 8a18e1a5-29f6-4e4d-91fd-8bcdc0bcf943 (host: ubuntu) handling event "create" for row ff311206-9e6a-46f2-8027-c84c0b8f668e (table: Port_Group) {{(pid=126272) notify /opt/stack/neutron/neutron/plugins/ml2/drivers/ovn/mech_driver/ovsdb/ovsdb_monitor.py:815}}
May 11 17:38:10 ubuntu neutron-server[126271]: DEBUG neutron.plugins.ml2.drivers.ovn.mech_driver.ovsdb.ovsdb_monitor [None req-91bdbb66-bb00-4b93-b064-10e81e503005 None None] Hash Ring: Node 757ea7ef-7f3e-4cdf-ba47-a1c5d683bd08 (host: ubuntu) handling event "create" for row f05a44e0-6dff-4221-99f3-0ed0898ffb54 (table: ACL) {{(pid=126271) notify /opt/stack/neutron/neutron/plugins/ml2/drivers/ovn/mech_driver/ovsdb/ovsdb_monitor.py:815}}
May 11 17:38:10 ubuntu neutron-server[126272]: DEBUG neutron.plugins.ml2.drivers.ovn.mech_driver.ovsdb.ovsdb_monitor [None req-53107954-b220-40a9-987b-c0117d1c7e57 None None] Hash Ring: Node 8a18e1a5-29f6-4e4d-91fd-8bcdc0bcf943 (host: ubuntu) handling event "create" for row 6e6504ad-7324-46c4-9ef3-43d99cb3566c (table: NB_Global) {{(pid=126272) notify /opt/stack/neutron/neutron/plugins/ml2/drivers/ovn/mech_driver/ovsdb/ovsdb_monitor.py:815}}
May 11 17:38:10 ubuntu neutron-server[126272]: DEBUG neutron.plugins.ml2.drivers.ovn.mech_driver.ovsdb.ovsdb_monitor [None req-53107954-b220-40a9-987b-c0117d1c7e57 None None] Hash Ring: Node 8a18e1a5-29f6-4e4d-91fd-8bcdc0bcf943 (host: ubuntu) handling event "create" for row eff50ea3-9a79-4757-ae67-49626e72f861 (table: ACL) {{(pid=126272) notify /opt/stack/neutron/neutron/plugins/ml2/drivers/ovn/mech_driver/ovsdb/ovsdb_monitor.py:815}}
May 11 17:38:10 ubuntu neutron-server[126272]: DEBUG neutron.plugins.ml2.drivers.ovn.mech_driver.ovsdb.ovsdb_monitor [None req-53107954-b220-40a9-987b-c0117d1c7e57 None None] Hash Ring: Node 8a18e1a5-29f6-4e4d-91fd-8bcdc0bcf943 (host: ubuntu) handling event "create" for row 96fe2208-4dd7-44c8-8f45-137a145c3d3a (table: Connection) {{(pid=126272) notify /opt/stack/neutron/neutron/plugins/ml2/drivers/ovn/mech_driver/ovsdb/ovsdb_monitor.py:815}}
May 11 17:38:10 ubuntu neutron-server[126271]: INFO neutron.plugins.ml2.drivers.ovn.mech_driver.ovsdb.impl_idl_ovn [None req-91bdbb66-bb00-4b93-b064-10e81e503005 None None] Getting OvsdbSbOvnIdl for WorkerService with retry
May 11 17:38:10 ubuntu neutron-server[126272]: INFO neutron.plugins.ml2.drivers.ovn.mech_driver.ovsdb.impl_idl_ovn [None req-53107954-b220-40a9-987b-c0117d1c7e57 None None] Getting OvsdbSbOvnIdl for WorkerService with retry
May 11 17:38:10 ubuntu neutron-server[126272]: DEBUG ovsdbapp.backend.ovs_idl [None req-53107954-b220-40a9-987b-c0117d1c7e57 None None] Created lookup_table index Chassis.name {{(pid=126272) autocreate_indices /usr/local/lib/python3.8/dist-packages/ovsdbapp/backend/ovs_idl/__init__.py:85}}
May 11 17:38:10 ubuntu neutron-server[126272]: DEBUG ovsdbapp.backend.ovs_idl [None req-53107954-b220-40a9-987b-c0117d1c7e57 None None] Created schema index Datapath_Binding.tunnel_key {{(pid=126272) autocreate_indices /usr/local/lib/python3.8/dist-packages/ovsdbapp/backend/ovs_idl/__init__.py:104}}
May 11 17:38:10 ubuntu neutron-server[126271]: DEBUG ovsdbapp.backend.ovs_idl [None req-91bdbb66-bb00-4b93-b064-10e81e503005 None None] Created lookup_table index Chassis.name {{(pid=126271) autocreate_indices /usr/local/lib/python3.8/dist-packages/ovsdbapp/backend/ovs_idl/__init__.py:85}}
May 11 17:38:10 ubuntu neutron-server[126272]: DEBUG ovsdbapp.backend.ovs_idl [None req-53107954-b220-40a9-987b-c0117d1c7e57 None None] Created schema index Connection.target {{(pid=126272) autocreate_indices /usr/local/lib/python3.8/dist-packages/ovsdbapp/backend/ovs_idl/__init__.py:104}}
May 11 17:38:10 ubuntu neutron-server[126271]: DEBUG ovsdbapp.backend.ovs_idl [None req-91bdbb66-bb00-4b93-b064-10e81e503005 None None] Created schema index Datapath_Binding.tunnel_key {{(pid=126271) autocreate_indices /usr/local/lib/python3.8/dist-packages/ovsdbapp/backend/ovs_idl/__init__.py:104}}
May 11 17:38:10 ubuntu neutron-server[126271]: DEBUG ovsdbapp.backend.ovs_idl [None req-91bdbb66-bb00-4b93-b064-10e81e503005 None None] Created schema index Connection.target {{(pid=126271) autocreate_indices /usr/local/lib/python3.8/dist-packages/ovsdbapp/backend/ovs_idl/__init__.py:104}}
May 11 17:38:10 ubuntu neutron-server[126271]: INFO ovsdbapp.backend.ovs_idl.vlog [None req-91bdbb66-bb00-4b93-b064-10e81e503005 None None] tcp:192.168.79.46:6642: connecting...
May 11 17:38:10 ubuntu neutron-server[126272]: INFO ovsdbapp.backend.ovs_idl.vlog [None req-53107954-b220-40a9-987b-c0117d1c7e57 None None] tcp:192.168.79.46:6642: connecting...
May 11 17:38:10 ubuntu neutron-server[126271]: INFO ovsdbapp.backend.ovs_idl.vlog [None req-91bdbb66-bb00-4b93-b064-10e81e503005 None None] tcp:192.168.79.46:6642: connected
May 11 17:38:10 ubuntu neutron-server[126272]: INFO ovsdbapp.backend.ovs_idl.vlog [None req-53107954-b220-40a9-987b-c0117d1c7e57 None None] tcp:192.168.79.46:6642: connected
May 11 17:38:10 ubuntu neutron-server[126056]: DEBUG ovsdbapp.backend.ovs_idl [None req-411ee1da-e46b-41aa-b163-5a5737429e41 None None] Created lookup_table index Chassis.name {{(pid=126056) autocreate_indices /usr/local/lib/python3.8/dist-packages/ovsdbapp/backend/ovs_idl/__init__.py:85}}
May 11 17:38:10 ubuntu neutron-server[126056]: DEBUG ovsdbapp.backend.ovs_idl [None req-411ee1da-e46b-41aa-b163-5a5737429e41 None None] Created lookup_table index MAC_Binding.ip {{(pid=126056) autocreate_indices /usr/local/lib/python3.8/dist-packages/ovsdbapp/backend/ovs_idl/__init__.py:85}}
May 11 17:38:10 ubuntu neutron-server[126056]: DEBUG ovsdbapp.backend.ovs_idl [None req-411ee1da-e46b-41aa-b163-5a5737429e41 None None] Created schema index Meter.name {{(pid=126056) autocreate_indices /usr/local/lib/python3.8/dist-packages/ovsdbapp/backend/ovs_idl/__init__.py:104}}
May 11 17:38:10 ubuntu neutron-server[126056]: DEBUG ovsdbapp.backend.ovs_idl [None req-411ee1da-e46b-41aa-b163-5a5737429e41 None None] Created schema index Address_Set.name {{(pid=126056) autocreate_indices /usr/local/lib/python3.8/dist-packages/ovsdbapp/backend/ovs_idl/__init__.py:104}}
May 11 17:38:10 ubuntu neutron-server[126056]: DEBUG ovsdbapp.backend.ovs_idl [None req-411ee1da-e46b-41aa-b163-5a5737429e41 None None] Created schema index HA_Chassis_Group.name {{(pid=126056) autocreate_indices /usr/local/lib/python3.8/dist-packages/ovsdbapp/backend/ovs_idl/__init__.py:104}}
May 11 17:38:10 ubuntu neutron-server[126056]: DEBUG ovsdbapp.backend.ovs_idl [None req-411ee1da-e46b-41aa-b163-5a5737429e41 None None] Created schema index IP_Multicast.datapath {{(pid=126056) autocreate_indices /usr/local/lib/python3.8/dist-packages/ovsdbapp/backend/ovs_idl/__init__.py:104}}
May 11 17:38:10 ubuntu neutron-server[126056]: DEBUG ovsdbapp.backend.ovs_idl [None req-411ee1da-e46b-41aa-b163-5a5737429e41 None None] Created schema index Connection.target {{(pid=126056) autocreate_indices /usr/local/lib/python3.8/dist-packages/ovsdbapp/backend/ovs_idl/__init__.py:104}}
May 11 17:38:10 ubuntu neutron-server[126056]: DEBUG ovsdbapp.backend.ovs_idl [None req-411ee1da-e46b-41aa-b163-5a5737429e41 None None] Created schema index Gateway_Chassis.name {{(pid=126056) autocreate_indices /usr/local/lib/python3.8/dist-packages/ovsdbapp/backend/ovs_idl/__init__.py:104}}
May 11 17:38:10 ubuntu neutron-server[126056]: DEBUG ovsdbapp.backend.ovs_idl [None req-411ee1da-e46b-41aa-b163-5a5737429e41 None None] Created schema index Port_Group.name {{(pid=126056) autocreate_indices /usr/local/lib/python3.8/dist-packages/ovsdbapp/backend/ovs_idl/__init__.py:104}}
May 11 17:38:10 ubuntu neutron-server[126056]: DEBUG ovsdbapp.backend.ovs_idl [None req-411ee1da-e46b-41aa-b163-5a5737429e41 None None] Created schema index Datapath_Binding.tunnel_key {{(pid=126056) autocreate_indices /usr/local/lib/python3.8/dist-packages/ovsdbapp/backend/ovs_idl/__init__.py:104}}
May 11 17:38:10 ubuntu neutron-server[126272]: DEBUG neutron.common.ovn.hash_ring_manager [None req-53107954-b220-40a9-987b-c0117d1c7e57 None None] Allow caching, nodes 2>=2 {{(pid=126272) _wait_startup_before_caching /opt/stack/neutron/neutron/common/ovn/hash_ring_manager.py:60}}
May 11 17:38:10 ubuntu neutron-server[126271]: DEBUG neutron.common.ovn.hash_ring_manager [None req-91bdbb66-bb00-4b93-b064-10e81e503005 None None] Allow caching, nodes 2>=2 {{(pid=126271) _wait_startup_before_caching /opt/stack/neutron/neutron/common/ovn/hash_ring_manager.py:60}}
May 11 17:38:10 ubuntu neutron-server[126272]: DEBUG neutron.plugins.ml2.drivers.ovn.mech_driver.ovsdb.ovsdb_monitor [None req-53107954-b220-40a9-987b-c0117d1c7e57 None None] Hash Ring: Node 8a18e1a5-29f6-4e4d-91fd-8bcdc0bcf943 (host: ubuntu) handling event "create" for row 3c682137-121b-4300-966b-33a355244a1d (table: Database) {{(pid=126272) notify /opt/stack/neutron/neutron/plugins/ml2/drivers/ovn/mech_driver/ovsdb/ovsdb_monitor.py:815}}
May 11 17:38:10 ubuntu neutron-server[126271]: DEBUG neutron.plugins.ml2.drivers.ovn.mech_driver.ovsdb.ovsdb_monitor [None req-91bdbb66-bb00-4b93-b064-10e81e503005 None None] Hash Ring: Node 757ea7ef-7f3e-4cdf-ba47-a1c5d683bd08 (host: ubuntu) handling event "create" for row abde8357-9faa-4fd2-b99a-9435db04c638 (table: Database) {{(pid=126271) notify /opt/stack/neutron/neutron/plugins/ml2/drivers/ovn/mech_driver/ovsdb/ovsdb_monitor.py:815}}
May 11 17:38:10 ubuntu neutron-server[126271]: DEBUG neutron.plugins.ml2.drivers.ovn.mech_driver.ovsdb.ovsdb_monitor [None req-91bdbb66-bb00-4b93-b064-10e81e503005 None None] Hash Ring: Node 757ea7ef-7f3e-4cdf-ba47-a1c5d683bd08 (host: ubuntu) handling event "create" for row 3da2643e-97fa-4142-a4ee-06382ae60860 (table: Encap) {{(pid=126271) notify /opt/stack/neutron/neutron/plugins/ml2/drivers/ovn/mech_driver/ovsdb/ovsdb_monitor.py:815}}
May 11 17:38:10 ubuntu neutron-server[126272]: DEBUG neutron.plugins.ml2.drivers.ovn.mech_driver.ovsdb.ovsdb_monitor [None req-53107954-b220-40a9-987b-c0117d1c7e57 None None] ChassisAgentWriteEvent : Matched Chassis, create, None None {{(pid=126272) matches /opt/stack/neutron/neutron/plugins/ml2/drivers/ovn/mech_driver/ovsdb/ovsdb_monitor.py:62}}
May 11 17:38:10 ubuntu neutron-server[126271]: DEBUG neutron.plugins.ml2.drivers.ovn.mech_driver.ovsdb.ovsdb_monitor [None req-91bdbb66-bb00-4b93-b064-10e81e503005 None None] ChassisAgentWriteEvent : Matched Chassis, create, None None {{(pid=126271) matches /opt/stack/neutron/neutron/plugins/ml2/drivers/ovn/mech_driver/ovsdb/ovsdb_monitor.py:62}}
May 11 17:38:10 ubuntu neutron-server[126272]: DEBUG neutron.plugins.ml2.drivers.ovn.mech_driver.ovsdb.ovsdb_monitor [None req-53107954-b220-40a9-987b-c0117d1c7e57 None None] ChassisMetadataAgentWriteEvent : Matched Chassis, create, None None {{(pid=126272) matches /opt/stack/neutron/neutron/plugins/ml2/drivers/ovn/mech_driver/ovsdb/ovsdb_monitor.py:62}}
May 11 17:38:10 ubuntu neutron-server[126271]: DEBUG neutron.plugins.ml2.drivers.ovn.mech_driver.ovsdb.ovsdb_monitor [None req-91bdbb66-bb00-4b93-b064-10e81e503005 None None] ChassisMetadataAgentWriteEvent : Matched Chassis, create, None None {{(pid=126271) matches /opt/stack/neutron/neutron/plugins/ml2/drivers/ovn/mech_driver/ovsdb/ovsdb_monitor.py:62}}
May 11 17:38:10 ubuntu neutron-server[126272]: DEBUG neutron.plugins.ml2.drivers.ovn.mech_driver.ovsdb.ovsdb_monitor [None req-53107954-b220-40a9-987b-c0117d1c7e57 None None] Hash Ring: Node 8a18e1a5-29f6-4e4d-91fd-8bcdc0bcf943 (host: ubuntu) handling event "create" for row 68a1dbd4-8f0e-49d6-9796-b551aa7f6de4 (table: Chassis) {{(pid=126272) notify /opt/stack/neutron/neutron/plugins/ml2/drivers/ovn/mech_driver/ovsdb/ovsdb_monitor.py:815}}
May 11 17:38:10 ubuntu neutron-server[126271]: DEBUG neutron.plugins.ml2.drivers.ovn.mech_driver.ovsdb.ovsdb_monitor [None req-91bdbb66-bb00-4b93-b064-10e81e503005 None None] Hash Ring: Node 757ea7ef-7f3e-4cdf-ba47-a1c5d683bd08 (host: ubuntu) handling event "create" for row 9d8e643e-1baf-421a-a396-6b77593fa0b5 (table: Connection) {{(pid=126271) notify /opt/stack/neutron/neutron/plugins/ml2/drivers/ovn/mech_driver/ovsdb/ovsdb_monitor.py:815}}
May 11 17:38:10 ubuntu neutron-server[126272]: INFO neutron.wsgi [-] (126272) wsgi starting up on http://0.0.0.0:9696
May 11 17:38:10 ubuntu neutron-server[126271]: INFO neutron.wsgi [-] (126271) wsgi starting up on http://0.0.0.0:9696
May 11 17:38:10 ubuntu neutron-server[126272]: DEBUG neutron.wsgi [-] (126272) accepted ('192.168.79.46', 39758) {{(pid=126272) server /usr/local/lib/python3.8/dist-packages/eventlet/wsgi.py:1004}}
May 11 17:38:10 ubuntu neutron-server[126272]: INFO neutron.wsgi [-] 192.168.79.46 "GET / HTTP/1.1" status: 200  len: 255 time: 0.0045931
May 11 17:38:10 ubuntu neutron-server[126056]: INFO oslo_service.service [None req-411ee1da-e46b-41aa-b163-5a5737429e41 None None] Starting 1 workers
May 11 17:38:10 ubuntu neutron-server[126056]: DEBUG oslo_service.service [None req-411ee1da-e46b-41aa-b163-5a5737429e41 None None] Started child 126279 {{(pid=126056) _start_child /usr/local/lib/python3.8/dist-packages/oslo_service/service.py:575}}
May 11 17:38:10 ubuntu neutron-server[126056]: INFO oslo_service.service [None req-411ee1da-e46b-41aa-b163-5a5737429e41 None None] Starting 1 workers
May 11 17:38:10 ubuntu neutron-server[126279]: DEBUG neutron.service [None req-411ee1da-e46b-41aa-b163-5a5737429e41 None None] calling RpcWorker wait() {{(pid=126279) _wait /opt/stack/neutron/neutron/service.py:128}}
May 11 17:38:10 ubuntu neutron-server[126056]: DEBUG oslo_service.service [None req-411ee1da-e46b-41aa-b163-5a5737429e41 None None] Started child 126283 {{(pid=126056) _start_child /usr/local/lib/python3.8/dist-packages/oslo_service/service.py:575}}
May 11 17:38:10 ubuntu neutron-server[126056]: INFO oslo_service.service [None req-411ee1da-e46b-41aa-b163-5a5737429e41 None None] Starting 1 workers
May 11 17:38:10 ubuntu neutron-server[126279]: DEBUG neutron.service [None req-411ee1da-e46b-41aa-b163-5a5737429e41 None None] returning from RpcWorker wait() {{(pid=126279) _wait /opt/stack/neutron/neutron/service.py:135}}
May 11 17:38:10 ubuntu neutron-server[126283]: DEBUG neutron_lib.callbacks.manager [-] Publish callbacks ['neutron.plugins.ml2.drivers.ovn.mech_driver.mech_driver.OVNMechanismDriver.post_fork_initialize-764589'] for process (None), after_init {{(pid=126283) _notify_loop /usr/local/lib/python3.8/dist-packages/neutron_lib/callbacks/manager.py:176}}
May 11 17:38:10 ubuntu neutron-server[126056]: DEBUG oslo_service.service [None req-411ee1da-e46b-41aa-b163-5a5737429e41 None None] Started child 126286 {{(pid=126056) _start_child /usr/local/lib/python3.8/dist-packages/oslo_service/service.py:575}}
May 11 17:38:10 ubuntu neutron-server[126279]: DEBUG neutron_lib.callbacks.manager [-] Publish callbacks ['neutron.plugins.ml2.drivers.ovn.mech_driver.mech_driver.OVNMechanismDriver.post_fork_initialize-764589'] for process (None), after_init {{(pid=126279) _notify_loop /usr/local/lib/python3.8/dist-packages/neutron_lib/callbacks/manager.py:176}}
May 11 17:38:10 ubuntu neutron-server[126056]: DEBUG neutron_lib.callbacks.manager [None req-411ee1da-e46b-41aa-b163-5a5737429e41 None None] Publish callbacks [] for process (None), after_spawn {{(pid=126056) _notify_loop /usr/local/lib/python3.8/dist-packages/neutron_lib/callbacks/manager.py:176}}
May 11 17:38:10 ubuntu neutron-server[126283]: INFO neutron.plugins.ml2.drivers.ovn.mech_driver.ovsdb.impl_idl_ovn [-] Getting OvsdbNbOvnIdl for MaintenanceWorker with retry
May 11 17:38:10 ubuntu neutron-server[126286]: DEBUG neutron_lib.callbacks.manager [-] Publish callbacks ['neutron.plugins.ml2.drivers.ovn.mech_driver.mech_driver.OVNMechanismDriver.post_fork_initialize-764589'] for process (None), after_init {{(pid=126286) _notify_loop /usr/local/lib/python3.8/dist-packages/neutron_lib/callbacks/manager.py:176}}
May 11 17:38:10 ubuntu neutron-server[126279]: INFO neutron.plugins.ml2.drivers.ovn.mech_driver.ovsdb.impl_idl_ovn [-] Getting OvsdbNbOvnIdl for RpcWorker with retry
May 11 17:38:10 ubuntu neutron-server[126056]: DEBUG oslo_service.service [-] Full set of CONF: {{(pid=126056) wait /usr/local/lib/python3.8/dist-packages/oslo_service/service.py:649}}
May 11 17:38:10 ubuntu neutron-server[126056]: DEBUG oslo_service.service [-] ******************************************************************************** {{(pid=126056) log_opt_values /usr/local/lib/python3.8/dist-packages/oslo_config/cfg.py:2589}}
