May 11 18:57:53 ubuntu neutron-server[110098]: DEBUG neutron.api.extensions [None req-86e4b915-6e4f-4bea-baac-ed35694a1f17 None None] Ext name="Uplink status propagation extension" alias="uplink-status-propagation" description="Provides ability to propagate port uplink status." updated="2018-05-31T18:00:00-00:00" {{(pid=110098) _check_extension /opt/stack/neutron/neutron/api/extensions.py:416}}
May 11 18:57:53 ubuntu neutron-server[110098]: INFO neutron.api.extensions [None req-86e4b915-6e4f-4bea-baac-ed35694a1f17 None None] Extension uplink-status-propagation not supported by any of loaded plugins
May 11 18:57:53 ubuntu neutron-server[110098]: DEBUG neutron.api.extensions [None req-86e4b915-6e4f-4bea-baac-ed35694a1f17 None None] Loading extension file: vlantransparent.py {{(pid=110098) _load_all_extensions_from_path /opt/stack/neutron/neutron/api/extensions.py:450}}
May 11 18:57:53 ubuntu neutron-server[110098]: DEBUG neutron.api.extensions [None req-86e4b915-6e4f-4bea-baac-ed35694a1f17 None None] Ext name="Vlantransparent" alias="vlan-transparent" description="Provides Vlan Transparent Networks" updated="2015-03-23T09:00:00-00:00" {{(pid=110098) _check_extension /opt/stack/neutron/neutron/api/extensions.py:416}}
May 11 18:57:53 ubuntu neutron-server[110098]: INFO neutron.api.extensions [None req-86e4b915-6e4f-4bea-baac-ed35694a1f17 None None] Extension vlan-transparent not supported by any of loaded plugins
May 11 18:57:53 ubuntu neutron-server[110098]: INFO neutron.quota.resource_registry [None req-86e4b915-6e4f-4bea-baac-ed35694a1f17 None None] Creating instance of TrackedResource for resource:network
May 11 18:57:53 ubuntu neutron-server[110098]: INFO neutron.quota.resource_registry [None req-86e4b915-6e4f-4bea-baac-ed35694a1f17 None None] Creating instance of TrackedResource for resource:subnet
May 11 18:57:53 ubuntu neutron-server[110098]: INFO neutron.quota.resource_registry [None req-86e4b915-6e4f-4bea-baac-ed35694a1f17 None None] Creating instance of TrackedResource for resource:subnetpool
May 11 18:57:53 ubuntu neutron-server[110098]: INFO neutron.quota.resource_registry [None req-86e4b915-6e4f-4bea-baac-ed35694a1f17 None None] Creating instance of TrackedResource for resource:port
May 11 18:57:53 ubuntu neutron-server[110098]: DEBUG neutron.api.v2.resource_helper [None req-86e4b915-6e4f-4bea-baac-ed35694a1f17 None None] Service FLAVORS assigned prefix:  {{(pid=110098) build_resource_info /opt/stack/neutron/neutron/api/v2/resource_helper.py:77}}
May 11 18:57:53 ubuntu neutron-server[110098]: DEBUG neutron.api.v2.resource_helper [None req-86e4b915-6e4f-4bea-baac-ed35694a1f17 None None] Service L3_ROUTER_NAT assigned prefix:  {{(pid=110098) build_resource_info /opt/stack/neutron/neutron/api/v2/resource_helper.py:77}}
May 11 18:57:53 ubuntu neutron-server[110098]: DEBUG neutron.api.v2.resource_helper [None req-86e4b915-6e4f-4bea-baac-ed35694a1f17 None None] Service L3_ROUTER_NAT assigned prefix:  {{(pid=110098) build_resource_info /opt/stack/neutron/neutron/api/v2/resource_helper.py:77}}
May 11 18:57:53 ubuntu neutron-server[110098]: INFO neutron.quota.resource_registry [None req-86e4b915-6e4f-4bea-baac-ed35694a1f17 None None] Creating instance of TrackedResource for resource:router
May 11 18:57:53 ubuntu neutron-server[110098]: INFO neutron.quota.resource_registry [None req-86e4b915-6e4f-4bea-baac-ed35694a1f17 None None] Creating instance of TrackedResource for resource:floatingip
May 11 18:57:53 ubuntu neutron-server[110098]: DEBUG neutron_lib.callbacks.manager [None req-86e4b915-6e4f-4bea-baac-ed35694a1f17 None None] Subscribe: <bound method NeutronDbPluginV2.validate_network_rbac_policy_change of <neutron.services.network_ip_availability.plugin.NetworkIPAvailabilityPlugin object at 0x7f52de4cf490>> rbac-policy before_create 55550000 {{(pid=110098) subscribe /usr/local/lib/python3.8/dist-packages/neutron_lib/callbacks/manager.py:45}}
May 11 18:57:53 ubuntu neutron-server[110098]: DEBUG neutron_lib.callbacks.manager [None req-86e4b915-6e4f-4bea-baac-ed35694a1f17 None None] Subscribe: <bound method NeutronDbPluginV2.validate_network_rbac_policy_change of <neutron.services.network_ip_availability.plugin.NetworkIPAvailabilityPlugin object at 0x7f52de4cf490>> rbac-policy before_update 55550000 {{(pid=110098) subscribe /usr/local/lib/python3.8/dist-packages/neutron_lib/callbacks/manager.py:45}}
May 11 18:57:53 ubuntu neutron-server[110098]: DEBUG neutron_lib.callbacks.manager [None req-86e4b915-6e4f-4bea-baac-ed35694a1f17 None None] Subscribe: <bound method NeutronDbPluginV2.validate_network_rbac_policy_change of <neutron.services.network_ip_availability.plugin.NetworkIPAvailabilityPlugin object at 0x7f52de4cf490>> rbac-policy before_delete 55550000 {{(pid=110098) subscribe /usr/local/lib/python3.8/dist-packages/neutron_lib/callbacks/manager.py:45}}
May 11 18:57:53 ubuntu neutron-server[110098]: INFO neutron.quota.resource_registry [None req-86e4b915-6e4f-4bea-baac-ed35694a1f17 None None] Creating instance of CountableResource for resource:rbac_policy
May 11 18:57:53 ubuntu neutron-server[110098]: INFO neutron.quota.resource_registry [None req-86e4b915-6e4f-4bea-baac-ed35694a1f17 None None] Creating instance of TrackedResource for resource:security_group
May 11 18:57:53 ubuntu neutron-server[110098]: INFO neutron.quota.resource_registry [None req-86e4b915-6e4f-4bea-baac-ed35694a1f17 None None] Creating instance of TrackedResource for resource:security_group_rule
May 11 18:57:53 ubuntu neutron-server[110098]: DEBUG neutron.api.v2.resource_helper [None req-86e4b915-6e4f-4bea-baac-ed35694a1f17 None None] Service FLAVORS assigned prefix:  {{(pid=110098) build_resource_info /opt/stack/neutron/neutron/api/v2/resource_helper.py:77}}
May 11 18:57:53 ubuntu neutron-server[110098]: DEBUG neutron.api.v2.resource_helper [None req-86e4b915-6e4f-4bea-baac-ed35694a1f17 None None] Service L3_ROUTER_NAT assigned prefix:  {{(pid=110098) build_resource_info /opt/stack/neutron/neutron/api/v2/resource_helper.py:77}}
May 11 18:57:53 ubuntu neutron-server[110098]: DEBUG neutron.api.v2.resource_helper [None req-86e4b915-6e4f-4bea-baac-ed35694a1f17 None None] Service L3_ROUTER_NAT assigned prefix:  {{(pid=110098) build_resource_info /opt/stack/neutron/neutron/api/v2/resource_helper.py:77}}
May 11 18:57:53 ubuntu neutron-server[110098]: INFO neutron.quota.resource_registry [None req-86e4b915-6e4f-4bea-baac-ed35694a1f17 None None] Creating instance of TrackedResource for resource:router
May 11 18:57:53 ubuntu neutron-server[110098]: WARNING neutron.quota.resource_registry [None req-86e4b915-6e4f-4bea-baac-ed35694a1f17 None None] router is already registered
May 11 18:57:53 ubuntu neutron-server[110098]: INFO neutron.quota.resource_registry [None req-86e4b915-6e4f-4bea-baac-ed35694a1f17 None None] Creating instance of TrackedResource for resource:floatingip
May 11 18:57:53 ubuntu neutron-server[110098]: WARNING neutron.quota.resource_registry [None req-86e4b915-6e4f-4bea-baac-ed35694a1f17 None None] floatingip is already registered
May 11 18:57:53 ubuntu neutron-server[110098]: INFO neutron.quota.resource_registry [None req-86e4b915-6e4f-4bea-baac-ed35694a1f17 None None] Creating instance of CountableResource for resource:rbac_policy
May 11 18:57:53 ubuntu neutron-server[110098]: WARNING neutron.quota.resource_registry [None req-86e4b915-6e4f-4bea-baac-ed35694a1f17 None None] rbac_policy is already registered
May 11 18:57:53 ubuntu neutron-server[110098]: INFO neutron.quota.resource_registry [None req-86e4b915-6e4f-4bea-baac-ed35694a1f17 None None] Creating instance of TrackedResource for resource:security_group
May 11 18:57:53 ubuntu neutron-server[110098]: WARNING neutron.quota.resource_registry [None req-86e4b915-6e4f-4bea-baac-ed35694a1f17 None None] security_group is already registered
May 11 18:57:53 ubuntu neutron-server[110098]: INFO neutron.quota.resource_registry [None req-86e4b915-6e4f-4bea-baac-ed35694a1f17 None None] Creating instance of TrackedResource for resource:security_group_rule
May 11 18:57:53 ubuntu neutron-server[110098]: WARNING neutron.quota.resource_registry [None req-86e4b915-6e4f-4bea-baac-ed35694a1f17 None None] security_group_rule is already registered
May 11 18:57:53 ubuntu neutron-server[110098]: DEBUG neutron.api.extensions [None req-86e4b915-6e4f-4bea-baac-ed35694a1f17 None None] Extended resource: extensions {{(pid=110098) __init__ /opt/stack/neutron/neutron/api/extensions.py:157}}
May 11 18:57:53 ubuntu neutron-server[110098]: DEBUG neutron.api.extensions [None req-86e4b915-6e4f-4bea-baac-ed35694a1f17 None None] Extended resource: address-groups {{(pid=110098) __init__ /opt/stack/neutron/neutron/api/extensions.py:157}}
May 11 18:57:53 ubuntu neutron-server[110098]: DEBUG neutron.api.extensions [None req-86e4b915-6e4f-4bea-baac-ed35694a1f17 None None] Extended resource: address-scopes {{(pid=110098) __init__ /opt/stack/neutron/neutron/api/extensions.py:157}}
May 11 18:57:53 ubuntu neutron-server[110098]: DEBUG neutron.api.extensions [None req-86e4b915-6e4f-4bea-baac-ed35694a1f17 None None] Extended resource: agents {{(pid=110098) __init__ /opt/stack/neutron/neutron/api/extensions.py:157}}
May 11 18:57:53 ubuntu neutron-server[110098]: DEBUG neutron.api.extensions [None req-86e4b915-6e4f-4bea-baac-ed35694a1f17 None None] Extended resource: auto-allocated-topology {{(pid=110098) __init__ /opt/stack/neutron/neutron/api/extensions.py:157}}
May 11 18:57:53 ubuntu neutron-server[110098]: DEBUG neutron.api.extensions [None req-86e4b915-6e4f-4bea-baac-ed35694a1f17 None None] Extended resource: availability_zones {{(pid=110098) __init__ /opt/stack/neutron/neutron/api/extensions.py:157}}
May 11 18:57:53 ubuntu neutron-server[110098]: DEBUG neutron.api.extensions [None req-86e4b915-6e4f-4bea-baac-ed35694a1f17 None None] Extended resource: flavors {{(pid=110098) __init__ /opt/stack/neutron/neutron/api/extensions.py:157}}
May 11 18:57:53 ubuntu neutron-server[110098]: DEBUG neutron.api.extensions [None req-86e4b915-6e4f-4bea-baac-ed35694a1f17 None None] Extended resource: service_profiles {{(pid=110098) __init__ /opt/stack/neutron/neutron/api/extensions.py:157}}
May 11 18:57:53 ubuntu neutron-server[110098]: DEBUG neutron.api.extensions [None req-86e4b915-6e4f-4bea-baac-ed35694a1f17 None None] Extended resource: next_providers {{(pid=110098) __init__ /opt/stack/neutron/neutron/api/extensions.py:157}}
May 11 18:57:53 ubuntu neutron-server[110098]: DEBUG neutron.api.extensions [None req-86e4b915-6e4f-4bea-baac-ed35694a1f17 None None] Extended resource: service_profiles {{(pid=110098) __init__ /opt/stack/neutron/neutron/api/extensions.py:157}}
May 11 18:57:53 ubuntu neutron-server[110098]: DEBUG neutron.api.extensions [None req-86e4b915-6e4f-4bea-baac-ed35694a1f17 None None] Extended resource: floatingip-pools {{(pid=110098) __init__ /opt/stack/neutron/neutron/api/extensions.py:157}}
May 11 18:57:53 ubuntu neutron-server[110098]: DEBUG neutron.api.extensions [None req-86e4b915-6e4f-4bea-baac-ed35694a1f17 None None] Extended resource: routers {{(pid=110098) __init__ /opt/stack/neutron/neutron/api/extensions.py:157}}
May 11 18:57:53 ubuntu neutron-server[110098]: DEBUG neutron.api.extensions [None req-86e4b915-6e4f-4bea-baac-ed35694a1f17 None None] Extended resource: floatingips {{(pid=110098) __init__ /opt/stack/neutron/neutron/api/extensions.py:157}}
May 11 18:57:53 ubuntu neutron-server[110098]: DEBUG neutron.api.extensions [None req-86e4b915-6e4f-4bea-baac-ed35694a1f17 None None] Extended resource: network-ip-availabilities {{(pid=110098) __init__ /opt/stack/neutron/neutron/api/extensions.py:157}}
May 11 18:57:53 ubuntu neutron-server[110098]: DEBUG neutron.api.extensions [None req-86e4b915-6e4f-4bea-baac-ed35694a1f17 None None] Extended resource: bindings {{(pid=110098) __init__ /opt/stack/neutron/neutron/api/extensions.py:157}}
May 11 18:57:53 ubuntu neutron-server[110098]: DEBUG neutron.api.extensions [None req-86e4b915-6e4f-4bea-baac-ed35694a1f17 None None] Extended resource: quotas {{(pid=110098) __init__ /opt/stack/neutron/neutron/api/extensions.py:157}}
May 11 18:57:53 ubuntu neutron-server[110098]: DEBUG neutron.api.extensions [None req-86e4b915-6e4f-4bea-baac-ed35694a1f17 None None] Extended resource: quotas {{(pid=110098) __init__ /opt/stack/neutron/neutron/api/extensions.py:157}}
May 11 18:57:53 ubuntu neutron-server[110098]: DEBUG neutron.api.extensions [None req-86e4b915-6e4f-4bea-baac-ed35694a1f17 None None] Extended resource: rbac-policies {{(pid=110098) __init__ /opt/stack/neutron/neutron/api/extensions.py:157}}
May 11 18:57:53 ubuntu neutron-server[110098]: DEBUG neutron.api.extensions [None req-86e4b915-6e4f-4bea-baac-ed35694a1f17 None None] Extended resource: security-groups {{(pid=110098) __init__ /opt/stack/neutron/neutron/api/extensions.py:157}}
May 11 18:57:53 ubuntu neutron-server[110098]: DEBUG neutron.api.extensions [None req-86e4b915-6e4f-4bea-baac-ed35694a1f17 None None] Extended resource: security-group-rules {{(pid=110098) __init__ /opt/stack/neutron/neutron/api/extensions.py:157}}
May 11 18:57:53 ubuntu neutron-server[110098]: DEBUG neutron.api.extensions [None req-86e4b915-6e4f-4bea-baac-ed35694a1f17 None None] Extended resource: service-providers {{(pid=110098) __init__ /opt/stack/neutron/neutron/api/extensions.py:157}}
May 11 18:57:53 ubuntu neutron-server[110098]: DEBUG neutron.api.extensions [None req-86e4b915-6e4f-4bea-baac-ed35694a1f17 None None] Extended resource: tags {{(pid=110098) __init__ /opt/stack/neutron/neutron/api/extensions.py:157}}
May 11 18:57:53 ubuntu neutron-server[110098]: DEBUG neutron.api.extensions [None req-86e4b915-6e4f-4bea-baac-ed35694a1f17 None None] Extended resource: tags {{(pid=110098) __init__ /opt/stack/neutron/neutron/api/extensions.py:157}}
May 11 18:57:53 ubuntu neutron-server[110098]: DEBUG neutron.api.extensions [None req-86e4b915-6e4f-4bea-baac-ed35694a1f17 None None] Extended resource: tags {{(pid=110098) __init__ /opt/stack/neutron/neutron/api/extensions.py:157}}
May 11 18:57:53 ubuntu neutron-server[110098]: DEBUG neutron.api.extensions [None req-86e4b915-6e4f-4bea-baac-ed35694a1f17 None None] Extended resource: tags {{(pid=110098) __init__ /opt/stack/neutron/neutron/api/extensions.py:157}}
May 11 18:57:53 ubuntu neutron-server[110098]: DEBUG neutron.api.extensions [None req-86e4b915-6e4f-4bea-baac-ed35694a1f17 None None] Extended resource: tags {{(pid=110098) __init__ /opt/stack/neutron/neutron/api/extensions.py:157}}
May 11 18:57:53 ubuntu neutron-server[110098]: DEBUG neutron.api.extensions [None req-86e4b915-6e4f-4bea-baac-ed35694a1f17 None None] Extended resource: tags {{(pid=110098) __init__ /opt/stack/neutron/neutron/api/extensions.py:157}}
May 11 18:57:53 ubuntu neutron-server[110098]: DEBUG neutron.api.extensions [None req-86e4b915-6e4f-4bea-baac-ed35694a1f17 None None] Extended resource: tags {{(pid=110098) __init__ /opt/stack/neutron/neutron/api/extensions.py:157}}
May 11 18:57:53 ubuntu neutron-server[110098]: DEBUG neutron.api.extensions [None req-86e4b915-6e4f-4bea-baac-ed35694a1f17 None None] Extended resource: tags {{(pid=110098) __init__ /opt/stack/neutron/neutron/api/extensions.py:157}}
May 11 18:57:53 ubuntu neutron-server[110098]: DEBUG neutron.api.extensions [None req-86e4b915-6e4f-4bea-baac-ed35694a1f17 None None] Extended resource: tags {{(pid=110098) __init__ /opt/stack/neutron/neutron/api/extensions.py:157}}
May 11 18:57:53 ubuntu neutron-server[110098]: DEBUG neutron.api.extensions [None req-86e4b915-6e4f-4bea-baac-ed35694a1f17 None None] Extended resource: tags {{(pid=110098) __init__ /opt/stack/neutron/neutron/api/extensions.py:157}}
May 11 18:57:53 ubuntu neutron-server[110098]: WARNING keystonemiddleware.auth_token [None req-86e4b915-6e4f-4bea-baac-ed35694a1f17 None None] AuthToken middleware is set with keystone_authtoken.service_token_roles_required set to False. This is backwards compatible but deprecated behaviour. Please set this to True.
May 11 18:57:53 ubuntu neutron-server[110098]: WARNING keystonemiddleware.auth_token [None req-86e4b915-6e4f-4bea-baac-ed35694a1f17 None None] Configuring www_authenticate_uri to point to the public identity endpoint is required; clients may not be able to authenticate against an admin endpoint
May 11 18:57:53 ubuntu neutron-server[110098]: DEBUG oslo_concurrency.lockutils [None req-86e4b915-6e4f-4bea-baac-ed35694a1f17 None None] Acquired lock "singleton_lock" {{(pid=110098) lock /usr/local/lib/python3.8/dist-packages/oslo_concurrency/lockutils.py:294}}
May 11 18:57:53 ubuntu neutron-server[110098]: DEBUG oslo_concurrency.lockutils [None req-86e4b915-6e4f-4bea-baac-ed35694a1f17 None None] Releasing lock "singleton_lock" {{(pid=110098) lock /usr/local/lib/python3.8/dist-packages/oslo_concurrency/lockutils.py:312}}
May 11 18:57:53 ubuntu neutron-server[110098]: INFO oslo_service.service [None req-86e4b915-6e4f-4bea-baac-ed35694a1f17 None None] Starting 2 workers
May 11 18:57:53 ubuntu neutron-server[110098]: DEBUG oslo_service.service [None req-86e4b915-6e4f-4bea-baac-ed35694a1f17 None None] Started child 110311 {{(pid=110098) _start_child /usr/local/lib/python3.8/dist-packages/oslo_service/service.py:575}}
May 11 18:57:53 ubuntu neutron-server[110098]: DEBUG oslo_service.service [None req-86e4b915-6e4f-4bea-baac-ed35694a1f17 None None] Started child 110312 {{(pid=110098) _start_child /usr/local/lib/python3.8/dist-packages/oslo_service/service.py:575}}
May 11 18:57:53 ubuntu neutron-server[110311]: DEBUG neutron_lib.callbacks.manager [-] Publish callbacks ['neutron.plugins.ml2.drivers.ovn.mech_driver.mech_driver.OVNMechanismDriver.post_fork_initialize-1925032'] for process (None), after_init {{(pid=110311) _notify_loop /usr/local/lib/python3.8/dist-packages/neutron_lib/callbacks/manager.py:176}}
May 11 18:57:53 ubuntu neutron-server[110098]: INFO neutron.service [None req-86e4b915-6e4f-4bea-baac-ed35694a1f17 None None] Neutron service started, listening on 0.0.0.0:9696
May 11 18:57:53 ubuntu neutron-server[110098]: DEBUG neutron_lib.callbacks.manager [None req-86e4b915-6e4f-4bea-baac-ed35694a1f17 None None] Publish callbacks ['neutron.plugins.ml2.drivers.ovn.mech_driver.mech_driver.OVNMechanismDriver.pre_fork_initialize-1924176'] for process (None), before_spawn {{(pid=110098) _notify_loop /usr/local/lib/python3.8/dist-packages/neutron_lib/callbacks/manager.py:176}}
May 11 18:57:53 ubuntu neutron-server[110312]: DEBUG neutron_lib.callbacks.manager [-] Publish callbacks ['neutron.plugins.ml2.drivers.ovn.mech_driver.mech_driver.OVNMechanismDriver.post_fork_initialize-1925032'] for process (None), after_init {{(pid=110312) _notify_loop /usr/local/lib/python3.8/dist-packages/neutron_lib/callbacks/manager.py:176}}
May 11 18:57:53 ubuntu neutron-server[110311]: INFO neutron.plugins.ml2.drivers.ovn.mech_driver.ovsdb.impl_idl_ovn [None req-29a0bd3e-5f8f-4a6e-bd69-12d529bba0a3 None None] Getting OvsdbNbOvnIdl for WorkerService with retry
May 11 18:57:53 ubuntu neutron-server[110312]: INFO neutron.plugins.ml2.drivers.ovn.mech_driver.ovsdb.impl_idl_ovn [None req-21c1e6cf-1688-4bfc-a915-f3c618b143f3 None None] Getting OvsdbNbOvnIdl for WorkerService with retry
May 11 18:57:53 ubuntu neutron-server[110098]: DEBUG ovsdbapp.backend.ovs_idl [None req-86e4b915-6e4f-4bea-baac-ed35694a1f17 None None] Created schema index Port_Group.name {{(pid=110098) autocreate_indices /usr/local/lib/python3.8/dist-packages/ovsdbapp/backend/ovs_idl/__init__.py:104}}
May 11 18:57:53 ubuntu neutron-server[110098]: DEBUG ovsdbapp.backend.ovs_idl [None req-86e4b915-6e4f-4bea-baac-ed35694a1f17 None None] Created schema index Logical_Switch_Port.name {{(pid=110098) autocreate_indices /usr/local/lib/python3.8/dist-packages/ovsdbapp/backend/ovs_idl/__init__.py:104}}
May 11 18:57:53 ubuntu neutron-server[110098]: DEBUG ovsdbapp.backend.ovs_idl.transaction [-] Running txn n=1 command(idx=0): PgAddCommand(name=neutron_pg_drop, may_exist=True, columns={'acls': []}) {{(pid=110098) do_commit /usr/local/lib/python3.8/dist-packages/ovsdbapp/backend/ovs_idl/transaction.py:90}}
May 11 18:57:53 ubuntu neutron-server[110098]: DEBUG ovsdbapp.backend.ovs_idl.transaction [-] Running txn n=1 command(idx=1): PgAclAddCommand(entity=neutron_pg_drop, direction=from-lport, priority=1001, match=inport == @neutron_pg_drop && ip, action=drop, log=False, may_exist=True, severity=[], name=[], meter=None, external_ids={}) {{(pid=110098) do_commit /usr/local/lib/python3.8/dist-packages/ovsdbapp/backend/ovs_idl/transaction.py:90}}
May 11 18:57:53 ubuntu neutron-server[110098]: DEBUG ovsdbapp.backend.ovs_idl.transaction [-] Running txn n=1 command(idx=2): PgAclAddCommand(entity=neutron_pg_drop, direction=to-lport, priority=1001, match=outport == @neutron_pg_drop && ip, action=drop, log=False, may_exist=True, severity=[], name=[], meter=None, external_ids={}) {{(pid=110098) do_commit /usr/local/lib/python3.8/dist-packages/ovsdbapp/backend/ovs_idl/transaction.py:90}}
May 11 18:57:53 ubuntu neutron-server[110098]: DEBUG ovsdbapp.backend.ovs_idl.event [-] Matched CREATE: NeutronPgDropPortGroupCreated(events=('create',), table='Port_Group', conditions=(('name', '=', 'neutron_pg_drop'),), old_conditions=None), priority=10 to row=Port_Group(name=neutron_pg_drop, ports=[], external_ids={}, acls=[<ovs.db.idl.Row object at 0x7f52de8192b0>, <ovs.db.idl.Row object at 0x7f52de819310>]) old= {{(pid=110098) matches /usr/local/lib/python3.8/dist-packages/ovsdbapp/backend/ovs_idl/event.py:43}}
May 11 18:57:53 ubuntu neutron-server[110311]: DEBUG ovsdbapp.backend.ovs_idl [None req-29a0bd3e-5f8f-4a6e-bd69-12d529bba0a3 None None] Created lookup_table index Logical_Switch.name {{(pid=110311) autocreate_indices /usr/local/lib/python3.8/dist-packages/ovsdbapp/backend/ovs_idl/__init__.py:85}}
May 11 18:57:53 ubuntu neutron-server[110312]: DEBUG ovsdbapp.backend.ovs_idl [None req-21c1e6cf-1688-4bfc-a915-f3c618b143f3 None None] Created lookup_table index Logical_Switch.name {{(pid=110312) autocreate_indices /usr/local/lib/python3.8/dist-packages/ovsdbapp/backend/ovs_idl/__init__.py:85}}
May 11 18:57:53 ubuntu neutron-server[110311]: DEBUG ovsdbapp.backend.ovs_idl [None req-29a0bd3e-5f8f-4a6e-bd69-12d529bba0a3 None None] Created lookup_table index Logical_Router.name {{(pid=110311) autocreate_indices /usr/local/lib/python3.8/dist-packages/ovsdbapp/backend/ovs_idl/__init__.py:85}}
May 11 18:57:53 ubuntu neutron-server[110312]: DEBUG ovsdbapp.backend.ovs_idl [None req-21c1e6cf-1688-4bfc-a915-f3c618b143f3 None None] Created lookup_table index Logical_Router.name {{(pid=110312) autocreate_indices /usr/local/lib/python3.8/dist-packages/ovsdbapp/backend/ovs_idl/__init__.py:85}}
May 11 18:57:53 ubuntu neutron-server[110311]: DEBUG ovsdbapp.backend.ovs_idl [None req-29a0bd3e-5f8f-4a6e-bd69-12d529bba0a3 None None] Created lookup_table index Load_Balancer.name {{(pid=110311) autocreate_indices /usr/local/lib/python3.8/dist-packages/ovsdbapp/backend/ovs_idl/__init__.py:85}}
May 11 18:57:53 ubuntu neutron-server[110312]: DEBUG ovsdbapp.backend.ovs_idl [None req-21c1e6cf-1688-4bfc-a915-f3c618b143f3 None None] Created lookup_table index Load_Balancer.name {{(pid=110312) autocreate_indices /usr/local/lib/python3.8/dist-packages/ovsdbapp/backend/ovs_idl/__init__.py:85}}
May 11 18:57:53 ubuntu neutron-server[110311]: DEBUG ovsdbapp.backend.ovs_idl [None req-29a0bd3e-5f8f-4a6e-bd69-12d529bba0a3 None None] Created schema index Meter.name {{(pid=110311) autocreate_indices /usr/local/lib/python3.8/dist-packages/ovsdbapp/backend/ovs_idl/__init__.py:104}}
May 11 18:57:53 ubuntu neutron-server[110312]: DEBUG ovsdbapp.backend.ovs_idl [None req-21c1e6cf-1688-4bfc-a915-f3c618b143f3 None None] Created schema index Meter.name {{(pid=110312) autocreate_indices /usr/local/lib/python3.8/dist-packages/ovsdbapp/backend/ovs_idl/__init__.py:104}}
May 11 18:57:53 ubuntu neutron-server[110311]: DEBUG ovsdbapp.backend.ovs_idl [None req-29a0bd3e-5f8f-4a6e-bd69-12d529bba0a3 None None] Created schema index Address_Set.name {{(pid=110311) autocreate_indices /usr/local/lib/python3.8/dist-packages/ovsdbapp/backend/ovs_idl/__init__.py:104}}
May 11 18:57:53 ubuntu neutron-server[110311]: DEBUG ovsdbapp.backend.ovs_idl [None req-29a0bd3e-5f8f-4a6e-bd69-12d529bba0a3 None None] Created schema index HA_Chassis_Group.name {{(pid=110311) autocreate_indices /usr/local/lib/python3.8/dist-packages/ovsdbapp/backend/ovs_idl/__init__.py:104}}
May 11 18:57:53 ubuntu neutron-server[110312]: DEBUG ovsdbapp.backend.ovs_idl [None req-21c1e6cf-1688-4bfc-a915-f3c618b143f3 None None] Created schema index Address_Set.name {{(pid=110312) autocreate_indices /usr/local/lib/python3.8/dist-packages/ovsdbapp/backend/ovs_idl/__init__.py:104}}
May 11 18:57:53 ubuntu neutron-server[110311]: DEBUG ovsdbapp.backend.ovs_idl [None req-29a0bd3e-5f8f-4a6e-bd69-12d529bba0a3 None None] Created schema index Connection.target {{(pid=110311) autocreate_indices /usr/local/lib/python3.8/dist-packages/ovsdbapp/backend/ovs_idl/__init__.py:104}}
May 11 18:57:53 ubuntu neutron-server[110312]: DEBUG ovsdbapp.backend.ovs_idl [None req-21c1e6cf-1688-4bfc-a915-f3c618b143f3 None None] Created schema index HA_Chassis_Group.name {{(pid=110312) autocreate_indices /usr/local/lib/python3.8/dist-packages/ovsdbapp/backend/ovs_idl/__init__.py:104}}
May 11 18:57:53 ubuntu neutron-server[110311]: DEBUG ovsdbapp.backend.ovs_idl [None req-29a0bd3e-5f8f-4a6e-bd69-12d529bba0a3 None None] Created schema index Gateway_Chassis.name {{(pid=110311) autocreate_indices /usr/local/lib/python3.8/dist-packages/ovsdbapp/backend/ovs_idl/__init__.py:104}}
May 11 18:57:53 ubuntu neutron-server[110312]: DEBUG ovsdbapp.backend.ovs_idl [None req-21c1e6cf-1688-4bfc-a915-f3c618b143f3 None None] Created schema index Connection.target {{(pid=110312) autocreate_indices /usr/local/lib/python3.8/dist-packages/ovsdbapp/backend/ovs_idl/__init__.py:104}}
May 11 18:57:53 ubuntu neutron-server[110311]: DEBUG ovsdbapp.backend.ovs_idl [None req-29a0bd3e-5f8f-4a6e-bd69-12d529bba0a3 None None] Created schema index Logical_Router_Port.name {{(pid=110311) autocreate_indices /usr/local/lib/python3.8/dist-packages/ovsdbapp/backend/ovs_idl/__init__.py:104}}
May 11 18:57:53 ubuntu neutron-server[110312]: DEBUG ovsdbapp.backend.ovs_idl [None req-21c1e6cf-1688-4bfc-a915-f3c618b143f3 None None] Created schema index Gateway_Chassis.name {{(pid=110312) autocreate_indices /usr/local/lib/python3.8/dist-packages/ovsdbapp/backend/ovs_idl/__init__.py:104}}
May 11 18:57:53 ubuntu neutron-server[110311]: DEBUG ovsdbapp.backend.ovs_idl [None req-29a0bd3e-5f8f-4a6e-bd69-12d529bba0a3 None None] Created schema index Port_Group.name {{(pid=110311) autocreate_indices /usr/local/lib/python3.8/dist-packages/ovsdbapp/backend/ovs_idl/__init__.py:104}}
May 11 18:57:53 ubuntu neutron-server[110311]: DEBUG ovsdbapp.backend.ovs_idl [None req-29a0bd3e-5f8f-4a6e-bd69-12d529bba0a3 None None] Created schema index Logical_Switch_Port.name {{(pid=110311) autocreate_indices /usr/local/lib/python3.8/dist-packages/ovsdbapp/backend/ovs_idl/__init__.py:104}}
May 11 18:57:53 ubuntu neutron-server[110312]: DEBUG ovsdbapp.backend.ovs_idl [None req-21c1e6cf-1688-4bfc-a915-f3c618b143f3 None None] Created schema index Logical_Router_Port.name {{(pid=110312) autocreate_indices /usr/local/lib/python3.8/dist-packages/ovsdbapp/backend/ovs_idl/__init__.py:104}}
May 11 18:57:53 ubuntu neutron-server[110312]: DEBUG ovsdbapp.backend.ovs_idl [None req-21c1e6cf-1688-4bfc-a915-f3c618b143f3 None None] Created schema index Port_Group.name {{(pid=110312) autocreate_indices /usr/local/lib/python3.8/dist-packages/ovsdbapp/backend/ovs_idl/__init__.py:104}}
May 11 18:57:53 ubuntu neutron-server[110311]: INFO ovsdbapp.backend.ovs_idl.vlog [None req-29a0bd3e-5f8f-4a6e-bd69-12d529bba0a3 None None] tcp:192.168.79.38:6641: connecting...
May 11 18:57:53 ubuntu neutron-server[110312]: DEBUG ovsdbapp.backend.ovs_idl [None req-21c1e6cf-1688-4bfc-a915-f3c618b143f3 None None] Created schema index Logical_Switch_Port.name {{(pid=110312) autocreate_indices /usr/local/lib/python3.8/dist-packages/ovsdbapp/backend/ovs_idl/__init__.py:104}}
May 11 18:57:53 ubuntu neutron-server[110311]: INFO ovsdbapp.backend.ovs_idl.vlog [None req-29a0bd3e-5f8f-4a6e-bd69-12d529bba0a3 None None] tcp:192.168.79.38:6641: connected
May 11 18:57:53 ubuntu neutron-server[110312]: INFO ovsdbapp.backend.ovs_idl.vlog [None req-21c1e6cf-1688-4bfc-a915-f3c618b143f3 None None] tcp:192.168.79.38:6641: connecting...
May 11 18:57:53 ubuntu neutron-server[110312]: INFO ovsdbapp.backend.ovs_idl.vlog [None req-21c1e6cf-1688-4bfc-a915-f3c618b143f3 None None] tcp:192.168.79.38:6641: connected
May 11 18:57:53 ubuntu neutron-server[110098]: DEBUG ovsdbapp.backend.ovs_idl [None req-86e4b915-6e4f-4bea-baac-ed35694a1f17 None None] Created lookup_table index Logical_Switch.name {{(pid=110098) autocreate_indices /usr/local/lib/python3.8/dist-packages/ovsdbapp/backend/ovs_idl/__init__.py:85}}
May 11 18:57:53 ubuntu neutron-server[110098]: DEBUG ovsdbapp.backend.ovs_idl [None req-86e4b915-6e4f-4bea-baac-ed35694a1f17 None None] Created lookup_table index Logical_Router.name {{(pid=110098) autocreate_indices /usr/local/lib/python3.8/dist-packages/ovsdbapp/backend/ovs_idl/__init__.py:85}}
May 11 18:57:53 ubuntu neutron-server[110098]: DEBUG ovsdbapp.backend.ovs_idl [None req-86e4b915-6e4f-4bea-baac-ed35694a1f17 None None] Created lookup_table index Load_Balancer.name {{(pid=110098) autocreate_indices /usr/local/lib/python3.8/dist-packages/ovsdbapp/backend/ovs_idl/__init__.py:85}}
May 11 18:57:53 ubuntu neutron-server[110098]: DEBUG ovsdbapp.backend.ovs_idl [None req-86e4b915-6e4f-4bea-baac-ed35694a1f17 None None] Created schema index Meter.name {{(pid=110098) autocreate_indices /usr/local/lib/python3.8/dist-packages/ovsdbapp/backend/ovs_idl/__init__.py:104}}
May 11 18:57:53 ubuntu neutron-server[110098]: DEBUG ovsdbapp.backend.ovs_idl [None req-86e4b915-6e4f-4bea-baac-ed35694a1f17 None None] Created schema index Address_Set.name {{(pid=110098) autocreate_indices /usr/local/lib/python3.8/dist-packages/ovsdbapp/backend/ovs_idl/__init__.py:104}}
May 11 18:57:53 ubuntu neutron-server[110098]: DEBUG ovsdbapp.backend.ovs_idl [None req-86e4b915-6e4f-4bea-baac-ed35694a1f17 None None] Created schema index HA_Chassis_Group.name {{(pid=110098) autocreate_indices /usr/local/lib/python3.8/dist-packages/ovsdbapp/backend/ovs_idl/__init__.py:104}}
May 11 18:57:53 ubuntu neutron-server[110098]: DEBUG ovsdbapp.backend.ovs_idl [None req-86e4b915-6e4f-4bea-baac-ed35694a1f17 None None] Created schema index Connection.target {{(pid=110098) autocreate_indices /usr/local/lib/python3.8/dist-packages/ovsdbapp/backend/ovs_idl/__init__.py:104}}
May 11 18:57:53 ubuntu neutron-server[110098]: DEBUG ovsdbapp.backend.ovs_idl [None req-86e4b915-6e4f-4bea-baac-ed35694a1f17 None None] Created schema index Gateway_Chassis.name {{(pid=110098) autocreate_indices /usr/local/lib/python3.8/dist-packages/ovsdbapp/backend/ovs_idl/__init__.py:104}}
May 11 18:57:53 ubuntu neutron-server[110098]: DEBUG ovsdbapp.backend.ovs_idl [None req-86e4b915-6e4f-4bea-baac-ed35694a1f17 None None] Created schema index Logical_Router_Port.name {{(pid=110098) autocreate_indices /usr/local/lib/python3.8/dist-packages/ovsdbapp/backend/ovs_idl/__init__.py:104}}
May 11 18:57:53 ubuntu neutron-server[110098]: DEBUG ovsdbapp.backend.ovs_idl [None req-86e4b915-6e4f-4bea-baac-ed35694a1f17 None None] Created schema index Port_Group.name {{(pid=110098) autocreate_indices /usr/local/lib/python3.8/dist-packages/ovsdbapp/backend/ovs_idl/__init__.py:104}}
May 11 18:57:53 ubuntu neutron-server[110098]: DEBUG ovsdbapp.backend.ovs_idl [None req-86e4b915-6e4f-4bea-baac-ed35694a1f17 None None] Created schema index Logical_Switch_Port.name {{(pid=110098) autocreate_indices /usr/local/lib/python3.8/dist-packages/ovsdbapp/backend/ovs_idl/__init__.py:104}}
May 11 18:57:53 ubuntu neutron-server[110312]: DEBUG neutron.common.ovn.hash_ring_manager [None req-21c1e6cf-1688-4bfc-a915-f3c618b143f3 None None] Allow caching, nodes 2>=2 {{(pid=110312) _wait_startup_before_caching /opt/stack/neutron/neutron/common/ovn/hash_ring_manager.py:60}}
May 11 18:57:53 ubuntu neutron-server[110311]: DEBUG neutron.common.ovn.hash_ring_manager [None req-29a0bd3e-5f8f-4a6e-bd69-12d529bba0a3 None None] Allow caching, nodes 2>=2 {{(pid=110311) _wait_startup_before_caching /opt/stack/neutron/neutron/common/ovn/hash_ring_manager.py:60}}
May 11 18:57:53 ubuntu neutron-server[110311]: DEBUG neutron.plugins.ml2.drivers.ovn.mech_driver.ovsdb.ovsdb_monitor [None req-29a0bd3e-5f8f-4a6e-bd69-12d529bba0a3 None None] Hash Ring: Node 61d4508c-79f6-43c7-b628-856c78f9045e (host: ubuntu) handling event "create" for row fb3feaf0-b9e8-432b-a088-5f42ebe1a8c9 (table: Database) {{(pid=110311) notify /opt/stack/neutron/neutron/plugins/ml2/drivers/ovn/mech_driver/ovsdb/ovsdb_monitor.py:815}}
May 11 18:57:53 ubuntu neutron-server[110312]: DEBUG neutron.plugins.ml2.drivers.ovn.mech_driver.ovsdb.ovsdb_monitor [None req-21c1e6cf-1688-4bfc-a915-f3c618b143f3 None None] Hash Ring: Node 6f0c002b-b7e4-43c3-9222-4f545118a51c (host: ubuntu) handling event "create" for row 4f28ff97-0093-49b8-8074-cf3af1124e0c (table: Port_Group) {{(pid=110312) notify /opt/stack/neutron/neutron/plugins/ml2/drivers/ovn/mech_driver/ovsdb/ovsdb_monitor.py:815}}
May 11 18:57:53 ubuntu neutron-server[110311]: DEBUG neutron.plugins.ml2.drivers.ovn.mech_driver.ovsdb.ovsdb_monitor [None req-29a0bd3e-5f8f-4a6e-bd69-12d529bba0a3 None None] Hash Ring: Node 61d4508c-79f6-43c7-b628-856c78f9045e (host: ubuntu) handling event "create" for row e502f6c1-2e9b-43f6-8bea-0e7c5235bff3 (table: Database) {{(pid=110311) notify /opt/stack/neutron/neutron/plugins/ml2/drivers/ovn/mech_driver/ovsdb/ovsdb_monitor.py:815}}
May 11 18:57:53 ubuntu neutron-server[110312]: DEBUG neutron.plugins.ml2.drivers.ovn.mech_driver.ovsdb.ovsdb_monitor [None req-21c1e6cf-1688-4bfc-a915-f3c618b143f3 None None] Hash Ring: Node 6f0c002b-b7e4-43c3-9222-4f545118a51c (host: ubuntu) handling event "create" for row 0f0fa4bd-205b-4078-9c20-4063ee198b45 (table: ACL) {{(pid=110312) notify /opt/stack/neutron/neutron/plugins/ml2/drivers/ovn/mech_driver/ovsdb/ovsdb_monitor.py:815}}
May 11 18:57:53 ubuntu neutron-server[110312]: INFO neutron.plugins.ml2.drivers.ovn.mech_driver.ovsdb.impl_idl_ovn [None req-21c1e6cf-1688-4bfc-a915-f3c618b143f3 None None] Getting OvsdbSbOvnIdl for WorkerService with retry
May 11 18:57:53 ubuntu neutron-server[110311]: DEBUG neutron.plugins.ml2.drivers.ovn.mech_driver.ovsdb.ovsdb_monitor [None req-29a0bd3e-5f8f-4a6e-bd69-12d529bba0a3 None None] Hash Ring: Node 61d4508c-79f6-43c7-b628-856c78f9045e (host: ubuntu) handling event "create" for row 7fcf3144-9724-4602-9285-71f42d9c3384 (table: NB_Global) {{(pid=110311) notify /opt/stack/neutron/neutron/plugins/ml2/drivers/ovn/mech_driver/ovsdb/ovsdb_monitor.py:815}}
May 11 18:57:53 ubuntu neutron-server[110311]: DEBUG neutron.plugins.ml2.drivers.ovn.mech_driver.ovsdb.ovsdb_monitor [None req-29a0bd3e-5f8f-4a6e-bd69-12d529bba0a3 None None] Hash Ring: Node 61d4508c-79f6-43c7-b628-856c78f9045e (host: ubuntu) handling event "create" for row 855ec27e-4520-4537-b118-db450578213e (table: ACL) {{(pid=110311) notify /opt/stack/neutron/neutron/plugins/ml2/drivers/ovn/mech_driver/ovsdb/ovsdb_monitor.py:815}}
May 11 18:57:53 ubuntu neutron-server[110311]: DEBUG neutron.plugins.ml2.drivers.ovn.mech_driver.ovsdb.ovsdb_monitor [None req-29a0bd3e-5f8f-4a6e-bd69-12d529bba0a3 None None] Hash Ring: Node 61d4508c-79f6-43c7-b628-856c78f9045e (host: ubuntu) handling event "create" for row b32b3fe1-28db-405c-a985-20c307155f0b (table: Connection) {{(pid=110311) notify /opt/stack/neutron/neutron/plugins/ml2/drivers/ovn/mech_driver/ovsdb/ovsdb_monitor.py:815}}
May 11 18:57:53 ubuntu neutron-server[110311]: INFO neutron.plugins.ml2.drivers.ovn.mech_driver.ovsdb.impl_idl_ovn [None req-29a0bd3e-5f8f-4a6e-bd69-12d529bba0a3 None None] Getting OvsdbSbOvnIdl for WorkerService with retry
May 11 18:57:53 ubuntu neutron-server[110312]: DEBUG ovsdbapp.backend.ovs_idl [None req-21c1e6cf-1688-4bfc-a915-f3c618b143f3 None None] Created lookup_table index Chassis.name {{(pid=110312) autocreate_indices /usr/local/lib/python3.8/dist-packages/ovsdbapp/backend/ovs_idl/__init__.py:85}}
May 11 18:57:53 ubuntu neutron-server[110312]: DEBUG ovsdbapp.backend.ovs_idl [None req-21c1e6cf-1688-4bfc-a915-f3c618b143f3 None None] Created schema index Datapath_Binding.tunnel_key {{(pid=110312) autocreate_indices /usr/local/lib/python3.8/dist-packages/ovsdbapp/backend/ovs_idl/__init__.py:104}}
May 11 18:57:53 ubuntu neutron-server[110312]: DEBUG ovsdbapp.backend.ovs_idl [None req-21c1e6cf-1688-4bfc-a915-f3c618b143f3 None None] Created schema index Connection.target {{(pid=110312) autocreate_indices /usr/local/lib/python3.8/dist-packages/ovsdbapp/backend/ovs_idl/__init__.py:104}}
May 11 18:57:53 ubuntu neutron-server[110312]: INFO ovsdbapp.backend.ovs_idl.vlog [None req-21c1e6cf-1688-4bfc-a915-f3c618b143f3 None None] tcp:192.168.79.38:6642: connecting...
May 11 18:57:53 ubuntu neutron-server[110312]: INFO ovsdbapp.backend.ovs_idl.vlog [None req-21c1e6cf-1688-4bfc-a915-f3c618b143f3 None None] tcp:192.168.79.38:6642: connected
May 11 18:57:53 ubuntu neutron-server[110098]: DEBUG ovsdbapp.backend.ovs_idl [None req-86e4b915-6e4f-4bea-baac-ed35694a1f17 None None] Created lookup_table index Chassis.name {{(pid=110098) autocreate_indices /usr/local/lib/python3.8/dist-packages/ovsdbapp/backend/ovs_idl/__init__.py:85}}
May 11 18:57:53 ubuntu neutron-server[110098]: DEBUG ovsdbapp.backend.ovs_idl [None req-86e4b915-6e4f-4bea-baac-ed35694a1f17 None None] Created lookup_table index MAC_Binding.ip {{(pid=110098) autocreate_indices /usr/local/lib/python3.8/dist-packages/ovsdbapp/backend/ovs_idl/__init__.py:85}}
May 11 18:57:53 ubuntu neutron-server[110098]: DEBUG ovsdbapp.backend.ovs_idl [None req-86e4b915-6e4f-4bea-baac-ed35694a1f17 None None] Created schema index Meter.name {{(pid=110098) autocreate_indices /usr/local/lib/python3.8/dist-packages/ovsdbapp/backend/ovs_idl/__init__.py:104}}
May 11 18:57:53 ubuntu neutron-server[110311]: DEBUG ovsdbapp.backend.ovs_idl [None req-29a0bd3e-5f8f-4a6e-bd69-12d529bba0a3 None None] Created lookup_table index Chassis.name {{(pid=110311) autocreate_indices /usr/local/lib/python3.8/dist-packages/ovsdbapp/backend/ovs_idl/__init__.py:85}}
May 11 18:57:53 ubuntu neutron-server[110098]: DEBUG ovsdbapp.backend.ovs_idl [None req-86e4b915-6e4f-4bea-baac-ed35694a1f17 None None] Created schema index Address_Set.name {{(pid=110098) autocreate_indices /usr/local/lib/python3.8/dist-packages/ovsdbapp/backend/ovs_idl/__init__.py:104}}
May 11 18:57:53 ubuntu neutron-server[110311]: DEBUG ovsdbapp.backend.ovs_idl [None req-29a0bd3e-5f8f-4a6e-bd69-12d529bba0a3 None None] Created schema index Datapath_Binding.tunnel_key {{(pid=110311) autocreate_indices /usr/local/lib/python3.8/dist-packages/ovsdbapp/backend/ovs_idl/__init__.py:104}}
May 11 18:57:53 ubuntu neutron-server[110098]: DEBUG ovsdbapp.backend.ovs_idl [None req-86e4b915-6e4f-4bea-baac-ed35694a1f17 None None] Created schema index HA_Chassis_Group.name {{(pid=110098) autocreate_indices /usr/local/lib/python3.8/dist-packages/ovsdbapp/backend/ovs_idl/__init__.py:104}}
May 11 18:57:53 ubuntu neutron-server[110311]: DEBUG ovsdbapp.backend.ovs_idl [None req-29a0bd3e-5f8f-4a6e-bd69-12d529bba0a3 None None] Created schema index Connection.target {{(pid=110311) autocreate_indices /usr/local/lib/python3.8/dist-packages/ovsdbapp/backend/ovs_idl/__init__.py:104}}
May 11 18:57:53 ubuntu neutron-server[110098]: DEBUG ovsdbapp.backend.ovs_idl [None req-86e4b915-6e4f-4bea-baac-ed35694a1f17 None None] Created schema index IP_Multicast.datapath {{(pid=110098) autocreate_indices /usr/local/lib/python3.8/dist-packages/ovsdbapp/backend/ovs_idl/__init__.py:104}}
May 11 18:57:53 ubuntu neutron-server[110311]: INFO ovsdbapp.backend.ovs_idl.vlog [None req-29a0bd3e-5f8f-4a6e-bd69-12d529bba0a3 None None] tcp:192.168.79.38:6642: connecting...
May 11 18:57:53 ubuntu neutron-server[110098]: DEBUG ovsdbapp.backend.ovs_idl [None req-86e4b915-6e4f-4bea-baac-ed35694a1f17 None None] Created schema index Connection.target {{(pid=110098) autocreate_indices /usr/local/lib/python3.8/dist-packages/ovsdbapp/backend/ovs_idl/__init__.py:104}}
May 11 18:57:53 ubuntu neutron-server[110098]: DEBUG ovsdbapp.backend.ovs_idl [None req-86e4b915-6e4f-4bea-baac-ed35694a1f17 None None] Created schema index Gateway_Chassis.name {{(pid=110098) autocreate_indices /usr/local/lib/python3.8/dist-packages/ovsdbapp/backend/ovs_idl/__init__.py:104}}
May 11 18:57:53 ubuntu neutron-server[110311]: INFO ovsdbapp.backend.ovs_idl.vlog [None req-29a0bd3e-5f8f-4a6e-bd69-12d529bba0a3 None None] tcp:192.168.79.38:6642: connected
May 11 18:57:53 ubuntu neutron-server[110098]: DEBUG ovsdbapp.backend.ovs_idl [None req-86e4b915-6e4f-4bea-baac-ed35694a1f17 None None] Created schema index Port_Group.name {{(pid=110098) autocreate_indices /usr/local/lib/python3.8/dist-packages/ovsdbapp/backend/ovs_idl/__init__.py:104}}
May 11 18:57:53 ubuntu neutron-server[110098]: DEBUG ovsdbapp.backend.ovs_idl [None req-86e4b915-6e4f-4bea-baac-ed35694a1f17 None None] Created schema index Datapath_Binding.tunnel_key {{(pid=110098) autocreate_indices /usr/local/lib/python3.8/dist-packages/ovsdbapp/backend/ovs_idl/__init__.py:104}}
May 11 18:57:54 ubuntu neutron-server[110312]: DEBUG neutron.common.ovn.hash_ring_manager [None req-21c1e6cf-1688-4bfc-a915-f3c618b143f3 None None] Allow caching, nodes 2>=2 {{(pid=110312) _wait_startup_before_caching /opt/stack/neutron/neutron/common/ovn/hash_ring_manager.py:60}}
May 11 18:57:54 ubuntu neutron-server[110311]: DEBUG neutron.common.ovn.hash_ring_manager [None req-29a0bd3e-5f8f-4a6e-bd69-12d529bba0a3 None None] Allow caching, nodes 2>=2 {{(pid=110311) _wait_startup_before_caching /opt/stack/neutron/neutron/common/ovn/hash_ring_manager.py:60}}
May 11 18:57:54 ubuntu neutron-server[110312]: DEBUG neutron.plugins.ml2.drivers.ovn.mech_driver.ovsdb.ovsdb_monitor [None req-21c1e6cf-1688-4bfc-a915-f3c618b143f3 None None] Hash Ring: Node 6f0c002b-b7e4-43c3-9222-4f545118a51c (host: ubuntu) handling event "create" for row 0cb17923-0086-4949-84a8-aae2bfb9dcb5 (table: Database) {{(pid=110312) notify /opt/stack/neutron/neutron/plugins/ml2/drivers/ovn/mech_driver/ovsdb/ovsdb_monitor.py:815}}
May 11 18:57:54 ubuntu neutron-server[110098]: INFO oslo_service.service [None req-86e4b915-6e4f-4bea-baac-ed35694a1f17 None None] Starting 1 workers
May 11 18:57:54 ubuntu neutron-server[110312]: DEBUG neutron.plugins.ml2.drivers.ovn.mech_driver.ovsdb.ovsdb_monitor [None req-21c1e6cf-1688-4bfc-a915-f3c618b143f3 None None] Hash Ring: Node 6f0c002b-b7e4-43c3-9222-4f545118a51c (host: ubuntu) handling event "create" for row 86fde60d-c193-4dd1-a12c-cd6a078789db (table: Encap) {{(pid=110312) notify /opt/stack/neutron/neutron/plugins/ml2/drivers/ovn/mech_driver/ovsdb/ovsdb_monitor.py:815}}
May 11 18:57:54 ubuntu neutron-server[110312]: DEBUG neutron.plugins.ml2.drivers.ovn.mech_driver.ovsdb.ovsdb_monitor [None req-21c1e6cf-1688-4bfc-a915-f3c618b143f3 None None] ChassisMetadataAgentWriteEvent : Matched Chassis, create, None None {{(pid=110312) matches /opt/stack/neutron/neutron/plugins/ml2/drivers/ovn/mech_driver/ovsdb/ovsdb_monitor.py:62}}
May 11 18:57:54 ubuntu neutron-server[110312]: DEBUG neutron.plugins.ml2.drivers.ovn.mech_driver.ovsdb.ovsdb_monitor [None req-21c1e6cf-1688-4bfc-a915-f3c618b143f3 None None] ChassisAgentWriteEvent : Matched Chassis, create, None None {{(pid=110312) matches /opt/stack/neutron/neutron/plugins/ml2/drivers/ovn/mech_driver/ovsdb/ovsdb_monitor.py:62}}
May 11 18:57:54 ubuntu neutron-server[110312]: DEBUG neutron.plugins.ml2.drivers.ovn.mech_driver.ovsdb.ovsdb_monitor [None req-21c1e6cf-1688-4bfc-a915-f3c618b143f3 None None] Hash Ring: Node 6f0c002b-b7e4-43c3-9222-4f545118a51c (host: ubuntu) handling event "create" for row 770926e6-3b49-4d80-b6f3-a9bf5345dbc4 (table: Chassis) {{(pid=110312) notify /opt/stack/neutron/neutron/plugins/ml2/drivers/ovn/mech_driver/ovsdb/ovsdb_monitor.py:815}}
May 11 18:57:54 ubuntu neutron-server[110098]: DEBUG oslo_service.service [None req-86e4b915-6e4f-4bea-baac-ed35694a1f17 None None] Started child 110314 {{(pid=110098) _start_child /usr/local/lib/python3.8/dist-packages/oslo_service/service.py:575}}
May 11 18:57:54 ubuntu neutron-server[110098]: INFO oslo_service.service [None req-86e4b915-6e4f-4bea-baac-ed35694a1f17 None None] Starting 1 workers
May 11 18:57:54 ubuntu neutron-server[110311]: DEBUG neutron.plugins.ml2.drivers.ovn.mech_driver.ovsdb.ovsdb_monitor [None req-29a0bd3e-5f8f-4a6e-bd69-12d529bba0a3 None None] Hash Ring: Node 61d4508c-79f6-43c7-b628-856c78f9045e (host: ubuntu) handling event "create" for row d9b1be51-ef52-44ef-b6f8-6c9a4b9d51e4 (table: Database) {{(pid=110311) notify /opt/stack/neutron/neutron/plugins/ml2/drivers/ovn/mech_driver/ovsdb/ovsdb_monitor.py:815}}
May 11 18:57:54 ubuntu neutron-server[110312]: INFO neutron.wsgi [-] (110312) wsgi starting up on http://0.0.0.0:9696
May 11 18:57:54 ubuntu neutron-server[110098]: DEBUG oslo_service.service [None req-86e4b915-6e4f-4bea-baac-ed35694a1f17 None None] Started child 110315 {{(pid=110098) _start_child /usr/local/lib/python3.8/dist-packages/oslo_service/service.py:575}}
May 11 18:57:54 ubuntu neutron-server[110311]: DEBUG neutron.plugins.ml2.drivers.ovn.mech_driver.ovsdb.ovsdb_monitor [None req-29a0bd3e-5f8f-4a6e-bd69-12d529bba0a3 None None] ChassisMetadataAgentWriteEvent : Matched Chassis, create, None None {{(pid=110311) matches /opt/stack/neutron/neutron/plugins/ml2/drivers/ovn/mech_driver/ovsdb/ovsdb_monitor.py:62}}
May 11 18:57:54 ubuntu neutron-server[110098]: INFO oslo_service.service [None req-86e4b915-6e4f-4bea-baac-ed35694a1f17 None None] Starting 1 workers
May 11 18:57:54 ubuntu neutron-server[110311]: DEBUG neutron.plugins.ml2.drivers.ovn.mech_driver.ovsdb.ovsdb_monitor [None req-29a0bd3e-5f8f-4a6e-bd69-12d529bba0a3 None None] ChassisAgentWriteEvent : Matched Chassis, create, None None {{(pid=110311) matches /opt/stack/neutron/neutron/plugins/ml2/drivers/ovn/mech_driver/ovsdb/ovsdb_monitor.py:62}}
May 11 18:57:54 ubuntu neutron-server[110311]: DEBUG neutron.plugins.ml2.drivers.ovn.mech_driver.ovsdb.ovsdb_monitor [None req-29a0bd3e-5f8f-4a6e-bd69-12d529bba0a3 None None] Hash Ring: Node 61d4508c-79f6-43c7-b628-856c78f9045e (host: ubuntu) handling event "create" for row 7f38f31c-5df6-4320-b3da-add9c9e7e063 (table: Connection) {{(pid=110311) notify /opt/stack/neutron/neutron/plugins/ml2/drivers/ovn/mech_driver/ovsdb/ovsdb_monitor.py:815}}
May 11 18:57:54 ubuntu neutron-server[110098]: DEBUG oslo_service.service [None req-86e4b915-6e4f-4bea-baac-ed35694a1f17 None None] Started child 110316 {{(pid=110098) _start_child /usr/local/lib/python3.8/dist-packages/oslo_service/service.py:575}}
May 11 18:57:54 ubuntu neutron-server[110314]: DEBUG neutron.service [None req-86e4b915-6e4f-4bea-baac-ed35694a1f17 None None] calling RpcWorker wait() {{(pid=110314) _wait /opt/stack/neutron/neutron/service.py:128}}
May 11 18:57:54 ubuntu neutron-server[110314]: DEBUG neutron.service [None req-86e4b915-6e4f-4bea-baac-ed35694a1f17 None None] returning from RpcWorker wait() {{(pid=110314) _wait /opt/stack/neutron/neutron/service.py:135}}
May 11 18:57:54 ubuntu neutron-server[110098]: DEBUG neutron_lib.callbacks.manager [None req-86e4b915-6e4f-4bea-baac-ed35694a1f17 None None] Publish callbacks [] for process (None), after_spawn {{(pid=110098) _notify_loop /usr/local/lib/python3.8/dist-packages/neutron_lib/callbacks/manager.py:176}}
May 11 18:57:54 ubuntu neutron-server[110314]: DEBUG neutron_lib.callbacks.manager [-] Publish callbacks ['neutron.plugins.ml2.drivers.ovn.mech_driver.mech_driver.OVNMechanismDriver.post_fork_initialize-1925032'] for process (None), after_init {{(pid=110314) _notify_loop /usr/local/lib/python3.8/dist-packages/neutron_lib/callbacks/manager.py:176}}
May 11 18:57:54 ubuntu neutron-server[110098]: DEBUG oslo_service.service [-] Full set of CONF: {{(pid=110098) wait /usr/local/lib/python3.8/dist-packages/oslo_service/service.py:649}}
May 11 18:57:54 ubuntu neutron-server[110098]: DEBUG oslo_service.service [-] ******************************************************************************** {{(pid=110098) log_opt_values /usr/local/lib/python3.8/dist-packages/oslo_config/cfg.py:2589}}
May 11 18:57:54 ubuntu neutron-server[110098]: DEBUG oslo_service.service [-] Configuration options gathered from: {{(pid=110098) log_opt_values /usr/local/lib/python3.8/dist-packages/oslo_config/cfg.py:2590}}
May 11 18:57:54 ubuntu neutron-server[110098]: DEBUG oslo_service.service [-] command line args: ['--config-file', '/etc/neutron/neutron.conf', '--config-file', '/etc/neutron/plugins/ml2/ml2_conf.ini'] {{(pid=110098) log_opt_values /usr/local/lib/python3.8/dist-packages/oslo_config/cfg.py:2591}}
May 11 18:57:54 ubuntu neutron-server[110098]: DEBUG oslo_service.service [-] config files: ['/etc/neutron/neutron.conf', '/etc/neutron/plugins/ml2/ml2_conf.ini'] {{(pid=110098) log_opt_values /usr/local/lib/python3.8/dist-packages/oslo_config/cfg.py:2592}}
May 11 18:57:54 ubuntu neutron-server[110098]: DEBUG oslo_service.service [-] ================================================================================ {{(pid=110098) log_opt_values /usr/local/lib/python3.8/dist-packages/oslo_config/cfg.py:2594}}
May 11 18:57:54 ubuntu neutron-server[110098]: DEBUG oslo_service.service [-] agent_down_time                = 75 {{(pid=110098) log_opt_values /usr/local/lib/python3.8/dist-packages/oslo_config/cfg.py:2602}}
May 11 18:57:54 ubuntu neutron-server[110311]: INFO neutron.wsgi [-] (110311) wsgi starting up on http://0.0.0.0:9696
May 11 18:57:54 ubuntu neutron-server[110098]: DEBUG oslo_service.service [-] allow_automatic_dhcp_failover  = True {{(pid=110098) log_opt_values /usr/local/lib/python3.8/dist-packages/oslo_config/cfg.py:2602}}
