Aug 02 08:51:58 ubuntu devstack@g-api.service[151672]: INFO glance.location [None req-20ae4bc1-4629-4672-bb49-9c7eec5ad97d admin admin] Image format matched and virtual size computed: 117440512
Aug 02 08:51:58 ubuntu devstack@g-api.service[151672]: DEBUG glance_store.backend [None req-20ae4bc1-4629-4672-bb49-9c7eec5ad97d admin admin] Attempting to import store swift {{(pid=151672) _load_store /usr/local/lib/python3.8/dist-packages/glance_store/backend.py:216}}
Aug 02 08:51:58 ubuntu devstack@g-api.service[151672]: DEBUG glance_store.capabilities [None req-20ae4bc1-4629-4672-bb49-9c7eec5ad97d admin admin] Store glance_store._drivers.swift.store.SingleTenantStore doesn't support updating dynamic storage capabilities. Please overwrite 'update_capabilities' method of the store to implement updating logics if needed. {{(pid=151672) update_capabilities /usr/local/lib/python3.8/dist-packages/glance_store/capabilities.py:91}}
Aug 02 08:51:58 ubuntu devstack@g-api.service[151672]: DEBUG glance_store.driver [None req-20ae4bc1-4629-4672-bb49-9c7eec5ad97d admin admin] Late loading location class glance_store._drivers.swift.store.StoreLocation {{(pid=151672) get_store_location_class /usr/local/lib/python3.8/dist-packages/glance_store/driver.py:116}}
Aug 02 08:51:58 ubuntu devstack@g-api.service[151672]: DEBUG glance_store.location [None req-20ae4bc1-4629-4672-bb49-9c7eec5ad97d admin admin] Registering scheme swift+https with {'store': <glance_store._drivers.swift.store.SingleTenantStore object at 0x7fedbdfca220>, 'location_class': <class 'glance_store._drivers.swift.store.StoreLocation'>, 'store_entry': 'swift'} {{(pid=151672) register_scheme_map /usr/local/lib/python3.8/dist-packages/glance_store/location.py:146}}
Aug 02 08:51:58 ubuntu devstack@g-api.service[151672]: DEBUG glance_store.location [None req-20ae4bc1-4629-4672-bb49-9c7eec5ad97d admin admin] Registering scheme swift+https with {'store': <glance_store._drivers.swift.store.SingleTenantStore object at 0x7fedbdfca220>, 'location_class': <class 'glance_store._drivers.swift.store.StoreLocation'>, 'store_entry': 'swift'} {{(pid=151672) register_scheme_map /usr/local/lib/python3.8/dist-packages/glance_store/location.py:146}}
Aug 02 08:51:58 ubuntu devstack@g-api.service[151672]: DEBUG glance_store.location [None req-20ae4bc1-4629-4672-bb49-9c7eec5ad97d admin admin] Registering scheme swift with {'store': <glance_store._drivers.swift.store.SingleTenantStore object at 0x7fedbdfca220>, 'location_class': <class 'glance_store._drivers.swift.store.StoreLocation'>, 'store_entry': 'swift'} {{(pid=151672) register_scheme_map /usr/local/lib/python3.8/dist-packages/glance_store/location.py:146}}
Aug 02 08:51:58 ubuntu devstack@g-api.service[151672]: DEBUG glance_store.location [None req-20ae4bc1-4629-4672-bb49-9c7eec5ad97d admin admin] Registering scheme swift+https with {'store': <glance_store._drivers.swift.store.SingleTenantStore object at 0x7fedbdfca220>, 'location_class': <class 'glance_store._drivers.swift.store.StoreLocation'>, 'store_entry': 'swift'} {{(pid=151672) register_scheme_map /usr/local/lib/python3.8/dist-packages/glance_store/location.py:146}}
Aug 02 08:51:58 ubuntu devstack@g-api.service[151672]: DEBUG glance_store.location [None req-20ae4bc1-4629-4672-bb49-9c7eec5ad97d admin admin] Registering scheme swift with {'store': <glance_store._drivers.swift.store.SingleTenantStore object at 0x7fedbdfca220>, 'location_class': <class 'glance_store._drivers.swift.store.StoreLocation'>, 'store_entry': 'swift'} {{(pid=151672) register_scheme_map /usr/local/lib/python3.8/dist-packages/glance_store/location.py:146}}
Aug 02 08:51:58 ubuntu devstack@g-api.service[151672]: DEBUG glance_store.location [None req-20ae4bc1-4629-4672-bb49-9c7eec5ad97d admin admin] Registering scheme swift+http with {'store': <glance_store._drivers.swift.store.SingleTenantStore object at 0x7fedbdfca220>, 'location_class': <class 'glance_store._drivers.swift.store.StoreLocation'>, 'store_entry': 'swift'} {{(pid=151672) register_scheme_map /usr/local/lib/python3.8/dist-packages/glance_store/location.py:146}}
Aug 02 08:51:58 ubuntu devstack@g-api.service[151672]: DEBUG glance_store.location [None req-20ae4bc1-4629-4672-bb49-9c7eec5ad97d admin admin] Registering scheme swift+https with {'store': <glance_store._drivers.swift.store.SingleTenantStore object at 0x7fedbdfca220>, 'location_class': <class 'glance_store._drivers.swift.store.StoreLocation'>, 'store_entry': 'swift'} {{(pid=151672) register_scheme_map /usr/local/lib/python3.8/dist-packages/glance_store/location.py:146}}
Aug 02 08:51:58 ubuntu devstack@g-api.service[151672]: DEBUG glance_store.location [None req-20ae4bc1-4629-4672-bb49-9c7eec5ad97d admin admin] Registering scheme swift with {'store': <glance_store._drivers.swift.store.SingleTenantStore object at 0x7fedbdfca220>, 'location_class': <class 'glance_store._drivers.swift.store.StoreLocation'>, 'store_entry': 'swift'} {{(pid=151672) register_scheme_map /usr/local/lib/python3.8/dist-packages/glance_store/location.py:146}}
Aug 02 08:51:58 ubuntu devstack@g-api.service[151672]: DEBUG glance_store.location [None req-20ae4bc1-4629-4672-bb49-9c7eec5ad97d admin admin] Registering scheme swift+http with {'store': <glance_store._drivers.swift.store.SingleTenantStore object at 0x7fedbdfca220>, 'location_class': <class 'glance_store._drivers.swift.store.StoreLocation'>, 'store_entry': 'swift'} {{(pid=151672) register_scheme_map /usr/local/lib/python3.8/dist-packages/glance_store/location.py:146}}
Aug 02 08:51:58 ubuntu devstack@g-api.service[151672]: DEBUG glance_store.location [None req-20ae4bc1-4629-4672-bb49-9c7eec5ad97d admin admin] Registering scheme swift+config with {'store': <glance_store._drivers.swift.store.SingleTenantStore object at 0x7fedbdfca220>, 'location_class': <class 'glance_store._drivers.swift.store.StoreLocation'>, 'store_entry': 'swift'} {{(pid=151672) register_scheme_map /usr/local/lib/python3.8/dist-packages/glance_store/location.py:146}}
Aug 02 08:51:58 ubuntu devstack@g-api.service[151672]: DEBUG glance_store.backend [None req-20ae4bc1-4629-4672-bb49-9c7eec5ad97d admin admin] Skipping store.set_acls... not implemented. {{(pid=151672) set_acls /usr/local/lib/python3.8/dist-packages/glance_store/backend.py:508}}
Aug 02 08:51:58 ubuntu devstack@g-api.service[151672]: [pid: 151672|app: 0|req: 3/4] 127.0.0.1 () {40 vars in 862 bytes} [Tue Aug  2 08:51:54 2022] PUT /v2/images/88835aa8-5bb2-4ae7-91b1-f66979fba7ef/file => generated 0 bytes in 4064 msecs (HTTP/1.1 204) 4 headers in 171 bytes (1 switches on core 0)
Aug 02 08:52:04 ubuntu devstack@g-api.service[151671]: DEBUG dbcounter [-] [151671] Writing DB stats glance:SELECT=9,glance:INSERT=5 {{(pid=151671) stat_writer /usr/local/lib/python3.8/dist-packages/dbcounter.py:114}}
Aug 02 08:52:08 ubuntu devstack@g-api.service[151672]: DEBUG dbcounter [-] [151672] Writing DB stats glance:SELECT=28,glance:UPDATE=2,glance:INSERT=1 {{(pid=151672) stat_writer /usr/local/lib/python3.8/dist-packages/dbcounter.py:114}}
Aug 02 08:52:41 ubuntu devstack@g-api.service[151671]: DEBUG glance.api.middleware.version_negotiation [None req-3a9f7be9-4e71-4c79-b496-23462ba05643 admin admin] Determining version of request: GET / Accept: application/json {{(pid=151671) process_request /opt/stack/glance/glance/api/middleware/version_negotiation.py:44}}
Aug 02 08:52:41 ubuntu devstack@g-api.service[151671]: DEBUG glance.api.middleware.version_negotiation [None req-3a9f7be9-4e71-4c79-b496-23462ba05643 admin admin] Using url versioning {{(pid=151671) process_request /opt/stack/glance/glance/api/middleware/version_negotiation.py:57}}
Aug 02 08:52:41 ubuntu devstack@g-api.service[151671]: DEBUG glance.api.middleware.version_negotiation [None req-3a9f7be9-4e71-4c79-b496-23462ba05643 admin admin] Unknown version. Returning version choices. {{(pid=151671) process_request /opt/stack/glance/glance/api/middleware/version_negotiation.py:64}}
Aug 02 08:52:41 ubuntu devstack@g-api.service[151671]: [pid: 151671|app: 0|req: 2/5] 127.0.0.1 () {34 vars in 506 bytes} [Tue Aug  2 08:52:41 2022] GET / => generated 1323 bytes in 4 msecs (HTTP/1.1 300) 3 headers in 106 bytes (1 switches on core 0)
Aug 02 08:52:41 ubuntu devstack@g-api.service[151672]: DEBUG glance.api.middleware.version_negotiation [None req-20ae4bc1-4629-4672-bb49-9c7eec5ad97d admin admin] Determining version of request: GET /v2/images Accept: application/json {{(pid=151672) process_request /opt/stack/glance/glance/api/middleware/version_negotiation.py:44}}
Aug 02 08:52:41 ubuntu devstack@g-api.service[151672]: DEBUG glance.api.middleware.version_negotiation [None req-20ae4bc1-4629-4672-bb49-9c7eec5ad97d admin admin] Using url versioning {{(pid=151672) process_request /opt/stack/glance/glance/api/middleware/version_negotiation.py:57}}
Aug 02 08:52:41 ubuntu devstack@g-api.service[151672]: DEBUG glance.api.middleware.version_negotiation [None req-20ae4bc1-4629-4672-bb49-9c7eec5ad97d admin admin] Matched version: v2 {{(pid=151672) process_request /opt/stack/glance/glance/api/middleware/version_negotiation.py:69}}
Aug 02 08:52:41 ubuntu devstack@g-api.service[151672]: DEBUG glance.api.middleware.version_negotiation [None req-20ae4bc1-4629-4672-bb49-9c7eec5ad97d admin admin] new path /v2/images {{(pid=151672) process_request /opt/stack/glance/glance/api/middleware/version_negotiation.py:70}}
Aug 02 08:52:42 ubuntu devstack@g-api.service[151672]: [pid: 151672|app: 0|req: 4/6] 127.0.0.1 () {36 vars in 728 bytes} [Tue Aug  2 08:52:41 2022] GET /v2/images => generated 1045 bytes in 354 msecs (HTTP/1.1 200) 4 headers in 158 bytes (1 switches on core 0)
Aug 02 08:52:48 ubuntu devstack@g-api.service[151671]: DEBUG glance.api.middleware.version_negotiation [None req-3a9f7be9-4e71-4c79-b496-23462ba05643 admin admin] Determining version of request: GET / Accept: application/json {{(pid=151671) process_request /opt/stack/glance/glance/api/middleware/version_negotiation.py:44}}
Aug 02 08:52:48 ubuntu devstack@g-api.service[151671]: DEBUG glance.api.middleware.version_negotiation [None req-3a9f7be9-4e71-4c79-b496-23462ba05643 admin admin] Using url versioning {{(pid=151671) process_request /opt/stack/glance/glance/api/middleware/version_negotiation.py:57}}
Aug 02 08:52:48 ubuntu devstack@g-api.service[151671]: DEBUG glance.api.middleware.version_negotiation [None req-3a9f7be9-4e71-4c79-b496-23462ba05643 admin admin] Unknown version. Returning version choices. {{(pid=151671) process_request /opt/stack/glance/glance/api/middleware/version_negotiation.py:64}}
Aug 02 08:52:48 ubuntu devstack@g-api.service[151671]: [pid: 151671|app: 0|req: 3/7] 127.0.0.1 () {34 vars in 506 bytes} [Tue Aug  2 08:52:48 2022] GET / => generated 1323 bytes in 5 msecs (HTTP/1.1 300) 3 headers in 106 bytes (1 switches on core 0)
Aug 02 08:52:48 ubuntu devstack@g-api.service[151672]: DEBUG glance.api.middleware.version_negotiation [None req-a6d40780-14ee-484a-ae81-78c417ee663c admin admin] Determining version of request: GET /v2/images/88835aa8-5bb2-4ae7-91b1-f66979fba7ef Accept: */* {{(pid=151672) process_request /opt/stack/glance/glance/api/middleware/version_negotiation.py:44}}
Aug 02 08:52:48 ubuntu devstack@g-api.service[151672]: DEBUG glance.api.middleware.version_negotiation [None req-a6d40780-14ee-484a-ae81-78c417ee663c admin admin] Using url versioning {{(pid=151672) process_request /opt/stack/glance/glance/api/middleware/version_negotiation.py:57}}
Aug 02 08:52:48 ubuntu devstack@g-api.service[151672]: DEBUG glance.api.middleware.version_negotiation [None req-a6d40780-14ee-484a-ae81-78c417ee663c admin admin] Matched version: v2 {{(pid=151672) process_request /opt/stack/glance/glance/api/middleware/version_negotiation.py:69}}
Aug 02 08:52:48 ubuntu devstack@g-api.service[151672]: DEBUG glance.api.middleware.version_negotiation [None req-a6d40780-14ee-484a-ae81-78c417ee663c admin admin] new path /v2/images/88835aa8-5bb2-4ae7-91b1-f66979fba7ef {{(pid=151672) process_request /opt/stack/glance/glance/api/middleware/version_negotiation.py:70}}
Aug 02 08:52:48 ubuntu devstack@g-api.service[151672]: [pid: 151672|app: 0|req: 5/8] 127.0.0.1 () {36 vars in 789 bytes} [Tue Aug  2 08:52:48 2022] GET /v2/images/88835aa8-5bb2-4ae7-91b1-f66979fba7ef => generated 976 bytes in 322 msecs (HTTP/1.1 200) 4 headers in 157 bytes (1 switches on core 0)
Aug 02 08:52:52 ubuntu devstack@g-api.service[151671]: DEBUG glance.api.middleware.version_negotiation [None req-3a9f7be9-4e71-4c79-b496-23462ba05643 admin admin] Determining version of request: GET / Accept: application/json {{(pid=151671) process_request /opt/stack/glance/glance/api/middleware/version_negotiation.py:44}}
Aug 02 08:52:52 ubuntu devstack@g-api.service[151671]: DEBUG glance.api.middleware.version_negotiation [None req-3a9f7be9-4e71-4c79-b496-23462ba05643 admin admin] Using url versioning {{(pid=151671) process_request /opt/stack/glance/glance/api/middleware/version_negotiation.py:57}}
Aug 02 08:52:52 ubuntu devstack@g-api.service[151671]: DEBUG glance.api.middleware.version_negotiation [None req-3a9f7be9-4e71-4c79-b496-23462ba05643 admin admin] Unknown version. Returning version choices. {{(pid=151671) process_request /opt/stack/glance/glance/api/middleware/version_negotiation.py:64}}
Aug 02 08:52:52 ubuntu devstack@g-api.service[151671]: [pid: 151671|app: 0|req: 4/9] 127.0.0.1 () {34 vars in 506 bytes} [Tue Aug  2 08:52:52 2022] GET / => generated 1323 bytes in 2 msecs (HTTP/1.1 300) 3 headers in 106 bytes (1 switches on core 0)
Aug 02 08:52:52 ubuntu devstack@g-api.service[151672]: DEBUG glance.api.middleware.version_negotiation [None req-8adb7ad3-ba5e-4cb6-a7d9-8a51689a08f5 admin admin] Determining version of request: GET /v2/images/88835aa8-5bb2-4ae7-91b1-f66979fba7ef Accept: */* {{(pid=151672) process_request /opt/stack/glance/glance/api/middleware/version_negotiation.py:44}}
Aug 02 08:52:52 ubuntu devstack@g-api.service[151672]: DEBUG glance.api.middleware.version_negotiation [None req-8adb7ad3-ba5e-4cb6-a7d9-8a51689a08f5 admin admin] Using url versioning {{(pid=151672) process_request /opt/stack/glance/glance/api/middleware/version_negotiation.py:57}}
Aug 02 08:52:52 ubuntu devstack@g-api.service[151672]: DEBUG glance.api.middleware.version_negotiation [None req-8adb7ad3-ba5e-4cb6-a7d9-8a51689a08f5 admin admin] Matched version: v2 {{(pid=151672) process_request /opt/stack/glance/glance/api/middleware/version_negotiation.py:69}}
Aug 02 08:52:52 ubuntu devstack@g-api.service[151672]: DEBUG glance.api.middleware.version_negotiation [None req-8adb7ad3-ba5e-4cb6-a7d9-8a51689a08f5 admin admin] new path /v2/images/88835aa8-5bb2-4ae7-91b1-f66979fba7ef {{(pid=151672) process_request /opt/stack/glance/glance/api/middleware/version_negotiation.py:70}}
Aug 02 08:52:53 ubuntu devstack@g-api.service[151672]: [pid: 151672|app: 0|req: 6/10] 127.0.0.1 () {36 vars in 789 bytes} [Tue Aug  2 08:52:52 2022] GET /v2/images/88835aa8-5bb2-4ae7-91b1-f66979fba7ef => generated 976 bytes in 345 msecs (HTTP/1.1 200) 4 headers in 157 bytes (1 switches on core 0)
Aug 02 08:53:03 ubuntu devstack@g-api.service[151672]: DEBUG dbcounter [-] [151672] Writing DB stats glance:SELECT=10 {{(pid=151672) stat_writer /usr/local/lib/python3.8/dist-packages/dbcounter.py:114}}
Aug 02 08:55:09 ubuntu devstack@g-api.service[151671]: DEBUG glance.api.middleware.version_negotiation [None req-3a9f7be9-4e71-4c79-b496-23462ba05643 admin admin] Determining version of request: GET /v1 Accept: application/json {{(pid=151671) process_request /opt/stack/glance/glance/api/middleware/version_negotiation.py:44}}
Aug 02 08:55:09 ubuntu devstack@g-api.service[151671]: DEBUG glance.api.middleware.version_negotiation [None req-3a9f7be9-4e71-4c79-b496-23462ba05643 admin admin] Using url versioning {{(pid=151671) process_request /opt/stack/glance/glance/api/middleware/version_negotiation.py:57}}
Aug 02 08:55:09 ubuntu devstack@g-api.service[151671]: DEBUG glance.api.middleware.version_negotiation [None req-3a9f7be9-4e71-4c79-b496-23462ba05643 admin admin] Unknown version. Returning version choices. {{(pid=151671) process_request /opt/stack/glance/glance/api/middleware/version_negotiation.py:64}}
Aug 02 08:55:09 ubuntu devstack@g-api.service[151671]: [pid: 151671|app: 0|req: 5/11] 127.0.0.1 () {38 vars in 686 bytes} [Tue Aug  2 08:55:09 2022] GET /v1 => generated 1323 bytes in 5 msecs (HTTP/1.1 300) 3 headers in 106 bytes (1 switches on core 0)
Aug 02 08:57:28 ubuntu devstack@g-api.service[151672]: DEBUG glance.api.middleware.version_negotiation [None req-b9b682b9-f6f9-46f2-b1ba-db61ac088000 admin admin] Determining version of request: GET /versions Accept: */* {{(pid=151672) process_request /opt/stack/glance/glance/api/middleware/version_negotiation.py:44}}
Aug 02 08:57:28 ubuntu devstack@g-api.service[151672]: [pid: 151672|app: 0|req: 7/12] 127.0.0.1 () {38 vars in 695 bytes} [Tue Aug  2 08:57:28 2022] GET /versions => generated 1323 bytes in 5 msecs (HTTP/1.1 200) 3 headers in 92 bytes (1 switches on core 0)
Aug 02 08:57:28 ubuntu devstack@g-api.service[151671]: DEBUG glance.api.middleware.version_negotiation [None req-3a9f7be9-4e71-4c79-b496-23462ba05643 admin admin] Determining version of request: GET /v2/schemas/image Accept: */* {{(pid=151671) process_request /opt/stack/glance/glance/api/middleware/version_negotiation.py:44}}
Aug 02 08:57:28 ubuntu devstack@g-api.service[151671]: DEBUG glance.api.middleware.version_negotiation [None req-3a9f7be9-4e71-4c79-b496-23462ba05643 admin admin] Using url versioning {{(pid=151671) process_request /opt/stack/glance/glance/api/middleware/version_negotiation.py:57}}
Aug 02 08:57:28 ubuntu devstack@g-api.service[151671]: DEBUG glance.api.middleware.version_negotiation [None req-3a9f7be9-4e71-4c79-b496-23462ba05643 admin admin] Matched version: v2 {{(pid=151671) process_request /opt/stack/glance/glance/api/middleware/version_negotiation.py:69}}
Aug 02 08:57:28 ubuntu devstack@g-api.service[151671]: DEBUG glance.api.middleware.version_negotiation [None req-3a9f7be9-4e71-4c79-b496-23462ba05643 admin admin] new path /v2/schemas/image {{(pid=151671) process_request /opt/stack/glance/glance/api/middleware/version_negotiation.py:70}}
Aug 02 08:57:29 ubuntu devstack@g-api.service[151671]: [pid: 151671|app: 0|req: 6/13] 127.0.0.1 () {38 vars in 711 bytes} [Tue Aug  2 08:57:28 2022] GET /v2/schemas/image => generated 6083 bytes in 164 msecs (HTTP/1.1 200) 4 headers in 158 bytes (1 switches on core 0)
Aug 02 08:57:29 ubuntu devstack@g-api.service[151672]: DEBUG glance.api.middleware.version_negotiation [None req-b9b682b9-f6f9-46f2-b1ba-db61ac088000 admin admin] Determining version of request: GET /v2/schemas/metadefs/namespace Accept: */* {{(pid=151672) process_request /opt/stack/glance/glance/api/middleware/version_negotiation.py:44}}
Aug 02 08:57:29 ubuntu devstack@g-api.service[151672]: DEBUG glance.api.middleware.version_negotiation [None req-b9b682b9-f6f9-46f2-b1ba-db61ac088000 admin admin] Using url versioning {{(pid=151672) process_request /opt/stack/glance/glance/api/middleware/version_negotiation.py:57}}
Aug 02 08:57:29 ubuntu devstack@g-api.service[151672]: DEBUG glance.api.middleware.version_negotiation [None req-b9b682b9-f6f9-46f2-b1ba-db61ac088000 admin admin] Matched version: v2 {{(pid=151672) process_request /opt/stack/glance/glance/api/middleware/version_negotiation.py:69}}
Aug 02 08:57:29 ubuntu devstack@g-api.service[151672]: DEBUG glance.api.middleware.version_negotiation [None req-b9b682b9-f6f9-46f2-b1ba-db61ac088000 admin admin] new path /v2/schemas/metadefs/namespace {{(pid=151672) process_request /opt/stack/glance/glance/api/middleware/version_negotiation.py:70}}
Aug 02 08:57:29 ubuntu devstack@g-api.service[151672]: [pid: 151672|app: 0|req: 8/14] 127.0.0.1 () {38 vars in 737 bytes} [Tue Aug  2 08:57:29 2022] GET /v2/schemas/metadefs/namespace => generated 3100 bytes in 7 msecs (HTTP/1.1 200) 4 headers in 158 bytes (1 switches on core 0)
Aug 02 08:57:29 ubuntu devstack@g-api.service[151671]: DEBUG glance.api.middleware.version_negotiation [None req-2f41c19f-64be-4eba-862f-8c5009abe113 admin admin] Determining version of request: GET /v2/schemas/metadefs/resource_type Accept: */* {{(pid=151671) process_request /opt/stack/glance/glance/api/middleware/version_negotiation.py:44}}
Aug 02 08:57:29 ubuntu devstack@g-api.service[151671]: DEBUG glance.api.middleware.version_negotiation [None req-2f41c19f-64be-4eba-862f-8c5009abe113 admin admin] Using url versioning {{(pid=151671) process_request /opt/stack/glance/glance/api/middleware/version_negotiation.py:57}}
Aug 02 08:57:29 ubuntu devstack@g-api.service[151671]: DEBUG glance.api.middleware.version_negotiation [None req-2f41c19f-64be-4eba-862f-8c5009abe113 admin admin] Matched version: v2 {{(pid=151671) process_request /opt/stack/glance/glance/api/middleware/version_negotiation.py:69}}
Aug 02 08:57:29 ubuntu devstack@g-api.service[151671]: DEBUG glance.api.middleware.version_negotiation [None req-2f41c19f-64be-4eba-862f-8c5009abe113 admin admin] new path /v2/schemas/metadefs/resource_type {{(pid=151671) process_request /opt/stack/glance/glance/api/middleware/version_negotiation.py:70}}
Aug 02 08:57:29 ubuntu devstack@g-api.service[151671]: [pid: 151671|app: 0|req: 7/15] 127.0.0.1 () {38 vars in 745 bytes} [Tue Aug  2 08:57:29 2022] GET /v2/schemas/metadefs/resource_type => generated 1260 bytes in 4 msecs (HTTP/1.1 200) 4 headers in 158 bytes (1 switches on core 0)
Aug 02 08:57:29 ubuntu devstack@g-api.service[151672]: DEBUG glance.api.middleware.version_negotiation [None req-1bd59a59-849f-4c80-8256-c5aa8812e6ce admin admin] Determining version of request: GET /v2/images Accept: */* {{(pid=151672) process_request /opt/stack/glance/glance/api/middleware/version_negotiation.py:44}}
Aug 02 08:57:29 ubuntu devstack@g-api.service[151672]: DEBUG glance.api.middleware.version_negotiation [None req-1bd59a59-849f-4c80-8256-c5aa8812e6ce admin admin] Using url versioning {{(pid=151672) process_request /opt/stack/glance/glance/api/middleware/version_negotiation.py:57}}
Aug 02 08:57:29 ubuntu devstack@g-api.service[151672]: DEBUG glance.api.middleware.version_negotiation [None req-1bd59a59-849f-4c80-8256-c5aa8812e6ce admin admin] Matched version: v2 {{(pid=151672) process_request /opt/stack/glance/glance/api/middleware/version_negotiation.py:69}}
Aug 02 08:57:29 ubuntu devstack@g-api.service[151672]: DEBUG glance.api.middleware.version_negotiation [None req-1bd59a59-849f-4c80-8256-c5aa8812e6ce admin admin] new path /v2/images {{(pid=151672) process_request /opt/stack/glance/glance/api/middleware/version_negotiation.py:70}}
Aug 02 08:57:29 ubuntu devstack@g-api.service[151672]: [pid: 151672|app: 0|req: 9/16] 127.0.0.1 () {38 vars in 768 bytes} [Tue Aug  2 08:57:29 2022] GET /v2/images?limit=20&sort_key=name&sort_dir=asc => generated 1081 bytes in 67 msecs (HTTP/1.1 200) 4 headers in 158 bytes (1 switches on core 0)
Aug 02 08:57:29 ubuntu devstack@g-api.service[151671]: DEBUG glance.api.middleware.version_negotiation [None req-0342d7f8-8de3-47e5-9a3e-75ae146233e0 admin admin] Determining version of request: GET /v2/schemas/image Accept: */* {{(pid=151671) process_request /opt/stack/glance/glance/api/middleware/version_negotiation.py:44}}
Aug 02 08:57:29 ubuntu devstack@g-api.service[151671]: DEBUG glance.api.middleware.version_negotiation [None req-0342d7f8-8de3-47e5-9a3e-75ae146233e0 admin admin] Using url versioning {{(pid=151671) process_request /opt/stack/glance/glance/api/middleware/version_negotiation.py:57}}
Aug 02 08:57:29 ubuntu devstack@g-api.service[151671]: DEBUG glance.api.middleware.version_negotiation [None req-0342d7f8-8de3-47e5-9a3e-75ae146233e0 admin admin] Matched version: v2 {{(pid=151671) process_request /opt/stack/glance/glance/api/middleware/version_negotiation.py:69}}
Aug 02 08:57:29 ubuntu devstack@g-api.service[151671]: DEBUG glance.api.middleware.version_negotiation [None req-0342d7f8-8de3-47e5-9a3e-75ae146233e0 admin admin] new path /v2/schemas/image {{(pid=151671) process_request /opt/stack/glance/glance/api/middleware/version_negotiation.py:70}}
Aug 02 08:57:29 ubuntu devstack@g-api.service[151671]: [pid: 151671|app: 0|req: 8/17] 127.0.0.1 () {38 vars in 711 bytes} [Tue Aug  2 08:57:29 2022] GET /v2/schemas/image => generated 6083 bytes in 6 msecs (HTTP/1.1 200) 4 headers in 158 bytes (1 switches on core 0)
Aug 02 08:57:39 ubuntu devstack@g-api.service[151672]: DEBUG dbcounter [-] [151672] Writing DB stats glance:SELECT=2 {{(pid=151672) stat_writer /usr/local/lib/python3.8/dist-packages/dbcounter.py:114}}
Aug 02 08:57:43 ubuntu devstack@g-api.service[151672]: DEBUG glance.api.middleware.version_negotiation [None req-8e441f33-56fb-41c4-800f-042a72de51c7 admin admin] Determining version of request: GET / Accept: application/json {{(pid=151672) process_request /opt/stack/glance/glance/api/middleware/version_negotiation.py:44}}
Aug 02 08:57:43 ubuntu devstack@g-api.service[151672]: DEBUG glance.api.middleware.version_negotiation [None req-8e441f33-56fb-41c4-800f-042a72de51c7 admin admin] Using url versioning {{(pid=151672) process_request /opt/stack/glance/glance/api/middleware/version_negotiation.py:57}}
Aug 02 08:57:43 ubuntu devstack@g-api.service[151672]: DEBUG glance.api.middleware.version_negotiation [None req-8e441f33-56fb-41c4-800f-042a72de51c7 admin admin] Unknown version. Returning version choices. {{(pid=151672) process_request /opt/stack/glance/glance/api/middleware/version_negotiation.py:64}}
Aug 02 08:57:43 ubuntu devstack@g-api.service[151672]: [pid: 151672|app: 0|req: 10/18] 127.0.0.1 () {34 vars in 492 bytes} [Tue Aug  2 08:57:43 2022] GET / => generated 1323 bytes in 3 msecs (HTTP/1.1 300) 3 headers in 106 bytes (1 switches on core 0)
Aug 02 08:57:43 ubuntu devstack@g-api.service[151671]: DEBUG glance.api.middleware.version_negotiation [None req-7f799e4c-578f-4226-9a5b-8143bf449e37 admin admin] Determining version of request: GET /v2/images/88835aa8-5bb2-4ae7-91b1-f66979fba7ef Accept: */* {{(pid=151671) process_request /opt/stack/glance/glance/api/middleware/version_negotiation.py:44}}
Aug 02 08:57:43 ubuntu devstack@g-api.service[151671]: DEBUG glance.api.middleware.version_negotiation [None req-7f799e4c-578f-4226-9a5b-8143bf449e37 admin admin] Using url versioning {{(pid=151671) process_request /opt/stack/glance/glance/api/middleware/version_negotiation.py:57}}
Aug 02 08:57:43 ubuntu devstack@g-api.service[151671]: DEBUG glance.api.middleware.version_negotiation [None req-7f799e4c-578f-4226-9a5b-8143bf449e37 admin admin] Matched version: v2 {{(pid=151671) process_request /opt/stack/glance/glance/api/middleware/version_negotiation.py:69}}
Aug 02 08:57:43 ubuntu devstack@g-api.service[151671]: DEBUG glance.api.middleware.version_negotiation [None req-7f799e4c-578f-4226-9a5b-8143bf449e37 admin admin] new path /v2/images/88835aa8-5bb2-4ae7-91b1-f66979fba7ef {{(pid=151671) process_request /opt/stack/glance/glance/api/middleware/version_negotiation.py:70}}
Aug 02 08:57:43 ubuntu devstack@g-api.service[151671]: WARNING keystonemiddleware.auth_token [None req-7f799e4c-578f-4226-9a5b-8143bf449e37 admin admin] A valid token was submitted as a service token, but it was not a valid service token. This is incorrect but backwards compatible behaviour. This will be removed in future releases.
Aug 02 08:57:43 ubuntu devstack@g-api.service[151671]: [pid: 151671|app: 0|req: 9/19] 127.0.0.1 () {42 vars in 1049 bytes} [Tue Aug  2 08:57:43 2022] GET /v2/images/88835aa8-5bb2-4ae7-91b1-f66979fba7ef => generated 976 bytes in 105 msecs (HTTP/1.1 200) 4 headers in 157 bytes (1 switches on core 0)
Aug 02 08:57:43 ubuntu devstack@g-api.service[151672]: DEBUG glance.api.middleware.version_negotiation [None req-8e441f33-56fb-41c4-800f-042a72de51c7 admin admin] Determining version of request: GET /v2/schemas/image Accept: */* {{(pid=151672) process_request /opt/stack/glance/glance/api/middleware/version_negotiation.py:44}}
Aug 02 08:57:43 ubuntu devstack@g-api.service[151672]: DEBUG glance.api.middleware.version_negotiation [None req-8e441f33-56fb-41c4-800f-042a72de51c7 admin admin] Using url versioning {{(pid=151672) process_request /opt/stack/glance/glance/api/middleware/version_negotiation.py:57}}
Aug 02 08:57:43 ubuntu devstack@g-api.service[151672]: DEBUG glance.api.middleware.version_negotiation [None req-8e441f33-56fb-41c4-800f-042a72de51c7 admin admin] Matched version: v2 {{(pid=151672) process_request /opt/stack/glance/glance/api/middleware/version_negotiation.py:69}}
Aug 02 08:57:43 ubuntu devstack@g-api.service[151672]: DEBUG glance.api.middleware.version_negotiation [None req-8e441f33-56fb-41c4-800f-042a72de51c7 admin admin] new path /v2/schemas/image {{(pid=151672) process_request /opt/stack/glance/glance/api/middleware/version_negotiation.py:70}}
Aug 02 08:57:43 ubuntu devstack@g-api.service[151672]: WARNING keystonemiddleware.auth_token [None req-8e441f33-56fb-41c4-800f-042a72de51c7 admin admin] A valid token was submitted as a service token, but it was not a valid service token. This is incorrect but backwards compatible behaviour. This will be removed in future releases.
Aug 02 08:57:43 ubuntu devstack@g-api.service[151672]: [pid: 151672|app: 0|req: 11/20] 127.0.0.1 () {42 vars in 989 bytes} [Tue Aug  2 08:57:43 2022] GET /v2/schemas/image => generated 6083 bytes in 8 msecs (HTTP/1.1 200) 4 headers in 158 bytes (1 switches on core 0)
Aug 02 08:57:45 ubuntu devstack@g-api.service[151671]: DEBUG glance.api.middleware.version_negotiation [None req-d56deaa8-c1af-48dd-a906-2d4025a3469c tempest-VolumesAdminNegativeTest-721462924 tempest-VolumesAdminNegativeTest-721462924-project] Determining version of request: GET /v2/images/88835aa8-5bb2-4ae7-91b1-f66979fba7ef Accept: */* {{(pid=151671) process_request /opt/stack/glance/glance/api/middleware/version_negotiation.py:44}}
Aug 02 08:57:45 ubuntu devstack@g-api.service[151671]: DEBUG glance.api.middleware.version_negotiation [None req-d56deaa8-c1af-48dd-a906-2d4025a3469c tempest-VolumesAdminNegativeTest-721462924 tempest-VolumesAdminNegativeTest-721462924-project] Using url versioning {{(pid=151671) process_request /opt/stack/glance/glance/api/middleware/version_negotiation.py:57}}
Aug 02 08:57:45 ubuntu devstack@g-api.service[151671]: DEBUG glance.api.middleware.version_negotiation [None req-d56deaa8-c1af-48dd-a906-2d4025a3469c tempest-VolumesAdminNegativeTest-721462924 tempest-VolumesAdminNegativeTest-721462924-project] Matched version: v2 {{(pid=151671) process_request /opt/stack/glance/glance/api/middleware/version_negotiation.py:69}}
Aug 02 08:57:45 ubuntu devstack@g-api.service[151671]: DEBUG glance.api.middleware.version_negotiation [None req-d56deaa8-c1af-48dd-a906-2d4025a3469c tempest-VolumesAdminNegativeTest-721462924 tempest-VolumesAdminNegativeTest-721462924-project] new path /v2/images/88835aa8-5bb2-4ae7-91b1-f66979fba7ef {{(pid=151671) process_request /opt/stack/glance/glance/api/middleware/version_negotiation.py:70}}
Aug 02 08:57:45 ubuntu devstack@g-api.service[151671]: [pid: 151671|app: 0|req: 10/21] 127.0.0.1 () {42 vars in 1049 bytes} [Tue Aug  2 08:57:45 2022] GET /v2/images/88835aa8-5bb2-4ae7-91b1-f66979fba7ef => generated 976 bytes in 17 msecs (HTTP/1.1 200) 4 headers in 157 bytes (1 switches on core 0)
Aug 02 08:57:45 ubuntu devstack@g-api.service[151672]: DEBUG glance.api.middleware.version_negotiation [None req-d56deaa8-c1af-48dd-a906-2d4025a3469c tempest-VolumesAdminNegativeTest-721462924 tempest-VolumesAdminNegativeTest-721462924-project] Determining version of request: GET /v2/images/88835aa8-5bb2-4ae7-91b1-f66979fba7ef/file Accept: */* {{(pid=151672) process_request /opt/stack/glance/glance/api/middleware/version_negotiation.py:44}}
Aug 02 08:57:45 ubuntu devstack@g-api.service[151672]: DEBUG glance.api.middleware.version_negotiation [None req-d56deaa8-c1af-48dd-a906-2d4025a3469c tempest-VolumesAdminNegativeTest-721462924 tempest-VolumesAdminNegativeTest-721462924-project] Using url versioning {{(pid=151672) process_request /opt/stack/glance/glance/api/middleware/version_negotiation.py:57}}
Aug 02 08:57:45 ubuntu devstack@g-api.service[151672]: DEBUG glance.api.middleware.version_negotiation [None req-d56deaa8-c1af-48dd-a906-2d4025a3469c tempest-VolumesAdminNegativeTest-721462924 tempest-VolumesAdminNegativeTest-721462924-project] Matched version: v2 {{(pid=151672) process_request /opt/stack/glance/glance/api/middleware/version_negotiation.py:69}}
Aug 02 08:57:45 ubuntu devstack@g-api.service[151672]: DEBUG glance.api.middleware.version_negotiation [None req-d56deaa8-c1af-48dd-a906-2d4025a3469c tempest-VolumesAdminNegativeTest-721462924 tempest-VolumesAdminNegativeTest-721462924-project] new path /v2/images/88835aa8-5bb2-4ae7-91b1-f66979fba7ef/file {{(pid=151672) process_request /opt/stack/glance/glance/api/middleware/version_negotiation.py:70}}
Aug 02 08:57:45 ubuntu devstack@g-api.service[151672]: DEBUG glance_store.backend [None req-d56deaa8-c1af-48dd-a906-2d4025a3469c tempest-VolumesAdminNegativeTest-721462924 tempest-VolumesAdminNegativeTest-721462924-project] Attempting to import store swift {{(pid=151672) _load_store /usr/local/lib/python3.8/dist-packages/glance_store/backend.py:216}}
Aug 02 08:57:45 ubuntu devstack@g-api.service[151672]: DEBUG glance_store.capabilities [None req-d56deaa8-c1af-48dd-a906-2d4025a3469c tempest-VolumesAdminNegativeTest-721462924 tempest-VolumesAdminNegativeTest-721462924-project] Store glance_store._drivers.swift.store.SingleTenantStore doesn't support updating dynamic storage capabilities. Please overwrite 'update_capabilities' method of the store to implement updating logics if needed. {{(pid=151672) update_capabilities /usr/local/lib/python3.8/dist-packages/glance_store/capabilities.py:91}}
Aug 02 08:57:45 ubuntu devstack@g-api.service[151672]: DEBUG glance_store.driver [None req-d56deaa8-c1af-48dd-a906-2d4025a3469c tempest-VolumesAdminNegativeTest-721462924 tempest-VolumesAdminNegativeTest-721462924-project] Late loading location class glance_store._drivers.swift.store.StoreLocation {{(pid=151672) get_store_location_class /usr/local/lib/python3.8/dist-packages/glance_store/driver.py:116}}
Aug 02 08:57:45 ubuntu devstack@g-api.service[151672]: DEBUG glance_store.location [None req-d56deaa8-c1af-48dd-a906-2d4025a3469c tempest-VolumesAdminNegativeTest-721462924 tempest-VolumesAdminNegativeTest-721462924-project] Registering scheme swift+https with {'store': <glance_store._drivers.swift.store.SingleTenantStore object at 0x7fedbcba16a0>, 'location_class': <class 'glance_store._drivers.swift.store.StoreLocation'>, 'store_entry': 'swift'} {{(pid=151672) register_scheme_map /usr/local/lib/python3.8/dist-packages/glance_store/location.py:146}}
Aug 02 08:57:45 ubuntu devstack@g-api.service[151672]: DEBUG glance_store.location [None req-d56deaa8-c1af-48dd-a906-2d4025a3469c tempest-VolumesAdminNegativeTest-721462924 tempest-VolumesAdminNegativeTest-721462924-project] Registering scheme swift+https with {'store': <glance_store._drivers.swift.store.SingleTenantStore object at 0x7fedbcba16a0>, 'location_class': <class 'glance_store._drivers.swift.store.StoreLocation'>, 'store_entry': 'swift'} {{(pid=151672) register_scheme_map /usr/local/lib/python3.8/dist-packages/glance_store/location.py:146}}
Aug 02 08:57:45 ubuntu devstack@g-api.service[151672]: DEBUG glance_store.location [None req-d56deaa8-c1af-48dd-a906-2d4025a3469c tempest-VolumesAdminNegativeTest-721462924 tempest-VolumesAdminNegativeTest-721462924-project] Registering scheme swift with {'store': <glance_store._drivers.swift.store.SingleTenantStore object at 0x7fedbcba16a0>, 'location_class': <class 'glance_store._drivers.swift.store.StoreLocation'>, 'store_entry': 'swift'} {{(pid=151672) register_scheme_map /usr/local/lib/python3.8/dist-packages/glance_store/location.py:146}}
Aug 02 08:57:45 ubuntu devstack@g-api.service[151672]: DEBUG glance_store.location [None req-d56deaa8-c1af-48dd-a906-2d4025a3469c tempest-VolumesAdminNegativeTest-721462924 tempest-VolumesAdminNegativeTest-721462924-project] Registering scheme swift+https with {'store': <glance_store._drivers.swift.store.SingleTenantStore object at 0x7fedbcba16a0>, 'location_class': <class 'glance_store._drivers.swift.store.StoreLocation'>, 'store_entry': 'swift'} {{(pid=151672) register_scheme_map /usr/local/lib/python3.8/dist-packages/glance_store/location.py:146}}
Aug 02 08:57:45 ubuntu devstack@g-api.service[151672]: DEBUG glance_store.location [None req-d56deaa8-c1af-48dd-a906-2d4025a3469c tempest-VolumesAdminNegativeTest-721462924 tempest-VolumesAdminNegativeTest-721462924-project] Registering scheme swift with {'store': <glance_store._drivers.swift.store.SingleTenantStore object at 0x7fedbcba16a0>, 'location_class': <class 'glance_store._drivers.swift.store.StoreLocation'>, 'store_entry': 'swift'} {{(pid=151672) register_scheme_map /usr/local/lib/python3.8/dist-packages/glance_store/location.py:146}}
Aug 02 08:57:45 ubuntu devstack@g-api.service[151672]: DEBUG glance_store.location [None req-d56deaa8-c1af-48dd-a906-2d4025a3469c tempest-VolumesAdminNegativeTest-721462924 tempest-VolumesAdminNegativeTest-721462924-project] Registering scheme swift+http with {'store': <glance_store._drivers.swift.store.SingleTenantStore object at 0x7fedbcba16a0>, 'location_class': <class 'glance_store._drivers.swift.store.StoreLocation'>, 'store_entry': 'swift'} {{(pid=151672) register_scheme_map /usr/local/lib/python3.8/dist-packages/glance_store/location.py:146}}
Aug 02 08:57:45 ubuntu devstack@g-api.service[151672]: DEBUG glance_store.location [None req-d56deaa8-c1af-48dd-a906-2d4025a3469c tempest-VolumesAdminNegativeTest-721462924 tempest-VolumesAdminNegativeTest-721462924-project] Registering scheme swift+https with {'store': <glance_store._drivers.swift.store.SingleTenantStore object at 0x7fedbcba16a0>, 'location_class': <class 'glance_store._drivers.swift.store.StoreLocation'>, 'store_entry': 'swift'} {{(pid=151672) register_scheme_map /usr/local/lib/python3.8/dist-packages/glance_store/location.py:146}}
Aug 02 08:57:45 ubuntu devstack@g-api.service[151672]: DEBUG glance_store.location [None req-d56deaa8-c1af-48dd-a906-2d4025a3469c tempest-VolumesAdminNegativeTest-721462924 tempest-VolumesAdminNegativeTest-721462924-project] Registering scheme swift with {'store': <glance_store._drivers.swift.store.SingleTenantStore object at 0x7fedbcba16a0>, 'location_class': <class 'glance_store._drivers.swift.store.StoreLocation'>, 'store_entry': 'swift'} {{(pid=151672) register_scheme_map /usr/local/lib/python3.8/dist-packages/glance_store/location.py:146}}
Aug 02 08:57:45 ubuntu devstack@g-api.service[151672]: DEBUG glance_store.location [None req-d56deaa8-c1af-48dd-a906-2d4025a3469c tempest-VolumesAdminNegativeTest-721462924 tempest-VolumesAdminNegativeTest-721462924-project] Registering scheme swift+http with {'store': <glance_store._drivers.swift.store.SingleTenantStore object at 0x7fedbcba16a0>, 'location_class': <class 'glance_store._drivers.swift.store.StoreLocation'>, 'store_entry': 'swift'} {{(pid=151672) register_scheme_map /usr/local/lib/python3.8/dist-packages/glance_store/location.py:146}}
Aug 02 08:57:45 ubuntu devstack@g-api.service[151672]: DEBUG glance_store.location [None req-d56deaa8-c1af-48dd-a906-2d4025a3469c tempest-VolumesAdminNegativeTest-721462924 tempest-VolumesAdminNegativeTest-721462924-project] Registering scheme swift+config with {'store': <glance_store._drivers.swift.store.SingleTenantStore object at 0x7fedbcba16a0>, 'location_class': <class 'glance_store._drivers.swift.store.StoreLocation'>, 'store_entry': 'swift'} {{(pid=151672) register_scheme_map /usr/local/lib/python3.8/dist-packages/glance_store/location.py:146}}
Aug 02 08:57:45 ubuntu devstack@g-api.service[151672]: DEBUG swiftclient [None req-d56deaa8-c1af-48dd-a906-2d4025a3469c tempest-VolumesAdminNegativeTest-721462924 tempest-VolumesAdminNegativeTest-721462924-project] REQ: curl -i http://192.168.79.40:8080/v1/AUTH_b182c70e9e49417fa86117aef48f1e00/glance/88835aa8-5bb2-4ae7-91b1-f66979fba7ef -X GET -H "X-Auth-Token: gAAAAABi6OcJ0msf..." {{(pid=151672) http_log /usr/local/lib/python3.8/dist-packages/swiftclient/client.py:157}}
Aug 02 08:57:45 ubuntu devstack@g-api.service[151672]: DEBUG swiftclient [None req-d56deaa8-c1af-48dd-a906-2d4025a3469c tempest-VolumesAdminNegativeTest-721462924 tempest-VolumesAdminNegativeTest-721462924-project] RESP STATUS: 200 OK {{(pid=151672) http_log /usr/local/lib/python3.8/dist-packages/swiftclient/client.py:158}}
Aug 02 08:57:45 ubuntu devstack@g-api.service[151672]: DEBUG swiftclient [None req-d56deaa8-c1af-48dd-a906-2d4025a3469c tempest-VolumesAdminNegativeTest-721462924 tempest-VolumesAdminNegativeTest-721462924-project] RESP HEADERS: {'Content-Type': 'application/octet-stream', 'Etag': '1d3062cd89af34e419f7100277f38b2b', 'Last-Modified': 'Tue, 02 Aug 2022 08:51:58 GMT', 'X-Timestamp': '1659430317.30300', 'Accept-Ranges': 'bytes', 'Content-Length': '16338944', 'X-Trans-Id': 'tx0d90529e6cd04f198cf42-0062e8e709', 'X-Openstack-Request-Id': 'tx0d90529e6cd04f198cf42-0062e8e709', 'Date': 'Tue, 02 Aug 2022 08:57:45 GMT'} {{(pid=151672) http_log /usr/local/lib/python3.8/dist-packages/swiftclient/client.py:159}}
Aug 02 08:57:45 ubuntu devstack@g-api.service[151672]: DEBUG glance.image_cache [None req-d56deaa8-c1af-48dd-a906-2d4025a3469c tempest-VolumesAdminNegativeTest-721462924 tempest-VolumesAdminNegativeTest-721462924-project] Tee'ing image '88835aa8-5bb2-4ae7-91b1-f66979fba7ef' into cache {{(pid=151672) get_caching_iter /opt/stack/glance/glance/image_cache/__init__.py:343}}
Aug 02 08:57:46 ubuntu devstack@g-api.service[151672]: DEBUG glance.image_cache.drivers.sqlite [None req-d56deaa8-c1af-48dd-a906-2d4025a3469c tempest-VolumesAdminNegativeTest-721462924 tempest-VolumesAdminNegativeTest-721462924-project] Fetch finished, moving '/opt/stack/data/glance/cache/incomplete/88835aa8-5bb2-4ae7-91b1-f66979fba7ef' to '/opt/stack/data/glance/cache/88835aa8-5bb2-4ae7-91b1-f66979fba7ef' {{(pid=151672) commit /opt/stack/glance/glance/image_cache/drivers/sqlite.py:324}}
Aug 02 08:57:46 ubuntu devstack@g-api.service[151672]: [pid: 151672|app: 0|req: 12/22] 127.0.0.1 () {42 vars in 1059 bytes} [Tue Aug  2 08:57:45 2022] GET /v2/images/88835aa8-5bb2-4ae7-91b1-f66979fba7ef/file => generated 16338944 bytes in 520 msecs (HTTP/1.1 200) 4 headers in 191 bytes (251 switches on core 0)
Aug 02 08:57:55 ubuntu devstack@g-api.service[151671]: DEBUG dbcounter [-] [151671] Writing DB stats glance:SELECT=8 {{(pid=151671) stat_writer /usr/local/lib/python3.8/dist-packages/dbcounter.py:114}}
Aug 02 08:57:55 ubuntu devstack@g-api.service[151672]: DEBUG dbcounter [-] [151672] Writing DB stats glance:SELECT=8 {{(pid=151672) stat_writer /usr/local/lib/python3.8/dist-packages/dbcounter.py:114}}
Aug 02 08:58:11 ubuntu devstack@g-api.service[151671]: DEBUG glance.api.middleware.version_negotiation [None req-d56deaa8-c1af-48dd-a906-2d4025a3469c tempest-VolumesAdminNegativeTest-721462924 tempest-VolumesAdminNegativeTest-721462924-project] Determining version of request: GET / Accept: application/json {{(pid=151671) process_request /opt/stack/glance/glance/api/middleware/version_negotiation.py:44}}
Aug 02 08:58:11 ubuntu devstack@g-api.service[151671]: DEBUG glance.api.middleware.version_negotiation [None req-d56deaa8-c1af-48dd-a906-2d4025a3469c tempest-VolumesAdminNegativeTest-721462924 tempest-VolumesAdminNegativeTest-721462924-project] Using url versioning {{(pid=151671) process_request /opt/stack/glance/glance/api/middleware/version_negotiation.py:57}}
Aug 02 08:58:11 ubuntu devstack@g-api.service[151671]: DEBUG glance.api.middleware.version_negotiation [None req-d56deaa8-c1af-48dd-a906-2d4025a3469c tempest-VolumesAdminNegativeTest-721462924 tempest-VolumesAdminNegativeTest-721462924-project] Unknown version. Returning version choices. {{(pid=151671) process_request /opt/stack/glance/glance/api/middleware/version_negotiation.py:64}}
Aug 02 08:58:11 ubuntu devstack@g-api.service[151671]: [pid: 151671|app: 0|req: 11/23] 127.0.0.1 () {34 vars in 492 bytes} [Tue Aug  2 08:58:11 2022] GET / => generated 1323 bytes in 6 msecs (HTTP/1.1 300) 3 headers in 106 bytes (1 switches on core 0)
Aug 02 08:58:11 ubuntu devstack@g-api.service[151672]: DEBUG glance.api.middleware.version_negotiation [None req-d56deaa8-c1af-48dd-a906-2d4025a3469c tempest-VolumesAdminNegativeTest-721462924 tempest-VolumesAdminNegativeTest-721462924-project] Determining version of request: GET /v2/images/88835aa8-5bb2-4ae7-91b1-f66979fba7ef Accept: */* {{(pid=151672) process_request /opt/stack/glance/glance/api/middleware/version_negotiation.py:44}}
Aug 02 08:58:11 ubuntu devstack@g-api.service[151672]: DEBUG glance.api.middleware.version_negotiation [None req-d56deaa8-c1af-48dd-a906-2d4025a3469c tempest-VolumesAdminNegativeTest-721462924 tempest-VolumesAdminNegativeTest-721462924-project] Using url versioning {{(pid=151672) process_request /opt/stack/glance/glance/api/middleware/version_negotiation.py:57}}
Aug 02 08:58:11 ubuntu devstack@g-api.service[151672]: DEBUG glance.api.middleware.version_negotiation [None req-d56deaa8-c1af-48dd-a906-2d4025a3469c tempest-VolumesAdminNegativeTest-721462924 tempest-VolumesAdminNegativeTest-721462924-project] Matched version: v2 {{(pid=151672) process_request /opt/stack/glance/glance/api/middleware/version_negotiation.py:69}}
Aug 02 08:58:11 ubuntu devstack@g-api.service[151672]: DEBUG glance.api.middleware.version_negotiation [None req-d56deaa8-c1af-48dd-a906-2d4025a3469c tempest-VolumesAdminNegativeTest-721462924 tempest-VolumesAdminNegativeTest-721462924-project] new path /v2/images/88835aa8-5bb2-4ae7-91b1-f66979fba7ef {{(pid=151672) process_request /opt/stack/glance/glance/api/middleware/version_negotiation.py:70}}
Aug 02 08:58:11 ubuntu devstack@g-api.service[151672]: [pid: 151672|app: 0|req: 13/24] 127.0.0.1 () {42 vars in 1049 bytes} [Tue Aug  2 08:58:11 2022] GET /v2/images/88835aa8-5bb2-4ae7-91b1-f66979fba7ef => generated 976 bytes in 31 msecs (HTTP/1.1 200) 4 headers in 157 bytes (1 switches on core 0)
Aug 02 08:58:11 ubuntu devstack@g-api.service[151671]: DEBUG glance.api.middleware.version_negotiation [None req-d56deaa8-c1af-48dd-a906-2d4025a3469c tempest-VolumesAdminNegativeTest-721462924 tempest-VolumesAdminNegativeTest-721462924-project] Determining version of request: GET /v2/schemas/image Accept: */* {{(pid=151671) process_request /opt/stack/glance/glance/api/middleware/version_negotiation.py:44}}
Aug 02 08:58:11 ubuntu devstack@g-api.service[151671]: DEBUG glance.api.middleware.version_negotiation [None req-d56deaa8-c1af-48dd-a906-2d4025a3469c tempest-VolumesAdminNegativeTest-721462924 tempest-VolumesAdminNegativeTest-721462924-project] Using url versioning {{(pid=151671) process_request /opt/stack/glance/glance/api/middleware/version_negotiation.py:57}}
Aug 02 08:58:11 ubuntu devstack@g-api.service[151671]: DEBUG glance.api.middleware.version_negotiation [None req-d56deaa8-c1af-48dd-a906-2d4025a3469c tempest-VolumesAdminNegativeTest-721462924 tempest-VolumesAdminNegativeTest-721462924-project] Matched version: v2 {{(pid=151671) process_request /opt/stack/glance/glance/api/middleware/version_negotiation.py:69}}
Aug 02 08:58:11 ubuntu devstack@g-api.service[151671]: DEBUG glance.api.middleware.version_negotiation [None req-d56deaa8-c1af-48dd-a906-2d4025a3469c tempest-VolumesAdminNegativeTest-721462924 tempest-VolumesAdminNegativeTest-721462924-project] new path /v2/schemas/image {{(pid=151671) process_request /opt/stack/glance/glance/api/middleware/version_negotiation.py:70}}
Aug 02 08:58:11 ubuntu devstack@g-api.service[151671]: [pid: 151671|app: 0|req: 12/25] 127.0.0.1 () {42 vars in 989 bytes} [Tue Aug  2 08:58:11 2022] GET /v2/schemas/image => generated 6083 bytes in 9 msecs (HTTP/1.1 200) 4 headers in 158 bytes (1 switches on core 0)
Aug 02 08:58:21 ubuntu devstack@g-api.service[151672]: DEBUG dbcounter [-] [151672] Writing DB stats glance:SELECT=4 {{(pid=151672) stat_writer /usr/local/lib/python3.8/dist-packages/dbcounter.py:114}}
Aug 02 08:58:40 ubuntu devstack@g-api.service[151672]: DEBUG glance.api.middleware.version_negotiation [None req-1063a798-b56a-40f9-9a57-40548d92b293 tempest-DeleteServersTestJSON-518481349 tempest-DeleteServersTestJSON-518481349-project] Determining version of request: GET /v2/images/88835aa8-5bb2-4ae7-91b1-f66979fba7ef Accept: */* {{(pid=151672) process_request /opt/stack/glance/glance/api/middleware/version_negotiation.py:44}}
Aug 02 08:58:40 ubuntu devstack@g-api.service[151672]: DEBUG glance.api.middleware.version_negotiation [None req-1063a798-b56a-40f9-9a57-40548d92b293 tempest-DeleteServersTestJSON-518481349 tempest-DeleteServersTestJSON-518481349-project] Using url versioning {{(pid=151672) process_request /opt/stack/glance/glance/api/middleware/version_negotiation.py:57}}
Aug 02 08:58:40 ubuntu devstack@g-api.service[151672]: DEBUG glance.api.middleware.version_negotiation [None req-1063a798-b56a-40f9-9a57-40548d92b293 tempest-DeleteServersTestJSON-518481349 tempest-DeleteServersTestJSON-518481349-project] Matched version: v2 {{(pid=151672) process_request /opt/stack/glance/glance/api/middleware/version_negotiation.py:69}}
Aug 02 08:58:40 ubuntu devstack@g-api.service[151672]: DEBUG glance.api.middleware.version_negotiation [None req-1063a798-b56a-40f9-9a57-40548d92b293 tempest-DeleteServersTestJSON-518481349 tempest-DeleteServersTestJSON-518481349-project] new path /v2/images/88835aa8-5bb2-4ae7-91b1-f66979fba7ef {{(pid=151672) process_request /opt/stack/glance/glance/api/middleware/version_negotiation.py:70}}
Aug 02 08:58:40 ubuntu devstack@g-api.service[151672]: [pid: 151672|app: 0|req: 14/26] 127.0.0.1 () {42 vars in 1049 bytes} [Tue Aug  2 08:58:40 2022] GET /v2/images/88835aa8-5bb2-4ae7-91b1-f66979fba7ef => generated 976 bytes in 22 msecs (HTTP/1.1 200) 4 headers in 157 bytes (1 switches on core 0)
