May 12 14:23:58 ubuntu neutron-server[119215]: DEBUG neutron.api.extensions [None req-1c09b379-8db5-4286-9796-2b35c1ccc508 None None] Ext name="Uplink status propagation extension" alias="uplink-status-propagation" description="Provides ability to propagate port uplink status." updated="2018-05-31T18:00:00-00:00" {{(pid=119215) _check_extension /opt/stack/neutron/neutron/api/extensions.py:416}}
May 12 14:23:58 ubuntu neutron-server[119215]: INFO neutron.api.extensions [None req-1c09b379-8db5-4286-9796-2b35c1ccc508 None None] Extension uplink-status-propagation not supported by any of loaded plugins
May 12 14:23:58 ubuntu neutron-server[119215]: DEBUG neutron.api.extensions [None req-1c09b379-8db5-4286-9796-2b35c1ccc508 None None] Loading extension file: vlantransparent.py {{(pid=119215) _load_all_extensions_from_path /opt/stack/neutron/neutron/api/extensions.py:450}}
May 12 14:23:58 ubuntu neutron-server[119215]: DEBUG neutron.api.extensions [None req-1c09b379-8db5-4286-9796-2b35c1ccc508 None None] Ext name="Vlantransparent" alias="vlan-transparent" description="Provides Vlan Transparent Networks" updated="2015-03-23T09:00:00-00:00" {{(pid=119215) _check_extension /opt/stack/neutron/neutron/api/extensions.py:416}}
May 12 14:23:58 ubuntu neutron-server[119215]: INFO neutron.api.extensions [None req-1c09b379-8db5-4286-9796-2b35c1ccc508 None None] Extension vlan-transparent not supported by any of loaded plugins
May 12 14:23:58 ubuntu neutron-server[119215]: INFO neutron.quota.resource_registry [None req-1c09b379-8db5-4286-9796-2b35c1ccc508 None None] Creating instance of TrackedResource for resource:network
May 12 14:23:58 ubuntu neutron-server[119215]: INFO neutron.quota.resource_registry [None req-1c09b379-8db5-4286-9796-2b35c1ccc508 None None] Creating instance of TrackedResource for resource:subnet
May 12 14:23:58 ubuntu neutron-server[119215]: INFO neutron.quota.resource_registry [None req-1c09b379-8db5-4286-9796-2b35c1ccc508 None None] Creating instance of TrackedResource for resource:subnetpool
May 12 14:23:58 ubuntu neutron-server[119215]: INFO neutron.quota.resource_registry [None req-1c09b379-8db5-4286-9796-2b35c1ccc508 None None] Creating instance of TrackedResource for resource:port
May 12 14:23:58 ubuntu neutron-server[119215]: DEBUG neutron.api.v2.resource_helper [None req-1c09b379-8db5-4286-9796-2b35c1ccc508 None None] Service FLAVORS assigned prefix:  {{(pid=119215) build_resource_info /opt/stack/neutron/neutron/api/v2/resource_helper.py:77}}
May 12 14:23:58 ubuntu neutron-server[119215]: DEBUG neutron.api.v2.resource_helper [None req-1c09b379-8db5-4286-9796-2b35c1ccc508 None None] Service L3_ROUTER_NAT assigned prefix:  {{(pid=119215) build_resource_info /opt/stack/neutron/neutron/api/v2/resource_helper.py:77}}
May 12 14:23:58 ubuntu neutron-server[119215]: DEBUG neutron.api.v2.resource_helper [None req-1c09b379-8db5-4286-9796-2b35c1ccc508 None None] Service L3_ROUTER_NAT assigned prefix:  {{(pid=119215) build_resource_info /opt/stack/neutron/neutron/api/v2/resource_helper.py:77}}
May 12 14:23:58 ubuntu neutron-server[119215]: INFO neutron.quota.resource_registry [None req-1c09b379-8db5-4286-9796-2b35c1ccc508 None None] Creating instance of TrackedResource for resource:router
May 12 14:23:58 ubuntu neutron-server[119215]: INFO neutron.quota.resource_registry [None req-1c09b379-8db5-4286-9796-2b35c1ccc508 None None] Creating instance of TrackedResource for resource:floatingip
May 12 14:23:58 ubuntu neutron-server[119215]: DEBUG neutron_lib.callbacks.manager [None req-1c09b379-8db5-4286-9796-2b35c1ccc508 None None] Subscribe: <bound method NeutronDbPluginV2.validate_network_rbac_policy_change of <neutron.services.network_ip_availability.plugin.NetworkIPAvailabilityPlugin object at 0x7f17e1d43460>> rbac-policy before_create 55550000 {{(pid=119215) subscribe /usr/local/lib/python3.8/dist-packages/neutron_lib/callbacks/manager.py:45}}
May 12 14:23:58 ubuntu neutron-server[119215]: DEBUG neutron_lib.callbacks.manager [None req-1c09b379-8db5-4286-9796-2b35c1ccc508 None None] Subscribe: <bound method NeutronDbPluginV2.validate_network_rbac_policy_change of <neutron.services.network_ip_availability.plugin.NetworkIPAvailabilityPlugin object at 0x7f17e1d43460>> rbac-policy before_update 55550000 {{(pid=119215) subscribe /usr/local/lib/python3.8/dist-packages/neutron_lib/callbacks/manager.py:45}}
May 12 14:23:58 ubuntu neutron-server[119215]: DEBUG neutron_lib.callbacks.manager [None req-1c09b379-8db5-4286-9796-2b35c1ccc508 None None] Subscribe: <bound method NeutronDbPluginV2.validate_network_rbac_policy_change of <neutron.services.network_ip_availability.plugin.NetworkIPAvailabilityPlugin object at 0x7f17e1d43460>> rbac-policy before_delete 55550000 {{(pid=119215) subscribe /usr/local/lib/python3.8/dist-packages/neutron_lib/callbacks/manager.py:45}}
May 12 14:23:58 ubuntu neutron-server[119215]: INFO neutron.quota.resource_registry [None req-1c09b379-8db5-4286-9796-2b35c1ccc508 None None] Creating instance of CountableResource for resource:rbac_policy
May 12 14:23:58 ubuntu neutron-server[119215]: INFO neutron.quota.resource_registry [None req-1c09b379-8db5-4286-9796-2b35c1ccc508 None None] Creating instance of TrackedResource for resource:security_group
May 12 14:23:58 ubuntu neutron-server[119215]: INFO neutron.quota.resource_registry [None req-1c09b379-8db5-4286-9796-2b35c1ccc508 None None] Creating instance of TrackedResource for resource:security_group_rule
May 12 14:23:58 ubuntu neutron-server[119215]: DEBUG neutron.api.v2.resource_helper [None req-1c09b379-8db5-4286-9796-2b35c1ccc508 None None] Service FLAVORS assigned prefix:  {{(pid=119215) build_resource_info /opt/stack/neutron/neutron/api/v2/resource_helper.py:77}}
May 12 14:23:58 ubuntu neutron-server[119215]: DEBUG neutron.api.v2.resource_helper [None req-1c09b379-8db5-4286-9796-2b35c1ccc508 None None] Service L3_ROUTER_NAT assigned prefix:  {{(pid=119215) build_resource_info /opt/stack/neutron/neutron/api/v2/resource_helper.py:77}}
May 12 14:23:58 ubuntu neutron-server[119215]: DEBUG neutron.api.v2.resource_helper [None req-1c09b379-8db5-4286-9796-2b35c1ccc508 None None] Service L3_ROUTER_NAT assigned prefix:  {{(pid=119215) build_resource_info /opt/stack/neutron/neutron/api/v2/resource_helper.py:77}}
May 12 14:23:58 ubuntu neutron-server[119215]: INFO neutron.quota.resource_registry [None req-1c09b379-8db5-4286-9796-2b35c1ccc508 None None] Creating instance of TrackedResource for resource:router
May 12 14:23:58 ubuntu neutron-server[119215]: WARNING neutron.quota.resource_registry [None req-1c09b379-8db5-4286-9796-2b35c1ccc508 None None] router is already registered
May 12 14:23:58 ubuntu neutron-server[119215]: INFO neutron.quota.resource_registry [None req-1c09b379-8db5-4286-9796-2b35c1ccc508 None None] Creating instance of TrackedResource for resource:floatingip
May 12 14:23:58 ubuntu neutron-server[119215]: WARNING neutron.quota.resource_registry [None req-1c09b379-8db5-4286-9796-2b35c1ccc508 None None] floatingip is already registered
May 12 14:23:58 ubuntu neutron-server[119215]: INFO neutron.quota.resource_registry [None req-1c09b379-8db5-4286-9796-2b35c1ccc508 None None] Creating instance of CountableResource for resource:rbac_policy
May 12 14:23:58 ubuntu neutron-server[119215]: WARNING neutron.quota.resource_registry [None req-1c09b379-8db5-4286-9796-2b35c1ccc508 None None] rbac_policy is already registered
May 12 14:23:58 ubuntu neutron-server[119215]: INFO neutron.quota.resource_registry [None req-1c09b379-8db5-4286-9796-2b35c1ccc508 None None] Creating instance of TrackedResource for resource:security_group
May 12 14:23:58 ubuntu neutron-server[119215]: WARNING neutron.quota.resource_registry [None req-1c09b379-8db5-4286-9796-2b35c1ccc508 None None] security_group is already registered
May 12 14:23:58 ubuntu neutron-server[119215]: INFO neutron.quota.resource_registry [None req-1c09b379-8db5-4286-9796-2b35c1ccc508 None None] Creating instance of TrackedResource for resource:security_group_rule
May 12 14:23:58 ubuntu neutron-server[119215]: WARNING neutron.quota.resource_registry [None req-1c09b379-8db5-4286-9796-2b35c1ccc508 None None] security_group_rule is already registered
May 12 14:23:58 ubuntu neutron-server[119215]: DEBUG neutron.api.extensions [None req-1c09b379-8db5-4286-9796-2b35c1ccc508 None None] Extended resource: extensions {{(pid=119215) __init__ /opt/stack/neutron/neutron/api/extensions.py:157}}
May 12 14:23:58 ubuntu neutron-server[119215]: DEBUG neutron.api.extensions [None req-1c09b379-8db5-4286-9796-2b35c1ccc508 None None] Extended resource: address-groups {{(pid=119215) __init__ /opt/stack/neutron/neutron/api/extensions.py:157}}
May 12 14:23:58 ubuntu neutron-server[119215]: DEBUG neutron.api.extensions [None req-1c09b379-8db5-4286-9796-2b35c1ccc508 None None] Extended resource: address-scopes {{(pid=119215) __init__ /opt/stack/neutron/neutron/api/extensions.py:157}}
May 12 14:23:58 ubuntu neutron-server[119215]: DEBUG neutron.api.extensions [None req-1c09b379-8db5-4286-9796-2b35c1ccc508 None None] Extended resource: agents {{(pid=119215) __init__ /opt/stack/neutron/neutron/api/extensions.py:157}}
May 12 14:23:58 ubuntu neutron-server[119215]: DEBUG neutron.api.extensions [None req-1c09b379-8db5-4286-9796-2b35c1ccc508 None None] Extended resource: auto-allocated-topology {{(pid=119215) __init__ /opt/stack/neutron/neutron/api/extensions.py:157}}
May 12 14:23:58 ubuntu neutron-server[119215]: DEBUG neutron.api.extensions [None req-1c09b379-8db5-4286-9796-2b35c1ccc508 None None] Extended resource: availability_zones {{(pid=119215) __init__ /opt/stack/neutron/neutron/api/extensions.py:157}}
May 12 14:23:58 ubuntu neutron-server[119215]: DEBUG neutron.api.extensions [None req-1c09b379-8db5-4286-9796-2b35c1ccc508 None None] Extended resource: flavors {{(pid=119215) __init__ /opt/stack/neutron/neutron/api/extensions.py:157}}
May 12 14:23:58 ubuntu neutron-server[119215]: DEBUG neutron.api.extensions [None req-1c09b379-8db5-4286-9796-2b35c1ccc508 None None] Extended resource: service_profiles {{(pid=119215) __init__ /opt/stack/neutron/neutron/api/extensions.py:157}}
May 12 14:23:58 ubuntu neutron-server[119215]: DEBUG neutron.api.extensions [None req-1c09b379-8db5-4286-9796-2b35c1ccc508 None None] Extended resource: next_providers {{(pid=119215) __init__ /opt/stack/neutron/neutron/api/extensions.py:157}}
May 12 14:23:58 ubuntu neutron-server[119215]: DEBUG neutron.api.extensions [None req-1c09b379-8db5-4286-9796-2b35c1ccc508 None None] Extended resource: service_profiles {{(pid=119215) __init__ /opt/stack/neutron/neutron/api/extensions.py:157}}
May 12 14:23:58 ubuntu neutron-server[119215]: DEBUG neutron.api.extensions [None req-1c09b379-8db5-4286-9796-2b35c1ccc508 None None] Extended resource: floatingip-pools {{(pid=119215) __init__ /opt/stack/neutron/neutron/api/extensions.py:157}}
May 12 14:23:58 ubuntu neutron-server[119215]: DEBUG neutron.api.extensions [None req-1c09b379-8db5-4286-9796-2b35c1ccc508 None None] Extended resource: routers {{(pid=119215) __init__ /opt/stack/neutron/neutron/api/extensions.py:157}}
May 12 14:23:58 ubuntu neutron-server[119215]: DEBUG neutron.api.extensions [None req-1c09b379-8db5-4286-9796-2b35c1ccc508 None None] Extended resource: floatingips {{(pid=119215) __init__ /opt/stack/neutron/neutron/api/extensions.py:157}}
May 12 14:23:58 ubuntu neutron-server[119215]: DEBUG neutron.api.extensions [None req-1c09b379-8db5-4286-9796-2b35c1ccc508 None None] Extended resource: network-ip-availabilities {{(pid=119215) __init__ /opt/stack/neutron/neutron/api/extensions.py:157}}
May 12 14:23:58 ubuntu neutron-server[119215]: DEBUG neutron.api.extensions [None req-1c09b379-8db5-4286-9796-2b35c1ccc508 None None] Extended resource: bindings {{(pid=119215) __init__ /opt/stack/neutron/neutron/api/extensions.py:157}}
May 12 14:23:58 ubuntu neutron-server[119215]: DEBUG neutron.api.extensions [None req-1c09b379-8db5-4286-9796-2b35c1ccc508 None None] Extended resource: quotas {{(pid=119215) __init__ /opt/stack/neutron/neutron/api/extensions.py:157}}
May 12 14:23:58 ubuntu neutron-server[119215]: DEBUG neutron.api.extensions [None req-1c09b379-8db5-4286-9796-2b35c1ccc508 None None] Extended resource: quotas {{(pid=119215) __init__ /opt/stack/neutron/neutron/api/extensions.py:157}}
May 12 14:23:58 ubuntu neutron-server[119215]: DEBUG neutron.api.extensions [None req-1c09b379-8db5-4286-9796-2b35c1ccc508 None None] Extended resource: rbac-policies {{(pid=119215) __init__ /opt/stack/neutron/neutron/api/extensions.py:157}}
May 12 14:23:58 ubuntu neutron-server[119215]: DEBUG neutron.api.extensions [None req-1c09b379-8db5-4286-9796-2b35c1ccc508 None None] Extended resource: security-groups {{(pid=119215) __init__ /opt/stack/neutron/neutron/api/extensions.py:157}}
May 12 14:23:58 ubuntu neutron-server[119215]: DEBUG neutron.api.extensions [None req-1c09b379-8db5-4286-9796-2b35c1ccc508 None None] Extended resource: security-group-rules {{(pid=119215) __init__ /opt/stack/neutron/neutron/api/extensions.py:157}}
May 12 14:23:58 ubuntu neutron-server[119215]: DEBUG neutron.api.extensions [None req-1c09b379-8db5-4286-9796-2b35c1ccc508 None None] Extended resource: service-providers {{(pid=119215) __init__ /opt/stack/neutron/neutron/api/extensions.py:157}}
May 12 14:23:58 ubuntu neutron-server[119215]: DEBUG neutron.api.extensions [None req-1c09b379-8db5-4286-9796-2b35c1ccc508 None None] Extended resource: tags {{(pid=119215) __init__ /opt/stack/neutron/neutron/api/extensions.py:157}}
May 12 14:23:58 ubuntu neutron-server[119215]: DEBUG neutron.api.extensions [None req-1c09b379-8db5-4286-9796-2b35c1ccc508 None None] Extended resource: tags {{(pid=119215) __init__ /opt/stack/neutron/neutron/api/extensions.py:157}}
May 12 14:23:58 ubuntu neutron-server[119215]: DEBUG neutron.api.extensions [None req-1c09b379-8db5-4286-9796-2b35c1ccc508 None None] Extended resource: tags {{(pid=119215) __init__ /opt/stack/neutron/neutron/api/extensions.py:157}}
May 12 14:23:58 ubuntu neutron-server[119215]: DEBUG neutron.api.extensions [None req-1c09b379-8db5-4286-9796-2b35c1ccc508 None None] Extended resource: tags {{(pid=119215) __init__ /opt/stack/neutron/neutron/api/extensions.py:157}}
May 12 14:23:58 ubuntu neutron-server[119215]: DEBUG neutron.api.extensions [None req-1c09b379-8db5-4286-9796-2b35c1ccc508 None None] Extended resource: tags {{(pid=119215) __init__ /opt/stack/neutron/neutron/api/extensions.py:157}}
May 12 14:23:58 ubuntu neutron-server[119215]: DEBUG neutron.api.extensions [None req-1c09b379-8db5-4286-9796-2b35c1ccc508 None None] Extended resource: tags {{(pid=119215) __init__ /opt/stack/neutron/neutron/api/extensions.py:157}}
May 12 14:23:58 ubuntu neutron-server[119215]: DEBUG neutron.api.extensions [None req-1c09b379-8db5-4286-9796-2b35c1ccc508 None None] Extended resource: tags {{(pid=119215) __init__ /opt/stack/neutron/neutron/api/extensions.py:157}}
May 12 14:23:58 ubuntu neutron-server[119215]: DEBUG neutron.api.extensions [None req-1c09b379-8db5-4286-9796-2b35c1ccc508 None None] Extended resource: tags {{(pid=119215) __init__ /opt/stack/neutron/neutron/api/extensions.py:157}}
May 12 14:23:58 ubuntu neutron-server[119215]: DEBUG neutron.api.extensions [None req-1c09b379-8db5-4286-9796-2b35c1ccc508 None None] Extended resource: tags {{(pid=119215) __init__ /opt/stack/neutron/neutron/api/extensions.py:157}}
May 12 14:23:58 ubuntu neutron-server[119215]: DEBUG neutron.api.extensions [None req-1c09b379-8db5-4286-9796-2b35c1ccc508 None None] Extended resource: tags {{(pid=119215) __init__ /opt/stack/neutron/neutron/api/extensions.py:157}}
May 12 14:23:58 ubuntu neutron-server[119215]: WARNING keystonemiddleware.auth_token [None req-1c09b379-8db5-4286-9796-2b35c1ccc508 None None] AuthToken middleware is set with keystone_authtoken.service_token_roles_required set to False. This is backwards compatible but deprecated behaviour. Please set this to True.
May 12 14:23:58 ubuntu neutron-server[119215]: WARNING keystonemiddleware.auth_token [None req-1c09b379-8db5-4286-9796-2b35c1ccc508 None None] Configuring www_authenticate_uri to point to the public identity endpoint is required; clients may not be able to authenticate against an admin endpoint
May 12 14:23:58 ubuntu neutron-server[119215]: DEBUG oslo_concurrency.lockutils [None req-1c09b379-8db5-4286-9796-2b35c1ccc508 None None] Acquired lock "singleton_lock" {{(pid=119215) lock /usr/local/lib/python3.8/dist-packages/oslo_concurrency/lockutils.py:294}}
May 12 14:23:58 ubuntu neutron-server[119215]: DEBUG oslo_concurrency.lockutils [None req-1c09b379-8db5-4286-9796-2b35c1ccc508 None None] Releasing lock "singleton_lock" {{(pid=119215) lock /usr/local/lib/python3.8/dist-packages/oslo_concurrency/lockutils.py:312}}
May 12 14:23:58 ubuntu neutron-server[119215]: INFO oslo_service.service [None req-1c09b379-8db5-4286-9796-2b35c1ccc508 None None] Starting 2 workers
May 12 14:23:58 ubuntu neutron-server[119215]: DEBUG oslo_service.service [None req-1c09b379-8db5-4286-9796-2b35c1ccc508 None None] Started child 119428 {{(pid=119215) _start_child /usr/local/lib/python3.8/dist-packages/oslo_service/service.py:575}}
May 12 14:23:58 ubuntu neutron-server[119215]: DEBUG oslo_service.service [None req-1c09b379-8db5-4286-9796-2b35c1ccc508 None None] Started child 119429 {{(pid=119215) _start_child /usr/local/lib/python3.8/dist-packages/oslo_service/service.py:575}}
May 12 14:23:58 ubuntu neutron-server[119215]: INFO neutron.service [None req-1c09b379-8db5-4286-9796-2b35c1ccc508 None None] Neutron service started, listening on 0.0.0.0:9696
May 12 14:23:58 ubuntu neutron-server[119215]: DEBUG neutron_lib.callbacks.manager [None req-1c09b379-8db5-4286-9796-2b35c1ccc508 None None] Publish callbacks ['neutron.plugins.ml2.drivers.ovn.mech_driver.mech_driver.OVNMechanismDriver.pre_fork_initialize-686884'] for process (None), before_spawn {{(pid=119215) _notify_loop /usr/local/lib/python3.8/dist-packages/neutron_lib/callbacks/manager.py:176}}
May 12 14:23:58 ubuntu neutron-server[119428]: DEBUG neutron_lib.callbacks.manager [-] Publish callbacks ['neutron.plugins.ml2.drivers.ovn.mech_driver.mech_driver.OVNMechanismDriver.post_fork_initialize-684492'] for process (None), after_init {{(pid=119428) _notify_loop /usr/local/lib/python3.8/dist-packages/neutron_lib/callbacks/manager.py:176}}
May 12 14:23:58 ubuntu neutron-server[119429]: DEBUG neutron_lib.callbacks.manager [-] Publish callbacks ['neutron.plugins.ml2.drivers.ovn.mech_driver.mech_driver.OVNMechanismDriver.post_fork_initialize-684492'] for process (None), after_init {{(pid=119429) _notify_loop /usr/local/lib/python3.8/dist-packages/neutron_lib/callbacks/manager.py:176}}
May 12 14:23:58 ubuntu neutron-server[119215]: DEBUG ovsdbapp.backend.ovs_idl [None req-1c09b379-8db5-4286-9796-2b35c1ccc508 None None] Created schema index Port_Group.name {{(pid=119215) autocreate_indices /usr/local/lib/python3.8/dist-packages/ovsdbapp/backend/ovs_idl/__init__.py:104}}
May 12 14:23:58 ubuntu neutron-server[119215]: DEBUG ovsdbapp.backend.ovs_idl [None req-1c09b379-8db5-4286-9796-2b35c1ccc508 None None] Created schema index Logical_Switch_Port.name {{(pid=119215) autocreate_indices /usr/local/lib/python3.8/dist-packages/ovsdbapp/backend/ovs_idl/__init__.py:104}}
May 12 14:23:58 ubuntu neutron-server[119429]: INFO neutron.plugins.ml2.drivers.ovn.mech_driver.ovsdb.impl_idl_ovn [None req-c78468c0-86ea-4ccf-8836-87174ec94075 None None] Getting OvsdbNbOvnIdl for WorkerService with retry
May 12 14:23:58 ubuntu neutron-server[119428]: INFO neutron.plugins.ml2.drivers.ovn.mech_driver.ovsdb.impl_idl_ovn [None req-05d3339e-be93-4c4e-b897-660c51d77c57 None None] Getting OvsdbNbOvnIdl for WorkerService with retry
May 12 14:23:58 ubuntu neutron-server[119215]: DEBUG ovsdbapp.backend.ovs_idl.transaction [-] Running txn n=1 command(idx=0): PgAddCommand(name=neutron_pg_drop, may_exist=True, columns={'acls': []}) {{(pid=119215) do_commit /usr/local/lib/python3.8/dist-packages/ovsdbapp/backend/ovs_idl/transaction.py:90}}
May 12 14:23:58 ubuntu neutron-server[119215]: DEBUG ovsdbapp.backend.ovs_idl.transaction [-] Running txn n=1 command(idx=1): PgAclAddCommand(entity=neutron_pg_drop, direction=from-lport, priority=1001, match=inport == @neutron_pg_drop && ip, action=drop, log=False, may_exist=True, severity=[], name=[], meter=None, external_ids={}) {{(pid=119215) do_commit /usr/local/lib/python3.8/dist-packages/ovsdbapp/backend/ovs_idl/transaction.py:90}}
May 12 14:23:58 ubuntu neutron-server[119215]: DEBUG ovsdbapp.backend.ovs_idl.transaction [-] Running txn n=1 command(idx=2): PgAclAddCommand(entity=neutron_pg_drop, direction=to-lport, priority=1001, match=outport == @neutron_pg_drop && ip, action=drop, log=False, may_exist=True, severity=[], name=[], meter=None, external_ids={}) {{(pid=119215) do_commit /usr/local/lib/python3.8/dist-packages/ovsdbapp/backend/ovs_idl/transaction.py:90}}
May 12 14:23:58 ubuntu neutron-server[119215]: DEBUG ovsdbapp.backend.ovs_idl.event [-] Matched CREATE: NeutronPgDropPortGroupCreated(events=('create',), table='Port_Group', conditions=(('name', '=', 'neutron_pg_drop'),), old_conditions=None), priority=10 to row=Port_Group(name=neutron_pg_drop, ports=[], external_ids={}, acls=[<ovs.db.idl.Row object at 0x7f17e1d6e430>, <ovs.db.idl.Row object at 0x7f17e1d6e250>]) old= {{(pid=119215) matches /usr/local/lib/python3.8/dist-packages/ovsdbapp/backend/ovs_idl/event.py:43}}
May 12 14:23:58 ubuntu neutron-server[119428]: DEBUG ovsdbapp.backend.ovs_idl [None req-05d3339e-be93-4c4e-b897-660c51d77c57 None None] Created lookup_table index Logical_Switch.name {{(pid=119428) autocreate_indices /usr/local/lib/python3.8/dist-packages/ovsdbapp/backend/ovs_idl/__init__.py:85}}
May 12 14:23:58 ubuntu neutron-server[119428]: DEBUG ovsdbapp.backend.ovs_idl [None req-05d3339e-be93-4c4e-b897-660c51d77c57 None None] Created lookup_table index Logical_Router.name {{(pid=119428) autocreate_indices /usr/local/lib/python3.8/dist-packages/ovsdbapp/backend/ovs_idl/__init__.py:85}}
May 12 14:23:58 ubuntu neutron-server[119428]: DEBUG ovsdbapp.backend.ovs_idl [None req-05d3339e-be93-4c4e-b897-660c51d77c57 None None] Created lookup_table index Load_Balancer.name {{(pid=119428) autocreate_indices /usr/local/lib/python3.8/dist-packages/ovsdbapp/backend/ovs_idl/__init__.py:85}}
May 12 14:23:58 ubuntu neutron-server[119428]: DEBUG ovsdbapp.backend.ovs_idl [None req-05d3339e-be93-4c4e-b897-660c51d77c57 None None] Created schema index Meter.name {{(pid=119428) autocreate_indices /usr/local/lib/python3.8/dist-packages/ovsdbapp/backend/ovs_idl/__init__.py:104}}
May 12 14:23:58 ubuntu neutron-server[119428]: DEBUG ovsdbapp.backend.ovs_idl [None req-05d3339e-be93-4c4e-b897-660c51d77c57 None None] Created schema index Address_Set.name {{(pid=119428) autocreate_indices /usr/local/lib/python3.8/dist-packages/ovsdbapp/backend/ovs_idl/__init__.py:104}}
May 12 14:23:58 ubuntu neutron-server[119428]: DEBUG ovsdbapp.backend.ovs_idl [None req-05d3339e-be93-4c4e-b897-660c51d77c57 None None] Created schema index HA_Chassis_Group.name {{(pid=119428) autocreate_indices /usr/local/lib/python3.8/dist-packages/ovsdbapp/backend/ovs_idl/__init__.py:104}}
May 12 14:23:58 ubuntu neutron-server[119428]: DEBUG ovsdbapp.backend.ovs_idl [None req-05d3339e-be93-4c4e-b897-660c51d77c57 None None] Created schema index Connection.target {{(pid=119428) autocreate_indices /usr/local/lib/python3.8/dist-packages/ovsdbapp/backend/ovs_idl/__init__.py:104}}
May 12 14:23:58 ubuntu neutron-server[119428]: DEBUG ovsdbapp.backend.ovs_idl [None req-05d3339e-be93-4c4e-b897-660c51d77c57 None None] Created schema index Gateway_Chassis.name {{(pid=119428) autocreate_indices /usr/local/lib/python3.8/dist-packages/ovsdbapp/backend/ovs_idl/__init__.py:104}}
May 12 14:23:58 ubuntu neutron-server[119428]: DEBUG ovsdbapp.backend.ovs_idl [None req-05d3339e-be93-4c4e-b897-660c51d77c57 None None] Created schema index Logical_Router_Port.name {{(pid=119428) autocreate_indices /usr/local/lib/python3.8/dist-packages/ovsdbapp/backend/ovs_idl/__init__.py:104}}
May 12 14:23:58 ubuntu neutron-server[119428]: DEBUG ovsdbapp.backend.ovs_idl [None req-05d3339e-be93-4c4e-b897-660c51d77c57 None None] Created schema index Port_Group.name {{(pid=119428) autocreate_indices /usr/local/lib/python3.8/dist-packages/ovsdbapp/backend/ovs_idl/__init__.py:104}}
May 12 14:23:58 ubuntu neutron-server[119428]: DEBUG ovsdbapp.backend.ovs_idl [None req-05d3339e-be93-4c4e-b897-660c51d77c57 None None] Created schema index Logical_Switch_Port.name {{(pid=119428) autocreate_indices /usr/local/lib/python3.8/dist-packages/ovsdbapp/backend/ovs_idl/__init__.py:104}}
May 12 14:23:58 ubuntu neutron-server[119428]: INFO ovsdbapp.backend.ovs_idl.vlog [None req-05d3339e-be93-4c4e-b897-660c51d77c57 None None] tcp:192.168.79.49:6641: connecting...
May 12 14:23:58 ubuntu neutron-server[119428]: INFO ovsdbapp.backend.ovs_idl.vlog [None req-05d3339e-be93-4c4e-b897-660c51d77c57 None None] tcp:192.168.79.49:6641: connected
May 12 14:23:58 ubuntu neutron-server[119429]: DEBUG ovsdbapp.backend.ovs_idl [None req-c78468c0-86ea-4ccf-8836-87174ec94075 None None] Created lookup_table index Logical_Switch.name {{(pid=119429) autocreate_indices /usr/local/lib/python3.8/dist-packages/ovsdbapp/backend/ovs_idl/__init__.py:85}}
May 12 14:23:58 ubuntu neutron-server[119429]: DEBUG ovsdbapp.backend.ovs_idl [None req-c78468c0-86ea-4ccf-8836-87174ec94075 None None] Created lookup_table index Logical_Router.name {{(pid=119429) autocreate_indices /usr/local/lib/python3.8/dist-packages/ovsdbapp/backend/ovs_idl/__init__.py:85}}
May 12 14:23:58 ubuntu neutron-server[119429]: DEBUG ovsdbapp.backend.ovs_idl [None req-c78468c0-86ea-4ccf-8836-87174ec94075 None None] Created lookup_table index Load_Balancer.name {{(pid=119429) autocreate_indices /usr/local/lib/python3.8/dist-packages/ovsdbapp/backend/ovs_idl/__init__.py:85}}
May 12 14:23:58 ubuntu neutron-server[119429]: DEBUG ovsdbapp.backend.ovs_idl [None req-c78468c0-86ea-4ccf-8836-87174ec94075 None None] Created schema index Meter.name {{(pid=119429) autocreate_indices /usr/local/lib/python3.8/dist-packages/ovsdbapp/backend/ovs_idl/__init__.py:104}}
May 12 14:23:58 ubuntu neutron-server[119429]: DEBUG ovsdbapp.backend.ovs_idl [None req-c78468c0-86ea-4ccf-8836-87174ec94075 None None] Created schema index Address_Set.name {{(pid=119429) autocreate_indices /usr/local/lib/python3.8/dist-packages/ovsdbapp/backend/ovs_idl/__init__.py:104}}
May 12 14:23:58 ubuntu neutron-server[119429]: DEBUG ovsdbapp.backend.ovs_idl [None req-c78468c0-86ea-4ccf-8836-87174ec94075 None None] Created schema index HA_Chassis_Group.name {{(pid=119429) autocreate_indices /usr/local/lib/python3.8/dist-packages/ovsdbapp/backend/ovs_idl/__init__.py:104}}
May 12 14:23:58 ubuntu neutron-server[119429]: DEBUG ovsdbapp.backend.ovs_idl [None req-c78468c0-86ea-4ccf-8836-87174ec94075 None None] Created schema index Connection.target {{(pid=119429) autocreate_indices /usr/local/lib/python3.8/dist-packages/ovsdbapp/backend/ovs_idl/__init__.py:104}}
May 12 14:23:58 ubuntu neutron-server[119429]: DEBUG ovsdbapp.backend.ovs_idl [None req-c78468c0-86ea-4ccf-8836-87174ec94075 None None] Created schema index Gateway_Chassis.name {{(pid=119429) autocreate_indices /usr/local/lib/python3.8/dist-packages/ovsdbapp/backend/ovs_idl/__init__.py:104}}
May 12 14:23:58 ubuntu neutron-server[119429]: DEBUG ovsdbapp.backend.ovs_idl [None req-c78468c0-86ea-4ccf-8836-87174ec94075 None None] Created schema index Logical_Router_Port.name {{(pid=119429) autocreate_indices /usr/local/lib/python3.8/dist-packages/ovsdbapp/backend/ovs_idl/__init__.py:104}}
May 12 14:23:58 ubuntu neutron-server[119429]: DEBUG ovsdbapp.backend.ovs_idl [None req-c78468c0-86ea-4ccf-8836-87174ec94075 None None] Created schema index Port_Group.name {{(pid=119429) autocreate_indices /usr/local/lib/python3.8/dist-packages/ovsdbapp/backend/ovs_idl/__init__.py:104}}
May 12 14:23:58 ubuntu neutron-server[119429]: DEBUG ovsdbapp.backend.ovs_idl [None req-c78468c0-86ea-4ccf-8836-87174ec94075 None None] Created schema index Logical_Switch_Port.name {{(pid=119429) autocreate_indices /usr/local/lib/python3.8/dist-packages/ovsdbapp/backend/ovs_idl/__init__.py:104}}
May 12 14:23:58 ubuntu neutron-server[119429]: INFO ovsdbapp.backend.ovs_idl.vlog [None req-c78468c0-86ea-4ccf-8836-87174ec94075 None None] tcp:192.168.79.49:6641: connecting...
May 12 14:23:58 ubuntu neutron-server[119429]: INFO ovsdbapp.backend.ovs_idl.vlog [None req-c78468c0-86ea-4ccf-8836-87174ec94075 None None] tcp:192.168.79.49:6641: connected
May 12 14:23:58 ubuntu neutron-server[119215]: DEBUG ovsdbapp.backend.ovs_idl [None req-1c09b379-8db5-4286-9796-2b35c1ccc508 None None] Created lookup_table index Logical_Switch.name {{(pid=119215) autocreate_indices /usr/local/lib/python3.8/dist-packages/ovsdbapp/backend/ovs_idl/__init__.py:85}}
May 12 14:23:58 ubuntu neutron-server[119215]: DEBUG ovsdbapp.backend.ovs_idl [None req-1c09b379-8db5-4286-9796-2b35c1ccc508 None None] Created lookup_table index Logical_Router.name {{(pid=119215) autocreate_indices /usr/local/lib/python3.8/dist-packages/ovsdbapp/backend/ovs_idl/__init__.py:85}}
May 12 14:23:58 ubuntu neutron-server[119215]: DEBUG ovsdbapp.backend.ovs_idl [None req-1c09b379-8db5-4286-9796-2b35c1ccc508 None None] Created lookup_table index Load_Balancer.name {{(pid=119215) autocreate_indices /usr/local/lib/python3.8/dist-packages/ovsdbapp/backend/ovs_idl/__init__.py:85}}
May 12 14:23:58 ubuntu neutron-server[119215]: DEBUG ovsdbapp.backend.ovs_idl [None req-1c09b379-8db5-4286-9796-2b35c1ccc508 None None] Created schema index Meter.name {{(pid=119215) autocreate_indices /usr/local/lib/python3.8/dist-packages/ovsdbapp/backend/ovs_idl/__init__.py:104}}
May 12 14:23:58 ubuntu neutron-server[119215]: DEBUG ovsdbapp.backend.ovs_idl [None req-1c09b379-8db5-4286-9796-2b35c1ccc508 None None] Created schema index Address_Set.name {{(pid=119215) autocreate_indices /usr/local/lib/python3.8/dist-packages/ovsdbapp/backend/ovs_idl/__init__.py:104}}
May 12 14:23:58 ubuntu neutron-server[119215]: DEBUG ovsdbapp.backend.ovs_idl [None req-1c09b379-8db5-4286-9796-2b35c1ccc508 None None] Created schema index HA_Chassis_Group.name {{(pid=119215) autocreate_indices /usr/local/lib/python3.8/dist-packages/ovsdbapp/backend/ovs_idl/__init__.py:104}}
May 12 14:23:58 ubuntu neutron-server[119215]: DEBUG ovsdbapp.backend.ovs_idl [None req-1c09b379-8db5-4286-9796-2b35c1ccc508 None None] Created schema index Connection.target {{(pid=119215) autocreate_indices /usr/local/lib/python3.8/dist-packages/ovsdbapp/backend/ovs_idl/__init__.py:104}}
May 12 14:23:58 ubuntu neutron-server[119215]: DEBUG ovsdbapp.backend.ovs_idl [None req-1c09b379-8db5-4286-9796-2b35c1ccc508 None None] Created schema index Gateway_Chassis.name {{(pid=119215) autocreate_indices /usr/local/lib/python3.8/dist-packages/ovsdbapp/backend/ovs_idl/__init__.py:104}}
May 12 14:23:58 ubuntu neutron-server[119215]: DEBUG ovsdbapp.backend.ovs_idl [None req-1c09b379-8db5-4286-9796-2b35c1ccc508 None None] Created schema index Logical_Router_Port.name {{(pid=119215) autocreate_indices /usr/local/lib/python3.8/dist-packages/ovsdbapp/backend/ovs_idl/__init__.py:104}}
May 12 14:23:58 ubuntu neutron-server[119215]: DEBUG ovsdbapp.backend.ovs_idl [None req-1c09b379-8db5-4286-9796-2b35c1ccc508 None None] Created schema index Port_Group.name {{(pid=119215) autocreate_indices /usr/local/lib/python3.8/dist-packages/ovsdbapp/backend/ovs_idl/__init__.py:104}}
May 12 14:23:58 ubuntu neutron-server[119215]: DEBUG ovsdbapp.backend.ovs_idl [None req-1c09b379-8db5-4286-9796-2b35c1ccc508 None None] Created schema index Logical_Switch_Port.name {{(pid=119215) autocreate_indices /usr/local/lib/python3.8/dist-packages/ovsdbapp/backend/ovs_idl/__init__.py:104}}
May 12 14:23:58 ubuntu neutron-server[119428]: DEBUG neutron.common.ovn.hash_ring_manager [None req-05d3339e-be93-4c4e-b897-660c51d77c57 None None] Allow caching, nodes 2>=2 {{(pid=119428) _wait_startup_before_caching /opt/stack/neutron/neutron/common/ovn/hash_ring_manager.py:60}}
May 12 14:23:58 ubuntu neutron-server[119428]: DEBUG neutron.plugins.ml2.drivers.ovn.mech_driver.ovsdb.ovsdb_monitor [None req-05d3339e-be93-4c4e-b897-660c51d77c57 None None] Hash Ring: Node af2ae76e-baec-4c02-989f-942d7a8cedfc (host: ubuntu) handling event "create" for row 8061fc09-4ecd-46ec-9131-676daa79bde1 (table: Database) {{(pid=119428) notify /opt/stack/neutron/neutron/plugins/ml2/drivers/ovn/mech_driver/ovsdb/ovsdb_monitor.py:815}}
May 12 14:23:58 ubuntu neutron-server[119428]: INFO neutron.plugins.ml2.drivers.ovn.mech_driver.ovsdb.impl_idl_ovn [None req-05d3339e-be93-4c4e-b897-660c51d77c57 None None] Getting OvsdbSbOvnIdl for WorkerService with retry
May 12 14:23:58 ubuntu neutron-server[119429]: DEBUG neutron.common.ovn.hash_ring_manager [None req-c78468c0-86ea-4ccf-8836-87174ec94075 None None] Allow caching, nodes 2>=2 {{(pid=119429) _wait_startup_before_caching /opt/stack/neutron/neutron/common/ovn/hash_ring_manager.py:60}}
May 12 14:23:58 ubuntu neutron-server[119428]: DEBUG ovsdbapp.backend.ovs_idl [None req-05d3339e-be93-4c4e-b897-660c51d77c57 None None] Created lookup_table index Chassis.name {{(pid=119428) autocreate_indices /usr/local/lib/python3.8/dist-packages/ovsdbapp/backend/ovs_idl/__init__.py:85}}
May 12 14:23:58 ubuntu neutron-server[119428]: DEBUG ovsdbapp.backend.ovs_idl [None req-05d3339e-be93-4c4e-b897-660c51d77c57 None None] Created schema index Datapath_Binding.tunnel_key {{(pid=119428) autocreate_indices /usr/local/lib/python3.8/dist-packages/ovsdbapp/backend/ovs_idl/__init__.py:104}}
May 12 14:23:58 ubuntu neutron-server[119428]: DEBUG ovsdbapp.backend.ovs_idl [None req-05d3339e-be93-4c4e-b897-660c51d77c57 None None] Created schema index Connection.target {{(pid=119428) autocreate_indices /usr/local/lib/python3.8/dist-packages/ovsdbapp/backend/ovs_idl/__init__.py:104}}
May 12 14:23:58 ubuntu neutron-server[119428]: INFO ovsdbapp.backend.ovs_idl.vlog [None req-05d3339e-be93-4c4e-b897-660c51d77c57 None None] tcp:192.168.79.49:6642: connecting...
May 12 14:23:58 ubuntu neutron-server[119428]: INFO ovsdbapp.backend.ovs_idl.vlog [None req-05d3339e-be93-4c4e-b897-660c51d77c57 None None] tcp:192.168.79.49:6642: connected
May 12 14:23:58 ubuntu neutron-server[119429]: DEBUG neutron.plugins.ml2.drivers.ovn.mech_driver.ovsdb.ovsdb_monitor [None req-c78468c0-86ea-4ccf-8836-87174ec94075 None None] Hash Ring: Node af3c9c24-f995-4aaa-b598-c8b10a047fae (host: ubuntu) handling event "create" for row 10d588c1-db83-4cfe-a98c-b1ca3e8f7caa (table: Database) {{(pid=119429) notify /opt/stack/neutron/neutron/plugins/ml2/drivers/ovn/mech_driver/ovsdb/ovsdb_monitor.py:815}}
May 12 14:23:58 ubuntu neutron-server[119429]: DEBUG neutron.plugins.ml2.drivers.ovn.mech_driver.ovsdb.ovsdb_monitor [None req-c78468c0-86ea-4ccf-8836-87174ec94075 None None] Hash Ring: Node af3c9c24-f995-4aaa-b598-c8b10a047fae (host: ubuntu) handling event "create" for row d762b83c-8a55-4559-8287-b0bdd4ee4082 (table: Port_Group) {{(pid=119429) notify /opt/stack/neutron/neutron/plugins/ml2/drivers/ovn/mech_driver/ovsdb/ovsdb_monitor.py:815}}
May 12 14:23:58 ubuntu neutron-server[119429]: DEBUG neutron.plugins.ml2.drivers.ovn.mech_driver.ovsdb.ovsdb_monitor [None req-c78468c0-86ea-4ccf-8836-87174ec94075 None None] Hash Ring: Node af3c9c24-f995-4aaa-b598-c8b10a047fae (host: ubuntu) handling event "create" for row 3ae32eb1-45ed-4faf-84a8-edbe797c8716 (table: NB_Global) {{(pid=119429) notify /opt/stack/neutron/neutron/plugins/ml2/drivers/ovn/mech_driver/ovsdb/ovsdb_monitor.py:815}}
May 12 14:23:58 ubuntu neutron-server[119429]: DEBUG neutron.plugins.ml2.drivers.ovn.mech_driver.ovsdb.ovsdb_monitor [None req-c78468c0-86ea-4ccf-8836-87174ec94075 None None] Hash Ring: Node af3c9c24-f995-4aaa-b598-c8b10a047fae (host: ubuntu) handling event "create" for row ad110697-3620-41b1-b68b-1712509e9022 (table: ACL) {{(pid=119429) notify /opt/stack/neutron/neutron/plugins/ml2/drivers/ovn/mech_driver/ovsdb/ovsdb_monitor.py:815}}
May 12 14:23:58 ubuntu neutron-server[119429]: DEBUG neutron.plugins.ml2.drivers.ovn.mech_driver.ovsdb.ovsdb_monitor [None req-c78468c0-86ea-4ccf-8836-87174ec94075 None None] Hash Ring: Node af3c9c24-f995-4aaa-b598-c8b10a047fae (host: ubuntu) handling event "create" for row 7da67100-22b1-466f-8210-b26838271d21 (table: ACL) {{(pid=119429) notify /opt/stack/neutron/neutron/plugins/ml2/drivers/ovn/mech_driver/ovsdb/ovsdb_monitor.py:815}}
May 12 14:23:58 ubuntu neutron-server[119429]: DEBUG neutron.plugins.ml2.drivers.ovn.mech_driver.ovsdb.ovsdb_monitor [None req-c78468c0-86ea-4ccf-8836-87174ec94075 None None] Hash Ring: Node af3c9c24-f995-4aaa-b598-c8b10a047fae (host: ubuntu) handling event "create" for row 9ac7fb74-64a3-4518-955a-0e391a972f54 (table: Connection) {{(pid=119429) notify /opt/stack/neutron/neutron/plugins/ml2/drivers/ovn/mech_driver/ovsdb/ovsdb_monitor.py:815}}
May 12 14:23:58 ubuntu neutron-server[119429]: INFO neutron.plugins.ml2.drivers.ovn.mech_driver.ovsdb.impl_idl_ovn [None req-c78468c0-86ea-4ccf-8836-87174ec94075 None None] Getting OvsdbSbOvnIdl for WorkerService with retry
May 12 14:23:58 ubuntu neutron-server[119215]: DEBUG ovsdbapp.backend.ovs_idl [None req-1c09b379-8db5-4286-9796-2b35c1ccc508 None None] Created lookup_table index Chassis.name {{(pid=119215) autocreate_indices /usr/local/lib/python3.8/dist-packages/ovsdbapp/backend/ovs_idl/__init__.py:85}}
May 12 14:23:58 ubuntu neutron-server[119215]: DEBUG ovsdbapp.backend.ovs_idl [None req-1c09b379-8db5-4286-9796-2b35c1ccc508 None None] Created lookup_table index MAC_Binding.ip {{(pid=119215) autocreate_indices /usr/local/lib/python3.8/dist-packages/ovsdbapp/backend/ovs_idl/__init__.py:85}}
May 12 14:23:58 ubuntu neutron-server[119215]: DEBUG ovsdbapp.backend.ovs_idl [None req-1c09b379-8db5-4286-9796-2b35c1ccc508 None None] Created schema index Meter.name {{(pid=119215) autocreate_indices /usr/local/lib/python3.8/dist-packages/ovsdbapp/backend/ovs_idl/__init__.py:104}}
May 12 14:23:58 ubuntu neutron-server[119215]: DEBUG ovsdbapp.backend.ovs_idl [None req-1c09b379-8db5-4286-9796-2b35c1ccc508 None None] Created schema index Address_Set.name {{(pid=119215) autocreate_indices /usr/local/lib/python3.8/dist-packages/ovsdbapp/backend/ovs_idl/__init__.py:104}}
May 12 14:23:58 ubuntu neutron-server[119215]: DEBUG ovsdbapp.backend.ovs_idl [None req-1c09b379-8db5-4286-9796-2b35c1ccc508 None None] Created schema index HA_Chassis_Group.name {{(pid=119215) autocreate_indices /usr/local/lib/python3.8/dist-packages/ovsdbapp/backend/ovs_idl/__init__.py:104}}
May 12 14:23:58 ubuntu neutron-server[119215]: DEBUG ovsdbapp.backend.ovs_idl [None req-1c09b379-8db5-4286-9796-2b35c1ccc508 None None] Created schema index IP_Multicast.datapath {{(pid=119215) autocreate_indices /usr/local/lib/python3.8/dist-packages/ovsdbapp/backend/ovs_idl/__init__.py:104}}
May 12 14:23:58 ubuntu neutron-server[119215]: DEBUG ovsdbapp.backend.ovs_idl [None req-1c09b379-8db5-4286-9796-2b35c1ccc508 None None] Created schema index Connection.target {{(pid=119215) autocreate_indices /usr/local/lib/python3.8/dist-packages/ovsdbapp/backend/ovs_idl/__init__.py:104}}
May 12 14:23:58 ubuntu neutron-server[119215]: DEBUG ovsdbapp.backend.ovs_idl [None req-1c09b379-8db5-4286-9796-2b35c1ccc508 None None] Created schema index Gateway_Chassis.name {{(pid=119215) autocreate_indices /usr/local/lib/python3.8/dist-packages/ovsdbapp/backend/ovs_idl/__init__.py:104}}
May 12 14:23:58 ubuntu neutron-server[119215]: DEBUG ovsdbapp.backend.ovs_idl [None req-1c09b379-8db5-4286-9796-2b35c1ccc508 None None] Created schema index Port_Group.name {{(pid=119215) autocreate_indices /usr/local/lib/python3.8/dist-packages/ovsdbapp/backend/ovs_idl/__init__.py:104}}
May 12 14:23:58 ubuntu neutron-server[119215]: DEBUG ovsdbapp.backend.ovs_idl [None req-1c09b379-8db5-4286-9796-2b35c1ccc508 None None] Created schema index Datapath_Binding.tunnel_key {{(pid=119215) autocreate_indices /usr/local/lib/python3.8/dist-packages/ovsdbapp/backend/ovs_idl/__init__.py:104}}
May 12 14:23:58 ubuntu neutron-server[119429]: DEBUG ovsdbapp.backend.ovs_idl [None req-c78468c0-86ea-4ccf-8836-87174ec94075 None None] Created lookup_table index Chassis.name {{(pid=119429) autocreate_indices /usr/local/lib/python3.8/dist-packages/ovsdbapp/backend/ovs_idl/__init__.py:85}}
May 12 14:23:58 ubuntu neutron-server[119429]: DEBUG ovsdbapp.backend.ovs_idl [None req-c78468c0-86ea-4ccf-8836-87174ec94075 None None] Created schema index Datapath_Binding.tunnel_key {{(pid=119429) autocreate_indices /usr/local/lib/python3.8/dist-packages/ovsdbapp/backend/ovs_idl/__init__.py:104}}
May 12 14:23:58 ubuntu neutron-server[119429]: DEBUG ovsdbapp.backend.ovs_idl [None req-c78468c0-86ea-4ccf-8836-87174ec94075 None None] Created schema index Connection.target {{(pid=119429) autocreate_indices /usr/local/lib/python3.8/dist-packages/ovsdbapp/backend/ovs_idl/__init__.py:104}}
May 12 14:23:58 ubuntu neutron-server[119429]: INFO ovsdbapp.backend.ovs_idl.vlog [None req-c78468c0-86ea-4ccf-8836-87174ec94075 None None] tcp:192.168.79.49:6642: connecting...
May 12 14:23:58 ubuntu neutron-server[119429]: INFO ovsdbapp.backend.ovs_idl.vlog [None req-c78468c0-86ea-4ccf-8836-87174ec94075 None None] tcp:192.168.79.49:6642: connected
May 12 14:23:59 ubuntu neutron-server[119428]: DEBUG neutron.common.ovn.hash_ring_manager [None req-05d3339e-be93-4c4e-b897-660c51d77c57 None None] Allow caching, nodes 2>=2 {{(pid=119428) _wait_startup_before_caching /opt/stack/neutron/neutron/common/ovn/hash_ring_manager.py:60}}
May 12 14:23:59 ubuntu neutron-server[119428]: DEBUG neutron.plugins.ml2.drivers.ovn.mech_driver.ovsdb.ovsdb_monitor [None req-05d3339e-be93-4c4e-b897-660c51d77c57 None None] Hash Ring: Node af2ae76e-baec-4c02-989f-942d7a8cedfc (host: ubuntu) handling event "create" for row c5b5d7a6-27b9-4bfe-adce-9ee77c122d11 (table: Database) {{(pid=119428) notify /opt/stack/neutron/neutron/plugins/ml2/drivers/ovn/mech_driver/ovsdb/ovsdb_monitor.py:815}}
May 12 14:23:59 ubuntu neutron-server[119215]: INFO oslo_service.service [None req-1c09b379-8db5-4286-9796-2b35c1ccc508 None None] Starting 1 workers
May 12 14:23:59 ubuntu neutron-server[119429]: DEBUG neutron.common.ovn.hash_ring_manager [None req-c78468c0-86ea-4ccf-8836-87174ec94075 None None] Allow caching, nodes 2>=2 {{(pid=119429) _wait_startup_before_caching /opt/stack/neutron/neutron/common/ovn/hash_ring_manager.py:60}}
May 12 14:23:59 ubuntu neutron-server[119215]: DEBUG oslo_service.service [None req-1c09b379-8db5-4286-9796-2b35c1ccc508 None None] Started child 119431 {{(pid=119215) _start_child /usr/local/lib/python3.8/dist-packages/oslo_service/service.py:575}}
May 12 14:23:59 ubuntu neutron-server[119215]: INFO oslo_service.service [None req-1c09b379-8db5-4286-9796-2b35c1ccc508 None None] Starting 1 workers
May 12 14:23:59 ubuntu neutron-server[119428]: DEBUG neutron.plugins.ml2.drivers.ovn.mech_driver.ovsdb.ovsdb_monitor [None req-05d3339e-be93-4c4e-b897-660c51d77c57 None None] Hash Ring: Node af2ae76e-baec-4c02-989f-942d7a8cedfc (host: ubuntu) handling event "create" for row a128a04b-2e13-4983-99fd-ccd56e4ade60 (table: Database) {{(pid=119428) notify /opt/stack/neutron/neutron/plugins/ml2/drivers/ovn/mech_driver/ovsdb/ovsdb_monitor.py:815}}
May 12 14:23:59 ubuntu neutron-server[119215]: DEBUG oslo_service.service [None req-1c09b379-8db5-4286-9796-2b35c1ccc508 None None] Started child 119432 {{(pid=119215) _start_child /usr/local/lib/python3.8/dist-packages/oslo_service/service.py:575}}
May 12 14:23:59 ubuntu neutron-server[119428]: DEBUG neutron.plugins.ml2.drivers.ovn.mech_driver.ovsdb.ovsdb_monitor [None req-05d3339e-be93-4c4e-b897-660c51d77c57 None None] ChassisMetadataAgentWriteEvent : Matched Chassis, create, None None {{(pid=119428) matches /opt/stack/neutron/neutron/plugins/ml2/drivers/ovn/mech_driver/ovsdb/ovsdb_monitor.py:62}}
May 12 14:23:59 ubuntu neutron-server[119215]: INFO oslo_service.service [None req-1c09b379-8db5-4286-9796-2b35c1ccc508 None None] Starting 1 workers
May 12 14:23:59 ubuntu neutron-server[119428]: DEBUG neutron.plugins.ml2.drivers.ovn.mech_driver.ovsdb.ovsdb_monitor [None req-05d3339e-be93-4c4e-b897-660c51d77c57 None None] ChassisAgentWriteEvent : Matched Chassis, create, None None {{(pid=119428) matches /opt/stack/neutron/neutron/plugins/ml2/drivers/ovn/mech_driver/ovsdb/ovsdb_monitor.py:62}}
May 12 14:23:59 ubuntu neutron-server[119431]: DEBUG neutron.service [None req-1c09b379-8db5-4286-9796-2b35c1ccc508 None None] calling RpcWorker wait() {{(pid=119431) _wait /opt/stack/neutron/neutron/service.py:128}}
May 12 14:23:59 ubuntu neutron-server[119431]: DEBUG neutron.service [None req-1c09b379-8db5-4286-9796-2b35c1ccc508 None None] returning from RpcWorker wait() {{(pid=119431) _wait /opt/stack/neutron/neutron/service.py:135}}
May 12 14:23:59 ubuntu neutron-server[119428]: INFO neutron.wsgi [-] (119428) wsgi starting up on http://0.0.0.0:9696
May 12 14:23:59 ubuntu neutron-server[119215]: DEBUG oslo_service.service [None req-1c09b379-8db5-4286-9796-2b35c1ccc508 None None] Started child 119433 {{(pid=119215) _start_child /usr/local/lib/python3.8/dist-packages/oslo_service/service.py:575}}
May 12 14:23:59 ubuntu neutron-server[119215]: DEBUG neutron_lib.callbacks.manager [None req-1c09b379-8db5-4286-9796-2b35c1ccc508 None None] Publish callbacks [] for process (None), after_spawn {{(pid=119215) _notify_loop /usr/local/lib/python3.8/dist-packages/neutron_lib/callbacks/manager.py:176}}
May 12 14:23:59 ubuntu neutron-server[119431]: DEBUG neutron_lib.callbacks.manager [-] Publish callbacks ['neutron.plugins.ml2.drivers.ovn.mech_driver.mech_driver.OVNMechanismDriver.post_fork_initialize-684492'] for process (None), after_init {{(pid=119431) _notify_loop /usr/local/lib/python3.8/dist-packages/neutron_lib/callbacks/manager.py:176}}
May 12 14:23:59 ubuntu neutron-server[119215]: DEBUG oslo_service.service [-] Full set of CONF: {{(pid=119215) wait /usr/local/lib/python3.8/dist-packages/oslo_service/service.py:649}}
May 12 14:23:59 ubuntu neutron-server[119215]: DEBUG oslo_service.service [-] ******************************************************************************** {{(pid=119215) log_opt_values /usr/local/lib/python3.8/dist-packages/oslo_config/cfg.py:2589}}
May 12 14:23:59 ubuntu neutron-server[119215]: DEBUG oslo_service.service [-] Configuration options gathered from: {{(pid=119215) log_opt_values /usr/local/lib/python3.8/dist-packages/oslo_config/cfg.py:2590}}
May 12 14:23:59 ubuntu neutron-server[119215]: DEBUG oslo_service.service [-] command line args: ['--config-file', '/etc/neutron/neutron.conf', '--config-file', '/etc/neutron/plugins/ml2/ml2_conf.ini'] {{(pid=119215) log_opt_values /usr/local/lib/python3.8/dist-packages/oslo_config/cfg.py:2591}}
May 12 14:23:59 ubuntu neutron-server[119215]: DEBUG oslo_service.service [-] config files: ['/etc/neutron/neutron.conf', '/etc/neutron/plugins/ml2/ml2_conf.ini'] {{(pid=119215) log_opt_values /usr/local/lib/python3.8/dist-packages/oslo_config/cfg.py:2592}}
May 12 14:23:59 ubuntu neutron-server[119215]: DEBUG oslo_service.service [-] ================================================================================ {{(pid=119215) log_opt_values /usr/local/lib/python3.8/dist-packages/oslo_config/cfg.py:2594}}
May 12 14:23:59 ubuntu neutron-server[119215]: DEBUG oslo_service.service [-] agent_down_time                = 75 {{(pid=119215) log_opt_values /usr/local/lib/python3.8/dist-packages/oslo_config/cfg.py:2602}}
May 12 14:23:59 ubuntu neutron-server[119215]: DEBUG oslo_service.service [-] allow_automatic_dhcp_failover  = True {{(pid=119215) log_opt_values /usr/local/lib/python3.8/dist-packages/oslo_config/cfg.py:2602}}
May 12 14:23:59 ubuntu neutron-server[119215]: DEBUG oslo_service.service [-] allow_bulk                     = True {{(pid=119215) log_opt_values /usr/local/lib/python3.8/dist-packages/oslo_config/cfg.py:2602}}
May 12 14:23:59 ubuntu neutron-server[119431]: INFO neutron.plugins.ml2.drivers.ovn.mech_driver.ovsdb.impl_idl_ovn [-] Getting OvsdbNbOvnIdl for RpcWorker with retry
May 12 14:23:59 ubuntu neutron-server[119215]: DEBUG oslo_service.service [-] allowed_conntrack_helpers      = [{'amanda': 'tcp'}, {'ftp': 'tcp'}, {'h323': 'udp'}, {'h323': 'tcp'}, {'irc': 'tcp'}, {'netbios-ns': 'udp'}, {'pptp': 'tcp'}, {'sane': 'tcp'}, {'sip': 'udp'}, {'sip': 'tcp'}, {'snmp': 'udp'}, {'tftp': 'udp'}] {{(pid=119215) log_opt_values /usr/local/lib/python3.8/dist-packages/oslo_config/cfg.py:2602}}
May 12 14:23:59 ubuntu neutron-server[119215]: DEBUG oslo_service.service [-] api_extensions_path            =  {{(pid=119215) log_opt_values /usr/local/lib/python3.8/dist-packages/oslo_config/cfg.py:2602}}
May 12 14:23:59 ubuntu neutron-server[119215]: DEBUG oslo_service.service [-] api_paste_config               = api-paste.ini {{(pid=119215) log_opt_values /usr/local/lib/python3.8/dist-packages/oslo_config/cfg.py:2602}}
May 12 14:23:59 ubuntu neutron-server[119215]: DEBUG oslo_service.service [-] api_workers                    = 2 {{(pid=119215) log_opt_values /usr/local/lib/python3.8/dist-packages/oslo_config/cfg.py:2602}}
May 12 14:23:59 ubuntu neutron-server[119215]: DEBUG oslo_service.service [-] auth_strategy                  = keystone {{(pid=119215) log_opt_values /usr/local/lib/python3.8/dist-packages/oslo_config/cfg.py:2602}}
May 12 14:23:59 ubuntu neutron-server[119215]: DEBUG oslo_service.service [-] backdoor_port                  = None {{(pid=119215) log_opt_values /usr/local/lib/python3.8/dist-packages/oslo_config/cfg.py:2602}}
May 12 14:23:59 ubuntu neutron-server[119215]: DEBUG oslo_service.service [-] backdoor_socket                = None {{(pid=119215) log_opt_values /usr/local/lib/python3.8/dist-packages/oslo_config/cfg.py:2602}}
