Jun 06 21:00:39 ubuntu devstack@g-api.service[124167]: DEBUG glance_store.backend [None req-e3b4bb87-0911-4c45-8b0b-8d05063507b7 admin admin] Attempting to import store swift {{(pid=124167) _load_store /usr/local/lib/python3.8/dist-packages/glance_store/backend.py:217}}
Jun 06 21:00:39 ubuntu devstack@g-api.service[124167]: DEBUG glance_store.capabilities [None req-e3b4bb87-0911-4c45-8b0b-8d05063507b7 admin admin] Store glance_store._drivers.swift.store.SingleTenantStore doesn't support updating dynamic storage capabilities. Please overwrite 'update_capabilities' method of the store to implement updating logics if needed. {{(pid=124167) update_capabilities /usr/local/lib/python3.8/dist-packages/glance_store/capabilities.py:91}}
Jun 06 21:00:39 ubuntu devstack@g-api.service[124167]: DEBUG glance_store.driver [None req-e3b4bb87-0911-4c45-8b0b-8d05063507b7 admin admin] Late loading location class glance_store._drivers.swift.store.StoreLocation {{(pid=124167) get_store_location_class /usr/local/lib/python3.8/dist-packages/glance_store/driver.py:117}}
Jun 06 21:00:39 ubuntu devstack@g-api.service[124167]: DEBUG glance_store.location [None req-e3b4bb87-0911-4c45-8b0b-8d05063507b7 admin admin] Registering scheme swift+https with {'store': <glance_store._drivers.swift.store.SingleTenantStore object at 0x7fef12ff5dc0>, 'location_class': <class 'glance_store._drivers.swift.store.StoreLocation'>, 'store_entry': 'swift'} {{(pid=124167) register_scheme_map /usr/local/lib/python3.8/dist-packages/glance_store/location.py:146}}
Jun 06 21:00:39 ubuntu devstack@g-api.service[124167]: DEBUG glance_store.location [None req-e3b4bb87-0911-4c45-8b0b-8d05063507b7 admin admin] Registering scheme swift+https with {'store': <glance_store._drivers.swift.store.SingleTenantStore object at 0x7fef12ff5dc0>, 'location_class': <class 'glance_store._drivers.swift.store.StoreLocation'>, 'store_entry': 'swift'} {{(pid=124167) register_scheme_map /usr/local/lib/python3.8/dist-packages/glance_store/location.py:146}}
Jun 06 21:00:39 ubuntu devstack@g-api.service[124167]: DEBUG glance_store.location [None req-e3b4bb87-0911-4c45-8b0b-8d05063507b7 admin admin] Registering scheme swift with {'store': <glance_store._drivers.swift.store.SingleTenantStore object at 0x7fef12ff5dc0>, 'location_class': <class 'glance_store._drivers.swift.store.StoreLocation'>, 'store_entry': 'swift'} {{(pid=124167) register_scheme_map /usr/local/lib/python3.8/dist-packages/glance_store/location.py:146}}
Jun 06 21:00:39 ubuntu devstack@g-api.service[124167]: DEBUG glance_store.location [None req-e3b4bb87-0911-4c45-8b0b-8d05063507b7 admin admin] Registering scheme swift+https with {'store': <glance_store._drivers.swift.store.SingleTenantStore object at 0x7fef12ff5dc0>, 'location_class': <class 'glance_store._drivers.swift.store.StoreLocation'>, 'store_entry': 'swift'} {{(pid=124167) register_scheme_map /usr/local/lib/python3.8/dist-packages/glance_store/location.py:146}}
Jun 06 21:00:39 ubuntu devstack@g-api.service[124167]: DEBUG glance_store.location [None req-e3b4bb87-0911-4c45-8b0b-8d05063507b7 admin admin] Registering scheme swift with {'store': <glance_store._drivers.swift.store.SingleTenantStore object at 0x7fef12ff5dc0>, 'location_class': <class 'glance_store._drivers.swift.store.StoreLocation'>, 'store_entry': 'swift'} {{(pid=124167) register_scheme_map /usr/local/lib/python3.8/dist-packages/glance_store/location.py:146}}
Jun 06 21:00:39 ubuntu devstack@g-api.service[124167]: DEBUG glance_store.location [None req-e3b4bb87-0911-4c45-8b0b-8d05063507b7 admin admin] Registering scheme swift+http with {'store': <glance_store._drivers.swift.store.SingleTenantStore object at 0x7fef12ff5dc0>, 'location_class': <class 'glance_store._drivers.swift.store.StoreLocation'>, 'store_entry': 'swift'} {{(pid=124167) register_scheme_map /usr/local/lib/python3.8/dist-packages/glance_store/location.py:146}}
Jun 06 21:00:39 ubuntu devstack@g-api.service[124167]: DEBUG glance_store.location [None req-e3b4bb87-0911-4c45-8b0b-8d05063507b7 admin admin] Registering scheme swift+https with {'store': <glance_store._drivers.swift.store.SingleTenantStore object at 0x7fef12ff5dc0>, 'location_class': <class 'glance_store._drivers.swift.store.StoreLocation'>, 'store_entry': 'swift'} {{(pid=124167) register_scheme_map /usr/local/lib/python3.8/dist-packages/glance_store/location.py:146}}
Jun 06 21:00:39 ubuntu devstack@g-api.service[124167]: DEBUG glance_store.location [None req-e3b4bb87-0911-4c45-8b0b-8d05063507b7 admin admin] Registering scheme swift with {'store': <glance_store._drivers.swift.store.SingleTenantStore object at 0x7fef12ff5dc0>, 'location_class': <class 'glance_store._drivers.swift.store.StoreLocation'>, 'store_entry': 'swift'} {{(pid=124167) register_scheme_map /usr/local/lib/python3.8/dist-packages/glance_store/location.py:146}}
Jun 06 21:00:39 ubuntu devstack@g-api.service[124167]: DEBUG glance_store.location [None req-e3b4bb87-0911-4c45-8b0b-8d05063507b7 admin admin] Registering scheme swift+http with {'store': <glance_store._drivers.swift.store.SingleTenantStore object at 0x7fef12ff5dc0>, 'location_class': <class 'glance_store._drivers.swift.store.StoreLocation'>, 'store_entry': 'swift'} {{(pid=124167) register_scheme_map /usr/local/lib/python3.8/dist-packages/glance_store/location.py:146}}
Jun 06 21:00:39 ubuntu devstack@g-api.service[124167]: DEBUG glance_store.location [None req-e3b4bb87-0911-4c45-8b0b-8d05063507b7 admin admin] Registering scheme swift+config with {'store': <glance_store._drivers.swift.store.SingleTenantStore object at 0x7fef12ff5dc0>, 'location_class': <class 'glance_store._drivers.swift.store.StoreLocation'>, 'store_entry': 'swift'} {{(pid=124167) register_scheme_map /usr/local/lib/python3.8/dist-packages/glance_store/location.py:146}}
Jun 06 21:00:39 ubuntu devstack@g-api.service[124167]: DEBUG glance_store.backend [None req-e3b4bb87-0911-4c45-8b0b-8d05063507b7 admin admin] Skipping store.set_acls... not implemented. {{(pid=124167) set_acls /usr/local/lib/python3.8/dist-packages/glance_store/backend.py:509}}
Jun 06 21:00:39 ubuntu devstack@g-api.service[124167]: [pid: 124167|app: 0|req: 3/4] 127.0.0.1 () {40 vars in 862 bytes} [Mon Jun  6 21:00:37 2022] PUT /v2/images/0f9f9b1e-97bc-4eb9-9431-10d86cbe9899/file => generated 0 bytes in 2186 msecs (HTTP/1.1 204) 4 headers in 171 bytes (1 switches on core 0)
Jun 06 21:00:47 ubuntu devstack@g-api.service[124168]: DEBUG dbcounter [-] [124168] Writing DB stats glance:SELECT=9,glance:INSERT=5 {{(pid=124168) stat_writer /usr/local/lib/python3.8/dist-packages/dbcounter.py:114}}
Jun 06 21:00:49 ubuntu devstack@g-api.service[124167]: DEBUG dbcounter [-] [124167] Writing DB stats glance:SELECT=28,glance:UPDATE=2,glance:INSERT=1 {{(pid=124167) stat_writer /usr/local/lib/python3.8/dist-packages/dbcounter.py:114}}
Jun 06 21:01:31 ubuntu devstack@g-api.service[124168]: DEBUG glance.api.middleware.version_negotiation [None req-cb345f4b-4937-4af1-b497-bbbfe17f86ae admin admin] Determining version of request: GET / Accept: application/json {{(pid=124168) process_request /opt/stack/glance/glance/api/middleware/version_negotiation.py:44}}
Jun 06 21:01:31 ubuntu devstack@g-api.service[124168]: DEBUG glance.api.middleware.version_negotiation [None req-cb345f4b-4937-4af1-b497-bbbfe17f86ae admin admin] Using url versioning {{(pid=124168) process_request /opt/stack/glance/glance/api/middleware/version_negotiation.py:57}}
Jun 06 21:01:31 ubuntu devstack@g-api.service[124168]: DEBUG glance.api.middleware.version_negotiation [None req-cb345f4b-4937-4af1-b497-bbbfe17f86ae admin admin] Unknown version. Returning version choices. {{(pid=124168) process_request /opt/stack/glance/glance/api/middleware/version_negotiation.py:64}}
Jun 06 21:01:31 ubuntu devstack@g-api.service[124168]: [pid: 124168|app: 0|req: 2/5] 127.0.0.1 () {34 vars in 506 bytes} [Mon Jun  6 21:01:31 2022] GET / => generated 1323 bytes in 5 msecs (HTTP/1.1 300) 3 headers in 106 bytes (1 switches on core 0)
Jun 06 21:01:31 ubuntu devstack@g-api.service[124167]: DEBUG glance.api.middleware.version_negotiation [None req-e3b4bb87-0911-4c45-8b0b-8d05063507b7 admin admin] Determining version of request: GET /v2/images Accept: application/json {{(pid=124167) process_request /opt/stack/glance/glance/api/middleware/version_negotiation.py:44}}
Jun 06 21:01:31 ubuntu devstack@g-api.service[124167]: DEBUG glance.api.middleware.version_negotiation [None req-e3b4bb87-0911-4c45-8b0b-8d05063507b7 admin admin] Using url versioning {{(pid=124167) process_request /opt/stack/glance/glance/api/middleware/version_negotiation.py:57}}
Jun 06 21:01:31 ubuntu devstack@g-api.service[124167]: DEBUG glance.api.middleware.version_negotiation [None req-e3b4bb87-0911-4c45-8b0b-8d05063507b7 admin admin] Matched version: v2 {{(pid=124167) process_request /opt/stack/glance/glance/api/middleware/version_negotiation.py:69}}
Jun 06 21:01:31 ubuntu devstack@g-api.service[124167]: DEBUG glance.api.middleware.version_negotiation [None req-e3b4bb87-0911-4c45-8b0b-8d05063507b7 admin admin] new path /v2/images {{(pid=124167) process_request /opt/stack/glance/glance/api/middleware/version_negotiation.py:70}}
Jun 06 21:01:31 ubuntu devstack@g-api.service[124167]: [pid: 124167|app: 0|req: 4/6] 127.0.0.1 () {36 vars in 728 bytes} [Mon Jun  6 21:01:31 2022] GET /v2/images => generated 1045 bytes in 91 msecs (HTTP/1.1 200) 4 headers in 158 bytes (1 switches on core 0)
Jun 06 21:01:37 ubuntu devstack@g-api.service[124168]: DEBUG glance.api.middleware.version_negotiation [None req-cb345f4b-4937-4af1-b497-bbbfe17f86ae admin admin] Determining version of request: GET / Accept: application/json {{(pid=124168) process_request /opt/stack/glance/glance/api/middleware/version_negotiation.py:44}}
Jun 06 21:01:37 ubuntu devstack@g-api.service[124168]: DEBUG glance.api.middleware.version_negotiation [None req-cb345f4b-4937-4af1-b497-bbbfe17f86ae admin admin] Using url versioning {{(pid=124168) process_request /opt/stack/glance/glance/api/middleware/version_negotiation.py:57}}
Jun 06 21:01:37 ubuntu devstack@g-api.service[124168]: DEBUG glance.api.middleware.version_negotiation [None req-cb345f4b-4937-4af1-b497-bbbfe17f86ae admin admin] Unknown version. Returning version choices. {{(pid=124168) process_request /opt/stack/glance/glance/api/middleware/version_negotiation.py:64}}
Jun 06 21:01:37 ubuntu devstack@g-api.service[124168]: [pid: 124168|app: 0|req: 3/7] 127.0.0.1 () {34 vars in 506 bytes} [Mon Jun  6 21:01:37 2022] GET / => generated 1323 bytes in 2 msecs (HTTP/1.1 300) 3 headers in 106 bytes (1 switches on core 0)
Jun 06 21:01:37 ubuntu devstack@g-api.service[124167]: DEBUG glance.api.middleware.version_negotiation [None req-477a4b2f-916b-4001-b6de-f7654949e7c9 admin admin] Determining version of request: GET /v2/images/0f9f9b1e-97bc-4eb9-9431-10d86cbe9899 Accept: */* {{(pid=124167) process_request /opt/stack/glance/glance/api/middleware/version_negotiation.py:44}}
Jun 06 21:01:37 ubuntu devstack@g-api.service[124167]: DEBUG glance.api.middleware.version_negotiation [None req-477a4b2f-916b-4001-b6de-f7654949e7c9 admin admin] Using url versioning {{(pid=124167) process_request /opt/stack/glance/glance/api/middleware/version_negotiation.py:57}}
Jun 06 21:01:37 ubuntu devstack@g-api.service[124167]: DEBUG glance.api.middleware.version_negotiation [None req-477a4b2f-916b-4001-b6de-f7654949e7c9 admin admin] Matched version: v2 {{(pid=124167) process_request /opt/stack/glance/glance/api/middleware/version_negotiation.py:69}}
Jun 06 21:01:37 ubuntu devstack@g-api.service[124167]: DEBUG glance.api.middleware.version_negotiation [None req-477a4b2f-916b-4001-b6de-f7654949e7c9 admin admin] new path /v2/images/0f9f9b1e-97bc-4eb9-9431-10d86cbe9899 {{(pid=124167) process_request /opt/stack/glance/glance/api/middleware/version_negotiation.py:70}}
Jun 06 21:01:37 ubuntu devstack@g-api.service[124167]: [pid: 124167|app: 0|req: 5/8] 127.0.0.1 () {36 vars in 789 bytes} [Mon Jun  6 21:01:37 2022] GET /v2/images/0f9f9b1e-97bc-4eb9-9431-10d86cbe9899 => generated 976 bytes in 57 msecs (HTTP/1.1 200) 4 headers in 157 bytes (1 switches on core 0)
Jun 06 21:01:40 ubuntu devstack@g-api.service[124168]: DEBUG glance.api.middleware.version_negotiation [None req-cb345f4b-4937-4af1-b497-bbbfe17f86ae admin admin] Determining version of request: GET / Accept: application/json {{(pid=124168) process_request /opt/stack/glance/glance/api/middleware/version_negotiation.py:44}}
Jun 06 21:01:40 ubuntu devstack@g-api.service[124168]: DEBUG glance.api.middleware.version_negotiation [None req-cb345f4b-4937-4af1-b497-bbbfe17f86ae admin admin] Using url versioning {{(pid=124168) process_request /opt/stack/glance/glance/api/middleware/version_negotiation.py:57}}
Jun 06 21:01:40 ubuntu devstack@g-api.service[124168]: DEBUG glance.api.middleware.version_negotiation [None req-cb345f4b-4937-4af1-b497-bbbfe17f86ae admin admin] Unknown version. Returning version choices. {{(pid=124168) process_request /opt/stack/glance/glance/api/middleware/version_negotiation.py:64}}
Jun 06 21:01:40 ubuntu devstack@g-api.service[124168]: [pid: 124168|app: 0|req: 4/9] 127.0.0.1 () {34 vars in 506 bytes} [Mon Jun  6 21:01:40 2022] GET / => generated 1323 bytes in 3 msecs (HTTP/1.1 300) 3 headers in 106 bytes (1 switches on core 0)
Jun 06 21:01:40 ubuntu devstack@g-api.service[124167]: DEBUG glance.api.middleware.version_negotiation [None req-f2d4911b-6c7e-40c1-9257-5e110f126d27 admin admin] Determining version of request: GET /v2/images/0f9f9b1e-97bc-4eb9-9431-10d86cbe9899 Accept: */* {{(pid=124167) process_request /opt/stack/glance/glance/api/middleware/version_negotiation.py:44}}
Jun 06 21:01:40 ubuntu devstack@g-api.service[124167]: DEBUG glance.api.middleware.version_negotiation [None req-f2d4911b-6c7e-40c1-9257-5e110f126d27 admin admin] Using url versioning {{(pid=124167) process_request /opt/stack/glance/glance/api/middleware/version_negotiation.py:57}}
Jun 06 21:01:40 ubuntu devstack@g-api.service[124167]: DEBUG glance.api.middleware.version_negotiation [None req-f2d4911b-6c7e-40c1-9257-5e110f126d27 admin admin] Matched version: v2 {{(pid=124167) process_request /opt/stack/glance/glance/api/middleware/version_negotiation.py:69}}
Jun 06 21:01:40 ubuntu devstack@g-api.service[124167]: DEBUG glance.api.middleware.version_negotiation [None req-f2d4911b-6c7e-40c1-9257-5e110f126d27 admin admin] new path /v2/images/0f9f9b1e-97bc-4eb9-9431-10d86cbe9899 {{(pid=124167) process_request /opt/stack/glance/glance/api/middleware/version_negotiation.py:70}}
Jun 06 21:01:41 ubuntu devstack@g-api.service[124167]: [pid: 124167|app: 0|req: 6/10] 127.0.0.1 () {36 vars in 789 bytes} [Mon Jun  6 21:01:40 2022] GET /v2/images/0f9f9b1e-97bc-4eb9-9431-10d86cbe9899 => generated 976 bytes in 70 msecs (HTTP/1.1 200) 4 headers in 157 bytes (1 switches on core 0)
Jun 06 21:01:51 ubuntu devstack@g-api.service[124167]: DEBUG dbcounter [-] [124167] Writing DB stats glance:SELECT=10 {{(pid=124167) stat_writer /usr/local/lib/python3.8/dist-packages/dbcounter.py:114}}
Jun 06 21:03:53 ubuntu devstack@g-api.service[124168]: DEBUG glance.api.middleware.version_negotiation [None req-cb345f4b-4937-4af1-b497-bbbfe17f86ae admin admin] Determining version of request: GET /v1 Accept: application/json {{(pid=124168) process_request /opt/stack/glance/glance/api/middleware/version_negotiation.py:44}}
Jun 06 21:03:53 ubuntu devstack@g-api.service[124168]: DEBUG glance.api.middleware.version_negotiation [None req-cb345f4b-4937-4af1-b497-bbbfe17f86ae admin admin] Using url versioning {{(pid=124168) process_request /opt/stack/glance/glance/api/middleware/version_negotiation.py:57}}
Jun 06 21:03:53 ubuntu devstack@g-api.service[124168]: DEBUG glance.api.middleware.version_negotiation [None req-cb345f4b-4937-4af1-b497-bbbfe17f86ae admin admin] Unknown version. Returning version choices. {{(pid=124168) process_request /opt/stack/glance/glance/api/middleware/version_negotiation.py:64}}
Jun 06 21:03:53 ubuntu devstack@g-api.service[124168]: [pid: 124168|app: 0|req: 5/11] 127.0.0.1 () {38 vars in 685 bytes} [Mon Jun  6 21:03:53 2022] GET /v1 => generated 1323 bytes in 5 msecs (HTTP/1.1 300) 3 headers in 106 bytes (1 switches on core 0)
Jun 06 21:05:23 ubuntu devstack@g-api.service[124167]: DEBUG oslo_concurrency.lockutils [-] Acquired lock "glance-cache" {{(pid=124167) lock /usr/local/lib/python3.8/dist-packages/oslo_concurrency/lockutils.py:294}}
Jun 06 21:05:23 ubuntu devstack@g-api.service[124167]: DEBUG oslo_concurrency.lockutils [-] Acquired external semaphore "glance-cache" {{(pid=124167) lock /usr/local/lib/python3.8/dist-packages/oslo_concurrency/lockutils.py:302}}
Jun 06 21:05:23 ubuntu devstack@g-api.service[124167]: DEBUG glance.image_cache.prefetcher [-] Nothing to prefetch. {{(pid=124167) run /opt/stack/glance/glance/image_cache/prefetcher.py:79}}
Jun 06 21:05:23 ubuntu devstack@g-api.service[124167]: DEBUG oslo_concurrency.lockutils [-] Releasing lock "glance-cache" {{(pid=124167) lock /usr/local/lib/python3.8/dist-packages/oslo_concurrency/lockutils.py:312}}
Jun 06 21:05:23 ubuntu devstack@g-api.service[124168]: DEBUG oslo_concurrency.lockutils [-] Acquired lock "glance-cache" {{(pid=124168) lock /usr/local/lib/python3.8/dist-packages/oslo_concurrency/lockutils.py:294}}
Jun 06 21:05:23 ubuntu devstack@g-api.service[124168]: DEBUG oslo_concurrency.lockutils [-] Acquired external semaphore "glance-cache" {{(pid=124168) lock /usr/local/lib/python3.8/dist-packages/oslo_concurrency/lockutils.py:302}}
Jun 06 21:05:23 ubuntu devstack@g-api.service[124168]: DEBUG glance.image_cache.prefetcher [-] Nothing to prefetch. {{(pid=124168) run /opt/stack/glance/glance/image_cache/prefetcher.py:79}}
Jun 06 21:05:23 ubuntu devstack@g-api.service[124168]: DEBUG oslo_concurrency.lockutils [-] Releasing lock "glance-cache" {{(pid=124168) lock /usr/local/lib/python3.8/dist-packages/oslo_concurrency/lockutils.py:312}}
Jun 06 21:06:13 ubuntu devstack@g-api.service[124167]: DEBUG glance.api.middleware.version_negotiation [None req-dcf56c6a-dcfe-467a-a33c-10623abb270c admin admin] Determining version of request: GET /versions Accept: */* {{(pid=124167) process_request /opt/stack/glance/glance/api/middleware/version_negotiation.py:44}}
Jun 06 21:06:13 ubuntu devstack@g-api.service[124167]: [pid: 124167|app: 0|req: 7/12] 127.0.0.1 () {38 vars in 695 bytes} [Mon Jun  6 21:06:13 2022] GET /versions => generated 1323 bytes in 6 msecs (HTTP/1.1 200) 3 headers in 92 bytes (1 switches on core 0)
Jun 06 21:06:13 ubuntu devstack@g-api.service[124168]: DEBUG glance.api.middleware.version_negotiation [None req-cb345f4b-4937-4af1-b497-bbbfe17f86ae admin admin] Determining version of request: GET /v2/schemas/image Accept: */* {{(pid=124168) process_request /opt/stack/glance/glance/api/middleware/version_negotiation.py:44}}
Jun 06 21:06:13 ubuntu devstack@g-api.service[124168]: DEBUG glance.api.middleware.version_negotiation [None req-cb345f4b-4937-4af1-b497-bbbfe17f86ae admin admin] Using url versioning {{(pid=124168) process_request /opt/stack/glance/glance/api/middleware/version_negotiation.py:57}}
Jun 06 21:06:13 ubuntu devstack@g-api.service[124168]: DEBUG glance.api.middleware.version_negotiation [None req-cb345f4b-4937-4af1-b497-bbbfe17f86ae admin admin] Matched version: v2 {{(pid=124168) process_request /opt/stack/glance/glance/api/middleware/version_negotiation.py:69}}
Jun 06 21:06:13 ubuntu devstack@g-api.service[124168]: DEBUG glance.api.middleware.version_negotiation [None req-cb345f4b-4937-4af1-b497-bbbfe17f86ae admin admin] new path /v2/schemas/image {{(pid=124168) process_request /opt/stack/glance/glance/api/middleware/version_negotiation.py:70}}
Jun 06 21:06:13 ubuntu devstack@g-api.service[124168]: [pid: 124168|app: 0|req: 6/13] 127.0.0.1 () {38 vars in 711 bytes} [Mon Jun  6 21:06:13 2022] GET /v2/schemas/image => generated 6083 bytes in 78 msecs (HTTP/1.1 200) 4 headers in 158 bytes (1 switches on core 0)
Jun 06 21:06:13 ubuntu devstack@g-api.service[124167]: DEBUG glance.api.middleware.version_negotiation [None req-dcf56c6a-dcfe-467a-a33c-10623abb270c admin admin] Determining version of request: GET /v2/schemas/metadefs/namespace Accept: */* {{(pid=124167) process_request /opt/stack/glance/glance/api/middleware/version_negotiation.py:44}}
Jun 06 21:06:13 ubuntu devstack@g-api.service[124167]: DEBUG glance.api.middleware.version_negotiation [None req-dcf56c6a-dcfe-467a-a33c-10623abb270c admin admin] Using url versioning {{(pid=124167) process_request /opt/stack/glance/glance/api/middleware/version_negotiation.py:57}}
Jun 06 21:06:13 ubuntu devstack@g-api.service[124167]: DEBUG glance.api.middleware.version_negotiation [None req-dcf56c6a-dcfe-467a-a33c-10623abb270c admin admin] Matched version: v2 {{(pid=124167) process_request /opt/stack/glance/glance/api/middleware/version_negotiation.py:69}}
Jun 06 21:06:13 ubuntu devstack@g-api.service[124167]: DEBUG glance.api.middleware.version_negotiation [None req-dcf56c6a-dcfe-467a-a33c-10623abb270c admin admin] new path /v2/schemas/metadefs/namespace {{(pid=124167) process_request /opt/stack/glance/glance/api/middleware/version_negotiation.py:70}}
Jun 06 21:06:13 ubuntu devstack@g-api.service[124167]: [pid: 124167|app: 0|req: 8/14] 127.0.0.1 () {38 vars in 737 bytes} [Mon Jun  6 21:06:13 2022] GET /v2/schemas/metadefs/namespace => generated 3100 bytes in 12 msecs (HTTP/1.1 200) 4 headers in 158 bytes (1 switches on core 0)
Jun 06 21:06:13 ubuntu devstack@g-api.service[124168]: DEBUG glance.api.middleware.version_negotiation [None req-3ffb8499-5e6c-4778-a045-29ee69fccf0d admin admin] Determining version of request: GET /v2/schemas/metadefs/resource_type Accept: */* {{(pid=124168) process_request /opt/stack/glance/glance/api/middleware/version_negotiation.py:44}}
Jun 06 21:06:13 ubuntu devstack@g-api.service[124168]: DEBUG glance.api.middleware.version_negotiation [None req-3ffb8499-5e6c-4778-a045-29ee69fccf0d admin admin] Using url versioning {{(pid=124168) process_request /opt/stack/glance/glance/api/middleware/version_negotiation.py:57}}
Jun 06 21:06:13 ubuntu devstack@g-api.service[124168]: DEBUG glance.api.middleware.version_negotiation [None req-3ffb8499-5e6c-4778-a045-29ee69fccf0d admin admin] Matched version: v2 {{(pid=124168) process_request /opt/stack/glance/glance/api/middleware/version_negotiation.py:69}}
Jun 06 21:06:13 ubuntu devstack@g-api.service[124168]: DEBUG glance.api.middleware.version_negotiation [None req-3ffb8499-5e6c-4778-a045-29ee69fccf0d admin admin] new path /v2/schemas/metadefs/resource_type {{(pid=124168) process_request /opt/stack/glance/glance/api/middleware/version_negotiation.py:70}}
Jun 06 21:06:13 ubuntu devstack@g-api.service[124168]: [pid: 124168|app: 0|req: 7/15] 127.0.0.1 () {38 vars in 745 bytes} [Mon Jun  6 21:06:13 2022] GET /v2/schemas/metadefs/resource_type => generated 1262 bytes in 4 msecs (HTTP/1.1 200) 4 headers in 158 bytes (1 switches on core 0)
Jun 06 21:06:13 ubuntu devstack@g-api.service[124167]: DEBUG glance.api.middleware.version_negotiation [None req-5f8949f8-39a6-4b28-a504-20cb8316265c admin admin] Determining version of request: GET /v2/images Accept: */* {{(pid=124167) process_request /opt/stack/glance/glance/api/middleware/version_negotiation.py:44}}
Jun 06 21:06:13 ubuntu devstack@g-api.service[124167]: DEBUG glance.api.middleware.version_negotiation [None req-5f8949f8-39a6-4b28-a504-20cb8316265c admin admin] Using url versioning {{(pid=124167) process_request /opt/stack/glance/glance/api/middleware/version_negotiation.py:57}}
Jun 06 21:06:13 ubuntu devstack@g-api.service[124167]: DEBUG glance.api.middleware.version_negotiation [None req-5f8949f8-39a6-4b28-a504-20cb8316265c admin admin] Matched version: v2 {{(pid=124167) process_request /opt/stack/glance/glance/api/middleware/version_negotiation.py:69}}
Jun 06 21:06:13 ubuntu devstack@g-api.service[124167]: DEBUG glance.api.middleware.version_negotiation [None req-5f8949f8-39a6-4b28-a504-20cb8316265c admin admin] new path /v2/images {{(pid=124167) process_request /opt/stack/glance/glance/api/middleware/version_negotiation.py:70}}
Jun 06 21:06:13 ubuntu devstack@g-api.service[124167]: [pid: 124167|app: 0|req: 9/16] 127.0.0.1 () {38 vars in 768 bytes} [Mon Jun  6 21:06:13 2022] GET /v2/images?limit=20&sort_key=name&sort_dir=asc => generated 1081 bytes in 76 msecs (HTTP/1.1 200) 4 headers in 158 bytes (1 switches on core 0)
Jun 06 21:06:13 ubuntu devstack@g-api.service[124168]: DEBUG glance.api.middleware.version_negotiation [None req-c09b2ffa-be82-4137-b880-cf1ae4b8e480 admin admin] Determining version of request: GET /v2/schemas/image Accept: */* {{(pid=124168) process_request /opt/stack/glance/glance/api/middleware/version_negotiation.py:44}}
Jun 06 21:06:13 ubuntu devstack@g-api.service[124168]: DEBUG glance.api.middleware.version_negotiation [None req-c09b2ffa-be82-4137-b880-cf1ae4b8e480 admin admin] Using url versioning {{(pid=124168) process_request /opt/stack/glance/glance/api/middleware/version_negotiation.py:57}}
Jun 06 21:06:13 ubuntu devstack@g-api.service[124168]: DEBUG glance.api.middleware.version_negotiation [None req-c09b2ffa-be82-4137-b880-cf1ae4b8e480 admin admin] Matched version: v2 {{(pid=124168) process_request /opt/stack/glance/glance/api/middleware/version_negotiation.py:69}}
Jun 06 21:06:13 ubuntu devstack@g-api.service[124168]: DEBUG glance.api.middleware.version_negotiation [None req-c09b2ffa-be82-4137-b880-cf1ae4b8e480 admin admin] new path /v2/schemas/image {{(pid=124168) process_request /opt/stack/glance/glance/api/middleware/version_negotiation.py:70}}
Jun 06 21:06:13 ubuntu devstack@g-api.service[124168]: [pid: 124168|app: 0|req: 8/17] 127.0.0.1 () {38 vars in 711 bytes} [Mon Jun  6 21:06:13 2022] GET /v2/schemas/image => generated 6083 bytes in 7 msecs (HTTP/1.1 200) 4 headers in 158 bytes (1 switches on core 0)
Jun 06 21:06:22 ubuntu devstack@g-api.service[124167]: DEBUG glance.api.middleware.version_negotiation [None req-82992790-c781-4199-a1a6-76141003e1e3 admin admin] Determining version of request: GET / Accept: application/json {{(pid=124167) process_request /opt/stack/glance/glance/api/middleware/version_negotiation.py:44}}
Jun 06 21:06:22 ubuntu devstack@g-api.service[124167]: DEBUG glance.api.middleware.version_negotiation [None req-82992790-c781-4199-a1a6-76141003e1e3 admin admin] Using url versioning {{(pid=124167) process_request /opt/stack/glance/glance/api/middleware/version_negotiation.py:57}}
Jun 06 21:06:22 ubuntu devstack@g-api.service[124167]: DEBUG glance.api.middleware.version_negotiation [None req-82992790-c781-4199-a1a6-76141003e1e3 admin admin] Unknown version. Returning version choices. {{(pid=124167) process_request /opt/stack/glance/glance/api/middleware/version_negotiation.py:64}}
Jun 06 21:06:22 ubuntu devstack@g-api.service[124167]: [pid: 124167|app: 0|req: 10/18] 127.0.0.1 () {34 vars in 492 bytes} [Mon Jun  6 21:06:22 2022] GET / => generated 1323 bytes in 4 msecs (HTTP/1.1 300) 3 headers in 106 bytes (1 switches on core 0)
Jun 06 21:06:22 ubuntu devstack@g-api.service[124168]: DEBUG glance.api.middleware.version_negotiation [None req-ed04b994-9c9f-49ff-a4c2-c3bb7827071e admin admin] Determining version of request: GET /v2/images/0f9f9b1e-97bc-4eb9-9431-10d86cbe9899 Accept: */* {{(pid=124168) process_request /opt/stack/glance/glance/api/middleware/version_negotiation.py:44}}
Jun 06 21:06:22 ubuntu devstack@g-api.service[124168]: DEBUG glance.api.middleware.version_negotiation [None req-ed04b994-9c9f-49ff-a4c2-c3bb7827071e admin admin] Using url versioning {{(pid=124168) process_request /opt/stack/glance/glance/api/middleware/version_negotiation.py:57}}
Jun 06 21:06:22 ubuntu devstack@g-api.service[124168]: DEBUG glance.api.middleware.version_negotiation [None req-ed04b994-9c9f-49ff-a4c2-c3bb7827071e admin admin] Matched version: v2 {{(pid=124168) process_request /opt/stack/glance/glance/api/middleware/version_negotiation.py:69}}
Jun 06 21:06:22 ubuntu devstack@g-api.service[124168]: DEBUG glance.api.middleware.version_negotiation [None req-ed04b994-9c9f-49ff-a4c2-c3bb7827071e admin admin] new path /v2/images/0f9f9b1e-97bc-4eb9-9431-10d86cbe9899 {{(pid=124168) process_request /opt/stack/glance/glance/api/middleware/version_negotiation.py:70}}
Jun 06 21:06:23 ubuntu devstack@g-api.service[124168]: WARNING keystonemiddleware.auth_token [None req-ed04b994-9c9f-49ff-a4c2-c3bb7827071e admin admin] A valid token was submitted as a service token, but it was not a valid service token. This is incorrect but backwards compatible behaviour. This will be removed in future releases.
Jun 06 21:06:23 ubuntu devstack@g-api.service[124168]: [pid: 124168|app: 0|req: 9/19] 127.0.0.1 () {42 vars in 1049 bytes} [Mon Jun  6 21:06:22 2022] GET /v2/images/0f9f9b1e-97bc-4eb9-9431-10d86cbe9899 => generated 976 bytes in 114 msecs (HTTP/1.1 200) 4 headers in 157 bytes (1 switches on core 0)
Jun 06 21:06:23 ubuntu devstack@g-api.service[124167]: DEBUG glance.api.middleware.version_negotiation [None req-82992790-c781-4199-a1a6-76141003e1e3 admin admin] Determining version of request: GET /v2/schemas/image Accept: */* {{(pid=124167) process_request /opt/stack/glance/glance/api/middleware/version_negotiation.py:44}}
Jun 06 21:06:23 ubuntu devstack@g-api.service[124167]: DEBUG glance.api.middleware.version_negotiation [None req-82992790-c781-4199-a1a6-76141003e1e3 admin admin] Using url versioning {{(pid=124167) process_request /opt/stack/glance/glance/api/middleware/version_negotiation.py:57}}
Jun 06 21:06:23 ubuntu devstack@g-api.service[124167]: DEBUG glance.api.middleware.version_negotiation [None req-82992790-c781-4199-a1a6-76141003e1e3 admin admin] Matched version: v2 {{(pid=124167) process_request /opt/stack/glance/glance/api/middleware/version_negotiation.py:69}}
Jun 06 21:06:23 ubuntu devstack@g-api.service[124167]: DEBUG glance.api.middleware.version_negotiation [None req-82992790-c781-4199-a1a6-76141003e1e3 admin admin] new path /v2/schemas/image {{(pid=124167) process_request /opt/stack/glance/glance/api/middleware/version_negotiation.py:70}}
Jun 06 21:06:23 ubuntu devstack@g-api.service[124167]: WARNING keystonemiddleware.auth_token [None req-82992790-c781-4199-a1a6-76141003e1e3 admin admin] A valid token was submitted as a service token, but it was not a valid service token. This is incorrect but backwards compatible behaviour. This will be removed in future releases.
Jun 06 21:06:23 ubuntu devstack@g-api.service[124167]: [pid: 124167|app: 0|req: 11/20] 127.0.0.1 () {42 vars in 989 bytes} [Mon Jun  6 21:06:23 2022] GET /v2/schemas/image => generated 6083 bytes in 7 msecs (HTTP/1.1 200) 4 headers in 158 bytes (1 switches on core 0)
Jun 06 21:06:23 ubuntu devstack@g-api.service[124167]: DEBUG dbcounter [-] [124167] Writing DB stats glance:SELECT=2 {{(pid=124167) stat_writer /usr/local/lib/python3.8/dist-packages/dbcounter.py:114}}
Jun 06 21:06:25 ubuntu devstack@g-api.service[124168]: DEBUG glance.api.middleware.version_negotiation [None req-5ffc5d3d-37c7-4710-8e38-272d6e02e47f tempest-VolumesAdminNegativeTest-528072431 tempest-VolumesAdminNegativeTest-528072431-project] Determining version of request: GET /v2/images/0f9f9b1e-97bc-4eb9-9431-10d86cbe9899 Accept: */* {{(pid=124168) process_request /opt/stack/glance/glance/api/middleware/version_negotiation.py:44}}
Jun 06 21:06:25 ubuntu devstack@g-api.service[124168]: DEBUG glance.api.middleware.version_negotiation [None req-5ffc5d3d-37c7-4710-8e38-272d6e02e47f tempest-VolumesAdminNegativeTest-528072431 tempest-VolumesAdminNegativeTest-528072431-project] Using url versioning {{(pid=124168) process_request /opt/stack/glance/glance/api/middleware/version_negotiation.py:57}}
Jun 06 21:06:25 ubuntu devstack@g-api.service[124168]: DEBUG glance.api.middleware.version_negotiation [None req-5ffc5d3d-37c7-4710-8e38-272d6e02e47f tempest-VolumesAdminNegativeTest-528072431 tempest-VolumesAdminNegativeTest-528072431-project] Matched version: v2 {{(pid=124168) process_request /opt/stack/glance/glance/api/middleware/version_negotiation.py:69}}
Jun 06 21:06:25 ubuntu devstack@g-api.service[124168]: DEBUG glance.api.middleware.version_negotiation [None req-5ffc5d3d-37c7-4710-8e38-272d6e02e47f tempest-VolumesAdminNegativeTest-528072431 tempest-VolumesAdminNegativeTest-528072431-project] new path /v2/images/0f9f9b1e-97bc-4eb9-9431-10d86cbe9899 {{(pid=124168) process_request /opt/stack/glance/glance/api/middleware/version_negotiation.py:70}}
Jun 06 21:06:25 ubuntu devstack@g-api.service[124168]: [pid: 124168|app: 0|req: 10/21] 127.0.0.1 () {42 vars in 1049 bytes} [Mon Jun  6 21:06:25 2022] GET /v2/images/0f9f9b1e-97bc-4eb9-9431-10d86cbe9899 => generated 976 bytes in 30 msecs (HTTP/1.1 200) 4 headers in 157 bytes (1 switches on core 0)
Jun 06 21:06:25 ubuntu devstack@g-api.service[124167]: DEBUG glance.api.middleware.version_negotiation [None req-5ffc5d3d-37c7-4710-8e38-272d6e02e47f tempest-VolumesAdminNegativeTest-528072431 tempest-VolumesAdminNegativeTest-528072431-project] Determining version of request: GET /v2/images/0f9f9b1e-97bc-4eb9-9431-10d86cbe9899/file Accept: */* {{(pid=124167) process_request /opt/stack/glance/glance/api/middleware/version_negotiation.py:44}}
Jun 06 21:06:25 ubuntu devstack@g-api.service[124167]: DEBUG glance.api.middleware.version_negotiation [None req-5ffc5d3d-37c7-4710-8e38-272d6e02e47f tempest-VolumesAdminNegativeTest-528072431 tempest-VolumesAdminNegativeTest-528072431-project] Using url versioning {{(pid=124167) process_request /opt/stack/glance/glance/api/middleware/version_negotiation.py:57}}
Jun 06 21:06:25 ubuntu devstack@g-api.service[124167]: DEBUG glance.api.middleware.version_negotiation [None req-5ffc5d3d-37c7-4710-8e38-272d6e02e47f tempest-VolumesAdminNegativeTest-528072431 tempest-VolumesAdminNegativeTest-528072431-project] Matched version: v2 {{(pid=124167) process_request /opt/stack/glance/glance/api/middleware/version_negotiation.py:69}}
Jun 06 21:06:25 ubuntu devstack@g-api.service[124167]: DEBUG glance.api.middleware.version_negotiation [None req-5ffc5d3d-37c7-4710-8e38-272d6e02e47f tempest-VolumesAdminNegativeTest-528072431 tempest-VolumesAdminNegativeTest-528072431-project] new path /v2/images/0f9f9b1e-97bc-4eb9-9431-10d86cbe9899/file {{(pid=124167) process_request /opt/stack/glance/glance/api/middleware/version_negotiation.py:70}}
Jun 06 21:06:25 ubuntu devstack@g-api.service[124167]: DEBUG glance_store.backend [None req-5ffc5d3d-37c7-4710-8e38-272d6e02e47f tempest-VolumesAdminNegativeTest-528072431 tempest-VolumesAdminNegativeTest-528072431-project] Attempting to import store swift {{(pid=124167) _load_store /usr/local/lib/python3.8/dist-packages/glance_store/backend.py:217}}
Jun 06 21:06:25 ubuntu devstack@g-api.service[124167]: DEBUG glance_store.capabilities [None req-5ffc5d3d-37c7-4710-8e38-272d6e02e47f tempest-VolumesAdminNegativeTest-528072431 tempest-VolumesAdminNegativeTest-528072431-project] Store glance_store._drivers.swift.store.SingleTenantStore doesn't support updating dynamic storage capabilities. Please overwrite 'update_capabilities' method of the store to implement updating logics if needed. {{(pid=124167) update_capabilities /usr/local/lib/python3.8/dist-packages/glance_store/capabilities.py:91}}
Jun 06 21:06:25 ubuntu devstack@g-api.service[124167]: DEBUG glance_store.driver [None req-5ffc5d3d-37c7-4710-8e38-272d6e02e47f tempest-VolumesAdminNegativeTest-528072431 tempest-VolumesAdminNegativeTest-528072431-project] Late loading location class glance_store._drivers.swift.store.StoreLocation {{(pid=124167) get_store_location_class /usr/local/lib/python3.8/dist-packages/glance_store/driver.py:117}}
Jun 06 21:06:25 ubuntu devstack@g-api.service[124167]: DEBUG glance_store.location [None req-5ffc5d3d-37c7-4710-8e38-272d6e02e47f tempest-VolumesAdminNegativeTest-528072431 tempest-VolumesAdminNegativeTest-528072431-project] Registering scheme swift+https with {'store': <glance_store._drivers.swift.store.SingleTenantStore object at 0x7fef12ed9f70>, 'location_class': <class 'glance_store._drivers.swift.store.StoreLocation'>, 'store_entry': 'swift'} {{(pid=124167) register_scheme_map /usr/local/lib/python3.8/dist-packages/glance_store/location.py:146}}
Jun 06 21:06:25 ubuntu devstack@g-api.service[124167]: DEBUG glance_store.location [None req-5ffc5d3d-37c7-4710-8e38-272d6e02e47f tempest-VolumesAdminNegativeTest-528072431 tempest-VolumesAdminNegativeTest-528072431-project] Registering scheme swift+https with {'store': <glance_store._drivers.swift.store.SingleTenantStore object at 0x7fef12ed9f70>, 'location_class': <class 'glance_store._drivers.swift.store.StoreLocation'>, 'store_entry': 'swift'} {{(pid=124167) register_scheme_map /usr/local/lib/python3.8/dist-packages/glance_store/location.py:146}}
Jun 06 21:06:25 ubuntu devstack@g-api.service[124167]: DEBUG glance_store.location [None req-5ffc5d3d-37c7-4710-8e38-272d6e02e47f tempest-VolumesAdminNegativeTest-528072431 tempest-VolumesAdminNegativeTest-528072431-project] Registering scheme swift with {'store': <glance_store._drivers.swift.store.SingleTenantStore object at 0x7fef12ed9f70>, 'location_class': <class 'glance_store._drivers.swift.store.StoreLocation'>, 'store_entry': 'swift'} {{(pid=124167) register_scheme_map /usr/local/lib/python3.8/dist-packages/glance_store/location.py:146}}
Jun 06 21:06:25 ubuntu devstack@g-api.service[124167]: DEBUG glance_store.location [None req-5ffc5d3d-37c7-4710-8e38-272d6e02e47f tempest-VolumesAdminNegativeTest-528072431 tempest-VolumesAdminNegativeTest-528072431-project] Registering scheme swift+https with {'store': <glance_store._drivers.swift.store.SingleTenantStore object at 0x7fef12ed9f70>, 'location_class': <class 'glance_store._drivers.swift.store.StoreLocation'>, 'store_entry': 'swift'} {{(pid=124167) register_scheme_map /usr/local/lib/python3.8/dist-packages/glance_store/location.py:146}}
Jun 06 21:06:25 ubuntu devstack@g-api.service[124167]: DEBUG glance_store.location [None req-5ffc5d3d-37c7-4710-8e38-272d6e02e47f tempest-VolumesAdminNegativeTest-528072431 tempest-VolumesAdminNegativeTest-528072431-project] Registering scheme swift with {'store': <glance_store._drivers.swift.store.SingleTenantStore object at 0x7fef12ed9f70>, 'location_class': <class 'glance_store._drivers.swift.store.StoreLocation'>, 'store_entry': 'swift'} {{(pid=124167) register_scheme_map /usr/local/lib/python3.8/dist-packages/glance_store/location.py:146}}
Jun 06 21:06:25 ubuntu devstack@g-api.service[124167]: DEBUG glance_store.location [None req-5ffc5d3d-37c7-4710-8e38-272d6e02e47f tempest-VolumesAdminNegativeTest-528072431 tempest-VolumesAdminNegativeTest-528072431-project] Registering scheme swift+http with {'store': <glance_store._drivers.swift.store.SingleTenantStore object at 0x7fef12ed9f70>, 'location_class': <class 'glance_store._drivers.swift.store.StoreLocation'>, 'store_entry': 'swift'} {{(pid=124167) register_scheme_map /usr/local/lib/python3.8/dist-packages/glance_store/location.py:146}}
Jun 06 21:06:25 ubuntu devstack@g-api.service[124167]: DEBUG glance_store.location [None req-5ffc5d3d-37c7-4710-8e38-272d6e02e47f tempest-VolumesAdminNegativeTest-528072431 tempest-VolumesAdminNegativeTest-528072431-project] Registering scheme swift+https with {'store': <glance_store._drivers.swift.store.SingleTenantStore object at 0x7fef12ed9f70>, 'location_class': <class 'glance_store._drivers.swift.store.StoreLocation'>, 'store_entry': 'swift'} {{(pid=124167) register_scheme_map /usr/local/lib/python3.8/dist-packages/glance_store/location.py:146}}
Jun 06 21:06:25 ubuntu devstack@g-api.service[124167]: DEBUG glance_store.location [None req-5ffc5d3d-37c7-4710-8e38-272d6e02e47f tempest-VolumesAdminNegativeTest-528072431 tempest-VolumesAdminNegativeTest-528072431-project] Registering scheme swift with {'store': <glance_store._drivers.swift.store.SingleTenantStore object at 0x7fef12ed9f70>, 'location_class': <class 'glance_store._drivers.swift.store.StoreLocation'>, 'store_entry': 'swift'} {{(pid=124167) register_scheme_map /usr/local/lib/python3.8/dist-packages/glance_store/location.py:146}}
Jun 06 21:06:25 ubuntu devstack@g-api.service[124167]: DEBUG glance_store.location [None req-5ffc5d3d-37c7-4710-8e38-272d6e02e47f tempest-VolumesAdminNegativeTest-528072431 tempest-VolumesAdminNegativeTest-528072431-project] Registering scheme swift+http with {'store': <glance_store._drivers.swift.store.SingleTenantStore object at 0x7fef12ed9f70>, 'location_class': <class 'glance_store._drivers.swift.store.StoreLocation'>, 'store_entry': 'swift'} {{(pid=124167) register_scheme_map /usr/local/lib/python3.8/dist-packages/glance_store/location.py:146}}
Jun 06 21:06:25 ubuntu devstack@g-api.service[124167]: DEBUG glance_store.location [None req-5ffc5d3d-37c7-4710-8e38-272d6e02e47f tempest-VolumesAdminNegativeTest-528072431 tempest-VolumesAdminNegativeTest-528072431-project] Registering scheme swift+config with {'store': <glance_store._drivers.swift.store.SingleTenantStore object at 0x7fef12ed9f70>, 'location_class': <class 'glance_store._drivers.swift.store.StoreLocation'>, 'store_entry': 'swift'} {{(pid=124167) register_scheme_map /usr/local/lib/python3.8/dist-packages/glance_store/location.py:146}}
Jun 06 21:06:25 ubuntu devstack@g-api.service[124167]: DEBUG swiftclient [None req-5ffc5d3d-37c7-4710-8e38-272d6e02e47f tempest-VolumesAdminNegativeTest-528072431 tempest-VolumesAdminNegativeTest-528072431-project] REQ: curl -i http://192.168.79.38:8080/v1/AUTH_7c6d608938634df49ab5757d201b6b75/glance/0f9f9b1e-97bc-4eb9-9431-10d86cbe9899 -X GET -H "X-Auth-Token: gAAAAABinmxREuZq..." {{(pid=124167) http_log /usr/local/lib/python3.8/dist-packages/swiftclient/client.py:157}}
Jun 06 21:06:25 ubuntu devstack@g-api.service[124167]: DEBUG swiftclient [None req-5ffc5d3d-37c7-4710-8e38-272d6e02e47f tempest-VolumesAdminNegativeTest-528072431 tempest-VolumesAdminNegativeTest-528072431-project] RESP STATUS: 200 OK {{(pid=124167) http_log /usr/local/lib/python3.8/dist-packages/swiftclient/client.py:158}}
Jun 06 21:06:25 ubuntu devstack@g-api.service[124167]: DEBUG swiftclient [None req-5ffc5d3d-37c7-4710-8e38-272d6e02e47f tempest-VolumesAdminNegativeTest-528072431 tempest-VolumesAdminNegativeTest-528072431-project] RESP HEADERS: {'Content-Type': 'application/octet-stream', 'Etag': '1d3062cd89af34e419f7100277f38b2b', 'Last-Modified': 'Mon, 06 Jun 2022 21:00:40 GMT', 'X-Timestamp': '1654549239.13356', 'Accept-Ranges': 'bytes', 'Content-Length': '16338944', 'X-Trans-Id': 'tx8961c6af50c444418551e-00629e6c51', 'X-Openstack-Request-Id': 'tx8961c6af50c444418551e-00629e6c51', 'Date': 'Mon, 06 Jun 2022 21:06:25 GMT'} {{(pid=124167) http_log /usr/local/lib/python3.8/dist-packages/swiftclient/client.py:159}}
Jun 06 21:06:25 ubuntu devstack@g-api.service[124167]: DEBUG glance.image_cache [None req-5ffc5d3d-37c7-4710-8e38-272d6e02e47f tempest-VolumesAdminNegativeTest-528072431 tempest-VolumesAdminNegativeTest-528072431-project] Tee'ing image '0f9f9b1e-97bc-4eb9-9431-10d86cbe9899' into cache {{(pid=124167) get_caching_iter /opt/stack/glance/glance/image_cache/__init__.py:343}}
Jun 06 21:06:25 ubuntu devstack@g-api.service[124167]: DEBUG glance.image_cache.drivers.sqlite [None req-5ffc5d3d-37c7-4710-8e38-272d6e02e47f tempest-VolumesAdminNegativeTest-528072431 tempest-VolumesAdminNegativeTest-528072431-project] Fetch finished, moving '/opt/stack/data/glance/cache/incomplete/0f9f9b1e-97bc-4eb9-9431-10d86cbe9899' to '/opt/stack/data/glance/cache/0f9f9b1e-97bc-4eb9-9431-10d86cbe9899' {{(pid=124167) commit /opt/stack/glance/glance/image_cache/drivers/sqlite.py:324}}
Jun 06 21:06:25 ubuntu devstack@g-api.service[124167]: [pid: 124167|app: 0|req: 12/22] 127.0.0.1 () {42 vars in 1059 bytes} [Mon Jun  6 21:06:25 2022] GET /v2/images/0f9f9b1e-97bc-4eb9-9431-10d86cbe9899/file => generated 16338944 bytes in 461 msecs (HTTP/1.1 200) 4 headers in 191 bytes (250 switches on core 0)
Jun 06 21:06:35 ubuntu devstack@g-api.service[124168]: DEBUG dbcounter [-] [124168] Writing DB stats glance:SELECT=8 {{(pid=124168) stat_writer /usr/local/lib/python3.8/dist-packages/dbcounter.py:114}}
Jun 06 21:06:35 ubuntu devstack@g-api.service[124167]: DEBUG dbcounter [-] [124167] Writing DB stats glance:SELECT=8 {{(pid=124167) stat_writer /usr/local/lib/python3.8/dist-packages/dbcounter.py:114}}
Jun 06 21:06:47 ubuntu devstack@g-api.service[124168]: DEBUG glance.api.middleware.version_negotiation [None req-5ffc5d3d-37c7-4710-8e38-272d6e02e47f tempest-VolumesAdminNegativeTest-528072431 tempest-VolumesAdminNegativeTest-528072431-project] Determining version of request: GET / Accept: application/json {{(pid=124168) process_request /opt/stack/glance/glance/api/middleware/version_negotiation.py:44}}
Jun 06 21:06:47 ubuntu devstack@g-api.service[124168]: DEBUG glance.api.middleware.version_negotiation [None req-5ffc5d3d-37c7-4710-8e38-272d6e02e47f tempest-VolumesAdminNegativeTest-528072431 tempest-VolumesAdminNegativeTest-528072431-project] Using url versioning {{(pid=124168) process_request /opt/stack/glance/glance/api/middleware/version_negotiation.py:57}}
Jun 06 21:06:47 ubuntu devstack@g-api.service[124168]: DEBUG glance.api.middleware.version_negotiation [None req-5ffc5d3d-37c7-4710-8e38-272d6e02e47f tempest-VolumesAdminNegativeTest-528072431 tempest-VolumesAdminNegativeTest-528072431-project] Unknown version. Returning version choices. {{(pid=124168) process_request /opt/stack/glance/glance/api/middleware/version_negotiation.py:64}}
Jun 06 21:06:47 ubuntu devstack@g-api.service[124168]: [pid: 124168|app: 0|req: 11/23] 127.0.0.1 () {34 vars in 492 bytes} [Mon Jun  6 21:06:47 2022] GET / => generated 1323 bytes in 4 msecs (HTTP/1.1 300) 3 headers in 106 bytes (1 switches on core 0)
Jun 06 21:06:47 ubuntu devstack@g-api.service[124167]: DEBUG glance.api.middleware.version_negotiation [None req-5ffc5d3d-37c7-4710-8e38-272d6e02e47f tempest-VolumesAdminNegativeTest-528072431 tempest-VolumesAdminNegativeTest-528072431-project] Determining version of request: GET /v2/images/0f9f9b1e-97bc-4eb9-9431-10d86cbe9899 Accept: */* {{(pid=124167) process_request /opt/stack/glance/glance/api/middleware/version_negotiation.py:44}}
Jun 06 21:06:47 ubuntu devstack@g-api.service[124167]: DEBUG glance.api.middleware.version_negotiation [None req-5ffc5d3d-37c7-4710-8e38-272d6e02e47f tempest-VolumesAdminNegativeTest-528072431 tempest-VolumesAdminNegativeTest-528072431-project] Using url versioning {{(pid=124167) process_request /opt/stack/glance/glance/api/middleware/version_negotiation.py:57}}
Jun 06 21:06:47 ubuntu devstack@g-api.service[124167]: DEBUG glance.api.middleware.version_negotiation [None req-5ffc5d3d-37c7-4710-8e38-272d6e02e47f tempest-VolumesAdminNegativeTest-528072431 tempest-VolumesAdminNegativeTest-528072431-project] Matched version: v2 {{(pid=124167) process_request /opt/stack/glance/glance/api/middleware/version_negotiation.py:69}}
Jun 06 21:06:47 ubuntu devstack@g-api.service[124167]: DEBUG glance.api.middleware.version_negotiation [None req-5ffc5d3d-37c7-4710-8e38-272d6e02e47f tempest-VolumesAdminNegativeTest-528072431 tempest-VolumesAdminNegativeTest-528072431-project] new path /v2/images/0f9f9b1e-97bc-4eb9-9431-10d86cbe9899 {{(pid=124167) process_request /opt/stack/glance/glance/api/middleware/version_negotiation.py:70}}
Jun 06 21:06:47 ubuntu devstack@g-api.service[124167]: [pid: 124167|app: 0|req: 13/24] 127.0.0.1 () {42 vars in 1049 bytes} [Mon Jun  6 21:06:47 2022] GET /v2/images/0f9f9b1e-97bc-4eb9-9431-10d86cbe9899 => generated 976 bytes in 21 msecs (HTTP/1.1 200) 4 headers in 157 bytes (1 switches on core 0)
Jun 06 21:06:47 ubuntu devstack@g-api.service[124168]: DEBUG glance.api.middleware.version_negotiation [None req-5ffc5d3d-37c7-4710-8e38-272d6e02e47f tempest-VolumesAdminNegativeTest-528072431 tempest-VolumesAdminNegativeTest-528072431-project] Determining version of request: GET /v2/schemas/image Accept: */* {{(pid=124168) process_request /opt/stack/glance/glance/api/middleware/version_negotiation.py:44}}
Jun 06 21:06:47 ubuntu devstack@g-api.service[124168]: DEBUG glance.api.middleware.version_negotiation [None req-5ffc5d3d-37c7-4710-8e38-272d6e02e47f tempest-VolumesAdminNegativeTest-528072431 tempest-VolumesAdminNegativeTest-528072431-project] Using url versioning {{(pid=124168) process_request /opt/stack/glance/glance/api/middleware/version_negotiation.py:57}}
Jun 06 21:06:47 ubuntu devstack@g-api.service[124168]: DEBUG glance.api.middleware.version_negotiation [None req-5ffc5d3d-37c7-4710-8e38-272d6e02e47f tempest-VolumesAdminNegativeTest-528072431 tempest-VolumesAdminNegativeTest-528072431-project] Matched version: v2 {{(pid=124168) process_request /opt/stack/glance/glance/api/middleware/version_negotiation.py:69}}
Jun 06 21:06:47 ubuntu devstack@g-api.service[124168]: DEBUG glance.api.middleware.version_negotiation [None req-5ffc5d3d-37c7-4710-8e38-272d6e02e47f tempest-VolumesAdminNegativeTest-528072431 tempest-VolumesAdminNegativeTest-528072431-project] new path /v2/schemas/image {{(pid=124168) process_request /opt/stack/glance/glance/api/middleware/version_negotiation.py:70}}
Jun 06 21:06:47 ubuntu devstack@g-api.service[124168]: [pid: 124168|app: 0|req: 12/25] 127.0.0.1 () {42 vars in 989 bytes} [Mon Jun  6 21:06:47 2022] GET /v2/schemas/image => generated 6083 bytes in 7 msecs (HTTP/1.1 200) 4 headers in 158 bytes (1 switches on core 0)
Jun 06 21:06:57 ubuntu devstack@g-api.service[124167]: DEBUG dbcounter [-] [124167] Writing DB stats glance:SELECT=4 {{(pid=124167) stat_writer /usr/local/lib/python3.8/dist-packages/dbcounter.py:114}}
Jun 06 21:07:15 ubuntu devstack@g-api.service[124167]: DEBUG glance.api.middleware.version_negotiation [None req-04d0e1f5-216a-4a88-bec1-661d16bc101b tempest-DeleteServersTestJSON-154441500 tempest-DeleteServersTestJSON-154441500-project] Determining version of request: GET /v2/images/0f9f9b1e-97bc-4eb9-9431-10d86cbe9899 Accept: */* {{(pid=124167) process_request /opt/stack/glance/glance/api/middleware/version_negotiation.py:44}}
