Jun 03 15:19:32 ubuntu devstack@g-api.service[124425]: DEBUG glance_store.backend [None req-453585d4-6393-40c4-8298-5b52bc33aff9 admin admin] Attempting to import store swift {{(pid=124425) _load_store /usr/local/lib/python3.8/dist-packages/glance_store/backend.py:217}}
Jun 03 15:19:32 ubuntu devstack@g-api.service[124425]: DEBUG glance_store.capabilities [None req-453585d4-6393-40c4-8298-5b52bc33aff9 admin admin] Store glance_store._drivers.swift.store.SingleTenantStore doesn't support updating dynamic storage capabilities. Please overwrite 'update_capabilities' method of the store to implement updating logics if needed. {{(pid=124425) update_capabilities /usr/local/lib/python3.8/dist-packages/glance_store/capabilities.py:91}}
Jun 03 15:19:32 ubuntu devstack@g-api.service[124425]: DEBUG glance_store.driver [None req-453585d4-6393-40c4-8298-5b52bc33aff9 admin admin] Late loading location class glance_store._drivers.swift.store.StoreLocation {{(pid=124425) get_store_location_class /usr/local/lib/python3.8/dist-packages/glance_store/driver.py:117}}
Jun 03 15:19:32 ubuntu devstack@g-api.service[124425]: DEBUG glance_store.location [None req-453585d4-6393-40c4-8298-5b52bc33aff9 admin admin] Registering scheme swift+https with {'store': <glance_store._drivers.swift.store.SingleTenantStore object at 0x7f72e16ee0a0>, 'location_class': <class 'glance_store._drivers.swift.store.StoreLocation'>, 'store_entry': 'swift'} {{(pid=124425) register_scheme_map /usr/local/lib/python3.8/dist-packages/glance_store/location.py:146}}
Jun 03 15:19:32 ubuntu devstack@g-api.service[124425]: DEBUG glance_store.location [None req-453585d4-6393-40c4-8298-5b52bc33aff9 admin admin] Registering scheme swift+https with {'store': <glance_store._drivers.swift.store.SingleTenantStore object at 0x7f72e16ee0a0>, 'location_class': <class 'glance_store._drivers.swift.store.StoreLocation'>, 'store_entry': 'swift'} {{(pid=124425) register_scheme_map /usr/local/lib/python3.8/dist-packages/glance_store/location.py:146}}
Jun 03 15:19:32 ubuntu devstack@g-api.service[124425]: DEBUG glance_store.location [None req-453585d4-6393-40c4-8298-5b52bc33aff9 admin admin] Registering scheme swift with {'store': <glance_store._drivers.swift.store.SingleTenantStore object at 0x7f72e16ee0a0>, 'location_class': <class 'glance_store._drivers.swift.store.StoreLocation'>, 'store_entry': 'swift'} {{(pid=124425) register_scheme_map /usr/local/lib/python3.8/dist-packages/glance_store/location.py:146}}
Jun 03 15:19:32 ubuntu devstack@g-api.service[124425]: DEBUG glance_store.location [None req-453585d4-6393-40c4-8298-5b52bc33aff9 admin admin] Registering scheme swift+https with {'store': <glance_store._drivers.swift.store.SingleTenantStore object at 0x7f72e16ee0a0>, 'location_class': <class 'glance_store._drivers.swift.store.StoreLocation'>, 'store_entry': 'swift'} {{(pid=124425) register_scheme_map /usr/local/lib/python3.8/dist-packages/glance_store/location.py:146}}
Jun 03 15:19:32 ubuntu devstack@g-api.service[124425]: DEBUG glance_store.location [None req-453585d4-6393-40c4-8298-5b52bc33aff9 admin admin] Registering scheme swift with {'store': <glance_store._drivers.swift.store.SingleTenantStore object at 0x7f72e16ee0a0>, 'location_class': <class 'glance_store._drivers.swift.store.StoreLocation'>, 'store_entry': 'swift'} {{(pid=124425) register_scheme_map /usr/local/lib/python3.8/dist-packages/glance_store/location.py:146}}
Jun 03 15:19:32 ubuntu devstack@g-api.service[124425]: DEBUG glance_store.location [None req-453585d4-6393-40c4-8298-5b52bc33aff9 admin admin] Registering scheme swift+http with {'store': <glance_store._drivers.swift.store.SingleTenantStore object at 0x7f72e16ee0a0>, 'location_class': <class 'glance_store._drivers.swift.store.StoreLocation'>, 'store_entry': 'swift'} {{(pid=124425) register_scheme_map /usr/local/lib/python3.8/dist-packages/glance_store/location.py:146}}
Jun 03 15:19:32 ubuntu devstack@g-api.service[124425]: DEBUG glance_store.location [None req-453585d4-6393-40c4-8298-5b52bc33aff9 admin admin] Registering scheme swift+https with {'store': <glance_store._drivers.swift.store.SingleTenantStore object at 0x7f72e16ee0a0>, 'location_class': <class 'glance_store._drivers.swift.store.StoreLocation'>, 'store_entry': 'swift'} {{(pid=124425) register_scheme_map /usr/local/lib/python3.8/dist-packages/glance_store/location.py:146}}
Jun 03 15:19:32 ubuntu devstack@g-api.service[124425]: DEBUG glance_store.location [None req-453585d4-6393-40c4-8298-5b52bc33aff9 admin admin] Registering scheme swift with {'store': <glance_store._drivers.swift.store.SingleTenantStore object at 0x7f72e16ee0a0>, 'location_class': <class 'glance_store._drivers.swift.store.StoreLocation'>, 'store_entry': 'swift'} {{(pid=124425) register_scheme_map /usr/local/lib/python3.8/dist-packages/glance_store/location.py:146}}
Jun 03 15:19:32 ubuntu devstack@g-api.service[124425]: DEBUG glance_store.location [None req-453585d4-6393-40c4-8298-5b52bc33aff9 admin admin] Registering scheme swift+http with {'store': <glance_store._drivers.swift.store.SingleTenantStore object at 0x7f72e16ee0a0>, 'location_class': <class 'glance_store._drivers.swift.store.StoreLocation'>, 'store_entry': 'swift'} {{(pid=124425) register_scheme_map /usr/local/lib/python3.8/dist-packages/glance_store/location.py:146}}
Jun 03 15:19:32 ubuntu devstack@g-api.service[124425]: DEBUG glance_store.location [None req-453585d4-6393-40c4-8298-5b52bc33aff9 admin admin] Registering scheme swift+config with {'store': <glance_store._drivers.swift.store.SingleTenantStore object at 0x7f72e16ee0a0>, 'location_class': <class 'glance_store._drivers.swift.store.StoreLocation'>, 'store_entry': 'swift'} {{(pid=124425) register_scheme_map /usr/local/lib/python3.8/dist-packages/glance_store/location.py:146}}
Jun 03 15:19:32 ubuntu devstack@g-api.service[124425]: DEBUG glance_store.backend [None req-453585d4-6393-40c4-8298-5b52bc33aff9 admin admin] Skipping store.set_acls... not implemented. {{(pid=124425) set_acls /usr/local/lib/python3.8/dist-packages/glance_store/backend.py:509}}
Jun 03 15:19:32 ubuntu devstack@g-api.service[124425]: [pid: 124425|app: 0|req: 3/4] 127.0.0.1 () {40 vars in 862 bytes} [Fri Jun  3 15:19:30 2022] PUT /v2/images/c8354534-a2e8-47f5-be5e-b753854ef3f3/file => generated 0 bytes in 2290 msecs (HTTP/1.1 204) 4 headers in 171 bytes (1 switches on core 0)
Jun 03 15:19:40 ubuntu devstack@g-api.service[124427]: DEBUG dbcounter [-] [124427] Writing DB stats glance:SELECT=9,glance:INSERT=5 {{(pid=124427) stat_writer /usr/local/lib/python3.8/dist-packages/dbcounter.py:114}}
Jun 03 15:19:42 ubuntu devstack@g-api.service[124425]: DEBUG dbcounter [-] [124425] Writing DB stats glance:SELECT=28,glance:UPDATE=2,glance:INSERT=1 {{(pid=124425) stat_writer /usr/local/lib/python3.8/dist-packages/dbcounter.py:114}}
Jun 03 15:20:26 ubuntu devstack@g-api.service[124427]: DEBUG glance.api.middleware.version_negotiation [None req-0f8b6c57-deb5-4485-85aa-b67261312c71 admin admin] Determining version of request: GET / Accept: application/json {{(pid=124427) process_request /opt/stack/glance/glance/api/middleware/version_negotiation.py:44}}
Jun 03 15:20:26 ubuntu devstack@g-api.service[124427]: DEBUG glance.api.middleware.version_negotiation [None req-0f8b6c57-deb5-4485-85aa-b67261312c71 admin admin] Using url versioning {{(pid=124427) process_request /opt/stack/glance/glance/api/middleware/version_negotiation.py:57}}
Jun 03 15:20:26 ubuntu devstack@g-api.service[124427]: DEBUG glance.api.middleware.version_negotiation [None req-0f8b6c57-deb5-4485-85aa-b67261312c71 admin admin] Unknown version. Returning version choices. {{(pid=124427) process_request /opt/stack/glance/glance/api/middleware/version_negotiation.py:64}}
Jun 03 15:20:26 ubuntu devstack@g-api.service[124427]: [pid: 124427|app: 0|req: 2/5] 127.0.0.1 () {34 vars in 506 bytes} [Fri Jun  3 15:20:26 2022] GET / => generated 1323 bytes in 9 msecs (HTTP/1.1 300) 3 headers in 106 bytes (1 switches on core 0)
Jun 03 15:20:26 ubuntu devstack@g-api.service[124425]: DEBUG glance.api.middleware.version_negotiation [None req-453585d4-6393-40c4-8298-5b52bc33aff9 admin admin] Determining version of request: GET /v2/images Accept: application/json {{(pid=124425) process_request /opt/stack/glance/glance/api/middleware/version_negotiation.py:44}}
Jun 03 15:20:26 ubuntu devstack@g-api.service[124425]: DEBUG glance.api.middleware.version_negotiation [None req-453585d4-6393-40c4-8298-5b52bc33aff9 admin admin] Using url versioning {{(pid=124425) process_request /opt/stack/glance/glance/api/middleware/version_negotiation.py:57}}
Jun 03 15:20:26 ubuntu devstack@g-api.service[124425]: DEBUG glance.api.middleware.version_negotiation [None req-453585d4-6393-40c4-8298-5b52bc33aff9 admin admin] Matched version: v2 {{(pid=124425) process_request /opt/stack/glance/glance/api/middleware/version_negotiation.py:69}}
Jun 03 15:20:26 ubuntu devstack@g-api.service[124425]: DEBUG glance.api.middleware.version_negotiation [None req-453585d4-6393-40c4-8298-5b52bc33aff9 admin admin] new path /v2/images {{(pid=124425) process_request /opt/stack/glance/glance/api/middleware/version_negotiation.py:70}}
Jun 03 15:20:27 ubuntu devstack@g-api.service[124425]: [pid: 124425|app: 0|req: 4/6] 127.0.0.1 () {36 vars in 728 bytes} [Fri Jun  3 15:20:26 2022] GET /v2/images => generated 1045 bytes in 144 msecs (HTTP/1.1 200) 4 headers in 158 bytes (1 switches on core 0)
Jun 03 15:20:32 ubuntu devstack@g-api.service[124427]: DEBUG glance.api.middleware.version_negotiation [None req-0f8b6c57-deb5-4485-85aa-b67261312c71 admin admin] Determining version of request: GET / Accept: application/json {{(pid=124427) process_request /opt/stack/glance/glance/api/middleware/version_negotiation.py:44}}
Jun 03 15:20:32 ubuntu devstack@g-api.service[124427]: DEBUG glance.api.middleware.version_negotiation [None req-0f8b6c57-deb5-4485-85aa-b67261312c71 admin admin] Using url versioning {{(pid=124427) process_request /opt/stack/glance/glance/api/middleware/version_negotiation.py:57}}
Jun 03 15:20:32 ubuntu devstack@g-api.service[124427]: DEBUG glance.api.middleware.version_negotiation [None req-0f8b6c57-deb5-4485-85aa-b67261312c71 admin admin] Unknown version. Returning version choices. {{(pid=124427) process_request /opt/stack/glance/glance/api/middleware/version_negotiation.py:64}}
Jun 03 15:20:32 ubuntu devstack@g-api.service[124427]: [pid: 124427|app: 0|req: 3/7] 127.0.0.1 () {34 vars in 506 bytes} [Fri Jun  3 15:20:32 2022] GET / => generated 1323 bytes in 4 msecs (HTTP/1.1 300) 3 headers in 106 bytes (1 switches on core 0)
Jun 03 15:20:32 ubuntu devstack@g-api.service[124425]: DEBUG glance.api.middleware.version_negotiation [None req-97166061-5d83-4ee5-8f83-42c9f50a247c admin admin] Determining version of request: GET /v2/images/c8354534-a2e8-47f5-be5e-b753854ef3f3 Accept: */* {{(pid=124425) process_request /opt/stack/glance/glance/api/middleware/version_negotiation.py:44}}
Jun 03 15:20:32 ubuntu devstack@g-api.service[124425]: DEBUG glance.api.middleware.version_negotiation [None req-97166061-5d83-4ee5-8f83-42c9f50a247c admin admin] Using url versioning {{(pid=124425) process_request /opt/stack/glance/glance/api/middleware/version_negotiation.py:57}}
Jun 03 15:20:32 ubuntu devstack@g-api.service[124425]: DEBUG glance.api.middleware.version_negotiation [None req-97166061-5d83-4ee5-8f83-42c9f50a247c admin admin] Matched version: v2 {{(pid=124425) process_request /opt/stack/glance/glance/api/middleware/version_negotiation.py:69}}
Jun 03 15:20:32 ubuntu devstack@g-api.service[124425]: DEBUG glance.api.middleware.version_negotiation [None req-97166061-5d83-4ee5-8f83-42c9f50a247c admin admin] new path /v2/images/c8354534-a2e8-47f5-be5e-b753854ef3f3 {{(pid=124425) process_request /opt/stack/glance/glance/api/middleware/version_negotiation.py:70}}
Jun 03 15:20:33 ubuntu devstack@g-api.service[124425]: [pid: 124425|app: 0|req: 5/8] 127.0.0.1 () {36 vars in 789 bytes} [Fri Jun  3 15:20:32 2022] GET /v2/images/c8354534-a2e8-47f5-be5e-b753854ef3f3 => generated 976 bytes in 55 msecs (HTTP/1.1 200) 4 headers in 157 bytes (1 switches on core 0)
Jun 03 15:20:36 ubuntu devstack@g-api.service[124427]: DEBUG glance.api.middleware.version_negotiation [None req-0f8b6c57-deb5-4485-85aa-b67261312c71 admin admin] Determining version of request: GET / Accept: application/json {{(pid=124427) process_request /opt/stack/glance/glance/api/middleware/version_negotiation.py:44}}
Jun 03 15:20:36 ubuntu devstack@g-api.service[124427]: DEBUG glance.api.middleware.version_negotiation [None req-0f8b6c57-deb5-4485-85aa-b67261312c71 admin admin] Using url versioning {{(pid=124427) process_request /opt/stack/glance/glance/api/middleware/version_negotiation.py:57}}
Jun 03 15:20:36 ubuntu devstack@g-api.service[124427]: DEBUG glance.api.middleware.version_negotiation [None req-0f8b6c57-deb5-4485-85aa-b67261312c71 admin admin] Unknown version. Returning version choices. {{(pid=124427) process_request /opt/stack/glance/glance/api/middleware/version_negotiation.py:64}}
Jun 03 15:20:36 ubuntu devstack@g-api.service[124427]: [pid: 124427|app: 0|req: 4/9] 127.0.0.1 () {34 vars in 506 bytes} [Fri Jun  3 15:20:36 2022] GET / => generated 1323 bytes in 2 msecs (HTTP/1.1 300) 3 headers in 106 bytes (1 switches on core 0)
Jun 03 15:20:36 ubuntu devstack@g-api.service[124425]: DEBUG glance.api.middleware.version_negotiation [None req-e13a32d0-6a15-4aaf-96f6-716e7b2b714a admin admin] Determining version of request: GET /v2/images/c8354534-a2e8-47f5-be5e-b753854ef3f3 Accept: */* {{(pid=124425) process_request /opt/stack/glance/glance/api/middleware/version_negotiation.py:44}}
Jun 03 15:20:36 ubuntu devstack@g-api.service[124425]: DEBUG glance.api.middleware.version_negotiation [None req-e13a32d0-6a15-4aaf-96f6-716e7b2b714a admin admin] Using url versioning {{(pid=124425) process_request /opt/stack/glance/glance/api/middleware/version_negotiation.py:57}}
Jun 03 15:20:36 ubuntu devstack@g-api.service[124425]: DEBUG glance.api.middleware.version_negotiation [None req-e13a32d0-6a15-4aaf-96f6-716e7b2b714a admin admin] Matched version: v2 {{(pid=124425) process_request /opt/stack/glance/glance/api/middleware/version_negotiation.py:69}}
Jun 03 15:20:36 ubuntu devstack@g-api.service[124425]: DEBUG glance.api.middleware.version_negotiation [None req-e13a32d0-6a15-4aaf-96f6-716e7b2b714a admin admin] new path /v2/images/c8354534-a2e8-47f5-be5e-b753854ef3f3 {{(pid=124425) process_request /opt/stack/glance/glance/api/middleware/version_negotiation.py:70}}
Jun 03 15:20:37 ubuntu devstack@g-api.service[124425]: [pid: 124425|app: 0|req: 6/10] 127.0.0.1 () {36 vars in 789 bytes} [Fri Jun  3 15:20:36 2022] GET /v2/images/c8354534-a2e8-47f5-be5e-b753854ef3f3 => generated 976 bytes in 62 msecs (HTTP/1.1 200) 4 headers in 157 bytes (1 switches on core 0)
Jun 03 15:20:47 ubuntu devstack@g-api.service[124425]: DEBUG dbcounter [-] [124425] Writing DB stats glance:SELECT=10 {{(pid=124425) stat_writer /usr/local/lib/python3.8/dist-packages/dbcounter.py:114}}
Jun 03 15:22:53 ubuntu devstack@g-api.service[124427]: DEBUG glance.api.middleware.version_negotiation [None req-0f8b6c57-deb5-4485-85aa-b67261312c71 admin admin] Determining version of request: GET /v1 Accept: application/json {{(pid=124427) process_request /opt/stack/glance/glance/api/middleware/version_negotiation.py:44}}
Jun 03 15:22:53 ubuntu devstack@g-api.service[124427]: DEBUG glance.api.middleware.version_negotiation [None req-0f8b6c57-deb5-4485-85aa-b67261312c71 admin admin] Using url versioning {{(pid=124427) process_request /opt/stack/glance/glance/api/middleware/version_negotiation.py:57}}
Jun 03 15:22:53 ubuntu devstack@g-api.service[124427]: DEBUG glance.api.middleware.version_negotiation [None req-0f8b6c57-deb5-4485-85aa-b67261312c71 admin admin] Unknown version. Returning version choices. {{(pid=124427) process_request /opt/stack/glance/glance/api/middleware/version_negotiation.py:64}}
Jun 03 15:22:53 ubuntu devstack@g-api.service[124427]: [pid: 124427|app: 0|req: 5/11] 127.0.0.1 () {38 vars in 685 bytes} [Fri Jun  3 15:22:53 2022] GET /v1 => generated 1323 bytes in 4 msecs (HTTP/1.1 300) 3 headers in 106 bytes (1 switches on core 0)
Jun 03 15:24:13 ubuntu devstack@g-api.service[124425]: DEBUG oslo_concurrency.lockutils [-] Acquired lock "glance-cache" {{(pid=124425) lock /usr/local/lib/python3.8/dist-packages/oslo_concurrency/lockutils.py:294}}
Jun 03 15:24:13 ubuntu devstack@g-api.service[124425]: DEBUG oslo_concurrency.lockutils [-] Acquired external semaphore "glance-cache" {{(pid=124425) lock /usr/local/lib/python3.8/dist-packages/oslo_concurrency/lockutils.py:302}}
Jun 03 15:24:13 ubuntu devstack@g-api.service[124425]: DEBUG glance.image_cache.prefetcher [-] Nothing to prefetch. {{(pid=124425) run /opt/stack/glance/glance/image_cache/prefetcher.py:79}}
Jun 03 15:24:13 ubuntu devstack@g-api.service[124427]: DEBUG oslo_concurrency.lockutils [-] Acquired lock "glance-cache" {{(pid=124427) lock /usr/local/lib/python3.8/dist-packages/oslo_concurrency/lockutils.py:294}}
Jun 03 15:24:13 ubuntu devstack@g-api.service[124425]: DEBUG oslo_concurrency.lockutils [-] Releasing lock "glance-cache" {{(pid=124425) lock /usr/local/lib/python3.8/dist-packages/oslo_concurrency/lockutils.py:312}}
Jun 03 15:24:13 ubuntu devstack@g-api.service[124427]: DEBUG oslo_concurrency.lockutils [-] Acquired external semaphore "glance-cache" {{(pid=124427) lock /usr/local/lib/python3.8/dist-packages/oslo_concurrency/lockutils.py:302}}
Jun 03 15:24:13 ubuntu devstack@g-api.service[124427]: DEBUG glance.image_cache.prefetcher [-] Nothing to prefetch. {{(pid=124427) run /opt/stack/glance/glance/image_cache/prefetcher.py:79}}
Jun 03 15:24:13 ubuntu devstack@g-api.service[124427]: DEBUG oslo_concurrency.lockutils [-] Releasing lock "glance-cache" {{(pid=124427) lock /usr/local/lib/python3.8/dist-packages/oslo_concurrency/lockutils.py:312}}
Jun 03 15:25:13 ubuntu devstack@g-api.service[124425]: DEBUG glance.api.middleware.version_negotiation [None req-c87b85d2-ca1a-4e07-bb9e-43764443ea07 admin admin] Determining version of request: GET /versions Accept: */* {{(pid=124425) process_request /opt/stack/glance/glance/api/middleware/version_negotiation.py:44}}
Jun 03 15:25:13 ubuntu devstack@g-api.service[124425]: [pid: 124425|app: 0|req: 7/12] 127.0.0.1 () {38 vars in 695 bytes} [Fri Jun  3 15:25:13 2022] GET /versions => generated 1323 bytes in 4 msecs (HTTP/1.1 200) 3 headers in 92 bytes (1 switches on core 0)
Jun 03 15:25:13 ubuntu devstack@g-api.service[124427]: DEBUG glance.api.middleware.version_negotiation [None req-0f8b6c57-deb5-4485-85aa-b67261312c71 admin admin] Determining version of request: GET /v2/schemas/image Accept: */* {{(pid=124427) process_request /opt/stack/glance/glance/api/middleware/version_negotiation.py:44}}
Jun 03 15:25:13 ubuntu devstack@g-api.service[124427]: DEBUG glance.api.middleware.version_negotiation [None req-0f8b6c57-deb5-4485-85aa-b67261312c71 admin admin] Using url versioning {{(pid=124427) process_request /opt/stack/glance/glance/api/middleware/version_negotiation.py:57}}
Jun 03 15:25:13 ubuntu devstack@g-api.service[124427]: DEBUG glance.api.middleware.version_negotiation [None req-0f8b6c57-deb5-4485-85aa-b67261312c71 admin admin] Matched version: v2 {{(pid=124427) process_request /opt/stack/glance/glance/api/middleware/version_negotiation.py:69}}
Jun 03 15:25:13 ubuntu devstack@g-api.service[124427]: DEBUG glance.api.middleware.version_negotiation [None req-0f8b6c57-deb5-4485-85aa-b67261312c71 admin admin] new path /v2/schemas/image {{(pid=124427) process_request /opt/stack/glance/glance/api/middleware/version_negotiation.py:70}}
Jun 03 15:25:13 ubuntu devstack@g-api.service[124427]: [pid: 124427|app: 0|req: 6/13] 127.0.0.1 () {38 vars in 711 bytes} [Fri Jun  3 15:25:13 2022] GET /v2/schemas/image => generated 6083 bytes in 106 msecs (HTTP/1.1 200) 4 headers in 158 bytes (1 switches on core 0)
Jun 03 15:25:13 ubuntu devstack@g-api.service[124425]: DEBUG glance.api.middleware.version_negotiation [None req-c87b85d2-ca1a-4e07-bb9e-43764443ea07 admin admin] Determining version of request: GET /v2/schemas/metadefs/namespace Accept: */* {{(pid=124425) process_request /opt/stack/glance/glance/api/middleware/version_negotiation.py:44}}
Jun 03 15:25:13 ubuntu devstack@g-api.service[124425]: DEBUG glance.api.middleware.version_negotiation [None req-c87b85d2-ca1a-4e07-bb9e-43764443ea07 admin admin] Using url versioning {{(pid=124425) process_request /opt/stack/glance/glance/api/middleware/version_negotiation.py:57}}
Jun 03 15:25:13 ubuntu devstack@g-api.service[124425]: DEBUG glance.api.middleware.version_negotiation [None req-c87b85d2-ca1a-4e07-bb9e-43764443ea07 admin admin] Matched version: v2 {{(pid=124425) process_request /opt/stack/glance/glance/api/middleware/version_negotiation.py:69}}
Jun 03 15:25:13 ubuntu devstack@g-api.service[124425]: DEBUG glance.api.middleware.version_negotiation [None req-c87b85d2-ca1a-4e07-bb9e-43764443ea07 admin admin] new path /v2/schemas/metadefs/namespace {{(pid=124425) process_request /opt/stack/glance/glance/api/middleware/version_negotiation.py:70}}
Jun 03 15:25:13 ubuntu devstack@g-api.service[124425]: [pid: 124425|app: 0|req: 8/14] 127.0.0.1 () {38 vars in 737 bytes} [Fri Jun  3 15:25:13 2022] GET /v2/schemas/metadefs/namespace => generated 3100 bytes in 9 msecs (HTTP/1.1 200) 4 headers in 158 bytes (1 switches on core 0)
Jun 03 15:25:13 ubuntu devstack@g-api.service[124427]: DEBUG glance.api.middleware.version_negotiation [None req-34302e68-9281-4926-977e-d940377dddaa admin admin] Determining version of request: GET /v2/schemas/metadefs/resource_type Accept: */* {{(pid=124427) process_request /opt/stack/glance/glance/api/middleware/version_negotiation.py:44}}
Jun 03 15:25:13 ubuntu devstack@g-api.service[124427]: DEBUG glance.api.middleware.version_negotiation [None req-34302e68-9281-4926-977e-d940377dddaa admin admin] Using url versioning {{(pid=124427) process_request /opt/stack/glance/glance/api/middleware/version_negotiation.py:57}}
Jun 03 15:25:13 ubuntu devstack@g-api.service[124427]: DEBUG glance.api.middleware.version_negotiation [None req-34302e68-9281-4926-977e-d940377dddaa admin admin] Matched version: v2 {{(pid=124427) process_request /opt/stack/glance/glance/api/middleware/version_negotiation.py:69}}
Jun 03 15:25:13 ubuntu devstack@g-api.service[124427]: DEBUG glance.api.middleware.version_negotiation [None req-34302e68-9281-4926-977e-d940377dddaa admin admin] new path /v2/schemas/metadefs/resource_type {{(pid=124427) process_request /opt/stack/glance/glance/api/middleware/version_negotiation.py:70}}
Jun 03 15:25:13 ubuntu devstack@g-api.service[124427]: [pid: 124427|app: 0|req: 7/15] 127.0.0.1 () {38 vars in 745 bytes} [Fri Jun  3 15:25:13 2022] GET /v2/schemas/metadefs/resource_type => generated 1262 bytes in 4 msecs (HTTP/1.1 200) 4 headers in 158 bytes (1 switches on core 0)
Jun 03 15:25:13 ubuntu devstack@g-api.service[124425]: DEBUG glance.api.middleware.version_negotiation [None req-8417253d-569d-4f97-aeb9-756dccf15c97 admin admin] Determining version of request: GET /v2/images Accept: */* {{(pid=124425) process_request /opt/stack/glance/glance/api/middleware/version_negotiation.py:44}}
Jun 03 15:25:13 ubuntu devstack@g-api.service[124425]: DEBUG glance.api.middleware.version_negotiation [None req-8417253d-569d-4f97-aeb9-756dccf15c97 admin admin] Using url versioning {{(pid=124425) process_request /opt/stack/glance/glance/api/middleware/version_negotiation.py:57}}
Jun 03 15:25:13 ubuntu devstack@g-api.service[124425]: DEBUG glance.api.middleware.version_negotiation [None req-8417253d-569d-4f97-aeb9-756dccf15c97 admin admin] Matched version: v2 {{(pid=124425) process_request /opt/stack/glance/glance/api/middleware/version_negotiation.py:69}}
Jun 03 15:25:13 ubuntu devstack@g-api.service[124425]: DEBUG glance.api.middleware.version_negotiation [None req-8417253d-569d-4f97-aeb9-756dccf15c97 admin admin] new path /v2/images {{(pid=124425) process_request /opt/stack/glance/glance/api/middleware/version_negotiation.py:70}}
Jun 03 15:25:13 ubuntu devstack@g-api.service[124425]: [pid: 124425|app: 0|req: 9/16] 127.0.0.1 () {38 vars in 768 bytes} [Fri Jun  3 15:25:13 2022] GET /v2/images?limit=20&sort_key=name&sort_dir=asc => generated 1081 bytes in 79 msecs (HTTP/1.1 200) 4 headers in 158 bytes (1 switches on core 0)
Jun 03 15:25:13 ubuntu devstack@g-api.service[124427]: DEBUG glance.api.middleware.version_negotiation [None req-18a6026e-6a71-4241-8cdb-723d6d42ddb6 admin admin] Determining version of request: GET /v2/schemas/image Accept: */* {{(pid=124427) process_request /opt/stack/glance/glance/api/middleware/version_negotiation.py:44}}
Jun 03 15:25:13 ubuntu devstack@g-api.service[124427]: DEBUG glance.api.middleware.version_negotiation [None req-18a6026e-6a71-4241-8cdb-723d6d42ddb6 admin admin] Using url versioning {{(pid=124427) process_request /opt/stack/glance/glance/api/middleware/version_negotiation.py:57}}
Jun 03 15:25:13 ubuntu devstack@g-api.service[124427]: DEBUG glance.api.middleware.version_negotiation [None req-18a6026e-6a71-4241-8cdb-723d6d42ddb6 admin admin] Matched version: v2 {{(pid=124427) process_request /opt/stack/glance/glance/api/middleware/version_negotiation.py:69}}
Jun 03 15:25:13 ubuntu devstack@g-api.service[124427]: DEBUG glance.api.middleware.version_negotiation [None req-18a6026e-6a71-4241-8cdb-723d6d42ddb6 admin admin] new path /v2/schemas/image {{(pid=124427) process_request /opt/stack/glance/glance/api/middleware/version_negotiation.py:70}}
Jun 03 15:25:13 ubuntu devstack@g-api.service[124427]: [pid: 124427|app: 0|req: 8/17] 127.0.0.1 () {38 vars in 711 bytes} [Fri Jun  3 15:25:13 2022] GET /v2/schemas/image => generated 6083 bytes in 8 msecs (HTTP/1.1 200) 4 headers in 158 bytes (1 switches on core 0)
Jun 03 15:25:23 ubuntu devstack@g-api.service[124425]: DEBUG dbcounter [-] [124425] Writing DB stats glance:SELECT=2 {{(pid=124425) stat_writer /usr/local/lib/python3.8/dist-packages/dbcounter.py:114}}
Jun 03 15:25:23 ubuntu devstack@g-api.service[124425]: DEBUG glance.api.middleware.version_negotiation [None req-aeb20aea-8d0c-436f-b9a0-ac9bdd4804d5 admin admin] Determining version of request: GET / Accept: application/json {{(pid=124425) process_request /opt/stack/glance/glance/api/middleware/version_negotiation.py:44}}
Jun 03 15:25:23 ubuntu devstack@g-api.service[124425]: DEBUG glance.api.middleware.version_negotiation [None req-aeb20aea-8d0c-436f-b9a0-ac9bdd4804d5 admin admin] Using url versioning {{(pid=124425) process_request /opt/stack/glance/glance/api/middleware/version_negotiation.py:57}}
Jun 03 15:25:23 ubuntu devstack@g-api.service[124425]: DEBUG glance.api.middleware.version_negotiation [None req-aeb20aea-8d0c-436f-b9a0-ac9bdd4804d5 admin admin] Unknown version. Returning version choices. {{(pid=124425) process_request /opt/stack/glance/glance/api/middleware/version_negotiation.py:64}}
Jun 03 15:25:23 ubuntu devstack@g-api.service[124425]: [pid: 124425|app: 0|req: 10/18] 127.0.0.1 () {34 vars in 492 bytes} [Fri Jun  3 15:25:23 2022] GET / => generated 1323 bytes in 3 msecs (HTTP/1.1 300) 3 headers in 106 bytes (1 switches on core 0)
Jun 03 15:25:23 ubuntu devstack@g-api.service[124427]: DEBUG glance.api.middleware.version_negotiation [None req-e4d2bc14-6039-4c7e-a87d-af24d9667614 admin admin] Determining version of request: GET /v2/images/c8354534-a2e8-47f5-be5e-b753854ef3f3 Accept: */* {{(pid=124427) process_request /opt/stack/glance/glance/api/middleware/version_negotiation.py:44}}
Jun 03 15:25:23 ubuntu devstack@g-api.service[124427]: DEBUG glance.api.middleware.version_negotiation [None req-e4d2bc14-6039-4c7e-a87d-af24d9667614 admin admin] Using url versioning {{(pid=124427) process_request /opt/stack/glance/glance/api/middleware/version_negotiation.py:57}}
Jun 03 15:25:23 ubuntu devstack@g-api.service[124427]: DEBUG glance.api.middleware.version_negotiation [None req-e4d2bc14-6039-4c7e-a87d-af24d9667614 admin admin] Matched version: v2 {{(pid=124427) process_request /opt/stack/glance/glance/api/middleware/version_negotiation.py:69}}
Jun 03 15:25:23 ubuntu devstack@g-api.service[124427]: DEBUG glance.api.middleware.version_negotiation [None req-e4d2bc14-6039-4c7e-a87d-af24d9667614 admin admin] new path /v2/images/c8354534-a2e8-47f5-be5e-b753854ef3f3 {{(pid=124427) process_request /opt/stack/glance/glance/api/middleware/version_negotiation.py:70}}
Jun 03 15:25:23 ubuntu devstack@g-api.service[124427]: WARNING keystonemiddleware.auth_token [None req-e4d2bc14-6039-4c7e-a87d-af24d9667614 admin admin] A valid token was submitted as a service token, but it was not a valid service token. This is incorrect but backwards compatible behaviour. This will be removed in future releases.
Jun 03 15:25:23 ubuntu devstack@g-api.service[124427]: [pid: 124427|app: 0|req: 9/19] 127.0.0.1 () {42 vars in 1049 bytes} [Fri Jun  3 15:25:23 2022] GET /v2/images/c8354534-a2e8-47f5-be5e-b753854ef3f3 => generated 976 bytes in 103 msecs (HTTP/1.1 200) 4 headers in 157 bytes (1 switches on core 0)
Jun 03 15:25:23 ubuntu devstack@g-api.service[124425]: DEBUG glance.api.middleware.version_negotiation [None req-aeb20aea-8d0c-436f-b9a0-ac9bdd4804d5 admin admin] Determining version of request: GET /v2/schemas/image Accept: */* {{(pid=124425) process_request /opt/stack/glance/glance/api/middleware/version_negotiation.py:44}}
Jun 03 15:25:23 ubuntu devstack@g-api.service[124425]: DEBUG glance.api.middleware.version_negotiation [None req-aeb20aea-8d0c-436f-b9a0-ac9bdd4804d5 admin admin] Using url versioning {{(pid=124425) process_request /opt/stack/glance/glance/api/middleware/version_negotiation.py:57}}
Jun 03 15:25:23 ubuntu devstack@g-api.service[124425]: DEBUG glance.api.middleware.version_negotiation [None req-aeb20aea-8d0c-436f-b9a0-ac9bdd4804d5 admin admin] Matched version: v2 {{(pid=124425) process_request /opt/stack/glance/glance/api/middleware/version_negotiation.py:69}}
Jun 03 15:25:23 ubuntu devstack@g-api.service[124425]: DEBUG glance.api.middleware.version_negotiation [None req-aeb20aea-8d0c-436f-b9a0-ac9bdd4804d5 admin admin] new path /v2/schemas/image {{(pid=124425) process_request /opt/stack/glance/glance/api/middleware/version_negotiation.py:70}}
Jun 03 15:25:23 ubuntu devstack@g-api.service[124425]: WARNING keystonemiddleware.auth_token [None req-aeb20aea-8d0c-436f-b9a0-ac9bdd4804d5 admin admin] A valid token was submitted as a service token, but it was not a valid service token. This is incorrect but backwards compatible behaviour. This will be removed in future releases.
Jun 03 15:25:23 ubuntu devstack@g-api.service[124425]: [pid: 124425|app: 0|req: 11/20] 127.0.0.1 () {42 vars in 989 bytes} [Fri Jun  3 15:25:23 2022] GET /v2/schemas/image => generated 6083 bytes in 9 msecs (HTTP/1.1 200) 4 headers in 158 bytes (1 switches on core 0)
Jun 03 15:25:25 ubuntu devstack@g-api.service[124427]: DEBUG glance.api.middleware.version_negotiation [None req-fc9fce0b-906c-4ed8-9d06-bfb743240355 tempest-VolumesAdminNegativeTest-358353213 tempest-VolumesAdminNegativeTest-358353213-project] Determining version of request: GET /v2/images/c8354534-a2e8-47f5-be5e-b753854ef3f3 Accept: */* {{(pid=124427) process_request /opt/stack/glance/glance/api/middleware/version_negotiation.py:44}}
Jun 03 15:25:25 ubuntu devstack@g-api.service[124427]: DEBUG glance.api.middleware.version_negotiation [None req-fc9fce0b-906c-4ed8-9d06-bfb743240355 tempest-VolumesAdminNegativeTest-358353213 tempest-VolumesAdminNegativeTest-358353213-project] Using url versioning {{(pid=124427) process_request /opt/stack/glance/glance/api/middleware/version_negotiation.py:57}}
Jun 03 15:25:25 ubuntu devstack@g-api.service[124427]: DEBUG glance.api.middleware.version_negotiation [None req-fc9fce0b-906c-4ed8-9d06-bfb743240355 tempest-VolumesAdminNegativeTest-358353213 tempest-VolumesAdminNegativeTest-358353213-project] Matched version: v2 {{(pid=124427) process_request /opt/stack/glance/glance/api/middleware/version_negotiation.py:69}}
Jun 03 15:25:25 ubuntu devstack@g-api.service[124427]: DEBUG glance.api.middleware.version_negotiation [None req-fc9fce0b-906c-4ed8-9d06-bfb743240355 tempest-VolumesAdminNegativeTest-358353213 tempest-VolumesAdminNegativeTest-358353213-project] new path /v2/images/c8354534-a2e8-47f5-be5e-b753854ef3f3 {{(pid=124427) process_request /opt/stack/glance/glance/api/middleware/version_negotiation.py:70}}
Jun 03 15:25:25 ubuntu devstack@g-api.service[124427]: [pid: 124427|app: 0|req: 10/21] 127.0.0.1 () {42 vars in 1049 bytes} [Fri Jun  3 15:25:25 2022] GET /v2/images/c8354534-a2e8-47f5-be5e-b753854ef3f3 => generated 976 bytes in 20 msecs (HTTP/1.1 200) 4 headers in 157 bytes (1 switches on core 0)
Jun 03 15:25:25 ubuntu devstack@g-api.service[124425]: DEBUG glance.api.middleware.version_negotiation [None req-fc9fce0b-906c-4ed8-9d06-bfb743240355 tempest-VolumesAdminNegativeTest-358353213 tempest-VolumesAdminNegativeTest-358353213-project] Determining version of request: GET /v2/images/c8354534-a2e8-47f5-be5e-b753854ef3f3/file Accept: */* {{(pid=124425) process_request /opt/stack/glance/glance/api/middleware/version_negotiation.py:44}}
Jun 03 15:25:25 ubuntu devstack@g-api.service[124425]: DEBUG glance.api.middleware.version_negotiation [None req-fc9fce0b-906c-4ed8-9d06-bfb743240355 tempest-VolumesAdminNegativeTest-358353213 tempest-VolumesAdminNegativeTest-358353213-project] Using url versioning {{(pid=124425) process_request /opt/stack/glance/glance/api/middleware/version_negotiation.py:57}}
Jun 03 15:25:25 ubuntu devstack@g-api.service[124425]: DEBUG glance.api.middleware.version_negotiation [None req-fc9fce0b-906c-4ed8-9d06-bfb743240355 tempest-VolumesAdminNegativeTest-358353213 tempest-VolumesAdminNegativeTest-358353213-project] Matched version: v2 {{(pid=124425) process_request /opt/stack/glance/glance/api/middleware/version_negotiation.py:69}}
Jun 03 15:25:25 ubuntu devstack@g-api.service[124425]: DEBUG glance.api.middleware.version_negotiation [None req-fc9fce0b-906c-4ed8-9d06-bfb743240355 tempest-VolumesAdminNegativeTest-358353213 tempest-VolumesAdminNegativeTest-358353213-project] new path /v2/images/c8354534-a2e8-47f5-be5e-b753854ef3f3/file {{(pid=124425) process_request /opt/stack/glance/glance/api/middleware/version_negotiation.py:70}}
Jun 03 15:25:25 ubuntu devstack@g-api.service[124425]: DEBUG glance_store.backend [None req-fc9fce0b-906c-4ed8-9d06-bfb743240355 tempest-VolumesAdminNegativeTest-358353213 tempest-VolumesAdminNegativeTest-358353213-project] Attempting to import store swift {{(pid=124425) _load_store /usr/local/lib/python3.8/dist-packages/glance_store/backend.py:217}}
Jun 03 15:25:25 ubuntu devstack@g-api.service[124425]: DEBUG glance_store.capabilities [None req-fc9fce0b-906c-4ed8-9d06-bfb743240355 tempest-VolumesAdminNegativeTest-358353213 tempest-VolumesAdminNegativeTest-358353213-project] Store glance_store._drivers.swift.store.SingleTenantStore doesn't support updating dynamic storage capabilities. Please overwrite 'update_capabilities' method of the store to implement updating logics if needed. {{(pid=124425) update_capabilities /usr/local/lib/python3.8/dist-packages/glance_store/capabilities.py:91}}
Jun 03 15:25:25 ubuntu devstack@g-api.service[124425]: DEBUG glance_store.driver [None req-fc9fce0b-906c-4ed8-9d06-bfb743240355 tempest-VolumesAdminNegativeTest-358353213 tempest-VolumesAdminNegativeTest-358353213-project] Late loading location class glance_store._drivers.swift.store.StoreLocation {{(pid=124425) get_store_location_class /usr/local/lib/python3.8/dist-packages/glance_store/driver.py:117}}
Jun 03 15:25:25 ubuntu devstack@g-api.service[124425]: DEBUG glance_store.location [None req-fc9fce0b-906c-4ed8-9d06-bfb743240355 tempest-VolumesAdminNegativeTest-358353213 tempest-VolumesAdminNegativeTest-358353213-project] Registering scheme swift+https with {'store': <glance_store._drivers.swift.store.SingleTenantStore object at 0x7f72dbe35460>, 'location_class': <class 'glance_store._drivers.swift.store.StoreLocation'>, 'store_entry': 'swift'} {{(pid=124425) register_scheme_map /usr/local/lib/python3.8/dist-packages/glance_store/location.py:146}}
Jun 03 15:25:25 ubuntu devstack@g-api.service[124425]: DEBUG glance_store.location [None req-fc9fce0b-906c-4ed8-9d06-bfb743240355 tempest-VolumesAdminNegativeTest-358353213 tempest-VolumesAdminNegativeTest-358353213-project] Registering scheme swift+https with {'store': <glance_store._drivers.swift.store.SingleTenantStore object at 0x7f72dbe35460>, 'location_class': <class 'glance_store._drivers.swift.store.StoreLocation'>, 'store_entry': 'swift'} {{(pid=124425) register_scheme_map /usr/local/lib/python3.8/dist-packages/glance_store/location.py:146}}
Jun 03 15:25:25 ubuntu devstack@g-api.service[124425]: DEBUG glance_store.location [None req-fc9fce0b-906c-4ed8-9d06-bfb743240355 tempest-VolumesAdminNegativeTest-358353213 tempest-VolumesAdminNegativeTest-358353213-project] Registering scheme swift with {'store': <glance_store._drivers.swift.store.SingleTenantStore object at 0x7f72dbe35460>, 'location_class': <class 'glance_store._drivers.swift.store.StoreLocation'>, 'store_entry': 'swift'} {{(pid=124425) register_scheme_map /usr/local/lib/python3.8/dist-packages/glance_store/location.py:146}}
Jun 03 15:25:25 ubuntu devstack@g-api.service[124425]: DEBUG glance_store.location [None req-fc9fce0b-906c-4ed8-9d06-bfb743240355 tempest-VolumesAdminNegativeTest-358353213 tempest-VolumesAdminNegativeTest-358353213-project] Registering scheme swift+https with {'store': <glance_store._drivers.swift.store.SingleTenantStore object at 0x7f72dbe35460>, 'location_class': <class 'glance_store._drivers.swift.store.StoreLocation'>, 'store_entry': 'swift'} {{(pid=124425) register_scheme_map /usr/local/lib/python3.8/dist-packages/glance_store/location.py:146}}
Jun 03 15:25:25 ubuntu devstack@g-api.service[124425]: DEBUG glance_store.location [None req-fc9fce0b-906c-4ed8-9d06-bfb743240355 tempest-VolumesAdminNegativeTest-358353213 tempest-VolumesAdminNegativeTest-358353213-project] Registering scheme swift with {'store': <glance_store._drivers.swift.store.SingleTenantStore object at 0x7f72dbe35460>, 'location_class': <class 'glance_store._drivers.swift.store.StoreLocation'>, 'store_entry': 'swift'} {{(pid=124425) register_scheme_map /usr/local/lib/python3.8/dist-packages/glance_store/location.py:146}}
Jun 03 15:25:25 ubuntu devstack@g-api.service[124425]: DEBUG glance_store.location [None req-fc9fce0b-906c-4ed8-9d06-bfb743240355 tempest-VolumesAdminNegativeTest-358353213 tempest-VolumesAdminNegativeTest-358353213-project] Registering scheme swift+http with {'store': <glance_store._drivers.swift.store.SingleTenantStore object at 0x7f72dbe35460>, 'location_class': <class 'glance_store._drivers.swift.store.StoreLocation'>, 'store_entry': 'swift'} {{(pid=124425) register_scheme_map /usr/local/lib/python3.8/dist-packages/glance_store/location.py:146}}
Jun 03 15:25:25 ubuntu devstack@g-api.service[124425]: DEBUG glance_store.location [None req-fc9fce0b-906c-4ed8-9d06-bfb743240355 tempest-VolumesAdminNegativeTest-358353213 tempest-VolumesAdminNegativeTest-358353213-project] Registering scheme swift+https with {'store': <glance_store._drivers.swift.store.SingleTenantStore object at 0x7f72dbe35460>, 'location_class': <class 'glance_store._drivers.swift.store.StoreLocation'>, 'store_entry': 'swift'} {{(pid=124425) register_scheme_map /usr/local/lib/python3.8/dist-packages/glance_store/location.py:146}}
Jun 03 15:25:25 ubuntu devstack@g-api.service[124425]: DEBUG glance_store.location [None req-fc9fce0b-906c-4ed8-9d06-bfb743240355 tempest-VolumesAdminNegativeTest-358353213 tempest-VolumesAdminNegativeTest-358353213-project] Registering scheme swift with {'store': <glance_store._drivers.swift.store.SingleTenantStore object at 0x7f72dbe35460>, 'location_class': <class 'glance_store._drivers.swift.store.StoreLocation'>, 'store_entry': 'swift'} {{(pid=124425) register_scheme_map /usr/local/lib/python3.8/dist-packages/glance_store/location.py:146}}
Jun 03 15:25:25 ubuntu devstack@g-api.service[124425]: DEBUG glance_store.location [None req-fc9fce0b-906c-4ed8-9d06-bfb743240355 tempest-VolumesAdminNegativeTest-358353213 tempest-VolumesAdminNegativeTest-358353213-project] Registering scheme swift+http with {'store': <glance_store._drivers.swift.store.SingleTenantStore object at 0x7f72dbe35460>, 'location_class': <class 'glance_store._drivers.swift.store.StoreLocation'>, 'store_entry': 'swift'} {{(pid=124425) register_scheme_map /usr/local/lib/python3.8/dist-packages/glance_store/location.py:146}}
Jun 03 15:25:25 ubuntu devstack@g-api.service[124425]: DEBUG glance_store.location [None req-fc9fce0b-906c-4ed8-9d06-bfb743240355 tempest-VolumesAdminNegativeTest-358353213 tempest-VolumesAdminNegativeTest-358353213-project] Registering scheme swift+config with {'store': <glance_store._drivers.swift.store.SingleTenantStore object at 0x7f72dbe35460>, 'location_class': <class 'glance_store._drivers.swift.store.StoreLocation'>, 'store_entry': 'swift'} {{(pid=124425) register_scheme_map /usr/local/lib/python3.8/dist-packages/glance_store/location.py:146}}
Jun 03 15:25:26 ubuntu devstack@g-api.service[124425]: DEBUG swiftclient [None req-fc9fce0b-906c-4ed8-9d06-bfb743240355 tempest-VolumesAdminNegativeTest-358353213 tempest-VolumesAdminNegativeTest-358353213-project] REQ: curl -i http://192.168.79.37:8080/v1/AUTH_f18db89d857149439de3677e53225d7d/glance/c8354534-a2e8-47f5-be5e-b753854ef3f3 -X GET -H "X-Auth-Token: gAAAAABimifm0CRA..." {{(pid=124425) http_log /usr/local/lib/python3.8/dist-packages/swiftclient/client.py:157}}
Jun 03 15:25:26 ubuntu devstack@g-api.service[124425]: DEBUG swiftclient [None req-fc9fce0b-906c-4ed8-9d06-bfb743240355 tempest-VolumesAdminNegativeTest-358353213 tempest-VolumesAdminNegativeTest-358353213-project] RESP STATUS: 200 OK {{(pid=124425) http_log /usr/local/lib/python3.8/dist-packages/swiftclient/client.py:158}}
Jun 03 15:25:26 ubuntu devstack@g-api.service[124425]: DEBUG swiftclient [None req-fc9fce0b-906c-4ed8-9d06-bfb743240355 tempest-VolumesAdminNegativeTest-358353213 tempest-VolumesAdminNegativeTest-358353213-project] RESP HEADERS: {'Content-Type': 'application/octet-stream', 'Etag': '1d3062cd89af34e419f7100277f38b2b', 'Last-Modified': 'Fri, 03 Jun 2022 15:19:33 GMT', 'X-Timestamp': '1654269572.21028', 'Accept-Ranges': 'bytes', 'Content-Length': '16338944', 'X-Trans-Id': 'tx33323cd45deb43f3877ec-00629a27e6', 'X-Openstack-Request-Id': 'tx33323cd45deb43f3877ec-00629a27e6', 'Date': 'Fri, 03 Jun 2022 15:25:26 GMT'} {{(pid=124425) http_log /usr/local/lib/python3.8/dist-packages/swiftclient/client.py:159}}
Jun 03 15:25:26 ubuntu devstack@g-api.service[124425]: DEBUG glance.image_cache [None req-fc9fce0b-906c-4ed8-9d06-bfb743240355 tempest-VolumesAdminNegativeTest-358353213 tempest-VolumesAdminNegativeTest-358353213-project] Tee'ing image 'c8354534-a2e8-47f5-be5e-b753854ef3f3' into cache {{(pid=124425) get_caching_iter /opt/stack/glance/glance/image_cache/__init__.py:343}}
Jun 03 15:25:26 ubuntu devstack@g-api.service[124425]: DEBUG glance.image_cache.drivers.sqlite [None req-fc9fce0b-906c-4ed8-9d06-bfb743240355 tempest-VolumesAdminNegativeTest-358353213 tempest-VolumesAdminNegativeTest-358353213-project] Fetch finished, moving '/opt/stack/data/glance/cache/incomplete/c8354534-a2e8-47f5-be5e-b753854ef3f3' to '/opt/stack/data/glance/cache/c8354534-a2e8-47f5-be5e-b753854ef3f3' {{(pid=124425) commit /opt/stack/glance/glance/image_cache/drivers/sqlite.py:324}}
Jun 03 15:25:26 ubuntu devstack@g-api.service[124425]: [pid: 124425|app: 0|req: 12/22] 127.0.0.1 () {42 vars in 1059 bytes} [Fri Jun  3 15:25:25 2022] GET /v2/images/c8354534-a2e8-47f5-be5e-b753854ef3f3/file => generated 16338944 bytes in 405 msecs (HTTP/1.1 200) 4 headers in 191 bytes (250 switches on core 0)
Jun 03 15:25:35 ubuntu devstack@g-api.service[124427]: DEBUG dbcounter [-] [124427] Writing DB stats glance:SELECT=8 {{(pid=124427) stat_writer /usr/local/lib/python3.8/dist-packages/dbcounter.py:114}}
Jun 03 15:25:36 ubuntu devstack@g-api.service[124425]: DEBUG dbcounter [-] [124425] Writing DB stats glance:SELECT=8 {{(pid=124425) stat_writer /usr/local/lib/python3.8/dist-packages/dbcounter.py:114}}
Jun 03 15:25:39 ubuntu devstack@g-api.service[124427]: DEBUG glance.api.middleware.version_negotiation [None req-fc9fce0b-906c-4ed8-9d06-bfb743240355 tempest-VolumesAdminNegativeTest-358353213 tempest-VolumesAdminNegativeTest-358353213-project] Determining version of request: GET / Accept: application/json {{(pid=124427) process_request /opt/stack/glance/glance/api/middleware/version_negotiation.py:44}}
Jun 03 15:25:39 ubuntu devstack@g-api.service[124427]: DEBUG glance.api.middleware.version_negotiation [None req-fc9fce0b-906c-4ed8-9d06-bfb743240355 tempest-VolumesAdminNegativeTest-358353213 tempest-VolumesAdminNegativeTest-358353213-project] Using url versioning {{(pid=124427) process_request /opt/stack/glance/glance/api/middleware/version_negotiation.py:57}}
Jun 03 15:25:39 ubuntu devstack@g-api.service[124427]: DEBUG glance.api.middleware.version_negotiation [None req-fc9fce0b-906c-4ed8-9d06-bfb743240355 tempest-VolumesAdminNegativeTest-358353213 tempest-VolumesAdminNegativeTest-358353213-project] Unknown version. Returning version choices. {{(pid=124427) process_request /opt/stack/glance/glance/api/middleware/version_negotiation.py:64}}
Jun 03 15:25:39 ubuntu devstack@g-api.service[124427]: [pid: 124427|app: 0|req: 11/23] 127.0.0.1 () {34 vars in 492 bytes} [Fri Jun  3 15:25:39 2022] GET / => generated 1323 bytes in 4 msecs (HTTP/1.1 300) 3 headers in 106 bytes (1 switches on core 0)
Jun 03 15:25:39 ubuntu devstack@g-api.service[124425]: DEBUG glance.api.middleware.version_negotiation [None req-fc9fce0b-906c-4ed8-9d06-bfb743240355 tempest-VolumesAdminNegativeTest-358353213 tempest-VolumesAdminNegativeTest-358353213-project] Determining version of request: GET /v2/images/c8354534-a2e8-47f5-be5e-b753854ef3f3 Accept: */* {{(pid=124425) process_request /opt/stack/glance/glance/api/middleware/version_negotiation.py:44}}
Jun 03 15:25:39 ubuntu devstack@g-api.service[124425]: DEBUG glance.api.middleware.version_negotiation [None req-fc9fce0b-906c-4ed8-9d06-bfb743240355 tempest-VolumesAdminNegativeTest-358353213 tempest-VolumesAdminNegativeTest-358353213-project] Using url versioning {{(pid=124425) process_request /opt/stack/glance/glance/api/middleware/version_negotiation.py:57}}
Jun 03 15:25:39 ubuntu devstack@g-api.service[124425]: DEBUG glance.api.middleware.version_negotiation [None req-fc9fce0b-906c-4ed8-9d06-bfb743240355 tempest-VolumesAdminNegativeTest-358353213 tempest-VolumesAdminNegativeTest-358353213-project] Matched version: v2 {{(pid=124425) process_request /opt/stack/glance/glance/api/middleware/version_negotiation.py:69}}
Jun 03 15:25:39 ubuntu devstack@g-api.service[124425]: DEBUG glance.api.middleware.version_negotiation [None req-fc9fce0b-906c-4ed8-9d06-bfb743240355 tempest-VolumesAdminNegativeTest-358353213 tempest-VolumesAdminNegativeTest-358353213-project] new path /v2/images/c8354534-a2e8-47f5-be5e-b753854ef3f3 {{(pid=124425) process_request /opt/stack/glance/glance/api/middleware/version_negotiation.py:70}}
Jun 03 15:25:39 ubuntu devstack@g-api.service[124425]: [pid: 124425|app: 0|req: 13/24] 127.0.0.1 () {42 vars in 1049 bytes} [Fri Jun  3 15:25:39 2022] GET /v2/images/c8354534-a2e8-47f5-be5e-b753854ef3f3 => generated 976 bytes in 18 msecs (HTTP/1.1 200) 4 headers in 157 bytes (1 switches on core 0)
Jun 03 15:25:39 ubuntu devstack@g-api.service[124427]: DEBUG glance.api.middleware.version_negotiation [None req-fc9fce0b-906c-4ed8-9d06-bfb743240355 tempest-VolumesAdminNegativeTest-358353213 tempest-VolumesAdminNegativeTest-358353213-project] Determining version of request: GET /v2/schemas/image Accept: */* {{(pid=124427) process_request /opt/stack/glance/glance/api/middleware/version_negotiation.py:44}}
Jun 03 15:25:39 ubuntu devstack@g-api.service[124427]: DEBUG glance.api.middleware.version_negotiation [None req-fc9fce0b-906c-4ed8-9d06-bfb743240355 tempest-VolumesAdminNegativeTest-358353213 tempest-VolumesAdminNegativeTest-358353213-project] Using url versioning {{(pid=124427) process_request /opt/stack/glance/glance/api/middleware/version_negotiation.py:57}}
Jun 03 15:25:39 ubuntu devstack@g-api.service[124427]: DEBUG glance.api.middleware.version_negotiation [None req-fc9fce0b-906c-4ed8-9d06-bfb743240355 tempest-VolumesAdminNegativeTest-358353213 tempest-VolumesAdminNegativeTest-358353213-project] Matched version: v2 {{(pid=124427) process_request /opt/stack/glance/glance/api/middleware/version_negotiation.py:69}}
Jun 03 15:25:39 ubuntu devstack@g-api.service[124427]: DEBUG glance.api.middleware.version_negotiation [None req-fc9fce0b-906c-4ed8-9d06-bfb743240355 tempest-VolumesAdminNegativeTest-358353213 tempest-VolumesAdminNegativeTest-358353213-project] new path /v2/schemas/image {{(pid=124427) process_request /opt/stack/glance/glance/api/middleware/version_negotiation.py:70}}
Jun 03 15:25:39 ubuntu devstack@g-api.service[124427]: [pid: 124427|app: 0|req: 12/25] 127.0.0.1 () {42 vars in 989 bytes} [Fri Jun  3 15:25:39 2022] GET /v2/schemas/image => generated 6083 bytes in 8 msecs (HTTP/1.1 200) 4 headers in 158 bytes (1 switches on core 0)
Jun 03 15:25:49 ubuntu devstack@g-api.service[124425]: DEBUG dbcounter [-] [124425] Writing DB stats glance:SELECT=4 {{(pid=124425) stat_writer /usr/local/lib/python3.8/dist-packages/dbcounter.py:114}}
Jun 03 15:25:56 ubuntu devstack@g-api.service[124425]: DEBUG glance.api.middleware.version_negotiation [None req-6f3aba3b-c48c-44a0-939b-e60bda7603f6 tempest-VolumesAdminNegativeTest-358353213 tempest-VolumesAdminNegativeTest-358353213-project] Determining version of request: GET /v2/images/c8354534-a2e8-47f5-be5e-b753854ef3f3 Accept: */* {{(pid=124425) process_request /opt/stack/glance/glance/api/middleware/version_negotiation.py:44}}
