Apr 11 18:05:52 ubuntu neutron-server[110052]: DEBUG neutron.api.extensions [None req-66b39c07-f8e3-4b88-a0af-12eb665a77c1 None None] Loading extension file: vlantransparent.py {{(pid=110052) _load_all_extensions_from_path /opt/stack/neutron/neutron/api/extensions.py:450}}
Apr 11 18:05:52 ubuntu neutron-server[110052]: DEBUG neutron.api.extensions [None req-66b39c07-f8e3-4b88-a0af-12eb665a77c1 None None] Ext name="Vlantransparent" alias="vlan-transparent" description="Provides Vlan Transparent Networks" updated="2015-03-23T09:00:00-00:00" {{(pid=110052) _check_extension /opt/stack/neutron/neutron/api/extensions.py:416}}
Apr 11 18:05:52 ubuntu neutron-server[110052]: INFO neutron.api.extensions [None req-66b39c07-f8e3-4b88-a0af-12eb665a77c1 None None] Extension vlan-transparent not supported by any of loaded plugins
Apr 11 18:05:52 ubuntu neutron-server[110052]: INFO neutron.quota.resource_registry [None req-66b39c07-f8e3-4b88-a0af-12eb665a77c1 None None] Creating instance of TrackedResource for resource:network
Apr 11 18:05:52 ubuntu neutron-server[110052]: INFO neutron.quota.resource_registry [None req-66b39c07-f8e3-4b88-a0af-12eb665a77c1 None None] Creating instance of TrackedResource for resource:subnet
Apr 11 18:05:52 ubuntu neutron-server[110052]: INFO neutron.quota.resource_registry [None req-66b39c07-f8e3-4b88-a0af-12eb665a77c1 None None] Creating instance of TrackedResource for resource:subnetpool
Apr 11 18:05:52 ubuntu neutron-server[110052]: INFO neutron.quota.resource_registry [None req-66b39c07-f8e3-4b88-a0af-12eb665a77c1 None None] Creating instance of TrackedResource for resource:port
Apr 11 18:05:52 ubuntu neutron-server[110052]: DEBUG neutron.api.v2.resource_helper [None req-66b39c07-f8e3-4b88-a0af-12eb665a77c1 None None] Service FLAVORS assigned prefix:  {{(pid=110052) build_resource_info /opt/stack/neutron/neutron/api/v2/resource_helper.py:77}}
Apr 11 18:05:52 ubuntu neutron-server[110052]: DEBUG neutron.api.v2.resource_helper [None req-66b39c07-f8e3-4b88-a0af-12eb665a77c1 None None] Service L3_ROUTER_NAT assigned prefix:  {{(pid=110052) build_resource_info /opt/stack/neutron/neutron/api/v2/resource_helper.py:77}}
Apr 11 18:05:52 ubuntu neutron-server[110052]: DEBUG neutron.api.v2.resource_helper [None req-66b39c07-f8e3-4b88-a0af-12eb665a77c1 None None] Service L3_ROUTER_NAT assigned prefix:  {{(pid=110052) build_resource_info /opt/stack/neutron/neutron/api/v2/resource_helper.py:77}}
Apr 11 18:05:52 ubuntu neutron-server[110052]: INFO neutron.quota.resource_registry [None req-66b39c07-f8e3-4b88-a0af-12eb665a77c1 None None] Creating instance of TrackedResource for resource:router
Apr 11 18:05:52 ubuntu neutron-server[110052]: INFO neutron.quota.resource_registry [None req-66b39c07-f8e3-4b88-a0af-12eb665a77c1 None None] Creating instance of TrackedResource for resource:floatingip
Apr 11 18:05:52 ubuntu neutron-server[110052]: DEBUG neutron_lib.callbacks.manager [None req-66b39c07-f8e3-4b88-a0af-12eb665a77c1 None None] Subscribe: <bound method NeutronDbPluginV2.validate_network_rbac_policy_change of <neutron.services.network_ip_availability.plugin.NetworkIPAvailabilityPlugin object at 0x7fa5de76c430>> rbac-policy before_create 55550000 {{(pid=110052) subscribe /usr/local/lib/python3.8/dist-packages/neutron_lib/callbacks/manager.py:45}}
Apr 11 18:05:52 ubuntu neutron-server[110052]: DEBUG neutron_lib.callbacks.manager [None req-66b39c07-f8e3-4b88-a0af-12eb665a77c1 None None] Subscribe: <bound method NeutronDbPluginV2.validate_network_rbac_policy_change of <neutron.services.network_ip_availability.plugin.NetworkIPAvailabilityPlugin object at 0x7fa5de76c430>> rbac-policy before_update 55550000 {{(pid=110052) subscribe /usr/local/lib/python3.8/dist-packages/neutron_lib/callbacks/manager.py:45}}
Apr 11 18:05:52 ubuntu neutron-server[110052]: DEBUG neutron_lib.callbacks.manager [None req-66b39c07-f8e3-4b88-a0af-12eb665a77c1 None None] Subscribe: <bound method NeutronDbPluginV2.validate_network_rbac_policy_change of <neutron.services.network_ip_availability.plugin.NetworkIPAvailabilityPlugin object at 0x7fa5de76c430>> rbac-policy before_delete 55550000 {{(pid=110052) subscribe /usr/local/lib/python3.8/dist-packages/neutron_lib/callbacks/manager.py:45}}
Apr 11 18:05:52 ubuntu neutron-server[110052]: INFO neutron.quota.resource_registry [None req-66b39c07-f8e3-4b88-a0af-12eb665a77c1 None None] Creating instance of CountableResource for resource:rbac_policy
Apr 11 18:05:52 ubuntu neutron-server[110052]: INFO neutron.quota.resource_registry [None req-66b39c07-f8e3-4b88-a0af-12eb665a77c1 None None] Creating instance of TrackedResource for resource:security_group
Apr 11 18:05:52 ubuntu neutron-server[110052]: INFO neutron.quota.resource_registry [None req-66b39c07-f8e3-4b88-a0af-12eb665a77c1 None None] Creating instance of TrackedResource for resource:security_group_rule
Apr 11 18:05:52 ubuntu neutron-server[110052]: DEBUG neutron.api.v2.resource_helper [None req-66b39c07-f8e3-4b88-a0af-12eb665a77c1 None None] Service FLAVORS assigned prefix:  {{(pid=110052) build_resource_info /opt/stack/neutron/neutron/api/v2/resource_helper.py:77}}
Apr 11 18:05:52 ubuntu neutron-server[110052]: DEBUG neutron.api.v2.resource_helper [None req-66b39c07-f8e3-4b88-a0af-12eb665a77c1 None None] Service L3_ROUTER_NAT assigned prefix:  {{(pid=110052) build_resource_info /opt/stack/neutron/neutron/api/v2/resource_helper.py:77}}
Apr 11 18:05:52 ubuntu neutron-server[110052]: DEBUG neutron.api.v2.resource_helper [None req-66b39c07-f8e3-4b88-a0af-12eb665a77c1 None None] Service L3_ROUTER_NAT assigned prefix:  {{(pid=110052) build_resource_info /opt/stack/neutron/neutron/api/v2/resource_helper.py:77}}
Apr 11 18:05:52 ubuntu neutron-server[110052]: INFO neutron.quota.resource_registry [None req-66b39c07-f8e3-4b88-a0af-12eb665a77c1 None None] Creating instance of TrackedResource for resource:router
Apr 11 18:05:52 ubuntu neutron-server[110052]: WARNING neutron.quota.resource_registry [None req-66b39c07-f8e3-4b88-a0af-12eb665a77c1 None None] router is already registered
Apr 11 18:05:52 ubuntu neutron-server[110052]: INFO neutron.quota.resource_registry [None req-66b39c07-f8e3-4b88-a0af-12eb665a77c1 None None] Creating instance of TrackedResource for resource:floatingip
Apr 11 18:05:52 ubuntu neutron-server[110052]: WARNING neutron.quota.resource_registry [None req-66b39c07-f8e3-4b88-a0af-12eb665a77c1 None None] floatingip is already registered
Apr 11 18:05:52 ubuntu neutron-server[110052]: INFO neutron.quota.resource_registry [None req-66b39c07-f8e3-4b88-a0af-12eb665a77c1 None None] Creating instance of CountableResource for resource:rbac_policy
Apr 11 18:05:52 ubuntu neutron-server[110052]: WARNING neutron.quota.resource_registry [None req-66b39c07-f8e3-4b88-a0af-12eb665a77c1 None None] rbac_policy is already registered
Apr 11 18:05:52 ubuntu neutron-server[110052]: INFO neutron.quota.resource_registry [None req-66b39c07-f8e3-4b88-a0af-12eb665a77c1 None None] Creating instance of TrackedResource for resource:security_group
Apr 11 18:05:52 ubuntu neutron-server[110052]: WARNING neutron.quota.resource_registry [None req-66b39c07-f8e3-4b88-a0af-12eb665a77c1 None None] security_group is already registered
Apr 11 18:05:52 ubuntu neutron-server[110052]: INFO neutron.quota.resource_registry [None req-66b39c07-f8e3-4b88-a0af-12eb665a77c1 None None] Creating instance of TrackedResource for resource:security_group_rule
Apr 11 18:05:52 ubuntu neutron-server[110052]: WARNING neutron.quota.resource_registry [None req-66b39c07-f8e3-4b88-a0af-12eb665a77c1 None None] security_group_rule is already registered
Apr 11 18:05:52 ubuntu neutron-server[110052]: DEBUG neutron.api.extensions [None req-66b39c07-f8e3-4b88-a0af-12eb665a77c1 None None] Extended resource: extensions {{(pid=110052) __init__ /opt/stack/neutron/neutron/api/extensions.py:157}}
Apr 11 18:05:52 ubuntu neutron-server[110052]: DEBUG neutron.api.extensions [None req-66b39c07-f8e3-4b88-a0af-12eb665a77c1 None None] Extended resource: address-groups {{(pid=110052) __init__ /opt/stack/neutron/neutron/api/extensions.py:157}}
Apr 11 18:05:52 ubuntu neutron-server[110052]: DEBUG neutron.api.extensions [None req-66b39c07-f8e3-4b88-a0af-12eb665a77c1 None None] Extended resource: address-scopes {{(pid=110052) __init__ /opt/stack/neutron/neutron/api/extensions.py:157}}
Apr 11 18:05:52 ubuntu neutron-server[110052]: DEBUG neutron.api.extensions [None req-66b39c07-f8e3-4b88-a0af-12eb665a77c1 None None] Extended resource: agents {{(pid=110052) __init__ /opt/stack/neutron/neutron/api/extensions.py:157}}
Apr 11 18:05:52 ubuntu neutron-server[110052]: DEBUG neutron.api.extensions [None req-66b39c07-f8e3-4b88-a0af-12eb665a77c1 None None] Extended resource: auto-allocated-topology {{(pid=110052) __init__ /opt/stack/neutron/neutron/api/extensions.py:157}}
Apr 11 18:05:52 ubuntu neutron-server[110052]: DEBUG neutron.api.extensions [None req-66b39c07-f8e3-4b88-a0af-12eb665a77c1 None None] Extended resource: availability_zones {{(pid=110052) __init__ /opt/stack/neutron/neutron/api/extensions.py:157}}
Apr 11 18:05:52 ubuntu neutron-server[110052]: DEBUG neutron.api.extensions [None req-66b39c07-f8e3-4b88-a0af-12eb665a77c1 None None] Extended resource: flavors {{(pid=110052) __init__ /opt/stack/neutron/neutron/api/extensions.py:157}}
Apr 11 18:05:52 ubuntu neutron-server[110052]: DEBUG neutron.api.extensions [None req-66b39c07-f8e3-4b88-a0af-12eb665a77c1 None None] Extended resource: service_profiles {{(pid=110052) __init__ /opt/stack/neutron/neutron/api/extensions.py:157}}
Apr 11 18:05:52 ubuntu neutron-server[110052]: DEBUG neutron.api.extensions [None req-66b39c07-f8e3-4b88-a0af-12eb665a77c1 None None] Extended resource: next_providers {{(pid=110052) __init__ /opt/stack/neutron/neutron/api/extensions.py:157}}
Apr 11 18:05:52 ubuntu neutron-server[110052]: DEBUG neutron.api.extensions [None req-66b39c07-f8e3-4b88-a0af-12eb665a77c1 None None] Extended resource: service_profiles {{(pid=110052) __init__ /opt/stack/neutron/neutron/api/extensions.py:157}}
Apr 11 18:05:52 ubuntu neutron-server[110052]: DEBUG neutron.api.extensions [None req-66b39c07-f8e3-4b88-a0af-12eb665a77c1 None None] Extended resource: floatingip-pools {{(pid=110052) __init__ /opt/stack/neutron/neutron/api/extensions.py:157}}
Apr 11 18:05:52 ubuntu neutron-server[110052]: DEBUG neutron.api.extensions [None req-66b39c07-f8e3-4b88-a0af-12eb665a77c1 None None] Extended resource: routers {{(pid=110052) __init__ /opt/stack/neutron/neutron/api/extensions.py:157}}
Apr 11 18:05:52 ubuntu neutron-server[110052]: DEBUG neutron.api.extensions [None req-66b39c07-f8e3-4b88-a0af-12eb665a77c1 None None] Extended resource: floatingips {{(pid=110052) __init__ /opt/stack/neutron/neutron/api/extensions.py:157}}
Apr 11 18:05:52 ubuntu neutron-server[110052]: DEBUG neutron.api.extensions [None req-66b39c07-f8e3-4b88-a0af-12eb665a77c1 None None] Extended resource: network-ip-availabilities {{(pid=110052) __init__ /opt/stack/neutron/neutron/api/extensions.py:157}}
Apr 11 18:05:52 ubuntu neutron-server[110052]: DEBUG neutron.api.extensions [None req-66b39c07-f8e3-4b88-a0af-12eb665a77c1 None None] Extended resource: bindings {{(pid=110052) __init__ /opt/stack/neutron/neutron/api/extensions.py:157}}
Apr 11 18:05:52 ubuntu neutron-server[110052]: DEBUG neutron.api.extensions [None req-66b39c07-f8e3-4b88-a0af-12eb665a77c1 None None] Extended resource: quotas {{(pid=110052) __init__ /opt/stack/neutron/neutron/api/extensions.py:157}}
Apr 11 18:05:52 ubuntu neutron-server[110052]: DEBUG neutron.api.extensions [None req-66b39c07-f8e3-4b88-a0af-12eb665a77c1 None None] Extended resource: quotas {{(pid=110052) __init__ /opt/stack/neutron/neutron/api/extensions.py:157}}
Apr 11 18:05:52 ubuntu neutron-server[110052]: DEBUG neutron.api.extensions [None req-66b39c07-f8e3-4b88-a0af-12eb665a77c1 None None] Extended resource: rbac-policies {{(pid=110052) __init__ /opt/stack/neutron/neutron/api/extensions.py:157}}
Apr 11 18:05:52 ubuntu neutron-server[110052]: DEBUG neutron.api.extensions [None req-66b39c07-f8e3-4b88-a0af-12eb665a77c1 None None] Extended resource: security-groups {{(pid=110052) __init__ /opt/stack/neutron/neutron/api/extensions.py:157}}
Apr 11 18:05:52 ubuntu neutron-server[110052]: DEBUG neutron.api.extensions [None req-66b39c07-f8e3-4b88-a0af-12eb665a77c1 None None] Extended resource: security-group-rules {{(pid=110052) __init__ /opt/stack/neutron/neutron/api/extensions.py:157}}
Apr 11 18:05:52 ubuntu neutron-server[110052]: DEBUG neutron.api.extensions [None req-66b39c07-f8e3-4b88-a0af-12eb665a77c1 None None] Extended resource: service-providers {{(pid=110052) __init__ /opt/stack/neutron/neutron/api/extensions.py:157}}
Apr 11 18:05:52 ubuntu neutron-server[110052]: DEBUG neutron.api.extensions [None req-66b39c07-f8e3-4b88-a0af-12eb665a77c1 None None] Extended resource: tags {{(pid=110052) __init__ /opt/stack/neutron/neutron/api/extensions.py:157}}
Apr 11 18:05:52 ubuntu neutron-server[110052]: DEBUG neutron.api.extensions [None req-66b39c07-f8e3-4b88-a0af-12eb665a77c1 None None] Extended resource: tags {{(pid=110052) __init__ /opt/stack/neutron/neutron/api/extensions.py:157}}
Apr 11 18:05:53 ubuntu neutron-server[110052]: DEBUG neutron.api.extensions [None req-66b39c07-f8e3-4b88-a0af-12eb665a77c1 None None] Extended resource: tags {{(pid=110052) __init__ /opt/stack/neutron/neutron/api/extensions.py:157}}
Apr 11 18:05:53 ubuntu neutron-server[110052]: DEBUG neutron.api.extensions [None req-66b39c07-f8e3-4b88-a0af-12eb665a77c1 None None] Extended resource: tags {{(pid=110052) __init__ /opt/stack/neutron/neutron/api/extensions.py:157}}
Apr 11 18:05:53 ubuntu neutron-server[110052]: DEBUG neutron.api.extensions [None req-66b39c07-f8e3-4b88-a0af-12eb665a77c1 None None] Extended resource: tags {{(pid=110052) __init__ /opt/stack/neutron/neutron/api/extensions.py:157}}
Apr 11 18:05:53 ubuntu neutron-server[110052]: DEBUG neutron.api.extensions [None req-66b39c07-f8e3-4b88-a0af-12eb665a77c1 None None] Extended resource: tags {{(pid=110052) __init__ /opt/stack/neutron/neutron/api/extensions.py:157}}
Apr 11 18:05:53 ubuntu neutron-server[110052]: DEBUG neutron.api.extensions [None req-66b39c07-f8e3-4b88-a0af-12eb665a77c1 None None] Extended resource: tags {{(pid=110052) __init__ /opt/stack/neutron/neutron/api/extensions.py:157}}
Apr 11 18:05:53 ubuntu neutron-server[110052]: DEBUG neutron.api.extensions [None req-66b39c07-f8e3-4b88-a0af-12eb665a77c1 None None] Extended resource: tags {{(pid=110052) __init__ /opt/stack/neutron/neutron/api/extensions.py:157}}
Apr 11 18:05:53 ubuntu neutron-server[110052]: DEBUG neutron.api.extensions [None req-66b39c07-f8e3-4b88-a0af-12eb665a77c1 None None] Extended resource: tags {{(pid=110052) __init__ /opt/stack/neutron/neutron/api/extensions.py:157}}
Apr 11 18:05:53 ubuntu neutron-server[110052]: DEBUG neutron.api.extensions [None req-66b39c07-f8e3-4b88-a0af-12eb665a77c1 None None] Extended resource: tags {{(pid=110052) __init__ /opt/stack/neutron/neutron/api/extensions.py:157}}
Apr 11 18:05:53 ubuntu neutron-server[110052]: WARNING keystonemiddleware.auth_token [None req-66b39c07-f8e3-4b88-a0af-12eb665a77c1 None None] AuthToken middleware is set with keystone_authtoken.service_token_roles_required set to False. This is backwards compatible but deprecated behaviour. Please set this to True.
Apr 11 18:05:53 ubuntu neutron-server[110052]: WARNING keystonemiddleware.auth_token [None req-66b39c07-f8e3-4b88-a0af-12eb665a77c1 None None] Configuring www_authenticate_uri to point to the public identity endpoint is required; clients may not be able to authenticate against an admin endpoint
Apr 11 18:05:53 ubuntu neutron-server[110052]: DEBUG oslo_concurrency.lockutils [None req-66b39c07-f8e3-4b88-a0af-12eb665a77c1 None None] Acquired lock "singleton_lock" {{(pid=110052) lock /usr/local/lib/python3.8/dist-packages/oslo_concurrency/lockutils.py:294}}
Apr 11 18:05:53 ubuntu neutron-server[110052]: DEBUG oslo_concurrency.lockutils [None req-66b39c07-f8e3-4b88-a0af-12eb665a77c1 None None] Releasing lock "singleton_lock" {{(pid=110052) lock /usr/local/lib/python3.8/dist-packages/oslo_concurrency/lockutils.py:312}}
Apr 11 18:05:53 ubuntu neutron-server[110052]: INFO oslo_service.service [None req-66b39c07-f8e3-4b88-a0af-12eb665a77c1 None None] Starting 2 workers
Apr 11 18:05:53 ubuntu neutron-server[110052]: DEBUG oslo_service.service [None req-66b39c07-f8e3-4b88-a0af-12eb665a77c1 None None] Started child 110265 {{(pid=110052) _start_child /usr/local/lib/python3.8/dist-packages/oslo_service/service.py:575}}
Apr 11 18:05:53 ubuntu neutron-server[110052]: DEBUG oslo_service.service [None req-66b39c07-f8e3-4b88-a0af-12eb665a77c1 None None] Started child 110266 {{(pid=110052) _start_child /usr/local/lib/python3.8/dist-packages/oslo_service/service.py:575}}
Apr 11 18:05:53 ubuntu neutron-server[110052]: INFO neutron.service [None req-66b39c07-f8e3-4b88-a0af-12eb665a77c1 None None] Neutron service started, listening on 0.0.0.0:9696
Apr 11 18:05:53 ubuntu neutron-server[110052]: DEBUG neutron_lib.callbacks.manager [None req-66b39c07-f8e3-4b88-a0af-12eb665a77c1 None None] Publish callbacks ['neutron.plugins.ml2.drivers.ovn.mech_driver.mech_driver.OVNMechanismDriver.pre_fork_initialize-489666'] for process (None), before_spawn {{(pid=110052) _notify_loop /usr/local/lib/python3.8/dist-packages/neutron_lib/callbacks/manager.py:176}}
Apr 11 18:05:53 ubuntu neutron-server[110265]: DEBUG neutron_lib.callbacks.manager [-] Publish callbacks ['neutron.plugins.ml2.drivers.ovn.mech_driver.mech_driver.OVNMechanismDriver.post_fork_initialize-489510'] for process (None), after_init {{(pid=110265) _notify_loop /usr/local/lib/python3.8/dist-packages/neutron_lib/callbacks/manager.py:176}}
Apr 11 18:05:53 ubuntu neutron-server[110266]: DEBUG neutron_lib.callbacks.manager [-] Publish callbacks ['neutron.plugins.ml2.drivers.ovn.mech_driver.mech_driver.OVNMechanismDriver.post_fork_initialize-489510'] for process (None), after_init {{(pid=110266) _notify_loop /usr/local/lib/python3.8/dist-packages/neutron_lib/callbacks/manager.py:176}}
Apr 11 18:05:53 ubuntu neutron-server[110052]: DEBUG ovsdbapp.backend.ovs_idl [None req-66b39c07-f8e3-4b88-a0af-12eb665a77c1 None None] Created schema index Port_Group.name {{(pid=110052) autocreate_indices /usr/local/lib/python3.8/dist-packages/ovsdbapp/backend/ovs_idl/__init__.py:126}}
Apr 11 18:05:53 ubuntu neutron-server[110052]: DEBUG ovsdbapp.backend.ovs_idl [None req-66b39c07-f8e3-4b88-a0af-12eb665a77c1 None None] Created schema index Logical_Switch_Port.name {{(pid=110052) autocreate_indices /usr/local/lib/python3.8/dist-packages/ovsdbapp/backend/ovs_idl/__init__.py:126}}
Apr 11 18:05:53 ubuntu neutron-server[110265]: INFO neutron.plugins.ml2.drivers.ovn.mech_driver.ovsdb.impl_idl_ovn [None req-52e363d4-87f3-4eed-bceb-9878a9e31cd2 None None] Getting OvsdbNbOvnIdl for WorkerService with retry
Apr 11 18:05:53 ubuntu neutron-server[110266]: INFO neutron.plugins.ml2.drivers.ovn.mech_driver.ovsdb.impl_idl_ovn [None req-74228406-1d44-4b3a-a1e8-a2db04915db1 None None] Getting OvsdbNbOvnIdl for WorkerService with retry
Apr 11 18:05:53 ubuntu neutron-server[110266]: DEBUG ovsdbapp.backend.ovs_idl [None req-74228406-1d44-4b3a-a1e8-a2db04915db1 None None] Created lookup_table index Logical_Switch.name {{(pid=110266) autocreate_indices /usr/local/lib/python3.8/dist-packages/ovsdbapp/backend/ovs_idl/__init__.py:107}}
Apr 11 18:05:53 ubuntu neutron-server[110266]: DEBUG ovsdbapp.backend.ovs_idl [None req-74228406-1d44-4b3a-a1e8-a2db04915db1 None None] Created lookup_table index Logical_Router.name {{(pid=110266) autocreate_indices /usr/local/lib/python3.8/dist-packages/ovsdbapp/backend/ovs_idl/__init__.py:107}}
Apr 11 18:05:53 ubuntu neutron-server[110266]: DEBUG ovsdbapp.backend.ovs_idl [None req-74228406-1d44-4b3a-a1e8-a2db04915db1 None None] Created lookup_table index Load_Balancer.name {{(pid=110266) autocreate_indices /usr/local/lib/python3.8/dist-packages/ovsdbapp/backend/ovs_idl/__init__.py:107}}
Apr 11 18:05:53 ubuntu neutron-server[110266]: DEBUG ovsdbapp.backend.ovs_idl [None req-74228406-1d44-4b3a-a1e8-a2db04915db1 None None] Created schema index Meter.name {{(pid=110266) autocreate_indices /usr/local/lib/python3.8/dist-packages/ovsdbapp/backend/ovs_idl/__init__.py:126}}
Apr 11 18:05:53 ubuntu neutron-server[110266]: DEBUG ovsdbapp.backend.ovs_idl [None req-74228406-1d44-4b3a-a1e8-a2db04915db1 None None] Created schema index Address_Set.name {{(pid=110266) autocreate_indices /usr/local/lib/python3.8/dist-packages/ovsdbapp/backend/ovs_idl/__init__.py:126}}
Apr 11 18:05:53 ubuntu neutron-server[110266]: DEBUG ovsdbapp.backend.ovs_idl [None req-74228406-1d44-4b3a-a1e8-a2db04915db1 None None] Created schema index HA_Chassis_Group.name {{(pid=110266) autocreate_indices /usr/local/lib/python3.8/dist-packages/ovsdbapp/backend/ovs_idl/__init__.py:126}}
Apr 11 18:05:53 ubuntu neutron-server[110266]: DEBUG ovsdbapp.backend.ovs_idl [None req-74228406-1d44-4b3a-a1e8-a2db04915db1 None None] Created schema index Connection.target {{(pid=110266) autocreate_indices /usr/local/lib/python3.8/dist-packages/ovsdbapp/backend/ovs_idl/__init__.py:126}}
Apr 11 18:05:53 ubuntu neutron-server[110265]: DEBUG ovsdbapp.backend.ovs_idl [None req-52e363d4-87f3-4eed-bceb-9878a9e31cd2 None None] Created lookup_table index Logical_Switch.name {{(pid=110265) autocreate_indices /usr/local/lib/python3.8/dist-packages/ovsdbapp/backend/ovs_idl/__init__.py:107}}
Apr 11 18:05:53 ubuntu neutron-server[110265]: DEBUG ovsdbapp.backend.ovs_idl [None req-52e363d4-87f3-4eed-bceb-9878a9e31cd2 None None] Created lookup_table index Logical_Router.name {{(pid=110265) autocreate_indices /usr/local/lib/python3.8/dist-packages/ovsdbapp/backend/ovs_idl/__init__.py:107}}
Apr 11 18:05:53 ubuntu neutron-server[110265]: DEBUG ovsdbapp.backend.ovs_idl [None req-52e363d4-87f3-4eed-bceb-9878a9e31cd2 None None] Created lookup_table index Load_Balancer.name {{(pid=110265) autocreate_indices /usr/local/lib/python3.8/dist-packages/ovsdbapp/backend/ovs_idl/__init__.py:107}}
Apr 11 18:05:53 ubuntu neutron-server[110265]: DEBUG ovsdbapp.backend.ovs_idl [None req-52e363d4-87f3-4eed-bceb-9878a9e31cd2 None None] Created schema index Meter.name {{(pid=110265) autocreate_indices /usr/local/lib/python3.8/dist-packages/ovsdbapp/backend/ovs_idl/__init__.py:126}}
Apr 11 18:05:53 ubuntu neutron-server[110265]: DEBUG ovsdbapp.backend.ovs_idl [None req-52e363d4-87f3-4eed-bceb-9878a9e31cd2 None None] Created schema index Address_Set.name {{(pid=110265) autocreate_indices /usr/local/lib/python3.8/dist-packages/ovsdbapp/backend/ovs_idl/__init__.py:126}}
Apr 11 18:05:53 ubuntu neutron-server[110265]: DEBUG ovsdbapp.backend.ovs_idl [None req-52e363d4-87f3-4eed-bceb-9878a9e31cd2 None None] Created schema index HA_Chassis_Group.name {{(pid=110265) autocreate_indices /usr/local/lib/python3.8/dist-packages/ovsdbapp/backend/ovs_idl/__init__.py:126}}
Apr 11 18:05:53 ubuntu neutron-server[110266]: DEBUG ovsdbapp.backend.ovs_idl [None req-74228406-1d44-4b3a-a1e8-a2db04915db1 None None] Created schema index Gateway_Chassis.name {{(pid=110266) autocreate_indices /usr/local/lib/python3.8/dist-packages/ovsdbapp/backend/ovs_idl/__init__.py:126}}
Apr 11 18:05:53 ubuntu neutron-server[110265]: DEBUG ovsdbapp.backend.ovs_idl [None req-52e363d4-87f3-4eed-bceb-9878a9e31cd2 None None] Created schema index Connection.target {{(pid=110265) autocreate_indices /usr/local/lib/python3.8/dist-packages/ovsdbapp/backend/ovs_idl/__init__.py:126}}
Apr 11 18:05:53 ubuntu neutron-server[110266]: DEBUG ovsdbapp.backend.ovs_idl [None req-74228406-1d44-4b3a-a1e8-a2db04915db1 None None] Created schema index Logical_Router_Port.name {{(pid=110266) autocreate_indices /usr/local/lib/python3.8/dist-packages/ovsdbapp/backend/ovs_idl/__init__.py:126}}
Apr 11 18:05:53 ubuntu neutron-server[110265]: DEBUG ovsdbapp.backend.ovs_idl [None req-52e363d4-87f3-4eed-bceb-9878a9e31cd2 None None] Created schema index Gateway_Chassis.name {{(pid=110265) autocreate_indices /usr/local/lib/python3.8/dist-packages/ovsdbapp/backend/ovs_idl/__init__.py:126}}
Apr 11 18:05:53 ubuntu neutron-server[110265]: DEBUG ovsdbapp.backend.ovs_idl [None req-52e363d4-87f3-4eed-bceb-9878a9e31cd2 None None] Created schema index Logical_Router_Port.name {{(pid=110265) autocreate_indices /usr/local/lib/python3.8/dist-packages/ovsdbapp/backend/ovs_idl/__init__.py:126}}
Apr 11 18:05:53 ubuntu neutron-server[110266]: DEBUG ovsdbapp.backend.ovs_idl [None req-74228406-1d44-4b3a-a1e8-a2db04915db1 None None] Created schema index Port_Group.name {{(pid=110266) autocreate_indices /usr/local/lib/python3.8/dist-packages/ovsdbapp/backend/ovs_idl/__init__.py:126}}
Apr 11 18:05:53 ubuntu neutron-server[110265]: DEBUG ovsdbapp.backend.ovs_idl [None req-52e363d4-87f3-4eed-bceb-9878a9e31cd2 None None] Created schema index Port_Group.name {{(pid=110265) autocreate_indices /usr/local/lib/python3.8/dist-packages/ovsdbapp/backend/ovs_idl/__init__.py:126}}
Apr 11 18:05:53 ubuntu neutron-server[110266]: DEBUG ovsdbapp.backend.ovs_idl [None req-74228406-1d44-4b3a-a1e8-a2db04915db1 None None] Created schema index Logical_Switch_Port.name {{(pid=110266) autocreate_indices /usr/local/lib/python3.8/dist-packages/ovsdbapp/backend/ovs_idl/__init__.py:126}}
Apr 11 18:05:53 ubuntu neutron-server[110265]: DEBUG ovsdbapp.backend.ovs_idl [None req-52e363d4-87f3-4eed-bceb-9878a9e31cd2 None None] Created schema index Logical_Switch_Port.name {{(pid=110265) autocreate_indices /usr/local/lib/python3.8/dist-packages/ovsdbapp/backend/ovs_idl/__init__.py:126}}
Apr 11 18:05:53 ubuntu neutron-server[110266]: INFO ovsdbapp.backend.ovs_idl.vlog [None req-74228406-1d44-4b3a-a1e8-a2db04915db1 None None] tcp:192.168.79.40:6641: connecting...
Apr 11 18:05:53 ubuntu neutron-server[110265]: INFO ovsdbapp.backend.ovs_idl.vlog [None req-52e363d4-87f3-4eed-bceb-9878a9e31cd2 None None] tcp:192.168.79.40:6641: connecting...
Apr 11 18:05:53 ubuntu neutron-server[110052]: DEBUG ovsdbapp.backend.ovs_idl.transaction [-] Running txn n=1 command(idx=0): PgAddCommand(name=neutron_pg_drop, may_exist=True, columns={'acls': []}) {{(pid=110052) do_commit /usr/local/lib/python3.8/dist-packages/ovsdbapp/backend/ovs_idl/transaction.py:90}}
Apr 11 18:05:53 ubuntu neutron-server[110266]: INFO ovsdbapp.backend.ovs_idl.vlog [None req-74228406-1d44-4b3a-a1e8-a2db04915db1 None None] tcp:192.168.79.40:6641: connected
Apr 11 18:05:53 ubuntu neutron-server[110265]: INFO ovsdbapp.backend.ovs_idl.vlog [None req-52e363d4-87f3-4eed-bceb-9878a9e31cd2 None None] tcp:192.168.79.40:6641: connected
Apr 11 18:05:53 ubuntu neutron-server[110052]: DEBUG ovsdbapp.backend.ovs_idl.transaction [-] Running txn n=1 command(idx=1): PgAclAddCommand(entity=neutron_pg_drop, direction=from-lport, priority=1001, match=inport == @neutron_pg_drop && ip, action=drop, log=False, may_exist=True, severity=[], name=[], meter=None, external_ids={}) {{(pid=110052) do_commit /usr/local/lib/python3.8/dist-packages/ovsdbapp/backend/ovs_idl/transaction.py:90}}
Apr 11 18:05:53 ubuntu neutron-server[110052]: DEBUG ovsdbapp.backend.ovs_idl.transaction [-] Running txn n=1 command(idx=2): PgAclAddCommand(entity=neutron_pg_drop, direction=to-lport, priority=1001, match=outport == @neutron_pg_drop && ip, action=drop, log=False, may_exist=True, severity=[], name=[], meter=None, external_ids={}) {{(pid=110052) do_commit /usr/local/lib/python3.8/dist-packages/ovsdbapp/backend/ovs_idl/transaction.py:90}}
Apr 11 18:05:53 ubuntu neutron-server[110052]: DEBUG ovsdbapp.backend.ovs_idl.event [-] Matched CREATE: NeutronPgDropPortGroupCreated(events=('create',), table='Port_Group', conditions=(('name', '=', 'neutron_pg_drop'),), old_conditions=None), priority=10 to row=Port_Group(name=neutron_pg_drop, ports=[], external_ids={}, acls=[<ovs.db.idl.Row object at 0x7fa5deaecbe0>, <ovs.db.idl.Row object at 0x7fa5deaf52b0>]) old= {{(pid=110052) matches /usr/local/lib/python3.8/dist-packages/ovsdbapp/backend/ovs_idl/event.py:43}}
Apr 11 18:05:53 ubuntu neutron-server[110052]: DEBUG ovsdbapp.backend.ovs_idl [None req-66b39c07-f8e3-4b88-a0af-12eb665a77c1 None None] Created lookup_table index Logical_Switch.name {{(pid=110052) autocreate_indices /usr/local/lib/python3.8/dist-packages/ovsdbapp/backend/ovs_idl/__init__.py:107}}
Apr 11 18:05:53 ubuntu neutron-server[110052]: DEBUG ovsdbapp.backend.ovs_idl [None req-66b39c07-f8e3-4b88-a0af-12eb665a77c1 None None] Created lookup_table index Logical_Router.name {{(pid=110052) autocreate_indices /usr/local/lib/python3.8/dist-packages/ovsdbapp/backend/ovs_idl/__init__.py:107}}
Apr 11 18:05:53 ubuntu neutron-server[110052]: DEBUG ovsdbapp.backend.ovs_idl [None req-66b39c07-f8e3-4b88-a0af-12eb665a77c1 None None] Created lookup_table index Load_Balancer.name {{(pid=110052) autocreate_indices /usr/local/lib/python3.8/dist-packages/ovsdbapp/backend/ovs_idl/__init__.py:107}}
Apr 11 18:05:53 ubuntu neutron-server[110052]: DEBUG ovsdbapp.backend.ovs_idl [None req-66b39c07-f8e3-4b88-a0af-12eb665a77c1 None None] Created schema index Meter.name {{(pid=110052) autocreate_indices /usr/local/lib/python3.8/dist-packages/ovsdbapp/backend/ovs_idl/__init__.py:126}}
Apr 11 18:05:53 ubuntu neutron-server[110052]: DEBUG ovsdbapp.backend.ovs_idl [None req-66b39c07-f8e3-4b88-a0af-12eb665a77c1 None None] Created schema index Address_Set.name {{(pid=110052) autocreate_indices /usr/local/lib/python3.8/dist-packages/ovsdbapp/backend/ovs_idl/__init__.py:126}}
Apr 11 18:05:53 ubuntu neutron-server[110052]: DEBUG ovsdbapp.backend.ovs_idl [None req-66b39c07-f8e3-4b88-a0af-12eb665a77c1 None None] Created schema index HA_Chassis_Group.name {{(pid=110052) autocreate_indices /usr/local/lib/python3.8/dist-packages/ovsdbapp/backend/ovs_idl/__init__.py:126}}
Apr 11 18:05:53 ubuntu neutron-server[110052]: DEBUG ovsdbapp.backend.ovs_idl [None req-66b39c07-f8e3-4b88-a0af-12eb665a77c1 None None] Created schema index Connection.target {{(pid=110052) autocreate_indices /usr/local/lib/python3.8/dist-packages/ovsdbapp/backend/ovs_idl/__init__.py:126}}
Apr 11 18:05:53 ubuntu neutron-server[110052]: DEBUG ovsdbapp.backend.ovs_idl [None req-66b39c07-f8e3-4b88-a0af-12eb665a77c1 None None] Created schema index Gateway_Chassis.name {{(pid=110052) autocreate_indices /usr/local/lib/python3.8/dist-packages/ovsdbapp/backend/ovs_idl/__init__.py:126}}
Apr 11 18:05:53 ubuntu neutron-server[110052]: DEBUG ovsdbapp.backend.ovs_idl [None req-66b39c07-f8e3-4b88-a0af-12eb665a77c1 None None] Created schema index Logical_Router_Port.name {{(pid=110052) autocreate_indices /usr/local/lib/python3.8/dist-packages/ovsdbapp/backend/ovs_idl/__init__.py:126}}
Apr 11 18:05:53 ubuntu neutron-server[110052]: DEBUG ovsdbapp.backend.ovs_idl [None req-66b39c07-f8e3-4b88-a0af-12eb665a77c1 None None] Created schema index Port_Group.name {{(pid=110052) autocreate_indices /usr/local/lib/python3.8/dist-packages/ovsdbapp/backend/ovs_idl/__init__.py:126}}
Apr 11 18:05:53 ubuntu neutron-server[110052]: DEBUG ovsdbapp.backend.ovs_idl [None req-66b39c07-f8e3-4b88-a0af-12eb665a77c1 None None] Created schema index Logical_Switch_Port.name {{(pid=110052) autocreate_indices /usr/local/lib/python3.8/dist-packages/ovsdbapp/backend/ovs_idl/__init__.py:126}}
Apr 11 18:05:53 ubuntu neutron-server[110266]: DEBUG neutron.common.ovn.hash_ring_manager [None req-74228406-1d44-4b3a-a1e8-a2db04915db1 None None] Allow caching, nodes 2>=2 {{(pid=110266) _wait_startup_before_caching /opt/stack/neutron/neutron/common/ovn/hash_ring_manager.py:60}}
Apr 11 18:05:53 ubuntu neutron-server[110265]: DEBUG neutron.common.ovn.hash_ring_manager [None req-52e363d4-87f3-4eed-bceb-9878a9e31cd2 None None] Allow caching, nodes 2>=2 {{(pid=110265) _wait_startup_before_caching /opt/stack/neutron/neutron/common/ovn/hash_ring_manager.py:60}}
Apr 11 18:05:53 ubuntu neutron-server[110266]: DEBUG neutron.plugins.ml2.drivers.ovn.mech_driver.ovsdb.ovsdb_monitor [None req-74228406-1d44-4b3a-a1e8-a2db04915db1 None None] Hash Ring: Node 4af5e26f-abc4-4d26-aa73-397134033303 (host: ubuntu) handling event "create" for row 29fb1b87-582c-4734-a453-3685721b3289 (table: Database) {{(pid=110266) notify /opt/stack/neutron/neutron/plugins/ml2/drivers/ovn/mech_driver/ovsdb/ovsdb_monitor.py:805}}
Apr 11 18:05:53 ubuntu neutron-server[110265]: DEBUG neutron.plugins.ml2.drivers.ovn.mech_driver.ovsdb.ovsdb_monitor [None req-52e363d4-87f3-4eed-bceb-9878a9e31cd2 None None] Hash Ring: Node 724b407c-e97e-4bcd-bc9f-3873c88763c2 (host: ubuntu) handling event "create" for row d3c29ca7-84ad-484a-a0b7-e41c9b1b827a (table: Database) {{(pid=110265) notify /opt/stack/neutron/neutron/plugins/ml2/drivers/ovn/mech_driver/ovsdb/ovsdb_monitor.py:805}}
Apr 11 18:05:53 ubuntu neutron-server[110266]: DEBUG neutron.plugins.ml2.drivers.ovn.mech_driver.ovsdb.ovsdb_monitor [None req-74228406-1d44-4b3a-a1e8-a2db04915db1 None None] Hash Ring: Node 4af5e26f-abc4-4d26-aa73-397134033303 (host: ubuntu) handling event "create" for row df949078-ab04-4689-86e1-9eb63b54ceae (table: Port_Group) {{(pid=110266) notify /opt/stack/neutron/neutron/plugins/ml2/drivers/ovn/mech_driver/ovsdb/ovsdb_monitor.py:805}}
Apr 11 18:05:53 ubuntu neutron-server[110266]: DEBUG neutron.plugins.ml2.drivers.ovn.mech_driver.ovsdb.ovsdb_monitor [None req-74228406-1d44-4b3a-a1e8-a2db04915db1 None None] Hash Ring: Node 4af5e26f-abc4-4d26-aa73-397134033303 (host: ubuntu) handling event "create" for row 04bd501c-55c4-47fc-8cb4-b8d5021ad0fd (table: NB_Global) {{(pid=110266) notify /opt/stack/neutron/neutron/plugins/ml2/drivers/ovn/mech_driver/ovsdb/ovsdb_monitor.py:805}}
Apr 11 18:05:53 ubuntu neutron-server[110266]: DEBUG neutron.plugins.ml2.drivers.ovn.mech_driver.ovsdb.ovsdb_monitor [None req-74228406-1d44-4b3a-a1e8-a2db04915db1 None None] Hash Ring: Node 4af5e26f-abc4-4d26-aa73-397134033303 (host: ubuntu) handling event "create" for row 0ed502a7-4b79-42bc-aac4-8ce5a503525a (table: ACL) {{(pid=110266) notify /opt/stack/neutron/neutron/plugins/ml2/drivers/ovn/mech_driver/ovsdb/ovsdb_monitor.py:805}}
Apr 11 18:05:53 ubuntu neutron-server[110265]: DEBUG neutron.plugins.ml2.drivers.ovn.mech_driver.ovsdb.ovsdb_monitor [None req-52e363d4-87f3-4eed-bceb-9878a9e31cd2 None None] Hash Ring: Node 724b407c-e97e-4bcd-bc9f-3873c88763c2 (host: ubuntu) handling event "create" for row 1abaadb2-e049-41ab-9016-2ef0ab21453a (table: Connection) {{(pid=110265) notify /opt/stack/neutron/neutron/plugins/ml2/drivers/ovn/mech_driver/ovsdb/ovsdb_monitor.py:805}}
Apr 11 18:05:53 ubuntu neutron-server[110266]: DEBUG neutron.plugins.ml2.drivers.ovn.mech_driver.ovsdb.ovsdb_monitor [None req-74228406-1d44-4b3a-a1e8-a2db04915db1 None None] Hash Ring: Node 4af5e26f-abc4-4d26-aa73-397134033303 (host: ubuntu) handling event "create" for row aca9efb7-4402-49bf-ad04-00e623faaf2d (table: ACL) {{(pid=110266) notify /opt/stack/neutron/neutron/plugins/ml2/drivers/ovn/mech_driver/ovsdb/ovsdb_monitor.py:805}}
Apr 11 18:05:53 ubuntu neutron-server[110265]: INFO neutron.plugins.ml2.drivers.ovn.mech_driver.ovsdb.impl_idl_ovn [None req-52e363d4-87f3-4eed-bceb-9878a9e31cd2 None None] Getting OvsdbSbOvnIdl for WorkerService with retry
Apr 11 18:05:53 ubuntu neutron-server[110052]: DEBUG ovsdbapp.backend.ovs_idl [None req-66b39c07-f8e3-4b88-a0af-12eb665a77c1 None None] Created lookup_table index Chassis.name {{(pid=110052) autocreate_indices /usr/local/lib/python3.8/dist-packages/ovsdbapp/backend/ovs_idl/__init__.py:107}}
Apr 11 18:05:53 ubuntu neutron-server[110052]: DEBUG ovsdbapp.backend.ovs_idl [None req-66b39c07-f8e3-4b88-a0af-12eb665a77c1 None None] Created lookup_table index MAC_Binding.ip {{(pid=110052) autocreate_indices /usr/local/lib/python3.8/dist-packages/ovsdbapp/backend/ovs_idl/__init__.py:107}}
Apr 11 18:05:53 ubuntu neutron-server[110266]: INFO neutron.plugins.ml2.drivers.ovn.mech_driver.ovsdb.impl_idl_ovn [None req-74228406-1d44-4b3a-a1e8-a2db04915db1 None None] Getting OvsdbSbOvnIdl for WorkerService with retry
Apr 11 18:05:53 ubuntu neutron-server[110052]: DEBUG ovsdbapp.backend.ovs_idl [None req-66b39c07-f8e3-4b88-a0af-12eb665a77c1 None None] Created schema index Meter.name {{(pid=110052) autocreate_indices /usr/local/lib/python3.8/dist-packages/ovsdbapp/backend/ovs_idl/__init__.py:126}}
Apr 11 18:05:53 ubuntu neutron-server[110052]: DEBUG ovsdbapp.backend.ovs_idl [None req-66b39c07-f8e3-4b88-a0af-12eb665a77c1 None None] Created schema index Address_Set.name {{(pid=110052) autocreate_indices /usr/local/lib/python3.8/dist-packages/ovsdbapp/backend/ovs_idl/__init__.py:126}}
Apr 11 18:05:53 ubuntu neutron-server[110052]: DEBUG ovsdbapp.backend.ovs_idl [None req-66b39c07-f8e3-4b88-a0af-12eb665a77c1 None None] Created schema index HA_Chassis_Group.name {{(pid=110052) autocreate_indices /usr/local/lib/python3.8/dist-packages/ovsdbapp/backend/ovs_idl/__init__.py:126}}
Apr 11 18:05:53 ubuntu neutron-server[110052]: DEBUG ovsdbapp.backend.ovs_idl [None req-66b39c07-f8e3-4b88-a0af-12eb665a77c1 None None] Created schema index IP_Multicast.datapath {{(pid=110052) autocreate_indices /usr/local/lib/python3.8/dist-packages/ovsdbapp/backend/ovs_idl/__init__.py:126}}
Apr 11 18:05:53 ubuntu neutron-server[110052]: DEBUG ovsdbapp.backend.ovs_idl [None req-66b39c07-f8e3-4b88-a0af-12eb665a77c1 None None] Created schema index Connection.target {{(pid=110052) autocreate_indices /usr/local/lib/python3.8/dist-packages/ovsdbapp/backend/ovs_idl/__init__.py:126}}
Apr 11 18:05:53 ubuntu neutron-server[110052]: DEBUG ovsdbapp.backend.ovs_idl [None req-66b39c07-f8e3-4b88-a0af-12eb665a77c1 None None] Created schema index Gateway_Chassis.name {{(pid=110052) autocreate_indices /usr/local/lib/python3.8/dist-packages/ovsdbapp/backend/ovs_idl/__init__.py:126}}
Apr 11 18:05:53 ubuntu neutron-server[110052]: DEBUG ovsdbapp.backend.ovs_idl [None req-66b39c07-f8e3-4b88-a0af-12eb665a77c1 None None] Created schema index Port_Group.name {{(pid=110052) autocreate_indices /usr/local/lib/python3.8/dist-packages/ovsdbapp/backend/ovs_idl/__init__.py:126}}
Apr 11 18:05:53 ubuntu neutron-server[110052]: DEBUG ovsdbapp.backend.ovs_idl [None req-66b39c07-f8e3-4b88-a0af-12eb665a77c1 None None] Created schema index Datapath_Binding.tunnel_key {{(pid=110052) autocreate_indices /usr/local/lib/python3.8/dist-packages/ovsdbapp/backend/ovs_idl/__init__.py:126}}
Apr 11 18:05:53 ubuntu neutron-server[110265]: DEBUG ovsdbapp.backend.ovs_idl [None req-52e363d4-87f3-4eed-bceb-9878a9e31cd2 None None] Created lookup_table index Chassis.name {{(pid=110265) autocreate_indices /usr/local/lib/python3.8/dist-packages/ovsdbapp/backend/ovs_idl/__init__.py:107}}
Apr 11 18:05:53 ubuntu neutron-server[110265]: DEBUG ovsdbapp.backend.ovs_idl [None req-52e363d4-87f3-4eed-bceb-9878a9e31cd2 None None] Created schema index Datapath_Binding.tunnel_key {{(pid=110265) autocreate_indices /usr/local/lib/python3.8/dist-packages/ovsdbapp/backend/ovs_idl/__init__.py:126}}
Apr 11 18:05:53 ubuntu neutron-server[110265]: DEBUG ovsdbapp.backend.ovs_idl [None req-52e363d4-87f3-4eed-bceb-9878a9e31cd2 None None] Created schema index Connection.target {{(pid=110265) autocreate_indices /usr/local/lib/python3.8/dist-packages/ovsdbapp/backend/ovs_idl/__init__.py:126}}
Apr 11 18:05:53 ubuntu neutron-server[110266]: DEBUG ovsdbapp.backend.ovs_idl [None req-74228406-1d44-4b3a-a1e8-a2db04915db1 None None] Created lookup_table index Chassis.name {{(pid=110266) autocreate_indices /usr/local/lib/python3.8/dist-packages/ovsdbapp/backend/ovs_idl/__init__.py:107}}
Apr 11 18:05:53 ubuntu neutron-server[110265]: INFO ovsdbapp.backend.ovs_idl.vlog [None req-52e363d4-87f3-4eed-bceb-9878a9e31cd2 None None] tcp:192.168.79.40:6642: connecting...
Apr 11 18:05:53 ubuntu neutron-server[110266]: DEBUG ovsdbapp.backend.ovs_idl [None req-74228406-1d44-4b3a-a1e8-a2db04915db1 None None] Created schema index Datapath_Binding.tunnel_key {{(pid=110266) autocreate_indices /usr/local/lib/python3.8/dist-packages/ovsdbapp/backend/ovs_idl/__init__.py:126}}
Apr 11 18:05:53 ubuntu neutron-server[110265]: INFO ovsdbapp.backend.ovs_idl.vlog [None req-52e363d4-87f3-4eed-bceb-9878a9e31cd2 None None] tcp:192.168.79.40:6642: connected
Apr 11 18:05:53 ubuntu neutron-server[110266]: DEBUG ovsdbapp.backend.ovs_idl [None req-74228406-1d44-4b3a-a1e8-a2db04915db1 None None] Created schema index Connection.target {{(pid=110266) autocreate_indices /usr/local/lib/python3.8/dist-packages/ovsdbapp/backend/ovs_idl/__init__.py:126}}
Apr 11 18:05:53 ubuntu neutron-server[110266]: INFO ovsdbapp.backend.ovs_idl.vlog [None req-74228406-1d44-4b3a-a1e8-a2db04915db1 None None] tcp:192.168.79.40:6642: connecting...
Apr 11 18:05:53 ubuntu neutron-server[110266]: INFO ovsdbapp.backend.ovs_idl.vlog [None req-74228406-1d44-4b3a-a1e8-a2db04915db1 None None] tcp:192.168.79.40:6642: connected
Apr 11 18:05:53 ubuntu neutron-server[110052]: INFO oslo_service.service [None req-66b39c07-f8e3-4b88-a0af-12eb665a77c1 None None] Starting 1 workers
Apr 11 18:05:53 ubuntu neutron-server[110266]: DEBUG neutron.common.ovn.hash_ring_manager [None req-74228406-1d44-4b3a-a1e8-a2db04915db1 None None] Allow caching, nodes 2>=2 {{(pid=110266) _wait_startup_before_caching /opt/stack/neutron/neutron/common/ovn/hash_ring_manager.py:60}}
Apr 11 18:05:53 ubuntu neutron-server[110052]: DEBUG oslo_service.service [None req-66b39c07-f8e3-4b88-a0af-12eb665a77c1 None None] Started child 110268 {{(pid=110052) _start_child /usr/local/lib/python3.8/dist-packages/oslo_service/service.py:575}}
Apr 11 18:05:53 ubuntu neutron-server[110052]: INFO oslo_service.service [None req-66b39c07-f8e3-4b88-a0af-12eb665a77c1 None None] Starting 1 workers
Apr 11 18:05:53 ubuntu neutron-server[110266]: DEBUG neutron.plugins.ml2.drivers.ovn.mech_driver.ovsdb.ovsdb_monitor [None req-74228406-1d44-4b3a-a1e8-a2db04915db1 None None] Hash Ring: Node 4af5e26f-abc4-4d26-aa73-397134033303 (host: ubuntu) handling event "create" for row a170ea37-d796-4d76-b434-b0be68195f40 (table: Database) {{(pid=110266) notify /opt/stack/neutron/neutron/plugins/ml2/drivers/ovn/mech_driver/ovsdb/ovsdb_monitor.py:805}}
Apr 11 18:05:53 ubuntu neutron-server[110052]: DEBUG oslo_service.service [None req-66b39c07-f8e3-4b88-a0af-12eb665a77c1 None None] Started child 110269 {{(pid=110052) _start_child /usr/local/lib/python3.8/dist-packages/oslo_service/service.py:575}}
Apr 11 18:05:53 ubuntu neutron-server[110052]: INFO oslo_service.service [None req-66b39c07-f8e3-4b88-a0af-12eb665a77c1 None None] Starting 1 workers
Apr 11 18:05:53 ubuntu neutron-server[110266]: DEBUG neutron.plugins.ml2.drivers.ovn.mech_driver.ovsdb.ovsdb_monitor [None req-74228406-1d44-4b3a-a1e8-a2db04915db1 None None] Hash Ring: Node 4af5e26f-abc4-4d26-aa73-397134033303 (host: ubuntu) handling event "create" for row ae00bc7b-a378-42be-be2f-6fae274d3a43 (table: Encap) {{(pid=110266) notify /opt/stack/neutron/neutron/plugins/ml2/drivers/ovn/mech_driver/ovsdb/ovsdb_monitor.py:805}}
Apr 11 18:05:53 ubuntu neutron-server[110266]: DEBUG neutron.plugins.ml2.drivers.ovn.mech_driver.ovsdb.ovsdb_monitor [None req-74228406-1d44-4b3a-a1e8-a2db04915db1 None None] ChassisMetadataAgentWriteEvent : Matched Chassis, create, None None {{(pid=110266) matches /opt/stack/neutron/neutron/plugins/ml2/drivers/ovn/mech_driver/ovsdb/ovsdb_monitor.py:61}}
Apr 11 18:05:53 ubuntu neutron-server[110265]: DEBUG neutron.common.ovn.hash_ring_manager [None req-52e363d4-87f3-4eed-bceb-9878a9e31cd2 None None] Allow caching, nodes 2>=2 {{(pid=110265) _wait_startup_before_caching /opt/stack/neutron/neutron/common/ovn/hash_ring_manager.py:60}}
Apr 11 18:05:53 ubuntu neutron-server[110266]: DEBUG neutron.plugins.ml2.drivers.ovn.mech_driver.ovsdb.ovsdb_monitor [None req-74228406-1d44-4b3a-a1e8-a2db04915db1 None None] ChassisAgentWriteEvent : Matched Chassis, create, None None {{(pid=110266) matches /opt/stack/neutron/neutron/plugins/ml2/drivers/ovn/mech_driver/ovsdb/ovsdb_monitor.py:61}}
Apr 11 18:05:53 ubuntu neutron-server[110266]: DEBUG neutron.plugins.ml2.drivers.ovn.mech_driver.ovsdb.ovsdb_monitor [None req-74228406-1d44-4b3a-a1e8-a2db04915db1 None None] Hash Ring: Node 4af5e26f-abc4-4d26-aa73-397134033303 (host: ubuntu) handling event "create" for row 2f936af6-e46e-427b-bb36-00d73ade5482 (table: Chassis) {{(pid=110266) notify /opt/stack/neutron/neutron/plugins/ml2/drivers/ovn/mech_driver/ovsdb/ovsdb_monitor.py:805}}
Apr 11 18:05:53 ubuntu neutron-server[110266]: DEBUG neutron.plugins.ml2.drivers.ovn.mech_driver.ovsdb.ovsdb_monitor [None req-74228406-1d44-4b3a-a1e8-a2db04915db1 None None] Hash Ring: Node 4af5e26f-abc4-4d26-aa73-397134033303 (host: ubuntu) handling event "create" for row d62b1e9d-0ee7-4da2-a38a-bf4aed6a74be (table: SB_Global) {{(pid=110266) notify /opt/stack/neutron/neutron/plugins/ml2/drivers/ovn/mech_driver/ovsdb/ovsdb_monitor.py:805}}
Apr 11 18:05:53 ubuntu neutron-server[110052]: DEBUG oslo_service.service [None req-66b39c07-f8e3-4b88-a0af-12eb665a77c1 None None] Started child 110270 {{(pid=110052) _start_child /usr/local/lib/python3.8/dist-packages/oslo_service/service.py:575}}
Apr 11 18:05:53 ubuntu neutron-server[110052]: DEBUG neutron_lib.callbacks.manager [None req-66b39c07-f8e3-4b88-a0af-12eb665a77c1 None None] Publish callbacks [] for process (None), after_spawn {{(pid=110052) _notify_loop /usr/local/lib/python3.8/dist-packages/neutron_lib/callbacks/manager.py:176}}
Apr 11 18:05:53 ubuntu neutron-server[110266]: INFO neutron.wsgi [-] (110266) wsgi starting up on http://0.0.0.0:9696
Apr 11 18:05:53 ubuntu neutron-server[110052]: DEBUG oslo_service.service [-] Full set of CONF: {{(pid=110052) wait /usr/local/lib/python3.8/dist-packages/oslo_service/service.py:649}}
Apr 11 18:05:53 ubuntu neutron-server[110052]: DEBUG oslo_service.service [-] ******************************************************************************** {{(pid=110052) log_opt_values /usr/local/lib/python3.8/dist-packages/oslo_config/cfg.py:2589}}
Apr 11 18:05:53 ubuntu neutron-server[110052]: DEBUG oslo_service.service [-] Configuration options gathered from: {{(pid=110052) log_opt_values /usr/local/lib/python3.8/dist-packages/oslo_config/cfg.py:2590}}
Apr 11 18:05:53 ubuntu neutron-server[110052]: DEBUG oslo_service.service [-] command line args: ['--config-file', '/etc/neutron/neutron.conf', '--config-file', '/etc/neutron/plugins/ml2/ml2_conf.ini'] {{(pid=110052) log_opt_values /usr/local/lib/python3.8/dist-packages/oslo_config/cfg.py:2591}}
Apr 11 18:05:53 ubuntu neutron-server[110052]: DEBUG oslo_service.service [-] config files: ['/etc/neutron/neutron.conf', '/etc/neutron/plugins/ml2/ml2_conf.ini'] {{(pid=110052) log_opt_values /usr/local/lib/python3.8/dist-packages/oslo_config/cfg.py:2592}}
Apr 11 18:05:53 ubuntu neutron-server[110052]: DEBUG oslo_service.service [-] ================================================================================ {{(pid=110052) log_opt_values /usr/local/lib/python3.8/dist-packages/oslo_config/cfg.py:2594}}
Apr 11 18:05:53 ubuntu neutron-server[110265]: DEBUG neutron.plugins.ml2.drivers.ovn.mech_driver.ovsdb.ovsdb_monitor [None req-52e363d4-87f3-4eed-bceb-9878a9e31cd2 None None] Hash Ring: Node 724b407c-e97e-4bcd-bc9f-3873c88763c2 (host: ubuntu) handling event "create" for row c7187f80-8ece-48f8-813c-9d6dbd831382 (table: Database) {{(pid=110265) notify /opt/stack/neutron/neutron/plugins/ml2/drivers/ovn/mech_driver/ovsdb/ovsdb_monitor.py:805}}
Apr 11 18:05:53 ubuntu neutron-server[110052]: DEBUG oslo_service.service [-] agent_down_time                = 75 {{(pid=110052) log_opt_values /usr/local/lib/python3.8/dist-packages/oslo_config/cfg.py:2602}}
Apr 11 18:05:53 ubuntu neutron-server[110052]: DEBUG oslo_service.service [-] allow_automatic_dhcp_failover  = True {{(pid=110052) log_opt_values /usr/local/lib/python3.8/dist-packages/oslo_config/cfg.py:2602}}
Apr 11 18:05:53 ubuntu neutron-server[110052]: DEBUG oslo_service.service [-] allow_bulk                     = True {{(pid=110052) log_opt_values /usr/local/lib/python3.8/dist-packages/oslo_config/cfg.py:2602}}
Apr 11 18:05:53 ubuntu neutron-server[110052]: DEBUG oslo_service.service [-] allow_overlapping_ips          = True {{(pid=110052) log_opt_values /usr/local/lib/python3.8/dist-packages/oslo_config/cfg.py:2602}}
Apr 11 18:05:53 ubuntu neutron-server[110052]: DEBUG oslo_service.service [-] allowed_conntrack_helpers      = [{'amanda': 'tcp'}, {'ftp': 'tcp'}, {'h323': 'udp'}, {'h323': 'tcp'}, {'irc': 'tcp'}, {'netbios-ns': 'udp'}, {'pptp': 'tcp'}, {'sane': 'tcp'}, {'sip': 'udp'}, {'sip': 'tcp'}, {'snmp': 'udp'}, {'tftp': 'udp'}] {{(pid=110052) log_opt_values /usr/local/lib/python3.8/dist-packages/oslo_config/cfg.py:2602}}
Apr 11 18:05:53 ubuntu neutron-server[110052]: DEBUG oslo_service.service [-] api_extensions_path            =  {{(pid=110052) log_opt_values /usr/local/lib/python3.8/dist-packages/oslo_config/cfg.py:2602}}
Apr 11 18:05:53 ubuntu neutron-server[110052]: DEBUG oslo_service.service [-] api_paste_config               = api-paste.ini {{(pid=110052) log_opt_values /usr/local/lib/python3.8/dist-packages/oslo_config/cfg.py:2602}}
Apr 11 18:05:53 ubuntu neutron-server[110052]: DEBUG oslo_service.service [-] api_workers                    = 2 {{(pid=110052) log_opt_values /usr/local/lib/python3.8/dist-packages/oslo_config/cfg.py:2602}}
Apr 11 18:05:53 ubuntu neutron-server[110052]: DEBUG oslo_service.service [-] auth_strategy                  = keystone {{(pid=110052) log_opt_values /usr/local/lib/python3.8/dist-packages/oslo_config/cfg.py:2602}}
Apr 11 18:05:53 ubuntu neutron-server[110052]: DEBUG oslo_service.service [-] backdoor_port                  = None {{(pid=110052) log_opt_values /usr/local/lib/python3.8/dist-packages/oslo_config/cfg.py:2602}}
Apr 11 18:05:53 ubuntu neutron-server[110052]: DEBUG oslo_service.service [-] backdoor_socket                = None {{(pid=110052) log_opt_values /usr/local/lib/python3.8/dist-packages/oslo_config/cfg.py:2602}}
