Jun 16 17:52:42 ubuntu neutron-server[111532]: DEBUG neutron.api.extensions [None req-fdb2fd27-8f9d-45d9-8756-6f96ac0bbe2c None None] Loading extension file: trunk_details.py {{(pid=111532) _load_all_extensions_from_path /opt/stack/neutron/neutron/api/extensions.py:450}}
Jun 16 17:52:42 ubuntu neutron-server[111532]: DEBUG neutron.api.extensions [None req-fdb2fd27-8f9d-45d9-8756-6f96ac0bbe2c None None] Ext name="Trunk port details" alias="trunk-details" description="Expose trunk port details" updated="2016-01-01T10:00:00-00:00" {{(pid=111532) _check_extension /opt/stack/neutron/neutron/api/extensions.py:416}}
Jun 16 17:52:42 ubuntu neutron-server[111532]: INFO neutron.api.extensions [None req-fdb2fd27-8f9d-45d9-8756-6f96ac0bbe2c None None] Extension trunk-details not supported by any of loaded plugins
Jun 16 17:52:42 ubuntu neutron-server[111532]: DEBUG neutron.api.extensions [None req-fdb2fd27-8f9d-45d9-8756-6f96ac0bbe2c None None] Loading extension file: uplink_status_propagation.py {{(pid=111532) _load_all_extensions_from_path /opt/stack/neutron/neutron/api/extensions.py:450}}
Jun 16 17:52:42 ubuntu neutron-server[111532]: DEBUG neutron.api.extensions [None req-fdb2fd27-8f9d-45d9-8756-6f96ac0bbe2c None None] Ext name="Uplink status propagation extension" alias="uplink-status-propagation" description="Provides ability to propagate port uplink status." updated="2018-05-31T18:00:00-00:00" {{(pid=111532) _check_extension /opt/stack/neutron/neutron/api/extensions.py:416}}
Jun 16 17:52:42 ubuntu neutron-server[111532]: INFO neutron.api.extensions [None req-fdb2fd27-8f9d-45d9-8756-6f96ac0bbe2c None None] Extension uplink-status-propagation not supported by any of loaded plugins
Jun 16 17:52:42 ubuntu neutron-server[111532]: DEBUG neutron.api.extensions [None req-fdb2fd27-8f9d-45d9-8756-6f96ac0bbe2c None None] Loading extension file: vlantransparent.py {{(pid=111532) _load_all_extensions_from_path /opt/stack/neutron/neutron/api/extensions.py:450}}
Jun 16 17:52:42 ubuntu neutron-server[111532]: DEBUG neutron.api.extensions [None req-fdb2fd27-8f9d-45d9-8756-6f96ac0bbe2c None None] Ext name="Vlantransparent" alias="vlan-transparent" description="Provides Vlan Transparent Networks" updated="2015-03-23T09:00:00-00:00" {{(pid=111532) _check_extension /opt/stack/neutron/neutron/api/extensions.py:416}}
Jun 16 17:52:42 ubuntu neutron-server[111532]: INFO neutron.api.extensions [None req-fdb2fd27-8f9d-45d9-8756-6f96ac0bbe2c None None] Extension vlan-transparent not supported by any of loaded plugins
Jun 16 17:52:42 ubuntu neutron-server[111532]: INFO neutron.quota.resource_registry [None req-fdb2fd27-8f9d-45d9-8756-6f96ac0bbe2c None None] Creating instance of TrackedResource for resource:network
Jun 16 17:52:42 ubuntu neutron-server[111532]: INFO neutron.quota.resource_registry [None req-fdb2fd27-8f9d-45d9-8756-6f96ac0bbe2c None None] Creating instance of TrackedResource for resource:subnet
Jun 16 17:52:42 ubuntu neutron-server[111532]: INFO neutron.quota.resource_registry [None req-fdb2fd27-8f9d-45d9-8756-6f96ac0bbe2c None None] Creating instance of TrackedResource for resource:subnetpool
Jun 16 17:52:42 ubuntu neutron-server[111532]: INFO neutron.quota.resource_registry [None req-fdb2fd27-8f9d-45d9-8756-6f96ac0bbe2c None None] Creating instance of TrackedResource for resource:port
Jun 16 17:52:42 ubuntu neutron-server[111532]: DEBUG neutron.api.v2.resource_helper [None req-fdb2fd27-8f9d-45d9-8756-6f96ac0bbe2c None None] Service FLAVORS assigned prefix:  {{(pid=111532) build_resource_info /opt/stack/neutron/neutron/api/v2/resource_helper.py:77}}
Jun 16 17:52:42 ubuntu neutron-server[111532]: DEBUG neutron.api.v2.resource_helper [None req-fdb2fd27-8f9d-45d9-8756-6f96ac0bbe2c None None] Service L3_ROUTER_NAT assigned prefix:  {{(pid=111532) build_resource_info /opt/stack/neutron/neutron/api/v2/resource_helper.py:77}}
Jun 16 17:52:42 ubuntu neutron-server[111532]: DEBUG neutron.api.v2.resource_helper [None req-fdb2fd27-8f9d-45d9-8756-6f96ac0bbe2c None None] Service L3_ROUTER_NAT assigned prefix:  {{(pid=111532) build_resource_info /opt/stack/neutron/neutron/api/v2/resource_helper.py:77}}
Jun 16 17:52:42 ubuntu neutron-server[111532]: INFO neutron.quota.resource_registry [None req-fdb2fd27-8f9d-45d9-8756-6f96ac0bbe2c None None] Creating instance of TrackedResource for resource:router
Jun 16 17:52:42 ubuntu neutron-server[111532]: INFO neutron.quota.resource_registry [None req-fdb2fd27-8f9d-45d9-8756-6f96ac0bbe2c None None] Creating instance of TrackedResource for resource:floatingip
Jun 16 17:52:42 ubuntu neutron-server[111532]: DEBUG neutron_lib.callbacks.manager [None req-fdb2fd27-8f9d-45d9-8756-6f96ac0bbe2c None None] Subscribe: <bound method NeutronDbPluginV2.validate_network_rbac_policy_change of <neutron.services.network_ip_availability.plugin.NetworkIPAvailabilityPlugin object at 0x7f51fd65dd90>> rbac-policy before_create 55550000 {{(pid=111532) subscribe /usr/local/lib/python3.8/dist-packages/neutron_lib/callbacks/manager.py:45}}
Jun 16 17:52:42 ubuntu neutron-server[111532]: DEBUG neutron_lib.callbacks.manager [None req-fdb2fd27-8f9d-45d9-8756-6f96ac0bbe2c None None] Subscribe: <bound method NeutronDbPluginV2.validate_network_rbac_policy_change of <neutron.services.network_ip_availability.plugin.NetworkIPAvailabilityPlugin object at 0x7f51fd65dd90>> rbac-policy before_update 55550000 {{(pid=111532) subscribe /usr/local/lib/python3.8/dist-packages/neutron_lib/callbacks/manager.py:45}}
Jun 16 17:52:42 ubuntu neutron-server[111532]: DEBUG neutron_lib.callbacks.manager [None req-fdb2fd27-8f9d-45d9-8756-6f96ac0bbe2c None None] Subscribe: <bound method NeutronDbPluginV2.validate_network_rbac_policy_change of <neutron.services.network_ip_availability.plugin.NetworkIPAvailabilityPlugin object at 0x7f51fd65dd90>> rbac-policy before_delete 55550000 {{(pid=111532) subscribe /usr/local/lib/python3.8/dist-packages/neutron_lib/callbacks/manager.py:45}}
Jun 16 17:52:42 ubuntu neutron-server[111532]: INFO neutron.quota.resource_registry [None req-fdb2fd27-8f9d-45d9-8756-6f96ac0bbe2c None None] Creating instance of CountableResource for resource:rbac_policy
Jun 16 17:52:42 ubuntu neutron-server[111532]: INFO neutron.quota.resource_registry [None req-fdb2fd27-8f9d-45d9-8756-6f96ac0bbe2c None None] Creating instance of TrackedResource for resource:security_group
Jun 16 17:52:42 ubuntu neutron-server[111532]: INFO neutron.quota.resource_registry [None req-fdb2fd27-8f9d-45d9-8756-6f96ac0bbe2c None None] Creating instance of TrackedResource for resource:security_group_rule
Jun 16 17:52:42 ubuntu neutron-server[111532]: DEBUG neutron.api.v2.resource_helper [None req-fdb2fd27-8f9d-45d9-8756-6f96ac0bbe2c None None] Service FLAVORS assigned prefix:  {{(pid=111532) build_resource_info /opt/stack/neutron/neutron/api/v2/resource_helper.py:77}}
Jun 16 17:52:42 ubuntu neutron-server[111532]: DEBUG neutron.api.v2.resource_helper [None req-fdb2fd27-8f9d-45d9-8756-6f96ac0bbe2c None None] Service L3_ROUTER_NAT assigned prefix:  {{(pid=111532) build_resource_info /opt/stack/neutron/neutron/api/v2/resource_helper.py:77}}
Jun 16 17:52:42 ubuntu neutron-server[111532]: DEBUG neutron.api.v2.resource_helper [None req-fdb2fd27-8f9d-45d9-8756-6f96ac0bbe2c None None] Service L3_ROUTER_NAT assigned prefix:  {{(pid=111532) build_resource_info /opt/stack/neutron/neutron/api/v2/resource_helper.py:77}}
Jun 16 17:52:42 ubuntu neutron-server[111532]: INFO neutron.quota.resource_registry [None req-fdb2fd27-8f9d-45d9-8756-6f96ac0bbe2c None None] Creating instance of TrackedResource for resource:router
Jun 16 17:52:42 ubuntu neutron-server[111532]: WARNING neutron.quota.resource_registry [None req-fdb2fd27-8f9d-45d9-8756-6f96ac0bbe2c None None] router is already registered
Jun 16 17:52:42 ubuntu neutron-server[111532]: INFO neutron.quota.resource_registry [None req-fdb2fd27-8f9d-45d9-8756-6f96ac0bbe2c None None] Creating instance of TrackedResource for resource:floatingip
Jun 16 17:52:42 ubuntu neutron-server[111532]: WARNING neutron.quota.resource_registry [None req-fdb2fd27-8f9d-45d9-8756-6f96ac0bbe2c None None] floatingip is already registered
Jun 16 17:52:42 ubuntu neutron-server[111532]: INFO neutron.quota.resource_registry [None req-fdb2fd27-8f9d-45d9-8756-6f96ac0bbe2c None None] Creating instance of CountableResource for resource:rbac_policy
Jun 16 17:52:42 ubuntu neutron-server[111532]: WARNING neutron.quota.resource_registry [None req-fdb2fd27-8f9d-45d9-8756-6f96ac0bbe2c None None] rbac_policy is already registered
Jun 16 17:52:42 ubuntu neutron-server[111532]: INFO neutron.quota.resource_registry [None req-fdb2fd27-8f9d-45d9-8756-6f96ac0bbe2c None None] Creating instance of TrackedResource for resource:security_group
Jun 16 17:52:42 ubuntu neutron-server[111532]: WARNING neutron.quota.resource_registry [None req-fdb2fd27-8f9d-45d9-8756-6f96ac0bbe2c None None] security_group is already registered
Jun 16 17:52:42 ubuntu neutron-server[111532]: INFO neutron.quota.resource_registry [None req-fdb2fd27-8f9d-45d9-8756-6f96ac0bbe2c None None] Creating instance of TrackedResource for resource:security_group_rule
Jun 16 17:52:42 ubuntu neutron-server[111532]: WARNING neutron.quota.resource_registry [None req-fdb2fd27-8f9d-45d9-8756-6f96ac0bbe2c None None] security_group_rule is already registered
Jun 16 17:52:42 ubuntu neutron-server[111532]: DEBUG neutron.api.extensions [None req-fdb2fd27-8f9d-45d9-8756-6f96ac0bbe2c None None] Extended resource: extensions {{(pid=111532) __init__ /opt/stack/neutron/neutron/api/extensions.py:157}}
Jun 16 17:52:42 ubuntu neutron-server[111532]: DEBUG neutron.api.extensions [None req-fdb2fd27-8f9d-45d9-8756-6f96ac0bbe2c None None] Extended resource: address-groups {{(pid=111532) __init__ /opt/stack/neutron/neutron/api/extensions.py:157}}
Jun 16 17:52:42 ubuntu neutron-server[111532]: DEBUG neutron.api.extensions [None req-fdb2fd27-8f9d-45d9-8756-6f96ac0bbe2c None None] Extended resource: address-scopes {{(pid=111532) __init__ /opt/stack/neutron/neutron/api/extensions.py:157}}
Jun 16 17:52:42 ubuntu neutron-server[111532]: DEBUG neutron.api.extensions [None req-fdb2fd27-8f9d-45d9-8756-6f96ac0bbe2c None None] Extended resource: agents {{(pid=111532) __init__ /opt/stack/neutron/neutron/api/extensions.py:157}}
Jun 16 17:52:42 ubuntu neutron-server[111532]: DEBUG neutron.api.extensions [None req-fdb2fd27-8f9d-45d9-8756-6f96ac0bbe2c None None] Extended resource: auto-allocated-topology {{(pid=111532) __init__ /opt/stack/neutron/neutron/api/extensions.py:157}}
Jun 16 17:52:42 ubuntu neutron-server[111532]: DEBUG neutron.api.extensions [None req-fdb2fd27-8f9d-45d9-8756-6f96ac0bbe2c None None] Extended resource: availability_zones {{(pid=111532) __init__ /opt/stack/neutron/neutron/api/extensions.py:157}}
Jun 16 17:52:42 ubuntu neutron-server[111532]: DEBUG neutron.api.extensions [None req-fdb2fd27-8f9d-45d9-8756-6f96ac0bbe2c None None] Extended resource: flavors {{(pid=111532) __init__ /opt/stack/neutron/neutron/api/extensions.py:157}}
Jun 16 17:52:42 ubuntu neutron-server[111532]: DEBUG neutron.api.extensions [None req-fdb2fd27-8f9d-45d9-8756-6f96ac0bbe2c None None] Extended resource: service_profiles {{(pid=111532) __init__ /opt/stack/neutron/neutron/api/extensions.py:157}}
Jun 16 17:52:42 ubuntu neutron-server[111532]: DEBUG neutron.api.extensions [None req-fdb2fd27-8f9d-45d9-8756-6f96ac0bbe2c None None] Extended resource: next_providers {{(pid=111532) __init__ /opt/stack/neutron/neutron/api/extensions.py:157}}
Jun 16 17:52:42 ubuntu neutron-server[111532]: DEBUG neutron.api.extensions [None req-fdb2fd27-8f9d-45d9-8756-6f96ac0bbe2c None None] Extended resource: service_profiles {{(pid=111532) __init__ /opt/stack/neutron/neutron/api/extensions.py:157}}
Jun 16 17:52:42 ubuntu neutron-server[111532]: DEBUG neutron.api.extensions [None req-fdb2fd27-8f9d-45d9-8756-6f96ac0bbe2c None None] Extended resource: floatingip-pools {{(pid=111532) __init__ /opt/stack/neutron/neutron/api/extensions.py:157}}
Jun 16 17:52:42 ubuntu neutron-server[111532]: DEBUG neutron.api.extensions [None req-fdb2fd27-8f9d-45d9-8756-6f96ac0bbe2c None None] Extended resource: routers {{(pid=111532) __init__ /opt/stack/neutron/neutron/api/extensions.py:157}}
Jun 16 17:52:42 ubuntu neutron-server[111532]: DEBUG neutron.api.extensions [None req-fdb2fd27-8f9d-45d9-8756-6f96ac0bbe2c None None] Extended resource: floatingips {{(pid=111532) __init__ /opt/stack/neutron/neutron/api/extensions.py:157}}
Jun 16 17:52:42 ubuntu neutron-server[111532]: DEBUG neutron.api.extensions [None req-fdb2fd27-8f9d-45d9-8756-6f96ac0bbe2c None None] Extended resource: network-ip-availabilities {{(pid=111532) __init__ /opt/stack/neutron/neutron/api/extensions.py:157}}
Jun 16 17:52:42 ubuntu neutron-server[111532]: DEBUG neutron.api.extensions [None req-fdb2fd27-8f9d-45d9-8756-6f96ac0bbe2c None None] Extended resource: bindings {{(pid=111532) __init__ /opt/stack/neutron/neutron/api/extensions.py:157}}
Jun 16 17:52:42 ubuntu neutron-server[111532]: DEBUG neutron.api.extensions [None req-fdb2fd27-8f9d-45d9-8756-6f96ac0bbe2c None None] Extended resource: quotas {{(pid=111532) __init__ /opt/stack/neutron/neutron/api/extensions.py:157}}
Jun 16 17:52:42 ubuntu neutron-server[111532]: DEBUG neutron.api.extensions [None req-fdb2fd27-8f9d-45d9-8756-6f96ac0bbe2c None None] Extended resource: quotas {{(pid=111532) __init__ /opt/stack/neutron/neutron/api/extensions.py:157}}
Jun 16 17:52:42 ubuntu neutron-server[111532]: DEBUG neutron.api.extensions [None req-fdb2fd27-8f9d-45d9-8756-6f96ac0bbe2c None None] Extended resource: rbac-policies {{(pid=111532) __init__ /opt/stack/neutron/neutron/api/extensions.py:157}}
Jun 16 17:52:42 ubuntu neutron-server[111532]: DEBUG neutron.api.extensions [None req-fdb2fd27-8f9d-45d9-8756-6f96ac0bbe2c None None] Extended resource: security-groups {{(pid=111532) __init__ /opt/stack/neutron/neutron/api/extensions.py:157}}
Jun 16 17:52:42 ubuntu neutron-server[111532]: DEBUG neutron.api.extensions [None req-fdb2fd27-8f9d-45d9-8756-6f96ac0bbe2c None None] Extended resource: security-group-rules {{(pid=111532) __init__ /opt/stack/neutron/neutron/api/extensions.py:157}}
Jun 16 17:52:42 ubuntu neutron-server[111532]: DEBUG neutron.api.extensions [None req-fdb2fd27-8f9d-45d9-8756-6f96ac0bbe2c None None] Extended resource: service-providers {{(pid=111532) __init__ /opt/stack/neutron/neutron/api/extensions.py:157}}
Jun 16 17:52:42 ubuntu neutron-server[111532]: DEBUG neutron.api.extensions [None req-fdb2fd27-8f9d-45d9-8756-6f96ac0bbe2c None None] Extended resource: tags {{(pid=111532) __init__ /opt/stack/neutron/neutron/api/extensions.py:157}}
Jun 16 17:52:42 ubuntu neutron-server[111532]: DEBUG neutron.api.extensions [None req-fdb2fd27-8f9d-45d9-8756-6f96ac0bbe2c None None] Extended resource: tags {{(pid=111532) __init__ /opt/stack/neutron/neutron/api/extensions.py:157}}
Jun 16 17:52:42 ubuntu neutron-server[111532]: DEBUG neutron.api.extensions [None req-fdb2fd27-8f9d-45d9-8756-6f96ac0bbe2c None None] Extended resource: tags {{(pid=111532) __init__ /opt/stack/neutron/neutron/api/extensions.py:157}}
Jun 16 17:52:42 ubuntu neutron-server[111532]: DEBUG neutron.api.extensions [None req-fdb2fd27-8f9d-45d9-8756-6f96ac0bbe2c None None] Extended resource: tags {{(pid=111532) __init__ /opt/stack/neutron/neutron/api/extensions.py:157}}
Jun 16 17:52:42 ubuntu neutron-server[111532]: DEBUG neutron.api.extensions [None req-fdb2fd27-8f9d-45d9-8756-6f96ac0bbe2c None None] Extended resource: tags {{(pid=111532) __init__ /opt/stack/neutron/neutron/api/extensions.py:157}}
Jun 16 17:52:42 ubuntu neutron-server[111532]: DEBUG neutron.api.extensions [None req-fdb2fd27-8f9d-45d9-8756-6f96ac0bbe2c None None] Extended resource: tags {{(pid=111532) __init__ /opt/stack/neutron/neutron/api/extensions.py:157}}
Jun 16 17:52:42 ubuntu neutron-server[111532]: DEBUG neutron.api.extensions [None req-fdb2fd27-8f9d-45d9-8756-6f96ac0bbe2c None None] Extended resource: tags {{(pid=111532) __init__ /opt/stack/neutron/neutron/api/extensions.py:157}}
Jun 16 17:52:42 ubuntu neutron-server[111532]: DEBUG neutron.api.extensions [None req-fdb2fd27-8f9d-45d9-8756-6f96ac0bbe2c None None] Extended resource: tags {{(pid=111532) __init__ /opt/stack/neutron/neutron/api/extensions.py:157}}
Jun 16 17:52:42 ubuntu neutron-server[111532]: DEBUG neutron.api.extensions [None req-fdb2fd27-8f9d-45d9-8756-6f96ac0bbe2c None None] Extended resource: tags {{(pid=111532) __init__ /opt/stack/neutron/neutron/api/extensions.py:157}}
Jun 16 17:52:42 ubuntu neutron-server[111532]: DEBUG neutron.api.extensions [None req-fdb2fd27-8f9d-45d9-8756-6f96ac0bbe2c None None] Extended resource: tags {{(pid=111532) __init__ /opt/stack/neutron/neutron/api/extensions.py:157}}
Jun 16 17:52:42 ubuntu neutron-server[111532]: WARNING keystonemiddleware.auth_token [None req-fdb2fd27-8f9d-45d9-8756-6f96ac0bbe2c None None] AuthToken middleware is set with keystone_authtoken.service_token_roles_required set to False. This is backwards compatible but deprecated behaviour. Please set this to True.
Jun 16 17:52:42 ubuntu neutron-server[111532]: WARNING keystonemiddleware.auth_token [None req-fdb2fd27-8f9d-45d9-8756-6f96ac0bbe2c None None] Configuring www_authenticate_uri to point to the public identity endpoint is required; clients may not be able to authenticate against an admin endpoint
Jun 16 17:52:42 ubuntu neutron-server[111532]: DEBUG oslo_concurrency.lockutils [None req-fdb2fd27-8f9d-45d9-8756-6f96ac0bbe2c None None] Acquired lock "singleton_lock" {{(pid=111532) lock /usr/local/lib/python3.8/dist-packages/oslo_concurrency/lockutils.py:294}}
Jun 16 17:52:42 ubuntu neutron-server[111532]: DEBUG oslo_concurrency.lockutils [None req-fdb2fd27-8f9d-45d9-8756-6f96ac0bbe2c None None] Releasing lock "singleton_lock" {{(pid=111532) lock /usr/local/lib/python3.8/dist-packages/oslo_concurrency/lockutils.py:312}}
Jun 16 17:52:42 ubuntu neutron-server[111532]: INFO oslo_service.service [None req-fdb2fd27-8f9d-45d9-8756-6f96ac0bbe2c None None] Starting 2 workers
Jun 16 17:52:42 ubuntu neutron-server[111532]: DEBUG oslo_service.service [None req-fdb2fd27-8f9d-45d9-8756-6f96ac0bbe2c None None] Started child 111741 {{(pid=111532) _start_child /usr/local/lib/python3.8/dist-packages/oslo_service/service.py:575}}
Jun 16 17:52:42 ubuntu neutron-server[111532]: DEBUG oslo_service.service [None req-fdb2fd27-8f9d-45d9-8756-6f96ac0bbe2c None None] Started child 111742 {{(pid=111532) _start_child /usr/local/lib/python3.8/dist-packages/oslo_service/service.py:575}}
Jun 16 17:52:42 ubuntu neutron-server[111532]: INFO neutron.service [None req-fdb2fd27-8f9d-45d9-8756-6f96ac0bbe2c None None] Neutron service started, listening on 0.0.0.0:9696
Jun 16 17:52:42 ubuntu neutron-server[111532]: DEBUG neutron_lib.callbacks.manager [None req-fdb2fd27-8f9d-45d9-8756-6f96ac0bbe2c None None] Publish callbacks ['neutron.plugins.ml2.drivers.ovn.mech_driver.mech_driver.OVNMechanismDriver.pre_fork_initialize-589359'] for process (None), before_spawn {{(pid=111532) _notify_loop /usr/local/lib/python3.8/dist-packages/neutron_lib/callbacks/manager.py:176}}
Jun 16 17:52:42 ubuntu neutron-server[111741]: DEBUG neutron_lib.callbacks.manager [-] Publish callbacks ['neutron.plugins.ml2.drivers.ovn.mech_driver.mech_driver.OVNMechanismDriver.post_fork_initialize-589387'] for process (None), after_init {{(pid=111741) _notify_loop /usr/local/lib/python3.8/dist-packages/neutron_lib/callbacks/manager.py:176}}
Jun 16 17:52:42 ubuntu neutron-server[111742]: DEBUG neutron_lib.callbacks.manager [-] Publish callbacks ['neutron.plugins.ml2.drivers.ovn.mech_driver.mech_driver.OVNMechanismDriver.post_fork_initialize-589387'] for process (None), after_init {{(pid=111742) _notify_loop /usr/local/lib/python3.8/dist-packages/neutron_lib/callbacks/manager.py:176}}
Jun 16 17:52:42 ubuntu neutron-server[111741]: DEBUG dbcounter [-] [111741] Writer thread running {{(pid=111741) stat_writer /usr/local/lib/python3.8/dist-packages/dbcounter.py:99}}
Jun 16 17:52:42 ubuntu neutron-server[111742]: DEBUG dbcounter [-] [111742] Writer thread running {{(pid=111742) stat_writer /usr/local/lib/python3.8/dist-packages/dbcounter.py:99}}
Jun 16 17:52:42 ubuntu neutron-server[111532]: DEBUG ovsdbapp.backend.ovs_idl [None req-fdb2fd27-8f9d-45d9-8756-6f96ac0bbe2c None None] Created schema index Port_Group.name {{(pid=111532) autocreate_indices /usr/local/lib/python3.8/dist-packages/ovsdbapp/backend/ovs_idl/__init__.py:104}}
Jun 16 17:52:42 ubuntu neutron-server[111532]: DEBUG ovsdbapp.backend.ovs_idl [None req-fdb2fd27-8f9d-45d9-8756-6f96ac0bbe2c None None] Created schema index Logical_Switch_Port.name {{(pid=111532) autocreate_indices /usr/local/lib/python3.8/dist-packages/ovsdbapp/backend/ovs_idl/__init__.py:104}}
Jun 16 17:52:42 ubuntu neutron-server[111532]: DEBUG ovsdbapp.backend.ovs_idl.transaction [-] Running txn n=1 command(idx=0): PgAddCommand(name=neutron_pg_drop, may_exist=True, columns={'acls': []}) {{(pid=111532) do_commit /usr/local/lib/python3.8/dist-packages/ovsdbapp/backend/ovs_idl/transaction.py:90}}
Jun 16 17:52:42 ubuntu neutron-server[111532]: DEBUG ovsdbapp.backend.ovs_idl.transaction [-] Running txn n=1 command(idx=1): PgAclAddCommand(entity=neutron_pg_drop, direction=from-lport, priority=1001, match=inport == @neutron_pg_drop && ip, action=drop, log=False, may_exist=True, severity=[], name=[], meter=None, external_ids={}) {{(pid=111532) do_commit /usr/local/lib/python3.8/dist-packages/ovsdbapp/backend/ovs_idl/transaction.py:90}}
Jun 16 17:52:42 ubuntu neutron-server[111741]: INFO neutron.plugins.ml2.drivers.ovn.mech_driver.ovsdb.impl_idl_ovn [None req-00748b49-d099-427f-b342-acc72bccf855 None None] Getting OvsdbNbOvnIdl for WorkerService with retry
Jun 16 17:52:42 ubuntu neutron-server[111532]: DEBUG ovsdbapp.backend.ovs_idl.transaction [-] Running txn n=1 command(idx=2): PgAclAddCommand(entity=neutron_pg_drop, direction=to-lport, priority=1001, match=outport == @neutron_pg_drop && ip, action=drop, log=False, may_exist=True, severity=[], name=[], meter=None, external_ids={}) {{(pid=111532) do_commit /usr/local/lib/python3.8/dist-packages/ovsdbapp/backend/ovs_idl/transaction.py:90}}
Jun 16 17:52:42 ubuntu neutron-server[111532]: DEBUG ovsdbapp.backend.ovs_idl.transaction [-] OVSDB transaction returned TRY_AGAIN, retrying {{(pid=111532) do_commit /usr/local/lib/python3.8/dist-packages/ovsdbapp/backend/ovs_idl/transaction.py:107}}
Jun 16 17:52:42 ubuntu neutron-server[111742]: INFO neutron.plugins.ml2.drivers.ovn.mech_driver.ovsdb.impl_idl_ovn [None req-a491de9b-4565-4457-b3b8-88c092a4f03c None None] Getting OvsdbNbOvnIdl for WorkerService with retry
Jun 16 17:52:42 ubuntu neutron-server[111742]: DEBUG ovsdbapp.backend.ovs_idl [None req-a491de9b-4565-4457-b3b8-88c092a4f03c None None] Created lookup_table index Logical_Switch.name {{(pid=111742) autocreate_indices /usr/local/lib/python3.8/dist-packages/ovsdbapp/backend/ovs_idl/__init__.py:85}}
Jun 16 17:52:42 ubuntu neutron-server[111742]: DEBUG ovsdbapp.backend.ovs_idl [None req-a491de9b-4565-4457-b3b8-88c092a4f03c None None] Created lookup_table index Logical_Router.name {{(pid=111742) autocreate_indices /usr/local/lib/python3.8/dist-packages/ovsdbapp/backend/ovs_idl/__init__.py:85}}
Jun 16 17:52:42 ubuntu neutron-server[111742]: DEBUG ovsdbapp.backend.ovs_idl [None req-a491de9b-4565-4457-b3b8-88c092a4f03c None None] Created lookup_table index Load_Balancer.name {{(pid=111742) autocreate_indices /usr/local/lib/python3.8/dist-packages/ovsdbapp/backend/ovs_idl/__init__.py:85}}
Jun 16 17:52:42 ubuntu neutron-server[111742]: DEBUG ovsdbapp.backend.ovs_idl [None req-a491de9b-4565-4457-b3b8-88c092a4f03c None None] Created schema index Meter.name {{(pid=111742) autocreate_indices /usr/local/lib/python3.8/dist-packages/ovsdbapp/backend/ovs_idl/__init__.py:104}}
Jun 16 17:52:42 ubuntu neutron-server[111742]: DEBUG ovsdbapp.backend.ovs_idl [None req-a491de9b-4565-4457-b3b8-88c092a4f03c None None] Created schema index Address_Set.name {{(pid=111742) autocreate_indices /usr/local/lib/python3.8/dist-packages/ovsdbapp/backend/ovs_idl/__init__.py:104}}
Jun 16 17:52:42 ubuntu neutron-server[111742]: DEBUG ovsdbapp.backend.ovs_idl [None req-a491de9b-4565-4457-b3b8-88c092a4f03c None None] Created schema index HA_Chassis_Group.name {{(pid=111742) autocreate_indices /usr/local/lib/python3.8/dist-packages/ovsdbapp/backend/ovs_idl/__init__.py:104}}
Jun 16 17:52:42 ubuntu neutron-server[111742]: DEBUG ovsdbapp.backend.ovs_idl [None req-a491de9b-4565-4457-b3b8-88c092a4f03c None None] Created schema index Connection.target {{(pid=111742) autocreate_indices /usr/local/lib/python3.8/dist-packages/ovsdbapp/backend/ovs_idl/__init__.py:104}}
Jun 16 17:52:42 ubuntu neutron-server[111742]: DEBUG ovsdbapp.backend.ovs_idl [None req-a491de9b-4565-4457-b3b8-88c092a4f03c None None] Created schema index Gateway_Chassis.name {{(pid=111742) autocreate_indices /usr/local/lib/python3.8/dist-packages/ovsdbapp/backend/ovs_idl/__init__.py:104}}
Jun 16 17:52:42 ubuntu neutron-server[111742]: DEBUG ovsdbapp.backend.ovs_idl [None req-a491de9b-4565-4457-b3b8-88c092a4f03c None None] Created schema index Logical_Router_Port.name {{(pid=111742) autocreate_indices /usr/local/lib/python3.8/dist-packages/ovsdbapp/backend/ovs_idl/__init__.py:104}}
Jun 16 17:52:42 ubuntu neutron-server[111742]: DEBUG ovsdbapp.backend.ovs_idl [None req-a491de9b-4565-4457-b3b8-88c092a4f03c None None] Created schema index Port_Group.name {{(pid=111742) autocreate_indices /usr/local/lib/python3.8/dist-packages/ovsdbapp/backend/ovs_idl/__init__.py:104}}
Jun 16 17:52:42 ubuntu neutron-server[111742]: DEBUG ovsdbapp.backend.ovs_idl [None req-a491de9b-4565-4457-b3b8-88c092a4f03c None None] Created schema index Logical_Switch_Port.name {{(pid=111742) autocreate_indices /usr/local/lib/python3.8/dist-packages/ovsdbapp/backend/ovs_idl/__init__.py:104}}
Jun 16 17:52:42 ubuntu neutron-server[111742]: INFO ovsdbapp.backend.ovs_idl.vlog [None req-a491de9b-4565-4457-b3b8-88c092a4f03c None None] tcp:192.168.79.45:6641: connecting...
Jun 16 17:52:42 ubuntu neutron-server[111742]: INFO ovsdbapp.backend.ovs_idl.vlog [None req-a491de9b-4565-4457-b3b8-88c092a4f03c None None] tcp:192.168.79.45:6641: connected
Jun 16 17:52:42 ubuntu neutron-server[111741]: DEBUG ovsdbapp.backend.ovs_idl [None req-00748b49-d099-427f-b342-acc72bccf855 None None] Created lookup_table index Logical_Switch.name {{(pid=111741) autocreate_indices /usr/local/lib/python3.8/dist-packages/ovsdbapp/backend/ovs_idl/__init__.py:85}}
Jun 16 17:52:42 ubuntu neutron-server[111741]: DEBUG ovsdbapp.backend.ovs_idl [None req-00748b49-d099-427f-b342-acc72bccf855 None None] Created lookup_table index Logical_Router.name {{(pid=111741) autocreate_indices /usr/local/lib/python3.8/dist-packages/ovsdbapp/backend/ovs_idl/__init__.py:85}}
Jun 16 17:52:42 ubuntu neutron-server[111741]: DEBUG ovsdbapp.backend.ovs_idl [None req-00748b49-d099-427f-b342-acc72bccf855 None None] Created lookup_table index Load_Balancer.name {{(pid=111741) autocreate_indices /usr/local/lib/python3.8/dist-packages/ovsdbapp/backend/ovs_idl/__init__.py:85}}
Jun 16 17:52:42 ubuntu neutron-server[111741]: DEBUG ovsdbapp.backend.ovs_idl [None req-00748b49-d099-427f-b342-acc72bccf855 None None] Created schema index Meter.name {{(pid=111741) autocreate_indices /usr/local/lib/python3.8/dist-packages/ovsdbapp/backend/ovs_idl/__init__.py:104}}
Jun 16 17:52:42 ubuntu neutron-server[111741]: DEBUG ovsdbapp.backend.ovs_idl [None req-00748b49-d099-427f-b342-acc72bccf855 None None] Created schema index Address_Set.name {{(pid=111741) autocreate_indices /usr/local/lib/python3.8/dist-packages/ovsdbapp/backend/ovs_idl/__init__.py:104}}
Jun 16 17:52:42 ubuntu neutron-server[111741]: DEBUG ovsdbapp.backend.ovs_idl [None req-00748b49-d099-427f-b342-acc72bccf855 None None] Created schema index HA_Chassis_Group.name {{(pid=111741) autocreate_indices /usr/local/lib/python3.8/dist-packages/ovsdbapp/backend/ovs_idl/__init__.py:104}}
Jun 16 17:52:42 ubuntu neutron-server[111741]: DEBUG ovsdbapp.backend.ovs_idl [None req-00748b49-d099-427f-b342-acc72bccf855 None None] Created schema index Connection.target {{(pid=111741) autocreate_indices /usr/local/lib/python3.8/dist-packages/ovsdbapp/backend/ovs_idl/__init__.py:104}}
Jun 16 17:52:42 ubuntu neutron-server[111741]: DEBUG ovsdbapp.backend.ovs_idl [None req-00748b49-d099-427f-b342-acc72bccf855 None None] Created schema index Gateway_Chassis.name {{(pid=111741) autocreate_indices /usr/local/lib/python3.8/dist-packages/ovsdbapp/backend/ovs_idl/__init__.py:104}}
Jun 16 17:52:42 ubuntu neutron-server[111741]: DEBUG ovsdbapp.backend.ovs_idl [None req-00748b49-d099-427f-b342-acc72bccf855 None None] Created schema index Logical_Router_Port.name {{(pid=111741) autocreate_indices /usr/local/lib/python3.8/dist-packages/ovsdbapp/backend/ovs_idl/__init__.py:104}}
Jun 16 17:52:42 ubuntu neutron-server[111741]: DEBUG ovsdbapp.backend.ovs_idl [None req-00748b49-d099-427f-b342-acc72bccf855 None None] Created schema index Port_Group.name {{(pid=111741) autocreate_indices /usr/local/lib/python3.8/dist-packages/ovsdbapp/backend/ovs_idl/__init__.py:104}}
Jun 16 17:52:42 ubuntu neutron-server[111741]: DEBUG ovsdbapp.backend.ovs_idl [None req-00748b49-d099-427f-b342-acc72bccf855 None None] Created schema index Logical_Switch_Port.name {{(pid=111741) autocreate_indices /usr/local/lib/python3.8/dist-packages/ovsdbapp/backend/ovs_idl/__init__.py:104}}
Jun 16 17:52:42 ubuntu neutron-server[111741]: INFO ovsdbapp.backend.ovs_idl.vlog [None req-00748b49-d099-427f-b342-acc72bccf855 None None] tcp:192.168.79.45:6641: connecting...
Jun 16 17:52:42 ubuntu neutron-server[111741]: INFO ovsdbapp.backend.ovs_idl.vlog [None req-00748b49-d099-427f-b342-acc72bccf855 None None] tcp:192.168.79.45:6641: connected
Jun 16 17:52:43 ubuntu neutron-server[111742]: DEBUG neutron.common.ovn.hash_ring_manager [None req-a491de9b-4565-4457-b3b8-88c092a4f03c None None] Allow caching, nodes 2>=2 {{(pid=111742) _wait_startup_before_caching /opt/stack/neutron/neutron/common/ovn/hash_ring_manager.py:60}}
Jun 16 17:52:43 ubuntu neutron-server[111741]: DEBUG neutron.common.ovn.hash_ring_manager [None req-00748b49-d099-427f-b342-acc72bccf855 None None] Allow caching, nodes 2>=2 {{(pid=111741) _wait_startup_before_caching /opt/stack/neutron/neutron/common/ovn/hash_ring_manager.py:60}}
Jun 16 17:52:43 ubuntu neutron-server[111742]: DEBUG neutron.plugins.ml2.drivers.ovn.mech_driver.ovsdb.ovsdb_monitor [None req-a491de9b-4565-4457-b3b8-88c092a4f03c None None] Hash Ring: Node ba421ab9-bde8-40f0-8366-7900fc42be6f (host: ubuntu) handling event "create" for row 819ee621-432a-415a-9456-be6ee9bd8be1 (table: Database) {{(pid=111742) notify /opt/stack/neutron/neutron/plugins/ml2/drivers/ovn/mech_driver/ovsdb/ovsdb_monitor.py:743}}
Jun 16 17:52:43 ubuntu neutron-server[111742]: DEBUG neutron.plugins.ml2.drivers.ovn.mech_driver.ovsdb.ovsdb_monitor [None req-a491de9b-4565-4457-b3b8-88c092a4f03c None None] Hash Ring: Node ba421ab9-bde8-40f0-8366-7900fc42be6f (host: ubuntu) handling event "create" for row cf44e173-8526-45b9-85cc-e1fb950cac41 (table: NB_Global) {{(pid=111742) notify /opt/stack/neutron/neutron/plugins/ml2/drivers/ovn/mech_driver/ovsdb/ovsdb_monitor.py:743}}
Jun 16 17:52:43 ubuntu neutron-server[111741]: DEBUG neutron.plugins.ml2.drivers.ovn.mech_driver.ovsdb.ovsdb_monitor [None req-00748b49-d099-427f-b342-acc72bccf855 None None] Hash Ring: Node 1ac15812-70bc-49cc-a8ba-a1450dc137a0 (host: ubuntu) handling event "create" for row 6f3564ab-de5f-4498-9b21-f3aeed181923 (table: Database) {{(pid=111741) notify /opt/stack/neutron/neutron/plugins/ml2/drivers/ovn/mech_driver/ovsdb/ovsdb_monitor.py:743}}
Jun 16 17:52:43 ubuntu neutron-server[111742]: INFO neutron.plugins.ml2.drivers.ovn.mech_driver.ovsdb.impl_idl_ovn [None req-a491de9b-4565-4457-b3b8-88c092a4f03c None None] Getting OvsdbSbOvnIdl for WorkerService with retry
Jun 16 17:52:43 ubuntu neutron-server[111741]: DEBUG neutron.plugins.ml2.drivers.ovn.mech_driver.ovsdb.ovsdb_monitor [None req-00748b49-d099-427f-b342-acc72bccf855 None None] Hash Ring: Node 1ac15812-70bc-49cc-a8ba-a1450dc137a0 (host: ubuntu) handling event "create" for row aaa08d60-2f2e-4c2a-8190-18455ac80961 (table: Connection) {{(pid=111741) notify /opt/stack/neutron/neutron/plugins/ml2/drivers/ovn/mech_driver/ovsdb/ovsdb_monitor.py:743}}
Jun 16 17:52:43 ubuntu neutron-server[111741]: INFO neutron.plugins.ml2.drivers.ovn.mech_driver.ovsdb.impl_idl_ovn [None req-00748b49-d099-427f-b342-acc72bccf855 None None] Getting OvsdbSbOvnIdl for WorkerService with retry
Jun 16 17:52:43 ubuntu neutron-server[111742]: DEBUG ovsdbapp.backend.ovs_idl [None req-a491de9b-4565-4457-b3b8-88c092a4f03c None None] Created lookup_table index Chassis.name {{(pid=111742) autocreate_indices /usr/local/lib/python3.8/dist-packages/ovsdbapp/backend/ovs_idl/__init__.py:85}}
Jun 16 17:52:43 ubuntu neutron-server[111742]: DEBUG ovsdbapp.backend.ovs_idl [None req-a491de9b-4565-4457-b3b8-88c092a4f03c None None] Created schema index Datapath_Binding.tunnel_key {{(pid=111742) autocreate_indices /usr/local/lib/python3.8/dist-packages/ovsdbapp/backend/ovs_idl/__init__.py:104}}
Jun 16 17:52:43 ubuntu neutron-server[111742]: DEBUG ovsdbapp.backend.ovs_idl [None req-a491de9b-4565-4457-b3b8-88c092a4f03c None None] Created schema index Connection.target {{(pid=111742) autocreate_indices /usr/local/lib/python3.8/dist-packages/ovsdbapp/backend/ovs_idl/__init__.py:104}}
Jun 16 17:52:43 ubuntu neutron-server[111742]: INFO ovsdbapp.backend.ovs_idl.vlog [None req-a491de9b-4565-4457-b3b8-88c092a4f03c None None] tcp:192.168.79.45:6642: connecting...
Jun 16 17:52:43 ubuntu neutron-server[111742]: INFO ovsdbapp.backend.ovs_idl.vlog [None req-a491de9b-4565-4457-b3b8-88c092a4f03c None None] tcp:192.168.79.45:6642: connected
Jun 16 17:52:43 ubuntu neutron-server[111741]: DEBUG ovsdbapp.backend.ovs_idl [None req-00748b49-d099-427f-b342-acc72bccf855 None None] Created lookup_table index Chassis.name {{(pid=111741) autocreate_indices /usr/local/lib/python3.8/dist-packages/ovsdbapp/backend/ovs_idl/__init__.py:85}}
Jun 16 17:52:43 ubuntu neutron-server[111741]: DEBUG ovsdbapp.backend.ovs_idl [None req-00748b49-d099-427f-b342-acc72bccf855 None None] Created schema index Datapath_Binding.tunnel_key {{(pid=111741) autocreate_indices /usr/local/lib/python3.8/dist-packages/ovsdbapp/backend/ovs_idl/__init__.py:104}}
Jun 16 17:52:43 ubuntu neutron-server[111741]: DEBUG ovsdbapp.backend.ovs_idl [None req-00748b49-d099-427f-b342-acc72bccf855 None None] Created schema index Connection.target {{(pid=111741) autocreate_indices /usr/local/lib/python3.8/dist-packages/ovsdbapp/backend/ovs_idl/__init__.py:104}}
Jun 16 17:52:43 ubuntu neutron-server[111741]: INFO ovsdbapp.backend.ovs_idl.vlog [None req-00748b49-d099-427f-b342-acc72bccf855 None None] tcp:192.168.79.45:6642: connecting...
Jun 16 17:52:43 ubuntu neutron-server[111741]: INFO ovsdbapp.backend.ovs_idl.vlog [None req-00748b49-d099-427f-b342-acc72bccf855 None None] tcp:192.168.79.45:6642: connected
Jun 16 17:52:43 ubuntu neutron-server[111741]: DEBUG neutron.common.ovn.hash_ring_manager [None req-00748b49-d099-427f-b342-acc72bccf855 None None] Allow caching, nodes 2>=2 {{(pid=111741) _wait_startup_before_caching /opt/stack/neutron/neutron/common/ovn/hash_ring_manager.py:60}}
Jun 16 17:52:43 ubuntu neutron-server[111742]: DEBUG neutron.common.ovn.hash_ring_manager [None req-a491de9b-4565-4457-b3b8-88c092a4f03c None None] Allow caching, nodes 2>=2 {{(pid=111742) _wait_startup_before_caching /opt/stack/neutron/neutron/common/ovn/hash_ring_manager.py:60}}
Jun 16 17:52:43 ubuntu neutron-server[111741]: DEBUG neutron.plugins.ml2.drivers.ovn.mech_driver.ovsdb.ovsdb_monitor [None req-00748b49-d099-427f-b342-acc72bccf855 None None] Hash Ring: Node 1ac15812-70bc-49cc-a8ba-a1450dc137a0 (host: ubuntu) handling event "create" for row c7b9b7a6-084e-4043-bef3-f63d2ff3848f (table: Database) {{(pid=111741) notify /opt/stack/neutron/neutron/plugins/ml2/drivers/ovn/mech_driver/ovsdb/ovsdb_monitor.py:743}}
Jun 16 17:52:43 ubuntu neutron-server[111742]: DEBUG neutron.plugins.ml2.drivers.ovn.mech_driver.ovsdb.ovsdb_monitor [None req-a491de9b-4565-4457-b3b8-88c092a4f03c None None] Hash Ring: Node ba421ab9-bde8-40f0-8366-7900fc42be6f (host: ubuntu) handling event "create" for row 6cb443b7-cfb2-49cd-b81f-e65f9d70b085 (table: Database) {{(pid=111742) notify /opt/stack/neutron/neutron/plugins/ml2/drivers/ovn/mech_driver/ovsdb/ovsdb_monitor.py:743}}
Jun 16 17:52:43 ubuntu neutron-server[111741]: DEBUG neutron.plugins.ml2.drivers.ovn.mech_driver.ovsdb.ovsdb_monitor [None req-00748b49-d099-427f-b342-acc72bccf855 None None] ChassisMetadataAgentWriteEvent : Matched Chassis, create, None None {{(pid=111741) matches /opt/stack/neutron/neutron/plugins/ml2/drivers/ovn/mech_driver/ovsdb/ovsdb_monitor.py:62}}
Jun 16 17:52:43 ubuntu neutron-server[111741]: DEBUG neutron.plugins.ml2.drivers.ovn.mech_driver.ovsdb.ovsdb_monitor [None req-00748b49-d099-427f-b342-acc72bccf855 None None] ChassisAgentWriteEvent : Matched Chassis, create, None None {{(pid=111741) matches /opt/stack/neutron/neutron/plugins/ml2/drivers/ovn/mech_driver/ovsdb/ovsdb_monitor.py:62}}
Jun 16 17:52:43 ubuntu neutron-server[111741]: DEBUG neutron.plugins.ml2.drivers.ovn.mech_driver.ovsdb.ovsdb_monitor [None req-00748b49-d099-427f-b342-acc72bccf855 None None] Hash Ring: Node 1ac15812-70bc-49cc-a8ba-a1450dc137a0 (host: ubuntu) handling event "create" for row f05428fb-0011-4a38-b037-dbe2e02d50b3 (table: Chassis) {{(pid=111741) notify /opt/stack/neutron/neutron/plugins/ml2/drivers/ovn/mech_driver/ovsdb/ovsdb_monitor.py:743}}
Jun 16 17:52:43 ubuntu neutron-server[111742]: DEBUG neutron.plugins.ml2.drivers.ovn.mech_driver.ovsdb.ovsdb_monitor [None req-a491de9b-4565-4457-b3b8-88c092a4f03c None None] Hash Ring: Node ba421ab9-bde8-40f0-8366-7900fc42be6f (host: ubuntu) handling event "create" for row 1abc0a58-6c43-40c6-ad8a-273ca64c37e0 (table: Encap) {{(pid=111742) notify /opt/stack/neutron/neutron/plugins/ml2/drivers/ovn/mech_driver/ovsdb/ovsdb_monitor.py:743}}
Jun 16 17:52:43 ubuntu neutron-server[111741]: DEBUG neutron.plugins.ml2.drivers.ovn.mech_driver.ovsdb.ovsdb_monitor [None req-00748b49-d099-427f-b342-acc72bccf855 None None] Hash Ring: Node 1ac15812-70bc-49cc-a8ba-a1450dc137a0 (host: ubuntu) handling event "create" for row 2f914b1f-33a2-409f-a50f-7e9c7d696c07 (table: Connection) {{(pid=111741) notify /opt/stack/neutron/neutron/plugins/ml2/drivers/ovn/mech_driver/ovsdb/ovsdb_monitor.py:743}}
Jun 16 17:52:43 ubuntu neutron-server[111742]: DEBUG neutron.plugins.ml2.drivers.ovn.mech_driver.ovsdb.ovsdb_monitor [None req-a491de9b-4565-4457-b3b8-88c092a4f03c None None] ChassisMetadataAgentWriteEvent : Matched Chassis, create, None None {{(pid=111742) matches /opt/stack/neutron/neutron/plugins/ml2/drivers/ovn/mech_driver/ovsdb/ovsdb_monitor.py:62}}
Jun 16 17:52:43 ubuntu neutron-server[111742]: DEBUG neutron.plugins.ml2.drivers.ovn.mech_driver.ovsdb.ovsdb_monitor [None req-a491de9b-4565-4457-b3b8-88c092a4f03c None None] ChassisAgentWriteEvent : Matched Chassis, create, None None {{(pid=111742) matches /opt/stack/neutron/neutron/plugins/ml2/drivers/ovn/mech_driver/ovsdb/ovsdb_monitor.py:62}}
Jun 16 17:52:43 ubuntu neutron-server[111741]: INFO neutron.wsgi [-] (111741) wsgi starting up on http://0.0.0.0:9696
Jun 16 17:52:43 ubuntu neutron-server[111742]: INFO neutron.wsgi [-] (111742) wsgi starting up on http://0.0.0.0:9696
Jun 16 17:52:43 ubuntu neutron-server[111741]: DEBUG neutron.wsgi [-] (111741) accepted ('192.168.79.45', 51356) {{(pid=111741) server /usr/local/lib/python3.8/dist-packages/eventlet/wsgi.py:1004}}
Jun 16 17:52:43 ubuntu neutron-server[111741]: INFO neutron.wsgi [-] 192.168.79.45 "GET / HTTP/1.1" status: 200  len: 255 time: 0.0059574
Jun 16 17:52:43 ubuntu neutron-server[111741]: DEBUG neutron.plugins.ml2.drivers.ovn.mech_driver.ovsdb.ovsdb_monitor [-] Hash Ring: Node 1ac15812-70bc-49cc-a8ba-a1450dc137a0 (host: ubuntu) handling event "update" for row 2f914b1f-33a2-409f-a50f-7e9c7d696c07 (table: Connection) {{(pid=111741) notify /opt/stack/neutron/neutron/plugins/ml2/drivers/ovn/mech_driver/ovsdb/ovsdb_monitor.py:743}}
Jun 16 17:52:43 ubuntu neutron-server[111741]: DEBUG neutron.plugins.ml2.drivers.ovn.mech_driver.ovsdb.ovsdb_monitor [-] Hash Ring: Node 1ac15812-70bc-49cc-a8ba-a1450dc137a0 (host: ubuntu) handling event "update" for row aaa08d60-2f2e-4c2a-8190-18455ac80961 (table: Connection) {{(pid=111741) notify /opt/stack/neutron/neutron/plugins/ml2/drivers/ovn/mech_driver/ovsdb/ovsdb_monitor.py:743}}
Jun 16 17:52:43 ubuntu neutron-server[111532]: DEBUG ovsdbapp.backend.ovs_idl.transaction [-] Running txn n=2 command(idx=0): PgAddCommand(name=neutron_pg_drop, may_exist=True, columns={'acls': []}) {{(pid=111532) do_commit /usr/local/lib/python3.8/dist-packages/ovsdbapp/backend/ovs_idl/transaction.py:90}}
Jun 16 17:52:43 ubuntu neutron-server[111532]: DEBUG ovsdbapp.backend.ovs_idl.transaction [-] Running txn n=2 command(idx=1): PgAclAddCommand(entity=neutron_pg_drop, direction=from-lport, priority=1001, match=inport == @neutron_pg_drop && ip, action=drop, log=False, may_exist=True, severity=[], name=[], meter=None, external_ids={}) {{(pid=111532) do_commit /usr/local/lib/python3.8/dist-packages/ovsdbapp/backend/ovs_idl/transaction.py:90}}
Jun 16 17:52:43 ubuntu neutron-server[111532]: DEBUG ovsdbapp.backend.ovs_idl.transaction [-] Running txn n=2 command(idx=2): PgAclAddCommand(entity=neutron_pg_drop, direction=to-lport, priority=1001, match=outport == @neutron_pg_drop && ip, action=drop, log=False, may_exist=True, severity=[], name=[], meter=None, external_ids={}) {{(pid=111532) do_commit /usr/local/lib/python3.8/dist-packages/ovsdbapp/backend/ovs_idl/transaction.py:90}}
Jun 16 17:52:43 ubuntu neutron-server[111532]: DEBUG ovsdbapp.backend.ovs_idl.transaction [-] OVSDB transaction returned TRY_AGAIN, retrying {{(pid=111532) do_commit /usr/local/lib/python3.8/dist-packages/ovsdbapp/backend/ovs_idl/transaction.py:107}}
Jun 16 17:52:45 ubuntu neutron-server[111532]: DEBUG ovsdbapp.backend.ovs_idl.transaction [-] Running txn n=3 command(idx=0): PgAddCommand(name=neutron_pg_drop, may_exist=True, columns={'acls': []}) {{(pid=111532) do_commit /usr/local/lib/python3.8/dist-packages/ovsdbapp/backend/ovs_idl/transaction.py:90}}
Jun 16 17:52:45 ubuntu neutron-server[111532]: DEBUG ovsdbapp.backend.ovs_idl.transaction [-] Running txn n=3 command(idx=1): PgAclAddCommand(entity=neutron_pg_drop, direction=from-lport, priority=1001, match=inport == @neutron_pg_drop && ip, action=drop, log=False, may_exist=True, severity=[], name=[], meter=None, external_ids={}) {{(pid=111532) do_commit /usr/local/lib/python3.8/dist-packages/ovsdbapp/backend/ovs_idl/transaction.py:90}}
Jun 16 17:52:45 ubuntu neutron-server[111532]: DEBUG ovsdbapp.backend.ovs_idl.transaction [-] Running txn n=3 command(idx=2): PgAclAddCommand(entity=neutron_pg_drop, direction=to-lport, priority=1001, match=outport == @neutron_pg_drop && ip, action=drop, log=False, may_exist=True, severity=[], name=[], meter=None, external_ids={}) {{(pid=111532) do_commit /usr/local/lib/python3.8/dist-packages/ovsdbapp/backend/ovs_idl/transaction.py:90}}
Jun 16 17:52:45 ubuntu neutron-server[111532]: DEBUG ovsdbapp.backend.ovs_idl.transaction [-] OVSDB transaction returned TRY_AGAIN, retrying {{(pid=111532) do_commit /usr/local/lib/python3.8/dist-packages/ovsdbapp/backend/ovs_idl/transaction.py:107}}
Jun 16 17:52:49 ubuntu neutron-server[111532]: DEBUG ovsdbapp.backend.ovs_idl.transaction [-] Running txn n=4 command(idx=0): PgAddCommand(name=neutron_pg_drop, may_exist=True, columns={'acls': []}) {{(pid=111532) do_commit /usr/local/lib/python3.8/dist-packages/ovsdbapp/backend/ovs_idl/transaction.py:90}}
Jun 16 17:52:49 ubuntu neutron-server[111532]: DEBUG ovsdbapp.backend.ovs_idl.transaction [-] Running txn n=4 command(idx=1): PgAclAddCommand(entity=neutron_pg_drop, direction=from-lport, priority=1001, match=inport == @neutron_pg_drop && ip, action=drop, log=False, may_exist=True, severity=[], name=[], meter=None, external_ids={}) {{(pid=111532) do_commit /usr/local/lib/python3.8/dist-packages/ovsdbapp/backend/ovs_idl/transaction.py:90}}
Jun 16 17:52:49 ubuntu neutron-server[111532]: DEBUG ovsdbapp.backend.ovs_idl.transaction [-] Running txn n=4 command(idx=2): PgAclAddCommand(entity=neutron_pg_drop, direction=to-lport, priority=1001, match=outport == @neutron_pg_drop && ip, action=drop, log=False, may_exist=True, severity=[], name=[], meter=None, external_ids={}) {{(pid=111532) do_commit /usr/local/lib/python3.8/dist-packages/ovsdbapp/backend/ovs_idl/transaction.py:90}}
Jun 16 17:52:49 ubuntu neutron-server[111741]: DEBUG neutron.plugins.ml2.drivers.ovn.mech_driver.ovsdb.ovsdb_monitor [-] Hash Ring: Node 1ac15812-70bc-49cc-a8ba-a1450dc137a0 (host: ubuntu) handling event "create" for row 9931d498-33b6-4fef-ac9b-35e2f18a18ea (table: Port_Group) {{(pid=111741) notify /opt/stack/neutron/neutron/plugins/ml2/drivers/ovn/mech_driver/ovsdb/ovsdb_monitor.py:743}}
Jun 16 17:52:49 ubuntu neutron-server[111532]: DEBUG ovsdbapp.backend.ovs_idl.event [-] Matched CREATE: NeutronPgDropPortGroupCreated(events=('create',), table='Port_Group', conditions=(('name', '=', 'neutron_pg_drop'),), old_conditions=None), priority=10 to row=Port_Group(name=neutron_pg_drop, ports=[], external_ids={}, acls=[<ovs.db.idl.Row object at 0x7f51fcbbb400>, <ovs.db.idl.Row object at 0x7f51fcbb07c0>]) old= {{(pid=111532) matches /usr/local/lib/python3.8/dist-packages/ovsdbapp/backend/ovs_idl/event.py:43}}
Jun 16 17:52:49 ubuntu neutron-server[111741]: DEBUG neutron.plugins.ml2.drivers.ovn.mech_driver.ovsdb.ovsdb_monitor [-] Hash Ring: Node 1ac15812-70bc-49cc-a8ba-a1450dc137a0 (host: ubuntu) handling event "create" for row 0a423146-55a8-4423-ad3e-f6204d58d799 (table: ACL) {{(pid=111741) notify /opt/stack/neutron/neutron/plugins/ml2/drivers/ovn/mech_driver/ovsdb/ovsdb_monitor.py:743}}
Jun 16 17:52:49 ubuntu neutron-server[111742]: DEBUG neutron.plugins.ml2.drivers.ovn.mech_driver.ovsdb.ovsdb_monitor [-] Hash Ring: Node ba421ab9-bde8-40f0-8366-7900fc42be6f (host: ubuntu) handling event "create" for row 238ff521-1e08-4f58-8f90-919adf08cca4 (table: ACL) {{(pid=111742) notify /opt/stack/neutron/neutron/plugins/ml2/drivers/ovn/mech_driver/ovsdb/ovsdb_monitor.py:743}}
Jun 16 17:52:49 ubuntu neutron-server[111532]: DEBUG ovsdbapp.backend.ovs_idl [None req-fdb2fd27-8f9d-45d9-8756-6f96ac0bbe2c None None] Created lookup_table index Logical_Switch.name {{(pid=111532) autocreate_indices /usr/local/lib/python3.8/dist-packages/ovsdbapp/backend/ovs_idl/__init__.py:85}}
Jun 16 17:52:49 ubuntu neutron-server[111532]: DEBUG ovsdbapp.backend.ovs_idl [None req-fdb2fd27-8f9d-45d9-8756-6f96ac0bbe2c None None] Created lookup_table index Logical_Router.name {{(pid=111532) autocreate_indices /usr/local/lib/python3.8/dist-packages/ovsdbapp/backend/ovs_idl/__init__.py:85}}
Jun 16 17:52:49 ubuntu neutron-server[111532]: DEBUG ovsdbapp.backend.ovs_idl [None req-fdb2fd27-8f9d-45d9-8756-6f96ac0bbe2c None None] Created lookup_table index Load_Balancer.name {{(pid=111532) autocreate_indices /usr/local/lib/python3.8/dist-packages/ovsdbapp/backend/ovs_idl/__init__.py:85}}
Jun 16 17:52:49 ubuntu neutron-server[111532]: DEBUG ovsdbapp.backend.ovs_idl [None req-fdb2fd27-8f9d-45d9-8756-6f96ac0bbe2c None None] Created schema index Meter.name {{(pid=111532) autocreate_indices /usr/local/lib/python3.8/dist-packages/ovsdbapp/backend/ovs_idl/__init__.py:104}}
Jun 16 17:52:49 ubuntu neutron-server[111532]: DEBUG ovsdbapp.backend.ovs_idl [None req-fdb2fd27-8f9d-45d9-8756-6f96ac0bbe2c None None] Created schema index Address_Set.name {{(pid=111532) autocreate_indices /usr/local/lib/python3.8/dist-packages/ovsdbapp/backend/ovs_idl/__init__.py:104}}
Jun 16 17:52:49 ubuntu neutron-server[111532]: DEBUG ovsdbapp.backend.ovs_idl [None req-fdb2fd27-8f9d-45d9-8756-6f96ac0bbe2c None None] Created schema index HA_Chassis_Group.name {{(pid=111532) autocreate_indices /usr/local/lib/python3.8/dist-packages/ovsdbapp/backend/ovs_idl/__init__.py:104}}
Jun 16 17:52:49 ubuntu neutron-server[111532]: DEBUG ovsdbapp.backend.ovs_idl [None req-fdb2fd27-8f9d-45d9-8756-6f96ac0bbe2c None None] Created schema index Connection.target {{(pid=111532) autocreate_indices /usr/local/lib/python3.8/dist-packages/ovsdbapp/backend/ovs_idl/__init__.py:104}}
Jun 16 17:52:49 ubuntu neutron-server[111532]: DEBUG ovsdbapp.backend.ovs_idl [None req-fdb2fd27-8f9d-45d9-8756-6f96ac0bbe2c None None] Created schema index Gateway_Chassis.name {{(pid=111532) autocreate_indices /usr/local/lib/python3.8/dist-packages/ovsdbapp/backend/ovs_idl/__init__.py:104}}
Jun 16 17:52:49 ubuntu neutron-server[111532]: DEBUG ovsdbapp.backend.ovs_idl [None req-fdb2fd27-8f9d-45d9-8756-6f96ac0bbe2c None None] Created schema index Logical_Router_Port.name {{(pid=111532) autocreate_indices /usr/local/lib/python3.8/dist-packages/ovsdbapp/backend/ovs_idl/__init__.py:104}}
Jun 16 17:52:49 ubuntu neutron-server[111532]: DEBUG ovsdbapp.backend.ovs_idl [None req-fdb2fd27-8f9d-45d9-8756-6f96ac0bbe2c None None] Created schema index Port_Group.name {{(pid=111532) autocreate_indices /usr/local/lib/python3.8/dist-packages/ovsdbapp/backend/ovs_idl/__init__.py:104}}
Jun 16 17:52:49 ubuntu neutron-server[111532]: DEBUG ovsdbapp.backend.ovs_idl [None req-fdb2fd27-8f9d-45d9-8756-6f96ac0bbe2c None None] Created schema index Logical_Switch_Port.name {{(pid=111532) autocreate_indices /usr/local/lib/python3.8/dist-packages/ovsdbapp/backend/ovs_idl/__init__.py:104}}
Jun 16 17:52:49 ubuntu neutron-server[111532]: DEBUG ovsdbapp.backend.ovs_idl [None req-fdb2fd27-8f9d-45d9-8756-6f96ac0bbe2c None None] Created lookup_table index Chassis.name {{(pid=111532) autocreate_indices /usr/local/lib/python3.8/dist-packages/ovsdbapp/backend/ovs_idl/__init__.py:85}}
