Jun 06 10:52:05 ubuntu devstack@g-api.service[140504]: DEBUG glance_store.capabilities [None req-00c10d55-f677-40e2-a647-d0e6bafc27c3 admin admin] Store glance_store._drivers.swift.store.SingleTenantStore doesn't support updating dynamic storage capabilities. Please overwrite 'update_capabilities' method of the store to implement updating logics if needed. {{(pid=140504) update_capabilities /usr/local/lib/python3.8/dist-packages/glance_store/capabilities.py:91}}
Jun 06 10:52:05 ubuntu devstack@g-api.service[140504]: DEBUG glance_store.driver [None req-00c10d55-f677-40e2-a647-d0e6bafc27c3 admin admin] Late loading location class glance_store._drivers.swift.store.StoreLocation {{(pid=140504) get_store_location_class /usr/local/lib/python3.8/dist-packages/glance_store/driver.py:117}}
Jun 06 10:52:05 ubuntu devstack@g-api.service[140504]: DEBUG glance_store.location [None req-00c10d55-f677-40e2-a647-d0e6bafc27c3 admin admin] Registering scheme swift+https with {'store': <glance_store._drivers.swift.store.SingleTenantStore object at 0x7f1cd2907f40>, 'location_class': <class 'glance_store._drivers.swift.store.StoreLocation'>, 'store_entry': 'swift'} {{(pid=140504) register_scheme_map /usr/local/lib/python3.8/dist-packages/glance_store/location.py:146}}
Jun 06 10:52:05 ubuntu devstack@g-api.service[140504]: DEBUG glance_store.location [None req-00c10d55-f677-40e2-a647-d0e6bafc27c3 admin admin] Registering scheme swift+https with {'store': <glance_store._drivers.swift.store.SingleTenantStore object at 0x7f1cd2907f40>, 'location_class': <class 'glance_store._drivers.swift.store.StoreLocation'>, 'store_entry': 'swift'} {{(pid=140504) register_scheme_map /usr/local/lib/python3.8/dist-packages/glance_store/location.py:146}}
Jun 06 10:52:05 ubuntu devstack@g-api.service[140504]: DEBUG glance_store.location [None req-00c10d55-f677-40e2-a647-d0e6bafc27c3 admin admin] Registering scheme swift with {'store': <glance_store._drivers.swift.store.SingleTenantStore object at 0x7f1cd2907f40>, 'location_class': <class 'glance_store._drivers.swift.store.StoreLocation'>, 'store_entry': 'swift'} {{(pid=140504) register_scheme_map /usr/local/lib/python3.8/dist-packages/glance_store/location.py:146}}
Jun 06 10:52:05 ubuntu devstack@g-api.service[140504]: DEBUG glance_store.location [None req-00c10d55-f677-40e2-a647-d0e6bafc27c3 admin admin] Registering scheme swift+https with {'store': <glance_store._drivers.swift.store.SingleTenantStore object at 0x7f1cd2907f40>, 'location_class': <class 'glance_store._drivers.swift.store.StoreLocation'>, 'store_entry': 'swift'} {{(pid=140504) register_scheme_map /usr/local/lib/python3.8/dist-packages/glance_store/location.py:146}}
Jun 06 10:52:05 ubuntu devstack@g-api.service[140504]: DEBUG glance_store.location [None req-00c10d55-f677-40e2-a647-d0e6bafc27c3 admin admin] Registering scheme swift with {'store': <glance_store._drivers.swift.store.SingleTenantStore object at 0x7f1cd2907f40>, 'location_class': <class 'glance_store._drivers.swift.store.StoreLocation'>, 'store_entry': 'swift'} {{(pid=140504) register_scheme_map /usr/local/lib/python3.8/dist-packages/glance_store/location.py:146}}
Jun 06 10:52:05 ubuntu devstack@g-api.service[140504]: DEBUG glance_store.location [None req-00c10d55-f677-40e2-a647-d0e6bafc27c3 admin admin] Registering scheme swift+http with {'store': <glance_store._drivers.swift.store.SingleTenantStore object at 0x7f1cd2907f40>, 'location_class': <class 'glance_store._drivers.swift.store.StoreLocation'>, 'store_entry': 'swift'} {{(pid=140504) register_scheme_map /usr/local/lib/python3.8/dist-packages/glance_store/location.py:146}}
Jun 06 10:52:05 ubuntu devstack@g-api.service[140504]: DEBUG glance_store.location [None req-00c10d55-f677-40e2-a647-d0e6bafc27c3 admin admin] Registering scheme swift+https with {'store': <glance_store._drivers.swift.store.SingleTenantStore object at 0x7f1cd2907f40>, 'location_class': <class 'glance_store._drivers.swift.store.StoreLocation'>, 'store_entry': 'swift'} {{(pid=140504) register_scheme_map /usr/local/lib/python3.8/dist-packages/glance_store/location.py:146}}
Jun 06 10:52:05 ubuntu devstack@g-api.service[140504]: DEBUG glance_store.location [None req-00c10d55-f677-40e2-a647-d0e6bafc27c3 admin admin] Registering scheme swift with {'store': <glance_store._drivers.swift.store.SingleTenantStore object at 0x7f1cd2907f40>, 'location_class': <class 'glance_store._drivers.swift.store.StoreLocation'>, 'store_entry': 'swift'} {{(pid=140504) register_scheme_map /usr/local/lib/python3.8/dist-packages/glance_store/location.py:146}}
Jun 06 10:52:05 ubuntu devstack@g-api.service[140504]: DEBUG glance_store.location [None req-00c10d55-f677-40e2-a647-d0e6bafc27c3 admin admin] Registering scheme swift+http with {'store': <glance_store._drivers.swift.store.SingleTenantStore object at 0x7f1cd2907f40>, 'location_class': <class 'glance_store._drivers.swift.store.StoreLocation'>, 'store_entry': 'swift'} {{(pid=140504) register_scheme_map /usr/local/lib/python3.8/dist-packages/glance_store/location.py:146}}
Jun 06 10:52:05 ubuntu devstack@g-api.service[140504]: DEBUG glance_store.location [None req-00c10d55-f677-40e2-a647-d0e6bafc27c3 admin admin] Registering scheme swift+config with {'store': <glance_store._drivers.swift.store.SingleTenantStore object at 0x7f1cd2907f40>, 'location_class': <class 'glance_store._drivers.swift.store.StoreLocation'>, 'store_entry': 'swift'} {{(pid=140504) register_scheme_map /usr/local/lib/python3.8/dist-packages/glance_store/location.py:146}}
Jun 06 10:52:05 ubuntu devstack@g-api.service[140504]: DEBUG glance_store.backend [None req-00c10d55-f677-40e2-a647-d0e6bafc27c3 admin admin] Skipping store.set_acls... not implemented. {{(pid=140504) set_acls /usr/local/lib/python3.8/dist-packages/glance_store/backend.py:509}}
Jun 06 10:52:05 ubuntu devstack@g-api.service[140504]: [pid: 140504|app: 0|req: 3/4] 127.0.0.1 () {40 vars in 862 bytes} [Mon Jun  6 10:52:03 2022] PUT /v2/images/f537d4d3-6b02-48d8-ba5c-ca811731d5bb/file => generated 0 bytes in 2068 msecs (HTTP/1.1 204) 4 headers in 171 bytes (1 switches on core 0)
Jun 06 10:52:13 ubuntu devstack@g-api.service[140505]: DEBUG dbcounter [-] [140505] Writing DB stats glance:SELECT=9,glance:INSERT=5 {{(pid=140505) stat_writer /usr/local/lib/python3.8/dist-packages/dbcounter.py:114}}
Jun 06 10:52:15 ubuntu devstack@g-api.service[140504]: DEBUG dbcounter [-] [140504] Writing DB stats glance:SELECT=28,glance:UPDATE=2,glance:INSERT=1 {{(pid=140504) stat_writer /usr/local/lib/python3.8/dist-packages/dbcounter.py:114}}
Jun 06 10:52:57 ubuntu devstack@g-api.service[140505]: DEBUG glance.api.middleware.version_negotiation [None req-1d8ee92d-9948-4a44-8f66-af67dea6aa25 admin admin] Determining version of request: GET / Accept: application/json {{(pid=140505) process_request /opt/stack/glance/glance/api/middleware/version_negotiation.py:44}}
Jun 06 10:52:57 ubuntu devstack@g-api.service[140505]: DEBUG glance.api.middleware.version_negotiation [None req-1d8ee92d-9948-4a44-8f66-af67dea6aa25 admin admin] Using url versioning {{(pid=140505) process_request /opt/stack/glance/glance/api/middleware/version_negotiation.py:57}}
Jun 06 10:52:57 ubuntu devstack@g-api.service[140505]: DEBUG glance.api.middleware.version_negotiation [None req-1d8ee92d-9948-4a44-8f66-af67dea6aa25 admin admin] Unknown version. Returning version choices. {{(pid=140505) process_request /opt/stack/glance/glance/api/middleware/version_negotiation.py:64}}
Jun 06 10:52:57 ubuntu devstack@g-api.service[140505]: [pid: 140505|app: 0|req: 2/5] 127.0.0.1 () {34 vars in 506 bytes} [Mon Jun  6 10:52:57 2022] GET / => generated 1323 bytes in 2 msecs (HTTP/1.1 300) 3 headers in 106 bytes (1 switches on core 0)
Jun 06 10:52:57 ubuntu devstack@g-api.service[140504]: DEBUG glance.api.middleware.version_negotiation [None req-00c10d55-f677-40e2-a647-d0e6bafc27c3 admin admin] Determining version of request: GET /v2/images Accept: application/json {{(pid=140504) process_request /opt/stack/glance/glance/api/middleware/version_negotiation.py:44}}
Jun 06 10:52:57 ubuntu devstack@g-api.service[140504]: DEBUG glance.api.middleware.version_negotiation [None req-00c10d55-f677-40e2-a647-d0e6bafc27c3 admin admin] Using url versioning {{(pid=140504) process_request /opt/stack/glance/glance/api/middleware/version_negotiation.py:57}}
Jun 06 10:52:57 ubuntu devstack@g-api.service[140504]: DEBUG glance.api.middleware.version_negotiation [None req-00c10d55-f677-40e2-a647-d0e6bafc27c3 admin admin] Matched version: v2 {{(pid=140504) process_request /opt/stack/glance/glance/api/middleware/version_negotiation.py:69}}
Jun 06 10:52:57 ubuntu devstack@g-api.service[140504]: DEBUG glance.api.middleware.version_negotiation [None req-00c10d55-f677-40e2-a647-d0e6bafc27c3 admin admin] new path /v2/images {{(pid=140504) process_request /opt/stack/glance/glance/api/middleware/version_negotiation.py:70}}
Jun 06 10:52:57 ubuntu devstack@g-api.service[140504]: [pid: 140504|app: 0|req: 4/6] 127.0.0.1 () {36 vars in 728 bytes} [Mon Jun  6 10:52:57 2022] GET /v2/images => generated 1045 bytes in 114 msecs (HTTP/1.1 200) 4 headers in 158 bytes (1 switches on core 0)
Jun 06 10:53:03 ubuntu devstack@g-api.service[140505]: DEBUG glance.api.middleware.version_negotiation [None req-1d8ee92d-9948-4a44-8f66-af67dea6aa25 admin admin] Determining version of request: GET / Accept: application/json {{(pid=140505) process_request /opt/stack/glance/glance/api/middleware/version_negotiation.py:44}}
Jun 06 10:53:03 ubuntu devstack@g-api.service[140505]: DEBUG glance.api.middleware.version_negotiation [None req-1d8ee92d-9948-4a44-8f66-af67dea6aa25 admin admin] Using url versioning {{(pid=140505) process_request /opt/stack/glance/glance/api/middleware/version_negotiation.py:57}}
Jun 06 10:53:03 ubuntu devstack@g-api.service[140505]: DEBUG glance.api.middleware.version_negotiation [None req-1d8ee92d-9948-4a44-8f66-af67dea6aa25 admin admin] Unknown version. Returning version choices. {{(pid=140505) process_request /opt/stack/glance/glance/api/middleware/version_negotiation.py:64}}
Jun 06 10:53:03 ubuntu devstack@g-api.service[140505]: [pid: 140505|app: 0|req: 3/7] 127.0.0.1 () {34 vars in 506 bytes} [Mon Jun  6 10:53:03 2022] GET / => generated 1323 bytes in 5 msecs (HTTP/1.1 300) 3 headers in 106 bytes (1 switches on core 0)
Jun 06 10:53:03 ubuntu devstack@g-api.service[140504]: DEBUG glance.api.middleware.version_negotiation [None req-326741f6-a6a0-46a6-a970-1c6244fe062a admin admin] Determining version of request: GET /v2/images/f537d4d3-6b02-48d8-ba5c-ca811731d5bb Accept: */* {{(pid=140504) process_request /opt/stack/glance/glance/api/middleware/version_negotiation.py:44}}
Jun 06 10:53:03 ubuntu devstack@g-api.service[140504]: DEBUG glance.api.middleware.version_negotiation [None req-326741f6-a6a0-46a6-a970-1c6244fe062a admin admin] Using url versioning {{(pid=140504) process_request /opt/stack/glance/glance/api/middleware/version_negotiation.py:57}}
Jun 06 10:53:03 ubuntu devstack@g-api.service[140504]: DEBUG glance.api.middleware.version_negotiation [None req-326741f6-a6a0-46a6-a970-1c6244fe062a admin admin] Matched version: v2 {{(pid=140504) process_request /opt/stack/glance/glance/api/middleware/version_negotiation.py:69}}
Jun 06 10:53:03 ubuntu devstack@g-api.service[140504]: DEBUG glance.api.middleware.version_negotiation [None req-326741f6-a6a0-46a6-a970-1c6244fe062a admin admin] new path /v2/images/f537d4d3-6b02-48d8-ba5c-ca811731d5bb {{(pid=140504) process_request /opt/stack/glance/glance/api/middleware/version_negotiation.py:70}}
Jun 06 10:53:03 ubuntu devstack@g-api.service[140504]: [pid: 140504|app: 0|req: 5/8] 127.0.0.1 () {36 vars in 789 bytes} [Mon Jun  6 10:53:03 2022] GET /v2/images/f537d4d3-6b02-48d8-ba5c-ca811731d5bb => generated 976 bytes in 59 msecs (HTTP/1.1 200) 4 headers in 157 bytes (1 switches on core 0)
Jun 06 10:53:07 ubuntu devstack@g-api.service[140505]: DEBUG glance.api.middleware.version_negotiation [None req-1d8ee92d-9948-4a44-8f66-af67dea6aa25 admin admin] Determining version of request: GET / Accept: application/json {{(pid=140505) process_request /opt/stack/glance/glance/api/middleware/version_negotiation.py:44}}
Jun 06 10:53:07 ubuntu devstack@g-api.service[140505]: DEBUG glance.api.middleware.version_negotiation [None req-1d8ee92d-9948-4a44-8f66-af67dea6aa25 admin admin] Using url versioning {{(pid=140505) process_request /opt/stack/glance/glance/api/middleware/version_negotiation.py:57}}
Jun 06 10:53:07 ubuntu devstack@g-api.service[140505]: DEBUG glance.api.middleware.version_negotiation [None req-1d8ee92d-9948-4a44-8f66-af67dea6aa25 admin admin] Unknown version. Returning version choices. {{(pid=140505) process_request /opt/stack/glance/glance/api/middleware/version_negotiation.py:64}}
Jun 06 10:53:07 ubuntu devstack@g-api.service[140505]: [pid: 140505|app: 0|req: 4/9] 127.0.0.1 () {34 vars in 506 bytes} [Mon Jun  6 10:53:07 2022] GET / => generated 1323 bytes in 2 msecs (HTTP/1.1 300) 3 headers in 106 bytes (1 switches on core 0)
Jun 06 10:53:07 ubuntu devstack@g-api.service[140504]: DEBUG glance.api.middleware.version_negotiation [None req-039db753-3e02-4e5e-9b16-9b079a1eb7f9 admin admin] Determining version of request: GET /v2/images/f537d4d3-6b02-48d8-ba5c-ca811731d5bb Accept: */* {{(pid=140504) process_request /opt/stack/glance/glance/api/middleware/version_negotiation.py:44}}
Jun 06 10:53:07 ubuntu devstack@g-api.service[140504]: DEBUG glance.api.middleware.version_negotiation [None req-039db753-3e02-4e5e-9b16-9b079a1eb7f9 admin admin] Using url versioning {{(pid=140504) process_request /opt/stack/glance/glance/api/middleware/version_negotiation.py:57}}
Jun 06 10:53:07 ubuntu devstack@g-api.service[140504]: DEBUG glance.api.middleware.version_negotiation [None req-039db753-3e02-4e5e-9b16-9b079a1eb7f9 admin admin] Matched version: v2 {{(pid=140504) process_request /opt/stack/glance/glance/api/middleware/version_negotiation.py:69}}
Jun 06 10:53:07 ubuntu devstack@g-api.service[140504]: DEBUG glance.api.middleware.version_negotiation [None req-039db753-3e02-4e5e-9b16-9b079a1eb7f9 admin admin] new path /v2/images/f537d4d3-6b02-48d8-ba5c-ca811731d5bb {{(pid=140504) process_request /opt/stack/glance/glance/api/middleware/version_negotiation.py:70}}
Jun 06 10:53:07 ubuntu devstack@g-api.service[140504]: [pid: 140504|app: 0|req: 6/10] 127.0.0.1 () {36 vars in 789 bytes} [Mon Jun  6 10:53:07 2022] GET /v2/images/f537d4d3-6b02-48d8-ba5c-ca811731d5bb => generated 976 bytes in 54 msecs (HTTP/1.1 200) 4 headers in 157 bytes (1 switches on core 0)
Jun 06 10:53:17 ubuntu devstack@g-api.service[140504]: DEBUG dbcounter [-] [140504] Writing DB stats glance:SELECT=10 {{(pid=140504) stat_writer /usr/local/lib/python3.8/dist-packages/dbcounter.py:114}}
Jun 06 10:55:17 ubuntu devstack@g-api.service[140505]: DEBUG glance.api.middleware.version_negotiation [None req-1d8ee92d-9948-4a44-8f66-af67dea6aa25 admin admin] Determining version of request: GET /v1 Accept: application/json {{(pid=140505) process_request /opt/stack/glance/glance/api/middleware/version_negotiation.py:44}}
Jun 06 10:55:17 ubuntu devstack@g-api.service[140505]: DEBUG glance.api.middleware.version_negotiation [None req-1d8ee92d-9948-4a44-8f66-af67dea6aa25 admin admin] Using url versioning {{(pid=140505) process_request /opt/stack/glance/glance/api/middleware/version_negotiation.py:57}}
Jun 06 10:55:17 ubuntu devstack@g-api.service[140505]: DEBUG glance.api.middleware.version_negotiation [None req-1d8ee92d-9948-4a44-8f66-af67dea6aa25 admin admin] Unknown version. Returning version choices. {{(pid=140505) process_request /opt/stack/glance/glance/api/middleware/version_negotiation.py:64}}
Jun 06 10:55:17 ubuntu devstack@g-api.service[140505]: [pid: 140505|app: 0|req: 5/11] 127.0.0.1 () {38 vars in 685 bytes} [Mon Jun  6 10:55:17 2022] GET /v1 => generated 1323 bytes in 5 msecs (HTTP/1.1 300) 3 headers in 106 bytes (1 switches on core 0)
Jun 06 10:56:48 ubuntu devstack@g-api.service[140505]: DEBUG oslo_concurrency.lockutils [-] Acquired lock "glance-cache" {{(pid=140505) lock /usr/local/lib/python3.8/dist-packages/oslo_concurrency/lockutils.py:294}}
Jun 06 10:56:48 ubuntu devstack@g-api.service[140505]: DEBUG oslo_concurrency.lockutils [-] Acquired external semaphore "glance-cache" {{(pid=140505) lock /usr/local/lib/python3.8/dist-packages/oslo_concurrency/lockutils.py:302}}
Jun 06 10:56:48 ubuntu devstack@g-api.service[140505]: DEBUG glance.image_cache.prefetcher [-] Nothing to prefetch. {{(pid=140505) run /opt/stack/glance/glance/image_cache/prefetcher.py:79}}
Jun 06 10:56:48 ubuntu devstack@g-api.service[140505]: DEBUG oslo_concurrency.lockutils [-] Releasing lock "glance-cache" {{(pid=140505) lock /usr/local/lib/python3.8/dist-packages/oslo_concurrency/lockutils.py:312}}
Jun 06 10:56:48 ubuntu devstack@g-api.service[140504]: DEBUG oslo_concurrency.lockutils [-] Acquired lock "glance-cache" {{(pid=140504) lock /usr/local/lib/python3.8/dist-packages/oslo_concurrency/lockutils.py:294}}
Jun 06 10:56:48 ubuntu devstack@g-api.service[140504]: DEBUG oslo_concurrency.lockutils [-] Acquired external semaphore "glance-cache" {{(pid=140504) lock /usr/local/lib/python3.8/dist-packages/oslo_concurrency/lockutils.py:302}}
Jun 06 10:56:48 ubuntu devstack@g-api.service[140504]: DEBUG glance.image_cache.prefetcher [-] Nothing to prefetch. {{(pid=140504) run /opt/stack/glance/glance/image_cache/prefetcher.py:79}}
Jun 06 10:56:48 ubuntu devstack@g-api.service[140504]: DEBUG oslo_concurrency.lockutils [-] Releasing lock "glance-cache" {{(pid=140504) lock /usr/local/lib/python3.8/dist-packages/oslo_concurrency/lockutils.py:312}}
Jun 06 10:57:38 ubuntu devstack@g-api.service[140504]: DEBUG glance.api.middleware.version_negotiation [None req-0a5b9efa-1580-4e4b-b212-e3f3d6408ca9 admin admin] Determining version of request: GET /versions Accept: */* {{(pid=140504) process_request /opt/stack/glance/glance/api/middleware/version_negotiation.py:44}}
Jun 06 10:57:38 ubuntu devstack@g-api.service[140504]: [pid: 140504|app: 0|req: 7/12] 127.0.0.1 () {38 vars in 695 bytes} [Mon Jun  6 10:57:38 2022] GET /versions => generated 1323 bytes in 4 msecs (HTTP/1.1 200) 3 headers in 92 bytes (1 switches on core 0)
Jun 06 10:57:38 ubuntu devstack@g-api.service[140505]: DEBUG glance.api.middleware.version_negotiation [None req-1d8ee92d-9948-4a44-8f66-af67dea6aa25 admin admin] Determining version of request: GET /v2/schemas/image Accept: */* {{(pid=140505) process_request /opt/stack/glance/glance/api/middleware/version_negotiation.py:44}}
Jun 06 10:57:38 ubuntu devstack@g-api.service[140505]: DEBUG glance.api.middleware.version_negotiation [None req-1d8ee92d-9948-4a44-8f66-af67dea6aa25 admin admin] Using url versioning {{(pid=140505) process_request /opt/stack/glance/glance/api/middleware/version_negotiation.py:57}}
Jun 06 10:57:38 ubuntu devstack@g-api.service[140505]: DEBUG glance.api.middleware.version_negotiation [None req-1d8ee92d-9948-4a44-8f66-af67dea6aa25 admin admin] Matched version: v2 {{(pid=140505) process_request /opt/stack/glance/glance/api/middleware/version_negotiation.py:69}}
Jun 06 10:57:38 ubuntu devstack@g-api.service[140505]: DEBUG glance.api.middleware.version_negotiation [None req-1d8ee92d-9948-4a44-8f66-af67dea6aa25 admin admin] new path /v2/schemas/image {{(pid=140505) process_request /opt/stack/glance/glance/api/middleware/version_negotiation.py:70}}
Jun 06 10:57:38 ubuntu devstack@g-api.service[140505]: [pid: 140505|app: 0|req: 6/13] 127.0.0.1 () {38 vars in 711 bytes} [Mon Jun  6 10:57:38 2022] GET /v2/schemas/image => generated 6083 bytes in 94 msecs (HTTP/1.1 200) 4 headers in 158 bytes (1 switches on core 0)
Jun 06 10:57:38 ubuntu devstack@g-api.service[140504]: DEBUG glance.api.middleware.version_negotiation [None req-0a5b9efa-1580-4e4b-b212-e3f3d6408ca9 admin admin] Determining version of request: GET /v2/schemas/metadefs/namespace Accept: */* {{(pid=140504) process_request /opt/stack/glance/glance/api/middleware/version_negotiation.py:44}}
Jun 06 10:57:38 ubuntu devstack@g-api.service[140504]: DEBUG glance.api.middleware.version_negotiation [None req-0a5b9efa-1580-4e4b-b212-e3f3d6408ca9 admin admin] Using url versioning {{(pid=140504) process_request /opt/stack/glance/glance/api/middleware/version_negotiation.py:57}}
Jun 06 10:57:38 ubuntu devstack@g-api.service[140504]: DEBUG glance.api.middleware.version_negotiation [None req-0a5b9efa-1580-4e4b-b212-e3f3d6408ca9 admin admin] Matched version: v2 {{(pid=140504) process_request /opt/stack/glance/glance/api/middleware/version_negotiation.py:69}}
Jun 06 10:57:38 ubuntu devstack@g-api.service[140504]: DEBUG glance.api.middleware.version_negotiation [None req-0a5b9efa-1580-4e4b-b212-e3f3d6408ca9 admin admin] new path /v2/schemas/metadefs/namespace {{(pid=140504) process_request /opt/stack/glance/glance/api/middleware/version_negotiation.py:70}}
Jun 06 10:57:38 ubuntu devstack@g-api.service[140504]: [pid: 140504|app: 0|req: 8/14] 127.0.0.1 () {38 vars in 737 bytes} [Mon Jun  6 10:57:38 2022] GET /v2/schemas/metadefs/namespace => generated 3100 bytes in 9 msecs (HTTP/1.1 200) 4 headers in 158 bytes (1 switches on core 0)
Jun 06 10:57:38 ubuntu devstack@g-api.service[140505]: DEBUG glance.api.middleware.version_negotiation [None req-32e34200-630e-4e79-b338-824a4b77189d admin admin] Determining version of request: GET /v2/schemas/metadefs/resource_type Accept: */* {{(pid=140505) process_request /opt/stack/glance/glance/api/middleware/version_negotiation.py:44}}
Jun 06 10:57:38 ubuntu devstack@g-api.service[140505]: DEBUG glance.api.middleware.version_negotiation [None req-32e34200-630e-4e79-b338-824a4b77189d admin admin] Using url versioning {{(pid=140505) process_request /opt/stack/glance/glance/api/middleware/version_negotiation.py:57}}
Jun 06 10:57:38 ubuntu devstack@g-api.service[140505]: DEBUG glance.api.middleware.version_negotiation [None req-32e34200-630e-4e79-b338-824a4b77189d admin admin] Matched version: v2 {{(pid=140505) process_request /opt/stack/glance/glance/api/middleware/version_negotiation.py:69}}
Jun 06 10:57:38 ubuntu devstack@g-api.service[140505]: DEBUG glance.api.middleware.version_negotiation [None req-32e34200-630e-4e79-b338-824a4b77189d admin admin] new path /v2/schemas/metadefs/resource_type {{(pid=140505) process_request /opt/stack/glance/glance/api/middleware/version_negotiation.py:70}}
Jun 06 10:57:38 ubuntu devstack@g-api.service[140505]: [pid: 140505|app: 0|req: 7/15] 127.0.0.1 () {38 vars in 745 bytes} [Mon Jun  6 10:57:38 2022] GET /v2/schemas/metadefs/resource_type => generated 1262 bytes in 5 msecs (HTTP/1.1 200) 4 headers in 158 bytes (1 switches on core 0)
Jun 06 10:57:38 ubuntu devstack@g-api.service[140504]: DEBUG glance.api.middleware.version_negotiation [None req-ab8286ac-2c6b-4eaa-8008-1af4446e9bea admin admin] Determining version of request: GET /v2/images Accept: */* {{(pid=140504) process_request /opt/stack/glance/glance/api/middleware/version_negotiation.py:44}}
Jun 06 10:57:38 ubuntu devstack@g-api.service[140504]: DEBUG glance.api.middleware.version_negotiation [None req-ab8286ac-2c6b-4eaa-8008-1af4446e9bea admin admin] Using url versioning {{(pid=140504) process_request /opt/stack/glance/glance/api/middleware/version_negotiation.py:57}}
Jun 06 10:57:38 ubuntu devstack@g-api.service[140504]: DEBUG glance.api.middleware.version_negotiation [None req-ab8286ac-2c6b-4eaa-8008-1af4446e9bea admin admin] Matched version: v2 {{(pid=140504) process_request /opt/stack/glance/glance/api/middleware/version_negotiation.py:69}}
Jun 06 10:57:38 ubuntu devstack@g-api.service[140504]: DEBUG glance.api.middleware.version_negotiation [None req-ab8286ac-2c6b-4eaa-8008-1af4446e9bea admin admin] new path /v2/images {{(pid=140504) process_request /opt/stack/glance/glance/api/middleware/version_negotiation.py:70}}
Jun 06 10:57:38 ubuntu devstack@g-api.service[140504]: [pid: 140504|app: 0|req: 9/16] 127.0.0.1 () {38 vars in 768 bytes} [Mon Jun  6 10:57:38 2022] GET /v2/images?limit=20&sort_key=name&sort_dir=asc => generated 1081 bytes in 111 msecs (HTTP/1.1 200) 4 headers in 158 bytes (1 switches on core 0)
Jun 06 10:57:38 ubuntu devstack@g-api.service[140505]: DEBUG glance.api.middleware.version_negotiation [None req-f9f215ee-0d2b-41f2-8a54-5c16b61d9113 admin admin] Determining version of request: GET /v2/schemas/image Accept: */* {{(pid=140505) process_request /opt/stack/glance/glance/api/middleware/version_negotiation.py:44}}
Jun 06 10:57:38 ubuntu devstack@g-api.service[140505]: DEBUG glance.api.middleware.version_negotiation [None req-f9f215ee-0d2b-41f2-8a54-5c16b61d9113 admin admin] Using url versioning {{(pid=140505) process_request /opt/stack/glance/glance/api/middleware/version_negotiation.py:57}}
Jun 06 10:57:38 ubuntu devstack@g-api.service[140505]: DEBUG glance.api.middleware.version_negotiation [None req-f9f215ee-0d2b-41f2-8a54-5c16b61d9113 admin admin] Matched version: v2 {{(pid=140505) process_request /opt/stack/glance/glance/api/middleware/version_negotiation.py:69}}
Jun 06 10:57:38 ubuntu devstack@g-api.service[140505]: DEBUG glance.api.middleware.version_negotiation [None req-f9f215ee-0d2b-41f2-8a54-5c16b61d9113 admin admin] new path /v2/schemas/image {{(pid=140505) process_request /opt/stack/glance/glance/api/middleware/version_negotiation.py:70}}
Jun 06 10:57:38 ubuntu devstack@g-api.service[140505]: [pid: 140505|app: 0|req: 8/17] 127.0.0.1 () {38 vars in 711 bytes} [Mon Jun  6 10:57:38 2022] GET /v2/schemas/image => generated 6083 bytes in 7 msecs (HTTP/1.1 200) 4 headers in 158 bytes (1 switches on core 0)
Jun 06 10:57:46 ubuntu devstack@g-api.service[140504]: DEBUG glance.api.middleware.version_negotiation [None req-7999085a-8c38-4cea-8266-75bf3db29270 admin admin] Determining version of request: GET / Accept: application/json {{(pid=140504) process_request /opt/stack/glance/glance/api/middleware/version_negotiation.py:44}}
Jun 06 10:57:46 ubuntu devstack@g-api.service[140504]: DEBUG glance.api.middleware.version_negotiation [None req-7999085a-8c38-4cea-8266-75bf3db29270 admin admin] Using url versioning {{(pid=140504) process_request /opt/stack/glance/glance/api/middleware/version_negotiation.py:57}}
Jun 06 10:57:46 ubuntu devstack@g-api.service[140504]: DEBUG glance.api.middleware.version_negotiation [None req-7999085a-8c38-4cea-8266-75bf3db29270 admin admin] Unknown version. Returning version choices. {{(pid=140504) process_request /opt/stack/glance/glance/api/middleware/version_negotiation.py:64}}
Jun 06 10:57:46 ubuntu devstack@g-api.service[140504]: [pid: 140504|app: 0|req: 10/18] 127.0.0.1 () {34 vars in 492 bytes} [Mon Jun  6 10:57:46 2022] GET / => generated 1323 bytes in 2 msecs (HTTP/1.1 300) 3 headers in 106 bytes (1 switches on core 0)
Jun 06 10:57:46 ubuntu devstack@g-api.service[140505]: DEBUG glance.api.middleware.version_negotiation [None req-6e916990-26d5-4d53-be1d-bb404197d10f admin admin] Determining version of request: GET /v2/images/f537d4d3-6b02-48d8-ba5c-ca811731d5bb Accept: */* {{(pid=140505) process_request /opt/stack/glance/glance/api/middleware/version_negotiation.py:44}}
Jun 06 10:57:46 ubuntu devstack@g-api.service[140505]: DEBUG glance.api.middleware.version_negotiation [None req-6e916990-26d5-4d53-be1d-bb404197d10f admin admin] Using url versioning {{(pid=140505) process_request /opt/stack/glance/glance/api/middleware/version_negotiation.py:57}}
Jun 06 10:57:46 ubuntu devstack@g-api.service[140505]: DEBUG glance.api.middleware.version_negotiation [None req-6e916990-26d5-4d53-be1d-bb404197d10f admin admin] Matched version: v2 {{(pid=140505) process_request /opt/stack/glance/glance/api/middleware/version_negotiation.py:69}}
Jun 06 10:57:46 ubuntu devstack@g-api.service[140505]: DEBUG glance.api.middleware.version_negotiation [None req-6e916990-26d5-4d53-be1d-bb404197d10f admin admin] new path /v2/images/f537d4d3-6b02-48d8-ba5c-ca811731d5bb {{(pid=140505) process_request /opt/stack/glance/glance/api/middleware/version_negotiation.py:70}}
Jun 06 10:57:46 ubuntu devstack@g-api.service[140505]: WARNING keystonemiddleware.auth_token [None req-6e916990-26d5-4d53-be1d-bb404197d10f admin admin] A valid token was submitted as a service token, but it was not a valid service token. This is incorrect but backwards compatible behaviour. This will be removed in future releases.
Jun 06 10:57:46 ubuntu devstack@g-api.service[140505]: [pid: 140505|app: 0|req: 9/19] 127.0.0.1 () {42 vars in 1049 bytes} [Mon Jun  6 10:57:46 2022] GET /v2/images/f537d4d3-6b02-48d8-ba5c-ca811731d5bb => generated 976 bytes in 111 msecs (HTTP/1.1 200) 4 headers in 157 bytes (1 switches on core 0)
Jun 06 10:57:46 ubuntu devstack@g-api.service[140504]: DEBUG glance.api.middleware.version_negotiation [None req-7999085a-8c38-4cea-8266-75bf3db29270 admin admin] Determining version of request: GET /v2/schemas/image Accept: */* {{(pid=140504) process_request /opt/stack/glance/glance/api/middleware/version_negotiation.py:44}}
Jun 06 10:57:46 ubuntu devstack@g-api.service[140504]: DEBUG glance.api.middleware.version_negotiation [None req-7999085a-8c38-4cea-8266-75bf3db29270 admin admin] Using url versioning {{(pid=140504) process_request /opt/stack/glance/glance/api/middleware/version_negotiation.py:57}}
Jun 06 10:57:46 ubuntu devstack@g-api.service[140504]: DEBUG glance.api.middleware.version_negotiation [None req-7999085a-8c38-4cea-8266-75bf3db29270 admin admin] Matched version: v2 {{(pid=140504) process_request /opt/stack/glance/glance/api/middleware/version_negotiation.py:69}}
Jun 06 10:57:46 ubuntu devstack@g-api.service[140504]: DEBUG glance.api.middleware.version_negotiation [None req-7999085a-8c38-4cea-8266-75bf3db29270 admin admin] new path /v2/schemas/image {{(pid=140504) process_request /opt/stack/glance/glance/api/middleware/version_negotiation.py:70}}
Jun 06 10:57:46 ubuntu devstack@g-api.service[140504]: WARNING keystonemiddleware.auth_token [None req-7999085a-8c38-4cea-8266-75bf3db29270 admin admin] A valid token was submitted as a service token, but it was not a valid service token. This is incorrect but backwards compatible behaviour. This will be removed in future releases.
Jun 06 10:57:46 ubuntu devstack@g-api.service[140504]: [pid: 140504|app: 0|req: 11/20] 127.0.0.1 () {42 vars in 989 bytes} [Mon Jun  6 10:57:46 2022] GET /v2/schemas/image => generated 6083 bytes in 6 msecs (HTTP/1.1 200) 4 headers in 158 bytes (1 switches on core 0)
Jun 06 10:57:48 ubuntu devstack@g-api.service[140504]: DEBUG dbcounter [-] [140504] Writing DB stats glance:SELECT=2 {{(pid=140504) stat_writer /usr/local/lib/python3.8/dist-packages/dbcounter.py:114}}
Jun 06 10:57:48 ubuntu devstack@g-api.service[140505]: DEBUG glance.api.middleware.version_negotiation [None req-bd8d30d0-96b7-4d72-8aae-20f461ed160b tempest-VolumesAdminNegativeTest-138638105 tempest-VolumesAdminNegativeTest-138638105-project] Determining version of request: GET /v2/images/f537d4d3-6b02-48d8-ba5c-ca811731d5bb Accept: */* {{(pid=140505) process_request /opt/stack/glance/glance/api/middleware/version_negotiation.py:44}}
Jun 06 10:57:48 ubuntu devstack@g-api.service[140505]: DEBUG glance.api.middleware.version_negotiation [None req-bd8d30d0-96b7-4d72-8aae-20f461ed160b tempest-VolumesAdminNegativeTest-138638105 tempest-VolumesAdminNegativeTest-138638105-project] Using url versioning {{(pid=140505) process_request /opt/stack/glance/glance/api/middleware/version_negotiation.py:57}}
Jun 06 10:57:48 ubuntu devstack@g-api.service[140505]: DEBUG glance.api.middleware.version_negotiation [None req-bd8d30d0-96b7-4d72-8aae-20f461ed160b tempest-VolumesAdminNegativeTest-138638105 tempest-VolumesAdminNegativeTest-138638105-project] Matched version: v2 {{(pid=140505) process_request /opt/stack/glance/glance/api/middleware/version_negotiation.py:69}}
Jun 06 10:57:48 ubuntu devstack@g-api.service[140505]: DEBUG glance.api.middleware.version_negotiation [None req-bd8d30d0-96b7-4d72-8aae-20f461ed160b tempest-VolumesAdminNegativeTest-138638105 tempest-VolumesAdminNegativeTest-138638105-project] new path /v2/images/f537d4d3-6b02-48d8-ba5c-ca811731d5bb {{(pid=140505) process_request /opt/stack/glance/glance/api/middleware/version_negotiation.py:70}}
Jun 06 10:57:48 ubuntu devstack@g-api.service[140505]: [pid: 140505|app: 0|req: 10/21] 127.0.0.1 () {42 vars in 1049 bytes} [Mon Jun  6 10:57:48 2022] GET /v2/images/f537d4d3-6b02-48d8-ba5c-ca811731d5bb => generated 976 bytes in 21 msecs (HTTP/1.1 200) 4 headers in 157 bytes (1 switches on core 0)
Jun 06 10:57:48 ubuntu devstack@g-api.service[140504]: DEBUG glance.api.middleware.version_negotiation [None req-bd8d30d0-96b7-4d72-8aae-20f461ed160b tempest-VolumesAdminNegativeTest-138638105 tempest-VolumesAdminNegativeTest-138638105-project] Determining version of request: GET /v2/images/f537d4d3-6b02-48d8-ba5c-ca811731d5bb/file Accept: */* {{(pid=140504) process_request /opt/stack/glance/glance/api/middleware/version_negotiation.py:44}}
Jun 06 10:57:48 ubuntu devstack@g-api.service[140504]: DEBUG glance.api.middleware.version_negotiation [None req-bd8d30d0-96b7-4d72-8aae-20f461ed160b tempest-VolumesAdminNegativeTest-138638105 tempest-VolumesAdminNegativeTest-138638105-project] Using url versioning {{(pid=140504) process_request /opt/stack/glance/glance/api/middleware/version_negotiation.py:57}}
Jun 06 10:57:48 ubuntu devstack@g-api.service[140504]: DEBUG glance.api.middleware.version_negotiation [None req-bd8d30d0-96b7-4d72-8aae-20f461ed160b tempest-VolumesAdminNegativeTest-138638105 tempest-VolumesAdminNegativeTest-138638105-project] Matched version: v2 {{(pid=140504) process_request /opt/stack/glance/glance/api/middleware/version_negotiation.py:69}}
Jun 06 10:57:48 ubuntu devstack@g-api.service[140504]: DEBUG glance.api.middleware.version_negotiation [None req-bd8d30d0-96b7-4d72-8aae-20f461ed160b tempest-VolumesAdminNegativeTest-138638105 tempest-VolumesAdminNegativeTest-138638105-project] new path /v2/images/f537d4d3-6b02-48d8-ba5c-ca811731d5bb/file {{(pid=140504) process_request /opt/stack/glance/glance/api/middleware/version_negotiation.py:70}}
Jun 06 10:57:48 ubuntu devstack@g-api.service[140504]: DEBUG glance_store.backend [None req-bd8d30d0-96b7-4d72-8aae-20f461ed160b tempest-VolumesAdminNegativeTest-138638105 tempest-VolumesAdminNegativeTest-138638105-project] Attempting to import store swift {{(pid=140504) _load_store /usr/local/lib/python3.8/dist-packages/glance_store/backend.py:217}}
Jun 06 10:57:48 ubuntu devstack@g-api.service[140504]: DEBUG glance_store.capabilities [None req-bd8d30d0-96b7-4d72-8aae-20f461ed160b tempest-VolumesAdminNegativeTest-138638105 tempest-VolumesAdminNegativeTest-138638105-project] Store glance_store._drivers.swift.store.SingleTenantStore doesn't support updating dynamic storage capabilities. Please overwrite 'update_capabilities' method of the store to implement updating logics if needed. {{(pid=140504) update_capabilities /usr/local/lib/python3.8/dist-packages/glance_store/capabilities.py:91}}
Jun 06 10:57:48 ubuntu devstack@g-api.service[140504]: DEBUG glance_store.driver [None req-bd8d30d0-96b7-4d72-8aae-20f461ed160b tempest-VolumesAdminNegativeTest-138638105 tempest-VolumesAdminNegativeTest-138638105-project] Late loading location class glance_store._drivers.swift.store.StoreLocation {{(pid=140504) get_store_location_class /usr/local/lib/python3.8/dist-packages/glance_store/driver.py:117}}
Jun 06 10:57:48 ubuntu devstack@g-api.service[140504]: DEBUG glance_store.location [None req-bd8d30d0-96b7-4d72-8aae-20f461ed160b tempest-VolumesAdminNegativeTest-138638105 tempest-VolumesAdminNegativeTest-138638105-project] Registering scheme swift+https with {'store': <glance_store._drivers.swift.store.SingleTenantStore object at 0x7f1cd1fcbc70>, 'location_class': <class 'glance_store._drivers.swift.store.StoreLocation'>, 'store_entry': 'swift'} {{(pid=140504) register_scheme_map /usr/local/lib/python3.8/dist-packages/glance_store/location.py:146}}
Jun 06 10:57:48 ubuntu devstack@g-api.service[140504]: DEBUG glance_store.location [None req-bd8d30d0-96b7-4d72-8aae-20f461ed160b tempest-VolumesAdminNegativeTest-138638105 tempest-VolumesAdminNegativeTest-138638105-project] Registering scheme swift+https with {'store': <glance_store._drivers.swift.store.SingleTenantStore object at 0x7f1cd1fcbc70>, 'location_class': <class 'glance_store._drivers.swift.store.StoreLocation'>, 'store_entry': 'swift'} {{(pid=140504) register_scheme_map /usr/local/lib/python3.8/dist-packages/glance_store/location.py:146}}
Jun 06 10:57:48 ubuntu devstack@g-api.service[140504]: DEBUG glance_store.location [None req-bd8d30d0-96b7-4d72-8aae-20f461ed160b tempest-VolumesAdminNegativeTest-138638105 tempest-VolumesAdminNegativeTest-138638105-project] Registering scheme swift with {'store': <glance_store._drivers.swift.store.SingleTenantStore object at 0x7f1cd1fcbc70>, 'location_class': <class 'glance_store._drivers.swift.store.StoreLocation'>, 'store_entry': 'swift'} {{(pid=140504) register_scheme_map /usr/local/lib/python3.8/dist-packages/glance_store/location.py:146}}
Jun 06 10:57:48 ubuntu devstack@g-api.service[140504]: DEBUG glance_store.location [None req-bd8d30d0-96b7-4d72-8aae-20f461ed160b tempest-VolumesAdminNegativeTest-138638105 tempest-VolumesAdminNegativeTest-138638105-project] Registering scheme swift+https with {'store': <glance_store._drivers.swift.store.SingleTenantStore object at 0x7f1cd1fcbc70>, 'location_class': <class 'glance_store._drivers.swift.store.StoreLocation'>, 'store_entry': 'swift'} {{(pid=140504) register_scheme_map /usr/local/lib/python3.8/dist-packages/glance_store/location.py:146}}
Jun 06 10:57:48 ubuntu devstack@g-api.service[140504]: DEBUG glance_store.location [None req-bd8d30d0-96b7-4d72-8aae-20f461ed160b tempest-VolumesAdminNegativeTest-138638105 tempest-VolumesAdminNegativeTest-138638105-project] Registering scheme swift with {'store': <glance_store._drivers.swift.store.SingleTenantStore object at 0x7f1cd1fcbc70>, 'location_class': <class 'glance_store._drivers.swift.store.StoreLocation'>, 'store_entry': 'swift'} {{(pid=140504) register_scheme_map /usr/local/lib/python3.8/dist-packages/glance_store/location.py:146}}
Jun 06 10:57:48 ubuntu devstack@g-api.service[140504]: DEBUG glance_store.location [None req-bd8d30d0-96b7-4d72-8aae-20f461ed160b tempest-VolumesAdminNegativeTest-138638105 tempest-VolumesAdminNegativeTest-138638105-project] Registering scheme swift+http with {'store': <glance_store._drivers.swift.store.SingleTenantStore object at 0x7f1cd1fcbc70>, 'location_class': <class 'glance_store._drivers.swift.store.StoreLocation'>, 'store_entry': 'swift'} {{(pid=140504) register_scheme_map /usr/local/lib/python3.8/dist-packages/glance_store/location.py:146}}
Jun 06 10:57:48 ubuntu devstack@g-api.service[140504]: DEBUG glance_store.location [None req-bd8d30d0-96b7-4d72-8aae-20f461ed160b tempest-VolumesAdminNegativeTest-138638105 tempest-VolumesAdminNegativeTest-138638105-project] Registering scheme swift+https with {'store': <glance_store._drivers.swift.store.SingleTenantStore object at 0x7f1cd1fcbc70>, 'location_class': <class 'glance_store._drivers.swift.store.StoreLocation'>, 'store_entry': 'swift'} {{(pid=140504) register_scheme_map /usr/local/lib/python3.8/dist-packages/glance_store/location.py:146}}
Jun 06 10:57:48 ubuntu devstack@g-api.service[140504]: DEBUG glance_store.location [None req-bd8d30d0-96b7-4d72-8aae-20f461ed160b tempest-VolumesAdminNegativeTest-138638105 tempest-VolumesAdminNegativeTest-138638105-project] Registering scheme swift with {'store': <glance_store._drivers.swift.store.SingleTenantStore object at 0x7f1cd1fcbc70>, 'location_class': <class 'glance_store._drivers.swift.store.StoreLocation'>, 'store_entry': 'swift'} {{(pid=140504) register_scheme_map /usr/local/lib/python3.8/dist-packages/glance_store/location.py:146}}
Jun 06 10:57:48 ubuntu devstack@g-api.service[140504]: DEBUG glance_store.location [None req-bd8d30d0-96b7-4d72-8aae-20f461ed160b tempest-VolumesAdminNegativeTest-138638105 tempest-VolumesAdminNegativeTest-138638105-project] Registering scheme swift+http with {'store': <glance_store._drivers.swift.store.SingleTenantStore object at 0x7f1cd1fcbc70>, 'location_class': <class 'glance_store._drivers.swift.store.StoreLocation'>, 'store_entry': 'swift'} {{(pid=140504) register_scheme_map /usr/local/lib/python3.8/dist-packages/glance_store/location.py:146}}
Jun 06 10:57:48 ubuntu devstack@g-api.service[140504]: DEBUG glance_store.location [None req-bd8d30d0-96b7-4d72-8aae-20f461ed160b tempest-VolumesAdminNegativeTest-138638105 tempest-VolumesAdminNegativeTest-138638105-project] Registering scheme swift+config with {'store': <glance_store._drivers.swift.store.SingleTenantStore object at 0x7f1cd1fcbc70>, 'location_class': <class 'glance_store._drivers.swift.store.StoreLocation'>, 'store_entry': 'swift'} {{(pid=140504) register_scheme_map /usr/local/lib/python3.8/dist-packages/glance_store/location.py:146}}
Jun 06 10:57:49 ubuntu devstack@g-api.service[140504]: DEBUG swiftclient [None req-bd8d30d0-96b7-4d72-8aae-20f461ed160b tempest-VolumesAdminNegativeTest-138638105 tempest-VolumesAdminNegativeTest-138638105-project] REQ: curl -i http://192.168.79.41:8080/v1/AUTH_86744c39cf1d4837b40a5b167f2604db/glance/f537d4d3-6b02-48d8-ba5c-ca811731d5bb -X GET -H "X-Auth-Token: gAAAAABind2tfcEB..." {{(pid=140504) http_log /usr/local/lib/python3.8/dist-packages/swiftclient/client.py:157}}
Jun 06 10:57:49 ubuntu devstack@g-api.service[140504]: DEBUG swiftclient [None req-bd8d30d0-96b7-4d72-8aae-20f461ed160b tempest-VolumesAdminNegativeTest-138638105 tempest-VolumesAdminNegativeTest-138638105-project] RESP STATUS: 200 OK {{(pid=140504) http_log /usr/local/lib/python3.8/dist-packages/swiftclient/client.py:158}}
Jun 06 10:57:49 ubuntu devstack@g-api.service[140504]: DEBUG swiftclient [None req-bd8d30d0-96b7-4d72-8aae-20f461ed160b tempest-VolumesAdminNegativeTest-138638105 tempest-VolumesAdminNegativeTest-138638105-project] RESP HEADERS: {'Content-Type': 'application/octet-stream', 'Etag': '1d3062cd89af34e419f7100277f38b2b', 'Last-Modified': 'Mon, 06 Jun 2022 10:52:06 GMT', 'X-Timestamp': '1654512725.48894', 'Accept-Ranges': 'bytes', 'Content-Length': '16338944', 'X-Trans-Id': 'tx8baaf7c53ef94e9f9b221-00629dddad', 'X-Openstack-Request-Id': 'tx8baaf7c53ef94e9f9b221-00629dddad', 'Date': 'Mon, 06 Jun 2022 10:57:49 GMT'} {{(pid=140504) http_log /usr/local/lib/python3.8/dist-packages/swiftclient/client.py:159}}
Jun 06 10:57:49 ubuntu devstack@g-api.service[140504]: DEBUG glance.image_cache [None req-bd8d30d0-96b7-4d72-8aae-20f461ed160b tempest-VolumesAdminNegativeTest-138638105 tempest-VolumesAdminNegativeTest-138638105-project] Tee'ing image 'f537d4d3-6b02-48d8-ba5c-ca811731d5bb' into cache {{(pid=140504) get_caching_iter /opt/stack/glance/glance/image_cache/__init__.py:343}}
Jun 06 10:57:49 ubuntu devstack@g-api.service[140504]: DEBUG glance.image_cache.drivers.sqlite [None req-bd8d30d0-96b7-4d72-8aae-20f461ed160b tempest-VolumesAdminNegativeTest-138638105 tempest-VolumesAdminNegativeTest-138638105-project] Fetch finished, moving '/opt/stack/data/glance/cache/incomplete/f537d4d3-6b02-48d8-ba5c-ca811731d5bb' to '/opt/stack/data/glance/cache/f537d4d3-6b02-48d8-ba5c-ca811731d5bb' {{(pid=140504) commit /opt/stack/glance/glance/image_cache/drivers/sqlite.py:324}}
Jun 06 10:57:49 ubuntu devstack@g-api.service[140504]: [pid: 140504|app: 0|req: 12/22] 127.0.0.1 () {42 vars in 1059 bytes} [Mon Jun  6 10:57:48 2022] GET /v2/images/f537d4d3-6b02-48d8-ba5c-ca811731d5bb/file => generated 16338944 bytes in 374 msecs (HTTP/1.1 200) 4 headers in 191 bytes (250 switches on core 0)
Jun 06 10:57:58 ubuntu devstack@g-api.service[140505]: DEBUG dbcounter [-] [140505] Writing DB stats glance:SELECT=8 {{(pid=140505) stat_writer /usr/local/lib/python3.8/dist-packages/dbcounter.py:114}}
Jun 06 10:57:59 ubuntu devstack@g-api.service[140504]: DEBUG dbcounter [-] [140504] Writing DB stats glance:SELECT=8 {{(pid=140504) stat_writer /usr/local/lib/python3.8/dist-packages/dbcounter.py:114}}
Jun 06 10:58:09 ubuntu devstack@g-api.service[140505]: DEBUG glance.api.middleware.version_negotiation [None req-bd8d30d0-96b7-4d72-8aae-20f461ed160b tempest-VolumesAdminNegativeTest-138638105 tempest-VolumesAdminNegativeTest-138638105-project] Determining version of request: GET / Accept: application/json {{(pid=140505) process_request /opt/stack/glance/glance/api/middleware/version_negotiation.py:44}}
Jun 06 10:58:09 ubuntu devstack@g-api.service[140505]: DEBUG glance.api.middleware.version_negotiation [None req-bd8d30d0-96b7-4d72-8aae-20f461ed160b tempest-VolumesAdminNegativeTest-138638105 tempest-VolumesAdminNegativeTest-138638105-project] Using url versioning {{(pid=140505) process_request /opt/stack/glance/glance/api/middleware/version_negotiation.py:57}}
Jun 06 10:58:09 ubuntu devstack@g-api.service[140505]: DEBUG glance.api.middleware.version_negotiation [None req-bd8d30d0-96b7-4d72-8aae-20f461ed160b tempest-VolumesAdminNegativeTest-138638105 tempest-VolumesAdminNegativeTest-138638105-project] Unknown version. Returning version choices. {{(pid=140505) process_request /opt/stack/glance/glance/api/middleware/version_negotiation.py:64}}
Jun 06 10:58:09 ubuntu devstack@g-api.service[140505]: [pid: 140505|app: 0|req: 11/23] 127.0.0.1 () {34 vars in 492 bytes} [Mon Jun  6 10:58:09 2022] GET / => generated 1323 bytes in 5 msecs (HTTP/1.1 300) 3 headers in 106 bytes (1 switches on core 0)
Jun 06 10:58:09 ubuntu devstack@g-api.service[140504]: DEBUG glance.api.middleware.version_negotiation [None req-bd8d30d0-96b7-4d72-8aae-20f461ed160b tempest-VolumesAdminNegativeTest-138638105 tempest-VolumesAdminNegativeTest-138638105-project] Determining version of request: GET /v2/images/f537d4d3-6b02-48d8-ba5c-ca811731d5bb Accept: */* {{(pid=140504) process_request /opt/stack/glance/glance/api/middleware/version_negotiation.py:44}}
Jun 06 10:58:09 ubuntu devstack@g-api.service[140504]: DEBUG glance.api.middleware.version_negotiation [None req-bd8d30d0-96b7-4d72-8aae-20f461ed160b tempest-VolumesAdminNegativeTest-138638105 tempest-VolumesAdminNegativeTest-138638105-project] Using url versioning {{(pid=140504) process_request /opt/stack/glance/glance/api/middleware/version_negotiation.py:57}}
Jun 06 10:58:09 ubuntu devstack@g-api.service[140504]: DEBUG glance.api.middleware.version_negotiation [None req-bd8d30d0-96b7-4d72-8aae-20f461ed160b tempest-VolumesAdminNegativeTest-138638105 tempest-VolumesAdminNegativeTest-138638105-project] Matched version: v2 {{(pid=140504) process_request /opt/stack/glance/glance/api/middleware/version_negotiation.py:69}}
Jun 06 10:58:09 ubuntu devstack@g-api.service[140504]: DEBUG glance.api.middleware.version_negotiation [None req-bd8d30d0-96b7-4d72-8aae-20f461ed160b tempest-VolumesAdminNegativeTest-138638105 tempest-VolumesAdminNegativeTest-138638105-project] new path /v2/images/f537d4d3-6b02-48d8-ba5c-ca811731d5bb {{(pid=140504) process_request /opt/stack/glance/glance/api/middleware/version_negotiation.py:70}}
Jun 06 10:58:09 ubuntu devstack@g-api.service[140504]: [pid: 140504|app: 0|req: 13/24] 127.0.0.1 () {42 vars in 1049 bytes} [Mon Jun  6 10:58:09 2022] GET /v2/images/f537d4d3-6b02-48d8-ba5c-ca811731d5bb => generated 976 bytes in 27 msecs (HTTP/1.1 200) 4 headers in 157 bytes (1 switches on core 0)
Jun 06 10:58:09 ubuntu devstack@g-api.service[140505]: DEBUG glance.api.middleware.version_negotiation [None req-bd8d30d0-96b7-4d72-8aae-20f461ed160b tempest-VolumesAdminNegativeTest-138638105 tempest-VolumesAdminNegativeTest-138638105-project] Determining version of request: GET /v2/schemas/image Accept: */* {{(pid=140505) process_request /opt/stack/glance/glance/api/middleware/version_negotiation.py:44}}
Jun 06 10:58:09 ubuntu devstack@g-api.service[140505]: DEBUG glance.api.middleware.version_negotiation [None req-bd8d30d0-96b7-4d72-8aae-20f461ed160b tempest-VolumesAdminNegativeTest-138638105 tempest-VolumesAdminNegativeTest-138638105-project] Using url versioning {{(pid=140505) process_request /opt/stack/glance/glance/api/middleware/version_negotiation.py:57}}
Jun 06 10:58:09 ubuntu devstack@g-api.service[140505]: DEBUG glance.api.middleware.version_negotiation [None req-bd8d30d0-96b7-4d72-8aae-20f461ed160b tempest-VolumesAdminNegativeTest-138638105 tempest-VolumesAdminNegativeTest-138638105-project] Matched version: v2 {{(pid=140505) process_request /opt/stack/glance/glance/api/middleware/version_negotiation.py:69}}
Jun 06 10:58:09 ubuntu devstack@g-api.service[140505]: DEBUG glance.api.middleware.version_negotiation [None req-bd8d30d0-96b7-4d72-8aae-20f461ed160b tempest-VolumesAdminNegativeTest-138638105 tempest-VolumesAdminNegativeTest-138638105-project] new path /v2/schemas/image {{(pid=140505) process_request /opt/stack/glance/glance/api/middleware/version_negotiation.py:70}}
Jun 06 10:58:09 ubuntu devstack@g-api.service[140505]: [pid: 140505|app: 0|req: 12/25] 127.0.0.1 () {42 vars in 989 bytes} [Mon Jun  6 10:58:09 2022] GET /v2/schemas/image => generated 6083 bytes in 10 msecs (HTTP/1.1 200) 4 headers in 158 bytes (1 switches on core 0)
Jun 06 10:58:19 ubuntu devstack@g-api.service[140504]: DEBUG dbcounter [-] [140504] Writing DB stats glance:SELECT=4 {{(pid=140504) stat_writer /usr/local/lib/python3.8/dist-packages/dbcounter.py:114}}
Jun 06 10:58:38 ubuntu devstack@g-api.service[140504]: DEBUG glance.api.middleware.version_negotiation [None req-40924e35-1f41-4ec7-9935-21b6c50e041f tempest-DeleteServersTestJSON-1244582676 tempest-DeleteServersTestJSON-1244582676-project] Determining version of request: GET /v2/images/f537d4d3-6b02-48d8-ba5c-ca811731d5bb Accept: */* {{(pid=140504) process_request /opt/stack/glance/glance/api/middleware/version_negotiation.py:44}}
