Aug 04 02:06:05 ubuntu devstack@g-api.service[145151]: DEBUG glance_store.backend [None req-8389bff2-e758-4e30-b115-34cb669fa8db admin admin] Attempting to import store swift {{(pid=145151) _load_store /usr/local/lib/python3.8/dist-packages/glance_store/backend.py:216}}
Aug 04 02:06:05 ubuntu devstack@g-api.service[145151]: DEBUG glance_store.capabilities [None req-8389bff2-e758-4e30-b115-34cb669fa8db admin admin] Store glance_store._drivers.swift.store.SingleTenantStore doesn't support updating dynamic storage capabilities. Please overwrite 'update_capabilities' method of the store to implement updating logics if needed. {{(pid=145151) update_capabilities /usr/local/lib/python3.8/dist-packages/glance_store/capabilities.py:91}}
Aug 04 02:06:05 ubuntu devstack@g-api.service[145151]: DEBUG glance_store.driver [None req-8389bff2-e758-4e30-b115-34cb669fa8db admin admin] Late loading location class glance_store._drivers.swift.store.StoreLocation {{(pid=145151) get_store_location_class /usr/local/lib/python3.8/dist-packages/glance_store/driver.py:116}}
Aug 04 02:06:05 ubuntu devstack@g-api.service[145151]: DEBUG glance_store.location [None req-8389bff2-e758-4e30-b115-34cb669fa8db admin admin] Registering scheme swift+https with {'store': <glance_store._drivers.swift.store.SingleTenantStore object at 0x7fca6b422190>, 'location_class': <class 'glance_store._drivers.swift.store.StoreLocation'>, 'store_entry': 'swift'} {{(pid=145151) register_scheme_map /usr/local/lib/python3.8/dist-packages/glance_store/location.py:146}}
Aug 04 02:06:05 ubuntu devstack@g-api.service[145151]: DEBUG glance_store.location [None req-8389bff2-e758-4e30-b115-34cb669fa8db admin admin] Registering scheme swift+https with {'store': <glance_store._drivers.swift.store.SingleTenantStore object at 0x7fca6b422190>, 'location_class': <class 'glance_store._drivers.swift.store.StoreLocation'>, 'store_entry': 'swift'} {{(pid=145151) register_scheme_map /usr/local/lib/python3.8/dist-packages/glance_store/location.py:146}}
Aug 04 02:06:05 ubuntu devstack@g-api.service[145151]: DEBUG glance_store.location [None req-8389bff2-e758-4e30-b115-34cb669fa8db admin admin] Registering scheme swift with {'store': <glance_store._drivers.swift.store.SingleTenantStore object at 0x7fca6b422190>, 'location_class': <class 'glance_store._drivers.swift.store.StoreLocation'>, 'store_entry': 'swift'} {{(pid=145151) register_scheme_map /usr/local/lib/python3.8/dist-packages/glance_store/location.py:146}}
Aug 04 02:06:05 ubuntu devstack@g-api.service[145151]: DEBUG glance_store.location [None req-8389bff2-e758-4e30-b115-34cb669fa8db admin admin] Registering scheme swift+https with {'store': <glance_store._drivers.swift.store.SingleTenantStore object at 0x7fca6b422190>, 'location_class': <class 'glance_store._drivers.swift.store.StoreLocation'>, 'store_entry': 'swift'} {{(pid=145151) register_scheme_map /usr/local/lib/python3.8/dist-packages/glance_store/location.py:146}}
Aug 04 02:06:05 ubuntu devstack@g-api.service[145151]: DEBUG glance_store.location [None req-8389bff2-e758-4e30-b115-34cb669fa8db admin admin] Registering scheme swift with {'store': <glance_store._drivers.swift.store.SingleTenantStore object at 0x7fca6b422190>, 'location_class': <class 'glance_store._drivers.swift.store.StoreLocation'>, 'store_entry': 'swift'} {{(pid=145151) register_scheme_map /usr/local/lib/python3.8/dist-packages/glance_store/location.py:146}}
Aug 04 02:06:05 ubuntu devstack@g-api.service[145151]: DEBUG glance_store.location [None req-8389bff2-e758-4e30-b115-34cb669fa8db admin admin] Registering scheme swift+http with {'store': <glance_store._drivers.swift.store.SingleTenantStore object at 0x7fca6b422190>, 'location_class': <class 'glance_store._drivers.swift.store.StoreLocation'>, 'store_entry': 'swift'} {{(pid=145151) register_scheme_map /usr/local/lib/python3.8/dist-packages/glance_store/location.py:146}}
Aug 04 02:06:05 ubuntu devstack@g-api.service[145151]: DEBUG glance_store.location [None req-8389bff2-e758-4e30-b115-34cb669fa8db admin admin] Registering scheme swift+https with {'store': <glance_store._drivers.swift.store.SingleTenantStore object at 0x7fca6b422190>, 'location_class': <class 'glance_store._drivers.swift.store.StoreLocation'>, 'store_entry': 'swift'} {{(pid=145151) register_scheme_map /usr/local/lib/python3.8/dist-packages/glance_store/location.py:146}}
Aug 04 02:06:05 ubuntu devstack@g-api.service[145151]: DEBUG glance_store.location [None req-8389bff2-e758-4e30-b115-34cb669fa8db admin admin] Registering scheme swift with {'store': <glance_store._drivers.swift.store.SingleTenantStore object at 0x7fca6b422190>, 'location_class': <class 'glance_store._drivers.swift.store.StoreLocation'>, 'store_entry': 'swift'} {{(pid=145151) register_scheme_map /usr/local/lib/python3.8/dist-packages/glance_store/location.py:146}}
Aug 04 02:06:05 ubuntu devstack@g-api.service[145151]: DEBUG glance_store.location [None req-8389bff2-e758-4e30-b115-34cb669fa8db admin admin] Registering scheme swift+http with {'store': <glance_store._drivers.swift.store.SingleTenantStore object at 0x7fca6b422190>, 'location_class': <class 'glance_store._drivers.swift.store.StoreLocation'>, 'store_entry': 'swift'} {{(pid=145151) register_scheme_map /usr/local/lib/python3.8/dist-packages/glance_store/location.py:146}}
Aug 04 02:06:05 ubuntu devstack@g-api.service[145151]: DEBUG glance_store.location [None req-8389bff2-e758-4e30-b115-34cb669fa8db admin admin] Registering scheme swift+config with {'store': <glance_store._drivers.swift.store.SingleTenantStore object at 0x7fca6b422190>, 'location_class': <class 'glance_store._drivers.swift.store.StoreLocation'>, 'store_entry': 'swift'} {{(pid=145151) register_scheme_map /usr/local/lib/python3.8/dist-packages/glance_store/location.py:146}}
Aug 04 02:06:05 ubuntu devstack@g-api.service[145151]: DEBUG glance_store.backend [None req-8389bff2-e758-4e30-b115-34cb669fa8db admin admin] Skipping store.set_acls... not implemented. {{(pid=145151) set_acls /usr/local/lib/python3.8/dist-packages/glance_store/backend.py:508}}
Aug 04 02:06:05 ubuntu devstack@g-api.service[145151]: [pid: 145151|app: 0|req: 3/4] 127.0.0.1 () {40 vars in 863 bytes} [Thu Aug  4 02:06:02 2022] PUT /v2/images/5cea9a04-d101-42f5-b279-dcdad1ac06ee/file => generated 0 bytes in 2821 msecs (HTTP/1.1 204) 4 headers in 171 bytes (1 switches on core 0)
Aug 04 02:06:12 ubuntu devstack@g-api.service[145150]: DEBUG dbcounter [-] [145150] Writing DB stats glance:SELECT=9,glance:INSERT=5 {{(pid=145150) stat_writer /usr/local/lib/python3.8/dist-packages/dbcounter.py:114}}
Aug 04 02:06:15 ubuntu devstack@g-api.service[145151]: DEBUG dbcounter [-] [145151] Writing DB stats glance:SELECT=28,glance:UPDATE=2,glance:INSERT=1 {{(pid=145151) stat_writer /usr/local/lib/python3.8/dist-packages/dbcounter.py:114}}
Aug 04 02:06:50 ubuntu devstack@g-api.service[145150]: DEBUG glance.api.middleware.version_negotiation [None req-02c9ee32-2a13-4b8f-a2e5-e46b3cbc09e6 admin admin] Determining version of request: GET / Accept: application/json {{(pid=145150) process_request /opt/stack/glance/glance/api/middleware/version_negotiation.py:44}}
Aug 04 02:06:50 ubuntu devstack@g-api.service[145150]: DEBUG glance.api.middleware.version_negotiation [None req-02c9ee32-2a13-4b8f-a2e5-e46b3cbc09e6 admin admin] Using url versioning {{(pid=145150) process_request /opt/stack/glance/glance/api/middleware/version_negotiation.py:57}}
Aug 04 02:06:50 ubuntu devstack@g-api.service[145150]: DEBUG glance.api.middleware.version_negotiation [None req-02c9ee32-2a13-4b8f-a2e5-e46b3cbc09e6 admin admin] Unknown version. Returning version choices. {{(pid=145150) process_request /opt/stack/glance/glance/api/middleware/version_negotiation.py:64}}
Aug 04 02:06:50 ubuntu devstack@g-api.service[145150]: [pid: 145150|app: 0|req: 2/5] 127.0.0.1 () {34 vars in 507 bytes} [Thu Aug  4 02:06:50 2022] GET / => generated 1323 bytes in 5 msecs (HTTP/1.1 300) 3 headers in 106 bytes (1 switches on core 0)
Aug 04 02:06:50 ubuntu devstack@g-api.service[145151]: DEBUG glance.api.middleware.version_negotiation [None req-8389bff2-e758-4e30-b115-34cb669fa8db admin admin] Determining version of request: GET /v2/images Accept: application/json {{(pid=145151) process_request /opt/stack/glance/glance/api/middleware/version_negotiation.py:44}}
Aug 04 02:06:50 ubuntu devstack@g-api.service[145151]: DEBUG glance.api.middleware.version_negotiation [None req-8389bff2-e758-4e30-b115-34cb669fa8db admin admin] Using url versioning {{(pid=145151) process_request /opt/stack/glance/glance/api/middleware/version_negotiation.py:57}}
Aug 04 02:06:50 ubuntu devstack@g-api.service[145151]: DEBUG glance.api.middleware.version_negotiation [None req-8389bff2-e758-4e30-b115-34cb669fa8db admin admin] Matched version: v2 {{(pid=145151) process_request /opt/stack/glance/glance/api/middleware/version_negotiation.py:69}}
Aug 04 02:06:50 ubuntu devstack@g-api.service[145151]: DEBUG glance.api.middleware.version_negotiation [None req-8389bff2-e758-4e30-b115-34cb669fa8db admin admin] new path /v2/images {{(pid=145151) process_request /opt/stack/glance/glance/api/middleware/version_negotiation.py:70}}
Aug 04 02:06:51 ubuntu devstack@g-api.service[145151]: [pid: 145151|app: 0|req: 4/6] 127.0.0.1 () {36 vars in 729 bytes} [Thu Aug  4 02:06:50 2022] GET /v2/images => generated 1045 bytes in 483 msecs (HTTP/1.1 200) 4 headers in 158 bytes (1 switches on core 0)
Aug 04 02:06:57 ubuntu devstack@g-api.service[145150]: DEBUG glance.api.middleware.version_negotiation [None req-02c9ee32-2a13-4b8f-a2e5-e46b3cbc09e6 admin admin] Determining version of request: GET / Accept: application/json {{(pid=145150) process_request /opt/stack/glance/glance/api/middleware/version_negotiation.py:44}}
Aug 04 02:06:57 ubuntu devstack@g-api.service[145150]: DEBUG glance.api.middleware.version_negotiation [None req-02c9ee32-2a13-4b8f-a2e5-e46b3cbc09e6 admin admin] Using url versioning {{(pid=145150) process_request /opt/stack/glance/glance/api/middleware/version_negotiation.py:57}}
Aug 04 02:06:57 ubuntu devstack@g-api.service[145150]: DEBUG glance.api.middleware.version_negotiation [None req-02c9ee32-2a13-4b8f-a2e5-e46b3cbc09e6 admin admin] Unknown version. Returning version choices. {{(pid=145150) process_request /opt/stack/glance/glance/api/middleware/version_negotiation.py:64}}
Aug 04 02:06:57 ubuntu devstack@g-api.service[145150]: [pid: 145150|app: 0|req: 3/7] 127.0.0.1 () {34 vars in 507 bytes} [Thu Aug  4 02:06:57 2022] GET / => generated 1323 bytes in 4 msecs (HTTP/1.1 300) 3 headers in 106 bytes (1 switches on core 0)
Aug 04 02:06:57 ubuntu devstack@g-api.service[145151]: DEBUG glance.api.middleware.version_negotiation [None req-7b0bac7a-9467-4f54-8338-7d3337eba16f admin admin] Determining version of request: GET /v2/images/5cea9a04-d101-42f5-b279-dcdad1ac06ee Accept: */* {{(pid=145151) process_request /opt/stack/glance/glance/api/middleware/version_negotiation.py:44}}
Aug 04 02:06:57 ubuntu devstack@g-api.service[145151]: DEBUG glance.api.middleware.version_negotiation [None req-7b0bac7a-9467-4f54-8338-7d3337eba16f admin admin] Using url versioning {{(pid=145151) process_request /opt/stack/glance/glance/api/middleware/version_negotiation.py:57}}
Aug 04 02:06:57 ubuntu devstack@g-api.service[145151]: DEBUG glance.api.middleware.version_negotiation [None req-7b0bac7a-9467-4f54-8338-7d3337eba16f admin admin] Matched version: v2 {{(pid=145151) process_request /opt/stack/glance/glance/api/middleware/version_negotiation.py:69}}
Aug 04 02:06:57 ubuntu devstack@g-api.service[145151]: DEBUG glance.api.middleware.version_negotiation [None req-7b0bac7a-9467-4f54-8338-7d3337eba16f admin admin] new path /v2/images/5cea9a04-d101-42f5-b279-dcdad1ac06ee {{(pid=145151) process_request /opt/stack/glance/glance/api/middleware/version_negotiation.py:70}}
Aug 04 02:06:58 ubuntu devstack@g-api.service[145151]: [pid: 145151|app: 0|req: 5/8] 127.0.0.1 () {36 vars in 790 bytes} [Thu Aug  4 02:06:57 2022] GET /v2/images/5cea9a04-d101-42f5-b279-dcdad1ac06ee => generated 976 bytes in 311 msecs (HTTP/1.1 200) 4 headers in 157 bytes (1 switches on core 0)
Aug 04 02:07:02 ubuntu devstack@g-api.service[145150]: DEBUG glance.api.middleware.version_negotiation [None req-02c9ee32-2a13-4b8f-a2e5-e46b3cbc09e6 admin admin] Determining version of request: GET / Accept: application/json {{(pid=145150) process_request /opt/stack/glance/glance/api/middleware/version_negotiation.py:44}}
Aug 04 02:07:02 ubuntu devstack@g-api.service[145150]: DEBUG glance.api.middleware.version_negotiation [None req-02c9ee32-2a13-4b8f-a2e5-e46b3cbc09e6 admin admin] Using url versioning {{(pid=145150) process_request /opt/stack/glance/glance/api/middleware/version_negotiation.py:57}}
Aug 04 02:07:02 ubuntu devstack@g-api.service[145150]: DEBUG glance.api.middleware.version_negotiation [None req-02c9ee32-2a13-4b8f-a2e5-e46b3cbc09e6 admin admin] Unknown version. Returning version choices. {{(pid=145150) process_request /opt/stack/glance/glance/api/middleware/version_negotiation.py:64}}
Aug 04 02:07:02 ubuntu devstack@g-api.service[145150]: [pid: 145150|app: 0|req: 4/9] 127.0.0.1 () {34 vars in 507 bytes} [Thu Aug  4 02:07:02 2022] GET / => generated 1323 bytes in 4 msecs (HTTP/1.1 300) 3 headers in 106 bytes (1 switches on core 0)
Aug 04 02:07:02 ubuntu devstack@g-api.service[145151]: DEBUG glance.api.middleware.version_negotiation [None req-08e065ac-1b6d-4ed1-9f42-d9a10bc303bd admin admin] Determining version of request: GET /v2/images/5cea9a04-d101-42f5-b279-dcdad1ac06ee Accept: */* {{(pid=145151) process_request /opt/stack/glance/glance/api/middleware/version_negotiation.py:44}}
Aug 04 02:07:02 ubuntu devstack@g-api.service[145151]: DEBUG glance.api.middleware.version_negotiation [None req-08e065ac-1b6d-4ed1-9f42-d9a10bc303bd admin admin] Using url versioning {{(pid=145151) process_request /opt/stack/glance/glance/api/middleware/version_negotiation.py:57}}
Aug 04 02:07:02 ubuntu devstack@g-api.service[145151]: DEBUG glance.api.middleware.version_negotiation [None req-08e065ac-1b6d-4ed1-9f42-d9a10bc303bd admin admin] Matched version: v2 {{(pid=145151) process_request /opt/stack/glance/glance/api/middleware/version_negotiation.py:69}}
Aug 04 02:07:02 ubuntu devstack@g-api.service[145151]: DEBUG glance.api.middleware.version_negotiation [None req-08e065ac-1b6d-4ed1-9f42-d9a10bc303bd admin admin] new path /v2/images/5cea9a04-d101-42f5-b279-dcdad1ac06ee {{(pid=145151) process_request /opt/stack/glance/glance/api/middleware/version_negotiation.py:70}}
Aug 04 02:07:02 ubuntu devstack@g-api.service[145151]: [pid: 145151|app: 0|req: 6/10] 127.0.0.1 () {36 vars in 790 bytes} [Thu Aug  4 02:07:02 2022] GET /v2/images/5cea9a04-d101-42f5-b279-dcdad1ac06ee => generated 976 bytes in 335 msecs (HTTP/1.1 200) 4 headers in 157 bytes (1 switches on core 0)
Aug 04 02:07:12 ubuntu devstack@g-api.service[145151]: DEBUG dbcounter [-] [145151] Writing DB stats glance:SELECT=10 {{(pid=145151) stat_writer /usr/local/lib/python3.8/dist-packages/dbcounter.py:114}}
Aug 04 02:09:09 ubuntu devstack@g-api.service[145150]: DEBUG glance.api.middleware.version_negotiation [None req-02c9ee32-2a13-4b8f-a2e5-e46b3cbc09e6 admin admin] Determining version of request: GET /v1 Accept: application/json {{(pid=145150) process_request /opt/stack/glance/glance/api/middleware/version_negotiation.py:44}}
Aug 04 02:09:09 ubuntu devstack@g-api.service[145150]: DEBUG glance.api.middleware.version_negotiation [None req-02c9ee32-2a13-4b8f-a2e5-e46b3cbc09e6 admin admin] Using url versioning {{(pid=145150) process_request /opt/stack/glance/glance/api/middleware/version_negotiation.py:57}}
Aug 04 02:09:09 ubuntu devstack@g-api.service[145150]: DEBUG glance.api.middleware.version_negotiation [None req-02c9ee32-2a13-4b8f-a2e5-e46b3cbc09e6 admin admin] Unknown version. Returning version choices. {{(pid=145150) process_request /opt/stack/glance/glance/api/middleware/version_negotiation.py:64}}
Aug 04 02:09:09 ubuntu devstack@g-api.service[145150]: [pid: 145150|app: 0|req: 5/11] 127.0.0.1 () {38 vars in 686 bytes} [Thu Aug  4 02:09:09 2022] GET /v1 => generated 1323 bytes in 6 msecs (HTTP/1.1 300) 3 headers in 106 bytes (1 switches on core 0)
Aug 04 02:13:01 ubuntu devstack@g-api.service[145151]: DEBUG glance.api.middleware.version_negotiation [None req-4562bee1-6387-42aa-8807-55559ea6422d admin admin] Determining version of request: GET /versions Accept: */* {{(pid=145151) process_request /opt/stack/glance/glance/api/middleware/version_negotiation.py:44}}
Aug 04 02:13:01 ubuntu devstack@g-api.service[145151]: [pid: 145151|app: 0|req: 7/12] 127.0.0.1 () {38 vars in 695 bytes} [Thu Aug  4 02:13:01 2022] GET /versions => generated 1323 bytes in 6 msecs (HTTP/1.1 200) 3 headers in 92 bytes (1 switches on core 0)
Aug 04 02:13:01 ubuntu devstack@g-api.service[145150]: DEBUG glance.api.middleware.version_negotiation [None req-02c9ee32-2a13-4b8f-a2e5-e46b3cbc09e6 admin admin] Determining version of request: GET /v2/schemas/image Accept: */* {{(pid=145150) process_request /opt/stack/glance/glance/api/middleware/version_negotiation.py:44}}
Aug 04 02:13:01 ubuntu devstack@g-api.service[145150]: DEBUG glance.api.middleware.version_negotiation [None req-02c9ee32-2a13-4b8f-a2e5-e46b3cbc09e6 admin admin] Using url versioning {{(pid=145150) process_request /opt/stack/glance/glance/api/middleware/version_negotiation.py:57}}
Aug 04 02:13:01 ubuntu devstack@g-api.service[145150]: DEBUG glance.api.middleware.version_negotiation [None req-02c9ee32-2a13-4b8f-a2e5-e46b3cbc09e6 admin admin] Matched version: v2 {{(pid=145150) process_request /opt/stack/glance/glance/api/middleware/version_negotiation.py:69}}
Aug 04 02:13:01 ubuntu devstack@g-api.service[145150]: DEBUG glance.api.middleware.version_negotiation [None req-02c9ee32-2a13-4b8f-a2e5-e46b3cbc09e6 admin admin] new path /v2/schemas/image {{(pid=145150) process_request /opt/stack/glance/glance/api/middleware/version_negotiation.py:70}}
Aug 04 02:13:01 ubuntu devstack@g-api.service[145150]: [pid: 145150|app: 0|req: 6/13] 127.0.0.1 () {38 vars in 711 bytes} [Thu Aug  4 02:13:01 2022] GET /v2/schemas/image => generated 6083 bytes in 103 msecs (HTTP/1.1 200) 4 headers in 158 bytes (1 switches on core 0)
Aug 04 02:13:01 ubuntu devstack@g-api.service[145151]: DEBUG glance.api.middleware.version_negotiation [None req-4562bee1-6387-42aa-8807-55559ea6422d admin admin] Determining version of request: GET /v2/schemas/metadefs/namespace Accept: */* {{(pid=145151) process_request /opt/stack/glance/glance/api/middleware/version_negotiation.py:44}}
Aug 04 02:13:01 ubuntu devstack@g-api.service[145151]: DEBUG glance.api.middleware.version_negotiation [None req-4562bee1-6387-42aa-8807-55559ea6422d admin admin] Using url versioning {{(pid=145151) process_request /opt/stack/glance/glance/api/middleware/version_negotiation.py:57}}
Aug 04 02:13:01 ubuntu devstack@g-api.service[145151]: DEBUG glance.api.middleware.version_negotiation [None req-4562bee1-6387-42aa-8807-55559ea6422d admin admin] Matched version: v2 {{(pid=145151) process_request /opt/stack/glance/glance/api/middleware/version_negotiation.py:69}}
Aug 04 02:13:01 ubuntu devstack@g-api.service[145151]: DEBUG glance.api.middleware.version_negotiation [None req-4562bee1-6387-42aa-8807-55559ea6422d admin admin] new path /v2/schemas/metadefs/namespace {{(pid=145151) process_request /opt/stack/glance/glance/api/middleware/version_negotiation.py:70}}
Aug 04 02:13:01 ubuntu devstack@g-api.service[145151]: [pid: 145151|app: 0|req: 8/14] 127.0.0.1 () {38 vars in 737 bytes} [Thu Aug  4 02:13:01 2022] GET /v2/schemas/metadefs/namespace => generated 3100 bytes in 14 msecs (HTTP/1.1 200) 4 headers in 158 bytes (1 switches on core 0)
Aug 04 02:13:01 ubuntu devstack@g-api.service[145150]: DEBUG glance.api.middleware.version_negotiation [None req-ceeb6254-37ca-4f80-85c4-13c24b3f6ab6 admin admin] Determining version of request: GET /v2/schemas/metadefs/resource_type Accept: */* {{(pid=145150) process_request /opt/stack/glance/glance/api/middleware/version_negotiation.py:44}}
Aug 04 02:13:01 ubuntu devstack@g-api.service[145150]: DEBUG glance.api.middleware.version_negotiation [None req-ceeb6254-37ca-4f80-85c4-13c24b3f6ab6 admin admin] Using url versioning {{(pid=145150) process_request /opt/stack/glance/glance/api/middleware/version_negotiation.py:57}}
Aug 04 02:13:01 ubuntu devstack@g-api.service[145150]: DEBUG glance.api.middleware.version_negotiation [None req-ceeb6254-37ca-4f80-85c4-13c24b3f6ab6 admin admin] Matched version: v2 {{(pid=145150) process_request /opt/stack/glance/glance/api/middleware/version_negotiation.py:69}}
Aug 04 02:13:01 ubuntu devstack@g-api.service[145150]: DEBUG glance.api.middleware.version_negotiation [None req-ceeb6254-37ca-4f80-85c4-13c24b3f6ab6 admin admin] new path /v2/schemas/metadefs/resource_type {{(pid=145150) process_request /opt/stack/glance/glance/api/middleware/version_negotiation.py:70}}
Aug 04 02:13:01 ubuntu devstack@g-api.service[145150]: [pid: 145150|app: 0|req: 7/15] 127.0.0.1 () {38 vars in 745 bytes} [Thu Aug  4 02:13:01 2022] GET /v2/schemas/metadefs/resource_type => generated 1260 bytes in 6 msecs (HTTP/1.1 200) 4 headers in 158 bytes (1 switches on core 0)
Aug 04 02:13:01 ubuntu devstack@g-api.service[145151]: DEBUG glance.api.middleware.version_negotiation [None req-40065194-15d7-4173-8aba-0d6ab4650d80 admin admin] Determining version of request: GET /v2/images Accept: */* {{(pid=145151) process_request /opt/stack/glance/glance/api/middleware/version_negotiation.py:44}}
Aug 04 02:13:01 ubuntu devstack@g-api.service[145151]: DEBUG glance.api.middleware.version_negotiation [None req-40065194-15d7-4173-8aba-0d6ab4650d80 admin admin] Using url versioning {{(pid=145151) process_request /opt/stack/glance/glance/api/middleware/version_negotiation.py:57}}
Aug 04 02:13:01 ubuntu devstack@g-api.service[145151]: DEBUG glance.api.middleware.version_negotiation [None req-40065194-15d7-4173-8aba-0d6ab4650d80 admin admin] Matched version: v2 {{(pid=145151) process_request /opt/stack/glance/glance/api/middleware/version_negotiation.py:69}}
Aug 04 02:13:01 ubuntu devstack@g-api.service[145151]: DEBUG glance.api.middleware.version_negotiation [None req-40065194-15d7-4173-8aba-0d6ab4650d80 admin admin] new path /v2/images {{(pid=145151) process_request /opt/stack/glance/glance/api/middleware/version_negotiation.py:70}}
Aug 04 02:13:01 ubuntu devstack@g-api.service[145151]: [pid: 145151|app: 0|req: 9/16] 127.0.0.1 () {38 vars in 768 bytes} [Thu Aug  4 02:13:01 2022] GET /v2/images?limit=20&sort_key=name&sort_dir=asc => generated 1081 bytes in 83 msecs (HTTP/1.1 200) 4 headers in 158 bytes (1 switches on core 0)
Aug 04 02:13:01 ubuntu devstack@g-api.service[145150]: DEBUG glance.api.middleware.version_negotiation [None req-ce7c004f-4396-470c-91e2-05a2d7b67cd3 admin admin] Determining version of request: GET /v2/schemas/image Accept: */* {{(pid=145150) process_request /opt/stack/glance/glance/api/middleware/version_negotiation.py:44}}
Aug 04 02:13:01 ubuntu devstack@g-api.service[145150]: DEBUG glance.api.middleware.version_negotiation [None req-ce7c004f-4396-470c-91e2-05a2d7b67cd3 admin admin] Using url versioning {{(pid=145150) process_request /opt/stack/glance/glance/api/middleware/version_negotiation.py:57}}
Aug 04 02:13:01 ubuntu devstack@g-api.service[145150]: DEBUG glance.api.middleware.version_negotiation [None req-ce7c004f-4396-470c-91e2-05a2d7b67cd3 admin admin] Matched version: v2 {{(pid=145150) process_request /opt/stack/glance/glance/api/middleware/version_negotiation.py:69}}
Aug 04 02:13:01 ubuntu devstack@g-api.service[145150]: DEBUG glance.api.middleware.version_negotiation [None req-ce7c004f-4396-470c-91e2-05a2d7b67cd3 admin admin] new path /v2/schemas/image {{(pid=145150) process_request /opt/stack/glance/glance/api/middleware/version_negotiation.py:70}}
Aug 04 02:13:01 ubuntu devstack@g-api.service[145150]: [pid: 145150|app: 0|req: 8/17] 127.0.0.1 () {38 vars in 711 bytes} [Thu Aug  4 02:13:01 2022] GET /v2/schemas/image => generated 6083 bytes in 6 msecs (HTTP/1.1 200) 4 headers in 158 bytes (1 switches on core 0)
Aug 04 02:13:11 ubuntu devstack@g-api.service[145151]: DEBUG dbcounter [-] [145151] Writing DB stats glance:SELECT=2 {{(pid=145151) stat_writer /usr/local/lib/python3.8/dist-packages/dbcounter.py:114}}
Aug 04 02:13:16 ubuntu devstack@g-api.service[145151]: DEBUG glance.api.middleware.version_negotiation [None req-2bf23666-0930-4ce4-8ca2-4b199a6bd68f admin admin] Determining version of request: GET / Accept: application/json {{(pid=145151) process_request /opt/stack/glance/glance/api/middleware/version_negotiation.py:44}}
Aug 04 02:13:16 ubuntu devstack@g-api.service[145151]: DEBUG glance.api.middleware.version_negotiation [None req-2bf23666-0930-4ce4-8ca2-4b199a6bd68f admin admin] Using url versioning {{(pid=145151) process_request /opt/stack/glance/glance/api/middleware/version_negotiation.py:57}}
Aug 04 02:13:16 ubuntu devstack@g-api.service[145151]: DEBUG glance.api.middleware.version_negotiation [None req-2bf23666-0930-4ce4-8ca2-4b199a6bd68f admin admin] Unknown version. Returning version choices. {{(pid=145151) process_request /opt/stack/glance/glance/api/middleware/version_negotiation.py:64}}
Aug 04 02:13:16 ubuntu devstack@g-api.service[145151]: [pid: 145151|app: 0|req: 10/18] 127.0.0.1 () {34 vars in 492 bytes} [Thu Aug  4 02:13:16 2022] GET / => generated 1323 bytes in 2 msecs (HTTP/1.1 300) 3 headers in 106 bytes (1 switches on core 0)
Aug 04 02:13:16 ubuntu devstack@g-api.service[145150]: DEBUG glance.api.middleware.version_negotiation [None req-175f02e4-56fa-49ce-a26c-951388004da8 admin admin] Determining version of request: GET /v2/images/5cea9a04-d101-42f5-b279-dcdad1ac06ee Accept: */* {{(pid=145150) process_request /opt/stack/glance/glance/api/middleware/version_negotiation.py:44}}
Aug 04 02:13:16 ubuntu devstack@g-api.service[145150]: DEBUG glance.api.middleware.version_negotiation [None req-175f02e4-56fa-49ce-a26c-951388004da8 admin admin] Using url versioning {{(pid=145150) process_request /opt/stack/glance/glance/api/middleware/version_negotiation.py:57}}
Aug 04 02:13:16 ubuntu devstack@g-api.service[145150]: DEBUG glance.api.middleware.version_negotiation [None req-175f02e4-56fa-49ce-a26c-951388004da8 admin admin] Matched version: v2 {{(pid=145150) process_request /opt/stack/glance/glance/api/middleware/version_negotiation.py:69}}
Aug 04 02:13:16 ubuntu devstack@g-api.service[145150]: DEBUG glance.api.middleware.version_negotiation [None req-175f02e4-56fa-49ce-a26c-951388004da8 admin admin] new path /v2/images/5cea9a04-d101-42f5-b279-dcdad1ac06ee {{(pid=145150) process_request /opt/stack/glance/glance/api/middleware/version_negotiation.py:70}}
Aug 04 02:13:16 ubuntu devstack@g-api.service[145150]: WARNING keystonemiddleware.auth_token [None req-175f02e4-56fa-49ce-a26c-951388004da8 admin admin] A valid token was submitted as a service token, but it was not a valid service token. This is incorrect but backwards compatible behaviour. This will be removed in future releases.
Aug 04 02:13:16 ubuntu devstack@g-api.service[145150]: [pid: 145150|app: 0|req: 9/19] 127.0.0.1 () {42 vars in 1049 bytes} [Thu Aug  4 02:13:16 2022] GET /v2/images/5cea9a04-d101-42f5-b279-dcdad1ac06ee => generated 976 bytes in 108 msecs (HTTP/1.1 200) 4 headers in 157 bytes (1 switches on core 0)
Aug 04 02:13:16 ubuntu devstack@g-api.service[145151]: DEBUG glance.api.middleware.version_negotiation [None req-2bf23666-0930-4ce4-8ca2-4b199a6bd68f admin admin] Determining version of request: GET /v2/schemas/image Accept: */* {{(pid=145151) process_request /opt/stack/glance/glance/api/middleware/version_negotiation.py:44}}
Aug 04 02:13:16 ubuntu devstack@g-api.service[145151]: DEBUG glance.api.middleware.version_negotiation [None req-2bf23666-0930-4ce4-8ca2-4b199a6bd68f admin admin] Using url versioning {{(pid=145151) process_request /opt/stack/glance/glance/api/middleware/version_negotiation.py:57}}
Aug 04 02:13:16 ubuntu devstack@g-api.service[145151]: DEBUG glance.api.middleware.version_negotiation [None req-2bf23666-0930-4ce4-8ca2-4b199a6bd68f admin admin] Matched version: v2 {{(pid=145151) process_request /opt/stack/glance/glance/api/middleware/version_negotiation.py:69}}
Aug 04 02:13:16 ubuntu devstack@g-api.service[145151]: DEBUG glance.api.middleware.version_negotiation [None req-2bf23666-0930-4ce4-8ca2-4b199a6bd68f admin admin] new path /v2/schemas/image {{(pid=145151) process_request /opt/stack/glance/glance/api/middleware/version_negotiation.py:70}}
Aug 04 02:13:16 ubuntu devstack@g-api.service[145151]: WARNING keystonemiddleware.auth_token [None req-2bf23666-0930-4ce4-8ca2-4b199a6bd68f admin admin] A valid token was submitted as a service token, but it was not a valid service token. This is incorrect but backwards compatible behaviour. This will be removed in future releases.
Aug 04 02:13:16 ubuntu devstack@g-api.service[145151]: [pid: 145151|app: 0|req: 11/20] 127.0.0.1 () {42 vars in 989 bytes} [Thu Aug  4 02:13:16 2022] GET /v2/schemas/image => generated 6083 bytes in 6 msecs (HTTP/1.1 200) 4 headers in 158 bytes (1 switches on core 0)
Aug 04 02:13:19 ubuntu devstack@g-api.service[145150]: DEBUG glance.api.middleware.version_negotiation [None req-26ad5d49-bd95-464b-9fab-93a499d70a9a tempest-VolumesAdminNegativeTest-1924182069 tempest-VolumesAdminNegativeTest-1924182069-project] Determining version of request: GET /v2/images/5cea9a04-d101-42f5-b279-dcdad1ac06ee Accept: */* {{(pid=145150) process_request /opt/stack/glance/glance/api/middleware/version_negotiation.py:44}}
Aug 04 02:13:19 ubuntu devstack@g-api.service[145150]: DEBUG glance.api.middleware.version_negotiation [None req-26ad5d49-bd95-464b-9fab-93a499d70a9a tempest-VolumesAdminNegativeTest-1924182069 tempest-VolumesAdminNegativeTest-1924182069-project] Using url versioning {{(pid=145150) process_request /opt/stack/glance/glance/api/middleware/version_negotiation.py:57}}
Aug 04 02:13:19 ubuntu devstack@g-api.service[145150]: DEBUG glance.api.middleware.version_negotiation [None req-26ad5d49-bd95-464b-9fab-93a499d70a9a tempest-VolumesAdminNegativeTest-1924182069 tempest-VolumesAdminNegativeTest-1924182069-project] Matched version: v2 {{(pid=145150) process_request /opt/stack/glance/glance/api/middleware/version_negotiation.py:69}}
Aug 04 02:13:19 ubuntu devstack@g-api.service[145150]: DEBUG glance.api.middleware.version_negotiation [None req-26ad5d49-bd95-464b-9fab-93a499d70a9a tempest-VolumesAdminNegativeTest-1924182069 tempest-VolumesAdminNegativeTest-1924182069-project] new path /v2/images/5cea9a04-d101-42f5-b279-dcdad1ac06ee {{(pid=145150) process_request /opt/stack/glance/glance/api/middleware/version_negotiation.py:70}}
Aug 04 02:13:19 ubuntu devstack@g-api.service[145150]: [pid: 145150|app: 0|req: 10/21] 127.0.0.1 () {42 vars in 1049 bytes} [Thu Aug  4 02:13:19 2022] GET /v2/images/5cea9a04-d101-42f5-b279-dcdad1ac06ee => generated 976 bytes in 19 msecs (HTTP/1.1 200) 4 headers in 157 bytes (1 switches on core 0)
Aug 04 02:13:19 ubuntu devstack@g-api.service[145151]: DEBUG glance.api.middleware.version_negotiation [None req-26ad5d49-bd95-464b-9fab-93a499d70a9a tempest-VolumesAdminNegativeTest-1924182069 tempest-VolumesAdminNegativeTest-1924182069-project] Determining version of request: GET /v2/images/5cea9a04-d101-42f5-b279-dcdad1ac06ee/file Accept: */* {{(pid=145151) process_request /opt/stack/glance/glance/api/middleware/version_negotiation.py:44}}
Aug 04 02:13:19 ubuntu devstack@g-api.service[145151]: DEBUG glance.api.middleware.version_negotiation [None req-26ad5d49-bd95-464b-9fab-93a499d70a9a tempest-VolumesAdminNegativeTest-1924182069 tempest-VolumesAdminNegativeTest-1924182069-project] Using url versioning {{(pid=145151) process_request /opt/stack/glance/glance/api/middleware/version_negotiation.py:57}}
Aug 04 02:13:19 ubuntu devstack@g-api.service[145151]: DEBUG glance.api.middleware.version_negotiation [None req-26ad5d49-bd95-464b-9fab-93a499d70a9a tempest-VolumesAdminNegativeTest-1924182069 tempest-VolumesAdminNegativeTest-1924182069-project] Matched version: v2 {{(pid=145151) process_request /opt/stack/glance/glance/api/middleware/version_negotiation.py:69}}
Aug 04 02:13:19 ubuntu devstack@g-api.service[145151]: DEBUG glance.api.middleware.version_negotiation [None req-26ad5d49-bd95-464b-9fab-93a499d70a9a tempest-VolumesAdminNegativeTest-1924182069 tempest-VolumesAdminNegativeTest-1924182069-project] new path /v2/images/5cea9a04-d101-42f5-b279-dcdad1ac06ee/file {{(pid=145151) process_request /opt/stack/glance/glance/api/middleware/version_negotiation.py:70}}
Aug 04 02:13:19 ubuntu devstack@g-api.service[145151]: DEBUG glance_store.backend [None req-26ad5d49-bd95-464b-9fab-93a499d70a9a tempest-VolumesAdminNegativeTest-1924182069 tempest-VolumesAdminNegativeTest-1924182069-project] Attempting to import store swift {{(pid=145151) _load_store /usr/local/lib/python3.8/dist-packages/glance_store/backend.py:216}}
Aug 04 02:13:19 ubuntu devstack@g-api.service[145151]: DEBUG glance_store.capabilities [None req-26ad5d49-bd95-464b-9fab-93a499d70a9a tempest-VolumesAdminNegativeTest-1924182069 tempest-VolumesAdminNegativeTest-1924182069-project] Store glance_store._drivers.swift.store.SingleTenantStore doesn't support updating dynamic storage capabilities. Please overwrite 'update_capabilities' method of the store to implement updating logics if needed. {{(pid=145151) update_capabilities /usr/local/lib/python3.8/dist-packages/glance_store/capabilities.py:91}}
Aug 04 02:13:19 ubuntu devstack@g-api.service[145151]: DEBUG glance_store.driver [None req-26ad5d49-bd95-464b-9fab-93a499d70a9a tempest-VolumesAdminNegativeTest-1924182069 tempest-VolumesAdminNegativeTest-1924182069-project] Late loading location class glance_store._drivers.swift.store.StoreLocation {{(pid=145151) get_store_location_class /usr/local/lib/python3.8/dist-packages/glance_store/driver.py:116}}
Aug 04 02:13:19 ubuntu devstack@g-api.service[145151]: DEBUG glance_store.location [None req-26ad5d49-bd95-464b-9fab-93a499d70a9a tempest-VolumesAdminNegativeTest-1924182069 tempest-VolumesAdminNegativeTest-1924182069-project] Registering scheme swift+https with {'store': <glance_store._drivers.swift.store.SingleTenantStore object at 0x7fca6b582c70>, 'location_class': <class 'glance_store._drivers.swift.store.StoreLocation'>, 'store_entry': 'swift'} {{(pid=145151) register_scheme_map /usr/local/lib/python3.8/dist-packages/glance_store/location.py:146}}
Aug 04 02:13:19 ubuntu devstack@g-api.service[145151]: DEBUG glance_store.location [None req-26ad5d49-bd95-464b-9fab-93a499d70a9a tempest-VolumesAdminNegativeTest-1924182069 tempest-VolumesAdminNegativeTest-1924182069-project] Registering scheme swift+https with {'store': <glance_store._drivers.swift.store.SingleTenantStore object at 0x7fca6b582c70>, 'location_class': <class 'glance_store._drivers.swift.store.StoreLocation'>, 'store_entry': 'swift'} {{(pid=145151) register_scheme_map /usr/local/lib/python3.8/dist-packages/glance_store/location.py:146}}
Aug 04 02:13:19 ubuntu devstack@g-api.service[145151]: DEBUG glance_store.location [None req-26ad5d49-bd95-464b-9fab-93a499d70a9a tempest-VolumesAdminNegativeTest-1924182069 tempest-VolumesAdminNegativeTest-1924182069-project] Registering scheme swift with {'store': <glance_store._drivers.swift.store.SingleTenantStore object at 0x7fca6b582c70>, 'location_class': <class 'glance_store._drivers.swift.store.StoreLocation'>, 'store_entry': 'swift'} {{(pid=145151) register_scheme_map /usr/local/lib/python3.8/dist-packages/glance_store/location.py:146}}
Aug 04 02:13:19 ubuntu devstack@g-api.service[145151]: DEBUG glance_store.location [None req-26ad5d49-bd95-464b-9fab-93a499d70a9a tempest-VolumesAdminNegativeTest-1924182069 tempest-VolumesAdminNegativeTest-1924182069-project] Registering scheme swift+https with {'store': <glance_store._drivers.swift.store.SingleTenantStore object at 0x7fca6b582c70>, 'location_class': <class 'glance_store._drivers.swift.store.StoreLocation'>, 'store_entry': 'swift'} {{(pid=145151) register_scheme_map /usr/local/lib/python3.8/dist-packages/glance_store/location.py:146}}
Aug 04 02:13:19 ubuntu devstack@g-api.service[145151]: DEBUG glance_store.location [None req-26ad5d49-bd95-464b-9fab-93a499d70a9a tempest-VolumesAdminNegativeTest-1924182069 tempest-VolumesAdminNegativeTest-1924182069-project] Registering scheme swift with {'store': <glance_store._drivers.swift.store.SingleTenantStore object at 0x7fca6b582c70>, 'location_class': <class 'glance_store._drivers.swift.store.StoreLocation'>, 'store_entry': 'swift'} {{(pid=145151) register_scheme_map /usr/local/lib/python3.8/dist-packages/glance_store/location.py:146}}
Aug 04 02:13:19 ubuntu devstack@g-api.service[145151]: DEBUG glance_store.location [None req-26ad5d49-bd95-464b-9fab-93a499d70a9a tempest-VolumesAdminNegativeTest-1924182069 tempest-VolumesAdminNegativeTest-1924182069-project] Registering scheme swift+http with {'store': <glance_store._drivers.swift.store.SingleTenantStore object at 0x7fca6b582c70>, 'location_class': <class 'glance_store._drivers.swift.store.StoreLocation'>, 'store_entry': 'swift'} {{(pid=145151) register_scheme_map /usr/local/lib/python3.8/dist-packages/glance_store/location.py:146}}
Aug 04 02:13:19 ubuntu devstack@g-api.service[145151]: DEBUG glance_store.location [None req-26ad5d49-bd95-464b-9fab-93a499d70a9a tempest-VolumesAdminNegativeTest-1924182069 tempest-VolumesAdminNegativeTest-1924182069-project] Registering scheme swift+https with {'store': <glance_store._drivers.swift.store.SingleTenantStore object at 0x7fca6b582c70>, 'location_class': <class 'glance_store._drivers.swift.store.StoreLocation'>, 'store_entry': 'swift'} {{(pid=145151) register_scheme_map /usr/local/lib/python3.8/dist-packages/glance_store/location.py:146}}
Aug 04 02:13:19 ubuntu devstack@g-api.service[145151]: DEBUG glance_store.location [None req-26ad5d49-bd95-464b-9fab-93a499d70a9a tempest-VolumesAdminNegativeTest-1924182069 tempest-VolumesAdminNegativeTest-1924182069-project] Registering scheme swift with {'store': <glance_store._drivers.swift.store.SingleTenantStore object at 0x7fca6b582c70>, 'location_class': <class 'glance_store._drivers.swift.store.StoreLocation'>, 'store_entry': 'swift'} {{(pid=145151) register_scheme_map /usr/local/lib/python3.8/dist-packages/glance_store/location.py:146}}
Aug 04 02:13:19 ubuntu devstack@g-api.service[145151]: DEBUG glance_store.location [None req-26ad5d49-bd95-464b-9fab-93a499d70a9a tempest-VolumesAdminNegativeTest-1924182069 tempest-VolumesAdminNegativeTest-1924182069-project] Registering scheme swift+http with {'store': <glance_store._drivers.swift.store.SingleTenantStore object at 0x7fca6b582c70>, 'location_class': <class 'glance_store._drivers.swift.store.StoreLocation'>, 'store_entry': 'swift'} {{(pid=145151) register_scheme_map /usr/local/lib/python3.8/dist-packages/glance_store/location.py:146}}
Aug 04 02:13:19 ubuntu devstack@g-api.service[145151]: DEBUG glance_store.location [None req-26ad5d49-bd95-464b-9fab-93a499d70a9a tempest-VolumesAdminNegativeTest-1924182069 tempest-VolumesAdminNegativeTest-1924182069-project] Registering scheme swift+config with {'store': <glance_store._drivers.swift.store.SingleTenantStore object at 0x7fca6b582c70>, 'location_class': <class 'glance_store._drivers.swift.store.StoreLocation'>, 'store_entry': 'swift'} {{(pid=145151) register_scheme_map /usr/local/lib/python3.8/dist-packages/glance_store/location.py:146}}
Aug 04 02:13:19 ubuntu devstack@g-api.service[145151]: DEBUG swiftclient [None req-26ad5d49-bd95-464b-9fab-93a499d70a9a tempest-VolumesAdminNegativeTest-1924182069 tempest-VolumesAdminNegativeTest-1924182069-project] REQ: curl -i http://192.168.79.41:8080/v1/AUTH_0c216470a9804cd1b98280e1cf23777a/glance/5cea9a04-d101-42f5-b279-dcdad1ac06ee -X GET -H "X-Auth-Token: gAAAAABi6ys_USn4..." {{(pid=145151) http_log /usr/local/lib/python3.8/dist-packages/swiftclient/client.py:157}}
Aug 04 02:13:19 ubuntu devstack@g-api.service[145151]: DEBUG swiftclient [None req-26ad5d49-bd95-464b-9fab-93a499d70a9a tempest-VolumesAdminNegativeTest-1924182069 tempest-VolumesAdminNegativeTest-1924182069-project] RESP STATUS: 200 OK {{(pid=145151) http_log /usr/local/lib/python3.8/dist-packages/swiftclient/client.py:158}}
Aug 04 02:13:19 ubuntu devstack@g-api.service[145151]: DEBUG swiftclient [None req-26ad5d49-bd95-464b-9fab-93a499d70a9a tempest-VolumesAdminNegativeTest-1924182069 tempest-VolumesAdminNegativeTest-1924182069-project] RESP HEADERS: {'Content-Type': 'application/octet-stream', 'Etag': '1d3062cd89af34e419f7100277f38b2b', 'Last-Modified': 'Thu, 04 Aug 2022 02:06:05 GMT', 'X-Timestamp': '1659578764.69273', 'Accept-Ranges': 'bytes', 'Content-Length': '16338944', 'X-Trans-Id': 'txf3b82d5b302d48cfb2f5d-0062eb2b3f', 'X-Openstack-Request-Id': 'txf3b82d5b302d48cfb2f5d-0062eb2b3f', 'Date': 'Thu, 04 Aug 2022 02:13:19 GMT'} {{(pid=145151) http_log /usr/local/lib/python3.8/dist-packages/swiftclient/client.py:159}}
Aug 04 02:13:19 ubuntu devstack@g-api.service[145151]: DEBUG glance.image_cache [None req-26ad5d49-bd95-464b-9fab-93a499d70a9a tempest-VolumesAdminNegativeTest-1924182069 tempest-VolumesAdminNegativeTest-1924182069-project] Tee'ing image '5cea9a04-d101-42f5-b279-dcdad1ac06ee' into cache {{(pid=145151) get_caching_iter /opt/stack/glance/glance/image_cache/__init__.py:343}}
Aug 04 02:13:19 ubuntu devstack@g-api.service[145151]: DEBUG glance.image_cache.drivers.sqlite [None req-26ad5d49-bd95-464b-9fab-93a499d70a9a tempest-VolumesAdminNegativeTest-1924182069 tempest-VolumesAdminNegativeTest-1924182069-project] Fetch finished, moving '/opt/stack/data/glance/cache/incomplete/5cea9a04-d101-42f5-b279-dcdad1ac06ee' to '/opt/stack/data/glance/cache/5cea9a04-d101-42f5-b279-dcdad1ac06ee' {{(pid=145151) commit /opt/stack/glance/glance/image_cache/drivers/sqlite.py:324}}
Aug 04 02:13:19 ubuntu devstack@g-api.service[145151]: [pid: 145151|app: 0|req: 12/22] 127.0.0.1 () {42 vars in 1059 bytes} [Thu Aug  4 02:13:19 2022] GET /v2/images/5cea9a04-d101-42f5-b279-dcdad1ac06ee/file => generated 16338944 bytes in 453 msecs (HTTP/1.1 200) 4 headers in 191 bytes (251 switches on core 0)
Aug 04 02:13:29 ubuntu devstack@g-api.service[145150]: DEBUG dbcounter [-] [145150] Writing DB stats glance:SELECT=8 {{(pid=145150) stat_writer /usr/local/lib/python3.8/dist-packages/dbcounter.py:114}}
Aug 04 02:13:29 ubuntu devstack@g-api.service[145151]: DEBUG dbcounter [-] [145151] Writing DB stats glance:SELECT=8 {{(pid=145151) stat_writer /usr/local/lib/python3.8/dist-packages/dbcounter.py:114}}
Aug 04 02:13:46 ubuntu devstack@g-api.service[145150]: DEBUG glance.api.middleware.version_negotiation [None req-26ad5d49-bd95-464b-9fab-93a499d70a9a tempest-VolumesAdminNegativeTest-1924182069 tempest-VolumesAdminNegativeTest-1924182069-project] Determining version of request: GET / Accept: application/json {{(pid=145150) process_request /opt/stack/glance/glance/api/middleware/version_negotiation.py:44}}
Aug 04 02:13:46 ubuntu devstack@g-api.service[145150]: DEBUG glance.api.middleware.version_negotiation [None req-26ad5d49-bd95-464b-9fab-93a499d70a9a tempest-VolumesAdminNegativeTest-1924182069 tempest-VolumesAdminNegativeTest-1924182069-project] Using url versioning {{(pid=145150) process_request /opt/stack/glance/glance/api/middleware/version_negotiation.py:57}}
Aug 04 02:13:46 ubuntu devstack@g-api.service[145150]: DEBUG glance.api.middleware.version_negotiation [None req-26ad5d49-bd95-464b-9fab-93a499d70a9a tempest-VolumesAdminNegativeTest-1924182069 tempest-VolumesAdminNegativeTest-1924182069-project] Unknown version. Returning version choices. {{(pid=145150) process_request /opt/stack/glance/glance/api/middleware/version_negotiation.py:64}}
Aug 04 02:13:46 ubuntu devstack@g-api.service[145150]: [pid: 145150|app: 0|req: 11/23] 127.0.0.1 () {34 vars in 492 bytes} [Thu Aug  4 02:13:46 2022] GET / => generated 1323 bytes in 4 msecs (HTTP/1.1 300) 3 headers in 106 bytes (1 switches on core 0)
Aug 04 02:13:46 ubuntu devstack@g-api.service[145151]: DEBUG glance.api.middleware.version_negotiation [None req-26ad5d49-bd95-464b-9fab-93a499d70a9a tempest-VolumesAdminNegativeTest-1924182069 tempest-VolumesAdminNegativeTest-1924182069-project] Determining version of request: GET /v2/images/5cea9a04-d101-42f5-b279-dcdad1ac06ee Accept: */* {{(pid=145151) process_request /opt/stack/glance/glance/api/middleware/version_negotiation.py:44}}
Aug 04 02:13:46 ubuntu devstack@g-api.service[145151]: DEBUG glance.api.middleware.version_negotiation [None req-26ad5d49-bd95-464b-9fab-93a499d70a9a tempest-VolumesAdminNegativeTest-1924182069 tempest-VolumesAdminNegativeTest-1924182069-project] Using url versioning {{(pid=145151) process_request /opt/stack/glance/glance/api/middleware/version_negotiation.py:57}}
Aug 04 02:13:46 ubuntu devstack@g-api.service[145151]: DEBUG glance.api.middleware.version_negotiation [None req-26ad5d49-bd95-464b-9fab-93a499d70a9a tempest-VolumesAdminNegativeTest-1924182069 tempest-VolumesAdminNegativeTest-1924182069-project] Matched version: v2 {{(pid=145151) process_request /opt/stack/glance/glance/api/middleware/version_negotiation.py:69}}
Aug 04 02:13:46 ubuntu devstack@g-api.service[145151]: DEBUG glance.api.middleware.version_negotiation [None req-26ad5d49-bd95-464b-9fab-93a499d70a9a tempest-VolumesAdminNegativeTest-1924182069 tempest-VolumesAdminNegativeTest-1924182069-project] new path /v2/images/5cea9a04-d101-42f5-b279-dcdad1ac06ee {{(pid=145151) process_request /opt/stack/glance/glance/api/middleware/version_negotiation.py:70}}
Aug 04 02:13:46 ubuntu devstack@g-api.service[145151]: [pid: 145151|app: 0|req: 13/24] 127.0.0.1 () {42 vars in 1049 bytes} [Thu Aug  4 02:13:46 2022] GET /v2/images/5cea9a04-d101-42f5-b279-dcdad1ac06ee => generated 976 bytes in 29 msecs (HTTP/1.1 200) 4 headers in 157 bytes (1 switches on core 0)
Aug 04 02:13:46 ubuntu devstack@g-api.service[145150]: DEBUG glance.api.middleware.version_negotiation [None req-26ad5d49-bd95-464b-9fab-93a499d70a9a tempest-VolumesAdminNegativeTest-1924182069 tempest-VolumesAdminNegativeTest-1924182069-project] Determining version of request: GET /v2/schemas/image Accept: */* {{(pid=145150) process_request /opt/stack/glance/glance/api/middleware/version_negotiation.py:44}}
Aug 04 02:13:46 ubuntu devstack@g-api.service[145150]: DEBUG glance.api.middleware.version_negotiation [None req-26ad5d49-bd95-464b-9fab-93a499d70a9a tempest-VolumesAdminNegativeTest-1924182069 tempest-VolumesAdminNegativeTest-1924182069-project] Using url versioning {{(pid=145150) process_request /opt/stack/glance/glance/api/middleware/version_negotiation.py:57}}
Aug 04 02:13:46 ubuntu devstack@g-api.service[145150]: DEBUG glance.api.middleware.version_negotiation [None req-26ad5d49-bd95-464b-9fab-93a499d70a9a tempest-VolumesAdminNegativeTest-1924182069 tempest-VolumesAdminNegativeTest-1924182069-project] Matched version: v2 {{(pid=145150) process_request /opt/stack/glance/glance/api/middleware/version_negotiation.py:69}}
Aug 04 02:13:46 ubuntu devstack@g-api.service[145150]: DEBUG glance.api.middleware.version_negotiation [None req-26ad5d49-bd95-464b-9fab-93a499d70a9a tempest-VolumesAdminNegativeTest-1924182069 tempest-VolumesAdminNegativeTest-1924182069-project] new path /v2/schemas/image {{(pid=145150) process_request /opt/stack/glance/glance/api/middleware/version_negotiation.py:70}}
Aug 04 02:13:46 ubuntu devstack@g-api.service[145150]: [pid: 145150|app: 0|req: 12/25] 127.0.0.1 () {42 vars in 989 bytes} [Thu Aug  4 02:13:46 2022] GET /v2/schemas/image => generated 6083 bytes in 9 msecs (HTTP/1.1 200) 4 headers in 158 bytes (1 switches on core 0)
Aug 04 02:13:56 ubuntu devstack@g-api.service[145151]: DEBUG dbcounter [-] [145151] Writing DB stats glance:SELECT=4 {{(pid=145151) stat_writer /usr/local/lib/python3.8/dist-packages/dbcounter.py:114}}
Aug 04 02:14:15 ubuntu devstack@g-api.service[145151]: DEBUG glance.api.middleware.version_negotiation [None req-fdd4cba6-5374-4f99-9c4e-fcef60575256 tempest-DeleteServersTestJSON-1742444755 tempest-DeleteServersTestJSON-1742444755-project] Determining version of request: GET /v2/images/5cea9a04-d101-42f5-b279-dcdad1ac06ee Accept: */* {{(pid=145151) process_request /opt/stack/glance/glance/api/middleware/version_negotiation.py:44}}
Aug 04 02:14:15 ubuntu devstack@g-api.service[145151]: DEBUG glance.api.middleware.version_negotiation [None req-fdd4cba6-5374-4f99-9c4e-fcef60575256 tempest-DeleteServersTestJSON-1742444755 tempest-DeleteServersTestJSON-1742444755-project] Using url versioning {{(pid=145151) process_request /opt/stack/glance/glance/api/middleware/version_negotiation.py:57}}
Aug 04 02:14:15 ubuntu devstack@g-api.service[145151]: DEBUG glance.api.middleware.version_negotiation [None req-fdd4cba6-5374-4f99-9c4e-fcef60575256 tempest-DeleteServersTestJSON-1742444755 tempest-DeleteServersTestJSON-1742444755-project] Matched version: v2 {{(pid=145151) process_request /opt/stack/glance/glance/api/middleware/version_negotiation.py:69}}
Aug 04 02:14:15 ubuntu devstack@g-api.service[145151]: DEBUG glance.api.middleware.version_negotiation [None req-fdd4cba6-5374-4f99-9c4e-fcef60575256 tempest-DeleteServersTestJSON-1742444755 tempest-DeleteServersTestJSON-1742444755-project] new path /v2/images/5cea9a04-d101-42f5-b279-dcdad1ac06ee {{(pid=145151) process_request /opt/stack/glance/glance/api/middleware/version_negotiation.py:70}}
Aug 04 02:14:15 ubuntu devstack@g-api.service[145151]: [pid: 145151|app: 0|req: 14/26] 127.0.0.1 () {42 vars in 1049 bytes} [Thu Aug  4 02:14:15 2022] GET /v2/images/5cea9a04-d101-42f5-b279-dcdad1ac06ee => generated 976 bytes in 21 msecs (HTTP/1.1 200) 4 headers in 157 bytes (1 switches on core 0)
