Aug 02 16:59:26 ubuntu devstack@g-api.service[145091]: INFO glance.location [None req-15934c28-72e9-4dda-9521-e561de4b7652 admin admin] Image format matched and virtual size computed: 117440512
Aug 02 16:59:26 ubuntu devstack@g-api.service[145091]: DEBUG glance_store.backend [None req-15934c28-72e9-4dda-9521-e561de4b7652 admin admin] Attempting to import store swift {{(pid=145091) _load_store /usr/local/lib/python3.8/dist-packages/glance_store/backend.py:216}}
Aug 02 16:59:26 ubuntu devstack@g-api.service[145091]: DEBUG glance_store.capabilities [None req-15934c28-72e9-4dda-9521-e561de4b7652 admin admin] Store glance_store._drivers.swift.store.SingleTenantStore doesn't support updating dynamic storage capabilities. Please overwrite 'update_capabilities' method of the store to implement updating logics if needed. {{(pid=145091) update_capabilities /usr/local/lib/python3.8/dist-packages/glance_store/capabilities.py:91}}
Aug 02 16:59:26 ubuntu devstack@g-api.service[145091]: DEBUG glance_store.driver [None req-15934c28-72e9-4dda-9521-e561de4b7652 admin admin] Late loading location class glance_store._drivers.swift.store.StoreLocation {{(pid=145091) get_store_location_class /usr/local/lib/python3.8/dist-packages/glance_store/driver.py:116}}
Aug 02 16:59:26 ubuntu devstack@g-api.service[145091]: DEBUG glance_store.location [None req-15934c28-72e9-4dda-9521-e561de4b7652 admin admin] Registering scheme swift+https with {'store': <glance_store._drivers.swift.store.SingleTenantStore object at 0x7fc71e789370>, 'location_class': <class 'glance_store._drivers.swift.store.StoreLocation'>, 'store_entry': 'swift'} {{(pid=145091) register_scheme_map /usr/local/lib/python3.8/dist-packages/glance_store/location.py:146}}
Aug 02 16:59:26 ubuntu devstack@g-api.service[145091]: DEBUG glance_store.location [None req-15934c28-72e9-4dda-9521-e561de4b7652 admin admin] Registering scheme swift+https with {'store': <glance_store._drivers.swift.store.SingleTenantStore object at 0x7fc71e789370>, 'location_class': <class 'glance_store._drivers.swift.store.StoreLocation'>, 'store_entry': 'swift'} {{(pid=145091) register_scheme_map /usr/local/lib/python3.8/dist-packages/glance_store/location.py:146}}
Aug 02 16:59:26 ubuntu devstack@g-api.service[145091]: DEBUG glance_store.location [None req-15934c28-72e9-4dda-9521-e561de4b7652 admin admin] Registering scheme swift with {'store': <glance_store._drivers.swift.store.SingleTenantStore object at 0x7fc71e789370>, 'location_class': <class 'glance_store._drivers.swift.store.StoreLocation'>, 'store_entry': 'swift'} {{(pid=145091) register_scheme_map /usr/local/lib/python3.8/dist-packages/glance_store/location.py:146}}
Aug 02 16:59:26 ubuntu devstack@g-api.service[145091]: DEBUG glance_store.location [None req-15934c28-72e9-4dda-9521-e561de4b7652 admin admin] Registering scheme swift+https with {'store': <glance_store._drivers.swift.store.SingleTenantStore object at 0x7fc71e789370>, 'location_class': <class 'glance_store._drivers.swift.store.StoreLocation'>, 'store_entry': 'swift'} {{(pid=145091) register_scheme_map /usr/local/lib/python3.8/dist-packages/glance_store/location.py:146}}
Aug 02 16:59:26 ubuntu devstack@g-api.service[145091]: DEBUG glance_store.location [None req-15934c28-72e9-4dda-9521-e561de4b7652 admin admin] Registering scheme swift with {'store': <glance_store._drivers.swift.store.SingleTenantStore object at 0x7fc71e789370>, 'location_class': <class 'glance_store._drivers.swift.store.StoreLocation'>, 'store_entry': 'swift'} {{(pid=145091) register_scheme_map /usr/local/lib/python3.8/dist-packages/glance_store/location.py:146}}
Aug 02 16:59:26 ubuntu devstack@g-api.service[145091]: DEBUG glance_store.location [None req-15934c28-72e9-4dda-9521-e561de4b7652 admin admin] Registering scheme swift+http with {'store': <glance_store._drivers.swift.store.SingleTenantStore object at 0x7fc71e789370>, 'location_class': <class 'glance_store._drivers.swift.store.StoreLocation'>, 'store_entry': 'swift'} {{(pid=145091) register_scheme_map /usr/local/lib/python3.8/dist-packages/glance_store/location.py:146}}
Aug 02 16:59:26 ubuntu devstack@g-api.service[145091]: DEBUG glance_store.location [None req-15934c28-72e9-4dda-9521-e561de4b7652 admin admin] Registering scheme swift+https with {'store': <glance_store._drivers.swift.store.SingleTenantStore object at 0x7fc71e789370>, 'location_class': <class 'glance_store._drivers.swift.store.StoreLocation'>, 'store_entry': 'swift'} {{(pid=145091) register_scheme_map /usr/local/lib/python3.8/dist-packages/glance_store/location.py:146}}
Aug 02 16:59:26 ubuntu devstack@g-api.service[145091]: DEBUG glance_store.location [None req-15934c28-72e9-4dda-9521-e561de4b7652 admin admin] Registering scheme swift with {'store': <glance_store._drivers.swift.store.SingleTenantStore object at 0x7fc71e789370>, 'location_class': <class 'glance_store._drivers.swift.store.StoreLocation'>, 'store_entry': 'swift'} {{(pid=145091) register_scheme_map /usr/local/lib/python3.8/dist-packages/glance_store/location.py:146}}
Aug 02 16:59:26 ubuntu devstack@g-api.service[145091]: DEBUG glance_store.location [None req-15934c28-72e9-4dda-9521-e561de4b7652 admin admin] Registering scheme swift+http with {'store': <glance_store._drivers.swift.store.SingleTenantStore object at 0x7fc71e789370>, 'location_class': <class 'glance_store._drivers.swift.store.StoreLocation'>, 'store_entry': 'swift'} {{(pid=145091) register_scheme_map /usr/local/lib/python3.8/dist-packages/glance_store/location.py:146}}
Aug 02 16:59:26 ubuntu devstack@g-api.service[145091]: DEBUG glance_store.location [None req-15934c28-72e9-4dda-9521-e561de4b7652 admin admin] Registering scheme swift+config with {'store': <glance_store._drivers.swift.store.SingleTenantStore object at 0x7fc71e789370>, 'location_class': <class 'glance_store._drivers.swift.store.StoreLocation'>, 'store_entry': 'swift'} {{(pid=145091) register_scheme_map /usr/local/lib/python3.8/dist-packages/glance_store/location.py:146}}
Aug 02 16:59:26 ubuntu devstack@g-api.service[145091]: DEBUG glance_store.backend [None req-15934c28-72e9-4dda-9521-e561de4b7652 admin admin] Skipping store.set_acls... not implemented. {{(pid=145091) set_acls /usr/local/lib/python3.8/dist-packages/glance_store/backend.py:508}}
Aug 02 16:59:26 ubuntu devstack@g-api.service[145091]: [pid: 145091|app: 0|req: 3/4] 127.0.0.1 () {40 vars in 862 bytes} [Tue Aug  2 16:59:23 2022] PUT /v2/images/f6770813-285c-4c90-8062-fd45aa225ecc/file => generated 0 bytes in 2765 msecs (HTTP/1.1 204) 4 headers in 171 bytes (1 switches on core 0)
Aug 02 16:59:33 ubuntu devstack@g-api.service[145090]: DEBUG dbcounter [-] [145090] Writing DB stats glance:SELECT=9,glance:INSERT=5 {{(pid=145090) stat_writer /usr/local/lib/python3.8/dist-packages/dbcounter.py:114}}
Aug 02 16:59:36 ubuntu devstack@g-api.service[145091]: DEBUG dbcounter [-] [145091] Writing DB stats glance:SELECT=28,glance:UPDATE=2,glance:INSERT=1 {{(pid=145091) stat_writer /usr/local/lib/python3.8/dist-packages/dbcounter.py:114}}
Aug 02 17:00:12 ubuntu devstack@g-api.service[145090]: DEBUG glance.api.middleware.version_negotiation [None req-5a76bd69-b1be-4082-bc49-e0d2a92e442a admin admin] Determining version of request: GET / Accept: application/json {{(pid=145090) process_request /opt/stack/glance/glance/api/middleware/version_negotiation.py:44}}
Aug 02 17:00:12 ubuntu devstack@g-api.service[145090]: DEBUG glance.api.middleware.version_negotiation [None req-5a76bd69-b1be-4082-bc49-e0d2a92e442a admin admin] Using url versioning {{(pid=145090) process_request /opt/stack/glance/glance/api/middleware/version_negotiation.py:57}}
Aug 02 17:00:12 ubuntu devstack@g-api.service[145090]: DEBUG glance.api.middleware.version_negotiation [None req-5a76bd69-b1be-4082-bc49-e0d2a92e442a admin admin] Unknown version. Returning version choices. {{(pid=145090) process_request /opt/stack/glance/glance/api/middleware/version_negotiation.py:64}}
Aug 02 17:00:12 ubuntu devstack@g-api.service[145090]: [pid: 145090|app: 0|req: 2/5] 127.0.0.1 () {34 vars in 506 bytes} [Tue Aug  2 17:00:12 2022] GET / => generated 1323 bytes in 3 msecs (HTTP/1.1 300) 3 headers in 106 bytes (1 switches on core 0)
Aug 02 17:00:12 ubuntu devstack@g-api.service[145091]: DEBUG glance.api.middleware.version_negotiation [None req-15934c28-72e9-4dda-9521-e561de4b7652 admin admin] Determining version of request: GET /v2/images Accept: application/json {{(pid=145091) process_request /opt/stack/glance/glance/api/middleware/version_negotiation.py:44}}
Aug 02 17:00:12 ubuntu devstack@g-api.service[145091]: DEBUG glance.api.middleware.version_negotiation [None req-15934c28-72e9-4dda-9521-e561de4b7652 admin admin] Using url versioning {{(pid=145091) process_request /opt/stack/glance/glance/api/middleware/version_negotiation.py:57}}
Aug 02 17:00:12 ubuntu devstack@g-api.service[145091]: DEBUG glance.api.middleware.version_negotiation [None req-15934c28-72e9-4dda-9521-e561de4b7652 admin admin] Matched version: v2 {{(pid=145091) process_request /opt/stack/glance/glance/api/middleware/version_negotiation.py:69}}
Aug 02 17:00:12 ubuntu devstack@g-api.service[145091]: DEBUG glance.api.middleware.version_negotiation [None req-15934c28-72e9-4dda-9521-e561de4b7652 admin admin] new path /v2/images {{(pid=145091) process_request /opt/stack/glance/glance/api/middleware/version_negotiation.py:70}}
Aug 02 17:00:12 ubuntu devstack@g-api.service[145091]: [pid: 145091|app: 0|req: 4/6] 127.0.0.1 () {36 vars in 728 bytes} [Tue Aug  2 17:00:12 2022] GET /v2/images => generated 1045 bytes in 417 msecs (HTTP/1.1 200) 4 headers in 158 bytes (1 switches on core 0)
Aug 02 17:00:18 ubuntu devstack@g-api.service[145090]: DEBUG glance.api.middleware.version_negotiation [None req-5a76bd69-b1be-4082-bc49-e0d2a92e442a admin admin] Determining version of request: GET / Accept: application/json {{(pid=145090) process_request /opt/stack/glance/glance/api/middleware/version_negotiation.py:44}}
Aug 02 17:00:18 ubuntu devstack@g-api.service[145090]: DEBUG glance.api.middleware.version_negotiation [None req-5a76bd69-b1be-4082-bc49-e0d2a92e442a admin admin] Using url versioning {{(pid=145090) process_request /opt/stack/glance/glance/api/middleware/version_negotiation.py:57}}
Aug 02 17:00:18 ubuntu devstack@g-api.service[145090]: DEBUG glance.api.middleware.version_negotiation [None req-5a76bd69-b1be-4082-bc49-e0d2a92e442a admin admin] Unknown version. Returning version choices. {{(pid=145090) process_request /opt/stack/glance/glance/api/middleware/version_negotiation.py:64}}
Aug 02 17:00:18 ubuntu devstack@g-api.service[145090]: [pid: 145090|app: 0|req: 3/7] 127.0.0.1 () {34 vars in 506 bytes} [Tue Aug  2 17:00:18 2022] GET / => generated 1323 bytes in 3 msecs (HTTP/1.1 300) 3 headers in 106 bytes (1 switches on core 0)
Aug 02 17:00:18 ubuntu devstack@g-api.service[145091]: DEBUG glance.api.middleware.version_negotiation [None req-152261ec-0ac6-4692-aae4-a9afe935185f admin admin] Determining version of request: GET /v2/images/f6770813-285c-4c90-8062-fd45aa225ecc Accept: */* {{(pid=145091) process_request /opt/stack/glance/glance/api/middleware/version_negotiation.py:44}}
Aug 02 17:00:18 ubuntu devstack@g-api.service[145091]: DEBUG glance.api.middleware.version_negotiation [None req-152261ec-0ac6-4692-aae4-a9afe935185f admin admin] Using url versioning {{(pid=145091) process_request /opt/stack/glance/glance/api/middleware/version_negotiation.py:57}}
Aug 02 17:00:18 ubuntu devstack@g-api.service[145091]: DEBUG glance.api.middleware.version_negotiation [None req-152261ec-0ac6-4692-aae4-a9afe935185f admin admin] Matched version: v2 {{(pid=145091) process_request /opt/stack/glance/glance/api/middleware/version_negotiation.py:69}}
Aug 02 17:00:18 ubuntu devstack@g-api.service[145091]: DEBUG glance.api.middleware.version_negotiation [None req-152261ec-0ac6-4692-aae4-a9afe935185f admin admin] new path /v2/images/f6770813-285c-4c90-8062-fd45aa225ecc {{(pid=145091) process_request /opt/stack/glance/glance/api/middleware/version_negotiation.py:70}}
Aug 02 17:00:18 ubuntu devstack@g-api.service[145091]: [pid: 145091|app: 0|req: 5/8] 127.0.0.1 () {36 vars in 789 bytes} [Tue Aug  2 17:00:18 2022] GET /v2/images/f6770813-285c-4c90-8062-fd45aa225ecc => generated 976 bytes in 259 msecs (HTTP/1.1 200) 4 headers in 157 bytes (1 switches on core 0)
Aug 02 17:00:22 ubuntu devstack@g-api.service[145090]: DEBUG glance.api.middleware.version_negotiation [None req-5a76bd69-b1be-4082-bc49-e0d2a92e442a admin admin] Determining version of request: GET / Accept: application/json {{(pid=145090) process_request /opt/stack/glance/glance/api/middleware/version_negotiation.py:44}}
Aug 02 17:00:22 ubuntu devstack@g-api.service[145090]: DEBUG glance.api.middleware.version_negotiation [None req-5a76bd69-b1be-4082-bc49-e0d2a92e442a admin admin] Using url versioning {{(pid=145090) process_request /opt/stack/glance/glance/api/middleware/version_negotiation.py:57}}
Aug 02 17:00:22 ubuntu devstack@g-api.service[145090]: DEBUG glance.api.middleware.version_negotiation [None req-5a76bd69-b1be-4082-bc49-e0d2a92e442a admin admin] Unknown version. Returning version choices. {{(pid=145090) process_request /opt/stack/glance/glance/api/middleware/version_negotiation.py:64}}
Aug 02 17:00:22 ubuntu devstack@g-api.service[145090]: [pid: 145090|app: 0|req: 4/9] 127.0.0.1 () {34 vars in 506 bytes} [Tue Aug  2 17:00:22 2022] GET / => generated 1323 bytes in 4 msecs (HTTP/1.1 300) 3 headers in 106 bytes (1 switches on core 0)
Aug 02 17:00:22 ubuntu devstack@g-api.service[145091]: DEBUG glance.api.middleware.version_negotiation [None req-67abe80f-8be2-4b5f-bb98-a453b4a24166 admin admin] Determining version of request: GET /v2/images/f6770813-285c-4c90-8062-fd45aa225ecc Accept: */* {{(pid=145091) process_request /opt/stack/glance/glance/api/middleware/version_negotiation.py:44}}
Aug 02 17:00:22 ubuntu devstack@g-api.service[145091]: DEBUG glance.api.middleware.version_negotiation [None req-67abe80f-8be2-4b5f-bb98-a453b4a24166 admin admin] Using url versioning {{(pid=145091) process_request /opt/stack/glance/glance/api/middleware/version_negotiation.py:57}}
Aug 02 17:00:22 ubuntu devstack@g-api.service[145091]: DEBUG glance.api.middleware.version_negotiation [None req-67abe80f-8be2-4b5f-bb98-a453b4a24166 admin admin] Matched version: v2 {{(pid=145091) process_request /opt/stack/glance/glance/api/middleware/version_negotiation.py:69}}
Aug 02 17:00:22 ubuntu devstack@g-api.service[145091]: DEBUG glance.api.middleware.version_negotiation [None req-67abe80f-8be2-4b5f-bb98-a453b4a24166 admin admin] new path /v2/images/f6770813-285c-4c90-8062-fd45aa225ecc {{(pid=145091) process_request /opt/stack/glance/glance/api/middleware/version_negotiation.py:70}}
Aug 02 17:00:23 ubuntu devstack@g-api.service[145091]: [pid: 145091|app: 0|req: 6/10] 127.0.0.1 () {36 vars in 789 bytes} [Tue Aug  2 17:00:22 2022] GET /v2/images/f6770813-285c-4c90-8062-fd45aa225ecc => generated 976 bytes in 313 msecs (HTTP/1.1 200) 4 headers in 157 bytes (1 switches on core 0)
Aug 02 17:00:33 ubuntu devstack@g-api.service[145091]: DEBUG dbcounter [-] [145091] Writing DB stats glance:SELECT=10 {{(pid=145091) stat_writer /usr/local/lib/python3.8/dist-packages/dbcounter.py:114}}
Aug 02 17:02:37 ubuntu devstack@g-api.service[145090]: DEBUG glance.api.middleware.version_negotiation [None req-5a76bd69-b1be-4082-bc49-e0d2a92e442a admin admin] Determining version of request: GET /v1 Accept: application/json {{(pid=145090) process_request /opt/stack/glance/glance/api/middleware/version_negotiation.py:44}}
Aug 02 17:02:37 ubuntu devstack@g-api.service[145090]: DEBUG glance.api.middleware.version_negotiation [None req-5a76bd69-b1be-4082-bc49-e0d2a92e442a admin admin] Using url versioning {{(pid=145090) process_request /opt/stack/glance/glance/api/middleware/version_negotiation.py:57}}
Aug 02 17:02:37 ubuntu devstack@g-api.service[145090]: DEBUG glance.api.middleware.version_negotiation [None req-5a76bd69-b1be-4082-bc49-e0d2a92e442a admin admin] Unknown version. Returning version choices. {{(pid=145090) process_request /opt/stack/glance/glance/api/middleware/version_negotiation.py:64}}
Aug 02 17:02:37 ubuntu devstack@g-api.service[145090]: [pid: 145090|app: 0|req: 5/11] 127.0.0.1 () {38 vars in 686 bytes} [Tue Aug  2 17:02:37 2022] GET /v1 => generated 1323 bytes in 3 msecs (HTTP/1.1 300) 3 headers in 106 bytes (1 switches on core 0)
Aug 02 17:04:51 ubuntu devstack@g-api.service[145091]: DEBUG glance.api.middleware.version_negotiation [None req-b6d5a63a-868e-4591-959f-49006ff9c469 admin admin] Determining version of request: GET /versions Accept: */* {{(pid=145091) process_request /opt/stack/glance/glance/api/middleware/version_negotiation.py:44}}
Aug 02 17:04:51 ubuntu devstack@g-api.service[145091]: [pid: 145091|app: 0|req: 7/12] 127.0.0.1 () {38 vars in 695 bytes} [Tue Aug  2 17:04:51 2022] GET /versions => generated 1323 bytes in 7 msecs (HTTP/1.1 200) 3 headers in 92 bytes (1 switches on core 0)
Aug 02 17:04:51 ubuntu devstack@g-api.service[145090]: DEBUG glance.api.middleware.version_negotiation [None req-5a76bd69-b1be-4082-bc49-e0d2a92e442a admin admin] Determining version of request: GET /v2/schemas/image Accept: */* {{(pid=145090) process_request /opt/stack/glance/glance/api/middleware/version_negotiation.py:44}}
Aug 02 17:04:51 ubuntu devstack@g-api.service[145090]: DEBUG glance.api.middleware.version_negotiation [None req-5a76bd69-b1be-4082-bc49-e0d2a92e442a admin admin] Using url versioning {{(pid=145090) process_request /opt/stack/glance/glance/api/middleware/version_negotiation.py:57}}
Aug 02 17:04:51 ubuntu devstack@g-api.service[145090]: DEBUG glance.api.middleware.version_negotiation [None req-5a76bd69-b1be-4082-bc49-e0d2a92e442a admin admin] Matched version: v2 {{(pid=145090) process_request /opt/stack/glance/glance/api/middleware/version_negotiation.py:69}}
Aug 02 17:04:51 ubuntu devstack@g-api.service[145090]: DEBUG glance.api.middleware.version_negotiation [None req-5a76bd69-b1be-4082-bc49-e0d2a92e442a admin admin] new path /v2/schemas/image {{(pid=145090) process_request /opt/stack/glance/glance/api/middleware/version_negotiation.py:70}}
Aug 02 17:04:51 ubuntu devstack@g-api.service[145090]: [pid: 145090|app: 0|req: 6/13] 127.0.0.1 () {38 vars in 711 bytes} [Tue Aug  2 17:04:51 2022] GET /v2/schemas/image => generated 6083 bytes in 118 msecs (HTTP/1.1 200) 4 headers in 158 bytes (1 switches on core 0)
Aug 02 17:04:51 ubuntu devstack@g-api.service[145091]: DEBUG glance.api.middleware.version_negotiation [None req-b6d5a63a-868e-4591-959f-49006ff9c469 admin admin] Determining version of request: GET /v2/schemas/metadefs/namespace Accept: */* {{(pid=145091) process_request /opt/stack/glance/glance/api/middleware/version_negotiation.py:44}}
Aug 02 17:04:51 ubuntu devstack@g-api.service[145091]: DEBUG glance.api.middleware.version_negotiation [None req-b6d5a63a-868e-4591-959f-49006ff9c469 admin admin] Using url versioning {{(pid=145091) process_request /opt/stack/glance/glance/api/middleware/version_negotiation.py:57}}
Aug 02 17:04:51 ubuntu devstack@g-api.service[145091]: DEBUG glance.api.middleware.version_negotiation [None req-b6d5a63a-868e-4591-959f-49006ff9c469 admin admin] Matched version: v2 {{(pid=145091) process_request /opt/stack/glance/glance/api/middleware/version_negotiation.py:69}}
Aug 02 17:04:51 ubuntu devstack@g-api.service[145091]: DEBUG glance.api.middleware.version_negotiation [None req-b6d5a63a-868e-4591-959f-49006ff9c469 admin admin] new path /v2/schemas/metadefs/namespace {{(pid=145091) process_request /opt/stack/glance/glance/api/middleware/version_negotiation.py:70}}
Aug 02 17:04:51 ubuntu devstack@g-api.service[145091]: [pid: 145091|app: 0|req: 8/14] 127.0.0.1 () {38 vars in 737 bytes} [Tue Aug  2 17:04:51 2022] GET /v2/schemas/metadefs/namespace => generated 3100 bytes in 11 msecs (HTTP/1.1 200) 4 headers in 158 bytes (1 switches on core 0)
Aug 02 17:04:51 ubuntu devstack@g-api.service[145090]: DEBUG glance.api.middleware.version_negotiation [None req-689b6f71-a845-4048-a702-32e4e4c0af5c admin admin] Determining version of request: GET /v2/schemas/metadefs/resource_type Accept: */* {{(pid=145090) process_request /opt/stack/glance/glance/api/middleware/version_negotiation.py:44}}
Aug 02 17:04:51 ubuntu devstack@g-api.service[145090]: DEBUG glance.api.middleware.version_negotiation [None req-689b6f71-a845-4048-a702-32e4e4c0af5c admin admin] Using url versioning {{(pid=145090) process_request /opt/stack/glance/glance/api/middleware/version_negotiation.py:57}}
Aug 02 17:04:51 ubuntu devstack@g-api.service[145090]: DEBUG glance.api.middleware.version_negotiation [None req-689b6f71-a845-4048-a702-32e4e4c0af5c admin admin] Matched version: v2 {{(pid=145090) process_request /opt/stack/glance/glance/api/middleware/version_negotiation.py:69}}
Aug 02 17:04:51 ubuntu devstack@g-api.service[145090]: DEBUG glance.api.middleware.version_negotiation [None req-689b6f71-a845-4048-a702-32e4e4c0af5c admin admin] new path /v2/schemas/metadefs/resource_type {{(pid=145090) process_request /opt/stack/glance/glance/api/middleware/version_negotiation.py:70}}
Aug 02 17:04:51 ubuntu devstack@g-api.service[145090]: [pid: 145090|app: 0|req: 7/15] 127.0.0.1 () {38 vars in 745 bytes} [Tue Aug  2 17:04:51 2022] GET /v2/schemas/metadefs/resource_type => generated 1260 bytes in 4 msecs (HTTP/1.1 200) 4 headers in 158 bytes (1 switches on core 0)
Aug 02 17:04:51 ubuntu devstack@g-api.service[145091]: DEBUG glance.api.middleware.version_negotiation [None req-46339bf5-0b91-4725-8173-28ac9dbf3d4f admin admin] Determining version of request: GET /v2/images Accept: */* {{(pid=145091) process_request /opt/stack/glance/glance/api/middleware/version_negotiation.py:44}}
Aug 02 17:04:51 ubuntu devstack@g-api.service[145091]: DEBUG glance.api.middleware.version_negotiation [None req-46339bf5-0b91-4725-8173-28ac9dbf3d4f admin admin] Using url versioning {{(pid=145091) process_request /opt/stack/glance/glance/api/middleware/version_negotiation.py:57}}
Aug 02 17:04:51 ubuntu devstack@g-api.service[145091]: DEBUG glance.api.middleware.version_negotiation [None req-46339bf5-0b91-4725-8173-28ac9dbf3d4f admin admin] Matched version: v2 {{(pid=145091) process_request /opt/stack/glance/glance/api/middleware/version_negotiation.py:69}}
Aug 02 17:04:51 ubuntu devstack@g-api.service[145091]: DEBUG glance.api.middleware.version_negotiation [None req-46339bf5-0b91-4725-8173-28ac9dbf3d4f admin admin] new path /v2/images {{(pid=145091) process_request /opt/stack/glance/glance/api/middleware/version_negotiation.py:70}}
Aug 02 17:04:51 ubuntu devstack@g-api.service[145091]: [pid: 145091|app: 0|req: 9/16] 127.0.0.1 () {38 vars in 768 bytes} [Tue Aug  2 17:04:51 2022] GET /v2/images?limit=20&sort_key=name&sort_dir=asc => generated 1081 bytes in 84 msecs (HTTP/1.1 200) 4 headers in 158 bytes (1 switches on core 0)
Aug 02 17:04:51 ubuntu devstack@g-api.service[145090]: DEBUG glance.api.middleware.version_negotiation [None req-7f92037b-78d6-4662-b9a3-e07f2815b86c admin admin] Determining version of request: GET /v2/schemas/image Accept: */* {{(pid=145090) process_request /opt/stack/glance/glance/api/middleware/version_negotiation.py:44}}
Aug 02 17:04:51 ubuntu devstack@g-api.service[145090]: DEBUG glance.api.middleware.version_negotiation [None req-7f92037b-78d6-4662-b9a3-e07f2815b86c admin admin] Using url versioning {{(pid=145090) process_request /opt/stack/glance/glance/api/middleware/version_negotiation.py:57}}
Aug 02 17:04:51 ubuntu devstack@g-api.service[145090]: DEBUG glance.api.middleware.version_negotiation [None req-7f92037b-78d6-4662-b9a3-e07f2815b86c admin admin] Matched version: v2 {{(pid=145090) process_request /opt/stack/glance/glance/api/middleware/version_negotiation.py:69}}
Aug 02 17:04:51 ubuntu devstack@g-api.service[145090]: DEBUG glance.api.middleware.version_negotiation [None req-7f92037b-78d6-4662-b9a3-e07f2815b86c admin admin] new path /v2/schemas/image {{(pid=145090) process_request /opt/stack/glance/glance/api/middleware/version_negotiation.py:70}}
Aug 02 17:04:51 ubuntu devstack@g-api.service[145090]: [pid: 145090|app: 0|req: 8/17] 127.0.0.1 () {38 vars in 711 bytes} [Tue Aug  2 17:04:51 2022] GET /v2/schemas/image => generated 6083 bytes in 7 msecs (HTTP/1.1 200) 4 headers in 158 bytes (1 switches on core 0)
Aug 02 17:05:01 ubuntu devstack@g-api.service[145091]: DEBUG dbcounter [-] [145091] Writing DB stats glance:SELECT=2 {{(pid=145091) stat_writer /usr/local/lib/python3.8/dist-packages/dbcounter.py:114}}
Aug 02 17:05:06 ubuntu devstack@g-api.service[145091]: DEBUG glance.api.middleware.version_negotiation [None req-fc44b579-4cf5-4029-a1a7-1abd6d8f0b68 admin admin] Determining version of request: GET / Accept: application/json {{(pid=145091) process_request /opt/stack/glance/glance/api/middleware/version_negotiation.py:44}}
Aug 02 17:05:06 ubuntu devstack@g-api.service[145091]: DEBUG glance.api.middleware.version_negotiation [None req-fc44b579-4cf5-4029-a1a7-1abd6d8f0b68 admin admin] Using url versioning {{(pid=145091) process_request /opt/stack/glance/glance/api/middleware/version_negotiation.py:57}}
Aug 02 17:05:06 ubuntu devstack@g-api.service[145091]: DEBUG glance.api.middleware.version_negotiation [None req-fc44b579-4cf5-4029-a1a7-1abd6d8f0b68 admin admin] Unknown version. Returning version choices. {{(pid=145091) process_request /opt/stack/glance/glance/api/middleware/version_negotiation.py:64}}
Aug 02 17:05:06 ubuntu devstack@g-api.service[145091]: [pid: 145091|app: 0|req: 10/18] 127.0.0.1 () {34 vars in 492 bytes} [Tue Aug  2 17:05:06 2022] GET / => generated 1323 bytes in 2 msecs (HTTP/1.1 300) 3 headers in 106 bytes (1 switches on core 0)
Aug 02 17:05:06 ubuntu devstack@g-api.service[145090]: DEBUG glance.api.middleware.version_negotiation [None req-275fe406-01ad-4554-bc3e-c48b83c02408 admin admin] Determining version of request: GET /v2/images/f6770813-285c-4c90-8062-fd45aa225ecc Accept: */* {{(pid=145090) process_request /opt/stack/glance/glance/api/middleware/version_negotiation.py:44}}
Aug 02 17:05:06 ubuntu devstack@g-api.service[145090]: DEBUG glance.api.middleware.version_negotiation [None req-275fe406-01ad-4554-bc3e-c48b83c02408 admin admin] Using url versioning {{(pid=145090) process_request /opt/stack/glance/glance/api/middleware/version_negotiation.py:57}}
Aug 02 17:05:06 ubuntu devstack@g-api.service[145090]: DEBUG glance.api.middleware.version_negotiation [None req-275fe406-01ad-4554-bc3e-c48b83c02408 admin admin] Matched version: v2 {{(pid=145090) process_request /opt/stack/glance/glance/api/middleware/version_negotiation.py:69}}
Aug 02 17:05:06 ubuntu devstack@g-api.service[145090]: DEBUG glance.api.middleware.version_negotiation [None req-275fe406-01ad-4554-bc3e-c48b83c02408 admin admin] new path /v2/images/f6770813-285c-4c90-8062-fd45aa225ecc {{(pid=145090) process_request /opt/stack/glance/glance/api/middleware/version_negotiation.py:70}}
Aug 02 17:05:06 ubuntu devstack@g-api.service[145090]: WARNING keystonemiddleware.auth_token [None req-275fe406-01ad-4554-bc3e-c48b83c02408 admin admin] A valid token was submitted as a service token, but it was not a valid service token. This is incorrect but backwards compatible behaviour. This will be removed in future releases.
Aug 02 17:05:06 ubuntu devstack@g-api.service[145090]: [pid: 145090|app: 0|req: 9/19] 127.0.0.1 () {42 vars in 1049 bytes} [Tue Aug  2 17:05:06 2022] GET /v2/images/f6770813-285c-4c90-8062-fd45aa225ecc => generated 976 bytes in 93 msecs (HTTP/1.1 200) 4 headers in 157 bytes (1 switches on core 0)
Aug 02 17:05:06 ubuntu devstack@g-api.service[145091]: DEBUG glance.api.middleware.version_negotiation [None req-fc44b579-4cf5-4029-a1a7-1abd6d8f0b68 admin admin] Determining version of request: GET /v2/schemas/image Accept: */* {{(pid=145091) process_request /opt/stack/glance/glance/api/middleware/version_negotiation.py:44}}
Aug 02 17:05:06 ubuntu devstack@g-api.service[145091]: DEBUG glance.api.middleware.version_negotiation [None req-fc44b579-4cf5-4029-a1a7-1abd6d8f0b68 admin admin] Using url versioning {{(pid=145091) process_request /opt/stack/glance/glance/api/middleware/version_negotiation.py:57}}
Aug 02 17:05:06 ubuntu devstack@g-api.service[145091]: DEBUG glance.api.middleware.version_negotiation [None req-fc44b579-4cf5-4029-a1a7-1abd6d8f0b68 admin admin] Matched version: v2 {{(pid=145091) process_request /opt/stack/glance/glance/api/middleware/version_negotiation.py:69}}
Aug 02 17:05:06 ubuntu devstack@g-api.service[145091]: DEBUG glance.api.middleware.version_negotiation [None req-fc44b579-4cf5-4029-a1a7-1abd6d8f0b68 admin admin] new path /v2/schemas/image {{(pid=145091) process_request /opt/stack/glance/glance/api/middleware/version_negotiation.py:70}}
Aug 02 17:05:06 ubuntu devstack@g-api.service[145091]: WARNING keystonemiddleware.auth_token [None req-fc44b579-4cf5-4029-a1a7-1abd6d8f0b68 admin admin] A valid token was submitted as a service token, but it was not a valid service token. This is incorrect but backwards compatible behaviour. This will be removed in future releases.
Aug 02 17:05:06 ubuntu devstack@g-api.service[145091]: [pid: 145091|app: 0|req: 11/20] 127.0.0.1 () {42 vars in 989 bytes} [Tue Aug  2 17:05:06 2022] GET /v2/schemas/image => generated 6083 bytes in 6 msecs (HTTP/1.1 200) 4 headers in 158 bytes (1 switches on core 0)
Aug 02 17:05:08 ubuntu devstack@g-api.service[145090]: DEBUG glance.api.middleware.version_negotiation [None req-1c879f32-cc56-41dd-a6f7-78abbdea6ecc tempest-VolumesAdminNegativeTest-930590313 tempest-VolumesAdminNegativeTest-930590313-project] Determining version of request: GET /v2/images/f6770813-285c-4c90-8062-fd45aa225ecc Accept: */* {{(pid=145090) process_request /opt/stack/glance/glance/api/middleware/version_negotiation.py:44}}
Aug 02 17:05:08 ubuntu devstack@g-api.service[145090]: DEBUG glance.api.middleware.version_negotiation [None req-1c879f32-cc56-41dd-a6f7-78abbdea6ecc tempest-VolumesAdminNegativeTest-930590313 tempest-VolumesAdminNegativeTest-930590313-project] Using url versioning {{(pid=145090) process_request /opt/stack/glance/glance/api/middleware/version_negotiation.py:57}}
Aug 02 17:05:08 ubuntu devstack@g-api.service[145090]: DEBUG glance.api.middleware.version_negotiation [None req-1c879f32-cc56-41dd-a6f7-78abbdea6ecc tempest-VolumesAdminNegativeTest-930590313 tempest-VolumesAdminNegativeTest-930590313-project] Matched version: v2 {{(pid=145090) process_request /opt/stack/glance/glance/api/middleware/version_negotiation.py:69}}
Aug 02 17:05:08 ubuntu devstack@g-api.service[145090]: DEBUG glance.api.middleware.version_negotiation [None req-1c879f32-cc56-41dd-a6f7-78abbdea6ecc tempest-VolumesAdminNegativeTest-930590313 tempest-VolumesAdminNegativeTest-930590313-project] new path /v2/images/f6770813-285c-4c90-8062-fd45aa225ecc {{(pid=145090) process_request /opt/stack/glance/glance/api/middleware/version_negotiation.py:70}}
Aug 02 17:05:08 ubuntu devstack@g-api.service[145090]: [pid: 145090|app: 0|req: 10/21] 127.0.0.1 () {42 vars in 1049 bytes} [Tue Aug  2 17:05:08 2022] GET /v2/images/f6770813-285c-4c90-8062-fd45aa225ecc => generated 976 bytes in 12 msecs (HTTP/1.1 200) 4 headers in 157 bytes (1 switches on core 0)
Aug 02 17:05:08 ubuntu devstack@g-api.service[145091]: DEBUG glance.api.middleware.version_negotiation [None req-1c879f32-cc56-41dd-a6f7-78abbdea6ecc tempest-VolumesAdminNegativeTest-930590313 tempest-VolumesAdminNegativeTest-930590313-project] Determining version of request: GET /v2/images/f6770813-285c-4c90-8062-fd45aa225ecc/file Accept: */* {{(pid=145091) process_request /opt/stack/glance/glance/api/middleware/version_negotiation.py:44}}
Aug 02 17:05:08 ubuntu devstack@g-api.service[145091]: DEBUG glance.api.middleware.version_negotiation [None req-1c879f32-cc56-41dd-a6f7-78abbdea6ecc tempest-VolumesAdminNegativeTest-930590313 tempest-VolumesAdminNegativeTest-930590313-project] Using url versioning {{(pid=145091) process_request /opt/stack/glance/glance/api/middleware/version_negotiation.py:57}}
Aug 02 17:05:08 ubuntu devstack@g-api.service[145091]: DEBUG glance.api.middleware.version_negotiation [None req-1c879f32-cc56-41dd-a6f7-78abbdea6ecc tempest-VolumesAdminNegativeTest-930590313 tempest-VolumesAdminNegativeTest-930590313-project] Matched version: v2 {{(pid=145091) process_request /opt/stack/glance/glance/api/middleware/version_negotiation.py:69}}
Aug 02 17:05:08 ubuntu devstack@g-api.service[145091]: DEBUG glance.api.middleware.version_negotiation [None req-1c879f32-cc56-41dd-a6f7-78abbdea6ecc tempest-VolumesAdminNegativeTest-930590313 tempest-VolumesAdminNegativeTest-930590313-project] new path /v2/images/f6770813-285c-4c90-8062-fd45aa225ecc/file {{(pid=145091) process_request /opt/stack/glance/glance/api/middleware/version_negotiation.py:70}}
Aug 02 17:05:08 ubuntu devstack@g-api.service[145091]: DEBUG glance_store.backend [None req-1c879f32-cc56-41dd-a6f7-78abbdea6ecc tempest-VolumesAdminNegativeTest-930590313 tempest-VolumesAdminNegativeTest-930590313-project] Attempting to import store swift {{(pid=145091) _load_store /usr/local/lib/python3.8/dist-packages/glance_store/backend.py:216}}
Aug 02 17:05:08 ubuntu devstack@g-api.service[145091]: DEBUG glance_store.capabilities [None req-1c879f32-cc56-41dd-a6f7-78abbdea6ecc tempest-VolumesAdminNegativeTest-930590313 tempest-VolumesAdminNegativeTest-930590313-project] Store glance_store._drivers.swift.store.SingleTenantStore doesn't support updating dynamic storage capabilities. Please overwrite 'update_capabilities' method of the store to implement updating logics if needed. {{(pid=145091) update_capabilities /usr/local/lib/python3.8/dist-packages/glance_store/capabilities.py:91}}
Aug 02 17:05:08 ubuntu devstack@g-api.service[145091]: DEBUG glance_store.driver [None req-1c879f32-cc56-41dd-a6f7-78abbdea6ecc tempest-VolumesAdminNegativeTest-930590313 tempest-VolumesAdminNegativeTest-930590313-project] Late loading location class glance_store._drivers.swift.store.StoreLocation {{(pid=145091) get_store_location_class /usr/local/lib/python3.8/dist-packages/glance_store/driver.py:116}}
Aug 02 17:05:08 ubuntu devstack@g-api.service[145091]: DEBUG glance_store.location [None req-1c879f32-cc56-41dd-a6f7-78abbdea6ecc tempest-VolumesAdminNegativeTest-930590313 tempest-VolumesAdminNegativeTest-930590313-project] Registering scheme swift+https with {'store': <glance_store._drivers.swift.store.SingleTenantStore object at 0x7fc71d373a00>, 'location_class': <class 'glance_store._drivers.swift.store.StoreLocation'>, 'store_entry': 'swift'} {{(pid=145091) register_scheme_map /usr/local/lib/python3.8/dist-packages/glance_store/location.py:146}}
Aug 02 17:05:08 ubuntu devstack@g-api.service[145091]: DEBUG glance_store.location [None req-1c879f32-cc56-41dd-a6f7-78abbdea6ecc tempest-VolumesAdminNegativeTest-930590313 tempest-VolumesAdminNegativeTest-930590313-project] Registering scheme swift+https with {'store': <glance_store._drivers.swift.store.SingleTenantStore object at 0x7fc71d373a00>, 'location_class': <class 'glance_store._drivers.swift.store.StoreLocation'>, 'store_entry': 'swift'} {{(pid=145091) register_scheme_map /usr/local/lib/python3.8/dist-packages/glance_store/location.py:146}}
Aug 02 17:05:08 ubuntu devstack@g-api.service[145091]: DEBUG glance_store.location [None req-1c879f32-cc56-41dd-a6f7-78abbdea6ecc tempest-VolumesAdminNegativeTest-930590313 tempest-VolumesAdminNegativeTest-930590313-project] Registering scheme swift with {'store': <glance_store._drivers.swift.store.SingleTenantStore object at 0x7fc71d373a00>, 'location_class': <class 'glance_store._drivers.swift.store.StoreLocation'>, 'store_entry': 'swift'} {{(pid=145091) register_scheme_map /usr/local/lib/python3.8/dist-packages/glance_store/location.py:146}}
Aug 02 17:05:08 ubuntu devstack@g-api.service[145091]: DEBUG glance_store.location [None req-1c879f32-cc56-41dd-a6f7-78abbdea6ecc tempest-VolumesAdminNegativeTest-930590313 tempest-VolumesAdminNegativeTest-930590313-project] Registering scheme swift+https with {'store': <glance_store._drivers.swift.store.SingleTenantStore object at 0x7fc71d373a00>, 'location_class': <class 'glance_store._drivers.swift.store.StoreLocation'>, 'store_entry': 'swift'} {{(pid=145091) register_scheme_map /usr/local/lib/python3.8/dist-packages/glance_store/location.py:146}}
Aug 02 17:05:08 ubuntu devstack@g-api.service[145091]: DEBUG glance_store.location [None req-1c879f32-cc56-41dd-a6f7-78abbdea6ecc tempest-VolumesAdminNegativeTest-930590313 tempest-VolumesAdminNegativeTest-930590313-project] Registering scheme swift with {'store': <glance_store._drivers.swift.store.SingleTenantStore object at 0x7fc71d373a00>, 'location_class': <class 'glance_store._drivers.swift.store.StoreLocation'>, 'store_entry': 'swift'} {{(pid=145091) register_scheme_map /usr/local/lib/python3.8/dist-packages/glance_store/location.py:146}}
Aug 02 17:05:08 ubuntu devstack@g-api.service[145091]: DEBUG glance_store.location [None req-1c879f32-cc56-41dd-a6f7-78abbdea6ecc tempest-VolumesAdminNegativeTest-930590313 tempest-VolumesAdminNegativeTest-930590313-project] Registering scheme swift+http with {'store': <glance_store._drivers.swift.store.SingleTenantStore object at 0x7fc71d373a00>, 'location_class': <class 'glance_store._drivers.swift.store.StoreLocation'>, 'store_entry': 'swift'} {{(pid=145091) register_scheme_map /usr/local/lib/python3.8/dist-packages/glance_store/location.py:146}}
Aug 02 17:05:08 ubuntu devstack@g-api.service[145091]: DEBUG glance_store.location [None req-1c879f32-cc56-41dd-a6f7-78abbdea6ecc tempest-VolumesAdminNegativeTest-930590313 tempest-VolumesAdminNegativeTest-930590313-project] Registering scheme swift+https with {'store': <glance_store._drivers.swift.store.SingleTenantStore object at 0x7fc71d373a00>, 'location_class': <class 'glance_store._drivers.swift.store.StoreLocation'>, 'store_entry': 'swift'} {{(pid=145091) register_scheme_map /usr/local/lib/python3.8/dist-packages/glance_store/location.py:146}}
Aug 02 17:05:08 ubuntu devstack@g-api.service[145091]: DEBUG glance_store.location [None req-1c879f32-cc56-41dd-a6f7-78abbdea6ecc tempest-VolumesAdminNegativeTest-930590313 tempest-VolumesAdminNegativeTest-930590313-project] Registering scheme swift with {'store': <glance_store._drivers.swift.store.SingleTenantStore object at 0x7fc71d373a00>, 'location_class': <class 'glance_store._drivers.swift.store.StoreLocation'>, 'store_entry': 'swift'} {{(pid=145091) register_scheme_map /usr/local/lib/python3.8/dist-packages/glance_store/location.py:146}}
Aug 02 17:05:08 ubuntu devstack@g-api.service[145091]: DEBUG glance_store.location [None req-1c879f32-cc56-41dd-a6f7-78abbdea6ecc tempest-VolumesAdminNegativeTest-930590313 tempest-VolumesAdminNegativeTest-930590313-project] Registering scheme swift+http with {'store': <glance_store._drivers.swift.store.SingleTenantStore object at 0x7fc71d373a00>, 'location_class': <class 'glance_store._drivers.swift.store.StoreLocation'>, 'store_entry': 'swift'} {{(pid=145091) register_scheme_map /usr/local/lib/python3.8/dist-packages/glance_store/location.py:146}}
Aug 02 17:05:08 ubuntu devstack@g-api.service[145091]: DEBUG glance_store.location [None req-1c879f32-cc56-41dd-a6f7-78abbdea6ecc tempest-VolumesAdminNegativeTest-930590313 tempest-VolumesAdminNegativeTest-930590313-project] Registering scheme swift+config with {'store': <glance_store._drivers.swift.store.SingleTenantStore object at 0x7fc71d373a00>, 'location_class': <class 'glance_store._drivers.swift.store.StoreLocation'>, 'store_entry': 'swift'} {{(pid=145091) register_scheme_map /usr/local/lib/python3.8/dist-packages/glance_store/location.py:146}}
Aug 02 17:05:08 ubuntu devstack@g-api.service[145091]: DEBUG swiftclient [None req-1c879f32-cc56-41dd-a6f7-78abbdea6ecc tempest-VolumesAdminNegativeTest-930590313 tempest-VolumesAdminNegativeTest-930590313-project] REQ: curl -i http://192.168.79.41:8080/v1/AUTH_54f4d88d3a564dd58e0155353206b481/glance/f6770813-285c-4c90-8062-fd45aa225ecc -X GET -H "X-Auth-Token: gAAAAABi6VlEosEy..." {{(pid=145091) http_log /usr/local/lib/python3.8/dist-packages/swiftclient/client.py:157}}
Aug 02 17:05:08 ubuntu devstack@g-api.service[145091]: DEBUG swiftclient [None req-1c879f32-cc56-41dd-a6f7-78abbdea6ecc tempest-VolumesAdminNegativeTest-930590313 tempest-VolumesAdminNegativeTest-930590313-project] RESP STATUS: 200 OK {{(pid=145091) http_log /usr/local/lib/python3.8/dist-packages/swiftclient/client.py:158}}
Aug 02 17:05:08 ubuntu devstack@g-api.service[145091]: DEBUG swiftclient [None req-1c879f32-cc56-41dd-a6f7-78abbdea6ecc tempest-VolumesAdminNegativeTest-930590313 tempest-VolumesAdminNegativeTest-930590313-project] RESP HEADERS: {'Content-Type': 'application/octet-stream', 'Etag': '1d3062cd89af34e419f7100277f38b2b', 'Last-Modified': 'Tue, 02 Aug 2022 16:59:27 GMT', 'X-Timestamp': '1659459566.33695', 'Accept-Ranges': 'bytes', 'Content-Length': '16338944', 'X-Trans-Id': 'tx4ad1259d42f5487eb4ed3-0062e95944', 'X-Openstack-Request-Id': 'tx4ad1259d42f5487eb4ed3-0062e95944', 'Date': 'Tue, 02 Aug 2022 17:05:08 GMT'} {{(pid=145091) http_log /usr/local/lib/python3.8/dist-packages/swiftclient/client.py:159}}
Aug 02 17:05:08 ubuntu devstack@g-api.service[145091]: DEBUG glance.image_cache [None req-1c879f32-cc56-41dd-a6f7-78abbdea6ecc tempest-VolumesAdminNegativeTest-930590313 tempest-VolumesAdminNegativeTest-930590313-project] Tee'ing image 'f6770813-285c-4c90-8062-fd45aa225ecc' into cache {{(pid=145091) get_caching_iter /opt/stack/glance/glance/image_cache/__init__.py:343}}
Aug 02 17:05:08 ubuntu devstack@g-api.service[145091]: DEBUG glance.image_cache.drivers.sqlite [None req-1c879f32-cc56-41dd-a6f7-78abbdea6ecc tempest-VolumesAdminNegativeTest-930590313 tempest-VolumesAdminNegativeTest-930590313-project] Fetch finished, moving '/opt/stack/data/glance/cache/incomplete/f6770813-285c-4c90-8062-fd45aa225ecc' to '/opt/stack/data/glance/cache/f6770813-285c-4c90-8062-fd45aa225ecc' {{(pid=145091) commit /opt/stack/glance/glance/image_cache/drivers/sqlite.py:324}}
Aug 02 17:05:08 ubuntu devstack@g-api.service[145091]: [pid: 145091|app: 0|req: 12/22] 127.0.0.1 () {42 vars in 1059 bytes} [Tue Aug  2 17:05:08 2022] GET /v2/images/f6770813-285c-4c90-8062-fd45aa225ecc/file => generated 16338944 bytes in 400 msecs (HTTP/1.1 200) 4 headers in 191 bytes (250 switches on core 0)
Aug 02 17:05:18 ubuntu devstack@g-api.service[145090]: DEBUG dbcounter [-] [145090] Writing DB stats glance:SELECT=8 {{(pid=145090) stat_writer /usr/local/lib/python3.8/dist-packages/dbcounter.py:114}}
Aug 02 17:05:18 ubuntu devstack@g-api.service[145091]: DEBUG dbcounter [-] [145091] Writing DB stats glance:SELECT=8 {{(pid=145091) stat_writer /usr/local/lib/python3.8/dist-packages/dbcounter.py:114}}
Aug 02 17:05:34 ubuntu devstack@g-api.service[145090]: DEBUG glance.api.middleware.version_negotiation [None req-1c879f32-cc56-41dd-a6f7-78abbdea6ecc tempest-VolumesAdminNegativeTest-930590313 tempest-VolumesAdminNegativeTest-930590313-project] Determining version of request: GET / Accept: application/json {{(pid=145090) process_request /opt/stack/glance/glance/api/middleware/version_negotiation.py:44}}
Aug 02 17:05:34 ubuntu devstack@g-api.service[145090]: DEBUG glance.api.middleware.version_negotiation [None req-1c879f32-cc56-41dd-a6f7-78abbdea6ecc tempest-VolumesAdminNegativeTest-930590313 tempest-VolumesAdminNegativeTest-930590313-project] Using url versioning {{(pid=145090) process_request /opt/stack/glance/glance/api/middleware/version_negotiation.py:57}}
Aug 02 17:05:34 ubuntu devstack@g-api.service[145090]: DEBUG glance.api.middleware.version_negotiation [None req-1c879f32-cc56-41dd-a6f7-78abbdea6ecc tempest-VolumesAdminNegativeTest-930590313 tempest-VolumesAdminNegativeTest-930590313-project] Unknown version. Returning version choices. {{(pid=145090) process_request /opt/stack/glance/glance/api/middleware/version_negotiation.py:64}}
Aug 02 17:05:34 ubuntu devstack@g-api.service[145090]: [pid: 145090|app: 0|req: 11/23] 127.0.0.1 () {34 vars in 492 bytes} [Tue Aug  2 17:05:34 2022] GET / => generated 1323 bytes in 2 msecs (HTTP/1.1 300) 3 headers in 106 bytes (1 switches on core 0)
Aug 02 17:05:34 ubuntu devstack@g-api.service[145091]: DEBUG glance.api.middleware.version_negotiation [None req-1c879f32-cc56-41dd-a6f7-78abbdea6ecc tempest-VolumesAdminNegativeTest-930590313 tempest-VolumesAdminNegativeTest-930590313-project] Determining version of request: GET /v2/images/f6770813-285c-4c90-8062-fd45aa225ecc Accept: */* {{(pid=145091) process_request /opt/stack/glance/glance/api/middleware/version_negotiation.py:44}}
Aug 02 17:05:34 ubuntu devstack@g-api.service[145091]: DEBUG glance.api.middleware.version_negotiation [None req-1c879f32-cc56-41dd-a6f7-78abbdea6ecc tempest-VolumesAdminNegativeTest-930590313 tempest-VolumesAdminNegativeTest-930590313-project] Using url versioning {{(pid=145091) process_request /opt/stack/glance/glance/api/middleware/version_negotiation.py:57}}
Aug 02 17:05:34 ubuntu devstack@g-api.service[145091]: DEBUG glance.api.middleware.version_negotiation [None req-1c879f32-cc56-41dd-a6f7-78abbdea6ecc tempest-VolumesAdminNegativeTest-930590313 tempest-VolumesAdminNegativeTest-930590313-project] Matched version: v2 {{(pid=145091) process_request /opt/stack/glance/glance/api/middleware/version_negotiation.py:69}}
Aug 02 17:05:34 ubuntu devstack@g-api.service[145091]: DEBUG glance.api.middleware.version_negotiation [None req-1c879f32-cc56-41dd-a6f7-78abbdea6ecc tempest-VolumesAdminNegativeTest-930590313 tempest-VolumesAdminNegativeTest-930590313-project] new path /v2/images/f6770813-285c-4c90-8062-fd45aa225ecc {{(pid=145091) process_request /opt/stack/glance/glance/api/middleware/version_negotiation.py:70}}
Aug 02 17:05:34 ubuntu devstack@g-api.service[145091]: [pid: 145091|app: 0|req: 13/24] 127.0.0.1 () {42 vars in 1049 bytes} [Tue Aug  2 17:05:34 2022] GET /v2/images/f6770813-285c-4c90-8062-fd45aa225ecc => generated 976 bytes in 27 msecs (HTTP/1.1 200) 4 headers in 157 bytes (1 switches on core 0)
Aug 02 17:05:34 ubuntu devstack@g-api.service[145090]: DEBUG glance.api.middleware.version_negotiation [None req-1c879f32-cc56-41dd-a6f7-78abbdea6ecc tempest-VolumesAdminNegativeTest-930590313 tempest-VolumesAdminNegativeTest-930590313-project] Determining version of request: GET /v2/schemas/image Accept: */* {{(pid=145090) process_request /opt/stack/glance/glance/api/middleware/version_negotiation.py:44}}
Aug 02 17:05:34 ubuntu devstack@g-api.service[145090]: DEBUG glance.api.middleware.version_negotiation [None req-1c879f32-cc56-41dd-a6f7-78abbdea6ecc tempest-VolumesAdminNegativeTest-930590313 tempest-VolumesAdminNegativeTest-930590313-project] Using url versioning {{(pid=145090) process_request /opt/stack/glance/glance/api/middleware/version_negotiation.py:57}}
Aug 02 17:05:34 ubuntu devstack@g-api.service[145090]: DEBUG glance.api.middleware.version_negotiation [None req-1c879f32-cc56-41dd-a6f7-78abbdea6ecc tempest-VolumesAdminNegativeTest-930590313 tempest-VolumesAdminNegativeTest-930590313-project] Matched version: v2 {{(pid=145090) process_request /opt/stack/glance/glance/api/middleware/version_negotiation.py:69}}
Aug 02 17:05:34 ubuntu devstack@g-api.service[145090]: DEBUG glance.api.middleware.version_negotiation [None req-1c879f32-cc56-41dd-a6f7-78abbdea6ecc tempest-VolumesAdminNegativeTest-930590313 tempest-VolumesAdminNegativeTest-930590313-project] new path /v2/schemas/image {{(pid=145090) process_request /opt/stack/glance/glance/api/middleware/version_negotiation.py:70}}
Aug 02 17:05:34 ubuntu devstack@g-api.service[145090]: [pid: 145090|app: 0|req: 12/25] 127.0.0.1 () {42 vars in 989 bytes} [Tue Aug  2 17:05:34 2022] GET /v2/schemas/image => generated 6083 bytes in 6 msecs (HTTP/1.1 200) 4 headers in 158 bytes (1 switches on core 0)
Aug 02 17:05:44 ubuntu devstack@g-api.service[145091]: DEBUG dbcounter [-] [145091] Writing DB stats glance:SELECT=4 {{(pid=145091) stat_writer /usr/local/lib/python3.8/dist-packages/dbcounter.py:114}}
Aug 02 17:06:00 ubuntu devstack@g-api.service[145091]: DEBUG glance.api.middleware.version_negotiation [None req-deb2a980-61c6-4999-8d0e-0bf934e3b391 tempest-DeleteServersTestJSON-1904547085 tempest-DeleteServersTestJSON-1904547085-project] Determining version of request: GET /v2/images/f6770813-285c-4c90-8062-fd45aa225ecc Accept: */* {{(pid=145091) process_request /opt/stack/glance/glance/api/middleware/version_negotiation.py:44}}
Aug 02 17:06:00 ubuntu devstack@g-api.service[145091]: DEBUG glance.api.middleware.version_negotiation [None req-deb2a980-61c6-4999-8d0e-0bf934e3b391 tempest-DeleteServersTestJSON-1904547085 tempest-DeleteServersTestJSON-1904547085-project] Using url versioning {{(pid=145091) process_request /opt/stack/glance/glance/api/middleware/version_negotiation.py:57}}
Aug 02 17:06:00 ubuntu devstack@g-api.service[145091]: DEBUG glance.api.middleware.version_negotiation [None req-deb2a980-61c6-4999-8d0e-0bf934e3b391 tempest-DeleteServersTestJSON-1904547085 tempest-DeleteServersTestJSON-1904547085-project] Matched version: v2 {{(pid=145091) process_request /opt/stack/glance/glance/api/middleware/version_negotiation.py:69}}
Aug 02 17:06:00 ubuntu devstack@g-api.service[145091]: DEBUG glance.api.middleware.version_negotiation [None req-deb2a980-61c6-4999-8d0e-0bf934e3b391 tempest-DeleteServersTestJSON-1904547085 tempest-DeleteServersTestJSON-1904547085-project] new path /v2/images/f6770813-285c-4c90-8062-fd45aa225ecc {{(pid=145091) process_request /opt/stack/glance/glance/api/middleware/version_negotiation.py:70}}
Aug 02 17:06:00 ubuntu devstack@g-api.service[145091]: [pid: 145091|app: 0|req: 14/26] 127.0.0.1 () {42 vars in 1049 bytes} [Tue Aug  2 17:06:00 2022] GET /v2/images/f6770813-285c-4c90-8062-fd45aa225ecc => generated 976 bytes in 17 msecs (HTTP/1.1 200) 4 headers in 157 bytes (1 switches on core 0)
