Aug 31 09:42:30 ubuntu neutron-server[127914]: DEBUG neutron.api.extensions [None req-dc93390c-343b-409a-a42e-2eb752bab97e None None] Loading extension file: timestamp.py {{(pid=127914) _load_all_extensions_from_path /opt/stack/neutron/neutron/api/extensions.py:450}}
Aug 31 09:42:30 ubuntu neutron-server[127914]: DEBUG neutron.api.extensions [None req-dc93390c-343b-409a-a42e-2eb752bab97e None None] Ext name="Resource timestamps" alias="standard-attr-timestamp" description="Adds created_at and updated_at fields to all Neutron resources that have Neutron standard attributes." updated="2016-09-12T10:00:00-00:00" {{(pid=127914) _check_extension /opt/stack/neutron/neutron/api/extensions.py:416}}
Aug 31 09:42:30 ubuntu neutron-server[127914]: INFO neutron.api.extensions [None req-dc93390c-343b-409a-a42e-2eb752bab97e None None] Loaded extension: standard-attr-timestamp
Aug 31 09:42:30 ubuntu neutron-server[127914]: DEBUG neutron.api.extensions [None req-dc93390c-343b-409a-a42e-2eb752bab97e None None] Loading extension file: trunk.py {{(pid=127914) _load_all_extensions_from_path /opt/stack/neutron/neutron/api/extensions.py:450}}
Aug 31 09:42:30 ubuntu neutron-server[127914]: DEBUG neutron.api.extensions [None req-dc93390c-343b-409a-a42e-2eb752bab97e None None] Ext name="Trunk Extension" alias="trunk" description="Provides support for trunk ports" updated="2016-01-01T10:00:00-00:00" {{(pid=127914) _check_extension /opt/stack/neutron/neutron/api/extensions.py:416}}
Aug 31 09:42:30 ubuntu neutron-server[127914]: INFO neutron.api.extensions [None req-dc93390c-343b-409a-a42e-2eb752bab97e None None] Extension trunk not supported by any of loaded plugins
Aug 31 09:42:30 ubuntu neutron-server[127914]: DEBUG neutron.api.extensions [None req-dc93390c-343b-409a-a42e-2eb752bab97e None None] Loading extension file: trunk_details.py {{(pid=127914) _load_all_extensions_from_path /opt/stack/neutron/neutron/api/extensions.py:450}}
Aug 31 09:42:30 ubuntu neutron-server[127914]: DEBUG neutron.api.extensions [None req-dc93390c-343b-409a-a42e-2eb752bab97e None None] Ext name="Trunk port details" alias="trunk-details" description="Expose trunk port details" updated="2016-01-01T10:00:00-00:00" {{(pid=127914) _check_extension /opt/stack/neutron/neutron/api/extensions.py:416}}
Aug 31 09:42:30 ubuntu neutron-server[127914]: INFO neutron.api.extensions [None req-dc93390c-343b-409a-a42e-2eb752bab97e None None] Extension trunk-details not supported by any of loaded plugins
Aug 31 09:42:30 ubuntu neutron-server[127914]: DEBUG neutron.api.extensions [None req-dc93390c-343b-409a-a42e-2eb752bab97e None None] Loading extension file: uplink_status_propagation.py {{(pid=127914) _load_all_extensions_from_path /opt/stack/neutron/neutron/api/extensions.py:450}}
Aug 31 09:42:30 ubuntu neutron-server[127914]: DEBUG neutron.api.extensions [None req-dc93390c-343b-409a-a42e-2eb752bab97e None None] Ext name="Uplink status propagation extension" alias="uplink-status-propagation" description="Provides ability to propagate port uplink status." updated="2018-05-31T18:00:00-00:00" {{(pid=127914) _check_extension /opt/stack/neutron/neutron/api/extensions.py:416}}
Aug 31 09:42:30 ubuntu neutron-server[127914]: INFO neutron.api.extensions [None req-dc93390c-343b-409a-a42e-2eb752bab97e None None] Extension uplink-status-propagation not supported by any of loaded plugins
Aug 31 09:42:30 ubuntu neutron-server[127914]: DEBUG neutron.api.extensions [None req-dc93390c-343b-409a-a42e-2eb752bab97e None None] Loading extension file: vlantransparent.py {{(pid=127914) _load_all_extensions_from_path /opt/stack/neutron/neutron/api/extensions.py:450}}
Aug 31 09:42:30 ubuntu neutron-server[127914]: DEBUG neutron.api.extensions [None req-dc93390c-343b-409a-a42e-2eb752bab97e None None] Ext name="Vlantransparent" alias="vlan-transparent" description="Provides Vlan Transparent Networks" updated="2015-03-23T09:00:00-00:00" {{(pid=127914) _check_extension /opt/stack/neutron/neutron/api/extensions.py:416}}
Aug 31 09:42:30 ubuntu neutron-server[127914]: INFO neutron.api.extensions [None req-dc93390c-343b-409a-a42e-2eb752bab97e None None] Extension vlan-transparent not supported by any of loaded plugins
Aug 31 09:42:30 ubuntu neutron-server[127914]: INFO neutron.quota.resource_registry [None req-dc93390c-343b-409a-a42e-2eb752bab97e None None] Creating instance of TrackedResource for resource:network
Aug 31 09:42:30 ubuntu neutron-server[127914]: INFO neutron.quota.resource_registry [None req-dc93390c-343b-409a-a42e-2eb752bab97e None None] Creating instance of TrackedResource for resource:subnet
Aug 31 09:42:30 ubuntu neutron-server[127914]: INFO neutron.quota.resource_registry [None req-dc93390c-343b-409a-a42e-2eb752bab97e None None] Creating instance of TrackedResource for resource:subnetpool
Aug 31 09:42:30 ubuntu neutron-server[127914]: INFO neutron.quota.resource_registry [None req-dc93390c-343b-409a-a42e-2eb752bab97e None None] Creating instance of TrackedResource for resource:port
Aug 31 09:42:30 ubuntu neutron-server[127914]: DEBUG neutron.api.v2.resource_helper [None req-dc93390c-343b-409a-a42e-2eb752bab97e None None] Service FLAVORS assigned prefix:  {{(pid=127914) build_resource_info /opt/stack/neutron/neutron/api/v2/resource_helper.py:77}}
Aug 31 09:42:30 ubuntu neutron-server[127914]: DEBUG neutron.api.v2.resource_helper [None req-dc93390c-343b-409a-a42e-2eb752bab97e None None] Service L3_ROUTER_NAT assigned prefix:  {{(pid=127914) build_resource_info /opt/stack/neutron/neutron/api/v2/resource_helper.py:77}}
Aug 31 09:42:30 ubuntu neutron-server[127914]: DEBUG neutron.api.v2.resource_helper [None req-dc93390c-343b-409a-a42e-2eb752bab97e None None] Service L3_ROUTER_NAT assigned prefix:  {{(pid=127914) build_resource_info /opt/stack/neutron/neutron/api/v2/resource_helper.py:77}}
Aug 31 09:42:30 ubuntu neutron-server[127914]: INFO neutron.quota.resource_registry [None req-dc93390c-343b-409a-a42e-2eb752bab97e None None] Creating instance of TrackedResource for resource:router
Aug 31 09:42:30 ubuntu neutron-server[127914]: INFO neutron.quota.resource_registry [None req-dc93390c-343b-409a-a42e-2eb752bab97e None None] Creating instance of TrackedResource for resource:floatingip
Aug 31 09:42:30 ubuntu neutron-server[127914]: DEBUG neutron_lib.callbacks.manager [None req-dc93390c-343b-409a-a42e-2eb752bab97e None None] Subscribe: <bound method NeutronDbPluginV2.validate_network_rbac_policy_change of <neutron.services.network_ip_availability.plugin.NetworkIPAvailabilityPlugin object at 0x7fd1bc46d940>> rbac-policy before_create 55550000 {{(pid=127914) subscribe /usr/local/lib/python3.8/dist-packages/neutron_lib/callbacks/manager.py:45}}
Aug 31 09:42:30 ubuntu neutron-server[127914]: DEBUG neutron_lib.callbacks.manager [None req-dc93390c-343b-409a-a42e-2eb752bab97e None None] Subscribe: <bound method NeutronDbPluginV2.validate_network_rbac_policy_change of <neutron.services.network_ip_availability.plugin.NetworkIPAvailabilityPlugin object at 0x7fd1bc46d940>> rbac-policy before_update 55550000 {{(pid=127914) subscribe /usr/local/lib/python3.8/dist-packages/neutron_lib/callbacks/manager.py:45}}
Aug 31 09:42:30 ubuntu neutron-server[127914]: DEBUG neutron_lib.callbacks.manager [None req-dc93390c-343b-409a-a42e-2eb752bab97e None None] Subscribe: <bound method NeutronDbPluginV2.validate_network_rbac_policy_change of <neutron.services.network_ip_availability.plugin.NetworkIPAvailabilityPlugin object at 0x7fd1bc46d940>> rbac-policy before_delete 55550000 {{(pid=127914) subscribe /usr/local/lib/python3.8/dist-packages/neutron_lib/callbacks/manager.py:45}}
Aug 31 09:42:30 ubuntu neutron-server[127914]: INFO neutron.quota.resource_registry [None req-dc93390c-343b-409a-a42e-2eb752bab97e None None] Creating instance of CountableResource for resource:rbac_policy
Aug 31 09:42:30 ubuntu neutron-server[127914]: INFO neutron.quota.resource_registry [None req-dc93390c-343b-409a-a42e-2eb752bab97e None None] Creating instance of TrackedResource for resource:security_group
Aug 31 09:42:30 ubuntu neutron-server[127914]: INFO neutron.quota.resource_registry [None req-dc93390c-343b-409a-a42e-2eb752bab97e None None] Creating instance of TrackedResource for resource:security_group_rule
Aug 31 09:42:30 ubuntu neutron-server[127914]: DEBUG neutron.api.v2.resource_helper [None req-dc93390c-343b-409a-a42e-2eb752bab97e None None] Service FLAVORS assigned prefix:  {{(pid=127914) build_resource_info /opt/stack/neutron/neutron/api/v2/resource_helper.py:77}}
Aug 31 09:42:30 ubuntu neutron-server[127914]: DEBUG neutron.api.v2.resource_helper [None req-dc93390c-343b-409a-a42e-2eb752bab97e None None] Service L3_ROUTER_NAT assigned prefix:  {{(pid=127914) build_resource_info /opt/stack/neutron/neutron/api/v2/resource_helper.py:77}}
Aug 31 09:42:30 ubuntu neutron-server[127914]: DEBUG neutron.api.v2.resource_helper [None req-dc93390c-343b-409a-a42e-2eb752bab97e None None] Service L3_ROUTER_NAT assigned prefix:  {{(pid=127914) build_resource_info /opt/stack/neutron/neutron/api/v2/resource_helper.py:77}}
Aug 31 09:42:30 ubuntu neutron-server[127914]: INFO neutron.quota.resource_registry [None req-dc93390c-343b-409a-a42e-2eb752bab97e None None] Creating instance of TrackedResource for resource:router
Aug 31 09:42:30 ubuntu neutron-server[127914]: WARNING neutron.quota.resource_registry [None req-dc93390c-343b-409a-a42e-2eb752bab97e None None] router is already registered
Aug 31 09:42:30 ubuntu neutron-server[127914]: INFO neutron.quota.resource_registry [None req-dc93390c-343b-409a-a42e-2eb752bab97e None None] Creating instance of TrackedResource for resource:floatingip
Aug 31 09:42:30 ubuntu neutron-server[127914]: WARNING neutron.quota.resource_registry [None req-dc93390c-343b-409a-a42e-2eb752bab97e None None] floatingip is already registered
Aug 31 09:42:30 ubuntu neutron-server[127914]: INFO neutron.quota.resource_registry [None req-dc93390c-343b-409a-a42e-2eb752bab97e None None] Creating instance of CountableResource for resource:rbac_policy
Aug 31 09:42:30 ubuntu neutron-server[127914]: WARNING neutron.quota.resource_registry [None req-dc93390c-343b-409a-a42e-2eb752bab97e None None] rbac_policy is already registered
Aug 31 09:42:30 ubuntu neutron-server[127914]: INFO neutron.quota.resource_registry [None req-dc93390c-343b-409a-a42e-2eb752bab97e None None] Creating instance of TrackedResource for resource:security_group
Aug 31 09:42:30 ubuntu neutron-server[127914]: WARNING neutron.quota.resource_registry [None req-dc93390c-343b-409a-a42e-2eb752bab97e None None] security_group is already registered
Aug 31 09:42:30 ubuntu neutron-server[127914]: INFO neutron.quota.resource_registry [None req-dc93390c-343b-409a-a42e-2eb752bab97e None None] Creating instance of TrackedResource for resource:security_group_rule
Aug 31 09:42:30 ubuntu neutron-server[127914]: WARNING neutron.quota.resource_registry [None req-dc93390c-343b-409a-a42e-2eb752bab97e None None] security_group_rule is already registered
Aug 31 09:42:30 ubuntu neutron-server[127914]: DEBUG neutron.api.extensions [None req-dc93390c-343b-409a-a42e-2eb752bab97e None None] Extended resource: extensions {{(pid=127914) __init__ /opt/stack/neutron/neutron/api/extensions.py:157}}
Aug 31 09:42:30 ubuntu neutron-server[127914]: DEBUG neutron.api.extensions [None req-dc93390c-343b-409a-a42e-2eb752bab97e None None] Extended resource: address-groups {{(pid=127914) __init__ /opt/stack/neutron/neutron/api/extensions.py:157}}
Aug 31 09:42:30 ubuntu neutron-server[127914]: DEBUG neutron.api.extensions [None req-dc93390c-343b-409a-a42e-2eb752bab97e None None] Extended resource: address-scopes {{(pid=127914) __init__ /opt/stack/neutron/neutron/api/extensions.py:157}}
Aug 31 09:42:30 ubuntu neutron-server[127914]: DEBUG neutron.api.extensions [None req-dc93390c-343b-409a-a42e-2eb752bab97e None None] Extended resource: agents {{(pid=127914) __init__ /opt/stack/neutron/neutron/api/extensions.py:157}}
Aug 31 09:42:30 ubuntu neutron-server[127914]: DEBUG neutron.api.extensions [None req-dc93390c-343b-409a-a42e-2eb752bab97e None None] Extended resource: auto-allocated-topology {{(pid=127914) __init__ /opt/stack/neutron/neutron/api/extensions.py:157}}
Aug 31 09:42:30 ubuntu neutron-server[127914]: DEBUG neutron.api.extensions [None req-dc93390c-343b-409a-a42e-2eb752bab97e None None] Extended resource: availability_zones {{(pid=127914) __init__ /opt/stack/neutron/neutron/api/extensions.py:157}}
Aug 31 09:42:30 ubuntu neutron-server[127914]: DEBUG neutron.api.extensions [None req-dc93390c-343b-409a-a42e-2eb752bab97e None None] Extended resource: flavors {{(pid=127914) __init__ /opt/stack/neutron/neutron/api/extensions.py:157}}
Aug 31 09:42:30 ubuntu neutron-server[127914]: DEBUG neutron.api.extensions [None req-dc93390c-343b-409a-a42e-2eb752bab97e None None] Extended resource: service_profiles {{(pid=127914) __init__ /opt/stack/neutron/neutron/api/extensions.py:157}}
Aug 31 09:42:30 ubuntu neutron-server[127914]: DEBUG neutron.api.extensions [None req-dc93390c-343b-409a-a42e-2eb752bab97e None None] Extended resource: next_providers {{(pid=127914) __init__ /opt/stack/neutron/neutron/api/extensions.py:157}}
Aug 31 09:42:30 ubuntu neutron-server[127914]: DEBUG neutron.api.extensions [None req-dc93390c-343b-409a-a42e-2eb752bab97e None None] Extended resource: service_profiles {{(pid=127914) __init__ /opt/stack/neutron/neutron/api/extensions.py:157}}
Aug 31 09:42:30 ubuntu neutron-server[127914]: DEBUG neutron.api.extensions [None req-dc93390c-343b-409a-a42e-2eb752bab97e None None] Extended resource: floatingip-pools {{(pid=127914) __init__ /opt/stack/neutron/neutron/api/extensions.py:157}}
Aug 31 09:42:30 ubuntu neutron-server[127914]: DEBUG neutron.api.extensions [None req-dc93390c-343b-409a-a42e-2eb752bab97e None None] Extended resource: routers {{(pid=127914) __init__ /opt/stack/neutron/neutron/api/extensions.py:157}}
Aug 31 09:42:30 ubuntu neutron-server[127914]: DEBUG neutron.api.extensions [None req-dc93390c-343b-409a-a42e-2eb752bab97e None None] Extended resource: floatingips {{(pid=127914) __init__ /opt/stack/neutron/neutron/api/extensions.py:157}}
Aug 31 09:42:30 ubuntu neutron-server[127914]: DEBUG neutron.api.extensions [None req-dc93390c-343b-409a-a42e-2eb752bab97e None None] Extended resource: network-ip-availabilities {{(pid=127914) __init__ /opt/stack/neutron/neutron/api/extensions.py:157}}
Aug 31 09:42:30 ubuntu neutron-server[127914]: DEBUG neutron.api.extensions [None req-dc93390c-343b-409a-a42e-2eb752bab97e None None] Extended resource: bindings {{(pid=127914) __init__ /opt/stack/neutron/neutron/api/extensions.py:157}}
Aug 31 09:42:30 ubuntu neutron-server[127914]: DEBUG neutron.api.extensions [None req-dc93390c-343b-409a-a42e-2eb752bab97e None None] Extended resource: quotas {{(pid=127914) __init__ /opt/stack/neutron/neutron/api/extensions.py:157}}
Aug 31 09:42:30 ubuntu neutron-server[127914]: DEBUG neutron.api.extensions [None req-dc93390c-343b-409a-a42e-2eb752bab97e None None] Extended resource: quotas {{(pid=127914) __init__ /opt/stack/neutron/neutron/api/extensions.py:157}}
Aug 31 09:42:30 ubuntu neutron-server[127914]: DEBUG neutron.api.extensions [None req-dc93390c-343b-409a-a42e-2eb752bab97e None None] Extended resource: rbac-policies {{(pid=127914) __init__ /opt/stack/neutron/neutron/api/extensions.py:157}}
Aug 31 09:42:30 ubuntu neutron-server[127914]: DEBUG neutron.api.extensions [None req-dc93390c-343b-409a-a42e-2eb752bab97e None None] Extended resource: security-groups {{(pid=127914) __init__ /opt/stack/neutron/neutron/api/extensions.py:157}}
Aug 31 09:42:30 ubuntu neutron-server[127914]: DEBUG neutron.api.extensions [None req-dc93390c-343b-409a-a42e-2eb752bab97e None None] Extended resource: security-group-rules {{(pid=127914) __init__ /opt/stack/neutron/neutron/api/extensions.py:157}}
Aug 31 09:42:30 ubuntu neutron-server[127914]: DEBUG neutron.api.extensions [None req-dc93390c-343b-409a-a42e-2eb752bab97e None None] Extended resource: service-providers {{(pid=127914) __init__ /opt/stack/neutron/neutron/api/extensions.py:157}}
Aug 31 09:42:30 ubuntu neutron-server[127914]: DEBUG neutron.api.extensions [None req-dc93390c-343b-409a-a42e-2eb752bab97e None None] Extended resource: tags {{(pid=127914) __init__ /opt/stack/neutron/neutron/api/extensions.py:157}}
Aug 31 09:42:30 ubuntu neutron-server[127914]: DEBUG neutron.api.extensions [None req-dc93390c-343b-409a-a42e-2eb752bab97e None None] Extended resource: tags {{(pid=127914) __init__ /opt/stack/neutron/neutron/api/extensions.py:157}}
Aug 31 09:42:30 ubuntu neutron-server[127914]: DEBUG neutron.api.extensions [None req-dc93390c-343b-409a-a42e-2eb752bab97e None None] Extended resource: tags {{(pid=127914) __init__ /opt/stack/neutron/neutron/api/extensions.py:157}}
Aug 31 09:42:30 ubuntu neutron-server[127914]: DEBUG neutron.api.extensions [None req-dc93390c-343b-409a-a42e-2eb752bab97e None None] Extended resource: tags {{(pid=127914) __init__ /opt/stack/neutron/neutron/api/extensions.py:157}}
Aug 31 09:42:30 ubuntu neutron-server[127914]: DEBUG neutron.api.extensions [None req-dc93390c-343b-409a-a42e-2eb752bab97e None None] Extended resource: tags {{(pid=127914) __init__ /opt/stack/neutron/neutron/api/extensions.py:157}}
Aug 31 09:42:30 ubuntu neutron-server[127914]: DEBUG neutron.api.extensions [None req-dc93390c-343b-409a-a42e-2eb752bab97e None None] Extended resource: tags {{(pid=127914) __init__ /opt/stack/neutron/neutron/api/extensions.py:157}}
Aug 31 09:42:30 ubuntu neutron-server[127914]: DEBUG neutron.api.extensions [None req-dc93390c-343b-409a-a42e-2eb752bab97e None None] Extended resource: tags {{(pid=127914) __init__ /opt/stack/neutron/neutron/api/extensions.py:157}}
Aug 31 09:42:30 ubuntu neutron-server[127914]: DEBUG neutron.api.extensions [None req-dc93390c-343b-409a-a42e-2eb752bab97e None None] Extended resource: tags {{(pid=127914) __init__ /opt/stack/neutron/neutron/api/extensions.py:157}}
Aug 31 09:42:30 ubuntu neutron-server[127914]: DEBUG neutron.api.extensions [None req-dc93390c-343b-409a-a42e-2eb752bab97e None None] Extended resource: tags {{(pid=127914) __init__ /opt/stack/neutron/neutron/api/extensions.py:157}}
Aug 31 09:42:30 ubuntu neutron-server[127914]: DEBUG neutron.api.extensions [None req-dc93390c-343b-409a-a42e-2eb752bab97e None None] Extended resource: tags {{(pid=127914) __init__ /opt/stack/neutron/neutron/api/extensions.py:157}}
Aug 31 09:42:30 ubuntu neutron-server[127914]: WARNING keystonemiddleware.auth_token [None req-dc93390c-343b-409a-a42e-2eb752bab97e None None] AuthToken middleware is set with keystone_authtoken.service_token_roles_required set to False. This is backwards compatible but deprecated behaviour. Please set this to True.
Aug 31 09:42:30 ubuntu neutron-server[127914]: WARNING keystonemiddleware.auth_token [None req-dc93390c-343b-409a-a42e-2eb752bab97e None None] Configuring www_authenticate_uri to point to the public identity endpoint is required; clients may not be able to authenticate against an admin endpoint
Aug 31 09:42:30 ubuntu neutron-server[127914]: DEBUG oslo_concurrency.lockutils [None req-dc93390c-343b-409a-a42e-2eb752bab97e None None] Acquiring lock "singleton_lock" {{(pid=127914) lock /usr/local/lib/python3.8/dist-packages/oslo_concurrency/lockutils.py:293}}
Aug 31 09:42:30 ubuntu neutron-server[127914]: DEBUG oslo_concurrency.lockutils [None req-dc93390c-343b-409a-a42e-2eb752bab97e None None] Acquired lock "singleton_lock" {{(pid=127914) lock /usr/local/lib/python3.8/dist-packages/oslo_concurrency/lockutils.py:296}}
Aug 31 09:42:30 ubuntu neutron-server[127914]: DEBUG oslo_concurrency.lockutils [None req-dc93390c-343b-409a-a42e-2eb752bab97e None None] Releasing lock "singleton_lock" {{(pid=127914) lock /usr/local/lib/python3.8/dist-packages/oslo_concurrency/lockutils.py:314}}
Aug 31 09:42:30 ubuntu neutron-server[127914]: INFO oslo_service.service [None req-dc93390c-343b-409a-a42e-2eb752bab97e None None] Starting 2 workers
Aug 31 09:42:30 ubuntu neutron-server[127914]: DEBUG oslo_service.service [None req-dc93390c-343b-409a-a42e-2eb752bab97e None None] Started child 128156 {{(pid=127914) _start_child /usr/local/lib/python3.8/dist-packages/oslo_service/service.py:575}}
Aug 31 09:42:30 ubuntu neutron-server[127914]: DEBUG oslo_service.service [None req-dc93390c-343b-409a-a42e-2eb752bab97e None None] Started child 128157 {{(pid=127914) _start_child /usr/local/lib/python3.8/dist-packages/oslo_service/service.py:575}}
Aug 31 09:42:30 ubuntu neutron-server[127914]: INFO neutron.service [None req-dc93390c-343b-409a-a42e-2eb752bab97e None None] Neutron service started, listening on 0.0.0.0:9696
Aug 31 09:42:30 ubuntu neutron-server[127914]: DEBUG neutron_lib.callbacks.manager [None req-dc93390c-343b-409a-a42e-2eb752bab97e None None] Publish callbacks ['neutron.plugins.ml2.drivers.ovn.mech_driver.mech_driver.OVNMechanismDriver.pre_fork_initialize-764610'] for process (None), before_spawn {{(pid=127914) _notify_loop /usr/local/lib/python3.8/dist-packages/neutron_lib/callbacks/manager.py:176}}
Aug 31 09:42:30 ubuntu neutron-server[128156]: DEBUG neutron_lib.callbacks.manager [-] Publish callbacks ['neutron.plugins.ml2.drivers.ovn.mech_driver.mech_driver.OVNMechanismDriver.post_fork_initialize-764454'] for process (None), after_init {{(pid=128156) _notify_loop /usr/local/lib/python3.8/dist-packages/neutron_lib/callbacks/manager.py:176}}
Aug 31 09:42:30 ubuntu neutron-server[128157]: DEBUG neutron_lib.callbacks.manager [-] Publish callbacks ['neutron.plugins.ml2.drivers.ovn.mech_driver.mech_driver.OVNMechanismDriver.post_fork_initialize-764454'] for process (None), after_init {{(pid=128157) _notify_loop /usr/local/lib/python3.8/dist-packages/neutron_lib/callbacks/manager.py:176}}
Aug 31 09:42:30 ubuntu neutron-server[128156]: DEBUG dbcounter [-] [128156] Writer thread running {{(pid=128156) stat_writer /usr/local/lib/python3.8/dist-packages/dbcounter.py:99}}
Aug 31 09:42:30 ubuntu neutron-server[128157]: DEBUG dbcounter [-] [128157] Writer thread running {{(pid=128157) stat_writer /usr/local/lib/python3.8/dist-packages/dbcounter.py:99}}
Aug 31 09:42:30 ubuntu neutron-server[127914]: DEBUG ovsdbapp.backend.ovs_idl [None req-dc93390c-343b-409a-a42e-2eb752bab97e None None] Created schema index Port_Group.name {{(pid=127914) autocreate_indices /usr/local/lib/python3.8/dist-packages/ovsdbapp/backend/ovs_idl/__init__.py:104}}
Aug 31 09:42:30 ubuntu neutron-server[127914]: DEBUG ovsdbapp.backend.ovs_idl [None req-dc93390c-343b-409a-a42e-2eb752bab97e None None] Created schema index Logical_Switch_Port.name {{(pid=127914) autocreate_indices /usr/local/lib/python3.8/dist-packages/ovsdbapp/backend/ovs_idl/__init__.py:104}}
Aug 31 09:42:30 ubuntu neutron-server[128157]: INFO neutron.plugins.ml2.drivers.ovn.mech_driver.ovsdb.impl_idl_ovn [None req-86d4189f-2746-4466-83a9-ced649eb9551 None None] Getting OvsdbNbOvnIdl for WorkerService with retry
Aug 31 09:42:30 ubuntu neutron-server[128156]: INFO neutron.plugins.ml2.drivers.ovn.mech_driver.ovsdb.impl_idl_ovn [None req-c90db317-3d03-422a-afb0-70f5e2d952ce None None] Getting OvsdbNbOvnIdl for WorkerService with retry
Aug 31 09:42:30 ubuntu neutron-server[127914]: DEBUG ovsdbapp.backend.ovs_idl.transaction [-] Running txn n=1 command(idx=0): PgAddCommand(name=neutron_pg_drop, may_exist=True, columns={'acls': []}) {{(pid=127914) do_commit /usr/local/lib/python3.8/dist-packages/ovsdbapp/backend/ovs_idl/transaction.py:90}}
Aug 31 09:42:30 ubuntu neutron-server[127914]: DEBUG ovsdbapp.backend.ovs_idl.transaction [-] Running txn n=1 command(idx=1): PgAclAddCommand(entity=neutron_pg_drop, direction=from-lport, priority=1001, match=inport == @neutron_pg_drop && ip, action=drop, log=False, may_exist=True, severity=[], name=[], meter=None, external_ids={}) {{(pid=127914) do_commit /usr/local/lib/python3.8/dist-packages/ovsdbapp/backend/ovs_idl/transaction.py:90}}
Aug 31 09:42:30 ubuntu neutron-server[127914]: DEBUG ovsdbapp.backend.ovs_idl.transaction [-] Running txn n=1 command(idx=2): PgAclAddCommand(entity=neutron_pg_drop, direction=to-lport, priority=1001, match=outport == @neutron_pg_drop && ip, action=drop, log=False, may_exist=True, severity=[], name=[], meter=None, external_ids={}) {{(pid=127914) do_commit /usr/local/lib/python3.8/dist-packages/ovsdbapp/backend/ovs_idl/transaction.py:90}}
Aug 31 09:42:30 ubuntu neutron-server[127914]: DEBUG ovsdbapp.backend.ovs_idl.event [-] Matched CREATE: NeutronPgDropPortGroupCreated(events=('create',), table='Port_Group', conditions=(('name', '=', 'neutron_pg_drop'),), old_conditions=None), priority=10 to row=Port_Group(name=neutron_pg_drop, ports=[], external_ids={}, acls=[<ovs.db.idl.Row object at 0x7fd1bbde31f0>, <ovs.db.idl.Row object at 0x7fd1bbde3460>]) old= {{(pid=127914) matches /usr/local/lib/python3.8/dist-packages/ovsdbapp/backend/ovs_idl/event.py:43}}
Aug 31 09:42:30 ubuntu neutron-server[128156]: DEBUG ovsdbapp.backend.ovs_idl [None req-c90db317-3d03-422a-afb0-70f5e2d952ce None None] Created lookup_table index Logical_Switch.name {{(pid=128156) autocreate_indices /usr/local/lib/python3.8/dist-packages/ovsdbapp/backend/ovs_idl/__init__.py:85}}
Aug 31 09:42:30 ubuntu neutron-server[128156]: DEBUG ovsdbapp.backend.ovs_idl [None req-c90db317-3d03-422a-afb0-70f5e2d952ce None None] Created lookup_table index Logical_Router.name {{(pid=128156) autocreate_indices /usr/local/lib/python3.8/dist-packages/ovsdbapp/backend/ovs_idl/__init__.py:85}}
Aug 31 09:42:30 ubuntu neutron-server[128156]: DEBUG ovsdbapp.backend.ovs_idl [None req-c90db317-3d03-422a-afb0-70f5e2d952ce None None] Created lookup_table index Load_Balancer.name {{(pid=128156) autocreate_indices /usr/local/lib/python3.8/dist-packages/ovsdbapp/backend/ovs_idl/__init__.py:85}}
Aug 31 09:42:30 ubuntu neutron-server[128156]: DEBUG ovsdbapp.backend.ovs_idl [None req-c90db317-3d03-422a-afb0-70f5e2d952ce None None] Created schema index Meter.name {{(pid=128156) autocreate_indices /usr/local/lib/python3.8/dist-packages/ovsdbapp/backend/ovs_idl/__init__.py:104}}
Aug 31 09:42:30 ubuntu neutron-server[128156]: DEBUG ovsdbapp.backend.ovs_idl [None req-c90db317-3d03-422a-afb0-70f5e2d952ce None None] Created schema index Address_Set.name {{(pid=128156) autocreate_indices /usr/local/lib/python3.8/dist-packages/ovsdbapp/backend/ovs_idl/__init__.py:104}}
Aug 31 09:42:30 ubuntu neutron-server[128156]: DEBUG ovsdbapp.backend.ovs_idl [None req-c90db317-3d03-422a-afb0-70f5e2d952ce None None] Created schema index HA_Chassis_Group.name {{(pid=128156) autocreate_indices /usr/local/lib/python3.8/dist-packages/ovsdbapp/backend/ovs_idl/__init__.py:104}}
Aug 31 09:42:30 ubuntu neutron-server[128156]: DEBUG ovsdbapp.backend.ovs_idl [None req-c90db317-3d03-422a-afb0-70f5e2d952ce None None] Created schema index Connection.target {{(pid=128156) autocreate_indices /usr/local/lib/python3.8/dist-packages/ovsdbapp/backend/ovs_idl/__init__.py:104}}
Aug 31 09:42:30 ubuntu neutron-server[128156]: DEBUG ovsdbapp.backend.ovs_idl [None req-c90db317-3d03-422a-afb0-70f5e2d952ce None None] Created schema index Gateway_Chassis.name {{(pid=128156) autocreate_indices /usr/local/lib/python3.8/dist-packages/ovsdbapp/backend/ovs_idl/__init__.py:104}}
Aug 31 09:42:30 ubuntu neutron-server[128156]: DEBUG ovsdbapp.backend.ovs_idl [None req-c90db317-3d03-422a-afb0-70f5e2d952ce None None] Created schema index Logical_Router_Port.name {{(pid=128156) autocreate_indices /usr/local/lib/python3.8/dist-packages/ovsdbapp/backend/ovs_idl/__init__.py:104}}
Aug 31 09:42:30 ubuntu neutron-server[128156]: DEBUG ovsdbapp.backend.ovs_idl [None req-c90db317-3d03-422a-afb0-70f5e2d952ce None None] Created schema index Port_Group.name {{(pid=128156) autocreate_indices /usr/local/lib/python3.8/dist-packages/ovsdbapp/backend/ovs_idl/__init__.py:104}}
Aug 31 09:42:30 ubuntu neutron-server[128156]: DEBUG ovsdbapp.backend.ovs_idl [None req-c90db317-3d03-422a-afb0-70f5e2d952ce None None] Created schema index Logical_Switch_Port.name {{(pid=128156) autocreate_indices /usr/local/lib/python3.8/dist-packages/ovsdbapp/backend/ovs_idl/__init__.py:104}}
Aug 31 09:42:30 ubuntu neutron-server[128156]: INFO ovsdbapp.backend.ovs_idl.vlog [None req-c90db317-3d03-422a-afb0-70f5e2d952ce None None] tcp:192.168.79.43:6641: connecting...
Aug 31 09:42:30 ubuntu neutron-server[128156]: INFO ovsdbapp.backend.ovs_idl.vlog [None req-c90db317-3d03-422a-afb0-70f5e2d952ce None None] tcp:192.168.79.43:6641: connected
Aug 31 09:42:30 ubuntu neutron-server[127914]: DEBUG ovsdbapp.backend.ovs_idl [None req-dc93390c-343b-409a-a42e-2eb752bab97e None None] Created lookup_table index Logical_Switch.name {{(pid=127914) autocreate_indices /usr/local/lib/python3.8/dist-packages/ovsdbapp/backend/ovs_idl/__init__.py:85}}
Aug 31 09:42:30 ubuntu neutron-server[127914]: DEBUG ovsdbapp.backend.ovs_idl [None req-dc93390c-343b-409a-a42e-2eb752bab97e None None] Created lookup_table index Logical_Router.name {{(pid=127914) autocreate_indices /usr/local/lib/python3.8/dist-packages/ovsdbapp/backend/ovs_idl/__init__.py:85}}
Aug 31 09:42:30 ubuntu neutron-server[127914]: DEBUG ovsdbapp.backend.ovs_idl [None req-dc93390c-343b-409a-a42e-2eb752bab97e None None] Created lookup_table index Load_Balancer.name {{(pid=127914) autocreate_indices /usr/local/lib/python3.8/dist-packages/ovsdbapp/backend/ovs_idl/__init__.py:85}}
Aug 31 09:42:30 ubuntu neutron-server[127914]: DEBUG ovsdbapp.backend.ovs_idl [None req-dc93390c-343b-409a-a42e-2eb752bab97e None None] Created schema index Meter.name {{(pid=127914) autocreate_indices /usr/local/lib/python3.8/dist-packages/ovsdbapp/backend/ovs_idl/__init__.py:104}}
Aug 31 09:42:30 ubuntu neutron-server[127914]: DEBUG ovsdbapp.backend.ovs_idl [None req-dc93390c-343b-409a-a42e-2eb752bab97e None None] Created schema index Address_Set.name {{(pid=127914) autocreate_indices /usr/local/lib/python3.8/dist-packages/ovsdbapp/backend/ovs_idl/__init__.py:104}}
Aug 31 09:42:30 ubuntu neutron-server[127914]: DEBUG ovsdbapp.backend.ovs_idl [None req-dc93390c-343b-409a-a42e-2eb752bab97e None None] Created schema index HA_Chassis_Group.name {{(pid=127914) autocreate_indices /usr/local/lib/python3.8/dist-packages/ovsdbapp/backend/ovs_idl/__init__.py:104}}
Aug 31 09:42:30 ubuntu neutron-server[127914]: DEBUG ovsdbapp.backend.ovs_idl [None req-dc93390c-343b-409a-a42e-2eb752bab97e None None] Created schema index Connection.target {{(pid=127914) autocreate_indices /usr/local/lib/python3.8/dist-packages/ovsdbapp/backend/ovs_idl/__init__.py:104}}
Aug 31 09:42:30 ubuntu neutron-server[127914]: DEBUG ovsdbapp.backend.ovs_idl [None req-dc93390c-343b-409a-a42e-2eb752bab97e None None] Created schema index Gateway_Chassis.name {{(pid=127914) autocreate_indices /usr/local/lib/python3.8/dist-packages/ovsdbapp/backend/ovs_idl/__init__.py:104}}
Aug 31 09:42:30 ubuntu neutron-server[127914]: DEBUG ovsdbapp.backend.ovs_idl [None req-dc93390c-343b-409a-a42e-2eb752bab97e None None] Created schema index Logical_Router_Port.name {{(pid=127914) autocreate_indices /usr/local/lib/python3.8/dist-packages/ovsdbapp/backend/ovs_idl/__init__.py:104}}
Aug 31 09:42:30 ubuntu neutron-server[127914]: DEBUG ovsdbapp.backend.ovs_idl [None req-dc93390c-343b-409a-a42e-2eb752bab97e None None] Created schema index Port_Group.name {{(pid=127914) autocreate_indices /usr/local/lib/python3.8/dist-packages/ovsdbapp/backend/ovs_idl/__init__.py:104}}
Aug 31 09:42:30 ubuntu neutron-server[127914]: DEBUG ovsdbapp.backend.ovs_idl [None req-dc93390c-343b-409a-a42e-2eb752bab97e None None] Created schema index Logical_Switch_Port.name {{(pid=127914) autocreate_indices /usr/local/lib/python3.8/dist-packages/ovsdbapp/backend/ovs_idl/__init__.py:104}}
Aug 31 09:42:30 ubuntu neutron-server[128157]: DEBUG ovsdbapp.backend.ovs_idl [None req-86d4189f-2746-4466-83a9-ced649eb9551 None None] Created lookup_table index Logical_Switch.name {{(pid=128157) autocreate_indices /usr/local/lib/python3.8/dist-packages/ovsdbapp/backend/ovs_idl/__init__.py:85}}
Aug 31 09:42:30 ubuntu neutron-server[128157]: DEBUG ovsdbapp.backend.ovs_idl [None req-86d4189f-2746-4466-83a9-ced649eb9551 None None] Created lookup_table index Logical_Router.name {{(pid=128157) autocreate_indices /usr/local/lib/python3.8/dist-packages/ovsdbapp/backend/ovs_idl/__init__.py:85}}
Aug 31 09:42:30 ubuntu neutron-server[128157]: DEBUG ovsdbapp.backend.ovs_idl [None req-86d4189f-2746-4466-83a9-ced649eb9551 None None] Created lookup_table index Load_Balancer.name {{(pid=128157) autocreate_indices /usr/local/lib/python3.8/dist-packages/ovsdbapp/backend/ovs_idl/__init__.py:85}}
Aug 31 09:42:30 ubuntu neutron-server[128157]: DEBUG ovsdbapp.backend.ovs_idl [None req-86d4189f-2746-4466-83a9-ced649eb9551 None None] Created schema index Meter.name {{(pid=128157) autocreate_indices /usr/local/lib/python3.8/dist-packages/ovsdbapp/backend/ovs_idl/__init__.py:104}}
Aug 31 09:42:30 ubuntu neutron-server[128157]: DEBUG ovsdbapp.backend.ovs_idl [None req-86d4189f-2746-4466-83a9-ced649eb9551 None None] Created schema index Address_Set.name {{(pid=128157) autocreate_indices /usr/local/lib/python3.8/dist-packages/ovsdbapp/backend/ovs_idl/__init__.py:104}}
Aug 31 09:42:30 ubuntu neutron-server[128157]: DEBUG ovsdbapp.backend.ovs_idl [None req-86d4189f-2746-4466-83a9-ced649eb9551 None None] Created schema index HA_Chassis_Group.name {{(pid=128157) autocreate_indices /usr/local/lib/python3.8/dist-packages/ovsdbapp/backend/ovs_idl/__init__.py:104}}
Aug 31 09:42:30 ubuntu neutron-server[128157]: DEBUG ovsdbapp.backend.ovs_idl [None req-86d4189f-2746-4466-83a9-ced649eb9551 None None] Created schema index Connection.target {{(pid=128157) autocreate_indices /usr/local/lib/python3.8/dist-packages/ovsdbapp/backend/ovs_idl/__init__.py:104}}
Aug 31 09:42:30 ubuntu neutron-server[128157]: DEBUG ovsdbapp.backend.ovs_idl [None req-86d4189f-2746-4466-83a9-ced649eb9551 None None] Created schema index Gateway_Chassis.name {{(pid=128157) autocreate_indices /usr/local/lib/python3.8/dist-packages/ovsdbapp/backend/ovs_idl/__init__.py:104}}
Aug 31 09:42:30 ubuntu neutron-server[128157]: DEBUG ovsdbapp.backend.ovs_idl [None req-86d4189f-2746-4466-83a9-ced649eb9551 None None] Created schema index Logical_Router_Port.name {{(pid=128157) autocreate_indices /usr/local/lib/python3.8/dist-packages/ovsdbapp/backend/ovs_idl/__init__.py:104}}
Aug 31 09:42:30 ubuntu neutron-server[128157]: DEBUG ovsdbapp.backend.ovs_idl [None req-86d4189f-2746-4466-83a9-ced649eb9551 None None] Created schema index Port_Group.name {{(pid=128157) autocreate_indices /usr/local/lib/python3.8/dist-packages/ovsdbapp/backend/ovs_idl/__init__.py:104}}
Aug 31 09:42:30 ubuntu neutron-server[128157]: DEBUG ovsdbapp.backend.ovs_idl [None req-86d4189f-2746-4466-83a9-ced649eb9551 None None] Created schema index Logical_Switch_Port.name {{(pid=128157) autocreate_indices /usr/local/lib/python3.8/dist-packages/ovsdbapp/backend/ovs_idl/__init__.py:104}}
Aug 31 09:42:30 ubuntu neutron-server[128156]: DEBUG neutron.common.ovn.hash_ring_manager [None req-c90db317-3d03-422a-afb0-70f5e2d952ce None None] Allow caching, nodes 2>=2 {{(pid=128156) _wait_startup_before_caching /opt/stack/neutron/neutron/common/ovn/hash_ring_manager.py:60}}
Aug 31 09:42:30 ubuntu neutron-server[128157]: INFO ovsdbapp.backend.ovs_idl.vlog [None req-86d4189f-2746-4466-83a9-ced649eb9551 None None] tcp:192.168.79.43:6641: connecting...
Aug 31 09:42:30 ubuntu neutron-server[128157]: INFO ovsdbapp.backend.ovs_idl.vlog [None req-86d4189f-2746-4466-83a9-ced649eb9551 None None] tcp:192.168.79.43:6641: connected
Aug 31 09:42:30 ubuntu neutron-server[128156]: DEBUG neutron.plugins.ml2.drivers.ovn.mech_driver.ovsdb.ovsdb_monitor [None req-c90db317-3d03-422a-afb0-70f5e2d952ce None None] Hash Ring: Node 7215bf7f-163e-4ba4-96e2-3504ef8418ae (host: ubuntu) handling event "create" for row fb14bfba-3029-4e35-bdea-97a2ad487f4a (table: Database) {{(pid=128156) notify /opt/stack/neutron/neutron/plugins/ml2/drivers/ovn/mech_driver/ovsdb/ovsdb_monitor.py:743}}
Aug 31 09:42:30 ubuntu neutron-server[128156]: INFO neutron.plugins.ml2.drivers.ovn.mech_driver.ovsdb.impl_idl_ovn [None req-c90db317-3d03-422a-afb0-70f5e2d952ce None None] Getting OvsdbSbOvnIdl for WorkerService with retry
Aug 31 09:42:30 ubuntu neutron-server[128156]: DEBUG ovsdbapp.backend.ovs_idl [None req-c90db317-3d03-422a-afb0-70f5e2d952ce None None] Created lookup_table index Chassis.name {{(pid=128156) autocreate_indices /usr/local/lib/python3.8/dist-packages/ovsdbapp/backend/ovs_idl/__init__.py:85}}
Aug 31 09:42:30 ubuntu neutron-server[128156]: DEBUG ovsdbapp.backend.ovs_idl [None req-c90db317-3d03-422a-afb0-70f5e2d952ce None None] Created schema index Datapath_Binding.tunnel_key {{(pid=128156) autocreate_indices /usr/local/lib/python3.8/dist-packages/ovsdbapp/backend/ovs_idl/__init__.py:104}}
Aug 31 09:42:30 ubuntu neutron-server[128156]: DEBUG ovsdbapp.backend.ovs_idl [None req-c90db317-3d03-422a-afb0-70f5e2d952ce None None] Created schema index Connection.target {{(pid=128156) autocreate_indices /usr/local/lib/python3.8/dist-packages/ovsdbapp/backend/ovs_idl/__init__.py:104}}
Aug 31 09:42:30 ubuntu neutron-server[128156]: INFO ovsdbapp.backend.ovs_idl.vlog [None req-c90db317-3d03-422a-afb0-70f5e2d952ce None None] tcp:192.168.79.43:6642: connecting...
Aug 31 09:42:30 ubuntu neutron-server[128156]: INFO ovsdbapp.backend.ovs_idl.vlog [None req-c90db317-3d03-422a-afb0-70f5e2d952ce None None] tcp:192.168.79.43:6642: connected
Aug 31 09:42:30 ubuntu neutron-server[127914]: DEBUG ovsdbapp.backend.ovs_idl [None req-dc93390c-343b-409a-a42e-2eb752bab97e None None] Created lookup_table index Chassis.name {{(pid=127914) autocreate_indices /usr/local/lib/python3.8/dist-packages/ovsdbapp/backend/ovs_idl/__init__.py:85}}
Aug 31 09:42:30 ubuntu neutron-server[127914]: DEBUG ovsdbapp.backend.ovs_idl [None req-dc93390c-343b-409a-a42e-2eb752bab97e None None] Created lookup_table index MAC_Binding.ip {{(pid=127914) autocreate_indices /usr/local/lib/python3.8/dist-packages/ovsdbapp/backend/ovs_idl/__init__.py:85}}
Aug 31 09:42:30 ubuntu neutron-server[127914]: DEBUG ovsdbapp.backend.ovs_idl [None req-dc93390c-343b-409a-a42e-2eb752bab97e None None] Created schema index Meter.name {{(pid=127914) autocreate_indices /usr/local/lib/python3.8/dist-packages/ovsdbapp/backend/ovs_idl/__init__.py:104}}
Aug 31 09:42:30 ubuntu neutron-server[127914]: DEBUG ovsdbapp.backend.ovs_idl [None req-dc93390c-343b-409a-a42e-2eb752bab97e None None] Created schema index Address_Set.name {{(pid=127914) autocreate_indices /usr/local/lib/python3.8/dist-packages/ovsdbapp/backend/ovs_idl/__init__.py:104}}
Aug 31 09:42:30 ubuntu neutron-server[127914]: DEBUG ovsdbapp.backend.ovs_idl [None req-dc93390c-343b-409a-a42e-2eb752bab97e None None] Created schema index HA_Chassis_Group.name {{(pid=127914) autocreate_indices /usr/local/lib/python3.8/dist-packages/ovsdbapp/backend/ovs_idl/__init__.py:104}}
Aug 31 09:42:30 ubuntu neutron-server[127914]: DEBUG ovsdbapp.backend.ovs_idl [None req-dc93390c-343b-409a-a42e-2eb752bab97e None None] Created schema index IP_Multicast.datapath {{(pid=127914) autocreate_indices /usr/local/lib/python3.8/dist-packages/ovsdbapp/backend/ovs_idl/__init__.py:104}}
Aug 31 09:42:30 ubuntu neutron-server[127914]: DEBUG ovsdbapp.backend.ovs_idl [None req-dc93390c-343b-409a-a42e-2eb752bab97e None None] Created schema index Connection.target {{(pid=127914) autocreate_indices /usr/local/lib/python3.8/dist-packages/ovsdbapp/backend/ovs_idl/__init__.py:104}}
Aug 31 09:42:30 ubuntu neutron-server[127914]: DEBUG ovsdbapp.backend.ovs_idl [None req-dc93390c-343b-409a-a42e-2eb752bab97e None None] Created schema index Gateway_Chassis.name {{(pid=127914) autocreate_indices /usr/local/lib/python3.8/dist-packages/ovsdbapp/backend/ovs_idl/__init__.py:104}}
Aug 31 09:42:30 ubuntu neutron-server[127914]: DEBUG ovsdbapp.backend.ovs_idl [None req-dc93390c-343b-409a-a42e-2eb752bab97e None None] Created schema index Port_Group.name {{(pid=127914) autocreate_indices /usr/local/lib/python3.8/dist-packages/ovsdbapp/backend/ovs_idl/__init__.py:104}}
Aug 31 09:42:30 ubuntu neutron-server[127914]: DEBUG ovsdbapp.backend.ovs_idl [None req-dc93390c-343b-409a-a42e-2eb752bab97e None None] Created schema index Datapath_Binding.tunnel_key {{(pid=127914) autocreate_indices /usr/local/lib/python3.8/dist-packages/ovsdbapp/backend/ovs_idl/__init__.py:104}}
Aug 31 09:42:30 ubuntu neutron-server[128156]: DEBUG neutron.common.ovn.hash_ring_manager [None req-c90db317-3d03-422a-afb0-70f5e2d952ce None None] Allow caching, nodes 2>=2 {{(pid=128156) _wait_startup_before_caching /opt/stack/neutron/neutron/common/ovn/hash_ring_manager.py:60}}
Aug 31 09:42:30 ubuntu neutron-server[128156]: DEBUG neutron.plugins.ml2.drivers.ovn.mech_driver.ovsdb.ovsdb_monitor [None req-c90db317-3d03-422a-afb0-70f5e2d952ce None None] Hash Ring: Node 7215bf7f-163e-4ba4-96e2-3504ef8418ae (host: ubuntu) handling event "create" for row db21ecc7-9a4e-4104-bd7d-cac8560454db (table: Encap) {{(pid=128156) notify /opt/stack/neutron/neutron/plugins/ml2/drivers/ovn/mech_driver/ovsdb/ovsdb_monitor.py:743}}
Aug 31 09:42:30 ubuntu neutron-server[128156]: DEBUG neutron.plugins.ml2.drivers.ovn.mech_driver.ovsdb.ovsdb_monitor [None req-c90db317-3d03-422a-afb0-70f5e2d952ce None None] ChassisMetadataAgentWriteEvent : Matched Chassis, create, None None {{(pid=128156) matches /opt/stack/neutron/neutron/plugins/ml2/drivers/ovn/mech_driver/ovsdb/ovsdb_monitor.py:62}}
Aug 31 09:42:30 ubuntu neutron-server[128156]: DEBUG neutron.plugins.ml2.drivers.ovn.mech_driver.ovsdb.ovsdb_monitor [None req-c90db317-3d03-422a-afb0-70f5e2d952ce None None] ChassisAgentWriteEvent : Matched Chassis, create, None None {{(pid=128156) matches /opt/stack/neutron/neutron/plugins/ml2/drivers/ovn/mech_driver/ovsdb/ovsdb_monitor.py:62}}
Aug 31 09:42:30 ubuntu neutron-server[128156]: DEBUG neutron.plugins.ml2.drivers.ovn.mech_driver.ovsdb.ovsdb_monitor [None req-c90db317-3d03-422a-afb0-70f5e2d952ce None None] Hash Ring: Node 7215bf7f-163e-4ba4-96e2-3504ef8418ae (host: ubuntu) handling event "create" for row a19a1b4f-e760-4fea-bfd1-a20051d8bef1 (table: Chassis) {{(pid=128156) notify /opt/stack/neutron/neutron/plugins/ml2/drivers/ovn/mech_driver/ovsdb/ovsdb_monitor.py:743}}
Aug 31 09:42:30 ubuntu neutron-server[128156]: DEBUG neutron.plugins.ml2.drivers.ovn.mech_driver.ovsdb.ovsdb_monitor [None req-c90db317-3d03-422a-afb0-70f5e2d952ce None None] Hash Ring: Node 7215bf7f-163e-4ba4-96e2-3504ef8418ae (host: ubuntu) handling event "create" for row 75d52103-b225-47c6-a383-161a54108c49 (table: Connection) {{(pid=128156) notify /opt/stack/neutron/neutron/plugins/ml2/drivers/ovn/mech_driver/ovsdb/ovsdb_monitor.py:743}}
Aug 31 09:42:30 ubuntu neutron-server[128156]: INFO neutron.wsgi [-] (128156) wsgi starting up on http://0.0.0.0:9696
Aug 31 09:42:30 ubuntu neutron-server[127914]: INFO oslo_service.service [None req-dc93390c-343b-409a-a42e-2eb752bab97e None None] Starting 1 workers
Aug 31 09:42:30 ubuntu neutron-server[128157]: DEBUG neutron.common.ovn.hash_ring_manager [None req-86d4189f-2746-4466-83a9-ced649eb9551 None None] Allow caching, nodes 2>=2 {{(pid=128157) _wait_startup_before_caching /opt/stack/neutron/neutron/common/ovn/hash_ring_manager.py:60}}
Aug 31 09:42:30 ubuntu neutron-server[128157]: DEBUG neutron.plugins.ml2.drivers.ovn.mech_driver.ovsdb.ovsdb_monitor [None req-86d4189f-2746-4466-83a9-ced649eb9551 None None] Hash Ring: Node 93083088-0467-4221-88f6-5849b426069c (host: ubuntu) handling event "create" for row 22943443-1201-4993-aab6-b375114ac8d0 (table: Database) {{(pid=128157) notify /opt/stack/neutron/neutron/plugins/ml2/drivers/ovn/mech_driver/ovsdb/ovsdb_monitor.py:743}}
Aug 31 09:42:30 ubuntu neutron-server[128159]: DEBUG neutron.service [None req-dc93390c-343b-409a-a42e-2eb752bab97e None None] calling RpcWorker wait() {{(pid=128159) _wait /opt/stack/neutron/neutron/service.py:128}}
Aug 31 09:42:30 ubuntu neutron-server[128159]: DEBUG neutron.service [None req-dc93390c-343b-409a-a42e-2eb752bab97e None None] returning from RpcWorker wait() {{(pid=128159) _wait /opt/stack/neutron/neutron/service.py:135}}
Aug 31 09:42:30 ubuntu neutron-server[128159]: DEBUG neutron_lib.callbacks.manager [-] Publish callbacks ['neutron.plugins.ml2.drivers.ovn.mech_driver.mech_driver.OVNMechanismDriver.post_fork_initialize-764454'] for process (None), after_init {{(pid=128159) _notify_loop /usr/local/lib/python3.8/dist-packages/neutron_lib/callbacks/manager.py:176}}
Aug 31 09:42:30 ubuntu neutron-server[128157]: DEBUG neutron.plugins.ml2.drivers.ovn.mech_driver.ovsdb.ovsdb_monitor [None req-86d4189f-2746-4466-83a9-ced649eb9551 None None] Hash Ring: Node 93083088-0467-4221-88f6-5849b426069c (host: ubuntu) handling event "create" for row bda1e3bb-7260-4962-8579-55874f5b1a3d (table: Port_Group) {{(pid=128157) notify /opt/stack/neutron/neutron/plugins/ml2/drivers/ovn/mech_driver/ovsdb/ovsdb_monitor.py:743}}
Aug 31 09:42:30 ubuntu neutron-server[127914]: DEBUG oslo_service.service [None req-dc93390c-343b-409a-a42e-2eb752bab97e None None] Started child 128159 {{(pid=127914) _start_child /usr/local/lib/python3.8/dist-packages/oslo_service/service.py:575}}
Aug 31 09:42:30 ubuntu neutron-server[128157]: DEBUG neutron.plugins.ml2.drivers.ovn.mech_driver.ovsdb.ovsdb_monitor [None req-86d4189f-2746-4466-83a9-ced649eb9551 None None] Hash Ring: Node 93083088-0467-4221-88f6-5849b426069c (host: ubuntu) handling event "create" for row a3eab5e6-3ce8-4256-b981-c504ad23dfbd (table: NB_Global) {{(pid=128157) notify /opt/stack/neutron/neutron/plugins/ml2/drivers/ovn/mech_driver/ovsdb/ovsdb_monitor.py:743}}
Aug 31 09:42:30 ubuntu neutron-server[127914]: INFO oslo_service.service [None req-dc93390c-343b-409a-a42e-2eb752bab97e None None] Starting 1 workers
Aug 31 09:42:30 ubuntu neutron-server[128157]: DEBUG neutron.plugins.ml2.drivers.ovn.mech_driver.ovsdb.ovsdb_monitor [None req-86d4189f-2746-4466-83a9-ced649eb9551 None None] Hash Ring: Node 93083088-0467-4221-88f6-5849b426069c (host: ubuntu) handling event "create" for row 3315f0e4-30c2-499e-b8eb-75293f7b56ce (table: ACL) {{(pid=128157) notify /opt/stack/neutron/neutron/plugins/ml2/drivers/ovn/mech_driver/ovsdb/ovsdb_monitor.py:743}}
Aug 31 09:42:30 ubuntu neutron-server[128157]: DEBUG neutron.plugins.ml2.drivers.ovn.mech_driver.ovsdb.ovsdb_monitor [None req-86d4189f-2746-4466-83a9-ced649eb9551 None None] Hash Ring: Node 93083088-0467-4221-88f6-5849b426069c (host: ubuntu) handling event "create" for row 549b294d-dfc4-4148-b312-4d553b814df0 (table: ACL) {{(pid=128157) notify /opt/stack/neutron/neutron/plugins/ml2/drivers/ovn/mech_driver/ovsdb/ovsdb_monitor.py:743}}
Aug 31 09:42:30 ubuntu neutron-server[128159]: INFO neutron.plugins.ml2.drivers.ovn.mech_driver.ovsdb.impl_idl_ovn [-] Getting OvsdbNbOvnIdl for RpcWorker with retry
Aug 31 09:42:30 ubuntu neutron-server[128157]: DEBUG neutron.plugins.ml2.drivers.ovn.mech_driver.ovsdb.ovsdb_monitor [None req-86d4189f-2746-4466-83a9-ced649eb9551 None None] Hash Ring: Node 93083088-0467-4221-88f6-5849b426069c (host: ubuntu) handling event "create" for row e1d7c69e-a686-4edb-bdab-fcdd1d8c9f7b (table: Connection) {{(pid=128157) notify /opt/stack/neutron/neutron/plugins/ml2/drivers/ovn/mech_driver/ovsdb/ovsdb_monitor.py:743}}
Aug 31 09:42:30 ubuntu neutron-server[128157]: INFO neutron.plugins.ml2.drivers.ovn.mech_driver.ovsdb.impl_idl_ovn [None req-86d4189f-2746-4466-83a9-ced649eb9551 None None] Getting OvsdbSbOvnIdl for WorkerService with retry
Aug 31 09:42:30 ubuntu neutron-server[127914]: DEBUG oslo_service.service [None req-dc93390c-343b-409a-a42e-2eb752bab97e None None] Started child 128160 {{(pid=127914) _start_child /usr/local/lib/python3.8/dist-packages/oslo_service/service.py:575}}
Aug 31 09:42:30 ubuntu neutron-server[128157]: DEBUG ovsdbapp.backend.ovs_idl [None req-86d4189f-2746-4466-83a9-ced649eb9551 None None] Created lookup_table index Chassis.name {{(pid=128157) autocreate_indices /usr/local/lib/python3.8/dist-packages/ovsdbapp/backend/ovs_idl/__init__.py:85}}
Aug 31 09:42:30 ubuntu neutron-server[127914]: INFO oslo_service.service [None req-dc93390c-343b-409a-a42e-2eb752bab97e None None] Starting 1 workers
Aug 31 09:42:30 ubuntu neutron-server[128157]: DEBUG ovsdbapp.backend.ovs_idl [None req-86d4189f-2746-4466-83a9-ced649eb9551 None None] Created schema index Datapath_Binding.tunnel_key {{(pid=128157) autocreate_indices /usr/local/lib/python3.8/dist-packages/ovsdbapp/backend/ovs_idl/__init__.py:104}}
Aug 31 09:42:30 ubuntu neutron-server[128157]: DEBUG ovsdbapp.backend.ovs_idl [None req-86d4189f-2746-4466-83a9-ced649eb9551 None None] Created schema index Connection.target {{(pid=128157) autocreate_indices /usr/local/lib/python3.8/dist-packages/ovsdbapp/backend/ovs_idl/__init__.py:104}}
Aug 31 09:42:30 ubuntu neutron-server[128157]: INFO ovsdbapp.backend.ovs_idl.vlog [None req-86d4189f-2746-4466-83a9-ced649eb9551 None None] tcp:192.168.79.43:6642: connecting...
Aug 31 09:42:30 ubuntu neutron-server[128157]: INFO ovsdbapp.backend.ovs_idl.vlog [None req-86d4189f-2746-4466-83a9-ced649eb9551 None None] tcp:192.168.79.43:6642: connected
Aug 31 09:42:30 ubuntu neutron-server[127914]: DEBUG oslo_service.service [None req-dc93390c-343b-409a-a42e-2eb752bab97e None None] Started child 128161 {{(pid=127914) _start_child /usr/local/lib/python3.8/dist-packages/oslo_service/service.py:575}}
Aug 31 09:42:30 ubuntu neutron-server[127914]: DEBUG neutron_lib.callbacks.manager [None req-dc93390c-343b-409a-a42e-2eb752bab97e None None] Publish callbacks [] for process (None), after_spawn {{(pid=127914) _notify_loop /usr/local/lib/python3.8/dist-packages/neutron_lib/callbacks/manager.py:176}}
