Aug 24 08:57:50 ubuntu neutron-server[133822]: DEBUG neutron.api.extensions [None req-c61c6310-7c34-49f2-a6b8-ebf2e0ebb24a None None] Ext name="Resource timestamps" alias="standard-attr-timestamp" description="Adds created_at and updated_at fields to all Neutron resources that have Neutron standard attributes." updated="2016-09-12T10:00:00-00:00" {{(pid=133822) _check_extension /opt/stack/neutron/neutron/api/extensions.py:416}}
Aug 24 08:57:50 ubuntu neutron-server[133822]: INFO neutron.api.extensions [None req-c61c6310-7c34-49f2-a6b8-ebf2e0ebb24a None None] Loaded extension: standard-attr-timestamp
Aug 24 08:57:50 ubuntu neutron-server[133822]: DEBUG neutron.api.extensions [None req-c61c6310-7c34-49f2-a6b8-ebf2e0ebb24a None None] Loading extension file: trunk.py {{(pid=133822) _load_all_extensions_from_path /opt/stack/neutron/neutron/api/extensions.py:450}}
Aug 24 08:57:50 ubuntu neutron-server[133822]: DEBUG neutron.api.extensions [None req-c61c6310-7c34-49f2-a6b8-ebf2e0ebb24a None None] Ext name="Trunk Extension" alias="trunk" description="Provides support for trunk ports" updated="2016-01-01T10:00:00-00:00" {{(pid=133822) _check_extension /opt/stack/neutron/neutron/api/extensions.py:416}}
Aug 24 08:57:50 ubuntu neutron-server[133822]: INFO neutron.api.extensions [None req-c61c6310-7c34-49f2-a6b8-ebf2e0ebb24a None None] Extension trunk not supported by any of loaded plugins
Aug 24 08:57:50 ubuntu neutron-server[133822]: DEBUG neutron.api.extensions [None req-c61c6310-7c34-49f2-a6b8-ebf2e0ebb24a None None] Loading extension file: trunk_details.py {{(pid=133822) _load_all_extensions_from_path /opt/stack/neutron/neutron/api/extensions.py:450}}
Aug 24 08:57:50 ubuntu neutron-server[133822]: DEBUG neutron.api.extensions [None req-c61c6310-7c34-49f2-a6b8-ebf2e0ebb24a None None] Ext name="Trunk port details" alias="trunk-details" description="Expose trunk port details" updated="2016-01-01T10:00:00-00:00" {{(pid=133822) _check_extension /opt/stack/neutron/neutron/api/extensions.py:416}}
Aug 24 08:57:50 ubuntu neutron-server[133822]: INFO neutron.api.extensions [None req-c61c6310-7c34-49f2-a6b8-ebf2e0ebb24a None None] Extension trunk-details not supported by any of loaded plugins
Aug 24 08:57:50 ubuntu neutron-server[133822]: DEBUG neutron.api.extensions [None req-c61c6310-7c34-49f2-a6b8-ebf2e0ebb24a None None] Loading extension file: uplink_status_propagation.py {{(pid=133822) _load_all_extensions_from_path /opt/stack/neutron/neutron/api/extensions.py:450}}
Aug 24 08:57:50 ubuntu neutron-server[133822]: DEBUG neutron.api.extensions [None req-c61c6310-7c34-49f2-a6b8-ebf2e0ebb24a None None] Ext name="Uplink status propagation extension" alias="uplink-status-propagation" description="Provides ability to propagate port uplink status." updated="2018-05-31T18:00:00-00:00" {{(pid=133822) _check_extension /opt/stack/neutron/neutron/api/extensions.py:416}}
Aug 24 08:57:50 ubuntu neutron-server[133822]: INFO neutron.api.extensions [None req-c61c6310-7c34-49f2-a6b8-ebf2e0ebb24a None None] Extension uplink-status-propagation not supported by any of loaded plugins
Aug 24 08:57:50 ubuntu neutron-server[133822]: DEBUG neutron.api.extensions [None req-c61c6310-7c34-49f2-a6b8-ebf2e0ebb24a None None] Loading extension file: vlantransparent.py {{(pid=133822) _load_all_extensions_from_path /opt/stack/neutron/neutron/api/extensions.py:450}}
Aug 24 08:57:50 ubuntu neutron-server[133822]: DEBUG neutron.api.extensions [None req-c61c6310-7c34-49f2-a6b8-ebf2e0ebb24a None None] Ext name="Vlantransparent" alias="vlan-transparent" description="Provides Vlan Transparent Networks" updated="2015-03-23T09:00:00-00:00" {{(pid=133822) _check_extension /opt/stack/neutron/neutron/api/extensions.py:416}}
Aug 24 08:57:50 ubuntu neutron-server[133822]: INFO neutron.api.extensions [None req-c61c6310-7c34-49f2-a6b8-ebf2e0ebb24a None None] Extension vlan-transparent not supported by any of loaded plugins
Aug 24 08:57:50 ubuntu neutron-server[133822]: INFO neutron.quota.resource_registry [None req-c61c6310-7c34-49f2-a6b8-ebf2e0ebb24a None None] Creating instance of TrackedResource for resource:network
Aug 24 08:57:50 ubuntu neutron-server[133822]: INFO neutron.quota.resource_registry [None req-c61c6310-7c34-49f2-a6b8-ebf2e0ebb24a None None] Creating instance of TrackedResource for resource:subnet
Aug 24 08:57:50 ubuntu neutron-server[133822]: INFO neutron.quota.resource_registry [None req-c61c6310-7c34-49f2-a6b8-ebf2e0ebb24a None None] Creating instance of TrackedResource for resource:subnetpool
Aug 24 08:57:50 ubuntu neutron-server[133822]: INFO neutron.quota.resource_registry [None req-c61c6310-7c34-49f2-a6b8-ebf2e0ebb24a None None] Creating instance of TrackedResource for resource:port
Aug 24 08:57:50 ubuntu neutron-server[133822]: DEBUG neutron.api.v2.resource_helper [None req-c61c6310-7c34-49f2-a6b8-ebf2e0ebb24a None None] Service FLAVORS assigned prefix:  {{(pid=133822) build_resource_info /opt/stack/neutron/neutron/api/v2/resource_helper.py:77}}
Aug 24 08:57:50 ubuntu neutron-server[133822]: DEBUG neutron.api.v2.resource_helper [None req-c61c6310-7c34-49f2-a6b8-ebf2e0ebb24a None None] Service L3_ROUTER_NAT assigned prefix:  {{(pid=133822) build_resource_info /opt/stack/neutron/neutron/api/v2/resource_helper.py:77}}
Aug 24 08:57:50 ubuntu neutron-server[133822]: DEBUG neutron.api.v2.resource_helper [None req-c61c6310-7c34-49f2-a6b8-ebf2e0ebb24a None None] Service L3_ROUTER_NAT assigned prefix:  {{(pid=133822) build_resource_info /opt/stack/neutron/neutron/api/v2/resource_helper.py:77}}
Aug 24 08:57:50 ubuntu neutron-server[133822]: INFO neutron.quota.resource_registry [None req-c61c6310-7c34-49f2-a6b8-ebf2e0ebb24a None None] Creating instance of TrackedResource for resource:router
Aug 24 08:57:50 ubuntu neutron-server[133822]: INFO neutron.quota.resource_registry [None req-c61c6310-7c34-49f2-a6b8-ebf2e0ebb24a None None] Creating instance of TrackedResource for resource:floatingip
Aug 24 08:57:50 ubuntu neutron-server[133822]: DEBUG neutron_lib.callbacks.manager [None req-c61c6310-7c34-49f2-a6b8-ebf2e0ebb24a None None] Subscribe: <bound method NeutronDbPluginV2.validate_network_rbac_policy_change of <neutron.services.network_ip_availability.plugin.NetworkIPAvailabilityPlugin object at 0x7f69f00d4df0>> rbac-policy before_create 55550000 {{(pid=133822) subscribe /usr/local/lib/python3.8/dist-packages/neutron_lib/callbacks/manager.py:45}}
Aug 24 08:57:50 ubuntu neutron-server[133822]: DEBUG neutron_lib.callbacks.manager [None req-c61c6310-7c34-49f2-a6b8-ebf2e0ebb24a None None] Subscribe: <bound method NeutronDbPluginV2.validate_network_rbac_policy_change of <neutron.services.network_ip_availability.plugin.NetworkIPAvailabilityPlugin object at 0x7f69f00d4df0>> rbac-policy before_update 55550000 {{(pid=133822) subscribe /usr/local/lib/python3.8/dist-packages/neutron_lib/callbacks/manager.py:45}}
Aug 24 08:57:50 ubuntu neutron-server[133822]: DEBUG neutron_lib.callbacks.manager [None req-c61c6310-7c34-49f2-a6b8-ebf2e0ebb24a None None] Subscribe: <bound method NeutronDbPluginV2.validate_network_rbac_policy_change of <neutron.services.network_ip_availability.plugin.NetworkIPAvailabilityPlugin object at 0x7f69f00d4df0>> rbac-policy before_delete 55550000 {{(pid=133822) subscribe /usr/local/lib/python3.8/dist-packages/neutron_lib/callbacks/manager.py:45}}
Aug 24 08:57:50 ubuntu neutron-server[133822]: INFO neutron.quota.resource_registry [None req-c61c6310-7c34-49f2-a6b8-ebf2e0ebb24a None None] Creating instance of CountableResource for resource:rbac_policy
Aug 24 08:57:50 ubuntu neutron-server[133822]: INFO neutron.quota.resource_registry [None req-c61c6310-7c34-49f2-a6b8-ebf2e0ebb24a None None] Creating instance of TrackedResource for resource:security_group
Aug 24 08:57:50 ubuntu neutron-server[133822]: INFO neutron.quota.resource_registry [None req-c61c6310-7c34-49f2-a6b8-ebf2e0ebb24a None None] Creating instance of TrackedResource for resource:security_group_rule
Aug 24 08:57:50 ubuntu neutron-server[133822]: DEBUG neutron.api.v2.resource_helper [None req-c61c6310-7c34-49f2-a6b8-ebf2e0ebb24a None None] Service FLAVORS assigned prefix:  {{(pid=133822) build_resource_info /opt/stack/neutron/neutron/api/v2/resource_helper.py:77}}
Aug 24 08:57:50 ubuntu neutron-server[133822]: DEBUG neutron.api.v2.resource_helper [None req-c61c6310-7c34-49f2-a6b8-ebf2e0ebb24a None None] Service L3_ROUTER_NAT assigned prefix:  {{(pid=133822) build_resource_info /opt/stack/neutron/neutron/api/v2/resource_helper.py:77}}
Aug 24 08:57:50 ubuntu neutron-server[133822]: DEBUG neutron.api.v2.resource_helper [None req-c61c6310-7c34-49f2-a6b8-ebf2e0ebb24a None None] Service L3_ROUTER_NAT assigned prefix:  {{(pid=133822) build_resource_info /opt/stack/neutron/neutron/api/v2/resource_helper.py:77}}
Aug 24 08:57:50 ubuntu neutron-server[133822]: INFO neutron.quota.resource_registry [None req-c61c6310-7c34-49f2-a6b8-ebf2e0ebb24a None None] Creating instance of TrackedResource for resource:router
Aug 24 08:57:50 ubuntu neutron-server[133822]: WARNING neutron.quota.resource_registry [None req-c61c6310-7c34-49f2-a6b8-ebf2e0ebb24a None None] router is already registered
Aug 24 08:57:50 ubuntu neutron-server[133822]: INFO neutron.quota.resource_registry [None req-c61c6310-7c34-49f2-a6b8-ebf2e0ebb24a None None] Creating instance of TrackedResource for resource:floatingip
Aug 24 08:57:50 ubuntu neutron-server[133822]: WARNING neutron.quota.resource_registry [None req-c61c6310-7c34-49f2-a6b8-ebf2e0ebb24a None None] floatingip is already registered
Aug 24 08:57:50 ubuntu neutron-server[133822]: INFO neutron.quota.resource_registry [None req-c61c6310-7c34-49f2-a6b8-ebf2e0ebb24a None None] Creating instance of CountableResource for resource:rbac_policy
Aug 24 08:57:50 ubuntu neutron-server[133822]: WARNING neutron.quota.resource_registry [None req-c61c6310-7c34-49f2-a6b8-ebf2e0ebb24a None None] rbac_policy is already registered
Aug 24 08:57:50 ubuntu neutron-server[133822]: INFO neutron.quota.resource_registry [None req-c61c6310-7c34-49f2-a6b8-ebf2e0ebb24a None None] Creating instance of TrackedResource for resource:security_group
Aug 24 08:57:50 ubuntu neutron-server[133822]: WARNING neutron.quota.resource_registry [None req-c61c6310-7c34-49f2-a6b8-ebf2e0ebb24a None None] security_group is already registered
Aug 24 08:57:50 ubuntu neutron-server[133822]: INFO neutron.quota.resource_registry [None req-c61c6310-7c34-49f2-a6b8-ebf2e0ebb24a None None] Creating instance of TrackedResource for resource:security_group_rule
Aug 24 08:57:50 ubuntu neutron-server[133822]: WARNING neutron.quota.resource_registry [None req-c61c6310-7c34-49f2-a6b8-ebf2e0ebb24a None None] security_group_rule is already registered
Aug 24 08:57:50 ubuntu neutron-server[133822]: DEBUG neutron.api.extensions [None req-c61c6310-7c34-49f2-a6b8-ebf2e0ebb24a None None] Extended resource: extensions {{(pid=133822) __init__ /opt/stack/neutron/neutron/api/extensions.py:157}}
Aug 24 08:57:50 ubuntu neutron-server[133822]: DEBUG neutron.api.extensions [None req-c61c6310-7c34-49f2-a6b8-ebf2e0ebb24a None None] Extended resource: address-groups {{(pid=133822) __init__ /opt/stack/neutron/neutron/api/extensions.py:157}}
Aug 24 08:57:50 ubuntu neutron-server[133822]: DEBUG neutron.api.extensions [None req-c61c6310-7c34-49f2-a6b8-ebf2e0ebb24a None None] Extended resource: address-scopes {{(pid=133822) __init__ /opt/stack/neutron/neutron/api/extensions.py:157}}
Aug 24 08:57:50 ubuntu neutron-server[133822]: DEBUG neutron.api.extensions [None req-c61c6310-7c34-49f2-a6b8-ebf2e0ebb24a None None] Extended resource: agents {{(pid=133822) __init__ /opt/stack/neutron/neutron/api/extensions.py:157}}
Aug 24 08:57:50 ubuntu neutron-server[133822]: DEBUG neutron.api.extensions [None req-c61c6310-7c34-49f2-a6b8-ebf2e0ebb24a None None] Extended resource: auto-allocated-topology {{(pid=133822) __init__ /opt/stack/neutron/neutron/api/extensions.py:157}}
Aug 24 08:57:50 ubuntu neutron-server[133822]: DEBUG neutron.api.extensions [None req-c61c6310-7c34-49f2-a6b8-ebf2e0ebb24a None None] Extended resource: availability_zones {{(pid=133822) __init__ /opt/stack/neutron/neutron/api/extensions.py:157}}
Aug 24 08:57:50 ubuntu neutron-server[133822]: DEBUG neutron.api.extensions [None req-c61c6310-7c34-49f2-a6b8-ebf2e0ebb24a None None] Extended resource: flavors {{(pid=133822) __init__ /opt/stack/neutron/neutron/api/extensions.py:157}}
Aug 24 08:57:50 ubuntu neutron-server[133822]: DEBUG neutron.api.extensions [None req-c61c6310-7c34-49f2-a6b8-ebf2e0ebb24a None None] Extended resource: service_profiles {{(pid=133822) __init__ /opt/stack/neutron/neutron/api/extensions.py:157}}
Aug 24 08:57:50 ubuntu neutron-server[133822]: DEBUG neutron.api.extensions [None req-c61c6310-7c34-49f2-a6b8-ebf2e0ebb24a None None] Extended resource: next_providers {{(pid=133822) __init__ /opt/stack/neutron/neutron/api/extensions.py:157}}
Aug 24 08:57:50 ubuntu neutron-server[133822]: DEBUG neutron.api.extensions [None req-c61c6310-7c34-49f2-a6b8-ebf2e0ebb24a None None] Extended resource: service_profiles {{(pid=133822) __init__ /opt/stack/neutron/neutron/api/extensions.py:157}}
Aug 24 08:57:50 ubuntu neutron-server[133822]: DEBUG neutron.api.extensions [None req-c61c6310-7c34-49f2-a6b8-ebf2e0ebb24a None None] Extended resource: floatingip-pools {{(pid=133822) __init__ /opt/stack/neutron/neutron/api/extensions.py:157}}
Aug 24 08:57:50 ubuntu neutron-server[133822]: DEBUG neutron.api.extensions [None req-c61c6310-7c34-49f2-a6b8-ebf2e0ebb24a None None] Extended resource: routers {{(pid=133822) __init__ /opt/stack/neutron/neutron/api/extensions.py:157}}
Aug 24 08:57:50 ubuntu neutron-server[133822]: DEBUG neutron.api.extensions [None req-c61c6310-7c34-49f2-a6b8-ebf2e0ebb24a None None] Extended resource: floatingips {{(pid=133822) __init__ /opt/stack/neutron/neutron/api/extensions.py:157}}
Aug 24 08:57:50 ubuntu neutron-server[133822]: DEBUG neutron.api.extensions [None req-c61c6310-7c34-49f2-a6b8-ebf2e0ebb24a None None] Extended resource: network-ip-availabilities {{(pid=133822) __init__ /opt/stack/neutron/neutron/api/extensions.py:157}}
Aug 24 08:57:50 ubuntu neutron-server[133822]: DEBUG neutron.api.extensions [None req-c61c6310-7c34-49f2-a6b8-ebf2e0ebb24a None None] Extended resource: bindings {{(pid=133822) __init__ /opt/stack/neutron/neutron/api/extensions.py:157}}
Aug 24 08:57:50 ubuntu neutron-server[133822]: DEBUG neutron.api.extensions [None req-c61c6310-7c34-49f2-a6b8-ebf2e0ebb24a None None] Extended resource: quotas {{(pid=133822) __init__ /opt/stack/neutron/neutron/api/extensions.py:157}}
Aug 24 08:57:50 ubuntu neutron-server[133822]: DEBUG neutron.api.extensions [None req-c61c6310-7c34-49f2-a6b8-ebf2e0ebb24a None None] Extended resource: quotas {{(pid=133822) __init__ /opt/stack/neutron/neutron/api/extensions.py:157}}
Aug 24 08:57:50 ubuntu neutron-server[133822]: DEBUG neutron.api.extensions [None req-c61c6310-7c34-49f2-a6b8-ebf2e0ebb24a None None] Extended resource: rbac-policies {{(pid=133822) __init__ /opt/stack/neutron/neutron/api/extensions.py:157}}
Aug 24 08:57:50 ubuntu neutron-server[133822]: DEBUG neutron.api.extensions [None req-c61c6310-7c34-49f2-a6b8-ebf2e0ebb24a None None] Extended resource: security-groups {{(pid=133822) __init__ /opt/stack/neutron/neutron/api/extensions.py:157}}
Aug 24 08:57:50 ubuntu neutron-server[133822]: DEBUG neutron.api.extensions [None req-c61c6310-7c34-49f2-a6b8-ebf2e0ebb24a None None] Extended resource: security-group-rules {{(pid=133822) __init__ /opt/stack/neutron/neutron/api/extensions.py:157}}
Aug 24 08:57:50 ubuntu neutron-server[133822]: DEBUG neutron.api.extensions [None req-c61c6310-7c34-49f2-a6b8-ebf2e0ebb24a None None] Extended resource: service-providers {{(pid=133822) __init__ /opt/stack/neutron/neutron/api/extensions.py:157}}
Aug 24 08:57:50 ubuntu neutron-server[133822]: DEBUG neutron.api.extensions [None req-c61c6310-7c34-49f2-a6b8-ebf2e0ebb24a None None] Extended resource: tags {{(pid=133822) __init__ /opt/stack/neutron/neutron/api/extensions.py:157}}
Aug 24 08:57:50 ubuntu neutron-server[133822]: DEBUG neutron.api.extensions [None req-c61c6310-7c34-49f2-a6b8-ebf2e0ebb24a None None] Extended resource: tags {{(pid=133822) __init__ /opt/stack/neutron/neutron/api/extensions.py:157}}
Aug 24 08:57:50 ubuntu neutron-server[133822]: DEBUG neutron.api.extensions [None req-c61c6310-7c34-49f2-a6b8-ebf2e0ebb24a None None] Extended resource: tags {{(pid=133822) __init__ /opt/stack/neutron/neutron/api/extensions.py:157}}
Aug 24 08:57:50 ubuntu neutron-server[133822]: DEBUG neutron.api.extensions [None req-c61c6310-7c34-49f2-a6b8-ebf2e0ebb24a None None] Extended resource: tags {{(pid=133822) __init__ /opt/stack/neutron/neutron/api/extensions.py:157}}
Aug 24 08:57:50 ubuntu neutron-server[133822]: DEBUG neutron.api.extensions [None req-c61c6310-7c34-49f2-a6b8-ebf2e0ebb24a None None] Extended resource: tags {{(pid=133822) __init__ /opt/stack/neutron/neutron/api/extensions.py:157}}
Aug 24 08:57:50 ubuntu neutron-server[133822]: DEBUG neutron.api.extensions [None req-c61c6310-7c34-49f2-a6b8-ebf2e0ebb24a None None] Extended resource: tags {{(pid=133822) __init__ /opt/stack/neutron/neutron/api/extensions.py:157}}
Aug 24 08:57:50 ubuntu neutron-server[133822]: DEBUG neutron.api.extensions [None req-c61c6310-7c34-49f2-a6b8-ebf2e0ebb24a None None] Extended resource: tags {{(pid=133822) __init__ /opt/stack/neutron/neutron/api/extensions.py:157}}
Aug 24 08:57:50 ubuntu neutron-server[133822]: DEBUG neutron.api.extensions [None req-c61c6310-7c34-49f2-a6b8-ebf2e0ebb24a None None] Extended resource: tags {{(pid=133822) __init__ /opt/stack/neutron/neutron/api/extensions.py:157}}
Aug 24 08:57:50 ubuntu neutron-server[133822]: DEBUG neutron.api.extensions [None req-c61c6310-7c34-49f2-a6b8-ebf2e0ebb24a None None] Extended resource: tags {{(pid=133822) __init__ /opt/stack/neutron/neutron/api/extensions.py:157}}
Aug 24 08:57:50 ubuntu neutron-server[133822]: DEBUG neutron.api.extensions [None req-c61c6310-7c34-49f2-a6b8-ebf2e0ebb24a None None] Extended resource: tags {{(pid=133822) __init__ /opt/stack/neutron/neutron/api/extensions.py:157}}
Aug 24 08:57:50 ubuntu neutron-server[133822]: WARNING keystonemiddleware.auth_token [None req-c61c6310-7c34-49f2-a6b8-ebf2e0ebb24a None None] AuthToken middleware is set with keystone_authtoken.service_token_roles_required set to False. This is backwards compatible but deprecated behaviour. Please set this to True.
Aug 24 08:57:50 ubuntu neutron-server[133822]: WARNING keystonemiddleware.auth_token [None req-c61c6310-7c34-49f2-a6b8-ebf2e0ebb24a None None] Configuring www_authenticate_uri to point to the public identity endpoint is required; clients may not be able to authenticate against an admin endpoint
Aug 24 08:57:50 ubuntu neutron-server[133822]: DEBUG oslo_concurrency.lockutils [None req-c61c6310-7c34-49f2-a6b8-ebf2e0ebb24a None None] Acquiring lock "singleton_lock" {{(pid=133822) lock /usr/local/lib/python3.8/dist-packages/oslo_concurrency/lockutils.py:293}}
Aug 24 08:57:50 ubuntu neutron-server[133822]: DEBUG oslo_concurrency.lockutils [None req-c61c6310-7c34-49f2-a6b8-ebf2e0ebb24a None None] Acquired lock "singleton_lock" {{(pid=133822) lock /usr/local/lib/python3.8/dist-packages/oslo_concurrency/lockutils.py:296}}
Aug 24 08:57:50 ubuntu neutron-server[133822]: DEBUG oslo_concurrency.lockutils [None req-c61c6310-7c34-49f2-a6b8-ebf2e0ebb24a None None] Releasing lock "singleton_lock" {{(pid=133822) lock /usr/local/lib/python3.8/dist-packages/oslo_concurrency/lockutils.py:314}}
Aug 24 08:57:50 ubuntu neutron-server[133822]: INFO oslo_service.service [None req-c61c6310-7c34-49f2-a6b8-ebf2e0ebb24a None None] Starting 2 workers
Aug 24 08:57:50 ubuntu neutron-server[133822]: DEBUG oslo_service.service [None req-c61c6310-7c34-49f2-a6b8-ebf2e0ebb24a None None] Started child 134050 {{(pid=133822) _start_child /usr/local/lib/python3.8/dist-packages/oslo_service/service.py:575}}
Aug 24 08:57:50 ubuntu neutron-server[133822]: DEBUG oslo_service.service [None req-c61c6310-7c34-49f2-a6b8-ebf2e0ebb24a None None] Started child 134051 {{(pid=133822) _start_child /usr/local/lib/python3.8/dist-packages/oslo_service/service.py:575}}
Aug 24 08:57:50 ubuntu neutron-server[133822]: INFO neutron.service [None req-c61c6310-7c34-49f2-a6b8-ebf2e0ebb24a None None] Neutron service started, listening on 0.0.0.0:9696
Aug 24 08:57:50 ubuntu neutron-server[133822]: DEBUG neutron_lib.callbacks.manager [None req-c61c6310-7c34-49f2-a6b8-ebf2e0ebb24a None None] Publish callbacks ['neutron.plugins.ml2.drivers.ovn.mech_driver.mech_driver.OVNMechanismDriver.pre_fork_initialize-545810'] for process (None), before_spawn {{(pid=133822) _notify_loop /usr/local/lib/python3.8/dist-packages/neutron_lib/callbacks/manager.py:176}}
Aug 24 08:57:50 ubuntu neutron-server[134051]: DEBUG neutron_lib.callbacks.manager [-] Publish callbacks ['neutron.plugins.ml2.drivers.ovn.mech_driver.mech_driver.OVNMechanismDriver.post_fork_initialize-547066'] for process (None), after_init {{(pid=134051) _notify_loop /usr/local/lib/python3.8/dist-packages/neutron_lib/callbacks/manager.py:176}}
Aug 24 08:57:50 ubuntu neutron-server[134050]: DEBUG neutron_lib.callbacks.manager [-] Publish callbacks ['neutron.plugins.ml2.drivers.ovn.mech_driver.mech_driver.OVNMechanismDriver.post_fork_initialize-547066'] for process (None), after_init {{(pid=134050) _notify_loop /usr/local/lib/python3.8/dist-packages/neutron_lib/callbacks/manager.py:176}}
Aug 24 08:57:50 ubuntu neutron-server[134050]: DEBUG dbcounter [-] [134050] Writer thread running {{(pid=134050) stat_writer /usr/local/lib/python3.8/dist-packages/dbcounter.py:99}}
Aug 24 08:57:50 ubuntu neutron-server[134051]: DEBUG dbcounter [-] [134051] Writer thread running {{(pid=134051) stat_writer /usr/local/lib/python3.8/dist-packages/dbcounter.py:99}}
Aug 24 08:57:50 ubuntu neutron-server[133822]: DEBUG ovsdbapp.backend.ovs_idl [None req-c61c6310-7c34-49f2-a6b8-ebf2e0ebb24a None None] Created schema index Port_Group.name {{(pid=133822) autocreate_indices /usr/local/lib/python3.8/dist-packages/ovsdbapp/backend/ovs_idl/__init__.py:104}}
Aug 24 08:57:50 ubuntu neutron-server[133822]: DEBUG ovsdbapp.backend.ovs_idl [None req-c61c6310-7c34-49f2-a6b8-ebf2e0ebb24a None None] Created schema index Logical_Switch_Port.name {{(pid=133822) autocreate_indices /usr/local/lib/python3.8/dist-packages/ovsdbapp/backend/ovs_idl/__init__.py:104}}
Aug 24 08:57:50 ubuntu neutron-server[134050]: INFO neutron.plugins.ml2.drivers.ovn.mech_driver.ovsdb.impl_idl_ovn [None req-7fb47e5f-74e1-48ca-a123-fdfe7c9e0339 None None] Getting OvsdbNbOvnIdl for WorkerService with retry
Aug 24 08:57:50 ubuntu neutron-server[134051]: INFO neutron.plugins.ml2.drivers.ovn.mech_driver.ovsdb.impl_idl_ovn [None req-0e14dc83-d482-4816-834c-996a593054e9 None None] Getting OvsdbNbOvnIdl for WorkerService with retry
Aug 24 08:57:50 ubuntu neutron-server[133822]: DEBUG ovsdbapp.backend.ovs_idl.transaction [-] Running txn n=1 command(idx=0): PgAddCommand(name=neutron_pg_drop, may_exist=True, columns={'acls': []}) {{(pid=133822) do_commit /usr/local/lib/python3.8/dist-packages/ovsdbapp/backend/ovs_idl/transaction.py:90}}
Aug 24 08:57:50 ubuntu neutron-server[133822]: DEBUG ovsdbapp.backend.ovs_idl.transaction [-] Running txn n=1 command(idx=1): PgAclAddCommand(entity=neutron_pg_drop, direction=from-lport, priority=1001, match=inport == @neutron_pg_drop && ip, action=drop, log=False, may_exist=True, severity=[], name=[], meter=None, external_ids={}) {{(pid=133822) do_commit /usr/local/lib/python3.8/dist-packages/ovsdbapp/backend/ovs_idl/transaction.py:90}}
Aug 24 08:57:50 ubuntu neutron-server[133822]: DEBUG ovsdbapp.backend.ovs_idl.transaction [-] Running txn n=1 command(idx=2): PgAclAddCommand(entity=neutron_pg_drop, direction=to-lport, priority=1001, match=outport == @neutron_pg_drop && ip, action=drop, log=False, may_exist=True, severity=[], name=[], meter=None, external_ids={}) {{(pid=133822) do_commit /usr/local/lib/python3.8/dist-packages/ovsdbapp/backend/ovs_idl/transaction.py:90}}
Aug 24 08:57:50 ubuntu neutron-server[133822]: DEBUG ovsdbapp.backend.ovs_idl.transaction [-] OVSDB transaction returned TRY_AGAIN, retrying {{(pid=133822) do_commit /usr/local/lib/python3.8/dist-packages/ovsdbapp/backend/ovs_idl/transaction.py:107}}
Aug 24 08:57:50 ubuntu neutron-server[134050]: DEBUG ovsdbapp.backend.ovs_idl [None req-7fb47e5f-74e1-48ca-a123-fdfe7c9e0339 None None] Created lookup_table index Logical_Switch.name {{(pid=134050) autocreate_indices /usr/local/lib/python3.8/dist-packages/ovsdbapp/backend/ovs_idl/__init__.py:85}}
Aug 24 08:57:50 ubuntu neutron-server[134051]: DEBUG ovsdbapp.backend.ovs_idl [None req-0e14dc83-d482-4816-834c-996a593054e9 None None] Created lookup_table index Logical_Switch.name {{(pid=134051) autocreate_indices /usr/local/lib/python3.8/dist-packages/ovsdbapp/backend/ovs_idl/__init__.py:85}}
Aug 24 08:57:50 ubuntu neutron-server[134050]: DEBUG ovsdbapp.backend.ovs_idl [None req-7fb47e5f-74e1-48ca-a123-fdfe7c9e0339 None None] Created lookup_table index Logical_Router.name {{(pid=134050) autocreate_indices /usr/local/lib/python3.8/dist-packages/ovsdbapp/backend/ovs_idl/__init__.py:85}}
Aug 24 08:57:50 ubuntu neutron-server[134050]: DEBUG ovsdbapp.backend.ovs_idl [None req-7fb47e5f-74e1-48ca-a123-fdfe7c9e0339 None None] Created lookup_table index Load_Balancer.name {{(pid=134050) autocreate_indices /usr/local/lib/python3.8/dist-packages/ovsdbapp/backend/ovs_idl/__init__.py:85}}
Aug 24 08:57:50 ubuntu neutron-server[134051]: DEBUG ovsdbapp.backend.ovs_idl [None req-0e14dc83-d482-4816-834c-996a593054e9 None None] Created lookup_table index Logical_Router.name {{(pid=134051) autocreate_indices /usr/local/lib/python3.8/dist-packages/ovsdbapp/backend/ovs_idl/__init__.py:85}}
Aug 24 08:57:50 ubuntu neutron-server[134050]: DEBUG ovsdbapp.backend.ovs_idl [None req-7fb47e5f-74e1-48ca-a123-fdfe7c9e0339 None None] Created schema index Meter.name {{(pid=134050) autocreate_indices /usr/local/lib/python3.8/dist-packages/ovsdbapp/backend/ovs_idl/__init__.py:104}}
Aug 24 08:57:50 ubuntu neutron-server[134051]: DEBUG ovsdbapp.backend.ovs_idl [None req-0e14dc83-d482-4816-834c-996a593054e9 None None] Created lookup_table index Load_Balancer.name {{(pid=134051) autocreate_indices /usr/local/lib/python3.8/dist-packages/ovsdbapp/backend/ovs_idl/__init__.py:85}}
Aug 24 08:57:50 ubuntu neutron-server[134050]: DEBUG ovsdbapp.backend.ovs_idl [None req-7fb47e5f-74e1-48ca-a123-fdfe7c9e0339 None None] Created schema index Address_Set.name {{(pid=134050) autocreate_indices /usr/local/lib/python3.8/dist-packages/ovsdbapp/backend/ovs_idl/__init__.py:104}}
Aug 24 08:57:50 ubuntu neutron-server[134051]: DEBUG ovsdbapp.backend.ovs_idl [None req-0e14dc83-d482-4816-834c-996a593054e9 None None] Created schema index Meter.name {{(pid=134051) autocreate_indices /usr/local/lib/python3.8/dist-packages/ovsdbapp/backend/ovs_idl/__init__.py:104}}
Aug 24 08:57:50 ubuntu neutron-server[134050]: DEBUG ovsdbapp.backend.ovs_idl [None req-7fb47e5f-74e1-48ca-a123-fdfe7c9e0339 None None] Created schema index HA_Chassis_Group.name {{(pid=134050) autocreate_indices /usr/local/lib/python3.8/dist-packages/ovsdbapp/backend/ovs_idl/__init__.py:104}}
Aug 24 08:57:50 ubuntu neutron-server[134051]: DEBUG ovsdbapp.backend.ovs_idl [None req-0e14dc83-d482-4816-834c-996a593054e9 None None] Created schema index Address_Set.name {{(pid=134051) autocreate_indices /usr/local/lib/python3.8/dist-packages/ovsdbapp/backend/ovs_idl/__init__.py:104}}
Aug 24 08:57:50 ubuntu neutron-server[134050]: DEBUG ovsdbapp.backend.ovs_idl [None req-7fb47e5f-74e1-48ca-a123-fdfe7c9e0339 None None] Created schema index Connection.target {{(pid=134050) autocreate_indices /usr/local/lib/python3.8/dist-packages/ovsdbapp/backend/ovs_idl/__init__.py:104}}
Aug 24 08:57:50 ubuntu neutron-server[134051]: DEBUG ovsdbapp.backend.ovs_idl [None req-0e14dc83-d482-4816-834c-996a593054e9 None None] Created schema index HA_Chassis_Group.name {{(pid=134051) autocreate_indices /usr/local/lib/python3.8/dist-packages/ovsdbapp/backend/ovs_idl/__init__.py:104}}
Aug 24 08:57:50 ubuntu neutron-server[134050]: DEBUG ovsdbapp.backend.ovs_idl [None req-7fb47e5f-74e1-48ca-a123-fdfe7c9e0339 None None] Created schema index Gateway_Chassis.name {{(pid=134050) autocreate_indices /usr/local/lib/python3.8/dist-packages/ovsdbapp/backend/ovs_idl/__init__.py:104}}
Aug 24 08:57:50 ubuntu neutron-server[134051]: DEBUG ovsdbapp.backend.ovs_idl [None req-0e14dc83-d482-4816-834c-996a593054e9 None None] Created schema index Connection.target {{(pid=134051) autocreate_indices /usr/local/lib/python3.8/dist-packages/ovsdbapp/backend/ovs_idl/__init__.py:104}}
Aug 24 08:57:50 ubuntu neutron-server[134050]: DEBUG ovsdbapp.backend.ovs_idl [None req-7fb47e5f-74e1-48ca-a123-fdfe7c9e0339 None None] Created schema index Logical_Router_Port.name {{(pid=134050) autocreate_indices /usr/local/lib/python3.8/dist-packages/ovsdbapp/backend/ovs_idl/__init__.py:104}}
Aug 24 08:57:50 ubuntu neutron-server[134051]: DEBUG ovsdbapp.backend.ovs_idl [None req-0e14dc83-d482-4816-834c-996a593054e9 None None] Created schema index Gateway_Chassis.name {{(pid=134051) autocreate_indices /usr/local/lib/python3.8/dist-packages/ovsdbapp/backend/ovs_idl/__init__.py:104}}
Aug 24 08:57:50 ubuntu neutron-server[134050]: DEBUG ovsdbapp.backend.ovs_idl [None req-7fb47e5f-74e1-48ca-a123-fdfe7c9e0339 None None] Created schema index Port_Group.name {{(pid=134050) autocreate_indices /usr/local/lib/python3.8/dist-packages/ovsdbapp/backend/ovs_idl/__init__.py:104}}
Aug 24 08:57:50 ubuntu neutron-server[134051]: DEBUG ovsdbapp.backend.ovs_idl [None req-0e14dc83-d482-4816-834c-996a593054e9 None None] Created schema index Logical_Router_Port.name {{(pid=134051) autocreate_indices /usr/local/lib/python3.8/dist-packages/ovsdbapp/backend/ovs_idl/__init__.py:104}}
Aug 24 08:57:50 ubuntu neutron-server[134050]: DEBUG ovsdbapp.backend.ovs_idl [None req-7fb47e5f-74e1-48ca-a123-fdfe7c9e0339 None None] Created schema index Logical_Switch_Port.name {{(pid=134050) autocreate_indices /usr/local/lib/python3.8/dist-packages/ovsdbapp/backend/ovs_idl/__init__.py:104}}
Aug 24 08:57:50 ubuntu neutron-server[134051]: DEBUG ovsdbapp.backend.ovs_idl [None req-0e14dc83-d482-4816-834c-996a593054e9 None None] Created schema index Port_Group.name {{(pid=134051) autocreate_indices /usr/local/lib/python3.8/dist-packages/ovsdbapp/backend/ovs_idl/__init__.py:104}}
Aug 24 08:57:50 ubuntu neutron-server[134051]: DEBUG ovsdbapp.backend.ovs_idl [None req-0e14dc83-d482-4816-834c-996a593054e9 None None] Created schema index Logical_Switch_Port.name {{(pid=134051) autocreate_indices /usr/local/lib/python3.8/dist-packages/ovsdbapp/backend/ovs_idl/__init__.py:104}}
Aug 24 08:57:50 ubuntu neutron-server[134051]: INFO ovsdbapp.backend.ovs_idl.vlog [None req-0e14dc83-d482-4816-834c-996a593054e9 None None] tcp:192.168.79.49:6641: connecting...
Aug 24 08:57:50 ubuntu neutron-server[134050]: INFO ovsdbapp.backend.ovs_idl.vlog [None req-7fb47e5f-74e1-48ca-a123-fdfe7c9e0339 None None] tcp:192.168.79.49:6641: connecting...
Aug 24 08:57:50 ubuntu neutron-server[134051]: INFO ovsdbapp.backend.ovs_idl.vlog [None req-0e14dc83-d482-4816-834c-996a593054e9 None None] tcp:192.168.79.49:6641: connected
Aug 24 08:57:50 ubuntu neutron-server[134050]: INFO ovsdbapp.backend.ovs_idl.vlog [None req-7fb47e5f-74e1-48ca-a123-fdfe7c9e0339 None None] tcp:192.168.79.49:6641: connected
Aug 24 08:57:50 ubuntu neutron-server[134051]: DEBUG neutron.common.ovn.hash_ring_manager [None req-0e14dc83-d482-4816-834c-996a593054e9 None None] Allow caching, nodes 2>=2 {{(pid=134051) _wait_startup_before_caching /opt/stack/neutron/neutron/common/ovn/hash_ring_manager.py:60}}
Aug 24 08:57:50 ubuntu neutron-server[134050]: DEBUG neutron.common.ovn.hash_ring_manager [None req-7fb47e5f-74e1-48ca-a123-fdfe7c9e0339 None None] Allow caching, nodes 2>=2 {{(pid=134050) _wait_startup_before_caching /opt/stack/neutron/neutron/common/ovn/hash_ring_manager.py:60}}
Aug 24 08:57:50 ubuntu neutron-server[134051]: DEBUG neutron.plugins.ml2.drivers.ovn.mech_driver.ovsdb.ovsdb_monitor [None req-0e14dc83-d482-4816-834c-996a593054e9 None None] Hash Ring: Node 592386ef-18bb-4615-9303-9c85b6681c6e (host: ubuntu) handling event "create" for row 6289d120-463c-4c83-b641-150dd25f5cb6 (table: Database) {{(pid=134051) notify /opt/stack/neutron/neutron/plugins/ml2/drivers/ovn/mech_driver/ovsdb/ovsdb_monitor.py:743}}
Aug 24 08:57:50 ubuntu neutron-server[134051]: DEBUG neutron.plugins.ml2.drivers.ovn.mech_driver.ovsdb.ovsdb_monitor [None req-0e14dc83-d482-4816-834c-996a593054e9 None None] Hash Ring: Node 592386ef-18bb-4615-9303-9c85b6681c6e (host: ubuntu) handling event "create" for row fbf31cc4-07e0-40d2-a950-6b95103240d7 (table: Database) {{(pid=134051) notify /opt/stack/neutron/neutron/plugins/ml2/drivers/ovn/mech_driver/ovsdb/ovsdb_monitor.py:743}}
Aug 24 08:57:50 ubuntu neutron-server[134050]: INFO neutron.plugins.ml2.drivers.ovn.mech_driver.ovsdb.impl_idl_ovn [None req-7fb47e5f-74e1-48ca-a123-fdfe7c9e0339 None None] Getting OvsdbSbOvnIdl for WorkerService with retry
Aug 24 08:57:50 ubuntu neutron-server[134051]: DEBUG neutron.plugins.ml2.drivers.ovn.mech_driver.ovsdb.ovsdb_monitor [None req-0e14dc83-d482-4816-834c-996a593054e9 None None] Hash Ring: Node 592386ef-18bb-4615-9303-9c85b6681c6e (host: ubuntu) handling event "create" for row 140a8156-7186-46c8-acc9-e013226f2962 (table: NB_Global) {{(pid=134051) notify /opt/stack/neutron/neutron/plugins/ml2/drivers/ovn/mech_driver/ovsdb/ovsdb_monitor.py:743}}
Aug 24 08:57:50 ubuntu neutron-server[134051]: DEBUG neutron.plugins.ml2.drivers.ovn.mech_driver.ovsdb.ovsdb_monitor [None req-0e14dc83-d482-4816-834c-996a593054e9 None None] Hash Ring: Node 592386ef-18bb-4615-9303-9c85b6681c6e (host: ubuntu) handling event "create" for row 7d1ce661-dbf5-4e26-90d7-e1ce64724eac (table: Connection) {{(pid=134051) notify /opt/stack/neutron/neutron/plugins/ml2/drivers/ovn/mech_driver/ovsdb/ovsdb_monitor.py:743}}
Aug 24 08:57:50 ubuntu neutron-server[134051]: INFO neutron.plugins.ml2.drivers.ovn.mech_driver.ovsdb.impl_idl_ovn [None req-0e14dc83-d482-4816-834c-996a593054e9 None None] Getting OvsdbSbOvnIdl for WorkerService with retry
Aug 24 08:57:50 ubuntu neutron-server[134050]: DEBUG ovsdbapp.backend.ovs_idl [None req-7fb47e5f-74e1-48ca-a123-fdfe7c9e0339 None None] Created lookup_table index Chassis.name {{(pid=134050) autocreate_indices /usr/local/lib/python3.8/dist-packages/ovsdbapp/backend/ovs_idl/__init__.py:85}}
Aug 24 08:57:50 ubuntu neutron-server[134050]: DEBUG ovsdbapp.backend.ovs_idl [None req-7fb47e5f-74e1-48ca-a123-fdfe7c9e0339 None None] Created schema index Datapath_Binding.tunnel_key {{(pid=134050) autocreate_indices /usr/local/lib/python3.8/dist-packages/ovsdbapp/backend/ovs_idl/__init__.py:104}}
Aug 24 08:57:50 ubuntu neutron-server[134050]: DEBUG ovsdbapp.backend.ovs_idl [None req-7fb47e5f-74e1-48ca-a123-fdfe7c9e0339 None None] Created schema index Connection.target {{(pid=134050) autocreate_indices /usr/local/lib/python3.8/dist-packages/ovsdbapp/backend/ovs_idl/__init__.py:104}}
Aug 24 08:57:50 ubuntu neutron-server[134050]: INFO ovsdbapp.backend.ovs_idl.vlog [None req-7fb47e5f-74e1-48ca-a123-fdfe7c9e0339 None None] tcp:192.168.79.49:6642: connecting...
Aug 24 08:57:50 ubuntu neutron-server[134050]: INFO ovsdbapp.backend.ovs_idl.vlog [None req-7fb47e5f-74e1-48ca-a123-fdfe7c9e0339 None None] tcp:192.168.79.49:6642: connected
Aug 24 08:57:50 ubuntu neutron-server[134051]: DEBUG ovsdbapp.backend.ovs_idl [None req-0e14dc83-d482-4816-834c-996a593054e9 None None] Created lookup_table index Chassis.name {{(pid=134051) autocreate_indices /usr/local/lib/python3.8/dist-packages/ovsdbapp/backend/ovs_idl/__init__.py:85}}
Aug 24 08:57:50 ubuntu neutron-server[134051]: DEBUG ovsdbapp.backend.ovs_idl [None req-0e14dc83-d482-4816-834c-996a593054e9 None None] Created schema index Datapath_Binding.tunnel_key {{(pid=134051) autocreate_indices /usr/local/lib/python3.8/dist-packages/ovsdbapp/backend/ovs_idl/__init__.py:104}}
Aug 24 08:57:50 ubuntu neutron-server[134051]: DEBUG ovsdbapp.backend.ovs_idl [None req-0e14dc83-d482-4816-834c-996a593054e9 None None] Created schema index Connection.target {{(pid=134051) autocreate_indices /usr/local/lib/python3.8/dist-packages/ovsdbapp/backend/ovs_idl/__init__.py:104}}
Aug 24 08:57:50 ubuntu neutron-server[134051]: INFO ovsdbapp.backend.ovs_idl.vlog [None req-0e14dc83-d482-4816-834c-996a593054e9 None None] tcp:192.168.79.49:6642: connecting...
Aug 24 08:57:50 ubuntu neutron-server[134051]: INFO ovsdbapp.backend.ovs_idl.vlog [None req-0e14dc83-d482-4816-834c-996a593054e9 None None] tcp:192.168.79.49:6642: connected
Aug 24 08:57:50 ubuntu neutron-server[134050]: DEBUG neutron.common.ovn.hash_ring_manager [None req-7fb47e5f-74e1-48ca-a123-fdfe7c9e0339 None None] Allow caching, nodes 2>=2 {{(pid=134050) _wait_startup_before_caching /opt/stack/neutron/neutron/common/ovn/hash_ring_manager.py:60}}
Aug 24 08:57:50 ubuntu neutron-server[134051]: DEBUG neutron.common.ovn.hash_ring_manager [None req-0e14dc83-d482-4816-834c-996a593054e9 None None] Allow caching, nodes 2>=2 {{(pid=134051) _wait_startup_before_caching /opt/stack/neutron/neutron/common/ovn/hash_ring_manager.py:60}}
Aug 24 08:57:50 ubuntu neutron-server[134051]: DEBUG neutron.plugins.ml2.drivers.ovn.mech_driver.ovsdb.ovsdb_monitor [None req-0e14dc83-d482-4816-834c-996a593054e9 None None] Hash Ring: Node 592386ef-18bb-4615-9303-9c85b6681c6e (host: ubuntu) handling event "create" for row c9363975-9e3c-469a-8625-9dfbfa29555b (table: Database) {{(pid=134051) notify /opt/stack/neutron/neutron/plugins/ml2/drivers/ovn/mech_driver/ovsdb/ovsdb_monitor.py:743}}
Aug 24 08:57:50 ubuntu neutron-server[134050]: DEBUG neutron.plugins.ml2.drivers.ovn.mech_driver.ovsdb.ovsdb_monitor [None req-7fb47e5f-74e1-48ca-a123-fdfe7c9e0339 None None] Hash Ring: Node 58d7ef4e-6dcc-4df9-939b-ae77a4ce71cd (host: ubuntu) handling event "create" for row 3bc35767-6d80-4ae6-9351-4c1dfc8676c3 (table: Database) {{(pid=134050) notify /opt/stack/neutron/neutron/plugins/ml2/drivers/ovn/mech_driver/ovsdb/ovsdb_monitor.py:743}}
Aug 24 08:57:50 ubuntu neutron-server[134051]: DEBUG neutron.plugins.ml2.drivers.ovn.mech_driver.ovsdb.ovsdb_monitor [None req-0e14dc83-d482-4816-834c-996a593054e9 None None] Hash Ring: Node 592386ef-18bb-4615-9303-9c85b6681c6e (host: ubuntu) handling event "create" for row 63aa2e31-bbb7-4179-afae-08ece04b84fa (table: Encap) {{(pid=134051) notify /opt/stack/neutron/neutron/plugins/ml2/drivers/ovn/mech_driver/ovsdb/ovsdb_monitor.py:743}}
Aug 24 08:57:50 ubuntu neutron-server[134051]: DEBUG neutron.plugins.ml2.drivers.ovn.mech_driver.ovsdb.ovsdb_monitor [None req-0e14dc83-d482-4816-834c-996a593054e9 None None] ChassisAgentWriteEvent : Matched Chassis, create, None None {{(pid=134051) matches /opt/stack/neutron/neutron/plugins/ml2/drivers/ovn/mech_driver/ovsdb/ovsdb_monitor.py:62}}
Aug 24 08:57:50 ubuntu neutron-server[134051]: DEBUG neutron.plugins.ml2.drivers.ovn.mech_driver.ovsdb.ovsdb_monitor [None req-0e14dc83-d482-4816-834c-996a593054e9 None None] ChassisMetadataAgentWriteEvent : Matched Chassis, create, None None {{(pid=134051) matches /opt/stack/neutron/neutron/plugins/ml2/drivers/ovn/mech_driver/ovsdb/ovsdb_monitor.py:62}}
Aug 24 08:57:50 ubuntu neutron-server[134051]: DEBUG neutron.plugins.ml2.drivers.ovn.mech_driver.ovsdb.ovsdb_monitor [None req-0e14dc83-d482-4816-834c-996a593054e9 None None] Hash Ring: Node 592386ef-18bb-4615-9303-9c85b6681c6e (host: ubuntu) handling event "create" for row 27cc7c94-1eb3-48e1-b89e-e6a2705abb12 (table: Connection) {{(pid=134051) notify /opt/stack/neutron/neutron/plugins/ml2/drivers/ovn/mech_driver/ovsdb/ovsdb_monitor.py:743}}
Aug 24 08:57:50 ubuntu neutron-server[134050]: DEBUG neutron.plugins.ml2.drivers.ovn.mech_driver.ovsdb.ovsdb_monitor [None req-7fb47e5f-74e1-48ca-a123-fdfe7c9e0339 None None] ChassisAgentWriteEvent : Matched Chassis, create, None None {{(pid=134050) matches /opt/stack/neutron/neutron/plugins/ml2/drivers/ovn/mech_driver/ovsdb/ovsdb_monitor.py:62}}
Aug 24 08:57:50 ubuntu neutron-server[134050]: DEBUG neutron.plugins.ml2.drivers.ovn.mech_driver.ovsdb.ovsdb_monitor [None req-7fb47e5f-74e1-48ca-a123-fdfe7c9e0339 None None] ChassisMetadataAgentWriteEvent : Matched Chassis, create, None None {{(pid=134050) matches /opt/stack/neutron/neutron/plugins/ml2/drivers/ovn/mech_driver/ovsdb/ovsdb_monitor.py:62}}
Aug 24 08:57:50 ubuntu neutron-server[134050]: DEBUG neutron.plugins.ml2.drivers.ovn.mech_driver.ovsdb.ovsdb_monitor [None req-7fb47e5f-74e1-48ca-a123-fdfe7c9e0339 None None] Hash Ring: Node 58d7ef4e-6dcc-4df9-939b-ae77a4ce71cd (host: ubuntu) handling event "create" for row 5c661116-ee60-4a3b-a575-a5386b1bc8f1 (table: Chassis) {{(pid=134050) notify /opt/stack/neutron/neutron/plugins/ml2/drivers/ovn/mech_driver/ovsdb/ovsdb_monitor.py:743}}
Aug 24 08:57:50 ubuntu neutron-server[134050]: INFO neutron.wsgi [-] (134050) wsgi starting up on http://0.0.0.0:9696
Aug 24 08:57:50 ubuntu neutron-server[134050]: DEBUG neutron.wsgi [-] (134050) accepted ('192.168.79.49', 52870) {{(pid=134050) server /usr/local/lib/python3.8/dist-packages/eventlet/wsgi.py:1004}}
Aug 24 08:57:50 ubuntu neutron-server[134051]: INFO neutron.wsgi [-] (134051) wsgi starting up on http://0.0.0.0:9696
Aug 24 08:57:50 ubuntu neutron-server[134050]: INFO neutron.wsgi [-] 192.168.79.49 "GET /networking HTTP/1.1" status: 302  len: 450 time: 0.0042968
Aug 24 08:57:50 ubuntu neutron-server[134050]: INFO neutron.wsgi [-] 192.168.79.49 "GET /networking/ HTTP/1.1" status: 200  len: 266 time: 0.0030146
Aug 24 08:57:51 ubuntu neutron-server[133822]: DEBUG ovsdbapp.backend.ovs_idl.transaction [-] Running txn n=2 command(idx=0): PgAddCommand(name=neutron_pg_drop, may_exist=True, columns={'acls': []}) {{(pid=133822) do_commit /usr/local/lib/python3.8/dist-packages/ovsdbapp/backend/ovs_idl/transaction.py:90}}
Aug 24 08:57:51 ubuntu neutron-server[133822]: DEBUG ovsdbapp.backend.ovs_idl.transaction [-] Running txn n=2 command(idx=1): PgAclAddCommand(entity=neutron_pg_drop, direction=from-lport, priority=1001, match=inport == @neutron_pg_drop && ip, action=drop, log=False, may_exist=True, severity=[], name=[], meter=None, external_ids={}) {{(pid=133822) do_commit /usr/local/lib/python3.8/dist-packages/ovsdbapp/backend/ovs_idl/transaction.py:90}}
Aug 24 08:57:51 ubuntu neutron-server[133822]: DEBUG ovsdbapp.backend.ovs_idl.transaction [-] Running txn n=2 command(idx=2): PgAclAddCommand(entity=neutron_pg_drop, direction=to-lport, priority=1001, match=outport == @neutron_pg_drop && ip, action=drop, log=False, may_exist=True, severity=[], name=[], meter=None, external_ids={}) {{(pid=133822) do_commit /usr/local/lib/python3.8/dist-packages/ovsdbapp/backend/ovs_idl/transaction.py:90}}
Aug 24 08:57:51 ubuntu neutron-server[133822]: DEBUG ovsdbapp.backend.ovs_idl.event [-] Matched CREATE: NeutronPgDropPortGroupCreated(events=('create',), table='Port_Group', conditions=(('name', '=', 'neutron_pg_drop'),), old_conditions=None), priority=10 to row=Port_Group(name=neutron_pg_drop, ports=[], external_ids={}, acls=[<ovs.db.idl.Row object at 0x7f69f0433e20>, <ovs.db.idl.Row object at 0x7f69f04332e0>]) old= {{(pid=133822) matches /usr/local/lib/python3.8/dist-packages/ovsdbapp/backend/ovs_idl/event.py:43}}
Aug 24 08:57:51 ubuntu neutron-server[134051]: DEBUG neutron.plugins.ml2.drivers.ovn.mech_driver.ovsdb.ovsdb_monitor [-] Hash Ring: Node 592386ef-18bb-4615-9303-9c85b6681c6e (host: ubuntu) handling event "create" for row 59536058-80f7-46cf-ba63-26882e1b9bde (table: Port_Group) {{(pid=134051) notify /opt/stack/neutron/neutron/plugins/ml2/drivers/ovn/mech_driver/ovsdb/ovsdb_monitor.py:743}}
Aug 24 08:57:51 ubuntu neutron-server[133822]: DEBUG ovsdbapp.backend.ovs_idl [None req-c61c6310-7c34-49f2-a6b8-ebf2e0ebb24a None None] Created lookup_table index Logical_Switch.name {{(pid=133822) autocreate_indices /usr/local/lib/python3.8/dist-packages/ovsdbapp/backend/ovs_idl/__init__.py:85}}
Aug 24 08:57:51 ubuntu neutron-server[133822]: DEBUG ovsdbapp.backend.ovs_idl [None req-c61c6310-7c34-49f2-a6b8-ebf2e0ebb24a None None] Created lookup_table index Logical_Router.name {{(pid=133822) autocreate_indices /usr/local/lib/python3.8/dist-packages/ovsdbapp/backend/ovs_idl/__init__.py:85}}
Aug 24 08:57:51 ubuntu neutron-server[134050]: DEBUG neutron.plugins.ml2.drivers.ovn.mech_driver.ovsdb.ovsdb_monitor [None req-3df521c9-c540-486b-bd09-0fa24aa66341 None None] Hash Ring: Node 58d7ef4e-6dcc-4df9-939b-ae77a4ce71cd (host: ubuntu) handling event "create" for row ae4a3273-fd74-4007-9436-b63178f05780 (table: ACL) {{(pid=134050) notify /opt/stack/neutron/neutron/plugins/ml2/drivers/ovn/mech_driver/ovsdb/ovsdb_monitor.py:743}}
Aug 24 08:57:51 ubuntu neutron-server[134050]: DEBUG neutron.plugins.ml2.drivers.ovn.mech_driver.ovsdb.ovsdb_monitor [None req-3df521c9-c540-486b-bd09-0fa24aa66341 None None] Hash Ring: Node 58d7ef4e-6dcc-4df9-939b-ae77a4ce71cd (host: ubuntu) handling event "create" for row b3a5e903-d8e4-4d37-83ab-03fab2c9e682 (table: ACL) {{(pid=134050) notify /opt/stack/neutron/neutron/plugins/ml2/drivers/ovn/mech_driver/ovsdb/ovsdb_monitor.py:743}}
Aug 24 08:57:51 ubuntu neutron-server[133822]: DEBUG ovsdbapp.backend.ovs_idl [None req-c61c6310-7c34-49f2-a6b8-ebf2e0ebb24a None None] Created lookup_table index Load_Balancer.name {{(pid=133822) autocreate_indices /usr/local/lib/python3.8/dist-packages/ovsdbapp/backend/ovs_idl/__init__.py:85}}
Aug 24 08:57:51 ubuntu neutron-server[133822]: DEBUG ovsdbapp.backend.ovs_idl [None req-c61c6310-7c34-49f2-a6b8-ebf2e0ebb24a None None] Created schema index Meter.name {{(pid=133822) autocreate_indices /usr/local/lib/python3.8/dist-packages/ovsdbapp/backend/ovs_idl/__init__.py:104}}
Aug 24 08:57:51 ubuntu neutron-server[133822]: DEBUG ovsdbapp.backend.ovs_idl [None req-c61c6310-7c34-49f2-a6b8-ebf2e0ebb24a None None] Created schema index Address_Set.name {{(pid=133822) autocreate_indices /usr/local/lib/python3.8/dist-packages/ovsdbapp/backend/ovs_idl/__init__.py:104}}
Aug 24 08:57:51 ubuntu neutron-server[133822]: DEBUG ovsdbapp.backend.ovs_idl [None req-c61c6310-7c34-49f2-a6b8-ebf2e0ebb24a None None] Created schema index HA_Chassis_Group.name {{(pid=133822) autocreate_indices /usr/local/lib/python3.8/dist-packages/ovsdbapp/backend/ovs_idl/__init__.py:104}}
Aug 24 08:57:51 ubuntu neutron-server[133822]: DEBUG ovsdbapp.backend.ovs_idl [None req-c61c6310-7c34-49f2-a6b8-ebf2e0ebb24a None None] Created schema index Connection.target {{(pid=133822) autocreate_indices /usr/local/lib/python3.8/dist-packages/ovsdbapp/backend/ovs_idl/__init__.py:104}}
Aug 24 08:57:51 ubuntu neutron-server[133822]: DEBUG ovsdbapp.backend.ovs_idl [None req-c61c6310-7c34-49f2-a6b8-ebf2e0ebb24a None None] Created schema index Gateway_Chassis.name {{(pid=133822) autocreate_indices /usr/local/lib/python3.8/dist-packages/ovsdbapp/backend/ovs_idl/__init__.py:104}}
Aug 24 08:57:51 ubuntu neutron-server[133822]: DEBUG ovsdbapp.backend.ovs_idl [None req-c61c6310-7c34-49f2-a6b8-ebf2e0ebb24a None None] Created schema index Logical_Router_Port.name {{(pid=133822) autocreate_indices /usr/local/lib/python3.8/dist-packages/ovsdbapp/backend/ovs_idl/__init__.py:104}}
Aug 24 08:57:51 ubuntu neutron-server[133822]: DEBUG ovsdbapp.backend.ovs_idl [None req-c61c6310-7c34-49f2-a6b8-ebf2e0ebb24a None None] Created schema index Port_Group.name {{(pid=133822) autocreate_indices /usr/local/lib/python3.8/dist-packages/ovsdbapp/backend/ovs_idl/__init__.py:104}}
Aug 24 08:57:51 ubuntu neutron-server[133822]: DEBUG ovsdbapp.backend.ovs_idl [None req-c61c6310-7c34-49f2-a6b8-ebf2e0ebb24a None None] Created schema index Logical_Switch_Port.name {{(pid=133822) autocreate_indices /usr/local/lib/python3.8/dist-packages/ovsdbapp/backend/ovs_idl/__init__.py:104}}
Aug 24 08:57:51 ubuntu neutron-server[133822]: DEBUG ovsdbapp.backend.ovs_idl [None req-c61c6310-7c34-49f2-a6b8-ebf2e0ebb24a None None] Created lookup_table index Chassis.name {{(pid=133822) autocreate_indices /usr/local/lib/python3.8/dist-packages/ovsdbapp/backend/ovs_idl/__init__.py:85}}
Aug 24 08:57:51 ubuntu neutron-server[133822]: DEBUG ovsdbapp.backend.ovs_idl [None req-c61c6310-7c34-49f2-a6b8-ebf2e0ebb24a None None] Created lookup_table index MAC_Binding.ip {{(pid=133822) autocreate_indices /usr/local/lib/python3.8/dist-packages/ovsdbapp/backend/ovs_idl/__init__.py:85}}
Aug 24 08:57:51 ubuntu neutron-server[133822]: DEBUG ovsdbapp.backend.ovs_idl [None req-c61c6310-7c34-49f2-a6b8-ebf2e0ebb24a None None] Created schema index Meter.name {{(pid=133822) autocreate_indices /usr/local/lib/python3.8/dist-packages/ovsdbapp/backend/ovs_idl/__init__.py:104}}
Aug 24 08:57:51 ubuntu neutron-server[133822]: DEBUG ovsdbapp.backend.ovs_idl [None req-c61c6310-7c34-49f2-a6b8-ebf2e0ebb24a None None] Created schema index Address_Set.name {{(pid=133822) autocreate_indices /usr/local/lib/python3.8/dist-packages/ovsdbapp/backend/ovs_idl/__init__.py:104}}
Aug 24 08:57:51 ubuntu neutron-server[133822]: DEBUG ovsdbapp.backend.ovs_idl [None req-c61c6310-7c34-49f2-a6b8-ebf2e0ebb24a None None] Created schema index HA_Chassis_Group.name {{(pid=133822) autocreate_indices /usr/local/lib/python3.8/dist-packages/ovsdbapp/backend/ovs_idl/__init__.py:104}}
Aug 24 08:57:51 ubuntu neutron-server[133822]: DEBUG ovsdbapp.backend.ovs_idl [None req-c61c6310-7c34-49f2-a6b8-ebf2e0ebb24a None None] Created schema index IP_Multicast.datapath {{(pid=133822) autocreate_indices /usr/local/lib/python3.8/dist-packages/ovsdbapp/backend/ovs_idl/__init__.py:104}}
Aug 24 08:57:51 ubuntu neutron-server[133822]: DEBUG ovsdbapp.backend.ovs_idl [None req-c61c6310-7c34-49f2-a6b8-ebf2e0ebb24a None None] Created schema index Connection.target {{(pid=133822) autocreate_indices /usr/local/lib/python3.8/dist-packages/ovsdbapp/backend/ovs_idl/__init__.py:104}}
