Sep 09 12:53:18 ubuntu neutron-server[137623]: DEBUG neutron.api.extensions [None req-4376c8fe-0352-411a-8e88-2900c4dc3cde None None] Loading extension file: tagging.py {{(pid=137623) _load_all_extensions_from_path /opt/stack/neutron/neutron/api/extensions.py:450}}
Sep 09 12:53:18 ubuntu neutron-server[137623]: DEBUG neutron.api.extensions [None req-4376c8fe-0352-411a-8e88-2900c4dc3cde None None] Ext name="Tag support for resources with standard attribute: port, subnet, subnetpool, network, security_group, router, floatingip, policy, trunk, network_segment_range" alias="standard-attr-tag" description="Enables to set tag on resources with standard attribute." updated="2017-01-01T00:00:00-00:00" {{(pid=137623) _check_extension /opt/stack/neutron/neutron/api/extensions.py:416}}
Sep 09 12:53:18 ubuntu neutron-server[137623]: INFO neutron.api.extensions [None req-4376c8fe-0352-411a-8e88-2900c4dc3cde None None] Loaded extension: standard-attr-tag
Sep 09 12:53:18 ubuntu neutron-server[137623]: DEBUG neutron.api.extensions [None req-4376c8fe-0352-411a-8e88-2900c4dc3cde None None] Loading extension file: timestamp.py {{(pid=137623) _load_all_extensions_from_path /opt/stack/neutron/neutron/api/extensions.py:450}}
Sep 09 12:53:18 ubuntu neutron-server[137623]: DEBUG neutron.api.extensions [None req-4376c8fe-0352-411a-8e88-2900c4dc3cde None None] Ext name="Resource timestamps" alias="standard-attr-timestamp" description="Adds created_at and updated_at fields to all Neutron resources that have Neutron standard attributes." updated="2016-09-12T10:00:00-00:00" {{(pid=137623) _check_extension /opt/stack/neutron/neutron/api/extensions.py:416}}
Sep 09 12:53:18 ubuntu neutron-server[137623]: INFO neutron.api.extensions [None req-4376c8fe-0352-411a-8e88-2900c4dc3cde None None] Loaded extension: standard-attr-timestamp
Sep 09 12:53:18 ubuntu neutron-server[137623]: DEBUG neutron.api.extensions [None req-4376c8fe-0352-411a-8e88-2900c4dc3cde None None] Loading extension file: trunk.py {{(pid=137623) _load_all_extensions_from_path /opt/stack/neutron/neutron/api/extensions.py:450}}
Sep 09 12:53:18 ubuntu neutron-server[137623]: DEBUG neutron.api.extensions [None req-4376c8fe-0352-411a-8e88-2900c4dc3cde None None] Ext name="Trunk Extension" alias="trunk" description="Provides support for trunk ports" updated="2016-01-01T10:00:00-00:00" {{(pid=137623) _check_extension /opt/stack/neutron/neutron/api/extensions.py:416}}
Sep 09 12:53:18 ubuntu neutron-server[137623]: INFO neutron.api.extensions [None req-4376c8fe-0352-411a-8e88-2900c4dc3cde None None] Extension trunk not supported by any of loaded plugins
Sep 09 12:53:18 ubuntu neutron-server[137623]: DEBUG neutron.api.extensions [None req-4376c8fe-0352-411a-8e88-2900c4dc3cde None None] Loading extension file: trunk_details.py {{(pid=137623) _load_all_extensions_from_path /opt/stack/neutron/neutron/api/extensions.py:450}}
Sep 09 12:53:18 ubuntu neutron-server[137623]: DEBUG neutron.api.extensions [None req-4376c8fe-0352-411a-8e88-2900c4dc3cde None None] Ext name="Trunk port details" alias="trunk-details" description="Expose trunk port details" updated="2016-01-01T10:00:00-00:00" {{(pid=137623) _check_extension /opt/stack/neutron/neutron/api/extensions.py:416}}
Sep 09 12:53:18 ubuntu neutron-server[137623]: INFO neutron.api.extensions [None req-4376c8fe-0352-411a-8e88-2900c4dc3cde None None] Extension trunk-details not supported by any of loaded plugins
Sep 09 12:53:18 ubuntu neutron-server[137623]: DEBUG neutron.api.extensions [None req-4376c8fe-0352-411a-8e88-2900c4dc3cde None None] Loading extension file: uplink_status_propagation.py {{(pid=137623) _load_all_extensions_from_path /opt/stack/neutron/neutron/api/extensions.py:450}}
Sep 09 12:53:18 ubuntu neutron-server[137623]: DEBUG neutron.api.extensions [None req-4376c8fe-0352-411a-8e88-2900c4dc3cde None None] Ext name="Uplink status propagation extension" alias="uplink-status-propagation" description="Provides ability to propagate port uplink status." updated="2018-05-31T18:00:00-00:00" {{(pid=137623) _check_extension /opt/stack/neutron/neutron/api/extensions.py:416}}
Sep 09 12:53:18 ubuntu neutron-server[137623]: INFO neutron.api.extensions [None req-4376c8fe-0352-411a-8e88-2900c4dc3cde None None] Extension uplink-status-propagation not supported by any of loaded plugins
Sep 09 12:53:18 ubuntu neutron-server[137623]: DEBUG neutron.api.extensions [None req-4376c8fe-0352-411a-8e88-2900c4dc3cde None None] Loading extension file: vlantransparent.py {{(pid=137623) _load_all_extensions_from_path /opt/stack/neutron/neutron/api/extensions.py:450}}
Sep 09 12:53:18 ubuntu neutron-server[137623]: DEBUG neutron.api.extensions [None req-4376c8fe-0352-411a-8e88-2900c4dc3cde None None] Ext name="Vlantransparent" alias="vlan-transparent" description="Provides Vlan Transparent Networks" updated="2015-03-23T09:00:00-00:00" {{(pid=137623) _check_extension /opt/stack/neutron/neutron/api/extensions.py:416}}
Sep 09 12:53:18 ubuntu neutron-server[137623]: INFO neutron.api.extensions [None req-4376c8fe-0352-411a-8e88-2900c4dc3cde None None] Extension vlan-transparent not supported by any of loaded plugins
Sep 09 12:53:18 ubuntu neutron-server[137623]: INFO neutron.quota.resource_registry [None req-4376c8fe-0352-411a-8e88-2900c4dc3cde None None] Creating instance of TrackedResource for resource:network
Sep 09 12:53:18 ubuntu neutron-server[137623]: INFO neutron.quota.resource_registry [None req-4376c8fe-0352-411a-8e88-2900c4dc3cde None None] Creating instance of TrackedResource for resource:subnet
Sep 09 12:53:18 ubuntu neutron-server[137623]: INFO neutron.quota.resource_registry [None req-4376c8fe-0352-411a-8e88-2900c4dc3cde None None] Creating instance of TrackedResource for resource:subnetpool
Sep 09 12:53:18 ubuntu neutron-server[137623]: INFO neutron.quota.resource_registry [None req-4376c8fe-0352-411a-8e88-2900c4dc3cde None None] Creating instance of TrackedResource for resource:port
Sep 09 12:53:18 ubuntu neutron-server[137623]: DEBUG neutron.api.v2.resource_helper [None req-4376c8fe-0352-411a-8e88-2900c4dc3cde None None] Service FLAVORS assigned prefix:  {{(pid=137623) build_resource_info /opt/stack/neutron/neutron/api/v2/resource_helper.py:77}}
Sep 09 12:53:18 ubuntu neutron-server[137623]: DEBUG neutron.api.v2.resource_helper [None req-4376c8fe-0352-411a-8e88-2900c4dc3cde None None] Service L3_ROUTER_NAT assigned prefix:  {{(pid=137623) build_resource_info /opt/stack/neutron/neutron/api/v2/resource_helper.py:77}}
Sep 09 12:53:18 ubuntu neutron-server[137623]: DEBUG neutron.api.v2.resource_helper [None req-4376c8fe-0352-411a-8e88-2900c4dc3cde None None] Service L3_ROUTER_NAT assigned prefix:  {{(pid=137623) build_resource_info /opt/stack/neutron/neutron/api/v2/resource_helper.py:77}}
Sep 09 12:53:18 ubuntu neutron-server[137623]: INFO neutron.quota.resource_registry [None req-4376c8fe-0352-411a-8e88-2900c4dc3cde None None] Creating instance of TrackedResource for resource:router
Sep 09 12:53:18 ubuntu neutron-server[137623]: INFO neutron.quota.resource_registry [None req-4376c8fe-0352-411a-8e88-2900c4dc3cde None None] Creating instance of TrackedResource for resource:floatingip
Sep 09 12:53:18 ubuntu neutron-server[137623]: DEBUG neutron_lib.callbacks.manager [None req-4376c8fe-0352-411a-8e88-2900c4dc3cde None None] Subscribe: <bound method NeutronDbPluginV2.validate_network_rbac_policy_change of <neutron.services.network_ip_availability.plugin.NetworkIPAvailabilityPlugin object at 0x7f8c5023f0d0>> rbac-policy before_create 55550000 {{(pid=137623) subscribe /usr/local/lib/python3.8/dist-packages/neutron_lib/callbacks/manager.py:45}}
Sep 09 12:53:18 ubuntu neutron-server[137623]: DEBUG neutron_lib.callbacks.manager [None req-4376c8fe-0352-411a-8e88-2900c4dc3cde None None] Subscribe: <bound method NeutronDbPluginV2.validate_network_rbac_policy_change of <neutron.services.network_ip_availability.plugin.NetworkIPAvailabilityPlugin object at 0x7f8c5023f0d0>> rbac-policy before_update 55550000 {{(pid=137623) subscribe /usr/local/lib/python3.8/dist-packages/neutron_lib/callbacks/manager.py:45}}
Sep 09 12:53:18 ubuntu neutron-server[137623]: DEBUG neutron_lib.callbacks.manager [None req-4376c8fe-0352-411a-8e88-2900c4dc3cde None None] Subscribe: <bound method NeutronDbPluginV2.validate_network_rbac_policy_change of <neutron.services.network_ip_availability.plugin.NetworkIPAvailabilityPlugin object at 0x7f8c5023f0d0>> rbac-policy before_delete 55550000 {{(pid=137623) subscribe /usr/local/lib/python3.8/dist-packages/neutron_lib/callbacks/manager.py:45}}
Sep 09 12:53:18 ubuntu neutron-server[137623]: INFO neutron.quota.resource_registry [None req-4376c8fe-0352-411a-8e88-2900c4dc3cde None None] Creating instance of CountableResource for resource:rbac_policy
Sep 09 12:53:18 ubuntu neutron-server[137623]: INFO neutron.quota.resource_registry [None req-4376c8fe-0352-411a-8e88-2900c4dc3cde None None] Creating instance of TrackedResource for resource:security_group
Sep 09 12:53:18 ubuntu neutron-server[137623]: INFO neutron.quota.resource_registry [None req-4376c8fe-0352-411a-8e88-2900c4dc3cde None None] Creating instance of TrackedResource for resource:security_group_rule
Sep 09 12:53:18 ubuntu neutron-server[137623]: DEBUG neutron.api.v2.resource_helper [None req-4376c8fe-0352-411a-8e88-2900c4dc3cde None None] Service FLAVORS assigned prefix:  {{(pid=137623) build_resource_info /opt/stack/neutron/neutron/api/v2/resource_helper.py:77}}
Sep 09 12:53:18 ubuntu neutron-server[137623]: DEBUG neutron.api.v2.resource_helper [None req-4376c8fe-0352-411a-8e88-2900c4dc3cde None None] Service L3_ROUTER_NAT assigned prefix:  {{(pid=137623) build_resource_info /opt/stack/neutron/neutron/api/v2/resource_helper.py:77}}
Sep 09 12:53:18 ubuntu neutron-server[137623]: DEBUG neutron.api.v2.resource_helper [None req-4376c8fe-0352-411a-8e88-2900c4dc3cde None None] Service L3_ROUTER_NAT assigned prefix:  {{(pid=137623) build_resource_info /opt/stack/neutron/neutron/api/v2/resource_helper.py:77}}
Sep 09 12:53:18 ubuntu neutron-server[137623]: INFO neutron.quota.resource_registry [None req-4376c8fe-0352-411a-8e88-2900c4dc3cde None None] Creating instance of TrackedResource for resource:router
Sep 09 12:53:18 ubuntu neutron-server[137623]: WARNING neutron.quota.resource_registry [None req-4376c8fe-0352-411a-8e88-2900c4dc3cde None None] router is already registered
Sep 09 12:53:18 ubuntu neutron-server[137623]: INFO neutron.quota.resource_registry [None req-4376c8fe-0352-411a-8e88-2900c4dc3cde None None] Creating instance of TrackedResource for resource:floatingip
Sep 09 12:53:18 ubuntu neutron-server[137623]: WARNING neutron.quota.resource_registry [None req-4376c8fe-0352-411a-8e88-2900c4dc3cde None None] floatingip is already registered
Sep 09 12:53:18 ubuntu neutron-server[137623]: INFO neutron.quota.resource_registry [None req-4376c8fe-0352-411a-8e88-2900c4dc3cde None None] Creating instance of CountableResource for resource:rbac_policy
Sep 09 12:53:18 ubuntu neutron-server[137623]: WARNING neutron.quota.resource_registry [None req-4376c8fe-0352-411a-8e88-2900c4dc3cde None None] rbac_policy is already registered
Sep 09 12:53:18 ubuntu neutron-server[137623]: INFO neutron.quota.resource_registry [None req-4376c8fe-0352-411a-8e88-2900c4dc3cde None None] Creating instance of TrackedResource for resource:security_group
Sep 09 12:53:18 ubuntu neutron-server[137623]: WARNING neutron.quota.resource_registry [None req-4376c8fe-0352-411a-8e88-2900c4dc3cde None None] security_group is already registered
Sep 09 12:53:18 ubuntu neutron-server[137623]: INFO neutron.quota.resource_registry [None req-4376c8fe-0352-411a-8e88-2900c4dc3cde None None] Creating instance of TrackedResource for resource:security_group_rule
Sep 09 12:53:18 ubuntu neutron-server[137623]: WARNING neutron.quota.resource_registry [None req-4376c8fe-0352-411a-8e88-2900c4dc3cde None None] security_group_rule is already registered
Sep 09 12:53:18 ubuntu neutron-server[137623]: DEBUG neutron.api.extensions [None req-4376c8fe-0352-411a-8e88-2900c4dc3cde None None] Extended resource: extensions {{(pid=137623) __init__ /opt/stack/neutron/neutron/api/extensions.py:157}}
Sep 09 12:53:18 ubuntu neutron-server[137623]: DEBUG neutron.api.extensions [None req-4376c8fe-0352-411a-8e88-2900c4dc3cde None None] Extended resource: address-groups {{(pid=137623) __init__ /opt/stack/neutron/neutron/api/extensions.py:157}}
Sep 09 12:53:18 ubuntu neutron-server[137623]: DEBUG neutron.api.extensions [None req-4376c8fe-0352-411a-8e88-2900c4dc3cde None None] Extended resource: address-scopes {{(pid=137623) __init__ /opt/stack/neutron/neutron/api/extensions.py:157}}
Sep 09 12:53:18 ubuntu neutron-server[137623]: DEBUG neutron.api.extensions [None req-4376c8fe-0352-411a-8e88-2900c4dc3cde None None] Extended resource: agents {{(pid=137623) __init__ /opt/stack/neutron/neutron/api/extensions.py:157}}
Sep 09 12:53:18 ubuntu neutron-server[137623]: DEBUG neutron.api.extensions [None req-4376c8fe-0352-411a-8e88-2900c4dc3cde None None] Extended resource: auto-allocated-topology {{(pid=137623) __init__ /opt/stack/neutron/neutron/api/extensions.py:157}}
Sep 09 12:53:18 ubuntu neutron-server[137623]: DEBUG neutron.api.extensions [None req-4376c8fe-0352-411a-8e88-2900c4dc3cde None None] Extended resource: availability_zones {{(pid=137623) __init__ /opt/stack/neutron/neutron/api/extensions.py:157}}
Sep 09 12:53:18 ubuntu neutron-server[137623]: DEBUG neutron.api.extensions [None req-4376c8fe-0352-411a-8e88-2900c4dc3cde None None] Extended resource: flavors {{(pid=137623) __init__ /opt/stack/neutron/neutron/api/extensions.py:157}}
Sep 09 12:53:18 ubuntu neutron-server[137623]: DEBUG neutron.api.extensions [None req-4376c8fe-0352-411a-8e88-2900c4dc3cde None None] Extended resource: service_profiles {{(pid=137623) __init__ /opt/stack/neutron/neutron/api/extensions.py:157}}
Sep 09 12:53:18 ubuntu neutron-server[137623]: DEBUG neutron.api.extensions [None req-4376c8fe-0352-411a-8e88-2900c4dc3cde None None] Extended resource: next_providers {{(pid=137623) __init__ /opt/stack/neutron/neutron/api/extensions.py:157}}
Sep 09 12:53:18 ubuntu neutron-server[137623]: DEBUG neutron.api.extensions [None req-4376c8fe-0352-411a-8e88-2900c4dc3cde None None] Extended resource: service_profiles {{(pid=137623) __init__ /opt/stack/neutron/neutron/api/extensions.py:157}}
Sep 09 12:53:18 ubuntu neutron-server[137623]: DEBUG neutron.api.extensions [None req-4376c8fe-0352-411a-8e88-2900c4dc3cde None None] Extended resource: floatingip-pools {{(pid=137623) __init__ /opt/stack/neutron/neutron/api/extensions.py:157}}
Sep 09 12:53:18 ubuntu neutron-server[137623]: DEBUG neutron.api.extensions [None req-4376c8fe-0352-411a-8e88-2900c4dc3cde None None] Extended resource: routers {{(pid=137623) __init__ /opt/stack/neutron/neutron/api/extensions.py:157}}
Sep 09 12:53:18 ubuntu neutron-server[137623]: DEBUG neutron.api.extensions [None req-4376c8fe-0352-411a-8e88-2900c4dc3cde None None] Extended resource: floatingips {{(pid=137623) __init__ /opt/stack/neutron/neutron/api/extensions.py:157}}
Sep 09 12:53:18 ubuntu neutron-server[137623]: DEBUG neutron.api.extensions [None req-4376c8fe-0352-411a-8e88-2900c4dc3cde None None] Extended resource: network-ip-availabilities {{(pid=137623) __init__ /opt/stack/neutron/neutron/api/extensions.py:157}}
Sep 09 12:53:18 ubuntu neutron-server[137623]: DEBUG neutron.api.extensions [None req-4376c8fe-0352-411a-8e88-2900c4dc3cde None None] Extended resource: bindings {{(pid=137623) __init__ /opt/stack/neutron/neutron/api/extensions.py:157}}
Sep 09 12:53:18 ubuntu neutron-server[137623]: DEBUG neutron.api.extensions [None req-4376c8fe-0352-411a-8e88-2900c4dc3cde None None] Extended resource: quotas {{(pid=137623) __init__ /opt/stack/neutron/neutron/api/extensions.py:157}}
Sep 09 12:53:18 ubuntu neutron-server[137623]: DEBUG neutron.api.extensions [None req-4376c8fe-0352-411a-8e88-2900c4dc3cde None None] Extended resource: quotas {{(pid=137623) __init__ /opt/stack/neutron/neutron/api/extensions.py:157}}
Sep 09 12:53:18 ubuntu neutron-server[137623]: DEBUG neutron.api.extensions [None req-4376c8fe-0352-411a-8e88-2900c4dc3cde None None] Extended resource: rbac-policies {{(pid=137623) __init__ /opt/stack/neutron/neutron/api/extensions.py:157}}
Sep 09 12:53:18 ubuntu neutron-server[137623]: DEBUG neutron.api.extensions [None req-4376c8fe-0352-411a-8e88-2900c4dc3cde None None] Extended resource: security-groups {{(pid=137623) __init__ /opt/stack/neutron/neutron/api/extensions.py:157}}
Sep 09 12:53:18 ubuntu neutron-server[137623]: DEBUG neutron.api.extensions [None req-4376c8fe-0352-411a-8e88-2900c4dc3cde None None] Extended resource: security-group-rules {{(pid=137623) __init__ /opt/stack/neutron/neutron/api/extensions.py:157}}
Sep 09 12:53:18 ubuntu neutron-server[137623]: DEBUG neutron.api.extensions [None req-4376c8fe-0352-411a-8e88-2900c4dc3cde None None] Extended resource: service-providers {{(pid=137623) __init__ /opt/stack/neutron/neutron/api/extensions.py:157}}
Sep 09 12:53:18 ubuntu neutron-server[137623]: DEBUG neutron.api.extensions [None req-4376c8fe-0352-411a-8e88-2900c4dc3cde None None] Extended resource: tags {{(pid=137623) __init__ /opt/stack/neutron/neutron/api/extensions.py:157}}
Sep 09 12:53:18 ubuntu neutron-server[137623]: DEBUG neutron.api.extensions [None req-4376c8fe-0352-411a-8e88-2900c4dc3cde None None] Extended resource: tags {{(pid=137623) __init__ /opt/stack/neutron/neutron/api/extensions.py:157}}
Sep 09 12:53:18 ubuntu neutron-server[137623]: DEBUG neutron.api.extensions [None req-4376c8fe-0352-411a-8e88-2900c4dc3cde None None] Extended resource: tags {{(pid=137623) __init__ /opt/stack/neutron/neutron/api/extensions.py:157}}
Sep 09 12:53:18 ubuntu neutron-server[137623]: DEBUG neutron.api.extensions [None req-4376c8fe-0352-411a-8e88-2900c4dc3cde None None] Extended resource: tags {{(pid=137623) __init__ /opt/stack/neutron/neutron/api/extensions.py:157}}
Sep 09 12:53:18 ubuntu neutron-server[137623]: DEBUG neutron.api.extensions [None req-4376c8fe-0352-411a-8e88-2900c4dc3cde None None] Extended resource: tags {{(pid=137623) __init__ /opt/stack/neutron/neutron/api/extensions.py:157}}
Sep 09 12:53:18 ubuntu neutron-server[137623]: DEBUG neutron.api.extensions [None req-4376c8fe-0352-411a-8e88-2900c4dc3cde None None] Extended resource: tags {{(pid=137623) __init__ /opt/stack/neutron/neutron/api/extensions.py:157}}
Sep 09 12:53:18 ubuntu neutron-server[137623]: DEBUG neutron.api.extensions [None req-4376c8fe-0352-411a-8e88-2900c4dc3cde None None] Extended resource: tags {{(pid=137623) __init__ /opt/stack/neutron/neutron/api/extensions.py:157}}
Sep 09 12:53:18 ubuntu neutron-server[137623]: DEBUG neutron.api.extensions [None req-4376c8fe-0352-411a-8e88-2900c4dc3cde None None] Extended resource: tags {{(pid=137623) __init__ /opt/stack/neutron/neutron/api/extensions.py:157}}
Sep 09 12:53:18 ubuntu neutron-server[137623]: DEBUG neutron.api.extensions [None req-4376c8fe-0352-411a-8e88-2900c4dc3cde None None] Extended resource: tags {{(pid=137623) __init__ /opt/stack/neutron/neutron/api/extensions.py:157}}
Sep 09 12:53:18 ubuntu neutron-server[137623]: DEBUG neutron.api.extensions [None req-4376c8fe-0352-411a-8e88-2900c4dc3cde None None] Extended resource: tags {{(pid=137623) __init__ /opt/stack/neutron/neutron/api/extensions.py:157}}
Sep 09 12:53:18 ubuntu neutron-server[137623]: WARNING keystonemiddleware.auth_token [None req-4376c8fe-0352-411a-8e88-2900c4dc3cde None None] AuthToken middleware is set with keystone_authtoken.service_token_roles_required set to False. This is backwards compatible but deprecated behaviour. Please set this to True.
Sep 09 12:53:18 ubuntu neutron-server[137623]: WARNING keystonemiddleware.auth_token [None req-4376c8fe-0352-411a-8e88-2900c4dc3cde None None] Configuring www_authenticate_uri to point to the public identity endpoint is required; clients may not be able to authenticate against an admin endpoint
Sep 09 12:53:18 ubuntu neutron-server[137623]: DEBUG oslo_concurrency.lockutils [None req-4376c8fe-0352-411a-8e88-2900c4dc3cde None None] Acquiring lock "singleton_lock" {{(pid=137623) lock /usr/local/lib/python3.8/dist-packages/oslo_concurrency/lockutils.py:312}}
Sep 09 12:53:18 ubuntu neutron-server[137623]: DEBUG oslo_concurrency.lockutils [None req-4376c8fe-0352-411a-8e88-2900c4dc3cde None None] Acquired lock "singleton_lock" {{(pid=137623) lock /usr/local/lib/python3.8/dist-packages/oslo_concurrency/lockutils.py:315}}
Sep 09 12:53:18 ubuntu neutron-server[137623]: DEBUG oslo_concurrency.lockutils [None req-4376c8fe-0352-411a-8e88-2900c4dc3cde None None] Releasing lock "singleton_lock" {{(pid=137623) lock /usr/local/lib/python3.8/dist-packages/oslo_concurrency/lockutils.py:333}}
Sep 09 12:53:18 ubuntu neutron-server[137623]: INFO oslo_service.service [None req-4376c8fe-0352-411a-8e88-2900c4dc3cde None None] Starting 2 workers
Sep 09 12:53:18 ubuntu neutron-server[137623]: DEBUG oslo_service.service [None req-4376c8fe-0352-411a-8e88-2900c4dc3cde None None] Started child 137845 {{(pid=137623) _start_child /usr/local/lib/python3.8/dist-packages/oslo_service/service.py:575}}
Sep 09 12:53:18 ubuntu neutron-server[137623]: DEBUG oslo_service.service [None req-4376c8fe-0352-411a-8e88-2900c4dc3cde None None] Started child 137846 {{(pid=137623) _start_child /usr/local/lib/python3.8/dist-packages/oslo_service/service.py:575}}
Sep 09 12:53:18 ubuntu neutron-server[137623]: INFO neutron.service [None req-4376c8fe-0352-411a-8e88-2900c4dc3cde None None] Neutron service started, listening on 0.0.0.0:9696
Sep 09 12:53:18 ubuntu neutron-server[137623]: DEBUG neutron_lib.callbacks.manager [None req-4376c8fe-0352-411a-8e88-2900c4dc3cde None None] Publish callbacks ['neutron.plugins.ml2.drivers.ovn.mech_driver.mech_driver.OVNMechanismDriver.pre_fork_initialize-33029721'] for process (None), before_spawn {{(pid=137623) _notify_loop /usr/local/lib/python3.8/dist-packages/neutron_lib/callbacks/manager.py:176}}
Sep 09 12:53:18 ubuntu neutron-server[137845]: DEBUG neutron_lib.callbacks.manager [-] Publish callbacks ['neutron.plugins.ml2.drivers.ovn.mech_driver.mech_driver.OVNMechanismDriver.post_fork_initialize-33029637'] for process (None), after_init {{(pid=137845) _notify_loop /usr/local/lib/python3.8/dist-packages/neutron_lib/callbacks/manager.py:176}}
Sep 09 12:53:18 ubuntu neutron-server[137846]: DEBUG neutron_lib.callbacks.manager [-] Publish callbacks ['neutron.plugins.ml2.drivers.ovn.mech_driver.mech_driver.OVNMechanismDriver.post_fork_initialize-33029637'] for process (None), after_init {{(pid=137846) _notify_loop /usr/local/lib/python3.8/dist-packages/neutron_lib/callbacks/manager.py:176}}
Sep 09 12:53:18 ubuntu neutron-server[137845]: DEBUG dbcounter [-] [137845] Writer thread running {{(pid=137845) stat_writer /usr/local/lib/python3.8/dist-packages/dbcounter.py:99}}
Sep 09 12:53:18 ubuntu neutron-server[137846]: DEBUG dbcounter [-] [137846] Writer thread running {{(pid=137846) stat_writer /usr/local/lib/python3.8/dist-packages/dbcounter.py:99}}
Sep 09 12:53:18 ubuntu neutron-server[137623]: DEBUG ovsdbapp.backend.ovs_idl [None req-4376c8fe-0352-411a-8e88-2900c4dc3cde None None] Created schema index Port_Group.name {{(pid=137623) autocreate_indices /usr/local/lib/python3.8/dist-packages/ovsdbapp/backend/ovs_idl/__init__.py:104}}
Sep 09 12:53:18 ubuntu neutron-server[137623]: DEBUG ovsdbapp.backend.ovs_idl [None req-4376c8fe-0352-411a-8e88-2900c4dc3cde None None] Created schema index Logical_Switch_Port.name {{(pid=137623) autocreate_indices /usr/local/lib/python3.8/dist-packages/ovsdbapp/backend/ovs_idl/__init__.py:104}}
Sep 09 12:53:18 ubuntu neutron-server[137845]: INFO neutron.plugins.ml2.drivers.ovn.mech_driver.ovsdb.impl_idl_ovn [None req-88ba9401-785e-443d-be6a-a7c27eff9d18 None None] Getting OvsdbNbOvnIdl for WorkerService with retry
Sep 09 12:53:18 ubuntu neutron-server[137846]: INFO neutron.plugins.ml2.drivers.ovn.mech_driver.ovsdb.impl_idl_ovn [None req-23e3b8b7-528b-45b8-94bb-dd16cc461369 None None] Getting OvsdbNbOvnIdl for WorkerService with retry
Sep 09 12:53:18 ubuntu neutron-server[137623]: DEBUG ovsdbapp.backend.ovs_idl.transaction [-] Running txn n=1 command(idx=0): PgAddCommand(name=neutron_pg_drop, may_exist=True, columns={'acls': []}) {{(pid=137623) do_commit /usr/local/lib/python3.8/dist-packages/ovsdbapp/backend/ovs_idl/transaction.py:90}}
Sep 09 12:53:18 ubuntu neutron-server[137623]: DEBUG ovsdbapp.backend.ovs_idl.transaction [-] Running txn n=1 command(idx=1): PgAclAddCommand(entity=neutron_pg_drop, direction=from-lport, priority=1001, match=inport == @neutron_pg_drop && ip, action=drop, log=False, may_exist=True, severity=[], name=[], meter=None, external_ids={}) {{(pid=137623) do_commit /usr/local/lib/python3.8/dist-packages/ovsdbapp/backend/ovs_idl/transaction.py:90}}
Sep 09 12:53:18 ubuntu neutron-server[137623]: DEBUG ovsdbapp.backend.ovs_idl.transaction [-] Running txn n=1 command(idx=2): PgAclAddCommand(entity=neutron_pg_drop, direction=to-lport, priority=1001, match=outport == @neutron_pg_drop && ip, action=drop, log=False, may_exist=True, severity=[], name=[], meter=None, external_ids={}) {{(pid=137623) do_commit /usr/local/lib/python3.8/dist-packages/ovsdbapp/backend/ovs_idl/transaction.py:90}}
Sep 09 12:53:18 ubuntu neutron-server[137845]: DEBUG ovsdbapp.backend.ovs_idl [None req-88ba9401-785e-443d-be6a-a7c27eff9d18 None None] Created lookup_table index Logical_Switch.name {{(pid=137845) autocreate_indices /usr/local/lib/python3.8/dist-packages/ovsdbapp/backend/ovs_idl/__init__.py:85}}
Sep 09 12:53:18 ubuntu neutron-server[137845]: DEBUG ovsdbapp.backend.ovs_idl [None req-88ba9401-785e-443d-be6a-a7c27eff9d18 None None] Created lookup_table index Logical_Router.name {{(pid=137845) autocreate_indices /usr/local/lib/python3.8/dist-packages/ovsdbapp/backend/ovs_idl/__init__.py:85}}
Sep 09 12:53:18 ubuntu neutron-server[137845]: DEBUG ovsdbapp.backend.ovs_idl [None req-88ba9401-785e-443d-be6a-a7c27eff9d18 None None] Created lookup_table index Load_Balancer.name {{(pid=137845) autocreate_indices /usr/local/lib/python3.8/dist-packages/ovsdbapp/backend/ovs_idl/__init__.py:85}}
Sep 09 12:53:18 ubuntu neutron-server[137845]: DEBUG ovsdbapp.backend.ovs_idl [None req-88ba9401-785e-443d-be6a-a7c27eff9d18 None None] Created schema index Meter.name {{(pid=137845) autocreate_indices /usr/local/lib/python3.8/dist-packages/ovsdbapp/backend/ovs_idl/__init__.py:104}}
Sep 09 12:53:18 ubuntu neutron-server[137845]: DEBUG ovsdbapp.backend.ovs_idl [None req-88ba9401-785e-443d-be6a-a7c27eff9d18 None None] Created schema index Address_Set.name {{(pid=137845) autocreate_indices /usr/local/lib/python3.8/dist-packages/ovsdbapp/backend/ovs_idl/__init__.py:104}}
Sep 09 12:53:18 ubuntu neutron-server[137845]: DEBUG ovsdbapp.backend.ovs_idl [None req-88ba9401-785e-443d-be6a-a7c27eff9d18 None None] Created schema index HA_Chassis_Group.name {{(pid=137845) autocreate_indices /usr/local/lib/python3.8/dist-packages/ovsdbapp/backend/ovs_idl/__init__.py:104}}
Sep 09 12:53:18 ubuntu neutron-server[137845]: DEBUG ovsdbapp.backend.ovs_idl [None req-88ba9401-785e-443d-be6a-a7c27eff9d18 None None] Created schema index Connection.target {{(pid=137845) autocreate_indices /usr/local/lib/python3.8/dist-packages/ovsdbapp/backend/ovs_idl/__init__.py:104}}
Sep 09 12:53:18 ubuntu neutron-server[137845]: DEBUG ovsdbapp.backend.ovs_idl [None req-88ba9401-785e-443d-be6a-a7c27eff9d18 None None] Created schema index Gateway_Chassis.name {{(pid=137845) autocreate_indices /usr/local/lib/python3.8/dist-packages/ovsdbapp/backend/ovs_idl/__init__.py:104}}
Sep 09 12:53:18 ubuntu neutron-server[137845]: DEBUG ovsdbapp.backend.ovs_idl [None req-88ba9401-785e-443d-be6a-a7c27eff9d18 None None] Created schema index Logical_Router_Port.name {{(pid=137845) autocreate_indices /usr/local/lib/python3.8/dist-packages/ovsdbapp/backend/ovs_idl/__init__.py:104}}
Sep 09 12:53:18 ubuntu neutron-server[137845]: DEBUG ovsdbapp.backend.ovs_idl [None req-88ba9401-785e-443d-be6a-a7c27eff9d18 None None] Created schema index Port_Group.name {{(pid=137845) autocreate_indices /usr/local/lib/python3.8/dist-packages/ovsdbapp/backend/ovs_idl/__init__.py:104}}
Sep 09 12:53:18 ubuntu neutron-server[137845]: DEBUG ovsdbapp.backend.ovs_idl [None req-88ba9401-785e-443d-be6a-a7c27eff9d18 None None] Created schema index Logical_Switch_Port.name {{(pid=137845) autocreate_indices /usr/local/lib/python3.8/dist-packages/ovsdbapp/backend/ovs_idl/__init__.py:104}}
Sep 09 12:53:18 ubuntu neutron-server[137845]: INFO ovsdbapp.backend.ovs_idl.vlog [None req-88ba9401-785e-443d-be6a-a7c27eff9d18 None None] tcp:192.168.79.37:6641: connecting...
Sep 09 12:53:18 ubuntu neutron-server[137845]: INFO ovsdbapp.backend.ovs_idl.vlog [None req-88ba9401-785e-443d-be6a-a7c27eff9d18 None None] tcp:192.168.79.37:6641: connected
Sep 09 12:53:18 ubuntu neutron-server[137623]: DEBUG ovsdbapp.backend.ovs_idl.event [-] Matched CREATE: NeutronPgDropPortGroupCreated(events=('create',), table='Port_Group', conditions=(('name', '=', 'neutron_pg_drop'),), old_conditions=None), priority=10 to row=Port_Group(name=neutron_pg_drop, ports=[], external_ids={}, acls=[<ovs.db.idl.Row object at 0x7f8c4fbcb2b0>, <ovs.db.idl.Row object at 0x7f8c4fbcb7f0>]) old= {{(pid=137623) matches /usr/local/lib/python3.8/dist-packages/ovsdbapp/backend/ovs_idl/event.py:43}}
Sep 09 12:53:18 ubuntu neutron-server[137846]: DEBUG ovsdbapp.backend.ovs_idl [None req-23e3b8b7-528b-45b8-94bb-dd16cc461369 None None] Created lookup_table index Logical_Switch.name {{(pid=137846) autocreate_indices /usr/local/lib/python3.8/dist-packages/ovsdbapp/backend/ovs_idl/__init__.py:85}}
Sep 09 12:53:18 ubuntu neutron-server[137846]: DEBUG ovsdbapp.backend.ovs_idl [None req-23e3b8b7-528b-45b8-94bb-dd16cc461369 None None] Created lookup_table index Logical_Router.name {{(pid=137846) autocreate_indices /usr/local/lib/python3.8/dist-packages/ovsdbapp/backend/ovs_idl/__init__.py:85}}
Sep 09 12:53:18 ubuntu neutron-server[137846]: DEBUG ovsdbapp.backend.ovs_idl [None req-23e3b8b7-528b-45b8-94bb-dd16cc461369 None None] Created lookup_table index Load_Balancer.name {{(pid=137846) autocreate_indices /usr/local/lib/python3.8/dist-packages/ovsdbapp/backend/ovs_idl/__init__.py:85}}
Sep 09 12:53:18 ubuntu neutron-server[137846]: DEBUG ovsdbapp.backend.ovs_idl [None req-23e3b8b7-528b-45b8-94bb-dd16cc461369 None None] Created schema index Meter.name {{(pid=137846) autocreate_indices /usr/local/lib/python3.8/dist-packages/ovsdbapp/backend/ovs_idl/__init__.py:104}}
Sep 09 12:53:18 ubuntu neutron-server[137846]: DEBUG ovsdbapp.backend.ovs_idl [None req-23e3b8b7-528b-45b8-94bb-dd16cc461369 None None] Created schema index Address_Set.name {{(pid=137846) autocreate_indices /usr/local/lib/python3.8/dist-packages/ovsdbapp/backend/ovs_idl/__init__.py:104}}
Sep 09 12:53:18 ubuntu neutron-server[137846]: DEBUG ovsdbapp.backend.ovs_idl [None req-23e3b8b7-528b-45b8-94bb-dd16cc461369 None None] Created schema index HA_Chassis_Group.name {{(pid=137846) autocreate_indices /usr/local/lib/python3.8/dist-packages/ovsdbapp/backend/ovs_idl/__init__.py:104}}
Sep 09 12:53:18 ubuntu neutron-server[137846]: DEBUG ovsdbapp.backend.ovs_idl [None req-23e3b8b7-528b-45b8-94bb-dd16cc461369 None None] Created schema index Connection.target {{(pid=137846) autocreate_indices /usr/local/lib/python3.8/dist-packages/ovsdbapp/backend/ovs_idl/__init__.py:104}}
Sep 09 12:53:18 ubuntu neutron-server[137846]: DEBUG ovsdbapp.backend.ovs_idl [None req-23e3b8b7-528b-45b8-94bb-dd16cc461369 None None] Created schema index Gateway_Chassis.name {{(pid=137846) autocreate_indices /usr/local/lib/python3.8/dist-packages/ovsdbapp/backend/ovs_idl/__init__.py:104}}
Sep 09 12:53:18 ubuntu neutron-server[137846]: DEBUG ovsdbapp.backend.ovs_idl [None req-23e3b8b7-528b-45b8-94bb-dd16cc461369 None None] Created schema index Logical_Router_Port.name {{(pid=137846) autocreate_indices /usr/local/lib/python3.8/dist-packages/ovsdbapp/backend/ovs_idl/__init__.py:104}}
Sep 09 12:53:18 ubuntu neutron-server[137846]: DEBUG ovsdbapp.backend.ovs_idl [None req-23e3b8b7-528b-45b8-94bb-dd16cc461369 None None] Created schema index Port_Group.name {{(pid=137846) autocreate_indices /usr/local/lib/python3.8/dist-packages/ovsdbapp/backend/ovs_idl/__init__.py:104}}
Sep 09 12:53:18 ubuntu neutron-server[137846]: DEBUG ovsdbapp.backend.ovs_idl [None req-23e3b8b7-528b-45b8-94bb-dd16cc461369 None None] Created schema index Logical_Switch_Port.name {{(pid=137846) autocreate_indices /usr/local/lib/python3.8/dist-packages/ovsdbapp/backend/ovs_idl/__init__.py:104}}
Sep 09 12:53:18 ubuntu neutron-server[137846]: INFO ovsdbapp.backend.ovs_idl.vlog [None req-23e3b8b7-528b-45b8-94bb-dd16cc461369 None None] tcp:192.168.79.37:6641: connecting...
Sep 09 12:53:18 ubuntu neutron-server[137846]: INFO ovsdbapp.backend.ovs_idl.vlog [None req-23e3b8b7-528b-45b8-94bb-dd16cc461369 None None] tcp:192.168.79.37:6641: connected
Sep 09 12:53:18 ubuntu neutron-server[137845]: DEBUG neutron.common.ovn.hash_ring_manager [None req-88ba9401-785e-443d-be6a-a7c27eff9d18 None None] Allow caching, nodes 2>=2 {{(pid=137845) _wait_startup_before_caching /opt/stack/neutron/neutron/common/ovn/hash_ring_manager.py:60}}
Sep 09 12:53:18 ubuntu neutron-server[137845]: DEBUG neutron.plugins.ml2.drivers.ovn.mech_driver.ovsdb.ovsdb_monitor [None req-88ba9401-785e-443d-be6a-a7c27eff9d18 None None] Hash Ring: Node 9f64e26b-33a9-4e57-9cfe-b8c166955637 (host: ubuntu) handling event "create" for row 0df39f63-6ac1-4ae5-877d-1fbfd47fb1f5 (table: Database) {{(pid=137845) notify /opt/stack/neutron/neutron/plugins/ml2/drivers/ovn/mech_driver/ovsdb/ovsdb_monitor.py:743}}
Sep 09 12:53:18 ubuntu neutron-server[137845]: DEBUG neutron.plugins.ml2.drivers.ovn.mech_driver.ovsdb.ovsdb_monitor [None req-88ba9401-785e-443d-be6a-a7c27eff9d18 None None] Hash Ring: Node 9f64e26b-33a9-4e57-9cfe-b8c166955637 (host: ubuntu) handling event "create" for row 5d218bd3-e85b-4d14-a3d2-d3180b9a19f6 (table: Database) {{(pid=137845) notify /opt/stack/neutron/neutron/plugins/ml2/drivers/ovn/mech_driver/ovsdb/ovsdb_monitor.py:743}}
Sep 09 12:53:18 ubuntu neutron-server[137845]: DEBUG neutron.plugins.ml2.drivers.ovn.mech_driver.ovsdb.ovsdb_monitor [None req-88ba9401-785e-443d-be6a-a7c27eff9d18 None None] Hash Ring: Node 9f64e26b-33a9-4e57-9cfe-b8c166955637 (host: ubuntu) handling event "create" for row 190dcf36-5db8-445d-96b9-3a6bb0952499 (table: ACL) {{(pid=137845) notify /opt/stack/neutron/neutron/plugins/ml2/drivers/ovn/mech_driver/ovsdb/ovsdb_monitor.py:743}}
Sep 09 12:53:18 ubuntu neutron-server[137845]: DEBUG neutron.plugins.ml2.drivers.ovn.mech_driver.ovsdb.ovsdb_monitor [None req-88ba9401-785e-443d-be6a-a7c27eff9d18 None None] Hash Ring: Node 9f64e26b-33a9-4e57-9cfe-b8c166955637 (host: ubuntu) handling event "create" for row 48dc7974-d97f-4b85-a827-c5aa827883ab (table: ACL) {{(pid=137845) notify /opt/stack/neutron/neutron/plugins/ml2/drivers/ovn/mech_driver/ovsdb/ovsdb_monitor.py:743}}
Sep 09 12:53:18 ubuntu neutron-server[137845]: DEBUG neutron.plugins.ml2.drivers.ovn.mech_driver.ovsdb.ovsdb_monitor [None req-88ba9401-785e-443d-be6a-a7c27eff9d18 None None] Hash Ring: Node 9f64e26b-33a9-4e57-9cfe-b8c166955637 (host: ubuntu) handling event "create" for row f5d0f353-ec48-499b-9ebe-f66d66038774 (table: Connection) {{(pid=137845) notify /opt/stack/neutron/neutron/plugins/ml2/drivers/ovn/mech_driver/ovsdb/ovsdb_monitor.py:743}}
Sep 09 12:53:18 ubuntu neutron-server[137845]: INFO neutron.plugins.ml2.drivers.ovn.mech_driver.ovsdb.impl_idl_ovn [None req-88ba9401-785e-443d-be6a-a7c27eff9d18 None None] Getting OvsdbSbOvnIdl for WorkerService with retry
Sep 09 12:53:18 ubuntu neutron-server[137623]: DEBUG ovsdbapp.backend.ovs_idl [None req-4376c8fe-0352-411a-8e88-2900c4dc3cde None None] Created lookup_table index Logical_Switch.name {{(pid=137623) autocreate_indices /usr/local/lib/python3.8/dist-packages/ovsdbapp/backend/ovs_idl/__init__.py:85}}
Sep 09 12:53:18 ubuntu neutron-server[137623]: DEBUG ovsdbapp.backend.ovs_idl [None req-4376c8fe-0352-411a-8e88-2900c4dc3cde None None] Created lookup_table index Logical_Router.name {{(pid=137623) autocreate_indices /usr/local/lib/python3.8/dist-packages/ovsdbapp/backend/ovs_idl/__init__.py:85}}
Sep 09 12:53:18 ubuntu neutron-server[137623]: DEBUG ovsdbapp.backend.ovs_idl [None req-4376c8fe-0352-411a-8e88-2900c4dc3cde None None] Created lookup_table index Load_Balancer.name {{(pid=137623) autocreate_indices /usr/local/lib/python3.8/dist-packages/ovsdbapp/backend/ovs_idl/__init__.py:85}}
Sep 09 12:53:18 ubuntu neutron-server[137845]: DEBUG ovsdbapp.backend.ovs_idl [None req-88ba9401-785e-443d-be6a-a7c27eff9d18 None None] Created lookup_table index Chassis.name {{(pid=137845) autocreate_indices /usr/local/lib/python3.8/dist-packages/ovsdbapp/backend/ovs_idl/__init__.py:85}}
Sep 09 12:53:18 ubuntu neutron-server[137623]: DEBUG ovsdbapp.backend.ovs_idl [None req-4376c8fe-0352-411a-8e88-2900c4dc3cde None None] Created schema index Meter.name {{(pid=137623) autocreate_indices /usr/local/lib/python3.8/dist-packages/ovsdbapp/backend/ovs_idl/__init__.py:104}}
Sep 09 12:53:18 ubuntu neutron-server[137845]: DEBUG ovsdbapp.backend.ovs_idl [None req-88ba9401-785e-443d-be6a-a7c27eff9d18 None None] Created schema index Datapath_Binding.tunnel_key {{(pid=137845) autocreate_indices /usr/local/lib/python3.8/dist-packages/ovsdbapp/backend/ovs_idl/__init__.py:104}}
Sep 09 12:53:18 ubuntu neutron-server[137845]: DEBUG ovsdbapp.backend.ovs_idl [None req-88ba9401-785e-443d-be6a-a7c27eff9d18 None None] Created schema index Connection.target {{(pid=137845) autocreate_indices /usr/local/lib/python3.8/dist-packages/ovsdbapp/backend/ovs_idl/__init__.py:104}}
Sep 09 12:53:18 ubuntu neutron-server[137623]: DEBUG ovsdbapp.backend.ovs_idl [None req-4376c8fe-0352-411a-8e88-2900c4dc3cde None None] Created schema index Address_Set.name {{(pid=137623) autocreate_indices /usr/local/lib/python3.8/dist-packages/ovsdbapp/backend/ovs_idl/__init__.py:104}}
Sep 09 12:53:18 ubuntu neutron-server[137845]: INFO ovsdbapp.backend.ovs_idl.vlog [None req-88ba9401-785e-443d-be6a-a7c27eff9d18 None None] tcp:192.168.79.37:6642: connecting...
Sep 09 12:53:18 ubuntu neutron-server[137623]: DEBUG ovsdbapp.backend.ovs_idl [None req-4376c8fe-0352-411a-8e88-2900c4dc3cde None None] Created schema index HA_Chassis_Group.name {{(pid=137623) autocreate_indices /usr/local/lib/python3.8/dist-packages/ovsdbapp/backend/ovs_idl/__init__.py:104}}
Sep 09 12:53:18 ubuntu neutron-server[137845]: INFO ovsdbapp.backend.ovs_idl.vlog [None req-88ba9401-785e-443d-be6a-a7c27eff9d18 None None] tcp:192.168.79.37:6642: connected
Sep 09 12:53:18 ubuntu neutron-server[137623]: DEBUG ovsdbapp.backend.ovs_idl [None req-4376c8fe-0352-411a-8e88-2900c4dc3cde None None] Created schema index Connection.target {{(pid=137623) autocreate_indices /usr/local/lib/python3.8/dist-packages/ovsdbapp/backend/ovs_idl/__init__.py:104}}
Sep 09 12:53:18 ubuntu neutron-server[137623]: DEBUG ovsdbapp.backend.ovs_idl [None req-4376c8fe-0352-411a-8e88-2900c4dc3cde None None] Created schema index Gateway_Chassis.name {{(pid=137623) autocreate_indices /usr/local/lib/python3.8/dist-packages/ovsdbapp/backend/ovs_idl/__init__.py:104}}
Sep 09 12:53:18 ubuntu neutron-server[137623]: DEBUG ovsdbapp.backend.ovs_idl [None req-4376c8fe-0352-411a-8e88-2900c4dc3cde None None] Created schema index Logical_Router_Port.name {{(pid=137623) autocreate_indices /usr/local/lib/python3.8/dist-packages/ovsdbapp/backend/ovs_idl/__init__.py:104}}
Sep 09 12:53:18 ubuntu neutron-server[137623]: DEBUG ovsdbapp.backend.ovs_idl [None req-4376c8fe-0352-411a-8e88-2900c4dc3cde None None] Created schema index Port_Group.name {{(pid=137623) autocreate_indices /usr/local/lib/python3.8/dist-packages/ovsdbapp/backend/ovs_idl/__init__.py:104}}
Sep 09 12:53:18 ubuntu neutron-server[137623]: DEBUG ovsdbapp.backend.ovs_idl [None req-4376c8fe-0352-411a-8e88-2900c4dc3cde None None] Created schema index Logical_Switch_Port.name {{(pid=137623) autocreate_indices /usr/local/lib/python3.8/dist-packages/ovsdbapp/backend/ovs_idl/__init__.py:104}}
Sep 09 12:53:18 ubuntu neutron-server[137846]: DEBUG neutron.common.ovn.hash_ring_manager [None req-23e3b8b7-528b-45b8-94bb-dd16cc461369 None None] Allow caching, nodes 2>=2 {{(pid=137846) _wait_startup_before_caching /opt/stack/neutron/neutron/common/ovn/hash_ring_manager.py:60}}
Sep 09 12:53:18 ubuntu neutron-server[137623]: DEBUG ovsdbapp.backend.ovs_idl [None req-4376c8fe-0352-411a-8e88-2900c4dc3cde None None] Created lookup_table index Chassis.name {{(pid=137623) autocreate_indices /usr/local/lib/python3.8/dist-packages/ovsdbapp/backend/ovs_idl/__init__.py:85}}
Sep 09 12:53:18 ubuntu neutron-server[137623]: DEBUG ovsdbapp.backend.ovs_idl [None req-4376c8fe-0352-411a-8e88-2900c4dc3cde None None] Created lookup_table index MAC_Binding.ip {{(pid=137623) autocreate_indices /usr/local/lib/python3.8/dist-packages/ovsdbapp/backend/ovs_idl/__init__.py:85}}
Sep 09 12:53:18 ubuntu neutron-server[137623]: DEBUG ovsdbapp.backend.ovs_idl [None req-4376c8fe-0352-411a-8e88-2900c4dc3cde None None] Created schema index Meter.name {{(pid=137623) autocreate_indices /usr/local/lib/python3.8/dist-packages/ovsdbapp/backend/ovs_idl/__init__.py:104}}
Sep 09 12:53:18 ubuntu neutron-server[137623]: DEBUG ovsdbapp.backend.ovs_idl [None req-4376c8fe-0352-411a-8e88-2900c4dc3cde None None] Created schema index Address_Set.name {{(pid=137623) autocreate_indices /usr/local/lib/python3.8/dist-packages/ovsdbapp/backend/ovs_idl/__init__.py:104}}
Sep 09 12:53:18 ubuntu neutron-server[137623]: DEBUG ovsdbapp.backend.ovs_idl [None req-4376c8fe-0352-411a-8e88-2900c4dc3cde None None] Created schema index HA_Chassis_Group.name {{(pid=137623) autocreate_indices /usr/local/lib/python3.8/dist-packages/ovsdbapp/backend/ovs_idl/__init__.py:104}}
Sep 09 12:53:18 ubuntu neutron-server[137623]: DEBUG ovsdbapp.backend.ovs_idl [None req-4376c8fe-0352-411a-8e88-2900c4dc3cde None None] Created schema index IP_Multicast.datapath {{(pid=137623) autocreate_indices /usr/local/lib/python3.8/dist-packages/ovsdbapp/backend/ovs_idl/__init__.py:104}}
Sep 09 12:53:18 ubuntu neutron-server[137623]: DEBUG ovsdbapp.backend.ovs_idl [None req-4376c8fe-0352-411a-8e88-2900c4dc3cde None None] Created schema index Connection.target {{(pid=137623) autocreate_indices /usr/local/lib/python3.8/dist-packages/ovsdbapp/backend/ovs_idl/__init__.py:104}}
Sep 09 12:53:18 ubuntu neutron-server[137623]: DEBUG ovsdbapp.backend.ovs_idl [None req-4376c8fe-0352-411a-8e88-2900c4dc3cde None None] Created schema index Gateway_Chassis.name {{(pid=137623) autocreate_indices /usr/local/lib/python3.8/dist-packages/ovsdbapp/backend/ovs_idl/__init__.py:104}}
Sep 09 12:53:18 ubuntu neutron-server[137623]: DEBUG ovsdbapp.backend.ovs_idl [None req-4376c8fe-0352-411a-8e88-2900c4dc3cde None None] Created schema index Port_Group.name {{(pid=137623) autocreate_indices /usr/local/lib/python3.8/dist-packages/ovsdbapp/backend/ovs_idl/__init__.py:104}}
Sep 09 12:53:18 ubuntu neutron-server[137623]: DEBUG ovsdbapp.backend.ovs_idl [None req-4376c8fe-0352-411a-8e88-2900c4dc3cde None None] Created schema index Datapath_Binding.tunnel_key {{(pid=137623) autocreate_indices /usr/local/lib/python3.8/dist-packages/ovsdbapp/backend/ovs_idl/__init__.py:104}}
Sep 09 12:53:18 ubuntu neutron-server[137845]: DEBUG neutron.common.ovn.hash_ring_manager [None req-88ba9401-785e-443d-be6a-a7c27eff9d18 None None] Allow caching, nodes 2>=2 {{(pid=137845) _wait_startup_before_caching /opt/stack/neutron/neutron/common/ovn/hash_ring_manager.py:60}}
Sep 09 12:53:18 ubuntu neutron-server[137845]: DEBUG neutron.plugins.ml2.drivers.ovn.mech_driver.ovsdb.ovsdb_monitor [None req-88ba9401-785e-443d-be6a-a7c27eff9d18 None None] Hash Ring: Node 9f64e26b-33a9-4e57-9cfe-b8c166955637 (host: ubuntu) handling event "create" for row dc25336b-f45d-43d0-a57c-aef4d599378e (table: Database) {{(pid=137845) notify /opt/stack/neutron/neutron/plugins/ml2/drivers/ovn/mech_driver/ovsdb/ovsdb_monitor.py:743}}
Sep 09 12:53:18 ubuntu neutron-server[137846]: DEBUG neutron.plugins.ml2.drivers.ovn.mech_driver.ovsdb.ovsdb_monitor [None req-23e3b8b7-528b-45b8-94bb-dd16cc461369 None None] Hash Ring: Node 00bf585b-b684-44de-a7be-71468c689495 (host: ubuntu) handling event "create" for row e1ec5f35-e6ff-4379-864a-9f627c036769 (table: Port_Group) {{(pid=137846) notify /opt/stack/neutron/neutron/plugins/ml2/drivers/ovn/mech_driver/ovsdb/ovsdb_monitor.py:743}}
Sep 09 12:53:18 ubuntu neutron-server[137846]: DEBUG neutron.plugins.ml2.drivers.ovn.mech_driver.ovsdb.ovsdb_monitor [None req-23e3b8b7-528b-45b8-94bb-dd16cc461369 None None] Hash Ring: Node 00bf585b-b684-44de-a7be-71468c689495 (host: ubuntu) handling event "create" for row e961bcda-ecee-4422-baca-1e1ad1d1b250 (table: NB_Global) {{(pid=137846) notify /opt/stack/neutron/neutron/plugins/ml2/drivers/ovn/mech_driver/ovsdb/ovsdb_monitor.py:743}}
Sep 09 12:53:18 ubuntu neutron-server[137846]: INFO neutron.plugins.ml2.drivers.ovn.mech_driver.ovsdb.impl_idl_ovn [None req-23e3b8b7-528b-45b8-94bb-dd16cc461369 None None] Getting OvsdbSbOvnIdl for WorkerService with retry
Sep 09 12:53:18 ubuntu neutron-server[137845]: DEBUG neutron.plugins.ml2.drivers.ovn.mech_driver.ovsdb.ovsdb_monitor [None req-88ba9401-785e-443d-be6a-a7c27eff9d18 None None] Hash Ring: Node 9f64e26b-33a9-4e57-9cfe-b8c166955637 (host: ubuntu) handling event "create" for row 4d23d7d0-6c5c-4530-8b99-15af7d726ab8 (table: Database) {{(pid=137845) notify /opt/stack/neutron/neutron/plugins/ml2/drivers/ovn/mech_driver/ovsdb/ovsdb_monitor.py:743}}
Sep 09 12:53:18 ubuntu neutron-server[137846]: DEBUG ovsdbapp.backend.ovs_idl [None req-23e3b8b7-528b-45b8-94bb-dd16cc461369 None None] Created lookup_table index Chassis.name {{(pid=137846) autocreate_indices /usr/local/lib/python3.8/dist-packages/ovsdbapp/backend/ovs_idl/__init__.py:85}}
Sep 09 12:53:18 ubuntu neutron-server[137846]: DEBUG ovsdbapp.backend.ovs_idl [None req-23e3b8b7-528b-45b8-94bb-dd16cc461369 None None] Created schema index Datapath_Binding.tunnel_key {{(pid=137846) autocreate_indices /usr/local/lib/python3.8/dist-packages/ovsdbapp/backend/ovs_idl/__init__.py:104}}
Sep 09 12:53:18 ubuntu neutron-server[137846]: DEBUG ovsdbapp.backend.ovs_idl [None req-23e3b8b7-528b-45b8-94bb-dd16cc461369 None None] Created schema index Connection.target {{(pid=137846) autocreate_indices /usr/local/lib/python3.8/dist-packages/ovsdbapp/backend/ovs_idl/__init__.py:104}}
Sep 09 12:53:18 ubuntu neutron-server[137846]: INFO ovsdbapp.backend.ovs_idl.vlog [None req-23e3b8b7-528b-45b8-94bb-dd16cc461369 None None] tcp:192.168.79.37:6642: connecting...
Sep 09 12:53:18 ubuntu neutron-server[137845]: DEBUG neutron.plugins.ml2.drivers.ovn.mech_driver.ovsdb.ovsdb_monitor [None req-88ba9401-785e-443d-be6a-a7c27eff9d18 None None] ChassisMetadataAgentWriteEvent : Matched Chassis, create, None None {{(pid=137845) matches /opt/stack/neutron/neutron/plugins/ml2/drivers/ovn/mech_driver/ovsdb/ovsdb_monitor.py:62}}
Sep 09 12:53:18 ubuntu neutron-server[137845]: DEBUG neutron.plugins.ml2.drivers.ovn.mech_driver.ovsdb.ovsdb_monitor [None req-88ba9401-785e-443d-be6a-a7c27eff9d18 None None] ChassisAgentWriteEvent : Matched Chassis, create, None None {{(pid=137845) matches /opt/stack/neutron/neutron/plugins/ml2/drivers/ovn/mech_driver/ovsdb/ovsdb_monitor.py:62}}
Sep 09 12:53:18 ubuntu neutron-server[137845]: DEBUG neutron.plugins.ml2.drivers.ovn.mech_driver.ovsdb.ovsdb_monitor [None req-88ba9401-785e-443d-be6a-a7c27eff9d18 None None] Hash Ring: Node 9f64e26b-33a9-4e57-9cfe-b8c166955637 (host: ubuntu) handling event "create" for row 9939fbb6-78bf-40fc-928b-a193006cb49c (table: Chassis) {{(pid=137845) notify /opt/stack/neutron/neutron/plugins/ml2/drivers/ovn/mech_driver/ovsdb/ovsdb_monitor.py:743}}
Sep 09 12:53:18 ubuntu neutron-server[137845]: DEBUG neutron.plugins.ml2.drivers.ovn.mech_driver.ovsdb.ovsdb_monitor [None req-88ba9401-785e-443d-be6a-a7c27eff9d18 None None] Hash Ring: Node 9f64e26b-33a9-4e57-9cfe-b8c166955637 (host: ubuntu) handling event "create" for row ac177a79-9b03-4762-9260-d9d3a8869153 (table: Connection) {{(pid=137845) notify /opt/stack/neutron/neutron/plugins/ml2/drivers/ovn/mech_driver/ovsdb/ovsdb_monitor.py:743}}
Sep 09 12:53:18 ubuntu neutron-server[137846]: INFO ovsdbapp.backend.ovs_idl.vlog [None req-23e3b8b7-528b-45b8-94bb-dd16cc461369 None None] tcp:192.168.79.37:6642: connected
Sep 09 12:53:18 ubuntu neutron-server[137845]: INFO neutron.wsgi [-] (137845) wsgi starting up on http://0.0.0.0:9696
Sep 09 12:53:18 ubuntu neutron-server[137623]: INFO oslo_service.service [None req-4376c8fe-0352-411a-8e88-2900c4dc3cde None None] Starting 1 workers
Sep 09 12:53:18 ubuntu neutron-server[137623]: DEBUG oslo_service.service [None req-4376c8fe-0352-411a-8e88-2900c4dc3cde None None] Started child 137851 {{(pid=137623) _start_child /usr/local/lib/python3.8/dist-packages/oslo_service/service.py:575}}
Sep 09 12:53:18 ubuntu neutron-server[137623]: INFO oslo_service.service [None req-4376c8fe-0352-411a-8e88-2900c4dc3cde None None] Starting 1 workers
Sep 09 12:53:18 ubuntu neutron-server[137851]: DEBUG neutron.service [None req-4376c8fe-0352-411a-8e88-2900c4dc3cde None None] calling RpcWorker wait() {{(pid=137851) _wait /opt/stack/neutron/neutron/service.py:128}}
Sep 09 12:53:18 ubuntu neutron-server[137851]: DEBUG neutron.service [None req-4376c8fe-0352-411a-8e88-2900c4dc3cde None None] returning from RpcWorker wait() {{(pid=137851) _wait /opt/stack/neutron/neutron/service.py:135}}
Sep 09 12:53:18 ubuntu neutron-server[137623]: DEBUG oslo_service.service [None req-4376c8fe-0352-411a-8e88-2900c4dc3cde None None] Started child 137852 {{(pid=137623) _start_child /usr/local/lib/python3.8/dist-packages/oslo_service/service.py:575}}
