Sep 01 18:34:33 ubuntu neutron-server[121181]: DEBUG neutron.api.extensions [None req-17574dd4-2037-4b06-9188-6f9cd0543873 None None] Loading extension file: timestamp.py {{(pid=121181) _load_all_extensions_from_path /opt/stack/neutron/neutron/api/extensions.py:450}}
Sep 01 18:34:33 ubuntu neutron-server[121181]: DEBUG neutron.api.extensions [None req-17574dd4-2037-4b06-9188-6f9cd0543873 None None] Ext name="Resource timestamps" alias="standard-attr-timestamp" description="Adds created_at and updated_at fields to all Neutron resources that have Neutron standard attributes." updated="2016-09-12T10:00:00-00:00" {{(pid=121181) _check_extension /opt/stack/neutron/neutron/api/extensions.py:416}}
Sep 01 18:34:33 ubuntu neutron-server[121181]: INFO neutron.api.extensions [None req-17574dd4-2037-4b06-9188-6f9cd0543873 None None] Loaded extension: standard-attr-timestamp
Sep 01 18:34:33 ubuntu neutron-server[121181]: DEBUG neutron.api.extensions [None req-17574dd4-2037-4b06-9188-6f9cd0543873 None None] Loading extension file: trunk.py {{(pid=121181) _load_all_extensions_from_path /opt/stack/neutron/neutron/api/extensions.py:450}}
Sep 01 18:34:33 ubuntu neutron-server[121181]: DEBUG neutron.api.extensions [None req-17574dd4-2037-4b06-9188-6f9cd0543873 None None] Ext name="Trunk Extension" alias="trunk" description="Provides support for trunk ports" updated="2016-01-01T10:00:00-00:00" {{(pid=121181) _check_extension /opt/stack/neutron/neutron/api/extensions.py:416}}
Sep 01 18:34:33 ubuntu neutron-server[121181]: INFO neutron.api.extensions [None req-17574dd4-2037-4b06-9188-6f9cd0543873 None None] Extension trunk not supported by any of loaded plugins
Sep 01 18:34:33 ubuntu neutron-server[121181]: DEBUG neutron.api.extensions [None req-17574dd4-2037-4b06-9188-6f9cd0543873 None None] Loading extension file: trunk_details.py {{(pid=121181) _load_all_extensions_from_path /opt/stack/neutron/neutron/api/extensions.py:450}}
Sep 01 18:34:33 ubuntu neutron-server[121181]: DEBUG neutron.api.extensions [None req-17574dd4-2037-4b06-9188-6f9cd0543873 None None] Ext name="Trunk port details" alias="trunk-details" description="Expose trunk port details" updated="2016-01-01T10:00:00-00:00" {{(pid=121181) _check_extension /opt/stack/neutron/neutron/api/extensions.py:416}}
Sep 01 18:34:33 ubuntu neutron-server[121181]: INFO neutron.api.extensions [None req-17574dd4-2037-4b06-9188-6f9cd0543873 None None] Extension trunk-details not supported by any of loaded plugins
Sep 01 18:34:33 ubuntu neutron-server[121181]: DEBUG neutron.api.extensions [None req-17574dd4-2037-4b06-9188-6f9cd0543873 None None] Loading extension file: uplink_status_propagation.py {{(pid=121181) _load_all_extensions_from_path /opt/stack/neutron/neutron/api/extensions.py:450}}
Sep 01 18:34:33 ubuntu neutron-server[121181]: DEBUG neutron.api.extensions [None req-17574dd4-2037-4b06-9188-6f9cd0543873 None None] Ext name="Uplink status propagation extension" alias="uplink-status-propagation" description="Provides ability to propagate port uplink status." updated="2018-05-31T18:00:00-00:00" {{(pid=121181) _check_extension /opt/stack/neutron/neutron/api/extensions.py:416}}
Sep 01 18:34:33 ubuntu neutron-server[121181]: INFO neutron.api.extensions [None req-17574dd4-2037-4b06-9188-6f9cd0543873 None None] Extension uplink-status-propagation not supported by any of loaded plugins
Sep 01 18:34:33 ubuntu neutron-server[121181]: DEBUG neutron.api.extensions [None req-17574dd4-2037-4b06-9188-6f9cd0543873 None None] Loading extension file: vlantransparent.py {{(pid=121181) _load_all_extensions_from_path /opt/stack/neutron/neutron/api/extensions.py:450}}
Sep 01 18:34:33 ubuntu neutron-server[121181]: DEBUG neutron.api.extensions [None req-17574dd4-2037-4b06-9188-6f9cd0543873 None None] Ext name="Vlantransparent" alias="vlan-transparent" description="Provides Vlan Transparent Networks" updated="2015-03-23T09:00:00-00:00" {{(pid=121181) _check_extension /opt/stack/neutron/neutron/api/extensions.py:416}}
Sep 01 18:34:33 ubuntu neutron-server[121181]: INFO neutron.api.extensions [None req-17574dd4-2037-4b06-9188-6f9cd0543873 None None] Extension vlan-transparent not supported by any of loaded plugins
Sep 01 18:34:33 ubuntu neutron-server[121181]: INFO neutron.quota.resource_registry [None req-17574dd4-2037-4b06-9188-6f9cd0543873 None None] Creating instance of TrackedResource for resource:network
Sep 01 18:34:33 ubuntu neutron-server[121181]: INFO neutron.quota.resource_registry [None req-17574dd4-2037-4b06-9188-6f9cd0543873 None None] Creating instance of TrackedResource for resource:subnet
Sep 01 18:34:33 ubuntu neutron-server[121181]: INFO neutron.quota.resource_registry [None req-17574dd4-2037-4b06-9188-6f9cd0543873 None None] Creating instance of TrackedResource for resource:subnetpool
Sep 01 18:34:33 ubuntu neutron-server[121181]: INFO neutron.quota.resource_registry [None req-17574dd4-2037-4b06-9188-6f9cd0543873 None None] Creating instance of TrackedResource for resource:port
Sep 01 18:34:33 ubuntu neutron-server[121181]: DEBUG neutron.api.v2.resource_helper [None req-17574dd4-2037-4b06-9188-6f9cd0543873 None None] Service FLAVORS assigned prefix:  {{(pid=121181) build_resource_info /opt/stack/neutron/neutron/api/v2/resource_helper.py:77}}
Sep 01 18:34:33 ubuntu neutron-server[121181]: DEBUG neutron.api.v2.resource_helper [None req-17574dd4-2037-4b06-9188-6f9cd0543873 None None] Service L3_ROUTER_NAT assigned prefix:  {{(pid=121181) build_resource_info /opt/stack/neutron/neutron/api/v2/resource_helper.py:77}}
Sep 01 18:34:33 ubuntu neutron-server[121181]: DEBUG neutron.api.v2.resource_helper [None req-17574dd4-2037-4b06-9188-6f9cd0543873 None None] Service L3_ROUTER_NAT assigned prefix:  {{(pid=121181) build_resource_info /opt/stack/neutron/neutron/api/v2/resource_helper.py:77}}
Sep 01 18:34:33 ubuntu neutron-server[121181]: INFO neutron.quota.resource_registry [None req-17574dd4-2037-4b06-9188-6f9cd0543873 None None] Creating instance of TrackedResource for resource:router
Sep 01 18:34:33 ubuntu neutron-server[121181]: INFO neutron.quota.resource_registry [None req-17574dd4-2037-4b06-9188-6f9cd0543873 None None] Creating instance of TrackedResource for resource:floatingip
Sep 01 18:34:33 ubuntu neutron-server[121181]: DEBUG neutron_lib.callbacks.manager [None req-17574dd4-2037-4b06-9188-6f9cd0543873 None None] Subscribe: <bound method NeutronDbPluginV2.validate_network_rbac_policy_change of <neutron.services.network_ip_availability.plugin.NetworkIPAvailabilityPlugin object at 0x7fe90e4a8df0>> rbac-policy before_create 55550000 {{(pid=121181) subscribe /usr/local/lib/python3.8/dist-packages/neutron_lib/callbacks/manager.py:45}}
Sep 01 18:34:33 ubuntu neutron-server[121181]: DEBUG neutron_lib.callbacks.manager [None req-17574dd4-2037-4b06-9188-6f9cd0543873 None None] Subscribe: <bound method NeutronDbPluginV2.validate_network_rbac_policy_change of <neutron.services.network_ip_availability.plugin.NetworkIPAvailabilityPlugin object at 0x7fe90e4a8df0>> rbac-policy before_update 55550000 {{(pid=121181) subscribe /usr/local/lib/python3.8/dist-packages/neutron_lib/callbacks/manager.py:45}}
Sep 01 18:34:33 ubuntu neutron-server[121181]: DEBUG neutron_lib.callbacks.manager [None req-17574dd4-2037-4b06-9188-6f9cd0543873 None None] Subscribe: <bound method NeutronDbPluginV2.validate_network_rbac_policy_change of <neutron.services.network_ip_availability.plugin.NetworkIPAvailabilityPlugin object at 0x7fe90e4a8df0>> rbac-policy before_delete 55550000 {{(pid=121181) subscribe /usr/local/lib/python3.8/dist-packages/neutron_lib/callbacks/manager.py:45}}
Sep 01 18:34:33 ubuntu neutron-server[121181]: INFO neutron.quota.resource_registry [None req-17574dd4-2037-4b06-9188-6f9cd0543873 None None] Creating instance of CountableResource for resource:rbac_policy
Sep 01 18:34:33 ubuntu neutron-server[121181]: INFO neutron.quota.resource_registry [None req-17574dd4-2037-4b06-9188-6f9cd0543873 None None] Creating instance of TrackedResource for resource:security_group
Sep 01 18:34:33 ubuntu neutron-server[121181]: INFO neutron.quota.resource_registry [None req-17574dd4-2037-4b06-9188-6f9cd0543873 None None] Creating instance of TrackedResource for resource:security_group_rule
Sep 01 18:34:33 ubuntu neutron-server[121181]: DEBUG neutron.api.v2.resource_helper [None req-17574dd4-2037-4b06-9188-6f9cd0543873 None None] Service FLAVORS assigned prefix:  {{(pid=121181) build_resource_info /opt/stack/neutron/neutron/api/v2/resource_helper.py:77}}
Sep 01 18:34:33 ubuntu neutron-server[121181]: DEBUG neutron.api.v2.resource_helper [None req-17574dd4-2037-4b06-9188-6f9cd0543873 None None] Service L3_ROUTER_NAT assigned prefix:  {{(pid=121181) build_resource_info /opt/stack/neutron/neutron/api/v2/resource_helper.py:77}}
Sep 01 18:34:33 ubuntu neutron-server[121181]: DEBUG neutron.api.v2.resource_helper [None req-17574dd4-2037-4b06-9188-6f9cd0543873 None None] Service L3_ROUTER_NAT assigned prefix:  {{(pid=121181) build_resource_info /opt/stack/neutron/neutron/api/v2/resource_helper.py:77}}
Sep 01 18:34:33 ubuntu neutron-server[121181]: INFO neutron.quota.resource_registry [None req-17574dd4-2037-4b06-9188-6f9cd0543873 None None] Creating instance of TrackedResource for resource:router
Sep 01 18:34:33 ubuntu neutron-server[121181]: WARNING neutron.quota.resource_registry [None req-17574dd4-2037-4b06-9188-6f9cd0543873 None None] router is already registered
Sep 01 18:34:33 ubuntu neutron-server[121181]: INFO neutron.quota.resource_registry [None req-17574dd4-2037-4b06-9188-6f9cd0543873 None None] Creating instance of TrackedResource for resource:floatingip
Sep 01 18:34:33 ubuntu neutron-server[121181]: WARNING neutron.quota.resource_registry [None req-17574dd4-2037-4b06-9188-6f9cd0543873 None None] floatingip is already registered
Sep 01 18:34:33 ubuntu neutron-server[121181]: INFO neutron.quota.resource_registry [None req-17574dd4-2037-4b06-9188-6f9cd0543873 None None] Creating instance of CountableResource for resource:rbac_policy
Sep 01 18:34:33 ubuntu neutron-server[121181]: WARNING neutron.quota.resource_registry [None req-17574dd4-2037-4b06-9188-6f9cd0543873 None None] rbac_policy is already registered
Sep 01 18:34:33 ubuntu neutron-server[121181]: INFO neutron.quota.resource_registry [None req-17574dd4-2037-4b06-9188-6f9cd0543873 None None] Creating instance of TrackedResource for resource:security_group
Sep 01 18:34:33 ubuntu neutron-server[121181]: WARNING neutron.quota.resource_registry [None req-17574dd4-2037-4b06-9188-6f9cd0543873 None None] security_group is already registered
Sep 01 18:34:33 ubuntu neutron-server[121181]: INFO neutron.quota.resource_registry [None req-17574dd4-2037-4b06-9188-6f9cd0543873 None None] Creating instance of TrackedResource for resource:security_group_rule
Sep 01 18:34:33 ubuntu neutron-server[121181]: WARNING neutron.quota.resource_registry [None req-17574dd4-2037-4b06-9188-6f9cd0543873 None None] security_group_rule is already registered
Sep 01 18:34:33 ubuntu neutron-server[121181]: DEBUG neutron.api.extensions [None req-17574dd4-2037-4b06-9188-6f9cd0543873 None None] Extended resource: extensions {{(pid=121181) __init__ /opt/stack/neutron/neutron/api/extensions.py:157}}
Sep 01 18:34:33 ubuntu neutron-server[121181]: DEBUG neutron.api.extensions [None req-17574dd4-2037-4b06-9188-6f9cd0543873 None None] Extended resource: address-groups {{(pid=121181) __init__ /opt/stack/neutron/neutron/api/extensions.py:157}}
Sep 01 18:34:33 ubuntu neutron-server[121181]: DEBUG neutron.api.extensions [None req-17574dd4-2037-4b06-9188-6f9cd0543873 None None] Extended resource: address-scopes {{(pid=121181) __init__ /opt/stack/neutron/neutron/api/extensions.py:157}}
Sep 01 18:34:33 ubuntu neutron-server[121181]: DEBUG neutron.api.extensions [None req-17574dd4-2037-4b06-9188-6f9cd0543873 None None] Extended resource: agents {{(pid=121181) __init__ /opt/stack/neutron/neutron/api/extensions.py:157}}
Sep 01 18:34:33 ubuntu neutron-server[121181]: DEBUG neutron.api.extensions [None req-17574dd4-2037-4b06-9188-6f9cd0543873 None None] Extended resource: auto-allocated-topology {{(pid=121181) __init__ /opt/stack/neutron/neutron/api/extensions.py:157}}
Sep 01 18:34:33 ubuntu neutron-server[121181]: DEBUG neutron.api.extensions [None req-17574dd4-2037-4b06-9188-6f9cd0543873 None None] Extended resource: availability_zones {{(pid=121181) __init__ /opt/stack/neutron/neutron/api/extensions.py:157}}
Sep 01 18:34:33 ubuntu neutron-server[121181]: DEBUG neutron.api.extensions [None req-17574dd4-2037-4b06-9188-6f9cd0543873 None None] Extended resource: flavors {{(pid=121181) __init__ /opt/stack/neutron/neutron/api/extensions.py:157}}
Sep 01 18:34:33 ubuntu neutron-server[121181]: DEBUG neutron.api.extensions [None req-17574dd4-2037-4b06-9188-6f9cd0543873 None None] Extended resource: service_profiles {{(pid=121181) __init__ /opt/stack/neutron/neutron/api/extensions.py:157}}
Sep 01 18:34:33 ubuntu neutron-server[121181]: DEBUG neutron.api.extensions [None req-17574dd4-2037-4b06-9188-6f9cd0543873 None None] Extended resource: next_providers {{(pid=121181) __init__ /opt/stack/neutron/neutron/api/extensions.py:157}}
Sep 01 18:34:33 ubuntu neutron-server[121181]: DEBUG neutron.api.extensions [None req-17574dd4-2037-4b06-9188-6f9cd0543873 None None] Extended resource: service_profiles {{(pid=121181) __init__ /opt/stack/neutron/neutron/api/extensions.py:157}}
Sep 01 18:34:33 ubuntu neutron-server[121181]: DEBUG neutron.api.extensions [None req-17574dd4-2037-4b06-9188-6f9cd0543873 None None] Extended resource: floatingip-pools {{(pid=121181) __init__ /opt/stack/neutron/neutron/api/extensions.py:157}}
Sep 01 18:34:33 ubuntu neutron-server[121181]: DEBUG neutron.api.extensions [None req-17574dd4-2037-4b06-9188-6f9cd0543873 None None] Extended resource: routers {{(pid=121181) __init__ /opt/stack/neutron/neutron/api/extensions.py:157}}
Sep 01 18:34:33 ubuntu neutron-server[121181]: DEBUG neutron.api.extensions [None req-17574dd4-2037-4b06-9188-6f9cd0543873 None None] Extended resource: floatingips {{(pid=121181) __init__ /opt/stack/neutron/neutron/api/extensions.py:157}}
Sep 01 18:34:33 ubuntu neutron-server[121181]: DEBUG neutron.api.extensions [None req-17574dd4-2037-4b06-9188-6f9cd0543873 None None] Extended resource: network-ip-availabilities {{(pid=121181) __init__ /opt/stack/neutron/neutron/api/extensions.py:157}}
Sep 01 18:34:33 ubuntu neutron-server[121181]: DEBUG neutron.api.extensions [None req-17574dd4-2037-4b06-9188-6f9cd0543873 None None] Extended resource: bindings {{(pid=121181) __init__ /opt/stack/neutron/neutron/api/extensions.py:157}}
Sep 01 18:34:33 ubuntu neutron-server[121181]: DEBUG neutron.api.extensions [None req-17574dd4-2037-4b06-9188-6f9cd0543873 None None] Extended resource: quotas {{(pid=121181) __init__ /opt/stack/neutron/neutron/api/extensions.py:157}}
Sep 01 18:34:33 ubuntu neutron-server[121181]: DEBUG neutron.api.extensions [None req-17574dd4-2037-4b06-9188-6f9cd0543873 None None] Extended resource: quotas {{(pid=121181) __init__ /opt/stack/neutron/neutron/api/extensions.py:157}}
Sep 01 18:34:33 ubuntu neutron-server[121181]: DEBUG neutron.api.extensions [None req-17574dd4-2037-4b06-9188-6f9cd0543873 None None] Extended resource: rbac-policies {{(pid=121181) __init__ /opt/stack/neutron/neutron/api/extensions.py:157}}
Sep 01 18:34:33 ubuntu neutron-server[121181]: DEBUG neutron.api.extensions [None req-17574dd4-2037-4b06-9188-6f9cd0543873 None None] Extended resource: security-groups {{(pid=121181) __init__ /opt/stack/neutron/neutron/api/extensions.py:157}}
Sep 01 18:34:33 ubuntu neutron-server[121181]: DEBUG neutron.api.extensions [None req-17574dd4-2037-4b06-9188-6f9cd0543873 None None] Extended resource: security-group-rules {{(pid=121181) __init__ /opt/stack/neutron/neutron/api/extensions.py:157}}
Sep 01 18:34:33 ubuntu neutron-server[121181]: DEBUG neutron.api.extensions [None req-17574dd4-2037-4b06-9188-6f9cd0543873 None None] Extended resource: service-providers {{(pid=121181) __init__ /opt/stack/neutron/neutron/api/extensions.py:157}}
Sep 01 18:34:33 ubuntu neutron-server[121181]: DEBUG neutron.api.extensions [None req-17574dd4-2037-4b06-9188-6f9cd0543873 None None] Extended resource: tags {{(pid=121181) __init__ /opt/stack/neutron/neutron/api/extensions.py:157}}
Sep 01 18:34:33 ubuntu neutron-server[121181]: DEBUG neutron.api.extensions [None req-17574dd4-2037-4b06-9188-6f9cd0543873 None None] Extended resource: tags {{(pid=121181) __init__ /opt/stack/neutron/neutron/api/extensions.py:157}}
Sep 01 18:34:33 ubuntu neutron-server[121181]: DEBUG neutron.api.extensions [None req-17574dd4-2037-4b06-9188-6f9cd0543873 None None] Extended resource: tags {{(pid=121181) __init__ /opt/stack/neutron/neutron/api/extensions.py:157}}
Sep 01 18:34:33 ubuntu neutron-server[121181]: DEBUG neutron.api.extensions [None req-17574dd4-2037-4b06-9188-6f9cd0543873 None None] Extended resource: tags {{(pid=121181) __init__ /opt/stack/neutron/neutron/api/extensions.py:157}}
Sep 01 18:34:33 ubuntu neutron-server[121181]: DEBUG neutron.api.extensions [None req-17574dd4-2037-4b06-9188-6f9cd0543873 None None] Extended resource: tags {{(pid=121181) __init__ /opt/stack/neutron/neutron/api/extensions.py:157}}
Sep 01 18:34:33 ubuntu neutron-server[121181]: DEBUG neutron.api.extensions [None req-17574dd4-2037-4b06-9188-6f9cd0543873 None None] Extended resource: tags {{(pid=121181) __init__ /opt/stack/neutron/neutron/api/extensions.py:157}}
Sep 01 18:34:33 ubuntu neutron-server[121181]: DEBUG neutron.api.extensions [None req-17574dd4-2037-4b06-9188-6f9cd0543873 None None] Extended resource: tags {{(pid=121181) __init__ /opt/stack/neutron/neutron/api/extensions.py:157}}
Sep 01 18:34:33 ubuntu neutron-server[121181]: DEBUG neutron.api.extensions [None req-17574dd4-2037-4b06-9188-6f9cd0543873 None None] Extended resource: tags {{(pid=121181) __init__ /opt/stack/neutron/neutron/api/extensions.py:157}}
Sep 01 18:34:33 ubuntu neutron-server[121181]: DEBUG neutron.api.extensions [None req-17574dd4-2037-4b06-9188-6f9cd0543873 None None] Extended resource: tags {{(pid=121181) __init__ /opt/stack/neutron/neutron/api/extensions.py:157}}
Sep 01 18:34:33 ubuntu neutron-server[121181]: DEBUG neutron.api.extensions [None req-17574dd4-2037-4b06-9188-6f9cd0543873 None None] Extended resource: tags {{(pid=121181) __init__ /opt/stack/neutron/neutron/api/extensions.py:157}}
Sep 01 18:34:33 ubuntu neutron-server[121181]: WARNING keystonemiddleware.auth_token [None req-17574dd4-2037-4b06-9188-6f9cd0543873 None None] AuthToken middleware is set with keystone_authtoken.service_token_roles_required set to False. This is backwards compatible but deprecated behaviour. Please set this to True.
Sep 01 18:34:33 ubuntu neutron-server[121181]: WARNING keystonemiddleware.auth_token [None req-17574dd4-2037-4b06-9188-6f9cd0543873 None None] Configuring www_authenticate_uri to point to the public identity endpoint is required; clients may not be able to authenticate against an admin endpoint
Sep 01 18:34:33 ubuntu neutron-server[121181]: DEBUG oslo_concurrency.lockutils [None req-17574dd4-2037-4b06-9188-6f9cd0543873 None None] Acquiring lock "singleton_lock" {{(pid=121181) lock /usr/local/lib/python3.8/dist-packages/oslo_concurrency/lockutils.py:293}}
Sep 01 18:34:33 ubuntu neutron-server[121181]: DEBUG oslo_concurrency.lockutils [None req-17574dd4-2037-4b06-9188-6f9cd0543873 None None] Acquired lock "singleton_lock" {{(pid=121181) lock /usr/local/lib/python3.8/dist-packages/oslo_concurrency/lockutils.py:296}}
Sep 01 18:34:33 ubuntu neutron-server[121181]: DEBUG oslo_concurrency.lockutils [None req-17574dd4-2037-4b06-9188-6f9cd0543873 None None] Releasing lock "singleton_lock" {{(pid=121181) lock /usr/local/lib/python3.8/dist-packages/oslo_concurrency/lockutils.py:314}}
Sep 01 18:34:33 ubuntu neutron-server[121181]: INFO oslo_service.service [None req-17574dd4-2037-4b06-9188-6f9cd0543873 None None] Starting 2 workers
Sep 01 18:34:33 ubuntu neutron-server[121181]: DEBUG oslo_service.service [None req-17574dd4-2037-4b06-9188-6f9cd0543873 None None] Started child 121395 {{(pid=121181) _start_child /usr/local/lib/python3.8/dist-packages/oslo_service/service.py:575}}
Sep 01 18:34:33 ubuntu neutron-server[121181]: DEBUG oslo_service.service [None req-17574dd4-2037-4b06-9188-6f9cd0543873 None None] Started child 121396 {{(pid=121181) _start_child /usr/local/lib/python3.8/dist-packages/oslo_service/service.py:575}}
Sep 01 18:34:33 ubuntu neutron-server[121181]: INFO neutron.service [None req-17574dd4-2037-4b06-9188-6f9cd0543873 None None] Neutron service started, listening on 0.0.0.0:9696
Sep 01 18:34:33 ubuntu neutron-server[121181]: DEBUG neutron_lib.callbacks.manager [None req-17574dd4-2037-4b06-9188-6f9cd0543873 None None] Publish callbacks ['neutron.plugins.ml2.drivers.ovn.mech_driver.mech_driver.OVNMechanismDriver.pre_fork_initialize-616231'] for process (None), before_spawn {{(pid=121181) _notify_loop /usr/local/lib/python3.8/dist-packages/neutron_lib/callbacks/manager.py:176}}
Sep 01 18:34:33 ubuntu neutron-server[121395]: DEBUG neutron_lib.callbacks.manager [-] Publish callbacks ['neutron.plugins.ml2.drivers.ovn.mech_driver.mech_driver.OVNMechanismDriver.post_fork_initialize-616195'] for process (None), after_init {{(pid=121395) _notify_loop /usr/local/lib/python3.8/dist-packages/neutron_lib/callbacks/manager.py:176}}
Sep 01 18:34:33 ubuntu neutron-server[121396]: DEBUG neutron_lib.callbacks.manager [-] Publish callbacks ['neutron.plugins.ml2.drivers.ovn.mech_driver.mech_driver.OVNMechanismDriver.post_fork_initialize-616195'] for process (None), after_init {{(pid=121396) _notify_loop /usr/local/lib/python3.8/dist-packages/neutron_lib/callbacks/manager.py:176}}
Sep 01 18:34:33 ubuntu neutron-server[121395]: DEBUG dbcounter [-] [121395] Writer thread running {{(pid=121395) stat_writer /usr/local/lib/python3.8/dist-packages/dbcounter.py:99}}
Sep 01 18:34:33 ubuntu neutron-server[121396]: DEBUG dbcounter [-] [121396] Writer thread running {{(pid=121396) stat_writer /usr/local/lib/python3.8/dist-packages/dbcounter.py:99}}
Sep 01 18:34:33 ubuntu neutron-server[121181]: DEBUG ovsdbapp.backend.ovs_idl [None req-17574dd4-2037-4b06-9188-6f9cd0543873 None None] Created schema index Port_Group.name {{(pid=121181) autocreate_indices /usr/local/lib/python3.8/dist-packages/ovsdbapp/backend/ovs_idl/__init__.py:104}}
Sep 01 18:34:33 ubuntu neutron-server[121181]: DEBUG ovsdbapp.backend.ovs_idl [None req-17574dd4-2037-4b06-9188-6f9cd0543873 None None] Created schema index Logical_Switch_Port.name {{(pid=121181) autocreate_indices /usr/local/lib/python3.8/dist-packages/ovsdbapp/backend/ovs_idl/__init__.py:104}}
Sep 01 18:34:33 ubuntu neutron-server[121181]: DEBUG ovsdbapp.backend.ovs_idl.transaction [-] Running txn n=1 command(idx=0): PgAddCommand(name=neutron_pg_drop, may_exist=True, columns={'acls': []}) {{(pid=121181) do_commit /usr/local/lib/python3.8/dist-packages/ovsdbapp/backend/ovs_idl/transaction.py:90}}
Sep 01 18:34:33 ubuntu neutron-server[121181]: DEBUG ovsdbapp.backend.ovs_idl.transaction [-] Running txn n=1 command(idx=1): PgAclAddCommand(entity=neutron_pg_drop, direction=from-lport, priority=1001, match=inport == @neutron_pg_drop && ip, action=drop, log=False, may_exist=True, severity=[], name=[], meter=None, external_ids={}) {{(pid=121181) do_commit /usr/local/lib/python3.8/dist-packages/ovsdbapp/backend/ovs_idl/transaction.py:90}}
Sep 01 18:34:33 ubuntu neutron-server[121181]: DEBUG ovsdbapp.backend.ovs_idl.transaction [-] Running txn n=1 command(idx=2): PgAclAddCommand(entity=neutron_pg_drop, direction=to-lport, priority=1001, match=outport == @neutron_pg_drop && ip, action=drop, log=False, may_exist=True, severity=[], name=[], meter=None, external_ids={}) {{(pid=121181) do_commit /usr/local/lib/python3.8/dist-packages/ovsdbapp/backend/ovs_idl/transaction.py:90}}
Sep 01 18:34:33 ubuntu neutron-server[121181]: DEBUG ovsdbapp.backend.ovs_idl.transaction [-] OVSDB transaction returned TRY_AGAIN, retrying {{(pid=121181) do_commit /usr/local/lib/python3.8/dist-packages/ovsdbapp/backend/ovs_idl/transaction.py:107}}
Sep 01 18:34:33 ubuntu neutron-server[121396]: INFO neutron.plugins.ml2.drivers.ovn.mech_driver.ovsdb.impl_idl_ovn [None req-7436e90f-dba8-4f54-b91c-70285c2d54c7 None None] Getting OvsdbNbOvnIdl for WorkerService with retry
Sep 01 18:34:33 ubuntu neutron-server[121395]: INFO neutron.plugins.ml2.drivers.ovn.mech_driver.ovsdb.impl_idl_ovn [None req-3104255b-eb45-4130-9bf5-f82af7d8c19d None None] Getting OvsdbNbOvnIdl for WorkerService with retry
Sep 01 18:34:33 ubuntu neutron-server[121396]: DEBUG ovsdbapp.backend.ovs_idl [None req-7436e90f-dba8-4f54-b91c-70285c2d54c7 None None] Created lookup_table index Logical_Switch.name {{(pid=121396) autocreate_indices /usr/local/lib/python3.8/dist-packages/ovsdbapp/backend/ovs_idl/__init__.py:85}}
Sep 01 18:34:33 ubuntu neutron-server[121395]: DEBUG ovsdbapp.backend.ovs_idl [None req-3104255b-eb45-4130-9bf5-f82af7d8c19d None None] Created lookup_table index Logical_Switch.name {{(pid=121395) autocreate_indices /usr/local/lib/python3.8/dist-packages/ovsdbapp/backend/ovs_idl/__init__.py:85}}
Sep 01 18:34:33 ubuntu neutron-server[121396]: DEBUG ovsdbapp.backend.ovs_idl [None req-7436e90f-dba8-4f54-b91c-70285c2d54c7 None None] Created lookup_table index Logical_Router.name {{(pid=121396) autocreate_indices /usr/local/lib/python3.8/dist-packages/ovsdbapp/backend/ovs_idl/__init__.py:85}}
Sep 01 18:34:33 ubuntu neutron-server[121395]: DEBUG ovsdbapp.backend.ovs_idl [None req-3104255b-eb45-4130-9bf5-f82af7d8c19d None None] Created lookup_table index Logical_Router.name {{(pid=121395) autocreate_indices /usr/local/lib/python3.8/dist-packages/ovsdbapp/backend/ovs_idl/__init__.py:85}}
Sep 01 18:34:33 ubuntu neutron-server[121396]: DEBUG ovsdbapp.backend.ovs_idl [None req-7436e90f-dba8-4f54-b91c-70285c2d54c7 None None] Created lookup_table index Load_Balancer.name {{(pid=121396) autocreate_indices /usr/local/lib/python3.8/dist-packages/ovsdbapp/backend/ovs_idl/__init__.py:85}}
Sep 01 18:34:33 ubuntu neutron-server[121395]: DEBUG ovsdbapp.backend.ovs_idl [None req-3104255b-eb45-4130-9bf5-f82af7d8c19d None None] Created lookup_table index Load_Balancer.name {{(pid=121395) autocreate_indices /usr/local/lib/python3.8/dist-packages/ovsdbapp/backend/ovs_idl/__init__.py:85}}
Sep 01 18:34:33 ubuntu neutron-server[121396]: DEBUG ovsdbapp.backend.ovs_idl [None req-7436e90f-dba8-4f54-b91c-70285c2d54c7 None None] Created schema index Meter.name {{(pid=121396) autocreate_indices /usr/local/lib/python3.8/dist-packages/ovsdbapp/backend/ovs_idl/__init__.py:104}}
Sep 01 18:34:33 ubuntu neutron-server[121395]: DEBUG ovsdbapp.backend.ovs_idl [None req-3104255b-eb45-4130-9bf5-f82af7d8c19d None None] Created schema index Meter.name {{(pid=121395) autocreate_indices /usr/local/lib/python3.8/dist-packages/ovsdbapp/backend/ovs_idl/__init__.py:104}}
Sep 01 18:34:33 ubuntu neutron-server[121396]: DEBUG ovsdbapp.backend.ovs_idl [None req-7436e90f-dba8-4f54-b91c-70285c2d54c7 None None] Created schema index Address_Set.name {{(pid=121396) autocreate_indices /usr/local/lib/python3.8/dist-packages/ovsdbapp/backend/ovs_idl/__init__.py:104}}
Sep 01 18:34:33 ubuntu neutron-server[121395]: DEBUG ovsdbapp.backend.ovs_idl [None req-3104255b-eb45-4130-9bf5-f82af7d8c19d None None] Created schema index Address_Set.name {{(pid=121395) autocreate_indices /usr/local/lib/python3.8/dist-packages/ovsdbapp/backend/ovs_idl/__init__.py:104}}
Sep 01 18:34:33 ubuntu neutron-server[121396]: DEBUG ovsdbapp.backend.ovs_idl [None req-7436e90f-dba8-4f54-b91c-70285c2d54c7 None None] Created schema index HA_Chassis_Group.name {{(pid=121396) autocreate_indices /usr/local/lib/python3.8/dist-packages/ovsdbapp/backend/ovs_idl/__init__.py:104}}
Sep 01 18:34:33 ubuntu neutron-server[121395]: DEBUG ovsdbapp.backend.ovs_idl [None req-3104255b-eb45-4130-9bf5-f82af7d8c19d None None] Created schema index HA_Chassis_Group.name {{(pid=121395) autocreate_indices /usr/local/lib/python3.8/dist-packages/ovsdbapp/backend/ovs_idl/__init__.py:104}}
Sep 01 18:34:33 ubuntu neutron-server[121396]: DEBUG ovsdbapp.backend.ovs_idl [None req-7436e90f-dba8-4f54-b91c-70285c2d54c7 None None] Created schema index Connection.target {{(pid=121396) autocreate_indices /usr/local/lib/python3.8/dist-packages/ovsdbapp/backend/ovs_idl/__init__.py:104}}
Sep 01 18:34:33 ubuntu neutron-server[121396]: DEBUG ovsdbapp.backend.ovs_idl [None req-7436e90f-dba8-4f54-b91c-70285c2d54c7 None None] Created schema index Gateway_Chassis.name {{(pid=121396) autocreate_indices /usr/local/lib/python3.8/dist-packages/ovsdbapp/backend/ovs_idl/__init__.py:104}}
Sep 01 18:34:33 ubuntu neutron-server[121395]: DEBUG ovsdbapp.backend.ovs_idl [None req-3104255b-eb45-4130-9bf5-f82af7d8c19d None None] Created schema index Connection.target {{(pid=121395) autocreate_indices /usr/local/lib/python3.8/dist-packages/ovsdbapp/backend/ovs_idl/__init__.py:104}}
Sep 01 18:34:33 ubuntu neutron-server[121396]: DEBUG ovsdbapp.backend.ovs_idl [None req-7436e90f-dba8-4f54-b91c-70285c2d54c7 None None] Created schema index Logical_Router_Port.name {{(pid=121396) autocreate_indices /usr/local/lib/python3.8/dist-packages/ovsdbapp/backend/ovs_idl/__init__.py:104}}
Sep 01 18:34:33 ubuntu neutron-server[121395]: DEBUG ovsdbapp.backend.ovs_idl [None req-3104255b-eb45-4130-9bf5-f82af7d8c19d None None] Created schema index Gateway_Chassis.name {{(pid=121395) autocreate_indices /usr/local/lib/python3.8/dist-packages/ovsdbapp/backend/ovs_idl/__init__.py:104}}
Sep 01 18:34:33 ubuntu neutron-server[121396]: DEBUG ovsdbapp.backend.ovs_idl [None req-7436e90f-dba8-4f54-b91c-70285c2d54c7 None None] Created schema index Port_Group.name {{(pid=121396) autocreate_indices /usr/local/lib/python3.8/dist-packages/ovsdbapp/backend/ovs_idl/__init__.py:104}}
Sep 01 18:34:33 ubuntu neutron-server[121395]: DEBUG ovsdbapp.backend.ovs_idl [None req-3104255b-eb45-4130-9bf5-f82af7d8c19d None None] Created schema index Logical_Router_Port.name {{(pid=121395) autocreate_indices /usr/local/lib/python3.8/dist-packages/ovsdbapp/backend/ovs_idl/__init__.py:104}}
Sep 01 18:34:33 ubuntu neutron-server[121396]: DEBUG ovsdbapp.backend.ovs_idl [None req-7436e90f-dba8-4f54-b91c-70285c2d54c7 None None] Created schema index Logical_Switch_Port.name {{(pid=121396) autocreate_indices /usr/local/lib/python3.8/dist-packages/ovsdbapp/backend/ovs_idl/__init__.py:104}}
Sep 01 18:34:33 ubuntu neutron-server[121395]: DEBUG ovsdbapp.backend.ovs_idl [None req-3104255b-eb45-4130-9bf5-f82af7d8c19d None None] Created schema index Port_Group.name {{(pid=121395) autocreate_indices /usr/local/lib/python3.8/dist-packages/ovsdbapp/backend/ovs_idl/__init__.py:104}}
Sep 01 18:34:33 ubuntu neutron-server[121396]: INFO ovsdbapp.backend.ovs_idl.vlog [None req-7436e90f-dba8-4f54-b91c-70285c2d54c7 None None] tcp:192.168.79.41:6641: connecting...
Sep 01 18:34:33 ubuntu neutron-server[121395]: DEBUG ovsdbapp.backend.ovs_idl [None req-3104255b-eb45-4130-9bf5-f82af7d8c19d None None] Created schema index Logical_Switch_Port.name {{(pid=121395) autocreate_indices /usr/local/lib/python3.8/dist-packages/ovsdbapp/backend/ovs_idl/__init__.py:104}}
Sep 01 18:34:33 ubuntu neutron-server[121396]: INFO ovsdbapp.backend.ovs_idl.vlog [None req-7436e90f-dba8-4f54-b91c-70285c2d54c7 None None] tcp:192.168.79.41:6641: connected
Sep 01 18:34:33 ubuntu neutron-server[121395]: INFO ovsdbapp.backend.ovs_idl.vlog [None req-3104255b-eb45-4130-9bf5-f82af7d8c19d None None] tcp:192.168.79.41:6641: connecting...
Sep 01 18:34:33 ubuntu neutron-server[121395]: INFO ovsdbapp.backend.ovs_idl.vlog [None req-3104255b-eb45-4130-9bf5-f82af7d8c19d None None] tcp:192.168.79.41:6641: connected
Sep 01 18:34:33 ubuntu neutron-server[121396]: DEBUG neutron.common.ovn.hash_ring_manager [None req-7436e90f-dba8-4f54-b91c-70285c2d54c7 None None] Allow caching, nodes 2>=2 {{(pid=121396) _wait_startup_before_caching /opt/stack/neutron/neutron/common/ovn/hash_ring_manager.py:60}}
Sep 01 18:34:33 ubuntu neutron-server[121395]: DEBUG neutron.common.ovn.hash_ring_manager [None req-3104255b-eb45-4130-9bf5-f82af7d8c19d None None] Allow caching, nodes 2>=2 {{(pid=121395) _wait_startup_before_caching /opt/stack/neutron/neutron/common/ovn/hash_ring_manager.py:60}}
Sep 01 18:34:33 ubuntu neutron-server[121396]: DEBUG neutron.plugins.ml2.drivers.ovn.mech_driver.ovsdb.ovsdb_monitor [None req-7436e90f-dba8-4f54-b91c-70285c2d54c7 None None] Hash Ring: Node 8eae85f6-3635-48d3-9e37-7bb20eee68bf (host: ubuntu) handling event "create" for row 2ba79db7-c4fa-475a-bf5f-bd99a8c75b96 (table: Database) {{(pid=121396) notify /opt/stack/neutron/neutron/plugins/ml2/drivers/ovn/mech_driver/ovsdb/ovsdb_monitor.py:743}}
Sep 01 18:34:33 ubuntu neutron-server[121396]: DEBUG neutron.plugins.ml2.drivers.ovn.mech_driver.ovsdb.ovsdb_monitor [None req-7436e90f-dba8-4f54-b91c-70285c2d54c7 None None] Hash Ring: Node 8eae85f6-3635-48d3-9e37-7bb20eee68bf (host: ubuntu) handling event "create" for row be515334-f5d9-4ac3-9e50-cb970a1ebc80 (table: Database) {{(pid=121396) notify /opt/stack/neutron/neutron/plugins/ml2/drivers/ovn/mech_driver/ovsdb/ovsdb_monitor.py:743}}
Sep 01 18:34:33 ubuntu neutron-server[121396]: DEBUG neutron.plugins.ml2.drivers.ovn.mech_driver.ovsdb.ovsdb_monitor [None req-7436e90f-dba8-4f54-b91c-70285c2d54c7 None None] Hash Ring: Node 8eae85f6-3635-48d3-9e37-7bb20eee68bf (host: ubuntu) handling event "create" for row 7115be6e-ce1a-40bb-9bdc-f349703fd1a6 (table: NB_Global) {{(pid=121396) notify /opt/stack/neutron/neutron/plugins/ml2/drivers/ovn/mech_driver/ovsdb/ovsdb_monitor.py:743}}
Sep 01 18:34:33 ubuntu neutron-server[121396]: DEBUG neutron.plugins.ml2.drivers.ovn.mech_driver.ovsdb.ovsdb_monitor [None req-7436e90f-dba8-4f54-b91c-70285c2d54c7 None None] Hash Ring: Node 8eae85f6-3635-48d3-9e37-7bb20eee68bf (host: ubuntu) handling event "create" for row c355b22a-3b09-4780-82bb-010a02e047b6 (table: Connection) {{(pid=121396) notify /opt/stack/neutron/neutron/plugins/ml2/drivers/ovn/mech_driver/ovsdb/ovsdb_monitor.py:743}}
Sep 01 18:34:33 ubuntu neutron-server[121395]: INFO neutron.plugins.ml2.drivers.ovn.mech_driver.ovsdb.impl_idl_ovn [None req-3104255b-eb45-4130-9bf5-f82af7d8c19d None None] Getting OvsdbSbOvnIdl for WorkerService with retry
Sep 01 18:34:33 ubuntu neutron-server[121396]: INFO neutron.plugins.ml2.drivers.ovn.mech_driver.ovsdb.impl_idl_ovn [None req-7436e90f-dba8-4f54-b91c-70285c2d54c7 None None] Getting OvsdbSbOvnIdl for WorkerService with retry
Sep 01 18:34:33 ubuntu neutron-server[121396]: DEBUG ovsdbapp.backend.ovs_idl [None req-7436e90f-dba8-4f54-b91c-70285c2d54c7 None None] Created lookup_table index Chassis.name {{(pid=121396) autocreate_indices /usr/local/lib/python3.8/dist-packages/ovsdbapp/backend/ovs_idl/__init__.py:85}}
Sep 01 18:34:33 ubuntu neutron-server[121396]: DEBUG ovsdbapp.backend.ovs_idl [None req-7436e90f-dba8-4f54-b91c-70285c2d54c7 None None] Created schema index Datapath_Binding.tunnel_key {{(pid=121396) autocreate_indices /usr/local/lib/python3.8/dist-packages/ovsdbapp/backend/ovs_idl/__init__.py:104}}
Sep 01 18:34:33 ubuntu neutron-server[121395]: DEBUG ovsdbapp.backend.ovs_idl [None req-3104255b-eb45-4130-9bf5-f82af7d8c19d None None] Created lookup_table index Chassis.name {{(pid=121395) autocreate_indices /usr/local/lib/python3.8/dist-packages/ovsdbapp/backend/ovs_idl/__init__.py:85}}
Sep 01 18:34:33 ubuntu neutron-server[121396]: DEBUG ovsdbapp.backend.ovs_idl [None req-7436e90f-dba8-4f54-b91c-70285c2d54c7 None None] Created schema index Connection.target {{(pid=121396) autocreate_indices /usr/local/lib/python3.8/dist-packages/ovsdbapp/backend/ovs_idl/__init__.py:104}}
Sep 01 18:34:33 ubuntu neutron-server[121395]: DEBUG ovsdbapp.backend.ovs_idl [None req-3104255b-eb45-4130-9bf5-f82af7d8c19d None None] Created schema index Datapath_Binding.tunnel_key {{(pid=121395) autocreate_indices /usr/local/lib/python3.8/dist-packages/ovsdbapp/backend/ovs_idl/__init__.py:104}}
Sep 01 18:34:33 ubuntu neutron-server[121395]: DEBUG ovsdbapp.backend.ovs_idl [None req-3104255b-eb45-4130-9bf5-f82af7d8c19d None None] Created schema index Connection.target {{(pid=121395) autocreate_indices /usr/local/lib/python3.8/dist-packages/ovsdbapp/backend/ovs_idl/__init__.py:104}}
Sep 01 18:34:33 ubuntu neutron-server[121396]: INFO ovsdbapp.backend.ovs_idl.vlog [None req-7436e90f-dba8-4f54-b91c-70285c2d54c7 None None] tcp:192.168.79.41:6642: connecting...
Sep 01 18:34:33 ubuntu neutron-server[121395]: INFO ovsdbapp.backend.ovs_idl.vlog [None req-3104255b-eb45-4130-9bf5-f82af7d8c19d None None] tcp:192.168.79.41:6642: connecting...
Sep 01 18:34:33 ubuntu neutron-server[121396]: INFO ovsdbapp.backend.ovs_idl.vlog [None req-7436e90f-dba8-4f54-b91c-70285c2d54c7 None None] tcp:192.168.79.41:6642: connected
Sep 01 18:34:33 ubuntu neutron-server[121395]: INFO ovsdbapp.backend.ovs_idl.vlog [None req-3104255b-eb45-4130-9bf5-f82af7d8c19d None None] tcp:192.168.79.41:6642: connected
Sep 01 18:34:33 ubuntu neutron-server[121396]: DEBUG neutron.common.ovn.hash_ring_manager [None req-7436e90f-dba8-4f54-b91c-70285c2d54c7 None None] Allow caching, nodes 2>=2 {{(pid=121396) _wait_startup_before_caching /opt/stack/neutron/neutron/common/ovn/hash_ring_manager.py:60}}
Sep 01 18:34:33 ubuntu neutron-server[121395]: DEBUG neutron.common.ovn.hash_ring_manager [None req-3104255b-eb45-4130-9bf5-f82af7d8c19d None None] Allow caching, nodes 2>=2 {{(pid=121395) _wait_startup_before_caching /opt/stack/neutron/neutron/common/ovn/hash_ring_manager.py:60}}
Sep 01 18:34:33 ubuntu neutron-server[121396]: DEBUG neutron.plugins.ml2.drivers.ovn.mech_driver.ovsdb.ovsdb_monitor [None req-7436e90f-dba8-4f54-b91c-70285c2d54c7 None None] Hash Ring: Node 8eae85f6-3635-48d3-9e37-7bb20eee68bf (host: ubuntu) handling event "create" for row aafcd7b1-d63a-46ef-9058-003ac904daf7 (table: Database) {{(pid=121396) notify /opt/stack/neutron/neutron/plugins/ml2/drivers/ovn/mech_driver/ovsdb/ovsdb_monitor.py:743}}
Sep 01 18:34:33 ubuntu neutron-server[121396]: DEBUG neutron.plugins.ml2.drivers.ovn.mech_driver.ovsdb.ovsdb_monitor [None req-7436e90f-dba8-4f54-b91c-70285c2d54c7 None None] Hash Ring: Node 8eae85f6-3635-48d3-9e37-7bb20eee68bf (host: ubuntu) handling event "create" for row eecbfbd3-b96f-4950-b266-08b62fb53f3c (table: Database) {{(pid=121396) notify /opt/stack/neutron/neutron/plugins/ml2/drivers/ovn/mech_driver/ovsdb/ovsdb_monitor.py:743}}
Sep 01 18:34:33 ubuntu neutron-server[121396]: DEBUG neutron.plugins.ml2.drivers.ovn.mech_driver.ovsdb.ovsdb_monitor [None req-7436e90f-dba8-4f54-b91c-70285c2d54c7 None None] ChassisMetadataAgentWriteEvent : Matched Chassis, create, None None {{(pid=121396) matches /opt/stack/neutron/neutron/plugins/ml2/drivers/ovn/mech_driver/ovsdb/ovsdb_monitor.py:62}}
Sep 01 18:34:33 ubuntu neutron-server[121396]: DEBUG neutron.plugins.ml2.drivers.ovn.mech_driver.ovsdb.ovsdb_monitor [None req-7436e90f-dba8-4f54-b91c-70285c2d54c7 None None] ChassisAgentWriteEvent : Matched Chassis, create, None None {{(pid=121396) matches /opt/stack/neutron/neutron/plugins/ml2/drivers/ovn/mech_driver/ovsdb/ovsdb_monitor.py:62}}
Sep 01 18:34:33 ubuntu neutron-server[121396]: DEBUG neutron.plugins.ml2.drivers.ovn.mech_driver.ovsdb.ovsdb_monitor [None req-7436e90f-dba8-4f54-b91c-70285c2d54c7 None None] Hash Ring: Node 8eae85f6-3635-48d3-9e37-7bb20eee68bf (host: ubuntu) handling event "create" for row 5ca082d0-757c-4b99-82f4-300f54922ae5 (table: Connection) {{(pid=121396) notify /opt/stack/neutron/neutron/plugins/ml2/drivers/ovn/mech_driver/ovsdb/ovsdb_monitor.py:743}}
Sep 01 18:34:33 ubuntu neutron-server[121395]: DEBUG neutron.plugins.ml2.drivers.ovn.mech_driver.ovsdb.ovsdb_monitor [None req-3104255b-eb45-4130-9bf5-f82af7d8c19d None None] Hash Ring: Node 33c388c6-4b07-4e86-adb6-899d4270c1e4 (host: ubuntu) handling event "create" for row 26f73318-c7d3-4f4c-8003-ad62623f7e27 (table: Encap) {{(pid=121395) notify /opt/stack/neutron/neutron/plugins/ml2/drivers/ovn/mech_driver/ovsdb/ovsdb_monitor.py:743}}
Sep 01 18:34:33 ubuntu neutron-server[121396]: INFO neutron.wsgi [-] (121396) wsgi starting up on http://0.0.0.0:9696
Sep 01 18:34:33 ubuntu neutron-server[121395]: DEBUG neutron.plugins.ml2.drivers.ovn.mech_driver.ovsdb.ovsdb_monitor [None req-3104255b-eb45-4130-9bf5-f82af7d8c19d None None] ChassisMetadataAgentWriteEvent : Matched Chassis, create, None None {{(pid=121395) matches /opt/stack/neutron/neutron/plugins/ml2/drivers/ovn/mech_driver/ovsdb/ovsdb_monitor.py:62}}
Sep 01 18:34:33 ubuntu neutron-server[121395]: DEBUG neutron.plugins.ml2.drivers.ovn.mech_driver.ovsdb.ovsdb_monitor [None req-3104255b-eb45-4130-9bf5-f82af7d8c19d None None] ChassisAgentWriteEvent : Matched Chassis, create, None None {{(pid=121395) matches /opt/stack/neutron/neutron/plugins/ml2/drivers/ovn/mech_driver/ovsdb/ovsdb_monitor.py:62}}
Sep 01 18:34:33 ubuntu neutron-server[121395]: DEBUG neutron.plugins.ml2.drivers.ovn.mech_driver.ovsdb.ovsdb_monitor [None req-3104255b-eb45-4130-9bf5-f82af7d8c19d None None] Hash Ring: Node 33c388c6-4b07-4e86-adb6-899d4270c1e4 (host: ubuntu) handling event "create" for row 484fa3a7-bbd2-4310-a16f-e92a6af63243 (table: Chassis) {{(pid=121395) notify /opt/stack/neutron/neutron/plugins/ml2/drivers/ovn/mech_driver/ovsdb/ovsdb_monitor.py:743}}
Sep 01 18:34:33 ubuntu neutron-server[121395]: INFO neutron.wsgi [-] (121395) wsgi starting up on http://0.0.0.0:9696
Sep 01 18:34:33 ubuntu neutron-server[121396]: DEBUG neutron.wsgi [-] (121396) accepted ('192.168.79.41', 43270) {{(pid=121396) server /usr/local/lib/python3.8/dist-packages/eventlet/wsgi.py:1004}}
Sep 01 18:34:33 ubuntu neutron-server[121396]: INFO neutron.wsgi [-] 192.168.79.41 "GET /networking HTTP/1.1" status: 302  len: 450 time: 0.0084105
Sep 01 18:34:33 ubuntu neutron-server[121396]: INFO neutron.wsgi [-] 192.168.79.41 "GET /networking/ HTTP/1.1" status: 200  len: 266 time: 0.0020413
Sep 01 18:34:34 ubuntu neutron-server[121396]: DEBUG neutron.plugins.ml2.drivers.ovn.mech_driver.ovsdb.ovsdb_monitor [-] Hash Ring: Node 8eae85f6-3635-48d3-9e37-7bb20eee68bf (host: ubuntu) handling event "update" for row c355b22a-3b09-4780-82bb-010a02e047b6 (table: Connection) {{(pid=121396) notify /opt/stack/neutron/neutron/plugins/ml2/drivers/ovn/mech_driver/ovsdb/ovsdb_monitor.py:743}}
Sep 01 18:34:34 ubuntu neutron-server[121396]: DEBUG neutron.plugins.ml2.drivers.ovn.mech_driver.ovsdb.ovsdb_monitor [-] Hash Ring: Node 8eae85f6-3635-48d3-9e37-7bb20eee68bf (host: ubuntu) handling event "update" for row 5ca082d0-757c-4b99-82f4-300f54922ae5 (table: Connection) {{(pid=121396) notify /opt/stack/neutron/neutron/plugins/ml2/drivers/ovn/mech_driver/ovsdb/ovsdb_monitor.py:743}}
Sep 01 18:34:34 ubuntu neutron-server[121181]: DEBUG ovsdbapp.backend.ovs_idl.transaction [-] Running txn n=2 command(idx=0): PgAddCommand(name=neutron_pg_drop, may_exist=True, columns={'acls': []}) {{(pid=121181) do_commit /usr/local/lib/python3.8/dist-packages/ovsdbapp/backend/ovs_idl/transaction.py:90}}
Sep 01 18:34:34 ubuntu neutron-server[121181]: DEBUG ovsdbapp.backend.ovs_idl.transaction [-] Running txn n=2 command(idx=1): PgAclAddCommand(entity=neutron_pg_drop, direction=from-lport, priority=1001, match=inport == @neutron_pg_drop && ip, action=drop, log=False, may_exist=True, severity=[], name=[], meter=None, external_ids={}) {{(pid=121181) do_commit /usr/local/lib/python3.8/dist-packages/ovsdbapp/backend/ovs_idl/transaction.py:90}}
Sep 01 18:34:34 ubuntu neutron-server[121181]: DEBUG ovsdbapp.backend.ovs_idl.transaction [-] Running txn n=2 command(idx=2): PgAclAddCommand(entity=neutron_pg_drop, direction=to-lport, priority=1001, match=outport == @neutron_pg_drop && ip, action=drop, log=False, may_exist=True, severity=[], name=[], meter=None, external_ids={}) {{(pid=121181) do_commit /usr/local/lib/python3.8/dist-packages/ovsdbapp/backend/ovs_idl/transaction.py:90}}
Sep 01 18:34:34 ubuntu neutron-server[121181]: DEBUG ovsdbapp.backend.ovs_idl.event [-] Matched CREATE: NeutronPgDropPortGroupCreated(events=('create',), table='Port_Group', conditions=(('name', '=', 'neutron_pg_drop'),), old_conditions=None), priority=10 to row=Port_Group(name=neutron_pg_drop, ports=[], external_ids={}, acls=[<ovs.db.idl.Row object at 0x7fe90dcab100>, <ovs.db.idl.Row object at 0x7fe90dcab1f0>]) old= {{(pid=121181) matches /usr/local/lib/python3.8/dist-packages/ovsdbapp/backend/ovs_idl/event.py:43}}
Sep 01 18:34:34 ubuntu neutron-server[121396]: DEBUG neutron.plugins.ml2.drivers.ovn.mech_driver.ovsdb.ovsdb_monitor [-] Hash Ring: Node 8eae85f6-3635-48d3-9e37-7bb20eee68bf (host: ubuntu) handling event "create" for row 88c27202-fcc9-44c6-bd9d-eb7c1047c64b (table: ACL) {{(pid=121396) notify /opt/stack/neutron/neutron/plugins/ml2/drivers/ovn/mech_driver/ovsdb/ovsdb_monitor.py:743}}
Sep 01 18:34:34 ubuntu neutron-server[121395]: DEBUG neutron.plugins.ml2.drivers.ovn.mech_driver.ovsdb.ovsdb_monitor [None req-07726e2c-a36b-4068-b389-be0758671d32 None None] Hash Ring: Node 33c388c6-4b07-4e86-adb6-899d4270c1e4 (host: ubuntu) handling event "create" for row 58c7f7b9-06dd-4bcc-889c-626193c08cc1 (table: Port_Group) {{(pid=121395) notify /opt/stack/neutron/neutron/plugins/ml2/drivers/ovn/mech_driver/ovsdb/ovsdb_monitor.py:743}}
Sep 01 18:34:34 ubuntu neutron-server[121395]: DEBUG neutron.plugins.ml2.drivers.ovn.mech_driver.ovsdb.ovsdb_monitor [None req-07726e2c-a36b-4068-b389-be0758671d32 None None] Hash Ring: Node 33c388c6-4b07-4e86-adb6-899d4270c1e4 (host: ubuntu) handling event "create" for row f938eb5e-6713-435d-a66d-7ae8ab8d9671 (table: ACL) {{(pid=121395) notify /opt/stack/neutron/neutron/plugins/ml2/drivers/ovn/mech_driver/ovsdb/ovsdb_monitor.py:743}}
Sep 01 18:34:34 ubuntu neutron-server[121181]: DEBUG ovsdbapp.backend.ovs_idl [None req-17574dd4-2037-4b06-9188-6f9cd0543873 None None] Created lookup_table index Logical_Switch.name {{(pid=121181) autocreate_indices /usr/local/lib/python3.8/dist-packages/ovsdbapp/backend/ovs_idl/__init__.py:85}}
Sep 01 18:34:34 ubuntu neutron-server[121181]: DEBUG ovsdbapp.backend.ovs_idl [None req-17574dd4-2037-4b06-9188-6f9cd0543873 None None] Created lookup_table index Logical_Router.name {{(pid=121181) autocreate_indices /usr/local/lib/python3.8/dist-packages/ovsdbapp/backend/ovs_idl/__init__.py:85}}
Sep 01 18:34:34 ubuntu neutron-server[121181]: DEBUG ovsdbapp.backend.ovs_idl [None req-17574dd4-2037-4b06-9188-6f9cd0543873 None None] Created lookup_table index Load_Balancer.name {{(pid=121181) autocreate_indices /usr/local/lib/python3.8/dist-packages/ovsdbapp/backend/ovs_idl/__init__.py:85}}
Sep 01 18:34:34 ubuntu neutron-server[121181]: DEBUG ovsdbapp.backend.ovs_idl [None req-17574dd4-2037-4b06-9188-6f9cd0543873 None None] Created schema index Meter.name {{(pid=121181) autocreate_indices /usr/local/lib/python3.8/dist-packages/ovsdbapp/backend/ovs_idl/__init__.py:104}}
Sep 01 18:34:34 ubuntu neutron-server[121181]: DEBUG ovsdbapp.backend.ovs_idl [None req-17574dd4-2037-4b06-9188-6f9cd0543873 None None] Created schema index Address_Set.name {{(pid=121181) autocreate_indices /usr/local/lib/python3.8/dist-packages/ovsdbapp/backend/ovs_idl/__init__.py:104}}
Sep 01 18:34:34 ubuntu neutron-server[121181]: DEBUG ovsdbapp.backend.ovs_idl [None req-17574dd4-2037-4b06-9188-6f9cd0543873 None None] Created schema index HA_Chassis_Group.name {{(pid=121181) autocreate_indices /usr/local/lib/python3.8/dist-packages/ovsdbapp/backend/ovs_idl/__init__.py:104}}
Sep 01 18:34:34 ubuntu neutron-server[121181]: DEBUG ovsdbapp.backend.ovs_idl [None req-17574dd4-2037-4b06-9188-6f9cd0543873 None None] Created schema index Connection.target {{(pid=121181) autocreate_indices /usr/local/lib/python3.8/dist-packages/ovsdbapp/backend/ovs_idl/__init__.py:104}}
Sep 01 18:34:34 ubuntu neutron-server[121181]: DEBUG ovsdbapp.backend.ovs_idl [None req-17574dd4-2037-4b06-9188-6f9cd0543873 None None] Created schema index Gateway_Chassis.name {{(pid=121181) autocreate_indices /usr/local/lib/python3.8/dist-packages/ovsdbapp/backend/ovs_idl/__init__.py:104}}
Sep 01 18:34:34 ubuntu neutron-server[121181]: DEBUG ovsdbapp.backend.ovs_idl [None req-17574dd4-2037-4b06-9188-6f9cd0543873 None None] Created schema index Logical_Router_Port.name {{(pid=121181) autocreate_indices /usr/local/lib/python3.8/dist-packages/ovsdbapp/backend/ovs_idl/__init__.py:104}}
Sep 01 18:34:34 ubuntu neutron-server[121181]: DEBUG ovsdbapp.backend.ovs_idl [None req-17574dd4-2037-4b06-9188-6f9cd0543873 None None] Created schema index Port_Group.name {{(pid=121181) autocreate_indices /usr/local/lib/python3.8/dist-packages/ovsdbapp/backend/ovs_idl/__init__.py:104}}
Sep 01 18:34:34 ubuntu neutron-server[121181]: DEBUG ovsdbapp.backend.ovs_idl [None req-17574dd4-2037-4b06-9188-6f9cd0543873 None None] Created schema index Logical_Switch_Port.name {{(pid=121181) autocreate_indices /usr/local/lib/python3.8/dist-packages/ovsdbapp/backend/ovs_idl/__init__.py:104}}
Sep 01 18:34:34 ubuntu neutron-server[121181]: DEBUG ovsdbapp.backend.ovs_idl [None req-17574dd4-2037-4b06-9188-6f9cd0543873 None None] Created lookup_table index Chassis.name {{(pid=121181) autocreate_indices /usr/local/lib/python3.8/dist-packages/ovsdbapp/backend/ovs_idl/__init__.py:85}}
Sep 01 18:34:34 ubuntu neutron-server[121181]: DEBUG ovsdbapp.backend.ovs_idl [None req-17574dd4-2037-4b06-9188-6f9cd0543873 None None] Created lookup_table index MAC_Binding.ip {{(pid=121181) autocreate_indices /usr/local/lib/python3.8/dist-packages/ovsdbapp/backend/ovs_idl/__init__.py:85}}
Sep 01 18:34:34 ubuntu neutron-server[121181]: DEBUG ovsdbapp.backend.ovs_idl [None req-17574dd4-2037-4b06-9188-6f9cd0543873 None None] Created schema index Meter.name {{(pid=121181) autocreate_indices /usr/local/lib/python3.8/dist-packages/ovsdbapp/backend/ovs_idl/__init__.py:104}}
