Jun 08 14:51:51 ubuntu neutron-server[117842]: DEBUG neutron.api.extensions [None req-a9b4e124-bc7d-43d0-a4da-b93e7862b6cd None None] Loading extension file: trunk_details.py {{(pid=117842) _load_all_extensions_from_path /opt/stack/neutron/neutron/api/extensions.py:450}}
Jun 08 14:51:51 ubuntu neutron-server[117842]: DEBUG neutron.api.extensions [None req-a9b4e124-bc7d-43d0-a4da-b93e7862b6cd None None] Ext name="Trunk port details" alias="trunk-details" description="Expose trunk port details" updated="2016-01-01T10:00:00-00:00" {{(pid=117842) _check_extension /opt/stack/neutron/neutron/api/extensions.py:416}}
Jun 08 14:51:51 ubuntu neutron-server[117842]: INFO neutron.api.extensions [None req-a9b4e124-bc7d-43d0-a4da-b93e7862b6cd None None] Extension trunk-details not supported by any of loaded plugins
Jun 08 14:51:51 ubuntu neutron-server[117842]: DEBUG neutron.api.extensions [None req-a9b4e124-bc7d-43d0-a4da-b93e7862b6cd None None] Loading extension file: uplink_status_propagation.py {{(pid=117842) _load_all_extensions_from_path /opt/stack/neutron/neutron/api/extensions.py:450}}
Jun 08 14:51:51 ubuntu neutron-server[117842]: DEBUG neutron.api.extensions [None req-a9b4e124-bc7d-43d0-a4da-b93e7862b6cd None None] Ext name="Uplink status propagation extension" alias="uplink-status-propagation" description="Provides ability to propagate port uplink status." updated="2018-05-31T18:00:00-00:00" {{(pid=117842) _check_extension /opt/stack/neutron/neutron/api/extensions.py:416}}
Jun 08 14:51:51 ubuntu neutron-server[117842]: INFO neutron.api.extensions [None req-a9b4e124-bc7d-43d0-a4da-b93e7862b6cd None None] Extension uplink-status-propagation not supported by any of loaded plugins
Jun 08 14:51:51 ubuntu neutron-server[117842]: DEBUG neutron.api.extensions [None req-a9b4e124-bc7d-43d0-a4da-b93e7862b6cd None None] Loading extension file: vlantransparent.py {{(pid=117842) _load_all_extensions_from_path /opt/stack/neutron/neutron/api/extensions.py:450}}
Jun 08 14:51:51 ubuntu neutron-server[117842]: DEBUG neutron.api.extensions [None req-a9b4e124-bc7d-43d0-a4da-b93e7862b6cd None None] Ext name="Vlantransparent" alias="vlan-transparent" description="Provides Vlan Transparent Networks" updated="2015-03-23T09:00:00-00:00" {{(pid=117842) _check_extension /opt/stack/neutron/neutron/api/extensions.py:416}}
Jun 08 14:51:51 ubuntu neutron-server[117842]: INFO neutron.api.extensions [None req-a9b4e124-bc7d-43d0-a4da-b93e7862b6cd None None] Extension vlan-transparent not supported by any of loaded plugins
Jun 08 14:51:51 ubuntu neutron-server[117842]: INFO neutron.quota.resource_registry [None req-a9b4e124-bc7d-43d0-a4da-b93e7862b6cd None None] Creating instance of TrackedResource for resource:network
Jun 08 14:51:51 ubuntu neutron-server[117842]: INFO neutron.quota.resource_registry [None req-a9b4e124-bc7d-43d0-a4da-b93e7862b6cd None None] Creating instance of TrackedResource for resource:subnet
Jun 08 14:51:51 ubuntu neutron-server[117842]: INFO neutron.quota.resource_registry [None req-a9b4e124-bc7d-43d0-a4da-b93e7862b6cd None None] Creating instance of TrackedResource for resource:subnetpool
Jun 08 14:51:51 ubuntu neutron-server[117842]: INFO neutron.quota.resource_registry [None req-a9b4e124-bc7d-43d0-a4da-b93e7862b6cd None None] Creating instance of TrackedResource for resource:port
Jun 08 14:51:51 ubuntu neutron-server[117842]: DEBUG neutron.api.v2.resource_helper [None req-a9b4e124-bc7d-43d0-a4da-b93e7862b6cd None None] Service FLAVORS assigned prefix:  {{(pid=117842) build_resource_info /opt/stack/neutron/neutron/api/v2/resource_helper.py:77}}
Jun 08 14:51:51 ubuntu neutron-server[117842]: DEBUG neutron.api.v2.resource_helper [None req-a9b4e124-bc7d-43d0-a4da-b93e7862b6cd None None] Service L3_ROUTER_NAT assigned prefix:  {{(pid=117842) build_resource_info /opt/stack/neutron/neutron/api/v2/resource_helper.py:77}}
Jun 08 14:51:51 ubuntu neutron-server[117842]: DEBUG neutron.api.v2.resource_helper [None req-a9b4e124-bc7d-43d0-a4da-b93e7862b6cd None None] Service L3_ROUTER_NAT assigned prefix:  {{(pid=117842) build_resource_info /opt/stack/neutron/neutron/api/v2/resource_helper.py:77}}
Jun 08 14:51:51 ubuntu neutron-server[117842]: INFO neutron.quota.resource_registry [None req-a9b4e124-bc7d-43d0-a4da-b93e7862b6cd None None] Creating instance of TrackedResource for resource:router
Jun 08 14:51:51 ubuntu neutron-server[117842]: INFO neutron.quota.resource_registry [None req-a9b4e124-bc7d-43d0-a4da-b93e7862b6cd None None] Creating instance of TrackedResource for resource:floatingip
Jun 08 14:51:51 ubuntu neutron-server[117842]: DEBUG neutron_lib.callbacks.manager [None req-a9b4e124-bc7d-43d0-a4da-b93e7862b6cd None None] Subscribe: <bound method NeutronDbPluginV2.validate_network_rbac_policy_change of <neutron.services.network_ip_availability.plugin.NetworkIPAvailabilityPlugin object at 0x7f07282519d0>> rbac-policy before_create 55550000 {{(pid=117842) subscribe /usr/local/lib/python3.8/dist-packages/neutron_lib/callbacks/manager.py:45}}
Jun 08 14:51:51 ubuntu neutron-server[117842]: DEBUG neutron_lib.callbacks.manager [None req-a9b4e124-bc7d-43d0-a4da-b93e7862b6cd None None] Subscribe: <bound method NeutronDbPluginV2.validate_network_rbac_policy_change of <neutron.services.network_ip_availability.plugin.NetworkIPAvailabilityPlugin object at 0x7f07282519d0>> rbac-policy before_update 55550000 {{(pid=117842) subscribe /usr/local/lib/python3.8/dist-packages/neutron_lib/callbacks/manager.py:45}}
Jun 08 14:51:51 ubuntu neutron-server[117842]: DEBUG neutron_lib.callbacks.manager [None req-a9b4e124-bc7d-43d0-a4da-b93e7862b6cd None None] Subscribe: <bound method NeutronDbPluginV2.validate_network_rbac_policy_change of <neutron.services.network_ip_availability.plugin.NetworkIPAvailabilityPlugin object at 0x7f07282519d0>> rbac-policy before_delete 55550000 {{(pid=117842) subscribe /usr/local/lib/python3.8/dist-packages/neutron_lib/callbacks/manager.py:45}}
Jun 08 14:51:51 ubuntu neutron-server[117842]: INFO neutron.quota.resource_registry [None req-a9b4e124-bc7d-43d0-a4da-b93e7862b6cd None None] Creating instance of CountableResource for resource:rbac_policy
Jun 08 14:51:51 ubuntu neutron-server[117842]: INFO neutron.quota.resource_registry [None req-a9b4e124-bc7d-43d0-a4da-b93e7862b6cd None None] Creating instance of TrackedResource for resource:security_group
Jun 08 14:51:51 ubuntu neutron-server[117842]: INFO neutron.quota.resource_registry [None req-a9b4e124-bc7d-43d0-a4da-b93e7862b6cd None None] Creating instance of TrackedResource for resource:security_group_rule
Jun 08 14:51:51 ubuntu neutron-server[117842]: DEBUG neutron.api.v2.resource_helper [None req-a9b4e124-bc7d-43d0-a4da-b93e7862b6cd None None] Service FLAVORS assigned prefix:  {{(pid=117842) build_resource_info /opt/stack/neutron/neutron/api/v2/resource_helper.py:77}}
Jun 08 14:51:51 ubuntu neutron-server[117842]: DEBUG neutron.api.v2.resource_helper [None req-a9b4e124-bc7d-43d0-a4da-b93e7862b6cd None None] Service L3_ROUTER_NAT assigned prefix:  {{(pid=117842) build_resource_info /opt/stack/neutron/neutron/api/v2/resource_helper.py:77}}
Jun 08 14:51:51 ubuntu neutron-server[117842]: DEBUG neutron.api.v2.resource_helper [None req-a9b4e124-bc7d-43d0-a4da-b93e7862b6cd None None] Service L3_ROUTER_NAT assigned prefix:  {{(pid=117842) build_resource_info /opt/stack/neutron/neutron/api/v2/resource_helper.py:77}}
Jun 08 14:51:51 ubuntu neutron-server[117842]: INFO neutron.quota.resource_registry [None req-a9b4e124-bc7d-43d0-a4da-b93e7862b6cd None None] Creating instance of TrackedResource for resource:router
Jun 08 14:51:51 ubuntu neutron-server[117842]: WARNING neutron.quota.resource_registry [None req-a9b4e124-bc7d-43d0-a4da-b93e7862b6cd None None] router is already registered
Jun 08 14:51:51 ubuntu neutron-server[117842]: INFO neutron.quota.resource_registry [None req-a9b4e124-bc7d-43d0-a4da-b93e7862b6cd None None] Creating instance of TrackedResource for resource:floatingip
Jun 08 14:51:51 ubuntu neutron-server[117842]: WARNING neutron.quota.resource_registry [None req-a9b4e124-bc7d-43d0-a4da-b93e7862b6cd None None] floatingip is already registered
Jun 08 14:51:51 ubuntu neutron-server[117842]: INFO neutron.quota.resource_registry [None req-a9b4e124-bc7d-43d0-a4da-b93e7862b6cd None None] Creating instance of CountableResource for resource:rbac_policy
Jun 08 14:51:51 ubuntu neutron-server[117842]: WARNING neutron.quota.resource_registry [None req-a9b4e124-bc7d-43d0-a4da-b93e7862b6cd None None] rbac_policy is already registered
Jun 08 14:51:51 ubuntu neutron-server[117842]: INFO neutron.quota.resource_registry [None req-a9b4e124-bc7d-43d0-a4da-b93e7862b6cd None None] Creating instance of TrackedResource for resource:security_group
Jun 08 14:51:51 ubuntu neutron-server[117842]: WARNING neutron.quota.resource_registry [None req-a9b4e124-bc7d-43d0-a4da-b93e7862b6cd None None] security_group is already registered
Jun 08 14:51:51 ubuntu neutron-server[117842]: INFO neutron.quota.resource_registry [None req-a9b4e124-bc7d-43d0-a4da-b93e7862b6cd None None] Creating instance of TrackedResource for resource:security_group_rule
Jun 08 14:51:51 ubuntu neutron-server[117842]: WARNING neutron.quota.resource_registry [None req-a9b4e124-bc7d-43d0-a4da-b93e7862b6cd None None] security_group_rule is already registered
Jun 08 14:51:51 ubuntu neutron-server[117842]: DEBUG neutron.api.extensions [None req-a9b4e124-bc7d-43d0-a4da-b93e7862b6cd None None] Extended resource: extensions {{(pid=117842) __init__ /opt/stack/neutron/neutron/api/extensions.py:157}}
Jun 08 14:51:51 ubuntu neutron-server[117842]: DEBUG neutron.api.extensions [None req-a9b4e124-bc7d-43d0-a4da-b93e7862b6cd None None] Extended resource: address-groups {{(pid=117842) __init__ /opt/stack/neutron/neutron/api/extensions.py:157}}
Jun 08 14:51:51 ubuntu neutron-server[117842]: DEBUG neutron.api.extensions [None req-a9b4e124-bc7d-43d0-a4da-b93e7862b6cd None None] Extended resource: address-scopes {{(pid=117842) __init__ /opt/stack/neutron/neutron/api/extensions.py:157}}
Jun 08 14:51:51 ubuntu neutron-server[117842]: DEBUG neutron.api.extensions [None req-a9b4e124-bc7d-43d0-a4da-b93e7862b6cd None None] Extended resource: agents {{(pid=117842) __init__ /opt/stack/neutron/neutron/api/extensions.py:157}}
Jun 08 14:51:51 ubuntu neutron-server[117842]: DEBUG neutron.api.extensions [None req-a9b4e124-bc7d-43d0-a4da-b93e7862b6cd None None] Extended resource: auto-allocated-topology {{(pid=117842) __init__ /opt/stack/neutron/neutron/api/extensions.py:157}}
Jun 08 14:51:51 ubuntu neutron-server[117842]: DEBUG neutron.api.extensions [None req-a9b4e124-bc7d-43d0-a4da-b93e7862b6cd None None] Extended resource: availability_zones {{(pid=117842) __init__ /opt/stack/neutron/neutron/api/extensions.py:157}}
Jun 08 14:51:51 ubuntu neutron-server[117842]: DEBUG neutron.api.extensions [None req-a9b4e124-bc7d-43d0-a4da-b93e7862b6cd None None] Extended resource: flavors {{(pid=117842) __init__ /opt/stack/neutron/neutron/api/extensions.py:157}}
Jun 08 14:51:51 ubuntu neutron-server[117842]: DEBUG neutron.api.extensions [None req-a9b4e124-bc7d-43d0-a4da-b93e7862b6cd None None] Extended resource: service_profiles {{(pid=117842) __init__ /opt/stack/neutron/neutron/api/extensions.py:157}}
Jun 08 14:51:51 ubuntu neutron-server[117842]: DEBUG neutron.api.extensions [None req-a9b4e124-bc7d-43d0-a4da-b93e7862b6cd None None] Extended resource: next_providers {{(pid=117842) __init__ /opt/stack/neutron/neutron/api/extensions.py:157}}
Jun 08 14:51:51 ubuntu neutron-server[117842]: DEBUG neutron.api.extensions [None req-a9b4e124-bc7d-43d0-a4da-b93e7862b6cd None None] Extended resource: service_profiles {{(pid=117842) __init__ /opt/stack/neutron/neutron/api/extensions.py:157}}
Jun 08 14:51:51 ubuntu neutron-server[117842]: DEBUG neutron.api.extensions [None req-a9b4e124-bc7d-43d0-a4da-b93e7862b6cd None None] Extended resource: floatingip-pools {{(pid=117842) __init__ /opt/stack/neutron/neutron/api/extensions.py:157}}
Jun 08 14:51:51 ubuntu neutron-server[117842]: DEBUG neutron.api.extensions [None req-a9b4e124-bc7d-43d0-a4da-b93e7862b6cd None None] Extended resource: routers {{(pid=117842) __init__ /opt/stack/neutron/neutron/api/extensions.py:157}}
Jun 08 14:51:51 ubuntu neutron-server[117842]: DEBUG neutron.api.extensions [None req-a9b4e124-bc7d-43d0-a4da-b93e7862b6cd None None] Extended resource: floatingips {{(pid=117842) __init__ /opt/stack/neutron/neutron/api/extensions.py:157}}
Jun 08 14:51:51 ubuntu neutron-server[117842]: DEBUG neutron.api.extensions [None req-a9b4e124-bc7d-43d0-a4da-b93e7862b6cd None None] Extended resource: network-ip-availabilities {{(pid=117842) __init__ /opt/stack/neutron/neutron/api/extensions.py:157}}
Jun 08 14:51:51 ubuntu neutron-server[117842]: DEBUG neutron.api.extensions [None req-a9b4e124-bc7d-43d0-a4da-b93e7862b6cd None None] Extended resource: bindings {{(pid=117842) __init__ /opt/stack/neutron/neutron/api/extensions.py:157}}
Jun 08 14:51:51 ubuntu neutron-server[117842]: DEBUG neutron.api.extensions [None req-a9b4e124-bc7d-43d0-a4da-b93e7862b6cd None None] Extended resource: quotas {{(pid=117842) __init__ /opt/stack/neutron/neutron/api/extensions.py:157}}
Jun 08 14:51:51 ubuntu neutron-server[117842]: DEBUG neutron.api.extensions [None req-a9b4e124-bc7d-43d0-a4da-b93e7862b6cd None None] Extended resource: quotas {{(pid=117842) __init__ /opt/stack/neutron/neutron/api/extensions.py:157}}
Jun 08 14:51:51 ubuntu neutron-server[117842]: DEBUG neutron.api.extensions [None req-a9b4e124-bc7d-43d0-a4da-b93e7862b6cd None None] Extended resource: rbac-policies {{(pid=117842) __init__ /opt/stack/neutron/neutron/api/extensions.py:157}}
Jun 08 14:51:51 ubuntu neutron-server[117842]: DEBUG neutron.api.extensions [None req-a9b4e124-bc7d-43d0-a4da-b93e7862b6cd None None] Extended resource: security-groups {{(pid=117842) __init__ /opt/stack/neutron/neutron/api/extensions.py:157}}
Jun 08 14:51:51 ubuntu neutron-server[117842]: DEBUG neutron.api.extensions [None req-a9b4e124-bc7d-43d0-a4da-b93e7862b6cd None None] Extended resource: security-group-rules {{(pid=117842) __init__ /opt/stack/neutron/neutron/api/extensions.py:157}}
Jun 08 14:51:51 ubuntu neutron-server[117842]: DEBUG neutron.api.extensions [None req-a9b4e124-bc7d-43d0-a4da-b93e7862b6cd None None] Extended resource: service-providers {{(pid=117842) __init__ /opt/stack/neutron/neutron/api/extensions.py:157}}
Jun 08 14:51:51 ubuntu neutron-server[117842]: DEBUG neutron.api.extensions [None req-a9b4e124-bc7d-43d0-a4da-b93e7862b6cd None None] Extended resource: tags {{(pid=117842) __init__ /opt/stack/neutron/neutron/api/extensions.py:157}}
Jun 08 14:51:51 ubuntu neutron-server[117842]: DEBUG neutron.api.extensions [None req-a9b4e124-bc7d-43d0-a4da-b93e7862b6cd None None] Extended resource: tags {{(pid=117842) __init__ /opt/stack/neutron/neutron/api/extensions.py:157}}
Jun 08 14:51:51 ubuntu neutron-server[117842]: DEBUG neutron.api.extensions [None req-a9b4e124-bc7d-43d0-a4da-b93e7862b6cd None None] Extended resource: tags {{(pid=117842) __init__ /opt/stack/neutron/neutron/api/extensions.py:157}}
Jun 08 14:51:51 ubuntu neutron-server[117842]: DEBUG neutron.api.extensions [None req-a9b4e124-bc7d-43d0-a4da-b93e7862b6cd None None] Extended resource: tags {{(pid=117842) __init__ /opt/stack/neutron/neutron/api/extensions.py:157}}
Jun 08 14:51:51 ubuntu neutron-server[117842]: DEBUG neutron.api.extensions [None req-a9b4e124-bc7d-43d0-a4da-b93e7862b6cd None None] Extended resource: tags {{(pid=117842) __init__ /opt/stack/neutron/neutron/api/extensions.py:157}}
Jun 08 14:51:51 ubuntu neutron-server[117842]: DEBUG neutron.api.extensions [None req-a9b4e124-bc7d-43d0-a4da-b93e7862b6cd None None] Extended resource: tags {{(pid=117842) __init__ /opt/stack/neutron/neutron/api/extensions.py:157}}
Jun 08 14:51:51 ubuntu neutron-server[117842]: DEBUG neutron.api.extensions [None req-a9b4e124-bc7d-43d0-a4da-b93e7862b6cd None None] Extended resource: tags {{(pid=117842) __init__ /opt/stack/neutron/neutron/api/extensions.py:157}}
Jun 08 14:51:51 ubuntu neutron-server[117842]: DEBUG neutron.api.extensions [None req-a9b4e124-bc7d-43d0-a4da-b93e7862b6cd None None] Extended resource: tags {{(pid=117842) __init__ /opt/stack/neutron/neutron/api/extensions.py:157}}
Jun 08 14:51:51 ubuntu neutron-server[117842]: DEBUG neutron.api.extensions [None req-a9b4e124-bc7d-43d0-a4da-b93e7862b6cd None None] Extended resource: tags {{(pid=117842) __init__ /opt/stack/neutron/neutron/api/extensions.py:157}}
Jun 08 14:51:51 ubuntu neutron-server[117842]: DEBUG neutron.api.extensions [None req-a9b4e124-bc7d-43d0-a4da-b93e7862b6cd None None] Extended resource: tags {{(pid=117842) __init__ /opt/stack/neutron/neutron/api/extensions.py:157}}
Jun 08 14:51:51 ubuntu neutron-server[117842]: WARNING keystonemiddleware.auth_token [None req-a9b4e124-bc7d-43d0-a4da-b93e7862b6cd None None] AuthToken middleware is set with keystone_authtoken.service_token_roles_required set to False. This is backwards compatible but deprecated behaviour. Please set this to True.
Jun 08 14:51:51 ubuntu neutron-server[117842]: WARNING keystonemiddleware.auth_token [None req-a9b4e124-bc7d-43d0-a4da-b93e7862b6cd None None] Configuring www_authenticate_uri to point to the public identity endpoint is required; clients may not be able to authenticate against an admin endpoint
Jun 08 14:51:51 ubuntu neutron-server[117842]: DEBUG oslo_concurrency.lockutils [None req-a9b4e124-bc7d-43d0-a4da-b93e7862b6cd None None] Acquired lock "singleton_lock" {{(pid=117842) lock /usr/local/lib/python3.8/dist-packages/oslo_concurrency/lockutils.py:294}}
Jun 08 14:51:51 ubuntu neutron-server[117842]: DEBUG oslo_concurrency.lockutils [None req-a9b4e124-bc7d-43d0-a4da-b93e7862b6cd None None] Releasing lock "singleton_lock" {{(pid=117842) lock /usr/local/lib/python3.8/dist-packages/oslo_concurrency/lockutils.py:312}}
Jun 08 14:51:51 ubuntu neutron-server[117842]: INFO oslo_service.service [None req-a9b4e124-bc7d-43d0-a4da-b93e7862b6cd None None] Starting 2 workers
Jun 08 14:51:51 ubuntu neutron-server[117842]: DEBUG oslo_service.service [None req-a9b4e124-bc7d-43d0-a4da-b93e7862b6cd None None] Started child 118054 {{(pid=117842) _start_child /usr/local/lib/python3.8/dist-packages/oslo_service/service.py:575}}
Jun 08 14:51:51 ubuntu neutron-server[117842]: DEBUG oslo_service.service [None req-a9b4e124-bc7d-43d0-a4da-b93e7862b6cd None None] Started child 118055 {{(pid=117842) _start_child /usr/local/lib/python3.8/dist-packages/oslo_service/service.py:575}}
Jun 08 14:51:51 ubuntu neutron-server[117842]: INFO neutron.service [None req-a9b4e124-bc7d-43d0-a4da-b93e7862b6cd None None] Neutron service started, listening on 0.0.0.0:9696
Jun 08 14:51:51 ubuntu neutron-server[117842]: DEBUG neutron_lib.callbacks.manager [None req-a9b4e124-bc7d-43d0-a4da-b93e7862b6cd None None] Publish callbacks ['neutron.plugins.ml2.drivers.ovn.mech_driver.mech_driver.OVNMechanismDriver.pre_fork_initialize-827465'] for process (None), before_spawn {{(pid=117842) _notify_loop /usr/local/lib/python3.8/dist-packages/neutron_lib/callbacks/manager.py:176}}
Jun 08 14:51:51 ubuntu neutron-server[118054]: DEBUG neutron_lib.callbacks.manager [-] Publish callbacks ['neutron.plugins.ml2.drivers.ovn.mech_driver.mech_driver.OVNMechanismDriver.post_fork_initialize-827501'] for process (None), after_init {{(pid=118054) _notify_loop /usr/local/lib/python3.8/dist-packages/neutron_lib/callbacks/manager.py:176}}
Jun 08 14:51:51 ubuntu neutron-server[118055]: DEBUG neutron_lib.callbacks.manager [-] Publish callbacks ['neutron.plugins.ml2.drivers.ovn.mech_driver.mech_driver.OVNMechanismDriver.post_fork_initialize-827501'] for process (None), after_init {{(pid=118055) _notify_loop /usr/local/lib/python3.8/dist-packages/neutron_lib/callbacks/manager.py:176}}
Jun 08 14:51:51 ubuntu neutron-server[118054]: DEBUG dbcounter [-] [118054] Writer thread running {{(pid=118054) stat_writer /usr/local/lib/python3.8/dist-packages/dbcounter.py:99}}
Jun 08 14:51:51 ubuntu neutron-server[118055]: DEBUG dbcounter [-] [118055] Writer thread running {{(pid=118055) stat_writer /usr/local/lib/python3.8/dist-packages/dbcounter.py:99}}
Jun 08 14:51:51 ubuntu neutron-server[117842]: DEBUG ovsdbapp.backend.ovs_idl [None req-a9b4e124-bc7d-43d0-a4da-b93e7862b6cd None None] Created schema index Port_Group.name {{(pid=117842) autocreate_indices /usr/local/lib/python3.8/dist-packages/ovsdbapp/backend/ovs_idl/__init__.py:104}}
Jun 08 14:51:51 ubuntu neutron-server[117842]: DEBUG ovsdbapp.backend.ovs_idl [None req-a9b4e124-bc7d-43d0-a4da-b93e7862b6cd None None] Created schema index Logical_Switch_Port.name {{(pid=117842) autocreate_indices /usr/local/lib/python3.8/dist-packages/ovsdbapp/backend/ovs_idl/__init__.py:104}}
Jun 08 14:51:51 ubuntu neutron-server[118054]: INFO neutron.plugins.ml2.drivers.ovn.mech_driver.ovsdb.impl_idl_ovn [None req-e1deed04-d48c-4fa9-8ab2-a379dc2cc86b None None] Getting OvsdbNbOvnIdl for WorkerService with retry
Jun 08 14:51:51 ubuntu neutron-server[118055]: INFO neutron.plugins.ml2.drivers.ovn.mech_driver.ovsdb.impl_idl_ovn [None req-818ade45-caab-4d51-a82f-157f685719ee None None] Getting OvsdbNbOvnIdl for WorkerService with retry
Jun 08 14:51:51 ubuntu neutron-server[117842]: DEBUG ovsdbapp.backend.ovs_idl.transaction [-] Running txn n=1 command(idx=0): PgAddCommand(name=neutron_pg_drop, may_exist=True, columns={'acls': []}) {{(pid=117842) do_commit /usr/local/lib/python3.8/dist-packages/ovsdbapp/backend/ovs_idl/transaction.py:90}}
Jun 08 14:51:51 ubuntu neutron-server[117842]: DEBUG ovsdbapp.backend.ovs_idl.transaction [-] Running txn n=1 command(idx=1): PgAclAddCommand(entity=neutron_pg_drop, direction=from-lport, priority=1001, match=inport == @neutron_pg_drop && ip, action=drop, log=False, may_exist=True, severity=[], name=[], meter=None, external_ids={}) {{(pid=117842) do_commit /usr/local/lib/python3.8/dist-packages/ovsdbapp/backend/ovs_idl/transaction.py:90}}
Jun 08 14:51:51 ubuntu neutron-server[117842]: DEBUG ovsdbapp.backend.ovs_idl.transaction [-] Running txn n=1 command(idx=2): PgAclAddCommand(entity=neutron_pg_drop, direction=to-lport, priority=1001, match=outport == @neutron_pg_drop && ip, action=drop, log=False, may_exist=True, severity=[], name=[], meter=None, external_ids={}) {{(pid=117842) do_commit /usr/local/lib/python3.8/dist-packages/ovsdbapp/backend/ovs_idl/transaction.py:90}}
Jun 08 14:51:51 ubuntu neutron-server[118054]: DEBUG ovsdbapp.backend.ovs_idl [None req-e1deed04-d48c-4fa9-8ab2-a379dc2cc86b None None] Created lookup_table index Logical_Switch.name {{(pid=118054) autocreate_indices /usr/local/lib/python3.8/dist-packages/ovsdbapp/backend/ovs_idl/__init__.py:85}}
Jun 08 14:51:51 ubuntu neutron-server[118054]: DEBUG ovsdbapp.backend.ovs_idl [None req-e1deed04-d48c-4fa9-8ab2-a379dc2cc86b None None] Created lookup_table index Logical_Router.name {{(pid=118054) autocreate_indices /usr/local/lib/python3.8/dist-packages/ovsdbapp/backend/ovs_idl/__init__.py:85}}
Jun 08 14:51:51 ubuntu neutron-server[118055]: DEBUG ovsdbapp.backend.ovs_idl [None req-818ade45-caab-4d51-a82f-157f685719ee None None] Created lookup_table index Logical_Switch.name {{(pid=118055) autocreate_indices /usr/local/lib/python3.8/dist-packages/ovsdbapp/backend/ovs_idl/__init__.py:85}}
Jun 08 14:51:51 ubuntu neutron-server[118054]: DEBUG ovsdbapp.backend.ovs_idl [None req-e1deed04-d48c-4fa9-8ab2-a379dc2cc86b None None] Created lookup_table index Load_Balancer.name {{(pid=118054) autocreate_indices /usr/local/lib/python3.8/dist-packages/ovsdbapp/backend/ovs_idl/__init__.py:85}}
Jun 08 14:51:51 ubuntu neutron-server[118055]: DEBUG ovsdbapp.backend.ovs_idl [None req-818ade45-caab-4d51-a82f-157f685719ee None None] Created lookup_table index Logical_Router.name {{(pid=118055) autocreate_indices /usr/local/lib/python3.8/dist-packages/ovsdbapp/backend/ovs_idl/__init__.py:85}}
Jun 08 14:51:51 ubuntu neutron-server[118054]: DEBUG ovsdbapp.backend.ovs_idl [None req-e1deed04-d48c-4fa9-8ab2-a379dc2cc86b None None] Created schema index Meter.name {{(pid=118054) autocreate_indices /usr/local/lib/python3.8/dist-packages/ovsdbapp/backend/ovs_idl/__init__.py:104}}
Jun 08 14:51:51 ubuntu neutron-server[118055]: DEBUG ovsdbapp.backend.ovs_idl [None req-818ade45-caab-4d51-a82f-157f685719ee None None] Created lookup_table index Load_Balancer.name {{(pid=118055) autocreate_indices /usr/local/lib/python3.8/dist-packages/ovsdbapp/backend/ovs_idl/__init__.py:85}}
Jun 08 14:51:51 ubuntu neutron-server[118054]: DEBUG ovsdbapp.backend.ovs_idl [None req-e1deed04-d48c-4fa9-8ab2-a379dc2cc86b None None] Created schema index Address_Set.name {{(pid=118054) autocreate_indices /usr/local/lib/python3.8/dist-packages/ovsdbapp/backend/ovs_idl/__init__.py:104}}
Jun 08 14:51:51 ubuntu neutron-server[118055]: DEBUG ovsdbapp.backend.ovs_idl [None req-818ade45-caab-4d51-a82f-157f685719ee None None] Created schema index Meter.name {{(pid=118055) autocreate_indices /usr/local/lib/python3.8/dist-packages/ovsdbapp/backend/ovs_idl/__init__.py:104}}
Jun 08 14:51:51 ubuntu neutron-server[118054]: DEBUG ovsdbapp.backend.ovs_idl [None req-e1deed04-d48c-4fa9-8ab2-a379dc2cc86b None None] Created schema index HA_Chassis_Group.name {{(pid=118054) autocreate_indices /usr/local/lib/python3.8/dist-packages/ovsdbapp/backend/ovs_idl/__init__.py:104}}
Jun 08 14:51:51 ubuntu neutron-server[118055]: DEBUG ovsdbapp.backend.ovs_idl [None req-818ade45-caab-4d51-a82f-157f685719ee None None] Created schema index Address_Set.name {{(pid=118055) autocreate_indices /usr/local/lib/python3.8/dist-packages/ovsdbapp/backend/ovs_idl/__init__.py:104}}
Jun 08 14:51:51 ubuntu neutron-server[118054]: DEBUG ovsdbapp.backend.ovs_idl [None req-e1deed04-d48c-4fa9-8ab2-a379dc2cc86b None None] Created schema index Connection.target {{(pid=118054) autocreate_indices /usr/local/lib/python3.8/dist-packages/ovsdbapp/backend/ovs_idl/__init__.py:104}}
Jun 08 14:51:51 ubuntu neutron-server[118055]: DEBUG ovsdbapp.backend.ovs_idl [None req-818ade45-caab-4d51-a82f-157f685719ee None None] Created schema index HA_Chassis_Group.name {{(pid=118055) autocreate_indices /usr/local/lib/python3.8/dist-packages/ovsdbapp/backend/ovs_idl/__init__.py:104}}
Jun 08 14:51:51 ubuntu neutron-server[118054]: DEBUG ovsdbapp.backend.ovs_idl [None req-e1deed04-d48c-4fa9-8ab2-a379dc2cc86b None None] Created schema index Gateway_Chassis.name {{(pid=118054) autocreate_indices /usr/local/lib/python3.8/dist-packages/ovsdbapp/backend/ovs_idl/__init__.py:104}}
Jun 08 14:51:51 ubuntu neutron-server[118055]: DEBUG ovsdbapp.backend.ovs_idl [None req-818ade45-caab-4d51-a82f-157f685719ee None None] Created schema index Connection.target {{(pid=118055) autocreate_indices /usr/local/lib/python3.8/dist-packages/ovsdbapp/backend/ovs_idl/__init__.py:104}}
Jun 08 14:51:51 ubuntu neutron-server[118054]: DEBUG ovsdbapp.backend.ovs_idl [None req-e1deed04-d48c-4fa9-8ab2-a379dc2cc86b None None] Created schema index Logical_Router_Port.name {{(pid=118054) autocreate_indices /usr/local/lib/python3.8/dist-packages/ovsdbapp/backend/ovs_idl/__init__.py:104}}
Jun 08 14:51:51 ubuntu neutron-server[118055]: DEBUG ovsdbapp.backend.ovs_idl [None req-818ade45-caab-4d51-a82f-157f685719ee None None] Created schema index Gateway_Chassis.name {{(pid=118055) autocreate_indices /usr/local/lib/python3.8/dist-packages/ovsdbapp/backend/ovs_idl/__init__.py:104}}
Jun 08 14:51:51 ubuntu neutron-server[118054]: DEBUG ovsdbapp.backend.ovs_idl [None req-e1deed04-d48c-4fa9-8ab2-a379dc2cc86b None None] Created schema index Port_Group.name {{(pid=118054) autocreate_indices /usr/local/lib/python3.8/dist-packages/ovsdbapp/backend/ovs_idl/__init__.py:104}}
Jun 08 14:51:51 ubuntu neutron-server[118055]: DEBUG ovsdbapp.backend.ovs_idl [None req-818ade45-caab-4d51-a82f-157f685719ee None None] Created schema index Logical_Router_Port.name {{(pid=118055) autocreate_indices /usr/local/lib/python3.8/dist-packages/ovsdbapp/backend/ovs_idl/__init__.py:104}}
Jun 08 14:51:51 ubuntu neutron-server[118054]: DEBUG ovsdbapp.backend.ovs_idl [None req-e1deed04-d48c-4fa9-8ab2-a379dc2cc86b None None] Created schema index Logical_Switch_Port.name {{(pid=118054) autocreate_indices /usr/local/lib/python3.8/dist-packages/ovsdbapp/backend/ovs_idl/__init__.py:104}}
Jun 08 14:51:51 ubuntu neutron-server[118055]: DEBUG ovsdbapp.backend.ovs_idl [None req-818ade45-caab-4d51-a82f-157f685719ee None None] Created schema index Port_Group.name {{(pid=118055) autocreate_indices /usr/local/lib/python3.8/dist-packages/ovsdbapp/backend/ovs_idl/__init__.py:104}}
Jun 08 14:51:51 ubuntu neutron-server[118055]: DEBUG ovsdbapp.backend.ovs_idl [None req-818ade45-caab-4d51-a82f-157f685719ee None None] Created schema index Logical_Switch_Port.name {{(pid=118055) autocreate_indices /usr/local/lib/python3.8/dist-packages/ovsdbapp/backend/ovs_idl/__init__.py:104}}
Jun 08 14:51:51 ubuntu neutron-server[118054]: INFO ovsdbapp.backend.ovs_idl.vlog [None req-e1deed04-d48c-4fa9-8ab2-a379dc2cc86b None None] tcp:192.168.79.47:6641: connecting...
Jun 08 14:51:51 ubuntu neutron-server[118055]: INFO ovsdbapp.backend.ovs_idl.vlog [None req-818ade45-caab-4d51-a82f-157f685719ee None None] tcp:192.168.79.47:6641: connecting...
Jun 08 14:51:51 ubuntu neutron-server[118054]: INFO ovsdbapp.backend.ovs_idl.vlog [None req-e1deed04-d48c-4fa9-8ab2-a379dc2cc86b None None] tcp:192.168.79.47:6641: connected
Jun 08 14:51:51 ubuntu neutron-server[118055]: INFO ovsdbapp.backend.ovs_idl.vlog [None req-818ade45-caab-4d51-a82f-157f685719ee None None] tcp:192.168.79.47:6641: connected
Jun 08 14:51:51 ubuntu neutron-server[117842]: DEBUG ovsdbapp.backend.ovs_idl.event [-] Matched CREATE: NeutronPgDropPortGroupCreated(events=('create',), table='Port_Group', conditions=(('name', '=', 'neutron_pg_drop'),), old_conditions=None), priority=10 to row=Port_Group(name=neutron_pg_drop, ports=[], external_ids={}, acls=[<ovs.db.idl.Row object at 0x7f0727e7bca0>, <ovs.db.idl.Row object at 0x7f0727e79220>]) old= {{(pid=117842) matches /usr/local/lib/python3.8/dist-packages/ovsdbapp/backend/ovs_idl/event.py:43}}
Jun 08 14:51:51 ubuntu neutron-server[117842]: DEBUG ovsdbapp.backend.ovs_idl [None req-a9b4e124-bc7d-43d0-a4da-b93e7862b6cd None None] Created lookup_table index Logical_Switch.name {{(pid=117842) autocreate_indices /usr/local/lib/python3.8/dist-packages/ovsdbapp/backend/ovs_idl/__init__.py:85}}
Jun 08 14:51:51 ubuntu neutron-server[117842]: DEBUG ovsdbapp.backend.ovs_idl [None req-a9b4e124-bc7d-43d0-a4da-b93e7862b6cd None None] Created lookup_table index Logical_Router.name {{(pid=117842) autocreate_indices /usr/local/lib/python3.8/dist-packages/ovsdbapp/backend/ovs_idl/__init__.py:85}}
Jun 08 14:51:51 ubuntu neutron-server[117842]: DEBUG ovsdbapp.backend.ovs_idl [None req-a9b4e124-bc7d-43d0-a4da-b93e7862b6cd None None] Created lookup_table index Load_Balancer.name {{(pid=117842) autocreate_indices /usr/local/lib/python3.8/dist-packages/ovsdbapp/backend/ovs_idl/__init__.py:85}}
Jun 08 14:51:51 ubuntu neutron-server[117842]: DEBUG ovsdbapp.backend.ovs_idl [None req-a9b4e124-bc7d-43d0-a4da-b93e7862b6cd None None] Created schema index Meter.name {{(pid=117842) autocreate_indices /usr/local/lib/python3.8/dist-packages/ovsdbapp/backend/ovs_idl/__init__.py:104}}
Jun 08 14:51:51 ubuntu neutron-server[117842]: DEBUG ovsdbapp.backend.ovs_idl [None req-a9b4e124-bc7d-43d0-a4da-b93e7862b6cd None None] Created schema index Address_Set.name {{(pid=117842) autocreate_indices /usr/local/lib/python3.8/dist-packages/ovsdbapp/backend/ovs_idl/__init__.py:104}}
Jun 08 14:51:51 ubuntu neutron-server[117842]: DEBUG ovsdbapp.backend.ovs_idl [None req-a9b4e124-bc7d-43d0-a4da-b93e7862b6cd None None] Created schema index HA_Chassis_Group.name {{(pid=117842) autocreate_indices /usr/local/lib/python3.8/dist-packages/ovsdbapp/backend/ovs_idl/__init__.py:104}}
Jun 08 14:51:51 ubuntu neutron-server[117842]: DEBUG ovsdbapp.backend.ovs_idl [None req-a9b4e124-bc7d-43d0-a4da-b93e7862b6cd None None] Created schema index Connection.target {{(pid=117842) autocreate_indices /usr/local/lib/python3.8/dist-packages/ovsdbapp/backend/ovs_idl/__init__.py:104}}
Jun 08 14:51:51 ubuntu neutron-server[117842]: DEBUG ovsdbapp.backend.ovs_idl [None req-a9b4e124-bc7d-43d0-a4da-b93e7862b6cd None None] Created schema index Gateway_Chassis.name {{(pid=117842) autocreate_indices /usr/local/lib/python3.8/dist-packages/ovsdbapp/backend/ovs_idl/__init__.py:104}}
Jun 08 14:51:51 ubuntu neutron-server[117842]: DEBUG ovsdbapp.backend.ovs_idl [None req-a9b4e124-bc7d-43d0-a4da-b93e7862b6cd None None] Created schema index Logical_Router_Port.name {{(pid=117842) autocreate_indices /usr/local/lib/python3.8/dist-packages/ovsdbapp/backend/ovs_idl/__init__.py:104}}
Jun 08 14:51:51 ubuntu neutron-server[117842]: DEBUG ovsdbapp.backend.ovs_idl [None req-a9b4e124-bc7d-43d0-a4da-b93e7862b6cd None None] Created schema index Port_Group.name {{(pid=117842) autocreate_indices /usr/local/lib/python3.8/dist-packages/ovsdbapp/backend/ovs_idl/__init__.py:104}}
Jun 08 14:51:51 ubuntu neutron-server[117842]: DEBUG ovsdbapp.backend.ovs_idl [None req-a9b4e124-bc7d-43d0-a4da-b93e7862b6cd None None] Created schema index Logical_Switch_Port.name {{(pid=117842) autocreate_indices /usr/local/lib/python3.8/dist-packages/ovsdbapp/backend/ovs_idl/__init__.py:104}}
Jun 08 14:51:51 ubuntu neutron-server[118054]: DEBUG neutron.common.ovn.hash_ring_manager [None req-e1deed04-d48c-4fa9-8ab2-a379dc2cc86b None None] Allow caching, nodes 2>=2 {{(pid=118054) _wait_startup_before_caching /opt/stack/neutron/neutron/common/ovn/hash_ring_manager.py:60}}
Jun 08 14:51:51 ubuntu neutron-server[118055]: DEBUG neutron.common.ovn.hash_ring_manager [None req-818ade45-caab-4d51-a82f-157f685719ee None None] Allow caching, nodes 2>=2 {{(pid=118055) _wait_startup_before_caching /opt/stack/neutron/neutron/common/ovn/hash_ring_manager.py:60}}
Jun 08 14:51:51 ubuntu neutron-server[118054]: DEBUG neutron.plugins.ml2.drivers.ovn.mech_driver.ovsdb.ovsdb_monitor [None req-e1deed04-d48c-4fa9-8ab2-a379dc2cc86b None None] Hash Ring: Node 6b4deee4-7831-4268-9643-999aa228bb90 (host: ubuntu) handling event "create" for row 52e557ed-7445-47e6-8fa1-745548f6819d (table: NB_Global) {{(pid=118054) notify /opt/stack/neutron/neutron/plugins/ml2/drivers/ovn/mech_driver/ovsdb/ovsdb_monitor.py:739}}
Jun 08 14:51:51 ubuntu neutron-server[118054]: DEBUG neutron.plugins.ml2.drivers.ovn.mech_driver.ovsdb.ovsdb_monitor [None req-e1deed04-d48c-4fa9-8ab2-a379dc2cc86b None None] Hash Ring: Node 6b4deee4-7831-4268-9643-999aa228bb90 (host: ubuntu) handling event "create" for row 80594897-6fde-4b17-b259-9fabb80122a4 (table: ACL) {{(pid=118054) notify /opt/stack/neutron/neutron/plugins/ml2/drivers/ovn/mech_driver/ovsdb/ovsdb_monitor.py:739}}
Jun 08 14:51:51 ubuntu neutron-server[118054]: DEBUG neutron.plugins.ml2.drivers.ovn.mech_driver.ovsdb.ovsdb_monitor [None req-e1deed04-d48c-4fa9-8ab2-a379dc2cc86b None None] Hash Ring: Node 6b4deee4-7831-4268-9643-999aa228bb90 (host: ubuntu) handling event "create" for row 7638e422-aa5b-4ba9-b9bc-a1c48da955b4 (table: ACL) {{(pid=118054) notify /opt/stack/neutron/neutron/plugins/ml2/drivers/ovn/mech_driver/ovsdb/ovsdb_monitor.py:739}}
Jun 08 14:51:51 ubuntu neutron-server[118055]: DEBUG neutron.plugins.ml2.drivers.ovn.mech_driver.ovsdb.ovsdb_monitor [None req-818ade45-caab-4d51-a82f-157f685719ee None None] Hash Ring: Node 66709c1c-b276-4913-8db5-d215f9fc1982 (host: ubuntu) handling event "create" for row 8e325896-d632-4ee7-abd5-2be27cbaec15 (table: Database) {{(pid=118055) notify /opt/stack/neutron/neutron/plugins/ml2/drivers/ovn/mech_driver/ovsdb/ovsdb_monitor.py:739}}
Jun 08 14:51:51 ubuntu neutron-server[118054]: INFO neutron.plugins.ml2.drivers.ovn.mech_driver.ovsdb.impl_idl_ovn [None req-e1deed04-d48c-4fa9-8ab2-a379dc2cc86b None None] Getting OvsdbSbOvnIdl for WorkerService with retry
Jun 08 14:51:51 ubuntu neutron-server[118055]: DEBUG neutron.plugins.ml2.drivers.ovn.mech_driver.ovsdb.ovsdb_monitor [None req-818ade45-caab-4d51-a82f-157f685719ee None None] Hash Ring: Node 66709c1c-b276-4913-8db5-d215f9fc1982 (host: ubuntu) handling event "create" for row 01a6518a-5357-420e-be16-4bec56fc0505 (table: Database) {{(pid=118055) notify /opt/stack/neutron/neutron/plugins/ml2/drivers/ovn/mech_driver/ovsdb/ovsdb_monitor.py:739}}
Jun 08 14:51:51 ubuntu neutron-server[118054]: DEBUG ovsdbapp.backend.ovs_idl [None req-e1deed04-d48c-4fa9-8ab2-a379dc2cc86b None None] Created lookup_table index Chassis.name {{(pid=118054) autocreate_indices /usr/local/lib/python3.8/dist-packages/ovsdbapp/backend/ovs_idl/__init__.py:85}}
Jun 08 14:51:51 ubuntu neutron-server[118054]: DEBUG ovsdbapp.backend.ovs_idl [None req-e1deed04-d48c-4fa9-8ab2-a379dc2cc86b None None] Created schema index Datapath_Binding.tunnel_key {{(pid=118054) autocreate_indices /usr/local/lib/python3.8/dist-packages/ovsdbapp/backend/ovs_idl/__init__.py:104}}
Jun 08 14:51:51 ubuntu neutron-server[118054]: DEBUG ovsdbapp.backend.ovs_idl [None req-e1deed04-d48c-4fa9-8ab2-a379dc2cc86b None None] Created schema index Connection.target {{(pid=118054) autocreate_indices /usr/local/lib/python3.8/dist-packages/ovsdbapp/backend/ovs_idl/__init__.py:104}}
Jun 08 14:51:51 ubuntu neutron-server[118054]: INFO ovsdbapp.backend.ovs_idl.vlog [None req-e1deed04-d48c-4fa9-8ab2-a379dc2cc86b None None] tcp:192.168.79.47:6642: connecting...
Jun 08 14:51:51 ubuntu neutron-server[118055]: DEBUG neutron.plugins.ml2.drivers.ovn.mech_driver.ovsdb.ovsdb_monitor [None req-818ade45-caab-4d51-a82f-157f685719ee None None] Hash Ring: Node 66709c1c-b276-4913-8db5-d215f9fc1982 (host: ubuntu) handling event "create" for row 1cc0d3b2-43dd-4c16-b709-a78bc7403123 (table: Port_Group) {{(pid=118055) notify /opt/stack/neutron/neutron/plugins/ml2/drivers/ovn/mech_driver/ovsdb/ovsdb_monitor.py:739}}
Jun 08 14:51:51 ubuntu neutron-server[118054]: INFO ovsdbapp.backend.ovs_idl.vlog [None req-e1deed04-d48c-4fa9-8ab2-a379dc2cc86b None None] tcp:192.168.79.47:6642: connected
Jun 08 14:51:51 ubuntu neutron-server[118055]: DEBUG neutron.plugins.ml2.drivers.ovn.mech_driver.ovsdb.ovsdb_monitor [None req-818ade45-caab-4d51-a82f-157f685719ee None None] Hash Ring: Node 66709c1c-b276-4913-8db5-d215f9fc1982 (host: ubuntu) handling event "create" for row 61a49f22-c220-4d95-886b-2f8bf49a3d9a (table: Connection) {{(pid=118055) notify /opt/stack/neutron/neutron/plugins/ml2/drivers/ovn/mech_driver/ovsdb/ovsdb_monitor.py:739}}
Jun 08 14:51:51 ubuntu neutron-server[118055]: INFO neutron.plugins.ml2.drivers.ovn.mech_driver.ovsdb.impl_idl_ovn [None req-818ade45-caab-4d51-a82f-157f685719ee None None] Getting OvsdbSbOvnIdl for WorkerService with retry
Jun 08 14:51:51 ubuntu neutron-server[118055]: DEBUG ovsdbapp.backend.ovs_idl [None req-818ade45-caab-4d51-a82f-157f685719ee None None] Created lookup_table index Chassis.name {{(pid=118055) autocreate_indices /usr/local/lib/python3.8/dist-packages/ovsdbapp/backend/ovs_idl/__init__.py:85}}
Jun 08 14:51:51 ubuntu neutron-server[118055]: DEBUG ovsdbapp.backend.ovs_idl [None req-818ade45-caab-4d51-a82f-157f685719ee None None] Created schema index Datapath_Binding.tunnel_key {{(pid=118055) autocreate_indices /usr/local/lib/python3.8/dist-packages/ovsdbapp/backend/ovs_idl/__init__.py:104}}
Jun 08 14:51:51 ubuntu neutron-server[118055]: DEBUG ovsdbapp.backend.ovs_idl [None req-818ade45-caab-4d51-a82f-157f685719ee None None] Created schema index Connection.target {{(pid=118055) autocreate_indices /usr/local/lib/python3.8/dist-packages/ovsdbapp/backend/ovs_idl/__init__.py:104}}
Jun 08 14:51:51 ubuntu neutron-server[118055]: INFO ovsdbapp.backend.ovs_idl.vlog [None req-818ade45-caab-4d51-a82f-157f685719ee None None] tcp:192.168.79.47:6642: connecting...
Jun 08 14:51:51 ubuntu neutron-server[118055]: INFO ovsdbapp.backend.ovs_idl.vlog [None req-818ade45-caab-4d51-a82f-157f685719ee None None] tcp:192.168.79.47:6642: connected
Jun 08 14:51:51 ubuntu neutron-server[117842]: DEBUG ovsdbapp.backend.ovs_idl [None req-a9b4e124-bc7d-43d0-a4da-b93e7862b6cd None None] Created lookup_table index Chassis.name {{(pid=117842) autocreate_indices /usr/local/lib/python3.8/dist-packages/ovsdbapp/backend/ovs_idl/__init__.py:85}}
Jun 08 14:51:51 ubuntu neutron-server[117842]: DEBUG ovsdbapp.backend.ovs_idl [None req-a9b4e124-bc7d-43d0-a4da-b93e7862b6cd None None] Created lookup_table index MAC_Binding.ip {{(pid=117842) autocreate_indices /usr/local/lib/python3.8/dist-packages/ovsdbapp/backend/ovs_idl/__init__.py:85}}
Jun 08 14:51:51 ubuntu neutron-server[117842]: DEBUG ovsdbapp.backend.ovs_idl [None req-a9b4e124-bc7d-43d0-a4da-b93e7862b6cd None None] Created schema index Meter.name {{(pid=117842) autocreate_indices /usr/local/lib/python3.8/dist-packages/ovsdbapp/backend/ovs_idl/__init__.py:104}}
Jun 08 14:51:51 ubuntu neutron-server[117842]: DEBUG ovsdbapp.backend.ovs_idl [None req-a9b4e124-bc7d-43d0-a4da-b93e7862b6cd None None] Created schema index Address_Set.name {{(pid=117842) autocreate_indices /usr/local/lib/python3.8/dist-packages/ovsdbapp/backend/ovs_idl/__init__.py:104}}
Jun 08 14:51:51 ubuntu neutron-server[118054]: DEBUG neutron.common.ovn.hash_ring_manager [None req-e1deed04-d48c-4fa9-8ab2-a379dc2cc86b None None] Allow caching, nodes 2>=2 {{(pid=118054) _wait_startup_before_caching /opt/stack/neutron/neutron/common/ovn/hash_ring_manager.py:60}}
Jun 08 14:51:51 ubuntu neutron-server[117842]: DEBUG ovsdbapp.backend.ovs_idl [None req-a9b4e124-bc7d-43d0-a4da-b93e7862b6cd None None] Created schema index HA_Chassis_Group.name {{(pid=117842) autocreate_indices /usr/local/lib/python3.8/dist-packages/ovsdbapp/backend/ovs_idl/__init__.py:104}}
Jun 08 14:51:51 ubuntu neutron-server[117842]: DEBUG ovsdbapp.backend.ovs_idl [None req-a9b4e124-bc7d-43d0-a4da-b93e7862b6cd None None] Created schema index IP_Multicast.datapath {{(pid=117842) autocreate_indices /usr/local/lib/python3.8/dist-packages/ovsdbapp/backend/ovs_idl/__init__.py:104}}
Jun 08 14:51:51 ubuntu neutron-server[117842]: DEBUG ovsdbapp.backend.ovs_idl [None req-a9b4e124-bc7d-43d0-a4da-b93e7862b6cd None None] Created schema index Connection.target {{(pid=117842) autocreate_indices /usr/local/lib/python3.8/dist-packages/ovsdbapp/backend/ovs_idl/__init__.py:104}}
Jun 08 14:51:51 ubuntu neutron-server[117842]: DEBUG ovsdbapp.backend.ovs_idl [None req-a9b4e124-bc7d-43d0-a4da-b93e7862b6cd None None] Created schema index Gateway_Chassis.name {{(pid=117842) autocreate_indices /usr/local/lib/python3.8/dist-packages/ovsdbapp/backend/ovs_idl/__init__.py:104}}
Jun 08 14:51:51 ubuntu neutron-server[117842]: DEBUG ovsdbapp.backend.ovs_idl [None req-a9b4e124-bc7d-43d0-a4da-b93e7862b6cd None None] Created schema index Port_Group.name {{(pid=117842) autocreate_indices /usr/local/lib/python3.8/dist-packages/ovsdbapp/backend/ovs_idl/__init__.py:104}}
Jun 08 14:51:51 ubuntu neutron-server[117842]: DEBUG ovsdbapp.backend.ovs_idl [None req-a9b4e124-bc7d-43d0-a4da-b93e7862b6cd None None] Created schema index Datapath_Binding.tunnel_key {{(pid=117842) autocreate_indices /usr/local/lib/python3.8/dist-packages/ovsdbapp/backend/ovs_idl/__init__.py:104}}
Jun 08 14:51:51 ubuntu neutron-server[118055]: DEBUG neutron.common.ovn.hash_ring_manager [None req-818ade45-caab-4d51-a82f-157f685719ee None None] Allow caching, nodes 2>=2 {{(pid=118055) _wait_startup_before_caching /opt/stack/neutron/neutron/common/ovn/hash_ring_manager.py:60}}
Jun 08 14:51:51 ubuntu neutron-server[118054]: DEBUG neutron.plugins.ml2.drivers.ovn.mech_driver.ovsdb.ovsdb_monitor [None req-e1deed04-d48c-4fa9-8ab2-a379dc2cc86b None None] Hash Ring: Node 6b4deee4-7831-4268-9643-999aa228bb90 (host: ubuntu) handling event "create" for row 3545b40b-827e-4af9-9e68-361bf381d229 (table: Database) {{(pid=118054) notify /opt/stack/neutron/neutron/plugins/ml2/drivers/ovn/mech_driver/ovsdb/ovsdb_monitor.py:739}}
Jun 08 14:51:51 ubuntu neutron-server[118054]: DEBUG neutron.plugins.ml2.drivers.ovn.mech_driver.ovsdb.ovsdb_monitor [None req-e1deed04-d48c-4fa9-8ab2-a379dc2cc86b None None] Hash Ring: Node 6b4deee4-7831-4268-9643-999aa228bb90 (host: ubuntu) handling event "create" for row 237cd410-117c-4c02-9f2e-7d48abcf1158 (table: Encap) {{(pid=118054) notify /opt/stack/neutron/neutron/plugins/ml2/drivers/ovn/mech_driver/ovsdb/ovsdb_monitor.py:739}}
Jun 08 14:51:51 ubuntu neutron-server[118054]: DEBUG neutron.plugins.ml2.drivers.ovn.mech_driver.ovsdb.ovsdb_monitor [None req-e1deed04-d48c-4fa9-8ab2-a379dc2cc86b None None] ChassisMetadataAgentWriteEvent : Matched Chassis, create, None None {{(pid=118054) matches /opt/stack/neutron/neutron/plugins/ml2/drivers/ovn/mech_driver/ovsdb/ovsdb_monitor.py:62}}
Jun 08 14:51:51 ubuntu neutron-server[118054]: DEBUG neutron.plugins.ml2.drivers.ovn.mech_driver.ovsdb.ovsdb_monitor [None req-e1deed04-d48c-4fa9-8ab2-a379dc2cc86b None None] ChassisAgentWriteEvent : Matched Chassis, create, None None {{(pid=118054) matches /opt/stack/neutron/neutron/plugins/ml2/drivers/ovn/mech_driver/ovsdb/ovsdb_monitor.py:62}}
Jun 08 14:51:51 ubuntu neutron-server[118054]: DEBUG neutron.plugins.ml2.drivers.ovn.mech_driver.ovsdb.ovsdb_monitor [None req-e1deed04-d48c-4fa9-8ab2-a379dc2cc86b None None] Hash Ring: Node 6b4deee4-7831-4268-9643-999aa228bb90 (host: ubuntu) handling event "create" for row 7b2ceb67-ce06-4611-9ffb-51fe1406cc49 (table: Connection) {{(pid=118054) notify /opt/stack/neutron/neutron/plugins/ml2/drivers/ovn/mech_driver/ovsdb/ovsdb_monitor.py:739}}
Jun 08 14:51:51 ubuntu neutron-server[118055]: DEBUG neutron.plugins.ml2.drivers.ovn.mech_driver.ovsdb.ovsdb_monitor [None req-818ade45-caab-4d51-a82f-157f685719ee None None] Hash Ring: Node 66709c1c-b276-4913-8db5-d215f9fc1982 (host: ubuntu) handling event "create" for row e9a98171-4066-425f-bac2-c1e4058eff11 (table: Database) {{(pid=118055) notify /opt/stack/neutron/neutron/plugins/ml2/drivers/ovn/mech_driver/ovsdb/ovsdb_monitor.py:739}}
Jun 08 14:51:51 ubuntu neutron-server[118054]: INFO neutron.wsgi [-] (118054) wsgi starting up on http://0.0.0.0:9696
Jun 08 14:51:51 ubuntu neutron-server[118055]: DEBUG neutron.plugins.ml2.drivers.ovn.mech_driver.ovsdb.ovsdb_monitor [None req-818ade45-caab-4d51-a82f-157f685719ee None None] ChassisMetadataAgentWriteEvent : Matched Chassis, create, None None {{(pid=118055) matches /opt/stack/neutron/neutron/plugins/ml2/drivers/ovn/mech_driver/ovsdb/ovsdb_monitor.py:62}}
Jun 08 14:51:51 ubuntu neutron-server[118055]: DEBUG neutron.plugins.ml2.drivers.ovn.mech_driver.ovsdb.ovsdb_monitor [None req-818ade45-caab-4d51-a82f-157f685719ee None None] ChassisAgentWriteEvent : Matched Chassis, create, None None {{(pid=118055) matches /opt/stack/neutron/neutron/plugins/ml2/drivers/ovn/mech_driver/ovsdb/ovsdb_monitor.py:62}}
Jun 08 14:51:51 ubuntu neutron-server[118055]: DEBUG neutron.plugins.ml2.drivers.ovn.mech_driver.ovsdb.ovsdb_monitor [None req-818ade45-caab-4d51-a82f-157f685719ee None None] Hash Ring: Node 66709c1c-b276-4913-8db5-d215f9fc1982 (host: ubuntu) handling event "create" for row 63e7e990-47ae-4e2c-b8d9-9504d1bfb7c5 (table: Chassis) {{(pid=118055) notify /opt/stack/neutron/neutron/plugins/ml2/drivers/ovn/mech_driver/ovsdb/ovsdb_monitor.py:739}}
Jun 08 14:51:51 ubuntu neutron-server[118055]: INFO neutron.wsgi [-] (118055) wsgi starting up on http://0.0.0.0:9696
Jun 08 14:51:51 ubuntu neutron-server[117842]: INFO oslo_service.service [None req-a9b4e124-bc7d-43d0-a4da-b93e7862b6cd None None] Starting 1 workers
Jun 08 14:51:51 ubuntu neutron-server[117842]: DEBUG oslo_service.service [None req-a9b4e124-bc7d-43d0-a4da-b93e7862b6cd None None] Started child 118057 {{(pid=117842) _start_child /usr/local/lib/python3.8/dist-packages/oslo_service/service.py:575}}
Jun 08 14:51:51 ubuntu neutron-server[117842]: INFO oslo_service.service [None req-a9b4e124-bc7d-43d0-a4da-b93e7862b6cd None None] Starting 1 workers
Jun 08 14:51:51 ubuntu neutron-server[117842]: DEBUG oslo_service.service [None req-a9b4e124-bc7d-43d0-a4da-b93e7862b6cd None None] Started child 118058 {{(pid=117842) _start_child /usr/local/lib/python3.8/dist-packages/oslo_service/service.py:575}}
Jun 08 14:51:51 ubuntu neutron-server[117842]: INFO oslo_service.service [None req-a9b4e124-bc7d-43d0-a4da-b93e7862b6cd None None] Starting 1 workers
Jun 08 14:51:51 ubuntu neutron-server[118057]: DEBUG neutron.service [None req-a9b4e124-bc7d-43d0-a4da-b93e7862b6cd None None] calling RpcWorker wait() {{(pid=118057) _wait /opt/stack/neutron/neutron/service.py:128}}
Jun 08 14:51:51 ubuntu neutron-server[118057]: DEBUG neutron.service [None req-a9b4e124-bc7d-43d0-a4da-b93e7862b6cd None None] returning from RpcWorker wait() {{(pid=118057) _wait /opt/stack/neutron/neutron/service.py:135}}
Jun 08 14:51:51 ubuntu neutron-server[118057]: DEBUG neutron_lib.callbacks.manager [-] Publish callbacks ['neutron.plugins.ml2.drivers.ovn.mech_driver.mech_driver.OVNMechanismDriver.post_fork_initialize-827501'] for process (None), after_init {{(pid=118057) _notify_loop /usr/local/lib/python3.8/dist-packages/neutron_lib/callbacks/manager.py:176}}
Jun 08 14:51:51 ubuntu neutron-server[118057]: INFO neutron.plugins.ml2.drivers.ovn.mech_driver.ovsdb.impl_idl_ovn [-] Getting OvsdbNbOvnIdl for RpcWorker with retry
Jun 08 14:51:51 ubuntu neutron-server[118058]: DEBUG neutron_lib.callbacks.manager [-] Publish callbacks ['neutron.plugins.ml2.drivers.ovn.mech_driver.mech_driver.OVNMechanismDriver.post_fork_initialize-827501'] for process (None), after_init {{(pid=118058) _notify_loop /usr/local/lib/python3.8/dist-packages/neutron_lib/callbacks/manager.py:176}}
Jun 08 14:51:51 ubuntu neutron-server[118058]: INFO neutron.plugins.ml2.drivers.ovn.mech_driver.ovsdb.impl_idl_ovn [-] Getting OvsdbNbOvnIdl for MaintenanceWorker with retry
Jun 08 14:51:51 ubuntu neutron-server[117842]: DEBUG oslo_service.service [None req-a9b4e124-bc7d-43d0-a4da-b93e7862b6cd None None] Started child 118059 {{(pid=117842) _start_child /usr/local/lib/python3.8/dist-packages/oslo_service/service.py:575}}
