Jul 26 03:00:03 ubuntu devstack@g-api.service[152063]: DEBUG glance_store.location [None req-dc6988b4-b3b6-4348-bb03-b9e04185cf66 tempest-VolumesActionsTest-405089294 tempest-VolumesActionsTest-405089294-project] Registering scheme swift with {'store': <glance_store._drivers.swift.store.SingleTenantStore object at 0x7f480007f640>, 'location_class': <class 'glance_store._drivers.swift.store.StoreLocation'>, 'store_entry': 'swift'} {{(pid=152063) register_scheme_map /usr/local/lib/python3.8/dist-packages/glance_store/location.py:146}}
Jul 26 03:00:03 ubuntu devstack@g-api.service[152063]: DEBUG glance_store.location [None req-dc6988b4-b3b6-4348-bb03-b9e04185cf66 tempest-VolumesActionsTest-405089294 tempest-VolumesActionsTest-405089294-project] Registering scheme swift+http with {'store': <glance_store._drivers.swift.store.SingleTenantStore object at 0x7f480007f640>, 'location_class': <class 'glance_store._drivers.swift.store.StoreLocation'>, 'store_entry': 'swift'} {{(pid=152063) register_scheme_map /usr/local/lib/python3.8/dist-packages/glance_store/location.py:146}}
Jul 26 03:00:03 ubuntu devstack@g-api.service[152063]: DEBUG glance_store.location [None req-dc6988b4-b3b6-4348-bb03-b9e04185cf66 tempest-VolumesActionsTest-405089294 tempest-VolumesActionsTest-405089294-project] Registering scheme swift+config with {'store': <glance_store._drivers.swift.store.SingleTenantStore object at 0x7f480007f640>, 'location_class': <class 'glance_store._drivers.swift.store.StoreLocation'>, 'store_entry': 'swift'} {{(pid=152063) register_scheme_map /usr/local/lib/python3.8/dist-packages/glance_store/location.py:146}}
Jul 26 03:00:03 ubuntu devstack@g-api.service[152063]: DEBUG swiftclient [None req-dc6988b4-b3b6-4348-bb03-b9e04185cf66 tempest-VolumesActionsTest-405089294 tempest-VolumesActionsTest-405089294-project] REQ: curl -i http://192.168.79.47:8080/v1/AUTH_9d977e35665642dd9a30ceb822211abd/glance -I -H "X-Auth-Token: gAAAAABi31izINl8..." {{(pid=152063) http_log /usr/local/lib/python3.8/dist-packages/swiftclient/client.py:157}}
Jul 26 03:00:03 ubuntu devstack@g-api.service[152063]: DEBUG swiftclient [None req-dc6988b4-b3b6-4348-bb03-b9e04185cf66 tempest-VolumesActionsTest-405089294 tempest-VolumesActionsTest-405089294-project] RESP STATUS: 204 No Content {{(pid=152063) http_log /usr/local/lib/python3.8/dist-packages/swiftclient/client.py:158}}
Jul 26 03:00:03 ubuntu devstack@g-api.service[152063]: DEBUG swiftclient [None req-dc6988b4-b3b6-4348-bb03-b9e04185cf66 tempest-VolumesActionsTest-405089294 tempest-VolumesActionsTest-405089294-project] RESP HEADERS: {'Content-Type': 'text/plain; charset=utf-8', 'X-Container-Object-Count': '1', 'X-Container-Bytes-Used': '16338944', 'X-Timestamp': '1658803415.00668', 'Last-Modified': 'Tue, 26 Jul 2022 02:43:35 GMT', 'Accept-Ranges': 'bytes', 'X-Storage-Policy': 'Policy-0', 'X-Container-Sharding': 'False', 'Vary': 'Accept', 'Content-Length': '0', 'X-Trans-Id': 'tx1d48c5b6eff54a2986c76-0062df58b3', 'X-Openstack-Request-Id': 'tx1d48c5b6eff54a2986c76-0062df58b3', 'Date': 'Tue, 26 Jul 2022 03:00:03 GMT'} {{(pid=152063) http_log /usr/local/lib/python3.8/dist-packages/swiftclient/client.py:159}}
Jul 26 03:00:03 ubuntu devstack@g-api.service[152063]: DEBUG glance_store._drivers.swift.store [None req-dc6988b4-b3b6-4348-bb03-b9e04185cf66 tempest-VolumesActionsTest-405089294 tempest-VolumesActionsTest-405089294-project] Adding image object '4a040443-ca06-4765-b3c4-1b3930b72aca' to Swift {{(pid=152063) add /usr/local/lib/python3.8/dist-packages/glance_store/_drivers/swift/store.py:941}}
Jul 26 03:00:03 ubuntu devstack@g-api.service[152063]: DEBUG glance_store._drivers.swift.store [None req-dc6988b4-b3b6-4348-bb03-b9e04185cf66 tempest-VolumesActionsTest-405089294 tempest-VolumesActionsTest-405089294-project] Cannot determine image size because it is either not provided in the request or chunked-transfer encoding is used. Adding image as a segmented object to Swift. {{(pid=152063) add /usr/local/lib/python3.8/dist-packages/glance_store/_drivers/swift/store.py:965}}
Jul 26 03:00:04 ubuntu devstack@g-api.service[152064]: DEBUG glance.api.middleware.version_negotiation [None req-6a8f41d8-38a1-4671-95a5-f95dc0aa36bb tempest-VolumesActionsTest-405089294 tempest-VolumesActionsTest-405089294-project] Determining version of request: GET /v2/images/4a040443-ca06-4765-b3c4-1b3930b72aca Accept: application/json {{(pid=152064) process_request /opt/stack/glance/glance/api/middleware/version_negotiation.py:44}}
Jul 26 03:00:04 ubuntu devstack@g-api.service[152064]: DEBUG glance.api.middleware.version_negotiation [None req-6a8f41d8-38a1-4671-95a5-f95dc0aa36bb tempest-VolumesActionsTest-405089294 tempest-VolumesActionsTest-405089294-project] Using url versioning {{(pid=152064) process_request /opt/stack/glance/glance/api/middleware/version_negotiation.py:57}}
Jul 26 03:00:04 ubuntu devstack@g-api.service[152064]: DEBUG glance.api.middleware.version_negotiation [None req-6a8f41d8-38a1-4671-95a5-f95dc0aa36bb tempest-VolumesActionsTest-405089294 tempest-VolumesActionsTest-405089294-project] Matched version: v2 {{(pid=152064) process_request /opt/stack/glance/glance/api/middleware/version_negotiation.py:69}}
Jul 26 03:00:04 ubuntu devstack@g-api.service[152064]: DEBUG glance.api.middleware.version_negotiation [None req-6a8f41d8-38a1-4671-95a5-f95dc0aa36bb tempest-VolumesActionsTest-405089294 tempest-VolumesActionsTest-405089294-project] new path /v2/images/4a040443-ca06-4765-b3c4-1b3930b72aca {{(pid=152064) process_request /opt/stack/glance/glance/api/middleware/version_negotiation.py:70}}
Jul 26 03:00:04 ubuntu devstack@g-api.service[152064]: [pid: 152064|app: 0|req: 39/77] 127.0.0.1 () {38 vars in 774 bytes} [Tue Jul 26 03:00:04 2022] GET /v2/images/4a040443-ca06-4765-b3c4-1b3930b72aca => generated 650 bytes in 42 msecs (HTTP/1.1 200) 4 headers in 157 bytes (1 switches on core 0)
Jul 26 03:00:05 ubuntu devstack@g-api.service[152064]: DEBUG glance.api.middleware.version_negotiation [None req-13a58ba2-0e53-4350-a04d-734ff32a2be9 tempest-VolumesActionsTest-405089294 tempest-VolumesActionsTest-405089294-project] Determining version of request: GET /v2/images/4a040443-ca06-4765-b3c4-1b3930b72aca Accept: application/json {{(pid=152064) process_request /opt/stack/glance/glance/api/middleware/version_negotiation.py:44}}
Jul 26 03:00:05 ubuntu devstack@g-api.service[152064]: DEBUG glance.api.middleware.version_negotiation [None req-13a58ba2-0e53-4350-a04d-734ff32a2be9 tempest-VolumesActionsTest-405089294 tempest-VolumesActionsTest-405089294-project] Using url versioning {{(pid=152064) process_request /opt/stack/glance/glance/api/middleware/version_negotiation.py:57}}
Jul 26 03:00:05 ubuntu devstack@g-api.service[152064]: DEBUG glance.api.middleware.version_negotiation [None req-13a58ba2-0e53-4350-a04d-734ff32a2be9 tempest-VolumesActionsTest-405089294 tempest-VolumesActionsTest-405089294-project] Matched version: v2 {{(pid=152064) process_request /opt/stack/glance/glance/api/middleware/version_negotiation.py:69}}
Jul 26 03:00:05 ubuntu devstack@g-api.service[152064]: DEBUG glance.api.middleware.version_negotiation [None req-13a58ba2-0e53-4350-a04d-734ff32a2be9 tempest-VolumesActionsTest-405089294 tempest-VolumesActionsTest-405089294-project] new path /v2/images/4a040443-ca06-4765-b3c4-1b3930b72aca {{(pid=152064) process_request /opt/stack/glance/glance/api/middleware/version_negotiation.py:70}}
Jul 26 03:00:05 ubuntu devstack@g-api.service[152064]: [pid: 152064|app: 0|req: 40/78] 127.0.0.1 () {38 vars in 774 bytes} [Tue Jul 26 03:00:05 2022] GET /v2/images/4a040443-ca06-4765-b3c4-1b3930b72aca => generated 650 bytes in 35 msecs (HTTP/1.1 200) 4 headers in 157 bytes (1 switches on core 0)
Jul 26 03:00:06 ubuntu devstack@g-api.service[152064]: DEBUG glance.api.middleware.version_negotiation [None req-fc152238-6a79-47f6-b722-116fe5abe75c tempest-VolumesActionsTest-405089294 tempest-VolumesActionsTest-405089294-project] Determining version of request: GET /v2/images/4a040443-ca06-4765-b3c4-1b3930b72aca Accept: application/json {{(pid=152064) process_request /opt/stack/glance/glance/api/middleware/version_negotiation.py:44}}
Jul 26 03:00:06 ubuntu devstack@g-api.service[152064]: DEBUG glance.api.middleware.version_negotiation [None req-fc152238-6a79-47f6-b722-116fe5abe75c tempest-VolumesActionsTest-405089294 tempest-VolumesActionsTest-405089294-project] Using url versioning {{(pid=152064) process_request /opt/stack/glance/glance/api/middleware/version_negotiation.py:57}}
Jul 26 03:00:06 ubuntu devstack@g-api.service[152064]: DEBUG glance.api.middleware.version_negotiation [None req-fc152238-6a79-47f6-b722-116fe5abe75c tempest-VolumesActionsTest-405089294 tempest-VolumesActionsTest-405089294-project] Matched version: v2 {{(pid=152064) process_request /opt/stack/glance/glance/api/middleware/version_negotiation.py:69}}
Jul 26 03:00:06 ubuntu devstack@g-api.service[152064]: DEBUG glance.api.middleware.version_negotiation [None req-fc152238-6a79-47f6-b722-116fe5abe75c tempest-VolumesActionsTest-405089294 tempest-VolumesActionsTest-405089294-project] new path /v2/images/4a040443-ca06-4765-b3c4-1b3930b72aca {{(pid=152064) process_request /opt/stack/glance/glance/api/middleware/version_negotiation.py:70}}
Jul 26 03:00:06 ubuntu devstack@g-api.service[152064]: [pid: 152064|app: 0|req: 41/79] 127.0.0.1 () {38 vars in 774 bytes} [Tue Jul 26 03:00:06 2022] GET /v2/images/4a040443-ca06-4765-b3c4-1b3930b72aca => generated 650 bytes in 69 msecs (HTTP/1.1 200) 4 headers in 157 bytes (1 switches on core 0)
Jul 26 03:00:06 ubuntu devstack@g-api.service[152063]: DEBUG swiftclient [None req-dc6988b4-b3b6-4348-bb03-b9e04185cf66 tempest-VolumesActionsTest-405089294 tempest-VolumesActionsTest-405089294-project] REQ: curl -i http://192.168.79.47:8080/v1/AUTH_9d977e35665642dd9a30ceb822211abd/glance/4a040443-ca06-4765-b3c4-1b3930b72aca-00001 -X PUT -H "X-Auth-Token: gAAAAABi31izINl8..." {{(pid=152063) http_log /usr/local/lib/python3.8/dist-packages/swiftclient/client.py:157}}
Jul 26 03:00:06 ubuntu devstack@g-api.service[152063]: DEBUG swiftclient [None req-dc6988b4-b3b6-4348-bb03-b9e04185cf66 tempest-VolumesActionsTest-405089294 tempest-VolumesActionsTest-405089294-project] RESP STATUS: 201 Created {{(pid=152063) http_log /usr/local/lib/python3.8/dist-packages/swiftclient/client.py:158}}
Jul 26 03:00:06 ubuntu devstack@g-api.service[152063]: DEBUG swiftclient [None req-dc6988b4-b3b6-4348-bb03-b9e04185cf66 tempest-VolumesActionsTest-405089294 tempest-VolumesActionsTest-405089294-project] RESP HEADERS: {'Content-Type': 'text/html; charset=UTF-8', 'Content-Length': '0', 'Etag': 'eda9a9889837ac4bc81d6387d92c1bec', 'Last-Modified': 'Tue, 26 Jul 2022 03:00:04 GMT', 'X-Trans-Id': 'txf00364811bef4e4081e85-0062df58b3', 'X-Openstack-Request-Id': 'txf00364811bef4e4081e85-0062df58b3', 'Date': 'Tue, 26 Jul 2022 03:00:06 GMT'} {{(pid=152063) http_log /usr/local/lib/python3.8/dist-packages/swiftclient/client.py:159}}
Jul 26 03:00:06 ubuntu devstack@g-api.service[152063]: DEBUG glance_store._drivers.swift.store [None req-dc6988b4-b3b6-4348-bb03-b9e04185cf66 tempest-VolumesActionsTest-405089294 tempest-VolumesActionsTest-405089294-project] Wrote chunk 4a040443-ca06-4765-b3c4-1b3930b72aca-00001 (1/?) of length 204800000 to Swift returning MD5 of content: eda9a9889837ac4bc81d6387d92c1bec {{(pid=152063) add /usr/local/lib/python3.8/dist-packages/glance_store/_drivers/swift/store.py:1025}}
Jul 26 03:00:07 ubuntu devstack@g-api.service[152064]: DEBUG glance.api.middleware.version_negotiation [None req-3c3796f2-4c0e-498c-85e4-789de90b4c7e tempest-VolumesActionsTest-405089294 tempest-VolumesActionsTest-405089294-project] Determining version of request: GET /v2/images/4a040443-ca06-4765-b3c4-1b3930b72aca Accept: application/json {{(pid=152064) process_request /opt/stack/glance/glance/api/middleware/version_negotiation.py:44}}
Jul 26 03:00:07 ubuntu devstack@g-api.service[152064]: DEBUG glance.api.middleware.version_negotiation [None req-3c3796f2-4c0e-498c-85e4-789de90b4c7e tempest-VolumesActionsTest-405089294 tempest-VolumesActionsTest-405089294-project] Using url versioning {{(pid=152064) process_request /opt/stack/glance/glance/api/middleware/version_negotiation.py:57}}
Jul 26 03:00:07 ubuntu devstack@g-api.service[152064]: DEBUG glance.api.middleware.version_negotiation [None req-3c3796f2-4c0e-498c-85e4-789de90b4c7e tempest-VolumesActionsTest-405089294 tempest-VolumesActionsTest-405089294-project] Matched version: v2 {{(pid=152064) process_request /opt/stack/glance/glance/api/middleware/version_negotiation.py:69}}
Jul 26 03:00:07 ubuntu devstack@g-api.service[152064]: DEBUG glance.api.middleware.version_negotiation [None req-3c3796f2-4c0e-498c-85e4-789de90b4c7e tempest-VolumesActionsTest-405089294 tempest-VolumesActionsTest-405089294-project] new path /v2/images/4a040443-ca06-4765-b3c4-1b3930b72aca {{(pid=152064) process_request /opt/stack/glance/glance/api/middleware/version_negotiation.py:70}}
Jul 26 03:00:07 ubuntu devstack@g-api.service[152064]: [pid: 152064|app: 0|req: 42/80] 127.0.0.1 () {38 vars in 774 bytes} [Tue Jul 26 03:00:07 2022] GET /v2/images/4a040443-ca06-4765-b3c4-1b3930b72aca => generated 650 bytes in 14 msecs (HTTP/1.1 200) 4 headers in 157 bytes (1 switches on core 0)
Jul 26 03:00:08 ubuntu devstack@g-api.service[152064]: DEBUG glance.api.middleware.version_negotiation [None req-8ab86ac7-141b-417c-8561-271d0a22adb4 tempest-VolumesActionsTest-405089294 tempest-VolumesActionsTest-405089294-project] Determining version of request: GET /v2/images/4a040443-ca06-4765-b3c4-1b3930b72aca Accept: application/json {{(pid=152064) process_request /opt/stack/glance/glance/api/middleware/version_negotiation.py:44}}
Jul 26 03:00:08 ubuntu devstack@g-api.service[152064]: DEBUG glance.api.middleware.version_negotiation [None req-8ab86ac7-141b-417c-8561-271d0a22adb4 tempest-VolumesActionsTest-405089294 tempest-VolumesActionsTest-405089294-project] Using url versioning {{(pid=152064) process_request /opt/stack/glance/glance/api/middleware/version_negotiation.py:57}}
Jul 26 03:00:08 ubuntu devstack@g-api.service[152064]: DEBUG glance.api.middleware.version_negotiation [None req-8ab86ac7-141b-417c-8561-271d0a22adb4 tempest-VolumesActionsTest-405089294 tempest-VolumesActionsTest-405089294-project] Matched version: v2 {{(pid=152064) process_request /opt/stack/glance/glance/api/middleware/version_negotiation.py:69}}
Jul 26 03:00:08 ubuntu devstack@g-api.service[152064]: DEBUG glance.api.middleware.version_negotiation [None req-8ab86ac7-141b-417c-8561-271d0a22adb4 tempest-VolumesActionsTest-405089294 tempest-VolumesActionsTest-405089294-project] new path /v2/images/4a040443-ca06-4765-b3c4-1b3930b72aca {{(pid=152064) process_request /opt/stack/glance/glance/api/middleware/version_negotiation.py:70}}
Jul 26 03:00:08 ubuntu devstack@g-api.service[152064]: [pid: 152064|app: 0|req: 43/81] 127.0.0.1 () {38 vars in 774 bytes} [Tue Jul 26 03:00:08 2022] GET /v2/images/4a040443-ca06-4765-b3c4-1b3930b72aca => generated 650 bytes in 19 msecs (HTTP/1.1 200) 4 headers in 157 bytes (1 switches on core 0)
Jul 26 03:00:09 ubuntu devstack@g-api.service[152063]: DEBUG swiftclient [None req-dc6988b4-b3b6-4348-bb03-b9e04185cf66 tempest-VolumesActionsTest-405089294 tempest-VolumesActionsTest-405089294-project] REQ: curl -i http://192.168.79.47:8080/v1/AUTH_9d977e35665642dd9a30ceb822211abd/glance/4a040443-ca06-4765-b3c4-1b3930b72aca-00002 -X PUT -H "X-Auth-Token: gAAAAABi31izINl8..." {{(pid=152063) http_log /usr/local/lib/python3.8/dist-packages/swiftclient/client.py:157}}
Jul 26 03:00:09 ubuntu devstack@g-api.service[152063]: DEBUG swiftclient [None req-dc6988b4-b3b6-4348-bb03-b9e04185cf66 tempest-VolumesActionsTest-405089294 tempest-VolumesActionsTest-405089294-project] RESP STATUS: 201 Created {{(pid=152063) http_log /usr/local/lib/python3.8/dist-packages/swiftclient/client.py:158}}
Jul 26 03:00:09 ubuntu devstack@g-api.service[152064]: DEBUG glance.api.middleware.version_negotiation [None req-a14bf42a-76cb-47bb-a306-85bfa7ed2d25 tempest-VolumesActionsTest-405089294 tempest-VolumesActionsTest-405089294-project] Determining version of request: GET /v2/images/4a040443-ca06-4765-b3c4-1b3930b72aca Accept: application/json {{(pid=152064) process_request /opt/stack/glance/glance/api/middleware/version_negotiation.py:44}}
Jul 26 03:00:09 ubuntu devstack@g-api.service[152064]: DEBUG glance.api.middleware.version_negotiation [None req-a14bf42a-76cb-47bb-a306-85bfa7ed2d25 tempest-VolumesActionsTest-405089294 tempest-VolumesActionsTest-405089294-project] Using url versioning {{(pid=152064) process_request /opt/stack/glance/glance/api/middleware/version_negotiation.py:57}}
Jul 26 03:00:09 ubuntu devstack@g-api.service[152064]: DEBUG glance.api.middleware.version_negotiation [None req-a14bf42a-76cb-47bb-a306-85bfa7ed2d25 tempest-VolumesActionsTest-405089294 tempest-VolumesActionsTest-405089294-project] Matched version: v2 {{(pid=152064) process_request /opt/stack/glance/glance/api/middleware/version_negotiation.py:69}}
Jul 26 03:00:09 ubuntu devstack@g-api.service[152063]: DEBUG swiftclient [None req-dc6988b4-b3b6-4348-bb03-b9e04185cf66 tempest-VolumesActionsTest-405089294 tempest-VolumesActionsTest-405089294-project] RESP HEADERS: {'Content-Type': 'text/html; charset=UTF-8', 'Content-Length': '0', 'Etag': 'eda9a9889837ac4bc81d6387d92c1bec', 'Last-Modified': 'Tue, 26 Jul 2022 03:00:07 GMT', 'X-Trans-Id': 'txdc0048bc3e2d45febd421-0062df58b6', 'X-Openstack-Request-Id': 'txdc0048bc3e2d45febd421-0062df58b6', 'Date': 'Tue, 26 Jul 2022 03:00:09 GMT'} {{(pid=152063) http_log /usr/local/lib/python3.8/dist-packages/swiftclient/client.py:159}}
Jul 26 03:00:09 ubuntu devstack@g-api.service[152064]: DEBUG glance.api.middleware.version_negotiation [None req-a14bf42a-76cb-47bb-a306-85bfa7ed2d25 tempest-VolumesActionsTest-405089294 tempest-VolumesActionsTest-405089294-project] new path /v2/images/4a040443-ca06-4765-b3c4-1b3930b72aca {{(pid=152064) process_request /opt/stack/glance/glance/api/middleware/version_negotiation.py:70}}
Jul 26 03:00:09 ubuntu devstack@g-api.service[152063]: DEBUG glance_store._drivers.swift.store [None req-dc6988b4-b3b6-4348-bb03-b9e04185cf66 tempest-VolumesActionsTest-405089294 tempest-VolumesActionsTest-405089294-project] Wrote chunk 4a040443-ca06-4765-b3c4-1b3930b72aca-00002 (2/?) of length 204800000 to Swift returning MD5 of content: eda9a9889837ac4bc81d6387d92c1bec {{(pid=152063) add /usr/local/lib/python3.8/dist-packages/glance_store/_drivers/swift/store.py:1025}}
Jul 26 03:00:09 ubuntu devstack@g-api.service[152064]: [pid: 152064|app: 0|req: 44/82] 127.0.0.1 () {38 vars in 774 bytes} [Tue Jul 26 03:00:09 2022] GET /v2/images/4a040443-ca06-4765-b3c4-1b3930b72aca => generated 650 bytes in 13 msecs (HTTP/1.1 200) 4 headers in 157 bytes (1 switches on core 0)
Jul 26 03:00:10 ubuntu devstack@g-api.service[152064]: DEBUG glance.api.middleware.version_negotiation [None req-66bfc85b-3ccd-41cf-9c95-743a6d07a5d7 tempest-VolumesActionsTest-405089294 tempest-VolumesActionsTest-405089294-project] Determining version of request: GET /v2/images/4a040443-ca06-4765-b3c4-1b3930b72aca Accept: application/json {{(pid=152064) process_request /opt/stack/glance/glance/api/middleware/version_negotiation.py:44}}
Jul 26 03:00:10 ubuntu devstack@g-api.service[152064]: DEBUG glance.api.middleware.version_negotiation [None req-66bfc85b-3ccd-41cf-9c95-743a6d07a5d7 tempest-VolumesActionsTest-405089294 tempest-VolumesActionsTest-405089294-project] Using url versioning {{(pid=152064) process_request /opt/stack/glance/glance/api/middleware/version_negotiation.py:57}}
Jul 26 03:00:10 ubuntu devstack@g-api.service[152064]: DEBUG glance.api.middleware.version_negotiation [None req-66bfc85b-3ccd-41cf-9c95-743a6d07a5d7 tempest-VolumesActionsTest-405089294 tempest-VolumesActionsTest-405089294-project] Matched version: v2 {{(pid=152064) process_request /opt/stack/glance/glance/api/middleware/version_negotiation.py:69}}
Jul 26 03:00:10 ubuntu devstack@g-api.service[152064]: DEBUG glance.api.middleware.version_negotiation [None req-66bfc85b-3ccd-41cf-9c95-743a6d07a5d7 tempest-VolumesActionsTest-405089294 tempest-VolumesActionsTest-405089294-project] new path /v2/images/4a040443-ca06-4765-b3c4-1b3930b72aca {{(pid=152064) process_request /opt/stack/glance/glance/api/middleware/version_negotiation.py:70}}
Jul 26 03:00:10 ubuntu devstack@g-api.service[152064]: [pid: 152064|app: 0|req: 45/83] 127.0.0.1 () {38 vars in 774 bytes} [Tue Jul 26 03:00:10 2022] GET /v2/images/4a040443-ca06-4765-b3c4-1b3930b72aca => generated 650 bytes in 70 msecs (HTTP/1.1 200) 4 headers in 157 bytes (1 switches on core 0)
Jul 26 03:00:11 ubuntu devstack@g-api.service[152064]: DEBUG glance.api.middleware.version_negotiation [None req-11e05bdf-59ab-4a34-a782-c723ab1f98e8 tempest-VolumesActionsTest-405089294 tempest-VolumesActionsTest-405089294-project] Determining version of request: GET /v2/images/4a040443-ca06-4765-b3c4-1b3930b72aca Accept: application/json {{(pid=152064) process_request /opt/stack/glance/glance/api/middleware/version_negotiation.py:44}}
Jul 26 03:00:11 ubuntu devstack@g-api.service[152064]: DEBUG glance.api.middleware.version_negotiation [None req-11e05bdf-59ab-4a34-a782-c723ab1f98e8 tempest-VolumesActionsTest-405089294 tempest-VolumesActionsTest-405089294-project] Using url versioning {{(pid=152064) process_request /opt/stack/glance/glance/api/middleware/version_negotiation.py:57}}
Jul 26 03:00:11 ubuntu devstack@g-api.service[152064]: DEBUG glance.api.middleware.version_negotiation [None req-11e05bdf-59ab-4a34-a782-c723ab1f98e8 tempest-VolumesActionsTest-405089294 tempest-VolumesActionsTest-405089294-project] Matched version: v2 {{(pid=152064) process_request /opt/stack/glance/glance/api/middleware/version_negotiation.py:69}}
Jul 26 03:00:11 ubuntu devstack@g-api.service[152064]: DEBUG glance.api.middleware.version_negotiation [None req-11e05bdf-59ab-4a34-a782-c723ab1f98e8 tempest-VolumesActionsTest-405089294 tempest-VolumesActionsTest-405089294-project] new path /v2/images/4a040443-ca06-4765-b3c4-1b3930b72aca {{(pid=152064) process_request /opt/stack/glance/glance/api/middleware/version_negotiation.py:70}}
Jul 26 03:00:11 ubuntu devstack@g-api.service[152064]: [pid: 152064|app: 0|req: 46/84] 127.0.0.1 () {38 vars in 774 bytes} [Tue Jul 26 03:00:11 2022] GET /v2/images/4a040443-ca06-4765-b3c4-1b3930b72aca => generated 650 bytes in 20 msecs (HTTP/1.1 200) 4 headers in 157 bytes (1 switches on core 0)
Jul 26 03:00:12 ubuntu devstack@g-api.service[152063]: DEBUG swiftclient [None req-dc6988b4-b3b6-4348-bb03-b9e04185cf66 tempest-VolumesActionsTest-405089294 tempest-VolumesActionsTest-405089294-project] REQ: curl -i http://192.168.79.47:8080/v1/AUTH_9d977e35665642dd9a30ceb822211abd/glance/4a040443-ca06-4765-b3c4-1b3930b72aca-00003 -X PUT -H "X-Auth-Token: gAAAAABi31izINl8..." {{(pid=152063) http_log /usr/local/lib/python3.8/dist-packages/swiftclient/client.py:157}}
Jul 26 03:00:12 ubuntu devstack@g-api.service[152063]: DEBUG swiftclient [None req-dc6988b4-b3b6-4348-bb03-b9e04185cf66 tempest-VolumesActionsTest-405089294 tempest-VolumesActionsTest-405089294-project] RESP STATUS: 201 Created {{(pid=152063) http_log /usr/local/lib/python3.8/dist-packages/swiftclient/client.py:158}}
Jul 26 03:00:12 ubuntu devstack@g-api.service[152063]: DEBUG swiftclient [None req-dc6988b4-b3b6-4348-bb03-b9e04185cf66 tempest-VolumesActionsTest-405089294 tempest-VolumesActionsTest-405089294-project] RESP HEADERS: {'Content-Type': 'text/html; charset=UTF-8', 'Content-Length': '0', 'Etag': 'eda9a9889837ac4bc81d6387d92c1bec', 'Last-Modified': 'Tue, 26 Jul 2022 03:00:10 GMT', 'X-Trans-Id': 'tx7b118a6bfbbf421286342-0062df58b9', 'X-Openstack-Request-Id': 'tx7b118a6bfbbf421286342-0062df58b9', 'Date': 'Tue, 26 Jul 2022 03:00:12 GMT'} {{(pid=152063) http_log /usr/local/lib/python3.8/dist-packages/swiftclient/client.py:159}}
Jul 26 03:00:12 ubuntu devstack@g-api.service[152063]: DEBUG glance_store._drivers.swift.store [None req-dc6988b4-b3b6-4348-bb03-b9e04185cf66 tempest-VolumesActionsTest-405089294 tempest-VolumesActionsTest-405089294-project] Wrote chunk 4a040443-ca06-4765-b3c4-1b3930b72aca-00003 (3/?) of length 204800000 to Swift returning MD5 of content: eda9a9889837ac4bc81d6387d92c1bec {{(pid=152063) add /usr/local/lib/python3.8/dist-packages/glance_store/_drivers/swift/store.py:1025}}
Jul 26 03:00:12 ubuntu devstack@g-api.service[152064]: DEBUG glance.api.middleware.version_negotiation [None req-ac179eb7-f708-4e53-b074-83c0f93823e0 tempest-VolumesActionsTest-405089294 tempest-VolumesActionsTest-405089294-project] Determining version of request: GET /v2/images/4a040443-ca06-4765-b3c4-1b3930b72aca Accept: application/json {{(pid=152064) process_request /opt/stack/glance/glance/api/middleware/version_negotiation.py:44}}
Jul 26 03:00:12 ubuntu devstack@g-api.service[152064]: DEBUG glance.api.middleware.version_negotiation [None req-ac179eb7-f708-4e53-b074-83c0f93823e0 tempest-VolumesActionsTest-405089294 tempest-VolumesActionsTest-405089294-project] Using url versioning {{(pid=152064) process_request /opt/stack/glance/glance/api/middleware/version_negotiation.py:57}}
Jul 26 03:00:12 ubuntu devstack@g-api.service[152064]: DEBUG glance.api.middleware.version_negotiation [None req-ac179eb7-f708-4e53-b074-83c0f93823e0 tempest-VolumesActionsTest-405089294 tempest-VolumesActionsTest-405089294-project] Matched version: v2 {{(pid=152064) process_request /opt/stack/glance/glance/api/middleware/version_negotiation.py:69}}
Jul 26 03:00:12 ubuntu devstack@g-api.service[152064]: DEBUG glance.api.middleware.version_negotiation [None req-ac179eb7-f708-4e53-b074-83c0f93823e0 tempest-VolumesActionsTest-405089294 tempest-VolumesActionsTest-405089294-project] new path /v2/images/4a040443-ca06-4765-b3c4-1b3930b72aca {{(pid=152064) process_request /opt/stack/glance/glance/api/middleware/version_negotiation.py:70}}
Jul 26 03:00:12 ubuntu devstack@g-api.service[152064]: [pid: 152064|app: 0|req: 47/85] 127.0.0.1 () {38 vars in 774 bytes} [Tue Jul 26 03:00:12 2022] GET /v2/images/4a040443-ca06-4765-b3c4-1b3930b72aca => generated 650 bytes in 15 msecs (HTTP/1.1 200) 4 headers in 157 bytes (1 switches on core 0)
Jul 26 03:00:13 ubuntu devstack@g-api.service[152063]: DEBUG dbcounter [-] [152063] Writing DB stats glance:SELECT=38,glance:INSERT=1,glance:UPDATE=1 {{(pid=152063) stat_writer /usr/local/lib/python3.8/dist-packages/dbcounter.py:114}}
Jul 26 03:00:13 ubuntu devstack@g-api.service[152064]: DEBUG glance.api.middleware.version_negotiation [None req-7f7f087e-5bf4-4548-8d35-9affeb519881 tempest-VolumesActionsTest-405089294 tempest-VolumesActionsTest-405089294-project] Determining version of request: GET /v2/images/4a040443-ca06-4765-b3c4-1b3930b72aca Accept: application/json {{(pid=152064) process_request /opt/stack/glance/glance/api/middleware/version_negotiation.py:44}}
Jul 26 03:00:13 ubuntu devstack@g-api.service[152064]: DEBUG glance.api.middleware.version_negotiation [None req-7f7f087e-5bf4-4548-8d35-9affeb519881 tempest-VolumesActionsTest-405089294 tempest-VolumesActionsTest-405089294-project] Using url versioning {{(pid=152064) process_request /opt/stack/glance/glance/api/middleware/version_negotiation.py:57}}
Jul 26 03:00:13 ubuntu devstack@g-api.service[152064]: DEBUG glance.api.middleware.version_negotiation [None req-7f7f087e-5bf4-4548-8d35-9affeb519881 tempest-VolumesActionsTest-405089294 tempest-VolumesActionsTest-405089294-project] Matched version: v2 {{(pid=152064) process_request /opt/stack/glance/glance/api/middleware/version_negotiation.py:69}}
Jul 26 03:00:13 ubuntu devstack@g-api.service[152064]: DEBUG glance.api.middleware.version_negotiation [None req-7f7f087e-5bf4-4548-8d35-9affeb519881 tempest-VolumesActionsTest-405089294 tempest-VolumesActionsTest-405089294-project] new path /v2/images/4a040443-ca06-4765-b3c4-1b3930b72aca {{(pid=152064) process_request /opt/stack/glance/glance/api/middleware/version_negotiation.py:70}}
Jul 26 03:00:13 ubuntu devstack@g-api.service[152064]: [pid: 152064|app: 0|req: 48/86] 127.0.0.1 () {38 vars in 774 bytes} [Tue Jul 26 03:00:13 2022] GET /v2/images/4a040443-ca06-4765-b3c4-1b3930b72aca => generated 650 bytes in 12 msecs (HTTP/1.1 200) 4 headers in 157 bytes (1 switches on core 0)
Jul 26 03:00:14 ubuntu devstack@g-api.service[152064]: DEBUG glance.api.middleware.version_negotiation [None req-3f143e30-3e1f-434f-8e35-4cd5c4d3888a tempest-VolumesActionsTest-405089294 tempest-VolumesActionsTest-405089294-project] Determining version of request: GET /v2/images/4a040443-ca06-4765-b3c4-1b3930b72aca Accept: application/json {{(pid=152064) process_request /opt/stack/glance/glance/api/middleware/version_negotiation.py:44}}
Jul 26 03:00:14 ubuntu devstack@g-api.service[152064]: DEBUG glance.api.middleware.version_negotiation [None req-3f143e30-3e1f-434f-8e35-4cd5c4d3888a tempest-VolumesActionsTest-405089294 tempest-VolumesActionsTest-405089294-project] Using url versioning {{(pid=152064) process_request /opt/stack/glance/glance/api/middleware/version_negotiation.py:57}}
Jul 26 03:00:14 ubuntu devstack@g-api.service[152064]: DEBUG glance.api.middleware.version_negotiation [None req-3f143e30-3e1f-434f-8e35-4cd5c4d3888a tempest-VolumesActionsTest-405089294 tempest-VolumesActionsTest-405089294-project] Matched version: v2 {{(pid=152064) process_request /opt/stack/glance/glance/api/middleware/version_negotiation.py:69}}
Jul 26 03:00:14 ubuntu devstack@g-api.service[152064]: DEBUG glance.api.middleware.version_negotiation [None req-3f143e30-3e1f-434f-8e35-4cd5c4d3888a tempest-VolumesActionsTest-405089294 tempest-VolumesActionsTest-405089294-project] new path /v2/images/4a040443-ca06-4765-b3c4-1b3930b72aca {{(pid=152064) process_request /opt/stack/glance/glance/api/middleware/version_negotiation.py:70}}
Jul 26 03:00:14 ubuntu devstack@g-api.service[152064]: [pid: 152064|app: 0|req: 49/87] 127.0.0.1 () {38 vars in 774 bytes} [Tue Jul 26 03:00:14 2022] GET /v2/images/4a040443-ca06-4765-b3c4-1b3930b72aca => generated 650 bytes in 27 msecs (HTTP/1.1 200) 4 headers in 157 bytes (1 switches on core 0)
Jul 26 03:00:15 ubuntu devstack@g-api.service[152063]: DEBUG swiftclient [None req-dc6988b4-b3b6-4348-bb03-b9e04185cf66 tempest-VolumesActionsTest-405089294 tempest-VolumesActionsTest-405089294-project] REQ: curl -i http://192.168.79.47:8080/v1/AUTH_9d977e35665642dd9a30ceb822211abd/glance/4a040443-ca06-4765-b3c4-1b3930b72aca-00004 -X PUT -H "X-Auth-Token: gAAAAABi31izINl8..." {{(pid=152063) http_log /usr/local/lib/python3.8/dist-packages/swiftclient/client.py:157}}
Jul 26 03:00:15 ubuntu devstack@g-api.service[152063]: DEBUG swiftclient [None req-dc6988b4-b3b6-4348-bb03-b9e04185cf66 tempest-VolumesActionsTest-405089294 tempest-VolumesActionsTest-405089294-project] RESP STATUS: 201 Created {{(pid=152063) http_log /usr/local/lib/python3.8/dist-packages/swiftclient/client.py:158}}
Jul 26 03:00:15 ubuntu devstack@g-api.service[152063]: DEBUG swiftclient [None req-dc6988b4-b3b6-4348-bb03-b9e04185cf66 tempest-VolumesActionsTest-405089294 tempest-VolumesActionsTest-405089294-project] RESP HEADERS: {'Content-Type': 'text/html; charset=UTF-8', 'Content-Length': '0', 'Etag': 'eda9a9889837ac4bc81d6387d92c1bec', 'Last-Modified': 'Tue, 26 Jul 2022 03:00:13 GMT', 'X-Trans-Id': 'tx05bffc64e0b94ed085f39-0062df58bc', 'X-Openstack-Request-Id': 'tx05bffc64e0b94ed085f39-0062df58bc', 'Date': 'Tue, 26 Jul 2022 03:00:15 GMT'} {{(pid=152063) http_log /usr/local/lib/python3.8/dist-packages/swiftclient/client.py:159}}
Jul 26 03:00:15 ubuntu devstack@g-api.service[152063]: DEBUG glance_store._drivers.swift.store [None req-dc6988b4-b3b6-4348-bb03-b9e04185cf66 tempest-VolumesActionsTest-405089294 tempest-VolumesActionsTest-405089294-project] Wrote chunk 4a040443-ca06-4765-b3c4-1b3930b72aca-00004 (4/?) of length 204800000 to Swift returning MD5 of content: eda9a9889837ac4bc81d6387d92c1bec {{(pid=152063) add /usr/local/lib/python3.8/dist-packages/glance_store/_drivers/swift/store.py:1025}}
Jul 26 03:00:15 ubuntu devstack@g-api.service[152064]: DEBUG glance.api.middleware.version_negotiation [None req-46711e1c-6dc4-4286-8f33-8110362c4971 tempest-VolumesActionsTest-405089294 tempest-VolumesActionsTest-405089294-project] Determining version of request: GET /v2/images/4a040443-ca06-4765-b3c4-1b3930b72aca Accept: application/json {{(pid=152064) process_request /opt/stack/glance/glance/api/middleware/version_negotiation.py:44}}
Jul 26 03:00:15 ubuntu devstack@g-api.service[152064]: DEBUG glance.api.middleware.version_negotiation [None req-46711e1c-6dc4-4286-8f33-8110362c4971 tempest-VolumesActionsTest-405089294 tempest-VolumesActionsTest-405089294-project] Using url versioning {{(pid=152064) process_request /opt/stack/glance/glance/api/middleware/version_negotiation.py:57}}
Jul 26 03:00:15 ubuntu devstack@g-api.service[152064]: DEBUG glance.api.middleware.version_negotiation [None req-46711e1c-6dc4-4286-8f33-8110362c4971 tempest-VolumesActionsTest-405089294 tempest-VolumesActionsTest-405089294-project] Matched version: v2 {{(pid=152064) process_request /opt/stack/glance/glance/api/middleware/version_negotiation.py:69}}
Jul 26 03:00:15 ubuntu devstack@g-api.service[152064]: DEBUG glance.api.middleware.version_negotiation [None req-46711e1c-6dc4-4286-8f33-8110362c4971 tempest-VolumesActionsTest-405089294 tempest-VolumesActionsTest-405089294-project] new path /v2/images/4a040443-ca06-4765-b3c4-1b3930b72aca {{(pid=152064) process_request /opt/stack/glance/glance/api/middleware/version_negotiation.py:70}}
Jul 26 03:00:15 ubuntu devstack@g-api.service[152064]: [pid: 152064|app: 0|req: 50/88] 127.0.0.1 () {38 vars in 774 bytes} [Tue Jul 26 03:00:15 2022] GET /v2/images/4a040443-ca06-4765-b3c4-1b3930b72aca => generated 650 bytes in 25 msecs (HTTP/1.1 200) 4 headers in 157 bytes (1 switches on core 0)
Jul 26 03:00:16 ubuntu devstack@g-api.service[152064]: DEBUG glance.api.middleware.version_negotiation [None req-3bf18c74-bd74-44df-a2b7-41ab03acfc02 tempest-VolumesActionsTest-405089294 tempest-VolumesActionsTest-405089294-project] Determining version of request: GET /v2/images/4a040443-ca06-4765-b3c4-1b3930b72aca Accept: application/json {{(pid=152064) process_request /opt/stack/glance/glance/api/middleware/version_negotiation.py:44}}
Jul 26 03:00:16 ubuntu devstack@g-api.service[152064]: DEBUG glance.api.middleware.version_negotiation [None req-3bf18c74-bd74-44df-a2b7-41ab03acfc02 tempest-VolumesActionsTest-405089294 tempest-VolumesActionsTest-405089294-project] Using url versioning {{(pid=152064) process_request /opt/stack/glance/glance/api/middleware/version_negotiation.py:57}}
Jul 26 03:00:16 ubuntu devstack@g-api.service[152064]: DEBUG glance.api.middleware.version_negotiation [None req-3bf18c74-bd74-44df-a2b7-41ab03acfc02 tempest-VolumesActionsTest-405089294 tempest-VolumesActionsTest-405089294-project] Matched version: v2 {{(pid=152064) process_request /opt/stack/glance/glance/api/middleware/version_negotiation.py:69}}
Jul 26 03:00:16 ubuntu devstack@g-api.service[152064]: DEBUG glance.api.middleware.version_negotiation [None req-3bf18c74-bd74-44df-a2b7-41ab03acfc02 tempest-VolumesActionsTest-405089294 tempest-VolumesActionsTest-405089294-project] new path /v2/images/4a040443-ca06-4765-b3c4-1b3930b72aca {{(pid=152064) process_request /opt/stack/glance/glance/api/middleware/version_negotiation.py:70}}
Jul 26 03:00:16 ubuntu devstack@g-api.service[152064]: [pid: 152064|app: 0|req: 51/89] 127.0.0.1 () {38 vars in 774 bytes} [Tue Jul 26 03:00:16 2022] GET /v2/images/4a040443-ca06-4765-b3c4-1b3930b72aca => generated 650 bytes in 24 msecs (HTTP/1.1 200) 4 headers in 157 bytes (1 switches on core 0)
Jul 26 03:00:17 ubuntu devstack@g-api.service[152064]: DEBUG glance.api.middleware.version_negotiation [None req-2d60330c-43a3-4539-8ec8-d5182859cb48 tempest-VolumesActionsTest-405089294 tempest-VolumesActionsTest-405089294-project] Determining version of request: GET /v2/images/4a040443-ca06-4765-b3c4-1b3930b72aca Accept: application/json {{(pid=152064) process_request /opt/stack/glance/glance/api/middleware/version_negotiation.py:44}}
Jul 26 03:00:17 ubuntu devstack@g-api.service[152064]: DEBUG glance.api.middleware.version_negotiation [None req-2d60330c-43a3-4539-8ec8-d5182859cb48 tempest-VolumesActionsTest-405089294 tempest-VolumesActionsTest-405089294-project] Using url versioning {{(pid=152064) process_request /opt/stack/glance/glance/api/middleware/version_negotiation.py:57}}
Jul 26 03:00:17 ubuntu devstack@g-api.service[152064]: DEBUG glance.api.middleware.version_negotiation [None req-2d60330c-43a3-4539-8ec8-d5182859cb48 tempest-VolumesActionsTest-405089294 tempest-VolumesActionsTest-405089294-project] Matched version: v2 {{(pid=152064) process_request /opt/stack/glance/glance/api/middleware/version_negotiation.py:69}}
Jul 26 03:00:17 ubuntu devstack@g-api.service[152064]: DEBUG glance.api.middleware.version_negotiation [None req-2d60330c-43a3-4539-8ec8-d5182859cb48 tempest-VolumesActionsTest-405089294 tempest-VolumesActionsTest-405089294-project] new path /v2/images/4a040443-ca06-4765-b3c4-1b3930b72aca {{(pid=152064) process_request /opt/stack/glance/glance/api/middleware/version_negotiation.py:70}}
Jul 26 03:00:17 ubuntu devstack@g-api.service[152064]: [pid: 152064|app: 0|req: 52/90] 127.0.0.1 () {38 vars in 774 bytes} [Tue Jul 26 03:00:17 2022] GET /v2/images/4a040443-ca06-4765-b3c4-1b3930b72aca => generated 650 bytes in 22 msecs (HTTP/1.1 200) 4 headers in 157 bytes (1 switches on core 0)
Jul 26 03:00:18 ubuntu devstack@g-api.service[152063]: DEBUG swiftclient [None req-dc6988b4-b3b6-4348-bb03-b9e04185cf66 tempest-VolumesActionsTest-405089294 tempest-VolumesActionsTest-405089294-project] REQ: curl -i http://192.168.79.47:8080/v1/AUTH_9d977e35665642dd9a30ceb822211abd/glance/4a040443-ca06-4765-b3c4-1b3930b72aca-00005 -X PUT -H "X-Auth-Token: gAAAAABi31izINl8..." {{(pid=152063) http_log /usr/local/lib/python3.8/dist-packages/swiftclient/client.py:157}}
Jul 26 03:00:18 ubuntu devstack@g-api.service[152063]: DEBUG swiftclient [None req-dc6988b4-b3b6-4348-bb03-b9e04185cf66 tempest-VolumesActionsTest-405089294 tempest-VolumesActionsTest-405089294-project] RESP STATUS: 201 Created {{(pid=152063) http_log /usr/local/lib/python3.8/dist-packages/swiftclient/client.py:158}}
Jul 26 03:00:18 ubuntu devstack@g-api.service[152063]: DEBUG swiftclient [None req-dc6988b4-b3b6-4348-bb03-b9e04185cf66 tempest-VolumesActionsTest-405089294 tempest-VolumesActionsTest-405089294-project] RESP HEADERS: {'Content-Type': 'text/html; charset=UTF-8', 'Content-Length': '0', 'Etag': 'eda9a9889837ac4bc81d6387d92c1bec', 'Last-Modified': 'Tue, 26 Jul 2022 03:00:16 GMT', 'X-Trans-Id': 'tx5e8115f5687f456e8bed1-0062df58bf', 'X-Openstack-Request-Id': 'tx5e8115f5687f456e8bed1-0062df58bf', 'Date': 'Tue, 26 Jul 2022 03:00:18 GMT'} {{(pid=152063) http_log /usr/local/lib/python3.8/dist-packages/swiftclient/client.py:159}}
Jul 26 03:00:18 ubuntu devstack@g-api.service[152063]: DEBUG glance_store._drivers.swift.store [None req-dc6988b4-b3b6-4348-bb03-b9e04185cf66 tempest-VolumesActionsTest-405089294 tempest-VolumesActionsTest-405089294-project] Wrote chunk 4a040443-ca06-4765-b3c4-1b3930b72aca-00005 (5/?) of length 204800000 to Swift returning MD5 of content: eda9a9889837ac4bc81d6387d92c1bec {{(pid=152063) add /usr/local/lib/python3.8/dist-packages/glance_store/_drivers/swift/store.py:1025}}
Jul 26 03:00:18 ubuntu devstack@g-api.service[152063]: DEBUG swiftclient [None req-dc6988b4-b3b6-4348-bb03-b9e04185cf66 tempest-VolumesActionsTest-405089294 tempest-VolumesActionsTest-405089294-project] REQ: curl -i http://192.168.79.47:8080/v1/AUTH_9d977e35665642dd9a30ceb822211abd/glance/4a040443-ca06-4765-b3c4-1b3930b72aca-00006 -X PUT -H "X-Auth-Token: gAAAAABi31izINl8..." {{(pid=152063) http_log /usr/local/lib/python3.8/dist-packages/swiftclient/client.py:157}}
Jul 26 03:00:18 ubuntu devstack@g-api.service[152063]: DEBUG swiftclient [None req-dc6988b4-b3b6-4348-bb03-b9e04185cf66 tempest-VolumesActionsTest-405089294 tempest-VolumesActionsTest-405089294-project] RESP STATUS: 201 Created {{(pid=152063) http_log /usr/local/lib/python3.8/dist-packages/swiftclient/client.py:158}}
Jul 26 03:00:18 ubuntu devstack@g-api.service[152063]: DEBUG swiftclient [None req-dc6988b4-b3b6-4348-bb03-b9e04185cf66 tempest-VolumesActionsTest-405089294 tempest-VolumesActionsTest-405089294-project] RESP HEADERS: {'Content-Type': 'text/html; charset=UTF-8', 'Content-Length': '0', 'Etag': '708761f3b8777ec77058e63da08eeeb6', 'Last-Modified': 'Tue, 26 Jul 2022 03:00:19 GMT', 'X-Trans-Id': 'txa2a4b5b3301049a09bb01-0062df58c2', 'X-Openstack-Request-Id': 'txa2a4b5b3301049a09bb01-0062df58c2', 'Date': 'Tue, 26 Jul 2022 03:00:18 GMT'} {{(pid=152063) http_log /usr/local/lib/python3.8/dist-packages/swiftclient/client.py:159}}
Jul 26 03:00:18 ubuntu devstack@g-api.service[152063]: DEBUG glance_store._drivers.swift.store [None req-dc6988b4-b3b6-4348-bb03-b9e04185cf66 tempest-VolumesActionsTest-405089294 tempest-VolumesActionsTest-405089294-project] Wrote chunk 4a040443-ca06-4765-b3c4-1b3930b72aca-00006 (6/?) of length 49741824 to Swift returning MD5 of content: 708761f3b8777ec77058e63da08eeeb6 {{(pid=152063) add /usr/local/lib/python3.8/dist-packages/glance_store/_drivers/swift/store.py:1025}}
Jul 26 03:00:18 ubuntu devstack@g-api.service[152063]: DEBUG glance_store._drivers.swift.store [None req-dc6988b4-b3b6-4348-bb03-b9e04185cf66 tempest-VolumesActionsTest-405089294 tempest-VolumesActionsTest-405089294-project] Not writing zero-length chunk. {{(pid=152063) add /usr/local/lib/python3.8/dist-packages/glance_store/_drivers/swift/store.py:994}}
Jul 26 03:00:18 ubuntu devstack@g-api.service[152064]: DEBUG glance.api.middleware.version_negotiation [None req-5b3da467-657a-4d62-b246-13f7949db805 tempest-VolumesActionsTest-405089294 tempest-VolumesActionsTest-405089294-project] Determining version of request: GET /v2/images/4a040443-ca06-4765-b3c4-1b3930b72aca Accept: application/json {{(pid=152064) process_request /opt/stack/glance/glance/api/middleware/version_negotiation.py:44}}
Jul 26 03:00:18 ubuntu devstack@g-api.service[152064]: DEBUG glance.api.middleware.version_negotiation [None req-5b3da467-657a-4d62-b246-13f7949db805 tempest-VolumesActionsTest-405089294 tempest-VolumesActionsTest-405089294-project] Using url versioning {{(pid=152064) process_request /opt/stack/glance/glance/api/middleware/version_negotiation.py:57}}
Jul 26 03:00:18 ubuntu devstack@g-api.service[152064]: DEBUG glance.api.middleware.version_negotiation [None req-5b3da467-657a-4d62-b246-13f7949db805 tempest-VolumesActionsTest-405089294 tempest-VolumesActionsTest-405089294-project] Matched version: v2 {{(pid=152064) process_request /opt/stack/glance/glance/api/middleware/version_negotiation.py:69}}
Jul 26 03:00:18 ubuntu devstack@g-api.service[152064]: DEBUG glance.api.middleware.version_negotiation [None req-5b3da467-657a-4d62-b246-13f7949db805 tempest-VolumesActionsTest-405089294 tempest-VolumesActionsTest-405089294-project] new path /v2/images/4a040443-ca06-4765-b3c4-1b3930b72aca {{(pid=152064) process_request /opt/stack/glance/glance/api/middleware/version_negotiation.py:70}}
Jul 26 03:00:18 ubuntu devstack@g-api.service[152063]: DEBUG swiftclient [None req-dc6988b4-b3b6-4348-bb03-b9e04185cf66 tempest-VolumesActionsTest-405089294 tempest-VolumesActionsTest-405089294-project] REQ: curl -i http://192.168.79.47:8080/v1/AUTH_9d977e35665642dd9a30ceb822211abd/glance/4a040443-ca06-4765-b3c4-1b3930b72aca -X PUT -H "X-Object-Manifest: glance/4a040443-ca06-4765-b3c4-1b3930b72aca-" -H "X-Auth-Token: gAAAAABi31izINl8..." -H "Content-Length: 0" {{(pid=152063) http_log /usr/local/lib/python3.8/dist-packages/swiftclient/client.py:157}}
Jul 26 03:00:18 ubuntu devstack@g-api.service[152063]: DEBUG swiftclient [None req-dc6988b4-b3b6-4348-bb03-b9e04185cf66 tempest-VolumesActionsTest-405089294 tempest-VolumesActionsTest-405089294-project] RESP STATUS: 201 Created {{(pid=152063) http_log /usr/local/lib/python3.8/dist-packages/swiftclient/client.py:158}}
Jul 26 03:00:18 ubuntu devstack@g-api.service[152063]: DEBUG swiftclient [None req-dc6988b4-b3b6-4348-bb03-b9e04185cf66 tempest-VolumesActionsTest-405089294 tempest-VolumesActionsTest-405089294-project] RESP HEADERS: {'Content-Type': 'text/html; charset=UTF-8', 'Content-Length': '0', 'Etag': 'd41d8cd98f00b204e9800998ecf8427e', 'Last-Modified': 'Tue, 26 Jul 2022 03:00:19 GMT', 'X-Trans-Id': 'tx6a3ac2214b914015ad7e6-0062df58c2', 'X-Openstack-Request-Id': 'tx6a3ac2214b914015ad7e6-0062df58c2', 'Date': 'Tue, 26 Jul 2022 03:00:18 GMT'} {{(pid=152063) http_log /usr/local/lib/python3.8/dist-packages/swiftclient/client.py:159}}
Jul 26 03:00:18 ubuntu devstack@g-api.service[152063]: INFO glance.location [None req-dc6988b4-b3b6-4348-bb03-b9e04185cf66 tempest-VolumesActionsTest-405089294 tempest-VolumesActionsTest-405089294-project] Image format matched and virtual size computed: 1073741824
Jul 26 03:00:18 ubuntu devstack@g-api.service[152064]: [pid: 152064|app: 0|req: 53/91] 127.0.0.1 () {38 vars in 774 bytes} [Tue Jul 26 03:00:18 2022] GET /v2/images/4a040443-ca06-4765-b3c4-1b3930b72aca => generated 650 bytes in 18 msecs (HTTP/1.1 200) 4 headers in 157 bytes (1 switches on core 0)
Jul 26 03:00:18 ubuntu devstack@g-api.service[152063]: DEBUG glance_store.backend [None req-dc6988b4-b3b6-4348-bb03-b9e04185cf66 tempest-VolumesActionsTest-405089294 tempest-VolumesActionsTest-405089294-project] Attempting to import store swift {{(pid=152063) _load_store /usr/local/lib/python3.8/dist-packages/glance_store/backend.py:216}}
Jul 26 03:00:18 ubuntu devstack@g-api.service[152063]: DEBUG glance_store.capabilities [None req-dc6988b4-b3b6-4348-bb03-b9e04185cf66 tempest-VolumesActionsTest-405089294 tempest-VolumesActionsTest-405089294-project] Store glance_store._drivers.swift.store.SingleTenantStore doesn't support updating dynamic storage capabilities. Please overwrite 'update_capabilities' method of the store to implement updating logics if needed. {{(pid=152063) update_capabilities /usr/local/lib/python3.8/dist-packages/glance_store/capabilities.py:91}}
Jul 26 03:00:18 ubuntu devstack@g-api.service[152063]: DEBUG glance_store.driver [None req-dc6988b4-b3b6-4348-bb03-b9e04185cf66 tempest-VolumesActionsTest-405089294 tempest-VolumesActionsTest-405089294-project] Late loading location class glance_store._drivers.swift.store.StoreLocation {{(pid=152063) get_store_location_class /usr/local/lib/python3.8/dist-packages/glance_store/driver.py:116}}
Jul 26 03:00:18 ubuntu devstack@g-api.service[152063]: DEBUG glance_store.location [None req-dc6988b4-b3b6-4348-bb03-b9e04185cf66 tempest-VolumesActionsTest-405089294 tempest-VolumesActionsTest-405089294-project] Registering scheme swift+https with {'store': <glance_store._drivers.swift.store.SingleTenantStore object at 0x7f47f3ff4af0>, 'location_class': <class 'glance_store._drivers.swift.store.StoreLocation'>, 'store_entry': 'swift'} {{(pid=152063) register_scheme_map /usr/local/lib/python3.8/dist-packages/glance_store/location.py:146}}
Jul 26 03:00:18 ubuntu devstack@g-api.service[152063]: DEBUG glance_store.location [None req-dc6988b4-b3b6-4348-bb03-b9e04185cf66 tempest-VolumesActionsTest-405089294 tempest-VolumesActionsTest-405089294-project] Registering scheme swift+https with {'store': <glance_store._drivers.swift.store.SingleTenantStore object at 0x7f47f3ff4af0>, 'location_class': <class 'glance_store._drivers.swift.store.StoreLocation'>, 'store_entry': 'swift'} {{(pid=152063) register_scheme_map /usr/local/lib/python3.8/dist-packages/glance_store/location.py:146}}
Jul 26 03:00:18 ubuntu devstack@g-api.service[152063]: DEBUG glance_store.location [None req-dc6988b4-b3b6-4348-bb03-b9e04185cf66 tempest-VolumesActionsTest-405089294 tempest-VolumesActionsTest-405089294-project] Registering scheme swift with {'store': <glance_store._drivers.swift.store.SingleTenantStore object at 0x7f47f3ff4af0>, 'location_class': <class 'glance_store._drivers.swift.store.StoreLocation'>, 'store_entry': 'swift'} {{(pid=152063) register_scheme_map /usr/local/lib/python3.8/dist-packages/glance_store/location.py:146}}
Jul 26 03:00:18 ubuntu devstack@g-api.service[152063]: DEBUG glance_store.location [None req-dc6988b4-b3b6-4348-bb03-b9e04185cf66 tempest-VolumesActionsTest-405089294 tempest-VolumesActionsTest-405089294-project] Registering scheme swift+https with {'store': <glance_store._drivers.swift.store.SingleTenantStore object at 0x7f47f3ff4af0>, 'location_class': <class 'glance_store._drivers.swift.store.StoreLocation'>, 'store_entry': 'swift'} {{(pid=152063) register_scheme_map /usr/local/lib/python3.8/dist-packages/glance_store/location.py:146}}
Jul 26 03:00:18 ubuntu devstack@g-api.service[152063]: DEBUG glance_store.location [None req-dc6988b4-b3b6-4348-bb03-b9e04185cf66 tempest-VolumesActionsTest-405089294 tempest-VolumesActionsTest-405089294-project] Registering scheme swift with {'store': <glance_store._drivers.swift.store.SingleTenantStore object at 0x7f47f3ff4af0>, 'location_class': <class 'glance_store._drivers.swift.store.StoreLocation'>, 'store_entry': 'swift'} {{(pid=152063) register_scheme_map /usr/local/lib/python3.8/dist-packages/glance_store/location.py:146}}
Jul 26 03:00:18 ubuntu devstack@g-api.service[152063]: DEBUG glance_store.location [None req-dc6988b4-b3b6-4348-bb03-b9e04185cf66 tempest-VolumesActionsTest-405089294 tempest-VolumesActionsTest-405089294-project] Registering scheme swift+http with {'store': <glance_store._drivers.swift.store.SingleTenantStore object at 0x7f47f3ff4af0>, 'location_class': <class 'glance_store._drivers.swift.store.StoreLocation'>, 'store_entry': 'swift'} {{(pid=152063) register_scheme_map /usr/local/lib/python3.8/dist-packages/glance_store/location.py:146}}
