Jul 26 07:36:50 ubuntu devstack@g-api.service[151826]: DEBUG swiftclient [None req-6ff84611-825e-4d68-a3d8-8f5fc11cbd0e admin admin] RESP HEADERS: {'Content-Type': 'text/html; charset=UTF-8', 'Content-Length': '0', 'Etag': '1d3062cd89af34e419f7100277f38b2b', 'Last-Modified': 'Tue, 26 Jul 2022 07:36:51 GMT', 'X-Trans-Id': 'tx59a4e98a476d4f21a31bd-0062df9992', 'X-Openstack-Request-Id': 'tx59a4e98a476d4f21a31bd-0062df9992', 'Date': 'Tue, 26 Jul 2022 07:36:50 GMT'} {{(pid=151826) http_log /usr/local/lib/python3.8/dist-packages/swiftclient/client.py:159}}
Jul 26 07:36:50 ubuntu devstack@g-api.service[151826]: INFO glance.location [None req-6ff84611-825e-4d68-a3d8-8f5fc11cbd0e admin admin] Image format matched and virtual size computed: 117440512
Jul 26 07:36:50 ubuntu devstack@g-api.service[151826]: DEBUG glance_store.backend [None req-6ff84611-825e-4d68-a3d8-8f5fc11cbd0e admin admin] Attempting to import store swift {{(pid=151826) _load_store /usr/local/lib/python3.8/dist-packages/glance_store/backend.py:216}}
Jul 26 07:36:50 ubuntu devstack@g-api.service[151826]: DEBUG glance_store.capabilities [None req-6ff84611-825e-4d68-a3d8-8f5fc11cbd0e admin admin] Store glance_store._drivers.swift.store.SingleTenantStore doesn't support updating dynamic storage capabilities. Please overwrite 'update_capabilities' method of the store to implement updating logics if needed. {{(pid=151826) update_capabilities /usr/local/lib/python3.8/dist-packages/glance_store/capabilities.py:91}}
Jul 26 07:36:50 ubuntu devstack@g-api.service[151826]: DEBUG glance_store.driver [None req-6ff84611-825e-4d68-a3d8-8f5fc11cbd0e admin admin] Late loading location class glance_store._drivers.swift.store.StoreLocation {{(pid=151826) get_store_location_class /usr/local/lib/python3.8/dist-packages/glance_store/driver.py:116}}
Jul 26 07:36:50 ubuntu devstack@g-api.service[151826]: DEBUG glance_store.location [None req-6ff84611-825e-4d68-a3d8-8f5fc11cbd0e admin admin] Registering scheme swift+https with {'store': <glance_store._drivers.swift.store.SingleTenantStore object at 0x7fcd2e3ef5b0>, 'location_class': <class 'glance_store._drivers.swift.store.StoreLocation'>, 'store_entry': 'swift'} {{(pid=151826) register_scheme_map /usr/local/lib/python3.8/dist-packages/glance_store/location.py:146}}
Jul 26 07:36:50 ubuntu devstack@g-api.service[151826]: DEBUG glance_store.location [None req-6ff84611-825e-4d68-a3d8-8f5fc11cbd0e admin admin] Registering scheme swift+https with {'store': <glance_store._drivers.swift.store.SingleTenantStore object at 0x7fcd2e3ef5b0>, 'location_class': <class 'glance_store._drivers.swift.store.StoreLocation'>, 'store_entry': 'swift'} {{(pid=151826) register_scheme_map /usr/local/lib/python3.8/dist-packages/glance_store/location.py:146}}
Jul 26 07:36:50 ubuntu devstack@g-api.service[151826]: DEBUG glance_store.location [None req-6ff84611-825e-4d68-a3d8-8f5fc11cbd0e admin admin] Registering scheme swift with {'store': <glance_store._drivers.swift.store.SingleTenantStore object at 0x7fcd2e3ef5b0>, 'location_class': <class 'glance_store._drivers.swift.store.StoreLocation'>, 'store_entry': 'swift'} {{(pid=151826) register_scheme_map /usr/local/lib/python3.8/dist-packages/glance_store/location.py:146}}
Jul 26 07:36:50 ubuntu devstack@g-api.service[151826]: DEBUG glance_store.location [None req-6ff84611-825e-4d68-a3d8-8f5fc11cbd0e admin admin] Registering scheme swift+https with {'store': <glance_store._drivers.swift.store.SingleTenantStore object at 0x7fcd2e3ef5b0>, 'location_class': <class 'glance_store._drivers.swift.store.StoreLocation'>, 'store_entry': 'swift'} {{(pid=151826) register_scheme_map /usr/local/lib/python3.8/dist-packages/glance_store/location.py:146}}
Jul 26 07:36:50 ubuntu devstack@g-api.service[151826]: DEBUG glance_store.location [None req-6ff84611-825e-4d68-a3d8-8f5fc11cbd0e admin admin] Registering scheme swift with {'store': <glance_store._drivers.swift.store.SingleTenantStore object at 0x7fcd2e3ef5b0>, 'location_class': <class 'glance_store._drivers.swift.store.StoreLocation'>, 'store_entry': 'swift'} {{(pid=151826) register_scheme_map /usr/local/lib/python3.8/dist-packages/glance_store/location.py:146}}
Jul 26 07:36:50 ubuntu devstack@g-api.service[151826]: DEBUG glance_store.location [None req-6ff84611-825e-4d68-a3d8-8f5fc11cbd0e admin admin] Registering scheme swift+http with {'store': <glance_store._drivers.swift.store.SingleTenantStore object at 0x7fcd2e3ef5b0>, 'location_class': <class 'glance_store._drivers.swift.store.StoreLocation'>, 'store_entry': 'swift'} {{(pid=151826) register_scheme_map /usr/local/lib/python3.8/dist-packages/glance_store/location.py:146}}
Jul 26 07:36:50 ubuntu devstack@g-api.service[151826]: DEBUG glance_store.location [None req-6ff84611-825e-4d68-a3d8-8f5fc11cbd0e admin admin] Registering scheme swift+https with {'store': <glance_store._drivers.swift.store.SingleTenantStore object at 0x7fcd2e3ef5b0>, 'location_class': <class 'glance_store._drivers.swift.store.StoreLocation'>, 'store_entry': 'swift'} {{(pid=151826) register_scheme_map /usr/local/lib/python3.8/dist-packages/glance_store/location.py:146}}
Jul 26 07:36:50 ubuntu devstack@g-api.service[151826]: DEBUG glance_store.location [None req-6ff84611-825e-4d68-a3d8-8f5fc11cbd0e admin admin] Registering scheme swift with {'store': <glance_store._drivers.swift.store.SingleTenantStore object at 0x7fcd2e3ef5b0>, 'location_class': <class 'glance_store._drivers.swift.store.StoreLocation'>, 'store_entry': 'swift'} {{(pid=151826) register_scheme_map /usr/local/lib/python3.8/dist-packages/glance_store/location.py:146}}
Jul 26 07:36:50 ubuntu devstack@g-api.service[151826]: DEBUG glance_store.location [None req-6ff84611-825e-4d68-a3d8-8f5fc11cbd0e admin admin] Registering scheme swift+http with {'store': <glance_store._drivers.swift.store.SingleTenantStore object at 0x7fcd2e3ef5b0>, 'location_class': <class 'glance_store._drivers.swift.store.StoreLocation'>, 'store_entry': 'swift'} {{(pid=151826) register_scheme_map /usr/local/lib/python3.8/dist-packages/glance_store/location.py:146}}
Jul 26 07:36:50 ubuntu devstack@g-api.service[151826]: DEBUG glance_store.location [None req-6ff84611-825e-4d68-a3d8-8f5fc11cbd0e admin admin] Registering scheme swift+config with {'store': <glance_store._drivers.swift.store.SingleTenantStore object at 0x7fcd2e3ef5b0>, 'location_class': <class 'glance_store._drivers.swift.store.StoreLocation'>, 'store_entry': 'swift'} {{(pid=151826) register_scheme_map /usr/local/lib/python3.8/dist-packages/glance_store/location.py:146}}
Jul 26 07:36:50 ubuntu devstack@g-api.service[151826]: DEBUG glance_store.backend [None req-6ff84611-825e-4d68-a3d8-8f5fc11cbd0e admin admin] Skipping store.set_acls... not implemented. {{(pid=151826) set_acls /usr/local/lib/python3.8/dist-packages/glance_store/backend.py:508}}
Jul 26 07:36:50 ubuntu devstack@g-api.service[151826]: [pid: 151826|app: 0|req: 3/4] 127.0.0.1 () {40 vars in 862 bytes} [Tue Jul 26 07:36:47 2022] PUT /v2/images/b9a329be-f0d4-42fc-a837-11c607db631f/file => generated 0 bytes in 3027 msecs (HTTP/1.1 204) 4 headers in 171 bytes (1 switches on core 0)
Jul 26 07:36:57 ubuntu devstack@g-api.service[151825]: DEBUG dbcounter [-] [151825] Writing DB stats glance:SELECT=9,glance:INSERT=5 {{(pid=151825) stat_writer /usr/local/lib/python3.8/dist-packages/dbcounter.py:114}}
Jul 26 07:37:00 ubuntu devstack@g-api.service[151826]: DEBUG dbcounter [-] [151826] Writing DB stats glance:SELECT=28,glance:UPDATE=2,glance:INSERT=1 {{(pid=151826) stat_writer /usr/local/lib/python3.8/dist-packages/dbcounter.py:114}}
Jul 26 07:37:35 ubuntu devstack@g-api.service[151825]: DEBUG glance.api.middleware.version_negotiation [None req-cee7ef39-a34a-48bf-83c0-cda109f4ca0e admin admin] Determining version of request: GET / Accept: application/json {{(pid=151825) process_request /opt/stack/glance/glance/api/middleware/version_negotiation.py:44}}
Jul 26 07:37:35 ubuntu devstack@g-api.service[151825]: DEBUG glance.api.middleware.version_negotiation [None req-cee7ef39-a34a-48bf-83c0-cda109f4ca0e admin admin] Using url versioning {{(pid=151825) process_request /opt/stack/glance/glance/api/middleware/version_negotiation.py:57}}
Jul 26 07:37:35 ubuntu devstack@g-api.service[151825]: DEBUG glance.api.middleware.version_negotiation [None req-cee7ef39-a34a-48bf-83c0-cda109f4ca0e admin admin] Unknown version. Returning version choices. {{(pid=151825) process_request /opt/stack/glance/glance/api/middleware/version_negotiation.py:64}}
Jul 26 07:37:35 ubuntu devstack@g-api.service[151825]: [pid: 151825|app: 0|req: 2/5] 127.0.0.1 () {34 vars in 506 bytes} [Tue Jul 26 07:37:35 2022] GET / => generated 1323 bytes in 4 msecs (HTTP/1.1 300) 3 headers in 106 bytes (1 switches on core 0)
Jul 26 07:37:35 ubuntu devstack@g-api.service[151826]: DEBUG glance.api.middleware.version_negotiation [None req-6ff84611-825e-4d68-a3d8-8f5fc11cbd0e admin admin] Determining version of request: GET /v2/images Accept: application/json {{(pid=151826) process_request /opt/stack/glance/glance/api/middleware/version_negotiation.py:44}}
Jul 26 07:37:35 ubuntu devstack@g-api.service[151826]: DEBUG glance.api.middleware.version_negotiation [None req-6ff84611-825e-4d68-a3d8-8f5fc11cbd0e admin admin] Using url versioning {{(pid=151826) process_request /opt/stack/glance/glance/api/middleware/version_negotiation.py:57}}
Jul 26 07:37:35 ubuntu devstack@g-api.service[151826]: DEBUG glance.api.middleware.version_negotiation [None req-6ff84611-825e-4d68-a3d8-8f5fc11cbd0e admin admin] Matched version: v2 {{(pid=151826) process_request /opt/stack/glance/glance/api/middleware/version_negotiation.py:69}}
Jul 26 07:37:35 ubuntu devstack@g-api.service[151826]: DEBUG glance.api.middleware.version_negotiation [None req-6ff84611-825e-4d68-a3d8-8f5fc11cbd0e admin admin] new path /v2/images {{(pid=151826) process_request /opt/stack/glance/glance/api/middleware/version_negotiation.py:70}}
Jul 26 07:37:36 ubuntu devstack@g-api.service[151826]: [pid: 151826|app: 0|req: 4/6] 127.0.0.1 () {36 vars in 728 bytes} [Tue Jul 26 07:37:35 2022] GET /v2/images => generated 1045 bytes in 487 msecs (HTTP/1.1 200) 4 headers in 158 bytes (1 switches on core 0)
Jul 26 07:37:42 ubuntu devstack@g-api.service[151825]: DEBUG glance.api.middleware.version_negotiation [None req-cee7ef39-a34a-48bf-83c0-cda109f4ca0e admin admin] Determining version of request: GET / Accept: application/json {{(pid=151825) process_request /opt/stack/glance/glance/api/middleware/version_negotiation.py:44}}
Jul 26 07:37:42 ubuntu devstack@g-api.service[151825]: DEBUG glance.api.middleware.version_negotiation [None req-cee7ef39-a34a-48bf-83c0-cda109f4ca0e admin admin] Using url versioning {{(pid=151825) process_request /opt/stack/glance/glance/api/middleware/version_negotiation.py:57}}
Jul 26 07:37:42 ubuntu devstack@g-api.service[151825]: DEBUG glance.api.middleware.version_negotiation [None req-cee7ef39-a34a-48bf-83c0-cda109f4ca0e admin admin] Unknown version. Returning version choices. {{(pid=151825) process_request /opt/stack/glance/glance/api/middleware/version_negotiation.py:64}}
Jul 26 07:37:42 ubuntu devstack@g-api.service[151825]: [pid: 151825|app: 0|req: 3/7] 127.0.0.1 () {34 vars in 506 bytes} [Tue Jul 26 07:37:42 2022] GET / => generated 1323 bytes in 4 msecs (HTTP/1.1 300) 3 headers in 106 bytes (1 switches on core 0)
Jul 26 07:37:42 ubuntu devstack@g-api.service[151826]: DEBUG glance.api.middleware.version_negotiation [None req-72ccc442-3730-4106-8d69-528df2610cee admin admin] Determining version of request: GET /v2/images/b9a329be-f0d4-42fc-a837-11c607db631f Accept: */* {{(pid=151826) process_request /opt/stack/glance/glance/api/middleware/version_negotiation.py:44}}
Jul 26 07:37:42 ubuntu devstack@g-api.service[151826]: DEBUG glance.api.middleware.version_negotiation [None req-72ccc442-3730-4106-8d69-528df2610cee admin admin] Using url versioning {{(pid=151826) process_request /opt/stack/glance/glance/api/middleware/version_negotiation.py:57}}
Jul 26 07:37:42 ubuntu devstack@g-api.service[151826]: DEBUG glance.api.middleware.version_negotiation [None req-72ccc442-3730-4106-8d69-528df2610cee admin admin] Matched version: v2 {{(pid=151826) process_request /opt/stack/glance/glance/api/middleware/version_negotiation.py:69}}
Jul 26 07:37:42 ubuntu devstack@g-api.service[151826]: DEBUG glance.api.middleware.version_negotiation [None req-72ccc442-3730-4106-8d69-528df2610cee admin admin] new path /v2/images/b9a329be-f0d4-42fc-a837-11c607db631f {{(pid=151826) process_request /opt/stack/glance/glance/api/middleware/version_negotiation.py:70}}
Jul 26 07:37:43 ubuntu devstack@g-api.service[151826]: [pid: 151826|app: 0|req: 5/8] 127.0.0.1 () {36 vars in 789 bytes} [Tue Jul 26 07:37:42 2022] GET /v2/images/b9a329be-f0d4-42fc-a837-11c607db631f => generated 976 bytes in 322 msecs (HTTP/1.1 200) 4 headers in 157 bytes (1 switches on core 0)
Jul 26 07:37:47 ubuntu devstack@g-api.service[151825]: DEBUG glance.api.middleware.version_negotiation [None req-cee7ef39-a34a-48bf-83c0-cda109f4ca0e admin admin] Determining version of request: GET / Accept: application/json {{(pid=151825) process_request /opt/stack/glance/glance/api/middleware/version_negotiation.py:44}}
Jul 26 07:37:47 ubuntu devstack@g-api.service[151825]: DEBUG glance.api.middleware.version_negotiation [None req-cee7ef39-a34a-48bf-83c0-cda109f4ca0e admin admin] Using url versioning {{(pid=151825) process_request /opt/stack/glance/glance/api/middleware/version_negotiation.py:57}}
Jul 26 07:37:47 ubuntu devstack@g-api.service[151825]: DEBUG glance.api.middleware.version_negotiation [None req-cee7ef39-a34a-48bf-83c0-cda109f4ca0e admin admin] Unknown version. Returning version choices. {{(pid=151825) process_request /opt/stack/glance/glance/api/middleware/version_negotiation.py:64}}
Jul 26 07:37:47 ubuntu devstack@g-api.service[151825]: [pid: 151825|app: 0|req: 4/9] 127.0.0.1 () {34 vars in 506 bytes} [Tue Jul 26 07:37:47 2022] GET / => generated 1323 bytes in 2 msecs (HTTP/1.1 300) 3 headers in 106 bytes (1 switches on core 0)
Jul 26 07:37:47 ubuntu devstack@g-api.service[151826]: DEBUG glance.api.middleware.version_negotiation [None req-e5430eec-cfda-43a7-a743-891626526db0 admin admin] Determining version of request: GET /v2/images/b9a329be-f0d4-42fc-a837-11c607db631f Accept: */* {{(pid=151826) process_request /opt/stack/glance/glance/api/middleware/version_negotiation.py:44}}
Jul 26 07:37:47 ubuntu devstack@g-api.service[151826]: DEBUG glance.api.middleware.version_negotiation [None req-e5430eec-cfda-43a7-a743-891626526db0 admin admin] Using url versioning {{(pid=151826) process_request /opt/stack/glance/glance/api/middleware/version_negotiation.py:57}}
Jul 26 07:37:47 ubuntu devstack@g-api.service[151826]: DEBUG glance.api.middleware.version_negotiation [None req-e5430eec-cfda-43a7-a743-891626526db0 admin admin] Matched version: v2 {{(pid=151826) process_request /opt/stack/glance/glance/api/middleware/version_negotiation.py:69}}
Jul 26 07:37:47 ubuntu devstack@g-api.service[151826]: DEBUG glance.api.middleware.version_negotiation [None req-e5430eec-cfda-43a7-a743-891626526db0 admin admin] new path /v2/images/b9a329be-f0d4-42fc-a837-11c607db631f {{(pid=151826) process_request /opt/stack/glance/glance/api/middleware/version_negotiation.py:70}}
Jul 26 07:37:47 ubuntu devstack@g-api.service[151826]: [pid: 151826|app: 0|req: 6/10] 127.0.0.1 () {36 vars in 789 bytes} [Tue Jul 26 07:37:47 2022] GET /v2/images/b9a329be-f0d4-42fc-a837-11c607db631f => generated 976 bytes in 303 msecs (HTTP/1.1 200) 4 headers in 157 bytes (1 switches on core 0)
Jul 26 07:37:57 ubuntu devstack@g-api.service[151826]: DEBUG dbcounter [-] [151826] Writing DB stats glance:SELECT=10 {{(pid=151826) stat_writer /usr/local/lib/python3.8/dist-packages/dbcounter.py:114}}
Jul 26 07:39:57 ubuntu devstack@g-api.service[151825]: DEBUG glance.api.middleware.version_negotiation [None req-cee7ef39-a34a-48bf-83c0-cda109f4ca0e admin admin] Determining version of request: GET /v1 Accept: application/json {{(pid=151825) process_request /opt/stack/glance/glance/api/middleware/version_negotiation.py:44}}
Jul 26 07:39:57 ubuntu devstack@g-api.service[151825]: DEBUG glance.api.middleware.version_negotiation [None req-cee7ef39-a34a-48bf-83c0-cda109f4ca0e admin admin] Using url versioning {{(pid=151825) process_request /opt/stack/glance/glance/api/middleware/version_negotiation.py:57}}
Jul 26 07:39:57 ubuntu devstack@g-api.service[151825]: DEBUG glance.api.middleware.version_negotiation [None req-cee7ef39-a34a-48bf-83c0-cda109f4ca0e admin admin] Unknown version. Returning version choices. {{(pid=151825) process_request /opt/stack/glance/glance/api/middleware/version_negotiation.py:64}}
Jul 26 07:39:57 ubuntu devstack@g-api.service[151825]: [pid: 151825|app: 0|req: 5/11] 127.0.0.1 () {38 vars in 686 bytes} [Tue Jul 26 07:39:57 2022] GET /v1 => generated 1323 bytes in 5 msecs (HTTP/1.1 300) 3 headers in 106 bytes (1 switches on core 0)
Jul 26 07:42:12 ubuntu devstack@g-api.service[151826]: DEBUG glance.api.middleware.version_negotiation [None req-3ecdaca9-7bb9-4afa-bbcb-b0c4bfc6d75d admin admin] Determining version of request: GET /versions Accept: */* {{(pid=151826) process_request /opt/stack/glance/glance/api/middleware/version_negotiation.py:44}}
Jul 26 07:42:12 ubuntu devstack@g-api.service[151826]: [pid: 151826|app: 0|req: 7/12] 127.0.0.1 () {38 vars in 695 bytes} [Tue Jul 26 07:42:12 2022] GET /versions => generated 1323 bytes in 7 msecs (HTTP/1.1 200) 3 headers in 92 bytes (1 switches on core 0)
Jul 26 07:42:12 ubuntu devstack@g-api.service[151825]: DEBUG glance.api.middleware.version_negotiation [None req-cee7ef39-a34a-48bf-83c0-cda109f4ca0e admin admin] Determining version of request: GET /v2/schemas/image Accept: */* {{(pid=151825) process_request /opt/stack/glance/glance/api/middleware/version_negotiation.py:44}}
Jul 26 07:42:12 ubuntu devstack@g-api.service[151825]: DEBUG glance.api.middleware.version_negotiation [None req-cee7ef39-a34a-48bf-83c0-cda109f4ca0e admin admin] Using url versioning {{(pid=151825) process_request /opt/stack/glance/glance/api/middleware/version_negotiation.py:57}}
Jul 26 07:42:12 ubuntu devstack@g-api.service[151825]: DEBUG glance.api.middleware.version_negotiation [None req-cee7ef39-a34a-48bf-83c0-cda109f4ca0e admin admin] Matched version: v2 {{(pid=151825) process_request /opt/stack/glance/glance/api/middleware/version_negotiation.py:69}}
Jul 26 07:42:12 ubuntu devstack@g-api.service[151825]: DEBUG glance.api.middleware.version_negotiation [None req-cee7ef39-a34a-48bf-83c0-cda109f4ca0e admin admin] new path /v2/schemas/image {{(pid=151825) process_request /opt/stack/glance/glance/api/middleware/version_negotiation.py:70}}
Jul 26 07:42:12 ubuntu devstack@g-api.service[151825]: [pid: 151825|app: 0|req: 6/13] 127.0.0.1 () {38 vars in 711 bytes} [Tue Jul 26 07:42:12 2022] GET /v2/schemas/image => generated 6083 bytes in 84 msecs (HTTP/1.1 200) 4 headers in 158 bytes (1 switches on core 0)
Jul 26 07:42:12 ubuntu devstack@g-api.service[151826]: DEBUG glance.api.middleware.version_negotiation [None req-3ecdaca9-7bb9-4afa-bbcb-b0c4bfc6d75d admin admin] Determining version of request: GET /v2/schemas/metadefs/namespace Accept: */* {{(pid=151826) process_request /opt/stack/glance/glance/api/middleware/version_negotiation.py:44}}
Jul 26 07:42:12 ubuntu devstack@g-api.service[151826]: DEBUG glance.api.middleware.version_negotiation [None req-3ecdaca9-7bb9-4afa-bbcb-b0c4bfc6d75d admin admin] Using url versioning {{(pid=151826) process_request /opt/stack/glance/glance/api/middleware/version_negotiation.py:57}}
Jul 26 07:42:12 ubuntu devstack@g-api.service[151826]: DEBUG glance.api.middleware.version_negotiation [None req-3ecdaca9-7bb9-4afa-bbcb-b0c4bfc6d75d admin admin] Matched version: v2 {{(pid=151826) process_request /opt/stack/glance/glance/api/middleware/version_negotiation.py:69}}
Jul 26 07:42:12 ubuntu devstack@g-api.service[151826]: DEBUG glance.api.middleware.version_negotiation [None req-3ecdaca9-7bb9-4afa-bbcb-b0c4bfc6d75d admin admin] new path /v2/schemas/metadefs/namespace {{(pid=151826) process_request /opt/stack/glance/glance/api/middleware/version_negotiation.py:70}}
Jul 26 07:42:12 ubuntu devstack@g-api.service[151826]: [pid: 151826|app: 0|req: 8/14] 127.0.0.1 () {38 vars in 737 bytes} [Tue Jul 26 07:42:12 2022] GET /v2/schemas/metadefs/namespace => generated 3100 bytes in 9 msecs (HTTP/1.1 200) 4 headers in 158 bytes (1 switches on core 0)
Jul 26 07:42:12 ubuntu devstack@g-api.service[151825]: DEBUG glance.api.middleware.version_negotiation [None req-dab19ae2-406e-431e-ba81-230f2ee0bf02 admin admin] Determining version of request: GET /v2/schemas/metadefs/resource_type Accept: */* {{(pid=151825) process_request /opt/stack/glance/glance/api/middleware/version_negotiation.py:44}}
Jul 26 07:42:12 ubuntu devstack@g-api.service[151825]: DEBUG glance.api.middleware.version_negotiation [None req-dab19ae2-406e-431e-ba81-230f2ee0bf02 admin admin] Using url versioning {{(pid=151825) process_request /opt/stack/glance/glance/api/middleware/version_negotiation.py:57}}
Jul 26 07:42:12 ubuntu devstack@g-api.service[151825]: DEBUG glance.api.middleware.version_negotiation [None req-dab19ae2-406e-431e-ba81-230f2ee0bf02 admin admin] Matched version: v2 {{(pid=151825) process_request /opt/stack/glance/glance/api/middleware/version_negotiation.py:69}}
Jul 26 07:42:12 ubuntu devstack@g-api.service[151825]: DEBUG glance.api.middleware.version_negotiation [None req-dab19ae2-406e-431e-ba81-230f2ee0bf02 admin admin] new path /v2/schemas/metadefs/resource_type {{(pid=151825) process_request /opt/stack/glance/glance/api/middleware/version_negotiation.py:70}}
Jul 26 07:42:12 ubuntu devstack@g-api.service[151825]: [pid: 151825|app: 0|req: 7/15] 127.0.0.1 () {38 vars in 745 bytes} [Tue Jul 26 07:42:12 2022] GET /v2/schemas/metadefs/resource_type => generated 1260 bytes in 6 msecs (HTTP/1.1 200) 4 headers in 158 bytes (1 switches on core 0)
Jul 26 07:42:12 ubuntu devstack@g-api.service[151826]: DEBUG glance.api.middleware.version_negotiation [None req-086e882d-0f41-4d57-a641-d3002d9a7918 admin admin] Determining version of request: GET /v2/images Accept: */* {{(pid=151826) process_request /opt/stack/glance/glance/api/middleware/version_negotiation.py:44}}
Jul 26 07:42:12 ubuntu devstack@g-api.service[151826]: DEBUG glance.api.middleware.version_negotiation [None req-086e882d-0f41-4d57-a641-d3002d9a7918 admin admin] Using url versioning {{(pid=151826) process_request /opt/stack/glance/glance/api/middleware/version_negotiation.py:57}}
Jul 26 07:42:12 ubuntu devstack@g-api.service[151826]: DEBUG glance.api.middleware.version_negotiation [None req-086e882d-0f41-4d57-a641-d3002d9a7918 admin admin] Matched version: v2 {{(pid=151826) process_request /opt/stack/glance/glance/api/middleware/version_negotiation.py:69}}
Jul 26 07:42:12 ubuntu devstack@g-api.service[151826]: DEBUG glance.api.middleware.version_negotiation [None req-086e882d-0f41-4d57-a641-d3002d9a7918 admin admin] new path /v2/images {{(pid=151826) process_request /opt/stack/glance/glance/api/middleware/version_negotiation.py:70}}
Jul 26 07:42:12 ubuntu devstack@g-api.service[151826]: [pid: 151826|app: 0|req: 9/16] 127.0.0.1 () {38 vars in 768 bytes} [Tue Jul 26 07:42:12 2022] GET /v2/images?limit=20&sort_key=name&sort_dir=asc => generated 1081 bytes in 67 msecs (HTTP/1.1 200) 4 headers in 158 bytes (1 switches on core 0)
Jul 26 07:42:12 ubuntu devstack@g-api.service[151825]: DEBUG glance.api.middleware.version_negotiation [None req-3f9b3ea1-6391-4311-8e07-3e6fe0cfa778 admin admin] Determining version of request: GET /v2/schemas/image Accept: */* {{(pid=151825) process_request /opt/stack/glance/glance/api/middleware/version_negotiation.py:44}}
Jul 26 07:42:12 ubuntu devstack@g-api.service[151825]: DEBUG glance.api.middleware.version_negotiation [None req-3f9b3ea1-6391-4311-8e07-3e6fe0cfa778 admin admin] Using url versioning {{(pid=151825) process_request /opt/stack/glance/glance/api/middleware/version_negotiation.py:57}}
Jul 26 07:42:12 ubuntu devstack@g-api.service[151825]: DEBUG glance.api.middleware.version_negotiation [None req-3f9b3ea1-6391-4311-8e07-3e6fe0cfa778 admin admin] Matched version: v2 {{(pid=151825) process_request /opt/stack/glance/glance/api/middleware/version_negotiation.py:69}}
Jul 26 07:42:12 ubuntu devstack@g-api.service[151825]: DEBUG glance.api.middleware.version_negotiation [None req-3f9b3ea1-6391-4311-8e07-3e6fe0cfa778 admin admin] new path /v2/schemas/image {{(pid=151825) process_request /opt/stack/glance/glance/api/middleware/version_negotiation.py:70}}
Jul 26 07:42:12 ubuntu devstack@g-api.service[151825]: [pid: 151825|app: 0|req: 8/17] 127.0.0.1 () {38 vars in 711 bytes} [Tue Jul 26 07:42:12 2022] GET /v2/schemas/image => generated 6083 bytes in 6 msecs (HTTP/1.1 200) 4 headers in 158 bytes (1 switches on core 0)
Jul 26 07:42:22 ubuntu devstack@g-api.service[151826]: DEBUG dbcounter [-] [151826] Writing DB stats glance:SELECT=2 {{(pid=151826) stat_writer /usr/local/lib/python3.8/dist-packages/dbcounter.py:114}}
Jul 26 07:42:27 ubuntu devstack@g-api.service[151826]: DEBUG glance.api.middleware.version_negotiation [None req-3eb919d0-7d6e-4a00-946c-7c25e20df0e2 admin admin] Determining version of request: GET / Accept: application/json {{(pid=151826) process_request /opt/stack/glance/glance/api/middleware/version_negotiation.py:44}}
Jul 26 07:42:27 ubuntu devstack@g-api.service[151826]: DEBUG glance.api.middleware.version_negotiation [None req-3eb919d0-7d6e-4a00-946c-7c25e20df0e2 admin admin] Using url versioning {{(pid=151826) process_request /opt/stack/glance/glance/api/middleware/version_negotiation.py:57}}
Jul 26 07:42:27 ubuntu devstack@g-api.service[151826]: DEBUG glance.api.middleware.version_negotiation [None req-3eb919d0-7d6e-4a00-946c-7c25e20df0e2 admin admin] Unknown version. Returning version choices. {{(pid=151826) process_request /opt/stack/glance/glance/api/middleware/version_negotiation.py:64}}
Jul 26 07:42:27 ubuntu devstack@g-api.service[151826]: [pid: 151826|app: 0|req: 10/18] 127.0.0.1 () {34 vars in 492 bytes} [Tue Jul 26 07:42:27 2022] GET / => generated 1323 bytes in 6 msecs (HTTP/1.1 300) 3 headers in 106 bytes (1 switches on core 0)
Jul 26 07:42:27 ubuntu devstack@g-api.service[151825]: DEBUG glance.api.middleware.version_negotiation [None req-8db50542-7eb1-4863-ba1c-0188d281d2b1 admin admin] Determining version of request: GET /v2/images/b9a329be-f0d4-42fc-a837-11c607db631f Accept: */* {{(pid=151825) process_request /opt/stack/glance/glance/api/middleware/version_negotiation.py:44}}
Jul 26 07:42:27 ubuntu devstack@g-api.service[151825]: DEBUG glance.api.middleware.version_negotiation [None req-8db50542-7eb1-4863-ba1c-0188d281d2b1 admin admin] Using url versioning {{(pid=151825) process_request /opt/stack/glance/glance/api/middleware/version_negotiation.py:57}}
Jul 26 07:42:27 ubuntu devstack@g-api.service[151825]: DEBUG glance.api.middleware.version_negotiation [None req-8db50542-7eb1-4863-ba1c-0188d281d2b1 admin admin] Matched version: v2 {{(pid=151825) process_request /opt/stack/glance/glance/api/middleware/version_negotiation.py:69}}
Jul 26 07:42:27 ubuntu devstack@g-api.service[151825]: DEBUG glance.api.middleware.version_negotiation [None req-8db50542-7eb1-4863-ba1c-0188d281d2b1 admin admin] new path /v2/images/b9a329be-f0d4-42fc-a837-11c607db631f {{(pid=151825) process_request /opt/stack/glance/glance/api/middleware/version_negotiation.py:70}}
Jul 26 07:42:27 ubuntu devstack@g-api.service[151825]: WARNING keystonemiddleware.auth_token [None req-8db50542-7eb1-4863-ba1c-0188d281d2b1 admin admin] A valid token was submitted as a service token, but it was not a valid service token. This is incorrect but backwards compatible behaviour. This will be removed in future releases.
Jul 26 07:42:27 ubuntu devstack@g-api.service[151825]: [pid: 151825|app: 0|req: 9/19] 127.0.0.1 () {42 vars in 1049 bytes} [Tue Jul 26 07:42:27 2022] GET /v2/images/b9a329be-f0d4-42fc-a837-11c607db631f => generated 976 bytes in 98 msecs (HTTP/1.1 200) 4 headers in 157 bytes (1 switches on core 0)
Jul 26 07:42:27 ubuntu devstack@g-api.service[151826]: DEBUG glance.api.middleware.version_negotiation [None req-3eb919d0-7d6e-4a00-946c-7c25e20df0e2 admin admin] Determining version of request: GET /v2/schemas/image Accept: */* {{(pid=151826) process_request /opt/stack/glance/glance/api/middleware/version_negotiation.py:44}}
Jul 26 07:42:27 ubuntu devstack@g-api.service[151826]: DEBUG glance.api.middleware.version_negotiation [None req-3eb919d0-7d6e-4a00-946c-7c25e20df0e2 admin admin] Using url versioning {{(pid=151826) process_request /opt/stack/glance/glance/api/middleware/version_negotiation.py:57}}
Jul 26 07:42:27 ubuntu devstack@g-api.service[151826]: DEBUG glance.api.middleware.version_negotiation [None req-3eb919d0-7d6e-4a00-946c-7c25e20df0e2 admin admin] Matched version: v2 {{(pid=151826) process_request /opt/stack/glance/glance/api/middleware/version_negotiation.py:69}}
Jul 26 07:42:27 ubuntu devstack@g-api.service[151826]: DEBUG glance.api.middleware.version_negotiation [None req-3eb919d0-7d6e-4a00-946c-7c25e20df0e2 admin admin] new path /v2/schemas/image {{(pid=151826) process_request /opt/stack/glance/glance/api/middleware/version_negotiation.py:70}}
Jul 26 07:42:27 ubuntu devstack@g-api.service[151826]: WARNING keystonemiddleware.auth_token [None req-3eb919d0-7d6e-4a00-946c-7c25e20df0e2 admin admin] A valid token was submitted as a service token, but it was not a valid service token. This is incorrect but backwards compatible behaviour. This will be removed in future releases.
Jul 26 07:42:27 ubuntu devstack@g-api.service[151826]: [pid: 151826|app: 0|req: 11/20] 127.0.0.1 () {42 vars in 989 bytes} [Tue Jul 26 07:42:27 2022] GET /v2/schemas/image => generated 6083 bytes in 6 msecs (HTTP/1.1 200) 4 headers in 158 bytes (1 switches on core 0)
Jul 26 07:42:29 ubuntu devstack@g-api.service[151825]: DEBUG glance.api.middleware.version_negotiation [None req-fd59d59d-f2ce-415c-804e-cbf1430121e2 tempest-VolumesAdminNegativeTest-517427865 tempest-VolumesAdminNegativeTest-517427865-project] Determining version of request: GET /v2/images/b9a329be-f0d4-42fc-a837-11c607db631f Accept: */* {{(pid=151825) process_request /opt/stack/glance/glance/api/middleware/version_negotiation.py:44}}
Jul 26 07:42:29 ubuntu devstack@g-api.service[151825]: DEBUG glance.api.middleware.version_negotiation [None req-fd59d59d-f2ce-415c-804e-cbf1430121e2 tempest-VolumesAdminNegativeTest-517427865 tempest-VolumesAdminNegativeTest-517427865-project] Using url versioning {{(pid=151825) process_request /opt/stack/glance/glance/api/middleware/version_negotiation.py:57}}
Jul 26 07:42:29 ubuntu devstack@g-api.service[151825]: DEBUG glance.api.middleware.version_negotiation [None req-fd59d59d-f2ce-415c-804e-cbf1430121e2 tempest-VolumesAdminNegativeTest-517427865 tempest-VolumesAdminNegativeTest-517427865-project] Matched version: v2 {{(pid=151825) process_request /opt/stack/glance/glance/api/middleware/version_negotiation.py:69}}
Jul 26 07:42:29 ubuntu devstack@g-api.service[151825]: DEBUG glance.api.middleware.version_negotiation [None req-fd59d59d-f2ce-415c-804e-cbf1430121e2 tempest-VolumesAdminNegativeTest-517427865 tempest-VolumesAdminNegativeTest-517427865-project] new path /v2/images/b9a329be-f0d4-42fc-a837-11c607db631f {{(pid=151825) process_request /opt/stack/glance/glance/api/middleware/version_negotiation.py:70}}
Jul 26 07:42:29 ubuntu devstack@g-api.service[151825]: [pid: 151825|app: 0|req: 10/21] 127.0.0.1 () {42 vars in 1049 bytes} [Tue Jul 26 07:42:29 2022] GET /v2/images/b9a329be-f0d4-42fc-a837-11c607db631f => generated 976 bytes in 21 msecs (HTTP/1.1 200) 4 headers in 157 bytes (1 switches on core 0)
Jul 26 07:42:29 ubuntu devstack@g-api.service[151826]: DEBUG glance.api.middleware.version_negotiation [None req-fd59d59d-f2ce-415c-804e-cbf1430121e2 tempest-VolumesAdminNegativeTest-517427865 tempest-VolumesAdminNegativeTest-517427865-project] Determining version of request: GET /v2/images/b9a329be-f0d4-42fc-a837-11c607db631f/file Accept: */* {{(pid=151826) process_request /opt/stack/glance/glance/api/middleware/version_negotiation.py:44}}
Jul 26 07:42:29 ubuntu devstack@g-api.service[151826]: DEBUG glance.api.middleware.version_negotiation [None req-fd59d59d-f2ce-415c-804e-cbf1430121e2 tempest-VolumesAdminNegativeTest-517427865 tempest-VolumesAdminNegativeTest-517427865-project] Using url versioning {{(pid=151826) process_request /opt/stack/glance/glance/api/middleware/version_negotiation.py:57}}
Jul 26 07:42:29 ubuntu devstack@g-api.service[151826]: DEBUG glance.api.middleware.version_negotiation [None req-fd59d59d-f2ce-415c-804e-cbf1430121e2 tempest-VolumesAdminNegativeTest-517427865 tempest-VolumesAdminNegativeTest-517427865-project] Matched version: v2 {{(pid=151826) process_request /opt/stack/glance/glance/api/middleware/version_negotiation.py:69}}
Jul 26 07:42:29 ubuntu devstack@g-api.service[151826]: DEBUG glance.api.middleware.version_negotiation [None req-fd59d59d-f2ce-415c-804e-cbf1430121e2 tempest-VolumesAdminNegativeTest-517427865 tempest-VolumesAdminNegativeTest-517427865-project] new path /v2/images/b9a329be-f0d4-42fc-a837-11c607db631f/file {{(pid=151826) process_request /opt/stack/glance/glance/api/middleware/version_negotiation.py:70}}
Jul 26 07:42:29 ubuntu devstack@g-api.service[151826]: DEBUG glance_store.backend [None req-fd59d59d-f2ce-415c-804e-cbf1430121e2 tempest-VolumesAdminNegativeTest-517427865 tempest-VolumesAdminNegativeTest-517427865-project] Attempting to import store swift {{(pid=151826) _load_store /usr/local/lib/python3.8/dist-packages/glance_store/backend.py:216}}
Jul 26 07:42:29 ubuntu devstack@g-api.service[151826]: DEBUG glance_store.capabilities [None req-fd59d59d-f2ce-415c-804e-cbf1430121e2 tempest-VolumesAdminNegativeTest-517427865 tempest-VolumesAdminNegativeTest-517427865-project] Store glance_store._drivers.swift.store.SingleTenantStore doesn't support updating dynamic storage capabilities. Please overwrite 'update_capabilities' method of the store to implement updating logics if needed. {{(pid=151826) update_capabilities /usr/local/lib/python3.8/dist-packages/glance_store/capabilities.py:91}}
Jul 26 07:42:29 ubuntu devstack@g-api.service[151826]: DEBUG glance_store.driver [None req-fd59d59d-f2ce-415c-804e-cbf1430121e2 tempest-VolumesAdminNegativeTest-517427865 tempest-VolumesAdminNegativeTest-517427865-project] Late loading location class glance_store._drivers.swift.store.StoreLocation {{(pid=151826) get_store_location_class /usr/local/lib/python3.8/dist-packages/glance_store/driver.py:116}}
Jul 26 07:42:29 ubuntu devstack@g-api.service[151826]: DEBUG glance_store.location [None req-fd59d59d-f2ce-415c-804e-cbf1430121e2 tempest-VolumesAdminNegativeTest-517427865 tempest-VolumesAdminNegativeTest-517427865-project] Registering scheme swift+https with {'store': <glance_store._drivers.swift.store.SingleTenantStore object at 0x7fcd2cfdd940>, 'location_class': <class 'glance_store._drivers.swift.store.StoreLocation'>, 'store_entry': 'swift'} {{(pid=151826) register_scheme_map /usr/local/lib/python3.8/dist-packages/glance_store/location.py:146}}
Jul 26 07:42:29 ubuntu devstack@g-api.service[151826]: DEBUG glance_store.location [None req-fd59d59d-f2ce-415c-804e-cbf1430121e2 tempest-VolumesAdminNegativeTest-517427865 tempest-VolumesAdminNegativeTest-517427865-project] Registering scheme swift+https with {'store': <glance_store._drivers.swift.store.SingleTenantStore object at 0x7fcd2cfdd940>, 'location_class': <class 'glance_store._drivers.swift.store.StoreLocation'>, 'store_entry': 'swift'} {{(pid=151826) register_scheme_map /usr/local/lib/python3.8/dist-packages/glance_store/location.py:146}}
Jul 26 07:42:29 ubuntu devstack@g-api.service[151826]: DEBUG glance_store.location [None req-fd59d59d-f2ce-415c-804e-cbf1430121e2 tempest-VolumesAdminNegativeTest-517427865 tempest-VolumesAdminNegativeTest-517427865-project] Registering scheme swift with {'store': <glance_store._drivers.swift.store.SingleTenantStore object at 0x7fcd2cfdd940>, 'location_class': <class 'glance_store._drivers.swift.store.StoreLocation'>, 'store_entry': 'swift'} {{(pid=151826) register_scheme_map /usr/local/lib/python3.8/dist-packages/glance_store/location.py:146}}
Jul 26 07:42:29 ubuntu devstack@g-api.service[151826]: DEBUG glance_store.location [None req-fd59d59d-f2ce-415c-804e-cbf1430121e2 tempest-VolumesAdminNegativeTest-517427865 tempest-VolumesAdminNegativeTest-517427865-project] Registering scheme swift+https with {'store': <glance_store._drivers.swift.store.SingleTenantStore object at 0x7fcd2cfdd940>, 'location_class': <class 'glance_store._drivers.swift.store.StoreLocation'>, 'store_entry': 'swift'} {{(pid=151826) register_scheme_map /usr/local/lib/python3.8/dist-packages/glance_store/location.py:146}}
Jul 26 07:42:29 ubuntu devstack@g-api.service[151826]: DEBUG glance_store.location [None req-fd59d59d-f2ce-415c-804e-cbf1430121e2 tempest-VolumesAdminNegativeTest-517427865 tempest-VolumesAdminNegativeTest-517427865-project] Registering scheme swift with {'store': <glance_store._drivers.swift.store.SingleTenantStore object at 0x7fcd2cfdd940>, 'location_class': <class 'glance_store._drivers.swift.store.StoreLocation'>, 'store_entry': 'swift'} {{(pid=151826) register_scheme_map /usr/local/lib/python3.8/dist-packages/glance_store/location.py:146}}
Jul 26 07:42:29 ubuntu devstack@g-api.service[151826]: DEBUG glance_store.location [None req-fd59d59d-f2ce-415c-804e-cbf1430121e2 tempest-VolumesAdminNegativeTest-517427865 tempest-VolumesAdminNegativeTest-517427865-project] Registering scheme swift+http with {'store': <glance_store._drivers.swift.store.SingleTenantStore object at 0x7fcd2cfdd940>, 'location_class': <class 'glance_store._drivers.swift.store.StoreLocation'>, 'store_entry': 'swift'} {{(pid=151826) register_scheme_map /usr/local/lib/python3.8/dist-packages/glance_store/location.py:146}}
Jul 26 07:42:29 ubuntu devstack@g-api.service[151826]: DEBUG glance_store.location [None req-fd59d59d-f2ce-415c-804e-cbf1430121e2 tempest-VolumesAdminNegativeTest-517427865 tempest-VolumesAdminNegativeTest-517427865-project] Registering scheme swift+https with {'store': <glance_store._drivers.swift.store.SingleTenantStore object at 0x7fcd2cfdd940>, 'location_class': <class 'glance_store._drivers.swift.store.StoreLocation'>, 'store_entry': 'swift'} {{(pid=151826) register_scheme_map /usr/local/lib/python3.8/dist-packages/glance_store/location.py:146}}
Jul 26 07:42:29 ubuntu devstack@g-api.service[151826]: DEBUG glance_store.location [None req-fd59d59d-f2ce-415c-804e-cbf1430121e2 tempest-VolumesAdminNegativeTest-517427865 tempest-VolumesAdminNegativeTest-517427865-project] Registering scheme swift with {'store': <glance_store._drivers.swift.store.SingleTenantStore object at 0x7fcd2cfdd940>, 'location_class': <class 'glance_store._drivers.swift.store.StoreLocation'>, 'store_entry': 'swift'} {{(pid=151826) register_scheme_map /usr/local/lib/python3.8/dist-packages/glance_store/location.py:146}}
Jul 26 07:42:29 ubuntu devstack@g-api.service[151826]: DEBUG glance_store.location [None req-fd59d59d-f2ce-415c-804e-cbf1430121e2 tempest-VolumesAdminNegativeTest-517427865 tempest-VolumesAdminNegativeTest-517427865-project] Registering scheme swift+http with {'store': <glance_store._drivers.swift.store.SingleTenantStore object at 0x7fcd2cfdd940>, 'location_class': <class 'glance_store._drivers.swift.store.StoreLocation'>, 'store_entry': 'swift'} {{(pid=151826) register_scheme_map /usr/local/lib/python3.8/dist-packages/glance_store/location.py:146}}
Jul 26 07:42:29 ubuntu devstack@g-api.service[151826]: DEBUG glance_store.location [None req-fd59d59d-f2ce-415c-804e-cbf1430121e2 tempest-VolumesAdminNegativeTest-517427865 tempest-VolumesAdminNegativeTest-517427865-project] Registering scheme swift+config with {'store': <glance_store._drivers.swift.store.SingleTenantStore object at 0x7fcd2cfdd940>, 'location_class': <class 'glance_store._drivers.swift.store.StoreLocation'>, 'store_entry': 'swift'} {{(pid=151826) register_scheme_map /usr/local/lib/python3.8/dist-packages/glance_store/location.py:146}}
Jul 26 07:42:30 ubuntu devstack@g-api.service[151826]: DEBUG swiftclient [None req-fd59d59d-f2ce-415c-804e-cbf1430121e2 tempest-VolumesAdminNegativeTest-517427865 tempest-VolumesAdminNegativeTest-517427865-project] REQ: curl -i http://192.168.79.48:8080/v1/AUTH_80faa9dccd4d4dfe89dbd6b74ac1c16c/glance/b9a329be-f0d4-42fc-a837-11c607db631f -X GET -H "X-Auth-Token: gAAAAABi35rm-V3q..." {{(pid=151826) http_log /usr/local/lib/python3.8/dist-packages/swiftclient/client.py:157}}
Jul 26 07:42:30 ubuntu devstack@g-api.service[151826]: DEBUG swiftclient [None req-fd59d59d-f2ce-415c-804e-cbf1430121e2 tempest-VolumesAdminNegativeTest-517427865 tempest-VolumesAdminNegativeTest-517427865-project] RESP STATUS: 200 OK {{(pid=151826) http_log /usr/local/lib/python3.8/dist-packages/swiftclient/client.py:158}}
Jul 26 07:42:30 ubuntu devstack@g-api.service[151826]: DEBUG swiftclient [None req-fd59d59d-f2ce-415c-804e-cbf1430121e2 tempest-VolumesAdminNegativeTest-517427865 tempest-VolumesAdminNegativeTest-517427865-project] RESP HEADERS: {'Content-Type': 'application/octet-stream', 'Etag': '1d3062cd89af34e419f7100277f38b2b', 'Last-Modified': 'Tue, 26 Jul 2022 07:36:51 GMT', 'X-Timestamp': '1658821010.54760', 'Accept-Ranges': 'bytes', 'Content-Length': '16338944', 'X-Trans-Id': 'txf66a75a3f6a24e719b118-0062df9ae6', 'X-Openstack-Request-Id': 'txf66a75a3f6a24e719b118-0062df9ae6', 'Date': 'Tue, 26 Jul 2022 07:42:30 GMT'} {{(pid=151826) http_log /usr/local/lib/python3.8/dist-packages/swiftclient/client.py:159}}
Jul 26 07:42:30 ubuntu devstack@g-api.service[151826]: DEBUG glance.image_cache [None req-fd59d59d-f2ce-415c-804e-cbf1430121e2 tempest-VolumesAdminNegativeTest-517427865 tempest-VolumesAdminNegativeTest-517427865-project] Tee'ing image 'b9a329be-f0d4-42fc-a837-11c607db631f' into cache {{(pid=151826) get_caching_iter /opt/stack/glance/glance/image_cache/__init__.py:343}}
Jul 26 07:42:30 ubuntu devstack@g-api.service[151826]: DEBUG glance.image_cache.drivers.sqlite [None req-fd59d59d-f2ce-415c-804e-cbf1430121e2 tempest-VolumesAdminNegativeTest-517427865 tempest-VolumesAdminNegativeTest-517427865-project] Fetch finished, moving '/opt/stack/data/glance/cache/incomplete/b9a329be-f0d4-42fc-a837-11c607db631f' to '/opt/stack/data/glance/cache/b9a329be-f0d4-42fc-a837-11c607db631f' {{(pid=151826) commit /opt/stack/glance/glance/image_cache/drivers/sqlite.py:324}}
Jul 26 07:42:30 ubuntu devstack@g-api.service[151826]: [pid: 151826|app: 0|req: 12/22] 127.0.0.1 () {42 vars in 1059 bytes} [Tue Jul 26 07:42:29 2022] GET /v2/images/b9a329be-f0d4-42fc-a837-11c607db631f/file => generated 16338944 bytes in 529 msecs (HTTP/1.1 200) 4 headers in 191 bytes (253 switches on core 0)
Jul 26 07:42:39 ubuntu devstack@g-api.service[151825]: DEBUG dbcounter [-] [151825] Writing DB stats glance:SELECT=8 {{(pid=151825) stat_writer /usr/local/lib/python3.8/dist-packages/dbcounter.py:114}}
Jul 26 07:42:40 ubuntu devstack@g-api.service[151826]: DEBUG dbcounter [-] [151826] Writing DB stats glance:SELECT=8 {{(pid=151826) stat_writer /usr/local/lib/python3.8/dist-packages/dbcounter.py:114}}
Jul 26 07:42:58 ubuntu devstack@g-api.service[151825]: DEBUG glance.api.middleware.version_negotiation [None req-fd59d59d-f2ce-415c-804e-cbf1430121e2 tempest-VolumesAdminNegativeTest-517427865 tempest-VolumesAdminNegativeTest-517427865-project] Determining version of request: GET / Accept: application/json {{(pid=151825) process_request /opt/stack/glance/glance/api/middleware/version_negotiation.py:44}}
Jul 26 07:42:58 ubuntu devstack@g-api.service[151825]: DEBUG glance.api.middleware.version_negotiation [None req-fd59d59d-f2ce-415c-804e-cbf1430121e2 tempest-VolumesAdminNegativeTest-517427865 tempest-VolumesAdminNegativeTest-517427865-project] Using url versioning {{(pid=151825) process_request /opt/stack/glance/glance/api/middleware/version_negotiation.py:57}}
Jul 26 07:42:58 ubuntu devstack@g-api.service[151825]: DEBUG glance.api.middleware.version_negotiation [None req-fd59d59d-f2ce-415c-804e-cbf1430121e2 tempest-VolumesAdminNegativeTest-517427865 tempest-VolumesAdminNegativeTest-517427865-project] Unknown version. Returning version choices. {{(pid=151825) process_request /opt/stack/glance/glance/api/middleware/version_negotiation.py:64}}
Jul 26 07:42:58 ubuntu devstack@g-api.service[151825]: [pid: 151825|app: 0|req: 11/23] 127.0.0.1 () {34 vars in 492 bytes} [Tue Jul 26 07:42:58 2022] GET / => generated 1323 bytes in 4 msecs (HTTP/1.1 300) 3 headers in 106 bytes (1 switches on core 0)
Jul 26 07:42:58 ubuntu devstack@g-api.service[151826]: DEBUG glance.api.middleware.version_negotiation [None req-fd59d59d-f2ce-415c-804e-cbf1430121e2 tempest-VolumesAdminNegativeTest-517427865 tempest-VolumesAdminNegativeTest-517427865-project] Determining version of request: GET /v2/images/b9a329be-f0d4-42fc-a837-11c607db631f Accept: */* {{(pid=151826) process_request /opt/stack/glance/glance/api/middleware/version_negotiation.py:44}}
Jul 26 07:42:58 ubuntu devstack@g-api.service[151826]: DEBUG glance.api.middleware.version_negotiation [None req-fd59d59d-f2ce-415c-804e-cbf1430121e2 tempest-VolumesAdminNegativeTest-517427865 tempest-VolumesAdminNegativeTest-517427865-project] Using url versioning {{(pid=151826) process_request /opt/stack/glance/glance/api/middleware/version_negotiation.py:57}}
Jul 26 07:42:58 ubuntu devstack@g-api.service[151826]: DEBUG glance.api.middleware.version_negotiation [None req-fd59d59d-f2ce-415c-804e-cbf1430121e2 tempest-VolumesAdminNegativeTest-517427865 tempest-VolumesAdminNegativeTest-517427865-project] Matched version: v2 {{(pid=151826) process_request /opt/stack/glance/glance/api/middleware/version_negotiation.py:69}}
Jul 26 07:42:58 ubuntu devstack@g-api.service[151826]: DEBUG glance.api.middleware.version_negotiation [None req-fd59d59d-f2ce-415c-804e-cbf1430121e2 tempest-VolumesAdminNegativeTest-517427865 tempest-VolumesAdminNegativeTest-517427865-project] new path /v2/images/b9a329be-f0d4-42fc-a837-11c607db631f {{(pid=151826) process_request /opt/stack/glance/glance/api/middleware/version_negotiation.py:70}}
Jul 26 07:42:58 ubuntu devstack@g-api.service[151826]: [pid: 151826|app: 0|req: 13/24] 127.0.0.1 () {42 vars in 1049 bytes} [Tue Jul 26 07:42:58 2022] GET /v2/images/b9a329be-f0d4-42fc-a837-11c607db631f => generated 976 bytes in 18 msecs (HTTP/1.1 200) 4 headers in 157 bytes (1 switches on core 0)
Jul 26 07:42:58 ubuntu devstack@g-api.service[151825]: DEBUG glance.api.middleware.version_negotiation [None req-fd59d59d-f2ce-415c-804e-cbf1430121e2 tempest-VolumesAdminNegativeTest-517427865 tempest-VolumesAdminNegativeTest-517427865-project] Determining version of request: GET /v2/schemas/image Accept: */* {{(pid=151825) process_request /opt/stack/glance/glance/api/middleware/version_negotiation.py:44}}
Jul 26 07:42:58 ubuntu devstack@g-api.service[151825]: DEBUG glance.api.middleware.version_negotiation [None req-fd59d59d-f2ce-415c-804e-cbf1430121e2 tempest-VolumesAdminNegativeTest-517427865 tempest-VolumesAdminNegativeTest-517427865-project] Using url versioning {{(pid=151825) process_request /opt/stack/glance/glance/api/middleware/version_negotiation.py:57}}
Jul 26 07:42:58 ubuntu devstack@g-api.service[151825]: DEBUG glance.api.middleware.version_negotiation [None req-fd59d59d-f2ce-415c-804e-cbf1430121e2 tempest-VolumesAdminNegativeTest-517427865 tempest-VolumesAdminNegativeTest-517427865-project] Matched version: v2 {{(pid=151825) process_request /opt/stack/glance/glance/api/middleware/version_negotiation.py:69}}
Jul 26 07:42:58 ubuntu devstack@g-api.service[151825]: DEBUG glance.api.middleware.version_negotiation [None req-fd59d59d-f2ce-415c-804e-cbf1430121e2 tempest-VolumesAdminNegativeTest-517427865 tempest-VolumesAdminNegativeTest-517427865-project] new path /v2/schemas/image {{(pid=151825) process_request /opt/stack/glance/glance/api/middleware/version_negotiation.py:70}}
Jul 26 07:42:58 ubuntu devstack@g-api.service[151825]: [pid: 151825|app: 0|req: 12/25] 127.0.0.1 () {42 vars in 989 bytes} [Tue Jul 26 07:42:58 2022] GET /v2/schemas/image => generated 6083 bytes in 4 msecs (HTTP/1.1 200) 4 headers in 158 bytes (1 switches on core 0)
Jul 26 07:43:08 ubuntu devstack@g-api.service[151826]: DEBUG dbcounter [-] [151826] Writing DB stats glance:SELECT=4 {{(pid=151826) stat_writer /usr/local/lib/python3.8/dist-packages/dbcounter.py:114}}
Jul 26 07:43:28 ubuntu devstack@g-api.service[151826]: DEBUG glance.api.middleware.version_negotiation [None req-147142e8-8331-4086-b43c-a823ab91f2bf tempest-DeleteServersTestJSON-126846375 tempest-DeleteServersTestJSON-126846375-project] Determining version of request: GET /v2/images/b9a329be-f0d4-42fc-a837-11c607db631f Accept: */* {{(pid=151826) process_request /opt/stack/glance/glance/api/middleware/version_negotiation.py:44}}
Jul 26 07:43:28 ubuntu devstack@g-api.service[151826]: DEBUG glance.api.middleware.version_negotiation [None req-147142e8-8331-4086-b43c-a823ab91f2bf tempest-DeleteServersTestJSON-126846375 tempest-DeleteServersTestJSON-126846375-project] Using url versioning {{(pid=151826) process_request /opt/stack/glance/glance/api/middleware/version_negotiation.py:57}}
Jul 26 07:43:28 ubuntu devstack@g-api.service[151826]: DEBUG glance.api.middleware.version_negotiation [None req-147142e8-8331-4086-b43c-a823ab91f2bf tempest-DeleteServersTestJSON-126846375 tempest-DeleteServersTestJSON-126846375-project] Matched version: v2 {{(pid=151826) process_request /opt/stack/glance/glance/api/middleware/version_negotiation.py:69}}
