Mar 29 01:28:58 ubuntu devstack@g-api.service[124446]: DEBUG glance_store.location [None req-b95322c6-94da-4e7e-90c9-165f9f8aad08 admin admin] Registering scheme swift+https with {'store': <glance_store._drivers.swift.store.SingleTenantStore object at 0x7f384412df40>, 'location_class': <class 'glance_store._drivers.swift.store.StoreLocation'>, 'store_entry': 'swift'} {{(pid=124446) register_scheme_map /usr/local/lib/python3.8/dist-packages/glance_store/location.py:146}}
Mar 29 01:28:58 ubuntu devstack@g-api.service[124446]: DEBUG glance_store.location [None req-b95322c6-94da-4e7e-90c9-165f9f8aad08 admin admin] Registering scheme swift+https with {'store': <glance_store._drivers.swift.store.SingleTenantStore object at 0x7f384412df40>, 'location_class': <class 'glance_store._drivers.swift.store.StoreLocation'>, 'store_entry': 'swift'} {{(pid=124446) register_scheme_map /usr/local/lib/python3.8/dist-packages/glance_store/location.py:146}}
Mar 29 01:28:58 ubuntu devstack@g-api.service[124446]: DEBUG glance_store.location [None req-b95322c6-94da-4e7e-90c9-165f9f8aad08 admin admin] Registering scheme swift with {'store': <glance_store._drivers.swift.store.SingleTenantStore object at 0x7f384412df40>, 'location_class': <class 'glance_store._drivers.swift.store.StoreLocation'>, 'store_entry': 'swift'} {{(pid=124446) register_scheme_map /usr/local/lib/python3.8/dist-packages/glance_store/location.py:146}}
Mar 29 01:28:58 ubuntu devstack@g-api.service[124446]: DEBUG glance_store.location [None req-b95322c6-94da-4e7e-90c9-165f9f8aad08 admin admin] Registering scheme swift+https with {'store': <glance_store._drivers.swift.store.SingleTenantStore object at 0x7f384412df40>, 'location_class': <class 'glance_store._drivers.swift.store.StoreLocation'>, 'store_entry': 'swift'} {{(pid=124446) register_scheme_map /usr/local/lib/python3.8/dist-packages/glance_store/location.py:146}}
Mar 29 01:28:58 ubuntu devstack@g-api.service[124446]: DEBUG glance_store.location [None req-b95322c6-94da-4e7e-90c9-165f9f8aad08 admin admin] Registering scheme swift with {'store': <glance_store._drivers.swift.store.SingleTenantStore object at 0x7f384412df40>, 'location_class': <class 'glance_store._drivers.swift.store.StoreLocation'>, 'store_entry': 'swift'} {{(pid=124446) register_scheme_map /usr/local/lib/python3.8/dist-packages/glance_store/location.py:146}}
Mar 29 01:28:58 ubuntu devstack@g-api.service[124446]: DEBUG glance_store.location [None req-b95322c6-94da-4e7e-90c9-165f9f8aad08 admin admin] Registering scheme swift+http with {'store': <glance_store._drivers.swift.store.SingleTenantStore object at 0x7f384412df40>, 'location_class': <class 'glance_store._drivers.swift.store.StoreLocation'>, 'store_entry': 'swift'} {{(pid=124446) register_scheme_map /usr/local/lib/python3.8/dist-packages/glance_store/location.py:146}}
Mar 29 01:28:58 ubuntu devstack@g-api.service[124446]: DEBUG glance_store.location [None req-b95322c6-94da-4e7e-90c9-165f9f8aad08 admin admin] Registering scheme swift+https with {'store': <glance_store._drivers.swift.store.SingleTenantStore object at 0x7f384412df40>, 'location_class': <class 'glance_store._drivers.swift.store.StoreLocation'>, 'store_entry': 'swift'} {{(pid=124446) register_scheme_map /usr/local/lib/python3.8/dist-packages/glance_store/location.py:146}}
Mar 29 01:28:58 ubuntu devstack@g-api.service[124446]: DEBUG glance_store.location [None req-b95322c6-94da-4e7e-90c9-165f9f8aad08 admin admin] Registering scheme swift with {'store': <glance_store._drivers.swift.store.SingleTenantStore object at 0x7f384412df40>, 'location_class': <class 'glance_store._drivers.swift.store.StoreLocation'>, 'store_entry': 'swift'} {{(pid=124446) register_scheme_map /usr/local/lib/python3.8/dist-packages/glance_store/location.py:146}}
Mar 29 01:28:58 ubuntu devstack@g-api.service[124446]: DEBUG glance_store.location [None req-b95322c6-94da-4e7e-90c9-165f9f8aad08 admin admin] Registering scheme swift+http with {'store': <glance_store._drivers.swift.store.SingleTenantStore object at 0x7f384412df40>, 'location_class': <class 'glance_store._drivers.swift.store.StoreLocation'>, 'store_entry': 'swift'} {{(pid=124446) register_scheme_map /usr/local/lib/python3.8/dist-packages/glance_store/location.py:146}}
Mar 29 01:28:58 ubuntu devstack@g-api.service[124446]: DEBUG glance_store.location [None req-b95322c6-94da-4e7e-90c9-165f9f8aad08 admin admin] Registering scheme swift+config with {'store': <glance_store._drivers.swift.store.SingleTenantStore object at 0x7f384412df40>, 'location_class': <class 'glance_store._drivers.swift.store.StoreLocation'>, 'store_entry': 'swift'} {{(pid=124446) register_scheme_map /usr/local/lib/python3.8/dist-packages/glance_store/location.py:146}}
Mar 29 01:28:58 ubuntu devstack@g-api.service[124446]: DEBUG glance_store.backend [None req-b95322c6-94da-4e7e-90c9-165f9f8aad08 admin admin] Skipping store.set_acls... not implemented. {{(pid=124446) set_acls /usr/local/lib/python3.8/dist-packages/glance_store/backend.py:509}}
Mar 29 01:28:58 ubuntu devstack@g-api.service[124446]: [pid: 124446|app: 0|req: 3/4] 127.0.0.1 () {40 vars in 862 bytes} [Tue Mar 29 01:28:56 2022] PUT /v2/images/ac0c1817-4e0c-40ba-af13-727a965bfccf/file => generated 0 bytes in 1973 msecs (HTTP/1.1 204) 4 headers in 171 bytes (1 switches on core 0)
Mar 29 01:29:33 ubuntu devstack@g-api.service[124445]: DEBUG glance.api.middleware.version_negotiation [None req-881bc613-f774-4bf1-aa41-cb297f409bf6 admin admin] Determining version of request: GET / Accept: application/json {{(pid=124445) process_request /opt/stack/glance/glance/api/middleware/version_negotiation.py:44}}
Mar 29 01:29:33 ubuntu devstack@g-api.service[124445]: DEBUG glance.api.middleware.version_negotiation [None req-881bc613-f774-4bf1-aa41-cb297f409bf6 admin admin] Using url versioning {{(pid=124445) process_request /opt/stack/glance/glance/api/middleware/version_negotiation.py:57}}
Mar 29 01:29:33 ubuntu devstack@g-api.service[124445]: DEBUG glance.api.middleware.version_negotiation [None req-881bc613-f774-4bf1-aa41-cb297f409bf6 admin admin] Unknown version. Returning version choices. {{(pid=124445) process_request /opt/stack/glance/glance/api/middleware/version_negotiation.py:64}}
Mar 29 01:29:33 ubuntu devstack@g-api.service[124445]: [pid: 124445|app: 0|req: 2/5] 127.0.0.1 () {34 vars in 506 bytes} [Tue Mar 29 01:29:33 2022] GET / => generated 1213 bytes in 4 msecs (HTTP/1.1 300) 3 headers in 106 bytes (1 switches on core 0)
Mar 29 01:29:33 ubuntu devstack@g-api.service[124446]: DEBUG glance.api.middleware.version_negotiation [None req-b95322c6-94da-4e7e-90c9-165f9f8aad08 admin admin] Determining version of request: GET /v2/images Accept: application/json {{(pid=124446) process_request /opt/stack/glance/glance/api/middleware/version_negotiation.py:44}}
Mar 29 01:29:33 ubuntu devstack@g-api.service[124446]: DEBUG glance.api.middleware.version_negotiation [None req-b95322c6-94da-4e7e-90c9-165f9f8aad08 admin admin] Using url versioning {{(pid=124446) process_request /opt/stack/glance/glance/api/middleware/version_negotiation.py:57}}
Mar 29 01:29:33 ubuntu devstack@g-api.service[124446]: DEBUG glance.api.middleware.version_negotiation [None req-b95322c6-94da-4e7e-90c9-165f9f8aad08 admin admin] Matched version: v2 {{(pid=124446) process_request /opt/stack/glance/glance/api/middleware/version_negotiation.py:69}}
Mar 29 01:29:33 ubuntu devstack@g-api.service[124446]: DEBUG glance.api.middleware.version_negotiation [None req-b95322c6-94da-4e7e-90c9-165f9f8aad08 admin admin] new path /v2/images {{(pid=124446) process_request /opt/stack/glance/glance/api/middleware/version_negotiation.py:70}}
Mar 29 01:29:33 ubuntu devstack@g-api.service[124446]: [pid: 124446|app: 0|req: 4/6] 127.0.0.1 () {36 vars in 728 bytes} [Tue Mar 29 01:29:33 2022] GET /v2/images => generated 1045 bytes in 94 msecs (HTTP/1.1 200) 4 headers in 158 bytes (1 switches on core 0)
Mar 29 01:29:39 ubuntu devstack@g-api.service[124445]: DEBUG glance.api.middleware.version_negotiation [None req-881bc613-f774-4bf1-aa41-cb297f409bf6 admin admin] Determining version of request: GET / Accept: application/json {{(pid=124445) process_request /opt/stack/glance/glance/api/middleware/version_negotiation.py:44}}
Mar 29 01:29:39 ubuntu devstack@g-api.service[124445]: DEBUG glance.api.middleware.version_negotiation [None req-881bc613-f774-4bf1-aa41-cb297f409bf6 admin admin] Using url versioning {{(pid=124445) process_request /opt/stack/glance/glance/api/middleware/version_negotiation.py:57}}
Mar 29 01:29:39 ubuntu devstack@g-api.service[124445]: DEBUG glance.api.middleware.version_negotiation [None req-881bc613-f774-4bf1-aa41-cb297f409bf6 admin admin] Unknown version. Returning version choices. {{(pid=124445) process_request /opt/stack/glance/glance/api/middleware/version_negotiation.py:64}}
Mar 29 01:29:39 ubuntu devstack@g-api.service[124445]: [pid: 124445|app: 0|req: 3/7] 127.0.0.1 () {34 vars in 506 bytes} [Tue Mar 29 01:29:39 2022] GET / => generated 1213 bytes in 4 msecs (HTTP/1.1 300) 3 headers in 106 bytes (1 switches on core 0)
Mar 29 01:29:39 ubuntu devstack@g-api.service[124446]: DEBUG glance.api.middleware.version_negotiation [None req-1ac45794-8ac4-4db3-8577-ae9a402add30 admin admin] Determining version of request: GET /v2/images/ac0c1817-4e0c-40ba-af13-727a965bfccf Accept: */* {{(pid=124446) process_request /opt/stack/glance/glance/api/middleware/version_negotiation.py:44}}
Mar 29 01:29:39 ubuntu devstack@g-api.service[124446]: DEBUG glance.api.middleware.version_negotiation [None req-1ac45794-8ac4-4db3-8577-ae9a402add30 admin admin] Using url versioning {{(pid=124446) process_request /opt/stack/glance/glance/api/middleware/version_negotiation.py:57}}
Mar 29 01:29:39 ubuntu devstack@g-api.service[124446]: DEBUG glance.api.middleware.version_negotiation [None req-1ac45794-8ac4-4db3-8577-ae9a402add30 admin admin] Matched version: v2 {{(pid=124446) process_request /opt/stack/glance/glance/api/middleware/version_negotiation.py:69}}
Mar 29 01:29:39 ubuntu devstack@g-api.service[124446]: DEBUG glance.api.middleware.version_negotiation [None req-1ac45794-8ac4-4db3-8577-ae9a402add30 admin admin] new path /v2/images/ac0c1817-4e0c-40ba-af13-727a965bfccf {{(pid=124446) process_request /opt/stack/glance/glance/api/middleware/version_negotiation.py:70}}
Mar 29 01:29:39 ubuntu devstack@g-api.service[124446]: [pid: 124446|app: 0|req: 5/8] 127.0.0.1 () {36 vars in 789 bytes} [Tue Mar 29 01:29:39 2022] GET /v2/images/ac0c1817-4e0c-40ba-af13-727a965bfccf => generated 976 bytes in 52 msecs (HTTP/1.1 200) 4 headers in 157 bytes (1 switches on core 0)
Mar 29 01:29:43 ubuntu devstack@g-api.service[124445]: DEBUG glance.api.middleware.version_negotiation [None req-881bc613-f774-4bf1-aa41-cb297f409bf6 admin admin] Determining version of request: GET / Accept: application/json {{(pid=124445) process_request /opt/stack/glance/glance/api/middleware/version_negotiation.py:44}}
Mar 29 01:29:43 ubuntu devstack@g-api.service[124445]: DEBUG glance.api.middleware.version_negotiation [None req-881bc613-f774-4bf1-aa41-cb297f409bf6 admin admin] Using url versioning {{(pid=124445) process_request /opt/stack/glance/glance/api/middleware/version_negotiation.py:57}}
Mar 29 01:29:43 ubuntu devstack@g-api.service[124445]: DEBUG glance.api.middleware.version_negotiation [None req-881bc613-f774-4bf1-aa41-cb297f409bf6 admin admin] Unknown version. Returning version choices. {{(pid=124445) process_request /opt/stack/glance/glance/api/middleware/version_negotiation.py:64}}
Mar 29 01:29:43 ubuntu devstack@g-api.service[124445]: [pid: 124445|app: 0|req: 4/9] 127.0.0.1 () {34 vars in 506 bytes} [Tue Mar 29 01:29:43 2022] GET / => generated 1213 bytes in 2 msecs (HTTP/1.1 300) 3 headers in 106 bytes (1 switches on core 0)
Mar 29 01:29:43 ubuntu devstack@g-api.service[124446]: DEBUG glance.api.middleware.version_negotiation [None req-a5679dc1-455e-49be-9b8b-e1bbf653a803 admin admin] Determining version of request: GET /v2/images/ac0c1817-4e0c-40ba-af13-727a965bfccf Accept: */* {{(pid=124446) process_request /opt/stack/glance/glance/api/middleware/version_negotiation.py:44}}
Mar 29 01:29:43 ubuntu devstack@g-api.service[124446]: DEBUG glance.api.middleware.version_negotiation [None req-a5679dc1-455e-49be-9b8b-e1bbf653a803 admin admin] Using url versioning {{(pid=124446) process_request /opt/stack/glance/glance/api/middleware/version_negotiation.py:57}}
Mar 29 01:29:43 ubuntu devstack@g-api.service[124446]: DEBUG glance.api.middleware.version_negotiation [None req-a5679dc1-455e-49be-9b8b-e1bbf653a803 admin admin] Matched version: v2 {{(pid=124446) process_request /opt/stack/glance/glance/api/middleware/version_negotiation.py:69}}
Mar 29 01:29:43 ubuntu devstack@g-api.service[124446]: DEBUG glance.api.middleware.version_negotiation [None req-a5679dc1-455e-49be-9b8b-e1bbf653a803 admin admin] new path /v2/images/ac0c1817-4e0c-40ba-af13-727a965bfccf {{(pid=124446) process_request /opt/stack/glance/glance/api/middleware/version_negotiation.py:70}}
Mar 29 01:29:43 ubuntu devstack@g-api.service[124446]: [pid: 124446|app: 0|req: 6/10] 127.0.0.1 () {36 vars in 789 bytes} [Tue Mar 29 01:29:43 2022] GET /v2/images/ac0c1817-4e0c-40ba-af13-727a965bfccf => generated 976 bytes in 55 msecs (HTTP/1.1 200) 4 headers in 157 bytes (1 switches on core 0)
Mar 29 01:31:17 ubuntu devstack@g-api.service[124445]: DEBUG glance.api.middleware.version_negotiation [None req-881bc613-f774-4bf1-aa41-cb297f409bf6 admin admin] Determining version of request: GET /v1 Accept: application/json {{(pid=124445) process_request /opt/stack/glance/glance/api/middleware/version_negotiation.py:44}}
Mar 29 01:31:17 ubuntu devstack@g-api.service[124445]: DEBUG glance.api.middleware.version_negotiation [None req-881bc613-f774-4bf1-aa41-cb297f409bf6 admin admin] Using url versioning {{(pid=124445) process_request /opt/stack/glance/glance/api/middleware/version_negotiation.py:57}}
Mar 29 01:31:17 ubuntu devstack@g-api.service[124445]: DEBUG glance.api.middleware.version_negotiation [None req-881bc613-f774-4bf1-aa41-cb297f409bf6 admin admin] Unknown version. Returning version choices. {{(pid=124445) process_request /opt/stack/glance/glance/api/middleware/version_negotiation.py:64}}
Mar 29 01:31:17 ubuntu devstack@g-api.service[124445]: [pid: 124445|app: 0|req: 5/11] 127.0.0.1 () {38 vars in 685 bytes} [Tue Mar 29 01:31:17 2022] GET /v1 => generated 1213 bytes in 3 msecs (HTTP/1.1 300) 3 headers in 106 bytes (1 switches on core 0)
Mar 29 01:33:39 ubuntu devstack@g-api.service[124446]: DEBUG glance.api.middleware.version_negotiation [None req-6b046959-030a-4366-801a-aae1c0957f52 admin admin] Determining version of request: GET /versions Accept: */* {{(pid=124446) process_request /opt/stack/glance/glance/api/middleware/version_negotiation.py:44}}
Mar 29 01:33:39 ubuntu devstack@g-api.service[124446]: [pid: 124446|app: 0|req: 7/12] 127.0.0.1 () {38 vars in 695 bytes} [Tue Mar 29 01:33:39 2022] GET /versions => generated 1213 bytes in 4 msecs (HTTP/1.1 200) 3 headers in 92 bytes (1 switches on core 0)
Mar 29 01:33:39 ubuntu devstack@g-api.service[124445]: DEBUG glance.api.middleware.version_negotiation [None req-881bc613-f774-4bf1-aa41-cb297f409bf6 admin admin] Determining version of request: GET /v2/schemas/image Accept: */* {{(pid=124445) process_request /opt/stack/glance/glance/api/middleware/version_negotiation.py:44}}
Mar 29 01:33:39 ubuntu devstack@g-api.service[124445]: DEBUG glance.api.middleware.version_negotiation [None req-881bc613-f774-4bf1-aa41-cb297f409bf6 admin admin] Using url versioning {{(pid=124445) process_request /opt/stack/glance/glance/api/middleware/version_negotiation.py:57}}
Mar 29 01:33:39 ubuntu devstack@g-api.service[124445]: DEBUG glance.api.middleware.version_negotiation [None req-881bc613-f774-4bf1-aa41-cb297f409bf6 admin admin] Matched version: v2 {{(pid=124445) process_request /opt/stack/glance/glance/api/middleware/version_negotiation.py:69}}
Mar 29 01:33:39 ubuntu devstack@g-api.service[124445]: DEBUG glance.api.middleware.version_negotiation [None req-881bc613-f774-4bf1-aa41-cb297f409bf6 admin admin] new path /v2/schemas/image {{(pid=124445) process_request /opt/stack/glance/glance/api/middleware/version_negotiation.py:70}}
Mar 29 01:33:39 ubuntu devstack@g-api.service[124445]: [pid: 124445|app: 0|req: 6/13] 127.0.0.1 () {38 vars in 711 bytes} [Tue Mar 29 01:33:39 2022] GET /v2/schemas/image => generated 6083 bytes in 82 msecs (HTTP/1.1 200) 4 headers in 158 bytes (1 switches on core 0)
Mar 29 01:33:39 ubuntu devstack@g-api.service[124446]: DEBUG glance.api.middleware.version_negotiation [None req-6b046959-030a-4366-801a-aae1c0957f52 admin admin] Determining version of request: GET /v2/schemas/metadefs/namespace Accept: */* {{(pid=124446) process_request /opt/stack/glance/glance/api/middleware/version_negotiation.py:44}}
Mar 29 01:33:39 ubuntu devstack@g-api.service[124446]: DEBUG glance.api.middleware.version_negotiation [None req-6b046959-030a-4366-801a-aae1c0957f52 admin admin] Using url versioning {{(pid=124446) process_request /opt/stack/glance/glance/api/middleware/version_negotiation.py:57}}
Mar 29 01:33:39 ubuntu devstack@g-api.service[124446]: DEBUG glance.api.middleware.version_negotiation [None req-6b046959-030a-4366-801a-aae1c0957f52 admin admin] Matched version: v2 {{(pid=124446) process_request /opt/stack/glance/glance/api/middleware/version_negotiation.py:69}}
Mar 29 01:33:39 ubuntu devstack@g-api.service[124446]: DEBUG glance.api.middleware.version_negotiation [None req-6b046959-030a-4366-801a-aae1c0957f52 admin admin] new path /v2/schemas/metadefs/namespace {{(pid=124446) process_request /opt/stack/glance/glance/api/middleware/version_negotiation.py:70}}
Mar 29 01:33:39 ubuntu devstack@g-api.service[124446]: [pid: 124446|app: 0|req: 8/14] 127.0.0.1 () {38 vars in 737 bytes} [Tue Mar 29 01:33:39 2022] GET /v2/schemas/metadefs/namespace => generated 3100 bytes in 8 msecs (HTTP/1.1 200) 4 headers in 158 bytes (1 switches on core 0)
Mar 29 01:33:39 ubuntu devstack@g-api.service[124445]: DEBUG glance.api.middleware.version_negotiation [None req-14c4ba3f-40d1-41a4-b68c-58d6975caae0 admin admin] Determining version of request: GET /v2/schemas/metadefs/resource_type Accept: */* {{(pid=124445) process_request /opt/stack/glance/glance/api/middleware/version_negotiation.py:44}}
Mar 29 01:33:39 ubuntu devstack@g-api.service[124445]: DEBUG glance.api.middleware.version_negotiation [None req-14c4ba3f-40d1-41a4-b68c-58d6975caae0 admin admin] Using url versioning {{(pid=124445) process_request /opt/stack/glance/glance/api/middleware/version_negotiation.py:57}}
Mar 29 01:33:39 ubuntu devstack@g-api.service[124445]: DEBUG glance.api.middleware.version_negotiation [None req-14c4ba3f-40d1-41a4-b68c-58d6975caae0 admin admin] Matched version: v2 {{(pid=124445) process_request /opt/stack/glance/glance/api/middleware/version_negotiation.py:69}}
Mar 29 01:33:39 ubuntu devstack@g-api.service[124445]: DEBUG glance.api.middleware.version_negotiation [None req-14c4ba3f-40d1-41a4-b68c-58d6975caae0 admin admin] new path /v2/schemas/metadefs/resource_type {{(pid=124445) process_request /opt/stack/glance/glance/api/middleware/version_negotiation.py:70}}
Mar 29 01:33:39 ubuntu devstack@g-api.service[124445]: [pid: 124445|app: 0|req: 7/15] 127.0.0.1 () {38 vars in 745 bytes} [Tue Mar 29 01:33:39 2022] GET /v2/schemas/metadefs/resource_type => generated 1262 bytes in 5 msecs (HTTP/1.1 200) 4 headers in 158 bytes (1 switches on core 0)
Mar 29 01:33:39 ubuntu devstack@g-api.service[124446]: DEBUG glance.api.middleware.version_negotiation [None req-5344eae4-42ad-4068-a075-ae439058198b admin admin] Determining version of request: GET /v2/images Accept: */* {{(pid=124446) process_request /opt/stack/glance/glance/api/middleware/version_negotiation.py:44}}
Mar 29 01:33:39 ubuntu devstack@g-api.service[124446]: DEBUG glance.api.middleware.version_negotiation [None req-5344eae4-42ad-4068-a075-ae439058198b admin admin] Using url versioning {{(pid=124446) process_request /opt/stack/glance/glance/api/middleware/version_negotiation.py:57}}
Mar 29 01:33:39 ubuntu devstack@g-api.service[124446]: DEBUG glance.api.middleware.version_negotiation [None req-5344eae4-42ad-4068-a075-ae439058198b admin admin] Matched version: v2 {{(pid=124446) process_request /opt/stack/glance/glance/api/middleware/version_negotiation.py:69}}
Mar 29 01:33:39 ubuntu devstack@g-api.service[124446]: DEBUG glance.api.middleware.version_negotiation [None req-5344eae4-42ad-4068-a075-ae439058198b admin admin] new path /v2/images {{(pid=124446) process_request /opt/stack/glance/glance/api/middleware/version_negotiation.py:70}}
Mar 29 01:33:39 ubuntu devstack@g-api.service[124446]: [pid: 124446|app: 0|req: 9/16] 127.0.0.1 () {38 vars in 768 bytes} [Tue Mar 29 01:33:39 2022] GET /v2/images?limit=20&sort_key=name&sort_dir=asc => generated 1081 bytes in 86 msecs (HTTP/1.1 200) 4 headers in 158 bytes (1 switches on core 0)
Mar 29 01:33:39 ubuntu devstack@g-api.service[124445]: DEBUG glance.api.middleware.version_negotiation [None req-5e2acb1f-3554-46f0-a6fa-e47d7204164f admin admin] Determining version of request: GET /v2/schemas/image Accept: */* {{(pid=124445) process_request /opt/stack/glance/glance/api/middleware/version_negotiation.py:44}}
Mar 29 01:33:39 ubuntu devstack@g-api.service[124445]: DEBUG glance.api.middleware.version_negotiation [None req-5e2acb1f-3554-46f0-a6fa-e47d7204164f admin admin] Using url versioning {{(pid=124445) process_request /opt/stack/glance/glance/api/middleware/version_negotiation.py:57}}
Mar 29 01:33:39 ubuntu devstack@g-api.service[124445]: DEBUG glance.api.middleware.version_negotiation [None req-5e2acb1f-3554-46f0-a6fa-e47d7204164f admin admin] Matched version: v2 {{(pid=124445) process_request /opt/stack/glance/glance/api/middleware/version_negotiation.py:69}}
Mar 29 01:33:39 ubuntu devstack@g-api.service[124445]: DEBUG glance.api.middleware.version_negotiation [None req-5e2acb1f-3554-46f0-a6fa-e47d7204164f admin admin] new path /v2/schemas/image {{(pid=124445) process_request /opt/stack/glance/glance/api/middleware/version_negotiation.py:70}}
Mar 29 01:33:39 ubuntu devstack@g-api.service[124445]: [pid: 124445|app: 0|req: 8/17] 127.0.0.1 () {38 vars in 711 bytes} [Tue Mar 29 01:33:39 2022] GET /v2/schemas/image => generated 6083 bytes in 9 msecs (HTTP/1.1 200) 4 headers in 158 bytes (1 switches on core 0)
Mar 29 01:33:45 ubuntu devstack@g-api.service[124446]: DEBUG oslo_concurrency.lockutils [-] Acquired lock "glance-cache" {{(pid=124446) lock /usr/local/lib/python3.8/dist-packages/oslo_concurrency/lockutils.py:294}}
Mar 29 01:33:45 ubuntu devstack@g-api.service[124446]: DEBUG oslo_concurrency.lockutils [-] Acquired external semaphore "glance-cache" {{(pid=124446) lock /usr/local/lib/python3.8/dist-packages/oslo_concurrency/lockutils.py:302}}
Mar 29 01:33:45 ubuntu devstack@g-api.service[124446]: DEBUG glance.image_cache.prefetcher [-] Nothing to prefetch. {{(pid=124446) run /opt/stack/glance/glance/image_cache/prefetcher.py:79}}
Mar 29 01:33:45 ubuntu devstack@g-api.service[124446]: DEBUG oslo_concurrency.lockutils [-] Releasing lock "glance-cache" {{(pid=124446) lock /usr/local/lib/python3.8/dist-packages/oslo_concurrency/lockutils.py:312}}
Mar 29 01:33:45 ubuntu devstack@g-api.service[124445]: DEBUG oslo_concurrency.lockutils [-] Acquired lock "glance-cache" {{(pid=124445) lock /usr/local/lib/python3.8/dist-packages/oslo_concurrency/lockutils.py:294}}
Mar 29 01:33:45 ubuntu devstack@g-api.service[124445]: DEBUG oslo_concurrency.lockutils [-] Acquired external semaphore "glance-cache" {{(pid=124445) lock /usr/local/lib/python3.8/dist-packages/oslo_concurrency/lockutils.py:302}}
Mar 29 01:33:45 ubuntu devstack@g-api.service[124445]: DEBUG glance.image_cache.prefetcher [-] Nothing to prefetch. {{(pid=124445) run /opt/stack/glance/glance/image_cache/prefetcher.py:79}}
Mar 29 01:33:45 ubuntu devstack@g-api.service[124445]: DEBUG oslo_concurrency.lockutils [-] Releasing lock "glance-cache" {{(pid=124445) lock /usr/local/lib/python3.8/dist-packages/oslo_concurrency/lockutils.py:312}}
Mar 29 01:33:49 ubuntu devstack@g-api.service[124446]: DEBUG glance.api.middleware.version_negotiation [None req-830e810d-bb00-4165-bad6-e29106ac4171 admin admin] Determining version of request: GET / Accept: application/json {{(pid=124446) process_request /opt/stack/glance/glance/api/middleware/version_negotiation.py:44}}
Mar 29 01:33:49 ubuntu devstack@g-api.service[124446]: DEBUG glance.api.middleware.version_negotiation [None req-830e810d-bb00-4165-bad6-e29106ac4171 admin admin] Using url versioning {{(pid=124446) process_request /opt/stack/glance/glance/api/middleware/version_negotiation.py:57}}
Mar 29 01:33:49 ubuntu devstack@g-api.service[124446]: DEBUG glance.api.middleware.version_negotiation [None req-830e810d-bb00-4165-bad6-e29106ac4171 admin admin] Unknown version. Returning version choices. {{(pid=124446) process_request /opt/stack/glance/glance/api/middleware/version_negotiation.py:64}}
Mar 29 01:33:49 ubuntu devstack@g-api.service[124446]: [pid: 124446|app: 0|req: 10/18] 127.0.0.1 () {34 vars in 492 bytes} [Tue Mar 29 01:33:49 2022] GET / => generated 1213 bytes in 5 msecs (HTTP/1.1 300) 3 headers in 106 bytes (1 switches on core 0)
Mar 29 01:33:49 ubuntu devstack@g-api.service[124445]: DEBUG glance.api.middleware.version_negotiation [None req-7c093cde-79d1-4ba0-8e8a-b493de905f34 admin admin] Determining version of request: GET /v2/images/ac0c1817-4e0c-40ba-af13-727a965bfccf Accept: */* {{(pid=124445) process_request /opt/stack/glance/glance/api/middleware/version_negotiation.py:44}}
Mar 29 01:33:49 ubuntu devstack@g-api.service[124445]: DEBUG glance.api.middleware.version_negotiation [None req-7c093cde-79d1-4ba0-8e8a-b493de905f34 admin admin] Using url versioning {{(pid=124445) process_request /opt/stack/glance/glance/api/middleware/version_negotiation.py:57}}
Mar 29 01:33:49 ubuntu devstack@g-api.service[124445]: DEBUG glance.api.middleware.version_negotiation [None req-7c093cde-79d1-4ba0-8e8a-b493de905f34 admin admin] Matched version: v2 {{(pid=124445) process_request /opt/stack/glance/glance/api/middleware/version_negotiation.py:69}}
Mar 29 01:33:49 ubuntu devstack@g-api.service[124445]: DEBUG glance.api.middleware.version_negotiation [None req-7c093cde-79d1-4ba0-8e8a-b493de905f34 admin admin] new path /v2/images/ac0c1817-4e0c-40ba-af13-727a965bfccf {{(pid=124445) process_request /opt/stack/glance/glance/api/middleware/version_negotiation.py:70}}
Mar 29 01:33:50 ubuntu devstack@g-api.service[124445]: WARNING keystonemiddleware.auth_token [None req-7c093cde-79d1-4ba0-8e8a-b493de905f34 admin admin] A valid token was submitted as a service token, but it was not a valid service token. This is incorrect but backwards compatible behaviour. This will be removed in future releases.
Mar 29 01:33:50 ubuntu devstack@g-api.service[124445]: [pid: 124445|app: 0|req: 9/19] 127.0.0.1 () {42 vars in 1049 bytes} [Tue Mar 29 01:33:49 2022] GET /v2/images/ac0c1817-4e0c-40ba-af13-727a965bfccf => generated 976 bytes in 167 msecs (HTTP/1.1 200) 4 headers in 157 bytes (1 switches on core 0)
Mar 29 01:33:50 ubuntu devstack@g-api.service[124446]: DEBUG glance.api.middleware.version_negotiation [None req-830e810d-bb00-4165-bad6-e29106ac4171 admin admin] Determining version of request: GET /v2/schemas/image Accept: */* {{(pid=124446) process_request /opt/stack/glance/glance/api/middleware/version_negotiation.py:44}}
Mar 29 01:33:50 ubuntu devstack@g-api.service[124446]: DEBUG glance.api.middleware.version_negotiation [None req-830e810d-bb00-4165-bad6-e29106ac4171 admin admin] Using url versioning {{(pid=124446) process_request /opt/stack/glance/glance/api/middleware/version_negotiation.py:57}}
Mar 29 01:33:50 ubuntu devstack@g-api.service[124446]: DEBUG glance.api.middleware.version_negotiation [None req-830e810d-bb00-4165-bad6-e29106ac4171 admin admin] Matched version: v2 {{(pid=124446) process_request /opt/stack/glance/glance/api/middleware/version_negotiation.py:69}}
Mar 29 01:33:50 ubuntu devstack@g-api.service[124446]: DEBUG glance.api.middleware.version_negotiation [None req-830e810d-bb00-4165-bad6-e29106ac4171 admin admin] new path /v2/schemas/image {{(pid=124446) process_request /opt/stack/glance/glance/api/middleware/version_negotiation.py:70}}
Mar 29 01:33:50 ubuntu devstack@g-api.service[124446]: WARNING keystonemiddleware.auth_token [None req-830e810d-bb00-4165-bad6-e29106ac4171 admin admin] A valid token was submitted as a service token, but it was not a valid service token. This is incorrect but backwards compatible behaviour. This will be removed in future releases.
Mar 29 01:33:50 ubuntu devstack@g-api.service[124446]: [pid: 124446|app: 0|req: 11/20] 127.0.0.1 () {42 vars in 989 bytes} [Tue Mar 29 01:33:50 2022] GET /v2/schemas/image => generated 6083 bytes in 8 msecs (HTTP/1.1 200) 4 headers in 158 bytes (1 switches on core 0)
Mar 29 01:33:51 ubuntu devstack@g-api.service[124445]: DEBUG glance.api.middleware.version_negotiation [None req-b43699e6-1c15-41c3-a48a-e442448c228e tempest-UpdateMultiattachVolumeNegativeTest-1914717089 tempest-UpdateMultiattachVolumeNegativeTest-1914717089-project] Determining version of request: GET /v2/images/ac0c1817-4e0c-40ba-af13-727a965bfccf Accept: */* {{(pid=124445) process_request /opt/stack/glance/glance/api/middleware/version_negotiation.py:44}}
Mar 29 01:33:51 ubuntu devstack@g-api.service[124445]: DEBUG glance.api.middleware.version_negotiation [None req-b43699e6-1c15-41c3-a48a-e442448c228e tempest-UpdateMultiattachVolumeNegativeTest-1914717089 tempest-UpdateMultiattachVolumeNegativeTest-1914717089-project] Using url versioning {{(pid=124445) process_request /opt/stack/glance/glance/api/middleware/version_negotiation.py:57}}
Mar 29 01:33:51 ubuntu devstack@g-api.service[124445]: DEBUG glance.api.middleware.version_negotiation [None req-b43699e6-1c15-41c3-a48a-e442448c228e tempest-UpdateMultiattachVolumeNegativeTest-1914717089 tempest-UpdateMultiattachVolumeNegativeTest-1914717089-project] Matched version: v2 {{(pid=124445) process_request /opt/stack/glance/glance/api/middleware/version_negotiation.py:69}}
Mar 29 01:33:51 ubuntu devstack@g-api.service[124445]: DEBUG glance.api.middleware.version_negotiation [None req-b43699e6-1c15-41c3-a48a-e442448c228e tempest-UpdateMultiattachVolumeNegativeTest-1914717089 tempest-UpdateMultiattachVolumeNegativeTest-1914717089-project] new path /v2/images/ac0c1817-4e0c-40ba-af13-727a965bfccf {{(pid=124445) process_request /opt/stack/glance/glance/api/middleware/version_negotiation.py:70}}
Mar 29 01:33:51 ubuntu devstack@g-api.service[124445]: [pid: 124445|app: 0|req: 10/21] 127.0.0.1 () {42 vars in 1049 bytes} [Tue Mar 29 01:33:51 2022] GET /v2/images/ac0c1817-4e0c-40ba-af13-727a965bfccf => generated 976 bytes in 55 msecs (HTTP/1.1 200) 4 headers in 157 bytes (1 switches on core 0)
Mar 29 01:33:51 ubuntu devstack@g-api.service[124446]: DEBUG glance.api.middleware.version_negotiation [None req-b43699e6-1c15-41c3-a48a-e442448c228e tempest-UpdateMultiattachVolumeNegativeTest-1914717089 tempest-UpdateMultiattachVolumeNegativeTest-1914717089-project] Determining version of request: GET /v2/images/ac0c1817-4e0c-40ba-af13-727a965bfccf/file Accept: */* {{(pid=124446) process_request /opt/stack/glance/glance/api/middleware/version_negotiation.py:44}}
Mar 29 01:33:51 ubuntu devstack@g-api.service[124446]: DEBUG glance.api.middleware.version_negotiation [None req-b43699e6-1c15-41c3-a48a-e442448c228e tempest-UpdateMultiattachVolumeNegativeTest-1914717089 tempest-UpdateMultiattachVolumeNegativeTest-1914717089-project] Using url versioning {{(pid=124446) process_request /opt/stack/glance/glance/api/middleware/version_negotiation.py:57}}
Mar 29 01:33:51 ubuntu devstack@g-api.service[124446]: DEBUG glance.api.middleware.version_negotiation [None req-b43699e6-1c15-41c3-a48a-e442448c228e tempest-UpdateMultiattachVolumeNegativeTest-1914717089 tempest-UpdateMultiattachVolumeNegativeTest-1914717089-project] Matched version: v2 {{(pid=124446) process_request /opt/stack/glance/glance/api/middleware/version_negotiation.py:69}}
Mar 29 01:33:51 ubuntu devstack@g-api.service[124446]: DEBUG glance.api.middleware.version_negotiation [None req-b43699e6-1c15-41c3-a48a-e442448c228e tempest-UpdateMultiattachVolumeNegativeTest-1914717089 tempest-UpdateMultiattachVolumeNegativeTest-1914717089-project] new path /v2/images/ac0c1817-4e0c-40ba-af13-727a965bfccf/file {{(pid=124446) process_request /opt/stack/glance/glance/api/middleware/version_negotiation.py:70}}
Mar 29 01:33:51 ubuntu devstack@g-api.service[124446]: DEBUG glance_store.backend [None req-b43699e6-1c15-41c3-a48a-e442448c228e tempest-UpdateMultiattachVolumeNegativeTest-1914717089 tempest-UpdateMultiattachVolumeNegativeTest-1914717089-project] Attempting to import store swift {{(pid=124446) _load_store /usr/local/lib/python3.8/dist-packages/glance_store/backend.py:217}}
Mar 29 01:33:52 ubuntu devstack@g-api.service[124446]: DEBUG glance_store.capabilities [None req-b43699e6-1c15-41c3-a48a-e442448c228e tempest-UpdateMultiattachVolumeNegativeTest-1914717089 tempest-UpdateMultiattachVolumeNegativeTest-1914717089-project] Store glance_store._drivers.swift.store.SingleTenantStore doesn't support updating dynamic storage capabilities. Please overwrite 'update_capabilities' method of the store to implement updating logics if needed. {{(pid=124446) update_capabilities /usr/local/lib/python3.8/dist-packages/glance_store/capabilities.py:91}}
Mar 29 01:33:52 ubuntu devstack@g-api.service[124446]: DEBUG glance_store.driver [None req-b43699e6-1c15-41c3-a48a-e442448c228e tempest-UpdateMultiattachVolumeNegativeTest-1914717089 tempest-UpdateMultiattachVolumeNegativeTest-1914717089-project] Late loading location class glance_store._drivers.swift.store.StoreLocation {{(pid=124446) get_store_location_class /usr/local/lib/python3.8/dist-packages/glance_store/driver.py:117}}
Mar 29 01:33:52 ubuntu devstack@g-api.service[124446]: DEBUG glance_store.location [None req-b43699e6-1c15-41c3-a48a-e442448c228e tempest-UpdateMultiattachVolumeNegativeTest-1914717089 tempest-UpdateMultiattachVolumeNegativeTest-1914717089-project] Registering scheme swift+https with {'store': <glance_store._drivers.swift.store.SingleTenantStore object at 0x7f3842638fd0>, 'location_class': <class 'glance_store._drivers.swift.store.StoreLocation'>, 'store_entry': 'swift'} {{(pid=124446) register_scheme_map /usr/local/lib/python3.8/dist-packages/glance_store/location.py:146}}
Mar 29 01:33:52 ubuntu devstack@g-api.service[124446]: DEBUG glance_store.location [None req-b43699e6-1c15-41c3-a48a-e442448c228e tempest-UpdateMultiattachVolumeNegativeTest-1914717089 tempest-UpdateMultiattachVolumeNegativeTest-1914717089-project] Registering scheme swift+https with {'store': <glance_store._drivers.swift.store.SingleTenantStore object at 0x7f3842638fd0>, 'location_class': <class 'glance_store._drivers.swift.store.StoreLocation'>, 'store_entry': 'swift'} {{(pid=124446) register_scheme_map /usr/local/lib/python3.8/dist-packages/glance_store/location.py:146}}
Mar 29 01:33:52 ubuntu devstack@g-api.service[124446]: DEBUG glance_store.location [None req-b43699e6-1c15-41c3-a48a-e442448c228e tempest-UpdateMultiattachVolumeNegativeTest-1914717089 tempest-UpdateMultiattachVolumeNegativeTest-1914717089-project] Registering scheme swift with {'store': <glance_store._drivers.swift.store.SingleTenantStore object at 0x7f3842638fd0>, 'location_class': <class 'glance_store._drivers.swift.store.StoreLocation'>, 'store_entry': 'swift'} {{(pid=124446) register_scheme_map /usr/local/lib/python3.8/dist-packages/glance_store/location.py:146}}
Mar 29 01:33:52 ubuntu devstack@g-api.service[124446]: DEBUG glance_store.location [None req-b43699e6-1c15-41c3-a48a-e442448c228e tempest-UpdateMultiattachVolumeNegativeTest-1914717089 tempest-UpdateMultiattachVolumeNegativeTest-1914717089-project] Registering scheme swift+https with {'store': <glance_store._drivers.swift.store.SingleTenantStore object at 0x7f3842638fd0>, 'location_class': <class 'glance_store._drivers.swift.store.StoreLocation'>, 'store_entry': 'swift'} {{(pid=124446) register_scheme_map /usr/local/lib/python3.8/dist-packages/glance_store/location.py:146}}
Mar 29 01:33:52 ubuntu devstack@g-api.service[124446]: DEBUG glance_store.location [None req-b43699e6-1c15-41c3-a48a-e442448c228e tempest-UpdateMultiattachVolumeNegativeTest-1914717089 tempest-UpdateMultiattachVolumeNegativeTest-1914717089-project] Registering scheme swift with {'store': <glance_store._drivers.swift.store.SingleTenantStore object at 0x7f3842638fd0>, 'location_class': <class 'glance_store._drivers.swift.store.StoreLocation'>, 'store_entry': 'swift'} {{(pid=124446) register_scheme_map /usr/local/lib/python3.8/dist-packages/glance_store/location.py:146}}
Mar 29 01:33:52 ubuntu devstack@g-api.service[124446]: DEBUG glance_store.location [None req-b43699e6-1c15-41c3-a48a-e442448c228e tempest-UpdateMultiattachVolumeNegativeTest-1914717089 tempest-UpdateMultiattachVolumeNegativeTest-1914717089-project] Registering scheme swift+http with {'store': <glance_store._drivers.swift.store.SingleTenantStore object at 0x7f3842638fd0>, 'location_class': <class 'glance_store._drivers.swift.store.StoreLocation'>, 'store_entry': 'swift'} {{(pid=124446) register_scheme_map /usr/local/lib/python3.8/dist-packages/glance_store/location.py:146}}
Mar 29 01:33:52 ubuntu devstack@g-api.service[124446]: DEBUG glance_store.location [None req-b43699e6-1c15-41c3-a48a-e442448c228e tempest-UpdateMultiattachVolumeNegativeTest-1914717089 tempest-UpdateMultiattachVolumeNegativeTest-1914717089-project] Registering scheme swift+https with {'store': <glance_store._drivers.swift.store.SingleTenantStore object at 0x7f3842638fd0>, 'location_class': <class 'glance_store._drivers.swift.store.StoreLocation'>, 'store_entry': 'swift'} {{(pid=124446) register_scheme_map /usr/local/lib/python3.8/dist-packages/glance_store/location.py:146}}
Mar 29 01:33:52 ubuntu devstack@g-api.service[124446]: DEBUG glance_store.location [None req-b43699e6-1c15-41c3-a48a-e442448c228e tempest-UpdateMultiattachVolumeNegativeTest-1914717089 tempest-UpdateMultiattachVolumeNegativeTest-1914717089-project] Registering scheme swift with {'store': <glance_store._drivers.swift.store.SingleTenantStore object at 0x7f3842638fd0>, 'location_class': <class 'glance_store._drivers.swift.store.StoreLocation'>, 'store_entry': 'swift'} {{(pid=124446) register_scheme_map /usr/local/lib/python3.8/dist-packages/glance_store/location.py:146}}
Mar 29 01:33:52 ubuntu devstack@g-api.service[124446]: DEBUG glance_store.location [None req-b43699e6-1c15-41c3-a48a-e442448c228e tempest-UpdateMultiattachVolumeNegativeTest-1914717089 tempest-UpdateMultiattachVolumeNegativeTest-1914717089-project] Registering scheme swift+http with {'store': <glance_store._drivers.swift.store.SingleTenantStore object at 0x7f3842638fd0>, 'location_class': <class 'glance_store._drivers.swift.store.StoreLocation'>, 'store_entry': 'swift'} {{(pid=124446) register_scheme_map /usr/local/lib/python3.8/dist-packages/glance_store/location.py:146}}
Mar 29 01:33:52 ubuntu devstack@g-api.service[124446]: DEBUG glance_store.location [None req-b43699e6-1c15-41c3-a48a-e442448c228e tempest-UpdateMultiattachVolumeNegativeTest-1914717089 tempest-UpdateMultiattachVolumeNegativeTest-1914717089-project] Registering scheme swift+config with {'store': <glance_store._drivers.swift.store.SingleTenantStore object at 0x7f3842638fd0>, 'location_class': <class 'glance_store._drivers.swift.store.StoreLocation'>, 'store_entry': 'swift'} {{(pid=124446) register_scheme_map /usr/local/lib/python3.8/dist-packages/glance_store/location.py:146}}
Mar 29 01:33:52 ubuntu devstack@g-api.service[124446]: DEBUG swiftclient [None req-b43699e6-1c15-41c3-a48a-e442448c228e tempest-UpdateMultiattachVolumeNegativeTest-1914717089 tempest-UpdateMultiattachVolumeNegativeTest-1914717089-project] REQ: curl -i http://192.168.79.50:8080/v1/AUTH_092dcb4c94ed438d8c5144e126d581b2/glance/ac0c1817-4e0c-40ba-af13-727a965bfccf -X GET -H "X-Auth-Token: gAAAAABiQmIAvWlW..." {{(pid=124446) http_log /usr/local/lib/python3.8/dist-packages/swiftclient/client.py:187}}
Mar 29 01:33:52 ubuntu devstack@g-api.service[124446]: DEBUG swiftclient [None req-b43699e6-1c15-41c3-a48a-e442448c228e tempest-UpdateMultiattachVolumeNegativeTest-1914717089 tempest-UpdateMultiattachVolumeNegativeTest-1914717089-project] RESP STATUS: 200 OK {{(pid=124446) http_log /usr/local/lib/python3.8/dist-packages/swiftclient/client.py:188}}
Mar 29 01:33:52 ubuntu devstack@g-api.service[124446]: DEBUG swiftclient [None req-b43699e6-1c15-41c3-a48a-e442448c228e tempest-UpdateMultiattachVolumeNegativeTest-1914717089 tempest-UpdateMultiattachVolumeNegativeTest-1914717089-project] RESP HEADERS: {'Content-Type': 'application/octet-stream', 'Etag': '1d3062cd89af34e419f7100277f38b2b', 'Last-Modified': 'Tue, 29 Mar 2022 01:28:58 GMT', 'X-Timestamp': '1648517337.64470', 'Accept-Ranges': 'bytes', 'Content-Length': '16338944', 'X-Trans-Id': 'tx29c7d8bc790c43f2a604f-0062426200', 'X-Openstack-Request-Id': 'tx29c7d8bc790c43f2a604f-0062426200', 'Date': 'Tue, 29 Mar 2022 01:33:52 GMT'} {{(pid=124446) http_log /usr/local/lib/python3.8/dist-packages/swiftclient/client.py:189}}
Mar 29 01:33:52 ubuntu devstack@g-api.service[124446]: DEBUG glance.image_cache [None req-b43699e6-1c15-41c3-a48a-e442448c228e tempest-UpdateMultiattachVolumeNegativeTest-1914717089 tempest-UpdateMultiattachVolumeNegativeTest-1914717089-project] Tee'ing image 'ac0c1817-4e0c-40ba-af13-727a965bfccf' into cache {{(pid=124446) get_caching_iter /opt/stack/glance/glance/image_cache/__init__.py:343}}
Mar 29 01:33:52 ubuntu devstack@g-api.service[124446]: DEBUG glance.image_cache.drivers.sqlite [None req-b43699e6-1c15-41c3-a48a-e442448c228e tempest-UpdateMultiattachVolumeNegativeTest-1914717089 tempest-UpdateMultiattachVolumeNegativeTest-1914717089-project] Fetch finished, moving '/opt/stack/data/glance/cache/incomplete/ac0c1817-4e0c-40ba-af13-727a965bfccf' to '/opt/stack/data/glance/cache/ac0c1817-4e0c-40ba-af13-727a965bfccf' {{(pid=124446) commit /opt/stack/glance/glance/image_cache/drivers/sqlite.py:324}}
Mar 29 01:33:52 ubuntu devstack@g-api.service[124446]: [pid: 124446|app: 0|req: 12/22] 127.0.0.1 () {42 vars in 1059 bytes} [Tue Mar 29 01:33:51 2022] GET /v2/images/ac0c1817-4e0c-40ba-af13-727a965bfccf/file => generated 16338944 bytes in 357 msecs (HTTP/1.1 200) 4 headers in 191 bytes (250 switches on core 0)
Mar 29 01:33:58 ubuntu devstack@g-api.service[124445]: DEBUG glance.api.middleware.version_negotiation [None req-b43699e6-1c15-41c3-a48a-e442448c228e tempest-UpdateMultiattachVolumeNegativeTest-1914717089 tempest-UpdateMultiattachVolumeNegativeTest-1914717089-project] Determining version of request: GET / Accept: application/json {{(pid=124445) process_request /opt/stack/glance/glance/api/middleware/version_negotiation.py:44}}
Mar 29 01:33:58 ubuntu devstack@g-api.service[124445]: DEBUG glance.api.middleware.version_negotiation [None req-b43699e6-1c15-41c3-a48a-e442448c228e tempest-UpdateMultiattachVolumeNegativeTest-1914717089 tempest-UpdateMultiattachVolumeNegativeTest-1914717089-project] Using url versioning {{(pid=124445) process_request /opt/stack/glance/glance/api/middleware/version_negotiation.py:57}}
Mar 29 01:33:58 ubuntu devstack@g-api.service[124445]: DEBUG glance.api.middleware.version_negotiation [None req-b43699e6-1c15-41c3-a48a-e442448c228e tempest-UpdateMultiattachVolumeNegativeTest-1914717089 tempest-UpdateMultiattachVolumeNegativeTest-1914717089-project] Unknown version. Returning version choices. {{(pid=124445) process_request /opt/stack/glance/glance/api/middleware/version_negotiation.py:64}}
Mar 29 01:33:58 ubuntu devstack@g-api.service[124445]: [pid: 124445|app: 0|req: 11/23] 127.0.0.1 () {34 vars in 492 bytes} [Tue Mar 29 01:33:58 2022] GET / => generated 1213 bytes in 2 msecs (HTTP/1.1 300) 3 headers in 106 bytes (1 switches on core 0)
Mar 29 01:33:58 ubuntu devstack@g-api.service[124446]: DEBUG glance.api.middleware.version_negotiation [None req-b43699e6-1c15-41c3-a48a-e442448c228e tempest-UpdateMultiattachVolumeNegativeTest-1914717089 tempest-UpdateMultiattachVolumeNegativeTest-1914717089-project] Determining version of request: GET /v2/images/ac0c1817-4e0c-40ba-af13-727a965bfccf Accept: */* {{(pid=124446) process_request /opt/stack/glance/glance/api/middleware/version_negotiation.py:44}}
Mar 29 01:33:58 ubuntu devstack@g-api.service[124446]: DEBUG glance.api.middleware.version_negotiation [None req-b43699e6-1c15-41c3-a48a-e442448c228e tempest-UpdateMultiattachVolumeNegativeTest-1914717089 tempest-UpdateMultiattachVolumeNegativeTest-1914717089-project] Using url versioning {{(pid=124446) process_request /opt/stack/glance/glance/api/middleware/version_negotiation.py:57}}
Mar 29 01:33:58 ubuntu devstack@g-api.service[124446]: DEBUG glance.api.middleware.version_negotiation [None req-b43699e6-1c15-41c3-a48a-e442448c228e tempest-UpdateMultiattachVolumeNegativeTest-1914717089 tempest-UpdateMultiattachVolumeNegativeTest-1914717089-project] Matched version: v2 {{(pid=124446) process_request /opt/stack/glance/glance/api/middleware/version_negotiation.py:69}}
Mar 29 01:33:58 ubuntu devstack@g-api.service[124446]: DEBUG glance.api.middleware.version_negotiation [None req-b43699e6-1c15-41c3-a48a-e442448c228e tempest-UpdateMultiattachVolumeNegativeTest-1914717089 tempest-UpdateMultiattachVolumeNegativeTest-1914717089-project] new path /v2/images/ac0c1817-4e0c-40ba-af13-727a965bfccf {{(pid=124446) process_request /opt/stack/glance/glance/api/middleware/version_negotiation.py:70}}
Mar 29 01:33:58 ubuntu devstack@g-api.service[124446]: [pid: 124446|app: 0|req: 13/24] 127.0.0.1 () {42 vars in 1049 bytes} [Tue Mar 29 01:33:58 2022] GET /v2/images/ac0c1817-4e0c-40ba-af13-727a965bfccf => generated 976 bytes in 21 msecs (HTTP/1.1 200) 4 headers in 157 bytes (1 switches on core 0)
Mar 29 01:33:58 ubuntu devstack@g-api.service[124445]: DEBUG glance.api.middleware.version_negotiation [None req-b43699e6-1c15-41c3-a48a-e442448c228e tempest-UpdateMultiattachVolumeNegativeTest-1914717089 tempest-UpdateMultiattachVolumeNegativeTest-1914717089-project] Determining version of request: GET /v2/schemas/image Accept: */* {{(pid=124445) process_request /opt/stack/glance/glance/api/middleware/version_negotiation.py:44}}
Mar 29 01:33:58 ubuntu devstack@g-api.service[124445]: DEBUG glance.api.middleware.version_negotiation [None req-b43699e6-1c15-41c3-a48a-e442448c228e tempest-UpdateMultiattachVolumeNegativeTest-1914717089 tempest-UpdateMultiattachVolumeNegativeTest-1914717089-project] Using url versioning {{(pid=124445) process_request /opt/stack/glance/glance/api/middleware/version_negotiation.py:57}}
Mar 29 01:33:58 ubuntu devstack@g-api.service[124445]: DEBUG glance.api.middleware.version_negotiation [None req-b43699e6-1c15-41c3-a48a-e442448c228e tempest-UpdateMultiattachVolumeNegativeTest-1914717089 tempest-UpdateMultiattachVolumeNegativeTest-1914717089-project] Matched version: v2 {{(pid=124445) process_request /opt/stack/glance/glance/api/middleware/version_negotiation.py:69}}
Mar 29 01:33:58 ubuntu devstack@g-api.service[124445]: DEBUG glance.api.middleware.version_negotiation [None req-b43699e6-1c15-41c3-a48a-e442448c228e tempest-UpdateMultiattachVolumeNegativeTest-1914717089 tempest-UpdateMultiattachVolumeNegativeTest-1914717089-project] new path /v2/schemas/image {{(pid=124445) process_request /opt/stack/glance/glance/api/middleware/version_negotiation.py:70}}
Mar 29 01:33:58 ubuntu devstack@g-api.service[124445]: [pid: 124445|app: 0|req: 12/25] 127.0.0.1 () {42 vars in 989 bytes} [Tue Mar 29 01:33:58 2022] GET /v2/schemas/image => generated 6083 bytes in 5 msecs (HTTP/1.1 200) 4 headers in 158 bytes (1 switches on core 0)
Mar 29 01:34:32 ubuntu devstack@g-api.service[124446]: DEBUG glance.api.middleware.version_negotiation [None req-ed9c4428-3739-4784-9416-556364f26779 tempest-UpdateMultiattachVolumeNegativeTest-1914717089 tempest-UpdateMultiattachVolumeNegativeTest-1914717089-project] Determining version of request: GET /v2/images/ac0c1817-4e0c-40ba-af13-727a965bfccf Accept: */* {{(pid=124446) process_request /opt/stack/glance/glance/api/middleware/version_negotiation.py:44}}
Mar 29 01:34:32 ubuntu devstack@g-api.service[124446]: DEBUG glance.api.middleware.version_negotiation [None req-ed9c4428-3739-4784-9416-556364f26779 tempest-UpdateMultiattachVolumeNegativeTest-1914717089 tempest-UpdateMultiattachVolumeNegativeTest-1914717089-project] Using url versioning {{(pid=124446) process_request /opt/stack/glance/glance/api/middleware/version_negotiation.py:57}}
Mar 29 01:34:32 ubuntu devstack@g-api.service[124446]: DEBUG glance.api.middleware.version_negotiation [None req-ed9c4428-3739-4784-9416-556364f26779 tempest-UpdateMultiattachVolumeNegativeTest-1914717089 tempest-UpdateMultiattachVolumeNegativeTest-1914717089-project] Matched version: v2 {{(pid=124446) process_request /opt/stack/glance/glance/api/middleware/version_negotiation.py:69}}
Mar 29 01:34:32 ubuntu devstack@g-api.service[124446]: DEBUG glance.api.middleware.version_negotiation [None req-ed9c4428-3739-4784-9416-556364f26779 tempest-UpdateMultiattachVolumeNegativeTest-1914717089 tempest-UpdateMultiattachVolumeNegativeTest-1914717089-project] new path /v2/images/ac0c1817-4e0c-40ba-af13-727a965bfccf {{(pid=124446) process_request /opt/stack/glance/glance/api/middleware/version_negotiation.py:70}}
Mar 29 01:34:32 ubuntu devstack@g-api.service[124446]: [pid: 124446|app: 0|req: 14/26] 127.0.0.1 () {42 vars in 1049 bytes} [Tue Mar 29 01:34:32 2022] GET /v2/images/ac0c1817-4e0c-40ba-af13-727a965bfccf => generated 976 bytes in 18 msecs (HTTP/1.1 200) 4 headers in 157 bytes (1 switches on core 0)
