May 14 02:13:17 ubuntu devstack@c-api.service[128898]: DEBUG cinder.api.extensions [-] Ext description: Enable volume unmanage operation. {{(pid=128898) _check_extension /opt/stack/cinder/cinder/api/extensions.py:181}}
May 14 02:13:17 ubuntu devstack@c-api.service[128898]: DEBUG cinder.api.extensions [-] Ext updated: 2014-12-31T00:00:00+00:00 {{(pid=128898) _check_extension /opt/stack/cinder/cinder/api/extensions.py:183}}
May 14 02:13:17 ubuntu devstack@c-api.service[128898]: DEBUG cinder.api.extensions [-] Loaded extension: os-snapshot-unmanage {{(pid=128898) register /opt/stack/cinder/cinder/api/extensions.py:140}}
May 14 02:13:17 ubuntu devstack@c-api.service[128898]: DEBUG cinder.api.extensions [-] Loading extension cinder.api.contrib.volume_type_access.Volume_type_access {{(pid=128898) load_extension /opt/stack/cinder/cinder/api/extensions.py:199}}
May 14 02:13:17 ubuntu devstack@c-api.service[128898]: DEBUG cinder.api.extensions [-] Calling extension factory cinder.api.contrib.volume_type_access.Volume_type_access {{(pid=128898) load_extension /opt/stack/cinder/cinder/api/extensions.py:205}}
May 14 02:13:17 ubuntu devstack@c-api.service[128898]: DEBUG cinder.api.extensions [-] Ext name: VolumeTypeAccess {{(pid=128898) _check_extension /opt/stack/cinder/cinder/api/extensions.py:179}}
May 14 02:13:17 ubuntu devstack@c-api.service[128898]: DEBUG cinder.api.extensions [-] Ext alias: os-volume-type-access {{(pid=128898) _check_extension /opt/stack/cinder/cinder/api/extensions.py:180}}
May 14 02:13:17 ubuntu devstack@c-api.service[128898]: DEBUG cinder.api.extensions [-] Ext description: Volume type access support. {{(pid=128898) _check_extension /opt/stack/cinder/cinder/api/extensions.py:181}}
May 14 02:13:17 ubuntu devstack@c-api.service[128898]: DEBUG cinder.api.extensions [-] Ext updated: 2014-06-26T00:00:00Z {{(pid=128898) _check_extension /opt/stack/cinder/cinder/api/extensions.py:183}}
May 14 02:13:17 ubuntu devstack@c-api.service[128898]: DEBUG cinder.api.extensions [-] Loaded extension: os-volume-type-access {{(pid=128898) register /opt/stack/cinder/cinder/api/extensions.py:140}}
May 14 02:13:17 ubuntu devstack@c-api.service[128898]: DEBUG oslo_db.sqlalchemy.engines [None req-5acbba33-6eac-4a54-94a5-04b69d4833eb None None] MySQL server mode set to STRICT_TRANS_TABLES,STRICT_ALL_TABLES,NO_ZERO_IN_DATE,NO_ZERO_DATE,ERROR_FOR_DIVISION_BY_ZERO,TRADITIONAL,NO_ENGINE_SUBSTITUTION {{(pid=128898) _check_effective_sql_mode /usr/local/lib/python3.8/dist-packages/oslo_db/sqlalchemy/engines.py:314}}
May 14 02:13:17 ubuntu devstack@c-api.service[128899]: INFO cinder.rpc [None req-bc831c23-734c-4957-b194-74ab4d97b655 None None] Automatically selected cinder-scheduler objects version 1.39 as minimum service version.
May 14 02:13:17 ubuntu devstack@c-api.service[128899]: INFO cinder.rpc [None req-bc831c23-734c-4957-b194-74ab4d97b655 None None] Automatically selected cinder-scheduler RPC version 3.12 as minimum service version.
May 14 02:13:17 ubuntu devstack@c-api.service[128899]: INFO cinder.rpc [None req-bc831c23-734c-4957-b194-74ab4d97b655 None None] Automatically selected cinder-volume objects version 1.39 as minimum service version.
May 14 02:13:17 ubuntu devstack@c-api.service[128899]: INFO cinder.rpc [None req-bc831c23-734c-4957-b194-74ab4d97b655 None None] Automatically selected cinder-volume RPC version 3.18 as minimum service version.
May 14 02:13:17 ubuntu devstack@c-api.service[128899]: WARNING stevedore.named [None req-bc831c23-734c-4957-b194-74ab4d97b655 None None] Could not load cinder.keymgr.conf_key_mgr.ConfKeyManager
May 14 02:13:17 ubuntu devstack@c-api.service[128899]: WARNING castellan.key_manager [None req-bc831c23-734c-4957-b194-74ab4d97b655 None None] Deprecation Warning : cinder.keymgr.conf_key_mgr.ConfKeyManager is not a stevedore based driver, trying to load it as a class: stevedore.exception.NoMatches: No 'castellan.drivers' driver found, looking for 'cinder.keymgr.conf_key_mgr.ConfKeyManager'
May 14 02:13:17 ubuntu devstack@c-api.service[128899]: WARNING cinder.keymgr.conf_key_mgr [None req-bc831c23-734c-4957-b194-74ab4d97b655 None None] This key manager is insecure and is not recommended for production deployments: stevedore.exception.NoMatches: No 'castellan.drivers' driver found, looking for 'cinder.keymgr.conf_key_mgr.ConfKeyManager'
May 14 02:13:17 ubuntu devstack@c-api.service[128899]: /usr/local/lib/python3.8/dist-packages/oslo_db/sqlalchemy/enginefacade.py:355: OsloDBDeprecationWarning: EngineFacade is deprecated; please use oslo_db.sqlalchemy.enginefacade
May 14 02:13:17 ubuntu devstack@c-api.service[128899]:   self._legacy_facade = LegacyEngineFacade(None, _factory=self)
May 14 02:13:17 ubuntu devstack@c-api.service[128899]: DEBUG oslo_db.sqlalchemy.engines [None req-bc831c23-734c-4957-b194-74ab4d97b655 None None] MySQL server mode set to STRICT_TRANS_TABLES,STRICT_ALL_TABLES,NO_ZERO_IN_DATE,NO_ZERO_DATE,ERROR_FOR_DIVISION_BY_ZERO,TRADITIONAL,NO_ENGINE_SUBSTITUTION {{(pid=128899) _check_effective_sql_mode /usr/local/lib/python3.8/dist-packages/oslo_db/sqlalchemy/engines.py:314}}
May 14 02:13:17 ubuntu devstack@c-api.service[128899]: INFO cinder.rpc [None req-bc831c23-734c-4957-b194-74ab4d97b655 None None] Automatically selected cinder-backup objects version 1.39 as minimum service version.
May 14 02:13:17 ubuntu devstack@c-api.service[128899]: INFO cinder.rpc [None req-bc831c23-734c-4957-b194-74ab4d97b655 None None] Automatically selected cinder-backup RPC version 2.3 as minimum service version.
May 14 02:13:17 ubuntu devstack@c-api.service[128899]: WARNING stevedore.named [None req-bc831c23-734c-4957-b194-74ab4d97b655 None None] Could not load cinder.keymgr.conf_key_mgr.ConfKeyManager
May 14 02:13:17 ubuntu devstack@c-api.service[128899]: WARNING castellan.key_manager [None req-bc831c23-734c-4957-b194-74ab4d97b655 None None] Deprecation Warning : cinder.keymgr.conf_key_mgr.ConfKeyManager is not a stevedore based driver, trying to load it as a class: stevedore.exception.NoMatches: No 'castellan.drivers' driver found, looking for 'cinder.keymgr.conf_key_mgr.ConfKeyManager'
May 14 02:13:17 ubuntu devstack@c-api.service[128899]: WARNING stevedore.named [None req-bc831c23-734c-4957-b194-74ab4d97b655 None None] Could not load cinder.keymgr.conf_key_mgr.ConfKeyManager
May 14 02:13:17 ubuntu devstack@c-api.service[128899]: WARNING castellan.key_manager [None req-bc831c23-734c-4957-b194-74ab4d97b655 None None] Deprecation Warning : cinder.keymgr.conf_key_mgr.ConfKeyManager is not a stevedore based driver, trying to load it as a class: stevedore.exception.NoMatches: No 'castellan.drivers' driver found, looking for 'cinder.keymgr.conf_key_mgr.ConfKeyManager'
May 14 02:13:17 ubuntu devstack@c-api.service[128899]: WARNING stevedore.named [None req-bc831c23-734c-4957-b194-74ab4d97b655 None None] Could not load cinder.keymgr.conf_key_mgr.ConfKeyManager
May 14 02:13:17 ubuntu devstack@c-api.service[128899]: WARNING castellan.key_manager [None req-bc831c23-734c-4957-b194-74ab4d97b655 None None] Deprecation Warning : cinder.keymgr.conf_key_mgr.ConfKeyManager is not a stevedore based driver, trying to load it as a class: stevedore.exception.NoMatches: No 'castellan.drivers' driver found, looking for 'cinder.keymgr.conf_key_mgr.ConfKeyManager'
May 14 02:13:17 ubuntu devstack@c-api.service[128899]: WARNING stevedore.named [None req-bc831c23-734c-4957-b194-74ab4d97b655 None None] Could not load cinder.keymgr.conf_key_mgr.ConfKeyManager
May 14 02:13:17 ubuntu devstack@c-api.service[128899]: WARNING castellan.key_manager [None req-bc831c23-734c-4957-b194-74ab4d97b655 None None] Deprecation Warning : cinder.keymgr.conf_key_mgr.ConfKeyManager is not a stevedore based driver, trying to load it as a class: stevedore.exception.NoMatches: No 'castellan.drivers' driver found, looking for 'cinder.keymgr.conf_key_mgr.ConfKeyManager'
May 14 02:13:17 ubuntu devstack@c-api.service[128899]: WARNING stevedore.named [None req-bc831c23-734c-4957-b194-74ab4d97b655 None None] Could not load cinder.keymgr.conf_key_mgr.ConfKeyManager
May 14 02:13:17 ubuntu devstack@c-api.service[128899]: WARNING castellan.key_manager [None req-bc831c23-734c-4957-b194-74ab4d97b655 None None] Deprecation Warning : cinder.keymgr.conf_key_mgr.ConfKeyManager is not a stevedore based driver, trying to load it as a class: stevedore.exception.NoMatches: No 'castellan.drivers' driver found, looking for 'cinder.keymgr.conf_key_mgr.ConfKeyManager'
May 14 02:13:17 ubuntu devstack@c-api.service[128899]: WARNING stevedore.named [None req-bc831c23-734c-4957-b194-74ab4d97b655 None None] Could not load cinder.keymgr.conf_key_mgr.ConfKeyManager
May 14 02:13:17 ubuntu devstack@c-api.service[128899]: WARNING castellan.key_manager [None req-bc831c23-734c-4957-b194-74ab4d97b655 None None] Deprecation Warning : cinder.keymgr.conf_key_mgr.ConfKeyManager is not a stevedore based driver, trying to load it as a class: stevedore.exception.NoMatches: No 'castellan.drivers' driver found, looking for 'cinder.keymgr.conf_key_mgr.ConfKeyManager'
May 14 02:13:17 ubuntu devstack@c-api.service[128899]: WARNING stevedore.named [None req-bc831c23-734c-4957-b194-74ab4d97b655 None None] Could not load cinder.keymgr.conf_key_mgr.ConfKeyManager
May 14 02:13:17 ubuntu devstack@c-api.service[128899]: WARNING castellan.key_manager [None req-bc831c23-734c-4957-b194-74ab4d97b655 None None] Deprecation Warning : cinder.keymgr.conf_key_mgr.ConfKeyManager is not a stevedore based driver, trying to load it as a class: stevedore.exception.NoMatches: No 'castellan.drivers' driver found, looking for 'cinder.keymgr.conf_key_mgr.ConfKeyManager'
May 14 02:13:17 ubuntu devstack@c-api.service[128899]: WARNING stevedore.named [None req-bc831c23-734c-4957-b194-74ab4d97b655 None None] Could not load cinder.keymgr.conf_key_mgr.ConfKeyManager
May 14 02:13:17 ubuntu devstack@c-api.service[128899]: WARNING castellan.key_manager [None req-bc831c23-734c-4957-b194-74ab4d97b655 None None] Deprecation Warning : cinder.keymgr.conf_key_mgr.ConfKeyManager is not a stevedore based driver, trying to load it as a class: stevedore.exception.NoMatches: No 'castellan.drivers' driver found, looking for 'cinder.keymgr.conf_key_mgr.ConfKeyManager'
May 14 02:13:17 ubuntu devstack@c-api.service[128899]: WARNING stevedore.named [None req-bc831c23-734c-4957-b194-74ab4d97b655 None None] Could not load cinder.keymgr.conf_key_mgr.ConfKeyManager
May 14 02:13:17 ubuntu devstack@c-api.service[128899]: WARNING castellan.key_manager [None req-bc831c23-734c-4957-b194-74ab4d97b655 None None] Deprecation Warning : cinder.keymgr.conf_key_mgr.ConfKeyManager is not a stevedore based driver, trying to load it as a class: stevedore.exception.NoMatches: No 'castellan.drivers' driver found, looking for 'cinder.keymgr.conf_key_mgr.ConfKeyManager'
May 14 02:13:17 ubuntu devstack@c-api.service[128899]: WARNING stevedore.named [None req-bc831c23-734c-4957-b194-74ab4d97b655 None None] Could not load cinder.keymgr.conf_key_mgr.ConfKeyManager
May 14 02:13:17 ubuntu devstack@c-api.service[128899]: WARNING castellan.key_manager [None req-bc831c23-734c-4957-b194-74ab4d97b655 None None] Deprecation Warning : cinder.keymgr.conf_key_mgr.ConfKeyManager is not a stevedore based driver, trying to load it as a class: stevedore.exception.NoMatches: No 'castellan.drivers' driver found, looking for 'cinder.keymgr.conf_key_mgr.ConfKeyManager'
May 14 02:13:17 ubuntu devstack@c-api.service[128899]: WARNING stevedore.named [None req-bc831c23-734c-4957-b194-74ab4d97b655 None None] Could not load cinder.keymgr.conf_key_mgr.ConfKeyManager
May 14 02:13:17 ubuntu devstack@c-api.service[128899]: WARNING castellan.key_manager [None req-bc831c23-734c-4957-b194-74ab4d97b655 None None] Deprecation Warning : cinder.keymgr.conf_key_mgr.ConfKeyManager is not a stevedore based driver, trying to load it as a class: stevedore.exception.NoMatches: No 'castellan.drivers' driver found, looking for 'cinder.keymgr.conf_key_mgr.ConfKeyManager'
May 14 02:13:17 ubuntu devstack@c-api.service[128899]: WARNING stevedore.named [None req-bc831c23-734c-4957-b194-74ab4d97b655 None None] Could not load cinder.keymgr.conf_key_mgr.ConfKeyManager
May 14 02:13:17 ubuntu devstack@c-api.service[128899]: WARNING castellan.key_manager [None req-bc831c23-734c-4957-b194-74ab4d97b655 None None] Deprecation Warning : cinder.keymgr.conf_key_mgr.ConfKeyManager is not a stevedore based driver, trying to load it as a class: stevedore.exception.NoMatches: No 'castellan.drivers' driver found, looking for 'cinder.keymgr.conf_key_mgr.ConfKeyManager'
May 14 02:13:17 ubuntu devstack@c-api.service[128899]: WARNING stevedore.named [None req-bc831c23-734c-4957-b194-74ab4d97b655 None None] Could not load cinder.keymgr.conf_key_mgr.ConfKeyManager
May 14 02:13:17 ubuntu devstack@c-api.service[128899]: WARNING castellan.key_manager [None req-bc831c23-734c-4957-b194-74ab4d97b655 None None] Deprecation Warning : cinder.keymgr.conf_key_mgr.ConfKeyManager is not a stevedore based driver, trying to load it as a class: stevedore.exception.NoMatches: No 'castellan.drivers' driver found, looking for 'cinder.keymgr.conf_key_mgr.ConfKeyManager'
May 14 02:13:17 ubuntu devstack@c-api.service[128899]: WARNING stevedore.named [None req-bc831c23-734c-4957-b194-74ab4d97b655 None None] Could not load cinder.keymgr.conf_key_mgr.ConfKeyManager
May 14 02:13:17 ubuntu devstack@c-api.service[128899]: WARNING castellan.key_manager [None req-bc831c23-734c-4957-b194-74ab4d97b655 None None] Deprecation Warning : cinder.keymgr.conf_key_mgr.ConfKeyManager is not a stevedore based driver, trying to load it as a class: stevedore.exception.NoMatches: No 'castellan.drivers' driver found, looking for 'cinder.keymgr.conf_key_mgr.ConfKeyManager'
May 14 02:13:17 ubuntu devstack@c-api.service[128899]: WARNING stevedore.named [None req-bc831c23-734c-4957-b194-74ab4d97b655 None None] Could not load cinder.keymgr.conf_key_mgr.ConfKeyManager
May 14 02:13:17 ubuntu devstack@c-api.service[128899]: WARNING castellan.key_manager [None req-bc831c23-734c-4957-b194-74ab4d97b655 None None] Deprecation Warning : cinder.keymgr.conf_key_mgr.ConfKeyManager is not a stevedore based driver, trying to load it as a class: stevedore.exception.NoMatches: No 'castellan.drivers' driver found, looking for 'cinder.keymgr.conf_key_mgr.ConfKeyManager'
May 14 02:13:17 ubuntu devstack@c-api.service[128899]: WARNING stevedore.named [None req-bc831c23-734c-4957-b194-74ab4d97b655 None None] Could not load cinder.keymgr.conf_key_mgr.ConfKeyManager
May 14 02:13:17 ubuntu devstack@c-api.service[128899]: WARNING castellan.key_manager [None req-bc831c23-734c-4957-b194-74ab4d97b655 None None] Deprecation Warning : cinder.keymgr.conf_key_mgr.ConfKeyManager is not a stevedore based driver, trying to load it as a class: stevedore.exception.NoMatches: No 'castellan.drivers' driver found, looking for 'cinder.keymgr.conf_key_mgr.ConfKeyManager'
May 14 02:13:17 ubuntu devstack@c-api.service[128899]: WARNING cinder.api.contrib.hosts [None req-bc831c23-734c-4957-b194-74ab4d97b655 None None] Deprecated: The Host API is deprecated and will be be removed in a future version.
May 14 02:13:17 ubuntu devstack@c-api.service[128899]: WARNING stevedore.named [None req-bc831c23-734c-4957-b194-74ab4d97b655 None None] Could not load cinder.keymgr.conf_key_mgr.ConfKeyManager
May 14 02:13:17 ubuntu devstack@c-api.service[128899]: WARNING castellan.key_manager [None req-bc831c23-734c-4957-b194-74ab4d97b655 None None] Deprecation Warning : cinder.keymgr.conf_key_mgr.ConfKeyManager is not a stevedore based driver, trying to load it as a class: stevedore.exception.NoMatches: No 'castellan.drivers' driver found, looking for 'cinder.keymgr.conf_key_mgr.ConfKeyManager'
May 14 02:13:17 ubuntu devstack@c-api.service[128898]: INFO cinder.rpc [None req-5acbba33-6eac-4a54-94a5-04b69d4833eb None None] Automatically selected cinder-scheduler objects version 1.39 as minimum service version.
May 14 02:13:17 ubuntu devstack@c-api.service[128899]: WARNING stevedore.named [None req-bc831c23-734c-4957-b194-74ab4d97b655 None None] Could not load cinder.keymgr.conf_key_mgr.ConfKeyManager
May 14 02:13:17 ubuntu devstack@c-api.service[128899]: WARNING castellan.key_manager [None req-bc831c23-734c-4957-b194-74ab4d97b655 None None] Deprecation Warning : cinder.keymgr.conf_key_mgr.ConfKeyManager is not a stevedore based driver, trying to load it as a class: stevedore.exception.NoMatches: No 'castellan.drivers' driver found, looking for 'cinder.keymgr.conf_key_mgr.ConfKeyManager'
May 14 02:13:17 ubuntu devstack@c-api.service[128899]: WARNING stevedore.named [None req-bc831c23-734c-4957-b194-74ab4d97b655 None None] Could not load cinder.keymgr.conf_key_mgr.ConfKeyManager
May 14 02:13:17 ubuntu devstack@c-api.service[128899]: WARNING castellan.key_manager [None req-bc831c23-734c-4957-b194-74ab4d97b655 None None] Deprecation Warning : cinder.keymgr.conf_key_mgr.ConfKeyManager is not a stevedore based driver, trying to load it as a class: stevedore.exception.NoMatches: No 'castellan.drivers' driver found, looking for 'cinder.keymgr.conf_key_mgr.ConfKeyManager'
May 14 02:13:17 ubuntu devstack@c-api.service[128899]: WARNING stevedore.named [None req-bc831c23-734c-4957-b194-74ab4d97b655 None None] Could not load cinder.keymgr.conf_key_mgr.ConfKeyManager
May 14 02:13:17 ubuntu devstack@c-api.service[128899]: WARNING castellan.key_manager [None req-bc831c23-734c-4957-b194-74ab4d97b655 None None] Deprecation Warning : cinder.keymgr.conf_key_mgr.ConfKeyManager is not a stevedore based driver, trying to load it as a class: stevedore.exception.NoMatches: No 'castellan.drivers' driver found, looking for 'cinder.keymgr.conf_key_mgr.ConfKeyManager'
May 14 02:13:17 ubuntu devstack@c-api.service[128899]: WARNING stevedore.named [None req-bc831c23-734c-4957-b194-74ab4d97b655 None None] Could not load cinder.keymgr.conf_key_mgr.ConfKeyManager
May 14 02:13:17 ubuntu devstack@c-api.service[128899]: WARNING castellan.key_manager [None req-bc831c23-734c-4957-b194-74ab4d97b655 None None] Deprecation Warning : cinder.keymgr.conf_key_mgr.ConfKeyManager is not a stevedore based driver, trying to load it as a class: stevedore.exception.NoMatches: No 'castellan.drivers' driver found, looking for 'cinder.keymgr.conf_key_mgr.ConfKeyManager'
May 14 02:13:17 ubuntu devstack@c-api.service[128898]: INFO cinder.rpc [None req-5acbba33-6eac-4a54-94a5-04b69d4833eb None None] Automatically selected cinder-scheduler RPC version 3.12 as minimum service version.
May 14 02:13:17 ubuntu devstack@c-api.service[128899]: WARNING stevedore.named [None req-bc831c23-734c-4957-b194-74ab4d97b655 None None] Could not load cinder.keymgr.conf_key_mgr.ConfKeyManager
May 14 02:13:17 ubuntu devstack@c-api.service[128899]: WARNING castellan.key_manager [None req-bc831c23-734c-4957-b194-74ab4d97b655 None None] Deprecation Warning : cinder.keymgr.conf_key_mgr.ConfKeyManager is not a stevedore based driver, trying to load it as a class: stevedore.exception.NoMatches: No 'castellan.drivers' driver found, looking for 'cinder.keymgr.conf_key_mgr.ConfKeyManager'
May 14 02:13:17 ubuntu devstack@c-api.service[128899]: WARNING stevedore.named [None req-bc831c23-734c-4957-b194-74ab4d97b655 None None] Could not load cinder.keymgr.conf_key_mgr.ConfKeyManager
May 14 02:13:17 ubuntu devstack@c-api.service[128899]: WARNING castellan.key_manager [None req-bc831c23-734c-4957-b194-74ab4d97b655 None None] Deprecation Warning : cinder.keymgr.conf_key_mgr.ConfKeyManager is not a stevedore based driver, trying to load it as a class: stevedore.exception.NoMatches: No 'castellan.drivers' driver found, looking for 'cinder.keymgr.conf_key_mgr.ConfKeyManager'
May 14 02:13:17 ubuntu devstack@c-api.service[128899]: WARNING stevedore.named [None req-bc831c23-734c-4957-b194-74ab4d97b655 None None] Could not load cinder.keymgr.conf_key_mgr.ConfKeyManager
May 14 02:13:17 ubuntu devstack@c-api.service[128899]: WARNING castellan.key_manager [None req-bc831c23-734c-4957-b194-74ab4d97b655 None None] Deprecation Warning : cinder.keymgr.conf_key_mgr.ConfKeyManager is not a stevedore based driver, trying to load it as a class: stevedore.exception.NoMatches: No 'castellan.drivers' driver found, looking for 'cinder.keymgr.conf_key_mgr.ConfKeyManager'
May 14 02:13:17 ubuntu devstack@c-api.service[128898]: INFO cinder.rpc [None req-5acbba33-6eac-4a54-94a5-04b69d4833eb None None] Automatically selected cinder-volume objects version 1.39 as minimum service version.
May 14 02:13:17 ubuntu devstack@c-api.service[128899]: DEBUG cinder.api.openstack [None req-bc831c23-734c-4957-b194-74ab4d97b655 None None] Extended resource: extensions {{(pid=128899) _setup_ext_routes /opt/stack/cinder/cinder/api/openstack/__init__.py:129}}
May 14 02:13:17 ubuntu devstack@c-api.service[128899]: DEBUG cinder.api.openstack [None req-bc831c23-734c-4957-b194-74ab4d97b655 None None] Extended resource: os-availability-zone {{(pid=128899) _setup_ext_routes /opt/stack/cinder/cinder/api/openstack/__init__.py:129}}
May 14 02:13:17 ubuntu devstack@c-api.service[128899]: DEBUG cinder.api.openstack [None req-bc831c23-734c-4957-b194-74ab4d97b655 None None] Extended resource: os-quota-sets {{(pid=128899) _setup_ext_routes /opt/stack/cinder/cinder/api/openstack/__init__.py:129}}
May 14 02:13:17 ubuntu devstack@c-api.service[128898]: INFO cinder.rpc [None req-5acbba33-6eac-4a54-94a5-04b69d4833eb None None] Automatically selected cinder-volume RPC version 3.18 as minimum service version.
May 14 02:13:17 ubuntu devstack@c-api.service[128898]: WARNING stevedore.named [None req-5acbba33-6eac-4a54-94a5-04b69d4833eb None None] Could not load cinder.keymgr.conf_key_mgr.ConfKeyManager
May 14 02:13:17 ubuntu devstack@c-api.service[128899]: DEBUG cinder.api.openstack [None req-bc831c23-734c-4957-b194-74ab4d97b655 None None] Extended resource: os-hosts {{(pid=128899) _setup_ext_routes /opt/stack/cinder/cinder/api/openstack/__init__.py:129}}
May 14 02:13:17 ubuntu devstack@c-api.service[128898]: WARNING castellan.key_manager [None req-5acbba33-6eac-4a54-94a5-04b69d4833eb None None] Deprecation Warning : cinder.keymgr.conf_key_mgr.ConfKeyManager is not a stevedore based driver, trying to load it as a class: stevedore.exception.NoMatches: No 'castellan.drivers' driver found, looking for 'cinder.keymgr.conf_key_mgr.ConfKeyManager'
May 14 02:13:17 ubuntu devstack@c-api.service[128899]: DEBUG cinder.api.openstack [None req-bc831c23-734c-4957-b194-74ab4d97b655 None None] Extended resource: encryption {{(pid=128899) _setup_ext_routes /opt/stack/cinder/cinder/api/openstack/__init__.py:129}}
May 14 02:13:17 ubuntu devstack@c-api.service[128899]: DEBUG cinder.api.openstack [None req-bc831c23-734c-4957-b194-74ab4d97b655 None None] Extended resource: qos-specs {{(pid=128899) _setup_ext_routes /opt/stack/cinder/cinder/api/openstack/__init__.py:129}}
May 14 02:13:17 ubuntu devstack@c-api.service[128899]: DEBUG cinder.api.openstack [None req-bc831c23-734c-4957-b194-74ab4d97b655 None None] Extended resource: backups {{(pid=128899) _setup_ext_routes /opt/stack/cinder/cinder/api/openstack/__init__.py:129}}
May 14 02:13:17 ubuntu devstack@c-api.service[128899]: DEBUG cinder.api.openstack [None req-bc831c23-734c-4957-b194-74ab4d97b655 None None] Extended resource: extra_specs {{(pid=128899) _setup_ext_routes /opt/stack/cinder/cinder/api/openstack/__init__.py:129}}
May 14 02:13:17 ubuntu devstack@c-api.service[128899]: DEBUG cinder.api.openstack [None req-bc831c23-734c-4957-b194-74ab4d97b655 None None] Extended resource: consistencygroups {{(pid=128899) _setup_ext_routes /opt/stack/cinder/cinder/api/openstack/__init__.py:129}}
May 14 02:13:17 ubuntu devstack@c-api.service[128899]: DEBUG cinder.api.openstack [None req-bc831c23-734c-4957-b194-74ab4d97b655 None None] Extended resource: os-quota-class-sets {{(pid=128899) _setup_ext_routes /opt/stack/cinder/cinder/api/openstack/__init__.py:129}}
May 14 02:13:17 ubuntu devstack@c-api.service[128899]: DEBUG cinder.api.openstack [None req-bc831c23-734c-4957-b194-74ab4d97b655 None None] Extended resource: encryption {{(pid=128899) _setup_ext_routes /opt/stack/cinder/cinder/api/openstack/__init__.py:129}}
May 14 02:13:17 ubuntu devstack@c-api.service[128898]: WARNING cinder.keymgr.conf_key_mgr [None req-5acbba33-6eac-4a54-94a5-04b69d4833eb None None] This key manager is insecure and is not recommended for production deployments: stevedore.exception.NoMatches: No 'castellan.drivers' driver found, looking for 'cinder.keymgr.conf_key_mgr.ConfKeyManager'
May 14 02:13:17 ubuntu devstack@c-api.service[128898]: /usr/local/lib/python3.8/dist-packages/oslo_db/sqlalchemy/enginefacade.py:355: OsloDBDeprecationWarning: EngineFacade is deprecated; please use oslo_db.sqlalchemy.enginefacade
May 14 02:13:17 ubuntu devstack@c-api.service[128898]:   self._legacy_facade = LegacyEngineFacade(None, _factory=self)
May 14 02:13:17 ubuntu devstack@c-api.service[128899]: DEBUG cinder.api.openstack [None req-bc831c23-734c-4957-b194-74ab4d97b655 None None] Extended resource: os-services {{(pid=128899) _setup_ext_routes /opt/stack/cinder/cinder/api/openstack/__init__.py:129}}
May 14 02:13:17 ubuntu devstack@c-api.service[128899]: DEBUG cinder.api.openstack [None req-bc831c23-734c-4957-b194-74ab4d97b655 None None] Extended resource: scheduler-stats {{(pid=128899) _setup_ext_routes /opt/stack/cinder/cinder/api/openstack/__init__.py:129}}
May 14 02:13:17 ubuntu devstack@c-api.service[128899]: DEBUG cinder.api.openstack [None req-bc831c23-734c-4957-b194-74ab4d97b655 None None] Extended resource: cgsnapshots {{(pid=128899) _setup_ext_routes /opt/stack/cinder/cinder/api/openstack/__init__.py:129}}
May 14 02:13:17 ubuntu devstack@c-api.service[128899]: DEBUG cinder.api.openstack [None req-bc831c23-734c-4957-b194-74ab4d97b655 None None] Extended resource: capabilities {{(pid=128899) _setup_ext_routes /opt/stack/cinder/cinder/api/openstack/__init__.py:129}}
May 14 02:13:17 ubuntu devstack@c-api.service[128898]: DEBUG oslo_db.sqlalchemy.engines [None req-5acbba33-6eac-4a54-94a5-04b69d4833eb None None] MySQL server mode set to STRICT_TRANS_TABLES,STRICT_ALL_TABLES,NO_ZERO_IN_DATE,NO_ZERO_DATE,ERROR_FOR_DIVISION_BY_ZERO,TRADITIONAL,NO_ENGINE_SUBSTITUTION {{(pid=128898) _check_effective_sql_mode /usr/local/lib/python3.8/dist-packages/oslo_db/sqlalchemy/engines.py:314}}
May 14 02:13:17 ubuntu devstack@c-api.service[128899]: DEBUG cinder.api.openstack [None req-bc831c23-734c-4957-b194-74ab4d97b655 None None] Extended resource: os-snapshot-manage {{(pid=128899) _setup_ext_routes /opt/stack/cinder/cinder/api/openstack/__init__.py:129}}
May 14 02:13:17 ubuntu devstack@c-api.service[128899]: DEBUG cinder.api.openstack [None req-bc831c23-734c-4957-b194-74ab4d97b655 None None] Extended resource: os-volume-transfer {{(pid=128899) _setup_ext_routes /opt/stack/cinder/cinder/api/openstack/__init__.py:129}}
May 14 02:13:17 ubuntu devstack@c-api.service[128898]: INFO cinder.rpc [None req-5acbba33-6eac-4a54-94a5-04b69d4833eb None None] Automatically selected cinder-backup objects version 1.39 as minimum service version.
May 14 02:13:17 ubuntu devstack@c-api.service[128899]: DEBUG cinder.api.openstack [None req-bc831c23-734c-4957-b194-74ab4d97b655 None None] Extended resource: os-volume-manage {{(pid=128899) _setup_ext_routes /opt/stack/cinder/cinder/api/openstack/__init__.py:129}}
May 14 02:13:17 ubuntu devstack@c-api.service[128899]: DEBUG cinder.api.openstack [None req-bc831c23-734c-4957-b194-74ab4d97b655 None None] Extended resource: os-volume-type-access {{(pid=128899) _setup_ext_routes /opt/stack/cinder/cinder/api/openstack/__init__.py:129}}
May 14 02:13:17 ubuntu devstack@c-api.service[128898]: INFO cinder.rpc [None req-5acbba33-6eac-4a54-94a5-04b69d4833eb None None] Automatically selected cinder-backup RPC version 2.3 as minimum service version.
May 14 02:13:17 ubuntu devstack@c-api.service[128898]: WARNING stevedore.named [None req-5acbba33-6eac-4a54-94a5-04b69d4833eb None None] Could not load cinder.keymgr.conf_key_mgr.ConfKeyManager
May 14 02:13:17 ubuntu devstack@c-api.service[128898]: WARNING castellan.key_manager [None req-5acbba33-6eac-4a54-94a5-04b69d4833eb None None] Deprecation Warning : cinder.keymgr.conf_key_mgr.ConfKeyManager is not a stevedore based driver, trying to load it as a class: stevedore.exception.NoMatches: No 'castellan.drivers' driver found, looking for 'cinder.keymgr.conf_key_mgr.ConfKeyManager'
May 14 02:13:17 ubuntu devstack@c-api.service[128899]: WARNING stevedore.named [None req-bc831c23-734c-4957-b194-74ab4d97b655 None None] Could not load cinder.keymgr.conf_key_mgr.ConfKeyManager
May 14 02:13:17 ubuntu devstack@c-api.service[128899]: WARNING castellan.key_manager [None req-bc831c23-734c-4957-b194-74ab4d97b655 None None] Deprecation Warning : cinder.keymgr.conf_key_mgr.ConfKeyManager is not a stevedore based driver, trying to load it as a class: stevedore.exception.NoMatches: No 'castellan.drivers' driver found, looking for 'cinder.keymgr.conf_key_mgr.ConfKeyManager'
May 14 02:13:17 ubuntu devstack@c-api.service[128898]: WARNING stevedore.named [None req-5acbba33-6eac-4a54-94a5-04b69d4833eb None None] Could not load cinder.keymgr.conf_key_mgr.ConfKeyManager
May 14 02:13:17 ubuntu devstack@c-api.service[128899]: WARNING stevedore.named [None req-bc831c23-734c-4957-b194-74ab4d97b655 None None] Could not load cinder.keymgr.conf_key_mgr.ConfKeyManager
May 14 02:13:17 ubuntu devstack@c-api.service[128899]: WARNING castellan.key_manager [None req-bc831c23-734c-4957-b194-74ab4d97b655 None None] Deprecation Warning : cinder.keymgr.conf_key_mgr.ConfKeyManager is not a stevedore based driver, trying to load it as a class: stevedore.exception.NoMatches: No 'castellan.drivers' driver found, looking for 'cinder.keymgr.conf_key_mgr.ConfKeyManager'
May 14 02:13:17 ubuntu devstack@c-api.service[128898]: WARNING castellan.key_manager [None req-5acbba33-6eac-4a54-94a5-04b69d4833eb None None] Deprecation Warning : cinder.keymgr.conf_key_mgr.ConfKeyManager is not a stevedore based driver, trying to load it as a class: stevedore.exception.NoMatches: No 'castellan.drivers' driver found, looking for 'cinder.keymgr.conf_key_mgr.ConfKeyManager'
May 14 02:13:17 ubuntu devstack@c-api.service[128899]: DEBUG cinder.api.contrib.snapshot_actions [None req-bc831c23-734c-4957-b194-74ab4d97b655 None None] SnapshotActionsController initialized {{(pid=128899) __init__ /opt/stack/cinder/cinder/api/contrib/snapshot_actions.py:33}}
May 14 02:13:17 ubuntu devstack@c-api.service[128899]: WARNING stevedore.named [None req-bc831c23-734c-4957-b194-74ab4d97b655 None None] Could not load cinder.keymgr.conf_key_mgr.ConfKeyManager
May 14 02:13:17 ubuntu devstack@c-api.service[128899]: WARNING castellan.key_manager [None req-bc831c23-734c-4957-b194-74ab4d97b655 None None] Deprecation Warning : cinder.keymgr.conf_key_mgr.ConfKeyManager is not a stevedore based driver, trying to load it as a class: stevedore.exception.NoMatches: No 'castellan.drivers' driver found, looking for 'cinder.keymgr.conf_key_mgr.ConfKeyManager'
May 14 02:13:17 ubuntu devstack@c-api.service[128898]: WARNING stevedore.named [None req-5acbba33-6eac-4a54-94a5-04b69d4833eb None None] Could not load cinder.keymgr.conf_key_mgr.ConfKeyManager
May 14 02:13:17 ubuntu devstack@c-api.service[128899]: WARNING stevedore.named [None req-bc831c23-734c-4957-b194-74ab4d97b655 None None] Could not load cinder.keymgr.conf_key_mgr.ConfKeyManager
May 14 02:13:17 ubuntu devstack@c-api.service[128899]: WARNING castellan.key_manager [None req-bc831c23-734c-4957-b194-74ab4d97b655 None None] Deprecation Warning : cinder.keymgr.conf_key_mgr.ConfKeyManager is not a stevedore based driver, trying to load it as a class: stevedore.exception.NoMatches: No 'castellan.drivers' driver found, looking for 'cinder.keymgr.conf_key_mgr.ConfKeyManager'
May 14 02:13:17 ubuntu devstack@c-api.service[128898]: WARNING castellan.key_manager [None req-5acbba33-6eac-4a54-94a5-04b69d4833eb None None] Deprecation Warning : cinder.keymgr.conf_key_mgr.ConfKeyManager is not a stevedore based driver, trying to load it as a class: stevedore.exception.NoMatches: No 'castellan.drivers' driver found, looking for 'cinder.keymgr.conf_key_mgr.ConfKeyManager'
May 14 02:13:17 ubuntu devstack@c-api.service[128899]: WARNING stevedore.named [None req-bc831c23-734c-4957-b194-74ab4d97b655 None None] Could not load cinder.keymgr.conf_key_mgr.ConfKeyManager
May 14 02:13:17 ubuntu devstack@c-api.service[128899]: WARNING castellan.key_manager [None req-bc831c23-734c-4957-b194-74ab4d97b655 None None] Deprecation Warning : cinder.keymgr.conf_key_mgr.ConfKeyManager is not a stevedore based driver, trying to load it as a class: stevedore.exception.NoMatches: No 'castellan.drivers' driver found, looking for 'cinder.keymgr.conf_key_mgr.ConfKeyManager'
May 14 02:13:17 ubuntu devstack@c-api.service[128899]: WARNING stevedore.named [None req-bc831c23-734c-4957-b194-74ab4d97b655 None None] Could not load cinder.keymgr.conf_key_mgr.ConfKeyManager
May 14 02:13:17 ubuntu devstack@c-api.service[128899]: WARNING castellan.key_manager [None req-bc831c23-734c-4957-b194-74ab4d97b655 None None] Deprecation Warning : cinder.keymgr.conf_key_mgr.ConfKeyManager is not a stevedore based driver, trying to load it as a class: stevedore.exception.NoMatches: No 'castellan.drivers' driver found, looking for 'cinder.keymgr.conf_key_mgr.ConfKeyManager'
May 14 02:13:17 ubuntu devstack@c-api.service[128899]: WARNING stevedore.named [None req-bc831c23-734c-4957-b194-74ab4d97b655 None None] Could not load cinder.keymgr.conf_key_mgr.ConfKeyManager
May 14 02:13:17 ubuntu devstack@c-api.service[128899]: WARNING castellan.key_manager [None req-bc831c23-734c-4957-b194-74ab4d97b655 None None] Deprecation Warning : cinder.keymgr.conf_key_mgr.ConfKeyManager is not a stevedore based driver, trying to load it as a class: stevedore.exception.NoMatches: No 'castellan.drivers' driver found, looking for 'cinder.keymgr.conf_key_mgr.ConfKeyManager'
May 14 02:13:17 ubuntu devstack@c-api.service[128899]: WARNING stevedore.named [None req-bc831c23-734c-4957-b194-74ab4d97b655 None None] Could not load cinder.keymgr.conf_key_mgr.ConfKeyManager
May 14 02:13:17 ubuntu devstack@c-api.service[128899]: WARNING castellan.key_manager [None req-bc831c23-734c-4957-b194-74ab4d97b655 None None] Deprecation Warning : cinder.keymgr.conf_key_mgr.ConfKeyManager is not a stevedore based driver, trying to load it as a class: stevedore.exception.NoMatches: No 'castellan.drivers' driver found, looking for 'cinder.keymgr.conf_key_mgr.ConfKeyManager'
May 14 02:13:17 ubuntu devstack@c-api.service[128899]: WARNING stevedore.named [None req-bc831c23-734c-4957-b194-74ab4d97b655 None None] Could not load cinder.keymgr.conf_key_mgr.ConfKeyManager
May 14 02:13:17 ubuntu devstack@c-api.service[128899]: WARNING castellan.key_manager [None req-bc831c23-734c-4957-b194-74ab4d97b655 None None] Deprecation Warning : cinder.keymgr.conf_key_mgr.ConfKeyManager is not a stevedore based driver, trying to load it as a class: stevedore.exception.NoMatches: No 'castellan.drivers' driver found, looking for 'cinder.keymgr.conf_key_mgr.ConfKeyManager'
May 14 02:13:17 ubuntu devstack@c-api.service[128899]: WARNING stevedore.named [None req-bc831c23-734c-4957-b194-74ab4d97b655 None None] Could not load cinder.keymgr.conf_key_mgr.ConfKeyManager
May 14 02:13:17 ubuntu devstack@c-api.service[128899]: WARNING castellan.key_manager [None req-bc831c23-734c-4957-b194-74ab4d97b655 None None] Deprecation Warning : cinder.keymgr.conf_key_mgr.ConfKeyManager is not a stevedore based driver, trying to load it as a class: stevedore.exception.NoMatches: No 'castellan.drivers' driver found, looking for 'cinder.keymgr.conf_key_mgr.ConfKeyManager'
May 14 02:13:17 ubuntu devstack@c-api.service[128899]: DEBUG cinder.api.openstack [None req-bc831c23-734c-4957-b194-74ab4d97b655 None None] Extension TypesManage extending resource: types {{(pid=128899) _setup_extensions /opt/stack/cinder/cinder/api/openstack/__init__.py:159}}
May 14 02:13:17 ubuntu devstack@c-api.service[128899]: DEBUG cinder.api.openstack [None req-bc831c23-734c-4957-b194-74ab4d97b655 None None] Extension VolumeActions extending resource: volumes {{(pid=128899) _setup_extensions /opt/stack/cinder/cinder/api/openstack/__init__.py:159}}
May 14 02:13:17 ubuntu devstack@c-api.service[128899]: DEBUG cinder.api.openstack [None req-bc831c23-734c-4957-b194-74ab4d97b655 None None] Extension VolumeTypeEncryption extending resource: types {{(pid=128899) _setup_extensions /opt/stack/cinder/cinder/api/openstack/__init__.py:159}}
May 14 02:13:17 ubuntu devstack@c-api.service[128899]: DEBUG cinder.api.openstack [None req-bc831c23-734c-4957-b194-74ab4d97b655 None None] Extension UsedLimits extending resource: limits {{(pid=128899) _setup_extensions /opt/stack/cinder/cinder/api/openstack/__init__.py:159}}
May 14 02:13:17 ubuntu devstack@c-api.service[128899]: DEBUG cinder.api.openstack [None req-bc831c23-734c-4957-b194-74ab4d97b655 None None] Extension ExtendedSnapshotAttributes extending resource: snapshots {{(pid=128899) _setup_extensions /opt/stack/cinder/cinder/api/openstack/__init__.py:159}}
May 14 02:13:17 ubuntu devstack@c-api.service[128899]: DEBUG cinder.api.openstack [None req-bc831c23-734c-4957-b194-74ab4d97b655 None None] Extension VolumeUnmanage extending resource: volumes {{(pid=128899) _setup_extensions /opt/stack/cinder/cinder/api/openstack/__init__.py:159}}
May 14 02:13:17 ubuntu devstack@c-api.service[128899]: DEBUG cinder.api.openstack [None req-bc831c23-734c-4957-b194-74ab4d97b655 None None] Extension VolumeMigStatusAttribute extending resource: volumes {{(pid=128899) _setup_extensions /opt/stack/cinder/cinder/api/openstack/__init__.py:159}}
May 14 02:13:17 ubuntu devstack@c-api.service[128899]: DEBUG cinder.api.openstack [None req-bc831c23-734c-4957-b194-74ab4d97b655 None None] Extension VolumeTenantAttribute extending resource: volumes {{(pid=128899) _setup_extensions /opt/stack/cinder/cinder/api/openstack/__init__.py:159}}
May 14 02:13:17 ubuntu devstack@c-api.service[128899]: DEBUG cinder.api.openstack [None req-bc831c23-734c-4957-b194-74ab4d97b655 None None] Extension VolumeHostAttribute extending resource: volumes {{(pid=128899) _setup_extensions /opt/stack/cinder/cinder/api/openstack/__init__.py:159}}
May 14 02:13:17 ubuntu devstack@c-api.service[128899]: DEBUG cinder.api.openstack [None req-bc831c23-734c-4957-b194-74ab4d97b655 None None] Extension SnapshotActions extending resource: snapshots {{(pid=128899) _setup_extensions /opt/stack/cinder/cinder/api/openstack/__init__.py:159}}
May 14 02:13:17 ubuntu devstack@c-api.service[128899]: DEBUG cinder.api.openstack [None req-bc831c23-734c-4957-b194-74ab4d97b655 None None] Extension VolumeImageMetadata extending resource: volumes {{(pid=128899) _setup_extensions /opt/stack/cinder/cinder/api/openstack/__init__.py:159}}
May 14 02:13:17 ubuntu devstack@c-api.service[128899]: DEBUG cinder.api.openstack [None req-bc831c23-734c-4957-b194-74ab4d97b655 None None] Extension AdminActions extending resource: volumes {{(pid=128899) _setup_extensions /opt/stack/cinder/cinder/api/openstack/__init__.py:159}}
May 14 02:13:17 ubuntu devstack@c-api.service[128899]: DEBUG cinder.api.openstack [None req-bc831c23-734c-4957-b194-74ab4d97b655 None None] Extension AdminActions extending resource: snapshots {{(pid=128899) _setup_extensions /opt/stack/cinder/cinder/api/openstack/__init__.py:159}}
May 14 02:13:17 ubuntu devstack@c-api.service[128899]: DEBUG cinder.api.openstack [None req-bc831c23-734c-4957-b194-74ab4d97b655 None None] Extension AdminActions extending resource: backups {{(pid=128899) _setup_extensions /opt/stack/cinder/cinder/api/openstack/__init__.py:159}}
May 14 02:13:17 ubuntu devstack@c-api.service[128899]: DEBUG cinder.api.openstack [None req-bc831c23-734c-4957-b194-74ab4d97b655 None None] Extension SnapshotUnmanage extending resource: snapshots {{(pid=128899) _setup_extensions /opt/stack/cinder/cinder/api/openstack/__init__.py:159}}
May 14 02:13:17 ubuntu devstack@c-api.service[128899]: DEBUG cinder.api.openstack [None req-bc831c23-734c-4957-b194-74ab4d97b655 None None] Extension VolumeTypeAccess extending resource: types {{(pid=128899) _setup_extensions /opt/stack/cinder/cinder/api/openstack/__init__.py:159}}
May 14 02:13:17 ubuntu devstack@c-api.service[128899]: WARNING keystonemiddleware.auth_token [None req-bc831c23-734c-4957-b194-74ab4d97b655 None None] AuthToken middleware is set with keystone_authtoken.service_token_roles_required set to False. This is backwards compatible but deprecated behaviour. Please set this to True.
May 14 02:13:17 ubuntu devstack@c-api.service[128898]: WARNING stevedore.named [None req-5acbba33-6eac-4a54-94a5-04b69d4833eb None None] Could not load cinder.keymgr.conf_key_mgr.ConfKeyManager
May 14 02:13:17 ubuntu devstack@c-api.service[128899]: WARNING keystonemiddleware.auth_token [None req-bc831c23-734c-4957-b194-74ab4d97b655 None None] Configuring www_authenticate_uri to point to the public identity endpoint is required; clients may not be able to authenticate against an admin endpoint
May 14 02:13:17 ubuntu devstack@c-api.service[128898]: WARNING castellan.key_manager [None req-5acbba33-6eac-4a54-94a5-04b69d4833eb None None] Deprecation Warning : cinder.keymgr.conf_key_mgr.ConfKeyManager is not a stevedore based driver, trying to load it as a class: stevedore.exception.NoMatches: No 'castellan.drivers' driver found, looking for 'cinder.keymgr.conf_key_mgr.ConfKeyManager'
May 14 02:13:17 ubuntu devstack@c-api.service[128899]: WSGI app 0 (mountpoint='') ready in 3 seconds on interpreter 0x55860226f9c0 pid: 128899 (default app)
May 14 02:13:17 ubuntu devstack@c-api.service[128898]: WARNING stevedore.named [None req-5acbba33-6eac-4a54-94a5-04b69d4833eb None None] Could not load cinder.keymgr.conf_key_mgr.ConfKeyManager
May 14 02:13:17 ubuntu devstack@c-api.service[128898]: WARNING castellan.key_manager [None req-5acbba33-6eac-4a54-94a5-04b69d4833eb None None] Deprecation Warning : cinder.keymgr.conf_key_mgr.ConfKeyManager is not a stevedore based driver, trying to load it as a class: stevedore.exception.NoMatches: No 'castellan.drivers' driver found, looking for 'cinder.keymgr.conf_key_mgr.ConfKeyManager'
May 14 02:13:17 ubuntu devstack@c-api.service[128898]: WARNING stevedore.named [None req-5acbba33-6eac-4a54-94a5-04b69d4833eb None None] Could not load cinder.keymgr.conf_key_mgr.ConfKeyManager
May 14 02:13:17 ubuntu devstack@c-api.service[128898]: WARNING castellan.key_manager [None req-5acbba33-6eac-4a54-94a5-04b69d4833eb None None] Deprecation Warning : cinder.keymgr.conf_key_mgr.ConfKeyManager is not a stevedore based driver, trying to load it as a class: stevedore.exception.NoMatches: No 'castellan.drivers' driver found, looking for 'cinder.keymgr.conf_key_mgr.ConfKeyManager'
May 14 02:13:17 ubuntu devstack@c-api.service[128899]: /usr/local/lib/python3.8/dist-packages/oslo_policy/policy.py:809: UserWarning: Policy "volume:attachment_create":"" was deprecated in X in favor of "volume:attachment_create":"rule:xena_system_admin_or_project_member". Reason: Default policies now support the three Keystone default roles, namely 'admin', 'member', and 'reader' to implement three Cinder "personas".  See "Policy Personas and Permissions" in the "Cinder Service Configuration" documentation (Xena release) for details.. Either ensure your deployment is ready for the new default or copy/paste the deprecated policy into your policy file and maintain it manually.
May 14 02:13:17 ubuntu devstack@c-api.service[128899]:   warnings.warn(deprecated_msg)
May 14 02:13:17 ubuntu devstack@c-api.service[128899]: /usr/local/lib/python3.8/dist-packages/oslo_policy/policy.py:809: UserWarning: Policy "volume:attachment_update":"rule:admin_or_owner" was deprecated in X in favor of "volume:attachment_update":"rule:xena_system_admin_or_project_member". Reason: Default policies now support the three Keystone default roles, namely 'admin', 'member', and 'reader' to implement three Cinder "personas".  See "Policy Personas and Permissions" in the "Cinder Service Configuration" documentation (Xena release) for details.. Either ensure your deployment is ready for the new default or copy/paste the deprecated policy into your policy file and maintain it manually.
May 14 02:13:17 ubuntu devstack@c-api.service[128899]:   warnings.warn(deprecated_msg)
May 14 02:13:17 ubuntu devstack@c-api.service[128899]: /usr/local/lib/python3.8/dist-packages/oslo_policy/policy.py:809: UserWarning: Policy "volume:attachment_delete":"rule:admin_or_owner" was deprecated in X in favor of "volume:attachment_delete":"rule:xena_system_admin_or_project_member". Reason: Default policies now support the three Keystone default roles, namely 'admin', 'member', and 'reader' to implement three Cinder "personas".  See "Policy Personas and Permissions" in the "Cinder Service Configuration" documentation (Xena release) for details.. Either ensure your deployment is ready for the new default or copy/paste the deprecated policy into your policy file and maintain it manually.
May 14 02:13:17 ubuntu devstack@c-api.service[128899]:   warnings.warn(deprecated_msg)
May 14 02:13:17 ubuntu devstack@c-api.service[128899]: /usr/local/lib/python3.8/dist-packages/oslo_policy/policy.py:809: UserWarning: Policy "volume:attachment_complete":"rule:admin_or_owner" was deprecated in X in favor of "volume:attachment_complete":"rule:xena_system_admin_or_project_member". Reason: Default policies now support the three Keystone default roles, namely 'admin', 'member', and 'reader' to implement three Cinder "personas".  See "Policy Personas and Permissions" in the "Cinder Service Configuration" documentation (Xena release) for details.. Either ensure your deployment is ready for the new default or copy/paste the deprecated policy into your policy file and maintain it manually.
May 14 02:13:17 ubuntu devstack@c-api.service[128899]:   warnings.warn(deprecated_msg)
May 14 02:13:17 ubuntu devstack@c-api.service[128899]: /usr/local/lib/python3.8/dist-packages/oslo_policy/policy.py:809: UserWarning: Policy "volume:multiattach_bootable_volume":"rule:admin_or_owner" was deprecated in X in favor of "volume:multiattach_bootable_volume":"rule:xena_system_admin_or_project_member". Reason: Default policies now support the three Keystone default roles, namely 'admin', 'member', and 'reader' to implement three Cinder "personas".  See "Policy Personas and Permissions" in the "Cinder Service Configuration" documentation (Xena release) for details.. Either ensure your deployment is ready for the new default or copy/paste the deprecated policy into your policy file and maintain it manually.
May 14 02:13:17 ubuntu devstack@c-api.service[128899]:   warnings.warn(deprecated_msg)
May 14 02:13:17 ubuntu devstack@c-api.service[128899]: /usr/local/lib/python3.8/dist-packages/oslo_policy/policy.py:809: UserWarning: Policy "message:get_all":"rule:admin_or_owner" was deprecated in X in favor of "message:get_all":"rule:xena_system_admin_or_project_reader". Reason: Default policies now support the three Keystone default roles, namely 'admin', 'member', and 'reader' to implement three Cinder "personas".  See "Policy Personas and Permissions" in the "Cinder Service Configuration" documentation (Xena release) for details.. Either ensure your deployment is ready for the new default or copy/paste the deprecated policy into your policy file and maintain it manually.
May 14 02:13:17 ubuntu devstack@c-api.service[128899]:   warnings.warn(deprecated_msg)
May 14 02:13:17 ubuntu devstack@c-api.service[128899]: /usr/local/lib/python3.8/dist-packages/oslo_policy/policy.py:809: UserWarning: Policy "message:get":"rule:admin_or_owner" was deprecated in X in favor of "message:get":"rule:xena_system_admin_or_project_reader". Reason: Default policies now support the three Keystone default roles, namely 'admin', 'member', and 'reader' to implement three Cinder "personas".  See "Policy Personas and Permissions" in the "Cinder Service Configuration" documentation (Xena release) for details.. Either ensure your deployment is ready for the new default or copy/paste the deprecated policy into your policy file and maintain it manually.
May 14 02:13:17 ubuntu devstack@c-api.service[128899]:   warnings.warn(deprecated_msg)
May 14 02:13:17 ubuntu devstack@c-api.service[128899]: /usr/local/lib/python3.8/dist-packages/oslo_policy/policy.py:809: UserWarning: Policy "message:delete":"rule:admin_or_owner" was deprecated in X in favor of "message:delete":"rule:xena_system_admin_or_project_member". Reason: Default policies now support the three Keystone default roles, namely 'admin', 'member', and 'reader' to implement three Cinder "personas".  See "Policy Personas and Permissions" in the "Cinder Service Configuration" documentation (Xena release) for details.. Either ensure your deployment is ready for the new default or copy/paste the deprecated policy into your policy file and maintain it manually.
May 14 02:13:17 ubuntu devstack@c-api.service[128899]:   warnings.warn(deprecated_msg)
May 14 02:13:17 ubuntu devstack@c-api.service[128899]: /usr/local/lib/python3.8/dist-packages/oslo_policy/policy.py:809: UserWarning: Policy "volume:get_snapshot_metadata":"rule:admin_or_owner" was deprecated in X in favor of "volume:get_snapshot_metadata":"rule:xena_system_admin_or_project_reader". Reason: Default policies now support the three Keystone default roles, namely 'admin', 'member', and 'reader' to implement three Cinder "personas".  See "Policy Personas and Permissions" in the "Cinder Service Configuration" documentation (Xena release) for details.. Either ensure your deployment is ready for the new default or copy/paste the deprecated policy into your policy file and maintain it manually.
May 14 02:13:17 ubuntu devstack@c-api.service[128899]:   warnings.warn(deprecated_msg)
