May 14 02:12:11 ubuntu neutron-server[118991]: DEBUG neutron.api.extensions [None req-edddf3e9-7bdc-4d2a-878f-dc510302feb3 None None] Loading extension file: uplink_status_propagation.py {{(pid=118991) _load_all_extensions_from_path /opt/stack/neutron/neutron/api/extensions.py:450}}
May 14 02:12:11 ubuntu neutron-server[118991]: DEBUG neutron.api.extensions [None req-edddf3e9-7bdc-4d2a-878f-dc510302feb3 None None] Ext name="Uplink status propagation extension" alias="uplink-status-propagation" description="Provides ability to propagate port uplink status." updated="2018-05-31T18:00:00-00:00" {{(pid=118991) _check_extension /opt/stack/neutron/neutron/api/extensions.py:416}}
May 14 02:12:11 ubuntu neutron-server[118991]: INFO neutron.api.extensions [None req-edddf3e9-7bdc-4d2a-878f-dc510302feb3 None None] Extension uplink-status-propagation not supported by any of loaded plugins
May 14 02:12:11 ubuntu neutron-server[118991]: DEBUG neutron.api.extensions [None req-edddf3e9-7bdc-4d2a-878f-dc510302feb3 None None] Loading extension file: vlantransparent.py {{(pid=118991) _load_all_extensions_from_path /opt/stack/neutron/neutron/api/extensions.py:450}}
May 14 02:12:11 ubuntu neutron-server[118991]: DEBUG neutron.api.extensions [None req-edddf3e9-7bdc-4d2a-878f-dc510302feb3 None None] Ext name="Vlantransparent" alias="vlan-transparent" description="Provides Vlan Transparent Networks" updated="2015-03-23T09:00:00-00:00" {{(pid=118991) _check_extension /opt/stack/neutron/neutron/api/extensions.py:416}}
May 14 02:12:11 ubuntu neutron-server[118991]: INFO neutron.api.extensions [None req-edddf3e9-7bdc-4d2a-878f-dc510302feb3 None None] Extension vlan-transparent not supported by any of loaded plugins
May 14 02:12:11 ubuntu neutron-server[118991]: INFO neutron.quota.resource_registry [None req-edddf3e9-7bdc-4d2a-878f-dc510302feb3 None None] Creating instance of TrackedResource for resource:network
May 14 02:12:11 ubuntu neutron-server[118991]: INFO neutron.quota.resource_registry [None req-edddf3e9-7bdc-4d2a-878f-dc510302feb3 None None] Creating instance of TrackedResource for resource:subnet
May 14 02:12:11 ubuntu neutron-server[118991]: INFO neutron.quota.resource_registry [None req-edddf3e9-7bdc-4d2a-878f-dc510302feb3 None None] Creating instance of TrackedResource for resource:subnetpool
May 14 02:12:11 ubuntu neutron-server[118991]: INFO neutron.quota.resource_registry [None req-edddf3e9-7bdc-4d2a-878f-dc510302feb3 None None] Creating instance of TrackedResource for resource:port
May 14 02:12:11 ubuntu neutron-server[118991]: DEBUG neutron.api.v2.resource_helper [None req-edddf3e9-7bdc-4d2a-878f-dc510302feb3 None None] Service FLAVORS assigned prefix:  {{(pid=118991) build_resource_info /opt/stack/neutron/neutron/api/v2/resource_helper.py:77}}
May 14 02:12:11 ubuntu neutron-server[118991]: DEBUG neutron.api.v2.resource_helper [None req-edddf3e9-7bdc-4d2a-878f-dc510302feb3 None None] Service L3_ROUTER_NAT assigned prefix:  {{(pid=118991) build_resource_info /opt/stack/neutron/neutron/api/v2/resource_helper.py:77}}
May 14 02:12:11 ubuntu neutron-server[118991]: DEBUG neutron.api.v2.resource_helper [None req-edddf3e9-7bdc-4d2a-878f-dc510302feb3 None None] Service L3_ROUTER_NAT assigned prefix:  {{(pid=118991) build_resource_info /opt/stack/neutron/neutron/api/v2/resource_helper.py:77}}
May 14 02:12:11 ubuntu neutron-server[118991]: INFO neutron.quota.resource_registry [None req-edddf3e9-7bdc-4d2a-878f-dc510302feb3 None None] Creating instance of TrackedResource for resource:router
May 14 02:12:11 ubuntu neutron-server[118991]: INFO neutron.quota.resource_registry [None req-edddf3e9-7bdc-4d2a-878f-dc510302feb3 None None] Creating instance of TrackedResource for resource:floatingip
May 14 02:12:11 ubuntu neutron-server[118991]: DEBUG neutron_lib.callbacks.manager [None req-edddf3e9-7bdc-4d2a-878f-dc510302feb3 None None] Subscribe: <bound method NeutronDbPluginV2.validate_network_rbac_policy_change of <neutron.services.network_ip_availability.plugin.NetworkIPAvailabilityPlugin object at 0x7fa3016035b0>> rbac-policy before_create 55550000 {{(pid=118991) subscribe /usr/local/lib/python3.8/dist-packages/neutron_lib/callbacks/manager.py:45}}
May 14 02:12:11 ubuntu neutron-server[118991]: DEBUG neutron_lib.callbacks.manager [None req-edddf3e9-7bdc-4d2a-878f-dc510302feb3 None None] Subscribe: <bound method NeutronDbPluginV2.validate_network_rbac_policy_change of <neutron.services.network_ip_availability.plugin.NetworkIPAvailabilityPlugin object at 0x7fa3016035b0>> rbac-policy before_update 55550000 {{(pid=118991) subscribe /usr/local/lib/python3.8/dist-packages/neutron_lib/callbacks/manager.py:45}}
May 14 02:12:11 ubuntu neutron-server[118991]: DEBUG neutron_lib.callbacks.manager [None req-edddf3e9-7bdc-4d2a-878f-dc510302feb3 None None] Subscribe: <bound method NeutronDbPluginV2.validate_network_rbac_policy_change of <neutron.services.network_ip_availability.plugin.NetworkIPAvailabilityPlugin object at 0x7fa3016035b0>> rbac-policy before_delete 55550000 {{(pid=118991) subscribe /usr/local/lib/python3.8/dist-packages/neutron_lib/callbacks/manager.py:45}}
May 14 02:12:11 ubuntu neutron-server[118991]: INFO neutron.quota.resource_registry [None req-edddf3e9-7bdc-4d2a-878f-dc510302feb3 None None] Creating instance of CountableResource for resource:rbac_policy
May 14 02:12:11 ubuntu neutron-server[118991]: INFO neutron.quota.resource_registry [None req-edddf3e9-7bdc-4d2a-878f-dc510302feb3 None None] Creating instance of TrackedResource for resource:security_group
May 14 02:12:11 ubuntu neutron-server[118991]: INFO neutron.quota.resource_registry [None req-edddf3e9-7bdc-4d2a-878f-dc510302feb3 None None] Creating instance of TrackedResource for resource:security_group_rule
May 14 02:12:11 ubuntu neutron-server[118991]: DEBUG neutron.api.v2.resource_helper [None req-edddf3e9-7bdc-4d2a-878f-dc510302feb3 None None] Service FLAVORS assigned prefix:  {{(pid=118991) build_resource_info /opt/stack/neutron/neutron/api/v2/resource_helper.py:77}}
May 14 02:12:11 ubuntu neutron-server[118991]: DEBUG neutron.api.v2.resource_helper [None req-edddf3e9-7bdc-4d2a-878f-dc510302feb3 None None] Service L3_ROUTER_NAT assigned prefix:  {{(pid=118991) build_resource_info /opt/stack/neutron/neutron/api/v2/resource_helper.py:77}}
May 14 02:12:11 ubuntu neutron-server[118991]: DEBUG neutron.api.v2.resource_helper [None req-edddf3e9-7bdc-4d2a-878f-dc510302feb3 None None] Service L3_ROUTER_NAT assigned prefix:  {{(pid=118991) build_resource_info /opt/stack/neutron/neutron/api/v2/resource_helper.py:77}}
May 14 02:12:11 ubuntu neutron-server[118991]: INFO neutron.quota.resource_registry [None req-edddf3e9-7bdc-4d2a-878f-dc510302feb3 None None] Creating instance of TrackedResource for resource:router
May 14 02:12:11 ubuntu neutron-server[118991]: WARNING neutron.quota.resource_registry [None req-edddf3e9-7bdc-4d2a-878f-dc510302feb3 None None] router is already registered
May 14 02:12:11 ubuntu neutron-server[118991]: INFO neutron.quota.resource_registry [None req-edddf3e9-7bdc-4d2a-878f-dc510302feb3 None None] Creating instance of TrackedResource for resource:floatingip
May 14 02:12:11 ubuntu neutron-server[118991]: WARNING neutron.quota.resource_registry [None req-edddf3e9-7bdc-4d2a-878f-dc510302feb3 None None] floatingip is already registered
May 14 02:12:11 ubuntu neutron-server[118991]: INFO neutron.quota.resource_registry [None req-edddf3e9-7bdc-4d2a-878f-dc510302feb3 None None] Creating instance of CountableResource for resource:rbac_policy
May 14 02:12:11 ubuntu neutron-server[118991]: WARNING neutron.quota.resource_registry [None req-edddf3e9-7bdc-4d2a-878f-dc510302feb3 None None] rbac_policy is already registered
May 14 02:12:11 ubuntu neutron-server[118991]: INFO neutron.quota.resource_registry [None req-edddf3e9-7bdc-4d2a-878f-dc510302feb3 None None] Creating instance of TrackedResource for resource:security_group
May 14 02:12:11 ubuntu neutron-server[118991]: WARNING neutron.quota.resource_registry [None req-edddf3e9-7bdc-4d2a-878f-dc510302feb3 None None] security_group is already registered
May 14 02:12:11 ubuntu neutron-server[118991]: INFO neutron.quota.resource_registry [None req-edddf3e9-7bdc-4d2a-878f-dc510302feb3 None None] Creating instance of TrackedResource for resource:security_group_rule
May 14 02:12:11 ubuntu neutron-server[118991]: WARNING neutron.quota.resource_registry [None req-edddf3e9-7bdc-4d2a-878f-dc510302feb3 None None] security_group_rule is already registered
May 14 02:12:11 ubuntu neutron-server[118991]: DEBUG neutron.api.extensions [None req-edddf3e9-7bdc-4d2a-878f-dc510302feb3 None None] Extended resource: extensions {{(pid=118991) __init__ /opt/stack/neutron/neutron/api/extensions.py:157}}
May 14 02:12:11 ubuntu neutron-server[118991]: DEBUG neutron.api.extensions [None req-edddf3e9-7bdc-4d2a-878f-dc510302feb3 None None] Extended resource: address-groups {{(pid=118991) __init__ /opt/stack/neutron/neutron/api/extensions.py:157}}
May 14 02:12:11 ubuntu neutron-server[118991]: DEBUG neutron.api.extensions [None req-edddf3e9-7bdc-4d2a-878f-dc510302feb3 None None] Extended resource: address-scopes {{(pid=118991) __init__ /opt/stack/neutron/neutron/api/extensions.py:157}}
May 14 02:12:11 ubuntu neutron-server[118991]: DEBUG neutron.api.extensions [None req-edddf3e9-7bdc-4d2a-878f-dc510302feb3 None None] Extended resource: agents {{(pid=118991) __init__ /opt/stack/neutron/neutron/api/extensions.py:157}}
May 14 02:12:11 ubuntu neutron-server[118991]: DEBUG neutron.api.extensions [None req-edddf3e9-7bdc-4d2a-878f-dc510302feb3 None None] Extended resource: auto-allocated-topology {{(pid=118991) __init__ /opt/stack/neutron/neutron/api/extensions.py:157}}
May 14 02:12:11 ubuntu neutron-server[118991]: DEBUG neutron.api.extensions [None req-edddf3e9-7bdc-4d2a-878f-dc510302feb3 None None] Extended resource: availability_zones {{(pid=118991) __init__ /opt/stack/neutron/neutron/api/extensions.py:157}}
May 14 02:12:11 ubuntu neutron-server[118991]: DEBUG neutron.api.extensions [None req-edddf3e9-7bdc-4d2a-878f-dc510302feb3 None None] Extended resource: flavors {{(pid=118991) __init__ /opt/stack/neutron/neutron/api/extensions.py:157}}
May 14 02:12:11 ubuntu neutron-server[118991]: DEBUG neutron.api.extensions [None req-edddf3e9-7bdc-4d2a-878f-dc510302feb3 None None] Extended resource: service_profiles {{(pid=118991) __init__ /opt/stack/neutron/neutron/api/extensions.py:157}}
May 14 02:12:11 ubuntu neutron-server[118991]: DEBUG neutron.api.extensions [None req-edddf3e9-7bdc-4d2a-878f-dc510302feb3 None None] Extended resource: next_providers {{(pid=118991) __init__ /opt/stack/neutron/neutron/api/extensions.py:157}}
May 14 02:12:11 ubuntu neutron-server[118991]: DEBUG neutron.api.extensions [None req-edddf3e9-7bdc-4d2a-878f-dc510302feb3 None None] Extended resource: service_profiles {{(pid=118991) __init__ /opt/stack/neutron/neutron/api/extensions.py:157}}
May 14 02:12:11 ubuntu neutron-server[118991]: DEBUG neutron.api.extensions [None req-edddf3e9-7bdc-4d2a-878f-dc510302feb3 None None] Extended resource: floatingip-pools {{(pid=118991) __init__ /opt/stack/neutron/neutron/api/extensions.py:157}}
May 14 02:12:11 ubuntu neutron-server[118991]: DEBUG neutron.api.extensions [None req-edddf3e9-7bdc-4d2a-878f-dc510302feb3 None None] Extended resource: routers {{(pid=118991) __init__ /opt/stack/neutron/neutron/api/extensions.py:157}}
May 14 02:12:11 ubuntu neutron-server[118991]: DEBUG neutron.api.extensions [None req-edddf3e9-7bdc-4d2a-878f-dc510302feb3 None None] Extended resource: floatingips {{(pid=118991) __init__ /opt/stack/neutron/neutron/api/extensions.py:157}}
May 14 02:12:11 ubuntu neutron-server[118991]: DEBUG neutron.api.extensions [None req-edddf3e9-7bdc-4d2a-878f-dc510302feb3 None None] Extended resource: network-ip-availabilities {{(pid=118991) __init__ /opt/stack/neutron/neutron/api/extensions.py:157}}
May 14 02:12:11 ubuntu neutron-server[118991]: DEBUG neutron.api.extensions [None req-edddf3e9-7bdc-4d2a-878f-dc510302feb3 None None] Extended resource: bindings {{(pid=118991) __init__ /opt/stack/neutron/neutron/api/extensions.py:157}}
May 14 02:12:11 ubuntu neutron-server[118991]: DEBUG neutron.api.extensions [None req-edddf3e9-7bdc-4d2a-878f-dc510302feb3 None None] Extended resource: quotas {{(pid=118991) __init__ /opt/stack/neutron/neutron/api/extensions.py:157}}
May 14 02:12:11 ubuntu neutron-server[118991]: DEBUG neutron.api.extensions [None req-edddf3e9-7bdc-4d2a-878f-dc510302feb3 None None] Extended resource: quotas {{(pid=118991) __init__ /opt/stack/neutron/neutron/api/extensions.py:157}}
May 14 02:12:11 ubuntu neutron-server[118991]: DEBUG neutron.api.extensions [None req-edddf3e9-7bdc-4d2a-878f-dc510302feb3 None None] Extended resource: rbac-policies {{(pid=118991) __init__ /opt/stack/neutron/neutron/api/extensions.py:157}}
May 14 02:12:11 ubuntu neutron-server[118991]: DEBUG neutron.api.extensions [None req-edddf3e9-7bdc-4d2a-878f-dc510302feb3 None None] Extended resource: security-groups {{(pid=118991) __init__ /opt/stack/neutron/neutron/api/extensions.py:157}}
May 14 02:12:11 ubuntu neutron-server[118991]: DEBUG neutron.api.extensions [None req-edddf3e9-7bdc-4d2a-878f-dc510302feb3 None None] Extended resource: security-group-rules {{(pid=118991) __init__ /opt/stack/neutron/neutron/api/extensions.py:157}}
May 14 02:12:11 ubuntu neutron-server[118991]: DEBUG neutron.api.extensions [None req-edddf3e9-7bdc-4d2a-878f-dc510302feb3 None None] Extended resource: service-providers {{(pid=118991) __init__ /opt/stack/neutron/neutron/api/extensions.py:157}}
May 14 02:12:11 ubuntu neutron-server[118991]: DEBUG neutron.api.extensions [None req-edddf3e9-7bdc-4d2a-878f-dc510302feb3 None None] Extended resource: tags {{(pid=118991) __init__ /opt/stack/neutron/neutron/api/extensions.py:157}}
May 14 02:12:11 ubuntu neutron-server[118991]: DEBUG neutron.api.extensions [None req-edddf3e9-7bdc-4d2a-878f-dc510302feb3 None None] Extended resource: tags {{(pid=118991) __init__ /opt/stack/neutron/neutron/api/extensions.py:157}}
May 14 02:12:11 ubuntu neutron-server[118991]: DEBUG neutron.api.extensions [None req-edddf3e9-7bdc-4d2a-878f-dc510302feb3 None None] Extended resource: tags {{(pid=118991) __init__ /opt/stack/neutron/neutron/api/extensions.py:157}}
May 14 02:12:11 ubuntu neutron-server[118991]: DEBUG neutron.api.extensions [None req-edddf3e9-7bdc-4d2a-878f-dc510302feb3 None None] Extended resource: tags {{(pid=118991) __init__ /opt/stack/neutron/neutron/api/extensions.py:157}}
May 14 02:12:11 ubuntu neutron-server[118991]: DEBUG neutron.api.extensions [None req-edddf3e9-7bdc-4d2a-878f-dc510302feb3 None None] Extended resource: tags {{(pid=118991) __init__ /opt/stack/neutron/neutron/api/extensions.py:157}}
May 14 02:12:11 ubuntu neutron-server[118991]: DEBUG neutron.api.extensions [None req-edddf3e9-7bdc-4d2a-878f-dc510302feb3 None None] Extended resource: tags {{(pid=118991) __init__ /opt/stack/neutron/neutron/api/extensions.py:157}}
May 14 02:12:11 ubuntu neutron-server[118991]: DEBUG neutron.api.extensions [None req-edddf3e9-7bdc-4d2a-878f-dc510302feb3 None None] Extended resource: tags {{(pid=118991) __init__ /opt/stack/neutron/neutron/api/extensions.py:157}}
May 14 02:12:11 ubuntu neutron-server[118991]: DEBUG neutron.api.extensions [None req-edddf3e9-7bdc-4d2a-878f-dc510302feb3 None None] Extended resource: tags {{(pid=118991) __init__ /opt/stack/neutron/neutron/api/extensions.py:157}}
May 14 02:12:11 ubuntu neutron-server[118991]: DEBUG neutron.api.extensions [None req-edddf3e9-7bdc-4d2a-878f-dc510302feb3 None None] Extended resource: tags {{(pid=118991) __init__ /opt/stack/neutron/neutron/api/extensions.py:157}}
May 14 02:12:11 ubuntu neutron-server[118991]: DEBUG neutron.api.extensions [None req-edddf3e9-7bdc-4d2a-878f-dc510302feb3 None None] Extended resource: tags {{(pid=118991) __init__ /opt/stack/neutron/neutron/api/extensions.py:157}}
May 14 02:12:11 ubuntu neutron-server[118991]: WARNING keystonemiddleware.auth_token [None req-edddf3e9-7bdc-4d2a-878f-dc510302feb3 None None] AuthToken middleware is set with keystone_authtoken.service_token_roles_required set to False. This is backwards compatible but deprecated behaviour. Please set this to True.
May 14 02:12:11 ubuntu neutron-server[118991]: WARNING keystonemiddleware.auth_token [None req-edddf3e9-7bdc-4d2a-878f-dc510302feb3 None None] Configuring www_authenticate_uri to point to the public identity endpoint is required; clients may not be able to authenticate against an admin endpoint
May 14 02:12:11 ubuntu neutron-server[118991]: DEBUG oslo_concurrency.lockutils [None req-edddf3e9-7bdc-4d2a-878f-dc510302feb3 None None] Acquired lock "singleton_lock" {{(pid=118991) lock /usr/local/lib/python3.8/dist-packages/oslo_concurrency/lockutils.py:294}}
May 14 02:12:11 ubuntu neutron-server[118991]: DEBUG oslo_concurrency.lockutils [None req-edddf3e9-7bdc-4d2a-878f-dc510302feb3 None None] Releasing lock "singleton_lock" {{(pid=118991) lock /usr/local/lib/python3.8/dist-packages/oslo_concurrency/lockutils.py:312}}
May 14 02:12:11 ubuntu neutron-server[118991]: INFO oslo_service.service [None req-edddf3e9-7bdc-4d2a-878f-dc510302feb3 None None] Starting 2 workers
May 14 02:12:11 ubuntu neutron-server[118991]: DEBUG oslo_service.service [None req-edddf3e9-7bdc-4d2a-878f-dc510302feb3 None None] Started child 119200 {{(pid=118991) _start_child /usr/local/lib/python3.8/dist-packages/oslo_service/service.py:575}}
May 14 02:12:11 ubuntu neutron-server[118991]: DEBUG oslo_service.service [None req-edddf3e9-7bdc-4d2a-878f-dc510302feb3 None None] Started child 119201 {{(pid=118991) _start_child /usr/local/lib/python3.8/dist-packages/oslo_service/service.py:575}}
May 14 02:12:11 ubuntu neutron-server[118991]: INFO neutron.service [None req-edddf3e9-7bdc-4d2a-878f-dc510302feb3 None None] Neutron service started, listening on 0.0.0.0:9696
May 14 02:12:11 ubuntu neutron-server[118991]: DEBUG neutron_lib.callbacks.manager [None req-edddf3e9-7bdc-4d2a-878f-dc510302feb3 None None] Publish callbacks ['neutron.plugins.ml2.drivers.ovn.mech_driver.mech_driver.OVNMechanismDriver.pre_fork_initialize-3903290'] for process (None), before_spawn {{(pid=118991) _notify_loop /usr/local/lib/python3.8/dist-packages/neutron_lib/callbacks/manager.py:176}}
May 14 02:12:11 ubuntu neutron-server[119200]: DEBUG neutron_lib.callbacks.manager [-] Publish callbacks ['neutron.plugins.ml2.drivers.ovn.mech_driver.mech_driver.OVNMechanismDriver.post_fork_initialize-4166866'] for process (None), after_init {{(pid=119200) _notify_loop /usr/local/lib/python3.8/dist-packages/neutron_lib/callbacks/manager.py:176}}
May 14 02:12:11 ubuntu neutron-server[119201]: DEBUG neutron_lib.callbacks.manager [-] Publish callbacks ['neutron.plugins.ml2.drivers.ovn.mech_driver.mech_driver.OVNMechanismDriver.post_fork_initialize-4166866'] for process (None), after_init {{(pid=119201) _notify_loop /usr/local/lib/python3.8/dist-packages/neutron_lib/callbacks/manager.py:176}}
May 14 02:12:11 ubuntu neutron-server[118991]: DEBUG ovsdbapp.backend.ovs_idl [None req-edddf3e9-7bdc-4d2a-878f-dc510302feb3 None None] Created schema index Port_Group.name {{(pid=118991) autocreate_indices /usr/local/lib/python3.8/dist-packages/ovsdbapp/backend/ovs_idl/__init__.py:104}}
May 14 02:12:11 ubuntu neutron-server[118991]: DEBUG ovsdbapp.backend.ovs_idl [None req-edddf3e9-7bdc-4d2a-878f-dc510302feb3 None None] Created schema index Logical_Switch_Port.name {{(pid=118991) autocreate_indices /usr/local/lib/python3.8/dist-packages/ovsdbapp/backend/ovs_idl/__init__.py:104}}
May 14 02:12:11 ubuntu neutron-server[119200]: INFO neutron.plugins.ml2.drivers.ovn.mech_driver.ovsdb.impl_idl_ovn [None req-8175d60a-ca63-4bbc-a731-c90d3ab0afde None None] Getting OvsdbNbOvnIdl for WorkerService with retry
May 14 02:12:11 ubuntu neutron-server[119201]: INFO neutron.plugins.ml2.drivers.ovn.mech_driver.ovsdb.impl_idl_ovn [None req-f870d5a2-7efa-4172-8522-470ba59552fa None None] Getting OvsdbNbOvnIdl for WorkerService with retry
May 14 02:12:11 ubuntu neutron-server[118991]: DEBUG ovsdbapp.backend.ovs_idl.transaction [-] Running txn n=1 command(idx=0): PgAddCommand(name=neutron_pg_drop, may_exist=True, columns={'acls': []}) {{(pid=118991) do_commit /usr/local/lib/python3.8/dist-packages/ovsdbapp/backend/ovs_idl/transaction.py:90}}
May 14 02:12:11 ubuntu neutron-server[118991]: DEBUG ovsdbapp.backend.ovs_idl.transaction [-] Running txn n=1 command(idx=1): PgAclAddCommand(entity=neutron_pg_drop, direction=from-lport, priority=1001, match=inport == @neutron_pg_drop && ip, action=drop, log=False, may_exist=True, severity=[], name=[], meter=None, external_ids={}) {{(pid=118991) do_commit /usr/local/lib/python3.8/dist-packages/ovsdbapp/backend/ovs_idl/transaction.py:90}}
May 14 02:12:11 ubuntu neutron-server[118991]: DEBUG ovsdbapp.backend.ovs_idl.transaction [-] Running txn n=1 command(idx=2): PgAclAddCommand(entity=neutron_pg_drop, direction=to-lport, priority=1001, match=outport == @neutron_pg_drop && ip, action=drop, log=False, may_exist=True, severity=[], name=[], meter=None, external_ids={}) {{(pid=118991) do_commit /usr/local/lib/python3.8/dist-packages/ovsdbapp/backend/ovs_idl/transaction.py:90}}
May 14 02:12:11 ubuntu neutron-server[118991]: DEBUG ovsdbapp.backend.ovs_idl.event [-] Matched CREATE: NeutronPgDropPortGroupCreated(events=('create',), table='Port_Group', conditions=(('name', '=', 'neutron_pg_drop'),), old_conditions=None), priority=10 to row=Port_Group(name=neutron_pg_drop, ports=[], external_ids={}, acls=[<ovs.db.idl.Row object at 0x7fa301629280>, <ovs.db.idl.Row object at 0x7fa301629ca0>]) old= {{(pid=118991) matches /usr/local/lib/python3.8/dist-packages/ovsdbapp/backend/ovs_idl/event.py:43}}
May 14 02:12:11 ubuntu neutron-server[119200]: DEBUG ovsdbapp.backend.ovs_idl [None req-8175d60a-ca63-4bbc-a731-c90d3ab0afde None None] Created lookup_table index Logical_Switch.name {{(pid=119200) autocreate_indices /usr/local/lib/python3.8/dist-packages/ovsdbapp/backend/ovs_idl/__init__.py:85}}
May 14 02:12:11 ubuntu neutron-server[119201]: DEBUG ovsdbapp.backend.ovs_idl [None req-f870d5a2-7efa-4172-8522-470ba59552fa None None] Created lookup_table index Logical_Switch.name {{(pid=119201) autocreate_indices /usr/local/lib/python3.8/dist-packages/ovsdbapp/backend/ovs_idl/__init__.py:85}}
May 14 02:12:11 ubuntu neutron-server[119200]: DEBUG ovsdbapp.backend.ovs_idl [None req-8175d60a-ca63-4bbc-a731-c90d3ab0afde None None] Created lookup_table index Logical_Router.name {{(pid=119200) autocreate_indices /usr/local/lib/python3.8/dist-packages/ovsdbapp/backend/ovs_idl/__init__.py:85}}
May 14 02:12:11 ubuntu neutron-server[119201]: DEBUG ovsdbapp.backend.ovs_idl [None req-f870d5a2-7efa-4172-8522-470ba59552fa None None] Created lookup_table index Logical_Router.name {{(pid=119201) autocreate_indices /usr/local/lib/python3.8/dist-packages/ovsdbapp/backend/ovs_idl/__init__.py:85}}
May 14 02:12:11 ubuntu neutron-server[119201]: DEBUG ovsdbapp.backend.ovs_idl [None req-f870d5a2-7efa-4172-8522-470ba59552fa None None] Created lookup_table index Load_Balancer.name {{(pid=119201) autocreate_indices /usr/local/lib/python3.8/dist-packages/ovsdbapp/backend/ovs_idl/__init__.py:85}}
May 14 02:12:11 ubuntu neutron-server[119201]: DEBUG ovsdbapp.backend.ovs_idl [None req-f870d5a2-7efa-4172-8522-470ba59552fa None None] Created schema index Meter.name {{(pid=119201) autocreate_indices /usr/local/lib/python3.8/dist-packages/ovsdbapp/backend/ovs_idl/__init__.py:104}}
May 14 02:12:11 ubuntu neutron-server[119201]: DEBUG ovsdbapp.backend.ovs_idl [None req-f870d5a2-7efa-4172-8522-470ba59552fa None None] Created schema index Address_Set.name {{(pid=119201) autocreate_indices /usr/local/lib/python3.8/dist-packages/ovsdbapp/backend/ovs_idl/__init__.py:104}}
May 14 02:12:11 ubuntu neutron-server[119200]: DEBUG ovsdbapp.backend.ovs_idl [None req-8175d60a-ca63-4bbc-a731-c90d3ab0afde None None] Created lookup_table index Load_Balancer.name {{(pid=119200) autocreate_indices /usr/local/lib/python3.8/dist-packages/ovsdbapp/backend/ovs_idl/__init__.py:85}}
May 14 02:12:11 ubuntu neutron-server[119201]: DEBUG ovsdbapp.backend.ovs_idl [None req-f870d5a2-7efa-4172-8522-470ba59552fa None None] Created schema index HA_Chassis_Group.name {{(pid=119201) autocreate_indices /usr/local/lib/python3.8/dist-packages/ovsdbapp/backend/ovs_idl/__init__.py:104}}
May 14 02:12:11 ubuntu neutron-server[119200]: DEBUG ovsdbapp.backend.ovs_idl [None req-8175d60a-ca63-4bbc-a731-c90d3ab0afde None None] Created schema index Meter.name {{(pid=119200) autocreate_indices /usr/local/lib/python3.8/dist-packages/ovsdbapp/backend/ovs_idl/__init__.py:104}}
May 14 02:12:11 ubuntu neutron-server[119201]: DEBUG ovsdbapp.backend.ovs_idl [None req-f870d5a2-7efa-4172-8522-470ba59552fa None None] Created schema index Connection.target {{(pid=119201) autocreate_indices /usr/local/lib/python3.8/dist-packages/ovsdbapp/backend/ovs_idl/__init__.py:104}}
May 14 02:12:11 ubuntu neutron-server[119200]: DEBUG ovsdbapp.backend.ovs_idl [None req-8175d60a-ca63-4bbc-a731-c90d3ab0afde None None] Created schema index Address_Set.name {{(pid=119200) autocreate_indices /usr/local/lib/python3.8/dist-packages/ovsdbapp/backend/ovs_idl/__init__.py:104}}
May 14 02:12:11 ubuntu neutron-server[119201]: DEBUG ovsdbapp.backend.ovs_idl [None req-f870d5a2-7efa-4172-8522-470ba59552fa None None] Created schema index Gateway_Chassis.name {{(pid=119201) autocreate_indices /usr/local/lib/python3.8/dist-packages/ovsdbapp/backend/ovs_idl/__init__.py:104}}
May 14 02:12:11 ubuntu neutron-server[119200]: DEBUG ovsdbapp.backend.ovs_idl [None req-8175d60a-ca63-4bbc-a731-c90d3ab0afde None None] Created schema index HA_Chassis_Group.name {{(pid=119200) autocreate_indices /usr/local/lib/python3.8/dist-packages/ovsdbapp/backend/ovs_idl/__init__.py:104}}
May 14 02:12:11 ubuntu neutron-server[119201]: DEBUG ovsdbapp.backend.ovs_idl [None req-f870d5a2-7efa-4172-8522-470ba59552fa None None] Created schema index Logical_Router_Port.name {{(pid=119201) autocreate_indices /usr/local/lib/python3.8/dist-packages/ovsdbapp/backend/ovs_idl/__init__.py:104}}
May 14 02:12:11 ubuntu neutron-server[119200]: DEBUG ovsdbapp.backend.ovs_idl [None req-8175d60a-ca63-4bbc-a731-c90d3ab0afde None None] Created schema index Connection.target {{(pid=119200) autocreate_indices /usr/local/lib/python3.8/dist-packages/ovsdbapp/backend/ovs_idl/__init__.py:104}}
May 14 02:12:11 ubuntu neutron-server[119201]: DEBUG ovsdbapp.backend.ovs_idl [None req-f870d5a2-7efa-4172-8522-470ba59552fa None None] Created schema index Port_Group.name {{(pid=119201) autocreate_indices /usr/local/lib/python3.8/dist-packages/ovsdbapp/backend/ovs_idl/__init__.py:104}}
May 14 02:12:11 ubuntu neutron-server[119200]: DEBUG ovsdbapp.backend.ovs_idl [None req-8175d60a-ca63-4bbc-a731-c90d3ab0afde None None] Created schema index Gateway_Chassis.name {{(pid=119200) autocreate_indices /usr/local/lib/python3.8/dist-packages/ovsdbapp/backend/ovs_idl/__init__.py:104}}
May 14 02:12:11 ubuntu neutron-server[119201]: DEBUG ovsdbapp.backend.ovs_idl [None req-f870d5a2-7efa-4172-8522-470ba59552fa None None] Created schema index Logical_Switch_Port.name {{(pid=119201) autocreate_indices /usr/local/lib/python3.8/dist-packages/ovsdbapp/backend/ovs_idl/__init__.py:104}}
May 14 02:12:11 ubuntu neutron-server[119200]: DEBUG ovsdbapp.backend.ovs_idl [None req-8175d60a-ca63-4bbc-a731-c90d3ab0afde None None] Created schema index Logical_Router_Port.name {{(pid=119200) autocreate_indices /usr/local/lib/python3.8/dist-packages/ovsdbapp/backend/ovs_idl/__init__.py:104}}
May 14 02:12:11 ubuntu neutron-server[119200]: DEBUG ovsdbapp.backend.ovs_idl [None req-8175d60a-ca63-4bbc-a731-c90d3ab0afde None None] Created schema index Port_Group.name {{(pid=119200) autocreate_indices /usr/local/lib/python3.8/dist-packages/ovsdbapp/backend/ovs_idl/__init__.py:104}}
May 14 02:12:11 ubuntu neutron-server[119200]: DEBUG ovsdbapp.backend.ovs_idl [None req-8175d60a-ca63-4bbc-a731-c90d3ab0afde None None] Created schema index Logical_Switch_Port.name {{(pid=119200) autocreate_indices /usr/local/lib/python3.8/dist-packages/ovsdbapp/backend/ovs_idl/__init__.py:104}}
May 14 02:12:11 ubuntu neutron-server[119200]: INFO ovsdbapp.backend.ovs_idl.vlog [None req-8175d60a-ca63-4bbc-a731-c90d3ab0afde None None] tcp:192.168.79.38:6641: connecting...
May 14 02:12:11 ubuntu neutron-server[119200]: INFO ovsdbapp.backend.ovs_idl.vlog [None req-8175d60a-ca63-4bbc-a731-c90d3ab0afde None None] tcp:192.168.79.38:6641: connected
May 14 02:12:11 ubuntu neutron-server[119201]: INFO ovsdbapp.backend.ovs_idl.vlog [None req-f870d5a2-7efa-4172-8522-470ba59552fa None None] tcp:192.168.79.38:6641: connecting...
May 14 02:12:11 ubuntu neutron-server[119201]: INFO ovsdbapp.backend.ovs_idl.vlog [None req-f870d5a2-7efa-4172-8522-470ba59552fa None None] tcp:192.168.79.38:6641: connected
May 14 02:12:11 ubuntu neutron-server[118991]: DEBUG ovsdbapp.backend.ovs_idl [None req-edddf3e9-7bdc-4d2a-878f-dc510302feb3 None None] Created lookup_table index Logical_Switch.name {{(pid=118991) autocreate_indices /usr/local/lib/python3.8/dist-packages/ovsdbapp/backend/ovs_idl/__init__.py:85}}
May 14 02:12:11 ubuntu neutron-server[118991]: DEBUG ovsdbapp.backend.ovs_idl [None req-edddf3e9-7bdc-4d2a-878f-dc510302feb3 None None] Created lookup_table index Logical_Router.name {{(pid=118991) autocreate_indices /usr/local/lib/python3.8/dist-packages/ovsdbapp/backend/ovs_idl/__init__.py:85}}
May 14 02:12:11 ubuntu neutron-server[118991]: DEBUG ovsdbapp.backend.ovs_idl [None req-edddf3e9-7bdc-4d2a-878f-dc510302feb3 None None] Created lookup_table index Load_Balancer.name {{(pid=118991) autocreate_indices /usr/local/lib/python3.8/dist-packages/ovsdbapp/backend/ovs_idl/__init__.py:85}}
May 14 02:12:11 ubuntu neutron-server[118991]: DEBUG ovsdbapp.backend.ovs_idl [None req-edddf3e9-7bdc-4d2a-878f-dc510302feb3 None None] Created schema index Meter.name {{(pid=118991) autocreate_indices /usr/local/lib/python3.8/dist-packages/ovsdbapp/backend/ovs_idl/__init__.py:104}}
May 14 02:12:11 ubuntu neutron-server[118991]: DEBUG ovsdbapp.backend.ovs_idl [None req-edddf3e9-7bdc-4d2a-878f-dc510302feb3 None None] Created schema index Address_Set.name {{(pid=118991) autocreate_indices /usr/local/lib/python3.8/dist-packages/ovsdbapp/backend/ovs_idl/__init__.py:104}}
May 14 02:12:11 ubuntu neutron-server[118991]: DEBUG ovsdbapp.backend.ovs_idl [None req-edddf3e9-7bdc-4d2a-878f-dc510302feb3 None None] Created schema index HA_Chassis_Group.name {{(pid=118991) autocreate_indices /usr/local/lib/python3.8/dist-packages/ovsdbapp/backend/ovs_idl/__init__.py:104}}
May 14 02:12:11 ubuntu neutron-server[118991]: DEBUG ovsdbapp.backend.ovs_idl [None req-edddf3e9-7bdc-4d2a-878f-dc510302feb3 None None] Created schema index Connection.target {{(pid=118991) autocreate_indices /usr/local/lib/python3.8/dist-packages/ovsdbapp/backend/ovs_idl/__init__.py:104}}
May 14 02:12:11 ubuntu neutron-server[118991]: DEBUG ovsdbapp.backend.ovs_idl [None req-edddf3e9-7bdc-4d2a-878f-dc510302feb3 None None] Created schema index Gateway_Chassis.name {{(pid=118991) autocreate_indices /usr/local/lib/python3.8/dist-packages/ovsdbapp/backend/ovs_idl/__init__.py:104}}
May 14 02:12:11 ubuntu neutron-server[118991]: DEBUG ovsdbapp.backend.ovs_idl [None req-edddf3e9-7bdc-4d2a-878f-dc510302feb3 None None] Created schema index Logical_Router_Port.name {{(pid=118991) autocreate_indices /usr/local/lib/python3.8/dist-packages/ovsdbapp/backend/ovs_idl/__init__.py:104}}
May 14 02:12:11 ubuntu neutron-server[118991]: DEBUG ovsdbapp.backend.ovs_idl [None req-edddf3e9-7bdc-4d2a-878f-dc510302feb3 None None] Created schema index Port_Group.name {{(pid=118991) autocreate_indices /usr/local/lib/python3.8/dist-packages/ovsdbapp/backend/ovs_idl/__init__.py:104}}
May 14 02:12:11 ubuntu neutron-server[118991]: DEBUG ovsdbapp.backend.ovs_idl [None req-edddf3e9-7bdc-4d2a-878f-dc510302feb3 None None] Created schema index Logical_Switch_Port.name {{(pid=118991) autocreate_indices /usr/local/lib/python3.8/dist-packages/ovsdbapp/backend/ovs_idl/__init__.py:104}}
May 14 02:12:11 ubuntu neutron-server[119200]: DEBUG neutron.common.ovn.hash_ring_manager [None req-8175d60a-ca63-4bbc-a731-c90d3ab0afde None None] Allow caching, nodes 2>=2 {{(pid=119200) _wait_startup_before_caching /opt/stack/neutron/neutron/common/ovn/hash_ring_manager.py:60}}
May 14 02:12:11 ubuntu neutron-server[119201]: DEBUG neutron.common.ovn.hash_ring_manager [None req-f870d5a2-7efa-4172-8522-470ba59552fa None None] Allow caching, nodes 2>=2 {{(pid=119201) _wait_startup_before_caching /opt/stack/neutron/neutron/common/ovn/hash_ring_manager.py:60}}
May 14 02:12:11 ubuntu neutron-server[119200]: DEBUG neutron.plugins.ml2.drivers.ovn.mech_driver.ovsdb.ovsdb_monitor [None req-8175d60a-ca63-4bbc-a731-c90d3ab0afde None None] Hash Ring: Node 531c1439-bbd7-4c0e-99c0-ae0770096ab6 (host: ubuntu) handling event "create" for row 792ee569-1778-4bb2-9d90-84cabf407b40 (table: Database) {{(pid=119200) notify /opt/stack/neutron/neutron/plugins/ml2/drivers/ovn/mech_driver/ovsdb/ovsdb_monitor.py:815}}
May 14 02:12:11 ubuntu neutron-server[119200]: DEBUG neutron.plugins.ml2.drivers.ovn.mech_driver.ovsdb.ovsdb_monitor [None req-8175d60a-ca63-4bbc-a731-c90d3ab0afde None None] Hash Ring: Node 531c1439-bbd7-4c0e-99c0-ae0770096ab6 (host: ubuntu) handling event "create" for row 51af9122-24c0-41e3-8f43-a7045135df70 (table: NB_Global) {{(pid=119200) notify /opt/stack/neutron/neutron/plugins/ml2/drivers/ovn/mech_driver/ovsdb/ovsdb_monitor.py:815}}
May 14 02:12:11 ubuntu neutron-server[119201]: DEBUG neutron.plugins.ml2.drivers.ovn.mech_driver.ovsdb.ovsdb_monitor [None req-f870d5a2-7efa-4172-8522-470ba59552fa None None] Hash Ring: Node df42da36-fb33-4998-a4de-3c7a05e0c514 (host: ubuntu) handling event "create" for row 2975d51f-e2c0-4d91-9337-aa3024a17593 (table: Database) {{(pid=119201) notify /opt/stack/neutron/neutron/plugins/ml2/drivers/ovn/mech_driver/ovsdb/ovsdb_monitor.py:815}}
May 14 02:12:11 ubuntu neutron-server[119200]: INFO neutron.plugins.ml2.drivers.ovn.mech_driver.ovsdb.impl_idl_ovn [None req-8175d60a-ca63-4bbc-a731-c90d3ab0afde None None] Getting OvsdbSbOvnIdl for WorkerService with retry
May 14 02:12:11 ubuntu neutron-server[119201]: DEBUG neutron.plugins.ml2.drivers.ovn.mech_driver.ovsdb.ovsdb_monitor [None req-f870d5a2-7efa-4172-8522-470ba59552fa None None] Hash Ring: Node df42da36-fb33-4998-a4de-3c7a05e0c514 (host: ubuntu) handling event "create" for row 78e6efbb-bd9e-4fc5-b927-7ab34b7b7e53 (table: Port_Group) {{(pid=119201) notify /opt/stack/neutron/neutron/plugins/ml2/drivers/ovn/mech_driver/ovsdb/ovsdb_monitor.py:815}}
May 14 02:12:11 ubuntu neutron-server[119201]: DEBUG neutron.plugins.ml2.drivers.ovn.mech_driver.ovsdb.ovsdb_monitor [None req-f870d5a2-7efa-4172-8522-470ba59552fa None None] Hash Ring: Node df42da36-fb33-4998-a4de-3c7a05e0c514 (host: ubuntu) handling event "create" for row 3d03e881-0d66-4f31-a106-ddc06c8f672d (table: ACL) {{(pid=119201) notify /opt/stack/neutron/neutron/plugins/ml2/drivers/ovn/mech_driver/ovsdb/ovsdb_monitor.py:815}}
May 14 02:12:11 ubuntu neutron-server[119201]: DEBUG neutron.plugins.ml2.drivers.ovn.mech_driver.ovsdb.ovsdb_monitor [None req-f870d5a2-7efa-4172-8522-470ba59552fa None None] Hash Ring: Node df42da36-fb33-4998-a4de-3c7a05e0c514 (host: ubuntu) handling event "create" for row 53315c4b-bc19-49c2-971f-731eb6977a13 (table: ACL) {{(pid=119201) notify /opt/stack/neutron/neutron/plugins/ml2/drivers/ovn/mech_driver/ovsdb/ovsdb_monitor.py:815}}
May 14 02:12:11 ubuntu neutron-server[119201]: DEBUG neutron.plugins.ml2.drivers.ovn.mech_driver.ovsdb.ovsdb_monitor [None req-f870d5a2-7efa-4172-8522-470ba59552fa None None] Hash Ring: Node df42da36-fb33-4998-a4de-3c7a05e0c514 (host: ubuntu) handling event "create" for row 58955369-83ea-422e-9dca-217ffac032ec (table: Connection) {{(pid=119201) notify /opt/stack/neutron/neutron/plugins/ml2/drivers/ovn/mech_driver/ovsdb/ovsdb_monitor.py:815}}
May 14 02:12:11 ubuntu neutron-server[119200]: DEBUG ovsdbapp.backend.ovs_idl [None req-8175d60a-ca63-4bbc-a731-c90d3ab0afde None None] Created lookup_table index Chassis.name {{(pid=119200) autocreate_indices /usr/local/lib/python3.8/dist-packages/ovsdbapp/backend/ovs_idl/__init__.py:85}}
May 14 02:12:11 ubuntu neutron-server[119200]: DEBUG ovsdbapp.backend.ovs_idl [None req-8175d60a-ca63-4bbc-a731-c90d3ab0afde None None] Created schema index Datapath_Binding.tunnel_key {{(pid=119200) autocreate_indices /usr/local/lib/python3.8/dist-packages/ovsdbapp/backend/ovs_idl/__init__.py:104}}
May 14 02:12:11 ubuntu neutron-server[119200]: DEBUG ovsdbapp.backend.ovs_idl [None req-8175d60a-ca63-4bbc-a731-c90d3ab0afde None None] Created schema index Connection.target {{(pid=119200) autocreate_indices /usr/local/lib/python3.8/dist-packages/ovsdbapp/backend/ovs_idl/__init__.py:104}}
May 14 02:12:11 ubuntu neutron-server[118991]: DEBUG ovsdbapp.backend.ovs_idl [None req-edddf3e9-7bdc-4d2a-878f-dc510302feb3 None None] Created lookup_table index Chassis.name {{(pid=118991) autocreate_indices /usr/local/lib/python3.8/dist-packages/ovsdbapp/backend/ovs_idl/__init__.py:85}}
May 14 02:12:11 ubuntu neutron-server[119200]: INFO ovsdbapp.backend.ovs_idl.vlog [None req-8175d60a-ca63-4bbc-a731-c90d3ab0afde None None] tcp:192.168.79.38:6642: connecting...
May 14 02:12:11 ubuntu neutron-server[119200]: INFO ovsdbapp.backend.ovs_idl.vlog [None req-8175d60a-ca63-4bbc-a731-c90d3ab0afde None None] tcp:192.168.79.38:6642: connected
May 14 02:12:11 ubuntu neutron-server[118991]: DEBUG ovsdbapp.backend.ovs_idl [None req-edddf3e9-7bdc-4d2a-878f-dc510302feb3 None None] Created lookup_table index MAC_Binding.ip {{(pid=118991) autocreate_indices /usr/local/lib/python3.8/dist-packages/ovsdbapp/backend/ovs_idl/__init__.py:85}}
May 14 02:12:11 ubuntu neutron-server[118991]: DEBUG ovsdbapp.backend.ovs_idl [None req-edddf3e9-7bdc-4d2a-878f-dc510302feb3 None None] Created schema index Meter.name {{(pid=118991) autocreate_indices /usr/local/lib/python3.8/dist-packages/ovsdbapp/backend/ovs_idl/__init__.py:104}}
May 14 02:12:11 ubuntu neutron-server[118991]: DEBUG ovsdbapp.backend.ovs_idl [None req-edddf3e9-7bdc-4d2a-878f-dc510302feb3 None None] Created schema index Address_Set.name {{(pid=118991) autocreate_indices /usr/local/lib/python3.8/dist-packages/ovsdbapp/backend/ovs_idl/__init__.py:104}}
May 14 02:12:11 ubuntu neutron-server[118991]: DEBUG ovsdbapp.backend.ovs_idl [None req-edddf3e9-7bdc-4d2a-878f-dc510302feb3 None None] Created schema index HA_Chassis_Group.name {{(pid=118991) autocreate_indices /usr/local/lib/python3.8/dist-packages/ovsdbapp/backend/ovs_idl/__init__.py:104}}
May 14 02:12:11 ubuntu neutron-server[118991]: DEBUG ovsdbapp.backend.ovs_idl [None req-edddf3e9-7bdc-4d2a-878f-dc510302feb3 None None] Created schema index IP_Multicast.datapath {{(pid=118991) autocreate_indices /usr/local/lib/python3.8/dist-packages/ovsdbapp/backend/ovs_idl/__init__.py:104}}
May 14 02:12:11 ubuntu neutron-server[118991]: DEBUG ovsdbapp.backend.ovs_idl [None req-edddf3e9-7bdc-4d2a-878f-dc510302feb3 None None] Created schema index Connection.target {{(pid=118991) autocreate_indices /usr/local/lib/python3.8/dist-packages/ovsdbapp/backend/ovs_idl/__init__.py:104}}
May 14 02:12:11 ubuntu neutron-server[118991]: DEBUG ovsdbapp.backend.ovs_idl [None req-edddf3e9-7bdc-4d2a-878f-dc510302feb3 None None] Created schema index Gateway_Chassis.name {{(pid=118991) autocreate_indices /usr/local/lib/python3.8/dist-packages/ovsdbapp/backend/ovs_idl/__init__.py:104}}
May 14 02:12:11 ubuntu neutron-server[118991]: DEBUG ovsdbapp.backend.ovs_idl [None req-edddf3e9-7bdc-4d2a-878f-dc510302feb3 None None] Created schema index Port_Group.name {{(pid=118991) autocreate_indices /usr/local/lib/python3.8/dist-packages/ovsdbapp/backend/ovs_idl/__init__.py:104}}
May 14 02:12:11 ubuntu neutron-server[118991]: DEBUG ovsdbapp.backend.ovs_idl [None req-edddf3e9-7bdc-4d2a-878f-dc510302feb3 None None] Created schema index Datapath_Binding.tunnel_key {{(pid=118991) autocreate_indices /usr/local/lib/python3.8/dist-packages/ovsdbapp/backend/ovs_idl/__init__.py:104}}
May 14 02:12:11 ubuntu neutron-server[119201]: INFO neutron.plugins.ml2.drivers.ovn.mech_driver.ovsdb.impl_idl_ovn [None req-f870d5a2-7efa-4172-8522-470ba59552fa None None] Getting OvsdbSbOvnIdl for WorkerService with retry
May 14 02:12:11 ubuntu neutron-server[119201]: DEBUG ovsdbapp.backend.ovs_idl [None req-f870d5a2-7efa-4172-8522-470ba59552fa None None] Created lookup_table index Chassis.name {{(pid=119201) autocreate_indices /usr/local/lib/python3.8/dist-packages/ovsdbapp/backend/ovs_idl/__init__.py:85}}
May 14 02:12:11 ubuntu neutron-server[119201]: DEBUG ovsdbapp.backend.ovs_idl [None req-f870d5a2-7efa-4172-8522-470ba59552fa None None] Created schema index Datapath_Binding.tunnel_key {{(pid=119201) autocreate_indices /usr/local/lib/python3.8/dist-packages/ovsdbapp/backend/ovs_idl/__init__.py:104}}
May 14 02:12:11 ubuntu neutron-server[119201]: DEBUG ovsdbapp.backend.ovs_idl [None req-f870d5a2-7efa-4172-8522-470ba59552fa None None] Created schema index Connection.target {{(pid=119201) autocreate_indices /usr/local/lib/python3.8/dist-packages/ovsdbapp/backend/ovs_idl/__init__.py:104}}
May 14 02:12:11 ubuntu neutron-server[119201]: INFO ovsdbapp.backend.ovs_idl.vlog [None req-f870d5a2-7efa-4172-8522-470ba59552fa None None] tcp:192.168.79.38:6642: connecting...
May 14 02:12:11 ubuntu neutron-server[119201]: INFO ovsdbapp.backend.ovs_idl.vlog [None req-f870d5a2-7efa-4172-8522-470ba59552fa None None] tcp:192.168.79.38:6642: connected
May 14 02:12:11 ubuntu neutron-server[119200]: DEBUG neutron.common.ovn.hash_ring_manager [None req-8175d60a-ca63-4bbc-a731-c90d3ab0afde None None] Allow caching, nodes 2>=2 {{(pid=119200) _wait_startup_before_caching /opt/stack/neutron/neutron/common/ovn/hash_ring_manager.py:60}}
May 14 02:12:11 ubuntu neutron-server[119200]: DEBUG neutron.plugins.ml2.drivers.ovn.mech_driver.ovsdb.ovsdb_monitor [None req-8175d60a-ca63-4bbc-a731-c90d3ab0afde None None] Hash Ring: Node 531c1439-bbd7-4c0e-99c0-ae0770096ab6 (host: ubuntu) handling event "create" for row ce8b89f6-2bb3-4cca-af5f-d3f5320fcf23 (table: Database) {{(pid=119200) notify /opt/stack/neutron/neutron/plugins/ml2/drivers/ovn/mech_driver/ovsdb/ovsdb_monitor.py:815}}
May 14 02:12:11 ubuntu neutron-server[119200]: DEBUG neutron.plugins.ml2.drivers.ovn.mech_driver.ovsdb.ovsdb_monitor [None req-8175d60a-ca63-4bbc-a731-c90d3ab0afde None None] Hash Ring: Node 531c1439-bbd7-4c0e-99c0-ae0770096ab6 (host: ubuntu) handling event "create" for row 52f4da3f-b8ff-4ccb-aec7-4c358464e8a7 (table: Database) {{(pid=119200) notify /opt/stack/neutron/neutron/plugins/ml2/drivers/ovn/mech_driver/ovsdb/ovsdb_monitor.py:815}}
May 14 02:12:11 ubuntu neutron-server[119200]: DEBUG neutron.plugins.ml2.drivers.ovn.mech_driver.ovsdb.ovsdb_monitor [None req-8175d60a-ca63-4bbc-a731-c90d3ab0afde None None] Hash Ring: Node 531c1439-bbd7-4c0e-99c0-ae0770096ab6 (host: ubuntu) handling event "create" for row f0c498b6-1826-475d-b849-3e4d8bc00b91 (table: Encap) {{(pid=119200) notify /opt/stack/neutron/neutron/plugins/ml2/drivers/ovn/mech_driver/ovsdb/ovsdb_monitor.py:815}}
May 14 02:12:11 ubuntu neutron-server[119200]: DEBUG neutron.plugins.ml2.drivers.ovn.mech_driver.ovsdb.ovsdb_monitor [None req-8175d60a-ca63-4bbc-a731-c90d3ab0afde None None] ChassisAgentWriteEvent : Matched Chassis, create, None None {{(pid=119200) matches /opt/stack/neutron/neutron/plugins/ml2/drivers/ovn/mech_driver/ovsdb/ovsdb_monitor.py:62}}
May 14 02:12:11 ubuntu neutron-server[119200]: DEBUG neutron.plugins.ml2.drivers.ovn.mech_driver.ovsdb.ovsdb_monitor [None req-8175d60a-ca63-4bbc-a731-c90d3ab0afde None None] ChassisMetadataAgentWriteEvent : Matched Chassis, create, None None {{(pid=119200) matches /opt/stack/neutron/neutron/plugins/ml2/drivers/ovn/mech_driver/ovsdb/ovsdb_monitor.py:62}}
May 14 02:12:11 ubuntu neutron-server[119200]: DEBUG neutron.plugins.ml2.drivers.ovn.mech_driver.ovsdb.ovsdb_monitor [None req-8175d60a-ca63-4bbc-a731-c90d3ab0afde None None] Hash Ring: Node 531c1439-bbd7-4c0e-99c0-ae0770096ab6 (host: ubuntu) handling event "create" for row 770d3db3-9c9b-4343-a846-0764058758ee (table: Chassis) {{(pid=119200) notify /opt/stack/neutron/neutron/plugins/ml2/drivers/ovn/mech_driver/ovsdb/ovsdb_monitor.py:815}}
May 14 02:12:11 ubuntu neutron-server[118991]: INFO oslo_service.service [None req-edddf3e9-7bdc-4d2a-878f-dc510302feb3 None None] Starting 1 workers
May 14 02:12:11 ubuntu neutron-server[119200]: INFO neutron.wsgi [-] (119200) wsgi starting up on http://0.0.0.0:9696
May 14 02:12:11 ubuntu neutron-server[118991]: DEBUG oslo_service.service [None req-edddf3e9-7bdc-4d2a-878f-dc510302feb3 None None] Started child 119204 {{(pid=118991) _start_child /usr/local/lib/python3.8/dist-packages/oslo_service/service.py:575}}
May 14 02:12:11 ubuntu neutron-server[118991]: INFO oslo_service.service [None req-edddf3e9-7bdc-4d2a-878f-dc510302feb3 None None] Starting 1 workers
May 14 02:12:11 ubuntu neutron-server[119204]: DEBUG neutron.service [None req-edddf3e9-7bdc-4d2a-878f-dc510302feb3 None None] calling RpcWorker wait() {{(pid=119204) _wait /opt/stack/neutron/neutron/service.py:128}}
May 14 02:12:11 ubuntu neutron-server[119204]: DEBUG neutron.service [None req-edddf3e9-7bdc-4d2a-878f-dc510302feb3 None None] returning from RpcWorker wait() {{(pid=119204) _wait /opt/stack/neutron/neutron/service.py:135}}
May 14 02:12:11 ubuntu neutron-server[118991]: DEBUG oslo_service.service [None req-edddf3e9-7bdc-4d2a-878f-dc510302feb3 None None] Started child 119205 {{(pid=118991) _start_child /usr/local/lib/python3.8/dist-packages/oslo_service/service.py:575}}
May 14 02:12:11 ubuntu neutron-server[118991]: INFO oslo_service.service [None req-edddf3e9-7bdc-4d2a-878f-dc510302feb3 None None] Starting 1 workers
May 14 02:12:11 ubuntu neutron-server[119204]: DEBUG neutron_lib.callbacks.manager [-] Publish callbacks ['neutron.plugins.ml2.drivers.ovn.mech_driver.mech_driver.OVNMechanismDriver.post_fork_initialize-4166866'] for process (None), after_init {{(pid=119204) _notify_loop /usr/local/lib/python3.8/dist-packages/neutron_lib/callbacks/manager.py:176}}
May 14 02:12:11 ubuntu neutron-server[119204]: INFO neutron.plugins.ml2.drivers.ovn.mech_driver.ovsdb.impl_idl_ovn [-] Getting OvsdbNbOvnIdl for RpcWorker with retry
May 14 02:12:11 ubuntu neutron-server[118991]: DEBUG oslo_service.service [None req-edddf3e9-7bdc-4d2a-878f-dc510302feb3 None None] Started child 119206 {{(pid=118991) _start_child /usr/local/lib/python3.8/dist-packages/oslo_service/service.py:575}}
May 14 02:12:11 ubuntu neutron-server[118991]: DEBUG neutron_lib.callbacks.manager [None req-edddf3e9-7bdc-4d2a-878f-dc510302feb3 None None] Publish callbacks [] for process (None), after_spawn {{(pid=118991) _notify_loop /usr/local/lib/python3.8/dist-packages/neutron_lib/callbacks/manager.py:176}}
May 14 02:12:11 ubuntu neutron-server[118991]: DEBUG oslo_service.service [-] Full set of CONF: {{(pid=118991) wait /usr/local/lib/python3.8/dist-packages/oslo_service/service.py:649}}
May 14 02:12:11 ubuntu neutron-server[118991]: DEBUG oslo_service.service [-] ******************************************************************************** {{(pid=118991) log_opt_values /usr/local/lib/python3.8/dist-packages/oslo_config/cfg.py:2589}}
May 14 02:12:11 ubuntu neutron-server[118991]: DEBUG oslo_service.service [-] Configuration options gathered from: {{(pid=118991) log_opt_values /usr/local/lib/python3.8/dist-packages/oslo_config/cfg.py:2590}}
May 14 02:12:11 ubuntu neutron-server[118991]: DEBUG oslo_service.service [-] command line args: ['--config-file', '/etc/neutron/neutron.conf', '--config-file', '/etc/neutron/plugins/ml2/ml2_conf.ini'] {{(pid=118991) log_opt_values /usr/local/lib/python3.8/dist-packages/oslo_config/cfg.py:2591}}
May 14 02:12:11 ubuntu neutron-server[118991]: DEBUG oslo_service.service [-] config files: ['/etc/neutron/neutron.conf', '/etc/neutron/plugins/ml2/ml2_conf.ini'] {{(pid=118991) log_opt_values /usr/local/lib/python3.8/dist-packages/oslo_config/cfg.py:2592}}
May 14 02:12:11 ubuntu neutron-server[118991]: DEBUG oslo_service.service [-] ================================================================================ {{(pid=118991) log_opt_values /usr/local/lib/python3.8/dist-packages/oslo_config/cfg.py:2594}}
May 14 02:12:11 ubuntu neutron-server[119201]: DEBUG neutron.common.ovn.hash_ring_manager [None req-f870d5a2-7efa-4172-8522-470ba59552fa None None] Allow caching, nodes 2>=2 {{(pid=119201) _wait_startup_before_caching /opt/stack/neutron/neutron/common/ovn/hash_ring_manager.py:60}}
May 14 02:12:11 ubuntu neutron-server[118991]: DEBUG oslo_service.service [-] agent_down_time                = 75 {{(pid=118991) log_opt_values /usr/local/lib/python3.8/dist-packages/oslo_config/cfg.py:2602}}
May 14 02:12:11 ubuntu neutron-server[118991]: DEBUG oslo_service.service [-] allow_automatic_dhcp_failover  = True {{(pid=118991) log_opt_values /usr/local/lib/python3.8/dist-packages/oslo_config/cfg.py:2602}}
May 14 02:12:11 ubuntu neutron-server[118991]: DEBUG oslo_service.service [-] allow_bulk                     = True {{(pid=118991) log_opt_values /usr/local/lib/python3.8/dist-packages/oslo_config/cfg.py:2602}}
May 14 02:12:11 ubuntu neutron-server[118991]: DEBUG oslo_service.service [-] allowed_conntrack_helpers      = [{'amanda': 'tcp'}, {'ftp': 'tcp'}, {'h323': 'udp'}, {'h323': 'tcp'}, {'irc': 'tcp'}, {'netbios-ns': 'udp'}, {'pptp': 'tcp'}, {'sane': 'tcp'}, {'sip': 'udp'}, {'sip': 'tcp'}, {'snmp': 'udp'}, {'tftp': 'udp'}] {{(pid=118991) log_opt_values /usr/local/lib/python3.8/dist-packages/oslo_config/cfg.py:2602}}
May 14 02:12:11 ubuntu neutron-server[118991]: DEBUG oslo_service.service [-] api_extensions_path            =  {{(pid=118991) log_opt_values /usr/local/lib/python3.8/dist-packages/oslo_config/cfg.py:2602}}
