Aug 23 11:51:49 ubuntu neutron-server[128198]: DEBUG neutron.api.extensions [None req-64ad5108-5c65-4f4d-9ebe-cac6afeebdc5 None None] Ext name="Resource timestamps" alias="standard-attr-timestamp" description="Adds created_at and updated_at fields to all Neutron resources that have Neutron standard attributes." updated="2016-09-12T10:00:00-00:00" {{(pid=128198) _check_extension /opt/stack/neutron/neutron/api/extensions.py:416}}
Aug 23 11:51:49 ubuntu neutron-server[128198]: INFO neutron.api.extensions [None req-64ad5108-5c65-4f4d-9ebe-cac6afeebdc5 None None] Loaded extension: standard-attr-timestamp
Aug 23 11:51:49 ubuntu neutron-server[128198]: DEBUG neutron.api.extensions [None req-64ad5108-5c65-4f4d-9ebe-cac6afeebdc5 None None] Loading extension file: trunk.py {{(pid=128198) _load_all_extensions_from_path /opt/stack/neutron/neutron/api/extensions.py:450}}
Aug 23 11:51:49 ubuntu neutron-server[128198]: DEBUG neutron.api.extensions [None req-64ad5108-5c65-4f4d-9ebe-cac6afeebdc5 None None] Ext name="Trunk Extension" alias="trunk" description="Provides support for trunk ports" updated="2016-01-01T10:00:00-00:00" {{(pid=128198) _check_extension /opt/stack/neutron/neutron/api/extensions.py:416}}
Aug 23 11:51:49 ubuntu neutron-server[128198]: INFO neutron.api.extensions [None req-64ad5108-5c65-4f4d-9ebe-cac6afeebdc5 None None] Extension trunk not supported by any of loaded plugins
Aug 23 11:51:49 ubuntu neutron-server[128198]: DEBUG neutron.api.extensions [None req-64ad5108-5c65-4f4d-9ebe-cac6afeebdc5 None None] Loading extension file: trunk_details.py {{(pid=128198) _load_all_extensions_from_path /opt/stack/neutron/neutron/api/extensions.py:450}}
Aug 23 11:51:49 ubuntu neutron-server[128198]: DEBUG neutron.api.extensions [None req-64ad5108-5c65-4f4d-9ebe-cac6afeebdc5 None None] Ext name="Trunk port details" alias="trunk-details" description="Expose trunk port details" updated="2016-01-01T10:00:00-00:00" {{(pid=128198) _check_extension /opt/stack/neutron/neutron/api/extensions.py:416}}
Aug 23 11:51:49 ubuntu neutron-server[128198]: INFO neutron.api.extensions [None req-64ad5108-5c65-4f4d-9ebe-cac6afeebdc5 None None] Extension trunk-details not supported by any of loaded plugins
Aug 23 11:51:49 ubuntu neutron-server[128198]: DEBUG neutron.api.extensions [None req-64ad5108-5c65-4f4d-9ebe-cac6afeebdc5 None None] Loading extension file: uplink_status_propagation.py {{(pid=128198) _load_all_extensions_from_path /opt/stack/neutron/neutron/api/extensions.py:450}}
Aug 23 11:51:49 ubuntu neutron-server[128198]: DEBUG neutron.api.extensions [None req-64ad5108-5c65-4f4d-9ebe-cac6afeebdc5 None None] Ext name="Uplink status propagation extension" alias="uplink-status-propagation" description="Provides ability to propagate port uplink status." updated="2018-05-31T18:00:00-00:00" {{(pid=128198) _check_extension /opt/stack/neutron/neutron/api/extensions.py:416}}
Aug 23 11:51:49 ubuntu neutron-server[128198]: INFO neutron.api.extensions [None req-64ad5108-5c65-4f4d-9ebe-cac6afeebdc5 None None] Extension uplink-status-propagation not supported by any of loaded plugins
Aug 23 11:51:49 ubuntu neutron-server[128198]: DEBUG neutron.api.extensions [None req-64ad5108-5c65-4f4d-9ebe-cac6afeebdc5 None None] Loading extension file: vlantransparent.py {{(pid=128198) _load_all_extensions_from_path /opt/stack/neutron/neutron/api/extensions.py:450}}
Aug 23 11:51:49 ubuntu neutron-server[128198]: DEBUG neutron.api.extensions [None req-64ad5108-5c65-4f4d-9ebe-cac6afeebdc5 None None] Ext name="Vlantransparent" alias="vlan-transparent" description="Provides Vlan Transparent Networks" updated="2015-03-23T09:00:00-00:00" {{(pid=128198) _check_extension /opt/stack/neutron/neutron/api/extensions.py:416}}
Aug 23 11:51:49 ubuntu neutron-server[128198]: INFO neutron.api.extensions [None req-64ad5108-5c65-4f4d-9ebe-cac6afeebdc5 None None] Extension vlan-transparent not supported by any of loaded plugins
Aug 23 11:51:49 ubuntu neutron-server[128198]: INFO neutron.quota.resource_registry [None req-64ad5108-5c65-4f4d-9ebe-cac6afeebdc5 None None] Creating instance of TrackedResource for resource:network
Aug 23 11:51:49 ubuntu neutron-server[128198]: INFO neutron.quota.resource_registry [None req-64ad5108-5c65-4f4d-9ebe-cac6afeebdc5 None None] Creating instance of TrackedResource for resource:subnet
Aug 23 11:51:49 ubuntu neutron-server[128198]: INFO neutron.quota.resource_registry [None req-64ad5108-5c65-4f4d-9ebe-cac6afeebdc5 None None] Creating instance of TrackedResource for resource:subnetpool
Aug 23 11:51:49 ubuntu neutron-server[128198]: INFO neutron.quota.resource_registry [None req-64ad5108-5c65-4f4d-9ebe-cac6afeebdc5 None None] Creating instance of TrackedResource for resource:port
Aug 23 11:51:49 ubuntu neutron-server[128198]: DEBUG neutron.api.v2.resource_helper [None req-64ad5108-5c65-4f4d-9ebe-cac6afeebdc5 None None] Service FLAVORS assigned prefix:  {{(pid=128198) build_resource_info /opt/stack/neutron/neutron/api/v2/resource_helper.py:77}}
Aug 23 11:51:49 ubuntu neutron-server[128198]: DEBUG neutron.api.v2.resource_helper [None req-64ad5108-5c65-4f4d-9ebe-cac6afeebdc5 None None] Service L3_ROUTER_NAT assigned prefix:  {{(pid=128198) build_resource_info /opt/stack/neutron/neutron/api/v2/resource_helper.py:77}}
Aug 23 11:51:49 ubuntu neutron-server[128198]: DEBUG neutron.api.v2.resource_helper [None req-64ad5108-5c65-4f4d-9ebe-cac6afeebdc5 None None] Service L3_ROUTER_NAT assigned prefix:  {{(pid=128198) build_resource_info /opt/stack/neutron/neutron/api/v2/resource_helper.py:77}}
Aug 23 11:51:49 ubuntu neutron-server[128198]: INFO neutron.quota.resource_registry [None req-64ad5108-5c65-4f4d-9ebe-cac6afeebdc5 None None] Creating instance of TrackedResource for resource:router
Aug 23 11:51:49 ubuntu neutron-server[128198]: INFO neutron.quota.resource_registry [None req-64ad5108-5c65-4f4d-9ebe-cac6afeebdc5 None None] Creating instance of TrackedResource for resource:floatingip
Aug 23 11:51:49 ubuntu neutron-server[128198]: DEBUG neutron_lib.callbacks.manager [None req-64ad5108-5c65-4f4d-9ebe-cac6afeebdc5 None None] Subscribe: <bound method NeutronDbPluginV2.validate_network_rbac_policy_change of <neutron.services.network_ip_availability.plugin.NetworkIPAvailabilityPlugin object at 0x7f8153e40970>> rbac-policy before_create 55550000 {{(pid=128198) subscribe /usr/local/lib/python3.8/dist-packages/neutron_lib/callbacks/manager.py:45}}
Aug 23 11:51:49 ubuntu neutron-server[128198]: DEBUG neutron_lib.callbacks.manager [None req-64ad5108-5c65-4f4d-9ebe-cac6afeebdc5 None None] Subscribe: <bound method NeutronDbPluginV2.validate_network_rbac_policy_change of <neutron.services.network_ip_availability.plugin.NetworkIPAvailabilityPlugin object at 0x7f8153e40970>> rbac-policy before_update 55550000 {{(pid=128198) subscribe /usr/local/lib/python3.8/dist-packages/neutron_lib/callbacks/manager.py:45}}
Aug 23 11:51:49 ubuntu neutron-server[128198]: DEBUG neutron_lib.callbacks.manager [None req-64ad5108-5c65-4f4d-9ebe-cac6afeebdc5 None None] Subscribe: <bound method NeutronDbPluginV2.validate_network_rbac_policy_change of <neutron.services.network_ip_availability.plugin.NetworkIPAvailabilityPlugin object at 0x7f8153e40970>> rbac-policy before_delete 55550000 {{(pid=128198) subscribe /usr/local/lib/python3.8/dist-packages/neutron_lib/callbacks/manager.py:45}}
Aug 23 11:51:49 ubuntu neutron-server[128198]: INFO neutron.quota.resource_registry [None req-64ad5108-5c65-4f4d-9ebe-cac6afeebdc5 None None] Creating instance of CountableResource for resource:rbac_policy
Aug 23 11:51:49 ubuntu neutron-server[128198]: INFO neutron.quota.resource_registry [None req-64ad5108-5c65-4f4d-9ebe-cac6afeebdc5 None None] Creating instance of TrackedResource for resource:security_group
Aug 23 11:51:49 ubuntu neutron-server[128198]: INFO neutron.quota.resource_registry [None req-64ad5108-5c65-4f4d-9ebe-cac6afeebdc5 None None] Creating instance of TrackedResource for resource:security_group_rule
Aug 23 11:51:49 ubuntu neutron-server[128198]: DEBUG neutron.api.v2.resource_helper [None req-64ad5108-5c65-4f4d-9ebe-cac6afeebdc5 None None] Service FLAVORS assigned prefix:  {{(pid=128198) build_resource_info /opt/stack/neutron/neutron/api/v2/resource_helper.py:77}}
Aug 23 11:51:49 ubuntu neutron-server[128198]: DEBUG neutron.api.v2.resource_helper [None req-64ad5108-5c65-4f4d-9ebe-cac6afeebdc5 None None] Service L3_ROUTER_NAT assigned prefix:  {{(pid=128198) build_resource_info /opt/stack/neutron/neutron/api/v2/resource_helper.py:77}}
Aug 23 11:51:49 ubuntu neutron-server[128198]: DEBUG neutron.api.v2.resource_helper [None req-64ad5108-5c65-4f4d-9ebe-cac6afeebdc5 None None] Service L3_ROUTER_NAT assigned prefix:  {{(pid=128198) build_resource_info /opt/stack/neutron/neutron/api/v2/resource_helper.py:77}}
Aug 23 11:51:49 ubuntu neutron-server[128198]: INFO neutron.quota.resource_registry [None req-64ad5108-5c65-4f4d-9ebe-cac6afeebdc5 None None] Creating instance of TrackedResource for resource:router
Aug 23 11:51:49 ubuntu neutron-server[128198]: WARNING neutron.quota.resource_registry [None req-64ad5108-5c65-4f4d-9ebe-cac6afeebdc5 None None] router is already registered
Aug 23 11:51:49 ubuntu neutron-server[128198]: INFO neutron.quota.resource_registry [None req-64ad5108-5c65-4f4d-9ebe-cac6afeebdc5 None None] Creating instance of TrackedResource for resource:floatingip
Aug 23 11:51:49 ubuntu neutron-server[128198]: WARNING neutron.quota.resource_registry [None req-64ad5108-5c65-4f4d-9ebe-cac6afeebdc5 None None] floatingip is already registered
Aug 23 11:51:49 ubuntu neutron-server[128198]: INFO neutron.quota.resource_registry [None req-64ad5108-5c65-4f4d-9ebe-cac6afeebdc5 None None] Creating instance of CountableResource for resource:rbac_policy
Aug 23 11:51:49 ubuntu neutron-server[128198]: WARNING neutron.quota.resource_registry [None req-64ad5108-5c65-4f4d-9ebe-cac6afeebdc5 None None] rbac_policy is already registered
Aug 23 11:51:49 ubuntu neutron-server[128198]: INFO neutron.quota.resource_registry [None req-64ad5108-5c65-4f4d-9ebe-cac6afeebdc5 None None] Creating instance of TrackedResource for resource:security_group
Aug 23 11:51:49 ubuntu neutron-server[128198]: WARNING neutron.quota.resource_registry [None req-64ad5108-5c65-4f4d-9ebe-cac6afeebdc5 None None] security_group is already registered
Aug 23 11:51:49 ubuntu neutron-server[128198]: INFO neutron.quota.resource_registry [None req-64ad5108-5c65-4f4d-9ebe-cac6afeebdc5 None None] Creating instance of TrackedResource for resource:security_group_rule
Aug 23 11:51:49 ubuntu neutron-server[128198]: WARNING neutron.quota.resource_registry [None req-64ad5108-5c65-4f4d-9ebe-cac6afeebdc5 None None] security_group_rule is already registered
Aug 23 11:51:49 ubuntu neutron-server[128198]: DEBUG neutron.api.extensions [None req-64ad5108-5c65-4f4d-9ebe-cac6afeebdc5 None None] Extended resource: extensions {{(pid=128198) __init__ /opt/stack/neutron/neutron/api/extensions.py:157}}
Aug 23 11:51:49 ubuntu neutron-server[128198]: DEBUG neutron.api.extensions [None req-64ad5108-5c65-4f4d-9ebe-cac6afeebdc5 None None] Extended resource: address-groups {{(pid=128198) __init__ /opt/stack/neutron/neutron/api/extensions.py:157}}
Aug 23 11:51:49 ubuntu neutron-server[128198]: DEBUG neutron.api.extensions [None req-64ad5108-5c65-4f4d-9ebe-cac6afeebdc5 None None] Extended resource: address-scopes {{(pid=128198) __init__ /opt/stack/neutron/neutron/api/extensions.py:157}}
Aug 23 11:51:49 ubuntu neutron-server[128198]: DEBUG neutron.api.extensions [None req-64ad5108-5c65-4f4d-9ebe-cac6afeebdc5 None None] Extended resource: agents {{(pid=128198) __init__ /opt/stack/neutron/neutron/api/extensions.py:157}}
Aug 23 11:51:49 ubuntu neutron-server[128198]: DEBUG neutron.api.extensions [None req-64ad5108-5c65-4f4d-9ebe-cac6afeebdc5 None None] Extended resource: auto-allocated-topology {{(pid=128198) __init__ /opt/stack/neutron/neutron/api/extensions.py:157}}
Aug 23 11:51:49 ubuntu neutron-server[128198]: DEBUG neutron.api.extensions [None req-64ad5108-5c65-4f4d-9ebe-cac6afeebdc5 None None] Extended resource: availability_zones {{(pid=128198) __init__ /opt/stack/neutron/neutron/api/extensions.py:157}}
Aug 23 11:51:49 ubuntu neutron-server[128198]: DEBUG neutron.api.extensions [None req-64ad5108-5c65-4f4d-9ebe-cac6afeebdc5 None None] Extended resource: flavors {{(pid=128198) __init__ /opt/stack/neutron/neutron/api/extensions.py:157}}
Aug 23 11:51:49 ubuntu neutron-server[128198]: DEBUG neutron.api.extensions [None req-64ad5108-5c65-4f4d-9ebe-cac6afeebdc5 None None] Extended resource: service_profiles {{(pid=128198) __init__ /opt/stack/neutron/neutron/api/extensions.py:157}}
Aug 23 11:51:49 ubuntu neutron-server[128198]: DEBUG neutron.api.extensions [None req-64ad5108-5c65-4f4d-9ebe-cac6afeebdc5 None None] Extended resource: next_providers {{(pid=128198) __init__ /opt/stack/neutron/neutron/api/extensions.py:157}}
Aug 23 11:51:49 ubuntu neutron-server[128198]: DEBUG neutron.api.extensions [None req-64ad5108-5c65-4f4d-9ebe-cac6afeebdc5 None None] Extended resource: service_profiles {{(pid=128198) __init__ /opt/stack/neutron/neutron/api/extensions.py:157}}
Aug 23 11:51:49 ubuntu neutron-server[128198]: DEBUG neutron.api.extensions [None req-64ad5108-5c65-4f4d-9ebe-cac6afeebdc5 None None] Extended resource: floatingip-pools {{(pid=128198) __init__ /opt/stack/neutron/neutron/api/extensions.py:157}}
Aug 23 11:51:49 ubuntu neutron-server[128198]: DEBUG neutron.api.extensions [None req-64ad5108-5c65-4f4d-9ebe-cac6afeebdc5 None None] Extended resource: routers {{(pid=128198) __init__ /opt/stack/neutron/neutron/api/extensions.py:157}}
Aug 23 11:51:49 ubuntu neutron-server[128198]: DEBUG neutron.api.extensions [None req-64ad5108-5c65-4f4d-9ebe-cac6afeebdc5 None None] Extended resource: floatingips {{(pid=128198) __init__ /opt/stack/neutron/neutron/api/extensions.py:157}}
Aug 23 11:51:49 ubuntu neutron-server[128198]: DEBUG neutron.api.extensions [None req-64ad5108-5c65-4f4d-9ebe-cac6afeebdc5 None None] Extended resource: network-ip-availabilities {{(pid=128198) __init__ /opt/stack/neutron/neutron/api/extensions.py:157}}
Aug 23 11:51:49 ubuntu neutron-server[128198]: DEBUG neutron.api.extensions [None req-64ad5108-5c65-4f4d-9ebe-cac6afeebdc5 None None] Extended resource: bindings {{(pid=128198) __init__ /opt/stack/neutron/neutron/api/extensions.py:157}}
Aug 23 11:51:49 ubuntu neutron-server[128198]: DEBUG neutron.api.extensions [None req-64ad5108-5c65-4f4d-9ebe-cac6afeebdc5 None None] Extended resource: quotas {{(pid=128198) __init__ /opt/stack/neutron/neutron/api/extensions.py:157}}
Aug 23 11:51:49 ubuntu neutron-server[128198]: DEBUG neutron.api.extensions [None req-64ad5108-5c65-4f4d-9ebe-cac6afeebdc5 None None] Extended resource: quotas {{(pid=128198) __init__ /opt/stack/neutron/neutron/api/extensions.py:157}}
Aug 23 11:51:49 ubuntu neutron-server[128198]: DEBUG neutron.api.extensions [None req-64ad5108-5c65-4f4d-9ebe-cac6afeebdc5 None None] Extended resource: rbac-policies {{(pid=128198) __init__ /opt/stack/neutron/neutron/api/extensions.py:157}}
Aug 23 11:51:49 ubuntu neutron-server[128198]: DEBUG neutron.api.extensions [None req-64ad5108-5c65-4f4d-9ebe-cac6afeebdc5 None None] Extended resource: security-groups {{(pid=128198) __init__ /opt/stack/neutron/neutron/api/extensions.py:157}}
Aug 23 11:51:49 ubuntu neutron-server[128198]: DEBUG neutron.api.extensions [None req-64ad5108-5c65-4f4d-9ebe-cac6afeebdc5 None None] Extended resource: security-group-rules {{(pid=128198) __init__ /opt/stack/neutron/neutron/api/extensions.py:157}}
Aug 23 11:51:49 ubuntu neutron-server[128198]: DEBUG neutron.api.extensions [None req-64ad5108-5c65-4f4d-9ebe-cac6afeebdc5 None None] Extended resource: service-providers {{(pid=128198) __init__ /opt/stack/neutron/neutron/api/extensions.py:157}}
Aug 23 11:51:49 ubuntu neutron-server[128198]: DEBUG neutron.api.extensions [None req-64ad5108-5c65-4f4d-9ebe-cac6afeebdc5 None None] Extended resource: tags {{(pid=128198) __init__ /opt/stack/neutron/neutron/api/extensions.py:157}}
Aug 23 11:51:49 ubuntu neutron-server[128198]: DEBUG neutron.api.extensions [None req-64ad5108-5c65-4f4d-9ebe-cac6afeebdc5 None None] Extended resource: tags {{(pid=128198) __init__ /opt/stack/neutron/neutron/api/extensions.py:157}}
Aug 23 11:51:49 ubuntu neutron-server[128198]: DEBUG neutron.api.extensions [None req-64ad5108-5c65-4f4d-9ebe-cac6afeebdc5 None None] Extended resource: tags {{(pid=128198) __init__ /opt/stack/neutron/neutron/api/extensions.py:157}}
Aug 23 11:51:49 ubuntu neutron-server[128198]: DEBUG neutron.api.extensions [None req-64ad5108-5c65-4f4d-9ebe-cac6afeebdc5 None None] Extended resource: tags {{(pid=128198) __init__ /opt/stack/neutron/neutron/api/extensions.py:157}}
Aug 23 11:51:49 ubuntu neutron-server[128198]: DEBUG neutron.api.extensions [None req-64ad5108-5c65-4f4d-9ebe-cac6afeebdc5 None None] Extended resource: tags {{(pid=128198) __init__ /opt/stack/neutron/neutron/api/extensions.py:157}}
Aug 23 11:51:49 ubuntu neutron-server[128198]: DEBUG neutron.api.extensions [None req-64ad5108-5c65-4f4d-9ebe-cac6afeebdc5 None None] Extended resource: tags {{(pid=128198) __init__ /opt/stack/neutron/neutron/api/extensions.py:157}}
Aug 23 11:51:49 ubuntu neutron-server[128198]: DEBUG neutron.api.extensions [None req-64ad5108-5c65-4f4d-9ebe-cac6afeebdc5 None None] Extended resource: tags {{(pid=128198) __init__ /opt/stack/neutron/neutron/api/extensions.py:157}}
Aug 23 11:51:49 ubuntu neutron-server[128198]: DEBUG neutron.api.extensions [None req-64ad5108-5c65-4f4d-9ebe-cac6afeebdc5 None None] Extended resource: tags {{(pid=128198) __init__ /opt/stack/neutron/neutron/api/extensions.py:157}}
Aug 23 11:51:49 ubuntu neutron-server[128198]: DEBUG neutron.api.extensions [None req-64ad5108-5c65-4f4d-9ebe-cac6afeebdc5 None None] Extended resource: tags {{(pid=128198) __init__ /opt/stack/neutron/neutron/api/extensions.py:157}}
Aug 23 11:51:49 ubuntu neutron-server[128198]: DEBUG neutron.api.extensions [None req-64ad5108-5c65-4f4d-9ebe-cac6afeebdc5 None None] Extended resource: tags {{(pid=128198) __init__ /opt/stack/neutron/neutron/api/extensions.py:157}}
Aug 23 11:51:49 ubuntu neutron-server[128198]: WARNING keystonemiddleware.auth_token [None req-64ad5108-5c65-4f4d-9ebe-cac6afeebdc5 None None] AuthToken middleware is set with keystone_authtoken.service_token_roles_required set to False. This is backwards compatible but deprecated behaviour. Please set this to True.
Aug 23 11:51:49 ubuntu neutron-server[128198]: WARNING keystonemiddleware.auth_token [None req-64ad5108-5c65-4f4d-9ebe-cac6afeebdc5 None None] Configuring www_authenticate_uri to point to the public identity endpoint is required; clients may not be able to authenticate against an admin endpoint
Aug 23 11:51:49 ubuntu neutron-server[128198]: DEBUG oslo_concurrency.lockutils [None req-64ad5108-5c65-4f4d-9ebe-cac6afeebdc5 None None] Acquiring lock "singleton_lock" {{(pid=128198) lock /usr/local/lib/python3.8/dist-packages/oslo_concurrency/lockutils.py:293}}
Aug 23 11:51:49 ubuntu neutron-server[128198]: DEBUG oslo_concurrency.lockutils [None req-64ad5108-5c65-4f4d-9ebe-cac6afeebdc5 None None] Acquired lock "singleton_lock" {{(pid=128198) lock /usr/local/lib/python3.8/dist-packages/oslo_concurrency/lockutils.py:296}}
Aug 23 11:51:49 ubuntu neutron-server[128198]: DEBUG oslo_concurrency.lockutils [None req-64ad5108-5c65-4f4d-9ebe-cac6afeebdc5 None None] Releasing lock "singleton_lock" {{(pid=128198) lock /usr/local/lib/python3.8/dist-packages/oslo_concurrency/lockutils.py:314}}
Aug 23 11:51:49 ubuntu neutron-server[128198]: INFO oslo_service.service [None req-64ad5108-5c65-4f4d-9ebe-cac6afeebdc5 None None] Starting 2 workers
Aug 23 11:51:49 ubuntu neutron-server[128198]: DEBUG oslo_service.service [None req-64ad5108-5c65-4f4d-9ebe-cac6afeebdc5 None None] Started child 128418 {{(pid=128198) _start_child /usr/local/lib/python3.8/dist-packages/oslo_service/service.py:575}}
Aug 23 11:51:49 ubuntu neutron-server[128198]: DEBUG oslo_service.service [None req-64ad5108-5c65-4f4d-9ebe-cac6afeebdc5 None None] Started child 128419 {{(pid=128198) _start_child /usr/local/lib/python3.8/dist-packages/oslo_service/service.py:575}}
Aug 23 11:51:49 ubuntu neutron-server[128198]: INFO neutron.service [None req-64ad5108-5c65-4f4d-9ebe-cac6afeebdc5 None None] Neutron service started, listening on 0.0.0.0:9696
Aug 23 11:51:49 ubuntu neutron-server[128198]: DEBUG neutron_lib.callbacks.manager [None req-64ad5108-5c65-4f4d-9ebe-cac6afeebdc5 None None] Publish callbacks ['neutron.plugins.ml2.drivers.ovn.mech_driver.mech_driver.OVNMechanismDriver.pre_fork_initialize-8205153'] for process (None), before_spawn {{(pid=128198) _notify_loop /usr/local/lib/python3.8/dist-packages/neutron_lib/callbacks/manager.py:176}}
Aug 23 11:51:49 ubuntu neutron-server[128418]: DEBUG neutron_lib.callbacks.manager [-] Publish callbacks ['neutron.plugins.ml2.drivers.ovn.mech_driver.mech_driver.OVNMechanismDriver.post_fork_initialize-8205069'] for process (None), after_init {{(pid=128418) _notify_loop /usr/local/lib/python3.8/dist-packages/neutron_lib/callbacks/manager.py:176}}
Aug 23 11:51:49 ubuntu neutron-server[128419]: DEBUG neutron_lib.callbacks.manager [-] Publish callbacks ['neutron.plugins.ml2.drivers.ovn.mech_driver.mech_driver.OVNMechanismDriver.post_fork_initialize-8205069'] for process (None), after_init {{(pid=128419) _notify_loop /usr/local/lib/python3.8/dist-packages/neutron_lib/callbacks/manager.py:176}}
Aug 23 11:51:49 ubuntu neutron-server[128418]: DEBUG dbcounter [-] [128418] Writer thread running {{(pid=128418) stat_writer /usr/local/lib/python3.8/dist-packages/dbcounter.py:99}}
Aug 23 11:51:49 ubuntu neutron-server[128419]: DEBUG dbcounter [-] [128419] Writer thread running {{(pid=128419) stat_writer /usr/local/lib/python3.8/dist-packages/dbcounter.py:99}}
Aug 23 11:51:49 ubuntu neutron-server[128198]: DEBUG ovsdbapp.backend.ovs_idl [None req-64ad5108-5c65-4f4d-9ebe-cac6afeebdc5 None None] Created schema index Port_Group.name {{(pid=128198) autocreate_indices /usr/local/lib/python3.8/dist-packages/ovsdbapp/backend/ovs_idl/__init__.py:104}}
Aug 23 11:51:49 ubuntu neutron-server[128198]: DEBUG ovsdbapp.backend.ovs_idl [None req-64ad5108-5c65-4f4d-9ebe-cac6afeebdc5 None None] Created schema index Logical_Switch_Port.name {{(pid=128198) autocreate_indices /usr/local/lib/python3.8/dist-packages/ovsdbapp/backend/ovs_idl/__init__.py:104}}
Aug 23 11:51:49 ubuntu neutron-server[128418]: INFO neutron.plugins.ml2.drivers.ovn.mech_driver.ovsdb.impl_idl_ovn [None req-79f11ba6-f0a8-4465-82de-f9369faae902 None None] Getting OvsdbNbOvnIdl for WorkerService with retry
Aug 23 11:51:49 ubuntu neutron-server[128419]: INFO neutron.plugins.ml2.drivers.ovn.mech_driver.ovsdb.impl_idl_ovn [None req-af1aeacd-667e-41cf-8a49-b1793da197c4 None None] Getting OvsdbNbOvnIdl for WorkerService with retry
Aug 23 11:51:49 ubuntu neutron-server[128198]: DEBUG ovsdbapp.backend.ovs_idl.transaction [-] Running txn n=1 command(idx=0): PgAddCommand(name=neutron_pg_drop, may_exist=True, columns={'acls': []}) {{(pid=128198) do_commit /usr/local/lib/python3.8/dist-packages/ovsdbapp/backend/ovs_idl/transaction.py:90}}
Aug 23 11:51:49 ubuntu neutron-server[128198]: DEBUG ovsdbapp.backend.ovs_idl.transaction [-] Running txn n=1 command(idx=1): PgAclAddCommand(entity=neutron_pg_drop, direction=from-lport, priority=1001, match=inport == @neutron_pg_drop && ip, action=drop, log=False, may_exist=True, severity=[], name=[], meter=None, external_ids={}) {{(pid=128198) do_commit /usr/local/lib/python3.8/dist-packages/ovsdbapp/backend/ovs_idl/transaction.py:90}}
Aug 23 11:51:49 ubuntu neutron-server[128198]: DEBUG ovsdbapp.backend.ovs_idl.transaction [-] Running txn n=1 command(idx=2): PgAclAddCommand(entity=neutron_pg_drop, direction=to-lport, priority=1001, match=outport == @neutron_pg_drop && ip, action=drop, log=False, may_exist=True, severity=[], name=[], meter=None, external_ids={}) {{(pid=128198) do_commit /usr/local/lib/python3.8/dist-packages/ovsdbapp/backend/ovs_idl/transaction.py:90}}
Aug 23 11:51:49 ubuntu neutron-server[128198]: DEBUG ovsdbapp.backend.ovs_idl.event [-] Matched CREATE: NeutronPgDropPortGroupCreated(events=('create',), table='Port_Group', conditions=(('name', '=', 'neutron_pg_drop'),), old_conditions=None), priority=10 to row=Port_Group(name=neutron_pg_drop, ports=[], external_ids={}, acls=[<ovs.db.idl.Row object at 0x7f81536ac340>, <ovs.db.idl.Row object at 0x7f81536ac250>]) old= {{(pid=128198) matches /usr/local/lib/python3.8/dist-packages/ovsdbapp/backend/ovs_idl/event.py:43}}
Aug 23 11:51:49 ubuntu neutron-server[128418]: DEBUG ovsdbapp.backend.ovs_idl [None req-79f11ba6-f0a8-4465-82de-f9369faae902 None None] Created lookup_table index Logical_Switch.name {{(pid=128418) autocreate_indices /usr/local/lib/python3.8/dist-packages/ovsdbapp/backend/ovs_idl/__init__.py:85}}
Aug 23 11:51:49 ubuntu neutron-server[128418]: DEBUG ovsdbapp.backend.ovs_idl [None req-79f11ba6-f0a8-4465-82de-f9369faae902 None None] Created lookup_table index Logical_Router.name {{(pid=128418) autocreate_indices /usr/local/lib/python3.8/dist-packages/ovsdbapp/backend/ovs_idl/__init__.py:85}}
Aug 23 11:51:49 ubuntu neutron-server[128198]: DEBUG ovsdbapp.backend.ovs_idl [None req-64ad5108-5c65-4f4d-9ebe-cac6afeebdc5 None None] Created lookup_table index Logical_Switch.name {{(pid=128198) autocreate_indices /usr/local/lib/python3.8/dist-packages/ovsdbapp/backend/ovs_idl/__init__.py:85}}
Aug 23 11:51:49 ubuntu neutron-server[128418]: DEBUG ovsdbapp.backend.ovs_idl [None req-79f11ba6-f0a8-4465-82de-f9369faae902 None None] Created lookup_table index Load_Balancer.name {{(pid=128418) autocreate_indices /usr/local/lib/python3.8/dist-packages/ovsdbapp/backend/ovs_idl/__init__.py:85}}
Aug 23 11:51:49 ubuntu neutron-server[128198]: DEBUG ovsdbapp.backend.ovs_idl [None req-64ad5108-5c65-4f4d-9ebe-cac6afeebdc5 None None] Created lookup_table index Logical_Router.name {{(pid=128198) autocreate_indices /usr/local/lib/python3.8/dist-packages/ovsdbapp/backend/ovs_idl/__init__.py:85}}
Aug 23 11:51:49 ubuntu neutron-server[128198]: DEBUG ovsdbapp.backend.ovs_idl [None req-64ad5108-5c65-4f4d-9ebe-cac6afeebdc5 None None] Created lookup_table index Load_Balancer.name {{(pid=128198) autocreate_indices /usr/local/lib/python3.8/dist-packages/ovsdbapp/backend/ovs_idl/__init__.py:85}}
Aug 23 11:51:49 ubuntu neutron-server[128418]: DEBUG ovsdbapp.backend.ovs_idl [None req-79f11ba6-f0a8-4465-82de-f9369faae902 None None] Created schema index Meter.name {{(pid=128418) autocreate_indices /usr/local/lib/python3.8/dist-packages/ovsdbapp/backend/ovs_idl/__init__.py:104}}
Aug 23 11:51:49 ubuntu neutron-server[128198]: DEBUG ovsdbapp.backend.ovs_idl [None req-64ad5108-5c65-4f4d-9ebe-cac6afeebdc5 None None] Created schema index Meter.name {{(pid=128198) autocreate_indices /usr/local/lib/python3.8/dist-packages/ovsdbapp/backend/ovs_idl/__init__.py:104}}
Aug 23 11:51:49 ubuntu neutron-server[128198]: DEBUG ovsdbapp.backend.ovs_idl [None req-64ad5108-5c65-4f4d-9ebe-cac6afeebdc5 None None] Created schema index Address_Set.name {{(pid=128198) autocreate_indices /usr/local/lib/python3.8/dist-packages/ovsdbapp/backend/ovs_idl/__init__.py:104}}
Aug 23 11:51:49 ubuntu neutron-server[128418]: DEBUG ovsdbapp.backend.ovs_idl [None req-79f11ba6-f0a8-4465-82de-f9369faae902 None None] Created schema index Address_Set.name {{(pid=128418) autocreate_indices /usr/local/lib/python3.8/dist-packages/ovsdbapp/backend/ovs_idl/__init__.py:104}}
Aug 23 11:51:49 ubuntu neutron-server[128198]: DEBUG ovsdbapp.backend.ovs_idl [None req-64ad5108-5c65-4f4d-9ebe-cac6afeebdc5 None None] Created schema index HA_Chassis_Group.name {{(pid=128198) autocreate_indices /usr/local/lib/python3.8/dist-packages/ovsdbapp/backend/ovs_idl/__init__.py:104}}
Aug 23 11:51:49 ubuntu neutron-server[128198]: DEBUG ovsdbapp.backend.ovs_idl [None req-64ad5108-5c65-4f4d-9ebe-cac6afeebdc5 None None] Created schema index Connection.target {{(pid=128198) autocreate_indices /usr/local/lib/python3.8/dist-packages/ovsdbapp/backend/ovs_idl/__init__.py:104}}
Aug 23 11:51:49 ubuntu neutron-server[128418]: DEBUG ovsdbapp.backend.ovs_idl [None req-79f11ba6-f0a8-4465-82de-f9369faae902 None None] Created schema index HA_Chassis_Group.name {{(pid=128418) autocreate_indices /usr/local/lib/python3.8/dist-packages/ovsdbapp/backend/ovs_idl/__init__.py:104}}
Aug 23 11:51:49 ubuntu neutron-server[128198]: DEBUG ovsdbapp.backend.ovs_idl [None req-64ad5108-5c65-4f4d-9ebe-cac6afeebdc5 None None] Created schema index Gateway_Chassis.name {{(pid=128198) autocreate_indices /usr/local/lib/python3.8/dist-packages/ovsdbapp/backend/ovs_idl/__init__.py:104}}
Aug 23 11:51:49 ubuntu neutron-server[128418]: DEBUG ovsdbapp.backend.ovs_idl [None req-79f11ba6-f0a8-4465-82de-f9369faae902 None None] Created schema index Connection.target {{(pid=128418) autocreate_indices /usr/local/lib/python3.8/dist-packages/ovsdbapp/backend/ovs_idl/__init__.py:104}}
Aug 23 11:51:49 ubuntu neutron-server[128198]: DEBUG ovsdbapp.backend.ovs_idl [None req-64ad5108-5c65-4f4d-9ebe-cac6afeebdc5 None None] Created schema index Logical_Router_Port.name {{(pid=128198) autocreate_indices /usr/local/lib/python3.8/dist-packages/ovsdbapp/backend/ovs_idl/__init__.py:104}}
Aug 23 11:51:49 ubuntu neutron-server[128198]: DEBUG ovsdbapp.backend.ovs_idl [None req-64ad5108-5c65-4f4d-9ebe-cac6afeebdc5 None None] Created schema index Port_Group.name {{(pid=128198) autocreate_indices /usr/local/lib/python3.8/dist-packages/ovsdbapp/backend/ovs_idl/__init__.py:104}}
Aug 23 11:51:49 ubuntu neutron-server[128418]: DEBUG ovsdbapp.backend.ovs_idl [None req-79f11ba6-f0a8-4465-82de-f9369faae902 None None] Created schema index Gateway_Chassis.name {{(pid=128418) autocreate_indices /usr/local/lib/python3.8/dist-packages/ovsdbapp/backend/ovs_idl/__init__.py:104}}
Aug 23 11:51:49 ubuntu neutron-server[128198]: DEBUG ovsdbapp.backend.ovs_idl [None req-64ad5108-5c65-4f4d-9ebe-cac6afeebdc5 None None] Created schema index Logical_Switch_Port.name {{(pid=128198) autocreate_indices /usr/local/lib/python3.8/dist-packages/ovsdbapp/backend/ovs_idl/__init__.py:104}}
Aug 23 11:51:49 ubuntu neutron-server[128418]: DEBUG ovsdbapp.backend.ovs_idl [None req-79f11ba6-f0a8-4465-82de-f9369faae902 None None] Created schema index Logical_Router_Port.name {{(pid=128418) autocreate_indices /usr/local/lib/python3.8/dist-packages/ovsdbapp/backend/ovs_idl/__init__.py:104}}
Aug 23 11:51:49 ubuntu neutron-server[128418]: DEBUG ovsdbapp.backend.ovs_idl [None req-79f11ba6-f0a8-4465-82de-f9369faae902 None None] Created schema index Port_Group.name {{(pid=128418) autocreate_indices /usr/local/lib/python3.8/dist-packages/ovsdbapp/backend/ovs_idl/__init__.py:104}}
Aug 23 11:51:49 ubuntu neutron-server[128418]: DEBUG ovsdbapp.backend.ovs_idl [None req-79f11ba6-f0a8-4465-82de-f9369faae902 None None] Created schema index Logical_Switch_Port.name {{(pid=128418) autocreate_indices /usr/local/lib/python3.8/dist-packages/ovsdbapp/backend/ovs_idl/__init__.py:104}}
Aug 23 11:51:49 ubuntu neutron-server[128418]: INFO ovsdbapp.backend.ovs_idl.vlog [None req-79f11ba6-f0a8-4465-82de-f9369faae902 None None] tcp:192.168.79.49:6641: connecting...
Aug 23 11:51:49 ubuntu neutron-server[128418]: INFO ovsdbapp.backend.ovs_idl.vlog [None req-79f11ba6-f0a8-4465-82de-f9369faae902 None None] tcp:192.168.79.49:6641: connected
Aug 23 11:51:49 ubuntu neutron-server[128419]: DEBUG ovsdbapp.backend.ovs_idl [None req-af1aeacd-667e-41cf-8a49-b1793da197c4 None None] Created lookup_table index Logical_Switch.name {{(pid=128419) autocreate_indices /usr/local/lib/python3.8/dist-packages/ovsdbapp/backend/ovs_idl/__init__.py:85}}
Aug 23 11:51:49 ubuntu neutron-server[128419]: DEBUG ovsdbapp.backend.ovs_idl [None req-af1aeacd-667e-41cf-8a49-b1793da197c4 None None] Created lookup_table index Logical_Router.name {{(pid=128419) autocreate_indices /usr/local/lib/python3.8/dist-packages/ovsdbapp/backend/ovs_idl/__init__.py:85}}
Aug 23 11:51:49 ubuntu neutron-server[128419]: DEBUG ovsdbapp.backend.ovs_idl [None req-af1aeacd-667e-41cf-8a49-b1793da197c4 None None] Created lookup_table index Load_Balancer.name {{(pid=128419) autocreate_indices /usr/local/lib/python3.8/dist-packages/ovsdbapp/backend/ovs_idl/__init__.py:85}}
Aug 23 11:51:49 ubuntu neutron-server[128419]: DEBUG ovsdbapp.backend.ovs_idl [None req-af1aeacd-667e-41cf-8a49-b1793da197c4 None None] Created schema index Meter.name {{(pid=128419) autocreate_indices /usr/local/lib/python3.8/dist-packages/ovsdbapp/backend/ovs_idl/__init__.py:104}}
Aug 23 11:51:49 ubuntu neutron-server[128419]: DEBUG ovsdbapp.backend.ovs_idl [None req-af1aeacd-667e-41cf-8a49-b1793da197c4 None None] Created schema index Address_Set.name {{(pid=128419) autocreate_indices /usr/local/lib/python3.8/dist-packages/ovsdbapp/backend/ovs_idl/__init__.py:104}}
Aug 23 11:51:49 ubuntu neutron-server[128419]: DEBUG ovsdbapp.backend.ovs_idl [None req-af1aeacd-667e-41cf-8a49-b1793da197c4 None None] Created schema index HA_Chassis_Group.name {{(pid=128419) autocreate_indices /usr/local/lib/python3.8/dist-packages/ovsdbapp/backend/ovs_idl/__init__.py:104}}
Aug 23 11:51:49 ubuntu neutron-server[128419]: DEBUG ovsdbapp.backend.ovs_idl [None req-af1aeacd-667e-41cf-8a49-b1793da197c4 None None] Created schema index Connection.target {{(pid=128419) autocreate_indices /usr/local/lib/python3.8/dist-packages/ovsdbapp/backend/ovs_idl/__init__.py:104}}
Aug 23 11:51:49 ubuntu neutron-server[128419]: DEBUG ovsdbapp.backend.ovs_idl [None req-af1aeacd-667e-41cf-8a49-b1793da197c4 None None] Created schema index Gateway_Chassis.name {{(pid=128419) autocreate_indices /usr/local/lib/python3.8/dist-packages/ovsdbapp/backend/ovs_idl/__init__.py:104}}
Aug 23 11:51:49 ubuntu neutron-server[128419]: DEBUG ovsdbapp.backend.ovs_idl [None req-af1aeacd-667e-41cf-8a49-b1793da197c4 None None] Created schema index Logical_Router_Port.name {{(pid=128419) autocreate_indices /usr/local/lib/python3.8/dist-packages/ovsdbapp/backend/ovs_idl/__init__.py:104}}
Aug 23 11:51:49 ubuntu neutron-server[128419]: DEBUG ovsdbapp.backend.ovs_idl [None req-af1aeacd-667e-41cf-8a49-b1793da197c4 None None] Created schema index Port_Group.name {{(pid=128419) autocreate_indices /usr/local/lib/python3.8/dist-packages/ovsdbapp/backend/ovs_idl/__init__.py:104}}
Aug 23 11:51:49 ubuntu neutron-server[128419]: DEBUG ovsdbapp.backend.ovs_idl [None req-af1aeacd-667e-41cf-8a49-b1793da197c4 None None] Created schema index Logical_Switch_Port.name {{(pid=128419) autocreate_indices /usr/local/lib/python3.8/dist-packages/ovsdbapp/backend/ovs_idl/__init__.py:104}}
Aug 23 11:51:49 ubuntu neutron-server[128419]: INFO ovsdbapp.backend.ovs_idl.vlog [None req-af1aeacd-667e-41cf-8a49-b1793da197c4 None None] tcp:192.168.79.49:6641: connecting...
Aug 23 11:51:49 ubuntu neutron-server[128419]: INFO ovsdbapp.backend.ovs_idl.vlog [None req-af1aeacd-667e-41cf-8a49-b1793da197c4 None None] tcp:192.168.79.49:6641: connected
Aug 23 11:51:49 ubuntu neutron-server[128418]: DEBUG neutron.common.ovn.hash_ring_manager [None req-79f11ba6-f0a8-4465-82de-f9369faae902 None None] Allow caching, nodes 2>=2 {{(pid=128418) _wait_startup_before_caching /opt/stack/neutron/neutron/common/ovn/hash_ring_manager.py:60}}
Aug 23 11:51:49 ubuntu neutron-server[128198]: DEBUG ovsdbapp.backend.ovs_idl [None req-64ad5108-5c65-4f4d-9ebe-cac6afeebdc5 None None] Created lookup_table index Chassis.name {{(pid=128198) autocreate_indices /usr/local/lib/python3.8/dist-packages/ovsdbapp/backend/ovs_idl/__init__.py:85}}
Aug 23 11:51:49 ubuntu neutron-server[128198]: DEBUG ovsdbapp.backend.ovs_idl [None req-64ad5108-5c65-4f4d-9ebe-cac6afeebdc5 None None] Created lookup_table index MAC_Binding.ip {{(pid=128198) autocreate_indices /usr/local/lib/python3.8/dist-packages/ovsdbapp/backend/ovs_idl/__init__.py:85}}
Aug 23 11:51:49 ubuntu neutron-server[128198]: DEBUG ovsdbapp.backend.ovs_idl [None req-64ad5108-5c65-4f4d-9ebe-cac6afeebdc5 None None] Created schema index Meter.name {{(pid=128198) autocreate_indices /usr/local/lib/python3.8/dist-packages/ovsdbapp/backend/ovs_idl/__init__.py:104}}
Aug 23 11:51:49 ubuntu neutron-server[128198]: DEBUG ovsdbapp.backend.ovs_idl [None req-64ad5108-5c65-4f4d-9ebe-cac6afeebdc5 None None] Created schema index Address_Set.name {{(pid=128198) autocreate_indices /usr/local/lib/python3.8/dist-packages/ovsdbapp/backend/ovs_idl/__init__.py:104}}
Aug 23 11:51:49 ubuntu neutron-server[128198]: DEBUG ovsdbapp.backend.ovs_idl [None req-64ad5108-5c65-4f4d-9ebe-cac6afeebdc5 None None] Created schema index HA_Chassis_Group.name {{(pid=128198) autocreate_indices /usr/local/lib/python3.8/dist-packages/ovsdbapp/backend/ovs_idl/__init__.py:104}}
Aug 23 11:51:49 ubuntu neutron-server[128198]: DEBUG ovsdbapp.backend.ovs_idl [None req-64ad5108-5c65-4f4d-9ebe-cac6afeebdc5 None None] Created schema index IP_Multicast.datapath {{(pid=128198) autocreate_indices /usr/local/lib/python3.8/dist-packages/ovsdbapp/backend/ovs_idl/__init__.py:104}}
Aug 23 11:51:49 ubuntu neutron-server[128198]: DEBUG ovsdbapp.backend.ovs_idl [None req-64ad5108-5c65-4f4d-9ebe-cac6afeebdc5 None None] Created schema index Connection.target {{(pid=128198) autocreate_indices /usr/local/lib/python3.8/dist-packages/ovsdbapp/backend/ovs_idl/__init__.py:104}}
Aug 23 11:51:49 ubuntu neutron-server[128198]: DEBUG ovsdbapp.backend.ovs_idl [None req-64ad5108-5c65-4f4d-9ebe-cac6afeebdc5 None None] Created schema index Gateway_Chassis.name {{(pid=128198) autocreate_indices /usr/local/lib/python3.8/dist-packages/ovsdbapp/backend/ovs_idl/__init__.py:104}}
Aug 23 11:51:49 ubuntu neutron-server[128198]: DEBUG ovsdbapp.backend.ovs_idl [None req-64ad5108-5c65-4f4d-9ebe-cac6afeebdc5 None None] Created schema index Port_Group.name {{(pid=128198) autocreate_indices /usr/local/lib/python3.8/dist-packages/ovsdbapp/backend/ovs_idl/__init__.py:104}}
Aug 23 11:51:49 ubuntu neutron-server[128198]: DEBUG ovsdbapp.backend.ovs_idl [None req-64ad5108-5c65-4f4d-9ebe-cac6afeebdc5 None None] Created schema index Datapath_Binding.tunnel_key {{(pid=128198) autocreate_indices /usr/local/lib/python3.8/dist-packages/ovsdbapp/backend/ovs_idl/__init__.py:104}}
Aug 23 11:51:49 ubuntu neutron-server[128418]: DEBUG neutron.plugins.ml2.drivers.ovn.mech_driver.ovsdb.ovsdb_monitor [None req-79f11ba6-f0a8-4465-82de-f9369faae902 None None] Hash Ring: Node ed0354af-40c5-4290-97fb-5f8ad940533e (host: ubuntu) handling event "create" for row 78e11e2d-ef72-480e-8157-4c534d6ca445 (table: Database) {{(pid=128418) notify /opt/stack/neutron/neutron/plugins/ml2/drivers/ovn/mech_driver/ovsdb/ovsdb_monitor.py:743}}
Aug 23 11:51:49 ubuntu neutron-server[128419]: DEBUG neutron.common.ovn.hash_ring_manager [None req-af1aeacd-667e-41cf-8a49-b1793da197c4 None None] Allow caching, nodes 2>=2 {{(pid=128419) _wait_startup_before_caching /opt/stack/neutron/neutron/common/ovn/hash_ring_manager.py:60}}
Aug 23 11:51:49 ubuntu neutron-server[128418]: DEBUG neutron.plugins.ml2.drivers.ovn.mech_driver.ovsdb.ovsdb_monitor [None req-79f11ba6-f0a8-4465-82de-f9369faae902 None None] Hash Ring: Node ed0354af-40c5-4290-97fb-5f8ad940533e (host: ubuntu) handling event "create" for row ed6ce93f-12d4-4cc4-b231-5422496bf5b6 (table: Port_Group) {{(pid=128418) notify /opt/stack/neutron/neutron/plugins/ml2/drivers/ovn/mech_driver/ovsdb/ovsdb_monitor.py:743}}
Aug 23 11:51:49 ubuntu neutron-server[128418]: DEBUG neutron.plugins.ml2.drivers.ovn.mech_driver.ovsdb.ovsdb_monitor [None req-79f11ba6-f0a8-4465-82de-f9369faae902 None None] Hash Ring: Node ed0354af-40c5-4290-97fb-5f8ad940533e (host: ubuntu) handling event "create" for row 5b2e8291-f50c-4461-8fec-55325210bbd7 (table: ACL) {{(pid=128418) notify /opt/stack/neutron/neutron/plugins/ml2/drivers/ovn/mech_driver/ovsdb/ovsdb_monitor.py:743}}
Aug 23 11:51:49 ubuntu neutron-server[128418]: DEBUG neutron.plugins.ml2.drivers.ovn.mech_driver.ovsdb.ovsdb_monitor [None req-79f11ba6-f0a8-4465-82de-f9369faae902 None None] Hash Ring: Node ed0354af-40c5-4290-97fb-5f8ad940533e (host: ubuntu) handling event "create" for row 6c53cb83-ccf0-4043-90b9-73989aa87bb4 (table: ACL) {{(pid=128418) notify /opt/stack/neutron/neutron/plugins/ml2/drivers/ovn/mech_driver/ovsdb/ovsdb_monitor.py:743}}
Aug 23 11:51:49 ubuntu neutron-server[128418]: DEBUG neutron.plugins.ml2.drivers.ovn.mech_driver.ovsdb.ovsdb_monitor [None req-79f11ba6-f0a8-4465-82de-f9369faae902 None None] Hash Ring: Node ed0354af-40c5-4290-97fb-5f8ad940533e (host: ubuntu) handling event "create" for row e2ec9ccf-c33e-4e94-8725-cb4841312811 (table: Connection) {{(pid=128418) notify /opt/stack/neutron/neutron/plugins/ml2/drivers/ovn/mech_driver/ovsdb/ovsdb_monitor.py:743}}
Aug 23 11:51:49 ubuntu neutron-server[128418]: INFO neutron.plugins.ml2.drivers.ovn.mech_driver.ovsdb.impl_idl_ovn [None req-79f11ba6-f0a8-4465-82de-f9369faae902 None None] Getting OvsdbSbOvnIdl for WorkerService with retry
Aug 23 11:51:49 ubuntu neutron-server[128419]: DEBUG neutron.plugins.ml2.drivers.ovn.mech_driver.ovsdb.ovsdb_monitor [None req-af1aeacd-667e-41cf-8a49-b1793da197c4 None None] Hash Ring: Node 50b7d48c-a94a-46de-9996-c445f9416a02 (host: ubuntu) handling event "create" for row 34cc5d45-7b98-4d56-bca5-e9a1df96d3ea (table: Database) {{(pid=128419) notify /opt/stack/neutron/neutron/plugins/ml2/drivers/ovn/mech_driver/ovsdb/ovsdb_monitor.py:743}}
Aug 23 11:51:49 ubuntu neutron-server[128419]: DEBUG neutron.plugins.ml2.drivers.ovn.mech_driver.ovsdb.ovsdb_monitor [None req-af1aeacd-667e-41cf-8a49-b1793da197c4 None None] Hash Ring: Node 50b7d48c-a94a-46de-9996-c445f9416a02 (host: ubuntu) handling event "create" for row 07e30965-bb67-49e9-8089-874c78cd7b78 (table: NB_Global) {{(pid=128419) notify /opt/stack/neutron/neutron/plugins/ml2/drivers/ovn/mech_driver/ovsdb/ovsdb_monitor.py:743}}
Aug 23 11:51:49 ubuntu neutron-server[128419]: INFO neutron.plugins.ml2.drivers.ovn.mech_driver.ovsdb.impl_idl_ovn [None req-af1aeacd-667e-41cf-8a49-b1793da197c4 None None] Getting OvsdbSbOvnIdl for WorkerService with retry
Aug 23 11:51:49 ubuntu neutron-server[128418]: DEBUG ovsdbapp.backend.ovs_idl [None req-79f11ba6-f0a8-4465-82de-f9369faae902 None None] Created lookup_table index Chassis.name {{(pid=128418) autocreate_indices /usr/local/lib/python3.8/dist-packages/ovsdbapp/backend/ovs_idl/__init__.py:85}}
Aug 23 11:51:49 ubuntu neutron-server[128418]: DEBUG ovsdbapp.backend.ovs_idl [None req-79f11ba6-f0a8-4465-82de-f9369faae902 None None] Created schema index Datapath_Binding.tunnel_key {{(pid=128418) autocreate_indices /usr/local/lib/python3.8/dist-packages/ovsdbapp/backend/ovs_idl/__init__.py:104}}
Aug 23 11:51:49 ubuntu neutron-server[128418]: DEBUG ovsdbapp.backend.ovs_idl [None req-79f11ba6-f0a8-4465-82de-f9369faae902 None None] Created schema index Connection.target {{(pid=128418) autocreate_indices /usr/local/lib/python3.8/dist-packages/ovsdbapp/backend/ovs_idl/__init__.py:104}}
Aug 23 11:51:49 ubuntu neutron-server[128418]: INFO ovsdbapp.backend.ovs_idl.vlog [None req-79f11ba6-f0a8-4465-82de-f9369faae902 None None] tcp:192.168.79.49:6642: connecting...
Aug 23 11:51:49 ubuntu neutron-server[128418]: INFO ovsdbapp.backend.ovs_idl.vlog [None req-79f11ba6-f0a8-4465-82de-f9369faae902 None None] tcp:192.168.79.49:6642: connected
Aug 23 11:51:49 ubuntu neutron-server[128419]: DEBUG ovsdbapp.backend.ovs_idl [None req-af1aeacd-667e-41cf-8a49-b1793da197c4 None None] Created lookup_table index Chassis.name {{(pid=128419) autocreate_indices /usr/local/lib/python3.8/dist-packages/ovsdbapp/backend/ovs_idl/__init__.py:85}}
Aug 23 11:51:49 ubuntu neutron-server[128419]: DEBUG ovsdbapp.backend.ovs_idl [None req-af1aeacd-667e-41cf-8a49-b1793da197c4 None None] Created schema index Datapath_Binding.tunnel_key {{(pid=128419) autocreate_indices /usr/local/lib/python3.8/dist-packages/ovsdbapp/backend/ovs_idl/__init__.py:104}}
Aug 23 11:51:49 ubuntu neutron-server[128419]: DEBUG ovsdbapp.backend.ovs_idl [None req-af1aeacd-667e-41cf-8a49-b1793da197c4 None None] Created schema index Connection.target {{(pid=128419) autocreate_indices /usr/local/lib/python3.8/dist-packages/ovsdbapp/backend/ovs_idl/__init__.py:104}}
Aug 23 11:51:49 ubuntu neutron-server[128419]: INFO ovsdbapp.backend.ovs_idl.vlog [None req-af1aeacd-667e-41cf-8a49-b1793da197c4 None None] tcp:192.168.79.49:6642: connecting...
Aug 23 11:51:49 ubuntu neutron-server[128419]: INFO ovsdbapp.backend.ovs_idl.vlog [None req-af1aeacd-667e-41cf-8a49-b1793da197c4 None None] tcp:192.168.79.49:6642: connected
Aug 23 11:51:49 ubuntu neutron-server[128198]: INFO oslo_service.service [None req-64ad5108-5c65-4f4d-9ebe-cac6afeebdc5 None None] Starting 1 workers
Aug 23 11:51:49 ubuntu neutron-server[128198]: DEBUG oslo_service.service [None req-64ad5108-5c65-4f4d-9ebe-cac6afeebdc5 None None] Started child 128421 {{(pid=128198) _start_child /usr/local/lib/python3.8/dist-packages/oslo_service/service.py:575}}
Aug 23 11:51:49 ubuntu neutron-server[128198]: INFO oslo_service.service [None req-64ad5108-5c65-4f4d-9ebe-cac6afeebdc5 None None] Starting 1 workers
Aug 23 11:51:49 ubuntu neutron-server[128198]: DEBUG oslo_service.service [None req-64ad5108-5c65-4f4d-9ebe-cac6afeebdc5 None None] Started child 128422 {{(pid=128198) _start_child /usr/local/lib/python3.8/dist-packages/oslo_service/service.py:575}}
Aug 23 11:51:49 ubuntu neutron-server[128198]: INFO oslo_service.service [None req-64ad5108-5c65-4f4d-9ebe-cac6afeebdc5 None None] Starting 1 workers
Aug 23 11:51:49 ubuntu neutron-server[128198]: DEBUG oslo_service.service [None req-64ad5108-5c65-4f4d-9ebe-cac6afeebdc5 None None] Started child 128423 {{(pid=128198) _start_child /usr/local/lib/python3.8/dist-packages/oslo_service/service.py:575}}
Aug 23 11:51:49 ubuntu neutron-server[128198]: DEBUG neutron_lib.callbacks.manager [None req-64ad5108-5c65-4f4d-9ebe-cac6afeebdc5 None None] Publish callbacks [] for process (None), after_spawn {{(pid=128198) _notify_loop /usr/local/lib/python3.8/dist-packages/neutron_lib/callbacks/manager.py:176}}
Aug 23 11:51:49 ubuntu neutron-server[128198]: DEBUG oslo_service.service [-] Full set of CONF: {{(pid=128198) wait /usr/local/lib/python3.8/dist-packages/oslo_service/service.py:649}}
Aug 23 11:51:49 ubuntu neutron-server[128198]: DEBUG oslo_service.service [-] ******************************************************************************** {{(pid=128198) log_opt_values /usr/local/lib/python3.8/dist-packages/oslo_config/cfg.py:2589}}
Aug 23 11:51:49 ubuntu neutron-server[128198]: DEBUG oslo_service.service [-] Configuration options gathered from: {{(pid=128198) log_opt_values /usr/local/lib/python3.8/dist-packages/oslo_config/cfg.py:2590}}
Aug 23 11:51:49 ubuntu neutron-server[128198]: DEBUG oslo_service.service [-] command line args: ['--config-file', '/etc/neutron/neutron.conf', '--config-file', '/etc/neutron/plugins/ml2/ml2_conf.ini'] {{(pid=128198) log_opt_values /usr/local/lib/python3.8/dist-packages/oslo_config/cfg.py:2591}}
Aug 23 11:51:49 ubuntu neutron-server[128198]: DEBUG oslo_service.service [-] config files: ['/etc/neutron/neutron.conf', '/etc/neutron/plugins/ml2/ml2_conf.ini'] {{(pid=128198) log_opt_values /usr/local/lib/python3.8/dist-packages/oslo_config/cfg.py:2592}}
Aug 23 11:51:49 ubuntu neutron-server[128198]: DEBUG oslo_service.service [-] ================================================================================ {{(pid=128198) log_opt_values /usr/local/lib/python3.8/dist-packages/oslo_config/cfg.py:2594}}
Aug 23 11:51:49 ubuntu neutron-server[128198]: DEBUG oslo_service.service [-] agent_down_time                = 75 {{(pid=128198) log_opt_values /usr/local/lib/python3.8/dist-packages/oslo_config/cfg.py:2602}}
Aug 23 11:51:49 ubuntu neutron-server[128198]: DEBUG oslo_service.service [-] allow_automatic_dhcp_failover  = True {{(pid=128198) log_opt_values /usr/local/lib/python3.8/dist-packages/oslo_config/cfg.py:2602}}
Aug 23 11:51:49 ubuntu neutron-server[128418]: DEBUG neutron.common.ovn.hash_ring_manager [None req-79f11ba6-f0a8-4465-82de-f9369faae902 None None] Allow caching, nodes 2>=2 {{(pid=128418) _wait_startup_before_caching /opt/stack/neutron/neutron/common/ovn/hash_ring_manager.py:60}}
Aug 23 11:51:49 ubuntu neutron-server[128198]: DEBUG oslo_service.service [-] allow_bulk                     = True {{(pid=128198) log_opt_values /usr/local/lib/python3.8/dist-packages/oslo_config/cfg.py:2602}}
Aug 23 11:51:49 ubuntu neutron-server[128198]: DEBUG oslo_service.service [-] allowed_conntrack_helpers      = [{'amanda': 'tcp'}, {'ftp': 'tcp'}, {'h323': 'udp'}, {'h323': 'tcp'}, {'irc': 'tcp'}, {'netbios-ns': 'udp'}, {'pptp': 'tcp'}, {'sane': 'tcp'}, {'sip': 'udp'}, {'sip': 'tcp'}, {'snmp': 'udp'}, {'tftp': 'udp'}] {{(pid=128198) log_opt_values /usr/local/lib/python3.8/dist-packages/oslo_config/cfg.py:2602}}
Aug 23 11:51:49 ubuntu neutron-server[128198]: DEBUG oslo_service.service [-] api_extensions_path            =  {{(pid=128198) log_opt_values /usr/local/lib/python3.8/dist-packages/oslo_config/cfg.py:2602}}
Aug 23 11:51:49 ubuntu neutron-server[128198]: DEBUG oslo_service.service [-] api_paste_config               = api-paste.ini {{(pid=128198) log_opt_values /usr/local/lib/python3.8/dist-packages/oslo_config/cfg.py:2602}}
Aug 23 11:51:49 ubuntu neutron-server[128198]: DEBUG oslo_service.service [-] api_workers                    = 2 {{(pid=128198) log_opt_values /usr/local/lib/python3.8/dist-packages/oslo_config/cfg.py:2602}}
Aug 23 11:51:49 ubuntu neutron-server[128198]: DEBUG oslo_service.service [-] auth_strategy                  = keystone {{(pid=128198) log_opt_values /usr/local/lib/python3.8/dist-packages/oslo_config/cfg.py:2602}}
Aug 23 11:51:49 ubuntu neutron-server[128198]: DEBUG oslo_service.service [-] backdoor_port                  = None {{(pid=128198) log_opt_values /usr/local/lib/python3.8/dist-packages/oslo_config/cfg.py:2602}}
