Aug 07 19:20:17 ubuntu neutron-server[131444]: DEBUG neutron.api.extensions [None req-e9c35ea2-6e85-4c45-a0b9-2449e82f2ecf None None] Ext name="Resource timestamps" alias="standard-attr-timestamp" description="Adds created_at and updated_at fields to all Neutron resources that have Neutron standard attributes." updated="2016-09-12T10:00:00-00:00" {{(pid=131444) _check_extension /opt/stack/neutron/neutron/api/extensions.py:416}}
Aug 07 19:20:17 ubuntu neutron-server[131444]: INFO neutron.api.extensions [None req-e9c35ea2-6e85-4c45-a0b9-2449e82f2ecf None None] Loaded extension: standard-attr-timestamp
Aug 07 19:20:17 ubuntu neutron-server[131444]: DEBUG neutron.api.extensions [None req-e9c35ea2-6e85-4c45-a0b9-2449e82f2ecf None None] Loading extension file: trunk.py {{(pid=131444) _load_all_extensions_from_path /opt/stack/neutron/neutron/api/extensions.py:450}}
Aug 07 19:20:17 ubuntu neutron-server[131444]: DEBUG neutron.api.extensions [None req-e9c35ea2-6e85-4c45-a0b9-2449e82f2ecf None None] Ext name="Trunk Extension" alias="trunk" description="Provides support for trunk ports" updated="2016-01-01T10:00:00-00:00" {{(pid=131444) _check_extension /opt/stack/neutron/neutron/api/extensions.py:416}}
Aug 07 19:20:17 ubuntu neutron-server[131444]: INFO neutron.api.extensions [None req-e9c35ea2-6e85-4c45-a0b9-2449e82f2ecf None None] Extension trunk not supported by any of loaded plugins
Aug 07 19:20:17 ubuntu neutron-server[131444]: DEBUG neutron.api.extensions [None req-e9c35ea2-6e85-4c45-a0b9-2449e82f2ecf None None] Loading extension file: trunk_details.py {{(pid=131444) _load_all_extensions_from_path /opt/stack/neutron/neutron/api/extensions.py:450}}
Aug 07 19:20:17 ubuntu neutron-server[131444]: DEBUG neutron.api.extensions [None req-e9c35ea2-6e85-4c45-a0b9-2449e82f2ecf None None] Ext name="Trunk port details" alias="trunk-details" description="Expose trunk port details" updated="2016-01-01T10:00:00-00:00" {{(pid=131444) _check_extension /opt/stack/neutron/neutron/api/extensions.py:416}}
Aug 07 19:20:17 ubuntu neutron-server[131444]: INFO neutron.api.extensions [None req-e9c35ea2-6e85-4c45-a0b9-2449e82f2ecf None None] Extension trunk-details not supported by any of loaded plugins
Aug 07 19:20:17 ubuntu neutron-server[131444]: DEBUG neutron.api.extensions [None req-e9c35ea2-6e85-4c45-a0b9-2449e82f2ecf None None] Loading extension file: uplink_status_propagation.py {{(pid=131444) _load_all_extensions_from_path /opt/stack/neutron/neutron/api/extensions.py:450}}
Aug 07 19:20:17 ubuntu neutron-server[131444]: DEBUG neutron.api.extensions [None req-e9c35ea2-6e85-4c45-a0b9-2449e82f2ecf None None] Ext name="Uplink status propagation extension" alias="uplink-status-propagation" description="Provides ability to propagate port uplink status." updated="2018-05-31T18:00:00-00:00" {{(pid=131444) _check_extension /opt/stack/neutron/neutron/api/extensions.py:416}}
Aug 07 19:20:17 ubuntu neutron-server[131444]: INFO neutron.api.extensions [None req-e9c35ea2-6e85-4c45-a0b9-2449e82f2ecf None None] Extension uplink-status-propagation not supported by any of loaded plugins
Aug 07 19:20:17 ubuntu neutron-server[131444]: DEBUG neutron.api.extensions [None req-e9c35ea2-6e85-4c45-a0b9-2449e82f2ecf None None] Loading extension file: vlantransparent.py {{(pid=131444) _load_all_extensions_from_path /opt/stack/neutron/neutron/api/extensions.py:450}}
Aug 07 19:20:17 ubuntu neutron-server[131444]: DEBUG neutron.api.extensions [None req-e9c35ea2-6e85-4c45-a0b9-2449e82f2ecf None None] Ext name="Vlantransparent" alias="vlan-transparent" description="Provides Vlan Transparent Networks" updated="2015-03-23T09:00:00-00:00" {{(pid=131444) _check_extension /opt/stack/neutron/neutron/api/extensions.py:416}}
Aug 07 19:20:17 ubuntu neutron-server[131444]: INFO neutron.api.extensions [None req-e9c35ea2-6e85-4c45-a0b9-2449e82f2ecf None None] Extension vlan-transparent not supported by any of loaded plugins
Aug 07 19:20:17 ubuntu neutron-server[131444]: INFO neutron.quota.resource_registry [None req-e9c35ea2-6e85-4c45-a0b9-2449e82f2ecf None None] Creating instance of TrackedResource for resource:network
Aug 07 19:20:17 ubuntu neutron-server[131444]: INFO neutron.quota.resource_registry [None req-e9c35ea2-6e85-4c45-a0b9-2449e82f2ecf None None] Creating instance of TrackedResource for resource:subnet
Aug 07 19:20:17 ubuntu neutron-server[131444]: INFO neutron.quota.resource_registry [None req-e9c35ea2-6e85-4c45-a0b9-2449e82f2ecf None None] Creating instance of TrackedResource for resource:subnetpool
Aug 07 19:20:17 ubuntu neutron-server[131444]: INFO neutron.quota.resource_registry [None req-e9c35ea2-6e85-4c45-a0b9-2449e82f2ecf None None] Creating instance of TrackedResource for resource:port
Aug 07 19:20:17 ubuntu neutron-server[131444]: DEBUG neutron.api.v2.resource_helper [None req-e9c35ea2-6e85-4c45-a0b9-2449e82f2ecf None None] Service FLAVORS assigned prefix:  {{(pid=131444) build_resource_info /opt/stack/neutron/neutron/api/v2/resource_helper.py:77}}
Aug 07 19:20:17 ubuntu neutron-server[131444]: DEBUG neutron.api.v2.resource_helper [None req-e9c35ea2-6e85-4c45-a0b9-2449e82f2ecf None None] Service L3_ROUTER_NAT assigned prefix:  {{(pid=131444) build_resource_info /opt/stack/neutron/neutron/api/v2/resource_helper.py:77}}
Aug 07 19:20:17 ubuntu neutron-server[131444]: DEBUG neutron.api.v2.resource_helper [None req-e9c35ea2-6e85-4c45-a0b9-2449e82f2ecf None None] Service L3_ROUTER_NAT assigned prefix:  {{(pid=131444) build_resource_info /opt/stack/neutron/neutron/api/v2/resource_helper.py:77}}
Aug 07 19:20:17 ubuntu neutron-server[131444]: INFO neutron.quota.resource_registry [None req-e9c35ea2-6e85-4c45-a0b9-2449e82f2ecf None None] Creating instance of TrackedResource for resource:router
Aug 07 19:20:17 ubuntu neutron-server[131444]: INFO neutron.quota.resource_registry [None req-e9c35ea2-6e85-4c45-a0b9-2449e82f2ecf None None] Creating instance of TrackedResource for resource:floatingip
Aug 07 19:20:17 ubuntu neutron-server[131444]: DEBUG neutron_lib.callbacks.manager [None req-e9c35ea2-6e85-4c45-a0b9-2449e82f2ecf None None] Subscribe: <bound method NeutronDbPluginV2.validate_network_rbac_policy_change of <neutron.services.network_ip_availability.plugin.NetworkIPAvailabilityPlugin object at 0x7f9836b9c250>> rbac-policy before_create 55550000 {{(pid=131444) subscribe /usr/local/lib/python3.8/dist-packages/neutron_lib/callbacks/manager.py:45}}
Aug 07 19:20:17 ubuntu neutron-server[131444]: DEBUG neutron_lib.callbacks.manager [None req-e9c35ea2-6e85-4c45-a0b9-2449e82f2ecf None None] Subscribe: <bound method NeutronDbPluginV2.validate_network_rbac_policy_change of <neutron.services.network_ip_availability.plugin.NetworkIPAvailabilityPlugin object at 0x7f9836b9c250>> rbac-policy before_update 55550000 {{(pid=131444) subscribe /usr/local/lib/python3.8/dist-packages/neutron_lib/callbacks/manager.py:45}}
Aug 07 19:20:17 ubuntu neutron-server[131444]: DEBUG neutron_lib.callbacks.manager [None req-e9c35ea2-6e85-4c45-a0b9-2449e82f2ecf None None] Subscribe: <bound method NeutronDbPluginV2.validate_network_rbac_policy_change of <neutron.services.network_ip_availability.plugin.NetworkIPAvailabilityPlugin object at 0x7f9836b9c250>> rbac-policy before_delete 55550000 {{(pid=131444) subscribe /usr/local/lib/python3.8/dist-packages/neutron_lib/callbacks/manager.py:45}}
Aug 07 19:20:17 ubuntu neutron-server[131444]: INFO neutron.quota.resource_registry [None req-e9c35ea2-6e85-4c45-a0b9-2449e82f2ecf None None] Creating instance of CountableResource for resource:rbac_policy
Aug 07 19:20:17 ubuntu neutron-server[131444]: INFO neutron.quota.resource_registry [None req-e9c35ea2-6e85-4c45-a0b9-2449e82f2ecf None None] Creating instance of TrackedResource for resource:security_group
Aug 07 19:20:17 ubuntu neutron-server[131444]: INFO neutron.quota.resource_registry [None req-e9c35ea2-6e85-4c45-a0b9-2449e82f2ecf None None] Creating instance of TrackedResource for resource:security_group_rule
Aug 07 19:20:17 ubuntu neutron-server[131444]: DEBUG neutron.api.v2.resource_helper [None req-e9c35ea2-6e85-4c45-a0b9-2449e82f2ecf None None] Service FLAVORS assigned prefix:  {{(pid=131444) build_resource_info /opt/stack/neutron/neutron/api/v2/resource_helper.py:77}}
Aug 07 19:20:17 ubuntu neutron-server[131444]: DEBUG neutron.api.v2.resource_helper [None req-e9c35ea2-6e85-4c45-a0b9-2449e82f2ecf None None] Service L3_ROUTER_NAT assigned prefix:  {{(pid=131444) build_resource_info /opt/stack/neutron/neutron/api/v2/resource_helper.py:77}}
Aug 07 19:20:17 ubuntu neutron-server[131444]: DEBUG neutron.api.v2.resource_helper [None req-e9c35ea2-6e85-4c45-a0b9-2449e82f2ecf None None] Service L3_ROUTER_NAT assigned prefix:  {{(pid=131444) build_resource_info /opt/stack/neutron/neutron/api/v2/resource_helper.py:77}}
Aug 07 19:20:17 ubuntu neutron-server[131444]: INFO neutron.quota.resource_registry [None req-e9c35ea2-6e85-4c45-a0b9-2449e82f2ecf None None] Creating instance of TrackedResource for resource:router
Aug 07 19:20:17 ubuntu neutron-server[131444]: WARNING neutron.quota.resource_registry [None req-e9c35ea2-6e85-4c45-a0b9-2449e82f2ecf None None] router is already registered
Aug 07 19:20:17 ubuntu neutron-server[131444]: INFO neutron.quota.resource_registry [None req-e9c35ea2-6e85-4c45-a0b9-2449e82f2ecf None None] Creating instance of TrackedResource for resource:floatingip
Aug 07 19:20:17 ubuntu neutron-server[131444]: WARNING neutron.quota.resource_registry [None req-e9c35ea2-6e85-4c45-a0b9-2449e82f2ecf None None] floatingip is already registered
Aug 07 19:20:17 ubuntu neutron-server[131444]: INFO neutron.quota.resource_registry [None req-e9c35ea2-6e85-4c45-a0b9-2449e82f2ecf None None] Creating instance of CountableResource for resource:rbac_policy
Aug 07 19:20:17 ubuntu neutron-server[131444]: WARNING neutron.quota.resource_registry [None req-e9c35ea2-6e85-4c45-a0b9-2449e82f2ecf None None] rbac_policy is already registered
Aug 07 19:20:17 ubuntu neutron-server[131444]: INFO neutron.quota.resource_registry [None req-e9c35ea2-6e85-4c45-a0b9-2449e82f2ecf None None] Creating instance of TrackedResource for resource:security_group
Aug 07 19:20:17 ubuntu neutron-server[131444]: WARNING neutron.quota.resource_registry [None req-e9c35ea2-6e85-4c45-a0b9-2449e82f2ecf None None] security_group is already registered
Aug 07 19:20:17 ubuntu neutron-server[131444]: INFO neutron.quota.resource_registry [None req-e9c35ea2-6e85-4c45-a0b9-2449e82f2ecf None None] Creating instance of TrackedResource for resource:security_group_rule
Aug 07 19:20:17 ubuntu neutron-server[131444]: WARNING neutron.quota.resource_registry [None req-e9c35ea2-6e85-4c45-a0b9-2449e82f2ecf None None] security_group_rule is already registered
Aug 07 19:20:17 ubuntu neutron-server[131444]: DEBUG neutron.api.extensions [None req-e9c35ea2-6e85-4c45-a0b9-2449e82f2ecf None None] Extended resource: extensions {{(pid=131444) __init__ /opt/stack/neutron/neutron/api/extensions.py:157}}
Aug 07 19:20:17 ubuntu neutron-server[131444]: DEBUG neutron.api.extensions [None req-e9c35ea2-6e85-4c45-a0b9-2449e82f2ecf None None] Extended resource: address-groups {{(pid=131444) __init__ /opt/stack/neutron/neutron/api/extensions.py:157}}
Aug 07 19:20:17 ubuntu neutron-server[131444]: DEBUG neutron.api.extensions [None req-e9c35ea2-6e85-4c45-a0b9-2449e82f2ecf None None] Extended resource: address-scopes {{(pid=131444) __init__ /opt/stack/neutron/neutron/api/extensions.py:157}}
Aug 07 19:20:17 ubuntu neutron-server[131444]: DEBUG neutron.api.extensions [None req-e9c35ea2-6e85-4c45-a0b9-2449e82f2ecf None None] Extended resource: agents {{(pid=131444) __init__ /opt/stack/neutron/neutron/api/extensions.py:157}}
Aug 07 19:20:17 ubuntu neutron-server[131444]: DEBUG neutron.api.extensions [None req-e9c35ea2-6e85-4c45-a0b9-2449e82f2ecf None None] Extended resource: auto-allocated-topology {{(pid=131444) __init__ /opt/stack/neutron/neutron/api/extensions.py:157}}
Aug 07 19:20:17 ubuntu neutron-server[131444]: DEBUG neutron.api.extensions [None req-e9c35ea2-6e85-4c45-a0b9-2449e82f2ecf None None] Extended resource: availability_zones {{(pid=131444) __init__ /opt/stack/neutron/neutron/api/extensions.py:157}}
Aug 07 19:20:17 ubuntu neutron-server[131444]: DEBUG neutron.api.extensions [None req-e9c35ea2-6e85-4c45-a0b9-2449e82f2ecf None None] Extended resource: flavors {{(pid=131444) __init__ /opt/stack/neutron/neutron/api/extensions.py:157}}
Aug 07 19:20:17 ubuntu neutron-server[131444]: DEBUG neutron.api.extensions [None req-e9c35ea2-6e85-4c45-a0b9-2449e82f2ecf None None] Extended resource: service_profiles {{(pid=131444) __init__ /opt/stack/neutron/neutron/api/extensions.py:157}}
Aug 07 19:20:17 ubuntu neutron-server[131444]: DEBUG neutron.api.extensions [None req-e9c35ea2-6e85-4c45-a0b9-2449e82f2ecf None None] Extended resource: next_providers {{(pid=131444) __init__ /opt/stack/neutron/neutron/api/extensions.py:157}}
Aug 07 19:20:17 ubuntu neutron-server[131444]: DEBUG neutron.api.extensions [None req-e9c35ea2-6e85-4c45-a0b9-2449e82f2ecf None None] Extended resource: service_profiles {{(pid=131444) __init__ /opt/stack/neutron/neutron/api/extensions.py:157}}
Aug 07 19:20:17 ubuntu neutron-server[131444]: DEBUG neutron.api.extensions [None req-e9c35ea2-6e85-4c45-a0b9-2449e82f2ecf None None] Extended resource: floatingip-pools {{(pid=131444) __init__ /opt/stack/neutron/neutron/api/extensions.py:157}}
Aug 07 19:20:17 ubuntu neutron-server[131444]: DEBUG neutron.api.extensions [None req-e9c35ea2-6e85-4c45-a0b9-2449e82f2ecf None None] Extended resource: routers {{(pid=131444) __init__ /opt/stack/neutron/neutron/api/extensions.py:157}}
Aug 07 19:20:17 ubuntu neutron-server[131444]: DEBUG neutron.api.extensions [None req-e9c35ea2-6e85-4c45-a0b9-2449e82f2ecf None None] Extended resource: floatingips {{(pid=131444) __init__ /opt/stack/neutron/neutron/api/extensions.py:157}}
Aug 07 19:20:17 ubuntu neutron-server[131444]: DEBUG neutron.api.extensions [None req-e9c35ea2-6e85-4c45-a0b9-2449e82f2ecf None None] Extended resource: network-ip-availabilities {{(pid=131444) __init__ /opt/stack/neutron/neutron/api/extensions.py:157}}
Aug 07 19:20:17 ubuntu neutron-server[131444]: DEBUG neutron.api.extensions [None req-e9c35ea2-6e85-4c45-a0b9-2449e82f2ecf None None] Extended resource: bindings {{(pid=131444) __init__ /opt/stack/neutron/neutron/api/extensions.py:157}}
Aug 07 19:20:17 ubuntu neutron-server[131444]: DEBUG neutron.api.extensions [None req-e9c35ea2-6e85-4c45-a0b9-2449e82f2ecf None None] Extended resource: quotas {{(pid=131444) __init__ /opt/stack/neutron/neutron/api/extensions.py:157}}
Aug 07 19:20:17 ubuntu neutron-server[131444]: DEBUG neutron.api.extensions [None req-e9c35ea2-6e85-4c45-a0b9-2449e82f2ecf None None] Extended resource: quotas {{(pid=131444) __init__ /opt/stack/neutron/neutron/api/extensions.py:157}}
Aug 07 19:20:17 ubuntu neutron-server[131444]: DEBUG neutron.api.extensions [None req-e9c35ea2-6e85-4c45-a0b9-2449e82f2ecf None None] Extended resource: rbac-policies {{(pid=131444) __init__ /opt/stack/neutron/neutron/api/extensions.py:157}}
Aug 07 19:20:17 ubuntu neutron-server[131444]: DEBUG neutron.api.extensions [None req-e9c35ea2-6e85-4c45-a0b9-2449e82f2ecf None None] Extended resource: security-groups {{(pid=131444) __init__ /opt/stack/neutron/neutron/api/extensions.py:157}}
Aug 07 19:20:17 ubuntu neutron-server[131444]: DEBUG neutron.api.extensions [None req-e9c35ea2-6e85-4c45-a0b9-2449e82f2ecf None None] Extended resource: security-group-rules {{(pid=131444) __init__ /opt/stack/neutron/neutron/api/extensions.py:157}}
Aug 07 19:20:17 ubuntu neutron-server[131444]: DEBUG neutron.api.extensions [None req-e9c35ea2-6e85-4c45-a0b9-2449e82f2ecf None None] Extended resource: service-providers {{(pid=131444) __init__ /opt/stack/neutron/neutron/api/extensions.py:157}}
Aug 07 19:20:17 ubuntu neutron-server[131444]: DEBUG neutron.api.extensions [None req-e9c35ea2-6e85-4c45-a0b9-2449e82f2ecf None None] Extended resource: tags {{(pid=131444) __init__ /opt/stack/neutron/neutron/api/extensions.py:157}}
Aug 07 19:20:17 ubuntu neutron-server[131444]: DEBUG neutron.api.extensions [None req-e9c35ea2-6e85-4c45-a0b9-2449e82f2ecf None None] Extended resource: tags {{(pid=131444) __init__ /opt/stack/neutron/neutron/api/extensions.py:157}}
Aug 07 19:20:17 ubuntu neutron-server[131444]: DEBUG neutron.api.extensions [None req-e9c35ea2-6e85-4c45-a0b9-2449e82f2ecf None None] Extended resource: tags {{(pid=131444) __init__ /opt/stack/neutron/neutron/api/extensions.py:157}}
Aug 07 19:20:17 ubuntu neutron-server[131444]: DEBUG neutron.api.extensions [None req-e9c35ea2-6e85-4c45-a0b9-2449e82f2ecf None None] Extended resource: tags {{(pid=131444) __init__ /opt/stack/neutron/neutron/api/extensions.py:157}}
Aug 07 19:20:17 ubuntu neutron-server[131444]: DEBUG neutron.api.extensions [None req-e9c35ea2-6e85-4c45-a0b9-2449e82f2ecf None None] Extended resource: tags {{(pid=131444) __init__ /opt/stack/neutron/neutron/api/extensions.py:157}}
Aug 07 19:20:17 ubuntu neutron-server[131444]: DEBUG neutron.api.extensions [None req-e9c35ea2-6e85-4c45-a0b9-2449e82f2ecf None None] Extended resource: tags {{(pid=131444) __init__ /opt/stack/neutron/neutron/api/extensions.py:157}}
Aug 07 19:20:17 ubuntu neutron-server[131444]: DEBUG neutron.api.extensions [None req-e9c35ea2-6e85-4c45-a0b9-2449e82f2ecf None None] Extended resource: tags {{(pid=131444) __init__ /opt/stack/neutron/neutron/api/extensions.py:157}}
Aug 07 19:20:17 ubuntu neutron-server[131444]: DEBUG neutron.api.extensions [None req-e9c35ea2-6e85-4c45-a0b9-2449e82f2ecf None None] Extended resource: tags {{(pid=131444) __init__ /opt/stack/neutron/neutron/api/extensions.py:157}}
Aug 07 19:20:17 ubuntu neutron-server[131444]: DEBUG neutron.api.extensions [None req-e9c35ea2-6e85-4c45-a0b9-2449e82f2ecf None None] Extended resource: tags {{(pid=131444) __init__ /opt/stack/neutron/neutron/api/extensions.py:157}}
Aug 07 19:20:17 ubuntu neutron-server[131444]: DEBUG neutron.api.extensions [None req-e9c35ea2-6e85-4c45-a0b9-2449e82f2ecf None None] Extended resource: tags {{(pid=131444) __init__ /opt/stack/neutron/neutron/api/extensions.py:157}}
Aug 07 19:20:17 ubuntu neutron-server[131444]: WARNING keystonemiddleware.auth_token [None req-e9c35ea2-6e85-4c45-a0b9-2449e82f2ecf None None] AuthToken middleware is set with keystone_authtoken.service_token_roles_required set to False. This is backwards compatible but deprecated behaviour. Please set this to True.
Aug 07 19:20:17 ubuntu neutron-server[131444]: WARNING keystonemiddleware.auth_token [None req-e9c35ea2-6e85-4c45-a0b9-2449e82f2ecf None None] Configuring www_authenticate_uri to point to the public identity endpoint is required; clients may not be able to authenticate against an admin endpoint
Aug 07 19:20:17 ubuntu neutron-server[131444]: DEBUG oslo_concurrency.lockutils [None req-e9c35ea2-6e85-4c45-a0b9-2449e82f2ecf None None] Acquiring lock "singleton_lock" {{(pid=131444) lock /usr/local/lib/python3.8/dist-packages/oslo_concurrency/lockutils.py:293}}
Aug 07 19:20:17 ubuntu neutron-server[131444]: DEBUG oslo_concurrency.lockutils [None req-e9c35ea2-6e85-4c45-a0b9-2449e82f2ecf None None] Acquired lock "singleton_lock" {{(pid=131444) lock /usr/local/lib/python3.8/dist-packages/oslo_concurrency/lockutils.py:296}}
Aug 07 19:20:17 ubuntu neutron-server[131444]: DEBUG oslo_concurrency.lockutils [None req-e9c35ea2-6e85-4c45-a0b9-2449e82f2ecf None None] Releasing lock "singleton_lock" {{(pid=131444) lock /usr/local/lib/python3.8/dist-packages/oslo_concurrency/lockutils.py:314}}
Aug 07 19:20:17 ubuntu neutron-server[131444]: INFO oslo_service.service [None req-e9c35ea2-6e85-4c45-a0b9-2449e82f2ecf None None] Starting 2 workers
Aug 07 19:20:17 ubuntu neutron-server[131444]: DEBUG oslo_service.service [None req-e9c35ea2-6e85-4c45-a0b9-2449e82f2ecf None None] Started child 131660 {{(pid=131444) _start_child /usr/local/lib/python3.8/dist-packages/oslo_service/service.py:575}}
Aug 07 19:20:17 ubuntu neutron-server[131444]: DEBUG oslo_service.service [None req-e9c35ea2-6e85-4c45-a0b9-2449e82f2ecf None None] Started child 131661 {{(pid=131444) _start_child /usr/local/lib/python3.8/dist-packages/oslo_service/service.py:575}}
Aug 07 19:20:17 ubuntu neutron-server[131444]: INFO neutron.service [None req-e9c35ea2-6e85-4c45-a0b9-2449e82f2ecf None None] Neutron service started, listening on 0.0.0.0:9696
Aug 07 19:20:17 ubuntu neutron-server[131444]: DEBUG neutron_lib.callbacks.manager [None req-e9c35ea2-6e85-4c45-a0b9-2449e82f2ecf None None] Publish callbacks ['neutron.plugins.ml2.drivers.ovn.mech_driver.mech_driver.OVNMechanismDriver.pre_fork_initialize-384475'] for process (None), before_spawn {{(pid=131444) _notify_loop /usr/local/lib/python3.8/dist-packages/neutron_lib/callbacks/manager.py:176}}
Aug 07 19:20:17 ubuntu neutron-server[131660]: DEBUG neutron_lib.callbacks.manager [-] Publish callbacks ['neutron.plugins.ml2.drivers.ovn.mech_driver.mech_driver.OVNMechanismDriver.post_fork_initialize-384503'] for process (None), after_init {{(pid=131660) _notify_loop /usr/local/lib/python3.8/dist-packages/neutron_lib/callbacks/manager.py:176}}
Aug 07 19:20:17 ubuntu neutron-server[131661]: DEBUG neutron_lib.callbacks.manager [-] Publish callbacks ['neutron.plugins.ml2.drivers.ovn.mech_driver.mech_driver.OVNMechanismDriver.post_fork_initialize-384503'] for process (None), after_init {{(pid=131661) _notify_loop /usr/local/lib/python3.8/dist-packages/neutron_lib/callbacks/manager.py:176}}
Aug 07 19:20:17 ubuntu neutron-server[131661]: DEBUG dbcounter [-] [131661] Writer thread running {{(pid=131661) stat_writer /usr/local/lib/python3.8/dist-packages/dbcounter.py:99}}
Aug 07 19:20:17 ubuntu neutron-server[131660]: DEBUG dbcounter [-] [131660] Writer thread running {{(pid=131660) stat_writer /usr/local/lib/python3.8/dist-packages/dbcounter.py:99}}
Aug 07 19:20:17 ubuntu neutron-server[131661]: INFO neutron.plugins.ml2.drivers.ovn.mech_driver.ovsdb.impl_idl_ovn [None req-004c3a26-a4f7-4a58-bf03-7ccdbaf5ef06 None None] Getting OvsdbNbOvnIdl for WorkerService with retry
Aug 07 19:20:17 ubuntu neutron-server[131660]: INFO neutron.plugins.ml2.drivers.ovn.mech_driver.ovsdb.impl_idl_ovn [None req-b23b71a9-1580-4809-a9ed-251ff9674b45 None None] Getting OvsdbNbOvnIdl for WorkerService with retry
Aug 07 19:20:17 ubuntu neutron-server[131444]: DEBUG ovsdbapp.backend.ovs_idl [None req-e9c35ea2-6e85-4c45-a0b9-2449e82f2ecf None None] Created schema index Port_Group.name {{(pid=131444) autocreate_indices /usr/local/lib/python3.8/dist-packages/ovsdbapp/backend/ovs_idl/__init__.py:104}}
Aug 07 19:20:17 ubuntu neutron-server[131444]: DEBUG ovsdbapp.backend.ovs_idl [None req-e9c35ea2-6e85-4c45-a0b9-2449e82f2ecf None None] Created schema index Logical_Switch_Port.name {{(pid=131444) autocreate_indices /usr/local/lib/python3.8/dist-packages/ovsdbapp/backend/ovs_idl/__init__.py:104}}
Aug 07 19:20:17 ubuntu neutron-server[131661]: DEBUG ovsdbapp.backend.ovs_idl [None req-004c3a26-a4f7-4a58-bf03-7ccdbaf5ef06 None None] Created lookup_table index Logical_Switch.name {{(pid=131661) autocreate_indices /usr/local/lib/python3.8/dist-packages/ovsdbapp/backend/ovs_idl/__init__.py:85}}
Aug 07 19:20:17 ubuntu neutron-server[131661]: DEBUG ovsdbapp.backend.ovs_idl [None req-004c3a26-a4f7-4a58-bf03-7ccdbaf5ef06 None None] Created lookup_table index Logical_Router.name {{(pid=131661) autocreate_indices /usr/local/lib/python3.8/dist-packages/ovsdbapp/backend/ovs_idl/__init__.py:85}}
Aug 07 19:20:17 ubuntu neutron-server[131661]: DEBUG ovsdbapp.backend.ovs_idl [None req-004c3a26-a4f7-4a58-bf03-7ccdbaf5ef06 None None] Created lookup_table index Load_Balancer.name {{(pid=131661) autocreate_indices /usr/local/lib/python3.8/dist-packages/ovsdbapp/backend/ovs_idl/__init__.py:85}}
Aug 07 19:20:17 ubuntu neutron-server[131661]: DEBUG ovsdbapp.backend.ovs_idl [None req-004c3a26-a4f7-4a58-bf03-7ccdbaf5ef06 None None] Created schema index Meter.name {{(pid=131661) autocreate_indices /usr/local/lib/python3.8/dist-packages/ovsdbapp/backend/ovs_idl/__init__.py:104}}
Aug 07 19:20:17 ubuntu neutron-server[131661]: DEBUG ovsdbapp.backend.ovs_idl [None req-004c3a26-a4f7-4a58-bf03-7ccdbaf5ef06 None None] Created schema index Address_Set.name {{(pid=131661) autocreate_indices /usr/local/lib/python3.8/dist-packages/ovsdbapp/backend/ovs_idl/__init__.py:104}}
Aug 07 19:20:17 ubuntu neutron-server[131661]: DEBUG ovsdbapp.backend.ovs_idl [None req-004c3a26-a4f7-4a58-bf03-7ccdbaf5ef06 None None] Created schema index HA_Chassis_Group.name {{(pid=131661) autocreate_indices /usr/local/lib/python3.8/dist-packages/ovsdbapp/backend/ovs_idl/__init__.py:104}}
Aug 07 19:20:17 ubuntu neutron-server[131661]: DEBUG ovsdbapp.backend.ovs_idl [None req-004c3a26-a4f7-4a58-bf03-7ccdbaf5ef06 None None] Created schema index Connection.target {{(pid=131661) autocreate_indices /usr/local/lib/python3.8/dist-packages/ovsdbapp/backend/ovs_idl/__init__.py:104}}
Aug 07 19:20:17 ubuntu neutron-server[131661]: DEBUG ovsdbapp.backend.ovs_idl [None req-004c3a26-a4f7-4a58-bf03-7ccdbaf5ef06 None None] Created schema index Gateway_Chassis.name {{(pid=131661) autocreate_indices /usr/local/lib/python3.8/dist-packages/ovsdbapp/backend/ovs_idl/__init__.py:104}}
Aug 07 19:20:17 ubuntu neutron-server[131661]: DEBUG ovsdbapp.backend.ovs_idl [None req-004c3a26-a4f7-4a58-bf03-7ccdbaf5ef06 None None] Created schema index Logical_Router_Port.name {{(pid=131661) autocreate_indices /usr/local/lib/python3.8/dist-packages/ovsdbapp/backend/ovs_idl/__init__.py:104}}
Aug 07 19:20:17 ubuntu neutron-server[131661]: DEBUG ovsdbapp.backend.ovs_idl [None req-004c3a26-a4f7-4a58-bf03-7ccdbaf5ef06 None None] Created schema index Port_Group.name {{(pid=131661) autocreate_indices /usr/local/lib/python3.8/dist-packages/ovsdbapp/backend/ovs_idl/__init__.py:104}}
Aug 07 19:20:17 ubuntu neutron-server[131660]: DEBUG ovsdbapp.backend.ovs_idl [None req-b23b71a9-1580-4809-a9ed-251ff9674b45 None None] Created lookup_table index Logical_Switch.name {{(pid=131660) autocreate_indices /usr/local/lib/python3.8/dist-packages/ovsdbapp/backend/ovs_idl/__init__.py:85}}
Aug 07 19:20:17 ubuntu neutron-server[131661]: DEBUG ovsdbapp.backend.ovs_idl [None req-004c3a26-a4f7-4a58-bf03-7ccdbaf5ef06 None None] Created schema index Logical_Switch_Port.name {{(pid=131661) autocreate_indices /usr/local/lib/python3.8/dist-packages/ovsdbapp/backend/ovs_idl/__init__.py:104}}
Aug 07 19:20:17 ubuntu neutron-server[131660]: DEBUG ovsdbapp.backend.ovs_idl [None req-b23b71a9-1580-4809-a9ed-251ff9674b45 None None] Created lookup_table index Logical_Router.name {{(pid=131660) autocreate_indices /usr/local/lib/python3.8/dist-packages/ovsdbapp/backend/ovs_idl/__init__.py:85}}
Aug 07 19:20:17 ubuntu neutron-server[131661]: INFO ovsdbapp.backend.ovs_idl.vlog [None req-004c3a26-a4f7-4a58-bf03-7ccdbaf5ef06 None None] tcp:192.168.79.48:6641: connecting...
Aug 07 19:20:17 ubuntu neutron-server[131660]: DEBUG ovsdbapp.backend.ovs_idl [None req-b23b71a9-1580-4809-a9ed-251ff9674b45 None None] Created lookup_table index Load_Balancer.name {{(pid=131660) autocreate_indices /usr/local/lib/python3.8/dist-packages/ovsdbapp/backend/ovs_idl/__init__.py:85}}
Aug 07 19:20:17 ubuntu neutron-server[131661]: INFO ovsdbapp.backend.ovs_idl.vlog [None req-004c3a26-a4f7-4a58-bf03-7ccdbaf5ef06 None None] tcp:192.168.79.48:6641: connected
Aug 07 19:20:17 ubuntu neutron-server[131660]: DEBUG ovsdbapp.backend.ovs_idl [None req-b23b71a9-1580-4809-a9ed-251ff9674b45 None None] Created schema index Meter.name {{(pid=131660) autocreate_indices /usr/local/lib/python3.8/dist-packages/ovsdbapp/backend/ovs_idl/__init__.py:104}}
Aug 07 19:20:17 ubuntu neutron-server[131660]: DEBUG ovsdbapp.backend.ovs_idl [None req-b23b71a9-1580-4809-a9ed-251ff9674b45 None None] Created schema index Address_Set.name {{(pid=131660) autocreate_indices /usr/local/lib/python3.8/dist-packages/ovsdbapp/backend/ovs_idl/__init__.py:104}}
Aug 07 19:20:17 ubuntu neutron-server[131660]: DEBUG ovsdbapp.backend.ovs_idl [None req-b23b71a9-1580-4809-a9ed-251ff9674b45 None None] Created schema index HA_Chassis_Group.name {{(pid=131660) autocreate_indices /usr/local/lib/python3.8/dist-packages/ovsdbapp/backend/ovs_idl/__init__.py:104}}
Aug 07 19:20:17 ubuntu neutron-server[131660]: DEBUG ovsdbapp.backend.ovs_idl [None req-b23b71a9-1580-4809-a9ed-251ff9674b45 None None] Created schema index Connection.target {{(pid=131660) autocreate_indices /usr/local/lib/python3.8/dist-packages/ovsdbapp/backend/ovs_idl/__init__.py:104}}
Aug 07 19:20:17 ubuntu neutron-server[131660]: DEBUG ovsdbapp.backend.ovs_idl [None req-b23b71a9-1580-4809-a9ed-251ff9674b45 None None] Created schema index Gateway_Chassis.name {{(pid=131660) autocreate_indices /usr/local/lib/python3.8/dist-packages/ovsdbapp/backend/ovs_idl/__init__.py:104}}
Aug 07 19:20:17 ubuntu neutron-server[131444]: DEBUG ovsdbapp.backend.ovs_idl.transaction [-] Running txn n=1 command(idx=0): PgAddCommand(name=neutron_pg_drop, may_exist=True, columns={'acls': []}) {{(pid=131444) do_commit /usr/local/lib/python3.8/dist-packages/ovsdbapp/backend/ovs_idl/transaction.py:90}}
Aug 07 19:20:17 ubuntu neutron-server[131660]: DEBUG ovsdbapp.backend.ovs_idl [None req-b23b71a9-1580-4809-a9ed-251ff9674b45 None None] Created schema index Logical_Router_Port.name {{(pid=131660) autocreate_indices /usr/local/lib/python3.8/dist-packages/ovsdbapp/backend/ovs_idl/__init__.py:104}}
Aug 07 19:20:17 ubuntu neutron-server[131444]: DEBUG ovsdbapp.backend.ovs_idl.transaction [-] Running txn n=1 command(idx=1): PgAclAddCommand(entity=neutron_pg_drop, direction=from-lport, priority=1001, match=inport == @neutron_pg_drop && ip, action=drop, log=False, may_exist=True, severity=[], name=[], meter=None, external_ids={}) {{(pid=131444) do_commit /usr/local/lib/python3.8/dist-packages/ovsdbapp/backend/ovs_idl/transaction.py:90}}
Aug 07 19:20:17 ubuntu neutron-server[131444]: DEBUG ovsdbapp.backend.ovs_idl.transaction [-] Running txn n=1 command(idx=2): PgAclAddCommand(entity=neutron_pg_drop, direction=to-lport, priority=1001, match=outport == @neutron_pg_drop && ip, action=drop, log=False, may_exist=True, severity=[], name=[], meter=None, external_ids={}) {{(pid=131444) do_commit /usr/local/lib/python3.8/dist-packages/ovsdbapp/backend/ovs_idl/transaction.py:90}}
Aug 07 19:20:17 ubuntu neutron-server[131660]: DEBUG ovsdbapp.backend.ovs_idl [None req-b23b71a9-1580-4809-a9ed-251ff9674b45 None None] Created schema index Port_Group.name {{(pid=131660) autocreate_indices /usr/local/lib/python3.8/dist-packages/ovsdbapp/backend/ovs_idl/__init__.py:104}}
Aug 07 19:20:17 ubuntu neutron-server[131660]: DEBUG ovsdbapp.backend.ovs_idl [None req-b23b71a9-1580-4809-a9ed-251ff9674b45 None None] Created schema index Logical_Switch_Port.name {{(pid=131660) autocreate_indices /usr/local/lib/python3.8/dist-packages/ovsdbapp/backend/ovs_idl/__init__.py:104}}
Aug 07 19:20:17 ubuntu neutron-server[131660]: INFO ovsdbapp.backend.ovs_idl.vlog [None req-b23b71a9-1580-4809-a9ed-251ff9674b45 None None] tcp:192.168.79.48:6641: connecting...
Aug 07 19:20:17 ubuntu neutron-server[131444]: DEBUG ovsdbapp.backend.ovs_idl.event [-] Matched CREATE: NeutronPgDropPortGroupCreated(events=('create',), table='Port_Group', conditions=(('name', '=', 'neutron_pg_drop'),), old_conditions=None), priority=10 to row=Port_Group(name=neutron_pg_drop, ports=[], external_ids={}, acls=[<ovs.db.idl.Row object at 0x7f983642e250>, <ovs.db.idl.Row object at 0x7f983642e580>]) old= {{(pid=131444) matches /usr/local/lib/python3.8/dist-packages/ovsdbapp/backend/ovs_idl/event.py:43}}
Aug 07 19:20:17 ubuntu neutron-server[131660]: INFO ovsdbapp.backend.ovs_idl.vlog [None req-b23b71a9-1580-4809-a9ed-251ff9674b45 None None] tcp:192.168.79.48:6641: connected
Aug 07 19:20:17 ubuntu neutron-server[131444]: DEBUG ovsdbapp.backend.ovs_idl [None req-e9c35ea2-6e85-4c45-a0b9-2449e82f2ecf None None] Created lookup_table index Logical_Switch.name {{(pid=131444) autocreate_indices /usr/local/lib/python3.8/dist-packages/ovsdbapp/backend/ovs_idl/__init__.py:85}}
Aug 07 19:20:17 ubuntu neutron-server[131444]: DEBUG ovsdbapp.backend.ovs_idl [None req-e9c35ea2-6e85-4c45-a0b9-2449e82f2ecf None None] Created lookup_table index Logical_Router.name {{(pid=131444) autocreate_indices /usr/local/lib/python3.8/dist-packages/ovsdbapp/backend/ovs_idl/__init__.py:85}}
Aug 07 19:20:17 ubuntu neutron-server[131444]: DEBUG ovsdbapp.backend.ovs_idl [None req-e9c35ea2-6e85-4c45-a0b9-2449e82f2ecf None None] Created lookup_table index Load_Balancer.name {{(pid=131444) autocreate_indices /usr/local/lib/python3.8/dist-packages/ovsdbapp/backend/ovs_idl/__init__.py:85}}
Aug 07 19:20:17 ubuntu neutron-server[131444]: DEBUG ovsdbapp.backend.ovs_idl [None req-e9c35ea2-6e85-4c45-a0b9-2449e82f2ecf None None] Created schema index Meter.name {{(pid=131444) autocreate_indices /usr/local/lib/python3.8/dist-packages/ovsdbapp/backend/ovs_idl/__init__.py:104}}
Aug 07 19:20:17 ubuntu neutron-server[131444]: DEBUG ovsdbapp.backend.ovs_idl [None req-e9c35ea2-6e85-4c45-a0b9-2449e82f2ecf None None] Created schema index Address_Set.name {{(pid=131444) autocreate_indices /usr/local/lib/python3.8/dist-packages/ovsdbapp/backend/ovs_idl/__init__.py:104}}
Aug 07 19:20:17 ubuntu neutron-server[131444]: DEBUG ovsdbapp.backend.ovs_idl [None req-e9c35ea2-6e85-4c45-a0b9-2449e82f2ecf None None] Created schema index HA_Chassis_Group.name {{(pid=131444) autocreate_indices /usr/local/lib/python3.8/dist-packages/ovsdbapp/backend/ovs_idl/__init__.py:104}}
Aug 07 19:20:17 ubuntu neutron-server[131444]: DEBUG ovsdbapp.backend.ovs_idl [None req-e9c35ea2-6e85-4c45-a0b9-2449e82f2ecf None None] Created schema index Connection.target {{(pid=131444) autocreate_indices /usr/local/lib/python3.8/dist-packages/ovsdbapp/backend/ovs_idl/__init__.py:104}}
Aug 07 19:20:17 ubuntu neutron-server[131444]: DEBUG ovsdbapp.backend.ovs_idl [None req-e9c35ea2-6e85-4c45-a0b9-2449e82f2ecf None None] Created schema index Gateway_Chassis.name {{(pid=131444) autocreate_indices /usr/local/lib/python3.8/dist-packages/ovsdbapp/backend/ovs_idl/__init__.py:104}}
Aug 07 19:20:17 ubuntu neutron-server[131444]: DEBUG ovsdbapp.backend.ovs_idl [None req-e9c35ea2-6e85-4c45-a0b9-2449e82f2ecf None None] Created schema index Logical_Router_Port.name {{(pid=131444) autocreate_indices /usr/local/lib/python3.8/dist-packages/ovsdbapp/backend/ovs_idl/__init__.py:104}}
Aug 07 19:20:17 ubuntu neutron-server[131444]: DEBUG ovsdbapp.backend.ovs_idl [None req-e9c35ea2-6e85-4c45-a0b9-2449e82f2ecf None None] Created schema index Port_Group.name {{(pid=131444) autocreate_indices /usr/local/lib/python3.8/dist-packages/ovsdbapp/backend/ovs_idl/__init__.py:104}}
Aug 07 19:20:17 ubuntu neutron-server[131444]: DEBUG ovsdbapp.backend.ovs_idl [None req-e9c35ea2-6e85-4c45-a0b9-2449e82f2ecf None None] Created schema index Logical_Switch_Port.name {{(pid=131444) autocreate_indices /usr/local/lib/python3.8/dist-packages/ovsdbapp/backend/ovs_idl/__init__.py:104}}
Aug 07 19:20:17 ubuntu neutron-server[131660]: DEBUG neutron.common.ovn.hash_ring_manager [None req-b23b71a9-1580-4809-a9ed-251ff9674b45 None None] Allow caching, nodes 2>=2 {{(pid=131660) _wait_startup_before_caching /opt/stack/neutron/neutron/common/ovn/hash_ring_manager.py:60}}
Aug 07 19:20:17 ubuntu neutron-server[131661]: DEBUG neutron.common.ovn.hash_ring_manager [None req-004c3a26-a4f7-4a58-bf03-7ccdbaf5ef06 None None] Allow caching, nodes 2>=2 {{(pid=131661) _wait_startup_before_caching /opt/stack/neutron/neutron/common/ovn/hash_ring_manager.py:60}}
Aug 07 19:20:17 ubuntu neutron-server[131660]: DEBUG neutron.plugins.ml2.drivers.ovn.mech_driver.ovsdb.ovsdb_monitor [None req-b23b71a9-1580-4809-a9ed-251ff9674b45 None None] Hash Ring: Node 2d5c1fba-e7d3-4294-8603-590aa1e7ec42 (host: ubuntu) handling event "create" for row 51d120ce-8591-47e5-912b-a1c4067ef161 (table: Port_Group) {{(pid=131660) notify /opt/stack/neutron/neutron/plugins/ml2/drivers/ovn/mech_driver/ovsdb/ovsdb_monitor.py:743}}
Aug 07 19:20:17 ubuntu neutron-server[131660]: DEBUG neutron.plugins.ml2.drivers.ovn.mech_driver.ovsdb.ovsdb_monitor [None req-b23b71a9-1580-4809-a9ed-251ff9674b45 None None] Hash Ring: Node 2d5c1fba-e7d3-4294-8603-590aa1e7ec42 (host: ubuntu) handling event "create" for row ad79680c-546a-40ba-ab5b-880b08a5b415 (table: NB_Global) {{(pid=131660) notify /opt/stack/neutron/neutron/plugins/ml2/drivers/ovn/mech_driver/ovsdb/ovsdb_monitor.py:743}}
Aug 07 19:20:17 ubuntu neutron-server[131660]: DEBUG neutron.plugins.ml2.drivers.ovn.mech_driver.ovsdb.ovsdb_monitor [None req-b23b71a9-1580-4809-a9ed-251ff9674b45 None None] Hash Ring: Node 2d5c1fba-e7d3-4294-8603-590aa1e7ec42 (host: ubuntu) handling event "create" for row f2a80dd3-b49b-41ba-9482-64d8902c04a2 (table: ACL) {{(pid=131660) notify /opt/stack/neutron/neutron/plugins/ml2/drivers/ovn/mech_driver/ovsdb/ovsdb_monitor.py:743}}
Aug 07 19:20:17 ubuntu neutron-server[131660]: DEBUG neutron.plugins.ml2.drivers.ovn.mech_driver.ovsdb.ovsdb_monitor [None req-b23b71a9-1580-4809-a9ed-251ff9674b45 None None] Hash Ring: Node 2d5c1fba-e7d3-4294-8603-590aa1e7ec42 (host: ubuntu) handling event "create" for row 45a98a27-fb6d-4d19-8fe7-4cf881655bab (table: Connection) {{(pid=131660) notify /opt/stack/neutron/neutron/plugins/ml2/drivers/ovn/mech_driver/ovsdb/ovsdb_monitor.py:743}}
Aug 07 19:20:17 ubuntu neutron-server[131660]: INFO neutron.plugins.ml2.drivers.ovn.mech_driver.ovsdb.impl_idl_ovn [None req-b23b71a9-1580-4809-a9ed-251ff9674b45 None None] Getting OvsdbSbOvnIdl for WorkerService with retry
Aug 07 19:20:17 ubuntu neutron-server[131661]: DEBUG neutron.plugins.ml2.drivers.ovn.mech_driver.ovsdb.ovsdb_monitor [None req-004c3a26-a4f7-4a58-bf03-7ccdbaf5ef06 None None] Hash Ring: Node 6338877a-3707-4954-9a2b-09e61505fbff (host: ubuntu) handling event "create" for row bfef2efa-41c1-4dd5-80d1-9238c92c4b82 (table: Database) {{(pid=131661) notify /opt/stack/neutron/neutron/plugins/ml2/drivers/ovn/mech_driver/ovsdb/ovsdb_monitor.py:743}}
Aug 07 19:20:17 ubuntu neutron-server[131661]: DEBUG neutron.plugins.ml2.drivers.ovn.mech_driver.ovsdb.ovsdb_monitor [None req-004c3a26-a4f7-4a58-bf03-7ccdbaf5ef06 None None] Hash Ring: Node 6338877a-3707-4954-9a2b-09e61505fbff (host: ubuntu) handling event "create" for row 7a4ad902-f687-4694-879b-519ce4a9dc55 (table: Database) {{(pid=131661) notify /opt/stack/neutron/neutron/plugins/ml2/drivers/ovn/mech_driver/ovsdb/ovsdb_monitor.py:743}}
Aug 07 19:20:17 ubuntu neutron-server[131660]: DEBUG ovsdbapp.backend.ovs_idl [None req-b23b71a9-1580-4809-a9ed-251ff9674b45 None None] Created lookup_table index Chassis.name {{(pid=131660) autocreate_indices /usr/local/lib/python3.8/dist-packages/ovsdbapp/backend/ovs_idl/__init__.py:85}}
Aug 07 19:20:17 ubuntu neutron-server[131660]: DEBUG ovsdbapp.backend.ovs_idl [None req-b23b71a9-1580-4809-a9ed-251ff9674b45 None None] Created schema index Datapath_Binding.tunnel_key {{(pid=131660) autocreate_indices /usr/local/lib/python3.8/dist-packages/ovsdbapp/backend/ovs_idl/__init__.py:104}}
Aug 07 19:20:17 ubuntu neutron-server[131660]: DEBUG ovsdbapp.backend.ovs_idl [None req-b23b71a9-1580-4809-a9ed-251ff9674b45 None None] Created schema index Connection.target {{(pid=131660) autocreate_indices /usr/local/lib/python3.8/dist-packages/ovsdbapp/backend/ovs_idl/__init__.py:104}}
Aug 07 19:20:17 ubuntu neutron-server[131660]: INFO ovsdbapp.backend.ovs_idl.vlog [None req-b23b71a9-1580-4809-a9ed-251ff9674b45 None None] tcp:192.168.79.48:6642: connecting...
Aug 07 19:20:17 ubuntu neutron-server[131660]: INFO ovsdbapp.backend.ovs_idl.vlog [None req-b23b71a9-1580-4809-a9ed-251ff9674b45 None None] tcp:192.168.79.48:6642: connected
Aug 07 19:20:17 ubuntu neutron-server[131661]: DEBUG neutron.plugins.ml2.drivers.ovn.mech_driver.ovsdb.ovsdb_monitor [None req-004c3a26-a4f7-4a58-bf03-7ccdbaf5ef06 None None] Hash Ring: Node 6338877a-3707-4954-9a2b-09e61505fbff (host: ubuntu) handling event "create" for row 4122d2ce-7c14-4b8b-890e-13318ff87497 (table: ACL) {{(pid=131661) notify /opt/stack/neutron/neutron/plugins/ml2/drivers/ovn/mech_driver/ovsdb/ovsdb_monitor.py:743}}
Aug 07 19:20:17 ubuntu neutron-server[131661]: INFO neutron.plugins.ml2.drivers.ovn.mech_driver.ovsdb.impl_idl_ovn [None req-004c3a26-a4f7-4a58-bf03-7ccdbaf5ef06 None None] Getting OvsdbSbOvnIdl for WorkerService with retry
Aug 07 19:20:17 ubuntu neutron-server[131661]: DEBUG ovsdbapp.backend.ovs_idl [None req-004c3a26-a4f7-4a58-bf03-7ccdbaf5ef06 None None] Created lookup_table index Chassis.name {{(pid=131661) autocreate_indices /usr/local/lib/python3.8/dist-packages/ovsdbapp/backend/ovs_idl/__init__.py:85}}
Aug 07 19:20:17 ubuntu neutron-server[131661]: DEBUG ovsdbapp.backend.ovs_idl [None req-004c3a26-a4f7-4a58-bf03-7ccdbaf5ef06 None None] Created schema index Datapath_Binding.tunnel_key {{(pid=131661) autocreate_indices /usr/local/lib/python3.8/dist-packages/ovsdbapp/backend/ovs_idl/__init__.py:104}}
Aug 07 19:20:17 ubuntu neutron-server[131661]: DEBUG ovsdbapp.backend.ovs_idl [None req-004c3a26-a4f7-4a58-bf03-7ccdbaf5ef06 None None] Created schema index Connection.target {{(pid=131661) autocreate_indices /usr/local/lib/python3.8/dist-packages/ovsdbapp/backend/ovs_idl/__init__.py:104}}
Aug 07 19:20:17 ubuntu neutron-server[131661]: INFO ovsdbapp.backend.ovs_idl.vlog [None req-004c3a26-a4f7-4a58-bf03-7ccdbaf5ef06 None None] tcp:192.168.79.48:6642: connecting...
Aug 07 19:20:17 ubuntu neutron-server[131661]: INFO ovsdbapp.backend.ovs_idl.vlog [None req-004c3a26-a4f7-4a58-bf03-7ccdbaf5ef06 None None] tcp:192.168.79.48:6642: connected
Aug 07 19:20:17 ubuntu neutron-server[131444]: DEBUG ovsdbapp.backend.ovs_idl [None req-e9c35ea2-6e85-4c45-a0b9-2449e82f2ecf None None] Created lookup_table index Chassis.name {{(pid=131444) autocreate_indices /usr/local/lib/python3.8/dist-packages/ovsdbapp/backend/ovs_idl/__init__.py:85}}
Aug 07 19:20:17 ubuntu neutron-server[131444]: DEBUG ovsdbapp.backend.ovs_idl [None req-e9c35ea2-6e85-4c45-a0b9-2449e82f2ecf None None] Created lookup_table index MAC_Binding.ip {{(pid=131444) autocreate_indices /usr/local/lib/python3.8/dist-packages/ovsdbapp/backend/ovs_idl/__init__.py:85}}
Aug 07 19:20:17 ubuntu neutron-server[131444]: DEBUG ovsdbapp.backend.ovs_idl [None req-e9c35ea2-6e85-4c45-a0b9-2449e82f2ecf None None] Created schema index Meter.name {{(pid=131444) autocreate_indices /usr/local/lib/python3.8/dist-packages/ovsdbapp/backend/ovs_idl/__init__.py:104}}
Aug 07 19:20:17 ubuntu neutron-server[131444]: DEBUG ovsdbapp.backend.ovs_idl [None req-e9c35ea2-6e85-4c45-a0b9-2449e82f2ecf None None] Created schema index Address_Set.name {{(pid=131444) autocreate_indices /usr/local/lib/python3.8/dist-packages/ovsdbapp/backend/ovs_idl/__init__.py:104}}
Aug 07 19:20:17 ubuntu neutron-server[131444]: DEBUG ovsdbapp.backend.ovs_idl [None req-e9c35ea2-6e85-4c45-a0b9-2449e82f2ecf None None] Created schema index HA_Chassis_Group.name {{(pid=131444) autocreate_indices /usr/local/lib/python3.8/dist-packages/ovsdbapp/backend/ovs_idl/__init__.py:104}}
Aug 07 19:20:17 ubuntu neutron-server[131444]: DEBUG ovsdbapp.backend.ovs_idl [None req-e9c35ea2-6e85-4c45-a0b9-2449e82f2ecf None None] Created schema index IP_Multicast.datapath {{(pid=131444) autocreate_indices /usr/local/lib/python3.8/dist-packages/ovsdbapp/backend/ovs_idl/__init__.py:104}}
Aug 07 19:20:17 ubuntu neutron-server[131444]: DEBUG ovsdbapp.backend.ovs_idl [None req-e9c35ea2-6e85-4c45-a0b9-2449e82f2ecf None None] Created schema index Connection.target {{(pid=131444) autocreate_indices /usr/local/lib/python3.8/dist-packages/ovsdbapp/backend/ovs_idl/__init__.py:104}}
Aug 07 19:20:17 ubuntu neutron-server[131444]: DEBUG ovsdbapp.backend.ovs_idl [None req-e9c35ea2-6e85-4c45-a0b9-2449e82f2ecf None None] Created schema index Gateway_Chassis.name {{(pid=131444) autocreate_indices /usr/local/lib/python3.8/dist-packages/ovsdbapp/backend/ovs_idl/__init__.py:104}}
Aug 07 19:20:17 ubuntu neutron-server[131444]: DEBUG ovsdbapp.backend.ovs_idl [None req-e9c35ea2-6e85-4c45-a0b9-2449e82f2ecf None None] Created schema index Port_Group.name {{(pid=131444) autocreate_indices /usr/local/lib/python3.8/dist-packages/ovsdbapp/backend/ovs_idl/__init__.py:104}}
Aug 07 19:20:17 ubuntu neutron-server[131444]: DEBUG ovsdbapp.backend.ovs_idl [None req-e9c35ea2-6e85-4c45-a0b9-2449e82f2ecf None None] Created schema index Datapath_Binding.tunnel_key {{(pid=131444) autocreate_indices /usr/local/lib/python3.8/dist-packages/ovsdbapp/backend/ovs_idl/__init__.py:104}}
Aug 07 19:20:17 ubuntu neutron-server[131660]: DEBUG neutron.common.ovn.hash_ring_manager [None req-b23b71a9-1580-4809-a9ed-251ff9674b45 None None] Allow caching, nodes 2>=2 {{(pid=131660) _wait_startup_before_caching /opt/stack/neutron/neutron/common/ovn/hash_ring_manager.py:60}}
Aug 07 19:20:17 ubuntu neutron-server[131660]: DEBUG neutron.plugins.ml2.drivers.ovn.mech_driver.ovsdb.ovsdb_monitor [None req-b23b71a9-1580-4809-a9ed-251ff9674b45 None None] Hash Ring: Node 2d5c1fba-e7d3-4294-8603-590aa1e7ec42 (host: ubuntu) handling event "create" for row 7120befe-dc41-4282-88d0-fca256f4f3ea (table: Database) {{(pid=131660) notify /opt/stack/neutron/neutron/plugins/ml2/drivers/ovn/mech_driver/ovsdb/ovsdb_monitor.py:743}}
Aug 07 19:20:17 ubuntu neutron-server[131661]: DEBUG neutron.common.ovn.hash_ring_manager [None req-004c3a26-a4f7-4a58-bf03-7ccdbaf5ef06 None None] Allow caching, nodes 2>=2 {{(pid=131661) _wait_startup_before_caching /opt/stack/neutron/neutron/common/ovn/hash_ring_manager.py:60}}
Aug 07 19:20:17 ubuntu neutron-server[131660]: DEBUG neutron.plugins.ml2.drivers.ovn.mech_driver.ovsdb.ovsdb_monitor [None req-b23b71a9-1580-4809-a9ed-251ff9674b45 None None] ChassisMetadataAgentWriteEvent : Matched Chassis, create, None None {{(pid=131660) matches /opt/stack/neutron/neutron/plugins/ml2/drivers/ovn/mech_driver/ovsdb/ovsdb_monitor.py:62}}
Aug 07 19:20:17 ubuntu neutron-server[131660]: DEBUG neutron.plugins.ml2.drivers.ovn.mech_driver.ovsdb.ovsdb_monitor [None req-b23b71a9-1580-4809-a9ed-251ff9674b45 None None] ChassisAgentWriteEvent : Matched Chassis, create, None None {{(pid=131660) matches /opt/stack/neutron/neutron/plugins/ml2/drivers/ovn/mech_driver/ovsdb/ovsdb_monitor.py:62}}
Aug 07 19:20:17 ubuntu neutron-server[131660]: INFO neutron.wsgi [-] (131660) wsgi starting up on http://0.0.0.0:9696
Aug 07 19:20:17 ubuntu neutron-server[131661]: DEBUG neutron.plugins.ml2.drivers.ovn.mech_driver.ovsdb.ovsdb_monitor [None req-004c3a26-a4f7-4a58-bf03-7ccdbaf5ef06 None None] Hash Ring: Node 6338877a-3707-4954-9a2b-09e61505fbff (host: ubuntu) handling event "create" for row c8fa8a16-369f-4294-9deb-7efa34308e3a (table: Database) {{(pid=131661) notify /opt/stack/neutron/neutron/plugins/ml2/drivers/ovn/mech_driver/ovsdb/ovsdb_monitor.py:743}}
Aug 07 19:20:17 ubuntu neutron-server[131661]: DEBUG neutron.plugins.ml2.drivers.ovn.mech_driver.ovsdb.ovsdb_monitor [None req-004c3a26-a4f7-4a58-bf03-7ccdbaf5ef06 None None] Hash Ring: Node 6338877a-3707-4954-9a2b-09e61505fbff (host: ubuntu) handling event "create" for row ee2206e6-2c59-4bc4-9a4e-1f70646b414d (table: Encap) {{(pid=131661) notify /opt/stack/neutron/neutron/plugins/ml2/drivers/ovn/mech_driver/ovsdb/ovsdb_monitor.py:743}}
Aug 07 19:20:17 ubuntu neutron-server[131661]: DEBUG neutron.plugins.ml2.drivers.ovn.mech_driver.ovsdb.ovsdb_monitor [None req-004c3a26-a4f7-4a58-bf03-7ccdbaf5ef06 None None] ChassisMetadataAgentWriteEvent : Matched Chassis, create, None None {{(pid=131661) matches /opt/stack/neutron/neutron/plugins/ml2/drivers/ovn/mech_driver/ovsdb/ovsdb_monitor.py:62}}
Aug 07 19:20:17 ubuntu neutron-server[131661]: DEBUG neutron.plugins.ml2.drivers.ovn.mech_driver.ovsdb.ovsdb_monitor [None req-004c3a26-a4f7-4a58-bf03-7ccdbaf5ef06 None None] ChassisAgentWriteEvent : Matched Chassis, create, None None {{(pid=131661) matches /opt/stack/neutron/neutron/plugins/ml2/drivers/ovn/mech_driver/ovsdb/ovsdb_monitor.py:62}}
Aug 07 19:20:17 ubuntu neutron-server[131661]: DEBUG neutron.plugins.ml2.drivers.ovn.mech_driver.ovsdb.ovsdb_monitor [None req-004c3a26-a4f7-4a58-bf03-7ccdbaf5ef06 None None] Hash Ring: Node 6338877a-3707-4954-9a2b-09e61505fbff (host: ubuntu) handling event "create" for row 2937f206-4d59-44b8-8ab5-5e10171919f9 (table: Chassis) {{(pid=131661) notify /opt/stack/neutron/neutron/plugins/ml2/drivers/ovn/mech_driver/ovsdb/ovsdb_monitor.py:743}}
Aug 07 19:20:17 ubuntu neutron-server[131661]: DEBUG neutron.plugins.ml2.drivers.ovn.mech_driver.ovsdb.ovsdb_monitor [None req-004c3a26-a4f7-4a58-bf03-7ccdbaf5ef06 None None] Hash Ring: Node 6338877a-3707-4954-9a2b-09e61505fbff (host: ubuntu) handling event "create" for row 85d2450a-79d4-4741-b397-8e6fc0d12fe9 (table: Connection) {{(pid=131661) notify /opt/stack/neutron/neutron/plugins/ml2/drivers/ovn/mech_driver/ovsdb/ovsdb_monitor.py:743}}
Aug 07 19:20:17 ubuntu neutron-server[131661]: INFO neutron.wsgi [-] (131661) wsgi starting up on http://0.0.0.0:9696
Aug 07 19:20:17 ubuntu neutron-server[131444]: INFO oslo_service.service [None req-e9c35ea2-6e85-4c45-a0b9-2449e82f2ecf None None] Starting 1 workers
Aug 07 19:20:17 ubuntu neutron-server[131444]: DEBUG oslo_service.service [None req-e9c35ea2-6e85-4c45-a0b9-2449e82f2ecf None None] Started child 131663 {{(pid=131444) _start_child /usr/local/lib/python3.8/dist-packages/oslo_service/service.py:575}}
Aug 07 19:20:17 ubuntu neutron-server[131444]: INFO oslo_service.service [None req-e9c35ea2-6e85-4c45-a0b9-2449e82f2ecf None None] Starting 1 workers
Aug 07 19:20:17 ubuntu neutron-server[131444]: DEBUG oslo_service.service [None req-e9c35ea2-6e85-4c45-a0b9-2449e82f2ecf None None] Started child 131664 {{(pid=131444) _start_child /usr/local/lib/python3.8/dist-packages/oslo_service/service.py:575}}
Aug 07 19:20:17 ubuntu neutron-server[131444]: INFO oslo_service.service [None req-e9c35ea2-6e85-4c45-a0b9-2449e82f2ecf None None] Starting 1 workers
