Jul 25 17:50:00 ubuntu devstack@g-api.service[151587]: DEBUG swiftclient [None req-d60aada8-1366-4900-9d25-07bcb602102a admin admin] RESP HEADERS: {'Content-Type': 'text/html; charset=UTF-8', 'Content-Length': '0', 'Etag': '1d3062cd89af34e419f7100277f38b2b', 'Last-Modified': 'Mon, 25 Jul 2022 17:50:00 GMT', 'X-Trans-Id': 'tx4216f64876e9488aa1a62-0062ded7c7', 'X-Openstack-Request-Id': 'tx4216f64876e9488aa1a62-0062ded7c7', 'Date': 'Mon, 25 Jul 2022 17:50:00 GMT'} {{(pid=151587) http_log /usr/local/lib/python3.8/dist-packages/swiftclient/client.py:159}}
Jul 25 17:50:00 ubuntu devstack@g-api.service[151587]: INFO glance.location [None req-d60aada8-1366-4900-9d25-07bcb602102a admin admin] Image format matched and virtual size computed: 117440512
Jul 25 17:50:00 ubuntu devstack@g-api.service[151587]: DEBUG glance_store.backend [None req-d60aada8-1366-4900-9d25-07bcb602102a admin admin] Attempting to import store swift {{(pid=151587) _load_store /usr/local/lib/python3.8/dist-packages/glance_store/backend.py:216}}
Jul 25 17:50:00 ubuntu devstack@g-api.service[151587]: DEBUG glance_store.capabilities [None req-d60aada8-1366-4900-9d25-07bcb602102a admin admin] Store glance_store._drivers.swift.store.SingleTenantStore doesn't support updating dynamic storage capabilities. Please overwrite 'update_capabilities' method of the store to implement updating logics if needed. {{(pid=151587) update_capabilities /usr/local/lib/python3.8/dist-packages/glance_store/capabilities.py:91}}
Jul 25 17:50:00 ubuntu devstack@g-api.service[151587]: DEBUG glance_store.driver [None req-d60aada8-1366-4900-9d25-07bcb602102a admin admin] Late loading location class glance_store._drivers.swift.store.StoreLocation {{(pid=151587) get_store_location_class /usr/local/lib/python3.8/dist-packages/glance_store/driver.py:116}}
Jul 25 17:50:00 ubuntu devstack@g-api.service[151587]: DEBUG glance_store.location [None req-d60aada8-1366-4900-9d25-07bcb602102a admin admin] Registering scheme swift+https with {'store': <glance_store._drivers.swift.store.SingleTenantStore object at 0x7f7bc8142310>, 'location_class': <class 'glance_store._drivers.swift.store.StoreLocation'>, 'store_entry': 'swift'} {{(pid=151587) register_scheme_map /usr/local/lib/python3.8/dist-packages/glance_store/location.py:146}}
Jul 25 17:50:00 ubuntu devstack@g-api.service[151587]: DEBUG glance_store.location [None req-d60aada8-1366-4900-9d25-07bcb602102a admin admin] Registering scheme swift+https with {'store': <glance_store._drivers.swift.store.SingleTenantStore object at 0x7f7bc8142310>, 'location_class': <class 'glance_store._drivers.swift.store.StoreLocation'>, 'store_entry': 'swift'} {{(pid=151587) register_scheme_map /usr/local/lib/python3.8/dist-packages/glance_store/location.py:146}}
Jul 25 17:50:00 ubuntu devstack@g-api.service[151587]: DEBUG glance_store.location [None req-d60aada8-1366-4900-9d25-07bcb602102a admin admin] Registering scheme swift with {'store': <glance_store._drivers.swift.store.SingleTenantStore object at 0x7f7bc8142310>, 'location_class': <class 'glance_store._drivers.swift.store.StoreLocation'>, 'store_entry': 'swift'} {{(pid=151587) register_scheme_map /usr/local/lib/python3.8/dist-packages/glance_store/location.py:146}}
Jul 25 17:50:00 ubuntu devstack@g-api.service[151587]: DEBUG glance_store.location [None req-d60aada8-1366-4900-9d25-07bcb602102a admin admin] Registering scheme swift+https with {'store': <glance_store._drivers.swift.store.SingleTenantStore object at 0x7f7bc8142310>, 'location_class': <class 'glance_store._drivers.swift.store.StoreLocation'>, 'store_entry': 'swift'} {{(pid=151587) register_scheme_map /usr/local/lib/python3.8/dist-packages/glance_store/location.py:146}}
Jul 25 17:50:00 ubuntu devstack@g-api.service[151587]: DEBUG glance_store.location [None req-d60aada8-1366-4900-9d25-07bcb602102a admin admin] Registering scheme swift with {'store': <glance_store._drivers.swift.store.SingleTenantStore object at 0x7f7bc8142310>, 'location_class': <class 'glance_store._drivers.swift.store.StoreLocation'>, 'store_entry': 'swift'} {{(pid=151587) register_scheme_map /usr/local/lib/python3.8/dist-packages/glance_store/location.py:146}}
Jul 25 17:50:00 ubuntu devstack@g-api.service[151587]: DEBUG glance_store.location [None req-d60aada8-1366-4900-9d25-07bcb602102a admin admin] Registering scheme swift+http with {'store': <glance_store._drivers.swift.store.SingleTenantStore object at 0x7f7bc8142310>, 'location_class': <class 'glance_store._drivers.swift.store.StoreLocation'>, 'store_entry': 'swift'} {{(pid=151587) register_scheme_map /usr/local/lib/python3.8/dist-packages/glance_store/location.py:146}}
Jul 25 17:50:00 ubuntu devstack@g-api.service[151587]: DEBUG glance_store.location [None req-d60aada8-1366-4900-9d25-07bcb602102a admin admin] Registering scheme swift+https with {'store': <glance_store._drivers.swift.store.SingleTenantStore object at 0x7f7bc8142310>, 'location_class': <class 'glance_store._drivers.swift.store.StoreLocation'>, 'store_entry': 'swift'} {{(pid=151587) register_scheme_map /usr/local/lib/python3.8/dist-packages/glance_store/location.py:146}}
Jul 25 17:50:00 ubuntu devstack@g-api.service[151587]: DEBUG glance_store.location [None req-d60aada8-1366-4900-9d25-07bcb602102a admin admin] Registering scheme swift with {'store': <glance_store._drivers.swift.store.SingleTenantStore object at 0x7f7bc8142310>, 'location_class': <class 'glance_store._drivers.swift.store.StoreLocation'>, 'store_entry': 'swift'} {{(pid=151587) register_scheme_map /usr/local/lib/python3.8/dist-packages/glance_store/location.py:146}}
Jul 25 17:50:00 ubuntu devstack@g-api.service[151587]: DEBUG glance_store.location [None req-d60aada8-1366-4900-9d25-07bcb602102a admin admin] Registering scheme swift+http with {'store': <glance_store._drivers.swift.store.SingleTenantStore object at 0x7f7bc8142310>, 'location_class': <class 'glance_store._drivers.swift.store.StoreLocation'>, 'store_entry': 'swift'} {{(pid=151587) register_scheme_map /usr/local/lib/python3.8/dist-packages/glance_store/location.py:146}}
Jul 25 17:50:00 ubuntu devstack@g-api.service[151587]: DEBUG glance_store.location [None req-d60aada8-1366-4900-9d25-07bcb602102a admin admin] Registering scheme swift+config with {'store': <glance_store._drivers.swift.store.SingleTenantStore object at 0x7f7bc8142310>, 'location_class': <class 'glance_store._drivers.swift.store.StoreLocation'>, 'store_entry': 'swift'} {{(pid=151587) register_scheme_map /usr/local/lib/python3.8/dist-packages/glance_store/location.py:146}}
Jul 25 17:50:00 ubuntu devstack@g-api.service[151587]: DEBUG glance_store.backend [None req-d60aada8-1366-4900-9d25-07bcb602102a admin admin] Skipping store.set_acls... not implemented. {{(pid=151587) set_acls /usr/local/lib/python3.8/dist-packages/glance_store/backend.py:508}}
Jul 25 17:50:00 ubuntu devstack@g-api.service[151587]: [pid: 151587|app: 0|req: 3/4] 127.0.0.1 () {40 vars in 862 bytes} [Mon Jul 25 17:49:57 2022] PUT /v2/images/3a676d63-b1c0-437b-80f9-3f1e8fb3b21d/file => generated 0 bytes in 2977 msecs (HTTP/1.1 204) 4 headers in 171 bytes (1 switches on core 0)
Jul 25 17:50:07 ubuntu devstack@g-api.service[151588]: DEBUG dbcounter [-] [151588] Writing DB stats glance:SELECT=9,glance:INSERT=5 {{(pid=151588) stat_writer /usr/local/lib/python3.8/dist-packages/dbcounter.py:114}}
Jul 25 17:50:10 ubuntu devstack@g-api.service[151587]: DEBUG dbcounter [-] [151587] Writing DB stats glance:SELECT=28,glance:UPDATE=2,glance:INSERT=1 {{(pid=151587) stat_writer /usr/local/lib/python3.8/dist-packages/dbcounter.py:114}}
Jul 25 17:50:45 ubuntu devstack@g-api.service[151588]: DEBUG glance.api.middleware.version_negotiation [None req-885813c7-dfea-4fda-826e-282de44876d4 admin admin] Determining version of request: GET / Accept: application/json {{(pid=151588) process_request /opt/stack/glance/glance/api/middleware/version_negotiation.py:44}}
Jul 25 17:50:45 ubuntu devstack@g-api.service[151588]: DEBUG glance.api.middleware.version_negotiation [None req-885813c7-dfea-4fda-826e-282de44876d4 admin admin] Using url versioning {{(pid=151588) process_request /opt/stack/glance/glance/api/middleware/version_negotiation.py:57}}
Jul 25 17:50:45 ubuntu devstack@g-api.service[151588]: DEBUG glance.api.middleware.version_negotiation [None req-885813c7-dfea-4fda-826e-282de44876d4 admin admin] Unknown version. Returning version choices. {{(pid=151588) process_request /opt/stack/glance/glance/api/middleware/version_negotiation.py:64}}
Jul 25 17:50:45 ubuntu devstack@g-api.service[151588]: [pid: 151588|app: 0|req: 2/5] 127.0.0.1 () {34 vars in 506 bytes} [Mon Jul 25 17:50:45 2022] GET / => generated 1323 bytes in 5 msecs (HTTP/1.1 300) 3 headers in 106 bytes (1 switches on core 0)
Jul 25 17:50:45 ubuntu devstack@g-api.service[151587]: DEBUG glance.api.middleware.version_negotiation [None req-d60aada8-1366-4900-9d25-07bcb602102a admin admin] Determining version of request: GET /v2/images Accept: application/json {{(pid=151587) process_request /opt/stack/glance/glance/api/middleware/version_negotiation.py:44}}
Jul 25 17:50:45 ubuntu devstack@g-api.service[151587]: DEBUG glance.api.middleware.version_negotiation [None req-d60aada8-1366-4900-9d25-07bcb602102a admin admin] Using url versioning {{(pid=151587) process_request /opt/stack/glance/glance/api/middleware/version_negotiation.py:57}}
Jul 25 17:50:45 ubuntu devstack@g-api.service[151587]: DEBUG glance.api.middleware.version_negotiation [None req-d60aada8-1366-4900-9d25-07bcb602102a admin admin] Matched version: v2 {{(pid=151587) process_request /opt/stack/glance/glance/api/middleware/version_negotiation.py:69}}
Jul 25 17:50:45 ubuntu devstack@g-api.service[151587]: DEBUG glance.api.middleware.version_negotiation [None req-d60aada8-1366-4900-9d25-07bcb602102a admin admin] new path /v2/images {{(pid=151587) process_request /opt/stack/glance/glance/api/middleware/version_negotiation.py:70}}
Jul 25 17:50:46 ubuntu devstack@g-api.service[151587]: [pid: 151587|app: 0|req: 4/6] 127.0.0.1 () {36 vars in 728 bytes} [Mon Jul 25 17:50:45 2022] GET /v2/images => generated 1045 bytes in 504 msecs (HTTP/1.1 200) 4 headers in 158 bytes (1 switches on core 0)
Jul 25 17:50:52 ubuntu devstack@g-api.service[151588]: DEBUG glance.api.middleware.version_negotiation [None req-885813c7-dfea-4fda-826e-282de44876d4 admin admin] Determining version of request: GET / Accept: application/json {{(pid=151588) process_request /opt/stack/glance/glance/api/middleware/version_negotiation.py:44}}
Jul 25 17:50:52 ubuntu devstack@g-api.service[151588]: DEBUG glance.api.middleware.version_negotiation [None req-885813c7-dfea-4fda-826e-282de44876d4 admin admin] Using url versioning {{(pid=151588) process_request /opt/stack/glance/glance/api/middleware/version_negotiation.py:57}}
Jul 25 17:50:52 ubuntu devstack@g-api.service[151588]: DEBUG glance.api.middleware.version_negotiation [None req-885813c7-dfea-4fda-826e-282de44876d4 admin admin] Unknown version. Returning version choices. {{(pid=151588) process_request /opt/stack/glance/glance/api/middleware/version_negotiation.py:64}}
Jul 25 17:50:52 ubuntu devstack@g-api.service[151588]: [pid: 151588|app: 0|req: 3/7] 127.0.0.1 () {34 vars in 506 bytes} [Mon Jul 25 17:50:52 2022] GET / => generated 1323 bytes in 2 msecs (HTTP/1.1 300) 3 headers in 106 bytes (1 switches on core 0)
Jul 25 17:50:52 ubuntu devstack@g-api.service[151587]: DEBUG glance.api.middleware.version_negotiation [None req-1729b1bc-3d4f-4787-8373-07d57e28983f admin admin] Determining version of request: GET /v2/images/3a676d63-b1c0-437b-80f9-3f1e8fb3b21d Accept: */* {{(pid=151587) process_request /opt/stack/glance/glance/api/middleware/version_negotiation.py:44}}
Jul 25 17:50:52 ubuntu devstack@g-api.service[151587]: DEBUG glance.api.middleware.version_negotiation [None req-1729b1bc-3d4f-4787-8373-07d57e28983f admin admin] Using url versioning {{(pid=151587) process_request /opt/stack/glance/glance/api/middleware/version_negotiation.py:57}}
Jul 25 17:50:52 ubuntu devstack@g-api.service[151587]: DEBUG glance.api.middleware.version_negotiation [None req-1729b1bc-3d4f-4787-8373-07d57e28983f admin admin] Matched version: v2 {{(pid=151587) process_request /opt/stack/glance/glance/api/middleware/version_negotiation.py:69}}
Jul 25 17:50:52 ubuntu devstack@g-api.service[151587]: DEBUG glance.api.middleware.version_negotiation [None req-1729b1bc-3d4f-4787-8373-07d57e28983f admin admin] new path /v2/images/3a676d63-b1c0-437b-80f9-3f1e8fb3b21d {{(pid=151587) process_request /opt/stack/glance/glance/api/middleware/version_negotiation.py:70}}
Jul 25 17:50:53 ubuntu devstack@g-api.service[151587]: [pid: 151587|app: 0|req: 5/8] 127.0.0.1 () {36 vars in 789 bytes} [Mon Jul 25 17:50:52 2022] GET /v2/images/3a676d63-b1c0-437b-80f9-3f1e8fb3b21d => generated 976 bytes in 273 msecs (HTTP/1.1 200) 4 headers in 157 bytes (1 switches on core 0)
Jul 25 17:50:57 ubuntu devstack@g-api.service[151588]: DEBUG glance.api.middleware.version_negotiation [None req-885813c7-dfea-4fda-826e-282de44876d4 admin admin] Determining version of request: GET / Accept: application/json {{(pid=151588) process_request /opt/stack/glance/glance/api/middleware/version_negotiation.py:44}}
Jul 25 17:50:57 ubuntu devstack@g-api.service[151588]: DEBUG glance.api.middleware.version_negotiation [None req-885813c7-dfea-4fda-826e-282de44876d4 admin admin] Using url versioning {{(pid=151588) process_request /opt/stack/glance/glance/api/middleware/version_negotiation.py:57}}
Jul 25 17:50:57 ubuntu devstack@g-api.service[151588]: DEBUG glance.api.middleware.version_negotiation [None req-885813c7-dfea-4fda-826e-282de44876d4 admin admin] Unknown version. Returning version choices. {{(pid=151588) process_request /opt/stack/glance/glance/api/middleware/version_negotiation.py:64}}
Jul 25 17:50:57 ubuntu devstack@g-api.service[151588]: [pid: 151588|app: 0|req: 4/9] 127.0.0.1 () {34 vars in 506 bytes} [Mon Jul 25 17:50:57 2022] GET / => generated 1323 bytes in 4 msecs (HTTP/1.1 300) 3 headers in 106 bytes (1 switches on core 0)
Jul 25 17:50:57 ubuntu devstack@g-api.service[151587]: DEBUG glance.api.middleware.version_negotiation [None req-27b0cb70-7b02-4c49-bce0-4c8ed4661624 admin admin] Determining version of request: GET /v2/images/3a676d63-b1c0-437b-80f9-3f1e8fb3b21d Accept: */* {{(pid=151587) process_request /opt/stack/glance/glance/api/middleware/version_negotiation.py:44}}
Jul 25 17:50:57 ubuntu devstack@g-api.service[151587]: DEBUG glance.api.middleware.version_negotiation [None req-27b0cb70-7b02-4c49-bce0-4c8ed4661624 admin admin] Using url versioning {{(pid=151587) process_request /opt/stack/glance/glance/api/middleware/version_negotiation.py:57}}
Jul 25 17:50:57 ubuntu devstack@g-api.service[151587]: DEBUG glance.api.middleware.version_negotiation [None req-27b0cb70-7b02-4c49-bce0-4c8ed4661624 admin admin] Matched version: v2 {{(pid=151587) process_request /opt/stack/glance/glance/api/middleware/version_negotiation.py:69}}
Jul 25 17:50:57 ubuntu devstack@g-api.service[151587]: DEBUG glance.api.middleware.version_negotiation [None req-27b0cb70-7b02-4c49-bce0-4c8ed4661624 admin admin] new path /v2/images/3a676d63-b1c0-437b-80f9-3f1e8fb3b21d {{(pid=151587) process_request /opt/stack/glance/glance/api/middleware/version_negotiation.py:70}}
Jul 25 17:50:57 ubuntu devstack@g-api.service[151587]: [pid: 151587|app: 0|req: 6/10] 127.0.0.1 () {36 vars in 789 bytes} [Mon Jul 25 17:50:57 2022] GET /v2/images/3a676d63-b1c0-437b-80f9-3f1e8fb3b21d => generated 976 bytes in 285 msecs (HTTP/1.1 200) 4 headers in 157 bytes (1 switches on core 0)
Jul 25 17:51:07 ubuntu devstack@g-api.service[151587]: DEBUG dbcounter [-] [151587] Writing DB stats glance:SELECT=10 {{(pid=151587) stat_writer /usr/local/lib/python3.8/dist-packages/dbcounter.py:114}}
Jul 25 17:53:10 ubuntu devstack@g-api.service[151588]: DEBUG glance.api.middleware.version_negotiation [None req-885813c7-dfea-4fda-826e-282de44876d4 admin admin] Determining version of request: GET /v1 Accept: application/json {{(pid=151588) process_request /opt/stack/glance/glance/api/middleware/version_negotiation.py:44}}
Jul 25 17:53:10 ubuntu devstack@g-api.service[151588]: DEBUG glance.api.middleware.version_negotiation [None req-885813c7-dfea-4fda-826e-282de44876d4 admin admin] Using url versioning {{(pid=151588) process_request /opt/stack/glance/glance/api/middleware/version_negotiation.py:57}}
Jul 25 17:53:10 ubuntu devstack@g-api.service[151588]: DEBUG glance.api.middleware.version_negotiation [None req-885813c7-dfea-4fda-826e-282de44876d4 admin admin] Unknown version. Returning version choices. {{(pid=151588) process_request /opt/stack/glance/glance/api/middleware/version_negotiation.py:64}}
Jul 25 17:53:10 ubuntu devstack@g-api.service[151588]: [pid: 151588|app: 0|req: 5/11] 127.0.0.1 () {38 vars in 686 bytes} [Mon Jul 25 17:53:10 2022] GET /v1 => generated 1323 bytes in 4 msecs (HTTP/1.1 300) 3 headers in 106 bytes (1 switches on core 0)
Jul 25 17:55:25 ubuntu devstack@g-api.service[151587]: DEBUG glance.api.middleware.version_negotiation [None req-c3276a49-141a-403f-96f4-af9df3d5542a admin admin] Determining version of request: GET /versions Accept: */* {{(pid=151587) process_request /opt/stack/glance/glance/api/middleware/version_negotiation.py:44}}
Jul 25 17:55:25 ubuntu devstack@g-api.service[151587]: [pid: 151587|app: 0|req: 7/12] 127.0.0.1 () {38 vars in 695 bytes} [Mon Jul 25 17:55:25 2022] GET /versions => generated 1323 bytes in 8 msecs (HTTP/1.1 200) 3 headers in 92 bytes (1 switches on core 0)
Jul 25 17:55:25 ubuntu devstack@g-api.service[151588]: DEBUG glance.api.middleware.version_negotiation [None req-885813c7-dfea-4fda-826e-282de44876d4 admin admin] Determining version of request: GET /v2/schemas/image Accept: */* {{(pid=151588) process_request /opt/stack/glance/glance/api/middleware/version_negotiation.py:44}}
Jul 25 17:55:25 ubuntu devstack@g-api.service[151588]: DEBUG glance.api.middleware.version_negotiation [None req-885813c7-dfea-4fda-826e-282de44876d4 admin admin] Using url versioning {{(pid=151588) process_request /opt/stack/glance/glance/api/middleware/version_negotiation.py:57}}
Jul 25 17:55:25 ubuntu devstack@g-api.service[151588]: DEBUG glance.api.middleware.version_negotiation [None req-885813c7-dfea-4fda-826e-282de44876d4 admin admin] Matched version: v2 {{(pid=151588) process_request /opt/stack/glance/glance/api/middleware/version_negotiation.py:69}}
Jul 25 17:55:25 ubuntu devstack@g-api.service[151588]: DEBUG glance.api.middleware.version_negotiation [None req-885813c7-dfea-4fda-826e-282de44876d4 admin admin] new path /v2/schemas/image {{(pid=151588) process_request /opt/stack/glance/glance/api/middleware/version_negotiation.py:70}}
Jul 25 17:55:25 ubuntu devstack@g-api.service[151588]: [pid: 151588|app: 0|req: 6/13] 127.0.0.1 () {38 vars in 711 bytes} [Mon Jul 25 17:55:25 2022] GET /v2/schemas/image => generated 6083 bytes in 131 msecs (HTTP/1.1 200) 4 headers in 158 bytes (1 switches on core 0)
Jul 25 17:55:25 ubuntu devstack@g-api.service[151587]: DEBUG glance.api.middleware.version_negotiation [None req-c3276a49-141a-403f-96f4-af9df3d5542a admin admin] Determining version of request: GET /v2/schemas/metadefs/namespace Accept: */* {{(pid=151587) process_request /opt/stack/glance/glance/api/middleware/version_negotiation.py:44}}
Jul 25 17:55:25 ubuntu devstack@g-api.service[151587]: DEBUG glance.api.middleware.version_negotiation [None req-c3276a49-141a-403f-96f4-af9df3d5542a admin admin] Using url versioning {{(pid=151587) process_request /opt/stack/glance/glance/api/middleware/version_negotiation.py:57}}
Jul 25 17:55:25 ubuntu devstack@g-api.service[151587]: DEBUG glance.api.middleware.version_negotiation [None req-c3276a49-141a-403f-96f4-af9df3d5542a admin admin] Matched version: v2 {{(pid=151587) process_request /opt/stack/glance/glance/api/middleware/version_negotiation.py:69}}
Jul 25 17:55:25 ubuntu devstack@g-api.service[151587]: DEBUG glance.api.middleware.version_negotiation [None req-c3276a49-141a-403f-96f4-af9df3d5542a admin admin] new path /v2/schemas/metadefs/namespace {{(pid=151587) process_request /opt/stack/glance/glance/api/middleware/version_negotiation.py:70}}
Jul 25 17:55:25 ubuntu devstack@g-api.service[151587]: [pid: 151587|app: 0|req: 8/14] 127.0.0.1 () {38 vars in 737 bytes} [Mon Jul 25 17:55:25 2022] GET /v2/schemas/metadefs/namespace => generated 3100 bytes in 12 msecs (HTTP/1.1 200) 4 headers in 158 bytes (1 switches on core 0)
Jul 25 17:55:25 ubuntu devstack@g-api.service[151588]: DEBUG glance.api.middleware.version_negotiation [None req-aeb4a0ad-3dc8-4406-a832-1e1c2b3e6e76 admin admin] Determining version of request: GET /v2/schemas/metadefs/resource_type Accept: */* {{(pid=151588) process_request /opt/stack/glance/glance/api/middleware/version_negotiation.py:44}}
Jul 25 17:55:25 ubuntu devstack@g-api.service[151588]: DEBUG glance.api.middleware.version_negotiation [None req-aeb4a0ad-3dc8-4406-a832-1e1c2b3e6e76 admin admin] Using url versioning {{(pid=151588) process_request /opt/stack/glance/glance/api/middleware/version_negotiation.py:57}}
Jul 25 17:55:25 ubuntu devstack@g-api.service[151588]: DEBUG glance.api.middleware.version_negotiation [None req-aeb4a0ad-3dc8-4406-a832-1e1c2b3e6e76 admin admin] Matched version: v2 {{(pid=151588) process_request /opt/stack/glance/glance/api/middleware/version_negotiation.py:69}}
Jul 25 17:55:25 ubuntu devstack@g-api.service[151588]: DEBUG glance.api.middleware.version_negotiation [None req-aeb4a0ad-3dc8-4406-a832-1e1c2b3e6e76 admin admin] new path /v2/schemas/metadefs/resource_type {{(pid=151588) process_request /opt/stack/glance/glance/api/middleware/version_negotiation.py:70}}
Jul 25 17:55:25 ubuntu devstack@g-api.service[151588]: [pid: 151588|app: 0|req: 7/15] 127.0.0.1 () {38 vars in 745 bytes} [Mon Jul 25 17:55:25 2022] GET /v2/schemas/metadefs/resource_type => generated 1260 bytes in 7 msecs (HTTP/1.1 200) 4 headers in 158 bytes (1 switches on core 0)
Jul 25 17:55:25 ubuntu devstack@g-api.service[151587]: DEBUG glance.api.middleware.version_negotiation [None req-b4d3f2a4-d8a0-4396-9c70-c4b0089f1b94 admin admin] Determining version of request: GET /v2/images Accept: */* {{(pid=151587) process_request /opt/stack/glance/glance/api/middleware/version_negotiation.py:44}}
Jul 25 17:55:25 ubuntu devstack@g-api.service[151587]: DEBUG glance.api.middleware.version_negotiation [None req-b4d3f2a4-d8a0-4396-9c70-c4b0089f1b94 admin admin] Using url versioning {{(pid=151587) process_request /opt/stack/glance/glance/api/middleware/version_negotiation.py:57}}
Jul 25 17:55:25 ubuntu devstack@g-api.service[151587]: DEBUG glance.api.middleware.version_negotiation [None req-b4d3f2a4-d8a0-4396-9c70-c4b0089f1b94 admin admin] Matched version: v2 {{(pid=151587) process_request /opt/stack/glance/glance/api/middleware/version_negotiation.py:69}}
Jul 25 17:55:25 ubuntu devstack@g-api.service[151587]: DEBUG glance.api.middleware.version_negotiation [None req-b4d3f2a4-d8a0-4396-9c70-c4b0089f1b94 admin admin] new path /v2/images {{(pid=151587) process_request /opt/stack/glance/glance/api/middleware/version_negotiation.py:70}}
Jul 25 17:55:26 ubuntu devstack@g-api.service[151587]: [pid: 151587|app: 0|req: 9/16] 127.0.0.1 () {38 vars in 768 bytes} [Mon Jul 25 17:55:25 2022] GET /v2/images?limit=20&sort_key=name&sort_dir=asc => generated 1081 bytes in 99 msecs (HTTP/1.1 200) 4 headers in 158 bytes (1 switches on core 0)
Jul 25 17:55:26 ubuntu devstack@g-api.service[151588]: DEBUG glance.api.middleware.version_negotiation [None req-3992cfe0-4409-4999-87b4-c849a6710de5 admin admin] Determining version of request: GET /v2/schemas/image Accept: */* {{(pid=151588) process_request /opt/stack/glance/glance/api/middleware/version_negotiation.py:44}}
Jul 25 17:55:26 ubuntu devstack@g-api.service[151588]: DEBUG glance.api.middleware.version_negotiation [None req-3992cfe0-4409-4999-87b4-c849a6710de5 admin admin] Using url versioning {{(pid=151588) process_request /opt/stack/glance/glance/api/middleware/version_negotiation.py:57}}
Jul 25 17:55:26 ubuntu devstack@g-api.service[151588]: DEBUG glance.api.middleware.version_negotiation [None req-3992cfe0-4409-4999-87b4-c849a6710de5 admin admin] Matched version: v2 {{(pid=151588) process_request /opt/stack/glance/glance/api/middleware/version_negotiation.py:69}}
Jul 25 17:55:26 ubuntu devstack@g-api.service[151588]: DEBUG glance.api.middleware.version_negotiation [None req-3992cfe0-4409-4999-87b4-c849a6710de5 admin admin] new path /v2/schemas/image {{(pid=151588) process_request /opt/stack/glance/glance/api/middleware/version_negotiation.py:70}}
Jul 25 17:55:26 ubuntu devstack@g-api.service[151588]: [pid: 151588|app: 0|req: 8/17] 127.0.0.1 () {38 vars in 711 bytes} [Mon Jul 25 17:55:26 2022] GET /v2/schemas/image => generated 6083 bytes in 9 msecs (HTTP/1.1 200) 4 headers in 158 bytes (1 switches on core 0)
Jul 25 17:55:36 ubuntu devstack@g-api.service[151587]: DEBUG dbcounter [-] [151587] Writing DB stats glance:SELECT=2 {{(pid=151587) stat_writer /usr/local/lib/python3.8/dist-packages/dbcounter.py:114}}
Jul 25 17:55:40 ubuntu devstack@g-api.service[151587]: DEBUG glance.api.middleware.version_negotiation [None req-9788bac8-4167-4e7f-bdc6-90ec8b3819d7 admin admin] Determining version of request: GET / Accept: application/json {{(pid=151587) process_request /opt/stack/glance/glance/api/middleware/version_negotiation.py:44}}
Jul 25 17:55:40 ubuntu devstack@g-api.service[151587]: DEBUG glance.api.middleware.version_negotiation [None req-9788bac8-4167-4e7f-bdc6-90ec8b3819d7 admin admin] Using url versioning {{(pid=151587) process_request /opt/stack/glance/glance/api/middleware/version_negotiation.py:57}}
Jul 25 17:55:40 ubuntu devstack@g-api.service[151587]: DEBUG glance.api.middleware.version_negotiation [None req-9788bac8-4167-4e7f-bdc6-90ec8b3819d7 admin admin] Unknown version. Returning version choices. {{(pid=151587) process_request /opt/stack/glance/glance/api/middleware/version_negotiation.py:64}}
Jul 25 17:55:40 ubuntu devstack@g-api.service[151587]: [pid: 151587|app: 0|req: 10/18] 127.0.0.1 () {34 vars in 492 bytes} [Mon Jul 25 17:55:40 2022] GET / => generated 1323 bytes in 2 msecs (HTTP/1.1 300) 3 headers in 106 bytes (1 switches on core 0)
Jul 25 17:55:40 ubuntu devstack@g-api.service[151588]: DEBUG glance.api.middleware.version_negotiation [None req-380e1362-8461-4730-8a15-3fd062dfe4d6 admin admin] Determining version of request: GET /v2/images/3a676d63-b1c0-437b-80f9-3f1e8fb3b21d Accept: */* {{(pid=151588) process_request /opt/stack/glance/glance/api/middleware/version_negotiation.py:44}}
Jul 25 17:55:40 ubuntu devstack@g-api.service[151588]: DEBUG glance.api.middleware.version_negotiation [None req-380e1362-8461-4730-8a15-3fd062dfe4d6 admin admin] Using url versioning {{(pid=151588) process_request /opt/stack/glance/glance/api/middleware/version_negotiation.py:57}}
Jul 25 17:55:40 ubuntu devstack@g-api.service[151588]: DEBUG glance.api.middleware.version_negotiation [None req-380e1362-8461-4730-8a15-3fd062dfe4d6 admin admin] Matched version: v2 {{(pid=151588) process_request /opt/stack/glance/glance/api/middleware/version_negotiation.py:69}}
Jul 25 17:55:40 ubuntu devstack@g-api.service[151588]: DEBUG glance.api.middleware.version_negotiation [None req-380e1362-8461-4730-8a15-3fd062dfe4d6 admin admin] new path /v2/images/3a676d63-b1c0-437b-80f9-3f1e8fb3b21d {{(pid=151588) process_request /opt/stack/glance/glance/api/middleware/version_negotiation.py:70}}
Jul 25 17:55:40 ubuntu devstack@g-api.service[151588]: WARNING keystonemiddleware.auth_token [None req-380e1362-8461-4730-8a15-3fd062dfe4d6 admin admin] A valid token was submitted as a service token, but it was not a valid service token. This is incorrect but backwards compatible behaviour. This will be removed in future releases.
Jul 25 17:55:40 ubuntu devstack@g-api.service[151588]: [pid: 151588|app: 0|req: 9/19] 127.0.0.1 () {42 vars in 1049 bytes} [Mon Jul 25 17:55:40 2022] GET /v2/images/3a676d63-b1c0-437b-80f9-3f1e8fb3b21d => generated 976 bytes in 123 msecs (HTTP/1.1 200) 4 headers in 157 bytes (1 switches on core 0)
Jul 25 17:55:40 ubuntu devstack@g-api.service[151587]: DEBUG glance.api.middleware.version_negotiation [None req-9788bac8-4167-4e7f-bdc6-90ec8b3819d7 admin admin] Determining version of request: GET /v2/schemas/image Accept: */* {{(pid=151587) process_request /opt/stack/glance/glance/api/middleware/version_negotiation.py:44}}
Jul 25 17:55:40 ubuntu devstack@g-api.service[151587]: DEBUG glance.api.middleware.version_negotiation [None req-9788bac8-4167-4e7f-bdc6-90ec8b3819d7 admin admin] Using url versioning {{(pid=151587) process_request /opt/stack/glance/glance/api/middleware/version_negotiation.py:57}}
Jul 25 17:55:40 ubuntu devstack@g-api.service[151587]: DEBUG glance.api.middleware.version_negotiation [None req-9788bac8-4167-4e7f-bdc6-90ec8b3819d7 admin admin] Matched version: v2 {{(pid=151587) process_request /opt/stack/glance/glance/api/middleware/version_negotiation.py:69}}
Jul 25 17:55:40 ubuntu devstack@g-api.service[151587]: DEBUG glance.api.middleware.version_negotiation [None req-9788bac8-4167-4e7f-bdc6-90ec8b3819d7 admin admin] new path /v2/schemas/image {{(pid=151587) process_request /opt/stack/glance/glance/api/middleware/version_negotiation.py:70}}
Jul 25 17:55:40 ubuntu devstack@g-api.service[151587]: WARNING keystonemiddleware.auth_token [None req-9788bac8-4167-4e7f-bdc6-90ec8b3819d7 admin admin] A valid token was submitted as a service token, but it was not a valid service token. This is incorrect but backwards compatible behaviour. This will be removed in future releases.
Jul 25 17:55:40 ubuntu devstack@g-api.service[151587]: [pid: 151587|app: 0|req: 11/20] 127.0.0.1 () {42 vars in 989 bytes} [Mon Jul 25 17:55:40 2022] GET /v2/schemas/image => generated 6083 bytes in 7 msecs (HTTP/1.1 200) 4 headers in 158 bytes (1 switches on core 0)
Jul 25 17:55:43 ubuntu devstack@g-api.service[151588]: DEBUG glance.api.middleware.version_negotiation [None req-03dc1dcb-8708-4a0d-96e2-29fdfb0a807a tempest-VolumesAdminNegativeTest-116089021 tempest-VolumesAdminNegativeTest-116089021-project] Determining version of request: GET /v2/images/3a676d63-b1c0-437b-80f9-3f1e8fb3b21d Accept: */* {{(pid=151588) process_request /opt/stack/glance/glance/api/middleware/version_negotiation.py:44}}
Jul 25 17:55:43 ubuntu devstack@g-api.service[151588]: DEBUG glance.api.middleware.version_negotiation [None req-03dc1dcb-8708-4a0d-96e2-29fdfb0a807a tempest-VolumesAdminNegativeTest-116089021 tempest-VolumesAdminNegativeTest-116089021-project] Using url versioning {{(pid=151588) process_request /opt/stack/glance/glance/api/middleware/version_negotiation.py:57}}
Jul 25 17:55:43 ubuntu devstack@g-api.service[151588]: DEBUG glance.api.middleware.version_negotiation [None req-03dc1dcb-8708-4a0d-96e2-29fdfb0a807a tempest-VolumesAdminNegativeTest-116089021 tempest-VolumesAdminNegativeTest-116089021-project] Matched version: v2 {{(pid=151588) process_request /opt/stack/glance/glance/api/middleware/version_negotiation.py:69}}
Jul 25 17:55:43 ubuntu devstack@g-api.service[151588]: DEBUG glance.api.middleware.version_negotiation [None req-03dc1dcb-8708-4a0d-96e2-29fdfb0a807a tempest-VolumesAdminNegativeTest-116089021 tempest-VolumesAdminNegativeTest-116089021-project] new path /v2/images/3a676d63-b1c0-437b-80f9-3f1e8fb3b21d {{(pid=151588) process_request /opt/stack/glance/glance/api/middleware/version_negotiation.py:70}}
Jul 25 17:55:43 ubuntu devstack@g-api.service[151588]: [pid: 151588|app: 0|req: 10/21] 127.0.0.1 () {42 vars in 1049 bytes} [Mon Jul 25 17:55:43 2022] GET /v2/images/3a676d63-b1c0-437b-80f9-3f1e8fb3b21d => generated 976 bytes in 16 msecs (HTTP/1.1 200) 4 headers in 157 bytes (1 switches on core 0)
Jul 25 17:55:43 ubuntu devstack@g-api.service[151587]: DEBUG glance.api.middleware.version_negotiation [None req-03dc1dcb-8708-4a0d-96e2-29fdfb0a807a tempest-VolumesAdminNegativeTest-116089021 tempest-VolumesAdminNegativeTest-116089021-project] Determining version of request: GET /v2/images/3a676d63-b1c0-437b-80f9-3f1e8fb3b21d/file Accept: */* {{(pid=151587) process_request /opt/stack/glance/glance/api/middleware/version_negotiation.py:44}}
Jul 25 17:55:43 ubuntu devstack@g-api.service[151587]: DEBUG glance.api.middleware.version_negotiation [None req-03dc1dcb-8708-4a0d-96e2-29fdfb0a807a tempest-VolumesAdminNegativeTest-116089021 tempest-VolumesAdminNegativeTest-116089021-project] Using url versioning {{(pid=151587) process_request /opt/stack/glance/glance/api/middleware/version_negotiation.py:57}}
Jul 25 17:55:43 ubuntu devstack@g-api.service[151587]: DEBUG glance.api.middleware.version_negotiation [None req-03dc1dcb-8708-4a0d-96e2-29fdfb0a807a tempest-VolumesAdminNegativeTest-116089021 tempest-VolumesAdminNegativeTest-116089021-project] Matched version: v2 {{(pid=151587) process_request /opt/stack/glance/glance/api/middleware/version_negotiation.py:69}}
Jul 25 17:55:43 ubuntu devstack@g-api.service[151587]: DEBUG glance.api.middleware.version_negotiation [None req-03dc1dcb-8708-4a0d-96e2-29fdfb0a807a tempest-VolumesAdminNegativeTest-116089021 tempest-VolumesAdminNegativeTest-116089021-project] new path /v2/images/3a676d63-b1c0-437b-80f9-3f1e8fb3b21d/file {{(pid=151587) process_request /opt/stack/glance/glance/api/middleware/version_negotiation.py:70}}
Jul 25 17:55:43 ubuntu devstack@g-api.service[151587]: DEBUG glance_store.backend [None req-03dc1dcb-8708-4a0d-96e2-29fdfb0a807a tempest-VolumesAdminNegativeTest-116089021 tempest-VolumesAdminNegativeTest-116089021-project] Attempting to import store swift {{(pid=151587) _load_store /usr/local/lib/python3.8/dist-packages/glance_store/backend.py:216}}
Jul 25 17:55:43 ubuntu devstack@g-api.service[151587]: DEBUG glance_store.capabilities [None req-03dc1dcb-8708-4a0d-96e2-29fdfb0a807a tempest-VolumesAdminNegativeTest-116089021 tempest-VolumesAdminNegativeTest-116089021-project] Store glance_store._drivers.swift.store.SingleTenantStore doesn't support updating dynamic storage capabilities. Please overwrite 'update_capabilities' method of the store to implement updating logics if needed. {{(pid=151587) update_capabilities /usr/local/lib/python3.8/dist-packages/glance_store/capabilities.py:91}}
Jul 25 17:55:43 ubuntu devstack@g-api.service[151587]: DEBUG glance_store.driver [None req-03dc1dcb-8708-4a0d-96e2-29fdfb0a807a tempest-VolumesAdminNegativeTest-116089021 tempest-VolumesAdminNegativeTest-116089021-project] Late loading location class glance_store._drivers.swift.store.StoreLocation {{(pid=151587) get_store_location_class /usr/local/lib/python3.8/dist-packages/glance_store/driver.py:116}}
Jul 25 17:55:43 ubuntu devstack@g-api.service[151587]: DEBUG glance_store.location [None req-03dc1dcb-8708-4a0d-96e2-29fdfb0a807a tempest-VolumesAdminNegativeTest-116089021 tempest-VolumesAdminNegativeTest-116089021-project] Registering scheme swift+https with {'store': <glance_store._drivers.swift.store.SingleTenantStore object at 0x7f7bc6d306a0>, 'location_class': <class 'glance_store._drivers.swift.store.StoreLocation'>, 'store_entry': 'swift'} {{(pid=151587) register_scheme_map /usr/local/lib/python3.8/dist-packages/glance_store/location.py:146}}
Jul 25 17:55:43 ubuntu devstack@g-api.service[151587]: DEBUG glance_store.location [None req-03dc1dcb-8708-4a0d-96e2-29fdfb0a807a tempest-VolumesAdminNegativeTest-116089021 tempest-VolumesAdminNegativeTest-116089021-project] Registering scheme swift+https with {'store': <glance_store._drivers.swift.store.SingleTenantStore object at 0x7f7bc6d306a0>, 'location_class': <class 'glance_store._drivers.swift.store.StoreLocation'>, 'store_entry': 'swift'} {{(pid=151587) register_scheme_map /usr/local/lib/python3.8/dist-packages/glance_store/location.py:146}}
Jul 25 17:55:43 ubuntu devstack@g-api.service[151587]: DEBUG glance_store.location [None req-03dc1dcb-8708-4a0d-96e2-29fdfb0a807a tempest-VolumesAdminNegativeTest-116089021 tempest-VolumesAdminNegativeTest-116089021-project] Registering scheme swift with {'store': <glance_store._drivers.swift.store.SingleTenantStore object at 0x7f7bc6d306a0>, 'location_class': <class 'glance_store._drivers.swift.store.StoreLocation'>, 'store_entry': 'swift'} {{(pid=151587) register_scheme_map /usr/local/lib/python3.8/dist-packages/glance_store/location.py:146}}
Jul 25 17:55:43 ubuntu devstack@g-api.service[151587]: DEBUG glance_store.location [None req-03dc1dcb-8708-4a0d-96e2-29fdfb0a807a tempest-VolumesAdminNegativeTest-116089021 tempest-VolumesAdminNegativeTest-116089021-project] Registering scheme swift+https with {'store': <glance_store._drivers.swift.store.SingleTenantStore object at 0x7f7bc6d306a0>, 'location_class': <class 'glance_store._drivers.swift.store.StoreLocation'>, 'store_entry': 'swift'} {{(pid=151587) register_scheme_map /usr/local/lib/python3.8/dist-packages/glance_store/location.py:146}}
Jul 25 17:55:43 ubuntu devstack@g-api.service[151587]: DEBUG glance_store.location [None req-03dc1dcb-8708-4a0d-96e2-29fdfb0a807a tempest-VolumesAdminNegativeTest-116089021 tempest-VolumesAdminNegativeTest-116089021-project] Registering scheme swift with {'store': <glance_store._drivers.swift.store.SingleTenantStore object at 0x7f7bc6d306a0>, 'location_class': <class 'glance_store._drivers.swift.store.StoreLocation'>, 'store_entry': 'swift'} {{(pid=151587) register_scheme_map /usr/local/lib/python3.8/dist-packages/glance_store/location.py:146}}
Jul 25 17:55:43 ubuntu devstack@g-api.service[151587]: DEBUG glance_store.location [None req-03dc1dcb-8708-4a0d-96e2-29fdfb0a807a tempest-VolumesAdminNegativeTest-116089021 tempest-VolumesAdminNegativeTest-116089021-project] Registering scheme swift+http with {'store': <glance_store._drivers.swift.store.SingleTenantStore object at 0x7f7bc6d306a0>, 'location_class': <class 'glance_store._drivers.swift.store.StoreLocation'>, 'store_entry': 'swift'} {{(pid=151587) register_scheme_map /usr/local/lib/python3.8/dist-packages/glance_store/location.py:146}}
Jul 25 17:55:43 ubuntu devstack@g-api.service[151587]: DEBUG glance_store.location [None req-03dc1dcb-8708-4a0d-96e2-29fdfb0a807a tempest-VolumesAdminNegativeTest-116089021 tempest-VolumesAdminNegativeTest-116089021-project] Registering scheme swift+https with {'store': <glance_store._drivers.swift.store.SingleTenantStore object at 0x7f7bc6d306a0>, 'location_class': <class 'glance_store._drivers.swift.store.StoreLocation'>, 'store_entry': 'swift'} {{(pid=151587) register_scheme_map /usr/local/lib/python3.8/dist-packages/glance_store/location.py:146}}
Jul 25 17:55:43 ubuntu devstack@g-api.service[151587]: DEBUG glance_store.location [None req-03dc1dcb-8708-4a0d-96e2-29fdfb0a807a tempest-VolumesAdminNegativeTest-116089021 tempest-VolumesAdminNegativeTest-116089021-project] Registering scheme swift with {'store': <glance_store._drivers.swift.store.SingleTenantStore object at 0x7f7bc6d306a0>, 'location_class': <class 'glance_store._drivers.swift.store.StoreLocation'>, 'store_entry': 'swift'} {{(pid=151587) register_scheme_map /usr/local/lib/python3.8/dist-packages/glance_store/location.py:146}}
Jul 25 17:55:43 ubuntu devstack@g-api.service[151587]: DEBUG glance_store.location [None req-03dc1dcb-8708-4a0d-96e2-29fdfb0a807a tempest-VolumesAdminNegativeTest-116089021 tempest-VolumesAdminNegativeTest-116089021-project] Registering scheme swift+http with {'store': <glance_store._drivers.swift.store.SingleTenantStore object at 0x7f7bc6d306a0>, 'location_class': <class 'glance_store._drivers.swift.store.StoreLocation'>, 'store_entry': 'swift'} {{(pid=151587) register_scheme_map /usr/local/lib/python3.8/dist-packages/glance_store/location.py:146}}
Jul 25 17:55:43 ubuntu devstack@g-api.service[151587]: DEBUG glance_store.location [None req-03dc1dcb-8708-4a0d-96e2-29fdfb0a807a tempest-VolumesAdminNegativeTest-116089021 tempest-VolumesAdminNegativeTest-116089021-project] Registering scheme swift+config with {'store': <glance_store._drivers.swift.store.SingleTenantStore object at 0x7f7bc6d306a0>, 'location_class': <class 'glance_store._drivers.swift.store.StoreLocation'>, 'store_entry': 'swift'} {{(pid=151587) register_scheme_map /usr/local/lib/python3.8/dist-packages/glance_store/location.py:146}}
Jul 25 17:55:43 ubuntu devstack@g-api.service[151587]: DEBUG swiftclient [None req-03dc1dcb-8708-4a0d-96e2-29fdfb0a807a tempest-VolumesAdminNegativeTest-116089021 tempest-VolumesAdminNegativeTest-116089021-project] REQ: curl -i http://192.168.79.50:8080/v1/AUTH_f9a27d093a634f3cad8f3b639e469835/glance/3a676d63-b1c0-437b-80f9-3f1e8fb3b21d -X GET -H "X-Auth-Token: gAAAAABi3tkfmUrb..." {{(pid=151587) http_log /usr/local/lib/python3.8/dist-packages/swiftclient/client.py:157}}
Jul 25 17:55:43 ubuntu devstack@g-api.service[151587]: DEBUG swiftclient [None req-03dc1dcb-8708-4a0d-96e2-29fdfb0a807a tempest-VolumesAdminNegativeTest-116089021 tempest-VolumesAdminNegativeTest-116089021-project] RESP STATUS: 200 OK {{(pid=151587) http_log /usr/local/lib/python3.8/dist-packages/swiftclient/client.py:158}}
Jul 25 17:55:43 ubuntu devstack@g-api.service[151587]: DEBUG swiftclient [None req-03dc1dcb-8708-4a0d-96e2-29fdfb0a807a tempest-VolumesAdminNegativeTest-116089021 tempest-VolumesAdminNegativeTest-116089021-project] RESP HEADERS: {'Content-Type': 'application/octet-stream', 'Etag': '1d3062cd89af34e419f7100277f38b2b', 'Last-Modified': 'Mon, 25 Jul 2022 17:50:00 GMT', 'X-Timestamp': '1658771399.81499', 'Accept-Ranges': 'bytes', 'Content-Length': '16338944', 'X-Trans-Id': 'txa9367a92d0c443a09efa2-0062ded91f', 'X-Openstack-Request-Id': 'txa9367a92d0c443a09efa2-0062ded91f', 'Date': 'Mon, 25 Jul 2022 17:55:43 GMT'} {{(pid=151587) http_log /usr/local/lib/python3.8/dist-packages/swiftclient/client.py:159}}
Jul 25 17:55:43 ubuntu devstack@g-api.service[151587]: DEBUG glance.image_cache [None req-03dc1dcb-8708-4a0d-96e2-29fdfb0a807a tempest-VolumesAdminNegativeTest-116089021 tempest-VolumesAdminNegativeTest-116089021-project] Tee'ing image '3a676d63-b1c0-437b-80f9-3f1e8fb3b21d' into cache {{(pid=151587) get_caching_iter /opt/stack/glance/glance/image_cache/__init__.py:343}}
Jul 25 17:55:43 ubuntu devstack@g-api.service[151587]: DEBUG glance.image_cache.drivers.sqlite [None req-03dc1dcb-8708-4a0d-96e2-29fdfb0a807a tempest-VolumesAdminNegativeTest-116089021 tempest-VolumesAdminNegativeTest-116089021-project] Fetch finished, moving '/opt/stack/data/glance/cache/incomplete/3a676d63-b1c0-437b-80f9-3f1e8fb3b21d' to '/opt/stack/data/glance/cache/3a676d63-b1c0-437b-80f9-3f1e8fb3b21d' {{(pid=151587) commit /opt/stack/glance/glance/image_cache/drivers/sqlite.py:324}}
Jul 25 17:55:43 ubuntu devstack@g-api.service[151587]: [pid: 151587|app: 0|req: 12/22] 127.0.0.1 () {42 vars in 1059 bytes} [Mon Jul 25 17:55:43 2022] GET /v2/images/3a676d63-b1c0-437b-80f9-3f1e8fb3b21d/file => generated 16338944 bytes in 452 msecs (HTTP/1.1 200) 4 headers in 191 bytes (251 switches on core 0)
Jul 25 17:55:53 ubuntu devstack@g-api.service[151588]: DEBUG dbcounter [-] [151588] Writing DB stats glance:SELECT=8 {{(pid=151588) stat_writer /usr/local/lib/python3.8/dist-packages/dbcounter.py:114}}
Jul 25 17:55:53 ubuntu devstack@g-api.service[151587]: DEBUG dbcounter [-] [151587] Writing DB stats glance:SELECT=8 {{(pid=151587) stat_writer /usr/local/lib/python3.8/dist-packages/dbcounter.py:114}}
Jul 25 17:56:11 ubuntu devstack@g-api.service[151588]: DEBUG glance.api.middleware.version_negotiation [None req-03dc1dcb-8708-4a0d-96e2-29fdfb0a807a tempest-VolumesAdminNegativeTest-116089021 tempest-VolumesAdminNegativeTest-116089021-project] Determining version of request: GET / Accept: application/json {{(pid=151588) process_request /opt/stack/glance/glance/api/middleware/version_negotiation.py:44}}
Jul 25 17:56:11 ubuntu devstack@g-api.service[151588]: DEBUG glance.api.middleware.version_negotiation [None req-03dc1dcb-8708-4a0d-96e2-29fdfb0a807a tempest-VolumesAdminNegativeTest-116089021 tempest-VolumesAdminNegativeTest-116089021-project] Using url versioning {{(pid=151588) process_request /opt/stack/glance/glance/api/middleware/version_negotiation.py:57}}
Jul 25 17:56:11 ubuntu devstack@g-api.service[151588]: DEBUG glance.api.middleware.version_negotiation [None req-03dc1dcb-8708-4a0d-96e2-29fdfb0a807a tempest-VolumesAdminNegativeTest-116089021 tempest-VolumesAdminNegativeTest-116089021-project] Unknown version. Returning version choices. {{(pid=151588) process_request /opt/stack/glance/glance/api/middleware/version_negotiation.py:64}}
Jul 25 17:56:11 ubuntu devstack@g-api.service[151588]: [pid: 151588|app: 0|req: 11/23] 127.0.0.1 () {34 vars in 492 bytes} [Mon Jul 25 17:56:11 2022] GET / => generated 1323 bytes in 2 msecs (HTTP/1.1 300) 3 headers in 106 bytes (1 switches on core 0)
Jul 25 17:56:11 ubuntu devstack@g-api.service[151587]: DEBUG glance.api.middleware.version_negotiation [None req-03dc1dcb-8708-4a0d-96e2-29fdfb0a807a tempest-VolumesAdminNegativeTest-116089021 tempest-VolumesAdminNegativeTest-116089021-project] Determining version of request: GET /v2/images/3a676d63-b1c0-437b-80f9-3f1e8fb3b21d Accept: */* {{(pid=151587) process_request /opt/stack/glance/glance/api/middleware/version_negotiation.py:44}}
Jul 25 17:56:11 ubuntu devstack@g-api.service[151587]: DEBUG glance.api.middleware.version_negotiation [None req-03dc1dcb-8708-4a0d-96e2-29fdfb0a807a tempest-VolumesAdminNegativeTest-116089021 tempest-VolumesAdminNegativeTest-116089021-project] Using url versioning {{(pid=151587) process_request /opt/stack/glance/glance/api/middleware/version_negotiation.py:57}}
Jul 25 17:56:11 ubuntu devstack@g-api.service[151587]: DEBUG glance.api.middleware.version_negotiation [None req-03dc1dcb-8708-4a0d-96e2-29fdfb0a807a tempest-VolumesAdminNegativeTest-116089021 tempest-VolumesAdminNegativeTest-116089021-project] Matched version: v2 {{(pid=151587) process_request /opt/stack/glance/glance/api/middleware/version_negotiation.py:69}}
Jul 25 17:56:11 ubuntu devstack@g-api.service[151587]: DEBUG glance.api.middleware.version_negotiation [None req-03dc1dcb-8708-4a0d-96e2-29fdfb0a807a tempest-VolumesAdminNegativeTest-116089021 tempest-VolumesAdminNegativeTest-116089021-project] new path /v2/images/3a676d63-b1c0-437b-80f9-3f1e8fb3b21d {{(pid=151587) process_request /opt/stack/glance/glance/api/middleware/version_negotiation.py:70}}
Jul 25 17:56:11 ubuntu devstack@g-api.service[151587]: [pid: 151587|app: 0|req: 13/24] 127.0.0.1 () {42 vars in 1049 bytes} [Mon Jul 25 17:56:11 2022] GET /v2/images/3a676d63-b1c0-437b-80f9-3f1e8fb3b21d => generated 976 bytes in 23 msecs (HTTP/1.1 200) 4 headers in 157 bytes (1 switches on core 0)
Jul 25 17:56:11 ubuntu devstack@g-api.service[151588]: DEBUG glance.api.middleware.version_negotiation [None req-03dc1dcb-8708-4a0d-96e2-29fdfb0a807a tempest-VolumesAdminNegativeTest-116089021 tempest-VolumesAdminNegativeTest-116089021-project] Determining version of request: GET /v2/schemas/image Accept: */* {{(pid=151588) process_request /opt/stack/glance/glance/api/middleware/version_negotiation.py:44}}
Jul 25 17:56:11 ubuntu devstack@g-api.service[151588]: DEBUG glance.api.middleware.version_negotiation [None req-03dc1dcb-8708-4a0d-96e2-29fdfb0a807a tempest-VolumesAdminNegativeTest-116089021 tempest-VolumesAdminNegativeTest-116089021-project] Using url versioning {{(pid=151588) process_request /opt/stack/glance/glance/api/middleware/version_negotiation.py:57}}
Jul 25 17:56:11 ubuntu devstack@g-api.service[151588]: DEBUG glance.api.middleware.version_negotiation [None req-03dc1dcb-8708-4a0d-96e2-29fdfb0a807a tempest-VolumesAdminNegativeTest-116089021 tempest-VolumesAdminNegativeTest-116089021-project] Matched version: v2 {{(pid=151588) process_request /opt/stack/glance/glance/api/middleware/version_negotiation.py:69}}
Jul 25 17:56:11 ubuntu devstack@g-api.service[151588]: DEBUG glance.api.middleware.version_negotiation [None req-03dc1dcb-8708-4a0d-96e2-29fdfb0a807a tempest-VolumesAdminNegativeTest-116089021 tempest-VolumesAdminNegativeTest-116089021-project] new path /v2/schemas/image {{(pid=151588) process_request /opt/stack/glance/glance/api/middleware/version_negotiation.py:70}}
Jul 25 17:56:11 ubuntu devstack@g-api.service[151588]: [pid: 151588|app: 0|req: 12/25] 127.0.0.1 () {42 vars in 989 bytes} [Mon Jul 25 17:56:11 2022] GET /v2/schemas/image => generated 6083 bytes in 8 msecs (HTTP/1.1 200) 4 headers in 158 bytes (1 switches on core 0)
Jul 25 17:56:21 ubuntu devstack@g-api.service[151587]: DEBUG dbcounter [-] [151587] Writing DB stats glance:SELECT=4 {{(pid=151587) stat_writer /usr/local/lib/python3.8/dist-packages/dbcounter.py:114}}
Jul 25 17:56:39 ubuntu devstack@g-api.service[151587]: DEBUG glance.api.middleware.version_negotiation [None req-95cac59d-7631-4a16-861f-3c46a1621159 tempest-DeleteServersTestJSON-1557358665 tempest-DeleteServersTestJSON-1557358665-project] Determining version of request: GET /v2/images/3a676d63-b1c0-437b-80f9-3f1e8fb3b21d Accept: */* {{(pid=151587) process_request /opt/stack/glance/glance/api/middleware/version_negotiation.py:44}}
Jul 25 17:56:39 ubuntu devstack@g-api.service[151587]: DEBUG glance.api.middleware.version_negotiation [None req-95cac59d-7631-4a16-861f-3c46a1621159 tempest-DeleteServersTestJSON-1557358665 tempest-DeleteServersTestJSON-1557358665-project] Using url versioning {{(pid=151587) process_request /opt/stack/glance/glance/api/middleware/version_negotiation.py:57}}
Jul 25 17:56:39 ubuntu devstack@g-api.service[151587]: DEBUG glance.api.middleware.version_negotiation [None req-95cac59d-7631-4a16-861f-3c46a1621159 tempest-DeleteServersTestJSON-1557358665 tempest-DeleteServersTestJSON-1557358665-project] Matched version: v2 {{(pid=151587) process_request /opt/stack/glance/glance/api/middleware/version_negotiation.py:69}}
