May 05 19:57:25 ubuntu neutron-server[109914]: DEBUG neutron.api.extensions [None req-b9925024-58ef-4875-a0ba-e0bb10500ee7 None None] Ext name="Uplink status propagation extension" alias="uplink-status-propagation" description="Provides ability to propagate port uplink status." updated="2018-05-31T18:00:00-00:00" {{(pid=109914) _check_extension /opt/stack/neutron/neutron/api/extensions.py:416}}
May 05 19:57:25 ubuntu neutron-server[109914]: INFO neutron.api.extensions [None req-b9925024-58ef-4875-a0ba-e0bb10500ee7 None None] Extension uplink-status-propagation not supported by any of loaded plugins
May 05 19:57:25 ubuntu neutron-server[109914]: DEBUG neutron.api.extensions [None req-b9925024-58ef-4875-a0ba-e0bb10500ee7 None None] Loading extension file: vlantransparent.py {{(pid=109914) _load_all_extensions_from_path /opt/stack/neutron/neutron/api/extensions.py:450}}
May 05 19:57:25 ubuntu neutron-server[109914]: DEBUG neutron.api.extensions [None req-b9925024-58ef-4875-a0ba-e0bb10500ee7 None None] Ext name="Vlantransparent" alias="vlan-transparent" description="Provides Vlan Transparent Networks" updated="2015-03-23T09:00:00-00:00" {{(pid=109914) _check_extension /opt/stack/neutron/neutron/api/extensions.py:416}}
May 05 19:57:25 ubuntu neutron-server[109914]: INFO neutron.api.extensions [None req-b9925024-58ef-4875-a0ba-e0bb10500ee7 None None] Extension vlan-transparent not supported by any of loaded plugins
May 05 19:57:25 ubuntu neutron-server[109914]: INFO neutron.quota.resource_registry [None req-b9925024-58ef-4875-a0ba-e0bb10500ee7 None None] Creating instance of TrackedResource for resource:network
May 05 19:57:25 ubuntu neutron-server[109914]: INFO neutron.quota.resource_registry [None req-b9925024-58ef-4875-a0ba-e0bb10500ee7 None None] Creating instance of TrackedResource for resource:subnet
May 05 19:57:25 ubuntu neutron-server[109914]: INFO neutron.quota.resource_registry [None req-b9925024-58ef-4875-a0ba-e0bb10500ee7 None None] Creating instance of TrackedResource for resource:subnetpool
May 05 19:57:25 ubuntu neutron-server[109914]: INFO neutron.quota.resource_registry [None req-b9925024-58ef-4875-a0ba-e0bb10500ee7 None None] Creating instance of TrackedResource for resource:port
May 05 19:57:25 ubuntu neutron-server[109914]: DEBUG neutron.api.v2.resource_helper [None req-b9925024-58ef-4875-a0ba-e0bb10500ee7 None None] Service FLAVORS assigned prefix:  {{(pid=109914) build_resource_info /opt/stack/neutron/neutron/api/v2/resource_helper.py:77}}
May 05 19:57:25 ubuntu neutron-server[109914]: DEBUG neutron.api.v2.resource_helper [None req-b9925024-58ef-4875-a0ba-e0bb10500ee7 None None] Service L3_ROUTER_NAT assigned prefix:  {{(pid=109914) build_resource_info /opt/stack/neutron/neutron/api/v2/resource_helper.py:77}}
May 05 19:57:25 ubuntu neutron-server[109914]: DEBUG neutron.api.v2.resource_helper [None req-b9925024-58ef-4875-a0ba-e0bb10500ee7 None None] Service L3_ROUTER_NAT assigned prefix:  {{(pid=109914) build_resource_info /opt/stack/neutron/neutron/api/v2/resource_helper.py:77}}
May 05 19:57:25 ubuntu neutron-server[109914]: INFO neutron.quota.resource_registry [None req-b9925024-58ef-4875-a0ba-e0bb10500ee7 None None] Creating instance of TrackedResource for resource:router
May 05 19:57:25 ubuntu neutron-server[109914]: INFO neutron.quota.resource_registry [None req-b9925024-58ef-4875-a0ba-e0bb10500ee7 None None] Creating instance of TrackedResource for resource:floatingip
May 05 19:57:25 ubuntu neutron-server[109914]: DEBUG neutron_lib.callbacks.manager [None req-b9925024-58ef-4875-a0ba-e0bb10500ee7 None None] Subscribe: <bound method NeutronDbPluginV2.validate_network_rbac_policy_change of <neutron.services.network_ip_availability.plugin.NetworkIPAvailabilityPlugin object at 0x7f632b1025b0>> rbac-policy before_create 55550000 {{(pid=109914) subscribe /usr/local/lib/python3.8/dist-packages/neutron_lib/callbacks/manager.py:45}}
May 05 19:57:25 ubuntu neutron-server[109914]: DEBUG neutron_lib.callbacks.manager [None req-b9925024-58ef-4875-a0ba-e0bb10500ee7 None None] Subscribe: <bound method NeutronDbPluginV2.validate_network_rbac_policy_change of <neutron.services.network_ip_availability.plugin.NetworkIPAvailabilityPlugin object at 0x7f632b1025b0>> rbac-policy before_update 55550000 {{(pid=109914) subscribe /usr/local/lib/python3.8/dist-packages/neutron_lib/callbacks/manager.py:45}}
May 05 19:57:25 ubuntu neutron-server[109914]: DEBUG neutron_lib.callbacks.manager [None req-b9925024-58ef-4875-a0ba-e0bb10500ee7 None None] Subscribe: <bound method NeutronDbPluginV2.validate_network_rbac_policy_change of <neutron.services.network_ip_availability.plugin.NetworkIPAvailabilityPlugin object at 0x7f632b1025b0>> rbac-policy before_delete 55550000 {{(pid=109914) subscribe /usr/local/lib/python3.8/dist-packages/neutron_lib/callbacks/manager.py:45}}
May 05 19:57:25 ubuntu neutron-server[109914]: INFO neutron.quota.resource_registry [None req-b9925024-58ef-4875-a0ba-e0bb10500ee7 None None] Creating instance of CountableResource for resource:rbac_policy
May 05 19:57:25 ubuntu neutron-server[109914]: INFO neutron.quota.resource_registry [None req-b9925024-58ef-4875-a0ba-e0bb10500ee7 None None] Creating instance of TrackedResource for resource:security_group
May 05 19:57:25 ubuntu neutron-server[109914]: INFO neutron.quota.resource_registry [None req-b9925024-58ef-4875-a0ba-e0bb10500ee7 None None] Creating instance of TrackedResource for resource:security_group_rule
May 05 19:57:25 ubuntu neutron-server[109914]: DEBUG neutron.api.v2.resource_helper [None req-b9925024-58ef-4875-a0ba-e0bb10500ee7 None None] Service FLAVORS assigned prefix:  {{(pid=109914) build_resource_info /opt/stack/neutron/neutron/api/v2/resource_helper.py:77}}
May 05 19:57:25 ubuntu neutron-server[109914]: DEBUG neutron.api.v2.resource_helper [None req-b9925024-58ef-4875-a0ba-e0bb10500ee7 None None] Service L3_ROUTER_NAT assigned prefix:  {{(pid=109914) build_resource_info /opt/stack/neutron/neutron/api/v2/resource_helper.py:77}}
May 05 19:57:25 ubuntu neutron-server[109914]: DEBUG neutron.api.v2.resource_helper [None req-b9925024-58ef-4875-a0ba-e0bb10500ee7 None None] Service L3_ROUTER_NAT assigned prefix:  {{(pid=109914) build_resource_info /opt/stack/neutron/neutron/api/v2/resource_helper.py:77}}
May 05 19:57:25 ubuntu neutron-server[109914]: INFO neutron.quota.resource_registry [None req-b9925024-58ef-4875-a0ba-e0bb10500ee7 None None] Creating instance of TrackedResource for resource:router
May 05 19:57:25 ubuntu neutron-server[109914]: WARNING neutron.quota.resource_registry [None req-b9925024-58ef-4875-a0ba-e0bb10500ee7 None None] router is already registered
May 05 19:57:25 ubuntu neutron-server[109914]: INFO neutron.quota.resource_registry [None req-b9925024-58ef-4875-a0ba-e0bb10500ee7 None None] Creating instance of TrackedResource for resource:floatingip
May 05 19:57:25 ubuntu neutron-server[109914]: WARNING neutron.quota.resource_registry [None req-b9925024-58ef-4875-a0ba-e0bb10500ee7 None None] floatingip is already registered
May 05 19:57:25 ubuntu neutron-server[109914]: INFO neutron.quota.resource_registry [None req-b9925024-58ef-4875-a0ba-e0bb10500ee7 None None] Creating instance of CountableResource for resource:rbac_policy
May 05 19:57:25 ubuntu neutron-server[109914]: WARNING neutron.quota.resource_registry [None req-b9925024-58ef-4875-a0ba-e0bb10500ee7 None None] rbac_policy is already registered
May 05 19:57:25 ubuntu neutron-server[109914]: INFO neutron.quota.resource_registry [None req-b9925024-58ef-4875-a0ba-e0bb10500ee7 None None] Creating instance of TrackedResource for resource:security_group
May 05 19:57:25 ubuntu neutron-server[109914]: WARNING neutron.quota.resource_registry [None req-b9925024-58ef-4875-a0ba-e0bb10500ee7 None None] security_group is already registered
May 05 19:57:25 ubuntu neutron-server[109914]: INFO neutron.quota.resource_registry [None req-b9925024-58ef-4875-a0ba-e0bb10500ee7 None None] Creating instance of TrackedResource for resource:security_group_rule
May 05 19:57:25 ubuntu neutron-server[109914]: WARNING neutron.quota.resource_registry [None req-b9925024-58ef-4875-a0ba-e0bb10500ee7 None None] security_group_rule is already registered
May 05 19:57:25 ubuntu neutron-server[109914]: DEBUG neutron.api.extensions [None req-b9925024-58ef-4875-a0ba-e0bb10500ee7 None None] Extended resource: extensions {{(pid=109914) __init__ /opt/stack/neutron/neutron/api/extensions.py:157}}
May 05 19:57:25 ubuntu neutron-server[109914]: DEBUG neutron.api.extensions [None req-b9925024-58ef-4875-a0ba-e0bb10500ee7 None None] Extended resource: address-groups {{(pid=109914) __init__ /opt/stack/neutron/neutron/api/extensions.py:157}}
May 05 19:57:25 ubuntu neutron-server[109914]: DEBUG neutron.api.extensions [None req-b9925024-58ef-4875-a0ba-e0bb10500ee7 None None] Extended resource: address-scopes {{(pid=109914) __init__ /opt/stack/neutron/neutron/api/extensions.py:157}}
May 05 19:57:25 ubuntu neutron-server[109914]: DEBUG neutron.api.extensions [None req-b9925024-58ef-4875-a0ba-e0bb10500ee7 None None] Extended resource: agents {{(pid=109914) __init__ /opt/stack/neutron/neutron/api/extensions.py:157}}
May 05 19:57:25 ubuntu neutron-server[109914]: DEBUG neutron.api.extensions [None req-b9925024-58ef-4875-a0ba-e0bb10500ee7 None None] Extended resource: auto-allocated-topology {{(pid=109914) __init__ /opt/stack/neutron/neutron/api/extensions.py:157}}
May 05 19:57:25 ubuntu neutron-server[109914]: DEBUG neutron.api.extensions [None req-b9925024-58ef-4875-a0ba-e0bb10500ee7 None None] Extended resource: availability_zones {{(pid=109914) __init__ /opt/stack/neutron/neutron/api/extensions.py:157}}
May 05 19:57:25 ubuntu neutron-server[109914]: DEBUG neutron.api.extensions [None req-b9925024-58ef-4875-a0ba-e0bb10500ee7 None None] Extended resource: flavors {{(pid=109914) __init__ /opt/stack/neutron/neutron/api/extensions.py:157}}
May 05 19:57:25 ubuntu neutron-server[109914]: DEBUG neutron.api.extensions [None req-b9925024-58ef-4875-a0ba-e0bb10500ee7 None None] Extended resource: service_profiles {{(pid=109914) __init__ /opt/stack/neutron/neutron/api/extensions.py:157}}
May 05 19:57:25 ubuntu neutron-server[109914]: DEBUG neutron.api.extensions [None req-b9925024-58ef-4875-a0ba-e0bb10500ee7 None None] Extended resource: next_providers {{(pid=109914) __init__ /opt/stack/neutron/neutron/api/extensions.py:157}}
May 05 19:57:25 ubuntu neutron-server[109914]: DEBUG neutron.api.extensions [None req-b9925024-58ef-4875-a0ba-e0bb10500ee7 None None] Extended resource: service_profiles {{(pid=109914) __init__ /opt/stack/neutron/neutron/api/extensions.py:157}}
May 05 19:57:25 ubuntu neutron-server[109914]: DEBUG neutron.api.extensions [None req-b9925024-58ef-4875-a0ba-e0bb10500ee7 None None] Extended resource: floatingip-pools {{(pid=109914) __init__ /opt/stack/neutron/neutron/api/extensions.py:157}}
May 05 19:57:25 ubuntu neutron-server[109914]: DEBUG neutron.api.extensions [None req-b9925024-58ef-4875-a0ba-e0bb10500ee7 None None] Extended resource: routers {{(pid=109914) __init__ /opt/stack/neutron/neutron/api/extensions.py:157}}
May 05 19:57:25 ubuntu neutron-server[109914]: DEBUG neutron.api.extensions [None req-b9925024-58ef-4875-a0ba-e0bb10500ee7 None None] Extended resource: floatingips {{(pid=109914) __init__ /opt/stack/neutron/neutron/api/extensions.py:157}}
May 05 19:57:25 ubuntu neutron-server[109914]: DEBUG neutron.api.extensions [None req-b9925024-58ef-4875-a0ba-e0bb10500ee7 None None] Extended resource: network-ip-availabilities {{(pid=109914) __init__ /opt/stack/neutron/neutron/api/extensions.py:157}}
May 05 19:57:25 ubuntu neutron-server[109914]: DEBUG neutron.api.extensions [None req-b9925024-58ef-4875-a0ba-e0bb10500ee7 None None] Extended resource: bindings {{(pid=109914) __init__ /opt/stack/neutron/neutron/api/extensions.py:157}}
May 05 19:57:25 ubuntu neutron-server[109914]: DEBUG neutron.api.extensions [None req-b9925024-58ef-4875-a0ba-e0bb10500ee7 None None] Extended resource: quotas {{(pid=109914) __init__ /opt/stack/neutron/neutron/api/extensions.py:157}}
May 05 19:57:25 ubuntu neutron-server[109914]: DEBUG neutron.api.extensions [None req-b9925024-58ef-4875-a0ba-e0bb10500ee7 None None] Extended resource: quotas {{(pid=109914) __init__ /opt/stack/neutron/neutron/api/extensions.py:157}}
May 05 19:57:25 ubuntu neutron-server[109914]: DEBUG neutron.api.extensions [None req-b9925024-58ef-4875-a0ba-e0bb10500ee7 None None] Extended resource: rbac-policies {{(pid=109914) __init__ /opt/stack/neutron/neutron/api/extensions.py:157}}
May 05 19:57:25 ubuntu neutron-server[109914]: DEBUG neutron.api.extensions [None req-b9925024-58ef-4875-a0ba-e0bb10500ee7 None None] Extended resource: security-groups {{(pid=109914) __init__ /opt/stack/neutron/neutron/api/extensions.py:157}}
May 05 19:57:25 ubuntu neutron-server[109914]: DEBUG neutron.api.extensions [None req-b9925024-58ef-4875-a0ba-e0bb10500ee7 None None] Extended resource: security-group-rules {{(pid=109914) __init__ /opt/stack/neutron/neutron/api/extensions.py:157}}
May 05 19:57:25 ubuntu neutron-server[109914]: DEBUG neutron.api.extensions [None req-b9925024-58ef-4875-a0ba-e0bb10500ee7 None None] Extended resource: service-providers {{(pid=109914) __init__ /opt/stack/neutron/neutron/api/extensions.py:157}}
May 05 19:57:25 ubuntu neutron-server[109914]: DEBUG neutron.api.extensions [None req-b9925024-58ef-4875-a0ba-e0bb10500ee7 None None] Extended resource: tags {{(pid=109914) __init__ /opt/stack/neutron/neutron/api/extensions.py:157}}
May 05 19:57:25 ubuntu neutron-server[109914]: DEBUG neutron.api.extensions [None req-b9925024-58ef-4875-a0ba-e0bb10500ee7 None None] Extended resource: tags {{(pid=109914) __init__ /opt/stack/neutron/neutron/api/extensions.py:157}}
May 05 19:57:25 ubuntu neutron-server[109914]: DEBUG neutron.api.extensions [None req-b9925024-58ef-4875-a0ba-e0bb10500ee7 None None] Extended resource: tags {{(pid=109914) __init__ /opt/stack/neutron/neutron/api/extensions.py:157}}
May 05 19:57:25 ubuntu neutron-server[109914]: DEBUG neutron.api.extensions [None req-b9925024-58ef-4875-a0ba-e0bb10500ee7 None None] Extended resource: tags {{(pid=109914) __init__ /opt/stack/neutron/neutron/api/extensions.py:157}}
May 05 19:57:25 ubuntu neutron-server[109914]: DEBUG neutron.api.extensions [None req-b9925024-58ef-4875-a0ba-e0bb10500ee7 None None] Extended resource: tags {{(pid=109914) __init__ /opt/stack/neutron/neutron/api/extensions.py:157}}
May 05 19:57:25 ubuntu neutron-server[109914]: DEBUG neutron.api.extensions [None req-b9925024-58ef-4875-a0ba-e0bb10500ee7 None None] Extended resource: tags {{(pid=109914) __init__ /opt/stack/neutron/neutron/api/extensions.py:157}}
May 05 19:57:25 ubuntu neutron-server[109914]: DEBUG neutron.api.extensions [None req-b9925024-58ef-4875-a0ba-e0bb10500ee7 None None] Extended resource: tags {{(pid=109914) __init__ /opt/stack/neutron/neutron/api/extensions.py:157}}
May 05 19:57:25 ubuntu neutron-server[109914]: DEBUG neutron.api.extensions [None req-b9925024-58ef-4875-a0ba-e0bb10500ee7 None None] Extended resource: tags {{(pid=109914) __init__ /opt/stack/neutron/neutron/api/extensions.py:157}}
May 05 19:57:25 ubuntu neutron-server[109914]: DEBUG neutron.api.extensions [None req-b9925024-58ef-4875-a0ba-e0bb10500ee7 None None] Extended resource: tags {{(pid=109914) __init__ /opt/stack/neutron/neutron/api/extensions.py:157}}
May 05 19:57:25 ubuntu neutron-server[109914]: DEBUG neutron.api.extensions [None req-b9925024-58ef-4875-a0ba-e0bb10500ee7 None None] Extended resource: tags {{(pid=109914) __init__ /opt/stack/neutron/neutron/api/extensions.py:157}}
May 05 19:57:25 ubuntu neutron-server[109914]: WARNING keystonemiddleware.auth_token [None req-b9925024-58ef-4875-a0ba-e0bb10500ee7 None None] AuthToken middleware is set with keystone_authtoken.service_token_roles_required set to False. This is backwards compatible but deprecated behaviour. Please set this to True.
May 05 19:57:25 ubuntu neutron-server[109914]: WARNING keystonemiddleware.auth_token [None req-b9925024-58ef-4875-a0ba-e0bb10500ee7 None None] Configuring www_authenticate_uri to point to the public identity endpoint is required; clients may not be able to authenticate against an admin endpoint
May 05 19:57:25 ubuntu neutron-server[109914]: DEBUG oslo_concurrency.lockutils [None req-b9925024-58ef-4875-a0ba-e0bb10500ee7 None None] Acquired lock "singleton_lock" {{(pid=109914) lock /usr/local/lib/python3.8/dist-packages/oslo_concurrency/lockutils.py:294}}
May 05 19:57:25 ubuntu neutron-server[109914]: DEBUG oslo_concurrency.lockutils [None req-b9925024-58ef-4875-a0ba-e0bb10500ee7 None None] Releasing lock "singleton_lock" {{(pid=109914) lock /usr/local/lib/python3.8/dist-packages/oslo_concurrency/lockutils.py:312}}
May 05 19:57:25 ubuntu neutron-server[109914]: INFO oslo_service.service [None req-b9925024-58ef-4875-a0ba-e0bb10500ee7 None None] Starting 2 workers
May 05 19:57:25 ubuntu neutron-server[109914]: DEBUG oslo_service.service [None req-b9925024-58ef-4875-a0ba-e0bb10500ee7 None None] Started child 110126 {{(pid=109914) _start_child /usr/local/lib/python3.8/dist-packages/oslo_service/service.py:575}}
May 05 19:57:25 ubuntu neutron-server[109914]: DEBUG oslo_service.service [None req-b9925024-58ef-4875-a0ba-e0bb10500ee7 None None] Started child 110127 {{(pid=109914) _start_child /usr/local/lib/python3.8/dist-packages/oslo_service/service.py:575}}
May 05 19:57:25 ubuntu neutron-server[109914]: INFO neutron.service [None req-b9925024-58ef-4875-a0ba-e0bb10500ee7 None None] Neutron service started, listening on 0.0.0.0:9696
May 05 19:57:25 ubuntu neutron-server[109914]: DEBUG neutron_lib.callbacks.manager [None req-b9925024-58ef-4875-a0ba-e0bb10500ee7 None None] Publish callbacks ['neutron.plugins.ml2.drivers.ovn.mech_driver.mech_driver.OVNMechanismDriver.pre_fork_initialize-1639285'] for process (None), before_spawn {{(pid=109914) _notify_loop /usr/local/lib/python3.8/dist-packages/neutron_lib/callbacks/manager.py:176}}
May 05 19:57:25 ubuntu neutron-server[110126]: DEBUG neutron_lib.callbacks.manager [-] Publish callbacks ['neutron.plugins.ml2.drivers.ovn.mech_driver.mech_driver.OVNMechanismDriver.post_fork_initialize-1639185'] for process (None), after_init {{(pid=110126) _notify_loop /usr/local/lib/python3.8/dist-packages/neutron_lib/callbacks/manager.py:176}}
May 05 19:57:25 ubuntu neutron-server[110127]: DEBUG neutron_lib.callbacks.manager [-] Publish callbacks ['neutron.plugins.ml2.drivers.ovn.mech_driver.mech_driver.OVNMechanismDriver.post_fork_initialize-1639185'] for process (None), after_init {{(pid=110127) _notify_loop /usr/local/lib/python3.8/dist-packages/neutron_lib/callbacks/manager.py:176}}
May 05 19:57:25 ubuntu neutron-server[109914]: DEBUG ovsdbapp.backend.ovs_idl [None req-b9925024-58ef-4875-a0ba-e0bb10500ee7 None None] Created schema index Port_Group.name {{(pid=109914) autocreate_indices /usr/local/lib/python3.8/dist-packages/ovsdbapp/backend/ovs_idl/__init__.py:104}}
May 05 19:57:25 ubuntu neutron-server[109914]: DEBUG ovsdbapp.backend.ovs_idl [None req-b9925024-58ef-4875-a0ba-e0bb10500ee7 None None] Created schema index Logical_Switch_Port.name {{(pid=109914) autocreate_indices /usr/local/lib/python3.8/dist-packages/ovsdbapp/backend/ovs_idl/__init__.py:104}}
May 05 19:57:25 ubuntu neutron-server[110126]: INFO neutron.plugins.ml2.drivers.ovn.mech_driver.ovsdb.impl_idl_ovn [None req-549ba12b-fe92-4ff4-b709-250ea34bb5c2 None None] Getting OvsdbNbOvnIdl for WorkerService with retry
May 05 19:57:25 ubuntu neutron-server[110127]: INFO neutron.plugins.ml2.drivers.ovn.mech_driver.ovsdb.impl_idl_ovn [None req-2f0dde1c-848b-473c-9a06-89539ec1b7fa None None] Getting OvsdbNbOvnIdl for WorkerService with retry
May 05 19:57:25 ubuntu neutron-server[110127]: DEBUG ovsdbapp.backend.ovs_idl [None req-2f0dde1c-848b-473c-9a06-89539ec1b7fa None None] Created lookup_table index Logical_Switch.name {{(pid=110127) autocreate_indices /usr/local/lib/python3.8/dist-packages/ovsdbapp/backend/ovs_idl/__init__.py:85}}
May 05 19:57:25 ubuntu neutron-server[110127]: DEBUG ovsdbapp.backend.ovs_idl [None req-2f0dde1c-848b-473c-9a06-89539ec1b7fa None None] Created lookup_table index Logical_Router.name {{(pid=110127) autocreate_indices /usr/local/lib/python3.8/dist-packages/ovsdbapp/backend/ovs_idl/__init__.py:85}}
May 05 19:57:25 ubuntu neutron-server[110127]: DEBUG ovsdbapp.backend.ovs_idl [None req-2f0dde1c-848b-473c-9a06-89539ec1b7fa None None] Created lookup_table index Load_Balancer.name {{(pid=110127) autocreate_indices /usr/local/lib/python3.8/dist-packages/ovsdbapp/backend/ovs_idl/__init__.py:85}}
May 05 19:57:25 ubuntu neutron-server[110127]: DEBUG ovsdbapp.backend.ovs_idl [None req-2f0dde1c-848b-473c-9a06-89539ec1b7fa None None] Created schema index Meter.name {{(pid=110127) autocreate_indices /usr/local/lib/python3.8/dist-packages/ovsdbapp/backend/ovs_idl/__init__.py:104}}
May 05 19:57:25 ubuntu neutron-server[110126]: DEBUG ovsdbapp.backend.ovs_idl [None req-549ba12b-fe92-4ff4-b709-250ea34bb5c2 None None] Created lookup_table index Logical_Switch.name {{(pid=110126) autocreate_indices /usr/local/lib/python3.8/dist-packages/ovsdbapp/backend/ovs_idl/__init__.py:85}}
May 05 19:57:25 ubuntu neutron-server[110127]: DEBUG ovsdbapp.backend.ovs_idl [None req-2f0dde1c-848b-473c-9a06-89539ec1b7fa None None] Created schema index Address_Set.name {{(pid=110127) autocreate_indices /usr/local/lib/python3.8/dist-packages/ovsdbapp/backend/ovs_idl/__init__.py:104}}
May 05 19:57:25 ubuntu neutron-server[110127]: DEBUG ovsdbapp.backend.ovs_idl [None req-2f0dde1c-848b-473c-9a06-89539ec1b7fa None None] Created schema index HA_Chassis_Group.name {{(pid=110127) autocreate_indices /usr/local/lib/python3.8/dist-packages/ovsdbapp/backend/ovs_idl/__init__.py:104}}
May 05 19:57:25 ubuntu neutron-server[110127]: DEBUG ovsdbapp.backend.ovs_idl [None req-2f0dde1c-848b-473c-9a06-89539ec1b7fa None None] Created schema index Connection.target {{(pid=110127) autocreate_indices /usr/local/lib/python3.8/dist-packages/ovsdbapp/backend/ovs_idl/__init__.py:104}}
May 05 19:57:25 ubuntu neutron-server[110127]: DEBUG ovsdbapp.backend.ovs_idl [None req-2f0dde1c-848b-473c-9a06-89539ec1b7fa None None] Created schema index Gateway_Chassis.name {{(pid=110127) autocreate_indices /usr/local/lib/python3.8/dist-packages/ovsdbapp/backend/ovs_idl/__init__.py:104}}
May 05 19:57:25 ubuntu neutron-server[110127]: DEBUG ovsdbapp.backend.ovs_idl [None req-2f0dde1c-848b-473c-9a06-89539ec1b7fa None None] Created schema index Logical_Router_Port.name {{(pid=110127) autocreate_indices /usr/local/lib/python3.8/dist-packages/ovsdbapp/backend/ovs_idl/__init__.py:104}}
May 05 19:57:25 ubuntu neutron-server[110126]: DEBUG ovsdbapp.backend.ovs_idl [None req-549ba12b-fe92-4ff4-b709-250ea34bb5c2 None None] Created lookup_table index Logical_Router.name {{(pid=110126) autocreate_indices /usr/local/lib/python3.8/dist-packages/ovsdbapp/backend/ovs_idl/__init__.py:85}}
May 05 19:57:25 ubuntu neutron-server[110127]: DEBUG ovsdbapp.backend.ovs_idl [None req-2f0dde1c-848b-473c-9a06-89539ec1b7fa None None] Created schema index Port_Group.name {{(pid=110127) autocreate_indices /usr/local/lib/python3.8/dist-packages/ovsdbapp/backend/ovs_idl/__init__.py:104}}
May 05 19:57:25 ubuntu neutron-server[110127]: DEBUG ovsdbapp.backend.ovs_idl [None req-2f0dde1c-848b-473c-9a06-89539ec1b7fa None None] Created schema index Logical_Switch_Port.name {{(pid=110127) autocreate_indices /usr/local/lib/python3.8/dist-packages/ovsdbapp/backend/ovs_idl/__init__.py:104}}
May 05 19:57:25 ubuntu neutron-server[110126]: DEBUG ovsdbapp.backend.ovs_idl [None req-549ba12b-fe92-4ff4-b709-250ea34bb5c2 None None] Created lookup_table index Load_Balancer.name {{(pid=110126) autocreate_indices /usr/local/lib/python3.8/dist-packages/ovsdbapp/backend/ovs_idl/__init__.py:85}}
May 05 19:57:25 ubuntu neutron-server[110127]: INFO ovsdbapp.backend.ovs_idl.vlog [None req-2f0dde1c-848b-473c-9a06-89539ec1b7fa None None] tcp:192.168.79.46:6641: connecting...
May 05 19:57:25 ubuntu neutron-server[110126]: DEBUG ovsdbapp.backend.ovs_idl [None req-549ba12b-fe92-4ff4-b709-250ea34bb5c2 None None] Created schema index Meter.name {{(pid=110126) autocreate_indices /usr/local/lib/python3.8/dist-packages/ovsdbapp/backend/ovs_idl/__init__.py:104}}
May 05 19:57:25 ubuntu neutron-server[110127]: INFO ovsdbapp.backend.ovs_idl.vlog [None req-2f0dde1c-848b-473c-9a06-89539ec1b7fa None None] tcp:192.168.79.46:6641: connected
May 05 19:57:25 ubuntu neutron-server[110126]: DEBUG ovsdbapp.backend.ovs_idl [None req-549ba12b-fe92-4ff4-b709-250ea34bb5c2 None None] Created schema index Address_Set.name {{(pid=110126) autocreate_indices /usr/local/lib/python3.8/dist-packages/ovsdbapp/backend/ovs_idl/__init__.py:104}}
May 05 19:57:25 ubuntu neutron-server[110126]: DEBUG ovsdbapp.backend.ovs_idl [None req-549ba12b-fe92-4ff4-b709-250ea34bb5c2 None None] Created schema index HA_Chassis_Group.name {{(pid=110126) autocreate_indices /usr/local/lib/python3.8/dist-packages/ovsdbapp/backend/ovs_idl/__init__.py:104}}
May 05 19:57:25 ubuntu neutron-server[110126]: DEBUG ovsdbapp.backend.ovs_idl [None req-549ba12b-fe92-4ff4-b709-250ea34bb5c2 None None] Created schema index Connection.target {{(pid=110126) autocreate_indices /usr/local/lib/python3.8/dist-packages/ovsdbapp/backend/ovs_idl/__init__.py:104}}
May 05 19:57:25 ubuntu neutron-server[110126]: DEBUG ovsdbapp.backend.ovs_idl [None req-549ba12b-fe92-4ff4-b709-250ea34bb5c2 None None] Created schema index Gateway_Chassis.name {{(pid=110126) autocreate_indices /usr/local/lib/python3.8/dist-packages/ovsdbapp/backend/ovs_idl/__init__.py:104}}
May 05 19:57:25 ubuntu neutron-server[110126]: DEBUG ovsdbapp.backend.ovs_idl [None req-549ba12b-fe92-4ff4-b709-250ea34bb5c2 None None] Created schema index Logical_Router_Port.name {{(pid=110126) autocreate_indices /usr/local/lib/python3.8/dist-packages/ovsdbapp/backend/ovs_idl/__init__.py:104}}
May 05 19:57:25 ubuntu neutron-server[110126]: DEBUG ovsdbapp.backend.ovs_idl [None req-549ba12b-fe92-4ff4-b709-250ea34bb5c2 None None] Created schema index Port_Group.name {{(pid=110126) autocreate_indices /usr/local/lib/python3.8/dist-packages/ovsdbapp/backend/ovs_idl/__init__.py:104}}
May 05 19:57:25 ubuntu neutron-server[110126]: DEBUG ovsdbapp.backend.ovs_idl [None req-549ba12b-fe92-4ff4-b709-250ea34bb5c2 None None] Created schema index Logical_Switch_Port.name {{(pid=110126) autocreate_indices /usr/local/lib/python3.8/dist-packages/ovsdbapp/backend/ovs_idl/__init__.py:104}}
May 05 19:57:25 ubuntu neutron-server[110126]: INFO ovsdbapp.backend.ovs_idl.vlog [None req-549ba12b-fe92-4ff4-b709-250ea34bb5c2 None None] tcp:192.168.79.46:6641: connecting...
May 05 19:57:25 ubuntu neutron-server[110126]: INFO ovsdbapp.backend.ovs_idl.vlog [None req-549ba12b-fe92-4ff4-b709-250ea34bb5c2 None None] tcp:192.168.79.46:6641: connected
May 05 19:57:25 ubuntu neutron-server[109914]: DEBUG ovsdbapp.backend.ovs_idl.transaction [-] Running txn n=1 command(idx=0): PgAddCommand(name=neutron_pg_drop, may_exist=True, columns={'acls': []}) {{(pid=109914) do_commit /usr/local/lib/python3.8/dist-packages/ovsdbapp/backend/ovs_idl/transaction.py:90}}
May 05 19:57:25 ubuntu neutron-server[109914]: DEBUG ovsdbapp.backend.ovs_idl.transaction [-] Running txn n=1 command(idx=1): PgAclAddCommand(entity=neutron_pg_drop, direction=from-lport, priority=1001, match=inport == @neutron_pg_drop && ip, action=drop, log=False, may_exist=True, severity=[], name=[], meter=None, external_ids={}) {{(pid=109914) do_commit /usr/local/lib/python3.8/dist-packages/ovsdbapp/backend/ovs_idl/transaction.py:90}}
May 05 19:57:25 ubuntu neutron-server[109914]: DEBUG ovsdbapp.backend.ovs_idl.transaction [-] Running txn n=1 command(idx=2): PgAclAddCommand(entity=neutron_pg_drop, direction=to-lport, priority=1001, match=outport == @neutron_pg_drop && ip, action=drop, log=False, may_exist=True, severity=[], name=[], meter=None, external_ids={}) {{(pid=109914) do_commit /usr/local/lib/python3.8/dist-packages/ovsdbapp/backend/ovs_idl/transaction.py:90}}
May 05 19:57:25 ubuntu neutron-server[109914]: DEBUG ovsdbapp.backend.ovs_idl.event [-] Matched CREATE: NeutronPgDropPortGroupCreated(events=('create',), table='Port_Group', conditions=(('name', '=', 'neutron_pg_drop'),), old_conditions=None), priority=10 to row=Port_Group(name=neutron_pg_drop, ports=[], external_ids={}, acls=[<ovs.db.idl.Row object at 0x7f632a9513d0>, <ovs.db.idl.Row object at 0x7f632a9570a0>]) old= {{(pid=109914) matches /usr/local/lib/python3.8/dist-packages/ovsdbapp/backend/ovs_idl/event.py:43}}
May 05 19:57:25 ubuntu neutron-server[109914]: DEBUG ovsdbapp.backend.ovs_idl [None req-b9925024-58ef-4875-a0ba-e0bb10500ee7 None None] Created lookup_table index Logical_Switch.name {{(pid=109914) autocreate_indices /usr/local/lib/python3.8/dist-packages/ovsdbapp/backend/ovs_idl/__init__.py:85}}
May 05 19:57:25 ubuntu neutron-server[109914]: DEBUG ovsdbapp.backend.ovs_idl [None req-b9925024-58ef-4875-a0ba-e0bb10500ee7 None None] Created lookup_table index Logical_Router.name {{(pid=109914) autocreate_indices /usr/local/lib/python3.8/dist-packages/ovsdbapp/backend/ovs_idl/__init__.py:85}}
May 05 19:57:25 ubuntu neutron-server[109914]: DEBUG ovsdbapp.backend.ovs_idl [None req-b9925024-58ef-4875-a0ba-e0bb10500ee7 None None] Created lookup_table index Load_Balancer.name {{(pid=109914) autocreate_indices /usr/local/lib/python3.8/dist-packages/ovsdbapp/backend/ovs_idl/__init__.py:85}}
May 05 19:57:25 ubuntu neutron-server[109914]: DEBUG ovsdbapp.backend.ovs_idl [None req-b9925024-58ef-4875-a0ba-e0bb10500ee7 None None] Created schema index Meter.name {{(pid=109914) autocreate_indices /usr/local/lib/python3.8/dist-packages/ovsdbapp/backend/ovs_idl/__init__.py:104}}
May 05 19:57:25 ubuntu neutron-server[109914]: DEBUG ovsdbapp.backend.ovs_idl [None req-b9925024-58ef-4875-a0ba-e0bb10500ee7 None None] Created schema index Address_Set.name {{(pid=109914) autocreate_indices /usr/local/lib/python3.8/dist-packages/ovsdbapp/backend/ovs_idl/__init__.py:104}}
May 05 19:57:25 ubuntu neutron-server[109914]: DEBUG ovsdbapp.backend.ovs_idl [None req-b9925024-58ef-4875-a0ba-e0bb10500ee7 None None] Created schema index HA_Chassis_Group.name {{(pid=109914) autocreate_indices /usr/local/lib/python3.8/dist-packages/ovsdbapp/backend/ovs_idl/__init__.py:104}}
May 05 19:57:25 ubuntu neutron-server[109914]: DEBUG ovsdbapp.backend.ovs_idl [None req-b9925024-58ef-4875-a0ba-e0bb10500ee7 None None] Created schema index Connection.target {{(pid=109914) autocreate_indices /usr/local/lib/python3.8/dist-packages/ovsdbapp/backend/ovs_idl/__init__.py:104}}
May 05 19:57:25 ubuntu neutron-server[109914]: DEBUG ovsdbapp.backend.ovs_idl [None req-b9925024-58ef-4875-a0ba-e0bb10500ee7 None None] Created schema index Gateway_Chassis.name {{(pid=109914) autocreate_indices /usr/local/lib/python3.8/dist-packages/ovsdbapp/backend/ovs_idl/__init__.py:104}}
May 05 19:57:25 ubuntu neutron-server[109914]: DEBUG ovsdbapp.backend.ovs_idl [None req-b9925024-58ef-4875-a0ba-e0bb10500ee7 None None] Created schema index Logical_Router_Port.name {{(pid=109914) autocreate_indices /usr/local/lib/python3.8/dist-packages/ovsdbapp/backend/ovs_idl/__init__.py:104}}
May 05 19:57:25 ubuntu neutron-server[109914]: DEBUG ovsdbapp.backend.ovs_idl [None req-b9925024-58ef-4875-a0ba-e0bb10500ee7 None None] Created schema index Port_Group.name {{(pid=109914) autocreate_indices /usr/local/lib/python3.8/dist-packages/ovsdbapp/backend/ovs_idl/__init__.py:104}}
May 05 19:57:25 ubuntu neutron-server[109914]: DEBUG ovsdbapp.backend.ovs_idl [None req-b9925024-58ef-4875-a0ba-e0bb10500ee7 None None] Created schema index Logical_Switch_Port.name {{(pid=109914) autocreate_indices /usr/local/lib/python3.8/dist-packages/ovsdbapp/backend/ovs_idl/__init__.py:104}}
May 05 19:57:25 ubuntu neutron-server[110126]: DEBUG neutron.common.ovn.hash_ring_manager [None req-549ba12b-fe92-4ff4-b709-250ea34bb5c2 None None] Allow caching, nodes 2>=2 {{(pid=110126) _wait_startup_before_caching /opt/stack/neutron/neutron/common/ovn/hash_ring_manager.py:60}}
May 05 19:57:25 ubuntu neutron-server[110127]: DEBUG neutron.common.ovn.hash_ring_manager [None req-2f0dde1c-848b-473c-9a06-89539ec1b7fa None None] Allow caching, nodes 2>=2 {{(pid=110127) _wait_startup_before_caching /opt/stack/neutron/neutron/common/ovn/hash_ring_manager.py:60}}
May 05 19:57:25 ubuntu neutron-server[110126]: DEBUG neutron.plugins.ml2.drivers.ovn.mech_driver.ovsdb.ovsdb_monitor [None req-549ba12b-fe92-4ff4-b709-250ea34bb5c2 None None] Hash Ring: Node 6339c4d8-09d1-455e-aba5-1f74b659ed96 (host: ubuntu) handling event "create" for row bea205a8-00e7-4e4d-9eb0-ad4ec0969499 (table: Database) {{(pid=110126) notify /opt/stack/neutron/neutron/plugins/ml2/drivers/ovn/mech_driver/ovsdb/ovsdb_monitor.py:815}}
May 05 19:57:25 ubuntu neutron-server[110127]: DEBUG neutron.plugins.ml2.drivers.ovn.mech_driver.ovsdb.ovsdb_monitor [None req-2f0dde1c-848b-473c-9a06-89539ec1b7fa None None] Hash Ring: Node 35903127-124b-4f3c-aaf9-58c6eb3ec636 (host: ubuntu) handling event "create" for row aedeafb6-f320-4c94-b43f-5b59993b5013 (table: Database) {{(pid=110127) notify /opt/stack/neutron/neutron/plugins/ml2/drivers/ovn/mech_driver/ovsdb/ovsdb_monitor.py:815}}
May 05 19:57:25 ubuntu neutron-server[110126]: DEBUG neutron.plugins.ml2.drivers.ovn.mech_driver.ovsdb.ovsdb_monitor [None req-549ba12b-fe92-4ff4-b709-250ea34bb5c2 None None] Hash Ring: Node 6339c4d8-09d1-455e-aba5-1f74b659ed96 (host: ubuntu) handling event "create" for row 3e76d8ba-e41c-4ba0-8c81-7035e7942162 (table: NB_Global) {{(pid=110126) notify /opt/stack/neutron/neutron/plugins/ml2/drivers/ovn/mech_driver/ovsdb/ovsdb_monitor.py:815}}
May 05 19:57:25 ubuntu neutron-server[110127]: DEBUG neutron.plugins.ml2.drivers.ovn.mech_driver.ovsdb.ovsdb_monitor [None req-2f0dde1c-848b-473c-9a06-89539ec1b7fa None None] Hash Ring: Node 35903127-124b-4f3c-aaf9-58c6eb3ec636 (host: ubuntu) handling event "create" for row 1dbc7e1b-67dc-4ad9-90bf-d8bbe5e8098a (table: Port_Group) {{(pid=110127) notify /opt/stack/neutron/neutron/plugins/ml2/drivers/ovn/mech_driver/ovsdb/ovsdb_monitor.py:815}}
May 05 19:57:25 ubuntu neutron-server[110126]: INFO neutron.plugins.ml2.drivers.ovn.mech_driver.ovsdb.impl_idl_ovn [None req-549ba12b-fe92-4ff4-b709-250ea34bb5c2 None None] Getting OvsdbSbOvnIdl for WorkerService with retry
May 05 19:57:25 ubuntu neutron-server[110127]: DEBUG neutron.plugins.ml2.drivers.ovn.mech_driver.ovsdb.ovsdb_monitor [None req-2f0dde1c-848b-473c-9a06-89539ec1b7fa None None] Hash Ring: Node 35903127-124b-4f3c-aaf9-58c6eb3ec636 (host: ubuntu) handling event "create" for row 07f75e72-ff3f-4619-be03-7885221d5fb2 (table: ACL) {{(pid=110127) notify /opt/stack/neutron/neutron/plugins/ml2/drivers/ovn/mech_driver/ovsdb/ovsdb_monitor.py:815}}
May 05 19:57:25 ubuntu neutron-server[110127]: DEBUG neutron.plugins.ml2.drivers.ovn.mech_driver.ovsdb.ovsdb_monitor [None req-2f0dde1c-848b-473c-9a06-89539ec1b7fa None None] Hash Ring: Node 35903127-124b-4f3c-aaf9-58c6eb3ec636 (host: ubuntu) handling event "create" for row 452fdc63-8beb-4e6b-a0d4-4379813fc2e0 (table: ACL) {{(pid=110127) notify /opt/stack/neutron/neutron/plugins/ml2/drivers/ovn/mech_driver/ovsdb/ovsdb_monitor.py:815}}
May 05 19:57:25 ubuntu neutron-server[110127]: DEBUG neutron.plugins.ml2.drivers.ovn.mech_driver.ovsdb.ovsdb_monitor [None req-2f0dde1c-848b-473c-9a06-89539ec1b7fa None None] Hash Ring: Node 35903127-124b-4f3c-aaf9-58c6eb3ec636 (host: ubuntu) handling event "create" for row 46f4e287-d007-455f-aecd-26e6dd2392b7 (table: Connection) {{(pid=110127) notify /opt/stack/neutron/neutron/plugins/ml2/drivers/ovn/mech_driver/ovsdb/ovsdb_monitor.py:815}}
May 05 19:57:25 ubuntu neutron-server[110127]: INFO neutron.plugins.ml2.drivers.ovn.mech_driver.ovsdb.impl_idl_ovn [None req-2f0dde1c-848b-473c-9a06-89539ec1b7fa None None] Getting OvsdbSbOvnIdl for WorkerService with retry
May 05 19:57:25 ubuntu neutron-server[110126]: DEBUG ovsdbapp.backend.ovs_idl [None req-549ba12b-fe92-4ff4-b709-250ea34bb5c2 None None] Created lookup_table index Chassis.name {{(pid=110126) autocreate_indices /usr/local/lib/python3.8/dist-packages/ovsdbapp/backend/ovs_idl/__init__.py:85}}
May 05 19:57:25 ubuntu neutron-server[110126]: DEBUG ovsdbapp.backend.ovs_idl [None req-549ba12b-fe92-4ff4-b709-250ea34bb5c2 None None] Created schema index Datapath_Binding.tunnel_key {{(pid=110126) autocreate_indices /usr/local/lib/python3.8/dist-packages/ovsdbapp/backend/ovs_idl/__init__.py:104}}
May 05 19:57:25 ubuntu neutron-server[110127]: DEBUG ovsdbapp.backend.ovs_idl [None req-2f0dde1c-848b-473c-9a06-89539ec1b7fa None None] Created lookup_table index Chassis.name {{(pid=110127) autocreate_indices /usr/local/lib/python3.8/dist-packages/ovsdbapp/backend/ovs_idl/__init__.py:85}}
May 05 19:57:25 ubuntu neutron-server[110127]: DEBUG ovsdbapp.backend.ovs_idl [None req-2f0dde1c-848b-473c-9a06-89539ec1b7fa None None] Created schema index Datapath_Binding.tunnel_key {{(pid=110127) autocreate_indices /usr/local/lib/python3.8/dist-packages/ovsdbapp/backend/ovs_idl/__init__.py:104}}
May 05 19:57:25 ubuntu neutron-server[110127]: DEBUG ovsdbapp.backend.ovs_idl [None req-2f0dde1c-848b-473c-9a06-89539ec1b7fa None None] Created schema index Connection.target {{(pid=110127) autocreate_indices /usr/local/lib/python3.8/dist-packages/ovsdbapp/backend/ovs_idl/__init__.py:104}}
May 05 19:57:25 ubuntu neutron-server[110126]: DEBUG ovsdbapp.backend.ovs_idl [None req-549ba12b-fe92-4ff4-b709-250ea34bb5c2 None None] Created schema index Connection.target {{(pid=110126) autocreate_indices /usr/local/lib/python3.8/dist-packages/ovsdbapp/backend/ovs_idl/__init__.py:104}}
May 05 19:57:25 ubuntu neutron-server[110127]: INFO ovsdbapp.backend.ovs_idl.vlog [None req-2f0dde1c-848b-473c-9a06-89539ec1b7fa None None] tcp:192.168.79.46:6642: connecting...
May 05 19:57:25 ubuntu neutron-server[110127]: INFO ovsdbapp.backend.ovs_idl.vlog [None req-2f0dde1c-848b-473c-9a06-89539ec1b7fa None None] tcp:192.168.79.46:6642: connected
May 05 19:57:25 ubuntu neutron-server[110126]: INFO ovsdbapp.backend.ovs_idl.vlog [None req-549ba12b-fe92-4ff4-b709-250ea34bb5c2 None None] tcp:192.168.79.46:6642: connecting...
May 05 19:57:25 ubuntu neutron-server[110126]: INFO ovsdbapp.backend.ovs_idl.vlog [None req-549ba12b-fe92-4ff4-b709-250ea34bb5c2 None None] tcp:192.168.79.46:6642: connected
May 05 19:57:25 ubuntu neutron-server[109914]: DEBUG ovsdbapp.backend.ovs_idl [None req-b9925024-58ef-4875-a0ba-e0bb10500ee7 None None] Created lookup_table index Chassis.name {{(pid=109914) autocreate_indices /usr/local/lib/python3.8/dist-packages/ovsdbapp/backend/ovs_idl/__init__.py:85}}
May 05 19:57:25 ubuntu neutron-server[109914]: DEBUG ovsdbapp.backend.ovs_idl [None req-b9925024-58ef-4875-a0ba-e0bb10500ee7 None None] Created lookup_table index MAC_Binding.ip {{(pid=109914) autocreate_indices /usr/local/lib/python3.8/dist-packages/ovsdbapp/backend/ovs_idl/__init__.py:85}}
May 05 19:57:25 ubuntu neutron-server[109914]: DEBUG ovsdbapp.backend.ovs_idl [None req-b9925024-58ef-4875-a0ba-e0bb10500ee7 None None] Created schema index Meter.name {{(pid=109914) autocreate_indices /usr/local/lib/python3.8/dist-packages/ovsdbapp/backend/ovs_idl/__init__.py:104}}
May 05 19:57:25 ubuntu neutron-server[109914]: DEBUG ovsdbapp.backend.ovs_idl [None req-b9925024-58ef-4875-a0ba-e0bb10500ee7 None None] Created schema index Address_Set.name {{(pid=109914) autocreate_indices /usr/local/lib/python3.8/dist-packages/ovsdbapp/backend/ovs_idl/__init__.py:104}}
May 05 19:57:25 ubuntu neutron-server[109914]: DEBUG ovsdbapp.backend.ovs_idl [None req-b9925024-58ef-4875-a0ba-e0bb10500ee7 None None] Created schema index HA_Chassis_Group.name {{(pid=109914) autocreate_indices /usr/local/lib/python3.8/dist-packages/ovsdbapp/backend/ovs_idl/__init__.py:104}}
May 05 19:57:25 ubuntu neutron-server[109914]: DEBUG ovsdbapp.backend.ovs_idl [None req-b9925024-58ef-4875-a0ba-e0bb10500ee7 None None] Created schema index IP_Multicast.datapath {{(pid=109914) autocreate_indices /usr/local/lib/python3.8/dist-packages/ovsdbapp/backend/ovs_idl/__init__.py:104}}
May 05 19:57:25 ubuntu neutron-server[109914]: DEBUG ovsdbapp.backend.ovs_idl [None req-b9925024-58ef-4875-a0ba-e0bb10500ee7 None None] Created schema index Connection.target {{(pid=109914) autocreate_indices /usr/local/lib/python3.8/dist-packages/ovsdbapp/backend/ovs_idl/__init__.py:104}}
May 05 19:57:25 ubuntu neutron-server[109914]: DEBUG ovsdbapp.backend.ovs_idl [None req-b9925024-58ef-4875-a0ba-e0bb10500ee7 None None] Created schema index Gateway_Chassis.name {{(pid=109914) autocreate_indices /usr/local/lib/python3.8/dist-packages/ovsdbapp/backend/ovs_idl/__init__.py:104}}
May 05 19:57:25 ubuntu neutron-server[109914]: DEBUG ovsdbapp.backend.ovs_idl [None req-b9925024-58ef-4875-a0ba-e0bb10500ee7 None None] Created schema index Port_Group.name {{(pid=109914) autocreate_indices /usr/local/lib/python3.8/dist-packages/ovsdbapp/backend/ovs_idl/__init__.py:104}}
May 05 19:57:25 ubuntu neutron-server[109914]: DEBUG ovsdbapp.backend.ovs_idl [None req-b9925024-58ef-4875-a0ba-e0bb10500ee7 None None] Created schema index Datapath_Binding.tunnel_key {{(pid=109914) autocreate_indices /usr/local/lib/python3.8/dist-packages/ovsdbapp/backend/ovs_idl/__init__.py:104}}
May 05 19:57:25 ubuntu neutron-server[110127]: DEBUG neutron.common.ovn.hash_ring_manager [None req-2f0dde1c-848b-473c-9a06-89539ec1b7fa None None] Allow caching, nodes 2>=2 {{(pid=110127) _wait_startup_before_caching /opt/stack/neutron/neutron/common/ovn/hash_ring_manager.py:60}}
May 05 19:57:25 ubuntu neutron-server[110126]: DEBUG neutron.common.ovn.hash_ring_manager [None req-549ba12b-fe92-4ff4-b709-250ea34bb5c2 None None] Allow caching, nodes 2>=2 {{(pid=110126) _wait_startup_before_caching /opt/stack/neutron/neutron/common/ovn/hash_ring_manager.py:60}}
May 05 19:57:25 ubuntu neutron-server[110127]: DEBUG neutron.plugins.ml2.drivers.ovn.mech_driver.ovsdb.ovsdb_monitor [None req-2f0dde1c-848b-473c-9a06-89539ec1b7fa None None] Hash Ring: Node 35903127-124b-4f3c-aaf9-58c6eb3ec636 (host: ubuntu) handling event "create" for row 2ab85560-247f-4f41-adc2-552a0ed8a0a8 (table: Database) {{(pid=110127) notify /opt/stack/neutron/neutron/plugins/ml2/drivers/ovn/mech_driver/ovsdb/ovsdb_monitor.py:815}}
May 05 19:57:25 ubuntu neutron-server[110127]: DEBUG neutron.plugins.ml2.drivers.ovn.mech_driver.ovsdb.ovsdb_monitor [None req-2f0dde1c-848b-473c-9a06-89539ec1b7fa None None] ChassisAgentWriteEvent : Matched Chassis, create, None None {{(pid=110127) matches /opt/stack/neutron/neutron/plugins/ml2/drivers/ovn/mech_driver/ovsdb/ovsdb_monitor.py:62}}
May 05 19:57:25 ubuntu neutron-server[110127]: DEBUG neutron.plugins.ml2.drivers.ovn.mech_driver.ovsdb.ovsdb_monitor [None req-2f0dde1c-848b-473c-9a06-89539ec1b7fa None None] ChassisMetadataAgentWriteEvent : Matched Chassis, create, None None {{(pid=110127) matches /opt/stack/neutron/neutron/plugins/ml2/drivers/ovn/mech_driver/ovsdb/ovsdb_monitor.py:62}}
May 05 19:57:25 ubuntu neutron-server[110126]: DEBUG neutron.plugins.ml2.drivers.ovn.mech_driver.ovsdb.ovsdb_monitor [None req-549ba12b-fe92-4ff4-b709-250ea34bb5c2 None None] Hash Ring: Node 6339c4d8-09d1-455e-aba5-1f74b659ed96 (host: ubuntu) handling event "create" for row f15f81e8-b6d9-4876-8f8d-46fe18fcd1f4 (table: Database) {{(pid=110126) notify /opt/stack/neutron/neutron/plugins/ml2/drivers/ovn/mech_driver/ovsdb/ovsdb_monitor.py:815}}
May 05 19:57:25 ubuntu neutron-server[110126]: DEBUG neutron.plugins.ml2.drivers.ovn.mech_driver.ovsdb.ovsdb_monitor [None req-549ba12b-fe92-4ff4-b709-250ea34bb5c2 None None] Hash Ring: Node 6339c4d8-09d1-455e-aba5-1f74b659ed96 (host: ubuntu) handling event "create" for row 77e859d0-faab-48eb-adf0-ef191f91026b (table: Encap) {{(pid=110126) notify /opt/stack/neutron/neutron/plugins/ml2/drivers/ovn/mech_driver/ovsdb/ovsdb_monitor.py:815}}
May 05 19:57:25 ubuntu neutron-server[110126]: DEBUG neutron.plugins.ml2.drivers.ovn.mech_driver.ovsdb.ovsdb_monitor [None req-549ba12b-fe92-4ff4-b709-250ea34bb5c2 None None] ChassisAgentWriteEvent : Matched Chassis, create, None None {{(pid=110126) matches /opt/stack/neutron/neutron/plugins/ml2/drivers/ovn/mech_driver/ovsdb/ovsdb_monitor.py:62}}
May 05 19:57:25 ubuntu neutron-server[110126]: DEBUG neutron.plugins.ml2.drivers.ovn.mech_driver.ovsdb.ovsdb_monitor [None req-549ba12b-fe92-4ff4-b709-250ea34bb5c2 None None] ChassisMetadataAgentWriteEvent : Matched Chassis, create, None None {{(pid=110126) matches /opt/stack/neutron/neutron/plugins/ml2/drivers/ovn/mech_driver/ovsdb/ovsdb_monitor.py:62}}
May 05 19:57:25 ubuntu neutron-server[110126]: DEBUG neutron.plugins.ml2.drivers.ovn.mech_driver.ovsdb.ovsdb_monitor [None req-549ba12b-fe92-4ff4-b709-250ea34bb5c2 None None] Hash Ring: Node 6339c4d8-09d1-455e-aba5-1f74b659ed96 (host: ubuntu) handling event "create" for row b3e43d2e-3d0d-4fe9-9eb4-a4cdeeb20a20 (table: Chassis) {{(pid=110126) notify /opt/stack/neutron/neutron/plugins/ml2/drivers/ovn/mech_driver/ovsdb/ovsdb_monitor.py:815}}
May 05 19:57:25 ubuntu neutron-server[110126]: DEBUG neutron.plugins.ml2.drivers.ovn.mech_driver.ovsdb.ovsdb_monitor [None req-549ba12b-fe92-4ff4-b709-250ea34bb5c2 None None] Hash Ring: Node 6339c4d8-09d1-455e-aba5-1f74b659ed96 (host: ubuntu) handling event "create" for row 0719ee0d-03cd-42ee-b656-13396e7a32d5 (table: Connection) {{(pid=110126) notify /opt/stack/neutron/neutron/plugins/ml2/drivers/ovn/mech_driver/ovsdb/ovsdb_monitor.py:815}}
May 05 19:57:25 ubuntu neutron-server[110127]: INFO neutron.wsgi [-] (110127) wsgi starting up on http://0.0.0.0:9696
May 05 19:57:25 ubuntu neutron-server[110126]: INFO neutron.wsgi [-] (110126) wsgi starting up on http://0.0.0.0:9696
May 05 19:57:25 ubuntu neutron-server[110127]: DEBUG neutron.wsgi [-] (110127) accepted ('192.168.79.46', 50910) {{(pid=110127) server /usr/local/lib/python3.8/dist-packages/eventlet/wsgi.py:1004}}
May 05 19:57:25 ubuntu neutron-server[110127]: INFO neutron.wsgi [-] 192.168.79.46 "GET / HTTP/1.1" status: 200  len: 255 time: 0.0059180
May 05 19:57:25 ubuntu neutron-server[109914]: INFO oslo_service.service [None req-b9925024-58ef-4875-a0ba-e0bb10500ee7 None None] Starting 1 workers
May 05 19:57:25 ubuntu neutron-server[109914]: DEBUG oslo_service.service [None req-b9925024-58ef-4875-a0ba-e0bb10500ee7 None None] Started child 110138 {{(pid=109914) _start_child /usr/local/lib/python3.8/dist-packages/oslo_service/service.py:575}}
May 05 19:57:25 ubuntu neutron-server[109914]: INFO oslo_service.service [None req-b9925024-58ef-4875-a0ba-e0bb10500ee7 None None] Starting 1 workers
May 05 19:57:25 ubuntu neutron-server[110138]: DEBUG neutron.service [None req-b9925024-58ef-4875-a0ba-e0bb10500ee7 None None] calling RpcWorker wait() {{(pid=110138) _wait /opt/stack/neutron/neutron/service.py:128}}
May 05 19:57:25 ubuntu neutron-server[110138]: DEBUG neutron.service [None req-b9925024-58ef-4875-a0ba-e0bb10500ee7 None None] returning from RpcWorker wait() {{(pid=110138) _wait /opt/stack/neutron/neutron/service.py:135}}
May 05 19:57:25 ubuntu neutron-server[109914]: DEBUG oslo_service.service [None req-b9925024-58ef-4875-a0ba-e0bb10500ee7 None None] Started child 110142 {{(pid=109914) _start_child /usr/local/lib/python3.8/dist-packages/oslo_service/service.py:575}}
May 05 19:57:25 ubuntu neutron-server[110138]: DEBUG neutron_lib.callbacks.manager [-] Publish callbacks ['neutron.plugins.ml2.drivers.ovn.mech_driver.mech_driver.OVNMechanismDriver.post_fork_initialize-1639185'] for process (None), after_init {{(pid=110138) _notify_loop /usr/local/lib/python3.8/dist-packages/neutron_lib/callbacks/manager.py:176}}
May 05 19:57:25 ubuntu neutron-server[109914]: INFO oslo_service.service [None req-b9925024-58ef-4875-a0ba-e0bb10500ee7 None None] Starting 1 workers
May 05 19:57:25 ubuntu neutron-server[110138]: INFO neutron.plugins.ml2.drivers.ovn.mech_driver.ovsdb.impl_idl_ovn [-] Getting OvsdbNbOvnIdl for RpcWorker with retry
May 05 19:57:25 ubuntu neutron-server[110142]: DEBUG neutron_lib.callbacks.manager [-] Publish callbacks ['neutron.plugins.ml2.drivers.ovn.mech_driver.mech_driver.OVNMechanismDriver.post_fork_initialize-1639185'] for process (None), after_init {{(pid=110142) _notify_loop /usr/local/lib/python3.8/dist-packages/neutron_lib/callbacks/manager.py:176}}
May 05 19:57:25 ubuntu neutron-server[110142]: INFO neutron.plugins.ml2.drivers.ovn.mech_driver.ovsdb.impl_idl_ovn [-] Getting OvsdbNbOvnIdl for MaintenanceWorker with retry
May 05 19:57:25 ubuntu neutron-server[109914]: DEBUG oslo_service.service [None req-b9925024-58ef-4875-a0ba-e0bb10500ee7 None None] Started child 110145 {{(pid=109914) _start_child /usr/local/lib/python3.8/dist-packages/oslo_service/service.py:575}}
May 05 19:57:25 ubuntu neutron-server[109914]: DEBUG neutron_lib.callbacks.manager [None req-b9925024-58ef-4875-a0ba-e0bb10500ee7 None None] Publish callbacks [] for process (None), after_spawn {{(pid=109914) _notify_loop /usr/local/lib/python3.8/dist-packages/neutron_lib/callbacks/manager.py:176}}
May 05 19:57:25 ubuntu neutron-server[110145]: DEBUG neutron_lib.callbacks.manager [-] Publish callbacks ['neutron.plugins.ml2.drivers.ovn.mech_driver.mech_driver.OVNMechanismDriver.post_fork_initialize-1639185'] for process (None), after_init {{(pid=110145) _notify_loop /usr/local/lib/python3.8/dist-packages/neutron_lib/callbacks/manager.py:176}}
May 05 19:57:25 ubuntu neutron-server[109914]: DEBUG oslo_service.service [-] Full set of CONF: {{(pid=109914) wait /usr/local/lib/python3.8/dist-packages/oslo_service/service.py:649}}
May 05 19:57:25 ubuntu neutron-server[109914]: DEBUG oslo_service.service [-] ******************************************************************************** {{(pid=109914) log_opt_values /usr/local/lib/python3.8/dist-packages/oslo_config/cfg.py:2589}}
