Aug 04 01:54:51 ubuntu devstack@g-api.service[145772]: INFO glance.location [None req-a3c39670-6186-43ef-bda7-975494c3b5a0 admin admin] Image format matched and virtual size computed: 117440512
Aug 04 01:54:51 ubuntu devstack@g-api.service[145772]: DEBUG glance_store.backend [None req-a3c39670-6186-43ef-bda7-975494c3b5a0 admin admin] Attempting to import store swift {{(pid=145772) _load_store /usr/local/lib/python3.8/dist-packages/glance_store/backend.py:216}}
Aug 04 01:54:51 ubuntu devstack@g-api.service[145772]: DEBUG glance_store.capabilities [None req-a3c39670-6186-43ef-bda7-975494c3b5a0 admin admin] Store glance_store._drivers.swift.store.SingleTenantStore doesn't support updating dynamic storage capabilities. Please overwrite 'update_capabilities' method of the store to implement updating logics if needed. {{(pid=145772) update_capabilities /usr/local/lib/python3.8/dist-packages/glance_store/capabilities.py:91}}
Aug 04 01:54:51 ubuntu devstack@g-api.service[145772]: DEBUG glance_store.driver [None req-a3c39670-6186-43ef-bda7-975494c3b5a0 admin admin] Late loading location class glance_store._drivers.swift.store.StoreLocation {{(pid=145772) get_store_location_class /usr/local/lib/python3.8/dist-packages/glance_store/driver.py:116}}
Aug 04 01:54:51 ubuntu devstack@g-api.service[145772]: DEBUG glance_store.location [None req-a3c39670-6186-43ef-bda7-975494c3b5a0 admin admin] Registering scheme swift+https with {'store': <glance_store._drivers.swift.store.SingleTenantStore object at 0x7f08bf69ed30>, 'location_class': <class 'glance_store._drivers.swift.store.StoreLocation'>, 'store_entry': 'swift'} {{(pid=145772) register_scheme_map /usr/local/lib/python3.8/dist-packages/glance_store/location.py:146}}
Aug 04 01:54:51 ubuntu devstack@g-api.service[145772]: DEBUG glance_store.location [None req-a3c39670-6186-43ef-bda7-975494c3b5a0 admin admin] Registering scheme swift+https with {'store': <glance_store._drivers.swift.store.SingleTenantStore object at 0x7f08bf69ed30>, 'location_class': <class 'glance_store._drivers.swift.store.StoreLocation'>, 'store_entry': 'swift'} {{(pid=145772) register_scheme_map /usr/local/lib/python3.8/dist-packages/glance_store/location.py:146}}
Aug 04 01:54:51 ubuntu devstack@g-api.service[145772]: DEBUG glance_store.location [None req-a3c39670-6186-43ef-bda7-975494c3b5a0 admin admin] Registering scheme swift with {'store': <glance_store._drivers.swift.store.SingleTenantStore object at 0x7f08bf69ed30>, 'location_class': <class 'glance_store._drivers.swift.store.StoreLocation'>, 'store_entry': 'swift'} {{(pid=145772) register_scheme_map /usr/local/lib/python3.8/dist-packages/glance_store/location.py:146}}
Aug 04 01:54:51 ubuntu devstack@g-api.service[145772]: DEBUG glance_store.location [None req-a3c39670-6186-43ef-bda7-975494c3b5a0 admin admin] Registering scheme swift+https with {'store': <glance_store._drivers.swift.store.SingleTenantStore object at 0x7f08bf69ed30>, 'location_class': <class 'glance_store._drivers.swift.store.StoreLocation'>, 'store_entry': 'swift'} {{(pid=145772) register_scheme_map /usr/local/lib/python3.8/dist-packages/glance_store/location.py:146}}
Aug 04 01:54:51 ubuntu devstack@g-api.service[145772]: DEBUG glance_store.location [None req-a3c39670-6186-43ef-bda7-975494c3b5a0 admin admin] Registering scheme swift with {'store': <glance_store._drivers.swift.store.SingleTenantStore object at 0x7f08bf69ed30>, 'location_class': <class 'glance_store._drivers.swift.store.StoreLocation'>, 'store_entry': 'swift'} {{(pid=145772) register_scheme_map /usr/local/lib/python3.8/dist-packages/glance_store/location.py:146}}
Aug 04 01:54:51 ubuntu devstack@g-api.service[145772]: DEBUG glance_store.location [None req-a3c39670-6186-43ef-bda7-975494c3b5a0 admin admin] Registering scheme swift+http with {'store': <glance_store._drivers.swift.store.SingleTenantStore object at 0x7f08bf69ed30>, 'location_class': <class 'glance_store._drivers.swift.store.StoreLocation'>, 'store_entry': 'swift'} {{(pid=145772) register_scheme_map /usr/local/lib/python3.8/dist-packages/glance_store/location.py:146}}
Aug 04 01:54:51 ubuntu devstack@g-api.service[145772]: DEBUG glance_store.location [None req-a3c39670-6186-43ef-bda7-975494c3b5a0 admin admin] Registering scheme swift+https with {'store': <glance_store._drivers.swift.store.SingleTenantStore object at 0x7f08bf69ed30>, 'location_class': <class 'glance_store._drivers.swift.store.StoreLocation'>, 'store_entry': 'swift'} {{(pid=145772) register_scheme_map /usr/local/lib/python3.8/dist-packages/glance_store/location.py:146}}
Aug 04 01:54:51 ubuntu devstack@g-api.service[145772]: DEBUG glance_store.location [None req-a3c39670-6186-43ef-bda7-975494c3b5a0 admin admin] Registering scheme swift with {'store': <glance_store._drivers.swift.store.SingleTenantStore object at 0x7f08bf69ed30>, 'location_class': <class 'glance_store._drivers.swift.store.StoreLocation'>, 'store_entry': 'swift'} {{(pid=145772) register_scheme_map /usr/local/lib/python3.8/dist-packages/glance_store/location.py:146}}
Aug 04 01:54:51 ubuntu devstack@g-api.service[145772]: DEBUG glance_store.location [None req-a3c39670-6186-43ef-bda7-975494c3b5a0 admin admin] Registering scheme swift+http with {'store': <glance_store._drivers.swift.store.SingleTenantStore object at 0x7f08bf69ed30>, 'location_class': <class 'glance_store._drivers.swift.store.StoreLocation'>, 'store_entry': 'swift'} {{(pid=145772) register_scheme_map /usr/local/lib/python3.8/dist-packages/glance_store/location.py:146}}
Aug 04 01:54:51 ubuntu devstack@g-api.service[145772]: DEBUG glance_store.location [None req-a3c39670-6186-43ef-bda7-975494c3b5a0 admin admin] Registering scheme swift+config with {'store': <glance_store._drivers.swift.store.SingleTenantStore object at 0x7f08bf69ed30>, 'location_class': <class 'glance_store._drivers.swift.store.StoreLocation'>, 'store_entry': 'swift'} {{(pid=145772) register_scheme_map /usr/local/lib/python3.8/dist-packages/glance_store/location.py:146}}
Aug 04 01:54:51 ubuntu devstack@g-api.service[145772]: DEBUG glance_store.backend [None req-a3c39670-6186-43ef-bda7-975494c3b5a0 admin admin] Skipping store.set_acls... not implemented. {{(pid=145772) set_acls /usr/local/lib/python3.8/dist-packages/glance_store/backend.py:508}}
Aug 04 01:54:51 ubuntu devstack@g-api.service[145772]: [pid: 145772|app: 0|req: 3/4] 127.0.0.1 () {40 vars in 863 bytes} [Thu Aug  4 01:54:48 2022] PUT /v2/images/fb76d7b7-4cf6-44f7-8d33-0a633d016145/file => generated 0 bytes in 2520 msecs (HTTP/1.1 204) 4 headers in 171 bytes (1 switches on core 0)
Aug 04 01:54:58 ubuntu devstack@g-api.service[145771]: DEBUG dbcounter [-] [145771] Writing DB stats glance:SELECT=9,glance:INSERT=5 {{(pid=145771) stat_writer /usr/local/lib/python3.8/dist-packages/dbcounter.py:114}}
Aug 04 01:55:01 ubuntu devstack@g-api.service[145772]: DEBUG dbcounter [-] [145772] Writing DB stats glance:SELECT=28,glance:UPDATE=2,glance:INSERT=1 {{(pid=145772) stat_writer /usr/local/lib/python3.8/dist-packages/dbcounter.py:114}}
Aug 04 01:55:35 ubuntu devstack@g-api.service[145771]: DEBUG glance.api.middleware.version_negotiation [None req-48024bd9-a22c-46fb-9517-5644f85e3e0a admin admin] Determining version of request: GET / Accept: application/json {{(pid=145771) process_request /opt/stack/glance/glance/api/middleware/version_negotiation.py:44}}
Aug 04 01:55:35 ubuntu devstack@g-api.service[145771]: DEBUG glance.api.middleware.version_negotiation [None req-48024bd9-a22c-46fb-9517-5644f85e3e0a admin admin] Using url versioning {{(pid=145771) process_request /opt/stack/glance/glance/api/middleware/version_negotiation.py:57}}
Aug 04 01:55:35 ubuntu devstack@g-api.service[145771]: DEBUG glance.api.middleware.version_negotiation [None req-48024bd9-a22c-46fb-9517-5644f85e3e0a admin admin] Unknown version. Returning version choices. {{(pid=145771) process_request /opt/stack/glance/glance/api/middleware/version_negotiation.py:64}}
Aug 04 01:55:35 ubuntu devstack@g-api.service[145771]: [pid: 145771|app: 0|req: 2/5] 127.0.0.1 () {34 vars in 507 bytes} [Thu Aug  4 01:55:35 2022] GET / => generated 1323 bytes in 5 msecs (HTTP/1.1 300) 3 headers in 106 bytes (1 switches on core 0)
Aug 04 01:55:35 ubuntu devstack@g-api.service[145772]: DEBUG glance.api.middleware.version_negotiation [None req-a3c39670-6186-43ef-bda7-975494c3b5a0 admin admin] Determining version of request: GET /v2/images Accept: application/json {{(pid=145772) process_request /opt/stack/glance/glance/api/middleware/version_negotiation.py:44}}
Aug 04 01:55:35 ubuntu devstack@g-api.service[145772]: DEBUG glance.api.middleware.version_negotiation [None req-a3c39670-6186-43ef-bda7-975494c3b5a0 admin admin] Using url versioning {{(pid=145772) process_request /opt/stack/glance/glance/api/middleware/version_negotiation.py:57}}
Aug 04 01:55:35 ubuntu devstack@g-api.service[145772]: DEBUG glance.api.middleware.version_negotiation [None req-a3c39670-6186-43ef-bda7-975494c3b5a0 admin admin] Matched version: v2 {{(pid=145772) process_request /opt/stack/glance/glance/api/middleware/version_negotiation.py:69}}
Aug 04 01:55:35 ubuntu devstack@g-api.service[145772]: DEBUG glance.api.middleware.version_negotiation [None req-a3c39670-6186-43ef-bda7-975494c3b5a0 admin admin] new path /v2/images {{(pid=145772) process_request /opt/stack/glance/glance/api/middleware/version_negotiation.py:70}}
Aug 04 01:55:36 ubuntu devstack@g-api.service[145772]: [pid: 145772|app: 0|req: 4/6] 127.0.0.1 () {36 vars in 729 bytes} [Thu Aug  4 01:55:35 2022] GET /v2/images => generated 1045 bytes in 558 msecs (HTTP/1.1 200) 4 headers in 158 bytes (1 switches on core 0)
Aug 04 01:55:42 ubuntu devstack@g-api.service[145771]: DEBUG glance.api.middleware.version_negotiation [None req-48024bd9-a22c-46fb-9517-5644f85e3e0a admin admin] Determining version of request: GET / Accept: application/json {{(pid=145771) process_request /opt/stack/glance/glance/api/middleware/version_negotiation.py:44}}
Aug 04 01:55:42 ubuntu devstack@g-api.service[145771]: DEBUG glance.api.middleware.version_negotiation [None req-48024bd9-a22c-46fb-9517-5644f85e3e0a admin admin] Using url versioning {{(pid=145771) process_request /opt/stack/glance/glance/api/middleware/version_negotiation.py:57}}
Aug 04 01:55:42 ubuntu devstack@g-api.service[145771]: DEBUG glance.api.middleware.version_negotiation [None req-48024bd9-a22c-46fb-9517-5644f85e3e0a admin admin] Unknown version. Returning version choices. {{(pid=145771) process_request /opt/stack/glance/glance/api/middleware/version_negotiation.py:64}}
Aug 04 01:55:42 ubuntu devstack@g-api.service[145771]: [pid: 145771|app: 0|req: 3/7] 127.0.0.1 () {34 vars in 507 bytes} [Thu Aug  4 01:55:42 2022] GET / => generated 1323 bytes in 3 msecs (HTTP/1.1 300) 3 headers in 106 bytes (1 switches on core 0)
Aug 04 01:55:42 ubuntu devstack@g-api.service[145772]: DEBUG glance.api.middleware.version_negotiation [None req-8b16a2fe-1381-4ab8-ae8f-62ed3a90b8ee admin admin] Determining version of request: GET /v2/images/fb76d7b7-4cf6-44f7-8d33-0a633d016145 Accept: */* {{(pid=145772) process_request /opt/stack/glance/glance/api/middleware/version_negotiation.py:44}}
Aug 04 01:55:42 ubuntu devstack@g-api.service[145772]: DEBUG glance.api.middleware.version_negotiation [None req-8b16a2fe-1381-4ab8-ae8f-62ed3a90b8ee admin admin] Using url versioning {{(pid=145772) process_request /opt/stack/glance/glance/api/middleware/version_negotiation.py:57}}
Aug 04 01:55:42 ubuntu devstack@g-api.service[145772]: DEBUG glance.api.middleware.version_negotiation [None req-8b16a2fe-1381-4ab8-ae8f-62ed3a90b8ee admin admin] Matched version: v2 {{(pid=145772) process_request /opt/stack/glance/glance/api/middleware/version_negotiation.py:69}}
Aug 04 01:55:42 ubuntu devstack@g-api.service[145772]: DEBUG glance.api.middleware.version_negotiation [None req-8b16a2fe-1381-4ab8-ae8f-62ed3a90b8ee admin admin] new path /v2/images/fb76d7b7-4cf6-44f7-8d33-0a633d016145 {{(pid=145772) process_request /opt/stack/glance/glance/api/middleware/version_negotiation.py:70}}
Aug 04 01:55:43 ubuntu devstack@g-api.service[145772]: [pid: 145772|app: 0|req: 5/8] 127.0.0.1 () {36 vars in 790 bytes} [Thu Aug  4 01:55:42 2022] GET /v2/images/fb76d7b7-4cf6-44f7-8d33-0a633d016145 => generated 976 bytes in 338 msecs (HTTP/1.1 200) 4 headers in 157 bytes (1 switches on core 0)
Aug 04 01:55:47 ubuntu devstack@g-api.service[145771]: DEBUG glance.api.middleware.version_negotiation [None req-48024bd9-a22c-46fb-9517-5644f85e3e0a admin admin] Determining version of request: GET / Accept: application/json {{(pid=145771) process_request /opt/stack/glance/glance/api/middleware/version_negotiation.py:44}}
Aug 04 01:55:47 ubuntu devstack@g-api.service[145771]: DEBUG glance.api.middleware.version_negotiation [None req-48024bd9-a22c-46fb-9517-5644f85e3e0a admin admin] Using url versioning {{(pid=145771) process_request /opt/stack/glance/glance/api/middleware/version_negotiation.py:57}}
Aug 04 01:55:47 ubuntu devstack@g-api.service[145771]: DEBUG glance.api.middleware.version_negotiation [None req-48024bd9-a22c-46fb-9517-5644f85e3e0a admin admin] Unknown version. Returning version choices. {{(pid=145771) process_request /opt/stack/glance/glance/api/middleware/version_negotiation.py:64}}
Aug 04 01:55:47 ubuntu devstack@g-api.service[145771]: [pid: 145771|app: 0|req: 4/9] 127.0.0.1 () {34 vars in 507 bytes} [Thu Aug  4 01:55:47 2022] GET / => generated 1323 bytes in 5 msecs (HTTP/1.1 300) 3 headers in 106 bytes (1 switches on core 0)
Aug 04 01:55:47 ubuntu devstack@g-api.service[145772]: DEBUG glance.api.middleware.version_negotiation [None req-5884cab8-cd10-4572-91b7-5fc2718c4c0c admin admin] Determining version of request: GET /v2/images/fb76d7b7-4cf6-44f7-8d33-0a633d016145 Accept: */* {{(pid=145772) process_request /opt/stack/glance/glance/api/middleware/version_negotiation.py:44}}
Aug 04 01:55:47 ubuntu devstack@g-api.service[145772]: DEBUG glance.api.middleware.version_negotiation [None req-5884cab8-cd10-4572-91b7-5fc2718c4c0c admin admin] Using url versioning {{(pid=145772) process_request /opt/stack/glance/glance/api/middleware/version_negotiation.py:57}}
Aug 04 01:55:47 ubuntu devstack@g-api.service[145772]: DEBUG glance.api.middleware.version_negotiation [None req-5884cab8-cd10-4572-91b7-5fc2718c4c0c admin admin] Matched version: v2 {{(pid=145772) process_request /opt/stack/glance/glance/api/middleware/version_negotiation.py:69}}
Aug 04 01:55:47 ubuntu devstack@g-api.service[145772]: DEBUG glance.api.middleware.version_negotiation [None req-5884cab8-cd10-4572-91b7-5fc2718c4c0c admin admin] new path /v2/images/fb76d7b7-4cf6-44f7-8d33-0a633d016145 {{(pid=145772) process_request /opt/stack/glance/glance/api/middleware/version_negotiation.py:70}}
Aug 04 01:55:48 ubuntu devstack@g-api.service[145772]: [pid: 145772|app: 0|req: 6/10] 127.0.0.1 () {36 vars in 790 bytes} [Thu Aug  4 01:55:47 2022] GET /v2/images/fb76d7b7-4cf6-44f7-8d33-0a633d016145 => generated 976 bytes in 326 msecs (HTTP/1.1 200) 4 headers in 157 bytes (1 switches on core 0)
Aug 04 01:55:58 ubuntu devstack@g-api.service[145772]: DEBUG dbcounter [-] [145772] Writing DB stats glance:SELECT=10 {{(pid=145772) stat_writer /usr/local/lib/python3.8/dist-packages/dbcounter.py:114}}
Aug 04 01:57:54 ubuntu devstack@g-api.service[145771]: DEBUG glance.api.middleware.version_negotiation [None req-48024bd9-a22c-46fb-9517-5644f85e3e0a admin admin] Determining version of request: GET /v1 Accept: application/json {{(pid=145771) process_request /opt/stack/glance/glance/api/middleware/version_negotiation.py:44}}
Aug 04 01:57:54 ubuntu devstack@g-api.service[145771]: DEBUG glance.api.middleware.version_negotiation [None req-48024bd9-a22c-46fb-9517-5644f85e3e0a admin admin] Using url versioning {{(pid=145771) process_request /opt/stack/glance/glance/api/middleware/version_negotiation.py:57}}
Aug 04 01:57:54 ubuntu devstack@g-api.service[145771]: DEBUG glance.api.middleware.version_negotiation [None req-48024bd9-a22c-46fb-9517-5644f85e3e0a admin admin] Unknown version. Returning version choices. {{(pid=145771) process_request /opt/stack/glance/glance/api/middleware/version_negotiation.py:64}}
Aug 04 01:57:54 ubuntu devstack@g-api.service[145771]: [pid: 145771|app: 0|req: 5/11] 127.0.0.1 () {38 vars in 686 bytes} [Thu Aug  4 01:57:54 2022] GET /v1 => generated 1323 bytes in 4 msecs (HTTP/1.1 300) 3 headers in 106 bytes (1 switches on core 0)
Aug 04 02:00:55 ubuntu devstack@g-api.service[145772]: DEBUG glance.api.middleware.version_negotiation [None req-26bc6ae9-e6fe-4474-979b-952f7d1ade6e admin admin] Determining version of request: GET /versions Accept: */* {{(pid=145772) process_request /opt/stack/glance/glance/api/middleware/version_negotiation.py:44}}
Aug 04 02:00:55 ubuntu devstack@g-api.service[145772]: [pid: 145772|app: 0|req: 7/12] 127.0.0.1 () {38 vars in 695 bytes} [Thu Aug  4 02:00:55 2022] GET /versions => generated 1323 bytes in 5 msecs (HTTP/1.1 200) 3 headers in 92 bytes (1 switches on core 0)
Aug 04 02:00:55 ubuntu devstack@g-api.service[145771]: DEBUG glance.api.middleware.version_negotiation [None req-48024bd9-a22c-46fb-9517-5644f85e3e0a admin admin] Determining version of request: GET /v2/schemas/image Accept: */* {{(pid=145771) process_request /opt/stack/glance/glance/api/middleware/version_negotiation.py:44}}
Aug 04 02:00:55 ubuntu devstack@g-api.service[145771]: DEBUG glance.api.middleware.version_negotiation [None req-48024bd9-a22c-46fb-9517-5644f85e3e0a admin admin] Using url versioning {{(pid=145771) process_request /opt/stack/glance/glance/api/middleware/version_negotiation.py:57}}
Aug 04 02:00:55 ubuntu devstack@g-api.service[145771]: DEBUG glance.api.middleware.version_negotiation [None req-48024bd9-a22c-46fb-9517-5644f85e3e0a admin admin] Matched version: v2 {{(pid=145771) process_request /opt/stack/glance/glance/api/middleware/version_negotiation.py:69}}
Aug 04 02:00:55 ubuntu devstack@g-api.service[145771]: DEBUG glance.api.middleware.version_negotiation [None req-48024bd9-a22c-46fb-9517-5644f85e3e0a admin admin] new path /v2/schemas/image {{(pid=145771) process_request /opt/stack/glance/glance/api/middleware/version_negotiation.py:70}}
Aug 04 02:00:55 ubuntu devstack@g-api.service[145771]: [pid: 145771|app: 0|req: 6/13] 127.0.0.1 () {38 vars in 711 bytes} [Thu Aug  4 02:00:55 2022] GET /v2/schemas/image => generated 6083 bytes in 118 msecs (HTTP/1.1 200) 4 headers in 158 bytes (1 switches on core 0)
Aug 04 02:00:55 ubuntu devstack@g-api.service[145772]: DEBUG glance.api.middleware.version_negotiation [None req-26bc6ae9-e6fe-4474-979b-952f7d1ade6e admin admin] Determining version of request: GET /v2/schemas/metadefs/namespace Accept: */* {{(pid=145772) process_request /opt/stack/glance/glance/api/middleware/version_negotiation.py:44}}
Aug 04 02:00:55 ubuntu devstack@g-api.service[145772]: DEBUG glance.api.middleware.version_negotiation [None req-26bc6ae9-e6fe-4474-979b-952f7d1ade6e admin admin] Using url versioning {{(pid=145772) process_request /opt/stack/glance/glance/api/middleware/version_negotiation.py:57}}
Aug 04 02:00:55 ubuntu devstack@g-api.service[145772]: DEBUG glance.api.middleware.version_negotiation [None req-26bc6ae9-e6fe-4474-979b-952f7d1ade6e admin admin] Matched version: v2 {{(pid=145772) process_request /opt/stack/glance/glance/api/middleware/version_negotiation.py:69}}
Aug 04 02:00:55 ubuntu devstack@g-api.service[145772]: DEBUG glance.api.middleware.version_negotiation [None req-26bc6ae9-e6fe-4474-979b-952f7d1ade6e admin admin] new path /v2/schemas/metadefs/namespace {{(pid=145772) process_request /opt/stack/glance/glance/api/middleware/version_negotiation.py:70}}
Aug 04 02:00:55 ubuntu devstack@g-api.service[145772]: [pid: 145772|app: 0|req: 8/14] 127.0.0.1 () {38 vars in 737 bytes} [Thu Aug  4 02:00:55 2022] GET /v2/schemas/metadefs/namespace => generated 3100 bytes in 9 msecs (HTTP/1.1 200) 4 headers in 158 bytes (1 switches on core 0)
Aug 04 02:00:55 ubuntu devstack@g-api.service[145771]: DEBUG glance.api.middleware.version_negotiation [None req-9fcfd924-cf2c-4a6c-a31f-ae381ebd2f4b admin admin] Determining version of request: GET /v2/schemas/metadefs/resource_type Accept: */* {{(pid=145771) process_request /opt/stack/glance/glance/api/middleware/version_negotiation.py:44}}
Aug 04 02:00:55 ubuntu devstack@g-api.service[145771]: DEBUG glance.api.middleware.version_negotiation [None req-9fcfd924-cf2c-4a6c-a31f-ae381ebd2f4b admin admin] Using url versioning {{(pid=145771) process_request /opt/stack/glance/glance/api/middleware/version_negotiation.py:57}}
Aug 04 02:00:55 ubuntu devstack@g-api.service[145771]: DEBUG glance.api.middleware.version_negotiation [None req-9fcfd924-cf2c-4a6c-a31f-ae381ebd2f4b admin admin] Matched version: v2 {{(pid=145771) process_request /opt/stack/glance/glance/api/middleware/version_negotiation.py:69}}
Aug 04 02:00:55 ubuntu devstack@g-api.service[145771]: DEBUG glance.api.middleware.version_negotiation [None req-9fcfd924-cf2c-4a6c-a31f-ae381ebd2f4b admin admin] new path /v2/schemas/metadefs/resource_type {{(pid=145771) process_request /opt/stack/glance/glance/api/middleware/version_negotiation.py:70}}
Aug 04 02:00:55 ubuntu devstack@g-api.service[145771]: [pid: 145771|app: 0|req: 7/15] 127.0.0.1 () {38 vars in 745 bytes} [Thu Aug  4 02:00:55 2022] GET /v2/schemas/metadefs/resource_type => generated 1260 bytes in 6 msecs (HTTP/1.1 200) 4 headers in 158 bytes (1 switches on core 0)
Aug 04 02:00:55 ubuntu devstack@g-api.service[145772]: DEBUG glance.api.middleware.version_negotiation [None req-372b9f8c-60cc-4a53-acbe-6ed3b7f84b51 admin admin] Determining version of request: GET /v2/images Accept: */* {{(pid=145772) process_request /opt/stack/glance/glance/api/middleware/version_negotiation.py:44}}
Aug 04 02:00:55 ubuntu devstack@g-api.service[145772]: DEBUG glance.api.middleware.version_negotiation [None req-372b9f8c-60cc-4a53-acbe-6ed3b7f84b51 admin admin] Using url versioning {{(pid=145772) process_request /opt/stack/glance/glance/api/middleware/version_negotiation.py:57}}
Aug 04 02:00:55 ubuntu devstack@g-api.service[145772]: DEBUG glance.api.middleware.version_negotiation [None req-372b9f8c-60cc-4a53-acbe-6ed3b7f84b51 admin admin] Matched version: v2 {{(pid=145772) process_request /opt/stack/glance/glance/api/middleware/version_negotiation.py:69}}
Aug 04 02:00:55 ubuntu devstack@g-api.service[145772]: DEBUG glance.api.middleware.version_negotiation [None req-372b9f8c-60cc-4a53-acbe-6ed3b7f84b51 admin admin] new path /v2/images {{(pid=145772) process_request /opt/stack/glance/glance/api/middleware/version_negotiation.py:70}}
Aug 04 02:00:55 ubuntu devstack@g-api.service[145772]: [pid: 145772|app: 0|req: 9/16] 127.0.0.1 () {38 vars in 768 bytes} [Thu Aug  4 02:00:55 2022] GET /v2/images?limit=20&sort_key=name&sort_dir=asc => generated 1081 bytes in 109 msecs (HTTP/1.1 200) 4 headers in 158 bytes (1 switches on core 0)
Aug 04 02:00:55 ubuntu devstack@g-api.service[145771]: DEBUG glance.api.middleware.version_negotiation [None req-980c3a5f-bd35-47f6-9cba-2acae778e82c admin admin] Determining version of request: GET /v2/schemas/image Accept: */* {{(pid=145771) process_request /opt/stack/glance/glance/api/middleware/version_negotiation.py:44}}
Aug 04 02:00:55 ubuntu devstack@g-api.service[145771]: DEBUG glance.api.middleware.version_negotiation [None req-980c3a5f-bd35-47f6-9cba-2acae778e82c admin admin] Using url versioning {{(pid=145771) process_request /opt/stack/glance/glance/api/middleware/version_negotiation.py:57}}
Aug 04 02:00:55 ubuntu devstack@g-api.service[145771]: DEBUG glance.api.middleware.version_negotiation [None req-980c3a5f-bd35-47f6-9cba-2acae778e82c admin admin] Matched version: v2 {{(pid=145771) process_request /opt/stack/glance/glance/api/middleware/version_negotiation.py:69}}
Aug 04 02:00:55 ubuntu devstack@g-api.service[145771]: DEBUG glance.api.middleware.version_negotiation [None req-980c3a5f-bd35-47f6-9cba-2acae778e82c admin admin] new path /v2/schemas/image {{(pid=145771) process_request /opt/stack/glance/glance/api/middleware/version_negotiation.py:70}}
Aug 04 02:00:55 ubuntu devstack@g-api.service[145771]: [pid: 145771|app: 0|req: 8/17] 127.0.0.1 () {38 vars in 711 bytes} [Thu Aug  4 02:00:55 2022] GET /v2/schemas/image => generated 6083 bytes in 10 msecs (HTTP/1.1 200) 4 headers in 158 bytes (1 switches on core 0)
Aug 04 02:01:05 ubuntu devstack@g-api.service[145772]: DEBUG dbcounter [-] [145772] Writing DB stats glance:SELECT=2 {{(pid=145772) stat_writer /usr/local/lib/python3.8/dist-packages/dbcounter.py:114}}
Aug 04 02:01:09 ubuntu devstack@g-api.service[145772]: DEBUG glance.api.middleware.version_negotiation [None req-10ec6f42-14a6-47b7-847e-d50522492284 admin admin] Determining version of request: GET / Accept: application/json {{(pid=145772) process_request /opt/stack/glance/glance/api/middleware/version_negotiation.py:44}}
Aug 04 02:01:09 ubuntu devstack@g-api.service[145772]: DEBUG glance.api.middleware.version_negotiation [None req-10ec6f42-14a6-47b7-847e-d50522492284 admin admin] Using url versioning {{(pid=145772) process_request /opt/stack/glance/glance/api/middleware/version_negotiation.py:57}}
Aug 04 02:01:09 ubuntu devstack@g-api.service[145772]: DEBUG glance.api.middleware.version_negotiation [None req-10ec6f42-14a6-47b7-847e-d50522492284 admin admin] Unknown version. Returning version choices. {{(pid=145772) process_request /opt/stack/glance/glance/api/middleware/version_negotiation.py:64}}
Aug 04 02:01:09 ubuntu devstack@g-api.service[145772]: [pid: 145772|app: 0|req: 10/18] 127.0.0.1 () {34 vars in 492 bytes} [Thu Aug  4 02:01:09 2022] GET / => generated 1323 bytes in 3 msecs (HTTP/1.1 300) 3 headers in 106 bytes (1 switches on core 0)
Aug 04 02:01:09 ubuntu devstack@g-api.service[145771]: DEBUG glance.api.middleware.version_negotiation [None req-1bb28dcc-c0bf-41b2-adf1-15f982dd5ef3 admin admin] Determining version of request: GET /v2/images/fb76d7b7-4cf6-44f7-8d33-0a633d016145 Accept: */* {{(pid=145771) process_request /opt/stack/glance/glance/api/middleware/version_negotiation.py:44}}
Aug 04 02:01:09 ubuntu devstack@g-api.service[145771]: DEBUG glance.api.middleware.version_negotiation [None req-1bb28dcc-c0bf-41b2-adf1-15f982dd5ef3 admin admin] Using url versioning {{(pid=145771) process_request /opt/stack/glance/glance/api/middleware/version_negotiation.py:57}}
Aug 04 02:01:09 ubuntu devstack@g-api.service[145771]: DEBUG glance.api.middleware.version_negotiation [None req-1bb28dcc-c0bf-41b2-adf1-15f982dd5ef3 admin admin] Matched version: v2 {{(pid=145771) process_request /opt/stack/glance/glance/api/middleware/version_negotiation.py:69}}
Aug 04 02:01:09 ubuntu devstack@g-api.service[145771]: DEBUG glance.api.middleware.version_negotiation [None req-1bb28dcc-c0bf-41b2-adf1-15f982dd5ef3 admin admin] new path /v2/images/fb76d7b7-4cf6-44f7-8d33-0a633d016145 {{(pid=145771) process_request /opt/stack/glance/glance/api/middleware/version_negotiation.py:70}}
Aug 04 02:01:09 ubuntu devstack@g-api.service[145771]: WARNING keystonemiddleware.auth_token [None req-1bb28dcc-c0bf-41b2-adf1-15f982dd5ef3 admin admin] A valid token was submitted as a service token, but it was not a valid service token. This is incorrect but backwards compatible behaviour. This will be removed in future releases.
Aug 04 02:01:09 ubuntu devstack@g-api.service[145771]: [pid: 145771|app: 0|req: 9/19] 127.0.0.1 () {42 vars in 1049 bytes} [Thu Aug  4 02:01:09 2022] GET /v2/images/fb76d7b7-4cf6-44f7-8d33-0a633d016145 => generated 976 bytes in 106 msecs (HTTP/1.1 200) 4 headers in 157 bytes (1 switches on core 0)
Aug 04 02:01:09 ubuntu devstack@g-api.service[145772]: DEBUG glance.api.middleware.version_negotiation [None req-10ec6f42-14a6-47b7-847e-d50522492284 admin admin] Determining version of request: GET /v2/schemas/image Accept: */* {{(pid=145772) process_request /opt/stack/glance/glance/api/middleware/version_negotiation.py:44}}
Aug 04 02:01:09 ubuntu devstack@g-api.service[145772]: DEBUG glance.api.middleware.version_negotiation [None req-10ec6f42-14a6-47b7-847e-d50522492284 admin admin] Using url versioning {{(pid=145772) process_request /opt/stack/glance/glance/api/middleware/version_negotiation.py:57}}
Aug 04 02:01:09 ubuntu devstack@g-api.service[145772]: DEBUG glance.api.middleware.version_negotiation [None req-10ec6f42-14a6-47b7-847e-d50522492284 admin admin] Matched version: v2 {{(pid=145772) process_request /opt/stack/glance/glance/api/middleware/version_negotiation.py:69}}
Aug 04 02:01:09 ubuntu devstack@g-api.service[145772]: DEBUG glance.api.middleware.version_negotiation [None req-10ec6f42-14a6-47b7-847e-d50522492284 admin admin] new path /v2/schemas/image {{(pid=145772) process_request /opt/stack/glance/glance/api/middleware/version_negotiation.py:70}}
Aug 04 02:01:09 ubuntu devstack@g-api.service[145772]: WARNING keystonemiddleware.auth_token [None req-10ec6f42-14a6-47b7-847e-d50522492284 admin admin] A valid token was submitted as a service token, but it was not a valid service token. This is incorrect but backwards compatible behaviour. This will be removed in future releases.
Aug 04 02:01:09 ubuntu devstack@g-api.service[145772]: [pid: 145772|app: 0|req: 11/20] 127.0.0.1 () {42 vars in 989 bytes} [Thu Aug  4 02:01:09 2022] GET /v2/schemas/image => generated 6083 bytes in 9 msecs (HTTP/1.1 200) 4 headers in 158 bytes (1 switches on core 0)
Aug 04 02:01:11 ubuntu devstack@g-api.service[145771]: DEBUG glance.api.middleware.version_negotiation [None req-ad614d4a-9966-42b4-8b99-8a7b447f48cd tempest-VolumesAdminNegativeTest-2130123955 tempest-VolumesAdminNegativeTest-2130123955-project] Determining version of request: GET /v2/images/fb76d7b7-4cf6-44f7-8d33-0a633d016145 Accept: */* {{(pid=145771) process_request /opt/stack/glance/glance/api/middleware/version_negotiation.py:44}}
Aug 04 02:01:11 ubuntu devstack@g-api.service[145771]: DEBUG glance.api.middleware.version_negotiation [None req-ad614d4a-9966-42b4-8b99-8a7b447f48cd tempest-VolumesAdminNegativeTest-2130123955 tempest-VolumesAdminNegativeTest-2130123955-project] Using url versioning {{(pid=145771) process_request /opt/stack/glance/glance/api/middleware/version_negotiation.py:57}}
Aug 04 02:01:11 ubuntu devstack@g-api.service[145771]: DEBUG glance.api.middleware.version_negotiation [None req-ad614d4a-9966-42b4-8b99-8a7b447f48cd tempest-VolumesAdminNegativeTest-2130123955 tempest-VolumesAdminNegativeTest-2130123955-project] Matched version: v2 {{(pid=145771) process_request /opt/stack/glance/glance/api/middleware/version_negotiation.py:69}}
Aug 04 02:01:11 ubuntu devstack@g-api.service[145771]: DEBUG glance.api.middleware.version_negotiation [None req-ad614d4a-9966-42b4-8b99-8a7b447f48cd tempest-VolumesAdminNegativeTest-2130123955 tempest-VolumesAdminNegativeTest-2130123955-project] new path /v2/images/fb76d7b7-4cf6-44f7-8d33-0a633d016145 {{(pid=145771) process_request /opt/stack/glance/glance/api/middleware/version_negotiation.py:70}}
Aug 04 02:01:11 ubuntu devstack@g-api.service[145771]: [pid: 145771|app: 0|req: 10/21] 127.0.0.1 () {42 vars in 1049 bytes} [Thu Aug  4 02:01:11 2022] GET /v2/images/fb76d7b7-4cf6-44f7-8d33-0a633d016145 => generated 976 bytes in 17 msecs (HTTP/1.1 200) 4 headers in 157 bytes (1 switches on core 0)
Aug 04 02:01:11 ubuntu devstack@g-api.service[145772]: DEBUG glance.api.middleware.version_negotiation [None req-ad614d4a-9966-42b4-8b99-8a7b447f48cd tempest-VolumesAdminNegativeTest-2130123955 tempest-VolumesAdminNegativeTest-2130123955-project] Determining version of request: GET /v2/images/fb76d7b7-4cf6-44f7-8d33-0a633d016145/file Accept: */* {{(pid=145772) process_request /opt/stack/glance/glance/api/middleware/version_negotiation.py:44}}
Aug 04 02:01:11 ubuntu devstack@g-api.service[145772]: DEBUG glance.api.middleware.version_negotiation [None req-ad614d4a-9966-42b4-8b99-8a7b447f48cd tempest-VolumesAdminNegativeTest-2130123955 tempest-VolumesAdminNegativeTest-2130123955-project] Using url versioning {{(pid=145772) process_request /opt/stack/glance/glance/api/middleware/version_negotiation.py:57}}
Aug 04 02:01:11 ubuntu devstack@g-api.service[145772]: DEBUG glance.api.middleware.version_negotiation [None req-ad614d4a-9966-42b4-8b99-8a7b447f48cd tempest-VolumesAdminNegativeTest-2130123955 tempest-VolumesAdminNegativeTest-2130123955-project] Matched version: v2 {{(pid=145772) process_request /opt/stack/glance/glance/api/middleware/version_negotiation.py:69}}
Aug 04 02:01:11 ubuntu devstack@g-api.service[145772]: DEBUG glance.api.middleware.version_negotiation [None req-ad614d4a-9966-42b4-8b99-8a7b447f48cd tempest-VolumesAdminNegativeTest-2130123955 tempest-VolumesAdminNegativeTest-2130123955-project] new path /v2/images/fb76d7b7-4cf6-44f7-8d33-0a633d016145/file {{(pid=145772) process_request /opt/stack/glance/glance/api/middleware/version_negotiation.py:70}}
Aug 04 02:01:11 ubuntu devstack@g-api.service[145772]: DEBUG glance_store.backend [None req-ad614d4a-9966-42b4-8b99-8a7b447f48cd tempest-VolumesAdminNegativeTest-2130123955 tempest-VolumesAdminNegativeTest-2130123955-project] Attempting to import store swift {{(pid=145772) _load_store /usr/local/lib/python3.8/dist-packages/glance_store/backend.py:216}}
Aug 04 02:01:11 ubuntu devstack@g-api.service[145772]: DEBUG glance_store.capabilities [None req-ad614d4a-9966-42b4-8b99-8a7b447f48cd tempest-VolumesAdminNegativeTest-2130123955 tempest-VolumesAdminNegativeTest-2130123955-project] Store glance_store._drivers.swift.store.SingleTenantStore doesn't support updating dynamic storage capabilities. Please overwrite 'update_capabilities' method of the store to implement updating logics if needed. {{(pid=145772) update_capabilities /usr/local/lib/python3.8/dist-packages/glance_store/capabilities.py:91}}
Aug 04 02:01:11 ubuntu devstack@g-api.service[145772]: DEBUG glance_store.driver [None req-ad614d4a-9966-42b4-8b99-8a7b447f48cd tempest-VolumesAdminNegativeTest-2130123955 tempest-VolumesAdminNegativeTest-2130123955-project] Late loading location class glance_store._drivers.swift.store.StoreLocation {{(pid=145772) get_store_location_class /usr/local/lib/python3.8/dist-packages/glance_store/driver.py:116}}
Aug 04 02:01:11 ubuntu devstack@g-api.service[145772]: DEBUG glance_store.location [None req-ad614d4a-9966-42b4-8b99-8a7b447f48cd tempest-VolumesAdminNegativeTest-2130123955 tempest-VolumesAdminNegativeTest-2130123955-project] Registering scheme swift+https with {'store': <glance_store._drivers.swift.store.SingleTenantStore object at 0x7f08be4dfc70>, 'location_class': <class 'glance_store._drivers.swift.store.StoreLocation'>, 'store_entry': 'swift'} {{(pid=145772) register_scheme_map /usr/local/lib/python3.8/dist-packages/glance_store/location.py:146}}
Aug 04 02:01:11 ubuntu devstack@g-api.service[145772]: DEBUG glance_store.location [None req-ad614d4a-9966-42b4-8b99-8a7b447f48cd tempest-VolumesAdminNegativeTest-2130123955 tempest-VolumesAdminNegativeTest-2130123955-project] Registering scheme swift+https with {'store': <glance_store._drivers.swift.store.SingleTenantStore object at 0x7f08be4dfc70>, 'location_class': <class 'glance_store._drivers.swift.store.StoreLocation'>, 'store_entry': 'swift'} {{(pid=145772) register_scheme_map /usr/local/lib/python3.8/dist-packages/glance_store/location.py:146}}
Aug 04 02:01:11 ubuntu devstack@g-api.service[145772]: DEBUG glance_store.location [None req-ad614d4a-9966-42b4-8b99-8a7b447f48cd tempest-VolumesAdminNegativeTest-2130123955 tempest-VolumesAdminNegativeTest-2130123955-project] Registering scheme swift with {'store': <glance_store._drivers.swift.store.SingleTenantStore object at 0x7f08be4dfc70>, 'location_class': <class 'glance_store._drivers.swift.store.StoreLocation'>, 'store_entry': 'swift'} {{(pid=145772) register_scheme_map /usr/local/lib/python3.8/dist-packages/glance_store/location.py:146}}
Aug 04 02:01:11 ubuntu devstack@g-api.service[145772]: DEBUG glance_store.location [None req-ad614d4a-9966-42b4-8b99-8a7b447f48cd tempest-VolumesAdminNegativeTest-2130123955 tempest-VolumesAdminNegativeTest-2130123955-project] Registering scheme swift+https with {'store': <glance_store._drivers.swift.store.SingleTenantStore object at 0x7f08be4dfc70>, 'location_class': <class 'glance_store._drivers.swift.store.StoreLocation'>, 'store_entry': 'swift'} {{(pid=145772) register_scheme_map /usr/local/lib/python3.8/dist-packages/glance_store/location.py:146}}
Aug 04 02:01:11 ubuntu devstack@g-api.service[145772]: DEBUG glance_store.location [None req-ad614d4a-9966-42b4-8b99-8a7b447f48cd tempest-VolumesAdminNegativeTest-2130123955 tempest-VolumesAdminNegativeTest-2130123955-project] Registering scheme swift with {'store': <glance_store._drivers.swift.store.SingleTenantStore object at 0x7f08be4dfc70>, 'location_class': <class 'glance_store._drivers.swift.store.StoreLocation'>, 'store_entry': 'swift'} {{(pid=145772) register_scheme_map /usr/local/lib/python3.8/dist-packages/glance_store/location.py:146}}
Aug 04 02:01:11 ubuntu devstack@g-api.service[145772]: DEBUG glance_store.location [None req-ad614d4a-9966-42b4-8b99-8a7b447f48cd tempest-VolumesAdminNegativeTest-2130123955 tempest-VolumesAdminNegativeTest-2130123955-project] Registering scheme swift+http with {'store': <glance_store._drivers.swift.store.SingleTenantStore object at 0x7f08be4dfc70>, 'location_class': <class 'glance_store._drivers.swift.store.StoreLocation'>, 'store_entry': 'swift'} {{(pid=145772) register_scheme_map /usr/local/lib/python3.8/dist-packages/glance_store/location.py:146}}
Aug 04 02:01:11 ubuntu devstack@g-api.service[145772]: DEBUG glance_store.location [None req-ad614d4a-9966-42b4-8b99-8a7b447f48cd tempest-VolumesAdminNegativeTest-2130123955 tempest-VolumesAdminNegativeTest-2130123955-project] Registering scheme swift+https with {'store': <glance_store._drivers.swift.store.SingleTenantStore object at 0x7f08be4dfc70>, 'location_class': <class 'glance_store._drivers.swift.store.StoreLocation'>, 'store_entry': 'swift'} {{(pid=145772) register_scheme_map /usr/local/lib/python3.8/dist-packages/glance_store/location.py:146}}
Aug 04 02:01:11 ubuntu devstack@g-api.service[145772]: DEBUG glance_store.location [None req-ad614d4a-9966-42b4-8b99-8a7b447f48cd tempest-VolumesAdminNegativeTest-2130123955 tempest-VolumesAdminNegativeTest-2130123955-project] Registering scheme swift with {'store': <glance_store._drivers.swift.store.SingleTenantStore object at 0x7f08be4dfc70>, 'location_class': <class 'glance_store._drivers.swift.store.StoreLocation'>, 'store_entry': 'swift'} {{(pid=145772) register_scheme_map /usr/local/lib/python3.8/dist-packages/glance_store/location.py:146}}
Aug 04 02:01:11 ubuntu devstack@g-api.service[145772]: DEBUG glance_store.location [None req-ad614d4a-9966-42b4-8b99-8a7b447f48cd tempest-VolumesAdminNegativeTest-2130123955 tempest-VolumesAdminNegativeTest-2130123955-project] Registering scheme swift+http with {'store': <glance_store._drivers.swift.store.SingleTenantStore object at 0x7f08be4dfc70>, 'location_class': <class 'glance_store._drivers.swift.store.StoreLocation'>, 'store_entry': 'swift'} {{(pid=145772) register_scheme_map /usr/local/lib/python3.8/dist-packages/glance_store/location.py:146}}
Aug 04 02:01:11 ubuntu devstack@g-api.service[145772]: DEBUG glance_store.location [None req-ad614d4a-9966-42b4-8b99-8a7b447f48cd tempest-VolumesAdminNegativeTest-2130123955 tempest-VolumesAdminNegativeTest-2130123955-project] Registering scheme swift+config with {'store': <glance_store._drivers.swift.store.SingleTenantStore object at 0x7f08be4dfc70>, 'location_class': <class 'glance_store._drivers.swift.store.StoreLocation'>, 'store_entry': 'swift'} {{(pid=145772) register_scheme_map /usr/local/lib/python3.8/dist-packages/glance_store/location.py:146}}
Aug 04 02:01:12 ubuntu devstack@g-api.service[145772]: DEBUG swiftclient [None req-ad614d4a-9966-42b4-8b99-8a7b447f48cd tempest-VolumesAdminNegativeTest-2130123955 tempest-VolumesAdminNegativeTest-2130123955-project] REQ: curl -i http://192.168.79.38:8080/v1/AUTH_5575d5c28a464db7a299f5cb4495032f/glance/fb76d7b7-4cf6-44f7-8d33-0a633d016145 -X GET -H "X-Auth-Token: gAAAAABi6yhnTSGd..." {{(pid=145772) http_log /usr/local/lib/python3.8/dist-packages/swiftclient/client.py:157}}
Aug 04 02:01:12 ubuntu devstack@g-api.service[145772]: DEBUG swiftclient [None req-ad614d4a-9966-42b4-8b99-8a7b447f48cd tempest-VolumesAdminNegativeTest-2130123955 tempest-VolumesAdminNegativeTest-2130123955-project] RESP STATUS: 200 OK {{(pid=145772) http_log /usr/local/lib/python3.8/dist-packages/swiftclient/client.py:158}}
Aug 04 02:01:12 ubuntu devstack@g-api.service[145772]: DEBUG swiftclient [None req-ad614d4a-9966-42b4-8b99-8a7b447f48cd tempest-VolumesAdminNegativeTest-2130123955 tempest-VolumesAdminNegativeTest-2130123955-project] RESP HEADERS: {'Content-Type': 'application/octet-stream', 'Etag': '1d3062cd89af34e419f7100277f38b2b', 'Last-Modified': 'Thu, 04 Aug 2022 01:54:51 GMT', 'X-Timestamp': '1659578090.67589', 'Accept-Ranges': 'bytes', 'Content-Length': '16338944', 'X-Trans-Id': 'tx65acf476853b4238bd381-0062eb2867', 'X-Openstack-Request-Id': 'tx65acf476853b4238bd381-0062eb2867', 'Date': 'Thu, 04 Aug 2022 02:01:12 GMT'} {{(pid=145772) http_log /usr/local/lib/python3.8/dist-packages/swiftclient/client.py:159}}
Aug 04 02:01:12 ubuntu devstack@g-api.service[145772]: DEBUG glance.image_cache [None req-ad614d4a-9966-42b4-8b99-8a7b447f48cd tempest-VolumesAdminNegativeTest-2130123955 tempest-VolumesAdminNegativeTest-2130123955-project] Tee'ing image 'fb76d7b7-4cf6-44f7-8d33-0a633d016145' into cache {{(pid=145772) get_caching_iter /opt/stack/glance/glance/image_cache/__init__.py:343}}
Aug 04 02:01:12 ubuntu devstack@g-api.service[145772]: DEBUG glance.image_cache.drivers.sqlite [None req-ad614d4a-9966-42b4-8b99-8a7b447f48cd tempest-VolumesAdminNegativeTest-2130123955 tempest-VolumesAdminNegativeTest-2130123955-project] Fetch finished, moving '/opt/stack/data/glance/cache/incomplete/fb76d7b7-4cf6-44f7-8d33-0a633d016145' to '/opt/stack/data/glance/cache/fb76d7b7-4cf6-44f7-8d33-0a633d016145' {{(pid=145772) commit /opt/stack/glance/glance/image_cache/drivers/sqlite.py:324}}
Aug 04 02:01:12 ubuntu devstack@g-api.service[145772]: [pid: 145772|app: 0|req: 12/22] 127.0.0.1 () {42 vars in 1059 bytes} [Thu Aug  4 02:01:11 2022] GET /v2/images/fb76d7b7-4cf6-44f7-8d33-0a633d016145/file => generated 16338944 bytes in 551 msecs (HTTP/1.1 200) 4 headers in 191 bytes (250 switches on core 0)
Aug 04 02:01:21 ubuntu devstack@g-api.service[145771]: DEBUG dbcounter [-] [145771] Writing DB stats glance:SELECT=8 {{(pid=145771) stat_writer /usr/local/lib/python3.8/dist-packages/dbcounter.py:114}}
Aug 04 02:01:22 ubuntu devstack@g-api.service[145772]: DEBUG dbcounter [-] [145772] Writing DB stats glance:SELECT=8 {{(pid=145772) stat_writer /usr/local/lib/python3.8/dist-packages/dbcounter.py:114}}
Aug 04 02:01:41 ubuntu devstack@g-api.service[145771]: DEBUG glance.api.middleware.version_negotiation [None req-ad614d4a-9966-42b4-8b99-8a7b447f48cd tempest-VolumesAdminNegativeTest-2130123955 tempest-VolumesAdminNegativeTest-2130123955-project] Determining version of request: GET / Accept: application/json {{(pid=145771) process_request /opt/stack/glance/glance/api/middleware/version_negotiation.py:44}}
Aug 04 02:01:41 ubuntu devstack@g-api.service[145771]: DEBUG glance.api.middleware.version_negotiation [None req-ad614d4a-9966-42b4-8b99-8a7b447f48cd tempest-VolumesAdminNegativeTest-2130123955 tempest-VolumesAdminNegativeTest-2130123955-project] Using url versioning {{(pid=145771) process_request /opt/stack/glance/glance/api/middleware/version_negotiation.py:57}}
Aug 04 02:01:41 ubuntu devstack@g-api.service[145771]: DEBUG glance.api.middleware.version_negotiation [None req-ad614d4a-9966-42b4-8b99-8a7b447f48cd tempest-VolumesAdminNegativeTest-2130123955 tempest-VolumesAdminNegativeTest-2130123955-project] Unknown version. Returning version choices. {{(pid=145771) process_request /opt/stack/glance/glance/api/middleware/version_negotiation.py:64}}
Aug 04 02:01:41 ubuntu devstack@g-api.service[145771]: [pid: 145771|app: 0|req: 11/23] 127.0.0.1 () {34 vars in 492 bytes} [Thu Aug  4 02:01:41 2022] GET / => generated 1323 bytes in 2 msecs (HTTP/1.1 300) 3 headers in 106 bytes (1 switches on core 0)
Aug 04 02:01:41 ubuntu devstack@g-api.service[145772]: DEBUG glance.api.middleware.version_negotiation [None req-ad614d4a-9966-42b4-8b99-8a7b447f48cd tempest-VolumesAdminNegativeTest-2130123955 tempest-VolumesAdminNegativeTest-2130123955-project] Determining version of request: GET /v2/images/fb76d7b7-4cf6-44f7-8d33-0a633d016145 Accept: */* {{(pid=145772) process_request /opt/stack/glance/glance/api/middleware/version_negotiation.py:44}}
Aug 04 02:01:41 ubuntu devstack@g-api.service[145772]: DEBUG glance.api.middleware.version_negotiation [None req-ad614d4a-9966-42b4-8b99-8a7b447f48cd tempest-VolumesAdminNegativeTest-2130123955 tempest-VolumesAdminNegativeTest-2130123955-project] Using url versioning {{(pid=145772) process_request /opt/stack/glance/glance/api/middleware/version_negotiation.py:57}}
Aug 04 02:01:41 ubuntu devstack@g-api.service[145772]: DEBUG glance.api.middleware.version_negotiation [None req-ad614d4a-9966-42b4-8b99-8a7b447f48cd tempest-VolumesAdminNegativeTest-2130123955 tempest-VolumesAdminNegativeTest-2130123955-project] Matched version: v2 {{(pid=145772) process_request /opt/stack/glance/glance/api/middleware/version_negotiation.py:69}}
Aug 04 02:01:41 ubuntu devstack@g-api.service[145772]: DEBUG glance.api.middleware.version_negotiation [None req-ad614d4a-9966-42b4-8b99-8a7b447f48cd tempest-VolumesAdminNegativeTest-2130123955 tempest-VolumesAdminNegativeTest-2130123955-project] new path /v2/images/fb76d7b7-4cf6-44f7-8d33-0a633d016145 {{(pid=145772) process_request /opt/stack/glance/glance/api/middleware/version_negotiation.py:70}}
Aug 04 02:01:41 ubuntu devstack@g-api.service[145772]: [pid: 145772|app: 0|req: 13/24] 127.0.0.1 () {42 vars in 1049 bytes} [Thu Aug  4 02:01:41 2022] GET /v2/images/fb76d7b7-4cf6-44f7-8d33-0a633d016145 => generated 976 bytes in 25 msecs (HTTP/1.1 200) 4 headers in 157 bytes (1 switches on core 0)
Aug 04 02:01:41 ubuntu devstack@g-api.service[145771]: DEBUG glance.api.middleware.version_negotiation [None req-ad614d4a-9966-42b4-8b99-8a7b447f48cd tempest-VolumesAdminNegativeTest-2130123955 tempest-VolumesAdminNegativeTest-2130123955-project] Determining version of request: GET /v2/schemas/image Accept: */* {{(pid=145771) process_request /opt/stack/glance/glance/api/middleware/version_negotiation.py:44}}
Aug 04 02:01:41 ubuntu devstack@g-api.service[145771]: DEBUG glance.api.middleware.version_negotiation [None req-ad614d4a-9966-42b4-8b99-8a7b447f48cd tempest-VolumesAdminNegativeTest-2130123955 tempest-VolumesAdminNegativeTest-2130123955-project] Using url versioning {{(pid=145771) process_request /opt/stack/glance/glance/api/middleware/version_negotiation.py:57}}
Aug 04 02:01:41 ubuntu devstack@g-api.service[145771]: DEBUG glance.api.middleware.version_negotiation [None req-ad614d4a-9966-42b4-8b99-8a7b447f48cd tempest-VolumesAdminNegativeTest-2130123955 tempest-VolumesAdminNegativeTest-2130123955-project] Matched version: v2 {{(pid=145771) process_request /opt/stack/glance/glance/api/middleware/version_negotiation.py:69}}
Aug 04 02:01:41 ubuntu devstack@g-api.service[145771]: DEBUG glance.api.middleware.version_negotiation [None req-ad614d4a-9966-42b4-8b99-8a7b447f48cd tempest-VolumesAdminNegativeTest-2130123955 tempest-VolumesAdminNegativeTest-2130123955-project] new path /v2/schemas/image {{(pid=145771) process_request /opt/stack/glance/glance/api/middleware/version_negotiation.py:70}}
Aug 04 02:01:41 ubuntu devstack@g-api.service[145771]: [pid: 145771|app: 0|req: 12/25] 127.0.0.1 () {42 vars in 989 bytes} [Thu Aug  4 02:01:41 2022] GET /v2/schemas/image => generated 6083 bytes in 5 msecs (HTTP/1.1 200) 4 headers in 158 bytes (1 switches on core 0)
Aug 04 02:01:51 ubuntu devstack@g-api.service[145772]: DEBUG dbcounter [-] [145772] Writing DB stats glance:SELECT=4 {{(pid=145772) stat_writer /usr/local/lib/python3.8/dist-packages/dbcounter.py:114}}
Aug 04 02:02:13 ubuntu devstack@g-api.service[145772]: DEBUG glance.api.middleware.version_negotiation [None req-ca08d0d7-54de-4c64-9404-a8a0866d7046 tempest-DeleteServersTestJSON-483955272 tempest-DeleteServersTestJSON-483955272-project] Determining version of request: GET /v2/images/fb76d7b7-4cf6-44f7-8d33-0a633d016145 Accept: */* {{(pid=145772) process_request /opt/stack/glance/glance/api/middleware/version_negotiation.py:44}}
Aug 04 02:02:13 ubuntu devstack@g-api.service[145772]: DEBUG glance.api.middleware.version_negotiation [None req-ca08d0d7-54de-4c64-9404-a8a0866d7046 tempest-DeleteServersTestJSON-483955272 tempest-DeleteServersTestJSON-483955272-project] Using url versioning {{(pid=145772) process_request /opt/stack/glance/glance/api/middleware/version_negotiation.py:57}}
Aug 04 02:02:13 ubuntu devstack@g-api.service[145772]: DEBUG glance.api.middleware.version_negotiation [None req-ca08d0d7-54de-4c64-9404-a8a0866d7046 tempest-DeleteServersTestJSON-483955272 tempest-DeleteServersTestJSON-483955272-project] Matched version: v2 {{(pid=145772) process_request /opt/stack/glance/glance/api/middleware/version_negotiation.py:69}}
Aug 04 02:02:13 ubuntu devstack@g-api.service[145772]: DEBUG glance.api.middleware.version_negotiation [None req-ca08d0d7-54de-4c64-9404-a8a0866d7046 tempest-DeleteServersTestJSON-483955272 tempest-DeleteServersTestJSON-483955272-project] new path /v2/images/fb76d7b7-4cf6-44f7-8d33-0a633d016145 {{(pid=145772) process_request /opt/stack/glance/glance/api/middleware/version_negotiation.py:70}}
Aug 04 02:02:13 ubuntu devstack@g-api.service[145772]: [pid: 145772|app: 0|req: 14/26] 127.0.0.1 () {42 vars in 1049 bytes} [Thu Aug  4 02:02:13 2022] GET /v2/images/fb76d7b7-4cf6-44f7-8d33-0a633d016145 => generated 976 bytes in 18 msecs (HTTP/1.1 200) 4 headers in 157 bytes (1 switches on core 0)
