Aug 01 07:51:53 ubuntu devstack@g-api.service[151082]: INFO glance.location [None req-8f8063d7-335f-4227-98f1-38371b92961c admin admin] Image format matched and virtual size computed: 117440512
Aug 01 07:51:53 ubuntu devstack@g-api.service[151082]: DEBUG glance_store.backend [None req-8f8063d7-335f-4227-98f1-38371b92961c admin admin] Attempting to import store swift {{(pid=151082) _load_store /usr/local/lib/python3.8/dist-packages/glance_store/backend.py:216}}
Aug 01 07:51:53 ubuntu devstack@g-api.service[151082]: DEBUG glance_store.capabilities [None req-8f8063d7-335f-4227-98f1-38371b92961c admin admin] Store glance_store._drivers.swift.store.SingleTenantStore doesn't support updating dynamic storage capabilities. Please overwrite 'update_capabilities' method of the store to implement updating logics if needed. {{(pid=151082) update_capabilities /usr/local/lib/python3.8/dist-packages/glance_store/capabilities.py:91}}
Aug 01 07:51:53 ubuntu devstack@g-api.service[151082]: DEBUG glance_store.driver [None req-8f8063d7-335f-4227-98f1-38371b92961c admin admin] Late loading location class glance_store._drivers.swift.store.StoreLocation {{(pid=151082) get_store_location_class /usr/local/lib/python3.8/dist-packages/glance_store/driver.py:116}}
Aug 01 07:51:53 ubuntu devstack@g-api.service[151082]: DEBUG glance_store.location [None req-8f8063d7-335f-4227-98f1-38371b92961c admin admin] Registering scheme swift+https with {'store': <glance_store._drivers.swift.store.SingleTenantStore object at 0x7f79cf08f1f0>, 'location_class': <class 'glance_store._drivers.swift.store.StoreLocation'>, 'store_entry': 'swift'} {{(pid=151082) register_scheme_map /usr/local/lib/python3.8/dist-packages/glance_store/location.py:146}}
Aug 01 07:51:53 ubuntu devstack@g-api.service[151082]: DEBUG glance_store.location [None req-8f8063d7-335f-4227-98f1-38371b92961c admin admin] Registering scheme swift+https with {'store': <glance_store._drivers.swift.store.SingleTenantStore object at 0x7f79cf08f1f0>, 'location_class': <class 'glance_store._drivers.swift.store.StoreLocation'>, 'store_entry': 'swift'} {{(pid=151082) register_scheme_map /usr/local/lib/python3.8/dist-packages/glance_store/location.py:146}}
Aug 01 07:51:53 ubuntu devstack@g-api.service[151082]: DEBUG glance_store.location [None req-8f8063d7-335f-4227-98f1-38371b92961c admin admin] Registering scheme swift with {'store': <glance_store._drivers.swift.store.SingleTenantStore object at 0x7f79cf08f1f0>, 'location_class': <class 'glance_store._drivers.swift.store.StoreLocation'>, 'store_entry': 'swift'} {{(pid=151082) register_scheme_map /usr/local/lib/python3.8/dist-packages/glance_store/location.py:146}}
Aug 01 07:51:53 ubuntu devstack@g-api.service[151082]: DEBUG glance_store.location [None req-8f8063d7-335f-4227-98f1-38371b92961c admin admin] Registering scheme swift+https with {'store': <glance_store._drivers.swift.store.SingleTenantStore object at 0x7f79cf08f1f0>, 'location_class': <class 'glance_store._drivers.swift.store.StoreLocation'>, 'store_entry': 'swift'} {{(pid=151082) register_scheme_map /usr/local/lib/python3.8/dist-packages/glance_store/location.py:146}}
Aug 01 07:51:53 ubuntu devstack@g-api.service[151082]: DEBUG glance_store.location [None req-8f8063d7-335f-4227-98f1-38371b92961c admin admin] Registering scheme swift with {'store': <glance_store._drivers.swift.store.SingleTenantStore object at 0x7f79cf08f1f0>, 'location_class': <class 'glance_store._drivers.swift.store.StoreLocation'>, 'store_entry': 'swift'} {{(pid=151082) register_scheme_map /usr/local/lib/python3.8/dist-packages/glance_store/location.py:146}}
Aug 01 07:51:53 ubuntu devstack@g-api.service[151082]: DEBUG glance_store.location [None req-8f8063d7-335f-4227-98f1-38371b92961c admin admin] Registering scheme swift+http with {'store': <glance_store._drivers.swift.store.SingleTenantStore object at 0x7f79cf08f1f0>, 'location_class': <class 'glance_store._drivers.swift.store.StoreLocation'>, 'store_entry': 'swift'} {{(pid=151082) register_scheme_map /usr/local/lib/python3.8/dist-packages/glance_store/location.py:146}}
Aug 01 07:51:53 ubuntu devstack@g-api.service[151082]: DEBUG glance_store.location [None req-8f8063d7-335f-4227-98f1-38371b92961c admin admin] Registering scheme swift+https with {'store': <glance_store._drivers.swift.store.SingleTenantStore object at 0x7f79cf08f1f0>, 'location_class': <class 'glance_store._drivers.swift.store.StoreLocation'>, 'store_entry': 'swift'} {{(pid=151082) register_scheme_map /usr/local/lib/python3.8/dist-packages/glance_store/location.py:146}}
Aug 01 07:51:53 ubuntu devstack@g-api.service[151082]: DEBUG glance_store.location [None req-8f8063d7-335f-4227-98f1-38371b92961c admin admin] Registering scheme swift with {'store': <glance_store._drivers.swift.store.SingleTenantStore object at 0x7f79cf08f1f0>, 'location_class': <class 'glance_store._drivers.swift.store.StoreLocation'>, 'store_entry': 'swift'} {{(pid=151082) register_scheme_map /usr/local/lib/python3.8/dist-packages/glance_store/location.py:146}}
Aug 01 07:51:53 ubuntu devstack@g-api.service[151082]: DEBUG glance_store.location [None req-8f8063d7-335f-4227-98f1-38371b92961c admin admin] Registering scheme swift+http with {'store': <glance_store._drivers.swift.store.SingleTenantStore object at 0x7f79cf08f1f0>, 'location_class': <class 'glance_store._drivers.swift.store.StoreLocation'>, 'store_entry': 'swift'} {{(pid=151082) register_scheme_map /usr/local/lib/python3.8/dist-packages/glance_store/location.py:146}}
Aug 01 07:51:53 ubuntu devstack@g-api.service[151082]: DEBUG glance_store.location [None req-8f8063d7-335f-4227-98f1-38371b92961c admin admin] Registering scheme swift+config with {'store': <glance_store._drivers.swift.store.SingleTenantStore object at 0x7f79cf08f1f0>, 'location_class': <class 'glance_store._drivers.swift.store.StoreLocation'>, 'store_entry': 'swift'} {{(pid=151082) register_scheme_map /usr/local/lib/python3.8/dist-packages/glance_store/location.py:146}}
Aug 01 07:51:53 ubuntu devstack@g-api.service[151082]: DEBUG glance_store.backend [None req-8f8063d7-335f-4227-98f1-38371b92961c admin admin] Skipping store.set_acls... not implemented. {{(pid=151082) set_acls /usr/local/lib/python3.8/dist-packages/glance_store/backend.py:508}}
Aug 01 07:51:53 ubuntu devstack@g-api.service[151082]: [pid: 151082|app: 0|req: 3/4] 127.0.0.1 () {40 vars in 862 bytes} [Mon Aug  1 07:51:50 2022] PUT /v2/images/2e1b6c8b-19ac-44a8-acbb-a510c699feb8/file => generated 0 bytes in 2853 msecs (HTTP/1.1 204) 4 headers in 171 bytes (1 switches on core 0)
Aug 01 07:52:00 ubuntu devstack@g-api.service[151083]: DEBUG dbcounter [-] [151083] Writing DB stats glance:SELECT=9,glance:INSERT=5 {{(pid=151083) stat_writer /usr/local/lib/python3.8/dist-packages/dbcounter.py:114}}
Aug 01 07:52:03 ubuntu devstack@g-api.service[151082]: DEBUG dbcounter [-] [151082] Writing DB stats glance:SELECT=28,glance:UPDATE=2,glance:INSERT=1 {{(pid=151082) stat_writer /usr/local/lib/python3.8/dist-packages/dbcounter.py:114}}
Aug 01 07:52:38 ubuntu devstack@g-api.service[151083]: DEBUG glance.api.middleware.version_negotiation [None req-a0d5aa35-871b-4bd1-b132-ecb811588337 admin admin] Determining version of request: GET / Accept: application/json {{(pid=151083) process_request /opt/stack/glance/glance/api/middleware/version_negotiation.py:44}}
Aug 01 07:52:38 ubuntu devstack@g-api.service[151083]: DEBUG glance.api.middleware.version_negotiation [None req-a0d5aa35-871b-4bd1-b132-ecb811588337 admin admin] Using url versioning {{(pid=151083) process_request /opt/stack/glance/glance/api/middleware/version_negotiation.py:57}}
Aug 01 07:52:38 ubuntu devstack@g-api.service[151083]: DEBUG glance.api.middleware.version_negotiation [None req-a0d5aa35-871b-4bd1-b132-ecb811588337 admin admin] Unknown version. Returning version choices. {{(pid=151083) process_request /opt/stack/glance/glance/api/middleware/version_negotiation.py:64}}
Aug 01 07:52:38 ubuntu devstack@g-api.service[151083]: [pid: 151083|app: 0|req: 2/5] 127.0.0.1 () {34 vars in 506 bytes} [Mon Aug  1 07:52:38 2022] GET / => generated 1323 bytes in 6 msecs (HTTP/1.1 300) 3 headers in 106 bytes (1 switches on core 0)
Aug 01 07:52:38 ubuntu devstack@g-api.service[151082]: DEBUG glance.api.middleware.version_negotiation [None req-8f8063d7-335f-4227-98f1-38371b92961c admin admin] Determining version of request: GET /v2/images Accept: application/json {{(pid=151082) process_request /opt/stack/glance/glance/api/middleware/version_negotiation.py:44}}
Aug 01 07:52:38 ubuntu devstack@g-api.service[151082]: DEBUG glance.api.middleware.version_negotiation [None req-8f8063d7-335f-4227-98f1-38371b92961c admin admin] Using url versioning {{(pid=151082) process_request /opt/stack/glance/glance/api/middleware/version_negotiation.py:57}}
Aug 01 07:52:38 ubuntu devstack@g-api.service[151082]: DEBUG glance.api.middleware.version_negotiation [None req-8f8063d7-335f-4227-98f1-38371b92961c admin admin] Matched version: v2 {{(pid=151082) process_request /opt/stack/glance/glance/api/middleware/version_negotiation.py:69}}
Aug 01 07:52:38 ubuntu devstack@g-api.service[151082]: DEBUG glance.api.middleware.version_negotiation [None req-8f8063d7-335f-4227-98f1-38371b92961c admin admin] new path /v2/images {{(pid=151082) process_request /opt/stack/glance/glance/api/middleware/version_negotiation.py:70}}
Aug 01 07:52:38 ubuntu devstack@g-api.service[151082]: [pid: 151082|app: 0|req: 4/6] 127.0.0.1 () {36 vars in 728 bytes} [Mon Aug  1 07:52:38 2022] GET /v2/images => generated 1045 bytes in 472 msecs (HTTP/1.1 200) 4 headers in 158 bytes (1 switches on core 0)
Aug 01 07:52:45 ubuntu devstack@g-api.service[151083]: DEBUG glance.api.middleware.version_negotiation [None req-a0d5aa35-871b-4bd1-b132-ecb811588337 admin admin] Determining version of request: GET / Accept: application/json {{(pid=151083) process_request /opt/stack/glance/glance/api/middleware/version_negotiation.py:44}}
Aug 01 07:52:45 ubuntu devstack@g-api.service[151083]: DEBUG glance.api.middleware.version_negotiation [None req-a0d5aa35-871b-4bd1-b132-ecb811588337 admin admin] Using url versioning {{(pid=151083) process_request /opt/stack/glance/glance/api/middleware/version_negotiation.py:57}}
Aug 01 07:52:45 ubuntu devstack@g-api.service[151083]: DEBUG glance.api.middleware.version_negotiation [None req-a0d5aa35-871b-4bd1-b132-ecb811588337 admin admin] Unknown version. Returning version choices. {{(pid=151083) process_request /opt/stack/glance/glance/api/middleware/version_negotiation.py:64}}
Aug 01 07:52:45 ubuntu devstack@g-api.service[151083]: [pid: 151083|app: 0|req: 3/7] 127.0.0.1 () {34 vars in 506 bytes} [Mon Aug  1 07:52:45 2022] GET / => generated 1323 bytes in 3 msecs (HTTP/1.1 300) 3 headers in 106 bytes (1 switches on core 0)
Aug 01 07:52:45 ubuntu devstack@g-api.service[151082]: DEBUG glance.api.middleware.version_negotiation [None req-9f6358f0-36cc-46f9-ac43-886b1d4889ec admin admin] Determining version of request: GET /v2/images/2e1b6c8b-19ac-44a8-acbb-a510c699feb8 Accept: */* {{(pid=151082) process_request /opt/stack/glance/glance/api/middleware/version_negotiation.py:44}}
Aug 01 07:52:45 ubuntu devstack@g-api.service[151082]: DEBUG glance.api.middleware.version_negotiation [None req-9f6358f0-36cc-46f9-ac43-886b1d4889ec admin admin] Using url versioning {{(pid=151082) process_request /opt/stack/glance/glance/api/middleware/version_negotiation.py:57}}
Aug 01 07:52:45 ubuntu devstack@g-api.service[151082]: DEBUG glance.api.middleware.version_negotiation [None req-9f6358f0-36cc-46f9-ac43-886b1d4889ec admin admin] Matched version: v2 {{(pid=151082) process_request /opt/stack/glance/glance/api/middleware/version_negotiation.py:69}}
Aug 01 07:52:45 ubuntu devstack@g-api.service[151082]: DEBUG glance.api.middleware.version_negotiation [None req-9f6358f0-36cc-46f9-ac43-886b1d4889ec admin admin] new path /v2/images/2e1b6c8b-19ac-44a8-acbb-a510c699feb8 {{(pid=151082) process_request /opt/stack/glance/glance/api/middleware/version_negotiation.py:70}}
Aug 01 07:52:45 ubuntu devstack@g-api.service[151082]: [pid: 151082|app: 0|req: 5/8] 127.0.0.1 () {36 vars in 789 bytes} [Mon Aug  1 07:52:45 2022] GET /v2/images/2e1b6c8b-19ac-44a8-acbb-a510c699feb8 => generated 976 bytes in 310 msecs (HTTP/1.1 200) 4 headers in 157 bytes (1 switches on core 0)
Aug 01 07:52:49 ubuntu devstack@g-api.service[151083]: DEBUG glance.api.middleware.version_negotiation [None req-a0d5aa35-871b-4bd1-b132-ecb811588337 admin admin] Determining version of request: GET / Accept: application/json {{(pid=151083) process_request /opt/stack/glance/glance/api/middleware/version_negotiation.py:44}}
Aug 01 07:52:49 ubuntu devstack@g-api.service[151083]: DEBUG glance.api.middleware.version_negotiation [None req-a0d5aa35-871b-4bd1-b132-ecb811588337 admin admin] Using url versioning {{(pid=151083) process_request /opt/stack/glance/glance/api/middleware/version_negotiation.py:57}}
Aug 01 07:52:49 ubuntu devstack@g-api.service[151083]: DEBUG glance.api.middleware.version_negotiation [None req-a0d5aa35-871b-4bd1-b132-ecb811588337 admin admin] Unknown version. Returning version choices. {{(pid=151083) process_request /opt/stack/glance/glance/api/middleware/version_negotiation.py:64}}
Aug 01 07:52:49 ubuntu devstack@g-api.service[151083]: [pid: 151083|app: 0|req: 4/9] 127.0.0.1 () {34 vars in 506 bytes} [Mon Aug  1 07:52:49 2022] GET / => generated 1323 bytes in 4 msecs (HTTP/1.1 300) 3 headers in 106 bytes (1 switches on core 0)
Aug 01 07:52:49 ubuntu devstack@g-api.service[151082]: DEBUG glance.api.middleware.version_negotiation [None req-82e49a12-a146-4784-a9b2-5357eb58c561 admin admin] Determining version of request: GET /v2/images/2e1b6c8b-19ac-44a8-acbb-a510c699feb8 Accept: */* {{(pid=151082) process_request /opt/stack/glance/glance/api/middleware/version_negotiation.py:44}}
Aug 01 07:52:49 ubuntu devstack@g-api.service[151082]: DEBUG glance.api.middleware.version_negotiation [None req-82e49a12-a146-4784-a9b2-5357eb58c561 admin admin] Using url versioning {{(pid=151082) process_request /opt/stack/glance/glance/api/middleware/version_negotiation.py:57}}
Aug 01 07:52:49 ubuntu devstack@g-api.service[151082]: DEBUG glance.api.middleware.version_negotiation [None req-82e49a12-a146-4784-a9b2-5357eb58c561 admin admin] Matched version: v2 {{(pid=151082) process_request /opt/stack/glance/glance/api/middleware/version_negotiation.py:69}}
Aug 01 07:52:49 ubuntu devstack@g-api.service[151082]: DEBUG glance.api.middleware.version_negotiation [None req-82e49a12-a146-4784-a9b2-5357eb58c561 admin admin] new path /v2/images/2e1b6c8b-19ac-44a8-acbb-a510c699feb8 {{(pid=151082) process_request /opt/stack/glance/glance/api/middleware/version_negotiation.py:70}}
Aug 01 07:52:50 ubuntu devstack@g-api.service[151082]: [pid: 151082|app: 0|req: 6/10] 127.0.0.1 () {36 vars in 789 bytes} [Mon Aug  1 07:52:49 2022] GET /v2/images/2e1b6c8b-19ac-44a8-acbb-a510c699feb8 => generated 976 bytes in 379 msecs (HTTP/1.1 200) 4 headers in 157 bytes (1 switches on core 0)
Aug 01 07:53:00 ubuntu devstack@g-api.service[151082]: DEBUG dbcounter [-] [151082] Writing DB stats glance:SELECT=10 {{(pid=151082) stat_writer /usr/local/lib/python3.8/dist-packages/dbcounter.py:114}}
Aug 01 07:55:05 ubuntu devstack@g-api.service[151083]: DEBUG glance.api.middleware.version_negotiation [None req-a0d5aa35-871b-4bd1-b132-ecb811588337 admin admin] Determining version of request: GET /v1 Accept: application/json {{(pid=151083) process_request /opt/stack/glance/glance/api/middleware/version_negotiation.py:44}}
Aug 01 07:55:05 ubuntu devstack@g-api.service[151083]: DEBUG glance.api.middleware.version_negotiation [None req-a0d5aa35-871b-4bd1-b132-ecb811588337 admin admin] Using url versioning {{(pid=151083) process_request /opt/stack/glance/glance/api/middleware/version_negotiation.py:57}}
Aug 01 07:55:05 ubuntu devstack@g-api.service[151083]: DEBUG glance.api.middleware.version_negotiation [None req-a0d5aa35-871b-4bd1-b132-ecb811588337 admin admin] Unknown version. Returning version choices. {{(pid=151083) process_request /opt/stack/glance/glance/api/middleware/version_negotiation.py:64}}
Aug 01 07:55:05 ubuntu devstack@g-api.service[151083]: [pid: 151083|app: 0|req: 5/11] 127.0.0.1 () {38 vars in 686 bytes} [Mon Aug  1 07:55:05 2022] GET /v1 => generated 1323 bytes in 7 msecs (HTTP/1.1 300) 3 headers in 106 bytes (1 switches on core 0)
Aug 01 07:57:22 ubuntu devstack@g-api.service[151082]: DEBUG glance.api.middleware.version_negotiation [None req-fe677eb3-49b4-4bd7-8718-7da40a134ef1 admin admin] Determining version of request: GET /versions Accept: */* {{(pid=151082) process_request /opt/stack/glance/glance/api/middleware/version_negotiation.py:44}}
Aug 01 07:57:22 ubuntu devstack@g-api.service[151082]: [pid: 151082|app: 0|req: 7/12] 127.0.0.1 () {38 vars in 695 bytes} [Mon Aug  1 07:57:22 2022] GET /versions => generated 1323 bytes in 6 msecs (HTTP/1.1 200) 3 headers in 92 bytes (1 switches on core 0)
Aug 01 07:57:22 ubuntu devstack@g-api.service[151083]: DEBUG glance.api.middleware.version_negotiation [None req-a0d5aa35-871b-4bd1-b132-ecb811588337 admin admin] Determining version of request: GET /v2/schemas/image Accept: */* {{(pid=151083) process_request /opt/stack/glance/glance/api/middleware/version_negotiation.py:44}}
Aug 01 07:57:22 ubuntu devstack@g-api.service[151083]: DEBUG glance.api.middleware.version_negotiation [None req-a0d5aa35-871b-4bd1-b132-ecb811588337 admin admin] Using url versioning {{(pid=151083) process_request /opt/stack/glance/glance/api/middleware/version_negotiation.py:57}}
Aug 01 07:57:22 ubuntu devstack@g-api.service[151083]: DEBUG glance.api.middleware.version_negotiation [None req-a0d5aa35-871b-4bd1-b132-ecb811588337 admin admin] Matched version: v2 {{(pid=151083) process_request /opt/stack/glance/glance/api/middleware/version_negotiation.py:69}}
Aug 01 07:57:22 ubuntu devstack@g-api.service[151083]: DEBUG glance.api.middleware.version_negotiation [None req-a0d5aa35-871b-4bd1-b132-ecb811588337 admin admin] new path /v2/schemas/image {{(pid=151083) process_request /opt/stack/glance/glance/api/middleware/version_negotiation.py:70}}
Aug 01 07:57:22 ubuntu devstack@g-api.service[151083]: [pid: 151083|app: 0|req: 6/13] 127.0.0.1 () {38 vars in 711 bytes} [Mon Aug  1 07:57:22 2022] GET /v2/schemas/image => generated 6083 bytes in 146 msecs (HTTP/1.1 200) 4 headers in 158 bytes (1 switches on core 0)
Aug 01 07:57:22 ubuntu devstack@g-api.service[151082]: DEBUG glance.api.middleware.version_negotiation [None req-fe677eb3-49b4-4bd7-8718-7da40a134ef1 admin admin] Determining version of request: GET /v2/schemas/metadefs/namespace Accept: */* {{(pid=151082) process_request /opt/stack/glance/glance/api/middleware/version_negotiation.py:44}}
Aug 01 07:57:22 ubuntu devstack@g-api.service[151082]: DEBUG glance.api.middleware.version_negotiation [None req-fe677eb3-49b4-4bd7-8718-7da40a134ef1 admin admin] Using url versioning {{(pid=151082) process_request /opt/stack/glance/glance/api/middleware/version_negotiation.py:57}}
Aug 01 07:57:22 ubuntu devstack@g-api.service[151082]: DEBUG glance.api.middleware.version_negotiation [None req-fe677eb3-49b4-4bd7-8718-7da40a134ef1 admin admin] Matched version: v2 {{(pid=151082) process_request /opt/stack/glance/glance/api/middleware/version_negotiation.py:69}}
Aug 01 07:57:22 ubuntu devstack@g-api.service[151082]: DEBUG glance.api.middleware.version_negotiation [None req-fe677eb3-49b4-4bd7-8718-7da40a134ef1 admin admin] new path /v2/schemas/metadefs/namespace {{(pid=151082) process_request /opt/stack/glance/glance/api/middleware/version_negotiation.py:70}}
Aug 01 07:57:22 ubuntu devstack@g-api.service[151082]: [pid: 151082|app: 0|req: 8/14] 127.0.0.1 () {38 vars in 737 bytes} [Mon Aug  1 07:57:22 2022] GET /v2/schemas/metadefs/namespace => generated 3100 bytes in 9 msecs (HTTP/1.1 200) 4 headers in 158 bytes (1 switches on core 0)
Aug 01 07:57:22 ubuntu devstack@g-api.service[151083]: DEBUG glance.api.middleware.version_negotiation [None req-bc6384fd-d164-4c0a-adce-3e50f03af60d admin admin] Determining version of request: GET /v2/schemas/metadefs/resource_type Accept: */* {{(pid=151083) process_request /opt/stack/glance/glance/api/middleware/version_negotiation.py:44}}
Aug 01 07:57:22 ubuntu devstack@g-api.service[151083]: DEBUG glance.api.middleware.version_negotiation [None req-bc6384fd-d164-4c0a-adce-3e50f03af60d admin admin] Using url versioning {{(pid=151083) process_request /opt/stack/glance/glance/api/middleware/version_negotiation.py:57}}
Aug 01 07:57:22 ubuntu devstack@g-api.service[151083]: DEBUG glance.api.middleware.version_negotiation [None req-bc6384fd-d164-4c0a-adce-3e50f03af60d admin admin] Matched version: v2 {{(pid=151083) process_request /opt/stack/glance/glance/api/middleware/version_negotiation.py:69}}
Aug 01 07:57:22 ubuntu devstack@g-api.service[151083]: DEBUG glance.api.middleware.version_negotiation [None req-bc6384fd-d164-4c0a-adce-3e50f03af60d admin admin] new path /v2/schemas/metadefs/resource_type {{(pid=151083) process_request /opt/stack/glance/glance/api/middleware/version_negotiation.py:70}}
Aug 01 07:57:22 ubuntu devstack@g-api.service[151083]: [pid: 151083|app: 0|req: 7/15] 127.0.0.1 () {38 vars in 745 bytes} [Mon Aug  1 07:57:22 2022] GET /v2/schemas/metadefs/resource_type => generated 1260 bytes in 6 msecs (HTTP/1.1 200) 4 headers in 158 bytes (1 switches on core 0)
Aug 01 07:57:22 ubuntu devstack@g-api.service[151082]: DEBUG glance.api.middleware.version_negotiation [None req-3604963c-e589-4565-a46c-30a8e9bf44f4 admin admin] Determining version of request: GET /v2/images Accept: */* {{(pid=151082) process_request /opt/stack/glance/glance/api/middleware/version_negotiation.py:44}}
Aug 01 07:57:22 ubuntu devstack@g-api.service[151082]: DEBUG glance.api.middleware.version_negotiation [None req-3604963c-e589-4565-a46c-30a8e9bf44f4 admin admin] Using url versioning {{(pid=151082) process_request /opt/stack/glance/glance/api/middleware/version_negotiation.py:57}}
Aug 01 07:57:22 ubuntu devstack@g-api.service[151082]: DEBUG glance.api.middleware.version_negotiation [None req-3604963c-e589-4565-a46c-30a8e9bf44f4 admin admin] Matched version: v2 {{(pid=151082) process_request /opt/stack/glance/glance/api/middleware/version_negotiation.py:69}}
Aug 01 07:57:22 ubuntu devstack@g-api.service[151082]: DEBUG glance.api.middleware.version_negotiation [None req-3604963c-e589-4565-a46c-30a8e9bf44f4 admin admin] new path /v2/images {{(pid=151082) process_request /opt/stack/glance/glance/api/middleware/version_negotiation.py:70}}
Aug 01 07:57:22 ubuntu devstack@g-api.service[151082]: [pid: 151082|app: 0|req: 9/16] 127.0.0.1 () {38 vars in 768 bytes} [Mon Aug  1 07:57:22 2022] GET /v2/images?limit=20&sort_key=name&sort_dir=asc => generated 1081 bytes in 93 msecs (HTTP/1.1 200) 4 headers in 158 bytes (1 switches on core 0)
Aug 01 07:57:22 ubuntu devstack@g-api.service[151083]: DEBUG glance.api.middleware.version_negotiation [None req-408b5d29-188e-4f2e-8eeb-01921b46a7dd admin admin] Determining version of request: GET /v2/schemas/image Accept: */* {{(pid=151083) process_request /opt/stack/glance/glance/api/middleware/version_negotiation.py:44}}
Aug 01 07:57:22 ubuntu devstack@g-api.service[151083]: DEBUG glance.api.middleware.version_negotiation [None req-408b5d29-188e-4f2e-8eeb-01921b46a7dd admin admin] Using url versioning {{(pid=151083) process_request /opt/stack/glance/glance/api/middleware/version_negotiation.py:57}}
Aug 01 07:57:22 ubuntu devstack@g-api.service[151083]: DEBUG glance.api.middleware.version_negotiation [None req-408b5d29-188e-4f2e-8eeb-01921b46a7dd admin admin] Matched version: v2 {{(pid=151083) process_request /opt/stack/glance/glance/api/middleware/version_negotiation.py:69}}
Aug 01 07:57:22 ubuntu devstack@g-api.service[151083]: DEBUG glance.api.middleware.version_negotiation [None req-408b5d29-188e-4f2e-8eeb-01921b46a7dd admin admin] new path /v2/schemas/image {{(pid=151083) process_request /opt/stack/glance/glance/api/middleware/version_negotiation.py:70}}
Aug 01 07:57:22 ubuntu devstack@g-api.service[151083]: [pid: 151083|app: 0|req: 8/17] 127.0.0.1 () {38 vars in 711 bytes} [Mon Aug  1 07:57:22 2022] GET /v2/schemas/image => generated 6083 bytes in 5 msecs (HTTP/1.1 200) 4 headers in 158 bytes (1 switches on core 0)
Aug 01 07:57:32 ubuntu devstack@g-api.service[151082]: DEBUG dbcounter [-] [151082] Writing DB stats glance:SELECT=2 {{(pid=151082) stat_writer /usr/local/lib/python3.8/dist-packages/dbcounter.py:114}}
Aug 01 07:57:36 ubuntu devstack@g-api.service[151082]: DEBUG glance.api.middleware.version_negotiation [None req-f41aa0c6-f747-4a28-9074-5c9e5c83ca78 admin admin] Determining version of request: GET / Accept: application/json {{(pid=151082) process_request /opt/stack/glance/glance/api/middleware/version_negotiation.py:44}}
Aug 01 07:57:36 ubuntu devstack@g-api.service[151082]: DEBUG glance.api.middleware.version_negotiation [None req-f41aa0c6-f747-4a28-9074-5c9e5c83ca78 admin admin] Using url versioning {{(pid=151082) process_request /opt/stack/glance/glance/api/middleware/version_negotiation.py:57}}
Aug 01 07:57:36 ubuntu devstack@g-api.service[151082]: DEBUG glance.api.middleware.version_negotiation [None req-f41aa0c6-f747-4a28-9074-5c9e5c83ca78 admin admin] Unknown version. Returning version choices. {{(pid=151082) process_request /opt/stack/glance/glance/api/middleware/version_negotiation.py:64}}
Aug 01 07:57:36 ubuntu devstack@g-api.service[151082]: [pid: 151082|app: 0|req: 10/18] 127.0.0.1 () {34 vars in 492 bytes} [Mon Aug  1 07:57:36 2022] GET / => generated 1323 bytes in 3 msecs (HTTP/1.1 300) 3 headers in 106 bytes (1 switches on core 0)
Aug 01 07:57:37 ubuntu devstack@g-api.service[151083]: DEBUG glance.api.middleware.version_negotiation [None req-b188a70d-e8c6-4f57-b0cc-2d7677aae6f6 admin admin] Determining version of request: GET /v2/images/2e1b6c8b-19ac-44a8-acbb-a510c699feb8 Accept: */* {{(pid=151083) process_request /opt/stack/glance/glance/api/middleware/version_negotiation.py:44}}
Aug 01 07:57:37 ubuntu devstack@g-api.service[151083]: DEBUG glance.api.middleware.version_negotiation [None req-b188a70d-e8c6-4f57-b0cc-2d7677aae6f6 admin admin] Using url versioning {{(pid=151083) process_request /opt/stack/glance/glance/api/middleware/version_negotiation.py:57}}
Aug 01 07:57:37 ubuntu devstack@g-api.service[151083]: DEBUG glance.api.middleware.version_negotiation [None req-b188a70d-e8c6-4f57-b0cc-2d7677aae6f6 admin admin] Matched version: v2 {{(pid=151083) process_request /opt/stack/glance/glance/api/middleware/version_negotiation.py:69}}
Aug 01 07:57:37 ubuntu devstack@g-api.service[151083]: DEBUG glance.api.middleware.version_negotiation [None req-b188a70d-e8c6-4f57-b0cc-2d7677aae6f6 admin admin] new path /v2/images/2e1b6c8b-19ac-44a8-acbb-a510c699feb8 {{(pid=151083) process_request /opt/stack/glance/glance/api/middleware/version_negotiation.py:70}}
Aug 01 07:57:37 ubuntu devstack@g-api.service[151083]: WARNING keystonemiddleware.auth_token [None req-b188a70d-e8c6-4f57-b0cc-2d7677aae6f6 admin admin] A valid token was submitted as a service token, but it was not a valid service token. This is incorrect but backwards compatible behaviour. This will be removed in future releases.
Aug 01 07:57:37 ubuntu devstack@g-api.service[151083]: [pid: 151083|app: 0|req: 9/19] 127.0.0.1 () {42 vars in 1049 bytes} [Mon Aug  1 07:57:37 2022] GET /v2/images/2e1b6c8b-19ac-44a8-acbb-a510c699feb8 => generated 976 bytes in 109 msecs (HTTP/1.1 200) 4 headers in 157 bytes (1 switches on core 0)
Aug 01 07:57:37 ubuntu devstack@g-api.service[151082]: DEBUG glance.api.middleware.version_negotiation [None req-f41aa0c6-f747-4a28-9074-5c9e5c83ca78 admin admin] Determining version of request: GET /v2/schemas/image Accept: */* {{(pid=151082) process_request /opt/stack/glance/glance/api/middleware/version_negotiation.py:44}}
Aug 01 07:57:37 ubuntu devstack@g-api.service[151082]: DEBUG glance.api.middleware.version_negotiation [None req-f41aa0c6-f747-4a28-9074-5c9e5c83ca78 admin admin] Using url versioning {{(pid=151082) process_request /opt/stack/glance/glance/api/middleware/version_negotiation.py:57}}
Aug 01 07:57:37 ubuntu devstack@g-api.service[151082]: DEBUG glance.api.middleware.version_negotiation [None req-f41aa0c6-f747-4a28-9074-5c9e5c83ca78 admin admin] Matched version: v2 {{(pid=151082) process_request /opt/stack/glance/glance/api/middleware/version_negotiation.py:69}}
Aug 01 07:57:37 ubuntu devstack@g-api.service[151082]: DEBUG glance.api.middleware.version_negotiation [None req-f41aa0c6-f747-4a28-9074-5c9e5c83ca78 admin admin] new path /v2/schemas/image {{(pid=151082) process_request /opt/stack/glance/glance/api/middleware/version_negotiation.py:70}}
Aug 01 07:57:37 ubuntu devstack@g-api.service[151082]: WARNING keystonemiddleware.auth_token [None req-f41aa0c6-f747-4a28-9074-5c9e5c83ca78 admin admin] A valid token was submitted as a service token, but it was not a valid service token. This is incorrect but backwards compatible behaviour. This will be removed in future releases.
Aug 01 07:57:37 ubuntu devstack@g-api.service[151082]: [pid: 151082|app: 0|req: 11/20] 127.0.0.1 () {42 vars in 989 bytes} [Mon Aug  1 07:57:37 2022] GET /v2/schemas/image => generated 6083 bytes in 6 msecs (HTTP/1.1 200) 4 headers in 158 bytes (1 switches on core 0)
Aug 01 07:57:39 ubuntu devstack@g-api.service[151083]: DEBUG glance.api.middleware.version_negotiation [None req-b8eab427-520a-4003-95a2-ae7200412619 tempest-VolumesAdminNegativeTest-1484529797 tempest-VolumesAdminNegativeTest-1484529797-project] Determining version of request: GET /v2/images/2e1b6c8b-19ac-44a8-acbb-a510c699feb8 Accept: */* {{(pid=151083) process_request /opt/stack/glance/glance/api/middleware/version_negotiation.py:44}}
Aug 01 07:57:39 ubuntu devstack@g-api.service[151083]: DEBUG glance.api.middleware.version_negotiation [None req-b8eab427-520a-4003-95a2-ae7200412619 tempest-VolumesAdminNegativeTest-1484529797 tempest-VolumesAdminNegativeTest-1484529797-project] Using url versioning {{(pid=151083) process_request /opt/stack/glance/glance/api/middleware/version_negotiation.py:57}}
Aug 01 07:57:39 ubuntu devstack@g-api.service[151083]: DEBUG glance.api.middleware.version_negotiation [None req-b8eab427-520a-4003-95a2-ae7200412619 tempest-VolumesAdminNegativeTest-1484529797 tempest-VolumesAdminNegativeTest-1484529797-project] Matched version: v2 {{(pid=151083) process_request /opt/stack/glance/glance/api/middleware/version_negotiation.py:69}}
Aug 01 07:57:39 ubuntu devstack@g-api.service[151083]: DEBUG glance.api.middleware.version_negotiation [None req-b8eab427-520a-4003-95a2-ae7200412619 tempest-VolumesAdminNegativeTest-1484529797 tempest-VolumesAdminNegativeTest-1484529797-project] new path /v2/images/2e1b6c8b-19ac-44a8-acbb-a510c699feb8 {{(pid=151083) process_request /opt/stack/glance/glance/api/middleware/version_negotiation.py:70}}
Aug 01 07:57:39 ubuntu devstack@g-api.service[151083]: [pid: 151083|app: 0|req: 10/21] 127.0.0.1 () {42 vars in 1049 bytes} [Mon Aug  1 07:57:39 2022] GET /v2/images/2e1b6c8b-19ac-44a8-acbb-a510c699feb8 => generated 976 bytes in 18 msecs (HTTP/1.1 200) 4 headers in 157 bytes (1 switches on core 0)
Aug 01 07:57:39 ubuntu devstack@g-api.service[151082]: DEBUG glance.api.middleware.version_negotiation [None req-b8eab427-520a-4003-95a2-ae7200412619 tempest-VolumesAdminNegativeTest-1484529797 tempest-VolumesAdminNegativeTest-1484529797-project] Determining version of request: GET /v2/images/2e1b6c8b-19ac-44a8-acbb-a510c699feb8/file Accept: */* {{(pid=151082) process_request /opt/stack/glance/glance/api/middleware/version_negotiation.py:44}}
Aug 01 07:57:39 ubuntu devstack@g-api.service[151082]: DEBUG glance.api.middleware.version_negotiation [None req-b8eab427-520a-4003-95a2-ae7200412619 tempest-VolumesAdminNegativeTest-1484529797 tempest-VolumesAdminNegativeTest-1484529797-project] Using url versioning {{(pid=151082) process_request /opt/stack/glance/glance/api/middleware/version_negotiation.py:57}}
Aug 01 07:57:39 ubuntu devstack@g-api.service[151082]: DEBUG glance.api.middleware.version_negotiation [None req-b8eab427-520a-4003-95a2-ae7200412619 tempest-VolumesAdminNegativeTest-1484529797 tempest-VolumesAdminNegativeTest-1484529797-project] Matched version: v2 {{(pid=151082) process_request /opt/stack/glance/glance/api/middleware/version_negotiation.py:69}}
Aug 01 07:57:39 ubuntu devstack@g-api.service[151082]: DEBUG glance.api.middleware.version_negotiation [None req-b8eab427-520a-4003-95a2-ae7200412619 tempest-VolumesAdminNegativeTest-1484529797 tempest-VolumesAdminNegativeTest-1484529797-project] new path /v2/images/2e1b6c8b-19ac-44a8-acbb-a510c699feb8/file {{(pid=151082) process_request /opt/stack/glance/glance/api/middleware/version_negotiation.py:70}}
Aug 01 07:57:39 ubuntu devstack@g-api.service[151082]: DEBUG glance_store.backend [None req-b8eab427-520a-4003-95a2-ae7200412619 tempest-VolumesAdminNegativeTest-1484529797 tempest-VolumesAdminNegativeTest-1484529797-project] Attempting to import store swift {{(pid=151082) _load_store /usr/local/lib/python3.8/dist-packages/glance_store/backend.py:216}}
Aug 01 07:57:39 ubuntu devstack@g-api.service[151082]: DEBUG glance_store.capabilities [None req-b8eab427-520a-4003-95a2-ae7200412619 tempest-VolumesAdminNegativeTest-1484529797 tempest-VolumesAdminNegativeTest-1484529797-project] Store glance_store._drivers.swift.store.SingleTenantStore doesn't support updating dynamic storage capabilities. Please overwrite 'update_capabilities' method of the store to implement updating logics if needed. {{(pid=151082) update_capabilities /usr/local/lib/python3.8/dist-packages/glance_store/capabilities.py:91}}
Aug 01 07:57:39 ubuntu devstack@g-api.service[151082]: DEBUG glance_store.driver [None req-b8eab427-520a-4003-95a2-ae7200412619 tempest-VolumesAdminNegativeTest-1484529797 tempest-VolumesAdminNegativeTest-1484529797-project] Late loading location class glance_store._drivers.swift.store.StoreLocation {{(pid=151082) get_store_location_class /usr/local/lib/python3.8/dist-packages/glance_store/driver.py:116}}
Aug 01 07:57:39 ubuntu devstack@g-api.service[151082]: DEBUG glance_store.location [None req-b8eab427-520a-4003-95a2-ae7200412619 tempest-VolumesAdminNegativeTest-1484529797 tempest-VolumesAdminNegativeTest-1484529797-project] Registering scheme swift+https with {'store': <glance_store._drivers.swift.store.SingleTenantStore object at 0x7f79cdc69940>, 'location_class': <class 'glance_store._drivers.swift.store.StoreLocation'>, 'store_entry': 'swift'} {{(pid=151082) register_scheme_map /usr/local/lib/python3.8/dist-packages/glance_store/location.py:146}}
Aug 01 07:57:39 ubuntu devstack@g-api.service[151082]: DEBUG glance_store.location [None req-b8eab427-520a-4003-95a2-ae7200412619 tempest-VolumesAdminNegativeTest-1484529797 tempest-VolumesAdminNegativeTest-1484529797-project] Registering scheme swift+https with {'store': <glance_store._drivers.swift.store.SingleTenantStore object at 0x7f79cdc69940>, 'location_class': <class 'glance_store._drivers.swift.store.StoreLocation'>, 'store_entry': 'swift'} {{(pid=151082) register_scheme_map /usr/local/lib/python3.8/dist-packages/glance_store/location.py:146}}
Aug 01 07:57:39 ubuntu devstack@g-api.service[151082]: DEBUG glance_store.location [None req-b8eab427-520a-4003-95a2-ae7200412619 tempest-VolumesAdminNegativeTest-1484529797 tempest-VolumesAdminNegativeTest-1484529797-project] Registering scheme swift with {'store': <glance_store._drivers.swift.store.SingleTenantStore object at 0x7f79cdc69940>, 'location_class': <class 'glance_store._drivers.swift.store.StoreLocation'>, 'store_entry': 'swift'} {{(pid=151082) register_scheme_map /usr/local/lib/python3.8/dist-packages/glance_store/location.py:146}}
Aug 01 07:57:39 ubuntu devstack@g-api.service[151082]: DEBUG glance_store.location [None req-b8eab427-520a-4003-95a2-ae7200412619 tempest-VolumesAdminNegativeTest-1484529797 tempest-VolumesAdminNegativeTest-1484529797-project] Registering scheme swift+https with {'store': <glance_store._drivers.swift.store.SingleTenantStore object at 0x7f79cdc69940>, 'location_class': <class 'glance_store._drivers.swift.store.StoreLocation'>, 'store_entry': 'swift'} {{(pid=151082) register_scheme_map /usr/local/lib/python3.8/dist-packages/glance_store/location.py:146}}
Aug 01 07:57:39 ubuntu devstack@g-api.service[151082]: DEBUG glance_store.location [None req-b8eab427-520a-4003-95a2-ae7200412619 tempest-VolumesAdminNegativeTest-1484529797 tempest-VolumesAdminNegativeTest-1484529797-project] Registering scheme swift with {'store': <glance_store._drivers.swift.store.SingleTenantStore object at 0x7f79cdc69940>, 'location_class': <class 'glance_store._drivers.swift.store.StoreLocation'>, 'store_entry': 'swift'} {{(pid=151082) register_scheme_map /usr/local/lib/python3.8/dist-packages/glance_store/location.py:146}}
Aug 01 07:57:39 ubuntu devstack@g-api.service[151082]: DEBUG glance_store.location [None req-b8eab427-520a-4003-95a2-ae7200412619 tempest-VolumesAdminNegativeTest-1484529797 tempest-VolumesAdminNegativeTest-1484529797-project] Registering scheme swift+http with {'store': <glance_store._drivers.swift.store.SingleTenantStore object at 0x7f79cdc69940>, 'location_class': <class 'glance_store._drivers.swift.store.StoreLocation'>, 'store_entry': 'swift'} {{(pid=151082) register_scheme_map /usr/local/lib/python3.8/dist-packages/glance_store/location.py:146}}
Aug 01 07:57:39 ubuntu devstack@g-api.service[151082]: DEBUG glance_store.location [None req-b8eab427-520a-4003-95a2-ae7200412619 tempest-VolumesAdminNegativeTest-1484529797 tempest-VolumesAdminNegativeTest-1484529797-project] Registering scheme swift+https with {'store': <glance_store._drivers.swift.store.SingleTenantStore object at 0x7f79cdc69940>, 'location_class': <class 'glance_store._drivers.swift.store.StoreLocation'>, 'store_entry': 'swift'} {{(pid=151082) register_scheme_map /usr/local/lib/python3.8/dist-packages/glance_store/location.py:146}}
Aug 01 07:57:39 ubuntu devstack@g-api.service[151082]: DEBUG glance_store.location [None req-b8eab427-520a-4003-95a2-ae7200412619 tempest-VolumesAdminNegativeTest-1484529797 tempest-VolumesAdminNegativeTest-1484529797-project] Registering scheme swift with {'store': <glance_store._drivers.swift.store.SingleTenantStore object at 0x7f79cdc69940>, 'location_class': <class 'glance_store._drivers.swift.store.StoreLocation'>, 'store_entry': 'swift'} {{(pid=151082) register_scheme_map /usr/local/lib/python3.8/dist-packages/glance_store/location.py:146}}
Aug 01 07:57:39 ubuntu devstack@g-api.service[151082]: DEBUG glance_store.location [None req-b8eab427-520a-4003-95a2-ae7200412619 tempest-VolumesAdminNegativeTest-1484529797 tempest-VolumesAdminNegativeTest-1484529797-project] Registering scheme swift+http with {'store': <glance_store._drivers.swift.store.SingleTenantStore object at 0x7f79cdc69940>, 'location_class': <class 'glance_store._drivers.swift.store.StoreLocation'>, 'store_entry': 'swift'} {{(pid=151082) register_scheme_map /usr/local/lib/python3.8/dist-packages/glance_store/location.py:146}}
Aug 01 07:57:39 ubuntu devstack@g-api.service[151082]: DEBUG glance_store.location [None req-b8eab427-520a-4003-95a2-ae7200412619 tempest-VolumesAdminNegativeTest-1484529797 tempest-VolumesAdminNegativeTest-1484529797-project] Registering scheme swift+config with {'store': <glance_store._drivers.swift.store.SingleTenantStore object at 0x7f79cdc69940>, 'location_class': <class 'glance_store._drivers.swift.store.StoreLocation'>, 'store_entry': 'swift'} {{(pid=151082) register_scheme_map /usr/local/lib/python3.8/dist-packages/glance_store/location.py:146}}
Aug 01 07:57:39 ubuntu devstack@g-api.service[151082]: DEBUG swiftclient [None req-b8eab427-520a-4003-95a2-ae7200412619 tempest-VolumesAdminNegativeTest-1484529797 tempest-VolumesAdminNegativeTest-1484529797-project] REQ: curl -i http://192.168.79.39:8080/v1/AUTH_476107876c5c405daa3d59558efbe101/glance/2e1b6c8b-19ac-44a8-acbb-a510c699feb8 -X GET -H "X-Auth-Token: gAAAAABi54dzJR11..." {{(pid=151082) http_log /usr/local/lib/python3.8/dist-packages/swiftclient/client.py:157}}
Aug 01 07:57:39 ubuntu devstack@g-api.service[151082]: DEBUG swiftclient [None req-b8eab427-520a-4003-95a2-ae7200412619 tempest-VolumesAdminNegativeTest-1484529797 tempest-VolumesAdminNegativeTest-1484529797-project] RESP STATUS: 200 OK {{(pid=151082) http_log /usr/local/lib/python3.8/dist-packages/swiftclient/client.py:158}}
Aug 01 07:57:39 ubuntu devstack@g-api.service[151082]: DEBUG swiftclient [None req-b8eab427-520a-4003-95a2-ae7200412619 tempest-VolumesAdminNegativeTest-1484529797 tempest-VolumesAdminNegativeTest-1484529797-project] RESP HEADERS: {'Content-Type': 'application/octet-stream', 'Etag': '1d3062cd89af34e419f7100277f38b2b', 'Last-Modified': 'Mon, 01 Aug 2022 07:51:53 GMT', 'X-Timestamp': '1659340312.62890', 'Accept-Ranges': 'bytes', 'Content-Length': '16338944', 'X-Trans-Id': 'tx1497eed107db424e96c4a-0062e78773', 'X-Openstack-Request-Id': 'tx1497eed107db424e96c4a-0062e78773', 'Date': 'Mon, 01 Aug 2022 07:57:39 GMT'} {{(pid=151082) http_log /usr/local/lib/python3.8/dist-packages/swiftclient/client.py:159}}
Aug 01 07:57:39 ubuntu devstack@g-api.service[151082]: DEBUG glance.image_cache [None req-b8eab427-520a-4003-95a2-ae7200412619 tempest-VolumesAdminNegativeTest-1484529797 tempest-VolumesAdminNegativeTest-1484529797-project] Tee'ing image '2e1b6c8b-19ac-44a8-acbb-a510c699feb8' into cache {{(pid=151082) get_caching_iter /opt/stack/glance/glance/image_cache/__init__.py:343}}
Aug 01 07:57:39 ubuntu devstack@g-api.service[151082]: DEBUG glance.image_cache.drivers.sqlite [None req-b8eab427-520a-4003-95a2-ae7200412619 tempest-VolumesAdminNegativeTest-1484529797 tempest-VolumesAdminNegativeTest-1484529797-project] Fetch finished, moving '/opt/stack/data/glance/cache/incomplete/2e1b6c8b-19ac-44a8-acbb-a510c699feb8' to '/opt/stack/data/glance/cache/2e1b6c8b-19ac-44a8-acbb-a510c699feb8' {{(pid=151082) commit /opt/stack/glance/glance/image_cache/drivers/sqlite.py:324}}
Aug 01 07:57:39 ubuntu devstack@g-api.service[151082]: [pid: 151082|app: 0|req: 12/22] 127.0.0.1 () {42 vars in 1059 bytes} [Mon Aug  1 07:57:39 2022] GET /v2/images/2e1b6c8b-19ac-44a8-acbb-a510c699feb8/file => generated 16338944 bytes in 479 msecs (HTTP/1.1 200) 4 headers in 191 bytes (250 switches on core 0)
Aug 01 07:57:49 ubuntu devstack@g-api.service[151083]: DEBUG dbcounter [-] [151083] Writing DB stats glance:SELECT=8 {{(pid=151083) stat_writer /usr/local/lib/python3.8/dist-packages/dbcounter.py:114}}
Aug 01 07:57:49 ubuntu devstack@g-api.service[151082]: DEBUG dbcounter [-] [151082] Writing DB stats glance:SELECT=8 {{(pid=151082) stat_writer /usr/local/lib/python3.8/dist-packages/dbcounter.py:114}}
Aug 01 07:58:06 ubuntu devstack@g-api.service[151083]: DEBUG glance.api.middleware.version_negotiation [None req-b8eab427-520a-4003-95a2-ae7200412619 tempest-VolumesAdminNegativeTest-1484529797 tempest-VolumesAdminNegativeTest-1484529797-project] Determining version of request: GET / Accept: application/json {{(pid=151083) process_request /opt/stack/glance/glance/api/middleware/version_negotiation.py:44}}
Aug 01 07:58:06 ubuntu devstack@g-api.service[151083]: DEBUG glance.api.middleware.version_negotiation [None req-b8eab427-520a-4003-95a2-ae7200412619 tempest-VolumesAdminNegativeTest-1484529797 tempest-VolumesAdminNegativeTest-1484529797-project] Using url versioning {{(pid=151083) process_request /opt/stack/glance/glance/api/middleware/version_negotiation.py:57}}
Aug 01 07:58:06 ubuntu devstack@g-api.service[151083]: DEBUG glance.api.middleware.version_negotiation [None req-b8eab427-520a-4003-95a2-ae7200412619 tempest-VolumesAdminNegativeTest-1484529797 tempest-VolumesAdminNegativeTest-1484529797-project] Unknown version. Returning version choices. {{(pid=151083) process_request /opt/stack/glance/glance/api/middleware/version_negotiation.py:64}}
Aug 01 07:58:06 ubuntu devstack@g-api.service[151083]: [pid: 151083|app: 0|req: 11/23] 127.0.0.1 () {34 vars in 492 bytes} [Mon Aug  1 07:58:06 2022] GET / => generated 1323 bytes in 7 msecs (HTTP/1.1 300) 3 headers in 106 bytes (1 switches on core 0)
Aug 01 07:58:06 ubuntu devstack@g-api.service[151082]: DEBUG glance.api.middleware.version_negotiation [None req-b8eab427-520a-4003-95a2-ae7200412619 tempest-VolumesAdminNegativeTest-1484529797 tempest-VolumesAdminNegativeTest-1484529797-project] Determining version of request: GET /v2/images/2e1b6c8b-19ac-44a8-acbb-a510c699feb8 Accept: */* {{(pid=151082) process_request /opt/stack/glance/glance/api/middleware/version_negotiation.py:44}}
Aug 01 07:58:06 ubuntu devstack@g-api.service[151082]: DEBUG glance.api.middleware.version_negotiation [None req-b8eab427-520a-4003-95a2-ae7200412619 tempest-VolumesAdminNegativeTest-1484529797 tempest-VolumesAdminNegativeTest-1484529797-project] Using url versioning {{(pid=151082) process_request /opt/stack/glance/glance/api/middleware/version_negotiation.py:57}}
Aug 01 07:58:06 ubuntu devstack@g-api.service[151082]: DEBUG glance.api.middleware.version_negotiation [None req-b8eab427-520a-4003-95a2-ae7200412619 tempest-VolumesAdminNegativeTest-1484529797 tempest-VolumesAdminNegativeTest-1484529797-project] Matched version: v2 {{(pid=151082) process_request /opt/stack/glance/glance/api/middleware/version_negotiation.py:69}}
Aug 01 07:58:06 ubuntu devstack@g-api.service[151082]: DEBUG glance.api.middleware.version_negotiation [None req-b8eab427-520a-4003-95a2-ae7200412619 tempest-VolumesAdminNegativeTest-1484529797 tempest-VolumesAdminNegativeTest-1484529797-project] new path /v2/images/2e1b6c8b-19ac-44a8-acbb-a510c699feb8 {{(pid=151082) process_request /opt/stack/glance/glance/api/middleware/version_negotiation.py:70}}
Aug 01 07:58:06 ubuntu devstack@g-api.service[151082]: [pid: 151082|app: 0|req: 13/24] 127.0.0.1 () {42 vars in 1049 bytes} [Mon Aug  1 07:58:06 2022] GET /v2/images/2e1b6c8b-19ac-44a8-acbb-a510c699feb8 => generated 976 bytes in 26 msecs (HTTP/1.1 200) 4 headers in 157 bytes (1 switches on core 0)
Aug 01 07:58:06 ubuntu devstack@g-api.service[151083]: DEBUG glance.api.middleware.version_negotiation [None req-b8eab427-520a-4003-95a2-ae7200412619 tempest-VolumesAdminNegativeTest-1484529797 tempest-VolumesAdminNegativeTest-1484529797-project] Determining version of request: GET /v2/schemas/image Accept: */* {{(pid=151083) process_request /opt/stack/glance/glance/api/middleware/version_negotiation.py:44}}
Aug 01 07:58:06 ubuntu devstack@g-api.service[151083]: DEBUG glance.api.middleware.version_negotiation [None req-b8eab427-520a-4003-95a2-ae7200412619 tempest-VolumesAdminNegativeTest-1484529797 tempest-VolumesAdminNegativeTest-1484529797-project] Using url versioning {{(pid=151083) process_request /opt/stack/glance/glance/api/middleware/version_negotiation.py:57}}
Aug 01 07:58:06 ubuntu devstack@g-api.service[151083]: DEBUG glance.api.middleware.version_negotiation [None req-b8eab427-520a-4003-95a2-ae7200412619 tempest-VolumesAdminNegativeTest-1484529797 tempest-VolumesAdminNegativeTest-1484529797-project] Matched version: v2 {{(pid=151083) process_request /opt/stack/glance/glance/api/middleware/version_negotiation.py:69}}
Aug 01 07:58:06 ubuntu devstack@g-api.service[151083]: DEBUG glance.api.middleware.version_negotiation [None req-b8eab427-520a-4003-95a2-ae7200412619 tempest-VolumesAdminNegativeTest-1484529797 tempest-VolumesAdminNegativeTest-1484529797-project] new path /v2/schemas/image {{(pid=151083) process_request /opt/stack/glance/glance/api/middleware/version_negotiation.py:70}}
Aug 01 07:58:06 ubuntu devstack@g-api.service[151083]: [pid: 151083|app: 0|req: 12/25] 127.0.0.1 () {42 vars in 989 bytes} [Mon Aug  1 07:58:06 2022] GET /v2/schemas/image => generated 6083 bytes in 11 msecs (HTTP/1.1 200) 4 headers in 158 bytes (1 switches on core 0)
Aug 01 07:58:16 ubuntu devstack@g-api.service[151082]: DEBUG dbcounter [-] [151082] Writing DB stats glance:SELECT=4 {{(pid=151082) stat_writer /usr/local/lib/python3.8/dist-packages/dbcounter.py:114}}
Aug 01 07:58:35 ubuntu devstack@g-api.service[151082]: DEBUG glance.api.middleware.version_negotiation [None req-db97036b-e3b3-4c8a-950b-7249855f9253 tempest-DeleteServersTestJSON-200950465 tempest-DeleteServersTestJSON-200950465-project] Determining version of request: GET /v2/images/2e1b6c8b-19ac-44a8-acbb-a510c699feb8 Accept: */* {{(pid=151082) process_request /opt/stack/glance/glance/api/middleware/version_negotiation.py:44}}
Aug 01 07:58:35 ubuntu devstack@g-api.service[151082]: DEBUG glance.api.middleware.version_negotiation [None req-db97036b-e3b3-4c8a-950b-7249855f9253 tempest-DeleteServersTestJSON-200950465 tempest-DeleteServersTestJSON-200950465-project] Using url versioning {{(pid=151082) process_request /opt/stack/glance/glance/api/middleware/version_negotiation.py:57}}
Aug 01 07:58:35 ubuntu devstack@g-api.service[151082]: DEBUG glance.api.middleware.version_negotiation [None req-db97036b-e3b3-4c8a-950b-7249855f9253 tempest-DeleteServersTestJSON-200950465 tempest-DeleteServersTestJSON-200950465-project] Matched version: v2 {{(pid=151082) process_request /opt/stack/glance/glance/api/middleware/version_negotiation.py:69}}
Aug 01 07:58:35 ubuntu devstack@g-api.service[151082]: DEBUG glance.api.middleware.version_negotiation [None req-db97036b-e3b3-4c8a-950b-7249855f9253 tempest-DeleteServersTestJSON-200950465 tempest-DeleteServersTestJSON-200950465-project] new path /v2/images/2e1b6c8b-19ac-44a8-acbb-a510c699feb8 {{(pid=151082) process_request /opt/stack/glance/glance/api/middleware/version_negotiation.py:70}}
Aug 01 07:58:35 ubuntu devstack@g-api.service[151082]: [pid: 151082|app: 0|req: 14/26] 127.0.0.1 () {42 vars in 1049 bytes} [Mon Aug  1 07:58:35 2022] GET /v2/images/2e1b6c8b-19ac-44a8-acbb-a510c699feb8 => generated 976 bytes in 17 msecs (HTTP/1.1 200) 4 headers in 157 bytes (1 switches on core 0)
