Jun 07 08:34:19 ubuntu devstack@g-api.service[138939]: DEBUG glance_store.capabilities [None req-35971874-9fb8-49b2-8170-5dc4b84dc099 admin admin] Store glance_store._drivers.swift.store.SingleTenantStore doesn't support updating dynamic storage capabilities. Please overwrite 'update_capabilities' method of the store to implement updating logics if needed. {{(pid=138939) update_capabilities /usr/local/lib/python3.8/dist-packages/glance_store/capabilities.py:91}}
Jun 07 08:34:19 ubuntu devstack@g-api.service[138939]: DEBUG glance_store.driver [None req-35971874-9fb8-49b2-8170-5dc4b84dc099 admin admin] Late loading location class glance_store._drivers.swift.store.StoreLocation {{(pid=138939) get_store_location_class /usr/local/lib/python3.8/dist-packages/glance_store/driver.py:117}}
Jun 07 08:34:19 ubuntu devstack@g-api.service[138939]: DEBUG glance_store.location [None req-35971874-9fb8-49b2-8170-5dc4b84dc099 admin admin] Registering scheme swift+https with {'store': <glance_store._drivers.swift.store.SingleTenantStore object at 0x7f889c6dbf70>, 'location_class': <class 'glance_store._drivers.swift.store.StoreLocation'>, 'store_entry': 'swift'} {{(pid=138939) register_scheme_map /usr/local/lib/python3.8/dist-packages/glance_store/location.py:146}}
Jun 07 08:34:19 ubuntu devstack@g-api.service[138939]: DEBUG glance_store.location [None req-35971874-9fb8-49b2-8170-5dc4b84dc099 admin admin] Registering scheme swift+https with {'store': <glance_store._drivers.swift.store.SingleTenantStore object at 0x7f889c6dbf70>, 'location_class': <class 'glance_store._drivers.swift.store.StoreLocation'>, 'store_entry': 'swift'} {{(pid=138939) register_scheme_map /usr/local/lib/python3.8/dist-packages/glance_store/location.py:146}}
Jun 07 08:34:19 ubuntu devstack@g-api.service[138939]: DEBUG glance_store.location [None req-35971874-9fb8-49b2-8170-5dc4b84dc099 admin admin] Registering scheme swift with {'store': <glance_store._drivers.swift.store.SingleTenantStore object at 0x7f889c6dbf70>, 'location_class': <class 'glance_store._drivers.swift.store.StoreLocation'>, 'store_entry': 'swift'} {{(pid=138939) register_scheme_map /usr/local/lib/python3.8/dist-packages/glance_store/location.py:146}}
Jun 07 08:34:19 ubuntu devstack@g-api.service[138939]: DEBUG glance_store.location [None req-35971874-9fb8-49b2-8170-5dc4b84dc099 admin admin] Registering scheme swift+https with {'store': <glance_store._drivers.swift.store.SingleTenantStore object at 0x7f889c6dbf70>, 'location_class': <class 'glance_store._drivers.swift.store.StoreLocation'>, 'store_entry': 'swift'} {{(pid=138939) register_scheme_map /usr/local/lib/python3.8/dist-packages/glance_store/location.py:146}}
Jun 07 08:34:19 ubuntu devstack@g-api.service[138939]: DEBUG glance_store.location [None req-35971874-9fb8-49b2-8170-5dc4b84dc099 admin admin] Registering scheme swift with {'store': <glance_store._drivers.swift.store.SingleTenantStore object at 0x7f889c6dbf70>, 'location_class': <class 'glance_store._drivers.swift.store.StoreLocation'>, 'store_entry': 'swift'} {{(pid=138939) register_scheme_map /usr/local/lib/python3.8/dist-packages/glance_store/location.py:146}}
Jun 07 08:34:19 ubuntu devstack@g-api.service[138939]: DEBUG glance_store.location [None req-35971874-9fb8-49b2-8170-5dc4b84dc099 admin admin] Registering scheme swift+http with {'store': <glance_store._drivers.swift.store.SingleTenantStore object at 0x7f889c6dbf70>, 'location_class': <class 'glance_store._drivers.swift.store.StoreLocation'>, 'store_entry': 'swift'} {{(pid=138939) register_scheme_map /usr/local/lib/python3.8/dist-packages/glance_store/location.py:146}}
Jun 07 08:34:19 ubuntu devstack@g-api.service[138939]: DEBUG glance_store.location [None req-35971874-9fb8-49b2-8170-5dc4b84dc099 admin admin] Registering scheme swift+https with {'store': <glance_store._drivers.swift.store.SingleTenantStore object at 0x7f889c6dbf70>, 'location_class': <class 'glance_store._drivers.swift.store.StoreLocation'>, 'store_entry': 'swift'} {{(pid=138939) register_scheme_map /usr/local/lib/python3.8/dist-packages/glance_store/location.py:146}}
Jun 07 08:34:19 ubuntu devstack@g-api.service[138939]: DEBUG glance_store.location [None req-35971874-9fb8-49b2-8170-5dc4b84dc099 admin admin] Registering scheme swift with {'store': <glance_store._drivers.swift.store.SingleTenantStore object at 0x7f889c6dbf70>, 'location_class': <class 'glance_store._drivers.swift.store.StoreLocation'>, 'store_entry': 'swift'} {{(pid=138939) register_scheme_map /usr/local/lib/python3.8/dist-packages/glance_store/location.py:146}}
Jun 07 08:34:19 ubuntu devstack@g-api.service[138939]: DEBUG glance_store.location [None req-35971874-9fb8-49b2-8170-5dc4b84dc099 admin admin] Registering scheme swift+http with {'store': <glance_store._drivers.swift.store.SingleTenantStore object at 0x7f889c6dbf70>, 'location_class': <class 'glance_store._drivers.swift.store.StoreLocation'>, 'store_entry': 'swift'} {{(pid=138939) register_scheme_map /usr/local/lib/python3.8/dist-packages/glance_store/location.py:146}}
Jun 07 08:34:19 ubuntu devstack@g-api.service[138939]: DEBUG glance_store.location [None req-35971874-9fb8-49b2-8170-5dc4b84dc099 admin admin] Registering scheme swift+config with {'store': <glance_store._drivers.swift.store.SingleTenantStore object at 0x7f889c6dbf70>, 'location_class': <class 'glance_store._drivers.swift.store.StoreLocation'>, 'store_entry': 'swift'} {{(pid=138939) register_scheme_map /usr/local/lib/python3.8/dist-packages/glance_store/location.py:146}}
Jun 07 08:34:19 ubuntu devstack@g-api.service[138939]: DEBUG glance_store.backend [None req-35971874-9fb8-49b2-8170-5dc4b84dc099 admin admin] Skipping store.set_acls... not implemented. {{(pid=138939) set_acls /usr/local/lib/python3.8/dist-packages/glance_store/backend.py:509}}
Jun 07 08:34:19 ubuntu devstack@g-api.service[138939]: [pid: 138939|app: 0|req: 3/4] 127.0.0.1 () {40 vars in 862 bytes} [Tue Jun  7 08:34:17 2022] PUT /v2/images/aeb84a93-63ab-448a-bd64-c54ffbdfbcb1/file => generated 0 bytes in 2144 msecs (HTTP/1.1 204) 4 headers in 171 bytes (1 switches on core 0)
Jun 07 08:34:27 ubuntu devstack@g-api.service[138940]: DEBUG dbcounter [-] [138940] Writing DB stats glance:SELECT=9,glance:INSERT=5 {{(pid=138940) stat_writer /usr/local/lib/python3.8/dist-packages/dbcounter.py:114}}
Jun 07 08:34:29 ubuntu devstack@g-api.service[138939]: DEBUG dbcounter [-] [138939] Writing DB stats glance:SELECT=28,glance:UPDATE=2,glance:INSERT=1 {{(pid=138939) stat_writer /usr/local/lib/python3.8/dist-packages/dbcounter.py:114}}
Jun 07 08:35:08 ubuntu devstack@g-api.service[138940]: DEBUG glance.api.middleware.version_negotiation [None req-a447b8b9-3ec8-4b36-bf23-cb9233e9a437 admin admin] Determining version of request: GET / Accept: application/json {{(pid=138940) process_request /opt/stack/glance/glance/api/middleware/version_negotiation.py:44}}
Jun 07 08:35:08 ubuntu devstack@g-api.service[138940]: DEBUG glance.api.middleware.version_negotiation [None req-a447b8b9-3ec8-4b36-bf23-cb9233e9a437 admin admin] Using url versioning {{(pid=138940) process_request /opt/stack/glance/glance/api/middleware/version_negotiation.py:57}}
Jun 07 08:35:08 ubuntu devstack@g-api.service[138940]: DEBUG glance.api.middleware.version_negotiation [None req-a447b8b9-3ec8-4b36-bf23-cb9233e9a437 admin admin] Unknown version. Returning version choices. {{(pid=138940) process_request /opt/stack/glance/glance/api/middleware/version_negotiation.py:64}}
Jun 07 08:35:08 ubuntu devstack@g-api.service[138940]: [pid: 138940|app: 0|req: 2/5] 127.0.0.1 () {34 vars in 506 bytes} [Tue Jun  7 08:35:08 2022] GET / => generated 1323 bytes in 5 msecs (HTTP/1.1 300) 3 headers in 106 bytes (1 switches on core 0)
Jun 07 08:35:08 ubuntu devstack@g-api.service[138939]: DEBUG glance.api.middleware.version_negotiation [None req-35971874-9fb8-49b2-8170-5dc4b84dc099 admin admin] Determining version of request: GET /v2/images Accept: application/json {{(pid=138939) process_request /opt/stack/glance/glance/api/middleware/version_negotiation.py:44}}
Jun 07 08:35:08 ubuntu devstack@g-api.service[138939]: DEBUG glance.api.middleware.version_negotiation [None req-35971874-9fb8-49b2-8170-5dc4b84dc099 admin admin] Using url versioning {{(pid=138939) process_request /opt/stack/glance/glance/api/middleware/version_negotiation.py:57}}
Jun 07 08:35:08 ubuntu devstack@g-api.service[138939]: DEBUG glance.api.middleware.version_negotiation [None req-35971874-9fb8-49b2-8170-5dc4b84dc099 admin admin] Matched version: v2 {{(pid=138939) process_request /opt/stack/glance/glance/api/middleware/version_negotiation.py:69}}
Jun 07 08:35:08 ubuntu devstack@g-api.service[138939]: DEBUG glance.api.middleware.version_negotiation [None req-35971874-9fb8-49b2-8170-5dc4b84dc099 admin admin] new path /v2/images {{(pid=138939) process_request /opt/stack/glance/glance/api/middleware/version_negotiation.py:70}}
Jun 07 08:35:08 ubuntu devstack@g-api.service[138939]: [pid: 138939|app: 0|req: 4/6] 127.0.0.1 () {36 vars in 728 bytes} [Tue Jun  7 08:35:08 2022] GET /v2/images => generated 1045 bytes in 128 msecs (HTTP/1.1 200) 4 headers in 158 bytes (1 switches on core 0)
Jun 07 08:35:14 ubuntu devstack@g-api.service[138940]: DEBUG glance.api.middleware.version_negotiation [None req-a447b8b9-3ec8-4b36-bf23-cb9233e9a437 admin admin] Determining version of request: GET / Accept: application/json {{(pid=138940) process_request /opt/stack/glance/glance/api/middleware/version_negotiation.py:44}}
Jun 07 08:35:14 ubuntu devstack@g-api.service[138940]: DEBUG glance.api.middleware.version_negotiation [None req-a447b8b9-3ec8-4b36-bf23-cb9233e9a437 admin admin] Using url versioning {{(pid=138940) process_request /opt/stack/glance/glance/api/middleware/version_negotiation.py:57}}
Jun 07 08:35:14 ubuntu devstack@g-api.service[138940]: DEBUG glance.api.middleware.version_negotiation [None req-a447b8b9-3ec8-4b36-bf23-cb9233e9a437 admin admin] Unknown version. Returning version choices. {{(pid=138940) process_request /opt/stack/glance/glance/api/middleware/version_negotiation.py:64}}
Jun 07 08:35:14 ubuntu devstack@g-api.service[138940]: [pid: 138940|app: 0|req: 3/7] 127.0.0.1 () {34 vars in 506 bytes} [Tue Jun  7 08:35:14 2022] GET / => generated 1323 bytes in 2 msecs (HTTP/1.1 300) 3 headers in 106 bytes (1 switches on core 0)
Jun 07 08:35:14 ubuntu devstack@g-api.service[138939]: DEBUG glance.api.middleware.version_negotiation [None req-249ba01d-375b-449e-840d-49cbad833d2c admin admin] Determining version of request: GET /v2/images/aeb84a93-63ab-448a-bd64-c54ffbdfbcb1 Accept: */* {{(pid=138939) process_request /opt/stack/glance/glance/api/middleware/version_negotiation.py:44}}
Jun 07 08:35:14 ubuntu devstack@g-api.service[138939]: DEBUG glance.api.middleware.version_negotiation [None req-249ba01d-375b-449e-840d-49cbad833d2c admin admin] Using url versioning {{(pid=138939) process_request /opt/stack/glance/glance/api/middleware/version_negotiation.py:57}}
Jun 07 08:35:14 ubuntu devstack@g-api.service[138939]: DEBUG glance.api.middleware.version_negotiation [None req-249ba01d-375b-449e-840d-49cbad833d2c admin admin] Matched version: v2 {{(pid=138939) process_request /opt/stack/glance/glance/api/middleware/version_negotiation.py:69}}
Jun 07 08:35:14 ubuntu devstack@g-api.service[138939]: DEBUG glance.api.middleware.version_negotiation [None req-249ba01d-375b-449e-840d-49cbad833d2c admin admin] new path /v2/images/aeb84a93-63ab-448a-bd64-c54ffbdfbcb1 {{(pid=138939) process_request /opt/stack/glance/glance/api/middleware/version_negotiation.py:70}}
Jun 07 08:35:14 ubuntu devstack@g-api.service[138939]: [pid: 138939|app: 0|req: 5/8] 127.0.0.1 () {36 vars in 789 bytes} [Tue Jun  7 08:35:14 2022] GET /v2/images/aeb84a93-63ab-448a-bd64-c54ffbdfbcb1 => generated 976 bytes in 74 msecs (HTTP/1.1 200) 4 headers in 157 bytes (1 switches on core 0)
Jun 07 08:35:18 ubuntu devstack@g-api.service[138940]: DEBUG glance.api.middleware.version_negotiation [None req-a447b8b9-3ec8-4b36-bf23-cb9233e9a437 admin admin] Determining version of request: GET / Accept: application/json {{(pid=138940) process_request /opt/stack/glance/glance/api/middleware/version_negotiation.py:44}}
Jun 07 08:35:18 ubuntu devstack@g-api.service[138940]: DEBUG glance.api.middleware.version_negotiation [None req-a447b8b9-3ec8-4b36-bf23-cb9233e9a437 admin admin] Using url versioning {{(pid=138940) process_request /opt/stack/glance/glance/api/middleware/version_negotiation.py:57}}
Jun 07 08:35:18 ubuntu devstack@g-api.service[138940]: DEBUG glance.api.middleware.version_negotiation [None req-a447b8b9-3ec8-4b36-bf23-cb9233e9a437 admin admin] Unknown version. Returning version choices. {{(pid=138940) process_request /opt/stack/glance/glance/api/middleware/version_negotiation.py:64}}
Jun 07 08:35:18 ubuntu devstack@g-api.service[138940]: [pid: 138940|app: 0|req: 4/9] 127.0.0.1 () {34 vars in 506 bytes} [Tue Jun  7 08:35:18 2022] GET / => generated 1323 bytes in 3 msecs (HTTP/1.1 300) 3 headers in 106 bytes (1 switches on core 0)
Jun 07 08:35:18 ubuntu devstack@g-api.service[138939]: DEBUG glance.api.middleware.version_negotiation [None req-bc95a7a3-ecd4-46e4-a8e8-0d56ed8c9d0e admin admin] Determining version of request: GET /v2/images/aeb84a93-63ab-448a-bd64-c54ffbdfbcb1 Accept: */* {{(pid=138939) process_request /opt/stack/glance/glance/api/middleware/version_negotiation.py:44}}
Jun 07 08:35:18 ubuntu devstack@g-api.service[138939]: DEBUG glance.api.middleware.version_negotiation [None req-bc95a7a3-ecd4-46e4-a8e8-0d56ed8c9d0e admin admin] Using url versioning {{(pid=138939) process_request /opt/stack/glance/glance/api/middleware/version_negotiation.py:57}}
Jun 07 08:35:18 ubuntu devstack@g-api.service[138939]: DEBUG glance.api.middleware.version_negotiation [None req-bc95a7a3-ecd4-46e4-a8e8-0d56ed8c9d0e admin admin] Matched version: v2 {{(pid=138939) process_request /opt/stack/glance/glance/api/middleware/version_negotiation.py:69}}
Jun 07 08:35:18 ubuntu devstack@g-api.service[138939]: DEBUG glance.api.middleware.version_negotiation [None req-bc95a7a3-ecd4-46e4-a8e8-0d56ed8c9d0e admin admin] new path /v2/images/aeb84a93-63ab-448a-bd64-c54ffbdfbcb1 {{(pid=138939) process_request /opt/stack/glance/glance/api/middleware/version_negotiation.py:70}}
Jun 07 08:35:18 ubuntu devstack@g-api.service[138939]: [pid: 138939|app: 0|req: 6/10] 127.0.0.1 () {36 vars in 789 bytes} [Tue Jun  7 08:35:18 2022] GET /v2/images/aeb84a93-63ab-448a-bd64-c54ffbdfbcb1 => generated 976 bytes in 57 msecs (HTTP/1.1 200) 4 headers in 157 bytes (1 switches on core 0)
Jun 07 08:35:28 ubuntu devstack@g-api.service[138939]: DEBUG dbcounter [-] [138939] Writing DB stats glance:SELECT=10 {{(pid=138939) stat_writer /usr/local/lib/python3.8/dist-packages/dbcounter.py:114}}
Jun 07 08:37:33 ubuntu devstack@g-api.service[138940]: DEBUG glance.api.middleware.version_negotiation [None req-a447b8b9-3ec8-4b36-bf23-cb9233e9a437 admin admin] Determining version of request: GET /v1 Accept: application/json {{(pid=138940) process_request /opt/stack/glance/glance/api/middleware/version_negotiation.py:44}}
Jun 07 08:37:33 ubuntu devstack@g-api.service[138940]: DEBUG glance.api.middleware.version_negotiation [None req-a447b8b9-3ec8-4b36-bf23-cb9233e9a437 admin admin] Using url versioning {{(pid=138940) process_request /opt/stack/glance/glance/api/middleware/version_negotiation.py:57}}
Jun 07 08:37:33 ubuntu devstack@g-api.service[138940]: DEBUG glance.api.middleware.version_negotiation [None req-a447b8b9-3ec8-4b36-bf23-cb9233e9a437 admin admin] Unknown version. Returning version choices. {{(pid=138940) process_request /opt/stack/glance/glance/api/middleware/version_negotiation.py:64}}
Jun 07 08:37:33 ubuntu devstack@g-api.service[138940]: [pid: 138940|app: 0|req: 5/11] 127.0.0.1 () {38 vars in 685 bytes} [Tue Jun  7 08:37:33 2022] GET /v1 => generated 1323 bytes in 7 msecs (HTTP/1.1 300) 3 headers in 106 bytes (1 switches on core 0)
Jun 07 08:39:01 ubuntu devstack@g-api.service[138940]: DEBUG oslo_concurrency.lockutils [-] Acquired lock "glance-cache" {{(pid=138940) lock /usr/local/lib/python3.8/dist-packages/oslo_concurrency/lockutils.py:294}}
Jun 07 08:39:01 ubuntu devstack@g-api.service[138940]: DEBUG oslo_concurrency.lockutils [-] Acquired external semaphore "glance-cache" {{(pid=138940) lock /usr/local/lib/python3.8/dist-packages/oslo_concurrency/lockutils.py:302}}
Jun 07 08:39:01 ubuntu devstack@g-api.service[138940]: DEBUG glance.image_cache.prefetcher [-] Nothing to prefetch. {{(pid=138940) run /opt/stack/glance/glance/image_cache/prefetcher.py:79}}
Jun 07 08:39:01 ubuntu devstack@g-api.service[138940]: DEBUG oslo_concurrency.lockutils [-] Releasing lock "glance-cache" {{(pid=138940) lock /usr/local/lib/python3.8/dist-packages/oslo_concurrency/lockutils.py:312}}
Jun 07 08:39:01 ubuntu devstack@g-api.service[138939]: DEBUG oslo_concurrency.lockutils [-] Acquired lock "glance-cache" {{(pid=138939) lock /usr/local/lib/python3.8/dist-packages/oslo_concurrency/lockutils.py:294}}
Jun 07 08:39:01 ubuntu devstack@g-api.service[138939]: DEBUG oslo_concurrency.lockutils [-] Acquired external semaphore "glance-cache" {{(pid=138939) lock /usr/local/lib/python3.8/dist-packages/oslo_concurrency/lockutils.py:302}}
Jun 07 08:39:01 ubuntu devstack@g-api.service[138939]: DEBUG glance.image_cache.prefetcher [-] Nothing to prefetch. {{(pid=138939) run /opt/stack/glance/glance/image_cache/prefetcher.py:79}}
Jun 07 08:39:01 ubuntu devstack@g-api.service[138939]: DEBUG oslo_concurrency.lockutils [-] Releasing lock "glance-cache" {{(pid=138939) lock /usr/local/lib/python3.8/dist-packages/oslo_concurrency/lockutils.py:312}}
Jun 07 08:39:53 ubuntu devstack@g-api.service[138939]: DEBUG glance.api.middleware.version_negotiation [None req-180199c1-548e-4830-8b0f-0980b10f24a7 admin admin] Determining version of request: GET /versions Accept: */* {{(pid=138939) process_request /opt/stack/glance/glance/api/middleware/version_negotiation.py:44}}
Jun 07 08:39:53 ubuntu devstack@g-api.service[138939]: [pid: 138939|app: 0|req: 7/12] 127.0.0.1 () {38 vars in 695 bytes} [Tue Jun  7 08:39:53 2022] GET /versions => generated 1323 bytes in 5 msecs (HTTP/1.1 200) 3 headers in 92 bytes (1 switches on core 0)
Jun 07 08:39:53 ubuntu devstack@g-api.service[138940]: DEBUG glance.api.middleware.version_negotiation [None req-a447b8b9-3ec8-4b36-bf23-cb9233e9a437 admin admin] Determining version of request: GET /v2/schemas/image Accept: */* {{(pid=138940) process_request /opt/stack/glance/glance/api/middleware/version_negotiation.py:44}}
Jun 07 08:39:53 ubuntu devstack@g-api.service[138940]: DEBUG glance.api.middleware.version_negotiation [None req-a447b8b9-3ec8-4b36-bf23-cb9233e9a437 admin admin] Using url versioning {{(pid=138940) process_request /opt/stack/glance/glance/api/middleware/version_negotiation.py:57}}
Jun 07 08:39:53 ubuntu devstack@g-api.service[138940]: DEBUG glance.api.middleware.version_negotiation [None req-a447b8b9-3ec8-4b36-bf23-cb9233e9a437 admin admin] Matched version: v2 {{(pid=138940) process_request /opt/stack/glance/glance/api/middleware/version_negotiation.py:69}}
Jun 07 08:39:53 ubuntu devstack@g-api.service[138940]: DEBUG glance.api.middleware.version_negotiation [None req-a447b8b9-3ec8-4b36-bf23-cb9233e9a437 admin admin] new path /v2/schemas/image {{(pid=138940) process_request /opt/stack/glance/glance/api/middleware/version_negotiation.py:70}}
Jun 07 08:39:53 ubuntu devstack@g-api.service[138940]: [pid: 138940|app: 0|req: 6/13] 127.0.0.1 () {38 vars in 711 bytes} [Tue Jun  7 08:39:53 2022] GET /v2/schemas/image => generated 6083 bytes in 110 msecs (HTTP/1.1 200) 4 headers in 158 bytes (1 switches on core 0)
Jun 07 08:39:53 ubuntu devstack@g-api.service[138939]: DEBUG glance.api.middleware.version_negotiation [None req-180199c1-548e-4830-8b0f-0980b10f24a7 admin admin] Determining version of request: GET /v2/schemas/metadefs/namespace Accept: */* {{(pid=138939) process_request /opt/stack/glance/glance/api/middleware/version_negotiation.py:44}}
Jun 07 08:39:53 ubuntu devstack@g-api.service[138939]: DEBUG glance.api.middleware.version_negotiation [None req-180199c1-548e-4830-8b0f-0980b10f24a7 admin admin] Using url versioning {{(pid=138939) process_request /opt/stack/glance/glance/api/middleware/version_negotiation.py:57}}
Jun 07 08:39:53 ubuntu devstack@g-api.service[138939]: DEBUG glance.api.middleware.version_negotiation [None req-180199c1-548e-4830-8b0f-0980b10f24a7 admin admin] Matched version: v2 {{(pid=138939) process_request /opt/stack/glance/glance/api/middleware/version_negotiation.py:69}}
Jun 07 08:39:53 ubuntu devstack@g-api.service[138939]: DEBUG glance.api.middleware.version_negotiation [None req-180199c1-548e-4830-8b0f-0980b10f24a7 admin admin] new path /v2/schemas/metadefs/namespace {{(pid=138939) process_request /opt/stack/glance/glance/api/middleware/version_negotiation.py:70}}
Jun 07 08:39:53 ubuntu devstack@g-api.service[138939]: [pid: 138939|app: 0|req: 8/14] 127.0.0.1 () {38 vars in 737 bytes} [Tue Jun  7 08:39:53 2022] GET /v2/schemas/metadefs/namespace => generated 3100 bytes in 10 msecs (HTTP/1.1 200) 4 headers in 158 bytes (1 switches on core 0)
Jun 07 08:39:53 ubuntu devstack@g-api.service[138940]: DEBUG glance.api.middleware.version_negotiation [None req-72a8e8ee-90d1-4ad0-8e0c-22fec9c1379e admin admin] Determining version of request: GET /v2/schemas/metadefs/resource_type Accept: */* {{(pid=138940) process_request /opt/stack/glance/glance/api/middleware/version_negotiation.py:44}}
Jun 07 08:39:53 ubuntu devstack@g-api.service[138940]: DEBUG glance.api.middleware.version_negotiation [None req-72a8e8ee-90d1-4ad0-8e0c-22fec9c1379e admin admin] Using url versioning {{(pid=138940) process_request /opt/stack/glance/glance/api/middleware/version_negotiation.py:57}}
Jun 07 08:39:53 ubuntu devstack@g-api.service[138940]: DEBUG glance.api.middleware.version_negotiation [None req-72a8e8ee-90d1-4ad0-8e0c-22fec9c1379e admin admin] Matched version: v2 {{(pid=138940) process_request /opt/stack/glance/glance/api/middleware/version_negotiation.py:69}}
Jun 07 08:39:53 ubuntu devstack@g-api.service[138940]: DEBUG glance.api.middleware.version_negotiation [None req-72a8e8ee-90d1-4ad0-8e0c-22fec9c1379e admin admin] new path /v2/schemas/metadefs/resource_type {{(pid=138940) process_request /opt/stack/glance/glance/api/middleware/version_negotiation.py:70}}
Jun 07 08:39:53 ubuntu devstack@g-api.service[138940]: [pid: 138940|app: 0|req: 7/15] 127.0.0.1 () {38 vars in 745 bytes} [Tue Jun  7 08:39:53 2022] GET /v2/schemas/metadefs/resource_type => generated 1262 bytes in 7 msecs (HTTP/1.1 200) 4 headers in 158 bytes (1 switches on core 0)
Jun 07 08:39:53 ubuntu devstack@g-api.service[138939]: DEBUG glance.api.middleware.version_negotiation [None req-56c23041-5b41-46ea-bdc4-9f28269d1429 admin admin] Determining version of request: GET /v2/images Accept: */* {{(pid=138939) process_request /opt/stack/glance/glance/api/middleware/version_negotiation.py:44}}
Jun 07 08:39:53 ubuntu devstack@g-api.service[138939]: DEBUG glance.api.middleware.version_negotiation [None req-56c23041-5b41-46ea-bdc4-9f28269d1429 admin admin] Using url versioning {{(pid=138939) process_request /opt/stack/glance/glance/api/middleware/version_negotiation.py:57}}
Jun 07 08:39:53 ubuntu devstack@g-api.service[138939]: DEBUG glance.api.middleware.version_negotiation [None req-56c23041-5b41-46ea-bdc4-9f28269d1429 admin admin] Matched version: v2 {{(pid=138939) process_request /opt/stack/glance/glance/api/middleware/version_negotiation.py:69}}
Jun 07 08:39:53 ubuntu devstack@g-api.service[138939]: DEBUG glance.api.middleware.version_negotiation [None req-56c23041-5b41-46ea-bdc4-9f28269d1429 admin admin] new path /v2/images {{(pid=138939) process_request /opt/stack/glance/glance/api/middleware/version_negotiation.py:70}}
Jun 07 08:39:54 ubuntu devstack@g-api.service[138939]: [pid: 138939|app: 0|req: 9/16] 127.0.0.1 () {38 vars in 768 bytes} [Tue Jun  7 08:39:53 2022] GET /v2/images?limit=20&sort_key=name&sort_dir=asc => generated 1081 bytes in 80 msecs (HTTP/1.1 200) 4 headers in 158 bytes (1 switches on core 0)
Jun 07 08:39:54 ubuntu devstack@g-api.service[138940]: DEBUG glance.api.middleware.version_negotiation [None req-2cf92565-0818-4f7c-8347-ed7907cfa5ea admin admin] Determining version of request: GET /v2/schemas/image Accept: */* {{(pid=138940) process_request /opt/stack/glance/glance/api/middleware/version_negotiation.py:44}}
Jun 07 08:39:54 ubuntu devstack@g-api.service[138940]: DEBUG glance.api.middleware.version_negotiation [None req-2cf92565-0818-4f7c-8347-ed7907cfa5ea admin admin] Using url versioning {{(pid=138940) process_request /opt/stack/glance/glance/api/middleware/version_negotiation.py:57}}
Jun 07 08:39:54 ubuntu devstack@g-api.service[138940]: DEBUG glance.api.middleware.version_negotiation [None req-2cf92565-0818-4f7c-8347-ed7907cfa5ea admin admin] Matched version: v2 {{(pid=138940) process_request /opt/stack/glance/glance/api/middleware/version_negotiation.py:69}}
Jun 07 08:39:54 ubuntu devstack@g-api.service[138940]: DEBUG glance.api.middleware.version_negotiation [None req-2cf92565-0818-4f7c-8347-ed7907cfa5ea admin admin] new path /v2/schemas/image {{(pid=138940) process_request /opt/stack/glance/glance/api/middleware/version_negotiation.py:70}}
Jun 07 08:39:54 ubuntu devstack@g-api.service[138940]: [pid: 138940|app: 0|req: 8/17] 127.0.0.1 () {38 vars in 711 bytes} [Tue Jun  7 08:39:54 2022] GET /v2/schemas/image => generated 6083 bytes in 10 msecs (HTTP/1.1 200) 4 headers in 158 bytes (1 switches on core 0)
Jun 07 08:40:03 ubuntu devstack@g-api.service[138939]: DEBUG glance.api.middleware.version_negotiation [None req-d5858aa6-b458-4405-904b-7876a208a7f7 admin admin] Determining version of request: GET / Accept: application/json {{(pid=138939) process_request /opt/stack/glance/glance/api/middleware/version_negotiation.py:44}}
Jun 07 08:40:03 ubuntu devstack@g-api.service[138939]: DEBUG glance.api.middleware.version_negotiation [None req-d5858aa6-b458-4405-904b-7876a208a7f7 admin admin] Using url versioning {{(pid=138939) process_request /opt/stack/glance/glance/api/middleware/version_negotiation.py:57}}
Jun 07 08:40:03 ubuntu devstack@g-api.service[138939]: DEBUG glance.api.middleware.version_negotiation [None req-d5858aa6-b458-4405-904b-7876a208a7f7 admin admin] Unknown version. Returning version choices. {{(pid=138939) process_request /opt/stack/glance/glance/api/middleware/version_negotiation.py:64}}
Jun 07 08:40:03 ubuntu devstack@g-api.service[138939]: [pid: 138939|app: 0|req: 10/18] 127.0.0.1 () {34 vars in 492 bytes} [Tue Jun  7 08:40:03 2022] GET / => generated 1323 bytes in 3 msecs (HTTP/1.1 300) 3 headers in 106 bytes (1 switches on core 0)
Jun 07 08:40:03 ubuntu devstack@g-api.service[138940]: DEBUG glance.api.middleware.version_negotiation [None req-8c8c4469-69d7-49d1-8950-1ce8c1880a17 admin admin] Determining version of request: GET /v2/images/aeb84a93-63ab-448a-bd64-c54ffbdfbcb1 Accept: */* {{(pid=138940) process_request /opt/stack/glance/glance/api/middleware/version_negotiation.py:44}}
Jun 07 08:40:03 ubuntu devstack@g-api.service[138940]: DEBUG glance.api.middleware.version_negotiation [None req-8c8c4469-69d7-49d1-8950-1ce8c1880a17 admin admin] Using url versioning {{(pid=138940) process_request /opt/stack/glance/glance/api/middleware/version_negotiation.py:57}}
Jun 07 08:40:03 ubuntu devstack@g-api.service[138940]: DEBUG glance.api.middleware.version_negotiation [None req-8c8c4469-69d7-49d1-8950-1ce8c1880a17 admin admin] Matched version: v2 {{(pid=138940) process_request /opt/stack/glance/glance/api/middleware/version_negotiation.py:69}}
Jun 07 08:40:03 ubuntu devstack@g-api.service[138940]: DEBUG glance.api.middleware.version_negotiation [None req-8c8c4469-69d7-49d1-8950-1ce8c1880a17 admin admin] new path /v2/images/aeb84a93-63ab-448a-bd64-c54ffbdfbcb1 {{(pid=138940) process_request /opt/stack/glance/glance/api/middleware/version_negotiation.py:70}}
Jun 07 08:40:03 ubuntu devstack@g-api.service[138940]: WARNING keystonemiddleware.auth_token [None req-8c8c4469-69d7-49d1-8950-1ce8c1880a17 admin admin] A valid token was submitted as a service token, but it was not a valid service token. This is incorrect but backwards compatible behaviour. This will be removed in future releases.
Jun 07 08:40:03 ubuntu devstack@g-api.service[138940]: [pid: 138940|app: 0|req: 9/19] 127.0.0.1 () {42 vars in 1049 bytes} [Tue Jun  7 08:40:03 2022] GET /v2/images/aeb84a93-63ab-448a-bd64-c54ffbdfbcb1 => generated 976 bytes in 107 msecs (HTTP/1.1 200) 4 headers in 157 bytes (1 switches on core 0)
Jun 07 08:40:03 ubuntu devstack@g-api.service[138939]: DEBUG glance.api.middleware.version_negotiation [None req-d5858aa6-b458-4405-904b-7876a208a7f7 admin admin] Determining version of request: GET /v2/schemas/image Accept: */* {{(pid=138939) process_request /opt/stack/glance/glance/api/middleware/version_negotiation.py:44}}
Jun 07 08:40:03 ubuntu devstack@g-api.service[138939]: DEBUG glance.api.middleware.version_negotiation [None req-d5858aa6-b458-4405-904b-7876a208a7f7 admin admin] Using url versioning {{(pid=138939) process_request /opt/stack/glance/glance/api/middleware/version_negotiation.py:57}}
Jun 07 08:40:03 ubuntu devstack@g-api.service[138939]: DEBUG glance.api.middleware.version_negotiation [None req-d5858aa6-b458-4405-904b-7876a208a7f7 admin admin] Matched version: v2 {{(pid=138939) process_request /opt/stack/glance/glance/api/middleware/version_negotiation.py:69}}
Jun 07 08:40:03 ubuntu devstack@g-api.service[138939]: DEBUG glance.api.middleware.version_negotiation [None req-d5858aa6-b458-4405-904b-7876a208a7f7 admin admin] new path /v2/schemas/image {{(pid=138939) process_request /opt/stack/glance/glance/api/middleware/version_negotiation.py:70}}
Jun 07 08:40:03 ubuntu devstack@g-api.service[138939]: WARNING keystonemiddleware.auth_token [None req-d5858aa6-b458-4405-904b-7876a208a7f7 admin admin] A valid token was submitted as a service token, but it was not a valid service token. This is incorrect but backwards compatible behaviour. This will be removed in future releases.
Jun 07 08:40:03 ubuntu devstack@g-api.service[138939]: [pid: 138939|app: 0|req: 11/20] 127.0.0.1 () {42 vars in 989 bytes} [Tue Jun  7 08:40:03 2022] GET /v2/schemas/image => generated 6083 bytes in 6 msecs (HTTP/1.1 200) 4 headers in 158 bytes (1 switches on core 0)
Jun 07 08:40:04 ubuntu devstack@g-api.service[138939]: DEBUG dbcounter [-] [138939] Writing DB stats glance:SELECT=2 {{(pid=138939) stat_writer /usr/local/lib/python3.8/dist-packages/dbcounter.py:114}}
Jun 07 08:40:06 ubuntu devstack@g-api.service[138940]: DEBUG glance.api.middleware.version_negotiation [None req-ee2d5183-49e8-4850-8448-a50cbcc97adf tempest-VolumesAdminNegativeTest-1366027234 tempest-VolumesAdminNegativeTest-1366027234-project] Determining version of request: GET /v2/images/aeb84a93-63ab-448a-bd64-c54ffbdfbcb1 Accept: */* {{(pid=138940) process_request /opt/stack/glance/glance/api/middleware/version_negotiation.py:44}}
Jun 07 08:40:06 ubuntu devstack@g-api.service[138940]: DEBUG glance.api.middleware.version_negotiation [None req-ee2d5183-49e8-4850-8448-a50cbcc97adf tempest-VolumesAdminNegativeTest-1366027234 tempest-VolumesAdminNegativeTest-1366027234-project] Using url versioning {{(pid=138940) process_request /opt/stack/glance/glance/api/middleware/version_negotiation.py:57}}
Jun 07 08:40:06 ubuntu devstack@g-api.service[138940]: DEBUG glance.api.middleware.version_negotiation [None req-ee2d5183-49e8-4850-8448-a50cbcc97adf tempest-VolumesAdminNegativeTest-1366027234 tempest-VolumesAdminNegativeTest-1366027234-project] Matched version: v2 {{(pid=138940) process_request /opt/stack/glance/glance/api/middleware/version_negotiation.py:69}}
Jun 07 08:40:06 ubuntu devstack@g-api.service[138940]: DEBUG glance.api.middleware.version_negotiation [None req-ee2d5183-49e8-4850-8448-a50cbcc97adf tempest-VolumesAdminNegativeTest-1366027234 tempest-VolumesAdminNegativeTest-1366027234-project] new path /v2/images/aeb84a93-63ab-448a-bd64-c54ffbdfbcb1 {{(pid=138940) process_request /opt/stack/glance/glance/api/middleware/version_negotiation.py:70}}
Jun 07 08:40:06 ubuntu devstack@g-api.service[138940]: [pid: 138940|app: 0|req: 10/21] 127.0.0.1 () {42 vars in 1049 bytes} [Tue Jun  7 08:40:06 2022] GET /v2/images/aeb84a93-63ab-448a-bd64-c54ffbdfbcb1 => generated 976 bytes in 20 msecs (HTTP/1.1 200) 4 headers in 157 bytes (1 switches on core 0)
Jun 07 08:40:06 ubuntu devstack@g-api.service[138939]: DEBUG glance.api.middleware.version_negotiation [None req-ee2d5183-49e8-4850-8448-a50cbcc97adf tempest-VolumesAdminNegativeTest-1366027234 tempest-VolumesAdminNegativeTest-1366027234-project] Determining version of request: GET /v2/images/aeb84a93-63ab-448a-bd64-c54ffbdfbcb1/file Accept: */* {{(pid=138939) process_request /opt/stack/glance/glance/api/middleware/version_negotiation.py:44}}
Jun 07 08:40:06 ubuntu devstack@g-api.service[138939]: DEBUG glance.api.middleware.version_negotiation [None req-ee2d5183-49e8-4850-8448-a50cbcc97adf tempest-VolumesAdminNegativeTest-1366027234 tempest-VolumesAdminNegativeTest-1366027234-project] Using url versioning {{(pid=138939) process_request /opt/stack/glance/glance/api/middleware/version_negotiation.py:57}}
Jun 07 08:40:06 ubuntu devstack@g-api.service[138939]: DEBUG glance.api.middleware.version_negotiation [None req-ee2d5183-49e8-4850-8448-a50cbcc97adf tempest-VolumesAdminNegativeTest-1366027234 tempest-VolumesAdminNegativeTest-1366027234-project] Matched version: v2 {{(pid=138939) process_request /opt/stack/glance/glance/api/middleware/version_negotiation.py:69}}
Jun 07 08:40:06 ubuntu devstack@g-api.service[138939]: DEBUG glance.api.middleware.version_negotiation [None req-ee2d5183-49e8-4850-8448-a50cbcc97adf tempest-VolumesAdminNegativeTest-1366027234 tempest-VolumesAdminNegativeTest-1366027234-project] new path /v2/images/aeb84a93-63ab-448a-bd64-c54ffbdfbcb1/file {{(pid=138939) process_request /opt/stack/glance/glance/api/middleware/version_negotiation.py:70}}
Jun 07 08:40:06 ubuntu devstack@g-api.service[138939]: DEBUG glance_store.backend [None req-ee2d5183-49e8-4850-8448-a50cbcc97adf tempest-VolumesAdminNegativeTest-1366027234 tempest-VolumesAdminNegativeTest-1366027234-project] Attempting to import store swift {{(pid=138939) _load_store /usr/local/lib/python3.8/dist-packages/glance_store/backend.py:217}}
Jun 07 08:40:06 ubuntu devstack@g-api.service[138939]: DEBUG glance_store.capabilities [None req-ee2d5183-49e8-4850-8448-a50cbcc97adf tempest-VolumesAdminNegativeTest-1366027234 tempest-VolumesAdminNegativeTest-1366027234-project] Store glance_store._drivers.swift.store.SingleTenantStore doesn't support updating dynamic storage capabilities. Please overwrite 'update_capabilities' method of the store to implement updating logics if needed. {{(pid=138939) update_capabilities /usr/local/lib/python3.8/dist-packages/glance_store/capabilities.py:91}}
Jun 07 08:40:06 ubuntu devstack@g-api.service[138939]: DEBUG glance_store.driver [None req-ee2d5183-49e8-4850-8448-a50cbcc97adf tempest-VolumesAdminNegativeTest-1366027234 tempest-VolumesAdminNegativeTest-1366027234-project] Late loading location class glance_store._drivers.swift.store.StoreLocation {{(pid=138939) get_store_location_class /usr/local/lib/python3.8/dist-packages/glance_store/driver.py:117}}
Jun 07 08:40:06 ubuntu devstack@g-api.service[138939]: DEBUG glance_store.location [None req-ee2d5183-49e8-4850-8448-a50cbcc97adf tempest-VolumesAdminNegativeTest-1366027234 tempest-VolumesAdminNegativeTest-1366027234-project] Registering scheme swift+https with {'store': <glance_store._drivers.swift.store.SingleTenantStore object at 0x7f889c86bc40>, 'location_class': <class 'glance_store._drivers.swift.store.StoreLocation'>, 'store_entry': 'swift'} {{(pid=138939) register_scheme_map /usr/local/lib/python3.8/dist-packages/glance_store/location.py:146}}
Jun 07 08:40:06 ubuntu devstack@g-api.service[138939]: DEBUG glance_store.location [None req-ee2d5183-49e8-4850-8448-a50cbcc97adf tempest-VolumesAdminNegativeTest-1366027234 tempest-VolumesAdminNegativeTest-1366027234-project] Registering scheme swift+https with {'store': <glance_store._drivers.swift.store.SingleTenantStore object at 0x7f889c86bc40>, 'location_class': <class 'glance_store._drivers.swift.store.StoreLocation'>, 'store_entry': 'swift'} {{(pid=138939) register_scheme_map /usr/local/lib/python3.8/dist-packages/glance_store/location.py:146}}
Jun 07 08:40:06 ubuntu devstack@g-api.service[138939]: DEBUG glance_store.location [None req-ee2d5183-49e8-4850-8448-a50cbcc97adf tempest-VolumesAdminNegativeTest-1366027234 tempest-VolumesAdminNegativeTest-1366027234-project] Registering scheme swift with {'store': <glance_store._drivers.swift.store.SingleTenantStore object at 0x7f889c86bc40>, 'location_class': <class 'glance_store._drivers.swift.store.StoreLocation'>, 'store_entry': 'swift'} {{(pid=138939) register_scheme_map /usr/local/lib/python3.8/dist-packages/glance_store/location.py:146}}
Jun 07 08:40:06 ubuntu devstack@g-api.service[138939]: DEBUG glance_store.location [None req-ee2d5183-49e8-4850-8448-a50cbcc97adf tempest-VolumesAdminNegativeTest-1366027234 tempest-VolumesAdminNegativeTest-1366027234-project] Registering scheme swift+https with {'store': <glance_store._drivers.swift.store.SingleTenantStore object at 0x7f889c86bc40>, 'location_class': <class 'glance_store._drivers.swift.store.StoreLocation'>, 'store_entry': 'swift'} {{(pid=138939) register_scheme_map /usr/local/lib/python3.8/dist-packages/glance_store/location.py:146}}
Jun 07 08:40:06 ubuntu devstack@g-api.service[138939]: DEBUG glance_store.location [None req-ee2d5183-49e8-4850-8448-a50cbcc97adf tempest-VolumesAdminNegativeTest-1366027234 tempest-VolumesAdminNegativeTest-1366027234-project] Registering scheme swift with {'store': <glance_store._drivers.swift.store.SingleTenantStore object at 0x7f889c86bc40>, 'location_class': <class 'glance_store._drivers.swift.store.StoreLocation'>, 'store_entry': 'swift'} {{(pid=138939) register_scheme_map /usr/local/lib/python3.8/dist-packages/glance_store/location.py:146}}
Jun 07 08:40:06 ubuntu devstack@g-api.service[138939]: DEBUG glance_store.location [None req-ee2d5183-49e8-4850-8448-a50cbcc97adf tempest-VolumesAdminNegativeTest-1366027234 tempest-VolumesAdminNegativeTest-1366027234-project] Registering scheme swift+http with {'store': <glance_store._drivers.swift.store.SingleTenantStore object at 0x7f889c86bc40>, 'location_class': <class 'glance_store._drivers.swift.store.StoreLocation'>, 'store_entry': 'swift'} {{(pid=138939) register_scheme_map /usr/local/lib/python3.8/dist-packages/glance_store/location.py:146}}
Jun 07 08:40:06 ubuntu devstack@g-api.service[138939]: DEBUG glance_store.location [None req-ee2d5183-49e8-4850-8448-a50cbcc97adf tempest-VolumesAdminNegativeTest-1366027234 tempest-VolumesAdminNegativeTest-1366027234-project] Registering scheme swift+https with {'store': <glance_store._drivers.swift.store.SingleTenantStore object at 0x7f889c86bc40>, 'location_class': <class 'glance_store._drivers.swift.store.StoreLocation'>, 'store_entry': 'swift'} {{(pid=138939) register_scheme_map /usr/local/lib/python3.8/dist-packages/glance_store/location.py:146}}
Jun 07 08:40:06 ubuntu devstack@g-api.service[138939]: DEBUG glance_store.location [None req-ee2d5183-49e8-4850-8448-a50cbcc97adf tempest-VolumesAdminNegativeTest-1366027234 tempest-VolumesAdminNegativeTest-1366027234-project] Registering scheme swift with {'store': <glance_store._drivers.swift.store.SingleTenantStore object at 0x7f889c86bc40>, 'location_class': <class 'glance_store._drivers.swift.store.StoreLocation'>, 'store_entry': 'swift'} {{(pid=138939) register_scheme_map /usr/local/lib/python3.8/dist-packages/glance_store/location.py:146}}
Jun 07 08:40:06 ubuntu devstack@g-api.service[138939]: DEBUG glance_store.location [None req-ee2d5183-49e8-4850-8448-a50cbcc97adf tempest-VolumesAdminNegativeTest-1366027234 tempest-VolumesAdminNegativeTest-1366027234-project] Registering scheme swift+http with {'store': <glance_store._drivers.swift.store.SingleTenantStore object at 0x7f889c86bc40>, 'location_class': <class 'glance_store._drivers.swift.store.StoreLocation'>, 'store_entry': 'swift'} {{(pid=138939) register_scheme_map /usr/local/lib/python3.8/dist-packages/glance_store/location.py:146}}
Jun 07 08:40:06 ubuntu devstack@g-api.service[138939]: DEBUG glance_store.location [None req-ee2d5183-49e8-4850-8448-a50cbcc97adf tempest-VolumesAdminNegativeTest-1366027234 tempest-VolumesAdminNegativeTest-1366027234-project] Registering scheme swift+config with {'store': <glance_store._drivers.swift.store.SingleTenantStore object at 0x7f889c86bc40>, 'location_class': <class 'glance_store._drivers.swift.store.StoreLocation'>, 'store_entry': 'swift'} {{(pid=138939) register_scheme_map /usr/local/lib/python3.8/dist-packages/glance_store/location.py:146}}
Jun 07 08:40:06 ubuntu devstack@g-api.service[138939]: DEBUG swiftclient [None req-ee2d5183-49e8-4850-8448-a50cbcc97adf tempest-VolumesAdminNegativeTest-1366027234 tempest-VolumesAdminNegativeTest-1366027234-project] REQ: curl -i http://192.168.79.44:8080/v1/AUTH_e5f6e650098b42308f0ecfb3807d9605/glance/aeb84a93-63ab-448a-bd64-c54ffbdfbcb1 -X GET -H "X-Auth-Token: gAAAAABinw7mRF8c..." {{(pid=138939) http_log /usr/local/lib/python3.8/dist-packages/swiftclient/client.py:157}}
Jun 07 08:40:06 ubuntu devstack@g-api.service[138939]: DEBUG swiftclient [None req-ee2d5183-49e8-4850-8448-a50cbcc97adf tempest-VolumesAdminNegativeTest-1366027234 tempest-VolumesAdminNegativeTest-1366027234-project] RESP STATUS: 200 OK {{(pid=138939) http_log /usr/local/lib/python3.8/dist-packages/swiftclient/client.py:158}}
Jun 07 08:40:06 ubuntu devstack@g-api.service[138939]: DEBUG swiftclient [None req-ee2d5183-49e8-4850-8448-a50cbcc97adf tempest-VolumesAdminNegativeTest-1366027234 tempest-VolumesAdminNegativeTest-1366027234-project] RESP HEADERS: {'Content-Type': 'application/octet-stream', 'Etag': '1d3062cd89af34e419f7100277f38b2b', 'Last-Modified': 'Tue, 07 Jun 2022 08:34:19 GMT', 'X-Timestamp': '1654590858.74187', 'Accept-Ranges': 'bytes', 'Content-Length': '16338944', 'X-Trans-Id': 'tx0bcec15fd8ad4462bc27d-00629f0ee6', 'X-Openstack-Request-Id': 'tx0bcec15fd8ad4462bc27d-00629f0ee6', 'Date': 'Tue, 07 Jun 2022 08:40:06 GMT'} {{(pid=138939) http_log /usr/local/lib/python3.8/dist-packages/swiftclient/client.py:159}}
Jun 07 08:40:06 ubuntu devstack@g-api.service[138939]: DEBUG glance.image_cache [None req-ee2d5183-49e8-4850-8448-a50cbcc97adf tempest-VolumesAdminNegativeTest-1366027234 tempest-VolumesAdminNegativeTest-1366027234-project] Tee'ing image 'aeb84a93-63ab-448a-bd64-c54ffbdfbcb1' into cache {{(pid=138939) get_caching_iter /opt/stack/glance/glance/image_cache/__init__.py:343}}
Jun 07 08:40:06 ubuntu devstack@g-api.service[138939]: DEBUG glance.image_cache.drivers.sqlite [None req-ee2d5183-49e8-4850-8448-a50cbcc97adf tempest-VolumesAdminNegativeTest-1366027234 tempest-VolumesAdminNegativeTest-1366027234-project] Fetch finished, moving '/opt/stack/data/glance/cache/incomplete/aeb84a93-63ab-448a-bd64-c54ffbdfbcb1' to '/opt/stack/data/glance/cache/aeb84a93-63ab-448a-bd64-c54ffbdfbcb1' {{(pid=138939) commit /opt/stack/glance/glance/image_cache/drivers/sqlite.py:324}}
Jun 07 08:40:06 ubuntu devstack@g-api.service[138939]: [pid: 138939|app: 0|req: 12/22] 127.0.0.1 () {42 vars in 1059 bytes} [Tue Jun  7 08:40:06 2022] GET /v2/images/aeb84a93-63ab-448a-bd64-c54ffbdfbcb1/file => generated 16338944 bytes in 431 msecs (HTTP/1.1 200) 4 headers in 191 bytes (250 switches on core 0)
Jun 07 08:40:16 ubuntu devstack@g-api.service[138940]: DEBUG dbcounter [-] [138940] Writing DB stats glance:SELECT=8 {{(pid=138940) stat_writer /usr/local/lib/python3.8/dist-packages/dbcounter.py:114}}
Jun 07 08:40:16 ubuntu devstack@g-api.service[138939]: DEBUG dbcounter [-] [138939] Writing DB stats glance:SELECT=8 {{(pid=138939) stat_writer /usr/local/lib/python3.8/dist-packages/dbcounter.py:114}}
Jun 07 08:40:26 ubuntu devstack@g-api.service[138940]: DEBUG glance.api.middleware.version_negotiation [None req-ee2d5183-49e8-4850-8448-a50cbcc97adf tempest-VolumesAdminNegativeTest-1366027234 tempest-VolumesAdminNegativeTest-1366027234-project] Determining version of request: GET / Accept: application/json {{(pid=138940) process_request /opt/stack/glance/glance/api/middleware/version_negotiation.py:44}}
Jun 07 08:40:26 ubuntu devstack@g-api.service[138940]: DEBUG glance.api.middleware.version_negotiation [None req-ee2d5183-49e8-4850-8448-a50cbcc97adf tempest-VolumesAdminNegativeTest-1366027234 tempest-VolumesAdminNegativeTest-1366027234-project] Using url versioning {{(pid=138940) process_request /opt/stack/glance/glance/api/middleware/version_negotiation.py:57}}
Jun 07 08:40:26 ubuntu devstack@g-api.service[138940]: DEBUG glance.api.middleware.version_negotiation [None req-ee2d5183-49e8-4850-8448-a50cbcc97adf tempest-VolumesAdminNegativeTest-1366027234 tempest-VolumesAdminNegativeTest-1366027234-project] Unknown version. Returning version choices. {{(pid=138940) process_request /opt/stack/glance/glance/api/middleware/version_negotiation.py:64}}
Jun 07 08:40:26 ubuntu devstack@g-api.service[138940]: [pid: 138940|app: 0|req: 11/23] 127.0.0.1 () {34 vars in 492 bytes} [Tue Jun  7 08:40:26 2022] GET / => generated 1323 bytes in 4 msecs (HTTP/1.1 300) 3 headers in 106 bytes (1 switches on core 0)
Jun 07 08:40:26 ubuntu devstack@g-api.service[138939]: DEBUG glance.api.middleware.version_negotiation [None req-ee2d5183-49e8-4850-8448-a50cbcc97adf tempest-VolumesAdminNegativeTest-1366027234 tempest-VolumesAdminNegativeTest-1366027234-project] Determining version of request: GET /v2/images/aeb84a93-63ab-448a-bd64-c54ffbdfbcb1 Accept: */* {{(pid=138939) process_request /opt/stack/glance/glance/api/middleware/version_negotiation.py:44}}
Jun 07 08:40:26 ubuntu devstack@g-api.service[138939]: DEBUG glance.api.middleware.version_negotiation [None req-ee2d5183-49e8-4850-8448-a50cbcc97adf tempest-VolumesAdminNegativeTest-1366027234 tempest-VolumesAdminNegativeTest-1366027234-project] Using url versioning {{(pid=138939) process_request /opt/stack/glance/glance/api/middleware/version_negotiation.py:57}}
Jun 07 08:40:26 ubuntu devstack@g-api.service[138939]: DEBUG glance.api.middleware.version_negotiation [None req-ee2d5183-49e8-4850-8448-a50cbcc97adf tempest-VolumesAdminNegativeTest-1366027234 tempest-VolumesAdminNegativeTest-1366027234-project] Matched version: v2 {{(pid=138939) process_request /opt/stack/glance/glance/api/middleware/version_negotiation.py:69}}
Jun 07 08:40:26 ubuntu devstack@g-api.service[138939]: DEBUG glance.api.middleware.version_negotiation [None req-ee2d5183-49e8-4850-8448-a50cbcc97adf tempest-VolumesAdminNegativeTest-1366027234 tempest-VolumesAdminNegativeTest-1366027234-project] new path /v2/images/aeb84a93-63ab-448a-bd64-c54ffbdfbcb1 {{(pid=138939) process_request /opt/stack/glance/glance/api/middleware/version_negotiation.py:70}}
Jun 07 08:40:26 ubuntu devstack@g-api.service[138939]: [pid: 138939|app: 0|req: 13/24] 127.0.0.1 () {42 vars in 1049 bytes} [Tue Jun  7 08:40:26 2022] GET /v2/images/aeb84a93-63ab-448a-bd64-c54ffbdfbcb1 => generated 976 bytes in 25 msecs (HTTP/1.1 200) 4 headers in 157 bytes (1 switches on core 0)
Jun 07 08:40:26 ubuntu devstack@g-api.service[138940]: DEBUG glance.api.middleware.version_negotiation [None req-ee2d5183-49e8-4850-8448-a50cbcc97adf tempest-VolumesAdminNegativeTest-1366027234 tempest-VolumesAdminNegativeTest-1366027234-project] Determining version of request: GET /v2/schemas/image Accept: */* {{(pid=138940) process_request /opt/stack/glance/glance/api/middleware/version_negotiation.py:44}}
Jun 07 08:40:26 ubuntu devstack@g-api.service[138940]: DEBUG glance.api.middleware.version_negotiation [None req-ee2d5183-49e8-4850-8448-a50cbcc97adf tempest-VolumesAdminNegativeTest-1366027234 tempest-VolumesAdminNegativeTest-1366027234-project] Using url versioning {{(pid=138940) process_request /opt/stack/glance/glance/api/middleware/version_negotiation.py:57}}
Jun 07 08:40:26 ubuntu devstack@g-api.service[138940]: DEBUG glance.api.middleware.version_negotiation [None req-ee2d5183-49e8-4850-8448-a50cbcc97adf tempest-VolumesAdminNegativeTest-1366027234 tempest-VolumesAdminNegativeTest-1366027234-project] Matched version: v2 {{(pid=138940) process_request /opt/stack/glance/glance/api/middleware/version_negotiation.py:69}}
Jun 07 08:40:26 ubuntu devstack@g-api.service[138940]: DEBUG glance.api.middleware.version_negotiation [None req-ee2d5183-49e8-4850-8448-a50cbcc97adf tempest-VolumesAdminNegativeTest-1366027234 tempest-VolumesAdminNegativeTest-1366027234-project] new path /v2/schemas/image {{(pid=138940) process_request /opt/stack/glance/glance/api/middleware/version_negotiation.py:70}}
Jun 07 08:40:26 ubuntu devstack@g-api.service[138940]: [pid: 138940|app: 0|req: 12/25] 127.0.0.1 () {42 vars in 989 bytes} [Tue Jun  7 08:40:26 2022] GET /v2/schemas/image => generated 6083 bytes in 11 msecs (HTTP/1.1 200) 4 headers in 158 bytes (1 switches on core 0)
Jun 07 08:40:36 ubuntu devstack@g-api.service[138939]: DEBUG dbcounter [-] [138939] Writing DB stats glance:SELECT=4 {{(pid=138939) stat_writer /usr/local/lib/python3.8/dist-packages/dbcounter.py:114}}
Jun 07 08:40:54 ubuntu devstack@g-api.service[138939]: DEBUG glance.api.middleware.version_negotiation [None req-e6fe9189-fe57-4533-b8ef-bbe62590f34c tempest-DeleteServersTestJSON-622886586 tempest-DeleteServersTestJSON-622886586-project] Determining version of request: GET /v2/images/aeb84a93-63ab-448a-bd64-c54ffbdfbcb1 Accept: */* {{(pid=138939) process_request /opt/stack/glance/glance/api/middleware/version_negotiation.py:44}}
