Jul 11 21:00:26 ubuntu devstack@g-api.service[132733]: DEBUG glance_store.backend [None req-032f00eb-c1fd-4e32-ad35-687e83d8564e admin admin] Attempting to import store swift {{(pid=132733) _load_store /usr/local/lib/python3.8/dist-packages/glance_store/backend.py:217}}
Jul 11 21:00:26 ubuntu devstack@g-api.service[132733]: DEBUG glance_store.capabilities [None req-032f00eb-c1fd-4e32-ad35-687e83d8564e admin admin] Store glance_store._drivers.swift.store.SingleTenantStore doesn't support updating dynamic storage capabilities. Please overwrite 'update_capabilities' method of the store to implement updating logics if needed. {{(pid=132733) update_capabilities /usr/local/lib/python3.8/dist-packages/glance_store/capabilities.py:91}}
Jul 11 21:00:26 ubuntu devstack@g-api.service[132733]: DEBUG glance_store.driver [None req-032f00eb-c1fd-4e32-ad35-687e83d8564e admin admin] Late loading location class glance_store._drivers.swift.store.StoreLocation {{(pid=132733) get_store_location_class /usr/local/lib/python3.8/dist-packages/glance_store/driver.py:117}}
Jul 11 21:00:26 ubuntu devstack@g-api.service[132733]: DEBUG glance_store.location [None req-032f00eb-c1fd-4e32-ad35-687e83d8564e admin admin] Registering scheme swift+https with {'store': <glance_store._drivers.swift.store.SingleTenantStore object at 0x7facd4ab3fa0>, 'location_class': <class 'glance_store._drivers.swift.store.StoreLocation'>, 'store_entry': 'swift'} {{(pid=132733) register_scheme_map /usr/local/lib/python3.8/dist-packages/glance_store/location.py:146}}
Jul 11 21:00:26 ubuntu devstack@g-api.service[132733]: DEBUG glance_store.location [None req-032f00eb-c1fd-4e32-ad35-687e83d8564e admin admin] Registering scheme swift+https with {'store': <glance_store._drivers.swift.store.SingleTenantStore object at 0x7facd4ab3fa0>, 'location_class': <class 'glance_store._drivers.swift.store.StoreLocation'>, 'store_entry': 'swift'} {{(pid=132733) register_scheme_map /usr/local/lib/python3.8/dist-packages/glance_store/location.py:146}}
Jul 11 21:00:26 ubuntu devstack@g-api.service[132733]: DEBUG glance_store.location [None req-032f00eb-c1fd-4e32-ad35-687e83d8564e admin admin] Registering scheme swift with {'store': <glance_store._drivers.swift.store.SingleTenantStore object at 0x7facd4ab3fa0>, 'location_class': <class 'glance_store._drivers.swift.store.StoreLocation'>, 'store_entry': 'swift'} {{(pid=132733) register_scheme_map /usr/local/lib/python3.8/dist-packages/glance_store/location.py:146}}
Jul 11 21:00:26 ubuntu devstack@g-api.service[132733]: DEBUG glance_store.location [None req-032f00eb-c1fd-4e32-ad35-687e83d8564e admin admin] Registering scheme swift+https with {'store': <glance_store._drivers.swift.store.SingleTenantStore object at 0x7facd4ab3fa0>, 'location_class': <class 'glance_store._drivers.swift.store.StoreLocation'>, 'store_entry': 'swift'} {{(pid=132733) register_scheme_map /usr/local/lib/python3.8/dist-packages/glance_store/location.py:146}}
Jul 11 21:00:26 ubuntu devstack@g-api.service[132733]: DEBUG glance_store.location [None req-032f00eb-c1fd-4e32-ad35-687e83d8564e admin admin] Registering scheme swift with {'store': <glance_store._drivers.swift.store.SingleTenantStore object at 0x7facd4ab3fa0>, 'location_class': <class 'glance_store._drivers.swift.store.StoreLocation'>, 'store_entry': 'swift'} {{(pid=132733) register_scheme_map /usr/local/lib/python3.8/dist-packages/glance_store/location.py:146}}
Jul 11 21:00:26 ubuntu devstack@g-api.service[132733]: DEBUG glance_store.location [None req-032f00eb-c1fd-4e32-ad35-687e83d8564e admin admin] Registering scheme swift+http with {'store': <glance_store._drivers.swift.store.SingleTenantStore object at 0x7facd4ab3fa0>, 'location_class': <class 'glance_store._drivers.swift.store.StoreLocation'>, 'store_entry': 'swift'} {{(pid=132733) register_scheme_map /usr/local/lib/python3.8/dist-packages/glance_store/location.py:146}}
Jul 11 21:00:26 ubuntu devstack@g-api.service[132733]: DEBUG glance_store.location [None req-032f00eb-c1fd-4e32-ad35-687e83d8564e admin admin] Registering scheme swift+https with {'store': <glance_store._drivers.swift.store.SingleTenantStore object at 0x7facd4ab3fa0>, 'location_class': <class 'glance_store._drivers.swift.store.StoreLocation'>, 'store_entry': 'swift'} {{(pid=132733) register_scheme_map /usr/local/lib/python3.8/dist-packages/glance_store/location.py:146}}
Jul 11 21:00:26 ubuntu devstack@g-api.service[132733]: DEBUG glance_store.location [None req-032f00eb-c1fd-4e32-ad35-687e83d8564e admin admin] Registering scheme swift with {'store': <glance_store._drivers.swift.store.SingleTenantStore object at 0x7facd4ab3fa0>, 'location_class': <class 'glance_store._drivers.swift.store.StoreLocation'>, 'store_entry': 'swift'} {{(pid=132733) register_scheme_map /usr/local/lib/python3.8/dist-packages/glance_store/location.py:146}}
Jul 11 21:00:26 ubuntu devstack@g-api.service[132733]: DEBUG glance_store.location [None req-032f00eb-c1fd-4e32-ad35-687e83d8564e admin admin] Registering scheme swift+http with {'store': <glance_store._drivers.swift.store.SingleTenantStore object at 0x7facd4ab3fa0>, 'location_class': <class 'glance_store._drivers.swift.store.StoreLocation'>, 'store_entry': 'swift'} {{(pid=132733) register_scheme_map /usr/local/lib/python3.8/dist-packages/glance_store/location.py:146}}
Jul 11 21:00:26 ubuntu devstack@g-api.service[132733]: DEBUG glance_store.location [None req-032f00eb-c1fd-4e32-ad35-687e83d8564e admin admin] Registering scheme swift+config with {'store': <glance_store._drivers.swift.store.SingleTenantStore object at 0x7facd4ab3fa0>, 'location_class': <class 'glance_store._drivers.swift.store.StoreLocation'>, 'store_entry': 'swift'} {{(pid=132733) register_scheme_map /usr/local/lib/python3.8/dist-packages/glance_store/location.py:146}}
Jul 11 21:00:26 ubuntu devstack@g-api.service[132733]: DEBUG glance_store.backend [None req-032f00eb-c1fd-4e32-ad35-687e83d8564e admin admin] Skipping store.set_acls... not implemented. {{(pid=132733) set_acls /usr/local/lib/python3.8/dist-packages/glance_store/backend.py:509}}
Jul 11 21:00:26 ubuntu devstack@g-api.service[132733]: [pid: 132733|app: 0|req: 3/4] 127.0.0.1 () {40 vars in 862 bytes} [Mon Jul 11 21:00:24 2022] PUT /v2/images/1254d8a9-c3ea-464f-bc0d-582e0f0cf3a2/file => generated 0 bytes in 2899 msecs (HTTP/1.1 204) 4 headers in 171 bytes (1 switches on core 0)
Jul 11 21:00:34 ubuntu devstack@g-api.service[132732]: DEBUG dbcounter [-] [132732] Writing DB stats glance:SELECT=9,glance:INSERT=5 {{(pid=132732) stat_writer /usr/local/lib/python3.8/dist-packages/dbcounter.py:114}}
Jul 11 21:00:36 ubuntu devstack@g-api.service[132733]: DEBUG dbcounter [-] [132733] Writing DB stats glance:SELECT=28,glance:UPDATE=2,glance:INSERT=1 {{(pid=132733) stat_writer /usr/local/lib/python3.8/dist-packages/dbcounter.py:114}}
Jul 11 21:01:11 ubuntu devstack@g-api.service[132732]: DEBUG glance.api.middleware.version_negotiation [None req-1fd92632-e45d-4ad5-841d-2a3abff57880 admin admin] Determining version of request: GET / Accept: application/json {{(pid=132732) process_request /opt/stack/glance/glance/api/middleware/version_negotiation.py:44}}
Jul 11 21:01:11 ubuntu devstack@g-api.service[132732]: DEBUG glance.api.middleware.version_negotiation [None req-1fd92632-e45d-4ad5-841d-2a3abff57880 admin admin] Using url versioning {{(pid=132732) process_request /opt/stack/glance/glance/api/middleware/version_negotiation.py:57}}
Jul 11 21:01:11 ubuntu devstack@g-api.service[132732]: DEBUG glance.api.middleware.version_negotiation [None req-1fd92632-e45d-4ad5-841d-2a3abff57880 admin admin] Unknown version. Returning version choices. {{(pid=132732) process_request /opt/stack/glance/glance/api/middleware/version_negotiation.py:64}}
Jul 11 21:01:11 ubuntu devstack@g-api.service[132732]: [pid: 132732|app: 0|req: 2/5] 127.0.0.1 () {34 vars in 506 bytes} [Mon Jul 11 21:01:11 2022] GET / => generated 1323 bytes in 2 msecs (HTTP/1.1 300) 3 headers in 106 bytes (1 switches on core 0)
Jul 11 21:01:11 ubuntu devstack@g-api.service[132733]: DEBUG glance.api.middleware.version_negotiation [None req-032f00eb-c1fd-4e32-ad35-687e83d8564e admin admin] Determining version of request: GET /v2/images Accept: application/json {{(pid=132733) process_request /opt/stack/glance/glance/api/middleware/version_negotiation.py:44}}
Jul 11 21:01:11 ubuntu devstack@g-api.service[132733]: DEBUG glance.api.middleware.version_negotiation [None req-032f00eb-c1fd-4e32-ad35-687e83d8564e admin admin] Using url versioning {{(pid=132733) process_request /opt/stack/glance/glance/api/middleware/version_negotiation.py:57}}
Jul 11 21:01:11 ubuntu devstack@g-api.service[132733]: DEBUG glance.api.middleware.version_negotiation [None req-032f00eb-c1fd-4e32-ad35-687e83d8564e admin admin] Matched version: v2 {{(pid=132733) process_request /opt/stack/glance/glance/api/middleware/version_negotiation.py:69}}
Jul 11 21:01:11 ubuntu devstack@g-api.service[132733]: DEBUG glance.api.middleware.version_negotiation [None req-032f00eb-c1fd-4e32-ad35-687e83d8564e admin admin] new path /v2/images {{(pid=132733) process_request /opt/stack/glance/glance/api/middleware/version_negotiation.py:70}}
Jul 11 21:01:11 ubuntu devstack@g-api.service[132733]: [pid: 132733|app: 0|req: 4/6] 127.0.0.1 () {36 vars in 728 bytes} [Mon Jul 11 21:01:11 2022] GET /v2/images => generated 1045 bytes in 731 msecs (HTTP/1.1 200) 4 headers in 158 bytes (1 switches on core 0)
Jul 11 21:01:18 ubuntu devstack@g-api.service[132732]: DEBUG glance.api.middleware.version_negotiation [None req-1fd92632-e45d-4ad5-841d-2a3abff57880 admin admin] Determining version of request: GET / Accept: application/json {{(pid=132732) process_request /opt/stack/glance/glance/api/middleware/version_negotiation.py:44}}
Jul 11 21:01:18 ubuntu devstack@g-api.service[132732]: DEBUG glance.api.middleware.version_negotiation [None req-1fd92632-e45d-4ad5-841d-2a3abff57880 admin admin] Using url versioning {{(pid=132732) process_request /opt/stack/glance/glance/api/middleware/version_negotiation.py:57}}
Jul 11 21:01:18 ubuntu devstack@g-api.service[132732]: DEBUG glance.api.middleware.version_negotiation [None req-1fd92632-e45d-4ad5-841d-2a3abff57880 admin admin] Unknown version. Returning version choices. {{(pid=132732) process_request /opt/stack/glance/glance/api/middleware/version_negotiation.py:64}}
Jul 11 21:01:18 ubuntu devstack@g-api.service[132732]: [pid: 132732|app: 0|req: 3/7] 127.0.0.1 () {34 vars in 506 bytes} [Mon Jul 11 21:01:18 2022] GET / => generated 1323 bytes in 2 msecs (HTTP/1.1 300) 3 headers in 106 bytes (1 switches on core 0)
Jul 11 21:01:18 ubuntu devstack@g-api.service[132733]: DEBUG glance.api.middleware.version_negotiation [None req-402d4a99-c840-4f88-ab74-4706ea61bc3e admin admin] Determining version of request: GET /v2/images/1254d8a9-c3ea-464f-bc0d-582e0f0cf3a2 Accept: */* {{(pid=132733) process_request /opt/stack/glance/glance/api/middleware/version_negotiation.py:44}}
Jul 11 21:01:18 ubuntu devstack@g-api.service[132733]: DEBUG glance.api.middleware.version_negotiation [None req-402d4a99-c840-4f88-ab74-4706ea61bc3e admin admin] Using url versioning {{(pid=132733) process_request /opt/stack/glance/glance/api/middleware/version_negotiation.py:57}}
Jul 11 21:01:18 ubuntu devstack@g-api.service[132733]: DEBUG glance.api.middleware.version_negotiation [None req-402d4a99-c840-4f88-ab74-4706ea61bc3e admin admin] Matched version: v2 {{(pid=132733) process_request /opt/stack/glance/glance/api/middleware/version_negotiation.py:69}}
Jul 11 21:01:18 ubuntu devstack@g-api.service[132733]: DEBUG glance.api.middleware.version_negotiation [None req-402d4a99-c840-4f88-ab74-4706ea61bc3e admin admin] new path /v2/images/1254d8a9-c3ea-464f-bc0d-582e0f0cf3a2 {{(pid=132733) process_request /opt/stack/glance/glance/api/middleware/version_negotiation.py:70}}
Jul 11 21:01:18 ubuntu devstack@g-api.service[132733]: [pid: 132733|app: 0|req: 5/8] 127.0.0.1 () {36 vars in 789 bytes} [Mon Jul 11 21:01:18 2022] GET /v2/images/1254d8a9-c3ea-464f-bc0d-582e0f0cf3a2 => generated 976 bytes in 297 msecs (HTTP/1.1 200) 4 headers in 157 bytes (1 switches on core 0)
Jul 11 21:01:22 ubuntu devstack@g-api.service[132732]: DEBUG glance.api.middleware.version_negotiation [None req-1fd92632-e45d-4ad5-841d-2a3abff57880 admin admin] Determining version of request: GET / Accept: application/json {{(pid=132732) process_request /opt/stack/glance/glance/api/middleware/version_negotiation.py:44}}
Jul 11 21:01:22 ubuntu devstack@g-api.service[132732]: DEBUG glance.api.middleware.version_negotiation [None req-1fd92632-e45d-4ad5-841d-2a3abff57880 admin admin] Using url versioning {{(pid=132732) process_request /opt/stack/glance/glance/api/middleware/version_negotiation.py:57}}
Jul 11 21:01:22 ubuntu devstack@g-api.service[132732]: DEBUG glance.api.middleware.version_negotiation [None req-1fd92632-e45d-4ad5-841d-2a3abff57880 admin admin] Unknown version. Returning version choices. {{(pid=132732) process_request /opt/stack/glance/glance/api/middleware/version_negotiation.py:64}}
Jul 11 21:01:22 ubuntu devstack@g-api.service[132732]: [pid: 132732|app: 0|req: 4/9] 127.0.0.1 () {34 vars in 506 bytes} [Mon Jul 11 21:01:22 2022] GET / => generated 1323 bytes in 1 msecs (HTTP/1.1 300) 3 headers in 106 bytes (1 switches on core 0)
Jul 11 21:01:22 ubuntu devstack@g-api.service[132733]: DEBUG glance.api.middleware.version_negotiation [None req-f1ed1274-6d88-4281-9d50-1e08d7eb3e10 admin admin] Determining version of request: GET /v2/images/1254d8a9-c3ea-464f-bc0d-582e0f0cf3a2 Accept: */* {{(pid=132733) process_request /opt/stack/glance/glance/api/middleware/version_negotiation.py:44}}
Jul 11 21:01:22 ubuntu devstack@g-api.service[132733]: DEBUG glance.api.middleware.version_negotiation [None req-f1ed1274-6d88-4281-9d50-1e08d7eb3e10 admin admin] Using url versioning {{(pid=132733) process_request /opt/stack/glance/glance/api/middleware/version_negotiation.py:57}}
Jul 11 21:01:22 ubuntu devstack@g-api.service[132733]: DEBUG glance.api.middleware.version_negotiation [None req-f1ed1274-6d88-4281-9d50-1e08d7eb3e10 admin admin] Matched version: v2 {{(pid=132733) process_request /opt/stack/glance/glance/api/middleware/version_negotiation.py:69}}
Jul 11 21:01:22 ubuntu devstack@g-api.service[132733]: DEBUG glance.api.middleware.version_negotiation [None req-f1ed1274-6d88-4281-9d50-1e08d7eb3e10 admin admin] new path /v2/images/1254d8a9-c3ea-464f-bc0d-582e0f0cf3a2 {{(pid=132733) process_request /opt/stack/glance/glance/api/middleware/version_negotiation.py:70}}
Jul 11 21:01:22 ubuntu devstack@g-api.service[132733]: [pid: 132733|app: 0|req: 6/10] 127.0.0.1 () {36 vars in 789 bytes} [Mon Jul 11 21:01:22 2022] GET /v2/images/1254d8a9-c3ea-464f-bc0d-582e0f0cf3a2 => generated 976 bytes in 335 msecs (HTTP/1.1 200) 4 headers in 157 bytes (1 switches on core 0)
Jul 11 21:01:32 ubuntu devstack@g-api.service[132733]: DEBUG dbcounter [-] [132733] Writing DB stats glance:SELECT=10 {{(pid=132733) stat_writer /usr/local/lib/python3.8/dist-packages/dbcounter.py:114}}
Jul 11 21:03:43 ubuntu devstack@g-api.service[132732]: DEBUG glance.api.middleware.version_negotiation [None req-1fd92632-e45d-4ad5-841d-2a3abff57880 admin admin] Determining version of request: GET /v1 Accept: application/json {{(pid=132732) process_request /opt/stack/glance/glance/api/middleware/version_negotiation.py:44}}
Jul 11 21:03:43 ubuntu devstack@g-api.service[132732]: DEBUG glance.api.middleware.version_negotiation [None req-1fd92632-e45d-4ad5-841d-2a3abff57880 admin admin] Using url versioning {{(pid=132732) process_request /opt/stack/glance/glance/api/middleware/version_negotiation.py:57}}
Jul 11 21:03:43 ubuntu devstack@g-api.service[132732]: DEBUG glance.api.middleware.version_negotiation [None req-1fd92632-e45d-4ad5-841d-2a3abff57880 admin admin] Unknown version. Returning version choices. {{(pid=132732) process_request /opt/stack/glance/glance/api/middleware/version_negotiation.py:64}}
Jul 11 21:03:43 ubuntu devstack@g-api.service[132732]: [pid: 132732|app: 0|req: 5/11] 127.0.0.1 () {38 vars in 685 bytes} [Mon Jul 11 21:03:43 2022] GET /v1 => generated 1323 bytes in 4 msecs (HTTP/1.1 300) 3 headers in 106 bytes (1 switches on core 0)
Jul 11 21:05:08 ubuntu devstack@g-api.service[132733]: DEBUG oslo_concurrency.lockutils [-] Acquired lock "glance-cache" {{(pid=132733) lock /usr/local/lib/python3.8/dist-packages/oslo_concurrency/lockutils.py:294}}
Jul 11 21:05:08 ubuntu devstack@g-api.service[132733]: DEBUG oslo_concurrency.lockutils [-] Acquired external semaphore "glance-cache" {{(pid=132733) lock /usr/local/lib/python3.8/dist-packages/oslo_concurrency/lockutils.py:302}}
Jul 11 21:05:08 ubuntu devstack@g-api.service[132732]: DEBUG oslo_concurrency.lockutils [-] Acquired lock "glance-cache" {{(pid=132732) lock /usr/local/lib/python3.8/dist-packages/oslo_concurrency/lockutils.py:294}}
Jul 11 21:05:08 ubuntu devstack@g-api.service[132733]: DEBUG glance.image_cache.prefetcher [-] Nothing to prefetch. {{(pid=132733) run /opt/stack/glance/glance/image_cache/prefetcher.py:79}}
Jul 11 21:05:08 ubuntu devstack@g-api.service[132733]: DEBUG oslo_concurrency.lockutils [-] Releasing lock "glance-cache" {{(pid=132733) lock /usr/local/lib/python3.8/dist-packages/oslo_concurrency/lockutils.py:312}}
Jul 11 21:05:08 ubuntu devstack@g-api.service[132732]: DEBUG oslo_concurrency.lockutils [-] Acquired external semaphore "glance-cache" {{(pid=132732) lock /usr/local/lib/python3.8/dist-packages/oslo_concurrency/lockutils.py:302}}
Jul 11 21:05:08 ubuntu devstack@g-api.service[132732]: DEBUG glance.image_cache.prefetcher [-] Nothing to prefetch. {{(pid=132732) run /opt/stack/glance/glance/image_cache/prefetcher.py:79}}
Jul 11 21:05:08 ubuntu devstack@g-api.service[132732]: DEBUG oslo_concurrency.lockutils [-] Releasing lock "glance-cache" {{(pid=132732) lock /usr/local/lib/python3.8/dist-packages/oslo_concurrency/lockutils.py:312}}
