Jul 11 20:58:42 ubuntu neutron-server[119424]: DEBUG neutron.api.extensions [None req-5f4d1ce8-e143-4546-a7de-c6696a3321ec None None] Ext name="Trunk port details" alias="trunk-details" description="Expose trunk port details" updated="2016-01-01T10:00:00-00:00" {{(pid=119424) _check_extension /opt/stack/neutron/neutron/api/extensions.py:416}}
Jul 11 20:58:42 ubuntu neutron-server[119424]: INFO neutron.api.extensions [None req-5f4d1ce8-e143-4546-a7de-c6696a3321ec None None] Extension trunk-details not supported by any of loaded plugins
Jul 11 20:58:42 ubuntu neutron-server[119424]: DEBUG neutron.api.extensions [None req-5f4d1ce8-e143-4546-a7de-c6696a3321ec None None] Loading extension file: uplink_status_propagation.py {{(pid=119424) _load_all_extensions_from_path /opt/stack/neutron/neutron/api/extensions.py:450}}
Jul 11 20:58:42 ubuntu neutron-server[119424]: DEBUG neutron.api.extensions [None req-5f4d1ce8-e143-4546-a7de-c6696a3321ec None None] Ext name="Uplink status propagation extension" alias="uplink-status-propagation" description="Provides ability to propagate port uplink status." updated="2018-05-31T18:00:00-00:00" {{(pid=119424) _check_extension /opt/stack/neutron/neutron/api/extensions.py:416}}
Jul 11 20:58:42 ubuntu neutron-server[119424]: INFO neutron.api.extensions [None req-5f4d1ce8-e143-4546-a7de-c6696a3321ec None None] Extension uplink-status-propagation not supported by any of loaded plugins
Jul 11 20:58:42 ubuntu neutron-server[119424]: DEBUG neutron.api.extensions [None req-5f4d1ce8-e143-4546-a7de-c6696a3321ec None None] Loading extension file: vlantransparent.py {{(pid=119424) _load_all_extensions_from_path /opt/stack/neutron/neutron/api/extensions.py:450}}
Jul 11 20:58:42 ubuntu neutron-server[119424]: DEBUG neutron.api.extensions [None req-5f4d1ce8-e143-4546-a7de-c6696a3321ec None None] Ext name="Vlantransparent" alias="vlan-transparent" description="Provides Vlan Transparent Networks" updated="2015-03-23T09:00:00-00:00" {{(pid=119424) _check_extension /opt/stack/neutron/neutron/api/extensions.py:416}}
Jul 11 20:58:42 ubuntu neutron-server[119424]: INFO neutron.api.extensions [None req-5f4d1ce8-e143-4546-a7de-c6696a3321ec None None] Extension vlan-transparent not supported by any of loaded plugins
Jul 11 20:58:42 ubuntu neutron-server[119424]: INFO neutron.quota.resource_registry [None req-5f4d1ce8-e143-4546-a7de-c6696a3321ec None None] Creating instance of TrackedResource for resource:network
Jul 11 20:58:42 ubuntu neutron-server[119424]: INFO neutron.quota.resource_registry [None req-5f4d1ce8-e143-4546-a7de-c6696a3321ec None None] Creating instance of TrackedResource for resource:subnet
Jul 11 20:58:42 ubuntu neutron-server[119424]: INFO neutron.quota.resource_registry [None req-5f4d1ce8-e143-4546-a7de-c6696a3321ec None None] Creating instance of TrackedResource for resource:subnetpool
Jul 11 20:58:42 ubuntu neutron-server[119424]: INFO neutron.quota.resource_registry [None req-5f4d1ce8-e143-4546-a7de-c6696a3321ec None None] Creating instance of TrackedResource for resource:port
Jul 11 20:58:42 ubuntu neutron-server[119424]: DEBUG neutron.api.v2.resource_helper [None req-5f4d1ce8-e143-4546-a7de-c6696a3321ec None None] Service FLAVORS assigned prefix:  {{(pid=119424) build_resource_info /opt/stack/neutron/neutron/api/v2/resource_helper.py:77}}
Jul 11 20:58:42 ubuntu neutron-server[119424]: DEBUG neutron.api.v2.resource_helper [None req-5f4d1ce8-e143-4546-a7de-c6696a3321ec None None] Service L3_ROUTER_NAT assigned prefix:  {{(pid=119424) build_resource_info /opt/stack/neutron/neutron/api/v2/resource_helper.py:77}}
Jul 11 20:58:42 ubuntu neutron-server[119424]: DEBUG neutron.api.v2.resource_helper [None req-5f4d1ce8-e143-4546-a7de-c6696a3321ec None None] Service L3_ROUTER_NAT assigned prefix:  {{(pid=119424) build_resource_info /opt/stack/neutron/neutron/api/v2/resource_helper.py:77}}
Jul 11 20:58:42 ubuntu neutron-server[119424]: INFO neutron.quota.resource_registry [None req-5f4d1ce8-e143-4546-a7de-c6696a3321ec None None] Creating instance of TrackedResource for resource:router
Jul 11 20:58:42 ubuntu neutron-server[119424]: INFO neutron.quota.resource_registry [None req-5f4d1ce8-e143-4546-a7de-c6696a3321ec None None] Creating instance of TrackedResource for resource:floatingip
Jul 11 20:58:42 ubuntu neutron-server[119424]: DEBUG neutron_lib.callbacks.manager [None req-5f4d1ce8-e143-4546-a7de-c6696a3321ec None None] Subscribe: <bound method NeutronDbPluginV2.validate_network_rbac_policy_change of <neutron.services.network_ip_availability.plugin.NetworkIPAvailabilityPlugin object at 0x7f6da09b7370>> rbac-policy before_create 55550000 {{(pid=119424) subscribe /usr/local/lib/python3.8/dist-packages/neutron_lib/callbacks/manager.py:45}}
Jul 11 20:58:42 ubuntu neutron-server[119424]: DEBUG neutron_lib.callbacks.manager [None req-5f4d1ce8-e143-4546-a7de-c6696a3321ec None None] Subscribe: <bound method NeutronDbPluginV2.validate_network_rbac_policy_change of <neutron.services.network_ip_availability.plugin.NetworkIPAvailabilityPlugin object at 0x7f6da09b7370>> rbac-policy before_update 55550000 {{(pid=119424) subscribe /usr/local/lib/python3.8/dist-packages/neutron_lib/callbacks/manager.py:45}}
Jul 11 20:58:42 ubuntu neutron-server[119424]: DEBUG neutron_lib.callbacks.manager [None req-5f4d1ce8-e143-4546-a7de-c6696a3321ec None None] Subscribe: <bound method NeutronDbPluginV2.validate_network_rbac_policy_change of <neutron.services.network_ip_availability.plugin.NetworkIPAvailabilityPlugin object at 0x7f6da09b7370>> rbac-policy before_delete 55550000 {{(pid=119424) subscribe /usr/local/lib/python3.8/dist-packages/neutron_lib/callbacks/manager.py:45}}
Jul 11 20:58:42 ubuntu neutron-server[119424]: INFO neutron.quota.resource_registry [None req-5f4d1ce8-e143-4546-a7de-c6696a3321ec None None] Creating instance of CountableResource for resource:rbac_policy
Jul 11 20:58:42 ubuntu neutron-server[119424]: INFO neutron.quota.resource_registry [None req-5f4d1ce8-e143-4546-a7de-c6696a3321ec None None] Creating instance of TrackedResource for resource:security_group
Jul 11 20:58:42 ubuntu neutron-server[119424]: INFO neutron.quota.resource_registry [None req-5f4d1ce8-e143-4546-a7de-c6696a3321ec None None] Creating instance of TrackedResource for resource:security_group_rule
Jul 11 20:58:42 ubuntu neutron-server[119424]: DEBUG neutron.api.v2.resource_helper [None req-5f4d1ce8-e143-4546-a7de-c6696a3321ec None None] Service FLAVORS assigned prefix:  {{(pid=119424) build_resource_info /opt/stack/neutron/neutron/api/v2/resource_helper.py:77}}
Jul 11 20:58:42 ubuntu neutron-server[119424]: DEBUG neutron.api.v2.resource_helper [None req-5f4d1ce8-e143-4546-a7de-c6696a3321ec None None] Service L3_ROUTER_NAT assigned prefix:  {{(pid=119424) build_resource_info /opt/stack/neutron/neutron/api/v2/resource_helper.py:77}}
Jul 11 20:58:42 ubuntu neutron-server[119424]: DEBUG neutron.api.v2.resource_helper [None req-5f4d1ce8-e143-4546-a7de-c6696a3321ec None None] Service L3_ROUTER_NAT assigned prefix:  {{(pid=119424) build_resource_info /opt/stack/neutron/neutron/api/v2/resource_helper.py:77}}
Jul 11 20:58:42 ubuntu neutron-server[119424]: INFO neutron.quota.resource_registry [None req-5f4d1ce8-e143-4546-a7de-c6696a3321ec None None] Creating instance of TrackedResource for resource:router
Jul 11 20:58:42 ubuntu neutron-server[119424]: WARNING neutron.quota.resource_registry [None req-5f4d1ce8-e143-4546-a7de-c6696a3321ec None None] router is already registered
Jul 11 20:58:42 ubuntu neutron-server[119424]: INFO neutron.quota.resource_registry [None req-5f4d1ce8-e143-4546-a7de-c6696a3321ec None None] Creating instance of TrackedResource for resource:floatingip
Jul 11 20:58:42 ubuntu neutron-server[119424]: WARNING neutron.quota.resource_registry [None req-5f4d1ce8-e143-4546-a7de-c6696a3321ec None None] floatingip is already registered
Jul 11 20:58:42 ubuntu neutron-server[119424]: INFO neutron.quota.resource_registry [None req-5f4d1ce8-e143-4546-a7de-c6696a3321ec None None] Creating instance of CountableResource for resource:rbac_policy
Jul 11 20:58:42 ubuntu neutron-server[119424]: WARNING neutron.quota.resource_registry [None req-5f4d1ce8-e143-4546-a7de-c6696a3321ec None None] rbac_policy is already registered
Jul 11 20:58:42 ubuntu neutron-server[119424]: INFO neutron.quota.resource_registry [None req-5f4d1ce8-e143-4546-a7de-c6696a3321ec None None] Creating instance of TrackedResource for resource:security_group
Jul 11 20:58:42 ubuntu neutron-server[119424]: WARNING neutron.quota.resource_registry [None req-5f4d1ce8-e143-4546-a7de-c6696a3321ec None None] security_group is already registered
Jul 11 20:58:42 ubuntu neutron-server[119424]: INFO neutron.quota.resource_registry [None req-5f4d1ce8-e143-4546-a7de-c6696a3321ec None None] Creating instance of TrackedResource for resource:security_group_rule
Jul 11 20:58:42 ubuntu neutron-server[119424]: WARNING neutron.quota.resource_registry [None req-5f4d1ce8-e143-4546-a7de-c6696a3321ec None None] security_group_rule is already registered
Jul 11 20:58:42 ubuntu neutron-server[119424]: DEBUG neutron.api.extensions [None req-5f4d1ce8-e143-4546-a7de-c6696a3321ec None None] Extended resource: extensions {{(pid=119424) __init__ /opt/stack/neutron/neutron/api/extensions.py:157}}
Jul 11 20:58:42 ubuntu neutron-server[119424]: DEBUG neutron.api.extensions [None req-5f4d1ce8-e143-4546-a7de-c6696a3321ec None None] Extended resource: address-groups {{(pid=119424) __init__ /opt/stack/neutron/neutron/api/extensions.py:157}}
Jul 11 20:58:42 ubuntu neutron-server[119424]: DEBUG neutron.api.extensions [None req-5f4d1ce8-e143-4546-a7de-c6696a3321ec None None] Extended resource: address-scopes {{(pid=119424) __init__ /opt/stack/neutron/neutron/api/extensions.py:157}}
Jul 11 20:58:42 ubuntu neutron-server[119424]: DEBUG neutron.api.extensions [None req-5f4d1ce8-e143-4546-a7de-c6696a3321ec None None] Extended resource: agents {{(pid=119424) __init__ /opt/stack/neutron/neutron/api/extensions.py:157}}
Jul 11 20:58:42 ubuntu neutron-server[119424]: DEBUG neutron.api.extensions [None req-5f4d1ce8-e143-4546-a7de-c6696a3321ec None None] Extended resource: auto-allocated-topology {{(pid=119424) __init__ /opt/stack/neutron/neutron/api/extensions.py:157}}
Jul 11 20:58:42 ubuntu neutron-server[119424]: DEBUG neutron.api.extensions [None req-5f4d1ce8-e143-4546-a7de-c6696a3321ec None None] Extended resource: availability_zones {{(pid=119424) __init__ /opt/stack/neutron/neutron/api/extensions.py:157}}
Jul 11 20:58:42 ubuntu neutron-server[119424]: DEBUG neutron.api.extensions [None req-5f4d1ce8-e143-4546-a7de-c6696a3321ec None None] Extended resource: flavors {{(pid=119424) __init__ /opt/stack/neutron/neutron/api/extensions.py:157}}
Jul 11 20:58:42 ubuntu neutron-server[119424]: DEBUG neutron.api.extensions [None req-5f4d1ce8-e143-4546-a7de-c6696a3321ec None None] Extended resource: service_profiles {{(pid=119424) __init__ /opt/stack/neutron/neutron/api/extensions.py:157}}
Jul 11 20:58:42 ubuntu neutron-server[119424]: DEBUG neutron.api.extensions [None req-5f4d1ce8-e143-4546-a7de-c6696a3321ec None None] Extended resource: next_providers {{(pid=119424) __init__ /opt/stack/neutron/neutron/api/extensions.py:157}}
Jul 11 20:58:42 ubuntu neutron-server[119424]: DEBUG neutron.api.extensions [None req-5f4d1ce8-e143-4546-a7de-c6696a3321ec None None] Extended resource: service_profiles {{(pid=119424) __init__ /opt/stack/neutron/neutron/api/extensions.py:157}}
Jul 11 20:58:42 ubuntu neutron-server[119424]: DEBUG neutron.api.extensions [None req-5f4d1ce8-e143-4546-a7de-c6696a3321ec None None] Extended resource: floatingip-pools {{(pid=119424) __init__ /opt/stack/neutron/neutron/api/extensions.py:157}}
Jul 11 20:58:42 ubuntu neutron-server[119424]: DEBUG neutron.api.extensions [None req-5f4d1ce8-e143-4546-a7de-c6696a3321ec None None] Extended resource: routers {{(pid=119424) __init__ /opt/stack/neutron/neutron/api/extensions.py:157}}
Jul 11 20:58:42 ubuntu neutron-server[119424]: DEBUG neutron.api.extensions [None req-5f4d1ce8-e143-4546-a7de-c6696a3321ec None None] Extended resource: floatingips {{(pid=119424) __init__ /opt/stack/neutron/neutron/api/extensions.py:157}}
Jul 11 20:58:42 ubuntu neutron-server[119424]: DEBUG neutron.api.extensions [None req-5f4d1ce8-e143-4546-a7de-c6696a3321ec None None] Extended resource: network-ip-availabilities {{(pid=119424) __init__ /opt/stack/neutron/neutron/api/extensions.py:157}}
Jul 11 20:58:42 ubuntu neutron-server[119424]: DEBUG neutron.api.extensions [None req-5f4d1ce8-e143-4546-a7de-c6696a3321ec None None] Extended resource: bindings {{(pid=119424) __init__ /opt/stack/neutron/neutron/api/extensions.py:157}}
Jul 11 20:58:42 ubuntu neutron-server[119424]: DEBUG neutron.api.extensions [None req-5f4d1ce8-e143-4546-a7de-c6696a3321ec None None] Extended resource: quotas {{(pid=119424) __init__ /opt/stack/neutron/neutron/api/extensions.py:157}}
Jul 11 20:58:42 ubuntu neutron-server[119424]: DEBUG neutron.api.extensions [None req-5f4d1ce8-e143-4546-a7de-c6696a3321ec None None] Extended resource: quotas {{(pid=119424) __init__ /opt/stack/neutron/neutron/api/extensions.py:157}}
Jul 11 20:58:42 ubuntu neutron-server[119424]: DEBUG neutron.api.extensions [None req-5f4d1ce8-e143-4546-a7de-c6696a3321ec None None] Extended resource: rbac-policies {{(pid=119424) __init__ /opt/stack/neutron/neutron/api/extensions.py:157}}
Jul 11 20:58:42 ubuntu neutron-server[119424]: DEBUG neutron.api.extensions [None req-5f4d1ce8-e143-4546-a7de-c6696a3321ec None None] Extended resource: security-groups {{(pid=119424) __init__ /opt/stack/neutron/neutron/api/extensions.py:157}}
Jul 11 20:58:42 ubuntu neutron-server[119424]: DEBUG neutron.api.extensions [None req-5f4d1ce8-e143-4546-a7de-c6696a3321ec None None] Extended resource: security-group-rules {{(pid=119424) __init__ /opt/stack/neutron/neutron/api/extensions.py:157}}
Jul 11 20:58:42 ubuntu neutron-server[119424]: DEBUG neutron.api.extensions [None req-5f4d1ce8-e143-4546-a7de-c6696a3321ec None None] Extended resource: service-providers {{(pid=119424) __init__ /opt/stack/neutron/neutron/api/extensions.py:157}}
Jul 11 20:58:42 ubuntu neutron-server[119424]: DEBUG neutron.api.extensions [None req-5f4d1ce8-e143-4546-a7de-c6696a3321ec None None] Extended resource: tags {{(pid=119424) __init__ /opt/stack/neutron/neutron/api/extensions.py:157}}
Jul 11 20:58:42 ubuntu neutron-server[119424]: DEBUG neutron.api.extensions [None req-5f4d1ce8-e143-4546-a7de-c6696a3321ec None None] Extended resource: tags {{(pid=119424) __init__ /opt/stack/neutron/neutron/api/extensions.py:157}}
Jul 11 20:58:42 ubuntu neutron-server[119424]: DEBUG neutron.api.extensions [None req-5f4d1ce8-e143-4546-a7de-c6696a3321ec None None] Extended resource: tags {{(pid=119424) __init__ /opt/stack/neutron/neutron/api/extensions.py:157}}
Jul 11 20:58:42 ubuntu neutron-server[119424]: DEBUG neutron.api.extensions [None req-5f4d1ce8-e143-4546-a7de-c6696a3321ec None None] Extended resource: tags {{(pid=119424) __init__ /opt/stack/neutron/neutron/api/extensions.py:157}}
Jul 11 20:58:42 ubuntu neutron-server[119424]: DEBUG neutron.api.extensions [None req-5f4d1ce8-e143-4546-a7de-c6696a3321ec None None] Extended resource: tags {{(pid=119424) __init__ /opt/stack/neutron/neutron/api/extensions.py:157}}
Jul 11 20:58:42 ubuntu neutron-server[119424]: DEBUG neutron.api.extensions [None req-5f4d1ce8-e143-4546-a7de-c6696a3321ec None None] Extended resource: tags {{(pid=119424) __init__ /opt/stack/neutron/neutron/api/extensions.py:157}}
Jul 11 20:58:42 ubuntu neutron-server[119424]: DEBUG neutron.api.extensions [None req-5f4d1ce8-e143-4546-a7de-c6696a3321ec None None] Extended resource: tags {{(pid=119424) __init__ /opt/stack/neutron/neutron/api/extensions.py:157}}
Jul 11 20:58:42 ubuntu neutron-server[119424]: DEBUG neutron.api.extensions [None req-5f4d1ce8-e143-4546-a7de-c6696a3321ec None None] Extended resource: tags {{(pid=119424) __init__ /opt/stack/neutron/neutron/api/extensions.py:157}}
Jul 11 20:58:43 ubuntu neutron-server[119424]: DEBUG neutron.api.extensions [None req-5f4d1ce8-e143-4546-a7de-c6696a3321ec None None] Extended resource: tags {{(pid=119424) __init__ /opt/stack/neutron/neutron/api/extensions.py:157}}
Jul 11 20:58:43 ubuntu neutron-server[119424]: DEBUG neutron.api.extensions [None req-5f4d1ce8-e143-4546-a7de-c6696a3321ec None None] Extended resource: tags {{(pid=119424) __init__ /opt/stack/neutron/neutron/api/extensions.py:157}}
Jul 11 20:58:43 ubuntu neutron-server[119424]: WARNING keystonemiddleware.auth_token [None req-5f4d1ce8-e143-4546-a7de-c6696a3321ec None None] AuthToken middleware is set with keystone_authtoken.service_token_roles_required set to False. This is backwards compatible but deprecated behaviour. Please set this to True.
Jul 11 20:58:43 ubuntu neutron-server[119424]: WARNING keystonemiddleware.auth_token [None req-5f4d1ce8-e143-4546-a7de-c6696a3321ec None None] Configuring www_authenticate_uri to point to the public identity endpoint is required; clients may not be able to authenticate against an admin endpoint
Jul 11 20:58:43 ubuntu neutron-server[119424]: DEBUG oslo_concurrency.lockutils [None req-5f4d1ce8-e143-4546-a7de-c6696a3321ec None None] Acquired lock "singleton_lock" {{(pid=119424) lock /usr/local/lib/python3.8/dist-packages/oslo_concurrency/lockutils.py:294}}
Jul 11 20:58:43 ubuntu neutron-server[119424]: DEBUG oslo_concurrency.lockutils [None req-5f4d1ce8-e143-4546-a7de-c6696a3321ec None None] Releasing lock "singleton_lock" {{(pid=119424) lock /usr/local/lib/python3.8/dist-packages/oslo_concurrency/lockutils.py:312}}
Jul 11 20:58:43 ubuntu neutron-server[119424]: INFO oslo_service.service [None req-5f4d1ce8-e143-4546-a7de-c6696a3321ec None None] Starting 2 workers
Jul 11 20:58:43 ubuntu neutron-server[119424]: DEBUG oslo_service.service [None req-5f4d1ce8-e143-4546-a7de-c6696a3321ec None None] Started child 119663 {{(pid=119424) _start_child /usr/local/lib/python3.8/dist-packages/oslo_service/service.py:575}}
Jul 11 20:58:43 ubuntu neutron-server[119424]: DEBUG oslo_service.service [None req-5f4d1ce8-e143-4546-a7de-c6696a3321ec None None] Started child 119664 {{(pid=119424) _start_child /usr/local/lib/python3.8/dist-packages/oslo_service/service.py:575}}
Jul 11 20:58:43 ubuntu neutron-server[119424]: INFO neutron.service [None req-5f4d1ce8-e143-4546-a7de-c6696a3321ec None None] Neutron service started, listening on 0.0.0.0:9696
Jul 11 20:58:43 ubuntu neutron-server[119424]: DEBUG neutron_lib.callbacks.manager [None req-5f4d1ce8-e143-4546-a7de-c6696a3321ec None None] Publish callbacks ['neutron.plugins.ml2.drivers.ovn.mech_driver.mech_driver.OVNMechanismDriver.pre_fork_initialize-414761'] for process (None), before_spawn {{(pid=119424) _notify_loop /usr/local/lib/python3.8/dist-packages/neutron_lib/callbacks/manager.py:176}}
Jul 11 20:58:43 ubuntu neutron-server[119663]: DEBUG neutron_lib.callbacks.manager [-] Publish callbacks ['neutron.plugins.ml2.drivers.ovn.mech_driver.mech_driver.OVNMechanismDriver.post_fork_initialize-414733'] for process (None), after_init {{(pid=119663) _notify_loop /usr/local/lib/python3.8/dist-packages/neutron_lib/callbacks/manager.py:176}}
Jul 11 20:58:43 ubuntu neutron-server[119664]: DEBUG neutron_lib.callbacks.manager [-] Publish callbacks ['neutron.plugins.ml2.drivers.ovn.mech_driver.mech_driver.OVNMechanismDriver.post_fork_initialize-414733'] for process (None), after_init {{(pid=119664) _notify_loop /usr/local/lib/python3.8/dist-packages/neutron_lib/callbacks/manager.py:176}}
Jul 11 20:58:43 ubuntu neutron-server[119664]: DEBUG dbcounter [-] [119664] Writer thread running {{(pid=119664) stat_writer /usr/local/lib/python3.8/dist-packages/dbcounter.py:99}}
Jul 11 20:58:43 ubuntu neutron-server[119663]: DEBUG dbcounter [-] [119663] Writer thread running {{(pid=119663) stat_writer /usr/local/lib/python3.8/dist-packages/dbcounter.py:99}}
Jul 11 20:58:43 ubuntu neutron-server[119424]: DEBUG ovsdbapp.backend.ovs_idl [None req-5f4d1ce8-e143-4546-a7de-c6696a3321ec None None] Created schema index Port_Group.name {{(pid=119424) autocreate_indices /usr/local/lib/python3.8/dist-packages/ovsdbapp/backend/ovs_idl/__init__.py:104}}
Jul 11 20:58:43 ubuntu neutron-server[119424]: DEBUG ovsdbapp.backend.ovs_idl [None req-5f4d1ce8-e143-4546-a7de-c6696a3321ec None None] Created schema index Logical_Switch_Port.name {{(pid=119424) autocreate_indices /usr/local/lib/python3.8/dist-packages/ovsdbapp/backend/ovs_idl/__init__.py:104}}
Jul 11 20:58:43 ubuntu neutron-server[119664]: INFO neutron.plugins.ml2.drivers.ovn.mech_driver.ovsdb.impl_idl_ovn [None req-01f4877b-bbb3-4171-a32f-08018ce29268 None None] Getting OvsdbNbOvnIdl for WorkerService with retry
Jul 11 20:58:43 ubuntu neutron-server[119663]: INFO neutron.plugins.ml2.drivers.ovn.mech_driver.ovsdb.impl_idl_ovn [None req-224c81e1-e593-4589-8fe9-eb170231327d None None] Getting OvsdbNbOvnIdl for WorkerService with retry
Jul 11 20:58:43 ubuntu neutron-server[119424]: DEBUG ovsdbapp.backend.ovs_idl.transaction [-] Running txn n=1 command(idx=0): PgAddCommand(name=neutron_pg_drop, may_exist=True, columns={'acls': []}) {{(pid=119424) do_commit /usr/local/lib/python3.8/dist-packages/ovsdbapp/backend/ovs_idl/transaction.py:90}}
Jul 11 20:58:43 ubuntu neutron-server[119424]: DEBUG ovsdbapp.backend.ovs_idl.transaction [-] Running txn n=1 command(idx=1): PgAclAddCommand(entity=neutron_pg_drop, direction=from-lport, priority=1001, match=inport == @neutron_pg_drop && ip, action=drop, log=False, may_exist=True, severity=[], name=[], meter=None, external_ids={}) {{(pid=119424) do_commit /usr/local/lib/python3.8/dist-packages/ovsdbapp/backend/ovs_idl/transaction.py:90}}
Jul 11 20:58:43 ubuntu neutron-server[119424]: DEBUG ovsdbapp.backend.ovs_idl.transaction [-] Running txn n=1 command(idx=2): PgAclAddCommand(entity=neutron_pg_drop, direction=to-lport, priority=1001, match=outport == @neutron_pg_drop && ip, action=drop, log=False, may_exist=True, severity=[], name=[], meter=None, external_ids={}) {{(pid=119424) do_commit /usr/local/lib/python3.8/dist-packages/ovsdbapp/backend/ovs_idl/transaction.py:90}}
Jul 11 20:58:43 ubuntu neutron-server[119663]: DEBUG ovsdbapp.backend.ovs_idl [None req-224c81e1-e593-4589-8fe9-eb170231327d None None] Created lookup_table index Logical_Switch.name {{(pid=119663) autocreate_indices /usr/local/lib/python3.8/dist-packages/ovsdbapp/backend/ovs_idl/__init__.py:85}}
Jul 11 20:58:43 ubuntu neutron-server[119664]: DEBUG ovsdbapp.backend.ovs_idl [None req-01f4877b-bbb3-4171-a32f-08018ce29268 None None] Created lookup_table index Logical_Switch.name {{(pid=119664) autocreate_indices /usr/local/lib/python3.8/dist-packages/ovsdbapp/backend/ovs_idl/__init__.py:85}}
Jul 11 20:58:43 ubuntu neutron-server[119664]: DEBUG ovsdbapp.backend.ovs_idl [None req-01f4877b-bbb3-4171-a32f-08018ce29268 None None] Created lookup_table index Logical_Router.name {{(pid=119664) autocreate_indices /usr/local/lib/python3.8/dist-packages/ovsdbapp/backend/ovs_idl/__init__.py:85}}
Jul 11 20:58:43 ubuntu neutron-server[119663]: DEBUG ovsdbapp.backend.ovs_idl [None req-224c81e1-e593-4589-8fe9-eb170231327d None None] Created lookup_table index Logical_Router.name {{(pid=119663) autocreate_indices /usr/local/lib/python3.8/dist-packages/ovsdbapp/backend/ovs_idl/__init__.py:85}}
Jul 11 20:58:43 ubuntu neutron-server[119664]: DEBUG ovsdbapp.backend.ovs_idl [None req-01f4877b-bbb3-4171-a32f-08018ce29268 None None] Created lookup_table index Load_Balancer.name {{(pid=119664) autocreate_indices /usr/local/lib/python3.8/dist-packages/ovsdbapp/backend/ovs_idl/__init__.py:85}}
Jul 11 20:58:43 ubuntu neutron-server[119663]: DEBUG ovsdbapp.backend.ovs_idl [None req-224c81e1-e593-4589-8fe9-eb170231327d None None] Created lookup_table index Load_Balancer.name {{(pid=119663) autocreate_indices /usr/local/lib/python3.8/dist-packages/ovsdbapp/backend/ovs_idl/__init__.py:85}}
Jul 11 20:58:43 ubuntu neutron-server[119664]: DEBUG ovsdbapp.backend.ovs_idl [None req-01f4877b-bbb3-4171-a32f-08018ce29268 None None] Created schema index Meter.name {{(pid=119664) autocreate_indices /usr/local/lib/python3.8/dist-packages/ovsdbapp/backend/ovs_idl/__init__.py:104}}
Jul 11 20:58:43 ubuntu neutron-server[119664]: DEBUG ovsdbapp.backend.ovs_idl [None req-01f4877b-bbb3-4171-a32f-08018ce29268 None None] Created schema index Address_Set.name {{(pid=119664) autocreate_indices /usr/local/lib/python3.8/dist-packages/ovsdbapp/backend/ovs_idl/__init__.py:104}}
Jul 11 20:58:43 ubuntu neutron-server[119663]: DEBUG ovsdbapp.backend.ovs_idl [None req-224c81e1-e593-4589-8fe9-eb170231327d None None] Created schema index Meter.name {{(pid=119663) autocreate_indices /usr/local/lib/python3.8/dist-packages/ovsdbapp/backend/ovs_idl/__init__.py:104}}
Jul 11 20:58:43 ubuntu neutron-server[119664]: DEBUG ovsdbapp.backend.ovs_idl [None req-01f4877b-bbb3-4171-a32f-08018ce29268 None None] Created schema index HA_Chassis_Group.name {{(pid=119664) autocreate_indices /usr/local/lib/python3.8/dist-packages/ovsdbapp/backend/ovs_idl/__init__.py:104}}
Jul 11 20:58:43 ubuntu neutron-server[119663]: DEBUG ovsdbapp.backend.ovs_idl [None req-224c81e1-e593-4589-8fe9-eb170231327d None None] Created schema index Address_Set.name {{(pid=119663) autocreate_indices /usr/local/lib/python3.8/dist-packages/ovsdbapp/backend/ovs_idl/__init__.py:104}}
Jul 11 20:58:43 ubuntu neutron-server[119664]: DEBUG ovsdbapp.backend.ovs_idl [None req-01f4877b-bbb3-4171-a32f-08018ce29268 None None] Created schema index Connection.target {{(pid=119664) autocreate_indices /usr/local/lib/python3.8/dist-packages/ovsdbapp/backend/ovs_idl/__init__.py:104}}
Jul 11 20:58:43 ubuntu neutron-server[119664]: DEBUG ovsdbapp.backend.ovs_idl [None req-01f4877b-bbb3-4171-a32f-08018ce29268 None None] Created schema index Gateway_Chassis.name {{(pid=119664) autocreate_indices /usr/local/lib/python3.8/dist-packages/ovsdbapp/backend/ovs_idl/__init__.py:104}}
Jul 11 20:58:43 ubuntu neutron-server[119663]: DEBUG ovsdbapp.backend.ovs_idl [None req-224c81e1-e593-4589-8fe9-eb170231327d None None] Created schema index HA_Chassis_Group.name {{(pid=119663) autocreate_indices /usr/local/lib/python3.8/dist-packages/ovsdbapp/backend/ovs_idl/__init__.py:104}}
Jul 11 20:58:43 ubuntu neutron-server[119664]: DEBUG ovsdbapp.backend.ovs_idl [None req-01f4877b-bbb3-4171-a32f-08018ce29268 None None] Created schema index Logical_Router_Port.name {{(pid=119664) autocreate_indices /usr/local/lib/python3.8/dist-packages/ovsdbapp/backend/ovs_idl/__init__.py:104}}
Jul 11 20:58:43 ubuntu neutron-server[119663]: DEBUG ovsdbapp.backend.ovs_idl [None req-224c81e1-e593-4589-8fe9-eb170231327d None None] Created schema index Connection.target {{(pid=119663) autocreate_indices /usr/local/lib/python3.8/dist-packages/ovsdbapp/backend/ovs_idl/__init__.py:104}}
Jul 11 20:58:43 ubuntu neutron-server[119664]: DEBUG ovsdbapp.backend.ovs_idl [None req-01f4877b-bbb3-4171-a32f-08018ce29268 None None] Created schema index Port_Group.name {{(pid=119664) autocreate_indices /usr/local/lib/python3.8/dist-packages/ovsdbapp/backend/ovs_idl/__init__.py:104}}
Jul 11 20:58:43 ubuntu neutron-server[119664]: DEBUG ovsdbapp.backend.ovs_idl [None req-01f4877b-bbb3-4171-a32f-08018ce29268 None None] Created schema index Logical_Switch_Port.name {{(pid=119664) autocreate_indices /usr/local/lib/python3.8/dist-packages/ovsdbapp/backend/ovs_idl/__init__.py:104}}
Jul 11 20:58:43 ubuntu neutron-server[119663]: DEBUG ovsdbapp.backend.ovs_idl [None req-224c81e1-e593-4589-8fe9-eb170231327d None None] Created schema index Gateway_Chassis.name {{(pid=119663) autocreate_indices /usr/local/lib/python3.8/dist-packages/ovsdbapp/backend/ovs_idl/__init__.py:104}}
Jul 11 20:58:43 ubuntu neutron-server[119663]: DEBUG ovsdbapp.backend.ovs_idl [None req-224c81e1-e593-4589-8fe9-eb170231327d None None] Created schema index Logical_Router_Port.name {{(pid=119663) autocreate_indices /usr/local/lib/python3.8/dist-packages/ovsdbapp/backend/ovs_idl/__init__.py:104}}
Jul 11 20:58:43 ubuntu neutron-server[119664]: INFO ovsdbapp.backend.ovs_idl.vlog [None req-01f4877b-bbb3-4171-a32f-08018ce29268 None None] tcp:192.168.79.49:6641: connecting...
Jul 11 20:58:43 ubuntu neutron-server[119663]: DEBUG ovsdbapp.backend.ovs_idl [None req-224c81e1-e593-4589-8fe9-eb170231327d None None] Created schema index Port_Group.name {{(pid=119663) autocreate_indices /usr/local/lib/python3.8/dist-packages/ovsdbapp/backend/ovs_idl/__init__.py:104}}
Jul 11 20:58:43 ubuntu neutron-server[119663]: DEBUG ovsdbapp.backend.ovs_idl [None req-224c81e1-e593-4589-8fe9-eb170231327d None None] Created schema index Logical_Switch_Port.name {{(pid=119663) autocreate_indices /usr/local/lib/python3.8/dist-packages/ovsdbapp/backend/ovs_idl/__init__.py:104}}
Jul 11 20:58:43 ubuntu neutron-server[119664]: INFO ovsdbapp.backend.ovs_idl.vlog [None req-01f4877b-bbb3-4171-a32f-08018ce29268 None None] tcp:192.168.79.49:6641: connected
Jul 11 20:58:43 ubuntu neutron-server[119663]: INFO ovsdbapp.backend.ovs_idl.vlog [None req-224c81e1-e593-4589-8fe9-eb170231327d None None] tcp:192.168.79.49:6641: connecting...
Jul 11 20:58:43 ubuntu neutron-server[119663]: INFO ovsdbapp.backend.ovs_idl.vlog [None req-224c81e1-e593-4589-8fe9-eb170231327d None None] tcp:192.168.79.49:6641: connected
Jul 11 20:58:43 ubuntu neutron-server[119424]: DEBUG ovsdbapp.backend.ovs_idl.event [-] Matched CREATE: NeutronPgDropPortGroupCreated(events=('create',), table='Port_Group', conditions=(('name', '=', 'neutron_pg_drop'),), old_conditions=None), priority=10 to row=Port_Group(name=neutron_pg_drop, ports=[], external_ids={}, acls=[<ovs.db.idl.Row object at 0x7f6da02d9d00>, <ovs.db.idl.Row object at 0x7f6da02d7250>]) old= {{(pid=119424) matches /usr/local/lib/python3.8/dist-packages/ovsdbapp/backend/ovs_idl/event.py:43}}
Jul 11 20:58:43 ubuntu neutron-server[119424]: DEBUG ovsdbapp.backend.ovs_idl [None req-5f4d1ce8-e143-4546-a7de-c6696a3321ec None None] Created lookup_table index Logical_Switch.name {{(pid=119424) autocreate_indices /usr/local/lib/python3.8/dist-packages/ovsdbapp/backend/ovs_idl/__init__.py:85}}
Jul 11 20:58:43 ubuntu neutron-server[119424]: DEBUG ovsdbapp.backend.ovs_idl [None req-5f4d1ce8-e143-4546-a7de-c6696a3321ec None None] Created lookup_table index Logical_Router.name {{(pid=119424) autocreate_indices /usr/local/lib/python3.8/dist-packages/ovsdbapp/backend/ovs_idl/__init__.py:85}}
Jul 11 20:58:43 ubuntu neutron-server[119424]: DEBUG ovsdbapp.backend.ovs_idl [None req-5f4d1ce8-e143-4546-a7de-c6696a3321ec None None] Created lookup_table index Load_Balancer.name {{(pid=119424) autocreate_indices /usr/local/lib/python3.8/dist-packages/ovsdbapp/backend/ovs_idl/__init__.py:85}}
Jul 11 20:58:43 ubuntu neutron-server[119424]: DEBUG ovsdbapp.backend.ovs_idl [None req-5f4d1ce8-e143-4546-a7de-c6696a3321ec None None] Created schema index Meter.name {{(pid=119424) autocreate_indices /usr/local/lib/python3.8/dist-packages/ovsdbapp/backend/ovs_idl/__init__.py:104}}
Jul 11 20:58:43 ubuntu neutron-server[119663]: DEBUG neutron.common.ovn.hash_ring_manager [None req-224c81e1-e593-4589-8fe9-eb170231327d None None] Allow caching, nodes 2>=2 {{(pid=119663) _wait_startup_before_caching /opt/stack/neutron/neutron/common/ovn/hash_ring_manager.py:60}}
Jul 11 20:58:43 ubuntu neutron-server[119424]: DEBUG ovsdbapp.backend.ovs_idl [None req-5f4d1ce8-e143-4546-a7de-c6696a3321ec None None] Created schema index Address_Set.name {{(pid=119424) autocreate_indices /usr/local/lib/python3.8/dist-packages/ovsdbapp/backend/ovs_idl/__init__.py:104}}
Jul 11 20:58:43 ubuntu neutron-server[119424]: DEBUG ovsdbapp.backend.ovs_idl [None req-5f4d1ce8-e143-4546-a7de-c6696a3321ec None None] Created schema index HA_Chassis_Group.name {{(pid=119424) autocreate_indices /usr/local/lib/python3.8/dist-packages/ovsdbapp/backend/ovs_idl/__init__.py:104}}
Jul 11 20:58:43 ubuntu neutron-server[119424]: DEBUG ovsdbapp.backend.ovs_idl [None req-5f4d1ce8-e143-4546-a7de-c6696a3321ec None None] Created schema index Connection.target {{(pid=119424) autocreate_indices /usr/local/lib/python3.8/dist-packages/ovsdbapp/backend/ovs_idl/__init__.py:104}}
Jul 11 20:58:43 ubuntu neutron-server[119424]: DEBUG ovsdbapp.backend.ovs_idl [None req-5f4d1ce8-e143-4546-a7de-c6696a3321ec None None] Created schema index Gateway_Chassis.name {{(pid=119424) autocreate_indices /usr/local/lib/python3.8/dist-packages/ovsdbapp/backend/ovs_idl/__init__.py:104}}
Jul 11 20:58:43 ubuntu neutron-server[119424]: DEBUG ovsdbapp.backend.ovs_idl [None req-5f4d1ce8-e143-4546-a7de-c6696a3321ec None None] Created schema index Logical_Router_Port.name {{(pid=119424) autocreate_indices /usr/local/lib/python3.8/dist-packages/ovsdbapp/backend/ovs_idl/__init__.py:104}}
Jul 11 20:58:43 ubuntu neutron-server[119424]: DEBUG ovsdbapp.backend.ovs_idl [None req-5f4d1ce8-e143-4546-a7de-c6696a3321ec None None] Created schema index Port_Group.name {{(pid=119424) autocreate_indices /usr/local/lib/python3.8/dist-packages/ovsdbapp/backend/ovs_idl/__init__.py:104}}
Jul 11 20:58:43 ubuntu neutron-server[119664]: DEBUG neutron.common.ovn.hash_ring_manager [None req-01f4877b-bbb3-4171-a32f-08018ce29268 None None] Allow caching, nodes 2>=2 {{(pid=119664) _wait_startup_before_caching /opt/stack/neutron/neutron/common/ovn/hash_ring_manager.py:60}}
Jul 11 20:58:43 ubuntu neutron-server[119424]: DEBUG ovsdbapp.backend.ovs_idl [None req-5f4d1ce8-e143-4546-a7de-c6696a3321ec None None] Created schema index Logical_Switch_Port.name {{(pid=119424) autocreate_indices /usr/local/lib/python3.8/dist-packages/ovsdbapp/backend/ovs_idl/__init__.py:104}}
Jul 11 20:58:43 ubuntu neutron-server[119664]: DEBUG neutron.plugins.ml2.drivers.ovn.mech_driver.ovsdb.ovsdb_monitor [None req-01f4877b-bbb3-4171-a32f-08018ce29268 None None] Hash Ring: Node b9c14133-b96e-46fe-8147-31f442cde3d4 (host: ubuntu) handling event "create" for row 73bcca35-dd99-41aa-bd76-7fd5af186344 (table: Database) {{(pid=119664) notify /opt/stack/neutron/neutron/plugins/ml2/drivers/ovn/mech_driver/ovsdb/ovsdb_monitor.py:743}}
Jul 11 20:58:43 ubuntu neutron-server[119663]: DEBUG neutron.plugins.ml2.drivers.ovn.mech_driver.ovsdb.ovsdb_monitor [None req-224c81e1-e593-4589-8fe9-eb170231327d None None] Hash Ring: Node 8efd76a0-5032-4e84-bd21-b1d8d2eb7d23 (host: ubuntu) handling event "create" for row c17ef103-fa2c-41d5-8086-49bda80cff8a (table: Database) {{(pid=119663) notify /opt/stack/neutron/neutron/plugins/ml2/drivers/ovn/mech_driver/ovsdb/ovsdb_monitor.py:743}}
Jul 11 20:58:43 ubuntu neutron-server[119664]: DEBUG neutron.plugins.ml2.drivers.ovn.mech_driver.ovsdb.ovsdb_monitor [None req-01f4877b-bbb3-4171-a32f-08018ce29268 None None] Hash Ring: Node b9c14133-b96e-46fe-8147-31f442cde3d4 (host: ubuntu) handling event "create" for row 365c74af-a0ae-4abe-ae96-8d95f264afde (table: Port_Group) {{(pid=119664) notify /opt/stack/neutron/neutron/plugins/ml2/drivers/ovn/mech_driver/ovsdb/ovsdb_monitor.py:743}}
Jul 11 20:58:43 ubuntu neutron-server[119664]: DEBUG neutron.plugins.ml2.drivers.ovn.mech_driver.ovsdb.ovsdb_monitor [None req-01f4877b-bbb3-4171-a32f-08018ce29268 None None] Hash Ring: Node b9c14133-b96e-46fe-8147-31f442cde3d4 (host: ubuntu) handling event "create" for row 85ebd0ec-d7a7-460f-a7e4-241d2e8e441f (table: NB_Global) {{(pid=119664) notify /opt/stack/neutron/neutron/plugins/ml2/drivers/ovn/mech_driver/ovsdb/ovsdb_monitor.py:743}}
Jul 11 20:58:43 ubuntu neutron-server[119664]: DEBUG neutron.plugins.ml2.drivers.ovn.mech_driver.ovsdb.ovsdb_monitor [None req-01f4877b-bbb3-4171-a32f-08018ce29268 None None] Hash Ring: Node b9c14133-b96e-46fe-8147-31f442cde3d4 (host: ubuntu) handling event "create" for row e569a232-1f81-4062-ab49-8ef30b05355e (table: ACL) {{(pid=119664) notify /opt/stack/neutron/neutron/plugins/ml2/drivers/ovn/mech_driver/ovsdb/ovsdb_monitor.py:743}}
Jul 11 20:58:43 ubuntu neutron-server[119664]: DEBUG neutron.plugins.ml2.drivers.ovn.mech_driver.ovsdb.ovsdb_monitor [None req-01f4877b-bbb3-4171-a32f-08018ce29268 None None] Hash Ring: Node b9c14133-b96e-46fe-8147-31f442cde3d4 (host: ubuntu) handling event "create" for row 2e7658f3-cefc-4c1e-8347-72fde41e5b26 (table: ACL) {{(pid=119664) notify /opt/stack/neutron/neutron/plugins/ml2/drivers/ovn/mech_driver/ovsdb/ovsdb_monitor.py:743}}
Jul 11 20:58:43 ubuntu neutron-server[119663]: DEBUG neutron.plugins.ml2.drivers.ovn.mech_driver.ovsdb.ovsdb_monitor [None req-224c81e1-e593-4589-8fe9-eb170231327d None None] Hash Ring: Node 8efd76a0-5032-4e84-bd21-b1d8d2eb7d23 (host: ubuntu) handling event "create" for row 7e5daefd-25c8-462c-b8a7-77cc3c63a182 (table: Connection) {{(pid=119663) notify /opt/stack/neutron/neutron/plugins/ml2/drivers/ovn/mech_driver/ovsdb/ovsdb_monitor.py:743}}
Jul 11 20:58:43 ubuntu neutron-server[119663]: INFO neutron.plugins.ml2.drivers.ovn.mech_driver.ovsdb.impl_idl_ovn [None req-224c81e1-e593-4589-8fe9-eb170231327d None None] Getting OvsdbSbOvnIdl for WorkerService with retry
Jul 11 20:58:43 ubuntu neutron-server[119664]: INFO neutron.plugins.ml2.drivers.ovn.mech_driver.ovsdb.impl_idl_ovn [None req-01f4877b-bbb3-4171-a32f-08018ce29268 None None] Getting OvsdbSbOvnIdl for WorkerService with retry
Jul 11 20:58:43 ubuntu neutron-server[119664]: DEBUG ovsdbapp.backend.ovs_idl [None req-01f4877b-bbb3-4171-a32f-08018ce29268 None None] Created lookup_table index Chassis.name {{(pid=119664) autocreate_indices /usr/local/lib/python3.8/dist-packages/ovsdbapp/backend/ovs_idl/__init__.py:85}}
Jul 11 20:58:43 ubuntu neutron-server[119664]: DEBUG ovsdbapp.backend.ovs_idl [None req-01f4877b-bbb3-4171-a32f-08018ce29268 None None] Created schema index Datapath_Binding.tunnel_key {{(pid=119664) autocreate_indices /usr/local/lib/python3.8/dist-packages/ovsdbapp/backend/ovs_idl/__init__.py:104}}
Jul 11 20:58:43 ubuntu neutron-server[119664]: DEBUG ovsdbapp.backend.ovs_idl [None req-01f4877b-bbb3-4171-a32f-08018ce29268 None None] Created schema index Connection.target {{(pid=119664) autocreate_indices /usr/local/lib/python3.8/dist-packages/ovsdbapp/backend/ovs_idl/__init__.py:104}}
Jul 11 20:58:43 ubuntu neutron-server[119663]: DEBUG ovsdbapp.backend.ovs_idl [None req-224c81e1-e593-4589-8fe9-eb170231327d None None] Created lookup_table index Chassis.name {{(pid=119663) autocreate_indices /usr/local/lib/python3.8/dist-packages/ovsdbapp/backend/ovs_idl/__init__.py:85}}
Jul 11 20:58:43 ubuntu neutron-server[119663]: DEBUG ovsdbapp.backend.ovs_idl [None req-224c81e1-e593-4589-8fe9-eb170231327d None None] Created schema index Datapath_Binding.tunnel_key {{(pid=119663) autocreate_indices /usr/local/lib/python3.8/dist-packages/ovsdbapp/backend/ovs_idl/__init__.py:104}}
Jul 11 20:58:43 ubuntu neutron-server[119664]: INFO ovsdbapp.backend.ovs_idl.vlog [None req-01f4877b-bbb3-4171-a32f-08018ce29268 None None] tcp:192.168.79.49:6642: connecting...
Jul 11 20:58:43 ubuntu neutron-server[119663]: DEBUG ovsdbapp.backend.ovs_idl [None req-224c81e1-e593-4589-8fe9-eb170231327d None None] Created schema index Connection.target {{(pid=119663) autocreate_indices /usr/local/lib/python3.8/dist-packages/ovsdbapp/backend/ovs_idl/__init__.py:104}}
Jul 11 20:58:43 ubuntu neutron-server[119664]: INFO ovsdbapp.backend.ovs_idl.vlog [None req-01f4877b-bbb3-4171-a32f-08018ce29268 None None] tcp:192.168.79.49:6642: connected
Jul 11 20:58:43 ubuntu neutron-server[119663]: INFO ovsdbapp.backend.ovs_idl.vlog [None req-224c81e1-e593-4589-8fe9-eb170231327d None None] tcp:192.168.79.49:6642: connecting...
Jul 11 20:58:43 ubuntu neutron-server[119663]: INFO ovsdbapp.backend.ovs_idl.vlog [None req-224c81e1-e593-4589-8fe9-eb170231327d None None] tcp:192.168.79.49:6642: connected
Jul 11 20:58:43 ubuntu neutron-server[119424]: DEBUG ovsdbapp.backend.ovs_idl [None req-5f4d1ce8-e143-4546-a7de-c6696a3321ec None None] Created lookup_table index Chassis.name {{(pid=119424) autocreate_indices /usr/local/lib/python3.8/dist-packages/ovsdbapp/backend/ovs_idl/__init__.py:85}}
Jul 11 20:58:43 ubuntu neutron-server[119424]: DEBUG ovsdbapp.backend.ovs_idl [None req-5f4d1ce8-e143-4546-a7de-c6696a3321ec None None] Created lookup_table index MAC_Binding.ip {{(pid=119424) autocreate_indices /usr/local/lib/python3.8/dist-packages/ovsdbapp/backend/ovs_idl/__init__.py:85}}
Jul 11 20:58:43 ubuntu neutron-server[119424]: DEBUG ovsdbapp.backend.ovs_idl [None req-5f4d1ce8-e143-4546-a7de-c6696a3321ec None None] Created schema index Meter.name {{(pid=119424) autocreate_indices /usr/local/lib/python3.8/dist-packages/ovsdbapp/backend/ovs_idl/__init__.py:104}}
Jul 11 20:58:43 ubuntu neutron-server[119424]: DEBUG ovsdbapp.backend.ovs_idl [None req-5f4d1ce8-e143-4546-a7de-c6696a3321ec None None] Created schema index Address_Set.name {{(pid=119424) autocreate_indices /usr/local/lib/python3.8/dist-packages/ovsdbapp/backend/ovs_idl/__init__.py:104}}
Jul 11 20:58:43 ubuntu neutron-server[119424]: DEBUG ovsdbapp.backend.ovs_idl [None req-5f4d1ce8-e143-4546-a7de-c6696a3321ec None None] Created schema index HA_Chassis_Group.name {{(pid=119424) autocreate_indices /usr/local/lib/python3.8/dist-packages/ovsdbapp/backend/ovs_idl/__init__.py:104}}
Jul 11 20:58:43 ubuntu neutron-server[119424]: DEBUG ovsdbapp.backend.ovs_idl [None req-5f4d1ce8-e143-4546-a7de-c6696a3321ec None None] Created schema index IP_Multicast.datapath {{(pid=119424) autocreate_indices /usr/local/lib/python3.8/dist-packages/ovsdbapp/backend/ovs_idl/__init__.py:104}}
Jul 11 20:58:43 ubuntu neutron-server[119424]: DEBUG ovsdbapp.backend.ovs_idl [None req-5f4d1ce8-e143-4546-a7de-c6696a3321ec None None] Created schema index Connection.target {{(pid=119424) autocreate_indices /usr/local/lib/python3.8/dist-packages/ovsdbapp/backend/ovs_idl/__init__.py:104}}
Jul 11 20:58:43 ubuntu neutron-server[119424]: DEBUG ovsdbapp.backend.ovs_idl [None req-5f4d1ce8-e143-4546-a7de-c6696a3321ec None None] Created schema index Gateway_Chassis.name {{(pid=119424) autocreate_indices /usr/local/lib/python3.8/dist-packages/ovsdbapp/backend/ovs_idl/__init__.py:104}}
Jul 11 20:58:43 ubuntu neutron-server[119424]: DEBUG ovsdbapp.backend.ovs_idl [None req-5f4d1ce8-e143-4546-a7de-c6696a3321ec None None] Created schema index Port_Group.name {{(pid=119424) autocreate_indices /usr/local/lib/python3.8/dist-packages/ovsdbapp/backend/ovs_idl/__init__.py:104}}
Jul 11 20:58:43 ubuntu neutron-server[119424]: DEBUG ovsdbapp.backend.ovs_idl [None req-5f4d1ce8-e143-4546-a7de-c6696a3321ec None None] Created schema index Datapath_Binding.tunnel_key {{(pid=119424) autocreate_indices /usr/local/lib/python3.8/dist-packages/ovsdbapp/backend/ovs_idl/__init__.py:104}}
Jul 11 20:58:43 ubuntu neutron-server[119664]: DEBUG neutron.common.ovn.hash_ring_manager [None req-01f4877b-bbb3-4171-a32f-08018ce29268 None None] Allow caching, nodes 2>=2 {{(pid=119664) _wait_startup_before_caching /opt/stack/neutron/neutron/common/ovn/hash_ring_manager.py:60}}
Jul 11 20:58:43 ubuntu neutron-server[119663]: DEBUG neutron.common.ovn.hash_ring_manager [None req-224c81e1-e593-4589-8fe9-eb170231327d None None] Allow caching, nodes 2>=2 {{(pid=119663) _wait_startup_before_caching /opt/stack/neutron/neutron/common/ovn/hash_ring_manager.py:60}}
Jul 11 20:58:43 ubuntu neutron-server[119664]: DEBUG neutron.plugins.ml2.drivers.ovn.mech_driver.ovsdb.ovsdb_monitor [None req-01f4877b-bbb3-4171-a32f-08018ce29268 None None] Hash Ring: Node b9c14133-b96e-46fe-8147-31f442cde3d4 (host: ubuntu) handling event "create" for row ba0fb44a-b388-477e-b601-d63e6ed63aef (table: Database) {{(pid=119664) notify /opt/stack/neutron/neutron/plugins/ml2/drivers/ovn/mech_driver/ovsdb/ovsdb_monitor.py:743}}
Jul 11 20:58:43 ubuntu neutron-server[119664]: DEBUG neutron.plugins.ml2.drivers.ovn.mech_driver.ovsdb.ovsdb_monitor [None req-01f4877b-bbb3-4171-a32f-08018ce29268 None None] Hash Ring: Node b9c14133-b96e-46fe-8147-31f442cde3d4 (host: ubuntu) handling event "create" for row ec10bcbb-2e87-4a2d-9a18-a16365bb29eb (table: Database) {{(pid=119664) notify /opt/stack/neutron/neutron/plugins/ml2/drivers/ovn/mech_driver/ovsdb/ovsdb_monitor.py:743}}
Jul 11 20:58:43 ubuntu neutron-server[119664]: DEBUG neutron.plugins.ml2.drivers.ovn.mech_driver.ovsdb.ovsdb_monitor [None req-01f4877b-bbb3-4171-a32f-08018ce29268 None None] ChassisAgentWriteEvent : Matched Chassis, create, None None {{(pid=119664) matches /opt/stack/neutron/neutron/plugins/ml2/drivers/ovn/mech_driver/ovsdb/ovsdb_monitor.py:62}}
Jul 11 20:58:43 ubuntu neutron-server[119663]: DEBUG neutron.plugins.ml2.drivers.ovn.mech_driver.ovsdb.ovsdb_monitor [None req-224c81e1-e593-4589-8fe9-eb170231327d None None] Hash Ring: Node 8efd76a0-5032-4e84-bd21-b1d8d2eb7d23 (host: ubuntu) handling event "create" for row a24d84e2-e4bc-4c7a-bccf-f3a16c820a23 (table: Encap) {{(pid=119663) notify /opt/stack/neutron/neutron/plugins/ml2/drivers/ovn/mech_driver/ovsdb/ovsdb_monitor.py:743}}
Jul 11 20:58:43 ubuntu neutron-server[119664]: DEBUG neutron.plugins.ml2.drivers.ovn.mech_driver.ovsdb.ovsdb_monitor [None req-01f4877b-bbb3-4171-a32f-08018ce29268 None None] ChassisMetadataAgentWriteEvent : Matched Chassis, create, None None {{(pid=119664) matches /opt/stack/neutron/neutron/plugins/ml2/drivers/ovn/mech_driver/ovsdb/ovsdb_monitor.py:62}}
Jul 11 20:58:43 ubuntu neutron-server[119663]: DEBUG neutron.plugins.ml2.drivers.ovn.mech_driver.ovsdb.ovsdb_monitor [None req-224c81e1-e593-4589-8fe9-eb170231327d None None] ChassisAgentWriteEvent : Matched Chassis, create, None None {{(pid=119663) matches /opt/stack/neutron/neutron/plugins/ml2/drivers/ovn/mech_driver/ovsdb/ovsdb_monitor.py:62}}
Jul 11 20:58:43 ubuntu neutron-server[119663]: DEBUG neutron.plugins.ml2.drivers.ovn.mech_driver.ovsdb.ovsdb_monitor [None req-224c81e1-e593-4589-8fe9-eb170231327d None None] ChassisMetadataAgentWriteEvent : Matched Chassis, create, None None {{(pid=119663) matches /opt/stack/neutron/neutron/plugins/ml2/drivers/ovn/mech_driver/ovsdb/ovsdb_monitor.py:62}}
Jul 11 20:58:43 ubuntu neutron-server[119663]: DEBUG neutron.plugins.ml2.drivers.ovn.mech_driver.ovsdb.ovsdb_monitor [None req-224c81e1-e593-4589-8fe9-eb170231327d None None] Hash Ring: Node 8efd76a0-5032-4e84-bd21-b1d8d2eb7d23 (host: ubuntu) handling event "create" for row a3070173-407e-4307-9b06-19d43d23ff11 (table: Chassis) {{(pid=119663) notify /opt/stack/neutron/neutron/plugins/ml2/drivers/ovn/mech_driver/ovsdb/ovsdb_monitor.py:743}}
Jul 11 20:58:43 ubuntu neutron-server[119663]: DEBUG neutron.plugins.ml2.drivers.ovn.mech_driver.ovsdb.ovsdb_monitor [None req-224c81e1-e593-4589-8fe9-eb170231327d None None] Hash Ring: Node 8efd76a0-5032-4e84-bd21-b1d8d2eb7d23 (host: ubuntu) handling event "create" for row 73210364-a4f9-4150-9447-1039ec36dd58 (table: Connection) {{(pid=119663) notify /opt/stack/neutron/neutron/plugins/ml2/drivers/ovn/mech_driver/ovsdb/ovsdb_monitor.py:743}}
Jul 11 20:58:43 ubuntu neutron-server[119664]: INFO neutron.wsgi [-] (119664) wsgi starting up on http://0.0.0.0:9696
Jul 11 20:58:43 ubuntu neutron-server[119663]: INFO neutron.wsgi [-] (119663) wsgi starting up on http://0.0.0.0:9696
Jul 11 20:58:43 ubuntu neutron-server[119424]: INFO oslo_service.service [None req-5f4d1ce8-e143-4546-a7de-c6696a3321ec None None] Starting 1 workers
Jul 11 20:58:43 ubuntu neutron-server[119424]: DEBUG oslo_service.service [None req-5f4d1ce8-e143-4546-a7de-c6696a3321ec None None] Started child 119666 {{(pid=119424) _start_child /usr/local/lib/python3.8/dist-packages/oslo_service/service.py:575}}
Jul 11 20:58:43 ubuntu neutron-server[119424]: INFO oslo_service.service [None req-5f4d1ce8-e143-4546-a7de-c6696a3321ec None None] Starting 1 workers
Jul 11 20:58:43 ubuntu neutron-server[119424]: DEBUG oslo_service.service [None req-5f4d1ce8-e143-4546-a7de-c6696a3321ec None None] Started child 119667 {{(pid=119424) _start_child /usr/local/lib/python3.8/dist-packages/oslo_service/service.py:575}}
Jul 11 20:58:43 ubuntu neutron-server[119424]: INFO oslo_service.service [None req-5f4d1ce8-e143-4546-a7de-c6696a3321ec None None] Starting 1 workers
Jul 11 20:58:43 ubuntu neutron-server[119666]: DEBUG neutron.service [None req-5f4d1ce8-e143-4546-a7de-c6696a3321ec None None] calling RpcWorker wait() {{(pid=119666) _wait /opt/stack/neutron/neutron/service.py:128}}
Jul 11 20:58:43 ubuntu neutron-server[119666]: DEBUG neutron.service [None req-5f4d1ce8-e143-4546-a7de-c6696a3321ec None None] returning from RpcWorker wait() {{(pid=119666) _wait /opt/stack/neutron/neutron/service.py:135}}
Jul 11 20:58:43 ubuntu neutron-server[119666]: DEBUG neutron_lib.callbacks.manager [-] Publish callbacks ['neutron.plugins.ml2.drivers.ovn.mech_driver.mech_driver.OVNMechanismDriver.post_fork_initialize-414733'] for process (None), after_init {{(pid=119666) _notify_loop /usr/local/lib/python3.8/dist-packages/neutron_lib/callbacks/manager.py:176}}
Jul 11 20:58:43 ubuntu neutron-server[119667]: DEBUG neutron_lib.callbacks.manager [-] Publish callbacks ['neutron.plugins.ml2.drivers.ovn.mech_driver.mech_driver.OVNMechanismDriver.post_fork_initialize-414733'] for process (None), after_init {{(pid=119667) _notify_loop /usr/local/lib/python3.8/dist-packages/neutron_lib/callbacks/manager.py:176}}
Jul 11 20:58:43 ubuntu neutron-server[119424]: DEBUG oslo_service.service [None req-5f4d1ce8-e143-4546-a7de-c6696a3321ec None None] Started child 119668 {{(pid=119424) _start_child /usr/local/lib/python3.8/dist-packages/oslo_service/service.py:575}}
Jul 11 20:58:43 ubuntu neutron-server[119666]: INFO neutron.plugins.ml2.drivers.ovn.mech_driver.ovsdb.impl_idl_ovn [-] Getting OvsdbNbOvnIdl for RpcWorker with retry
Jul 11 20:58:43 ubuntu neutron-server[119424]: DEBUG neutron_lib.callbacks.manager [None req-5f4d1ce8-e143-4546-a7de-c6696a3321ec None None] Publish callbacks [] for process (None), after_spawn {{(pid=119424) _notify_loop /usr/local/lib/python3.8/dist-packages/neutron_lib/callbacks/manager.py:176}}
Jul 11 20:58:43 ubuntu neutron-server[119667]: INFO neutron.plugins.ml2.drivers.ovn.mech_driver.ovsdb.impl_idl_ovn [-] Getting OvsdbNbOvnIdl for MaintenanceWorker with retry
