Jun 29 16:51:41 ubuntu devstack@g-api.service[132295]: DEBUG glance_store.capabilities [None req-eb643247-58d2-42ca-b9f1-5a22f54f34ed admin admin] Store glance_store._drivers.swift.store.SingleTenantStore doesn't support updating dynamic storage capabilities. Please overwrite 'update_capabilities' method of the store to implement updating logics if needed. {{(pid=132295) update_capabilities /usr/local/lib/python3.8/dist-packages/glance_store/capabilities.py:91}}
Jun 29 16:51:41 ubuntu devstack@g-api.service[132295]: DEBUG glance_store.driver [None req-eb643247-58d2-42ca-b9f1-5a22f54f34ed admin admin] Late loading location class glance_store._drivers.swift.store.StoreLocation {{(pid=132295) get_store_location_class /usr/local/lib/python3.8/dist-packages/glance_store/driver.py:117}}
Jun 29 16:51:41 ubuntu devstack@g-api.service[132295]: DEBUG glance_store.location [None req-eb643247-58d2-42ca-b9f1-5a22f54f34ed admin admin] Registering scheme swift+https with {'store': <glance_store._drivers.swift.store.SingleTenantStore object at 0x7f3d572853d0>, 'location_class': <class 'glance_store._drivers.swift.store.StoreLocation'>, 'store_entry': 'swift'} {{(pid=132295) register_scheme_map /usr/local/lib/python3.8/dist-packages/glance_store/location.py:146}}
Jun 29 16:51:41 ubuntu devstack@g-api.service[132295]: DEBUG glance_store.location [None req-eb643247-58d2-42ca-b9f1-5a22f54f34ed admin admin] Registering scheme swift+https with {'store': <glance_store._drivers.swift.store.SingleTenantStore object at 0x7f3d572853d0>, 'location_class': <class 'glance_store._drivers.swift.store.StoreLocation'>, 'store_entry': 'swift'} {{(pid=132295) register_scheme_map /usr/local/lib/python3.8/dist-packages/glance_store/location.py:146}}
Jun 29 16:51:41 ubuntu devstack@g-api.service[132295]: DEBUG glance_store.location [None req-eb643247-58d2-42ca-b9f1-5a22f54f34ed admin admin] Registering scheme swift with {'store': <glance_store._drivers.swift.store.SingleTenantStore object at 0x7f3d572853d0>, 'location_class': <class 'glance_store._drivers.swift.store.StoreLocation'>, 'store_entry': 'swift'} {{(pid=132295) register_scheme_map /usr/local/lib/python3.8/dist-packages/glance_store/location.py:146}}
Jun 29 16:51:41 ubuntu devstack@g-api.service[132295]: DEBUG glance_store.location [None req-eb643247-58d2-42ca-b9f1-5a22f54f34ed admin admin] Registering scheme swift+https with {'store': <glance_store._drivers.swift.store.SingleTenantStore object at 0x7f3d572853d0>, 'location_class': <class 'glance_store._drivers.swift.store.StoreLocation'>, 'store_entry': 'swift'} {{(pid=132295) register_scheme_map /usr/local/lib/python3.8/dist-packages/glance_store/location.py:146}}
Jun 29 16:51:41 ubuntu devstack@g-api.service[132295]: DEBUG glance_store.location [None req-eb643247-58d2-42ca-b9f1-5a22f54f34ed admin admin] Registering scheme swift with {'store': <glance_store._drivers.swift.store.SingleTenantStore object at 0x7f3d572853d0>, 'location_class': <class 'glance_store._drivers.swift.store.StoreLocation'>, 'store_entry': 'swift'} {{(pid=132295) register_scheme_map /usr/local/lib/python3.8/dist-packages/glance_store/location.py:146}}
Jun 29 16:51:41 ubuntu devstack@g-api.service[132295]: DEBUG glance_store.location [None req-eb643247-58d2-42ca-b9f1-5a22f54f34ed admin admin] Registering scheme swift+http with {'store': <glance_store._drivers.swift.store.SingleTenantStore object at 0x7f3d572853d0>, 'location_class': <class 'glance_store._drivers.swift.store.StoreLocation'>, 'store_entry': 'swift'} {{(pid=132295) register_scheme_map /usr/local/lib/python3.8/dist-packages/glance_store/location.py:146}}
Jun 29 16:51:41 ubuntu devstack@g-api.service[132295]: DEBUG glance_store.location [None req-eb643247-58d2-42ca-b9f1-5a22f54f34ed admin admin] Registering scheme swift+https with {'store': <glance_store._drivers.swift.store.SingleTenantStore object at 0x7f3d572853d0>, 'location_class': <class 'glance_store._drivers.swift.store.StoreLocation'>, 'store_entry': 'swift'} {{(pid=132295) register_scheme_map /usr/local/lib/python3.8/dist-packages/glance_store/location.py:146}}
Jun 29 16:51:41 ubuntu devstack@g-api.service[132295]: DEBUG glance_store.location [None req-eb643247-58d2-42ca-b9f1-5a22f54f34ed admin admin] Registering scheme swift with {'store': <glance_store._drivers.swift.store.SingleTenantStore object at 0x7f3d572853d0>, 'location_class': <class 'glance_store._drivers.swift.store.StoreLocation'>, 'store_entry': 'swift'} {{(pid=132295) register_scheme_map /usr/local/lib/python3.8/dist-packages/glance_store/location.py:146}}
Jun 29 16:51:41 ubuntu devstack@g-api.service[132295]: DEBUG glance_store.location [None req-eb643247-58d2-42ca-b9f1-5a22f54f34ed admin admin] Registering scheme swift+http with {'store': <glance_store._drivers.swift.store.SingleTenantStore object at 0x7f3d572853d0>, 'location_class': <class 'glance_store._drivers.swift.store.StoreLocation'>, 'store_entry': 'swift'} {{(pid=132295) register_scheme_map /usr/local/lib/python3.8/dist-packages/glance_store/location.py:146}}
Jun 29 16:51:41 ubuntu devstack@g-api.service[132295]: DEBUG glance_store.location [None req-eb643247-58d2-42ca-b9f1-5a22f54f34ed admin admin] Registering scheme swift+config with {'store': <glance_store._drivers.swift.store.SingleTenantStore object at 0x7f3d572853d0>, 'location_class': <class 'glance_store._drivers.swift.store.StoreLocation'>, 'store_entry': 'swift'} {{(pid=132295) register_scheme_map /usr/local/lib/python3.8/dist-packages/glance_store/location.py:146}}
Jun 29 16:51:41 ubuntu devstack@g-api.service[132295]: DEBUG glance_store.backend [None req-eb643247-58d2-42ca-b9f1-5a22f54f34ed admin admin] Skipping store.set_acls... not implemented. {{(pid=132295) set_acls /usr/local/lib/python3.8/dist-packages/glance_store/backend.py:509}}
Jun 29 16:51:41 ubuntu devstack@g-api.service[132295]: [pid: 132295|app: 0|req: 3/4] 127.0.0.1 () {40 vars in 862 bytes} [Wed Jun 29 16:51:39 2022] PUT /v2/images/64e5aff5-a58b-4f75-949f-1acb0a29e46b/file => generated 0 bytes in 2174 msecs (HTTP/1.1 204) 4 headers in 171 bytes (1 switches on core 0)
Jun 29 16:51:49 ubuntu devstack@g-api.service[132294]: DEBUG dbcounter [-] [132294] Writing DB stats glance:SELECT=9,glance:INSERT=5 {{(pid=132294) stat_writer /usr/local/lib/python3.8/dist-packages/dbcounter.py:114}}
Jun 29 16:51:51 ubuntu devstack@g-api.service[132295]: DEBUG dbcounter [-] [132295] Writing DB stats glance:SELECT=28,glance:UPDATE=2,glance:INSERT=1 {{(pid=132295) stat_writer /usr/local/lib/python3.8/dist-packages/dbcounter.py:114}}
Jun 29 16:52:29 ubuntu devstack@g-api.service[132294]: DEBUG glance.api.middleware.version_negotiation [None req-df948bfa-8f26-4b72-85f9-fa6e0e502453 admin admin] Determining version of request: GET / Accept: application/json {{(pid=132294) process_request /opt/stack/glance/glance/api/middleware/version_negotiation.py:44}}
Jun 29 16:52:29 ubuntu devstack@g-api.service[132294]: DEBUG glance.api.middleware.version_negotiation [None req-df948bfa-8f26-4b72-85f9-fa6e0e502453 admin admin] Using url versioning {{(pid=132294) process_request /opt/stack/glance/glance/api/middleware/version_negotiation.py:57}}
Jun 29 16:52:29 ubuntu devstack@g-api.service[132294]: DEBUG glance.api.middleware.version_negotiation [None req-df948bfa-8f26-4b72-85f9-fa6e0e502453 admin admin] Unknown version. Returning version choices. {{(pid=132294) process_request /opt/stack/glance/glance/api/middleware/version_negotiation.py:64}}
Jun 29 16:52:29 ubuntu devstack@g-api.service[132294]: [pid: 132294|app: 0|req: 2/5] 127.0.0.1 () {34 vars in 506 bytes} [Wed Jun 29 16:52:29 2022] GET / => generated 1323 bytes in 7 msecs (HTTP/1.1 300) 3 headers in 106 bytes (1 switches on core 0)
Jun 29 16:52:29 ubuntu devstack@g-api.service[132295]: DEBUG glance.api.middleware.version_negotiation [None req-eb643247-58d2-42ca-b9f1-5a22f54f34ed admin admin] Determining version of request: GET /v2/images Accept: application/json {{(pid=132295) process_request /opt/stack/glance/glance/api/middleware/version_negotiation.py:44}}
Jun 29 16:52:29 ubuntu devstack@g-api.service[132295]: DEBUG glance.api.middleware.version_negotiation [None req-eb643247-58d2-42ca-b9f1-5a22f54f34ed admin admin] Using url versioning {{(pid=132295) process_request /opt/stack/glance/glance/api/middleware/version_negotiation.py:57}}
Jun 29 16:52:29 ubuntu devstack@g-api.service[132295]: DEBUG glance.api.middleware.version_negotiation [None req-eb643247-58d2-42ca-b9f1-5a22f54f34ed admin admin] Matched version: v2 {{(pid=132295) process_request /opt/stack/glance/glance/api/middleware/version_negotiation.py:69}}
Jun 29 16:52:29 ubuntu devstack@g-api.service[132295]: DEBUG glance.api.middleware.version_negotiation [None req-eb643247-58d2-42ca-b9f1-5a22f54f34ed admin admin] new path /v2/images {{(pid=132295) process_request /opt/stack/glance/glance/api/middleware/version_negotiation.py:70}}
Jun 29 16:52:29 ubuntu devstack@g-api.service[132295]: [pid: 132295|app: 0|req: 4/6] 127.0.0.1 () {36 vars in 728 bytes} [Wed Jun 29 16:52:29 2022] GET /v2/images => generated 1045 bytes in 121 msecs (HTTP/1.1 200) 4 headers in 158 bytes (1 switches on core 0)
Jun 29 16:52:35 ubuntu devstack@g-api.service[132294]: DEBUG glance.api.middleware.version_negotiation [None req-df948bfa-8f26-4b72-85f9-fa6e0e502453 admin admin] Determining version of request: GET / Accept: application/json {{(pid=132294) process_request /opt/stack/glance/glance/api/middleware/version_negotiation.py:44}}
Jun 29 16:52:35 ubuntu devstack@g-api.service[132294]: DEBUG glance.api.middleware.version_negotiation [None req-df948bfa-8f26-4b72-85f9-fa6e0e502453 admin admin] Using url versioning {{(pid=132294) process_request /opt/stack/glance/glance/api/middleware/version_negotiation.py:57}}
Jun 29 16:52:35 ubuntu devstack@g-api.service[132294]: DEBUG glance.api.middleware.version_negotiation [None req-df948bfa-8f26-4b72-85f9-fa6e0e502453 admin admin] Unknown version. Returning version choices. {{(pid=132294) process_request /opt/stack/glance/glance/api/middleware/version_negotiation.py:64}}
Jun 29 16:52:35 ubuntu devstack@g-api.service[132294]: [pid: 132294|app: 0|req: 3/7] 127.0.0.1 () {34 vars in 506 bytes} [Wed Jun 29 16:52:35 2022] GET / => generated 1323 bytes in 4 msecs (HTTP/1.1 300) 3 headers in 106 bytes (1 switches on core 0)
Jun 29 16:52:35 ubuntu devstack@g-api.service[132295]: DEBUG glance.api.middleware.version_negotiation [None req-dd48519a-3057-4a13-ab0f-36f466f5084b admin admin] Determining version of request: GET /v2/images/64e5aff5-a58b-4f75-949f-1acb0a29e46b Accept: */* {{(pid=132295) process_request /opt/stack/glance/glance/api/middleware/version_negotiation.py:44}}
Jun 29 16:52:35 ubuntu devstack@g-api.service[132295]: DEBUG glance.api.middleware.version_negotiation [None req-dd48519a-3057-4a13-ab0f-36f466f5084b admin admin] Using url versioning {{(pid=132295) process_request /opt/stack/glance/glance/api/middleware/version_negotiation.py:57}}
Jun 29 16:52:35 ubuntu devstack@g-api.service[132295]: DEBUG glance.api.middleware.version_negotiation [None req-dd48519a-3057-4a13-ab0f-36f466f5084b admin admin] Matched version: v2 {{(pid=132295) process_request /opt/stack/glance/glance/api/middleware/version_negotiation.py:69}}
Jun 29 16:52:35 ubuntu devstack@g-api.service[132295]: DEBUG glance.api.middleware.version_negotiation [None req-dd48519a-3057-4a13-ab0f-36f466f5084b admin admin] new path /v2/images/64e5aff5-a58b-4f75-949f-1acb0a29e46b {{(pid=132295) process_request /opt/stack/glance/glance/api/middleware/version_negotiation.py:70}}
Jun 29 16:52:35 ubuntu devstack@g-api.service[132295]: [pid: 132295|app: 0|req: 5/8] 127.0.0.1 () {36 vars in 789 bytes} [Wed Jun 29 16:52:35 2022] GET /v2/images/64e5aff5-a58b-4f75-949f-1acb0a29e46b => generated 976 bytes in 52 msecs (HTTP/1.1 200) 4 headers in 157 bytes (1 switches on core 0)
Jun 29 16:52:38 ubuntu devstack@g-api.service[132294]: DEBUG glance.api.middleware.version_negotiation [None req-df948bfa-8f26-4b72-85f9-fa6e0e502453 admin admin] Determining version of request: GET / Accept: application/json {{(pid=132294) process_request /opt/stack/glance/glance/api/middleware/version_negotiation.py:44}}
Jun 29 16:52:38 ubuntu devstack@g-api.service[132294]: DEBUG glance.api.middleware.version_negotiation [None req-df948bfa-8f26-4b72-85f9-fa6e0e502453 admin admin] Using url versioning {{(pid=132294) process_request /opt/stack/glance/glance/api/middleware/version_negotiation.py:57}}
Jun 29 16:52:38 ubuntu devstack@g-api.service[132294]: DEBUG glance.api.middleware.version_negotiation [None req-df948bfa-8f26-4b72-85f9-fa6e0e502453 admin admin] Unknown version. Returning version choices. {{(pid=132294) process_request /opt/stack/glance/glance/api/middleware/version_negotiation.py:64}}
Jun 29 16:52:38 ubuntu devstack@g-api.service[132294]: [pid: 132294|app: 0|req: 4/9] 127.0.0.1 () {34 vars in 506 bytes} [Wed Jun 29 16:52:38 2022] GET / => generated 1323 bytes in 2 msecs (HTTP/1.1 300) 3 headers in 106 bytes (1 switches on core 0)
Jun 29 16:52:38 ubuntu devstack@g-api.service[132295]: DEBUG glance.api.middleware.version_negotiation [None req-d602761c-e147-44fb-a5be-f35b111dd5db admin admin] Determining version of request: GET /v2/images/64e5aff5-a58b-4f75-949f-1acb0a29e46b Accept: */* {{(pid=132295) process_request /opt/stack/glance/glance/api/middleware/version_negotiation.py:44}}
Jun 29 16:52:38 ubuntu devstack@g-api.service[132295]: DEBUG glance.api.middleware.version_negotiation [None req-d602761c-e147-44fb-a5be-f35b111dd5db admin admin] Using url versioning {{(pid=132295) process_request /opt/stack/glance/glance/api/middleware/version_negotiation.py:57}}
Jun 29 16:52:38 ubuntu devstack@g-api.service[132295]: DEBUG glance.api.middleware.version_negotiation [None req-d602761c-e147-44fb-a5be-f35b111dd5db admin admin] Matched version: v2 {{(pid=132295) process_request /opt/stack/glance/glance/api/middleware/version_negotiation.py:69}}
Jun 29 16:52:38 ubuntu devstack@g-api.service[132295]: DEBUG glance.api.middleware.version_negotiation [None req-d602761c-e147-44fb-a5be-f35b111dd5db admin admin] new path /v2/images/64e5aff5-a58b-4f75-949f-1acb0a29e46b {{(pid=132295) process_request /opt/stack/glance/glance/api/middleware/version_negotiation.py:70}}
Jun 29 16:52:38 ubuntu devstack@g-api.service[132295]: [pid: 132295|app: 0|req: 6/10] 127.0.0.1 () {36 vars in 789 bytes} [Wed Jun 29 16:52:38 2022] GET /v2/images/64e5aff5-a58b-4f75-949f-1acb0a29e46b => generated 976 bytes in 46 msecs (HTTP/1.1 200) 4 headers in 157 bytes (1 switches on core 0)
Jun 29 16:52:48 ubuntu devstack@g-api.service[132295]: DEBUG dbcounter [-] [132295] Writing DB stats glance:SELECT=10 {{(pid=132295) stat_writer /usr/local/lib/python3.8/dist-packages/dbcounter.py:114}}
Jun 29 16:54:57 ubuntu devstack@g-api.service[132294]: DEBUG glance.api.middleware.version_negotiation [None req-df948bfa-8f26-4b72-85f9-fa6e0e502453 admin admin] Determining version of request: GET /v1 Accept: application/json {{(pid=132294) process_request /opt/stack/glance/glance/api/middleware/version_negotiation.py:44}}
Jun 29 16:54:57 ubuntu devstack@g-api.service[132294]: DEBUG glance.api.middleware.version_negotiation [None req-df948bfa-8f26-4b72-85f9-fa6e0e502453 admin admin] Using url versioning {{(pid=132294) process_request /opt/stack/glance/glance/api/middleware/version_negotiation.py:57}}
Jun 29 16:54:57 ubuntu devstack@g-api.service[132294]: DEBUG glance.api.middleware.version_negotiation [None req-df948bfa-8f26-4b72-85f9-fa6e0e502453 admin admin] Unknown version. Returning version choices. {{(pid=132294) process_request /opt/stack/glance/glance/api/middleware/version_negotiation.py:64}}
Jun 29 16:54:57 ubuntu devstack@g-api.service[132294]: [pid: 132294|app: 0|req: 5/11] 127.0.0.1 () {38 vars in 685 bytes} [Wed Jun 29 16:54:57 2022] GET /v1 => generated 1323 bytes in 5 msecs (HTTP/1.1 300) 3 headers in 106 bytes (1 switches on core 0)
Jun 29 16:56:19 ubuntu devstack@g-api.service[132294]: DEBUG oslo_concurrency.lockutils [-] Acquired lock "glance-cache" {{(pid=132294) lock /usr/local/lib/python3.8/dist-packages/oslo_concurrency/lockutils.py:294}}
Jun 29 16:56:19 ubuntu devstack@g-api.service[132294]: DEBUG oslo_concurrency.lockutils [-] Acquired external semaphore "glance-cache" {{(pid=132294) lock /usr/local/lib/python3.8/dist-packages/oslo_concurrency/lockutils.py:302}}
Jun 29 16:56:19 ubuntu devstack@g-api.service[132294]: DEBUG glance.image_cache.prefetcher [-] Nothing to prefetch. {{(pid=132294) run /opt/stack/glance/glance/image_cache/prefetcher.py:79}}
Jun 29 16:56:19 ubuntu devstack@g-api.service[132294]: DEBUG oslo_concurrency.lockutils [-] Releasing lock "glance-cache" {{(pid=132294) lock /usr/local/lib/python3.8/dist-packages/oslo_concurrency/lockutils.py:312}}
Jun 29 16:56:19 ubuntu devstack@g-api.service[132295]: DEBUG oslo_concurrency.lockutils [-] Acquired lock "glance-cache" {{(pid=132295) lock /usr/local/lib/python3.8/dist-packages/oslo_concurrency/lockutils.py:294}}
Jun 29 16:56:19 ubuntu devstack@g-api.service[132295]: DEBUG oslo_concurrency.lockutils [-] Acquired external semaphore "glance-cache" {{(pid=132295) lock /usr/local/lib/python3.8/dist-packages/oslo_concurrency/lockutils.py:302}}
Jun 29 16:56:19 ubuntu devstack@g-api.service[132295]: DEBUG glance.image_cache.prefetcher [-] Nothing to prefetch. {{(pid=132295) run /opt/stack/glance/glance/image_cache/prefetcher.py:79}}
Jun 29 16:56:19 ubuntu devstack@g-api.service[132295]: DEBUG oslo_concurrency.lockutils [-] Releasing lock "glance-cache" {{(pid=132295) lock /usr/local/lib/python3.8/dist-packages/oslo_concurrency/lockutils.py:312}}
Jun 29 16:57:06 ubuntu devstack@g-api.service[132295]: DEBUG glance.api.middleware.version_negotiation [None req-bed6faae-d086-41b5-8cfd-c116760b95a0 admin admin] Determining version of request: GET /versions Accept: */* {{(pid=132295) process_request /opt/stack/glance/glance/api/middleware/version_negotiation.py:44}}
Jun 29 16:57:06 ubuntu devstack@g-api.service[132295]: [pid: 132295|app: 0|req: 7/12] 127.0.0.1 () {38 vars in 695 bytes} [Wed Jun 29 16:57:06 2022] GET /versions => generated 1323 bytes in 4 msecs (HTTP/1.1 200) 3 headers in 92 bytes (1 switches on core 0)
Jun 29 16:57:06 ubuntu devstack@g-api.service[132294]: DEBUG glance.api.middleware.version_negotiation [None req-df948bfa-8f26-4b72-85f9-fa6e0e502453 admin admin] Determining version of request: GET /v2/schemas/image Accept: */* {{(pid=132294) process_request /opt/stack/glance/glance/api/middleware/version_negotiation.py:44}}
Jun 29 16:57:06 ubuntu devstack@g-api.service[132294]: DEBUG glance.api.middleware.version_negotiation [None req-df948bfa-8f26-4b72-85f9-fa6e0e502453 admin admin] Using url versioning {{(pid=132294) process_request /opt/stack/glance/glance/api/middleware/version_negotiation.py:57}}
Jun 29 16:57:06 ubuntu devstack@g-api.service[132294]: DEBUG glance.api.middleware.version_negotiation [None req-df948bfa-8f26-4b72-85f9-fa6e0e502453 admin admin] Matched version: v2 {{(pid=132294) process_request /opt/stack/glance/glance/api/middleware/version_negotiation.py:69}}
Jun 29 16:57:06 ubuntu devstack@g-api.service[132294]: DEBUG glance.api.middleware.version_negotiation [None req-df948bfa-8f26-4b72-85f9-fa6e0e502453 admin admin] new path /v2/schemas/image {{(pid=132294) process_request /opt/stack/glance/glance/api/middleware/version_negotiation.py:70}}
Jun 29 16:57:06 ubuntu devstack@g-api.service[132294]: [pid: 132294|app: 0|req: 6/13] 127.0.0.1 () {38 vars in 711 bytes} [Wed Jun 29 16:57:06 2022] GET /v2/schemas/image => generated 6083 bytes in 122 msecs (HTTP/1.1 200) 4 headers in 158 bytes (1 switches on core 0)
Jun 29 16:57:06 ubuntu devstack@g-api.service[132295]: DEBUG glance.api.middleware.version_negotiation [None req-bed6faae-d086-41b5-8cfd-c116760b95a0 admin admin] Determining version of request: GET /v2/schemas/metadefs/namespace Accept: */* {{(pid=132295) process_request /opt/stack/glance/glance/api/middleware/version_negotiation.py:44}}
Jun 29 16:57:06 ubuntu devstack@g-api.service[132295]: DEBUG glance.api.middleware.version_negotiation [None req-bed6faae-d086-41b5-8cfd-c116760b95a0 admin admin] Using url versioning {{(pid=132295) process_request /opt/stack/glance/glance/api/middleware/version_negotiation.py:57}}
Jun 29 16:57:06 ubuntu devstack@g-api.service[132295]: DEBUG glance.api.middleware.version_negotiation [None req-bed6faae-d086-41b5-8cfd-c116760b95a0 admin admin] Matched version: v2 {{(pid=132295) process_request /opt/stack/glance/glance/api/middleware/version_negotiation.py:69}}
Jun 29 16:57:06 ubuntu devstack@g-api.service[132295]: DEBUG glance.api.middleware.version_negotiation [None req-bed6faae-d086-41b5-8cfd-c116760b95a0 admin admin] new path /v2/schemas/metadefs/namespace {{(pid=132295) process_request /opt/stack/glance/glance/api/middleware/version_negotiation.py:70}}
Jun 29 16:57:06 ubuntu devstack@g-api.service[132295]: [pid: 132295|app: 0|req: 8/14] 127.0.0.1 () {38 vars in 737 bytes} [Wed Jun 29 16:57:06 2022] GET /v2/schemas/metadefs/namespace => generated 3100 bytes in 8 msecs (HTTP/1.1 200) 4 headers in 158 bytes (1 switches on core 0)
Jun 29 16:57:06 ubuntu devstack@g-api.service[132294]: DEBUG glance.api.middleware.version_negotiation [None req-cab67267-7587-4529-a757-de67df00be88 admin admin] Determining version of request: GET /v2/schemas/metadefs/resource_type Accept: */* {{(pid=132294) process_request /opt/stack/glance/glance/api/middleware/version_negotiation.py:44}}
Jun 29 16:57:06 ubuntu devstack@g-api.service[132294]: DEBUG glance.api.middleware.version_negotiation [None req-cab67267-7587-4529-a757-de67df00be88 admin admin] Using url versioning {{(pid=132294) process_request /opt/stack/glance/glance/api/middleware/version_negotiation.py:57}}
Jun 29 16:57:06 ubuntu devstack@g-api.service[132294]: DEBUG glance.api.middleware.version_negotiation [None req-cab67267-7587-4529-a757-de67df00be88 admin admin] Matched version: v2 {{(pid=132294) process_request /opt/stack/glance/glance/api/middleware/version_negotiation.py:69}}
Jun 29 16:57:06 ubuntu devstack@g-api.service[132294]: DEBUG glance.api.middleware.version_negotiation [None req-cab67267-7587-4529-a757-de67df00be88 admin admin] new path /v2/schemas/metadefs/resource_type {{(pid=132294) process_request /opt/stack/glance/glance/api/middleware/version_negotiation.py:70}}
Jun 29 16:57:06 ubuntu devstack@g-api.service[132294]: [pid: 132294|app: 0|req: 7/15] 127.0.0.1 () {38 vars in 745 bytes} [Wed Jun 29 16:57:06 2022] GET /v2/schemas/metadefs/resource_type => generated 1262 bytes in 7 msecs (HTTP/1.1 200) 4 headers in 158 bytes (1 switches on core 0)
Jun 29 16:57:06 ubuntu devstack@g-api.service[132295]: DEBUG glance.api.middleware.version_negotiation [None req-fc2d62ff-dd8c-45c7-8e41-08f1174960af admin admin] Determining version of request: GET /v2/images Accept: */* {{(pid=132295) process_request /opt/stack/glance/glance/api/middleware/version_negotiation.py:44}}
Jun 29 16:57:06 ubuntu devstack@g-api.service[132295]: DEBUG glance.api.middleware.version_negotiation [None req-fc2d62ff-dd8c-45c7-8e41-08f1174960af admin admin] Using url versioning {{(pid=132295) process_request /opt/stack/glance/glance/api/middleware/version_negotiation.py:57}}
Jun 29 16:57:06 ubuntu devstack@g-api.service[132295]: DEBUG glance.api.middleware.version_negotiation [None req-fc2d62ff-dd8c-45c7-8e41-08f1174960af admin admin] Matched version: v2 {{(pid=132295) process_request /opt/stack/glance/glance/api/middleware/version_negotiation.py:69}}
Jun 29 16:57:06 ubuntu devstack@g-api.service[132295]: DEBUG glance.api.middleware.version_negotiation [None req-fc2d62ff-dd8c-45c7-8e41-08f1174960af admin admin] new path /v2/images {{(pid=132295) process_request /opt/stack/glance/glance/api/middleware/version_negotiation.py:70}}
Jun 29 16:57:06 ubuntu devstack@g-api.service[132295]: [pid: 132295|app: 0|req: 9/16] 127.0.0.1 () {38 vars in 768 bytes} [Wed Jun 29 16:57:06 2022] GET /v2/images?limit=20&sort_key=name&sort_dir=asc => generated 1081 bytes in 85 msecs (HTTP/1.1 200) 4 headers in 158 bytes (1 switches on core 0)
Jun 29 16:57:06 ubuntu devstack@g-api.service[132294]: DEBUG glance.api.middleware.version_negotiation [None req-ae6694a5-7410-47cb-b4c6-fcd03254817e admin admin] Determining version of request: GET /v2/schemas/image Accept: */* {{(pid=132294) process_request /opt/stack/glance/glance/api/middleware/version_negotiation.py:44}}
Jun 29 16:57:06 ubuntu devstack@g-api.service[132294]: DEBUG glance.api.middleware.version_negotiation [None req-ae6694a5-7410-47cb-b4c6-fcd03254817e admin admin] Using url versioning {{(pid=132294) process_request /opt/stack/glance/glance/api/middleware/version_negotiation.py:57}}
Jun 29 16:57:06 ubuntu devstack@g-api.service[132294]: DEBUG glance.api.middleware.version_negotiation [None req-ae6694a5-7410-47cb-b4c6-fcd03254817e admin admin] Matched version: v2 {{(pid=132294) process_request /opt/stack/glance/glance/api/middleware/version_negotiation.py:69}}
Jun 29 16:57:06 ubuntu devstack@g-api.service[132294]: DEBUG glance.api.middleware.version_negotiation [None req-ae6694a5-7410-47cb-b4c6-fcd03254817e admin admin] new path /v2/schemas/image {{(pid=132294) process_request /opt/stack/glance/glance/api/middleware/version_negotiation.py:70}}
Jun 29 16:57:06 ubuntu devstack@g-api.service[132294]: [pid: 132294|app: 0|req: 8/17] 127.0.0.1 () {38 vars in 711 bytes} [Wed Jun 29 16:57:06 2022] GET /v2/schemas/image => generated 6083 bytes in 8 msecs (HTTP/1.1 200) 4 headers in 158 bytes (1 switches on core 0)
Jun 29 16:57:16 ubuntu devstack@g-api.service[132295]: DEBUG dbcounter [-] [132295] Writing DB stats glance:SELECT=2 {{(pid=132295) stat_writer /usr/local/lib/python3.8/dist-packages/dbcounter.py:114}}
Jun 29 16:57:19 ubuntu devstack@g-api.service[132295]: DEBUG glance.api.middleware.version_negotiation [None req-04623e2a-f3d0-4d10-a429-553462e319ea admin admin] Determining version of request: GET / Accept: application/json {{(pid=132295) process_request /opt/stack/glance/glance/api/middleware/version_negotiation.py:44}}
Jun 29 16:57:19 ubuntu devstack@g-api.service[132295]: DEBUG glance.api.middleware.version_negotiation [None req-04623e2a-f3d0-4d10-a429-553462e319ea admin admin] Using url versioning {{(pid=132295) process_request /opt/stack/glance/glance/api/middleware/version_negotiation.py:57}}
Jun 29 16:57:19 ubuntu devstack@g-api.service[132295]: DEBUG glance.api.middleware.version_negotiation [None req-04623e2a-f3d0-4d10-a429-553462e319ea admin admin] Unknown version. Returning version choices. {{(pid=132295) process_request /opt/stack/glance/glance/api/middleware/version_negotiation.py:64}}
Jun 29 16:57:19 ubuntu devstack@g-api.service[132295]: [pid: 132295|app: 0|req: 10/18] 127.0.0.1 () {34 vars in 492 bytes} [Wed Jun 29 16:57:19 2022] GET / => generated 1323 bytes in 3 msecs (HTTP/1.1 300) 3 headers in 106 bytes (1 switches on core 0)
Jun 29 16:57:19 ubuntu devstack@g-api.service[132294]: DEBUG glance.api.middleware.version_negotiation [None req-bb072414-965d-46d5-b27d-2c00ed59211a admin admin] Determining version of request: GET /v2/images/64e5aff5-a58b-4f75-949f-1acb0a29e46b Accept: */* {{(pid=132294) process_request /opt/stack/glance/glance/api/middleware/version_negotiation.py:44}}
Jun 29 16:57:19 ubuntu devstack@g-api.service[132294]: DEBUG glance.api.middleware.version_negotiation [None req-bb072414-965d-46d5-b27d-2c00ed59211a admin admin] Using url versioning {{(pid=132294) process_request /opt/stack/glance/glance/api/middleware/version_negotiation.py:57}}
Jun 29 16:57:19 ubuntu devstack@g-api.service[132294]: DEBUG glance.api.middleware.version_negotiation [None req-bb072414-965d-46d5-b27d-2c00ed59211a admin admin] Matched version: v2 {{(pid=132294) process_request /opt/stack/glance/glance/api/middleware/version_negotiation.py:69}}
Jun 29 16:57:19 ubuntu devstack@g-api.service[132294]: DEBUG glance.api.middleware.version_negotiation [None req-bb072414-965d-46d5-b27d-2c00ed59211a admin admin] new path /v2/images/64e5aff5-a58b-4f75-949f-1acb0a29e46b {{(pid=132294) process_request /opt/stack/glance/glance/api/middleware/version_negotiation.py:70}}
Jun 29 16:57:19 ubuntu devstack@g-api.service[132294]: WARNING keystonemiddleware.auth_token [None req-bb072414-965d-46d5-b27d-2c00ed59211a admin admin] A valid token was submitted as a service token, but it was not a valid service token. This is incorrect but backwards compatible behaviour. This will be removed in future releases.
Jun 29 16:57:19 ubuntu devstack@g-api.service[132294]: [pid: 132294|app: 0|req: 9/19] 127.0.0.1 () {42 vars in 1049 bytes} [Wed Jun 29 16:57:19 2022] GET /v2/images/64e5aff5-a58b-4f75-949f-1acb0a29e46b => generated 976 bytes in 116 msecs (HTTP/1.1 200) 4 headers in 157 bytes (1 switches on core 0)
Jun 29 16:57:19 ubuntu devstack@g-api.service[132295]: DEBUG glance.api.middleware.version_negotiation [None req-04623e2a-f3d0-4d10-a429-553462e319ea admin admin] Determining version of request: GET /v2/schemas/image Accept: */* {{(pid=132295) process_request /opt/stack/glance/glance/api/middleware/version_negotiation.py:44}}
Jun 29 16:57:19 ubuntu devstack@g-api.service[132295]: DEBUG glance.api.middleware.version_negotiation [None req-04623e2a-f3d0-4d10-a429-553462e319ea admin admin] Using url versioning {{(pid=132295) process_request /opt/stack/glance/glance/api/middleware/version_negotiation.py:57}}
Jun 29 16:57:19 ubuntu devstack@g-api.service[132295]: DEBUG glance.api.middleware.version_negotiation [None req-04623e2a-f3d0-4d10-a429-553462e319ea admin admin] Matched version: v2 {{(pid=132295) process_request /opt/stack/glance/glance/api/middleware/version_negotiation.py:69}}
Jun 29 16:57:19 ubuntu devstack@g-api.service[132295]: DEBUG glance.api.middleware.version_negotiation [None req-04623e2a-f3d0-4d10-a429-553462e319ea admin admin] new path /v2/schemas/image {{(pid=132295) process_request /opt/stack/glance/glance/api/middleware/version_negotiation.py:70}}
Jun 29 16:57:19 ubuntu devstack@g-api.service[132295]: WARNING keystonemiddleware.auth_token [None req-04623e2a-f3d0-4d10-a429-553462e319ea admin admin] A valid token was submitted as a service token, but it was not a valid service token. This is incorrect but backwards compatible behaviour. This will be removed in future releases.
Jun 29 16:57:19 ubuntu devstack@g-api.service[132295]: [pid: 132295|app: 0|req: 11/20] 127.0.0.1 () {42 vars in 989 bytes} [Wed Jun 29 16:57:19 2022] GET /v2/schemas/image => generated 6083 bytes in 8 msecs (HTTP/1.1 200) 4 headers in 158 bytes (1 switches on core 0)
Jun 29 16:57:21 ubuntu devstack@g-api.service[132294]: DEBUG glance.api.middleware.version_negotiation [None req-da470f12-6778-4d24-bb05-61ff382097b7 tempest-VolumesAdminNegativeTest-761081038 tempest-VolumesAdminNegativeTest-761081038-project] Determining version of request: GET /v2/images/64e5aff5-a58b-4f75-949f-1acb0a29e46b Accept: */* {{(pid=132294) process_request /opt/stack/glance/glance/api/middleware/version_negotiation.py:44}}
Jun 29 16:57:21 ubuntu devstack@g-api.service[132294]: DEBUG glance.api.middleware.version_negotiation [None req-da470f12-6778-4d24-bb05-61ff382097b7 tempest-VolumesAdminNegativeTest-761081038 tempest-VolumesAdminNegativeTest-761081038-project] Using url versioning {{(pid=132294) process_request /opt/stack/glance/glance/api/middleware/version_negotiation.py:57}}
Jun 29 16:57:21 ubuntu devstack@g-api.service[132294]: DEBUG glance.api.middleware.version_negotiation [None req-da470f12-6778-4d24-bb05-61ff382097b7 tempest-VolumesAdminNegativeTest-761081038 tempest-VolumesAdminNegativeTest-761081038-project] Matched version: v2 {{(pid=132294) process_request /opt/stack/glance/glance/api/middleware/version_negotiation.py:69}}
Jun 29 16:57:21 ubuntu devstack@g-api.service[132294]: DEBUG glance.api.middleware.version_negotiation [None req-da470f12-6778-4d24-bb05-61ff382097b7 tempest-VolumesAdminNegativeTest-761081038 tempest-VolumesAdminNegativeTest-761081038-project] new path /v2/images/64e5aff5-a58b-4f75-949f-1acb0a29e46b {{(pid=132294) process_request /opt/stack/glance/glance/api/middleware/version_negotiation.py:70}}
Jun 29 16:57:21 ubuntu devstack@g-api.service[132294]: [pid: 132294|app: 0|req: 10/21] 127.0.0.1 () {42 vars in 1049 bytes} [Wed Jun 29 16:57:21 2022] GET /v2/images/64e5aff5-a58b-4f75-949f-1acb0a29e46b => generated 976 bytes in 13 msecs (HTTP/1.1 200) 4 headers in 157 bytes (1 switches on core 0)
Jun 29 16:57:21 ubuntu devstack@g-api.service[132295]: DEBUG glance.api.middleware.version_negotiation [None req-da470f12-6778-4d24-bb05-61ff382097b7 tempest-VolumesAdminNegativeTest-761081038 tempest-VolumesAdminNegativeTest-761081038-project] Determining version of request: GET /v2/images/64e5aff5-a58b-4f75-949f-1acb0a29e46b/file Accept: */* {{(pid=132295) process_request /opt/stack/glance/glance/api/middleware/version_negotiation.py:44}}
Jun 29 16:57:21 ubuntu devstack@g-api.service[132295]: DEBUG glance.api.middleware.version_negotiation [None req-da470f12-6778-4d24-bb05-61ff382097b7 tempest-VolumesAdminNegativeTest-761081038 tempest-VolumesAdminNegativeTest-761081038-project] Using url versioning {{(pid=132295) process_request /opt/stack/glance/glance/api/middleware/version_negotiation.py:57}}
Jun 29 16:57:21 ubuntu devstack@g-api.service[132295]: DEBUG glance.api.middleware.version_negotiation [None req-da470f12-6778-4d24-bb05-61ff382097b7 tempest-VolumesAdminNegativeTest-761081038 tempest-VolumesAdminNegativeTest-761081038-project] Matched version: v2 {{(pid=132295) process_request /opt/stack/glance/glance/api/middleware/version_negotiation.py:69}}
Jun 29 16:57:21 ubuntu devstack@g-api.service[132295]: DEBUG glance.api.middleware.version_negotiation [None req-da470f12-6778-4d24-bb05-61ff382097b7 tempest-VolumesAdminNegativeTest-761081038 tempest-VolumesAdminNegativeTest-761081038-project] new path /v2/images/64e5aff5-a58b-4f75-949f-1acb0a29e46b/file {{(pid=132295) process_request /opt/stack/glance/glance/api/middleware/version_negotiation.py:70}}
Jun 29 16:57:21 ubuntu devstack@g-api.service[132295]: DEBUG glance_store.backend [None req-da470f12-6778-4d24-bb05-61ff382097b7 tempest-VolumesAdminNegativeTest-761081038 tempest-VolumesAdminNegativeTest-761081038-project] Attempting to import store swift {{(pid=132295) _load_store /usr/local/lib/python3.8/dist-packages/glance_store/backend.py:217}}
Jun 29 16:57:21 ubuntu devstack@g-api.service[132295]: DEBUG glance_store.capabilities [None req-da470f12-6778-4d24-bb05-61ff382097b7 tempest-VolumesAdminNegativeTest-761081038 tempest-VolumesAdminNegativeTest-761081038-project] Store glance_store._drivers.swift.store.SingleTenantStore doesn't support updating dynamic storage capabilities. Please overwrite 'update_capabilities' method of the store to implement updating logics if needed. {{(pid=132295) update_capabilities /usr/local/lib/python3.8/dist-packages/glance_store/capabilities.py:91}}
Jun 29 16:57:21 ubuntu devstack@g-api.service[132295]: DEBUG glance_store.driver [None req-da470f12-6778-4d24-bb05-61ff382097b7 tempest-VolumesAdminNegativeTest-761081038 tempest-VolumesAdminNegativeTest-761081038-project] Late loading location class glance_store._drivers.swift.store.StoreLocation {{(pid=132295) get_store_location_class /usr/local/lib/python3.8/dist-packages/glance_store/driver.py:117}}
Jun 29 16:57:21 ubuntu devstack@g-api.service[132295]: DEBUG glance_store.location [None req-da470f12-6778-4d24-bb05-61ff382097b7 tempest-VolumesAdminNegativeTest-761081038 tempest-VolumesAdminNegativeTest-761081038-project] Registering scheme swift+https with {'store': <glance_store._drivers.swift.store.SingleTenantStore object at 0x7f3d559f9130>, 'location_class': <class 'glance_store._drivers.swift.store.StoreLocation'>, 'store_entry': 'swift'} {{(pid=132295) register_scheme_map /usr/local/lib/python3.8/dist-packages/glance_store/location.py:146}}
Jun 29 16:57:21 ubuntu devstack@g-api.service[132295]: DEBUG glance_store.location [None req-da470f12-6778-4d24-bb05-61ff382097b7 tempest-VolumesAdminNegativeTest-761081038 tempest-VolumesAdminNegativeTest-761081038-project] Registering scheme swift+https with {'store': <glance_store._drivers.swift.store.SingleTenantStore object at 0x7f3d559f9130>, 'location_class': <class 'glance_store._drivers.swift.store.StoreLocation'>, 'store_entry': 'swift'} {{(pid=132295) register_scheme_map /usr/local/lib/python3.8/dist-packages/glance_store/location.py:146}}
Jun 29 16:57:21 ubuntu devstack@g-api.service[132295]: DEBUG glance_store.location [None req-da470f12-6778-4d24-bb05-61ff382097b7 tempest-VolumesAdminNegativeTest-761081038 tempest-VolumesAdminNegativeTest-761081038-project] Registering scheme swift with {'store': <glance_store._drivers.swift.store.SingleTenantStore object at 0x7f3d559f9130>, 'location_class': <class 'glance_store._drivers.swift.store.StoreLocation'>, 'store_entry': 'swift'} {{(pid=132295) register_scheme_map /usr/local/lib/python3.8/dist-packages/glance_store/location.py:146}}
Jun 29 16:57:21 ubuntu devstack@g-api.service[132295]: DEBUG glance_store.location [None req-da470f12-6778-4d24-bb05-61ff382097b7 tempest-VolumesAdminNegativeTest-761081038 tempest-VolumesAdminNegativeTest-761081038-project] Registering scheme swift+https with {'store': <glance_store._drivers.swift.store.SingleTenantStore object at 0x7f3d559f9130>, 'location_class': <class 'glance_store._drivers.swift.store.StoreLocation'>, 'store_entry': 'swift'} {{(pid=132295) register_scheme_map /usr/local/lib/python3.8/dist-packages/glance_store/location.py:146}}
Jun 29 16:57:21 ubuntu devstack@g-api.service[132295]: DEBUG glance_store.location [None req-da470f12-6778-4d24-bb05-61ff382097b7 tempest-VolumesAdminNegativeTest-761081038 tempest-VolumesAdminNegativeTest-761081038-project] Registering scheme swift with {'store': <glance_store._drivers.swift.store.SingleTenantStore object at 0x7f3d559f9130>, 'location_class': <class 'glance_store._drivers.swift.store.StoreLocation'>, 'store_entry': 'swift'} {{(pid=132295) register_scheme_map /usr/local/lib/python3.8/dist-packages/glance_store/location.py:146}}
Jun 29 16:57:21 ubuntu devstack@g-api.service[132295]: DEBUG glance_store.location [None req-da470f12-6778-4d24-bb05-61ff382097b7 tempest-VolumesAdminNegativeTest-761081038 tempest-VolumesAdminNegativeTest-761081038-project] Registering scheme swift+http with {'store': <glance_store._drivers.swift.store.SingleTenantStore object at 0x7f3d559f9130>, 'location_class': <class 'glance_store._drivers.swift.store.StoreLocation'>, 'store_entry': 'swift'} {{(pid=132295) register_scheme_map /usr/local/lib/python3.8/dist-packages/glance_store/location.py:146}}
Jun 29 16:57:21 ubuntu devstack@g-api.service[132295]: DEBUG glance_store.location [None req-da470f12-6778-4d24-bb05-61ff382097b7 tempest-VolumesAdminNegativeTest-761081038 tempest-VolumesAdminNegativeTest-761081038-project] Registering scheme swift+https with {'store': <glance_store._drivers.swift.store.SingleTenantStore object at 0x7f3d559f9130>, 'location_class': <class 'glance_store._drivers.swift.store.StoreLocation'>, 'store_entry': 'swift'} {{(pid=132295) register_scheme_map /usr/local/lib/python3.8/dist-packages/glance_store/location.py:146}}
Jun 29 16:57:21 ubuntu devstack@g-api.service[132295]: DEBUG glance_store.location [None req-da470f12-6778-4d24-bb05-61ff382097b7 tempest-VolumesAdminNegativeTest-761081038 tempest-VolumesAdminNegativeTest-761081038-project] Registering scheme swift with {'store': <glance_store._drivers.swift.store.SingleTenantStore object at 0x7f3d559f9130>, 'location_class': <class 'glance_store._drivers.swift.store.StoreLocation'>, 'store_entry': 'swift'} {{(pid=132295) register_scheme_map /usr/local/lib/python3.8/dist-packages/glance_store/location.py:146}}
Jun 29 16:57:21 ubuntu devstack@g-api.service[132295]: DEBUG glance_store.location [None req-da470f12-6778-4d24-bb05-61ff382097b7 tempest-VolumesAdminNegativeTest-761081038 tempest-VolumesAdminNegativeTest-761081038-project] Registering scheme swift+http with {'store': <glance_store._drivers.swift.store.SingleTenantStore object at 0x7f3d559f9130>, 'location_class': <class 'glance_store._drivers.swift.store.StoreLocation'>, 'store_entry': 'swift'} {{(pid=132295) register_scheme_map /usr/local/lib/python3.8/dist-packages/glance_store/location.py:146}}
Jun 29 16:57:21 ubuntu devstack@g-api.service[132295]: DEBUG glance_store.location [None req-da470f12-6778-4d24-bb05-61ff382097b7 tempest-VolumesAdminNegativeTest-761081038 tempest-VolumesAdminNegativeTest-761081038-project] Registering scheme swift+config with {'store': <glance_store._drivers.swift.store.SingleTenantStore object at 0x7f3d559f9130>, 'location_class': <class 'glance_store._drivers.swift.store.StoreLocation'>, 'store_entry': 'swift'} {{(pid=132295) register_scheme_map /usr/local/lib/python3.8/dist-packages/glance_store/location.py:146}}
Jun 29 16:57:22 ubuntu devstack@g-api.service[132295]: DEBUG swiftclient [None req-da470f12-6778-4d24-bb05-61ff382097b7 tempest-VolumesAdminNegativeTest-761081038 tempest-VolumesAdminNegativeTest-761081038-project] REQ: curl -i http://192.168.79.45:8080/v1/AUTH_a4d9439b751a4594b555fbb32c623944/glance/64e5aff5-a58b-4f75-949f-1acb0a29e46b -X GET -H "X-Auth-Token: gAAAAABivIRxTNz4..." {{(pid=132295) http_log /usr/local/lib/python3.8/dist-packages/swiftclient/client.py:157}}
Jun 29 16:57:22 ubuntu devstack@g-api.service[132295]: DEBUG swiftclient [None req-da470f12-6778-4d24-bb05-61ff382097b7 tempest-VolumesAdminNegativeTest-761081038 tempest-VolumesAdminNegativeTest-761081038-project] RESP STATUS: 200 OK {{(pid=132295) http_log /usr/local/lib/python3.8/dist-packages/swiftclient/client.py:158}}
Jun 29 16:57:22 ubuntu devstack@g-api.service[132295]: DEBUG swiftclient [None req-da470f12-6778-4d24-bb05-61ff382097b7 tempest-VolumesAdminNegativeTest-761081038 tempest-VolumesAdminNegativeTest-761081038-project] RESP HEADERS: {'Content-Type': 'application/octet-stream', 'Etag': '1d3062cd89af34e419f7100277f38b2b', 'Last-Modified': 'Wed, 29 Jun 2022 16:51:41 GMT', 'X-Timestamp': '1656521500.90926', 'Accept-Ranges': 'bytes', 'Content-Length': '16338944', 'X-Trans-Id': 'tx407449fa9a3a476581358-0062bc8472', 'X-Openstack-Request-Id': 'tx407449fa9a3a476581358-0062bc8472', 'Date': 'Wed, 29 Jun 2022 16:57:22 GMT'} {{(pid=132295) http_log /usr/local/lib/python3.8/dist-packages/swiftclient/client.py:159}}
Jun 29 16:57:22 ubuntu devstack@g-api.service[132295]: DEBUG glance.image_cache [None req-da470f12-6778-4d24-bb05-61ff382097b7 tempest-VolumesAdminNegativeTest-761081038 tempest-VolumesAdminNegativeTest-761081038-project] Tee'ing image '64e5aff5-a58b-4f75-949f-1acb0a29e46b' into cache {{(pid=132295) get_caching_iter /opt/stack/glance/glance/image_cache/__init__.py:343}}
Jun 29 16:57:22 ubuntu devstack@g-api.service[132295]: DEBUG glance.image_cache.drivers.sqlite [None req-da470f12-6778-4d24-bb05-61ff382097b7 tempest-VolumesAdminNegativeTest-761081038 tempest-VolumesAdminNegativeTest-761081038-project] Fetch finished, moving '/opt/stack/data/glance/cache/incomplete/64e5aff5-a58b-4f75-949f-1acb0a29e46b' to '/opt/stack/data/glance/cache/64e5aff5-a58b-4f75-949f-1acb0a29e46b' {{(pid=132295) commit /opt/stack/glance/glance/image_cache/drivers/sqlite.py:324}}
Jun 29 16:57:22 ubuntu devstack@g-api.service[132295]: [pid: 132295|app: 0|req: 12/22] 127.0.0.1 () {42 vars in 1059 bytes} [Wed Jun 29 16:57:21 2022] GET /v2/images/64e5aff5-a58b-4f75-949f-1acb0a29e46b/file => generated 16338944 bytes in 441 msecs (HTTP/1.1 200) 4 headers in 191 bytes (250 switches on core 0)
Jun 29 16:57:31 ubuntu devstack@g-api.service[132294]: DEBUG dbcounter [-] [132294] Writing DB stats glance:SELECT=8 {{(pid=132294) stat_writer /usr/local/lib/python3.8/dist-packages/dbcounter.py:114}}
Jun 29 16:57:32 ubuntu devstack@g-api.service[132295]: DEBUG dbcounter [-] [132295] Writing DB stats glance:SELECT=8 {{(pid=132295) stat_writer /usr/local/lib/python3.8/dist-packages/dbcounter.py:114}}
Jun 29 16:57:46 ubuntu devstack@g-api.service[132294]: DEBUG glance.api.middleware.version_negotiation [None req-da470f12-6778-4d24-bb05-61ff382097b7 tempest-VolumesAdminNegativeTest-761081038 tempest-VolumesAdminNegativeTest-761081038-project] Determining version of request: GET / Accept: application/json {{(pid=132294) process_request /opt/stack/glance/glance/api/middleware/version_negotiation.py:44}}
Jun 29 16:57:46 ubuntu devstack@g-api.service[132294]: DEBUG glance.api.middleware.version_negotiation [None req-da470f12-6778-4d24-bb05-61ff382097b7 tempest-VolumesAdminNegativeTest-761081038 tempest-VolumesAdminNegativeTest-761081038-project] Using url versioning {{(pid=132294) process_request /opt/stack/glance/glance/api/middleware/version_negotiation.py:57}}
Jun 29 16:57:46 ubuntu devstack@g-api.service[132294]: DEBUG glance.api.middleware.version_negotiation [None req-da470f12-6778-4d24-bb05-61ff382097b7 tempest-VolumesAdminNegativeTest-761081038 tempest-VolumesAdminNegativeTest-761081038-project] Unknown version. Returning version choices. {{(pid=132294) process_request /opt/stack/glance/glance/api/middleware/version_negotiation.py:64}}
Jun 29 16:57:46 ubuntu devstack@g-api.service[132294]: [pid: 132294|app: 0|req: 11/23] 127.0.0.1 () {34 vars in 492 bytes} [Wed Jun 29 16:57:46 2022] GET / => generated 1323 bytes in 2 msecs (HTTP/1.1 300) 3 headers in 106 bytes (1 switches on core 0)
Jun 29 16:57:46 ubuntu devstack@g-api.service[132295]: DEBUG glance.api.middleware.version_negotiation [None req-da470f12-6778-4d24-bb05-61ff382097b7 tempest-VolumesAdminNegativeTest-761081038 tempest-VolumesAdminNegativeTest-761081038-project] Determining version of request: GET /v2/images/64e5aff5-a58b-4f75-949f-1acb0a29e46b Accept: */* {{(pid=132295) process_request /opt/stack/glance/glance/api/middleware/version_negotiation.py:44}}
Jun 29 16:57:46 ubuntu devstack@g-api.service[132295]: DEBUG glance.api.middleware.version_negotiation [None req-da470f12-6778-4d24-bb05-61ff382097b7 tempest-VolumesAdminNegativeTest-761081038 tempest-VolumesAdminNegativeTest-761081038-project] Using url versioning {{(pid=132295) process_request /opt/stack/glance/glance/api/middleware/version_negotiation.py:57}}
Jun 29 16:57:46 ubuntu devstack@g-api.service[132295]: DEBUG glance.api.middleware.version_negotiation [None req-da470f12-6778-4d24-bb05-61ff382097b7 tempest-VolumesAdminNegativeTest-761081038 tempest-VolumesAdminNegativeTest-761081038-project] Matched version: v2 {{(pid=132295) process_request /opt/stack/glance/glance/api/middleware/version_negotiation.py:69}}
Jun 29 16:57:46 ubuntu devstack@g-api.service[132295]: DEBUG glance.api.middleware.version_negotiation [None req-da470f12-6778-4d24-bb05-61ff382097b7 tempest-VolumesAdminNegativeTest-761081038 tempest-VolumesAdminNegativeTest-761081038-project] new path /v2/images/64e5aff5-a58b-4f75-949f-1acb0a29e46b {{(pid=132295) process_request /opt/stack/glance/glance/api/middleware/version_negotiation.py:70}}
Jun 29 16:57:46 ubuntu devstack@g-api.service[132295]: [pid: 132295|app: 0|req: 13/24] 127.0.0.1 () {42 vars in 1049 bytes} [Wed Jun 29 16:57:46 2022] GET /v2/images/64e5aff5-a58b-4f75-949f-1acb0a29e46b => generated 976 bytes in 27 msecs (HTTP/1.1 200) 4 headers in 157 bytes (1 switches on core 0)
Jun 29 16:57:46 ubuntu devstack@g-api.service[132294]: DEBUG glance.api.middleware.version_negotiation [None req-da470f12-6778-4d24-bb05-61ff382097b7 tempest-VolumesAdminNegativeTest-761081038 tempest-VolumesAdminNegativeTest-761081038-project] Determining version of request: GET /v2/schemas/image Accept: */* {{(pid=132294) process_request /opt/stack/glance/glance/api/middleware/version_negotiation.py:44}}
Jun 29 16:57:46 ubuntu devstack@g-api.service[132294]: DEBUG glance.api.middleware.version_negotiation [None req-da470f12-6778-4d24-bb05-61ff382097b7 tempest-VolumesAdminNegativeTest-761081038 tempest-VolumesAdminNegativeTest-761081038-project] Using url versioning {{(pid=132294) process_request /opt/stack/glance/glance/api/middleware/version_negotiation.py:57}}
Jun 29 16:57:46 ubuntu devstack@g-api.service[132294]: DEBUG glance.api.middleware.version_negotiation [None req-da470f12-6778-4d24-bb05-61ff382097b7 tempest-VolumesAdminNegativeTest-761081038 tempest-VolumesAdminNegativeTest-761081038-project] Matched version: v2 {{(pid=132294) process_request /opt/stack/glance/glance/api/middleware/version_negotiation.py:69}}
Jun 29 16:57:46 ubuntu devstack@g-api.service[132294]: DEBUG glance.api.middleware.version_negotiation [None req-da470f12-6778-4d24-bb05-61ff382097b7 tempest-VolumesAdminNegativeTest-761081038 tempest-VolumesAdminNegativeTest-761081038-project] new path /v2/schemas/image {{(pid=132294) process_request /opt/stack/glance/glance/api/middleware/version_negotiation.py:70}}
Jun 29 16:57:46 ubuntu devstack@g-api.service[132294]: [pid: 132294|app: 0|req: 12/25] 127.0.0.1 () {42 vars in 989 bytes} [Wed Jun 29 16:57:46 2022] GET /v2/schemas/image => generated 6083 bytes in 5 msecs (HTTP/1.1 200) 4 headers in 158 bytes (1 switches on core 0)
Jun 29 16:57:56 ubuntu devstack@g-api.service[132295]: DEBUG dbcounter [-] [132295] Writing DB stats glance:SELECT=4 {{(pid=132295) stat_writer /usr/local/lib/python3.8/dist-packages/dbcounter.py:114}}
Jun 29 16:58:14 ubuntu devstack@g-api.service[132295]: DEBUG glance.api.middleware.version_negotiation [None req-6a2b492b-5392-45f0-af8d-e26f19fba0fc tempest-DeleteServersTestJSON-482342946 tempest-DeleteServersTestJSON-482342946-project] Determining version of request: GET /v2/images/64e5aff5-a58b-4f75-949f-1acb0a29e46b Accept: */* {{(pid=132295) process_request /opt/stack/glance/glance/api/middleware/version_negotiation.py:44}}
