Jul 28 05:24:42 ubuntu devstack@g-api.service[144723]: INFO glance.location [None req-0a3ddbbe-9ff4-4e2d-915c-1ef88380c921 admin admin] Image format matched and virtual size computed: 117440512
Jul 28 05:24:42 ubuntu devstack@g-api.service[144723]: DEBUG glance_store.backend [None req-0a3ddbbe-9ff4-4e2d-915c-1ef88380c921 admin admin] Attempting to import store swift {{(pid=144723) _load_store /usr/local/lib/python3.8/dist-packages/glance_store/backend.py:216}}
Jul 28 05:24:42 ubuntu devstack@g-api.service[144723]: DEBUG glance_store.capabilities [None req-0a3ddbbe-9ff4-4e2d-915c-1ef88380c921 admin admin] Store glance_store._drivers.swift.store.SingleTenantStore doesn't support updating dynamic storage capabilities. Please overwrite 'update_capabilities' method of the store to implement updating logics if needed. {{(pid=144723) update_capabilities /usr/local/lib/python3.8/dist-packages/glance_store/capabilities.py:91}}
Jul 28 05:24:42 ubuntu devstack@g-api.service[144723]: DEBUG glance_store.driver [None req-0a3ddbbe-9ff4-4e2d-915c-1ef88380c921 admin admin] Late loading location class glance_store._drivers.swift.store.StoreLocation {{(pid=144723) get_store_location_class /usr/local/lib/python3.8/dist-packages/glance_store/driver.py:116}}
Jul 28 05:24:42 ubuntu devstack@g-api.service[144723]: DEBUG glance_store.location [None req-0a3ddbbe-9ff4-4e2d-915c-1ef88380c921 admin admin] Registering scheme swift+https with {'store': <glance_store._drivers.swift.store.SingleTenantStore object at 0x7f56355fc1f0>, 'location_class': <class 'glance_store._drivers.swift.store.StoreLocation'>, 'store_entry': 'swift'} {{(pid=144723) register_scheme_map /usr/local/lib/python3.8/dist-packages/glance_store/location.py:146}}
Jul 28 05:24:42 ubuntu devstack@g-api.service[144723]: DEBUG glance_store.location [None req-0a3ddbbe-9ff4-4e2d-915c-1ef88380c921 admin admin] Registering scheme swift+https with {'store': <glance_store._drivers.swift.store.SingleTenantStore object at 0x7f56355fc1f0>, 'location_class': <class 'glance_store._drivers.swift.store.StoreLocation'>, 'store_entry': 'swift'} {{(pid=144723) register_scheme_map /usr/local/lib/python3.8/dist-packages/glance_store/location.py:146}}
Jul 28 05:24:42 ubuntu devstack@g-api.service[144723]: DEBUG glance_store.location [None req-0a3ddbbe-9ff4-4e2d-915c-1ef88380c921 admin admin] Registering scheme swift with {'store': <glance_store._drivers.swift.store.SingleTenantStore object at 0x7f56355fc1f0>, 'location_class': <class 'glance_store._drivers.swift.store.StoreLocation'>, 'store_entry': 'swift'} {{(pid=144723) register_scheme_map /usr/local/lib/python3.8/dist-packages/glance_store/location.py:146}}
Jul 28 05:24:42 ubuntu devstack@g-api.service[144723]: DEBUG glance_store.location [None req-0a3ddbbe-9ff4-4e2d-915c-1ef88380c921 admin admin] Registering scheme swift+https with {'store': <glance_store._drivers.swift.store.SingleTenantStore object at 0x7f56355fc1f0>, 'location_class': <class 'glance_store._drivers.swift.store.StoreLocation'>, 'store_entry': 'swift'} {{(pid=144723) register_scheme_map /usr/local/lib/python3.8/dist-packages/glance_store/location.py:146}}
Jul 28 05:24:42 ubuntu devstack@g-api.service[144723]: DEBUG glance_store.location [None req-0a3ddbbe-9ff4-4e2d-915c-1ef88380c921 admin admin] Registering scheme swift with {'store': <glance_store._drivers.swift.store.SingleTenantStore object at 0x7f56355fc1f0>, 'location_class': <class 'glance_store._drivers.swift.store.StoreLocation'>, 'store_entry': 'swift'} {{(pid=144723) register_scheme_map /usr/local/lib/python3.8/dist-packages/glance_store/location.py:146}}
Jul 28 05:24:42 ubuntu devstack@g-api.service[144723]: DEBUG glance_store.location [None req-0a3ddbbe-9ff4-4e2d-915c-1ef88380c921 admin admin] Registering scheme swift+http with {'store': <glance_store._drivers.swift.store.SingleTenantStore object at 0x7f56355fc1f0>, 'location_class': <class 'glance_store._drivers.swift.store.StoreLocation'>, 'store_entry': 'swift'} {{(pid=144723) register_scheme_map /usr/local/lib/python3.8/dist-packages/glance_store/location.py:146}}
Jul 28 05:24:42 ubuntu devstack@g-api.service[144723]: DEBUG glance_store.location [None req-0a3ddbbe-9ff4-4e2d-915c-1ef88380c921 admin admin] Registering scheme swift+https with {'store': <glance_store._drivers.swift.store.SingleTenantStore object at 0x7f56355fc1f0>, 'location_class': <class 'glance_store._drivers.swift.store.StoreLocation'>, 'store_entry': 'swift'} {{(pid=144723) register_scheme_map /usr/local/lib/python3.8/dist-packages/glance_store/location.py:146}}
Jul 28 05:24:42 ubuntu devstack@g-api.service[144723]: DEBUG glance_store.location [None req-0a3ddbbe-9ff4-4e2d-915c-1ef88380c921 admin admin] Registering scheme swift with {'store': <glance_store._drivers.swift.store.SingleTenantStore object at 0x7f56355fc1f0>, 'location_class': <class 'glance_store._drivers.swift.store.StoreLocation'>, 'store_entry': 'swift'} {{(pid=144723) register_scheme_map /usr/local/lib/python3.8/dist-packages/glance_store/location.py:146}}
Jul 28 05:24:42 ubuntu devstack@g-api.service[144723]: DEBUG glance_store.location [None req-0a3ddbbe-9ff4-4e2d-915c-1ef88380c921 admin admin] Registering scheme swift+http with {'store': <glance_store._drivers.swift.store.SingleTenantStore object at 0x7f56355fc1f0>, 'location_class': <class 'glance_store._drivers.swift.store.StoreLocation'>, 'store_entry': 'swift'} {{(pid=144723) register_scheme_map /usr/local/lib/python3.8/dist-packages/glance_store/location.py:146}}
Jul 28 05:24:42 ubuntu devstack@g-api.service[144723]: DEBUG glance_store.location [None req-0a3ddbbe-9ff4-4e2d-915c-1ef88380c921 admin admin] Registering scheme swift+config with {'store': <glance_store._drivers.swift.store.SingleTenantStore object at 0x7f56355fc1f0>, 'location_class': <class 'glance_store._drivers.swift.store.StoreLocation'>, 'store_entry': 'swift'} {{(pid=144723) register_scheme_map /usr/local/lib/python3.8/dist-packages/glance_store/location.py:146}}
Jul 28 05:24:42 ubuntu devstack@g-api.service[144723]: DEBUG glance_store.backend [None req-0a3ddbbe-9ff4-4e2d-915c-1ef88380c921 admin admin] Skipping store.set_acls... not implemented. {{(pid=144723) set_acls /usr/local/lib/python3.8/dist-packages/glance_store/backend.py:508}}
Jul 28 05:24:42 ubuntu devstack@g-api.service[144723]: [pid: 144723|app: 0|req: 3/4] 127.0.0.1 () {40 vars in 862 bytes} [Thu Jul 28 05:24:39 2022] PUT /v2/images/6018d0ef-b299-4947-b4bf-2203a62b9461/file => generated 0 bytes in 2913 msecs (HTTP/1.1 204) 4 headers in 171 bytes (1 switches on core 0)
Jul 28 05:24:49 ubuntu devstack@g-api.service[144722]: DEBUG dbcounter [-] [144722] Writing DB stats glance:SELECT=9,glance:INSERT=5 {{(pid=144722) stat_writer /usr/local/lib/python3.8/dist-packages/dbcounter.py:114}}
Jul 28 05:24:52 ubuntu devstack@g-api.service[144723]: DEBUG dbcounter [-] [144723] Writing DB stats glance:SELECT=28,glance:UPDATE=2,glance:INSERT=1 {{(pid=144723) stat_writer /usr/local/lib/python3.8/dist-packages/dbcounter.py:114}}
Jul 28 05:25:25 ubuntu devstack@g-api.service[144722]: DEBUG glance.api.middleware.version_negotiation [None req-c105daaf-16f6-4ca9-80bc-d8816241e7c1 admin admin] Determining version of request: GET / Accept: application/json {{(pid=144722) process_request /opt/stack/glance/glance/api/middleware/version_negotiation.py:44}}
Jul 28 05:25:25 ubuntu devstack@g-api.service[144722]: DEBUG glance.api.middleware.version_negotiation [None req-c105daaf-16f6-4ca9-80bc-d8816241e7c1 admin admin] Using url versioning {{(pid=144722) process_request /opt/stack/glance/glance/api/middleware/version_negotiation.py:57}}
Jul 28 05:25:25 ubuntu devstack@g-api.service[144722]: DEBUG glance.api.middleware.version_negotiation [None req-c105daaf-16f6-4ca9-80bc-d8816241e7c1 admin admin] Unknown version. Returning version choices. {{(pid=144722) process_request /opt/stack/glance/glance/api/middleware/version_negotiation.py:64}}
Jul 28 05:25:25 ubuntu devstack@g-api.service[144722]: [pid: 144722|app: 0|req: 2/5] 127.0.0.1 () {34 vars in 506 bytes} [Thu Jul 28 05:25:25 2022] GET / => generated 1323 bytes in 2 msecs (HTTP/1.1 300) 3 headers in 106 bytes (1 switches on core 0)
Jul 28 05:25:25 ubuntu devstack@g-api.service[144723]: DEBUG glance.api.middleware.version_negotiation [None req-0a3ddbbe-9ff4-4e2d-915c-1ef88380c921 admin admin] Determining version of request: GET /v2/images Accept: application/json {{(pid=144723) process_request /opt/stack/glance/glance/api/middleware/version_negotiation.py:44}}
Jul 28 05:25:25 ubuntu devstack@g-api.service[144723]: DEBUG glance.api.middleware.version_negotiation [None req-0a3ddbbe-9ff4-4e2d-915c-1ef88380c921 admin admin] Using url versioning {{(pid=144723) process_request /opt/stack/glance/glance/api/middleware/version_negotiation.py:57}}
Jul 28 05:25:25 ubuntu devstack@g-api.service[144723]: DEBUG glance.api.middleware.version_negotiation [None req-0a3ddbbe-9ff4-4e2d-915c-1ef88380c921 admin admin] Matched version: v2 {{(pid=144723) process_request /opt/stack/glance/glance/api/middleware/version_negotiation.py:69}}
Jul 28 05:25:25 ubuntu devstack@g-api.service[144723]: DEBUG glance.api.middleware.version_negotiation [None req-0a3ddbbe-9ff4-4e2d-915c-1ef88380c921 admin admin] new path /v2/images {{(pid=144723) process_request /opt/stack/glance/glance/api/middleware/version_negotiation.py:70}}
Jul 28 05:25:26 ubuntu devstack@g-api.service[144723]: [pid: 144723|app: 0|req: 4/6] 127.0.0.1 () {36 vars in 728 bytes} [Thu Jul 28 05:25:25 2022] GET /v2/images => generated 1045 bytes in 465 msecs (HTTP/1.1 200) 4 headers in 158 bytes (1 switches on core 0)
Jul 28 05:25:33 ubuntu devstack@g-api.service[144722]: DEBUG glance.api.middleware.version_negotiation [None req-c105daaf-16f6-4ca9-80bc-d8816241e7c1 admin admin] Determining version of request: GET / Accept: application/json {{(pid=144722) process_request /opt/stack/glance/glance/api/middleware/version_negotiation.py:44}}
Jul 28 05:25:33 ubuntu devstack@g-api.service[144722]: DEBUG glance.api.middleware.version_negotiation [None req-c105daaf-16f6-4ca9-80bc-d8816241e7c1 admin admin] Using url versioning {{(pid=144722) process_request /opt/stack/glance/glance/api/middleware/version_negotiation.py:57}}
Jul 28 05:25:33 ubuntu devstack@g-api.service[144722]: DEBUG glance.api.middleware.version_negotiation [None req-c105daaf-16f6-4ca9-80bc-d8816241e7c1 admin admin] Unknown version. Returning version choices. {{(pid=144722) process_request /opt/stack/glance/glance/api/middleware/version_negotiation.py:64}}
Jul 28 05:25:33 ubuntu devstack@g-api.service[144722]: [pid: 144722|app: 0|req: 3/7] 127.0.0.1 () {34 vars in 506 bytes} [Thu Jul 28 05:25:33 2022] GET / => generated 1323 bytes in 3 msecs (HTTP/1.1 300) 3 headers in 106 bytes (1 switches on core 0)
Jul 28 05:25:33 ubuntu devstack@g-api.service[144723]: DEBUG glance.api.middleware.version_negotiation [None req-f91a1807-38a7-4625-bcec-cde3f503d03c admin admin] Determining version of request: GET /v2/images/6018d0ef-b299-4947-b4bf-2203a62b9461 Accept: */* {{(pid=144723) process_request /opt/stack/glance/glance/api/middleware/version_negotiation.py:44}}
Jul 28 05:25:33 ubuntu devstack@g-api.service[144723]: DEBUG glance.api.middleware.version_negotiation [None req-f91a1807-38a7-4625-bcec-cde3f503d03c admin admin] Using url versioning {{(pid=144723) process_request /opt/stack/glance/glance/api/middleware/version_negotiation.py:57}}
Jul 28 05:25:33 ubuntu devstack@g-api.service[144723]: DEBUG glance.api.middleware.version_negotiation [None req-f91a1807-38a7-4625-bcec-cde3f503d03c admin admin] Matched version: v2 {{(pid=144723) process_request /opt/stack/glance/glance/api/middleware/version_negotiation.py:69}}
Jul 28 05:25:33 ubuntu devstack@g-api.service[144723]: DEBUG glance.api.middleware.version_negotiation [None req-f91a1807-38a7-4625-bcec-cde3f503d03c admin admin] new path /v2/images/6018d0ef-b299-4947-b4bf-2203a62b9461 {{(pid=144723) process_request /opt/stack/glance/glance/api/middleware/version_negotiation.py:70}}
Jul 28 05:25:33 ubuntu devstack@g-api.service[144723]: [pid: 144723|app: 0|req: 5/8] 127.0.0.1 () {36 vars in 789 bytes} [Thu Jul 28 05:25:33 2022] GET /v2/images/6018d0ef-b299-4947-b4bf-2203a62b9461 => generated 976 bytes in 349 msecs (HTTP/1.1 200) 4 headers in 157 bytes (1 switches on core 0)
Jul 28 05:25:37 ubuntu devstack@g-api.service[144722]: DEBUG glance.api.middleware.version_negotiation [None req-c105daaf-16f6-4ca9-80bc-d8816241e7c1 admin admin] Determining version of request: GET / Accept: application/json {{(pid=144722) process_request /opt/stack/glance/glance/api/middleware/version_negotiation.py:44}}
Jul 28 05:25:37 ubuntu devstack@g-api.service[144722]: DEBUG glance.api.middleware.version_negotiation [None req-c105daaf-16f6-4ca9-80bc-d8816241e7c1 admin admin] Using url versioning {{(pid=144722) process_request /opt/stack/glance/glance/api/middleware/version_negotiation.py:57}}
Jul 28 05:25:37 ubuntu devstack@g-api.service[144722]: DEBUG glance.api.middleware.version_negotiation [None req-c105daaf-16f6-4ca9-80bc-d8816241e7c1 admin admin] Unknown version. Returning version choices. {{(pid=144722) process_request /opt/stack/glance/glance/api/middleware/version_negotiation.py:64}}
Jul 28 05:25:37 ubuntu devstack@g-api.service[144722]: [pid: 144722|app: 0|req: 4/9] 127.0.0.1 () {34 vars in 506 bytes} [Thu Jul 28 05:25:37 2022] GET / => generated 1323 bytes in 4 msecs (HTTP/1.1 300) 3 headers in 106 bytes (1 switches on core 0)
Jul 28 05:25:37 ubuntu devstack@g-api.service[144723]: DEBUG glance.api.middleware.version_negotiation [None req-8114cb2b-818c-4f1f-a2c8-066225548e30 admin admin] Determining version of request: GET /v2/images/6018d0ef-b299-4947-b4bf-2203a62b9461 Accept: */* {{(pid=144723) process_request /opt/stack/glance/glance/api/middleware/version_negotiation.py:44}}
Jul 28 05:25:37 ubuntu devstack@g-api.service[144723]: DEBUG glance.api.middleware.version_negotiation [None req-8114cb2b-818c-4f1f-a2c8-066225548e30 admin admin] Using url versioning {{(pid=144723) process_request /opt/stack/glance/glance/api/middleware/version_negotiation.py:57}}
Jul 28 05:25:37 ubuntu devstack@g-api.service[144723]: DEBUG glance.api.middleware.version_negotiation [None req-8114cb2b-818c-4f1f-a2c8-066225548e30 admin admin] Matched version: v2 {{(pid=144723) process_request /opt/stack/glance/glance/api/middleware/version_negotiation.py:69}}
Jul 28 05:25:37 ubuntu devstack@g-api.service[144723]: DEBUG glance.api.middleware.version_negotiation [None req-8114cb2b-818c-4f1f-a2c8-066225548e30 admin admin] new path /v2/images/6018d0ef-b299-4947-b4bf-2203a62b9461 {{(pid=144723) process_request /opt/stack/glance/glance/api/middleware/version_negotiation.py:70}}
Jul 28 05:25:37 ubuntu devstack@g-api.service[144723]: [pid: 144723|app: 0|req: 6/10] 127.0.0.1 () {36 vars in 789 bytes} [Thu Jul 28 05:25:37 2022] GET /v2/images/6018d0ef-b299-4947-b4bf-2203a62b9461 => generated 976 bytes in 359 msecs (HTTP/1.1 200) 4 headers in 157 bytes (1 switches on core 0)
Jul 28 05:25:47 ubuntu devstack@g-api.service[144723]: DEBUG dbcounter [-] [144723] Writing DB stats glance:SELECT=10 {{(pid=144723) stat_writer /usr/local/lib/python3.8/dist-packages/dbcounter.py:114}}
Jul 28 05:27:54 ubuntu devstack@g-api.service[144722]: DEBUG glance.api.middleware.version_negotiation [None req-c105daaf-16f6-4ca9-80bc-d8816241e7c1 admin admin] Determining version of request: GET /v1 Accept: application/json {{(pid=144722) process_request /opt/stack/glance/glance/api/middleware/version_negotiation.py:44}}
Jul 28 05:27:54 ubuntu devstack@g-api.service[144722]: DEBUG glance.api.middleware.version_negotiation [None req-c105daaf-16f6-4ca9-80bc-d8816241e7c1 admin admin] Using url versioning {{(pid=144722) process_request /opt/stack/glance/glance/api/middleware/version_negotiation.py:57}}
Jul 28 05:27:54 ubuntu devstack@g-api.service[144722]: DEBUG glance.api.middleware.version_negotiation [None req-c105daaf-16f6-4ca9-80bc-d8816241e7c1 admin admin] Unknown version. Returning version choices. {{(pid=144722) process_request /opt/stack/glance/glance/api/middleware/version_negotiation.py:64}}
Jul 28 05:27:54 ubuntu devstack@g-api.service[144722]: [pid: 144722|app: 0|req: 5/11] 127.0.0.1 () {38 vars in 686 bytes} [Thu Jul 28 05:27:54 2022] GET /v1 => generated 1323 bytes in 2 msecs (HTTP/1.1 300) 3 headers in 106 bytes (1 switches on core 0)
Jul 28 05:30:30 ubuntu devstack@g-api.service[144723]: DEBUG glance.api.middleware.version_negotiation [None req-e6291d45-274d-4c14-a21a-1e5c38b7d8c5 admin admin] Determining version of request: GET /versions Accept: */* {{(pid=144723) process_request /opt/stack/glance/glance/api/middleware/version_negotiation.py:44}}
Jul 28 05:30:30 ubuntu devstack@g-api.service[144723]: [pid: 144723|app: 0|req: 7/12] 127.0.0.1 () {38 vars in 695 bytes} [Thu Jul 28 05:30:30 2022] GET /versions => generated 1323 bytes in 4 msecs (HTTP/1.1 200) 3 headers in 92 bytes (1 switches on core 0)
Jul 28 05:30:30 ubuntu devstack@g-api.service[144722]: DEBUG glance.api.middleware.version_negotiation [None req-c105daaf-16f6-4ca9-80bc-d8816241e7c1 admin admin] Determining version of request: GET /v2/schemas/image Accept: */* {{(pid=144722) process_request /opt/stack/glance/glance/api/middleware/version_negotiation.py:44}}
Jul 28 05:30:30 ubuntu devstack@g-api.service[144722]: DEBUG glance.api.middleware.version_negotiation [None req-c105daaf-16f6-4ca9-80bc-d8816241e7c1 admin admin] Using url versioning {{(pid=144722) process_request /opt/stack/glance/glance/api/middleware/version_negotiation.py:57}}
Jul 28 05:30:30 ubuntu devstack@g-api.service[144722]: DEBUG glance.api.middleware.version_negotiation [None req-c105daaf-16f6-4ca9-80bc-d8816241e7c1 admin admin] Matched version: v2 {{(pid=144722) process_request /opt/stack/glance/glance/api/middleware/version_negotiation.py:69}}
Jul 28 05:30:30 ubuntu devstack@g-api.service[144722]: DEBUG glance.api.middleware.version_negotiation [None req-c105daaf-16f6-4ca9-80bc-d8816241e7c1 admin admin] new path /v2/schemas/image {{(pid=144722) process_request /opt/stack/glance/glance/api/middleware/version_negotiation.py:70}}
Jul 28 05:30:30 ubuntu devstack@g-api.service[144722]: [pid: 144722|app: 0|req: 6/13] 127.0.0.1 () {38 vars in 711 bytes} [Thu Jul 28 05:30:30 2022] GET /v2/schemas/image => generated 6083 bytes in 112 msecs (HTTP/1.1 200) 4 headers in 158 bytes (1 switches on core 0)
Jul 28 05:30:30 ubuntu devstack@g-api.service[144723]: DEBUG glance.api.middleware.version_negotiation [None req-e6291d45-274d-4c14-a21a-1e5c38b7d8c5 admin admin] Determining version of request: GET /v2/schemas/metadefs/namespace Accept: */* {{(pid=144723) process_request /opt/stack/glance/glance/api/middleware/version_negotiation.py:44}}
Jul 28 05:30:30 ubuntu devstack@g-api.service[144723]: DEBUG glance.api.middleware.version_negotiation [None req-e6291d45-274d-4c14-a21a-1e5c38b7d8c5 admin admin] Using url versioning {{(pid=144723) process_request /opt/stack/glance/glance/api/middleware/version_negotiation.py:57}}
Jul 28 05:30:30 ubuntu devstack@g-api.service[144723]: DEBUG glance.api.middleware.version_negotiation [None req-e6291d45-274d-4c14-a21a-1e5c38b7d8c5 admin admin] Matched version: v2 {{(pid=144723) process_request /opt/stack/glance/glance/api/middleware/version_negotiation.py:69}}
Jul 28 05:30:30 ubuntu devstack@g-api.service[144723]: DEBUG glance.api.middleware.version_negotiation [None req-e6291d45-274d-4c14-a21a-1e5c38b7d8c5 admin admin] new path /v2/schemas/metadefs/namespace {{(pid=144723) process_request /opt/stack/glance/glance/api/middleware/version_negotiation.py:70}}
Jul 28 05:30:30 ubuntu devstack@g-api.service[144723]: [pid: 144723|app: 0|req: 8/14] 127.0.0.1 () {38 vars in 737 bytes} [Thu Jul 28 05:30:30 2022] GET /v2/schemas/metadefs/namespace => generated 3100 bytes in 10 msecs (HTTP/1.1 200) 4 headers in 158 bytes (1 switches on core 0)
Jul 28 05:30:30 ubuntu devstack@g-api.service[144722]: DEBUG glance.api.middleware.version_negotiation [None req-74749074-d37c-4586-b28c-38f86c6997ed admin admin] Determining version of request: GET /v2/schemas/metadefs/resource_type Accept: */* {{(pid=144722) process_request /opt/stack/glance/glance/api/middleware/version_negotiation.py:44}}
Jul 28 05:30:30 ubuntu devstack@g-api.service[144722]: DEBUG glance.api.middleware.version_negotiation [None req-74749074-d37c-4586-b28c-38f86c6997ed admin admin] Using url versioning {{(pid=144722) process_request /opt/stack/glance/glance/api/middleware/version_negotiation.py:57}}
Jul 28 05:30:30 ubuntu devstack@g-api.service[144722]: DEBUG glance.api.middleware.version_negotiation [None req-74749074-d37c-4586-b28c-38f86c6997ed admin admin] Matched version: v2 {{(pid=144722) process_request /opt/stack/glance/glance/api/middleware/version_negotiation.py:69}}
Jul 28 05:30:30 ubuntu devstack@g-api.service[144722]: DEBUG glance.api.middleware.version_negotiation [None req-74749074-d37c-4586-b28c-38f86c6997ed admin admin] new path /v2/schemas/metadefs/resource_type {{(pid=144722) process_request /opt/stack/glance/glance/api/middleware/version_negotiation.py:70}}
Jul 28 05:30:30 ubuntu devstack@g-api.service[144722]: [pid: 144722|app: 0|req: 7/15] 127.0.0.1 () {38 vars in 745 bytes} [Thu Jul 28 05:30:30 2022] GET /v2/schemas/metadefs/resource_type => generated 1260 bytes in 5 msecs (HTTP/1.1 200) 4 headers in 158 bytes (1 switches on core 0)
Jul 28 05:30:30 ubuntu devstack@g-api.service[144723]: DEBUG glance.api.middleware.version_negotiation [None req-d160a1ac-f20d-4bb8-8e11-b0b993e37203 admin admin] Determining version of request: GET /v2/images Accept: */* {{(pid=144723) process_request /opt/stack/glance/glance/api/middleware/version_negotiation.py:44}}
Jul 28 05:30:30 ubuntu devstack@g-api.service[144723]: DEBUG glance.api.middleware.version_negotiation [None req-d160a1ac-f20d-4bb8-8e11-b0b993e37203 admin admin] Using url versioning {{(pid=144723) process_request /opt/stack/glance/glance/api/middleware/version_negotiation.py:57}}
Jul 28 05:30:30 ubuntu devstack@g-api.service[144723]: DEBUG glance.api.middleware.version_negotiation [None req-d160a1ac-f20d-4bb8-8e11-b0b993e37203 admin admin] Matched version: v2 {{(pid=144723) process_request /opt/stack/glance/glance/api/middleware/version_negotiation.py:69}}
Jul 28 05:30:30 ubuntu devstack@g-api.service[144723]: DEBUG glance.api.middleware.version_negotiation [None req-d160a1ac-f20d-4bb8-8e11-b0b993e37203 admin admin] new path /v2/images {{(pid=144723) process_request /opt/stack/glance/glance/api/middleware/version_negotiation.py:70}}
Jul 28 05:30:30 ubuntu devstack@g-api.service[144723]: [pid: 144723|app: 0|req: 9/16] 127.0.0.1 () {38 vars in 768 bytes} [Thu Jul 28 05:30:30 2022] GET /v2/images?limit=20&sort_key=name&sort_dir=asc => generated 1081 bytes in 106 msecs (HTTP/1.1 200) 4 headers in 158 bytes (1 switches on core 0)
Jul 28 05:30:30 ubuntu devstack@g-api.service[144722]: DEBUG glance.api.middleware.version_negotiation [None req-25b7eb83-a44a-49db-951b-5a53d19e0fb3 admin admin] Determining version of request: GET /v2/schemas/image Accept: */* {{(pid=144722) process_request /opt/stack/glance/glance/api/middleware/version_negotiation.py:44}}
Jul 28 05:30:30 ubuntu devstack@g-api.service[144722]: DEBUG glance.api.middleware.version_negotiation [None req-25b7eb83-a44a-49db-951b-5a53d19e0fb3 admin admin] Using url versioning {{(pid=144722) process_request /opt/stack/glance/glance/api/middleware/version_negotiation.py:57}}
Jul 28 05:30:30 ubuntu devstack@g-api.service[144722]: DEBUG glance.api.middleware.version_negotiation [None req-25b7eb83-a44a-49db-951b-5a53d19e0fb3 admin admin] Matched version: v2 {{(pid=144722) process_request /opt/stack/glance/glance/api/middleware/version_negotiation.py:69}}
Jul 28 05:30:30 ubuntu devstack@g-api.service[144722]: DEBUG glance.api.middleware.version_negotiation [None req-25b7eb83-a44a-49db-951b-5a53d19e0fb3 admin admin] new path /v2/schemas/image {{(pid=144722) process_request /opt/stack/glance/glance/api/middleware/version_negotiation.py:70}}
Jul 28 05:30:30 ubuntu devstack@g-api.service[144722]: [pid: 144722|app: 0|req: 8/17] 127.0.0.1 () {38 vars in 711 bytes} [Thu Jul 28 05:30:30 2022] GET /v2/schemas/image => generated 6083 bytes in 5 msecs (HTTP/1.1 200) 4 headers in 158 bytes (1 switches on core 0)
Jul 28 05:30:40 ubuntu devstack@g-api.service[144723]: DEBUG dbcounter [-] [144723] Writing DB stats glance:SELECT=2 {{(pid=144723) stat_writer /usr/local/lib/python3.8/dist-packages/dbcounter.py:114}}
Jul 28 05:30:43 ubuntu devstack@g-api.service[144723]: DEBUG glance.api.middleware.version_negotiation [None req-caf8f1e1-2d56-4e2e-9e3c-7da45e9e1f87 admin admin] Determining version of request: GET / Accept: application/json {{(pid=144723) process_request /opt/stack/glance/glance/api/middleware/version_negotiation.py:44}}
Jul 28 05:30:43 ubuntu devstack@g-api.service[144723]: DEBUG glance.api.middleware.version_negotiation [None req-caf8f1e1-2d56-4e2e-9e3c-7da45e9e1f87 admin admin] Using url versioning {{(pid=144723) process_request /opt/stack/glance/glance/api/middleware/version_negotiation.py:57}}
Jul 28 05:30:43 ubuntu devstack@g-api.service[144723]: DEBUG glance.api.middleware.version_negotiation [None req-caf8f1e1-2d56-4e2e-9e3c-7da45e9e1f87 admin admin] Unknown version. Returning version choices. {{(pid=144723) process_request /opt/stack/glance/glance/api/middleware/version_negotiation.py:64}}
Jul 28 05:30:43 ubuntu devstack@g-api.service[144723]: [pid: 144723|app: 0|req: 10/18] 127.0.0.1 () {34 vars in 492 bytes} [Thu Jul 28 05:30:43 2022] GET / => generated 1323 bytes in 5 msecs (HTTP/1.1 300) 3 headers in 106 bytes (1 switches on core 0)
Jul 28 05:30:43 ubuntu devstack@g-api.service[144722]: DEBUG glance.api.middleware.version_negotiation [None req-d63f25fe-8ded-4eb6-b72a-57fb34261145 admin admin] Determining version of request: GET /v2/images/6018d0ef-b299-4947-b4bf-2203a62b9461 Accept: */* {{(pid=144722) process_request /opt/stack/glance/glance/api/middleware/version_negotiation.py:44}}
Jul 28 05:30:43 ubuntu devstack@g-api.service[144722]: DEBUG glance.api.middleware.version_negotiation [None req-d63f25fe-8ded-4eb6-b72a-57fb34261145 admin admin] Using url versioning {{(pid=144722) process_request /opt/stack/glance/glance/api/middleware/version_negotiation.py:57}}
Jul 28 05:30:43 ubuntu devstack@g-api.service[144722]: DEBUG glance.api.middleware.version_negotiation [None req-d63f25fe-8ded-4eb6-b72a-57fb34261145 admin admin] Matched version: v2 {{(pid=144722) process_request /opt/stack/glance/glance/api/middleware/version_negotiation.py:69}}
Jul 28 05:30:43 ubuntu devstack@g-api.service[144722]: DEBUG glance.api.middleware.version_negotiation [None req-d63f25fe-8ded-4eb6-b72a-57fb34261145 admin admin] new path /v2/images/6018d0ef-b299-4947-b4bf-2203a62b9461 {{(pid=144722) process_request /opt/stack/glance/glance/api/middleware/version_negotiation.py:70}}
Jul 28 05:30:43 ubuntu devstack@g-api.service[144722]: WARNING keystonemiddleware.auth_token [None req-d63f25fe-8ded-4eb6-b72a-57fb34261145 admin admin] A valid token was submitted as a service token, but it was not a valid service token. This is incorrect but backwards compatible behaviour. This will be removed in future releases.
Jul 28 05:30:43 ubuntu devstack@g-api.service[144722]: [pid: 144722|app: 0|req: 9/19] 127.0.0.1 () {42 vars in 1049 bytes} [Thu Jul 28 05:30:43 2022] GET /v2/images/6018d0ef-b299-4947-b4bf-2203a62b9461 => generated 976 bytes in 112 msecs (HTTP/1.1 200) 4 headers in 157 bytes (1 switches on core 0)
Jul 28 05:30:43 ubuntu devstack@g-api.service[144723]: DEBUG glance.api.middleware.version_negotiation [None req-caf8f1e1-2d56-4e2e-9e3c-7da45e9e1f87 admin admin] Determining version of request: GET /v2/schemas/image Accept: */* {{(pid=144723) process_request /opt/stack/glance/glance/api/middleware/version_negotiation.py:44}}
Jul 28 05:30:43 ubuntu devstack@g-api.service[144723]: DEBUG glance.api.middleware.version_negotiation [None req-caf8f1e1-2d56-4e2e-9e3c-7da45e9e1f87 admin admin] Using url versioning {{(pid=144723) process_request /opt/stack/glance/glance/api/middleware/version_negotiation.py:57}}
Jul 28 05:30:43 ubuntu devstack@g-api.service[144723]: DEBUG glance.api.middleware.version_negotiation [None req-caf8f1e1-2d56-4e2e-9e3c-7da45e9e1f87 admin admin] Matched version: v2 {{(pid=144723) process_request /opt/stack/glance/glance/api/middleware/version_negotiation.py:69}}
Jul 28 05:30:43 ubuntu devstack@g-api.service[144723]: DEBUG glance.api.middleware.version_negotiation [None req-caf8f1e1-2d56-4e2e-9e3c-7da45e9e1f87 admin admin] new path /v2/schemas/image {{(pid=144723) process_request /opt/stack/glance/glance/api/middleware/version_negotiation.py:70}}
Jul 28 05:30:43 ubuntu devstack@g-api.service[144723]: WARNING keystonemiddleware.auth_token [None req-caf8f1e1-2d56-4e2e-9e3c-7da45e9e1f87 admin admin] A valid token was submitted as a service token, but it was not a valid service token. This is incorrect but backwards compatible behaviour. This will be removed in future releases.
Jul 28 05:30:43 ubuntu devstack@g-api.service[144723]: [pid: 144723|app: 0|req: 11/20] 127.0.0.1 () {42 vars in 989 bytes} [Thu Jul 28 05:30:43 2022] GET /v2/schemas/image => generated 6083 bytes in 8 msecs (HTTP/1.1 200) 4 headers in 158 bytes (1 switches on core 0)
Jul 28 05:30:45 ubuntu devstack@g-api.service[144722]: DEBUG glance.api.middleware.version_negotiation [None req-337d9cc7-7b09-4a11-9969-f683e3c6cf3e tempest-VolumesAdminNegativeTest-1293865872 tempest-VolumesAdminNegativeTest-1293865872-project] Determining version of request: GET /v2/images/6018d0ef-b299-4947-b4bf-2203a62b9461 Accept: */* {{(pid=144722) process_request /opt/stack/glance/glance/api/middleware/version_negotiation.py:44}}
Jul 28 05:30:45 ubuntu devstack@g-api.service[144722]: DEBUG glance.api.middleware.version_negotiation [None req-337d9cc7-7b09-4a11-9969-f683e3c6cf3e tempest-VolumesAdminNegativeTest-1293865872 tempest-VolumesAdminNegativeTest-1293865872-project] Using url versioning {{(pid=144722) process_request /opt/stack/glance/glance/api/middleware/version_negotiation.py:57}}
Jul 28 05:30:45 ubuntu devstack@g-api.service[144722]: DEBUG glance.api.middleware.version_negotiation [None req-337d9cc7-7b09-4a11-9969-f683e3c6cf3e tempest-VolumesAdminNegativeTest-1293865872 tempest-VolumesAdminNegativeTest-1293865872-project] Matched version: v2 {{(pid=144722) process_request /opt/stack/glance/glance/api/middleware/version_negotiation.py:69}}
Jul 28 05:30:45 ubuntu devstack@g-api.service[144722]: DEBUG glance.api.middleware.version_negotiation [None req-337d9cc7-7b09-4a11-9969-f683e3c6cf3e tempest-VolumesAdminNegativeTest-1293865872 tempest-VolumesAdminNegativeTest-1293865872-project] new path /v2/images/6018d0ef-b299-4947-b4bf-2203a62b9461 {{(pid=144722) process_request /opt/stack/glance/glance/api/middleware/version_negotiation.py:70}}
Jul 28 05:30:45 ubuntu devstack@g-api.service[144722]: [pid: 144722|app: 0|req: 10/21] 127.0.0.1 () {42 vars in 1049 bytes} [Thu Jul 28 05:30:45 2022] GET /v2/images/6018d0ef-b299-4947-b4bf-2203a62b9461 => generated 976 bytes in 23 msecs (HTTP/1.1 200) 4 headers in 157 bytes (1 switches on core 0)
Jul 28 05:30:45 ubuntu devstack@g-api.service[144723]: DEBUG glance.api.middleware.version_negotiation [None req-337d9cc7-7b09-4a11-9969-f683e3c6cf3e tempest-VolumesAdminNegativeTest-1293865872 tempest-VolumesAdminNegativeTest-1293865872-project] Determining version of request: GET /v2/images/6018d0ef-b299-4947-b4bf-2203a62b9461/file Accept: */* {{(pid=144723) process_request /opt/stack/glance/glance/api/middleware/version_negotiation.py:44}}
Jul 28 05:30:45 ubuntu devstack@g-api.service[144723]: DEBUG glance.api.middleware.version_negotiation [None req-337d9cc7-7b09-4a11-9969-f683e3c6cf3e tempest-VolumesAdminNegativeTest-1293865872 tempest-VolumesAdminNegativeTest-1293865872-project] Using url versioning {{(pid=144723) process_request /opt/stack/glance/glance/api/middleware/version_negotiation.py:57}}
Jul 28 05:30:45 ubuntu devstack@g-api.service[144723]: DEBUG glance.api.middleware.version_negotiation [None req-337d9cc7-7b09-4a11-9969-f683e3c6cf3e tempest-VolumesAdminNegativeTest-1293865872 tempest-VolumesAdminNegativeTest-1293865872-project] Matched version: v2 {{(pid=144723) process_request /opt/stack/glance/glance/api/middleware/version_negotiation.py:69}}
Jul 28 05:30:45 ubuntu devstack@g-api.service[144723]: DEBUG glance.api.middleware.version_negotiation [None req-337d9cc7-7b09-4a11-9969-f683e3c6cf3e tempest-VolumesAdminNegativeTest-1293865872 tempest-VolumesAdminNegativeTest-1293865872-project] new path /v2/images/6018d0ef-b299-4947-b4bf-2203a62b9461/file {{(pid=144723) process_request /opt/stack/glance/glance/api/middleware/version_negotiation.py:70}}
Jul 28 05:30:45 ubuntu devstack@g-api.service[144723]: DEBUG glance_store.backend [None req-337d9cc7-7b09-4a11-9969-f683e3c6cf3e tempest-VolumesAdminNegativeTest-1293865872 tempest-VolumesAdminNegativeTest-1293865872-project] Attempting to import store swift {{(pid=144723) _load_store /usr/local/lib/python3.8/dist-packages/glance_store/backend.py:216}}
Jul 28 05:30:45 ubuntu devstack@g-api.service[144723]: DEBUG glance_store.capabilities [None req-337d9cc7-7b09-4a11-9969-f683e3c6cf3e tempest-VolumesAdminNegativeTest-1293865872 tempest-VolumesAdminNegativeTest-1293865872-project] Store glance_store._drivers.swift.store.SingleTenantStore doesn't support updating dynamic storage capabilities. Please overwrite 'update_capabilities' method of the store to implement updating logics if needed. {{(pid=144723) update_capabilities /usr/local/lib/python3.8/dist-packages/glance_store/capabilities.py:91}}
Jul 28 05:30:45 ubuntu devstack@g-api.service[144723]: DEBUG glance_store.driver [None req-337d9cc7-7b09-4a11-9969-f683e3c6cf3e tempest-VolumesAdminNegativeTest-1293865872 tempest-VolumesAdminNegativeTest-1293865872-project] Late loading location class glance_store._drivers.swift.store.StoreLocation {{(pid=144723) get_store_location_class /usr/local/lib/python3.8/dist-packages/glance_store/driver.py:116}}
Jul 28 05:30:45 ubuntu devstack@g-api.service[144723]: DEBUG glance_store.location [None req-337d9cc7-7b09-4a11-9969-f683e3c6cf3e tempest-VolumesAdminNegativeTest-1293865872 tempest-VolumesAdminNegativeTest-1293865872-project] Registering scheme swift+https with {'store': <glance_store._drivers.swift.store.SingleTenantStore object at 0x7f5634210dc0>, 'location_class': <class 'glance_store._drivers.swift.store.StoreLocation'>, 'store_entry': 'swift'} {{(pid=144723) register_scheme_map /usr/local/lib/python3.8/dist-packages/glance_store/location.py:146}}
Jul 28 05:30:45 ubuntu devstack@g-api.service[144723]: DEBUG glance_store.location [None req-337d9cc7-7b09-4a11-9969-f683e3c6cf3e tempest-VolumesAdminNegativeTest-1293865872 tempest-VolumesAdminNegativeTest-1293865872-project] Registering scheme swift+https with {'store': <glance_store._drivers.swift.store.SingleTenantStore object at 0x7f5634210dc0>, 'location_class': <class 'glance_store._drivers.swift.store.StoreLocation'>, 'store_entry': 'swift'} {{(pid=144723) register_scheme_map /usr/local/lib/python3.8/dist-packages/glance_store/location.py:146}}
Jul 28 05:30:45 ubuntu devstack@g-api.service[144723]: DEBUG glance_store.location [None req-337d9cc7-7b09-4a11-9969-f683e3c6cf3e tempest-VolumesAdminNegativeTest-1293865872 tempest-VolumesAdminNegativeTest-1293865872-project] Registering scheme swift with {'store': <glance_store._drivers.swift.store.SingleTenantStore object at 0x7f5634210dc0>, 'location_class': <class 'glance_store._drivers.swift.store.StoreLocation'>, 'store_entry': 'swift'} {{(pid=144723) register_scheme_map /usr/local/lib/python3.8/dist-packages/glance_store/location.py:146}}
Jul 28 05:30:45 ubuntu devstack@g-api.service[144723]: DEBUG glance_store.location [None req-337d9cc7-7b09-4a11-9969-f683e3c6cf3e tempest-VolumesAdminNegativeTest-1293865872 tempest-VolumesAdminNegativeTest-1293865872-project] Registering scheme swift+https with {'store': <glance_store._drivers.swift.store.SingleTenantStore object at 0x7f5634210dc0>, 'location_class': <class 'glance_store._drivers.swift.store.StoreLocation'>, 'store_entry': 'swift'} {{(pid=144723) register_scheme_map /usr/local/lib/python3.8/dist-packages/glance_store/location.py:146}}
Jul 28 05:30:45 ubuntu devstack@g-api.service[144723]: DEBUG glance_store.location [None req-337d9cc7-7b09-4a11-9969-f683e3c6cf3e tempest-VolumesAdminNegativeTest-1293865872 tempest-VolumesAdminNegativeTest-1293865872-project] Registering scheme swift with {'store': <glance_store._drivers.swift.store.SingleTenantStore object at 0x7f5634210dc0>, 'location_class': <class 'glance_store._drivers.swift.store.StoreLocation'>, 'store_entry': 'swift'} {{(pid=144723) register_scheme_map /usr/local/lib/python3.8/dist-packages/glance_store/location.py:146}}
Jul 28 05:30:45 ubuntu devstack@g-api.service[144723]: DEBUG glance_store.location [None req-337d9cc7-7b09-4a11-9969-f683e3c6cf3e tempest-VolumesAdminNegativeTest-1293865872 tempest-VolumesAdminNegativeTest-1293865872-project] Registering scheme swift+http with {'store': <glance_store._drivers.swift.store.SingleTenantStore object at 0x7f5634210dc0>, 'location_class': <class 'glance_store._drivers.swift.store.StoreLocation'>, 'store_entry': 'swift'} {{(pid=144723) register_scheme_map /usr/local/lib/python3.8/dist-packages/glance_store/location.py:146}}
Jul 28 05:30:45 ubuntu devstack@g-api.service[144723]: DEBUG glance_store.location [None req-337d9cc7-7b09-4a11-9969-f683e3c6cf3e tempest-VolumesAdminNegativeTest-1293865872 tempest-VolumesAdminNegativeTest-1293865872-project] Registering scheme swift+https with {'store': <glance_store._drivers.swift.store.SingleTenantStore object at 0x7f5634210dc0>, 'location_class': <class 'glance_store._drivers.swift.store.StoreLocation'>, 'store_entry': 'swift'} {{(pid=144723) register_scheme_map /usr/local/lib/python3.8/dist-packages/glance_store/location.py:146}}
Jul 28 05:30:45 ubuntu devstack@g-api.service[144723]: DEBUG glance_store.location [None req-337d9cc7-7b09-4a11-9969-f683e3c6cf3e tempest-VolumesAdminNegativeTest-1293865872 tempest-VolumesAdminNegativeTest-1293865872-project] Registering scheme swift with {'store': <glance_store._drivers.swift.store.SingleTenantStore object at 0x7f5634210dc0>, 'location_class': <class 'glance_store._drivers.swift.store.StoreLocation'>, 'store_entry': 'swift'} {{(pid=144723) register_scheme_map /usr/local/lib/python3.8/dist-packages/glance_store/location.py:146}}
Jul 28 05:30:45 ubuntu devstack@g-api.service[144723]: DEBUG glance_store.location [None req-337d9cc7-7b09-4a11-9969-f683e3c6cf3e tempest-VolumesAdminNegativeTest-1293865872 tempest-VolumesAdminNegativeTest-1293865872-project] Registering scheme swift+http with {'store': <glance_store._drivers.swift.store.SingleTenantStore object at 0x7f5634210dc0>, 'location_class': <class 'glance_store._drivers.swift.store.StoreLocation'>, 'store_entry': 'swift'} {{(pid=144723) register_scheme_map /usr/local/lib/python3.8/dist-packages/glance_store/location.py:146}}
Jul 28 05:30:45 ubuntu devstack@g-api.service[144723]: DEBUG glance_store.location [None req-337d9cc7-7b09-4a11-9969-f683e3c6cf3e tempest-VolumesAdminNegativeTest-1293865872 tempest-VolumesAdminNegativeTest-1293865872-project] Registering scheme swift+config with {'store': <glance_store._drivers.swift.store.SingleTenantStore object at 0x7f5634210dc0>, 'location_class': <class 'glance_store._drivers.swift.store.StoreLocation'>, 'store_entry': 'swift'} {{(pid=144723) register_scheme_map /usr/local/lib/python3.8/dist-packages/glance_store/location.py:146}}
Jul 28 05:30:46 ubuntu devstack@g-api.service[144723]: DEBUG swiftclient [None req-337d9cc7-7b09-4a11-9969-f683e3c6cf3e tempest-VolumesAdminNegativeTest-1293865872 tempest-VolumesAdminNegativeTest-1293865872-project] REQ: curl -i http://192.168.79.45:8080/v1/AUTH_6429233c3f9e4bb8acb0ee8573e4f0ff/glance/6018d0ef-b299-4947-b4bf-2203a62b9461 -X GET -H "X-Auth-Token: gAAAAABi4h8GiS7n..." {{(pid=144723) http_log /usr/local/lib/python3.8/dist-packages/swiftclient/client.py:157}}
Jul 28 05:30:46 ubuntu devstack@g-api.service[144723]: DEBUG swiftclient [None req-337d9cc7-7b09-4a11-9969-f683e3c6cf3e tempest-VolumesAdminNegativeTest-1293865872 tempest-VolumesAdminNegativeTest-1293865872-project] RESP STATUS: 200 OK {{(pid=144723) http_log /usr/local/lib/python3.8/dist-packages/swiftclient/client.py:158}}
Jul 28 05:30:46 ubuntu devstack@g-api.service[144723]: DEBUG swiftclient [None req-337d9cc7-7b09-4a11-9969-f683e3c6cf3e tempest-VolumesAdminNegativeTest-1293865872 tempest-VolumesAdminNegativeTest-1293865872-project] RESP HEADERS: {'Content-Type': 'application/octet-stream', 'Etag': '1d3062cd89af34e419f7100277f38b2b', 'Last-Modified': 'Thu, 28 Jul 2022 05:24:42 GMT', 'X-Timestamp': '1658985881.96266', 'Accept-Ranges': 'bytes', 'Content-Length': '16338944', 'X-Trans-Id': 'txaca19bde823b4581a37f5-0062e21f06', 'X-Openstack-Request-Id': 'txaca19bde823b4581a37f5-0062e21f06', 'Date': 'Thu, 28 Jul 2022 05:30:46 GMT'} {{(pid=144723) http_log /usr/local/lib/python3.8/dist-packages/swiftclient/client.py:159}}
Jul 28 05:30:46 ubuntu devstack@g-api.service[144723]: DEBUG glance.image_cache [None req-337d9cc7-7b09-4a11-9969-f683e3c6cf3e tempest-VolumesAdminNegativeTest-1293865872 tempest-VolumesAdminNegativeTest-1293865872-project] Tee'ing image '6018d0ef-b299-4947-b4bf-2203a62b9461' into cache {{(pid=144723) get_caching_iter /opt/stack/glance/glance/image_cache/__init__.py:343}}
Jul 28 05:30:46 ubuntu devstack@g-api.service[144723]: DEBUG glance.image_cache.drivers.sqlite [None req-337d9cc7-7b09-4a11-9969-f683e3c6cf3e tempest-VolumesAdminNegativeTest-1293865872 tempest-VolumesAdminNegativeTest-1293865872-project] Fetch finished, moving '/opt/stack/data/glance/cache/incomplete/6018d0ef-b299-4947-b4bf-2203a62b9461' to '/opt/stack/data/glance/cache/6018d0ef-b299-4947-b4bf-2203a62b9461' {{(pid=144723) commit /opt/stack/glance/glance/image_cache/drivers/sqlite.py:324}}
Jul 28 05:30:46 ubuntu devstack@g-api.service[144723]: [pid: 144723|app: 0|req: 12/22] 127.0.0.1 () {42 vars in 1059 bytes} [Thu Jul 28 05:30:45 2022] GET /v2/images/6018d0ef-b299-4947-b4bf-2203a62b9461/file => generated 16338944 bytes in 513 msecs (HTTP/1.1 200) 4 headers in 191 bytes (250 switches on core 0)
Jul 28 05:30:55 ubuntu devstack@g-api.service[144722]: DEBUG dbcounter [-] [144722] Writing DB stats glance:SELECT=8 {{(pid=144722) stat_writer /usr/local/lib/python3.8/dist-packages/dbcounter.py:114}}
Jul 28 05:30:56 ubuntu devstack@g-api.service[144723]: DEBUG dbcounter [-] [144723] Writing DB stats glance:SELECT=8 {{(pid=144723) stat_writer /usr/local/lib/python3.8/dist-packages/dbcounter.py:114}}
Jul 28 05:31:12 ubuntu devstack@g-api.service[144722]: DEBUG glance.api.middleware.version_negotiation [None req-337d9cc7-7b09-4a11-9969-f683e3c6cf3e tempest-VolumesAdminNegativeTest-1293865872 tempest-VolumesAdminNegativeTest-1293865872-project] Determining version of request: GET / Accept: application/json {{(pid=144722) process_request /opt/stack/glance/glance/api/middleware/version_negotiation.py:44}}
Jul 28 05:31:12 ubuntu devstack@g-api.service[144722]: DEBUG glance.api.middleware.version_negotiation [None req-337d9cc7-7b09-4a11-9969-f683e3c6cf3e tempest-VolumesAdminNegativeTest-1293865872 tempest-VolumesAdminNegativeTest-1293865872-project] Using url versioning {{(pid=144722) process_request /opt/stack/glance/glance/api/middleware/version_negotiation.py:57}}
Jul 28 05:31:12 ubuntu devstack@g-api.service[144722]: DEBUG glance.api.middleware.version_negotiation [None req-337d9cc7-7b09-4a11-9969-f683e3c6cf3e tempest-VolumesAdminNegativeTest-1293865872 tempest-VolumesAdminNegativeTest-1293865872-project] Unknown version. Returning version choices. {{(pid=144722) process_request /opt/stack/glance/glance/api/middleware/version_negotiation.py:64}}
Jul 28 05:31:12 ubuntu devstack@g-api.service[144722]: [pid: 144722|app: 0|req: 11/23] 127.0.0.1 () {34 vars in 492 bytes} [Thu Jul 28 05:31:12 2022] GET / => generated 1323 bytes in 8 msecs (HTTP/1.1 300) 3 headers in 106 bytes (1 switches on core 0)
Jul 28 05:31:12 ubuntu devstack@g-api.service[144723]: DEBUG glance.api.middleware.version_negotiation [None req-337d9cc7-7b09-4a11-9969-f683e3c6cf3e tempest-VolumesAdminNegativeTest-1293865872 tempest-VolumesAdminNegativeTest-1293865872-project] Determining version of request: GET /v2/images/6018d0ef-b299-4947-b4bf-2203a62b9461 Accept: */* {{(pid=144723) process_request /opt/stack/glance/glance/api/middleware/version_negotiation.py:44}}
Jul 28 05:31:12 ubuntu devstack@g-api.service[144723]: DEBUG glance.api.middleware.version_negotiation [None req-337d9cc7-7b09-4a11-9969-f683e3c6cf3e tempest-VolumesAdminNegativeTest-1293865872 tempest-VolumesAdminNegativeTest-1293865872-project] Using url versioning {{(pid=144723) process_request /opt/stack/glance/glance/api/middleware/version_negotiation.py:57}}
Jul 28 05:31:12 ubuntu devstack@g-api.service[144723]: DEBUG glance.api.middleware.version_negotiation [None req-337d9cc7-7b09-4a11-9969-f683e3c6cf3e tempest-VolumesAdminNegativeTest-1293865872 tempest-VolumesAdminNegativeTest-1293865872-project] Matched version: v2 {{(pid=144723) process_request /opt/stack/glance/glance/api/middleware/version_negotiation.py:69}}
Jul 28 05:31:12 ubuntu devstack@g-api.service[144723]: DEBUG glance.api.middleware.version_negotiation [None req-337d9cc7-7b09-4a11-9969-f683e3c6cf3e tempest-VolumesAdminNegativeTest-1293865872 tempest-VolumesAdminNegativeTest-1293865872-project] new path /v2/images/6018d0ef-b299-4947-b4bf-2203a62b9461 {{(pid=144723) process_request /opt/stack/glance/glance/api/middleware/version_negotiation.py:70}}
Jul 28 05:31:12 ubuntu devstack@g-api.service[144723]: [pid: 144723|app: 0|req: 13/24] 127.0.0.1 () {42 vars in 1049 bytes} [Thu Jul 28 05:31:12 2022] GET /v2/images/6018d0ef-b299-4947-b4bf-2203a62b9461 => generated 976 bytes in 30 msecs (HTTP/1.1 200) 4 headers in 157 bytes (1 switches on core 0)
Jul 28 05:31:12 ubuntu devstack@g-api.service[144722]: DEBUG glance.api.middleware.version_negotiation [None req-337d9cc7-7b09-4a11-9969-f683e3c6cf3e tempest-VolumesAdminNegativeTest-1293865872 tempest-VolumesAdminNegativeTest-1293865872-project] Determining version of request: GET /v2/schemas/image Accept: */* {{(pid=144722) process_request /opt/stack/glance/glance/api/middleware/version_negotiation.py:44}}
Jul 28 05:31:12 ubuntu devstack@g-api.service[144722]: DEBUG glance.api.middleware.version_negotiation [None req-337d9cc7-7b09-4a11-9969-f683e3c6cf3e tempest-VolumesAdminNegativeTest-1293865872 tempest-VolumesAdminNegativeTest-1293865872-project] Using url versioning {{(pid=144722) process_request /opt/stack/glance/glance/api/middleware/version_negotiation.py:57}}
Jul 28 05:31:12 ubuntu devstack@g-api.service[144722]: DEBUG glance.api.middleware.version_negotiation [None req-337d9cc7-7b09-4a11-9969-f683e3c6cf3e tempest-VolumesAdminNegativeTest-1293865872 tempest-VolumesAdminNegativeTest-1293865872-project] Matched version: v2 {{(pid=144722) process_request /opt/stack/glance/glance/api/middleware/version_negotiation.py:69}}
Jul 28 05:31:12 ubuntu devstack@g-api.service[144722]: DEBUG glance.api.middleware.version_negotiation [None req-337d9cc7-7b09-4a11-9969-f683e3c6cf3e tempest-VolumesAdminNegativeTest-1293865872 tempest-VolumesAdminNegativeTest-1293865872-project] new path /v2/schemas/image {{(pid=144722) process_request /opt/stack/glance/glance/api/middleware/version_negotiation.py:70}}
Jul 28 05:31:12 ubuntu devstack@g-api.service[144722]: [pid: 144722|app: 0|req: 12/25] 127.0.0.1 () {42 vars in 989 bytes} [Thu Jul 28 05:31:12 2022] GET /v2/schemas/image => generated 6083 bytes in 15 msecs (HTTP/1.1 200) 4 headers in 158 bytes (1 switches on core 0)
Jul 28 05:31:22 ubuntu devstack@g-api.service[144723]: DEBUG dbcounter [-] [144723] Writing DB stats glance:SELECT=4 {{(pid=144723) stat_writer /usr/local/lib/python3.8/dist-packages/dbcounter.py:114}}
Jul 28 05:31:40 ubuntu devstack@g-api.service[144723]: DEBUG glance.api.middleware.version_negotiation [None req-9d252abe-dceb-4b66-8653-d8e6bb1514b0 tempest-DeleteServersTestJSON-26996593 tempest-DeleteServersTestJSON-26996593-project] Determining version of request: GET /v2/images/6018d0ef-b299-4947-b4bf-2203a62b9461 Accept: */* {{(pid=144723) process_request /opt/stack/glance/glance/api/middleware/version_negotiation.py:44}}
Jul 28 05:31:40 ubuntu devstack@g-api.service[144723]: DEBUG glance.api.middleware.version_negotiation [None req-9d252abe-dceb-4b66-8653-d8e6bb1514b0 tempest-DeleteServersTestJSON-26996593 tempest-DeleteServersTestJSON-26996593-project] Using url versioning {{(pid=144723) process_request /opt/stack/glance/glance/api/middleware/version_negotiation.py:57}}
Jul 28 05:31:40 ubuntu devstack@g-api.service[144723]: DEBUG glance.api.middleware.version_negotiation [None req-9d252abe-dceb-4b66-8653-d8e6bb1514b0 tempest-DeleteServersTestJSON-26996593 tempest-DeleteServersTestJSON-26996593-project] Matched version: v2 {{(pid=144723) process_request /opt/stack/glance/glance/api/middleware/version_negotiation.py:69}}
Jul 28 05:31:40 ubuntu devstack@g-api.service[144723]: DEBUG glance.api.middleware.version_negotiation [None req-9d252abe-dceb-4b66-8653-d8e6bb1514b0 tempest-DeleteServersTestJSON-26996593 tempest-DeleteServersTestJSON-26996593-project] new path /v2/images/6018d0ef-b299-4947-b4bf-2203a62b9461 {{(pid=144723) process_request /opt/stack/glance/glance/api/middleware/version_negotiation.py:70}}
Jul 28 05:31:40 ubuntu devstack@g-api.service[144723]: [pid: 144723|app: 0|req: 14/26] 127.0.0.1 () {42 vars in 1049 bytes} [Thu Jul 28 05:31:40 2022] GET /v2/images/6018d0ef-b299-4947-b4bf-2203a62b9461 => generated 976 bytes in 22 msecs (HTTP/1.1 200) 4 headers in 157 bytes (1 switches on core 0)
