Jul 13 23:31:03 ubuntu devstack@g-api.service[132788]: DEBUG glance.api.middleware.version_negotiation [None req-d0eb40d0-4b85-45f5-b294-31c516514ba4 tempest-VolumesActionsTest-2096924884 tempest-VolumesActionsTest-2096924884-project] Using url versioning {{(pid=132788) process_request /opt/stack/glance/glance/api/middleware/version_negotiation.py:57}}
Jul 13 23:31:03 ubuntu devstack@g-api.service[132788]: DEBUG glance.api.middleware.version_negotiation [None req-d0eb40d0-4b85-45f5-b294-31c516514ba4 tempest-VolumesActionsTest-2096924884 tempest-VolumesActionsTest-2096924884-project] Matched version: v2 {{(pid=132788) process_request /opt/stack/glance/glance/api/middleware/version_negotiation.py:69}}
Jul 13 23:31:03 ubuntu devstack@g-api.service[132788]: DEBUG glance.api.middleware.version_negotiation [None req-d0eb40d0-4b85-45f5-b294-31c516514ba4 tempest-VolumesActionsTest-2096924884 tempest-VolumesActionsTest-2096924884-project] new path /v2/images/77a1b029-a628-49d0-a5b4-d8063f021e60 {{(pid=132788) process_request /opt/stack/glance/glance/api/middleware/version_negotiation.py:70}}
Jul 13 23:31:03 ubuntu devstack@g-api.service[132788]: [pid: 132788|app: 0|req: 38/76] 127.0.0.1 () {38 vars in 773 bytes} [Wed Jul 13 23:31:03 2022] GET /v2/images/77a1b029-a628-49d0-a5b4-d8063f021e60 => generated 650 bytes in 17 msecs (HTTP/1.1 200) 4 headers in 157 bytes (1 switches on core 0)
Jul 13 23:31:03 ubuntu devstack@g-api.service[132789]: DEBUG glance.location [None req-2bcad960-ba47-47c2-bf52-c7d39f3effeb tempest-VolumesActionsTest-2096924884 tempest-VolumesActionsTest-2096924884-project] Enabling in-flight format inspection for raw {{(pid=132789) set_data /opt/stack/glance/glance/location.py:581}}
Jul 13 23:31:03 ubuntu devstack@g-api.service[132789]: DEBUG glance_store.backend [None req-2bcad960-ba47-47c2-bf52-c7d39f3effeb tempest-VolumesActionsTest-2096924884 tempest-VolumesActionsTest-2096924884-project] Attempting to import store swift {{(pid=132789) _load_store /usr/local/lib/python3.8/dist-packages/glance_store/backend.py:216}}
Jul 13 23:31:03 ubuntu devstack@g-api.service[132789]: DEBUG glance_store.capabilities [None req-2bcad960-ba47-47c2-bf52-c7d39f3effeb tempest-VolumesActionsTest-2096924884 tempest-VolumesActionsTest-2096924884-project] Store glance_store._drivers.swift.store.SingleTenantStore doesn't support updating dynamic storage capabilities. Please overwrite 'update_capabilities' method of the store to implement updating logics if needed. {{(pid=132789) update_capabilities /usr/local/lib/python3.8/dist-packages/glance_store/capabilities.py:91}}
Jul 13 23:31:03 ubuntu devstack@g-api.service[132789]: DEBUG glance_store.driver [None req-2bcad960-ba47-47c2-bf52-c7d39f3effeb tempest-VolumesActionsTest-2096924884 tempest-VolumesActionsTest-2096924884-project] Late loading location class glance_store._drivers.swift.store.StoreLocation {{(pid=132789) get_store_location_class /usr/local/lib/python3.8/dist-packages/glance_store/driver.py:116}}
Jul 13 23:31:03 ubuntu devstack@g-api.service[132789]: DEBUG glance_store.location [None req-2bcad960-ba47-47c2-bf52-c7d39f3effeb tempest-VolumesActionsTest-2096924884 tempest-VolumesActionsTest-2096924884-project] Registering scheme swift+https with {'store': <glance_store._drivers.swift.store.SingleTenantStore object at 0x7f4d9a5f3970>, 'location_class': <class 'glance_store._drivers.swift.store.StoreLocation'>, 'store_entry': 'swift'} {{(pid=132789) register_scheme_map /usr/local/lib/python3.8/dist-packages/glance_store/location.py:146}}
Jul 13 23:31:03 ubuntu devstack@g-api.service[132789]: DEBUG glance_store.location [None req-2bcad960-ba47-47c2-bf52-c7d39f3effeb tempest-VolumesActionsTest-2096924884 tempest-VolumesActionsTest-2096924884-project] Registering scheme swift+https with {'store': <glance_store._drivers.swift.store.SingleTenantStore object at 0x7f4d9a5f3970>, 'location_class': <class 'glance_store._drivers.swift.store.StoreLocation'>, 'store_entry': 'swift'} {{(pid=132789) register_scheme_map /usr/local/lib/python3.8/dist-packages/glance_store/location.py:146}}
Jul 13 23:31:03 ubuntu devstack@g-api.service[132789]: DEBUG glance_store.location [None req-2bcad960-ba47-47c2-bf52-c7d39f3effeb tempest-VolumesActionsTest-2096924884 tempest-VolumesActionsTest-2096924884-project] Registering scheme swift with {'store': <glance_store._drivers.swift.store.SingleTenantStore object at 0x7f4d9a5f3970>, 'location_class': <class 'glance_store._drivers.swift.store.StoreLocation'>, 'store_entry': 'swift'} {{(pid=132789) register_scheme_map /usr/local/lib/python3.8/dist-packages/glance_store/location.py:146}}
Jul 13 23:31:03 ubuntu devstack@g-api.service[132789]: DEBUG glance_store.location [None req-2bcad960-ba47-47c2-bf52-c7d39f3effeb tempest-VolumesActionsTest-2096924884 tempest-VolumesActionsTest-2096924884-project] Registering scheme swift+https with {'store': <glance_store._drivers.swift.store.SingleTenantStore object at 0x7f4d9a5f3970>, 'location_class': <class 'glance_store._drivers.swift.store.StoreLocation'>, 'store_entry': 'swift'} {{(pid=132789) register_scheme_map /usr/local/lib/python3.8/dist-packages/glance_store/location.py:146}}
Jul 13 23:31:03 ubuntu devstack@g-api.service[132789]: DEBUG glance_store.location [None req-2bcad960-ba47-47c2-bf52-c7d39f3effeb tempest-VolumesActionsTest-2096924884 tempest-VolumesActionsTest-2096924884-project] Registering scheme swift with {'store': <glance_store._drivers.swift.store.SingleTenantStore object at 0x7f4d9a5f3970>, 'location_class': <class 'glance_store._drivers.swift.store.StoreLocation'>, 'store_entry': 'swift'} {{(pid=132789) register_scheme_map /usr/local/lib/python3.8/dist-packages/glance_store/location.py:146}}
Jul 13 23:31:03 ubuntu devstack@g-api.service[132789]: DEBUG glance_store.location [None req-2bcad960-ba47-47c2-bf52-c7d39f3effeb tempest-VolumesActionsTest-2096924884 tempest-VolumesActionsTest-2096924884-project] Registering scheme swift+http with {'store': <glance_store._drivers.swift.store.SingleTenantStore object at 0x7f4d9a5f3970>, 'location_class': <class 'glance_store._drivers.swift.store.StoreLocation'>, 'store_entry': 'swift'} {{(pid=132789) register_scheme_map /usr/local/lib/python3.8/dist-packages/glance_store/location.py:146}}
Jul 13 23:31:03 ubuntu devstack@g-api.service[132789]: DEBUG glance_store.location [None req-2bcad960-ba47-47c2-bf52-c7d39f3effeb tempest-VolumesActionsTest-2096924884 tempest-VolumesActionsTest-2096924884-project] Registering scheme swift+https with {'store': <glance_store._drivers.swift.store.SingleTenantStore object at 0x7f4d9a5f3970>, 'location_class': <class 'glance_store._drivers.swift.store.StoreLocation'>, 'store_entry': 'swift'} {{(pid=132789) register_scheme_map /usr/local/lib/python3.8/dist-packages/glance_store/location.py:146}}
Jul 13 23:31:03 ubuntu devstack@g-api.service[132789]: DEBUG glance_store.location [None req-2bcad960-ba47-47c2-bf52-c7d39f3effeb tempest-VolumesActionsTest-2096924884 tempest-VolumesActionsTest-2096924884-project] Registering scheme swift with {'store': <glance_store._drivers.swift.store.SingleTenantStore object at 0x7f4d9a5f3970>, 'location_class': <class 'glance_store._drivers.swift.store.StoreLocation'>, 'store_entry': 'swift'} {{(pid=132789) register_scheme_map /usr/local/lib/python3.8/dist-packages/glance_store/location.py:146}}
Jul 13 23:31:03 ubuntu devstack@g-api.service[132789]: DEBUG glance_store.location [None req-2bcad960-ba47-47c2-bf52-c7d39f3effeb tempest-VolumesActionsTest-2096924884 tempest-VolumesActionsTest-2096924884-project] Registering scheme swift+http with {'store': <glance_store._drivers.swift.store.SingleTenantStore object at 0x7f4d9a5f3970>, 'location_class': <class 'glance_store._drivers.swift.store.StoreLocation'>, 'store_entry': 'swift'} {{(pid=132789) register_scheme_map /usr/local/lib/python3.8/dist-packages/glance_store/location.py:146}}
Jul 13 23:31:03 ubuntu devstack@g-api.service[132789]: DEBUG glance_store.location [None req-2bcad960-ba47-47c2-bf52-c7d39f3effeb tempest-VolumesActionsTest-2096924884 tempest-VolumesActionsTest-2096924884-project] Registering scheme swift+config with {'store': <glance_store._drivers.swift.store.SingleTenantStore object at 0x7f4d9a5f3970>, 'location_class': <class 'glance_store._drivers.swift.store.StoreLocation'>, 'store_entry': 'swift'} {{(pid=132789) register_scheme_map /usr/local/lib/python3.8/dist-packages/glance_store/location.py:146}}
Jul 13 23:31:03 ubuntu devstack@g-api.service[132789]: DEBUG swiftclient [None req-2bcad960-ba47-47c2-bf52-c7d39f3effeb tempest-VolumesActionsTest-2096924884 tempest-VolumesActionsTest-2096924884-project] REQ: curl -i http://192.168.79.44:8080/v1/AUTH_871388eb6e01490c99459009d00f344c/glance -I -H "X-Auth-Token: gAAAAABiz1W318oS..." {{(pid=132789) http_log /usr/local/lib/python3.8/dist-packages/swiftclient/client.py:157}}
Jul 13 23:31:03 ubuntu devstack@g-api.service[132789]: DEBUG swiftclient [None req-2bcad960-ba47-47c2-bf52-c7d39f3effeb tempest-VolumesActionsTest-2096924884 tempest-VolumesActionsTest-2096924884-project] RESP STATUS: 204 No Content {{(pid=132789) http_log /usr/local/lib/python3.8/dist-packages/swiftclient/client.py:158}}
Jul 13 23:31:03 ubuntu devstack@g-api.service[132789]: DEBUG swiftclient [None req-2bcad960-ba47-47c2-bf52-c7d39f3effeb tempest-VolumesActionsTest-2096924884 tempest-VolumesActionsTest-2096924884-project] RESP HEADERS: {'Content-Type': 'text/plain; charset=utf-8', 'X-Container-Object-Count': '1', 'X-Container-Bytes-Used': '16338944', 'X-Timestamp': '1657754118.81864', 'Last-Modified': 'Wed, 13 Jul 2022 23:15:19 GMT', 'Accept-Ranges': 'bytes', 'X-Storage-Policy': 'Policy-0', 'X-Container-Sharding': 'False', 'Vary': 'Accept', 'Content-Length': '0', 'X-Trans-Id': 'txc7e56d3b916f492eb7077-0062cf55b7', 'X-Openstack-Request-Id': 'txc7e56d3b916f492eb7077-0062cf55b7', 'Date': 'Wed, 13 Jul 2022 23:31:03 GMT'} {{(pid=132789) http_log /usr/local/lib/python3.8/dist-packages/swiftclient/client.py:159}}
Jul 13 23:31:03 ubuntu devstack@g-api.service[132789]: DEBUG glance_store._drivers.swift.store [None req-2bcad960-ba47-47c2-bf52-c7d39f3effeb tempest-VolumesActionsTest-2096924884 tempest-VolumesActionsTest-2096924884-project] Adding image object '77a1b029-a628-49d0-a5b4-d8063f021e60' to Swift {{(pid=132789) add /usr/local/lib/python3.8/dist-packages/glance_store/_drivers/swift/store.py:941}}
Jul 13 23:31:03 ubuntu devstack@g-api.service[132789]: DEBUG glance_store._drivers.swift.store [None req-2bcad960-ba47-47c2-bf52-c7d39f3effeb tempest-VolumesActionsTest-2096924884 tempest-VolumesActionsTest-2096924884-project] Cannot determine image size because it is either not provided in the request or chunked-transfer encoding is used. Adding image as a segmented object to Swift. {{(pid=132789) add /usr/local/lib/python3.8/dist-packages/glance_store/_drivers/swift/store.py:965}}
Jul 13 23:31:04 ubuntu devstack@g-api.service[132788]: DEBUG glance.api.middleware.version_negotiation [None req-4d23668d-58da-4403-a6d2-30ea35ef6438 tempest-VolumesActionsTest-2096924884 tempest-VolumesActionsTest-2096924884-project] Determining version of request: GET /v2/images/77a1b029-a628-49d0-a5b4-d8063f021e60 Accept: application/json {{(pid=132788) process_request /opt/stack/glance/glance/api/middleware/version_negotiation.py:44}}
Jul 13 23:31:04 ubuntu devstack@g-api.service[132788]: DEBUG glance.api.middleware.version_negotiation [None req-4d23668d-58da-4403-a6d2-30ea35ef6438 tempest-VolumesActionsTest-2096924884 tempest-VolumesActionsTest-2096924884-project] Using url versioning {{(pid=132788) process_request /opt/stack/glance/glance/api/middleware/version_negotiation.py:57}}
Jul 13 23:31:04 ubuntu devstack@g-api.service[132788]: DEBUG glance.api.middleware.version_negotiation [None req-4d23668d-58da-4403-a6d2-30ea35ef6438 tempest-VolumesActionsTest-2096924884 tempest-VolumesActionsTest-2096924884-project] Matched version: v2 {{(pid=132788) process_request /opt/stack/glance/glance/api/middleware/version_negotiation.py:69}}
Jul 13 23:31:04 ubuntu devstack@g-api.service[132788]: DEBUG glance.api.middleware.version_negotiation [None req-4d23668d-58da-4403-a6d2-30ea35ef6438 tempest-VolumesActionsTest-2096924884 tempest-VolumesActionsTest-2096924884-project] new path /v2/images/77a1b029-a628-49d0-a5b4-d8063f021e60 {{(pid=132788) process_request /opt/stack/glance/glance/api/middleware/version_negotiation.py:70}}
Jul 13 23:31:04 ubuntu devstack@g-api.service[132788]: [pid: 132788|app: 0|req: 39/77] 127.0.0.1 () {38 vars in 773 bytes} [Wed Jul 13 23:31:04 2022] GET /v2/images/77a1b029-a628-49d0-a5b4-d8063f021e60 => generated 650 bytes in 18 msecs (HTTP/1.1 200) 4 headers in 157 bytes (1 switches on core 0)
Jul 13 23:31:05 ubuntu devstack@g-api.service[132788]: DEBUG glance.api.middleware.version_negotiation [None req-d7951fbf-9dbe-4671-94b6-f068ba8f322b tempest-VolumesActionsTest-2096924884 tempest-VolumesActionsTest-2096924884-project] Determining version of request: GET /v2/images/77a1b029-a628-49d0-a5b4-d8063f021e60 Accept: application/json {{(pid=132788) process_request /opt/stack/glance/glance/api/middleware/version_negotiation.py:44}}
Jul 13 23:31:05 ubuntu devstack@g-api.service[132788]: DEBUG glance.api.middleware.version_negotiation [None req-d7951fbf-9dbe-4671-94b6-f068ba8f322b tempest-VolumesActionsTest-2096924884 tempest-VolumesActionsTest-2096924884-project] Using url versioning {{(pid=132788) process_request /opt/stack/glance/glance/api/middleware/version_negotiation.py:57}}
Jul 13 23:31:05 ubuntu devstack@g-api.service[132788]: DEBUG glance.api.middleware.version_negotiation [None req-d7951fbf-9dbe-4671-94b6-f068ba8f322b tempest-VolumesActionsTest-2096924884 tempest-VolumesActionsTest-2096924884-project] Matched version: v2 {{(pid=132788) process_request /opt/stack/glance/glance/api/middleware/version_negotiation.py:69}}
Jul 13 23:31:05 ubuntu devstack@g-api.service[132788]: DEBUG glance.api.middleware.version_negotiation [None req-d7951fbf-9dbe-4671-94b6-f068ba8f322b tempest-VolumesActionsTest-2096924884 tempest-VolumesActionsTest-2096924884-project] new path /v2/images/77a1b029-a628-49d0-a5b4-d8063f021e60 {{(pid=132788) process_request /opt/stack/glance/glance/api/middleware/version_negotiation.py:70}}
Jul 13 23:31:05 ubuntu devstack@g-api.service[132788]: [pid: 132788|app: 0|req: 40/78] 127.0.0.1 () {38 vars in 773 bytes} [Wed Jul 13 23:31:05 2022] GET /v2/images/77a1b029-a628-49d0-a5b4-d8063f021e60 => generated 650 bytes in 13 msecs (HTTP/1.1 200) 4 headers in 157 bytes (1 switches on core 0)
Jul 13 23:31:06 ubuntu devstack@g-api.service[132788]: DEBUG glance.api.middleware.version_negotiation [None req-9c5a784f-ac0a-4959-8982-baec94145137 tempest-VolumesActionsTest-2096924884 tempest-VolumesActionsTest-2096924884-project] Determining version of request: GET /v2/images/77a1b029-a628-49d0-a5b4-d8063f021e60 Accept: application/json {{(pid=132788) process_request /opt/stack/glance/glance/api/middleware/version_negotiation.py:44}}
Jul 13 23:31:06 ubuntu devstack@g-api.service[132788]: DEBUG glance.api.middleware.version_negotiation [None req-9c5a784f-ac0a-4959-8982-baec94145137 tempest-VolumesActionsTest-2096924884 tempest-VolumesActionsTest-2096924884-project] Using url versioning {{(pid=132788) process_request /opt/stack/glance/glance/api/middleware/version_negotiation.py:57}}
Jul 13 23:31:06 ubuntu devstack@g-api.service[132788]: DEBUG glance.api.middleware.version_negotiation [None req-9c5a784f-ac0a-4959-8982-baec94145137 tempest-VolumesActionsTest-2096924884 tempest-VolumesActionsTest-2096924884-project] Matched version: v2 {{(pid=132788) process_request /opt/stack/glance/glance/api/middleware/version_negotiation.py:69}}
Jul 13 23:31:06 ubuntu devstack@g-api.service[132788]: DEBUG glance.api.middleware.version_negotiation [None req-9c5a784f-ac0a-4959-8982-baec94145137 tempest-VolumesActionsTest-2096924884 tempest-VolumesActionsTest-2096924884-project] new path /v2/images/77a1b029-a628-49d0-a5b4-d8063f021e60 {{(pid=132788) process_request /opt/stack/glance/glance/api/middleware/version_negotiation.py:70}}
Jul 13 23:31:06 ubuntu devstack@g-api.service[132788]: [pid: 132788|app: 0|req: 41/79] 127.0.0.1 () {38 vars in 773 bytes} [Wed Jul 13 23:31:06 2022] GET /v2/images/77a1b029-a628-49d0-a5b4-d8063f021e60 => generated 650 bytes in 12 msecs (HTTP/1.1 200) 4 headers in 157 bytes (1 switches on core 0)
Jul 13 23:31:06 ubuntu devstack@g-api.service[132789]: DEBUG swiftclient [None req-2bcad960-ba47-47c2-bf52-c7d39f3effeb tempest-VolumesActionsTest-2096924884 tempest-VolumesActionsTest-2096924884-project] REQ: curl -i http://192.168.79.44:8080/v1/AUTH_871388eb6e01490c99459009d00f344c/glance/77a1b029-a628-49d0-a5b4-d8063f021e60-00001 -X PUT -H "X-Auth-Token: gAAAAABiz1W318oS..." {{(pid=132789) http_log /usr/local/lib/python3.8/dist-packages/swiftclient/client.py:157}}
Jul 13 23:31:06 ubuntu devstack@g-api.service[132789]: DEBUG swiftclient [None req-2bcad960-ba47-47c2-bf52-c7d39f3effeb tempest-VolumesActionsTest-2096924884 tempest-VolumesActionsTest-2096924884-project] RESP STATUS: 201 Created {{(pid=132789) http_log /usr/local/lib/python3.8/dist-packages/swiftclient/client.py:158}}
Jul 13 23:31:06 ubuntu devstack@g-api.service[132789]: DEBUG swiftclient [None req-2bcad960-ba47-47c2-bf52-c7d39f3effeb tempest-VolumesActionsTest-2096924884 tempest-VolumesActionsTest-2096924884-project] RESP HEADERS: {'Content-Type': 'text/html; charset=UTF-8', 'Content-Length': '0', 'Etag': 'eda9a9889837ac4bc81d6387d92c1bec', 'Last-Modified': 'Wed, 13 Jul 2022 23:31:04 GMT', 'X-Trans-Id': 'txd6ce98a26d1a469aab6b7-0062cf55b7', 'X-Openstack-Request-Id': 'txd6ce98a26d1a469aab6b7-0062cf55b7', 'Date': 'Wed, 13 Jul 2022 23:31:06 GMT'} {{(pid=132789) http_log /usr/local/lib/python3.8/dist-packages/swiftclient/client.py:159}}
Jul 13 23:31:06 ubuntu devstack@g-api.service[132789]: DEBUG glance_store._drivers.swift.store [None req-2bcad960-ba47-47c2-bf52-c7d39f3effeb tempest-VolumesActionsTest-2096924884 tempest-VolumesActionsTest-2096924884-project] Wrote chunk 77a1b029-a628-49d0-a5b4-d8063f021e60-00001 (1/?) of length 204800000 to Swift returning MD5 of content: eda9a9889837ac4bc81d6387d92c1bec {{(pid=132789) add /usr/local/lib/python3.8/dist-packages/glance_store/_drivers/swift/store.py:1025}}
Jul 13 23:31:07 ubuntu devstack@g-api.service[132788]: DEBUG glance.api.middleware.version_negotiation [None req-69a6545b-c2f4-43df-a37d-49c0aeefbebd tempest-VolumesActionsTest-2096924884 tempest-VolumesActionsTest-2096924884-project] Determining version of request: GET /v2/images/77a1b029-a628-49d0-a5b4-d8063f021e60 Accept: application/json {{(pid=132788) process_request /opt/stack/glance/glance/api/middleware/version_negotiation.py:44}}
Jul 13 23:31:07 ubuntu devstack@g-api.service[132788]: DEBUG glance.api.middleware.version_negotiation [None req-69a6545b-c2f4-43df-a37d-49c0aeefbebd tempest-VolumesActionsTest-2096924884 tempest-VolumesActionsTest-2096924884-project] Using url versioning {{(pid=132788) process_request /opt/stack/glance/glance/api/middleware/version_negotiation.py:57}}
Jul 13 23:31:07 ubuntu devstack@g-api.service[132788]: DEBUG glance.api.middleware.version_negotiation [None req-69a6545b-c2f4-43df-a37d-49c0aeefbebd tempest-VolumesActionsTest-2096924884 tempest-VolumesActionsTest-2096924884-project] Matched version: v2 {{(pid=132788) process_request /opt/stack/glance/glance/api/middleware/version_negotiation.py:69}}
Jul 13 23:31:07 ubuntu devstack@g-api.service[132788]: DEBUG glance.api.middleware.version_negotiation [None req-69a6545b-c2f4-43df-a37d-49c0aeefbebd tempest-VolumesActionsTest-2096924884 tempest-VolumesActionsTest-2096924884-project] new path /v2/images/77a1b029-a628-49d0-a5b4-d8063f021e60 {{(pid=132788) process_request /opt/stack/glance/glance/api/middleware/version_negotiation.py:70}}
Jul 13 23:31:07 ubuntu devstack@g-api.service[132788]: [pid: 132788|app: 0|req: 42/80] 127.0.0.1 () {38 vars in 773 bytes} [Wed Jul 13 23:31:07 2022] GET /v2/images/77a1b029-a628-49d0-a5b4-d8063f021e60 => generated 650 bytes in 15 msecs (HTTP/1.1 200) 4 headers in 157 bytes (1 switches on core 0)
Jul 13 23:31:08 ubuntu devstack@g-api.service[132788]: DEBUG glance.api.middleware.version_negotiation [None req-ee313a54-e8fa-40af-9da3-a7887e8e8b21 tempest-VolumesActionsTest-2096924884 tempest-VolumesActionsTest-2096924884-project] Determining version of request: GET /v2/images/77a1b029-a628-49d0-a5b4-d8063f021e60 Accept: application/json {{(pid=132788) process_request /opt/stack/glance/glance/api/middleware/version_negotiation.py:44}}
Jul 13 23:31:08 ubuntu devstack@g-api.service[132788]: DEBUG glance.api.middleware.version_negotiation [None req-ee313a54-e8fa-40af-9da3-a7887e8e8b21 tempest-VolumesActionsTest-2096924884 tempest-VolumesActionsTest-2096924884-project] Using url versioning {{(pid=132788) process_request /opt/stack/glance/glance/api/middleware/version_negotiation.py:57}}
Jul 13 23:31:08 ubuntu devstack@g-api.service[132788]: DEBUG glance.api.middleware.version_negotiation [None req-ee313a54-e8fa-40af-9da3-a7887e8e8b21 tempest-VolumesActionsTest-2096924884 tempest-VolumesActionsTest-2096924884-project] Matched version: v2 {{(pid=132788) process_request /opt/stack/glance/glance/api/middleware/version_negotiation.py:69}}
Jul 13 23:31:08 ubuntu devstack@g-api.service[132788]: DEBUG glance.api.middleware.version_negotiation [None req-ee313a54-e8fa-40af-9da3-a7887e8e8b21 tempest-VolumesActionsTest-2096924884 tempest-VolumesActionsTest-2096924884-project] new path /v2/images/77a1b029-a628-49d0-a5b4-d8063f021e60 {{(pid=132788) process_request /opt/stack/glance/glance/api/middleware/version_negotiation.py:70}}
Jul 13 23:31:08 ubuntu devstack@g-api.service[132788]: [pid: 132788|app: 0|req: 43/81] 127.0.0.1 () {38 vars in 773 bytes} [Wed Jul 13 23:31:08 2022] GET /v2/images/77a1b029-a628-49d0-a5b4-d8063f021e60 => generated 650 bytes in 17 msecs (HTTP/1.1 200) 4 headers in 157 bytes (1 switches on core 0)
Jul 13 23:31:09 ubuntu devstack@g-api.service[132789]: DEBUG swiftclient [None req-2bcad960-ba47-47c2-bf52-c7d39f3effeb tempest-VolumesActionsTest-2096924884 tempest-VolumesActionsTest-2096924884-project] REQ: curl -i http://192.168.79.44:8080/v1/AUTH_871388eb6e01490c99459009d00f344c/glance/77a1b029-a628-49d0-a5b4-d8063f021e60-00002 -X PUT -H "X-Auth-Token: gAAAAABiz1W318oS..." {{(pid=132789) http_log /usr/local/lib/python3.8/dist-packages/swiftclient/client.py:157}}
Jul 13 23:31:09 ubuntu devstack@g-api.service[132789]: DEBUG swiftclient [None req-2bcad960-ba47-47c2-bf52-c7d39f3effeb tempest-VolumesActionsTest-2096924884 tempest-VolumesActionsTest-2096924884-project] RESP STATUS: 201 Created {{(pid=132789) http_log /usr/local/lib/python3.8/dist-packages/swiftclient/client.py:158}}
Jul 13 23:31:09 ubuntu devstack@g-api.service[132789]: DEBUG swiftclient [None req-2bcad960-ba47-47c2-bf52-c7d39f3effeb tempest-VolumesActionsTest-2096924884 tempest-VolumesActionsTest-2096924884-project] RESP HEADERS: {'Content-Type': 'text/html; charset=UTF-8', 'Content-Length': '0', 'Etag': 'eda9a9889837ac4bc81d6387d92c1bec', 'Last-Modified': 'Wed, 13 Jul 2022 23:31:07 GMT', 'X-Trans-Id': 'tx145bc9cc288b4f8ab56dd-0062cf55ba', 'X-Openstack-Request-Id': 'tx145bc9cc288b4f8ab56dd-0062cf55ba', 'Date': 'Wed, 13 Jul 2022 23:31:09 GMT'} {{(pid=132789) http_log /usr/local/lib/python3.8/dist-packages/swiftclient/client.py:159}}
Jul 13 23:31:09 ubuntu devstack@g-api.service[132789]: DEBUG glance_store._drivers.swift.store [None req-2bcad960-ba47-47c2-bf52-c7d39f3effeb tempest-VolumesActionsTest-2096924884 tempest-VolumesActionsTest-2096924884-project] Wrote chunk 77a1b029-a628-49d0-a5b4-d8063f021e60-00002 (2/?) of length 204800000 to Swift returning MD5 of content: eda9a9889837ac4bc81d6387d92c1bec {{(pid=132789) add /usr/local/lib/python3.8/dist-packages/glance_store/_drivers/swift/store.py:1025}}
Jul 13 23:31:09 ubuntu devstack@g-api.service[132788]: DEBUG glance.api.middleware.version_negotiation [None req-61637d38-5688-48db-bed7-c5b4fd24e488 tempest-VolumesActionsTest-2096924884 tempest-VolumesActionsTest-2096924884-project] Determining version of request: GET /v2/images/77a1b029-a628-49d0-a5b4-d8063f021e60 Accept: application/json {{(pid=132788) process_request /opt/stack/glance/glance/api/middleware/version_negotiation.py:44}}
Jul 13 23:31:09 ubuntu devstack@g-api.service[132788]: DEBUG glance.api.middleware.version_negotiation [None req-61637d38-5688-48db-bed7-c5b4fd24e488 tempest-VolumesActionsTest-2096924884 tempest-VolumesActionsTest-2096924884-project] Using url versioning {{(pid=132788) process_request /opt/stack/glance/glance/api/middleware/version_negotiation.py:57}}
Jul 13 23:31:09 ubuntu devstack@g-api.service[132788]: DEBUG glance.api.middleware.version_negotiation [None req-61637d38-5688-48db-bed7-c5b4fd24e488 tempest-VolumesActionsTest-2096924884 tempest-VolumesActionsTest-2096924884-project] Matched version: v2 {{(pid=132788) process_request /opt/stack/glance/glance/api/middleware/version_negotiation.py:69}}
Jul 13 23:31:09 ubuntu devstack@g-api.service[132788]: DEBUG glance.api.middleware.version_negotiation [None req-61637d38-5688-48db-bed7-c5b4fd24e488 tempest-VolumesActionsTest-2096924884 tempest-VolumesActionsTest-2096924884-project] new path /v2/images/77a1b029-a628-49d0-a5b4-d8063f021e60 {{(pid=132788) process_request /opt/stack/glance/glance/api/middleware/version_negotiation.py:70}}
Jul 13 23:31:09 ubuntu devstack@g-api.service[132788]: [pid: 132788|app: 0|req: 44/82] 127.0.0.1 () {38 vars in 773 bytes} [Wed Jul 13 23:31:09 2022] GET /v2/images/77a1b029-a628-49d0-a5b4-d8063f021e60 => generated 650 bytes in 15 msecs (HTTP/1.1 200) 4 headers in 157 bytes (1 switches on core 0)
Jul 13 23:31:10 ubuntu devstack@g-api.service[132788]: DEBUG glance.api.middleware.version_negotiation [None req-43462475-405a-41ef-ac5f-61f8554fb86a tempest-VolumesActionsTest-2096924884 tempest-VolumesActionsTest-2096924884-project] Determining version of request: GET /v2/images/77a1b029-a628-49d0-a5b4-d8063f021e60 Accept: application/json {{(pid=132788) process_request /opt/stack/glance/glance/api/middleware/version_negotiation.py:44}}
Jul 13 23:31:10 ubuntu devstack@g-api.service[132788]: DEBUG glance.api.middleware.version_negotiation [None req-43462475-405a-41ef-ac5f-61f8554fb86a tempest-VolumesActionsTest-2096924884 tempest-VolumesActionsTest-2096924884-project] Using url versioning {{(pid=132788) process_request /opt/stack/glance/glance/api/middleware/version_negotiation.py:57}}
Jul 13 23:31:10 ubuntu devstack@g-api.service[132788]: DEBUG glance.api.middleware.version_negotiation [None req-43462475-405a-41ef-ac5f-61f8554fb86a tempest-VolumesActionsTest-2096924884 tempest-VolumesActionsTest-2096924884-project] Matched version: v2 {{(pid=132788) process_request /opt/stack/glance/glance/api/middleware/version_negotiation.py:69}}
Jul 13 23:31:10 ubuntu devstack@g-api.service[132788]: DEBUG glance.api.middleware.version_negotiation [None req-43462475-405a-41ef-ac5f-61f8554fb86a tempest-VolumesActionsTest-2096924884 tempest-VolumesActionsTest-2096924884-project] new path /v2/images/77a1b029-a628-49d0-a5b4-d8063f021e60 {{(pid=132788) process_request /opt/stack/glance/glance/api/middleware/version_negotiation.py:70}}
Jul 13 23:31:10 ubuntu devstack@g-api.service[132788]: [pid: 132788|app: 0|req: 45/83] 127.0.0.1 () {38 vars in 773 bytes} [Wed Jul 13 23:31:10 2022] GET /v2/images/77a1b029-a628-49d0-a5b4-d8063f021e60 => generated 650 bytes in 40 msecs (HTTP/1.1 200) 4 headers in 157 bytes (1 switches on core 0)
Jul 13 23:31:11 ubuntu devstack@g-api.service[132788]: DEBUG glance.api.middleware.version_negotiation [None req-596ecdfd-279c-43f8-88ac-102ecf0f52fb tempest-VolumesActionsTest-2096924884 tempest-VolumesActionsTest-2096924884-project] Determining version of request: GET /v2/images/77a1b029-a628-49d0-a5b4-d8063f021e60 Accept: application/json {{(pid=132788) process_request /opt/stack/glance/glance/api/middleware/version_negotiation.py:44}}
Jul 13 23:31:11 ubuntu devstack@g-api.service[132788]: DEBUG glance.api.middleware.version_negotiation [None req-596ecdfd-279c-43f8-88ac-102ecf0f52fb tempest-VolumesActionsTest-2096924884 tempest-VolumesActionsTest-2096924884-project] Using url versioning {{(pid=132788) process_request /opt/stack/glance/glance/api/middleware/version_negotiation.py:57}}
Jul 13 23:31:11 ubuntu devstack@g-api.service[132788]: DEBUG glance.api.middleware.version_negotiation [None req-596ecdfd-279c-43f8-88ac-102ecf0f52fb tempest-VolumesActionsTest-2096924884 tempest-VolumesActionsTest-2096924884-project] Matched version: v2 {{(pid=132788) process_request /opt/stack/glance/glance/api/middleware/version_negotiation.py:69}}
Jul 13 23:31:11 ubuntu devstack@g-api.service[132788]: DEBUG glance.api.middleware.version_negotiation [None req-596ecdfd-279c-43f8-88ac-102ecf0f52fb tempest-VolumesActionsTest-2096924884 tempest-VolumesActionsTest-2096924884-project] new path /v2/images/77a1b029-a628-49d0-a5b4-d8063f021e60 {{(pid=132788) process_request /opt/stack/glance/glance/api/middleware/version_negotiation.py:70}}
Jul 13 23:31:11 ubuntu devstack@g-api.service[132788]: [pid: 132788|app: 0|req: 46/84] 127.0.0.1 () {38 vars in 773 bytes} [Wed Jul 13 23:31:11 2022] GET /v2/images/77a1b029-a628-49d0-a5b4-d8063f021e60 => generated 650 bytes in 19 msecs (HTTP/1.1 200) 4 headers in 157 bytes (1 switches on core 0)
Jul 13 23:31:11 ubuntu devstack@g-api.service[132789]: DEBUG swiftclient [None req-2bcad960-ba47-47c2-bf52-c7d39f3effeb tempest-VolumesActionsTest-2096924884 tempest-VolumesActionsTest-2096924884-project] REQ: curl -i http://192.168.79.44:8080/v1/AUTH_871388eb6e01490c99459009d00f344c/glance/77a1b029-a628-49d0-a5b4-d8063f021e60-00003 -X PUT -H "X-Auth-Token: gAAAAABiz1W318oS..." {{(pid=132789) http_log /usr/local/lib/python3.8/dist-packages/swiftclient/client.py:157}}
Jul 13 23:31:11 ubuntu devstack@g-api.service[132789]: DEBUG swiftclient [None req-2bcad960-ba47-47c2-bf52-c7d39f3effeb tempest-VolumesActionsTest-2096924884 tempest-VolumesActionsTest-2096924884-project] RESP STATUS: 201 Created {{(pid=132789) http_log /usr/local/lib/python3.8/dist-packages/swiftclient/client.py:158}}
Jul 13 23:31:11 ubuntu devstack@g-api.service[132789]: DEBUG swiftclient [None req-2bcad960-ba47-47c2-bf52-c7d39f3effeb tempest-VolumesActionsTest-2096924884 tempest-VolumesActionsTest-2096924884-project] RESP HEADERS: {'Content-Type': 'text/html; charset=UTF-8', 'Content-Length': '0', 'Etag': 'eda9a9889837ac4bc81d6387d92c1bec', 'Last-Modified': 'Wed, 13 Jul 2022 23:31:10 GMT', 'X-Trans-Id': 'txf5d7dc0299e443f8b75f3-0062cf55bd', 'X-Openstack-Request-Id': 'txf5d7dc0299e443f8b75f3-0062cf55bd', 'Date': 'Wed, 13 Jul 2022 23:31:11 GMT'} {{(pid=132789) http_log /usr/local/lib/python3.8/dist-packages/swiftclient/client.py:159}}
Jul 13 23:31:11 ubuntu devstack@g-api.service[132789]: DEBUG glance_store._drivers.swift.store [None req-2bcad960-ba47-47c2-bf52-c7d39f3effeb tempest-VolumesActionsTest-2096924884 tempest-VolumesActionsTest-2096924884-project] Wrote chunk 77a1b029-a628-49d0-a5b4-d8063f021e60-00003 (3/?) of length 204800000 to Swift returning MD5 of content: eda9a9889837ac4bc81d6387d92c1bec {{(pid=132789) add /usr/local/lib/python3.8/dist-packages/glance_store/_drivers/swift/store.py:1025}}
Jul 13 23:31:12 ubuntu devstack@g-api.service[132788]: DEBUG glance.api.middleware.version_negotiation [None req-a066014e-c95d-4ea1-a54b-1fa208db4343 tempest-VolumesActionsTest-2096924884 tempest-VolumesActionsTest-2096924884-project] Determining version of request: GET /v2/images/77a1b029-a628-49d0-a5b4-d8063f021e60 Accept: application/json {{(pid=132788) process_request /opt/stack/glance/glance/api/middleware/version_negotiation.py:44}}
Jul 13 23:31:12 ubuntu devstack@g-api.service[132788]: DEBUG glance.api.middleware.version_negotiation [None req-a066014e-c95d-4ea1-a54b-1fa208db4343 tempest-VolumesActionsTest-2096924884 tempest-VolumesActionsTest-2096924884-project] Using url versioning {{(pid=132788) process_request /opt/stack/glance/glance/api/middleware/version_negotiation.py:57}}
Jul 13 23:31:12 ubuntu devstack@g-api.service[132788]: DEBUG glance.api.middleware.version_negotiation [None req-a066014e-c95d-4ea1-a54b-1fa208db4343 tempest-VolumesActionsTest-2096924884 tempest-VolumesActionsTest-2096924884-project] Matched version: v2 {{(pid=132788) process_request /opt/stack/glance/glance/api/middleware/version_negotiation.py:69}}
Jul 13 23:31:12 ubuntu devstack@g-api.service[132788]: DEBUG glance.api.middleware.version_negotiation [None req-a066014e-c95d-4ea1-a54b-1fa208db4343 tempest-VolumesActionsTest-2096924884 tempest-VolumesActionsTest-2096924884-project] new path /v2/images/77a1b029-a628-49d0-a5b4-d8063f021e60 {{(pid=132788) process_request /opt/stack/glance/glance/api/middleware/version_negotiation.py:70}}
Jul 13 23:31:12 ubuntu devstack@g-api.service[132788]: [pid: 132788|app: 0|req: 47/85] 127.0.0.1 () {38 vars in 773 bytes} [Wed Jul 13 23:31:12 2022] GET /v2/images/77a1b029-a628-49d0-a5b4-d8063f021e60 => generated 650 bytes in 17 msecs (HTTP/1.1 200) 4 headers in 157 bytes (1 switches on core 0)
Jul 13 23:31:13 ubuntu devstack@g-api.service[132789]: DEBUG dbcounter [-] [132789] Writing DB stats glance:SELECT=38,glance:INSERT=1,glance:UPDATE=1 {{(pid=132789) stat_writer /usr/local/lib/python3.8/dist-packages/dbcounter.py:114}}
Jul 13 23:31:13 ubuntu devstack@g-api.service[132788]: DEBUG glance.api.middleware.version_negotiation [None req-ac258ac2-4f02-460f-ab3e-48d502ca1efd tempest-VolumesActionsTest-2096924884 tempest-VolumesActionsTest-2096924884-project] Determining version of request: GET /v2/images/77a1b029-a628-49d0-a5b4-d8063f021e60 Accept: application/json {{(pid=132788) process_request /opt/stack/glance/glance/api/middleware/version_negotiation.py:44}}
Jul 13 23:31:13 ubuntu devstack@g-api.service[132788]: DEBUG glance.api.middleware.version_negotiation [None req-ac258ac2-4f02-460f-ab3e-48d502ca1efd tempest-VolumesActionsTest-2096924884 tempest-VolumesActionsTest-2096924884-project] Using url versioning {{(pid=132788) process_request /opt/stack/glance/glance/api/middleware/version_negotiation.py:57}}
Jul 13 23:31:13 ubuntu devstack@g-api.service[132788]: DEBUG glance.api.middleware.version_negotiation [None req-ac258ac2-4f02-460f-ab3e-48d502ca1efd tempest-VolumesActionsTest-2096924884 tempest-VolumesActionsTest-2096924884-project] Matched version: v2 {{(pid=132788) process_request /opt/stack/glance/glance/api/middleware/version_negotiation.py:69}}
Jul 13 23:31:13 ubuntu devstack@g-api.service[132788]: DEBUG glance.api.middleware.version_negotiation [None req-ac258ac2-4f02-460f-ab3e-48d502ca1efd tempest-VolumesActionsTest-2096924884 tempest-VolumesActionsTest-2096924884-project] new path /v2/images/77a1b029-a628-49d0-a5b4-d8063f021e60 {{(pid=132788) process_request /opt/stack/glance/glance/api/middleware/version_negotiation.py:70}}
Jul 13 23:31:13 ubuntu devstack@g-api.service[132788]: [pid: 132788|app: 0|req: 48/86] 127.0.0.1 () {38 vars in 773 bytes} [Wed Jul 13 23:31:13 2022] GET /v2/images/77a1b029-a628-49d0-a5b4-d8063f021e60 => generated 650 bytes in 36 msecs (HTTP/1.1 200) 4 headers in 157 bytes (1 switches on core 0)
Jul 13 23:31:14 ubuntu devstack@g-api.service[132789]: DEBUG swiftclient [None req-2bcad960-ba47-47c2-bf52-c7d39f3effeb tempest-VolumesActionsTest-2096924884 tempest-VolumesActionsTest-2096924884-project] REQ: curl -i http://192.168.79.44:8080/v1/AUTH_871388eb6e01490c99459009d00f344c/glance/77a1b029-a628-49d0-a5b4-d8063f021e60-00004 -X PUT -H "X-Auth-Token: gAAAAABiz1W318oS..." {{(pid=132789) http_log /usr/local/lib/python3.8/dist-packages/swiftclient/client.py:157}}
Jul 13 23:31:14 ubuntu devstack@g-api.service[132789]: DEBUG swiftclient [None req-2bcad960-ba47-47c2-bf52-c7d39f3effeb tempest-VolumesActionsTest-2096924884 tempest-VolumesActionsTest-2096924884-project] RESP STATUS: 201 Created {{(pid=132789) http_log /usr/local/lib/python3.8/dist-packages/swiftclient/client.py:158}}
Jul 13 23:31:14 ubuntu devstack@g-api.service[132789]: DEBUG swiftclient [None req-2bcad960-ba47-47c2-bf52-c7d39f3effeb tempest-VolumesActionsTest-2096924884 tempest-VolumesActionsTest-2096924884-project] RESP HEADERS: {'Content-Type': 'text/html; charset=UTF-8', 'Content-Length': '0', 'Etag': 'eda9a9889837ac4bc81d6387d92c1bec', 'Last-Modified': 'Wed, 13 Jul 2022 23:31:12 GMT', 'X-Trans-Id': 'txcfc42b8acd1b4515a6644-0062cf55bf', 'X-Openstack-Request-Id': 'txcfc42b8acd1b4515a6644-0062cf55bf', 'Date': 'Wed, 13 Jul 2022 23:31:14 GMT'} {{(pid=132789) http_log /usr/local/lib/python3.8/dist-packages/swiftclient/client.py:159}}
Jul 13 23:31:14 ubuntu devstack@g-api.service[132789]: DEBUG glance_store._drivers.swift.store [None req-2bcad960-ba47-47c2-bf52-c7d39f3effeb tempest-VolumesActionsTest-2096924884 tempest-VolumesActionsTest-2096924884-project] Wrote chunk 77a1b029-a628-49d0-a5b4-d8063f021e60-00004 (4/?) of length 204800000 to Swift returning MD5 of content: eda9a9889837ac4bc81d6387d92c1bec {{(pid=132789) add /usr/local/lib/python3.8/dist-packages/glance_store/_drivers/swift/store.py:1025}}
Jul 13 23:31:14 ubuntu devstack@g-api.service[132788]: DEBUG glance.api.middleware.version_negotiation [None req-c4764837-07ac-4c5c-80dc-e5191a789c2e tempest-VolumesActionsTest-2096924884 tempest-VolumesActionsTest-2096924884-project] Determining version of request: GET /v2/images/77a1b029-a628-49d0-a5b4-d8063f021e60 Accept: application/json {{(pid=132788) process_request /opt/stack/glance/glance/api/middleware/version_negotiation.py:44}}
Jul 13 23:31:14 ubuntu devstack@g-api.service[132788]: DEBUG glance.api.middleware.version_negotiation [None req-c4764837-07ac-4c5c-80dc-e5191a789c2e tempest-VolumesActionsTest-2096924884 tempest-VolumesActionsTest-2096924884-project] Using url versioning {{(pid=132788) process_request /opt/stack/glance/glance/api/middleware/version_negotiation.py:57}}
Jul 13 23:31:14 ubuntu devstack@g-api.service[132788]: DEBUG glance.api.middleware.version_negotiation [None req-c4764837-07ac-4c5c-80dc-e5191a789c2e tempest-VolumesActionsTest-2096924884 tempest-VolumesActionsTest-2096924884-project] Matched version: v2 {{(pid=132788) process_request /opt/stack/glance/glance/api/middleware/version_negotiation.py:69}}
Jul 13 23:31:14 ubuntu devstack@g-api.service[132788]: DEBUG glance.api.middleware.version_negotiation [None req-c4764837-07ac-4c5c-80dc-e5191a789c2e tempest-VolumesActionsTest-2096924884 tempest-VolumesActionsTest-2096924884-project] new path /v2/images/77a1b029-a628-49d0-a5b4-d8063f021e60 {{(pid=132788) process_request /opt/stack/glance/glance/api/middleware/version_negotiation.py:70}}
Jul 13 23:31:14 ubuntu devstack@g-api.service[132788]: [pid: 132788|app: 0|req: 49/87] 127.0.0.1 () {38 vars in 773 bytes} [Wed Jul 13 23:31:14 2022] GET /v2/images/77a1b029-a628-49d0-a5b4-d8063f021e60 => generated 650 bytes in 14 msecs (HTTP/1.1 200) 4 headers in 157 bytes (1 switches on core 0)
Jul 13 23:31:15 ubuntu devstack@g-api.service[132788]: DEBUG glance.api.middleware.version_negotiation [None req-02278c6f-680a-468b-8cbf-e861b8b3c281 tempest-VolumesActionsTest-2096924884 tempest-VolumesActionsTest-2096924884-project] Determining version of request: GET /v2/images/77a1b029-a628-49d0-a5b4-d8063f021e60 Accept: application/json {{(pid=132788) process_request /opt/stack/glance/glance/api/middleware/version_negotiation.py:44}}
Jul 13 23:31:15 ubuntu devstack@g-api.service[132788]: DEBUG glance.api.middleware.version_negotiation [None req-02278c6f-680a-468b-8cbf-e861b8b3c281 tempest-VolumesActionsTest-2096924884 tempest-VolumesActionsTest-2096924884-project] Using url versioning {{(pid=132788) process_request /opt/stack/glance/glance/api/middleware/version_negotiation.py:57}}
Jul 13 23:31:15 ubuntu devstack@g-api.service[132788]: DEBUG glance.api.middleware.version_negotiation [None req-02278c6f-680a-468b-8cbf-e861b8b3c281 tempest-VolumesActionsTest-2096924884 tempest-VolumesActionsTest-2096924884-project] Matched version: v2 {{(pid=132788) process_request /opt/stack/glance/glance/api/middleware/version_negotiation.py:69}}
Jul 13 23:31:15 ubuntu devstack@g-api.service[132788]: DEBUG glance.api.middleware.version_negotiation [None req-02278c6f-680a-468b-8cbf-e861b8b3c281 tempest-VolumesActionsTest-2096924884 tempest-VolumesActionsTest-2096924884-project] new path /v2/images/77a1b029-a628-49d0-a5b4-d8063f021e60 {{(pid=132788) process_request /opt/stack/glance/glance/api/middleware/version_negotiation.py:70}}
Jul 13 23:31:15 ubuntu devstack@g-api.service[132788]: [pid: 132788|app: 0|req: 50/88] 127.0.0.1 () {38 vars in 773 bytes} [Wed Jul 13 23:31:15 2022] GET /v2/images/77a1b029-a628-49d0-a5b4-d8063f021e60 => generated 650 bytes in 17 msecs (HTTP/1.1 200) 4 headers in 157 bytes (1 switches on core 0)
Jul 13 23:31:16 ubuntu devstack@g-api.service[132788]: DEBUG glance.api.middleware.version_negotiation [None req-22cb5a85-3867-469b-952c-563889c3cbbf tempest-VolumesActionsTest-2096924884 tempest-VolumesActionsTest-2096924884-project] Determining version of request: GET /v2/images/77a1b029-a628-49d0-a5b4-d8063f021e60 Accept: application/json {{(pid=132788) process_request /opt/stack/glance/glance/api/middleware/version_negotiation.py:44}}
Jul 13 23:31:16 ubuntu devstack@g-api.service[132788]: DEBUG glance.api.middleware.version_negotiation [None req-22cb5a85-3867-469b-952c-563889c3cbbf tempest-VolumesActionsTest-2096924884 tempest-VolumesActionsTest-2096924884-project] Using url versioning {{(pid=132788) process_request /opt/stack/glance/glance/api/middleware/version_negotiation.py:57}}
Jul 13 23:31:16 ubuntu devstack@g-api.service[132788]: DEBUG glance.api.middleware.version_negotiation [None req-22cb5a85-3867-469b-952c-563889c3cbbf tempest-VolumesActionsTest-2096924884 tempest-VolumesActionsTest-2096924884-project] Matched version: v2 {{(pid=132788) process_request /opt/stack/glance/glance/api/middleware/version_negotiation.py:69}}
Jul 13 23:31:16 ubuntu devstack@g-api.service[132788]: DEBUG glance.api.middleware.version_negotiation [None req-22cb5a85-3867-469b-952c-563889c3cbbf tempest-VolumesActionsTest-2096924884 tempest-VolumesActionsTest-2096924884-project] new path /v2/images/77a1b029-a628-49d0-a5b4-d8063f021e60 {{(pid=132788) process_request /opt/stack/glance/glance/api/middleware/version_negotiation.py:70}}
Jul 13 23:31:16 ubuntu devstack@g-api.service[132788]: [pid: 132788|app: 0|req: 51/89] 127.0.0.1 () {38 vars in 773 bytes} [Wed Jul 13 23:31:16 2022] GET /v2/images/77a1b029-a628-49d0-a5b4-d8063f021e60 => generated 650 bytes in 18 msecs (HTTP/1.1 200) 4 headers in 157 bytes (1 switches on core 0)
Jul 13 23:31:17 ubuntu devstack@g-api.service[132789]: DEBUG swiftclient [None req-2bcad960-ba47-47c2-bf52-c7d39f3effeb tempest-VolumesActionsTest-2096924884 tempest-VolumesActionsTest-2096924884-project] REQ: curl -i http://192.168.79.44:8080/v1/AUTH_871388eb6e01490c99459009d00f344c/glance/77a1b029-a628-49d0-a5b4-d8063f021e60-00005 -X PUT -H "X-Auth-Token: gAAAAABiz1W318oS..." {{(pid=132789) http_log /usr/local/lib/python3.8/dist-packages/swiftclient/client.py:157}}
Jul 13 23:31:17 ubuntu devstack@g-api.service[132789]: DEBUG swiftclient [None req-2bcad960-ba47-47c2-bf52-c7d39f3effeb tempest-VolumesActionsTest-2096924884 tempest-VolumesActionsTest-2096924884-project] RESP STATUS: 201 Created {{(pid=132789) http_log /usr/local/lib/python3.8/dist-packages/swiftclient/client.py:158}}
Jul 13 23:31:17 ubuntu devstack@g-api.service[132789]: DEBUG swiftclient [None req-2bcad960-ba47-47c2-bf52-c7d39f3effeb tempest-VolumesActionsTest-2096924884 tempest-VolumesActionsTest-2096924884-project] RESP HEADERS: {'Content-Type': 'text/html; charset=UTF-8', 'Content-Length': '0', 'Etag': 'eda9a9889837ac4bc81d6387d92c1bec', 'Last-Modified': 'Wed, 13 Jul 2022 23:31:15 GMT', 'X-Trans-Id': 'tx4e4cc0413a934b3b95084-0062cf55c2', 'X-Openstack-Request-Id': 'tx4e4cc0413a934b3b95084-0062cf55c2', 'Date': 'Wed, 13 Jul 2022 23:31:17 GMT'} {{(pid=132789) http_log /usr/local/lib/python3.8/dist-packages/swiftclient/client.py:159}}
Jul 13 23:31:17 ubuntu devstack@g-api.service[132789]: DEBUG glance_store._drivers.swift.store [None req-2bcad960-ba47-47c2-bf52-c7d39f3effeb tempest-VolumesActionsTest-2096924884 tempest-VolumesActionsTest-2096924884-project] Wrote chunk 77a1b029-a628-49d0-a5b4-d8063f021e60-00005 (5/?) of length 204800000 to Swift returning MD5 of content: eda9a9889837ac4bc81d6387d92c1bec {{(pid=132789) add /usr/local/lib/python3.8/dist-packages/glance_store/_drivers/swift/store.py:1025}}
Jul 13 23:31:17 ubuntu devstack@g-api.service[132788]: DEBUG glance.api.middleware.version_negotiation [None req-156a2af2-eccc-42c4-9f96-252d5f5956c3 tempest-VolumesActionsTest-2096924884 tempest-VolumesActionsTest-2096924884-project] Determining version of request: GET /v2/images/77a1b029-a628-49d0-a5b4-d8063f021e60 Accept: application/json {{(pid=132788) process_request /opt/stack/glance/glance/api/middleware/version_negotiation.py:44}}
Jul 13 23:31:17 ubuntu devstack@g-api.service[132788]: DEBUG glance.api.middleware.version_negotiation [None req-156a2af2-eccc-42c4-9f96-252d5f5956c3 tempest-VolumesActionsTest-2096924884 tempest-VolumesActionsTest-2096924884-project] Using url versioning {{(pid=132788) process_request /opt/stack/glance/glance/api/middleware/version_negotiation.py:57}}
Jul 13 23:31:17 ubuntu devstack@g-api.service[132789]: DEBUG swiftclient [None req-2bcad960-ba47-47c2-bf52-c7d39f3effeb tempest-VolumesActionsTest-2096924884 tempest-VolumesActionsTest-2096924884-project] REQ: curl -i http://192.168.79.44:8080/v1/AUTH_871388eb6e01490c99459009d00f344c/glance/77a1b029-a628-49d0-a5b4-d8063f021e60-00006 -X PUT -H "X-Auth-Token: gAAAAABiz1W318oS..." {{(pid=132789) http_log /usr/local/lib/python3.8/dist-packages/swiftclient/client.py:157}}
Jul 13 23:31:17 ubuntu devstack@g-api.service[132789]: DEBUG swiftclient [None req-2bcad960-ba47-47c2-bf52-c7d39f3effeb tempest-VolumesActionsTest-2096924884 tempest-VolumesActionsTest-2096924884-project] RESP STATUS: 201 Created {{(pid=132789) http_log /usr/local/lib/python3.8/dist-packages/swiftclient/client.py:158}}
Jul 13 23:31:17 ubuntu devstack@g-api.service[132788]: DEBUG glance.api.middleware.version_negotiation [None req-156a2af2-eccc-42c4-9f96-252d5f5956c3 tempest-VolumesActionsTest-2096924884 tempest-VolumesActionsTest-2096924884-project] Matched version: v2 {{(pid=132788) process_request /opt/stack/glance/glance/api/middleware/version_negotiation.py:69}}
Jul 13 23:31:17 ubuntu devstack@g-api.service[132789]: DEBUG swiftclient [None req-2bcad960-ba47-47c2-bf52-c7d39f3effeb tempest-VolumesActionsTest-2096924884 tempest-VolumesActionsTest-2096924884-project] RESP HEADERS: {'Content-Type': 'text/html; charset=UTF-8', 'Content-Length': '0', 'Etag': '708761f3b8777ec77058e63da08eeeb6', 'Last-Modified': 'Wed, 13 Jul 2022 23:31:18 GMT', 'X-Trans-Id': 'tx6bd799c29f744b04a2661-0062cf55c5', 'X-Openstack-Request-Id': 'tx6bd799c29f744b04a2661-0062cf55c5', 'Date': 'Wed, 13 Jul 2022 23:31:17 GMT'} {{(pid=132789) http_log /usr/local/lib/python3.8/dist-packages/swiftclient/client.py:159}}
Jul 13 23:31:17 ubuntu devstack@g-api.service[132789]: DEBUG glance_store._drivers.swift.store [None req-2bcad960-ba47-47c2-bf52-c7d39f3effeb tempest-VolumesActionsTest-2096924884 tempest-VolumesActionsTest-2096924884-project] Wrote chunk 77a1b029-a628-49d0-a5b4-d8063f021e60-00006 (6/?) of length 49741824 to Swift returning MD5 of content: 708761f3b8777ec77058e63da08eeeb6 {{(pid=132789) add /usr/local/lib/python3.8/dist-packages/glance_store/_drivers/swift/store.py:1025}}
Jul 13 23:31:17 ubuntu devstack@g-api.service[132788]: DEBUG glance.api.middleware.version_negotiation [None req-156a2af2-eccc-42c4-9f96-252d5f5956c3 tempest-VolumesActionsTest-2096924884 tempest-VolumesActionsTest-2096924884-project] new path /v2/images/77a1b029-a628-49d0-a5b4-d8063f021e60 {{(pid=132788) process_request /opt/stack/glance/glance/api/middleware/version_negotiation.py:70}}
Jul 13 23:31:17 ubuntu devstack@g-api.service[132789]: DEBUG glance_store._drivers.swift.store [None req-2bcad960-ba47-47c2-bf52-c7d39f3effeb tempest-VolumesActionsTest-2096924884 tempest-VolumesActionsTest-2096924884-project] Not writing zero-length chunk. {{(pid=132789) add /usr/local/lib/python3.8/dist-packages/glance_store/_drivers/swift/store.py:994}}
Jul 13 23:31:17 ubuntu devstack@g-api.service[132788]: [pid: 132788|app: 0|req: 52/90] 127.0.0.1 () {38 vars in 773 bytes} [Wed Jul 13 23:31:17 2022] GET /v2/images/77a1b029-a628-49d0-a5b4-d8063f021e60 => generated 650 bytes in 21 msecs (HTTP/1.1 200) 4 headers in 157 bytes (1 switches on core 0)
Jul 13 23:31:17 ubuntu devstack@g-api.service[132789]: DEBUG swiftclient [None req-2bcad960-ba47-47c2-bf52-c7d39f3effeb tempest-VolumesActionsTest-2096924884 tempest-VolumesActionsTest-2096924884-project] REQ: curl -i http://192.168.79.44:8080/v1/AUTH_871388eb6e01490c99459009d00f344c/glance/77a1b029-a628-49d0-a5b4-d8063f021e60 -X PUT -H "X-Object-Manifest: glance/77a1b029-a628-49d0-a5b4-d8063f021e60-" -H "X-Auth-Token: gAAAAABiz1W318oS..." -H "Content-Length: 0" {{(pid=132789) http_log /usr/local/lib/python3.8/dist-packages/swiftclient/client.py:157}}
Jul 13 23:31:17 ubuntu devstack@g-api.service[132789]: DEBUG swiftclient [None req-2bcad960-ba47-47c2-bf52-c7d39f3effeb tempest-VolumesActionsTest-2096924884 tempest-VolumesActionsTest-2096924884-project] RESP STATUS: 201 Created {{(pid=132789) http_log /usr/local/lib/python3.8/dist-packages/swiftclient/client.py:158}}
