Jul 27 18:10:35 ubuntu devstack@g-api.service[145093]: DEBUG swiftclient [None req-cea3c0f5-2861-4bbf-96fe-78725b5fac4e admin admin] RESP HEADERS: {'Content-Type': 'text/html; charset=UTF-8', 'Content-Length': '0', 'Etag': '1d3062cd89af34e419f7100277f38b2b', 'Last-Modified': 'Wed, 27 Jul 2022 18:10:36 GMT', 'X-Trans-Id': 'tx077a25d9500b4847ba7f5-0062e17f9b', 'X-Openstack-Request-Id': 'tx077a25d9500b4847ba7f5-0062e17f9b', 'Date': 'Wed, 27 Jul 2022 18:10:35 GMT'} {{(pid=145093) http_log /usr/local/lib/python3.8/dist-packages/swiftclient/client.py:159}}
Jul 27 18:10:35 ubuntu devstack@g-api.service[145093]: INFO glance.location [None req-cea3c0f5-2861-4bbf-96fe-78725b5fac4e admin admin] Image format matched and virtual size computed: 117440512
Jul 27 18:10:36 ubuntu devstack@g-api.service[145093]: DEBUG glance_store.backend [None req-cea3c0f5-2861-4bbf-96fe-78725b5fac4e admin admin] Attempting to import store swift {{(pid=145093) _load_store /usr/local/lib/python3.8/dist-packages/glance_store/backend.py:216}}
Jul 27 18:10:36 ubuntu devstack@g-api.service[145093]: DEBUG glance_store.capabilities [None req-cea3c0f5-2861-4bbf-96fe-78725b5fac4e admin admin] Store glance_store._drivers.swift.store.SingleTenantStore doesn't support updating dynamic storage capabilities. Please overwrite 'update_capabilities' method of the store to implement updating logics if needed. {{(pid=145093) update_capabilities /usr/local/lib/python3.8/dist-packages/glance_store/capabilities.py:91}}
Jul 27 18:10:36 ubuntu devstack@g-api.service[145093]: DEBUG glance_store.driver [None req-cea3c0f5-2861-4bbf-96fe-78725b5fac4e admin admin] Late loading location class glance_store._drivers.swift.store.StoreLocation {{(pid=145093) get_store_location_class /usr/local/lib/python3.8/dist-packages/glance_store/driver.py:116}}
Jul 27 18:10:36 ubuntu devstack@g-api.service[145093]: DEBUG glance_store.location [None req-cea3c0f5-2861-4bbf-96fe-78725b5fac4e admin admin] Registering scheme swift+https with {'store': <glance_store._drivers.swift.store.SingleTenantStore object at 0x7f710a767220>, 'location_class': <class 'glance_store._drivers.swift.store.StoreLocation'>, 'store_entry': 'swift'} {{(pid=145093) register_scheme_map /usr/local/lib/python3.8/dist-packages/glance_store/location.py:146}}
Jul 27 18:10:36 ubuntu devstack@g-api.service[145093]: DEBUG glance_store.location [None req-cea3c0f5-2861-4bbf-96fe-78725b5fac4e admin admin] Registering scheme swift+https with {'store': <glance_store._drivers.swift.store.SingleTenantStore object at 0x7f710a767220>, 'location_class': <class 'glance_store._drivers.swift.store.StoreLocation'>, 'store_entry': 'swift'} {{(pid=145093) register_scheme_map /usr/local/lib/python3.8/dist-packages/glance_store/location.py:146}}
Jul 27 18:10:36 ubuntu devstack@g-api.service[145093]: DEBUG glance_store.location [None req-cea3c0f5-2861-4bbf-96fe-78725b5fac4e admin admin] Registering scheme swift with {'store': <glance_store._drivers.swift.store.SingleTenantStore object at 0x7f710a767220>, 'location_class': <class 'glance_store._drivers.swift.store.StoreLocation'>, 'store_entry': 'swift'} {{(pid=145093) register_scheme_map /usr/local/lib/python3.8/dist-packages/glance_store/location.py:146}}
Jul 27 18:10:36 ubuntu devstack@g-api.service[145093]: DEBUG glance_store.location [None req-cea3c0f5-2861-4bbf-96fe-78725b5fac4e admin admin] Registering scheme swift+https with {'store': <glance_store._drivers.swift.store.SingleTenantStore object at 0x7f710a767220>, 'location_class': <class 'glance_store._drivers.swift.store.StoreLocation'>, 'store_entry': 'swift'} {{(pid=145093) register_scheme_map /usr/local/lib/python3.8/dist-packages/glance_store/location.py:146}}
Jul 27 18:10:36 ubuntu devstack@g-api.service[145093]: DEBUG glance_store.location [None req-cea3c0f5-2861-4bbf-96fe-78725b5fac4e admin admin] Registering scheme swift with {'store': <glance_store._drivers.swift.store.SingleTenantStore object at 0x7f710a767220>, 'location_class': <class 'glance_store._drivers.swift.store.StoreLocation'>, 'store_entry': 'swift'} {{(pid=145093) register_scheme_map /usr/local/lib/python3.8/dist-packages/glance_store/location.py:146}}
Jul 27 18:10:36 ubuntu devstack@g-api.service[145093]: DEBUG glance_store.location [None req-cea3c0f5-2861-4bbf-96fe-78725b5fac4e admin admin] Registering scheme swift+http with {'store': <glance_store._drivers.swift.store.SingleTenantStore object at 0x7f710a767220>, 'location_class': <class 'glance_store._drivers.swift.store.StoreLocation'>, 'store_entry': 'swift'} {{(pid=145093) register_scheme_map /usr/local/lib/python3.8/dist-packages/glance_store/location.py:146}}
Jul 27 18:10:36 ubuntu devstack@g-api.service[145093]: DEBUG glance_store.location [None req-cea3c0f5-2861-4bbf-96fe-78725b5fac4e admin admin] Registering scheme swift+https with {'store': <glance_store._drivers.swift.store.SingleTenantStore object at 0x7f710a767220>, 'location_class': <class 'glance_store._drivers.swift.store.StoreLocation'>, 'store_entry': 'swift'} {{(pid=145093) register_scheme_map /usr/local/lib/python3.8/dist-packages/glance_store/location.py:146}}
Jul 27 18:10:36 ubuntu devstack@g-api.service[145093]: DEBUG glance_store.location [None req-cea3c0f5-2861-4bbf-96fe-78725b5fac4e admin admin] Registering scheme swift with {'store': <glance_store._drivers.swift.store.SingleTenantStore object at 0x7f710a767220>, 'location_class': <class 'glance_store._drivers.swift.store.StoreLocation'>, 'store_entry': 'swift'} {{(pid=145093) register_scheme_map /usr/local/lib/python3.8/dist-packages/glance_store/location.py:146}}
Jul 27 18:10:36 ubuntu devstack@g-api.service[145093]: DEBUG glance_store.location [None req-cea3c0f5-2861-4bbf-96fe-78725b5fac4e admin admin] Registering scheme swift+http with {'store': <glance_store._drivers.swift.store.SingleTenantStore object at 0x7f710a767220>, 'location_class': <class 'glance_store._drivers.swift.store.StoreLocation'>, 'store_entry': 'swift'} {{(pid=145093) register_scheme_map /usr/local/lib/python3.8/dist-packages/glance_store/location.py:146}}
Jul 27 18:10:36 ubuntu devstack@g-api.service[145093]: DEBUG glance_store.location [None req-cea3c0f5-2861-4bbf-96fe-78725b5fac4e admin admin] Registering scheme swift+config with {'store': <glance_store._drivers.swift.store.SingleTenantStore object at 0x7f710a767220>, 'location_class': <class 'glance_store._drivers.swift.store.StoreLocation'>, 'store_entry': 'swift'} {{(pid=145093) register_scheme_map /usr/local/lib/python3.8/dist-packages/glance_store/location.py:146}}
Jul 27 18:10:36 ubuntu devstack@g-api.service[145093]: DEBUG glance_store.backend [None req-cea3c0f5-2861-4bbf-96fe-78725b5fac4e admin admin] Skipping store.set_acls... not implemented. {{(pid=145093) set_acls /usr/local/lib/python3.8/dist-packages/glance_store/backend.py:508}}
Jul 27 18:10:36 ubuntu devstack@g-api.service[145093]: [pid: 145093|app: 0|req: 3/4] 127.0.0.1 () {40 vars in 862 bytes} [Wed Jul 27 18:10:32 2022] PUT /v2/images/721e3ae5-4f1e-48cc-84b1-b25d21479667/file => generated 0 bytes in 3106 msecs (HTTP/1.1 204) 4 headers in 171 bytes (1 switches on core 0)
Jul 27 18:10:42 ubuntu devstack@g-api.service[145095]: DEBUG dbcounter [-] [145095] Writing DB stats glance:SELECT=9,glance:INSERT=5 {{(pid=145095) stat_writer /usr/local/lib/python3.8/dist-packages/dbcounter.py:114}}
Jul 27 18:10:45 ubuntu devstack@g-api.service[145093]: DEBUG dbcounter [-] [145093] Writing DB stats glance:SELECT=28,glance:UPDATE=2,glance:INSERT=1 {{(pid=145093) stat_writer /usr/local/lib/python3.8/dist-packages/dbcounter.py:114}}
Jul 27 18:11:20 ubuntu devstack@g-api.service[145095]: DEBUG glance.api.middleware.version_negotiation [None req-65dfe3e3-3b84-4843-9773-4c4c65013fb0 admin admin] Determining version of request: GET / Accept: application/json {{(pid=145095) process_request /opt/stack/glance/glance/api/middleware/version_negotiation.py:44}}
Jul 27 18:11:20 ubuntu devstack@g-api.service[145095]: DEBUG glance.api.middleware.version_negotiation [None req-65dfe3e3-3b84-4843-9773-4c4c65013fb0 admin admin] Using url versioning {{(pid=145095) process_request /opt/stack/glance/glance/api/middleware/version_negotiation.py:57}}
Jul 27 18:11:20 ubuntu devstack@g-api.service[145095]: DEBUG glance.api.middleware.version_negotiation [None req-65dfe3e3-3b84-4843-9773-4c4c65013fb0 admin admin] Unknown version. Returning version choices. {{(pid=145095) process_request /opt/stack/glance/glance/api/middleware/version_negotiation.py:64}}
Jul 27 18:11:20 ubuntu devstack@g-api.service[145095]: [pid: 145095|app: 0|req: 2/5] 127.0.0.1 () {34 vars in 506 bytes} [Wed Jul 27 18:11:20 2022] GET / => generated 1323 bytes in 6 msecs (HTTP/1.1 300) 3 headers in 106 bytes (1 switches on core 0)
Jul 27 18:11:20 ubuntu devstack@g-api.service[145093]: DEBUG glance.api.middleware.version_negotiation [None req-cea3c0f5-2861-4bbf-96fe-78725b5fac4e admin admin] Determining version of request: GET /v2/images Accept: application/json {{(pid=145093) process_request /opt/stack/glance/glance/api/middleware/version_negotiation.py:44}}
Jul 27 18:11:20 ubuntu devstack@g-api.service[145093]: DEBUG glance.api.middleware.version_negotiation [None req-cea3c0f5-2861-4bbf-96fe-78725b5fac4e admin admin] Using url versioning {{(pid=145093) process_request /opt/stack/glance/glance/api/middleware/version_negotiation.py:57}}
Jul 27 18:11:20 ubuntu devstack@g-api.service[145093]: DEBUG glance.api.middleware.version_negotiation [None req-cea3c0f5-2861-4bbf-96fe-78725b5fac4e admin admin] Matched version: v2 {{(pid=145093) process_request /opt/stack/glance/glance/api/middleware/version_negotiation.py:69}}
Jul 27 18:11:20 ubuntu devstack@g-api.service[145093]: DEBUG glance.api.middleware.version_negotiation [None req-cea3c0f5-2861-4bbf-96fe-78725b5fac4e admin admin] new path /v2/images {{(pid=145093) process_request /opt/stack/glance/glance/api/middleware/version_negotiation.py:70}}
Jul 27 18:11:20 ubuntu devstack@g-api.service[145093]: [pid: 145093|app: 0|req: 4/6] 127.0.0.1 () {36 vars in 728 bytes} [Wed Jul 27 18:11:20 2022] GET /v2/images => generated 1045 bytes in 355 msecs (HTTP/1.1 200) 4 headers in 158 bytes (1 switches on core 0)
Jul 27 18:11:27 ubuntu devstack@g-api.service[145095]: DEBUG glance.api.middleware.version_negotiation [None req-65dfe3e3-3b84-4843-9773-4c4c65013fb0 admin admin] Determining version of request: GET / Accept: application/json {{(pid=145095) process_request /opt/stack/glance/glance/api/middleware/version_negotiation.py:44}}
Jul 27 18:11:27 ubuntu devstack@g-api.service[145095]: DEBUG glance.api.middleware.version_negotiation [None req-65dfe3e3-3b84-4843-9773-4c4c65013fb0 admin admin] Using url versioning {{(pid=145095) process_request /opt/stack/glance/glance/api/middleware/version_negotiation.py:57}}
Jul 27 18:11:27 ubuntu devstack@g-api.service[145095]: DEBUG glance.api.middleware.version_negotiation [None req-65dfe3e3-3b84-4843-9773-4c4c65013fb0 admin admin] Unknown version. Returning version choices. {{(pid=145095) process_request /opt/stack/glance/glance/api/middleware/version_negotiation.py:64}}
Jul 27 18:11:27 ubuntu devstack@g-api.service[145095]: [pid: 145095|app: 0|req: 3/7] 127.0.0.1 () {34 vars in 506 bytes} [Wed Jul 27 18:11:27 2022] GET / => generated 1323 bytes in 4 msecs (HTTP/1.1 300) 3 headers in 106 bytes (1 switches on core 0)
Jul 27 18:11:27 ubuntu devstack@g-api.service[145093]: DEBUG glance.api.middleware.version_negotiation [None req-67658ab4-15b4-49f7-9ed5-92e86574ae9a admin admin] Determining version of request: GET /v2/images/721e3ae5-4f1e-48cc-84b1-b25d21479667 Accept: */* {{(pid=145093) process_request /opt/stack/glance/glance/api/middleware/version_negotiation.py:44}}
Jul 27 18:11:27 ubuntu devstack@g-api.service[145093]: DEBUG glance.api.middleware.version_negotiation [None req-67658ab4-15b4-49f7-9ed5-92e86574ae9a admin admin] Using url versioning {{(pid=145093) process_request /opt/stack/glance/glance/api/middleware/version_negotiation.py:57}}
Jul 27 18:11:27 ubuntu devstack@g-api.service[145093]: DEBUG glance.api.middleware.version_negotiation [None req-67658ab4-15b4-49f7-9ed5-92e86574ae9a admin admin] Matched version: v2 {{(pid=145093) process_request /opt/stack/glance/glance/api/middleware/version_negotiation.py:69}}
Jul 27 18:11:27 ubuntu devstack@g-api.service[145093]: DEBUG glance.api.middleware.version_negotiation [None req-67658ab4-15b4-49f7-9ed5-92e86574ae9a admin admin] new path /v2/images/721e3ae5-4f1e-48cc-84b1-b25d21479667 {{(pid=145093) process_request /opt/stack/glance/glance/api/middleware/version_negotiation.py:70}}
Jul 27 18:11:27 ubuntu devstack@g-api.service[145093]: [pid: 145093|app: 0|req: 5/8] 127.0.0.1 () {36 vars in 789 bytes} [Wed Jul 27 18:11:27 2022] GET /v2/images/721e3ae5-4f1e-48cc-84b1-b25d21479667 => generated 976 bytes in 370 msecs (HTTP/1.1 200) 4 headers in 157 bytes (1 switches on core 0)
Jul 27 18:11:31 ubuntu devstack@g-api.service[145095]: DEBUG glance.api.middleware.version_negotiation [None req-65dfe3e3-3b84-4843-9773-4c4c65013fb0 admin admin] Determining version of request: GET / Accept: application/json {{(pid=145095) process_request /opt/stack/glance/glance/api/middleware/version_negotiation.py:44}}
Jul 27 18:11:31 ubuntu devstack@g-api.service[145095]: DEBUG glance.api.middleware.version_negotiation [None req-65dfe3e3-3b84-4843-9773-4c4c65013fb0 admin admin] Using url versioning {{(pid=145095) process_request /opt/stack/glance/glance/api/middleware/version_negotiation.py:57}}
Jul 27 18:11:31 ubuntu devstack@g-api.service[145095]: DEBUG glance.api.middleware.version_negotiation [None req-65dfe3e3-3b84-4843-9773-4c4c65013fb0 admin admin] Unknown version. Returning version choices. {{(pid=145095) process_request /opt/stack/glance/glance/api/middleware/version_negotiation.py:64}}
Jul 27 18:11:31 ubuntu devstack@g-api.service[145095]: [pid: 145095|app: 0|req: 4/9] 127.0.0.1 () {34 vars in 506 bytes} [Wed Jul 27 18:11:31 2022] GET / => generated 1323 bytes in 4 msecs (HTTP/1.1 300) 3 headers in 106 bytes (1 switches on core 0)
Jul 27 18:11:31 ubuntu devstack@g-api.service[145093]: DEBUG glance.api.middleware.version_negotiation [None req-c39a960b-ab74-4244-8170-954220a1f7fa admin admin] Determining version of request: GET /v2/images/721e3ae5-4f1e-48cc-84b1-b25d21479667 Accept: */* {{(pid=145093) process_request /opt/stack/glance/glance/api/middleware/version_negotiation.py:44}}
Jul 27 18:11:31 ubuntu devstack@g-api.service[145093]: DEBUG glance.api.middleware.version_negotiation [None req-c39a960b-ab74-4244-8170-954220a1f7fa admin admin] Using url versioning {{(pid=145093) process_request /opt/stack/glance/glance/api/middleware/version_negotiation.py:57}}
Jul 27 18:11:31 ubuntu devstack@g-api.service[145093]: DEBUG glance.api.middleware.version_negotiation [None req-c39a960b-ab74-4244-8170-954220a1f7fa admin admin] Matched version: v2 {{(pid=145093) process_request /opt/stack/glance/glance/api/middleware/version_negotiation.py:69}}
Jul 27 18:11:31 ubuntu devstack@g-api.service[145093]: DEBUG glance.api.middleware.version_negotiation [None req-c39a960b-ab74-4244-8170-954220a1f7fa admin admin] new path /v2/images/721e3ae5-4f1e-48cc-84b1-b25d21479667 {{(pid=145093) process_request /opt/stack/glance/glance/api/middleware/version_negotiation.py:70}}
Jul 27 18:11:32 ubuntu devstack@g-api.service[145093]: [pid: 145093|app: 0|req: 6/10] 127.0.0.1 () {36 vars in 789 bytes} [Wed Jul 27 18:11:31 2022] GET /v2/images/721e3ae5-4f1e-48cc-84b1-b25d21479667 => generated 976 bytes in 251 msecs (HTTP/1.1 200) 4 headers in 157 bytes (1 switches on core 0)
Jul 27 18:11:42 ubuntu devstack@g-api.service[145093]: DEBUG dbcounter [-] [145093] Writing DB stats glance:SELECT=10 {{(pid=145093) stat_writer /usr/local/lib/python3.8/dist-packages/dbcounter.py:114}}
Jul 27 18:13:46 ubuntu devstack@g-api.service[145095]: DEBUG glance.api.middleware.version_negotiation [None req-65dfe3e3-3b84-4843-9773-4c4c65013fb0 admin admin] Determining version of request: GET /v1 Accept: application/json {{(pid=145095) process_request /opt/stack/glance/glance/api/middleware/version_negotiation.py:44}}
Jul 27 18:13:46 ubuntu devstack@g-api.service[145095]: DEBUG glance.api.middleware.version_negotiation [None req-65dfe3e3-3b84-4843-9773-4c4c65013fb0 admin admin] Using url versioning {{(pid=145095) process_request /opt/stack/glance/glance/api/middleware/version_negotiation.py:57}}
Jul 27 18:13:46 ubuntu devstack@g-api.service[145095]: DEBUG glance.api.middleware.version_negotiation [None req-65dfe3e3-3b84-4843-9773-4c4c65013fb0 admin admin] Unknown version. Returning version choices. {{(pid=145095) process_request /opt/stack/glance/glance/api/middleware/version_negotiation.py:64}}
Jul 27 18:13:46 ubuntu devstack@g-api.service[145095]: [pid: 145095|app: 0|req: 5/11] 127.0.0.1 () {38 vars in 686 bytes} [Wed Jul 27 18:13:46 2022] GET /v1 => generated 1323 bytes in 4 msecs (HTTP/1.1 300) 3 headers in 106 bytes (1 switches on core 0)
Jul 27 18:16:05 ubuntu devstack@g-api.service[145093]: DEBUG glance.api.middleware.version_negotiation [None req-0e29503a-5821-4b7e-92c4-0e7a563480dc admin admin] Determining version of request: GET /versions Accept: */* {{(pid=145093) process_request /opt/stack/glance/glance/api/middleware/version_negotiation.py:44}}
Jul 27 18:16:05 ubuntu devstack@g-api.service[145093]: [pid: 145093|app: 0|req: 7/12] 127.0.0.1 () {38 vars in 695 bytes} [Wed Jul 27 18:16:05 2022] GET /versions => generated 1323 bytes in 6 msecs (HTTP/1.1 200) 3 headers in 92 bytes (1 switches on core 0)
Jul 27 18:16:05 ubuntu devstack@g-api.service[145095]: DEBUG glance.api.middleware.version_negotiation [None req-65dfe3e3-3b84-4843-9773-4c4c65013fb0 admin admin] Determining version of request: GET /v2/schemas/image Accept: */* {{(pid=145095) process_request /opt/stack/glance/glance/api/middleware/version_negotiation.py:44}}
Jul 27 18:16:05 ubuntu devstack@g-api.service[145095]: DEBUG glance.api.middleware.version_negotiation [None req-65dfe3e3-3b84-4843-9773-4c4c65013fb0 admin admin] Using url versioning {{(pid=145095) process_request /opt/stack/glance/glance/api/middleware/version_negotiation.py:57}}
Jul 27 18:16:05 ubuntu devstack@g-api.service[145095]: DEBUG glance.api.middleware.version_negotiation [None req-65dfe3e3-3b84-4843-9773-4c4c65013fb0 admin admin] Matched version: v2 {{(pid=145095) process_request /opt/stack/glance/glance/api/middleware/version_negotiation.py:69}}
Jul 27 18:16:05 ubuntu devstack@g-api.service[145095]: DEBUG glance.api.middleware.version_negotiation [None req-65dfe3e3-3b84-4843-9773-4c4c65013fb0 admin admin] new path /v2/schemas/image {{(pid=145095) process_request /opt/stack/glance/glance/api/middleware/version_negotiation.py:70}}
Jul 27 18:16:05 ubuntu devstack@g-api.service[145095]: [pid: 145095|app: 0|req: 6/13] 127.0.0.1 () {38 vars in 711 bytes} [Wed Jul 27 18:16:05 2022] GET /v2/schemas/image => generated 6083 bytes in 108 msecs (HTTP/1.1 200) 4 headers in 158 bytes (1 switches on core 0)
Jul 27 18:16:05 ubuntu devstack@g-api.service[145093]: DEBUG glance.api.middleware.version_negotiation [None req-0e29503a-5821-4b7e-92c4-0e7a563480dc admin admin] Determining version of request: GET /v2/schemas/metadefs/namespace Accept: */* {{(pid=145093) process_request /opt/stack/glance/glance/api/middleware/version_negotiation.py:44}}
Jul 27 18:16:05 ubuntu devstack@g-api.service[145093]: DEBUG glance.api.middleware.version_negotiation [None req-0e29503a-5821-4b7e-92c4-0e7a563480dc admin admin] Using url versioning {{(pid=145093) process_request /opt/stack/glance/glance/api/middleware/version_negotiation.py:57}}
Jul 27 18:16:05 ubuntu devstack@g-api.service[145093]: DEBUG glance.api.middleware.version_negotiation [None req-0e29503a-5821-4b7e-92c4-0e7a563480dc admin admin] Matched version: v2 {{(pid=145093) process_request /opt/stack/glance/glance/api/middleware/version_negotiation.py:69}}
Jul 27 18:16:05 ubuntu devstack@g-api.service[145093]: DEBUG glance.api.middleware.version_negotiation [None req-0e29503a-5821-4b7e-92c4-0e7a563480dc admin admin] new path /v2/schemas/metadefs/namespace {{(pid=145093) process_request /opt/stack/glance/glance/api/middleware/version_negotiation.py:70}}
Jul 27 18:16:05 ubuntu devstack@g-api.service[145093]: [pid: 145093|app: 0|req: 8/14] 127.0.0.1 () {38 vars in 737 bytes} [Wed Jul 27 18:16:05 2022] GET /v2/schemas/metadefs/namespace => generated 3100 bytes in 13 msecs (HTTP/1.1 200) 4 headers in 158 bytes (1 switches on core 0)
Jul 27 18:16:05 ubuntu devstack@g-api.service[145095]: DEBUG glance.api.middleware.version_negotiation [None req-a6015dec-b5b5-4887-962d-f55f9c852fa6 admin admin] Determining version of request: GET /v2/schemas/metadefs/resource_type Accept: */* {{(pid=145095) process_request /opt/stack/glance/glance/api/middleware/version_negotiation.py:44}}
Jul 27 18:16:05 ubuntu devstack@g-api.service[145095]: DEBUG glance.api.middleware.version_negotiation [None req-a6015dec-b5b5-4887-962d-f55f9c852fa6 admin admin] Using url versioning {{(pid=145095) process_request /opt/stack/glance/glance/api/middleware/version_negotiation.py:57}}
Jul 27 18:16:05 ubuntu devstack@g-api.service[145095]: DEBUG glance.api.middleware.version_negotiation [None req-a6015dec-b5b5-4887-962d-f55f9c852fa6 admin admin] Matched version: v2 {{(pid=145095) process_request /opt/stack/glance/glance/api/middleware/version_negotiation.py:69}}
Jul 27 18:16:05 ubuntu devstack@g-api.service[145095]: DEBUG glance.api.middleware.version_negotiation [None req-a6015dec-b5b5-4887-962d-f55f9c852fa6 admin admin] new path /v2/schemas/metadefs/resource_type {{(pid=145095) process_request /opt/stack/glance/glance/api/middleware/version_negotiation.py:70}}
Jul 27 18:16:05 ubuntu devstack@g-api.service[145095]: [pid: 145095|app: 0|req: 7/15] 127.0.0.1 () {38 vars in 745 bytes} [Wed Jul 27 18:16:05 2022] GET /v2/schemas/metadefs/resource_type => generated 1260 bytes in 5 msecs (HTTP/1.1 200) 4 headers in 158 bytes (1 switches on core 0)
Jul 27 18:16:06 ubuntu devstack@g-api.service[145093]: DEBUG glance.api.middleware.version_negotiation [None req-bb9e3169-8f9f-4a49-8b39-3e66bd836e9d admin admin] Determining version of request: GET /v2/images Accept: */* {{(pid=145093) process_request /opt/stack/glance/glance/api/middleware/version_negotiation.py:44}}
Jul 27 18:16:06 ubuntu devstack@g-api.service[145093]: DEBUG glance.api.middleware.version_negotiation [None req-bb9e3169-8f9f-4a49-8b39-3e66bd836e9d admin admin] Using url versioning {{(pid=145093) process_request /opt/stack/glance/glance/api/middleware/version_negotiation.py:57}}
Jul 27 18:16:06 ubuntu devstack@g-api.service[145093]: DEBUG glance.api.middleware.version_negotiation [None req-bb9e3169-8f9f-4a49-8b39-3e66bd836e9d admin admin] Matched version: v2 {{(pid=145093) process_request /opt/stack/glance/glance/api/middleware/version_negotiation.py:69}}
Jul 27 18:16:06 ubuntu devstack@g-api.service[145093]: DEBUG glance.api.middleware.version_negotiation [None req-bb9e3169-8f9f-4a49-8b39-3e66bd836e9d admin admin] new path /v2/images {{(pid=145093) process_request /opt/stack/glance/glance/api/middleware/version_negotiation.py:70}}
Jul 27 18:16:06 ubuntu devstack@g-api.service[145093]: [pid: 145093|app: 0|req: 9/16] 127.0.0.1 () {38 vars in 768 bytes} [Wed Jul 27 18:16:06 2022] GET /v2/images?limit=20&sort_key=name&sort_dir=asc => generated 1081 bytes in 85 msecs (HTTP/1.1 200) 4 headers in 158 bytes (1 switches on core 0)
Jul 27 18:16:06 ubuntu devstack@g-api.service[145095]: DEBUG glance.api.middleware.version_negotiation [None req-4b61daa9-d7fe-4579-ad9b-a080531779d5 admin admin] Determining version of request: GET /v2/schemas/image Accept: */* {{(pid=145095) process_request /opt/stack/glance/glance/api/middleware/version_negotiation.py:44}}
Jul 27 18:16:06 ubuntu devstack@g-api.service[145095]: DEBUG glance.api.middleware.version_negotiation [None req-4b61daa9-d7fe-4579-ad9b-a080531779d5 admin admin] Using url versioning {{(pid=145095) process_request /opt/stack/glance/glance/api/middleware/version_negotiation.py:57}}
Jul 27 18:16:06 ubuntu devstack@g-api.service[145095]: DEBUG glance.api.middleware.version_negotiation [None req-4b61daa9-d7fe-4579-ad9b-a080531779d5 admin admin] Matched version: v2 {{(pid=145095) process_request /opt/stack/glance/glance/api/middleware/version_negotiation.py:69}}
Jul 27 18:16:06 ubuntu devstack@g-api.service[145095]: DEBUG glance.api.middleware.version_negotiation [None req-4b61daa9-d7fe-4579-ad9b-a080531779d5 admin admin] new path /v2/schemas/image {{(pid=145095) process_request /opt/stack/glance/glance/api/middleware/version_negotiation.py:70}}
Jul 27 18:16:06 ubuntu devstack@g-api.service[145095]: [pid: 145095|app: 0|req: 8/17] 127.0.0.1 () {38 vars in 711 bytes} [Wed Jul 27 18:16:06 2022] GET /v2/schemas/image => generated 6083 bytes in 4 msecs (HTTP/1.1 200) 4 headers in 158 bytes (1 switches on core 0)
Jul 27 18:16:16 ubuntu devstack@g-api.service[145093]: DEBUG dbcounter [-] [145093] Writing DB stats glance:SELECT=2 {{(pid=145093) stat_writer /usr/local/lib/python3.8/dist-packages/dbcounter.py:114}}
Jul 27 18:16:19 ubuntu devstack@g-api.service[145093]: DEBUG glance.api.middleware.version_negotiation [None req-8a42ea45-4df7-41a0-8690-e43174aa5e34 admin admin] Determining version of request: GET / Accept: application/json {{(pid=145093) process_request /opt/stack/glance/glance/api/middleware/version_negotiation.py:44}}
Jul 27 18:16:19 ubuntu devstack@g-api.service[145093]: DEBUG glance.api.middleware.version_negotiation [None req-8a42ea45-4df7-41a0-8690-e43174aa5e34 admin admin] Using url versioning {{(pid=145093) process_request /opt/stack/glance/glance/api/middleware/version_negotiation.py:57}}
Jul 27 18:16:19 ubuntu devstack@g-api.service[145093]: DEBUG glance.api.middleware.version_negotiation [None req-8a42ea45-4df7-41a0-8690-e43174aa5e34 admin admin] Unknown version. Returning version choices. {{(pid=145093) process_request /opt/stack/glance/glance/api/middleware/version_negotiation.py:64}}
Jul 27 18:16:19 ubuntu devstack@g-api.service[145093]: [pid: 145093|app: 0|req: 10/18] 127.0.0.1 () {34 vars in 492 bytes} [Wed Jul 27 18:16:19 2022] GET / => generated 1323 bytes in 4 msecs (HTTP/1.1 300) 3 headers in 106 bytes (1 switches on core 0)
Jul 27 18:16:19 ubuntu devstack@g-api.service[145095]: DEBUG glance.api.middleware.version_negotiation [None req-9e592293-7e36-4ea4-933a-2459845c1aff admin admin] Determining version of request: GET /v2/images/721e3ae5-4f1e-48cc-84b1-b25d21479667 Accept: */* {{(pid=145095) process_request /opt/stack/glance/glance/api/middleware/version_negotiation.py:44}}
Jul 27 18:16:19 ubuntu devstack@g-api.service[145095]: DEBUG glance.api.middleware.version_negotiation [None req-9e592293-7e36-4ea4-933a-2459845c1aff admin admin] Using url versioning {{(pid=145095) process_request /opt/stack/glance/glance/api/middleware/version_negotiation.py:57}}
Jul 27 18:16:19 ubuntu devstack@g-api.service[145095]: DEBUG glance.api.middleware.version_negotiation [None req-9e592293-7e36-4ea4-933a-2459845c1aff admin admin] Matched version: v2 {{(pid=145095) process_request /opt/stack/glance/glance/api/middleware/version_negotiation.py:69}}
Jul 27 18:16:19 ubuntu devstack@g-api.service[145095]: DEBUG glance.api.middleware.version_negotiation [None req-9e592293-7e36-4ea4-933a-2459845c1aff admin admin] new path /v2/images/721e3ae5-4f1e-48cc-84b1-b25d21479667 {{(pid=145095) process_request /opt/stack/glance/glance/api/middleware/version_negotiation.py:70}}
Jul 27 18:16:19 ubuntu devstack@g-api.service[145095]: WARNING keystonemiddleware.auth_token [None req-9e592293-7e36-4ea4-933a-2459845c1aff admin admin] A valid token was submitted as a service token, but it was not a valid service token. This is incorrect but backwards compatible behaviour. This will be removed in future releases.
Jul 27 18:16:19 ubuntu devstack@g-api.service[145095]: [pid: 145095|app: 0|req: 9/19] 127.0.0.1 () {42 vars in 1049 bytes} [Wed Jul 27 18:16:19 2022] GET /v2/images/721e3ae5-4f1e-48cc-84b1-b25d21479667 => generated 976 bytes in 136 msecs (HTTP/1.1 200) 4 headers in 157 bytes (1 switches on core 0)
Jul 27 18:16:19 ubuntu devstack@g-api.service[145093]: DEBUG glance.api.middleware.version_negotiation [None req-8a42ea45-4df7-41a0-8690-e43174aa5e34 admin admin] Determining version of request: GET /v2/schemas/image Accept: */* {{(pid=145093) process_request /opt/stack/glance/glance/api/middleware/version_negotiation.py:44}}
Jul 27 18:16:19 ubuntu devstack@g-api.service[145093]: DEBUG glance.api.middleware.version_negotiation [None req-8a42ea45-4df7-41a0-8690-e43174aa5e34 admin admin] Using url versioning {{(pid=145093) process_request /opt/stack/glance/glance/api/middleware/version_negotiation.py:57}}
Jul 27 18:16:19 ubuntu devstack@g-api.service[145093]: DEBUG glance.api.middleware.version_negotiation [None req-8a42ea45-4df7-41a0-8690-e43174aa5e34 admin admin] Matched version: v2 {{(pid=145093) process_request /opt/stack/glance/glance/api/middleware/version_negotiation.py:69}}
Jul 27 18:16:19 ubuntu devstack@g-api.service[145093]: DEBUG glance.api.middleware.version_negotiation [None req-8a42ea45-4df7-41a0-8690-e43174aa5e34 admin admin] new path /v2/schemas/image {{(pid=145093) process_request /opt/stack/glance/glance/api/middleware/version_negotiation.py:70}}
Jul 27 18:16:19 ubuntu devstack@g-api.service[145093]: WARNING keystonemiddleware.auth_token [None req-8a42ea45-4df7-41a0-8690-e43174aa5e34 admin admin] A valid token was submitted as a service token, but it was not a valid service token. This is incorrect but backwards compatible behaviour. This will be removed in future releases.
Jul 27 18:16:19 ubuntu devstack@g-api.service[145093]: [pid: 145093|app: 0|req: 11/20] 127.0.0.1 () {42 vars in 989 bytes} [Wed Jul 27 18:16:19 2022] GET /v2/schemas/image => generated 6083 bytes in 10 msecs (HTTP/1.1 200) 4 headers in 158 bytes (1 switches on core 0)
Jul 27 18:16:21 ubuntu devstack@g-api.service[145095]: DEBUG glance.api.middleware.version_negotiation [None req-a5f648dc-1377-4b19-9cc7-92b120c3ff20 tempest-VolumesAdminNegativeTest-1673001557 tempest-VolumesAdminNegativeTest-1673001557-project] Determining version of request: GET /v2/images/721e3ae5-4f1e-48cc-84b1-b25d21479667 Accept: */* {{(pid=145095) process_request /opt/stack/glance/glance/api/middleware/version_negotiation.py:44}}
Jul 27 18:16:21 ubuntu devstack@g-api.service[145095]: DEBUG glance.api.middleware.version_negotiation [None req-a5f648dc-1377-4b19-9cc7-92b120c3ff20 tempest-VolumesAdminNegativeTest-1673001557 tempest-VolumesAdminNegativeTest-1673001557-project] Using url versioning {{(pid=145095) process_request /opt/stack/glance/glance/api/middleware/version_negotiation.py:57}}
Jul 27 18:16:21 ubuntu devstack@g-api.service[145095]: DEBUG glance.api.middleware.version_negotiation [None req-a5f648dc-1377-4b19-9cc7-92b120c3ff20 tempest-VolumesAdminNegativeTest-1673001557 tempest-VolumesAdminNegativeTest-1673001557-project] Matched version: v2 {{(pid=145095) process_request /opt/stack/glance/glance/api/middleware/version_negotiation.py:69}}
Jul 27 18:16:21 ubuntu devstack@g-api.service[145095]: DEBUG glance.api.middleware.version_negotiation [None req-a5f648dc-1377-4b19-9cc7-92b120c3ff20 tempest-VolumesAdminNegativeTest-1673001557 tempest-VolumesAdminNegativeTest-1673001557-project] new path /v2/images/721e3ae5-4f1e-48cc-84b1-b25d21479667 {{(pid=145095) process_request /opt/stack/glance/glance/api/middleware/version_negotiation.py:70}}
Jul 27 18:16:21 ubuntu devstack@g-api.service[145095]: [pid: 145095|app: 0|req: 10/21] 127.0.0.1 () {42 vars in 1049 bytes} [Wed Jul 27 18:16:21 2022] GET /v2/images/721e3ae5-4f1e-48cc-84b1-b25d21479667 => generated 976 bytes in 18 msecs (HTTP/1.1 200) 4 headers in 157 bytes (1 switches on core 0)
Jul 27 18:16:21 ubuntu devstack@g-api.service[145093]: DEBUG glance.api.middleware.version_negotiation [None req-a5f648dc-1377-4b19-9cc7-92b120c3ff20 tempest-VolumesAdminNegativeTest-1673001557 tempest-VolumesAdminNegativeTest-1673001557-project] Determining version of request: GET /v2/images/721e3ae5-4f1e-48cc-84b1-b25d21479667/file Accept: */* {{(pid=145093) process_request /opt/stack/glance/glance/api/middleware/version_negotiation.py:44}}
Jul 27 18:16:21 ubuntu devstack@g-api.service[145093]: DEBUG glance.api.middleware.version_negotiation [None req-a5f648dc-1377-4b19-9cc7-92b120c3ff20 tempest-VolumesAdminNegativeTest-1673001557 tempest-VolumesAdminNegativeTest-1673001557-project] Using url versioning {{(pid=145093) process_request /opt/stack/glance/glance/api/middleware/version_negotiation.py:57}}
Jul 27 18:16:21 ubuntu devstack@g-api.service[145093]: DEBUG glance.api.middleware.version_negotiation [None req-a5f648dc-1377-4b19-9cc7-92b120c3ff20 tempest-VolumesAdminNegativeTest-1673001557 tempest-VolumesAdminNegativeTest-1673001557-project] Matched version: v2 {{(pid=145093) process_request /opt/stack/glance/glance/api/middleware/version_negotiation.py:69}}
Jul 27 18:16:21 ubuntu devstack@g-api.service[145093]: DEBUG glance.api.middleware.version_negotiation [None req-a5f648dc-1377-4b19-9cc7-92b120c3ff20 tempest-VolumesAdminNegativeTest-1673001557 tempest-VolumesAdminNegativeTest-1673001557-project] new path /v2/images/721e3ae5-4f1e-48cc-84b1-b25d21479667/file {{(pid=145093) process_request /opt/stack/glance/glance/api/middleware/version_negotiation.py:70}}
Jul 27 18:16:22 ubuntu devstack@g-api.service[145093]: DEBUG glance_store.backend [None req-a5f648dc-1377-4b19-9cc7-92b120c3ff20 tempest-VolumesAdminNegativeTest-1673001557 tempest-VolumesAdminNegativeTest-1673001557-project] Attempting to import store swift {{(pid=145093) _load_store /usr/local/lib/python3.8/dist-packages/glance_store/backend.py:216}}
Jul 27 18:16:22 ubuntu devstack@g-api.service[145093]: DEBUG glance_store.capabilities [None req-a5f648dc-1377-4b19-9cc7-92b120c3ff20 tempest-VolumesAdminNegativeTest-1673001557 tempest-VolumesAdminNegativeTest-1673001557-project] Store glance_store._drivers.swift.store.SingleTenantStore doesn't support updating dynamic storage capabilities. Please overwrite 'update_capabilities' method of the store to implement updating logics if needed. {{(pid=145093) update_capabilities /usr/local/lib/python3.8/dist-packages/glance_store/capabilities.py:91}}
Jul 27 18:16:22 ubuntu devstack@g-api.service[145093]: DEBUG glance_store.driver [None req-a5f648dc-1377-4b19-9cc7-92b120c3ff20 tempest-VolumesAdminNegativeTest-1673001557 tempest-VolumesAdminNegativeTest-1673001557-project] Late loading location class glance_store._drivers.swift.store.StoreLocation {{(pid=145093) get_store_location_class /usr/local/lib/python3.8/dist-packages/glance_store/driver.py:116}}
Jul 27 18:16:22 ubuntu devstack@g-api.service[145093]: DEBUG glance_store.location [None req-a5f648dc-1377-4b19-9cc7-92b120c3ff20 tempest-VolumesAdminNegativeTest-1673001557 tempest-VolumesAdminNegativeTest-1673001557-project] Registering scheme swift+https with {'store': <glance_store._drivers.swift.store.SingleTenantStore object at 0x7f710933c6a0>, 'location_class': <class 'glance_store._drivers.swift.store.StoreLocation'>, 'store_entry': 'swift'} {{(pid=145093) register_scheme_map /usr/local/lib/python3.8/dist-packages/glance_store/location.py:146}}
Jul 27 18:16:22 ubuntu devstack@g-api.service[145093]: DEBUG glance_store.location [None req-a5f648dc-1377-4b19-9cc7-92b120c3ff20 tempest-VolumesAdminNegativeTest-1673001557 tempest-VolumesAdminNegativeTest-1673001557-project] Registering scheme swift+https with {'store': <glance_store._drivers.swift.store.SingleTenantStore object at 0x7f710933c6a0>, 'location_class': <class 'glance_store._drivers.swift.store.StoreLocation'>, 'store_entry': 'swift'} {{(pid=145093) register_scheme_map /usr/local/lib/python3.8/dist-packages/glance_store/location.py:146}}
Jul 27 18:16:22 ubuntu devstack@g-api.service[145093]: DEBUG glance_store.location [None req-a5f648dc-1377-4b19-9cc7-92b120c3ff20 tempest-VolumesAdminNegativeTest-1673001557 tempest-VolumesAdminNegativeTest-1673001557-project] Registering scheme swift with {'store': <glance_store._drivers.swift.store.SingleTenantStore object at 0x7f710933c6a0>, 'location_class': <class 'glance_store._drivers.swift.store.StoreLocation'>, 'store_entry': 'swift'} {{(pid=145093) register_scheme_map /usr/local/lib/python3.8/dist-packages/glance_store/location.py:146}}
Jul 27 18:16:22 ubuntu devstack@g-api.service[145093]: DEBUG glance_store.location [None req-a5f648dc-1377-4b19-9cc7-92b120c3ff20 tempest-VolumesAdminNegativeTest-1673001557 tempest-VolumesAdminNegativeTest-1673001557-project] Registering scheme swift+https with {'store': <glance_store._drivers.swift.store.SingleTenantStore object at 0x7f710933c6a0>, 'location_class': <class 'glance_store._drivers.swift.store.StoreLocation'>, 'store_entry': 'swift'} {{(pid=145093) register_scheme_map /usr/local/lib/python3.8/dist-packages/glance_store/location.py:146}}
Jul 27 18:16:22 ubuntu devstack@g-api.service[145093]: DEBUG glance_store.location [None req-a5f648dc-1377-4b19-9cc7-92b120c3ff20 tempest-VolumesAdminNegativeTest-1673001557 tempest-VolumesAdminNegativeTest-1673001557-project] Registering scheme swift with {'store': <glance_store._drivers.swift.store.SingleTenantStore object at 0x7f710933c6a0>, 'location_class': <class 'glance_store._drivers.swift.store.StoreLocation'>, 'store_entry': 'swift'} {{(pid=145093) register_scheme_map /usr/local/lib/python3.8/dist-packages/glance_store/location.py:146}}
Jul 27 18:16:22 ubuntu devstack@g-api.service[145093]: DEBUG glance_store.location [None req-a5f648dc-1377-4b19-9cc7-92b120c3ff20 tempest-VolumesAdminNegativeTest-1673001557 tempest-VolumesAdminNegativeTest-1673001557-project] Registering scheme swift+http with {'store': <glance_store._drivers.swift.store.SingleTenantStore object at 0x7f710933c6a0>, 'location_class': <class 'glance_store._drivers.swift.store.StoreLocation'>, 'store_entry': 'swift'} {{(pid=145093) register_scheme_map /usr/local/lib/python3.8/dist-packages/glance_store/location.py:146}}
Jul 27 18:16:22 ubuntu devstack@g-api.service[145093]: DEBUG glance_store.location [None req-a5f648dc-1377-4b19-9cc7-92b120c3ff20 tempest-VolumesAdminNegativeTest-1673001557 tempest-VolumesAdminNegativeTest-1673001557-project] Registering scheme swift+https with {'store': <glance_store._drivers.swift.store.SingleTenantStore object at 0x7f710933c6a0>, 'location_class': <class 'glance_store._drivers.swift.store.StoreLocation'>, 'store_entry': 'swift'} {{(pid=145093) register_scheme_map /usr/local/lib/python3.8/dist-packages/glance_store/location.py:146}}
Jul 27 18:16:22 ubuntu devstack@g-api.service[145093]: DEBUG glance_store.location [None req-a5f648dc-1377-4b19-9cc7-92b120c3ff20 tempest-VolumesAdminNegativeTest-1673001557 tempest-VolumesAdminNegativeTest-1673001557-project] Registering scheme swift with {'store': <glance_store._drivers.swift.store.SingleTenantStore object at 0x7f710933c6a0>, 'location_class': <class 'glance_store._drivers.swift.store.StoreLocation'>, 'store_entry': 'swift'} {{(pid=145093) register_scheme_map /usr/local/lib/python3.8/dist-packages/glance_store/location.py:146}}
Jul 27 18:16:22 ubuntu devstack@g-api.service[145093]: DEBUG glance_store.location [None req-a5f648dc-1377-4b19-9cc7-92b120c3ff20 tempest-VolumesAdminNegativeTest-1673001557 tempest-VolumesAdminNegativeTest-1673001557-project] Registering scheme swift+http with {'store': <glance_store._drivers.swift.store.SingleTenantStore object at 0x7f710933c6a0>, 'location_class': <class 'glance_store._drivers.swift.store.StoreLocation'>, 'store_entry': 'swift'} {{(pid=145093) register_scheme_map /usr/local/lib/python3.8/dist-packages/glance_store/location.py:146}}
Jul 27 18:16:22 ubuntu devstack@g-api.service[145093]: DEBUG glance_store.location [None req-a5f648dc-1377-4b19-9cc7-92b120c3ff20 tempest-VolumesAdminNegativeTest-1673001557 tempest-VolumesAdminNegativeTest-1673001557-project] Registering scheme swift+config with {'store': <glance_store._drivers.swift.store.SingleTenantStore object at 0x7f710933c6a0>, 'location_class': <class 'glance_store._drivers.swift.store.StoreLocation'>, 'store_entry': 'swift'} {{(pid=145093) register_scheme_map /usr/local/lib/python3.8/dist-packages/glance_store/location.py:146}}
Jul 27 18:16:22 ubuntu devstack@g-api.service[145093]: DEBUG swiftclient [None req-a5f648dc-1377-4b19-9cc7-92b120c3ff20 tempest-VolumesAdminNegativeTest-1673001557 tempest-VolumesAdminNegativeTest-1673001557-project] REQ: curl -i http://192.168.79.45:8080/v1/AUTH_bae8129a0e6a45fe8eb4fac181acb3a8/glance/721e3ae5-4f1e-48cc-84b1-b25d21479667 -X GET -H "X-Auth-Token: gAAAAABi4YD2Rbm6..." {{(pid=145093) http_log /usr/local/lib/python3.8/dist-packages/swiftclient/client.py:157}}
Jul 27 18:16:22 ubuntu devstack@g-api.service[145093]: DEBUG swiftclient [None req-a5f648dc-1377-4b19-9cc7-92b120c3ff20 tempest-VolumesAdminNegativeTest-1673001557 tempest-VolumesAdminNegativeTest-1673001557-project] RESP STATUS: 200 OK {{(pid=145093) http_log /usr/local/lib/python3.8/dist-packages/swiftclient/client.py:158}}
Jul 27 18:16:22 ubuntu devstack@g-api.service[145093]: DEBUG swiftclient [None req-a5f648dc-1377-4b19-9cc7-92b120c3ff20 tempest-VolumesAdminNegativeTest-1673001557 tempest-VolumesAdminNegativeTest-1673001557-project] RESP HEADERS: {'Content-Type': 'application/octet-stream', 'Etag': '1d3062cd89af34e419f7100277f38b2b', 'Last-Modified': 'Wed, 27 Jul 2022 18:10:36 GMT', 'X-Timestamp': '1658945435.56061', 'Accept-Ranges': 'bytes', 'Content-Length': '16338944', 'X-Trans-Id': 'txa6e55a8e8f7e4bc2a24fb-0062e180f6', 'X-Openstack-Request-Id': 'txa6e55a8e8f7e4bc2a24fb-0062e180f6', 'Date': 'Wed, 27 Jul 2022 18:16:22 GMT'} {{(pid=145093) http_log /usr/local/lib/python3.8/dist-packages/swiftclient/client.py:159}}
Jul 27 18:16:22 ubuntu devstack@g-api.service[145093]: DEBUG glance.image_cache [None req-a5f648dc-1377-4b19-9cc7-92b120c3ff20 tempest-VolumesAdminNegativeTest-1673001557 tempest-VolumesAdminNegativeTest-1673001557-project] Tee'ing image '721e3ae5-4f1e-48cc-84b1-b25d21479667' into cache {{(pid=145093) get_caching_iter /opt/stack/glance/glance/image_cache/__init__.py:343}}
Jul 27 18:16:22 ubuntu devstack@g-api.service[145093]: DEBUG glance.image_cache.drivers.sqlite [None req-a5f648dc-1377-4b19-9cc7-92b120c3ff20 tempest-VolumesAdminNegativeTest-1673001557 tempest-VolumesAdminNegativeTest-1673001557-project] Fetch finished, moving '/opt/stack/data/glance/cache/incomplete/721e3ae5-4f1e-48cc-84b1-b25d21479667' to '/opt/stack/data/glance/cache/721e3ae5-4f1e-48cc-84b1-b25d21479667' {{(pid=145093) commit /opt/stack/glance/glance/image_cache/drivers/sqlite.py:324}}
Jul 27 18:16:22 ubuntu devstack@g-api.service[145093]: [pid: 145093|app: 0|req: 12/22] 127.0.0.1 () {42 vars in 1059 bytes} [Wed Jul 27 18:16:21 2022] GET /v2/images/721e3ae5-4f1e-48cc-84b1-b25d21479667/file => generated 16338944 bytes in 490 msecs (HTTP/1.1 200) 4 headers in 191 bytes (250 switches on core 0)
Jul 27 18:16:31 ubuntu devstack@g-api.service[145095]: DEBUG dbcounter [-] [145095] Writing DB stats glance:SELECT=8 {{(pid=145095) stat_writer /usr/local/lib/python3.8/dist-packages/dbcounter.py:114}}
Jul 27 18:16:32 ubuntu devstack@g-api.service[145093]: DEBUG dbcounter [-] [145093] Writing DB stats glance:SELECT=8 {{(pid=145093) stat_writer /usr/local/lib/python3.8/dist-packages/dbcounter.py:114}}
Jul 27 18:16:47 ubuntu devstack@g-api.service[145095]: DEBUG glance.api.middleware.version_negotiation [None req-a5f648dc-1377-4b19-9cc7-92b120c3ff20 tempest-VolumesAdminNegativeTest-1673001557 tempest-VolumesAdminNegativeTest-1673001557-project] Determining version of request: GET / Accept: application/json {{(pid=145095) process_request /opt/stack/glance/glance/api/middleware/version_negotiation.py:44}}
Jul 27 18:16:47 ubuntu devstack@g-api.service[145095]: DEBUG glance.api.middleware.version_negotiation [None req-a5f648dc-1377-4b19-9cc7-92b120c3ff20 tempest-VolumesAdminNegativeTest-1673001557 tempest-VolumesAdminNegativeTest-1673001557-project] Using url versioning {{(pid=145095) process_request /opt/stack/glance/glance/api/middleware/version_negotiation.py:57}}
Jul 27 18:16:47 ubuntu devstack@g-api.service[145095]: DEBUG glance.api.middleware.version_negotiation [None req-a5f648dc-1377-4b19-9cc7-92b120c3ff20 tempest-VolumesAdminNegativeTest-1673001557 tempest-VolumesAdminNegativeTest-1673001557-project] Unknown version. Returning version choices. {{(pid=145095) process_request /opt/stack/glance/glance/api/middleware/version_negotiation.py:64}}
Jul 27 18:16:47 ubuntu devstack@g-api.service[145095]: [pid: 145095|app: 0|req: 11/23] 127.0.0.1 () {34 vars in 492 bytes} [Wed Jul 27 18:16:47 2022] GET / => generated 1323 bytes in 8 msecs (HTTP/1.1 300) 3 headers in 106 bytes (1 switches on core 0)
Jul 27 18:16:47 ubuntu devstack@g-api.service[145093]: DEBUG glance.api.middleware.version_negotiation [None req-a5f648dc-1377-4b19-9cc7-92b120c3ff20 tempest-VolumesAdminNegativeTest-1673001557 tempest-VolumesAdminNegativeTest-1673001557-project] Determining version of request: GET /v2/images/721e3ae5-4f1e-48cc-84b1-b25d21479667 Accept: */* {{(pid=145093) process_request /opt/stack/glance/glance/api/middleware/version_negotiation.py:44}}
Jul 27 18:16:47 ubuntu devstack@g-api.service[145093]: DEBUG glance.api.middleware.version_negotiation [None req-a5f648dc-1377-4b19-9cc7-92b120c3ff20 tempest-VolumesAdminNegativeTest-1673001557 tempest-VolumesAdminNegativeTest-1673001557-project] Using url versioning {{(pid=145093) process_request /opt/stack/glance/glance/api/middleware/version_negotiation.py:57}}
Jul 27 18:16:47 ubuntu devstack@g-api.service[145093]: DEBUG glance.api.middleware.version_negotiation [None req-a5f648dc-1377-4b19-9cc7-92b120c3ff20 tempest-VolumesAdminNegativeTest-1673001557 tempest-VolumesAdminNegativeTest-1673001557-project] Matched version: v2 {{(pid=145093) process_request /opt/stack/glance/glance/api/middleware/version_negotiation.py:69}}
Jul 27 18:16:47 ubuntu devstack@g-api.service[145093]: DEBUG glance.api.middleware.version_negotiation [None req-a5f648dc-1377-4b19-9cc7-92b120c3ff20 tempest-VolumesAdminNegativeTest-1673001557 tempest-VolumesAdminNegativeTest-1673001557-project] new path /v2/images/721e3ae5-4f1e-48cc-84b1-b25d21479667 {{(pid=145093) process_request /opt/stack/glance/glance/api/middleware/version_negotiation.py:70}}
Jul 27 18:16:47 ubuntu devstack@g-api.service[145093]: [pid: 145093|app: 0|req: 13/24] 127.0.0.1 () {42 vars in 1049 bytes} [Wed Jul 27 18:16:47 2022] GET /v2/images/721e3ae5-4f1e-48cc-84b1-b25d21479667 => generated 976 bytes in 40 msecs (HTTP/1.1 200) 4 headers in 157 bytes (1 switches on core 0)
Jul 27 18:16:47 ubuntu devstack@g-api.service[145095]: DEBUG glance.api.middleware.version_negotiation [None req-a5f648dc-1377-4b19-9cc7-92b120c3ff20 tempest-VolumesAdminNegativeTest-1673001557 tempest-VolumesAdminNegativeTest-1673001557-project] Determining version of request: GET /v2/schemas/image Accept: */* {{(pid=145095) process_request /opt/stack/glance/glance/api/middleware/version_negotiation.py:44}}
Jul 27 18:16:47 ubuntu devstack@g-api.service[145095]: DEBUG glance.api.middleware.version_negotiation [None req-a5f648dc-1377-4b19-9cc7-92b120c3ff20 tempest-VolumesAdminNegativeTest-1673001557 tempest-VolumesAdminNegativeTest-1673001557-project] Using url versioning {{(pid=145095) process_request /opt/stack/glance/glance/api/middleware/version_negotiation.py:57}}
Jul 27 18:16:47 ubuntu devstack@g-api.service[145095]: DEBUG glance.api.middleware.version_negotiation [None req-a5f648dc-1377-4b19-9cc7-92b120c3ff20 tempest-VolumesAdminNegativeTest-1673001557 tempest-VolumesAdminNegativeTest-1673001557-project] Matched version: v2 {{(pid=145095) process_request /opt/stack/glance/glance/api/middleware/version_negotiation.py:69}}
Jul 27 18:16:47 ubuntu devstack@g-api.service[145095]: DEBUG glance.api.middleware.version_negotiation [None req-a5f648dc-1377-4b19-9cc7-92b120c3ff20 tempest-VolumesAdminNegativeTest-1673001557 tempest-VolumesAdminNegativeTest-1673001557-project] new path /v2/schemas/image {{(pid=145095) process_request /opt/stack/glance/glance/api/middleware/version_negotiation.py:70}}
Jul 27 18:16:47 ubuntu devstack@g-api.service[145095]: [pid: 145095|app: 0|req: 12/25] 127.0.0.1 () {42 vars in 989 bytes} [Wed Jul 27 18:16:47 2022] GET /v2/schemas/image => generated 6083 bytes in 8 msecs (HTTP/1.1 200) 4 headers in 158 bytes (1 switches on core 0)
Jul 27 18:16:57 ubuntu devstack@g-api.service[145093]: DEBUG dbcounter [-] [145093] Writing DB stats glance:SELECT=4 {{(pid=145093) stat_writer /usr/local/lib/python3.8/dist-packages/dbcounter.py:114}}
Jul 27 18:17:15 ubuntu devstack@g-api.service[145093]: DEBUG glance.api.middleware.version_negotiation [None req-f3c13a26-76b8-4498-b397-a3ceec7b7edb tempest-DeleteServersTestJSON-404350298 tempest-DeleteServersTestJSON-404350298-project] Determining version of request: GET /v2/images/721e3ae5-4f1e-48cc-84b1-b25d21479667 Accept: */* {{(pid=145093) process_request /opt/stack/glance/glance/api/middleware/version_negotiation.py:44}}
Jul 27 18:17:15 ubuntu devstack@g-api.service[145093]: DEBUG glance.api.middleware.version_negotiation [None req-f3c13a26-76b8-4498-b397-a3ceec7b7edb tempest-DeleteServersTestJSON-404350298 tempest-DeleteServersTestJSON-404350298-project] Using url versioning {{(pid=145093) process_request /opt/stack/glance/glance/api/middleware/version_negotiation.py:57}}
Jul 27 18:17:15 ubuntu devstack@g-api.service[145093]: DEBUG glance.api.middleware.version_negotiation [None req-f3c13a26-76b8-4498-b397-a3ceec7b7edb tempest-DeleteServersTestJSON-404350298 tempest-DeleteServersTestJSON-404350298-project] Matched version: v2 {{(pid=145093) process_request /opt/stack/glance/glance/api/middleware/version_negotiation.py:69}}
