Jul 08 22:35:32 ubuntu devstack@g-api.service[130819]: DEBUG glance_store.backend [None req-007d7b2d-e40f-49cc-8320-ff973cf91d3c admin admin] Attempting to import store swift {{(pid=130819) _load_store /usr/local/lib/python3.8/dist-packages/glance_store/backend.py:217}}
Jul 08 22:35:32 ubuntu devstack@g-api.service[130819]: DEBUG glance_store.capabilities [None req-007d7b2d-e40f-49cc-8320-ff973cf91d3c admin admin] Store glance_store._drivers.swift.store.SingleTenantStore doesn't support updating dynamic storage capabilities. Please overwrite 'update_capabilities' method of the store to implement updating logics if needed. {{(pid=130819) update_capabilities /usr/local/lib/python3.8/dist-packages/glance_store/capabilities.py:91}}
Jul 08 22:35:32 ubuntu devstack@g-api.service[130819]: DEBUG glance_store.driver [None req-007d7b2d-e40f-49cc-8320-ff973cf91d3c admin admin] Late loading location class glance_store._drivers.swift.store.StoreLocation {{(pid=130819) get_store_location_class /usr/local/lib/python3.8/dist-packages/glance_store/driver.py:117}}
Jul 08 22:35:32 ubuntu devstack@g-api.service[130819]: DEBUG glance_store.location [None req-007d7b2d-e40f-49cc-8320-ff973cf91d3c admin admin] Registering scheme swift+https with {'store': <glance_store._drivers.swift.store.SingleTenantStore object at 0x7f1819cecfa0>, 'location_class': <class 'glance_store._drivers.swift.store.StoreLocation'>, 'store_entry': 'swift'} {{(pid=130819) register_scheme_map /usr/local/lib/python3.8/dist-packages/glance_store/location.py:146}}
Jul 08 22:35:32 ubuntu devstack@g-api.service[130819]: DEBUG glance_store.location [None req-007d7b2d-e40f-49cc-8320-ff973cf91d3c admin admin] Registering scheme swift+https with {'store': <glance_store._drivers.swift.store.SingleTenantStore object at 0x7f1819cecfa0>, 'location_class': <class 'glance_store._drivers.swift.store.StoreLocation'>, 'store_entry': 'swift'} {{(pid=130819) register_scheme_map /usr/local/lib/python3.8/dist-packages/glance_store/location.py:146}}
Jul 08 22:35:32 ubuntu devstack@g-api.service[130819]: DEBUG glance_store.location [None req-007d7b2d-e40f-49cc-8320-ff973cf91d3c admin admin] Registering scheme swift with {'store': <glance_store._drivers.swift.store.SingleTenantStore object at 0x7f1819cecfa0>, 'location_class': <class 'glance_store._drivers.swift.store.StoreLocation'>, 'store_entry': 'swift'} {{(pid=130819) register_scheme_map /usr/local/lib/python3.8/dist-packages/glance_store/location.py:146}}
Jul 08 22:35:32 ubuntu devstack@g-api.service[130819]: DEBUG glance_store.location [None req-007d7b2d-e40f-49cc-8320-ff973cf91d3c admin admin] Registering scheme swift+https with {'store': <glance_store._drivers.swift.store.SingleTenantStore object at 0x7f1819cecfa0>, 'location_class': <class 'glance_store._drivers.swift.store.StoreLocation'>, 'store_entry': 'swift'} {{(pid=130819) register_scheme_map /usr/local/lib/python3.8/dist-packages/glance_store/location.py:146}}
Jul 08 22:35:32 ubuntu devstack@g-api.service[130819]: DEBUG glance_store.location [None req-007d7b2d-e40f-49cc-8320-ff973cf91d3c admin admin] Registering scheme swift with {'store': <glance_store._drivers.swift.store.SingleTenantStore object at 0x7f1819cecfa0>, 'location_class': <class 'glance_store._drivers.swift.store.StoreLocation'>, 'store_entry': 'swift'} {{(pid=130819) register_scheme_map /usr/local/lib/python3.8/dist-packages/glance_store/location.py:146}}
Jul 08 22:35:32 ubuntu devstack@g-api.service[130819]: DEBUG glance_store.location [None req-007d7b2d-e40f-49cc-8320-ff973cf91d3c admin admin] Registering scheme swift+http with {'store': <glance_store._drivers.swift.store.SingleTenantStore object at 0x7f1819cecfa0>, 'location_class': <class 'glance_store._drivers.swift.store.StoreLocation'>, 'store_entry': 'swift'} {{(pid=130819) register_scheme_map /usr/local/lib/python3.8/dist-packages/glance_store/location.py:146}}
Jul 08 22:35:32 ubuntu devstack@g-api.service[130819]: DEBUG glance_store.location [None req-007d7b2d-e40f-49cc-8320-ff973cf91d3c admin admin] Registering scheme swift+https with {'store': <glance_store._drivers.swift.store.SingleTenantStore object at 0x7f1819cecfa0>, 'location_class': <class 'glance_store._drivers.swift.store.StoreLocation'>, 'store_entry': 'swift'} {{(pid=130819) register_scheme_map /usr/local/lib/python3.8/dist-packages/glance_store/location.py:146}}
Jul 08 22:35:32 ubuntu devstack@g-api.service[130819]: DEBUG glance_store.location [None req-007d7b2d-e40f-49cc-8320-ff973cf91d3c admin admin] Registering scheme swift with {'store': <glance_store._drivers.swift.store.SingleTenantStore object at 0x7f1819cecfa0>, 'location_class': <class 'glance_store._drivers.swift.store.StoreLocation'>, 'store_entry': 'swift'} {{(pid=130819) register_scheme_map /usr/local/lib/python3.8/dist-packages/glance_store/location.py:146}}
Jul 08 22:35:32 ubuntu devstack@g-api.service[130819]: DEBUG glance_store.location [None req-007d7b2d-e40f-49cc-8320-ff973cf91d3c admin admin] Registering scheme swift+http with {'store': <glance_store._drivers.swift.store.SingleTenantStore object at 0x7f1819cecfa0>, 'location_class': <class 'glance_store._drivers.swift.store.StoreLocation'>, 'store_entry': 'swift'} {{(pid=130819) register_scheme_map /usr/local/lib/python3.8/dist-packages/glance_store/location.py:146}}
Jul 08 22:35:32 ubuntu devstack@g-api.service[130819]: DEBUG glance_store.location [None req-007d7b2d-e40f-49cc-8320-ff973cf91d3c admin admin] Registering scheme swift+config with {'store': <glance_store._drivers.swift.store.SingleTenantStore object at 0x7f1819cecfa0>, 'location_class': <class 'glance_store._drivers.swift.store.StoreLocation'>, 'store_entry': 'swift'} {{(pid=130819) register_scheme_map /usr/local/lib/python3.8/dist-packages/glance_store/location.py:146}}
Jul 08 22:35:32 ubuntu devstack@g-api.service[130819]: DEBUG glance_store.backend [None req-007d7b2d-e40f-49cc-8320-ff973cf91d3c admin admin] Skipping store.set_acls... not implemented. {{(pid=130819) set_acls /usr/local/lib/python3.8/dist-packages/glance_store/backend.py:509}}
Jul 08 22:35:32 ubuntu devstack@g-api.service[130819]: [pid: 130819|app: 0|req: 3/4] 127.0.0.1 () {40 vars in 862 bytes} [Fri Jul  8 22:35:29 2022] PUT /v2/images/730247d8-ee6e-4c1b-a8af-91bd9ce7cefe/file => generated 0 bytes in 3088 msecs (HTTP/1.1 204) 4 headers in 171 bytes (1 switches on core 0)
Jul 08 22:35:39 ubuntu devstack@g-api.service[130818]: DEBUG dbcounter [-] [130818] Writing DB stats glance:SELECT=9,glance:INSERT=5 {{(pid=130818) stat_writer /usr/local/lib/python3.8/dist-packages/dbcounter.py:114}}
Jul 08 22:35:42 ubuntu devstack@g-api.service[130819]: DEBUG dbcounter [-] [130819] Writing DB stats glance:SELECT=28,glance:UPDATE=2,glance:INSERT=1 {{(pid=130819) stat_writer /usr/local/lib/python3.8/dist-packages/dbcounter.py:114}}
Jul 08 22:36:16 ubuntu devstack@g-api.service[130818]: DEBUG glance.api.middleware.version_negotiation [None req-b331b3ba-dd2b-49f8-a110-88532715024d admin admin] Determining version of request: GET / Accept: application/json {{(pid=130818) process_request /opt/stack/glance/glance/api/middleware/version_negotiation.py:44}}
Jul 08 22:36:16 ubuntu devstack@g-api.service[130818]: DEBUG glance.api.middleware.version_negotiation [None req-b331b3ba-dd2b-49f8-a110-88532715024d admin admin] Using url versioning {{(pid=130818) process_request /opt/stack/glance/glance/api/middleware/version_negotiation.py:57}}
Jul 08 22:36:16 ubuntu devstack@g-api.service[130818]: DEBUG glance.api.middleware.version_negotiation [None req-b331b3ba-dd2b-49f8-a110-88532715024d admin admin] Unknown version. Returning version choices. {{(pid=130818) process_request /opt/stack/glance/glance/api/middleware/version_negotiation.py:64}}
Jul 08 22:36:16 ubuntu devstack@g-api.service[130818]: [pid: 130818|app: 0|req: 2/5] 127.0.0.1 () {34 vars in 506 bytes} [Fri Jul  8 22:36:16 2022] GET / => generated 1323 bytes in 3 msecs (HTTP/1.1 300) 3 headers in 106 bytes (1 switches on core 0)
Jul 08 22:36:16 ubuntu devstack@g-api.service[130819]: DEBUG glance.api.middleware.version_negotiation [None req-007d7b2d-e40f-49cc-8320-ff973cf91d3c admin admin] Determining version of request: GET /v2/images Accept: application/json {{(pid=130819) process_request /opt/stack/glance/glance/api/middleware/version_negotiation.py:44}}
Jul 08 22:36:16 ubuntu devstack@g-api.service[130819]: DEBUG glance.api.middleware.version_negotiation [None req-007d7b2d-e40f-49cc-8320-ff973cf91d3c admin admin] Using url versioning {{(pid=130819) process_request /opt/stack/glance/glance/api/middleware/version_negotiation.py:57}}
Jul 08 22:36:16 ubuntu devstack@g-api.service[130819]: DEBUG glance.api.middleware.version_negotiation [None req-007d7b2d-e40f-49cc-8320-ff973cf91d3c admin admin] Matched version: v2 {{(pid=130819) process_request /opt/stack/glance/glance/api/middleware/version_negotiation.py:69}}
Jul 08 22:36:16 ubuntu devstack@g-api.service[130819]: DEBUG glance.api.middleware.version_negotiation [None req-007d7b2d-e40f-49cc-8320-ff973cf91d3c admin admin] new path /v2/images {{(pid=130819) process_request /opt/stack/glance/glance/api/middleware/version_negotiation.py:70}}
Jul 08 22:36:17 ubuntu devstack@g-api.service[130819]: [pid: 130819|app: 0|req: 4/6] 127.0.0.1 () {36 vars in 728 bytes} [Fri Jul  8 22:36:16 2022] GET /v2/images => generated 1045 bytes in 536 msecs (HTTP/1.1 200) 4 headers in 158 bytes (1 switches on core 0)
Jul 08 22:36:24 ubuntu devstack@g-api.service[130818]: DEBUG glance.api.middleware.version_negotiation [None req-b331b3ba-dd2b-49f8-a110-88532715024d admin admin] Determining version of request: GET / Accept: application/json {{(pid=130818) process_request /opt/stack/glance/glance/api/middleware/version_negotiation.py:44}}
Jul 08 22:36:24 ubuntu devstack@g-api.service[130818]: DEBUG glance.api.middleware.version_negotiation [None req-b331b3ba-dd2b-49f8-a110-88532715024d admin admin] Using url versioning {{(pid=130818) process_request /opt/stack/glance/glance/api/middleware/version_negotiation.py:57}}
Jul 08 22:36:24 ubuntu devstack@g-api.service[130818]: DEBUG glance.api.middleware.version_negotiation [None req-b331b3ba-dd2b-49f8-a110-88532715024d admin admin] Unknown version. Returning version choices. {{(pid=130818) process_request /opt/stack/glance/glance/api/middleware/version_negotiation.py:64}}
Jul 08 22:36:24 ubuntu devstack@g-api.service[130818]: [pid: 130818|app: 0|req: 3/7] 127.0.0.1 () {34 vars in 506 bytes} [Fri Jul  8 22:36:24 2022] GET / => generated 1323 bytes in 4 msecs (HTTP/1.1 300) 3 headers in 106 bytes (1 switches on core 0)
Jul 08 22:36:24 ubuntu devstack@g-api.service[130819]: DEBUG glance.api.middleware.version_negotiation [None req-c3d746bc-a794-4319-a926-f5016c38558d admin admin] Determining version of request: GET /v2/images/730247d8-ee6e-4c1b-a8af-91bd9ce7cefe Accept: */* {{(pid=130819) process_request /opt/stack/glance/glance/api/middleware/version_negotiation.py:44}}
Jul 08 22:36:24 ubuntu devstack@g-api.service[130819]: DEBUG glance.api.middleware.version_negotiation [None req-c3d746bc-a794-4319-a926-f5016c38558d admin admin] Using url versioning {{(pid=130819) process_request /opt/stack/glance/glance/api/middleware/version_negotiation.py:57}}
Jul 08 22:36:24 ubuntu devstack@g-api.service[130819]: DEBUG glance.api.middleware.version_negotiation [None req-c3d746bc-a794-4319-a926-f5016c38558d admin admin] Matched version: v2 {{(pid=130819) process_request /opt/stack/glance/glance/api/middleware/version_negotiation.py:69}}
Jul 08 22:36:24 ubuntu devstack@g-api.service[130819]: DEBUG glance.api.middleware.version_negotiation [None req-c3d746bc-a794-4319-a926-f5016c38558d admin admin] new path /v2/images/730247d8-ee6e-4c1b-a8af-91bd9ce7cefe {{(pid=130819) process_request /opt/stack/glance/glance/api/middleware/version_negotiation.py:70}}
Jul 08 22:36:24 ubuntu devstack@g-api.service[130819]: [pid: 130819|app: 0|req: 5/8] 127.0.0.1 () {36 vars in 789 bytes} [Fri Jul  8 22:36:24 2022] GET /v2/images/730247d8-ee6e-4c1b-a8af-91bd9ce7cefe => generated 976 bytes in 400 msecs (HTTP/1.1 200) 4 headers in 157 bytes (1 switches on core 0)
Jul 08 22:36:28 ubuntu devstack@g-api.service[130818]: DEBUG glance.api.middleware.version_negotiation [None req-b331b3ba-dd2b-49f8-a110-88532715024d admin admin] Determining version of request: GET / Accept: application/json {{(pid=130818) process_request /opt/stack/glance/glance/api/middleware/version_negotiation.py:44}}
Jul 08 22:36:28 ubuntu devstack@g-api.service[130818]: DEBUG glance.api.middleware.version_negotiation [None req-b331b3ba-dd2b-49f8-a110-88532715024d admin admin] Using url versioning {{(pid=130818) process_request /opt/stack/glance/glance/api/middleware/version_negotiation.py:57}}
Jul 08 22:36:28 ubuntu devstack@g-api.service[130818]: DEBUG glance.api.middleware.version_negotiation [None req-b331b3ba-dd2b-49f8-a110-88532715024d admin admin] Unknown version. Returning version choices. {{(pid=130818) process_request /opt/stack/glance/glance/api/middleware/version_negotiation.py:64}}
Jul 08 22:36:28 ubuntu devstack@g-api.service[130818]: [pid: 130818|app: 0|req: 4/9] 127.0.0.1 () {34 vars in 506 bytes} [Fri Jul  8 22:36:28 2022] GET / => generated 1323 bytes in 5 msecs (HTTP/1.1 300) 3 headers in 106 bytes (1 switches on core 0)
Jul 08 22:36:28 ubuntu devstack@g-api.service[130819]: DEBUG glance.api.middleware.version_negotiation [None req-9a1c94f5-0f6e-4725-8120-59b89147fc19 admin admin] Determining version of request: GET /v2/images/730247d8-ee6e-4c1b-a8af-91bd9ce7cefe Accept: */* {{(pid=130819) process_request /opt/stack/glance/glance/api/middleware/version_negotiation.py:44}}
Jul 08 22:36:28 ubuntu devstack@g-api.service[130819]: DEBUG glance.api.middleware.version_negotiation [None req-9a1c94f5-0f6e-4725-8120-59b89147fc19 admin admin] Using url versioning {{(pid=130819) process_request /opt/stack/glance/glance/api/middleware/version_negotiation.py:57}}
Jul 08 22:36:28 ubuntu devstack@g-api.service[130819]: DEBUG glance.api.middleware.version_negotiation [None req-9a1c94f5-0f6e-4725-8120-59b89147fc19 admin admin] Matched version: v2 {{(pid=130819) process_request /opt/stack/glance/glance/api/middleware/version_negotiation.py:69}}
Jul 08 22:36:28 ubuntu devstack@g-api.service[130819]: DEBUG glance.api.middleware.version_negotiation [None req-9a1c94f5-0f6e-4725-8120-59b89147fc19 admin admin] new path /v2/images/730247d8-ee6e-4c1b-a8af-91bd9ce7cefe {{(pid=130819) process_request /opt/stack/glance/glance/api/middleware/version_negotiation.py:70}}
Jul 08 22:36:29 ubuntu devstack@g-api.service[130819]: [pid: 130819|app: 0|req: 6/10] 127.0.0.1 () {36 vars in 789 bytes} [Fri Jul  8 22:36:28 2022] GET /v2/images/730247d8-ee6e-4c1b-a8af-91bd9ce7cefe => generated 976 bytes in 324 msecs (HTTP/1.1 200) 4 headers in 157 bytes (1 switches on core 0)
Jul 08 22:36:39 ubuntu devstack@g-api.service[130819]: DEBUG dbcounter [-] [130819] Writing DB stats glance:SELECT=10 {{(pid=130819) stat_writer /usr/local/lib/python3.8/dist-packages/dbcounter.py:114}}
Jul 08 22:38:39 ubuntu devstack@g-api.service[130818]: DEBUG glance.api.middleware.version_negotiation [None req-b331b3ba-dd2b-49f8-a110-88532715024d admin admin] Determining version of request: GET /v1 Accept: application/json {{(pid=130818) process_request /opt/stack/glance/glance/api/middleware/version_negotiation.py:44}}
Jul 08 22:38:39 ubuntu devstack@g-api.service[130818]: DEBUG glance.api.middleware.version_negotiation [None req-b331b3ba-dd2b-49f8-a110-88532715024d admin admin] Using url versioning {{(pid=130818) process_request /opt/stack/glance/glance/api/middleware/version_negotiation.py:57}}
Jul 08 22:38:39 ubuntu devstack@g-api.service[130818]: DEBUG glance.api.middleware.version_negotiation [None req-b331b3ba-dd2b-49f8-a110-88532715024d admin admin] Unknown version. Returning version choices. {{(pid=130818) process_request /opt/stack/glance/glance/api/middleware/version_negotiation.py:64}}
Jul 08 22:38:39 ubuntu devstack@g-api.service[130818]: [pid: 130818|app: 0|req: 5/11] 127.0.0.1 () {38 vars in 685 bytes} [Fri Jul  8 22:38:39 2022] GET /v1 => generated 1323 bytes in 3 msecs (HTTP/1.1 300) 3 headers in 106 bytes (1 switches on core 0)
Jul 08 22:40:15 ubuntu devstack@g-api.service[130819]: DEBUG oslo_concurrency.lockutils [-] Acquired lock "glance-cache" {{(pid=130819) lock /usr/local/lib/python3.8/dist-packages/oslo_concurrency/lockutils.py:294}}
Jul 08 22:40:15 ubuntu devstack@g-api.service[130819]: DEBUG oslo_concurrency.lockutils [-] Acquired external semaphore "glance-cache" {{(pid=130819) lock /usr/local/lib/python3.8/dist-packages/oslo_concurrency/lockutils.py:302}}
Jul 08 22:40:15 ubuntu devstack@g-api.service[130819]: DEBUG glance.image_cache.prefetcher [-] Nothing to prefetch. {{(pid=130819) run /opt/stack/glance/glance/image_cache/prefetcher.py:79}}
Jul 08 22:40:15 ubuntu devstack@g-api.service[130819]: DEBUG oslo_concurrency.lockutils [-] Releasing lock "glance-cache" {{(pid=130819) lock /usr/local/lib/python3.8/dist-packages/oslo_concurrency/lockutils.py:312}}
Jul 08 22:40:15 ubuntu devstack@g-api.service[130818]: DEBUG oslo_concurrency.lockutils [-] Acquired lock "glance-cache" {{(pid=130818) lock /usr/local/lib/python3.8/dist-packages/oslo_concurrency/lockutils.py:294}}
Jul 08 22:40:15 ubuntu devstack@g-api.service[130818]: DEBUG oslo_concurrency.lockutils [-] Acquired external semaphore "glance-cache" {{(pid=130818) lock /usr/local/lib/python3.8/dist-packages/oslo_concurrency/lockutils.py:302}}
Jul 08 22:40:15 ubuntu devstack@g-api.service[130818]: DEBUG glance.image_cache.prefetcher [-] Nothing to prefetch. {{(pid=130818) run /opt/stack/glance/glance/image_cache/prefetcher.py:79}}
Jul 08 22:40:15 ubuntu devstack@g-api.service[130818]: DEBUG oslo_concurrency.lockutils [-] Releasing lock "glance-cache" {{(pid=130818) lock /usr/local/lib/python3.8/dist-packages/oslo_concurrency/lockutils.py:312}}
