Jul 29 15:06:04 ubuntu devstack@g-api.service[153591]: INFO glance.location [None req-cc74c0e3-b0b6-4b57-b5ad-5f6c5d5bedc2 admin admin] Image format matched and virtual size computed: 117440512
Jul 29 15:06:04 ubuntu devstack@g-api.service[153591]: DEBUG glance_store.backend [None req-cc74c0e3-b0b6-4b57-b5ad-5f6c5d5bedc2 admin admin] Attempting to import store swift {{(pid=153591) _load_store /usr/local/lib/python3.8/dist-packages/glance_store/backend.py:216}}
Jul 29 15:06:04 ubuntu devstack@g-api.service[153591]: DEBUG glance_store.capabilities [None req-cc74c0e3-b0b6-4b57-b5ad-5f6c5d5bedc2 admin admin] Store glance_store._drivers.swift.store.SingleTenantStore doesn't support updating dynamic storage capabilities. Please overwrite 'update_capabilities' method of the store to implement updating logics if needed. {{(pid=153591) update_capabilities /usr/local/lib/python3.8/dist-packages/glance_store/capabilities.py:91}}
Jul 29 15:06:04 ubuntu devstack@g-api.service[153591]: DEBUG glance_store.driver [None req-cc74c0e3-b0b6-4b57-b5ad-5f6c5d5bedc2 admin admin] Late loading location class glance_store._drivers.swift.store.StoreLocation {{(pid=153591) get_store_location_class /usr/local/lib/python3.8/dist-packages/glance_store/driver.py:116}}
Jul 29 15:06:04 ubuntu devstack@g-api.service[153591]: DEBUG glance_store.location [None req-cc74c0e3-b0b6-4b57-b5ad-5f6c5d5bedc2 admin admin] Registering scheme swift+https with {'store': <glance_store._drivers.swift.store.SingleTenantStore object at 0x7fac78d7f2b0>, 'location_class': <class 'glance_store._drivers.swift.store.StoreLocation'>, 'store_entry': 'swift'} {{(pid=153591) register_scheme_map /usr/local/lib/python3.8/dist-packages/glance_store/location.py:146}}
Jul 29 15:06:04 ubuntu devstack@g-api.service[153591]: DEBUG glance_store.location [None req-cc74c0e3-b0b6-4b57-b5ad-5f6c5d5bedc2 admin admin] Registering scheme swift+https with {'store': <glance_store._drivers.swift.store.SingleTenantStore object at 0x7fac78d7f2b0>, 'location_class': <class 'glance_store._drivers.swift.store.StoreLocation'>, 'store_entry': 'swift'} {{(pid=153591) register_scheme_map /usr/local/lib/python3.8/dist-packages/glance_store/location.py:146}}
Jul 29 15:06:04 ubuntu devstack@g-api.service[153591]: DEBUG glance_store.location [None req-cc74c0e3-b0b6-4b57-b5ad-5f6c5d5bedc2 admin admin] Registering scheme swift with {'store': <glance_store._drivers.swift.store.SingleTenantStore object at 0x7fac78d7f2b0>, 'location_class': <class 'glance_store._drivers.swift.store.StoreLocation'>, 'store_entry': 'swift'} {{(pid=153591) register_scheme_map /usr/local/lib/python3.8/dist-packages/glance_store/location.py:146}}
Jul 29 15:06:04 ubuntu devstack@g-api.service[153591]: DEBUG glance_store.location [None req-cc74c0e3-b0b6-4b57-b5ad-5f6c5d5bedc2 admin admin] Registering scheme swift+https with {'store': <glance_store._drivers.swift.store.SingleTenantStore object at 0x7fac78d7f2b0>, 'location_class': <class 'glance_store._drivers.swift.store.StoreLocation'>, 'store_entry': 'swift'} {{(pid=153591) register_scheme_map /usr/local/lib/python3.8/dist-packages/glance_store/location.py:146}}
Jul 29 15:06:04 ubuntu devstack@g-api.service[153591]: DEBUG glance_store.location [None req-cc74c0e3-b0b6-4b57-b5ad-5f6c5d5bedc2 admin admin] Registering scheme swift with {'store': <glance_store._drivers.swift.store.SingleTenantStore object at 0x7fac78d7f2b0>, 'location_class': <class 'glance_store._drivers.swift.store.StoreLocation'>, 'store_entry': 'swift'} {{(pid=153591) register_scheme_map /usr/local/lib/python3.8/dist-packages/glance_store/location.py:146}}
Jul 29 15:06:04 ubuntu devstack@g-api.service[153591]: DEBUG glance_store.location [None req-cc74c0e3-b0b6-4b57-b5ad-5f6c5d5bedc2 admin admin] Registering scheme swift+http with {'store': <glance_store._drivers.swift.store.SingleTenantStore object at 0x7fac78d7f2b0>, 'location_class': <class 'glance_store._drivers.swift.store.StoreLocation'>, 'store_entry': 'swift'} {{(pid=153591) register_scheme_map /usr/local/lib/python3.8/dist-packages/glance_store/location.py:146}}
Jul 29 15:06:04 ubuntu devstack@g-api.service[153591]: DEBUG glance_store.location [None req-cc74c0e3-b0b6-4b57-b5ad-5f6c5d5bedc2 admin admin] Registering scheme swift+https with {'store': <glance_store._drivers.swift.store.SingleTenantStore object at 0x7fac78d7f2b0>, 'location_class': <class 'glance_store._drivers.swift.store.StoreLocation'>, 'store_entry': 'swift'} {{(pid=153591) register_scheme_map /usr/local/lib/python3.8/dist-packages/glance_store/location.py:146}}
Jul 29 15:06:04 ubuntu devstack@g-api.service[153591]: DEBUG glance_store.location [None req-cc74c0e3-b0b6-4b57-b5ad-5f6c5d5bedc2 admin admin] Registering scheme swift with {'store': <glance_store._drivers.swift.store.SingleTenantStore object at 0x7fac78d7f2b0>, 'location_class': <class 'glance_store._drivers.swift.store.StoreLocation'>, 'store_entry': 'swift'} {{(pid=153591) register_scheme_map /usr/local/lib/python3.8/dist-packages/glance_store/location.py:146}}
Jul 29 15:06:04 ubuntu devstack@g-api.service[153591]: DEBUG glance_store.location [None req-cc74c0e3-b0b6-4b57-b5ad-5f6c5d5bedc2 admin admin] Registering scheme swift+http with {'store': <glance_store._drivers.swift.store.SingleTenantStore object at 0x7fac78d7f2b0>, 'location_class': <class 'glance_store._drivers.swift.store.StoreLocation'>, 'store_entry': 'swift'} {{(pid=153591) register_scheme_map /usr/local/lib/python3.8/dist-packages/glance_store/location.py:146}}
Jul 29 15:06:04 ubuntu devstack@g-api.service[153591]: DEBUG glance_store.location [None req-cc74c0e3-b0b6-4b57-b5ad-5f6c5d5bedc2 admin admin] Registering scheme swift+config with {'store': <glance_store._drivers.swift.store.SingleTenantStore object at 0x7fac78d7f2b0>, 'location_class': <class 'glance_store._drivers.swift.store.StoreLocation'>, 'store_entry': 'swift'} {{(pid=153591) register_scheme_map /usr/local/lib/python3.8/dist-packages/glance_store/location.py:146}}
Jul 29 15:06:04 ubuntu devstack@g-api.service[153591]: DEBUG glance_store.backend [None req-cc74c0e3-b0b6-4b57-b5ad-5f6c5d5bedc2 admin admin] Skipping store.set_acls... not implemented. {{(pid=153591) set_acls /usr/local/lib/python3.8/dist-packages/glance_store/backend.py:508}}
Jul 29 15:06:04 ubuntu devstack@g-api.service[153591]: [pid: 153591|app: 0|req: 3/4] 127.0.0.1 () {40 vars in 862 bytes} [Fri Jul 29 15:06:01 2022] PUT /v2/images/b6e0898c-2008-4d87-a3b0-f0a4409bd9fd/file => generated 0 bytes in 2848 msecs (HTTP/1.1 204) 4 headers in 171 bytes (1 switches on core 0)
Jul 29 15:06:11 ubuntu devstack@g-api.service[153590]: DEBUG dbcounter [-] [153590] Writing DB stats glance:SELECT=9,glance:INSERT=5 {{(pid=153590) stat_writer /usr/local/lib/python3.8/dist-packages/dbcounter.py:114}}
Jul 29 15:06:14 ubuntu devstack@g-api.service[153591]: DEBUG dbcounter [-] [153591] Writing DB stats glance:SELECT=28,glance:UPDATE=2,glance:INSERT=1 {{(pid=153591) stat_writer /usr/local/lib/python3.8/dist-packages/dbcounter.py:114}}
Jul 29 15:06:48 ubuntu devstack@g-api.service[153590]: DEBUG glance.api.middleware.version_negotiation [None req-2402d64c-638a-4dac-b02d-3bd3b54666e0 admin admin] Determining version of request: GET / Accept: application/json {{(pid=153590) process_request /opt/stack/glance/glance/api/middleware/version_negotiation.py:44}}
Jul 29 15:06:48 ubuntu devstack@g-api.service[153590]: DEBUG glance.api.middleware.version_negotiation [None req-2402d64c-638a-4dac-b02d-3bd3b54666e0 admin admin] Using url versioning {{(pid=153590) process_request /opt/stack/glance/glance/api/middleware/version_negotiation.py:57}}
Jul 29 15:06:48 ubuntu devstack@g-api.service[153590]: DEBUG glance.api.middleware.version_negotiation [None req-2402d64c-638a-4dac-b02d-3bd3b54666e0 admin admin] Unknown version. Returning version choices. {{(pid=153590) process_request /opt/stack/glance/glance/api/middleware/version_negotiation.py:64}}
Jul 29 15:06:48 ubuntu devstack@g-api.service[153590]: [pid: 153590|app: 0|req: 2/5] 127.0.0.1 () {34 vars in 506 bytes} [Fri Jul 29 15:06:48 2022] GET / => generated 1323 bytes in 2 msecs (HTTP/1.1 300) 3 headers in 106 bytes (1 switches on core 0)
Jul 29 15:06:48 ubuntu devstack@g-api.service[153591]: DEBUG glance.api.middleware.version_negotiation [None req-cc74c0e3-b0b6-4b57-b5ad-5f6c5d5bedc2 admin admin] Determining version of request: GET /v2/images Accept: application/json {{(pid=153591) process_request /opt/stack/glance/glance/api/middleware/version_negotiation.py:44}}
Jul 29 15:06:48 ubuntu devstack@g-api.service[153591]: DEBUG glance.api.middleware.version_negotiation [None req-cc74c0e3-b0b6-4b57-b5ad-5f6c5d5bedc2 admin admin] Using url versioning {{(pid=153591) process_request /opt/stack/glance/glance/api/middleware/version_negotiation.py:57}}
Jul 29 15:06:48 ubuntu devstack@g-api.service[153591]: DEBUG glance.api.middleware.version_negotiation [None req-cc74c0e3-b0b6-4b57-b5ad-5f6c5d5bedc2 admin admin] Matched version: v2 {{(pid=153591) process_request /opt/stack/glance/glance/api/middleware/version_negotiation.py:69}}
Jul 29 15:06:48 ubuntu devstack@g-api.service[153591]: DEBUG glance.api.middleware.version_negotiation [None req-cc74c0e3-b0b6-4b57-b5ad-5f6c5d5bedc2 admin admin] new path /v2/images {{(pid=153591) process_request /opt/stack/glance/glance/api/middleware/version_negotiation.py:70}}
Jul 29 15:06:49 ubuntu devstack@g-api.service[153591]: [pid: 153591|app: 0|req: 4/6] 127.0.0.1 () {36 vars in 728 bytes} [Fri Jul 29 15:06:48 2022] GET /v2/images => generated 1045 bytes in 432 msecs (HTTP/1.1 200) 4 headers in 158 bytes (1 switches on core 0)
Jul 29 15:06:56 ubuntu devstack@g-api.service[153590]: DEBUG glance.api.middleware.version_negotiation [None req-2402d64c-638a-4dac-b02d-3bd3b54666e0 admin admin] Determining version of request: GET / Accept: application/json {{(pid=153590) process_request /opt/stack/glance/glance/api/middleware/version_negotiation.py:44}}
Jul 29 15:06:56 ubuntu devstack@g-api.service[153590]: DEBUG glance.api.middleware.version_negotiation [None req-2402d64c-638a-4dac-b02d-3bd3b54666e0 admin admin] Using url versioning {{(pid=153590) process_request /opt/stack/glance/glance/api/middleware/version_negotiation.py:57}}
Jul 29 15:06:56 ubuntu devstack@g-api.service[153590]: DEBUG glance.api.middleware.version_negotiation [None req-2402d64c-638a-4dac-b02d-3bd3b54666e0 admin admin] Unknown version. Returning version choices. {{(pid=153590) process_request /opt/stack/glance/glance/api/middleware/version_negotiation.py:64}}
Jul 29 15:06:56 ubuntu devstack@g-api.service[153590]: [pid: 153590|app: 0|req: 3/7] 127.0.0.1 () {34 vars in 506 bytes} [Fri Jul 29 15:06:56 2022] GET / => generated 1323 bytes in 4 msecs (HTTP/1.1 300) 3 headers in 106 bytes (1 switches on core 0)
Jul 29 15:06:56 ubuntu devstack@g-api.service[153591]: DEBUG glance.api.middleware.version_negotiation [None req-5dcc68a7-63d1-47a7-98c2-0ed04c1fa5b2 admin admin] Determining version of request: GET /v2/images/b6e0898c-2008-4d87-a3b0-f0a4409bd9fd Accept: */* {{(pid=153591) process_request /opt/stack/glance/glance/api/middleware/version_negotiation.py:44}}
Jul 29 15:06:56 ubuntu devstack@g-api.service[153591]: DEBUG glance.api.middleware.version_negotiation [None req-5dcc68a7-63d1-47a7-98c2-0ed04c1fa5b2 admin admin] Using url versioning {{(pid=153591) process_request /opt/stack/glance/glance/api/middleware/version_negotiation.py:57}}
Jul 29 15:06:56 ubuntu devstack@g-api.service[153591]: DEBUG glance.api.middleware.version_negotiation [None req-5dcc68a7-63d1-47a7-98c2-0ed04c1fa5b2 admin admin] Matched version: v2 {{(pid=153591) process_request /opt/stack/glance/glance/api/middleware/version_negotiation.py:69}}
Jul 29 15:06:56 ubuntu devstack@g-api.service[153591]: DEBUG glance.api.middleware.version_negotiation [None req-5dcc68a7-63d1-47a7-98c2-0ed04c1fa5b2 admin admin] new path /v2/images/b6e0898c-2008-4d87-a3b0-f0a4409bd9fd {{(pid=153591) process_request /opt/stack/glance/glance/api/middleware/version_negotiation.py:70}}
Jul 29 15:06:56 ubuntu devstack@g-api.service[153591]: [pid: 153591|app: 0|req: 5/8] 127.0.0.1 () {36 vars in 789 bytes} [Fri Jul 29 15:06:56 2022] GET /v2/images/b6e0898c-2008-4d87-a3b0-f0a4409bd9fd => generated 976 bytes in 290 msecs (HTTP/1.1 200) 4 headers in 157 bytes (1 switches on core 0)
Jul 29 15:07:00 ubuntu devstack@g-api.service[153590]: DEBUG glance.api.middleware.version_negotiation [None req-2402d64c-638a-4dac-b02d-3bd3b54666e0 admin admin] Determining version of request: GET / Accept: application/json {{(pid=153590) process_request /opt/stack/glance/glance/api/middleware/version_negotiation.py:44}}
Jul 29 15:07:00 ubuntu devstack@g-api.service[153590]: DEBUG glance.api.middleware.version_negotiation [None req-2402d64c-638a-4dac-b02d-3bd3b54666e0 admin admin] Using url versioning {{(pid=153590) process_request /opt/stack/glance/glance/api/middleware/version_negotiation.py:57}}
Jul 29 15:07:00 ubuntu devstack@g-api.service[153590]: DEBUG glance.api.middleware.version_negotiation [None req-2402d64c-638a-4dac-b02d-3bd3b54666e0 admin admin] Unknown version. Returning version choices. {{(pid=153590) process_request /opt/stack/glance/glance/api/middleware/version_negotiation.py:64}}
Jul 29 15:07:00 ubuntu devstack@g-api.service[153590]: [pid: 153590|app: 0|req: 4/9] 127.0.0.1 () {34 vars in 506 bytes} [Fri Jul 29 15:07:00 2022] GET / => generated 1323 bytes in 2 msecs (HTTP/1.1 300) 3 headers in 106 bytes (1 switches on core 0)
Jul 29 15:07:00 ubuntu devstack@g-api.service[153591]: DEBUG glance.api.middleware.version_negotiation [None req-fe9559dd-53a8-4345-8f99-dd4d0e1617af admin admin] Determining version of request: GET /v2/images/b6e0898c-2008-4d87-a3b0-f0a4409bd9fd Accept: */* {{(pid=153591) process_request /opt/stack/glance/glance/api/middleware/version_negotiation.py:44}}
Jul 29 15:07:00 ubuntu devstack@g-api.service[153591]: DEBUG glance.api.middleware.version_negotiation [None req-fe9559dd-53a8-4345-8f99-dd4d0e1617af admin admin] Using url versioning {{(pid=153591) process_request /opt/stack/glance/glance/api/middleware/version_negotiation.py:57}}
Jul 29 15:07:00 ubuntu devstack@g-api.service[153591]: DEBUG glance.api.middleware.version_negotiation [None req-fe9559dd-53a8-4345-8f99-dd4d0e1617af admin admin] Matched version: v2 {{(pid=153591) process_request /opt/stack/glance/glance/api/middleware/version_negotiation.py:69}}
Jul 29 15:07:00 ubuntu devstack@g-api.service[153591]: DEBUG glance.api.middleware.version_negotiation [None req-fe9559dd-53a8-4345-8f99-dd4d0e1617af admin admin] new path /v2/images/b6e0898c-2008-4d87-a3b0-f0a4409bd9fd {{(pid=153591) process_request /opt/stack/glance/glance/api/middleware/version_negotiation.py:70}}
Jul 29 15:07:01 ubuntu devstack@g-api.service[153591]: [pid: 153591|app: 0|req: 6/10] 127.0.0.1 () {36 vars in 789 bytes} [Fri Jul 29 15:07:00 2022] GET /v2/images/b6e0898c-2008-4d87-a3b0-f0a4409bd9fd => generated 976 bytes in 262 msecs (HTTP/1.1 200) 4 headers in 157 bytes (1 switches on core 0)
Jul 29 15:07:11 ubuntu devstack@g-api.service[153591]: DEBUG dbcounter [-] [153591] Writing DB stats glance:SELECT=10 {{(pid=153591) stat_writer /usr/local/lib/python3.8/dist-packages/dbcounter.py:114}}
Jul 29 15:09:27 ubuntu devstack@g-api.service[153590]: DEBUG glance.api.middleware.version_negotiation [None req-2402d64c-638a-4dac-b02d-3bd3b54666e0 admin admin] Determining version of request: GET /v1 Accept: application/json {{(pid=153590) process_request /opt/stack/glance/glance/api/middleware/version_negotiation.py:44}}
Jul 29 15:09:27 ubuntu devstack@g-api.service[153590]: DEBUG glance.api.middleware.version_negotiation [None req-2402d64c-638a-4dac-b02d-3bd3b54666e0 admin admin] Using url versioning {{(pid=153590) process_request /opt/stack/glance/glance/api/middleware/version_negotiation.py:57}}
Jul 29 15:09:27 ubuntu devstack@g-api.service[153590]: DEBUG glance.api.middleware.version_negotiation [None req-2402d64c-638a-4dac-b02d-3bd3b54666e0 admin admin] Unknown version. Returning version choices. {{(pid=153590) process_request /opt/stack/glance/glance/api/middleware/version_negotiation.py:64}}
Jul 29 15:09:27 ubuntu devstack@g-api.service[153590]: [pid: 153590|app: 0|req: 5/11] 127.0.0.1 () {38 vars in 686 bytes} [Fri Jul 29 15:09:27 2022] GET /v1 => generated 1323 bytes in 6 msecs (HTTP/1.1 300) 3 headers in 106 bytes (1 switches on core 0)
Jul 29 15:11:44 ubuntu devstack@g-api.service[153591]: DEBUG glance.api.middleware.version_negotiation [None req-974f5c74-847f-4153-bc2d-7b0e55147320 admin admin] Determining version of request: GET /versions Accept: */* {{(pid=153591) process_request /opt/stack/glance/glance/api/middleware/version_negotiation.py:44}}
Jul 29 15:11:44 ubuntu devstack@g-api.service[153591]: [pid: 153591|app: 0|req: 7/12] 127.0.0.1 () {38 vars in 695 bytes} [Fri Jul 29 15:11:44 2022] GET /versions => generated 1323 bytes in 8 msecs (HTTP/1.1 200) 3 headers in 92 bytes (1 switches on core 0)
Jul 29 15:11:44 ubuntu devstack@g-api.service[153590]: DEBUG glance.api.middleware.version_negotiation [None req-2402d64c-638a-4dac-b02d-3bd3b54666e0 admin admin] Determining version of request: GET /v2/schemas/image Accept: */* {{(pid=153590) process_request /opt/stack/glance/glance/api/middleware/version_negotiation.py:44}}
Jul 29 15:11:44 ubuntu devstack@g-api.service[153590]: DEBUG glance.api.middleware.version_negotiation [None req-2402d64c-638a-4dac-b02d-3bd3b54666e0 admin admin] Using url versioning {{(pid=153590) process_request /opt/stack/glance/glance/api/middleware/version_negotiation.py:57}}
Jul 29 15:11:44 ubuntu devstack@g-api.service[153590]: DEBUG glance.api.middleware.version_negotiation [None req-2402d64c-638a-4dac-b02d-3bd3b54666e0 admin admin] Matched version: v2 {{(pid=153590) process_request /opt/stack/glance/glance/api/middleware/version_negotiation.py:69}}
Jul 29 15:11:44 ubuntu devstack@g-api.service[153590]: DEBUG glance.api.middleware.version_negotiation [None req-2402d64c-638a-4dac-b02d-3bd3b54666e0 admin admin] new path /v2/schemas/image {{(pid=153590) process_request /opt/stack/glance/glance/api/middleware/version_negotiation.py:70}}
Jul 29 15:11:44 ubuntu devstack@g-api.service[153590]: [pid: 153590|app: 0|req: 6/13] 127.0.0.1 () {38 vars in 711 bytes} [Fri Jul 29 15:11:44 2022] GET /v2/schemas/image => generated 6083 bytes in 134 msecs (HTTP/1.1 200) 4 headers in 158 bytes (1 switches on core 0)
Jul 29 15:11:44 ubuntu devstack@g-api.service[153591]: DEBUG glance.api.middleware.version_negotiation [None req-974f5c74-847f-4153-bc2d-7b0e55147320 admin admin] Determining version of request: GET /v2/schemas/metadefs/namespace Accept: */* {{(pid=153591) process_request /opt/stack/glance/glance/api/middleware/version_negotiation.py:44}}
Jul 29 15:11:44 ubuntu devstack@g-api.service[153591]: DEBUG glance.api.middleware.version_negotiation [None req-974f5c74-847f-4153-bc2d-7b0e55147320 admin admin] Using url versioning {{(pid=153591) process_request /opt/stack/glance/glance/api/middleware/version_negotiation.py:57}}
Jul 29 15:11:44 ubuntu devstack@g-api.service[153591]: DEBUG glance.api.middleware.version_negotiation [None req-974f5c74-847f-4153-bc2d-7b0e55147320 admin admin] Matched version: v2 {{(pid=153591) process_request /opt/stack/glance/glance/api/middleware/version_negotiation.py:69}}
Jul 29 15:11:44 ubuntu devstack@g-api.service[153591]: DEBUG glance.api.middleware.version_negotiation [None req-974f5c74-847f-4153-bc2d-7b0e55147320 admin admin] new path /v2/schemas/metadefs/namespace {{(pid=153591) process_request /opt/stack/glance/glance/api/middleware/version_negotiation.py:70}}
Jul 29 15:11:44 ubuntu devstack@g-api.service[153591]: [pid: 153591|app: 0|req: 8/14] 127.0.0.1 () {38 vars in 737 bytes} [Fri Jul 29 15:11:44 2022] GET /v2/schemas/metadefs/namespace => generated 3100 bytes in 7 msecs (HTTP/1.1 200) 4 headers in 158 bytes (1 switches on core 0)
Jul 29 15:11:44 ubuntu devstack@g-api.service[153590]: DEBUG glance.api.middleware.version_negotiation [None req-c9490a24-bf38-4fd7-b25a-3d825ca711cf admin admin] Determining version of request: GET /v2/schemas/metadefs/resource_type Accept: */* {{(pid=153590) process_request /opt/stack/glance/glance/api/middleware/version_negotiation.py:44}}
Jul 29 15:11:44 ubuntu devstack@g-api.service[153590]: DEBUG glance.api.middleware.version_negotiation [None req-c9490a24-bf38-4fd7-b25a-3d825ca711cf admin admin] Using url versioning {{(pid=153590) process_request /opt/stack/glance/glance/api/middleware/version_negotiation.py:57}}
Jul 29 15:11:44 ubuntu devstack@g-api.service[153590]: DEBUG glance.api.middleware.version_negotiation [None req-c9490a24-bf38-4fd7-b25a-3d825ca711cf admin admin] Matched version: v2 {{(pid=153590) process_request /opt/stack/glance/glance/api/middleware/version_negotiation.py:69}}
Jul 29 15:11:44 ubuntu devstack@g-api.service[153590]: DEBUG glance.api.middleware.version_negotiation [None req-c9490a24-bf38-4fd7-b25a-3d825ca711cf admin admin] new path /v2/schemas/metadefs/resource_type {{(pid=153590) process_request /opt/stack/glance/glance/api/middleware/version_negotiation.py:70}}
Jul 29 15:11:44 ubuntu devstack@g-api.service[153590]: [pid: 153590|app: 0|req: 7/15] 127.0.0.1 () {38 vars in 745 bytes} [Fri Jul 29 15:11:44 2022] GET /v2/schemas/metadefs/resource_type => generated 1260 bytes in 5 msecs (HTTP/1.1 200) 4 headers in 158 bytes (1 switches on core 0)
Jul 29 15:11:44 ubuntu devstack@g-api.service[153591]: DEBUG glance.api.middleware.version_negotiation [None req-815d724c-30fa-4b35-b583-1beedd4bcf96 admin admin] Determining version of request: GET /v2/images Accept: */* {{(pid=153591) process_request /opt/stack/glance/glance/api/middleware/version_negotiation.py:44}}
Jul 29 15:11:44 ubuntu devstack@g-api.service[153591]: DEBUG glance.api.middleware.version_negotiation [None req-815d724c-30fa-4b35-b583-1beedd4bcf96 admin admin] Using url versioning {{(pid=153591) process_request /opt/stack/glance/glance/api/middleware/version_negotiation.py:57}}
Jul 29 15:11:44 ubuntu devstack@g-api.service[153591]: DEBUG glance.api.middleware.version_negotiation [None req-815d724c-30fa-4b35-b583-1beedd4bcf96 admin admin] Matched version: v2 {{(pid=153591) process_request /opt/stack/glance/glance/api/middleware/version_negotiation.py:69}}
Jul 29 15:11:44 ubuntu devstack@g-api.service[153591]: DEBUG glance.api.middleware.version_negotiation [None req-815d724c-30fa-4b35-b583-1beedd4bcf96 admin admin] new path /v2/images {{(pid=153591) process_request /opt/stack/glance/glance/api/middleware/version_negotiation.py:70}}
Jul 29 15:11:45 ubuntu devstack@g-api.service[153591]: [pid: 153591|app: 0|req: 9/16] 127.0.0.1 () {38 vars in 768 bytes} [Fri Jul 29 15:11:44 2022] GET /v2/images?limit=20&sort_key=name&sort_dir=asc => generated 1081 bytes in 65 msecs (HTTP/1.1 200) 4 headers in 158 bytes (1 switches on core 0)
Jul 29 15:11:45 ubuntu devstack@g-api.service[153590]: DEBUG glance.api.middleware.version_negotiation [None req-31277ff7-f549-4281-bf7d-c9d5eaadf28d admin admin] Determining version of request: GET /v2/schemas/image Accept: */* {{(pid=153590) process_request /opt/stack/glance/glance/api/middleware/version_negotiation.py:44}}
Jul 29 15:11:45 ubuntu devstack@g-api.service[153590]: DEBUG glance.api.middleware.version_negotiation [None req-31277ff7-f549-4281-bf7d-c9d5eaadf28d admin admin] Using url versioning {{(pid=153590) process_request /opt/stack/glance/glance/api/middleware/version_negotiation.py:57}}
Jul 29 15:11:45 ubuntu devstack@g-api.service[153590]: DEBUG glance.api.middleware.version_negotiation [None req-31277ff7-f549-4281-bf7d-c9d5eaadf28d admin admin] Matched version: v2 {{(pid=153590) process_request /opt/stack/glance/glance/api/middleware/version_negotiation.py:69}}
Jul 29 15:11:45 ubuntu devstack@g-api.service[153590]: DEBUG glance.api.middleware.version_negotiation [None req-31277ff7-f549-4281-bf7d-c9d5eaadf28d admin admin] new path /v2/schemas/image {{(pid=153590) process_request /opt/stack/glance/glance/api/middleware/version_negotiation.py:70}}
Jul 29 15:11:45 ubuntu devstack@g-api.service[153590]: [pid: 153590|app: 0|req: 8/17] 127.0.0.1 () {38 vars in 711 bytes} [Fri Jul 29 15:11:45 2022] GET /v2/schemas/image => generated 6083 bytes in 4 msecs (HTTP/1.1 200) 4 headers in 158 bytes (1 switches on core 0)
Jul 29 15:11:55 ubuntu devstack@g-api.service[153591]: DEBUG dbcounter [-] [153591] Writing DB stats glance:SELECT=2 {{(pid=153591) stat_writer /usr/local/lib/python3.8/dist-packages/dbcounter.py:114}}
Jul 29 15:11:59 ubuntu devstack@g-api.service[153591]: DEBUG glance.api.middleware.version_negotiation [None req-93c862ac-483a-4fc9-b770-955e2b6ea8b6 admin admin] Determining version of request: GET / Accept: application/json {{(pid=153591) process_request /opt/stack/glance/glance/api/middleware/version_negotiation.py:44}}
Jul 29 15:11:59 ubuntu devstack@g-api.service[153591]: DEBUG glance.api.middleware.version_negotiation [None req-93c862ac-483a-4fc9-b770-955e2b6ea8b6 admin admin] Using url versioning {{(pid=153591) process_request /opt/stack/glance/glance/api/middleware/version_negotiation.py:57}}
Jul 29 15:11:59 ubuntu devstack@g-api.service[153591]: DEBUG glance.api.middleware.version_negotiation [None req-93c862ac-483a-4fc9-b770-955e2b6ea8b6 admin admin] Unknown version. Returning version choices. {{(pid=153591) process_request /opt/stack/glance/glance/api/middleware/version_negotiation.py:64}}
Jul 29 15:11:59 ubuntu devstack@g-api.service[153591]: [pid: 153591|app: 0|req: 10/18] 127.0.0.1 () {34 vars in 492 bytes} [Fri Jul 29 15:11:59 2022] GET / => generated 1323 bytes in 8 msecs (HTTP/1.1 300) 3 headers in 106 bytes (1 switches on core 0)
Jul 29 15:11:59 ubuntu devstack@g-api.service[153590]: DEBUG glance.api.middleware.version_negotiation [None req-ce3aca7b-5018-4eef-b50b-d261dc0bdef3 admin admin] Determining version of request: GET /v2/images/b6e0898c-2008-4d87-a3b0-f0a4409bd9fd Accept: */* {{(pid=153590) process_request /opt/stack/glance/glance/api/middleware/version_negotiation.py:44}}
Jul 29 15:11:59 ubuntu devstack@g-api.service[153590]: DEBUG glance.api.middleware.version_negotiation [None req-ce3aca7b-5018-4eef-b50b-d261dc0bdef3 admin admin] Using url versioning {{(pid=153590) process_request /opt/stack/glance/glance/api/middleware/version_negotiation.py:57}}
Jul 29 15:11:59 ubuntu devstack@g-api.service[153590]: DEBUG glance.api.middleware.version_negotiation [None req-ce3aca7b-5018-4eef-b50b-d261dc0bdef3 admin admin] Matched version: v2 {{(pid=153590) process_request /opt/stack/glance/glance/api/middleware/version_negotiation.py:69}}
Jul 29 15:11:59 ubuntu devstack@g-api.service[153590]: DEBUG glance.api.middleware.version_negotiation [None req-ce3aca7b-5018-4eef-b50b-d261dc0bdef3 admin admin] new path /v2/images/b6e0898c-2008-4d87-a3b0-f0a4409bd9fd {{(pid=153590) process_request /opt/stack/glance/glance/api/middleware/version_negotiation.py:70}}
Jul 29 15:11:59 ubuntu devstack@g-api.service[153590]: WARNING keystonemiddleware.auth_token [None req-ce3aca7b-5018-4eef-b50b-d261dc0bdef3 admin admin] A valid token was submitted as a service token, but it was not a valid service token. This is incorrect but backwards compatible behaviour. This will be removed in future releases.
Jul 29 15:11:59 ubuntu devstack@g-api.service[153590]: [pid: 153590|app: 0|req: 9/19] 127.0.0.1 () {42 vars in 1049 bytes} [Fri Jul 29 15:11:59 2022] GET /v2/images/b6e0898c-2008-4d87-a3b0-f0a4409bd9fd => generated 976 bytes in 115 msecs (HTTP/1.1 200) 4 headers in 157 bytes (1 switches on core 0)
Jul 29 15:11:59 ubuntu devstack@g-api.service[153591]: DEBUG glance.api.middleware.version_negotiation [None req-93c862ac-483a-4fc9-b770-955e2b6ea8b6 admin admin] Determining version of request: GET /v2/schemas/image Accept: */* {{(pid=153591) process_request /opt/stack/glance/glance/api/middleware/version_negotiation.py:44}}
Jul 29 15:11:59 ubuntu devstack@g-api.service[153591]: DEBUG glance.api.middleware.version_negotiation [None req-93c862ac-483a-4fc9-b770-955e2b6ea8b6 admin admin] Using url versioning {{(pid=153591) process_request /opt/stack/glance/glance/api/middleware/version_negotiation.py:57}}
Jul 29 15:11:59 ubuntu devstack@g-api.service[153591]: DEBUG glance.api.middleware.version_negotiation [None req-93c862ac-483a-4fc9-b770-955e2b6ea8b6 admin admin] Matched version: v2 {{(pid=153591) process_request /opt/stack/glance/glance/api/middleware/version_negotiation.py:69}}
Jul 29 15:11:59 ubuntu devstack@g-api.service[153591]: DEBUG glance.api.middleware.version_negotiation [None req-93c862ac-483a-4fc9-b770-955e2b6ea8b6 admin admin] new path /v2/schemas/image {{(pid=153591) process_request /opt/stack/glance/glance/api/middleware/version_negotiation.py:70}}
Jul 29 15:11:59 ubuntu devstack@g-api.service[153591]: WARNING keystonemiddleware.auth_token [None req-93c862ac-483a-4fc9-b770-955e2b6ea8b6 admin admin] A valid token was submitted as a service token, but it was not a valid service token. This is incorrect but backwards compatible behaviour. This will be removed in future releases.
Jul 29 15:11:59 ubuntu devstack@g-api.service[153591]: [pid: 153591|app: 0|req: 11/20] 127.0.0.1 () {42 vars in 989 bytes} [Fri Jul 29 15:11:59 2022] GET /v2/schemas/image => generated 6083 bytes in 11 msecs (HTTP/1.1 200) 4 headers in 158 bytes (1 switches on core 0)
Jul 29 15:12:01 ubuntu devstack@g-api.service[153590]: DEBUG glance.api.middleware.version_negotiation [None req-67437e6c-c79d-449b-9311-a16b3b76388f tempest-VolumesAdminNegativeTest-1375686425 tempest-VolumesAdminNegativeTest-1375686425-project] Determining version of request: GET /v2/images/b6e0898c-2008-4d87-a3b0-f0a4409bd9fd Accept: */* {{(pid=153590) process_request /opt/stack/glance/glance/api/middleware/version_negotiation.py:44}}
Jul 29 15:12:01 ubuntu devstack@g-api.service[153590]: DEBUG glance.api.middleware.version_negotiation [None req-67437e6c-c79d-449b-9311-a16b3b76388f tempest-VolumesAdminNegativeTest-1375686425 tempest-VolumesAdminNegativeTest-1375686425-project] Using url versioning {{(pid=153590) process_request /opt/stack/glance/glance/api/middleware/version_negotiation.py:57}}
Jul 29 15:12:01 ubuntu devstack@g-api.service[153590]: DEBUG glance.api.middleware.version_negotiation [None req-67437e6c-c79d-449b-9311-a16b3b76388f tempest-VolumesAdminNegativeTest-1375686425 tempest-VolumesAdminNegativeTest-1375686425-project] Matched version: v2 {{(pid=153590) process_request /opt/stack/glance/glance/api/middleware/version_negotiation.py:69}}
Jul 29 15:12:01 ubuntu devstack@g-api.service[153590]: DEBUG glance.api.middleware.version_negotiation [None req-67437e6c-c79d-449b-9311-a16b3b76388f tempest-VolumesAdminNegativeTest-1375686425 tempest-VolumesAdminNegativeTest-1375686425-project] new path /v2/images/b6e0898c-2008-4d87-a3b0-f0a4409bd9fd {{(pid=153590) process_request /opt/stack/glance/glance/api/middleware/version_negotiation.py:70}}
Jul 29 15:12:01 ubuntu devstack@g-api.service[153590]: [pid: 153590|app: 0|req: 10/21] 127.0.0.1 () {42 vars in 1049 bytes} [Fri Jul 29 15:12:01 2022] GET /v2/images/b6e0898c-2008-4d87-a3b0-f0a4409bd9fd => generated 976 bytes in 18 msecs (HTTP/1.1 200) 4 headers in 157 bytes (1 switches on core 0)
Jul 29 15:12:01 ubuntu devstack@g-api.service[153591]: DEBUG glance.api.middleware.version_negotiation [None req-67437e6c-c79d-449b-9311-a16b3b76388f tempest-VolumesAdminNegativeTest-1375686425 tempest-VolumesAdminNegativeTest-1375686425-project] Determining version of request: GET /v2/images/b6e0898c-2008-4d87-a3b0-f0a4409bd9fd/file Accept: */* {{(pid=153591) process_request /opt/stack/glance/glance/api/middleware/version_negotiation.py:44}}
Jul 29 15:12:01 ubuntu devstack@g-api.service[153591]: DEBUG glance.api.middleware.version_negotiation [None req-67437e6c-c79d-449b-9311-a16b3b76388f tempest-VolumesAdminNegativeTest-1375686425 tempest-VolumesAdminNegativeTest-1375686425-project] Using url versioning {{(pid=153591) process_request /opt/stack/glance/glance/api/middleware/version_negotiation.py:57}}
Jul 29 15:12:01 ubuntu devstack@g-api.service[153591]: DEBUG glance.api.middleware.version_negotiation [None req-67437e6c-c79d-449b-9311-a16b3b76388f tempest-VolumesAdminNegativeTest-1375686425 tempest-VolumesAdminNegativeTest-1375686425-project] Matched version: v2 {{(pid=153591) process_request /opt/stack/glance/glance/api/middleware/version_negotiation.py:69}}
Jul 29 15:12:01 ubuntu devstack@g-api.service[153591]: DEBUG glance.api.middleware.version_negotiation [None req-67437e6c-c79d-449b-9311-a16b3b76388f tempest-VolumesAdminNegativeTest-1375686425 tempest-VolumesAdminNegativeTest-1375686425-project] new path /v2/images/b6e0898c-2008-4d87-a3b0-f0a4409bd9fd/file {{(pid=153591) process_request /opt/stack/glance/glance/api/middleware/version_negotiation.py:70}}
Jul 29 15:12:01 ubuntu devstack@g-api.service[153591]: DEBUG glance_store.backend [None req-67437e6c-c79d-449b-9311-a16b3b76388f tempest-VolumesAdminNegativeTest-1375686425 tempest-VolumesAdminNegativeTest-1375686425-project] Attempting to import store swift {{(pid=153591) _load_store /usr/local/lib/python3.8/dist-packages/glance_store/backend.py:216}}
Jul 29 15:12:01 ubuntu devstack@g-api.service[153591]: DEBUG glance_store.capabilities [None req-67437e6c-c79d-449b-9311-a16b3b76388f tempest-VolumesAdminNegativeTest-1375686425 tempest-VolumesAdminNegativeTest-1375686425-project] Store glance_store._drivers.swift.store.SingleTenantStore doesn't support updating dynamic storage capabilities. Please overwrite 'update_capabilities' method of the store to implement updating logics if needed. {{(pid=153591) update_capabilities /usr/local/lib/python3.8/dist-packages/glance_store/capabilities.py:91}}
Jul 29 15:12:01 ubuntu devstack@g-api.service[153591]: DEBUG glance_store.driver [None req-67437e6c-c79d-449b-9311-a16b3b76388f tempest-VolumesAdminNegativeTest-1375686425 tempest-VolumesAdminNegativeTest-1375686425-project] Late loading location class glance_store._drivers.swift.store.StoreLocation {{(pid=153591) get_store_location_class /usr/local/lib/python3.8/dist-packages/glance_store/driver.py:116}}
Jul 29 15:12:01 ubuntu devstack@g-api.service[153591]: DEBUG glance_store.location [None req-67437e6c-c79d-449b-9311-a16b3b76388f tempest-VolumesAdminNegativeTest-1375686425 tempest-VolumesAdminNegativeTest-1375686425-project] Registering scheme swift+https with {'store': <glance_store._drivers.swift.store.SingleTenantStore object at 0x7fac739549a0>, 'location_class': <class 'glance_store._drivers.swift.store.StoreLocation'>, 'store_entry': 'swift'} {{(pid=153591) register_scheme_map /usr/local/lib/python3.8/dist-packages/glance_store/location.py:146}}
Jul 29 15:12:01 ubuntu devstack@g-api.service[153591]: DEBUG glance_store.location [None req-67437e6c-c79d-449b-9311-a16b3b76388f tempest-VolumesAdminNegativeTest-1375686425 tempest-VolumesAdminNegativeTest-1375686425-project] Registering scheme swift+https with {'store': <glance_store._drivers.swift.store.SingleTenantStore object at 0x7fac739549a0>, 'location_class': <class 'glance_store._drivers.swift.store.StoreLocation'>, 'store_entry': 'swift'} {{(pid=153591) register_scheme_map /usr/local/lib/python3.8/dist-packages/glance_store/location.py:146}}
Jul 29 15:12:01 ubuntu devstack@g-api.service[153591]: DEBUG glance_store.location [None req-67437e6c-c79d-449b-9311-a16b3b76388f tempest-VolumesAdminNegativeTest-1375686425 tempest-VolumesAdminNegativeTest-1375686425-project] Registering scheme swift with {'store': <glance_store._drivers.swift.store.SingleTenantStore object at 0x7fac739549a0>, 'location_class': <class 'glance_store._drivers.swift.store.StoreLocation'>, 'store_entry': 'swift'} {{(pid=153591) register_scheme_map /usr/local/lib/python3.8/dist-packages/glance_store/location.py:146}}
Jul 29 15:12:01 ubuntu devstack@g-api.service[153591]: DEBUG glance_store.location [None req-67437e6c-c79d-449b-9311-a16b3b76388f tempest-VolumesAdminNegativeTest-1375686425 tempest-VolumesAdminNegativeTest-1375686425-project] Registering scheme swift+https with {'store': <glance_store._drivers.swift.store.SingleTenantStore object at 0x7fac739549a0>, 'location_class': <class 'glance_store._drivers.swift.store.StoreLocation'>, 'store_entry': 'swift'} {{(pid=153591) register_scheme_map /usr/local/lib/python3.8/dist-packages/glance_store/location.py:146}}
Jul 29 15:12:01 ubuntu devstack@g-api.service[153591]: DEBUG glance_store.location [None req-67437e6c-c79d-449b-9311-a16b3b76388f tempest-VolumesAdminNegativeTest-1375686425 tempest-VolumesAdminNegativeTest-1375686425-project] Registering scheme swift with {'store': <glance_store._drivers.swift.store.SingleTenantStore object at 0x7fac739549a0>, 'location_class': <class 'glance_store._drivers.swift.store.StoreLocation'>, 'store_entry': 'swift'} {{(pid=153591) register_scheme_map /usr/local/lib/python3.8/dist-packages/glance_store/location.py:146}}
Jul 29 15:12:01 ubuntu devstack@g-api.service[153591]: DEBUG glance_store.location [None req-67437e6c-c79d-449b-9311-a16b3b76388f tempest-VolumesAdminNegativeTest-1375686425 tempest-VolumesAdminNegativeTest-1375686425-project] Registering scheme swift+http with {'store': <glance_store._drivers.swift.store.SingleTenantStore object at 0x7fac739549a0>, 'location_class': <class 'glance_store._drivers.swift.store.StoreLocation'>, 'store_entry': 'swift'} {{(pid=153591) register_scheme_map /usr/local/lib/python3.8/dist-packages/glance_store/location.py:146}}
Jul 29 15:12:01 ubuntu devstack@g-api.service[153591]: DEBUG glance_store.location [None req-67437e6c-c79d-449b-9311-a16b3b76388f tempest-VolumesAdminNegativeTest-1375686425 tempest-VolumesAdminNegativeTest-1375686425-project] Registering scheme swift+https with {'store': <glance_store._drivers.swift.store.SingleTenantStore object at 0x7fac739549a0>, 'location_class': <class 'glance_store._drivers.swift.store.StoreLocation'>, 'store_entry': 'swift'} {{(pid=153591) register_scheme_map /usr/local/lib/python3.8/dist-packages/glance_store/location.py:146}}
Jul 29 15:12:01 ubuntu devstack@g-api.service[153591]: DEBUG glance_store.location [None req-67437e6c-c79d-449b-9311-a16b3b76388f tempest-VolumesAdminNegativeTest-1375686425 tempest-VolumesAdminNegativeTest-1375686425-project] Registering scheme swift with {'store': <glance_store._drivers.swift.store.SingleTenantStore object at 0x7fac739549a0>, 'location_class': <class 'glance_store._drivers.swift.store.StoreLocation'>, 'store_entry': 'swift'} {{(pid=153591) register_scheme_map /usr/local/lib/python3.8/dist-packages/glance_store/location.py:146}}
Jul 29 15:12:01 ubuntu devstack@g-api.service[153591]: DEBUG glance_store.location [None req-67437e6c-c79d-449b-9311-a16b3b76388f tempest-VolumesAdminNegativeTest-1375686425 tempest-VolumesAdminNegativeTest-1375686425-project] Registering scheme swift+http with {'store': <glance_store._drivers.swift.store.SingleTenantStore object at 0x7fac739549a0>, 'location_class': <class 'glance_store._drivers.swift.store.StoreLocation'>, 'store_entry': 'swift'} {{(pid=153591) register_scheme_map /usr/local/lib/python3.8/dist-packages/glance_store/location.py:146}}
Jul 29 15:12:01 ubuntu devstack@g-api.service[153591]: DEBUG glance_store.location [None req-67437e6c-c79d-449b-9311-a16b3b76388f tempest-VolumesAdminNegativeTest-1375686425 tempest-VolumesAdminNegativeTest-1375686425-project] Registering scheme swift+config with {'store': <glance_store._drivers.swift.store.SingleTenantStore object at 0x7fac739549a0>, 'location_class': <class 'glance_store._drivers.swift.store.StoreLocation'>, 'store_entry': 'swift'} {{(pid=153591) register_scheme_map /usr/local/lib/python3.8/dist-packages/glance_store/location.py:146}}
Jul 29 15:12:02 ubuntu devstack@g-api.service[153591]: DEBUG swiftclient [None req-67437e6c-c79d-449b-9311-a16b3b76388f tempest-VolumesAdminNegativeTest-1375686425 tempest-VolumesAdminNegativeTest-1375686425-project] REQ: curl -i http://192.168.79.45:8080/v1/AUTH_a83af65086634e9698b390242dd8e69f/glance/b6e0898c-2008-4d87-a3b0-f0a4409bd9fd -X GET -H "X-Auth-Token: gAAAAABi4_jBb4Vr..." {{(pid=153591) http_log /usr/local/lib/python3.8/dist-packages/swiftclient/client.py:157}}
Jul 29 15:12:02 ubuntu devstack@g-api.service[153591]: DEBUG swiftclient [None req-67437e6c-c79d-449b-9311-a16b3b76388f tempest-VolumesAdminNegativeTest-1375686425 tempest-VolumesAdminNegativeTest-1375686425-project] RESP STATUS: 200 OK {{(pid=153591) http_log /usr/local/lib/python3.8/dist-packages/swiftclient/client.py:158}}
Jul 29 15:12:02 ubuntu devstack@g-api.service[153591]: DEBUG swiftclient [None req-67437e6c-c79d-449b-9311-a16b3b76388f tempest-VolumesAdminNegativeTest-1375686425 tempest-VolumesAdminNegativeTest-1375686425-project] RESP HEADERS: {'Content-Type': 'application/octet-stream', 'Etag': '1d3062cd89af34e419f7100277f38b2b', 'Last-Modified': 'Fri, 29 Jul 2022 15:06:05 GMT', 'X-Timestamp': '1659107164.11919', 'Accept-Ranges': 'bytes', 'Content-Length': '16338944', 'X-Trans-Id': 'txe46933b6fbc24bf7bf321-0062e3f8c2', 'X-Openstack-Request-Id': 'txe46933b6fbc24bf7bf321-0062e3f8c2', 'Date': 'Fri, 29 Jul 2022 15:12:02 GMT'} {{(pid=153591) http_log /usr/local/lib/python3.8/dist-packages/swiftclient/client.py:159}}
Jul 29 15:12:02 ubuntu devstack@g-api.service[153591]: DEBUG glance.image_cache [None req-67437e6c-c79d-449b-9311-a16b3b76388f tempest-VolumesAdminNegativeTest-1375686425 tempest-VolumesAdminNegativeTest-1375686425-project] Tee'ing image 'b6e0898c-2008-4d87-a3b0-f0a4409bd9fd' into cache {{(pid=153591) get_caching_iter /opt/stack/glance/glance/image_cache/__init__.py:343}}
Jul 29 15:12:02 ubuntu devstack@g-api.service[153591]: DEBUG glance.image_cache.drivers.sqlite [None req-67437e6c-c79d-449b-9311-a16b3b76388f tempest-VolumesAdminNegativeTest-1375686425 tempest-VolumesAdminNegativeTest-1375686425-project] Fetch finished, moving '/opt/stack/data/glance/cache/incomplete/b6e0898c-2008-4d87-a3b0-f0a4409bd9fd' to '/opt/stack/data/glance/cache/b6e0898c-2008-4d87-a3b0-f0a4409bd9fd' {{(pid=153591) commit /opt/stack/glance/glance/image_cache/drivers/sqlite.py:324}}
Jul 29 15:12:02 ubuntu devstack@g-api.service[153591]: [pid: 153591|app: 0|req: 12/22] 127.0.0.1 () {42 vars in 1059 bytes} [Fri Jul 29 15:12:01 2022] GET /v2/images/b6e0898c-2008-4d87-a3b0-f0a4409bd9fd/file => generated 16338944 bytes in 478 msecs (HTTP/1.1 200) 4 headers in 191 bytes (252 switches on core 0)
Jul 29 15:12:11 ubuntu devstack@g-api.service[153590]: DEBUG dbcounter [-] [153590] Writing DB stats glance:SELECT=8 {{(pid=153590) stat_writer /usr/local/lib/python3.8/dist-packages/dbcounter.py:114}}
Jul 29 15:12:12 ubuntu devstack@g-api.service[153591]: DEBUG dbcounter [-] [153591] Writing DB stats glance:SELECT=8 {{(pid=153591) stat_writer /usr/local/lib/python3.8/dist-packages/dbcounter.py:114}}
Jul 29 15:12:30 ubuntu devstack@g-api.service[153590]: DEBUG glance.api.middleware.version_negotiation [None req-67437e6c-c79d-449b-9311-a16b3b76388f tempest-VolumesAdminNegativeTest-1375686425 tempest-VolumesAdminNegativeTest-1375686425-project] Determining version of request: GET / Accept: application/json {{(pid=153590) process_request /opt/stack/glance/glance/api/middleware/version_negotiation.py:44}}
Jul 29 15:12:30 ubuntu devstack@g-api.service[153590]: DEBUG glance.api.middleware.version_negotiation [None req-67437e6c-c79d-449b-9311-a16b3b76388f tempest-VolumesAdminNegativeTest-1375686425 tempest-VolumesAdminNegativeTest-1375686425-project] Using url versioning {{(pid=153590) process_request /opt/stack/glance/glance/api/middleware/version_negotiation.py:57}}
Jul 29 15:12:30 ubuntu devstack@g-api.service[153590]: DEBUG glance.api.middleware.version_negotiation [None req-67437e6c-c79d-449b-9311-a16b3b76388f tempest-VolumesAdminNegativeTest-1375686425 tempest-VolumesAdminNegativeTest-1375686425-project] Unknown version. Returning version choices. {{(pid=153590) process_request /opt/stack/glance/glance/api/middleware/version_negotiation.py:64}}
Jul 29 15:12:30 ubuntu devstack@g-api.service[153590]: [pid: 153590|app: 0|req: 11/23] 127.0.0.1 () {34 vars in 492 bytes} [Fri Jul 29 15:12:30 2022] GET / => generated 1323 bytes in 2 msecs (HTTP/1.1 300) 3 headers in 106 bytes (1 switches on core 0)
Jul 29 15:12:30 ubuntu devstack@g-api.service[153591]: DEBUG glance.api.middleware.version_negotiation [None req-67437e6c-c79d-449b-9311-a16b3b76388f tempest-VolumesAdminNegativeTest-1375686425 tempest-VolumesAdminNegativeTest-1375686425-project] Determining version of request: GET /v2/images/b6e0898c-2008-4d87-a3b0-f0a4409bd9fd Accept: */* {{(pid=153591) process_request /opt/stack/glance/glance/api/middleware/version_negotiation.py:44}}
Jul 29 15:12:30 ubuntu devstack@g-api.service[153591]: DEBUG glance.api.middleware.version_negotiation [None req-67437e6c-c79d-449b-9311-a16b3b76388f tempest-VolumesAdminNegativeTest-1375686425 tempest-VolumesAdminNegativeTest-1375686425-project] Using url versioning {{(pid=153591) process_request /opt/stack/glance/glance/api/middleware/version_negotiation.py:57}}
Jul 29 15:12:30 ubuntu devstack@g-api.service[153591]: DEBUG glance.api.middleware.version_negotiation [None req-67437e6c-c79d-449b-9311-a16b3b76388f tempest-VolumesAdminNegativeTest-1375686425 tempest-VolumesAdminNegativeTest-1375686425-project] Matched version: v2 {{(pid=153591) process_request /opt/stack/glance/glance/api/middleware/version_negotiation.py:69}}
Jul 29 15:12:30 ubuntu devstack@g-api.service[153591]: DEBUG glance.api.middleware.version_negotiation [None req-67437e6c-c79d-449b-9311-a16b3b76388f tempest-VolumesAdminNegativeTest-1375686425 tempest-VolumesAdminNegativeTest-1375686425-project] new path /v2/images/b6e0898c-2008-4d87-a3b0-f0a4409bd9fd {{(pid=153591) process_request /opt/stack/glance/glance/api/middleware/version_negotiation.py:70}}
Jul 29 15:12:30 ubuntu devstack@g-api.service[153591]: [pid: 153591|app: 0|req: 13/24] 127.0.0.1 () {42 vars in 1049 bytes} [Fri Jul 29 15:12:30 2022] GET /v2/images/b6e0898c-2008-4d87-a3b0-f0a4409bd9fd => generated 976 bytes in 24 msecs (HTTP/1.1 200) 4 headers in 157 bytes (1 switches on core 0)
Jul 29 15:12:30 ubuntu devstack@g-api.service[153590]: DEBUG glance.api.middleware.version_negotiation [None req-67437e6c-c79d-449b-9311-a16b3b76388f tempest-VolumesAdminNegativeTest-1375686425 tempest-VolumesAdminNegativeTest-1375686425-project] Determining version of request: GET /v2/schemas/image Accept: */* {{(pid=153590) process_request /opt/stack/glance/glance/api/middleware/version_negotiation.py:44}}
Jul 29 15:12:30 ubuntu devstack@g-api.service[153590]: DEBUG glance.api.middleware.version_negotiation [None req-67437e6c-c79d-449b-9311-a16b3b76388f tempest-VolumesAdminNegativeTest-1375686425 tempest-VolumesAdminNegativeTest-1375686425-project] Using url versioning {{(pid=153590) process_request /opt/stack/glance/glance/api/middleware/version_negotiation.py:57}}
Jul 29 15:12:30 ubuntu devstack@g-api.service[153590]: DEBUG glance.api.middleware.version_negotiation [None req-67437e6c-c79d-449b-9311-a16b3b76388f tempest-VolumesAdminNegativeTest-1375686425 tempest-VolumesAdminNegativeTest-1375686425-project] Matched version: v2 {{(pid=153590) process_request /opt/stack/glance/glance/api/middleware/version_negotiation.py:69}}
Jul 29 15:12:30 ubuntu devstack@g-api.service[153590]: DEBUG glance.api.middleware.version_negotiation [None req-67437e6c-c79d-449b-9311-a16b3b76388f tempest-VolumesAdminNegativeTest-1375686425 tempest-VolumesAdminNegativeTest-1375686425-project] new path /v2/schemas/image {{(pid=153590) process_request /opt/stack/glance/glance/api/middleware/version_negotiation.py:70}}
Jul 29 15:12:30 ubuntu devstack@g-api.service[153590]: [pid: 153590|app: 0|req: 12/25] 127.0.0.1 () {42 vars in 989 bytes} [Fri Jul 29 15:12:30 2022] GET /v2/schemas/image => generated 6083 bytes in 9 msecs (HTTP/1.1 200) 4 headers in 158 bytes (1 switches on core 0)
Jul 29 15:12:40 ubuntu devstack@g-api.service[153591]: DEBUG dbcounter [-] [153591] Writing DB stats glance:SELECT=4 {{(pid=153591) stat_writer /usr/local/lib/python3.8/dist-packages/dbcounter.py:114}}
Jul 29 15:12:59 ubuntu devstack@g-api.service[153591]: DEBUG glance.api.middleware.version_negotiation [None req-ac985a05-1dcd-42ad-acbf-adc8f663dab8 tempest-DeleteServersTestJSON-1939707061 tempest-DeleteServersTestJSON-1939707061-project] Determining version of request: GET /v2/images/b6e0898c-2008-4d87-a3b0-f0a4409bd9fd Accept: */* {{(pid=153591) process_request /opt/stack/glance/glance/api/middleware/version_negotiation.py:44}}
Jul 29 15:12:59 ubuntu devstack@g-api.service[153591]: DEBUG glance.api.middleware.version_negotiation [None req-ac985a05-1dcd-42ad-acbf-adc8f663dab8 tempest-DeleteServersTestJSON-1939707061 tempest-DeleteServersTestJSON-1939707061-project] Using url versioning {{(pid=153591) process_request /opt/stack/glance/glance/api/middleware/version_negotiation.py:57}}
Jul 29 15:12:59 ubuntu devstack@g-api.service[153591]: DEBUG glance.api.middleware.version_negotiation [None req-ac985a05-1dcd-42ad-acbf-adc8f663dab8 tempest-DeleteServersTestJSON-1939707061 tempest-DeleteServersTestJSON-1939707061-project] Matched version: v2 {{(pid=153591) process_request /opt/stack/glance/glance/api/middleware/version_negotiation.py:69}}
Jul 29 15:12:59 ubuntu devstack@g-api.service[153591]: DEBUG glance.api.middleware.version_negotiation [None req-ac985a05-1dcd-42ad-acbf-adc8f663dab8 tempest-DeleteServersTestJSON-1939707061 tempest-DeleteServersTestJSON-1939707061-project] new path /v2/images/b6e0898c-2008-4d87-a3b0-f0a4409bd9fd {{(pid=153591) process_request /opt/stack/glance/glance/api/middleware/version_negotiation.py:70}}
Jul 29 15:12:59 ubuntu devstack@g-api.service[153591]: [pid: 153591|app: 0|req: 14/26] 127.0.0.1 () {42 vars in 1049 bytes} [Fri Jul 29 15:12:59 2022] GET /v2/images/b6e0898c-2008-4d87-a3b0-f0a4409bd9fd => generated 976 bytes in 22 msecs (HTTP/1.1 200) 4 headers in 157 bytes (1 switches on core 0)
