Jul 07 20:35:48 ubuntu neutron-server[117790]: DEBUG neutron.api.extensions [None req-618631fd-1ce5-408a-bff3-f90cf4216c79 None None] Ext name="Trunk port details" alias="trunk-details" description="Expose trunk port details" updated="2016-01-01T10:00:00-00:00" {{(pid=117790) _check_extension /opt/stack/neutron/neutron/api/extensions.py:416}}
Jul 07 20:35:48 ubuntu neutron-server[117790]: INFO neutron.api.extensions [None req-618631fd-1ce5-408a-bff3-f90cf4216c79 None None] Extension trunk-details not supported by any of loaded plugins
Jul 07 20:35:48 ubuntu neutron-server[117790]: DEBUG neutron.api.extensions [None req-618631fd-1ce5-408a-bff3-f90cf4216c79 None None] Loading extension file: uplink_status_propagation.py {{(pid=117790) _load_all_extensions_from_path /opt/stack/neutron/neutron/api/extensions.py:450}}
Jul 07 20:35:48 ubuntu neutron-server[117790]: DEBUG neutron.api.extensions [None req-618631fd-1ce5-408a-bff3-f90cf4216c79 None None] Ext name="Uplink status propagation extension" alias="uplink-status-propagation" description="Provides ability to propagate port uplink status." updated="2018-05-31T18:00:00-00:00" {{(pid=117790) _check_extension /opt/stack/neutron/neutron/api/extensions.py:416}}
Jul 07 20:35:48 ubuntu neutron-server[117790]: INFO neutron.api.extensions [None req-618631fd-1ce5-408a-bff3-f90cf4216c79 None None] Extension uplink-status-propagation not supported by any of loaded plugins
Jul 07 20:35:48 ubuntu neutron-server[117790]: DEBUG neutron.api.extensions [None req-618631fd-1ce5-408a-bff3-f90cf4216c79 None None] Loading extension file: vlantransparent.py {{(pid=117790) _load_all_extensions_from_path /opt/stack/neutron/neutron/api/extensions.py:450}}
Jul 07 20:35:48 ubuntu neutron-server[117790]: DEBUG neutron.api.extensions [None req-618631fd-1ce5-408a-bff3-f90cf4216c79 None None] Ext name="Vlantransparent" alias="vlan-transparent" description="Provides Vlan Transparent Networks" updated="2015-03-23T09:00:00-00:00" {{(pid=117790) _check_extension /opt/stack/neutron/neutron/api/extensions.py:416}}
Jul 07 20:35:48 ubuntu neutron-server[117790]: INFO neutron.api.extensions [None req-618631fd-1ce5-408a-bff3-f90cf4216c79 None None] Extension vlan-transparent not supported by any of loaded plugins
Jul 07 20:35:48 ubuntu neutron-server[117790]: INFO neutron.quota.resource_registry [None req-618631fd-1ce5-408a-bff3-f90cf4216c79 None None] Creating instance of TrackedResource for resource:network
Jul 07 20:35:48 ubuntu neutron-server[117790]: INFO neutron.quota.resource_registry [None req-618631fd-1ce5-408a-bff3-f90cf4216c79 None None] Creating instance of TrackedResource for resource:subnet
Jul 07 20:35:48 ubuntu neutron-server[117790]: INFO neutron.quota.resource_registry [None req-618631fd-1ce5-408a-bff3-f90cf4216c79 None None] Creating instance of TrackedResource for resource:subnetpool
Jul 07 20:35:48 ubuntu neutron-server[117790]: INFO neutron.quota.resource_registry [None req-618631fd-1ce5-408a-bff3-f90cf4216c79 None None] Creating instance of TrackedResource for resource:port
Jul 07 20:35:48 ubuntu neutron-server[117790]: DEBUG neutron.api.v2.resource_helper [None req-618631fd-1ce5-408a-bff3-f90cf4216c79 None None] Service FLAVORS assigned prefix:  {{(pid=117790) build_resource_info /opt/stack/neutron/neutron/api/v2/resource_helper.py:77}}
Jul 07 20:35:48 ubuntu neutron-server[117790]: DEBUG neutron.api.v2.resource_helper [None req-618631fd-1ce5-408a-bff3-f90cf4216c79 None None] Service L3_ROUTER_NAT assigned prefix:  {{(pid=117790) build_resource_info /opt/stack/neutron/neutron/api/v2/resource_helper.py:77}}
Jul 07 20:35:48 ubuntu neutron-server[117790]: DEBUG neutron.api.v2.resource_helper [None req-618631fd-1ce5-408a-bff3-f90cf4216c79 None None] Service L3_ROUTER_NAT assigned prefix:  {{(pid=117790) build_resource_info /opt/stack/neutron/neutron/api/v2/resource_helper.py:77}}
Jul 07 20:35:48 ubuntu neutron-server[117790]: INFO neutron.quota.resource_registry [None req-618631fd-1ce5-408a-bff3-f90cf4216c79 None None] Creating instance of TrackedResource for resource:router
Jul 07 20:35:48 ubuntu neutron-server[117790]: INFO neutron.quota.resource_registry [None req-618631fd-1ce5-408a-bff3-f90cf4216c79 None None] Creating instance of TrackedResource for resource:floatingip
Jul 07 20:35:48 ubuntu neutron-server[117790]: DEBUG neutron_lib.callbacks.manager [None req-618631fd-1ce5-408a-bff3-f90cf4216c79 None None] Subscribe: <bound method NeutronDbPluginV2.validate_network_rbac_policy_change of <neutron.services.network_ip_availability.plugin.NetworkIPAvailabilityPlugin object at 0x7f698262a400>> rbac-policy before_create 55550000 {{(pid=117790) subscribe /usr/local/lib/python3.8/dist-packages/neutron_lib/callbacks/manager.py:45}}
Jul 07 20:35:48 ubuntu neutron-server[117790]: DEBUG neutron_lib.callbacks.manager [None req-618631fd-1ce5-408a-bff3-f90cf4216c79 None None] Subscribe: <bound method NeutronDbPluginV2.validate_network_rbac_policy_change of <neutron.services.network_ip_availability.plugin.NetworkIPAvailabilityPlugin object at 0x7f698262a400>> rbac-policy before_update 55550000 {{(pid=117790) subscribe /usr/local/lib/python3.8/dist-packages/neutron_lib/callbacks/manager.py:45}}
Jul 07 20:35:48 ubuntu neutron-server[117790]: DEBUG neutron_lib.callbacks.manager [None req-618631fd-1ce5-408a-bff3-f90cf4216c79 None None] Subscribe: <bound method NeutronDbPluginV2.validate_network_rbac_policy_change of <neutron.services.network_ip_availability.plugin.NetworkIPAvailabilityPlugin object at 0x7f698262a400>> rbac-policy before_delete 55550000 {{(pid=117790) subscribe /usr/local/lib/python3.8/dist-packages/neutron_lib/callbacks/manager.py:45}}
Jul 07 20:35:48 ubuntu neutron-server[117790]: INFO neutron.quota.resource_registry [None req-618631fd-1ce5-408a-bff3-f90cf4216c79 None None] Creating instance of CountableResource for resource:rbac_policy
Jul 07 20:35:48 ubuntu neutron-server[117790]: INFO neutron.quota.resource_registry [None req-618631fd-1ce5-408a-bff3-f90cf4216c79 None None] Creating instance of TrackedResource for resource:security_group
Jul 07 20:35:48 ubuntu neutron-server[117790]: INFO neutron.quota.resource_registry [None req-618631fd-1ce5-408a-bff3-f90cf4216c79 None None] Creating instance of TrackedResource for resource:security_group_rule
Jul 07 20:35:48 ubuntu neutron-server[117790]: DEBUG neutron.api.v2.resource_helper [None req-618631fd-1ce5-408a-bff3-f90cf4216c79 None None] Service FLAVORS assigned prefix:  {{(pid=117790) build_resource_info /opt/stack/neutron/neutron/api/v2/resource_helper.py:77}}
Jul 07 20:35:48 ubuntu neutron-server[117790]: DEBUG neutron.api.v2.resource_helper [None req-618631fd-1ce5-408a-bff3-f90cf4216c79 None None] Service L3_ROUTER_NAT assigned prefix:  {{(pid=117790) build_resource_info /opt/stack/neutron/neutron/api/v2/resource_helper.py:77}}
Jul 07 20:35:48 ubuntu neutron-server[117790]: DEBUG neutron.api.v2.resource_helper [None req-618631fd-1ce5-408a-bff3-f90cf4216c79 None None] Service L3_ROUTER_NAT assigned prefix:  {{(pid=117790) build_resource_info /opt/stack/neutron/neutron/api/v2/resource_helper.py:77}}
Jul 07 20:35:48 ubuntu neutron-server[117790]: INFO neutron.quota.resource_registry [None req-618631fd-1ce5-408a-bff3-f90cf4216c79 None None] Creating instance of TrackedResource for resource:router
Jul 07 20:35:48 ubuntu neutron-server[117790]: WARNING neutron.quota.resource_registry [None req-618631fd-1ce5-408a-bff3-f90cf4216c79 None None] router is already registered
Jul 07 20:35:48 ubuntu neutron-server[117790]: INFO neutron.quota.resource_registry [None req-618631fd-1ce5-408a-bff3-f90cf4216c79 None None] Creating instance of TrackedResource for resource:floatingip
Jul 07 20:35:48 ubuntu neutron-server[117790]: WARNING neutron.quota.resource_registry [None req-618631fd-1ce5-408a-bff3-f90cf4216c79 None None] floatingip is already registered
Jul 07 20:35:48 ubuntu neutron-server[117790]: INFO neutron.quota.resource_registry [None req-618631fd-1ce5-408a-bff3-f90cf4216c79 None None] Creating instance of CountableResource for resource:rbac_policy
Jul 07 20:35:48 ubuntu neutron-server[117790]: WARNING neutron.quota.resource_registry [None req-618631fd-1ce5-408a-bff3-f90cf4216c79 None None] rbac_policy is already registered
Jul 07 20:35:48 ubuntu neutron-server[117790]: INFO neutron.quota.resource_registry [None req-618631fd-1ce5-408a-bff3-f90cf4216c79 None None] Creating instance of TrackedResource for resource:security_group
Jul 07 20:35:48 ubuntu neutron-server[117790]: WARNING neutron.quota.resource_registry [None req-618631fd-1ce5-408a-bff3-f90cf4216c79 None None] security_group is already registered
Jul 07 20:35:48 ubuntu neutron-server[117790]: INFO neutron.quota.resource_registry [None req-618631fd-1ce5-408a-bff3-f90cf4216c79 None None] Creating instance of TrackedResource for resource:security_group_rule
Jul 07 20:35:48 ubuntu neutron-server[117790]: WARNING neutron.quota.resource_registry [None req-618631fd-1ce5-408a-bff3-f90cf4216c79 None None] security_group_rule is already registered
Jul 07 20:35:48 ubuntu neutron-server[117790]: DEBUG neutron.api.extensions [None req-618631fd-1ce5-408a-bff3-f90cf4216c79 None None] Extended resource: extensions {{(pid=117790) __init__ /opt/stack/neutron/neutron/api/extensions.py:157}}
Jul 07 20:35:48 ubuntu neutron-server[117790]: DEBUG neutron.api.extensions [None req-618631fd-1ce5-408a-bff3-f90cf4216c79 None None] Extended resource: address-groups {{(pid=117790) __init__ /opt/stack/neutron/neutron/api/extensions.py:157}}
Jul 07 20:35:48 ubuntu neutron-server[117790]: DEBUG neutron.api.extensions [None req-618631fd-1ce5-408a-bff3-f90cf4216c79 None None] Extended resource: address-scopes {{(pid=117790) __init__ /opt/stack/neutron/neutron/api/extensions.py:157}}
Jul 07 20:35:48 ubuntu neutron-server[117790]: DEBUG neutron.api.extensions [None req-618631fd-1ce5-408a-bff3-f90cf4216c79 None None] Extended resource: agents {{(pid=117790) __init__ /opt/stack/neutron/neutron/api/extensions.py:157}}
Jul 07 20:35:48 ubuntu neutron-server[117790]: DEBUG neutron.api.extensions [None req-618631fd-1ce5-408a-bff3-f90cf4216c79 None None] Extended resource: auto-allocated-topology {{(pid=117790) __init__ /opt/stack/neutron/neutron/api/extensions.py:157}}
Jul 07 20:35:48 ubuntu neutron-server[117790]: DEBUG neutron.api.extensions [None req-618631fd-1ce5-408a-bff3-f90cf4216c79 None None] Extended resource: availability_zones {{(pid=117790) __init__ /opt/stack/neutron/neutron/api/extensions.py:157}}
Jul 07 20:35:48 ubuntu neutron-server[117790]: DEBUG neutron.api.extensions [None req-618631fd-1ce5-408a-bff3-f90cf4216c79 None None] Extended resource: flavors {{(pid=117790) __init__ /opt/stack/neutron/neutron/api/extensions.py:157}}
Jul 07 20:35:48 ubuntu neutron-server[117790]: DEBUG neutron.api.extensions [None req-618631fd-1ce5-408a-bff3-f90cf4216c79 None None] Extended resource: service_profiles {{(pid=117790) __init__ /opt/stack/neutron/neutron/api/extensions.py:157}}
Jul 07 20:35:48 ubuntu neutron-server[117790]: DEBUG neutron.api.extensions [None req-618631fd-1ce5-408a-bff3-f90cf4216c79 None None] Extended resource: next_providers {{(pid=117790) __init__ /opt/stack/neutron/neutron/api/extensions.py:157}}
Jul 07 20:35:48 ubuntu neutron-server[117790]: DEBUG neutron.api.extensions [None req-618631fd-1ce5-408a-bff3-f90cf4216c79 None None] Extended resource: service_profiles {{(pid=117790) __init__ /opt/stack/neutron/neutron/api/extensions.py:157}}
Jul 07 20:35:48 ubuntu neutron-server[117790]: DEBUG neutron.api.extensions [None req-618631fd-1ce5-408a-bff3-f90cf4216c79 None None] Extended resource: floatingip-pools {{(pid=117790) __init__ /opt/stack/neutron/neutron/api/extensions.py:157}}
Jul 07 20:35:48 ubuntu neutron-server[117790]: DEBUG neutron.api.extensions [None req-618631fd-1ce5-408a-bff3-f90cf4216c79 None None] Extended resource: routers {{(pid=117790) __init__ /opt/stack/neutron/neutron/api/extensions.py:157}}
Jul 07 20:35:48 ubuntu neutron-server[117790]: DEBUG neutron.api.extensions [None req-618631fd-1ce5-408a-bff3-f90cf4216c79 None None] Extended resource: floatingips {{(pid=117790) __init__ /opt/stack/neutron/neutron/api/extensions.py:157}}
Jul 07 20:35:48 ubuntu neutron-server[117790]: DEBUG neutron.api.extensions [None req-618631fd-1ce5-408a-bff3-f90cf4216c79 None None] Extended resource: network-ip-availabilities {{(pid=117790) __init__ /opt/stack/neutron/neutron/api/extensions.py:157}}
Jul 07 20:35:48 ubuntu neutron-server[117790]: DEBUG neutron.api.extensions [None req-618631fd-1ce5-408a-bff3-f90cf4216c79 None None] Extended resource: bindings {{(pid=117790) __init__ /opt/stack/neutron/neutron/api/extensions.py:157}}
Jul 07 20:35:48 ubuntu neutron-server[117790]: DEBUG neutron.api.extensions [None req-618631fd-1ce5-408a-bff3-f90cf4216c79 None None] Extended resource: quotas {{(pid=117790) __init__ /opt/stack/neutron/neutron/api/extensions.py:157}}
Jul 07 20:35:48 ubuntu neutron-server[117790]: DEBUG neutron.api.extensions [None req-618631fd-1ce5-408a-bff3-f90cf4216c79 None None] Extended resource: quotas {{(pid=117790) __init__ /opt/stack/neutron/neutron/api/extensions.py:157}}
Jul 07 20:35:48 ubuntu neutron-server[117790]: DEBUG neutron.api.extensions [None req-618631fd-1ce5-408a-bff3-f90cf4216c79 None None] Extended resource: rbac-policies {{(pid=117790) __init__ /opt/stack/neutron/neutron/api/extensions.py:157}}
Jul 07 20:35:48 ubuntu neutron-server[117790]: DEBUG neutron.api.extensions [None req-618631fd-1ce5-408a-bff3-f90cf4216c79 None None] Extended resource: security-groups {{(pid=117790) __init__ /opt/stack/neutron/neutron/api/extensions.py:157}}
Jul 07 20:35:48 ubuntu neutron-server[117790]: DEBUG neutron.api.extensions [None req-618631fd-1ce5-408a-bff3-f90cf4216c79 None None] Extended resource: security-group-rules {{(pid=117790) __init__ /opt/stack/neutron/neutron/api/extensions.py:157}}
Jul 07 20:35:48 ubuntu neutron-server[117790]: DEBUG neutron.api.extensions [None req-618631fd-1ce5-408a-bff3-f90cf4216c79 None None] Extended resource: service-providers {{(pid=117790) __init__ /opt/stack/neutron/neutron/api/extensions.py:157}}
Jul 07 20:35:48 ubuntu neutron-server[117790]: DEBUG neutron.api.extensions [None req-618631fd-1ce5-408a-bff3-f90cf4216c79 None None] Extended resource: tags {{(pid=117790) __init__ /opt/stack/neutron/neutron/api/extensions.py:157}}
Jul 07 20:35:48 ubuntu neutron-server[117790]: DEBUG neutron.api.extensions [None req-618631fd-1ce5-408a-bff3-f90cf4216c79 None None] Extended resource: tags {{(pid=117790) __init__ /opt/stack/neutron/neutron/api/extensions.py:157}}
Jul 07 20:35:48 ubuntu neutron-server[117790]: DEBUG neutron.api.extensions [None req-618631fd-1ce5-408a-bff3-f90cf4216c79 None None] Extended resource: tags {{(pid=117790) __init__ /opt/stack/neutron/neutron/api/extensions.py:157}}
Jul 07 20:35:48 ubuntu neutron-server[117790]: DEBUG neutron.api.extensions [None req-618631fd-1ce5-408a-bff3-f90cf4216c79 None None] Extended resource: tags {{(pid=117790) __init__ /opt/stack/neutron/neutron/api/extensions.py:157}}
Jul 07 20:35:48 ubuntu neutron-server[117790]: DEBUG neutron.api.extensions [None req-618631fd-1ce5-408a-bff3-f90cf4216c79 None None] Extended resource: tags {{(pid=117790) __init__ /opt/stack/neutron/neutron/api/extensions.py:157}}
Jul 07 20:35:48 ubuntu neutron-server[117790]: DEBUG neutron.api.extensions [None req-618631fd-1ce5-408a-bff3-f90cf4216c79 None None] Extended resource: tags {{(pid=117790) __init__ /opt/stack/neutron/neutron/api/extensions.py:157}}
Jul 07 20:35:48 ubuntu neutron-server[117790]: DEBUG neutron.api.extensions [None req-618631fd-1ce5-408a-bff3-f90cf4216c79 None None] Extended resource: tags {{(pid=117790) __init__ /opt/stack/neutron/neutron/api/extensions.py:157}}
Jul 07 20:35:48 ubuntu neutron-server[117790]: DEBUG neutron.api.extensions [None req-618631fd-1ce5-408a-bff3-f90cf4216c79 None None] Extended resource: tags {{(pid=117790) __init__ /opt/stack/neutron/neutron/api/extensions.py:157}}
Jul 07 20:35:48 ubuntu neutron-server[117790]: DEBUG neutron.api.extensions [None req-618631fd-1ce5-408a-bff3-f90cf4216c79 None None] Extended resource: tags {{(pid=117790) __init__ /opt/stack/neutron/neutron/api/extensions.py:157}}
Jul 07 20:35:48 ubuntu neutron-server[117790]: DEBUG neutron.api.extensions [None req-618631fd-1ce5-408a-bff3-f90cf4216c79 None None] Extended resource: tags {{(pid=117790) __init__ /opt/stack/neutron/neutron/api/extensions.py:157}}
Jul 07 20:35:48 ubuntu neutron-server[117790]: WARNING keystonemiddleware.auth_token [None req-618631fd-1ce5-408a-bff3-f90cf4216c79 None None] AuthToken middleware is set with keystone_authtoken.service_token_roles_required set to False. This is backwards compatible but deprecated behaviour. Please set this to True.
Jul 07 20:35:48 ubuntu neutron-server[117790]: WARNING keystonemiddleware.auth_token [None req-618631fd-1ce5-408a-bff3-f90cf4216c79 None None] Configuring www_authenticate_uri to point to the public identity endpoint is required; clients may not be able to authenticate against an admin endpoint
Jul 07 20:35:48 ubuntu neutron-server[117790]: DEBUG oslo_concurrency.lockutils [None req-618631fd-1ce5-408a-bff3-f90cf4216c79 None None] Acquired lock "singleton_lock" {{(pid=117790) lock /usr/local/lib/python3.8/dist-packages/oslo_concurrency/lockutils.py:294}}
Jul 07 20:35:48 ubuntu neutron-server[117790]: DEBUG oslo_concurrency.lockutils [None req-618631fd-1ce5-408a-bff3-f90cf4216c79 None None] Releasing lock "singleton_lock" {{(pid=117790) lock /usr/local/lib/python3.8/dist-packages/oslo_concurrency/lockutils.py:312}}
Jul 07 20:35:48 ubuntu neutron-server[117790]: INFO oslo_service.service [None req-618631fd-1ce5-408a-bff3-f90cf4216c79 None None] Starting 2 workers
Jul 07 20:35:48 ubuntu neutron-server[117790]: DEBUG oslo_service.service [None req-618631fd-1ce5-408a-bff3-f90cf4216c79 None None] Started child 118001 {{(pid=117790) _start_child /usr/local/lib/python3.8/dist-packages/oslo_service/service.py:575}}
Jul 07 20:35:48 ubuntu neutron-server[117790]: DEBUG oslo_service.service [None req-618631fd-1ce5-408a-bff3-f90cf4216c79 None None] Started child 118002 {{(pid=117790) _start_child /usr/local/lib/python3.8/dist-packages/oslo_service/service.py:575}}
Jul 07 20:35:48 ubuntu neutron-server[117790]: INFO neutron.service [None req-618631fd-1ce5-408a-bff3-f90cf4216c79 None None] Neutron service started, listening on 0.0.0.0:9696
Jul 07 20:35:48 ubuntu neutron-server[117790]: DEBUG neutron_lib.callbacks.manager [None req-618631fd-1ce5-408a-bff3-f90cf4216c79 None None] Publish callbacks ['neutron.plugins.ml2.drivers.ovn.mech_driver.mech_driver.OVNMechanismDriver.pre_fork_initialize-955150'] for process (None), before_spawn {{(pid=117790) _notify_loop /usr/local/lib/python3.8/dist-packages/neutron_lib/callbacks/manager.py:176}}
Jul 07 20:35:48 ubuntu neutron-server[118002]: DEBUG neutron_lib.callbacks.manager [-] Publish callbacks ['neutron.plugins.ml2.drivers.ovn.mech_driver.mech_driver.OVNMechanismDriver.post_fork_initialize-954854'] for process (None), after_init {{(pid=118002) _notify_loop /usr/local/lib/python3.8/dist-packages/neutron_lib/callbacks/manager.py:176}}
Jul 07 20:35:48 ubuntu neutron-server[118001]: DEBUG neutron_lib.callbacks.manager [-] Publish callbacks ['neutron.plugins.ml2.drivers.ovn.mech_driver.mech_driver.OVNMechanismDriver.post_fork_initialize-954854'] for process (None), after_init {{(pid=118001) _notify_loop /usr/local/lib/python3.8/dist-packages/neutron_lib/callbacks/manager.py:176}}
Jul 07 20:35:48 ubuntu neutron-server[118002]: DEBUG dbcounter [-] [118002] Writer thread running {{(pid=118002) stat_writer /usr/local/lib/python3.8/dist-packages/dbcounter.py:99}}
Jul 07 20:35:48 ubuntu neutron-server[117790]: DEBUG ovsdbapp.backend.ovs_idl [None req-618631fd-1ce5-408a-bff3-f90cf4216c79 None None] Created schema index Port_Group.name {{(pid=117790) autocreate_indices /usr/local/lib/python3.8/dist-packages/ovsdbapp/backend/ovs_idl/__init__.py:104}}
Jul 07 20:35:48 ubuntu neutron-server[117790]: DEBUG ovsdbapp.backend.ovs_idl [None req-618631fd-1ce5-408a-bff3-f90cf4216c79 None None] Created schema index Logical_Switch_Port.name {{(pid=117790) autocreate_indices /usr/local/lib/python3.8/dist-packages/ovsdbapp/backend/ovs_idl/__init__.py:104}}
Jul 07 20:35:48 ubuntu neutron-server[118001]: DEBUG dbcounter [-] [118001] Writer thread running {{(pid=118001) stat_writer /usr/local/lib/python3.8/dist-packages/dbcounter.py:99}}
Jul 07 20:35:48 ubuntu neutron-server[117790]: DEBUG ovsdbapp.backend.ovs_idl.transaction [-] Running txn n=1 command(idx=0): PgAddCommand(name=neutron_pg_drop, may_exist=True, columns={'acls': []}) {{(pid=117790) do_commit /usr/local/lib/python3.8/dist-packages/ovsdbapp/backend/ovs_idl/transaction.py:90}}
Jul 07 20:35:48 ubuntu neutron-server[117790]: DEBUG ovsdbapp.backend.ovs_idl.transaction [-] Running txn n=1 command(idx=1): PgAclAddCommand(entity=neutron_pg_drop, direction=from-lport, priority=1001, match=inport == @neutron_pg_drop && ip, action=drop, log=False, may_exist=True, severity=[], name=[], meter=None, external_ids={}) {{(pid=117790) do_commit /usr/local/lib/python3.8/dist-packages/ovsdbapp/backend/ovs_idl/transaction.py:90}}
Jul 07 20:35:48 ubuntu neutron-server[117790]: DEBUG ovsdbapp.backend.ovs_idl.transaction [-] Running txn n=1 command(idx=2): PgAclAddCommand(entity=neutron_pg_drop, direction=to-lport, priority=1001, match=outport == @neutron_pg_drop && ip, action=drop, log=False, may_exist=True, severity=[], name=[], meter=None, external_ids={}) {{(pid=117790) do_commit /usr/local/lib/python3.8/dist-packages/ovsdbapp/backend/ovs_idl/transaction.py:90}}
Jul 07 20:35:48 ubuntu neutron-server[117790]: DEBUG ovsdbapp.backend.ovs_idl.event [-] Matched CREATE: NeutronPgDropPortGroupCreated(events=('create',), table='Port_Group', conditions=(('name', '=', 'neutron_pg_drop'),), old_conditions=None), priority=10 to row=Port_Group(name=neutron_pg_drop, ports=[], external_ids={}, acls=[<ovs.db.idl.Row object at 0x7f6981f51cd0>, <ovs.db.idl.Row object at 0x7f6981f4e370>]) old= {{(pid=117790) matches /usr/local/lib/python3.8/dist-packages/ovsdbapp/backend/ovs_idl/event.py:43}}
Jul 07 20:35:48 ubuntu neutron-server[118002]: INFO neutron.plugins.ml2.drivers.ovn.mech_driver.ovsdb.impl_idl_ovn [None req-f780fde0-fa0f-4627-9690-c0748dd12f0f None None] Getting OvsdbNbOvnIdl for WorkerService with retry
Jul 07 20:35:48 ubuntu neutron-server[118001]: INFO neutron.plugins.ml2.drivers.ovn.mech_driver.ovsdb.impl_idl_ovn [None req-fb011ce7-6b51-4c0a-8e3f-b0ec252520bd None None] Getting OvsdbNbOvnIdl for WorkerService with retry
Jul 07 20:35:48 ubuntu neutron-server[117790]: DEBUG ovsdbapp.backend.ovs_idl [None req-618631fd-1ce5-408a-bff3-f90cf4216c79 None None] Created lookup_table index Logical_Switch.name {{(pid=117790) autocreate_indices /usr/local/lib/python3.8/dist-packages/ovsdbapp/backend/ovs_idl/__init__.py:85}}
Jul 07 20:35:48 ubuntu neutron-server[117790]: DEBUG ovsdbapp.backend.ovs_idl [None req-618631fd-1ce5-408a-bff3-f90cf4216c79 None None] Created lookup_table index Logical_Router.name {{(pid=117790) autocreate_indices /usr/local/lib/python3.8/dist-packages/ovsdbapp/backend/ovs_idl/__init__.py:85}}
Jul 07 20:35:48 ubuntu neutron-server[117790]: DEBUG ovsdbapp.backend.ovs_idl [None req-618631fd-1ce5-408a-bff3-f90cf4216c79 None None] Created lookup_table index Load_Balancer.name {{(pid=117790) autocreate_indices /usr/local/lib/python3.8/dist-packages/ovsdbapp/backend/ovs_idl/__init__.py:85}}
Jul 07 20:35:48 ubuntu neutron-server[117790]: DEBUG ovsdbapp.backend.ovs_idl [None req-618631fd-1ce5-408a-bff3-f90cf4216c79 None None] Created schema index Meter.name {{(pid=117790) autocreate_indices /usr/local/lib/python3.8/dist-packages/ovsdbapp/backend/ovs_idl/__init__.py:104}}
Jul 07 20:35:48 ubuntu neutron-server[117790]: DEBUG ovsdbapp.backend.ovs_idl [None req-618631fd-1ce5-408a-bff3-f90cf4216c79 None None] Created schema index Address_Set.name {{(pid=117790) autocreate_indices /usr/local/lib/python3.8/dist-packages/ovsdbapp/backend/ovs_idl/__init__.py:104}}
Jul 07 20:35:48 ubuntu neutron-server[117790]: DEBUG ovsdbapp.backend.ovs_idl [None req-618631fd-1ce5-408a-bff3-f90cf4216c79 None None] Created schema index HA_Chassis_Group.name {{(pid=117790) autocreate_indices /usr/local/lib/python3.8/dist-packages/ovsdbapp/backend/ovs_idl/__init__.py:104}}
Jul 07 20:35:48 ubuntu neutron-server[117790]: DEBUG ovsdbapp.backend.ovs_idl [None req-618631fd-1ce5-408a-bff3-f90cf4216c79 None None] Created schema index Connection.target {{(pid=117790) autocreate_indices /usr/local/lib/python3.8/dist-packages/ovsdbapp/backend/ovs_idl/__init__.py:104}}
Jul 07 20:35:48 ubuntu neutron-server[117790]: DEBUG ovsdbapp.backend.ovs_idl [None req-618631fd-1ce5-408a-bff3-f90cf4216c79 None None] Created schema index Gateway_Chassis.name {{(pid=117790) autocreate_indices /usr/local/lib/python3.8/dist-packages/ovsdbapp/backend/ovs_idl/__init__.py:104}}
Jul 07 20:35:48 ubuntu neutron-server[117790]: DEBUG ovsdbapp.backend.ovs_idl [None req-618631fd-1ce5-408a-bff3-f90cf4216c79 None None] Created schema index Logical_Router_Port.name {{(pid=117790) autocreate_indices /usr/local/lib/python3.8/dist-packages/ovsdbapp/backend/ovs_idl/__init__.py:104}}
Jul 07 20:35:48 ubuntu neutron-server[117790]: DEBUG ovsdbapp.backend.ovs_idl [None req-618631fd-1ce5-408a-bff3-f90cf4216c79 None None] Created schema index Port_Group.name {{(pid=117790) autocreate_indices /usr/local/lib/python3.8/dist-packages/ovsdbapp/backend/ovs_idl/__init__.py:104}}
Jul 07 20:35:48 ubuntu neutron-server[117790]: DEBUG ovsdbapp.backend.ovs_idl [None req-618631fd-1ce5-408a-bff3-f90cf4216c79 None None] Created schema index Logical_Switch_Port.name {{(pid=117790) autocreate_indices /usr/local/lib/python3.8/dist-packages/ovsdbapp/backend/ovs_idl/__init__.py:104}}
Jul 07 20:35:48 ubuntu neutron-server[118002]: DEBUG ovsdbapp.backend.ovs_idl [None req-f780fde0-fa0f-4627-9690-c0748dd12f0f None None] Created lookup_table index Logical_Switch.name {{(pid=118002) autocreate_indices /usr/local/lib/python3.8/dist-packages/ovsdbapp/backend/ovs_idl/__init__.py:85}}
Jul 07 20:35:48 ubuntu neutron-server[118001]: DEBUG ovsdbapp.backend.ovs_idl [None req-fb011ce7-6b51-4c0a-8e3f-b0ec252520bd None None] Created lookup_table index Logical_Switch.name {{(pid=118001) autocreate_indices /usr/local/lib/python3.8/dist-packages/ovsdbapp/backend/ovs_idl/__init__.py:85}}
Jul 07 20:35:48 ubuntu neutron-server[118001]: DEBUG ovsdbapp.backend.ovs_idl [None req-fb011ce7-6b51-4c0a-8e3f-b0ec252520bd None None] Created lookup_table index Logical_Router.name {{(pid=118001) autocreate_indices /usr/local/lib/python3.8/dist-packages/ovsdbapp/backend/ovs_idl/__init__.py:85}}
Jul 07 20:35:48 ubuntu neutron-server[118002]: DEBUG ovsdbapp.backend.ovs_idl [None req-f780fde0-fa0f-4627-9690-c0748dd12f0f None None] Created lookup_table index Logical_Router.name {{(pid=118002) autocreate_indices /usr/local/lib/python3.8/dist-packages/ovsdbapp/backend/ovs_idl/__init__.py:85}}
Jul 07 20:35:48 ubuntu neutron-server[118001]: DEBUG ovsdbapp.backend.ovs_idl [None req-fb011ce7-6b51-4c0a-8e3f-b0ec252520bd None None] Created lookup_table index Load_Balancer.name {{(pid=118001) autocreate_indices /usr/local/lib/python3.8/dist-packages/ovsdbapp/backend/ovs_idl/__init__.py:85}}
Jul 07 20:35:48 ubuntu neutron-server[118001]: DEBUG ovsdbapp.backend.ovs_idl [None req-fb011ce7-6b51-4c0a-8e3f-b0ec252520bd None None] Created schema index Meter.name {{(pid=118001) autocreate_indices /usr/local/lib/python3.8/dist-packages/ovsdbapp/backend/ovs_idl/__init__.py:104}}
Jul 07 20:35:48 ubuntu neutron-server[118002]: DEBUG ovsdbapp.backend.ovs_idl [None req-f780fde0-fa0f-4627-9690-c0748dd12f0f None None] Created lookup_table index Load_Balancer.name {{(pid=118002) autocreate_indices /usr/local/lib/python3.8/dist-packages/ovsdbapp/backend/ovs_idl/__init__.py:85}}
Jul 07 20:35:48 ubuntu neutron-server[118001]: DEBUG ovsdbapp.backend.ovs_idl [None req-fb011ce7-6b51-4c0a-8e3f-b0ec252520bd None None] Created schema index Address_Set.name {{(pid=118001) autocreate_indices /usr/local/lib/python3.8/dist-packages/ovsdbapp/backend/ovs_idl/__init__.py:104}}
Jul 07 20:35:48 ubuntu neutron-server[118001]: DEBUG ovsdbapp.backend.ovs_idl [None req-fb011ce7-6b51-4c0a-8e3f-b0ec252520bd None None] Created schema index HA_Chassis_Group.name {{(pid=118001) autocreate_indices /usr/local/lib/python3.8/dist-packages/ovsdbapp/backend/ovs_idl/__init__.py:104}}
Jul 07 20:35:48 ubuntu neutron-server[118002]: DEBUG ovsdbapp.backend.ovs_idl [None req-f780fde0-fa0f-4627-9690-c0748dd12f0f None None] Created schema index Meter.name {{(pid=118002) autocreate_indices /usr/local/lib/python3.8/dist-packages/ovsdbapp/backend/ovs_idl/__init__.py:104}}
Jul 07 20:35:48 ubuntu neutron-server[118001]: DEBUG ovsdbapp.backend.ovs_idl [None req-fb011ce7-6b51-4c0a-8e3f-b0ec252520bd None None] Created schema index Connection.target {{(pid=118001) autocreate_indices /usr/local/lib/python3.8/dist-packages/ovsdbapp/backend/ovs_idl/__init__.py:104}}
Jul 07 20:35:48 ubuntu neutron-server[118001]: DEBUG ovsdbapp.backend.ovs_idl [None req-fb011ce7-6b51-4c0a-8e3f-b0ec252520bd None None] Created schema index Gateway_Chassis.name {{(pid=118001) autocreate_indices /usr/local/lib/python3.8/dist-packages/ovsdbapp/backend/ovs_idl/__init__.py:104}}
Jul 07 20:35:48 ubuntu neutron-server[118001]: DEBUG ovsdbapp.backend.ovs_idl [None req-fb011ce7-6b51-4c0a-8e3f-b0ec252520bd None None] Created schema index Logical_Router_Port.name {{(pid=118001) autocreate_indices /usr/local/lib/python3.8/dist-packages/ovsdbapp/backend/ovs_idl/__init__.py:104}}
Jul 07 20:35:48 ubuntu neutron-server[118002]: DEBUG ovsdbapp.backend.ovs_idl [None req-f780fde0-fa0f-4627-9690-c0748dd12f0f None None] Created schema index Address_Set.name {{(pid=118002) autocreate_indices /usr/local/lib/python3.8/dist-packages/ovsdbapp/backend/ovs_idl/__init__.py:104}}
Jul 07 20:35:48 ubuntu neutron-server[118001]: DEBUG ovsdbapp.backend.ovs_idl [None req-fb011ce7-6b51-4c0a-8e3f-b0ec252520bd None None] Created schema index Port_Group.name {{(pid=118001) autocreate_indices /usr/local/lib/python3.8/dist-packages/ovsdbapp/backend/ovs_idl/__init__.py:104}}
Jul 07 20:35:48 ubuntu neutron-server[118001]: DEBUG ovsdbapp.backend.ovs_idl [None req-fb011ce7-6b51-4c0a-8e3f-b0ec252520bd None None] Created schema index Logical_Switch_Port.name {{(pid=118001) autocreate_indices /usr/local/lib/python3.8/dist-packages/ovsdbapp/backend/ovs_idl/__init__.py:104}}
Jul 07 20:35:48 ubuntu neutron-server[118002]: DEBUG ovsdbapp.backend.ovs_idl [None req-f780fde0-fa0f-4627-9690-c0748dd12f0f None None] Created schema index HA_Chassis_Group.name {{(pid=118002) autocreate_indices /usr/local/lib/python3.8/dist-packages/ovsdbapp/backend/ovs_idl/__init__.py:104}}
Jul 07 20:35:48 ubuntu neutron-server[118002]: DEBUG ovsdbapp.backend.ovs_idl [None req-f780fde0-fa0f-4627-9690-c0748dd12f0f None None] Created schema index Connection.target {{(pid=118002) autocreate_indices /usr/local/lib/python3.8/dist-packages/ovsdbapp/backend/ovs_idl/__init__.py:104}}
Jul 07 20:35:48 ubuntu neutron-server[118001]: INFO ovsdbapp.backend.ovs_idl.vlog [None req-fb011ce7-6b51-4c0a-8e3f-b0ec252520bd None None] tcp:192.168.79.48:6641: connecting...
Jul 07 20:35:48 ubuntu neutron-server[118002]: DEBUG ovsdbapp.backend.ovs_idl [None req-f780fde0-fa0f-4627-9690-c0748dd12f0f None None] Created schema index Gateway_Chassis.name {{(pid=118002) autocreate_indices /usr/local/lib/python3.8/dist-packages/ovsdbapp/backend/ovs_idl/__init__.py:104}}
Jul 07 20:35:48 ubuntu neutron-server[118001]: INFO ovsdbapp.backend.ovs_idl.vlog [None req-fb011ce7-6b51-4c0a-8e3f-b0ec252520bd None None] tcp:192.168.79.48:6641: connected
Jul 07 20:35:48 ubuntu neutron-server[118002]: DEBUG ovsdbapp.backend.ovs_idl [None req-f780fde0-fa0f-4627-9690-c0748dd12f0f None None] Created schema index Logical_Router_Port.name {{(pid=118002) autocreate_indices /usr/local/lib/python3.8/dist-packages/ovsdbapp/backend/ovs_idl/__init__.py:104}}
Jul 07 20:35:48 ubuntu neutron-server[118002]: DEBUG ovsdbapp.backend.ovs_idl [None req-f780fde0-fa0f-4627-9690-c0748dd12f0f None None] Created schema index Port_Group.name {{(pid=118002) autocreate_indices /usr/local/lib/python3.8/dist-packages/ovsdbapp/backend/ovs_idl/__init__.py:104}}
Jul 07 20:35:48 ubuntu neutron-server[118002]: DEBUG ovsdbapp.backend.ovs_idl [None req-f780fde0-fa0f-4627-9690-c0748dd12f0f None None] Created schema index Logical_Switch_Port.name {{(pid=118002) autocreate_indices /usr/local/lib/python3.8/dist-packages/ovsdbapp/backend/ovs_idl/__init__.py:104}}
Jul 07 20:35:48 ubuntu neutron-server[118002]: INFO ovsdbapp.backend.ovs_idl.vlog [None req-f780fde0-fa0f-4627-9690-c0748dd12f0f None None] tcp:192.168.79.48:6641: connecting...
Jul 07 20:35:48 ubuntu neutron-server[118002]: INFO ovsdbapp.backend.ovs_idl.vlog [None req-f780fde0-fa0f-4627-9690-c0748dd12f0f None None] tcp:192.168.79.48:6641: connected
Jul 07 20:35:48 ubuntu neutron-server[117790]: DEBUG ovsdbapp.backend.ovs_idl [None req-618631fd-1ce5-408a-bff3-f90cf4216c79 None None] Created lookup_table index Chassis.name {{(pid=117790) autocreate_indices /usr/local/lib/python3.8/dist-packages/ovsdbapp/backend/ovs_idl/__init__.py:85}}
Jul 07 20:35:48 ubuntu neutron-server[117790]: DEBUG ovsdbapp.backend.ovs_idl [None req-618631fd-1ce5-408a-bff3-f90cf4216c79 None None] Created lookup_table index MAC_Binding.ip {{(pid=117790) autocreate_indices /usr/local/lib/python3.8/dist-packages/ovsdbapp/backend/ovs_idl/__init__.py:85}}
Jul 07 20:35:48 ubuntu neutron-server[117790]: DEBUG ovsdbapp.backend.ovs_idl [None req-618631fd-1ce5-408a-bff3-f90cf4216c79 None None] Created schema index Meter.name {{(pid=117790) autocreate_indices /usr/local/lib/python3.8/dist-packages/ovsdbapp/backend/ovs_idl/__init__.py:104}}
Jul 07 20:35:48 ubuntu neutron-server[117790]: DEBUG ovsdbapp.backend.ovs_idl [None req-618631fd-1ce5-408a-bff3-f90cf4216c79 None None] Created schema index Address_Set.name {{(pid=117790) autocreate_indices /usr/local/lib/python3.8/dist-packages/ovsdbapp/backend/ovs_idl/__init__.py:104}}
Jul 07 20:35:48 ubuntu neutron-server[117790]: DEBUG ovsdbapp.backend.ovs_idl [None req-618631fd-1ce5-408a-bff3-f90cf4216c79 None None] Created schema index HA_Chassis_Group.name {{(pid=117790) autocreate_indices /usr/local/lib/python3.8/dist-packages/ovsdbapp/backend/ovs_idl/__init__.py:104}}
Jul 07 20:35:48 ubuntu neutron-server[117790]: DEBUG ovsdbapp.backend.ovs_idl [None req-618631fd-1ce5-408a-bff3-f90cf4216c79 None None] Created schema index IP_Multicast.datapath {{(pid=117790) autocreate_indices /usr/local/lib/python3.8/dist-packages/ovsdbapp/backend/ovs_idl/__init__.py:104}}
Jul 07 20:35:48 ubuntu neutron-server[117790]: DEBUG ovsdbapp.backend.ovs_idl [None req-618631fd-1ce5-408a-bff3-f90cf4216c79 None None] Created schema index Connection.target {{(pid=117790) autocreate_indices /usr/local/lib/python3.8/dist-packages/ovsdbapp/backend/ovs_idl/__init__.py:104}}
Jul 07 20:35:48 ubuntu neutron-server[117790]: DEBUG ovsdbapp.backend.ovs_idl [None req-618631fd-1ce5-408a-bff3-f90cf4216c79 None None] Created schema index Gateway_Chassis.name {{(pid=117790) autocreate_indices /usr/local/lib/python3.8/dist-packages/ovsdbapp/backend/ovs_idl/__init__.py:104}}
Jul 07 20:35:48 ubuntu neutron-server[117790]: DEBUG ovsdbapp.backend.ovs_idl [None req-618631fd-1ce5-408a-bff3-f90cf4216c79 None None] Created schema index Port_Group.name {{(pid=117790) autocreate_indices /usr/local/lib/python3.8/dist-packages/ovsdbapp/backend/ovs_idl/__init__.py:104}}
Jul 07 20:35:48 ubuntu neutron-server[117790]: DEBUG ovsdbapp.backend.ovs_idl [None req-618631fd-1ce5-408a-bff3-f90cf4216c79 None None] Created schema index Datapath_Binding.tunnel_key {{(pid=117790) autocreate_indices /usr/local/lib/python3.8/dist-packages/ovsdbapp/backend/ovs_idl/__init__.py:104}}
Jul 07 20:35:48 ubuntu neutron-server[118002]: DEBUG neutron.common.ovn.hash_ring_manager [None req-f780fde0-fa0f-4627-9690-c0748dd12f0f None None] Allow caching, nodes 2>=2 {{(pid=118002) _wait_startup_before_caching /opt/stack/neutron/neutron/common/ovn/hash_ring_manager.py:60}}
Jul 07 20:35:48 ubuntu neutron-server[118001]: DEBUG neutron.common.ovn.hash_ring_manager [None req-fb011ce7-6b51-4c0a-8e3f-b0ec252520bd None None] Allow caching, nodes 2>=2 {{(pid=118001) _wait_startup_before_caching /opt/stack/neutron/neutron/common/ovn/hash_ring_manager.py:60}}
Jul 07 20:35:48 ubuntu neutron-server[118002]: DEBUG neutron.plugins.ml2.drivers.ovn.mech_driver.ovsdb.ovsdb_monitor [None req-f780fde0-fa0f-4627-9690-c0748dd12f0f None None] Hash Ring: Node c1c856ec-c105-4832-ab04-d1cd7cd9297f (host: ubuntu) handling event "create" for row 9307b856-3bbe-4c44-a36e-d07e152b7eec (table: Database) {{(pid=118002) notify /opt/stack/neutron/neutron/plugins/ml2/drivers/ovn/mech_driver/ovsdb/ovsdb_monitor.py:743}}
Jul 07 20:35:48 ubuntu neutron-server[118001]: DEBUG neutron.plugins.ml2.drivers.ovn.mech_driver.ovsdb.ovsdb_monitor [None req-fb011ce7-6b51-4c0a-8e3f-b0ec252520bd None None] Hash Ring: Node a7103b56-9bf3-4f57-aac2-d98f9059f704 (host: ubuntu) handling event "create" for row 48696099-6dac-4a65-a7e0-58cfa2310e63 (table: Database) {{(pid=118001) notify /opt/stack/neutron/neutron/plugins/ml2/drivers/ovn/mech_driver/ovsdb/ovsdb_monitor.py:743}}
Jul 07 20:35:48 ubuntu neutron-server[118002]: DEBUG neutron.plugins.ml2.drivers.ovn.mech_driver.ovsdb.ovsdb_monitor [None req-f780fde0-fa0f-4627-9690-c0748dd12f0f None None] Hash Ring: Node c1c856ec-c105-4832-ab04-d1cd7cd9297f (host: ubuntu) handling event "create" for row fb532fdd-4c5a-4078-85fe-5ad6f9e411ff (table: ACL) {{(pid=118002) notify /opt/stack/neutron/neutron/plugins/ml2/drivers/ovn/mech_driver/ovsdb/ovsdb_monitor.py:743}}
Jul 07 20:35:48 ubuntu neutron-server[118001]: DEBUG neutron.plugins.ml2.drivers.ovn.mech_driver.ovsdb.ovsdb_monitor [None req-fb011ce7-6b51-4c0a-8e3f-b0ec252520bd None None] Hash Ring: Node a7103b56-9bf3-4f57-aac2-d98f9059f704 (host: ubuntu) handling event "create" for row 7e1e766d-c2c6-4951-a903-095596b6400d (table: Port_Group) {{(pid=118001) notify /opt/stack/neutron/neutron/plugins/ml2/drivers/ovn/mech_driver/ovsdb/ovsdb_monitor.py:743}}
Jul 07 20:35:48 ubuntu neutron-server[118001]: DEBUG neutron.plugins.ml2.drivers.ovn.mech_driver.ovsdb.ovsdb_monitor [None req-fb011ce7-6b51-4c0a-8e3f-b0ec252520bd None None] Hash Ring: Node a7103b56-9bf3-4f57-aac2-d98f9059f704 (host: ubuntu) handling event "create" for row 63899bdb-6687-49f3-a04d-efd736c862b5 (table: NB_Global) {{(pid=118001) notify /opt/stack/neutron/neutron/plugins/ml2/drivers/ovn/mech_driver/ovsdb/ovsdb_monitor.py:743}}
Jul 07 20:35:48 ubuntu neutron-server[118002]: DEBUG neutron.plugins.ml2.drivers.ovn.mech_driver.ovsdb.ovsdb_monitor [None req-f780fde0-fa0f-4627-9690-c0748dd12f0f None None] Hash Ring: Node c1c856ec-c105-4832-ab04-d1cd7cd9297f (host: ubuntu) handling event "create" for row ff57d509-813e-48ec-99a4-4a3989fee969 (table: Connection) {{(pid=118002) notify /opt/stack/neutron/neutron/plugins/ml2/drivers/ovn/mech_driver/ovsdb/ovsdb_monitor.py:743}}
Jul 07 20:35:48 ubuntu neutron-server[118001]: DEBUG neutron.plugins.ml2.drivers.ovn.mech_driver.ovsdb.ovsdb_monitor [None req-fb011ce7-6b51-4c0a-8e3f-b0ec252520bd None None] Hash Ring: Node a7103b56-9bf3-4f57-aac2-d98f9059f704 (host: ubuntu) handling event "create" for row a03da8d6-c9a7-43b3-819f-57ee33e20b09 (table: ACL) {{(pid=118001) notify /opt/stack/neutron/neutron/plugins/ml2/drivers/ovn/mech_driver/ovsdb/ovsdb_monitor.py:743}}
Jul 07 20:35:48 ubuntu neutron-server[118002]: INFO neutron.plugins.ml2.drivers.ovn.mech_driver.ovsdb.impl_idl_ovn [None req-f780fde0-fa0f-4627-9690-c0748dd12f0f None None] Getting OvsdbSbOvnIdl for WorkerService with retry
Jul 07 20:35:48 ubuntu neutron-server[118001]: INFO neutron.plugins.ml2.drivers.ovn.mech_driver.ovsdb.impl_idl_ovn [None req-fb011ce7-6b51-4c0a-8e3f-b0ec252520bd None None] Getting OvsdbSbOvnIdl for WorkerService with retry
Jul 07 20:35:48 ubuntu neutron-server[118002]: DEBUG ovsdbapp.backend.ovs_idl [None req-f780fde0-fa0f-4627-9690-c0748dd12f0f None None] Created lookup_table index Chassis.name {{(pid=118002) autocreate_indices /usr/local/lib/python3.8/dist-packages/ovsdbapp/backend/ovs_idl/__init__.py:85}}
Jul 07 20:35:48 ubuntu neutron-server[118002]: DEBUG ovsdbapp.backend.ovs_idl [None req-f780fde0-fa0f-4627-9690-c0748dd12f0f None None] Created schema index Datapath_Binding.tunnel_key {{(pid=118002) autocreate_indices /usr/local/lib/python3.8/dist-packages/ovsdbapp/backend/ovs_idl/__init__.py:104}}
Jul 07 20:35:48 ubuntu neutron-server[118002]: DEBUG ovsdbapp.backend.ovs_idl [None req-f780fde0-fa0f-4627-9690-c0748dd12f0f None None] Created schema index Connection.target {{(pid=118002) autocreate_indices /usr/local/lib/python3.8/dist-packages/ovsdbapp/backend/ovs_idl/__init__.py:104}}
Jul 07 20:35:48 ubuntu neutron-server[118002]: INFO ovsdbapp.backend.ovs_idl.vlog [None req-f780fde0-fa0f-4627-9690-c0748dd12f0f None None] tcp:192.168.79.48:6642: connecting...
Jul 07 20:35:48 ubuntu neutron-server[118002]: INFO ovsdbapp.backend.ovs_idl.vlog [None req-f780fde0-fa0f-4627-9690-c0748dd12f0f None None] tcp:192.168.79.48:6642: connected
Jul 07 20:35:48 ubuntu neutron-server[118001]: DEBUG ovsdbapp.backend.ovs_idl [None req-fb011ce7-6b51-4c0a-8e3f-b0ec252520bd None None] Created lookup_table index Chassis.name {{(pid=118001) autocreate_indices /usr/local/lib/python3.8/dist-packages/ovsdbapp/backend/ovs_idl/__init__.py:85}}
Jul 07 20:35:48 ubuntu neutron-server[118001]: DEBUG ovsdbapp.backend.ovs_idl [None req-fb011ce7-6b51-4c0a-8e3f-b0ec252520bd None None] Created schema index Datapath_Binding.tunnel_key {{(pid=118001) autocreate_indices /usr/local/lib/python3.8/dist-packages/ovsdbapp/backend/ovs_idl/__init__.py:104}}
Jul 07 20:35:48 ubuntu neutron-server[117790]: INFO oslo_service.service [None req-618631fd-1ce5-408a-bff3-f90cf4216c79 None None] Starting 1 workers
Jul 07 20:35:48 ubuntu neutron-server[118001]: DEBUG ovsdbapp.backend.ovs_idl [None req-fb011ce7-6b51-4c0a-8e3f-b0ec252520bd None None] Created schema index Connection.target {{(pid=118001) autocreate_indices /usr/local/lib/python3.8/dist-packages/ovsdbapp/backend/ovs_idl/__init__.py:104}}
Jul 07 20:35:48 ubuntu neutron-server[118001]: INFO ovsdbapp.backend.ovs_idl.vlog [None req-fb011ce7-6b51-4c0a-8e3f-b0ec252520bd None None] tcp:192.168.79.48:6642: connecting...
Jul 07 20:35:48 ubuntu neutron-server[118001]: INFO ovsdbapp.backend.ovs_idl.vlog [None req-fb011ce7-6b51-4c0a-8e3f-b0ec252520bd None None] tcp:192.168.79.48:6642: connected
Jul 07 20:35:48 ubuntu neutron-server[117790]: DEBUG oslo_service.service [None req-618631fd-1ce5-408a-bff3-f90cf4216c79 None None] Started child 118005 {{(pid=117790) _start_child /usr/local/lib/python3.8/dist-packages/oslo_service/service.py:575}}
Jul 07 20:35:48 ubuntu neutron-server[117790]: INFO oslo_service.service [None req-618631fd-1ce5-408a-bff3-f90cf4216c79 None None] Starting 1 workers
Jul 07 20:35:48 ubuntu neutron-server[117790]: DEBUG oslo_service.service [None req-618631fd-1ce5-408a-bff3-f90cf4216c79 None None] Started child 118006 {{(pid=117790) _start_child /usr/local/lib/python3.8/dist-packages/oslo_service/service.py:575}}
Jul 07 20:35:48 ubuntu neutron-server[117790]: INFO oslo_service.service [None req-618631fd-1ce5-408a-bff3-f90cf4216c79 None None] Starting 1 workers
Jul 07 20:35:48 ubuntu neutron-server[117790]: DEBUG oslo_service.service [None req-618631fd-1ce5-408a-bff3-f90cf4216c79 None None] Started child 118007 {{(pid=117790) _start_child /usr/local/lib/python3.8/dist-packages/oslo_service/service.py:575}}
Jul 07 20:35:48 ubuntu neutron-server[118005]: DEBUG neutron.service [None req-618631fd-1ce5-408a-bff3-f90cf4216c79 None None] calling RpcWorker wait() {{(pid=118005) _wait /opt/stack/neutron/neutron/service.py:128}}
Jul 07 20:35:48 ubuntu neutron-server[118005]: DEBUG neutron.service [None req-618631fd-1ce5-408a-bff3-f90cf4216c79 None None] returning from RpcWorker wait() {{(pid=118005) _wait /opt/stack/neutron/neutron/service.py:135}}
Jul 07 20:35:48 ubuntu neutron-server[118005]: DEBUG neutron_lib.callbacks.manager [-] Publish callbacks ['neutron.plugins.ml2.drivers.ovn.mech_driver.mech_driver.OVNMechanismDriver.post_fork_initialize-954854'] for process (None), after_init {{(pid=118005) _notify_loop /usr/local/lib/python3.8/dist-packages/neutron_lib/callbacks/manager.py:176}}
Jul 07 20:35:48 ubuntu neutron-server[117790]: DEBUG neutron_lib.callbacks.manager [None req-618631fd-1ce5-408a-bff3-f90cf4216c79 None None] Publish callbacks [] for process (None), after_spawn {{(pid=117790) _notify_loop /usr/local/lib/python3.8/dist-packages/neutron_lib/callbacks/manager.py:176}}
Jul 07 20:35:48 ubuntu neutron-server[118002]: DEBUG neutron.common.ovn.hash_ring_manager [None req-f780fde0-fa0f-4627-9690-c0748dd12f0f None None] Allow caching, nodes 2>=2 {{(pid=118002) _wait_startup_before_caching /opt/stack/neutron/neutron/common/ovn/hash_ring_manager.py:60}}
Jul 07 20:35:48 ubuntu neutron-server[118005]: INFO neutron.plugins.ml2.drivers.ovn.mech_driver.ovsdb.impl_idl_ovn [-] Getting OvsdbNbOvnIdl for RpcWorker with retry
Jul 07 20:35:48 ubuntu neutron-server[117790]: DEBUG oslo_service.service [-] Full set of CONF: {{(pid=117790) wait /usr/local/lib/python3.8/dist-packages/oslo_service/service.py:649}}
Jul 07 20:35:48 ubuntu neutron-server[117790]: DEBUG oslo_service.service [-] ******************************************************************************** {{(pid=117790) log_opt_values /usr/local/lib/python3.8/dist-packages/oslo_config/cfg.py:2589}}
Jul 07 20:35:48 ubuntu neutron-server[117790]: DEBUG oslo_service.service [-] Configuration options gathered from: {{(pid=117790) log_opt_values /usr/local/lib/python3.8/dist-packages/oslo_config/cfg.py:2590}}
Jul 07 20:35:48 ubuntu neutron-server[117790]: DEBUG oslo_service.service [-] command line args: ['--config-file', '/etc/neutron/neutron.conf', '--config-file', '/etc/neutron/plugins/ml2/ml2_conf.ini'] {{(pid=117790) log_opt_values /usr/local/lib/python3.8/dist-packages/oslo_config/cfg.py:2591}}
Jul 07 20:35:48 ubuntu neutron-server[117790]: DEBUG oslo_service.service [-] config files: ['/etc/neutron/neutron.conf', '/etc/neutron/plugins/ml2/ml2_conf.ini'] {{(pid=117790) log_opt_values /usr/local/lib/python3.8/dist-packages/oslo_config/cfg.py:2592}}
Jul 07 20:35:48 ubuntu neutron-server[117790]: DEBUG oslo_service.service [-] ================================================================================ {{(pid=117790) log_opt_values /usr/local/lib/python3.8/dist-packages/oslo_config/cfg.py:2594}}
Jul 07 20:35:48 ubuntu neutron-server[117790]: DEBUG oslo_service.service [-] agent_down_time                = 75 {{(pid=117790) log_opt_values /usr/local/lib/python3.8/dist-packages/oslo_config/cfg.py:2602}}
Jul 07 20:35:48 ubuntu neutron-server[117790]: DEBUG oslo_service.service [-] allow_automatic_dhcp_failover  = True {{(pid=117790) log_opt_values /usr/local/lib/python3.8/dist-packages/oslo_config/cfg.py:2602}}
Jul 07 20:35:48 ubuntu neutron-server[117790]: DEBUG oslo_service.service [-] allow_bulk                     = True {{(pid=117790) log_opt_values /usr/local/lib/python3.8/dist-packages/oslo_config/cfg.py:2602}}
Jul 07 20:35:48 ubuntu neutron-server[117790]: DEBUG oslo_service.service [-] allowed_conntrack_helpers      = [{'amanda': 'tcp'}, {'ftp': 'tcp'}, {'h323': 'udp'}, {'h323': 'tcp'}, {'irc': 'tcp'}, {'netbios-ns': 'udp'}, {'pptp': 'tcp'}, {'sane': 'tcp'}, {'sip': 'udp'}, {'sip': 'tcp'}, {'snmp': 'udp'}, {'tftp': 'udp'}] {{(pid=117790) log_opt_values /usr/local/lib/python3.8/dist-packages/oslo_config/cfg.py:2602}}
Jul 07 20:35:48 ubuntu neutron-server[117790]: DEBUG oslo_service.service [-] api_extensions_path            =  {{(pid=117790) log_opt_values /usr/local/lib/python3.8/dist-packages/oslo_config/cfg.py:2602}}
Jul 07 20:35:48 ubuntu neutron-server[117790]: DEBUG oslo_service.service [-] api_paste_config               = api-paste.ini {{(pid=117790) log_opt_values /usr/local/lib/python3.8/dist-packages/oslo_config/cfg.py:2602}}
Jul 07 20:35:48 ubuntu neutron-server[117790]: DEBUG oslo_service.service [-] api_workers                    = 2 {{(pid=117790) log_opt_values /usr/local/lib/python3.8/dist-packages/oslo_config/cfg.py:2602}}
Jul 07 20:35:48 ubuntu neutron-server[117790]: DEBUG oslo_service.service [-] auth_strategy                  = keystone {{(pid=117790) log_opt_values /usr/local/lib/python3.8/dist-packages/oslo_config/cfg.py:2602}}
Jul 07 20:35:48 ubuntu neutron-server[117790]: DEBUG oslo_service.service [-] backdoor_port                  = None {{(pid=117790) log_opt_values /usr/local/lib/python3.8/dist-packages/oslo_config/cfg.py:2602}}
Jul 07 20:35:48 ubuntu neutron-server[117790]: DEBUG oslo_service.service [-] backdoor_socket                = None {{(pid=117790) log_opt_values /usr/local/lib/python3.8/dist-packages/oslo_config/cfg.py:2602}}
Jul 07 20:35:48 ubuntu neutron-server[117790]: DEBUG oslo_service.service [-] backlog                        = 4096 {{(pid=117790) log_opt_values /usr/local/lib/python3.8/dist-packages/oslo_config/cfg.py:2602}}
Jul 07 20:35:48 ubuntu neutron-server[117790]: DEBUG oslo_service.service [-] base_mac                       = fa:16:3e:00:00:00 {{(pid=117790) log_opt_values /usr/local/lib/python3.8/dist-packages/oslo_config/cfg.py:2602}}
Jul 07 20:35:48 ubuntu neutron-server[117790]: DEBUG oslo_service.service [-] bind_host                      = 0.0.0.0 {{(pid=117790) log_opt_values /usr/local/lib/python3.8/dist-packages/oslo_config/cfg.py:2602}}
Jul 07 20:35:48 ubuntu neutron-server[117790]: DEBUG oslo_service.service [-] bind_port                      = 9696 {{(pid=117790) log_opt_values /usr/local/lib/python3.8/dist-packages/oslo_config/cfg.py:2602}}
