Apr 06 09:54:15 ubuntu neutron-server[110957]: DEBUG neutron.api.extensions [None req-8384aa4a-4f85-479a-8d0d-d5e95118fa3e None None] Loading extension file: vlantransparent.py {{(pid=110957) _load_all_extensions_from_path /opt/stack/neutron/neutron/api/extensions.py:450}}
Apr 06 09:54:15 ubuntu neutron-server[110957]: DEBUG neutron.api.extensions [None req-8384aa4a-4f85-479a-8d0d-d5e95118fa3e None None] Ext name="Vlantransparent" alias="vlan-transparent" description="Provides Vlan Transparent Networks" updated="2015-03-23T09:00:00-00:00" {{(pid=110957) _check_extension /opt/stack/neutron/neutron/api/extensions.py:416}}
Apr 06 09:54:15 ubuntu neutron-server[110957]: INFO neutron.api.extensions [None req-8384aa4a-4f85-479a-8d0d-d5e95118fa3e None None] Extension vlan-transparent not supported by any of loaded plugins
Apr 06 09:54:15 ubuntu neutron-server[110957]: INFO neutron.quota.resource_registry [None req-8384aa4a-4f85-479a-8d0d-d5e95118fa3e None None] Creating instance of TrackedResource for resource:network
Apr 06 09:54:15 ubuntu neutron-server[110957]: INFO neutron.quota.resource_registry [None req-8384aa4a-4f85-479a-8d0d-d5e95118fa3e None None] Creating instance of TrackedResource for resource:subnet
Apr 06 09:54:15 ubuntu neutron-server[110957]: INFO neutron.quota.resource_registry [None req-8384aa4a-4f85-479a-8d0d-d5e95118fa3e None None] Creating instance of TrackedResource for resource:subnetpool
Apr 06 09:54:15 ubuntu neutron-server[110957]: INFO neutron.quota.resource_registry [None req-8384aa4a-4f85-479a-8d0d-d5e95118fa3e None None] Creating instance of TrackedResource for resource:port
Apr 06 09:54:15 ubuntu neutron-server[110957]: DEBUG neutron.api.v2.resource_helper [None req-8384aa4a-4f85-479a-8d0d-d5e95118fa3e None None] Service FLAVORS assigned prefix:  {{(pid=110957) build_resource_info /opt/stack/neutron/neutron/api/v2/resource_helper.py:77}}
Apr 06 09:54:15 ubuntu neutron-server[110957]: DEBUG neutron.api.v2.resource_helper [None req-8384aa4a-4f85-479a-8d0d-d5e95118fa3e None None] Service L3_ROUTER_NAT assigned prefix:  {{(pid=110957) build_resource_info /opt/stack/neutron/neutron/api/v2/resource_helper.py:77}}
Apr 06 09:54:15 ubuntu neutron-server[110957]: DEBUG neutron.api.v2.resource_helper [None req-8384aa4a-4f85-479a-8d0d-d5e95118fa3e None None] Service L3_ROUTER_NAT assigned prefix:  {{(pid=110957) build_resource_info /opt/stack/neutron/neutron/api/v2/resource_helper.py:77}}
Apr 06 09:54:15 ubuntu neutron-server[110957]: INFO neutron.quota.resource_registry [None req-8384aa4a-4f85-479a-8d0d-d5e95118fa3e None None] Creating instance of TrackedResource for resource:router
Apr 06 09:54:15 ubuntu neutron-server[110957]: INFO neutron.quota.resource_registry [None req-8384aa4a-4f85-479a-8d0d-d5e95118fa3e None None] Creating instance of TrackedResource for resource:floatingip
Apr 06 09:54:15 ubuntu neutron-server[110957]: DEBUG neutron_lib.callbacks.manager [None req-8384aa4a-4f85-479a-8d0d-d5e95118fa3e None None] Subscribe: <bound method NeutronDbPluginV2.validate_network_rbac_policy_change of <neutron.services.network_ip_availability.plugin.NetworkIPAvailabilityPlugin object at 0x7f8741a606d0>> rbac-policy before_create 55550000 {{(pid=110957) subscribe /usr/local/lib/python3.8/dist-packages/neutron_lib/callbacks/manager.py:45}}
Apr 06 09:54:15 ubuntu neutron-server[110957]: DEBUG neutron_lib.callbacks.manager [None req-8384aa4a-4f85-479a-8d0d-d5e95118fa3e None None] Subscribe: <bound method NeutronDbPluginV2.validate_network_rbac_policy_change of <neutron.services.network_ip_availability.plugin.NetworkIPAvailabilityPlugin object at 0x7f8741a606d0>> rbac-policy before_update 55550000 {{(pid=110957) subscribe /usr/local/lib/python3.8/dist-packages/neutron_lib/callbacks/manager.py:45}}
Apr 06 09:54:15 ubuntu neutron-server[110957]: DEBUG neutron_lib.callbacks.manager [None req-8384aa4a-4f85-479a-8d0d-d5e95118fa3e None None] Subscribe: <bound method NeutronDbPluginV2.validate_network_rbac_policy_change of <neutron.services.network_ip_availability.plugin.NetworkIPAvailabilityPlugin object at 0x7f8741a606d0>> rbac-policy before_delete 55550000 {{(pid=110957) subscribe /usr/local/lib/python3.8/dist-packages/neutron_lib/callbacks/manager.py:45}}
Apr 06 09:54:15 ubuntu neutron-server[110957]: INFO neutron.quota.resource_registry [None req-8384aa4a-4f85-479a-8d0d-d5e95118fa3e None None] Creating instance of CountableResource for resource:rbac_policy
Apr 06 09:54:15 ubuntu neutron-server[110957]: INFO neutron.quota.resource_registry [None req-8384aa4a-4f85-479a-8d0d-d5e95118fa3e None None] Creating instance of TrackedResource for resource:security_group
Apr 06 09:54:15 ubuntu neutron-server[110957]: INFO neutron.quota.resource_registry [None req-8384aa4a-4f85-479a-8d0d-d5e95118fa3e None None] Creating instance of TrackedResource for resource:security_group_rule
Apr 06 09:54:15 ubuntu neutron-server[110957]: DEBUG neutron.api.v2.resource_helper [None req-8384aa4a-4f85-479a-8d0d-d5e95118fa3e None None] Service FLAVORS assigned prefix:  {{(pid=110957) build_resource_info /opt/stack/neutron/neutron/api/v2/resource_helper.py:77}}
Apr 06 09:54:15 ubuntu neutron-server[110957]: DEBUG neutron.api.v2.resource_helper [None req-8384aa4a-4f85-479a-8d0d-d5e95118fa3e None None] Service L3_ROUTER_NAT assigned prefix:  {{(pid=110957) build_resource_info /opt/stack/neutron/neutron/api/v2/resource_helper.py:77}}
Apr 06 09:54:15 ubuntu neutron-server[110957]: DEBUG neutron.api.v2.resource_helper [None req-8384aa4a-4f85-479a-8d0d-d5e95118fa3e None None] Service L3_ROUTER_NAT assigned prefix:  {{(pid=110957) build_resource_info /opt/stack/neutron/neutron/api/v2/resource_helper.py:77}}
Apr 06 09:54:15 ubuntu neutron-server[110957]: INFO neutron.quota.resource_registry [None req-8384aa4a-4f85-479a-8d0d-d5e95118fa3e None None] Creating instance of TrackedResource for resource:router
Apr 06 09:54:15 ubuntu neutron-server[110957]: WARNING neutron.quota.resource_registry [None req-8384aa4a-4f85-479a-8d0d-d5e95118fa3e None None] router is already registered
Apr 06 09:54:15 ubuntu neutron-server[110957]: INFO neutron.quota.resource_registry [None req-8384aa4a-4f85-479a-8d0d-d5e95118fa3e None None] Creating instance of TrackedResource for resource:floatingip
Apr 06 09:54:15 ubuntu neutron-server[110957]: WARNING neutron.quota.resource_registry [None req-8384aa4a-4f85-479a-8d0d-d5e95118fa3e None None] floatingip is already registered
Apr 06 09:54:15 ubuntu neutron-server[110957]: INFO neutron.quota.resource_registry [None req-8384aa4a-4f85-479a-8d0d-d5e95118fa3e None None] Creating instance of CountableResource for resource:rbac_policy
Apr 06 09:54:15 ubuntu neutron-server[110957]: WARNING neutron.quota.resource_registry [None req-8384aa4a-4f85-479a-8d0d-d5e95118fa3e None None] rbac_policy is already registered
Apr 06 09:54:15 ubuntu neutron-server[110957]: INFO neutron.quota.resource_registry [None req-8384aa4a-4f85-479a-8d0d-d5e95118fa3e None None] Creating instance of TrackedResource for resource:security_group
Apr 06 09:54:15 ubuntu neutron-server[110957]: WARNING neutron.quota.resource_registry [None req-8384aa4a-4f85-479a-8d0d-d5e95118fa3e None None] security_group is already registered
Apr 06 09:54:15 ubuntu neutron-server[110957]: INFO neutron.quota.resource_registry [None req-8384aa4a-4f85-479a-8d0d-d5e95118fa3e None None] Creating instance of TrackedResource for resource:security_group_rule
Apr 06 09:54:15 ubuntu neutron-server[110957]: WARNING neutron.quota.resource_registry [None req-8384aa4a-4f85-479a-8d0d-d5e95118fa3e None None] security_group_rule is already registered
Apr 06 09:54:15 ubuntu neutron-server[110957]: DEBUG neutron.api.extensions [None req-8384aa4a-4f85-479a-8d0d-d5e95118fa3e None None] Extended resource: extensions {{(pid=110957) __init__ /opt/stack/neutron/neutron/api/extensions.py:157}}
Apr 06 09:54:15 ubuntu neutron-server[110957]: DEBUG neutron.api.extensions [None req-8384aa4a-4f85-479a-8d0d-d5e95118fa3e None None] Extended resource: address-groups {{(pid=110957) __init__ /opt/stack/neutron/neutron/api/extensions.py:157}}
Apr 06 09:54:15 ubuntu neutron-server[110957]: DEBUG neutron.api.extensions [None req-8384aa4a-4f85-479a-8d0d-d5e95118fa3e None None] Extended resource: address-scopes {{(pid=110957) __init__ /opt/stack/neutron/neutron/api/extensions.py:157}}
Apr 06 09:54:15 ubuntu neutron-server[110957]: DEBUG neutron.api.extensions [None req-8384aa4a-4f85-479a-8d0d-d5e95118fa3e None None] Extended resource: agents {{(pid=110957) __init__ /opt/stack/neutron/neutron/api/extensions.py:157}}
Apr 06 09:54:15 ubuntu neutron-server[110957]: DEBUG neutron.api.extensions [None req-8384aa4a-4f85-479a-8d0d-d5e95118fa3e None None] Extended resource: auto-allocated-topology {{(pid=110957) __init__ /opt/stack/neutron/neutron/api/extensions.py:157}}
Apr 06 09:54:15 ubuntu neutron-server[110957]: DEBUG neutron.api.extensions [None req-8384aa4a-4f85-479a-8d0d-d5e95118fa3e None None] Extended resource: availability_zones {{(pid=110957) __init__ /opt/stack/neutron/neutron/api/extensions.py:157}}
Apr 06 09:54:15 ubuntu neutron-server[110957]: DEBUG neutron.api.extensions [None req-8384aa4a-4f85-479a-8d0d-d5e95118fa3e None None] Extended resource: flavors {{(pid=110957) __init__ /opt/stack/neutron/neutron/api/extensions.py:157}}
Apr 06 09:54:15 ubuntu neutron-server[110957]: DEBUG neutron.api.extensions [None req-8384aa4a-4f85-479a-8d0d-d5e95118fa3e None None] Extended resource: service_profiles {{(pid=110957) __init__ /opt/stack/neutron/neutron/api/extensions.py:157}}
Apr 06 09:54:15 ubuntu neutron-server[110957]: DEBUG neutron.api.extensions [None req-8384aa4a-4f85-479a-8d0d-d5e95118fa3e None None] Extended resource: next_providers {{(pid=110957) __init__ /opt/stack/neutron/neutron/api/extensions.py:157}}
Apr 06 09:54:15 ubuntu neutron-server[110957]: DEBUG neutron.api.extensions [None req-8384aa4a-4f85-479a-8d0d-d5e95118fa3e None None] Extended resource: service_profiles {{(pid=110957) __init__ /opt/stack/neutron/neutron/api/extensions.py:157}}
Apr 06 09:54:15 ubuntu neutron-server[110957]: DEBUG neutron.api.extensions [None req-8384aa4a-4f85-479a-8d0d-d5e95118fa3e None None] Extended resource: floatingip-pools {{(pid=110957) __init__ /opt/stack/neutron/neutron/api/extensions.py:157}}
Apr 06 09:54:15 ubuntu neutron-server[110957]: DEBUG neutron.api.extensions [None req-8384aa4a-4f85-479a-8d0d-d5e95118fa3e None None] Extended resource: routers {{(pid=110957) __init__ /opt/stack/neutron/neutron/api/extensions.py:157}}
Apr 06 09:54:15 ubuntu neutron-server[110957]: DEBUG neutron.api.extensions [None req-8384aa4a-4f85-479a-8d0d-d5e95118fa3e None None] Extended resource: floatingips {{(pid=110957) __init__ /opt/stack/neutron/neutron/api/extensions.py:157}}
Apr 06 09:54:15 ubuntu neutron-server[110957]: DEBUG neutron.api.extensions [None req-8384aa4a-4f85-479a-8d0d-d5e95118fa3e None None] Extended resource: network-ip-availabilities {{(pid=110957) __init__ /opt/stack/neutron/neutron/api/extensions.py:157}}
Apr 06 09:54:15 ubuntu neutron-server[110957]: DEBUG neutron.api.extensions [None req-8384aa4a-4f85-479a-8d0d-d5e95118fa3e None None] Extended resource: bindings {{(pid=110957) __init__ /opt/stack/neutron/neutron/api/extensions.py:157}}
Apr 06 09:54:15 ubuntu neutron-server[110957]: DEBUG neutron.api.extensions [None req-8384aa4a-4f85-479a-8d0d-d5e95118fa3e None None] Extended resource: quotas {{(pid=110957) __init__ /opt/stack/neutron/neutron/api/extensions.py:157}}
Apr 06 09:54:15 ubuntu neutron-server[110957]: DEBUG neutron.api.extensions [None req-8384aa4a-4f85-479a-8d0d-d5e95118fa3e None None] Extended resource: quotas {{(pid=110957) __init__ /opt/stack/neutron/neutron/api/extensions.py:157}}
Apr 06 09:54:15 ubuntu neutron-server[110957]: DEBUG neutron.api.extensions [None req-8384aa4a-4f85-479a-8d0d-d5e95118fa3e None None] Extended resource: rbac-policies {{(pid=110957) __init__ /opt/stack/neutron/neutron/api/extensions.py:157}}
Apr 06 09:54:15 ubuntu neutron-server[110957]: DEBUG neutron.api.extensions [None req-8384aa4a-4f85-479a-8d0d-d5e95118fa3e None None] Extended resource: security-groups {{(pid=110957) __init__ /opt/stack/neutron/neutron/api/extensions.py:157}}
Apr 06 09:54:15 ubuntu neutron-server[110957]: DEBUG neutron.api.extensions [None req-8384aa4a-4f85-479a-8d0d-d5e95118fa3e None None] Extended resource: security-group-rules {{(pid=110957) __init__ /opt/stack/neutron/neutron/api/extensions.py:157}}
Apr 06 09:54:15 ubuntu neutron-server[110957]: DEBUG neutron.api.extensions [None req-8384aa4a-4f85-479a-8d0d-d5e95118fa3e None None] Extended resource: service-providers {{(pid=110957) __init__ /opt/stack/neutron/neutron/api/extensions.py:157}}
Apr 06 09:54:15 ubuntu neutron-server[110957]: DEBUG neutron.api.extensions [None req-8384aa4a-4f85-479a-8d0d-d5e95118fa3e None None] Extended resource: tags {{(pid=110957) __init__ /opt/stack/neutron/neutron/api/extensions.py:157}}
Apr 06 09:54:15 ubuntu neutron-server[110957]: DEBUG neutron.api.extensions [None req-8384aa4a-4f85-479a-8d0d-d5e95118fa3e None None] Extended resource: tags {{(pid=110957) __init__ /opt/stack/neutron/neutron/api/extensions.py:157}}
Apr 06 09:54:15 ubuntu neutron-server[110957]: DEBUG neutron.api.extensions [None req-8384aa4a-4f85-479a-8d0d-d5e95118fa3e None None] Extended resource: tags {{(pid=110957) __init__ /opt/stack/neutron/neutron/api/extensions.py:157}}
Apr 06 09:54:15 ubuntu neutron-server[110957]: DEBUG neutron.api.extensions [None req-8384aa4a-4f85-479a-8d0d-d5e95118fa3e None None] Extended resource: tags {{(pid=110957) __init__ /opt/stack/neutron/neutron/api/extensions.py:157}}
Apr 06 09:54:15 ubuntu neutron-server[110957]: DEBUG neutron.api.extensions [None req-8384aa4a-4f85-479a-8d0d-d5e95118fa3e None None] Extended resource: tags {{(pid=110957) __init__ /opt/stack/neutron/neutron/api/extensions.py:157}}
Apr 06 09:54:15 ubuntu neutron-server[110957]: DEBUG neutron.api.extensions [None req-8384aa4a-4f85-479a-8d0d-d5e95118fa3e None None] Extended resource: tags {{(pid=110957) __init__ /opt/stack/neutron/neutron/api/extensions.py:157}}
Apr 06 09:54:15 ubuntu neutron-server[110957]: DEBUG neutron.api.extensions [None req-8384aa4a-4f85-479a-8d0d-d5e95118fa3e None None] Extended resource: tags {{(pid=110957) __init__ /opt/stack/neutron/neutron/api/extensions.py:157}}
Apr 06 09:54:15 ubuntu neutron-server[110957]: DEBUG neutron.api.extensions [None req-8384aa4a-4f85-479a-8d0d-d5e95118fa3e None None] Extended resource: tags {{(pid=110957) __init__ /opt/stack/neutron/neutron/api/extensions.py:157}}
Apr 06 09:54:15 ubuntu neutron-server[110957]: DEBUG neutron.api.extensions [None req-8384aa4a-4f85-479a-8d0d-d5e95118fa3e None None] Extended resource: tags {{(pid=110957) __init__ /opt/stack/neutron/neutron/api/extensions.py:157}}
Apr 06 09:54:15 ubuntu neutron-server[110957]: DEBUG neutron.api.extensions [None req-8384aa4a-4f85-479a-8d0d-d5e95118fa3e None None] Extended resource: tags {{(pid=110957) __init__ /opt/stack/neutron/neutron/api/extensions.py:157}}
Apr 06 09:54:15 ubuntu neutron-server[110957]: WARNING keystonemiddleware.auth_token [None req-8384aa4a-4f85-479a-8d0d-d5e95118fa3e None None] AuthToken middleware is set with keystone_authtoken.service_token_roles_required set to False. This is backwards compatible but deprecated behaviour. Please set this to True.
Apr 06 09:54:15 ubuntu neutron-server[110957]: WARNING keystonemiddleware.auth_token [None req-8384aa4a-4f85-479a-8d0d-d5e95118fa3e None None] Configuring www_authenticate_uri to point to the public identity endpoint is required; clients may not be able to authenticate against an admin endpoint
Apr 06 09:54:15 ubuntu neutron-server[110957]: DEBUG oslo_concurrency.lockutils [None req-8384aa4a-4f85-479a-8d0d-d5e95118fa3e None None] Acquired lock "singleton_lock" {{(pid=110957) lock /usr/local/lib/python3.8/dist-packages/oslo_concurrency/lockutils.py:294}}
Apr 06 09:54:15 ubuntu neutron-server[110957]: DEBUG oslo_concurrency.lockutils [None req-8384aa4a-4f85-479a-8d0d-d5e95118fa3e None None] Releasing lock "singleton_lock" {{(pid=110957) lock /usr/local/lib/python3.8/dist-packages/oslo_concurrency/lockutils.py:312}}
Apr 06 09:54:15 ubuntu neutron-server[110957]: INFO oslo_service.service [None req-8384aa4a-4f85-479a-8d0d-d5e95118fa3e None None] Starting 2 workers
Apr 06 09:54:15 ubuntu neutron-server[110957]: DEBUG oslo_service.service [None req-8384aa4a-4f85-479a-8d0d-d5e95118fa3e None None] Started child 111169 {{(pid=110957) _start_child /usr/local/lib/python3.8/dist-packages/oslo_service/service.py:575}}
Apr 06 09:54:15 ubuntu neutron-server[110957]: DEBUG oslo_service.service [None req-8384aa4a-4f85-479a-8d0d-d5e95118fa3e None None] Started child 111170 {{(pid=110957) _start_child /usr/local/lib/python3.8/dist-packages/oslo_service/service.py:575}}
Apr 06 09:54:15 ubuntu neutron-server[111169]: DEBUG neutron_lib.callbacks.manager [-] Publish callbacks ['neutron.plugins.ml2.drivers.ovn.mech_driver.mech_driver.OVNMechanismDriver.post_fork_initialize-761710'] for process (None), after_init {{(pid=111169) _notify_loop /usr/local/lib/python3.8/dist-packages/neutron_lib/callbacks/manager.py:176}}
Apr 06 09:54:15 ubuntu neutron-server[110957]: INFO neutron.service [None req-8384aa4a-4f85-479a-8d0d-d5e95118fa3e None None] Neutron service started, listening on 0.0.0.0:9696
Apr 06 09:54:15 ubuntu neutron-server[110957]: DEBUG neutron_lib.callbacks.manager [None req-8384aa4a-4f85-479a-8d0d-d5e95118fa3e None None] Publish callbacks ['neutron.plugins.ml2.drivers.ovn.mech_driver.mech_driver.OVNMechanismDriver.pre_fork_initialize-761738'] for process (None), before_spawn {{(pid=110957) _notify_loop /usr/local/lib/python3.8/dist-packages/neutron_lib/callbacks/manager.py:176}}
Apr 06 09:54:15 ubuntu neutron-server[111170]: DEBUG neutron_lib.callbacks.manager [-] Publish callbacks ['neutron.plugins.ml2.drivers.ovn.mech_driver.mech_driver.OVNMechanismDriver.post_fork_initialize-761710'] for process (None), after_init {{(pid=111170) _notify_loop /usr/local/lib/python3.8/dist-packages/neutron_lib/callbacks/manager.py:176}}
Apr 06 09:54:15 ubuntu neutron-server[111169]: INFO neutron.plugins.ml2.drivers.ovn.mech_driver.ovsdb.impl_idl_ovn [None req-c873aa97-3cb3-4a2f-9b67-72cac5a4649e None None] Getting OvsdbNbOvnIdl for WorkerService with retry
Apr 06 09:54:15 ubuntu neutron-server[111170]: INFO neutron.plugins.ml2.drivers.ovn.mech_driver.ovsdb.impl_idl_ovn [None req-e0bf1b54-14b1-4356-ad36-804ccfb10bc0 None None] Getting OvsdbNbOvnIdl for WorkerService with retry
Apr 06 09:54:15 ubuntu neutron-server[110957]: DEBUG ovsdbapp.backend.ovs_idl [None req-8384aa4a-4f85-479a-8d0d-d5e95118fa3e None None] Created schema index Port_Group.name {{(pid=110957) autocreate_indices /usr/local/lib/python3.8/dist-packages/ovsdbapp/backend/ovs_idl/__init__.py:126}}
Apr 06 09:54:15 ubuntu neutron-server[110957]: DEBUG ovsdbapp.backend.ovs_idl [None req-8384aa4a-4f85-479a-8d0d-d5e95118fa3e None None] Created schema index Logical_Switch_Port.name {{(pid=110957) autocreate_indices /usr/local/lib/python3.8/dist-packages/ovsdbapp/backend/ovs_idl/__init__.py:126}}
Apr 06 09:54:15 ubuntu neutron-server[111169]: DEBUG ovsdbapp.backend.ovs_idl [None req-c873aa97-3cb3-4a2f-9b67-72cac5a4649e None None] Created lookup_table index Logical_Switch.name {{(pid=111169) autocreate_indices /usr/local/lib/python3.8/dist-packages/ovsdbapp/backend/ovs_idl/__init__.py:107}}
Apr 06 09:54:15 ubuntu neutron-server[111169]: DEBUG ovsdbapp.backend.ovs_idl [None req-c873aa97-3cb3-4a2f-9b67-72cac5a4649e None None] Created lookup_table index Logical_Router.name {{(pid=111169) autocreate_indices /usr/local/lib/python3.8/dist-packages/ovsdbapp/backend/ovs_idl/__init__.py:107}}
Apr 06 09:54:15 ubuntu neutron-server[111169]: DEBUG ovsdbapp.backend.ovs_idl [None req-c873aa97-3cb3-4a2f-9b67-72cac5a4649e None None] Created lookup_table index Load_Balancer.name {{(pid=111169) autocreate_indices /usr/local/lib/python3.8/dist-packages/ovsdbapp/backend/ovs_idl/__init__.py:107}}
Apr 06 09:54:15 ubuntu neutron-server[111169]: DEBUG ovsdbapp.backend.ovs_idl [None req-c873aa97-3cb3-4a2f-9b67-72cac5a4649e None None] Created schema index Meter.name {{(pid=111169) autocreate_indices /usr/local/lib/python3.8/dist-packages/ovsdbapp/backend/ovs_idl/__init__.py:126}}
Apr 06 09:54:15 ubuntu neutron-server[111169]: DEBUG ovsdbapp.backend.ovs_idl [None req-c873aa97-3cb3-4a2f-9b67-72cac5a4649e None None] Created schema index Address_Set.name {{(pid=111169) autocreate_indices /usr/local/lib/python3.8/dist-packages/ovsdbapp/backend/ovs_idl/__init__.py:126}}
Apr 06 09:54:15 ubuntu neutron-server[111169]: DEBUG ovsdbapp.backend.ovs_idl [None req-c873aa97-3cb3-4a2f-9b67-72cac5a4649e None None] Created schema index HA_Chassis_Group.name {{(pid=111169) autocreate_indices /usr/local/lib/python3.8/dist-packages/ovsdbapp/backend/ovs_idl/__init__.py:126}}
Apr 06 09:54:15 ubuntu neutron-server[111169]: DEBUG ovsdbapp.backend.ovs_idl [None req-c873aa97-3cb3-4a2f-9b67-72cac5a4649e None None] Created schema index Connection.target {{(pid=111169) autocreate_indices /usr/local/lib/python3.8/dist-packages/ovsdbapp/backend/ovs_idl/__init__.py:126}}
Apr 06 09:54:15 ubuntu neutron-server[111169]: DEBUG ovsdbapp.backend.ovs_idl [None req-c873aa97-3cb3-4a2f-9b67-72cac5a4649e None None] Created schema index Gateway_Chassis.name {{(pid=111169) autocreate_indices /usr/local/lib/python3.8/dist-packages/ovsdbapp/backend/ovs_idl/__init__.py:126}}
Apr 06 09:54:15 ubuntu neutron-server[111169]: DEBUG ovsdbapp.backend.ovs_idl [None req-c873aa97-3cb3-4a2f-9b67-72cac5a4649e None None] Created schema index Logical_Router_Port.name {{(pid=111169) autocreate_indices /usr/local/lib/python3.8/dist-packages/ovsdbapp/backend/ovs_idl/__init__.py:126}}
Apr 06 09:54:15 ubuntu neutron-server[111170]: DEBUG ovsdbapp.backend.ovs_idl [None req-e0bf1b54-14b1-4356-ad36-804ccfb10bc0 None None] Created lookup_table index Logical_Switch.name {{(pid=111170) autocreate_indices /usr/local/lib/python3.8/dist-packages/ovsdbapp/backend/ovs_idl/__init__.py:107}}
Apr 06 09:54:15 ubuntu neutron-server[111169]: DEBUG ovsdbapp.backend.ovs_idl [None req-c873aa97-3cb3-4a2f-9b67-72cac5a4649e None None] Created schema index Port_Group.name {{(pid=111169) autocreate_indices /usr/local/lib/python3.8/dist-packages/ovsdbapp/backend/ovs_idl/__init__.py:126}}
Apr 06 09:54:15 ubuntu neutron-server[111170]: DEBUG ovsdbapp.backend.ovs_idl [None req-e0bf1b54-14b1-4356-ad36-804ccfb10bc0 None None] Created lookup_table index Logical_Router.name {{(pid=111170) autocreate_indices /usr/local/lib/python3.8/dist-packages/ovsdbapp/backend/ovs_idl/__init__.py:107}}
Apr 06 09:54:15 ubuntu neutron-server[111169]: DEBUG ovsdbapp.backend.ovs_idl [None req-c873aa97-3cb3-4a2f-9b67-72cac5a4649e None None] Created schema index Logical_Switch_Port.name {{(pid=111169) autocreate_indices /usr/local/lib/python3.8/dist-packages/ovsdbapp/backend/ovs_idl/__init__.py:126}}
Apr 06 09:54:15 ubuntu neutron-server[111170]: DEBUG ovsdbapp.backend.ovs_idl [None req-e0bf1b54-14b1-4356-ad36-804ccfb10bc0 None None] Created lookup_table index Load_Balancer.name {{(pid=111170) autocreate_indices /usr/local/lib/python3.8/dist-packages/ovsdbapp/backend/ovs_idl/__init__.py:107}}
Apr 06 09:54:15 ubuntu neutron-server[111170]: DEBUG ovsdbapp.backend.ovs_idl [None req-e0bf1b54-14b1-4356-ad36-804ccfb10bc0 None None] Created schema index Meter.name {{(pid=111170) autocreate_indices /usr/local/lib/python3.8/dist-packages/ovsdbapp/backend/ovs_idl/__init__.py:126}}
Apr 06 09:54:15 ubuntu neutron-server[111169]: INFO ovsdbapp.backend.ovs_idl.vlog [None req-c873aa97-3cb3-4a2f-9b67-72cac5a4649e None None] tcp:192.168.79.46:6641: connecting...
Apr 06 09:54:15 ubuntu neutron-server[111170]: DEBUG ovsdbapp.backend.ovs_idl [None req-e0bf1b54-14b1-4356-ad36-804ccfb10bc0 None None] Created schema index Address_Set.name {{(pid=111170) autocreate_indices /usr/local/lib/python3.8/dist-packages/ovsdbapp/backend/ovs_idl/__init__.py:126}}
Apr 06 09:54:15 ubuntu neutron-server[111170]: DEBUG ovsdbapp.backend.ovs_idl [None req-e0bf1b54-14b1-4356-ad36-804ccfb10bc0 None None] Created schema index HA_Chassis_Group.name {{(pid=111170) autocreate_indices /usr/local/lib/python3.8/dist-packages/ovsdbapp/backend/ovs_idl/__init__.py:126}}
Apr 06 09:54:15 ubuntu neutron-server[111170]: DEBUG ovsdbapp.backend.ovs_idl [None req-e0bf1b54-14b1-4356-ad36-804ccfb10bc0 None None] Created schema index Connection.target {{(pid=111170) autocreate_indices /usr/local/lib/python3.8/dist-packages/ovsdbapp/backend/ovs_idl/__init__.py:126}}
Apr 06 09:54:15 ubuntu neutron-server[111169]: INFO ovsdbapp.backend.ovs_idl.vlog [None req-c873aa97-3cb3-4a2f-9b67-72cac5a4649e None None] tcp:192.168.79.46:6641: connected
Apr 06 09:54:15 ubuntu neutron-server[111170]: DEBUG ovsdbapp.backend.ovs_idl [None req-e0bf1b54-14b1-4356-ad36-804ccfb10bc0 None None] Created schema index Gateway_Chassis.name {{(pid=111170) autocreate_indices /usr/local/lib/python3.8/dist-packages/ovsdbapp/backend/ovs_idl/__init__.py:126}}
Apr 06 09:54:15 ubuntu neutron-server[111170]: DEBUG ovsdbapp.backend.ovs_idl [None req-e0bf1b54-14b1-4356-ad36-804ccfb10bc0 None None] Created schema index Logical_Router_Port.name {{(pid=111170) autocreate_indices /usr/local/lib/python3.8/dist-packages/ovsdbapp/backend/ovs_idl/__init__.py:126}}
Apr 06 09:54:15 ubuntu neutron-server[111170]: DEBUG ovsdbapp.backend.ovs_idl [None req-e0bf1b54-14b1-4356-ad36-804ccfb10bc0 None None] Created schema index Port_Group.name {{(pid=111170) autocreate_indices /usr/local/lib/python3.8/dist-packages/ovsdbapp/backend/ovs_idl/__init__.py:126}}
Apr 06 09:54:15 ubuntu neutron-server[111170]: DEBUG ovsdbapp.backend.ovs_idl [None req-e0bf1b54-14b1-4356-ad36-804ccfb10bc0 None None] Created schema index Logical_Switch_Port.name {{(pid=111170) autocreate_indices /usr/local/lib/python3.8/dist-packages/ovsdbapp/backend/ovs_idl/__init__.py:126}}
Apr 06 09:54:15 ubuntu neutron-server[111170]: INFO ovsdbapp.backend.ovs_idl.vlog [None req-e0bf1b54-14b1-4356-ad36-804ccfb10bc0 None None] tcp:192.168.79.46:6641: connecting...
Apr 06 09:54:15 ubuntu neutron-server[111170]: INFO ovsdbapp.backend.ovs_idl.vlog [None req-e0bf1b54-14b1-4356-ad36-804ccfb10bc0 None None] tcp:192.168.79.46:6641: connected
Apr 06 09:54:15 ubuntu neutron-server[110957]: DEBUG ovsdbapp.backend.ovs_idl.transaction [-] Running txn n=1 command(idx=0): PgAddCommand(name=neutron_pg_drop, may_exist=True, columns={'acls': []}) {{(pid=110957) do_commit /usr/local/lib/python3.8/dist-packages/ovsdbapp/backend/ovs_idl/transaction.py:90}}
Apr 06 09:54:15 ubuntu neutron-server[110957]: DEBUG ovsdbapp.backend.ovs_idl.transaction [-] Running txn n=1 command(idx=1): PgAclAddCommand(entity=neutron_pg_drop, direction=from-lport, priority=1001, match=inport == @neutron_pg_drop && ip, action=drop, log=False, may_exist=True, severity=[], name=[], meter=None, external_ids={}) {{(pid=110957) do_commit /usr/local/lib/python3.8/dist-packages/ovsdbapp/backend/ovs_idl/transaction.py:90}}
Apr 06 09:54:15 ubuntu neutron-server[110957]: DEBUG ovsdbapp.backend.ovs_idl.transaction [-] Running txn n=1 command(idx=2): PgAclAddCommand(entity=neutron_pg_drop, direction=to-lport, priority=1001, match=outport == @neutron_pg_drop && ip, action=drop, log=False, may_exist=True, severity=[], name=[], meter=None, external_ids={}) {{(pid=110957) do_commit /usr/local/lib/python3.8/dist-packages/ovsdbapp/backend/ovs_idl/transaction.py:90}}
Apr 06 09:54:15 ubuntu neutron-server[110957]: DEBUG ovsdbapp.backend.ovs_idl.event [-] Matched CREATE: NeutronPgDropPortGroupCreated(events=('create',), table='Port_Group', conditions=(('name', '=', 'neutron_pg_drop'),), old_conditions=None), priority=10 to row=Port_Group(name=neutron_pg_drop, ports=[], external_ids={}, acls=[<ovs.db.idl.Row object at 0x7f874129b2b0>, <ovs.db.idl.Row object at 0x7f8741328f70>]) old= {{(pid=110957) matches /usr/local/lib/python3.8/dist-packages/ovsdbapp/backend/ovs_idl/event.py:43}}
Apr 06 09:54:15 ubuntu neutron-server[110957]: DEBUG ovsdbapp.backend.ovs_idl [None req-8384aa4a-4f85-479a-8d0d-d5e95118fa3e None None] Created lookup_table index Logical_Switch.name {{(pid=110957) autocreate_indices /usr/local/lib/python3.8/dist-packages/ovsdbapp/backend/ovs_idl/__init__.py:107}}
Apr 06 09:54:15 ubuntu neutron-server[110957]: DEBUG ovsdbapp.backend.ovs_idl [None req-8384aa4a-4f85-479a-8d0d-d5e95118fa3e None None] Created lookup_table index Logical_Router.name {{(pid=110957) autocreate_indices /usr/local/lib/python3.8/dist-packages/ovsdbapp/backend/ovs_idl/__init__.py:107}}
Apr 06 09:54:15 ubuntu neutron-server[110957]: DEBUG ovsdbapp.backend.ovs_idl [None req-8384aa4a-4f85-479a-8d0d-d5e95118fa3e None None] Created lookup_table index Load_Balancer.name {{(pid=110957) autocreate_indices /usr/local/lib/python3.8/dist-packages/ovsdbapp/backend/ovs_idl/__init__.py:107}}
Apr 06 09:54:15 ubuntu neutron-server[110957]: DEBUG ovsdbapp.backend.ovs_idl [None req-8384aa4a-4f85-479a-8d0d-d5e95118fa3e None None] Created schema index Meter.name {{(pid=110957) autocreate_indices /usr/local/lib/python3.8/dist-packages/ovsdbapp/backend/ovs_idl/__init__.py:126}}
Apr 06 09:54:15 ubuntu neutron-server[110957]: DEBUG ovsdbapp.backend.ovs_idl [None req-8384aa4a-4f85-479a-8d0d-d5e95118fa3e None None] Created schema index Address_Set.name {{(pid=110957) autocreate_indices /usr/local/lib/python3.8/dist-packages/ovsdbapp/backend/ovs_idl/__init__.py:126}}
Apr 06 09:54:15 ubuntu neutron-server[110957]: DEBUG ovsdbapp.backend.ovs_idl [None req-8384aa4a-4f85-479a-8d0d-d5e95118fa3e None None] Created schema index HA_Chassis_Group.name {{(pid=110957) autocreate_indices /usr/local/lib/python3.8/dist-packages/ovsdbapp/backend/ovs_idl/__init__.py:126}}
Apr 06 09:54:15 ubuntu neutron-server[110957]: DEBUG ovsdbapp.backend.ovs_idl [None req-8384aa4a-4f85-479a-8d0d-d5e95118fa3e None None] Created schema index Connection.target {{(pid=110957) autocreate_indices /usr/local/lib/python3.8/dist-packages/ovsdbapp/backend/ovs_idl/__init__.py:126}}
Apr 06 09:54:15 ubuntu neutron-server[110957]: DEBUG ovsdbapp.backend.ovs_idl [None req-8384aa4a-4f85-479a-8d0d-d5e95118fa3e None None] Created schema index Gateway_Chassis.name {{(pid=110957) autocreate_indices /usr/local/lib/python3.8/dist-packages/ovsdbapp/backend/ovs_idl/__init__.py:126}}
Apr 06 09:54:15 ubuntu neutron-server[111169]: DEBUG neutron.common.ovn.hash_ring_manager [None req-c873aa97-3cb3-4a2f-9b67-72cac5a4649e None None] Allow caching, nodes 2>=2 {{(pid=111169) _wait_startup_before_caching /opt/stack/neutron/neutron/common/ovn/hash_ring_manager.py:60}}
Apr 06 09:54:15 ubuntu neutron-server[110957]: DEBUG ovsdbapp.backend.ovs_idl [None req-8384aa4a-4f85-479a-8d0d-d5e95118fa3e None None] Created schema index Logical_Router_Port.name {{(pid=110957) autocreate_indices /usr/local/lib/python3.8/dist-packages/ovsdbapp/backend/ovs_idl/__init__.py:126}}
Apr 06 09:54:15 ubuntu neutron-server[110957]: DEBUG ovsdbapp.backend.ovs_idl [None req-8384aa4a-4f85-479a-8d0d-d5e95118fa3e None None] Created schema index Port_Group.name {{(pid=110957) autocreate_indices /usr/local/lib/python3.8/dist-packages/ovsdbapp/backend/ovs_idl/__init__.py:126}}
Apr 06 09:54:15 ubuntu neutron-server[110957]: DEBUG ovsdbapp.backend.ovs_idl [None req-8384aa4a-4f85-479a-8d0d-d5e95118fa3e None None] Created schema index Logical_Switch_Port.name {{(pid=110957) autocreate_indices /usr/local/lib/python3.8/dist-packages/ovsdbapp/backend/ovs_idl/__init__.py:126}}
Apr 06 09:54:15 ubuntu neutron-server[111170]: DEBUG neutron.common.ovn.hash_ring_manager [None req-e0bf1b54-14b1-4356-ad36-804ccfb10bc0 None None] Allow caching, nodes 2>=2 {{(pid=111170) _wait_startup_before_caching /opt/stack/neutron/neutron/common/ovn/hash_ring_manager.py:60}}
Apr 06 09:54:15 ubuntu neutron-server[111169]: DEBUG neutron.plugins.ml2.drivers.ovn.mech_driver.ovsdb.ovsdb_monitor [None req-c873aa97-3cb3-4a2f-9b67-72cac5a4649e None None] Hash Ring: Node 4c0de3d3-1b9d-4e9b-8a7b-19f4616832a9 (host: ubuntu) handling event "create" for row f909826d-1dd0-4b8b-ba2b-1bf9bc17f71e (table: Database) {{(pid=111169) notify /opt/stack/neutron/neutron/plugins/ml2/drivers/ovn/mech_driver/ovsdb/ovsdb_monitor.py:805}}
Apr 06 09:54:15 ubuntu neutron-server[111170]: DEBUG neutron.plugins.ml2.drivers.ovn.mech_driver.ovsdb.ovsdb_monitor [None req-e0bf1b54-14b1-4356-ad36-804ccfb10bc0 None None] Hash Ring: Node 96c80edc-04a1-45bb-a06e-3f04486dd1f7 (host: ubuntu) handling event "create" for row 44810e95-841a-4bfc-9d3e-45624f6c6bcb (table: Database) {{(pid=111170) notify /opt/stack/neutron/neutron/plugins/ml2/drivers/ovn/mech_driver/ovsdb/ovsdb_monitor.py:805}}
Apr 06 09:54:15 ubuntu neutron-server[111169]: DEBUG neutron.plugins.ml2.drivers.ovn.mech_driver.ovsdb.ovsdb_monitor [None req-c873aa97-3cb3-4a2f-9b67-72cac5a4649e None None] Hash Ring: Node 4c0de3d3-1b9d-4e9b-8a7b-19f4616832a9 (host: ubuntu) handling event "create" for row 1ab2c3fe-6fff-439f-8a5e-a824f190f241 (table: Port_Group) {{(pid=111169) notify /opt/stack/neutron/neutron/plugins/ml2/drivers/ovn/mech_driver/ovsdb/ovsdb_monitor.py:805}}
Apr 06 09:54:15 ubuntu neutron-server[111170]: DEBUG neutron.plugins.ml2.drivers.ovn.mech_driver.ovsdb.ovsdb_monitor [None req-e0bf1b54-14b1-4356-ad36-804ccfb10bc0 None None] Hash Ring: Node 96c80edc-04a1-45bb-a06e-3f04486dd1f7 (host: ubuntu) handling event "create" for row 593f5da3-246f-4877-82f5-bf90a3de36db (table: NB_Global) {{(pid=111170) notify /opt/stack/neutron/neutron/plugins/ml2/drivers/ovn/mech_driver/ovsdb/ovsdb_monitor.py:805}}
Apr 06 09:54:15 ubuntu neutron-server[111169]: DEBUG neutron.plugins.ml2.drivers.ovn.mech_driver.ovsdb.ovsdb_monitor [None req-c873aa97-3cb3-4a2f-9b67-72cac5a4649e None None] Hash Ring: Node 4c0de3d3-1b9d-4e9b-8a7b-19f4616832a9 (host: ubuntu) handling event "create" for row f2028129-e23c-4710-8a0c-0a79224ab6e0 (table: ACL) {{(pid=111169) notify /opt/stack/neutron/neutron/plugins/ml2/drivers/ovn/mech_driver/ovsdb/ovsdb_monitor.py:805}}
Apr 06 09:54:15 ubuntu neutron-server[111169]: DEBUG neutron.plugins.ml2.drivers.ovn.mech_driver.ovsdb.ovsdb_monitor [None req-c873aa97-3cb3-4a2f-9b67-72cac5a4649e None None] Hash Ring: Node 4c0de3d3-1b9d-4e9b-8a7b-19f4616832a9 (host: ubuntu) handling event "create" for row 3b8030d4-f58b-4f7a-9327-33cd88020e0a (table: ACL) {{(pid=111169) notify /opt/stack/neutron/neutron/plugins/ml2/drivers/ovn/mech_driver/ovsdb/ovsdb_monitor.py:805}}
Apr 06 09:54:15 ubuntu neutron-server[111169]: DEBUG neutron.plugins.ml2.drivers.ovn.mech_driver.ovsdb.ovsdb_monitor [None req-c873aa97-3cb3-4a2f-9b67-72cac5a4649e None None] Hash Ring: Node 4c0de3d3-1b9d-4e9b-8a7b-19f4616832a9 (host: ubuntu) handling event "create" for row 404da004-6b5d-4103-bebf-b4c0efe76ff8 (table: Connection) {{(pid=111169) notify /opt/stack/neutron/neutron/plugins/ml2/drivers/ovn/mech_driver/ovsdb/ovsdb_monitor.py:805}}
Apr 06 09:54:15 ubuntu neutron-server[111170]: INFO neutron.plugins.ml2.drivers.ovn.mech_driver.ovsdb.impl_idl_ovn [None req-e0bf1b54-14b1-4356-ad36-804ccfb10bc0 None None] Getting OvsdbSbOvnIdl for WorkerService with retry
Apr 06 09:54:15 ubuntu neutron-server[111169]: INFO neutron.plugins.ml2.drivers.ovn.mech_driver.ovsdb.impl_idl_ovn [None req-c873aa97-3cb3-4a2f-9b67-72cac5a4649e None None] Getting OvsdbSbOvnIdl for WorkerService with retry
Apr 06 09:54:15 ubuntu neutron-server[111170]: DEBUG ovsdbapp.backend.ovs_idl [None req-e0bf1b54-14b1-4356-ad36-804ccfb10bc0 None None] Created lookup_table index Chassis.name {{(pid=111170) autocreate_indices /usr/local/lib/python3.8/dist-packages/ovsdbapp/backend/ovs_idl/__init__.py:107}}
Apr 06 09:54:15 ubuntu neutron-server[111170]: DEBUG ovsdbapp.backend.ovs_idl [None req-e0bf1b54-14b1-4356-ad36-804ccfb10bc0 None None] Created schema index Datapath_Binding.tunnel_key {{(pid=111170) autocreate_indices /usr/local/lib/python3.8/dist-packages/ovsdbapp/backend/ovs_idl/__init__.py:126}}
Apr 06 09:54:15 ubuntu neutron-server[111170]: DEBUG ovsdbapp.backend.ovs_idl [None req-e0bf1b54-14b1-4356-ad36-804ccfb10bc0 None None] Created schema index Connection.target {{(pid=111170) autocreate_indices /usr/local/lib/python3.8/dist-packages/ovsdbapp/backend/ovs_idl/__init__.py:126}}
Apr 06 09:54:15 ubuntu neutron-server[111170]: INFO ovsdbapp.backend.ovs_idl.vlog [None req-e0bf1b54-14b1-4356-ad36-804ccfb10bc0 None None] tcp:192.168.79.46:6642: connecting...
Apr 06 09:54:15 ubuntu neutron-server[111170]: INFO ovsdbapp.backend.ovs_idl.vlog [None req-e0bf1b54-14b1-4356-ad36-804ccfb10bc0 None None] tcp:192.168.79.46:6642: connected
Apr 06 09:54:15 ubuntu neutron-server[111169]: DEBUG ovsdbapp.backend.ovs_idl [None req-c873aa97-3cb3-4a2f-9b67-72cac5a4649e None None] Created lookup_table index Chassis.name {{(pid=111169) autocreate_indices /usr/local/lib/python3.8/dist-packages/ovsdbapp/backend/ovs_idl/__init__.py:107}}
Apr 06 09:54:15 ubuntu neutron-server[111169]: DEBUG ovsdbapp.backend.ovs_idl [None req-c873aa97-3cb3-4a2f-9b67-72cac5a4649e None None] Created schema index Datapath_Binding.tunnel_key {{(pid=111169) autocreate_indices /usr/local/lib/python3.8/dist-packages/ovsdbapp/backend/ovs_idl/__init__.py:126}}
Apr 06 09:54:15 ubuntu neutron-server[111169]: DEBUG ovsdbapp.backend.ovs_idl [None req-c873aa97-3cb3-4a2f-9b67-72cac5a4649e None None] Created schema index Connection.target {{(pid=111169) autocreate_indices /usr/local/lib/python3.8/dist-packages/ovsdbapp/backend/ovs_idl/__init__.py:126}}
Apr 06 09:54:15 ubuntu neutron-server[111169]: INFO ovsdbapp.backend.ovs_idl.vlog [None req-c873aa97-3cb3-4a2f-9b67-72cac5a4649e None None] tcp:192.168.79.46:6642: connecting...
Apr 06 09:54:15 ubuntu neutron-server[111169]: INFO ovsdbapp.backend.ovs_idl.vlog [None req-c873aa97-3cb3-4a2f-9b67-72cac5a4649e None None] tcp:192.168.79.46:6642: connected
Apr 06 09:54:15 ubuntu neutron-server[110957]: DEBUG ovsdbapp.backend.ovs_idl [None req-8384aa4a-4f85-479a-8d0d-d5e95118fa3e None None] Created lookup_table index Chassis.name {{(pid=110957) autocreate_indices /usr/local/lib/python3.8/dist-packages/ovsdbapp/backend/ovs_idl/__init__.py:107}}
Apr 06 09:54:15 ubuntu neutron-server[110957]: DEBUG ovsdbapp.backend.ovs_idl [None req-8384aa4a-4f85-479a-8d0d-d5e95118fa3e None None] Created lookup_table index MAC_Binding.ip {{(pid=110957) autocreate_indices /usr/local/lib/python3.8/dist-packages/ovsdbapp/backend/ovs_idl/__init__.py:107}}
Apr 06 09:54:15 ubuntu neutron-server[110957]: DEBUG ovsdbapp.backend.ovs_idl [None req-8384aa4a-4f85-479a-8d0d-d5e95118fa3e None None] Created schema index Meter.name {{(pid=110957) autocreate_indices /usr/local/lib/python3.8/dist-packages/ovsdbapp/backend/ovs_idl/__init__.py:126}}
Apr 06 09:54:15 ubuntu neutron-server[110957]: DEBUG ovsdbapp.backend.ovs_idl [None req-8384aa4a-4f85-479a-8d0d-d5e95118fa3e None None] Created schema index Address_Set.name {{(pid=110957) autocreate_indices /usr/local/lib/python3.8/dist-packages/ovsdbapp/backend/ovs_idl/__init__.py:126}}
Apr 06 09:54:15 ubuntu neutron-server[110957]: DEBUG ovsdbapp.backend.ovs_idl [None req-8384aa4a-4f85-479a-8d0d-d5e95118fa3e None None] Created schema index HA_Chassis_Group.name {{(pid=110957) autocreate_indices /usr/local/lib/python3.8/dist-packages/ovsdbapp/backend/ovs_idl/__init__.py:126}}
Apr 06 09:54:15 ubuntu neutron-server[110957]: DEBUG ovsdbapp.backend.ovs_idl [None req-8384aa4a-4f85-479a-8d0d-d5e95118fa3e None None] Created schema index IP_Multicast.datapath {{(pid=110957) autocreate_indices /usr/local/lib/python3.8/dist-packages/ovsdbapp/backend/ovs_idl/__init__.py:126}}
Apr 06 09:54:15 ubuntu neutron-server[110957]: DEBUG ovsdbapp.backend.ovs_idl [None req-8384aa4a-4f85-479a-8d0d-d5e95118fa3e None None] Created schema index Connection.target {{(pid=110957) autocreate_indices /usr/local/lib/python3.8/dist-packages/ovsdbapp/backend/ovs_idl/__init__.py:126}}
Apr 06 09:54:15 ubuntu neutron-server[110957]: DEBUG ovsdbapp.backend.ovs_idl [None req-8384aa4a-4f85-479a-8d0d-d5e95118fa3e None None] Created schema index Gateway_Chassis.name {{(pid=110957) autocreate_indices /usr/local/lib/python3.8/dist-packages/ovsdbapp/backend/ovs_idl/__init__.py:126}}
Apr 06 09:54:15 ubuntu neutron-server[110957]: DEBUG ovsdbapp.backend.ovs_idl [None req-8384aa4a-4f85-479a-8d0d-d5e95118fa3e None None] Created schema index Port_Group.name {{(pid=110957) autocreate_indices /usr/local/lib/python3.8/dist-packages/ovsdbapp/backend/ovs_idl/__init__.py:126}}
Apr 06 09:54:15 ubuntu neutron-server[110957]: DEBUG ovsdbapp.backend.ovs_idl [None req-8384aa4a-4f85-479a-8d0d-d5e95118fa3e None None] Created schema index Datapath_Binding.tunnel_key {{(pid=110957) autocreate_indices /usr/local/lib/python3.8/dist-packages/ovsdbapp/backend/ovs_idl/__init__.py:126}}
Apr 06 09:54:15 ubuntu neutron-server[111170]: DEBUG neutron.common.ovn.hash_ring_manager [None req-e0bf1b54-14b1-4356-ad36-804ccfb10bc0 None None] Allow caching, nodes 2>=2 {{(pid=111170) _wait_startup_before_caching /opt/stack/neutron/neutron/common/ovn/hash_ring_manager.py:60}}
Apr 06 09:54:15 ubuntu neutron-server[111169]: DEBUG neutron.common.ovn.hash_ring_manager [None req-c873aa97-3cb3-4a2f-9b67-72cac5a4649e None None] Allow caching, nodes 2>=2 {{(pid=111169) _wait_startup_before_caching /opt/stack/neutron/neutron/common/ovn/hash_ring_manager.py:60}}
Apr 06 09:54:15 ubuntu neutron-server[111169]: DEBUG neutron.plugins.ml2.drivers.ovn.mech_driver.ovsdb.ovsdb_monitor [None req-c873aa97-3cb3-4a2f-9b67-72cac5a4649e None None] Hash Ring: Node 4c0de3d3-1b9d-4e9b-8a7b-19f4616832a9 (host: ubuntu) handling event "create" for row 35f4289a-d984-4b3c-aef0-afb6940ce747 (table: Database) {{(pid=111169) notify /opt/stack/neutron/neutron/plugins/ml2/drivers/ovn/mech_driver/ovsdb/ovsdb_monitor.py:805}}
Apr 06 09:54:15 ubuntu neutron-server[111169]: DEBUG neutron.plugins.ml2.drivers.ovn.mech_driver.ovsdb.ovsdb_monitor [None req-c873aa97-3cb3-4a2f-9b67-72cac5a4649e None None] Hash Ring: Node 4c0de3d3-1b9d-4e9b-8a7b-19f4616832a9 (host: ubuntu) handling event "create" for row 9f5f0e27-9e0f-4436-8ea5-c47148765e10 (table: Database) {{(pid=111169) notify /opt/stack/neutron/neutron/plugins/ml2/drivers/ovn/mech_driver/ovsdb/ovsdb_monitor.py:805}}
Apr 06 09:54:15 ubuntu neutron-server[111170]: DEBUG neutron.plugins.ml2.drivers.ovn.mech_driver.ovsdb.ovsdb_monitor [None req-e0bf1b54-14b1-4356-ad36-804ccfb10bc0 None None] Hash Ring: Node 96c80edc-04a1-45bb-a06e-3f04486dd1f7 (host: ubuntu) handling event "create" for row bc204af0-2841-466e-b407-0884c735a142 (table: Encap) {{(pid=111170) notify /opt/stack/neutron/neutron/plugins/ml2/drivers/ovn/mech_driver/ovsdb/ovsdb_monitor.py:805}}
Apr 06 09:54:15 ubuntu neutron-server[111170]: DEBUG neutron.plugins.ml2.drivers.ovn.mech_driver.ovsdb.ovsdb_monitor [None req-e0bf1b54-14b1-4356-ad36-804ccfb10bc0 None None] ChassisMetadataAgentWriteEvent : Matched Chassis, create, None None {{(pid=111170) matches /opt/stack/neutron/neutron/plugins/ml2/drivers/ovn/mech_driver/ovsdb/ovsdb_monitor.py:61}}
Apr 06 09:54:15 ubuntu neutron-server[111170]: DEBUG neutron.plugins.ml2.drivers.ovn.mech_driver.ovsdb.ovsdb_monitor [None req-e0bf1b54-14b1-4356-ad36-804ccfb10bc0 None None] ChassisAgentWriteEvent : Matched Chassis, create, None None {{(pid=111170) matches /opt/stack/neutron/neutron/plugins/ml2/drivers/ovn/mech_driver/ovsdb/ovsdb_monitor.py:61}}
Apr 06 09:54:15 ubuntu neutron-server[111169]: DEBUG neutron.plugins.ml2.drivers.ovn.mech_driver.ovsdb.ovsdb_monitor [None req-c873aa97-3cb3-4a2f-9b67-72cac5a4649e None None] ChassisMetadataAgentWriteEvent : Matched Chassis, create, None None {{(pid=111169) matches /opt/stack/neutron/neutron/plugins/ml2/drivers/ovn/mech_driver/ovsdb/ovsdb_monitor.py:61}}
Apr 06 09:54:15 ubuntu neutron-server[111170]: INFO neutron.wsgi [-] (111170) wsgi starting up on http://0.0.0.0:9696
Apr 06 09:54:15 ubuntu neutron-server[111169]: DEBUG neutron.plugins.ml2.drivers.ovn.mech_driver.ovsdb.ovsdb_monitor [None req-c873aa97-3cb3-4a2f-9b67-72cac5a4649e None None] ChassisAgentWriteEvent : Matched Chassis, create, None None {{(pid=111169) matches /opt/stack/neutron/neutron/plugins/ml2/drivers/ovn/mech_driver/ovsdb/ovsdb_monitor.py:61}}
Apr 06 09:54:15 ubuntu neutron-server[111170]: DEBUG neutron.wsgi [-] (111170) accepted ('192.168.79.46', 55446) {{(pid=111170) server /usr/local/lib/python3.8/dist-packages/eventlet/wsgi.py:1004}}
Apr 06 09:54:15 ubuntu neutron-server[111169]: DEBUG neutron.plugins.ml2.drivers.ovn.mech_driver.ovsdb.ovsdb_monitor [None req-c873aa97-3cb3-4a2f-9b67-72cac5a4649e None None] Hash Ring: Node 4c0de3d3-1b9d-4e9b-8a7b-19f4616832a9 (host: ubuntu) handling event "create" for row 1416ee01-4caa-4793-afb5-69725afe2df5 (table: Chassis) {{(pid=111169) notify /opt/stack/neutron/neutron/plugins/ml2/drivers/ovn/mech_driver/ovsdb/ovsdb_monitor.py:805}}
Apr 06 09:54:15 ubuntu neutron-server[111169]: DEBUG neutron.plugins.ml2.drivers.ovn.mech_driver.ovsdb.ovsdb_monitor [None req-c873aa97-3cb3-4a2f-9b67-72cac5a4649e None None] Hash Ring: Node 4c0de3d3-1b9d-4e9b-8a7b-19f4616832a9 (host: ubuntu) handling event "create" for row e12c058d-8759-4052-aab3-2a0b704a01f8 (table: SB_Global) {{(pid=111169) notify /opt/stack/neutron/neutron/plugins/ml2/drivers/ovn/mech_driver/ovsdb/ovsdb_monitor.py:805}}
Apr 06 09:54:15 ubuntu neutron-server[111169]: DEBUG neutron.plugins.ml2.drivers.ovn.mech_driver.ovsdb.ovsdb_monitor [None req-c873aa97-3cb3-4a2f-9b67-72cac5a4649e None None] Hash Ring: Node 4c0de3d3-1b9d-4e9b-8a7b-19f4616832a9 (host: ubuntu) handling event "create" for row 2449eb2d-638f-436d-89c8-b28655f553dc (table: Connection) {{(pid=111169) notify /opt/stack/neutron/neutron/plugins/ml2/drivers/ovn/mech_driver/ovsdb/ovsdb_monitor.py:805}}
Apr 06 09:54:15 ubuntu neutron-server[111169]: INFO neutron.wsgi [-] (111169) wsgi starting up on http://0.0.0.0:9696
Apr 06 09:54:15 ubuntu neutron-server[111170]: INFO neutron.wsgi [-] 192.168.79.46 "GET / HTTP/1.1" status: 200  len: 255 time: 0.0045719
Apr 06 09:54:15 ubuntu neutron-server[110957]: INFO oslo_service.service [None req-8384aa4a-4f85-479a-8d0d-d5e95118fa3e None None] Starting 1 workers
Apr 06 09:54:15 ubuntu neutron-server[110957]: DEBUG oslo_service.service [None req-8384aa4a-4f85-479a-8d0d-d5e95118fa3e None None] Started child 111185 {{(pid=110957) _start_child /usr/local/lib/python3.8/dist-packages/oslo_service/service.py:575}}
Apr 06 09:54:15 ubuntu neutron-server[110957]: INFO oslo_service.service [None req-8384aa4a-4f85-479a-8d0d-d5e95118fa3e None None] Starting 1 workers
Apr 06 09:54:15 ubuntu neutron-server[111185]: DEBUG neutron.service [None req-8384aa4a-4f85-479a-8d0d-d5e95118fa3e None None] calling RpcWorker wait() {{(pid=111185) _wait /opt/stack/neutron/neutron/service.py:128}}
Apr 06 09:54:15 ubuntu neutron-server[111185]: DEBUG neutron.service [None req-8384aa4a-4f85-479a-8d0d-d5e95118fa3e None None] returning from RpcWorker wait() {{(pid=111185) _wait /opt/stack/neutron/neutron/service.py:135}}
Apr 06 09:54:15 ubuntu neutron-server[111185]: DEBUG neutron_lib.callbacks.manager [-] Publish callbacks ['neutron.plugins.ml2.drivers.ovn.mech_driver.mech_driver.OVNMechanismDriver.post_fork_initialize-761710'] for process (None), after_init {{(pid=111185) _notify_loop /usr/local/lib/python3.8/dist-packages/neutron_lib/callbacks/manager.py:176}}
Apr 06 09:54:15 ubuntu neutron-server[111185]: INFO neutron.plugins.ml2.drivers.ovn.mech_driver.ovsdb.impl_idl_ovn [-] Getting OvsdbNbOvnIdl for RpcWorker with retry
Apr 06 09:54:15 ubuntu neutron-server[110957]: DEBUG oslo_service.service [None req-8384aa4a-4f85-479a-8d0d-d5e95118fa3e None None] Started child 111190 {{(pid=110957) _start_child /usr/local/lib/python3.8/dist-packages/oslo_service/service.py:575}}
Apr 06 09:54:15 ubuntu neutron-server[110957]: INFO oslo_service.service [None req-8384aa4a-4f85-479a-8d0d-d5e95118fa3e None None] Starting 1 workers
Apr 06 09:54:15 ubuntu neutron-server[111190]: DEBUG neutron_lib.callbacks.manager [-] Publish callbacks ['neutron.plugins.ml2.drivers.ovn.mech_driver.mech_driver.OVNMechanismDriver.post_fork_initialize-761710'] for process (None), after_init {{(pid=111190) _notify_loop /usr/local/lib/python3.8/dist-packages/neutron_lib/callbacks/manager.py:176}}
Apr 06 09:54:15 ubuntu neutron-server[111190]: INFO neutron.plugins.ml2.drivers.ovn.mech_driver.ovsdb.impl_idl_ovn [-] Getting OvsdbNbOvnIdl for MaintenanceWorker with retry
Apr 06 09:54:15 ubuntu neutron-server[110957]: DEBUG oslo_service.service [None req-8384aa4a-4f85-479a-8d0d-d5e95118fa3e None None] Started child 111194 {{(pid=110957) _start_child /usr/local/lib/python3.8/dist-packages/oslo_service/service.py:575}}
Apr 06 09:54:15 ubuntu neutron-server[110957]: DEBUG neutron_lib.callbacks.manager [None req-8384aa4a-4f85-479a-8d0d-d5e95118fa3e None None] Publish callbacks [] for process (None), after_spawn {{(pid=110957) _notify_loop /usr/local/lib/python3.8/dist-packages/neutron_lib/callbacks/manager.py:176}}
Apr 06 09:54:15 ubuntu neutron-server[110957]: DEBUG oslo_service.service [-] Full set of CONF: {{(pid=110957) wait /usr/local/lib/python3.8/dist-packages/oslo_service/service.py:649}}
Apr 06 09:54:15 ubuntu neutron-server[110957]: DEBUG oslo_service.service [-] ******************************************************************************** {{(pid=110957) log_opt_values /usr/local/lib/python3.8/dist-packages/oslo_config/cfg.py:2589}}
Apr 06 09:54:15 ubuntu neutron-server[110957]: DEBUG oslo_service.service [-] Configuration options gathered from: {{(pid=110957) log_opt_values /usr/local/lib/python3.8/dist-packages/oslo_config/cfg.py:2590}}
Apr 06 09:54:15 ubuntu neutron-server[110957]: DEBUG oslo_service.service [-] command line args: ['--config-file', '/etc/neutron/neutron.conf', '--config-file', '/etc/neutron/plugins/ml2/ml2_conf.ini'] {{(pid=110957) log_opt_values /usr/local/lib/python3.8/dist-packages/oslo_config/cfg.py:2591}}
