Aug 03 14:49:14 ubuntu neutron-server[138732]: DEBUG neutron.api.extensions [None req-0c37cf20-e9bd-45b2-ac86-1ea2ff63e7d9 None None] Ext name="Trunk Extension" alias="trunk" description="Provides support for trunk ports" updated="2016-01-01T10:00:00-00:00" {{(pid=138732) _check_extension /opt/stack/neutron/neutron/api/extensions.py:416}}
Aug 03 14:49:14 ubuntu neutron-server[138732]: INFO neutron.api.extensions [None req-0c37cf20-e9bd-45b2-ac86-1ea2ff63e7d9 None None] Extension trunk not supported by any of loaded plugins
Aug 03 14:49:14 ubuntu neutron-server[138732]: DEBUG neutron.api.extensions [None req-0c37cf20-e9bd-45b2-ac86-1ea2ff63e7d9 None None] Loading extension file: trunk_details.py {{(pid=138732) _load_all_extensions_from_path /opt/stack/neutron/neutron/api/extensions.py:450}}
Aug 03 14:49:14 ubuntu neutron-server[138732]: DEBUG neutron.api.extensions [None req-0c37cf20-e9bd-45b2-ac86-1ea2ff63e7d9 None None] Ext name="Trunk port details" alias="trunk-details" description="Expose trunk port details" updated="2016-01-01T10:00:00-00:00" {{(pid=138732) _check_extension /opt/stack/neutron/neutron/api/extensions.py:416}}
Aug 03 14:49:14 ubuntu neutron-server[138732]: INFO neutron.api.extensions [None req-0c37cf20-e9bd-45b2-ac86-1ea2ff63e7d9 None None] Extension trunk-details not supported by any of loaded plugins
Aug 03 14:49:14 ubuntu neutron-server[138732]: DEBUG neutron.api.extensions [None req-0c37cf20-e9bd-45b2-ac86-1ea2ff63e7d9 None None] Loading extension file: uplink_status_propagation.py {{(pid=138732) _load_all_extensions_from_path /opt/stack/neutron/neutron/api/extensions.py:450}}
Aug 03 14:49:14 ubuntu neutron-server[138732]: DEBUG neutron.api.extensions [None req-0c37cf20-e9bd-45b2-ac86-1ea2ff63e7d9 None None] Ext name="Uplink status propagation extension" alias="uplink-status-propagation" description="Provides ability to propagate port uplink status." updated="2018-05-31T18:00:00-00:00" {{(pid=138732) _check_extension /opt/stack/neutron/neutron/api/extensions.py:416}}
Aug 03 14:49:14 ubuntu neutron-server[138732]: INFO neutron.api.extensions [None req-0c37cf20-e9bd-45b2-ac86-1ea2ff63e7d9 None None] Extension uplink-status-propagation not supported by any of loaded plugins
Aug 03 14:49:14 ubuntu neutron-server[138732]: DEBUG neutron.api.extensions [None req-0c37cf20-e9bd-45b2-ac86-1ea2ff63e7d9 None None] Loading extension file: vlantransparent.py {{(pid=138732) _load_all_extensions_from_path /opt/stack/neutron/neutron/api/extensions.py:450}}
Aug 03 14:49:14 ubuntu neutron-server[138732]: DEBUG neutron.api.extensions [None req-0c37cf20-e9bd-45b2-ac86-1ea2ff63e7d9 None None] Ext name="Vlantransparent" alias="vlan-transparent" description="Provides Vlan Transparent Networks" updated="2015-03-23T09:00:00-00:00" {{(pid=138732) _check_extension /opt/stack/neutron/neutron/api/extensions.py:416}}
Aug 03 14:49:14 ubuntu neutron-server[138732]: INFO neutron.api.extensions [None req-0c37cf20-e9bd-45b2-ac86-1ea2ff63e7d9 None None] Extension vlan-transparent not supported by any of loaded plugins
Aug 03 14:49:14 ubuntu neutron-server[138732]: INFO neutron.quota.resource_registry [None req-0c37cf20-e9bd-45b2-ac86-1ea2ff63e7d9 None None] Creating instance of TrackedResource for resource:network
Aug 03 14:49:14 ubuntu neutron-server[138732]: INFO neutron.quota.resource_registry [None req-0c37cf20-e9bd-45b2-ac86-1ea2ff63e7d9 None None] Creating instance of TrackedResource for resource:subnet
Aug 03 14:49:14 ubuntu neutron-server[138732]: INFO neutron.quota.resource_registry [None req-0c37cf20-e9bd-45b2-ac86-1ea2ff63e7d9 None None] Creating instance of TrackedResource for resource:subnetpool
Aug 03 14:49:14 ubuntu neutron-server[138732]: INFO neutron.quota.resource_registry [None req-0c37cf20-e9bd-45b2-ac86-1ea2ff63e7d9 None None] Creating instance of TrackedResource for resource:port
Aug 03 14:49:14 ubuntu neutron-server[138732]: DEBUG neutron.api.v2.resource_helper [None req-0c37cf20-e9bd-45b2-ac86-1ea2ff63e7d9 None None] Service FLAVORS assigned prefix:  {{(pid=138732) build_resource_info /opt/stack/neutron/neutron/api/v2/resource_helper.py:77}}
Aug 03 14:49:14 ubuntu neutron-server[138732]: DEBUG neutron.api.v2.resource_helper [None req-0c37cf20-e9bd-45b2-ac86-1ea2ff63e7d9 None None] Service L3_ROUTER_NAT assigned prefix:  {{(pid=138732) build_resource_info /opt/stack/neutron/neutron/api/v2/resource_helper.py:77}}
Aug 03 14:49:14 ubuntu neutron-server[138732]: DEBUG neutron.api.v2.resource_helper [None req-0c37cf20-e9bd-45b2-ac86-1ea2ff63e7d9 None None] Service L3_ROUTER_NAT assigned prefix:  {{(pid=138732) build_resource_info /opt/stack/neutron/neutron/api/v2/resource_helper.py:77}}
Aug 03 14:49:14 ubuntu neutron-server[138732]: INFO neutron.quota.resource_registry [None req-0c37cf20-e9bd-45b2-ac86-1ea2ff63e7d9 None None] Creating instance of TrackedResource for resource:router
Aug 03 14:49:14 ubuntu neutron-server[138732]: INFO neutron.quota.resource_registry [None req-0c37cf20-e9bd-45b2-ac86-1ea2ff63e7d9 None None] Creating instance of TrackedResource for resource:floatingip
Aug 03 14:49:14 ubuntu neutron-server[138732]: DEBUG neutron_lib.callbacks.manager [None req-0c37cf20-e9bd-45b2-ac86-1ea2ff63e7d9 None None] Subscribe: <bound method NeutronDbPluginV2.validate_network_rbac_policy_change of <neutron.services.network_ip_availability.plugin.NetworkIPAvailabilityPlugin object at 0x7f90524701c0>> rbac-policy before_create 55550000 {{(pid=138732) subscribe /usr/local/lib/python3.8/dist-packages/neutron_lib/callbacks/manager.py:45}}
Aug 03 14:49:14 ubuntu neutron-server[138732]: DEBUG neutron_lib.callbacks.manager [None req-0c37cf20-e9bd-45b2-ac86-1ea2ff63e7d9 None None] Subscribe: <bound method NeutronDbPluginV2.validate_network_rbac_policy_change of <neutron.services.network_ip_availability.plugin.NetworkIPAvailabilityPlugin object at 0x7f90524701c0>> rbac-policy before_update 55550000 {{(pid=138732) subscribe /usr/local/lib/python3.8/dist-packages/neutron_lib/callbacks/manager.py:45}}
Aug 03 14:49:14 ubuntu neutron-server[138732]: DEBUG neutron_lib.callbacks.manager [None req-0c37cf20-e9bd-45b2-ac86-1ea2ff63e7d9 None None] Subscribe: <bound method NeutronDbPluginV2.validate_network_rbac_policy_change of <neutron.services.network_ip_availability.plugin.NetworkIPAvailabilityPlugin object at 0x7f90524701c0>> rbac-policy before_delete 55550000 {{(pid=138732) subscribe /usr/local/lib/python3.8/dist-packages/neutron_lib/callbacks/manager.py:45}}
Aug 03 14:49:14 ubuntu neutron-server[138732]: INFO neutron.quota.resource_registry [None req-0c37cf20-e9bd-45b2-ac86-1ea2ff63e7d9 None None] Creating instance of CountableResource for resource:rbac_policy
Aug 03 14:49:14 ubuntu neutron-server[138732]: INFO neutron.quota.resource_registry [None req-0c37cf20-e9bd-45b2-ac86-1ea2ff63e7d9 None None] Creating instance of TrackedResource for resource:security_group
Aug 03 14:49:14 ubuntu neutron-server[138732]: INFO neutron.quota.resource_registry [None req-0c37cf20-e9bd-45b2-ac86-1ea2ff63e7d9 None None] Creating instance of TrackedResource for resource:security_group_rule
Aug 03 14:49:14 ubuntu neutron-server[138732]: DEBUG neutron.api.v2.resource_helper [None req-0c37cf20-e9bd-45b2-ac86-1ea2ff63e7d9 None None] Service FLAVORS assigned prefix:  {{(pid=138732) build_resource_info /opt/stack/neutron/neutron/api/v2/resource_helper.py:77}}
Aug 03 14:49:14 ubuntu neutron-server[138732]: DEBUG neutron.api.v2.resource_helper [None req-0c37cf20-e9bd-45b2-ac86-1ea2ff63e7d9 None None] Service L3_ROUTER_NAT assigned prefix:  {{(pid=138732) build_resource_info /opt/stack/neutron/neutron/api/v2/resource_helper.py:77}}
Aug 03 14:49:14 ubuntu neutron-server[138732]: DEBUG neutron.api.v2.resource_helper [None req-0c37cf20-e9bd-45b2-ac86-1ea2ff63e7d9 None None] Service L3_ROUTER_NAT assigned prefix:  {{(pid=138732) build_resource_info /opt/stack/neutron/neutron/api/v2/resource_helper.py:77}}
Aug 03 14:49:14 ubuntu neutron-server[138732]: INFO neutron.quota.resource_registry [None req-0c37cf20-e9bd-45b2-ac86-1ea2ff63e7d9 None None] Creating instance of TrackedResource for resource:router
Aug 03 14:49:14 ubuntu neutron-server[138732]: WARNING neutron.quota.resource_registry [None req-0c37cf20-e9bd-45b2-ac86-1ea2ff63e7d9 None None] router is already registered
Aug 03 14:49:14 ubuntu neutron-server[138732]: INFO neutron.quota.resource_registry [None req-0c37cf20-e9bd-45b2-ac86-1ea2ff63e7d9 None None] Creating instance of TrackedResource for resource:floatingip
Aug 03 14:49:14 ubuntu neutron-server[138732]: WARNING neutron.quota.resource_registry [None req-0c37cf20-e9bd-45b2-ac86-1ea2ff63e7d9 None None] floatingip is already registered
Aug 03 14:49:14 ubuntu neutron-server[138732]: INFO neutron.quota.resource_registry [None req-0c37cf20-e9bd-45b2-ac86-1ea2ff63e7d9 None None] Creating instance of CountableResource for resource:rbac_policy
Aug 03 14:49:14 ubuntu neutron-server[138732]: WARNING neutron.quota.resource_registry [None req-0c37cf20-e9bd-45b2-ac86-1ea2ff63e7d9 None None] rbac_policy is already registered
Aug 03 14:49:14 ubuntu neutron-server[138732]: INFO neutron.quota.resource_registry [None req-0c37cf20-e9bd-45b2-ac86-1ea2ff63e7d9 None None] Creating instance of TrackedResource for resource:security_group
Aug 03 14:49:14 ubuntu neutron-server[138732]: WARNING neutron.quota.resource_registry [None req-0c37cf20-e9bd-45b2-ac86-1ea2ff63e7d9 None None] security_group is already registered
Aug 03 14:49:14 ubuntu neutron-server[138732]: INFO neutron.quota.resource_registry [None req-0c37cf20-e9bd-45b2-ac86-1ea2ff63e7d9 None None] Creating instance of TrackedResource for resource:security_group_rule
Aug 03 14:49:14 ubuntu neutron-server[138732]: WARNING neutron.quota.resource_registry [None req-0c37cf20-e9bd-45b2-ac86-1ea2ff63e7d9 None None] security_group_rule is already registered
Aug 03 14:49:14 ubuntu neutron-server[138732]: DEBUG neutron.api.extensions [None req-0c37cf20-e9bd-45b2-ac86-1ea2ff63e7d9 None None] Extended resource: extensions {{(pid=138732) __init__ /opt/stack/neutron/neutron/api/extensions.py:157}}
Aug 03 14:49:14 ubuntu neutron-server[138732]: DEBUG neutron.api.extensions [None req-0c37cf20-e9bd-45b2-ac86-1ea2ff63e7d9 None None] Extended resource: address-groups {{(pid=138732) __init__ /opt/stack/neutron/neutron/api/extensions.py:157}}
Aug 03 14:49:14 ubuntu neutron-server[138732]: DEBUG neutron.api.extensions [None req-0c37cf20-e9bd-45b2-ac86-1ea2ff63e7d9 None None] Extended resource: address-scopes {{(pid=138732) __init__ /opt/stack/neutron/neutron/api/extensions.py:157}}
Aug 03 14:49:14 ubuntu neutron-server[138732]: DEBUG neutron.api.extensions [None req-0c37cf20-e9bd-45b2-ac86-1ea2ff63e7d9 None None] Extended resource: agents {{(pid=138732) __init__ /opt/stack/neutron/neutron/api/extensions.py:157}}
Aug 03 14:49:14 ubuntu neutron-server[138732]: DEBUG neutron.api.extensions [None req-0c37cf20-e9bd-45b2-ac86-1ea2ff63e7d9 None None] Extended resource: auto-allocated-topology {{(pid=138732) __init__ /opt/stack/neutron/neutron/api/extensions.py:157}}
Aug 03 14:49:14 ubuntu neutron-server[138732]: DEBUG neutron.api.extensions [None req-0c37cf20-e9bd-45b2-ac86-1ea2ff63e7d9 None None] Extended resource: availability_zones {{(pid=138732) __init__ /opt/stack/neutron/neutron/api/extensions.py:157}}
Aug 03 14:49:14 ubuntu neutron-server[138732]: DEBUG neutron.api.extensions [None req-0c37cf20-e9bd-45b2-ac86-1ea2ff63e7d9 None None] Extended resource: flavors {{(pid=138732) __init__ /opt/stack/neutron/neutron/api/extensions.py:157}}
Aug 03 14:49:14 ubuntu neutron-server[138732]: DEBUG neutron.api.extensions [None req-0c37cf20-e9bd-45b2-ac86-1ea2ff63e7d9 None None] Extended resource: service_profiles {{(pid=138732) __init__ /opt/stack/neutron/neutron/api/extensions.py:157}}
Aug 03 14:49:14 ubuntu neutron-server[138732]: DEBUG neutron.api.extensions [None req-0c37cf20-e9bd-45b2-ac86-1ea2ff63e7d9 None None] Extended resource: next_providers {{(pid=138732) __init__ /opt/stack/neutron/neutron/api/extensions.py:157}}
Aug 03 14:49:14 ubuntu neutron-server[138732]: DEBUG neutron.api.extensions [None req-0c37cf20-e9bd-45b2-ac86-1ea2ff63e7d9 None None] Extended resource: service_profiles {{(pid=138732) __init__ /opt/stack/neutron/neutron/api/extensions.py:157}}
Aug 03 14:49:14 ubuntu neutron-server[138732]: DEBUG neutron.api.extensions [None req-0c37cf20-e9bd-45b2-ac86-1ea2ff63e7d9 None None] Extended resource: floatingip-pools {{(pid=138732) __init__ /opt/stack/neutron/neutron/api/extensions.py:157}}
Aug 03 14:49:14 ubuntu neutron-server[138732]: DEBUG neutron.api.extensions [None req-0c37cf20-e9bd-45b2-ac86-1ea2ff63e7d9 None None] Extended resource: routers {{(pid=138732) __init__ /opt/stack/neutron/neutron/api/extensions.py:157}}
Aug 03 14:49:14 ubuntu neutron-server[138732]: DEBUG neutron.api.extensions [None req-0c37cf20-e9bd-45b2-ac86-1ea2ff63e7d9 None None] Extended resource: floatingips {{(pid=138732) __init__ /opt/stack/neutron/neutron/api/extensions.py:157}}
Aug 03 14:49:14 ubuntu neutron-server[138732]: DEBUG neutron.api.extensions [None req-0c37cf20-e9bd-45b2-ac86-1ea2ff63e7d9 None None] Extended resource: network-ip-availabilities {{(pid=138732) __init__ /opt/stack/neutron/neutron/api/extensions.py:157}}
Aug 03 14:49:14 ubuntu neutron-server[138732]: DEBUG neutron.api.extensions [None req-0c37cf20-e9bd-45b2-ac86-1ea2ff63e7d9 None None] Extended resource: bindings {{(pid=138732) __init__ /opt/stack/neutron/neutron/api/extensions.py:157}}
Aug 03 14:49:14 ubuntu neutron-server[138732]: DEBUG neutron.api.extensions [None req-0c37cf20-e9bd-45b2-ac86-1ea2ff63e7d9 None None] Extended resource: quotas {{(pid=138732) __init__ /opt/stack/neutron/neutron/api/extensions.py:157}}
Aug 03 14:49:14 ubuntu neutron-server[138732]: DEBUG neutron.api.extensions [None req-0c37cf20-e9bd-45b2-ac86-1ea2ff63e7d9 None None] Extended resource: quotas {{(pid=138732) __init__ /opt/stack/neutron/neutron/api/extensions.py:157}}
Aug 03 14:49:14 ubuntu neutron-server[138732]: DEBUG neutron.api.extensions [None req-0c37cf20-e9bd-45b2-ac86-1ea2ff63e7d9 None None] Extended resource: rbac-policies {{(pid=138732) __init__ /opt/stack/neutron/neutron/api/extensions.py:157}}
Aug 03 14:49:14 ubuntu neutron-server[138732]: DEBUG neutron.api.extensions [None req-0c37cf20-e9bd-45b2-ac86-1ea2ff63e7d9 None None] Extended resource: security-groups {{(pid=138732) __init__ /opt/stack/neutron/neutron/api/extensions.py:157}}
Aug 03 14:49:14 ubuntu neutron-server[138732]: DEBUG neutron.api.extensions [None req-0c37cf20-e9bd-45b2-ac86-1ea2ff63e7d9 None None] Extended resource: security-group-rules {{(pid=138732) __init__ /opt/stack/neutron/neutron/api/extensions.py:157}}
Aug 03 14:49:14 ubuntu neutron-server[138732]: DEBUG neutron.api.extensions [None req-0c37cf20-e9bd-45b2-ac86-1ea2ff63e7d9 None None] Extended resource: service-providers {{(pid=138732) __init__ /opt/stack/neutron/neutron/api/extensions.py:157}}
Aug 03 14:49:14 ubuntu neutron-server[138732]: DEBUG neutron.api.extensions [None req-0c37cf20-e9bd-45b2-ac86-1ea2ff63e7d9 None None] Extended resource: tags {{(pid=138732) __init__ /opt/stack/neutron/neutron/api/extensions.py:157}}
Aug 03 14:49:14 ubuntu neutron-server[138732]: DEBUG neutron.api.extensions [None req-0c37cf20-e9bd-45b2-ac86-1ea2ff63e7d9 None None] Extended resource: tags {{(pid=138732) __init__ /opt/stack/neutron/neutron/api/extensions.py:157}}
Aug 03 14:49:14 ubuntu neutron-server[138732]: DEBUG neutron.api.extensions [None req-0c37cf20-e9bd-45b2-ac86-1ea2ff63e7d9 None None] Extended resource: tags {{(pid=138732) __init__ /opt/stack/neutron/neutron/api/extensions.py:157}}
Aug 03 14:49:14 ubuntu neutron-server[138732]: DEBUG neutron.api.extensions [None req-0c37cf20-e9bd-45b2-ac86-1ea2ff63e7d9 None None] Extended resource: tags {{(pid=138732) __init__ /opt/stack/neutron/neutron/api/extensions.py:157}}
Aug 03 14:49:14 ubuntu neutron-server[138732]: DEBUG neutron.api.extensions [None req-0c37cf20-e9bd-45b2-ac86-1ea2ff63e7d9 None None] Extended resource: tags {{(pid=138732) __init__ /opt/stack/neutron/neutron/api/extensions.py:157}}
Aug 03 14:49:14 ubuntu neutron-server[138732]: DEBUG neutron.api.extensions [None req-0c37cf20-e9bd-45b2-ac86-1ea2ff63e7d9 None None] Extended resource: tags {{(pid=138732) __init__ /opt/stack/neutron/neutron/api/extensions.py:157}}
Aug 03 14:49:14 ubuntu neutron-server[138732]: DEBUG neutron.api.extensions [None req-0c37cf20-e9bd-45b2-ac86-1ea2ff63e7d9 None None] Extended resource: tags {{(pid=138732) __init__ /opt/stack/neutron/neutron/api/extensions.py:157}}
Aug 03 14:49:14 ubuntu neutron-server[138732]: DEBUG neutron.api.extensions [None req-0c37cf20-e9bd-45b2-ac86-1ea2ff63e7d9 None None] Extended resource: tags {{(pid=138732) __init__ /opt/stack/neutron/neutron/api/extensions.py:157}}
Aug 03 14:49:14 ubuntu neutron-server[138732]: DEBUG neutron.api.extensions [None req-0c37cf20-e9bd-45b2-ac86-1ea2ff63e7d9 None None] Extended resource: tags {{(pid=138732) __init__ /opt/stack/neutron/neutron/api/extensions.py:157}}
Aug 03 14:49:14 ubuntu neutron-server[138732]: DEBUG neutron.api.extensions [None req-0c37cf20-e9bd-45b2-ac86-1ea2ff63e7d9 None None] Extended resource: tags {{(pid=138732) __init__ /opt/stack/neutron/neutron/api/extensions.py:157}}
Aug 03 14:49:14 ubuntu neutron-server[138732]: WARNING keystonemiddleware.auth_token [None req-0c37cf20-e9bd-45b2-ac86-1ea2ff63e7d9 None None] AuthToken middleware is set with keystone_authtoken.service_token_roles_required set to False. This is backwards compatible but deprecated behaviour. Please set this to True.
Aug 03 14:49:14 ubuntu neutron-server[138732]: WARNING keystonemiddleware.auth_token [None req-0c37cf20-e9bd-45b2-ac86-1ea2ff63e7d9 None None] Configuring www_authenticate_uri to point to the public identity endpoint is required; clients may not be able to authenticate against an admin endpoint
Aug 03 14:49:14 ubuntu neutron-server[138732]: DEBUG oslo_concurrency.lockutils [None req-0c37cf20-e9bd-45b2-ac86-1ea2ff63e7d9 None None] Acquired lock "singleton_lock" {{(pid=138732) lock /usr/local/lib/python3.8/dist-packages/oslo_concurrency/lockutils.py:294}}
Aug 03 14:49:14 ubuntu neutron-server[138732]: DEBUG oslo_concurrency.lockutils [None req-0c37cf20-e9bd-45b2-ac86-1ea2ff63e7d9 None None] Releasing lock "singleton_lock" {{(pid=138732) lock /usr/local/lib/python3.8/dist-packages/oslo_concurrency/lockutils.py:312}}
Aug 03 14:49:14 ubuntu neutron-server[138732]: INFO oslo_service.service [None req-0c37cf20-e9bd-45b2-ac86-1ea2ff63e7d9 None None] Starting 2 workers
Aug 03 14:49:14 ubuntu neutron-server[138732]: DEBUG oslo_service.service [None req-0c37cf20-e9bd-45b2-ac86-1ea2ff63e7d9 None None] Started child 138952 {{(pid=138732) _start_child /usr/local/lib/python3.8/dist-packages/oslo_service/service.py:575}}
Aug 03 14:49:14 ubuntu neutron-server[138732]: DEBUG oslo_service.service [None req-0c37cf20-e9bd-45b2-ac86-1ea2ff63e7d9 None None] Started child 138953 {{(pid=138732) _start_child /usr/local/lib/python3.8/dist-packages/oslo_service/service.py:575}}
Aug 03 14:49:14 ubuntu neutron-server[138732]: INFO neutron.service [None req-0c37cf20-e9bd-45b2-ac86-1ea2ff63e7d9 None None] Neutron service started, listening on 0.0.0.0:9696
Aug 03 14:49:14 ubuntu neutron-server[138732]: DEBUG neutron_lib.callbacks.manager [None req-0c37cf20-e9bd-45b2-ac86-1ea2ff63e7d9 None None] Publish callbacks ['neutron.plugins.ml2.drivers.ovn.mech_driver.mech_driver.OVNMechanismDriver.pre_fork_initialize-552319'] for process (None), before_spawn {{(pid=138732) _notify_loop /usr/local/lib/python3.8/dist-packages/neutron_lib/callbacks/manager.py:176}}
Aug 03 14:49:14 ubuntu neutron-server[138952]: DEBUG neutron_lib.callbacks.manager [-] Publish callbacks ['neutron.plugins.ml2.drivers.ovn.mech_driver.mech_driver.OVNMechanismDriver.post_fork_initialize-552283'] for process (None), after_init {{(pid=138952) _notify_loop /usr/local/lib/python3.8/dist-packages/neutron_lib/callbacks/manager.py:176}}
Aug 03 14:49:14 ubuntu neutron-server[138953]: DEBUG neutron_lib.callbacks.manager [-] Publish callbacks ['neutron.plugins.ml2.drivers.ovn.mech_driver.mech_driver.OVNMechanismDriver.post_fork_initialize-552283'] for process (None), after_init {{(pid=138953) _notify_loop /usr/local/lib/python3.8/dist-packages/neutron_lib/callbacks/manager.py:176}}
Aug 03 14:49:14 ubuntu neutron-server[138952]: DEBUG dbcounter [-] [138952] Writer thread running {{(pid=138952) stat_writer /usr/local/lib/python3.8/dist-packages/dbcounter.py:99}}
Aug 03 14:49:14 ubuntu neutron-server[138953]: DEBUG dbcounter [-] [138953] Writer thread running {{(pid=138953) stat_writer /usr/local/lib/python3.8/dist-packages/dbcounter.py:99}}
Aug 03 14:49:14 ubuntu neutron-server[138732]: DEBUG ovsdbapp.backend.ovs_idl [None req-0c37cf20-e9bd-45b2-ac86-1ea2ff63e7d9 None None] Created schema index Port_Group.name {{(pid=138732) autocreate_indices /usr/local/lib/python3.8/dist-packages/ovsdbapp/backend/ovs_idl/__init__.py:104}}
Aug 03 14:49:14 ubuntu neutron-server[138732]: DEBUG ovsdbapp.backend.ovs_idl [None req-0c37cf20-e9bd-45b2-ac86-1ea2ff63e7d9 None None] Created schema index Logical_Switch_Port.name {{(pid=138732) autocreate_indices /usr/local/lib/python3.8/dist-packages/ovsdbapp/backend/ovs_idl/__init__.py:104}}
Aug 03 14:49:14 ubuntu neutron-server[138952]: INFO neutron.plugins.ml2.drivers.ovn.mech_driver.ovsdb.impl_idl_ovn [None req-1c01fbd2-6ff7-42bb-b03a-648190a2761a None None] Getting OvsdbNbOvnIdl for WorkerService with retry
Aug 03 14:49:14 ubuntu neutron-server[138953]: INFO neutron.plugins.ml2.drivers.ovn.mech_driver.ovsdb.impl_idl_ovn [None req-5c2f2edd-84aa-4eaf-8a91-5d93796c3bb3 None None] Getting OvsdbNbOvnIdl for WorkerService with retry
Aug 03 14:49:14 ubuntu neutron-server[138732]: DEBUG ovsdbapp.backend.ovs_idl.transaction [-] Running txn n=1 command(idx=0): PgAddCommand(name=neutron_pg_drop, may_exist=True, columns={'acls': []}) {{(pid=138732) do_commit /usr/local/lib/python3.8/dist-packages/ovsdbapp/backend/ovs_idl/transaction.py:90}}
Aug 03 14:49:14 ubuntu neutron-server[138732]: DEBUG ovsdbapp.backend.ovs_idl.transaction [-] Running txn n=1 command(idx=1): PgAclAddCommand(entity=neutron_pg_drop, direction=from-lport, priority=1001, match=inport == @neutron_pg_drop && ip, action=drop, log=False, may_exist=True, severity=[], name=[], meter=None, external_ids={}) {{(pid=138732) do_commit /usr/local/lib/python3.8/dist-packages/ovsdbapp/backend/ovs_idl/transaction.py:90}}
Aug 03 14:49:14 ubuntu neutron-server[138732]: DEBUG ovsdbapp.backend.ovs_idl.transaction [-] Running txn n=1 command(idx=2): PgAclAddCommand(entity=neutron_pg_drop, direction=to-lport, priority=1001, match=outport == @neutron_pg_drop && ip, action=drop, log=False, may_exist=True, severity=[], name=[], meter=None, external_ids={}) {{(pid=138732) do_commit /usr/local/lib/python3.8/dist-packages/ovsdbapp/backend/ovs_idl/transaction.py:90}}
Aug 03 14:49:14 ubuntu neutron-server[138732]: DEBUG ovsdbapp.backend.ovs_idl.event [-] Matched CREATE: NeutronPgDropPortGroupCreated(events=('create',), table='Port_Group', conditions=(('name', '=', 'neutron_pg_drop'),), old_conditions=None), priority=10 to row=Port_Group(name=neutron_pg_drop, ports=[], external_ids={}, acls=[<ovs.db.idl.Row object at 0x7f90524343d0>, <ovs.db.idl.Row object at 0x7f90524344c0>]) old= {{(pid=138732) matches /usr/local/lib/python3.8/dist-packages/ovsdbapp/backend/ovs_idl/event.py:43}}
Aug 03 14:49:14 ubuntu neutron-server[138732]: DEBUG ovsdbapp.backend.ovs_idl [None req-0c37cf20-e9bd-45b2-ac86-1ea2ff63e7d9 None None] Created lookup_table index Logical_Switch.name {{(pid=138732) autocreate_indices /usr/local/lib/python3.8/dist-packages/ovsdbapp/backend/ovs_idl/__init__.py:85}}
Aug 03 14:49:14 ubuntu neutron-server[138732]: DEBUG ovsdbapp.backend.ovs_idl [None req-0c37cf20-e9bd-45b2-ac86-1ea2ff63e7d9 None None] Created lookup_table index Logical_Router.name {{(pid=138732) autocreate_indices /usr/local/lib/python3.8/dist-packages/ovsdbapp/backend/ovs_idl/__init__.py:85}}
Aug 03 14:49:14 ubuntu neutron-server[138732]: DEBUG ovsdbapp.backend.ovs_idl [None req-0c37cf20-e9bd-45b2-ac86-1ea2ff63e7d9 None None] Created lookup_table index Load_Balancer.name {{(pid=138732) autocreate_indices /usr/local/lib/python3.8/dist-packages/ovsdbapp/backend/ovs_idl/__init__.py:85}}
Aug 03 14:49:14 ubuntu neutron-server[138732]: DEBUG ovsdbapp.backend.ovs_idl [None req-0c37cf20-e9bd-45b2-ac86-1ea2ff63e7d9 None None] Created schema index Meter.name {{(pid=138732) autocreate_indices /usr/local/lib/python3.8/dist-packages/ovsdbapp/backend/ovs_idl/__init__.py:104}}
Aug 03 14:49:14 ubuntu neutron-server[138732]: DEBUG ovsdbapp.backend.ovs_idl [None req-0c37cf20-e9bd-45b2-ac86-1ea2ff63e7d9 None None] Created schema index Address_Set.name {{(pid=138732) autocreate_indices /usr/local/lib/python3.8/dist-packages/ovsdbapp/backend/ovs_idl/__init__.py:104}}
Aug 03 14:49:14 ubuntu neutron-server[138732]: DEBUG ovsdbapp.backend.ovs_idl [None req-0c37cf20-e9bd-45b2-ac86-1ea2ff63e7d9 None None] Created schema index HA_Chassis_Group.name {{(pid=138732) autocreate_indices /usr/local/lib/python3.8/dist-packages/ovsdbapp/backend/ovs_idl/__init__.py:104}}
Aug 03 14:49:14 ubuntu neutron-server[138732]: DEBUG ovsdbapp.backend.ovs_idl [None req-0c37cf20-e9bd-45b2-ac86-1ea2ff63e7d9 None None] Created schema index Connection.target {{(pid=138732) autocreate_indices /usr/local/lib/python3.8/dist-packages/ovsdbapp/backend/ovs_idl/__init__.py:104}}
Aug 03 14:49:14 ubuntu neutron-server[138732]: DEBUG ovsdbapp.backend.ovs_idl [None req-0c37cf20-e9bd-45b2-ac86-1ea2ff63e7d9 None None] Created schema index Gateway_Chassis.name {{(pid=138732) autocreate_indices /usr/local/lib/python3.8/dist-packages/ovsdbapp/backend/ovs_idl/__init__.py:104}}
Aug 03 14:49:14 ubuntu neutron-server[138732]: DEBUG ovsdbapp.backend.ovs_idl [None req-0c37cf20-e9bd-45b2-ac86-1ea2ff63e7d9 None None] Created schema index Logical_Router_Port.name {{(pid=138732) autocreate_indices /usr/local/lib/python3.8/dist-packages/ovsdbapp/backend/ovs_idl/__init__.py:104}}
Aug 03 14:49:14 ubuntu neutron-server[138732]: DEBUG ovsdbapp.backend.ovs_idl [None req-0c37cf20-e9bd-45b2-ac86-1ea2ff63e7d9 None None] Created schema index Port_Group.name {{(pid=138732) autocreate_indices /usr/local/lib/python3.8/dist-packages/ovsdbapp/backend/ovs_idl/__init__.py:104}}
Aug 03 14:49:14 ubuntu neutron-server[138732]: DEBUG ovsdbapp.backend.ovs_idl [None req-0c37cf20-e9bd-45b2-ac86-1ea2ff63e7d9 None None] Created schema index Logical_Switch_Port.name {{(pid=138732) autocreate_indices /usr/local/lib/python3.8/dist-packages/ovsdbapp/backend/ovs_idl/__init__.py:104}}
Aug 03 14:49:14 ubuntu neutron-server[138952]: DEBUG ovsdbapp.backend.ovs_idl [None req-1c01fbd2-6ff7-42bb-b03a-648190a2761a None None] Created lookup_table index Logical_Switch.name {{(pid=138952) autocreate_indices /usr/local/lib/python3.8/dist-packages/ovsdbapp/backend/ovs_idl/__init__.py:85}}
Aug 03 14:49:14 ubuntu neutron-server[138952]: DEBUG ovsdbapp.backend.ovs_idl [None req-1c01fbd2-6ff7-42bb-b03a-648190a2761a None None] Created lookup_table index Logical_Router.name {{(pid=138952) autocreate_indices /usr/local/lib/python3.8/dist-packages/ovsdbapp/backend/ovs_idl/__init__.py:85}}
Aug 03 14:49:14 ubuntu neutron-server[138953]: DEBUG ovsdbapp.backend.ovs_idl [None req-5c2f2edd-84aa-4eaf-8a91-5d93796c3bb3 None None] Created lookup_table index Logical_Switch.name {{(pid=138953) autocreate_indices /usr/local/lib/python3.8/dist-packages/ovsdbapp/backend/ovs_idl/__init__.py:85}}
Aug 03 14:49:14 ubuntu neutron-server[138952]: DEBUG ovsdbapp.backend.ovs_idl [None req-1c01fbd2-6ff7-42bb-b03a-648190a2761a None None] Created lookup_table index Load_Balancer.name {{(pid=138952) autocreate_indices /usr/local/lib/python3.8/dist-packages/ovsdbapp/backend/ovs_idl/__init__.py:85}}
Aug 03 14:49:14 ubuntu neutron-server[138953]: DEBUG ovsdbapp.backend.ovs_idl [None req-5c2f2edd-84aa-4eaf-8a91-5d93796c3bb3 None None] Created lookup_table index Logical_Router.name {{(pid=138953) autocreate_indices /usr/local/lib/python3.8/dist-packages/ovsdbapp/backend/ovs_idl/__init__.py:85}}
Aug 03 14:49:14 ubuntu neutron-server[138953]: DEBUG ovsdbapp.backend.ovs_idl [None req-5c2f2edd-84aa-4eaf-8a91-5d93796c3bb3 None None] Created lookup_table index Load_Balancer.name {{(pid=138953) autocreate_indices /usr/local/lib/python3.8/dist-packages/ovsdbapp/backend/ovs_idl/__init__.py:85}}
Aug 03 14:49:14 ubuntu neutron-server[138952]: DEBUG ovsdbapp.backend.ovs_idl [None req-1c01fbd2-6ff7-42bb-b03a-648190a2761a None None] Created schema index Meter.name {{(pid=138952) autocreate_indices /usr/local/lib/python3.8/dist-packages/ovsdbapp/backend/ovs_idl/__init__.py:104}}
Aug 03 14:49:14 ubuntu neutron-server[138953]: DEBUG ovsdbapp.backend.ovs_idl [None req-5c2f2edd-84aa-4eaf-8a91-5d93796c3bb3 None None] Created schema index Meter.name {{(pid=138953) autocreate_indices /usr/local/lib/python3.8/dist-packages/ovsdbapp/backend/ovs_idl/__init__.py:104}}
Aug 03 14:49:14 ubuntu neutron-server[138952]: DEBUG ovsdbapp.backend.ovs_idl [None req-1c01fbd2-6ff7-42bb-b03a-648190a2761a None None] Created schema index Address_Set.name {{(pid=138952) autocreate_indices /usr/local/lib/python3.8/dist-packages/ovsdbapp/backend/ovs_idl/__init__.py:104}}
Aug 03 14:49:14 ubuntu neutron-server[138953]: DEBUG ovsdbapp.backend.ovs_idl [None req-5c2f2edd-84aa-4eaf-8a91-5d93796c3bb3 None None] Created schema index Address_Set.name {{(pid=138953) autocreate_indices /usr/local/lib/python3.8/dist-packages/ovsdbapp/backend/ovs_idl/__init__.py:104}}
Aug 03 14:49:14 ubuntu neutron-server[138953]: DEBUG ovsdbapp.backend.ovs_idl [None req-5c2f2edd-84aa-4eaf-8a91-5d93796c3bb3 None None] Created schema index HA_Chassis_Group.name {{(pid=138953) autocreate_indices /usr/local/lib/python3.8/dist-packages/ovsdbapp/backend/ovs_idl/__init__.py:104}}
Aug 03 14:49:14 ubuntu neutron-server[138952]: DEBUG ovsdbapp.backend.ovs_idl [None req-1c01fbd2-6ff7-42bb-b03a-648190a2761a None None] Created schema index HA_Chassis_Group.name {{(pid=138952) autocreate_indices /usr/local/lib/python3.8/dist-packages/ovsdbapp/backend/ovs_idl/__init__.py:104}}
Aug 03 14:49:14 ubuntu neutron-server[138953]: DEBUG ovsdbapp.backend.ovs_idl [None req-5c2f2edd-84aa-4eaf-8a91-5d93796c3bb3 None None] Created schema index Connection.target {{(pid=138953) autocreate_indices /usr/local/lib/python3.8/dist-packages/ovsdbapp/backend/ovs_idl/__init__.py:104}}
Aug 03 14:49:14 ubuntu neutron-server[138952]: DEBUG ovsdbapp.backend.ovs_idl [None req-1c01fbd2-6ff7-42bb-b03a-648190a2761a None None] Created schema index Connection.target {{(pid=138952) autocreate_indices /usr/local/lib/python3.8/dist-packages/ovsdbapp/backend/ovs_idl/__init__.py:104}}
Aug 03 14:49:14 ubuntu neutron-server[138953]: DEBUG ovsdbapp.backend.ovs_idl [None req-5c2f2edd-84aa-4eaf-8a91-5d93796c3bb3 None None] Created schema index Gateway_Chassis.name {{(pid=138953) autocreate_indices /usr/local/lib/python3.8/dist-packages/ovsdbapp/backend/ovs_idl/__init__.py:104}}
Aug 03 14:49:14 ubuntu neutron-server[138952]: DEBUG ovsdbapp.backend.ovs_idl [None req-1c01fbd2-6ff7-42bb-b03a-648190a2761a None None] Created schema index Gateway_Chassis.name {{(pid=138952) autocreate_indices /usr/local/lib/python3.8/dist-packages/ovsdbapp/backend/ovs_idl/__init__.py:104}}
Aug 03 14:49:14 ubuntu neutron-server[138953]: DEBUG ovsdbapp.backend.ovs_idl [None req-5c2f2edd-84aa-4eaf-8a91-5d93796c3bb3 None None] Created schema index Logical_Router_Port.name {{(pid=138953) autocreate_indices /usr/local/lib/python3.8/dist-packages/ovsdbapp/backend/ovs_idl/__init__.py:104}}
Aug 03 14:49:14 ubuntu neutron-server[138952]: DEBUG ovsdbapp.backend.ovs_idl [None req-1c01fbd2-6ff7-42bb-b03a-648190a2761a None None] Created schema index Logical_Router_Port.name {{(pid=138952) autocreate_indices /usr/local/lib/python3.8/dist-packages/ovsdbapp/backend/ovs_idl/__init__.py:104}}
Aug 03 14:49:14 ubuntu neutron-server[138953]: DEBUG ovsdbapp.backend.ovs_idl [None req-5c2f2edd-84aa-4eaf-8a91-5d93796c3bb3 None None] Created schema index Port_Group.name {{(pid=138953) autocreate_indices /usr/local/lib/python3.8/dist-packages/ovsdbapp/backend/ovs_idl/__init__.py:104}}
Aug 03 14:49:14 ubuntu neutron-server[138953]: DEBUG ovsdbapp.backend.ovs_idl [None req-5c2f2edd-84aa-4eaf-8a91-5d93796c3bb3 None None] Created schema index Logical_Switch_Port.name {{(pid=138953) autocreate_indices /usr/local/lib/python3.8/dist-packages/ovsdbapp/backend/ovs_idl/__init__.py:104}}
Aug 03 14:49:14 ubuntu neutron-server[138952]: DEBUG ovsdbapp.backend.ovs_idl [None req-1c01fbd2-6ff7-42bb-b03a-648190a2761a None None] Created schema index Port_Group.name {{(pid=138952) autocreate_indices /usr/local/lib/python3.8/dist-packages/ovsdbapp/backend/ovs_idl/__init__.py:104}}
Aug 03 14:49:14 ubuntu neutron-server[138952]: DEBUG ovsdbapp.backend.ovs_idl [None req-1c01fbd2-6ff7-42bb-b03a-648190a2761a None None] Created schema index Logical_Switch_Port.name {{(pid=138952) autocreate_indices /usr/local/lib/python3.8/dist-packages/ovsdbapp/backend/ovs_idl/__init__.py:104}}
Aug 03 14:49:14 ubuntu neutron-server[138953]: INFO ovsdbapp.backend.ovs_idl.vlog [None req-5c2f2edd-84aa-4eaf-8a91-5d93796c3bb3 None None] tcp:192.168.79.44:6641: connecting...
Aug 03 14:49:14 ubuntu neutron-server[138952]: INFO ovsdbapp.backend.ovs_idl.vlog [None req-1c01fbd2-6ff7-42bb-b03a-648190a2761a None None] tcp:192.168.79.44:6641: connecting...
Aug 03 14:49:14 ubuntu neutron-server[138953]: INFO ovsdbapp.backend.ovs_idl.vlog [None req-5c2f2edd-84aa-4eaf-8a91-5d93796c3bb3 None None] tcp:192.168.79.44:6641: connected
Aug 03 14:49:14 ubuntu neutron-server[138952]: INFO ovsdbapp.backend.ovs_idl.vlog [None req-1c01fbd2-6ff7-42bb-b03a-648190a2761a None None] tcp:192.168.79.44:6641: connected
Aug 03 14:49:14 ubuntu neutron-server[138732]: DEBUG ovsdbapp.backend.ovs_idl [None req-0c37cf20-e9bd-45b2-ac86-1ea2ff63e7d9 None None] Created lookup_table index Chassis.name {{(pid=138732) autocreate_indices /usr/local/lib/python3.8/dist-packages/ovsdbapp/backend/ovs_idl/__init__.py:85}}
Aug 03 14:49:14 ubuntu neutron-server[138732]: DEBUG ovsdbapp.backend.ovs_idl [None req-0c37cf20-e9bd-45b2-ac86-1ea2ff63e7d9 None None] Created lookup_table index MAC_Binding.ip {{(pid=138732) autocreate_indices /usr/local/lib/python3.8/dist-packages/ovsdbapp/backend/ovs_idl/__init__.py:85}}
Aug 03 14:49:14 ubuntu neutron-server[138732]: DEBUG ovsdbapp.backend.ovs_idl [None req-0c37cf20-e9bd-45b2-ac86-1ea2ff63e7d9 None None] Created schema index Meter.name {{(pid=138732) autocreate_indices /usr/local/lib/python3.8/dist-packages/ovsdbapp/backend/ovs_idl/__init__.py:104}}
Aug 03 14:49:14 ubuntu neutron-server[138732]: DEBUG ovsdbapp.backend.ovs_idl [None req-0c37cf20-e9bd-45b2-ac86-1ea2ff63e7d9 None None] Created schema index Address_Set.name {{(pid=138732) autocreate_indices /usr/local/lib/python3.8/dist-packages/ovsdbapp/backend/ovs_idl/__init__.py:104}}
Aug 03 14:49:14 ubuntu neutron-server[138732]: DEBUG ovsdbapp.backend.ovs_idl [None req-0c37cf20-e9bd-45b2-ac86-1ea2ff63e7d9 None None] Created schema index HA_Chassis_Group.name {{(pid=138732) autocreate_indices /usr/local/lib/python3.8/dist-packages/ovsdbapp/backend/ovs_idl/__init__.py:104}}
Aug 03 14:49:14 ubuntu neutron-server[138732]: DEBUG ovsdbapp.backend.ovs_idl [None req-0c37cf20-e9bd-45b2-ac86-1ea2ff63e7d9 None None] Created schema index IP_Multicast.datapath {{(pid=138732) autocreate_indices /usr/local/lib/python3.8/dist-packages/ovsdbapp/backend/ovs_idl/__init__.py:104}}
Aug 03 14:49:14 ubuntu neutron-server[138732]: DEBUG ovsdbapp.backend.ovs_idl [None req-0c37cf20-e9bd-45b2-ac86-1ea2ff63e7d9 None None] Created schema index Connection.target {{(pid=138732) autocreate_indices /usr/local/lib/python3.8/dist-packages/ovsdbapp/backend/ovs_idl/__init__.py:104}}
Aug 03 14:49:14 ubuntu neutron-server[138732]: DEBUG ovsdbapp.backend.ovs_idl [None req-0c37cf20-e9bd-45b2-ac86-1ea2ff63e7d9 None None] Created schema index Gateway_Chassis.name {{(pid=138732) autocreate_indices /usr/local/lib/python3.8/dist-packages/ovsdbapp/backend/ovs_idl/__init__.py:104}}
Aug 03 14:49:14 ubuntu neutron-server[138732]: DEBUG ovsdbapp.backend.ovs_idl [None req-0c37cf20-e9bd-45b2-ac86-1ea2ff63e7d9 None None] Created schema index Port_Group.name {{(pid=138732) autocreate_indices /usr/local/lib/python3.8/dist-packages/ovsdbapp/backend/ovs_idl/__init__.py:104}}
Aug 03 14:49:14 ubuntu neutron-server[138732]: DEBUG ovsdbapp.backend.ovs_idl [None req-0c37cf20-e9bd-45b2-ac86-1ea2ff63e7d9 None None] Created schema index Datapath_Binding.tunnel_key {{(pid=138732) autocreate_indices /usr/local/lib/python3.8/dist-packages/ovsdbapp/backend/ovs_idl/__init__.py:104}}
Aug 03 14:49:14 ubuntu neutron-server[138952]: DEBUG neutron.common.ovn.hash_ring_manager [None req-1c01fbd2-6ff7-42bb-b03a-648190a2761a None None] Allow caching, nodes 2>=2 {{(pid=138952) _wait_startup_before_caching /opt/stack/neutron/neutron/common/ovn/hash_ring_manager.py:60}}
Aug 03 14:49:14 ubuntu neutron-server[138732]: INFO oslo_service.service [None req-0c37cf20-e9bd-45b2-ac86-1ea2ff63e7d9 None None] Starting 1 workers
Aug 03 14:49:14 ubuntu neutron-server[138953]: DEBUG neutron.common.ovn.hash_ring_manager [None req-5c2f2edd-84aa-4eaf-8a91-5d93796c3bb3 None None] Allow caching, nodes 2>=2 {{(pid=138953) _wait_startup_before_caching /opt/stack/neutron/neutron/common/ovn/hash_ring_manager.py:60}}
Aug 03 14:49:14 ubuntu neutron-server[138952]: DEBUG neutron.plugins.ml2.drivers.ovn.mech_driver.ovsdb.ovsdb_monitor [None req-1c01fbd2-6ff7-42bb-b03a-648190a2761a None None] Hash Ring: Node 4c19a1f0-1566-438e-8875-25916ee677a2 (host: ubuntu) handling event "create" for row 147ed296-f622-4ccb-b88f-6d2760980917 (table: Database) {{(pid=138952) notify /opt/stack/neutron/neutron/plugins/ml2/drivers/ovn/mech_driver/ovsdb/ovsdb_monitor.py:743}}
Aug 03 14:49:14 ubuntu neutron-server[138732]: DEBUG oslo_service.service [None req-0c37cf20-e9bd-45b2-ac86-1ea2ff63e7d9 None None] Started child 138956 {{(pid=138732) _start_child /usr/local/lib/python3.8/dist-packages/oslo_service/service.py:575}}
Aug 03 14:49:14 ubuntu neutron-server[138732]: INFO oslo_service.service [None req-0c37cf20-e9bd-45b2-ac86-1ea2ff63e7d9 None None] Starting 1 workers
Aug 03 14:49:14 ubuntu neutron-server[138952]: DEBUG neutron.plugins.ml2.drivers.ovn.mech_driver.ovsdb.ovsdb_monitor [None req-1c01fbd2-6ff7-42bb-b03a-648190a2761a None None] Hash Ring: Node 4c19a1f0-1566-438e-8875-25916ee677a2 (host: ubuntu) handling event "create" for row e8910a42-1da1-444c-b84e-74478159d581 (table: Port_Group) {{(pid=138952) notify /opt/stack/neutron/neutron/plugins/ml2/drivers/ovn/mech_driver/ovsdb/ovsdb_monitor.py:743}}
Aug 03 14:49:14 ubuntu neutron-server[138952]: DEBUG neutron.plugins.ml2.drivers.ovn.mech_driver.ovsdb.ovsdb_monitor [None req-1c01fbd2-6ff7-42bb-b03a-648190a2761a None None] Hash Ring: Node 4c19a1f0-1566-438e-8875-25916ee677a2 (host: ubuntu) handling event "create" for row 23062871-c8c1-4e7c-8792-76d96351bb1f (table: NB_Global) {{(pid=138952) notify /opt/stack/neutron/neutron/plugins/ml2/drivers/ovn/mech_driver/ovsdb/ovsdb_monitor.py:743}}
Aug 03 14:49:14 ubuntu neutron-server[138732]: DEBUG oslo_service.service [None req-0c37cf20-e9bd-45b2-ac86-1ea2ff63e7d9 None None] Started child 138957 {{(pid=138732) _start_child /usr/local/lib/python3.8/dist-packages/oslo_service/service.py:575}}
Aug 03 14:49:14 ubuntu neutron-server[138732]: INFO oslo_service.service [None req-0c37cf20-e9bd-45b2-ac86-1ea2ff63e7d9 None None] Starting 1 workers
Aug 03 14:49:14 ubuntu neutron-server[138952]: INFO neutron.plugins.ml2.drivers.ovn.mech_driver.ovsdb.impl_idl_ovn [None req-1c01fbd2-6ff7-42bb-b03a-648190a2761a None None] Getting OvsdbSbOvnIdl for WorkerService with retry
Aug 03 14:49:14 ubuntu neutron-server[138953]: DEBUG neutron.plugins.ml2.drivers.ovn.mech_driver.ovsdb.ovsdb_monitor [None req-5c2f2edd-84aa-4eaf-8a91-5d93796c3bb3 None None] Hash Ring: Node 862649e2-8477-4204-b22b-423a5108da53 (host: ubuntu) handling event "create" for row e7ee4b1b-07a6-4956-a303-1858cf62863e (table: Database) {{(pid=138953) notify /opt/stack/neutron/neutron/plugins/ml2/drivers/ovn/mech_driver/ovsdb/ovsdb_monitor.py:743}}
Aug 03 14:49:14 ubuntu neutron-server[138732]: DEBUG oslo_service.service [None req-0c37cf20-e9bd-45b2-ac86-1ea2ff63e7d9 None None] Started child 138959 {{(pid=138732) _start_child /usr/local/lib/python3.8/dist-packages/oslo_service/service.py:575}}
Aug 03 14:49:14 ubuntu neutron-server[138732]: DEBUG neutron_lib.callbacks.manager [None req-0c37cf20-e9bd-45b2-ac86-1ea2ff63e7d9 None None] Publish callbacks [] for process (None), after_spawn {{(pid=138732) _notify_loop /usr/local/lib/python3.8/dist-packages/neutron_lib/callbacks/manager.py:176}}
Aug 03 14:49:14 ubuntu neutron-server[138953]: DEBUG neutron.plugins.ml2.drivers.ovn.mech_driver.ovsdb.ovsdb_monitor [None req-5c2f2edd-84aa-4eaf-8a91-5d93796c3bb3 None None] Hash Ring: Node 862649e2-8477-4204-b22b-423a5108da53 (host: ubuntu) handling event "create" for row 10fcb994-b4f0-4b33-9595-73e4feb95fc5 (table: ACL) {{(pid=138953) notify /opt/stack/neutron/neutron/plugins/ml2/drivers/ovn/mech_driver/ovsdb/ovsdb_monitor.py:743}}
Aug 03 14:49:14 ubuntu neutron-server[138953]: DEBUG neutron.plugins.ml2.drivers.ovn.mech_driver.ovsdb.ovsdb_monitor [None req-5c2f2edd-84aa-4eaf-8a91-5d93796c3bb3 None None] Hash Ring: Node 862649e2-8477-4204-b22b-423a5108da53 (host: ubuntu) handling event "create" for row 59cdac2e-1dc3-4254-9d99-ce699cbb744d (table: ACL) {{(pid=138953) notify /opt/stack/neutron/neutron/plugins/ml2/drivers/ovn/mech_driver/ovsdb/ovsdb_monitor.py:743}}
Aug 03 14:49:14 ubuntu neutron-server[138953]: DEBUG neutron.plugins.ml2.drivers.ovn.mech_driver.ovsdb.ovsdb_monitor [None req-5c2f2edd-84aa-4eaf-8a91-5d93796c3bb3 None None] Hash Ring: Node 862649e2-8477-4204-b22b-423a5108da53 (host: ubuntu) handling event "create" for row d4e2d4d6-de93-4966-8ff2-6e9a6d2c1a28 (table: Connection) {{(pid=138953) notify /opt/stack/neutron/neutron/plugins/ml2/drivers/ovn/mech_driver/ovsdb/ovsdb_monitor.py:743}}
Aug 03 14:49:14 ubuntu neutron-server[138953]: INFO neutron.plugins.ml2.drivers.ovn.mech_driver.ovsdb.impl_idl_ovn [None req-5c2f2edd-84aa-4eaf-8a91-5d93796c3bb3 None None] Getting OvsdbSbOvnIdl for WorkerService with retry
Aug 03 14:49:14 ubuntu neutron-server[138732]: DEBUG oslo_service.service [-] Full set of CONF: {{(pid=138732) wait /usr/local/lib/python3.8/dist-packages/oslo_service/service.py:649}}
Aug 03 14:49:14 ubuntu neutron-server[138732]: DEBUG oslo_service.service [-] ******************************************************************************** {{(pid=138732) log_opt_values /usr/local/lib/python3.8/dist-packages/oslo_config/cfg.py:2589}}
Aug 03 14:49:14 ubuntu neutron-server[138732]: DEBUG oslo_service.service [-] Configuration options gathered from: {{(pid=138732) log_opt_values /usr/local/lib/python3.8/dist-packages/oslo_config/cfg.py:2590}}
Aug 03 14:49:14 ubuntu neutron-server[138732]: DEBUG oslo_service.service [-] command line args: ['--config-file', '/etc/neutron/neutron.conf', '--config-file', '/etc/neutron/plugins/ml2/ml2_conf.ini'] {{(pid=138732) log_opt_values /usr/local/lib/python3.8/dist-packages/oslo_config/cfg.py:2591}}
Aug 03 14:49:14 ubuntu neutron-server[138732]: DEBUG oslo_service.service [-] config files: ['/etc/neutron/neutron.conf', '/etc/neutron/plugins/ml2/ml2_conf.ini'] {{(pid=138732) log_opt_values /usr/local/lib/python3.8/dist-packages/oslo_config/cfg.py:2592}}
Aug 03 14:49:14 ubuntu neutron-server[138732]: DEBUG oslo_service.service [-] ================================================================================ {{(pid=138732) log_opt_values /usr/local/lib/python3.8/dist-packages/oslo_config/cfg.py:2594}}
Aug 03 14:49:14 ubuntu neutron-server[138732]: DEBUG oslo_service.service [-] agent_down_time                = 75 {{(pid=138732) log_opt_values /usr/local/lib/python3.8/dist-packages/oslo_config/cfg.py:2602}}
Aug 03 14:49:14 ubuntu neutron-server[138732]: DEBUG oslo_service.service [-] allow_automatic_dhcp_failover  = True {{(pid=138732) log_opt_values /usr/local/lib/python3.8/dist-packages/oslo_config/cfg.py:2602}}
Aug 03 14:49:14 ubuntu neutron-server[138732]: DEBUG oslo_service.service [-] allow_bulk                     = True {{(pid=138732) log_opt_values /usr/local/lib/python3.8/dist-packages/oslo_config/cfg.py:2602}}
Aug 03 14:49:14 ubuntu neutron-server[138732]: DEBUG oslo_service.service [-] allowed_conntrack_helpers      = [{'amanda': 'tcp'}, {'ftp': 'tcp'}, {'h323': 'udp'}, {'h323': 'tcp'}, {'irc': 'tcp'}, {'netbios-ns': 'udp'}, {'pptp': 'tcp'}, {'sane': 'tcp'}, {'sip': 'udp'}, {'sip': 'tcp'}, {'snmp': 'udp'}, {'tftp': 'udp'}] {{(pid=138732) log_opt_values /usr/local/lib/python3.8/dist-packages/oslo_config/cfg.py:2602}}
Aug 03 14:49:14 ubuntu neutron-server[138732]: DEBUG oslo_service.service [-] api_extensions_path            =  {{(pid=138732) log_opt_values /usr/local/lib/python3.8/dist-packages/oslo_config/cfg.py:2602}}
Aug 03 14:49:14 ubuntu neutron-server[138732]: DEBUG oslo_service.service [-] api_paste_config               = api-paste.ini {{(pid=138732) log_opt_values /usr/local/lib/python3.8/dist-packages/oslo_config/cfg.py:2602}}
Aug 03 14:49:14 ubuntu neutron-server[138959]: DEBUG neutron_lib.callbacks.manager [-] Publish callbacks ['neutron.plugins.ml2.drivers.ovn.mech_driver.mech_driver.OVNMechanismDriver.post_fork_initialize-552283'] for process (None), after_init {{(pid=138959) _notify_loop /usr/local/lib/python3.8/dist-packages/neutron_lib/callbacks/manager.py:176}}
Aug 03 14:49:14 ubuntu neutron-server[138732]: DEBUG oslo_service.service [-] api_workers                    = 2 {{(pid=138732) log_opt_values /usr/local/lib/python3.8/dist-packages/oslo_config/cfg.py:2602}}
Aug 03 14:49:14 ubuntu neutron-server[138732]: DEBUG oslo_service.service [-] auth_strategy                  = keystone {{(pid=138732) log_opt_values /usr/local/lib/python3.8/dist-packages/oslo_config/cfg.py:2602}}
Aug 03 14:49:14 ubuntu neutron-server[138953]: DEBUG ovsdbapp.backend.ovs_idl [None req-5c2f2edd-84aa-4eaf-8a91-5d93796c3bb3 None None] Created lookup_table index Chassis.name {{(pid=138953) autocreate_indices /usr/local/lib/python3.8/dist-packages/ovsdbapp/backend/ovs_idl/__init__.py:85}}
Aug 03 14:49:14 ubuntu neutron-server[138957]: DEBUG neutron_lib.callbacks.manager [-] Publish callbacks ['neutron.plugins.ml2.drivers.ovn.mech_driver.mech_driver.OVNMechanismDriver.post_fork_initialize-552283'] for process (None), after_init {{(pid=138957) _notify_loop /usr/local/lib/python3.8/dist-packages/neutron_lib/callbacks/manager.py:176}}
Aug 03 14:49:14 ubuntu neutron-server[138732]: DEBUG oslo_service.service [-] backdoor_port                  = None {{(pid=138732) log_opt_values /usr/local/lib/python3.8/dist-packages/oslo_config/cfg.py:2602}}
Aug 03 14:49:14 ubuntu neutron-server[138953]: DEBUG ovsdbapp.backend.ovs_idl [None req-5c2f2edd-84aa-4eaf-8a91-5d93796c3bb3 None None] Created schema index Datapath_Binding.tunnel_key {{(pid=138953) autocreate_indices /usr/local/lib/python3.8/dist-packages/ovsdbapp/backend/ovs_idl/__init__.py:104}}
Aug 03 14:49:14 ubuntu neutron-server[138732]: DEBUG oslo_service.service [-] backdoor_socket                = None {{(pid=138732) log_opt_values /usr/local/lib/python3.8/dist-packages/oslo_config/cfg.py:2602}}
Aug 03 14:49:14 ubuntu neutron-server[138953]: DEBUG ovsdbapp.backend.ovs_idl [None req-5c2f2edd-84aa-4eaf-8a91-5d93796c3bb3 None None] Created schema index Connection.target {{(pid=138953) autocreate_indices /usr/local/lib/python3.8/dist-packages/ovsdbapp/backend/ovs_idl/__init__.py:104}}
Aug 03 14:49:14 ubuntu neutron-server[138732]: DEBUG oslo_service.service [-] backlog                        = 4096 {{(pid=138732) log_opt_values /usr/local/lib/python3.8/dist-packages/oslo_config/cfg.py:2602}}
Aug 03 14:49:14 ubuntu neutron-server[138953]: INFO ovsdbapp.backend.ovs_idl.vlog [None req-5c2f2edd-84aa-4eaf-8a91-5d93796c3bb3 None None] tcp:192.168.79.44:6642: connecting...
Aug 03 14:49:14 ubuntu neutron-server[138732]: DEBUG oslo_service.service [-] base_mac                       = fa:16:3e:00:00:00 {{(pid=138732) log_opt_values /usr/local/lib/python3.8/dist-packages/oslo_config/cfg.py:2602}}
Aug 03 14:49:14 ubuntu neutron-server[138953]: INFO ovsdbapp.backend.ovs_idl.vlog [None req-5c2f2edd-84aa-4eaf-8a91-5d93796c3bb3 None None] tcp:192.168.79.44:6642: connected
Aug 03 14:49:14 ubuntu neutron-server[138732]: DEBUG oslo_service.service [-] bind_host                      = 0.0.0.0 {{(pid=138732) log_opt_values /usr/local/lib/python3.8/dist-packages/oslo_config/cfg.py:2602}}
Aug 03 14:49:14 ubuntu neutron-server[138957]: INFO neutron.plugins.ml2.drivers.ovn.mech_driver.ovsdb.impl_idl_ovn [-] Getting OvsdbNbOvnIdl for MaintenanceWorker with retry
Aug 03 14:49:14 ubuntu neutron-server[138732]: DEBUG oslo_service.service [-] bind_port                      = 9696 {{(pid=138732) log_opt_values /usr/local/lib/python3.8/dist-packages/oslo_config/cfg.py:2602}}
Aug 03 14:49:14 ubuntu neutron-server[138732]: DEBUG oslo_service.service [-] client_socket_timeout          = 900 {{(pid=138732) log_opt_values /usr/local/lib/python3.8/dist-packages/oslo_config/cfg.py:2602}}
Aug 03 14:49:14 ubuntu neutron-server[138952]: DEBUG ovsdbapp.backend.ovs_idl [None req-1c01fbd2-6ff7-42bb-b03a-648190a2761a None None] Created lookup_table index Chassis.name {{(pid=138952) autocreate_indices /usr/local/lib/python3.8/dist-packages/ovsdbapp/backend/ovs_idl/__init__.py:85}}
Aug 03 14:49:14 ubuntu neutron-server[138732]: DEBUG oslo_service.service [-] config_dir                     = [] {{(pid=138732) log_opt_values /usr/local/lib/python3.8/dist-packages/oslo_config/cfg.py:2602}}
