Jul 08 20:13:11 ubuntu neutron-server[111197]: DEBUG neutron.api.extensions [None req-abcae4bd-574d-49c0-a6b3-8cdc4d893934 None None] Ext name="Trunk port details" alias="trunk-details" description="Expose trunk port details" updated="2016-01-01T10:00:00-00:00" {{(pid=111197) _check_extension /opt/stack/neutron/neutron/api/extensions.py:416}}
Jul 08 20:13:11 ubuntu neutron-server[111197]: INFO neutron.api.extensions [None req-abcae4bd-574d-49c0-a6b3-8cdc4d893934 None None] Extension trunk-details not supported by any of loaded plugins
Jul 08 20:13:11 ubuntu neutron-server[111197]: DEBUG neutron.api.extensions [None req-abcae4bd-574d-49c0-a6b3-8cdc4d893934 None None] Loading extension file: uplink_status_propagation.py {{(pid=111197) _load_all_extensions_from_path /opt/stack/neutron/neutron/api/extensions.py:450}}
Jul 08 20:13:11 ubuntu neutron-server[111197]: DEBUG neutron.api.extensions [None req-abcae4bd-574d-49c0-a6b3-8cdc4d893934 None None] Ext name="Uplink status propagation extension" alias="uplink-status-propagation" description="Provides ability to propagate port uplink status." updated="2018-05-31T18:00:00-00:00" {{(pid=111197) _check_extension /opt/stack/neutron/neutron/api/extensions.py:416}}
Jul 08 20:13:11 ubuntu neutron-server[111197]: INFO neutron.api.extensions [None req-abcae4bd-574d-49c0-a6b3-8cdc4d893934 None None] Extension uplink-status-propagation not supported by any of loaded plugins
Jul 08 20:13:11 ubuntu neutron-server[111197]: DEBUG neutron.api.extensions [None req-abcae4bd-574d-49c0-a6b3-8cdc4d893934 None None] Loading extension file: vlantransparent.py {{(pid=111197) _load_all_extensions_from_path /opt/stack/neutron/neutron/api/extensions.py:450}}
Jul 08 20:13:11 ubuntu neutron-server[111197]: DEBUG neutron.api.extensions [None req-abcae4bd-574d-49c0-a6b3-8cdc4d893934 None None] Ext name="Vlantransparent" alias="vlan-transparent" description="Provides Vlan Transparent Networks" updated="2015-03-23T09:00:00-00:00" {{(pid=111197) _check_extension /opt/stack/neutron/neutron/api/extensions.py:416}}
Jul 08 20:13:11 ubuntu neutron-server[111197]: INFO neutron.api.extensions [None req-abcae4bd-574d-49c0-a6b3-8cdc4d893934 None None] Extension vlan-transparent not supported by any of loaded plugins
Jul 08 20:13:11 ubuntu neutron-server[111197]: INFO neutron.quota.resource_registry [None req-abcae4bd-574d-49c0-a6b3-8cdc4d893934 None None] Creating instance of TrackedResource for resource:network
Jul 08 20:13:11 ubuntu neutron-server[111197]: INFO neutron.quota.resource_registry [None req-abcae4bd-574d-49c0-a6b3-8cdc4d893934 None None] Creating instance of TrackedResource for resource:subnet
Jul 08 20:13:11 ubuntu neutron-server[111197]: INFO neutron.quota.resource_registry [None req-abcae4bd-574d-49c0-a6b3-8cdc4d893934 None None] Creating instance of TrackedResource for resource:subnetpool
Jul 08 20:13:11 ubuntu neutron-server[111197]: INFO neutron.quota.resource_registry [None req-abcae4bd-574d-49c0-a6b3-8cdc4d893934 None None] Creating instance of TrackedResource for resource:port
Jul 08 20:13:11 ubuntu neutron-server[111197]: DEBUG neutron.api.v2.resource_helper [None req-abcae4bd-574d-49c0-a6b3-8cdc4d893934 None None] Service FLAVORS assigned prefix:  {{(pid=111197) build_resource_info /opt/stack/neutron/neutron/api/v2/resource_helper.py:77}}
Jul 08 20:13:11 ubuntu neutron-server[111197]: DEBUG neutron.api.v2.resource_helper [None req-abcae4bd-574d-49c0-a6b3-8cdc4d893934 None None] Service L3_ROUTER_NAT assigned prefix:  {{(pid=111197) build_resource_info /opt/stack/neutron/neutron/api/v2/resource_helper.py:77}}
Jul 08 20:13:11 ubuntu neutron-server[111197]: DEBUG neutron.api.v2.resource_helper [None req-abcae4bd-574d-49c0-a6b3-8cdc4d893934 None None] Service L3_ROUTER_NAT assigned prefix:  {{(pid=111197) build_resource_info /opt/stack/neutron/neutron/api/v2/resource_helper.py:77}}
Jul 08 20:13:11 ubuntu neutron-server[111197]: INFO neutron.quota.resource_registry [None req-abcae4bd-574d-49c0-a6b3-8cdc4d893934 None None] Creating instance of TrackedResource for resource:router
Jul 08 20:13:11 ubuntu neutron-server[111197]: INFO neutron.quota.resource_registry [None req-abcae4bd-574d-49c0-a6b3-8cdc4d893934 None None] Creating instance of TrackedResource for resource:floatingip
Jul 08 20:13:11 ubuntu neutron-server[111197]: DEBUG neutron_lib.callbacks.manager [None req-abcae4bd-574d-49c0-a6b3-8cdc4d893934 None None] Subscribe: <bound method NeutronDbPluginV2.validate_network_rbac_policy_change of <neutron.services.network_ip_availability.plugin.NetworkIPAvailabilityPlugin object at 0x7f85f1c9e0a0>> rbac-policy before_create 55550000 {{(pid=111197) subscribe /usr/local/lib/python3.8/dist-packages/neutron_lib/callbacks/manager.py:45}}
Jul 08 20:13:11 ubuntu neutron-server[111197]: DEBUG neutron_lib.callbacks.manager [None req-abcae4bd-574d-49c0-a6b3-8cdc4d893934 None None] Subscribe: <bound method NeutronDbPluginV2.validate_network_rbac_policy_change of <neutron.services.network_ip_availability.plugin.NetworkIPAvailabilityPlugin object at 0x7f85f1c9e0a0>> rbac-policy before_update 55550000 {{(pid=111197) subscribe /usr/local/lib/python3.8/dist-packages/neutron_lib/callbacks/manager.py:45}}
Jul 08 20:13:11 ubuntu neutron-server[111197]: DEBUG neutron_lib.callbacks.manager [None req-abcae4bd-574d-49c0-a6b3-8cdc4d893934 None None] Subscribe: <bound method NeutronDbPluginV2.validate_network_rbac_policy_change of <neutron.services.network_ip_availability.plugin.NetworkIPAvailabilityPlugin object at 0x7f85f1c9e0a0>> rbac-policy before_delete 55550000 {{(pid=111197) subscribe /usr/local/lib/python3.8/dist-packages/neutron_lib/callbacks/manager.py:45}}
Jul 08 20:13:11 ubuntu neutron-server[111197]: INFO neutron.quota.resource_registry [None req-abcae4bd-574d-49c0-a6b3-8cdc4d893934 None None] Creating instance of CountableResource for resource:rbac_policy
Jul 08 20:13:11 ubuntu neutron-server[111197]: INFO neutron.quota.resource_registry [None req-abcae4bd-574d-49c0-a6b3-8cdc4d893934 None None] Creating instance of TrackedResource for resource:security_group
Jul 08 20:13:11 ubuntu neutron-server[111197]: INFO neutron.quota.resource_registry [None req-abcae4bd-574d-49c0-a6b3-8cdc4d893934 None None] Creating instance of TrackedResource for resource:security_group_rule
Jul 08 20:13:11 ubuntu neutron-server[111197]: DEBUG neutron.api.v2.resource_helper [None req-abcae4bd-574d-49c0-a6b3-8cdc4d893934 None None] Service FLAVORS assigned prefix:  {{(pid=111197) build_resource_info /opt/stack/neutron/neutron/api/v2/resource_helper.py:77}}
Jul 08 20:13:11 ubuntu neutron-server[111197]: DEBUG neutron.api.v2.resource_helper [None req-abcae4bd-574d-49c0-a6b3-8cdc4d893934 None None] Service L3_ROUTER_NAT assigned prefix:  {{(pid=111197) build_resource_info /opt/stack/neutron/neutron/api/v2/resource_helper.py:77}}
Jul 08 20:13:11 ubuntu neutron-server[111197]: DEBUG neutron.api.v2.resource_helper [None req-abcae4bd-574d-49c0-a6b3-8cdc4d893934 None None] Service L3_ROUTER_NAT assigned prefix:  {{(pid=111197) build_resource_info /opt/stack/neutron/neutron/api/v2/resource_helper.py:77}}
Jul 08 20:13:11 ubuntu neutron-server[111197]: INFO neutron.quota.resource_registry [None req-abcae4bd-574d-49c0-a6b3-8cdc4d893934 None None] Creating instance of TrackedResource for resource:router
Jul 08 20:13:11 ubuntu neutron-server[111197]: WARNING neutron.quota.resource_registry [None req-abcae4bd-574d-49c0-a6b3-8cdc4d893934 None None] router is already registered
Jul 08 20:13:11 ubuntu neutron-server[111197]: INFO neutron.quota.resource_registry [None req-abcae4bd-574d-49c0-a6b3-8cdc4d893934 None None] Creating instance of TrackedResource for resource:floatingip
Jul 08 20:13:11 ubuntu neutron-server[111197]: WARNING neutron.quota.resource_registry [None req-abcae4bd-574d-49c0-a6b3-8cdc4d893934 None None] floatingip is already registered
Jul 08 20:13:11 ubuntu neutron-server[111197]: INFO neutron.quota.resource_registry [None req-abcae4bd-574d-49c0-a6b3-8cdc4d893934 None None] Creating instance of CountableResource for resource:rbac_policy
Jul 08 20:13:11 ubuntu neutron-server[111197]: WARNING neutron.quota.resource_registry [None req-abcae4bd-574d-49c0-a6b3-8cdc4d893934 None None] rbac_policy is already registered
Jul 08 20:13:11 ubuntu neutron-server[111197]: INFO neutron.quota.resource_registry [None req-abcae4bd-574d-49c0-a6b3-8cdc4d893934 None None] Creating instance of TrackedResource for resource:security_group
Jul 08 20:13:11 ubuntu neutron-server[111197]: WARNING neutron.quota.resource_registry [None req-abcae4bd-574d-49c0-a6b3-8cdc4d893934 None None] security_group is already registered
Jul 08 20:13:11 ubuntu neutron-server[111197]: INFO neutron.quota.resource_registry [None req-abcae4bd-574d-49c0-a6b3-8cdc4d893934 None None] Creating instance of TrackedResource for resource:security_group_rule
Jul 08 20:13:11 ubuntu neutron-server[111197]: WARNING neutron.quota.resource_registry [None req-abcae4bd-574d-49c0-a6b3-8cdc4d893934 None None] security_group_rule is already registered
Jul 08 20:13:11 ubuntu neutron-server[111197]: DEBUG neutron.api.extensions [None req-abcae4bd-574d-49c0-a6b3-8cdc4d893934 None None] Extended resource: extensions {{(pid=111197) __init__ /opt/stack/neutron/neutron/api/extensions.py:157}}
Jul 08 20:13:11 ubuntu neutron-server[111197]: DEBUG neutron.api.extensions [None req-abcae4bd-574d-49c0-a6b3-8cdc4d893934 None None] Extended resource: address-groups {{(pid=111197) __init__ /opt/stack/neutron/neutron/api/extensions.py:157}}
Jul 08 20:13:11 ubuntu neutron-server[111197]: DEBUG neutron.api.extensions [None req-abcae4bd-574d-49c0-a6b3-8cdc4d893934 None None] Extended resource: address-scopes {{(pid=111197) __init__ /opt/stack/neutron/neutron/api/extensions.py:157}}
Jul 08 20:13:11 ubuntu neutron-server[111197]: DEBUG neutron.api.extensions [None req-abcae4bd-574d-49c0-a6b3-8cdc4d893934 None None] Extended resource: agents {{(pid=111197) __init__ /opt/stack/neutron/neutron/api/extensions.py:157}}
Jul 08 20:13:11 ubuntu neutron-server[111197]: DEBUG neutron.api.extensions [None req-abcae4bd-574d-49c0-a6b3-8cdc4d893934 None None] Extended resource: auto-allocated-topology {{(pid=111197) __init__ /opt/stack/neutron/neutron/api/extensions.py:157}}
Jul 08 20:13:11 ubuntu neutron-server[111197]: DEBUG neutron.api.extensions [None req-abcae4bd-574d-49c0-a6b3-8cdc4d893934 None None] Extended resource: availability_zones {{(pid=111197) __init__ /opt/stack/neutron/neutron/api/extensions.py:157}}
Jul 08 20:13:11 ubuntu neutron-server[111197]: DEBUG neutron.api.extensions [None req-abcae4bd-574d-49c0-a6b3-8cdc4d893934 None None] Extended resource: flavors {{(pid=111197) __init__ /opt/stack/neutron/neutron/api/extensions.py:157}}
Jul 08 20:13:11 ubuntu neutron-server[111197]: DEBUG neutron.api.extensions [None req-abcae4bd-574d-49c0-a6b3-8cdc4d893934 None None] Extended resource: service_profiles {{(pid=111197) __init__ /opt/stack/neutron/neutron/api/extensions.py:157}}
Jul 08 20:13:11 ubuntu neutron-server[111197]: DEBUG neutron.api.extensions [None req-abcae4bd-574d-49c0-a6b3-8cdc4d893934 None None] Extended resource: next_providers {{(pid=111197) __init__ /opt/stack/neutron/neutron/api/extensions.py:157}}
Jul 08 20:13:11 ubuntu neutron-server[111197]: DEBUG neutron.api.extensions [None req-abcae4bd-574d-49c0-a6b3-8cdc4d893934 None None] Extended resource: service_profiles {{(pid=111197) __init__ /opt/stack/neutron/neutron/api/extensions.py:157}}
Jul 08 20:13:11 ubuntu neutron-server[111197]: DEBUG neutron.api.extensions [None req-abcae4bd-574d-49c0-a6b3-8cdc4d893934 None None] Extended resource: floatingip-pools {{(pid=111197) __init__ /opt/stack/neutron/neutron/api/extensions.py:157}}
Jul 08 20:13:11 ubuntu neutron-server[111197]: DEBUG neutron.api.extensions [None req-abcae4bd-574d-49c0-a6b3-8cdc4d893934 None None] Extended resource: routers {{(pid=111197) __init__ /opt/stack/neutron/neutron/api/extensions.py:157}}
Jul 08 20:13:11 ubuntu neutron-server[111197]: DEBUG neutron.api.extensions [None req-abcae4bd-574d-49c0-a6b3-8cdc4d893934 None None] Extended resource: floatingips {{(pid=111197) __init__ /opt/stack/neutron/neutron/api/extensions.py:157}}
Jul 08 20:13:11 ubuntu neutron-server[111197]: DEBUG neutron.api.extensions [None req-abcae4bd-574d-49c0-a6b3-8cdc4d893934 None None] Extended resource: network-ip-availabilities {{(pid=111197) __init__ /opt/stack/neutron/neutron/api/extensions.py:157}}
Jul 08 20:13:11 ubuntu neutron-server[111197]: DEBUG neutron.api.extensions [None req-abcae4bd-574d-49c0-a6b3-8cdc4d893934 None None] Extended resource: bindings {{(pid=111197) __init__ /opt/stack/neutron/neutron/api/extensions.py:157}}
Jul 08 20:13:11 ubuntu neutron-server[111197]: DEBUG neutron.api.extensions [None req-abcae4bd-574d-49c0-a6b3-8cdc4d893934 None None] Extended resource: quotas {{(pid=111197) __init__ /opt/stack/neutron/neutron/api/extensions.py:157}}
Jul 08 20:13:11 ubuntu neutron-server[111197]: DEBUG neutron.api.extensions [None req-abcae4bd-574d-49c0-a6b3-8cdc4d893934 None None] Extended resource: quotas {{(pid=111197) __init__ /opt/stack/neutron/neutron/api/extensions.py:157}}
Jul 08 20:13:11 ubuntu neutron-server[111197]: DEBUG neutron.api.extensions [None req-abcae4bd-574d-49c0-a6b3-8cdc4d893934 None None] Extended resource: rbac-policies {{(pid=111197) __init__ /opt/stack/neutron/neutron/api/extensions.py:157}}
Jul 08 20:13:11 ubuntu neutron-server[111197]: DEBUG neutron.api.extensions [None req-abcae4bd-574d-49c0-a6b3-8cdc4d893934 None None] Extended resource: security-groups {{(pid=111197) __init__ /opt/stack/neutron/neutron/api/extensions.py:157}}
Jul 08 20:13:11 ubuntu neutron-server[111197]: DEBUG neutron.api.extensions [None req-abcae4bd-574d-49c0-a6b3-8cdc4d893934 None None] Extended resource: security-group-rules {{(pid=111197) __init__ /opt/stack/neutron/neutron/api/extensions.py:157}}
Jul 08 20:13:11 ubuntu neutron-server[111197]: DEBUG neutron.api.extensions [None req-abcae4bd-574d-49c0-a6b3-8cdc4d893934 None None] Extended resource: service-providers {{(pid=111197) __init__ /opt/stack/neutron/neutron/api/extensions.py:157}}
Jul 08 20:13:11 ubuntu neutron-server[111197]: DEBUG neutron.api.extensions [None req-abcae4bd-574d-49c0-a6b3-8cdc4d893934 None None] Extended resource: tags {{(pid=111197) __init__ /opt/stack/neutron/neutron/api/extensions.py:157}}
Jul 08 20:13:11 ubuntu neutron-server[111197]: DEBUG neutron.api.extensions [None req-abcae4bd-574d-49c0-a6b3-8cdc4d893934 None None] Extended resource: tags {{(pid=111197) __init__ /opt/stack/neutron/neutron/api/extensions.py:157}}
Jul 08 20:13:11 ubuntu neutron-server[111197]: DEBUG neutron.api.extensions [None req-abcae4bd-574d-49c0-a6b3-8cdc4d893934 None None] Extended resource: tags {{(pid=111197) __init__ /opt/stack/neutron/neutron/api/extensions.py:157}}
Jul 08 20:13:11 ubuntu neutron-server[111197]: DEBUG neutron.api.extensions [None req-abcae4bd-574d-49c0-a6b3-8cdc4d893934 None None] Extended resource: tags {{(pid=111197) __init__ /opt/stack/neutron/neutron/api/extensions.py:157}}
Jul 08 20:13:11 ubuntu neutron-server[111197]: DEBUG neutron.api.extensions [None req-abcae4bd-574d-49c0-a6b3-8cdc4d893934 None None] Extended resource: tags {{(pid=111197) __init__ /opt/stack/neutron/neutron/api/extensions.py:157}}
Jul 08 20:13:11 ubuntu neutron-server[111197]: DEBUG neutron.api.extensions [None req-abcae4bd-574d-49c0-a6b3-8cdc4d893934 None None] Extended resource: tags {{(pid=111197) __init__ /opt/stack/neutron/neutron/api/extensions.py:157}}
Jul 08 20:13:11 ubuntu neutron-server[111197]: DEBUG neutron.api.extensions [None req-abcae4bd-574d-49c0-a6b3-8cdc4d893934 None None] Extended resource: tags {{(pid=111197) __init__ /opt/stack/neutron/neutron/api/extensions.py:157}}
Jul 08 20:13:11 ubuntu neutron-server[111197]: DEBUG neutron.api.extensions [None req-abcae4bd-574d-49c0-a6b3-8cdc4d893934 None None] Extended resource: tags {{(pid=111197) __init__ /opt/stack/neutron/neutron/api/extensions.py:157}}
Jul 08 20:13:11 ubuntu neutron-server[111197]: DEBUG neutron.api.extensions [None req-abcae4bd-574d-49c0-a6b3-8cdc4d893934 None None] Extended resource: tags {{(pid=111197) __init__ /opt/stack/neutron/neutron/api/extensions.py:157}}
Jul 08 20:13:11 ubuntu neutron-server[111197]: DEBUG neutron.api.extensions [None req-abcae4bd-574d-49c0-a6b3-8cdc4d893934 None None] Extended resource: tags {{(pid=111197) __init__ /opt/stack/neutron/neutron/api/extensions.py:157}}
Jul 08 20:13:11 ubuntu neutron-server[111197]: WARNING keystonemiddleware.auth_token [None req-abcae4bd-574d-49c0-a6b3-8cdc4d893934 None None] AuthToken middleware is set with keystone_authtoken.service_token_roles_required set to False. This is backwards compatible but deprecated behaviour. Please set this to True.
Jul 08 20:13:11 ubuntu neutron-server[111197]: WARNING keystonemiddleware.auth_token [None req-abcae4bd-574d-49c0-a6b3-8cdc4d893934 None None] Configuring www_authenticate_uri to point to the public identity endpoint is required; clients may not be able to authenticate against an admin endpoint
Jul 08 20:13:11 ubuntu neutron-server[111197]: DEBUG oslo_concurrency.lockutils [None req-abcae4bd-574d-49c0-a6b3-8cdc4d893934 None None] Acquired lock "singleton_lock" {{(pid=111197) lock /usr/local/lib/python3.8/dist-packages/oslo_concurrency/lockutils.py:294}}
Jul 08 20:13:11 ubuntu neutron-server[111197]: DEBUG oslo_concurrency.lockutils [None req-abcae4bd-574d-49c0-a6b3-8cdc4d893934 None None] Releasing lock "singleton_lock" {{(pid=111197) lock /usr/local/lib/python3.8/dist-packages/oslo_concurrency/lockutils.py:312}}
Jul 08 20:13:11 ubuntu neutron-server[111197]: INFO oslo_service.service [None req-abcae4bd-574d-49c0-a6b3-8cdc4d893934 None None] Starting 2 workers
Jul 08 20:13:11 ubuntu neutron-server[111197]: DEBUG oslo_service.service [None req-abcae4bd-574d-49c0-a6b3-8cdc4d893934 None None] Started child 111404 {{(pid=111197) _start_child /usr/local/lib/python3.8/dist-packages/oslo_service/service.py:575}}
Jul 08 20:13:11 ubuntu neutron-server[111197]: DEBUG oslo_service.service [None req-abcae4bd-574d-49c0-a6b3-8cdc4d893934 None None] Started child 111405 {{(pid=111197) _start_child /usr/local/lib/python3.8/dist-packages/oslo_service/service.py:575}}
Jul 08 20:13:11 ubuntu neutron-server[111197]: INFO neutron.service [None req-abcae4bd-574d-49c0-a6b3-8cdc4d893934 None None] Neutron service started, listening on 0.0.0.0:9696
Jul 08 20:13:11 ubuntu neutron-server[111197]: DEBUG neutron_lib.callbacks.manager [None req-abcae4bd-574d-49c0-a6b3-8cdc4d893934 None None] Publish callbacks ['neutron.plugins.ml2.drivers.ovn.mech_driver.mech_driver.OVNMechanismDriver.pre_fork_initialize-4059707'] for process (None), before_spawn {{(pid=111197) _notify_loop /usr/local/lib/python3.8/dist-packages/neutron_lib/callbacks/manager.py:176}}
Jul 08 20:13:11 ubuntu neutron-server[111404]: DEBUG neutron_lib.callbacks.manager [-] Publish callbacks ['neutron.plugins.ml2.drivers.ovn.mech_driver.mech_driver.OVNMechanismDriver.post_fork_initialize-4059679'] for process (None), after_init {{(pid=111404) _notify_loop /usr/local/lib/python3.8/dist-packages/neutron_lib/callbacks/manager.py:176}}
Jul 08 20:13:11 ubuntu neutron-server[111405]: DEBUG neutron_lib.callbacks.manager [-] Publish callbacks ['neutron.plugins.ml2.drivers.ovn.mech_driver.mech_driver.OVNMechanismDriver.post_fork_initialize-4059679'] for process (None), after_init {{(pid=111405) _notify_loop /usr/local/lib/python3.8/dist-packages/neutron_lib/callbacks/manager.py:176}}
Jul 08 20:13:11 ubuntu neutron-server[111404]: DEBUG dbcounter [-] [111404] Writer thread running {{(pid=111404) stat_writer /usr/local/lib/python3.8/dist-packages/dbcounter.py:99}}
Jul 08 20:13:11 ubuntu neutron-server[111405]: DEBUG dbcounter [-] [111405] Writer thread running {{(pid=111405) stat_writer /usr/local/lib/python3.8/dist-packages/dbcounter.py:99}}
Jul 08 20:13:11 ubuntu neutron-server[111404]: INFO neutron.plugins.ml2.drivers.ovn.mech_driver.ovsdb.impl_idl_ovn [None req-42b1c14a-ee1c-4996-98e8-1545cc8a1050 None None] Getting OvsdbNbOvnIdl for WorkerService with retry
Jul 08 20:13:11 ubuntu neutron-server[111197]: DEBUG ovsdbapp.backend.ovs_idl [None req-abcae4bd-574d-49c0-a6b3-8cdc4d893934 None None] Created schema index Port_Group.name {{(pid=111197) autocreate_indices /usr/local/lib/python3.8/dist-packages/ovsdbapp/backend/ovs_idl/__init__.py:104}}
Jul 08 20:13:11 ubuntu neutron-server[111197]: DEBUG ovsdbapp.backend.ovs_idl [None req-abcae4bd-574d-49c0-a6b3-8cdc4d893934 None None] Created schema index Logical_Switch_Port.name {{(pid=111197) autocreate_indices /usr/local/lib/python3.8/dist-packages/ovsdbapp/backend/ovs_idl/__init__.py:104}}
Jul 08 20:13:11 ubuntu neutron-server[111405]: INFO neutron.plugins.ml2.drivers.ovn.mech_driver.ovsdb.impl_idl_ovn [None req-0e32c6c3-a179-40ba-98c2-06a0d20a40de None None] Getting OvsdbNbOvnIdl for WorkerService with retry
Jul 08 20:13:11 ubuntu neutron-server[111404]: DEBUG ovsdbapp.backend.ovs_idl [None req-42b1c14a-ee1c-4996-98e8-1545cc8a1050 None None] Created lookup_table index Logical_Switch.name {{(pid=111404) autocreate_indices /usr/local/lib/python3.8/dist-packages/ovsdbapp/backend/ovs_idl/__init__.py:85}}
Jul 08 20:13:11 ubuntu neutron-server[111404]: DEBUG ovsdbapp.backend.ovs_idl [None req-42b1c14a-ee1c-4996-98e8-1545cc8a1050 None None] Created lookup_table index Logical_Router.name {{(pid=111404) autocreate_indices /usr/local/lib/python3.8/dist-packages/ovsdbapp/backend/ovs_idl/__init__.py:85}}
Jul 08 20:13:11 ubuntu neutron-server[111404]: DEBUG ovsdbapp.backend.ovs_idl [None req-42b1c14a-ee1c-4996-98e8-1545cc8a1050 None None] Created lookup_table index Load_Balancer.name {{(pid=111404) autocreate_indices /usr/local/lib/python3.8/dist-packages/ovsdbapp/backend/ovs_idl/__init__.py:85}}
Jul 08 20:13:11 ubuntu neutron-server[111404]: DEBUG ovsdbapp.backend.ovs_idl [None req-42b1c14a-ee1c-4996-98e8-1545cc8a1050 None None] Created schema index Meter.name {{(pid=111404) autocreate_indices /usr/local/lib/python3.8/dist-packages/ovsdbapp/backend/ovs_idl/__init__.py:104}}
Jul 08 20:13:11 ubuntu neutron-server[111404]: DEBUG ovsdbapp.backend.ovs_idl [None req-42b1c14a-ee1c-4996-98e8-1545cc8a1050 None None] Created schema index Address_Set.name {{(pid=111404) autocreate_indices /usr/local/lib/python3.8/dist-packages/ovsdbapp/backend/ovs_idl/__init__.py:104}}
Jul 08 20:13:11 ubuntu neutron-server[111404]: DEBUG ovsdbapp.backend.ovs_idl [None req-42b1c14a-ee1c-4996-98e8-1545cc8a1050 None None] Created schema index HA_Chassis_Group.name {{(pid=111404) autocreate_indices /usr/local/lib/python3.8/dist-packages/ovsdbapp/backend/ovs_idl/__init__.py:104}}
Jul 08 20:13:11 ubuntu neutron-server[111404]: DEBUG ovsdbapp.backend.ovs_idl [None req-42b1c14a-ee1c-4996-98e8-1545cc8a1050 None None] Created schema index Connection.target {{(pid=111404) autocreate_indices /usr/local/lib/python3.8/dist-packages/ovsdbapp/backend/ovs_idl/__init__.py:104}}
Jul 08 20:13:11 ubuntu neutron-server[111404]: DEBUG ovsdbapp.backend.ovs_idl [None req-42b1c14a-ee1c-4996-98e8-1545cc8a1050 None None] Created schema index Gateway_Chassis.name {{(pid=111404) autocreate_indices /usr/local/lib/python3.8/dist-packages/ovsdbapp/backend/ovs_idl/__init__.py:104}}
Jul 08 20:13:11 ubuntu neutron-server[111404]: DEBUG ovsdbapp.backend.ovs_idl [None req-42b1c14a-ee1c-4996-98e8-1545cc8a1050 None None] Created schema index Logical_Router_Port.name {{(pid=111404) autocreate_indices /usr/local/lib/python3.8/dist-packages/ovsdbapp/backend/ovs_idl/__init__.py:104}}
Jul 08 20:13:11 ubuntu neutron-server[111404]: DEBUG ovsdbapp.backend.ovs_idl [None req-42b1c14a-ee1c-4996-98e8-1545cc8a1050 None None] Created schema index Port_Group.name {{(pid=111404) autocreate_indices /usr/local/lib/python3.8/dist-packages/ovsdbapp/backend/ovs_idl/__init__.py:104}}
Jul 08 20:13:11 ubuntu neutron-server[111197]: DEBUG ovsdbapp.backend.ovs_idl.transaction [-] Running txn n=1 command(idx=0): PgAddCommand(name=neutron_pg_drop, may_exist=True, columns={'acls': []}) {{(pid=111197) do_commit /usr/local/lib/python3.8/dist-packages/ovsdbapp/backend/ovs_idl/transaction.py:90}}
Jul 08 20:13:11 ubuntu neutron-server[111404]: DEBUG ovsdbapp.backend.ovs_idl [None req-42b1c14a-ee1c-4996-98e8-1545cc8a1050 None None] Created schema index Logical_Switch_Port.name {{(pid=111404) autocreate_indices /usr/local/lib/python3.8/dist-packages/ovsdbapp/backend/ovs_idl/__init__.py:104}}
Jul 08 20:13:11 ubuntu neutron-server[111197]: DEBUG ovsdbapp.backend.ovs_idl.transaction [-] Running txn n=1 command(idx=1): PgAclAddCommand(entity=neutron_pg_drop, direction=from-lport, priority=1001, match=inport == @neutron_pg_drop && ip, action=drop, log=False, may_exist=True, severity=[], name=[], meter=None, external_ids={}) {{(pid=111197) do_commit /usr/local/lib/python3.8/dist-packages/ovsdbapp/backend/ovs_idl/transaction.py:90}}
Jul 08 20:13:11 ubuntu neutron-server[111404]: INFO ovsdbapp.backend.ovs_idl.vlog [None req-42b1c14a-ee1c-4996-98e8-1545cc8a1050 None None] tcp:192.168.79.47:6641: connecting...
Jul 08 20:13:11 ubuntu neutron-server[111197]: DEBUG ovsdbapp.backend.ovs_idl.transaction [-] Running txn n=1 command(idx=2): PgAclAddCommand(entity=neutron_pg_drop, direction=to-lport, priority=1001, match=outport == @neutron_pg_drop && ip, action=drop, log=False, may_exist=True, severity=[], name=[], meter=None, external_ids={}) {{(pid=111197) do_commit /usr/local/lib/python3.8/dist-packages/ovsdbapp/backend/ovs_idl/transaction.py:90}}
Jul 08 20:13:11 ubuntu neutron-server[111405]: DEBUG ovsdbapp.backend.ovs_idl [None req-0e32c6c3-a179-40ba-98c2-06a0d20a40de None None] Created lookup_table index Logical_Switch.name {{(pid=111405) autocreate_indices /usr/local/lib/python3.8/dist-packages/ovsdbapp/backend/ovs_idl/__init__.py:85}}
Jul 08 20:13:11 ubuntu neutron-server[111404]: INFO ovsdbapp.backend.ovs_idl.vlog [None req-42b1c14a-ee1c-4996-98e8-1545cc8a1050 None None] tcp:192.168.79.47:6641: connected
Jul 08 20:13:11 ubuntu neutron-server[111405]: DEBUG ovsdbapp.backend.ovs_idl [None req-0e32c6c3-a179-40ba-98c2-06a0d20a40de None None] Created lookup_table index Logical_Router.name {{(pid=111405) autocreate_indices /usr/local/lib/python3.8/dist-packages/ovsdbapp/backend/ovs_idl/__init__.py:85}}
Jul 08 20:13:11 ubuntu neutron-server[111405]: DEBUG ovsdbapp.backend.ovs_idl [None req-0e32c6c3-a179-40ba-98c2-06a0d20a40de None None] Created lookup_table index Load_Balancer.name {{(pid=111405) autocreate_indices /usr/local/lib/python3.8/dist-packages/ovsdbapp/backend/ovs_idl/__init__.py:85}}
Jul 08 20:13:11 ubuntu neutron-server[111405]: DEBUG ovsdbapp.backend.ovs_idl [None req-0e32c6c3-a179-40ba-98c2-06a0d20a40de None None] Created schema index Meter.name {{(pid=111405) autocreate_indices /usr/local/lib/python3.8/dist-packages/ovsdbapp/backend/ovs_idl/__init__.py:104}}
Jul 08 20:13:11 ubuntu neutron-server[111405]: DEBUG ovsdbapp.backend.ovs_idl [None req-0e32c6c3-a179-40ba-98c2-06a0d20a40de None None] Created schema index Address_Set.name {{(pid=111405) autocreate_indices /usr/local/lib/python3.8/dist-packages/ovsdbapp/backend/ovs_idl/__init__.py:104}}
Jul 08 20:13:11 ubuntu neutron-server[111405]: DEBUG ovsdbapp.backend.ovs_idl [None req-0e32c6c3-a179-40ba-98c2-06a0d20a40de None None] Created schema index HA_Chassis_Group.name {{(pid=111405) autocreate_indices /usr/local/lib/python3.8/dist-packages/ovsdbapp/backend/ovs_idl/__init__.py:104}}
Jul 08 20:13:11 ubuntu neutron-server[111405]: DEBUG ovsdbapp.backend.ovs_idl [None req-0e32c6c3-a179-40ba-98c2-06a0d20a40de None None] Created schema index Connection.target {{(pid=111405) autocreate_indices /usr/local/lib/python3.8/dist-packages/ovsdbapp/backend/ovs_idl/__init__.py:104}}
Jul 08 20:13:11 ubuntu neutron-server[111405]: DEBUG ovsdbapp.backend.ovs_idl [None req-0e32c6c3-a179-40ba-98c2-06a0d20a40de None None] Created schema index Gateway_Chassis.name {{(pid=111405) autocreate_indices /usr/local/lib/python3.8/dist-packages/ovsdbapp/backend/ovs_idl/__init__.py:104}}
Jul 08 20:13:11 ubuntu neutron-server[111405]: DEBUG ovsdbapp.backend.ovs_idl [None req-0e32c6c3-a179-40ba-98c2-06a0d20a40de None None] Created schema index Logical_Router_Port.name {{(pid=111405) autocreate_indices /usr/local/lib/python3.8/dist-packages/ovsdbapp/backend/ovs_idl/__init__.py:104}}
Jul 08 20:13:11 ubuntu neutron-server[111405]: DEBUG ovsdbapp.backend.ovs_idl [None req-0e32c6c3-a179-40ba-98c2-06a0d20a40de None None] Created schema index Port_Group.name {{(pid=111405) autocreate_indices /usr/local/lib/python3.8/dist-packages/ovsdbapp/backend/ovs_idl/__init__.py:104}}
Jul 08 20:13:11 ubuntu neutron-server[111197]: DEBUG ovsdbapp.backend.ovs_idl.event [-] Matched CREATE: NeutronPgDropPortGroupCreated(events=('create',), table='Port_Group', conditions=(('name', '=', 'neutron_pg_drop'),), old_conditions=None), priority=10 to row=Port_Group(name=neutron_pg_drop, ports=[], external_ids={}, acls=[<ovs.db.idl.Row object at 0x7f85f1575700>, <ovs.db.idl.Row object at 0x7f85f15751c0>]) old= {{(pid=111197) matches /usr/local/lib/python3.8/dist-packages/ovsdbapp/backend/ovs_idl/event.py:43}}
Jul 08 20:13:11 ubuntu neutron-server[111405]: DEBUG ovsdbapp.backend.ovs_idl [None req-0e32c6c3-a179-40ba-98c2-06a0d20a40de None None] Created schema index Logical_Switch_Port.name {{(pid=111405) autocreate_indices /usr/local/lib/python3.8/dist-packages/ovsdbapp/backend/ovs_idl/__init__.py:104}}
Jul 08 20:13:11 ubuntu neutron-server[111405]: INFO ovsdbapp.backend.ovs_idl.vlog [None req-0e32c6c3-a179-40ba-98c2-06a0d20a40de None None] tcp:192.168.79.47:6641: connecting...
Jul 08 20:13:11 ubuntu neutron-server[111405]: INFO ovsdbapp.backend.ovs_idl.vlog [None req-0e32c6c3-a179-40ba-98c2-06a0d20a40de None None] tcp:192.168.79.47:6641: connected
Jul 08 20:13:11 ubuntu neutron-server[111197]: DEBUG ovsdbapp.backend.ovs_idl [None req-abcae4bd-574d-49c0-a6b3-8cdc4d893934 None None] Created lookup_table index Logical_Switch.name {{(pid=111197) autocreate_indices /usr/local/lib/python3.8/dist-packages/ovsdbapp/backend/ovs_idl/__init__.py:85}}
Jul 08 20:13:11 ubuntu neutron-server[111197]: DEBUG ovsdbapp.backend.ovs_idl [None req-abcae4bd-574d-49c0-a6b3-8cdc4d893934 None None] Created lookup_table index Logical_Router.name {{(pid=111197) autocreate_indices /usr/local/lib/python3.8/dist-packages/ovsdbapp/backend/ovs_idl/__init__.py:85}}
Jul 08 20:13:11 ubuntu neutron-server[111197]: DEBUG ovsdbapp.backend.ovs_idl [None req-abcae4bd-574d-49c0-a6b3-8cdc4d893934 None None] Created lookup_table index Load_Balancer.name {{(pid=111197) autocreate_indices /usr/local/lib/python3.8/dist-packages/ovsdbapp/backend/ovs_idl/__init__.py:85}}
Jul 08 20:13:11 ubuntu neutron-server[111197]: DEBUG ovsdbapp.backend.ovs_idl [None req-abcae4bd-574d-49c0-a6b3-8cdc4d893934 None None] Created schema index Meter.name {{(pid=111197) autocreate_indices /usr/local/lib/python3.8/dist-packages/ovsdbapp/backend/ovs_idl/__init__.py:104}}
Jul 08 20:13:11 ubuntu neutron-server[111197]: DEBUG ovsdbapp.backend.ovs_idl [None req-abcae4bd-574d-49c0-a6b3-8cdc4d893934 None None] Created schema index Address_Set.name {{(pid=111197) autocreate_indices /usr/local/lib/python3.8/dist-packages/ovsdbapp/backend/ovs_idl/__init__.py:104}}
Jul 08 20:13:11 ubuntu neutron-server[111197]: DEBUG ovsdbapp.backend.ovs_idl [None req-abcae4bd-574d-49c0-a6b3-8cdc4d893934 None None] Created schema index HA_Chassis_Group.name {{(pid=111197) autocreate_indices /usr/local/lib/python3.8/dist-packages/ovsdbapp/backend/ovs_idl/__init__.py:104}}
Jul 08 20:13:11 ubuntu neutron-server[111197]: DEBUG ovsdbapp.backend.ovs_idl [None req-abcae4bd-574d-49c0-a6b3-8cdc4d893934 None None] Created schema index Connection.target {{(pid=111197) autocreate_indices /usr/local/lib/python3.8/dist-packages/ovsdbapp/backend/ovs_idl/__init__.py:104}}
Jul 08 20:13:11 ubuntu neutron-server[111197]: DEBUG ovsdbapp.backend.ovs_idl [None req-abcae4bd-574d-49c0-a6b3-8cdc4d893934 None None] Created schema index Gateway_Chassis.name {{(pid=111197) autocreate_indices /usr/local/lib/python3.8/dist-packages/ovsdbapp/backend/ovs_idl/__init__.py:104}}
Jul 08 20:13:11 ubuntu neutron-server[111197]: DEBUG ovsdbapp.backend.ovs_idl [None req-abcae4bd-574d-49c0-a6b3-8cdc4d893934 None None] Created schema index Logical_Router_Port.name {{(pid=111197) autocreate_indices /usr/local/lib/python3.8/dist-packages/ovsdbapp/backend/ovs_idl/__init__.py:104}}
Jul 08 20:13:11 ubuntu neutron-server[111404]: DEBUG neutron.common.ovn.hash_ring_manager [None req-42b1c14a-ee1c-4996-98e8-1545cc8a1050 None None] Allow caching, nodes 2>=2 {{(pid=111404) _wait_startup_before_caching /opt/stack/neutron/neutron/common/ovn/hash_ring_manager.py:60}}
Jul 08 20:13:11 ubuntu neutron-server[111197]: DEBUG ovsdbapp.backend.ovs_idl [None req-abcae4bd-574d-49c0-a6b3-8cdc4d893934 None None] Created schema index Port_Group.name {{(pid=111197) autocreate_indices /usr/local/lib/python3.8/dist-packages/ovsdbapp/backend/ovs_idl/__init__.py:104}}
Jul 08 20:13:11 ubuntu neutron-server[111197]: DEBUG ovsdbapp.backend.ovs_idl [None req-abcae4bd-574d-49c0-a6b3-8cdc4d893934 None None] Created schema index Logical_Switch_Port.name {{(pid=111197) autocreate_indices /usr/local/lib/python3.8/dist-packages/ovsdbapp/backend/ovs_idl/__init__.py:104}}
Jul 08 20:13:11 ubuntu neutron-server[111405]: DEBUG neutron.common.ovn.hash_ring_manager [None req-0e32c6c3-a179-40ba-98c2-06a0d20a40de None None] Allow caching, nodes 2>=2 {{(pid=111405) _wait_startup_before_caching /opt/stack/neutron/neutron/common/ovn/hash_ring_manager.py:60}}
Jul 08 20:13:11 ubuntu neutron-server[111404]: DEBUG neutron.plugins.ml2.drivers.ovn.mech_driver.ovsdb.ovsdb_monitor [None req-42b1c14a-ee1c-4996-98e8-1545cc8a1050 None None] Hash Ring: Node 0cdc23b9-da55-4998-9e76-6e871f2e4a5d (host: ubuntu) handling event "create" for row c09da856-6463-4ac6-9a14-107a72dab776 (table: NB_Global) {{(pid=111404) notify /opt/stack/neutron/neutron/plugins/ml2/drivers/ovn/mech_driver/ovsdb/ovsdb_monitor.py:743}}
Jul 08 20:13:11 ubuntu neutron-server[111404]: DEBUG neutron.plugins.ml2.drivers.ovn.mech_driver.ovsdb.ovsdb_monitor [None req-42b1c14a-ee1c-4996-98e8-1545cc8a1050 None None] Hash Ring: Node 0cdc23b9-da55-4998-9e76-6e871f2e4a5d (host: ubuntu) handling event "create" for row 52c8af9d-c8ed-452a-a256-12f3f81b4c04 (table: ACL) {{(pid=111404) notify /opt/stack/neutron/neutron/plugins/ml2/drivers/ovn/mech_driver/ovsdb/ovsdb_monitor.py:743}}
Jul 08 20:13:11 ubuntu neutron-server[111404]: DEBUG neutron.plugins.ml2.drivers.ovn.mech_driver.ovsdb.ovsdb_monitor [None req-42b1c14a-ee1c-4996-98e8-1545cc8a1050 None None] Hash Ring: Node 0cdc23b9-da55-4998-9e76-6e871f2e4a5d (host: ubuntu) handling event "create" for row 4ba8aabf-6f24-417a-b739-edb0a3d0f44f (table: ACL) {{(pid=111404) notify /opt/stack/neutron/neutron/plugins/ml2/drivers/ovn/mech_driver/ovsdb/ovsdb_monitor.py:743}}
Jul 08 20:13:11 ubuntu neutron-server[111404]: INFO neutron.plugins.ml2.drivers.ovn.mech_driver.ovsdb.impl_idl_ovn [None req-42b1c14a-ee1c-4996-98e8-1545cc8a1050 None None] Getting OvsdbSbOvnIdl for WorkerService with retry
Jul 08 20:13:11 ubuntu neutron-server[111404]: DEBUG ovsdbapp.backend.ovs_idl [None req-42b1c14a-ee1c-4996-98e8-1545cc8a1050 None None] Created lookup_table index Chassis.name {{(pid=111404) autocreate_indices /usr/local/lib/python3.8/dist-packages/ovsdbapp/backend/ovs_idl/__init__.py:85}}
Jul 08 20:13:11 ubuntu neutron-server[111404]: DEBUG ovsdbapp.backend.ovs_idl [None req-42b1c14a-ee1c-4996-98e8-1545cc8a1050 None None] Created schema index Datapath_Binding.tunnel_key {{(pid=111404) autocreate_indices /usr/local/lib/python3.8/dist-packages/ovsdbapp/backend/ovs_idl/__init__.py:104}}
Jul 08 20:13:11 ubuntu neutron-server[111404]: DEBUG ovsdbapp.backend.ovs_idl [None req-42b1c14a-ee1c-4996-98e8-1545cc8a1050 None None] Created schema index Connection.target {{(pid=111404) autocreate_indices /usr/local/lib/python3.8/dist-packages/ovsdbapp/backend/ovs_idl/__init__.py:104}}
Jul 08 20:13:11 ubuntu neutron-server[111405]: DEBUG neutron.plugins.ml2.drivers.ovn.mech_driver.ovsdb.ovsdb_monitor [None req-0e32c6c3-a179-40ba-98c2-06a0d20a40de None None] Hash Ring: Node a664f2b2-0206-412d-a47e-5cfcb194bf59 (host: ubuntu) handling event "create" for row 15d3c188-ef41-4030-b713-1a19f8be5728 (table: Database) {{(pid=111405) notify /opt/stack/neutron/neutron/plugins/ml2/drivers/ovn/mech_driver/ovsdb/ovsdb_monitor.py:743}}
Jul 08 20:13:11 ubuntu neutron-server[111404]: INFO ovsdbapp.backend.ovs_idl.vlog [None req-42b1c14a-ee1c-4996-98e8-1545cc8a1050 None None] tcp:192.168.79.47:6642: connecting...
Jul 08 20:13:11 ubuntu neutron-server[111405]: DEBUG neutron.plugins.ml2.drivers.ovn.mech_driver.ovsdb.ovsdb_monitor [None req-0e32c6c3-a179-40ba-98c2-06a0d20a40de None None] Hash Ring: Node a664f2b2-0206-412d-a47e-5cfcb194bf59 (host: ubuntu) handling event "create" for row f58428e9-973a-4388-9f86-763721ada990 (table: Database) {{(pid=111405) notify /opt/stack/neutron/neutron/plugins/ml2/drivers/ovn/mech_driver/ovsdb/ovsdb_monitor.py:743}}
Jul 08 20:13:11 ubuntu neutron-server[111404]: INFO ovsdbapp.backend.ovs_idl.vlog [None req-42b1c14a-ee1c-4996-98e8-1545cc8a1050 None None] tcp:192.168.79.47:6642: connected
Jul 08 20:13:11 ubuntu neutron-server[111405]: DEBUG neutron.plugins.ml2.drivers.ovn.mech_driver.ovsdb.ovsdb_monitor [None req-0e32c6c3-a179-40ba-98c2-06a0d20a40de None None] Hash Ring: Node a664f2b2-0206-412d-a47e-5cfcb194bf59 (host: ubuntu) handling event "create" for row aa093c60-9e13-4d16-9b91-4ed8d15c9971 (table: Port_Group) {{(pid=111405) notify /opt/stack/neutron/neutron/plugins/ml2/drivers/ovn/mech_driver/ovsdb/ovsdb_monitor.py:743}}
Jul 08 20:13:11 ubuntu neutron-server[111405]: DEBUG neutron.plugins.ml2.drivers.ovn.mech_driver.ovsdb.ovsdb_monitor [None req-0e32c6c3-a179-40ba-98c2-06a0d20a40de None None] Hash Ring: Node a664f2b2-0206-412d-a47e-5cfcb194bf59 (host: ubuntu) handling event "create" for row db5ced44-44a1-43bf-b957-fea881ebd98d (table: Connection) {{(pid=111405) notify /opt/stack/neutron/neutron/plugins/ml2/drivers/ovn/mech_driver/ovsdb/ovsdb_monitor.py:743}}
Jul 08 20:13:11 ubuntu neutron-server[111405]: INFO neutron.plugins.ml2.drivers.ovn.mech_driver.ovsdb.impl_idl_ovn [None req-0e32c6c3-a179-40ba-98c2-06a0d20a40de None None] Getting OvsdbSbOvnIdl for WorkerService with retry
Jul 08 20:13:11 ubuntu neutron-server[111405]: DEBUG ovsdbapp.backend.ovs_idl [None req-0e32c6c3-a179-40ba-98c2-06a0d20a40de None None] Created lookup_table index Chassis.name {{(pid=111405) autocreate_indices /usr/local/lib/python3.8/dist-packages/ovsdbapp/backend/ovs_idl/__init__.py:85}}
Jul 08 20:13:11 ubuntu neutron-server[111405]: DEBUG ovsdbapp.backend.ovs_idl [None req-0e32c6c3-a179-40ba-98c2-06a0d20a40de None None] Created schema index Datapath_Binding.tunnel_key {{(pid=111405) autocreate_indices /usr/local/lib/python3.8/dist-packages/ovsdbapp/backend/ovs_idl/__init__.py:104}}
Jul 08 20:13:11 ubuntu neutron-server[111405]: DEBUG ovsdbapp.backend.ovs_idl [None req-0e32c6c3-a179-40ba-98c2-06a0d20a40de None None] Created schema index Connection.target {{(pid=111405) autocreate_indices /usr/local/lib/python3.8/dist-packages/ovsdbapp/backend/ovs_idl/__init__.py:104}}
Jul 08 20:13:11 ubuntu neutron-server[111405]: INFO ovsdbapp.backend.ovs_idl.vlog [None req-0e32c6c3-a179-40ba-98c2-06a0d20a40de None None] tcp:192.168.79.47:6642: connecting...
Jul 08 20:13:11 ubuntu neutron-server[111405]: INFO ovsdbapp.backend.ovs_idl.vlog [None req-0e32c6c3-a179-40ba-98c2-06a0d20a40de None None] tcp:192.168.79.47:6642: connected
Jul 08 20:13:11 ubuntu neutron-server[111197]: DEBUG ovsdbapp.backend.ovs_idl [None req-abcae4bd-574d-49c0-a6b3-8cdc4d893934 None None] Created lookup_table index Chassis.name {{(pid=111197) autocreate_indices /usr/local/lib/python3.8/dist-packages/ovsdbapp/backend/ovs_idl/__init__.py:85}}
Jul 08 20:13:11 ubuntu neutron-server[111197]: DEBUG ovsdbapp.backend.ovs_idl [None req-abcae4bd-574d-49c0-a6b3-8cdc4d893934 None None] Created lookup_table index MAC_Binding.ip {{(pid=111197) autocreate_indices /usr/local/lib/python3.8/dist-packages/ovsdbapp/backend/ovs_idl/__init__.py:85}}
Jul 08 20:13:11 ubuntu neutron-server[111197]: DEBUG ovsdbapp.backend.ovs_idl [None req-abcae4bd-574d-49c0-a6b3-8cdc4d893934 None None] Created schema index Meter.name {{(pid=111197) autocreate_indices /usr/local/lib/python3.8/dist-packages/ovsdbapp/backend/ovs_idl/__init__.py:104}}
Jul 08 20:13:11 ubuntu neutron-server[111197]: DEBUG ovsdbapp.backend.ovs_idl [None req-abcae4bd-574d-49c0-a6b3-8cdc4d893934 None None] Created schema index Address_Set.name {{(pid=111197) autocreate_indices /usr/local/lib/python3.8/dist-packages/ovsdbapp/backend/ovs_idl/__init__.py:104}}
Jul 08 20:13:11 ubuntu neutron-server[111197]: DEBUG ovsdbapp.backend.ovs_idl [None req-abcae4bd-574d-49c0-a6b3-8cdc4d893934 None None] Created schema index HA_Chassis_Group.name {{(pid=111197) autocreate_indices /usr/local/lib/python3.8/dist-packages/ovsdbapp/backend/ovs_idl/__init__.py:104}}
Jul 08 20:13:11 ubuntu neutron-server[111197]: DEBUG ovsdbapp.backend.ovs_idl [None req-abcae4bd-574d-49c0-a6b3-8cdc4d893934 None None] Created schema index IP_Multicast.datapath {{(pid=111197) autocreate_indices /usr/local/lib/python3.8/dist-packages/ovsdbapp/backend/ovs_idl/__init__.py:104}}
Jul 08 20:13:11 ubuntu neutron-server[111197]: DEBUG ovsdbapp.backend.ovs_idl [None req-abcae4bd-574d-49c0-a6b3-8cdc4d893934 None None] Created schema index Connection.target {{(pid=111197) autocreate_indices /usr/local/lib/python3.8/dist-packages/ovsdbapp/backend/ovs_idl/__init__.py:104}}
Jul 08 20:13:11 ubuntu neutron-server[111197]: DEBUG ovsdbapp.backend.ovs_idl [None req-abcae4bd-574d-49c0-a6b3-8cdc4d893934 None None] Created schema index Gateway_Chassis.name {{(pid=111197) autocreate_indices /usr/local/lib/python3.8/dist-packages/ovsdbapp/backend/ovs_idl/__init__.py:104}}
Jul 08 20:13:11 ubuntu neutron-server[111197]: DEBUG ovsdbapp.backend.ovs_idl [None req-abcae4bd-574d-49c0-a6b3-8cdc4d893934 None None] Created schema index Port_Group.name {{(pid=111197) autocreate_indices /usr/local/lib/python3.8/dist-packages/ovsdbapp/backend/ovs_idl/__init__.py:104}}
Jul 08 20:13:11 ubuntu neutron-server[111197]: DEBUG ovsdbapp.backend.ovs_idl [None req-abcae4bd-574d-49c0-a6b3-8cdc4d893934 None None] Created schema index Datapath_Binding.tunnel_key {{(pid=111197) autocreate_indices /usr/local/lib/python3.8/dist-packages/ovsdbapp/backend/ovs_idl/__init__.py:104}}
Jul 08 20:13:11 ubuntu neutron-server[111404]: DEBUG neutron.common.ovn.hash_ring_manager [None req-42b1c14a-ee1c-4996-98e8-1545cc8a1050 None None] Allow caching, nodes 2>=2 {{(pid=111404) _wait_startup_before_caching /opt/stack/neutron/neutron/common/ovn/hash_ring_manager.py:60}}
Jul 08 20:13:11 ubuntu neutron-server[111404]: DEBUG neutron.plugins.ml2.drivers.ovn.mech_driver.ovsdb.ovsdb_monitor [None req-42b1c14a-ee1c-4996-98e8-1545cc8a1050 None None] Hash Ring: Node 0cdc23b9-da55-4998-9e76-6e871f2e4a5d (host: ubuntu) handling event "create" for row 93248f5a-96b2-4497-97af-fc7ce3df9d5d (table: Database) {{(pid=111404) notify /opt/stack/neutron/neutron/plugins/ml2/drivers/ovn/mech_driver/ovsdb/ovsdb_monitor.py:743}}
Jul 08 20:13:11 ubuntu neutron-server[111404]: DEBUG neutron.plugins.ml2.drivers.ovn.mech_driver.ovsdb.ovsdb_monitor [None req-42b1c14a-ee1c-4996-98e8-1545cc8a1050 None None] Hash Ring: Node 0cdc23b9-da55-4998-9e76-6e871f2e4a5d (host: ubuntu) handling event "create" for row dec536b7-9d30-40a4-a895-b7c5228f9929 (table: Encap) {{(pid=111404) notify /opt/stack/neutron/neutron/plugins/ml2/drivers/ovn/mech_driver/ovsdb/ovsdb_monitor.py:743}}
Jul 08 20:13:11 ubuntu neutron-server[111404]: DEBUG neutron.plugins.ml2.drivers.ovn.mech_driver.ovsdb.ovsdb_monitor [None req-42b1c14a-ee1c-4996-98e8-1545cc8a1050 None None] ChassisMetadataAgentWriteEvent : Matched Chassis, create, None None {{(pid=111404) matches /opt/stack/neutron/neutron/plugins/ml2/drivers/ovn/mech_driver/ovsdb/ovsdb_monitor.py:62}}
Jul 08 20:13:11 ubuntu neutron-server[111404]: DEBUG neutron.plugins.ml2.drivers.ovn.mech_driver.ovsdb.ovsdb_monitor [None req-42b1c14a-ee1c-4996-98e8-1545cc8a1050 None None] ChassisAgentWriteEvent : Matched Chassis, create, None None {{(pid=111404) matches /opt/stack/neutron/neutron/plugins/ml2/drivers/ovn/mech_driver/ovsdb/ovsdb_monitor.py:62}}
Jul 08 20:13:11 ubuntu neutron-server[111404]: DEBUG neutron.plugins.ml2.drivers.ovn.mech_driver.ovsdb.ovsdb_monitor [None req-42b1c14a-ee1c-4996-98e8-1545cc8a1050 None None] Hash Ring: Node 0cdc23b9-da55-4998-9e76-6e871f2e4a5d (host: ubuntu) handling event "create" for row d29976a9-7a7b-42ab-9e32-f2e943a4de5f (table: Chassis) {{(pid=111404) notify /opt/stack/neutron/neutron/plugins/ml2/drivers/ovn/mech_driver/ovsdb/ovsdb_monitor.py:743}}
Jul 08 20:13:11 ubuntu neutron-server[111404]: DEBUG neutron.plugins.ml2.drivers.ovn.mech_driver.ovsdb.ovsdb_monitor [None req-42b1c14a-ee1c-4996-98e8-1545cc8a1050 None None] Hash Ring: Node 0cdc23b9-da55-4998-9e76-6e871f2e4a5d (host: ubuntu) handling event "create" for row fc9c5519-426c-417c-92d4-cf2ab38c6c62 (table: Connection) {{(pid=111404) notify /opt/stack/neutron/neutron/plugins/ml2/drivers/ovn/mech_driver/ovsdb/ovsdb_monitor.py:743}}
Jul 08 20:13:11 ubuntu neutron-server[111404]: INFO neutron.wsgi [-] (111404) wsgi starting up on http://0.0.0.0:9696
Jul 08 20:13:11 ubuntu neutron-server[111405]: DEBUG neutron.common.ovn.hash_ring_manager [None req-0e32c6c3-a179-40ba-98c2-06a0d20a40de None None] Allow caching, nodes 2>=2 {{(pid=111405) _wait_startup_before_caching /opt/stack/neutron/neutron/common/ovn/hash_ring_manager.py:60}}
Jul 08 20:13:11 ubuntu neutron-server[111405]: DEBUG neutron.plugins.ml2.drivers.ovn.mech_driver.ovsdb.ovsdb_monitor [None req-0e32c6c3-a179-40ba-98c2-06a0d20a40de None None] Hash Ring: Node a664f2b2-0206-412d-a47e-5cfcb194bf59 (host: ubuntu) handling event "create" for row cefc7687-8e7d-489d-ad64-004efe9081f0 (table: Database) {{(pid=111405) notify /opt/stack/neutron/neutron/plugins/ml2/drivers/ovn/mech_driver/ovsdb/ovsdb_monitor.py:743}}
Jul 08 20:13:11 ubuntu neutron-server[111405]: DEBUG neutron.plugins.ml2.drivers.ovn.mech_driver.ovsdb.ovsdb_monitor [None req-0e32c6c3-a179-40ba-98c2-06a0d20a40de None None] ChassisMetadataAgentWriteEvent : Matched Chassis, create, None None {{(pid=111405) matches /opt/stack/neutron/neutron/plugins/ml2/drivers/ovn/mech_driver/ovsdb/ovsdb_monitor.py:62}}
Jul 08 20:13:11 ubuntu neutron-server[111405]: DEBUG neutron.plugins.ml2.drivers.ovn.mech_driver.ovsdb.ovsdb_monitor [None req-0e32c6c3-a179-40ba-98c2-06a0d20a40de None None] ChassisAgentWriteEvent : Matched Chassis, create, None None {{(pid=111405) matches /opt/stack/neutron/neutron/plugins/ml2/drivers/ovn/mech_driver/ovsdb/ovsdb_monitor.py:62}}
Jul 08 20:13:11 ubuntu neutron-server[111405]: INFO neutron.wsgi [-] (111405) wsgi starting up on http://0.0.0.0:9696
Jul 08 20:13:11 ubuntu neutron-server[111197]: INFO oslo_service.service [None req-abcae4bd-574d-49c0-a6b3-8cdc4d893934 None None] Starting 1 workers
Jul 08 20:13:11 ubuntu neutron-server[111197]: DEBUG oslo_service.service [None req-abcae4bd-574d-49c0-a6b3-8cdc4d893934 None None] Started child 111407 {{(pid=111197) _start_child /usr/local/lib/python3.8/dist-packages/oslo_service/service.py:575}}
Jul 08 20:13:11 ubuntu neutron-server[111197]: INFO oslo_service.service [None req-abcae4bd-574d-49c0-a6b3-8cdc4d893934 None None] Starting 1 workers
Jul 08 20:13:11 ubuntu neutron-server[111407]: DEBUG neutron.service [None req-abcae4bd-574d-49c0-a6b3-8cdc4d893934 None None] calling RpcWorker wait() {{(pid=111407) _wait /opt/stack/neutron/neutron/service.py:128}}
Jul 08 20:13:11 ubuntu neutron-server[111407]: DEBUG neutron.service [None req-abcae4bd-574d-49c0-a6b3-8cdc4d893934 None None] returning from RpcWorker wait() {{(pid=111407) _wait /opt/stack/neutron/neutron/service.py:135}}
Jul 08 20:13:11 ubuntu neutron-server[111407]: DEBUG neutron_lib.callbacks.manager [-] Publish callbacks ['neutron.plugins.ml2.drivers.ovn.mech_driver.mech_driver.OVNMechanismDriver.post_fork_initialize-4059679'] for process (None), after_init {{(pid=111407) _notify_loop /usr/local/lib/python3.8/dist-packages/neutron_lib/callbacks/manager.py:176}}
Jul 08 20:13:11 ubuntu neutron-server[111197]: DEBUG oslo_service.service [None req-abcae4bd-574d-49c0-a6b3-8cdc4d893934 None None] Started child 111408 {{(pid=111197) _start_child /usr/local/lib/python3.8/dist-packages/oslo_service/service.py:575}}
Jul 08 20:13:11 ubuntu neutron-server[111197]: INFO oslo_service.service [None req-abcae4bd-574d-49c0-a6b3-8cdc4d893934 None None] Starting 1 workers
Jul 08 20:13:11 ubuntu neutron-server[111407]: INFO neutron.plugins.ml2.drivers.ovn.mech_driver.ovsdb.impl_idl_ovn [-] Getting OvsdbNbOvnIdl for RpcWorker with retry
Jul 08 20:13:11 ubuntu neutron-server[111408]: DEBUG neutron_lib.callbacks.manager [-] Publish callbacks ['neutron.plugins.ml2.drivers.ovn.mech_driver.mech_driver.OVNMechanismDriver.post_fork_initialize-4059679'] for process (None), after_init {{(pid=111408) _notify_loop /usr/local/lib/python3.8/dist-packages/neutron_lib/callbacks/manager.py:176}}
Jul 08 20:13:11 ubuntu neutron-server[111197]: DEBUG oslo_service.service [None req-abcae4bd-574d-49c0-a6b3-8cdc4d893934 None None] Started child 111409 {{(pid=111197) _start_child /usr/local/lib/python3.8/dist-packages/oslo_service/service.py:575}}
Jul 08 20:13:11 ubuntu neutron-server[111197]: DEBUG neutron_lib.callbacks.manager [None req-abcae4bd-574d-49c0-a6b3-8cdc4d893934 None None] Publish callbacks [] for process (None), after_spawn {{(pid=111197) _notify_loop /usr/local/lib/python3.8/dist-packages/neutron_lib/callbacks/manager.py:176}}
Jul 08 20:13:11 ubuntu neutron-server[111408]: INFO neutron.plugins.ml2.drivers.ovn.mech_driver.ovsdb.impl_idl_ovn [-] Getting OvsdbNbOvnIdl for MaintenanceWorker with retry
