Apr 22 07:52:09 ubuntu neutron-server[110653]: INFO neutron.api.extensions [None req-cd66b622-54a6-41f1-92e2-cb64d2a42d83 None None] Extension vlan-transparent not supported by any of loaded plugins
Apr 22 07:52:09 ubuntu neutron-server[110653]: INFO neutron.quota.resource_registry [None req-cd66b622-54a6-41f1-92e2-cb64d2a42d83 None None] Creating instance of TrackedResource for resource:network
Apr 22 07:52:09 ubuntu neutron-server[110653]: INFO neutron.quota.resource_registry [None req-cd66b622-54a6-41f1-92e2-cb64d2a42d83 None None] Creating instance of TrackedResource for resource:subnet
Apr 22 07:52:09 ubuntu neutron-server[110653]: INFO neutron.quota.resource_registry [None req-cd66b622-54a6-41f1-92e2-cb64d2a42d83 None None] Creating instance of TrackedResource for resource:subnetpool
Apr 22 07:52:09 ubuntu neutron-server[110653]: INFO neutron.quota.resource_registry [None req-cd66b622-54a6-41f1-92e2-cb64d2a42d83 None None] Creating instance of TrackedResource for resource:port
Apr 22 07:52:09 ubuntu neutron-server[110653]: DEBUG neutron.api.v2.resource_helper [None req-cd66b622-54a6-41f1-92e2-cb64d2a42d83 None None] Service FLAVORS assigned prefix:  {{(pid=110653) build_resource_info /opt/stack/neutron/neutron/api/v2/resource_helper.py:77}}
Apr 22 07:52:09 ubuntu neutron-server[110653]: DEBUG neutron.api.v2.resource_helper [None req-cd66b622-54a6-41f1-92e2-cb64d2a42d83 None None] Service L3_ROUTER_NAT assigned prefix:  {{(pid=110653) build_resource_info /opt/stack/neutron/neutron/api/v2/resource_helper.py:77}}
Apr 22 07:52:09 ubuntu neutron-server[110653]: DEBUG neutron.api.v2.resource_helper [None req-cd66b622-54a6-41f1-92e2-cb64d2a42d83 None None] Service L3_ROUTER_NAT assigned prefix:  {{(pid=110653) build_resource_info /opt/stack/neutron/neutron/api/v2/resource_helper.py:77}}
Apr 22 07:52:09 ubuntu neutron-server[110653]: INFO neutron.quota.resource_registry [None req-cd66b622-54a6-41f1-92e2-cb64d2a42d83 None None] Creating instance of TrackedResource for resource:router
Apr 22 07:52:09 ubuntu neutron-server[110653]: INFO neutron.quota.resource_registry [None req-cd66b622-54a6-41f1-92e2-cb64d2a42d83 None None] Creating instance of TrackedResource for resource:floatingip
Apr 22 07:52:09 ubuntu neutron-server[110653]: DEBUG neutron_lib.callbacks.manager [None req-cd66b622-54a6-41f1-92e2-cb64d2a42d83 None None] Subscribe: <bound method NeutronDbPluginV2.validate_network_rbac_policy_change of <neutron.services.network_ip_availability.plugin.NetworkIPAvailabilityPlugin object at 0x7f219813f8b0>> rbac-policy before_create 55550000 {{(pid=110653) subscribe /usr/local/lib/python3.8/dist-packages/neutron_lib/callbacks/manager.py:45}}
Apr 22 07:52:09 ubuntu neutron-server[110653]: DEBUG neutron_lib.callbacks.manager [None req-cd66b622-54a6-41f1-92e2-cb64d2a42d83 None None] Subscribe: <bound method NeutronDbPluginV2.validate_network_rbac_policy_change of <neutron.services.network_ip_availability.plugin.NetworkIPAvailabilityPlugin object at 0x7f219813f8b0>> rbac-policy before_update 55550000 {{(pid=110653) subscribe /usr/local/lib/python3.8/dist-packages/neutron_lib/callbacks/manager.py:45}}
Apr 22 07:52:09 ubuntu neutron-server[110653]: DEBUG neutron_lib.callbacks.manager [None req-cd66b622-54a6-41f1-92e2-cb64d2a42d83 None None] Subscribe: <bound method NeutronDbPluginV2.validate_network_rbac_policy_change of <neutron.services.network_ip_availability.plugin.NetworkIPAvailabilityPlugin object at 0x7f219813f8b0>> rbac-policy before_delete 55550000 {{(pid=110653) subscribe /usr/local/lib/python3.8/dist-packages/neutron_lib/callbacks/manager.py:45}}
Apr 22 07:52:09 ubuntu neutron-server[110653]: INFO neutron.quota.resource_registry [None req-cd66b622-54a6-41f1-92e2-cb64d2a42d83 None None] Creating instance of CountableResource for resource:rbac_policy
Apr 22 07:52:09 ubuntu neutron-server[110653]: INFO neutron.quota.resource_registry [None req-cd66b622-54a6-41f1-92e2-cb64d2a42d83 None None] Creating instance of TrackedResource for resource:security_group
Apr 22 07:52:09 ubuntu neutron-server[110653]: INFO neutron.quota.resource_registry [None req-cd66b622-54a6-41f1-92e2-cb64d2a42d83 None None] Creating instance of TrackedResource for resource:security_group_rule
Apr 22 07:52:09 ubuntu neutron-server[110653]: DEBUG neutron.api.v2.resource_helper [None req-cd66b622-54a6-41f1-92e2-cb64d2a42d83 None None] Service FLAVORS assigned prefix:  {{(pid=110653) build_resource_info /opt/stack/neutron/neutron/api/v2/resource_helper.py:77}}
Apr 22 07:52:09 ubuntu neutron-server[110653]: DEBUG neutron.api.v2.resource_helper [None req-cd66b622-54a6-41f1-92e2-cb64d2a42d83 None None] Service L3_ROUTER_NAT assigned prefix:  {{(pid=110653) build_resource_info /opt/stack/neutron/neutron/api/v2/resource_helper.py:77}}
Apr 22 07:52:09 ubuntu neutron-server[110653]: DEBUG neutron.api.v2.resource_helper [None req-cd66b622-54a6-41f1-92e2-cb64d2a42d83 None None] Service L3_ROUTER_NAT assigned prefix:  {{(pid=110653) build_resource_info /opt/stack/neutron/neutron/api/v2/resource_helper.py:77}}
Apr 22 07:52:09 ubuntu neutron-server[110653]: INFO neutron.quota.resource_registry [None req-cd66b622-54a6-41f1-92e2-cb64d2a42d83 None None] Creating instance of TrackedResource for resource:router
Apr 22 07:52:09 ubuntu neutron-server[110653]: WARNING neutron.quota.resource_registry [None req-cd66b622-54a6-41f1-92e2-cb64d2a42d83 None None] router is already registered
Apr 22 07:52:09 ubuntu neutron-server[110653]: INFO neutron.quota.resource_registry [None req-cd66b622-54a6-41f1-92e2-cb64d2a42d83 None None] Creating instance of TrackedResource for resource:floatingip
Apr 22 07:52:09 ubuntu neutron-server[110653]: WARNING neutron.quota.resource_registry [None req-cd66b622-54a6-41f1-92e2-cb64d2a42d83 None None] floatingip is already registered
Apr 22 07:52:09 ubuntu neutron-server[110653]: INFO neutron.quota.resource_registry [None req-cd66b622-54a6-41f1-92e2-cb64d2a42d83 None None] Creating instance of CountableResource for resource:rbac_policy
Apr 22 07:52:09 ubuntu neutron-server[110653]: WARNING neutron.quota.resource_registry [None req-cd66b622-54a6-41f1-92e2-cb64d2a42d83 None None] rbac_policy is already registered
Apr 22 07:52:09 ubuntu neutron-server[110653]: INFO neutron.quota.resource_registry [None req-cd66b622-54a6-41f1-92e2-cb64d2a42d83 None None] Creating instance of TrackedResource for resource:security_group
Apr 22 07:52:09 ubuntu neutron-server[110653]: WARNING neutron.quota.resource_registry [None req-cd66b622-54a6-41f1-92e2-cb64d2a42d83 None None] security_group is already registered
Apr 22 07:52:09 ubuntu neutron-server[110653]: INFO neutron.quota.resource_registry [None req-cd66b622-54a6-41f1-92e2-cb64d2a42d83 None None] Creating instance of TrackedResource for resource:security_group_rule
Apr 22 07:52:09 ubuntu neutron-server[110653]: WARNING neutron.quota.resource_registry [None req-cd66b622-54a6-41f1-92e2-cb64d2a42d83 None None] security_group_rule is already registered
Apr 22 07:52:09 ubuntu neutron-server[110653]: DEBUG neutron.api.extensions [None req-cd66b622-54a6-41f1-92e2-cb64d2a42d83 None None] Extended resource: extensions {{(pid=110653) __init__ /opt/stack/neutron/neutron/api/extensions.py:157}}
Apr 22 07:52:09 ubuntu neutron-server[110653]: DEBUG neutron.api.extensions [None req-cd66b622-54a6-41f1-92e2-cb64d2a42d83 None None] Extended resource: address-groups {{(pid=110653) __init__ /opt/stack/neutron/neutron/api/extensions.py:157}}
Apr 22 07:52:09 ubuntu neutron-server[110653]: DEBUG neutron.api.extensions [None req-cd66b622-54a6-41f1-92e2-cb64d2a42d83 None None] Extended resource: address-scopes {{(pid=110653) __init__ /opt/stack/neutron/neutron/api/extensions.py:157}}
Apr 22 07:52:09 ubuntu neutron-server[110653]: DEBUG neutron.api.extensions [None req-cd66b622-54a6-41f1-92e2-cb64d2a42d83 None None] Extended resource: agents {{(pid=110653) __init__ /opt/stack/neutron/neutron/api/extensions.py:157}}
Apr 22 07:52:09 ubuntu neutron-server[110653]: DEBUG neutron.api.extensions [None req-cd66b622-54a6-41f1-92e2-cb64d2a42d83 None None] Extended resource: auto-allocated-topology {{(pid=110653) __init__ /opt/stack/neutron/neutron/api/extensions.py:157}}
Apr 22 07:52:09 ubuntu neutron-server[110653]: DEBUG neutron.api.extensions [None req-cd66b622-54a6-41f1-92e2-cb64d2a42d83 None None] Extended resource: availability_zones {{(pid=110653) __init__ /opt/stack/neutron/neutron/api/extensions.py:157}}
Apr 22 07:52:09 ubuntu neutron-server[110653]: DEBUG neutron.api.extensions [None req-cd66b622-54a6-41f1-92e2-cb64d2a42d83 None None] Extended resource: flavors {{(pid=110653) __init__ /opt/stack/neutron/neutron/api/extensions.py:157}}
Apr 22 07:52:09 ubuntu neutron-server[110653]: DEBUG neutron.api.extensions [None req-cd66b622-54a6-41f1-92e2-cb64d2a42d83 None None] Extended resource: service_profiles {{(pid=110653) __init__ /opt/stack/neutron/neutron/api/extensions.py:157}}
Apr 22 07:52:09 ubuntu neutron-server[110653]: DEBUG neutron.api.extensions [None req-cd66b622-54a6-41f1-92e2-cb64d2a42d83 None None] Extended resource: next_providers {{(pid=110653) __init__ /opt/stack/neutron/neutron/api/extensions.py:157}}
Apr 22 07:52:09 ubuntu neutron-server[110653]: DEBUG neutron.api.extensions [None req-cd66b622-54a6-41f1-92e2-cb64d2a42d83 None None] Extended resource: service_profiles {{(pid=110653) __init__ /opt/stack/neutron/neutron/api/extensions.py:157}}
Apr 22 07:52:09 ubuntu neutron-server[110653]: DEBUG neutron.api.extensions [None req-cd66b622-54a6-41f1-92e2-cb64d2a42d83 None None] Extended resource: floatingip-pools {{(pid=110653) __init__ /opt/stack/neutron/neutron/api/extensions.py:157}}
Apr 22 07:52:09 ubuntu neutron-server[110653]: DEBUG neutron.api.extensions [None req-cd66b622-54a6-41f1-92e2-cb64d2a42d83 None None] Extended resource: routers {{(pid=110653) __init__ /opt/stack/neutron/neutron/api/extensions.py:157}}
Apr 22 07:52:09 ubuntu neutron-server[110653]: DEBUG neutron.api.extensions [None req-cd66b622-54a6-41f1-92e2-cb64d2a42d83 None None] Extended resource: floatingips {{(pid=110653) __init__ /opt/stack/neutron/neutron/api/extensions.py:157}}
Apr 22 07:52:09 ubuntu neutron-server[110653]: DEBUG neutron.api.extensions [None req-cd66b622-54a6-41f1-92e2-cb64d2a42d83 None None] Extended resource: network-ip-availabilities {{(pid=110653) __init__ /opt/stack/neutron/neutron/api/extensions.py:157}}
Apr 22 07:52:09 ubuntu neutron-server[110653]: DEBUG neutron.api.extensions [None req-cd66b622-54a6-41f1-92e2-cb64d2a42d83 None None] Extended resource: bindings {{(pid=110653) __init__ /opt/stack/neutron/neutron/api/extensions.py:157}}
Apr 22 07:52:09 ubuntu neutron-server[110653]: DEBUG neutron.api.extensions [None req-cd66b622-54a6-41f1-92e2-cb64d2a42d83 None None] Extended resource: quotas {{(pid=110653) __init__ /opt/stack/neutron/neutron/api/extensions.py:157}}
Apr 22 07:52:09 ubuntu neutron-server[110653]: DEBUG neutron.api.extensions [None req-cd66b622-54a6-41f1-92e2-cb64d2a42d83 None None] Extended resource: quotas {{(pid=110653) __init__ /opt/stack/neutron/neutron/api/extensions.py:157}}
Apr 22 07:52:09 ubuntu neutron-server[110653]: DEBUG neutron.api.extensions [None req-cd66b622-54a6-41f1-92e2-cb64d2a42d83 None None] Extended resource: rbac-policies {{(pid=110653) __init__ /opt/stack/neutron/neutron/api/extensions.py:157}}
Apr 22 07:52:09 ubuntu neutron-server[110653]: DEBUG neutron.api.extensions [None req-cd66b622-54a6-41f1-92e2-cb64d2a42d83 None None] Extended resource: security-groups {{(pid=110653) __init__ /opt/stack/neutron/neutron/api/extensions.py:157}}
Apr 22 07:52:09 ubuntu neutron-server[110653]: DEBUG neutron.api.extensions [None req-cd66b622-54a6-41f1-92e2-cb64d2a42d83 None None] Extended resource: security-group-rules {{(pid=110653) __init__ /opt/stack/neutron/neutron/api/extensions.py:157}}
Apr 22 07:52:09 ubuntu neutron-server[110653]: DEBUG neutron.api.extensions [None req-cd66b622-54a6-41f1-92e2-cb64d2a42d83 None None] Extended resource: service-providers {{(pid=110653) __init__ /opt/stack/neutron/neutron/api/extensions.py:157}}
Apr 22 07:52:09 ubuntu neutron-server[110653]: DEBUG neutron.api.extensions [None req-cd66b622-54a6-41f1-92e2-cb64d2a42d83 None None] Extended resource: tags {{(pid=110653) __init__ /opt/stack/neutron/neutron/api/extensions.py:157}}
Apr 22 07:52:09 ubuntu neutron-server[110653]: DEBUG neutron.api.extensions [None req-cd66b622-54a6-41f1-92e2-cb64d2a42d83 None None] Extended resource: tags {{(pid=110653) __init__ /opt/stack/neutron/neutron/api/extensions.py:157}}
Apr 22 07:52:09 ubuntu neutron-server[110653]: DEBUG neutron.api.extensions [None req-cd66b622-54a6-41f1-92e2-cb64d2a42d83 None None] Extended resource: tags {{(pid=110653) __init__ /opt/stack/neutron/neutron/api/extensions.py:157}}
Apr 22 07:52:09 ubuntu neutron-server[110653]: DEBUG neutron.api.extensions [None req-cd66b622-54a6-41f1-92e2-cb64d2a42d83 None None] Extended resource: tags {{(pid=110653) __init__ /opt/stack/neutron/neutron/api/extensions.py:157}}
Apr 22 07:52:09 ubuntu neutron-server[110653]: DEBUG neutron.api.extensions [None req-cd66b622-54a6-41f1-92e2-cb64d2a42d83 None None] Extended resource: tags {{(pid=110653) __init__ /opt/stack/neutron/neutron/api/extensions.py:157}}
Apr 22 07:52:09 ubuntu neutron-server[110653]: DEBUG neutron.api.extensions [None req-cd66b622-54a6-41f1-92e2-cb64d2a42d83 None None] Extended resource: tags {{(pid=110653) __init__ /opt/stack/neutron/neutron/api/extensions.py:157}}
Apr 22 07:52:09 ubuntu neutron-server[110653]: DEBUG neutron.api.extensions [None req-cd66b622-54a6-41f1-92e2-cb64d2a42d83 None None] Extended resource: tags {{(pid=110653) __init__ /opt/stack/neutron/neutron/api/extensions.py:157}}
Apr 22 07:52:09 ubuntu neutron-server[110653]: DEBUG neutron.api.extensions [None req-cd66b622-54a6-41f1-92e2-cb64d2a42d83 None None] Extended resource: tags {{(pid=110653) __init__ /opt/stack/neutron/neutron/api/extensions.py:157}}
Apr 22 07:52:09 ubuntu neutron-server[110653]: DEBUG neutron.api.extensions [None req-cd66b622-54a6-41f1-92e2-cb64d2a42d83 None None] Extended resource: tags {{(pid=110653) __init__ /opt/stack/neutron/neutron/api/extensions.py:157}}
Apr 22 07:52:09 ubuntu neutron-server[110653]: DEBUG neutron.api.extensions [None req-cd66b622-54a6-41f1-92e2-cb64d2a42d83 None None] Extended resource: tags {{(pid=110653) __init__ /opt/stack/neutron/neutron/api/extensions.py:157}}
Apr 22 07:52:09 ubuntu neutron-server[110653]: WARNING keystonemiddleware.auth_token [None req-cd66b622-54a6-41f1-92e2-cb64d2a42d83 None None] AuthToken middleware is set with keystone_authtoken.service_token_roles_required set to False. This is backwards compatible but deprecated behaviour. Please set this to True.
Apr 22 07:52:09 ubuntu neutron-server[110653]: WARNING keystonemiddleware.auth_token [None req-cd66b622-54a6-41f1-92e2-cb64d2a42d83 None None] Configuring www_authenticate_uri to point to the public identity endpoint is required; clients may not be able to authenticate against an admin endpoint
Apr 22 07:52:09 ubuntu neutron-server[110653]: DEBUG oslo_concurrency.lockutils [None req-cd66b622-54a6-41f1-92e2-cb64d2a42d83 None None] Acquired lock "singleton_lock" {{(pid=110653) lock /usr/local/lib/python3.8/dist-packages/oslo_concurrency/lockutils.py:294}}
Apr 22 07:52:09 ubuntu neutron-server[110653]: DEBUG oslo_concurrency.lockutils [None req-cd66b622-54a6-41f1-92e2-cb64d2a42d83 None None] Releasing lock "singleton_lock" {{(pid=110653) lock /usr/local/lib/python3.8/dist-packages/oslo_concurrency/lockutils.py:312}}
Apr 22 07:52:09 ubuntu neutron-server[110653]: INFO oslo_service.service [None req-cd66b622-54a6-41f1-92e2-cb64d2a42d83 None None] Starting 2 workers
Apr 22 07:52:09 ubuntu neutron-server[110653]: DEBUG oslo_service.service [None req-cd66b622-54a6-41f1-92e2-cb64d2a42d83 None None] Started child 110865 {{(pid=110653) _start_child /usr/local/lib/python3.8/dist-packages/oslo_service/service.py:575}}
Apr 22 07:52:09 ubuntu neutron-server[110653]: DEBUG oslo_service.service [None req-cd66b622-54a6-41f1-92e2-cb64d2a42d83 None None] Started child 110866 {{(pid=110653) _start_child /usr/local/lib/python3.8/dist-packages/oslo_service/service.py:575}}
Apr 22 07:52:09 ubuntu neutron-server[110653]: INFO neutron.service [None req-cd66b622-54a6-41f1-92e2-cb64d2a42d83 None None] Neutron service started, listening on 0.0.0.0:9696
Apr 22 07:52:09 ubuntu neutron-server[110653]: DEBUG neutron_lib.callbacks.manager [None req-cd66b622-54a6-41f1-92e2-cb64d2a42d83 None None] Publish callbacks ['neutron.plugins.ml2.drivers.ovn.mech_driver.mech_driver.OVNMechanismDriver.pre_fork_initialize-345999'] for process (None), before_spawn {{(pid=110653) _notify_loop /usr/local/lib/python3.8/dist-packages/neutron_lib/callbacks/manager.py:176}}
Apr 22 07:52:09 ubuntu neutron-server[110865]: DEBUG neutron_lib.callbacks.manager [-] Publish callbacks ['neutron.plugins.ml2.drivers.ovn.mech_driver.mech_driver.OVNMechanismDriver.post_fork_initialize-346091'] for process (None), after_init {{(pid=110865) _notify_loop /usr/local/lib/python3.8/dist-packages/neutron_lib/callbacks/manager.py:176}}
Apr 22 07:52:09 ubuntu neutron-server[110866]: DEBUG neutron_lib.callbacks.manager [-] Publish callbacks ['neutron.plugins.ml2.drivers.ovn.mech_driver.mech_driver.OVNMechanismDriver.post_fork_initialize-346091'] for process (None), after_init {{(pid=110866) _notify_loop /usr/local/lib/python3.8/dist-packages/neutron_lib/callbacks/manager.py:176}}
Apr 22 07:52:09 ubuntu neutron-server[110653]: DEBUG ovsdbapp.backend.ovs_idl [None req-cd66b622-54a6-41f1-92e2-cb64d2a42d83 None None] Created schema index Port_Group.name {{(pid=110653) autocreate_indices /usr/local/lib/python3.8/dist-packages/ovsdbapp/backend/ovs_idl/__init__.py:104}}
Apr 22 07:52:09 ubuntu neutron-server[110653]: DEBUG ovsdbapp.backend.ovs_idl [None req-cd66b622-54a6-41f1-92e2-cb64d2a42d83 None None] Created schema index Logical_Switch_Port.name {{(pid=110653) autocreate_indices /usr/local/lib/python3.8/dist-packages/ovsdbapp/backend/ovs_idl/__init__.py:104}}
Apr 22 07:52:09 ubuntu neutron-server[110653]: DEBUG ovsdbapp.backend.ovs_idl.transaction [-] Running txn n=1 command(idx=0): PgAddCommand(name=neutron_pg_drop, may_exist=True, columns={'acls': []}) {{(pid=110653) do_commit /usr/local/lib/python3.8/dist-packages/ovsdbapp/backend/ovs_idl/transaction.py:90}}
Apr 22 07:52:09 ubuntu neutron-server[110653]: DEBUG ovsdbapp.backend.ovs_idl.transaction [-] Running txn n=1 command(idx=1): PgAclAddCommand(entity=neutron_pg_drop, direction=from-lport, priority=1001, match=inport == @neutron_pg_drop && ip, action=drop, log=False, may_exist=True, severity=[], name=[], meter=None, external_ids={}) {{(pid=110653) do_commit /usr/local/lib/python3.8/dist-packages/ovsdbapp/backend/ovs_idl/transaction.py:90}}
Apr 22 07:52:09 ubuntu neutron-server[110653]: DEBUG ovsdbapp.backend.ovs_idl.transaction [-] Running txn n=1 command(idx=2): PgAclAddCommand(entity=neutron_pg_drop, direction=to-lport, priority=1001, match=outport == @neutron_pg_drop && ip, action=drop, log=False, may_exist=True, severity=[], name=[], meter=None, external_ids={}) {{(pid=110653) do_commit /usr/local/lib/python3.8/dist-packages/ovsdbapp/backend/ovs_idl/transaction.py:90}}
Apr 22 07:52:09 ubuntu neutron-server[110653]: DEBUG ovsdbapp.backend.ovs_idl.event [-] Matched CREATE: NeutronPgDropPortGroupCreated(events=('create',), table='Port_Group', conditions=(('name', '=', 'neutron_pg_drop'),), old_conditions=None), priority=10 to row=Port_Group(name=neutron_pg_drop, ports=[], external_ids={}, acls=[<ovs.db.idl.Row object at 0x7f2197920220>, <ovs.db.idl.Row object at 0x7f219791cbb0>]) old= {{(pid=110653) matches /usr/local/lib/python3.8/dist-packages/ovsdbapp/backend/ovs_idl/event.py:43}}
Apr 22 07:52:09 ubuntu neutron-server[110653]: DEBUG ovsdbapp.backend.ovs_idl [None req-cd66b622-54a6-41f1-92e2-cb64d2a42d83 None None] Created lookup_table index Logical_Switch.name {{(pid=110653) autocreate_indices /usr/local/lib/python3.8/dist-packages/ovsdbapp/backend/ovs_idl/__init__.py:85}}
Apr 22 07:52:09 ubuntu neutron-server[110653]: DEBUG ovsdbapp.backend.ovs_idl [None req-cd66b622-54a6-41f1-92e2-cb64d2a42d83 None None] Created lookup_table index Logical_Router.name {{(pid=110653) autocreate_indices /usr/local/lib/python3.8/dist-packages/ovsdbapp/backend/ovs_idl/__init__.py:85}}
Apr 22 07:52:09 ubuntu neutron-server[110653]: DEBUG ovsdbapp.backend.ovs_idl [None req-cd66b622-54a6-41f1-92e2-cb64d2a42d83 None None] Created lookup_table index Load_Balancer.name {{(pid=110653) autocreate_indices /usr/local/lib/python3.8/dist-packages/ovsdbapp/backend/ovs_idl/__init__.py:85}}
Apr 22 07:52:09 ubuntu neutron-server[110653]: DEBUG ovsdbapp.backend.ovs_idl [None req-cd66b622-54a6-41f1-92e2-cb64d2a42d83 None None] Created schema index Meter.name {{(pid=110653) autocreate_indices /usr/local/lib/python3.8/dist-packages/ovsdbapp/backend/ovs_idl/__init__.py:104}}
Apr 22 07:52:09 ubuntu neutron-server[110653]: DEBUG ovsdbapp.backend.ovs_idl [None req-cd66b622-54a6-41f1-92e2-cb64d2a42d83 None None] Created schema index Address_Set.name {{(pid=110653) autocreate_indices /usr/local/lib/python3.8/dist-packages/ovsdbapp/backend/ovs_idl/__init__.py:104}}
Apr 22 07:52:09 ubuntu neutron-server[110653]: DEBUG ovsdbapp.backend.ovs_idl [None req-cd66b622-54a6-41f1-92e2-cb64d2a42d83 None None] Created schema index HA_Chassis_Group.name {{(pid=110653) autocreate_indices /usr/local/lib/python3.8/dist-packages/ovsdbapp/backend/ovs_idl/__init__.py:104}}
Apr 22 07:52:09 ubuntu neutron-server[110653]: DEBUG ovsdbapp.backend.ovs_idl [None req-cd66b622-54a6-41f1-92e2-cb64d2a42d83 None None] Created schema index Connection.target {{(pid=110653) autocreate_indices /usr/local/lib/python3.8/dist-packages/ovsdbapp/backend/ovs_idl/__init__.py:104}}
Apr 22 07:52:09 ubuntu neutron-server[110653]: DEBUG ovsdbapp.backend.ovs_idl [None req-cd66b622-54a6-41f1-92e2-cb64d2a42d83 None None] Created schema index Gateway_Chassis.name {{(pid=110653) autocreate_indices /usr/local/lib/python3.8/dist-packages/ovsdbapp/backend/ovs_idl/__init__.py:104}}
Apr 22 07:52:09 ubuntu neutron-server[110653]: DEBUG ovsdbapp.backend.ovs_idl [None req-cd66b622-54a6-41f1-92e2-cb64d2a42d83 None None] Created schema index Logical_Router_Port.name {{(pid=110653) autocreate_indices /usr/local/lib/python3.8/dist-packages/ovsdbapp/backend/ovs_idl/__init__.py:104}}
Apr 22 07:52:09 ubuntu neutron-server[110653]: DEBUG ovsdbapp.backend.ovs_idl [None req-cd66b622-54a6-41f1-92e2-cb64d2a42d83 None None] Created schema index Port_Group.name {{(pid=110653) autocreate_indices /usr/local/lib/python3.8/dist-packages/ovsdbapp/backend/ovs_idl/__init__.py:104}}
Apr 22 07:52:09 ubuntu neutron-server[110653]: DEBUG ovsdbapp.backend.ovs_idl [None req-cd66b622-54a6-41f1-92e2-cb64d2a42d83 None None] Created schema index Logical_Switch_Port.name {{(pid=110653) autocreate_indices /usr/local/lib/python3.8/dist-packages/ovsdbapp/backend/ovs_idl/__init__.py:104}}
Apr 22 07:52:10 ubuntu neutron-server[110865]: INFO neutron.plugins.ml2.drivers.ovn.mech_driver.ovsdb.impl_idl_ovn [None req-23a14f76-7127-4d41-bf33-4b3908e43679 None None] Getting OvsdbNbOvnIdl for WorkerService with retry
Apr 22 07:52:10 ubuntu neutron-server[110866]: INFO neutron.plugins.ml2.drivers.ovn.mech_driver.ovsdb.impl_idl_ovn [None req-8af1a919-2ef0-4eb2-be31-bfe12400426d None None] Getting OvsdbNbOvnIdl for WorkerService with retry
Apr 22 07:52:10 ubuntu neutron-server[110866]: DEBUG ovsdbapp.backend.ovs_idl [None req-8af1a919-2ef0-4eb2-be31-bfe12400426d None None] Created lookup_table index Logical_Switch.name {{(pid=110866) autocreate_indices /usr/local/lib/python3.8/dist-packages/ovsdbapp/backend/ovs_idl/__init__.py:85}}
Apr 22 07:52:10 ubuntu neutron-server[110866]: DEBUG ovsdbapp.backend.ovs_idl [None req-8af1a919-2ef0-4eb2-be31-bfe12400426d None None] Created lookup_table index Logical_Router.name {{(pid=110866) autocreate_indices /usr/local/lib/python3.8/dist-packages/ovsdbapp/backend/ovs_idl/__init__.py:85}}
Apr 22 07:52:10 ubuntu neutron-server[110866]: DEBUG ovsdbapp.backend.ovs_idl [None req-8af1a919-2ef0-4eb2-be31-bfe12400426d None None] Created lookup_table index Load_Balancer.name {{(pid=110866) autocreate_indices /usr/local/lib/python3.8/dist-packages/ovsdbapp/backend/ovs_idl/__init__.py:85}}
Apr 22 07:52:10 ubuntu neutron-server[110866]: DEBUG ovsdbapp.backend.ovs_idl [None req-8af1a919-2ef0-4eb2-be31-bfe12400426d None None] Created schema index Meter.name {{(pid=110866) autocreate_indices /usr/local/lib/python3.8/dist-packages/ovsdbapp/backend/ovs_idl/__init__.py:104}}
Apr 22 07:52:10 ubuntu neutron-server[110866]: DEBUG ovsdbapp.backend.ovs_idl [None req-8af1a919-2ef0-4eb2-be31-bfe12400426d None None] Created schema index Address_Set.name {{(pid=110866) autocreate_indices /usr/local/lib/python3.8/dist-packages/ovsdbapp/backend/ovs_idl/__init__.py:104}}
Apr 22 07:52:10 ubuntu neutron-server[110865]: DEBUG ovsdbapp.backend.ovs_idl [None req-23a14f76-7127-4d41-bf33-4b3908e43679 None None] Created lookup_table index Logical_Switch.name {{(pid=110865) autocreate_indices /usr/local/lib/python3.8/dist-packages/ovsdbapp/backend/ovs_idl/__init__.py:85}}
Apr 22 07:52:10 ubuntu neutron-server[110866]: DEBUG ovsdbapp.backend.ovs_idl [None req-8af1a919-2ef0-4eb2-be31-bfe12400426d None None] Created schema index HA_Chassis_Group.name {{(pid=110866) autocreate_indices /usr/local/lib/python3.8/dist-packages/ovsdbapp/backend/ovs_idl/__init__.py:104}}
Apr 22 07:52:10 ubuntu neutron-server[110865]: DEBUG ovsdbapp.backend.ovs_idl [None req-23a14f76-7127-4d41-bf33-4b3908e43679 None None] Created lookup_table index Logical_Router.name {{(pid=110865) autocreate_indices /usr/local/lib/python3.8/dist-packages/ovsdbapp/backend/ovs_idl/__init__.py:85}}
Apr 22 07:52:10 ubuntu neutron-server[110866]: DEBUG ovsdbapp.backend.ovs_idl [None req-8af1a919-2ef0-4eb2-be31-bfe12400426d None None] Created schema index Connection.target {{(pid=110866) autocreate_indices /usr/local/lib/python3.8/dist-packages/ovsdbapp/backend/ovs_idl/__init__.py:104}}
Apr 22 07:52:10 ubuntu neutron-server[110865]: DEBUG ovsdbapp.backend.ovs_idl [None req-23a14f76-7127-4d41-bf33-4b3908e43679 None None] Created lookup_table index Load_Balancer.name {{(pid=110865) autocreate_indices /usr/local/lib/python3.8/dist-packages/ovsdbapp/backend/ovs_idl/__init__.py:85}}
Apr 22 07:52:10 ubuntu neutron-server[110866]: DEBUG ovsdbapp.backend.ovs_idl [None req-8af1a919-2ef0-4eb2-be31-bfe12400426d None None] Created schema index Gateway_Chassis.name {{(pid=110866) autocreate_indices /usr/local/lib/python3.8/dist-packages/ovsdbapp/backend/ovs_idl/__init__.py:104}}
Apr 22 07:52:10 ubuntu neutron-server[110865]: DEBUG ovsdbapp.backend.ovs_idl [None req-23a14f76-7127-4d41-bf33-4b3908e43679 None None] Created schema index Meter.name {{(pid=110865) autocreate_indices /usr/local/lib/python3.8/dist-packages/ovsdbapp/backend/ovs_idl/__init__.py:104}}
Apr 22 07:52:10 ubuntu neutron-server[110866]: DEBUG ovsdbapp.backend.ovs_idl [None req-8af1a919-2ef0-4eb2-be31-bfe12400426d None None] Created schema index Logical_Router_Port.name {{(pid=110866) autocreate_indices /usr/local/lib/python3.8/dist-packages/ovsdbapp/backend/ovs_idl/__init__.py:104}}
Apr 22 07:52:10 ubuntu neutron-server[110865]: DEBUG ovsdbapp.backend.ovs_idl [None req-23a14f76-7127-4d41-bf33-4b3908e43679 None None] Created schema index Address_Set.name {{(pid=110865) autocreate_indices /usr/local/lib/python3.8/dist-packages/ovsdbapp/backend/ovs_idl/__init__.py:104}}
Apr 22 07:52:10 ubuntu neutron-server[110866]: DEBUG ovsdbapp.backend.ovs_idl [None req-8af1a919-2ef0-4eb2-be31-bfe12400426d None None] Created schema index Port_Group.name {{(pid=110866) autocreate_indices /usr/local/lib/python3.8/dist-packages/ovsdbapp/backend/ovs_idl/__init__.py:104}}
Apr 22 07:52:10 ubuntu neutron-server[110865]: DEBUG ovsdbapp.backend.ovs_idl [None req-23a14f76-7127-4d41-bf33-4b3908e43679 None None] Created schema index HA_Chassis_Group.name {{(pid=110865) autocreate_indices /usr/local/lib/python3.8/dist-packages/ovsdbapp/backend/ovs_idl/__init__.py:104}}
Apr 22 07:52:10 ubuntu neutron-server[110866]: DEBUG ovsdbapp.backend.ovs_idl [None req-8af1a919-2ef0-4eb2-be31-bfe12400426d None None] Created schema index Logical_Switch_Port.name {{(pid=110866) autocreate_indices /usr/local/lib/python3.8/dist-packages/ovsdbapp/backend/ovs_idl/__init__.py:104}}
Apr 22 07:52:10 ubuntu neutron-server[110865]: DEBUG ovsdbapp.backend.ovs_idl [None req-23a14f76-7127-4d41-bf33-4b3908e43679 None None] Created schema index Connection.target {{(pid=110865) autocreate_indices /usr/local/lib/python3.8/dist-packages/ovsdbapp/backend/ovs_idl/__init__.py:104}}
Apr 22 07:52:10 ubuntu neutron-server[110865]: DEBUG ovsdbapp.backend.ovs_idl [None req-23a14f76-7127-4d41-bf33-4b3908e43679 None None] Created schema index Gateway_Chassis.name {{(pid=110865) autocreate_indices /usr/local/lib/python3.8/dist-packages/ovsdbapp/backend/ovs_idl/__init__.py:104}}
Apr 22 07:52:10 ubuntu neutron-server[110865]: DEBUG ovsdbapp.backend.ovs_idl [None req-23a14f76-7127-4d41-bf33-4b3908e43679 None None] Created schema index Logical_Router_Port.name {{(pid=110865) autocreate_indices /usr/local/lib/python3.8/dist-packages/ovsdbapp/backend/ovs_idl/__init__.py:104}}
Apr 22 07:52:10 ubuntu neutron-server[110866]: INFO ovsdbapp.backend.ovs_idl.vlog [None req-8af1a919-2ef0-4eb2-be31-bfe12400426d None None] tcp:192.168.79.40:6641: connecting...
Apr 22 07:52:10 ubuntu neutron-server[110865]: DEBUG ovsdbapp.backend.ovs_idl [None req-23a14f76-7127-4d41-bf33-4b3908e43679 None None] Created schema index Port_Group.name {{(pid=110865) autocreate_indices /usr/local/lib/python3.8/dist-packages/ovsdbapp/backend/ovs_idl/__init__.py:104}}
Apr 22 07:52:10 ubuntu neutron-server[110866]: INFO ovsdbapp.backend.ovs_idl.vlog [None req-8af1a919-2ef0-4eb2-be31-bfe12400426d None None] tcp:192.168.79.40:6641: connected
Apr 22 07:52:10 ubuntu neutron-server[110865]: DEBUG ovsdbapp.backend.ovs_idl [None req-23a14f76-7127-4d41-bf33-4b3908e43679 None None] Created schema index Logical_Switch_Port.name {{(pid=110865) autocreate_indices /usr/local/lib/python3.8/dist-packages/ovsdbapp/backend/ovs_idl/__init__.py:104}}
Apr 22 07:52:10 ubuntu neutron-server[110865]: INFO ovsdbapp.backend.ovs_idl.vlog [None req-23a14f76-7127-4d41-bf33-4b3908e43679 None None] tcp:192.168.79.40:6641: connecting...
Apr 22 07:52:10 ubuntu neutron-server[110865]: INFO ovsdbapp.backend.ovs_idl.vlog [None req-23a14f76-7127-4d41-bf33-4b3908e43679 None None] tcp:192.168.79.40:6641: connected
Apr 22 07:52:10 ubuntu neutron-server[110653]: DEBUG ovsdbapp.backend.ovs_idl [None req-cd66b622-54a6-41f1-92e2-cb64d2a42d83 None None] Created lookup_table index Chassis.name {{(pid=110653) autocreate_indices /usr/local/lib/python3.8/dist-packages/ovsdbapp/backend/ovs_idl/__init__.py:85}}
Apr 22 07:52:10 ubuntu neutron-server[110653]: DEBUG ovsdbapp.backend.ovs_idl [None req-cd66b622-54a6-41f1-92e2-cb64d2a42d83 None None] Created lookup_table index MAC_Binding.ip {{(pid=110653) autocreate_indices /usr/local/lib/python3.8/dist-packages/ovsdbapp/backend/ovs_idl/__init__.py:85}}
Apr 22 07:52:10 ubuntu neutron-server[110653]: DEBUG ovsdbapp.backend.ovs_idl [None req-cd66b622-54a6-41f1-92e2-cb64d2a42d83 None None] Created schema index Meter.name {{(pid=110653) autocreate_indices /usr/local/lib/python3.8/dist-packages/ovsdbapp/backend/ovs_idl/__init__.py:104}}
Apr 22 07:52:10 ubuntu neutron-server[110653]: DEBUG ovsdbapp.backend.ovs_idl [None req-cd66b622-54a6-41f1-92e2-cb64d2a42d83 None None] Created schema index Address_Set.name {{(pid=110653) autocreate_indices /usr/local/lib/python3.8/dist-packages/ovsdbapp/backend/ovs_idl/__init__.py:104}}
Apr 22 07:52:10 ubuntu neutron-server[110653]: DEBUG ovsdbapp.backend.ovs_idl [None req-cd66b622-54a6-41f1-92e2-cb64d2a42d83 None None] Created schema index HA_Chassis_Group.name {{(pid=110653) autocreate_indices /usr/local/lib/python3.8/dist-packages/ovsdbapp/backend/ovs_idl/__init__.py:104}}
Apr 22 07:52:10 ubuntu neutron-server[110653]: DEBUG ovsdbapp.backend.ovs_idl [None req-cd66b622-54a6-41f1-92e2-cb64d2a42d83 None None] Created schema index IP_Multicast.datapath {{(pid=110653) autocreate_indices /usr/local/lib/python3.8/dist-packages/ovsdbapp/backend/ovs_idl/__init__.py:104}}
Apr 22 07:52:10 ubuntu neutron-server[110653]: DEBUG ovsdbapp.backend.ovs_idl [None req-cd66b622-54a6-41f1-92e2-cb64d2a42d83 None None] Created schema index Connection.target {{(pid=110653) autocreate_indices /usr/local/lib/python3.8/dist-packages/ovsdbapp/backend/ovs_idl/__init__.py:104}}
Apr 22 07:52:10 ubuntu neutron-server[110653]: DEBUG ovsdbapp.backend.ovs_idl [None req-cd66b622-54a6-41f1-92e2-cb64d2a42d83 None None] Created schema index Gateway_Chassis.name {{(pid=110653) autocreate_indices /usr/local/lib/python3.8/dist-packages/ovsdbapp/backend/ovs_idl/__init__.py:104}}
Apr 22 07:52:10 ubuntu neutron-server[110653]: DEBUG ovsdbapp.backend.ovs_idl [None req-cd66b622-54a6-41f1-92e2-cb64d2a42d83 None None] Created schema index Port_Group.name {{(pid=110653) autocreate_indices /usr/local/lib/python3.8/dist-packages/ovsdbapp/backend/ovs_idl/__init__.py:104}}
Apr 22 07:52:10 ubuntu neutron-server[110653]: DEBUG ovsdbapp.backend.ovs_idl [None req-cd66b622-54a6-41f1-92e2-cb64d2a42d83 None None] Created schema index Datapath_Binding.tunnel_key {{(pid=110653) autocreate_indices /usr/local/lib/python3.8/dist-packages/ovsdbapp/backend/ovs_idl/__init__.py:104}}
Apr 22 07:52:10 ubuntu neutron-server[110866]: DEBUG neutron.common.ovn.hash_ring_manager [None req-8af1a919-2ef0-4eb2-be31-bfe12400426d None None] Allow caching, nodes 2>=2 {{(pid=110866) _wait_startup_before_caching /opt/stack/neutron/neutron/common/ovn/hash_ring_manager.py:60}}
Apr 22 07:52:10 ubuntu neutron-server[110866]: DEBUG neutron.plugins.ml2.drivers.ovn.mech_driver.ovsdb.ovsdb_monitor [None req-8af1a919-2ef0-4eb2-be31-bfe12400426d None None] Hash Ring: Node 7fc0973a-2aa7-44bf-89ac-ba348ea3a4a3 (host: ubuntu) handling event "create" for row 602c83fc-a037-4455-be8d-08fb1ffbbff5 (table: Database) {{(pid=110866) notify /opt/stack/neutron/neutron/plugins/ml2/drivers/ovn/mech_driver/ovsdb/ovsdb_monitor.py:815}}
Apr 22 07:52:10 ubuntu neutron-server[110866]: DEBUG neutron.plugins.ml2.drivers.ovn.mech_driver.ovsdb.ovsdb_monitor [None req-8af1a919-2ef0-4eb2-be31-bfe12400426d None None] Hash Ring: Node 7fc0973a-2aa7-44bf-89ac-ba348ea3a4a3 (host: ubuntu) handling event "create" for row 8a536877-60e1-4387-9b09-567d0bd36712 (table: Port_Group) {{(pid=110866) notify /opt/stack/neutron/neutron/plugins/ml2/drivers/ovn/mech_driver/ovsdb/ovsdb_monitor.py:815}}
Apr 22 07:52:10 ubuntu neutron-server[110866]: DEBUG neutron.plugins.ml2.drivers.ovn.mech_driver.ovsdb.ovsdb_monitor [None req-8af1a919-2ef0-4eb2-be31-bfe12400426d None None] Hash Ring: Node 7fc0973a-2aa7-44bf-89ac-ba348ea3a4a3 (host: ubuntu) handling event "create" for row b1307cc4-b037-4be7-8467-dcccab4f61d7 (table: NB_Global) {{(pid=110866) notify /opt/stack/neutron/neutron/plugins/ml2/drivers/ovn/mech_driver/ovsdb/ovsdb_monitor.py:815}}
Apr 22 07:52:10 ubuntu neutron-server[110866]: DEBUG neutron.plugins.ml2.drivers.ovn.mech_driver.ovsdb.ovsdb_monitor [None req-8af1a919-2ef0-4eb2-be31-bfe12400426d None None] Hash Ring: Node 7fc0973a-2aa7-44bf-89ac-ba348ea3a4a3 (host: ubuntu) handling event "create" for row 55af240e-d861-4458-b08f-11f23913d789 (table: ACL) {{(pid=110866) notify /opt/stack/neutron/neutron/plugins/ml2/drivers/ovn/mech_driver/ovsdb/ovsdb_monitor.py:815}}
Apr 22 07:52:10 ubuntu neutron-server[110866]: DEBUG neutron.plugins.ml2.drivers.ovn.mech_driver.ovsdb.ovsdb_monitor [None req-8af1a919-2ef0-4eb2-be31-bfe12400426d None None] Hash Ring: Node 7fc0973a-2aa7-44bf-89ac-ba348ea3a4a3 (host: ubuntu) handling event "create" for row 54071e7e-ec5d-47f1-a65c-46f84e6f64ab (table: Connection) {{(pid=110866) notify /opt/stack/neutron/neutron/plugins/ml2/drivers/ovn/mech_driver/ovsdb/ovsdb_monitor.py:815}}
Apr 22 07:52:10 ubuntu neutron-server[110866]: INFO neutron.plugins.ml2.drivers.ovn.mech_driver.ovsdb.impl_idl_ovn [None req-8af1a919-2ef0-4eb2-be31-bfe12400426d None None] Getting OvsdbSbOvnIdl for WorkerService with retry
Apr 22 07:52:10 ubuntu neutron-server[110866]: DEBUG ovsdbapp.backend.ovs_idl [None req-8af1a919-2ef0-4eb2-be31-bfe12400426d None None] Created lookup_table index Chassis.name {{(pid=110866) autocreate_indices /usr/local/lib/python3.8/dist-packages/ovsdbapp/backend/ovs_idl/__init__.py:85}}
Apr 22 07:52:10 ubuntu neutron-server[110866]: DEBUG ovsdbapp.backend.ovs_idl [None req-8af1a919-2ef0-4eb2-be31-bfe12400426d None None] Created schema index Datapath_Binding.tunnel_key {{(pid=110866) autocreate_indices /usr/local/lib/python3.8/dist-packages/ovsdbapp/backend/ovs_idl/__init__.py:104}}
Apr 22 07:52:10 ubuntu neutron-server[110866]: DEBUG ovsdbapp.backend.ovs_idl [None req-8af1a919-2ef0-4eb2-be31-bfe12400426d None None] Created schema index Connection.target {{(pid=110866) autocreate_indices /usr/local/lib/python3.8/dist-packages/ovsdbapp/backend/ovs_idl/__init__.py:104}}
Apr 22 07:52:10 ubuntu neutron-server[110866]: INFO ovsdbapp.backend.ovs_idl.vlog [None req-8af1a919-2ef0-4eb2-be31-bfe12400426d None None] tcp:192.168.79.40:6642: connecting...
Apr 22 07:52:10 ubuntu neutron-server[110866]: INFO ovsdbapp.backend.ovs_idl.vlog [None req-8af1a919-2ef0-4eb2-be31-bfe12400426d None None] tcp:192.168.79.40:6642: connected
Apr 22 07:52:10 ubuntu neutron-server[110865]: DEBUG neutron.common.ovn.hash_ring_manager [None req-23a14f76-7127-4d41-bf33-4b3908e43679 None None] Allow caching, nodes 2>=2 {{(pid=110865) _wait_startup_before_caching /opt/stack/neutron/neutron/common/ovn/hash_ring_manager.py:60}}
Apr 22 07:52:10 ubuntu neutron-server[110865]: DEBUG neutron.plugins.ml2.drivers.ovn.mech_driver.ovsdb.ovsdb_monitor [None req-23a14f76-7127-4d41-bf33-4b3908e43679 None None] Hash Ring: Node d31d3eab-6d83-47b3-8dd1-fd2d8947dab4 (host: ubuntu) handling event "create" for row ff9e5c6d-1cef-473c-8459-67b4def2343c (table: Database) {{(pid=110865) notify /opt/stack/neutron/neutron/plugins/ml2/drivers/ovn/mech_driver/ovsdb/ovsdb_monitor.py:815}}
Apr 22 07:52:10 ubuntu neutron-server[110865]: DEBUG neutron.plugins.ml2.drivers.ovn.mech_driver.ovsdb.ovsdb_monitor [None req-23a14f76-7127-4d41-bf33-4b3908e43679 None None] Hash Ring: Node d31d3eab-6d83-47b3-8dd1-fd2d8947dab4 (host: ubuntu) handling event "create" for row a35b754a-08cf-402f-a549-72879bd6c6f7 (table: ACL) {{(pid=110865) notify /opt/stack/neutron/neutron/plugins/ml2/drivers/ovn/mech_driver/ovsdb/ovsdb_monitor.py:815}}
Apr 22 07:52:10 ubuntu neutron-server[110653]: INFO oslo_service.service [None req-cd66b622-54a6-41f1-92e2-cb64d2a42d83 None None] Starting 1 workers
Apr 22 07:52:10 ubuntu neutron-server[110865]: INFO neutron.plugins.ml2.drivers.ovn.mech_driver.ovsdb.impl_idl_ovn [None req-23a14f76-7127-4d41-bf33-4b3908e43679 None None] Getting OvsdbSbOvnIdl for WorkerService with retry
Apr 22 07:52:10 ubuntu neutron-server[110653]: DEBUG oslo_service.service [None req-cd66b622-54a6-41f1-92e2-cb64d2a42d83 None None] Started child 110868 {{(pid=110653) _start_child /usr/local/lib/python3.8/dist-packages/oslo_service/service.py:575}}
Apr 22 07:52:10 ubuntu neutron-server[110653]: INFO oslo_service.service [None req-cd66b622-54a6-41f1-92e2-cb64d2a42d83 None None] Starting 1 workers
Apr 22 07:52:10 ubuntu neutron-server[110865]: DEBUG ovsdbapp.backend.ovs_idl [None req-23a14f76-7127-4d41-bf33-4b3908e43679 None None] Created lookup_table index Chassis.name {{(pid=110865) autocreate_indices /usr/local/lib/python3.8/dist-packages/ovsdbapp/backend/ovs_idl/__init__.py:85}}
Apr 22 07:52:10 ubuntu neutron-server[110865]: DEBUG ovsdbapp.backend.ovs_idl [None req-23a14f76-7127-4d41-bf33-4b3908e43679 None None] Created schema index Datapath_Binding.tunnel_key {{(pid=110865) autocreate_indices /usr/local/lib/python3.8/dist-packages/ovsdbapp/backend/ovs_idl/__init__.py:104}}
Apr 22 07:52:10 ubuntu neutron-server[110865]: DEBUG ovsdbapp.backend.ovs_idl [None req-23a14f76-7127-4d41-bf33-4b3908e43679 None None] Created schema index Connection.target {{(pid=110865) autocreate_indices /usr/local/lib/python3.8/dist-packages/ovsdbapp/backend/ovs_idl/__init__.py:104}}
Apr 22 07:52:10 ubuntu neutron-server[110865]: INFO ovsdbapp.backend.ovs_idl.vlog [None req-23a14f76-7127-4d41-bf33-4b3908e43679 None None] tcp:192.168.79.40:6642: connecting...
Apr 22 07:52:10 ubuntu neutron-server[110865]: INFO ovsdbapp.backend.ovs_idl.vlog [None req-23a14f76-7127-4d41-bf33-4b3908e43679 None None] tcp:192.168.79.40:6642: connected
Apr 22 07:52:10 ubuntu neutron-server[110653]: DEBUG oslo_service.service [None req-cd66b622-54a6-41f1-92e2-cb64d2a42d83 None None] Started child 110870 {{(pid=110653) _start_child /usr/local/lib/python3.8/dist-packages/oslo_service/service.py:575}}
Apr 22 07:52:10 ubuntu neutron-server[110653]: INFO oslo_service.service [None req-cd66b622-54a6-41f1-92e2-cb64d2a42d83 None None] Starting 1 workers
Apr 22 07:52:10 ubuntu neutron-server[110868]: DEBUG neutron.service [None req-cd66b622-54a6-41f1-92e2-cb64d2a42d83 None None] calling RpcWorker wait() {{(pid=110868) _wait /opt/stack/neutron/neutron/service.py:128}}
Apr 22 07:52:10 ubuntu neutron-server[110868]: DEBUG neutron.service [None req-cd66b622-54a6-41f1-92e2-cb64d2a42d83 None None] returning from RpcWorker wait() {{(pid=110868) _wait /opt/stack/neutron/neutron/service.py:135}}
Apr 22 07:52:10 ubuntu neutron-server[110868]: DEBUG neutron_lib.callbacks.manager [-] Publish callbacks ['neutron.plugins.ml2.drivers.ovn.mech_driver.mech_driver.OVNMechanismDriver.post_fork_initialize-346091'] for process (None), after_init {{(pid=110868) _notify_loop /usr/local/lib/python3.8/dist-packages/neutron_lib/callbacks/manager.py:176}}
Apr 22 07:52:10 ubuntu neutron-server[110653]: DEBUG oslo_service.service [None req-cd66b622-54a6-41f1-92e2-cb64d2a42d83 None None] Started child 110871 {{(pid=110653) _start_child /usr/local/lib/python3.8/dist-packages/oslo_service/service.py:575}}
Apr 22 07:52:10 ubuntu neutron-server[110653]: DEBUG neutron_lib.callbacks.manager [None req-cd66b622-54a6-41f1-92e2-cb64d2a42d83 None None] Publish callbacks [] for process (None), after_spawn {{(pid=110653) _notify_loop /usr/local/lib/python3.8/dist-packages/neutron_lib/callbacks/manager.py:176}}
Apr 22 07:52:10 ubuntu neutron-server[110868]: INFO neutron.plugins.ml2.drivers.ovn.mech_driver.ovsdb.impl_idl_ovn [-] Getting OvsdbNbOvnIdl for RpcWorker with retry
Apr 22 07:52:10 ubuntu neutron-server[110653]: DEBUG oslo_service.service [-] Full set of CONF: {{(pid=110653) wait /usr/local/lib/python3.8/dist-packages/oslo_service/service.py:649}}
Apr 22 07:52:10 ubuntu neutron-server[110653]: DEBUG oslo_service.service [-] ******************************************************************************** {{(pid=110653) log_opt_values /usr/local/lib/python3.8/dist-packages/oslo_config/cfg.py:2589}}
Apr 22 07:52:10 ubuntu neutron-server[110653]: DEBUG oslo_service.service [-] Configuration options gathered from: {{(pid=110653) log_opt_values /usr/local/lib/python3.8/dist-packages/oslo_config/cfg.py:2590}}
Apr 22 07:52:10 ubuntu neutron-server[110653]: DEBUG oslo_service.service [-] command line args: ['--config-file', '/etc/neutron/neutron.conf', '--config-file', '/etc/neutron/plugins/ml2/ml2_conf.ini'] {{(pid=110653) log_opt_values /usr/local/lib/python3.8/dist-packages/oslo_config/cfg.py:2591}}
Apr 22 07:52:10 ubuntu neutron-server[110653]: DEBUG oslo_service.service [-] config files: ['/etc/neutron/neutron.conf', '/etc/neutron/plugins/ml2/ml2_conf.ini'] {{(pid=110653) log_opt_values /usr/local/lib/python3.8/dist-packages/oslo_config/cfg.py:2592}}
Apr 22 07:52:10 ubuntu neutron-server[110653]: DEBUG oslo_service.service [-] ================================================================================ {{(pid=110653) log_opt_values /usr/local/lib/python3.8/dist-packages/oslo_config/cfg.py:2594}}
Apr 22 07:52:10 ubuntu neutron-server[110653]: DEBUG oslo_service.service [-] agent_down_time                = 75 {{(pid=110653) log_opt_values /usr/local/lib/python3.8/dist-packages/oslo_config/cfg.py:2602}}
Apr 22 07:52:10 ubuntu neutron-server[110653]: DEBUG oslo_service.service [-] allow_automatic_dhcp_failover  = True {{(pid=110653) log_opt_values /usr/local/lib/python3.8/dist-packages/oslo_config/cfg.py:2602}}
Apr 22 07:52:10 ubuntu neutron-server[110653]: DEBUG oslo_service.service [-] allow_bulk                     = True {{(pid=110653) log_opt_values /usr/local/lib/python3.8/dist-packages/oslo_config/cfg.py:2602}}
Apr 22 07:52:10 ubuntu neutron-server[110653]: DEBUG oslo_service.service [-] allowed_conntrack_helpers      = [{'amanda': 'tcp'}, {'ftp': 'tcp'}, {'h323': 'udp'}, {'h323': 'tcp'}, {'irc': 'tcp'}, {'netbios-ns': 'udp'}, {'pptp': 'tcp'}, {'sane': 'tcp'}, {'sip': 'udp'}, {'sip': 'tcp'}, {'snmp': 'udp'}, {'tftp': 'udp'}] {{(pid=110653) log_opt_values /usr/local/lib/python3.8/dist-packages/oslo_config/cfg.py:2602}}
Apr 22 07:52:10 ubuntu neutron-server[110653]: DEBUG oslo_service.service [-] api_extensions_path            =  {{(pid=110653) log_opt_values /usr/local/lib/python3.8/dist-packages/oslo_config/cfg.py:2602}}
Apr 22 07:52:10 ubuntu neutron-server[110871]: DEBUG neutron_lib.callbacks.manager [-] Publish callbacks ['neutron.plugins.ml2.drivers.ovn.mech_driver.mech_driver.OVNMechanismDriver.post_fork_initialize-346091'] for process (None), after_init {{(pid=110871) _notify_loop /usr/local/lib/python3.8/dist-packages/neutron_lib/callbacks/manager.py:176}}
Apr 22 07:52:10 ubuntu neutron-server[110653]: DEBUG oslo_service.service [-] api_paste_config               = api-paste.ini {{(pid=110653) log_opt_values /usr/local/lib/python3.8/dist-packages/oslo_config/cfg.py:2602}}
Apr 22 07:52:10 ubuntu neutron-server[110653]: DEBUG oslo_service.service [-] api_workers                    = 2 {{(pid=110653) log_opt_values /usr/local/lib/python3.8/dist-packages/oslo_config/cfg.py:2602}}
Apr 22 07:52:10 ubuntu neutron-server[110653]: DEBUG oslo_service.service [-] auth_strategy                  = keystone {{(pid=110653) log_opt_values /usr/local/lib/python3.8/dist-packages/oslo_config/cfg.py:2602}}
Apr 22 07:52:10 ubuntu neutron-server[110653]: DEBUG oslo_service.service [-] backdoor_port                  = None {{(pid=110653) log_opt_values /usr/local/lib/python3.8/dist-packages/oslo_config/cfg.py:2602}}
Apr 22 07:52:10 ubuntu neutron-server[110653]: DEBUG oslo_service.service [-] backdoor_socket                = None {{(pid=110653) log_opt_values /usr/local/lib/python3.8/dist-packages/oslo_config/cfg.py:2602}}
Apr 22 07:52:10 ubuntu neutron-server[110653]: DEBUG oslo_service.service [-] backlog                        = 4096 {{(pid=110653) log_opt_values /usr/local/lib/python3.8/dist-packages/oslo_config/cfg.py:2602}}
Apr 22 07:52:10 ubuntu neutron-server[110653]: DEBUG oslo_service.service [-] base_mac                       = fa:16:3e:00:00:00 {{(pid=110653) log_opt_values /usr/local/lib/python3.8/dist-packages/oslo_config/cfg.py:2602}}
Apr 22 07:52:10 ubuntu neutron-server[110653]: DEBUG oslo_service.service [-] bind_host                      = 0.0.0.0 {{(pid=110653) log_opt_values /usr/local/lib/python3.8/dist-packages/oslo_config/cfg.py:2602}}
Apr 22 07:52:10 ubuntu neutron-server[110653]: DEBUG oslo_service.service [-] bind_port                      = 9696 {{(pid=110653) log_opt_values /usr/local/lib/python3.8/dist-packages/oslo_config/cfg.py:2602}}
Apr 22 07:52:10 ubuntu neutron-server[110870]: DEBUG neutron_lib.callbacks.manager [-] Publish callbacks ['neutron.plugins.ml2.drivers.ovn.mech_driver.mech_driver.OVNMechanismDriver.post_fork_initialize-346091'] for process (None), after_init {{(pid=110870) _notify_loop /usr/local/lib/python3.8/dist-packages/neutron_lib/callbacks/manager.py:176}}
Apr 22 07:52:10 ubuntu neutron-server[110870]: INFO neutron.plugins.ml2.drivers.ovn.mech_driver.ovsdb.impl_idl_ovn [-] Getting OvsdbNbOvnIdl for MaintenanceWorker with retry
Apr 22 07:52:10 ubuntu neutron-server[110653]: DEBUG oslo_service.service [-] client_socket_timeout          = 900 {{(pid=110653) log_opt_values /usr/local/lib/python3.8/dist-packages/oslo_config/cfg.py:2602}}
Apr 22 07:52:10 ubuntu neutron-server[110653]: DEBUG oslo_service.service [-] config_dir                     = [] {{(pid=110653) log_opt_values /usr/local/lib/python3.8/dist-packages/oslo_config/cfg.py:2602}}
Apr 22 07:52:10 ubuntu neutron-server[110653]: DEBUG oslo_service.service [-] config_file                    = ['/etc/neutron/neutron.conf', '/etc/neutron/plugins/ml2/ml2_conf.ini'] {{(pid=110653) log_opt_values /usr/local/lib/python3.8/dist-packages/oslo_config/cfg.py:2602}}
Apr 22 07:52:10 ubuntu neutron-server[110653]: DEBUG oslo_service.service [-] config_source                  = [] {{(pid=110653) log_opt_values /usr/local/lib/python3.8/dist-packages/oslo_config/cfg.py:2602}}
Apr 22 07:52:10 ubuntu neutron-server[110653]: DEBUG oslo_service.service [-] control_exchange               = neutron {{(pid=110653) log_opt_values /usr/local/lib/python3.8/dist-packages/oslo_config/cfg.py:2602}}
Apr 22 07:52:10 ubuntu neutron-server[110653]: DEBUG oslo_service.service [-] core_plugin                    = ml2 {{(pid=110653) log_opt_values /usr/local/lib/python3.8/dist-packages/oslo_config/cfg.py:2602}}
Apr 22 07:52:10 ubuntu neutron-server[110653]: DEBUG oslo_service.service [-] debug                          = True {{(pid=110653) log_opt_values /usr/local/lib/python3.8/dist-packages/oslo_config/cfg.py:2602}}
Apr 22 07:52:10 ubuntu neutron-server[110653]: DEBUG oslo_service.service [-] default_availability_zones     = [] {{(pid=110653) log_opt_values /usr/local/lib/python3.8/dist-packages/oslo_config/cfg.py:2602}}
