Jun 30 12:23:11 ubuntu devstack@g-api.service[125308]: DEBUG glance_store.backend [None req-e0ef60f8-d77d-4904-a148-da7965ac06ca admin admin] Attempting to import store swift {{(pid=125308) _load_store /usr/local/lib/python3.8/dist-packages/glance_store/backend.py:217}}
Jun 30 12:23:11 ubuntu devstack@g-api.service[125308]: DEBUG glance_store.capabilities [None req-e0ef60f8-d77d-4904-a148-da7965ac06ca admin admin] Store glance_store._drivers.swift.store.SingleTenantStore doesn't support updating dynamic storage capabilities. Please overwrite 'update_capabilities' method of the store to implement updating logics if needed. {{(pid=125308) update_capabilities /usr/local/lib/python3.8/dist-packages/glance_store/capabilities.py:91}}
Jun 30 12:23:11 ubuntu devstack@g-api.service[125308]: DEBUG glance_store.driver [None req-e0ef60f8-d77d-4904-a148-da7965ac06ca admin admin] Late loading location class glance_store._drivers.swift.store.StoreLocation {{(pid=125308) get_store_location_class /usr/local/lib/python3.8/dist-packages/glance_store/driver.py:117}}
Jun 30 12:23:11 ubuntu devstack@g-api.service[125308]: DEBUG glance_store.location [None req-e0ef60f8-d77d-4904-a148-da7965ac06ca admin admin] Registering scheme swift+https with {'store': <glance_store._drivers.swift.store.SingleTenantStore object at 0x7fe430fe4280>, 'location_class': <class 'glance_store._drivers.swift.store.StoreLocation'>, 'store_entry': 'swift'} {{(pid=125308) register_scheme_map /usr/local/lib/python3.8/dist-packages/glance_store/location.py:146}}
Jun 30 12:23:11 ubuntu devstack@g-api.service[125308]: DEBUG glance_store.location [None req-e0ef60f8-d77d-4904-a148-da7965ac06ca admin admin] Registering scheme swift+https with {'store': <glance_store._drivers.swift.store.SingleTenantStore object at 0x7fe430fe4280>, 'location_class': <class 'glance_store._drivers.swift.store.StoreLocation'>, 'store_entry': 'swift'} {{(pid=125308) register_scheme_map /usr/local/lib/python3.8/dist-packages/glance_store/location.py:146}}
Jun 30 12:23:11 ubuntu devstack@g-api.service[125308]: DEBUG glance_store.location [None req-e0ef60f8-d77d-4904-a148-da7965ac06ca admin admin] Registering scheme swift with {'store': <glance_store._drivers.swift.store.SingleTenantStore object at 0x7fe430fe4280>, 'location_class': <class 'glance_store._drivers.swift.store.StoreLocation'>, 'store_entry': 'swift'} {{(pid=125308) register_scheme_map /usr/local/lib/python3.8/dist-packages/glance_store/location.py:146}}
Jun 30 12:23:11 ubuntu devstack@g-api.service[125308]: DEBUG glance_store.location [None req-e0ef60f8-d77d-4904-a148-da7965ac06ca admin admin] Registering scheme swift+https with {'store': <glance_store._drivers.swift.store.SingleTenantStore object at 0x7fe430fe4280>, 'location_class': <class 'glance_store._drivers.swift.store.StoreLocation'>, 'store_entry': 'swift'} {{(pid=125308) register_scheme_map /usr/local/lib/python3.8/dist-packages/glance_store/location.py:146}}
Jun 30 12:23:11 ubuntu devstack@g-api.service[125308]: DEBUG glance_store.location [None req-e0ef60f8-d77d-4904-a148-da7965ac06ca admin admin] Registering scheme swift with {'store': <glance_store._drivers.swift.store.SingleTenantStore object at 0x7fe430fe4280>, 'location_class': <class 'glance_store._drivers.swift.store.StoreLocation'>, 'store_entry': 'swift'} {{(pid=125308) register_scheme_map /usr/local/lib/python3.8/dist-packages/glance_store/location.py:146}}
Jun 30 12:23:11 ubuntu devstack@g-api.service[125308]: DEBUG glance_store.location [None req-e0ef60f8-d77d-4904-a148-da7965ac06ca admin admin] Registering scheme swift+http with {'store': <glance_store._drivers.swift.store.SingleTenantStore object at 0x7fe430fe4280>, 'location_class': <class 'glance_store._drivers.swift.store.StoreLocation'>, 'store_entry': 'swift'} {{(pid=125308) register_scheme_map /usr/local/lib/python3.8/dist-packages/glance_store/location.py:146}}
Jun 30 12:23:11 ubuntu devstack@g-api.service[125308]: DEBUG glance_store.location [None req-e0ef60f8-d77d-4904-a148-da7965ac06ca admin admin] Registering scheme swift+https with {'store': <glance_store._drivers.swift.store.SingleTenantStore object at 0x7fe430fe4280>, 'location_class': <class 'glance_store._drivers.swift.store.StoreLocation'>, 'store_entry': 'swift'} {{(pid=125308) register_scheme_map /usr/local/lib/python3.8/dist-packages/glance_store/location.py:146}}
Jun 30 12:23:11 ubuntu devstack@g-api.service[125308]: DEBUG glance_store.location [None req-e0ef60f8-d77d-4904-a148-da7965ac06ca admin admin] Registering scheme swift with {'store': <glance_store._drivers.swift.store.SingleTenantStore object at 0x7fe430fe4280>, 'location_class': <class 'glance_store._drivers.swift.store.StoreLocation'>, 'store_entry': 'swift'} {{(pid=125308) register_scheme_map /usr/local/lib/python3.8/dist-packages/glance_store/location.py:146}}
Jun 30 12:23:11 ubuntu devstack@g-api.service[125308]: DEBUG glance_store.location [None req-e0ef60f8-d77d-4904-a148-da7965ac06ca admin admin] Registering scheme swift+http with {'store': <glance_store._drivers.swift.store.SingleTenantStore object at 0x7fe430fe4280>, 'location_class': <class 'glance_store._drivers.swift.store.StoreLocation'>, 'store_entry': 'swift'} {{(pid=125308) register_scheme_map /usr/local/lib/python3.8/dist-packages/glance_store/location.py:146}}
Jun 30 12:23:11 ubuntu devstack@g-api.service[125308]: DEBUG glance_store.location [None req-e0ef60f8-d77d-4904-a148-da7965ac06ca admin admin] Registering scheme swift+config with {'store': <glance_store._drivers.swift.store.SingleTenantStore object at 0x7fe430fe4280>, 'location_class': <class 'glance_store._drivers.swift.store.StoreLocation'>, 'store_entry': 'swift'} {{(pid=125308) register_scheme_map /usr/local/lib/python3.8/dist-packages/glance_store/location.py:146}}
Jun 30 12:23:11 ubuntu devstack@g-api.service[125308]: DEBUG glance_store.backend [None req-e0ef60f8-d77d-4904-a148-da7965ac06ca admin admin] Skipping store.set_acls... not implemented. {{(pid=125308) set_acls /usr/local/lib/python3.8/dist-packages/glance_store/backend.py:509}}
Jun 30 12:23:11 ubuntu devstack@g-api.service[125308]: [pid: 125308|app: 0|req: 3/4] 127.0.0.1 () {40 vars in 862 bytes} [Thu Jun 30 12:23:08 2022] PUT /v2/images/9e453d88-6501-46ee-a591-78db67239858/file => generated 0 bytes in 2470 msecs (HTTP/1.1 204) 4 headers in 171 bytes (1 switches on core 0)
Jun 30 12:23:18 ubuntu devstack@g-api.service[125309]: DEBUG dbcounter [-] [125309] Writing DB stats glance:SELECT=9,glance:INSERT=5 {{(pid=125309) stat_writer /usr/local/lib/python3.8/dist-packages/dbcounter.py:114}}
Jun 30 12:23:21 ubuntu devstack@g-api.service[125308]: DEBUG dbcounter [-] [125308] Writing DB stats glance:SELECT=28,glance:UPDATE=2,glance:INSERT=1 {{(pid=125308) stat_writer /usr/local/lib/python3.8/dist-packages/dbcounter.py:114}}
Jun 30 12:23:52 ubuntu devstack@g-api.service[125309]: DEBUG glance.api.middleware.version_negotiation [None req-b7264a80-d7e6-4687-a8fb-3a9ee8f6180e admin admin] Determining version of request: GET / Accept: application/json {{(pid=125309) process_request /opt/stack/glance/glance/api/middleware/version_negotiation.py:44}}
Jun 30 12:23:52 ubuntu devstack@g-api.service[125309]: DEBUG glance.api.middleware.version_negotiation [None req-b7264a80-d7e6-4687-a8fb-3a9ee8f6180e admin admin] Using url versioning {{(pid=125309) process_request /opt/stack/glance/glance/api/middleware/version_negotiation.py:57}}
Jun 30 12:23:52 ubuntu devstack@g-api.service[125309]: DEBUG glance.api.middleware.version_negotiation [None req-b7264a80-d7e6-4687-a8fb-3a9ee8f6180e admin admin] Unknown version. Returning version choices. {{(pid=125309) process_request /opt/stack/glance/glance/api/middleware/version_negotiation.py:64}}
Jun 30 12:23:52 ubuntu devstack@g-api.service[125309]: [pid: 125309|app: 0|req: 2/5] 127.0.0.1 () {34 vars in 506 bytes} [Thu Jun 30 12:23:52 2022] GET / => generated 1323 bytes in 5 msecs (HTTP/1.1 300) 3 headers in 106 bytes (1 switches on core 0)
Jun 30 12:23:52 ubuntu devstack@g-api.service[125308]: DEBUG glance.api.middleware.version_negotiation [None req-e0ef60f8-d77d-4904-a148-da7965ac06ca admin admin] Determining version of request: GET /v2/images Accept: application/json {{(pid=125308) process_request /opt/stack/glance/glance/api/middleware/version_negotiation.py:44}}
Jun 30 12:23:52 ubuntu devstack@g-api.service[125308]: DEBUG glance.api.middleware.version_negotiation [None req-e0ef60f8-d77d-4904-a148-da7965ac06ca admin admin] Using url versioning {{(pid=125308) process_request /opt/stack/glance/glance/api/middleware/version_negotiation.py:57}}
Jun 30 12:23:52 ubuntu devstack@g-api.service[125308]: DEBUG glance.api.middleware.version_negotiation [None req-e0ef60f8-d77d-4904-a148-da7965ac06ca admin admin] Matched version: v2 {{(pid=125308) process_request /opt/stack/glance/glance/api/middleware/version_negotiation.py:69}}
Jun 30 12:23:52 ubuntu devstack@g-api.service[125308]: DEBUG glance.api.middleware.version_negotiation [None req-e0ef60f8-d77d-4904-a148-da7965ac06ca admin admin] new path /v2/images {{(pid=125308) process_request /opt/stack/glance/glance/api/middleware/version_negotiation.py:70}}
Jun 30 12:23:52 ubuntu devstack@g-api.service[125308]: [pid: 125308|app: 0|req: 4/6] 127.0.0.1 () {36 vars in 728 bytes} [Thu Jun 30 12:23:52 2022] GET /v2/images => generated 1045 bytes in 101 msecs (HTTP/1.1 200) 4 headers in 158 bytes (1 switches on core 0)
Jun 30 12:23:57 ubuntu devstack@g-api.service[125309]: DEBUG glance.api.middleware.version_negotiation [None req-b7264a80-d7e6-4687-a8fb-3a9ee8f6180e admin admin] Determining version of request: GET / Accept: application/json {{(pid=125309) process_request /opt/stack/glance/glance/api/middleware/version_negotiation.py:44}}
Jun 30 12:23:57 ubuntu devstack@g-api.service[125309]: DEBUG glance.api.middleware.version_negotiation [None req-b7264a80-d7e6-4687-a8fb-3a9ee8f6180e admin admin] Using url versioning {{(pid=125309) process_request /opt/stack/glance/glance/api/middleware/version_negotiation.py:57}}
Jun 30 12:23:57 ubuntu devstack@g-api.service[125309]: DEBUG glance.api.middleware.version_negotiation [None req-b7264a80-d7e6-4687-a8fb-3a9ee8f6180e admin admin] Unknown version. Returning version choices. {{(pid=125309) process_request /opt/stack/glance/glance/api/middleware/version_negotiation.py:64}}
Jun 30 12:23:57 ubuntu devstack@g-api.service[125309]: [pid: 125309|app: 0|req: 3/7] 127.0.0.1 () {34 vars in 506 bytes} [Thu Jun 30 12:23:57 2022] GET / => generated 1323 bytes in 4 msecs (HTTP/1.1 300) 3 headers in 106 bytes (1 switches on core 0)
Jun 30 12:23:57 ubuntu devstack@g-api.service[125308]: DEBUG glance.api.middleware.version_negotiation [None req-7ae26a5c-546f-4019-9533-4422cce9ab91 admin admin] Determining version of request: GET /v2/images/9e453d88-6501-46ee-a591-78db67239858 Accept: */* {{(pid=125308) process_request /opt/stack/glance/glance/api/middleware/version_negotiation.py:44}}
Jun 30 12:23:57 ubuntu devstack@g-api.service[125308]: DEBUG glance.api.middleware.version_negotiation [None req-7ae26a5c-546f-4019-9533-4422cce9ab91 admin admin] Using url versioning {{(pid=125308) process_request /opt/stack/glance/glance/api/middleware/version_negotiation.py:57}}
Jun 30 12:23:57 ubuntu devstack@g-api.service[125308]: DEBUG glance.api.middleware.version_negotiation [None req-7ae26a5c-546f-4019-9533-4422cce9ab91 admin admin] Matched version: v2 {{(pid=125308) process_request /opt/stack/glance/glance/api/middleware/version_negotiation.py:69}}
Jun 30 12:23:57 ubuntu devstack@g-api.service[125308]: DEBUG glance.api.middleware.version_negotiation [None req-7ae26a5c-546f-4019-9533-4422cce9ab91 admin admin] new path /v2/images/9e453d88-6501-46ee-a591-78db67239858 {{(pid=125308) process_request /opt/stack/glance/glance/api/middleware/version_negotiation.py:70}}
Jun 30 12:23:57 ubuntu devstack@g-api.service[125308]: [pid: 125308|app: 0|req: 5/8] 127.0.0.1 () {36 vars in 789 bytes} [Thu Jun 30 12:23:57 2022] GET /v2/images/9e453d88-6501-46ee-a591-78db67239858 => generated 976 bytes in 58 msecs (HTTP/1.1 200) 4 headers in 157 bytes (1 switches on core 0)
Jun 30 12:24:01 ubuntu devstack@g-api.service[125309]: DEBUG glance.api.middleware.version_negotiation [None req-b7264a80-d7e6-4687-a8fb-3a9ee8f6180e admin admin] Determining version of request: GET / Accept: application/json {{(pid=125309) process_request /opt/stack/glance/glance/api/middleware/version_negotiation.py:44}}
Jun 30 12:24:01 ubuntu devstack@g-api.service[125309]: DEBUG glance.api.middleware.version_negotiation [None req-b7264a80-d7e6-4687-a8fb-3a9ee8f6180e admin admin] Using url versioning {{(pid=125309) process_request /opt/stack/glance/glance/api/middleware/version_negotiation.py:57}}
Jun 30 12:24:01 ubuntu devstack@g-api.service[125309]: DEBUG glance.api.middleware.version_negotiation [None req-b7264a80-d7e6-4687-a8fb-3a9ee8f6180e admin admin] Unknown version. Returning version choices. {{(pid=125309) process_request /opt/stack/glance/glance/api/middleware/version_negotiation.py:64}}
Jun 30 12:24:01 ubuntu devstack@g-api.service[125309]: [pid: 125309|app: 0|req: 4/9] 127.0.0.1 () {34 vars in 506 bytes} [Thu Jun 30 12:24:01 2022] GET / => generated 1323 bytes in 7 msecs (HTTP/1.1 300) 3 headers in 106 bytes (1 switches on core 0)
Jun 30 12:24:01 ubuntu devstack@g-api.service[125308]: DEBUG glance.api.middleware.version_negotiation [None req-cf4ebf07-f456-40cb-bc9a-41f836a44719 admin admin] Determining version of request: GET /v2/images/9e453d88-6501-46ee-a591-78db67239858 Accept: */* {{(pid=125308) process_request /opt/stack/glance/glance/api/middleware/version_negotiation.py:44}}
Jun 30 12:24:01 ubuntu devstack@g-api.service[125308]: DEBUG glance.api.middleware.version_negotiation [None req-cf4ebf07-f456-40cb-bc9a-41f836a44719 admin admin] Using url versioning {{(pid=125308) process_request /opt/stack/glance/glance/api/middleware/version_negotiation.py:57}}
Jun 30 12:24:01 ubuntu devstack@g-api.service[125308]: DEBUG glance.api.middleware.version_negotiation [None req-cf4ebf07-f456-40cb-bc9a-41f836a44719 admin admin] Matched version: v2 {{(pid=125308) process_request /opt/stack/glance/glance/api/middleware/version_negotiation.py:69}}
Jun 30 12:24:01 ubuntu devstack@g-api.service[125308]: DEBUG glance.api.middleware.version_negotiation [None req-cf4ebf07-f456-40cb-bc9a-41f836a44719 admin admin] new path /v2/images/9e453d88-6501-46ee-a591-78db67239858 {{(pid=125308) process_request /opt/stack/glance/glance/api/middleware/version_negotiation.py:70}}
Jun 30 12:24:01 ubuntu devstack@g-api.service[125308]: [pid: 125308|app: 0|req: 6/10] 127.0.0.1 () {36 vars in 789 bytes} [Thu Jun 30 12:24:01 2022] GET /v2/images/9e453d88-6501-46ee-a591-78db67239858 => generated 976 bytes in 54 msecs (HTTP/1.1 200) 4 headers in 157 bytes (1 switches on core 0)
Jun 30 12:24:11 ubuntu devstack@g-api.service[125308]: DEBUG dbcounter [-] [125308] Writing DB stats glance:SELECT=10 {{(pid=125308) stat_writer /usr/local/lib/python3.8/dist-packages/dbcounter.py:114}}
Jun 30 12:26:16 ubuntu devstack@g-api.service[125309]: DEBUG glance.api.middleware.version_negotiation [None req-b7264a80-d7e6-4687-a8fb-3a9ee8f6180e admin admin] Determining version of request: GET /v1 Accept: application/json {{(pid=125309) process_request /opt/stack/glance/glance/api/middleware/version_negotiation.py:44}}
Jun 30 12:26:16 ubuntu devstack@g-api.service[125309]: DEBUG glance.api.middleware.version_negotiation [None req-b7264a80-d7e6-4687-a8fb-3a9ee8f6180e admin admin] Using url versioning {{(pid=125309) process_request /opt/stack/glance/glance/api/middleware/version_negotiation.py:57}}
Jun 30 12:26:16 ubuntu devstack@g-api.service[125309]: DEBUG glance.api.middleware.version_negotiation [None req-b7264a80-d7e6-4687-a8fb-3a9ee8f6180e admin admin] Unknown version. Returning version choices. {{(pid=125309) process_request /opt/stack/glance/glance/api/middleware/version_negotiation.py:64}}
Jun 30 12:26:16 ubuntu devstack@g-api.service[125309]: [pid: 125309|app: 0|req: 5/11] 127.0.0.1 () {38 vars in 685 bytes} [Thu Jun 30 12:26:16 2022] GET /v1 => generated 1323 bytes in 4 msecs (HTTP/1.1 300) 3 headers in 106 bytes (1 switches on core 0)
Jun 30 12:27:50 ubuntu devstack@g-api.service[125309]: DEBUG oslo_concurrency.lockutils [-] Acquired lock "glance-cache" {{(pid=125309) lock /usr/local/lib/python3.8/dist-packages/oslo_concurrency/lockutils.py:294}}
Jun 30 12:27:50 ubuntu devstack@g-api.service[125309]: DEBUG oslo_concurrency.lockutils [-] Acquired external semaphore "glance-cache" {{(pid=125309) lock /usr/local/lib/python3.8/dist-packages/oslo_concurrency/lockutils.py:302}}
Jun 30 12:27:50 ubuntu devstack@g-api.service[125309]: DEBUG glance.image_cache.prefetcher [-] Nothing to prefetch. {{(pid=125309) run /opt/stack/glance/glance/image_cache/prefetcher.py:79}}
Jun 30 12:27:50 ubuntu devstack@g-api.service[125309]: DEBUG oslo_concurrency.lockutils [-] Releasing lock "glance-cache" {{(pid=125309) lock /usr/local/lib/python3.8/dist-packages/oslo_concurrency/lockutils.py:312}}
Jun 30 12:27:50 ubuntu devstack@g-api.service[125308]: DEBUG oslo_concurrency.lockutils [-] Acquired lock "glance-cache" {{(pid=125308) lock /usr/local/lib/python3.8/dist-packages/oslo_concurrency/lockutils.py:294}}
Jun 30 12:27:50 ubuntu devstack@g-api.service[125308]: DEBUG oslo_concurrency.lockutils [-] Acquired external semaphore "glance-cache" {{(pid=125308) lock /usr/local/lib/python3.8/dist-packages/oslo_concurrency/lockutils.py:302}}
Jun 30 12:27:50 ubuntu devstack@g-api.service[125308]: DEBUG glance.image_cache.prefetcher [-] Nothing to prefetch. {{(pid=125308) run /opt/stack/glance/glance/image_cache/prefetcher.py:79}}
Jun 30 12:27:50 ubuntu devstack@g-api.service[125308]: DEBUG oslo_concurrency.lockutils [-] Releasing lock "glance-cache" {{(pid=125308) lock /usr/local/lib/python3.8/dist-packages/oslo_concurrency/lockutils.py:312}}
Jun 30 12:28:24 ubuntu devstack@g-api.service[125308]: DEBUG glance.api.middleware.version_negotiation [None req-c1d37289-db68-4afa-abe9-bc9e327ba076 admin admin] Determining version of request: GET /versions Accept: */* {{(pid=125308) process_request /opt/stack/glance/glance/api/middleware/version_negotiation.py:44}}
Jun 30 12:28:24 ubuntu devstack@g-api.service[125308]: [pid: 125308|app: 0|req: 7/12] 127.0.0.1 () {38 vars in 695 bytes} [Thu Jun 30 12:28:24 2022] GET /versions => generated 1323 bytes in 4 msecs (HTTP/1.1 200) 3 headers in 92 bytes (1 switches on core 0)
Jun 30 12:28:24 ubuntu devstack@g-api.service[125309]: DEBUG glance.api.middleware.version_negotiation [None req-b7264a80-d7e6-4687-a8fb-3a9ee8f6180e admin admin] Determining version of request: GET /v2/schemas/image Accept: */* {{(pid=125309) process_request /opt/stack/glance/glance/api/middleware/version_negotiation.py:44}}
Jun 30 12:28:24 ubuntu devstack@g-api.service[125309]: DEBUG glance.api.middleware.version_negotiation [None req-b7264a80-d7e6-4687-a8fb-3a9ee8f6180e admin admin] Using url versioning {{(pid=125309) process_request /opt/stack/glance/glance/api/middleware/version_negotiation.py:57}}
Jun 30 12:28:24 ubuntu devstack@g-api.service[125309]: DEBUG glance.api.middleware.version_negotiation [None req-b7264a80-d7e6-4687-a8fb-3a9ee8f6180e admin admin] Matched version: v2 {{(pid=125309) process_request /opt/stack/glance/glance/api/middleware/version_negotiation.py:69}}
Jun 30 12:28:24 ubuntu devstack@g-api.service[125309]: DEBUG glance.api.middleware.version_negotiation [None req-b7264a80-d7e6-4687-a8fb-3a9ee8f6180e admin admin] new path /v2/schemas/image {{(pid=125309) process_request /opt/stack/glance/glance/api/middleware/version_negotiation.py:70}}
Jun 30 12:28:24 ubuntu devstack@g-api.service[125309]: [pid: 125309|app: 0|req: 6/13] 127.0.0.1 () {38 vars in 711 bytes} [Thu Jun 30 12:28:24 2022] GET /v2/schemas/image => generated 6083 bytes in 96 msecs (HTTP/1.1 200) 4 headers in 158 bytes (1 switches on core 0)
Jun 30 12:28:24 ubuntu devstack@g-api.service[125308]: DEBUG glance.api.middleware.version_negotiation [None req-c1d37289-db68-4afa-abe9-bc9e327ba076 admin admin] Determining version of request: GET /v2/schemas/metadefs/namespace Accept: */* {{(pid=125308) process_request /opt/stack/glance/glance/api/middleware/version_negotiation.py:44}}
Jun 30 12:28:24 ubuntu devstack@g-api.service[125308]: DEBUG glance.api.middleware.version_negotiation [None req-c1d37289-db68-4afa-abe9-bc9e327ba076 admin admin] Using url versioning {{(pid=125308) process_request /opt/stack/glance/glance/api/middleware/version_negotiation.py:57}}
Jun 30 12:28:24 ubuntu devstack@g-api.service[125308]: DEBUG glance.api.middleware.version_negotiation [None req-c1d37289-db68-4afa-abe9-bc9e327ba076 admin admin] Matched version: v2 {{(pid=125308) process_request /opt/stack/glance/glance/api/middleware/version_negotiation.py:69}}
Jun 30 12:28:24 ubuntu devstack@g-api.service[125308]: DEBUG glance.api.middleware.version_negotiation [None req-c1d37289-db68-4afa-abe9-bc9e327ba076 admin admin] new path /v2/schemas/metadefs/namespace {{(pid=125308) process_request /opt/stack/glance/glance/api/middleware/version_negotiation.py:70}}
Jun 30 12:28:24 ubuntu devstack@g-api.service[125308]: [pid: 125308|app: 0|req: 8/14] 127.0.0.1 () {38 vars in 737 bytes} [Thu Jun 30 12:28:24 2022] GET /v2/schemas/metadefs/namespace => generated 3100 bytes in 11 msecs (HTTP/1.1 200) 4 headers in 158 bytes (1 switches on core 0)
Jun 30 12:28:24 ubuntu devstack@g-api.service[125309]: DEBUG glance.api.middleware.version_negotiation [None req-b82e63b7-2313-4ac9-bb4c-d81adc056860 admin admin] Determining version of request: GET /v2/schemas/metadefs/resource_type Accept: */* {{(pid=125309) process_request /opt/stack/glance/glance/api/middleware/version_negotiation.py:44}}
Jun 30 12:28:24 ubuntu devstack@g-api.service[125309]: DEBUG glance.api.middleware.version_negotiation [None req-b82e63b7-2313-4ac9-bb4c-d81adc056860 admin admin] Using url versioning {{(pid=125309) process_request /opt/stack/glance/glance/api/middleware/version_negotiation.py:57}}
Jun 30 12:28:24 ubuntu devstack@g-api.service[125309]: DEBUG glance.api.middleware.version_negotiation [None req-b82e63b7-2313-4ac9-bb4c-d81adc056860 admin admin] Matched version: v2 {{(pid=125309) process_request /opt/stack/glance/glance/api/middleware/version_negotiation.py:69}}
Jun 30 12:28:24 ubuntu devstack@g-api.service[125309]: DEBUG glance.api.middleware.version_negotiation [None req-b82e63b7-2313-4ac9-bb4c-d81adc056860 admin admin] new path /v2/schemas/metadefs/resource_type {{(pid=125309) process_request /opt/stack/glance/glance/api/middleware/version_negotiation.py:70}}
Jun 30 12:28:24 ubuntu devstack@g-api.service[125309]: [pid: 125309|app: 0|req: 7/15] 127.0.0.1 () {38 vars in 745 bytes} [Thu Jun 30 12:28:24 2022] GET /v2/schemas/metadefs/resource_type => generated 1262 bytes in 6 msecs (HTTP/1.1 200) 4 headers in 158 bytes (1 switches on core 0)
Jun 30 12:28:24 ubuntu devstack@g-api.service[125308]: DEBUG glance.api.middleware.version_negotiation [None req-1004e55a-64a3-4d14-af7d-5b5889222564 admin admin] Determining version of request: GET /v2/images Accept: */* {{(pid=125308) process_request /opt/stack/glance/glance/api/middleware/version_negotiation.py:44}}
Jun 30 12:28:24 ubuntu devstack@g-api.service[125308]: DEBUG glance.api.middleware.version_negotiation [None req-1004e55a-64a3-4d14-af7d-5b5889222564 admin admin] Using url versioning {{(pid=125308) process_request /opt/stack/glance/glance/api/middleware/version_negotiation.py:57}}
Jun 30 12:28:24 ubuntu devstack@g-api.service[125308]: DEBUG glance.api.middleware.version_negotiation [None req-1004e55a-64a3-4d14-af7d-5b5889222564 admin admin] Matched version: v2 {{(pid=125308) process_request /opt/stack/glance/glance/api/middleware/version_negotiation.py:69}}
Jun 30 12:28:24 ubuntu devstack@g-api.service[125308]: DEBUG glance.api.middleware.version_negotiation [None req-1004e55a-64a3-4d14-af7d-5b5889222564 admin admin] new path /v2/images {{(pid=125308) process_request /opt/stack/glance/glance/api/middleware/version_negotiation.py:70}}
Jun 30 12:28:24 ubuntu devstack@g-api.service[125308]: [pid: 125308|app: 0|req: 9/16] 127.0.0.1 () {38 vars in 768 bytes} [Thu Jun 30 12:28:24 2022] GET /v2/images?limit=20&sort_key=name&sort_dir=asc => generated 1081 bytes in 74 msecs (HTTP/1.1 200) 4 headers in 158 bytes (1 switches on core 0)
Jun 30 12:28:24 ubuntu devstack@g-api.service[125309]: DEBUG glance.api.middleware.version_negotiation [None req-12dee003-66b4-454a-883f-e80a47da8eed admin admin] Determining version of request: GET /v2/schemas/image Accept: */* {{(pid=125309) process_request /opt/stack/glance/glance/api/middleware/version_negotiation.py:44}}
Jun 30 12:28:24 ubuntu devstack@g-api.service[125309]: DEBUG glance.api.middleware.version_negotiation [None req-12dee003-66b4-454a-883f-e80a47da8eed admin admin] Using url versioning {{(pid=125309) process_request /opt/stack/glance/glance/api/middleware/version_negotiation.py:57}}
Jun 30 12:28:24 ubuntu devstack@g-api.service[125309]: DEBUG glance.api.middleware.version_negotiation [None req-12dee003-66b4-454a-883f-e80a47da8eed admin admin] Matched version: v2 {{(pid=125309) process_request /opt/stack/glance/glance/api/middleware/version_negotiation.py:69}}
Jun 30 12:28:24 ubuntu devstack@g-api.service[125309]: DEBUG glance.api.middleware.version_negotiation [None req-12dee003-66b4-454a-883f-e80a47da8eed admin admin] new path /v2/schemas/image {{(pid=125309) process_request /opt/stack/glance/glance/api/middleware/version_negotiation.py:70}}
Jun 30 12:28:24 ubuntu devstack@g-api.service[125309]: [pid: 125309|app: 0|req: 8/17] 127.0.0.1 () {38 vars in 711 bytes} [Thu Jun 30 12:28:24 2022] GET /v2/schemas/image => generated 6083 bytes in 5 msecs (HTTP/1.1 200) 4 headers in 158 bytes (1 switches on core 0)
Jun 30 12:28:34 ubuntu devstack@g-api.service[125308]: DEBUG dbcounter [-] [125308] Writing DB stats glance:SELECT=2 {{(pid=125308) stat_writer /usr/local/lib/python3.8/dist-packages/dbcounter.py:114}}
Jun 30 12:28:37 ubuntu devstack@g-api.service[125308]: DEBUG glance.api.middleware.version_negotiation [None req-77399cc2-4c60-4fc3-9e9c-0f661828262f admin admin] Determining version of request: GET / Accept: application/json {{(pid=125308) process_request /opt/stack/glance/glance/api/middleware/version_negotiation.py:44}}
Jun 30 12:28:37 ubuntu devstack@g-api.service[125308]: DEBUG glance.api.middleware.version_negotiation [None req-77399cc2-4c60-4fc3-9e9c-0f661828262f admin admin] Using url versioning {{(pid=125308) process_request /opt/stack/glance/glance/api/middleware/version_negotiation.py:57}}
Jun 30 12:28:37 ubuntu devstack@g-api.service[125308]: DEBUG glance.api.middleware.version_negotiation [None req-77399cc2-4c60-4fc3-9e9c-0f661828262f admin admin] Unknown version. Returning version choices. {{(pid=125308) process_request /opt/stack/glance/glance/api/middleware/version_negotiation.py:64}}
Jun 30 12:28:37 ubuntu devstack@g-api.service[125308]: [pid: 125308|app: 0|req: 10/18] 127.0.0.1 () {34 vars in 492 bytes} [Thu Jun 30 12:28:37 2022] GET / => generated 1323 bytes in 3 msecs (HTTP/1.1 300) 3 headers in 106 bytes (1 switches on core 0)
Jun 30 12:28:37 ubuntu devstack@g-api.service[125309]: DEBUG glance.api.middleware.version_negotiation [None req-9c98414b-2fa2-4c89-bce4-b7be1fd89b2a admin admin] Determining version of request: GET /v2/images/9e453d88-6501-46ee-a591-78db67239858 Accept: */* {{(pid=125309) process_request /opt/stack/glance/glance/api/middleware/version_negotiation.py:44}}
Jun 30 12:28:37 ubuntu devstack@g-api.service[125309]: DEBUG glance.api.middleware.version_negotiation [None req-9c98414b-2fa2-4c89-bce4-b7be1fd89b2a admin admin] Using url versioning {{(pid=125309) process_request /opt/stack/glance/glance/api/middleware/version_negotiation.py:57}}
Jun 30 12:28:37 ubuntu devstack@g-api.service[125309]: DEBUG glance.api.middleware.version_negotiation [None req-9c98414b-2fa2-4c89-bce4-b7be1fd89b2a admin admin] Matched version: v2 {{(pid=125309) process_request /opt/stack/glance/glance/api/middleware/version_negotiation.py:69}}
Jun 30 12:28:37 ubuntu devstack@g-api.service[125309]: DEBUG glance.api.middleware.version_negotiation [None req-9c98414b-2fa2-4c89-bce4-b7be1fd89b2a admin admin] new path /v2/images/9e453d88-6501-46ee-a591-78db67239858 {{(pid=125309) process_request /opt/stack/glance/glance/api/middleware/version_negotiation.py:70}}
Jun 30 12:28:38 ubuntu devstack@g-api.service[125309]: WARNING keystonemiddleware.auth_token [None req-9c98414b-2fa2-4c89-bce4-b7be1fd89b2a admin admin] A valid token was submitted as a service token, but it was not a valid service token. This is incorrect but backwards compatible behaviour. This will be removed in future releases.
Jun 30 12:28:38 ubuntu devstack@g-api.service[125309]: [pid: 125309|app: 0|req: 9/19] 127.0.0.1 () {42 vars in 1049 bytes} [Thu Jun 30 12:28:37 2022] GET /v2/images/9e453d88-6501-46ee-a591-78db67239858 => generated 976 bytes in 118 msecs (HTTP/1.1 200) 4 headers in 157 bytes (1 switches on core 0)
Jun 30 12:28:38 ubuntu devstack@g-api.service[125308]: DEBUG glance.api.middleware.version_negotiation [None req-77399cc2-4c60-4fc3-9e9c-0f661828262f admin admin] Determining version of request: GET /v2/schemas/image Accept: */* {{(pid=125308) process_request /opt/stack/glance/glance/api/middleware/version_negotiation.py:44}}
Jun 30 12:28:38 ubuntu devstack@g-api.service[125308]: DEBUG glance.api.middleware.version_negotiation [None req-77399cc2-4c60-4fc3-9e9c-0f661828262f admin admin] Using url versioning {{(pid=125308) process_request /opt/stack/glance/glance/api/middleware/version_negotiation.py:57}}
Jun 30 12:28:38 ubuntu devstack@g-api.service[125308]: DEBUG glance.api.middleware.version_negotiation [None req-77399cc2-4c60-4fc3-9e9c-0f661828262f admin admin] Matched version: v2 {{(pid=125308) process_request /opt/stack/glance/glance/api/middleware/version_negotiation.py:69}}
Jun 30 12:28:38 ubuntu devstack@g-api.service[125308]: DEBUG glance.api.middleware.version_negotiation [None req-77399cc2-4c60-4fc3-9e9c-0f661828262f admin admin] new path /v2/schemas/image {{(pid=125308) process_request /opt/stack/glance/glance/api/middleware/version_negotiation.py:70}}
Jun 30 12:28:38 ubuntu devstack@g-api.service[125308]: WARNING keystonemiddleware.auth_token [None req-77399cc2-4c60-4fc3-9e9c-0f661828262f admin admin] A valid token was submitted as a service token, but it was not a valid service token. This is incorrect but backwards compatible behaviour. This will be removed in future releases.
Jun 30 12:28:38 ubuntu devstack@g-api.service[125308]: [pid: 125308|app: 0|req: 11/20] 127.0.0.1 () {42 vars in 989 bytes} [Thu Jun 30 12:28:38 2022] GET /v2/schemas/image => generated 6083 bytes in 10 msecs (HTTP/1.1 200) 4 headers in 158 bytes (1 switches on core 0)
Jun 30 12:28:40 ubuntu devstack@g-api.service[125309]: DEBUG glance.api.middleware.version_negotiation [None req-e1eabed5-a58f-490d-8e94-3778f0aedad1 tempest-VolumesAdminNegativeTest-347830608 tempest-VolumesAdminNegativeTest-347830608-project] Determining version of request: GET /v2/images/9e453d88-6501-46ee-a591-78db67239858 Accept: */* {{(pid=125309) process_request /opt/stack/glance/glance/api/middleware/version_negotiation.py:44}}
Jun 30 12:28:40 ubuntu devstack@g-api.service[125309]: DEBUG glance.api.middleware.version_negotiation [None req-e1eabed5-a58f-490d-8e94-3778f0aedad1 tempest-VolumesAdminNegativeTest-347830608 tempest-VolumesAdminNegativeTest-347830608-project] Using url versioning {{(pid=125309) process_request /opt/stack/glance/glance/api/middleware/version_negotiation.py:57}}
Jun 30 12:28:40 ubuntu devstack@g-api.service[125309]: DEBUG glance.api.middleware.version_negotiation [None req-e1eabed5-a58f-490d-8e94-3778f0aedad1 tempest-VolumesAdminNegativeTest-347830608 tempest-VolumesAdminNegativeTest-347830608-project] Matched version: v2 {{(pid=125309) process_request /opt/stack/glance/glance/api/middleware/version_negotiation.py:69}}
Jun 30 12:28:40 ubuntu devstack@g-api.service[125309]: DEBUG glance.api.middleware.version_negotiation [None req-e1eabed5-a58f-490d-8e94-3778f0aedad1 tempest-VolumesAdminNegativeTest-347830608 tempest-VolumesAdminNegativeTest-347830608-project] new path /v2/images/9e453d88-6501-46ee-a591-78db67239858 {{(pid=125309) process_request /opt/stack/glance/glance/api/middleware/version_negotiation.py:70}}
Jun 30 12:28:40 ubuntu devstack@g-api.service[125309]: [pid: 125309|app: 0|req: 10/21] 127.0.0.1 () {42 vars in 1049 bytes} [Thu Jun 30 12:28:40 2022] GET /v2/images/9e453d88-6501-46ee-a591-78db67239858 => generated 976 bytes in 18 msecs (HTTP/1.1 200) 4 headers in 157 bytes (1 switches on core 0)
Jun 30 12:28:40 ubuntu devstack@g-api.service[125308]: DEBUG glance.api.middleware.version_negotiation [None req-e1eabed5-a58f-490d-8e94-3778f0aedad1 tempest-VolumesAdminNegativeTest-347830608 tempest-VolumesAdminNegativeTest-347830608-project] Determining version of request: GET /v2/images/9e453d88-6501-46ee-a591-78db67239858/file Accept: */* {{(pid=125308) process_request /opt/stack/glance/glance/api/middleware/version_negotiation.py:44}}
Jun 30 12:28:40 ubuntu devstack@g-api.service[125308]: DEBUG glance.api.middleware.version_negotiation [None req-e1eabed5-a58f-490d-8e94-3778f0aedad1 tempest-VolumesAdminNegativeTest-347830608 tempest-VolumesAdminNegativeTest-347830608-project] Using url versioning {{(pid=125308) process_request /opt/stack/glance/glance/api/middleware/version_negotiation.py:57}}
Jun 30 12:28:40 ubuntu devstack@g-api.service[125308]: DEBUG glance.api.middleware.version_negotiation [None req-e1eabed5-a58f-490d-8e94-3778f0aedad1 tempest-VolumesAdminNegativeTest-347830608 tempest-VolumesAdminNegativeTest-347830608-project] Matched version: v2 {{(pid=125308) process_request /opt/stack/glance/glance/api/middleware/version_negotiation.py:69}}
Jun 30 12:28:40 ubuntu devstack@g-api.service[125308]: DEBUG glance.api.middleware.version_negotiation [None req-e1eabed5-a58f-490d-8e94-3778f0aedad1 tempest-VolumesAdminNegativeTest-347830608 tempest-VolumesAdminNegativeTest-347830608-project] new path /v2/images/9e453d88-6501-46ee-a591-78db67239858/file {{(pid=125308) process_request /opt/stack/glance/glance/api/middleware/version_negotiation.py:70}}
Jun 30 12:28:40 ubuntu devstack@g-api.service[125308]: DEBUG glance_store.backend [None req-e1eabed5-a58f-490d-8e94-3778f0aedad1 tempest-VolumesAdminNegativeTest-347830608 tempest-VolumesAdminNegativeTest-347830608-project] Attempting to import store swift {{(pid=125308) _load_store /usr/local/lib/python3.8/dist-packages/glance_store/backend.py:217}}
Jun 30 12:28:40 ubuntu devstack@g-api.service[125308]: DEBUG glance_store.capabilities [None req-e1eabed5-a58f-490d-8e94-3778f0aedad1 tempest-VolumesAdminNegativeTest-347830608 tempest-VolumesAdminNegativeTest-347830608-project] Store glance_store._drivers.swift.store.SingleTenantStore doesn't support updating dynamic storage capabilities. Please overwrite 'update_capabilities' method of the store to implement updating logics if needed. {{(pid=125308) update_capabilities /usr/local/lib/python3.8/dist-packages/glance_store/capabilities.py:91}}
Jun 30 12:28:40 ubuntu devstack@g-api.service[125308]: DEBUG glance_store.driver [None req-e1eabed5-a58f-490d-8e94-3778f0aedad1 tempest-VolumesAdminNegativeTest-347830608 tempest-VolumesAdminNegativeTest-347830608-project] Late loading location class glance_store._drivers.swift.store.StoreLocation {{(pid=125308) get_store_location_class /usr/local/lib/python3.8/dist-packages/glance_store/driver.py:117}}
Jun 30 12:28:40 ubuntu devstack@g-api.service[125308]: DEBUG glance_store.location [None req-e1eabed5-a58f-490d-8e94-3778f0aedad1 tempest-VolumesAdminNegativeTest-347830608 tempest-VolumesAdminNegativeTest-347830608-project] Registering scheme swift+https with {'store': <glance_store._drivers.swift.store.SingleTenantStore object at 0x7fe430d7fac0>, 'location_class': <class 'glance_store._drivers.swift.store.StoreLocation'>, 'store_entry': 'swift'} {{(pid=125308) register_scheme_map /usr/local/lib/python3.8/dist-packages/glance_store/location.py:146}}
Jun 30 12:28:40 ubuntu devstack@g-api.service[125308]: DEBUG glance_store.location [None req-e1eabed5-a58f-490d-8e94-3778f0aedad1 tempest-VolumesAdminNegativeTest-347830608 tempest-VolumesAdminNegativeTest-347830608-project] Registering scheme swift+https with {'store': <glance_store._drivers.swift.store.SingleTenantStore object at 0x7fe430d7fac0>, 'location_class': <class 'glance_store._drivers.swift.store.StoreLocation'>, 'store_entry': 'swift'} {{(pid=125308) register_scheme_map /usr/local/lib/python3.8/dist-packages/glance_store/location.py:146}}
Jun 30 12:28:40 ubuntu devstack@g-api.service[125308]: DEBUG glance_store.location [None req-e1eabed5-a58f-490d-8e94-3778f0aedad1 tempest-VolumesAdminNegativeTest-347830608 tempest-VolumesAdminNegativeTest-347830608-project] Registering scheme swift with {'store': <glance_store._drivers.swift.store.SingleTenantStore object at 0x7fe430d7fac0>, 'location_class': <class 'glance_store._drivers.swift.store.StoreLocation'>, 'store_entry': 'swift'} {{(pid=125308) register_scheme_map /usr/local/lib/python3.8/dist-packages/glance_store/location.py:146}}
Jun 30 12:28:40 ubuntu devstack@g-api.service[125308]: DEBUG glance_store.location [None req-e1eabed5-a58f-490d-8e94-3778f0aedad1 tempest-VolumesAdminNegativeTest-347830608 tempest-VolumesAdminNegativeTest-347830608-project] Registering scheme swift+https with {'store': <glance_store._drivers.swift.store.SingleTenantStore object at 0x7fe430d7fac0>, 'location_class': <class 'glance_store._drivers.swift.store.StoreLocation'>, 'store_entry': 'swift'} {{(pid=125308) register_scheme_map /usr/local/lib/python3.8/dist-packages/glance_store/location.py:146}}
Jun 30 12:28:40 ubuntu devstack@g-api.service[125308]: DEBUG glance_store.location [None req-e1eabed5-a58f-490d-8e94-3778f0aedad1 tempest-VolumesAdminNegativeTest-347830608 tempest-VolumesAdminNegativeTest-347830608-project] Registering scheme swift with {'store': <glance_store._drivers.swift.store.SingleTenantStore object at 0x7fe430d7fac0>, 'location_class': <class 'glance_store._drivers.swift.store.StoreLocation'>, 'store_entry': 'swift'} {{(pid=125308) register_scheme_map /usr/local/lib/python3.8/dist-packages/glance_store/location.py:146}}
Jun 30 12:28:40 ubuntu devstack@g-api.service[125308]: DEBUG glance_store.location [None req-e1eabed5-a58f-490d-8e94-3778f0aedad1 tempest-VolumesAdminNegativeTest-347830608 tempest-VolumesAdminNegativeTest-347830608-project] Registering scheme swift+http with {'store': <glance_store._drivers.swift.store.SingleTenantStore object at 0x7fe430d7fac0>, 'location_class': <class 'glance_store._drivers.swift.store.StoreLocation'>, 'store_entry': 'swift'} {{(pid=125308) register_scheme_map /usr/local/lib/python3.8/dist-packages/glance_store/location.py:146}}
Jun 30 12:28:40 ubuntu devstack@g-api.service[125308]: DEBUG glance_store.location [None req-e1eabed5-a58f-490d-8e94-3778f0aedad1 tempest-VolumesAdminNegativeTest-347830608 tempest-VolumesAdminNegativeTest-347830608-project] Registering scheme swift+https with {'store': <glance_store._drivers.swift.store.SingleTenantStore object at 0x7fe430d7fac0>, 'location_class': <class 'glance_store._drivers.swift.store.StoreLocation'>, 'store_entry': 'swift'} {{(pid=125308) register_scheme_map /usr/local/lib/python3.8/dist-packages/glance_store/location.py:146}}
Jun 30 12:28:40 ubuntu devstack@g-api.service[125308]: DEBUG glance_store.location [None req-e1eabed5-a58f-490d-8e94-3778f0aedad1 tempest-VolumesAdminNegativeTest-347830608 tempest-VolumesAdminNegativeTest-347830608-project] Registering scheme swift with {'store': <glance_store._drivers.swift.store.SingleTenantStore object at 0x7fe430d7fac0>, 'location_class': <class 'glance_store._drivers.swift.store.StoreLocation'>, 'store_entry': 'swift'} {{(pid=125308) register_scheme_map /usr/local/lib/python3.8/dist-packages/glance_store/location.py:146}}
Jun 30 12:28:40 ubuntu devstack@g-api.service[125308]: DEBUG glance_store.location [None req-e1eabed5-a58f-490d-8e94-3778f0aedad1 tempest-VolumesAdminNegativeTest-347830608 tempest-VolumesAdminNegativeTest-347830608-project] Registering scheme swift+http with {'store': <glance_store._drivers.swift.store.SingleTenantStore object at 0x7fe430d7fac0>, 'location_class': <class 'glance_store._drivers.swift.store.StoreLocation'>, 'store_entry': 'swift'} {{(pid=125308) register_scheme_map /usr/local/lib/python3.8/dist-packages/glance_store/location.py:146}}
Jun 30 12:28:40 ubuntu devstack@g-api.service[125308]: DEBUG glance_store.location [None req-e1eabed5-a58f-490d-8e94-3778f0aedad1 tempest-VolumesAdminNegativeTest-347830608 tempest-VolumesAdminNegativeTest-347830608-project] Registering scheme swift+config with {'store': <glance_store._drivers.swift.store.SingleTenantStore object at 0x7fe430d7fac0>, 'location_class': <class 'glance_store._drivers.swift.store.StoreLocation'>, 'store_entry': 'swift'} {{(pid=125308) register_scheme_map /usr/local/lib/python3.8/dist-packages/glance_store/location.py:146}}
Jun 30 12:28:40 ubuntu devstack@g-api.service[125308]: DEBUG swiftclient [None req-e1eabed5-a58f-490d-8e94-3778f0aedad1 tempest-VolumesAdminNegativeTest-347830608 tempest-VolumesAdminNegativeTest-347830608-project] REQ: curl -i http://192.168.79.39:8080/v1/AUTH_2fa4efafc0024ceaa4c01448cb49c6ef/glance/9e453d88-6501-46ee-a591-78db67239858 -X GET -H "X-Auth-Token: gAAAAABivZb4S8jy..." {{(pid=125308) http_log /usr/local/lib/python3.8/dist-packages/swiftclient/client.py:157}}
Jun 30 12:28:40 ubuntu devstack@g-api.service[125308]: DEBUG swiftclient [None req-e1eabed5-a58f-490d-8e94-3778f0aedad1 tempest-VolumesAdminNegativeTest-347830608 tempest-VolumesAdminNegativeTest-347830608-project] RESP STATUS: 200 OK {{(pid=125308) http_log /usr/local/lib/python3.8/dist-packages/swiftclient/client.py:158}}
Jun 30 12:28:40 ubuntu devstack@g-api.service[125308]: DEBUG swiftclient [None req-e1eabed5-a58f-490d-8e94-3778f0aedad1 tempest-VolumesAdminNegativeTest-347830608 tempest-VolumesAdminNegativeTest-347830608-project] RESP HEADERS: {'Content-Type': 'application/octet-stream', 'Etag': '1d3062cd89af34e419f7100277f38b2b', 'Last-Modified': 'Thu, 30 Jun 2022 12:23:11 GMT', 'X-Timestamp': '1656591790.62769', 'Accept-Ranges': 'bytes', 'Content-Length': '16338944', 'X-Trans-Id': 'tx6062e4b02f52407ba3a6e-0062bd96f8', 'X-Openstack-Request-Id': 'tx6062e4b02f52407ba3a6e-0062bd96f8', 'Date': 'Thu, 30 Jun 2022 12:28:40 GMT'} {{(pid=125308) http_log /usr/local/lib/python3.8/dist-packages/swiftclient/client.py:159}}
Jun 30 12:28:40 ubuntu devstack@g-api.service[125308]: DEBUG glance.image_cache [None req-e1eabed5-a58f-490d-8e94-3778f0aedad1 tempest-VolumesAdminNegativeTest-347830608 tempest-VolumesAdminNegativeTest-347830608-project] Tee'ing image '9e453d88-6501-46ee-a591-78db67239858' into cache {{(pid=125308) get_caching_iter /opt/stack/glance/glance/image_cache/__init__.py:343}}
Jun 30 12:28:40 ubuntu devstack@g-api.service[125308]: DEBUG glance.image_cache.drivers.sqlite [None req-e1eabed5-a58f-490d-8e94-3778f0aedad1 tempest-VolumesAdminNegativeTest-347830608 tempest-VolumesAdminNegativeTest-347830608-project] Fetch finished, moving '/opt/stack/data/glance/cache/incomplete/9e453d88-6501-46ee-a591-78db67239858' to '/opt/stack/data/glance/cache/9e453d88-6501-46ee-a591-78db67239858' {{(pid=125308) commit /opt/stack/glance/glance/image_cache/drivers/sqlite.py:324}}
Jun 30 12:28:40 ubuntu devstack@g-api.service[125308]: [pid: 125308|app: 0|req: 12/22] 127.0.0.1 () {42 vars in 1059 bytes} [Thu Jun 30 12:28:40 2022] GET /v2/images/9e453d88-6501-46ee-a591-78db67239858/file => generated 16338944 bytes in 428 msecs (HTTP/1.1 200) 4 headers in 191 bytes (251 switches on core 0)
Jun 30 12:28:50 ubuntu devstack@g-api.service[125309]: DEBUG dbcounter [-] [125309] Writing DB stats glance:SELECT=8 {{(pid=125309) stat_writer /usr/local/lib/python3.8/dist-packages/dbcounter.py:114}}
Jun 30 12:28:50 ubuntu devstack@g-api.service[125308]: DEBUG dbcounter [-] [125308] Writing DB stats glance:SELECT=8 {{(pid=125308) stat_writer /usr/local/lib/python3.8/dist-packages/dbcounter.py:114}}
Jun 30 12:29:05 ubuntu devstack@g-api.service[125309]: DEBUG glance.api.middleware.version_negotiation [None req-e1eabed5-a58f-490d-8e94-3778f0aedad1 tempest-VolumesAdminNegativeTest-347830608 tempest-VolumesAdminNegativeTest-347830608-project] Determining version of request: GET / Accept: application/json {{(pid=125309) process_request /opt/stack/glance/glance/api/middleware/version_negotiation.py:44}}
Jun 30 12:29:05 ubuntu devstack@g-api.service[125309]: DEBUG glance.api.middleware.version_negotiation [None req-e1eabed5-a58f-490d-8e94-3778f0aedad1 tempest-VolumesAdminNegativeTest-347830608 tempest-VolumesAdminNegativeTest-347830608-project] Using url versioning {{(pid=125309) process_request /opt/stack/glance/glance/api/middleware/version_negotiation.py:57}}
Jun 30 12:29:05 ubuntu devstack@g-api.service[125309]: DEBUG glance.api.middleware.version_negotiation [None req-e1eabed5-a58f-490d-8e94-3778f0aedad1 tempest-VolumesAdminNegativeTest-347830608 tempest-VolumesAdminNegativeTest-347830608-project] Unknown version. Returning version choices. {{(pid=125309) process_request /opt/stack/glance/glance/api/middleware/version_negotiation.py:64}}
Jun 30 12:29:05 ubuntu devstack@g-api.service[125309]: [pid: 125309|app: 0|req: 11/23] 127.0.0.1 () {34 vars in 492 bytes} [Thu Jun 30 12:29:05 2022] GET / => generated 1323 bytes in 6 msecs (HTTP/1.1 300) 3 headers in 106 bytes (1 switches on core 0)
Jun 30 12:29:05 ubuntu devstack@g-api.service[125308]: DEBUG glance.api.middleware.version_negotiation [None req-e1eabed5-a58f-490d-8e94-3778f0aedad1 tempest-VolumesAdminNegativeTest-347830608 tempest-VolumesAdminNegativeTest-347830608-project] Determining version of request: GET /v2/images/9e453d88-6501-46ee-a591-78db67239858 Accept: */* {{(pid=125308) process_request /opt/stack/glance/glance/api/middleware/version_negotiation.py:44}}
Jun 30 12:29:05 ubuntu devstack@g-api.service[125308]: DEBUG glance.api.middleware.version_negotiation [None req-e1eabed5-a58f-490d-8e94-3778f0aedad1 tempest-VolumesAdminNegativeTest-347830608 tempest-VolumesAdminNegativeTest-347830608-project] Using url versioning {{(pid=125308) process_request /opt/stack/glance/glance/api/middleware/version_negotiation.py:57}}
Jun 30 12:29:05 ubuntu devstack@g-api.service[125308]: DEBUG glance.api.middleware.version_negotiation [None req-e1eabed5-a58f-490d-8e94-3778f0aedad1 tempest-VolumesAdminNegativeTest-347830608 tempest-VolumesAdminNegativeTest-347830608-project] Matched version: v2 {{(pid=125308) process_request /opt/stack/glance/glance/api/middleware/version_negotiation.py:69}}
Jun 30 12:29:05 ubuntu devstack@g-api.service[125308]: DEBUG glance.api.middleware.version_negotiation [None req-e1eabed5-a58f-490d-8e94-3778f0aedad1 tempest-VolumesAdminNegativeTest-347830608 tempest-VolumesAdminNegativeTest-347830608-project] new path /v2/images/9e453d88-6501-46ee-a591-78db67239858 {{(pid=125308) process_request /opt/stack/glance/glance/api/middleware/version_negotiation.py:70}}
Jun 30 12:29:05 ubuntu devstack@g-api.service[125308]: [pid: 125308|app: 0|req: 13/24] 127.0.0.1 () {42 vars in 1049 bytes} [Thu Jun 30 12:29:05 2022] GET /v2/images/9e453d88-6501-46ee-a591-78db67239858 => generated 976 bytes in 26 msecs (HTTP/1.1 200) 4 headers in 157 bytes (1 switches on core 0)
Jun 30 12:29:05 ubuntu devstack@g-api.service[125309]: DEBUG glance.api.middleware.version_negotiation [None req-e1eabed5-a58f-490d-8e94-3778f0aedad1 tempest-VolumesAdminNegativeTest-347830608 tempest-VolumesAdminNegativeTest-347830608-project] Determining version of request: GET /v2/schemas/image Accept: */* {{(pid=125309) process_request /opt/stack/glance/glance/api/middleware/version_negotiation.py:44}}
Jun 30 12:29:05 ubuntu devstack@g-api.service[125309]: DEBUG glance.api.middleware.version_negotiation [None req-e1eabed5-a58f-490d-8e94-3778f0aedad1 tempest-VolumesAdminNegativeTest-347830608 tempest-VolumesAdminNegativeTest-347830608-project] Using url versioning {{(pid=125309) process_request /opt/stack/glance/glance/api/middleware/version_negotiation.py:57}}
Jun 30 12:29:05 ubuntu devstack@g-api.service[125309]: DEBUG glance.api.middleware.version_negotiation [None req-e1eabed5-a58f-490d-8e94-3778f0aedad1 tempest-VolumesAdminNegativeTest-347830608 tempest-VolumesAdminNegativeTest-347830608-project] Matched version: v2 {{(pid=125309) process_request /opt/stack/glance/glance/api/middleware/version_negotiation.py:69}}
Jun 30 12:29:05 ubuntu devstack@g-api.service[125309]: DEBUG glance.api.middleware.version_negotiation [None req-e1eabed5-a58f-490d-8e94-3778f0aedad1 tempest-VolumesAdminNegativeTest-347830608 tempest-VolumesAdminNegativeTest-347830608-project] new path /v2/schemas/image {{(pid=125309) process_request /opt/stack/glance/glance/api/middleware/version_negotiation.py:70}}
Jun 30 12:29:05 ubuntu devstack@g-api.service[125309]: [pid: 125309|app: 0|req: 12/25] 127.0.0.1 () {42 vars in 989 bytes} [Thu Jun 30 12:29:05 2022] GET /v2/schemas/image => generated 6083 bytes in 10 msecs (HTTP/1.1 200) 4 headers in 158 bytes (1 switches on core 0)
Jun 30 12:29:15 ubuntu devstack@g-api.service[125308]: DEBUG dbcounter [-] [125308] Writing DB stats glance:SELECT=4 {{(pid=125308) stat_writer /usr/local/lib/python3.8/dist-packages/dbcounter.py:114}}
Jun 30 12:29:33 ubuntu devstack@g-api.service[125308]: DEBUG glance.api.middleware.version_negotiation [None req-fb7da14d-3eaf-433f-992b-fd1bfab62d92 tempest-DeleteServersTestJSON-733027108 tempest-DeleteServersTestJSON-733027108-project] Determining version of request: GET /v2/images/9e453d88-6501-46ee-a591-78db67239858 Accept: */* {{(pid=125308) process_request /opt/stack/glance/glance/api/middleware/version_negotiation.py:44}}
