Jun 09 01:35:07 ubuntu devstack@g-api.service[130599]: DEBUG glance_store.capabilities [None req-ee80625a-9775-4754-bd4d-66bb93e2e512 admin admin] Store glance_store._drivers.swift.store.SingleTenantStore doesn't support updating dynamic storage capabilities. Please overwrite 'update_capabilities' method of the store to implement updating logics if needed. {{(pid=130599) update_capabilities /usr/local/lib/python3.8/dist-packages/glance_store/capabilities.py:91}}
Jun 09 01:35:07 ubuntu devstack@g-api.service[130599]: DEBUG glance_store.driver [None req-ee80625a-9775-4754-bd4d-66bb93e2e512 admin admin] Late loading location class glance_store._drivers.swift.store.StoreLocation {{(pid=130599) get_store_location_class /usr/local/lib/python3.8/dist-packages/glance_store/driver.py:117}}
Jun 09 01:35:07 ubuntu devstack@g-api.service[130599]: DEBUG glance_store.location [None req-ee80625a-9775-4754-bd4d-66bb93e2e512 admin admin] Registering scheme swift+https with {'store': <glance_store._drivers.swift.store.SingleTenantStore object at 0x7fe357293130>, 'location_class': <class 'glance_store._drivers.swift.store.StoreLocation'>, 'store_entry': 'swift'} {{(pid=130599) register_scheme_map /usr/local/lib/python3.8/dist-packages/glance_store/location.py:146}}
Jun 09 01:35:07 ubuntu devstack@g-api.service[130599]: DEBUG glance_store.location [None req-ee80625a-9775-4754-bd4d-66bb93e2e512 admin admin] Registering scheme swift+https with {'store': <glance_store._drivers.swift.store.SingleTenantStore object at 0x7fe357293130>, 'location_class': <class 'glance_store._drivers.swift.store.StoreLocation'>, 'store_entry': 'swift'} {{(pid=130599) register_scheme_map /usr/local/lib/python3.8/dist-packages/glance_store/location.py:146}}
Jun 09 01:35:07 ubuntu devstack@g-api.service[130599]: DEBUG glance_store.location [None req-ee80625a-9775-4754-bd4d-66bb93e2e512 admin admin] Registering scheme swift with {'store': <glance_store._drivers.swift.store.SingleTenantStore object at 0x7fe357293130>, 'location_class': <class 'glance_store._drivers.swift.store.StoreLocation'>, 'store_entry': 'swift'} {{(pid=130599) register_scheme_map /usr/local/lib/python3.8/dist-packages/glance_store/location.py:146}}
Jun 09 01:35:07 ubuntu devstack@g-api.service[130599]: DEBUG glance_store.location [None req-ee80625a-9775-4754-bd4d-66bb93e2e512 admin admin] Registering scheme swift+https with {'store': <glance_store._drivers.swift.store.SingleTenantStore object at 0x7fe357293130>, 'location_class': <class 'glance_store._drivers.swift.store.StoreLocation'>, 'store_entry': 'swift'} {{(pid=130599) register_scheme_map /usr/local/lib/python3.8/dist-packages/glance_store/location.py:146}}
Jun 09 01:35:07 ubuntu devstack@g-api.service[130599]: DEBUG glance_store.location [None req-ee80625a-9775-4754-bd4d-66bb93e2e512 admin admin] Registering scheme swift with {'store': <glance_store._drivers.swift.store.SingleTenantStore object at 0x7fe357293130>, 'location_class': <class 'glance_store._drivers.swift.store.StoreLocation'>, 'store_entry': 'swift'} {{(pid=130599) register_scheme_map /usr/local/lib/python3.8/dist-packages/glance_store/location.py:146}}
Jun 09 01:35:07 ubuntu devstack@g-api.service[130599]: DEBUG glance_store.location [None req-ee80625a-9775-4754-bd4d-66bb93e2e512 admin admin] Registering scheme swift+http with {'store': <glance_store._drivers.swift.store.SingleTenantStore object at 0x7fe357293130>, 'location_class': <class 'glance_store._drivers.swift.store.StoreLocation'>, 'store_entry': 'swift'} {{(pid=130599) register_scheme_map /usr/local/lib/python3.8/dist-packages/glance_store/location.py:146}}
Jun 09 01:35:07 ubuntu devstack@g-api.service[130599]: DEBUG glance_store.location [None req-ee80625a-9775-4754-bd4d-66bb93e2e512 admin admin] Registering scheme swift+https with {'store': <glance_store._drivers.swift.store.SingleTenantStore object at 0x7fe357293130>, 'location_class': <class 'glance_store._drivers.swift.store.StoreLocation'>, 'store_entry': 'swift'} {{(pid=130599) register_scheme_map /usr/local/lib/python3.8/dist-packages/glance_store/location.py:146}}
Jun 09 01:35:07 ubuntu devstack@g-api.service[130599]: DEBUG glance_store.location [None req-ee80625a-9775-4754-bd4d-66bb93e2e512 admin admin] Registering scheme swift with {'store': <glance_store._drivers.swift.store.SingleTenantStore object at 0x7fe357293130>, 'location_class': <class 'glance_store._drivers.swift.store.StoreLocation'>, 'store_entry': 'swift'} {{(pid=130599) register_scheme_map /usr/local/lib/python3.8/dist-packages/glance_store/location.py:146}}
Jun 09 01:35:07 ubuntu devstack@g-api.service[130599]: DEBUG glance_store.location [None req-ee80625a-9775-4754-bd4d-66bb93e2e512 admin admin] Registering scheme swift+http with {'store': <glance_store._drivers.swift.store.SingleTenantStore object at 0x7fe357293130>, 'location_class': <class 'glance_store._drivers.swift.store.StoreLocation'>, 'store_entry': 'swift'} {{(pid=130599) register_scheme_map /usr/local/lib/python3.8/dist-packages/glance_store/location.py:146}}
Jun 09 01:35:07 ubuntu devstack@g-api.service[130599]: DEBUG glance_store.location [None req-ee80625a-9775-4754-bd4d-66bb93e2e512 admin admin] Registering scheme swift+config with {'store': <glance_store._drivers.swift.store.SingleTenantStore object at 0x7fe357293130>, 'location_class': <class 'glance_store._drivers.swift.store.StoreLocation'>, 'store_entry': 'swift'} {{(pid=130599) register_scheme_map /usr/local/lib/python3.8/dist-packages/glance_store/location.py:146}}
Jun 09 01:35:07 ubuntu devstack@g-api.service[130599]: DEBUG glance_store.backend [None req-ee80625a-9775-4754-bd4d-66bb93e2e512 admin admin] Skipping store.set_acls... not implemented. {{(pid=130599) set_acls /usr/local/lib/python3.8/dist-packages/glance_store/backend.py:509}}
Jun 09 01:35:07 ubuntu devstack@g-api.service[130599]: [pid: 130599|app: 0|req: 3/4] 127.0.0.1 () {40 vars in 862 bytes} [Thu Jun  9 01:35:04 2022] PUT /v2/images/1b6c09fd-10e0-48ff-807b-e6cbcb6f5fb7/file => generated 0 bytes in 2199 msecs (HTTP/1.1 204) 4 headers in 171 bytes (1 switches on core 0)
Jun 09 01:35:14 ubuntu devstack@g-api.service[130598]: DEBUG dbcounter [-] [130598] Writing DB stats glance:SELECT=9,glance:INSERT=5 {{(pid=130598) stat_writer /usr/local/lib/python3.8/dist-packages/dbcounter.py:114}}
Jun 09 01:35:17 ubuntu devstack@g-api.service[130599]: DEBUG dbcounter [-] [130599] Writing DB stats glance:SELECT=28,glance:UPDATE=2,glance:INSERT=1 {{(pid=130599) stat_writer /usr/local/lib/python3.8/dist-packages/dbcounter.py:114}}
Jun 09 01:35:48 ubuntu devstack@g-api.service[130598]: DEBUG glance.api.middleware.version_negotiation [None req-3a6c7542-3169-467d-b64c-52c85ddc0279 admin admin] Determining version of request: GET / Accept: application/json {{(pid=130598) process_request /opt/stack/glance/glance/api/middleware/version_negotiation.py:44}}
Jun 09 01:35:48 ubuntu devstack@g-api.service[130598]: DEBUG glance.api.middleware.version_negotiation [None req-3a6c7542-3169-467d-b64c-52c85ddc0279 admin admin] Using url versioning {{(pid=130598) process_request /opt/stack/glance/glance/api/middleware/version_negotiation.py:57}}
Jun 09 01:35:48 ubuntu devstack@g-api.service[130598]: DEBUG glance.api.middleware.version_negotiation [None req-3a6c7542-3169-467d-b64c-52c85ddc0279 admin admin] Unknown version. Returning version choices. {{(pid=130598) process_request /opt/stack/glance/glance/api/middleware/version_negotiation.py:64}}
Jun 09 01:35:48 ubuntu devstack@g-api.service[130598]: [pid: 130598|app: 0|req: 2/5] 127.0.0.1 () {34 vars in 506 bytes} [Thu Jun  9 01:35:48 2022] GET / => generated 1323 bytes in 2 msecs (HTTP/1.1 300) 3 headers in 106 bytes (1 switches on core 0)
Jun 09 01:35:48 ubuntu devstack@g-api.service[130599]: DEBUG glance.api.middleware.version_negotiation [None req-ee80625a-9775-4754-bd4d-66bb93e2e512 admin admin] Determining version of request: GET /v2/images Accept: application/json {{(pid=130599) process_request /opt/stack/glance/glance/api/middleware/version_negotiation.py:44}}
Jun 09 01:35:48 ubuntu devstack@g-api.service[130599]: DEBUG glance.api.middleware.version_negotiation [None req-ee80625a-9775-4754-bd4d-66bb93e2e512 admin admin] Using url versioning {{(pid=130599) process_request /opt/stack/glance/glance/api/middleware/version_negotiation.py:57}}
Jun 09 01:35:48 ubuntu devstack@g-api.service[130599]: DEBUG glance.api.middleware.version_negotiation [None req-ee80625a-9775-4754-bd4d-66bb93e2e512 admin admin] Matched version: v2 {{(pid=130599) process_request /opt/stack/glance/glance/api/middleware/version_negotiation.py:69}}
Jun 09 01:35:48 ubuntu devstack@g-api.service[130599]: DEBUG glance.api.middleware.version_negotiation [None req-ee80625a-9775-4754-bd4d-66bb93e2e512 admin admin] new path /v2/images {{(pid=130599) process_request /opt/stack/glance/glance/api/middleware/version_negotiation.py:70}}
Jun 09 01:35:48 ubuntu devstack@g-api.service[130599]: [pid: 130599|app: 0|req: 4/6] 127.0.0.1 () {36 vars in 728 bytes} [Thu Jun  9 01:35:48 2022] GET /v2/images => generated 1045 bytes in 132 msecs (HTTP/1.1 200) 4 headers in 158 bytes (1 switches on core 0)
Jun 09 01:35:53 ubuntu devstack@g-api.service[130598]: DEBUG glance.api.middleware.version_negotiation [None req-3a6c7542-3169-467d-b64c-52c85ddc0279 admin admin] Determining version of request: GET / Accept: application/json {{(pid=130598) process_request /opt/stack/glance/glance/api/middleware/version_negotiation.py:44}}
Jun 09 01:35:53 ubuntu devstack@g-api.service[130598]: DEBUG glance.api.middleware.version_negotiation [None req-3a6c7542-3169-467d-b64c-52c85ddc0279 admin admin] Using url versioning {{(pid=130598) process_request /opt/stack/glance/glance/api/middleware/version_negotiation.py:57}}
Jun 09 01:35:53 ubuntu devstack@g-api.service[130598]: DEBUG glance.api.middleware.version_negotiation [None req-3a6c7542-3169-467d-b64c-52c85ddc0279 admin admin] Unknown version. Returning version choices. {{(pid=130598) process_request /opt/stack/glance/glance/api/middleware/version_negotiation.py:64}}
Jun 09 01:35:53 ubuntu devstack@g-api.service[130598]: [pid: 130598|app: 0|req: 3/7] 127.0.0.1 () {34 vars in 506 bytes} [Thu Jun  9 01:35:53 2022] GET / => generated 1323 bytes in 1 msecs (HTTP/1.1 300) 3 headers in 106 bytes (1 switches on core 0)
Jun 09 01:35:53 ubuntu devstack@g-api.service[130599]: DEBUG glance.api.middleware.version_negotiation [None req-3aab2bd8-d0e4-46a0-ba8d-fb2a342c5ef3 admin admin] Determining version of request: GET /v2/images/1b6c09fd-10e0-48ff-807b-e6cbcb6f5fb7 Accept: */* {{(pid=130599) process_request /opt/stack/glance/glance/api/middleware/version_negotiation.py:44}}
Jun 09 01:35:53 ubuntu devstack@g-api.service[130599]: DEBUG glance.api.middleware.version_negotiation [None req-3aab2bd8-d0e4-46a0-ba8d-fb2a342c5ef3 admin admin] Using url versioning {{(pid=130599) process_request /opt/stack/glance/glance/api/middleware/version_negotiation.py:57}}
Jun 09 01:35:53 ubuntu devstack@g-api.service[130599]: DEBUG glance.api.middleware.version_negotiation [None req-3aab2bd8-d0e4-46a0-ba8d-fb2a342c5ef3 admin admin] Matched version: v2 {{(pid=130599) process_request /opt/stack/glance/glance/api/middleware/version_negotiation.py:69}}
Jun 09 01:35:53 ubuntu devstack@g-api.service[130599]: DEBUG glance.api.middleware.version_negotiation [None req-3aab2bd8-d0e4-46a0-ba8d-fb2a342c5ef3 admin admin] new path /v2/images/1b6c09fd-10e0-48ff-807b-e6cbcb6f5fb7 {{(pid=130599) process_request /opt/stack/glance/glance/api/middleware/version_negotiation.py:70}}
Jun 09 01:35:53 ubuntu devstack@g-api.service[130599]: [pid: 130599|app: 0|req: 5/8] 127.0.0.1 () {36 vars in 789 bytes} [Thu Jun  9 01:35:53 2022] GET /v2/images/1b6c09fd-10e0-48ff-807b-e6cbcb6f5fb7 => generated 976 bytes in 62 msecs (HTTP/1.1 200) 4 headers in 157 bytes (1 switches on core 0)
Jun 09 01:35:57 ubuntu devstack@g-api.service[130598]: DEBUG glance.api.middleware.version_negotiation [None req-3a6c7542-3169-467d-b64c-52c85ddc0279 admin admin] Determining version of request: GET / Accept: application/json {{(pid=130598) process_request /opt/stack/glance/glance/api/middleware/version_negotiation.py:44}}
Jun 09 01:35:57 ubuntu devstack@g-api.service[130598]: DEBUG glance.api.middleware.version_negotiation [None req-3a6c7542-3169-467d-b64c-52c85ddc0279 admin admin] Using url versioning {{(pid=130598) process_request /opt/stack/glance/glance/api/middleware/version_negotiation.py:57}}
Jun 09 01:35:57 ubuntu devstack@g-api.service[130598]: DEBUG glance.api.middleware.version_negotiation [None req-3a6c7542-3169-467d-b64c-52c85ddc0279 admin admin] Unknown version. Returning version choices. {{(pid=130598) process_request /opt/stack/glance/glance/api/middleware/version_negotiation.py:64}}
Jun 09 01:35:57 ubuntu devstack@g-api.service[130598]: [pid: 130598|app: 0|req: 4/9] 127.0.0.1 () {34 vars in 506 bytes} [Thu Jun  9 01:35:57 2022] GET / => generated 1323 bytes in 4 msecs (HTTP/1.1 300) 3 headers in 106 bytes (1 switches on core 0)
Jun 09 01:35:57 ubuntu devstack@g-api.service[130599]: DEBUG glance.api.middleware.version_negotiation [None req-e709c5c1-2cd0-497e-8ddb-deee55f93cf6 admin admin] Determining version of request: GET /v2/images/1b6c09fd-10e0-48ff-807b-e6cbcb6f5fb7 Accept: */* {{(pid=130599) process_request /opt/stack/glance/glance/api/middleware/version_negotiation.py:44}}
Jun 09 01:35:57 ubuntu devstack@g-api.service[130599]: DEBUG glance.api.middleware.version_negotiation [None req-e709c5c1-2cd0-497e-8ddb-deee55f93cf6 admin admin] Using url versioning {{(pid=130599) process_request /opt/stack/glance/glance/api/middleware/version_negotiation.py:57}}
Jun 09 01:35:57 ubuntu devstack@g-api.service[130599]: DEBUG glance.api.middleware.version_negotiation [None req-e709c5c1-2cd0-497e-8ddb-deee55f93cf6 admin admin] Matched version: v2 {{(pid=130599) process_request /opt/stack/glance/glance/api/middleware/version_negotiation.py:69}}
Jun 09 01:35:57 ubuntu devstack@g-api.service[130599]: DEBUG glance.api.middleware.version_negotiation [None req-e709c5c1-2cd0-497e-8ddb-deee55f93cf6 admin admin] new path /v2/images/1b6c09fd-10e0-48ff-807b-e6cbcb6f5fb7 {{(pid=130599) process_request /opt/stack/glance/glance/api/middleware/version_negotiation.py:70}}
Jun 09 01:35:57 ubuntu devstack@g-api.service[130599]: [pid: 130599|app: 0|req: 6/10] 127.0.0.1 () {36 vars in 789 bytes} [Thu Jun  9 01:35:57 2022] GET /v2/images/1b6c09fd-10e0-48ff-807b-e6cbcb6f5fb7 => generated 976 bytes in 51 msecs (HTTP/1.1 200) 4 headers in 157 bytes (1 switches on core 0)
Jun 09 01:36:07 ubuntu devstack@g-api.service[130599]: DEBUG dbcounter [-] [130599] Writing DB stats glance:SELECT=10 {{(pid=130599) stat_writer /usr/local/lib/python3.8/dist-packages/dbcounter.py:114}}
Jun 09 01:38:07 ubuntu devstack@g-api.service[130598]: DEBUG glance.api.middleware.version_negotiation [None req-3a6c7542-3169-467d-b64c-52c85ddc0279 admin admin] Determining version of request: GET /v1 Accept: application/json {{(pid=130598) process_request /opt/stack/glance/glance/api/middleware/version_negotiation.py:44}}
Jun 09 01:38:07 ubuntu devstack@g-api.service[130598]: DEBUG glance.api.middleware.version_negotiation [None req-3a6c7542-3169-467d-b64c-52c85ddc0279 admin admin] Using url versioning {{(pid=130598) process_request /opt/stack/glance/glance/api/middleware/version_negotiation.py:57}}
Jun 09 01:38:07 ubuntu devstack@g-api.service[130598]: DEBUG glance.api.middleware.version_negotiation [None req-3a6c7542-3169-467d-b64c-52c85ddc0279 admin admin] Unknown version. Returning version choices. {{(pid=130598) process_request /opt/stack/glance/glance/api/middleware/version_negotiation.py:64}}
Jun 09 01:38:07 ubuntu devstack@g-api.service[130598]: [pid: 130598|app: 0|req: 5/11] 127.0.0.1 () {38 vars in 685 bytes} [Thu Jun  9 01:38:07 2022] GET /v1 => generated 1323 bytes in 4 msecs (HTTP/1.1 300) 3 headers in 106 bytes (1 switches on core 0)
Jun 09 01:39:48 ubuntu devstack@g-api.service[130599]: DEBUG oslo_concurrency.lockutils [-] Acquired lock "glance-cache" {{(pid=130599) lock /usr/local/lib/python3.8/dist-packages/oslo_concurrency/lockutils.py:294}}
Jun 09 01:39:48 ubuntu devstack@g-api.service[130599]: DEBUG oslo_concurrency.lockutils [-] Acquired external semaphore "glance-cache" {{(pid=130599) lock /usr/local/lib/python3.8/dist-packages/oslo_concurrency/lockutils.py:302}}
Jun 09 01:39:48 ubuntu devstack@g-api.service[130599]: DEBUG glance.image_cache.prefetcher [-] Nothing to prefetch. {{(pid=130599) run /opt/stack/glance/glance/image_cache/prefetcher.py:79}}
Jun 09 01:39:48 ubuntu devstack@g-api.service[130599]: DEBUG oslo_concurrency.lockutils [-] Releasing lock "glance-cache" {{(pid=130599) lock /usr/local/lib/python3.8/dist-packages/oslo_concurrency/lockutils.py:312}}
Jun 09 01:39:48 ubuntu devstack@g-api.service[130598]: DEBUG oslo_concurrency.lockutils [-] Acquired lock "glance-cache" {{(pid=130598) lock /usr/local/lib/python3.8/dist-packages/oslo_concurrency/lockutils.py:294}}
Jun 09 01:39:48 ubuntu devstack@g-api.service[130598]: DEBUG oslo_concurrency.lockutils [-] Acquired external semaphore "glance-cache" {{(pid=130598) lock /usr/local/lib/python3.8/dist-packages/oslo_concurrency/lockutils.py:302}}
Jun 09 01:39:48 ubuntu devstack@g-api.service[130598]: DEBUG glance.image_cache.prefetcher [-] Nothing to prefetch. {{(pid=130598) run /opt/stack/glance/glance/image_cache/prefetcher.py:79}}
Jun 09 01:39:48 ubuntu devstack@g-api.service[130598]: DEBUG oslo_concurrency.lockutils [-] Releasing lock "glance-cache" {{(pid=130598) lock /usr/local/lib/python3.8/dist-packages/oslo_concurrency/lockutils.py:312}}
Jun 09 01:40:32 ubuntu devstack@g-api.service[130599]: DEBUG glance.api.middleware.version_negotiation [None req-c5dd27e5-e3cc-4c21-8441-32ea3ec25cbf admin admin] Determining version of request: GET /versions Accept: */* {{(pid=130599) process_request /opt/stack/glance/glance/api/middleware/version_negotiation.py:44}}
Jun 09 01:40:32 ubuntu devstack@g-api.service[130599]: [pid: 130599|app: 0|req: 7/12] 127.0.0.1 () {38 vars in 695 bytes} [Thu Jun  9 01:40:32 2022] GET /versions => generated 1323 bytes in 6 msecs (HTTP/1.1 200) 3 headers in 92 bytes (1 switches on core 0)
Jun 09 01:40:32 ubuntu devstack@g-api.service[130598]: DEBUG glance.api.middleware.version_negotiation [None req-3a6c7542-3169-467d-b64c-52c85ddc0279 admin admin] Determining version of request: GET /v2/schemas/image Accept: */* {{(pid=130598) process_request /opt/stack/glance/glance/api/middleware/version_negotiation.py:44}}
Jun 09 01:40:32 ubuntu devstack@g-api.service[130598]: DEBUG glance.api.middleware.version_negotiation [None req-3a6c7542-3169-467d-b64c-52c85ddc0279 admin admin] Using url versioning {{(pid=130598) process_request /opt/stack/glance/glance/api/middleware/version_negotiation.py:57}}
Jun 09 01:40:32 ubuntu devstack@g-api.service[130598]: DEBUG glance.api.middleware.version_negotiation [None req-3a6c7542-3169-467d-b64c-52c85ddc0279 admin admin] Matched version: v2 {{(pid=130598) process_request /opt/stack/glance/glance/api/middleware/version_negotiation.py:69}}
Jun 09 01:40:32 ubuntu devstack@g-api.service[130598]: DEBUG glance.api.middleware.version_negotiation [None req-3a6c7542-3169-467d-b64c-52c85ddc0279 admin admin] new path /v2/schemas/image {{(pid=130598) process_request /opt/stack/glance/glance/api/middleware/version_negotiation.py:70}}
Jun 09 01:40:32 ubuntu devstack@g-api.service[130598]: [pid: 130598|app: 0|req: 6/13] 127.0.0.1 () {38 vars in 711 bytes} [Thu Jun  9 01:40:32 2022] GET /v2/schemas/image => generated 6083 bytes in 88 msecs (HTTP/1.1 200) 4 headers in 158 bytes (1 switches on core 0)
Jun 09 01:40:32 ubuntu devstack@g-api.service[130599]: DEBUG glance.api.middleware.version_negotiation [None req-c5dd27e5-e3cc-4c21-8441-32ea3ec25cbf admin admin] Determining version of request: GET /v2/schemas/metadefs/namespace Accept: */* {{(pid=130599) process_request /opt/stack/glance/glance/api/middleware/version_negotiation.py:44}}
Jun 09 01:40:32 ubuntu devstack@g-api.service[130599]: DEBUG glance.api.middleware.version_negotiation [None req-c5dd27e5-e3cc-4c21-8441-32ea3ec25cbf admin admin] Using url versioning {{(pid=130599) process_request /opt/stack/glance/glance/api/middleware/version_negotiation.py:57}}
Jun 09 01:40:32 ubuntu devstack@g-api.service[130599]: DEBUG glance.api.middleware.version_negotiation [None req-c5dd27e5-e3cc-4c21-8441-32ea3ec25cbf admin admin] Matched version: v2 {{(pid=130599) process_request /opt/stack/glance/glance/api/middleware/version_negotiation.py:69}}
Jun 09 01:40:32 ubuntu devstack@g-api.service[130599]: DEBUG glance.api.middleware.version_negotiation [None req-c5dd27e5-e3cc-4c21-8441-32ea3ec25cbf admin admin] new path /v2/schemas/metadefs/namespace {{(pid=130599) process_request /opt/stack/glance/glance/api/middleware/version_negotiation.py:70}}
Jun 09 01:40:32 ubuntu devstack@g-api.service[130599]: [pid: 130599|app: 0|req: 8/14] 127.0.0.1 () {38 vars in 737 bytes} [Thu Jun  9 01:40:32 2022] GET /v2/schemas/metadefs/namespace => generated 3100 bytes in 12 msecs (HTTP/1.1 200) 4 headers in 158 bytes (1 switches on core 0)
Jun 09 01:40:32 ubuntu devstack@g-api.service[130598]: DEBUG glance.api.middleware.version_negotiation [None req-27a49b83-d5cf-4495-8f4f-db2a0bc2fd56 admin admin] Determining version of request: GET /v2/schemas/metadefs/resource_type Accept: */* {{(pid=130598) process_request /opt/stack/glance/glance/api/middleware/version_negotiation.py:44}}
Jun 09 01:40:32 ubuntu devstack@g-api.service[130598]: DEBUG glance.api.middleware.version_negotiation [None req-27a49b83-d5cf-4495-8f4f-db2a0bc2fd56 admin admin] Using url versioning {{(pid=130598) process_request /opt/stack/glance/glance/api/middleware/version_negotiation.py:57}}
Jun 09 01:40:32 ubuntu devstack@g-api.service[130598]: DEBUG glance.api.middleware.version_negotiation [None req-27a49b83-d5cf-4495-8f4f-db2a0bc2fd56 admin admin] Matched version: v2 {{(pid=130598) process_request /opt/stack/glance/glance/api/middleware/version_negotiation.py:69}}
Jun 09 01:40:32 ubuntu devstack@g-api.service[130598]: DEBUG glance.api.middleware.version_negotiation [None req-27a49b83-d5cf-4495-8f4f-db2a0bc2fd56 admin admin] new path /v2/schemas/metadefs/resource_type {{(pid=130598) process_request /opt/stack/glance/glance/api/middleware/version_negotiation.py:70}}
Jun 09 01:40:32 ubuntu devstack@g-api.service[130598]: [pid: 130598|app: 0|req: 7/15] 127.0.0.1 () {38 vars in 745 bytes} [Thu Jun  9 01:40:32 2022] GET /v2/schemas/metadefs/resource_type => generated 1262 bytes in 7 msecs (HTTP/1.1 200) 4 headers in 158 bytes (1 switches on core 0)
Jun 09 01:40:32 ubuntu devstack@g-api.service[130599]: DEBUG glance.api.middleware.version_negotiation [None req-6aebae84-e5b6-4b11-8f28-f4fe71b0fd07 admin admin] Determining version of request: GET /v2/images Accept: */* {{(pid=130599) process_request /opt/stack/glance/glance/api/middleware/version_negotiation.py:44}}
Jun 09 01:40:32 ubuntu devstack@g-api.service[130599]: DEBUG glance.api.middleware.version_negotiation [None req-6aebae84-e5b6-4b11-8f28-f4fe71b0fd07 admin admin] Using url versioning {{(pid=130599) process_request /opt/stack/glance/glance/api/middleware/version_negotiation.py:57}}
Jun 09 01:40:32 ubuntu devstack@g-api.service[130599]: DEBUG glance.api.middleware.version_negotiation [None req-6aebae84-e5b6-4b11-8f28-f4fe71b0fd07 admin admin] Matched version: v2 {{(pid=130599) process_request /opt/stack/glance/glance/api/middleware/version_negotiation.py:69}}
Jun 09 01:40:32 ubuntu devstack@g-api.service[130599]: DEBUG glance.api.middleware.version_negotiation [None req-6aebae84-e5b6-4b11-8f28-f4fe71b0fd07 admin admin] new path /v2/images {{(pid=130599) process_request /opt/stack/glance/glance/api/middleware/version_negotiation.py:70}}
Jun 09 01:40:32 ubuntu devstack@g-api.service[130599]: [pid: 130599|app: 0|req: 9/16] 127.0.0.1 () {38 vars in 768 bytes} [Thu Jun  9 01:40:32 2022] GET /v2/images?limit=20&sort_key=name&sort_dir=asc => generated 1081 bytes in 90 msecs (HTTP/1.1 200) 4 headers in 158 bytes (1 switches on core 0)
Jun 09 01:40:32 ubuntu devstack@g-api.service[130598]: DEBUG glance.api.middleware.version_negotiation [None req-dedb64ff-faa5-4501-a391-9f98501085f2 admin admin] Determining version of request: GET /v2/schemas/image Accept: */* {{(pid=130598) process_request /opt/stack/glance/glance/api/middleware/version_negotiation.py:44}}
Jun 09 01:40:32 ubuntu devstack@g-api.service[130598]: DEBUG glance.api.middleware.version_negotiation [None req-dedb64ff-faa5-4501-a391-9f98501085f2 admin admin] Using url versioning {{(pid=130598) process_request /opt/stack/glance/glance/api/middleware/version_negotiation.py:57}}
Jun 09 01:40:32 ubuntu devstack@g-api.service[130598]: DEBUG glance.api.middleware.version_negotiation [None req-dedb64ff-faa5-4501-a391-9f98501085f2 admin admin] Matched version: v2 {{(pid=130598) process_request /opt/stack/glance/glance/api/middleware/version_negotiation.py:69}}
Jun 09 01:40:32 ubuntu devstack@g-api.service[130598]: DEBUG glance.api.middleware.version_negotiation [None req-dedb64ff-faa5-4501-a391-9f98501085f2 admin admin] new path /v2/schemas/image {{(pid=130598) process_request /opt/stack/glance/glance/api/middleware/version_negotiation.py:70}}
Jun 09 01:40:32 ubuntu devstack@g-api.service[130598]: [pid: 130598|app: 0|req: 8/17] 127.0.0.1 () {38 vars in 711 bytes} [Thu Jun  9 01:40:32 2022] GET /v2/schemas/image => generated 6083 bytes in 9 msecs (HTTP/1.1 200) 4 headers in 158 bytes (1 switches on core 0)
Jun 09 01:40:40 ubuntu devstack@g-api.service[130599]: DEBUG glance.api.middleware.version_negotiation [None req-0add03a0-5564-4fa4-896f-bf5404a7cd5b admin admin] Determining version of request: GET / Accept: application/json {{(pid=130599) process_request /opt/stack/glance/glance/api/middleware/version_negotiation.py:44}}
Jun 09 01:40:40 ubuntu devstack@g-api.service[130599]: DEBUG glance.api.middleware.version_negotiation [None req-0add03a0-5564-4fa4-896f-bf5404a7cd5b admin admin] Using url versioning {{(pid=130599) process_request /opt/stack/glance/glance/api/middleware/version_negotiation.py:57}}
Jun 09 01:40:40 ubuntu devstack@g-api.service[130599]: DEBUG glance.api.middleware.version_negotiation [None req-0add03a0-5564-4fa4-896f-bf5404a7cd5b admin admin] Unknown version. Returning version choices. {{(pid=130599) process_request /opt/stack/glance/glance/api/middleware/version_negotiation.py:64}}
Jun 09 01:40:40 ubuntu devstack@g-api.service[130599]: [pid: 130599|app: 0|req: 10/18] 127.0.0.1 () {34 vars in 492 bytes} [Thu Jun  9 01:40:40 2022] GET / => generated 1323 bytes in 4 msecs (HTTP/1.1 300) 3 headers in 106 bytes (1 switches on core 0)
Jun 09 01:40:40 ubuntu devstack@g-api.service[130598]: DEBUG glance.api.middleware.version_negotiation [None req-19b8414e-b116-4978-8f92-d5a9086ac344 admin admin] Determining version of request: GET /v2/images/1b6c09fd-10e0-48ff-807b-e6cbcb6f5fb7 Accept: */* {{(pid=130598) process_request /opt/stack/glance/glance/api/middleware/version_negotiation.py:44}}
Jun 09 01:40:40 ubuntu devstack@g-api.service[130598]: DEBUG glance.api.middleware.version_negotiation [None req-19b8414e-b116-4978-8f92-d5a9086ac344 admin admin] Using url versioning {{(pid=130598) process_request /opt/stack/glance/glance/api/middleware/version_negotiation.py:57}}
Jun 09 01:40:40 ubuntu devstack@g-api.service[130598]: DEBUG glance.api.middleware.version_negotiation [None req-19b8414e-b116-4978-8f92-d5a9086ac344 admin admin] Matched version: v2 {{(pid=130598) process_request /opt/stack/glance/glance/api/middleware/version_negotiation.py:69}}
Jun 09 01:40:40 ubuntu devstack@g-api.service[130598]: DEBUG glance.api.middleware.version_negotiation [None req-19b8414e-b116-4978-8f92-d5a9086ac344 admin admin] new path /v2/images/1b6c09fd-10e0-48ff-807b-e6cbcb6f5fb7 {{(pid=130598) process_request /opt/stack/glance/glance/api/middleware/version_negotiation.py:70}}
Jun 09 01:40:40 ubuntu devstack@g-api.service[130598]: WARNING keystonemiddleware.auth_token [None req-19b8414e-b116-4978-8f92-d5a9086ac344 admin admin] A valid token was submitted as a service token, but it was not a valid service token. This is incorrect but backwards compatible behaviour. This will be removed in future releases.
Jun 09 01:40:40 ubuntu devstack@g-api.service[130598]: [pid: 130598|app: 0|req: 9/19] 127.0.0.1 () {42 vars in 1049 bytes} [Thu Jun  9 01:40:40 2022] GET /v2/images/1b6c09fd-10e0-48ff-807b-e6cbcb6f5fb7 => generated 976 bytes in 92 msecs (HTTP/1.1 200) 4 headers in 157 bytes (1 switches on core 0)
Jun 09 01:40:40 ubuntu devstack@g-api.service[130599]: DEBUG glance.api.middleware.version_negotiation [None req-0add03a0-5564-4fa4-896f-bf5404a7cd5b admin admin] Determining version of request: GET /v2/schemas/image Accept: */* {{(pid=130599) process_request /opt/stack/glance/glance/api/middleware/version_negotiation.py:44}}
Jun 09 01:40:40 ubuntu devstack@g-api.service[130599]: DEBUG glance.api.middleware.version_negotiation [None req-0add03a0-5564-4fa4-896f-bf5404a7cd5b admin admin] Using url versioning {{(pid=130599) process_request /opt/stack/glance/glance/api/middleware/version_negotiation.py:57}}
Jun 09 01:40:40 ubuntu devstack@g-api.service[130599]: DEBUG glance.api.middleware.version_negotiation [None req-0add03a0-5564-4fa4-896f-bf5404a7cd5b admin admin] Matched version: v2 {{(pid=130599) process_request /opt/stack/glance/glance/api/middleware/version_negotiation.py:69}}
Jun 09 01:40:40 ubuntu devstack@g-api.service[130599]: DEBUG glance.api.middleware.version_negotiation [None req-0add03a0-5564-4fa4-896f-bf5404a7cd5b admin admin] new path /v2/schemas/image {{(pid=130599) process_request /opt/stack/glance/glance/api/middleware/version_negotiation.py:70}}
Jun 09 01:40:40 ubuntu devstack@g-api.service[130599]: WARNING keystonemiddleware.auth_token [None req-0add03a0-5564-4fa4-896f-bf5404a7cd5b admin admin] A valid token was submitted as a service token, but it was not a valid service token. This is incorrect but backwards compatible behaviour. This will be removed in future releases.
Jun 09 01:40:41 ubuntu devstack@g-api.service[130599]: [pid: 130599|app: 0|req: 11/20] 127.0.0.1 () {42 vars in 989 bytes} [Thu Jun  9 01:40:40 2022] GET /v2/schemas/image => generated 6083 bytes in 8 msecs (HTTP/1.1 200) 4 headers in 158 bytes (1 switches on core 0)
Jun 09 01:40:42 ubuntu devstack@g-api.service[130599]: DEBUG dbcounter [-] [130599] Writing DB stats glance:SELECT=2 {{(pid=130599) stat_writer /usr/local/lib/python3.8/dist-packages/dbcounter.py:114}}
Jun 09 01:40:43 ubuntu devstack@g-api.service[130598]: DEBUG glance.api.middleware.version_negotiation [None req-bc0c0a75-3f0c-475a-83f9-58e5ddd48571 tempest-VolumesAdminNegativeTest-405010998 tempest-VolumesAdminNegativeTest-405010998-project] Determining version of request: GET /v2/images/1b6c09fd-10e0-48ff-807b-e6cbcb6f5fb7 Accept: */* {{(pid=130598) process_request /opt/stack/glance/glance/api/middleware/version_negotiation.py:44}}
Jun 09 01:40:43 ubuntu devstack@g-api.service[130598]: DEBUG glance.api.middleware.version_negotiation [None req-bc0c0a75-3f0c-475a-83f9-58e5ddd48571 tempest-VolumesAdminNegativeTest-405010998 tempest-VolumesAdminNegativeTest-405010998-project] Using url versioning {{(pid=130598) process_request /opt/stack/glance/glance/api/middleware/version_negotiation.py:57}}
Jun 09 01:40:43 ubuntu devstack@g-api.service[130598]: DEBUG glance.api.middleware.version_negotiation [None req-bc0c0a75-3f0c-475a-83f9-58e5ddd48571 tempest-VolumesAdminNegativeTest-405010998 tempest-VolumesAdminNegativeTest-405010998-project] Matched version: v2 {{(pid=130598) process_request /opt/stack/glance/glance/api/middleware/version_negotiation.py:69}}
Jun 09 01:40:43 ubuntu devstack@g-api.service[130598]: DEBUG glance.api.middleware.version_negotiation [None req-bc0c0a75-3f0c-475a-83f9-58e5ddd48571 tempest-VolumesAdminNegativeTest-405010998 tempest-VolumesAdminNegativeTest-405010998-project] new path /v2/images/1b6c09fd-10e0-48ff-807b-e6cbcb6f5fb7 {{(pid=130598) process_request /opt/stack/glance/glance/api/middleware/version_negotiation.py:70}}
Jun 09 01:40:43 ubuntu devstack@g-api.service[130598]: [pid: 130598|app: 0|req: 10/21] 127.0.0.1 () {42 vars in 1049 bytes} [Thu Jun  9 01:40:43 2022] GET /v2/images/1b6c09fd-10e0-48ff-807b-e6cbcb6f5fb7 => generated 976 bytes in 21 msecs (HTTP/1.1 200) 4 headers in 157 bytes (1 switches on core 0)
Jun 09 01:40:43 ubuntu devstack@g-api.service[130599]: DEBUG glance.api.middleware.version_negotiation [None req-bc0c0a75-3f0c-475a-83f9-58e5ddd48571 tempest-VolumesAdminNegativeTest-405010998 tempest-VolumesAdminNegativeTest-405010998-project] Determining version of request: GET /v2/images/1b6c09fd-10e0-48ff-807b-e6cbcb6f5fb7/file Accept: */* {{(pid=130599) process_request /opt/stack/glance/glance/api/middleware/version_negotiation.py:44}}
Jun 09 01:40:43 ubuntu devstack@g-api.service[130599]: DEBUG glance.api.middleware.version_negotiation [None req-bc0c0a75-3f0c-475a-83f9-58e5ddd48571 tempest-VolumesAdminNegativeTest-405010998 tempest-VolumesAdminNegativeTest-405010998-project] Using url versioning {{(pid=130599) process_request /opt/stack/glance/glance/api/middleware/version_negotiation.py:57}}
Jun 09 01:40:43 ubuntu devstack@g-api.service[130599]: DEBUG glance.api.middleware.version_negotiation [None req-bc0c0a75-3f0c-475a-83f9-58e5ddd48571 tempest-VolumesAdminNegativeTest-405010998 tempest-VolumesAdminNegativeTest-405010998-project] Matched version: v2 {{(pid=130599) process_request /opt/stack/glance/glance/api/middleware/version_negotiation.py:69}}
Jun 09 01:40:43 ubuntu devstack@g-api.service[130599]: DEBUG glance.api.middleware.version_negotiation [None req-bc0c0a75-3f0c-475a-83f9-58e5ddd48571 tempest-VolumesAdminNegativeTest-405010998 tempest-VolumesAdminNegativeTest-405010998-project] new path /v2/images/1b6c09fd-10e0-48ff-807b-e6cbcb6f5fb7/file {{(pid=130599) process_request /opt/stack/glance/glance/api/middleware/version_negotiation.py:70}}
Jun 09 01:40:43 ubuntu devstack@g-api.service[130599]: DEBUG glance_store.backend [None req-bc0c0a75-3f0c-475a-83f9-58e5ddd48571 tempest-VolumesAdminNegativeTest-405010998 tempest-VolumesAdminNegativeTest-405010998-project] Attempting to import store swift {{(pid=130599) _load_store /usr/local/lib/python3.8/dist-packages/glance_store/backend.py:217}}
Jun 09 01:40:43 ubuntu devstack@g-api.service[130599]: DEBUG glance_store.capabilities [None req-bc0c0a75-3f0c-475a-83f9-58e5ddd48571 tempest-VolumesAdminNegativeTest-405010998 tempest-VolumesAdminNegativeTest-405010998-project] Store glance_store._drivers.swift.store.SingleTenantStore doesn't support updating dynamic storage capabilities. Please overwrite 'update_capabilities' method of the store to implement updating logics if needed. {{(pid=130599) update_capabilities /usr/local/lib/python3.8/dist-packages/glance_store/capabilities.py:91}}
Jun 09 01:40:43 ubuntu devstack@g-api.service[130599]: DEBUG glance_store.driver [None req-bc0c0a75-3f0c-475a-83f9-58e5ddd48571 tempest-VolumesAdminNegativeTest-405010998 tempest-VolumesAdminNegativeTest-405010998-project] Late loading location class glance_store._drivers.swift.store.StoreLocation {{(pid=130599) get_store_location_class /usr/local/lib/python3.8/dist-packages/glance_store/driver.py:117}}
Jun 09 01:40:43 ubuntu devstack@g-api.service[130599]: DEBUG glance_store.location [None req-bc0c0a75-3f0c-475a-83f9-58e5ddd48571 tempest-VolumesAdminNegativeTest-405010998 tempest-VolumesAdminNegativeTest-405010998-project] Registering scheme swift+https with {'store': <glance_store._drivers.swift.store.SingleTenantStore object at 0x7fe355b83580>, 'location_class': <class 'glance_store._drivers.swift.store.StoreLocation'>, 'store_entry': 'swift'} {{(pid=130599) register_scheme_map /usr/local/lib/python3.8/dist-packages/glance_store/location.py:146}}
Jun 09 01:40:43 ubuntu devstack@g-api.service[130599]: DEBUG glance_store.location [None req-bc0c0a75-3f0c-475a-83f9-58e5ddd48571 tempest-VolumesAdminNegativeTest-405010998 tempest-VolumesAdminNegativeTest-405010998-project] Registering scheme swift+https with {'store': <glance_store._drivers.swift.store.SingleTenantStore object at 0x7fe355b83580>, 'location_class': <class 'glance_store._drivers.swift.store.StoreLocation'>, 'store_entry': 'swift'} {{(pid=130599) register_scheme_map /usr/local/lib/python3.8/dist-packages/glance_store/location.py:146}}
Jun 09 01:40:43 ubuntu devstack@g-api.service[130599]: DEBUG glance_store.location [None req-bc0c0a75-3f0c-475a-83f9-58e5ddd48571 tempest-VolumesAdminNegativeTest-405010998 tempest-VolumesAdminNegativeTest-405010998-project] Registering scheme swift with {'store': <glance_store._drivers.swift.store.SingleTenantStore object at 0x7fe355b83580>, 'location_class': <class 'glance_store._drivers.swift.store.StoreLocation'>, 'store_entry': 'swift'} {{(pid=130599) register_scheme_map /usr/local/lib/python3.8/dist-packages/glance_store/location.py:146}}
Jun 09 01:40:43 ubuntu devstack@g-api.service[130599]: DEBUG glance_store.location [None req-bc0c0a75-3f0c-475a-83f9-58e5ddd48571 tempest-VolumesAdminNegativeTest-405010998 tempest-VolumesAdminNegativeTest-405010998-project] Registering scheme swift+https with {'store': <glance_store._drivers.swift.store.SingleTenantStore object at 0x7fe355b83580>, 'location_class': <class 'glance_store._drivers.swift.store.StoreLocation'>, 'store_entry': 'swift'} {{(pid=130599) register_scheme_map /usr/local/lib/python3.8/dist-packages/glance_store/location.py:146}}
Jun 09 01:40:43 ubuntu devstack@g-api.service[130599]: DEBUG glance_store.location [None req-bc0c0a75-3f0c-475a-83f9-58e5ddd48571 tempest-VolumesAdminNegativeTest-405010998 tempest-VolumesAdminNegativeTest-405010998-project] Registering scheme swift with {'store': <glance_store._drivers.swift.store.SingleTenantStore object at 0x7fe355b83580>, 'location_class': <class 'glance_store._drivers.swift.store.StoreLocation'>, 'store_entry': 'swift'} {{(pid=130599) register_scheme_map /usr/local/lib/python3.8/dist-packages/glance_store/location.py:146}}
Jun 09 01:40:43 ubuntu devstack@g-api.service[130599]: DEBUG glance_store.location [None req-bc0c0a75-3f0c-475a-83f9-58e5ddd48571 tempest-VolumesAdminNegativeTest-405010998 tempest-VolumesAdminNegativeTest-405010998-project] Registering scheme swift+http with {'store': <glance_store._drivers.swift.store.SingleTenantStore object at 0x7fe355b83580>, 'location_class': <class 'glance_store._drivers.swift.store.StoreLocation'>, 'store_entry': 'swift'} {{(pid=130599) register_scheme_map /usr/local/lib/python3.8/dist-packages/glance_store/location.py:146}}
Jun 09 01:40:43 ubuntu devstack@g-api.service[130599]: DEBUG glance_store.location [None req-bc0c0a75-3f0c-475a-83f9-58e5ddd48571 tempest-VolumesAdminNegativeTest-405010998 tempest-VolumesAdminNegativeTest-405010998-project] Registering scheme swift+https with {'store': <glance_store._drivers.swift.store.SingleTenantStore object at 0x7fe355b83580>, 'location_class': <class 'glance_store._drivers.swift.store.StoreLocation'>, 'store_entry': 'swift'} {{(pid=130599) register_scheme_map /usr/local/lib/python3.8/dist-packages/glance_store/location.py:146}}
Jun 09 01:40:43 ubuntu devstack@g-api.service[130599]: DEBUG glance_store.location [None req-bc0c0a75-3f0c-475a-83f9-58e5ddd48571 tempest-VolumesAdminNegativeTest-405010998 tempest-VolumesAdminNegativeTest-405010998-project] Registering scheme swift with {'store': <glance_store._drivers.swift.store.SingleTenantStore object at 0x7fe355b83580>, 'location_class': <class 'glance_store._drivers.swift.store.StoreLocation'>, 'store_entry': 'swift'} {{(pid=130599) register_scheme_map /usr/local/lib/python3.8/dist-packages/glance_store/location.py:146}}
Jun 09 01:40:43 ubuntu devstack@g-api.service[130599]: DEBUG glance_store.location [None req-bc0c0a75-3f0c-475a-83f9-58e5ddd48571 tempest-VolumesAdminNegativeTest-405010998 tempest-VolumesAdminNegativeTest-405010998-project] Registering scheme swift+http with {'store': <glance_store._drivers.swift.store.SingleTenantStore object at 0x7fe355b83580>, 'location_class': <class 'glance_store._drivers.swift.store.StoreLocation'>, 'store_entry': 'swift'} {{(pid=130599) register_scheme_map /usr/local/lib/python3.8/dist-packages/glance_store/location.py:146}}
Jun 09 01:40:43 ubuntu devstack@g-api.service[130599]: DEBUG glance_store.location [None req-bc0c0a75-3f0c-475a-83f9-58e5ddd48571 tempest-VolumesAdminNegativeTest-405010998 tempest-VolumesAdminNegativeTest-405010998-project] Registering scheme swift+config with {'store': <glance_store._drivers.swift.store.SingleTenantStore object at 0x7fe355b83580>, 'location_class': <class 'glance_store._drivers.swift.store.StoreLocation'>, 'store_entry': 'swift'} {{(pid=130599) register_scheme_map /usr/local/lib/python3.8/dist-packages/glance_store/location.py:146}}
Jun 09 01:40:43 ubuntu devstack@g-api.service[130599]: DEBUG swiftclient [None req-bc0c0a75-3f0c-475a-83f9-58e5ddd48571 tempest-VolumesAdminNegativeTest-405010998 tempest-VolumesAdminNegativeTest-405010998-project] REQ: curl -i http://192.168.79.47:8080/v1/AUTH_d91fbf84212045fe979b50a7b689bde0/glance/1b6c09fd-10e0-48ff-807b-e6cbcb6f5fb7 -X GET -H "X-Auth-Token: gAAAAABioU-bBdtD..." {{(pid=130599) http_log /usr/local/lib/python3.8/dist-packages/swiftclient/client.py:157}}
Jun 09 01:40:43 ubuntu devstack@g-api.service[130599]: DEBUG swiftclient [None req-bc0c0a75-3f0c-475a-83f9-58e5ddd48571 tempest-VolumesAdminNegativeTest-405010998 tempest-VolumesAdminNegativeTest-405010998-project] RESP STATUS: 200 OK {{(pid=130599) http_log /usr/local/lib/python3.8/dist-packages/swiftclient/client.py:158}}
Jun 09 01:40:43 ubuntu devstack@g-api.service[130599]: DEBUG swiftclient [None req-bc0c0a75-3f0c-475a-83f9-58e5ddd48571 tempest-VolumesAdminNegativeTest-405010998 tempest-VolumesAdminNegativeTest-405010998-project] RESP HEADERS: {'Content-Type': 'application/octet-stream', 'Etag': '1d3062cd89af34e419f7100277f38b2b', 'Last-Modified': 'Thu, 09 Jun 2022 01:35:07 GMT', 'X-Timestamp': '1654738506.78863', 'Accept-Ranges': 'bytes', 'Content-Length': '16338944', 'X-Trans-Id': 'tx6a74650a4298411d821aa-0062a14f9b', 'X-Openstack-Request-Id': 'tx6a74650a4298411d821aa-0062a14f9b', 'Date': 'Thu, 09 Jun 2022 01:40:43 GMT'} {{(pid=130599) http_log /usr/local/lib/python3.8/dist-packages/swiftclient/client.py:159}}
Jun 09 01:40:43 ubuntu devstack@g-api.service[130599]: DEBUG glance.image_cache [None req-bc0c0a75-3f0c-475a-83f9-58e5ddd48571 tempest-VolumesAdminNegativeTest-405010998 tempest-VolumesAdminNegativeTest-405010998-project] Tee'ing image '1b6c09fd-10e0-48ff-807b-e6cbcb6f5fb7' into cache {{(pid=130599) get_caching_iter /opt/stack/glance/glance/image_cache/__init__.py:343}}
Jun 09 01:40:43 ubuntu devstack@g-api.service[130599]: DEBUG glance.image_cache.drivers.sqlite [None req-bc0c0a75-3f0c-475a-83f9-58e5ddd48571 tempest-VolumesAdminNegativeTest-405010998 tempest-VolumesAdminNegativeTest-405010998-project] Fetch finished, moving '/opt/stack/data/glance/cache/incomplete/1b6c09fd-10e0-48ff-807b-e6cbcb6f5fb7' to '/opt/stack/data/glance/cache/1b6c09fd-10e0-48ff-807b-e6cbcb6f5fb7' {{(pid=130599) commit /opt/stack/glance/glance/image_cache/drivers/sqlite.py:324}}
Jun 09 01:40:43 ubuntu devstack@g-api.service[130599]: [pid: 130599|app: 0|req: 12/22] 127.0.0.1 () {42 vars in 1059 bytes} [Thu Jun  9 01:40:43 2022] GET /v2/images/1b6c09fd-10e0-48ff-807b-e6cbcb6f5fb7/file => generated 16338944 bytes in 379 msecs (HTTP/1.1 200) 4 headers in 191 bytes (250 switches on core 0)
Jun 09 01:40:53 ubuntu devstack@g-api.service[130598]: DEBUG dbcounter [-] [130598] Writing DB stats glance:SELECT=8 {{(pid=130598) stat_writer /usr/local/lib/python3.8/dist-packages/dbcounter.py:114}}
Jun 09 01:40:53 ubuntu devstack@g-api.service[130599]: DEBUG dbcounter [-] [130599] Writing DB stats glance:SELECT=8 {{(pid=130599) stat_writer /usr/local/lib/python3.8/dist-packages/dbcounter.py:114}}
Jun 09 01:41:01 ubuntu devstack@g-api.service[130598]: DEBUG glance.api.middleware.version_negotiation [None req-bc0c0a75-3f0c-475a-83f9-58e5ddd48571 tempest-VolumesAdminNegativeTest-405010998 tempest-VolumesAdminNegativeTest-405010998-project] Determining version of request: GET / Accept: application/json {{(pid=130598) process_request /opt/stack/glance/glance/api/middleware/version_negotiation.py:44}}
Jun 09 01:41:01 ubuntu devstack@g-api.service[130598]: DEBUG glance.api.middleware.version_negotiation [None req-bc0c0a75-3f0c-475a-83f9-58e5ddd48571 tempest-VolumesAdminNegativeTest-405010998 tempest-VolumesAdminNegativeTest-405010998-project] Using url versioning {{(pid=130598) process_request /opt/stack/glance/glance/api/middleware/version_negotiation.py:57}}
Jun 09 01:41:01 ubuntu devstack@g-api.service[130598]: DEBUG glance.api.middleware.version_negotiation [None req-bc0c0a75-3f0c-475a-83f9-58e5ddd48571 tempest-VolumesAdminNegativeTest-405010998 tempest-VolumesAdminNegativeTest-405010998-project] Unknown version. Returning version choices. {{(pid=130598) process_request /opt/stack/glance/glance/api/middleware/version_negotiation.py:64}}
Jun 09 01:41:01 ubuntu devstack@g-api.service[130598]: [pid: 130598|app: 0|req: 11/23] 127.0.0.1 () {34 vars in 492 bytes} [Thu Jun  9 01:41:01 2022] GET / => generated 1323 bytes in 4 msecs (HTTP/1.1 300) 3 headers in 106 bytes (1 switches on core 0)
Jun 09 01:41:01 ubuntu devstack@g-api.service[130599]: DEBUG glance.api.middleware.version_negotiation [None req-bc0c0a75-3f0c-475a-83f9-58e5ddd48571 tempest-VolumesAdminNegativeTest-405010998 tempest-VolumesAdminNegativeTest-405010998-project] Determining version of request: GET /v2/images/1b6c09fd-10e0-48ff-807b-e6cbcb6f5fb7 Accept: */* {{(pid=130599) process_request /opt/stack/glance/glance/api/middleware/version_negotiation.py:44}}
Jun 09 01:41:01 ubuntu devstack@g-api.service[130599]: DEBUG glance.api.middleware.version_negotiation [None req-bc0c0a75-3f0c-475a-83f9-58e5ddd48571 tempest-VolumesAdminNegativeTest-405010998 tempest-VolumesAdminNegativeTest-405010998-project] Using url versioning {{(pid=130599) process_request /opt/stack/glance/glance/api/middleware/version_negotiation.py:57}}
Jun 09 01:41:01 ubuntu devstack@g-api.service[130599]: DEBUG glance.api.middleware.version_negotiation [None req-bc0c0a75-3f0c-475a-83f9-58e5ddd48571 tempest-VolumesAdminNegativeTest-405010998 tempest-VolumesAdminNegativeTest-405010998-project] Matched version: v2 {{(pid=130599) process_request /opt/stack/glance/glance/api/middleware/version_negotiation.py:69}}
Jun 09 01:41:01 ubuntu devstack@g-api.service[130599]: DEBUG glance.api.middleware.version_negotiation [None req-bc0c0a75-3f0c-475a-83f9-58e5ddd48571 tempest-VolumesAdminNegativeTest-405010998 tempest-VolumesAdminNegativeTest-405010998-project] new path /v2/images/1b6c09fd-10e0-48ff-807b-e6cbcb6f5fb7 {{(pid=130599) process_request /opt/stack/glance/glance/api/middleware/version_negotiation.py:70}}
Jun 09 01:41:01 ubuntu devstack@g-api.service[130599]: [pid: 130599|app: 0|req: 13/24] 127.0.0.1 () {42 vars in 1049 bytes} [Thu Jun  9 01:41:01 2022] GET /v2/images/1b6c09fd-10e0-48ff-807b-e6cbcb6f5fb7 => generated 976 bytes in 16 msecs (HTTP/1.1 200) 4 headers in 157 bytes (1 switches on core 0)
Jun 09 01:41:01 ubuntu devstack@g-api.service[130598]: DEBUG glance.api.middleware.version_negotiation [None req-bc0c0a75-3f0c-475a-83f9-58e5ddd48571 tempest-VolumesAdminNegativeTest-405010998 tempest-VolumesAdminNegativeTest-405010998-project] Determining version of request: GET /v2/schemas/image Accept: */* {{(pid=130598) process_request /opt/stack/glance/glance/api/middleware/version_negotiation.py:44}}
Jun 09 01:41:01 ubuntu devstack@g-api.service[130598]: DEBUG glance.api.middleware.version_negotiation [None req-bc0c0a75-3f0c-475a-83f9-58e5ddd48571 tempest-VolumesAdminNegativeTest-405010998 tempest-VolumesAdminNegativeTest-405010998-project] Using url versioning {{(pid=130598) process_request /opt/stack/glance/glance/api/middleware/version_negotiation.py:57}}
Jun 09 01:41:01 ubuntu devstack@g-api.service[130598]: DEBUG glance.api.middleware.version_negotiation [None req-bc0c0a75-3f0c-475a-83f9-58e5ddd48571 tempest-VolumesAdminNegativeTest-405010998 tempest-VolumesAdminNegativeTest-405010998-project] Matched version: v2 {{(pid=130598) process_request /opt/stack/glance/glance/api/middleware/version_negotiation.py:69}}
Jun 09 01:41:01 ubuntu devstack@g-api.service[130598]: DEBUG glance.api.middleware.version_negotiation [None req-bc0c0a75-3f0c-475a-83f9-58e5ddd48571 tempest-VolumesAdminNegativeTest-405010998 tempest-VolumesAdminNegativeTest-405010998-project] new path /v2/schemas/image {{(pid=130598) process_request /opt/stack/glance/glance/api/middleware/version_negotiation.py:70}}
Jun 09 01:41:01 ubuntu devstack@g-api.service[130598]: [pid: 130598|app: 0|req: 12/25] 127.0.0.1 () {42 vars in 989 bytes} [Thu Jun  9 01:41:01 2022] GET /v2/schemas/image => generated 6083 bytes in 8 msecs (HTTP/1.1 200) 4 headers in 158 bytes (1 switches on core 0)
Jun 09 01:41:11 ubuntu devstack@g-api.service[130599]: DEBUG dbcounter [-] [130599] Writing DB stats glance:SELECT=4 {{(pid=130599) stat_writer /usr/local/lib/python3.8/dist-packages/dbcounter.py:114}}
Jun 09 01:41:27 ubuntu devstack@g-api.service[130599]: DEBUG glance.api.middleware.version_negotiation [None req-290ddd4a-22c7-4cd4-abaf-45c41a4760a6 tempest-DeleteServersTestJSON-344157017 tempest-DeleteServersTestJSON-344157017-project] Determining version of request: GET /v2/images/1b6c09fd-10e0-48ff-807b-e6cbcb6f5fb7 Accept: */* {{(pid=130599) process_request /opt/stack/glance/glance/api/middleware/version_negotiation.py:44}}
