May 04 15:23:35 ubuntu neutron-server[109641]: DEBUG neutron.api.extensions [None req-7e11b43a-a340-4dc3-9e84-65eb1e107087 None None] Ext name="Uplink status propagation extension" alias="uplink-status-propagation" description="Provides ability to propagate port uplink status." updated="2018-05-31T18:00:00-00:00" {{(pid=109641) _check_extension /opt/stack/neutron/neutron/api/extensions.py:416}}
May 04 15:23:35 ubuntu neutron-server[109641]: INFO neutron.api.extensions [None req-7e11b43a-a340-4dc3-9e84-65eb1e107087 None None] Extension uplink-status-propagation not supported by any of loaded plugins
May 04 15:23:35 ubuntu neutron-server[109641]: DEBUG neutron.api.extensions [None req-7e11b43a-a340-4dc3-9e84-65eb1e107087 None None] Loading extension file: vlantransparent.py {{(pid=109641) _load_all_extensions_from_path /opt/stack/neutron/neutron/api/extensions.py:450}}
May 04 15:23:35 ubuntu neutron-server[109641]: DEBUG neutron.api.extensions [None req-7e11b43a-a340-4dc3-9e84-65eb1e107087 None None] Ext name="Vlantransparent" alias="vlan-transparent" description="Provides Vlan Transparent Networks" updated="2015-03-23T09:00:00-00:00" {{(pid=109641) _check_extension /opt/stack/neutron/neutron/api/extensions.py:416}}
May 04 15:23:35 ubuntu neutron-server[109641]: INFO neutron.api.extensions [None req-7e11b43a-a340-4dc3-9e84-65eb1e107087 None None] Extension vlan-transparent not supported by any of loaded plugins
May 04 15:23:35 ubuntu neutron-server[109641]: INFO neutron.quota.resource_registry [None req-7e11b43a-a340-4dc3-9e84-65eb1e107087 None None] Creating instance of TrackedResource for resource:network
May 04 15:23:35 ubuntu neutron-server[109641]: INFO neutron.quota.resource_registry [None req-7e11b43a-a340-4dc3-9e84-65eb1e107087 None None] Creating instance of TrackedResource for resource:subnet
May 04 15:23:35 ubuntu neutron-server[109641]: INFO neutron.quota.resource_registry [None req-7e11b43a-a340-4dc3-9e84-65eb1e107087 None None] Creating instance of TrackedResource for resource:subnetpool
May 04 15:23:35 ubuntu neutron-server[109641]: INFO neutron.quota.resource_registry [None req-7e11b43a-a340-4dc3-9e84-65eb1e107087 None None] Creating instance of TrackedResource for resource:port
May 04 15:23:35 ubuntu neutron-server[109641]: DEBUG neutron.api.v2.resource_helper [None req-7e11b43a-a340-4dc3-9e84-65eb1e107087 None None] Service FLAVORS assigned prefix:  {{(pid=109641) build_resource_info /opt/stack/neutron/neutron/api/v2/resource_helper.py:77}}
May 04 15:23:35 ubuntu neutron-server[109641]: DEBUG neutron.api.v2.resource_helper [None req-7e11b43a-a340-4dc3-9e84-65eb1e107087 None None] Service L3_ROUTER_NAT assigned prefix:  {{(pid=109641) build_resource_info /opt/stack/neutron/neutron/api/v2/resource_helper.py:77}}
May 04 15:23:35 ubuntu neutron-server[109641]: DEBUG neutron.api.v2.resource_helper [None req-7e11b43a-a340-4dc3-9e84-65eb1e107087 None None] Service L3_ROUTER_NAT assigned prefix:  {{(pid=109641) build_resource_info /opt/stack/neutron/neutron/api/v2/resource_helper.py:77}}
May 04 15:23:35 ubuntu neutron-server[109641]: INFO neutron.quota.resource_registry [None req-7e11b43a-a340-4dc3-9e84-65eb1e107087 None None] Creating instance of TrackedResource for resource:router
May 04 15:23:35 ubuntu neutron-server[109641]: INFO neutron.quota.resource_registry [None req-7e11b43a-a340-4dc3-9e84-65eb1e107087 None None] Creating instance of TrackedResource for resource:floatingip
May 04 15:23:35 ubuntu neutron-server[109641]: DEBUG neutron_lib.callbacks.manager [None req-7e11b43a-a340-4dc3-9e84-65eb1e107087 None None] Subscribe: <bound method NeutronDbPluginV2.validate_network_rbac_policy_change of <neutron.services.network_ip_availability.plugin.NetworkIPAvailabilityPlugin object at 0x7efd4a1a3910>> rbac-policy before_create 55550000 {{(pid=109641) subscribe /usr/local/lib/python3.8/dist-packages/neutron_lib/callbacks/manager.py:45}}
May 04 15:23:35 ubuntu neutron-server[109641]: DEBUG neutron_lib.callbacks.manager [None req-7e11b43a-a340-4dc3-9e84-65eb1e107087 None None] Subscribe: <bound method NeutronDbPluginV2.validate_network_rbac_policy_change of <neutron.services.network_ip_availability.plugin.NetworkIPAvailabilityPlugin object at 0x7efd4a1a3910>> rbac-policy before_update 55550000 {{(pid=109641) subscribe /usr/local/lib/python3.8/dist-packages/neutron_lib/callbacks/manager.py:45}}
May 04 15:23:35 ubuntu neutron-server[109641]: DEBUG neutron_lib.callbacks.manager [None req-7e11b43a-a340-4dc3-9e84-65eb1e107087 None None] Subscribe: <bound method NeutronDbPluginV2.validate_network_rbac_policy_change of <neutron.services.network_ip_availability.plugin.NetworkIPAvailabilityPlugin object at 0x7efd4a1a3910>> rbac-policy before_delete 55550000 {{(pid=109641) subscribe /usr/local/lib/python3.8/dist-packages/neutron_lib/callbacks/manager.py:45}}
May 04 15:23:35 ubuntu neutron-server[109641]: INFO neutron.quota.resource_registry [None req-7e11b43a-a340-4dc3-9e84-65eb1e107087 None None] Creating instance of CountableResource for resource:rbac_policy
May 04 15:23:35 ubuntu neutron-server[109641]: INFO neutron.quota.resource_registry [None req-7e11b43a-a340-4dc3-9e84-65eb1e107087 None None] Creating instance of TrackedResource for resource:security_group
May 04 15:23:35 ubuntu neutron-server[109641]: INFO neutron.quota.resource_registry [None req-7e11b43a-a340-4dc3-9e84-65eb1e107087 None None] Creating instance of TrackedResource for resource:security_group_rule
May 04 15:23:35 ubuntu neutron-server[109641]: DEBUG neutron.api.v2.resource_helper [None req-7e11b43a-a340-4dc3-9e84-65eb1e107087 None None] Service FLAVORS assigned prefix:  {{(pid=109641) build_resource_info /opt/stack/neutron/neutron/api/v2/resource_helper.py:77}}
May 04 15:23:35 ubuntu neutron-server[109641]: DEBUG neutron.api.v2.resource_helper [None req-7e11b43a-a340-4dc3-9e84-65eb1e107087 None None] Service L3_ROUTER_NAT assigned prefix:  {{(pid=109641) build_resource_info /opt/stack/neutron/neutron/api/v2/resource_helper.py:77}}
May 04 15:23:35 ubuntu neutron-server[109641]: DEBUG neutron.api.v2.resource_helper [None req-7e11b43a-a340-4dc3-9e84-65eb1e107087 None None] Service L3_ROUTER_NAT assigned prefix:  {{(pid=109641) build_resource_info /opt/stack/neutron/neutron/api/v2/resource_helper.py:77}}
May 04 15:23:35 ubuntu neutron-server[109641]: INFO neutron.quota.resource_registry [None req-7e11b43a-a340-4dc3-9e84-65eb1e107087 None None] Creating instance of TrackedResource for resource:router
May 04 15:23:35 ubuntu neutron-server[109641]: WARNING neutron.quota.resource_registry [None req-7e11b43a-a340-4dc3-9e84-65eb1e107087 None None] router is already registered
May 04 15:23:35 ubuntu neutron-server[109641]: INFO neutron.quota.resource_registry [None req-7e11b43a-a340-4dc3-9e84-65eb1e107087 None None] Creating instance of TrackedResource for resource:floatingip
May 04 15:23:35 ubuntu neutron-server[109641]: WARNING neutron.quota.resource_registry [None req-7e11b43a-a340-4dc3-9e84-65eb1e107087 None None] floatingip is already registered
May 04 15:23:35 ubuntu neutron-server[109641]: INFO neutron.quota.resource_registry [None req-7e11b43a-a340-4dc3-9e84-65eb1e107087 None None] Creating instance of CountableResource for resource:rbac_policy
May 04 15:23:35 ubuntu neutron-server[109641]: WARNING neutron.quota.resource_registry [None req-7e11b43a-a340-4dc3-9e84-65eb1e107087 None None] rbac_policy is already registered
May 04 15:23:35 ubuntu neutron-server[109641]: INFO neutron.quota.resource_registry [None req-7e11b43a-a340-4dc3-9e84-65eb1e107087 None None] Creating instance of TrackedResource for resource:security_group
May 04 15:23:35 ubuntu neutron-server[109641]: WARNING neutron.quota.resource_registry [None req-7e11b43a-a340-4dc3-9e84-65eb1e107087 None None] security_group is already registered
May 04 15:23:35 ubuntu neutron-server[109641]: INFO neutron.quota.resource_registry [None req-7e11b43a-a340-4dc3-9e84-65eb1e107087 None None] Creating instance of TrackedResource for resource:security_group_rule
May 04 15:23:35 ubuntu neutron-server[109641]: WARNING neutron.quota.resource_registry [None req-7e11b43a-a340-4dc3-9e84-65eb1e107087 None None] security_group_rule is already registered
May 04 15:23:35 ubuntu neutron-server[109641]: DEBUG neutron.api.extensions [None req-7e11b43a-a340-4dc3-9e84-65eb1e107087 None None] Extended resource: extensions {{(pid=109641) __init__ /opt/stack/neutron/neutron/api/extensions.py:157}}
May 04 15:23:35 ubuntu neutron-server[109641]: DEBUG neutron.api.extensions [None req-7e11b43a-a340-4dc3-9e84-65eb1e107087 None None] Extended resource: address-groups {{(pid=109641) __init__ /opt/stack/neutron/neutron/api/extensions.py:157}}
May 04 15:23:35 ubuntu neutron-server[109641]: DEBUG neutron.api.extensions [None req-7e11b43a-a340-4dc3-9e84-65eb1e107087 None None] Extended resource: address-scopes {{(pid=109641) __init__ /opt/stack/neutron/neutron/api/extensions.py:157}}
May 04 15:23:35 ubuntu neutron-server[109641]: DEBUG neutron.api.extensions [None req-7e11b43a-a340-4dc3-9e84-65eb1e107087 None None] Extended resource: agents {{(pid=109641) __init__ /opt/stack/neutron/neutron/api/extensions.py:157}}
May 04 15:23:35 ubuntu neutron-server[109641]: DEBUG neutron.api.extensions [None req-7e11b43a-a340-4dc3-9e84-65eb1e107087 None None] Extended resource: auto-allocated-topology {{(pid=109641) __init__ /opt/stack/neutron/neutron/api/extensions.py:157}}
May 04 15:23:35 ubuntu neutron-server[109641]: DEBUG neutron.api.extensions [None req-7e11b43a-a340-4dc3-9e84-65eb1e107087 None None] Extended resource: availability_zones {{(pid=109641) __init__ /opt/stack/neutron/neutron/api/extensions.py:157}}
May 04 15:23:35 ubuntu neutron-server[109641]: DEBUG neutron.api.extensions [None req-7e11b43a-a340-4dc3-9e84-65eb1e107087 None None] Extended resource: flavors {{(pid=109641) __init__ /opt/stack/neutron/neutron/api/extensions.py:157}}
May 04 15:23:35 ubuntu neutron-server[109641]: DEBUG neutron.api.extensions [None req-7e11b43a-a340-4dc3-9e84-65eb1e107087 None None] Extended resource: service_profiles {{(pid=109641) __init__ /opt/stack/neutron/neutron/api/extensions.py:157}}
May 04 15:23:35 ubuntu neutron-server[109641]: DEBUG neutron.api.extensions [None req-7e11b43a-a340-4dc3-9e84-65eb1e107087 None None] Extended resource: next_providers {{(pid=109641) __init__ /opt/stack/neutron/neutron/api/extensions.py:157}}
May 04 15:23:35 ubuntu neutron-server[109641]: DEBUG neutron.api.extensions [None req-7e11b43a-a340-4dc3-9e84-65eb1e107087 None None] Extended resource: service_profiles {{(pid=109641) __init__ /opt/stack/neutron/neutron/api/extensions.py:157}}
May 04 15:23:35 ubuntu neutron-server[109641]: DEBUG neutron.api.extensions [None req-7e11b43a-a340-4dc3-9e84-65eb1e107087 None None] Extended resource: floatingip-pools {{(pid=109641) __init__ /opt/stack/neutron/neutron/api/extensions.py:157}}
May 04 15:23:35 ubuntu neutron-server[109641]: DEBUG neutron.api.extensions [None req-7e11b43a-a340-4dc3-9e84-65eb1e107087 None None] Extended resource: routers {{(pid=109641) __init__ /opt/stack/neutron/neutron/api/extensions.py:157}}
May 04 15:23:35 ubuntu neutron-server[109641]: DEBUG neutron.api.extensions [None req-7e11b43a-a340-4dc3-9e84-65eb1e107087 None None] Extended resource: floatingips {{(pid=109641) __init__ /opt/stack/neutron/neutron/api/extensions.py:157}}
May 04 15:23:35 ubuntu neutron-server[109641]: DEBUG neutron.api.extensions [None req-7e11b43a-a340-4dc3-9e84-65eb1e107087 None None] Extended resource: network-ip-availabilities {{(pid=109641) __init__ /opt/stack/neutron/neutron/api/extensions.py:157}}
May 04 15:23:35 ubuntu neutron-server[109641]: DEBUG neutron.api.extensions [None req-7e11b43a-a340-4dc3-9e84-65eb1e107087 None None] Extended resource: bindings {{(pid=109641) __init__ /opt/stack/neutron/neutron/api/extensions.py:157}}
May 04 15:23:35 ubuntu neutron-server[109641]: DEBUG neutron.api.extensions [None req-7e11b43a-a340-4dc3-9e84-65eb1e107087 None None] Extended resource: quotas {{(pid=109641) __init__ /opt/stack/neutron/neutron/api/extensions.py:157}}
May 04 15:23:35 ubuntu neutron-server[109641]: DEBUG neutron.api.extensions [None req-7e11b43a-a340-4dc3-9e84-65eb1e107087 None None] Extended resource: quotas {{(pid=109641) __init__ /opt/stack/neutron/neutron/api/extensions.py:157}}
May 04 15:23:35 ubuntu neutron-server[109641]: DEBUG neutron.api.extensions [None req-7e11b43a-a340-4dc3-9e84-65eb1e107087 None None] Extended resource: rbac-policies {{(pid=109641) __init__ /opt/stack/neutron/neutron/api/extensions.py:157}}
May 04 15:23:35 ubuntu neutron-server[109641]: DEBUG neutron.api.extensions [None req-7e11b43a-a340-4dc3-9e84-65eb1e107087 None None] Extended resource: security-groups {{(pid=109641) __init__ /opt/stack/neutron/neutron/api/extensions.py:157}}
May 04 15:23:35 ubuntu neutron-server[109641]: DEBUG neutron.api.extensions [None req-7e11b43a-a340-4dc3-9e84-65eb1e107087 None None] Extended resource: security-group-rules {{(pid=109641) __init__ /opt/stack/neutron/neutron/api/extensions.py:157}}
May 04 15:23:35 ubuntu neutron-server[109641]: DEBUG neutron.api.extensions [None req-7e11b43a-a340-4dc3-9e84-65eb1e107087 None None] Extended resource: service-providers {{(pid=109641) __init__ /opt/stack/neutron/neutron/api/extensions.py:157}}
May 04 15:23:35 ubuntu neutron-server[109641]: DEBUG neutron.api.extensions [None req-7e11b43a-a340-4dc3-9e84-65eb1e107087 None None] Extended resource: tags {{(pid=109641) __init__ /opt/stack/neutron/neutron/api/extensions.py:157}}
May 04 15:23:35 ubuntu neutron-server[109641]: DEBUG neutron.api.extensions [None req-7e11b43a-a340-4dc3-9e84-65eb1e107087 None None] Extended resource: tags {{(pid=109641) __init__ /opt/stack/neutron/neutron/api/extensions.py:157}}
May 04 15:23:35 ubuntu neutron-server[109641]: DEBUG neutron.api.extensions [None req-7e11b43a-a340-4dc3-9e84-65eb1e107087 None None] Extended resource: tags {{(pid=109641) __init__ /opt/stack/neutron/neutron/api/extensions.py:157}}
May 04 15:23:35 ubuntu neutron-server[109641]: DEBUG neutron.api.extensions [None req-7e11b43a-a340-4dc3-9e84-65eb1e107087 None None] Extended resource: tags {{(pid=109641) __init__ /opt/stack/neutron/neutron/api/extensions.py:157}}
May 04 15:23:35 ubuntu neutron-server[109641]: DEBUG neutron.api.extensions [None req-7e11b43a-a340-4dc3-9e84-65eb1e107087 None None] Extended resource: tags {{(pid=109641) __init__ /opt/stack/neutron/neutron/api/extensions.py:157}}
May 04 15:23:35 ubuntu neutron-server[109641]: DEBUG neutron.api.extensions [None req-7e11b43a-a340-4dc3-9e84-65eb1e107087 None None] Extended resource: tags {{(pid=109641) __init__ /opt/stack/neutron/neutron/api/extensions.py:157}}
May 04 15:23:35 ubuntu neutron-server[109641]: DEBUG neutron.api.extensions [None req-7e11b43a-a340-4dc3-9e84-65eb1e107087 None None] Extended resource: tags {{(pid=109641) __init__ /opt/stack/neutron/neutron/api/extensions.py:157}}
May 04 15:23:35 ubuntu neutron-server[109641]: DEBUG neutron.api.extensions [None req-7e11b43a-a340-4dc3-9e84-65eb1e107087 None None] Extended resource: tags {{(pid=109641) __init__ /opt/stack/neutron/neutron/api/extensions.py:157}}
May 04 15:23:35 ubuntu neutron-server[109641]: DEBUG neutron.api.extensions [None req-7e11b43a-a340-4dc3-9e84-65eb1e107087 None None] Extended resource: tags {{(pid=109641) __init__ /opt/stack/neutron/neutron/api/extensions.py:157}}
May 04 15:23:35 ubuntu neutron-server[109641]: DEBUG neutron.api.extensions [None req-7e11b43a-a340-4dc3-9e84-65eb1e107087 None None] Extended resource: tags {{(pid=109641) __init__ /opt/stack/neutron/neutron/api/extensions.py:157}}
May 04 15:23:35 ubuntu neutron-server[109641]: WARNING keystonemiddleware.auth_token [None req-7e11b43a-a340-4dc3-9e84-65eb1e107087 None None] AuthToken middleware is set with keystone_authtoken.service_token_roles_required set to False. This is backwards compatible but deprecated behaviour. Please set this to True.
May 04 15:23:35 ubuntu neutron-server[109641]: WARNING keystonemiddleware.auth_token [None req-7e11b43a-a340-4dc3-9e84-65eb1e107087 None None] Configuring www_authenticate_uri to point to the public identity endpoint is required; clients may not be able to authenticate against an admin endpoint
May 04 15:23:35 ubuntu neutron-server[109641]: DEBUG oslo_concurrency.lockutils [None req-7e11b43a-a340-4dc3-9e84-65eb1e107087 None None] Acquired lock "singleton_lock" {{(pid=109641) lock /usr/local/lib/python3.8/dist-packages/oslo_concurrency/lockutils.py:294}}
May 04 15:23:35 ubuntu neutron-server[109641]: DEBUG oslo_concurrency.lockutils [None req-7e11b43a-a340-4dc3-9e84-65eb1e107087 None None] Releasing lock "singleton_lock" {{(pid=109641) lock /usr/local/lib/python3.8/dist-packages/oslo_concurrency/lockutils.py:312}}
May 04 15:23:35 ubuntu neutron-server[109641]: INFO oslo_service.service [None req-7e11b43a-a340-4dc3-9e84-65eb1e107087 None None] Starting 2 workers
May 04 15:23:35 ubuntu neutron-server[109641]: DEBUG oslo_service.service [None req-7e11b43a-a340-4dc3-9e84-65eb1e107087 None None] Started child 109850 {{(pid=109641) _start_child /usr/local/lib/python3.8/dist-packages/oslo_service/service.py:575}}
May 04 15:23:35 ubuntu neutron-server[109641]: DEBUG oslo_service.service [None req-7e11b43a-a340-4dc3-9e84-65eb1e107087 None None] Started child 109851 {{(pid=109641) _start_child /usr/local/lib/python3.8/dist-packages/oslo_service/service.py:575}}
May 04 15:23:35 ubuntu neutron-server[109641]: INFO neutron.service [None req-7e11b43a-a340-4dc3-9e84-65eb1e107087 None None] Neutron service started, listening on 0.0.0.0:9696
May 04 15:23:35 ubuntu neutron-server[109641]: DEBUG neutron_lib.callbacks.manager [None req-7e11b43a-a340-4dc3-9e84-65eb1e107087 None None] Publish callbacks ['neutron.plugins.ml2.drivers.ovn.mech_driver.mech_driver.OVNMechanismDriver.pre_fork_initialize-560945'] for process (None), before_spawn {{(pid=109641) _notify_loop /usr/local/lib/python3.8/dist-packages/neutron_lib/callbacks/manager.py:176}}
May 04 15:23:35 ubuntu neutron-server[109850]: DEBUG neutron_lib.callbacks.manager [-] Publish callbacks ['neutron.plugins.ml2.drivers.ovn.mech_driver.mech_driver.OVNMechanismDriver.post_fork_initialize-560585'] for process (None), after_init {{(pid=109850) _notify_loop /usr/local/lib/python3.8/dist-packages/neutron_lib/callbacks/manager.py:176}}
May 04 15:23:35 ubuntu neutron-server[109851]: DEBUG neutron_lib.callbacks.manager [-] Publish callbacks ['neutron.plugins.ml2.drivers.ovn.mech_driver.mech_driver.OVNMechanismDriver.post_fork_initialize-560585'] for process (None), after_init {{(pid=109851) _notify_loop /usr/local/lib/python3.8/dist-packages/neutron_lib/callbacks/manager.py:176}}
May 04 15:23:35 ubuntu neutron-server[109641]: DEBUG ovsdbapp.backend.ovs_idl [None req-7e11b43a-a340-4dc3-9e84-65eb1e107087 None None] Created schema index Port_Group.name {{(pid=109641) autocreate_indices /usr/local/lib/python3.8/dist-packages/ovsdbapp/backend/ovs_idl/__init__.py:104}}
May 04 15:23:35 ubuntu neutron-server[109851]: INFO neutron.plugins.ml2.drivers.ovn.mech_driver.ovsdb.impl_idl_ovn [None req-d9726db3-0138-4fec-a2e5-d2956d27d7b7 None None] Getting OvsdbNbOvnIdl for WorkerService with retry
May 04 15:23:35 ubuntu neutron-server[109641]: DEBUG ovsdbapp.backend.ovs_idl [None req-7e11b43a-a340-4dc3-9e84-65eb1e107087 None None] Created schema index Logical_Switch_Port.name {{(pid=109641) autocreate_indices /usr/local/lib/python3.8/dist-packages/ovsdbapp/backend/ovs_idl/__init__.py:104}}
May 04 15:23:35 ubuntu neutron-server[109850]: INFO neutron.plugins.ml2.drivers.ovn.mech_driver.ovsdb.impl_idl_ovn [None req-7229e402-e37b-4f28-b297-9d9d1dd9a4ff None None] Getting OvsdbNbOvnIdl for WorkerService with retry
May 04 15:23:35 ubuntu neutron-server[109851]: DEBUG ovsdbapp.backend.ovs_idl [None req-d9726db3-0138-4fec-a2e5-d2956d27d7b7 None None] Created lookup_table index Logical_Switch.name {{(pid=109851) autocreate_indices /usr/local/lib/python3.8/dist-packages/ovsdbapp/backend/ovs_idl/__init__.py:85}}
May 04 15:23:35 ubuntu neutron-server[109851]: DEBUG ovsdbapp.backend.ovs_idl [None req-d9726db3-0138-4fec-a2e5-d2956d27d7b7 None None] Created lookup_table index Logical_Router.name {{(pid=109851) autocreate_indices /usr/local/lib/python3.8/dist-packages/ovsdbapp/backend/ovs_idl/__init__.py:85}}
May 04 15:23:35 ubuntu neutron-server[109851]: DEBUG ovsdbapp.backend.ovs_idl [None req-d9726db3-0138-4fec-a2e5-d2956d27d7b7 None None] Created lookup_table index Load_Balancer.name {{(pid=109851) autocreate_indices /usr/local/lib/python3.8/dist-packages/ovsdbapp/backend/ovs_idl/__init__.py:85}}
May 04 15:23:35 ubuntu neutron-server[109851]: DEBUG ovsdbapp.backend.ovs_idl [None req-d9726db3-0138-4fec-a2e5-d2956d27d7b7 None None] Created schema index Meter.name {{(pid=109851) autocreate_indices /usr/local/lib/python3.8/dist-packages/ovsdbapp/backend/ovs_idl/__init__.py:104}}
May 04 15:23:35 ubuntu neutron-server[109851]: DEBUG ovsdbapp.backend.ovs_idl [None req-d9726db3-0138-4fec-a2e5-d2956d27d7b7 None None] Created schema index Address_Set.name {{(pid=109851) autocreate_indices /usr/local/lib/python3.8/dist-packages/ovsdbapp/backend/ovs_idl/__init__.py:104}}
May 04 15:23:35 ubuntu neutron-server[109851]: DEBUG ovsdbapp.backend.ovs_idl [None req-d9726db3-0138-4fec-a2e5-d2956d27d7b7 None None] Created schema index HA_Chassis_Group.name {{(pid=109851) autocreate_indices /usr/local/lib/python3.8/dist-packages/ovsdbapp/backend/ovs_idl/__init__.py:104}}
May 04 15:23:35 ubuntu neutron-server[109851]: DEBUG ovsdbapp.backend.ovs_idl [None req-d9726db3-0138-4fec-a2e5-d2956d27d7b7 None None] Created schema index Connection.target {{(pid=109851) autocreate_indices /usr/local/lib/python3.8/dist-packages/ovsdbapp/backend/ovs_idl/__init__.py:104}}
May 04 15:23:35 ubuntu neutron-server[109851]: DEBUG ovsdbapp.backend.ovs_idl [None req-d9726db3-0138-4fec-a2e5-d2956d27d7b7 None None] Created schema index Gateway_Chassis.name {{(pid=109851) autocreate_indices /usr/local/lib/python3.8/dist-packages/ovsdbapp/backend/ovs_idl/__init__.py:104}}
May 04 15:23:35 ubuntu neutron-server[109851]: DEBUG ovsdbapp.backend.ovs_idl [None req-d9726db3-0138-4fec-a2e5-d2956d27d7b7 None None] Created schema index Logical_Router_Port.name {{(pid=109851) autocreate_indices /usr/local/lib/python3.8/dist-packages/ovsdbapp/backend/ovs_idl/__init__.py:104}}
May 04 15:23:35 ubuntu neutron-server[109851]: DEBUG ovsdbapp.backend.ovs_idl [None req-d9726db3-0138-4fec-a2e5-d2956d27d7b7 None None] Created schema index Port_Group.name {{(pid=109851) autocreate_indices /usr/local/lib/python3.8/dist-packages/ovsdbapp/backend/ovs_idl/__init__.py:104}}
May 04 15:23:35 ubuntu neutron-server[109851]: DEBUG ovsdbapp.backend.ovs_idl [None req-d9726db3-0138-4fec-a2e5-d2956d27d7b7 None None] Created schema index Logical_Switch_Port.name {{(pid=109851) autocreate_indices /usr/local/lib/python3.8/dist-packages/ovsdbapp/backend/ovs_idl/__init__.py:104}}
May 04 15:23:35 ubuntu neutron-server[109851]: INFO ovsdbapp.backend.ovs_idl.vlog [None req-d9726db3-0138-4fec-a2e5-d2956d27d7b7 None None] tcp:192.168.79.48:6641: connecting...
May 04 15:23:35 ubuntu neutron-server[109851]: INFO ovsdbapp.backend.ovs_idl.vlog [None req-d9726db3-0138-4fec-a2e5-d2956d27d7b7 None None] tcp:192.168.79.48:6641: connected
May 04 15:23:35 ubuntu neutron-server[109850]: DEBUG ovsdbapp.backend.ovs_idl [None req-7229e402-e37b-4f28-b297-9d9d1dd9a4ff None None] Created lookup_table index Logical_Switch.name {{(pid=109850) autocreate_indices /usr/local/lib/python3.8/dist-packages/ovsdbapp/backend/ovs_idl/__init__.py:85}}
May 04 15:23:35 ubuntu neutron-server[109850]: DEBUG ovsdbapp.backend.ovs_idl [None req-7229e402-e37b-4f28-b297-9d9d1dd9a4ff None None] Created lookup_table index Logical_Router.name {{(pid=109850) autocreate_indices /usr/local/lib/python3.8/dist-packages/ovsdbapp/backend/ovs_idl/__init__.py:85}}
May 04 15:23:35 ubuntu neutron-server[109850]: DEBUG ovsdbapp.backend.ovs_idl [None req-7229e402-e37b-4f28-b297-9d9d1dd9a4ff None None] Created lookup_table index Load_Balancer.name {{(pid=109850) autocreate_indices /usr/local/lib/python3.8/dist-packages/ovsdbapp/backend/ovs_idl/__init__.py:85}}
May 04 15:23:35 ubuntu neutron-server[109850]: DEBUG ovsdbapp.backend.ovs_idl [None req-7229e402-e37b-4f28-b297-9d9d1dd9a4ff None None] Created schema index Meter.name {{(pid=109850) autocreate_indices /usr/local/lib/python3.8/dist-packages/ovsdbapp/backend/ovs_idl/__init__.py:104}}
May 04 15:23:35 ubuntu neutron-server[109850]: DEBUG ovsdbapp.backend.ovs_idl [None req-7229e402-e37b-4f28-b297-9d9d1dd9a4ff None None] Created schema index Address_Set.name {{(pid=109850) autocreate_indices /usr/local/lib/python3.8/dist-packages/ovsdbapp/backend/ovs_idl/__init__.py:104}}
May 04 15:23:35 ubuntu neutron-server[109850]: DEBUG ovsdbapp.backend.ovs_idl [None req-7229e402-e37b-4f28-b297-9d9d1dd9a4ff None None] Created schema index HA_Chassis_Group.name {{(pid=109850) autocreate_indices /usr/local/lib/python3.8/dist-packages/ovsdbapp/backend/ovs_idl/__init__.py:104}}
May 04 15:23:35 ubuntu neutron-server[109850]: DEBUG ovsdbapp.backend.ovs_idl [None req-7229e402-e37b-4f28-b297-9d9d1dd9a4ff None None] Created schema index Connection.target {{(pid=109850) autocreate_indices /usr/local/lib/python3.8/dist-packages/ovsdbapp/backend/ovs_idl/__init__.py:104}}
May 04 15:23:35 ubuntu neutron-server[109850]: DEBUG ovsdbapp.backend.ovs_idl [None req-7229e402-e37b-4f28-b297-9d9d1dd9a4ff None None] Created schema index Gateway_Chassis.name {{(pid=109850) autocreate_indices /usr/local/lib/python3.8/dist-packages/ovsdbapp/backend/ovs_idl/__init__.py:104}}
May 04 15:23:35 ubuntu neutron-server[109850]: DEBUG ovsdbapp.backend.ovs_idl [None req-7229e402-e37b-4f28-b297-9d9d1dd9a4ff None None] Created schema index Logical_Router_Port.name {{(pid=109850) autocreate_indices /usr/local/lib/python3.8/dist-packages/ovsdbapp/backend/ovs_idl/__init__.py:104}}
May 04 15:23:35 ubuntu neutron-server[109850]: DEBUG ovsdbapp.backend.ovs_idl [None req-7229e402-e37b-4f28-b297-9d9d1dd9a4ff None None] Created schema index Port_Group.name {{(pid=109850) autocreate_indices /usr/local/lib/python3.8/dist-packages/ovsdbapp/backend/ovs_idl/__init__.py:104}}
May 04 15:23:35 ubuntu neutron-server[109850]: DEBUG ovsdbapp.backend.ovs_idl [None req-7229e402-e37b-4f28-b297-9d9d1dd9a4ff None None] Created schema index Logical_Switch_Port.name {{(pid=109850) autocreate_indices /usr/local/lib/python3.8/dist-packages/ovsdbapp/backend/ovs_idl/__init__.py:104}}
May 04 15:23:35 ubuntu neutron-server[109850]: INFO ovsdbapp.backend.ovs_idl.vlog [None req-7229e402-e37b-4f28-b297-9d9d1dd9a4ff None None] tcp:192.168.79.48:6641: connecting...
May 04 15:23:35 ubuntu neutron-server[109850]: INFO ovsdbapp.backend.ovs_idl.vlog [None req-7229e402-e37b-4f28-b297-9d9d1dd9a4ff None None] tcp:192.168.79.48:6641: connected
May 04 15:23:35 ubuntu neutron-server[109641]: DEBUG ovsdbapp.backend.ovs_idl.transaction [-] Running txn n=1 command(idx=0): PgAddCommand(name=neutron_pg_drop, may_exist=True, columns={'acls': []}) {{(pid=109641) do_commit /usr/local/lib/python3.8/dist-packages/ovsdbapp/backend/ovs_idl/transaction.py:90}}
May 04 15:23:35 ubuntu neutron-server[109641]: DEBUG ovsdbapp.backend.ovs_idl.transaction [-] Running txn n=1 command(idx=1): PgAclAddCommand(entity=neutron_pg_drop, direction=from-lport, priority=1001, match=inport == @neutron_pg_drop && ip, action=drop, log=False, may_exist=True, severity=[], name=[], meter=None, external_ids={}) {{(pid=109641) do_commit /usr/local/lib/python3.8/dist-packages/ovsdbapp/backend/ovs_idl/transaction.py:90}}
May 04 15:23:35 ubuntu neutron-server[109641]: DEBUG ovsdbapp.backend.ovs_idl.transaction [-] Running txn n=1 command(idx=2): PgAclAddCommand(entity=neutron_pg_drop, direction=to-lport, priority=1001, match=outport == @neutron_pg_drop && ip, action=drop, log=False, may_exist=True, severity=[], name=[], meter=None, external_ids={}) {{(pid=109641) do_commit /usr/local/lib/python3.8/dist-packages/ovsdbapp/backend/ovs_idl/transaction.py:90}}
May 04 15:23:35 ubuntu neutron-server[109641]: DEBUG ovsdbapp.backend.ovs_idl.event [-] Matched CREATE: NeutronPgDropPortGroupCreated(events=('create',), table='Port_Group', conditions=(('name', '=', 'neutron_pg_drop'),), old_conditions=None), priority=10 to row=Port_Group(name=neutron_pg_drop, ports=[], external_ids={}, acls=[<ovs.db.idl.Row object at 0x7efd4a1d43a0>, <ovs.db.idl.Row object at 0x7efd4a1ef490>]) old= {{(pid=109641) matches /usr/local/lib/python3.8/dist-packages/ovsdbapp/backend/ovs_idl/event.py:43}}
May 04 15:23:35 ubuntu neutron-server[109641]: DEBUG ovsdbapp.backend.ovs_idl [None req-7e11b43a-a340-4dc3-9e84-65eb1e107087 None None] Created lookup_table index Logical_Switch.name {{(pid=109641) autocreate_indices /usr/local/lib/python3.8/dist-packages/ovsdbapp/backend/ovs_idl/__init__.py:85}}
May 04 15:23:35 ubuntu neutron-server[109641]: DEBUG ovsdbapp.backend.ovs_idl [None req-7e11b43a-a340-4dc3-9e84-65eb1e107087 None None] Created lookup_table index Logical_Router.name {{(pid=109641) autocreate_indices /usr/local/lib/python3.8/dist-packages/ovsdbapp/backend/ovs_idl/__init__.py:85}}
May 04 15:23:35 ubuntu neutron-server[109641]: DEBUG ovsdbapp.backend.ovs_idl [None req-7e11b43a-a340-4dc3-9e84-65eb1e107087 None None] Created lookup_table index Load_Balancer.name {{(pid=109641) autocreate_indices /usr/local/lib/python3.8/dist-packages/ovsdbapp/backend/ovs_idl/__init__.py:85}}
May 04 15:23:35 ubuntu neutron-server[109850]: DEBUG neutron.common.ovn.hash_ring_manager [None req-7229e402-e37b-4f28-b297-9d9d1dd9a4ff None None] Allow caching, nodes 2>=2 {{(pid=109850) _wait_startup_before_caching /opt/stack/neutron/neutron/common/ovn/hash_ring_manager.py:60}}
May 04 15:23:35 ubuntu neutron-server[109641]: DEBUG ovsdbapp.backend.ovs_idl [None req-7e11b43a-a340-4dc3-9e84-65eb1e107087 None None] Created schema index Meter.name {{(pid=109641) autocreate_indices /usr/local/lib/python3.8/dist-packages/ovsdbapp/backend/ovs_idl/__init__.py:104}}
May 04 15:23:35 ubuntu neutron-server[109641]: DEBUG ovsdbapp.backend.ovs_idl [None req-7e11b43a-a340-4dc3-9e84-65eb1e107087 None None] Created schema index Address_Set.name {{(pid=109641) autocreate_indices /usr/local/lib/python3.8/dist-packages/ovsdbapp/backend/ovs_idl/__init__.py:104}}
May 04 15:23:35 ubuntu neutron-server[109641]: DEBUG ovsdbapp.backend.ovs_idl [None req-7e11b43a-a340-4dc3-9e84-65eb1e107087 None None] Created schema index HA_Chassis_Group.name {{(pid=109641) autocreate_indices /usr/local/lib/python3.8/dist-packages/ovsdbapp/backend/ovs_idl/__init__.py:104}}
May 04 15:23:35 ubuntu neutron-server[109641]: DEBUG ovsdbapp.backend.ovs_idl [None req-7e11b43a-a340-4dc3-9e84-65eb1e107087 None None] Created schema index Connection.target {{(pid=109641) autocreate_indices /usr/local/lib/python3.8/dist-packages/ovsdbapp/backend/ovs_idl/__init__.py:104}}
May 04 15:23:35 ubuntu neutron-server[109641]: DEBUG ovsdbapp.backend.ovs_idl [None req-7e11b43a-a340-4dc3-9e84-65eb1e107087 None None] Created schema index Gateway_Chassis.name {{(pid=109641) autocreate_indices /usr/local/lib/python3.8/dist-packages/ovsdbapp/backend/ovs_idl/__init__.py:104}}
May 04 15:23:35 ubuntu neutron-server[109641]: DEBUG ovsdbapp.backend.ovs_idl [None req-7e11b43a-a340-4dc3-9e84-65eb1e107087 None None] Created schema index Logical_Router_Port.name {{(pid=109641) autocreate_indices /usr/local/lib/python3.8/dist-packages/ovsdbapp/backend/ovs_idl/__init__.py:104}}
May 04 15:23:35 ubuntu neutron-server[109641]: DEBUG ovsdbapp.backend.ovs_idl [None req-7e11b43a-a340-4dc3-9e84-65eb1e107087 None None] Created schema index Port_Group.name {{(pid=109641) autocreate_indices /usr/local/lib/python3.8/dist-packages/ovsdbapp/backend/ovs_idl/__init__.py:104}}
May 04 15:23:35 ubuntu neutron-server[109641]: DEBUG ovsdbapp.backend.ovs_idl [None req-7e11b43a-a340-4dc3-9e84-65eb1e107087 None None] Created schema index Logical_Switch_Port.name {{(pid=109641) autocreate_indices /usr/local/lib/python3.8/dist-packages/ovsdbapp/backend/ovs_idl/__init__.py:104}}
May 04 15:23:35 ubuntu neutron-server[109850]: DEBUG neutron.plugins.ml2.drivers.ovn.mech_driver.ovsdb.ovsdb_monitor [None req-7229e402-e37b-4f28-b297-9d9d1dd9a4ff None None] Hash Ring: Node 9b6f30b4-4343-41de-9e82-a49d9597f7bd (host: ubuntu) handling event "create" for row 618e0ef5-83dc-4ab6-9a74-616eb1b79d22 (table: Database) {{(pid=109850) notify /opt/stack/neutron/neutron/plugins/ml2/drivers/ovn/mech_driver/ovsdb/ovsdb_monitor.py:815}}
May 04 15:23:35 ubuntu neutron-server[109850]: DEBUG neutron.plugins.ml2.drivers.ovn.mech_driver.ovsdb.ovsdb_monitor [None req-7229e402-e37b-4f28-b297-9d9d1dd9a4ff None None] Hash Ring: Node 9b6f30b4-4343-41de-9e82-a49d9597f7bd (host: ubuntu) handling event "create" for row af9c7ef7-0860-4b01-a462-0ef81cebce4f (table: Database) {{(pid=109850) notify /opt/stack/neutron/neutron/plugins/ml2/drivers/ovn/mech_driver/ovsdb/ovsdb_monitor.py:815}}
May 04 15:23:35 ubuntu neutron-server[109850]: DEBUG neutron.plugins.ml2.drivers.ovn.mech_driver.ovsdb.ovsdb_monitor [None req-7229e402-e37b-4f28-b297-9d9d1dd9a4ff None None] Hash Ring: Node 9b6f30b4-4343-41de-9e82-a49d9597f7bd (host: ubuntu) handling event "create" for row 243b57a7-e3c8-45cd-be98-76820538d817 (table: Connection) {{(pid=109850) notify /opt/stack/neutron/neutron/plugins/ml2/drivers/ovn/mech_driver/ovsdb/ovsdb_monitor.py:815}}
May 04 15:23:35 ubuntu neutron-server[109850]: INFO neutron.plugins.ml2.drivers.ovn.mech_driver.ovsdb.impl_idl_ovn [None req-7229e402-e37b-4f28-b297-9d9d1dd9a4ff None None] Getting OvsdbSbOvnIdl for WorkerService with retry
May 04 15:23:35 ubuntu neutron-server[109851]: DEBUG neutron.common.ovn.hash_ring_manager [None req-d9726db3-0138-4fec-a2e5-d2956d27d7b7 None None] Allow caching, nodes 2>=2 {{(pid=109851) _wait_startup_before_caching /opt/stack/neutron/neutron/common/ovn/hash_ring_manager.py:60}}
May 04 15:23:35 ubuntu neutron-server[109850]: DEBUG ovsdbapp.backend.ovs_idl [None req-7229e402-e37b-4f28-b297-9d9d1dd9a4ff None None] Created lookup_table index Chassis.name {{(pid=109850) autocreate_indices /usr/local/lib/python3.8/dist-packages/ovsdbapp/backend/ovs_idl/__init__.py:85}}
May 04 15:23:35 ubuntu neutron-server[109850]: DEBUG ovsdbapp.backend.ovs_idl [None req-7229e402-e37b-4f28-b297-9d9d1dd9a4ff None None] Created schema index Datapath_Binding.tunnel_key {{(pid=109850) autocreate_indices /usr/local/lib/python3.8/dist-packages/ovsdbapp/backend/ovs_idl/__init__.py:104}}
May 04 15:23:35 ubuntu neutron-server[109850]: DEBUG ovsdbapp.backend.ovs_idl [None req-7229e402-e37b-4f28-b297-9d9d1dd9a4ff None None] Created schema index Connection.target {{(pid=109850) autocreate_indices /usr/local/lib/python3.8/dist-packages/ovsdbapp/backend/ovs_idl/__init__.py:104}}
May 04 15:23:35 ubuntu neutron-server[109850]: INFO ovsdbapp.backend.ovs_idl.vlog [None req-7229e402-e37b-4f28-b297-9d9d1dd9a4ff None None] tcp:192.168.79.48:6642: connecting...
May 04 15:23:35 ubuntu neutron-server[109850]: INFO ovsdbapp.backend.ovs_idl.vlog [None req-7229e402-e37b-4f28-b297-9d9d1dd9a4ff None None] tcp:192.168.79.48:6642: connected
May 04 15:23:35 ubuntu neutron-server[109851]: DEBUG neutron.plugins.ml2.drivers.ovn.mech_driver.ovsdb.ovsdb_monitor [None req-d9726db3-0138-4fec-a2e5-d2956d27d7b7 None None] Hash Ring: Node 22f8a33c-65a5-4bf6-a4b6-9484e9df652e (host: ubuntu) handling event "create" for row 0c014591-50a4-4707-97e9-aa3b1af2f557 (table: Port_Group) {{(pid=109851) notify /opt/stack/neutron/neutron/plugins/ml2/drivers/ovn/mech_driver/ovsdb/ovsdb_monitor.py:815}}
May 04 15:23:35 ubuntu neutron-server[109851]: DEBUG neutron.plugins.ml2.drivers.ovn.mech_driver.ovsdb.ovsdb_monitor [None req-d9726db3-0138-4fec-a2e5-d2956d27d7b7 None None] Hash Ring: Node 22f8a33c-65a5-4bf6-a4b6-9484e9df652e (host: ubuntu) handling event "create" for row dfbd70bf-cd00-4893-96ce-024830646da3 (table: NB_Global) {{(pid=109851) notify /opt/stack/neutron/neutron/plugins/ml2/drivers/ovn/mech_driver/ovsdb/ovsdb_monitor.py:815}}
May 04 15:23:35 ubuntu neutron-server[109851]: DEBUG neutron.plugins.ml2.drivers.ovn.mech_driver.ovsdb.ovsdb_monitor [None req-d9726db3-0138-4fec-a2e5-d2956d27d7b7 None None] Hash Ring: Node 22f8a33c-65a5-4bf6-a4b6-9484e9df652e (host: ubuntu) handling event "create" for row cc3d28d7-660f-44df-a925-0e0ea653e631 (table: ACL) {{(pid=109851) notify /opt/stack/neutron/neutron/plugins/ml2/drivers/ovn/mech_driver/ovsdb/ovsdb_monitor.py:815}}
May 04 15:23:35 ubuntu neutron-server[109851]: DEBUG neutron.plugins.ml2.drivers.ovn.mech_driver.ovsdb.ovsdb_monitor [None req-d9726db3-0138-4fec-a2e5-d2956d27d7b7 None None] Hash Ring: Node 22f8a33c-65a5-4bf6-a4b6-9484e9df652e (host: ubuntu) handling event "create" for row e3726fac-d9ed-4b8a-ac71-9e757e6882ab (table: ACL) {{(pid=109851) notify /opt/stack/neutron/neutron/plugins/ml2/drivers/ovn/mech_driver/ovsdb/ovsdb_monitor.py:815}}
May 04 15:23:35 ubuntu neutron-server[109851]: INFO neutron.plugins.ml2.drivers.ovn.mech_driver.ovsdb.impl_idl_ovn [None req-d9726db3-0138-4fec-a2e5-d2956d27d7b7 None None] Getting OvsdbSbOvnIdl for WorkerService with retry
May 04 15:23:35 ubuntu neutron-server[109851]: DEBUG ovsdbapp.backend.ovs_idl [None req-d9726db3-0138-4fec-a2e5-d2956d27d7b7 None None] Created lookup_table index Chassis.name {{(pid=109851) autocreate_indices /usr/local/lib/python3.8/dist-packages/ovsdbapp/backend/ovs_idl/__init__.py:85}}
May 04 15:23:35 ubuntu neutron-server[109851]: DEBUG ovsdbapp.backend.ovs_idl [None req-d9726db3-0138-4fec-a2e5-d2956d27d7b7 None None] Created schema index Datapath_Binding.tunnel_key {{(pid=109851) autocreate_indices /usr/local/lib/python3.8/dist-packages/ovsdbapp/backend/ovs_idl/__init__.py:104}}
May 04 15:23:35 ubuntu neutron-server[109851]: DEBUG ovsdbapp.backend.ovs_idl [None req-d9726db3-0138-4fec-a2e5-d2956d27d7b7 None None] Created schema index Connection.target {{(pid=109851) autocreate_indices /usr/local/lib/python3.8/dist-packages/ovsdbapp/backend/ovs_idl/__init__.py:104}}
May 04 15:23:35 ubuntu neutron-server[109851]: INFO ovsdbapp.backend.ovs_idl.vlog [None req-d9726db3-0138-4fec-a2e5-d2956d27d7b7 None None] tcp:192.168.79.48:6642: connecting...
May 04 15:23:35 ubuntu neutron-server[109851]: INFO ovsdbapp.backend.ovs_idl.vlog [None req-d9726db3-0138-4fec-a2e5-d2956d27d7b7 None None] tcp:192.168.79.48:6642: connected
May 04 15:23:35 ubuntu neutron-server[109850]: DEBUG neutron.common.ovn.hash_ring_manager [None req-7229e402-e37b-4f28-b297-9d9d1dd9a4ff None None] Allow caching, nodes 2>=2 {{(pid=109850) _wait_startup_before_caching /opt/stack/neutron/neutron/common/ovn/hash_ring_manager.py:60}}
May 04 15:23:35 ubuntu neutron-server[109850]: DEBUG neutron.plugins.ml2.drivers.ovn.mech_driver.ovsdb.ovsdb_monitor [None req-7229e402-e37b-4f28-b297-9d9d1dd9a4ff None None] Hash Ring: Node 9b6f30b4-4343-41de-9e82-a49d9597f7bd (host: ubuntu) handling event "create" for row a5246ff2-e3b1-43bf-a86d-7a3859c5cd3f (table: Database) {{(pid=109850) notify /opt/stack/neutron/neutron/plugins/ml2/drivers/ovn/mech_driver/ovsdb/ovsdb_monitor.py:815}}
May 04 15:23:35 ubuntu neutron-server[109850]: DEBUG neutron.plugins.ml2.drivers.ovn.mech_driver.ovsdb.ovsdb_monitor [None req-7229e402-e37b-4f28-b297-9d9d1dd9a4ff None None] Hash Ring: Node 9b6f30b4-4343-41de-9e82-a49d9597f7bd (host: ubuntu) handling event "create" for row fc81304e-c209-4531-bde2-cbd9b501ca2f (table: Database) {{(pid=109850) notify /opt/stack/neutron/neutron/plugins/ml2/drivers/ovn/mech_driver/ovsdb/ovsdb_monitor.py:815}}
May 04 15:23:35 ubuntu neutron-server[109850]: DEBUG neutron.plugins.ml2.drivers.ovn.mech_driver.ovsdb.ovsdb_monitor [None req-7229e402-e37b-4f28-b297-9d9d1dd9a4ff None None] Hash Ring: Node 9b6f30b4-4343-41de-9e82-a49d9597f7bd (host: ubuntu) handling event "create" for row 20374639-f60a-4fe5-8af4-6e43dcfe7cd9 (table: Encap) {{(pid=109850) notify /opt/stack/neutron/neutron/plugins/ml2/drivers/ovn/mech_driver/ovsdb/ovsdb_monitor.py:815}}
May 04 15:23:35 ubuntu neutron-server[109641]: DEBUG ovsdbapp.backend.ovs_idl [None req-7e11b43a-a340-4dc3-9e84-65eb1e107087 None None] Created lookup_table index Chassis.name {{(pid=109641) autocreate_indices /usr/local/lib/python3.8/dist-packages/ovsdbapp/backend/ovs_idl/__init__.py:85}}
May 04 15:23:35 ubuntu neutron-server[109850]: DEBUG neutron.plugins.ml2.drivers.ovn.mech_driver.ovsdb.ovsdb_monitor [None req-7229e402-e37b-4f28-b297-9d9d1dd9a4ff None None] ChassisMetadataAgentWriteEvent : Matched Chassis, create, None None {{(pid=109850) matches /opt/stack/neutron/neutron/plugins/ml2/drivers/ovn/mech_driver/ovsdb/ovsdb_monitor.py:62}}
May 04 15:23:35 ubuntu neutron-server[109850]: DEBUG neutron.plugins.ml2.drivers.ovn.mech_driver.ovsdb.ovsdb_monitor [None req-7229e402-e37b-4f28-b297-9d9d1dd9a4ff None None] ChassisAgentWriteEvent : Matched Chassis, create, None None {{(pid=109850) matches /opt/stack/neutron/neutron/plugins/ml2/drivers/ovn/mech_driver/ovsdb/ovsdb_monitor.py:62}}
May 04 15:23:35 ubuntu neutron-server[109641]: DEBUG ovsdbapp.backend.ovs_idl [None req-7e11b43a-a340-4dc3-9e84-65eb1e107087 None None] Created lookup_table index MAC_Binding.ip {{(pid=109641) autocreate_indices /usr/local/lib/python3.8/dist-packages/ovsdbapp/backend/ovs_idl/__init__.py:85}}
May 04 15:23:35 ubuntu neutron-server[109850]: DEBUG neutron.plugins.ml2.drivers.ovn.mech_driver.ovsdb.ovsdb_monitor [None req-7229e402-e37b-4f28-b297-9d9d1dd9a4ff None None] Hash Ring: Node 9b6f30b4-4343-41de-9e82-a49d9597f7bd (host: ubuntu) handling event "create" for row 34c6c037-7a18-4cb0-942c-08fa758f6200 (table: Connection) {{(pid=109850) notify /opt/stack/neutron/neutron/plugins/ml2/drivers/ovn/mech_driver/ovsdb/ovsdb_monitor.py:815}}
May 04 15:23:35 ubuntu neutron-server[109641]: DEBUG ovsdbapp.backend.ovs_idl [None req-7e11b43a-a340-4dc3-9e84-65eb1e107087 None None] Created schema index Meter.name {{(pid=109641) autocreate_indices /usr/local/lib/python3.8/dist-packages/ovsdbapp/backend/ovs_idl/__init__.py:104}}
May 04 15:23:35 ubuntu neutron-server[109641]: DEBUG ovsdbapp.backend.ovs_idl [None req-7e11b43a-a340-4dc3-9e84-65eb1e107087 None None] Created schema index Address_Set.name {{(pid=109641) autocreate_indices /usr/local/lib/python3.8/dist-packages/ovsdbapp/backend/ovs_idl/__init__.py:104}}
May 04 15:23:35 ubuntu neutron-server[109641]: DEBUG ovsdbapp.backend.ovs_idl [None req-7e11b43a-a340-4dc3-9e84-65eb1e107087 None None] Created schema index HA_Chassis_Group.name {{(pid=109641) autocreate_indices /usr/local/lib/python3.8/dist-packages/ovsdbapp/backend/ovs_idl/__init__.py:104}}
May 04 15:23:35 ubuntu neutron-server[109641]: DEBUG ovsdbapp.backend.ovs_idl [None req-7e11b43a-a340-4dc3-9e84-65eb1e107087 None None] Created schema index IP_Multicast.datapath {{(pid=109641) autocreate_indices /usr/local/lib/python3.8/dist-packages/ovsdbapp/backend/ovs_idl/__init__.py:104}}
May 04 15:23:35 ubuntu neutron-server[109641]: DEBUG ovsdbapp.backend.ovs_idl [None req-7e11b43a-a340-4dc3-9e84-65eb1e107087 None None] Created schema index Connection.target {{(pid=109641) autocreate_indices /usr/local/lib/python3.8/dist-packages/ovsdbapp/backend/ovs_idl/__init__.py:104}}
May 04 15:23:35 ubuntu neutron-server[109641]: DEBUG ovsdbapp.backend.ovs_idl [None req-7e11b43a-a340-4dc3-9e84-65eb1e107087 None None] Created schema index Gateway_Chassis.name {{(pid=109641) autocreate_indices /usr/local/lib/python3.8/dist-packages/ovsdbapp/backend/ovs_idl/__init__.py:104}}
May 04 15:23:35 ubuntu neutron-server[109641]: DEBUG ovsdbapp.backend.ovs_idl [None req-7e11b43a-a340-4dc3-9e84-65eb1e107087 None None] Created schema index Port_Group.name {{(pid=109641) autocreate_indices /usr/local/lib/python3.8/dist-packages/ovsdbapp/backend/ovs_idl/__init__.py:104}}
May 04 15:23:35 ubuntu neutron-server[109641]: DEBUG ovsdbapp.backend.ovs_idl [None req-7e11b43a-a340-4dc3-9e84-65eb1e107087 None None] Created schema index Datapath_Binding.tunnel_key {{(pid=109641) autocreate_indices /usr/local/lib/python3.8/dist-packages/ovsdbapp/backend/ovs_idl/__init__.py:104}}
May 04 15:23:35 ubuntu neutron-server[109850]: INFO neutron.wsgi [-] (109850) wsgi starting up on http://0.0.0.0:9696
May 04 15:23:35 ubuntu neutron-server[109850]: DEBUG neutron.wsgi [-] (109850) accepted ('192.168.79.48', 50814) {{(pid=109850) server /usr/local/lib/python3.8/dist-packages/eventlet/wsgi.py:1004}}
May 04 15:23:35 ubuntu neutron-server[109851]: DEBUG neutron.common.ovn.hash_ring_manager [None req-d9726db3-0138-4fec-a2e5-d2956d27d7b7 None None] Allow caching, nodes 2>=2 {{(pid=109851) _wait_startup_before_caching /opt/stack/neutron/neutron/common/ovn/hash_ring_manager.py:60}}
May 04 15:23:35 ubuntu neutron-server[109850]: INFO neutron.wsgi [-] 192.168.79.48 "GET / HTTP/1.1" status: 200  len: 255 time: 0.0085583
May 04 15:23:35 ubuntu neutron-server[109851]: DEBUG neutron.plugins.ml2.drivers.ovn.mech_driver.ovsdb.ovsdb_monitor [None req-d9726db3-0138-4fec-a2e5-d2956d27d7b7 None None] ChassisMetadataAgentWriteEvent : Matched Chassis, create, None None {{(pid=109851) matches /opt/stack/neutron/neutron/plugins/ml2/drivers/ovn/mech_driver/ovsdb/ovsdb_monitor.py:62}}
May 04 15:23:35 ubuntu neutron-server[109851]: DEBUG neutron.plugins.ml2.drivers.ovn.mech_driver.ovsdb.ovsdb_monitor [None req-d9726db3-0138-4fec-a2e5-d2956d27d7b7 None None] ChassisAgentWriteEvent : Matched Chassis, create, None None {{(pid=109851) matches /opt/stack/neutron/neutron/plugins/ml2/drivers/ovn/mech_driver/ovsdb/ovsdb_monitor.py:62}}
May 04 15:23:35 ubuntu neutron-server[109851]: DEBUG neutron.plugins.ml2.drivers.ovn.mech_driver.ovsdb.ovsdb_monitor [None req-d9726db3-0138-4fec-a2e5-d2956d27d7b7 None None] Hash Ring: Node 22f8a33c-65a5-4bf6-a4b6-9484e9df652e (host: ubuntu) handling event "create" for row 3ace18e5-2114-41b0-9363-1f96553b8914 (table: Chassis) {{(pid=109851) notify /opt/stack/neutron/neutron/plugins/ml2/drivers/ovn/mech_driver/ovsdb/ovsdb_monitor.py:815}}
May 04 15:23:35 ubuntu neutron-server[109851]: INFO neutron.wsgi [-] (109851) wsgi starting up on http://0.0.0.0:9696
May 04 15:23:35 ubuntu neutron-server[109641]: INFO oslo_service.service [None req-7e11b43a-a340-4dc3-9e84-65eb1e107087 None None] Starting 1 workers
May 04 15:23:35 ubuntu neutron-server[109641]: DEBUG oslo_service.service [None req-7e11b43a-a340-4dc3-9e84-65eb1e107087 None None] Started child 109875 {{(pid=109641) _start_child /usr/local/lib/python3.8/dist-packages/oslo_service/service.py:575}}
May 04 15:23:35 ubuntu neutron-server[109641]: INFO oslo_service.service [None req-7e11b43a-a340-4dc3-9e84-65eb1e107087 None None] Starting 1 workers
May 04 15:23:36 ubuntu neutron-server[109875]: DEBUG neutron.service [None req-7e11b43a-a340-4dc3-9e84-65eb1e107087 None None] calling RpcWorker wait() {{(pid=109875) _wait /opt/stack/neutron/neutron/service.py:128}}
May 04 15:23:36 ubuntu neutron-server[109875]: DEBUG neutron.service [None req-7e11b43a-a340-4dc3-9e84-65eb1e107087 None None] returning from RpcWorker wait() {{(pid=109875) _wait /opt/stack/neutron/neutron/service.py:135}}
May 04 15:23:36 ubuntu neutron-server[109641]: DEBUG oslo_service.service [None req-7e11b43a-a340-4dc3-9e84-65eb1e107087 None None] Started child 109877 {{(pid=109641) _start_child /usr/local/lib/python3.8/dist-packages/oslo_service/service.py:575}}
May 04 15:23:36 ubuntu neutron-server[109641]: INFO oslo_service.service [None req-7e11b43a-a340-4dc3-9e84-65eb1e107087 None None] Starting 1 workers
May 04 15:23:36 ubuntu neutron-server[109875]: DEBUG neutron_lib.callbacks.manager [-] Publish callbacks ['neutron.plugins.ml2.drivers.ovn.mech_driver.mech_driver.OVNMechanismDriver.post_fork_initialize-560585'] for process (None), after_init {{(pid=109875) _notify_loop /usr/local/lib/python3.8/dist-packages/neutron_lib/callbacks/manager.py:176}}
May 04 15:23:36 ubuntu neutron-server[109875]: INFO neutron.plugins.ml2.drivers.ovn.mech_driver.ovsdb.impl_idl_ovn [-] Getting OvsdbNbOvnIdl for RpcWorker with retry
May 04 15:23:36 ubuntu neutron-server[109641]: DEBUG oslo_service.service [None req-7e11b43a-a340-4dc3-9e84-65eb1e107087 None None] Started child 109880 {{(pid=109641) _start_child /usr/local/lib/python3.8/dist-packages/oslo_service/service.py:575}}
May 04 15:23:36 ubuntu neutron-server[109641]: DEBUG neutron_lib.callbacks.manager [None req-7e11b43a-a340-4dc3-9e84-65eb1e107087 None None] Publish callbacks [] for process (None), after_spawn {{(pid=109641) _notify_loop /usr/local/lib/python3.8/dist-packages/neutron_lib/callbacks/manager.py:176}}
May 04 15:23:36 ubuntu neutron-server[109877]: DEBUG neutron_lib.callbacks.manager [-] Publish callbacks ['neutron.plugins.ml2.drivers.ovn.mech_driver.mech_driver.OVNMechanismDriver.post_fork_initialize-560585'] for process (None), after_init {{(pid=109877) _notify_loop /usr/local/lib/python3.8/dist-packages/neutron_lib/callbacks/manager.py:176}}
May 04 15:23:36 ubuntu neutron-server[109641]: DEBUG oslo_service.service [-] Full set of CONF: {{(pid=109641) wait /usr/local/lib/python3.8/dist-packages/oslo_service/service.py:649}}
May 04 15:23:36 ubuntu neutron-server[109641]: DEBUG oslo_service.service [-] ******************************************************************************** {{(pid=109641) log_opt_values /usr/local/lib/python3.8/dist-packages/oslo_config/cfg.py:2589}}
May 04 15:23:36 ubuntu neutron-server[109641]: DEBUG oslo_service.service [-] Configuration options gathered from: {{(pid=109641) log_opt_values /usr/local/lib/python3.8/dist-packages/oslo_config/cfg.py:2590}}
May 04 15:23:36 ubuntu neutron-server[109641]: DEBUG oslo_service.service [-] command line args: ['--config-file', '/etc/neutron/neutron.conf', '--config-file', '/etc/neutron/plugins/ml2/ml2_conf.ini'] {{(pid=109641) log_opt_values /usr/local/lib/python3.8/dist-packages/oslo_config/cfg.py:2591}}
