Mar 31 17:16:01 ubuntu neutron-server[105261]: DEBUG neutron.api.extensions [None req-329d9e33-144c-4e6a-828d-7725c147d5c8 None None] Loading extension file: vlantransparent.py {{(pid=105261) _load_all_extensions_from_path /opt/stack/neutron/neutron/api/extensions.py:450}}
Mar 31 17:16:01 ubuntu neutron-server[105261]: DEBUG neutron.api.extensions [None req-329d9e33-144c-4e6a-828d-7725c147d5c8 None None] Ext name="Vlantransparent" alias="vlan-transparent" description="Provides Vlan Transparent Networks" updated="2015-03-23T09:00:00-00:00" {{(pid=105261) _check_extension /opt/stack/neutron/neutron/api/extensions.py:416}}
Mar 31 17:16:01 ubuntu neutron-server[105261]: INFO neutron.api.extensions [None req-329d9e33-144c-4e6a-828d-7725c147d5c8 None None] Extension vlan-transparent not supported by any of loaded plugins
Mar 31 17:16:01 ubuntu neutron-server[105261]: INFO neutron.quota.resource_registry [None req-329d9e33-144c-4e6a-828d-7725c147d5c8 None None] Creating instance of TrackedResource for resource:network
Mar 31 17:16:01 ubuntu neutron-server[105261]: INFO neutron.quota.resource_registry [None req-329d9e33-144c-4e6a-828d-7725c147d5c8 None None] Creating instance of TrackedResource for resource:subnet
Mar 31 17:16:01 ubuntu neutron-server[105261]: INFO neutron.quota.resource_registry [None req-329d9e33-144c-4e6a-828d-7725c147d5c8 None None] Creating instance of TrackedResource for resource:subnetpool
Mar 31 17:16:01 ubuntu neutron-server[105261]: INFO neutron.quota.resource_registry [None req-329d9e33-144c-4e6a-828d-7725c147d5c8 None None] Creating instance of TrackedResource for resource:port
Mar 31 17:16:01 ubuntu neutron-server[105261]: DEBUG neutron.api.v2.resource_helper [None req-329d9e33-144c-4e6a-828d-7725c147d5c8 None None] Service FLAVORS assigned prefix:  {{(pid=105261) build_resource_info /opt/stack/neutron/neutron/api/v2/resource_helper.py:77}}
Mar 31 17:16:01 ubuntu neutron-server[105261]: DEBUG neutron.api.v2.resource_helper [None req-329d9e33-144c-4e6a-828d-7725c147d5c8 None None] Service L3_ROUTER_NAT assigned prefix:  {{(pid=105261) build_resource_info /opt/stack/neutron/neutron/api/v2/resource_helper.py:77}}
Mar 31 17:16:01 ubuntu neutron-server[105261]: DEBUG neutron.api.v2.resource_helper [None req-329d9e33-144c-4e6a-828d-7725c147d5c8 None None] Service L3_ROUTER_NAT assigned prefix:  {{(pid=105261) build_resource_info /opt/stack/neutron/neutron/api/v2/resource_helper.py:77}}
Mar 31 17:16:01 ubuntu neutron-server[105261]: INFO neutron.quota.resource_registry [None req-329d9e33-144c-4e6a-828d-7725c147d5c8 None None] Creating instance of TrackedResource for resource:router
Mar 31 17:16:01 ubuntu neutron-server[105261]: INFO neutron.quota.resource_registry [None req-329d9e33-144c-4e6a-828d-7725c147d5c8 None None] Creating instance of TrackedResource for resource:floatingip
Mar 31 17:16:01 ubuntu neutron-server[105261]: DEBUG neutron_lib.callbacks.manager [None req-329d9e33-144c-4e6a-828d-7725c147d5c8 None None] Subscribe: <bound method NeutronDbPluginV2.validate_network_rbac_policy_change of <neutron.services.network_ip_availability.plugin.NetworkIPAvailabilityPlugin object at 0x7f3fb1b9b460>> rbac-policy before_create 55550000 {{(pid=105261) subscribe /usr/local/lib/python3.8/dist-packages/neutron_lib/callbacks/manager.py:45}}
Mar 31 17:16:01 ubuntu neutron-server[105261]: DEBUG neutron_lib.callbacks.manager [None req-329d9e33-144c-4e6a-828d-7725c147d5c8 None None] Subscribe: <bound method NeutronDbPluginV2.validate_network_rbac_policy_change of <neutron.services.network_ip_availability.plugin.NetworkIPAvailabilityPlugin object at 0x7f3fb1b9b460>> rbac-policy before_update 55550000 {{(pid=105261) subscribe /usr/local/lib/python3.8/dist-packages/neutron_lib/callbacks/manager.py:45}}
Mar 31 17:16:01 ubuntu neutron-server[105261]: DEBUG neutron_lib.callbacks.manager [None req-329d9e33-144c-4e6a-828d-7725c147d5c8 None None] Subscribe: <bound method NeutronDbPluginV2.validate_network_rbac_policy_change of <neutron.services.network_ip_availability.plugin.NetworkIPAvailabilityPlugin object at 0x7f3fb1b9b460>> rbac-policy before_delete 55550000 {{(pid=105261) subscribe /usr/local/lib/python3.8/dist-packages/neutron_lib/callbacks/manager.py:45}}
Mar 31 17:16:01 ubuntu neutron-server[105261]: INFO neutron.quota.resource_registry [None req-329d9e33-144c-4e6a-828d-7725c147d5c8 None None] Creating instance of CountableResource for resource:rbac_policy
Mar 31 17:16:01 ubuntu neutron-server[105261]: INFO neutron.quota.resource_registry [None req-329d9e33-144c-4e6a-828d-7725c147d5c8 None None] Creating instance of TrackedResource for resource:security_group
Mar 31 17:16:01 ubuntu neutron-server[105261]: INFO neutron.quota.resource_registry [None req-329d9e33-144c-4e6a-828d-7725c147d5c8 None None] Creating instance of TrackedResource for resource:security_group_rule
Mar 31 17:16:01 ubuntu neutron-server[105261]: DEBUG neutron.api.v2.resource_helper [None req-329d9e33-144c-4e6a-828d-7725c147d5c8 None None] Service FLAVORS assigned prefix:  {{(pid=105261) build_resource_info /opt/stack/neutron/neutron/api/v2/resource_helper.py:77}}
Mar 31 17:16:01 ubuntu neutron-server[105261]: DEBUG neutron.api.v2.resource_helper [None req-329d9e33-144c-4e6a-828d-7725c147d5c8 None None] Service L3_ROUTER_NAT assigned prefix:  {{(pid=105261) build_resource_info /opt/stack/neutron/neutron/api/v2/resource_helper.py:77}}
Mar 31 17:16:01 ubuntu neutron-server[105261]: DEBUG neutron.api.v2.resource_helper [None req-329d9e33-144c-4e6a-828d-7725c147d5c8 None None] Service L3_ROUTER_NAT assigned prefix:  {{(pid=105261) build_resource_info /opt/stack/neutron/neutron/api/v2/resource_helper.py:77}}
Mar 31 17:16:01 ubuntu neutron-server[105261]: INFO neutron.quota.resource_registry [None req-329d9e33-144c-4e6a-828d-7725c147d5c8 None None] Creating instance of TrackedResource for resource:router
Mar 31 17:16:01 ubuntu neutron-server[105261]: WARNING neutron.quota.resource_registry [None req-329d9e33-144c-4e6a-828d-7725c147d5c8 None None] router is already registered
Mar 31 17:16:01 ubuntu neutron-server[105261]: INFO neutron.quota.resource_registry [None req-329d9e33-144c-4e6a-828d-7725c147d5c8 None None] Creating instance of TrackedResource for resource:floatingip
Mar 31 17:16:01 ubuntu neutron-server[105261]: WARNING neutron.quota.resource_registry [None req-329d9e33-144c-4e6a-828d-7725c147d5c8 None None] floatingip is already registered
Mar 31 17:16:01 ubuntu neutron-server[105261]: INFO neutron.quota.resource_registry [None req-329d9e33-144c-4e6a-828d-7725c147d5c8 None None] Creating instance of CountableResource for resource:rbac_policy
Mar 31 17:16:01 ubuntu neutron-server[105261]: WARNING neutron.quota.resource_registry [None req-329d9e33-144c-4e6a-828d-7725c147d5c8 None None] rbac_policy is already registered
Mar 31 17:16:01 ubuntu neutron-server[105261]: INFO neutron.quota.resource_registry [None req-329d9e33-144c-4e6a-828d-7725c147d5c8 None None] Creating instance of TrackedResource for resource:security_group
Mar 31 17:16:01 ubuntu neutron-server[105261]: WARNING neutron.quota.resource_registry [None req-329d9e33-144c-4e6a-828d-7725c147d5c8 None None] security_group is already registered
Mar 31 17:16:01 ubuntu neutron-server[105261]: INFO neutron.quota.resource_registry [None req-329d9e33-144c-4e6a-828d-7725c147d5c8 None None] Creating instance of TrackedResource for resource:security_group_rule
Mar 31 17:16:01 ubuntu neutron-server[105261]: WARNING neutron.quota.resource_registry [None req-329d9e33-144c-4e6a-828d-7725c147d5c8 None None] security_group_rule is already registered
Mar 31 17:16:01 ubuntu neutron-server[105261]: DEBUG neutron.api.extensions [None req-329d9e33-144c-4e6a-828d-7725c147d5c8 None None] Extended resource: extensions {{(pid=105261) __init__ /opt/stack/neutron/neutron/api/extensions.py:157}}
Mar 31 17:16:01 ubuntu neutron-server[105261]: DEBUG neutron.api.extensions [None req-329d9e33-144c-4e6a-828d-7725c147d5c8 None None] Extended resource: address-groups {{(pid=105261) __init__ /opt/stack/neutron/neutron/api/extensions.py:157}}
Mar 31 17:16:01 ubuntu neutron-server[105261]: DEBUG neutron.api.extensions [None req-329d9e33-144c-4e6a-828d-7725c147d5c8 None None] Extended resource: address-scopes {{(pid=105261) __init__ /opt/stack/neutron/neutron/api/extensions.py:157}}
Mar 31 17:16:01 ubuntu neutron-server[105261]: DEBUG neutron.api.extensions [None req-329d9e33-144c-4e6a-828d-7725c147d5c8 None None] Extended resource: agents {{(pid=105261) __init__ /opt/stack/neutron/neutron/api/extensions.py:157}}
Mar 31 17:16:01 ubuntu neutron-server[105261]: DEBUG neutron.api.extensions [None req-329d9e33-144c-4e6a-828d-7725c147d5c8 None None] Extended resource: auto-allocated-topology {{(pid=105261) __init__ /opt/stack/neutron/neutron/api/extensions.py:157}}
Mar 31 17:16:01 ubuntu neutron-server[105261]: DEBUG neutron.api.extensions [None req-329d9e33-144c-4e6a-828d-7725c147d5c8 None None] Extended resource: availability_zones {{(pid=105261) __init__ /opt/stack/neutron/neutron/api/extensions.py:157}}
Mar 31 17:16:01 ubuntu neutron-server[105261]: DEBUG neutron.api.extensions [None req-329d9e33-144c-4e6a-828d-7725c147d5c8 None None] Extended resource: flavors {{(pid=105261) __init__ /opt/stack/neutron/neutron/api/extensions.py:157}}
Mar 31 17:16:01 ubuntu neutron-server[105261]: DEBUG neutron.api.extensions [None req-329d9e33-144c-4e6a-828d-7725c147d5c8 None None] Extended resource: service_profiles {{(pid=105261) __init__ /opt/stack/neutron/neutron/api/extensions.py:157}}
Mar 31 17:16:01 ubuntu neutron-server[105261]: DEBUG neutron.api.extensions [None req-329d9e33-144c-4e6a-828d-7725c147d5c8 None None] Extended resource: next_providers {{(pid=105261) __init__ /opt/stack/neutron/neutron/api/extensions.py:157}}
Mar 31 17:16:01 ubuntu neutron-server[105261]: DEBUG neutron.api.extensions [None req-329d9e33-144c-4e6a-828d-7725c147d5c8 None None] Extended resource: service_profiles {{(pid=105261) __init__ /opt/stack/neutron/neutron/api/extensions.py:157}}
Mar 31 17:16:01 ubuntu neutron-server[105261]: DEBUG neutron.api.extensions [None req-329d9e33-144c-4e6a-828d-7725c147d5c8 None None] Extended resource: floatingip-pools {{(pid=105261) __init__ /opt/stack/neutron/neutron/api/extensions.py:157}}
Mar 31 17:16:01 ubuntu neutron-server[105261]: DEBUG neutron.api.extensions [None req-329d9e33-144c-4e6a-828d-7725c147d5c8 None None] Extended resource: routers {{(pid=105261) __init__ /opt/stack/neutron/neutron/api/extensions.py:157}}
Mar 31 17:16:01 ubuntu neutron-server[105261]: DEBUG neutron.api.extensions [None req-329d9e33-144c-4e6a-828d-7725c147d5c8 None None] Extended resource: floatingips {{(pid=105261) __init__ /opt/stack/neutron/neutron/api/extensions.py:157}}
Mar 31 17:16:01 ubuntu neutron-server[105261]: DEBUG neutron.api.extensions [None req-329d9e33-144c-4e6a-828d-7725c147d5c8 None None] Extended resource: network-ip-availabilities {{(pid=105261) __init__ /opt/stack/neutron/neutron/api/extensions.py:157}}
Mar 31 17:16:01 ubuntu neutron-server[105261]: DEBUG neutron.api.extensions [None req-329d9e33-144c-4e6a-828d-7725c147d5c8 None None] Extended resource: bindings {{(pid=105261) __init__ /opt/stack/neutron/neutron/api/extensions.py:157}}
Mar 31 17:16:01 ubuntu neutron-server[105261]: DEBUG neutron.api.extensions [None req-329d9e33-144c-4e6a-828d-7725c147d5c8 None None] Extended resource: quotas {{(pid=105261) __init__ /opt/stack/neutron/neutron/api/extensions.py:157}}
Mar 31 17:16:01 ubuntu neutron-server[105261]: DEBUG neutron.api.extensions [None req-329d9e33-144c-4e6a-828d-7725c147d5c8 None None] Extended resource: quotas {{(pid=105261) __init__ /opt/stack/neutron/neutron/api/extensions.py:157}}
Mar 31 17:16:01 ubuntu neutron-server[105261]: DEBUG neutron.api.extensions [None req-329d9e33-144c-4e6a-828d-7725c147d5c8 None None] Extended resource: rbac-policies {{(pid=105261) __init__ /opt/stack/neutron/neutron/api/extensions.py:157}}
Mar 31 17:16:01 ubuntu neutron-server[105261]: DEBUG neutron.api.extensions [None req-329d9e33-144c-4e6a-828d-7725c147d5c8 None None] Extended resource: security-groups {{(pid=105261) __init__ /opt/stack/neutron/neutron/api/extensions.py:157}}
Mar 31 17:16:01 ubuntu neutron-server[105261]: DEBUG neutron.api.extensions [None req-329d9e33-144c-4e6a-828d-7725c147d5c8 None None] Extended resource: security-group-rules {{(pid=105261) __init__ /opt/stack/neutron/neutron/api/extensions.py:157}}
Mar 31 17:16:01 ubuntu neutron-server[105261]: DEBUG neutron.api.extensions [None req-329d9e33-144c-4e6a-828d-7725c147d5c8 None None] Extended resource: service-providers {{(pid=105261) __init__ /opt/stack/neutron/neutron/api/extensions.py:157}}
Mar 31 17:16:01 ubuntu neutron-server[105261]: DEBUG neutron.api.extensions [None req-329d9e33-144c-4e6a-828d-7725c147d5c8 None None] Extended resource: tags {{(pid=105261) __init__ /opt/stack/neutron/neutron/api/extensions.py:157}}
Mar 31 17:16:01 ubuntu neutron-server[105261]: DEBUG neutron.api.extensions [None req-329d9e33-144c-4e6a-828d-7725c147d5c8 None None] Extended resource: tags {{(pid=105261) __init__ /opt/stack/neutron/neutron/api/extensions.py:157}}
Mar 31 17:16:01 ubuntu neutron-server[105261]: DEBUG neutron.api.extensions [None req-329d9e33-144c-4e6a-828d-7725c147d5c8 None None] Extended resource: tags {{(pid=105261) __init__ /opt/stack/neutron/neutron/api/extensions.py:157}}
Mar 31 17:16:01 ubuntu neutron-server[105261]: DEBUG neutron.api.extensions [None req-329d9e33-144c-4e6a-828d-7725c147d5c8 None None] Extended resource: tags {{(pid=105261) __init__ /opt/stack/neutron/neutron/api/extensions.py:157}}
Mar 31 17:16:01 ubuntu neutron-server[105261]: DEBUG neutron.api.extensions [None req-329d9e33-144c-4e6a-828d-7725c147d5c8 None None] Extended resource: tags {{(pid=105261) __init__ /opt/stack/neutron/neutron/api/extensions.py:157}}
Mar 31 17:16:01 ubuntu neutron-server[105261]: DEBUG neutron.api.extensions [None req-329d9e33-144c-4e6a-828d-7725c147d5c8 None None] Extended resource: tags {{(pid=105261) __init__ /opt/stack/neutron/neutron/api/extensions.py:157}}
Mar 31 17:16:01 ubuntu neutron-server[105261]: DEBUG neutron.api.extensions [None req-329d9e33-144c-4e6a-828d-7725c147d5c8 None None] Extended resource: tags {{(pid=105261) __init__ /opt/stack/neutron/neutron/api/extensions.py:157}}
Mar 31 17:16:01 ubuntu neutron-server[105261]: DEBUG neutron.api.extensions [None req-329d9e33-144c-4e6a-828d-7725c147d5c8 None None] Extended resource: tags {{(pid=105261) __init__ /opt/stack/neutron/neutron/api/extensions.py:157}}
Mar 31 17:16:01 ubuntu neutron-server[105261]: DEBUG neutron.api.extensions [None req-329d9e33-144c-4e6a-828d-7725c147d5c8 None None] Extended resource: tags {{(pid=105261) __init__ /opt/stack/neutron/neutron/api/extensions.py:157}}
Mar 31 17:16:01 ubuntu neutron-server[105261]: DEBUG neutron.api.extensions [None req-329d9e33-144c-4e6a-828d-7725c147d5c8 None None] Extended resource: tags {{(pid=105261) __init__ /opt/stack/neutron/neutron/api/extensions.py:157}}
Mar 31 17:16:01 ubuntu neutron-server[105261]: WARNING keystonemiddleware.auth_token [None req-329d9e33-144c-4e6a-828d-7725c147d5c8 None None] AuthToken middleware is set with keystone_authtoken.service_token_roles_required set to False. This is backwards compatible but deprecated behaviour. Please set this to True.
Mar 31 17:16:01 ubuntu neutron-server[105261]: WARNING keystonemiddleware.auth_token [None req-329d9e33-144c-4e6a-828d-7725c147d5c8 None None] Configuring www_authenticate_uri to point to the public identity endpoint is required; clients may not be able to authenticate against an admin endpoint
Mar 31 17:16:01 ubuntu neutron-server[105261]: DEBUG oslo_concurrency.lockutils [None req-329d9e33-144c-4e6a-828d-7725c147d5c8 None None] Acquired lock "singleton_lock" {{(pid=105261) lock /usr/local/lib/python3.8/dist-packages/oslo_concurrency/lockutils.py:294}}
Mar 31 17:16:01 ubuntu neutron-server[105261]: DEBUG oslo_concurrency.lockutils [None req-329d9e33-144c-4e6a-828d-7725c147d5c8 None None] Releasing lock "singleton_lock" {{(pid=105261) lock /usr/local/lib/python3.8/dist-packages/oslo_concurrency/lockutils.py:312}}
Mar 31 17:16:01 ubuntu neutron-server[105261]: INFO oslo_service.service [None req-329d9e33-144c-4e6a-828d-7725c147d5c8 None None] Starting 2 workers
Mar 31 17:16:01 ubuntu neutron-server[105261]: DEBUG oslo_service.service [None req-329d9e33-144c-4e6a-828d-7725c147d5c8 None None] Started child 105473 {{(pid=105261) _start_child /usr/local/lib/python3.8/dist-packages/oslo_service/service.py:575}}
Mar 31 17:16:01 ubuntu neutron-server[105261]: DEBUG oslo_service.service [None req-329d9e33-144c-4e6a-828d-7725c147d5c8 None None] Started child 105474 {{(pid=105261) _start_child /usr/local/lib/python3.8/dist-packages/oslo_service/service.py:575}}
Mar 31 17:16:01 ubuntu neutron-server[105261]: INFO neutron.service [None req-329d9e33-144c-4e6a-828d-7725c147d5c8 None None] Neutron service started, listening on 0.0.0.0:9696
Mar 31 17:16:01 ubuntu neutron-server[105261]: DEBUG neutron_lib.callbacks.manager [None req-329d9e33-144c-4e6a-828d-7725c147d5c8 None None] Publish callbacks ['neutron.plugins.ml2.drivers.ovn.mech_driver.mech_driver.OVNMechanismDriver.pre_fork_initialize-542648'] for process (None), before_spawn {{(pid=105261) _notify_loop /usr/local/lib/python3.8/dist-packages/neutron_lib/callbacks/manager.py:176}}
Mar 31 17:16:01 ubuntu neutron-server[105473]: DEBUG neutron_lib.callbacks.manager [-] Publish callbacks ['neutron.plugins.ml2.drivers.ovn.mech_driver.mech_driver.OVNMechanismDriver.post_fork_initialize-542548'] for process (None), after_init {{(pid=105473) _notify_loop /usr/local/lib/python3.8/dist-packages/neutron_lib/callbacks/manager.py:176}}
Mar 31 17:16:01 ubuntu neutron-server[105474]: DEBUG neutron_lib.callbacks.manager [-] Publish callbacks ['neutron.plugins.ml2.drivers.ovn.mech_driver.mech_driver.OVNMechanismDriver.post_fork_initialize-542548'] for process (None), after_init {{(pid=105474) _notify_loop /usr/local/lib/python3.8/dist-packages/neutron_lib/callbacks/manager.py:176}}
Mar 31 17:16:01 ubuntu neutron-server[105261]: DEBUG ovsdbapp.backend.ovs_idl [None req-329d9e33-144c-4e6a-828d-7725c147d5c8 None None] Created schema index Port_Group.name {{(pid=105261) autocreate_indices /usr/local/lib/python3.8/dist-packages/ovsdbapp/backend/ovs_idl/__init__.py:126}}
Mar 31 17:16:01 ubuntu neutron-server[105261]: DEBUG ovsdbapp.backend.ovs_idl [None req-329d9e33-144c-4e6a-828d-7725c147d5c8 None None] Created schema index Logical_Switch_Port.name {{(pid=105261) autocreate_indices /usr/local/lib/python3.8/dist-packages/ovsdbapp/backend/ovs_idl/__init__.py:126}}
Mar 31 17:16:01 ubuntu neutron-server[105474]: INFO neutron.plugins.ml2.drivers.ovn.mech_driver.ovsdb.impl_idl_ovn [None req-8f5cc68f-5311-4fe0-acd0-d1817d3b4ff0 None None] Getting OvsdbNbOvnIdl for WorkerService with retry
Mar 31 17:16:01 ubuntu neutron-server[105473]: INFO neutron.plugins.ml2.drivers.ovn.mech_driver.ovsdb.impl_idl_ovn [None req-698bd253-1a98-4788-bdc8-d50f9ddbf637 None None] Getting OvsdbNbOvnIdl for WorkerService with retry
Mar 31 17:16:01 ubuntu neutron-server[105473]: DEBUG ovsdbapp.backend.ovs_idl [None req-698bd253-1a98-4788-bdc8-d50f9ddbf637 None None] Created lookup_table index Logical_Switch.name {{(pid=105473) autocreate_indices /usr/local/lib/python3.8/dist-packages/ovsdbapp/backend/ovs_idl/__init__.py:107}}
Mar 31 17:16:01 ubuntu neutron-server[105473]: DEBUG ovsdbapp.backend.ovs_idl [None req-698bd253-1a98-4788-bdc8-d50f9ddbf637 None None] Created lookup_table index Logical_Router.name {{(pid=105473) autocreate_indices /usr/local/lib/python3.8/dist-packages/ovsdbapp/backend/ovs_idl/__init__.py:107}}
Mar 31 17:16:01 ubuntu neutron-server[105473]: DEBUG ovsdbapp.backend.ovs_idl [None req-698bd253-1a98-4788-bdc8-d50f9ddbf637 None None] Created lookup_table index Load_Balancer.name {{(pid=105473) autocreate_indices /usr/local/lib/python3.8/dist-packages/ovsdbapp/backend/ovs_idl/__init__.py:107}}
Mar 31 17:16:01 ubuntu neutron-server[105473]: DEBUG ovsdbapp.backend.ovs_idl [None req-698bd253-1a98-4788-bdc8-d50f9ddbf637 None None] Created schema index Meter.name {{(pid=105473) autocreate_indices /usr/local/lib/python3.8/dist-packages/ovsdbapp/backend/ovs_idl/__init__.py:126}}
Mar 31 17:16:01 ubuntu neutron-server[105473]: DEBUG ovsdbapp.backend.ovs_idl [None req-698bd253-1a98-4788-bdc8-d50f9ddbf637 None None] Created schema index Address_Set.name {{(pid=105473) autocreate_indices /usr/local/lib/python3.8/dist-packages/ovsdbapp/backend/ovs_idl/__init__.py:126}}
Mar 31 17:16:01 ubuntu neutron-server[105473]: DEBUG ovsdbapp.backend.ovs_idl [None req-698bd253-1a98-4788-bdc8-d50f9ddbf637 None None] Created schema index HA_Chassis_Group.name {{(pid=105473) autocreate_indices /usr/local/lib/python3.8/dist-packages/ovsdbapp/backend/ovs_idl/__init__.py:126}}
Mar 31 17:16:01 ubuntu neutron-server[105473]: DEBUG ovsdbapp.backend.ovs_idl [None req-698bd253-1a98-4788-bdc8-d50f9ddbf637 None None] Created schema index Connection.target {{(pid=105473) autocreate_indices /usr/local/lib/python3.8/dist-packages/ovsdbapp/backend/ovs_idl/__init__.py:126}}
Mar 31 17:16:01 ubuntu neutron-server[105473]: DEBUG ovsdbapp.backend.ovs_idl [None req-698bd253-1a98-4788-bdc8-d50f9ddbf637 None None] Created schema index Gateway_Chassis.name {{(pid=105473) autocreate_indices /usr/local/lib/python3.8/dist-packages/ovsdbapp/backend/ovs_idl/__init__.py:126}}
Mar 31 17:16:01 ubuntu neutron-server[105473]: DEBUG ovsdbapp.backend.ovs_idl [None req-698bd253-1a98-4788-bdc8-d50f9ddbf637 None None] Created schema index Logical_Router_Port.name {{(pid=105473) autocreate_indices /usr/local/lib/python3.8/dist-packages/ovsdbapp/backend/ovs_idl/__init__.py:126}}
Mar 31 17:16:01 ubuntu neutron-server[105473]: DEBUG ovsdbapp.backend.ovs_idl [None req-698bd253-1a98-4788-bdc8-d50f9ddbf637 None None] Created schema index Port_Group.name {{(pid=105473) autocreate_indices /usr/local/lib/python3.8/dist-packages/ovsdbapp/backend/ovs_idl/__init__.py:126}}
Mar 31 17:16:01 ubuntu neutron-server[105474]: DEBUG ovsdbapp.backend.ovs_idl [None req-8f5cc68f-5311-4fe0-acd0-d1817d3b4ff0 None None] Created lookup_table index Logical_Switch.name {{(pid=105474) autocreate_indices /usr/local/lib/python3.8/dist-packages/ovsdbapp/backend/ovs_idl/__init__.py:107}}
Mar 31 17:16:01 ubuntu neutron-server[105473]: DEBUG ovsdbapp.backend.ovs_idl [None req-698bd253-1a98-4788-bdc8-d50f9ddbf637 None None] Created schema index Logical_Switch_Port.name {{(pid=105473) autocreate_indices /usr/local/lib/python3.8/dist-packages/ovsdbapp/backend/ovs_idl/__init__.py:126}}
Mar 31 17:16:01 ubuntu neutron-server[105474]: DEBUG ovsdbapp.backend.ovs_idl [None req-8f5cc68f-5311-4fe0-acd0-d1817d3b4ff0 None None] Created lookup_table index Logical_Router.name {{(pid=105474) autocreate_indices /usr/local/lib/python3.8/dist-packages/ovsdbapp/backend/ovs_idl/__init__.py:107}}
Mar 31 17:16:01 ubuntu neutron-server[105473]: INFO ovsdbapp.backend.ovs_idl.vlog [None req-698bd253-1a98-4788-bdc8-d50f9ddbf637 None None] tcp:192.168.79.39:6641: connecting...
Mar 31 17:16:01 ubuntu neutron-server[105474]: DEBUG ovsdbapp.backend.ovs_idl [None req-8f5cc68f-5311-4fe0-acd0-d1817d3b4ff0 None None] Created lookup_table index Load_Balancer.name {{(pid=105474) autocreate_indices /usr/local/lib/python3.8/dist-packages/ovsdbapp/backend/ovs_idl/__init__.py:107}}
Mar 31 17:16:01 ubuntu neutron-server[105473]: INFO ovsdbapp.backend.ovs_idl.vlog [None req-698bd253-1a98-4788-bdc8-d50f9ddbf637 None None] tcp:192.168.79.39:6641: connected
Mar 31 17:16:01 ubuntu neutron-server[105474]: DEBUG ovsdbapp.backend.ovs_idl [None req-8f5cc68f-5311-4fe0-acd0-d1817d3b4ff0 None None] Created schema index Meter.name {{(pid=105474) autocreate_indices /usr/local/lib/python3.8/dist-packages/ovsdbapp/backend/ovs_idl/__init__.py:126}}
Mar 31 17:16:01 ubuntu neutron-server[105474]: DEBUG ovsdbapp.backend.ovs_idl [None req-8f5cc68f-5311-4fe0-acd0-d1817d3b4ff0 None None] Created schema index Address_Set.name {{(pid=105474) autocreate_indices /usr/local/lib/python3.8/dist-packages/ovsdbapp/backend/ovs_idl/__init__.py:126}}
Mar 31 17:16:01 ubuntu neutron-server[105474]: DEBUG ovsdbapp.backend.ovs_idl [None req-8f5cc68f-5311-4fe0-acd0-d1817d3b4ff0 None None] Created schema index HA_Chassis_Group.name {{(pid=105474) autocreate_indices /usr/local/lib/python3.8/dist-packages/ovsdbapp/backend/ovs_idl/__init__.py:126}}
Mar 31 17:16:01 ubuntu neutron-server[105474]: DEBUG ovsdbapp.backend.ovs_idl [None req-8f5cc68f-5311-4fe0-acd0-d1817d3b4ff0 None None] Created schema index Connection.target {{(pid=105474) autocreate_indices /usr/local/lib/python3.8/dist-packages/ovsdbapp/backend/ovs_idl/__init__.py:126}}
Mar 31 17:16:01 ubuntu neutron-server[105474]: DEBUG ovsdbapp.backend.ovs_idl [None req-8f5cc68f-5311-4fe0-acd0-d1817d3b4ff0 None None] Created schema index Gateway_Chassis.name {{(pid=105474) autocreate_indices /usr/local/lib/python3.8/dist-packages/ovsdbapp/backend/ovs_idl/__init__.py:126}}
Mar 31 17:16:01 ubuntu neutron-server[105474]: DEBUG ovsdbapp.backend.ovs_idl [None req-8f5cc68f-5311-4fe0-acd0-d1817d3b4ff0 None None] Created schema index Logical_Router_Port.name {{(pid=105474) autocreate_indices /usr/local/lib/python3.8/dist-packages/ovsdbapp/backend/ovs_idl/__init__.py:126}}
Mar 31 17:16:01 ubuntu neutron-server[105474]: DEBUG ovsdbapp.backend.ovs_idl [None req-8f5cc68f-5311-4fe0-acd0-d1817d3b4ff0 None None] Created schema index Port_Group.name {{(pid=105474) autocreate_indices /usr/local/lib/python3.8/dist-packages/ovsdbapp/backend/ovs_idl/__init__.py:126}}
Mar 31 17:16:01 ubuntu neutron-server[105474]: DEBUG ovsdbapp.backend.ovs_idl [None req-8f5cc68f-5311-4fe0-acd0-d1817d3b4ff0 None None] Created schema index Logical_Switch_Port.name {{(pid=105474) autocreate_indices /usr/local/lib/python3.8/dist-packages/ovsdbapp/backend/ovs_idl/__init__.py:126}}
Mar 31 17:16:01 ubuntu neutron-server[105474]: INFO ovsdbapp.backend.ovs_idl.vlog [None req-8f5cc68f-5311-4fe0-acd0-d1817d3b4ff0 None None] tcp:192.168.79.39:6641: connecting...
Mar 31 17:16:01 ubuntu neutron-server[105474]: INFO ovsdbapp.backend.ovs_idl.vlog [None req-8f5cc68f-5311-4fe0-acd0-d1817d3b4ff0 None None] tcp:192.168.79.39:6641: connected
Mar 31 17:16:01 ubuntu neutron-server[105261]: DEBUG ovsdbapp.backend.ovs_idl.transaction [-] Running txn n=1 command(idx=0): PgAddCommand(name=neutron_pg_drop, may_exist=True, columns={'acls': []}) {{(pid=105261) do_commit /usr/local/lib/python3.8/dist-packages/ovsdbapp/backend/ovs_idl/transaction.py:90}}
Mar 31 17:16:01 ubuntu neutron-server[105261]: DEBUG ovsdbapp.backend.ovs_idl.transaction [-] Running txn n=1 command(idx=1): PgAclAddCommand(entity=neutron_pg_drop, direction=from-lport, priority=1001, match=inport == @neutron_pg_drop && ip, action=drop, log=False, may_exist=True, severity=[], name=[], meter=None, external_ids={}) {{(pid=105261) do_commit /usr/local/lib/python3.8/dist-packages/ovsdbapp/backend/ovs_idl/transaction.py:90}}
Mar 31 17:16:01 ubuntu neutron-server[105261]: DEBUG ovsdbapp.backend.ovs_idl.transaction [-] Running txn n=1 command(idx=2): PgAclAddCommand(entity=neutron_pg_drop, direction=to-lport, priority=1001, match=outport == @neutron_pg_drop && ip, action=drop, log=False, may_exist=True, severity=[], name=[], meter=None, external_ids={}) {{(pid=105261) do_commit /usr/local/lib/python3.8/dist-packages/ovsdbapp/backend/ovs_idl/transaction.py:90}}
Mar 31 17:16:01 ubuntu neutron-server[105261]: DEBUG ovsdbapp.backend.ovs_idl.event [-] Matched CREATE: NeutronPgDropPortGroupCreated(events=('create',), table='Port_Group', conditions=(('name', '=', 'neutron_pg_drop'),), old_conditions=None), priority=10 to row=Port_Group(name=neutron_pg_drop, ports=[], external_ids={}, acls=[<ovs.db.idl.Row object at 0x7f3fb14229a0>, <ovs.db.idl.Row object at 0x7f3fb141e040>]) old= {{(pid=105261) matches /usr/local/lib/python3.8/dist-packages/ovsdbapp/backend/ovs_idl/event.py:43}}
Mar 31 17:16:01 ubuntu neutron-server[105261]: DEBUG ovsdbapp.backend.ovs_idl [None req-329d9e33-144c-4e6a-828d-7725c147d5c8 None None] Created lookup_table index Logical_Switch.name {{(pid=105261) autocreate_indices /usr/local/lib/python3.8/dist-packages/ovsdbapp/backend/ovs_idl/__init__.py:107}}
Mar 31 17:16:01 ubuntu neutron-server[105261]: DEBUG ovsdbapp.backend.ovs_idl [None req-329d9e33-144c-4e6a-828d-7725c147d5c8 None None] Created lookup_table index Logical_Router.name {{(pid=105261) autocreate_indices /usr/local/lib/python3.8/dist-packages/ovsdbapp/backend/ovs_idl/__init__.py:107}}
Mar 31 17:16:01 ubuntu neutron-server[105261]: DEBUG ovsdbapp.backend.ovs_idl [None req-329d9e33-144c-4e6a-828d-7725c147d5c8 None None] Created lookup_table index Load_Balancer.name {{(pid=105261) autocreate_indices /usr/local/lib/python3.8/dist-packages/ovsdbapp/backend/ovs_idl/__init__.py:107}}
Mar 31 17:16:01 ubuntu neutron-server[105261]: DEBUG ovsdbapp.backend.ovs_idl [None req-329d9e33-144c-4e6a-828d-7725c147d5c8 None None] Created schema index Meter.name {{(pid=105261) autocreate_indices /usr/local/lib/python3.8/dist-packages/ovsdbapp/backend/ovs_idl/__init__.py:126}}
Mar 31 17:16:01 ubuntu neutron-server[105261]: DEBUG ovsdbapp.backend.ovs_idl [None req-329d9e33-144c-4e6a-828d-7725c147d5c8 None None] Created schema index Address_Set.name {{(pid=105261) autocreate_indices /usr/local/lib/python3.8/dist-packages/ovsdbapp/backend/ovs_idl/__init__.py:126}}
Mar 31 17:16:01 ubuntu neutron-server[105261]: DEBUG ovsdbapp.backend.ovs_idl [None req-329d9e33-144c-4e6a-828d-7725c147d5c8 None None] Created schema index HA_Chassis_Group.name {{(pid=105261) autocreate_indices /usr/local/lib/python3.8/dist-packages/ovsdbapp/backend/ovs_idl/__init__.py:126}}
Mar 31 17:16:01 ubuntu neutron-server[105261]: DEBUG ovsdbapp.backend.ovs_idl [None req-329d9e33-144c-4e6a-828d-7725c147d5c8 None None] Created schema index Connection.target {{(pid=105261) autocreate_indices /usr/local/lib/python3.8/dist-packages/ovsdbapp/backend/ovs_idl/__init__.py:126}}
Mar 31 17:16:01 ubuntu neutron-server[105261]: DEBUG ovsdbapp.backend.ovs_idl [None req-329d9e33-144c-4e6a-828d-7725c147d5c8 None None] Created schema index Gateway_Chassis.name {{(pid=105261) autocreate_indices /usr/local/lib/python3.8/dist-packages/ovsdbapp/backend/ovs_idl/__init__.py:126}}
Mar 31 17:16:01 ubuntu neutron-server[105261]: DEBUG ovsdbapp.backend.ovs_idl [None req-329d9e33-144c-4e6a-828d-7725c147d5c8 None None] Created schema index Logical_Router_Port.name {{(pid=105261) autocreate_indices /usr/local/lib/python3.8/dist-packages/ovsdbapp/backend/ovs_idl/__init__.py:126}}
Mar 31 17:16:01 ubuntu neutron-server[105261]: DEBUG ovsdbapp.backend.ovs_idl [None req-329d9e33-144c-4e6a-828d-7725c147d5c8 None None] Created schema index Port_Group.name {{(pid=105261) autocreate_indices /usr/local/lib/python3.8/dist-packages/ovsdbapp/backend/ovs_idl/__init__.py:126}}
Mar 31 17:16:01 ubuntu neutron-server[105261]: DEBUG ovsdbapp.backend.ovs_idl [None req-329d9e33-144c-4e6a-828d-7725c147d5c8 None None] Created schema index Logical_Switch_Port.name {{(pid=105261) autocreate_indices /usr/local/lib/python3.8/dist-packages/ovsdbapp/backend/ovs_idl/__init__.py:126}}
Mar 31 17:16:01 ubuntu neutron-server[105473]: DEBUG neutron.common.ovn.hash_ring_manager [None req-698bd253-1a98-4788-bdc8-d50f9ddbf637 None None] Allow caching, nodes 2>=2 {{(pid=105473) _wait_startup_before_caching /opt/stack/neutron/neutron/common/ovn/hash_ring_manager.py:60}}
Mar 31 17:16:01 ubuntu neutron-server[105473]: DEBUG neutron.plugins.ml2.drivers.ovn.mech_driver.ovsdb.ovsdb_monitor [None req-698bd253-1a98-4788-bdc8-d50f9ddbf637 None None] Hash Ring: Node c8855655-bddb-46fe-b577-5faffa380b64 (host: ubuntu) handling event "create" for row 43eece72-2fd4-4df4-9d0c-e263d68da0e8 (table: Port_Group) {{(pid=105473) notify /opt/stack/neutron/neutron/plugins/ml2/drivers/ovn/mech_driver/ovsdb/ovsdb_monitor.py:805}}
Mar 31 17:16:01 ubuntu neutron-server[105473]: DEBUG neutron.plugins.ml2.drivers.ovn.mech_driver.ovsdb.ovsdb_monitor [None req-698bd253-1a98-4788-bdc8-d50f9ddbf637 None None] Hash Ring: Node c8855655-bddb-46fe-b577-5faffa380b64 (host: ubuntu) handling event "create" for row 0531887e-6e16-4889-ae60-5622a0992392 (table: NB_Global) {{(pid=105473) notify /opt/stack/neutron/neutron/plugins/ml2/drivers/ovn/mech_driver/ovsdb/ovsdb_monitor.py:805}}
Mar 31 17:16:01 ubuntu neutron-server[105473]: DEBUG neutron.plugins.ml2.drivers.ovn.mech_driver.ovsdb.ovsdb_monitor [None req-698bd253-1a98-4788-bdc8-d50f9ddbf637 None None] Hash Ring: Node c8855655-bddb-46fe-b577-5faffa380b64 (host: ubuntu) handling event "create" for row 224e2a35-2d90-49d6-94cd-4f511e30d074 (table: Connection) {{(pid=105473) notify /opt/stack/neutron/neutron/plugins/ml2/drivers/ovn/mech_driver/ovsdb/ovsdb_monitor.py:805}}
Mar 31 17:16:01 ubuntu neutron-server[105473]: INFO neutron.plugins.ml2.drivers.ovn.mech_driver.ovsdb.impl_idl_ovn [None req-698bd253-1a98-4788-bdc8-d50f9ddbf637 None None] Getting OvsdbSbOvnIdl for WorkerService with retry
Mar 31 17:16:01 ubuntu neutron-server[105473]: DEBUG ovsdbapp.backend.ovs_idl [None req-698bd253-1a98-4788-bdc8-d50f9ddbf637 None None] Created lookup_table index Chassis.name {{(pid=105473) autocreate_indices /usr/local/lib/python3.8/dist-packages/ovsdbapp/backend/ovs_idl/__init__.py:107}}
Mar 31 17:16:01 ubuntu neutron-server[105473]: DEBUG ovsdbapp.backend.ovs_idl [None req-698bd253-1a98-4788-bdc8-d50f9ddbf637 None None] Created schema index Datapath_Binding.tunnel_key {{(pid=105473) autocreate_indices /usr/local/lib/python3.8/dist-packages/ovsdbapp/backend/ovs_idl/__init__.py:126}}
Mar 31 17:16:01 ubuntu neutron-server[105473]: DEBUG ovsdbapp.backend.ovs_idl [None req-698bd253-1a98-4788-bdc8-d50f9ddbf637 None None] Created schema index Connection.target {{(pid=105473) autocreate_indices /usr/local/lib/python3.8/dist-packages/ovsdbapp/backend/ovs_idl/__init__.py:126}}
Mar 31 17:16:01 ubuntu neutron-server[105473]: INFO ovsdbapp.backend.ovs_idl.vlog [None req-698bd253-1a98-4788-bdc8-d50f9ddbf637 None None] tcp:192.168.79.39:6642: connecting...
Mar 31 17:16:01 ubuntu neutron-server[105473]: INFO ovsdbapp.backend.ovs_idl.vlog [None req-698bd253-1a98-4788-bdc8-d50f9ddbf637 None None] tcp:192.168.79.39:6642: connected
Mar 31 17:16:01 ubuntu neutron-server[105474]: DEBUG neutron.common.ovn.hash_ring_manager [None req-8f5cc68f-5311-4fe0-acd0-d1817d3b4ff0 None None] Allow caching, nodes 2>=2 {{(pid=105474) _wait_startup_before_caching /opt/stack/neutron/neutron/common/ovn/hash_ring_manager.py:60}}
Mar 31 17:16:01 ubuntu neutron-server[105261]: DEBUG ovsdbapp.backend.ovs_idl [None req-329d9e33-144c-4e6a-828d-7725c147d5c8 None None] Created lookup_table index Chassis.name {{(pid=105261) autocreate_indices /usr/local/lib/python3.8/dist-packages/ovsdbapp/backend/ovs_idl/__init__.py:107}}
Mar 31 17:16:01 ubuntu neutron-server[105261]: DEBUG ovsdbapp.backend.ovs_idl [None req-329d9e33-144c-4e6a-828d-7725c147d5c8 None None] Created lookup_table index MAC_Binding.ip {{(pid=105261) autocreate_indices /usr/local/lib/python3.8/dist-packages/ovsdbapp/backend/ovs_idl/__init__.py:107}}
Mar 31 17:16:01 ubuntu neutron-server[105261]: DEBUG ovsdbapp.backend.ovs_idl [None req-329d9e33-144c-4e6a-828d-7725c147d5c8 None None] Created schema index Meter.name {{(pid=105261) autocreate_indices /usr/local/lib/python3.8/dist-packages/ovsdbapp/backend/ovs_idl/__init__.py:126}}
Mar 31 17:16:01 ubuntu neutron-server[105261]: DEBUG ovsdbapp.backend.ovs_idl [None req-329d9e33-144c-4e6a-828d-7725c147d5c8 None None] Created schema index Address_Set.name {{(pid=105261) autocreate_indices /usr/local/lib/python3.8/dist-packages/ovsdbapp/backend/ovs_idl/__init__.py:126}}
Mar 31 17:16:01 ubuntu neutron-server[105261]: DEBUG ovsdbapp.backend.ovs_idl [None req-329d9e33-144c-4e6a-828d-7725c147d5c8 None None] Created schema index HA_Chassis_Group.name {{(pid=105261) autocreate_indices /usr/local/lib/python3.8/dist-packages/ovsdbapp/backend/ovs_idl/__init__.py:126}}
Mar 31 17:16:01 ubuntu neutron-server[105261]: DEBUG ovsdbapp.backend.ovs_idl [None req-329d9e33-144c-4e6a-828d-7725c147d5c8 None None] Created schema index IP_Multicast.datapath {{(pid=105261) autocreate_indices /usr/local/lib/python3.8/dist-packages/ovsdbapp/backend/ovs_idl/__init__.py:126}}
Mar 31 17:16:01 ubuntu neutron-server[105261]: DEBUG ovsdbapp.backend.ovs_idl [None req-329d9e33-144c-4e6a-828d-7725c147d5c8 None None] Created schema index Connection.target {{(pid=105261) autocreate_indices /usr/local/lib/python3.8/dist-packages/ovsdbapp/backend/ovs_idl/__init__.py:126}}
Mar 31 17:16:01 ubuntu neutron-server[105261]: DEBUG ovsdbapp.backend.ovs_idl [None req-329d9e33-144c-4e6a-828d-7725c147d5c8 None None] Created schema index Gateway_Chassis.name {{(pid=105261) autocreate_indices /usr/local/lib/python3.8/dist-packages/ovsdbapp/backend/ovs_idl/__init__.py:126}}
Mar 31 17:16:01 ubuntu neutron-server[105261]: DEBUG ovsdbapp.backend.ovs_idl [None req-329d9e33-144c-4e6a-828d-7725c147d5c8 None None] Created schema index Port_Group.name {{(pid=105261) autocreate_indices /usr/local/lib/python3.8/dist-packages/ovsdbapp/backend/ovs_idl/__init__.py:126}}
Mar 31 17:16:01 ubuntu neutron-server[105261]: DEBUG ovsdbapp.backend.ovs_idl [None req-329d9e33-144c-4e6a-828d-7725c147d5c8 None None] Created schema index Datapath_Binding.tunnel_key {{(pid=105261) autocreate_indices /usr/local/lib/python3.8/dist-packages/ovsdbapp/backend/ovs_idl/__init__.py:126}}
Mar 31 17:16:01 ubuntu neutron-server[105474]: DEBUG neutron.plugins.ml2.drivers.ovn.mech_driver.ovsdb.ovsdb_monitor [None req-8f5cc68f-5311-4fe0-acd0-d1817d3b4ff0 None None] Hash Ring: Node 1238bf89-3074-44f0-b3d0-618137eaa7ba (host: ubuntu) handling event "create" for row e78782ca-b5ed-4418-8d6b-c19f3f4c0570 (table: Database) {{(pid=105474) notify /opt/stack/neutron/neutron/plugins/ml2/drivers/ovn/mech_driver/ovsdb/ovsdb_monitor.py:805}}
Mar 31 17:16:01 ubuntu neutron-server[105474]: DEBUG neutron.plugins.ml2.drivers.ovn.mech_driver.ovsdb.ovsdb_monitor [None req-8f5cc68f-5311-4fe0-acd0-d1817d3b4ff0 None None] Hash Ring: Node 1238bf89-3074-44f0-b3d0-618137eaa7ba (host: ubuntu) handling event "create" for row 2b63f333-7dbf-4042-8219-a0465cf5afdb (table: Database) {{(pid=105474) notify /opt/stack/neutron/neutron/plugins/ml2/drivers/ovn/mech_driver/ovsdb/ovsdb_monitor.py:805}}
Mar 31 17:16:01 ubuntu neutron-server[105474]: DEBUG neutron.plugins.ml2.drivers.ovn.mech_driver.ovsdb.ovsdb_monitor [None req-8f5cc68f-5311-4fe0-acd0-d1817d3b4ff0 None None] Hash Ring: Node 1238bf89-3074-44f0-b3d0-618137eaa7ba (host: ubuntu) handling event "create" for row e7d66c4d-5501-4441-a626-14206cb73aa6 (table: ACL) {{(pid=105474) notify /opt/stack/neutron/neutron/plugins/ml2/drivers/ovn/mech_driver/ovsdb/ovsdb_monitor.py:805}}
Mar 31 17:16:01 ubuntu neutron-server[105474]: DEBUG neutron.plugins.ml2.drivers.ovn.mech_driver.ovsdb.ovsdb_monitor [None req-8f5cc68f-5311-4fe0-acd0-d1817d3b4ff0 None None] Hash Ring: Node 1238bf89-3074-44f0-b3d0-618137eaa7ba (host: ubuntu) handling event "create" for row c8f138ed-4af2-4ab8-8bf0-99418f024919 (table: ACL) {{(pid=105474) notify /opt/stack/neutron/neutron/plugins/ml2/drivers/ovn/mech_driver/ovsdb/ovsdb_monitor.py:805}}
Mar 31 17:16:01 ubuntu neutron-server[105474]: INFO neutron.plugins.ml2.drivers.ovn.mech_driver.ovsdb.impl_idl_ovn [None req-8f5cc68f-5311-4fe0-acd0-d1817d3b4ff0 None None] Getting OvsdbSbOvnIdl for WorkerService with retry
Mar 31 17:16:01 ubuntu neutron-server[105474]: DEBUG ovsdbapp.backend.ovs_idl [None req-8f5cc68f-5311-4fe0-acd0-d1817d3b4ff0 None None] Created lookup_table index Chassis.name {{(pid=105474) autocreate_indices /usr/local/lib/python3.8/dist-packages/ovsdbapp/backend/ovs_idl/__init__.py:107}}
Mar 31 17:16:01 ubuntu neutron-server[105474]: DEBUG ovsdbapp.backend.ovs_idl [None req-8f5cc68f-5311-4fe0-acd0-d1817d3b4ff0 None None] Created schema index Datapath_Binding.tunnel_key {{(pid=105474) autocreate_indices /usr/local/lib/python3.8/dist-packages/ovsdbapp/backend/ovs_idl/__init__.py:126}}
Mar 31 17:16:01 ubuntu neutron-server[105474]: DEBUG ovsdbapp.backend.ovs_idl [None req-8f5cc68f-5311-4fe0-acd0-d1817d3b4ff0 None None] Created schema index Connection.target {{(pid=105474) autocreate_indices /usr/local/lib/python3.8/dist-packages/ovsdbapp/backend/ovs_idl/__init__.py:126}}
Mar 31 17:16:01 ubuntu neutron-server[105474]: INFO ovsdbapp.backend.ovs_idl.vlog [None req-8f5cc68f-5311-4fe0-acd0-d1817d3b4ff0 None None] tcp:192.168.79.39:6642: connecting...
Mar 31 17:16:01 ubuntu neutron-server[105474]: INFO ovsdbapp.backend.ovs_idl.vlog [None req-8f5cc68f-5311-4fe0-acd0-d1817d3b4ff0 None None] tcp:192.168.79.39:6642: connected
Mar 31 17:16:01 ubuntu neutron-server[105473]: DEBUG neutron.common.ovn.hash_ring_manager [None req-698bd253-1a98-4788-bdc8-d50f9ddbf637 None None] Allow caching, nodes 2>=2 {{(pid=105473) _wait_startup_before_caching /opt/stack/neutron/neutron/common/ovn/hash_ring_manager.py:60}}
Mar 31 17:16:01 ubuntu neutron-server[105474]: DEBUG neutron.common.ovn.hash_ring_manager [None req-8f5cc68f-5311-4fe0-acd0-d1817d3b4ff0 None None] Allow caching, nodes 2>=2 {{(pid=105474) _wait_startup_before_caching /opt/stack/neutron/neutron/common/ovn/hash_ring_manager.py:60}}
Mar 31 17:16:01 ubuntu neutron-server[105474]: DEBUG neutron.plugins.ml2.drivers.ovn.mech_driver.ovsdb.ovsdb_monitor [None req-8f5cc68f-5311-4fe0-acd0-d1817d3b4ff0 None None] Hash Ring: Node 1238bf89-3074-44f0-b3d0-618137eaa7ba (host: ubuntu) handling event "create" for row 5a6025c5-28a9-458f-a651-47c36efa284e (table: Database) {{(pid=105474) notify /opt/stack/neutron/neutron/plugins/ml2/drivers/ovn/mech_driver/ovsdb/ovsdb_monitor.py:805}}
Mar 31 17:16:01 ubuntu neutron-server[105473]: DEBUG neutron.plugins.ml2.drivers.ovn.mech_driver.ovsdb.ovsdb_monitor [None req-698bd253-1a98-4788-bdc8-d50f9ddbf637 None None] Hash Ring: Node c8855655-bddb-46fe-b577-5faffa380b64 (host: ubuntu) handling event "create" for row c10e70da-3fd1-49f7-84e8-22f91742c988 (table: Encap) {{(pid=105473) notify /opt/stack/neutron/neutron/plugins/ml2/drivers/ovn/mech_driver/ovsdb/ovsdb_monitor.py:805}}
Mar 31 17:16:01 ubuntu neutron-server[105473]: DEBUG neutron.plugins.ml2.drivers.ovn.mech_driver.ovsdb.ovsdb_monitor [None req-698bd253-1a98-4788-bdc8-d50f9ddbf637 None None] ChassisMetadataAgentWriteEvent : Matched Chassis, create, None None {{(pid=105473) matches /opt/stack/neutron/neutron/plugins/ml2/drivers/ovn/mech_driver/ovsdb/ovsdb_monitor.py:61}}
Mar 31 17:16:01 ubuntu neutron-server[105261]: INFO oslo_service.service [None req-329d9e33-144c-4e6a-828d-7725c147d5c8 None None] Starting 1 workers
Mar 31 17:16:01 ubuntu neutron-server[105473]: DEBUG neutron.plugins.ml2.drivers.ovn.mech_driver.ovsdb.ovsdb_monitor [None req-698bd253-1a98-4788-bdc8-d50f9ddbf637 None None] ChassisAgentWriteEvent : Matched Chassis, create, None None {{(pid=105473) matches /opt/stack/neutron/neutron/plugins/ml2/drivers/ovn/mech_driver/ovsdb/ovsdb_monitor.py:61}}
Mar 31 17:16:01 ubuntu neutron-server[105473]: DEBUG neutron.plugins.ml2.drivers.ovn.mech_driver.ovsdb.ovsdb_monitor [None req-698bd253-1a98-4788-bdc8-d50f9ddbf637 None None] Hash Ring: Node c8855655-bddb-46fe-b577-5faffa380b64 (host: ubuntu) handling event "create" for row 95ce05b5-856e-494d-a10e-c9a204f50581 (table: SB_Global) {{(pid=105473) notify /opt/stack/neutron/neutron/plugins/ml2/drivers/ovn/mech_driver/ovsdb/ovsdb_monitor.py:805}}
Mar 31 17:16:01 ubuntu neutron-server[105474]: DEBUG neutron.plugins.ml2.drivers.ovn.mech_driver.ovsdb.ovsdb_monitor [None req-8f5cc68f-5311-4fe0-acd0-d1817d3b4ff0 None None] Hash Ring: Node 1238bf89-3074-44f0-b3d0-618137eaa7ba (host: ubuntu) handling event "create" for row e64bca70-0e4d-49d4-bdc7-e98707b5d173 (table: Database) {{(pid=105474) notify /opt/stack/neutron/neutron/plugins/ml2/drivers/ovn/mech_driver/ovsdb/ovsdb_monitor.py:805}}
Mar 31 17:16:01 ubuntu neutron-server[105473]: DEBUG neutron.plugins.ml2.drivers.ovn.mech_driver.ovsdb.ovsdb_monitor [None req-698bd253-1a98-4788-bdc8-d50f9ddbf637 None None] Hash Ring: Node c8855655-bddb-46fe-b577-5faffa380b64 (host: ubuntu) handling event "create" for row e9a49f6e-01ae-4f07-a103-5db0572e46fc (table: Connection) {{(pid=105473) notify /opt/stack/neutron/neutron/plugins/ml2/drivers/ovn/mech_driver/ovsdb/ovsdb_monitor.py:805}}
Mar 31 17:16:01 ubuntu neutron-server[105474]: DEBUG neutron.plugins.ml2.drivers.ovn.mech_driver.ovsdb.ovsdb_monitor [None req-8f5cc68f-5311-4fe0-acd0-d1817d3b4ff0 None None] ChassisMetadataAgentWriteEvent : Matched Chassis, create, None None {{(pid=105474) matches /opt/stack/neutron/neutron/plugins/ml2/drivers/ovn/mech_driver/ovsdb/ovsdb_monitor.py:61}}
Mar 31 17:16:01 ubuntu neutron-server[105474]: DEBUG neutron.plugins.ml2.drivers.ovn.mech_driver.ovsdb.ovsdb_monitor [None req-8f5cc68f-5311-4fe0-acd0-d1817d3b4ff0 None None] ChassisAgentWriteEvent : Matched Chassis, create, None None {{(pid=105474) matches /opt/stack/neutron/neutron/plugins/ml2/drivers/ovn/mech_driver/ovsdb/ovsdb_monitor.py:61}}
Mar 31 17:16:01 ubuntu neutron-server[105261]: DEBUG oslo_service.service [None req-329d9e33-144c-4e6a-828d-7725c147d5c8 None None] Started child 105476 {{(pid=105261) _start_child /usr/local/lib/python3.8/dist-packages/oslo_service/service.py:575}}
Mar 31 17:16:01 ubuntu neutron-server[105474]: DEBUG neutron.plugins.ml2.drivers.ovn.mech_driver.ovsdb.ovsdb_monitor [None req-8f5cc68f-5311-4fe0-acd0-d1817d3b4ff0 None None] Hash Ring: Node 1238bf89-3074-44f0-b3d0-618137eaa7ba (host: ubuntu) handling event "create" for row e6b07f34-318e-4203-a9f8-5a2236599297 (table: Chassis) {{(pid=105474) notify /opt/stack/neutron/neutron/plugins/ml2/drivers/ovn/mech_driver/ovsdb/ovsdb_monitor.py:805}}
Mar 31 17:16:01 ubuntu neutron-server[105261]: INFO oslo_service.service [None req-329d9e33-144c-4e6a-828d-7725c147d5c8 None None] Starting 1 workers
Mar 31 17:16:01 ubuntu neutron-server[105473]: INFO neutron.wsgi [-] (105473) wsgi starting up on http://0.0.0.0:9696
Mar 31 17:16:01 ubuntu neutron-server[105474]: INFO neutron.wsgi [-] (105474) wsgi starting up on http://0.0.0.0:9696
Mar 31 17:16:01 ubuntu neutron-server[105261]: DEBUG oslo_service.service [None req-329d9e33-144c-4e6a-828d-7725c147d5c8 None None] Started child 105477 {{(pid=105261) _start_child /usr/local/lib/python3.8/dist-packages/oslo_service/service.py:575}}
Mar 31 17:16:01 ubuntu neutron-server[105261]: INFO oslo_service.service [None req-329d9e33-144c-4e6a-828d-7725c147d5c8 None None] Starting 1 workers
Mar 31 17:16:01 ubuntu neutron-server[105476]: DEBUG neutron.service [None req-329d9e33-144c-4e6a-828d-7725c147d5c8 None None] calling RpcWorker wait() {{(pid=105476) _wait /opt/stack/neutron/neutron/service.py:128}}
Mar 31 17:16:01 ubuntu neutron-server[105476]: DEBUG neutron.service [None req-329d9e33-144c-4e6a-828d-7725c147d5c8 None None] returning from RpcWorker wait() {{(pid=105476) _wait /opt/stack/neutron/neutron/service.py:135}}
Mar 31 17:16:01 ubuntu neutron-server[105476]: DEBUG neutron_lib.callbacks.manager [-] Publish callbacks ['neutron.plugins.ml2.drivers.ovn.mech_driver.mech_driver.OVNMechanismDriver.post_fork_initialize-542548'] for process (None), after_init {{(pid=105476) _notify_loop /usr/local/lib/python3.8/dist-packages/neutron_lib/callbacks/manager.py:176}}
Mar 31 17:16:01 ubuntu neutron-server[105477]: DEBUG neutron_lib.callbacks.manager [-] Publish callbacks ['neutron.plugins.ml2.drivers.ovn.mech_driver.mech_driver.OVNMechanismDriver.post_fork_initialize-542548'] for process (None), after_init {{(pid=105477) _notify_loop /usr/local/lib/python3.8/dist-packages/neutron_lib/callbacks/manager.py:176}}
Mar 31 17:16:01 ubuntu neutron-server[105261]: DEBUG oslo_service.service [None req-329d9e33-144c-4e6a-828d-7725c147d5c8 None None] Started child 105478 {{(pid=105261) _start_child /usr/local/lib/python3.8/dist-packages/oslo_service/service.py:575}}
Mar 31 17:16:01 ubuntu neutron-server[105261]: DEBUG neutron_lib.callbacks.manager [None req-329d9e33-144c-4e6a-828d-7725c147d5c8 None None] Publish callbacks [] for process (None), after_spawn {{(pid=105261) _notify_loop /usr/local/lib/python3.8/dist-packages/neutron_lib/callbacks/manager.py:176}}
Mar 31 17:16:01 ubuntu neutron-server[105477]: INFO neutron.plugins.ml2.drivers.ovn.mech_driver.ovsdb.impl_idl_ovn [-] Getting OvsdbNbOvnIdl for MaintenanceWorker with retry
Mar 31 17:16:01 ubuntu neutron-server[105261]: DEBUG oslo_service.service [-] Full set of CONF: {{(pid=105261) wait /usr/local/lib/python3.8/dist-packages/oslo_service/service.py:649}}
Mar 31 17:16:01 ubuntu neutron-server[105261]: DEBUG oslo_service.service [-] ******************************************************************************** {{(pid=105261) log_opt_values /usr/local/lib/python3.8/dist-packages/oslo_config/cfg.py:2589}}
Mar 31 17:16:01 ubuntu neutron-server[105261]: DEBUG oslo_service.service [-] Configuration options gathered from: {{(pid=105261) log_opt_values /usr/local/lib/python3.8/dist-packages/oslo_config/cfg.py:2590}}
Mar 31 17:16:01 ubuntu neutron-server[105261]: DEBUG oslo_service.service [-] command line args: ['--config-file', '/etc/neutron/neutron.conf', '--config-file', '/etc/neutron/plugins/ml2/ml2_conf.ini'] {{(pid=105261) log_opt_values /usr/local/lib/python3.8/dist-packages/oslo_config/cfg.py:2591}}
Mar 31 17:16:01 ubuntu neutron-server[105261]: DEBUG oslo_service.service [-] config files: ['/etc/neutron/neutron.conf', '/etc/neutron/plugins/ml2/ml2_conf.ini'] {{(pid=105261) log_opt_values /usr/local/lib/python3.8/dist-packages/oslo_config/cfg.py:2592}}
Mar 31 17:16:01 ubuntu neutron-server[105261]: DEBUG oslo_service.service [-] ================================================================================ {{(pid=105261) log_opt_values /usr/local/lib/python3.8/dist-packages/oslo_config/cfg.py:2594}}
