Aug 07 12:17:48 ubuntu neutron-server[131844]: DEBUG neutron.api.extensions [None req-ba313503-15b6-4e85-8fa9-2b525fc0aa0f None None] Ext name="Resource timestamps" alias="standard-attr-timestamp" description="Adds created_at and updated_at fields to all Neutron resources that have Neutron standard attributes." updated="2016-09-12T10:00:00-00:00" {{(pid=131844) _check_extension /opt/stack/neutron/neutron/api/extensions.py:416}}
Aug 07 12:17:48 ubuntu neutron-server[131844]: INFO neutron.api.extensions [None req-ba313503-15b6-4e85-8fa9-2b525fc0aa0f None None] Loaded extension: standard-attr-timestamp
Aug 07 12:17:48 ubuntu neutron-server[131844]: DEBUG neutron.api.extensions [None req-ba313503-15b6-4e85-8fa9-2b525fc0aa0f None None] Loading extension file: trunk.py {{(pid=131844) _load_all_extensions_from_path /opt/stack/neutron/neutron/api/extensions.py:450}}
Aug 07 12:17:48 ubuntu neutron-server[131844]: DEBUG neutron.api.extensions [None req-ba313503-15b6-4e85-8fa9-2b525fc0aa0f None None] Ext name="Trunk Extension" alias="trunk" description="Provides support for trunk ports" updated="2016-01-01T10:00:00-00:00" {{(pid=131844) _check_extension /opt/stack/neutron/neutron/api/extensions.py:416}}
Aug 07 12:17:48 ubuntu neutron-server[131844]: INFO neutron.api.extensions [None req-ba313503-15b6-4e85-8fa9-2b525fc0aa0f None None] Extension trunk not supported by any of loaded plugins
Aug 07 12:17:48 ubuntu neutron-server[131844]: DEBUG neutron.api.extensions [None req-ba313503-15b6-4e85-8fa9-2b525fc0aa0f None None] Loading extension file: trunk_details.py {{(pid=131844) _load_all_extensions_from_path /opt/stack/neutron/neutron/api/extensions.py:450}}
Aug 07 12:17:48 ubuntu neutron-server[131844]: DEBUG neutron.api.extensions [None req-ba313503-15b6-4e85-8fa9-2b525fc0aa0f None None] Ext name="Trunk port details" alias="trunk-details" description="Expose trunk port details" updated="2016-01-01T10:00:00-00:00" {{(pid=131844) _check_extension /opt/stack/neutron/neutron/api/extensions.py:416}}
Aug 07 12:17:48 ubuntu neutron-server[131844]: INFO neutron.api.extensions [None req-ba313503-15b6-4e85-8fa9-2b525fc0aa0f None None] Extension trunk-details not supported by any of loaded plugins
Aug 07 12:17:48 ubuntu neutron-server[131844]: DEBUG neutron.api.extensions [None req-ba313503-15b6-4e85-8fa9-2b525fc0aa0f None None] Loading extension file: uplink_status_propagation.py {{(pid=131844) _load_all_extensions_from_path /opt/stack/neutron/neutron/api/extensions.py:450}}
Aug 07 12:17:48 ubuntu neutron-server[131844]: DEBUG neutron.api.extensions [None req-ba313503-15b6-4e85-8fa9-2b525fc0aa0f None None] Ext name="Uplink status propagation extension" alias="uplink-status-propagation" description="Provides ability to propagate port uplink status." updated="2018-05-31T18:00:00-00:00" {{(pid=131844) _check_extension /opt/stack/neutron/neutron/api/extensions.py:416}}
Aug 07 12:17:48 ubuntu neutron-server[131844]: INFO neutron.api.extensions [None req-ba313503-15b6-4e85-8fa9-2b525fc0aa0f None None] Extension uplink-status-propagation not supported by any of loaded plugins
Aug 07 12:17:48 ubuntu neutron-server[131844]: DEBUG neutron.api.extensions [None req-ba313503-15b6-4e85-8fa9-2b525fc0aa0f None None] Loading extension file: vlantransparent.py {{(pid=131844) _load_all_extensions_from_path /opt/stack/neutron/neutron/api/extensions.py:450}}
Aug 07 12:17:48 ubuntu neutron-server[131844]: DEBUG neutron.api.extensions [None req-ba313503-15b6-4e85-8fa9-2b525fc0aa0f None None] Ext name="Vlantransparent" alias="vlan-transparent" description="Provides Vlan Transparent Networks" updated="2015-03-23T09:00:00-00:00" {{(pid=131844) _check_extension /opt/stack/neutron/neutron/api/extensions.py:416}}
Aug 07 12:17:48 ubuntu neutron-server[131844]: INFO neutron.api.extensions [None req-ba313503-15b6-4e85-8fa9-2b525fc0aa0f None None] Extension vlan-transparent not supported by any of loaded plugins
Aug 07 12:17:48 ubuntu neutron-server[131844]: INFO neutron.quota.resource_registry [None req-ba313503-15b6-4e85-8fa9-2b525fc0aa0f None None] Creating instance of TrackedResource for resource:network
Aug 07 12:17:48 ubuntu neutron-server[131844]: INFO neutron.quota.resource_registry [None req-ba313503-15b6-4e85-8fa9-2b525fc0aa0f None None] Creating instance of TrackedResource for resource:subnet
Aug 07 12:17:48 ubuntu neutron-server[131844]: INFO neutron.quota.resource_registry [None req-ba313503-15b6-4e85-8fa9-2b525fc0aa0f None None] Creating instance of TrackedResource for resource:subnetpool
Aug 07 12:17:48 ubuntu neutron-server[131844]: INFO neutron.quota.resource_registry [None req-ba313503-15b6-4e85-8fa9-2b525fc0aa0f None None] Creating instance of TrackedResource for resource:port
Aug 07 12:17:48 ubuntu neutron-server[131844]: DEBUG neutron.api.v2.resource_helper [None req-ba313503-15b6-4e85-8fa9-2b525fc0aa0f None None] Service FLAVORS assigned prefix:  {{(pid=131844) build_resource_info /opt/stack/neutron/neutron/api/v2/resource_helper.py:77}}
Aug 07 12:17:48 ubuntu neutron-server[131844]: DEBUG neutron.api.v2.resource_helper [None req-ba313503-15b6-4e85-8fa9-2b525fc0aa0f None None] Service L3_ROUTER_NAT assigned prefix:  {{(pid=131844) build_resource_info /opt/stack/neutron/neutron/api/v2/resource_helper.py:77}}
Aug 07 12:17:48 ubuntu neutron-server[131844]: DEBUG neutron.api.v2.resource_helper [None req-ba313503-15b6-4e85-8fa9-2b525fc0aa0f None None] Service L3_ROUTER_NAT assigned prefix:  {{(pid=131844) build_resource_info /opt/stack/neutron/neutron/api/v2/resource_helper.py:77}}
Aug 07 12:17:48 ubuntu neutron-server[131844]: INFO neutron.quota.resource_registry [None req-ba313503-15b6-4e85-8fa9-2b525fc0aa0f None None] Creating instance of TrackedResource for resource:router
Aug 07 12:17:48 ubuntu neutron-server[131844]: INFO neutron.quota.resource_registry [None req-ba313503-15b6-4e85-8fa9-2b525fc0aa0f None None] Creating instance of TrackedResource for resource:floatingip
Aug 07 12:17:48 ubuntu neutron-server[131844]: DEBUG neutron_lib.callbacks.manager [None req-ba313503-15b6-4e85-8fa9-2b525fc0aa0f None None] Subscribe: <bound method NeutronDbPluginV2.validate_network_rbac_policy_change of <neutron.services.network_ip_availability.plugin.NetworkIPAvailabilityPlugin object at 0x7f04fd4bd6a0>> rbac-policy before_create 55550000 {{(pid=131844) subscribe /usr/local/lib/python3.8/dist-packages/neutron_lib/callbacks/manager.py:45}}
Aug 07 12:17:48 ubuntu neutron-server[131844]: DEBUG neutron_lib.callbacks.manager [None req-ba313503-15b6-4e85-8fa9-2b525fc0aa0f None None] Subscribe: <bound method NeutronDbPluginV2.validate_network_rbac_policy_change of <neutron.services.network_ip_availability.plugin.NetworkIPAvailabilityPlugin object at 0x7f04fd4bd6a0>> rbac-policy before_update 55550000 {{(pid=131844) subscribe /usr/local/lib/python3.8/dist-packages/neutron_lib/callbacks/manager.py:45}}
Aug 07 12:17:48 ubuntu neutron-server[131844]: DEBUG neutron_lib.callbacks.manager [None req-ba313503-15b6-4e85-8fa9-2b525fc0aa0f None None] Subscribe: <bound method NeutronDbPluginV2.validate_network_rbac_policy_change of <neutron.services.network_ip_availability.plugin.NetworkIPAvailabilityPlugin object at 0x7f04fd4bd6a0>> rbac-policy before_delete 55550000 {{(pid=131844) subscribe /usr/local/lib/python3.8/dist-packages/neutron_lib/callbacks/manager.py:45}}
Aug 07 12:17:48 ubuntu neutron-server[131844]: INFO neutron.quota.resource_registry [None req-ba313503-15b6-4e85-8fa9-2b525fc0aa0f None None] Creating instance of CountableResource for resource:rbac_policy
Aug 07 12:17:48 ubuntu neutron-server[131844]: INFO neutron.quota.resource_registry [None req-ba313503-15b6-4e85-8fa9-2b525fc0aa0f None None] Creating instance of TrackedResource for resource:security_group
Aug 07 12:17:48 ubuntu neutron-server[131844]: INFO neutron.quota.resource_registry [None req-ba313503-15b6-4e85-8fa9-2b525fc0aa0f None None] Creating instance of TrackedResource for resource:security_group_rule
Aug 07 12:17:48 ubuntu neutron-server[131844]: DEBUG neutron.api.v2.resource_helper [None req-ba313503-15b6-4e85-8fa9-2b525fc0aa0f None None] Service FLAVORS assigned prefix:  {{(pid=131844) build_resource_info /opt/stack/neutron/neutron/api/v2/resource_helper.py:77}}
Aug 07 12:17:48 ubuntu neutron-server[131844]: DEBUG neutron.api.v2.resource_helper [None req-ba313503-15b6-4e85-8fa9-2b525fc0aa0f None None] Service L3_ROUTER_NAT assigned prefix:  {{(pid=131844) build_resource_info /opt/stack/neutron/neutron/api/v2/resource_helper.py:77}}
Aug 07 12:17:48 ubuntu neutron-server[131844]: DEBUG neutron.api.v2.resource_helper [None req-ba313503-15b6-4e85-8fa9-2b525fc0aa0f None None] Service L3_ROUTER_NAT assigned prefix:  {{(pid=131844) build_resource_info /opt/stack/neutron/neutron/api/v2/resource_helper.py:77}}
Aug 07 12:17:48 ubuntu neutron-server[131844]: INFO neutron.quota.resource_registry [None req-ba313503-15b6-4e85-8fa9-2b525fc0aa0f None None] Creating instance of TrackedResource for resource:router
Aug 07 12:17:48 ubuntu neutron-server[131844]: WARNING neutron.quota.resource_registry [None req-ba313503-15b6-4e85-8fa9-2b525fc0aa0f None None] router is already registered
Aug 07 12:17:48 ubuntu neutron-server[131844]: INFO neutron.quota.resource_registry [None req-ba313503-15b6-4e85-8fa9-2b525fc0aa0f None None] Creating instance of TrackedResource for resource:floatingip
Aug 07 12:17:48 ubuntu neutron-server[131844]: WARNING neutron.quota.resource_registry [None req-ba313503-15b6-4e85-8fa9-2b525fc0aa0f None None] floatingip is already registered
Aug 07 12:17:48 ubuntu neutron-server[131844]: INFO neutron.quota.resource_registry [None req-ba313503-15b6-4e85-8fa9-2b525fc0aa0f None None] Creating instance of CountableResource for resource:rbac_policy
Aug 07 12:17:48 ubuntu neutron-server[131844]: WARNING neutron.quota.resource_registry [None req-ba313503-15b6-4e85-8fa9-2b525fc0aa0f None None] rbac_policy is already registered
Aug 07 12:17:48 ubuntu neutron-server[131844]: INFO neutron.quota.resource_registry [None req-ba313503-15b6-4e85-8fa9-2b525fc0aa0f None None] Creating instance of TrackedResource for resource:security_group
Aug 07 12:17:48 ubuntu neutron-server[131844]: WARNING neutron.quota.resource_registry [None req-ba313503-15b6-4e85-8fa9-2b525fc0aa0f None None] security_group is already registered
Aug 07 12:17:48 ubuntu neutron-server[131844]: INFO neutron.quota.resource_registry [None req-ba313503-15b6-4e85-8fa9-2b525fc0aa0f None None] Creating instance of TrackedResource for resource:security_group_rule
Aug 07 12:17:48 ubuntu neutron-server[131844]: WARNING neutron.quota.resource_registry [None req-ba313503-15b6-4e85-8fa9-2b525fc0aa0f None None] security_group_rule is already registered
Aug 07 12:17:48 ubuntu neutron-server[131844]: DEBUG neutron.api.extensions [None req-ba313503-15b6-4e85-8fa9-2b525fc0aa0f None None] Extended resource: extensions {{(pid=131844) __init__ /opt/stack/neutron/neutron/api/extensions.py:157}}
Aug 07 12:17:48 ubuntu neutron-server[131844]: DEBUG neutron.api.extensions [None req-ba313503-15b6-4e85-8fa9-2b525fc0aa0f None None] Extended resource: address-groups {{(pid=131844) __init__ /opt/stack/neutron/neutron/api/extensions.py:157}}
Aug 07 12:17:48 ubuntu neutron-server[131844]: DEBUG neutron.api.extensions [None req-ba313503-15b6-4e85-8fa9-2b525fc0aa0f None None] Extended resource: address-scopes {{(pid=131844) __init__ /opt/stack/neutron/neutron/api/extensions.py:157}}
Aug 07 12:17:48 ubuntu neutron-server[131844]: DEBUG neutron.api.extensions [None req-ba313503-15b6-4e85-8fa9-2b525fc0aa0f None None] Extended resource: agents {{(pid=131844) __init__ /opt/stack/neutron/neutron/api/extensions.py:157}}
Aug 07 12:17:48 ubuntu neutron-server[131844]: DEBUG neutron.api.extensions [None req-ba313503-15b6-4e85-8fa9-2b525fc0aa0f None None] Extended resource: auto-allocated-topology {{(pid=131844) __init__ /opt/stack/neutron/neutron/api/extensions.py:157}}
Aug 07 12:17:48 ubuntu neutron-server[131844]: DEBUG neutron.api.extensions [None req-ba313503-15b6-4e85-8fa9-2b525fc0aa0f None None] Extended resource: availability_zones {{(pid=131844) __init__ /opt/stack/neutron/neutron/api/extensions.py:157}}
Aug 07 12:17:48 ubuntu neutron-server[131844]: DEBUG neutron.api.extensions [None req-ba313503-15b6-4e85-8fa9-2b525fc0aa0f None None] Extended resource: flavors {{(pid=131844) __init__ /opt/stack/neutron/neutron/api/extensions.py:157}}
Aug 07 12:17:48 ubuntu neutron-server[131844]: DEBUG neutron.api.extensions [None req-ba313503-15b6-4e85-8fa9-2b525fc0aa0f None None] Extended resource: service_profiles {{(pid=131844) __init__ /opt/stack/neutron/neutron/api/extensions.py:157}}
Aug 07 12:17:48 ubuntu neutron-server[131844]: DEBUG neutron.api.extensions [None req-ba313503-15b6-4e85-8fa9-2b525fc0aa0f None None] Extended resource: next_providers {{(pid=131844) __init__ /opt/stack/neutron/neutron/api/extensions.py:157}}
Aug 07 12:17:48 ubuntu neutron-server[131844]: DEBUG neutron.api.extensions [None req-ba313503-15b6-4e85-8fa9-2b525fc0aa0f None None] Extended resource: service_profiles {{(pid=131844) __init__ /opt/stack/neutron/neutron/api/extensions.py:157}}
Aug 07 12:17:48 ubuntu neutron-server[131844]: DEBUG neutron.api.extensions [None req-ba313503-15b6-4e85-8fa9-2b525fc0aa0f None None] Extended resource: floatingip-pools {{(pid=131844) __init__ /opt/stack/neutron/neutron/api/extensions.py:157}}
Aug 07 12:17:48 ubuntu neutron-server[131844]: DEBUG neutron.api.extensions [None req-ba313503-15b6-4e85-8fa9-2b525fc0aa0f None None] Extended resource: routers {{(pid=131844) __init__ /opt/stack/neutron/neutron/api/extensions.py:157}}
Aug 07 12:17:48 ubuntu neutron-server[131844]: DEBUG neutron.api.extensions [None req-ba313503-15b6-4e85-8fa9-2b525fc0aa0f None None] Extended resource: floatingips {{(pid=131844) __init__ /opt/stack/neutron/neutron/api/extensions.py:157}}
Aug 07 12:17:48 ubuntu neutron-server[131844]: DEBUG neutron.api.extensions [None req-ba313503-15b6-4e85-8fa9-2b525fc0aa0f None None] Extended resource: network-ip-availabilities {{(pid=131844) __init__ /opt/stack/neutron/neutron/api/extensions.py:157}}
Aug 07 12:17:48 ubuntu neutron-server[131844]: DEBUG neutron.api.extensions [None req-ba313503-15b6-4e85-8fa9-2b525fc0aa0f None None] Extended resource: bindings {{(pid=131844) __init__ /opt/stack/neutron/neutron/api/extensions.py:157}}
Aug 07 12:17:48 ubuntu neutron-server[131844]: DEBUG neutron.api.extensions [None req-ba313503-15b6-4e85-8fa9-2b525fc0aa0f None None] Extended resource: quotas {{(pid=131844) __init__ /opt/stack/neutron/neutron/api/extensions.py:157}}
Aug 07 12:17:48 ubuntu neutron-server[131844]: DEBUG neutron.api.extensions [None req-ba313503-15b6-4e85-8fa9-2b525fc0aa0f None None] Extended resource: quotas {{(pid=131844) __init__ /opt/stack/neutron/neutron/api/extensions.py:157}}
Aug 07 12:17:48 ubuntu neutron-server[131844]: DEBUG neutron.api.extensions [None req-ba313503-15b6-4e85-8fa9-2b525fc0aa0f None None] Extended resource: rbac-policies {{(pid=131844) __init__ /opt/stack/neutron/neutron/api/extensions.py:157}}
Aug 07 12:17:48 ubuntu neutron-server[131844]: DEBUG neutron.api.extensions [None req-ba313503-15b6-4e85-8fa9-2b525fc0aa0f None None] Extended resource: security-groups {{(pid=131844) __init__ /opt/stack/neutron/neutron/api/extensions.py:157}}
Aug 07 12:17:48 ubuntu neutron-server[131844]: DEBUG neutron.api.extensions [None req-ba313503-15b6-4e85-8fa9-2b525fc0aa0f None None] Extended resource: security-group-rules {{(pid=131844) __init__ /opt/stack/neutron/neutron/api/extensions.py:157}}
Aug 07 12:17:48 ubuntu neutron-server[131844]: DEBUG neutron.api.extensions [None req-ba313503-15b6-4e85-8fa9-2b525fc0aa0f None None] Extended resource: service-providers {{(pid=131844) __init__ /opt/stack/neutron/neutron/api/extensions.py:157}}
Aug 07 12:17:48 ubuntu neutron-server[131844]: DEBUG neutron.api.extensions [None req-ba313503-15b6-4e85-8fa9-2b525fc0aa0f None None] Extended resource: tags {{(pid=131844) __init__ /opt/stack/neutron/neutron/api/extensions.py:157}}
Aug 07 12:17:48 ubuntu neutron-server[131844]: DEBUG neutron.api.extensions [None req-ba313503-15b6-4e85-8fa9-2b525fc0aa0f None None] Extended resource: tags {{(pid=131844) __init__ /opt/stack/neutron/neutron/api/extensions.py:157}}
Aug 07 12:17:48 ubuntu neutron-server[131844]: DEBUG neutron.api.extensions [None req-ba313503-15b6-4e85-8fa9-2b525fc0aa0f None None] Extended resource: tags {{(pid=131844) __init__ /opt/stack/neutron/neutron/api/extensions.py:157}}
Aug 07 12:17:48 ubuntu neutron-server[131844]: DEBUG neutron.api.extensions [None req-ba313503-15b6-4e85-8fa9-2b525fc0aa0f None None] Extended resource: tags {{(pid=131844) __init__ /opt/stack/neutron/neutron/api/extensions.py:157}}
Aug 07 12:17:48 ubuntu neutron-server[131844]: DEBUG neutron.api.extensions [None req-ba313503-15b6-4e85-8fa9-2b525fc0aa0f None None] Extended resource: tags {{(pid=131844) __init__ /opt/stack/neutron/neutron/api/extensions.py:157}}
Aug 07 12:17:48 ubuntu neutron-server[131844]: DEBUG neutron.api.extensions [None req-ba313503-15b6-4e85-8fa9-2b525fc0aa0f None None] Extended resource: tags {{(pid=131844) __init__ /opt/stack/neutron/neutron/api/extensions.py:157}}
Aug 07 12:17:48 ubuntu neutron-server[131844]: DEBUG neutron.api.extensions [None req-ba313503-15b6-4e85-8fa9-2b525fc0aa0f None None] Extended resource: tags {{(pid=131844) __init__ /opt/stack/neutron/neutron/api/extensions.py:157}}
Aug 07 12:17:48 ubuntu neutron-server[131844]: DEBUG neutron.api.extensions [None req-ba313503-15b6-4e85-8fa9-2b525fc0aa0f None None] Extended resource: tags {{(pid=131844) __init__ /opt/stack/neutron/neutron/api/extensions.py:157}}
Aug 07 12:17:48 ubuntu neutron-server[131844]: DEBUG neutron.api.extensions [None req-ba313503-15b6-4e85-8fa9-2b525fc0aa0f None None] Extended resource: tags {{(pid=131844) __init__ /opt/stack/neutron/neutron/api/extensions.py:157}}
Aug 07 12:17:48 ubuntu neutron-server[131844]: DEBUG neutron.api.extensions [None req-ba313503-15b6-4e85-8fa9-2b525fc0aa0f None None] Extended resource: tags {{(pid=131844) __init__ /opt/stack/neutron/neutron/api/extensions.py:157}}
Aug 07 12:17:48 ubuntu neutron-server[131844]: WARNING keystonemiddleware.auth_token [None req-ba313503-15b6-4e85-8fa9-2b525fc0aa0f None None] AuthToken middleware is set with keystone_authtoken.service_token_roles_required set to False. This is backwards compatible but deprecated behaviour. Please set this to True.
Aug 07 12:17:48 ubuntu neutron-server[131844]: WARNING keystonemiddleware.auth_token [None req-ba313503-15b6-4e85-8fa9-2b525fc0aa0f None None] Configuring www_authenticate_uri to point to the public identity endpoint is required; clients may not be able to authenticate against an admin endpoint
Aug 07 12:17:48 ubuntu neutron-server[131844]: DEBUG oslo_concurrency.lockutils [None req-ba313503-15b6-4e85-8fa9-2b525fc0aa0f None None] Acquiring lock "singleton_lock" {{(pid=131844) lock /usr/local/lib/python3.8/dist-packages/oslo_concurrency/lockutils.py:293}}
Aug 07 12:17:48 ubuntu neutron-server[131844]: DEBUG oslo_concurrency.lockutils [None req-ba313503-15b6-4e85-8fa9-2b525fc0aa0f None None] Acquired lock "singleton_lock" {{(pid=131844) lock /usr/local/lib/python3.8/dist-packages/oslo_concurrency/lockutils.py:296}}
Aug 07 12:17:48 ubuntu neutron-server[131844]: DEBUG oslo_concurrency.lockutils [None req-ba313503-15b6-4e85-8fa9-2b525fc0aa0f None None] Releasing lock "singleton_lock" {{(pid=131844) lock /usr/local/lib/python3.8/dist-packages/oslo_concurrency/lockutils.py:314}}
Aug 07 12:17:48 ubuntu neutron-server[131844]: INFO oslo_service.service [None req-ba313503-15b6-4e85-8fa9-2b525fc0aa0f None None] Starting 2 workers
Aug 07 12:17:48 ubuntu neutron-server[131844]: DEBUG oslo_service.service [None req-ba313503-15b6-4e85-8fa9-2b525fc0aa0f None None] Started child 132058 {{(pid=131844) _start_child /usr/local/lib/python3.8/dist-packages/oslo_service/service.py:575}}
Aug 07 12:17:48 ubuntu neutron-server[131844]: DEBUG oslo_service.service [None req-ba313503-15b6-4e85-8fa9-2b525fc0aa0f None None] Started child 132059 {{(pid=131844) _start_child /usr/local/lib/python3.8/dist-packages/oslo_service/service.py:575}}
Aug 07 12:17:48 ubuntu neutron-server[131844]: INFO neutron.service [None req-ba313503-15b6-4e85-8fa9-2b525fc0aa0f None None] Neutron service started, listening on 0.0.0.0:9696
Aug 07 12:17:48 ubuntu neutron-server[131844]: DEBUG neutron_lib.callbacks.manager [None req-ba313503-15b6-4e85-8fa9-2b525fc0aa0f None None] Publish callbacks ['neutron.plugins.ml2.drivers.ovn.mech_driver.mech_driver.OVNMechanismDriver.pre_fork_initialize-807497'] for process (None), before_spawn {{(pid=131844) _notify_loop /usr/local/lib/python3.8/dist-packages/neutron_lib/callbacks/manager.py:176}}
Aug 07 12:17:48 ubuntu neutron-server[132058]: DEBUG neutron_lib.callbacks.manager [-] Publish callbacks ['neutron.plugins.ml2.drivers.ovn.mech_driver.mech_driver.OVNMechanismDriver.post_fork_initialize-810401'] for process (None), after_init {{(pid=132058) _notify_loop /usr/local/lib/python3.8/dist-packages/neutron_lib/callbacks/manager.py:176}}
Aug 07 12:17:48 ubuntu neutron-server[132059]: DEBUG neutron_lib.callbacks.manager [-] Publish callbacks ['neutron.plugins.ml2.drivers.ovn.mech_driver.mech_driver.OVNMechanismDriver.post_fork_initialize-810401'] for process (None), after_init {{(pid=132059) _notify_loop /usr/local/lib/python3.8/dist-packages/neutron_lib/callbacks/manager.py:176}}
Aug 07 12:17:48 ubuntu neutron-server[131844]: DEBUG ovsdbapp.backend.ovs_idl [None req-ba313503-15b6-4e85-8fa9-2b525fc0aa0f None None] Created schema index Port_Group.name {{(pid=131844) autocreate_indices /usr/local/lib/python3.8/dist-packages/ovsdbapp/backend/ovs_idl/__init__.py:104}}
Aug 07 12:17:48 ubuntu neutron-server[131844]: DEBUG ovsdbapp.backend.ovs_idl [None req-ba313503-15b6-4e85-8fa9-2b525fc0aa0f None None] Created schema index Logical_Switch_Port.name {{(pid=131844) autocreate_indices /usr/local/lib/python3.8/dist-packages/ovsdbapp/backend/ovs_idl/__init__.py:104}}
Aug 07 12:17:48 ubuntu neutron-server[132059]: DEBUG dbcounter [-] [132059] Writer thread running {{(pid=132059) stat_writer /usr/local/lib/python3.8/dist-packages/dbcounter.py:99}}
Aug 07 12:17:48 ubuntu neutron-server[132058]: DEBUG dbcounter [-] [132058] Writer thread running {{(pid=132058) stat_writer /usr/local/lib/python3.8/dist-packages/dbcounter.py:99}}
Aug 07 12:17:48 ubuntu neutron-server[132059]: INFO neutron.plugins.ml2.drivers.ovn.mech_driver.ovsdb.impl_idl_ovn [None req-75cd8553-8566-4101-8ec0-bdb9a0ad46b7 None None] Getting OvsdbNbOvnIdl for WorkerService with retry
Aug 07 12:17:48 ubuntu neutron-server[131844]: DEBUG ovsdbapp.backend.ovs_idl.transaction [-] Running txn n=1 command(idx=0): PgAddCommand(name=neutron_pg_drop, may_exist=True, columns={'acls': []}) {{(pid=131844) do_commit /usr/local/lib/python3.8/dist-packages/ovsdbapp/backend/ovs_idl/transaction.py:90}}
Aug 07 12:17:48 ubuntu neutron-server[131844]: DEBUG ovsdbapp.backend.ovs_idl.transaction [-] Running txn n=1 command(idx=1): PgAclAddCommand(entity=neutron_pg_drop, direction=from-lport, priority=1001, match=inport == @neutron_pg_drop && ip, action=drop, log=False, may_exist=True, severity=[], name=[], meter=None, external_ids={}) {{(pid=131844) do_commit /usr/local/lib/python3.8/dist-packages/ovsdbapp/backend/ovs_idl/transaction.py:90}}
Aug 07 12:17:48 ubuntu neutron-server[131844]: DEBUG ovsdbapp.backend.ovs_idl.transaction [-] Running txn n=1 command(idx=2): PgAclAddCommand(entity=neutron_pg_drop, direction=to-lport, priority=1001, match=outport == @neutron_pg_drop && ip, action=drop, log=False, may_exist=True, severity=[], name=[], meter=None, external_ids={}) {{(pid=131844) do_commit /usr/local/lib/python3.8/dist-packages/ovsdbapp/backend/ovs_idl/transaction.py:90}}
Aug 07 12:17:48 ubuntu neutron-server[131844]: DEBUG ovsdbapp.backend.ovs_idl.event [-] Matched CREATE: NeutronPgDropPortGroupCreated(events=('create',), table='Port_Group', conditions=(('name', '=', 'neutron_pg_drop'),), old_conditions=None), priority=10 to row=Port_Group(name=neutron_pg_drop, ports=[], external_ids={}, acls=[<ovs.db.idl.Row object at 0x7f04fcd50550>, <ovs.db.idl.Row object at 0x7f04fcd502b0>]) old= {{(pid=131844) matches /usr/local/lib/python3.8/dist-packages/ovsdbapp/backend/ovs_idl/event.py:43}}
Aug 07 12:17:48 ubuntu neutron-server[132058]: INFO neutron.plugins.ml2.drivers.ovn.mech_driver.ovsdb.impl_idl_ovn [None req-ce68d49e-c3f2-4d33-9ba2-5daafcee4e46 None None] Getting OvsdbNbOvnIdl for WorkerService with retry
Aug 07 12:17:48 ubuntu neutron-server[131844]: DEBUG ovsdbapp.backend.ovs_idl [None req-ba313503-15b6-4e85-8fa9-2b525fc0aa0f None None] Created lookup_table index Logical_Switch.name {{(pid=131844) autocreate_indices /usr/local/lib/python3.8/dist-packages/ovsdbapp/backend/ovs_idl/__init__.py:85}}
Aug 07 12:17:48 ubuntu neutron-server[131844]: DEBUG ovsdbapp.backend.ovs_idl [None req-ba313503-15b6-4e85-8fa9-2b525fc0aa0f None None] Created lookup_table index Logical_Router.name {{(pid=131844) autocreate_indices /usr/local/lib/python3.8/dist-packages/ovsdbapp/backend/ovs_idl/__init__.py:85}}
Aug 07 12:17:48 ubuntu neutron-server[131844]: DEBUG ovsdbapp.backend.ovs_idl [None req-ba313503-15b6-4e85-8fa9-2b525fc0aa0f None None] Created lookup_table index Load_Balancer.name {{(pid=131844) autocreate_indices /usr/local/lib/python3.8/dist-packages/ovsdbapp/backend/ovs_idl/__init__.py:85}}
Aug 07 12:17:48 ubuntu neutron-server[131844]: DEBUG ovsdbapp.backend.ovs_idl [None req-ba313503-15b6-4e85-8fa9-2b525fc0aa0f None None] Created schema index Meter.name {{(pid=131844) autocreate_indices /usr/local/lib/python3.8/dist-packages/ovsdbapp/backend/ovs_idl/__init__.py:104}}
Aug 07 12:17:48 ubuntu neutron-server[132058]: DEBUG ovsdbapp.backend.ovs_idl [None req-ce68d49e-c3f2-4d33-9ba2-5daafcee4e46 None None] Created lookup_table index Logical_Switch.name {{(pid=132058) autocreate_indices /usr/local/lib/python3.8/dist-packages/ovsdbapp/backend/ovs_idl/__init__.py:85}}
Aug 07 12:17:48 ubuntu neutron-server[132058]: DEBUG ovsdbapp.backend.ovs_idl [None req-ce68d49e-c3f2-4d33-9ba2-5daafcee4e46 None None] Created lookup_table index Logical_Router.name {{(pid=132058) autocreate_indices /usr/local/lib/python3.8/dist-packages/ovsdbapp/backend/ovs_idl/__init__.py:85}}
Aug 07 12:17:48 ubuntu neutron-server[131844]: DEBUG ovsdbapp.backend.ovs_idl [None req-ba313503-15b6-4e85-8fa9-2b525fc0aa0f None None] Created schema index Address_Set.name {{(pid=131844) autocreate_indices /usr/local/lib/python3.8/dist-packages/ovsdbapp/backend/ovs_idl/__init__.py:104}}
Aug 07 12:17:48 ubuntu neutron-server[132058]: DEBUG ovsdbapp.backend.ovs_idl [None req-ce68d49e-c3f2-4d33-9ba2-5daafcee4e46 None None] Created lookup_table index Load_Balancer.name {{(pid=132058) autocreate_indices /usr/local/lib/python3.8/dist-packages/ovsdbapp/backend/ovs_idl/__init__.py:85}}
Aug 07 12:17:48 ubuntu neutron-server[132058]: DEBUG ovsdbapp.backend.ovs_idl [None req-ce68d49e-c3f2-4d33-9ba2-5daafcee4e46 None None] Created schema index Meter.name {{(pid=132058) autocreate_indices /usr/local/lib/python3.8/dist-packages/ovsdbapp/backend/ovs_idl/__init__.py:104}}
Aug 07 12:17:48 ubuntu neutron-server[131844]: DEBUG ovsdbapp.backend.ovs_idl [None req-ba313503-15b6-4e85-8fa9-2b525fc0aa0f None None] Created schema index HA_Chassis_Group.name {{(pid=131844) autocreate_indices /usr/local/lib/python3.8/dist-packages/ovsdbapp/backend/ovs_idl/__init__.py:104}}
Aug 07 12:17:48 ubuntu neutron-server[132058]: DEBUG ovsdbapp.backend.ovs_idl [None req-ce68d49e-c3f2-4d33-9ba2-5daafcee4e46 None None] Created schema index Address_Set.name {{(pid=132058) autocreate_indices /usr/local/lib/python3.8/dist-packages/ovsdbapp/backend/ovs_idl/__init__.py:104}}
Aug 07 12:17:48 ubuntu neutron-server[132058]: DEBUG ovsdbapp.backend.ovs_idl [None req-ce68d49e-c3f2-4d33-9ba2-5daafcee4e46 None None] Created schema index HA_Chassis_Group.name {{(pid=132058) autocreate_indices /usr/local/lib/python3.8/dist-packages/ovsdbapp/backend/ovs_idl/__init__.py:104}}
Aug 07 12:17:48 ubuntu neutron-server[132059]: DEBUG ovsdbapp.backend.ovs_idl [None req-75cd8553-8566-4101-8ec0-bdb9a0ad46b7 None None] Created lookup_table index Logical_Switch.name {{(pid=132059) autocreate_indices /usr/local/lib/python3.8/dist-packages/ovsdbapp/backend/ovs_idl/__init__.py:85}}
Aug 07 12:17:48 ubuntu neutron-server[132058]: DEBUG ovsdbapp.backend.ovs_idl [None req-ce68d49e-c3f2-4d33-9ba2-5daafcee4e46 None None] Created schema index Connection.target {{(pid=132058) autocreate_indices /usr/local/lib/python3.8/dist-packages/ovsdbapp/backend/ovs_idl/__init__.py:104}}
Aug 07 12:17:48 ubuntu neutron-server[131844]: DEBUG ovsdbapp.backend.ovs_idl [None req-ba313503-15b6-4e85-8fa9-2b525fc0aa0f None None] Created schema index Connection.target {{(pid=131844) autocreate_indices /usr/local/lib/python3.8/dist-packages/ovsdbapp/backend/ovs_idl/__init__.py:104}}
Aug 07 12:17:48 ubuntu neutron-server[132058]: DEBUG ovsdbapp.backend.ovs_idl [None req-ce68d49e-c3f2-4d33-9ba2-5daafcee4e46 None None] Created schema index Gateway_Chassis.name {{(pid=132058) autocreate_indices /usr/local/lib/python3.8/dist-packages/ovsdbapp/backend/ovs_idl/__init__.py:104}}
Aug 07 12:17:48 ubuntu neutron-server[132058]: DEBUG ovsdbapp.backend.ovs_idl [None req-ce68d49e-c3f2-4d33-9ba2-5daafcee4e46 None None] Created schema index Logical_Router_Port.name {{(pid=132058) autocreate_indices /usr/local/lib/python3.8/dist-packages/ovsdbapp/backend/ovs_idl/__init__.py:104}}
Aug 07 12:17:48 ubuntu neutron-server[132058]: DEBUG ovsdbapp.backend.ovs_idl [None req-ce68d49e-c3f2-4d33-9ba2-5daafcee4e46 None None] Created schema index Port_Group.name {{(pid=132058) autocreate_indices /usr/local/lib/python3.8/dist-packages/ovsdbapp/backend/ovs_idl/__init__.py:104}}
Aug 07 12:17:48 ubuntu neutron-server[131844]: DEBUG ovsdbapp.backend.ovs_idl [None req-ba313503-15b6-4e85-8fa9-2b525fc0aa0f None None] Created schema index Gateway_Chassis.name {{(pid=131844) autocreate_indices /usr/local/lib/python3.8/dist-packages/ovsdbapp/backend/ovs_idl/__init__.py:104}}
Aug 07 12:17:48 ubuntu neutron-server[132058]: DEBUG ovsdbapp.backend.ovs_idl [None req-ce68d49e-c3f2-4d33-9ba2-5daafcee4e46 None None] Created schema index Logical_Switch_Port.name {{(pid=132058) autocreate_indices /usr/local/lib/python3.8/dist-packages/ovsdbapp/backend/ovs_idl/__init__.py:104}}
Aug 07 12:17:48 ubuntu neutron-server[132059]: DEBUG ovsdbapp.backend.ovs_idl [None req-75cd8553-8566-4101-8ec0-bdb9a0ad46b7 None None] Created lookup_table index Logical_Router.name {{(pid=132059) autocreate_indices /usr/local/lib/python3.8/dist-packages/ovsdbapp/backend/ovs_idl/__init__.py:85}}
Aug 07 12:17:48 ubuntu neutron-server[131844]: DEBUG ovsdbapp.backend.ovs_idl [None req-ba313503-15b6-4e85-8fa9-2b525fc0aa0f None None] Created schema index Logical_Router_Port.name {{(pid=131844) autocreate_indices /usr/local/lib/python3.8/dist-packages/ovsdbapp/backend/ovs_idl/__init__.py:104}}
Aug 07 12:17:48 ubuntu neutron-server[132058]: INFO ovsdbapp.backend.ovs_idl.vlog [None req-ce68d49e-c3f2-4d33-9ba2-5daafcee4e46 None None] tcp:192.168.79.48:6641: connecting...
Aug 07 12:17:48 ubuntu neutron-server[131844]: DEBUG ovsdbapp.backend.ovs_idl [None req-ba313503-15b6-4e85-8fa9-2b525fc0aa0f None None] Created schema index Port_Group.name {{(pid=131844) autocreate_indices /usr/local/lib/python3.8/dist-packages/ovsdbapp/backend/ovs_idl/__init__.py:104}}
Aug 07 12:17:48 ubuntu neutron-server[132058]: INFO ovsdbapp.backend.ovs_idl.vlog [None req-ce68d49e-c3f2-4d33-9ba2-5daafcee4e46 None None] tcp:192.168.79.48:6641: connected
Aug 07 12:17:48 ubuntu neutron-server[132059]: DEBUG ovsdbapp.backend.ovs_idl [None req-75cd8553-8566-4101-8ec0-bdb9a0ad46b7 None None] Created lookup_table index Load_Balancer.name {{(pid=132059) autocreate_indices /usr/local/lib/python3.8/dist-packages/ovsdbapp/backend/ovs_idl/__init__.py:85}}
Aug 07 12:17:48 ubuntu neutron-server[131844]: DEBUG ovsdbapp.backend.ovs_idl [None req-ba313503-15b6-4e85-8fa9-2b525fc0aa0f None None] Created schema index Logical_Switch_Port.name {{(pid=131844) autocreate_indices /usr/local/lib/python3.8/dist-packages/ovsdbapp/backend/ovs_idl/__init__.py:104}}
Aug 07 12:17:48 ubuntu neutron-server[132059]: DEBUG ovsdbapp.backend.ovs_idl [None req-75cd8553-8566-4101-8ec0-bdb9a0ad46b7 None None] Created schema index Meter.name {{(pid=132059) autocreate_indices /usr/local/lib/python3.8/dist-packages/ovsdbapp/backend/ovs_idl/__init__.py:104}}
Aug 07 12:17:48 ubuntu neutron-server[132059]: DEBUG ovsdbapp.backend.ovs_idl [None req-75cd8553-8566-4101-8ec0-bdb9a0ad46b7 None None] Created schema index Address_Set.name {{(pid=132059) autocreate_indices /usr/local/lib/python3.8/dist-packages/ovsdbapp/backend/ovs_idl/__init__.py:104}}
Aug 07 12:17:48 ubuntu neutron-server[132059]: DEBUG ovsdbapp.backend.ovs_idl [None req-75cd8553-8566-4101-8ec0-bdb9a0ad46b7 None None] Created schema index HA_Chassis_Group.name {{(pid=132059) autocreate_indices /usr/local/lib/python3.8/dist-packages/ovsdbapp/backend/ovs_idl/__init__.py:104}}
Aug 07 12:17:48 ubuntu neutron-server[132059]: DEBUG ovsdbapp.backend.ovs_idl [None req-75cd8553-8566-4101-8ec0-bdb9a0ad46b7 None None] Created schema index Connection.target {{(pid=132059) autocreate_indices /usr/local/lib/python3.8/dist-packages/ovsdbapp/backend/ovs_idl/__init__.py:104}}
Aug 07 12:17:48 ubuntu neutron-server[132059]: DEBUG ovsdbapp.backend.ovs_idl [None req-75cd8553-8566-4101-8ec0-bdb9a0ad46b7 None None] Created schema index Gateway_Chassis.name {{(pid=132059) autocreate_indices /usr/local/lib/python3.8/dist-packages/ovsdbapp/backend/ovs_idl/__init__.py:104}}
Aug 07 12:17:48 ubuntu neutron-server[132059]: DEBUG ovsdbapp.backend.ovs_idl [None req-75cd8553-8566-4101-8ec0-bdb9a0ad46b7 None None] Created schema index Logical_Router_Port.name {{(pid=132059) autocreate_indices /usr/local/lib/python3.8/dist-packages/ovsdbapp/backend/ovs_idl/__init__.py:104}}
Aug 07 12:17:48 ubuntu neutron-server[132059]: DEBUG ovsdbapp.backend.ovs_idl [None req-75cd8553-8566-4101-8ec0-bdb9a0ad46b7 None None] Created schema index Port_Group.name {{(pid=132059) autocreate_indices /usr/local/lib/python3.8/dist-packages/ovsdbapp/backend/ovs_idl/__init__.py:104}}
Aug 07 12:17:48 ubuntu neutron-server[132059]: DEBUG ovsdbapp.backend.ovs_idl [None req-75cd8553-8566-4101-8ec0-bdb9a0ad46b7 None None] Created schema index Logical_Switch_Port.name {{(pid=132059) autocreate_indices /usr/local/lib/python3.8/dist-packages/ovsdbapp/backend/ovs_idl/__init__.py:104}}
Aug 07 12:17:48 ubuntu neutron-server[132059]: INFO ovsdbapp.backend.ovs_idl.vlog [None req-75cd8553-8566-4101-8ec0-bdb9a0ad46b7 None None] tcp:192.168.79.48:6641: connecting...
Aug 07 12:17:48 ubuntu neutron-server[132059]: INFO ovsdbapp.backend.ovs_idl.vlog [None req-75cd8553-8566-4101-8ec0-bdb9a0ad46b7 None None] tcp:192.168.79.48:6641: connected
Aug 07 12:17:48 ubuntu neutron-server[132058]: DEBUG neutron.common.ovn.hash_ring_manager [None req-ce68d49e-c3f2-4d33-9ba2-5daafcee4e46 None None] Allow caching, nodes 2>=2 {{(pid=132058) _wait_startup_before_caching /opt/stack/neutron/neutron/common/ovn/hash_ring_manager.py:60}}
Aug 07 12:17:48 ubuntu neutron-server[132059]: DEBUG neutron.common.ovn.hash_ring_manager [None req-75cd8553-8566-4101-8ec0-bdb9a0ad46b7 None None] Allow caching, nodes 2>=2 {{(pid=132059) _wait_startup_before_caching /opt/stack/neutron/neutron/common/ovn/hash_ring_manager.py:60}}
Aug 07 12:17:48 ubuntu neutron-server[132058]: DEBUG neutron.plugins.ml2.drivers.ovn.mech_driver.ovsdb.ovsdb_monitor [None req-ce68d49e-c3f2-4d33-9ba2-5daafcee4e46 None None] Hash Ring: Node 70714516-2409-4fd0-b4f5-7e72995c67f4 (host: ubuntu) handling event "create" for row 6b521107-9031-45f0-9949-f275f9977cfa (table: Database) {{(pid=132058) notify /opt/stack/neutron/neutron/plugins/ml2/drivers/ovn/mech_driver/ovsdb/ovsdb_monitor.py:743}}
Aug 07 12:17:48 ubuntu neutron-server[132058]: DEBUG neutron.plugins.ml2.drivers.ovn.mech_driver.ovsdb.ovsdb_monitor [None req-ce68d49e-c3f2-4d33-9ba2-5daafcee4e46 None None] Hash Ring: Node 70714516-2409-4fd0-b4f5-7e72995c67f4 (host: ubuntu) handling event "create" for row a9d46eb9-f8b2-41d7-8324-a6fdd9d37f54 (table: ACL) {{(pid=132058) notify /opt/stack/neutron/neutron/plugins/ml2/drivers/ovn/mech_driver/ovsdb/ovsdb_monitor.py:743}}
Aug 07 12:17:48 ubuntu neutron-server[132058]: DEBUG neutron.plugins.ml2.drivers.ovn.mech_driver.ovsdb.ovsdb_monitor [None req-ce68d49e-c3f2-4d33-9ba2-5daafcee4e46 None None] Hash Ring: Node 70714516-2409-4fd0-b4f5-7e72995c67f4 (host: ubuntu) handling event "create" for row a5acfcf1-7efa-4180-b2c5-9e2e79223a28 (table: ACL) {{(pid=132058) notify /opt/stack/neutron/neutron/plugins/ml2/drivers/ovn/mech_driver/ovsdb/ovsdb_monitor.py:743}}
Aug 07 12:17:48 ubuntu neutron-server[132058]: DEBUG neutron.plugins.ml2.drivers.ovn.mech_driver.ovsdb.ovsdb_monitor [None req-ce68d49e-c3f2-4d33-9ba2-5daafcee4e46 None None] Hash Ring: Node 70714516-2409-4fd0-b4f5-7e72995c67f4 (host: ubuntu) handling event "create" for row 2d568c69-2af3-425f-a6bf-710d7262209e (table: Connection) {{(pid=132058) notify /opt/stack/neutron/neutron/plugins/ml2/drivers/ovn/mech_driver/ovsdb/ovsdb_monitor.py:743}}
Aug 07 12:17:48 ubuntu neutron-server[132058]: INFO neutron.plugins.ml2.drivers.ovn.mech_driver.ovsdb.impl_idl_ovn [None req-ce68d49e-c3f2-4d33-9ba2-5daafcee4e46 None None] Getting OvsdbSbOvnIdl for WorkerService with retry
Aug 07 12:17:48 ubuntu neutron-server[132059]: DEBUG neutron.plugins.ml2.drivers.ovn.mech_driver.ovsdb.ovsdb_monitor [None req-75cd8553-8566-4101-8ec0-bdb9a0ad46b7 None None] Hash Ring: Node cbecbeb3-f61f-4646-a8f0-be190a294852 (host: ubuntu) handling event "create" for row cd429d2b-25b0-4f45-91bc-2728f5c318b7 (table: Database) {{(pid=132059) notify /opt/stack/neutron/neutron/plugins/ml2/drivers/ovn/mech_driver/ovsdb/ovsdb_monitor.py:743}}
Aug 07 12:17:48 ubuntu neutron-server[132059]: DEBUG neutron.plugins.ml2.drivers.ovn.mech_driver.ovsdb.ovsdb_monitor [None req-75cd8553-8566-4101-8ec0-bdb9a0ad46b7 None None] Hash Ring: Node cbecbeb3-f61f-4646-a8f0-be190a294852 (host: ubuntu) handling event "create" for row 761181f8-7523-4ab8-a95a-17a6c08c338a (table: Port_Group) {{(pid=132059) notify /opt/stack/neutron/neutron/plugins/ml2/drivers/ovn/mech_driver/ovsdb/ovsdb_monitor.py:743}}
Aug 07 12:17:48 ubuntu neutron-server[132059]: DEBUG neutron.plugins.ml2.drivers.ovn.mech_driver.ovsdb.ovsdb_monitor [None req-75cd8553-8566-4101-8ec0-bdb9a0ad46b7 None None] Hash Ring: Node cbecbeb3-f61f-4646-a8f0-be190a294852 (host: ubuntu) handling event "create" for row e242e064-1e26-409d-b1ac-9878436849d7 (table: NB_Global) {{(pid=132059) notify /opt/stack/neutron/neutron/plugins/ml2/drivers/ovn/mech_driver/ovsdb/ovsdb_monitor.py:743}}
Aug 07 12:17:48 ubuntu neutron-server[132058]: DEBUG ovsdbapp.backend.ovs_idl [None req-ce68d49e-c3f2-4d33-9ba2-5daafcee4e46 None None] Created lookup_table index Chassis.name {{(pid=132058) autocreate_indices /usr/local/lib/python3.8/dist-packages/ovsdbapp/backend/ovs_idl/__init__.py:85}}
Aug 07 12:17:48 ubuntu neutron-server[132058]: DEBUG ovsdbapp.backend.ovs_idl [None req-ce68d49e-c3f2-4d33-9ba2-5daafcee4e46 None None] Created schema index Datapath_Binding.tunnel_key {{(pid=132058) autocreate_indices /usr/local/lib/python3.8/dist-packages/ovsdbapp/backend/ovs_idl/__init__.py:104}}
Aug 07 12:17:48 ubuntu neutron-server[132058]: DEBUG ovsdbapp.backend.ovs_idl [None req-ce68d49e-c3f2-4d33-9ba2-5daafcee4e46 None None] Created schema index Connection.target {{(pid=132058) autocreate_indices /usr/local/lib/python3.8/dist-packages/ovsdbapp/backend/ovs_idl/__init__.py:104}}
Aug 07 12:17:48 ubuntu neutron-server[132058]: INFO ovsdbapp.backend.ovs_idl.vlog [None req-ce68d49e-c3f2-4d33-9ba2-5daafcee4e46 None None] tcp:192.168.79.48:6642: connecting...
Aug 07 12:17:48 ubuntu neutron-server[132058]: INFO ovsdbapp.backend.ovs_idl.vlog [None req-ce68d49e-c3f2-4d33-9ba2-5daafcee4e46 None None] tcp:192.168.79.48:6642: connected
Aug 07 12:17:48 ubuntu neutron-server[132059]: INFO neutron.plugins.ml2.drivers.ovn.mech_driver.ovsdb.impl_idl_ovn [None req-75cd8553-8566-4101-8ec0-bdb9a0ad46b7 None None] Getting OvsdbSbOvnIdl for WorkerService with retry
Aug 07 12:17:48 ubuntu neutron-server[131844]: DEBUG ovsdbapp.backend.ovs_idl [None req-ba313503-15b6-4e85-8fa9-2b525fc0aa0f None None] Created lookup_table index Chassis.name {{(pid=131844) autocreate_indices /usr/local/lib/python3.8/dist-packages/ovsdbapp/backend/ovs_idl/__init__.py:85}}
Aug 07 12:17:48 ubuntu neutron-server[131844]: DEBUG ovsdbapp.backend.ovs_idl [None req-ba313503-15b6-4e85-8fa9-2b525fc0aa0f None None] Created lookup_table index MAC_Binding.ip {{(pid=131844) autocreate_indices /usr/local/lib/python3.8/dist-packages/ovsdbapp/backend/ovs_idl/__init__.py:85}}
Aug 07 12:17:48 ubuntu neutron-server[131844]: DEBUG ovsdbapp.backend.ovs_idl [None req-ba313503-15b6-4e85-8fa9-2b525fc0aa0f None None] Created schema index Meter.name {{(pid=131844) autocreate_indices /usr/local/lib/python3.8/dist-packages/ovsdbapp/backend/ovs_idl/__init__.py:104}}
Aug 07 12:17:48 ubuntu neutron-server[131844]: DEBUG ovsdbapp.backend.ovs_idl [None req-ba313503-15b6-4e85-8fa9-2b525fc0aa0f None None] Created schema index Address_Set.name {{(pid=131844) autocreate_indices /usr/local/lib/python3.8/dist-packages/ovsdbapp/backend/ovs_idl/__init__.py:104}}
Aug 07 12:17:48 ubuntu neutron-server[131844]: DEBUG ovsdbapp.backend.ovs_idl [None req-ba313503-15b6-4e85-8fa9-2b525fc0aa0f None None] Created schema index HA_Chassis_Group.name {{(pid=131844) autocreate_indices /usr/local/lib/python3.8/dist-packages/ovsdbapp/backend/ovs_idl/__init__.py:104}}
Aug 07 12:17:48 ubuntu neutron-server[131844]: DEBUG ovsdbapp.backend.ovs_idl [None req-ba313503-15b6-4e85-8fa9-2b525fc0aa0f None None] Created schema index IP_Multicast.datapath {{(pid=131844) autocreate_indices /usr/local/lib/python3.8/dist-packages/ovsdbapp/backend/ovs_idl/__init__.py:104}}
Aug 07 12:17:48 ubuntu neutron-server[131844]: DEBUG ovsdbapp.backend.ovs_idl [None req-ba313503-15b6-4e85-8fa9-2b525fc0aa0f None None] Created schema index Connection.target {{(pid=131844) autocreate_indices /usr/local/lib/python3.8/dist-packages/ovsdbapp/backend/ovs_idl/__init__.py:104}}
Aug 07 12:17:48 ubuntu neutron-server[131844]: DEBUG ovsdbapp.backend.ovs_idl [None req-ba313503-15b6-4e85-8fa9-2b525fc0aa0f None None] Created schema index Gateway_Chassis.name {{(pid=131844) autocreate_indices /usr/local/lib/python3.8/dist-packages/ovsdbapp/backend/ovs_idl/__init__.py:104}}
Aug 07 12:17:48 ubuntu neutron-server[131844]: DEBUG ovsdbapp.backend.ovs_idl [None req-ba313503-15b6-4e85-8fa9-2b525fc0aa0f None None] Created schema index Port_Group.name {{(pid=131844) autocreate_indices /usr/local/lib/python3.8/dist-packages/ovsdbapp/backend/ovs_idl/__init__.py:104}}
Aug 07 12:17:48 ubuntu neutron-server[131844]: DEBUG ovsdbapp.backend.ovs_idl [None req-ba313503-15b6-4e85-8fa9-2b525fc0aa0f None None] Created schema index Datapath_Binding.tunnel_key {{(pid=131844) autocreate_indices /usr/local/lib/python3.8/dist-packages/ovsdbapp/backend/ovs_idl/__init__.py:104}}
Aug 07 12:17:48 ubuntu neutron-server[132059]: DEBUG ovsdbapp.backend.ovs_idl [None req-75cd8553-8566-4101-8ec0-bdb9a0ad46b7 None None] Created lookup_table index Chassis.name {{(pid=132059) autocreate_indices /usr/local/lib/python3.8/dist-packages/ovsdbapp/backend/ovs_idl/__init__.py:85}}
Aug 07 12:17:48 ubuntu neutron-server[132059]: DEBUG ovsdbapp.backend.ovs_idl [None req-75cd8553-8566-4101-8ec0-bdb9a0ad46b7 None None] Created schema index Datapath_Binding.tunnel_key {{(pid=132059) autocreate_indices /usr/local/lib/python3.8/dist-packages/ovsdbapp/backend/ovs_idl/__init__.py:104}}
Aug 07 12:17:48 ubuntu neutron-server[132059]: DEBUG ovsdbapp.backend.ovs_idl [None req-75cd8553-8566-4101-8ec0-bdb9a0ad46b7 None None] Created schema index Connection.target {{(pid=132059) autocreate_indices /usr/local/lib/python3.8/dist-packages/ovsdbapp/backend/ovs_idl/__init__.py:104}}
Aug 07 12:17:48 ubuntu neutron-server[132059]: INFO ovsdbapp.backend.ovs_idl.vlog [None req-75cd8553-8566-4101-8ec0-bdb9a0ad46b7 None None] tcp:192.168.79.48:6642: connecting...
Aug 07 12:17:48 ubuntu neutron-server[132059]: INFO ovsdbapp.backend.ovs_idl.vlog [None req-75cd8553-8566-4101-8ec0-bdb9a0ad46b7 None None] tcp:192.168.79.48:6642: connected
Aug 07 12:17:48 ubuntu neutron-server[132058]: DEBUG neutron.common.ovn.hash_ring_manager [None req-ce68d49e-c3f2-4d33-9ba2-5daafcee4e46 None None] Allow caching, nodes 2>=2 {{(pid=132058) _wait_startup_before_caching /opt/stack/neutron/neutron/common/ovn/hash_ring_manager.py:60}}
Aug 07 12:17:48 ubuntu neutron-server[132058]: DEBUG neutron.plugins.ml2.drivers.ovn.mech_driver.ovsdb.ovsdb_monitor [None req-ce68d49e-c3f2-4d33-9ba2-5daafcee4e46 None None] Hash Ring: Node 70714516-2409-4fd0-b4f5-7e72995c67f4 (host: ubuntu) handling event "create" for row c7b4521b-7a5c-45f6-b145-33f1e9d6a7c9 (table: Database) {{(pid=132058) notify /opt/stack/neutron/neutron/plugins/ml2/drivers/ovn/mech_driver/ovsdb/ovsdb_monitor.py:743}}
Aug 07 12:17:48 ubuntu neutron-server[132058]: DEBUG neutron.plugins.ml2.drivers.ovn.mech_driver.ovsdb.ovsdb_monitor [None req-ce68d49e-c3f2-4d33-9ba2-5daafcee4e46 None None] Hash Ring: Node 70714516-2409-4fd0-b4f5-7e72995c67f4 (host: ubuntu) handling event "create" for row a7c1bdaa-4bad-4a0c-bb9b-66b6b3b011a0 (table: Database) {{(pid=132058) notify /opt/stack/neutron/neutron/plugins/ml2/drivers/ovn/mech_driver/ovsdb/ovsdb_monitor.py:743}}
Aug 07 12:17:48 ubuntu neutron-server[132058]: DEBUG neutron.plugins.ml2.drivers.ovn.mech_driver.ovsdb.ovsdb_monitor [None req-ce68d49e-c3f2-4d33-9ba2-5daafcee4e46 None None] Hash Ring: Node 70714516-2409-4fd0-b4f5-7e72995c67f4 (host: ubuntu) handling event "create" for row c36f8bde-070e-427c-bc47-1801aa651b37 (table: Encap) {{(pid=132058) notify /opt/stack/neutron/neutron/plugins/ml2/drivers/ovn/mech_driver/ovsdb/ovsdb_monitor.py:743}}
Aug 07 12:17:48 ubuntu neutron-server[132058]: DEBUG neutron.plugins.ml2.drivers.ovn.mech_driver.ovsdb.ovsdb_monitor [None req-ce68d49e-c3f2-4d33-9ba2-5daafcee4e46 None None] ChassisAgentWriteEvent : Matched Chassis, create, None None {{(pid=132058) matches /opt/stack/neutron/neutron/plugins/ml2/drivers/ovn/mech_driver/ovsdb/ovsdb_monitor.py:62}}
Aug 07 12:17:48 ubuntu neutron-server[132058]: DEBUG neutron.plugins.ml2.drivers.ovn.mech_driver.ovsdb.ovsdb_monitor [None req-ce68d49e-c3f2-4d33-9ba2-5daafcee4e46 None None] ChassisMetadataAgentWriteEvent : Matched Chassis, create, None None {{(pid=132058) matches /opt/stack/neutron/neutron/plugins/ml2/drivers/ovn/mech_driver/ovsdb/ovsdb_monitor.py:62}}
Aug 07 12:17:48 ubuntu neutron-server[132058]: DEBUG neutron.plugins.ml2.drivers.ovn.mech_driver.ovsdb.ovsdb_monitor [None req-ce68d49e-c3f2-4d33-9ba2-5daafcee4e46 None None] Hash Ring: Node 70714516-2409-4fd0-b4f5-7e72995c67f4 (host: ubuntu) handling event "create" for row 89dd7418-f275-4799-aa6d-311493ada783 (table: Connection) {{(pid=132058) notify /opt/stack/neutron/neutron/plugins/ml2/drivers/ovn/mech_driver/ovsdb/ovsdb_monitor.py:743}}
Aug 07 12:17:48 ubuntu neutron-server[131844]: INFO oslo_service.service [None req-ba313503-15b6-4e85-8fa9-2b525fc0aa0f None None] Starting 1 workers
Aug 07 12:17:48 ubuntu neutron-server[132058]: INFO neutron.wsgi [-] (132058) wsgi starting up on http://0.0.0.0:9696
Aug 07 12:17:48 ubuntu neutron-server[131844]: DEBUG oslo_service.service [None req-ba313503-15b6-4e85-8fa9-2b525fc0aa0f None None] Started child 132061 {{(pid=131844) _start_child /usr/local/lib/python3.8/dist-packages/oslo_service/service.py:575}}
Aug 07 12:17:48 ubuntu neutron-server[131844]: INFO oslo_service.service [None req-ba313503-15b6-4e85-8fa9-2b525fc0aa0f None None] Starting 1 workers
Aug 07 12:17:48 ubuntu neutron-server[132059]: DEBUG neutron.common.ovn.hash_ring_manager [None req-75cd8553-8566-4101-8ec0-bdb9a0ad46b7 None None] Allow caching, nodes 2>=2 {{(pid=132059) _wait_startup_before_caching /opt/stack/neutron/neutron/common/ovn/hash_ring_manager.py:60}}
Aug 07 12:17:48 ubuntu neutron-server[131844]: DEBUG oslo_service.service [None req-ba313503-15b6-4e85-8fa9-2b525fc0aa0f None None] Started child 132062 {{(pid=131844) _start_child /usr/local/lib/python3.8/dist-packages/oslo_service/service.py:575}}
Aug 07 12:17:48 ubuntu neutron-server[131844]: INFO oslo_service.service [None req-ba313503-15b6-4e85-8fa9-2b525fc0aa0f None None] Starting 1 workers
Aug 07 12:17:48 ubuntu neutron-server[132061]: DEBUG neutron.service [None req-ba313503-15b6-4e85-8fa9-2b525fc0aa0f None None] calling RpcWorker wait() {{(pid=132061) _wait /opt/stack/neutron/neutron/service.py:128}}
Aug 07 12:17:48 ubuntu neutron-server[131844]: DEBUG oslo_service.service [None req-ba313503-15b6-4e85-8fa9-2b525fc0aa0f None None] Started child 132063 {{(pid=131844) _start_child /usr/local/lib/python3.8/dist-packages/oslo_service/service.py:575}}
Aug 07 12:17:48 ubuntu neutron-server[132061]: DEBUG neutron.service [None req-ba313503-15b6-4e85-8fa9-2b525fc0aa0f None None] returning from RpcWorker wait() {{(pid=132061) _wait /opt/stack/neutron/neutron/service.py:135}}
Aug 07 12:17:48 ubuntu neutron-server[131844]: DEBUG neutron_lib.callbacks.manager [None req-ba313503-15b6-4e85-8fa9-2b525fc0aa0f None None] Publish callbacks [] for process (None), after_spawn {{(pid=131844) _notify_loop /usr/local/lib/python3.8/dist-packages/neutron_lib/callbacks/manager.py:176}}
Aug 07 12:17:48 ubuntu neutron-server[132061]: DEBUG neutron_lib.callbacks.manager [-] Publish callbacks ['neutron.plugins.ml2.drivers.ovn.mech_driver.mech_driver.OVNMechanismDriver.post_fork_initialize-810401'] for process (None), after_init {{(pid=132061) _notify_loop /usr/local/lib/python3.8/dist-packages/neutron_lib/callbacks/manager.py:176}}
