Jul 31 18:49:01 ubuntu neutron-server[138580]: DEBUG neutron.api.extensions [None req-849fc234-6410-4d73-b056-41a267e84efa None None] Ext name="Trunk Extension" alias="trunk" description="Provides support for trunk ports" updated="2016-01-01T10:00:00-00:00" {{(pid=138580) _check_extension /opt/stack/neutron/neutron/api/extensions.py:416}}
Jul 31 18:49:01 ubuntu neutron-server[138580]: INFO neutron.api.extensions [None req-849fc234-6410-4d73-b056-41a267e84efa None None] Extension trunk not supported by any of loaded plugins
Jul 31 18:49:01 ubuntu neutron-server[138580]: DEBUG neutron.api.extensions [None req-849fc234-6410-4d73-b056-41a267e84efa None None] Loading extension file: trunk_details.py {{(pid=138580) _load_all_extensions_from_path /opt/stack/neutron/neutron/api/extensions.py:450}}
Jul 31 18:49:01 ubuntu neutron-server[138580]: DEBUG neutron.api.extensions [None req-849fc234-6410-4d73-b056-41a267e84efa None None] Ext name="Trunk port details" alias="trunk-details" description="Expose trunk port details" updated="2016-01-01T10:00:00-00:00" {{(pid=138580) _check_extension /opt/stack/neutron/neutron/api/extensions.py:416}}
Jul 31 18:49:01 ubuntu neutron-server[138580]: INFO neutron.api.extensions [None req-849fc234-6410-4d73-b056-41a267e84efa None None] Extension trunk-details not supported by any of loaded plugins
Jul 31 18:49:01 ubuntu neutron-server[138580]: DEBUG neutron.api.extensions [None req-849fc234-6410-4d73-b056-41a267e84efa None None] Loading extension file: uplink_status_propagation.py {{(pid=138580) _load_all_extensions_from_path /opt/stack/neutron/neutron/api/extensions.py:450}}
Jul 31 18:49:01 ubuntu neutron-server[138580]: DEBUG neutron.api.extensions [None req-849fc234-6410-4d73-b056-41a267e84efa None None] Ext name="Uplink status propagation extension" alias="uplink-status-propagation" description="Provides ability to propagate port uplink status." updated="2018-05-31T18:00:00-00:00" {{(pid=138580) _check_extension /opt/stack/neutron/neutron/api/extensions.py:416}}
Jul 31 18:49:01 ubuntu neutron-server[138580]: INFO neutron.api.extensions [None req-849fc234-6410-4d73-b056-41a267e84efa None None] Extension uplink-status-propagation not supported by any of loaded plugins
Jul 31 18:49:01 ubuntu neutron-server[138580]: DEBUG neutron.api.extensions [None req-849fc234-6410-4d73-b056-41a267e84efa None None] Loading extension file: vlantransparent.py {{(pid=138580) _load_all_extensions_from_path /opt/stack/neutron/neutron/api/extensions.py:450}}
Jul 31 18:49:01 ubuntu neutron-server[138580]: DEBUG neutron.api.extensions [None req-849fc234-6410-4d73-b056-41a267e84efa None None] Ext name="Vlantransparent" alias="vlan-transparent" description="Provides Vlan Transparent Networks" updated="2015-03-23T09:00:00-00:00" {{(pid=138580) _check_extension /opt/stack/neutron/neutron/api/extensions.py:416}}
Jul 31 18:49:01 ubuntu neutron-server[138580]: INFO neutron.api.extensions [None req-849fc234-6410-4d73-b056-41a267e84efa None None] Extension vlan-transparent not supported by any of loaded plugins
Jul 31 18:49:01 ubuntu neutron-server[138580]: INFO neutron.quota.resource_registry [None req-849fc234-6410-4d73-b056-41a267e84efa None None] Creating instance of TrackedResource for resource:network
Jul 31 18:49:01 ubuntu neutron-server[138580]: INFO neutron.quota.resource_registry [None req-849fc234-6410-4d73-b056-41a267e84efa None None] Creating instance of TrackedResource for resource:subnet
Jul 31 18:49:01 ubuntu neutron-server[138580]: INFO neutron.quota.resource_registry [None req-849fc234-6410-4d73-b056-41a267e84efa None None] Creating instance of TrackedResource for resource:subnetpool
Jul 31 18:49:01 ubuntu neutron-server[138580]: INFO neutron.quota.resource_registry [None req-849fc234-6410-4d73-b056-41a267e84efa None None] Creating instance of TrackedResource for resource:port
Jul 31 18:49:01 ubuntu neutron-server[138580]: DEBUG neutron.api.v2.resource_helper [None req-849fc234-6410-4d73-b056-41a267e84efa None None] Service FLAVORS assigned prefix:  {{(pid=138580) build_resource_info /opt/stack/neutron/neutron/api/v2/resource_helper.py:77}}
Jul 31 18:49:01 ubuntu neutron-server[138580]: DEBUG neutron.api.v2.resource_helper [None req-849fc234-6410-4d73-b056-41a267e84efa None None] Service L3_ROUTER_NAT assigned prefix:  {{(pid=138580) build_resource_info /opt/stack/neutron/neutron/api/v2/resource_helper.py:77}}
Jul 31 18:49:01 ubuntu neutron-server[138580]: DEBUG neutron.api.v2.resource_helper [None req-849fc234-6410-4d73-b056-41a267e84efa None None] Service L3_ROUTER_NAT assigned prefix:  {{(pid=138580) build_resource_info /opt/stack/neutron/neutron/api/v2/resource_helper.py:77}}
Jul 31 18:49:01 ubuntu neutron-server[138580]: INFO neutron.quota.resource_registry [None req-849fc234-6410-4d73-b056-41a267e84efa None None] Creating instance of TrackedResource for resource:router
Jul 31 18:49:01 ubuntu neutron-server[138580]: INFO neutron.quota.resource_registry [None req-849fc234-6410-4d73-b056-41a267e84efa None None] Creating instance of TrackedResource for resource:floatingip
Jul 31 18:49:01 ubuntu neutron-server[138580]: DEBUG neutron_lib.callbacks.manager [None req-849fc234-6410-4d73-b056-41a267e84efa None None] Subscribe: <bound method NeutronDbPluginV2.validate_network_rbac_policy_change of <neutron.services.network_ip_availability.plugin.NetworkIPAvailabilityPlugin object at 0x7f2a024aee80>> rbac-policy before_create 55550000 {{(pid=138580) subscribe /usr/local/lib/python3.8/dist-packages/neutron_lib/callbacks/manager.py:45}}
Jul 31 18:49:01 ubuntu neutron-server[138580]: DEBUG neutron_lib.callbacks.manager [None req-849fc234-6410-4d73-b056-41a267e84efa None None] Subscribe: <bound method NeutronDbPluginV2.validate_network_rbac_policy_change of <neutron.services.network_ip_availability.plugin.NetworkIPAvailabilityPlugin object at 0x7f2a024aee80>> rbac-policy before_update 55550000 {{(pid=138580) subscribe /usr/local/lib/python3.8/dist-packages/neutron_lib/callbacks/manager.py:45}}
Jul 31 18:49:01 ubuntu neutron-server[138580]: DEBUG neutron_lib.callbacks.manager [None req-849fc234-6410-4d73-b056-41a267e84efa None None] Subscribe: <bound method NeutronDbPluginV2.validate_network_rbac_policy_change of <neutron.services.network_ip_availability.plugin.NetworkIPAvailabilityPlugin object at 0x7f2a024aee80>> rbac-policy before_delete 55550000 {{(pid=138580) subscribe /usr/local/lib/python3.8/dist-packages/neutron_lib/callbacks/manager.py:45}}
Jul 31 18:49:01 ubuntu neutron-server[138580]: INFO neutron.quota.resource_registry [None req-849fc234-6410-4d73-b056-41a267e84efa None None] Creating instance of CountableResource for resource:rbac_policy
Jul 31 18:49:01 ubuntu neutron-server[138580]: INFO neutron.quota.resource_registry [None req-849fc234-6410-4d73-b056-41a267e84efa None None] Creating instance of TrackedResource for resource:security_group
Jul 31 18:49:01 ubuntu neutron-server[138580]: INFO neutron.quota.resource_registry [None req-849fc234-6410-4d73-b056-41a267e84efa None None] Creating instance of TrackedResource for resource:security_group_rule
Jul 31 18:49:01 ubuntu neutron-server[138580]: DEBUG neutron.api.v2.resource_helper [None req-849fc234-6410-4d73-b056-41a267e84efa None None] Service FLAVORS assigned prefix:  {{(pid=138580) build_resource_info /opt/stack/neutron/neutron/api/v2/resource_helper.py:77}}
Jul 31 18:49:01 ubuntu neutron-server[138580]: DEBUG neutron.api.v2.resource_helper [None req-849fc234-6410-4d73-b056-41a267e84efa None None] Service L3_ROUTER_NAT assigned prefix:  {{(pid=138580) build_resource_info /opt/stack/neutron/neutron/api/v2/resource_helper.py:77}}
Jul 31 18:49:01 ubuntu neutron-server[138580]: DEBUG neutron.api.v2.resource_helper [None req-849fc234-6410-4d73-b056-41a267e84efa None None] Service L3_ROUTER_NAT assigned prefix:  {{(pid=138580) build_resource_info /opt/stack/neutron/neutron/api/v2/resource_helper.py:77}}
Jul 31 18:49:01 ubuntu neutron-server[138580]: INFO neutron.quota.resource_registry [None req-849fc234-6410-4d73-b056-41a267e84efa None None] Creating instance of TrackedResource for resource:router
Jul 31 18:49:01 ubuntu neutron-server[138580]: WARNING neutron.quota.resource_registry [None req-849fc234-6410-4d73-b056-41a267e84efa None None] router is already registered
Jul 31 18:49:01 ubuntu neutron-server[138580]: INFO neutron.quota.resource_registry [None req-849fc234-6410-4d73-b056-41a267e84efa None None] Creating instance of TrackedResource for resource:floatingip
Jul 31 18:49:01 ubuntu neutron-server[138580]: WARNING neutron.quota.resource_registry [None req-849fc234-6410-4d73-b056-41a267e84efa None None] floatingip is already registered
Jul 31 18:49:01 ubuntu neutron-server[138580]: INFO neutron.quota.resource_registry [None req-849fc234-6410-4d73-b056-41a267e84efa None None] Creating instance of CountableResource for resource:rbac_policy
Jul 31 18:49:01 ubuntu neutron-server[138580]: WARNING neutron.quota.resource_registry [None req-849fc234-6410-4d73-b056-41a267e84efa None None] rbac_policy is already registered
Jul 31 18:49:01 ubuntu neutron-server[138580]: INFO neutron.quota.resource_registry [None req-849fc234-6410-4d73-b056-41a267e84efa None None] Creating instance of TrackedResource for resource:security_group
Jul 31 18:49:01 ubuntu neutron-server[138580]: WARNING neutron.quota.resource_registry [None req-849fc234-6410-4d73-b056-41a267e84efa None None] security_group is already registered
Jul 31 18:49:01 ubuntu neutron-server[138580]: INFO neutron.quota.resource_registry [None req-849fc234-6410-4d73-b056-41a267e84efa None None] Creating instance of TrackedResource for resource:security_group_rule
Jul 31 18:49:01 ubuntu neutron-server[138580]: WARNING neutron.quota.resource_registry [None req-849fc234-6410-4d73-b056-41a267e84efa None None] security_group_rule is already registered
Jul 31 18:49:01 ubuntu neutron-server[138580]: DEBUG neutron.api.extensions [None req-849fc234-6410-4d73-b056-41a267e84efa None None] Extended resource: extensions {{(pid=138580) __init__ /opt/stack/neutron/neutron/api/extensions.py:157}}
Jul 31 18:49:01 ubuntu neutron-server[138580]: DEBUG neutron.api.extensions [None req-849fc234-6410-4d73-b056-41a267e84efa None None] Extended resource: address-groups {{(pid=138580) __init__ /opt/stack/neutron/neutron/api/extensions.py:157}}
Jul 31 18:49:01 ubuntu neutron-server[138580]: DEBUG neutron.api.extensions [None req-849fc234-6410-4d73-b056-41a267e84efa None None] Extended resource: address-scopes {{(pid=138580) __init__ /opt/stack/neutron/neutron/api/extensions.py:157}}
Jul 31 18:49:01 ubuntu neutron-server[138580]: DEBUG neutron.api.extensions [None req-849fc234-6410-4d73-b056-41a267e84efa None None] Extended resource: agents {{(pid=138580) __init__ /opt/stack/neutron/neutron/api/extensions.py:157}}
Jul 31 18:49:01 ubuntu neutron-server[138580]: DEBUG neutron.api.extensions [None req-849fc234-6410-4d73-b056-41a267e84efa None None] Extended resource: auto-allocated-topology {{(pid=138580) __init__ /opt/stack/neutron/neutron/api/extensions.py:157}}
Jul 31 18:49:01 ubuntu neutron-server[138580]: DEBUG neutron.api.extensions [None req-849fc234-6410-4d73-b056-41a267e84efa None None] Extended resource: availability_zones {{(pid=138580) __init__ /opt/stack/neutron/neutron/api/extensions.py:157}}
Jul 31 18:49:01 ubuntu neutron-server[138580]: DEBUG neutron.api.extensions [None req-849fc234-6410-4d73-b056-41a267e84efa None None] Extended resource: flavors {{(pid=138580) __init__ /opt/stack/neutron/neutron/api/extensions.py:157}}
Jul 31 18:49:01 ubuntu neutron-server[138580]: DEBUG neutron.api.extensions [None req-849fc234-6410-4d73-b056-41a267e84efa None None] Extended resource: service_profiles {{(pid=138580) __init__ /opt/stack/neutron/neutron/api/extensions.py:157}}
Jul 31 18:49:01 ubuntu neutron-server[138580]: DEBUG neutron.api.extensions [None req-849fc234-6410-4d73-b056-41a267e84efa None None] Extended resource: next_providers {{(pid=138580) __init__ /opt/stack/neutron/neutron/api/extensions.py:157}}
Jul 31 18:49:01 ubuntu neutron-server[138580]: DEBUG neutron.api.extensions [None req-849fc234-6410-4d73-b056-41a267e84efa None None] Extended resource: service_profiles {{(pid=138580) __init__ /opt/stack/neutron/neutron/api/extensions.py:157}}
Jul 31 18:49:01 ubuntu neutron-server[138580]: DEBUG neutron.api.extensions [None req-849fc234-6410-4d73-b056-41a267e84efa None None] Extended resource: floatingip-pools {{(pid=138580) __init__ /opt/stack/neutron/neutron/api/extensions.py:157}}
Jul 31 18:49:01 ubuntu neutron-server[138580]: DEBUG neutron.api.extensions [None req-849fc234-6410-4d73-b056-41a267e84efa None None] Extended resource: routers {{(pid=138580) __init__ /opt/stack/neutron/neutron/api/extensions.py:157}}
Jul 31 18:49:01 ubuntu neutron-server[138580]: DEBUG neutron.api.extensions [None req-849fc234-6410-4d73-b056-41a267e84efa None None] Extended resource: floatingips {{(pid=138580) __init__ /opt/stack/neutron/neutron/api/extensions.py:157}}
Jul 31 18:49:01 ubuntu neutron-server[138580]: DEBUG neutron.api.extensions [None req-849fc234-6410-4d73-b056-41a267e84efa None None] Extended resource: network-ip-availabilities {{(pid=138580) __init__ /opt/stack/neutron/neutron/api/extensions.py:157}}
Jul 31 18:49:01 ubuntu neutron-server[138580]: DEBUG neutron.api.extensions [None req-849fc234-6410-4d73-b056-41a267e84efa None None] Extended resource: bindings {{(pid=138580) __init__ /opt/stack/neutron/neutron/api/extensions.py:157}}
Jul 31 18:49:01 ubuntu neutron-server[138580]: DEBUG neutron.api.extensions [None req-849fc234-6410-4d73-b056-41a267e84efa None None] Extended resource: quotas {{(pid=138580) __init__ /opt/stack/neutron/neutron/api/extensions.py:157}}
Jul 31 18:49:01 ubuntu neutron-server[138580]: DEBUG neutron.api.extensions [None req-849fc234-6410-4d73-b056-41a267e84efa None None] Extended resource: quotas {{(pid=138580) __init__ /opt/stack/neutron/neutron/api/extensions.py:157}}
Jul 31 18:49:01 ubuntu neutron-server[138580]: DEBUG neutron.api.extensions [None req-849fc234-6410-4d73-b056-41a267e84efa None None] Extended resource: rbac-policies {{(pid=138580) __init__ /opt/stack/neutron/neutron/api/extensions.py:157}}
Jul 31 18:49:01 ubuntu neutron-server[138580]: DEBUG neutron.api.extensions [None req-849fc234-6410-4d73-b056-41a267e84efa None None] Extended resource: security-groups {{(pid=138580) __init__ /opt/stack/neutron/neutron/api/extensions.py:157}}
Jul 31 18:49:01 ubuntu neutron-server[138580]: DEBUG neutron.api.extensions [None req-849fc234-6410-4d73-b056-41a267e84efa None None] Extended resource: security-group-rules {{(pid=138580) __init__ /opt/stack/neutron/neutron/api/extensions.py:157}}
Jul 31 18:49:01 ubuntu neutron-server[138580]: DEBUG neutron.api.extensions [None req-849fc234-6410-4d73-b056-41a267e84efa None None] Extended resource: service-providers {{(pid=138580) __init__ /opt/stack/neutron/neutron/api/extensions.py:157}}
Jul 31 18:49:01 ubuntu neutron-server[138580]: DEBUG neutron.api.extensions [None req-849fc234-6410-4d73-b056-41a267e84efa None None] Extended resource: tags {{(pid=138580) __init__ /opt/stack/neutron/neutron/api/extensions.py:157}}
Jul 31 18:49:01 ubuntu neutron-server[138580]: DEBUG neutron.api.extensions [None req-849fc234-6410-4d73-b056-41a267e84efa None None] Extended resource: tags {{(pid=138580) __init__ /opt/stack/neutron/neutron/api/extensions.py:157}}
Jul 31 18:49:01 ubuntu neutron-server[138580]: DEBUG neutron.api.extensions [None req-849fc234-6410-4d73-b056-41a267e84efa None None] Extended resource: tags {{(pid=138580) __init__ /opt/stack/neutron/neutron/api/extensions.py:157}}
Jul 31 18:49:01 ubuntu neutron-server[138580]: DEBUG neutron.api.extensions [None req-849fc234-6410-4d73-b056-41a267e84efa None None] Extended resource: tags {{(pid=138580) __init__ /opt/stack/neutron/neutron/api/extensions.py:157}}
Jul 31 18:49:01 ubuntu neutron-server[138580]: DEBUG neutron.api.extensions [None req-849fc234-6410-4d73-b056-41a267e84efa None None] Extended resource: tags {{(pid=138580) __init__ /opt/stack/neutron/neutron/api/extensions.py:157}}
Jul 31 18:49:01 ubuntu neutron-server[138580]: DEBUG neutron.api.extensions [None req-849fc234-6410-4d73-b056-41a267e84efa None None] Extended resource: tags {{(pid=138580) __init__ /opt/stack/neutron/neutron/api/extensions.py:157}}
Jul 31 18:49:01 ubuntu neutron-server[138580]: DEBUG neutron.api.extensions [None req-849fc234-6410-4d73-b056-41a267e84efa None None] Extended resource: tags {{(pid=138580) __init__ /opt/stack/neutron/neutron/api/extensions.py:157}}
Jul 31 18:49:01 ubuntu neutron-server[138580]: DEBUG neutron.api.extensions [None req-849fc234-6410-4d73-b056-41a267e84efa None None] Extended resource: tags {{(pid=138580) __init__ /opt/stack/neutron/neutron/api/extensions.py:157}}
Jul 31 18:49:01 ubuntu neutron-server[138580]: DEBUG neutron.api.extensions [None req-849fc234-6410-4d73-b056-41a267e84efa None None] Extended resource: tags {{(pid=138580) __init__ /opt/stack/neutron/neutron/api/extensions.py:157}}
Jul 31 18:49:01 ubuntu neutron-server[138580]: DEBUG neutron.api.extensions [None req-849fc234-6410-4d73-b056-41a267e84efa None None] Extended resource: tags {{(pid=138580) __init__ /opt/stack/neutron/neutron/api/extensions.py:157}}
Jul 31 18:49:01 ubuntu neutron-server[138580]: WARNING keystonemiddleware.auth_token [None req-849fc234-6410-4d73-b056-41a267e84efa None None] AuthToken middleware is set with keystone_authtoken.service_token_roles_required set to False. This is backwards compatible but deprecated behaviour. Please set this to True.
Jul 31 18:49:01 ubuntu neutron-server[138580]: WARNING keystonemiddleware.auth_token [None req-849fc234-6410-4d73-b056-41a267e84efa None None] Configuring www_authenticate_uri to point to the public identity endpoint is required; clients may not be able to authenticate against an admin endpoint
Jul 31 18:49:01 ubuntu neutron-server[138580]: DEBUG oslo_concurrency.lockutils [None req-849fc234-6410-4d73-b056-41a267e84efa None None] Acquired lock "singleton_lock" {{(pid=138580) lock /usr/local/lib/python3.8/dist-packages/oslo_concurrency/lockutils.py:294}}
Jul 31 18:49:01 ubuntu neutron-server[138580]: DEBUG oslo_concurrency.lockutils [None req-849fc234-6410-4d73-b056-41a267e84efa None None] Releasing lock "singleton_lock" {{(pid=138580) lock /usr/local/lib/python3.8/dist-packages/oslo_concurrency/lockutils.py:312}}
Jul 31 18:49:01 ubuntu neutron-server[138580]: INFO oslo_service.service [None req-849fc234-6410-4d73-b056-41a267e84efa None None] Starting 2 workers
Jul 31 18:49:01 ubuntu neutron-server[138580]: DEBUG oslo_service.service [None req-849fc234-6410-4d73-b056-41a267e84efa None None] Started child 138783 {{(pid=138580) _start_child /usr/local/lib/python3.8/dist-packages/oslo_service/service.py:575}}
Jul 31 18:49:01 ubuntu neutron-server[138580]: DEBUG oslo_service.service [None req-849fc234-6410-4d73-b056-41a267e84efa None None] Started child 138784 {{(pid=138580) _start_child /usr/local/lib/python3.8/dist-packages/oslo_service/service.py:575}}
Jul 31 18:49:01 ubuntu neutron-server[138580]: INFO neutron.service [None req-849fc234-6410-4d73-b056-41a267e84efa None None] Neutron service started, listening on 0.0.0.0:9696
Jul 31 18:49:01 ubuntu neutron-server[138580]: DEBUG neutron_lib.callbacks.manager [None req-849fc234-6410-4d73-b056-41a267e84efa None None] Publish callbacks ['neutron.plugins.ml2.drivers.ovn.mech_driver.mech_driver.OVNMechanismDriver.pre_fork_initialize-585747'] for process (None), before_spawn {{(pid=138580) _notify_loop /usr/local/lib/python3.8/dist-packages/neutron_lib/callbacks/manager.py:176}}
Jul 31 18:49:01 ubuntu neutron-server[138783]: DEBUG neutron_lib.callbacks.manager [-] Publish callbacks ['neutron.plugins.ml2.drivers.ovn.mech_driver.mech_driver.OVNMechanismDriver.post_fork_initialize-585855'] for process (None), after_init {{(pid=138783) _notify_loop /usr/local/lib/python3.8/dist-packages/neutron_lib/callbacks/manager.py:176}}
Jul 31 18:49:01 ubuntu neutron-server[138784]: DEBUG neutron_lib.callbacks.manager [-] Publish callbacks ['neutron.plugins.ml2.drivers.ovn.mech_driver.mech_driver.OVNMechanismDriver.post_fork_initialize-585855'] for process (None), after_init {{(pid=138784) _notify_loop /usr/local/lib/python3.8/dist-packages/neutron_lib/callbacks/manager.py:176}}
Jul 31 18:49:01 ubuntu neutron-server[138783]: DEBUG dbcounter [-] [138783] Writer thread running {{(pid=138783) stat_writer /usr/local/lib/python3.8/dist-packages/dbcounter.py:99}}
Jul 31 18:49:01 ubuntu neutron-server[138784]: DEBUG dbcounter [-] [138784] Writer thread running {{(pid=138784) stat_writer /usr/local/lib/python3.8/dist-packages/dbcounter.py:99}}
Jul 31 18:49:01 ubuntu neutron-server[138580]: DEBUG ovsdbapp.backend.ovs_idl [None req-849fc234-6410-4d73-b056-41a267e84efa None None] Created schema index Port_Group.name {{(pid=138580) autocreate_indices /usr/local/lib/python3.8/dist-packages/ovsdbapp/backend/ovs_idl/__init__.py:104}}
Jul 31 18:49:01 ubuntu neutron-server[138580]: DEBUG ovsdbapp.backend.ovs_idl [None req-849fc234-6410-4d73-b056-41a267e84efa None None] Created schema index Logical_Switch_Port.name {{(pid=138580) autocreate_indices /usr/local/lib/python3.8/dist-packages/ovsdbapp/backend/ovs_idl/__init__.py:104}}
Jul 31 18:49:01 ubuntu neutron-server[138783]: INFO neutron.plugins.ml2.drivers.ovn.mech_driver.ovsdb.impl_idl_ovn [None req-5351bd43-5005-43c3-a9a2-6fe7745d9630 None None] Getting OvsdbNbOvnIdl for WorkerService with retry
Jul 31 18:49:01 ubuntu neutron-server[138784]: INFO neutron.plugins.ml2.drivers.ovn.mech_driver.ovsdb.impl_idl_ovn [None req-aa4d7300-2464-4b04-bd67-cdcb2f377d02 None None] Getting OvsdbNbOvnIdl for WorkerService with retry
Jul 31 18:49:01 ubuntu neutron-server[138580]: DEBUG ovsdbapp.backend.ovs_idl.transaction [-] Running txn n=1 command(idx=0): PgAddCommand(name=neutron_pg_drop, may_exist=True, columns={'acls': []}) {{(pid=138580) do_commit /usr/local/lib/python3.8/dist-packages/ovsdbapp/backend/ovs_idl/transaction.py:90}}
Jul 31 18:49:01 ubuntu neutron-server[138580]: DEBUG ovsdbapp.backend.ovs_idl.transaction [-] Running txn n=1 command(idx=1): PgAclAddCommand(entity=neutron_pg_drop, direction=from-lport, priority=1001, match=inport == @neutron_pg_drop && ip, action=drop, log=False, may_exist=True, severity=[], name=[], meter=None, external_ids={}) {{(pid=138580) do_commit /usr/local/lib/python3.8/dist-packages/ovsdbapp/backend/ovs_idl/transaction.py:90}}
Jul 31 18:49:01 ubuntu neutron-server[138580]: DEBUG ovsdbapp.backend.ovs_idl.transaction [-] Running txn n=1 command(idx=2): PgAclAddCommand(entity=neutron_pg_drop, direction=to-lport, priority=1001, match=outport == @neutron_pg_drop && ip, action=drop, log=False, may_exist=True, severity=[], name=[], meter=None, external_ids={}) {{(pid=138580) do_commit /usr/local/lib/python3.8/dist-packages/ovsdbapp/backend/ovs_idl/transaction.py:90}}
Jul 31 18:49:01 ubuntu neutron-server[138580]: DEBUG ovsdbapp.backend.ovs_idl.event [-] Matched CREATE: NeutronPgDropPortGroupCreated(events=('create',), table='Port_Group', conditions=(('name', '=', 'neutron_pg_drop'),), old_conditions=None), priority=10 to row=Port_Group(name=neutron_pg_drop, ports=[], external_ids={}, acls=[<ovs.db.idl.Row object at 0x7f2a024827c0>, <ovs.db.idl.Row object at 0x7f2a02482340>]) old= {{(pid=138580) matches /usr/local/lib/python3.8/dist-packages/ovsdbapp/backend/ovs_idl/event.py:43}}
Jul 31 18:49:01 ubuntu neutron-server[138580]: DEBUG ovsdbapp.backend.ovs_idl [None req-849fc234-6410-4d73-b056-41a267e84efa None None] Created lookup_table index Logical_Switch.name {{(pid=138580) autocreate_indices /usr/local/lib/python3.8/dist-packages/ovsdbapp/backend/ovs_idl/__init__.py:85}}
Jul 31 18:49:01 ubuntu neutron-server[138580]: DEBUG ovsdbapp.backend.ovs_idl [None req-849fc234-6410-4d73-b056-41a267e84efa None None] Created lookup_table index Logical_Router.name {{(pid=138580) autocreate_indices /usr/local/lib/python3.8/dist-packages/ovsdbapp/backend/ovs_idl/__init__.py:85}}
Jul 31 18:49:01 ubuntu neutron-server[138580]: DEBUG ovsdbapp.backend.ovs_idl [None req-849fc234-6410-4d73-b056-41a267e84efa None None] Created lookup_table index Load_Balancer.name {{(pid=138580) autocreate_indices /usr/local/lib/python3.8/dist-packages/ovsdbapp/backend/ovs_idl/__init__.py:85}}
Jul 31 18:49:01 ubuntu neutron-server[138580]: DEBUG ovsdbapp.backend.ovs_idl [None req-849fc234-6410-4d73-b056-41a267e84efa None None] Created schema index Meter.name {{(pid=138580) autocreate_indices /usr/local/lib/python3.8/dist-packages/ovsdbapp/backend/ovs_idl/__init__.py:104}}
Jul 31 18:49:01 ubuntu neutron-server[138580]: DEBUG ovsdbapp.backend.ovs_idl [None req-849fc234-6410-4d73-b056-41a267e84efa None None] Created schema index Address_Set.name {{(pid=138580) autocreate_indices /usr/local/lib/python3.8/dist-packages/ovsdbapp/backend/ovs_idl/__init__.py:104}}
Jul 31 18:49:01 ubuntu neutron-server[138580]: DEBUG ovsdbapp.backend.ovs_idl [None req-849fc234-6410-4d73-b056-41a267e84efa None None] Created schema index HA_Chassis_Group.name {{(pid=138580) autocreate_indices /usr/local/lib/python3.8/dist-packages/ovsdbapp/backend/ovs_idl/__init__.py:104}}
Jul 31 18:49:01 ubuntu neutron-server[138784]: DEBUG ovsdbapp.backend.ovs_idl [None req-aa4d7300-2464-4b04-bd67-cdcb2f377d02 None None] Created lookup_table index Logical_Switch.name {{(pid=138784) autocreate_indices /usr/local/lib/python3.8/dist-packages/ovsdbapp/backend/ovs_idl/__init__.py:85}}
Jul 31 18:49:01 ubuntu neutron-server[138580]: DEBUG ovsdbapp.backend.ovs_idl [None req-849fc234-6410-4d73-b056-41a267e84efa None None] Created schema index Connection.target {{(pid=138580) autocreate_indices /usr/local/lib/python3.8/dist-packages/ovsdbapp/backend/ovs_idl/__init__.py:104}}
Jul 31 18:49:01 ubuntu neutron-server[138580]: DEBUG ovsdbapp.backend.ovs_idl [None req-849fc234-6410-4d73-b056-41a267e84efa None None] Created schema index Gateway_Chassis.name {{(pid=138580) autocreate_indices /usr/local/lib/python3.8/dist-packages/ovsdbapp/backend/ovs_idl/__init__.py:104}}
Jul 31 18:49:01 ubuntu neutron-server[138784]: DEBUG ovsdbapp.backend.ovs_idl [None req-aa4d7300-2464-4b04-bd67-cdcb2f377d02 None None] Created lookup_table index Logical_Router.name {{(pid=138784) autocreate_indices /usr/local/lib/python3.8/dist-packages/ovsdbapp/backend/ovs_idl/__init__.py:85}}
Jul 31 18:49:01 ubuntu neutron-server[138580]: DEBUG ovsdbapp.backend.ovs_idl [None req-849fc234-6410-4d73-b056-41a267e84efa None None] Created schema index Logical_Router_Port.name {{(pid=138580) autocreate_indices /usr/local/lib/python3.8/dist-packages/ovsdbapp/backend/ovs_idl/__init__.py:104}}
Jul 31 18:49:01 ubuntu neutron-server[138784]: DEBUG ovsdbapp.backend.ovs_idl [None req-aa4d7300-2464-4b04-bd67-cdcb2f377d02 None None] Created lookup_table index Load_Balancer.name {{(pid=138784) autocreate_indices /usr/local/lib/python3.8/dist-packages/ovsdbapp/backend/ovs_idl/__init__.py:85}}
Jul 31 18:49:01 ubuntu neutron-server[138580]: DEBUG ovsdbapp.backend.ovs_idl [None req-849fc234-6410-4d73-b056-41a267e84efa None None] Created schema index Port_Group.name {{(pid=138580) autocreate_indices /usr/local/lib/python3.8/dist-packages/ovsdbapp/backend/ovs_idl/__init__.py:104}}
Jul 31 18:49:01 ubuntu neutron-server[138784]: DEBUG ovsdbapp.backend.ovs_idl [None req-aa4d7300-2464-4b04-bd67-cdcb2f377d02 None None] Created schema index Meter.name {{(pid=138784) autocreate_indices /usr/local/lib/python3.8/dist-packages/ovsdbapp/backend/ovs_idl/__init__.py:104}}
Jul 31 18:49:01 ubuntu neutron-server[138580]: DEBUG ovsdbapp.backend.ovs_idl [None req-849fc234-6410-4d73-b056-41a267e84efa None None] Created schema index Logical_Switch_Port.name {{(pid=138580) autocreate_indices /usr/local/lib/python3.8/dist-packages/ovsdbapp/backend/ovs_idl/__init__.py:104}}
Jul 31 18:49:01 ubuntu neutron-server[138784]: DEBUG ovsdbapp.backend.ovs_idl [None req-aa4d7300-2464-4b04-bd67-cdcb2f377d02 None None] Created schema index Address_Set.name {{(pid=138784) autocreate_indices /usr/local/lib/python3.8/dist-packages/ovsdbapp/backend/ovs_idl/__init__.py:104}}
Jul 31 18:49:01 ubuntu neutron-server[138784]: DEBUG ovsdbapp.backend.ovs_idl [None req-aa4d7300-2464-4b04-bd67-cdcb2f377d02 None None] Created schema index HA_Chassis_Group.name {{(pid=138784) autocreate_indices /usr/local/lib/python3.8/dist-packages/ovsdbapp/backend/ovs_idl/__init__.py:104}}
Jul 31 18:49:01 ubuntu neutron-server[138784]: DEBUG ovsdbapp.backend.ovs_idl [None req-aa4d7300-2464-4b04-bd67-cdcb2f377d02 None None] Created schema index Connection.target {{(pid=138784) autocreate_indices /usr/local/lib/python3.8/dist-packages/ovsdbapp/backend/ovs_idl/__init__.py:104}}
Jul 31 18:49:01 ubuntu neutron-server[138784]: DEBUG ovsdbapp.backend.ovs_idl [None req-aa4d7300-2464-4b04-bd67-cdcb2f377d02 None None] Created schema index Gateway_Chassis.name {{(pid=138784) autocreate_indices /usr/local/lib/python3.8/dist-packages/ovsdbapp/backend/ovs_idl/__init__.py:104}}
Jul 31 18:49:01 ubuntu neutron-server[138784]: DEBUG ovsdbapp.backend.ovs_idl [None req-aa4d7300-2464-4b04-bd67-cdcb2f377d02 None None] Created schema index Logical_Router_Port.name {{(pid=138784) autocreate_indices /usr/local/lib/python3.8/dist-packages/ovsdbapp/backend/ovs_idl/__init__.py:104}}
Jul 31 18:49:01 ubuntu neutron-server[138784]: DEBUG ovsdbapp.backend.ovs_idl [None req-aa4d7300-2464-4b04-bd67-cdcb2f377d02 None None] Created schema index Port_Group.name {{(pid=138784) autocreate_indices /usr/local/lib/python3.8/dist-packages/ovsdbapp/backend/ovs_idl/__init__.py:104}}
Jul 31 18:49:01 ubuntu neutron-server[138784]: DEBUG ovsdbapp.backend.ovs_idl [None req-aa4d7300-2464-4b04-bd67-cdcb2f377d02 None None] Created schema index Logical_Switch_Port.name {{(pid=138784) autocreate_indices /usr/local/lib/python3.8/dist-packages/ovsdbapp/backend/ovs_idl/__init__.py:104}}
Jul 31 18:49:01 ubuntu neutron-server[138783]: DEBUG ovsdbapp.backend.ovs_idl [None req-5351bd43-5005-43c3-a9a2-6fe7745d9630 None None] Created lookup_table index Logical_Switch.name {{(pid=138783) autocreate_indices /usr/local/lib/python3.8/dist-packages/ovsdbapp/backend/ovs_idl/__init__.py:85}}
Jul 31 18:49:01 ubuntu neutron-server[138784]: INFO ovsdbapp.backend.ovs_idl.vlog [None req-aa4d7300-2464-4b04-bd67-cdcb2f377d02 None None] tcp:192.168.79.37:6641: connecting...
Jul 31 18:49:01 ubuntu neutron-server[138783]: DEBUG ovsdbapp.backend.ovs_idl [None req-5351bd43-5005-43c3-a9a2-6fe7745d9630 None None] Created lookup_table index Logical_Router.name {{(pid=138783) autocreate_indices /usr/local/lib/python3.8/dist-packages/ovsdbapp/backend/ovs_idl/__init__.py:85}}
Jul 31 18:49:01 ubuntu neutron-server[138784]: INFO ovsdbapp.backend.ovs_idl.vlog [None req-aa4d7300-2464-4b04-bd67-cdcb2f377d02 None None] tcp:192.168.79.37:6641: connected
Jul 31 18:49:01 ubuntu neutron-server[138783]: DEBUG ovsdbapp.backend.ovs_idl [None req-5351bd43-5005-43c3-a9a2-6fe7745d9630 None None] Created lookup_table index Load_Balancer.name {{(pid=138783) autocreate_indices /usr/local/lib/python3.8/dist-packages/ovsdbapp/backend/ovs_idl/__init__.py:85}}
Jul 31 18:49:01 ubuntu neutron-server[138783]: DEBUG ovsdbapp.backend.ovs_idl [None req-5351bd43-5005-43c3-a9a2-6fe7745d9630 None None] Created schema index Meter.name {{(pid=138783) autocreate_indices /usr/local/lib/python3.8/dist-packages/ovsdbapp/backend/ovs_idl/__init__.py:104}}
Jul 31 18:49:01 ubuntu neutron-server[138783]: DEBUG ovsdbapp.backend.ovs_idl [None req-5351bd43-5005-43c3-a9a2-6fe7745d9630 None None] Created schema index Address_Set.name {{(pid=138783) autocreate_indices /usr/local/lib/python3.8/dist-packages/ovsdbapp/backend/ovs_idl/__init__.py:104}}
Jul 31 18:49:01 ubuntu neutron-server[138783]: DEBUG ovsdbapp.backend.ovs_idl [None req-5351bd43-5005-43c3-a9a2-6fe7745d9630 None None] Created schema index HA_Chassis_Group.name {{(pid=138783) autocreate_indices /usr/local/lib/python3.8/dist-packages/ovsdbapp/backend/ovs_idl/__init__.py:104}}
Jul 31 18:49:01 ubuntu neutron-server[138783]: DEBUG ovsdbapp.backend.ovs_idl [None req-5351bd43-5005-43c3-a9a2-6fe7745d9630 None None] Created schema index Connection.target {{(pid=138783) autocreate_indices /usr/local/lib/python3.8/dist-packages/ovsdbapp/backend/ovs_idl/__init__.py:104}}
Jul 31 18:49:01 ubuntu neutron-server[138783]: DEBUG ovsdbapp.backend.ovs_idl [None req-5351bd43-5005-43c3-a9a2-6fe7745d9630 None None] Created schema index Gateway_Chassis.name {{(pid=138783) autocreate_indices /usr/local/lib/python3.8/dist-packages/ovsdbapp/backend/ovs_idl/__init__.py:104}}
Jul 31 18:49:01 ubuntu neutron-server[138783]: DEBUG ovsdbapp.backend.ovs_idl [None req-5351bd43-5005-43c3-a9a2-6fe7745d9630 None None] Created schema index Logical_Router_Port.name {{(pid=138783) autocreate_indices /usr/local/lib/python3.8/dist-packages/ovsdbapp/backend/ovs_idl/__init__.py:104}}
Jul 31 18:49:01 ubuntu neutron-server[138783]: DEBUG ovsdbapp.backend.ovs_idl [None req-5351bd43-5005-43c3-a9a2-6fe7745d9630 None None] Created schema index Port_Group.name {{(pid=138783) autocreate_indices /usr/local/lib/python3.8/dist-packages/ovsdbapp/backend/ovs_idl/__init__.py:104}}
Jul 31 18:49:01 ubuntu neutron-server[138783]: DEBUG ovsdbapp.backend.ovs_idl [None req-5351bd43-5005-43c3-a9a2-6fe7745d9630 None None] Created schema index Logical_Switch_Port.name {{(pid=138783) autocreate_indices /usr/local/lib/python3.8/dist-packages/ovsdbapp/backend/ovs_idl/__init__.py:104}}
Jul 31 18:49:01 ubuntu neutron-server[138783]: INFO ovsdbapp.backend.ovs_idl.vlog [None req-5351bd43-5005-43c3-a9a2-6fe7745d9630 None None] tcp:192.168.79.37:6641: connecting...
Jul 31 18:49:01 ubuntu neutron-server[138783]: INFO ovsdbapp.backend.ovs_idl.vlog [None req-5351bd43-5005-43c3-a9a2-6fe7745d9630 None None] tcp:192.168.79.37:6641: connected
Jul 31 18:49:01 ubuntu neutron-server[138580]: DEBUG ovsdbapp.backend.ovs_idl [None req-849fc234-6410-4d73-b056-41a267e84efa None None] Created lookup_table index Chassis.name {{(pid=138580) autocreate_indices /usr/local/lib/python3.8/dist-packages/ovsdbapp/backend/ovs_idl/__init__.py:85}}
Jul 31 18:49:01 ubuntu neutron-server[138580]: DEBUG ovsdbapp.backend.ovs_idl [None req-849fc234-6410-4d73-b056-41a267e84efa None None] Created lookup_table index MAC_Binding.ip {{(pid=138580) autocreate_indices /usr/local/lib/python3.8/dist-packages/ovsdbapp/backend/ovs_idl/__init__.py:85}}
Jul 31 18:49:01 ubuntu neutron-server[138580]: DEBUG ovsdbapp.backend.ovs_idl [None req-849fc234-6410-4d73-b056-41a267e84efa None None] Created schema index Meter.name {{(pid=138580) autocreate_indices /usr/local/lib/python3.8/dist-packages/ovsdbapp/backend/ovs_idl/__init__.py:104}}
Jul 31 18:49:01 ubuntu neutron-server[138784]: DEBUG neutron.common.ovn.hash_ring_manager [None req-aa4d7300-2464-4b04-bd67-cdcb2f377d02 None None] Allow caching, nodes 2>=2 {{(pid=138784) _wait_startup_before_caching /opt/stack/neutron/neutron/common/ovn/hash_ring_manager.py:60}}
Jul 31 18:49:01 ubuntu neutron-server[138580]: DEBUG ovsdbapp.backend.ovs_idl [None req-849fc234-6410-4d73-b056-41a267e84efa None None] Created schema index Address_Set.name {{(pid=138580) autocreate_indices /usr/local/lib/python3.8/dist-packages/ovsdbapp/backend/ovs_idl/__init__.py:104}}
Jul 31 18:49:01 ubuntu neutron-server[138580]: DEBUG ovsdbapp.backend.ovs_idl [None req-849fc234-6410-4d73-b056-41a267e84efa None None] Created schema index HA_Chassis_Group.name {{(pid=138580) autocreate_indices /usr/local/lib/python3.8/dist-packages/ovsdbapp/backend/ovs_idl/__init__.py:104}}
Jul 31 18:49:01 ubuntu neutron-server[138580]: DEBUG ovsdbapp.backend.ovs_idl [None req-849fc234-6410-4d73-b056-41a267e84efa None None] Created schema index IP_Multicast.datapath {{(pid=138580) autocreate_indices /usr/local/lib/python3.8/dist-packages/ovsdbapp/backend/ovs_idl/__init__.py:104}}
Jul 31 18:49:01 ubuntu neutron-server[138580]: DEBUG ovsdbapp.backend.ovs_idl [None req-849fc234-6410-4d73-b056-41a267e84efa None None] Created schema index Connection.target {{(pid=138580) autocreate_indices /usr/local/lib/python3.8/dist-packages/ovsdbapp/backend/ovs_idl/__init__.py:104}}
Jul 31 18:49:01 ubuntu neutron-server[138580]: DEBUG ovsdbapp.backend.ovs_idl [None req-849fc234-6410-4d73-b056-41a267e84efa None None] Created schema index Gateway_Chassis.name {{(pid=138580) autocreate_indices /usr/local/lib/python3.8/dist-packages/ovsdbapp/backend/ovs_idl/__init__.py:104}}
Jul 31 18:49:01 ubuntu neutron-server[138580]: DEBUG ovsdbapp.backend.ovs_idl [None req-849fc234-6410-4d73-b056-41a267e84efa None None] Created schema index Port_Group.name {{(pid=138580) autocreate_indices /usr/local/lib/python3.8/dist-packages/ovsdbapp/backend/ovs_idl/__init__.py:104}}
Jul 31 18:49:01 ubuntu neutron-server[138580]: DEBUG ovsdbapp.backend.ovs_idl [None req-849fc234-6410-4d73-b056-41a267e84efa None None] Created schema index Datapath_Binding.tunnel_key {{(pid=138580) autocreate_indices /usr/local/lib/python3.8/dist-packages/ovsdbapp/backend/ovs_idl/__init__.py:104}}
Jul 31 18:49:01 ubuntu neutron-server[138784]: DEBUG neutron.plugins.ml2.drivers.ovn.mech_driver.ovsdb.ovsdb_monitor [None req-aa4d7300-2464-4b04-bd67-cdcb2f377d02 None None] Hash Ring: Node 67cb4c0b-21bf-4e23-acd0-13a4382921ae (host: ubuntu) handling event "create" for row fca40cf5-a120-4606-a0ef-e34bfd0cf35a (table: Port_Group) {{(pid=138784) notify /opt/stack/neutron/neutron/plugins/ml2/drivers/ovn/mech_driver/ovsdb/ovsdb_monitor.py:743}}
Jul 31 18:49:01 ubuntu neutron-server[138784]: DEBUG neutron.plugins.ml2.drivers.ovn.mech_driver.ovsdb.ovsdb_monitor [None req-aa4d7300-2464-4b04-bd67-cdcb2f377d02 None None] Hash Ring: Node 67cb4c0b-21bf-4e23-acd0-13a4382921ae (host: ubuntu) handling event "create" for row 6a825b9c-ec77-4c49-a20c-434f6af4fbe4 (table: NB_Global) {{(pid=138784) notify /opt/stack/neutron/neutron/plugins/ml2/drivers/ovn/mech_driver/ovsdb/ovsdb_monitor.py:743}}
Jul 31 18:49:01 ubuntu neutron-server[138784]: DEBUG neutron.plugins.ml2.drivers.ovn.mech_driver.ovsdb.ovsdb_monitor [None req-aa4d7300-2464-4b04-bd67-cdcb2f377d02 None None] Hash Ring: Node 67cb4c0b-21bf-4e23-acd0-13a4382921ae (host: ubuntu) handling event "create" for row 8925adfd-ae16-434d-b4fd-34fed478a41e (table: ACL) {{(pid=138784) notify /opt/stack/neutron/neutron/plugins/ml2/drivers/ovn/mech_driver/ovsdb/ovsdb_monitor.py:743}}
Jul 31 18:49:01 ubuntu neutron-server[138784]: DEBUG neutron.plugins.ml2.drivers.ovn.mech_driver.ovsdb.ovsdb_monitor [None req-aa4d7300-2464-4b04-bd67-cdcb2f377d02 None None] Hash Ring: Node 67cb4c0b-21bf-4e23-acd0-13a4382921ae (host: ubuntu) handling event "create" for row d8ce54e1-fa6e-4325-950a-82e94d2b16cb (table: Connection) {{(pid=138784) notify /opt/stack/neutron/neutron/plugins/ml2/drivers/ovn/mech_driver/ovsdb/ovsdb_monitor.py:743}}
Jul 31 18:49:01 ubuntu neutron-server[138784]: INFO neutron.plugins.ml2.drivers.ovn.mech_driver.ovsdb.impl_idl_ovn [None req-aa4d7300-2464-4b04-bd67-cdcb2f377d02 None None] Getting OvsdbSbOvnIdl for WorkerService with retry
Jul 31 18:49:01 ubuntu neutron-server[138784]: DEBUG ovsdbapp.backend.ovs_idl [None req-aa4d7300-2464-4b04-bd67-cdcb2f377d02 None None] Created lookup_table index Chassis.name {{(pid=138784) autocreate_indices /usr/local/lib/python3.8/dist-packages/ovsdbapp/backend/ovs_idl/__init__.py:85}}
Jul 31 18:49:01 ubuntu neutron-server[138784]: DEBUG ovsdbapp.backend.ovs_idl [None req-aa4d7300-2464-4b04-bd67-cdcb2f377d02 None None] Created schema index Datapath_Binding.tunnel_key {{(pid=138784) autocreate_indices /usr/local/lib/python3.8/dist-packages/ovsdbapp/backend/ovs_idl/__init__.py:104}}
Jul 31 18:49:01 ubuntu neutron-server[138784]: DEBUG ovsdbapp.backend.ovs_idl [None req-aa4d7300-2464-4b04-bd67-cdcb2f377d02 None None] Created schema index Connection.target {{(pid=138784) autocreate_indices /usr/local/lib/python3.8/dist-packages/ovsdbapp/backend/ovs_idl/__init__.py:104}}
Jul 31 18:49:01 ubuntu neutron-server[138784]: INFO ovsdbapp.backend.ovs_idl.vlog [None req-aa4d7300-2464-4b04-bd67-cdcb2f377d02 None None] tcp:192.168.79.37:6642: connecting...
Jul 31 18:49:01 ubuntu neutron-server[138784]: INFO ovsdbapp.backend.ovs_idl.vlog [None req-aa4d7300-2464-4b04-bd67-cdcb2f377d02 None None] tcp:192.168.79.37:6642: connected
Jul 31 18:49:01 ubuntu neutron-server[138783]: DEBUG neutron.common.ovn.hash_ring_manager [None req-5351bd43-5005-43c3-a9a2-6fe7745d9630 None None] Allow caching, nodes 2>=2 {{(pid=138783) _wait_startup_before_caching /opt/stack/neutron/neutron/common/ovn/hash_ring_manager.py:60}}
Jul 31 18:49:01 ubuntu neutron-server[138784]: DEBUG neutron.common.ovn.hash_ring_manager [None req-aa4d7300-2464-4b04-bd67-cdcb2f377d02 None None] Allow caching, nodes 2>=2 {{(pid=138784) _wait_startup_before_caching /opt/stack/neutron/neutron/common/ovn/hash_ring_manager.py:60}}
Jul 31 18:49:01 ubuntu neutron-server[138783]: DEBUG neutron.plugins.ml2.drivers.ovn.mech_driver.ovsdb.ovsdb_monitor [None req-5351bd43-5005-43c3-a9a2-6fe7745d9630 None None] Hash Ring: Node 806868cc-858e-4ac5-bf31-9188ccc8c412 (host: ubuntu) handling event "create" for row 09326f92-38a9-44f4-99b9-01aee4536c2d (table: Database) {{(pid=138783) notify /opt/stack/neutron/neutron/plugins/ml2/drivers/ovn/mech_driver/ovsdb/ovsdb_monitor.py:743}}
Jul 31 18:49:01 ubuntu neutron-server[138783]: DEBUG neutron.plugins.ml2.drivers.ovn.mech_driver.ovsdb.ovsdb_monitor [None req-5351bd43-5005-43c3-a9a2-6fe7745d9630 None None] Hash Ring: Node 806868cc-858e-4ac5-bf31-9188ccc8c412 (host: ubuntu) handling event "create" for row 1c29f4cd-27e5-470f-a431-383c01483b3b (table: Database) {{(pid=138783) notify /opt/stack/neutron/neutron/plugins/ml2/drivers/ovn/mech_driver/ovsdb/ovsdb_monitor.py:743}}
Jul 31 18:49:01 ubuntu neutron-server[138783]: DEBUG neutron.plugins.ml2.drivers.ovn.mech_driver.ovsdb.ovsdb_monitor [None req-5351bd43-5005-43c3-a9a2-6fe7745d9630 None None] Hash Ring: Node 806868cc-858e-4ac5-bf31-9188ccc8c412 (host: ubuntu) handling event "create" for row b2fe6297-0913-47ae-a770-f37b5022af98 (table: ACL) {{(pid=138783) notify /opt/stack/neutron/neutron/plugins/ml2/drivers/ovn/mech_driver/ovsdb/ovsdb_monitor.py:743}}
Jul 31 18:49:01 ubuntu neutron-server[138784]: DEBUG neutron.plugins.ml2.drivers.ovn.mech_driver.ovsdb.ovsdb_monitor [None req-aa4d7300-2464-4b04-bd67-cdcb2f377d02 None None] Hash Ring: Node 67cb4c0b-21bf-4e23-acd0-13a4382921ae (host: ubuntu) handling event "create" for row aed1e7a1-a486-4010-a899-f614f905ebb7 (table: Encap) {{(pid=138784) notify /opt/stack/neutron/neutron/plugins/ml2/drivers/ovn/mech_driver/ovsdb/ovsdb_monitor.py:743}}
Jul 31 18:49:01 ubuntu neutron-server[138783]: INFO neutron.plugins.ml2.drivers.ovn.mech_driver.ovsdb.impl_idl_ovn [None req-5351bd43-5005-43c3-a9a2-6fe7745d9630 None None] Getting OvsdbSbOvnIdl for WorkerService with retry
Jul 31 18:49:01 ubuntu neutron-server[138784]: DEBUG neutron.plugins.ml2.drivers.ovn.mech_driver.ovsdb.ovsdb_monitor [None req-aa4d7300-2464-4b04-bd67-cdcb2f377d02 None None] ChassisMetadataAgentWriteEvent : Matched Chassis, create, None None {{(pid=138784) matches /opt/stack/neutron/neutron/plugins/ml2/drivers/ovn/mech_driver/ovsdb/ovsdb_monitor.py:62}}
Jul 31 18:49:01 ubuntu neutron-server[138784]: DEBUG neutron.plugins.ml2.drivers.ovn.mech_driver.ovsdb.ovsdb_monitor [None req-aa4d7300-2464-4b04-bd67-cdcb2f377d02 None None] ChassisAgentWriteEvent : Matched Chassis, create, None None {{(pid=138784) matches /opt/stack/neutron/neutron/plugins/ml2/drivers/ovn/mech_driver/ovsdb/ovsdb_monitor.py:62}}
Jul 31 18:49:01 ubuntu neutron-server[138580]: INFO oslo_service.service [None req-849fc234-6410-4d73-b056-41a267e84efa None None] Starting 1 workers
Jul 31 18:49:01 ubuntu neutron-server[138784]: INFO neutron.wsgi [-] (138784) wsgi starting up on http://0.0.0.0:9696
Jul 31 18:49:01 ubuntu neutron-server[138783]: DEBUG ovsdbapp.backend.ovs_idl [None req-5351bd43-5005-43c3-a9a2-6fe7745d9630 None None] Created lookup_table index Chassis.name {{(pid=138783) autocreate_indices /usr/local/lib/python3.8/dist-packages/ovsdbapp/backend/ovs_idl/__init__.py:85}}
Jul 31 18:49:01 ubuntu neutron-server[138783]: DEBUG ovsdbapp.backend.ovs_idl [None req-5351bd43-5005-43c3-a9a2-6fe7745d9630 None None] Created schema index Datapath_Binding.tunnel_key {{(pid=138783) autocreate_indices /usr/local/lib/python3.8/dist-packages/ovsdbapp/backend/ovs_idl/__init__.py:104}}
Jul 31 18:49:01 ubuntu neutron-server[138783]: DEBUG ovsdbapp.backend.ovs_idl [None req-5351bd43-5005-43c3-a9a2-6fe7745d9630 None None] Created schema index Connection.target {{(pid=138783) autocreate_indices /usr/local/lib/python3.8/dist-packages/ovsdbapp/backend/ovs_idl/__init__.py:104}}
Jul 31 18:49:01 ubuntu neutron-server[138783]: INFO ovsdbapp.backend.ovs_idl.vlog [None req-5351bd43-5005-43c3-a9a2-6fe7745d9630 None None] tcp:192.168.79.37:6642: connecting...
Jul 31 18:49:01 ubuntu neutron-server[138783]: INFO ovsdbapp.backend.ovs_idl.vlog [None req-5351bd43-5005-43c3-a9a2-6fe7745d9630 None None] tcp:192.168.79.37:6642: connected
Jul 31 18:49:01 ubuntu neutron-server[138580]: DEBUG oslo_service.service [None req-849fc234-6410-4d73-b056-41a267e84efa None None] Started child 138788 {{(pid=138580) _start_child /usr/local/lib/python3.8/dist-packages/oslo_service/service.py:575}}
Jul 31 18:49:01 ubuntu neutron-server[138580]: INFO oslo_service.service [None req-849fc234-6410-4d73-b056-41a267e84efa None None] Starting 1 workers
Jul 31 18:49:01 ubuntu neutron-server[138580]: DEBUG oslo_service.service [None req-849fc234-6410-4d73-b056-41a267e84efa None None] Started child 138789 {{(pid=138580) _start_child /usr/local/lib/python3.8/dist-packages/oslo_service/service.py:575}}
Jul 31 18:49:01 ubuntu neutron-server[138580]: INFO oslo_service.service [None req-849fc234-6410-4d73-b056-41a267e84efa None None] Starting 1 workers
Jul 31 18:49:01 ubuntu neutron-server[138788]: DEBUG neutron.service [None req-849fc234-6410-4d73-b056-41a267e84efa None None] calling RpcWorker wait() {{(pid=138788) _wait /opt/stack/neutron/neutron/service.py:128}}
Jul 31 18:49:01 ubuntu neutron-server[138788]: DEBUG neutron.service [None req-849fc234-6410-4d73-b056-41a267e84efa None None] returning from RpcWorker wait() {{(pid=138788) _wait /opt/stack/neutron/neutron/service.py:135}}
Jul 31 18:49:01 ubuntu neutron-server[138788]: DEBUG neutron_lib.callbacks.manager [-] Publish callbacks ['neutron.plugins.ml2.drivers.ovn.mech_driver.mech_driver.OVNMechanismDriver.post_fork_initialize-585855'] for process (None), after_init {{(pid=138788) _notify_loop /usr/local/lib/python3.8/dist-packages/neutron_lib/callbacks/manager.py:176}}
Jul 31 18:49:01 ubuntu neutron-server[138580]: DEBUG oslo_service.service [None req-849fc234-6410-4d73-b056-41a267e84efa None None] Started child 138790 {{(pid=138580) _start_child /usr/local/lib/python3.8/dist-packages/oslo_service/service.py:575}}
Jul 31 18:49:01 ubuntu neutron-server[138788]: INFO neutron.plugins.ml2.drivers.ovn.mech_driver.ovsdb.impl_idl_ovn [-] Getting OvsdbNbOvnIdl for RpcWorker with retry
Jul 31 18:49:01 ubuntu neutron-server[138580]: DEBUG neutron_lib.callbacks.manager [None req-849fc234-6410-4d73-b056-41a267e84efa None None] Publish callbacks [] for process (None), after_spawn {{(pid=138580) _notify_loop /usr/local/lib/python3.8/dist-packages/neutron_lib/callbacks/manager.py:176}}
Jul 31 18:49:01 ubuntu neutron-server[138580]: DEBUG oslo_service.service [-] Full set of CONF: {{(pid=138580) wait /usr/local/lib/python3.8/dist-packages/oslo_service/service.py:649}}
Jul 31 18:49:01 ubuntu neutron-server[138580]: DEBUG oslo_service.service [-] ******************************************************************************** {{(pid=138580) log_opt_values /usr/local/lib/python3.8/dist-packages/oslo_config/cfg.py:2589}}
Jul 31 18:49:01 ubuntu neutron-server[138580]: DEBUG oslo_service.service [-] Configuration options gathered from: {{(pid=138580) log_opt_values /usr/local/lib/python3.8/dist-packages/oslo_config/cfg.py:2590}}
Jul 31 18:49:01 ubuntu neutron-server[138580]: DEBUG oslo_service.service [-] command line args: ['--config-file', '/etc/neutron/neutron.conf', '--config-file', '/etc/neutron/plugins/ml2/ml2_conf.ini'] {{(pid=138580) log_opt_values /usr/local/lib/python3.8/dist-packages/oslo_config/cfg.py:2591}}
Jul 31 18:49:01 ubuntu neutron-server[138580]: DEBUG oslo_service.service [-] config files: ['/etc/neutron/neutron.conf', '/etc/neutron/plugins/ml2/ml2_conf.ini'] {{(pid=138580) log_opt_values /usr/local/lib/python3.8/dist-packages/oslo_config/cfg.py:2592}}
Jul 31 18:49:01 ubuntu neutron-server[138580]: DEBUG oslo_service.service [-] ================================================================================ {{(pid=138580) log_opt_values /usr/local/lib/python3.8/dist-packages/oslo_config/cfg.py:2594}}
Jul 31 18:49:01 ubuntu neutron-server[138580]: DEBUG oslo_service.service [-] agent_down_time                = 75 {{(pid=138580) log_opt_values /usr/local/lib/python3.8/dist-packages/oslo_config/cfg.py:2602}}
Jul 31 18:49:01 ubuntu neutron-server[138580]: DEBUG oslo_service.service [-] allow_automatic_dhcp_failover  = True {{(pid=138580) log_opt_values /usr/local/lib/python3.8/dist-packages/oslo_config/cfg.py:2602}}
Jul 31 18:49:01 ubuntu neutron-server[138580]: DEBUG oslo_service.service [-] allow_bulk                     = True {{(pid=138580) log_opt_values /usr/local/lib/python3.8/dist-packages/oslo_config/cfg.py:2602}}
Jul 31 18:49:01 ubuntu neutron-server[138580]: DEBUG oslo_service.service [-] allowed_conntrack_helpers      = [{'amanda': 'tcp'}, {'ftp': 'tcp'}, {'h323': 'udp'}, {'h323': 'tcp'}, {'irc': 'tcp'}, {'netbios-ns': 'udp'}, {'pptp': 'tcp'}, {'sane': 'tcp'}, {'sip': 'udp'}, {'sip': 'tcp'}, {'snmp': 'udp'}, {'tftp': 'udp'}] {{(pid=138580) log_opt_values /usr/local/lib/python3.8/dist-packages/oslo_config/cfg.py:2602}}
