Jun 16 22:57:47 ubuntu neutron-server[118713]: DEBUG neutron.api.extensions [None req-f020d019-3c55-4cc9-98f4-bbfb01e63bd5 None None] Loading extension file: trunk_details.py {{(pid=118713) _load_all_extensions_from_path /opt/stack/neutron/neutron/api/extensions.py:450}}
Jun 16 22:57:47 ubuntu neutron-server[118713]: DEBUG neutron.api.extensions [None req-f020d019-3c55-4cc9-98f4-bbfb01e63bd5 None None] Ext name="Trunk port details" alias="trunk-details" description="Expose trunk port details" updated="2016-01-01T10:00:00-00:00" {{(pid=118713) _check_extension /opt/stack/neutron/neutron/api/extensions.py:416}}
Jun 16 22:57:47 ubuntu neutron-server[118713]: INFO neutron.api.extensions [None req-f020d019-3c55-4cc9-98f4-bbfb01e63bd5 None None] Extension trunk-details not supported by any of loaded plugins
Jun 16 22:57:47 ubuntu neutron-server[118713]: DEBUG neutron.api.extensions [None req-f020d019-3c55-4cc9-98f4-bbfb01e63bd5 None None] Loading extension file: uplink_status_propagation.py {{(pid=118713) _load_all_extensions_from_path /opt/stack/neutron/neutron/api/extensions.py:450}}
Jun 16 22:57:47 ubuntu neutron-server[118713]: DEBUG neutron.api.extensions [None req-f020d019-3c55-4cc9-98f4-bbfb01e63bd5 None None] Ext name="Uplink status propagation extension" alias="uplink-status-propagation" description="Provides ability to propagate port uplink status." updated="2018-05-31T18:00:00-00:00" {{(pid=118713) _check_extension /opt/stack/neutron/neutron/api/extensions.py:416}}
Jun 16 22:57:47 ubuntu neutron-server[118713]: INFO neutron.api.extensions [None req-f020d019-3c55-4cc9-98f4-bbfb01e63bd5 None None] Extension uplink-status-propagation not supported by any of loaded plugins
Jun 16 22:57:47 ubuntu neutron-server[118713]: DEBUG neutron.api.extensions [None req-f020d019-3c55-4cc9-98f4-bbfb01e63bd5 None None] Loading extension file: vlantransparent.py {{(pid=118713) _load_all_extensions_from_path /opt/stack/neutron/neutron/api/extensions.py:450}}
Jun 16 22:57:47 ubuntu neutron-server[118713]: DEBUG neutron.api.extensions [None req-f020d019-3c55-4cc9-98f4-bbfb01e63bd5 None None] Ext name="Vlantransparent" alias="vlan-transparent" description="Provides Vlan Transparent Networks" updated="2015-03-23T09:00:00-00:00" {{(pid=118713) _check_extension /opt/stack/neutron/neutron/api/extensions.py:416}}
Jun 16 22:57:47 ubuntu neutron-server[118713]: INFO neutron.api.extensions [None req-f020d019-3c55-4cc9-98f4-bbfb01e63bd5 None None] Extension vlan-transparent not supported by any of loaded plugins
Jun 16 22:57:47 ubuntu neutron-server[118713]: INFO neutron.quota.resource_registry [None req-f020d019-3c55-4cc9-98f4-bbfb01e63bd5 None None] Creating instance of TrackedResource for resource:network
Jun 16 22:57:47 ubuntu neutron-server[118713]: INFO neutron.quota.resource_registry [None req-f020d019-3c55-4cc9-98f4-bbfb01e63bd5 None None] Creating instance of TrackedResource for resource:subnet
Jun 16 22:57:47 ubuntu neutron-server[118713]: INFO neutron.quota.resource_registry [None req-f020d019-3c55-4cc9-98f4-bbfb01e63bd5 None None] Creating instance of TrackedResource for resource:subnetpool
Jun 16 22:57:47 ubuntu neutron-server[118713]: INFO neutron.quota.resource_registry [None req-f020d019-3c55-4cc9-98f4-bbfb01e63bd5 None None] Creating instance of TrackedResource for resource:port
Jun 16 22:57:47 ubuntu neutron-server[118713]: DEBUG neutron.api.v2.resource_helper [None req-f020d019-3c55-4cc9-98f4-bbfb01e63bd5 None None] Service FLAVORS assigned prefix:  {{(pid=118713) build_resource_info /opt/stack/neutron/neutron/api/v2/resource_helper.py:77}}
Jun 16 22:57:47 ubuntu neutron-server[118713]: DEBUG neutron.api.v2.resource_helper [None req-f020d019-3c55-4cc9-98f4-bbfb01e63bd5 None None] Service L3_ROUTER_NAT assigned prefix:  {{(pid=118713) build_resource_info /opt/stack/neutron/neutron/api/v2/resource_helper.py:77}}
Jun 16 22:57:47 ubuntu neutron-server[118713]: DEBUG neutron.api.v2.resource_helper [None req-f020d019-3c55-4cc9-98f4-bbfb01e63bd5 None None] Service L3_ROUTER_NAT assigned prefix:  {{(pid=118713) build_resource_info /opt/stack/neutron/neutron/api/v2/resource_helper.py:77}}
Jun 16 22:57:47 ubuntu neutron-server[118713]: INFO neutron.quota.resource_registry [None req-f020d019-3c55-4cc9-98f4-bbfb01e63bd5 None None] Creating instance of TrackedResource for resource:router
Jun 16 22:57:47 ubuntu neutron-server[118713]: INFO neutron.quota.resource_registry [None req-f020d019-3c55-4cc9-98f4-bbfb01e63bd5 None None] Creating instance of TrackedResource for resource:floatingip
Jun 16 22:57:47 ubuntu neutron-server[118713]: DEBUG neutron_lib.callbacks.manager [None req-f020d019-3c55-4cc9-98f4-bbfb01e63bd5 None None] Subscribe: <bound method NeutronDbPluginV2.validate_network_rbac_policy_change of <neutron.services.network_ip_availability.plugin.NetworkIPAvailabilityPlugin object at 0x7fbd221537c0>> rbac-policy before_create 55550000 {{(pid=118713) subscribe /usr/local/lib/python3.8/dist-packages/neutron_lib/callbacks/manager.py:45}}
Jun 16 22:57:47 ubuntu neutron-server[118713]: DEBUG neutron_lib.callbacks.manager [None req-f020d019-3c55-4cc9-98f4-bbfb01e63bd5 None None] Subscribe: <bound method NeutronDbPluginV2.validate_network_rbac_policy_change of <neutron.services.network_ip_availability.plugin.NetworkIPAvailabilityPlugin object at 0x7fbd221537c0>> rbac-policy before_update 55550000 {{(pid=118713) subscribe /usr/local/lib/python3.8/dist-packages/neutron_lib/callbacks/manager.py:45}}
Jun 16 22:57:47 ubuntu neutron-server[118713]: DEBUG neutron_lib.callbacks.manager [None req-f020d019-3c55-4cc9-98f4-bbfb01e63bd5 None None] Subscribe: <bound method NeutronDbPluginV2.validate_network_rbac_policy_change of <neutron.services.network_ip_availability.plugin.NetworkIPAvailabilityPlugin object at 0x7fbd221537c0>> rbac-policy before_delete 55550000 {{(pid=118713) subscribe /usr/local/lib/python3.8/dist-packages/neutron_lib/callbacks/manager.py:45}}
Jun 16 22:57:47 ubuntu neutron-server[118713]: INFO neutron.quota.resource_registry [None req-f020d019-3c55-4cc9-98f4-bbfb01e63bd5 None None] Creating instance of CountableResource for resource:rbac_policy
Jun 16 22:57:47 ubuntu neutron-server[118713]: INFO neutron.quota.resource_registry [None req-f020d019-3c55-4cc9-98f4-bbfb01e63bd5 None None] Creating instance of TrackedResource for resource:security_group
Jun 16 22:57:47 ubuntu neutron-server[118713]: INFO neutron.quota.resource_registry [None req-f020d019-3c55-4cc9-98f4-bbfb01e63bd5 None None] Creating instance of TrackedResource for resource:security_group_rule
Jun 16 22:57:47 ubuntu neutron-server[118713]: DEBUG neutron.api.v2.resource_helper [None req-f020d019-3c55-4cc9-98f4-bbfb01e63bd5 None None] Service FLAVORS assigned prefix:  {{(pid=118713) build_resource_info /opt/stack/neutron/neutron/api/v2/resource_helper.py:77}}
Jun 16 22:57:47 ubuntu neutron-server[118713]: DEBUG neutron.api.v2.resource_helper [None req-f020d019-3c55-4cc9-98f4-bbfb01e63bd5 None None] Service L3_ROUTER_NAT assigned prefix:  {{(pid=118713) build_resource_info /opt/stack/neutron/neutron/api/v2/resource_helper.py:77}}
Jun 16 22:57:47 ubuntu neutron-server[118713]: DEBUG neutron.api.v2.resource_helper [None req-f020d019-3c55-4cc9-98f4-bbfb01e63bd5 None None] Service L3_ROUTER_NAT assigned prefix:  {{(pid=118713) build_resource_info /opt/stack/neutron/neutron/api/v2/resource_helper.py:77}}
Jun 16 22:57:47 ubuntu neutron-server[118713]: INFO neutron.quota.resource_registry [None req-f020d019-3c55-4cc9-98f4-bbfb01e63bd5 None None] Creating instance of TrackedResource for resource:router
Jun 16 22:57:47 ubuntu neutron-server[118713]: WARNING neutron.quota.resource_registry [None req-f020d019-3c55-4cc9-98f4-bbfb01e63bd5 None None] router is already registered
Jun 16 22:57:47 ubuntu neutron-server[118713]: INFO neutron.quota.resource_registry [None req-f020d019-3c55-4cc9-98f4-bbfb01e63bd5 None None] Creating instance of TrackedResource for resource:floatingip
Jun 16 22:57:47 ubuntu neutron-server[118713]: WARNING neutron.quota.resource_registry [None req-f020d019-3c55-4cc9-98f4-bbfb01e63bd5 None None] floatingip is already registered
Jun 16 22:57:47 ubuntu neutron-server[118713]: INFO neutron.quota.resource_registry [None req-f020d019-3c55-4cc9-98f4-bbfb01e63bd5 None None] Creating instance of CountableResource for resource:rbac_policy
Jun 16 22:57:47 ubuntu neutron-server[118713]: WARNING neutron.quota.resource_registry [None req-f020d019-3c55-4cc9-98f4-bbfb01e63bd5 None None] rbac_policy is already registered
Jun 16 22:57:47 ubuntu neutron-server[118713]: INFO neutron.quota.resource_registry [None req-f020d019-3c55-4cc9-98f4-bbfb01e63bd5 None None] Creating instance of TrackedResource for resource:security_group
Jun 16 22:57:47 ubuntu neutron-server[118713]: WARNING neutron.quota.resource_registry [None req-f020d019-3c55-4cc9-98f4-bbfb01e63bd5 None None] security_group is already registered
Jun 16 22:57:47 ubuntu neutron-server[118713]: INFO neutron.quota.resource_registry [None req-f020d019-3c55-4cc9-98f4-bbfb01e63bd5 None None] Creating instance of TrackedResource for resource:security_group_rule
Jun 16 22:57:47 ubuntu neutron-server[118713]: WARNING neutron.quota.resource_registry [None req-f020d019-3c55-4cc9-98f4-bbfb01e63bd5 None None] security_group_rule is already registered
Jun 16 22:57:47 ubuntu neutron-server[118713]: DEBUG neutron.api.extensions [None req-f020d019-3c55-4cc9-98f4-bbfb01e63bd5 None None] Extended resource: extensions {{(pid=118713) __init__ /opt/stack/neutron/neutron/api/extensions.py:157}}
Jun 16 22:57:47 ubuntu neutron-server[118713]: DEBUG neutron.api.extensions [None req-f020d019-3c55-4cc9-98f4-bbfb01e63bd5 None None] Extended resource: address-groups {{(pid=118713) __init__ /opt/stack/neutron/neutron/api/extensions.py:157}}
Jun 16 22:57:47 ubuntu neutron-server[118713]: DEBUG neutron.api.extensions [None req-f020d019-3c55-4cc9-98f4-bbfb01e63bd5 None None] Extended resource: address-scopes {{(pid=118713) __init__ /opt/stack/neutron/neutron/api/extensions.py:157}}
Jun 16 22:57:47 ubuntu neutron-server[118713]: DEBUG neutron.api.extensions [None req-f020d019-3c55-4cc9-98f4-bbfb01e63bd5 None None] Extended resource: agents {{(pid=118713) __init__ /opt/stack/neutron/neutron/api/extensions.py:157}}
Jun 16 22:57:47 ubuntu neutron-server[118713]: DEBUG neutron.api.extensions [None req-f020d019-3c55-4cc9-98f4-bbfb01e63bd5 None None] Extended resource: auto-allocated-topology {{(pid=118713) __init__ /opt/stack/neutron/neutron/api/extensions.py:157}}
Jun 16 22:57:47 ubuntu neutron-server[118713]: DEBUG neutron.api.extensions [None req-f020d019-3c55-4cc9-98f4-bbfb01e63bd5 None None] Extended resource: availability_zones {{(pid=118713) __init__ /opt/stack/neutron/neutron/api/extensions.py:157}}
Jun 16 22:57:47 ubuntu neutron-server[118713]: DEBUG neutron.api.extensions [None req-f020d019-3c55-4cc9-98f4-bbfb01e63bd5 None None] Extended resource: flavors {{(pid=118713) __init__ /opt/stack/neutron/neutron/api/extensions.py:157}}
Jun 16 22:57:47 ubuntu neutron-server[118713]: DEBUG neutron.api.extensions [None req-f020d019-3c55-4cc9-98f4-bbfb01e63bd5 None None] Extended resource: service_profiles {{(pid=118713) __init__ /opt/stack/neutron/neutron/api/extensions.py:157}}
Jun 16 22:57:47 ubuntu neutron-server[118713]: DEBUG neutron.api.extensions [None req-f020d019-3c55-4cc9-98f4-bbfb01e63bd5 None None] Extended resource: next_providers {{(pid=118713) __init__ /opt/stack/neutron/neutron/api/extensions.py:157}}
Jun 16 22:57:47 ubuntu neutron-server[118713]: DEBUG neutron.api.extensions [None req-f020d019-3c55-4cc9-98f4-bbfb01e63bd5 None None] Extended resource: service_profiles {{(pid=118713) __init__ /opt/stack/neutron/neutron/api/extensions.py:157}}
Jun 16 22:57:47 ubuntu neutron-server[118713]: DEBUG neutron.api.extensions [None req-f020d019-3c55-4cc9-98f4-bbfb01e63bd5 None None] Extended resource: floatingip-pools {{(pid=118713) __init__ /opt/stack/neutron/neutron/api/extensions.py:157}}
Jun 16 22:57:47 ubuntu neutron-server[118713]: DEBUG neutron.api.extensions [None req-f020d019-3c55-4cc9-98f4-bbfb01e63bd5 None None] Extended resource: routers {{(pid=118713) __init__ /opt/stack/neutron/neutron/api/extensions.py:157}}
Jun 16 22:57:47 ubuntu neutron-server[118713]: DEBUG neutron.api.extensions [None req-f020d019-3c55-4cc9-98f4-bbfb01e63bd5 None None] Extended resource: floatingips {{(pid=118713) __init__ /opt/stack/neutron/neutron/api/extensions.py:157}}
Jun 16 22:57:47 ubuntu neutron-server[118713]: DEBUG neutron.api.extensions [None req-f020d019-3c55-4cc9-98f4-bbfb01e63bd5 None None] Extended resource: network-ip-availabilities {{(pid=118713) __init__ /opt/stack/neutron/neutron/api/extensions.py:157}}
Jun 16 22:57:47 ubuntu neutron-server[118713]: DEBUG neutron.api.extensions [None req-f020d019-3c55-4cc9-98f4-bbfb01e63bd5 None None] Extended resource: bindings {{(pid=118713) __init__ /opt/stack/neutron/neutron/api/extensions.py:157}}
Jun 16 22:57:47 ubuntu neutron-server[118713]: DEBUG neutron.api.extensions [None req-f020d019-3c55-4cc9-98f4-bbfb01e63bd5 None None] Extended resource: quotas {{(pid=118713) __init__ /opt/stack/neutron/neutron/api/extensions.py:157}}
Jun 16 22:57:47 ubuntu neutron-server[118713]: DEBUG neutron.api.extensions [None req-f020d019-3c55-4cc9-98f4-bbfb01e63bd5 None None] Extended resource: quotas {{(pid=118713) __init__ /opt/stack/neutron/neutron/api/extensions.py:157}}
Jun 16 22:57:47 ubuntu neutron-server[118713]: DEBUG neutron.api.extensions [None req-f020d019-3c55-4cc9-98f4-bbfb01e63bd5 None None] Extended resource: rbac-policies {{(pid=118713) __init__ /opt/stack/neutron/neutron/api/extensions.py:157}}
Jun 16 22:57:47 ubuntu neutron-server[118713]: DEBUG neutron.api.extensions [None req-f020d019-3c55-4cc9-98f4-bbfb01e63bd5 None None] Extended resource: security-groups {{(pid=118713) __init__ /opt/stack/neutron/neutron/api/extensions.py:157}}
Jun 16 22:57:47 ubuntu neutron-server[118713]: DEBUG neutron.api.extensions [None req-f020d019-3c55-4cc9-98f4-bbfb01e63bd5 None None] Extended resource: security-group-rules {{(pid=118713) __init__ /opt/stack/neutron/neutron/api/extensions.py:157}}
Jun 16 22:57:47 ubuntu neutron-server[118713]: DEBUG neutron.api.extensions [None req-f020d019-3c55-4cc9-98f4-bbfb01e63bd5 None None] Extended resource: service-providers {{(pid=118713) __init__ /opt/stack/neutron/neutron/api/extensions.py:157}}
Jun 16 22:57:47 ubuntu neutron-server[118713]: DEBUG neutron.api.extensions [None req-f020d019-3c55-4cc9-98f4-bbfb01e63bd5 None None] Extended resource: tags {{(pid=118713) __init__ /opt/stack/neutron/neutron/api/extensions.py:157}}
Jun 16 22:57:47 ubuntu neutron-server[118713]: DEBUG neutron.api.extensions [None req-f020d019-3c55-4cc9-98f4-bbfb01e63bd5 None None] Extended resource: tags {{(pid=118713) __init__ /opt/stack/neutron/neutron/api/extensions.py:157}}
Jun 16 22:57:47 ubuntu neutron-server[118713]: DEBUG neutron.api.extensions [None req-f020d019-3c55-4cc9-98f4-bbfb01e63bd5 None None] Extended resource: tags {{(pid=118713) __init__ /opt/stack/neutron/neutron/api/extensions.py:157}}
Jun 16 22:57:47 ubuntu neutron-server[118713]: DEBUG neutron.api.extensions [None req-f020d019-3c55-4cc9-98f4-bbfb01e63bd5 None None] Extended resource: tags {{(pid=118713) __init__ /opt/stack/neutron/neutron/api/extensions.py:157}}
Jun 16 22:57:47 ubuntu neutron-server[118713]: DEBUG neutron.api.extensions [None req-f020d019-3c55-4cc9-98f4-bbfb01e63bd5 None None] Extended resource: tags {{(pid=118713) __init__ /opt/stack/neutron/neutron/api/extensions.py:157}}
Jun 16 22:57:47 ubuntu neutron-server[118713]: DEBUG neutron.api.extensions [None req-f020d019-3c55-4cc9-98f4-bbfb01e63bd5 None None] Extended resource: tags {{(pid=118713) __init__ /opt/stack/neutron/neutron/api/extensions.py:157}}
Jun 16 22:57:47 ubuntu neutron-server[118713]: DEBUG neutron.api.extensions [None req-f020d019-3c55-4cc9-98f4-bbfb01e63bd5 None None] Extended resource: tags {{(pid=118713) __init__ /opt/stack/neutron/neutron/api/extensions.py:157}}
Jun 16 22:57:47 ubuntu neutron-server[118713]: DEBUG neutron.api.extensions [None req-f020d019-3c55-4cc9-98f4-bbfb01e63bd5 None None] Extended resource: tags {{(pid=118713) __init__ /opt/stack/neutron/neutron/api/extensions.py:157}}
Jun 16 22:57:47 ubuntu neutron-server[118713]: DEBUG neutron.api.extensions [None req-f020d019-3c55-4cc9-98f4-bbfb01e63bd5 None None] Extended resource: tags {{(pid=118713) __init__ /opt/stack/neutron/neutron/api/extensions.py:157}}
Jun 16 22:57:47 ubuntu neutron-server[118713]: DEBUG neutron.api.extensions [None req-f020d019-3c55-4cc9-98f4-bbfb01e63bd5 None None] Extended resource: tags {{(pid=118713) __init__ /opt/stack/neutron/neutron/api/extensions.py:157}}
Jun 16 22:57:47 ubuntu neutron-server[118713]: WARNING keystonemiddleware.auth_token [None req-f020d019-3c55-4cc9-98f4-bbfb01e63bd5 None None] AuthToken middleware is set with keystone_authtoken.service_token_roles_required set to False. This is backwards compatible but deprecated behaviour. Please set this to True.
Jun 16 22:57:47 ubuntu neutron-server[118713]: WARNING keystonemiddleware.auth_token [None req-f020d019-3c55-4cc9-98f4-bbfb01e63bd5 None None] Configuring www_authenticate_uri to point to the public identity endpoint is required; clients may not be able to authenticate against an admin endpoint
Jun 16 22:57:47 ubuntu neutron-server[118713]: DEBUG oslo_concurrency.lockutils [None req-f020d019-3c55-4cc9-98f4-bbfb01e63bd5 None None] Acquired lock "singleton_lock" {{(pid=118713) lock /usr/local/lib/python3.8/dist-packages/oslo_concurrency/lockutils.py:294}}
Jun 16 22:57:47 ubuntu neutron-server[118713]: DEBUG oslo_concurrency.lockutils [None req-f020d019-3c55-4cc9-98f4-bbfb01e63bd5 None None] Releasing lock "singleton_lock" {{(pid=118713) lock /usr/local/lib/python3.8/dist-packages/oslo_concurrency/lockutils.py:312}}
Jun 16 22:57:47 ubuntu neutron-server[118713]: INFO oslo_service.service [None req-f020d019-3c55-4cc9-98f4-bbfb01e63bd5 None None] Starting 2 workers
Jun 16 22:57:47 ubuntu neutron-server[118713]: DEBUG oslo_service.service [None req-f020d019-3c55-4cc9-98f4-bbfb01e63bd5 None None] Started child 118924 {{(pid=118713) _start_child /usr/local/lib/python3.8/dist-packages/oslo_service/service.py:575}}
Jun 16 22:57:47 ubuntu neutron-server[118713]: DEBUG oslo_service.service [None req-f020d019-3c55-4cc9-98f4-bbfb01e63bd5 None None] Started child 118925 {{(pid=118713) _start_child /usr/local/lib/python3.8/dist-packages/oslo_service/service.py:575}}
Jun 16 22:57:47 ubuntu neutron-server[118713]: INFO neutron.service [None req-f020d019-3c55-4cc9-98f4-bbfb01e63bd5 None None] Neutron service started, listening on 0.0.0.0:9696
Jun 16 22:57:47 ubuntu neutron-server[118713]: DEBUG neutron_lib.callbacks.manager [None req-f020d019-3c55-4cc9-98f4-bbfb01e63bd5 None None] Publish callbacks ['neutron.plugins.ml2.drivers.ovn.mech_driver.mech_driver.OVNMechanismDriver.pre_fork_initialize-3781676'] for process (None), before_spawn {{(pid=118713) _notify_loop /usr/local/lib/python3.8/dist-packages/neutron_lib/callbacks/manager.py:176}}
Jun 16 22:57:47 ubuntu neutron-server[118924]: DEBUG neutron_lib.callbacks.manager [-] Publish callbacks ['neutron.plugins.ml2.drivers.ovn.mech_driver.mech_driver.OVNMechanismDriver.post_fork_initialize-3781704'] for process (None), after_init {{(pid=118924) _notify_loop /usr/local/lib/python3.8/dist-packages/neutron_lib/callbacks/manager.py:176}}
Jun 16 22:57:47 ubuntu neutron-server[118925]: DEBUG neutron_lib.callbacks.manager [-] Publish callbacks ['neutron.plugins.ml2.drivers.ovn.mech_driver.mech_driver.OVNMechanismDriver.post_fork_initialize-3781704'] for process (None), after_init {{(pid=118925) _notify_loop /usr/local/lib/python3.8/dist-packages/neutron_lib/callbacks/manager.py:176}}
Jun 16 22:57:47 ubuntu neutron-server[118924]: DEBUG dbcounter [-] [118924] Writer thread running {{(pid=118924) stat_writer /usr/local/lib/python3.8/dist-packages/dbcounter.py:99}}
Jun 16 22:57:47 ubuntu neutron-server[118925]: DEBUG dbcounter [-] [118925] Writer thread running {{(pid=118925) stat_writer /usr/local/lib/python3.8/dist-packages/dbcounter.py:99}}
Jun 16 22:57:47 ubuntu neutron-server[118713]: DEBUG ovsdbapp.backend.ovs_idl [None req-f020d019-3c55-4cc9-98f4-bbfb01e63bd5 None None] Created schema index Port_Group.name {{(pid=118713) autocreate_indices /usr/local/lib/python3.8/dist-packages/ovsdbapp/backend/ovs_idl/__init__.py:104}}
Jun 16 22:57:47 ubuntu neutron-server[118713]: DEBUG ovsdbapp.backend.ovs_idl [None req-f020d019-3c55-4cc9-98f4-bbfb01e63bd5 None None] Created schema index Logical_Switch_Port.name {{(pid=118713) autocreate_indices /usr/local/lib/python3.8/dist-packages/ovsdbapp/backend/ovs_idl/__init__.py:104}}
Jun 16 22:57:47 ubuntu neutron-server[118924]: INFO neutron.plugins.ml2.drivers.ovn.mech_driver.ovsdb.impl_idl_ovn [None req-76306a70-a16a-4fcd-9017-b7f57c7a2680 None None] Getting OvsdbNbOvnIdl for WorkerService with retry
Jun 16 22:57:47 ubuntu neutron-server[118925]: INFO neutron.plugins.ml2.drivers.ovn.mech_driver.ovsdb.impl_idl_ovn [None req-88404663-c44b-47af-8043-b170a2654957 None None] Getting OvsdbNbOvnIdl for WorkerService with retry
Jun 16 22:57:47 ubuntu neutron-server[118713]: DEBUG ovsdbapp.backend.ovs_idl.transaction [-] Running txn n=1 command(idx=0): PgAddCommand(name=neutron_pg_drop, may_exist=True, columns={'acls': []}) {{(pid=118713) do_commit /usr/local/lib/python3.8/dist-packages/ovsdbapp/backend/ovs_idl/transaction.py:90}}
Jun 16 22:57:47 ubuntu neutron-server[118924]: DEBUG ovsdbapp.backend.ovs_idl [None req-76306a70-a16a-4fcd-9017-b7f57c7a2680 None None] Created lookup_table index Logical_Switch.name {{(pid=118924) autocreate_indices /usr/local/lib/python3.8/dist-packages/ovsdbapp/backend/ovs_idl/__init__.py:85}}
Jun 16 22:57:47 ubuntu neutron-server[118924]: DEBUG ovsdbapp.backend.ovs_idl [None req-76306a70-a16a-4fcd-9017-b7f57c7a2680 None None] Created lookup_table index Logical_Router.name {{(pid=118924) autocreate_indices /usr/local/lib/python3.8/dist-packages/ovsdbapp/backend/ovs_idl/__init__.py:85}}
Jun 16 22:57:47 ubuntu neutron-server[118924]: DEBUG ovsdbapp.backend.ovs_idl [None req-76306a70-a16a-4fcd-9017-b7f57c7a2680 None None] Created lookup_table index Load_Balancer.name {{(pid=118924) autocreate_indices /usr/local/lib/python3.8/dist-packages/ovsdbapp/backend/ovs_idl/__init__.py:85}}
Jun 16 22:57:47 ubuntu neutron-server[118924]: DEBUG ovsdbapp.backend.ovs_idl [None req-76306a70-a16a-4fcd-9017-b7f57c7a2680 None None] Created schema index Meter.name {{(pid=118924) autocreate_indices /usr/local/lib/python3.8/dist-packages/ovsdbapp/backend/ovs_idl/__init__.py:104}}
Jun 16 22:57:47 ubuntu neutron-server[118713]: DEBUG ovsdbapp.backend.ovs_idl.transaction [-] Running txn n=1 command(idx=1): PgAclAddCommand(entity=neutron_pg_drop, direction=from-lport, priority=1001, match=inport == @neutron_pg_drop && ip, action=drop, log=False, may_exist=True, severity=[], name=[], meter=None, external_ids={}) {{(pid=118713) do_commit /usr/local/lib/python3.8/dist-packages/ovsdbapp/backend/ovs_idl/transaction.py:90}}
Jun 16 22:57:47 ubuntu neutron-server[118924]: DEBUG ovsdbapp.backend.ovs_idl [None req-76306a70-a16a-4fcd-9017-b7f57c7a2680 None None] Created schema index Address_Set.name {{(pid=118924) autocreate_indices /usr/local/lib/python3.8/dist-packages/ovsdbapp/backend/ovs_idl/__init__.py:104}}
Jun 16 22:57:47 ubuntu neutron-server[118924]: DEBUG ovsdbapp.backend.ovs_idl [None req-76306a70-a16a-4fcd-9017-b7f57c7a2680 None None] Created schema index HA_Chassis_Group.name {{(pid=118924) autocreate_indices /usr/local/lib/python3.8/dist-packages/ovsdbapp/backend/ovs_idl/__init__.py:104}}
Jun 16 22:57:47 ubuntu neutron-server[118924]: DEBUG ovsdbapp.backend.ovs_idl [None req-76306a70-a16a-4fcd-9017-b7f57c7a2680 None None] Created schema index Connection.target {{(pid=118924) autocreate_indices /usr/local/lib/python3.8/dist-packages/ovsdbapp/backend/ovs_idl/__init__.py:104}}
Jun 16 22:57:47 ubuntu neutron-server[118713]: DEBUG ovsdbapp.backend.ovs_idl.transaction [-] Running txn n=1 command(idx=2): PgAclAddCommand(entity=neutron_pg_drop, direction=to-lport, priority=1001, match=outport == @neutron_pg_drop && ip, action=drop, log=False, may_exist=True, severity=[], name=[], meter=None, external_ids={}) {{(pid=118713) do_commit /usr/local/lib/python3.8/dist-packages/ovsdbapp/backend/ovs_idl/transaction.py:90}}
Jun 16 22:57:47 ubuntu neutron-server[118924]: DEBUG ovsdbapp.backend.ovs_idl [None req-76306a70-a16a-4fcd-9017-b7f57c7a2680 None None] Created schema index Gateway_Chassis.name {{(pid=118924) autocreate_indices /usr/local/lib/python3.8/dist-packages/ovsdbapp/backend/ovs_idl/__init__.py:104}}
Jun 16 22:57:47 ubuntu neutron-server[118924]: DEBUG ovsdbapp.backend.ovs_idl [None req-76306a70-a16a-4fcd-9017-b7f57c7a2680 None None] Created schema index Logical_Router_Port.name {{(pid=118924) autocreate_indices /usr/local/lib/python3.8/dist-packages/ovsdbapp/backend/ovs_idl/__init__.py:104}}
Jun 16 22:57:47 ubuntu neutron-server[118924]: DEBUG ovsdbapp.backend.ovs_idl [None req-76306a70-a16a-4fcd-9017-b7f57c7a2680 None None] Created schema index Port_Group.name {{(pid=118924) autocreate_indices /usr/local/lib/python3.8/dist-packages/ovsdbapp/backend/ovs_idl/__init__.py:104}}
Jun 16 22:57:47 ubuntu neutron-server[118924]: DEBUG ovsdbapp.backend.ovs_idl [None req-76306a70-a16a-4fcd-9017-b7f57c7a2680 None None] Created schema index Logical_Switch_Port.name {{(pid=118924) autocreate_indices /usr/local/lib/python3.8/dist-packages/ovsdbapp/backend/ovs_idl/__init__.py:104}}
Jun 16 22:57:47 ubuntu neutron-server[118924]: INFO ovsdbapp.backend.ovs_idl.vlog [None req-76306a70-a16a-4fcd-9017-b7f57c7a2680 None None] tcp:192.168.79.48:6641: connecting...
Jun 16 22:57:47 ubuntu neutron-server[118924]: INFO ovsdbapp.backend.ovs_idl.vlog [None req-76306a70-a16a-4fcd-9017-b7f57c7a2680 None None] tcp:192.168.79.48:6641: connected
Jun 16 22:57:47 ubuntu neutron-server[118713]: DEBUG ovsdbapp.backend.ovs_idl.event [-] Matched CREATE: NeutronPgDropPortGroupCreated(events=('create',), table='Port_Group', conditions=(('name', '=', 'neutron_pg_drop'),), old_conditions=None), priority=10 to row=Port_Group(name=neutron_pg_drop, ports=[], external_ids={}, acls=[<ovs.db.idl.Row object at 0x7fbd219fd640>, <ovs.db.idl.Row object at 0x7fbd21a0b0a0>]) old= {{(pid=118713) matches /usr/local/lib/python3.8/dist-packages/ovsdbapp/backend/ovs_idl/event.py:43}}
Jun 16 22:57:47 ubuntu neutron-server[118925]: DEBUG ovsdbapp.backend.ovs_idl [None req-88404663-c44b-47af-8043-b170a2654957 None None] Created lookup_table index Logical_Switch.name {{(pid=118925) autocreate_indices /usr/local/lib/python3.8/dist-packages/ovsdbapp/backend/ovs_idl/__init__.py:85}}
Jun 16 22:57:47 ubuntu neutron-server[118925]: DEBUG ovsdbapp.backend.ovs_idl [None req-88404663-c44b-47af-8043-b170a2654957 None None] Created lookup_table index Logical_Router.name {{(pid=118925) autocreate_indices /usr/local/lib/python3.8/dist-packages/ovsdbapp/backend/ovs_idl/__init__.py:85}}
Jun 16 22:57:47 ubuntu neutron-server[118925]: DEBUG ovsdbapp.backend.ovs_idl [None req-88404663-c44b-47af-8043-b170a2654957 None None] Created lookup_table index Load_Balancer.name {{(pid=118925) autocreate_indices /usr/local/lib/python3.8/dist-packages/ovsdbapp/backend/ovs_idl/__init__.py:85}}
Jun 16 22:57:47 ubuntu neutron-server[118925]: DEBUG ovsdbapp.backend.ovs_idl [None req-88404663-c44b-47af-8043-b170a2654957 None None] Created schema index Meter.name {{(pid=118925) autocreate_indices /usr/local/lib/python3.8/dist-packages/ovsdbapp/backend/ovs_idl/__init__.py:104}}
Jun 16 22:57:47 ubuntu neutron-server[118925]: DEBUG ovsdbapp.backend.ovs_idl [None req-88404663-c44b-47af-8043-b170a2654957 None None] Created schema index Address_Set.name {{(pid=118925) autocreate_indices /usr/local/lib/python3.8/dist-packages/ovsdbapp/backend/ovs_idl/__init__.py:104}}
Jun 16 22:57:47 ubuntu neutron-server[118925]: DEBUG ovsdbapp.backend.ovs_idl [None req-88404663-c44b-47af-8043-b170a2654957 None None] Created schema index HA_Chassis_Group.name {{(pid=118925) autocreate_indices /usr/local/lib/python3.8/dist-packages/ovsdbapp/backend/ovs_idl/__init__.py:104}}
Jun 16 22:57:47 ubuntu neutron-server[118925]: DEBUG ovsdbapp.backend.ovs_idl [None req-88404663-c44b-47af-8043-b170a2654957 None None] Created schema index Connection.target {{(pid=118925) autocreate_indices /usr/local/lib/python3.8/dist-packages/ovsdbapp/backend/ovs_idl/__init__.py:104}}
Jun 16 22:57:47 ubuntu neutron-server[118925]: DEBUG ovsdbapp.backend.ovs_idl [None req-88404663-c44b-47af-8043-b170a2654957 None None] Created schema index Gateway_Chassis.name {{(pid=118925) autocreate_indices /usr/local/lib/python3.8/dist-packages/ovsdbapp/backend/ovs_idl/__init__.py:104}}
Jun 16 22:57:47 ubuntu neutron-server[118925]: DEBUG ovsdbapp.backend.ovs_idl [None req-88404663-c44b-47af-8043-b170a2654957 None None] Created schema index Logical_Router_Port.name {{(pid=118925) autocreate_indices /usr/local/lib/python3.8/dist-packages/ovsdbapp/backend/ovs_idl/__init__.py:104}}
Jun 16 22:57:47 ubuntu neutron-server[118925]: DEBUG ovsdbapp.backend.ovs_idl [None req-88404663-c44b-47af-8043-b170a2654957 None None] Created schema index Port_Group.name {{(pid=118925) autocreate_indices /usr/local/lib/python3.8/dist-packages/ovsdbapp/backend/ovs_idl/__init__.py:104}}
Jun 16 22:57:47 ubuntu neutron-server[118925]: DEBUG ovsdbapp.backend.ovs_idl [None req-88404663-c44b-47af-8043-b170a2654957 None None] Created schema index Logical_Switch_Port.name {{(pid=118925) autocreate_indices /usr/local/lib/python3.8/dist-packages/ovsdbapp/backend/ovs_idl/__init__.py:104}}
Jun 16 22:57:47 ubuntu neutron-server[118925]: INFO ovsdbapp.backend.ovs_idl.vlog [None req-88404663-c44b-47af-8043-b170a2654957 None None] tcp:192.168.79.48:6641: connecting...
Jun 16 22:57:47 ubuntu neutron-server[118925]: INFO ovsdbapp.backend.ovs_idl.vlog [None req-88404663-c44b-47af-8043-b170a2654957 None None] tcp:192.168.79.48:6641: connected
Jun 16 22:57:47 ubuntu neutron-server[118713]: DEBUG ovsdbapp.backend.ovs_idl [None req-f020d019-3c55-4cc9-98f4-bbfb01e63bd5 None None] Created lookup_table index Logical_Switch.name {{(pid=118713) autocreate_indices /usr/local/lib/python3.8/dist-packages/ovsdbapp/backend/ovs_idl/__init__.py:85}}
Jun 16 22:57:47 ubuntu neutron-server[118713]: DEBUG ovsdbapp.backend.ovs_idl [None req-f020d019-3c55-4cc9-98f4-bbfb01e63bd5 None None] Created lookup_table index Logical_Router.name {{(pid=118713) autocreate_indices /usr/local/lib/python3.8/dist-packages/ovsdbapp/backend/ovs_idl/__init__.py:85}}
Jun 16 22:57:47 ubuntu neutron-server[118713]: DEBUG ovsdbapp.backend.ovs_idl [None req-f020d019-3c55-4cc9-98f4-bbfb01e63bd5 None None] Created lookup_table index Load_Balancer.name {{(pid=118713) autocreate_indices /usr/local/lib/python3.8/dist-packages/ovsdbapp/backend/ovs_idl/__init__.py:85}}
Jun 16 22:57:47 ubuntu neutron-server[118713]: DEBUG ovsdbapp.backend.ovs_idl [None req-f020d019-3c55-4cc9-98f4-bbfb01e63bd5 None None] Created schema index Meter.name {{(pid=118713) autocreate_indices /usr/local/lib/python3.8/dist-packages/ovsdbapp/backend/ovs_idl/__init__.py:104}}
Jun 16 22:57:47 ubuntu neutron-server[118713]: DEBUG ovsdbapp.backend.ovs_idl [None req-f020d019-3c55-4cc9-98f4-bbfb01e63bd5 None None] Created schema index Address_Set.name {{(pid=118713) autocreate_indices /usr/local/lib/python3.8/dist-packages/ovsdbapp/backend/ovs_idl/__init__.py:104}}
Jun 16 22:57:47 ubuntu neutron-server[118924]: DEBUG neutron.common.ovn.hash_ring_manager [None req-76306a70-a16a-4fcd-9017-b7f57c7a2680 None None] Allow caching, nodes 2>=2 {{(pid=118924) _wait_startup_before_caching /opt/stack/neutron/neutron/common/ovn/hash_ring_manager.py:60}}
Jun 16 22:57:47 ubuntu neutron-server[118713]: DEBUG ovsdbapp.backend.ovs_idl [None req-f020d019-3c55-4cc9-98f4-bbfb01e63bd5 None None] Created schema index HA_Chassis_Group.name {{(pid=118713) autocreate_indices /usr/local/lib/python3.8/dist-packages/ovsdbapp/backend/ovs_idl/__init__.py:104}}
Jun 16 22:57:47 ubuntu neutron-server[118713]: DEBUG ovsdbapp.backend.ovs_idl [None req-f020d019-3c55-4cc9-98f4-bbfb01e63bd5 None None] Created schema index Connection.target {{(pid=118713) autocreate_indices /usr/local/lib/python3.8/dist-packages/ovsdbapp/backend/ovs_idl/__init__.py:104}}
Jun 16 22:57:47 ubuntu neutron-server[118713]: DEBUG ovsdbapp.backend.ovs_idl [None req-f020d019-3c55-4cc9-98f4-bbfb01e63bd5 None None] Created schema index Gateway_Chassis.name {{(pid=118713) autocreate_indices /usr/local/lib/python3.8/dist-packages/ovsdbapp/backend/ovs_idl/__init__.py:104}}
Jun 16 22:57:47 ubuntu neutron-server[118713]: DEBUG ovsdbapp.backend.ovs_idl [None req-f020d019-3c55-4cc9-98f4-bbfb01e63bd5 None None] Created schema index Logical_Router_Port.name {{(pid=118713) autocreate_indices /usr/local/lib/python3.8/dist-packages/ovsdbapp/backend/ovs_idl/__init__.py:104}}
Jun 16 22:57:47 ubuntu neutron-server[118713]: DEBUG ovsdbapp.backend.ovs_idl [None req-f020d019-3c55-4cc9-98f4-bbfb01e63bd5 None None] Created schema index Port_Group.name {{(pid=118713) autocreate_indices /usr/local/lib/python3.8/dist-packages/ovsdbapp/backend/ovs_idl/__init__.py:104}}
Jun 16 22:57:47 ubuntu neutron-server[118713]: DEBUG ovsdbapp.backend.ovs_idl [None req-f020d019-3c55-4cc9-98f4-bbfb01e63bd5 None None] Created schema index Logical_Switch_Port.name {{(pid=118713) autocreate_indices /usr/local/lib/python3.8/dist-packages/ovsdbapp/backend/ovs_idl/__init__.py:104}}
Jun 16 22:57:47 ubuntu neutron-server[118925]: DEBUG neutron.common.ovn.hash_ring_manager [None req-88404663-c44b-47af-8043-b170a2654957 None None] Allow caching, nodes 2>=2 {{(pid=118925) _wait_startup_before_caching /opt/stack/neutron/neutron/common/ovn/hash_ring_manager.py:60}}
Jun 16 22:57:47 ubuntu neutron-server[118713]: DEBUG ovsdbapp.backend.ovs_idl [None req-f020d019-3c55-4cc9-98f4-bbfb01e63bd5 None None] Created lookup_table index Chassis.name {{(pid=118713) autocreate_indices /usr/local/lib/python3.8/dist-packages/ovsdbapp/backend/ovs_idl/__init__.py:85}}
Jun 16 22:57:47 ubuntu neutron-server[118713]: DEBUG ovsdbapp.backend.ovs_idl [None req-f020d019-3c55-4cc9-98f4-bbfb01e63bd5 None None] Created lookup_table index MAC_Binding.ip {{(pid=118713) autocreate_indices /usr/local/lib/python3.8/dist-packages/ovsdbapp/backend/ovs_idl/__init__.py:85}}
Jun 16 22:57:47 ubuntu neutron-server[118713]: DEBUG ovsdbapp.backend.ovs_idl [None req-f020d019-3c55-4cc9-98f4-bbfb01e63bd5 None None] Created schema index Meter.name {{(pid=118713) autocreate_indices /usr/local/lib/python3.8/dist-packages/ovsdbapp/backend/ovs_idl/__init__.py:104}}
Jun 16 22:57:47 ubuntu neutron-server[118713]: DEBUG ovsdbapp.backend.ovs_idl [None req-f020d019-3c55-4cc9-98f4-bbfb01e63bd5 None None] Created schema index Address_Set.name {{(pid=118713) autocreate_indices /usr/local/lib/python3.8/dist-packages/ovsdbapp/backend/ovs_idl/__init__.py:104}}
Jun 16 22:57:47 ubuntu neutron-server[118713]: DEBUG ovsdbapp.backend.ovs_idl [None req-f020d019-3c55-4cc9-98f4-bbfb01e63bd5 None None] Created schema index HA_Chassis_Group.name {{(pid=118713) autocreate_indices /usr/local/lib/python3.8/dist-packages/ovsdbapp/backend/ovs_idl/__init__.py:104}}
Jun 16 22:57:47 ubuntu neutron-server[118713]: DEBUG ovsdbapp.backend.ovs_idl [None req-f020d019-3c55-4cc9-98f4-bbfb01e63bd5 None None] Created schema index IP_Multicast.datapath {{(pid=118713) autocreate_indices /usr/local/lib/python3.8/dist-packages/ovsdbapp/backend/ovs_idl/__init__.py:104}}
Jun 16 22:57:47 ubuntu neutron-server[118713]: DEBUG ovsdbapp.backend.ovs_idl [None req-f020d019-3c55-4cc9-98f4-bbfb01e63bd5 None None] Created schema index Connection.target {{(pid=118713) autocreate_indices /usr/local/lib/python3.8/dist-packages/ovsdbapp/backend/ovs_idl/__init__.py:104}}
Jun 16 22:57:47 ubuntu neutron-server[118713]: DEBUG ovsdbapp.backend.ovs_idl [None req-f020d019-3c55-4cc9-98f4-bbfb01e63bd5 None None] Created schema index Gateway_Chassis.name {{(pid=118713) autocreate_indices /usr/local/lib/python3.8/dist-packages/ovsdbapp/backend/ovs_idl/__init__.py:104}}
Jun 16 22:57:47 ubuntu neutron-server[118713]: DEBUG ovsdbapp.backend.ovs_idl [None req-f020d019-3c55-4cc9-98f4-bbfb01e63bd5 None None] Created schema index Port_Group.name {{(pid=118713) autocreate_indices /usr/local/lib/python3.8/dist-packages/ovsdbapp/backend/ovs_idl/__init__.py:104}}
Jun 16 22:57:47 ubuntu neutron-server[118713]: DEBUG ovsdbapp.backend.ovs_idl [None req-f020d019-3c55-4cc9-98f4-bbfb01e63bd5 None None] Created schema index Datapath_Binding.tunnel_key {{(pid=118713) autocreate_indices /usr/local/lib/python3.8/dist-packages/ovsdbapp/backend/ovs_idl/__init__.py:104}}
Jun 16 22:57:47 ubuntu neutron-server[118924]: DEBUG neutron.plugins.ml2.drivers.ovn.mech_driver.ovsdb.ovsdb_monitor [None req-76306a70-a16a-4fcd-9017-b7f57c7a2680 None None] Hash Ring: Node 50e6859e-94be-4671-a047-2abc63585a71 (host: ubuntu) handling event "create" for row 14221a01-2fbc-4e7a-ad24-25f0c2a4e526 (table: Port_Group) {{(pid=118924) notify /opt/stack/neutron/neutron/plugins/ml2/drivers/ovn/mech_driver/ovsdb/ovsdb_monitor.py:743}}
Jun 16 22:57:47 ubuntu neutron-server[118924]: DEBUG neutron.plugins.ml2.drivers.ovn.mech_driver.ovsdb.ovsdb_monitor [None req-76306a70-a16a-4fcd-9017-b7f57c7a2680 None None] Hash Ring: Node 50e6859e-94be-4671-a047-2abc63585a71 (host: ubuntu) handling event "create" for row 425341ca-da7e-4a34-b3b4-3064bc4811a7 (table: NB_Global) {{(pid=118924) notify /opt/stack/neutron/neutron/plugins/ml2/drivers/ovn/mech_driver/ovsdb/ovsdb_monitor.py:743}}
Jun 16 22:57:47 ubuntu neutron-server[118924]: DEBUG neutron.plugins.ml2.drivers.ovn.mech_driver.ovsdb.ovsdb_monitor [None req-76306a70-a16a-4fcd-9017-b7f57c7a2680 None None] Hash Ring: Node 50e6859e-94be-4671-a047-2abc63585a71 (host: ubuntu) handling event "create" for row c46a75a5-a51e-487f-b679-b436aecfa569 (table: ACL) {{(pid=118924) notify /opt/stack/neutron/neutron/plugins/ml2/drivers/ovn/mech_driver/ovsdb/ovsdb_monitor.py:743}}
Jun 16 22:57:47 ubuntu neutron-server[118924]: DEBUG neutron.plugins.ml2.drivers.ovn.mech_driver.ovsdb.ovsdb_monitor [None req-76306a70-a16a-4fcd-9017-b7f57c7a2680 None None] Hash Ring: Node 50e6859e-94be-4671-a047-2abc63585a71 (host: ubuntu) handling event "create" for row 38dcd9ce-e9b3-4f54-9cac-5baf29ec0312 (table: ACL) {{(pid=118924) notify /opt/stack/neutron/neutron/plugins/ml2/drivers/ovn/mech_driver/ovsdb/ovsdb_monitor.py:743}}
Jun 16 22:57:47 ubuntu neutron-server[118924]: DEBUG neutron.plugins.ml2.drivers.ovn.mech_driver.ovsdb.ovsdb_monitor [None req-76306a70-a16a-4fcd-9017-b7f57c7a2680 None None] Hash Ring: Node 50e6859e-94be-4671-a047-2abc63585a71 (host: ubuntu) handling event "create" for row 9c173268-85cd-4ca3-89a5-c889f3741123 (table: Connection) {{(pid=118924) notify /opt/stack/neutron/neutron/plugins/ml2/drivers/ovn/mech_driver/ovsdb/ovsdb_monitor.py:743}}
Jun 16 22:57:47 ubuntu neutron-server[118924]: INFO neutron.plugins.ml2.drivers.ovn.mech_driver.ovsdb.impl_idl_ovn [None req-76306a70-a16a-4fcd-9017-b7f57c7a2680 None None] Getting OvsdbSbOvnIdl for WorkerService with retry
Jun 16 22:57:47 ubuntu neutron-server[118925]: DEBUG neutron.plugins.ml2.drivers.ovn.mech_driver.ovsdb.ovsdb_monitor [None req-88404663-c44b-47af-8043-b170a2654957 None None] Hash Ring: Node 0ef28dc6-a011-4ff7-ade5-03737e9c85ea (host: ubuntu) handling event "create" for row 7bed8726-a273-4a9d-ae5e-aa6c6b2835f6 (table: Database) {{(pid=118925) notify /opt/stack/neutron/neutron/plugins/ml2/drivers/ovn/mech_driver/ovsdb/ovsdb_monitor.py:743}}
Jun 16 22:57:47 ubuntu neutron-server[118713]: INFO oslo_service.service [None req-f020d019-3c55-4cc9-98f4-bbfb01e63bd5 None None] Starting 1 workers
Jun 16 22:57:47 ubuntu neutron-server[118925]: DEBUG neutron.plugins.ml2.drivers.ovn.mech_driver.ovsdb.ovsdb_monitor [None req-88404663-c44b-47af-8043-b170a2654957 None None] Hash Ring: Node 0ef28dc6-a011-4ff7-ade5-03737e9c85ea (host: ubuntu) handling event "create" for row 7a9be4b8-06be-427b-ad85-db941e3067c4 (table: Database) {{(pid=118925) notify /opt/stack/neutron/neutron/plugins/ml2/drivers/ovn/mech_driver/ovsdb/ovsdb_monitor.py:743}}
Jun 16 22:57:47 ubuntu neutron-server[118924]: DEBUG ovsdbapp.backend.ovs_idl [None req-76306a70-a16a-4fcd-9017-b7f57c7a2680 None None] Created lookup_table index Chassis.name {{(pid=118924) autocreate_indices /usr/local/lib/python3.8/dist-packages/ovsdbapp/backend/ovs_idl/__init__.py:85}}
Jun 16 22:57:47 ubuntu neutron-server[118924]: DEBUG ovsdbapp.backend.ovs_idl [None req-76306a70-a16a-4fcd-9017-b7f57c7a2680 None None] Created schema index Datapath_Binding.tunnel_key {{(pid=118924) autocreate_indices /usr/local/lib/python3.8/dist-packages/ovsdbapp/backend/ovs_idl/__init__.py:104}}
Jun 16 22:57:47 ubuntu neutron-server[118924]: DEBUG ovsdbapp.backend.ovs_idl [None req-76306a70-a16a-4fcd-9017-b7f57c7a2680 None None] Created schema index Connection.target {{(pid=118924) autocreate_indices /usr/local/lib/python3.8/dist-packages/ovsdbapp/backend/ovs_idl/__init__.py:104}}
Jun 16 22:57:47 ubuntu neutron-server[118925]: INFO neutron.plugins.ml2.drivers.ovn.mech_driver.ovsdb.impl_idl_ovn [None req-88404663-c44b-47af-8043-b170a2654957 None None] Getting OvsdbSbOvnIdl for WorkerService with retry
Jun 16 22:57:47 ubuntu neutron-server[118924]: INFO ovsdbapp.backend.ovs_idl.vlog [None req-76306a70-a16a-4fcd-9017-b7f57c7a2680 None None] tcp:192.168.79.48:6642: connecting...
Jun 16 22:57:47 ubuntu neutron-server[118924]: INFO ovsdbapp.backend.ovs_idl.vlog [None req-76306a70-a16a-4fcd-9017-b7f57c7a2680 None None] tcp:192.168.79.48:6642: connected
Jun 16 22:57:47 ubuntu neutron-server[118713]: DEBUG oslo_service.service [None req-f020d019-3c55-4cc9-98f4-bbfb01e63bd5 None None] Started child 118930 {{(pid=118713) _start_child /usr/local/lib/python3.8/dist-packages/oslo_service/service.py:575}}
Jun 16 22:57:47 ubuntu neutron-server[118713]: INFO oslo_service.service [None req-f020d019-3c55-4cc9-98f4-bbfb01e63bd5 None None] Starting 1 workers
Jun 16 22:57:47 ubuntu neutron-server[118930]: DEBUG neutron.service [None req-f020d019-3c55-4cc9-98f4-bbfb01e63bd5 None None] calling RpcWorker wait() {{(pid=118930) _wait /opt/stack/neutron/neutron/service.py:128}}
Jun 16 22:57:47 ubuntu neutron-server[118930]: DEBUG neutron.service [None req-f020d019-3c55-4cc9-98f4-bbfb01e63bd5 None None] returning from RpcWorker wait() {{(pid=118930) _wait /opt/stack/neutron/neutron/service.py:135}}
Jun 16 22:57:47 ubuntu neutron-server[118925]: DEBUG ovsdbapp.backend.ovs_idl [None req-88404663-c44b-47af-8043-b170a2654957 None None] Created lookup_table index Chassis.name {{(pid=118925) autocreate_indices /usr/local/lib/python3.8/dist-packages/ovsdbapp/backend/ovs_idl/__init__.py:85}}
Jun 16 22:57:47 ubuntu neutron-server[118930]: DEBUG neutron_lib.callbacks.manager [-] Publish callbacks ['neutron.plugins.ml2.drivers.ovn.mech_driver.mech_driver.OVNMechanismDriver.post_fork_initialize-3781704'] for process (None), after_init {{(pid=118930) _notify_loop /usr/local/lib/python3.8/dist-packages/neutron_lib/callbacks/manager.py:176}}
Jun 16 22:57:47 ubuntu neutron-server[118925]: DEBUG ovsdbapp.backend.ovs_idl [None req-88404663-c44b-47af-8043-b170a2654957 None None] Created schema index Datapath_Binding.tunnel_key {{(pid=118925) autocreate_indices /usr/local/lib/python3.8/dist-packages/ovsdbapp/backend/ovs_idl/__init__.py:104}}
Jun 16 22:57:47 ubuntu neutron-server[118925]: DEBUG ovsdbapp.backend.ovs_idl [None req-88404663-c44b-47af-8043-b170a2654957 None None] Created schema index Connection.target {{(pid=118925) autocreate_indices /usr/local/lib/python3.8/dist-packages/ovsdbapp/backend/ovs_idl/__init__.py:104}}
Jun 16 22:57:47 ubuntu neutron-server[118925]: INFO ovsdbapp.backend.ovs_idl.vlog [None req-88404663-c44b-47af-8043-b170a2654957 None None] tcp:192.168.79.48:6642: connecting...
Jun 16 22:57:47 ubuntu neutron-server[118925]: INFO ovsdbapp.backend.ovs_idl.vlog [None req-88404663-c44b-47af-8043-b170a2654957 None None] tcp:192.168.79.48:6642: connected
Jun 16 22:57:47 ubuntu neutron-server[118930]: INFO neutron.plugins.ml2.drivers.ovn.mech_driver.ovsdb.impl_idl_ovn [-] Getting OvsdbNbOvnIdl for RpcWorker with retry
Jun 16 22:57:47 ubuntu neutron-server[118713]: DEBUG oslo_service.service [None req-f020d019-3c55-4cc9-98f4-bbfb01e63bd5 None None] Started child 118931 {{(pid=118713) _start_child /usr/local/lib/python3.8/dist-packages/oslo_service/service.py:575}}
Jun 16 22:57:47 ubuntu neutron-server[118713]: INFO oslo_service.service [None req-f020d019-3c55-4cc9-98f4-bbfb01e63bd5 None None] Starting 1 workers
Jun 16 22:57:47 ubuntu neutron-server[118713]: DEBUG oslo_service.service [None req-f020d019-3c55-4cc9-98f4-bbfb01e63bd5 None None] Started child 118932 {{(pid=118713) _start_child /usr/local/lib/python3.8/dist-packages/oslo_service/service.py:575}}
Jun 16 22:57:47 ubuntu neutron-server[118713]: DEBUG neutron_lib.callbacks.manager [None req-f020d019-3c55-4cc9-98f4-bbfb01e63bd5 None None] Publish callbacks [] for process (None), after_spawn {{(pid=118713) _notify_loop /usr/local/lib/python3.8/dist-packages/neutron_lib/callbacks/manager.py:176}}
Jun 16 22:57:47 ubuntu neutron-server[118713]: DEBUG oslo_service.service [-] Full set of CONF: {{(pid=118713) wait /usr/local/lib/python3.8/dist-packages/oslo_service/service.py:649}}
Jun 16 22:57:47 ubuntu neutron-server[118713]: DEBUG oslo_service.service [-] ******************************************************************************** {{(pid=118713) log_opt_values /usr/local/lib/python3.8/dist-packages/oslo_config/cfg.py:2589}}
Jun 16 22:57:47 ubuntu neutron-server[118713]: DEBUG oslo_service.service [-] Configuration options gathered from: {{(pid=118713) log_opt_values /usr/local/lib/python3.8/dist-packages/oslo_config/cfg.py:2590}}
Jun 16 22:57:47 ubuntu neutron-server[118713]: DEBUG oslo_service.service [-] command line args: ['--config-file', '/etc/neutron/neutron.conf', '--config-file', '/etc/neutron/plugins/ml2/ml2_conf.ini'] {{(pid=118713) log_opt_values /usr/local/lib/python3.8/dist-packages/oslo_config/cfg.py:2591}}
Jun 16 22:57:47 ubuntu neutron-server[118713]: DEBUG oslo_service.service [-] config files: ['/etc/neutron/neutron.conf', '/etc/neutron/plugins/ml2/ml2_conf.ini'] {{(pid=118713) log_opt_values /usr/local/lib/python3.8/dist-packages/oslo_config/cfg.py:2592}}
Jun 16 22:57:47 ubuntu neutron-server[118713]: DEBUG oslo_service.service [-] ================================================================================ {{(pid=118713) log_opt_values /usr/local/lib/python3.8/dist-packages/oslo_config/cfg.py:2594}}
Jun 16 22:57:47 ubuntu neutron-server[118713]: DEBUG oslo_service.service [-] agent_down_time                = 75 {{(pid=118713) log_opt_values /usr/local/lib/python3.8/dist-packages/oslo_config/cfg.py:2602}}
Jun 16 22:57:47 ubuntu neutron-server[118713]: DEBUG oslo_service.service [-] allow_automatic_dhcp_failover  = True {{(pid=118713) log_opt_values /usr/local/lib/python3.8/dist-packages/oslo_config/cfg.py:2602}}
Jun 16 22:57:47 ubuntu neutron-server[118713]: DEBUG oslo_service.service [-] allow_bulk                     = True {{(pid=118713) log_opt_values /usr/local/lib/python3.8/dist-packages/oslo_config/cfg.py:2602}}
Jun 16 22:57:47 ubuntu neutron-server[118713]: DEBUG oslo_service.service [-] allowed_conntrack_helpers      = [{'amanda': 'tcp'}, {'ftp': 'tcp'}, {'h323': 'udp'}, {'h323': 'tcp'}, {'irc': 'tcp'}, {'netbios-ns': 'udp'}, {'pptp': 'tcp'}, {'sane': 'tcp'}, {'sip': 'udp'}, {'sip': 'tcp'}, {'snmp': 'udp'}, {'tftp': 'udp'}] {{(pid=118713) log_opt_values /usr/local/lib/python3.8/dist-packages/oslo_config/cfg.py:2602}}
Jun 16 22:57:47 ubuntu neutron-server[118713]: DEBUG oslo_service.service [-] api_extensions_path            =  {{(pid=118713) log_opt_values /usr/local/lib/python3.8/dist-packages/oslo_config/cfg.py:2602}}
Jun 16 22:57:47 ubuntu neutron-server[118713]: DEBUG oslo_service.service [-] api_paste_config               = api-paste.ini {{(pid=118713) log_opt_values /usr/local/lib/python3.8/dist-packages/oslo_config/cfg.py:2602}}
Jun 16 22:57:47 ubuntu neutron-server[118925]: DEBUG neutron.common.ovn.hash_ring_manager [None req-88404663-c44b-47af-8043-b170a2654957 None None] Allow caching, nodes 2>=2 {{(pid=118925) _wait_startup_before_caching /opt/stack/neutron/neutron/common/ovn/hash_ring_manager.py:60}}
Jun 16 22:57:47 ubuntu neutron-server[118931]: DEBUG neutron_lib.callbacks.manager [-] Publish callbacks ['neutron.plugins.ml2.drivers.ovn.mech_driver.mech_driver.OVNMechanismDriver.post_fork_initialize-3781704'] for process (None), after_init {{(pid=118931) _notify_loop /usr/local/lib/python3.8/dist-packages/neutron_lib/callbacks/manager.py:176}}
Jun 16 22:57:47 ubuntu neutron-server[118924]: DEBUG neutron.common.ovn.hash_ring_manager [None req-76306a70-a16a-4fcd-9017-b7f57c7a2680 None None] Allow caching, nodes 2>=2 {{(pid=118924) _wait_startup_before_caching /opt/stack/neutron/neutron/common/ovn/hash_ring_manager.py:60}}
Jun 16 22:57:47 ubuntu neutron-server[118713]: DEBUG oslo_service.service [-] api_workers                    = 2 {{(pid=118713) log_opt_values /usr/local/lib/python3.8/dist-packages/oslo_config/cfg.py:2602}}
Jun 16 22:57:47 ubuntu neutron-server[118713]: DEBUG oslo_service.service [-] auth_strategy                  = keystone {{(pid=118713) log_opt_values /usr/local/lib/python3.8/dist-packages/oslo_config/cfg.py:2602}}
Jun 16 22:57:47 ubuntu neutron-server[118713]: DEBUG oslo_service.service [-] backdoor_port                  = None {{(pid=118713) log_opt_values /usr/local/lib/python3.8/dist-packages/oslo_config/cfg.py:2602}}
Jun 16 22:57:47 ubuntu neutron-server[118713]: DEBUG oslo_service.service [-] backdoor_socket                = None {{(pid=118713) log_opt_values /usr/local/lib/python3.8/dist-packages/oslo_config/cfg.py:2602}}
