Jul 18 19:33:43 ubuntu neutron-server[138679]: DEBUG neutron.api.extensions [None req-d861edb8-1068-4b75-b39a-506089f9d6d5 None None] Ext name="Trunk Extension" alias="trunk" description="Provides support for trunk ports" updated="2016-01-01T10:00:00-00:00" {{(pid=138679) _check_extension /opt/stack/neutron/neutron/api/extensions.py:416}}
Jul 18 19:33:43 ubuntu neutron-server[138679]: INFO neutron.api.extensions [None req-d861edb8-1068-4b75-b39a-506089f9d6d5 None None] Extension trunk not supported by any of loaded plugins
Jul 18 19:33:43 ubuntu neutron-server[138679]: DEBUG neutron.api.extensions [None req-d861edb8-1068-4b75-b39a-506089f9d6d5 None None] Loading extension file: trunk_details.py {{(pid=138679) _load_all_extensions_from_path /opt/stack/neutron/neutron/api/extensions.py:450}}
Jul 18 19:33:43 ubuntu neutron-server[138679]: DEBUG neutron.api.extensions [None req-d861edb8-1068-4b75-b39a-506089f9d6d5 None None] Ext name="Trunk port details" alias="trunk-details" description="Expose trunk port details" updated="2016-01-01T10:00:00-00:00" {{(pid=138679) _check_extension /opt/stack/neutron/neutron/api/extensions.py:416}}
Jul 18 19:33:43 ubuntu neutron-server[138679]: INFO neutron.api.extensions [None req-d861edb8-1068-4b75-b39a-506089f9d6d5 None None] Extension trunk-details not supported by any of loaded plugins
Jul 18 19:33:43 ubuntu neutron-server[138679]: DEBUG neutron.api.extensions [None req-d861edb8-1068-4b75-b39a-506089f9d6d5 None None] Loading extension file: uplink_status_propagation.py {{(pid=138679) _load_all_extensions_from_path /opt/stack/neutron/neutron/api/extensions.py:450}}
Jul 18 19:33:43 ubuntu neutron-server[138679]: DEBUG neutron.api.extensions [None req-d861edb8-1068-4b75-b39a-506089f9d6d5 None None] Ext name="Uplink status propagation extension" alias="uplink-status-propagation" description="Provides ability to propagate port uplink status." updated="2018-05-31T18:00:00-00:00" {{(pid=138679) _check_extension /opt/stack/neutron/neutron/api/extensions.py:416}}
Jul 18 19:33:43 ubuntu neutron-server[138679]: INFO neutron.api.extensions [None req-d861edb8-1068-4b75-b39a-506089f9d6d5 None None] Extension uplink-status-propagation not supported by any of loaded plugins
Jul 18 19:33:43 ubuntu neutron-server[138679]: DEBUG neutron.api.extensions [None req-d861edb8-1068-4b75-b39a-506089f9d6d5 None None] Loading extension file: vlantransparent.py {{(pid=138679) _load_all_extensions_from_path /opt/stack/neutron/neutron/api/extensions.py:450}}
Jul 18 19:33:43 ubuntu neutron-server[138679]: DEBUG neutron.api.extensions [None req-d861edb8-1068-4b75-b39a-506089f9d6d5 None None] Ext name="Vlantransparent" alias="vlan-transparent" description="Provides Vlan Transparent Networks" updated="2015-03-23T09:00:00-00:00" {{(pid=138679) _check_extension /opt/stack/neutron/neutron/api/extensions.py:416}}
Jul 18 19:33:43 ubuntu neutron-server[138679]: INFO neutron.api.extensions [None req-d861edb8-1068-4b75-b39a-506089f9d6d5 None None] Extension vlan-transparent not supported by any of loaded plugins
Jul 18 19:33:43 ubuntu neutron-server[138679]: INFO neutron.quota.resource_registry [None req-d861edb8-1068-4b75-b39a-506089f9d6d5 None None] Creating instance of TrackedResource for resource:network
Jul 18 19:33:43 ubuntu neutron-server[138679]: INFO neutron.quota.resource_registry [None req-d861edb8-1068-4b75-b39a-506089f9d6d5 None None] Creating instance of TrackedResource for resource:subnet
Jul 18 19:33:43 ubuntu neutron-server[138679]: INFO neutron.quota.resource_registry [None req-d861edb8-1068-4b75-b39a-506089f9d6d5 None None] Creating instance of TrackedResource for resource:subnetpool
Jul 18 19:33:43 ubuntu neutron-server[138679]: INFO neutron.quota.resource_registry [None req-d861edb8-1068-4b75-b39a-506089f9d6d5 None None] Creating instance of TrackedResource for resource:port
Jul 18 19:33:43 ubuntu neutron-server[138679]: DEBUG neutron.api.v2.resource_helper [None req-d861edb8-1068-4b75-b39a-506089f9d6d5 None None] Service FLAVORS assigned prefix:  {{(pid=138679) build_resource_info /opt/stack/neutron/neutron/api/v2/resource_helper.py:77}}
Jul 18 19:33:43 ubuntu neutron-server[138679]: DEBUG neutron.api.v2.resource_helper [None req-d861edb8-1068-4b75-b39a-506089f9d6d5 None None] Service L3_ROUTER_NAT assigned prefix:  {{(pid=138679) build_resource_info /opt/stack/neutron/neutron/api/v2/resource_helper.py:77}}
Jul 18 19:33:43 ubuntu neutron-server[138679]: DEBUG neutron.api.v2.resource_helper [None req-d861edb8-1068-4b75-b39a-506089f9d6d5 None None] Service L3_ROUTER_NAT assigned prefix:  {{(pid=138679) build_resource_info /opt/stack/neutron/neutron/api/v2/resource_helper.py:77}}
Jul 18 19:33:43 ubuntu neutron-server[138679]: INFO neutron.quota.resource_registry [None req-d861edb8-1068-4b75-b39a-506089f9d6d5 None None] Creating instance of TrackedResource for resource:router
Jul 18 19:33:43 ubuntu neutron-server[138679]: INFO neutron.quota.resource_registry [None req-d861edb8-1068-4b75-b39a-506089f9d6d5 None None] Creating instance of TrackedResource for resource:floatingip
Jul 18 19:33:43 ubuntu neutron-server[138679]: DEBUG neutron_lib.callbacks.manager [None req-d861edb8-1068-4b75-b39a-506089f9d6d5 None None] Subscribe: <bound method NeutronDbPluginV2.validate_network_rbac_policy_change of <neutron.services.network_ip_availability.plugin.NetworkIPAvailabilityPlugin object at 0x7f6b9e2ea340>> rbac-policy before_create 55550000 {{(pid=138679) subscribe /usr/local/lib/python3.8/dist-packages/neutron_lib/callbacks/manager.py:45}}
Jul 18 19:33:43 ubuntu neutron-server[138679]: DEBUG neutron_lib.callbacks.manager [None req-d861edb8-1068-4b75-b39a-506089f9d6d5 None None] Subscribe: <bound method NeutronDbPluginV2.validate_network_rbac_policy_change of <neutron.services.network_ip_availability.plugin.NetworkIPAvailabilityPlugin object at 0x7f6b9e2ea340>> rbac-policy before_update 55550000 {{(pid=138679) subscribe /usr/local/lib/python3.8/dist-packages/neutron_lib/callbacks/manager.py:45}}
Jul 18 19:33:43 ubuntu neutron-server[138679]: DEBUG neutron_lib.callbacks.manager [None req-d861edb8-1068-4b75-b39a-506089f9d6d5 None None] Subscribe: <bound method NeutronDbPluginV2.validate_network_rbac_policy_change of <neutron.services.network_ip_availability.plugin.NetworkIPAvailabilityPlugin object at 0x7f6b9e2ea340>> rbac-policy before_delete 55550000 {{(pid=138679) subscribe /usr/local/lib/python3.8/dist-packages/neutron_lib/callbacks/manager.py:45}}
Jul 18 19:33:43 ubuntu neutron-server[138679]: INFO neutron.quota.resource_registry [None req-d861edb8-1068-4b75-b39a-506089f9d6d5 None None] Creating instance of CountableResource for resource:rbac_policy
Jul 18 19:33:43 ubuntu neutron-server[138679]: INFO neutron.quota.resource_registry [None req-d861edb8-1068-4b75-b39a-506089f9d6d5 None None] Creating instance of TrackedResource for resource:security_group
Jul 18 19:33:43 ubuntu neutron-server[138679]: INFO neutron.quota.resource_registry [None req-d861edb8-1068-4b75-b39a-506089f9d6d5 None None] Creating instance of TrackedResource for resource:security_group_rule
Jul 18 19:33:43 ubuntu neutron-server[138679]: DEBUG neutron.api.v2.resource_helper [None req-d861edb8-1068-4b75-b39a-506089f9d6d5 None None] Service FLAVORS assigned prefix:  {{(pid=138679) build_resource_info /opt/stack/neutron/neutron/api/v2/resource_helper.py:77}}
Jul 18 19:33:43 ubuntu neutron-server[138679]: DEBUG neutron.api.v2.resource_helper [None req-d861edb8-1068-4b75-b39a-506089f9d6d5 None None] Service L3_ROUTER_NAT assigned prefix:  {{(pid=138679) build_resource_info /opt/stack/neutron/neutron/api/v2/resource_helper.py:77}}
Jul 18 19:33:43 ubuntu neutron-server[138679]: DEBUG neutron.api.v2.resource_helper [None req-d861edb8-1068-4b75-b39a-506089f9d6d5 None None] Service L3_ROUTER_NAT assigned prefix:  {{(pid=138679) build_resource_info /opt/stack/neutron/neutron/api/v2/resource_helper.py:77}}
Jul 18 19:33:43 ubuntu neutron-server[138679]: INFO neutron.quota.resource_registry [None req-d861edb8-1068-4b75-b39a-506089f9d6d5 None None] Creating instance of TrackedResource for resource:router
Jul 18 19:33:43 ubuntu neutron-server[138679]: WARNING neutron.quota.resource_registry [None req-d861edb8-1068-4b75-b39a-506089f9d6d5 None None] router is already registered
Jul 18 19:33:43 ubuntu neutron-server[138679]: INFO neutron.quota.resource_registry [None req-d861edb8-1068-4b75-b39a-506089f9d6d5 None None] Creating instance of TrackedResource for resource:floatingip
Jul 18 19:33:43 ubuntu neutron-server[138679]: WARNING neutron.quota.resource_registry [None req-d861edb8-1068-4b75-b39a-506089f9d6d5 None None] floatingip is already registered
Jul 18 19:33:43 ubuntu neutron-server[138679]: INFO neutron.quota.resource_registry [None req-d861edb8-1068-4b75-b39a-506089f9d6d5 None None] Creating instance of CountableResource for resource:rbac_policy
Jul 18 19:33:43 ubuntu neutron-server[138679]: WARNING neutron.quota.resource_registry [None req-d861edb8-1068-4b75-b39a-506089f9d6d5 None None] rbac_policy is already registered
Jul 18 19:33:43 ubuntu neutron-server[138679]: INFO neutron.quota.resource_registry [None req-d861edb8-1068-4b75-b39a-506089f9d6d5 None None] Creating instance of TrackedResource for resource:security_group
Jul 18 19:33:43 ubuntu neutron-server[138679]: WARNING neutron.quota.resource_registry [None req-d861edb8-1068-4b75-b39a-506089f9d6d5 None None] security_group is already registered
Jul 18 19:33:43 ubuntu neutron-server[138679]: INFO neutron.quota.resource_registry [None req-d861edb8-1068-4b75-b39a-506089f9d6d5 None None] Creating instance of TrackedResource for resource:security_group_rule
Jul 18 19:33:43 ubuntu neutron-server[138679]: WARNING neutron.quota.resource_registry [None req-d861edb8-1068-4b75-b39a-506089f9d6d5 None None] security_group_rule is already registered
Jul 18 19:33:43 ubuntu neutron-server[138679]: DEBUG neutron.api.extensions [None req-d861edb8-1068-4b75-b39a-506089f9d6d5 None None] Extended resource: extensions {{(pid=138679) __init__ /opt/stack/neutron/neutron/api/extensions.py:157}}
Jul 18 19:33:43 ubuntu neutron-server[138679]: DEBUG neutron.api.extensions [None req-d861edb8-1068-4b75-b39a-506089f9d6d5 None None] Extended resource: address-groups {{(pid=138679) __init__ /opt/stack/neutron/neutron/api/extensions.py:157}}
Jul 18 19:33:43 ubuntu neutron-server[138679]: DEBUG neutron.api.extensions [None req-d861edb8-1068-4b75-b39a-506089f9d6d5 None None] Extended resource: address-scopes {{(pid=138679) __init__ /opt/stack/neutron/neutron/api/extensions.py:157}}
Jul 18 19:33:43 ubuntu neutron-server[138679]: DEBUG neutron.api.extensions [None req-d861edb8-1068-4b75-b39a-506089f9d6d5 None None] Extended resource: agents {{(pid=138679) __init__ /opt/stack/neutron/neutron/api/extensions.py:157}}
Jul 18 19:33:43 ubuntu neutron-server[138679]: DEBUG neutron.api.extensions [None req-d861edb8-1068-4b75-b39a-506089f9d6d5 None None] Extended resource: auto-allocated-topology {{(pid=138679) __init__ /opt/stack/neutron/neutron/api/extensions.py:157}}
Jul 18 19:33:43 ubuntu neutron-server[138679]: DEBUG neutron.api.extensions [None req-d861edb8-1068-4b75-b39a-506089f9d6d5 None None] Extended resource: availability_zones {{(pid=138679) __init__ /opt/stack/neutron/neutron/api/extensions.py:157}}
Jul 18 19:33:43 ubuntu neutron-server[138679]: DEBUG neutron.api.extensions [None req-d861edb8-1068-4b75-b39a-506089f9d6d5 None None] Extended resource: flavors {{(pid=138679) __init__ /opt/stack/neutron/neutron/api/extensions.py:157}}
Jul 18 19:33:43 ubuntu neutron-server[138679]: DEBUG neutron.api.extensions [None req-d861edb8-1068-4b75-b39a-506089f9d6d5 None None] Extended resource: service_profiles {{(pid=138679) __init__ /opt/stack/neutron/neutron/api/extensions.py:157}}
Jul 18 19:33:43 ubuntu neutron-server[138679]: DEBUG neutron.api.extensions [None req-d861edb8-1068-4b75-b39a-506089f9d6d5 None None] Extended resource: next_providers {{(pid=138679) __init__ /opt/stack/neutron/neutron/api/extensions.py:157}}
Jul 18 19:33:43 ubuntu neutron-server[138679]: DEBUG neutron.api.extensions [None req-d861edb8-1068-4b75-b39a-506089f9d6d5 None None] Extended resource: service_profiles {{(pid=138679) __init__ /opt/stack/neutron/neutron/api/extensions.py:157}}
Jul 18 19:33:43 ubuntu neutron-server[138679]: DEBUG neutron.api.extensions [None req-d861edb8-1068-4b75-b39a-506089f9d6d5 None None] Extended resource: floatingip-pools {{(pid=138679) __init__ /opt/stack/neutron/neutron/api/extensions.py:157}}
Jul 18 19:33:43 ubuntu neutron-server[138679]: DEBUG neutron.api.extensions [None req-d861edb8-1068-4b75-b39a-506089f9d6d5 None None] Extended resource: routers {{(pid=138679) __init__ /opt/stack/neutron/neutron/api/extensions.py:157}}
Jul 18 19:33:43 ubuntu neutron-server[138679]: DEBUG neutron.api.extensions [None req-d861edb8-1068-4b75-b39a-506089f9d6d5 None None] Extended resource: floatingips {{(pid=138679) __init__ /opt/stack/neutron/neutron/api/extensions.py:157}}
Jul 18 19:33:43 ubuntu neutron-server[138679]: DEBUG neutron.api.extensions [None req-d861edb8-1068-4b75-b39a-506089f9d6d5 None None] Extended resource: network-ip-availabilities {{(pid=138679) __init__ /opt/stack/neutron/neutron/api/extensions.py:157}}
Jul 18 19:33:43 ubuntu neutron-server[138679]: DEBUG neutron.api.extensions [None req-d861edb8-1068-4b75-b39a-506089f9d6d5 None None] Extended resource: bindings {{(pid=138679) __init__ /opt/stack/neutron/neutron/api/extensions.py:157}}
Jul 18 19:33:43 ubuntu neutron-server[138679]: DEBUG neutron.api.extensions [None req-d861edb8-1068-4b75-b39a-506089f9d6d5 None None] Extended resource: quotas {{(pid=138679) __init__ /opt/stack/neutron/neutron/api/extensions.py:157}}
Jul 18 19:33:43 ubuntu neutron-server[138679]: DEBUG neutron.api.extensions [None req-d861edb8-1068-4b75-b39a-506089f9d6d5 None None] Extended resource: quotas {{(pid=138679) __init__ /opt/stack/neutron/neutron/api/extensions.py:157}}
Jul 18 19:33:43 ubuntu neutron-server[138679]: DEBUG neutron.api.extensions [None req-d861edb8-1068-4b75-b39a-506089f9d6d5 None None] Extended resource: rbac-policies {{(pid=138679) __init__ /opt/stack/neutron/neutron/api/extensions.py:157}}
Jul 18 19:33:43 ubuntu neutron-server[138679]: DEBUG neutron.api.extensions [None req-d861edb8-1068-4b75-b39a-506089f9d6d5 None None] Extended resource: security-groups {{(pid=138679) __init__ /opt/stack/neutron/neutron/api/extensions.py:157}}
Jul 18 19:33:43 ubuntu neutron-server[138679]: DEBUG neutron.api.extensions [None req-d861edb8-1068-4b75-b39a-506089f9d6d5 None None] Extended resource: security-group-rules {{(pid=138679) __init__ /opt/stack/neutron/neutron/api/extensions.py:157}}
Jul 18 19:33:43 ubuntu neutron-server[138679]: DEBUG neutron.api.extensions [None req-d861edb8-1068-4b75-b39a-506089f9d6d5 None None] Extended resource: service-providers {{(pid=138679) __init__ /opt/stack/neutron/neutron/api/extensions.py:157}}
Jul 18 19:33:43 ubuntu neutron-server[138679]: DEBUG neutron.api.extensions [None req-d861edb8-1068-4b75-b39a-506089f9d6d5 None None] Extended resource: tags {{(pid=138679) __init__ /opt/stack/neutron/neutron/api/extensions.py:157}}
Jul 18 19:33:43 ubuntu neutron-server[138679]: DEBUG neutron.api.extensions [None req-d861edb8-1068-4b75-b39a-506089f9d6d5 None None] Extended resource: tags {{(pid=138679) __init__ /opt/stack/neutron/neutron/api/extensions.py:157}}
Jul 18 19:33:43 ubuntu neutron-server[138679]: DEBUG neutron.api.extensions [None req-d861edb8-1068-4b75-b39a-506089f9d6d5 None None] Extended resource: tags {{(pid=138679) __init__ /opt/stack/neutron/neutron/api/extensions.py:157}}
Jul 18 19:33:43 ubuntu neutron-server[138679]: DEBUG neutron.api.extensions [None req-d861edb8-1068-4b75-b39a-506089f9d6d5 None None] Extended resource: tags {{(pid=138679) __init__ /opt/stack/neutron/neutron/api/extensions.py:157}}
Jul 18 19:33:43 ubuntu neutron-server[138679]: DEBUG neutron.api.extensions [None req-d861edb8-1068-4b75-b39a-506089f9d6d5 None None] Extended resource: tags {{(pid=138679) __init__ /opt/stack/neutron/neutron/api/extensions.py:157}}
Jul 18 19:33:43 ubuntu neutron-server[138679]: DEBUG neutron.api.extensions [None req-d861edb8-1068-4b75-b39a-506089f9d6d5 None None] Extended resource: tags {{(pid=138679) __init__ /opt/stack/neutron/neutron/api/extensions.py:157}}
Jul 18 19:33:43 ubuntu neutron-server[138679]: DEBUG neutron.api.extensions [None req-d861edb8-1068-4b75-b39a-506089f9d6d5 None None] Extended resource: tags {{(pid=138679) __init__ /opt/stack/neutron/neutron/api/extensions.py:157}}
Jul 18 19:33:43 ubuntu neutron-server[138679]: DEBUG neutron.api.extensions [None req-d861edb8-1068-4b75-b39a-506089f9d6d5 None None] Extended resource: tags {{(pid=138679) __init__ /opt/stack/neutron/neutron/api/extensions.py:157}}
Jul 18 19:33:43 ubuntu neutron-server[138679]: DEBUG neutron.api.extensions [None req-d861edb8-1068-4b75-b39a-506089f9d6d5 None None] Extended resource: tags {{(pid=138679) __init__ /opt/stack/neutron/neutron/api/extensions.py:157}}
Jul 18 19:33:43 ubuntu neutron-server[138679]: DEBUG neutron.api.extensions [None req-d861edb8-1068-4b75-b39a-506089f9d6d5 None None] Extended resource: tags {{(pid=138679) __init__ /opt/stack/neutron/neutron/api/extensions.py:157}}
Jul 18 19:33:43 ubuntu neutron-server[138679]: WARNING keystonemiddleware.auth_token [None req-d861edb8-1068-4b75-b39a-506089f9d6d5 None None] AuthToken middleware is set with keystone_authtoken.service_token_roles_required set to False. This is backwards compatible but deprecated behaviour. Please set this to True.
Jul 18 19:33:43 ubuntu neutron-server[138679]: WARNING keystonemiddleware.auth_token [None req-d861edb8-1068-4b75-b39a-506089f9d6d5 None None] Configuring www_authenticate_uri to point to the public identity endpoint is required; clients may not be able to authenticate against an admin endpoint
Jul 18 19:33:43 ubuntu neutron-server[138679]: DEBUG oslo_concurrency.lockutils [None req-d861edb8-1068-4b75-b39a-506089f9d6d5 None None] Acquired lock "singleton_lock" {{(pid=138679) lock /usr/local/lib/python3.8/dist-packages/oslo_concurrency/lockutils.py:294}}
Jul 18 19:33:43 ubuntu neutron-server[138679]: DEBUG oslo_concurrency.lockutils [None req-d861edb8-1068-4b75-b39a-506089f9d6d5 None None] Releasing lock "singleton_lock" {{(pid=138679) lock /usr/local/lib/python3.8/dist-packages/oslo_concurrency/lockutils.py:312}}
Jul 18 19:33:43 ubuntu neutron-server[138679]: INFO oslo_service.service [None req-d861edb8-1068-4b75-b39a-506089f9d6d5 None None] Starting 2 workers
Jul 18 19:33:43 ubuntu neutron-server[138679]: DEBUG oslo_service.service [None req-d861edb8-1068-4b75-b39a-506089f9d6d5 None None] Started child 138885 {{(pid=138679) _start_child /usr/local/lib/python3.8/dist-packages/oslo_service/service.py:575}}
Jul 18 19:33:43 ubuntu neutron-server[138679]: DEBUG oslo_service.service [None req-d861edb8-1068-4b75-b39a-506089f9d6d5 None None] Started child 138886 {{(pid=138679) _start_child /usr/local/lib/python3.8/dist-packages/oslo_service/service.py:575}}
Jul 18 19:33:43 ubuntu neutron-server[138679]: INFO neutron.service [None req-d861edb8-1068-4b75-b39a-506089f9d6d5 None None] Neutron service started, listening on 0.0.0.0:9696
Jul 18 19:33:43 ubuntu neutron-server[138679]: DEBUG neutron_lib.callbacks.manager [None req-d861edb8-1068-4b75-b39a-506089f9d6d5 None None] Publish callbacks ['neutron.plugins.ml2.drivers.ovn.mech_driver.mech_driver.OVNMechanismDriver.pre_fork_initialize-712326'] for process (None), before_spawn {{(pid=138679) _notify_loop /usr/local/lib/python3.8/dist-packages/neutron_lib/callbacks/manager.py:176}}
Jul 18 19:33:43 ubuntu neutron-server[138885]: DEBUG neutron_lib.callbacks.manager [-] Publish callbacks ['neutron.plugins.ml2.drivers.ovn.mech_driver.mech_driver.OVNMechanismDriver.post_fork_initialize-712362'] for process (None), after_init {{(pid=138885) _notify_loop /usr/local/lib/python3.8/dist-packages/neutron_lib/callbacks/manager.py:176}}
Jul 18 19:33:43 ubuntu neutron-server[138886]: DEBUG neutron_lib.callbacks.manager [-] Publish callbacks ['neutron.plugins.ml2.drivers.ovn.mech_driver.mech_driver.OVNMechanismDriver.post_fork_initialize-712362'] for process (None), after_init {{(pid=138886) _notify_loop /usr/local/lib/python3.8/dist-packages/neutron_lib/callbacks/manager.py:176}}
Jul 18 19:33:43 ubuntu neutron-server[138885]: DEBUG dbcounter [-] [138885] Writer thread running {{(pid=138885) stat_writer /usr/local/lib/python3.8/dist-packages/dbcounter.py:99}}
Jul 18 19:33:43 ubuntu neutron-server[138886]: DEBUG dbcounter [-] [138886] Writer thread running {{(pid=138886) stat_writer /usr/local/lib/python3.8/dist-packages/dbcounter.py:99}}
Jul 18 19:33:43 ubuntu neutron-server[138885]: INFO neutron.plugins.ml2.drivers.ovn.mech_driver.ovsdb.impl_idl_ovn [None req-bae3f53b-9b7e-4d45-8802-e31dd5d4bc17 None None] Getting OvsdbNbOvnIdl for WorkerService with retry
Jul 18 19:33:43 ubuntu neutron-server[138886]: INFO neutron.plugins.ml2.drivers.ovn.mech_driver.ovsdb.impl_idl_ovn [None req-28cf7820-2c31-42e2-bdf1-8f318d5774a1 None None] Getting OvsdbNbOvnIdl for WorkerService with retry
Jul 18 19:33:43 ubuntu neutron-server[138679]: DEBUG ovsdbapp.backend.ovs_idl [None req-d861edb8-1068-4b75-b39a-506089f9d6d5 None None] Created schema index Port_Group.name {{(pid=138679) autocreate_indices /usr/local/lib/python3.8/dist-packages/ovsdbapp/backend/ovs_idl/__init__.py:104}}
Jul 18 19:33:43 ubuntu neutron-server[138679]: DEBUG ovsdbapp.backend.ovs_idl [None req-d861edb8-1068-4b75-b39a-506089f9d6d5 None None] Created schema index Logical_Switch_Port.name {{(pid=138679) autocreate_indices /usr/local/lib/python3.8/dist-packages/ovsdbapp/backend/ovs_idl/__init__.py:104}}
Jul 18 19:33:43 ubuntu neutron-server[138885]: DEBUG ovsdbapp.backend.ovs_idl [None req-bae3f53b-9b7e-4d45-8802-e31dd5d4bc17 None None] Created lookup_table index Logical_Switch.name {{(pid=138885) autocreate_indices /usr/local/lib/python3.8/dist-packages/ovsdbapp/backend/ovs_idl/__init__.py:85}}
Jul 18 19:33:43 ubuntu neutron-server[138885]: DEBUG ovsdbapp.backend.ovs_idl [None req-bae3f53b-9b7e-4d45-8802-e31dd5d4bc17 None None] Created lookup_table index Logical_Router.name {{(pid=138885) autocreate_indices /usr/local/lib/python3.8/dist-packages/ovsdbapp/backend/ovs_idl/__init__.py:85}}
Jul 18 19:33:43 ubuntu neutron-server[138885]: DEBUG ovsdbapp.backend.ovs_idl [None req-bae3f53b-9b7e-4d45-8802-e31dd5d4bc17 None None] Created lookup_table index Load_Balancer.name {{(pid=138885) autocreate_indices /usr/local/lib/python3.8/dist-packages/ovsdbapp/backend/ovs_idl/__init__.py:85}}
Jul 18 19:33:43 ubuntu neutron-server[138885]: DEBUG ovsdbapp.backend.ovs_idl [None req-bae3f53b-9b7e-4d45-8802-e31dd5d4bc17 None None] Created schema index Meter.name {{(pid=138885) autocreate_indices /usr/local/lib/python3.8/dist-packages/ovsdbapp/backend/ovs_idl/__init__.py:104}}
Jul 18 19:33:43 ubuntu neutron-server[138885]: DEBUG ovsdbapp.backend.ovs_idl [None req-bae3f53b-9b7e-4d45-8802-e31dd5d4bc17 None None] Created schema index Address_Set.name {{(pid=138885) autocreate_indices /usr/local/lib/python3.8/dist-packages/ovsdbapp/backend/ovs_idl/__init__.py:104}}
Jul 18 19:33:43 ubuntu neutron-server[138885]: DEBUG ovsdbapp.backend.ovs_idl [None req-bae3f53b-9b7e-4d45-8802-e31dd5d4bc17 None None] Created schema index HA_Chassis_Group.name {{(pid=138885) autocreate_indices /usr/local/lib/python3.8/dist-packages/ovsdbapp/backend/ovs_idl/__init__.py:104}}
Jul 18 19:33:43 ubuntu neutron-server[138885]: DEBUG ovsdbapp.backend.ovs_idl [None req-bae3f53b-9b7e-4d45-8802-e31dd5d4bc17 None None] Created schema index Connection.target {{(pid=138885) autocreate_indices /usr/local/lib/python3.8/dist-packages/ovsdbapp/backend/ovs_idl/__init__.py:104}}
Jul 18 19:33:43 ubuntu neutron-server[138885]: DEBUG ovsdbapp.backend.ovs_idl [None req-bae3f53b-9b7e-4d45-8802-e31dd5d4bc17 None None] Created schema index Gateway_Chassis.name {{(pid=138885) autocreate_indices /usr/local/lib/python3.8/dist-packages/ovsdbapp/backend/ovs_idl/__init__.py:104}}
Jul 18 19:33:43 ubuntu neutron-server[138885]: DEBUG ovsdbapp.backend.ovs_idl [None req-bae3f53b-9b7e-4d45-8802-e31dd5d4bc17 None None] Created schema index Logical_Router_Port.name {{(pid=138885) autocreate_indices /usr/local/lib/python3.8/dist-packages/ovsdbapp/backend/ovs_idl/__init__.py:104}}
Jul 18 19:33:43 ubuntu neutron-server[138885]: DEBUG ovsdbapp.backend.ovs_idl [None req-bae3f53b-9b7e-4d45-8802-e31dd5d4bc17 None None] Created schema index Port_Group.name {{(pid=138885) autocreate_indices /usr/local/lib/python3.8/dist-packages/ovsdbapp/backend/ovs_idl/__init__.py:104}}
Jul 18 19:33:43 ubuntu neutron-server[138885]: DEBUG ovsdbapp.backend.ovs_idl [None req-bae3f53b-9b7e-4d45-8802-e31dd5d4bc17 None None] Created schema index Logical_Switch_Port.name {{(pid=138885) autocreate_indices /usr/local/lib/python3.8/dist-packages/ovsdbapp/backend/ovs_idl/__init__.py:104}}
Jul 18 19:33:43 ubuntu neutron-server[138885]: INFO ovsdbapp.backend.ovs_idl.vlog [None req-bae3f53b-9b7e-4d45-8802-e31dd5d4bc17 None None] tcp:192.168.79.41:6641: connecting...
Jul 18 19:33:43 ubuntu neutron-server[138885]: INFO ovsdbapp.backend.ovs_idl.vlog [None req-bae3f53b-9b7e-4d45-8802-e31dd5d4bc17 None None] tcp:192.168.79.41:6641: connected
Jul 18 19:33:43 ubuntu neutron-server[138679]: DEBUG ovsdbapp.backend.ovs_idl.transaction [-] Running txn n=1 command(idx=0): PgAddCommand(name=neutron_pg_drop, may_exist=True, columns={'acls': []}) {{(pid=138679) do_commit /usr/local/lib/python3.8/dist-packages/ovsdbapp/backend/ovs_idl/transaction.py:90}}
Jul 18 19:33:43 ubuntu neutron-server[138679]: DEBUG ovsdbapp.backend.ovs_idl.transaction [-] Running txn n=1 command(idx=1): PgAclAddCommand(entity=neutron_pg_drop, direction=from-lport, priority=1001, match=inport == @neutron_pg_drop && ip, action=drop, log=False, may_exist=True, severity=[], name=[], meter=None, external_ids={}) {{(pid=138679) do_commit /usr/local/lib/python3.8/dist-packages/ovsdbapp/backend/ovs_idl/transaction.py:90}}
Jul 18 19:33:43 ubuntu neutron-server[138679]: DEBUG ovsdbapp.backend.ovs_idl.transaction [-] Running txn n=1 command(idx=2): PgAclAddCommand(entity=neutron_pg_drop, direction=to-lport, priority=1001, match=outport == @neutron_pg_drop && ip, action=drop, log=False, may_exist=True, severity=[], name=[], meter=None, external_ids={}) {{(pid=138679) do_commit /usr/local/lib/python3.8/dist-packages/ovsdbapp/backend/ovs_idl/transaction.py:90}}
Jul 18 19:33:43 ubuntu neutron-server[138886]: DEBUG ovsdbapp.backend.ovs_idl [None req-28cf7820-2c31-42e2-bdf1-8f318d5774a1 None None] Created lookup_table index Logical_Switch.name {{(pid=138886) autocreate_indices /usr/local/lib/python3.8/dist-packages/ovsdbapp/backend/ovs_idl/__init__.py:85}}
Jul 18 19:33:43 ubuntu neutron-server[138886]: DEBUG ovsdbapp.backend.ovs_idl [None req-28cf7820-2c31-42e2-bdf1-8f318d5774a1 None None] Created lookup_table index Logical_Router.name {{(pid=138886) autocreate_indices /usr/local/lib/python3.8/dist-packages/ovsdbapp/backend/ovs_idl/__init__.py:85}}
Jul 18 19:33:43 ubuntu neutron-server[138886]: DEBUG ovsdbapp.backend.ovs_idl [None req-28cf7820-2c31-42e2-bdf1-8f318d5774a1 None None] Created lookup_table index Load_Balancer.name {{(pid=138886) autocreate_indices /usr/local/lib/python3.8/dist-packages/ovsdbapp/backend/ovs_idl/__init__.py:85}}
Jul 18 19:33:43 ubuntu neutron-server[138679]: DEBUG ovsdbapp.backend.ovs_idl.event [-] Matched CREATE: NeutronPgDropPortGroupCreated(events=('create',), table='Port_Group', conditions=(('name', '=', 'neutron_pg_drop'),), old_conditions=None), priority=10 to row=Port_Group(name=neutron_pg_drop, ports=[], external_ids={}, acls=[<ovs.db.idl.Row object at 0x7f6b9e4427c0>, <ovs.db.idl.Row object at 0x7f6b9dd2cee0>]) old= {{(pid=138679) matches /usr/local/lib/python3.8/dist-packages/ovsdbapp/backend/ovs_idl/event.py:43}}
Jul 18 19:33:43 ubuntu neutron-server[138886]: DEBUG ovsdbapp.backend.ovs_idl [None req-28cf7820-2c31-42e2-bdf1-8f318d5774a1 None None] Created schema index Meter.name {{(pid=138886) autocreate_indices /usr/local/lib/python3.8/dist-packages/ovsdbapp/backend/ovs_idl/__init__.py:104}}
Jul 18 19:33:43 ubuntu neutron-server[138886]: DEBUG ovsdbapp.backend.ovs_idl [None req-28cf7820-2c31-42e2-bdf1-8f318d5774a1 None None] Created schema index Address_Set.name {{(pid=138886) autocreate_indices /usr/local/lib/python3.8/dist-packages/ovsdbapp/backend/ovs_idl/__init__.py:104}}
Jul 18 19:33:43 ubuntu neutron-server[138886]: DEBUG ovsdbapp.backend.ovs_idl [None req-28cf7820-2c31-42e2-bdf1-8f318d5774a1 None None] Created schema index HA_Chassis_Group.name {{(pid=138886) autocreate_indices /usr/local/lib/python3.8/dist-packages/ovsdbapp/backend/ovs_idl/__init__.py:104}}
Jul 18 19:33:43 ubuntu neutron-server[138886]: DEBUG ovsdbapp.backend.ovs_idl [None req-28cf7820-2c31-42e2-bdf1-8f318d5774a1 None None] Created schema index Connection.target {{(pid=138886) autocreate_indices /usr/local/lib/python3.8/dist-packages/ovsdbapp/backend/ovs_idl/__init__.py:104}}
Jul 18 19:33:43 ubuntu neutron-server[138886]: DEBUG ovsdbapp.backend.ovs_idl [None req-28cf7820-2c31-42e2-bdf1-8f318d5774a1 None None] Created schema index Gateway_Chassis.name {{(pid=138886) autocreate_indices /usr/local/lib/python3.8/dist-packages/ovsdbapp/backend/ovs_idl/__init__.py:104}}
Jul 18 19:33:43 ubuntu neutron-server[138886]: DEBUG ovsdbapp.backend.ovs_idl [None req-28cf7820-2c31-42e2-bdf1-8f318d5774a1 None None] Created schema index Logical_Router_Port.name {{(pid=138886) autocreate_indices /usr/local/lib/python3.8/dist-packages/ovsdbapp/backend/ovs_idl/__init__.py:104}}
Jul 18 19:33:43 ubuntu neutron-server[138886]: DEBUG ovsdbapp.backend.ovs_idl [None req-28cf7820-2c31-42e2-bdf1-8f318d5774a1 None None] Created schema index Port_Group.name {{(pid=138886) autocreate_indices /usr/local/lib/python3.8/dist-packages/ovsdbapp/backend/ovs_idl/__init__.py:104}}
Jul 18 19:33:43 ubuntu neutron-server[138886]: DEBUG ovsdbapp.backend.ovs_idl [None req-28cf7820-2c31-42e2-bdf1-8f318d5774a1 None None] Created schema index Logical_Switch_Port.name {{(pid=138886) autocreate_indices /usr/local/lib/python3.8/dist-packages/ovsdbapp/backend/ovs_idl/__init__.py:104}}
Jul 18 19:33:43 ubuntu neutron-server[138886]: INFO ovsdbapp.backend.ovs_idl.vlog [None req-28cf7820-2c31-42e2-bdf1-8f318d5774a1 None None] tcp:192.168.79.41:6641: connecting...
Jul 18 19:33:43 ubuntu neutron-server[138886]: INFO ovsdbapp.backend.ovs_idl.vlog [None req-28cf7820-2c31-42e2-bdf1-8f318d5774a1 None None] tcp:192.168.79.41:6641: connected
Jul 18 19:33:43 ubuntu neutron-server[138885]: DEBUG neutron.common.ovn.hash_ring_manager [None req-bae3f53b-9b7e-4d45-8802-e31dd5d4bc17 None None] Allow caching, nodes 2>=2 {{(pid=138885) _wait_startup_before_caching /opt/stack/neutron/neutron/common/ovn/hash_ring_manager.py:60}}
Jul 18 19:33:43 ubuntu neutron-server[138679]: DEBUG ovsdbapp.backend.ovs_idl [None req-d861edb8-1068-4b75-b39a-506089f9d6d5 None None] Created lookup_table index Logical_Switch.name {{(pid=138679) autocreate_indices /usr/local/lib/python3.8/dist-packages/ovsdbapp/backend/ovs_idl/__init__.py:85}}
Jul 18 19:33:43 ubuntu neutron-server[138679]: DEBUG ovsdbapp.backend.ovs_idl [None req-d861edb8-1068-4b75-b39a-506089f9d6d5 None None] Created lookup_table index Logical_Router.name {{(pid=138679) autocreate_indices /usr/local/lib/python3.8/dist-packages/ovsdbapp/backend/ovs_idl/__init__.py:85}}
Jul 18 19:33:43 ubuntu neutron-server[138679]: DEBUG ovsdbapp.backend.ovs_idl [None req-d861edb8-1068-4b75-b39a-506089f9d6d5 None None] Created lookup_table index Load_Balancer.name {{(pid=138679) autocreate_indices /usr/local/lib/python3.8/dist-packages/ovsdbapp/backend/ovs_idl/__init__.py:85}}
Jul 18 19:33:43 ubuntu neutron-server[138679]: DEBUG ovsdbapp.backend.ovs_idl [None req-d861edb8-1068-4b75-b39a-506089f9d6d5 None None] Created schema index Meter.name {{(pid=138679) autocreate_indices /usr/local/lib/python3.8/dist-packages/ovsdbapp/backend/ovs_idl/__init__.py:104}}
Jul 18 19:33:43 ubuntu neutron-server[138679]: DEBUG ovsdbapp.backend.ovs_idl [None req-d861edb8-1068-4b75-b39a-506089f9d6d5 None None] Created schema index Address_Set.name {{(pid=138679) autocreate_indices /usr/local/lib/python3.8/dist-packages/ovsdbapp/backend/ovs_idl/__init__.py:104}}
Jul 18 19:33:43 ubuntu neutron-server[138679]: DEBUG ovsdbapp.backend.ovs_idl [None req-d861edb8-1068-4b75-b39a-506089f9d6d5 None None] Created schema index HA_Chassis_Group.name {{(pid=138679) autocreate_indices /usr/local/lib/python3.8/dist-packages/ovsdbapp/backend/ovs_idl/__init__.py:104}}
Jul 18 19:33:43 ubuntu neutron-server[138679]: DEBUG ovsdbapp.backend.ovs_idl [None req-d861edb8-1068-4b75-b39a-506089f9d6d5 None None] Created schema index Connection.target {{(pid=138679) autocreate_indices /usr/local/lib/python3.8/dist-packages/ovsdbapp/backend/ovs_idl/__init__.py:104}}
Jul 18 19:33:43 ubuntu neutron-server[138679]: DEBUG ovsdbapp.backend.ovs_idl [None req-d861edb8-1068-4b75-b39a-506089f9d6d5 None None] Created schema index Gateway_Chassis.name {{(pid=138679) autocreate_indices /usr/local/lib/python3.8/dist-packages/ovsdbapp/backend/ovs_idl/__init__.py:104}}
Jul 18 19:33:43 ubuntu neutron-server[138679]: DEBUG ovsdbapp.backend.ovs_idl [None req-d861edb8-1068-4b75-b39a-506089f9d6d5 None None] Created schema index Logical_Router_Port.name {{(pid=138679) autocreate_indices /usr/local/lib/python3.8/dist-packages/ovsdbapp/backend/ovs_idl/__init__.py:104}}
Jul 18 19:33:43 ubuntu neutron-server[138679]: DEBUG ovsdbapp.backend.ovs_idl [None req-d861edb8-1068-4b75-b39a-506089f9d6d5 None None] Created schema index Port_Group.name {{(pid=138679) autocreate_indices /usr/local/lib/python3.8/dist-packages/ovsdbapp/backend/ovs_idl/__init__.py:104}}
Jul 18 19:33:43 ubuntu neutron-server[138679]: DEBUG ovsdbapp.backend.ovs_idl [None req-d861edb8-1068-4b75-b39a-506089f9d6d5 None None] Created schema index Logical_Switch_Port.name {{(pid=138679) autocreate_indices /usr/local/lib/python3.8/dist-packages/ovsdbapp/backend/ovs_idl/__init__.py:104}}
Jul 18 19:33:43 ubuntu neutron-server[138886]: DEBUG neutron.common.ovn.hash_ring_manager [None req-28cf7820-2c31-42e2-bdf1-8f318d5774a1 None None] Allow caching, nodes 2>=2 {{(pid=138886) _wait_startup_before_caching /opt/stack/neutron/neutron/common/ovn/hash_ring_manager.py:60}}
Jul 18 19:33:43 ubuntu neutron-server[138679]: DEBUG ovsdbapp.backend.ovs_idl [None req-d861edb8-1068-4b75-b39a-506089f9d6d5 None None] Created lookup_table index Chassis.name {{(pid=138679) autocreate_indices /usr/local/lib/python3.8/dist-packages/ovsdbapp/backend/ovs_idl/__init__.py:85}}
Jul 18 19:33:43 ubuntu neutron-server[138679]: DEBUG ovsdbapp.backend.ovs_idl [None req-d861edb8-1068-4b75-b39a-506089f9d6d5 None None] Created lookup_table index MAC_Binding.ip {{(pid=138679) autocreate_indices /usr/local/lib/python3.8/dist-packages/ovsdbapp/backend/ovs_idl/__init__.py:85}}
Jul 18 19:33:43 ubuntu neutron-server[138679]: DEBUG ovsdbapp.backend.ovs_idl [None req-d861edb8-1068-4b75-b39a-506089f9d6d5 None None] Created schema index Meter.name {{(pid=138679) autocreate_indices /usr/local/lib/python3.8/dist-packages/ovsdbapp/backend/ovs_idl/__init__.py:104}}
Jul 18 19:33:43 ubuntu neutron-server[138679]: DEBUG ovsdbapp.backend.ovs_idl [None req-d861edb8-1068-4b75-b39a-506089f9d6d5 None None] Created schema index Address_Set.name {{(pid=138679) autocreate_indices /usr/local/lib/python3.8/dist-packages/ovsdbapp/backend/ovs_idl/__init__.py:104}}
Jul 18 19:33:43 ubuntu neutron-server[138679]: DEBUG ovsdbapp.backend.ovs_idl [None req-d861edb8-1068-4b75-b39a-506089f9d6d5 None None] Created schema index HA_Chassis_Group.name {{(pid=138679) autocreate_indices /usr/local/lib/python3.8/dist-packages/ovsdbapp/backend/ovs_idl/__init__.py:104}}
Jul 18 19:33:43 ubuntu neutron-server[138679]: DEBUG ovsdbapp.backend.ovs_idl [None req-d861edb8-1068-4b75-b39a-506089f9d6d5 None None] Created schema index IP_Multicast.datapath {{(pid=138679) autocreate_indices /usr/local/lib/python3.8/dist-packages/ovsdbapp/backend/ovs_idl/__init__.py:104}}
Jul 18 19:33:43 ubuntu neutron-server[138679]: DEBUG ovsdbapp.backend.ovs_idl [None req-d861edb8-1068-4b75-b39a-506089f9d6d5 None None] Created schema index Connection.target {{(pid=138679) autocreate_indices /usr/local/lib/python3.8/dist-packages/ovsdbapp/backend/ovs_idl/__init__.py:104}}
Jul 18 19:33:43 ubuntu neutron-server[138679]: DEBUG ovsdbapp.backend.ovs_idl [None req-d861edb8-1068-4b75-b39a-506089f9d6d5 None None] Created schema index Gateway_Chassis.name {{(pid=138679) autocreate_indices /usr/local/lib/python3.8/dist-packages/ovsdbapp/backend/ovs_idl/__init__.py:104}}
Jul 18 19:33:43 ubuntu neutron-server[138679]: DEBUG ovsdbapp.backend.ovs_idl [None req-d861edb8-1068-4b75-b39a-506089f9d6d5 None None] Created schema index Port_Group.name {{(pid=138679) autocreate_indices /usr/local/lib/python3.8/dist-packages/ovsdbapp/backend/ovs_idl/__init__.py:104}}
Jul 18 19:33:43 ubuntu neutron-server[138679]: DEBUG ovsdbapp.backend.ovs_idl [None req-d861edb8-1068-4b75-b39a-506089f9d6d5 None None] Created schema index Datapath_Binding.tunnel_key {{(pid=138679) autocreate_indices /usr/local/lib/python3.8/dist-packages/ovsdbapp/backend/ovs_idl/__init__.py:104}}
Jul 18 19:33:43 ubuntu neutron-server[138885]: DEBUG neutron.plugins.ml2.drivers.ovn.mech_driver.ovsdb.ovsdb_monitor [None req-bae3f53b-9b7e-4d45-8802-e31dd5d4bc17 None None] Hash Ring: Node f6a6af0c-2b20-4fb5-b4fb-415996497ca6 (host: ubuntu) handling event "create" for row c3541966-eba0-4c1e-a64a-38e1bcdf5d48 (table: Database) {{(pid=138885) notify /opt/stack/neutron/neutron/plugins/ml2/drivers/ovn/mech_driver/ovsdb/ovsdb_monitor.py:743}}
Jul 18 19:33:43 ubuntu neutron-server[138679]: INFO oslo_service.service [None req-d861edb8-1068-4b75-b39a-506089f9d6d5 None None] Starting 1 workers
Jul 18 19:33:43 ubuntu neutron-server[138886]: DEBUG neutron.plugins.ml2.drivers.ovn.mech_driver.ovsdb.ovsdb_monitor [None req-28cf7820-2c31-42e2-bdf1-8f318d5774a1 None None] Hash Ring: Node 0b40ee30-004b-4579-8292-562e252b379f (host: ubuntu) handling event "create" for row 81400c4d-ba7c-45c9-8fdf-8ac409b5ffbd (table: Database) {{(pid=138886) notify /opt/stack/neutron/neutron/plugins/ml2/drivers/ovn/mech_driver/ovsdb/ovsdb_monitor.py:743}}
Jul 18 19:33:43 ubuntu neutron-server[138679]: DEBUG oslo_service.service [None req-d861edb8-1068-4b75-b39a-506089f9d6d5 None None] Started child 138889 {{(pid=138679) _start_child /usr/local/lib/python3.8/dist-packages/oslo_service/service.py:575}}
Jul 18 19:33:43 ubuntu neutron-server[138885]: INFO neutron.plugins.ml2.drivers.ovn.mech_driver.ovsdb.impl_idl_ovn [None req-bae3f53b-9b7e-4d45-8802-e31dd5d4bc17 None None] Getting OvsdbSbOvnIdl for WorkerService with retry
Jul 18 19:33:43 ubuntu neutron-server[138679]: INFO oslo_service.service [None req-d861edb8-1068-4b75-b39a-506089f9d6d5 None None] Starting 1 workers
Jul 18 19:33:43 ubuntu neutron-server[138886]: DEBUG neutron.plugins.ml2.drivers.ovn.mech_driver.ovsdb.ovsdb_monitor [None req-28cf7820-2c31-42e2-bdf1-8f318d5774a1 None None] Hash Ring: Node 0b40ee30-004b-4579-8292-562e252b379f (host: ubuntu) handling event "create" for row 5071294e-8b67-42fe-9bdc-bec0ebffbb36 (table: Port_Group) {{(pid=138886) notify /opt/stack/neutron/neutron/plugins/ml2/drivers/ovn/mech_driver/ovsdb/ovsdb_monitor.py:743}}
Jul 18 19:33:43 ubuntu neutron-server[138886]: DEBUG neutron.plugins.ml2.drivers.ovn.mech_driver.ovsdb.ovsdb_monitor [None req-28cf7820-2c31-42e2-bdf1-8f318d5774a1 None None] Hash Ring: Node 0b40ee30-004b-4579-8292-562e252b379f (host: ubuntu) handling event "create" for row 8d038a77-81b4-4369-a6a9-b182cf99a5e4 (table: NB_Global) {{(pid=138886) notify /opt/stack/neutron/neutron/plugins/ml2/drivers/ovn/mech_driver/ovsdb/ovsdb_monitor.py:743}}
Jul 18 19:33:43 ubuntu neutron-server[138886]: DEBUG neutron.plugins.ml2.drivers.ovn.mech_driver.ovsdb.ovsdb_monitor [None req-28cf7820-2c31-42e2-bdf1-8f318d5774a1 None None] Hash Ring: Node 0b40ee30-004b-4579-8292-562e252b379f (host: ubuntu) handling event "create" for row 5ef5787f-bbfe-4705-a970-fc45b4fd6068 (table: ACL) {{(pid=138886) notify /opt/stack/neutron/neutron/plugins/ml2/drivers/ovn/mech_driver/ovsdb/ovsdb_monitor.py:743}}
Jul 18 19:33:43 ubuntu neutron-server[138886]: DEBUG neutron.plugins.ml2.drivers.ovn.mech_driver.ovsdb.ovsdb_monitor [None req-28cf7820-2c31-42e2-bdf1-8f318d5774a1 None None] Hash Ring: Node 0b40ee30-004b-4579-8292-562e252b379f (host: ubuntu) handling event "create" for row 12d84697-ef70-4f1b-bdfc-e31733c85876 (table: ACL) {{(pid=138886) notify /opt/stack/neutron/neutron/plugins/ml2/drivers/ovn/mech_driver/ovsdb/ovsdb_monitor.py:743}}
Jul 18 19:33:43 ubuntu neutron-server[138886]: DEBUG neutron.plugins.ml2.drivers.ovn.mech_driver.ovsdb.ovsdb_monitor [None req-28cf7820-2c31-42e2-bdf1-8f318d5774a1 None None] Hash Ring: Node 0b40ee30-004b-4579-8292-562e252b379f (host: ubuntu) handling event "create" for row 2976b168-c35a-4090-9ea0-1162cc0ddec8 (table: Connection) {{(pid=138886) notify /opt/stack/neutron/neutron/plugins/ml2/drivers/ovn/mech_driver/ovsdb/ovsdb_monitor.py:743}}
Jul 18 19:33:43 ubuntu neutron-server[138886]: INFO neutron.plugins.ml2.drivers.ovn.mech_driver.ovsdb.impl_idl_ovn [None req-28cf7820-2c31-42e2-bdf1-8f318d5774a1 None None] Getting OvsdbSbOvnIdl for WorkerService with retry
Jul 18 19:33:43 ubuntu neutron-server[138679]: DEBUG oslo_service.service [None req-d861edb8-1068-4b75-b39a-506089f9d6d5 None None] Started child 138890 {{(pid=138679) _start_child /usr/local/lib/python3.8/dist-packages/oslo_service/service.py:575}}
Jul 18 19:33:43 ubuntu neutron-server[138679]: INFO oslo_service.service [None req-d861edb8-1068-4b75-b39a-506089f9d6d5 None None] Starting 1 workers
Jul 18 19:33:43 ubuntu neutron-server[138885]: DEBUG ovsdbapp.backend.ovs_idl [None req-bae3f53b-9b7e-4d45-8802-e31dd5d4bc17 None None] Created lookup_table index Chassis.name {{(pid=138885) autocreate_indices /usr/local/lib/python3.8/dist-packages/ovsdbapp/backend/ovs_idl/__init__.py:85}}
Jul 18 19:33:43 ubuntu neutron-server[138889]: DEBUG neutron.service [None req-d861edb8-1068-4b75-b39a-506089f9d6d5 None None] calling RpcWorker wait() {{(pid=138889) _wait /opt/stack/neutron/neutron/service.py:128}}
Jul 18 19:33:43 ubuntu neutron-server[138885]: DEBUG ovsdbapp.backend.ovs_idl [None req-bae3f53b-9b7e-4d45-8802-e31dd5d4bc17 None None] Created schema index Datapath_Binding.tunnel_key {{(pid=138885) autocreate_indices /usr/local/lib/python3.8/dist-packages/ovsdbapp/backend/ovs_idl/__init__.py:104}}
Jul 18 19:33:43 ubuntu neutron-server[138885]: DEBUG ovsdbapp.backend.ovs_idl [None req-bae3f53b-9b7e-4d45-8802-e31dd5d4bc17 None None] Created schema index Connection.target {{(pid=138885) autocreate_indices /usr/local/lib/python3.8/dist-packages/ovsdbapp/backend/ovs_idl/__init__.py:104}}
Jul 18 19:33:43 ubuntu neutron-server[138679]: DEBUG oslo_service.service [None req-d861edb8-1068-4b75-b39a-506089f9d6d5 None None] Started child 138891 {{(pid=138679) _start_child /usr/local/lib/python3.8/dist-packages/oslo_service/service.py:575}}
Jul 18 19:33:43 ubuntu neutron-server[138885]: INFO ovsdbapp.backend.ovs_idl.vlog [None req-bae3f53b-9b7e-4d45-8802-e31dd5d4bc17 None None] tcp:192.168.79.41:6642: connecting...
Jul 18 19:33:43 ubuntu neutron-server[138886]: DEBUG ovsdbapp.backend.ovs_idl [None req-28cf7820-2c31-42e2-bdf1-8f318d5774a1 None None] Created lookup_table index Chassis.name {{(pid=138886) autocreate_indices /usr/local/lib/python3.8/dist-packages/ovsdbapp/backend/ovs_idl/__init__.py:85}}
Jul 18 19:33:43 ubuntu neutron-server[138679]: DEBUG neutron_lib.callbacks.manager [None req-d861edb8-1068-4b75-b39a-506089f9d6d5 None None] Publish callbacks [] for process (None), after_spawn {{(pid=138679) _notify_loop /usr/local/lib/python3.8/dist-packages/neutron_lib/callbacks/manager.py:176}}
Jul 18 19:33:43 ubuntu neutron-server[138886]: DEBUG ovsdbapp.backend.ovs_idl [None req-28cf7820-2c31-42e2-bdf1-8f318d5774a1 None None] Created schema index Datapath_Binding.tunnel_key {{(pid=138886) autocreate_indices /usr/local/lib/python3.8/dist-packages/ovsdbapp/backend/ovs_idl/__init__.py:104}}
Jul 18 19:33:43 ubuntu neutron-server[138889]: DEBUG neutron.service [None req-d861edb8-1068-4b75-b39a-506089f9d6d5 None None] returning from RpcWorker wait() {{(pid=138889) _wait /opt/stack/neutron/neutron/service.py:135}}
Jul 18 19:33:43 ubuntu neutron-server[138886]: DEBUG ovsdbapp.backend.ovs_idl [None req-28cf7820-2c31-42e2-bdf1-8f318d5774a1 None None] Created schema index Connection.target {{(pid=138886) autocreate_indices /usr/local/lib/python3.8/dist-packages/ovsdbapp/backend/ovs_idl/__init__.py:104}}
Jul 18 19:33:43 ubuntu neutron-server[138885]: INFO ovsdbapp.backend.ovs_idl.vlog [None req-bae3f53b-9b7e-4d45-8802-e31dd5d4bc17 None None] tcp:192.168.79.41:6642: connected
Jul 18 19:33:43 ubuntu neutron-server[138886]: INFO ovsdbapp.backend.ovs_idl.vlog [None req-28cf7820-2c31-42e2-bdf1-8f318d5774a1 None None] tcp:192.168.79.41:6642: connecting...
Jul 18 19:33:43 ubuntu neutron-server[138886]: INFO ovsdbapp.backend.ovs_idl.vlog [None req-28cf7820-2c31-42e2-bdf1-8f318d5774a1 None None] tcp:192.168.79.41:6642: connected
Jul 18 19:33:43 ubuntu neutron-server[138679]: DEBUG oslo_service.service [-] Full set of CONF: {{(pid=138679) wait /usr/local/lib/python3.8/dist-packages/oslo_service/service.py:649}}
Jul 18 19:33:43 ubuntu neutron-server[138679]: DEBUG oslo_service.service [-] ******************************************************************************** {{(pid=138679) log_opt_values /usr/local/lib/python3.8/dist-packages/oslo_config/cfg.py:2589}}
Jul 18 19:33:43 ubuntu neutron-server[138679]: DEBUG oslo_service.service [-] Configuration options gathered from: {{(pid=138679) log_opt_values /usr/local/lib/python3.8/dist-packages/oslo_config/cfg.py:2590}}
Jul 18 19:33:43 ubuntu neutron-server[138679]: DEBUG oslo_service.service [-] command line args: ['--config-file', '/etc/neutron/neutron.conf', '--config-file', '/etc/neutron/plugins/ml2/ml2_conf.ini'] {{(pid=138679) log_opt_values /usr/local/lib/python3.8/dist-packages/oslo_config/cfg.py:2591}}
Jul 18 19:33:43 ubuntu neutron-server[138679]: DEBUG oslo_service.service [-] config files: ['/etc/neutron/neutron.conf', '/etc/neutron/plugins/ml2/ml2_conf.ini'] {{(pid=138679) log_opt_values /usr/local/lib/python3.8/dist-packages/oslo_config/cfg.py:2592}}
Jul 18 19:33:43 ubuntu neutron-server[138679]: DEBUG oslo_service.service [-] ================================================================================ {{(pid=138679) log_opt_values /usr/local/lib/python3.8/dist-packages/oslo_config/cfg.py:2594}}
Jul 18 19:33:43 ubuntu neutron-server[138889]: DEBUG neutron_lib.callbacks.manager [-] Publish callbacks ['neutron.plugins.ml2.drivers.ovn.mech_driver.mech_driver.OVNMechanismDriver.post_fork_initialize-712362'] for process (None), after_init {{(pid=138889) _notify_loop /usr/local/lib/python3.8/dist-packages/neutron_lib/callbacks/manager.py:176}}
Jul 18 19:33:43 ubuntu neutron-server[138679]: DEBUG oslo_service.service [-] agent_down_time                = 75 {{(pid=138679) log_opt_values /usr/local/lib/python3.8/dist-packages/oslo_config/cfg.py:2602}}
Jul 18 19:33:43 ubuntu neutron-server[138679]: DEBUG oslo_service.service [-] allow_automatic_dhcp_failover  = True {{(pid=138679) log_opt_values /usr/local/lib/python3.8/dist-packages/oslo_config/cfg.py:2602}}
Jul 18 19:33:43 ubuntu neutron-server[138679]: DEBUG oslo_service.service [-] allow_bulk                     = True {{(pid=138679) log_opt_values /usr/local/lib/python3.8/dist-packages/oslo_config/cfg.py:2602}}
Jul 18 19:33:43 ubuntu neutron-server[138679]: DEBUG oslo_service.service [-] allowed_conntrack_helpers      = [{'amanda': 'tcp'}, {'ftp': 'tcp'}, {'h323': 'udp'}, {'h323': 'tcp'}, {'irc': 'tcp'}, {'netbios-ns': 'udp'}, {'pptp': 'tcp'}, {'sane': 'tcp'}, {'sip': 'udp'}, {'sip': 'tcp'}, {'snmp': 'udp'}, {'tftp': 'udp'}] {{(pid=138679) log_opt_values /usr/local/lib/python3.8/dist-packages/oslo_config/cfg.py:2602}}
Jul 18 19:33:43 ubuntu neutron-server[138679]: DEBUG oslo_service.service [-] api_extensions_path            =  {{(pid=138679) log_opt_values /usr/local/lib/python3.8/dist-packages/oslo_config/cfg.py:2602}}
Jul 18 19:33:43 ubuntu neutron-server[138679]: DEBUG oslo_service.service [-] api_paste_config               = api-paste.ini {{(pid=138679) log_opt_values /usr/local/lib/python3.8/dist-packages/oslo_config/cfg.py:2602}}
Jul 18 19:33:43 ubuntu neutron-server[138679]: DEBUG oslo_service.service [-] api_workers                    = 2 {{(pid=138679) log_opt_values /usr/local/lib/python3.8/dist-packages/oslo_config/cfg.py:2602}}
Jul 18 19:33:43 ubuntu neutron-server[138679]: DEBUG oslo_service.service [-] auth_strategy                  = keystone {{(pid=138679) log_opt_values /usr/local/lib/python3.8/dist-packages/oslo_config/cfg.py:2602}}
Jul 18 19:33:43 ubuntu neutron-server[138679]: DEBUG oslo_service.service [-] backdoor_port                  = None {{(pid=138679) log_opt_values /usr/local/lib/python3.8/dist-packages/oslo_config/cfg.py:2602}}
Jul 18 19:33:43 ubuntu neutron-server[138679]: DEBUG oslo_service.service [-] backdoor_socket                = None {{(pid=138679) log_opt_values /usr/local/lib/python3.8/dist-packages/oslo_config/cfg.py:2602}}
Jul 18 19:33:43 ubuntu neutron-server[138679]: DEBUG oslo_service.service [-] backlog                        = 4096 {{(pid=138679) log_opt_values /usr/local/lib/python3.8/dist-packages/oslo_config/cfg.py:2602}}
Jul 18 19:33:43 ubuntu neutron-server[138679]: DEBUG oslo_service.service [-] base_mac                       = fa:16:3e:00:00:00 {{(pid=138679) log_opt_values /usr/local/lib/python3.8/dist-packages/oslo_config/cfg.py:2602}}
