Apr 12 17:49:18 ubuntu neutron-server[121443]: DEBUG neutron.api.extensions [None req-4f16f2ea-1e9e-4fd2-8182-ca2e3cd782e0 None None] Loading extension file: vlantransparent.py {{(pid=121443) _load_all_extensions_from_path /opt/stack/neutron/neutron/api/extensions.py:450}}
Apr 12 17:49:18 ubuntu neutron-server[121443]: DEBUG neutron.api.extensions [None req-4f16f2ea-1e9e-4fd2-8182-ca2e3cd782e0 None None] Ext name="Vlantransparent" alias="vlan-transparent" description="Provides Vlan Transparent Networks" updated="2015-03-23T09:00:00-00:00" {{(pid=121443) _check_extension /opt/stack/neutron/neutron/api/extensions.py:416}}
Apr 12 17:49:18 ubuntu neutron-server[121443]: INFO neutron.api.extensions [None req-4f16f2ea-1e9e-4fd2-8182-ca2e3cd782e0 None None] Extension vlan-transparent not supported by any of loaded plugins
Apr 12 17:49:18 ubuntu neutron-server[121443]: INFO neutron.quota.resource_registry [None req-4f16f2ea-1e9e-4fd2-8182-ca2e3cd782e0 None None] Creating instance of TrackedResource for resource:network
Apr 12 17:49:18 ubuntu neutron-server[121443]: INFO neutron.quota.resource_registry [None req-4f16f2ea-1e9e-4fd2-8182-ca2e3cd782e0 None None] Creating instance of TrackedResource for resource:subnet
Apr 12 17:49:18 ubuntu neutron-server[121443]: INFO neutron.quota.resource_registry [None req-4f16f2ea-1e9e-4fd2-8182-ca2e3cd782e0 None None] Creating instance of TrackedResource for resource:subnetpool
Apr 12 17:49:18 ubuntu neutron-server[121443]: INFO neutron.quota.resource_registry [None req-4f16f2ea-1e9e-4fd2-8182-ca2e3cd782e0 None None] Creating instance of TrackedResource for resource:port
Apr 12 17:49:18 ubuntu neutron-server[121443]: DEBUG neutron.api.v2.resource_helper [None req-4f16f2ea-1e9e-4fd2-8182-ca2e3cd782e0 None None] Service FLAVORS assigned prefix:  {{(pid=121443) build_resource_info /opt/stack/neutron/neutron/api/v2/resource_helper.py:77}}
Apr 12 17:49:18 ubuntu neutron-server[121443]: DEBUG neutron.api.v2.resource_helper [None req-4f16f2ea-1e9e-4fd2-8182-ca2e3cd782e0 None None] Service L3_ROUTER_NAT assigned prefix:  {{(pid=121443) build_resource_info /opt/stack/neutron/neutron/api/v2/resource_helper.py:77}}
Apr 12 17:49:18 ubuntu neutron-server[121443]: DEBUG neutron.api.v2.resource_helper [None req-4f16f2ea-1e9e-4fd2-8182-ca2e3cd782e0 None None] Service L3_ROUTER_NAT assigned prefix:  {{(pid=121443) build_resource_info /opt/stack/neutron/neutron/api/v2/resource_helper.py:77}}
Apr 12 17:49:18 ubuntu neutron-server[121443]: INFO neutron.quota.resource_registry [None req-4f16f2ea-1e9e-4fd2-8182-ca2e3cd782e0 None None] Creating instance of TrackedResource for resource:router
Apr 12 17:49:18 ubuntu neutron-server[121443]: INFO neutron.quota.resource_registry [None req-4f16f2ea-1e9e-4fd2-8182-ca2e3cd782e0 None None] Creating instance of TrackedResource for resource:floatingip
Apr 12 17:49:18 ubuntu neutron-server[121443]: DEBUG neutron_lib.callbacks.manager [None req-4f16f2ea-1e9e-4fd2-8182-ca2e3cd782e0 None None] Subscribe: <bound method NeutronDbPluginV2.validate_network_rbac_policy_change of <neutron.services.network_ip_availability.plugin.NetworkIPAvailabilityPlugin object at 0x7fccd2864e80>> rbac-policy before_create 55550000 {{(pid=121443) subscribe /usr/local/lib/python3.8/dist-packages/neutron_lib/callbacks/manager.py:45}}
Apr 12 17:49:18 ubuntu neutron-server[121443]: DEBUG neutron_lib.callbacks.manager [None req-4f16f2ea-1e9e-4fd2-8182-ca2e3cd782e0 None None] Subscribe: <bound method NeutronDbPluginV2.validate_network_rbac_policy_change of <neutron.services.network_ip_availability.plugin.NetworkIPAvailabilityPlugin object at 0x7fccd2864e80>> rbac-policy before_update 55550000 {{(pid=121443) subscribe /usr/local/lib/python3.8/dist-packages/neutron_lib/callbacks/manager.py:45}}
Apr 12 17:49:18 ubuntu neutron-server[121443]: DEBUG neutron_lib.callbacks.manager [None req-4f16f2ea-1e9e-4fd2-8182-ca2e3cd782e0 None None] Subscribe: <bound method NeutronDbPluginV2.validate_network_rbac_policy_change of <neutron.services.network_ip_availability.plugin.NetworkIPAvailabilityPlugin object at 0x7fccd2864e80>> rbac-policy before_delete 55550000 {{(pid=121443) subscribe /usr/local/lib/python3.8/dist-packages/neutron_lib/callbacks/manager.py:45}}
Apr 12 17:49:18 ubuntu neutron-server[121443]: INFO neutron.quota.resource_registry [None req-4f16f2ea-1e9e-4fd2-8182-ca2e3cd782e0 None None] Creating instance of CountableResource for resource:rbac_policy
Apr 12 17:49:18 ubuntu neutron-server[121443]: INFO neutron.quota.resource_registry [None req-4f16f2ea-1e9e-4fd2-8182-ca2e3cd782e0 None None] Creating instance of TrackedResource for resource:security_group
Apr 12 17:49:18 ubuntu neutron-server[121443]: INFO neutron.quota.resource_registry [None req-4f16f2ea-1e9e-4fd2-8182-ca2e3cd782e0 None None] Creating instance of TrackedResource for resource:security_group_rule
Apr 12 17:49:18 ubuntu neutron-server[121443]: DEBUG neutron.api.v2.resource_helper [None req-4f16f2ea-1e9e-4fd2-8182-ca2e3cd782e0 None None] Service FLAVORS assigned prefix:  {{(pid=121443) build_resource_info /opt/stack/neutron/neutron/api/v2/resource_helper.py:77}}
Apr 12 17:49:18 ubuntu neutron-server[121443]: DEBUG neutron.api.v2.resource_helper [None req-4f16f2ea-1e9e-4fd2-8182-ca2e3cd782e0 None None] Service L3_ROUTER_NAT assigned prefix:  {{(pid=121443) build_resource_info /opt/stack/neutron/neutron/api/v2/resource_helper.py:77}}
Apr 12 17:49:18 ubuntu neutron-server[121443]: DEBUG neutron.api.v2.resource_helper [None req-4f16f2ea-1e9e-4fd2-8182-ca2e3cd782e0 None None] Service L3_ROUTER_NAT assigned prefix:  {{(pid=121443) build_resource_info /opt/stack/neutron/neutron/api/v2/resource_helper.py:77}}
Apr 12 17:49:18 ubuntu neutron-server[121443]: INFO neutron.quota.resource_registry [None req-4f16f2ea-1e9e-4fd2-8182-ca2e3cd782e0 None None] Creating instance of TrackedResource for resource:router
Apr 12 17:49:18 ubuntu neutron-server[121443]: WARNING neutron.quota.resource_registry [None req-4f16f2ea-1e9e-4fd2-8182-ca2e3cd782e0 None None] router is already registered
Apr 12 17:49:18 ubuntu neutron-server[121443]: INFO neutron.quota.resource_registry [None req-4f16f2ea-1e9e-4fd2-8182-ca2e3cd782e0 None None] Creating instance of TrackedResource for resource:floatingip
Apr 12 17:49:18 ubuntu neutron-server[121443]: WARNING neutron.quota.resource_registry [None req-4f16f2ea-1e9e-4fd2-8182-ca2e3cd782e0 None None] floatingip is already registered
Apr 12 17:49:18 ubuntu neutron-server[121443]: INFO neutron.quota.resource_registry [None req-4f16f2ea-1e9e-4fd2-8182-ca2e3cd782e0 None None] Creating instance of CountableResource for resource:rbac_policy
Apr 12 17:49:18 ubuntu neutron-server[121443]: WARNING neutron.quota.resource_registry [None req-4f16f2ea-1e9e-4fd2-8182-ca2e3cd782e0 None None] rbac_policy is already registered
Apr 12 17:49:18 ubuntu neutron-server[121443]: INFO neutron.quota.resource_registry [None req-4f16f2ea-1e9e-4fd2-8182-ca2e3cd782e0 None None] Creating instance of TrackedResource for resource:security_group
Apr 12 17:49:18 ubuntu neutron-server[121443]: WARNING neutron.quota.resource_registry [None req-4f16f2ea-1e9e-4fd2-8182-ca2e3cd782e0 None None] security_group is already registered
Apr 12 17:49:18 ubuntu neutron-server[121443]: INFO neutron.quota.resource_registry [None req-4f16f2ea-1e9e-4fd2-8182-ca2e3cd782e0 None None] Creating instance of TrackedResource for resource:security_group_rule
Apr 12 17:49:18 ubuntu neutron-server[121443]: WARNING neutron.quota.resource_registry [None req-4f16f2ea-1e9e-4fd2-8182-ca2e3cd782e0 None None] security_group_rule is already registered
Apr 12 17:49:18 ubuntu neutron-server[121443]: DEBUG neutron.api.extensions [None req-4f16f2ea-1e9e-4fd2-8182-ca2e3cd782e0 None None] Extended resource: extensions {{(pid=121443) __init__ /opt/stack/neutron/neutron/api/extensions.py:157}}
Apr 12 17:49:18 ubuntu neutron-server[121443]: DEBUG neutron.api.extensions [None req-4f16f2ea-1e9e-4fd2-8182-ca2e3cd782e0 None None] Extended resource: address-groups {{(pid=121443) __init__ /opt/stack/neutron/neutron/api/extensions.py:157}}
Apr 12 17:49:18 ubuntu neutron-server[121443]: DEBUG neutron.api.extensions [None req-4f16f2ea-1e9e-4fd2-8182-ca2e3cd782e0 None None] Extended resource: address-scopes {{(pid=121443) __init__ /opt/stack/neutron/neutron/api/extensions.py:157}}
Apr 12 17:49:18 ubuntu neutron-server[121443]: DEBUG neutron.api.extensions [None req-4f16f2ea-1e9e-4fd2-8182-ca2e3cd782e0 None None] Extended resource: agents {{(pid=121443) __init__ /opt/stack/neutron/neutron/api/extensions.py:157}}
Apr 12 17:49:18 ubuntu neutron-server[121443]: DEBUG neutron.api.extensions [None req-4f16f2ea-1e9e-4fd2-8182-ca2e3cd782e0 None None] Extended resource: auto-allocated-topology {{(pid=121443) __init__ /opt/stack/neutron/neutron/api/extensions.py:157}}
Apr 12 17:49:18 ubuntu neutron-server[121443]: DEBUG neutron.api.extensions [None req-4f16f2ea-1e9e-4fd2-8182-ca2e3cd782e0 None None] Extended resource: availability_zones {{(pid=121443) __init__ /opt/stack/neutron/neutron/api/extensions.py:157}}
Apr 12 17:49:18 ubuntu neutron-server[121443]: DEBUG neutron.api.extensions [None req-4f16f2ea-1e9e-4fd2-8182-ca2e3cd782e0 None None] Extended resource: flavors {{(pid=121443) __init__ /opt/stack/neutron/neutron/api/extensions.py:157}}
Apr 12 17:49:18 ubuntu neutron-server[121443]: DEBUG neutron.api.extensions [None req-4f16f2ea-1e9e-4fd2-8182-ca2e3cd782e0 None None] Extended resource: service_profiles {{(pid=121443) __init__ /opt/stack/neutron/neutron/api/extensions.py:157}}
Apr 12 17:49:18 ubuntu neutron-server[121443]: DEBUG neutron.api.extensions [None req-4f16f2ea-1e9e-4fd2-8182-ca2e3cd782e0 None None] Extended resource: next_providers {{(pid=121443) __init__ /opt/stack/neutron/neutron/api/extensions.py:157}}
Apr 12 17:49:18 ubuntu neutron-server[121443]: DEBUG neutron.api.extensions [None req-4f16f2ea-1e9e-4fd2-8182-ca2e3cd782e0 None None] Extended resource: service_profiles {{(pid=121443) __init__ /opt/stack/neutron/neutron/api/extensions.py:157}}
Apr 12 17:49:18 ubuntu neutron-server[121443]: DEBUG neutron.api.extensions [None req-4f16f2ea-1e9e-4fd2-8182-ca2e3cd782e0 None None] Extended resource: floatingip-pools {{(pid=121443) __init__ /opt/stack/neutron/neutron/api/extensions.py:157}}
Apr 12 17:49:18 ubuntu neutron-server[121443]: DEBUG neutron.api.extensions [None req-4f16f2ea-1e9e-4fd2-8182-ca2e3cd782e0 None None] Extended resource: routers {{(pid=121443) __init__ /opt/stack/neutron/neutron/api/extensions.py:157}}
Apr 12 17:49:18 ubuntu neutron-server[121443]: DEBUG neutron.api.extensions [None req-4f16f2ea-1e9e-4fd2-8182-ca2e3cd782e0 None None] Extended resource: floatingips {{(pid=121443) __init__ /opt/stack/neutron/neutron/api/extensions.py:157}}
Apr 12 17:49:18 ubuntu neutron-server[121443]: DEBUG neutron.api.extensions [None req-4f16f2ea-1e9e-4fd2-8182-ca2e3cd782e0 None None] Extended resource: network-ip-availabilities {{(pid=121443) __init__ /opt/stack/neutron/neutron/api/extensions.py:157}}
Apr 12 17:49:18 ubuntu neutron-server[121443]: DEBUG neutron.api.extensions [None req-4f16f2ea-1e9e-4fd2-8182-ca2e3cd782e0 None None] Extended resource: bindings {{(pid=121443) __init__ /opt/stack/neutron/neutron/api/extensions.py:157}}
Apr 12 17:49:18 ubuntu neutron-server[121443]: DEBUG neutron.api.extensions [None req-4f16f2ea-1e9e-4fd2-8182-ca2e3cd782e0 None None] Extended resource: quotas {{(pid=121443) __init__ /opt/stack/neutron/neutron/api/extensions.py:157}}
Apr 12 17:49:18 ubuntu neutron-server[121443]: DEBUG neutron.api.extensions [None req-4f16f2ea-1e9e-4fd2-8182-ca2e3cd782e0 None None] Extended resource: quotas {{(pid=121443) __init__ /opt/stack/neutron/neutron/api/extensions.py:157}}
Apr 12 17:49:18 ubuntu neutron-server[121443]: DEBUG neutron.api.extensions [None req-4f16f2ea-1e9e-4fd2-8182-ca2e3cd782e0 None None] Extended resource: rbac-policies {{(pid=121443) __init__ /opt/stack/neutron/neutron/api/extensions.py:157}}
Apr 12 17:49:18 ubuntu neutron-server[121443]: DEBUG neutron.api.extensions [None req-4f16f2ea-1e9e-4fd2-8182-ca2e3cd782e0 None None] Extended resource: security-groups {{(pid=121443) __init__ /opt/stack/neutron/neutron/api/extensions.py:157}}
Apr 12 17:49:18 ubuntu neutron-server[121443]: DEBUG neutron.api.extensions [None req-4f16f2ea-1e9e-4fd2-8182-ca2e3cd782e0 None None] Extended resource: security-group-rules {{(pid=121443) __init__ /opt/stack/neutron/neutron/api/extensions.py:157}}
Apr 12 17:49:18 ubuntu neutron-server[121443]: DEBUG neutron.api.extensions [None req-4f16f2ea-1e9e-4fd2-8182-ca2e3cd782e0 None None] Extended resource: service-providers {{(pid=121443) __init__ /opt/stack/neutron/neutron/api/extensions.py:157}}
Apr 12 17:49:18 ubuntu neutron-server[121443]: DEBUG neutron.api.extensions [None req-4f16f2ea-1e9e-4fd2-8182-ca2e3cd782e0 None None] Extended resource: tags {{(pid=121443) __init__ /opt/stack/neutron/neutron/api/extensions.py:157}}
Apr 12 17:49:18 ubuntu neutron-server[121443]: DEBUG neutron.api.extensions [None req-4f16f2ea-1e9e-4fd2-8182-ca2e3cd782e0 None None] Extended resource: tags {{(pid=121443) __init__ /opt/stack/neutron/neutron/api/extensions.py:157}}
Apr 12 17:49:18 ubuntu neutron-server[121443]: DEBUG neutron.api.extensions [None req-4f16f2ea-1e9e-4fd2-8182-ca2e3cd782e0 None None] Extended resource: tags {{(pid=121443) __init__ /opt/stack/neutron/neutron/api/extensions.py:157}}
Apr 12 17:49:18 ubuntu neutron-server[121443]: DEBUG neutron.api.extensions [None req-4f16f2ea-1e9e-4fd2-8182-ca2e3cd782e0 None None] Extended resource: tags {{(pid=121443) __init__ /opt/stack/neutron/neutron/api/extensions.py:157}}
Apr 12 17:49:18 ubuntu neutron-server[121443]: DEBUG neutron.api.extensions [None req-4f16f2ea-1e9e-4fd2-8182-ca2e3cd782e0 None None] Extended resource: tags {{(pid=121443) __init__ /opt/stack/neutron/neutron/api/extensions.py:157}}
Apr 12 17:49:18 ubuntu neutron-server[121443]: DEBUG neutron.api.extensions [None req-4f16f2ea-1e9e-4fd2-8182-ca2e3cd782e0 None None] Extended resource: tags {{(pid=121443) __init__ /opt/stack/neutron/neutron/api/extensions.py:157}}
Apr 12 17:49:18 ubuntu neutron-server[121443]: DEBUG neutron.api.extensions [None req-4f16f2ea-1e9e-4fd2-8182-ca2e3cd782e0 None None] Extended resource: tags {{(pid=121443) __init__ /opt/stack/neutron/neutron/api/extensions.py:157}}
Apr 12 17:49:18 ubuntu neutron-server[121443]: DEBUG neutron.api.extensions [None req-4f16f2ea-1e9e-4fd2-8182-ca2e3cd782e0 None None] Extended resource: tags {{(pid=121443) __init__ /opt/stack/neutron/neutron/api/extensions.py:157}}
Apr 12 17:49:18 ubuntu neutron-server[121443]: DEBUG neutron.api.extensions [None req-4f16f2ea-1e9e-4fd2-8182-ca2e3cd782e0 None None] Extended resource: tags {{(pid=121443) __init__ /opt/stack/neutron/neutron/api/extensions.py:157}}
Apr 12 17:49:18 ubuntu neutron-server[121443]: DEBUG neutron.api.extensions [None req-4f16f2ea-1e9e-4fd2-8182-ca2e3cd782e0 None None] Extended resource: tags {{(pid=121443) __init__ /opt/stack/neutron/neutron/api/extensions.py:157}}
Apr 12 17:49:18 ubuntu neutron-server[121443]: WARNING keystonemiddleware.auth_token [None req-4f16f2ea-1e9e-4fd2-8182-ca2e3cd782e0 None None] AuthToken middleware is set with keystone_authtoken.service_token_roles_required set to False. This is backwards compatible but deprecated behaviour. Please set this to True.
Apr 12 17:49:18 ubuntu neutron-server[121443]: WARNING keystonemiddleware.auth_token [None req-4f16f2ea-1e9e-4fd2-8182-ca2e3cd782e0 None None] Configuring www_authenticate_uri to point to the public identity endpoint is required; clients may not be able to authenticate against an admin endpoint
Apr 12 17:49:18 ubuntu neutron-server[121443]: DEBUG oslo_concurrency.lockutils [None req-4f16f2ea-1e9e-4fd2-8182-ca2e3cd782e0 None None] Acquired lock "singleton_lock" {{(pid=121443) lock /usr/local/lib/python3.8/dist-packages/oslo_concurrency/lockutils.py:294}}
Apr 12 17:49:18 ubuntu neutron-server[121443]: DEBUG oslo_concurrency.lockutils [None req-4f16f2ea-1e9e-4fd2-8182-ca2e3cd782e0 None None] Releasing lock "singleton_lock" {{(pid=121443) lock /usr/local/lib/python3.8/dist-packages/oslo_concurrency/lockutils.py:312}}
Apr 12 17:49:18 ubuntu neutron-server[121443]: INFO oslo_service.service [None req-4f16f2ea-1e9e-4fd2-8182-ca2e3cd782e0 None None] Starting 2 workers
Apr 12 17:49:18 ubuntu neutron-server[121443]: DEBUG oslo_service.service [None req-4f16f2ea-1e9e-4fd2-8182-ca2e3cd782e0 None None] Started child 121655 {{(pid=121443) _start_child /usr/local/lib/python3.8/dist-packages/oslo_service/service.py:575}}
Apr 12 17:49:18 ubuntu neutron-server[121443]: DEBUG oslo_service.service [None req-4f16f2ea-1e9e-4fd2-8182-ca2e3cd782e0 None None] Started child 121656 {{(pid=121443) _start_child /usr/local/lib/python3.8/dist-packages/oslo_service/service.py:575}}
Apr 12 17:49:18 ubuntu neutron-server[121443]: INFO neutron.service [None req-4f16f2ea-1e9e-4fd2-8182-ca2e3cd782e0 None None] Neutron service started, listening on 0.0.0.0:9696
Apr 12 17:49:18 ubuntu neutron-server[121443]: DEBUG neutron_lib.callbacks.manager [None req-4f16f2ea-1e9e-4fd2-8182-ca2e3cd782e0 None None] Publish callbacks ['neutron.plugins.ml2.drivers.ovn.mech_driver.mech_driver.OVNMechanismDriver.pre_fork_initialize-1614296'] for process (None), before_spawn {{(pid=121443) _notify_loop /usr/local/lib/python3.8/dist-packages/neutron_lib/callbacks/manager.py:176}}
Apr 12 17:49:18 ubuntu neutron-server[121655]: DEBUG neutron_lib.callbacks.manager [-] Publish callbacks ['neutron.plugins.ml2.drivers.ovn.mech_driver.mech_driver.OVNMechanismDriver.post_fork_initialize-1614308'] for process (None), after_init {{(pid=121655) _notify_loop /usr/local/lib/python3.8/dist-packages/neutron_lib/callbacks/manager.py:176}}
Apr 12 17:49:18 ubuntu neutron-server[121656]: DEBUG neutron_lib.callbacks.manager [-] Publish callbacks ['neutron.plugins.ml2.drivers.ovn.mech_driver.mech_driver.OVNMechanismDriver.post_fork_initialize-1614308'] for process (None), after_init {{(pid=121656) _notify_loop /usr/local/lib/python3.8/dist-packages/neutron_lib/callbacks/manager.py:176}}
Apr 12 17:49:18 ubuntu neutron-server[121443]: DEBUG ovsdbapp.backend.ovs_idl [None req-4f16f2ea-1e9e-4fd2-8182-ca2e3cd782e0 None None] Created schema index Port_Group.name {{(pid=121443) autocreate_indices /usr/local/lib/python3.8/dist-packages/ovsdbapp/backend/ovs_idl/__init__.py:104}}
Apr 12 17:49:18 ubuntu neutron-server[121443]: DEBUG ovsdbapp.backend.ovs_idl [None req-4f16f2ea-1e9e-4fd2-8182-ca2e3cd782e0 None None] Created schema index Logical_Switch_Port.name {{(pid=121443) autocreate_indices /usr/local/lib/python3.8/dist-packages/ovsdbapp/backend/ovs_idl/__init__.py:104}}
Apr 12 17:49:18 ubuntu neutron-server[121443]: DEBUG ovsdbapp.backend.ovs_idl.transaction [-] Running txn n=1 command(idx=0): PgAddCommand(name=neutron_pg_drop, may_exist=True, columns={'acls': []}) {{(pid=121443) do_commit /usr/local/lib/python3.8/dist-packages/ovsdbapp/backend/ovs_idl/transaction.py:90}}
Apr 12 17:49:18 ubuntu neutron-server[121443]: DEBUG ovsdbapp.backend.ovs_idl.transaction [-] Running txn n=1 command(idx=1): PgAclAddCommand(entity=neutron_pg_drop, direction=from-lport, priority=1001, match=inport == @neutron_pg_drop && ip, action=drop, log=False, may_exist=True, severity=[], name=[], meter=None, external_ids={}) {{(pid=121443) do_commit /usr/local/lib/python3.8/dist-packages/ovsdbapp/backend/ovs_idl/transaction.py:90}}
Apr 12 17:49:18 ubuntu neutron-server[121443]: DEBUG ovsdbapp.backend.ovs_idl.transaction [-] Running txn n=1 command(idx=2): PgAclAddCommand(entity=neutron_pg_drop, direction=to-lport, priority=1001, match=outport == @neutron_pg_drop && ip, action=drop, log=False, may_exist=True, severity=[], name=[], meter=None, external_ids={}) {{(pid=121443) do_commit /usr/local/lib/python3.8/dist-packages/ovsdbapp/backend/ovs_idl/transaction.py:90}}
Apr 12 17:49:18 ubuntu neutron-server[121443]: DEBUG ovsdbapp.backend.ovs_idl.event [-] Matched CREATE: NeutronPgDropPortGroupCreated(events=('create',), table='Port_Group', conditions=(('name', '=', 'neutron_pg_drop'),), old_conditions=None), priority=10 to row=Port_Group(name=neutron_pg_drop, ports=[], external_ids={}, acls=[<ovs.db.idl.Row object at 0x7fccd28cc040>, <ovs.db.idl.Row object at 0x7fccd28e4160>]) old= {{(pid=121443) matches /usr/local/lib/python3.8/dist-packages/ovsdbapp/backend/ovs_idl/event.py:43}}
Apr 12 17:49:18 ubuntu neutron-server[121443]: DEBUG ovsdbapp.backend.ovs_idl [None req-4f16f2ea-1e9e-4fd2-8182-ca2e3cd782e0 None None] Created lookup_table index Logical_Switch.name {{(pid=121443) autocreate_indices /usr/local/lib/python3.8/dist-packages/ovsdbapp/backend/ovs_idl/__init__.py:85}}
Apr 12 17:49:18 ubuntu neutron-server[121443]: DEBUG ovsdbapp.backend.ovs_idl [None req-4f16f2ea-1e9e-4fd2-8182-ca2e3cd782e0 None None] Created lookup_table index Logical_Router.name {{(pid=121443) autocreate_indices /usr/local/lib/python3.8/dist-packages/ovsdbapp/backend/ovs_idl/__init__.py:85}}
Apr 12 17:49:18 ubuntu neutron-server[121443]: DEBUG ovsdbapp.backend.ovs_idl [None req-4f16f2ea-1e9e-4fd2-8182-ca2e3cd782e0 None None] Created lookup_table index Load_Balancer.name {{(pid=121443) autocreate_indices /usr/local/lib/python3.8/dist-packages/ovsdbapp/backend/ovs_idl/__init__.py:85}}
Apr 12 17:49:18 ubuntu neutron-server[121443]: DEBUG ovsdbapp.backend.ovs_idl [None req-4f16f2ea-1e9e-4fd2-8182-ca2e3cd782e0 None None] Created schema index Meter.name {{(pid=121443) autocreate_indices /usr/local/lib/python3.8/dist-packages/ovsdbapp/backend/ovs_idl/__init__.py:104}}
Apr 12 17:49:18 ubuntu neutron-server[121443]: DEBUG ovsdbapp.backend.ovs_idl [None req-4f16f2ea-1e9e-4fd2-8182-ca2e3cd782e0 None None] Created schema index Address_Set.name {{(pid=121443) autocreate_indices /usr/local/lib/python3.8/dist-packages/ovsdbapp/backend/ovs_idl/__init__.py:104}}
Apr 12 17:49:18 ubuntu neutron-server[121443]: DEBUG ovsdbapp.backend.ovs_idl [None req-4f16f2ea-1e9e-4fd2-8182-ca2e3cd782e0 None None] Created schema index HA_Chassis_Group.name {{(pid=121443) autocreate_indices /usr/local/lib/python3.8/dist-packages/ovsdbapp/backend/ovs_idl/__init__.py:104}}
Apr 12 17:49:18 ubuntu neutron-server[121443]: DEBUG ovsdbapp.backend.ovs_idl [None req-4f16f2ea-1e9e-4fd2-8182-ca2e3cd782e0 None None] Created schema index Connection.target {{(pid=121443) autocreate_indices /usr/local/lib/python3.8/dist-packages/ovsdbapp/backend/ovs_idl/__init__.py:104}}
Apr 12 17:49:18 ubuntu neutron-server[121443]: DEBUG ovsdbapp.backend.ovs_idl [None req-4f16f2ea-1e9e-4fd2-8182-ca2e3cd782e0 None None] Created schema index Gateway_Chassis.name {{(pid=121443) autocreate_indices /usr/local/lib/python3.8/dist-packages/ovsdbapp/backend/ovs_idl/__init__.py:104}}
Apr 12 17:49:18 ubuntu neutron-server[121443]: DEBUG ovsdbapp.backend.ovs_idl [None req-4f16f2ea-1e9e-4fd2-8182-ca2e3cd782e0 None None] Created schema index Logical_Router_Port.name {{(pid=121443) autocreate_indices /usr/local/lib/python3.8/dist-packages/ovsdbapp/backend/ovs_idl/__init__.py:104}}
Apr 12 17:49:18 ubuntu neutron-server[121443]: DEBUG ovsdbapp.backend.ovs_idl [None req-4f16f2ea-1e9e-4fd2-8182-ca2e3cd782e0 None None] Created schema index Port_Group.name {{(pid=121443) autocreate_indices /usr/local/lib/python3.8/dist-packages/ovsdbapp/backend/ovs_idl/__init__.py:104}}
Apr 12 17:49:18 ubuntu neutron-server[121443]: DEBUG ovsdbapp.backend.ovs_idl [None req-4f16f2ea-1e9e-4fd2-8182-ca2e3cd782e0 None None] Created schema index Logical_Switch_Port.name {{(pid=121443) autocreate_indices /usr/local/lib/python3.8/dist-packages/ovsdbapp/backend/ovs_idl/__init__.py:104}}
Apr 12 17:49:18 ubuntu neutron-server[121655]: INFO neutron.plugins.ml2.drivers.ovn.mech_driver.ovsdb.impl_idl_ovn [None req-d596be04-50e7-48b0-b228-61209a481d15 None None] Getting OvsdbNbOvnIdl for WorkerService with retry
Apr 12 17:49:18 ubuntu neutron-server[121656]: INFO neutron.plugins.ml2.drivers.ovn.mech_driver.ovsdb.impl_idl_ovn [None req-67bd58fa-2e09-4924-a5f0-942036d9b95d None None] Getting OvsdbNbOvnIdl for WorkerService with retry
Apr 12 17:49:18 ubuntu neutron-server[121655]: DEBUG ovsdbapp.backend.ovs_idl [None req-d596be04-50e7-48b0-b228-61209a481d15 None None] Created lookup_table index Logical_Switch.name {{(pid=121655) autocreate_indices /usr/local/lib/python3.8/dist-packages/ovsdbapp/backend/ovs_idl/__init__.py:85}}
Apr 12 17:49:18 ubuntu neutron-server[121656]: DEBUG ovsdbapp.backend.ovs_idl [None req-67bd58fa-2e09-4924-a5f0-942036d9b95d None None] Created lookup_table index Logical_Switch.name {{(pid=121656) autocreate_indices /usr/local/lib/python3.8/dist-packages/ovsdbapp/backend/ovs_idl/__init__.py:85}}
Apr 12 17:49:18 ubuntu neutron-server[121656]: DEBUG ovsdbapp.backend.ovs_idl [None req-67bd58fa-2e09-4924-a5f0-942036d9b95d None None] Created lookup_table index Logical_Router.name {{(pid=121656) autocreate_indices /usr/local/lib/python3.8/dist-packages/ovsdbapp/backend/ovs_idl/__init__.py:85}}
Apr 12 17:49:18 ubuntu neutron-server[121655]: DEBUG ovsdbapp.backend.ovs_idl [None req-d596be04-50e7-48b0-b228-61209a481d15 None None] Created lookup_table index Logical_Router.name {{(pid=121655) autocreate_indices /usr/local/lib/python3.8/dist-packages/ovsdbapp/backend/ovs_idl/__init__.py:85}}
Apr 12 17:49:18 ubuntu neutron-server[121656]: DEBUG ovsdbapp.backend.ovs_idl [None req-67bd58fa-2e09-4924-a5f0-942036d9b95d None None] Created lookup_table index Load_Balancer.name {{(pid=121656) autocreate_indices /usr/local/lib/python3.8/dist-packages/ovsdbapp/backend/ovs_idl/__init__.py:85}}
Apr 12 17:49:18 ubuntu neutron-server[121655]: DEBUG ovsdbapp.backend.ovs_idl [None req-d596be04-50e7-48b0-b228-61209a481d15 None None] Created lookup_table index Load_Balancer.name {{(pid=121655) autocreate_indices /usr/local/lib/python3.8/dist-packages/ovsdbapp/backend/ovs_idl/__init__.py:85}}
Apr 12 17:49:18 ubuntu neutron-server[121656]: DEBUG ovsdbapp.backend.ovs_idl [None req-67bd58fa-2e09-4924-a5f0-942036d9b95d None None] Created schema index Meter.name {{(pid=121656) autocreate_indices /usr/local/lib/python3.8/dist-packages/ovsdbapp/backend/ovs_idl/__init__.py:104}}
Apr 12 17:49:18 ubuntu neutron-server[121655]: DEBUG ovsdbapp.backend.ovs_idl [None req-d596be04-50e7-48b0-b228-61209a481d15 None None] Created schema index Meter.name {{(pid=121655) autocreate_indices /usr/local/lib/python3.8/dist-packages/ovsdbapp/backend/ovs_idl/__init__.py:104}}
Apr 12 17:49:18 ubuntu neutron-server[121656]: DEBUG ovsdbapp.backend.ovs_idl [None req-67bd58fa-2e09-4924-a5f0-942036d9b95d None None] Created schema index Address_Set.name {{(pid=121656) autocreate_indices /usr/local/lib/python3.8/dist-packages/ovsdbapp/backend/ovs_idl/__init__.py:104}}
Apr 12 17:49:18 ubuntu neutron-server[121655]: DEBUG ovsdbapp.backend.ovs_idl [None req-d596be04-50e7-48b0-b228-61209a481d15 None None] Created schema index Address_Set.name {{(pid=121655) autocreate_indices /usr/local/lib/python3.8/dist-packages/ovsdbapp/backend/ovs_idl/__init__.py:104}}
Apr 12 17:49:18 ubuntu neutron-server[121656]: DEBUG ovsdbapp.backend.ovs_idl [None req-67bd58fa-2e09-4924-a5f0-942036d9b95d None None] Created schema index HA_Chassis_Group.name {{(pid=121656) autocreate_indices /usr/local/lib/python3.8/dist-packages/ovsdbapp/backend/ovs_idl/__init__.py:104}}
Apr 12 17:49:18 ubuntu neutron-server[121656]: DEBUG ovsdbapp.backend.ovs_idl [None req-67bd58fa-2e09-4924-a5f0-942036d9b95d None None] Created schema index Connection.target {{(pid=121656) autocreate_indices /usr/local/lib/python3.8/dist-packages/ovsdbapp/backend/ovs_idl/__init__.py:104}}
Apr 12 17:49:18 ubuntu neutron-server[121655]: DEBUG ovsdbapp.backend.ovs_idl [None req-d596be04-50e7-48b0-b228-61209a481d15 None None] Created schema index HA_Chassis_Group.name {{(pid=121655) autocreate_indices /usr/local/lib/python3.8/dist-packages/ovsdbapp/backend/ovs_idl/__init__.py:104}}
Apr 12 17:49:18 ubuntu neutron-server[121656]: DEBUG ovsdbapp.backend.ovs_idl [None req-67bd58fa-2e09-4924-a5f0-942036d9b95d None None] Created schema index Gateway_Chassis.name {{(pid=121656) autocreate_indices /usr/local/lib/python3.8/dist-packages/ovsdbapp/backend/ovs_idl/__init__.py:104}}
Apr 12 17:49:18 ubuntu neutron-server[121655]: DEBUG ovsdbapp.backend.ovs_idl [None req-d596be04-50e7-48b0-b228-61209a481d15 None None] Created schema index Connection.target {{(pid=121655) autocreate_indices /usr/local/lib/python3.8/dist-packages/ovsdbapp/backend/ovs_idl/__init__.py:104}}
Apr 12 17:49:18 ubuntu neutron-server[121656]: DEBUG ovsdbapp.backend.ovs_idl [None req-67bd58fa-2e09-4924-a5f0-942036d9b95d None None] Created schema index Logical_Router_Port.name {{(pid=121656) autocreate_indices /usr/local/lib/python3.8/dist-packages/ovsdbapp/backend/ovs_idl/__init__.py:104}}
Apr 12 17:49:18 ubuntu neutron-server[121655]: DEBUG ovsdbapp.backend.ovs_idl [None req-d596be04-50e7-48b0-b228-61209a481d15 None None] Created schema index Gateway_Chassis.name {{(pid=121655) autocreate_indices /usr/local/lib/python3.8/dist-packages/ovsdbapp/backend/ovs_idl/__init__.py:104}}
Apr 12 17:49:18 ubuntu neutron-server[121656]: DEBUG ovsdbapp.backend.ovs_idl [None req-67bd58fa-2e09-4924-a5f0-942036d9b95d None None] Created schema index Port_Group.name {{(pid=121656) autocreate_indices /usr/local/lib/python3.8/dist-packages/ovsdbapp/backend/ovs_idl/__init__.py:104}}
Apr 12 17:49:18 ubuntu neutron-server[121656]: DEBUG ovsdbapp.backend.ovs_idl [None req-67bd58fa-2e09-4924-a5f0-942036d9b95d None None] Created schema index Logical_Switch_Port.name {{(pid=121656) autocreate_indices /usr/local/lib/python3.8/dist-packages/ovsdbapp/backend/ovs_idl/__init__.py:104}}
Apr 12 17:49:18 ubuntu neutron-server[121655]: DEBUG ovsdbapp.backend.ovs_idl [None req-d596be04-50e7-48b0-b228-61209a481d15 None None] Created schema index Logical_Router_Port.name {{(pid=121655) autocreate_indices /usr/local/lib/python3.8/dist-packages/ovsdbapp/backend/ovs_idl/__init__.py:104}}
Apr 12 17:49:18 ubuntu neutron-server[121655]: DEBUG ovsdbapp.backend.ovs_idl [None req-d596be04-50e7-48b0-b228-61209a481d15 None None] Created schema index Port_Group.name {{(pid=121655) autocreate_indices /usr/local/lib/python3.8/dist-packages/ovsdbapp/backend/ovs_idl/__init__.py:104}}
Apr 12 17:49:18 ubuntu neutron-server[121655]: DEBUG ovsdbapp.backend.ovs_idl [None req-d596be04-50e7-48b0-b228-61209a481d15 None None] Created schema index Logical_Switch_Port.name {{(pid=121655) autocreate_indices /usr/local/lib/python3.8/dist-packages/ovsdbapp/backend/ovs_idl/__init__.py:104}}
Apr 12 17:49:18 ubuntu neutron-server[121443]: DEBUG ovsdbapp.backend.ovs_idl [None req-4f16f2ea-1e9e-4fd2-8182-ca2e3cd782e0 None None] Created lookup_table index Chassis.name {{(pid=121443) autocreate_indices /usr/local/lib/python3.8/dist-packages/ovsdbapp/backend/ovs_idl/__init__.py:85}}
Apr 12 17:49:18 ubuntu neutron-server[121656]: INFO ovsdbapp.backend.ovs_idl.vlog [None req-67bd58fa-2e09-4924-a5f0-942036d9b95d None None] tcp:192.168.79.50:6641: connecting...
Apr 12 17:49:18 ubuntu neutron-server[121443]: DEBUG ovsdbapp.backend.ovs_idl [None req-4f16f2ea-1e9e-4fd2-8182-ca2e3cd782e0 None None] Created lookup_table index MAC_Binding.ip {{(pid=121443) autocreate_indices /usr/local/lib/python3.8/dist-packages/ovsdbapp/backend/ovs_idl/__init__.py:85}}
Apr 12 17:49:18 ubuntu neutron-server[121443]: DEBUG ovsdbapp.backend.ovs_idl [None req-4f16f2ea-1e9e-4fd2-8182-ca2e3cd782e0 None None] Created schema index Meter.name {{(pid=121443) autocreate_indices /usr/local/lib/python3.8/dist-packages/ovsdbapp/backend/ovs_idl/__init__.py:104}}
Apr 12 17:49:18 ubuntu neutron-server[121443]: DEBUG ovsdbapp.backend.ovs_idl [None req-4f16f2ea-1e9e-4fd2-8182-ca2e3cd782e0 None None] Created schema index Address_Set.name {{(pid=121443) autocreate_indices /usr/local/lib/python3.8/dist-packages/ovsdbapp/backend/ovs_idl/__init__.py:104}}
Apr 12 17:49:18 ubuntu neutron-server[121443]: DEBUG ovsdbapp.backend.ovs_idl [None req-4f16f2ea-1e9e-4fd2-8182-ca2e3cd782e0 None None] Created schema index HA_Chassis_Group.name {{(pid=121443) autocreate_indices /usr/local/lib/python3.8/dist-packages/ovsdbapp/backend/ovs_idl/__init__.py:104}}
Apr 12 17:49:18 ubuntu neutron-server[121655]: INFO ovsdbapp.backend.ovs_idl.vlog [None req-d596be04-50e7-48b0-b228-61209a481d15 None None] tcp:192.168.79.50:6641: connecting...
Apr 12 17:49:18 ubuntu neutron-server[121443]: DEBUG ovsdbapp.backend.ovs_idl [None req-4f16f2ea-1e9e-4fd2-8182-ca2e3cd782e0 None None] Created schema index IP_Multicast.datapath {{(pid=121443) autocreate_indices /usr/local/lib/python3.8/dist-packages/ovsdbapp/backend/ovs_idl/__init__.py:104}}
Apr 12 17:49:18 ubuntu neutron-server[121443]: DEBUG ovsdbapp.backend.ovs_idl [None req-4f16f2ea-1e9e-4fd2-8182-ca2e3cd782e0 None None] Created schema index Connection.target {{(pid=121443) autocreate_indices /usr/local/lib/python3.8/dist-packages/ovsdbapp/backend/ovs_idl/__init__.py:104}}
Apr 12 17:49:18 ubuntu neutron-server[121656]: INFO ovsdbapp.backend.ovs_idl.vlog [None req-67bd58fa-2e09-4924-a5f0-942036d9b95d None None] tcp:192.168.79.50:6641: connected
Apr 12 17:49:18 ubuntu neutron-server[121443]: DEBUG ovsdbapp.backend.ovs_idl [None req-4f16f2ea-1e9e-4fd2-8182-ca2e3cd782e0 None None] Created schema index Gateway_Chassis.name {{(pid=121443) autocreate_indices /usr/local/lib/python3.8/dist-packages/ovsdbapp/backend/ovs_idl/__init__.py:104}}
Apr 12 17:49:18 ubuntu neutron-server[121655]: INFO ovsdbapp.backend.ovs_idl.vlog [None req-d596be04-50e7-48b0-b228-61209a481d15 None None] tcp:192.168.79.50:6641: connected
Apr 12 17:49:18 ubuntu neutron-server[121443]: DEBUG ovsdbapp.backend.ovs_idl [None req-4f16f2ea-1e9e-4fd2-8182-ca2e3cd782e0 None None] Created schema index Port_Group.name {{(pid=121443) autocreate_indices /usr/local/lib/python3.8/dist-packages/ovsdbapp/backend/ovs_idl/__init__.py:104}}
Apr 12 17:49:18 ubuntu neutron-server[121443]: DEBUG ovsdbapp.backend.ovs_idl [None req-4f16f2ea-1e9e-4fd2-8182-ca2e3cd782e0 None None] Created schema index Datapath_Binding.tunnel_key {{(pid=121443) autocreate_indices /usr/local/lib/python3.8/dist-packages/ovsdbapp/backend/ovs_idl/__init__.py:104}}
Apr 12 17:49:18 ubuntu neutron-server[121443]: INFO oslo_service.service [None req-4f16f2ea-1e9e-4fd2-8182-ca2e3cd782e0 None None] Starting 1 workers
Apr 12 17:49:18 ubuntu neutron-server[121656]: DEBUG neutron.common.ovn.hash_ring_manager [None req-67bd58fa-2e09-4924-a5f0-942036d9b95d None None] Allow caching, nodes 2>=2 {{(pid=121656) _wait_startup_before_caching /opt/stack/neutron/neutron/common/ovn/hash_ring_manager.py:60}}
Apr 12 17:49:18 ubuntu neutron-server[121443]: DEBUG oslo_service.service [None req-4f16f2ea-1e9e-4fd2-8182-ca2e3cd782e0 None None] Started child 121660 {{(pid=121443) _start_child /usr/local/lib/python3.8/dist-packages/oslo_service/service.py:575}}
Apr 12 17:49:18 ubuntu neutron-server[121443]: INFO oslo_service.service [None req-4f16f2ea-1e9e-4fd2-8182-ca2e3cd782e0 None None] Starting 1 workers
Apr 12 17:49:18 ubuntu neutron-server[121443]: DEBUG oslo_service.service [None req-4f16f2ea-1e9e-4fd2-8182-ca2e3cd782e0 None None] Started child 121661 {{(pid=121443) _start_child /usr/local/lib/python3.8/dist-packages/oslo_service/service.py:575}}
Apr 12 17:49:18 ubuntu neutron-server[121443]: INFO oslo_service.service [None req-4f16f2ea-1e9e-4fd2-8182-ca2e3cd782e0 None None] Starting 1 workers
Apr 12 17:49:18 ubuntu neutron-server[121655]: DEBUG neutron.common.ovn.hash_ring_manager [None req-d596be04-50e7-48b0-b228-61209a481d15 None None] Allow caching, nodes 2>=2 {{(pid=121655) _wait_startup_before_caching /opt/stack/neutron/neutron/common/ovn/hash_ring_manager.py:60}}
Apr 12 17:49:18 ubuntu neutron-server[121660]: DEBUG neutron.service [None req-4f16f2ea-1e9e-4fd2-8182-ca2e3cd782e0 None None] calling RpcWorker wait() {{(pid=121660) _wait /opt/stack/neutron/neutron/service.py:128}}
Apr 12 17:49:18 ubuntu neutron-server[121660]: DEBUG neutron.service [None req-4f16f2ea-1e9e-4fd2-8182-ca2e3cd782e0 None None] returning from RpcWorker wait() {{(pid=121660) _wait /opt/stack/neutron/neutron/service.py:135}}
Apr 12 17:49:18 ubuntu neutron-server[121660]: DEBUG neutron_lib.callbacks.manager [-] Publish callbacks ['neutron.plugins.ml2.drivers.ovn.mech_driver.mech_driver.OVNMechanismDriver.post_fork_initialize-1614308'] for process (None), after_init {{(pid=121660) _notify_loop /usr/local/lib/python3.8/dist-packages/neutron_lib/callbacks/manager.py:176}}
Apr 12 17:49:18 ubuntu neutron-server[121443]: DEBUG oslo_service.service [None req-4f16f2ea-1e9e-4fd2-8182-ca2e3cd782e0 None None] Started child 121662 {{(pid=121443) _start_child /usr/local/lib/python3.8/dist-packages/oslo_service/service.py:575}}
Apr 12 17:49:18 ubuntu neutron-server[121443]: DEBUG neutron_lib.callbacks.manager [None req-4f16f2ea-1e9e-4fd2-8182-ca2e3cd782e0 None None] Publish callbacks [] for process (None), after_spawn {{(pid=121443) _notify_loop /usr/local/lib/python3.8/dist-packages/neutron_lib/callbacks/manager.py:176}}
Apr 12 17:49:18 ubuntu neutron-server[121660]: INFO neutron.plugins.ml2.drivers.ovn.mech_driver.ovsdb.impl_idl_ovn [-] Getting OvsdbNbOvnIdl for RpcWorker with retry
Apr 12 17:49:18 ubuntu neutron-server[121443]: DEBUG oslo_service.service [-] Full set of CONF: {{(pid=121443) wait /usr/local/lib/python3.8/dist-packages/oslo_service/service.py:649}}
Apr 12 17:49:18 ubuntu neutron-server[121443]: DEBUG oslo_service.service [-] ******************************************************************************** {{(pid=121443) log_opt_values /usr/local/lib/python3.8/dist-packages/oslo_config/cfg.py:2589}}
Apr 12 17:49:18 ubuntu neutron-server[121443]: DEBUG oslo_service.service [-] Configuration options gathered from: {{(pid=121443) log_opt_values /usr/local/lib/python3.8/dist-packages/oslo_config/cfg.py:2590}}
Apr 12 17:49:18 ubuntu neutron-server[121443]: DEBUG oslo_service.service [-] command line args: ['--config-file', '/etc/neutron/neutron.conf', '--config-file', '/etc/neutron/plugins/ml2/ml2_conf.ini'] {{(pid=121443) log_opt_values /usr/local/lib/python3.8/dist-packages/oslo_config/cfg.py:2591}}
Apr 12 17:49:18 ubuntu neutron-server[121443]: DEBUG oslo_service.service [-] config files: ['/etc/neutron/neutron.conf', '/etc/neutron/plugins/ml2/ml2_conf.ini'] {{(pid=121443) log_opt_values /usr/local/lib/python3.8/dist-packages/oslo_config/cfg.py:2592}}
Apr 12 17:49:18 ubuntu neutron-server[121443]: DEBUG oslo_service.service [-] ================================================================================ {{(pid=121443) log_opt_values /usr/local/lib/python3.8/dist-packages/oslo_config/cfg.py:2594}}
Apr 12 17:49:18 ubuntu neutron-server[121443]: DEBUG oslo_service.service [-] agent_down_time                = 75 {{(pid=121443) log_opt_values /usr/local/lib/python3.8/dist-packages/oslo_config/cfg.py:2602}}
Apr 12 17:49:18 ubuntu neutron-server[121443]: DEBUG oslo_service.service [-] allow_automatic_dhcp_failover  = True {{(pid=121443) log_opt_values /usr/local/lib/python3.8/dist-packages/oslo_config/cfg.py:2602}}
Apr 12 17:49:18 ubuntu neutron-server[121443]: DEBUG oslo_service.service [-] allow_bulk                     = True {{(pid=121443) log_opt_values /usr/local/lib/python3.8/dist-packages/oslo_config/cfg.py:2602}}
Apr 12 17:49:18 ubuntu neutron-server[121443]: DEBUG oslo_service.service [-] allow_overlapping_ips          = True {{(pid=121443) log_opt_values /usr/local/lib/python3.8/dist-packages/oslo_config/cfg.py:2602}}
Apr 12 17:49:18 ubuntu neutron-server[121443]: DEBUG oslo_service.service [-] allowed_conntrack_helpers      = [{'amanda': 'tcp'}, {'ftp': 'tcp'}, {'h323': 'udp'}, {'h323': 'tcp'}, {'irc': 'tcp'}, {'netbios-ns': 'udp'}, {'pptp': 'tcp'}, {'sane': 'tcp'}, {'sip': 'udp'}, {'sip': 'tcp'}, {'snmp': 'udp'}, {'tftp': 'udp'}] {{(pid=121443) log_opt_values /usr/local/lib/python3.8/dist-packages/oslo_config/cfg.py:2602}}
Apr 12 17:49:18 ubuntu neutron-server[121443]: DEBUG oslo_service.service [-] api_extensions_path            =  {{(pid=121443) log_opt_values /usr/local/lib/python3.8/dist-packages/oslo_config/cfg.py:2602}}
Apr 12 17:49:18 ubuntu neutron-server[121443]: DEBUG oslo_service.service [-] api_paste_config               = api-paste.ini {{(pid=121443) log_opt_values /usr/local/lib/python3.8/dist-packages/oslo_config/cfg.py:2602}}
Apr 12 17:49:18 ubuntu neutron-server[121443]: DEBUG oslo_service.service [-] api_workers                    = 2 {{(pid=121443) log_opt_values /usr/local/lib/python3.8/dist-packages/oslo_config/cfg.py:2602}}
Apr 12 17:49:18 ubuntu neutron-server[121443]: DEBUG oslo_service.service [-] auth_strategy                  = keystone {{(pid=121443) log_opt_values /usr/local/lib/python3.8/dist-packages/oslo_config/cfg.py:2602}}
Apr 12 17:49:18 ubuntu neutron-server[121443]: DEBUG oslo_service.service [-] backdoor_port                  = None {{(pid=121443) log_opt_values /usr/local/lib/python3.8/dist-packages/oslo_config/cfg.py:2602}}
Apr 12 17:49:18 ubuntu neutron-server[121443]: DEBUG oslo_service.service [-] backdoor_socket                = None {{(pid=121443) log_opt_values /usr/local/lib/python3.8/dist-packages/oslo_config/cfg.py:2602}}
Apr 12 17:49:18 ubuntu neutron-server[121443]: DEBUG oslo_service.service [-] backlog                        = 4096 {{(pid=121443) log_opt_values /usr/local/lib/python3.8/dist-packages/oslo_config/cfg.py:2602}}
Apr 12 17:49:18 ubuntu neutron-server[121443]: DEBUG oslo_service.service [-] base_mac                       = fa:16:3e:00:00:00 {{(pid=121443) log_opt_values /usr/local/lib/python3.8/dist-packages/oslo_config/cfg.py:2602}}
Apr 12 17:49:18 ubuntu neutron-server[121662]: DEBUG neutron_lib.callbacks.manager [-] Publish callbacks ['neutron.plugins.ml2.drivers.ovn.mech_driver.mech_driver.OVNMechanismDriver.post_fork_initialize-1614308'] for process (None), after_init {{(pid=121662) _notify_loop /usr/local/lib/python3.8/dist-packages/neutron_lib/callbacks/manager.py:176}}
Apr 12 17:49:18 ubuntu neutron-server[121443]: DEBUG oslo_service.service [-] bind_host                      = 0.0.0.0 {{(pid=121443) log_opt_values /usr/local/lib/python3.8/dist-packages/oslo_config/cfg.py:2602}}
Apr 12 17:49:18 ubuntu neutron-server[121443]: DEBUG oslo_service.service [-] bind_port                      = 9696 {{(pid=121443) log_opt_values /usr/local/lib/python3.8/dist-packages/oslo_config/cfg.py:2602}}
Apr 12 17:49:18 ubuntu neutron-server[121443]: DEBUG oslo_service.service [-] client_socket_timeout          = 900 {{(pid=121443) log_opt_values /usr/local/lib/python3.8/dist-packages/oslo_config/cfg.py:2602}}
Apr 12 17:49:18 ubuntu neutron-server[121443]: DEBUG oslo_service.service [-] config_dir                     = [] {{(pid=121443) log_opt_values /usr/local/lib/python3.8/dist-packages/oslo_config/cfg.py:2602}}
Apr 12 17:49:18 ubuntu neutron-server[121443]: DEBUG oslo_service.service [-] config_file                    = ['/etc/neutron/neutron.conf', '/etc/neutron/plugins/ml2/ml2_conf.ini'] {{(pid=121443) log_opt_values /usr/local/lib/python3.8/dist-packages/oslo_config/cfg.py:2602}}
Apr 12 17:49:18 ubuntu neutron-server[121443]: DEBUG oslo_service.service [-] config_source                  = [] {{(pid=121443) log_opt_values /usr/local/lib/python3.8/dist-packages/oslo_config/cfg.py:2602}}
Apr 12 17:49:18 ubuntu neutron-server[121443]: DEBUG oslo_service.service [-] control_exchange               = neutron {{(pid=121443) log_opt_values /usr/local/lib/python3.8/dist-packages/oslo_config/cfg.py:2602}}
Apr 12 17:49:18 ubuntu neutron-server[121443]: DEBUG oslo_service.service [-] core_plugin                    = ml2 {{(pid=121443) log_opt_values /usr/local/lib/python3.8/dist-packages/oslo_config/cfg.py:2602}}
Apr 12 17:49:18 ubuntu neutron-server[121443]: DEBUG oslo_service.service [-] debug                          = True {{(pid=121443) log_opt_values /usr/local/lib/python3.8/dist-packages/oslo_config/cfg.py:2602}}
Apr 12 17:49:18 ubuntu neutron-server[121443]: DEBUG oslo_service.service [-] default_availability_zones     = [] {{(pid=121443) log_opt_values /usr/local/lib/python3.8/dist-packages/oslo_config/cfg.py:2602}}
Apr 12 17:49:18 ubuntu neutron-server[121443]: DEBUG oslo_service.service [-] default_log_levels             = ['amqp=WARN', 'amqplib=WARN', 'boto=WARN', 'qpid=WARN', 'sqlalchemy=WARN', 'suds=INFO', 'oslo.messaging=INFO', 'oslo_messaging=INFO', 'iso8601=WARN', 'requests.packages.urllib3.connectionpool=WARN', 'urllib3.connectionpool=WARN', 'websocket=WARN', 'requests.packages.urllib3.util.retry=WARN', 'urllib3.util.retry=WARN', 'keystonemiddleware=WARN', 'routes.middleware=WARN', 'stevedore=WARN', 'taskflow=WARN', 'keystoneauth=WARN', 'oslo.cache=INFO', 'oslo_policy=INFO', 'dogpile.core.dogpile=INFO', 'OFPHandler=INFO', 'OfctlService=INFO', 'os_ken.base.app_manager=INFO', 'os_ken.controller.controller=INFO'] {{(pid=121443) log_opt_values /usr/local/lib/python3.8/dist-packages/oslo_config/cfg.py:2602}}
Apr 12 17:49:18 ubuntu neutron-server[121443]: DEBUG oslo_service.service [-] dhcp_agent_notification        = False {{(pid=121443) log_opt_values /usr/local/lib/python3.8/dist-packages/oslo_config/cfg.py:2602}}
Apr 12 17:49:18 ubuntu neutron-server[121443]: DEBUG oslo_service.service [-] dhcp_agents_per_network        = 1 {{(pid=121443) log_opt_values /usr/local/lib/python3.8/dist-packages/oslo_config/cfg.py:2602}}
Apr 12 17:49:18 ubuntu neutron-server[121443]: DEBUG oslo_service.service [-] dhcp_lease_duration            = 86400 {{(pid=121443) log_opt_values /usr/local/lib/python3.8/dist-packages/oslo_config/cfg.py:2602}}
Apr 12 17:49:18 ubuntu neutron-server[121661]: DEBUG neutron_lib.callbacks.manager [-] Publish callbacks ['neutron.plugins.ml2.drivers.ovn.mech_driver.mech_driver.OVNMechanismDriver.post_fork_initialize-1614308'] for process (None), after_init {{(pid=121661) _notify_loop /usr/local/lib/python3.8/dist-packages/neutron_lib/callbacks/manager.py:176}}
Apr 12 17:49:18 ubuntu neutron-server[121443]: DEBUG oslo_service.service [-] dhcp_load_type                 = networks {{(pid=121443) log_opt_values /usr/local/lib/python3.8/dist-packages/oslo_config/cfg.py:2602}}
Apr 12 17:49:18 ubuntu neutron-server[121443]: DEBUG oslo_service.service [-] dns_domain                     = openstacklocal {{(pid=121443) log_opt_values /usr/local/lib/python3.8/dist-packages/oslo_config/cfg.py:2602}}
Apr 12 17:49:18 ubuntu neutron-server[121443]: DEBUG oslo_service.service [-] dvr_base_mac                   = fa:16:3f:00:00:00 {{(pid=121443) log_opt_values /usr/local/lib/python3.8/dist-packages/oslo_config/cfg.py:2602}}
Apr 12 17:49:18 ubuntu neutron-server[121443]: DEBUG oslo_service.service [-] enable_dvr                     = True {{(pid=121443) log_opt_values /usr/local/lib/python3.8/dist-packages/oslo_config/cfg.py:2602}}
Apr 12 17:49:18 ubuntu neutron-server[121443]: DEBUG oslo_service.service [-] enable_new_agents              = True {{(pid=121443) log_opt_values /usr/local/lib/python3.8/dist-packages/oslo_config/cfg.py:2602}}
Apr 12 17:49:18 ubuntu neutron-server[121443]: DEBUG oslo_service.service [-] enable_services_on_agents_with_admin_state_down = False {{(pid=121443) log_opt_values /usr/local/lib/python3.8/dist-packages/oslo_config/cfg.py:2602}}
Apr 12 17:49:18 ubuntu neutron-server[121443]: DEBUG oslo_service.service [-] enable_snat_by_default         = True {{(pid=121443) log_opt_values /usr/local/lib/python3.8/dist-packages/oslo_config/cfg.py:2602}}
Apr 12 17:49:18 ubuntu neutron-server[121443]: DEBUG oslo_service.service [-] enable_traditional_dhcp        = True {{(pid=121443) log_opt_values /usr/local/lib/python3.8/dist-packages/oslo_config/cfg.py:2602}}
Apr 12 17:49:18 ubuntu neutron-server[121443]: DEBUG oslo_service.service [-] external_dns_driver            = None {{(pid=121443) log_opt_values /usr/local/lib/python3.8/dist-packages/oslo_config/cfg.py:2602}}
Apr 12 17:49:18 ubuntu neutron-server[121443]: DEBUG oslo_service.service [-] fatal_deprecations             = False {{(pid=121443) log_opt_values /usr/local/lib/python3.8/dist-packages/oslo_config/cfg.py:2602}}
Apr 12 17:49:18 ubuntu neutron-server[121443]: DEBUG oslo_service.service [-] filter_validation              = True {{(pid=121443) log_opt_values /usr/local/lib/python3.8/dist-packages/oslo_config/cfg.py:2602}}
Apr 12 17:49:18 ubuntu neutron-server[121443]: DEBUG oslo_service.service [-] global_physnet_mtu             = 1500 {{(pid=121443) log_opt_values /usr/local/lib/python3.8/dist-packages/oslo_config/cfg.py:2602}}
Apr 12 17:49:18 ubuntu neutron-server[121443]: DEBUG oslo_service.service [-] graceful_shutdown_timeout      = 60 {{(pid=121443) log_opt_values /usr/local/lib/python3.8/dist-packages/oslo_config/cfg.py:2602}}
Apr 12 17:49:18 ubuntu neutron-server[121443]: DEBUG oslo_service.service [-] host                           = ubuntu {{(pid=121443) log_opt_values /usr/local/lib/python3.8/dist-packages/oslo_config/cfg.py:2602}}
Apr 12 17:49:18 ubuntu neutron-server[121443]: DEBUG oslo_service.service [-] host_dvr_for_dhcp              = True {{(pid=121443) log_opt_values /usr/local/lib/python3.8/dist-packages/oslo_config/cfg.py:2602}}
Apr 12 17:49:18 ubuntu neutron-server[121443]: DEBUG oslo_service.service [-] http_retries                   = 3 {{(pid=121443) log_opt_values /usr/local/lib/python3.8/dist-packages/oslo_config/cfg.py:2602}}
Apr 12 17:49:18 ubuntu neutron-server[121443]: DEBUG oslo_service.service [-] instance_format                = [instance: %(uuid)s]  {{(pid=121443) log_opt_values /usr/local/lib/python3.8/dist-packages/oslo_config/cfg.py:2602}}
Apr 12 17:49:18 ubuntu neutron-server[121443]: DEBUG oslo_service.service [-] instance_uuid_format           = [instance: %(uuid)s]  {{(pid=121443) log_opt_values /usr/local/lib/python3.8/dist-packages/oslo_config/cfg.py:2602}}
