Apr 03 16:15:24 ubuntu devstack@g-api.service[133768]: DEBUG glance_store.location [None req-3b160c57-9af8-41f1-8b89-a04755c01f96 admin admin] Registering scheme swift+https with {'store': <glance_store._drivers.swift.store.SingleTenantStore object at 0x7ff0d5b1a3d0>, 'location_class': <class 'glance_store._drivers.swift.store.StoreLocation'>, 'store_entry': 'swift'} {{(pid=133768) register_scheme_map /usr/local/lib/python3.8/dist-packages/glance_store/location.py:146}}
Apr 03 16:15:24 ubuntu devstack@g-api.service[133768]: DEBUG glance_store.location [None req-3b160c57-9af8-41f1-8b89-a04755c01f96 admin admin] Registering scheme swift+https with {'store': <glance_store._drivers.swift.store.SingleTenantStore object at 0x7ff0d5b1a3d0>, 'location_class': <class 'glance_store._drivers.swift.store.StoreLocation'>, 'store_entry': 'swift'} {{(pid=133768) register_scheme_map /usr/local/lib/python3.8/dist-packages/glance_store/location.py:146}}
Apr 03 16:15:24 ubuntu devstack@g-api.service[133768]: DEBUG glance_store.location [None req-3b160c57-9af8-41f1-8b89-a04755c01f96 admin admin] Registering scheme swift with {'store': <glance_store._drivers.swift.store.SingleTenantStore object at 0x7ff0d5b1a3d0>, 'location_class': <class 'glance_store._drivers.swift.store.StoreLocation'>, 'store_entry': 'swift'} {{(pid=133768) register_scheme_map /usr/local/lib/python3.8/dist-packages/glance_store/location.py:146}}
Apr 03 16:15:24 ubuntu devstack@g-api.service[133768]: DEBUG glance_store.location [None req-3b160c57-9af8-41f1-8b89-a04755c01f96 admin admin] Registering scheme swift+https with {'store': <glance_store._drivers.swift.store.SingleTenantStore object at 0x7ff0d5b1a3d0>, 'location_class': <class 'glance_store._drivers.swift.store.StoreLocation'>, 'store_entry': 'swift'} {{(pid=133768) register_scheme_map /usr/local/lib/python3.8/dist-packages/glance_store/location.py:146}}
Apr 03 16:15:24 ubuntu devstack@g-api.service[133768]: DEBUG glance_store.location [None req-3b160c57-9af8-41f1-8b89-a04755c01f96 admin admin] Registering scheme swift with {'store': <glance_store._drivers.swift.store.SingleTenantStore object at 0x7ff0d5b1a3d0>, 'location_class': <class 'glance_store._drivers.swift.store.StoreLocation'>, 'store_entry': 'swift'} {{(pid=133768) register_scheme_map /usr/local/lib/python3.8/dist-packages/glance_store/location.py:146}}
Apr 03 16:15:24 ubuntu devstack@g-api.service[133768]: DEBUG glance_store.location [None req-3b160c57-9af8-41f1-8b89-a04755c01f96 admin admin] Registering scheme swift+http with {'store': <glance_store._drivers.swift.store.SingleTenantStore object at 0x7ff0d5b1a3d0>, 'location_class': <class 'glance_store._drivers.swift.store.StoreLocation'>, 'store_entry': 'swift'} {{(pid=133768) register_scheme_map /usr/local/lib/python3.8/dist-packages/glance_store/location.py:146}}
Apr 03 16:15:24 ubuntu devstack@g-api.service[133768]: DEBUG glance_store.location [None req-3b160c57-9af8-41f1-8b89-a04755c01f96 admin admin] Registering scheme swift+https with {'store': <glance_store._drivers.swift.store.SingleTenantStore object at 0x7ff0d5b1a3d0>, 'location_class': <class 'glance_store._drivers.swift.store.StoreLocation'>, 'store_entry': 'swift'} {{(pid=133768) register_scheme_map /usr/local/lib/python3.8/dist-packages/glance_store/location.py:146}}
Apr 03 16:15:24 ubuntu devstack@g-api.service[133768]: DEBUG glance_store.location [None req-3b160c57-9af8-41f1-8b89-a04755c01f96 admin admin] Registering scheme swift with {'store': <glance_store._drivers.swift.store.SingleTenantStore object at 0x7ff0d5b1a3d0>, 'location_class': <class 'glance_store._drivers.swift.store.StoreLocation'>, 'store_entry': 'swift'} {{(pid=133768) register_scheme_map /usr/local/lib/python3.8/dist-packages/glance_store/location.py:146}}
Apr 03 16:15:24 ubuntu devstack@g-api.service[133768]: DEBUG glance_store.location [None req-3b160c57-9af8-41f1-8b89-a04755c01f96 admin admin] Registering scheme swift+http with {'store': <glance_store._drivers.swift.store.SingleTenantStore object at 0x7ff0d5b1a3d0>, 'location_class': <class 'glance_store._drivers.swift.store.StoreLocation'>, 'store_entry': 'swift'} {{(pid=133768) register_scheme_map /usr/local/lib/python3.8/dist-packages/glance_store/location.py:146}}
Apr 03 16:15:24 ubuntu devstack@g-api.service[133768]: DEBUG glance_store.location [None req-3b160c57-9af8-41f1-8b89-a04755c01f96 admin admin] Registering scheme swift+config with {'store': <glance_store._drivers.swift.store.SingleTenantStore object at 0x7ff0d5b1a3d0>, 'location_class': <class 'glance_store._drivers.swift.store.StoreLocation'>, 'store_entry': 'swift'} {{(pid=133768) register_scheme_map /usr/local/lib/python3.8/dist-packages/glance_store/location.py:146}}
Apr 03 16:15:24 ubuntu devstack@g-api.service[133768]: DEBUG glance_store.backend [None req-3b160c57-9af8-41f1-8b89-a04755c01f96 admin admin] Skipping store.set_acls... not implemented. {{(pid=133768) set_acls /usr/local/lib/python3.8/dist-packages/glance_store/backend.py:509}}
Apr 03 16:15:24 ubuntu devstack@g-api.service[133768]: [pid: 133768|app: 0|req: 3/4] 127.0.0.1 () {40 vars in 862 bytes} [Sun Apr  3 16:15:22 2022] PUT /v2/images/ffb9c560-46df-443e-a059-d4ac32c912d3/file => generated 0 bytes in 1985 msecs (HTTP/1.1 204) 4 headers in 171 bytes (1 switches on core 0)
Apr 03 16:16:00 ubuntu devstack@g-api.service[133767]: DEBUG glance.api.middleware.version_negotiation [None req-c8415b17-5db6-4cdd-aa68-0e328deb7457 admin admin] Determining version of request: GET / Accept: application/json {{(pid=133767) process_request /opt/stack/glance/glance/api/middleware/version_negotiation.py:44}}
Apr 03 16:16:00 ubuntu devstack@g-api.service[133767]: DEBUG glance.api.middleware.version_negotiation [None req-c8415b17-5db6-4cdd-aa68-0e328deb7457 admin admin] Using url versioning {{(pid=133767) process_request /opt/stack/glance/glance/api/middleware/version_negotiation.py:57}}
Apr 03 16:16:00 ubuntu devstack@g-api.service[133767]: DEBUG glance.api.middleware.version_negotiation [None req-c8415b17-5db6-4cdd-aa68-0e328deb7457 admin admin] Unknown version. Returning version choices. {{(pid=133767) process_request /opt/stack/glance/glance/api/middleware/version_negotiation.py:64}}
Apr 03 16:16:00 ubuntu devstack@g-api.service[133767]: [pid: 133767|app: 0|req: 2/5] 127.0.0.1 () {34 vars in 506 bytes} [Sun Apr  3 16:16:00 2022] GET / => generated 1213 bytes in 7 msecs (HTTP/1.1 300) 3 headers in 106 bytes (1 switches on core 0)
Apr 03 16:16:00 ubuntu devstack@g-api.service[133768]: DEBUG glance.api.middleware.version_negotiation [None req-3b160c57-9af8-41f1-8b89-a04755c01f96 admin admin] Determining version of request: GET /v2/images Accept: application/json {{(pid=133768) process_request /opt/stack/glance/glance/api/middleware/version_negotiation.py:44}}
Apr 03 16:16:00 ubuntu devstack@g-api.service[133768]: DEBUG glance.api.middleware.version_negotiation [None req-3b160c57-9af8-41f1-8b89-a04755c01f96 admin admin] Using url versioning {{(pid=133768) process_request /opt/stack/glance/glance/api/middleware/version_negotiation.py:57}}
Apr 03 16:16:00 ubuntu devstack@g-api.service[133768]: DEBUG glance.api.middleware.version_negotiation [None req-3b160c57-9af8-41f1-8b89-a04755c01f96 admin admin] Matched version: v2 {{(pid=133768) process_request /opt/stack/glance/glance/api/middleware/version_negotiation.py:69}}
Apr 03 16:16:00 ubuntu devstack@g-api.service[133768]: DEBUG glance.api.middleware.version_negotiation [None req-3b160c57-9af8-41f1-8b89-a04755c01f96 admin admin] new path /v2/images {{(pid=133768) process_request /opt/stack/glance/glance/api/middleware/version_negotiation.py:70}}
Apr 03 16:16:00 ubuntu devstack@g-api.service[133768]: [pid: 133768|app: 0|req: 4/6] 127.0.0.1 () {36 vars in 728 bytes} [Sun Apr  3 16:16:00 2022] GET /v2/images => generated 1045 bytes in 107 msecs (HTTP/1.1 200) 4 headers in 158 bytes (1 switches on core 0)
Apr 03 16:16:06 ubuntu devstack@g-api.service[133767]: DEBUG glance.api.middleware.version_negotiation [None req-c8415b17-5db6-4cdd-aa68-0e328deb7457 admin admin] Determining version of request: GET / Accept: application/json {{(pid=133767) process_request /opt/stack/glance/glance/api/middleware/version_negotiation.py:44}}
Apr 03 16:16:06 ubuntu devstack@g-api.service[133767]: DEBUG glance.api.middleware.version_negotiation [None req-c8415b17-5db6-4cdd-aa68-0e328deb7457 admin admin] Using url versioning {{(pid=133767) process_request /opt/stack/glance/glance/api/middleware/version_negotiation.py:57}}
Apr 03 16:16:06 ubuntu devstack@g-api.service[133767]: DEBUG glance.api.middleware.version_negotiation [None req-c8415b17-5db6-4cdd-aa68-0e328deb7457 admin admin] Unknown version. Returning version choices. {{(pid=133767) process_request /opt/stack/glance/glance/api/middleware/version_negotiation.py:64}}
Apr 03 16:16:06 ubuntu devstack@g-api.service[133767]: [pid: 133767|app: 0|req: 3/7] 127.0.0.1 () {34 vars in 506 bytes} [Sun Apr  3 16:16:06 2022] GET / => generated 1213 bytes in 3 msecs (HTTP/1.1 300) 3 headers in 106 bytes (1 switches on core 0)
Apr 03 16:16:06 ubuntu devstack@g-api.service[133768]: DEBUG glance.api.middleware.version_negotiation [None req-df406873-cfd8-4efd-9fbf-c38768e089cf admin admin] Determining version of request: GET /v2/images/ffb9c560-46df-443e-a059-d4ac32c912d3 Accept: */* {{(pid=133768) process_request /opt/stack/glance/glance/api/middleware/version_negotiation.py:44}}
Apr 03 16:16:06 ubuntu devstack@g-api.service[133768]: DEBUG glance.api.middleware.version_negotiation [None req-df406873-cfd8-4efd-9fbf-c38768e089cf admin admin] Using url versioning {{(pid=133768) process_request /opt/stack/glance/glance/api/middleware/version_negotiation.py:57}}
Apr 03 16:16:06 ubuntu devstack@g-api.service[133768]: DEBUG glance.api.middleware.version_negotiation [None req-df406873-cfd8-4efd-9fbf-c38768e089cf admin admin] Matched version: v2 {{(pid=133768) process_request /opt/stack/glance/glance/api/middleware/version_negotiation.py:69}}
Apr 03 16:16:06 ubuntu devstack@g-api.service[133768]: DEBUG glance.api.middleware.version_negotiation [None req-df406873-cfd8-4efd-9fbf-c38768e089cf admin admin] new path /v2/images/ffb9c560-46df-443e-a059-d4ac32c912d3 {{(pid=133768) process_request /opt/stack/glance/glance/api/middleware/version_negotiation.py:70}}
Apr 03 16:16:06 ubuntu devstack@g-api.service[133768]: [pid: 133768|app: 0|req: 5/8] 127.0.0.1 () {36 vars in 789 bytes} [Sun Apr  3 16:16:06 2022] GET /v2/images/ffb9c560-46df-443e-a059-d4ac32c912d3 => generated 976 bytes in 62 msecs (HTTP/1.1 200) 4 headers in 157 bytes (1 switches on core 0)
Apr 03 16:16:10 ubuntu devstack@g-api.service[133767]: DEBUG glance.api.middleware.version_negotiation [None req-c8415b17-5db6-4cdd-aa68-0e328deb7457 admin admin] Determining version of request: GET / Accept: application/json {{(pid=133767) process_request /opt/stack/glance/glance/api/middleware/version_negotiation.py:44}}
Apr 03 16:16:10 ubuntu devstack@g-api.service[133767]: DEBUG glance.api.middleware.version_negotiation [None req-c8415b17-5db6-4cdd-aa68-0e328deb7457 admin admin] Using url versioning {{(pid=133767) process_request /opt/stack/glance/glance/api/middleware/version_negotiation.py:57}}
Apr 03 16:16:10 ubuntu devstack@g-api.service[133767]: DEBUG glance.api.middleware.version_negotiation [None req-c8415b17-5db6-4cdd-aa68-0e328deb7457 admin admin] Unknown version. Returning version choices. {{(pid=133767) process_request /opt/stack/glance/glance/api/middleware/version_negotiation.py:64}}
Apr 03 16:16:10 ubuntu devstack@g-api.service[133767]: [pid: 133767|app: 0|req: 4/9] 127.0.0.1 () {34 vars in 506 bytes} [Sun Apr  3 16:16:10 2022] GET / => generated 1213 bytes in 3 msecs (HTTP/1.1 300) 3 headers in 106 bytes (1 switches on core 0)
Apr 03 16:16:10 ubuntu devstack@g-api.service[133768]: DEBUG glance.api.middleware.version_negotiation [None req-c35718fe-5b7b-49cb-84c9-ad5071f89253 admin admin] Determining version of request: GET /v2/images/ffb9c560-46df-443e-a059-d4ac32c912d3 Accept: */* {{(pid=133768) process_request /opt/stack/glance/glance/api/middleware/version_negotiation.py:44}}
Apr 03 16:16:10 ubuntu devstack@g-api.service[133768]: DEBUG glance.api.middleware.version_negotiation [None req-c35718fe-5b7b-49cb-84c9-ad5071f89253 admin admin] Using url versioning {{(pid=133768) process_request /opt/stack/glance/glance/api/middleware/version_negotiation.py:57}}
Apr 03 16:16:10 ubuntu devstack@g-api.service[133768]: DEBUG glance.api.middleware.version_negotiation [None req-c35718fe-5b7b-49cb-84c9-ad5071f89253 admin admin] Matched version: v2 {{(pid=133768) process_request /opt/stack/glance/glance/api/middleware/version_negotiation.py:69}}
Apr 03 16:16:10 ubuntu devstack@g-api.service[133768]: DEBUG glance.api.middleware.version_negotiation [None req-c35718fe-5b7b-49cb-84c9-ad5071f89253 admin admin] new path /v2/images/ffb9c560-46df-443e-a059-d4ac32c912d3 {{(pid=133768) process_request /opt/stack/glance/glance/api/middleware/version_negotiation.py:70}}
Apr 03 16:16:10 ubuntu devstack@g-api.service[133768]: [pid: 133768|app: 0|req: 6/10] 127.0.0.1 () {36 vars in 789 bytes} [Sun Apr  3 16:16:10 2022] GET /v2/images/ffb9c560-46df-443e-a059-d4ac32c912d3 => generated 976 bytes in 64 msecs (HTTP/1.1 200) 4 headers in 157 bytes (1 switches on core 0)
Apr 03 16:17:44 ubuntu devstack@g-api.service[133767]: DEBUG glance.api.middleware.version_negotiation [None req-c8415b17-5db6-4cdd-aa68-0e328deb7457 admin admin] Determining version of request: GET /v1 Accept: application/json {{(pid=133767) process_request /opt/stack/glance/glance/api/middleware/version_negotiation.py:44}}
Apr 03 16:17:44 ubuntu devstack@g-api.service[133767]: DEBUG glance.api.middleware.version_negotiation [None req-c8415b17-5db6-4cdd-aa68-0e328deb7457 admin admin] Using url versioning {{(pid=133767) process_request /opt/stack/glance/glance/api/middleware/version_negotiation.py:57}}
Apr 03 16:17:44 ubuntu devstack@g-api.service[133767]: DEBUG glance.api.middleware.version_negotiation [None req-c8415b17-5db6-4cdd-aa68-0e328deb7457 admin admin] Unknown version. Returning version choices. {{(pid=133767) process_request /opt/stack/glance/glance/api/middleware/version_negotiation.py:64}}
Apr 03 16:17:44 ubuntu devstack@g-api.service[133767]: [pid: 133767|app: 0|req: 5/11] 127.0.0.1 () {38 vars in 685 bytes} [Sun Apr  3 16:17:44 2022] GET /v1 => generated 1213 bytes in 6 msecs (HTTP/1.1 300) 3 headers in 106 bytes (1 switches on core 0)
Apr 03 16:20:13 ubuntu devstack@g-api.service[133768]: DEBUG oslo_concurrency.lockutils [-] Acquired lock "glance-cache" {{(pid=133768) lock /usr/local/lib/python3.8/dist-packages/oslo_concurrency/lockutils.py:294}}
Apr 03 16:20:13 ubuntu devstack@g-api.service[133768]: DEBUG oslo_concurrency.lockutils [-] Acquired external semaphore "glance-cache" {{(pid=133768) lock /usr/local/lib/python3.8/dist-packages/oslo_concurrency/lockutils.py:302}}
Apr 03 16:20:13 ubuntu devstack@g-api.service[133768]: DEBUG glance.image_cache.prefetcher [-] Nothing to prefetch. {{(pid=133768) run /opt/stack/glance/glance/image_cache/prefetcher.py:79}}
Apr 03 16:20:13 ubuntu devstack@g-api.service[133768]: DEBUG oslo_concurrency.lockutils [-] Releasing lock "glance-cache" {{(pid=133768) lock /usr/local/lib/python3.8/dist-packages/oslo_concurrency/lockutils.py:312}}
Apr 03 16:20:13 ubuntu devstack@g-api.service[133767]: DEBUG oslo_concurrency.lockutils [-] Acquired lock "glance-cache" {{(pid=133767) lock /usr/local/lib/python3.8/dist-packages/oslo_concurrency/lockutils.py:294}}
Apr 03 16:20:13 ubuntu devstack@g-api.service[133767]: DEBUG oslo_concurrency.lockutils [-] Acquired external semaphore "glance-cache" {{(pid=133767) lock /usr/local/lib/python3.8/dist-packages/oslo_concurrency/lockutils.py:302}}
Apr 03 16:20:13 ubuntu devstack@g-api.service[133767]: DEBUG glance.image_cache.prefetcher [-] Nothing to prefetch. {{(pid=133767) run /opt/stack/glance/glance/image_cache/prefetcher.py:79}}
Apr 03 16:20:13 ubuntu devstack@g-api.service[133767]: DEBUG oslo_concurrency.lockutils [-] Releasing lock "glance-cache" {{(pid=133767) lock /usr/local/lib/python3.8/dist-packages/oslo_concurrency/lockutils.py:312}}
Apr 03 16:20:45 ubuntu devstack@g-api.service[133768]: DEBUG glance.api.middleware.version_negotiation [None req-4310dd55-b409-4a62-ad86-160e7e3a5b60 admin admin] Determining version of request: GET /versions Accept: */* {{(pid=133768) process_request /opt/stack/glance/glance/api/middleware/version_negotiation.py:44}}
Apr 03 16:20:45 ubuntu devstack@g-api.service[133768]: [pid: 133768|app: 0|req: 7/12] 127.0.0.1 () {38 vars in 695 bytes} [Sun Apr  3 16:20:45 2022] GET /versions => generated 1213 bytes in 3 msecs (HTTP/1.1 200) 3 headers in 92 bytes (1 switches on core 0)
Apr 03 16:20:45 ubuntu devstack@g-api.service[133767]: DEBUG glance.api.middleware.version_negotiation [None req-c8415b17-5db6-4cdd-aa68-0e328deb7457 admin admin] Determining version of request: GET /v2/schemas/image Accept: */* {{(pid=133767) process_request /opt/stack/glance/glance/api/middleware/version_negotiation.py:44}}
Apr 03 16:20:45 ubuntu devstack@g-api.service[133767]: DEBUG glance.api.middleware.version_negotiation [None req-c8415b17-5db6-4cdd-aa68-0e328deb7457 admin admin] Using url versioning {{(pid=133767) process_request /opt/stack/glance/glance/api/middleware/version_negotiation.py:57}}
Apr 03 16:20:45 ubuntu devstack@g-api.service[133767]: DEBUG glance.api.middleware.version_negotiation [None req-c8415b17-5db6-4cdd-aa68-0e328deb7457 admin admin] Matched version: v2 {{(pid=133767) process_request /opt/stack/glance/glance/api/middleware/version_negotiation.py:69}}
Apr 03 16:20:45 ubuntu devstack@g-api.service[133767]: DEBUG glance.api.middleware.version_negotiation [None req-c8415b17-5db6-4cdd-aa68-0e328deb7457 admin admin] new path /v2/schemas/image {{(pid=133767) process_request /opt/stack/glance/glance/api/middleware/version_negotiation.py:70}}
Apr 03 16:20:45 ubuntu devstack@g-api.service[133767]: [pid: 133767|app: 0|req: 6/13] 127.0.0.1 () {38 vars in 711 bytes} [Sun Apr  3 16:20:45 2022] GET /v2/schemas/image => generated 6083 bytes in 78 msecs (HTTP/1.1 200) 4 headers in 158 bytes (1 switches on core 0)
Apr 03 16:20:45 ubuntu devstack@g-api.service[133768]: DEBUG glance.api.middleware.version_negotiation [None req-4310dd55-b409-4a62-ad86-160e7e3a5b60 admin admin] Determining version of request: GET /v2/schemas/metadefs/namespace Accept: */* {{(pid=133768) process_request /opt/stack/glance/glance/api/middleware/version_negotiation.py:44}}
Apr 03 16:20:45 ubuntu devstack@g-api.service[133768]: DEBUG glance.api.middleware.version_negotiation [None req-4310dd55-b409-4a62-ad86-160e7e3a5b60 admin admin] Using url versioning {{(pid=133768) process_request /opt/stack/glance/glance/api/middleware/version_negotiation.py:57}}
Apr 03 16:20:45 ubuntu devstack@g-api.service[133768]: DEBUG glance.api.middleware.version_negotiation [None req-4310dd55-b409-4a62-ad86-160e7e3a5b60 admin admin] Matched version: v2 {{(pid=133768) process_request /opt/stack/glance/glance/api/middleware/version_negotiation.py:69}}
Apr 03 16:20:45 ubuntu devstack@g-api.service[133768]: DEBUG glance.api.middleware.version_negotiation [None req-4310dd55-b409-4a62-ad86-160e7e3a5b60 admin admin] new path /v2/schemas/metadefs/namespace {{(pid=133768) process_request /opt/stack/glance/glance/api/middleware/version_negotiation.py:70}}
Apr 03 16:20:45 ubuntu devstack@g-api.service[133768]: [pid: 133768|app: 0|req: 8/14] 127.0.0.1 () {38 vars in 737 bytes} [Sun Apr  3 16:20:45 2022] GET /v2/schemas/metadefs/namespace => generated 3100 bytes in 9 msecs (HTTP/1.1 200) 4 headers in 158 bytes (1 switches on core 0)
Apr 03 16:20:45 ubuntu devstack@g-api.service[133767]: DEBUG glance.api.middleware.version_negotiation [None req-d80fd337-1d19-464d-a1a6-02e6501d8b39 admin admin] Determining version of request: GET /v2/schemas/metadefs/resource_type Accept: */* {{(pid=133767) process_request /opt/stack/glance/glance/api/middleware/version_negotiation.py:44}}
Apr 03 16:20:45 ubuntu devstack@g-api.service[133767]: DEBUG glance.api.middleware.version_negotiation [None req-d80fd337-1d19-464d-a1a6-02e6501d8b39 admin admin] Using url versioning {{(pid=133767) process_request /opt/stack/glance/glance/api/middleware/version_negotiation.py:57}}
Apr 03 16:20:45 ubuntu devstack@g-api.service[133767]: DEBUG glance.api.middleware.version_negotiation [None req-d80fd337-1d19-464d-a1a6-02e6501d8b39 admin admin] Matched version: v2 {{(pid=133767) process_request /opt/stack/glance/glance/api/middleware/version_negotiation.py:69}}
Apr 03 16:20:45 ubuntu devstack@g-api.service[133767]: DEBUG glance.api.middleware.version_negotiation [None req-d80fd337-1d19-464d-a1a6-02e6501d8b39 admin admin] new path /v2/schemas/metadefs/resource_type {{(pid=133767) process_request /opt/stack/glance/glance/api/middleware/version_negotiation.py:70}}
Apr 03 16:20:45 ubuntu devstack@g-api.service[133767]: [pid: 133767|app: 0|req: 7/15] 127.0.0.1 () {38 vars in 745 bytes} [Sun Apr  3 16:20:45 2022] GET /v2/schemas/metadefs/resource_type => generated 1262 bytes in 7 msecs (HTTP/1.1 200) 4 headers in 158 bytes (1 switches on core 0)
Apr 03 16:20:45 ubuntu devstack@g-api.service[133768]: DEBUG glance.api.middleware.version_negotiation [None req-a844525e-65d5-408c-890d-03d3f99ad084 admin admin] Determining version of request: GET /v2/images Accept: */* {{(pid=133768) process_request /opt/stack/glance/glance/api/middleware/version_negotiation.py:44}}
Apr 03 16:20:45 ubuntu devstack@g-api.service[133768]: DEBUG glance.api.middleware.version_negotiation [None req-a844525e-65d5-408c-890d-03d3f99ad084 admin admin] Using url versioning {{(pid=133768) process_request /opt/stack/glance/glance/api/middleware/version_negotiation.py:57}}
Apr 03 16:20:45 ubuntu devstack@g-api.service[133768]: DEBUG glance.api.middleware.version_negotiation [None req-a844525e-65d5-408c-890d-03d3f99ad084 admin admin] Matched version: v2 {{(pid=133768) process_request /opt/stack/glance/glance/api/middleware/version_negotiation.py:69}}
Apr 03 16:20:45 ubuntu devstack@g-api.service[133768]: DEBUG glance.api.middleware.version_negotiation [None req-a844525e-65d5-408c-890d-03d3f99ad084 admin admin] new path /v2/images {{(pid=133768) process_request /opt/stack/glance/glance/api/middleware/version_negotiation.py:70}}
Apr 03 16:20:45 ubuntu devstack@g-api.service[133768]: [pid: 133768|app: 0|req: 9/16] 127.0.0.1 () {38 vars in 768 bytes} [Sun Apr  3 16:20:45 2022] GET /v2/images?limit=20&sort_key=name&sort_dir=asc => generated 1081 bytes in 87 msecs (HTTP/1.1 200) 4 headers in 158 bytes (1 switches on core 0)
Apr 03 16:20:45 ubuntu devstack@g-api.service[133767]: DEBUG glance.api.middleware.version_negotiation [None req-ec99fa74-1673-4dd1-a607-6ecd31e27c05 admin admin] Determining version of request: GET /v2/schemas/image Accept: */* {{(pid=133767) process_request /opt/stack/glance/glance/api/middleware/version_negotiation.py:44}}
Apr 03 16:20:45 ubuntu devstack@g-api.service[133767]: DEBUG glance.api.middleware.version_negotiation [None req-ec99fa74-1673-4dd1-a607-6ecd31e27c05 admin admin] Using url versioning {{(pid=133767) process_request /opt/stack/glance/glance/api/middleware/version_negotiation.py:57}}
Apr 03 16:20:45 ubuntu devstack@g-api.service[133767]: DEBUG glance.api.middleware.version_negotiation [None req-ec99fa74-1673-4dd1-a607-6ecd31e27c05 admin admin] Matched version: v2 {{(pid=133767) process_request /opt/stack/glance/glance/api/middleware/version_negotiation.py:69}}
Apr 03 16:20:45 ubuntu devstack@g-api.service[133767]: DEBUG glance.api.middleware.version_negotiation [None req-ec99fa74-1673-4dd1-a607-6ecd31e27c05 admin admin] new path /v2/schemas/image {{(pid=133767) process_request /opt/stack/glance/glance/api/middleware/version_negotiation.py:70}}
Apr 03 16:20:45 ubuntu devstack@g-api.service[133767]: [pid: 133767|app: 0|req: 8/17] 127.0.0.1 () {38 vars in 711 bytes} [Sun Apr  3 16:20:45 2022] GET /v2/schemas/image => generated 6083 bytes in 8 msecs (HTTP/1.1 200) 4 headers in 158 bytes (1 switches on core 0)
Apr 03 16:20:56 ubuntu devstack@g-api.service[133768]: DEBUG glance.api.middleware.version_negotiation [None req-61a4aabc-2836-485c-b694-45cbbdcd16aa admin admin] Determining version of request: GET / Accept: application/json {{(pid=133768) process_request /opt/stack/glance/glance/api/middleware/version_negotiation.py:44}}
Apr 03 16:20:56 ubuntu devstack@g-api.service[133768]: DEBUG glance.api.middleware.version_negotiation [None req-61a4aabc-2836-485c-b694-45cbbdcd16aa admin admin] Using url versioning {{(pid=133768) process_request /opt/stack/glance/glance/api/middleware/version_negotiation.py:57}}
Apr 03 16:20:56 ubuntu devstack@g-api.service[133768]: DEBUG glance.api.middleware.version_negotiation [None req-61a4aabc-2836-485c-b694-45cbbdcd16aa admin admin] Unknown version. Returning version choices. {{(pid=133768) process_request /opt/stack/glance/glance/api/middleware/version_negotiation.py:64}}
Apr 03 16:20:56 ubuntu devstack@g-api.service[133768]: [pid: 133768|app: 0|req: 10/18] 127.0.0.1 () {34 vars in 492 bytes} [Sun Apr  3 16:20:56 2022] GET / => generated 1213 bytes in 5 msecs (HTTP/1.1 300) 3 headers in 106 bytes (1 switches on core 0)
Apr 03 16:20:56 ubuntu devstack@g-api.service[133767]: DEBUG glance.api.middleware.version_negotiation [None req-869e67d6-9e9e-45fa-948f-e842a6323b86 admin admin] Determining version of request: GET /v2/images/ffb9c560-46df-443e-a059-d4ac32c912d3 Accept: */* {{(pid=133767) process_request /opt/stack/glance/glance/api/middleware/version_negotiation.py:44}}
Apr 03 16:20:56 ubuntu devstack@g-api.service[133767]: DEBUG glance.api.middleware.version_negotiation [None req-869e67d6-9e9e-45fa-948f-e842a6323b86 admin admin] Using url versioning {{(pid=133767) process_request /opt/stack/glance/glance/api/middleware/version_negotiation.py:57}}
Apr 03 16:20:56 ubuntu devstack@g-api.service[133767]: DEBUG glance.api.middleware.version_negotiation [None req-869e67d6-9e9e-45fa-948f-e842a6323b86 admin admin] Matched version: v2 {{(pid=133767) process_request /opt/stack/glance/glance/api/middleware/version_negotiation.py:69}}
Apr 03 16:20:56 ubuntu devstack@g-api.service[133767]: DEBUG glance.api.middleware.version_negotiation [None req-869e67d6-9e9e-45fa-948f-e842a6323b86 admin admin] new path /v2/images/ffb9c560-46df-443e-a059-d4ac32c912d3 {{(pid=133767) process_request /opt/stack/glance/glance/api/middleware/version_negotiation.py:70}}
Apr 03 16:20:57 ubuntu devstack@g-api.service[133767]: WARNING keystonemiddleware.auth_token [None req-869e67d6-9e9e-45fa-948f-e842a6323b86 admin admin] A valid token was submitted as a service token, but it was not a valid service token. This is incorrect but backwards compatible behaviour. This will be removed in future releases.
Apr 03 16:20:57 ubuntu devstack@g-api.service[133767]: [pid: 133767|app: 0|req: 9/19] 127.0.0.1 () {42 vars in 1049 bytes} [Sun Apr  3 16:20:56 2022] GET /v2/images/ffb9c560-46df-443e-a059-d4ac32c912d3 => generated 976 bytes in 138 msecs (HTTP/1.1 200) 4 headers in 157 bytes (1 switches on core 0)
Apr 03 16:20:57 ubuntu devstack@g-api.service[133768]: DEBUG glance.api.middleware.version_negotiation [None req-61a4aabc-2836-485c-b694-45cbbdcd16aa admin admin] Determining version of request: GET /v2/schemas/image Accept: */* {{(pid=133768) process_request /opt/stack/glance/glance/api/middleware/version_negotiation.py:44}}
Apr 03 16:20:57 ubuntu devstack@g-api.service[133768]: DEBUG glance.api.middleware.version_negotiation [None req-61a4aabc-2836-485c-b694-45cbbdcd16aa admin admin] Using url versioning {{(pid=133768) process_request /opt/stack/glance/glance/api/middleware/version_negotiation.py:57}}
Apr 03 16:20:57 ubuntu devstack@g-api.service[133768]: DEBUG glance.api.middleware.version_negotiation [None req-61a4aabc-2836-485c-b694-45cbbdcd16aa admin admin] Matched version: v2 {{(pid=133768) process_request /opt/stack/glance/glance/api/middleware/version_negotiation.py:69}}
Apr 03 16:20:57 ubuntu devstack@g-api.service[133768]: DEBUG glance.api.middleware.version_negotiation [None req-61a4aabc-2836-485c-b694-45cbbdcd16aa admin admin] new path /v2/schemas/image {{(pid=133768) process_request /opt/stack/glance/glance/api/middleware/version_negotiation.py:70}}
Apr 03 16:20:57 ubuntu devstack@g-api.service[133768]: WARNING keystonemiddleware.auth_token [None req-61a4aabc-2836-485c-b694-45cbbdcd16aa admin admin] A valid token was submitted as a service token, but it was not a valid service token. This is incorrect but backwards compatible behaviour. This will be removed in future releases.
Apr 03 16:20:57 ubuntu devstack@g-api.service[133768]: [pid: 133768|app: 0|req: 11/20] 127.0.0.1 () {42 vars in 989 bytes} [Sun Apr  3 16:20:57 2022] GET /v2/schemas/image => generated 6083 bytes in 5 msecs (HTTP/1.1 200) 4 headers in 158 bytes (1 switches on core 0)
Apr 03 16:20:58 ubuntu devstack@g-api.service[133767]: DEBUG glance.api.middleware.version_negotiation [None req-d85d98ae-8c71-4c4c-8cd8-e606649f75a9 tempest-UpdateMultiattachVolumeNegativeTest-899283777 tempest-UpdateMultiattachVolumeNegativeTest-899283777-project] Determining version of request: GET /v2/images/ffb9c560-46df-443e-a059-d4ac32c912d3 Accept: */* {{(pid=133767) process_request /opt/stack/glance/glance/api/middleware/version_negotiation.py:44}}
Apr 03 16:20:58 ubuntu devstack@g-api.service[133767]: DEBUG glance.api.middleware.version_negotiation [None req-d85d98ae-8c71-4c4c-8cd8-e606649f75a9 tempest-UpdateMultiattachVolumeNegativeTest-899283777 tempest-UpdateMultiattachVolumeNegativeTest-899283777-project] Using url versioning {{(pid=133767) process_request /opt/stack/glance/glance/api/middleware/version_negotiation.py:57}}
Apr 03 16:20:58 ubuntu devstack@g-api.service[133767]: DEBUG glance.api.middleware.version_negotiation [None req-d85d98ae-8c71-4c4c-8cd8-e606649f75a9 tempest-UpdateMultiattachVolumeNegativeTest-899283777 tempest-UpdateMultiattachVolumeNegativeTest-899283777-project] Matched version: v2 {{(pid=133767) process_request /opt/stack/glance/glance/api/middleware/version_negotiation.py:69}}
Apr 03 16:20:58 ubuntu devstack@g-api.service[133767]: DEBUG glance.api.middleware.version_negotiation [None req-d85d98ae-8c71-4c4c-8cd8-e606649f75a9 tempest-UpdateMultiattachVolumeNegativeTest-899283777 tempest-UpdateMultiattachVolumeNegativeTest-899283777-project] new path /v2/images/ffb9c560-46df-443e-a059-d4ac32c912d3 {{(pid=133767) process_request /opt/stack/glance/glance/api/middleware/version_negotiation.py:70}}
Apr 03 16:20:58 ubuntu devstack@g-api.service[133767]: [pid: 133767|app: 0|req: 10/21] 127.0.0.1 () {42 vars in 1049 bytes} [Sun Apr  3 16:20:58 2022] GET /v2/images/ffb9c560-46df-443e-a059-d4ac32c912d3 => generated 976 bytes in 66 msecs (HTTP/1.1 200) 4 headers in 157 bytes (1 switches on core 0)
Apr 03 16:20:58 ubuntu devstack@g-api.service[133768]: DEBUG glance.api.middleware.version_negotiation [None req-d85d98ae-8c71-4c4c-8cd8-e606649f75a9 tempest-UpdateMultiattachVolumeNegativeTest-899283777 tempest-UpdateMultiattachVolumeNegativeTest-899283777-project] Determining version of request: GET /v2/images/ffb9c560-46df-443e-a059-d4ac32c912d3/file Accept: */* {{(pid=133768) process_request /opt/stack/glance/glance/api/middleware/version_negotiation.py:44}}
Apr 03 16:20:58 ubuntu devstack@g-api.service[133768]: DEBUG glance.api.middleware.version_negotiation [None req-d85d98ae-8c71-4c4c-8cd8-e606649f75a9 tempest-UpdateMultiattachVolumeNegativeTest-899283777 tempest-UpdateMultiattachVolumeNegativeTest-899283777-project] Using url versioning {{(pid=133768) process_request /opt/stack/glance/glance/api/middleware/version_negotiation.py:57}}
Apr 03 16:20:58 ubuntu devstack@g-api.service[133768]: DEBUG glance.api.middleware.version_negotiation [None req-d85d98ae-8c71-4c4c-8cd8-e606649f75a9 tempest-UpdateMultiattachVolumeNegativeTest-899283777 tempest-UpdateMultiattachVolumeNegativeTest-899283777-project] Matched version: v2 {{(pid=133768) process_request /opt/stack/glance/glance/api/middleware/version_negotiation.py:69}}
Apr 03 16:20:58 ubuntu devstack@g-api.service[133768]: DEBUG glance.api.middleware.version_negotiation [None req-d85d98ae-8c71-4c4c-8cd8-e606649f75a9 tempest-UpdateMultiattachVolumeNegativeTest-899283777 tempest-UpdateMultiattachVolumeNegativeTest-899283777-project] new path /v2/images/ffb9c560-46df-443e-a059-d4ac32c912d3/file {{(pid=133768) process_request /opt/stack/glance/glance/api/middleware/version_negotiation.py:70}}
Apr 03 16:20:58 ubuntu devstack@g-api.service[133768]: DEBUG glance_store.backend [None req-d85d98ae-8c71-4c4c-8cd8-e606649f75a9 tempest-UpdateMultiattachVolumeNegativeTest-899283777 tempest-UpdateMultiattachVolumeNegativeTest-899283777-project] Attempting to import store swift {{(pid=133768) _load_store /usr/local/lib/python3.8/dist-packages/glance_store/backend.py:217}}
Apr 03 16:20:58 ubuntu devstack@g-api.service[133768]: DEBUG glance_store.capabilities [None req-d85d98ae-8c71-4c4c-8cd8-e606649f75a9 tempest-UpdateMultiattachVolumeNegativeTest-899283777 tempest-UpdateMultiattachVolumeNegativeTest-899283777-project] Store glance_store._drivers.swift.store.SingleTenantStore doesn't support updating dynamic storage capabilities. Please overwrite 'update_capabilities' method of the store to implement updating logics if needed. {{(pid=133768) update_capabilities /usr/local/lib/python3.8/dist-packages/glance_store/capabilities.py:91}}
Apr 03 16:20:58 ubuntu devstack@g-api.service[133768]: DEBUG glance_store.driver [None req-d85d98ae-8c71-4c4c-8cd8-e606649f75a9 tempest-UpdateMultiattachVolumeNegativeTest-899283777 tempest-UpdateMultiattachVolumeNegativeTest-899283777-project] Late loading location class glance_store._drivers.swift.store.StoreLocation {{(pid=133768) get_store_location_class /usr/local/lib/python3.8/dist-packages/glance_store/driver.py:117}}
Apr 03 16:20:58 ubuntu devstack@g-api.service[133768]: DEBUG glance_store.location [None req-d85d98ae-8c71-4c4c-8cd8-e606649f75a9 tempest-UpdateMultiattachVolumeNegativeTest-899283777 tempest-UpdateMultiattachVolumeNegativeTest-899283777-project] Registering scheme swift+https with {'store': <glance_store._drivers.swift.store.SingleTenantStore object at 0x7ff0d7383bb0>, 'location_class': <class 'glance_store._drivers.swift.store.StoreLocation'>, 'store_entry': 'swift'} {{(pid=133768) register_scheme_map /usr/local/lib/python3.8/dist-packages/glance_store/location.py:146}}
Apr 03 16:20:58 ubuntu devstack@g-api.service[133768]: DEBUG glance_store.location [None req-d85d98ae-8c71-4c4c-8cd8-e606649f75a9 tempest-UpdateMultiattachVolumeNegativeTest-899283777 tempest-UpdateMultiattachVolumeNegativeTest-899283777-project] Registering scheme swift+https with {'store': <glance_store._drivers.swift.store.SingleTenantStore object at 0x7ff0d7383bb0>, 'location_class': <class 'glance_store._drivers.swift.store.StoreLocation'>, 'store_entry': 'swift'} {{(pid=133768) register_scheme_map /usr/local/lib/python3.8/dist-packages/glance_store/location.py:146}}
Apr 03 16:20:58 ubuntu devstack@g-api.service[133768]: DEBUG glance_store.location [None req-d85d98ae-8c71-4c4c-8cd8-e606649f75a9 tempest-UpdateMultiattachVolumeNegativeTest-899283777 tempest-UpdateMultiattachVolumeNegativeTest-899283777-project] Registering scheme swift with {'store': <glance_store._drivers.swift.store.SingleTenantStore object at 0x7ff0d7383bb0>, 'location_class': <class 'glance_store._drivers.swift.store.StoreLocation'>, 'store_entry': 'swift'} {{(pid=133768) register_scheme_map /usr/local/lib/python3.8/dist-packages/glance_store/location.py:146}}
Apr 03 16:20:58 ubuntu devstack@g-api.service[133768]: DEBUG glance_store.location [None req-d85d98ae-8c71-4c4c-8cd8-e606649f75a9 tempest-UpdateMultiattachVolumeNegativeTest-899283777 tempest-UpdateMultiattachVolumeNegativeTest-899283777-project] Registering scheme swift+https with {'store': <glance_store._drivers.swift.store.SingleTenantStore object at 0x7ff0d7383bb0>, 'location_class': <class 'glance_store._drivers.swift.store.StoreLocation'>, 'store_entry': 'swift'} {{(pid=133768) register_scheme_map /usr/local/lib/python3.8/dist-packages/glance_store/location.py:146}}
Apr 03 16:20:58 ubuntu devstack@g-api.service[133768]: DEBUG glance_store.location [None req-d85d98ae-8c71-4c4c-8cd8-e606649f75a9 tempest-UpdateMultiattachVolumeNegativeTest-899283777 tempest-UpdateMultiattachVolumeNegativeTest-899283777-project] Registering scheme swift with {'store': <glance_store._drivers.swift.store.SingleTenantStore object at 0x7ff0d7383bb0>, 'location_class': <class 'glance_store._drivers.swift.store.StoreLocation'>, 'store_entry': 'swift'} {{(pid=133768) register_scheme_map /usr/local/lib/python3.8/dist-packages/glance_store/location.py:146}}
Apr 03 16:20:58 ubuntu devstack@g-api.service[133768]: DEBUG glance_store.location [None req-d85d98ae-8c71-4c4c-8cd8-e606649f75a9 tempest-UpdateMultiattachVolumeNegativeTest-899283777 tempest-UpdateMultiattachVolumeNegativeTest-899283777-project] Registering scheme swift+http with {'store': <glance_store._drivers.swift.store.SingleTenantStore object at 0x7ff0d7383bb0>, 'location_class': <class 'glance_store._drivers.swift.store.StoreLocation'>, 'store_entry': 'swift'} {{(pid=133768) register_scheme_map /usr/local/lib/python3.8/dist-packages/glance_store/location.py:146}}
Apr 03 16:20:58 ubuntu devstack@g-api.service[133768]: DEBUG glance_store.location [None req-d85d98ae-8c71-4c4c-8cd8-e606649f75a9 tempest-UpdateMultiattachVolumeNegativeTest-899283777 tempest-UpdateMultiattachVolumeNegativeTest-899283777-project] Registering scheme swift+https with {'store': <glance_store._drivers.swift.store.SingleTenantStore object at 0x7ff0d7383bb0>, 'location_class': <class 'glance_store._drivers.swift.store.StoreLocation'>, 'store_entry': 'swift'} {{(pid=133768) register_scheme_map /usr/local/lib/python3.8/dist-packages/glance_store/location.py:146}}
Apr 03 16:20:58 ubuntu devstack@g-api.service[133768]: DEBUG glance_store.location [None req-d85d98ae-8c71-4c4c-8cd8-e606649f75a9 tempest-UpdateMultiattachVolumeNegativeTest-899283777 tempest-UpdateMultiattachVolumeNegativeTest-899283777-project] Registering scheme swift with {'store': <glance_store._drivers.swift.store.SingleTenantStore object at 0x7ff0d7383bb0>, 'location_class': <class 'glance_store._drivers.swift.store.StoreLocation'>, 'store_entry': 'swift'} {{(pid=133768) register_scheme_map /usr/local/lib/python3.8/dist-packages/glance_store/location.py:146}}
Apr 03 16:20:58 ubuntu devstack@g-api.service[133768]: DEBUG glance_store.location [None req-d85d98ae-8c71-4c4c-8cd8-e606649f75a9 tempest-UpdateMultiattachVolumeNegativeTest-899283777 tempest-UpdateMultiattachVolumeNegativeTest-899283777-project] Registering scheme swift+http with {'store': <glance_store._drivers.swift.store.SingleTenantStore object at 0x7ff0d7383bb0>, 'location_class': <class 'glance_store._drivers.swift.store.StoreLocation'>, 'store_entry': 'swift'} {{(pid=133768) register_scheme_map /usr/local/lib/python3.8/dist-packages/glance_store/location.py:146}}
Apr 03 16:20:58 ubuntu devstack@g-api.service[133768]: DEBUG glance_store.location [None req-d85d98ae-8c71-4c4c-8cd8-e606649f75a9 tempest-UpdateMultiattachVolumeNegativeTest-899283777 tempest-UpdateMultiattachVolumeNegativeTest-899283777-project] Registering scheme swift+config with {'store': <glance_store._drivers.swift.store.SingleTenantStore object at 0x7ff0d7383bb0>, 'location_class': <class 'glance_store._drivers.swift.store.StoreLocation'>, 'store_entry': 'swift'} {{(pid=133768) register_scheme_map /usr/local/lib/python3.8/dist-packages/glance_store/location.py:146}}
Apr 03 16:20:59 ubuntu devstack@g-api.service[133768]: DEBUG swiftclient [None req-d85d98ae-8c71-4c4c-8cd8-e606649f75a9 tempest-UpdateMultiattachVolumeNegativeTest-899283777 tempest-UpdateMultiattachVolumeNegativeTest-899283777-project] REQ: curl -i http://192.168.79.39:8080/v1/AUTH_19cf1d3a0ddc4755a4deb8182fbd71a3/glance/ffb9c560-46df-443e-a059-d4ac32c912d3 -X GET -H "X-Auth-Token: gAAAAABiSclqvPt2..." {{(pid=133768) http_log /usr/local/lib/python3.8/dist-packages/swiftclient/client.py:187}}
Apr 03 16:20:59 ubuntu devstack@g-api.service[133768]: DEBUG swiftclient [None req-d85d98ae-8c71-4c4c-8cd8-e606649f75a9 tempest-UpdateMultiattachVolumeNegativeTest-899283777 tempest-UpdateMultiattachVolumeNegativeTest-899283777-project] RESP STATUS: 200 OK {{(pid=133768) http_log /usr/local/lib/python3.8/dist-packages/swiftclient/client.py:188}}
Apr 03 16:20:59 ubuntu devstack@g-api.service[133768]: DEBUG swiftclient [None req-d85d98ae-8c71-4c4c-8cd8-e606649f75a9 tempest-UpdateMultiattachVolumeNegativeTest-899283777 tempest-UpdateMultiattachVolumeNegativeTest-899283777-project] RESP HEADERS: {'Content-Type': 'application/octet-stream', 'Etag': '1d3062cd89af34e419f7100277f38b2b', 'Last-Modified': 'Sun, 03 Apr 2022 16:15:24 GMT', 'X-Timestamp': '1649002523.94954', 'Accept-Ranges': 'bytes', 'Content-Length': '16338944', 'X-Trans-Id': 'txc6134d669a534758a4c38-006249c96a', 'X-Openstack-Request-Id': 'txc6134d669a534758a4c38-006249c96a', 'Date': 'Sun, 03 Apr 2022 16:20:59 GMT'} {{(pid=133768) http_log /usr/local/lib/python3.8/dist-packages/swiftclient/client.py:189}}
Apr 03 16:20:59 ubuntu devstack@g-api.service[133768]: DEBUG glance.image_cache [None req-d85d98ae-8c71-4c4c-8cd8-e606649f75a9 tempest-UpdateMultiattachVolumeNegativeTest-899283777 tempest-UpdateMultiattachVolumeNegativeTest-899283777-project] Tee'ing image 'ffb9c560-46df-443e-a059-d4ac32c912d3' into cache {{(pid=133768) get_caching_iter /opt/stack/glance/glance/image_cache/__init__.py:343}}
Apr 03 16:20:59 ubuntu devstack@g-api.service[133768]: DEBUG glance.image_cache.drivers.sqlite [None req-d85d98ae-8c71-4c4c-8cd8-e606649f75a9 tempest-UpdateMultiattachVolumeNegativeTest-899283777 tempest-UpdateMultiattachVolumeNegativeTest-899283777-project] Fetch finished, moving '/opt/stack/data/glance/cache/incomplete/ffb9c560-46df-443e-a059-d4ac32c912d3' to '/opt/stack/data/glance/cache/ffb9c560-46df-443e-a059-d4ac32c912d3' {{(pid=133768) commit /opt/stack/glance/glance/image_cache/drivers/sqlite.py:324}}
Apr 03 16:20:59 ubuntu devstack@g-api.service[133768]: [pid: 133768|app: 0|req: 12/22] 127.0.0.1 () {42 vars in 1059 bytes} [Sun Apr  3 16:20:58 2022] GET /v2/images/ffb9c560-46df-443e-a059-d4ac32c912d3/file => generated 16338944 bytes in 460 msecs (HTTP/1.1 200) 4 headers in 191 bytes (250 switches on core 0)
Apr 03 16:21:05 ubuntu devstack@g-api.service[133767]: DEBUG glance.api.middleware.version_negotiation [None req-d85d98ae-8c71-4c4c-8cd8-e606649f75a9 tempest-UpdateMultiattachVolumeNegativeTest-899283777 tempest-UpdateMultiattachVolumeNegativeTest-899283777-project] Determining version of request: GET / Accept: application/json {{(pid=133767) process_request /opt/stack/glance/glance/api/middleware/version_negotiation.py:44}}
Apr 03 16:21:05 ubuntu devstack@g-api.service[133767]: DEBUG glance.api.middleware.version_negotiation [None req-d85d98ae-8c71-4c4c-8cd8-e606649f75a9 tempest-UpdateMultiattachVolumeNegativeTest-899283777 tempest-UpdateMultiattachVolumeNegativeTest-899283777-project] Using url versioning {{(pid=133767) process_request /opt/stack/glance/glance/api/middleware/version_negotiation.py:57}}
Apr 03 16:21:05 ubuntu devstack@g-api.service[133767]: DEBUG glance.api.middleware.version_negotiation [None req-d85d98ae-8c71-4c4c-8cd8-e606649f75a9 tempest-UpdateMultiattachVolumeNegativeTest-899283777 tempest-UpdateMultiattachVolumeNegativeTest-899283777-project] Unknown version. Returning version choices. {{(pid=133767) process_request /opt/stack/glance/glance/api/middleware/version_negotiation.py:64}}
Apr 03 16:21:05 ubuntu devstack@g-api.service[133767]: [pid: 133767|app: 0|req: 11/23] 127.0.0.1 () {34 vars in 492 bytes} [Sun Apr  3 16:21:05 2022] GET / => generated 1213 bytes in 4 msecs (HTTP/1.1 300) 3 headers in 106 bytes (1 switches on core 0)
Apr 03 16:21:05 ubuntu devstack@g-api.service[133768]: DEBUG glance.api.middleware.version_negotiation [None req-d85d98ae-8c71-4c4c-8cd8-e606649f75a9 tempest-UpdateMultiattachVolumeNegativeTest-899283777 tempest-UpdateMultiattachVolumeNegativeTest-899283777-project] Determining version of request: GET /v2/images/ffb9c560-46df-443e-a059-d4ac32c912d3 Accept: */* {{(pid=133768) process_request /opt/stack/glance/glance/api/middleware/version_negotiation.py:44}}
Apr 03 16:21:05 ubuntu devstack@g-api.service[133768]: DEBUG glance.api.middleware.version_negotiation [None req-d85d98ae-8c71-4c4c-8cd8-e606649f75a9 tempest-UpdateMultiattachVolumeNegativeTest-899283777 tempest-UpdateMultiattachVolumeNegativeTest-899283777-project] Using url versioning {{(pid=133768) process_request /opt/stack/glance/glance/api/middleware/version_negotiation.py:57}}
Apr 03 16:21:05 ubuntu devstack@g-api.service[133768]: DEBUG glance.api.middleware.version_negotiation [None req-d85d98ae-8c71-4c4c-8cd8-e606649f75a9 tempest-UpdateMultiattachVolumeNegativeTest-899283777 tempest-UpdateMultiattachVolumeNegativeTest-899283777-project] Matched version: v2 {{(pid=133768) process_request /opt/stack/glance/glance/api/middleware/version_negotiation.py:69}}
Apr 03 16:21:05 ubuntu devstack@g-api.service[133768]: DEBUG glance.api.middleware.version_negotiation [None req-d85d98ae-8c71-4c4c-8cd8-e606649f75a9 tempest-UpdateMultiattachVolumeNegativeTest-899283777 tempest-UpdateMultiattachVolumeNegativeTest-899283777-project] new path /v2/images/ffb9c560-46df-443e-a059-d4ac32c912d3 {{(pid=133768) process_request /opt/stack/glance/glance/api/middleware/version_negotiation.py:70}}
Apr 03 16:21:05 ubuntu devstack@g-api.service[133768]: [pid: 133768|app: 0|req: 13/24] 127.0.0.1 () {42 vars in 1049 bytes} [Sun Apr  3 16:21:05 2022] GET /v2/images/ffb9c560-46df-443e-a059-d4ac32c912d3 => generated 976 bytes in 23 msecs (HTTP/1.1 200) 4 headers in 157 bytes (1 switches on core 0)
Apr 03 16:21:05 ubuntu devstack@g-api.service[133767]: DEBUG glance.api.middleware.version_negotiation [None req-d85d98ae-8c71-4c4c-8cd8-e606649f75a9 tempest-UpdateMultiattachVolumeNegativeTest-899283777 tempest-UpdateMultiattachVolumeNegativeTest-899283777-project] Determining version of request: GET /v2/schemas/image Accept: */* {{(pid=133767) process_request /opt/stack/glance/glance/api/middleware/version_negotiation.py:44}}
Apr 03 16:21:05 ubuntu devstack@g-api.service[133767]: DEBUG glance.api.middleware.version_negotiation [None req-d85d98ae-8c71-4c4c-8cd8-e606649f75a9 tempest-UpdateMultiattachVolumeNegativeTest-899283777 tempest-UpdateMultiattachVolumeNegativeTest-899283777-project] Using url versioning {{(pid=133767) process_request /opt/stack/glance/glance/api/middleware/version_negotiation.py:57}}
Apr 03 16:21:05 ubuntu devstack@g-api.service[133767]: DEBUG glance.api.middleware.version_negotiation [None req-d85d98ae-8c71-4c4c-8cd8-e606649f75a9 tempest-UpdateMultiattachVolumeNegativeTest-899283777 tempest-UpdateMultiattachVolumeNegativeTest-899283777-project] Matched version: v2 {{(pid=133767) process_request /opt/stack/glance/glance/api/middleware/version_negotiation.py:69}}
Apr 03 16:21:05 ubuntu devstack@g-api.service[133767]: DEBUG glance.api.middleware.version_negotiation [None req-d85d98ae-8c71-4c4c-8cd8-e606649f75a9 tempest-UpdateMultiattachVolumeNegativeTest-899283777 tempest-UpdateMultiattachVolumeNegativeTest-899283777-project] new path /v2/schemas/image {{(pid=133767) process_request /opt/stack/glance/glance/api/middleware/version_negotiation.py:70}}
Apr 03 16:21:05 ubuntu devstack@g-api.service[133767]: [pid: 133767|app: 0|req: 12/25] 127.0.0.1 () {42 vars in 989 bytes} [Sun Apr  3 16:21:05 2022] GET /v2/schemas/image => generated 6083 bytes in 5 msecs (HTTP/1.1 200) 4 headers in 158 bytes (1 switches on core 0)
Apr 03 16:21:39 ubuntu devstack@g-api.service[133768]: DEBUG glance.api.middleware.version_negotiation [None req-c7c46b25-8c46-4e65-8b8d-ff083e743563 tempest-UpdateMultiattachVolumeNegativeTest-899283777 tempest-UpdateMultiattachVolumeNegativeTest-899283777-project] Determining version of request: GET /v2/images/ffb9c560-46df-443e-a059-d4ac32c912d3 Accept: */* {{(pid=133768) process_request /opt/stack/glance/glance/api/middleware/version_negotiation.py:44}}
Apr 03 16:21:39 ubuntu devstack@g-api.service[133768]: DEBUG glance.api.middleware.version_negotiation [None req-c7c46b25-8c46-4e65-8b8d-ff083e743563 tempest-UpdateMultiattachVolumeNegativeTest-899283777 tempest-UpdateMultiattachVolumeNegativeTest-899283777-project] Using url versioning {{(pid=133768) process_request /opt/stack/glance/glance/api/middleware/version_negotiation.py:57}}
Apr 03 16:21:39 ubuntu devstack@g-api.service[133768]: DEBUG glance.api.middleware.version_negotiation [None req-c7c46b25-8c46-4e65-8b8d-ff083e743563 tempest-UpdateMultiattachVolumeNegativeTest-899283777 tempest-UpdateMultiattachVolumeNegativeTest-899283777-project] Matched version: v2 {{(pid=133768) process_request /opt/stack/glance/glance/api/middleware/version_negotiation.py:69}}
Apr 03 16:21:39 ubuntu devstack@g-api.service[133768]: DEBUG glance.api.middleware.version_negotiation [None req-c7c46b25-8c46-4e65-8b8d-ff083e743563 tempest-UpdateMultiattachVolumeNegativeTest-899283777 tempest-UpdateMultiattachVolumeNegativeTest-899283777-project] new path /v2/images/ffb9c560-46df-443e-a059-d4ac32c912d3 {{(pid=133768) process_request /opt/stack/glance/glance/api/middleware/version_negotiation.py:70}}
Apr 03 16:21:39 ubuntu devstack@g-api.service[133768]: [pid: 133768|app: 0|req: 14/26] 127.0.0.1 () {42 vars in 1049 bytes} [Sun Apr  3 16:21:39 2022] GET /v2/images/ffb9c560-46df-443e-a059-d4ac32c912d3 => generated 976 bytes in 22 msecs (HTTP/1.1 200) 4 headers in 157 bytes (1 switches on core 0)
