Jul 06 20:42:06 ubuntu neutron-server[119052]: DEBUG neutron.api.extensions [None req-8b1141a5-436b-4267-add7-6d5864fc1f9d None None] Ext name="Trunk port details" alias="trunk-details" description="Expose trunk port details" updated="2016-01-01T10:00:00-00:00" {{(pid=119052) _check_extension /opt/stack/neutron/neutron/api/extensions.py:416}}
Jul 06 20:42:06 ubuntu neutron-server[119052]: INFO neutron.api.extensions [None req-8b1141a5-436b-4267-add7-6d5864fc1f9d None None] Extension trunk-details not supported by any of loaded plugins
Jul 06 20:42:06 ubuntu neutron-server[119052]: DEBUG neutron.api.extensions [None req-8b1141a5-436b-4267-add7-6d5864fc1f9d None None] Loading extension file: uplink_status_propagation.py {{(pid=119052) _load_all_extensions_from_path /opt/stack/neutron/neutron/api/extensions.py:450}}
Jul 06 20:42:06 ubuntu neutron-server[119052]: DEBUG neutron.api.extensions [None req-8b1141a5-436b-4267-add7-6d5864fc1f9d None None] Ext name="Uplink status propagation extension" alias="uplink-status-propagation" description="Provides ability to propagate port uplink status." updated="2018-05-31T18:00:00-00:00" {{(pid=119052) _check_extension /opt/stack/neutron/neutron/api/extensions.py:416}}
Jul 06 20:42:06 ubuntu neutron-server[119052]: INFO neutron.api.extensions [None req-8b1141a5-436b-4267-add7-6d5864fc1f9d None None] Extension uplink-status-propagation not supported by any of loaded plugins
Jul 06 20:42:06 ubuntu neutron-server[119052]: DEBUG neutron.api.extensions [None req-8b1141a5-436b-4267-add7-6d5864fc1f9d None None] Loading extension file: vlantransparent.py {{(pid=119052) _load_all_extensions_from_path /opt/stack/neutron/neutron/api/extensions.py:450}}
Jul 06 20:42:06 ubuntu neutron-server[119052]: DEBUG neutron.api.extensions [None req-8b1141a5-436b-4267-add7-6d5864fc1f9d None None] Ext name="Vlantransparent" alias="vlan-transparent" description="Provides Vlan Transparent Networks" updated="2015-03-23T09:00:00-00:00" {{(pid=119052) _check_extension /opt/stack/neutron/neutron/api/extensions.py:416}}
Jul 06 20:42:06 ubuntu neutron-server[119052]: INFO neutron.api.extensions [None req-8b1141a5-436b-4267-add7-6d5864fc1f9d None None] Extension vlan-transparent not supported by any of loaded plugins
Jul 06 20:42:06 ubuntu neutron-server[119052]: INFO neutron.quota.resource_registry [None req-8b1141a5-436b-4267-add7-6d5864fc1f9d None None] Creating instance of TrackedResource for resource:network
Jul 06 20:42:06 ubuntu neutron-server[119052]: INFO neutron.quota.resource_registry [None req-8b1141a5-436b-4267-add7-6d5864fc1f9d None None] Creating instance of TrackedResource for resource:subnet
Jul 06 20:42:06 ubuntu neutron-server[119052]: INFO neutron.quota.resource_registry [None req-8b1141a5-436b-4267-add7-6d5864fc1f9d None None] Creating instance of TrackedResource for resource:subnetpool
Jul 06 20:42:06 ubuntu neutron-server[119052]: INFO neutron.quota.resource_registry [None req-8b1141a5-436b-4267-add7-6d5864fc1f9d None None] Creating instance of TrackedResource for resource:port
Jul 06 20:42:06 ubuntu neutron-server[119052]: DEBUG neutron.api.v2.resource_helper [None req-8b1141a5-436b-4267-add7-6d5864fc1f9d None None] Service FLAVORS assigned prefix:  {{(pid=119052) build_resource_info /opt/stack/neutron/neutron/api/v2/resource_helper.py:77}}
Jul 06 20:42:06 ubuntu neutron-server[119052]: DEBUG neutron.api.v2.resource_helper [None req-8b1141a5-436b-4267-add7-6d5864fc1f9d None None] Service L3_ROUTER_NAT assigned prefix:  {{(pid=119052) build_resource_info /opt/stack/neutron/neutron/api/v2/resource_helper.py:77}}
Jul 06 20:42:06 ubuntu neutron-server[119052]: DEBUG neutron.api.v2.resource_helper [None req-8b1141a5-436b-4267-add7-6d5864fc1f9d None None] Service L3_ROUTER_NAT assigned prefix:  {{(pid=119052) build_resource_info /opt/stack/neutron/neutron/api/v2/resource_helper.py:77}}
Jul 06 20:42:06 ubuntu neutron-server[119052]: INFO neutron.quota.resource_registry [None req-8b1141a5-436b-4267-add7-6d5864fc1f9d None None] Creating instance of TrackedResource for resource:router
Jul 06 20:42:06 ubuntu neutron-server[119052]: INFO neutron.quota.resource_registry [None req-8b1141a5-436b-4267-add7-6d5864fc1f9d None None] Creating instance of TrackedResource for resource:floatingip
Jul 06 20:42:06 ubuntu neutron-server[119052]: DEBUG neutron_lib.callbacks.manager [None req-8b1141a5-436b-4267-add7-6d5864fc1f9d None None] Subscribe: <bound method NeutronDbPluginV2.validate_network_rbac_policy_change of <neutron.services.network_ip_availability.plugin.NetworkIPAvailabilityPlugin object at 0x7fbf0bd51d90>> rbac-policy before_create 55550000 {{(pid=119052) subscribe /usr/local/lib/python3.8/dist-packages/neutron_lib/callbacks/manager.py:45}}
Jul 06 20:42:06 ubuntu neutron-server[119052]: DEBUG neutron_lib.callbacks.manager [None req-8b1141a5-436b-4267-add7-6d5864fc1f9d None None] Subscribe: <bound method NeutronDbPluginV2.validate_network_rbac_policy_change of <neutron.services.network_ip_availability.plugin.NetworkIPAvailabilityPlugin object at 0x7fbf0bd51d90>> rbac-policy before_update 55550000 {{(pid=119052) subscribe /usr/local/lib/python3.8/dist-packages/neutron_lib/callbacks/manager.py:45}}
Jul 06 20:42:06 ubuntu neutron-server[119052]: DEBUG neutron_lib.callbacks.manager [None req-8b1141a5-436b-4267-add7-6d5864fc1f9d None None] Subscribe: <bound method NeutronDbPluginV2.validate_network_rbac_policy_change of <neutron.services.network_ip_availability.plugin.NetworkIPAvailabilityPlugin object at 0x7fbf0bd51d90>> rbac-policy before_delete 55550000 {{(pid=119052) subscribe /usr/local/lib/python3.8/dist-packages/neutron_lib/callbacks/manager.py:45}}
Jul 06 20:42:06 ubuntu neutron-server[119052]: INFO neutron.quota.resource_registry [None req-8b1141a5-436b-4267-add7-6d5864fc1f9d None None] Creating instance of CountableResource for resource:rbac_policy
Jul 06 20:42:06 ubuntu neutron-server[119052]: INFO neutron.quota.resource_registry [None req-8b1141a5-436b-4267-add7-6d5864fc1f9d None None] Creating instance of TrackedResource for resource:security_group
Jul 06 20:42:06 ubuntu neutron-server[119052]: INFO neutron.quota.resource_registry [None req-8b1141a5-436b-4267-add7-6d5864fc1f9d None None] Creating instance of TrackedResource for resource:security_group_rule
Jul 06 20:42:06 ubuntu neutron-server[119052]: DEBUG neutron.api.v2.resource_helper [None req-8b1141a5-436b-4267-add7-6d5864fc1f9d None None] Service FLAVORS assigned prefix:  {{(pid=119052) build_resource_info /opt/stack/neutron/neutron/api/v2/resource_helper.py:77}}
Jul 06 20:42:06 ubuntu neutron-server[119052]: DEBUG neutron.api.v2.resource_helper [None req-8b1141a5-436b-4267-add7-6d5864fc1f9d None None] Service L3_ROUTER_NAT assigned prefix:  {{(pid=119052) build_resource_info /opt/stack/neutron/neutron/api/v2/resource_helper.py:77}}
Jul 06 20:42:06 ubuntu neutron-server[119052]: DEBUG neutron.api.v2.resource_helper [None req-8b1141a5-436b-4267-add7-6d5864fc1f9d None None] Service L3_ROUTER_NAT assigned prefix:  {{(pid=119052) build_resource_info /opt/stack/neutron/neutron/api/v2/resource_helper.py:77}}
Jul 06 20:42:06 ubuntu neutron-server[119052]: INFO neutron.quota.resource_registry [None req-8b1141a5-436b-4267-add7-6d5864fc1f9d None None] Creating instance of TrackedResource for resource:router
Jul 06 20:42:06 ubuntu neutron-server[119052]: WARNING neutron.quota.resource_registry [None req-8b1141a5-436b-4267-add7-6d5864fc1f9d None None] router is already registered
Jul 06 20:42:06 ubuntu neutron-server[119052]: INFO neutron.quota.resource_registry [None req-8b1141a5-436b-4267-add7-6d5864fc1f9d None None] Creating instance of TrackedResource for resource:floatingip
Jul 06 20:42:06 ubuntu neutron-server[119052]: WARNING neutron.quota.resource_registry [None req-8b1141a5-436b-4267-add7-6d5864fc1f9d None None] floatingip is already registered
Jul 06 20:42:06 ubuntu neutron-server[119052]: INFO neutron.quota.resource_registry [None req-8b1141a5-436b-4267-add7-6d5864fc1f9d None None] Creating instance of CountableResource for resource:rbac_policy
Jul 06 20:42:06 ubuntu neutron-server[119052]: WARNING neutron.quota.resource_registry [None req-8b1141a5-436b-4267-add7-6d5864fc1f9d None None] rbac_policy is already registered
Jul 06 20:42:06 ubuntu neutron-server[119052]: INFO neutron.quota.resource_registry [None req-8b1141a5-436b-4267-add7-6d5864fc1f9d None None] Creating instance of TrackedResource for resource:security_group
Jul 06 20:42:06 ubuntu neutron-server[119052]: WARNING neutron.quota.resource_registry [None req-8b1141a5-436b-4267-add7-6d5864fc1f9d None None] security_group is already registered
Jul 06 20:42:06 ubuntu neutron-server[119052]: INFO neutron.quota.resource_registry [None req-8b1141a5-436b-4267-add7-6d5864fc1f9d None None] Creating instance of TrackedResource for resource:security_group_rule
Jul 06 20:42:06 ubuntu neutron-server[119052]: WARNING neutron.quota.resource_registry [None req-8b1141a5-436b-4267-add7-6d5864fc1f9d None None] security_group_rule is already registered
Jul 06 20:42:06 ubuntu neutron-server[119052]: DEBUG neutron.api.extensions [None req-8b1141a5-436b-4267-add7-6d5864fc1f9d None None] Extended resource: extensions {{(pid=119052) __init__ /opt/stack/neutron/neutron/api/extensions.py:157}}
Jul 06 20:42:06 ubuntu neutron-server[119052]: DEBUG neutron.api.extensions [None req-8b1141a5-436b-4267-add7-6d5864fc1f9d None None] Extended resource: address-groups {{(pid=119052) __init__ /opt/stack/neutron/neutron/api/extensions.py:157}}
Jul 06 20:42:06 ubuntu neutron-server[119052]: DEBUG neutron.api.extensions [None req-8b1141a5-436b-4267-add7-6d5864fc1f9d None None] Extended resource: address-scopes {{(pid=119052) __init__ /opt/stack/neutron/neutron/api/extensions.py:157}}
Jul 06 20:42:06 ubuntu neutron-server[119052]: DEBUG neutron.api.extensions [None req-8b1141a5-436b-4267-add7-6d5864fc1f9d None None] Extended resource: agents {{(pid=119052) __init__ /opt/stack/neutron/neutron/api/extensions.py:157}}
Jul 06 20:42:06 ubuntu neutron-server[119052]: DEBUG neutron.api.extensions [None req-8b1141a5-436b-4267-add7-6d5864fc1f9d None None] Extended resource: auto-allocated-topology {{(pid=119052) __init__ /opt/stack/neutron/neutron/api/extensions.py:157}}
Jul 06 20:42:06 ubuntu neutron-server[119052]: DEBUG neutron.api.extensions [None req-8b1141a5-436b-4267-add7-6d5864fc1f9d None None] Extended resource: availability_zones {{(pid=119052) __init__ /opt/stack/neutron/neutron/api/extensions.py:157}}
Jul 06 20:42:06 ubuntu neutron-server[119052]: DEBUG neutron.api.extensions [None req-8b1141a5-436b-4267-add7-6d5864fc1f9d None None] Extended resource: flavors {{(pid=119052) __init__ /opt/stack/neutron/neutron/api/extensions.py:157}}
Jul 06 20:42:06 ubuntu neutron-server[119052]: DEBUG neutron.api.extensions [None req-8b1141a5-436b-4267-add7-6d5864fc1f9d None None] Extended resource: service_profiles {{(pid=119052) __init__ /opt/stack/neutron/neutron/api/extensions.py:157}}
Jul 06 20:42:06 ubuntu neutron-server[119052]: DEBUG neutron.api.extensions [None req-8b1141a5-436b-4267-add7-6d5864fc1f9d None None] Extended resource: next_providers {{(pid=119052) __init__ /opt/stack/neutron/neutron/api/extensions.py:157}}
Jul 06 20:42:06 ubuntu neutron-server[119052]: DEBUG neutron.api.extensions [None req-8b1141a5-436b-4267-add7-6d5864fc1f9d None None] Extended resource: service_profiles {{(pid=119052) __init__ /opt/stack/neutron/neutron/api/extensions.py:157}}
Jul 06 20:42:06 ubuntu neutron-server[119052]: DEBUG neutron.api.extensions [None req-8b1141a5-436b-4267-add7-6d5864fc1f9d None None] Extended resource: floatingip-pools {{(pid=119052) __init__ /opt/stack/neutron/neutron/api/extensions.py:157}}
Jul 06 20:42:06 ubuntu neutron-server[119052]: DEBUG neutron.api.extensions [None req-8b1141a5-436b-4267-add7-6d5864fc1f9d None None] Extended resource: routers {{(pid=119052) __init__ /opt/stack/neutron/neutron/api/extensions.py:157}}
Jul 06 20:42:06 ubuntu neutron-server[119052]: DEBUG neutron.api.extensions [None req-8b1141a5-436b-4267-add7-6d5864fc1f9d None None] Extended resource: floatingips {{(pid=119052) __init__ /opt/stack/neutron/neutron/api/extensions.py:157}}
Jul 06 20:42:06 ubuntu neutron-server[119052]: DEBUG neutron.api.extensions [None req-8b1141a5-436b-4267-add7-6d5864fc1f9d None None] Extended resource: network-ip-availabilities {{(pid=119052) __init__ /opt/stack/neutron/neutron/api/extensions.py:157}}
Jul 06 20:42:06 ubuntu neutron-server[119052]: DEBUG neutron.api.extensions [None req-8b1141a5-436b-4267-add7-6d5864fc1f9d None None] Extended resource: bindings {{(pid=119052) __init__ /opt/stack/neutron/neutron/api/extensions.py:157}}
Jul 06 20:42:06 ubuntu neutron-server[119052]: DEBUG neutron.api.extensions [None req-8b1141a5-436b-4267-add7-6d5864fc1f9d None None] Extended resource: quotas {{(pid=119052) __init__ /opt/stack/neutron/neutron/api/extensions.py:157}}
Jul 06 20:42:06 ubuntu neutron-server[119052]: DEBUG neutron.api.extensions [None req-8b1141a5-436b-4267-add7-6d5864fc1f9d None None] Extended resource: quotas {{(pid=119052) __init__ /opt/stack/neutron/neutron/api/extensions.py:157}}
Jul 06 20:42:06 ubuntu neutron-server[119052]: DEBUG neutron.api.extensions [None req-8b1141a5-436b-4267-add7-6d5864fc1f9d None None] Extended resource: rbac-policies {{(pid=119052) __init__ /opt/stack/neutron/neutron/api/extensions.py:157}}
Jul 06 20:42:06 ubuntu neutron-server[119052]: DEBUG neutron.api.extensions [None req-8b1141a5-436b-4267-add7-6d5864fc1f9d None None] Extended resource: security-groups {{(pid=119052) __init__ /opt/stack/neutron/neutron/api/extensions.py:157}}
Jul 06 20:42:06 ubuntu neutron-server[119052]: DEBUG neutron.api.extensions [None req-8b1141a5-436b-4267-add7-6d5864fc1f9d None None] Extended resource: security-group-rules {{(pid=119052) __init__ /opt/stack/neutron/neutron/api/extensions.py:157}}
Jul 06 20:42:06 ubuntu neutron-server[119052]: DEBUG neutron.api.extensions [None req-8b1141a5-436b-4267-add7-6d5864fc1f9d None None] Extended resource: service-providers {{(pid=119052) __init__ /opt/stack/neutron/neutron/api/extensions.py:157}}
Jul 06 20:42:06 ubuntu neutron-server[119052]: DEBUG neutron.api.extensions [None req-8b1141a5-436b-4267-add7-6d5864fc1f9d None None] Extended resource: tags {{(pid=119052) __init__ /opt/stack/neutron/neutron/api/extensions.py:157}}
Jul 06 20:42:06 ubuntu neutron-server[119052]: DEBUG neutron.api.extensions [None req-8b1141a5-436b-4267-add7-6d5864fc1f9d None None] Extended resource: tags {{(pid=119052) __init__ /opt/stack/neutron/neutron/api/extensions.py:157}}
Jul 06 20:42:06 ubuntu neutron-server[119052]: DEBUG neutron.api.extensions [None req-8b1141a5-436b-4267-add7-6d5864fc1f9d None None] Extended resource: tags {{(pid=119052) __init__ /opt/stack/neutron/neutron/api/extensions.py:157}}
Jul 06 20:42:06 ubuntu neutron-server[119052]: DEBUG neutron.api.extensions [None req-8b1141a5-436b-4267-add7-6d5864fc1f9d None None] Extended resource: tags {{(pid=119052) __init__ /opt/stack/neutron/neutron/api/extensions.py:157}}
Jul 06 20:42:06 ubuntu neutron-server[119052]: DEBUG neutron.api.extensions [None req-8b1141a5-436b-4267-add7-6d5864fc1f9d None None] Extended resource: tags {{(pid=119052) __init__ /opt/stack/neutron/neutron/api/extensions.py:157}}
Jul 06 20:42:06 ubuntu neutron-server[119052]: DEBUG neutron.api.extensions [None req-8b1141a5-436b-4267-add7-6d5864fc1f9d None None] Extended resource: tags {{(pid=119052) __init__ /opt/stack/neutron/neutron/api/extensions.py:157}}
Jul 06 20:42:06 ubuntu neutron-server[119052]: DEBUG neutron.api.extensions [None req-8b1141a5-436b-4267-add7-6d5864fc1f9d None None] Extended resource: tags {{(pid=119052) __init__ /opt/stack/neutron/neutron/api/extensions.py:157}}
Jul 06 20:42:06 ubuntu neutron-server[119052]: DEBUG neutron.api.extensions [None req-8b1141a5-436b-4267-add7-6d5864fc1f9d None None] Extended resource: tags {{(pid=119052) __init__ /opt/stack/neutron/neutron/api/extensions.py:157}}
Jul 06 20:42:07 ubuntu neutron-server[119052]: DEBUG neutron.api.extensions [None req-8b1141a5-436b-4267-add7-6d5864fc1f9d None None] Extended resource: tags {{(pid=119052) __init__ /opt/stack/neutron/neutron/api/extensions.py:157}}
Jul 06 20:42:07 ubuntu neutron-server[119052]: DEBUG neutron.api.extensions [None req-8b1141a5-436b-4267-add7-6d5864fc1f9d None None] Extended resource: tags {{(pid=119052) __init__ /opt/stack/neutron/neutron/api/extensions.py:157}}
Jul 06 20:42:07 ubuntu neutron-server[119052]: WARNING keystonemiddleware.auth_token [None req-8b1141a5-436b-4267-add7-6d5864fc1f9d None None] AuthToken middleware is set with keystone_authtoken.service_token_roles_required set to False. This is backwards compatible but deprecated behaviour. Please set this to True.
Jul 06 20:42:07 ubuntu neutron-server[119052]: WARNING keystonemiddleware.auth_token [None req-8b1141a5-436b-4267-add7-6d5864fc1f9d None None] Configuring www_authenticate_uri to point to the public identity endpoint is required; clients may not be able to authenticate against an admin endpoint
Jul 06 20:42:07 ubuntu neutron-server[119052]: DEBUG oslo_concurrency.lockutils [None req-8b1141a5-436b-4267-add7-6d5864fc1f9d None None] Acquired lock "singleton_lock" {{(pid=119052) lock /usr/local/lib/python3.8/dist-packages/oslo_concurrency/lockutils.py:294}}
Jul 06 20:42:07 ubuntu neutron-server[119052]: DEBUG oslo_concurrency.lockutils [None req-8b1141a5-436b-4267-add7-6d5864fc1f9d None None] Releasing lock "singleton_lock" {{(pid=119052) lock /usr/local/lib/python3.8/dist-packages/oslo_concurrency/lockutils.py:312}}
Jul 06 20:42:07 ubuntu neutron-server[119052]: INFO oslo_service.service [None req-8b1141a5-436b-4267-add7-6d5864fc1f9d None None] Starting 2 workers
Jul 06 20:42:07 ubuntu neutron-server[119052]: DEBUG oslo_service.service [None req-8b1141a5-436b-4267-add7-6d5864fc1f9d None None] Started child 119265 {{(pid=119052) _start_child /usr/local/lib/python3.8/dist-packages/oslo_service/service.py:575}}
Jul 06 20:42:07 ubuntu neutron-server[119052]: DEBUG oslo_service.service [None req-8b1141a5-436b-4267-add7-6d5864fc1f9d None None] Started child 119266 {{(pid=119052) _start_child /usr/local/lib/python3.8/dist-packages/oslo_service/service.py:575}}
Jul 06 20:42:07 ubuntu neutron-server[119265]: DEBUG neutron_lib.callbacks.manager [-] Publish callbacks ['neutron.plugins.ml2.drivers.ovn.mech_driver.mech_driver.OVNMechanismDriver.post_fork_initialize-8343954'] for process (None), after_init {{(pid=119265) _notify_loop /usr/local/lib/python3.8/dist-packages/neutron_lib/callbacks/manager.py:176}}
Jul 06 20:42:07 ubuntu neutron-server[119052]: INFO neutron.service [None req-8b1141a5-436b-4267-add7-6d5864fc1f9d None None] Neutron service started, listening on 0.0.0.0:9696
Jul 06 20:42:07 ubuntu neutron-server[119052]: DEBUG neutron_lib.callbacks.manager [None req-8b1141a5-436b-4267-add7-6d5864fc1f9d None None] Publish callbacks ['neutron.plugins.ml2.drivers.ovn.mech_driver.mech_driver.OVNMechanismDriver.pre_fork_initialize-8343990'] for process (None), before_spawn {{(pid=119052) _notify_loop /usr/local/lib/python3.8/dist-packages/neutron_lib/callbacks/manager.py:176}}
Jul 06 20:42:07 ubuntu neutron-server[119266]: DEBUG neutron_lib.callbacks.manager [-] Publish callbacks ['neutron.plugins.ml2.drivers.ovn.mech_driver.mech_driver.OVNMechanismDriver.post_fork_initialize-8343954'] for process (None), after_init {{(pid=119266) _notify_loop /usr/local/lib/python3.8/dist-packages/neutron_lib/callbacks/manager.py:176}}
Jul 06 20:42:07 ubuntu neutron-server[119265]: DEBUG dbcounter [-] [119265] Writer thread running {{(pid=119265) stat_writer /usr/local/lib/python3.8/dist-packages/dbcounter.py:99}}
Jul 06 20:42:07 ubuntu neutron-server[119266]: DEBUG dbcounter [-] [119266] Writer thread running {{(pid=119266) stat_writer /usr/local/lib/python3.8/dist-packages/dbcounter.py:99}}
Jul 06 20:42:07 ubuntu neutron-server[119265]: INFO neutron.plugins.ml2.drivers.ovn.mech_driver.ovsdb.impl_idl_ovn [None req-1d375054-c2c2-45ea-ace1-1313e7cfbf48 None None] Getting OvsdbNbOvnIdl for WorkerService with retry
Jul 06 20:42:07 ubuntu neutron-server[119052]: DEBUG ovsdbapp.backend.ovs_idl [None req-8b1141a5-436b-4267-add7-6d5864fc1f9d None None] Created schema index Port_Group.name {{(pid=119052) autocreate_indices /usr/local/lib/python3.8/dist-packages/ovsdbapp/backend/ovs_idl/__init__.py:104}}
Jul 06 20:42:07 ubuntu neutron-server[119052]: DEBUG ovsdbapp.backend.ovs_idl [None req-8b1141a5-436b-4267-add7-6d5864fc1f9d None None] Created schema index Logical_Switch_Port.name {{(pid=119052) autocreate_indices /usr/local/lib/python3.8/dist-packages/ovsdbapp/backend/ovs_idl/__init__.py:104}}
Jul 06 20:42:07 ubuntu neutron-server[119052]: DEBUG ovsdbapp.backend.ovs_idl.transaction [-] Running txn n=1 command(idx=0): PgAddCommand(name=neutron_pg_drop, may_exist=True, columns={'acls': []}) {{(pid=119052) do_commit /usr/local/lib/python3.8/dist-packages/ovsdbapp/backend/ovs_idl/transaction.py:90}}
Jul 06 20:42:07 ubuntu neutron-server[119265]: DEBUG ovsdbapp.backend.ovs_idl [None req-1d375054-c2c2-45ea-ace1-1313e7cfbf48 None None] Created lookup_table index Logical_Switch.name {{(pid=119265) autocreate_indices /usr/local/lib/python3.8/dist-packages/ovsdbapp/backend/ovs_idl/__init__.py:85}}
Jul 06 20:42:07 ubuntu neutron-server[119052]: DEBUG ovsdbapp.backend.ovs_idl.transaction [-] Running txn n=1 command(idx=1): PgAclAddCommand(entity=neutron_pg_drop, direction=from-lport, priority=1001, match=inport == @neutron_pg_drop && ip, action=drop, log=False, may_exist=True, severity=[], name=[], meter=None, external_ids={}) {{(pid=119052) do_commit /usr/local/lib/python3.8/dist-packages/ovsdbapp/backend/ovs_idl/transaction.py:90}}
Jul 06 20:42:07 ubuntu neutron-server[119265]: DEBUG ovsdbapp.backend.ovs_idl [None req-1d375054-c2c2-45ea-ace1-1313e7cfbf48 None None] Created lookup_table index Logical_Router.name {{(pid=119265) autocreate_indices /usr/local/lib/python3.8/dist-packages/ovsdbapp/backend/ovs_idl/__init__.py:85}}
Jul 06 20:42:07 ubuntu neutron-server[119052]: DEBUG ovsdbapp.backend.ovs_idl.transaction [-] Running txn n=1 command(idx=2): PgAclAddCommand(entity=neutron_pg_drop, direction=to-lport, priority=1001, match=outport == @neutron_pg_drop && ip, action=drop, log=False, may_exist=True, severity=[], name=[], meter=None, external_ids={}) {{(pid=119052) do_commit /usr/local/lib/python3.8/dist-packages/ovsdbapp/backend/ovs_idl/transaction.py:90}}
Jul 06 20:42:07 ubuntu neutron-server[119265]: DEBUG ovsdbapp.backend.ovs_idl [None req-1d375054-c2c2-45ea-ace1-1313e7cfbf48 None None] Created lookup_table index Load_Balancer.name {{(pid=119265) autocreate_indices /usr/local/lib/python3.8/dist-packages/ovsdbapp/backend/ovs_idl/__init__.py:85}}
Jul 06 20:42:07 ubuntu neutron-server[119265]: DEBUG ovsdbapp.backend.ovs_idl [None req-1d375054-c2c2-45ea-ace1-1313e7cfbf48 None None] Created schema index Meter.name {{(pid=119265) autocreate_indices /usr/local/lib/python3.8/dist-packages/ovsdbapp/backend/ovs_idl/__init__.py:104}}
Jul 06 20:42:07 ubuntu neutron-server[119265]: DEBUG ovsdbapp.backend.ovs_idl [None req-1d375054-c2c2-45ea-ace1-1313e7cfbf48 None None] Created schema index Address_Set.name {{(pid=119265) autocreate_indices /usr/local/lib/python3.8/dist-packages/ovsdbapp/backend/ovs_idl/__init__.py:104}}
Jul 06 20:42:07 ubuntu neutron-server[119265]: DEBUG ovsdbapp.backend.ovs_idl [None req-1d375054-c2c2-45ea-ace1-1313e7cfbf48 None None] Created schema index HA_Chassis_Group.name {{(pid=119265) autocreate_indices /usr/local/lib/python3.8/dist-packages/ovsdbapp/backend/ovs_idl/__init__.py:104}}
Jul 06 20:42:07 ubuntu neutron-server[119265]: DEBUG ovsdbapp.backend.ovs_idl [None req-1d375054-c2c2-45ea-ace1-1313e7cfbf48 None None] Created schema index Connection.target {{(pid=119265) autocreate_indices /usr/local/lib/python3.8/dist-packages/ovsdbapp/backend/ovs_idl/__init__.py:104}}
Jul 06 20:42:07 ubuntu neutron-server[119265]: DEBUG ovsdbapp.backend.ovs_idl [None req-1d375054-c2c2-45ea-ace1-1313e7cfbf48 None None] Created schema index Gateway_Chassis.name {{(pid=119265) autocreate_indices /usr/local/lib/python3.8/dist-packages/ovsdbapp/backend/ovs_idl/__init__.py:104}}
Jul 06 20:42:07 ubuntu neutron-server[119265]: DEBUG ovsdbapp.backend.ovs_idl [None req-1d375054-c2c2-45ea-ace1-1313e7cfbf48 None None] Created schema index Logical_Router_Port.name {{(pid=119265) autocreate_indices /usr/local/lib/python3.8/dist-packages/ovsdbapp/backend/ovs_idl/__init__.py:104}}
Jul 06 20:42:07 ubuntu neutron-server[119265]: DEBUG ovsdbapp.backend.ovs_idl [None req-1d375054-c2c2-45ea-ace1-1313e7cfbf48 None None] Created schema index Port_Group.name {{(pid=119265) autocreate_indices /usr/local/lib/python3.8/dist-packages/ovsdbapp/backend/ovs_idl/__init__.py:104}}
Jul 06 20:42:07 ubuntu neutron-server[119265]: DEBUG ovsdbapp.backend.ovs_idl [None req-1d375054-c2c2-45ea-ace1-1313e7cfbf48 None None] Created schema index Logical_Switch_Port.name {{(pid=119265) autocreate_indices /usr/local/lib/python3.8/dist-packages/ovsdbapp/backend/ovs_idl/__init__.py:104}}
Jul 06 20:42:07 ubuntu neutron-server[119052]: DEBUG ovsdbapp.backend.ovs_idl.event [-] Matched CREATE: NeutronPgDropPortGroupCreated(events=('create',), table='Port_Group', conditions=(('name', '=', 'neutron_pg_drop'),), old_conditions=None), priority=10 to row=Port_Group(name=neutron_pg_drop, ports=[], external_ids={}, acls=[<ovs.db.idl.Row object at 0x7fbf0b716790>, <ovs.db.idl.Row object at 0x7fbf0b716400>]) old= {{(pid=119052) matches /usr/local/lib/python3.8/dist-packages/ovsdbapp/backend/ovs_idl/event.py:43}}
Jul 06 20:42:07 ubuntu neutron-server[119265]: INFO ovsdbapp.backend.ovs_idl.vlog [None req-1d375054-c2c2-45ea-ace1-1313e7cfbf48 None None] tcp:192.168.79.42:6641: connecting...
Jul 06 20:42:07 ubuntu neutron-server[119265]: INFO ovsdbapp.backend.ovs_idl.vlog [None req-1d375054-c2c2-45ea-ace1-1313e7cfbf48 None None] tcp:192.168.79.42:6641: connected
Jul 06 20:42:07 ubuntu neutron-server[119266]: INFO neutron.plugins.ml2.drivers.ovn.mech_driver.ovsdb.impl_idl_ovn [None req-b9ec7027-accc-4494-9ff2-8c2906c3f97e None None] Getting OvsdbNbOvnIdl for WorkerService with retry
Jul 06 20:42:07 ubuntu neutron-server[119052]: DEBUG ovsdbapp.backend.ovs_idl [None req-8b1141a5-436b-4267-add7-6d5864fc1f9d None None] Created lookup_table index Logical_Switch.name {{(pid=119052) autocreate_indices /usr/local/lib/python3.8/dist-packages/ovsdbapp/backend/ovs_idl/__init__.py:85}}
Jul 06 20:42:07 ubuntu neutron-server[119052]: DEBUG ovsdbapp.backend.ovs_idl [None req-8b1141a5-436b-4267-add7-6d5864fc1f9d None None] Created lookup_table index Logical_Router.name {{(pid=119052) autocreate_indices /usr/local/lib/python3.8/dist-packages/ovsdbapp/backend/ovs_idl/__init__.py:85}}
Jul 06 20:42:07 ubuntu neutron-server[119052]: DEBUG ovsdbapp.backend.ovs_idl [None req-8b1141a5-436b-4267-add7-6d5864fc1f9d None None] Created lookup_table index Load_Balancer.name {{(pid=119052) autocreate_indices /usr/local/lib/python3.8/dist-packages/ovsdbapp/backend/ovs_idl/__init__.py:85}}
Jul 06 20:42:07 ubuntu neutron-server[119052]: DEBUG ovsdbapp.backend.ovs_idl [None req-8b1141a5-436b-4267-add7-6d5864fc1f9d None None] Created schema index Meter.name {{(pid=119052) autocreate_indices /usr/local/lib/python3.8/dist-packages/ovsdbapp/backend/ovs_idl/__init__.py:104}}
Jul 06 20:42:07 ubuntu neutron-server[119052]: DEBUG ovsdbapp.backend.ovs_idl [None req-8b1141a5-436b-4267-add7-6d5864fc1f9d None None] Created schema index Address_Set.name {{(pid=119052) autocreate_indices /usr/local/lib/python3.8/dist-packages/ovsdbapp/backend/ovs_idl/__init__.py:104}}
Jul 06 20:42:07 ubuntu neutron-server[119052]: DEBUG ovsdbapp.backend.ovs_idl [None req-8b1141a5-436b-4267-add7-6d5864fc1f9d None None] Created schema index HA_Chassis_Group.name {{(pid=119052) autocreate_indices /usr/local/lib/python3.8/dist-packages/ovsdbapp/backend/ovs_idl/__init__.py:104}}
Jul 06 20:42:07 ubuntu neutron-server[119052]: DEBUG ovsdbapp.backend.ovs_idl [None req-8b1141a5-436b-4267-add7-6d5864fc1f9d None None] Created schema index Connection.target {{(pid=119052) autocreate_indices /usr/local/lib/python3.8/dist-packages/ovsdbapp/backend/ovs_idl/__init__.py:104}}
Jul 06 20:42:07 ubuntu neutron-server[119052]: DEBUG ovsdbapp.backend.ovs_idl [None req-8b1141a5-436b-4267-add7-6d5864fc1f9d None None] Created schema index Gateway_Chassis.name {{(pid=119052) autocreate_indices /usr/local/lib/python3.8/dist-packages/ovsdbapp/backend/ovs_idl/__init__.py:104}}
Jul 06 20:42:07 ubuntu neutron-server[119052]: DEBUG ovsdbapp.backend.ovs_idl [None req-8b1141a5-436b-4267-add7-6d5864fc1f9d None None] Created schema index Logical_Router_Port.name {{(pid=119052) autocreate_indices /usr/local/lib/python3.8/dist-packages/ovsdbapp/backend/ovs_idl/__init__.py:104}}
Jul 06 20:42:07 ubuntu neutron-server[119052]: DEBUG ovsdbapp.backend.ovs_idl [None req-8b1141a5-436b-4267-add7-6d5864fc1f9d None None] Created schema index Port_Group.name {{(pid=119052) autocreate_indices /usr/local/lib/python3.8/dist-packages/ovsdbapp/backend/ovs_idl/__init__.py:104}}
Jul 06 20:42:07 ubuntu neutron-server[119052]: DEBUG ovsdbapp.backend.ovs_idl [None req-8b1141a5-436b-4267-add7-6d5864fc1f9d None None] Created schema index Logical_Switch_Port.name {{(pid=119052) autocreate_indices /usr/local/lib/python3.8/dist-packages/ovsdbapp/backend/ovs_idl/__init__.py:104}}
Jul 06 20:42:07 ubuntu neutron-server[119265]: DEBUG neutron.common.ovn.hash_ring_manager [None req-1d375054-c2c2-45ea-ace1-1313e7cfbf48 None None] Allow caching, nodes 2>=2 {{(pid=119265) _wait_startup_before_caching /opt/stack/neutron/neutron/common/ovn/hash_ring_manager.py:60}}
Jul 06 20:42:07 ubuntu neutron-server[119265]: DEBUG neutron.plugins.ml2.drivers.ovn.mech_driver.ovsdb.ovsdb_monitor [None req-1d375054-c2c2-45ea-ace1-1313e7cfbf48 None None] Hash Ring: Node ed78b455-4408-40ba-916a-3cd35cf89265 (host: ubuntu) handling event "create" for row 118603cb-5873-4b92-9d92-e7ebba66001e (table: NB_Global) {{(pid=119265) notify /opt/stack/neutron/neutron/plugins/ml2/drivers/ovn/mech_driver/ovsdb/ovsdb_monitor.py:743}}
Jul 06 20:42:07 ubuntu neutron-server[119265]: DEBUG neutron.plugins.ml2.drivers.ovn.mech_driver.ovsdb.ovsdb_monitor [None req-1d375054-c2c2-45ea-ace1-1313e7cfbf48 None None] Hash Ring: Node ed78b455-4408-40ba-916a-3cd35cf89265 (host: ubuntu) handling event "create" for row a1776786-db3c-4072-9536-de795fc7b0fc (table: ACL) {{(pid=119265) notify /opt/stack/neutron/neutron/plugins/ml2/drivers/ovn/mech_driver/ovsdb/ovsdb_monitor.py:743}}
Jul 06 20:42:07 ubuntu neutron-server[119265]: INFO neutron.plugins.ml2.drivers.ovn.mech_driver.ovsdb.impl_idl_ovn [None req-1d375054-c2c2-45ea-ace1-1313e7cfbf48 None None] Getting OvsdbSbOvnIdl for WorkerService with retry
Jul 06 20:42:07 ubuntu neutron-server[119265]: DEBUG ovsdbapp.backend.ovs_idl [None req-1d375054-c2c2-45ea-ace1-1313e7cfbf48 None None] Created lookup_table index Chassis.name {{(pid=119265) autocreate_indices /usr/local/lib/python3.8/dist-packages/ovsdbapp/backend/ovs_idl/__init__.py:85}}
Jul 06 20:42:07 ubuntu neutron-server[119265]: DEBUG ovsdbapp.backend.ovs_idl [None req-1d375054-c2c2-45ea-ace1-1313e7cfbf48 None None] Created schema index Datapath_Binding.tunnel_key {{(pid=119265) autocreate_indices /usr/local/lib/python3.8/dist-packages/ovsdbapp/backend/ovs_idl/__init__.py:104}}
Jul 06 20:42:07 ubuntu neutron-server[119265]: DEBUG ovsdbapp.backend.ovs_idl [None req-1d375054-c2c2-45ea-ace1-1313e7cfbf48 None None] Created schema index Connection.target {{(pid=119265) autocreate_indices /usr/local/lib/python3.8/dist-packages/ovsdbapp/backend/ovs_idl/__init__.py:104}}
Jul 06 20:42:07 ubuntu neutron-server[119265]: INFO ovsdbapp.backend.ovs_idl.vlog [None req-1d375054-c2c2-45ea-ace1-1313e7cfbf48 None None] tcp:192.168.79.42:6642: connecting...
Jul 06 20:42:07 ubuntu neutron-server[119265]: INFO ovsdbapp.backend.ovs_idl.vlog [None req-1d375054-c2c2-45ea-ace1-1313e7cfbf48 None None] tcp:192.168.79.42:6642: connected
Jul 06 20:42:07 ubuntu neutron-server[119266]: DEBUG ovsdbapp.backend.ovs_idl [None req-b9ec7027-accc-4494-9ff2-8c2906c3f97e None None] Created lookup_table index Logical_Switch.name {{(pid=119266) autocreate_indices /usr/local/lib/python3.8/dist-packages/ovsdbapp/backend/ovs_idl/__init__.py:85}}
Jul 06 20:42:07 ubuntu neutron-server[119266]: DEBUG ovsdbapp.backend.ovs_idl [None req-b9ec7027-accc-4494-9ff2-8c2906c3f97e None None] Created lookup_table index Logical_Router.name {{(pid=119266) autocreate_indices /usr/local/lib/python3.8/dist-packages/ovsdbapp/backend/ovs_idl/__init__.py:85}}
Jul 06 20:42:07 ubuntu neutron-server[119266]: DEBUG ovsdbapp.backend.ovs_idl [None req-b9ec7027-accc-4494-9ff2-8c2906c3f97e None None] Created lookup_table index Load_Balancer.name {{(pid=119266) autocreate_indices /usr/local/lib/python3.8/dist-packages/ovsdbapp/backend/ovs_idl/__init__.py:85}}
Jul 06 20:42:07 ubuntu neutron-server[119266]: DEBUG ovsdbapp.backend.ovs_idl [None req-b9ec7027-accc-4494-9ff2-8c2906c3f97e None None] Created schema index Meter.name {{(pid=119266) autocreate_indices /usr/local/lib/python3.8/dist-packages/ovsdbapp/backend/ovs_idl/__init__.py:104}}
Jul 06 20:42:07 ubuntu neutron-server[119266]: DEBUG ovsdbapp.backend.ovs_idl [None req-b9ec7027-accc-4494-9ff2-8c2906c3f97e None None] Created schema index Address_Set.name {{(pid=119266) autocreate_indices /usr/local/lib/python3.8/dist-packages/ovsdbapp/backend/ovs_idl/__init__.py:104}}
Jul 06 20:42:07 ubuntu neutron-server[119266]: DEBUG ovsdbapp.backend.ovs_idl [None req-b9ec7027-accc-4494-9ff2-8c2906c3f97e None None] Created schema index HA_Chassis_Group.name {{(pid=119266) autocreate_indices /usr/local/lib/python3.8/dist-packages/ovsdbapp/backend/ovs_idl/__init__.py:104}}
Jul 06 20:42:07 ubuntu neutron-server[119266]: DEBUG ovsdbapp.backend.ovs_idl [None req-b9ec7027-accc-4494-9ff2-8c2906c3f97e None None] Created schema index Connection.target {{(pid=119266) autocreate_indices /usr/local/lib/python3.8/dist-packages/ovsdbapp/backend/ovs_idl/__init__.py:104}}
Jul 06 20:42:07 ubuntu neutron-server[119266]: DEBUG ovsdbapp.backend.ovs_idl [None req-b9ec7027-accc-4494-9ff2-8c2906c3f97e None None] Created schema index Gateway_Chassis.name {{(pid=119266) autocreate_indices /usr/local/lib/python3.8/dist-packages/ovsdbapp/backend/ovs_idl/__init__.py:104}}
Jul 06 20:42:07 ubuntu neutron-server[119266]: DEBUG ovsdbapp.backend.ovs_idl [None req-b9ec7027-accc-4494-9ff2-8c2906c3f97e None None] Created schema index Logical_Router_Port.name {{(pid=119266) autocreate_indices /usr/local/lib/python3.8/dist-packages/ovsdbapp/backend/ovs_idl/__init__.py:104}}
Jul 06 20:42:07 ubuntu neutron-server[119266]: DEBUG ovsdbapp.backend.ovs_idl [None req-b9ec7027-accc-4494-9ff2-8c2906c3f97e None None] Created schema index Port_Group.name {{(pid=119266) autocreate_indices /usr/local/lib/python3.8/dist-packages/ovsdbapp/backend/ovs_idl/__init__.py:104}}
Jul 06 20:42:07 ubuntu neutron-server[119266]: DEBUG ovsdbapp.backend.ovs_idl [None req-b9ec7027-accc-4494-9ff2-8c2906c3f97e None None] Created schema index Logical_Switch_Port.name {{(pid=119266) autocreate_indices /usr/local/lib/python3.8/dist-packages/ovsdbapp/backend/ovs_idl/__init__.py:104}}
Jul 06 20:42:07 ubuntu neutron-server[119266]: INFO ovsdbapp.backend.ovs_idl.vlog [None req-b9ec7027-accc-4494-9ff2-8c2906c3f97e None None] tcp:192.168.79.42:6641: connecting...
Jul 06 20:42:07 ubuntu neutron-server[119266]: INFO ovsdbapp.backend.ovs_idl.vlog [None req-b9ec7027-accc-4494-9ff2-8c2906c3f97e None None] tcp:192.168.79.42:6641: connected
Jul 06 20:42:07 ubuntu neutron-server[119265]: DEBUG neutron.common.ovn.hash_ring_manager [None req-1d375054-c2c2-45ea-ace1-1313e7cfbf48 None None] Allow caching, nodes 2>=2 {{(pid=119265) _wait_startup_before_caching /opt/stack/neutron/neutron/common/ovn/hash_ring_manager.py:60}}
Jul 06 20:42:07 ubuntu neutron-server[119265]: DEBUG neutron.plugins.ml2.drivers.ovn.mech_driver.ovsdb.ovsdb_monitor [None req-1d375054-c2c2-45ea-ace1-1313e7cfbf48 None None] Hash Ring: Node ed78b455-4408-40ba-916a-3cd35cf89265 (host: ubuntu) handling event "create" for row b54764ff-96bf-4cd6-961e-23c0d2ffb52f (table: Database) {{(pid=119265) notify /opt/stack/neutron/neutron/plugins/ml2/drivers/ovn/mech_driver/ovsdb/ovsdb_monitor.py:743}}
Jul 06 20:42:07 ubuntu neutron-server[119265]: DEBUG neutron.plugins.ml2.drivers.ovn.mech_driver.ovsdb.ovsdb_monitor [None req-1d375054-c2c2-45ea-ace1-1313e7cfbf48 None None] Hash Ring: Node ed78b455-4408-40ba-916a-3cd35cf89265 (host: ubuntu) handling event "create" for row 7f66143f-0967-4f78-9fec-0cab962ad95c (table: Encap) {{(pid=119265) notify /opt/stack/neutron/neutron/plugins/ml2/drivers/ovn/mech_driver/ovsdb/ovsdb_monitor.py:743}}
Jul 06 20:42:07 ubuntu neutron-server[119265]: DEBUG neutron.plugins.ml2.drivers.ovn.mech_driver.ovsdb.ovsdb_monitor [None req-1d375054-c2c2-45ea-ace1-1313e7cfbf48 None None] ChassisMetadataAgentWriteEvent : Matched Chassis, create, None None {{(pid=119265) matches /opt/stack/neutron/neutron/plugins/ml2/drivers/ovn/mech_driver/ovsdb/ovsdb_monitor.py:62}}
Jul 06 20:42:07 ubuntu neutron-server[119265]: DEBUG neutron.plugins.ml2.drivers.ovn.mech_driver.ovsdb.ovsdb_monitor [None req-1d375054-c2c2-45ea-ace1-1313e7cfbf48 None None] ChassisAgentWriteEvent : Matched Chassis, create, None None {{(pid=119265) matches /opt/stack/neutron/neutron/plugins/ml2/drivers/ovn/mech_driver/ovsdb/ovsdb_monitor.py:62}}
Jul 06 20:42:07 ubuntu neutron-server[119052]: DEBUG ovsdbapp.backend.ovs_idl [None req-8b1141a5-436b-4267-add7-6d5864fc1f9d None None] Created lookup_table index Chassis.name {{(pid=119052) autocreate_indices /usr/local/lib/python3.8/dist-packages/ovsdbapp/backend/ovs_idl/__init__.py:85}}
Jul 06 20:42:07 ubuntu neutron-server[119052]: DEBUG ovsdbapp.backend.ovs_idl [None req-8b1141a5-436b-4267-add7-6d5864fc1f9d None None] Created lookup_table index MAC_Binding.ip {{(pid=119052) autocreate_indices /usr/local/lib/python3.8/dist-packages/ovsdbapp/backend/ovs_idl/__init__.py:85}}
Jul 06 20:42:07 ubuntu neutron-server[119052]: DEBUG ovsdbapp.backend.ovs_idl [None req-8b1141a5-436b-4267-add7-6d5864fc1f9d None None] Created schema index Meter.name {{(pid=119052) autocreate_indices /usr/local/lib/python3.8/dist-packages/ovsdbapp/backend/ovs_idl/__init__.py:104}}
Jul 06 20:42:07 ubuntu neutron-server[119052]: DEBUG ovsdbapp.backend.ovs_idl [None req-8b1141a5-436b-4267-add7-6d5864fc1f9d None None] Created schema index Address_Set.name {{(pid=119052) autocreate_indices /usr/local/lib/python3.8/dist-packages/ovsdbapp/backend/ovs_idl/__init__.py:104}}
Jul 06 20:42:07 ubuntu neutron-server[119265]: INFO neutron.wsgi [-] (119265) wsgi starting up on http://0.0.0.0:9696
Jul 06 20:42:07 ubuntu neutron-server[119052]: DEBUG ovsdbapp.backend.ovs_idl [None req-8b1141a5-436b-4267-add7-6d5864fc1f9d None None] Created schema index HA_Chassis_Group.name {{(pid=119052) autocreate_indices /usr/local/lib/python3.8/dist-packages/ovsdbapp/backend/ovs_idl/__init__.py:104}}
Jul 06 20:42:07 ubuntu neutron-server[119052]: DEBUG ovsdbapp.backend.ovs_idl [None req-8b1141a5-436b-4267-add7-6d5864fc1f9d None None] Created schema index IP_Multicast.datapath {{(pid=119052) autocreate_indices /usr/local/lib/python3.8/dist-packages/ovsdbapp/backend/ovs_idl/__init__.py:104}}
Jul 06 20:42:07 ubuntu neutron-server[119052]: DEBUG ovsdbapp.backend.ovs_idl [None req-8b1141a5-436b-4267-add7-6d5864fc1f9d None None] Created schema index Connection.target {{(pid=119052) autocreate_indices /usr/local/lib/python3.8/dist-packages/ovsdbapp/backend/ovs_idl/__init__.py:104}}
Jul 06 20:42:07 ubuntu neutron-server[119052]: DEBUG ovsdbapp.backend.ovs_idl [None req-8b1141a5-436b-4267-add7-6d5864fc1f9d None None] Created schema index Gateway_Chassis.name {{(pid=119052) autocreate_indices /usr/local/lib/python3.8/dist-packages/ovsdbapp/backend/ovs_idl/__init__.py:104}}
Jul 06 20:42:07 ubuntu neutron-server[119052]: DEBUG ovsdbapp.backend.ovs_idl [None req-8b1141a5-436b-4267-add7-6d5864fc1f9d None None] Created schema index Port_Group.name {{(pid=119052) autocreate_indices /usr/local/lib/python3.8/dist-packages/ovsdbapp/backend/ovs_idl/__init__.py:104}}
Jul 06 20:42:07 ubuntu neutron-server[119052]: DEBUG ovsdbapp.backend.ovs_idl [None req-8b1141a5-436b-4267-add7-6d5864fc1f9d None None] Created schema index Datapath_Binding.tunnel_key {{(pid=119052) autocreate_indices /usr/local/lib/python3.8/dist-packages/ovsdbapp/backend/ovs_idl/__init__.py:104}}
Jul 06 20:42:07 ubuntu neutron-server[119266]: DEBUG neutron.common.ovn.hash_ring_manager [None req-b9ec7027-accc-4494-9ff2-8c2906c3f97e None None] Allow caching, nodes 2>=2 {{(pid=119266) _wait_startup_before_caching /opt/stack/neutron/neutron/common/ovn/hash_ring_manager.py:60}}
Jul 06 20:42:07 ubuntu neutron-server[119266]: DEBUG neutron.plugins.ml2.drivers.ovn.mech_driver.ovsdb.ovsdb_monitor [None req-b9ec7027-accc-4494-9ff2-8c2906c3f97e None None] Hash Ring: Node 8da2c146-f691-491a-b06d-cb5c1274ba62 (host: ubuntu) handling event "create" for row d7018259-6193-4896-ad1b-345bdfdc1b0f (table: Database) {{(pid=119266) notify /opt/stack/neutron/neutron/plugins/ml2/drivers/ovn/mech_driver/ovsdb/ovsdb_monitor.py:743}}
Jul 06 20:42:07 ubuntu neutron-server[119266]: DEBUG neutron.plugins.ml2.drivers.ovn.mech_driver.ovsdb.ovsdb_monitor [None req-b9ec7027-accc-4494-9ff2-8c2906c3f97e None None] Hash Ring: Node 8da2c146-f691-491a-b06d-cb5c1274ba62 (host: ubuntu) handling event "create" for row 6759b71a-cb88-4b65-8ba8-b4cf3d97dfd9 (table: Database) {{(pid=119266) notify /opt/stack/neutron/neutron/plugins/ml2/drivers/ovn/mech_driver/ovsdb/ovsdb_monitor.py:743}}
Jul 06 20:42:07 ubuntu neutron-server[119052]: INFO oslo_service.service [None req-8b1141a5-436b-4267-add7-6d5864fc1f9d None None] Starting 1 workers
Jul 06 20:42:07 ubuntu neutron-server[119266]: DEBUG neutron.plugins.ml2.drivers.ovn.mech_driver.ovsdb.ovsdb_monitor [None req-b9ec7027-accc-4494-9ff2-8c2906c3f97e None None] Hash Ring: Node 8da2c146-f691-491a-b06d-cb5c1274ba62 (host: ubuntu) handling event "create" for row b5331ec5-cdb2-4358-9547-533b462e9340 (table: Port_Group) {{(pid=119266) notify /opt/stack/neutron/neutron/plugins/ml2/drivers/ovn/mech_driver/ovsdb/ovsdb_monitor.py:743}}
Jul 06 20:42:07 ubuntu neutron-server[119266]: DEBUG neutron.plugins.ml2.drivers.ovn.mech_driver.ovsdb.ovsdb_monitor [None req-b9ec7027-accc-4494-9ff2-8c2906c3f97e None None] Hash Ring: Node 8da2c146-f691-491a-b06d-cb5c1274ba62 (host: ubuntu) handling event "create" for row 6348cd47-c7dd-404f-90fc-773bdc5392f0 (table: ACL) {{(pid=119266) notify /opt/stack/neutron/neutron/plugins/ml2/drivers/ovn/mech_driver/ovsdb/ovsdb_monitor.py:743}}
Jul 06 20:42:07 ubuntu neutron-server[119052]: DEBUG oslo_service.service [None req-8b1141a5-436b-4267-add7-6d5864fc1f9d None None] Started child 119268 {{(pid=119052) _start_child /usr/local/lib/python3.8/dist-packages/oslo_service/service.py:575}}
Jul 06 20:42:07 ubuntu neutron-server[119052]: INFO oslo_service.service [None req-8b1141a5-436b-4267-add7-6d5864fc1f9d None None] Starting 1 workers
Jul 06 20:42:07 ubuntu neutron-server[119266]: DEBUG neutron.plugins.ml2.drivers.ovn.mech_driver.ovsdb.ovsdb_monitor [None req-b9ec7027-accc-4494-9ff2-8c2906c3f97e None None] Hash Ring: Node 8da2c146-f691-491a-b06d-cb5c1274ba62 (host: ubuntu) handling event "create" for row 6e2a711d-d649-4f57-8533-5f3bdd3d9200 (table: Connection) {{(pid=119266) notify /opt/stack/neutron/neutron/plugins/ml2/drivers/ovn/mech_driver/ovsdb/ovsdb_monitor.py:743}}
Jul 06 20:42:07 ubuntu neutron-server[119266]: INFO neutron.plugins.ml2.drivers.ovn.mech_driver.ovsdb.impl_idl_ovn [None req-b9ec7027-accc-4494-9ff2-8c2906c3f97e None None] Getting OvsdbSbOvnIdl for WorkerService with retry
Jul 06 20:42:07 ubuntu neutron-server[119052]: DEBUG oslo_service.service [None req-8b1141a5-436b-4267-add7-6d5864fc1f9d None None] Started child 119269 {{(pid=119052) _start_child /usr/local/lib/python3.8/dist-packages/oslo_service/service.py:575}}
Jul 06 20:42:07 ubuntu neutron-server[119052]: INFO oslo_service.service [None req-8b1141a5-436b-4267-add7-6d5864fc1f9d None None] Starting 1 workers
Jul 06 20:42:07 ubuntu neutron-server[119052]: DEBUG oslo_service.service [None req-8b1141a5-436b-4267-add7-6d5864fc1f9d None None] Started child 119270 {{(pid=119052) _start_child /usr/local/lib/python3.8/dist-packages/oslo_service/service.py:575}}
Jul 06 20:42:07 ubuntu neutron-server[119268]: DEBUG neutron.service [None req-8b1141a5-436b-4267-add7-6d5864fc1f9d None None] calling RpcWorker wait() {{(pid=119268) _wait /opt/stack/neutron/neutron/service.py:128}}
Jul 06 20:42:07 ubuntu neutron-server[119268]: DEBUG neutron.service [None req-8b1141a5-436b-4267-add7-6d5864fc1f9d None None] returning from RpcWorker wait() {{(pid=119268) _wait /opt/stack/neutron/neutron/service.py:135}}
Jul 06 20:42:07 ubuntu neutron-server[119052]: DEBUG neutron_lib.callbacks.manager [None req-8b1141a5-436b-4267-add7-6d5864fc1f9d None None] Publish callbacks [] for process (None), after_spawn {{(pid=119052) _notify_loop /usr/local/lib/python3.8/dist-packages/neutron_lib/callbacks/manager.py:176}}
Jul 06 20:42:07 ubuntu neutron-server[119268]: DEBUG neutron_lib.callbacks.manager [-] Publish callbacks ['neutron.plugins.ml2.drivers.ovn.mech_driver.mech_driver.OVNMechanismDriver.post_fork_initialize-8343954'] for process (None), after_init {{(pid=119268) _notify_loop /usr/local/lib/python3.8/dist-packages/neutron_lib/callbacks/manager.py:176}}
Jul 06 20:42:07 ubuntu neutron-server[119052]: DEBUG oslo_service.service [-] Full set of CONF: {{(pid=119052) wait /usr/local/lib/python3.8/dist-packages/oslo_service/service.py:649}}
Jul 06 20:42:07 ubuntu neutron-server[119052]: DEBUG oslo_service.service [-] ******************************************************************************** {{(pid=119052) log_opt_values /usr/local/lib/python3.8/dist-packages/oslo_config/cfg.py:2589}}
Jul 06 20:42:07 ubuntu neutron-server[119052]: DEBUG oslo_service.service [-] Configuration options gathered from: {{(pid=119052) log_opt_values /usr/local/lib/python3.8/dist-packages/oslo_config/cfg.py:2590}}
Jul 06 20:42:07 ubuntu neutron-server[119268]: INFO neutron.plugins.ml2.drivers.ovn.mech_driver.ovsdb.impl_idl_ovn [-] Getting OvsdbNbOvnIdl for RpcWorker with retry
Jul 06 20:42:07 ubuntu neutron-server[119052]: DEBUG oslo_service.service [-] command line args: ['--config-file', '/etc/neutron/neutron.conf', '--config-file', '/etc/neutron/plugins/ml2/ml2_conf.ini'] {{(pid=119052) log_opt_values /usr/local/lib/python3.8/dist-packages/oslo_config/cfg.py:2591}}
Jul 06 20:42:07 ubuntu neutron-server[119052]: DEBUG oslo_service.service [-] config files: ['/etc/neutron/neutron.conf', '/etc/neutron/plugins/ml2/ml2_conf.ini'] {{(pid=119052) log_opt_values /usr/local/lib/python3.8/dist-packages/oslo_config/cfg.py:2592}}
Jul 06 20:42:07 ubuntu neutron-server[119052]: DEBUG oslo_service.service [-] ================================================================================ {{(pid=119052) log_opt_values /usr/local/lib/python3.8/dist-packages/oslo_config/cfg.py:2594}}
Jul 06 20:42:07 ubuntu neutron-server[119052]: DEBUG oslo_service.service [-] agent_down_time                = 75 {{(pid=119052) log_opt_values /usr/local/lib/python3.8/dist-packages/oslo_config/cfg.py:2602}}
Jul 06 20:42:07 ubuntu neutron-server[119052]: DEBUG oslo_service.service [-] allow_automatic_dhcp_failover  = True {{(pid=119052) log_opt_values /usr/local/lib/python3.8/dist-packages/oslo_config/cfg.py:2602}}
Jul 06 20:42:07 ubuntu neutron-server[119052]: DEBUG oslo_service.service [-] allow_bulk                     = True {{(pid=119052) log_opt_values /usr/local/lib/python3.8/dist-packages/oslo_config/cfg.py:2602}}
Jul 06 20:42:07 ubuntu neutron-server[119052]: DEBUG oslo_service.service [-] allowed_conntrack_helpers      = [{'amanda': 'tcp'}, {'ftp': 'tcp'}, {'h323': 'udp'}, {'h323': 'tcp'}, {'irc': 'tcp'}, {'netbios-ns': 'udp'}, {'pptp': 'tcp'}, {'sane': 'tcp'}, {'sip': 'udp'}, {'sip': 'tcp'}, {'snmp': 'udp'}, {'tftp': 'udp'}] {{(pid=119052) log_opt_values /usr/local/lib/python3.8/dist-packages/oslo_config/cfg.py:2602}}
Jul 06 20:42:07 ubuntu neutron-server[119052]: DEBUG oslo_service.service [-] api_extensions_path            =  {{(pid=119052) log_opt_values /usr/local/lib/python3.8/dist-packages/oslo_config/cfg.py:2602}}
Jul 06 20:42:07 ubuntu neutron-server[119052]: DEBUG oslo_service.service [-] api_paste_config               = api-paste.ini {{(pid=119052) log_opt_values /usr/local/lib/python3.8/dist-packages/oslo_config/cfg.py:2602}}
Jul 06 20:42:07 ubuntu neutron-server[119052]: DEBUG oslo_service.service [-] api_workers                    = 2 {{(pid=119052) log_opt_values /usr/local/lib/python3.8/dist-packages/oslo_config/cfg.py:2602}}
Jul 06 20:42:07 ubuntu neutron-server[119052]: DEBUG oslo_service.service [-] auth_strategy                  = keystone {{(pid=119052) log_opt_values /usr/local/lib/python3.8/dist-packages/oslo_config/cfg.py:2602}}
Jul 06 20:42:07 ubuntu neutron-server[119052]: DEBUG oslo_service.service [-] backdoor_port                  = None {{(pid=119052) log_opt_values /usr/local/lib/python3.8/dist-packages/oslo_config/cfg.py:2602}}
Jul 06 20:42:07 ubuntu neutron-server[119052]: DEBUG oslo_service.service [-] backdoor_socket                = None {{(pid=119052) log_opt_values /usr/local/lib/python3.8/dist-packages/oslo_config/cfg.py:2602}}
Jul 06 20:42:07 ubuntu neutron-server[119052]: DEBUG oslo_service.service [-] backlog                        = 4096 {{(pid=119052) log_opt_values /usr/local/lib/python3.8/dist-packages/oslo_config/cfg.py:2602}}
