Mar 30 18:11:26 ubuntu neutron-server[119234]: DEBUG neutron.api.extensions [None req-3548ed80-29e9-46a5-a4c2-55258c4f6408 None None] Loading extension file: vlantransparent.py {{(pid=119234) _load_all_extensions_from_path /opt/stack/neutron/neutron/api/extensions.py:450}}
Mar 30 18:11:26 ubuntu neutron-server[119234]: DEBUG neutron.api.extensions [None req-3548ed80-29e9-46a5-a4c2-55258c4f6408 None None] Ext name="Vlantransparent" alias="vlan-transparent" description="Provides Vlan Transparent Networks" updated="2015-03-23T09:00:00-00:00" {{(pid=119234) _check_extension /opt/stack/neutron/neutron/api/extensions.py:416}}
Mar 30 18:11:26 ubuntu neutron-server[119234]: INFO neutron.api.extensions [None req-3548ed80-29e9-46a5-a4c2-55258c4f6408 None None] Extension vlan-transparent not supported by any of loaded plugins
Mar 30 18:11:26 ubuntu neutron-server[119234]: INFO neutron.quota.resource_registry [None req-3548ed80-29e9-46a5-a4c2-55258c4f6408 None None] Creating instance of TrackedResource for resource:network
Mar 30 18:11:26 ubuntu neutron-server[119234]: INFO neutron.quota.resource_registry [None req-3548ed80-29e9-46a5-a4c2-55258c4f6408 None None] Creating instance of TrackedResource for resource:subnet
Mar 30 18:11:26 ubuntu neutron-server[119234]: INFO neutron.quota.resource_registry [None req-3548ed80-29e9-46a5-a4c2-55258c4f6408 None None] Creating instance of TrackedResource for resource:subnetpool
Mar 30 18:11:26 ubuntu neutron-server[119234]: INFO neutron.quota.resource_registry [None req-3548ed80-29e9-46a5-a4c2-55258c4f6408 None None] Creating instance of TrackedResource for resource:port
Mar 30 18:11:26 ubuntu neutron-server[119234]: DEBUG neutron.api.v2.resource_helper [None req-3548ed80-29e9-46a5-a4c2-55258c4f6408 None None] Service FLAVORS assigned prefix:  {{(pid=119234) build_resource_info /opt/stack/neutron/neutron/api/v2/resource_helper.py:77}}
Mar 30 18:11:26 ubuntu neutron-server[119234]: DEBUG neutron.api.v2.resource_helper [None req-3548ed80-29e9-46a5-a4c2-55258c4f6408 None None] Service L3_ROUTER_NAT assigned prefix:  {{(pid=119234) build_resource_info /opt/stack/neutron/neutron/api/v2/resource_helper.py:77}}
Mar 30 18:11:26 ubuntu neutron-server[119234]: DEBUG neutron.api.v2.resource_helper [None req-3548ed80-29e9-46a5-a4c2-55258c4f6408 None None] Service L3_ROUTER_NAT assigned prefix:  {{(pid=119234) build_resource_info /opt/stack/neutron/neutron/api/v2/resource_helper.py:77}}
Mar 30 18:11:26 ubuntu neutron-server[119234]: INFO neutron.quota.resource_registry [None req-3548ed80-29e9-46a5-a4c2-55258c4f6408 None None] Creating instance of TrackedResource for resource:router
Mar 30 18:11:26 ubuntu neutron-server[119234]: INFO neutron.quota.resource_registry [None req-3548ed80-29e9-46a5-a4c2-55258c4f6408 None None] Creating instance of TrackedResource for resource:floatingip
Mar 30 18:11:26 ubuntu neutron-server[119234]: DEBUG neutron_lib.callbacks.manager [None req-3548ed80-29e9-46a5-a4c2-55258c4f6408 None None] Subscribe: <bound method NeutronDbPluginV2.validate_network_rbac_policy_change of <neutron.services.network_ip_availability.plugin.NetworkIPAvailabilityPlugin object at 0x7f7f922ab430>> rbac-policy before_create 55550000 {{(pid=119234) subscribe /usr/local/lib/python3.8/dist-packages/neutron_lib/callbacks/manager.py:45}}
Mar 30 18:11:26 ubuntu neutron-server[119234]: DEBUG neutron_lib.callbacks.manager [None req-3548ed80-29e9-46a5-a4c2-55258c4f6408 None None] Subscribe: <bound method NeutronDbPluginV2.validate_network_rbac_policy_change of <neutron.services.network_ip_availability.plugin.NetworkIPAvailabilityPlugin object at 0x7f7f922ab430>> rbac-policy before_update 55550000 {{(pid=119234) subscribe /usr/local/lib/python3.8/dist-packages/neutron_lib/callbacks/manager.py:45}}
Mar 30 18:11:26 ubuntu neutron-server[119234]: DEBUG neutron_lib.callbacks.manager [None req-3548ed80-29e9-46a5-a4c2-55258c4f6408 None None] Subscribe: <bound method NeutronDbPluginV2.validate_network_rbac_policy_change of <neutron.services.network_ip_availability.plugin.NetworkIPAvailabilityPlugin object at 0x7f7f922ab430>> rbac-policy before_delete 55550000 {{(pid=119234) subscribe /usr/local/lib/python3.8/dist-packages/neutron_lib/callbacks/manager.py:45}}
Mar 30 18:11:26 ubuntu neutron-server[119234]: INFO neutron.quota.resource_registry [None req-3548ed80-29e9-46a5-a4c2-55258c4f6408 None None] Creating instance of CountableResource for resource:rbac_policy
Mar 30 18:11:26 ubuntu neutron-server[119234]: INFO neutron.quota.resource_registry [None req-3548ed80-29e9-46a5-a4c2-55258c4f6408 None None] Creating instance of TrackedResource for resource:security_group
Mar 30 18:11:26 ubuntu neutron-server[119234]: INFO neutron.quota.resource_registry [None req-3548ed80-29e9-46a5-a4c2-55258c4f6408 None None] Creating instance of TrackedResource for resource:security_group_rule
Mar 30 18:11:26 ubuntu neutron-server[119234]: DEBUG neutron.api.v2.resource_helper [None req-3548ed80-29e9-46a5-a4c2-55258c4f6408 None None] Service FLAVORS assigned prefix:  {{(pid=119234) build_resource_info /opt/stack/neutron/neutron/api/v2/resource_helper.py:77}}
Mar 30 18:11:26 ubuntu neutron-server[119234]: DEBUG neutron.api.v2.resource_helper [None req-3548ed80-29e9-46a5-a4c2-55258c4f6408 None None] Service L3_ROUTER_NAT assigned prefix:  {{(pid=119234) build_resource_info /opt/stack/neutron/neutron/api/v2/resource_helper.py:77}}
Mar 30 18:11:26 ubuntu neutron-server[119234]: DEBUG neutron.api.v2.resource_helper [None req-3548ed80-29e9-46a5-a4c2-55258c4f6408 None None] Service L3_ROUTER_NAT assigned prefix:  {{(pid=119234) build_resource_info /opt/stack/neutron/neutron/api/v2/resource_helper.py:77}}
Mar 30 18:11:26 ubuntu neutron-server[119234]: INFO neutron.quota.resource_registry [None req-3548ed80-29e9-46a5-a4c2-55258c4f6408 None None] Creating instance of TrackedResource for resource:router
Mar 30 18:11:26 ubuntu neutron-server[119234]: WARNING neutron.quota.resource_registry [None req-3548ed80-29e9-46a5-a4c2-55258c4f6408 None None] router is already registered
Mar 30 18:11:26 ubuntu neutron-server[119234]: INFO neutron.quota.resource_registry [None req-3548ed80-29e9-46a5-a4c2-55258c4f6408 None None] Creating instance of TrackedResource for resource:floatingip
Mar 30 18:11:26 ubuntu neutron-server[119234]: WARNING neutron.quota.resource_registry [None req-3548ed80-29e9-46a5-a4c2-55258c4f6408 None None] floatingip is already registered
Mar 30 18:11:26 ubuntu neutron-server[119234]: INFO neutron.quota.resource_registry [None req-3548ed80-29e9-46a5-a4c2-55258c4f6408 None None] Creating instance of CountableResource for resource:rbac_policy
Mar 30 18:11:26 ubuntu neutron-server[119234]: WARNING neutron.quota.resource_registry [None req-3548ed80-29e9-46a5-a4c2-55258c4f6408 None None] rbac_policy is already registered
Mar 30 18:11:26 ubuntu neutron-server[119234]: INFO neutron.quota.resource_registry [None req-3548ed80-29e9-46a5-a4c2-55258c4f6408 None None] Creating instance of TrackedResource for resource:security_group
Mar 30 18:11:26 ubuntu neutron-server[119234]: WARNING neutron.quota.resource_registry [None req-3548ed80-29e9-46a5-a4c2-55258c4f6408 None None] security_group is already registered
Mar 30 18:11:26 ubuntu neutron-server[119234]: INFO neutron.quota.resource_registry [None req-3548ed80-29e9-46a5-a4c2-55258c4f6408 None None] Creating instance of TrackedResource for resource:security_group_rule
Mar 30 18:11:26 ubuntu neutron-server[119234]: WARNING neutron.quota.resource_registry [None req-3548ed80-29e9-46a5-a4c2-55258c4f6408 None None] security_group_rule is already registered
Mar 30 18:11:26 ubuntu neutron-server[119234]: DEBUG neutron.api.extensions [None req-3548ed80-29e9-46a5-a4c2-55258c4f6408 None None] Extended resource: extensions {{(pid=119234) __init__ /opt/stack/neutron/neutron/api/extensions.py:157}}
Mar 30 18:11:26 ubuntu neutron-server[119234]: DEBUG neutron.api.extensions [None req-3548ed80-29e9-46a5-a4c2-55258c4f6408 None None] Extended resource: address-groups {{(pid=119234) __init__ /opt/stack/neutron/neutron/api/extensions.py:157}}
Mar 30 18:11:26 ubuntu neutron-server[119234]: DEBUG neutron.api.extensions [None req-3548ed80-29e9-46a5-a4c2-55258c4f6408 None None] Extended resource: address-scopes {{(pid=119234) __init__ /opt/stack/neutron/neutron/api/extensions.py:157}}
Mar 30 18:11:26 ubuntu neutron-server[119234]: DEBUG neutron.api.extensions [None req-3548ed80-29e9-46a5-a4c2-55258c4f6408 None None] Extended resource: agents {{(pid=119234) __init__ /opt/stack/neutron/neutron/api/extensions.py:157}}
Mar 30 18:11:26 ubuntu neutron-server[119234]: DEBUG neutron.api.extensions [None req-3548ed80-29e9-46a5-a4c2-55258c4f6408 None None] Extended resource: auto-allocated-topology {{(pid=119234) __init__ /opt/stack/neutron/neutron/api/extensions.py:157}}
Mar 30 18:11:26 ubuntu neutron-server[119234]: DEBUG neutron.api.extensions [None req-3548ed80-29e9-46a5-a4c2-55258c4f6408 None None] Extended resource: availability_zones {{(pid=119234) __init__ /opt/stack/neutron/neutron/api/extensions.py:157}}
Mar 30 18:11:26 ubuntu neutron-server[119234]: DEBUG neutron.api.extensions [None req-3548ed80-29e9-46a5-a4c2-55258c4f6408 None None] Extended resource: flavors {{(pid=119234) __init__ /opt/stack/neutron/neutron/api/extensions.py:157}}
Mar 30 18:11:26 ubuntu neutron-server[119234]: DEBUG neutron.api.extensions [None req-3548ed80-29e9-46a5-a4c2-55258c4f6408 None None] Extended resource: service_profiles {{(pid=119234) __init__ /opt/stack/neutron/neutron/api/extensions.py:157}}
Mar 30 18:11:26 ubuntu neutron-server[119234]: DEBUG neutron.api.extensions [None req-3548ed80-29e9-46a5-a4c2-55258c4f6408 None None] Extended resource: next_providers {{(pid=119234) __init__ /opt/stack/neutron/neutron/api/extensions.py:157}}
Mar 30 18:11:26 ubuntu neutron-server[119234]: DEBUG neutron.api.extensions [None req-3548ed80-29e9-46a5-a4c2-55258c4f6408 None None] Extended resource: service_profiles {{(pid=119234) __init__ /opt/stack/neutron/neutron/api/extensions.py:157}}
Mar 30 18:11:26 ubuntu neutron-server[119234]: DEBUG neutron.api.extensions [None req-3548ed80-29e9-46a5-a4c2-55258c4f6408 None None] Extended resource: floatingip-pools {{(pid=119234) __init__ /opt/stack/neutron/neutron/api/extensions.py:157}}
Mar 30 18:11:26 ubuntu neutron-server[119234]: DEBUG neutron.api.extensions [None req-3548ed80-29e9-46a5-a4c2-55258c4f6408 None None] Extended resource: routers {{(pid=119234) __init__ /opt/stack/neutron/neutron/api/extensions.py:157}}
Mar 30 18:11:26 ubuntu neutron-server[119234]: DEBUG neutron.api.extensions [None req-3548ed80-29e9-46a5-a4c2-55258c4f6408 None None] Extended resource: floatingips {{(pid=119234) __init__ /opt/stack/neutron/neutron/api/extensions.py:157}}
Mar 30 18:11:26 ubuntu neutron-server[119234]: DEBUG neutron.api.extensions [None req-3548ed80-29e9-46a5-a4c2-55258c4f6408 None None] Extended resource: network-ip-availabilities {{(pid=119234) __init__ /opt/stack/neutron/neutron/api/extensions.py:157}}
Mar 30 18:11:26 ubuntu neutron-server[119234]: DEBUG neutron.api.extensions [None req-3548ed80-29e9-46a5-a4c2-55258c4f6408 None None] Extended resource: bindings {{(pid=119234) __init__ /opt/stack/neutron/neutron/api/extensions.py:157}}
Mar 30 18:11:26 ubuntu neutron-server[119234]: DEBUG neutron.api.extensions [None req-3548ed80-29e9-46a5-a4c2-55258c4f6408 None None] Extended resource: quotas {{(pid=119234) __init__ /opt/stack/neutron/neutron/api/extensions.py:157}}
Mar 30 18:11:26 ubuntu neutron-server[119234]: DEBUG neutron.api.extensions [None req-3548ed80-29e9-46a5-a4c2-55258c4f6408 None None] Extended resource: quotas {{(pid=119234) __init__ /opt/stack/neutron/neutron/api/extensions.py:157}}
Mar 30 18:11:26 ubuntu neutron-server[119234]: DEBUG neutron.api.extensions [None req-3548ed80-29e9-46a5-a4c2-55258c4f6408 None None] Extended resource: rbac-policies {{(pid=119234) __init__ /opt/stack/neutron/neutron/api/extensions.py:157}}
Mar 30 18:11:26 ubuntu neutron-server[119234]: DEBUG neutron.api.extensions [None req-3548ed80-29e9-46a5-a4c2-55258c4f6408 None None] Extended resource: security-groups {{(pid=119234) __init__ /opt/stack/neutron/neutron/api/extensions.py:157}}
Mar 30 18:11:26 ubuntu neutron-server[119234]: DEBUG neutron.api.extensions [None req-3548ed80-29e9-46a5-a4c2-55258c4f6408 None None] Extended resource: security-group-rules {{(pid=119234) __init__ /opt/stack/neutron/neutron/api/extensions.py:157}}
Mar 30 18:11:26 ubuntu neutron-server[119234]: DEBUG neutron.api.extensions [None req-3548ed80-29e9-46a5-a4c2-55258c4f6408 None None] Extended resource: service-providers {{(pid=119234) __init__ /opt/stack/neutron/neutron/api/extensions.py:157}}
Mar 30 18:11:26 ubuntu neutron-server[119234]: DEBUG neutron.api.extensions [None req-3548ed80-29e9-46a5-a4c2-55258c4f6408 None None] Extended resource: tags {{(pid=119234) __init__ /opt/stack/neutron/neutron/api/extensions.py:157}}
Mar 30 18:11:26 ubuntu neutron-server[119234]: DEBUG neutron.api.extensions [None req-3548ed80-29e9-46a5-a4c2-55258c4f6408 None None] Extended resource: tags {{(pid=119234) __init__ /opt/stack/neutron/neutron/api/extensions.py:157}}
Mar 30 18:11:26 ubuntu neutron-server[119234]: DEBUG neutron.api.extensions [None req-3548ed80-29e9-46a5-a4c2-55258c4f6408 None None] Extended resource: tags {{(pid=119234) __init__ /opt/stack/neutron/neutron/api/extensions.py:157}}
Mar 30 18:11:26 ubuntu neutron-server[119234]: DEBUG neutron.api.extensions [None req-3548ed80-29e9-46a5-a4c2-55258c4f6408 None None] Extended resource: tags {{(pid=119234) __init__ /opt/stack/neutron/neutron/api/extensions.py:157}}
Mar 30 18:11:26 ubuntu neutron-server[119234]: DEBUG neutron.api.extensions [None req-3548ed80-29e9-46a5-a4c2-55258c4f6408 None None] Extended resource: tags {{(pid=119234) __init__ /opt/stack/neutron/neutron/api/extensions.py:157}}
Mar 30 18:11:26 ubuntu neutron-server[119234]: DEBUG neutron.api.extensions [None req-3548ed80-29e9-46a5-a4c2-55258c4f6408 None None] Extended resource: tags {{(pid=119234) __init__ /opt/stack/neutron/neutron/api/extensions.py:157}}
Mar 30 18:11:26 ubuntu neutron-server[119234]: DEBUG neutron.api.extensions [None req-3548ed80-29e9-46a5-a4c2-55258c4f6408 None None] Extended resource: tags {{(pid=119234) __init__ /opt/stack/neutron/neutron/api/extensions.py:157}}
Mar 30 18:11:26 ubuntu neutron-server[119234]: DEBUG neutron.api.extensions [None req-3548ed80-29e9-46a5-a4c2-55258c4f6408 None None] Extended resource: tags {{(pid=119234) __init__ /opt/stack/neutron/neutron/api/extensions.py:157}}
Mar 30 18:11:26 ubuntu neutron-server[119234]: DEBUG neutron.api.extensions [None req-3548ed80-29e9-46a5-a4c2-55258c4f6408 None None] Extended resource: tags {{(pid=119234) __init__ /opt/stack/neutron/neutron/api/extensions.py:157}}
Mar 30 18:11:26 ubuntu neutron-server[119234]: DEBUG neutron.api.extensions [None req-3548ed80-29e9-46a5-a4c2-55258c4f6408 None None] Extended resource: tags {{(pid=119234) __init__ /opt/stack/neutron/neutron/api/extensions.py:157}}
Mar 30 18:11:26 ubuntu neutron-server[119234]: WARNING keystonemiddleware.auth_token [None req-3548ed80-29e9-46a5-a4c2-55258c4f6408 None None] AuthToken middleware is set with keystone_authtoken.service_token_roles_required set to False. This is backwards compatible but deprecated behaviour. Please set this to True.
Mar 30 18:11:26 ubuntu neutron-server[119234]: WARNING keystonemiddleware.auth_token [None req-3548ed80-29e9-46a5-a4c2-55258c4f6408 None None] Configuring www_authenticate_uri to point to the public identity endpoint is required; clients may not be able to authenticate against an admin endpoint
Mar 30 18:11:26 ubuntu neutron-server[119234]: DEBUG oslo_concurrency.lockutils [None req-3548ed80-29e9-46a5-a4c2-55258c4f6408 None None] Acquired lock "singleton_lock" {{(pid=119234) lock /usr/local/lib/python3.8/dist-packages/oslo_concurrency/lockutils.py:294}}
Mar 30 18:11:26 ubuntu neutron-server[119234]: DEBUG oslo_concurrency.lockutils [None req-3548ed80-29e9-46a5-a4c2-55258c4f6408 None None] Releasing lock "singleton_lock" {{(pid=119234) lock /usr/local/lib/python3.8/dist-packages/oslo_concurrency/lockutils.py:312}}
Mar 30 18:11:26 ubuntu neutron-server[119234]: INFO oslo_service.service [None req-3548ed80-29e9-46a5-a4c2-55258c4f6408 None None] Starting 2 workers
Mar 30 18:11:26 ubuntu neutron-server[119234]: DEBUG oslo_service.service [None req-3548ed80-29e9-46a5-a4c2-55258c4f6408 None None] Started child 119444 {{(pid=119234) _start_child /usr/local/lib/python3.8/dist-packages/oslo_service/service.py:575}}
Mar 30 18:11:26 ubuntu neutron-server[119234]: DEBUG oslo_service.service [None req-3548ed80-29e9-46a5-a4c2-55258c4f6408 None None] Started child 119445 {{(pid=119234) _start_child /usr/local/lib/python3.8/dist-packages/oslo_service/service.py:575}}
Mar 30 18:11:26 ubuntu neutron-server[119234]: INFO neutron.service [None req-3548ed80-29e9-46a5-a4c2-55258c4f6408 None None] Neutron service started, listening on 0.0.0.0:9696
Mar 30 18:11:26 ubuntu neutron-server[119234]: DEBUG neutron_lib.callbacks.manager [None req-3548ed80-29e9-46a5-a4c2-55258c4f6408 None None] Publish callbacks ['neutron.plugins.ml2.drivers.ovn.mech_driver.mech_driver.OVNMechanismDriver.pre_fork_initialize-3621542'] for process (None), before_spawn {{(pid=119234) _notify_loop /usr/local/lib/python3.8/dist-packages/neutron_lib/callbacks/manager.py:176}}
Mar 30 18:11:26 ubuntu neutron-server[119444]: DEBUG neutron_lib.callbacks.manager [-] Publish callbacks ['neutron.plugins.ml2.drivers.ovn.mech_driver.mech_driver.OVNMechanismDriver.post_fork_initialize-3621442'] for process (None), after_init {{(pid=119444) _notify_loop /usr/local/lib/python3.8/dist-packages/neutron_lib/callbacks/manager.py:176}}
Mar 30 18:11:26 ubuntu neutron-server[119445]: DEBUG neutron_lib.callbacks.manager [-] Publish callbacks ['neutron.plugins.ml2.drivers.ovn.mech_driver.mech_driver.OVNMechanismDriver.post_fork_initialize-3621442'] for process (None), after_init {{(pid=119445) _notify_loop /usr/local/lib/python3.8/dist-packages/neutron_lib/callbacks/manager.py:176}}
Mar 30 18:11:26 ubuntu neutron-server[119234]: DEBUG ovsdbapp.backend.ovs_idl [None req-3548ed80-29e9-46a5-a4c2-55258c4f6408 None None] Created schema index Port_Group.name {{(pid=119234) autocreate_indices /usr/local/lib/python3.8/dist-packages/ovsdbapp/backend/ovs_idl/__init__.py:126}}
Mar 30 18:11:26 ubuntu neutron-server[119234]: DEBUG ovsdbapp.backend.ovs_idl [None req-3548ed80-29e9-46a5-a4c2-55258c4f6408 None None] Created schema index Logical_Switch_Port.name {{(pid=119234) autocreate_indices /usr/local/lib/python3.8/dist-packages/ovsdbapp/backend/ovs_idl/__init__.py:126}}
Mar 30 18:11:26 ubuntu neutron-server[119234]: DEBUG ovsdbapp.backend.ovs_idl.transaction [-] Running txn n=1 command(idx=0): PgAddCommand(name=neutron_pg_drop, may_exist=True, columns={'acls': []}) {{(pid=119234) do_commit /usr/local/lib/python3.8/dist-packages/ovsdbapp/backend/ovs_idl/transaction.py:90}}
Mar 30 18:11:26 ubuntu neutron-server[119234]: DEBUG ovsdbapp.backend.ovs_idl.transaction [-] Running txn n=1 command(idx=1): PgAclAddCommand(entity=neutron_pg_drop, direction=from-lport, priority=1001, match=inport == @neutron_pg_drop && ip, action=drop, log=False, may_exist=True, severity=[], name=[], meter=None, external_ids={}) {{(pid=119234) do_commit /usr/local/lib/python3.8/dist-packages/ovsdbapp/backend/ovs_idl/transaction.py:90}}
Mar 30 18:11:26 ubuntu neutron-server[119234]: DEBUG ovsdbapp.backend.ovs_idl.transaction [-] Running txn n=1 command(idx=2): PgAclAddCommand(entity=neutron_pg_drop, direction=to-lport, priority=1001, match=outport == @neutron_pg_drop && ip, action=drop, log=False, may_exist=True, severity=[], name=[], meter=None, external_ids={}) {{(pid=119234) do_commit /usr/local/lib/python3.8/dist-packages/ovsdbapp/backend/ovs_idl/transaction.py:90}}
Mar 30 18:11:26 ubuntu neutron-server[119234]: DEBUG ovsdbapp.backend.ovs_idl.event [-] Matched CREATE: NeutronPgDropPortGroupCreated(events=('create',), table='Port_Group', conditions=(('name', '=', 'neutron_pg_drop'),), old_conditions=None), priority=10 to row=Port_Group(name=neutron_pg_drop, ports=[], external_ids={}, acls=[<ovs.db.idl.Row object at 0x7f7f91bf8880>, <ovs.db.idl.Row object at 0x7f7f91bf6190>]) old= {{(pid=119234) matches /usr/local/lib/python3.8/dist-packages/ovsdbapp/backend/ovs_idl/event.py:43}}
Mar 30 18:11:27 ubuntu neutron-server[119234]: DEBUG ovsdbapp.backend.ovs_idl [None req-3548ed80-29e9-46a5-a4c2-55258c4f6408 None None] Created lookup_table index Logical_Switch.name {{(pid=119234) autocreate_indices /usr/local/lib/python3.8/dist-packages/ovsdbapp/backend/ovs_idl/__init__.py:107}}
Mar 30 18:11:27 ubuntu neutron-server[119234]: DEBUG ovsdbapp.backend.ovs_idl [None req-3548ed80-29e9-46a5-a4c2-55258c4f6408 None None] Created lookup_table index Logical_Router.name {{(pid=119234) autocreate_indices /usr/local/lib/python3.8/dist-packages/ovsdbapp/backend/ovs_idl/__init__.py:107}}
Mar 30 18:11:27 ubuntu neutron-server[119234]: DEBUG ovsdbapp.backend.ovs_idl [None req-3548ed80-29e9-46a5-a4c2-55258c4f6408 None None] Created lookup_table index Load_Balancer.name {{(pid=119234) autocreate_indices /usr/local/lib/python3.8/dist-packages/ovsdbapp/backend/ovs_idl/__init__.py:107}}
Mar 30 18:11:27 ubuntu neutron-server[119234]: DEBUG ovsdbapp.backend.ovs_idl [None req-3548ed80-29e9-46a5-a4c2-55258c4f6408 None None] Created schema index Meter.name {{(pid=119234) autocreate_indices /usr/local/lib/python3.8/dist-packages/ovsdbapp/backend/ovs_idl/__init__.py:126}}
Mar 30 18:11:27 ubuntu neutron-server[119234]: DEBUG ovsdbapp.backend.ovs_idl [None req-3548ed80-29e9-46a5-a4c2-55258c4f6408 None None] Created schema index Address_Set.name {{(pid=119234) autocreate_indices /usr/local/lib/python3.8/dist-packages/ovsdbapp/backend/ovs_idl/__init__.py:126}}
Mar 30 18:11:27 ubuntu neutron-server[119234]: DEBUG ovsdbapp.backend.ovs_idl [None req-3548ed80-29e9-46a5-a4c2-55258c4f6408 None None] Created schema index HA_Chassis_Group.name {{(pid=119234) autocreate_indices /usr/local/lib/python3.8/dist-packages/ovsdbapp/backend/ovs_idl/__init__.py:126}}
Mar 30 18:11:27 ubuntu neutron-server[119234]: DEBUG ovsdbapp.backend.ovs_idl [None req-3548ed80-29e9-46a5-a4c2-55258c4f6408 None None] Created schema index Connection.target {{(pid=119234) autocreate_indices /usr/local/lib/python3.8/dist-packages/ovsdbapp/backend/ovs_idl/__init__.py:126}}
Mar 30 18:11:27 ubuntu neutron-server[119234]: DEBUG ovsdbapp.backend.ovs_idl [None req-3548ed80-29e9-46a5-a4c2-55258c4f6408 None None] Created schema index Gateway_Chassis.name {{(pid=119234) autocreate_indices /usr/local/lib/python3.8/dist-packages/ovsdbapp/backend/ovs_idl/__init__.py:126}}
Mar 30 18:11:27 ubuntu neutron-server[119234]: DEBUG ovsdbapp.backend.ovs_idl [None req-3548ed80-29e9-46a5-a4c2-55258c4f6408 None None] Created schema index Logical_Router_Port.name {{(pid=119234) autocreate_indices /usr/local/lib/python3.8/dist-packages/ovsdbapp/backend/ovs_idl/__init__.py:126}}
Mar 30 18:11:27 ubuntu neutron-server[119234]: DEBUG ovsdbapp.backend.ovs_idl [None req-3548ed80-29e9-46a5-a4c2-55258c4f6408 None None] Created schema index Port_Group.name {{(pid=119234) autocreate_indices /usr/local/lib/python3.8/dist-packages/ovsdbapp/backend/ovs_idl/__init__.py:126}}
Mar 30 18:11:27 ubuntu neutron-server[119234]: DEBUG ovsdbapp.backend.ovs_idl [None req-3548ed80-29e9-46a5-a4c2-55258c4f6408 None None] Created schema index Logical_Switch_Port.name {{(pid=119234) autocreate_indices /usr/local/lib/python3.8/dist-packages/ovsdbapp/backend/ovs_idl/__init__.py:126}}
Mar 30 18:11:27 ubuntu neutron-server[119445]: INFO neutron.plugins.ml2.drivers.ovn.mech_driver.ovsdb.impl_idl_ovn [None req-c392791e-e627-42e4-9fc4-8fea9aa0cc0e None None] Getting OvsdbNbOvnIdl for WorkerService with retry
Mar 30 18:11:27 ubuntu neutron-server[119444]: INFO neutron.plugins.ml2.drivers.ovn.mech_driver.ovsdb.impl_idl_ovn [None req-3ea35d9d-6593-4657-aea0-d253d14d92c1 None None] Getting OvsdbNbOvnIdl for WorkerService with retry
Mar 30 18:11:27 ubuntu neutron-server[119234]: DEBUG ovsdbapp.backend.ovs_idl [None req-3548ed80-29e9-46a5-a4c2-55258c4f6408 None None] Created lookup_table index Chassis.name {{(pid=119234) autocreate_indices /usr/local/lib/python3.8/dist-packages/ovsdbapp/backend/ovs_idl/__init__.py:107}}
Mar 30 18:11:27 ubuntu neutron-server[119234]: DEBUG ovsdbapp.backend.ovs_idl [None req-3548ed80-29e9-46a5-a4c2-55258c4f6408 None None] Created lookup_table index MAC_Binding.ip {{(pid=119234) autocreate_indices /usr/local/lib/python3.8/dist-packages/ovsdbapp/backend/ovs_idl/__init__.py:107}}
Mar 30 18:11:27 ubuntu neutron-server[119234]: DEBUG ovsdbapp.backend.ovs_idl [None req-3548ed80-29e9-46a5-a4c2-55258c4f6408 None None] Created schema index Meter.name {{(pid=119234) autocreate_indices /usr/local/lib/python3.8/dist-packages/ovsdbapp/backend/ovs_idl/__init__.py:126}}
Mar 30 18:11:27 ubuntu neutron-server[119234]: DEBUG ovsdbapp.backend.ovs_idl [None req-3548ed80-29e9-46a5-a4c2-55258c4f6408 None None] Created schema index Address_Set.name {{(pid=119234) autocreate_indices /usr/local/lib/python3.8/dist-packages/ovsdbapp/backend/ovs_idl/__init__.py:126}}
Mar 30 18:11:27 ubuntu neutron-server[119234]: DEBUG ovsdbapp.backend.ovs_idl [None req-3548ed80-29e9-46a5-a4c2-55258c4f6408 None None] Created schema index HA_Chassis_Group.name {{(pid=119234) autocreate_indices /usr/local/lib/python3.8/dist-packages/ovsdbapp/backend/ovs_idl/__init__.py:126}}
Mar 30 18:11:27 ubuntu neutron-server[119234]: DEBUG ovsdbapp.backend.ovs_idl [None req-3548ed80-29e9-46a5-a4c2-55258c4f6408 None None] Created schema index IP_Multicast.datapath {{(pid=119234) autocreate_indices /usr/local/lib/python3.8/dist-packages/ovsdbapp/backend/ovs_idl/__init__.py:126}}
Mar 30 18:11:27 ubuntu neutron-server[119234]: DEBUG ovsdbapp.backend.ovs_idl [None req-3548ed80-29e9-46a5-a4c2-55258c4f6408 None None] Created schema index Connection.target {{(pid=119234) autocreate_indices /usr/local/lib/python3.8/dist-packages/ovsdbapp/backend/ovs_idl/__init__.py:126}}
Mar 30 18:11:27 ubuntu neutron-server[119234]: DEBUG ovsdbapp.backend.ovs_idl [None req-3548ed80-29e9-46a5-a4c2-55258c4f6408 None None] Created schema index Gateway_Chassis.name {{(pid=119234) autocreate_indices /usr/local/lib/python3.8/dist-packages/ovsdbapp/backend/ovs_idl/__init__.py:126}}
Mar 30 18:11:27 ubuntu neutron-server[119234]: DEBUG ovsdbapp.backend.ovs_idl [None req-3548ed80-29e9-46a5-a4c2-55258c4f6408 None None] Created schema index Port_Group.name {{(pid=119234) autocreate_indices /usr/local/lib/python3.8/dist-packages/ovsdbapp/backend/ovs_idl/__init__.py:126}}
Mar 30 18:11:27 ubuntu neutron-server[119234]: DEBUG ovsdbapp.backend.ovs_idl [None req-3548ed80-29e9-46a5-a4c2-55258c4f6408 None None] Created schema index Datapath_Binding.tunnel_key {{(pid=119234) autocreate_indices /usr/local/lib/python3.8/dist-packages/ovsdbapp/backend/ovs_idl/__init__.py:126}}
Mar 30 18:11:27 ubuntu neutron-server[119445]: DEBUG ovsdbapp.backend.ovs_idl [None req-c392791e-e627-42e4-9fc4-8fea9aa0cc0e None None] Created lookup_table index Logical_Switch.name {{(pid=119445) autocreate_indices /usr/local/lib/python3.8/dist-packages/ovsdbapp/backend/ovs_idl/__init__.py:107}}
Mar 30 18:11:27 ubuntu neutron-server[119444]: DEBUG ovsdbapp.backend.ovs_idl [None req-3ea35d9d-6593-4657-aea0-d253d14d92c1 None None] Created lookup_table index Logical_Switch.name {{(pid=119444) autocreate_indices /usr/local/lib/python3.8/dist-packages/ovsdbapp/backend/ovs_idl/__init__.py:107}}
Mar 30 18:11:27 ubuntu neutron-server[119445]: DEBUG ovsdbapp.backend.ovs_idl [None req-c392791e-e627-42e4-9fc4-8fea9aa0cc0e None None] Created lookup_table index Logical_Router.name {{(pid=119445) autocreate_indices /usr/local/lib/python3.8/dist-packages/ovsdbapp/backend/ovs_idl/__init__.py:107}}
Mar 30 18:11:27 ubuntu neutron-server[119444]: DEBUG ovsdbapp.backend.ovs_idl [None req-3ea35d9d-6593-4657-aea0-d253d14d92c1 None None] Created lookup_table index Logical_Router.name {{(pid=119444) autocreate_indices /usr/local/lib/python3.8/dist-packages/ovsdbapp/backend/ovs_idl/__init__.py:107}}
Mar 30 18:11:27 ubuntu neutron-server[119445]: DEBUG ovsdbapp.backend.ovs_idl [None req-c392791e-e627-42e4-9fc4-8fea9aa0cc0e None None] Created lookup_table index Load_Balancer.name {{(pid=119445) autocreate_indices /usr/local/lib/python3.8/dist-packages/ovsdbapp/backend/ovs_idl/__init__.py:107}}
Mar 30 18:11:27 ubuntu neutron-server[119444]: DEBUG ovsdbapp.backend.ovs_idl [None req-3ea35d9d-6593-4657-aea0-d253d14d92c1 None None] Created lookup_table index Load_Balancer.name {{(pid=119444) autocreate_indices /usr/local/lib/python3.8/dist-packages/ovsdbapp/backend/ovs_idl/__init__.py:107}}
Mar 30 18:11:27 ubuntu neutron-server[119444]: DEBUG ovsdbapp.backend.ovs_idl [None req-3ea35d9d-6593-4657-aea0-d253d14d92c1 None None] Created schema index Meter.name {{(pid=119444) autocreate_indices /usr/local/lib/python3.8/dist-packages/ovsdbapp/backend/ovs_idl/__init__.py:126}}
Mar 30 18:11:27 ubuntu neutron-server[119444]: DEBUG ovsdbapp.backend.ovs_idl [None req-3ea35d9d-6593-4657-aea0-d253d14d92c1 None None] Created schema index Address_Set.name {{(pid=119444) autocreate_indices /usr/local/lib/python3.8/dist-packages/ovsdbapp/backend/ovs_idl/__init__.py:126}}
Mar 30 18:11:27 ubuntu neutron-server[119445]: DEBUG ovsdbapp.backend.ovs_idl [None req-c392791e-e627-42e4-9fc4-8fea9aa0cc0e None None] Created schema index Meter.name {{(pid=119445) autocreate_indices /usr/local/lib/python3.8/dist-packages/ovsdbapp/backend/ovs_idl/__init__.py:126}}
Mar 30 18:11:27 ubuntu neutron-server[119444]: DEBUG ovsdbapp.backend.ovs_idl [None req-3ea35d9d-6593-4657-aea0-d253d14d92c1 None None] Created schema index HA_Chassis_Group.name {{(pid=119444) autocreate_indices /usr/local/lib/python3.8/dist-packages/ovsdbapp/backend/ovs_idl/__init__.py:126}}
Mar 30 18:11:27 ubuntu neutron-server[119444]: DEBUG ovsdbapp.backend.ovs_idl [None req-3ea35d9d-6593-4657-aea0-d253d14d92c1 None None] Created schema index Connection.target {{(pid=119444) autocreate_indices /usr/local/lib/python3.8/dist-packages/ovsdbapp/backend/ovs_idl/__init__.py:126}}
Mar 30 18:11:27 ubuntu neutron-server[119445]: DEBUG ovsdbapp.backend.ovs_idl [None req-c392791e-e627-42e4-9fc4-8fea9aa0cc0e None None] Created schema index Address_Set.name {{(pid=119445) autocreate_indices /usr/local/lib/python3.8/dist-packages/ovsdbapp/backend/ovs_idl/__init__.py:126}}
Mar 30 18:11:27 ubuntu neutron-server[119444]: DEBUG ovsdbapp.backend.ovs_idl [None req-3ea35d9d-6593-4657-aea0-d253d14d92c1 None None] Created schema index Gateway_Chassis.name {{(pid=119444) autocreate_indices /usr/local/lib/python3.8/dist-packages/ovsdbapp/backend/ovs_idl/__init__.py:126}}
Mar 30 18:11:27 ubuntu neutron-server[119445]: DEBUG ovsdbapp.backend.ovs_idl [None req-c392791e-e627-42e4-9fc4-8fea9aa0cc0e None None] Created schema index HA_Chassis_Group.name {{(pid=119445) autocreate_indices /usr/local/lib/python3.8/dist-packages/ovsdbapp/backend/ovs_idl/__init__.py:126}}
Mar 30 18:11:27 ubuntu neutron-server[119444]: DEBUG ovsdbapp.backend.ovs_idl [None req-3ea35d9d-6593-4657-aea0-d253d14d92c1 None None] Created schema index Logical_Router_Port.name {{(pid=119444) autocreate_indices /usr/local/lib/python3.8/dist-packages/ovsdbapp/backend/ovs_idl/__init__.py:126}}
Mar 30 18:11:27 ubuntu neutron-server[119444]: DEBUG ovsdbapp.backend.ovs_idl [None req-3ea35d9d-6593-4657-aea0-d253d14d92c1 None None] Created schema index Port_Group.name {{(pid=119444) autocreate_indices /usr/local/lib/python3.8/dist-packages/ovsdbapp/backend/ovs_idl/__init__.py:126}}
Mar 30 18:11:27 ubuntu neutron-server[119445]: DEBUG ovsdbapp.backend.ovs_idl [None req-c392791e-e627-42e4-9fc4-8fea9aa0cc0e None None] Created schema index Connection.target {{(pid=119445) autocreate_indices /usr/local/lib/python3.8/dist-packages/ovsdbapp/backend/ovs_idl/__init__.py:126}}
Mar 30 18:11:27 ubuntu neutron-server[119444]: DEBUG ovsdbapp.backend.ovs_idl [None req-3ea35d9d-6593-4657-aea0-d253d14d92c1 None None] Created schema index Logical_Switch_Port.name {{(pid=119444) autocreate_indices /usr/local/lib/python3.8/dist-packages/ovsdbapp/backend/ovs_idl/__init__.py:126}}
Mar 30 18:11:27 ubuntu neutron-server[119445]: DEBUG ovsdbapp.backend.ovs_idl [None req-c392791e-e627-42e4-9fc4-8fea9aa0cc0e None None] Created schema index Gateway_Chassis.name {{(pid=119445) autocreate_indices /usr/local/lib/python3.8/dist-packages/ovsdbapp/backend/ovs_idl/__init__.py:126}}
Mar 30 18:11:27 ubuntu neutron-server[119444]: INFO ovsdbapp.backend.ovs_idl.vlog [None req-3ea35d9d-6593-4657-aea0-d253d14d92c1 None None] tcp:192.168.79.42:6641: connecting...
Mar 30 18:11:27 ubuntu neutron-server[119445]: DEBUG ovsdbapp.backend.ovs_idl [None req-c392791e-e627-42e4-9fc4-8fea9aa0cc0e None None] Created schema index Logical_Router_Port.name {{(pid=119445) autocreate_indices /usr/local/lib/python3.8/dist-packages/ovsdbapp/backend/ovs_idl/__init__.py:126}}
Mar 30 18:11:27 ubuntu neutron-server[119444]: INFO ovsdbapp.backend.ovs_idl.vlog [None req-3ea35d9d-6593-4657-aea0-d253d14d92c1 None None] tcp:192.168.79.42:6641: connected
Mar 30 18:11:27 ubuntu neutron-server[119445]: DEBUG ovsdbapp.backend.ovs_idl [None req-c392791e-e627-42e4-9fc4-8fea9aa0cc0e None None] Created schema index Port_Group.name {{(pid=119445) autocreate_indices /usr/local/lib/python3.8/dist-packages/ovsdbapp/backend/ovs_idl/__init__.py:126}}
Mar 30 18:11:27 ubuntu neutron-server[119445]: DEBUG ovsdbapp.backend.ovs_idl [None req-c392791e-e627-42e4-9fc4-8fea9aa0cc0e None None] Created schema index Logical_Switch_Port.name {{(pid=119445) autocreate_indices /usr/local/lib/python3.8/dist-packages/ovsdbapp/backend/ovs_idl/__init__.py:126}}
Mar 30 18:11:27 ubuntu neutron-server[119445]: INFO ovsdbapp.backend.ovs_idl.vlog [None req-c392791e-e627-42e4-9fc4-8fea9aa0cc0e None None] tcp:192.168.79.42:6641: connecting...
Mar 30 18:11:27 ubuntu neutron-server[119445]: INFO ovsdbapp.backend.ovs_idl.vlog [None req-c392791e-e627-42e4-9fc4-8fea9aa0cc0e None None] tcp:192.168.79.42:6641: connected
Mar 30 18:11:27 ubuntu neutron-server[119445]: DEBUG neutron.common.ovn.hash_ring_manager [None req-c392791e-e627-42e4-9fc4-8fea9aa0cc0e None None] Allow caching, nodes 2>=2 {{(pid=119445) _wait_startup_before_caching /opt/stack/neutron/neutron/common/ovn/hash_ring_manager.py:60}}
Mar 30 18:11:27 ubuntu neutron-server[119444]: DEBUG neutron.common.ovn.hash_ring_manager [None req-3ea35d9d-6593-4657-aea0-d253d14d92c1 None None] Allow caching, nodes 2>=2 {{(pid=119444) _wait_startup_before_caching /opt/stack/neutron/neutron/common/ovn/hash_ring_manager.py:60}}
Mar 30 18:11:27 ubuntu neutron-server[119445]: DEBUG neutron.plugins.ml2.drivers.ovn.mech_driver.ovsdb.ovsdb_monitor [None req-c392791e-e627-42e4-9fc4-8fea9aa0cc0e None None] Hash Ring: Node de6237e4-6a4c-4e62-ac85-e51f18886bbc (host: ubuntu) handling event "create" for row 04e16cd2-3a28-4710-a3f5-62d6f6c580b2 (table: Database) {{(pid=119445) notify /opt/stack/neutron/neutron/plugins/ml2/drivers/ovn/mech_driver/ovsdb/ovsdb_monitor.py:805}}
Mar 30 18:11:27 ubuntu neutron-server[119444]: DEBUG neutron.plugins.ml2.drivers.ovn.mech_driver.ovsdb.ovsdb_monitor [None req-3ea35d9d-6593-4657-aea0-d253d14d92c1 None None] Hash Ring: Node 24383b7f-1938-4779-86a9-2adb50c5b72e (host: ubuntu) handling event "create" for row 0704e38c-4d4d-4663-85ae-d181edd84114 (table: Database) {{(pid=119444) notify /opt/stack/neutron/neutron/plugins/ml2/drivers/ovn/mech_driver/ovsdb/ovsdb_monitor.py:805}}
Mar 30 18:11:27 ubuntu neutron-server[119445]: DEBUG neutron.plugins.ml2.drivers.ovn.mech_driver.ovsdb.ovsdb_monitor [None req-c392791e-e627-42e4-9fc4-8fea9aa0cc0e None None] Hash Ring: Node de6237e4-6a4c-4e62-ac85-e51f18886bbc (host: ubuntu) handling event "create" for row 89cf3f37-730e-458c-8664-6483c87434f8 (table: Port_Group) {{(pid=119445) notify /opt/stack/neutron/neutron/plugins/ml2/drivers/ovn/mech_driver/ovsdb/ovsdb_monitor.py:805}}
Mar 30 18:11:27 ubuntu neutron-server[119445]: DEBUG neutron.plugins.ml2.drivers.ovn.mech_driver.ovsdb.ovsdb_monitor [None req-c392791e-e627-42e4-9fc4-8fea9aa0cc0e None None] Hash Ring: Node de6237e4-6a4c-4e62-ac85-e51f18886bbc (host: ubuntu) handling event "create" for row 40a4df11-e740-46bd-9f42-8e8ca36f600b (table: NB_Global) {{(pid=119445) notify /opt/stack/neutron/neutron/plugins/ml2/drivers/ovn/mech_driver/ovsdb/ovsdb_monitor.py:805}}
Mar 30 18:11:27 ubuntu neutron-server[119444]: DEBUG neutron.plugins.ml2.drivers.ovn.mech_driver.ovsdb.ovsdb_monitor [None req-3ea35d9d-6593-4657-aea0-d253d14d92c1 None None] Hash Ring: Node 24383b7f-1938-4779-86a9-2adb50c5b72e (host: ubuntu) handling event "create" for row fc8bb1e0-bb41-4c69-a44d-e02512406c39 (table: ACL) {{(pid=119444) notify /opt/stack/neutron/neutron/plugins/ml2/drivers/ovn/mech_driver/ovsdb/ovsdb_monitor.py:805}}
Mar 30 18:11:27 ubuntu neutron-server[119445]: DEBUG neutron.plugins.ml2.drivers.ovn.mech_driver.ovsdb.ovsdb_monitor [None req-c392791e-e627-42e4-9fc4-8fea9aa0cc0e None None] Hash Ring: Node de6237e4-6a4c-4e62-ac85-e51f18886bbc (host: ubuntu) handling event "create" for row ff560301-7428-4905-9dd4-5d4a5c6d6efa (table: Connection) {{(pid=119445) notify /opt/stack/neutron/neutron/plugins/ml2/drivers/ovn/mech_driver/ovsdb/ovsdb_monitor.py:805}}
Mar 30 18:11:27 ubuntu neutron-server[119444]: DEBUG neutron.plugins.ml2.drivers.ovn.mech_driver.ovsdb.ovsdb_monitor [None req-3ea35d9d-6593-4657-aea0-d253d14d92c1 None None] Hash Ring: Node 24383b7f-1938-4779-86a9-2adb50c5b72e (host: ubuntu) handling event "create" for row 6ab883ae-4d98-4c16-8cbf-9ea83aefb640 (table: ACL) {{(pid=119444) notify /opt/stack/neutron/neutron/plugins/ml2/drivers/ovn/mech_driver/ovsdb/ovsdb_monitor.py:805}}
Mar 30 18:11:27 ubuntu neutron-server[119445]: INFO neutron.plugins.ml2.drivers.ovn.mech_driver.ovsdb.impl_idl_ovn [None req-c392791e-e627-42e4-9fc4-8fea9aa0cc0e None None] Getting OvsdbSbOvnIdl for WorkerService with retry
Mar 30 18:11:27 ubuntu neutron-server[119444]: INFO neutron.plugins.ml2.drivers.ovn.mech_driver.ovsdb.impl_idl_ovn [None req-3ea35d9d-6593-4657-aea0-d253d14d92c1 None None] Getting OvsdbSbOvnIdl for WorkerService with retry
Mar 30 18:11:27 ubuntu neutron-server[119234]: INFO oslo_service.service [None req-3548ed80-29e9-46a5-a4c2-55258c4f6408 None None] Starting 1 workers
Mar 30 18:11:27 ubuntu neutron-server[119444]: DEBUG ovsdbapp.backend.ovs_idl [None req-3ea35d9d-6593-4657-aea0-d253d14d92c1 None None] Created lookup_table index Chassis.name {{(pid=119444) autocreate_indices /usr/local/lib/python3.8/dist-packages/ovsdbapp/backend/ovs_idl/__init__.py:107}}
Mar 30 18:11:27 ubuntu neutron-server[119444]: DEBUG ovsdbapp.backend.ovs_idl [None req-3ea35d9d-6593-4657-aea0-d253d14d92c1 None None] Created schema index Datapath_Binding.tunnel_key {{(pid=119444) autocreate_indices /usr/local/lib/python3.8/dist-packages/ovsdbapp/backend/ovs_idl/__init__.py:126}}
Mar 30 18:11:27 ubuntu neutron-server[119444]: DEBUG ovsdbapp.backend.ovs_idl [None req-3ea35d9d-6593-4657-aea0-d253d14d92c1 None None] Created schema index Connection.target {{(pid=119444) autocreate_indices /usr/local/lib/python3.8/dist-packages/ovsdbapp/backend/ovs_idl/__init__.py:126}}
Mar 30 18:11:27 ubuntu neutron-server[119444]: INFO ovsdbapp.backend.ovs_idl.vlog [None req-3ea35d9d-6593-4657-aea0-d253d14d92c1 None None] tcp:192.168.79.42:6642: connecting...
Mar 30 18:11:27 ubuntu neutron-server[119444]: INFO ovsdbapp.backend.ovs_idl.vlog [None req-3ea35d9d-6593-4657-aea0-d253d14d92c1 None None] tcp:192.168.79.42:6642: connected
Mar 30 18:11:27 ubuntu neutron-server[119445]: DEBUG ovsdbapp.backend.ovs_idl [None req-c392791e-e627-42e4-9fc4-8fea9aa0cc0e None None] Created lookup_table index Chassis.name {{(pid=119445) autocreate_indices /usr/local/lib/python3.8/dist-packages/ovsdbapp/backend/ovs_idl/__init__.py:107}}
Mar 30 18:11:27 ubuntu neutron-server[119445]: DEBUG ovsdbapp.backend.ovs_idl [None req-c392791e-e627-42e4-9fc4-8fea9aa0cc0e None None] Created schema index Datapath_Binding.tunnel_key {{(pid=119445) autocreate_indices /usr/local/lib/python3.8/dist-packages/ovsdbapp/backend/ovs_idl/__init__.py:126}}
Mar 30 18:11:27 ubuntu neutron-server[119445]: DEBUG ovsdbapp.backend.ovs_idl [None req-c392791e-e627-42e4-9fc4-8fea9aa0cc0e None None] Created schema index Connection.target {{(pid=119445) autocreate_indices /usr/local/lib/python3.8/dist-packages/ovsdbapp/backend/ovs_idl/__init__.py:126}}
Mar 30 18:11:27 ubuntu neutron-server[119445]: INFO ovsdbapp.backend.ovs_idl.vlog [None req-c392791e-e627-42e4-9fc4-8fea9aa0cc0e None None] tcp:192.168.79.42:6642: connecting...
Mar 30 18:11:27 ubuntu neutron-server[119445]: INFO ovsdbapp.backend.ovs_idl.vlog [None req-c392791e-e627-42e4-9fc4-8fea9aa0cc0e None None] tcp:192.168.79.42:6642: connected
Mar 30 18:11:27 ubuntu neutron-server[119234]: DEBUG oslo_service.service [None req-3548ed80-29e9-46a5-a4c2-55258c4f6408 None None] Started child 119448 {{(pid=119234) _start_child /usr/local/lib/python3.8/dist-packages/oslo_service/service.py:575}}
Mar 30 18:11:27 ubuntu neutron-server[119234]: INFO oslo_service.service [None req-3548ed80-29e9-46a5-a4c2-55258c4f6408 None None] Starting 1 workers
Mar 30 18:11:27 ubuntu neutron-server[119448]: DEBUG neutron.service [None req-3548ed80-29e9-46a5-a4c2-55258c4f6408 None None] calling RpcWorker wait() {{(pid=119448) _wait /opt/stack/neutron/neutron/service.py:128}}
Mar 30 18:11:27 ubuntu neutron-server[119448]: DEBUG neutron.service [None req-3548ed80-29e9-46a5-a4c2-55258c4f6408 None None] returning from RpcWorker wait() {{(pid=119448) _wait /opt/stack/neutron/neutron/service.py:135}}
Mar 30 18:11:27 ubuntu neutron-server[119448]: DEBUG neutron_lib.callbacks.manager [-] Publish callbacks ['neutron.plugins.ml2.drivers.ovn.mech_driver.mech_driver.OVNMechanismDriver.post_fork_initialize-3621442'] for process (None), after_init {{(pid=119448) _notify_loop /usr/local/lib/python3.8/dist-packages/neutron_lib/callbacks/manager.py:176}}
Mar 30 18:11:27 ubuntu neutron-server[119234]: DEBUG oslo_service.service [None req-3548ed80-29e9-46a5-a4c2-55258c4f6408 None None] Started child 119449 {{(pid=119234) _start_child /usr/local/lib/python3.8/dist-packages/oslo_service/service.py:575}}
Mar 30 18:11:27 ubuntu neutron-server[119234]: INFO oslo_service.service [None req-3548ed80-29e9-46a5-a4c2-55258c4f6408 None None] Starting 1 workers
Mar 30 18:11:27 ubuntu neutron-server[119448]: INFO neutron.plugins.ml2.drivers.ovn.mech_driver.ovsdb.impl_idl_ovn [-] Getting OvsdbNbOvnIdl for RpcWorker with retry
Mar 30 18:11:27 ubuntu neutron-server[119234]: DEBUG oslo_service.service [None req-3548ed80-29e9-46a5-a4c2-55258c4f6408 None None] Started child 119450 {{(pid=119234) _start_child /usr/local/lib/python3.8/dist-packages/oslo_service/service.py:575}}
Mar 30 18:11:27 ubuntu neutron-server[119234]: DEBUG neutron_lib.callbacks.manager [None req-3548ed80-29e9-46a5-a4c2-55258c4f6408 None None] Publish callbacks [] for process (None), after_spawn {{(pid=119234) _notify_loop /usr/local/lib/python3.8/dist-packages/neutron_lib/callbacks/manager.py:176}}
Mar 30 18:11:27 ubuntu neutron-server[119234]: DEBUG oslo_service.service [-] Full set of CONF: {{(pid=119234) wait /usr/local/lib/python3.8/dist-packages/oslo_service/service.py:649}}
Mar 30 18:11:27 ubuntu neutron-server[119234]: DEBUG oslo_service.service [-] ******************************************************************************** {{(pid=119234) log_opt_values /usr/local/lib/python3.8/dist-packages/oslo_config/cfg.py:2589}}
Mar 30 18:11:27 ubuntu neutron-server[119234]: DEBUG oslo_service.service [-] Configuration options gathered from: {{(pid=119234) log_opt_values /usr/local/lib/python3.8/dist-packages/oslo_config/cfg.py:2590}}
Mar 30 18:11:27 ubuntu neutron-server[119234]: DEBUG oslo_service.service [-] command line args: ['--config-file', '/etc/neutron/neutron.conf', '--config-file', '/etc/neutron/plugins/ml2/ml2_conf.ini'] {{(pid=119234) log_opt_values /usr/local/lib/python3.8/dist-packages/oslo_config/cfg.py:2591}}
Mar 30 18:11:27 ubuntu neutron-server[119234]: DEBUG oslo_service.service [-] config files: ['/etc/neutron/neutron.conf', '/etc/neutron/plugins/ml2/ml2_conf.ini'] {{(pid=119234) log_opt_values /usr/local/lib/python3.8/dist-packages/oslo_config/cfg.py:2592}}
Mar 30 18:11:27 ubuntu neutron-server[119234]: DEBUG oslo_service.service [-] ================================================================================ {{(pid=119234) log_opt_values /usr/local/lib/python3.8/dist-packages/oslo_config/cfg.py:2594}}
Mar 30 18:11:27 ubuntu neutron-server[119234]: DEBUG oslo_service.service [-] agent_down_time                = 75 {{(pid=119234) log_opt_values /usr/local/lib/python3.8/dist-packages/oslo_config/cfg.py:2602}}
Mar 30 18:11:27 ubuntu neutron-server[119234]: DEBUG oslo_service.service [-] allow_automatic_dhcp_failover  = True {{(pid=119234) log_opt_values /usr/local/lib/python3.8/dist-packages/oslo_config/cfg.py:2602}}
Mar 30 18:11:27 ubuntu neutron-server[119234]: DEBUG oslo_service.service [-] allow_bulk                     = True {{(pid=119234) log_opt_values /usr/local/lib/python3.8/dist-packages/oslo_config/cfg.py:2602}}
Mar 30 18:11:27 ubuntu neutron-server[119234]: DEBUG oslo_service.service [-] allow_overlapping_ips          = True {{(pid=119234) log_opt_values /usr/local/lib/python3.8/dist-packages/oslo_config/cfg.py:2602}}
Mar 30 18:11:27 ubuntu neutron-server[119449]: DEBUG neutron_lib.callbacks.manager [-] Publish callbacks ['neutron.plugins.ml2.drivers.ovn.mech_driver.mech_driver.OVNMechanismDriver.post_fork_initialize-3621442'] for process (None), after_init {{(pid=119449) _notify_loop /usr/local/lib/python3.8/dist-packages/neutron_lib/callbacks/manager.py:176}}
Mar 30 18:11:27 ubuntu neutron-server[119234]: DEBUG oslo_service.service [-] allowed_conntrack_helpers      = [{'amanda': 'tcp'}, {'ftp': 'tcp'}, {'h323': 'udp'}, {'h323': 'tcp'}, {'irc': 'tcp'}, {'netbios-ns': 'udp'}, {'pptp': 'tcp'}, {'sane': 'tcp'}, {'sip': 'udp'}, {'sip': 'tcp'}, {'snmp': 'udp'}, {'tftp': 'udp'}] {{(pid=119234) log_opt_values /usr/local/lib/python3.8/dist-packages/oslo_config/cfg.py:2602}}
Mar 30 18:11:27 ubuntu neutron-server[119234]: DEBUG oslo_service.service [-] api_extensions_path            =  {{(pid=119234) log_opt_values /usr/local/lib/python3.8/dist-packages/oslo_config/cfg.py:2602}}
Mar 30 18:11:27 ubuntu neutron-server[119234]: DEBUG oslo_service.service [-] api_paste_config               = api-paste.ini {{(pid=119234) log_opt_values /usr/local/lib/python3.8/dist-packages/oslo_config/cfg.py:2602}}
Mar 30 18:11:27 ubuntu neutron-server[119234]: DEBUG oslo_service.service [-] api_workers                    = 2 {{(pid=119234) log_opt_values /usr/local/lib/python3.8/dist-packages/oslo_config/cfg.py:2602}}
Mar 30 18:11:27 ubuntu neutron-server[119234]: DEBUG oslo_service.service [-] auth_strategy                  = keystone {{(pid=119234) log_opt_values /usr/local/lib/python3.8/dist-packages/oslo_config/cfg.py:2602}}
Mar 30 18:11:27 ubuntu neutron-server[119234]: DEBUG oslo_service.service [-] backdoor_port                  = None {{(pid=119234) log_opt_values /usr/local/lib/python3.8/dist-packages/oslo_config/cfg.py:2602}}
Mar 30 18:11:27 ubuntu neutron-server[119234]: DEBUG oslo_service.service [-] backdoor_socket                = None {{(pid=119234) log_opt_values /usr/local/lib/python3.8/dist-packages/oslo_config/cfg.py:2602}}
Mar 30 18:11:27 ubuntu neutron-server[119234]: DEBUG oslo_service.service [-] backlog                        = 4096 {{(pid=119234) log_opt_values /usr/local/lib/python3.8/dist-packages/oslo_config/cfg.py:2602}}
Mar 30 18:11:27 ubuntu neutron-server[119234]: DEBUG oslo_service.service [-] base_mac                       = fa:16:3e:00:00:00 {{(pid=119234) log_opt_values /usr/local/lib/python3.8/dist-packages/oslo_config/cfg.py:2602}}
Mar 30 18:11:27 ubuntu neutron-server[119234]: DEBUG oslo_service.service [-] bind_host                      = 0.0.0.0 {{(pid=119234) log_opt_values /usr/local/lib/python3.8/dist-packages/oslo_config/cfg.py:2602}}
Mar 30 18:11:27 ubuntu neutron-server[119450]: DEBUG neutron_lib.callbacks.manager [-] Publish callbacks ['neutron.plugins.ml2.drivers.ovn.mech_driver.mech_driver.OVNMechanismDriver.post_fork_initialize-3621442'] for process (None), after_init {{(pid=119450) _notify_loop /usr/local/lib/python3.8/dist-packages/neutron_lib/callbacks/manager.py:176}}
Mar 30 18:11:27 ubuntu neutron-server[119234]: DEBUG oslo_service.service [-] bind_port                      = 9696 {{(pid=119234) log_opt_values /usr/local/lib/python3.8/dist-packages/oslo_config/cfg.py:2602}}
Mar 30 18:11:27 ubuntu neutron-server[119234]: DEBUG oslo_service.service [-] client_socket_timeout          = 900 {{(pid=119234) log_opt_values /usr/local/lib/python3.8/dist-packages/oslo_config/cfg.py:2602}}
Mar 30 18:11:27 ubuntu neutron-server[119234]: DEBUG oslo_service.service [-] config_dir                     = [] {{(pid=119234) log_opt_values /usr/local/lib/python3.8/dist-packages/oslo_config/cfg.py:2602}}
Mar 30 18:11:27 ubuntu neutron-server[119234]: DEBUG oslo_service.service [-] config_file                    = ['/etc/neutron/neutron.conf', '/etc/neutron/plugins/ml2/ml2_conf.ini'] {{(pid=119234) log_opt_values /usr/local/lib/python3.8/dist-packages/oslo_config/cfg.py:2602}}
Mar 30 18:11:27 ubuntu neutron-server[119234]: DEBUG oslo_service.service [-] config_source                  = [] {{(pid=119234) log_opt_values /usr/local/lib/python3.8/dist-packages/oslo_config/cfg.py:2602}}
Mar 30 18:11:27 ubuntu neutron-server[119234]: DEBUG oslo_service.service [-] control_exchange               = neutron {{(pid=119234) log_opt_values /usr/local/lib/python3.8/dist-packages/oslo_config/cfg.py:2602}}
