Jul 11 15:20:09 ubuntu neutron-server[128424]: DEBUG neutron.api.extensions [None req-49405c2f-9ee1-4f71-9419-4e529b7a1840 None None] Ext name="Trunk port details" alias="trunk-details" description="Expose trunk port details" updated="2016-01-01T10:00:00-00:00" {{(pid=128424) _check_extension /opt/stack/neutron/neutron/api/extensions.py:416}}
Jul 11 15:20:09 ubuntu neutron-server[128424]: INFO neutron.api.extensions [None req-49405c2f-9ee1-4f71-9419-4e529b7a1840 None None] Extension trunk-details not supported by any of loaded plugins
Jul 11 15:20:09 ubuntu neutron-server[128424]: DEBUG neutron.api.extensions [None req-49405c2f-9ee1-4f71-9419-4e529b7a1840 None None] Loading extension file: uplink_status_propagation.py {{(pid=128424) _load_all_extensions_from_path /opt/stack/neutron/neutron/api/extensions.py:450}}
Jul 11 15:20:09 ubuntu neutron-server[128424]: DEBUG neutron.api.extensions [None req-49405c2f-9ee1-4f71-9419-4e529b7a1840 None None] Ext name="Uplink status propagation extension" alias="uplink-status-propagation" description="Provides ability to propagate port uplink status." updated="2018-05-31T18:00:00-00:00" {{(pid=128424) _check_extension /opt/stack/neutron/neutron/api/extensions.py:416}}
Jul 11 15:20:09 ubuntu neutron-server[128424]: INFO neutron.api.extensions [None req-49405c2f-9ee1-4f71-9419-4e529b7a1840 None None] Extension uplink-status-propagation not supported by any of loaded plugins
Jul 11 15:20:09 ubuntu neutron-server[128424]: DEBUG neutron.api.extensions [None req-49405c2f-9ee1-4f71-9419-4e529b7a1840 None None] Loading extension file: vlantransparent.py {{(pid=128424) _load_all_extensions_from_path /opt/stack/neutron/neutron/api/extensions.py:450}}
Jul 11 15:20:09 ubuntu neutron-server[128424]: DEBUG neutron.api.extensions [None req-49405c2f-9ee1-4f71-9419-4e529b7a1840 None None] Ext name="Vlantransparent" alias="vlan-transparent" description="Provides Vlan Transparent Networks" updated="2015-03-23T09:00:00-00:00" {{(pid=128424) _check_extension /opt/stack/neutron/neutron/api/extensions.py:416}}
Jul 11 15:20:09 ubuntu neutron-server[128424]: INFO neutron.api.extensions [None req-49405c2f-9ee1-4f71-9419-4e529b7a1840 None None] Extension vlan-transparent not supported by any of loaded plugins
Jul 11 15:20:09 ubuntu neutron-server[128424]: INFO neutron.quota.resource_registry [None req-49405c2f-9ee1-4f71-9419-4e529b7a1840 None None] Creating instance of TrackedResource for resource:network
Jul 11 15:20:09 ubuntu neutron-server[128424]: INFO neutron.quota.resource_registry [None req-49405c2f-9ee1-4f71-9419-4e529b7a1840 None None] Creating instance of TrackedResource for resource:subnet
Jul 11 15:20:09 ubuntu neutron-server[128424]: INFO neutron.quota.resource_registry [None req-49405c2f-9ee1-4f71-9419-4e529b7a1840 None None] Creating instance of TrackedResource for resource:subnetpool
Jul 11 15:20:09 ubuntu neutron-server[128424]: INFO neutron.quota.resource_registry [None req-49405c2f-9ee1-4f71-9419-4e529b7a1840 None None] Creating instance of TrackedResource for resource:port
Jul 11 15:20:09 ubuntu neutron-server[128424]: DEBUG neutron.api.v2.resource_helper [None req-49405c2f-9ee1-4f71-9419-4e529b7a1840 None None] Service FLAVORS assigned prefix:  {{(pid=128424) build_resource_info /opt/stack/neutron/neutron/api/v2/resource_helper.py:77}}
Jul 11 15:20:09 ubuntu neutron-server[128424]: DEBUG neutron.api.v2.resource_helper [None req-49405c2f-9ee1-4f71-9419-4e529b7a1840 None None] Service L3_ROUTER_NAT assigned prefix:  {{(pid=128424) build_resource_info /opt/stack/neutron/neutron/api/v2/resource_helper.py:77}}
Jul 11 15:20:09 ubuntu neutron-server[128424]: DEBUG neutron.api.v2.resource_helper [None req-49405c2f-9ee1-4f71-9419-4e529b7a1840 None None] Service L3_ROUTER_NAT assigned prefix:  {{(pid=128424) build_resource_info /opt/stack/neutron/neutron/api/v2/resource_helper.py:77}}
Jul 11 15:20:09 ubuntu neutron-server[128424]: INFO neutron.quota.resource_registry [None req-49405c2f-9ee1-4f71-9419-4e529b7a1840 None None] Creating instance of TrackedResource for resource:router
Jul 11 15:20:09 ubuntu neutron-server[128424]: INFO neutron.quota.resource_registry [None req-49405c2f-9ee1-4f71-9419-4e529b7a1840 None None] Creating instance of TrackedResource for resource:floatingip
Jul 11 15:20:09 ubuntu neutron-server[128424]: DEBUG neutron_lib.callbacks.manager [None req-49405c2f-9ee1-4f71-9419-4e529b7a1840 None None] Subscribe: <bound method NeutronDbPluginV2.validate_network_rbac_policy_change of <neutron.services.network_ip_availability.plugin.NetworkIPAvailabilityPlugin object at 0x7fab202ddfd0>> rbac-policy before_create 55550000 {{(pid=128424) subscribe /usr/local/lib/python3.8/dist-packages/neutron_lib/callbacks/manager.py:45}}
Jul 11 15:20:09 ubuntu neutron-server[128424]: DEBUG neutron_lib.callbacks.manager [None req-49405c2f-9ee1-4f71-9419-4e529b7a1840 None None] Subscribe: <bound method NeutronDbPluginV2.validate_network_rbac_policy_change of <neutron.services.network_ip_availability.plugin.NetworkIPAvailabilityPlugin object at 0x7fab202ddfd0>> rbac-policy before_update 55550000 {{(pid=128424) subscribe /usr/local/lib/python3.8/dist-packages/neutron_lib/callbacks/manager.py:45}}
Jul 11 15:20:09 ubuntu neutron-server[128424]: DEBUG neutron_lib.callbacks.manager [None req-49405c2f-9ee1-4f71-9419-4e529b7a1840 None None] Subscribe: <bound method NeutronDbPluginV2.validate_network_rbac_policy_change of <neutron.services.network_ip_availability.plugin.NetworkIPAvailabilityPlugin object at 0x7fab202ddfd0>> rbac-policy before_delete 55550000 {{(pid=128424) subscribe /usr/local/lib/python3.8/dist-packages/neutron_lib/callbacks/manager.py:45}}
Jul 11 15:20:09 ubuntu neutron-server[128424]: INFO neutron.quota.resource_registry [None req-49405c2f-9ee1-4f71-9419-4e529b7a1840 None None] Creating instance of CountableResource for resource:rbac_policy
Jul 11 15:20:09 ubuntu neutron-server[128424]: INFO neutron.quota.resource_registry [None req-49405c2f-9ee1-4f71-9419-4e529b7a1840 None None] Creating instance of TrackedResource for resource:security_group
Jul 11 15:20:09 ubuntu neutron-server[128424]: INFO neutron.quota.resource_registry [None req-49405c2f-9ee1-4f71-9419-4e529b7a1840 None None] Creating instance of TrackedResource for resource:security_group_rule
Jul 11 15:20:09 ubuntu neutron-server[128424]: DEBUG neutron.api.v2.resource_helper [None req-49405c2f-9ee1-4f71-9419-4e529b7a1840 None None] Service FLAVORS assigned prefix:  {{(pid=128424) build_resource_info /opt/stack/neutron/neutron/api/v2/resource_helper.py:77}}
Jul 11 15:20:09 ubuntu neutron-server[128424]: DEBUG neutron.api.v2.resource_helper [None req-49405c2f-9ee1-4f71-9419-4e529b7a1840 None None] Service L3_ROUTER_NAT assigned prefix:  {{(pid=128424) build_resource_info /opt/stack/neutron/neutron/api/v2/resource_helper.py:77}}
Jul 11 15:20:09 ubuntu neutron-server[128424]: DEBUG neutron.api.v2.resource_helper [None req-49405c2f-9ee1-4f71-9419-4e529b7a1840 None None] Service L3_ROUTER_NAT assigned prefix:  {{(pid=128424) build_resource_info /opt/stack/neutron/neutron/api/v2/resource_helper.py:77}}
Jul 11 15:20:09 ubuntu neutron-server[128424]: INFO neutron.quota.resource_registry [None req-49405c2f-9ee1-4f71-9419-4e529b7a1840 None None] Creating instance of TrackedResource for resource:router
Jul 11 15:20:09 ubuntu neutron-server[128424]: WARNING neutron.quota.resource_registry [None req-49405c2f-9ee1-4f71-9419-4e529b7a1840 None None] router is already registered
Jul 11 15:20:09 ubuntu neutron-server[128424]: INFO neutron.quota.resource_registry [None req-49405c2f-9ee1-4f71-9419-4e529b7a1840 None None] Creating instance of TrackedResource for resource:floatingip
Jul 11 15:20:09 ubuntu neutron-server[128424]: WARNING neutron.quota.resource_registry [None req-49405c2f-9ee1-4f71-9419-4e529b7a1840 None None] floatingip is already registered
Jul 11 15:20:09 ubuntu neutron-server[128424]: INFO neutron.quota.resource_registry [None req-49405c2f-9ee1-4f71-9419-4e529b7a1840 None None] Creating instance of CountableResource for resource:rbac_policy
Jul 11 15:20:09 ubuntu neutron-server[128424]: WARNING neutron.quota.resource_registry [None req-49405c2f-9ee1-4f71-9419-4e529b7a1840 None None] rbac_policy is already registered
Jul 11 15:20:09 ubuntu neutron-server[128424]: INFO neutron.quota.resource_registry [None req-49405c2f-9ee1-4f71-9419-4e529b7a1840 None None] Creating instance of TrackedResource for resource:security_group
Jul 11 15:20:09 ubuntu neutron-server[128424]: WARNING neutron.quota.resource_registry [None req-49405c2f-9ee1-4f71-9419-4e529b7a1840 None None] security_group is already registered
Jul 11 15:20:09 ubuntu neutron-server[128424]: INFO neutron.quota.resource_registry [None req-49405c2f-9ee1-4f71-9419-4e529b7a1840 None None] Creating instance of TrackedResource for resource:security_group_rule
Jul 11 15:20:09 ubuntu neutron-server[128424]: WARNING neutron.quota.resource_registry [None req-49405c2f-9ee1-4f71-9419-4e529b7a1840 None None] security_group_rule is already registered
Jul 11 15:20:09 ubuntu neutron-server[128424]: DEBUG neutron.api.extensions [None req-49405c2f-9ee1-4f71-9419-4e529b7a1840 None None] Extended resource: extensions {{(pid=128424) __init__ /opt/stack/neutron/neutron/api/extensions.py:157}}
Jul 11 15:20:09 ubuntu neutron-server[128424]: DEBUG neutron.api.extensions [None req-49405c2f-9ee1-4f71-9419-4e529b7a1840 None None] Extended resource: address-groups {{(pid=128424) __init__ /opt/stack/neutron/neutron/api/extensions.py:157}}
Jul 11 15:20:09 ubuntu neutron-server[128424]: DEBUG neutron.api.extensions [None req-49405c2f-9ee1-4f71-9419-4e529b7a1840 None None] Extended resource: address-scopes {{(pid=128424) __init__ /opt/stack/neutron/neutron/api/extensions.py:157}}
Jul 11 15:20:09 ubuntu neutron-server[128424]: DEBUG neutron.api.extensions [None req-49405c2f-9ee1-4f71-9419-4e529b7a1840 None None] Extended resource: agents {{(pid=128424) __init__ /opt/stack/neutron/neutron/api/extensions.py:157}}
Jul 11 15:20:09 ubuntu neutron-server[128424]: DEBUG neutron.api.extensions [None req-49405c2f-9ee1-4f71-9419-4e529b7a1840 None None] Extended resource: auto-allocated-topology {{(pid=128424) __init__ /opt/stack/neutron/neutron/api/extensions.py:157}}
Jul 11 15:20:09 ubuntu neutron-server[128424]: DEBUG neutron.api.extensions [None req-49405c2f-9ee1-4f71-9419-4e529b7a1840 None None] Extended resource: availability_zones {{(pid=128424) __init__ /opt/stack/neutron/neutron/api/extensions.py:157}}
Jul 11 15:20:09 ubuntu neutron-server[128424]: DEBUG neutron.api.extensions [None req-49405c2f-9ee1-4f71-9419-4e529b7a1840 None None] Extended resource: flavors {{(pid=128424) __init__ /opt/stack/neutron/neutron/api/extensions.py:157}}
Jul 11 15:20:09 ubuntu neutron-server[128424]: DEBUG neutron.api.extensions [None req-49405c2f-9ee1-4f71-9419-4e529b7a1840 None None] Extended resource: service_profiles {{(pid=128424) __init__ /opt/stack/neutron/neutron/api/extensions.py:157}}
Jul 11 15:20:09 ubuntu neutron-server[128424]: DEBUG neutron.api.extensions [None req-49405c2f-9ee1-4f71-9419-4e529b7a1840 None None] Extended resource: next_providers {{(pid=128424) __init__ /opt/stack/neutron/neutron/api/extensions.py:157}}
Jul 11 15:20:09 ubuntu neutron-server[128424]: DEBUG neutron.api.extensions [None req-49405c2f-9ee1-4f71-9419-4e529b7a1840 None None] Extended resource: service_profiles {{(pid=128424) __init__ /opt/stack/neutron/neutron/api/extensions.py:157}}
Jul 11 15:20:09 ubuntu neutron-server[128424]: DEBUG neutron.api.extensions [None req-49405c2f-9ee1-4f71-9419-4e529b7a1840 None None] Extended resource: floatingip-pools {{(pid=128424) __init__ /opt/stack/neutron/neutron/api/extensions.py:157}}
Jul 11 15:20:09 ubuntu neutron-server[128424]: DEBUG neutron.api.extensions [None req-49405c2f-9ee1-4f71-9419-4e529b7a1840 None None] Extended resource: routers {{(pid=128424) __init__ /opt/stack/neutron/neutron/api/extensions.py:157}}
Jul 11 15:20:09 ubuntu neutron-server[128424]: DEBUG neutron.api.extensions [None req-49405c2f-9ee1-4f71-9419-4e529b7a1840 None None] Extended resource: floatingips {{(pid=128424) __init__ /opt/stack/neutron/neutron/api/extensions.py:157}}
Jul 11 15:20:09 ubuntu neutron-server[128424]: DEBUG neutron.api.extensions [None req-49405c2f-9ee1-4f71-9419-4e529b7a1840 None None] Extended resource: network-ip-availabilities {{(pid=128424) __init__ /opt/stack/neutron/neutron/api/extensions.py:157}}
Jul 11 15:20:09 ubuntu neutron-server[128424]: DEBUG neutron.api.extensions [None req-49405c2f-9ee1-4f71-9419-4e529b7a1840 None None] Extended resource: bindings {{(pid=128424) __init__ /opt/stack/neutron/neutron/api/extensions.py:157}}
Jul 11 15:20:09 ubuntu neutron-server[128424]: DEBUG neutron.api.extensions [None req-49405c2f-9ee1-4f71-9419-4e529b7a1840 None None] Extended resource: quotas {{(pid=128424) __init__ /opt/stack/neutron/neutron/api/extensions.py:157}}
Jul 11 15:20:09 ubuntu neutron-server[128424]: DEBUG neutron.api.extensions [None req-49405c2f-9ee1-4f71-9419-4e529b7a1840 None None] Extended resource: quotas {{(pid=128424) __init__ /opt/stack/neutron/neutron/api/extensions.py:157}}
Jul 11 15:20:09 ubuntu neutron-server[128424]: DEBUG neutron.api.extensions [None req-49405c2f-9ee1-4f71-9419-4e529b7a1840 None None] Extended resource: rbac-policies {{(pid=128424) __init__ /opt/stack/neutron/neutron/api/extensions.py:157}}
Jul 11 15:20:09 ubuntu neutron-server[128424]: DEBUG neutron.api.extensions [None req-49405c2f-9ee1-4f71-9419-4e529b7a1840 None None] Extended resource: security-groups {{(pid=128424) __init__ /opt/stack/neutron/neutron/api/extensions.py:157}}
Jul 11 15:20:09 ubuntu neutron-server[128424]: DEBUG neutron.api.extensions [None req-49405c2f-9ee1-4f71-9419-4e529b7a1840 None None] Extended resource: security-group-rules {{(pid=128424) __init__ /opt/stack/neutron/neutron/api/extensions.py:157}}
Jul 11 15:20:09 ubuntu neutron-server[128424]: DEBUG neutron.api.extensions [None req-49405c2f-9ee1-4f71-9419-4e529b7a1840 None None] Extended resource: service-providers {{(pid=128424) __init__ /opt/stack/neutron/neutron/api/extensions.py:157}}
Jul 11 15:20:09 ubuntu neutron-server[128424]: DEBUG neutron.api.extensions [None req-49405c2f-9ee1-4f71-9419-4e529b7a1840 None None] Extended resource: tags {{(pid=128424) __init__ /opt/stack/neutron/neutron/api/extensions.py:157}}
Jul 11 15:20:09 ubuntu neutron-server[128424]: DEBUG neutron.api.extensions [None req-49405c2f-9ee1-4f71-9419-4e529b7a1840 None None] Extended resource: tags {{(pid=128424) __init__ /opt/stack/neutron/neutron/api/extensions.py:157}}
Jul 11 15:20:09 ubuntu neutron-server[128424]: DEBUG neutron.api.extensions [None req-49405c2f-9ee1-4f71-9419-4e529b7a1840 None None] Extended resource: tags {{(pid=128424) __init__ /opt/stack/neutron/neutron/api/extensions.py:157}}
Jul 11 15:20:09 ubuntu neutron-server[128424]: DEBUG neutron.api.extensions [None req-49405c2f-9ee1-4f71-9419-4e529b7a1840 None None] Extended resource: tags {{(pid=128424) __init__ /opt/stack/neutron/neutron/api/extensions.py:157}}
Jul 11 15:20:09 ubuntu neutron-server[128424]: DEBUG neutron.api.extensions [None req-49405c2f-9ee1-4f71-9419-4e529b7a1840 None None] Extended resource: tags {{(pid=128424) __init__ /opt/stack/neutron/neutron/api/extensions.py:157}}
Jul 11 15:20:09 ubuntu neutron-server[128424]: DEBUG neutron.api.extensions [None req-49405c2f-9ee1-4f71-9419-4e529b7a1840 None None] Extended resource: tags {{(pid=128424) __init__ /opt/stack/neutron/neutron/api/extensions.py:157}}
Jul 11 15:20:09 ubuntu neutron-server[128424]: DEBUG neutron.api.extensions [None req-49405c2f-9ee1-4f71-9419-4e529b7a1840 None None] Extended resource: tags {{(pid=128424) __init__ /opt/stack/neutron/neutron/api/extensions.py:157}}
Jul 11 15:20:09 ubuntu neutron-server[128424]: DEBUG neutron.api.extensions [None req-49405c2f-9ee1-4f71-9419-4e529b7a1840 None None] Extended resource: tags {{(pid=128424) __init__ /opt/stack/neutron/neutron/api/extensions.py:157}}
Jul 11 15:20:09 ubuntu neutron-server[128424]: DEBUG neutron.api.extensions [None req-49405c2f-9ee1-4f71-9419-4e529b7a1840 None None] Extended resource: tags {{(pid=128424) __init__ /opt/stack/neutron/neutron/api/extensions.py:157}}
Jul 11 15:20:09 ubuntu neutron-server[128424]: DEBUG neutron.api.extensions [None req-49405c2f-9ee1-4f71-9419-4e529b7a1840 None None] Extended resource: tags {{(pid=128424) __init__ /opt/stack/neutron/neutron/api/extensions.py:157}}
Jul 11 15:20:09 ubuntu neutron-server[128424]: WARNING keystonemiddleware.auth_token [None req-49405c2f-9ee1-4f71-9419-4e529b7a1840 None None] AuthToken middleware is set with keystone_authtoken.service_token_roles_required set to False. This is backwards compatible but deprecated behaviour. Please set this to True.
Jul 11 15:20:09 ubuntu neutron-server[128424]: WARNING keystonemiddleware.auth_token [None req-49405c2f-9ee1-4f71-9419-4e529b7a1840 None None] Configuring www_authenticate_uri to point to the public identity endpoint is required; clients may not be able to authenticate against an admin endpoint
Jul 11 15:20:09 ubuntu neutron-server[128424]: DEBUG oslo_concurrency.lockutils [None req-49405c2f-9ee1-4f71-9419-4e529b7a1840 None None] Acquired lock "singleton_lock" {{(pid=128424) lock /usr/local/lib/python3.8/dist-packages/oslo_concurrency/lockutils.py:294}}
Jul 11 15:20:09 ubuntu neutron-server[128424]: DEBUG oslo_concurrency.lockutils [None req-49405c2f-9ee1-4f71-9419-4e529b7a1840 None None] Releasing lock "singleton_lock" {{(pid=128424) lock /usr/local/lib/python3.8/dist-packages/oslo_concurrency/lockutils.py:312}}
Jul 11 15:20:09 ubuntu neutron-server[128424]: INFO oslo_service.service [None req-49405c2f-9ee1-4f71-9419-4e529b7a1840 None None] Starting 2 workers
Jul 11 15:20:09 ubuntu neutron-server[128424]: DEBUG oslo_service.service [None req-49405c2f-9ee1-4f71-9419-4e529b7a1840 None None] Started child 128669 {{(pid=128424) _start_child /usr/local/lib/python3.8/dist-packages/oslo_service/service.py:575}}
Jul 11 15:20:09 ubuntu neutron-server[128424]: DEBUG oslo_service.service [None req-49405c2f-9ee1-4f71-9419-4e529b7a1840 None None] Started child 128670 {{(pid=128424) _start_child /usr/local/lib/python3.8/dist-packages/oslo_service/service.py:575}}
Jul 11 15:20:09 ubuntu neutron-server[128669]: DEBUG neutron_lib.callbacks.manager [-] Publish callbacks ['neutron.plugins.ml2.drivers.ovn.mech_driver.mech_driver.OVNMechanismDriver.post_fork_initialize-429884'] for process (None), after_init {{(pid=128669) _notify_loop /usr/local/lib/python3.8/dist-packages/neutron_lib/callbacks/manager.py:176}}
Jul 11 15:20:09 ubuntu neutron-server[128424]: INFO neutron.service [None req-49405c2f-9ee1-4f71-9419-4e529b7a1840 None None] Neutron service started, listening on 0.0.0.0:9696
Jul 11 15:20:09 ubuntu neutron-server[128424]: DEBUG neutron_lib.callbacks.manager [None req-49405c2f-9ee1-4f71-9419-4e529b7a1840 None None] Publish callbacks ['neutron.plugins.ml2.drivers.ovn.mech_driver.mech_driver.OVNMechanismDriver.pre_fork_initialize-429848'] for process (None), before_spawn {{(pid=128424) _notify_loop /usr/local/lib/python3.8/dist-packages/neutron_lib/callbacks/manager.py:176}}
Jul 11 15:20:09 ubuntu neutron-server[128670]: DEBUG neutron_lib.callbacks.manager [-] Publish callbacks ['neutron.plugins.ml2.drivers.ovn.mech_driver.mech_driver.OVNMechanismDriver.post_fork_initialize-429884'] for process (None), after_init {{(pid=128670) _notify_loop /usr/local/lib/python3.8/dist-packages/neutron_lib/callbacks/manager.py:176}}
Jul 11 15:20:09 ubuntu neutron-server[128669]: DEBUG dbcounter [-] [128669] Writer thread running {{(pid=128669) stat_writer /usr/local/lib/python3.8/dist-packages/dbcounter.py:99}}
Jul 11 15:20:09 ubuntu neutron-server[128670]: DEBUG dbcounter [-] [128670] Writer thread running {{(pid=128670) stat_writer /usr/local/lib/python3.8/dist-packages/dbcounter.py:99}}
Jul 11 15:20:09 ubuntu neutron-server[128424]: DEBUG ovsdbapp.backend.ovs_idl [None req-49405c2f-9ee1-4f71-9419-4e529b7a1840 None None] Created schema index Port_Group.name {{(pid=128424) autocreate_indices /usr/local/lib/python3.8/dist-packages/ovsdbapp/backend/ovs_idl/__init__.py:104}}
Jul 11 15:20:09 ubuntu neutron-server[128424]: DEBUG ovsdbapp.backend.ovs_idl [None req-49405c2f-9ee1-4f71-9419-4e529b7a1840 None None] Created schema index Logical_Switch_Port.name {{(pid=128424) autocreate_indices /usr/local/lib/python3.8/dist-packages/ovsdbapp/backend/ovs_idl/__init__.py:104}}
Jul 11 15:20:09 ubuntu neutron-server[128669]: INFO neutron.plugins.ml2.drivers.ovn.mech_driver.ovsdb.impl_idl_ovn [None req-95d8066e-e87c-48c0-8c64-98c424f7cee3 None None] Getting OvsdbNbOvnIdl for WorkerService with retry
Jul 11 15:20:09 ubuntu neutron-server[128670]: INFO neutron.plugins.ml2.drivers.ovn.mech_driver.ovsdb.impl_idl_ovn [None req-4822717d-1463-4ab7-8b0d-5d4e72ffca85 None None] Getting OvsdbNbOvnIdl for WorkerService with retry
Jul 11 15:20:09 ubuntu neutron-server[128424]: DEBUG ovsdbapp.backend.ovs_idl.transaction [-] Running txn n=1 command(idx=0): PgAddCommand(name=neutron_pg_drop, may_exist=True, columns={'acls': []}) {{(pid=128424) do_commit /usr/local/lib/python3.8/dist-packages/ovsdbapp/backend/ovs_idl/transaction.py:90}}
Jul 11 15:20:09 ubuntu neutron-server[128424]: DEBUG ovsdbapp.backend.ovs_idl.transaction [-] Running txn n=1 command(idx=1): PgAclAddCommand(entity=neutron_pg_drop, direction=from-lport, priority=1001, match=inport == @neutron_pg_drop && ip, action=drop, log=False, may_exist=True, severity=[], name=[], meter=None, external_ids={}) {{(pid=128424) do_commit /usr/local/lib/python3.8/dist-packages/ovsdbapp/backend/ovs_idl/transaction.py:90}}
Jul 11 15:20:09 ubuntu neutron-server[128424]: DEBUG ovsdbapp.backend.ovs_idl.transaction [-] Running txn n=1 command(idx=2): PgAclAddCommand(entity=neutron_pg_drop, direction=to-lport, priority=1001, match=outport == @neutron_pg_drop && ip, action=drop, log=False, may_exist=True, severity=[], name=[], meter=None, external_ids={}) {{(pid=128424) do_commit /usr/local/lib/python3.8/dist-packages/ovsdbapp/backend/ovs_idl/transaction.py:90}}
Jul 11 15:20:09 ubuntu neutron-server[128424]: DEBUG ovsdbapp.backend.ovs_idl.event [-] Matched CREATE: NeutronPgDropPortGroupCreated(events=('create',), table='Port_Group', conditions=(('name', '=', 'neutron_pg_drop'),), old_conditions=None), priority=10 to row=Port_Group(name=neutron_pg_drop, ports=[], external_ids={}, acls=[<ovs.db.idl.Row object at 0x7fab1fae38e0>, <ovs.db.idl.Row object at 0x7fab1fae3250>]) old= {{(pid=128424) matches /usr/local/lib/python3.8/dist-packages/ovsdbapp/backend/ovs_idl/event.py:43}}
Jul 11 15:20:09 ubuntu neutron-server[128669]: DEBUG ovsdbapp.backend.ovs_idl [None req-95d8066e-e87c-48c0-8c64-98c424f7cee3 None None] Created lookup_table index Logical_Switch.name {{(pid=128669) autocreate_indices /usr/local/lib/python3.8/dist-packages/ovsdbapp/backend/ovs_idl/__init__.py:85}}
Jul 11 15:20:09 ubuntu neutron-server[128669]: DEBUG ovsdbapp.backend.ovs_idl [None req-95d8066e-e87c-48c0-8c64-98c424f7cee3 None None] Created lookup_table index Logical_Router.name {{(pid=128669) autocreate_indices /usr/local/lib/python3.8/dist-packages/ovsdbapp/backend/ovs_idl/__init__.py:85}}
Jul 11 15:20:09 ubuntu neutron-server[128669]: DEBUG ovsdbapp.backend.ovs_idl [None req-95d8066e-e87c-48c0-8c64-98c424f7cee3 None None] Created lookup_table index Load_Balancer.name {{(pid=128669) autocreate_indices /usr/local/lib/python3.8/dist-packages/ovsdbapp/backend/ovs_idl/__init__.py:85}}
Jul 11 15:20:09 ubuntu neutron-server[128669]: DEBUG ovsdbapp.backend.ovs_idl [None req-95d8066e-e87c-48c0-8c64-98c424f7cee3 None None] Created schema index Meter.name {{(pid=128669) autocreate_indices /usr/local/lib/python3.8/dist-packages/ovsdbapp/backend/ovs_idl/__init__.py:104}}
Jul 11 15:20:09 ubuntu neutron-server[128669]: DEBUG ovsdbapp.backend.ovs_idl [None req-95d8066e-e87c-48c0-8c64-98c424f7cee3 None None] Created schema index Address_Set.name {{(pid=128669) autocreate_indices /usr/local/lib/python3.8/dist-packages/ovsdbapp/backend/ovs_idl/__init__.py:104}}
Jul 11 15:20:09 ubuntu neutron-server[128669]: DEBUG ovsdbapp.backend.ovs_idl [None req-95d8066e-e87c-48c0-8c64-98c424f7cee3 None None] Created schema index HA_Chassis_Group.name {{(pid=128669) autocreate_indices /usr/local/lib/python3.8/dist-packages/ovsdbapp/backend/ovs_idl/__init__.py:104}}
Jul 11 15:20:09 ubuntu neutron-server[128669]: DEBUG ovsdbapp.backend.ovs_idl [None req-95d8066e-e87c-48c0-8c64-98c424f7cee3 None None] Created schema index Connection.target {{(pid=128669) autocreate_indices /usr/local/lib/python3.8/dist-packages/ovsdbapp/backend/ovs_idl/__init__.py:104}}
Jul 11 15:20:09 ubuntu neutron-server[128669]: DEBUG ovsdbapp.backend.ovs_idl [None req-95d8066e-e87c-48c0-8c64-98c424f7cee3 None None] Created schema index Gateway_Chassis.name {{(pid=128669) autocreate_indices /usr/local/lib/python3.8/dist-packages/ovsdbapp/backend/ovs_idl/__init__.py:104}}
Jul 11 15:20:09 ubuntu neutron-server[128669]: DEBUG ovsdbapp.backend.ovs_idl [None req-95d8066e-e87c-48c0-8c64-98c424f7cee3 None None] Created schema index Logical_Router_Port.name {{(pid=128669) autocreate_indices /usr/local/lib/python3.8/dist-packages/ovsdbapp/backend/ovs_idl/__init__.py:104}}
Jul 11 15:20:09 ubuntu neutron-server[128669]: DEBUG ovsdbapp.backend.ovs_idl [None req-95d8066e-e87c-48c0-8c64-98c424f7cee3 None None] Created schema index Port_Group.name {{(pid=128669) autocreate_indices /usr/local/lib/python3.8/dist-packages/ovsdbapp/backend/ovs_idl/__init__.py:104}}
Jul 11 15:20:09 ubuntu neutron-server[128669]: DEBUG ovsdbapp.backend.ovs_idl [None req-95d8066e-e87c-48c0-8c64-98c424f7cee3 None None] Created schema index Logical_Switch_Port.name {{(pid=128669) autocreate_indices /usr/local/lib/python3.8/dist-packages/ovsdbapp/backend/ovs_idl/__init__.py:104}}
Jul 11 15:20:09 ubuntu neutron-server[128669]: INFO ovsdbapp.backend.ovs_idl.vlog [None req-95d8066e-e87c-48c0-8c64-98c424f7cee3 None None] tcp:192.168.79.50:6641: connecting...
Jul 11 15:20:09 ubuntu neutron-server[128670]: DEBUG ovsdbapp.backend.ovs_idl [None req-4822717d-1463-4ab7-8b0d-5d4e72ffca85 None None] Created lookup_table index Logical_Switch.name {{(pid=128670) autocreate_indices /usr/local/lib/python3.8/dist-packages/ovsdbapp/backend/ovs_idl/__init__.py:85}}
Jul 11 15:20:09 ubuntu neutron-server[128670]: DEBUG ovsdbapp.backend.ovs_idl [None req-4822717d-1463-4ab7-8b0d-5d4e72ffca85 None None] Created lookup_table index Logical_Router.name {{(pid=128670) autocreate_indices /usr/local/lib/python3.8/dist-packages/ovsdbapp/backend/ovs_idl/__init__.py:85}}
Jul 11 15:20:09 ubuntu neutron-server[128670]: DEBUG ovsdbapp.backend.ovs_idl [None req-4822717d-1463-4ab7-8b0d-5d4e72ffca85 None None] Created lookup_table index Load_Balancer.name {{(pid=128670) autocreate_indices /usr/local/lib/python3.8/dist-packages/ovsdbapp/backend/ovs_idl/__init__.py:85}}
Jul 11 15:20:09 ubuntu neutron-server[128669]: INFO ovsdbapp.backend.ovs_idl.vlog [None req-95d8066e-e87c-48c0-8c64-98c424f7cee3 None None] tcp:192.168.79.50:6641: connected
Jul 11 15:20:09 ubuntu neutron-server[128670]: DEBUG ovsdbapp.backend.ovs_idl [None req-4822717d-1463-4ab7-8b0d-5d4e72ffca85 None None] Created schema index Meter.name {{(pid=128670) autocreate_indices /usr/local/lib/python3.8/dist-packages/ovsdbapp/backend/ovs_idl/__init__.py:104}}
Jul 11 15:20:09 ubuntu neutron-server[128670]: DEBUG ovsdbapp.backend.ovs_idl [None req-4822717d-1463-4ab7-8b0d-5d4e72ffca85 None None] Created schema index Address_Set.name {{(pid=128670) autocreate_indices /usr/local/lib/python3.8/dist-packages/ovsdbapp/backend/ovs_idl/__init__.py:104}}
Jul 11 15:20:09 ubuntu neutron-server[128670]: DEBUG ovsdbapp.backend.ovs_idl [None req-4822717d-1463-4ab7-8b0d-5d4e72ffca85 None None] Created schema index HA_Chassis_Group.name {{(pid=128670) autocreate_indices /usr/local/lib/python3.8/dist-packages/ovsdbapp/backend/ovs_idl/__init__.py:104}}
Jul 11 15:20:09 ubuntu neutron-server[128670]: DEBUG ovsdbapp.backend.ovs_idl [None req-4822717d-1463-4ab7-8b0d-5d4e72ffca85 None None] Created schema index Connection.target {{(pid=128670) autocreate_indices /usr/local/lib/python3.8/dist-packages/ovsdbapp/backend/ovs_idl/__init__.py:104}}
Jul 11 15:20:09 ubuntu neutron-server[128670]: DEBUG ovsdbapp.backend.ovs_idl [None req-4822717d-1463-4ab7-8b0d-5d4e72ffca85 None None] Created schema index Gateway_Chassis.name {{(pid=128670) autocreate_indices /usr/local/lib/python3.8/dist-packages/ovsdbapp/backend/ovs_idl/__init__.py:104}}
Jul 11 15:20:09 ubuntu neutron-server[128670]: DEBUG ovsdbapp.backend.ovs_idl [None req-4822717d-1463-4ab7-8b0d-5d4e72ffca85 None None] Created schema index Logical_Router_Port.name {{(pid=128670) autocreate_indices /usr/local/lib/python3.8/dist-packages/ovsdbapp/backend/ovs_idl/__init__.py:104}}
Jul 11 15:20:09 ubuntu neutron-server[128670]: DEBUG ovsdbapp.backend.ovs_idl [None req-4822717d-1463-4ab7-8b0d-5d4e72ffca85 None None] Created schema index Port_Group.name {{(pid=128670) autocreate_indices /usr/local/lib/python3.8/dist-packages/ovsdbapp/backend/ovs_idl/__init__.py:104}}
Jul 11 15:20:09 ubuntu neutron-server[128670]: DEBUG ovsdbapp.backend.ovs_idl [None req-4822717d-1463-4ab7-8b0d-5d4e72ffca85 None None] Created schema index Logical_Switch_Port.name {{(pid=128670) autocreate_indices /usr/local/lib/python3.8/dist-packages/ovsdbapp/backend/ovs_idl/__init__.py:104}}
Jul 11 15:20:09 ubuntu neutron-server[128670]: INFO ovsdbapp.backend.ovs_idl.vlog [None req-4822717d-1463-4ab7-8b0d-5d4e72ffca85 None None] tcp:192.168.79.50:6641: connecting...
Jul 11 15:20:09 ubuntu neutron-server[128670]: INFO ovsdbapp.backend.ovs_idl.vlog [None req-4822717d-1463-4ab7-8b0d-5d4e72ffca85 None None] tcp:192.168.79.50:6641: connected
Jul 11 15:20:09 ubuntu neutron-server[128424]: DEBUG ovsdbapp.backend.ovs_idl [None req-49405c2f-9ee1-4f71-9419-4e529b7a1840 None None] Created lookup_table index Logical_Switch.name {{(pid=128424) autocreate_indices /usr/local/lib/python3.8/dist-packages/ovsdbapp/backend/ovs_idl/__init__.py:85}}
Jul 11 15:20:09 ubuntu neutron-server[128424]: DEBUG ovsdbapp.backend.ovs_idl [None req-49405c2f-9ee1-4f71-9419-4e529b7a1840 None None] Created lookup_table index Logical_Router.name {{(pid=128424) autocreate_indices /usr/local/lib/python3.8/dist-packages/ovsdbapp/backend/ovs_idl/__init__.py:85}}
Jul 11 15:20:09 ubuntu neutron-server[128424]: DEBUG ovsdbapp.backend.ovs_idl [None req-49405c2f-9ee1-4f71-9419-4e529b7a1840 None None] Created lookup_table index Load_Balancer.name {{(pid=128424) autocreate_indices /usr/local/lib/python3.8/dist-packages/ovsdbapp/backend/ovs_idl/__init__.py:85}}
Jul 11 15:20:09 ubuntu neutron-server[128424]: DEBUG ovsdbapp.backend.ovs_idl [None req-49405c2f-9ee1-4f71-9419-4e529b7a1840 None None] Created schema index Meter.name {{(pid=128424) autocreate_indices /usr/local/lib/python3.8/dist-packages/ovsdbapp/backend/ovs_idl/__init__.py:104}}
Jul 11 15:20:09 ubuntu neutron-server[128424]: DEBUG ovsdbapp.backend.ovs_idl [None req-49405c2f-9ee1-4f71-9419-4e529b7a1840 None None] Created schema index Address_Set.name {{(pid=128424) autocreate_indices /usr/local/lib/python3.8/dist-packages/ovsdbapp/backend/ovs_idl/__init__.py:104}}
Jul 11 15:20:09 ubuntu neutron-server[128424]: DEBUG ovsdbapp.backend.ovs_idl [None req-49405c2f-9ee1-4f71-9419-4e529b7a1840 None None] Created schema index HA_Chassis_Group.name {{(pid=128424) autocreate_indices /usr/local/lib/python3.8/dist-packages/ovsdbapp/backend/ovs_idl/__init__.py:104}}
Jul 11 15:20:09 ubuntu neutron-server[128424]: DEBUG ovsdbapp.backend.ovs_idl [None req-49405c2f-9ee1-4f71-9419-4e529b7a1840 None None] Created schema index Connection.target {{(pid=128424) autocreate_indices /usr/local/lib/python3.8/dist-packages/ovsdbapp/backend/ovs_idl/__init__.py:104}}
Jul 11 15:20:09 ubuntu neutron-server[128424]: DEBUG ovsdbapp.backend.ovs_idl [None req-49405c2f-9ee1-4f71-9419-4e529b7a1840 None None] Created schema index Gateway_Chassis.name {{(pid=128424) autocreate_indices /usr/local/lib/python3.8/dist-packages/ovsdbapp/backend/ovs_idl/__init__.py:104}}
Jul 11 15:20:09 ubuntu neutron-server[128424]: DEBUG ovsdbapp.backend.ovs_idl [None req-49405c2f-9ee1-4f71-9419-4e529b7a1840 None None] Created schema index Logical_Router_Port.name {{(pid=128424) autocreate_indices /usr/local/lib/python3.8/dist-packages/ovsdbapp/backend/ovs_idl/__init__.py:104}}
Jul 11 15:20:09 ubuntu neutron-server[128424]: DEBUG ovsdbapp.backend.ovs_idl [None req-49405c2f-9ee1-4f71-9419-4e529b7a1840 None None] Created schema index Port_Group.name {{(pid=128424) autocreate_indices /usr/local/lib/python3.8/dist-packages/ovsdbapp/backend/ovs_idl/__init__.py:104}}
Jul 11 15:20:09 ubuntu neutron-server[128424]: DEBUG ovsdbapp.backend.ovs_idl [None req-49405c2f-9ee1-4f71-9419-4e529b7a1840 None None] Created schema index Logical_Switch_Port.name {{(pid=128424) autocreate_indices /usr/local/lib/python3.8/dist-packages/ovsdbapp/backend/ovs_idl/__init__.py:104}}
Jul 11 15:20:09 ubuntu neutron-server[128669]: DEBUG neutron.common.ovn.hash_ring_manager [None req-95d8066e-e87c-48c0-8c64-98c424f7cee3 None None] Allow caching, nodes 2>=2 {{(pid=128669) _wait_startup_before_caching /opt/stack/neutron/neutron/common/ovn/hash_ring_manager.py:60}}
Jul 11 15:20:09 ubuntu neutron-server[128424]: DEBUG ovsdbapp.backend.ovs_idl [None req-49405c2f-9ee1-4f71-9419-4e529b7a1840 None None] Created lookup_table index Chassis.name {{(pid=128424) autocreate_indices /usr/local/lib/python3.8/dist-packages/ovsdbapp/backend/ovs_idl/__init__.py:85}}
Jul 11 15:20:09 ubuntu neutron-server[128424]: DEBUG ovsdbapp.backend.ovs_idl [None req-49405c2f-9ee1-4f71-9419-4e529b7a1840 None None] Created lookup_table index MAC_Binding.ip {{(pid=128424) autocreate_indices /usr/local/lib/python3.8/dist-packages/ovsdbapp/backend/ovs_idl/__init__.py:85}}
Jul 11 15:20:09 ubuntu neutron-server[128424]: DEBUG ovsdbapp.backend.ovs_idl [None req-49405c2f-9ee1-4f71-9419-4e529b7a1840 None None] Created schema index Meter.name {{(pid=128424) autocreate_indices /usr/local/lib/python3.8/dist-packages/ovsdbapp/backend/ovs_idl/__init__.py:104}}
Jul 11 15:20:09 ubuntu neutron-server[128424]: DEBUG ovsdbapp.backend.ovs_idl [None req-49405c2f-9ee1-4f71-9419-4e529b7a1840 None None] Created schema index Address_Set.name {{(pid=128424) autocreate_indices /usr/local/lib/python3.8/dist-packages/ovsdbapp/backend/ovs_idl/__init__.py:104}}
Jul 11 15:20:09 ubuntu neutron-server[128424]: DEBUG ovsdbapp.backend.ovs_idl [None req-49405c2f-9ee1-4f71-9419-4e529b7a1840 None None] Created schema index HA_Chassis_Group.name {{(pid=128424) autocreate_indices /usr/local/lib/python3.8/dist-packages/ovsdbapp/backend/ovs_idl/__init__.py:104}}
Jul 11 15:20:09 ubuntu neutron-server[128424]: DEBUG ovsdbapp.backend.ovs_idl [None req-49405c2f-9ee1-4f71-9419-4e529b7a1840 None None] Created schema index IP_Multicast.datapath {{(pid=128424) autocreate_indices /usr/local/lib/python3.8/dist-packages/ovsdbapp/backend/ovs_idl/__init__.py:104}}
Jul 11 15:20:09 ubuntu neutron-server[128424]: DEBUG ovsdbapp.backend.ovs_idl [None req-49405c2f-9ee1-4f71-9419-4e529b7a1840 None None] Created schema index Connection.target {{(pid=128424) autocreate_indices /usr/local/lib/python3.8/dist-packages/ovsdbapp/backend/ovs_idl/__init__.py:104}}
Jul 11 15:20:09 ubuntu neutron-server[128424]: DEBUG ovsdbapp.backend.ovs_idl [None req-49405c2f-9ee1-4f71-9419-4e529b7a1840 None None] Created schema index Gateway_Chassis.name {{(pid=128424) autocreate_indices /usr/local/lib/python3.8/dist-packages/ovsdbapp/backend/ovs_idl/__init__.py:104}}
Jul 11 15:20:09 ubuntu neutron-server[128424]: DEBUG ovsdbapp.backend.ovs_idl [None req-49405c2f-9ee1-4f71-9419-4e529b7a1840 None None] Created schema index Port_Group.name {{(pid=128424) autocreate_indices /usr/local/lib/python3.8/dist-packages/ovsdbapp/backend/ovs_idl/__init__.py:104}}
Jul 11 15:20:09 ubuntu neutron-server[128424]: DEBUG ovsdbapp.backend.ovs_idl [None req-49405c2f-9ee1-4f71-9419-4e529b7a1840 None None] Created schema index Datapath_Binding.tunnel_key {{(pid=128424) autocreate_indices /usr/local/lib/python3.8/dist-packages/ovsdbapp/backend/ovs_idl/__init__.py:104}}
Jul 11 15:20:09 ubuntu neutron-server[128670]: DEBUG neutron.common.ovn.hash_ring_manager [None req-4822717d-1463-4ab7-8b0d-5d4e72ffca85 None None] Allow caching, nodes 2>=2 {{(pid=128670) _wait_startup_before_caching /opt/stack/neutron/neutron/common/ovn/hash_ring_manager.py:60}}
Jul 11 15:20:09 ubuntu neutron-server[128669]: DEBUG neutron.plugins.ml2.drivers.ovn.mech_driver.ovsdb.ovsdb_monitor [None req-95d8066e-e87c-48c0-8c64-98c424f7cee3 None None] Hash Ring: Node 0062ff67-5b95-49c7-8e1e-a3c6ca705ee6 (host: ubuntu) handling event "create" for row 12202778-0924-4ff4-9908-5953b770b391 (table: Port_Group) {{(pid=128669) notify /opt/stack/neutron/neutron/plugins/ml2/drivers/ovn/mech_driver/ovsdb/ovsdb_monitor.py:743}}
Jul 11 15:20:09 ubuntu neutron-server[128669]: DEBUG neutron.plugins.ml2.drivers.ovn.mech_driver.ovsdb.ovsdb_monitor [None req-95d8066e-e87c-48c0-8c64-98c424f7cee3 None None] Hash Ring: Node 0062ff67-5b95-49c7-8e1e-a3c6ca705ee6 (host: ubuntu) handling event "create" for row 711cfe0c-a3a1-4251-bd55-efc47c7278dd (table: ACL) {{(pid=128669) notify /opt/stack/neutron/neutron/plugins/ml2/drivers/ovn/mech_driver/ovsdb/ovsdb_monitor.py:743}}
Jul 11 15:20:09 ubuntu neutron-server[128669]: INFO neutron.plugins.ml2.drivers.ovn.mech_driver.ovsdb.impl_idl_ovn [None req-95d8066e-e87c-48c0-8c64-98c424f7cee3 None None] Getting OvsdbSbOvnIdl for WorkerService with retry
Jul 11 15:20:09 ubuntu neutron-server[128669]: DEBUG ovsdbapp.backend.ovs_idl [None req-95d8066e-e87c-48c0-8c64-98c424f7cee3 None None] Created lookup_table index Chassis.name {{(pid=128669) autocreate_indices /usr/local/lib/python3.8/dist-packages/ovsdbapp/backend/ovs_idl/__init__.py:85}}
Jul 11 15:20:09 ubuntu neutron-server[128669]: DEBUG ovsdbapp.backend.ovs_idl [None req-95d8066e-e87c-48c0-8c64-98c424f7cee3 None None] Created schema index Datapath_Binding.tunnel_key {{(pid=128669) autocreate_indices /usr/local/lib/python3.8/dist-packages/ovsdbapp/backend/ovs_idl/__init__.py:104}}
Jul 11 15:20:09 ubuntu neutron-server[128670]: DEBUG neutron.plugins.ml2.drivers.ovn.mech_driver.ovsdb.ovsdb_monitor [None req-4822717d-1463-4ab7-8b0d-5d4e72ffca85 None None] Hash Ring: Node 1d1032e8-1cf0-47b7-bf38-3b7546328c84 (host: ubuntu) handling event "create" for row 50d56b76-48da-48a1-bd2c-7809419c3b1c (table: Database) {{(pid=128670) notify /opt/stack/neutron/neutron/plugins/ml2/drivers/ovn/mech_driver/ovsdb/ovsdb_monitor.py:743}}
Jul 11 15:20:09 ubuntu neutron-server[128669]: DEBUG ovsdbapp.backend.ovs_idl [None req-95d8066e-e87c-48c0-8c64-98c424f7cee3 None None] Created schema index Connection.target {{(pid=128669) autocreate_indices /usr/local/lib/python3.8/dist-packages/ovsdbapp/backend/ovs_idl/__init__.py:104}}
Jul 11 15:20:09 ubuntu neutron-server[128670]: DEBUG neutron.plugins.ml2.drivers.ovn.mech_driver.ovsdb.ovsdb_monitor [None req-4822717d-1463-4ab7-8b0d-5d4e72ffca85 None None] Hash Ring: Node 1d1032e8-1cf0-47b7-bf38-3b7546328c84 (host: ubuntu) handling event "create" for row 852e869a-2ebc-4eb3-9528-8275e0b370ec (table: Database) {{(pid=128670) notify /opt/stack/neutron/neutron/plugins/ml2/drivers/ovn/mech_driver/ovsdb/ovsdb_monitor.py:743}}
Jul 11 15:20:09 ubuntu neutron-server[128669]: INFO ovsdbapp.backend.ovs_idl.vlog [None req-95d8066e-e87c-48c0-8c64-98c424f7cee3 None None] tcp:192.168.79.50:6642: connecting...
Jul 11 15:20:09 ubuntu neutron-server[128669]: INFO ovsdbapp.backend.ovs_idl.vlog [None req-95d8066e-e87c-48c0-8c64-98c424f7cee3 None None] tcp:192.168.79.50:6642: connected
Jul 11 15:20:09 ubuntu neutron-server[128670]: DEBUG neutron.plugins.ml2.drivers.ovn.mech_driver.ovsdb.ovsdb_monitor [None req-4822717d-1463-4ab7-8b0d-5d4e72ffca85 None None] Hash Ring: Node 1d1032e8-1cf0-47b7-bf38-3b7546328c84 (host: ubuntu) handling event "create" for row 9a66f308-ba03-4b98-a9e2-62c31a7ce87f (table: NB_Global) {{(pid=128670) notify /opt/stack/neutron/neutron/plugins/ml2/drivers/ovn/mech_driver/ovsdb/ovsdb_monitor.py:743}}
Jul 11 15:20:09 ubuntu neutron-server[128670]: DEBUG neutron.plugins.ml2.drivers.ovn.mech_driver.ovsdb.ovsdb_monitor [None req-4822717d-1463-4ab7-8b0d-5d4e72ffca85 None None] Hash Ring: Node 1d1032e8-1cf0-47b7-bf38-3b7546328c84 (host: ubuntu) handling event "create" for row 0e085202-fdda-42b6-8a7b-ac862d8e597d (table: ACL) {{(pid=128670) notify /opt/stack/neutron/neutron/plugins/ml2/drivers/ovn/mech_driver/ovsdb/ovsdb_monitor.py:743}}
Jul 11 15:20:09 ubuntu neutron-server[128670]: DEBUG neutron.plugins.ml2.drivers.ovn.mech_driver.ovsdb.ovsdb_monitor [None req-4822717d-1463-4ab7-8b0d-5d4e72ffca85 None None] Hash Ring: Node 1d1032e8-1cf0-47b7-bf38-3b7546328c84 (host: ubuntu) handling event "create" for row 534e327d-f8d1-44ea-8f88-f78e8eb9e5a5 (table: Connection) {{(pid=128670) notify /opt/stack/neutron/neutron/plugins/ml2/drivers/ovn/mech_driver/ovsdb/ovsdb_monitor.py:743}}
Jul 11 15:20:09 ubuntu neutron-server[128670]: INFO neutron.plugins.ml2.drivers.ovn.mech_driver.ovsdb.impl_idl_ovn [None req-4822717d-1463-4ab7-8b0d-5d4e72ffca85 None None] Getting OvsdbSbOvnIdl for WorkerService with retry
Jul 11 15:20:09 ubuntu neutron-server[128670]: DEBUG ovsdbapp.backend.ovs_idl [None req-4822717d-1463-4ab7-8b0d-5d4e72ffca85 None None] Created lookup_table index Chassis.name {{(pid=128670) autocreate_indices /usr/local/lib/python3.8/dist-packages/ovsdbapp/backend/ovs_idl/__init__.py:85}}
Jul 11 15:20:09 ubuntu neutron-server[128670]: DEBUG ovsdbapp.backend.ovs_idl [None req-4822717d-1463-4ab7-8b0d-5d4e72ffca85 None None] Created schema index Datapath_Binding.tunnel_key {{(pid=128670) autocreate_indices /usr/local/lib/python3.8/dist-packages/ovsdbapp/backend/ovs_idl/__init__.py:104}}
Jul 11 15:20:09 ubuntu neutron-server[128670]: DEBUG ovsdbapp.backend.ovs_idl [None req-4822717d-1463-4ab7-8b0d-5d4e72ffca85 None None] Created schema index Connection.target {{(pid=128670) autocreate_indices /usr/local/lib/python3.8/dist-packages/ovsdbapp/backend/ovs_idl/__init__.py:104}}
Jul 11 15:20:09 ubuntu neutron-server[128670]: INFO ovsdbapp.backend.ovs_idl.vlog [None req-4822717d-1463-4ab7-8b0d-5d4e72ffca85 None None] tcp:192.168.79.50:6642: connecting...
Jul 11 15:20:09 ubuntu neutron-server[128670]: INFO ovsdbapp.backend.ovs_idl.vlog [None req-4822717d-1463-4ab7-8b0d-5d4e72ffca85 None None] tcp:192.168.79.50:6642: connected
Jul 11 15:20:09 ubuntu neutron-server[128424]: INFO oslo_service.service [None req-49405c2f-9ee1-4f71-9419-4e529b7a1840 None None] Starting 1 workers
Jul 11 15:20:09 ubuntu neutron-server[128424]: DEBUG oslo_service.service [None req-49405c2f-9ee1-4f71-9419-4e529b7a1840 None None] Started child 128672 {{(pid=128424) _start_child /usr/local/lib/python3.8/dist-packages/oslo_service/service.py:575}}
Jul 11 15:20:09 ubuntu neutron-server[128424]: INFO oslo_service.service [None req-49405c2f-9ee1-4f71-9419-4e529b7a1840 None None] Starting 1 workers
Jul 11 15:20:09 ubuntu neutron-server[128424]: DEBUG oslo_service.service [None req-49405c2f-9ee1-4f71-9419-4e529b7a1840 None None] Started child 128673 {{(pid=128424) _start_child /usr/local/lib/python3.8/dist-packages/oslo_service/service.py:575}}
Jul 11 15:20:09 ubuntu neutron-server[128424]: INFO oslo_service.service [None req-49405c2f-9ee1-4f71-9419-4e529b7a1840 None None] Starting 1 workers
Jul 11 15:20:09 ubuntu neutron-server[128669]: DEBUG neutron.common.ovn.hash_ring_manager [None req-95d8066e-e87c-48c0-8c64-98c424f7cee3 None None] Allow caching, nodes 2>=2 {{(pid=128669) _wait_startup_before_caching /opt/stack/neutron/neutron/common/ovn/hash_ring_manager.py:60}}
Jul 11 15:20:09 ubuntu neutron-server[128672]: DEBUG neutron.service [None req-49405c2f-9ee1-4f71-9419-4e529b7a1840 None None] calling RpcWorker wait() {{(pid=128672) _wait /opt/stack/neutron/neutron/service.py:128}}
Jul 11 15:20:09 ubuntu neutron-server[128672]: DEBUG neutron.service [None req-49405c2f-9ee1-4f71-9419-4e529b7a1840 None None] returning from RpcWorker wait() {{(pid=128672) _wait /opt/stack/neutron/neutron/service.py:135}}
Jul 11 15:20:09 ubuntu neutron-server[128424]: DEBUG oslo_service.service [None req-49405c2f-9ee1-4f71-9419-4e529b7a1840 None None] Started child 128674 {{(pid=128424) _start_child /usr/local/lib/python3.8/dist-packages/oslo_service/service.py:575}}
Jul 11 15:20:09 ubuntu neutron-server[128672]: DEBUG neutron_lib.callbacks.manager [-] Publish callbacks ['neutron.plugins.ml2.drivers.ovn.mech_driver.mech_driver.OVNMechanismDriver.post_fork_initialize-429884'] for process (None), after_init {{(pid=128672) _notify_loop /usr/local/lib/python3.8/dist-packages/neutron_lib/callbacks/manager.py:176}}
Jul 11 15:20:09 ubuntu neutron-server[128424]: DEBUG neutron_lib.callbacks.manager [None req-49405c2f-9ee1-4f71-9419-4e529b7a1840 None None] Publish callbacks [] for process (None), after_spawn {{(pid=128424) _notify_loop /usr/local/lib/python3.8/dist-packages/neutron_lib/callbacks/manager.py:176}}
Jul 11 15:20:09 ubuntu neutron-server[128424]: DEBUG oslo_service.service [-] Full set of CONF: {{(pid=128424) wait /usr/local/lib/python3.8/dist-packages/oslo_service/service.py:649}}
Jul 11 15:20:09 ubuntu neutron-server[128424]: DEBUG oslo_service.service [-] ******************************************************************************** {{(pid=128424) log_opt_values /usr/local/lib/python3.8/dist-packages/oslo_config/cfg.py:2589}}
Jul 11 15:20:09 ubuntu neutron-server[128424]: DEBUG oslo_service.service [-] Configuration options gathered from: {{(pid=128424) log_opt_values /usr/local/lib/python3.8/dist-packages/oslo_config/cfg.py:2590}}
Jul 11 15:20:09 ubuntu neutron-server[128424]: DEBUG oslo_service.service [-] command line args: ['--config-file', '/etc/neutron/neutron.conf', '--config-file', '/etc/neutron/plugins/ml2/ml2_conf.ini'] {{(pid=128424) log_opt_values /usr/local/lib/python3.8/dist-packages/oslo_config/cfg.py:2591}}
Jul 11 15:20:09 ubuntu neutron-server[128424]: DEBUG oslo_service.service [-] config files: ['/etc/neutron/neutron.conf', '/etc/neutron/plugins/ml2/ml2_conf.ini'] {{(pid=128424) log_opt_values /usr/local/lib/python3.8/dist-packages/oslo_config/cfg.py:2592}}
Jul 11 15:20:09 ubuntu neutron-server[128424]: DEBUG oslo_service.service [-] ================================================================================ {{(pid=128424) log_opt_values /usr/local/lib/python3.8/dist-packages/oslo_config/cfg.py:2594}}
Jul 11 15:20:09 ubuntu neutron-server[128672]: INFO neutron.plugins.ml2.drivers.ovn.mech_driver.ovsdb.impl_idl_ovn [-] Getting OvsdbNbOvnIdl for RpcWorker with retry
Jul 11 15:20:09 ubuntu neutron-server[128424]: DEBUG oslo_service.service [-] agent_down_time                = 75 {{(pid=128424) log_opt_values /usr/local/lib/python3.8/dist-packages/oslo_config/cfg.py:2602}}
Jul 11 15:20:09 ubuntu neutron-server[128424]: DEBUG oslo_service.service [-] allow_automatic_dhcp_failover  = True {{(pid=128424) log_opt_values /usr/local/lib/python3.8/dist-packages/oslo_config/cfg.py:2602}}
Jul 11 15:20:09 ubuntu neutron-server[128424]: DEBUG oslo_service.service [-] allow_bulk                     = True {{(pid=128424) log_opt_values /usr/local/lib/python3.8/dist-packages/oslo_config/cfg.py:2602}}
Jul 11 15:20:09 ubuntu neutron-server[128424]: DEBUG oslo_service.service [-] allowed_conntrack_helpers      = [{'amanda': 'tcp'}, {'ftp': 'tcp'}, {'h323': 'udp'}, {'h323': 'tcp'}, {'irc': 'tcp'}, {'netbios-ns': 'udp'}, {'pptp': 'tcp'}, {'sane': 'tcp'}, {'sip': 'udp'}, {'sip': 'tcp'}, {'snmp': 'udp'}, {'tftp': 'udp'}] {{(pid=128424) log_opt_values /usr/local/lib/python3.8/dist-packages/oslo_config/cfg.py:2602}}
Jul 11 15:20:09 ubuntu neutron-server[128424]: DEBUG oslo_service.service [-] api_extensions_path            =  {{(pid=128424) log_opt_values /usr/local/lib/python3.8/dist-packages/oslo_config/cfg.py:2602}}
Jul 11 15:20:09 ubuntu neutron-server[128424]: DEBUG oslo_service.service [-] api_paste_config               = api-paste.ini {{(pid=128424) log_opt_values /usr/local/lib/python3.8/dist-packages/oslo_config/cfg.py:2602}}
Jul 11 15:20:09 ubuntu neutron-server[128424]: DEBUG oslo_service.service [-] api_workers                    = 2 {{(pid=128424) log_opt_values /usr/local/lib/python3.8/dist-packages/oslo_config/cfg.py:2602}}
Jul 11 15:20:09 ubuntu neutron-server[128669]: DEBUG neutron.plugins.ml2.drivers.ovn.mech_driver.ovsdb.ovsdb_monitor [None req-95d8066e-e87c-48c0-8c64-98c424f7cee3 None None] Hash Ring: Node 0062ff67-5b95-49c7-8e1e-a3c6ca705ee6 (host: ubuntu) handling event "create" for row ade36c6a-0fe8-45b9-ba1f-b9987ce1063b (table: Database) {{(pid=128669) notify /opt/stack/neutron/neutron/plugins/ml2/drivers/ovn/mech_driver/ovsdb/ovsdb_monitor.py:743}}
Jul 11 15:20:09 ubuntu neutron-server[128424]: DEBUG oslo_service.service [-] auth_strategy                  = keystone {{(pid=128424) log_opt_values /usr/local/lib/python3.8/dist-packages/oslo_config/cfg.py:2602}}
Jul 11 15:20:09 ubuntu neutron-server[128424]: DEBUG oslo_service.service [-] backdoor_port                  = None {{(pid=128424) log_opt_values /usr/local/lib/python3.8/dist-packages/oslo_config/cfg.py:2602}}
Jul 11 15:20:09 ubuntu neutron-server[128424]: DEBUG oslo_service.service [-] backdoor_socket                = None {{(pid=128424) log_opt_values /usr/local/lib/python3.8/dist-packages/oslo_config/cfg.py:2602}}
Jul 11 15:20:09 ubuntu neutron-server[128424]: DEBUG oslo_service.service [-] backlog                        = 4096 {{(pid=128424) log_opt_values /usr/local/lib/python3.8/dist-packages/oslo_config/cfg.py:2602}}
Jul 11 15:20:09 ubuntu neutron-server[128424]: DEBUG oslo_service.service [-] base_mac                       = fa:16:3e:00:00:00 {{(pid=128424) log_opt_values /usr/local/lib/python3.8/dist-packages/oslo_config/cfg.py:2602}}
