Jul 21 23:39:43 ubuntu devstack@g-api.service[152797]: INFO glance.location [None req-1cb95256-72a2-46fc-a4ac-2463ff976e79 admin admin] Image format matched and virtual size computed: 117440512
Jul 21 23:39:43 ubuntu devstack@g-api.service[152797]: DEBUG glance_store.backend [None req-1cb95256-72a2-46fc-a4ac-2463ff976e79 admin admin] Attempting to import store swift {{(pid=152797) _load_store /usr/local/lib/python3.8/dist-packages/glance_store/backend.py:216}}
Jul 21 23:39:43 ubuntu devstack@g-api.service[152797]: DEBUG glance_store.capabilities [None req-1cb95256-72a2-46fc-a4ac-2463ff976e79 admin admin] Store glance_store._drivers.swift.store.SingleTenantStore doesn't support updating dynamic storage capabilities. Please overwrite 'update_capabilities' method of the store to implement updating logics if needed. {{(pid=152797) update_capabilities /usr/local/lib/python3.8/dist-packages/glance_store/capabilities.py:91}}
Jul 21 23:39:43 ubuntu devstack@g-api.service[152797]: DEBUG glance_store.driver [None req-1cb95256-72a2-46fc-a4ac-2463ff976e79 admin admin] Late loading location class glance_store._drivers.swift.store.StoreLocation {{(pid=152797) get_store_location_class /usr/local/lib/python3.8/dist-packages/glance_store/driver.py:116}}
Jul 21 23:39:43 ubuntu devstack@g-api.service[152797]: DEBUG glance_store.location [None req-1cb95256-72a2-46fc-a4ac-2463ff976e79 admin admin] Registering scheme swift+https with {'store': <glance_store._drivers.swift.store.SingleTenantStore object at 0x7fcc3fe7e220>, 'location_class': <class 'glance_store._drivers.swift.store.StoreLocation'>, 'store_entry': 'swift'} {{(pid=152797) register_scheme_map /usr/local/lib/python3.8/dist-packages/glance_store/location.py:146}}
Jul 21 23:39:43 ubuntu devstack@g-api.service[152797]: DEBUG glance_store.location [None req-1cb95256-72a2-46fc-a4ac-2463ff976e79 admin admin] Registering scheme swift+https with {'store': <glance_store._drivers.swift.store.SingleTenantStore object at 0x7fcc3fe7e220>, 'location_class': <class 'glance_store._drivers.swift.store.StoreLocation'>, 'store_entry': 'swift'} {{(pid=152797) register_scheme_map /usr/local/lib/python3.8/dist-packages/glance_store/location.py:146}}
Jul 21 23:39:43 ubuntu devstack@g-api.service[152797]: DEBUG glance_store.location [None req-1cb95256-72a2-46fc-a4ac-2463ff976e79 admin admin] Registering scheme swift with {'store': <glance_store._drivers.swift.store.SingleTenantStore object at 0x7fcc3fe7e220>, 'location_class': <class 'glance_store._drivers.swift.store.StoreLocation'>, 'store_entry': 'swift'} {{(pid=152797) register_scheme_map /usr/local/lib/python3.8/dist-packages/glance_store/location.py:146}}
Jul 21 23:39:43 ubuntu devstack@g-api.service[152797]: DEBUG glance_store.location [None req-1cb95256-72a2-46fc-a4ac-2463ff976e79 admin admin] Registering scheme swift+https with {'store': <glance_store._drivers.swift.store.SingleTenantStore object at 0x7fcc3fe7e220>, 'location_class': <class 'glance_store._drivers.swift.store.StoreLocation'>, 'store_entry': 'swift'} {{(pid=152797) register_scheme_map /usr/local/lib/python3.8/dist-packages/glance_store/location.py:146}}
Jul 21 23:39:43 ubuntu devstack@g-api.service[152797]: DEBUG glance_store.location [None req-1cb95256-72a2-46fc-a4ac-2463ff976e79 admin admin] Registering scheme swift with {'store': <glance_store._drivers.swift.store.SingleTenantStore object at 0x7fcc3fe7e220>, 'location_class': <class 'glance_store._drivers.swift.store.StoreLocation'>, 'store_entry': 'swift'} {{(pid=152797) register_scheme_map /usr/local/lib/python3.8/dist-packages/glance_store/location.py:146}}
Jul 21 23:39:43 ubuntu devstack@g-api.service[152797]: DEBUG glance_store.location [None req-1cb95256-72a2-46fc-a4ac-2463ff976e79 admin admin] Registering scheme swift+http with {'store': <glance_store._drivers.swift.store.SingleTenantStore object at 0x7fcc3fe7e220>, 'location_class': <class 'glance_store._drivers.swift.store.StoreLocation'>, 'store_entry': 'swift'} {{(pid=152797) register_scheme_map /usr/local/lib/python3.8/dist-packages/glance_store/location.py:146}}
Jul 21 23:39:43 ubuntu devstack@g-api.service[152797]: DEBUG glance_store.location [None req-1cb95256-72a2-46fc-a4ac-2463ff976e79 admin admin] Registering scheme swift+https with {'store': <glance_store._drivers.swift.store.SingleTenantStore object at 0x7fcc3fe7e220>, 'location_class': <class 'glance_store._drivers.swift.store.StoreLocation'>, 'store_entry': 'swift'} {{(pid=152797) register_scheme_map /usr/local/lib/python3.8/dist-packages/glance_store/location.py:146}}
Jul 21 23:39:43 ubuntu devstack@g-api.service[152797]: DEBUG glance_store.location [None req-1cb95256-72a2-46fc-a4ac-2463ff976e79 admin admin] Registering scheme swift with {'store': <glance_store._drivers.swift.store.SingleTenantStore object at 0x7fcc3fe7e220>, 'location_class': <class 'glance_store._drivers.swift.store.StoreLocation'>, 'store_entry': 'swift'} {{(pid=152797) register_scheme_map /usr/local/lib/python3.8/dist-packages/glance_store/location.py:146}}
Jul 21 23:39:43 ubuntu devstack@g-api.service[152797]: DEBUG glance_store.location [None req-1cb95256-72a2-46fc-a4ac-2463ff976e79 admin admin] Registering scheme swift+http with {'store': <glance_store._drivers.swift.store.SingleTenantStore object at 0x7fcc3fe7e220>, 'location_class': <class 'glance_store._drivers.swift.store.StoreLocation'>, 'store_entry': 'swift'} {{(pid=152797) register_scheme_map /usr/local/lib/python3.8/dist-packages/glance_store/location.py:146}}
Jul 21 23:39:43 ubuntu devstack@g-api.service[152797]: DEBUG glance_store.location [None req-1cb95256-72a2-46fc-a4ac-2463ff976e79 admin admin] Registering scheme swift+config with {'store': <glance_store._drivers.swift.store.SingleTenantStore object at 0x7fcc3fe7e220>, 'location_class': <class 'glance_store._drivers.swift.store.StoreLocation'>, 'store_entry': 'swift'} {{(pid=152797) register_scheme_map /usr/local/lib/python3.8/dist-packages/glance_store/location.py:146}}
Jul 21 23:39:43 ubuntu devstack@g-api.service[152797]: DEBUG glance_store.backend [None req-1cb95256-72a2-46fc-a4ac-2463ff976e79 admin admin] Skipping store.set_acls... not implemented. {{(pid=152797) set_acls /usr/local/lib/python3.8/dist-packages/glance_store/backend.py:508}}
Jul 21 23:39:43 ubuntu devstack@g-api.service[152797]: [pid: 152797|app: 0|req: 3/4] 127.0.0.1 () {40 vars in 862 bytes} [Thu Jul 21 23:39:40 2022] PUT /v2/images/e4e48ef4-fa4b-48d6-9860-247e5b341eb0/file => generated 0 bytes in 2651 msecs (HTTP/1.1 204) 4 headers in 171 bytes (1 switches on core 0)
Jul 21 23:39:50 ubuntu devstack@g-api.service[152796]: DEBUG dbcounter [-] [152796] Writing DB stats glance:SELECT=9,glance:INSERT=5 {{(pid=152796) stat_writer /usr/local/lib/python3.8/dist-packages/dbcounter.py:114}}
Jul 21 23:39:53 ubuntu devstack@g-api.service[152797]: DEBUG dbcounter [-] [152797] Writing DB stats glance:SELECT=28,glance:UPDATE=2,glance:INSERT=1 {{(pid=152797) stat_writer /usr/local/lib/python3.8/dist-packages/dbcounter.py:114}}
Jul 21 23:40:27 ubuntu devstack@g-api.service[152796]: DEBUG glance.api.middleware.version_negotiation [None req-23271708-5f6d-45c1-ba2e-f3e814eb83a7 admin admin] Determining version of request: GET / Accept: application/json {{(pid=152796) process_request /opt/stack/glance/glance/api/middleware/version_negotiation.py:44}}
Jul 21 23:40:27 ubuntu devstack@g-api.service[152796]: DEBUG glance.api.middleware.version_negotiation [None req-23271708-5f6d-45c1-ba2e-f3e814eb83a7 admin admin] Using url versioning {{(pid=152796) process_request /opt/stack/glance/glance/api/middleware/version_negotiation.py:57}}
Jul 21 23:40:27 ubuntu devstack@g-api.service[152796]: DEBUG glance.api.middleware.version_negotiation [None req-23271708-5f6d-45c1-ba2e-f3e814eb83a7 admin admin] Unknown version. Returning version choices. {{(pid=152796) process_request /opt/stack/glance/glance/api/middleware/version_negotiation.py:64}}
Jul 21 23:40:27 ubuntu devstack@g-api.service[152796]: [pid: 152796|app: 0|req: 2/5] 127.0.0.1 () {34 vars in 506 bytes} [Thu Jul 21 23:40:27 2022] GET / => generated 1323 bytes in 4 msecs (HTTP/1.1 300) 3 headers in 106 bytes (1 switches on core 0)
Jul 21 23:40:27 ubuntu devstack@g-api.service[152797]: DEBUG glance.api.middleware.version_negotiation [None req-1cb95256-72a2-46fc-a4ac-2463ff976e79 admin admin] Determining version of request: GET /v2/images Accept: application/json {{(pid=152797) process_request /opt/stack/glance/glance/api/middleware/version_negotiation.py:44}}
Jul 21 23:40:27 ubuntu devstack@g-api.service[152797]: DEBUG glance.api.middleware.version_negotiation [None req-1cb95256-72a2-46fc-a4ac-2463ff976e79 admin admin] Using url versioning {{(pid=152797) process_request /opt/stack/glance/glance/api/middleware/version_negotiation.py:57}}
Jul 21 23:40:27 ubuntu devstack@g-api.service[152797]: DEBUG glance.api.middleware.version_negotiation [None req-1cb95256-72a2-46fc-a4ac-2463ff976e79 admin admin] Matched version: v2 {{(pid=152797) process_request /opt/stack/glance/glance/api/middleware/version_negotiation.py:69}}
Jul 21 23:40:27 ubuntu devstack@g-api.service[152797]: DEBUG glance.api.middleware.version_negotiation [None req-1cb95256-72a2-46fc-a4ac-2463ff976e79 admin admin] new path /v2/images {{(pid=152797) process_request /opt/stack/glance/glance/api/middleware/version_negotiation.py:70}}
Jul 21 23:40:27 ubuntu devstack@g-api.service[152797]: [pid: 152797|app: 0|req: 4/6] 127.0.0.1 () {36 vars in 728 bytes} [Thu Jul 21 23:40:27 2022] GET /v2/images => generated 1045 bytes in 456 msecs (HTTP/1.1 200) 4 headers in 158 bytes (1 switches on core 0)
Jul 21 23:40:34 ubuntu devstack@g-api.service[152796]: DEBUG glance.api.middleware.version_negotiation [None req-23271708-5f6d-45c1-ba2e-f3e814eb83a7 admin admin] Determining version of request: GET / Accept: application/json {{(pid=152796) process_request /opt/stack/glance/glance/api/middleware/version_negotiation.py:44}}
Jul 21 23:40:34 ubuntu devstack@g-api.service[152796]: DEBUG glance.api.middleware.version_negotiation [None req-23271708-5f6d-45c1-ba2e-f3e814eb83a7 admin admin] Using url versioning {{(pid=152796) process_request /opt/stack/glance/glance/api/middleware/version_negotiation.py:57}}
Jul 21 23:40:34 ubuntu devstack@g-api.service[152796]: DEBUG glance.api.middleware.version_negotiation [None req-23271708-5f6d-45c1-ba2e-f3e814eb83a7 admin admin] Unknown version. Returning version choices. {{(pid=152796) process_request /opt/stack/glance/glance/api/middleware/version_negotiation.py:64}}
Jul 21 23:40:34 ubuntu devstack@g-api.service[152796]: [pid: 152796|app: 0|req: 3/7] 127.0.0.1 () {34 vars in 506 bytes} [Thu Jul 21 23:40:34 2022] GET / => generated 1323 bytes in 2 msecs (HTTP/1.1 300) 3 headers in 106 bytes (1 switches on core 0)
Jul 21 23:40:34 ubuntu devstack@g-api.service[152797]: DEBUG glance.api.middleware.version_negotiation [None req-a4b895ec-abdd-404e-9cad-254608615280 admin admin] Determining version of request: GET /v2/images/e4e48ef4-fa4b-48d6-9860-247e5b341eb0 Accept: */* {{(pid=152797) process_request /opt/stack/glance/glance/api/middleware/version_negotiation.py:44}}
Jul 21 23:40:34 ubuntu devstack@g-api.service[152797]: DEBUG glance.api.middleware.version_negotiation [None req-a4b895ec-abdd-404e-9cad-254608615280 admin admin] Using url versioning {{(pid=152797) process_request /opt/stack/glance/glance/api/middleware/version_negotiation.py:57}}
Jul 21 23:40:34 ubuntu devstack@g-api.service[152797]: DEBUG glance.api.middleware.version_negotiation [None req-a4b895ec-abdd-404e-9cad-254608615280 admin admin] Matched version: v2 {{(pid=152797) process_request /opt/stack/glance/glance/api/middleware/version_negotiation.py:69}}
Jul 21 23:40:34 ubuntu devstack@g-api.service[152797]: DEBUG glance.api.middleware.version_negotiation [None req-a4b895ec-abdd-404e-9cad-254608615280 admin admin] new path /v2/images/e4e48ef4-fa4b-48d6-9860-247e5b341eb0 {{(pid=152797) process_request /opt/stack/glance/glance/api/middleware/version_negotiation.py:70}}
Jul 21 23:40:34 ubuntu devstack@g-api.service[152797]: [pid: 152797|app: 0|req: 5/8] 127.0.0.1 () {36 vars in 789 bytes} [Thu Jul 21 23:40:34 2022] GET /v2/images/e4e48ef4-fa4b-48d6-9860-247e5b341eb0 => generated 976 bytes in 265 msecs (HTTP/1.1 200) 4 headers in 157 bytes (1 switches on core 0)
Jul 21 23:40:38 ubuntu devstack@g-api.service[152796]: DEBUG glance.api.middleware.version_negotiation [None req-23271708-5f6d-45c1-ba2e-f3e814eb83a7 admin admin] Determining version of request: GET / Accept: application/json {{(pid=152796) process_request /opt/stack/glance/glance/api/middleware/version_negotiation.py:44}}
Jul 21 23:40:38 ubuntu devstack@g-api.service[152796]: DEBUG glance.api.middleware.version_negotiation [None req-23271708-5f6d-45c1-ba2e-f3e814eb83a7 admin admin] Using url versioning {{(pid=152796) process_request /opt/stack/glance/glance/api/middleware/version_negotiation.py:57}}
Jul 21 23:40:38 ubuntu devstack@g-api.service[152796]: DEBUG glance.api.middleware.version_negotiation [None req-23271708-5f6d-45c1-ba2e-f3e814eb83a7 admin admin] Unknown version. Returning version choices. {{(pid=152796) process_request /opt/stack/glance/glance/api/middleware/version_negotiation.py:64}}
Jul 21 23:40:38 ubuntu devstack@g-api.service[152796]: [pid: 152796|app: 0|req: 4/9] 127.0.0.1 () {34 vars in 506 bytes} [Thu Jul 21 23:40:38 2022] GET / => generated 1323 bytes in 2 msecs (HTTP/1.1 300) 3 headers in 106 bytes (1 switches on core 0)
Jul 21 23:40:38 ubuntu devstack@g-api.service[152797]: DEBUG glance.api.middleware.version_negotiation [None req-facd66e1-d0de-47a0-96a8-c6abb6f53069 admin admin] Determining version of request: GET /v2/images/e4e48ef4-fa4b-48d6-9860-247e5b341eb0 Accept: */* {{(pid=152797) process_request /opt/stack/glance/glance/api/middleware/version_negotiation.py:44}}
Jul 21 23:40:38 ubuntu devstack@g-api.service[152797]: DEBUG glance.api.middleware.version_negotiation [None req-facd66e1-d0de-47a0-96a8-c6abb6f53069 admin admin] Using url versioning {{(pid=152797) process_request /opt/stack/glance/glance/api/middleware/version_negotiation.py:57}}
Jul 21 23:40:38 ubuntu devstack@g-api.service[152797]: DEBUG glance.api.middleware.version_negotiation [None req-facd66e1-d0de-47a0-96a8-c6abb6f53069 admin admin] Matched version: v2 {{(pid=152797) process_request /opt/stack/glance/glance/api/middleware/version_negotiation.py:69}}
Jul 21 23:40:38 ubuntu devstack@g-api.service[152797]: DEBUG glance.api.middleware.version_negotiation [None req-facd66e1-d0de-47a0-96a8-c6abb6f53069 admin admin] new path /v2/images/e4e48ef4-fa4b-48d6-9860-247e5b341eb0 {{(pid=152797) process_request /opt/stack/glance/glance/api/middleware/version_negotiation.py:70}}
Jul 21 23:40:38 ubuntu devstack@g-api.service[152797]: [pid: 152797|app: 0|req: 6/10] 127.0.0.1 () {36 vars in 789 bytes} [Thu Jul 21 23:40:38 2022] GET /v2/images/e4e48ef4-fa4b-48d6-9860-247e5b341eb0 => generated 976 bytes in 292 msecs (HTTP/1.1 200) 4 headers in 157 bytes (1 switches on core 0)
Jul 21 23:40:48 ubuntu devstack@g-api.service[152797]: DEBUG dbcounter [-] [152797] Writing DB stats glance:SELECT=10 {{(pid=152797) stat_writer /usr/local/lib/python3.8/dist-packages/dbcounter.py:114}}
Jul 21 23:42:55 ubuntu devstack@g-api.service[152796]: DEBUG glance.api.middleware.version_negotiation [None req-23271708-5f6d-45c1-ba2e-f3e814eb83a7 admin admin] Determining version of request: GET /v1 Accept: application/json {{(pid=152796) process_request /opt/stack/glance/glance/api/middleware/version_negotiation.py:44}}
Jul 21 23:42:55 ubuntu devstack@g-api.service[152796]: DEBUG glance.api.middleware.version_negotiation [None req-23271708-5f6d-45c1-ba2e-f3e814eb83a7 admin admin] Using url versioning {{(pid=152796) process_request /opt/stack/glance/glance/api/middleware/version_negotiation.py:57}}
Jul 21 23:42:55 ubuntu devstack@g-api.service[152796]: DEBUG glance.api.middleware.version_negotiation [None req-23271708-5f6d-45c1-ba2e-f3e814eb83a7 admin admin] Unknown version. Returning version choices. {{(pid=152796) process_request /opt/stack/glance/glance/api/middleware/version_negotiation.py:64}}
Jul 21 23:42:55 ubuntu devstack@g-api.service[152796]: [pid: 152796|app: 0|req: 5/11] 127.0.0.1 () {38 vars in 685 bytes} [Thu Jul 21 23:42:55 2022] GET /v1 => generated 1323 bytes in 3 msecs (HTTP/1.1 300) 3 headers in 106 bytes (1 switches on core 0)
Jul 21 23:45:24 ubuntu devstack@g-api.service[152797]: DEBUG glance.api.middleware.version_negotiation [None req-a2b0f0ac-af6a-4bdc-9321-a65a8a59d2e7 admin admin] Determining version of request: GET /versions Accept: */* {{(pid=152797) process_request /opt/stack/glance/glance/api/middleware/version_negotiation.py:44}}
Jul 21 23:45:24 ubuntu devstack@g-api.service[152797]: [pid: 152797|app: 0|req: 7/12] 127.0.0.1 () {38 vars in 695 bytes} [Thu Jul 21 23:45:24 2022] GET /versions => generated 1323 bytes in 8 msecs (HTTP/1.1 200) 3 headers in 92 bytes (1 switches on core 0)
Jul 21 23:45:24 ubuntu devstack@g-api.service[152796]: DEBUG glance.api.middleware.version_negotiation [None req-23271708-5f6d-45c1-ba2e-f3e814eb83a7 admin admin] Determining version of request: GET /v2/schemas/image Accept: */* {{(pid=152796) process_request /opt/stack/glance/glance/api/middleware/version_negotiation.py:44}}
Jul 21 23:45:24 ubuntu devstack@g-api.service[152796]: DEBUG glance.api.middleware.version_negotiation [None req-23271708-5f6d-45c1-ba2e-f3e814eb83a7 admin admin] Using url versioning {{(pid=152796) process_request /opt/stack/glance/glance/api/middleware/version_negotiation.py:57}}
Jul 21 23:45:24 ubuntu devstack@g-api.service[152796]: DEBUG glance.api.middleware.version_negotiation [None req-23271708-5f6d-45c1-ba2e-f3e814eb83a7 admin admin] Matched version: v2 {{(pid=152796) process_request /opt/stack/glance/glance/api/middleware/version_negotiation.py:69}}
Jul 21 23:45:24 ubuntu devstack@g-api.service[152796]: DEBUG glance.api.middleware.version_negotiation [None req-23271708-5f6d-45c1-ba2e-f3e814eb83a7 admin admin] new path /v2/schemas/image {{(pid=152796) process_request /opt/stack/glance/glance/api/middleware/version_negotiation.py:70}}
Jul 21 23:45:24 ubuntu devstack@g-api.service[152796]: [pid: 152796|app: 0|req: 6/13] 127.0.0.1 () {38 vars in 711 bytes} [Thu Jul 21 23:45:24 2022] GET /v2/schemas/image => generated 6083 bytes in 142 msecs (HTTP/1.1 200) 4 headers in 158 bytes (1 switches on core 0)
Jul 21 23:45:24 ubuntu devstack@g-api.service[152797]: DEBUG glance.api.middleware.version_negotiation [None req-a2b0f0ac-af6a-4bdc-9321-a65a8a59d2e7 admin admin] Determining version of request: GET /v2/schemas/metadefs/namespace Accept: */* {{(pid=152797) process_request /opt/stack/glance/glance/api/middleware/version_negotiation.py:44}}
Jul 21 23:45:24 ubuntu devstack@g-api.service[152797]: DEBUG glance.api.middleware.version_negotiation [None req-a2b0f0ac-af6a-4bdc-9321-a65a8a59d2e7 admin admin] Using url versioning {{(pid=152797) process_request /opt/stack/glance/glance/api/middleware/version_negotiation.py:57}}
Jul 21 23:45:24 ubuntu devstack@g-api.service[152797]: DEBUG glance.api.middleware.version_negotiation [None req-a2b0f0ac-af6a-4bdc-9321-a65a8a59d2e7 admin admin] Matched version: v2 {{(pid=152797) process_request /opt/stack/glance/glance/api/middleware/version_negotiation.py:69}}
Jul 21 23:45:24 ubuntu devstack@g-api.service[152797]: DEBUG glance.api.middleware.version_negotiation [None req-a2b0f0ac-af6a-4bdc-9321-a65a8a59d2e7 admin admin] new path /v2/schemas/metadefs/namespace {{(pid=152797) process_request /opt/stack/glance/glance/api/middleware/version_negotiation.py:70}}
Jul 21 23:45:24 ubuntu devstack@g-api.service[152797]: [pid: 152797|app: 0|req: 8/14] 127.0.0.1 () {38 vars in 737 bytes} [Thu Jul 21 23:45:24 2022] GET /v2/schemas/metadefs/namespace => generated 3100 bytes in 8 msecs (HTTP/1.1 200) 4 headers in 158 bytes (1 switches on core 0)
Jul 21 23:45:24 ubuntu devstack@g-api.service[152796]: DEBUG glance.api.middleware.version_negotiation [None req-b61222f9-a010-4247-94d5-175e834ed831 admin admin] Determining version of request: GET /v2/schemas/metadefs/resource_type Accept: */* {{(pid=152796) process_request /opt/stack/glance/glance/api/middleware/version_negotiation.py:44}}
Jul 21 23:45:24 ubuntu devstack@g-api.service[152796]: DEBUG glance.api.middleware.version_negotiation [None req-b61222f9-a010-4247-94d5-175e834ed831 admin admin] Using url versioning {{(pid=152796) process_request /opt/stack/glance/glance/api/middleware/version_negotiation.py:57}}
Jul 21 23:45:24 ubuntu devstack@g-api.service[152796]: DEBUG glance.api.middleware.version_negotiation [None req-b61222f9-a010-4247-94d5-175e834ed831 admin admin] Matched version: v2 {{(pid=152796) process_request /opt/stack/glance/glance/api/middleware/version_negotiation.py:69}}
Jul 21 23:45:24 ubuntu devstack@g-api.service[152796]: DEBUG glance.api.middleware.version_negotiation [None req-b61222f9-a010-4247-94d5-175e834ed831 admin admin] new path /v2/schemas/metadefs/resource_type {{(pid=152796) process_request /opt/stack/glance/glance/api/middleware/version_negotiation.py:70}}
Jul 21 23:45:24 ubuntu devstack@g-api.service[152796]: [pid: 152796|app: 0|req: 7/15] 127.0.0.1 () {38 vars in 745 bytes} [Thu Jul 21 23:45:24 2022] GET /v2/schemas/metadefs/resource_type => generated 1260 bytes in 4 msecs (HTTP/1.1 200) 4 headers in 158 bytes (1 switches on core 0)
Jul 21 23:45:24 ubuntu devstack@g-api.service[152797]: DEBUG glance.api.middleware.version_negotiation [None req-459680e2-097b-42f8-bf2a-663a73d5543b admin admin] Determining version of request: GET /v2/images Accept: */* {{(pid=152797) process_request /opt/stack/glance/glance/api/middleware/version_negotiation.py:44}}
Jul 21 23:45:24 ubuntu devstack@g-api.service[152797]: DEBUG glance.api.middleware.version_negotiation [None req-459680e2-097b-42f8-bf2a-663a73d5543b admin admin] Using url versioning {{(pid=152797) process_request /opt/stack/glance/glance/api/middleware/version_negotiation.py:57}}
Jul 21 23:45:24 ubuntu devstack@g-api.service[152797]: DEBUG glance.api.middleware.version_negotiation [None req-459680e2-097b-42f8-bf2a-663a73d5543b admin admin] Matched version: v2 {{(pid=152797) process_request /opt/stack/glance/glance/api/middleware/version_negotiation.py:69}}
Jul 21 23:45:24 ubuntu devstack@g-api.service[152797]: DEBUG glance.api.middleware.version_negotiation [None req-459680e2-097b-42f8-bf2a-663a73d5543b admin admin] new path /v2/images {{(pid=152797) process_request /opt/stack/glance/glance/api/middleware/version_negotiation.py:70}}
Jul 21 23:45:25 ubuntu devstack@g-api.service[152797]: [pid: 152797|app: 0|req: 9/16] 127.0.0.1 () {38 vars in 768 bytes} [Thu Jul 21 23:45:24 2022] GET /v2/images?limit=20&sort_key=name&sort_dir=asc => generated 1081 bytes in 79 msecs (HTTP/1.1 200) 4 headers in 158 bytes (1 switches on core 0)
Jul 21 23:45:25 ubuntu devstack@g-api.service[152796]: DEBUG glance.api.middleware.version_negotiation [None req-bef2d638-b518-4b9a-af1e-cc7efe35f846 admin admin] Determining version of request: GET /v2/schemas/image Accept: */* {{(pid=152796) process_request /opt/stack/glance/glance/api/middleware/version_negotiation.py:44}}
Jul 21 23:45:25 ubuntu devstack@g-api.service[152796]: DEBUG glance.api.middleware.version_negotiation [None req-bef2d638-b518-4b9a-af1e-cc7efe35f846 admin admin] Using url versioning {{(pid=152796) process_request /opt/stack/glance/glance/api/middleware/version_negotiation.py:57}}
Jul 21 23:45:25 ubuntu devstack@g-api.service[152796]: DEBUG glance.api.middleware.version_negotiation [None req-bef2d638-b518-4b9a-af1e-cc7efe35f846 admin admin] Matched version: v2 {{(pid=152796) process_request /opt/stack/glance/glance/api/middleware/version_negotiation.py:69}}
Jul 21 23:45:25 ubuntu devstack@g-api.service[152796]: DEBUG glance.api.middleware.version_negotiation [None req-bef2d638-b518-4b9a-af1e-cc7efe35f846 admin admin] new path /v2/schemas/image {{(pid=152796) process_request /opt/stack/glance/glance/api/middleware/version_negotiation.py:70}}
Jul 21 23:45:25 ubuntu devstack@g-api.service[152796]: [pid: 152796|app: 0|req: 8/17] 127.0.0.1 () {38 vars in 711 bytes} [Thu Jul 21 23:45:25 2022] GET /v2/schemas/image => generated 6083 bytes in 7 msecs (HTTP/1.1 200) 4 headers in 158 bytes (1 switches on core 0)
Jul 21 23:45:35 ubuntu devstack@g-api.service[152797]: DEBUG dbcounter [-] [152797] Writing DB stats glance:SELECT=2 {{(pid=152797) stat_writer /usr/local/lib/python3.8/dist-packages/dbcounter.py:114}}
Jul 21 23:45:38 ubuntu devstack@g-api.service[152797]: DEBUG glance.api.middleware.version_negotiation [None req-c8422587-8ec2-4488-8760-94491c8ce6d5 admin admin] Determining version of request: GET / Accept: application/json {{(pid=152797) process_request /opt/stack/glance/glance/api/middleware/version_negotiation.py:44}}
Jul 21 23:45:38 ubuntu devstack@g-api.service[152797]: DEBUG glance.api.middleware.version_negotiation [None req-c8422587-8ec2-4488-8760-94491c8ce6d5 admin admin] Using url versioning {{(pid=152797) process_request /opt/stack/glance/glance/api/middleware/version_negotiation.py:57}}
Jul 21 23:45:38 ubuntu devstack@g-api.service[152797]: DEBUG glance.api.middleware.version_negotiation [None req-c8422587-8ec2-4488-8760-94491c8ce6d5 admin admin] Unknown version. Returning version choices. {{(pid=152797) process_request /opt/stack/glance/glance/api/middleware/version_negotiation.py:64}}
Jul 21 23:45:38 ubuntu devstack@g-api.service[152797]: [pid: 152797|app: 0|req: 10/18] 127.0.0.1 () {34 vars in 492 bytes} [Thu Jul 21 23:45:38 2022] GET / => generated 1323 bytes in 3 msecs (HTTP/1.1 300) 3 headers in 106 bytes (1 switches on core 0)
Jul 21 23:45:38 ubuntu devstack@g-api.service[152796]: DEBUG glance.api.middleware.version_negotiation [None req-2cb7328f-398c-4886-9c14-dfd21de792da admin admin] Determining version of request: GET /v2/images/e4e48ef4-fa4b-48d6-9860-247e5b341eb0 Accept: */* {{(pid=152796) process_request /opt/stack/glance/glance/api/middleware/version_negotiation.py:44}}
Jul 21 23:45:38 ubuntu devstack@g-api.service[152796]: DEBUG glance.api.middleware.version_negotiation [None req-2cb7328f-398c-4886-9c14-dfd21de792da admin admin] Using url versioning {{(pid=152796) process_request /opt/stack/glance/glance/api/middleware/version_negotiation.py:57}}
Jul 21 23:45:38 ubuntu devstack@g-api.service[152796]: DEBUG glance.api.middleware.version_negotiation [None req-2cb7328f-398c-4886-9c14-dfd21de792da admin admin] Matched version: v2 {{(pid=152796) process_request /opt/stack/glance/glance/api/middleware/version_negotiation.py:69}}
Jul 21 23:45:38 ubuntu devstack@g-api.service[152796]: DEBUG glance.api.middleware.version_negotiation [None req-2cb7328f-398c-4886-9c14-dfd21de792da admin admin] new path /v2/images/e4e48ef4-fa4b-48d6-9860-247e5b341eb0 {{(pid=152796) process_request /opt/stack/glance/glance/api/middleware/version_negotiation.py:70}}
Jul 21 23:45:38 ubuntu devstack@g-api.service[152796]: WARNING keystonemiddleware.auth_token [None req-2cb7328f-398c-4886-9c14-dfd21de792da admin admin] A valid token was submitted as a service token, but it was not a valid service token. This is incorrect but backwards compatible behaviour. This will be removed in future releases.
Jul 21 23:45:38 ubuntu devstack@g-api.service[152796]: [pid: 152796|app: 0|req: 9/19] 127.0.0.1 () {42 vars in 1049 bytes} [Thu Jul 21 23:45:38 2022] GET /v2/images/e4e48ef4-fa4b-48d6-9860-247e5b341eb0 => generated 976 bytes in 100 msecs (HTTP/1.1 200) 4 headers in 157 bytes (1 switches on core 0)
Jul 21 23:45:38 ubuntu devstack@g-api.service[152797]: DEBUG glance.api.middleware.version_negotiation [None req-c8422587-8ec2-4488-8760-94491c8ce6d5 admin admin] Determining version of request: GET /v2/schemas/image Accept: */* {{(pid=152797) process_request /opt/stack/glance/glance/api/middleware/version_negotiation.py:44}}
Jul 21 23:45:38 ubuntu devstack@g-api.service[152797]: DEBUG glance.api.middleware.version_negotiation [None req-c8422587-8ec2-4488-8760-94491c8ce6d5 admin admin] Using url versioning {{(pid=152797) process_request /opt/stack/glance/glance/api/middleware/version_negotiation.py:57}}
Jul 21 23:45:38 ubuntu devstack@g-api.service[152797]: DEBUG glance.api.middleware.version_negotiation [None req-c8422587-8ec2-4488-8760-94491c8ce6d5 admin admin] Matched version: v2 {{(pid=152797) process_request /opt/stack/glance/glance/api/middleware/version_negotiation.py:69}}
Jul 21 23:45:38 ubuntu devstack@g-api.service[152797]: DEBUG glance.api.middleware.version_negotiation [None req-c8422587-8ec2-4488-8760-94491c8ce6d5 admin admin] new path /v2/schemas/image {{(pid=152797) process_request /opt/stack/glance/glance/api/middleware/version_negotiation.py:70}}
Jul 21 23:45:38 ubuntu devstack@g-api.service[152797]: WARNING keystonemiddleware.auth_token [None req-c8422587-8ec2-4488-8760-94491c8ce6d5 admin admin] A valid token was submitted as a service token, but it was not a valid service token. This is incorrect but backwards compatible behaviour. This will be removed in future releases.
Jul 21 23:45:38 ubuntu devstack@g-api.service[152797]: [pid: 152797|app: 0|req: 11/20] 127.0.0.1 () {42 vars in 989 bytes} [Thu Jul 21 23:45:38 2022] GET /v2/schemas/image => generated 6083 bytes in 6 msecs (HTTP/1.1 200) 4 headers in 158 bytes (1 switches on core 0)
Jul 21 23:45:40 ubuntu devstack@g-api.service[152796]: DEBUG glance.api.middleware.version_negotiation [None req-8100b071-b63c-45a2-8d88-87f0ec4885ca tempest-VolumesAdminNegativeTest-724912326 tempest-VolumesAdminNegativeTest-724912326-project] Determining version of request: GET /v2/images/e4e48ef4-fa4b-48d6-9860-247e5b341eb0 Accept: */* {{(pid=152796) process_request /opt/stack/glance/glance/api/middleware/version_negotiation.py:44}}
Jul 21 23:45:40 ubuntu devstack@g-api.service[152796]: DEBUG glance.api.middleware.version_negotiation [None req-8100b071-b63c-45a2-8d88-87f0ec4885ca tempest-VolumesAdminNegativeTest-724912326 tempest-VolumesAdminNegativeTest-724912326-project] Using url versioning {{(pid=152796) process_request /opt/stack/glance/glance/api/middleware/version_negotiation.py:57}}
Jul 21 23:45:40 ubuntu devstack@g-api.service[152796]: DEBUG glance.api.middleware.version_negotiation [None req-8100b071-b63c-45a2-8d88-87f0ec4885ca tempest-VolumesAdminNegativeTest-724912326 tempest-VolumesAdminNegativeTest-724912326-project] Matched version: v2 {{(pid=152796) process_request /opt/stack/glance/glance/api/middleware/version_negotiation.py:69}}
Jul 21 23:45:40 ubuntu devstack@g-api.service[152796]: DEBUG glance.api.middleware.version_negotiation [None req-8100b071-b63c-45a2-8d88-87f0ec4885ca tempest-VolumesAdminNegativeTest-724912326 tempest-VolumesAdminNegativeTest-724912326-project] new path /v2/images/e4e48ef4-fa4b-48d6-9860-247e5b341eb0 {{(pid=152796) process_request /opt/stack/glance/glance/api/middleware/version_negotiation.py:70}}
Jul 21 23:45:40 ubuntu devstack@g-api.service[152796]: [pid: 152796|app: 0|req: 10/21] 127.0.0.1 () {42 vars in 1049 bytes} [Thu Jul 21 23:45:40 2022] GET /v2/images/e4e48ef4-fa4b-48d6-9860-247e5b341eb0 => generated 976 bytes in 13 msecs (HTTP/1.1 200) 4 headers in 157 bytes (1 switches on core 0)
Jul 21 23:45:40 ubuntu devstack@g-api.service[152797]: DEBUG glance.api.middleware.version_negotiation [None req-8100b071-b63c-45a2-8d88-87f0ec4885ca tempest-VolumesAdminNegativeTest-724912326 tempest-VolumesAdminNegativeTest-724912326-project] Determining version of request: GET /v2/images/e4e48ef4-fa4b-48d6-9860-247e5b341eb0/file Accept: */* {{(pid=152797) process_request /opt/stack/glance/glance/api/middleware/version_negotiation.py:44}}
Jul 21 23:45:40 ubuntu devstack@g-api.service[152797]: DEBUG glance.api.middleware.version_negotiation [None req-8100b071-b63c-45a2-8d88-87f0ec4885ca tempest-VolumesAdminNegativeTest-724912326 tempest-VolumesAdminNegativeTest-724912326-project] Using url versioning {{(pid=152797) process_request /opt/stack/glance/glance/api/middleware/version_negotiation.py:57}}
Jul 21 23:45:40 ubuntu devstack@g-api.service[152797]: DEBUG glance.api.middleware.version_negotiation [None req-8100b071-b63c-45a2-8d88-87f0ec4885ca tempest-VolumesAdminNegativeTest-724912326 tempest-VolumesAdminNegativeTest-724912326-project] Matched version: v2 {{(pid=152797) process_request /opt/stack/glance/glance/api/middleware/version_negotiation.py:69}}
Jul 21 23:45:40 ubuntu devstack@g-api.service[152797]: DEBUG glance.api.middleware.version_negotiation [None req-8100b071-b63c-45a2-8d88-87f0ec4885ca tempest-VolumesAdminNegativeTest-724912326 tempest-VolumesAdminNegativeTest-724912326-project] new path /v2/images/e4e48ef4-fa4b-48d6-9860-247e5b341eb0/file {{(pid=152797) process_request /opt/stack/glance/glance/api/middleware/version_negotiation.py:70}}
Jul 21 23:45:40 ubuntu devstack@g-api.service[152797]: DEBUG glance_store.backend [None req-8100b071-b63c-45a2-8d88-87f0ec4885ca tempest-VolumesAdminNegativeTest-724912326 tempest-VolumesAdminNegativeTest-724912326-project] Attempting to import store swift {{(pid=152797) _load_store /usr/local/lib/python3.8/dist-packages/glance_store/backend.py:216}}
Jul 21 23:45:40 ubuntu devstack@g-api.service[152797]: DEBUG glance_store.capabilities [None req-8100b071-b63c-45a2-8d88-87f0ec4885ca tempest-VolumesAdminNegativeTest-724912326 tempest-VolumesAdminNegativeTest-724912326-project] Store glance_store._drivers.swift.store.SingleTenantStore doesn't support updating dynamic storage capabilities. Please overwrite 'update_capabilities' method of the store to implement updating logics if needed. {{(pid=152797) update_capabilities /usr/local/lib/python3.8/dist-packages/glance_store/capabilities.py:91}}
Jul 21 23:45:40 ubuntu devstack@g-api.service[152797]: DEBUG glance_store.driver [None req-8100b071-b63c-45a2-8d88-87f0ec4885ca tempest-VolumesAdminNegativeTest-724912326 tempest-VolumesAdminNegativeTest-724912326-project] Late loading location class glance_store._drivers.swift.store.StoreLocation {{(pid=152797) get_store_location_class /usr/local/lib/python3.8/dist-packages/glance_store/driver.py:116}}
Jul 21 23:45:40 ubuntu devstack@g-api.service[152797]: DEBUG glance_store.location [None req-8100b071-b63c-45a2-8d88-87f0ec4885ca tempest-VolumesAdminNegativeTest-724912326 tempest-VolumesAdminNegativeTest-724912326-project] Registering scheme swift+https with {'store': <glance_store._drivers.swift.store.SingleTenantStore object at 0x7fcc3ea642e0>, 'location_class': <class 'glance_store._drivers.swift.store.StoreLocation'>, 'store_entry': 'swift'} {{(pid=152797) register_scheme_map /usr/local/lib/python3.8/dist-packages/glance_store/location.py:146}}
Jul 21 23:45:40 ubuntu devstack@g-api.service[152797]: DEBUG glance_store.location [None req-8100b071-b63c-45a2-8d88-87f0ec4885ca tempest-VolumesAdminNegativeTest-724912326 tempest-VolumesAdminNegativeTest-724912326-project] Registering scheme swift+https with {'store': <glance_store._drivers.swift.store.SingleTenantStore object at 0x7fcc3ea642e0>, 'location_class': <class 'glance_store._drivers.swift.store.StoreLocation'>, 'store_entry': 'swift'} {{(pid=152797) register_scheme_map /usr/local/lib/python3.8/dist-packages/glance_store/location.py:146}}
Jul 21 23:45:40 ubuntu devstack@g-api.service[152797]: DEBUG glance_store.location [None req-8100b071-b63c-45a2-8d88-87f0ec4885ca tempest-VolumesAdminNegativeTest-724912326 tempest-VolumesAdminNegativeTest-724912326-project] Registering scheme swift with {'store': <glance_store._drivers.swift.store.SingleTenantStore object at 0x7fcc3ea642e0>, 'location_class': <class 'glance_store._drivers.swift.store.StoreLocation'>, 'store_entry': 'swift'} {{(pid=152797) register_scheme_map /usr/local/lib/python3.8/dist-packages/glance_store/location.py:146}}
Jul 21 23:45:40 ubuntu devstack@g-api.service[152797]: DEBUG glance_store.location [None req-8100b071-b63c-45a2-8d88-87f0ec4885ca tempest-VolumesAdminNegativeTest-724912326 tempest-VolumesAdminNegativeTest-724912326-project] Registering scheme swift+https with {'store': <glance_store._drivers.swift.store.SingleTenantStore object at 0x7fcc3ea642e0>, 'location_class': <class 'glance_store._drivers.swift.store.StoreLocation'>, 'store_entry': 'swift'} {{(pid=152797) register_scheme_map /usr/local/lib/python3.8/dist-packages/glance_store/location.py:146}}
Jul 21 23:45:40 ubuntu devstack@g-api.service[152797]: DEBUG glance_store.location [None req-8100b071-b63c-45a2-8d88-87f0ec4885ca tempest-VolumesAdminNegativeTest-724912326 tempest-VolumesAdminNegativeTest-724912326-project] Registering scheme swift with {'store': <glance_store._drivers.swift.store.SingleTenantStore object at 0x7fcc3ea642e0>, 'location_class': <class 'glance_store._drivers.swift.store.StoreLocation'>, 'store_entry': 'swift'} {{(pid=152797) register_scheme_map /usr/local/lib/python3.8/dist-packages/glance_store/location.py:146}}
Jul 21 23:45:40 ubuntu devstack@g-api.service[152797]: DEBUG glance_store.location [None req-8100b071-b63c-45a2-8d88-87f0ec4885ca tempest-VolumesAdminNegativeTest-724912326 tempest-VolumesAdminNegativeTest-724912326-project] Registering scheme swift+http with {'store': <glance_store._drivers.swift.store.SingleTenantStore object at 0x7fcc3ea642e0>, 'location_class': <class 'glance_store._drivers.swift.store.StoreLocation'>, 'store_entry': 'swift'} {{(pid=152797) register_scheme_map /usr/local/lib/python3.8/dist-packages/glance_store/location.py:146}}
Jul 21 23:45:40 ubuntu devstack@g-api.service[152797]: DEBUG glance_store.location [None req-8100b071-b63c-45a2-8d88-87f0ec4885ca tempest-VolumesAdminNegativeTest-724912326 tempest-VolumesAdminNegativeTest-724912326-project] Registering scheme swift+https with {'store': <glance_store._drivers.swift.store.SingleTenantStore object at 0x7fcc3ea642e0>, 'location_class': <class 'glance_store._drivers.swift.store.StoreLocation'>, 'store_entry': 'swift'} {{(pid=152797) register_scheme_map /usr/local/lib/python3.8/dist-packages/glance_store/location.py:146}}
Jul 21 23:45:40 ubuntu devstack@g-api.service[152797]: DEBUG glance_store.location [None req-8100b071-b63c-45a2-8d88-87f0ec4885ca tempest-VolumesAdminNegativeTest-724912326 tempest-VolumesAdminNegativeTest-724912326-project] Registering scheme swift with {'store': <glance_store._drivers.swift.store.SingleTenantStore object at 0x7fcc3ea642e0>, 'location_class': <class 'glance_store._drivers.swift.store.StoreLocation'>, 'store_entry': 'swift'} {{(pid=152797) register_scheme_map /usr/local/lib/python3.8/dist-packages/glance_store/location.py:146}}
Jul 21 23:45:40 ubuntu devstack@g-api.service[152797]: DEBUG glance_store.location [None req-8100b071-b63c-45a2-8d88-87f0ec4885ca tempest-VolumesAdminNegativeTest-724912326 tempest-VolumesAdminNegativeTest-724912326-project] Registering scheme swift+http with {'store': <glance_store._drivers.swift.store.SingleTenantStore object at 0x7fcc3ea642e0>, 'location_class': <class 'glance_store._drivers.swift.store.StoreLocation'>, 'store_entry': 'swift'} {{(pid=152797) register_scheme_map /usr/local/lib/python3.8/dist-packages/glance_store/location.py:146}}
Jul 21 23:45:40 ubuntu devstack@g-api.service[152797]: DEBUG glance_store.location [None req-8100b071-b63c-45a2-8d88-87f0ec4885ca tempest-VolumesAdminNegativeTest-724912326 tempest-VolumesAdminNegativeTest-724912326-project] Registering scheme swift+config with {'store': <glance_store._drivers.swift.store.SingleTenantStore object at 0x7fcc3ea642e0>, 'location_class': <class 'glance_store._drivers.swift.store.StoreLocation'>, 'store_entry': 'swift'} {{(pid=152797) register_scheme_map /usr/local/lib/python3.8/dist-packages/glance_store/location.py:146}}
Jul 21 23:45:40 ubuntu devstack@g-api.service[152797]: DEBUG swiftclient [None req-8100b071-b63c-45a2-8d88-87f0ec4885ca tempest-VolumesAdminNegativeTest-724912326 tempest-VolumesAdminNegativeTest-724912326-project] REQ: curl -i http://192.168.79.49:8080/v1/AUTH_ae3c6ce7d15c49f6a79db83b88b69cdc/glance/e4e48ef4-fa4b-48d6-9860-247e5b341eb0 -X GET -H "X-Auth-Token: gAAAAABi2eUkzGRa..." {{(pid=152797) http_log /usr/local/lib/python3.8/dist-packages/swiftclient/client.py:157}}
Jul 21 23:45:40 ubuntu devstack@g-api.service[152797]: DEBUG swiftclient [None req-8100b071-b63c-45a2-8d88-87f0ec4885ca tempest-VolumesAdminNegativeTest-724912326 tempest-VolumesAdminNegativeTest-724912326-project] RESP STATUS: 200 OK {{(pid=152797) http_log /usr/local/lib/python3.8/dist-packages/swiftclient/client.py:158}}
Jul 21 23:45:40 ubuntu devstack@g-api.service[152797]: DEBUG swiftclient [None req-8100b071-b63c-45a2-8d88-87f0ec4885ca tempest-VolumesAdminNegativeTest-724912326 tempest-VolumesAdminNegativeTest-724912326-project] RESP HEADERS: {'Content-Type': 'application/octet-stream', 'Etag': '1d3062cd89af34e419f7100277f38b2b', 'Last-Modified': 'Thu, 21 Jul 2022 23:39:44 GMT', 'X-Timestamp': '1658446783.10509', 'Accept-Ranges': 'bytes', 'Content-Length': '16338944', 'X-Trans-Id': 'txbe018619589e4b70b57fc-0062d9e524', 'X-Openstack-Request-Id': 'txbe018619589e4b70b57fc-0062d9e524', 'Date': 'Thu, 21 Jul 2022 23:45:40 GMT'} {{(pid=152797) http_log /usr/local/lib/python3.8/dist-packages/swiftclient/client.py:159}}
Jul 21 23:45:40 ubuntu devstack@g-api.service[152797]: DEBUG glance.image_cache [None req-8100b071-b63c-45a2-8d88-87f0ec4885ca tempest-VolumesAdminNegativeTest-724912326 tempest-VolumesAdminNegativeTest-724912326-project] Tee'ing image 'e4e48ef4-fa4b-48d6-9860-247e5b341eb0' into cache {{(pid=152797) get_caching_iter /opt/stack/glance/glance/image_cache/__init__.py:343}}
Jul 21 23:45:40 ubuntu devstack@g-api.service[152797]: DEBUG glance.image_cache.drivers.sqlite [None req-8100b071-b63c-45a2-8d88-87f0ec4885ca tempest-VolumesAdminNegativeTest-724912326 tempest-VolumesAdminNegativeTest-724912326-project] Fetch finished, moving '/opt/stack/data/glance/cache/incomplete/e4e48ef4-fa4b-48d6-9860-247e5b341eb0' to '/opt/stack/data/glance/cache/e4e48ef4-fa4b-48d6-9860-247e5b341eb0' {{(pid=152797) commit /opt/stack/glance/glance/image_cache/drivers/sqlite.py:324}}
Jul 21 23:45:40 ubuntu devstack@g-api.service[152797]: [pid: 152797|app: 0|req: 12/22] 127.0.0.1 () {42 vars in 1059 bytes} [Thu Jul 21 23:45:40 2022] GET /v2/images/e4e48ef4-fa4b-48d6-9860-247e5b341eb0/file => generated 16338944 bytes in 393 msecs (HTTP/1.1 200) 4 headers in 191 bytes (250 switches on core 0)
Jul 21 23:45:50 ubuntu devstack@g-api.service[152796]: DEBUG dbcounter [-] [152796] Writing DB stats glance:SELECT=8 {{(pid=152796) stat_writer /usr/local/lib/python3.8/dist-packages/dbcounter.py:114}}
Jul 21 23:45:50 ubuntu devstack@g-api.service[152797]: DEBUG dbcounter [-] [152797] Writing DB stats glance:SELECT=8 {{(pid=152797) stat_writer /usr/local/lib/python3.8/dist-packages/dbcounter.py:114}}
Jul 21 23:46:06 ubuntu devstack@g-api.service[152796]: DEBUG glance.api.middleware.version_negotiation [None req-8100b071-b63c-45a2-8d88-87f0ec4885ca tempest-VolumesAdminNegativeTest-724912326 tempest-VolumesAdminNegativeTest-724912326-project] Determining version of request: GET / Accept: application/json {{(pid=152796) process_request /opt/stack/glance/glance/api/middleware/version_negotiation.py:44}}
Jul 21 23:46:06 ubuntu devstack@g-api.service[152796]: DEBUG glance.api.middleware.version_negotiation [None req-8100b071-b63c-45a2-8d88-87f0ec4885ca tempest-VolumesAdminNegativeTest-724912326 tempest-VolumesAdminNegativeTest-724912326-project] Using url versioning {{(pid=152796) process_request /opt/stack/glance/glance/api/middleware/version_negotiation.py:57}}
Jul 21 23:46:06 ubuntu devstack@g-api.service[152796]: DEBUG glance.api.middleware.version_negotiation [None req-8100b071-b63c-45a2-8d88-87f0ec4885ca tempest-VolumesAdminNegativeTest-724912326 tempest-VolumesAdminNegativeTest-724912326-project] Unknown version. Returning version choices. {{(pid=152796) process_request /opt/stack/glance/glance/api/middleware/version_negotiation.py:64}}
Jul 21 23:46:06 ubuntu devstack@g-api.service[152796]: [pid: 152796|app: 0|req: 11/23] 127.0.0.1 () {34 vars in 492 bytes} [Thu Jul 21 23:46:06 2022] GET / => generated 1323 bytes in 2 msecs (HTTP/1.1 300) 3 headers in 106 bytes (1 switches on core 0)
Jul 21 23:46:06 ubuntu devstack@g-api.service[152797]: DEBUG glance.api.middleware.version_negotiation [None req-8100b071-b63c-45a2-8d88-87f0ec4885ca tempest-VolumesAdminNegativeTest-724912326 tempest-VolumesAdminNegativeTest-724912326-project] Determining version of request: GET /v2/images/e4e48ef4-fa4b-48d6-9860-247e5b341eb0 Accept: */* {{(pid=152797) process_request /opt/stack/glance/glance/api/middleware/version_negotiation.py:44}}
Jul 21 23:46:06 ubuntu devstack@g-api.service[152797]: DEBUG glance.api.middleware.version_negotiation [None req-8100b071-b63c-45a2-8d88-87f0ec4885ca tempest-VolumesAdminNegativeTest-724912326 tempest-VolumesAdminNegativeTest-724912326-project] Using url versioning {{(pid=152797) process_request /opt/stack/glance/glance/api/middleware/version_negotiation.py:57}}
Jul 21 23:46:06 ubuntu devstack@g-api.service[152797]: DEBUG glance.api.middleware.version_negotiation [None req-8100b071-b63c-45a2-8d88-87f0ec4885ca tempest-VolumesAdminNegativeTest-724912326 tempest-VolumesAdminNegativeTest-724912326-project] Matched version: v2 {{(pid=152797) process_request /opt/stack/glance/glance/api/middleware/version_negotiation.py:69}}
Jul 21 23:46:06 ubuntu devstack@g-api.service[152797]: DEBUG glance.api.middleware.version_negotiation [None req-8100b071-b63c-45a2-8d88-87f0ec4885ca tempest-VolumesAdminNegativeTest-724912326 tempest-VolumesAdminNegativeTest-724912326-project] new path /v2/images/e4e48ef4-fa4b-48d6-9860-247e5b341eb0 {{(pid=152797) process_request /opt/stack/glance/glance/api/middleware/version_negotiation.py:70}}
Jul 21 23:46:06 ubuntu devstack@g-api.service[152797]: [pid: 152797|app: 0|req: 13/24] 127.0.0.1 () {42 vars in 1049 bytes} [Thu Jul 21 23:46:06 2022] GET /v2/images/e4e48ef4-fa4b-48d6-9860-247e5b341eb0 => generated 976 bytes in 17 msecs (HTTP/1.1 200) 4 headers in 157 bytes (1 switches on core 0)
Jul 21 23:46:06 ubuntu devstack@g-api.service[152796]: DEBUG glance.api.middleware.version_negotiation [None req-8100b071-b63c-45a2-8d88-87f0ec4885ca tempest-VolumesAdminNegativeTest-724912326 tempest-VolumesAdminNegativeTest-724912326-project] Determining version of request: GET /v2/schemas/image Accept: */* {{(pid=152796) process_request /opt/stack/glance/glance/api/middleware/version_negotiation.py:44}}
Jul 21 23:46:06 ubuntu devstack@g-api.service[152796]: DEBUG glance.api.middleware.version_negotiation [None req-8100b071-b63c-45a2-8d88-87f0ec4885ca tempest-VolumesAdminNegativeTest-724912326 tempest-VolumesAdminNegativeTest-724912326-project] Using url versioning {{(pid=152796) process_request /opt/stack/glance/glance/api/middleware/version_negotiation.py:57}}
Jul 21 23:46:06 ubuntu devstack@g-api.service[152796]: DEBUG glance.api.middleware.version_negotiation [None req-8100b071-b63c-45a2-8d88-87f0ec4885ca tempest-VolumesAdminNegativeTest-724912326 tempest-VolumesAdminNegativeTest-724912326-project] Matched version: v2 {{(pid=152796) process_request /opt/stack/glance/glance/api/middleware/version_negotiation.py:69}}
Jul 21 23:46:06 ubuntu devstack@g-api.service[152796]: DEBUG glance.api.middleware.version_negotiation [None req-8100b071-b63c-45a2-8d88-87f0ec4885ca tempest-VolumesAdminNegativeTest-724912326 tempest-VolumesAdminNegativeTest-724912326-project] new path /v2/schemas/image {{(pid=152796) process_request /opt/stack/glance/glance/api/middleware/version_negotiation.py:70}}
Jul 21 23:46:06 ubuntu devstack@g-api.service[152796]: [pid: 152796|app: 0|req: 12/25] 127.0.0.1 () {42 vars in 989 bytes} [Thu Jul 21 23:46:06 2022] GET /v2/schemas/image => generated 6083 bytes in 10 msecs (HTTP/1.1 200) 4 headers in 158 bytes (1 switches on core 0)
Jul 21 23:46:16 ubuntu devstack@g-api.service[152797]: DEBUG dbcounter [-] [152797] Writing DB stats glance:SELECT=4 {{(pid=152797) stat_writer /usr/local/lib/python3.8/dist-packages/dbcounter.py:114}}
Jul 21 23:46:36 ubuntu devstack@g-api.service[152797]: DEBUG glance.api.middleware.version_negotiation [None req-d114fe32-1cf1-4410-9a2a-25c22ac38783 tempest-DeleteServersTestJSON-609908659 tempest-DeleteServersTestJSON-609908659-project] Determining version of request: GET /v2/images/e4e48ef4-fa4b-48d6-9860-247e5b341eb0 Accept: */* {{(pid=152797) process_request /opt/stack/glance/glance/api/middleware/version_negotiation.py:44}}
Jul 21 23:46:36 ubuntu devstack@g-api.service[152797]: DEBUG glance.api.middleware.version_negotiation [None req-d114fe32-1cf1-4410-9a2a-25c22ac38783 tempest-DeleteServersTestJSON-609908659 tempest-DeleteServersTestJSON-609908659-project] Using url versioning {{(pid=152797) process_request /opt/stack/glance/glance/api/middleware/version_negotiation.py:57}}
Jul 21 23:46:36 ubuntu devstack@g-api.service[152797]: DEBUG glance.api.middleware.version_negotiation [None req-d114fe32-1cf1-4410-9a2a-25c22ac38783 tempest-DeleteServersTestJSON-609908659 tempest-DeleteServersTestJSON-609908659-project] Matched version: v2 {{(pid=152797) process_request /opt/stack/glance/glance/api/middleware/version_negotiation.py:69}}
Jul 21 23:46:36 ubuntu devstack@g-api.service[152797]: DEBUG glance.api.middleware.version_negotiation [None req-d114fe32-1cf1-4410-9a2a-25c22ac38783 tempest-DeleteServersTestJSON-609908659 tempest-DeleteServersTestJSON-609908659-project] new path /v2/images/e4e48ef4-fa4b-48d6-9860-247e5b341eb0 {{(pid=152797) process_request /opt/stack/glance/glance/api/middleware/version_negotiation.py:70}}
Jul 21 23:46:36 ubuntu devstack@g-api.service[152797]: [pid: 152797|app: 0|req: 14/26] 127.0.0.1 () {42 vars in 1049 bytes} [Thu Jul 21 23:46:36 2022] GET /v2/images/e4e48ef4-fa4b-48d6-9860-247e5b341eb0 => generated 976 bytes in 19 msecs (HTTP/1.1 200) 4 headers in 157 bytes (1 switches on core 0)
