Mar 30 01:26:10 ubuntu devstack@g-api.service[122940]: DEBUG glance_store.location [None req-559b1e08-5e84-4a42-a100-7f8b07a51d5d admin admin] Registering scheme swift+https with {'store': <glance_store._drivers.swift.store.SingleTenantStore object at 0x7fa6b689a0a0>, 'location_class': <class 'glance_store._drivers.swift.store.StoreLocation'>, 'store_entry': 'swift'} {{(pid=122940) register_scheme_map /usr/local/lib/python3.8/dist-packages/glance_store/location.py:146}}
Mar 30 01:26:10 ubuntu devstack@g-api.service[122940]: DEBUG glance_store.location [None req-559b1e08-5e84-4a42-a100-7f8b07a51d5d admin admin] Registering scheme swift+https with {'store': <glance_store._drivers.swift.store.SingleTenantStore object at 0x7fa6b689a0a0>, 'location_class': <class 'glance_store._drivers.swift.store.StoreLocation'>, 'store_entry': 'swift'} {{(pid=122940) register_scheme_map /usr/local/lib/python3.8/dist-packages/glance_store/location.py:146}}
Mar 30 01:26:10 ubuntu devstack@g-api.service[122940]: DEBUG glance_store.location [None req-559b1e08-5e84-4a42-a100-7f8b07a51d5d admin admin] Registering scheme swift with {'store': <glance_store._drivers.swift.store.SingleTenantStore object at 0x7fa6b689a0a0>, 'location_class': <class 'glance_store._drivers.swift.store.StoreLocation'>, 'store_entry': 'swift'} {{(pid=122940) register_scheme_map /usr/local/lib/python3.8/dist-packages/glance_store/location.py:146}}
Mar 30 01:26:10 ubuntu devstack@g-api.service[122940]: DEBUG glance_store.location [None req-559b1e08-5e84-4a42-a100-7f8b07a51d5d admin admin] Registering scheme swift+https with {'store': <glance_store._drivers.swift.store.SingleTenantStore object at 0x7fa6b689a0a0>, 'location_class': <class 'glance_store._drivers.swift.store.StoreLocation'>, 'store_entry': 'swift'} {{(pid=122940) register_scheme_map /usr/local/lib/python3.8/dist-packages/glance_store/location.py:146}}
Mar 30 01:26:10 ubuntu devstack@g-api.service[122940]: DEBUG glance_store.location [None req-559b1e08-5e84-4a42-a100-7f8b07a51d5d admin admin] Registering scheme swift with {'store': <glance_store._drivers.swift.store.SingleTenantStore object at 0x7fa6b689a0a0>, 'location_class': <class 'glance_store._drivers.swift.store.StoreLocation'>, 'store_entry': 'swift'} {{(pid=122940) register_scheme_map /usr/local/lib/python3.8/dist-packages/glance_store/location.py:146}}
Mar 30 01:26:10 ubuntu devstack@g-api.service[122940]: DEBUG glance_store.location [None req-559b1e08-5e84-4a42-a100-7f8b07a51d5d admin admin] Registering scheme swift+http with {'store': <glance_store._drivers.swift.store.SingleTenantStore object at 0x7fa6b689a0a0>, 'location_class': <class 'glance_store._drivers.swift.store.StoreLocation'>, 'store_entry': 'swift'} {{(pid=122940) register_scheme_map /usr/local/lib/python3.8/dist-packages/glance_store/location.py:146}}
Mar 30 01:26:10 ubuntu devstack@g-api.service[122940]: DEBUG glance_store.location [None req-559b1e08-5e84-4a42-a100-7f8b07a51d5d admin admin] Registering scheme swift+https with {'store': <glance_store._drivers.swift.store.SingleTenantStore object at 0x7fa6b689a0a0>, 'location_class': <class 'glance_store._drivers.swift.store.StoreLocation'>, 'store_entry': 'swift'} {{(pid=122940) register_scheme_map /usr/local/lib/python3.8/dist-packages/glance_store/location.py:146}}
Mar 30 01:26:10 ubuntu devstack@g-api.service[122940]: DEBUG glance_store.location [None req-559b1e08-5e84-4a42-a100-7f8b07a51d5d admin admin] Registering scheme swift with {'store': <glance_store._drivers.swift.store.SingleTenantStore object at 0x7fa6b689a0a0>, 'location_class': <class 'glance_store._drivers.swift.store.StoreLocation'>, 'store_entry': 'swift'} {{(pid=122940) register_scheme_map /usr/local/lib/python3.8/dist-packages/glance_store/location.py:146}}
Mar 30 01:26:10 ubuntu devstack@g-api.service[122940]: DEBUG glance_store.location [None req-559b1e08-5e84-4a42-a100-7f8b07a51d5d admin admin] Registering scheme swift+http with {'store': <glance_store._drivers.swift.store.SingleTenantStore object at 0x7fa6b689a0a0>, 'location_class': <class 'glance_store._drivers.swift.store.StoreLocation'>, 'store_entry': 'swift'} {{(pid=122940) register_scheme_map /usr/local/lib/python3.8/dist-packages/glance_store/location.py:146}}
Mar 30 01:26:10 ubuntu devstack@g-api.service[122940]: DEBUG glance_store.location [None req-559b1e08-5e84-4a42-a100-7f8b07a51d5d admin admin] Registering scheme swift+config with {'store': <glance_store._drivers.swift.store.SingleTenantStore object at 0x7fa6b689a0a0>, 'location_class': <class 'glance_store._drivers.swift.store.StoreLocation'>, 'store_entry': 'swift'} {{(pid=122940) register_scheme_map /usr/local/lib/python3.8/dist-packages/glance_store/location.py:146}}
Mar 30 01:26:10 ubuntu devstack@g-api.service[122940]: DEBUG glance_store.backend [None req-559b1e08-5e84-4a42-a100-7f8b07a51d5d admin admin] Skipping store.set_acls... not implemented. {{(pid=122940) set_acls /usr/local/lib/python3.8/dist-packages/glance_store/backend.py:509}}
Mar 30 01:26:10 ubuntu devstack@g-api.service[122940]: [pid: 122940|app: 0|req: 3/4] 127.0.0.1 () {40 vars in 862 bytes} [Wed Mar 30 01:26:08 2022] PUT /v2/images/4488a1d2-e6a3-45bf-ae26-8c6a9c037284/file => generated 0 bytes in 2166 msecs (HTTP/1.1 204) 4 headers in 171 bytes (1 switches on core 0)
Mar 30 01:26:44 ubuntu devstack@g-api.service[122938]: DEBUG glance.api.middleware.version_negotiation [None req-03a9002a-2158-41ee-ad93-dcae3ab1de61 admin admin] Determining version of request: GET / Accept: application/json {{(pid=122938) process_request /opt/stack/glance/glance/api/middleware/version_negotiation.py:44}}
Mar 30 01:26:44 ubuntu devstack@g-api.service[122938]: DEBUG glance.api.middleware.version_negotiation [None req-03a9002a-2158-41ee-ad93-dcae3ab1de61 admin admin] Using url versioning {{(pid=122938) process_request /opt/stack/glance/glance/api/middleware/version_negotiation.py:57}}
Mar 30 01:26:44 ubuntu devstack@g-api.service[122938]: DEBUG glance.api.middleware.version_negotiation [None req-03a9002a-2158-41ee-ad93-dcae3ab1de61 admin admin] Unknown version. Returning version choices. {{(pid=122938) process_request /opt/stack/glance/glance/api/middleware/version_negotiation.py:64}}
Mar 30 01:26:44 ubuntu devstack@g-api.service[122938]: [pid: 122938|app: 0|req: 2/5] 127.0.0.1 () {34 vars in 506 bytes} [Wed Mar 30 01:26:44 2022] GET / => generated 1213 bytes in 6 msecs (HTTP/1.1 300) 3 headers in 106 bytes (1 switches on core 0)
Mar 30 01:26:44 ubuntu devstack@g-api.service[122940]: DEBUG glance.api.middleware.version_negotiation [None req-559b1e08-5e84-4a42-a100-7f8b07a51d5d admin admin] Determining version of request: GET /v2/images Accept: application/json {{(pid=122940) process_request /opt/stack/glance/glance/api/middleware/version_negotiation.py:44}}
Mar 30 01:26:44 ubuntu devstack@g-api.service[122940]: DEBUG glance.api.middleware.version_negotiation [None req-559b1e08-5e84-4a42-a100-7f8b07a51d5d admin admin] Using url versioning {{(pid=122940) process_request /opt/stack/glance/glance/api/middleware/version_negotiation.py:57}}
Mar 30 01:26:44 ubuntu devstack@g-api.service[122940]: DEBUG glance.api.middleware.version_negotiation [None req-559b1e08-5e84-4a42-a100-7f8b07a51d5d admin admin] Matched version: v2 {{(pid=122940) process_request /opt/stack/glance/glance/api/middleware/version_negotiation.py:69}}
Mar 30 01:26:44 ubuntu devstack@g-api.service[122940]: DEBUG glance.api.middleware.version_negotiation [None req-559b1e08-5e84-4a42-a100-7f8b07a51d5d admin admin] new path /v2/images {{(pid=122940) process_request /opt/stack/glance/glance/api/middleware/version_negotiation.py:70}}
Mar 30 01:26:44 ubuntu devstack@g-api.service[122940]: [pid: 122940|app: 0|req: 4/6] 127.0.0.1 () {36 vars in 728 bytes} [Wed Mar 30 01:26:44 2022] GET /v2/images => generated 1045 bytes in 106 msecs (HTTP/1.1 200) 4 headers in 158 bytes (1 switches on core 0)
Mar 30 01:26:51 ubuntu devstack@g-api.service[122938]: DEBUG glance.api.middleware.version_negotiation [None req-03a9002a-2158-41ee-ad93-dcae3ab1de61 admin admin] Determining version of request: GET / Accept: application/json {{(pid=122938) process_request /opt/stack/glance/glance/api/middleware/version_negotiation.py:44}}
Mar 30 01:26:51 ubuntu devstack@g-api.service[122938]: DEBUG glance.api.middleware.version_negotiation [None req-03a9002a-2158-41ee-ad93-dcae3ab1de61 admin admin] Using url versioning {{(pid=122938) process_request /opt/stack/glance/glance/api/middleware/version_negotiation.py:57}}
Mar 30 01:26:51 ubuntu devstack@g-api.service[122938]: DEBUG glance.api.middleware.version_negotiation [None req-03a9002a-2158-41ee-ad93-dcae3ab1de61 admin admin] Unknown version. Returning version choices. {{(pid=122938) process_request /opt/stack/glance/glance/api/middleware/version_negotiation.py:64}}
Mar 30 01:26:51 ubuntu devstack@g-api.service[122938]: [pid: 122938|app: 0|req: 3/7] 127.0.0.1 () {34 vars in 506 bytes} [Wed Mar 30 01:26:51 2022] GET / => generated 1213 bytes in 2 msecs (HTTP/1.1 300) 3 headers in 106 bytes (1 switches on core 0)
Mar 30 01:26:51 ubuntu devstack@g-api.service[122940]: DEBUG glance.api.middleware.version_negotiation [None req-e256c472-97ff-4559-9688-1a5cb75d7191 admin admin] Determining version of request: GET /v2/images/4488a1d2-e6a3-45bf-ae26-8c6a9c037284 Accept: */* {{(pid=122940) process_request /opt/stack/glance/glance/api/middleware/version_negotiation.py:44}}
Mar 30 01:26:51 ubuntu devstack@g-api.service[122940]: DEBUG glance.api.middleware.version_negotiation [None req-e256c472-97ff-4559-9688-1a5cb75d7191 admin admin] Using url versioning {{(pid=122940) process_request /opt/stack/glance/glance/api/middleware/version_negotiation.py:57}}
Mar 30 01:26:51 ubuntu devstack@g-api.service[122940]: DEBUG glance.api.middleware.version_negotiation [None req-e256c472-97ff-4559-9688-1a5cb75d7191 admin admin] Matched version: v2 {{(pid=122940) process_request /opt/stack/glance/glance/api/middleware/version_negotiation.py:69}}
Mar 30 01:26:51 ubuntu devstack@g-api.service[122940]: DEBUG glance.api.middleware.version_negotiation [None req-e256c472-97ff-4559-9688-1a5cb75d7191 admin admin] new path /v2/images/4488a1d2-e6a3-45bf-ae26-8c6a9c037284 {{(pid=122940) process_request /opt/stack/glance/glance/api/middleware/version_negotiation.py:70}}
Mar 30 01:26:51 ubuntu devstack@g-api.service[122940]: [pid: 122940|app: 0|req: 5/8] 127.0.0.1 () {36 vars in 789 bytes} [Wed Mar 30 01:26:51 2022] GET /v2/images/4488a1d2-e6a3-45bf-ae26-8c6a9c037284 => generated 976 bytes in 50 msecs (HTTP/1.1 200) 4 headers in 157 bytes (1 switches on core 0)
Mar 30 01:26:54 ubuntu devstack@g-api.service[122938]: DEBUG glance.api.middleware.version_negotiation [None req-03a9002a-2158-41ee-ad93-dcae3ab1de61 admin admin] Determining version of request: GET / Accept: application/json {{(pid=122938) process_request /opt/stack/glance/glance/api/middleware/version_negotiation.py:44}}
Mar 30 01:26:54 ubuntu devstack@g-api.service[122938]: DEBUG glance.api.middleware.version_negotiation [None req-03a9002a-2158-41ee-ad93-dcae3ab1de61 admin admin] Using url versioning {{(pid=122938) process_request /opt/stack/glance/glance/api/middleware/version_negotiation.py:57}}
Mar 30 01:26:54 ubuntu devstack@g-api.service[122938]: DEBUG glance.api.middleware.version_negotiation [None req-03a9002a-2158-41ee-ad93-dcae3ab1de61 admin admin] Unknown version. Returning version choices. {{(pid=122938) process_request /opt/stack/glance/glance/api/middleware/version_negotiation.py:64}}
Mar 30 01:26:54 ubuntu devstack@g-api.service[122938]: [pid: 122938|app: 0|req: 4/9] 127.0.0.1 () {34 vars in 506 bytes} [Wed Mar 30 01:26:54 2022] GET / => generated 1213 bytes in 4 msecs (HTTP/1.1 300) 3 headers in 106 bytes (1 switches on core 0)
Mar 30 01:26:54 ubuntu devstack@g-api.service[122940]: DEBUG glance.api.middleware.version_negotiation [None req-187880a4-db27-4ccb-a09c-f384f1367891 admin admin] Determining version of request: GET /v2/images/4488a1d2-e6a3-45bf-ae26-8c6a9c037284 Accept: */* {{(pid=122940) process_request /opt/stack/glance/glance/api/middleware/version_negotiation.py:44}}
Mar 30 01:26:54 ubuntu devstack@g-api.service[122940]: DEBUG glance.api.middleware.version_negotiation [None req-187880a4-db27-4ccb-a09c-f384f1367891 admin admin] Using url versioning {{(pid=122940) process_request /opt/stack/glance/glance/api/middleware/version_negotiation.py:57}}
Mar 30 01:26:54 ubuntu devstack@g-api.service[122940]: DEBUG glance.api.middleware.version_negotiation [None req-187880a4-db27-4ccb-a09c-f384f1367891 admin admin] Matched version: v2 {{(pid=122940) process_request /opt/stack/glance/glance/api/middleware/version_negotiation.py:69}}
Mar 30 01:26:54 ubuntu devstack@g-api.service[122940]: DEBUG glance.api.middleware.version_negotiation [None req-187880a4-db27-4ccb-a09c-f384f1367891 admin admin] new path /v2/images/4488a1d2-e6a3-45bf-ae26-8c6a9c037284 {{(pid=122940) process_request /opt/stack/glance/glance/api/middleware/version_negotiation.py:70}}
Mar 30 01:26:54 ubuntu devstack@g-api.service[122940]: [pid: 122940|app: 0|req: 6/10] 127.0.0.1 () {36 vars in 789 bytes} [Wed Mar 30 01:26:54 2022] GET /v2/images/4488a1d2-e6a3-45bf-ae26-8c6a9c037284 => generated 976 bytes in 63 msecs (HTTP/1.1 200) 4 headers in 157 bytes (1 switches on core 0)
Mar 30 01:28:29 ubuntu devstack@g-api.service[122938]: DEBUG glance.api.middleware.version_negotiation [None req-03a9002a-2158-41ee-ad93-dcae3ab1de61 admin admin] Determining version of request: GET /v1 Accept: application/json {{(pid=122938) process_request /opt/stack/glance/glance/api/middleware/version_negotiation.py:44}}
Mar 30 01:28:29 ubuntu devstack@g-api.service[122938]: DEBUG glance.api.middleware.version_negotiation [None req-03a9002a-2158-41ee-ad93-dcae3ab1de61 admin admin] Using url versioning {{(pid=122938) process_request /opt/stack/glance/glance/api/middleware/version_negotiation.py:57}}
Mar 30 01:28:29 ubuntu devstack@g-api.service[122938]: DEBUG glance.api.middleware.version_negotiation [None req-03a9002a-2158-41ee-ad93-dcae3ab1de61 admin admin] Unknown version. Returning version choices. {{(pid=122938) process_request /opt/stack/glance/glance/api/middleware/version_negotiation.py:64}}
Mar 30 01:28:29 ubuntu devstack@g-api.service[122938]: [pid: 122938|app: 0|req: 5/11] 127.0.0.1 () {38 vars in 685 bytes} [Wed Mar 30 01:28:29 2022] GET /v1 => generated 1213 bytes in 8 msecs (HTTP/1.1 300) 3 headers in 106 bytes (1 switches on core 0)
Mar 30 01:30:45 ubuntu devstack@g-api.service[122940]: DEBUG glance.api.middleware.version_negotiation [None req-cd0f603c-8b8d-4577-86ab-6a50672ea9b7 admin admin] Determining version of request: GET /versions Accept: */* {{(pid=122940) process_request /opt/stack/glance/glance/api/middleware/version_negotiation.py:44}}
Mar 30 01:30:45 ubuntu devstack@g-api.service[122940]: [pid: 122940|app: 0|req: 7/12] 127.0.0.1 () {38 vars in 695 bytes} [Wed Mar 30 01:30:45 2022] GET /versions => generated 1213 bytes in 5 msecs (HTTP/1.1 200) 3 headers in 92 bytes (1 switches on core 0)
Mar 30 01:30:45 ubuntu devstack@g-api.service[122938]: DEBUG glance.api.middleware.version_negotiation [None req-03a9002a-2158-41ee-ad93-dcae3ab1de61 admin admin] Determining version of request: GET /v2/schemas/image Accept: */* {{(pid=122938) process_request /opt/stack/glance/glance/api/middleware/version_negotiation.py:44}}
Mar 30 01:30:45 ubuntu devstack@g-api.service[122938]: DEBUG glance.api.middleware.version_negotiation [None req-03a9002a-2158-41ee-ad93-dcae3ab1de61 admin admin] Using url versioning {{(pid=122938) process_request /opt/stack/glance/glance/api/middleware/version_negotiation.py:57}}
Mar 30 01:30:45 ubuntu devstack@g-api.service[122938]: DEBUG glance.api.middleware.version_negotiation [None req-03a9002a-2158-41ee-ad93-dcae3ab1de61 admin admin] Matched version: v2 {{(pid=122938) process_request /opt/stack/glance/glance/api/middleware/version_negotiation.py:69}}
Mar 30 01:30:45 ubuntu devstack@g-api.service[122938]: DEBUG glance.api.middleware.version_negotiation [None req-03a9002a-2158-41ee-ad93-dcae3ab1de61 admin admin] new path /v2/schemas/image {{(pid=122938) process_request /opt/stack/glance/glance/api/middleware/version_negotiation.py:70}}
Mar 30 01:30:45 ubuntu devstack@g-api.service[122938]: [pid: 122938|app: 0|req: 6/13] 127.0.0.1 () {38 vars in 711 bytes} [Wed Mar 30 01:30:45 2022] GET /v2/schemas/image => generated 6083 bytes in 96 msecs (HTTP/1.1 200) 4 headers in 158 bytes (1 switches on core 0)
Mar 30 01:30:45 ubuntu devstack@g-api.service[122940]: DEBUG glance.api.middleware.version_negotiation [None req-cd0f603c-8b8d-4577-86ab-6a50672ea9b7 admin admin] Determining version of request: GET /v2/schemas/metadefs/namespace Accept: */* {{(pid=122940) process_request /opt/stack/glance/glance/api/middleware/version_negotiation.py:44}}
Mar 30 01:30:45 ubuntu devstack@g-api.service[122940]: DEBUG glance.api.middleware.version_negotiation [None req-cd0f603c-8b8d-4577-86ab-6a50672ea9b7 admin admin] Using url versioning {{(pid=122940) process_request /opt/stack/glance/glance/api/middleware/version_negotiation.py:57}}
Mar 30 01:30:45 ubuntu devstack@g-api.service[122940]: DEBUG glance.api.middleware.version_negotiation [None req-cd0f603c-8b8d-4577-86ab-6a50672ea9b7 admin admin] Matched version: v2 {{(pid=122940) process_request /opt/stack/glance/glance/api/middleware/version_negotiation.py:69}}
Mar 30 01:30:45 ubuntu devstack@g-api.service[122940]: DEBUG glance.api.middleware.version_negotiation [None req-cd0f603c-8b8d-4577-86ab-6a50672ea9b7 admin admin] new path /v2/schemas/metadefs/namespace {{(pid=122940) process_request /opt/stack/glance/glance/api/middleware/version_negotiation.py:70}}
Mar 30 01:30:45 ubuntu devstack@g-api.service[122940]: [pid: 122940|app: 0|req: 8/14] 127.0.0.1 () {38 vars in 737 bytes} [Wed Mar 30 01:30:45 2022] GET /v2/schemas/metadefs/namespace => generated 3100 bytes in 8 msecs (HTTP/1.1 200) 4 headers in 158 bytes (1 switches on core 0)
Mar 30 01:30:45 ubuntu devstack@g-api.service[122938]: DEBUG glance.api.middleware.version_negotiation [None req-ce4fd0cc-f902-4168-b452-e46f02067804 admin admin] Determining version of request: GET /v2/schemas/metadefs/resource_type Accept: */* {{(pid=122938) process_request /opt/stack/glance/glance/api/middleware/version_negotiation.py:44}}
Mar 30 01:30:45 ubuntu devstack@g-api.service[122938]: DEBUG glance.api.middleware.version_negotiation [None req-ce4fd0cc-f902-4168-b452-e46f02067804 admin admin] Using url versioning {{(pid=122938) process_request /opt/stack/glance/glance/api/middleware/version_negotiation.py:57}}
Mar 30 01:30:45 ubuntu devstack@g-api.service[122938]: DEBUG glance.api.middleware.version_negotiation [None req-ce4fd0cc-f902-4168-b452-e46f02067804 admin admin] Matched version: v2 {{(pid=122938) process_request /opt/stack/glance/glance/api/middleware/version_negotiation.py:69}}
Mar 30 01:30:45 ubuntu devstack@g-api.service[122938]: DEBUG glance.api.middleware.version_negotiation [None req-ce4fd0cc-f902-4168-b452-e46f02067804 admin admin] new path /v2/schemas/metadefs/resource_type {{(pid=122938) process_request /opt/stack/glance/glance/api/middleware/version_negotiation.py:70}}
Mar 30 01:30:45 ubuntu devstack@g-api.service[122938]: [pid: 122938|app: 0|req: 7/15] 127.0.0.1 () {38 vars in 745 bytes} [Wed Mar 30 01:30:45 2022] GET /v2/schemas/metadefs/resource_type => generated 1262 bytes in 5 msecs (HTTP/1.1 200) 4 headers in 158 bytes (1 switches on core 0)
Mar 30 01:30:45 ubuntu devstack@g-api.service[122940]: DEBUG glance.api.middleware.version_negotiation [None req-eacd801f-1f69-4472-b465-1b25f7dc6fea admin admin] Determining version of request: GET /v2/images Accept: */* {{(pid=122940) process_request /opt/stack/glance/glance/api/middleware/version_negotiation.py:44}}
Mar 30 01:30:45 ubuntu devstack@g-api.service[122940]: DEBUG glance.api.middleware.version_negotiation [None req-eacd801f-1f69-4472-b465-1b25f7dc6fea admin admin] Using url versioning {{(pid=122940) process_request /opt/stack/glance/glance/api/middleware/version_negotiation.py:57}}
Mar 30 01:30:45 ubuntu devstack@g-api.service[122940]: DEBUG glance.api.middleware.version_negotiation [None req-eacd801f-1f69-4472-b465-1b25f7dc6fea admin admin] Matched version: v2 {{(pid=122940) process_request /opt/stack/glance/glance/api/middleware/version_negotiation.py:69}}
Mar 30 01:30:45 ubuntu devstack@g-api.service[122940]: DEBUG glance.api.middleware.version_negotiation [None req-eacd801f-1f69-4472-b465-1b25f7dc6fea admin admin] new path /v2/images {{(pid=122940) process_request /opt/stack/glance/glance/api/middleware/version_negotiation.py:70}}
Mar 30 01:30:46 ubuntu devstack@g-api.service[122940]: [pid: 122940|app: 0|req: 9/16] 127.0.0.1 () {38 vars in 768 bytes} [Wed Mar 30 01:30:45 2022] GET /v2/images?limit=20&sort_key=name&sort_dir=asc => generated 1081 bytes in 110 msecs (HTTP/1.1 200) 4 headers in 158 bytes (1 switches on core 0)
Mar 30 01:30:46 ubuntu devstack@g-api.service[122938]: DEBUG glance.api.middleware.version_negotiation [None req-b6262f5e-cc2f-4214-8272-6287236f438a admin admin] Determining version of request: GET /v2/schemas/image Accept: */* {{(pid=122938) process_request /opt/stack/glance/glance/api/middleware/version_negotiation.py:44}}
Mar 30 01:30:46 ubuntu devstack@g-api.service[122938]: DEBUG glance.api.middleware.version_negotiation [None req-b6262f5e-cc2f-4214-8272-6287236f438a admin admin] Using url versioning {{(pid=122938) process_request /opt/stack/glance/glance/api/middleware/version_negotiation.py:57}}
Mar 30 01:30:46 ubuntu devstack@g-api.service[122938]: DEBUG glance.api.middleware.version_negotiation [None req-b6262f5e-cc2f-4214-8272-6287236f438a admin admin] Matched version: v2 {{(pid=122938) process_request /opt/stack/glance/glance/api/middleware/version_negotiation.py:69}}
Mar 30 01:30:46 ubuntu devstack@g-api.service[122938]: DEBUG glance.api.middleware.version_negotiation [None req-b6262f5e-cc2f-4214-8272-6287236f438a admin admin] new path /v2/schemas/image {{(pid=122938) process_request /opt/stack/glance/glance/api/middleware/version_negotiation.py:70}}
Mar 30 01:30:46 ubuntu devstack@g-api.service[122938]: [pid: 122938|app: 0|req: 8/17] 127.0.0.1 () {38 vars in 711 bytes} [Wed Mar 30 01:30:46 2022] GET /v2/schemas/image => generated 6083 bytes in 5 msecs (HTTP/1.1 200) 4 headers in 158 bytes (1 switches on core 0)
Mar 30 01:30:56 ubuntu devstack@g-api.service[122940]: DEBUG glance.api.middleware.version_negotiation [None req-89a18ff1-1deb-4fd0-aa22-777e166377f0 admin admin] Determining version of request: GET / Accept: application/json {{(pid=122940) process_request /opt/stack/glance/glance/api/middleware/version_negotiation.py:44}}
Mar 30 01:30:56 ubuntu devstack@g-api.service[122940]: DEBUG glance.api.middleware.version_negotiation [None req-89a18ff1-1deb-4fd0-aa22-777e166377f0 admin admin] Using url versioning {{(pid=122940) process_request /opt/stack/glance/glance/api/middleware/version_negotiation.py:57}}
Mar 30 01:30:56 ubuntu devstack@g-api.service[122940]: DEBUG glance.api.middleware.version_negotiation [None req-89a18ff1-1deb-4fd0-aa22-777e166377f0 admin admin] Unknown version. Returning version choices. {{(pid=122940) process_request /opt/stack/glance/glance/api/middleware/version_negotiation.py:64}}
Mar 30 01:30:56 ubuntu devstack@g-api.service[122940]: [pid: 122940|app: 0|req: 10/18] 127.0.0.1 () {34 vars in 492 bytes} [Wed Mar 30 01:30:56 2022] GET / => generated 1213 bytes in 6 msecs (HTTP/1.1 300) 3 headers in 106 bytes (1 switches on core 0)
Mar 30 01:30:57 ubuntu devstack@g-api.service[122938]: DEBUG glance.api.middleware.version_negotiation [None req-159291d1-6bfc-43ba-9052-9426ecd73a68 admin admin] Determining version of request: GET /v2/images/4488a1d2-e6a3-45bf-ae26-8c6a9c037284 Accept: */* {{(pid=122938) process_request /opt/stack/glance/glance/api/middleware/version_negotiation.py:44}}
Mar 30 01:30:57 ubuntu devstack@g-api.service[122938]: DEBUG glance.api.middleware.version_negotiation [None req-159291d1-6bfc-43ba-9052-9426ecd73a68 admin admin] Using url versioning {{(pid=122938) process_request /opt/stack/glance/glance/api/middleware/version_negotiation.py:57}}
Mar 30 01:30:57 ubuntu devstack@g-api.service[122938]: DEBUG glance.api.middleware.version_negotiation [None req-159291d1-6bfc-43ba-9052-9426ecd73a68 admin admin] Matched version: v2 {{(pid=122938) process_request /opt/stack/glance/glance/api/middleware/version_negotiation.py:69}}
Mar 30 01:30:57 ubuntu devstack@g-api.service[122938]: DEBUG glance.api.middleware.version_negotiation [None req-159291d1-6bfc-43ba-9052-9426ecd73a68 admin admin] new path /v2/images/4488a1d2-e6a3-45bf-ae26-8c6a9c037284 {{(pid=122938) process_request /opt/stack/glance/glance/api/middleware/version_negotiation.py:70}}
Mar 30 01:30:57 ubuntu devstack@g-api.service[122938]: WARNING keystonemiddleware.auth_token [None req-159291d1-6bfc-43ba-9052-9426ecd73a68 admin admin] A valid token was submitted as a service token, but it was not a valid service token. This is incorrect but backwards compatible behaviour. This will be removed in future releases.
Mar 30 01:30:57 ubuntu devstack@g-api.service[122938]: [pid: 122938|app: 0|req: 9/19] 127.0.0.1 () {42 vars in 1049 bytes} [Wed Mar 30 01:30:57 2022] GET /v2/images/4488a1d2-e6a3-45bf-ae26-8c6a9c037284 => generated 976 bytes in 90 msecs (HTTP/1.1 200) 4 headers in 157 bytes (1 switches on core 0)
Mar 30 01:30:57 ubuntu devstack@g-api.service[122940]: DEBUG glance.api.middleware.version_negotiation [None req-89a18ff1-1deb-4fd0-aa22-777e166377f0 admin admin] Determining version of request: GET /v2/schemas/image Accept: */* {{(pid=122940) process_request /opt/stack/glance/glance/api/middleware/version_negotiation.py:44}}
Mar 30 01:30:57 ubuntu devstack@g-api.service[122940]: DEBUG glance.api.middleware.version_negotiation [None req-89a18ff1-1deb-4fd0-aa22-777e166377f0 admin admin] Using url versioning {{(pid=122940) process_request /opt/stack/glance/glance/api/middleware/version_negotiation.py:57}}
Mar 30 01:30:57 ubuntu devstack@g-api.service[122940]: DEBUG glance.api.middleware.version_negotiation [None req-89a18ff1-1deb-4fd0-aa22-777e166377f0 admin admin] Matched version: v2 {{(pid=122940) process_request /opt/stack/glance/glance/api/middleware/version_negotiation.py:69}}
Mar 30 01:30:57 ubuntu devstack@g-api.service[122940]: DEBUG glance.api.middleware.version_negotiation [None req-89a18ff1-1deb-4fd0-aa22-777e166377f0 admin admin] new path /v2/schemas/image {{(pid=122940) process_request /opt/stack/glance/glance/api/middleware/version_negotiation.py:70}}
Mar 30 01:30:57 ubuntu devstack@g-api.service[122940]: WARNING keystonemiddleware.auth_token [None req-89a18ff1-1deb-4fd0-aa22-777e166377f0 admin admin] A valid token was submitted as a service token, but it was not a valid service token. This is incorrect but backwards compatible behaviour. This will be removed in future releases.
Mar 30 01:30:57 ubuntu devstack@g-api.service[122940]: [pid: 122940|app: 0|req: 11/20] 127.0.0.1 () {42 vars in 989 bytes} [Wed Mar 30 01:30:57 2022] GET /v2/schemas/image => generated 6083 bytes in 13 msecs (HTTP/1.1 200) 4 headers in 158 bytes (1 switches on core 0)
Mar 30 01:30:59 ubuntu devstack@g-api.service[122938]: DEBUG glance.api.middleware.version_negotiation [None req-a512a6b3-3fed-4cb0-ac49-919dfcea7d38 tempest-UpdateMultiattachVolumeNegativeTest-1570276822 tempest-UpdateMultiattachVolumeNegativeTest-1570276822-project] Determining version of request: GET /v2/images/4488a1d2-e6a3-45bf-ae26-8c6a9c037284 Accept: */* {{(pid=122938) process_request /opt/stack/glance/glance/api/middleware/version_negotiation.py:44}}
Mar 30 01:30:59 ubuntu devstack@g-api.service[122938]: DEBUG glance.api.middleware.version_negotiation [None req-a512a6b3-3fed-4cb0-ac49-919dfcea7d38 tempest-UpdateMultiattachVolumeNegativeTest-1570276822 tempest-UpdateMultiattachVolumeNegativeTest-1570276822-project] Using url versioning {{(pid=122938) process_request /opt/stack/glance/glance/api/middleware/version_negotiation.py:57}}
Mar 30 01:30:59 ubuntu devstack@g-api.service[122938]: DEBUG glance.api.middleware.version_negotiation [None req-a512a6b3-3fed-4cb0-ac49-919dfcea7d38 tempest-UpdateMultiattachVolumeNegativeTest-1570276822 tempest-UpdateMultiattachVolumeNegativeTest-1570276822-project] Matched version: v2 {{(pid=122938) process_request /opt/stack/glance/glance/api/middleware/version_negotiation.py:69}}
Mar 30 01:30:59 ubuntu devstack@g-api.service[122938]: DEBUG glance.api.middleware.version_negotiation [None req-a512a6b3-3fed-4cb0-ac49-919dfcea7d38 tempest-UpdateMultiattachVolumeNegativeTest-1570276822 tempest-UpdateMultiattachVolumeNegativeTest-1570276822-project] new path /v2/images/4488a1d2-e6a3-45bf-ae26-8c6a9c037284 {{(pid=122938) process_request /opt/stack/glance/glance/api/middleware/version_negotiation.py:70}}
Mar 30 01:30:59 ubuntu devstack@g-api.service[122938]: [pid: 122938|app: 0|req: 10/21] 127.0.0.1 () {42 vars in 1049 bytes} [Wed Mar 30 01:30:59 2022] GET /v2/images/4488a1d2-e6a3-45bf-ae26-8c6a9c037284 => generated 976 bytes in 59 msecs (HTTP/1.1 200) 4 headers in 157 bytes (1 switches on core 0)
Mar 30 01:30:59 ubuntu devstack@g-api.service[122940]: DEBUG glance.api.middleware.version_negotiation [None req-a512a6b3-3fed-4cb0-ac49-919dfcea7d38 tempest-UpdateMultiattachVolumeNegativeTest-1570276822 tempest-UpdateMultiattachVolumeNegativeTest-1570276822-project] Determining version of request: GET /v2/images/4488a1d2-e6a3-45bf-ae26-8c6a9c037284/file Accept: */* {{(pid=122940) process_request /opt/stack/glance/glance/api/middleware/version_negotiation.py:44}}
Mar 30 01:30:59 ubuntu devstack@g-api.service[122940]: DEBUG glance.api.middleware.version_negotiation [None req-a512a6b3-3fed-4cb0-ac49-919dfcea7d38 tempest-UpdateMultiattachVolumeNegativeTest-1570276822 tempest-UpdateMultiattachVolumeNegativeTest-1570276822-project] Using url versioning {{(pid=122940) process_request /opt/stack/glance/glance/api/middleware/version_negotiation.py:57}}
Mar 30 01:30:59 ubuntu devstack@g-api.service[122940]: DEBUG glance.api.middleware.version_negotiation [None req-a512a6b3-3fed-4cb0-ac49-919dfcea7d38 tempest-UpdateMultiattachVolumeNegativeTest-1570276822 tempest-UpdateMultiattachVolumeNegativeTest-1570276822-project] Matched version: v2 {{(pid=122940) process_request /opt/stack/glance/glance/api/middleware/version_negotiation.py:69}}
Mar 30 01:30:59 ubuntu devstack@g-api.service[122940]: DEBUG glance.api.middleware.version_negotiation [None req-a512a6b3-3fed-4cb0-ac49-919dfcea7d38 tempest-UpdateMultiattachVolumeNegativeTest-1570276822 tempest-UpdateMultiattachVolumeNegativeTest-1570276822-project] new path /v2/images/4488a1d2-e6a3-45bf-ae26-8c6a9c037284/file {{(pid=122940) process_request /opt/stack/glance/glance/api/middleware/version_negotiation.py:70}}
Mar 30 01:30:59 ubuntu devstack@g-api.service[122940]: DEBUG glance_store.backend [None req-a512a6b3-3fed-4cb0-ac49-919dfcea7d38 tempest-UpdateMultiattachVolumeNegativeTest-1570276822 tempest-UpdateMultiattachVolumeNegativeTest-1570276822-project] Attempting to import store swift {{(pid=122940) _load_store /usr/local/lib/python3.8/dist-packages/glance_store/backend.py:217}}
Mar 30 01:30:59 ubuntu devstack@g-api.service[122940]: DEBUG glance_store.capabilities [None req-a512a6b3-3fed-4cb0-ac49-919dfcea7d38 tempest-UpdateMultiattachVolumeNegativeTest-1570276822 tempest-UpdateMultiattachVolumeNegativeTest-1570276822-project] Store glance_store._drivers.swift.store.SingleTenantStore doesn't support updating dynamic storage capabilities. Please overwrite 'update_capabilities' method of the store to implement updating logics if needed. {{(pid=122940) update_capabilities /usr/local/lib/python3.8/dist-packages/glance_store/capabilities.py:91}}
Mar 30 01:30:59 ubuntu devstack@g-api.service[122940]: DEBUG glance_store.driver [None req-a512a6b3-3fed-4cb0-ac49-919dfcea7d38 tempest-UpdateMultiattachVolumeNegativeTest-1570276822 tempest-UpdateMultiattachVolumeNegativeTest-1570276822-project] Late loading location class glance_store._drivers.swift.store.StoreLocation {{(pid=122940) get_store_location_class /usr/local/lib/python3.8/dist-packages/glance_store/driver.py:117}}
Mar 30 01:30:59 ubuntu devstack@g-api.service[122940]: DEBUG glance_store.location [None req-a512a6b3-3fed-4cb0-ac49-919dfcea7d38 tempest-UpdateMultiattachVolumeNegativeTest-1570276822 tempest-UpdateMultiattachVolumeNegativeTest-1570276822-project] Registering scheme swift+https with {'store': <glance_store._drivers.swift.store.SingleTenantStore object at 0x7fa6b6800f10>, 'location_class': <class 'glance_store._drivers.swift.store.StoreLocation'>, 'store_entry': 'swift'} {{(pid=122940) register_scheme_map /usr/local/lib/python3.8/dist-packages/glance_store/location.py:146}}
Mar 30 01:30:59 ubuntu devstack@g-api.service[122940]: DEBUG glance_store.location [None req-a512a6b3-3fed-4cb0-ac49-919dfcea7d38 tempest-UpdateMultiattachVolumeNegativeTest-1570276822 tempest-UpdateMultiattachVolumeNegativeTest-1570276822-project] Registering scheme swift+https with {'store': <glance_store._drivers.swift.store.SingleTenantStore object at 0x7fa6b6800f10>, 'location_class': <class 'glance_store._drivers.swift.store.StoreLocation'>, 'store_entry': 'swift'} {{(pid=122940) register_scheme_map /usr/local/lib/python3.8/dist-packages/glance_store/location.py:146}}
Mar 30 01:30:59 ubuntu devstack@g-api.service[122940]: DEBUG glance_store.location [None req-a512a6b3-3fed-4cb0-ac49-919dfcea7d38 tempest-UpdateMultiattachVolumeNegativeTest-1570276822 tempest-UpdateMultiattachVolumeNegativeTest-1570276822-project] Registering scheme swift with {'store': <glance_store._drivers.swift.store.SingleTenantStore object at 0x7fa6b6800f10>, 'location_class': <class 'glance_store._drivers.swift.store.StoreLocation'>, 'store_entry': 'swift'} {{(pid=122940) register_scheme_map /usr/local/lib/python3.8/dist-packages/glance_store/location.py:146}}
Mar 30 01:30:59 ubuntu devstack@g-api.service[122940]: DEBUG glance_store.location [None req-a512a6b3-3fed-4cb0-ac49-919dfcea7d38 tempest-UpdateMultiattachVolumeNegativeTest-1570276822 tempest-UpdateMultiattachVolumeNegativeTest-1570276822-project] Registering scheme swift+https with {'store': <glance_store._drivers.swift.store.SingleTenantStore object at 0x7fa6b6800f10>, 'location_class': <class 'glance_store._drivers.swift.store.StoreLocation'>, 'store_entry': 'swift'} {{(pid=122940) register_scheme_map /usr/local/lib/python3.8/dist-packages/glance_store/location.py:146}}
Mar 30 01:30:59 ubuntu devstack@g-api.service[122940]: DEBUG glance_store.location [None req-a512a6b3-3fed-4cb0-ac49-919dfcea7d38 tempest-UpdateMultiattachVolumeNegativeTest-1570276822 tempest-UpdateMultiattachVolumeNegativeTest-1570276822-project] Registering scheme swift with {'store': <glance_store._drivers.swift.store.SingleTenantStore object at 0x7fa6b6800f10>, 'location_class': <class 'glance_store._drivers.swift.store.StoreLocation'>, 'store_entry': 'swift'} {{(pid=122940) register_scheme_map /usr/local/lib/python3.8/dist-packages/glance_store/location.py:146}}
Mar 30 01:30:59 ubuntu devstack@g-api.service[122940]: DEBUG glance_store.location [None req-a512a6b3-3fed-4cb0-ac49-919dfcea7d38 tempest-UpdateMultiattachVolumeNegativeTest-1570276822 tempest-UpdateMultiattachVolumeNegativeTest-1570276822-project] Registering scheme swift+http with {'store': <glance_store._drivers.swift.store.SingleTenantStore object at 0x7fa6b6800f10>, 'location_class': <class 'glance_store._drivers.swift.store.StoreLocation'>, 'store_entry': 'swift'} {{(pid=122940) register_scheme_map /usr/local/lib/python3.8/dist-packages/glance_store/location.py:146}}
Mar 30 01:30:59 ubuntu devstack@g-api.service[122940]: DEBUG glance_store.location [None req-a512a6b3-3fed-4cb0-ac49-919dfcea7d38 tempest-UpdateMultiattachVolumeNegativeTest-1570276822 tempest-UpdateMultiattachVolumeNegativeTest-1570276822-project] Registering scheme swift+https with {'store': <glance_store._drivers.swift.store.SingleTenantStore object at 0x7fa6b6800f10>, 'location_class': <class 'glance_store._drivers.swift.store.StoreLocation'>, 'store_entry': 'swift'} {{(pid=122940) register_scheme_map /usr/local/lib/python3.8/dist-packages/glance_store/location.py:146}}
Mar 30 01:30:59 ubuntu devstack@g-api.service[122940]: DEBUG glance_store.location [None req-a512a6b3-3fed-4cb0-ac49-919dfcea7d38 tempest-UpdateMultiattachVolumeNegativeTest-1570276822 tempest-UpdateMultiattachVolumeNegativeTest-1570276822-project] Registering scheme swift with {'store': <glance_store._drivers.swift.store.SingleTenantStore object at 0x7fa6b6800f10>, 'location_class': <class 'glance_store._drivers.swift.store.StoreLocation'>, 'store_entry': 'swift'} {{(pid=122940) register_scheme_map /usr/local/lib/python3.8/dist-packages/glance_store/location.py:146}}
Mar 30 01:30:59 ubuntu devstack@g-api.service[122940]: DEBUG glance_store.location [None req-a512a6b3-3fed-4cb0-ac49-919dfcea7d38 tempest-UpdateMultiattachVolumeNegativeTest-1570276822 tempest-UpdateMultiattachVolumeNegativeTest-1570276822-project] Registering scheme swift+http with {'store': <glance_store._drivers.swift.store.SingleTenantStore object at 0x7fa6b6800f10>, 'location_class': <class 'glance_store._drivers.swift.store.StoreLocation'>, 'store_entry': 'swift'} {{(pid=122940) register_scheme_map /usr/local/lib/python3.8/dist-packages/glance_store/location.py:146}}
Mar 30 01:30:59 ubuntu devstack@g-api.service[122940]: DEBUG glance_store.location [None req-a512a6b3-3fed-4cb0-ac49-919dfcea7d38 tempest-UpdateMultiattachVolumeNegativeTest-1570276822 tempest-UpdateMultiattachVolumeNegativeTest-1570276822-project] Registering scheme swift+config with {'store': <glance_store._drivers.swift.store.SingleTenantStore object at 0x7fa6b6800f10>, 'location_class': <class 'glance_store._drivers.swift.store.StoreLocation'>, 'store_entry': 'swift'} {{(pid=122940) register_scheme_map /usr/local/lib/python3.8/dist-packages/glance_store/location.py:146}}
Mar 30 01:30:59 ubuntu devstack@g-api.service[122940]: DEBUG oslo_concurrency.lockutils [-] Acquired lock "glance-cache" {{(pid=122940) lock /usr/local/lib/python3.8/dist-packages/oslo_concurrency/lockutils.py:294}}
Mar 30 01:30:59 ubuntu devstack@g-api.service[122940]: DEBUG oslo_concurrency.lockutils [-] Acquired external semaphore "glance-cache" {{(pid=122940) lock /usr/local/lib/python3.8/dist-packages/oslo_concurrency/lockutils.py:302}}
Mar 30 01:30:59 ubuntu devstack@g-api.service[122940]: DEBUG glance.image_cache.prefetcher [-] Nothing to prefetch. {{(pid=122940) run /opt/stack/glance/glance/image_cache/prefetcher.py:79}}
Mar 30 01:30:59 ubuntu devstack@g-api.service[122940]: DEBUG oslo_concurrency.lockutils [-] Releasing lock "glance-cache" {{(pid=122940) lock /usr/local/lib/python3.8/dist-packages/oslo_concurrency/lockutils.py:312}}
Mar 30 01:30:59 ubuntu devstack@g-api.service[122938]: DEBUG oslo_concurrency.lockutils [-] Acquired lock "glance-cache" {{(pid=122938) lock /usr/local/lib/python3.8/dist-packages/oslo_concurrency/lockutils.py:294}}
Mar 30 01:30:59 ubuntu devstack@g-api.service[122938]: DEBUG oslo_concurrency.lockutils [-] Acquired external semaphore "glance-cache" {{(pid=122938) lock /usr/local/lib/python3.8/dist-packages/oslo_concurrency/lockutils.py:302}}
Mar 30 01:30:59 ubuntu devstack@g-api.service[122938]: DEBUG glance.image_cache.prefetcher [-] Nothing to prefetch. {{(pid=122938) run /opt/stack/glance/glance/image_cache/prefetcher.py:79}}
Mar 30 01:30:59 ubuntu devstack@g-api.service[122938]: DEBUG oslo_concurrency.lockutils [-] Releasing lock "glance-cache" {{(pid=122938) lock /usr/local/lib/python3.8/dist-packages/oslo_concurrency/lockutils.py:312}}
Mar 30 01:30:59 ubuntu devstack@g-api.service[122940]: DEBUG swiftclient [None req-a512a6b3-3fed-4cb0-ac49-919dfcea7d38 tempest-UpdateMultiattachVolumeNegativeTest-1570276822 tempest-UpdateMultiattachVolumeNegativeTest-1570276822-project] REQ: curl -i http://192.168.79.43:8080/v1/AUTH_80a5c2c4c9c24abaa2cad07eeafd4e99/glance/4488a1d2-e6a3-45bf-ae26-8c6a9c037284 -X GET -H "X-Auth-Token: gAAAAABiQ7LTGhCV..." {{(pid=122940) http_log /usr/local/lib/python3.8/dist-packages/swiftclient/client.py:187}}
Mar 30 01:30:59 ubuntu devstack@g-api.service[122940]: DEBUG swiftclient [None req-a512a6b3-3fed-4cb0-ac49-919dfcea7d38 tempest-UpdateMultiattachVolumeNegativeTest-1570276822 tempest-UpdateMultiattachVolumeNegativeTest-1570276822-project] RESP STATUS: 200 OK {{(pid=122940) http_log /usr/local/lib/python3.8/dist-packages/swiftclient/client.py:188}}
Mar 30 01:30:59 ubuntu devstack@g-api.service[122940]: DEBUG swiftclient [None req-a512a6b3-3fed-4cb0-ac49-919dfcea7d38 tempest-UpdateMultiattachVolumeNegativeTest-1570276822 tempest-UpdateMultiattachVolumeNegativeTest-1570276822-project] RESP HEADERS: {'Content-Type': 'application/octet-stream', 'Etag': '1d3062cd89af34e419f7100277f38b2b', 'Last-Modified': 'Wed, 30 Mar 2022 01:26:10 GMT', 'X-Timestamp': '1648603569.55844', 'Accept-Ranges': 'bytes', 'Content-Length': '16338944', 'X-Trans-Id': 'tx2251587419b8483ab31b9-006243b2d3', 'X-Openstack-Request-Id': 'tx2251587419b8483ab31b9-006243b2d3', 'Date': 'Wed, 30 Mar 2022 01:30:59 GMT'} {{(pid=122940) http_log /usr/local/lib/python3.8/dist-packages/swiftclient/client.py:189}}
Mar 30 01:30:59 ubuntu devstack@g-api.service[122940]: DEBUG glance.image_cache [None req-a512a6b3-3fed-4cb0-ac49-919dfcea7d38 tempest-UpdateMultiattachVolumeNegativeTest-1570276822 tempest-UpdateMultiattachVolumeNegativeTest-1570276822-project] Tee'ing image '4488a1d2-e6a3-45bf-ae26-8c6a9c037284' into cache {{(pid=122940) get_caching_iter /opt/stack/glance/glance/image_cache/__init__.py:343}}
Mar 30 01:30:59 ubuntu devstack@g-api.service[122940]: DEBUG glance.image_cache.drivers.sqlite [None req-a512a6b3-3fed-4cb0-ac49-919dfcea7d38 tempest-UpdateMultiattachVolumeNegativeTest-1570276822 tempest-UpdateMultiattachVolumeNegativeTest-1570276822-project] Fetch finished, moving '/opt/stack/data/glance/cache/incomplete/4488a1d2-e6a3-45bf-ae26-8c6a9c037284' to '/opt/stack/data/glance/cache/4488a1d2-e6a3-45bf-ae26-8c6a9c037284' {{(pid=122940) commit /opt/stack/glance/glance/image_cache/drivers/sqlite.py:324}}
Mar 30 01:30:59 ubuntu devstack@g-api.service[122940]: [pid: 122940|app: 0|req: 12/22] 127.0.0.1 () {42 vars in 1059 bytes} [Wed Mar 30 01:30:59 2022] GET /v2/images/4488a1d2-e6a3-45bf-ae26-8c6a9c037284/file => generated 16338944 bytes in 479 msecs (HTTP/1.1 200) 4 headers in 191 bytes (251 switches on core 0)
Mar 30 01:31:07 ubuntu devstack@g-api.service[122938]: DEBUG glance.api.middleware.version_negotiation [None req-a512a6b3-3fed-4cb0-ac49-919dfcea7d38 tempest-UpdateMultiattachVolumeNegativeTest-1570276822 tempest-UpdateMultiattachVolumeNegativeTest-1570276822-project] Determining version of request: GET / Accept: application/json {{(pid=122938) process_request /opt/stack/glance/glance/api/middleware/version_negotiation.py:44}}
Mar 30 01:31:07 ubuntu devstack@g-api.service[122938]: DEBUG glance.api.middleware.version_negotiation [None req-a512a6b3-3fed-4cb0-ac49-919dfcea7d38 tempest-UpdateMultiattachVolumeNegativeTest-1570276822 tempest-UpdateMultiattachVolumeNegativeTest-1570276822-project] Using url versioning {{(pid=122938) process_request /opt/stack/glance/glance/api/middleware/version_negotiation.py:57}}
Mar 30 01:31:07 ubuntu devstack@g-api.service[122938]: DEBUG glance.api.middleware.version_negotiation [None req-a512a6b3-3fed-4cb0-ac49-919dfcea7d38 tempest-UpdateMultiattachVolumeNegativeTest-1570276822 tempest-UpdateMultiattachVolumeNegativeTest-1570276822-project] Unknown version. Returning version choices. {{(pid=122938) process_request /opt/stack/glance/glance/api/middleware/version_negotiation.py:64}}
Mar 30 01:31:07 ubuntu devstack@g-api.service[122938]: [pid: 122938|app: 0|req: 11/23] 127.0.0.1 () {34 vars in 492 bytes} [Wed Mar 30 01:31:07 2022] GET / => generated 1213 bytes in 4 msecs (HTTP/1.1 300) 3 headers in 106 bytes (1 switches on core 0)
Mar 30 01:31:07 ubuntu devstack@g-api.service[122940]: DEBUG glance.api.middleware.version_negotiation [None req-a512a6b3-3fed-4cb0-ac49-919dfcea7d38 tempest-UpdateMultiattachVolumeNegativeTest-1570276822 tempest-UpdateMultiattachVolumeNegativeTest-1570276822-project] Determining version of request: GET /v2/images/4488a1d2-e6a3-45bf-ae26-8c6a9c037284 Accept: */* {{(pid=122940) process_request /opt/stack/glance/glance/api/middleware/version_negotiation.py:44}}
Mar 30 01:31:07 ubuntu devstack@g-api.service[122940]: DEBUG glance.api.middleware.version_negotiation [None req-a512a6b3-3fed-4cb0-ac49-919dfcea7d38 tempest-UpdateMultiattachVolumeNegativeTest-1570276822 tempest-UpdateMultiattachVolumeNegativeTest-1570276822-project] Using url versioning {{(pid=122940) process_request /opt/stack/glance/glance/api/middleware/version_negotiation.py:57}}
Mar 30 01:31:07 ubuntu devstack@g-api.service[122940]: DEBUG glance.api.middleware.version_negotiation [None req-a512a6b3-3fed-4cb0-ac49-919dfcea7d38 tempest-UpdateMultiattachVolumeNegativeTest-1570276822 tempest-UpdateMultiattachVolumeNegativeTest-1570276822-project] Matched version: v2 {{(pid=122940) process_request /opt/stack/glance/glance/api/middleware/version_negotiation.py:69}}
Mar 30 01:31:07 ubuntu devstack@g-api.service[122940]: DEBUG glance.api.middleware.version_negotiation [None req-a512a6b3-3fed-4cb0-ac49-919dfcea7d38 tempest-UpdateMultiattachVolumeNegativeTest-1570276822 tempest-UpdateMultiattachVolumeNegativeTest-1570276822-project] new path /v2/images/4488a1d2-e6a3-45bf-ae26-8c6a9c037284 {{(pid=122940) process_request /opt/stack/glance/glance/api/middleware/version_negotiation.py:70}}
Mar 30 01:31:07 ubuntu devstack@g-api.service[122940]: [pid: 122940|app: 0|req: 13/24] 127.0.0.1 () {42 vars in 1049 bytes} [Wed Mar 30 01:31:07 2022] GET /v2/images/4488a1d2-e6a3-45bf-ae26-8c6a9c037284 => generated 976 bytes in 17 msecs (HTTP/1.1 200) 4 headers in 157 bytes (1 switches on core 0)
Mar 30 01:31:07 ubuntu devstack@g-api.service[122938]: DEBUG glance.api.middleware.version_negotiation [None req-a512a6b3-3fed-4cb0-ac49-919dfcea7d38 tempest-UpdateMultiattachVolumeNegativeTest-1570276822 tempest-UpdateMultiattachVolumeNegativeTest-1570276822-project] Determining version of request: GET /v2/schemas/image Accept: */* {{(pid=122938) process_request /opt/stack/glance/glance/api/middleware/version_negotiation.py:44}}
Mar 30 01:31:07 ubuntu devstack@g-api.service[122938]: DEBUG glance.api.middleware.version_negotiation [None req-a512a6b3-3fed-4cb0-ac49-919dfcea7d38 tempest-UpdateMultiattachVolumeNegativeTest-1570276822 tempest-UpdateMultiattachVolumeNegativeTest-1570276822-project] Using url versioning {{(pid=122938) process_request /opt/stack/glance/glance/api/middleware/version_negotiation.py:57}}
Mar 30 01:31:07 ubuntu devstack@g-api.service[122938]: DEBUG glance.api.middleware.version_negotiation [None req-a512a6b3-3fed-4cb0-ac49-919dfcea7d38 tempest-UpdateMultiattachVolumeNegativeTest-1570276822 tempest-UpdateMultiattachVolumeNegativeTest-1570276822-project] Matched version: v2 {{(pid=122938) process_request /opt/stack/glance/glance/api/middleware/version_negotiation.py:69}}
Mar 30 01:31:07 ubuntu devstack@g-api.service[122938]: DEBUG glance.api.middleware.version_negotiation [None req-a512a6b3-3fed-4cb0-ac49-919dfcea7d38 tempest-UpdateMultiattachVolumeNegativeTest-1570276822 tempest-UpdateMultiattachVolumeNegativeTest-1570276822-project] new path /v2/schemas/image {{(pid=122938) process_request /opt/stack/glance/glance/api/middleware/version_negotiation.py:70}}
Mar 30 01:31:07 ubuntu devstack@g-api.service[122938]: [pid: 122938|app: 0|req: 12/25] 127.0.0.1 () {42 vars in 989 bytes} [Wed Mar 30 01:31:07 2022] GET /v2/schemas/image => generated 6083 bytes in 10 msecs (HTTP/1.1 200) 4 headers in 158 bytes (1 switches on core 0)
Mar 30 01:31:41 ubuntu devstack@g-api.service[122940]: DEBUG glance.api.middleware.version_negotiation [None req-4597ca7f-13ee-42b9-8515-b18314bc3fae tempest-UpdateMultiattachVolumeNegativeTest-1570276822 tempest-UpdateMultiattachVolumeNegativeTest-1570276822-project] Determining version of request: GET /v2/images/4488a1d2-e6a3-45bf-ae26-8c6a9c037284 Accept: */* {{(pid=122940) process_request /opt/stack/glance/glance/api/middleware/version_negotiation.py:44}}
Mar 30 01:31:41 ubuntu devstack@g-api.service[122940]: DEBUG glance.api.middleware.version_negotiation [None req-4597ca7f-13ee-42b9-8515-b18314bc3fae tempest-UpdateMultiattachVolumeNegativeTest-1570276822 tempest-UpdateMultiattachVolumeNegativeTest-1570276822-project] Using url versioning {{(pid=122940) process_request /opt/stack/glance/glance/api/middleware/version_negotiation.py:57}}
Mar 30 01:31:41 ubuntu devstack@g-api.service[122940]: DEBUG glance.api.middleware.version_negotiation [None req-4597ca7f-13ee-42b9-8515-b18314bc3fae tempest-UpdateMultiattachVolumeNegativeTest-1570276822 tempest-UpdateMultiattachVolumeNegativeTest-1570276822-project] Matched version: v2 {{(pid=122940) process_request /opt/stack/glance/glance/api/middleware/version_negotiation.py:69}}
Mar 30 01:31:41 ubuntu devstack@g-api.service[122940]: DEBUG glance.api.middleware.version_negotiation [None req-4597ca7f-13ee-42b9-8515-b18314bc3fae tempest-UpdateMultiattachVolumeNegativeTest-1570276822 tempest-UpdateMultiattachVolumeNegativeTest-1570276822-project] new path /v2/images/4488a1d2-e6a3-45bf-ae26-8c6a9c037284 {{(pid=122940) process_request /opt/stack/glance/glance/api/middleware/version_negotiation.py:70}}
Mar 30 01:31:41 ubuntu devstack@g-api.service[122940]: [pid: 122940|app: 0|req: 14/26] 127.0.0.1 () {42 vars in 1049 bytes} [Wed Mar 30 01:31:41 2022] GET /v2/images/4488a1d2-e6a3-45bf-ae26-8c6a9c037284 => generated 976 bytes in 22 msecs (HTTP/1.1 200) 4 headers in 157 bytes (1 switches on core 0)
