Apr 05 14:52:20 ubuntu devstack@g-api.service[137288]: DEBUG glance_store.location [None req-f1ec2b32-b291-46fe-a4f7-482ccf6c67a4 admin admin] Registering scheme swift+https with {'store': <glance_store._drivers.swift.store.SingleTenantStore object at 0x7ff72a4f1c10>, 'location_class': <class 'glance_store._drivers.swift.store.StoreLocation'>, 'store_entry': 'swift'} {{(pid=137288) register_scheme_map /usr/local/lib/python3.8/dist-packages/glance_store/location.py:146}}
Apr 05 14:52:20 ubuntu devstack@g-api.service[137288]: DEBUG glance_store.location [None req-f1ec2b32-b291-46fe-a4f7-482ccf6c67a4 admin admin] Registering scheme swift+https with {'store': <glance_store._drivers.swift.store.SingleTenantStore object at 0x7ff72a4f1c10>, 'location_class': <class 'glance_store._drivers.swift.store.StoreLocation'>, 'store_entry': 'swift'} {{(pid=137288) register_scheme_map /usr/local/lib/python3.8/dist-packages/glance_store/location.py:146}}
Apr 05 14:52:20 ubuntu devstack@g-api.service[137288]: DEBUG glance_store.location [None req-f1ec2b32-b291-46fe-a4f7-482ccf6c67a4 admin admin] Registering scheme swift with {'store': <glance_store._drivers.swift.store.SingleTenantStore object at 0x7ff72a4f1c10>, 'location_class': <class 'glance_store._drivers.swift.store.StoreLocation'>, 'store_entry': 'swift'} {{(pid=137288) register_scheme_map /usr/local/lib/python3.8/dist-packages/glance_store/location.py:146}}
Apr 05 14:52:20 ubuntu devstack@g-api.service[137288]: DEBUG glance_store.location [None req-f1ec2b32-b291-46fe-a4f7-482ccf6c67a4 admin admin] Registering scheme swift+https with {'store': <glance_store._drivers.swift.store.SingleTenantStore object at 0x7ff72a4f1c10>, 'location_class': <class 'glance_store._drivers.swift.store.StoreLocation'>, 'store_entry': 'swift'} {{(pid=137288) register_scheme_map /usr/local/lib/python3.8/dist-packages/glance_store/location.py:146}}
Apr 05 14:52:20 ubuntu devstack@g-api.service[137288]: DEBUG glance_store.location [None req-f1ec2b32-b291-46fe-a4f7-482ccf6c67a4 admin admin] Registering scheme swift with {'store': <glance_store._drivers.swift.store.SingleTenantStore object at 0x7ff72a4f1c10>, 'location_class': <class 'glance_store._drivers.swift.store.StoreLocation'>, 'store_entry': 'swift'} {{(pid=137288) register_scheme_map /usr/local/lib/python3.8/dist-packages/glance_store/location.py:146}}
Apr 05 14:52:20 ubuntu devstack@g-api.service[137288]: DEBUG glance_store.location [None req-f1ec2b32-b291-46fe-a4f7-482ccf6c67a4 admin admin] Registering scheme swift+http with {'store': <glance_store._drivers.swift.store.SingleTenantStore object at 0x7ff72a4f1c10>, 'location_class': <class 'glance_store._drivers.swift.store.StoreLocation'>, 'store_entry': 'swift'} {{(pid=137288) register_scheme_map /usr/local/lib/python3.8/dist-packages/glance_store/location.py:146}}
Apr 05 14:52:20 ubuntu devstack@g-api.service[137288]: DEBUG glance_store.location [None req-f1ec2b32-b291-46fe-a4f7-482ccf6c67a4 admin admin] Registering scheme swift+https with {'store': <glance_store._drivers.swift.store.SingleTenantStore object at 0x7ff72a4f1c10>, 'location_class': <class 'glance_store._drivers.swift.store.StoreLocation'>, 'store_entry': 'swift'} {{(pid=137288) register_scheme_map /usr/local/lib/python3.8/dist-packages/glance_store/location.py:146}}
Apr 05 14:52:20 ubuntu devstack@g-api.service[137288]: DEBUG glance_store.location [None req-f1ec2b32-b291-46fe-a4f7-482ccf6c67a4 admin admin] Registering scheme swift with {'store': <glance_store._drivers.swift.store.SingleTenantStore object at 0x7ff72a4f1c10>, 'location_class': <class 'glance_store._drivers.swift.store.StoreLocation'>, 'store_entry': 'swift'} {{(pid=137288) register_scheme_map /usr/local/lib/python3.8/dist-packages/glance_store/location.py:146}}
Apr 05 14:52:20 ubuntu devstack@g-api.service[137288]: DEBUG glance_store.location [None req-f1ec2b32-b291-46fe-a4f7-482ccf6c67a4 admin admin] Registering scheme swift+http with {'store': <glance_store._drivers.swift.store.SingleTenantStore object at 0x7ff72a4f1c10>, 'location_class': <class 'glance_store._drivers.swift.store.StoreLocation'>, 'store_entry': 'swift'} {{(pid=137288) register_scheme_map /usr/local/lib/python3.8/dist-packages/glance_store/location.py:146}}
Apr 05 14:52:20 ubuntu devstack@g-api.service[137288]: DEBUG glance_store.location [None req-f1ec2b32-b291-46fe-a4f7-482ccf6c67a4 admin admin] Registering scheme swift+config with {'store': <glance_store._drivers.swift.store.SingleTenantStore object at 0x7ff72a4f1c10>, 'location_class': <class 'glance_store._drivers.swift.store.StoreLocation'>, 'store_entry': 'swift'} {{(pid=137288) register_scheme_map /usr/local/lib/python3.8/dist-packages/glance_store/location.py:146}}
Apr 05 14:52:20 ubuntu devstack@g-api.service[137288]: DEBUG glance_store.backend [None req-f1ec2b32-b291-46fe-a4f7-482ccf6c67a4 admin admin] Skipping store.set_acls... not implemented. {{(pid=137288) set_acls /usr/local/lib/python3.8/dist-packages/glance_store/backend.py:509}}
Apr 05 14:52:20 ubuntu devstack@g-api.service[137288]: [pid: 137288|app: 0|req: 3/4] 127.0.0.1 () {40 vars in 862 bytes} [Tue Apr  5 14:52:18 2022] PUT /v2/images/7c9a3f2c-ba24-4f32-9105-f6f0f3932c1d/file => generated 0 bytes in 2011 msecs (HTTP/1.1 204) 4 headers in 171 bytes (1 switches on core 0)
Apr 05 14:52:56 ubuntu devstack@g-api.service[137289]: DEBUG glance.api.middleware.version_negotiation [None req-463366bd-0f6b-47e1-8cda-5a7a8e6f3f51 admin admin] Determining version of request: GET / Accept: application/json {{(pid=137289) process_request /opt/stack/glance/glance/api/middleware/version_negotiation.py:44}}
Apr 05 14:52:56 ubuntu devstack@g-api.service[137289]: DEBUG glance.api.middleware.version_negotiation [None req-463366bd-0f6b-47e1-8cda-5a7a8e6f3f51 admin admin] Using url versioning {{(pid=137289) process_request /opt/stack/glance/glance/api/middleware/version_negotiation.py:57}}
Apr 05 14:52:56 ubuntu devstack@g-api.service[137289]: DEBUG glance.api.middleware.version_negotiation [None req-463366bd-0f6b-47e1-8cda-5a7a8e6f3f51 admin admin] Unknown version. Returning version choices. {{(pid=137289) process_request /opt/stack/glance/glance/api/middleware/version_negotiation.py:64}}
Apr 05 14:52:56 ubuntu devstack@g-api.service[137289]: [pid: 137289|app: 0|req: 2/5] 127.0.0.1 () {34 vars in 506 bytes} [Tue Apr  5 14:52:56 2022] GET / => generated 1213 bytes in 3 msecs (HTTP/1.1 300) 3 headers in 106 bytes (1 switches on core 0)
Apr 05 14:52:56 ubuntu devstack@g-api.service[137288]: DEBUG glance.api.middleware.version_negotiation [None req-f1ec2b32-b291-46fe-a4f7-482ccf6c67a4 admin admin] Determining version of request: GET /v2/images Accept: application/json {{(pid=137288) process_request /opt/stack/glance/glance/api/middleware/version_negotiation.py:44}}
Apr 05 14:52:56 ubuntu devstack@g-api.service[137288]: DEBUG glance.api.middleware.version_negotiation [None req-f1ec2b32-b291-46fe-a4f7-482ccf6c67a4 admin admin] Using url versioning {{(pid=137288) process_request /opt/stack/glance/glance/api/middleware/version_negotiation.py:57}}
Apr 05 14:52:56 ubuntu devstack@g-api.service[137288]: DEBUG glance.api.middleware.version_negotiation [None req-f1ec2b32-b291-46fe-a4f7-482ccf6c67a4 admin admin] Matched version: v2 {{(pid=137288) process_request /opt/stack/glance/glance/api/middleware/version_negotiation.py:69}}
Apr 05 14:52:56 ubuntu devstack@g-api.service[137288]: DEBUG glance.api.middleware.version_negotiation [None req-f1ec2b32-b291-46fe-a4f7-482ccf6c67a4 admin admin] new path /v2/images {{(pid=137288) process_request /opt/stack/glance/glance/api/middleware/version_negotiation.py:70}}
Apr 05 14:52:56 ubuntu devstack@g-api.service[137288]: [pid: 137288|app: 0|req: 4/6] 127.0.0.1 () {36 vars in 728 bytes} [Tue Apr  5 14:52:56 2022] GET /v2/images => generated 1045 bytes in 119 msecs (HTTP/1.1 200) 4 headers in 158 bytes (1 switches on core 0)
Apr 05 14:53:02 ubuntu devstack@g-api.service[137289]: DEBUG glance.api.middleware.version_negotiation [None req-463366bd-0f6b-47e1-8cda-5a7a8e6f3f51 admin admin] Determining version of request: GET / Accept: application/json {{(pid=137289) process_request /opt/stack/glance/glance/api/middleware/version_negotiation.py:44}}
Apr 05 14:53:02 ubuntu devstack@g-api.service[137289]: DEBUG glance.api.middleware.version_negotiation [None req-463366bd-0f6b-47e1-8cda-5a7a8e6f3f51 admin admin] Using url versioning {{(pid=137289) process_request /opt/stack/glance/glance/api/middleware/version_negotiation.py:57}}
Apr 05 14:53:02 ubuntu devstack@g-api.service[137289]: DEBUG glance.api.middleware.version_negotiation [None req-463366bd-0f6b-47e1-8cda-5a7a8e6f3f51 admin admin] Unknown version. Returning version choices. {{(pid=137289) process_request /opt/stack/glance/glance/api/middleware/version_negotiation.py:64}}
Apr 05 14:53:02 ubuntu devstack@g-api.service[137289]: [pid: 137289|app: 0|req: 3/7] 127.0.0.1 () {34 vars in 506 bytes} [Tue Apr  5 14:53:02 2022] GET / => generated 1213 bytes in 5 msecs (HTTP/1.1 300) 3 headers in 106 bytes (1 switches on core 0)
Apr 05 14:53:02 ubuntu devstack@g-api.service[137288]: DEBUG glance.api.middleware.version_negotiation [None req-71665b43-ffd2-4785-9a8e-2dcc76fa2c5e admin admin] Determining version of request: GET /v2/images/7c9a3f2c-ba24-4f32-9105-f6f0f3932c1d Accept: */* {{(pid=137288) process_request /opt/stack/glance/glance/api/middleware/version_negotiation.py:44}}
Apr 05 14:53:02 ubuntu devstack@g-api.service[137288]: DEBUG glance.api.middleware.version_negotiation [None req-71665b43-ffd2-4785-9a8e-2dcc76fa2c5e admin admin] Using url versioning {{(pid=137288) process_request /opt/stack/glance/glance/api/middleware/version_negotiation.py:57}}
Apr 05 14:53:02 ubuntu devstack@g-api.service[137288]: DEBUG glance.api.middleware.version_negotiation [None req-71665b43-ffd2-4785-9a8e-2dcc76fa2c5e admin admin] Matched version: v2 {{(pid=137288) process_request /opt/stack/glance/glance/api/middleware/version_negotiation.py:69}}
Apr 05 14:53:02 ubuntu devstack@g-api.service[137288]: DEBUG glance.api.middleware.version_negotiation [None req-71665b43-ffd2-4785-9a8e-2dcc76fa2c5e admin admin] new path /v2/images/7c9a3f2c-ba24-4f32-9105-f6f0f3932c1d {{(pid=137288) process_request /opt/stack/glance/glance/api/middleware/version_negotiation.py:70}}
Apr 05 14:53:02 ubuntu devstack@g-api.service[137288]: [pid: 137288|app: 0|req: 5/8] 127.0.0.1 () {36 vars in 789 bytes} [Tue Apr  5 14:53:02 2022] GET /v2/images/7c9a3f2c-ba24-4f32-9105-f6f0f3932c1d => generated 976 bytes in 60 msecs (HTTP/1.1 200) 4 headers in 157 bytes (1 switches on core 0)
Apr 05 14:53:06 ubuntu devstack@g-api.service[137289]: DEBUG glance.api.middleware.version_negotiation [None req-463366bd-0f6b-47e1-8cda-5a7a8e6f3f51 admin admin] Determining version of request: GET / Accept: application/json {{(pid=137289) process_request /opt/stack/glance/glance/api/middleware/version_negotiation.py:44}}
Apr 05 14:53:06 ubuntu devstack@g-api.service[137289]: DEBUG glance.api.middleware.version_negotiation [None req-463366bd-0f6b-47e1-8cda-5a7a8e6f3f51 admin admin] Using url versioning {{(pid=137289) process_request /opt/stack/glance/glance/api/middleware/version_negotiation.py:57}}
Apr 05 14:53:06 ubuntu devstack@g-api.service[137289]: DEBUG glance.api.middleware.version_negotiation [None req-463366bd-0f6b-47e1-8cda-5a7a8e6f3f51 admin admin] Unknown version. Returning version choices. {{(pid=137289) process_request /opt/stack/glance/glance/api/middleware/version_negotiation.py:64}}
Apr 05 14:53:06 ubuntu devstack@g-api.service[137289]: [pid: 137289|app: 0|req: 4/9] 127.0.0.1 () {34 vars in 506 bytes} [Tue Apr  5 14:53:06 2022] GET / => generated 1213 bytes in 3 msecs (HTTP/1.1 300) 3 headers in 106 bytes (1 switches on core 0)
Apr 05 14:53:06 ubuntu devstack@g-api.service[137288]: DEBUG glance.api.middleware.version_negotiation [None req-00228bb6-8544-49bc-b1e4-dc9732d03944 admin admin] Determining version of request: GET /v2/images/7c9a3f2c-ba24-4f32-9105-f6f0f3932c1d Accept: */* {{(pid=137288) process_request /opt/stack/glance/glance/api/middleware/version_negotiation.py:44}}
Apr 05 14:53:06 ubuntu devstack@g-api.service[137288]: DEBUG glance.api.middleware.version_negotiation [None req-00228bb6-8544-49bc-b1e4-dc9732d03944 admin admin] Using url versioning {{(pid=137288) process_request /opt/stack/glance/glance/api/middleware/version_negotiation.py:57}}
Apr 05 14:53:06 ubuntu devstack@g-api.service[137288]: DEBUG glance.api.middleware.version_negotiation [None req-00228bb6-8544-49bc-b1e4-dc9732d03944 admin admin] Matched version: v2 {{(pid=137288) process_request /opt/stack/glance/glance/api/middleware/version_negotiation.py:69}}
Apr 05 14:53:06 ubuntu devstack@g-api.service[137288]: DEBUG glance.api.middleware.version_negotiation [None req-00228bb6-8544-49bc-b1e4-dc9732d03944 admin admin] new path /v2/images/7c9a3f2c-ba24-4f32-9105-f6f0f3932c1d {{(pid=137288) process_request /opt/stack/glance/glance/api/middleware/version_negotiation.py:70}}
Apr 05 14:53:06 ubuntu devstack@g-api.service[137288]: [pid: 137288|app: 0|req: 6/10] 127.0.0.1 () {36 vars in 789 bytes} [Tue Apr  5 14:53:06 2022] GET /v2/images/7c9a3f2c-ba24-4f32-9105-f6f0f3932c1d => generated 976 bytes in 45 msecs (HTTP/1.1 200) 4 headers in 157 bytes (1 switches on core 0)
Apr 05 14:54:42 ubuntu devstack@g-api.service[137289]: DEBUG glance.api.middleware.version_negotiation [None req-463366bd-0f6b-47e1-8cda-5a7a8e6f3f51 admin admin] Determining version of request: GET /v1 Accept: application/json {{(pid=137289) process_request /opt/stack/glance/glance/api/middleware/version_negotiation.py:44}}
Apr 05 14:54:42 ubuntu devstack@g-api.service[137289]: DEBUG glance.api.middleware.version_negotiation [None req-463366bd-0f6b-47e1-8cda-5a7a8e6f3f51 admin admin] Using url versioning {{(pid=137289) process_request /opt/stack/glance/glance/api/middleware/version_negotiation.py:57}}
Apr 05 14:54:42 ubuntu devstack@g-api.service[137289]: DEBUG glance.api.middleware.version_negotiation [None req-463366bd-0f6b-47e1-8cda-5a7a8e6f3f51 admin admin] Unknown version. Returning version choices. {{(pid=137289) process_request /opt/stack/glance/glance/api/middleware/version_negotiation.py:64}}
Apr 05 14:54:42 ubuntu devstack@g-api.service[137289]: [pid: 137289|app: 0|req: 5/11] 127.0.0.1 () {38 vars in 685 bytes} [Tue Apr  5 14:54:42 2022] GET /v1 => generated 1213 bytes in 3 msecs (HTTP/1.1 300) 3 headers in 106 bytes (1 switches on core 0)
Apr 05 14:57:02 ubuntu devstack@g-api.service[137288]: DEBUG glance.api.middleware.version_negotiation [None req-bc9f4eb4-755f-4214-a125-7f488826a749 admin admin] Determining version of request: GET /versions Accept: */* {{(pid=137288) process_request /opt/stack/glance/glance/api/middleware/version_negotiation.py:44}}
Apr 05 14:57:02 ubuntu devstack@g-api.service[137288]: [pid: 137288|app: 0|req: 7/12] 127.0.0.1 () {38 vars in 695 bytes} [Tue Apr  5 14:57:02 2022] GET /versions => generated 1213 bytes in 7 msecs (HTTP/1.1 200) 3 headers in 92 bytes (1 switches on core 0)
Apr 05 14:57:02 ubuntu devstack@g-api.service[137289]: DEBUG glance.api.middleware.version_negotiation [None req-463366bd-0f6b-47e1-8cda-5a7a8e6f3f51 admin admin] Determining version of request: GET /v2/schemas/image Accept: */* {{(pid=137289) process_request /opt/stack/glance/glance/api/middleware/version_negotiation.py:44}}
Apr 05 14:57:02 ubuntu devstack@g-api.service[137289]: DEBUG glance.api.middleware.version_negotiation [None req-463366bd-0f6b-47e1-8cda-5a7a8e6f3f51 admin admin] Using url versioning {{(pid=137289) process_request /opt/stack/glance/glance/api/middleware/version_negotiation.py:57}}
Apr 05 14:57:02 ubuntu devstack@g-api.service[137289]: DEBUG glance.api.middleware.version_negotiation [None req-463366bd-0f6b-47e1-8cda-5a7a8e6f3f51 admin admin] Matched version: v2 {{(pid=137289) process_request /opt/stack/glance/glance/api/middleware/version_negotiation.py:69}}
Apr 05 14:57:02 ubuntu devstack@g-api.service[137289]: DEBUG glance.api.middleware.version_negotiation [None req-463366bd-0f6b-47e1-8cda-5a7a8e6f3f51 admin admin] new path /v2/schemas/image {{(pid=137289) process_request /opt/stack/glance/glance/api/middleware/version_negotiation.py:70}}
Apr 05 14:57:02 ubuntu devstack@g-api.service[137289]: [pid: 137289|app: 0|req: 6/13] 127.0.0.1 () {38 vars in 711 bytes} [Tue Apr  5 14:57:02 2022] GET /v2/schemas/image => generated 6083 bytes in 103 msecs (HTTP/1.1 200) 4 headers in 158 bytes (1 switches on core 0)
Apr 05 14:57:02 ubuntu devstack@g-api.service[137288]: DEBUG glance.api.middleware.version_negotiation [None req-bc9f4eb4-755f-4214-a125-7f488826a749 admin admin] Determining version of request: GET /v2/schemas/metadefs/namespace Accept: */* {{(pid=137288) process_request /opt/stack/glance/glance/api/middleware/version_negotiation.py:44}}
Apr 05 14:57:02 ubuntu devstack@g-api.service[137288]: DEBUG glance.api.middleware.version_negotiation [None req-bc9f4eb4-755f-4214-a125-7f488826a749 admin admin] Using url versioning {{(pid=137288) process_request /opt/stack/glance/glance/api/middleware/version_negotiation.py:57}}
Apr 05 14:57:02 ubuntu devstack@g-api.service[137288]: DEBUG glance.api.middleware.version_negotiation [None req-bc9f4eb4-755f-4214-a125-7f488826a749 admin admin] Matched version: v2 {{(pid=137288) process_request /opt/stack/glance/glance/api/middleware/version_negotiation.py:69}}
Apr 05 14:57:02 ubuntu devstack@g-api.service[137288]: DEBUG glance.api.middleware.version_negotiation [None req-bc9f4eb4-755f-4214-a125-7f488826a749 admin admin] new path /v2/schemas/metadefs/namespace {{(pid=137288) process_request /opt/stack/glance/glance/api/middleware/version_negotiation.py:70}}
Apr 05 14:57:02 ubuntu devstack@g-api.service[137288]: [pid: 137288|app: 0|req: 8/14] 127.0.0.1 () {38 vars in 737 bytes} [Tue Apr  5 14:57:02 2022] GET /v2/schemas/metadefs/namespace => generated 3100 bytes in 8 msecs (HTTP/1.1 200) 4 headers in 158 bytes (1 switches on core 0)
Apr 05 14:57:02 ubuntu devstack@g-api.service[137289]: DEBUG glance.api.middleware.version_negotiation [None req-8b6a6c1f-46fb-4bf4-8fa3-5bce4fbc8dc3 admin admin] Determining version of request: GET /v2/schemas/metadefs/resource_type Accept: */* {{(pid=137289) process_request /opt/stack/glance/glance/api/middleware/version_negotiation.py:44}}
Apr 05 14:57:02 ubuntu devstack@g-api.service[137289]: DEBUG glance.api.middleware.version_negotiation [None req-8b6a6c1f-46fb-4bf4-8fa3-5bce4fbc8dc3 admin admin] Using url versioning {{(pid=137289) process_request /opt/stack/glance/glance/api/middleware/version_negotiation.py:57}}
Apr 05 14:57:02 ubuntu devstack@g-api.service[137289]: DEBUG glance.api.middleware.version_negotiation [None req-8b6a6c1f-46fb-4bf4-8fa3-5bce4fbc8dc3 admin admin] Matched version: v2 {{(pid=137289) process_request /opt/stack/glance/glance/api/middleware/version_negotiation.py:69}}
Apr 05 14:57:02 ubuntu devstack@g-api.service[137289]: DEBUG glance.api.middleware.version_negotiation [None req-8b6a6c1f-46fb-4bf4-8fa3-5bce4fbc8dc3 admin admin] new path /v2/schemas/metadefs/resource_type {{(pid=137289) process_request /opt/stack/glance/glance/api/middleware/version_negotiation.py:70}}
Apr 05 14:57:02 ubuntu devstack@g-api.service[137289]: [pid: 137289|app: 0|req: 7/15] 127.0.0.1 () {38 vars in 745 bytes} [Tue Apr  5 14:57:02 2022] GET /v2/schemas/metadefs/resource_type => generated 1262 bytes in 4 msecs (HTTP/1.1 200) 4 headers in 158 bytes (1 switches on core 0)
Apr 05 14:57:02 ubuntu devstack@g-api.service[137288]: DEBUG glance.api.middleware.version_negotiation [None req-9536665c-253b-4080-9008-f4c736b93756 admin admin] Determining version of request: GET /v2/images Accept: */* {{(pid=137288) process_request /opt/stack/glance/glance/api/middleware/version_negotiation.py:44}}
Apr 05 14:57:02 ubuntu devstack@g-api.service[137288]: DEBUG glance.api.middleware.version_negotiation [None req-9536665c-253b-4080-9008-f4c736b93756 admin admin] Using url versioning {{(pid=137288) process_request /opt/stack/glance/glance/api/middleware/version_negotiation.py:57}}
Apr 05 14:57:02 ubuntu devstack@g-api.service[137288]: DEBUG glance.api.middleware.version_negotiation [None req-9536665c-253b-4080-9008-f4c736b93756 admin admin] Matched version: v2 {{(pid=137288) process_request /opt/stack/glance/glance/api/middleware/version_negotiation.py:69}}
Apr 05 14:57:02 ubuntu devstack@g-api.service[137288]: DEBUG glance.api.middleware.version_negotiation [None req-9536665c-253b-4080-9008-f4c736b93756 admin admin] new path /v2/images {{(pid=137288) process_request /opt/stack/glance/glance/api/middleware/version_negotiation.py:70}}
Apr 05 14:57:02 ubuntu devstack@g-api.service[137288]: [pid: 137288|app: 0|req: 9/16] 127.0.0.1 () {38 vars in 768 bytes} [Tue Apr  5 14:57:02 2022] GET /v2/images?limit=20&sort_key=name&sort_dir=asc => generated 1081 bytes in 109 msecs (HTTP/1.1 200) 4 headers in 158 bytes (1 switches on core 0)
Apr 05 14:57:02 ubuntu devstack@g-api.service[137289]: DEBUG glance.api.middleware.version_negotiation [None req-69d0c2e0-e441-4a02-89e7-dfabd4228b3c admin admin] Determining version of request: GET /v2/schemas/image Accept: */* {{(pid=137289) process_request /opt/stack/glance/glance/api/middleware/version_negotiation.py:44}}
Apr 05 14:57:02 ubuntu devstack@g-api.service[137289]: DEBUG glance.api.middleware.version_negotiation [None req-69d0c2e0-e441-4a02-89e7-dfabd4228b3c admin admin] Using url versioning {{(pid=137289) process_request /opt/stack/glance/glance/api/middleware/version_negotiation.py:57}}
Apr 05 14:57:02 ubuntu devstack@g-api.service[137289]: DEBUG glance.api.middleware.version_negotiation [None req-69d0c2e0-e441-4a02-89e7-dfabd4228b3c admin admin] Matched version: v2 {{(pid=137289) process_request /opt/stack/glance/glance/api/middleware/version_negotiation.py:69}}
Apr 05 14:57:02 ubuntu devstack@g-api.service[137289]: DEBUG glance.api.middleware.version_negotiation [None req-69d0c2e0-e441-4a02-89e7-dfabd4228b3c admin admin] new path /v2/schemas/image {{(pid=137289) process_request /opt/stack/glance/glance/api/middleware/version_negotiation.py:70}}
Apr 05 14:57:02 ubuntu devstack@g-api.service[137289]: [pid: 137289|app: 0|req: 8/17] 127.0.0.1 () {38 vars in 711 bytes} [Tue Apr  5 14:57:02 2022] GET /v2/schemas/image => generated 6083 bytes in 8 msecs (HTTP/1.1 200) 4 headers in 158 bytes (1 switches on core 0)
Apr 05 14:57:09 ubuntu devstack@g-api.service[137288]: DEBUG oslo_concurrency.lockutils [-] Acquired lock "glance-cache" {{(pid=137288) lock /usr/local/lib/python3.8/dist-packages/oslo_concurrency/lockutils.py:294}}
Apr 05 14:57:09 ubuntu devstack@g-api.service[137288]: DEBUG oslo_concurrency.lockutils [-] Acquired external semaphore "glance-cache" {{(pid=137288) lock /usr/local/lib/python3.8/dist-packages/oslo_concurrency/lockutils.py:302}}
Apr 05 14:57:09 ubuntu devstack@g-api.service[137288]: DEBUG glance.image_cache.prefetcher [-] Nothing to prefetch. {{(pid=137288) run /opt/stack/glance/glance/image_cache/prefetcher.py:79}}
Apr 05 14:57:09 ubuntu devstack@g-api.service[137288]: DEBUG oslo_concurrency.lockutils [-] Releasing lock "glance-cache" {{(pid=137288) lock /usr/local/lib/python3.8/dist-packages/oslo_concurrency/lockutils.py:312}}
Apr 05 14:57:09 ubuntu devstack@g-api.service[137289]: DEBUG oslo_concurrency.lockutils [-] Acquired lock "glance-cache" {{(pid=137289) lock /usr/local/lib/python3.8/dist-packages/oslo_concurrency/lockutils.py:294}}
Apr 05 14:57:09 ubuntu devstack@g-api.service[137289]: DEBUG oslo_concurrency.lockutils [-] Acquired external semaphore "glance-cache" {{(pid=137289) lock /usr/local/lib/python3.8/dist-packages/oslo_concurrency/lockutils.py:302}}
Apr 05 14:57:09 ubuntu devstack@g-api.service[137289]: DEBUG glance.image_cache.prefetcher [-] Nothing to prefetch. {{(pid=137289) run /opt/stack/glance/glance/image_cache/prefetcher.py:79}}
Apr 05 14:57:09 ubuntu devstack@g-api.service[137289]: DEBUG oslo_concurrency.lockutils [-] Releasing lock "glance-cache" {{(pid=137289) lock /usr/local/lib/python3.8/dist-packages/oslo_concurrency/lockutils.py:312}}
Apr 05 14:57:13 ubuntu devstack@g-api.service[137288]: DEBUG glance.api.middleware.version_negotiation [None req-3128040b-fd66-4f6b-a3e4-c3799a101667 admin admin] Determining version of request: GET / Accept: application/json {{(pid=137288) process_request /opt/stack/glance/glance/api/middleware/version_negotiation.py:44}}
Apr 05 14:57:13 ubuntu devstack@g-api.service[137288]: DEBUG glance.api.middleware.version_negotiation [None req-3128040b-fd66-4f6b-a3e4-c3799a101667 admin admin] Using url versioning {{(pid=137288) process_request /opt/stack/glance/glance/api/middleware/version_negotiation.py:57}}
Apr 05 14:57:13 ubuntu devstack@g-api.service[137288]: DEBUG glance.api.middleware.version_negotiation [None req-3128040b-fd66-4f6b-a3e4-c3799a101667 admin admin] Unknown version. Returning version choices. {{(pid=137288) process_request /opt/stack/glance/glance/api/middleware/version_negotiation.py:64}}
Apr 05 14:57:13 ubuntu devstack@g-api.service[137288]: [pid: 137288|app: 0|req: 10/18] 127.0.0.1 () {34 vars in 492 bytes} [Tue Apr  5 14:57:13 2022] GET / => generated 1213 bytes in 2 msecs (HTTP/1.1 300) 3 headers in 106 bytes (1 switches on core 0)
Apr 05 14:57:13 ubuntu devstack@g-api.service[137289]: DEBUG glance.api.middleware.version_negotiation [None req-5f9891e2-9733-4b3c-ad02-7a5ae55310ac admin admin] Determining version of request: GET /v2/images/7c9a3f2c-ba24-4f32-9105-f6f0f3932c1d Accept: */* {{(pid=137289) process_request /opt/stack/glance/glance/api/middleware/version_negotiation.py:44}}
Apr 05 14:57:13 ubuntu devstack@g-api.service[137289]: DEBUG glance.api.middleware.version_negotiation [None req-5f9891e2-9733-4b3c-ad02-7a5ae55310ac admin admin] Using url versioning {{(pid=137289) process_request /opt/stack/glance/glance/api/middleware/version_negotiation.py:57}}
Apr 05 14:57:13 ubuntu devstack@g-api.service[137289]: DEBUG glance.api.middleware.version_negotiation [None req-5f9891e2-9733-4b3c-ad02-7a5ae55310ac admin admin] Matched version: v2 {{(pid=137289) process_request /opt/stack/glance/glance/api/middleware/version_negotiation.py:69}}
Apr 05 14:57:13 ubuntu devstack@g-api.service[137289]: DEBUG glance.api.middleware.version_negotiation [None req-5f9891e2-9733-4b3c-ad02-7a5ae55310ac admin admin] new path /v2/images/7c9a3f2c-ba24-4f32-9105-f6f0f3932c1d {{(pid=137289) process_request /opt/stack/glance/glance/api/middleware/version_negotiation.py:70}}
Apr 05 14:57:13 ubuntu devstack@g-api.service[137289]: WARNING keystonemiddleware.auth_token [None req-5f9891e2-9733-4b3c-ad02-7a5ae55310ac admin admin] A valid token was submitted as a service token, but it was not a valid service token. This is incorrect but backwards compatible behaviour. This will be removed in future releases.
Apr 05 14:57:13 ubuntu devstack@g-api.service[137289]: [pid: 137289|app: 0|req: 9/19] 127.0.0.1 () {42 vars in 1049 bytes} [Tue Apr  5 14:57:13 2022] GET /v2/images/7c9a3f2c-ba24-4f32-9105-f6f0f3932c1d => generated 976 bytes in 114 msecs (HTTP/1.1 200) 4 headers in 157 bytes (1 switches on core 0)
Apr 05 14:57:13 ubuntu devstack@g-api.service[137288]: DEBUG glance.api.middleware.version_negotiation [None req-3128040b-fd66-4f6b-a3e4-c3799a101667 admin admin] Determining version of request: GET /v2/schemas/image Accept: */* {{(pid=137288) process_request /opt/stack/glance/glance/api/middleware/version_negotiation.py:44}}
Apr 05 14:57:13 ubuntu devstack@g-api.service[137288]: DEBUG glance.api.middleware.version_negotiation [None req-3128040b-fd66-4f6b-a3e4-c3799a101667 admin admin] Using url versioning {{(pid=137288) process_request /opt/stack/glance/glance/api/middleware/version_negotiation.py:57}}
Apr 05 14:57:13 ubuntu devstack@g-api.service[137288]: DEBUG glance.api.middleware.version_negotiation [None req-3128040b-fd66-4f6b-a3e4-c3799a101667 admin admin] Matched version: v2 {{(pid=137288) process_request /opt/stack/glance/glance/api/middleware/version_negotiation.py:69}}
Apr 05 14:57:13 ubuntu devstack@g-api.service[137288]: DEBUG glance.api.middleware.version_negotiation [None req-3128040b-fd66-4f6b-a3e4-c3799a101667 admin admin] new path /v2/schemas/image {{(pid=137288) process_request /opt/stack/glance/glance/api/middleware/version_negotiation.py:70}}
Apr 05 14:57:13 ubuntu devstack@g-api.service[137288]: WARNING keystonemiddleware.auth_token [None req-3128040b-fd66-4f6b-a3e4-c3799a101667 admin admin] A valid token was submitted as a service token, but it was not a valid service token. This is incorrect but backwards compatible behaviour. This will be removed in future releases.
Apr 05 14:57:13 ubuntu devstack@g-api.service[137288]: [pid: 137288|app: 0|req: 11/20] 127.0.0.1 () {42 vars in 989 bytes} [Tue Apr  5 14:57:13 2022] GET /v2/schemas/image => generated 6083 bytes in 9 msecs (HTTP/1.1 200) 4 headers in 158 bytes (1 switches on core 0)
Apr 05 14:57:15 ubuntu devstack@g-api.service[137289]: DEBUG glance.api.middleware.version_negotiation [None req-ee6add8e-7377-4631-a243-0bf88703e213 tempest-UpdateMultiattachVolumeNegativeTest-1063873549 tempest-UpdateMultiattachVolumeNegativeTest-1063873549-project] Determining version of request: GET /v2/images/7c9a3f2c-ba24-4f32-9105-f6f0f3932c1d Accept: */* {{(pid=137289) process_request /opt/stack/glance/glance/api/middleware/version_negotiation.py:44}}
Apr 05 14:57:15 ubuntu devstack@g-api.service[137289]: DEBUG glance.api.middleware.version_negotiation [None req-ee6add8e-7377-4631-a243-0bf88703e213 tempest-UpdateMultiattachVolumeNegativeTest-1063873549 tempest-UpdateMultiattachVolumeNegativeTest-1063873549-project] Using url versioning {{(pid=137289) process_request /opt/stack/glance/glance/api/middleware/version_negotiation.py:57}}
Apr 05 14:57:15 ubuntu devstack@g-api.service[137289]: DEBUG glance.api.middleware.version_negotiation [None req-ee6add8e-7377-4631-a243-0bf88703e213 tempest-UpdateMultiattachVolumeNegativeTest-1063873549 tempest-UpdateMultiattachVolumeNegativeTest-1063873549-project] Matched version: v2 {{(pid=137289) process_request /opt/stack/glance/glance/api/middleware/version_negotiation.py:69}}
Apr 05 14:57:15 ubuntu devstack@g-api.service[137289]: DEBUG glance.api.middleware.version_negotiation [None req-ee6add8e-7377-4631-a243-0bf88703e213 tempest-UpdateMultiattachVolumeNegativeTest-1063873549 tempest-UpdateMultiattachVolumeNegativeTest-1063873549-project] new path /v2/images/7c9a3f2c-ba24-4f32-9105-f6f0f3932c1d {{(pid=137289) process_request /opt/stack/glance/glance/api/middleware/version_negotiation.py:70}}
Apr 05 14:57:15 ubuntu devstack@g-api.service[137289]: [pid: 137289|app: 0|req: 10/21] 127.0.0.1 () {42 vars in 1049 bytes} [Tue Apr  5 14:57:15 2022] GET /v2/images/7c9a3f2c-ba24-4f32-9105-f6f0f3932c1d => generated 976 bytes in 56 msecs (HTTP/1.1 200) 4 headers in 157 bytes (1 switches on core 0)
Apr 05 14:57:15 ubuntu devstack@g-api.service[137288]: DEBUG glance.api.middleware.version_negotiation [None req-ee6add8e-7377-4631-a243-0bf88703e213 tempest-UpdateMultiattachVolumeNegativeTest-1063873549 tempest-UpdateMultiattachVolumeNegativeTest-1063873549-project] Determining version of request: GET /v2/images/7c9a3f2c-ba24-4f32-9105-f6f0f3932c1d/file Accept: */* {{(pid=137288) process_request /opt/stack/glance/glance/api/middleware/version_negotiation.py:44}}
Apr 05 14:57:15 ubuntu devstack@g-api.service[137288]: DEBUG glance.api.middleware.version_negotiation [None req-ee6add8e-7377-4631-a243-0bf88703e213 tempest-UpdateMultiattachVolumeNegativeTest-1063873549 tempest-UpdateMultiattachVolumeNegativeTest-1063873549-project] Using url versioning {{(pid=137288) process_request /opt/stack/glance/glance/api/middleware/version_negotiation.py:57}}
Apr 05 14:57:15 ubuntu devstack@g-api.service[137288]: DEBUG glance.api.middleware.version_negotiation [None req-ee6add8e-7377-4631-a243-0bf88703e213 tempest-UpdateMultiattachVolumeNegativeTest-1063873549 tempest-UpdateMultiattachVolumeNegativeTest-1063873549-project] Matched version: v2 {{(pid=137288) process_request /opt/stack/glance/glance/api/middleware/version_negotiation.py:69}}
Apr 05 14:57:15 ubuntu devstack@g-api.service[137288]: DEBUG glance.api.middleware.version_negotiation [None req-ee6add8e-7377-4631-a243-0bf88703e213 tempest-UpdateMultiattachVolumeNegativeTest-1063873549 tempest-UpdateMultiattachVolumeNegativeTest-1063873549-project] new path /v2/images/7c9a3f2c-ba24-4f32-9105-f6f0f3932c1d/file {{(pid=137288) process_request /opt/stack/glance/glance/api/middleware/version_negotiation.py:70}}
Apr 05 14:57:15 ubuntu devstack@g-api.service[137288]: DEBUG glance_store.backend [None req-ee6add8e-7377-4631-a243-0bf88703e213 tempest-UpdateMultiattachVolumeNegativeTest-1063873549 tempest-UpdateMultiattachVolumeNegativeTest-1063873549-project] Attempting to import store swift {{(pid=137288) _load_store /usr/local/lib/python3.8/dist-packages/glance_store/backend.py:217}}
Apr 05 14:57:15 ubuntu devstack@g-api.service[137288]: DEBUG glance_store.capabilities [None req-ee6add8e-7377-4631-a243-0bf88703e213 tempest-UpdateMultiattachVolumeNegativeTest-1063873549 tempest-UpdateMultiattachVolumeNegativeTest-1063873549-project] Store glance_store._drivers.swift.store.SingleTenantStore doesn't support updating dynamic storage capabilities. Please overwrite 'update_capabilities' method of the store to implement updating logics if needed. {{(pid=137288) update_capabilities /usr/local/lib/python3.8/dist-packages/glance_store/capabilities.py:91}}
Apr 05 14:57:15 ubuntu devstack@g-api.service[137288]: DEBUG glance_store.driver [None req-ee6add8e-7377-4631-a243-0bf88703e213 tempest-UpdateMultiattachVolumeNegativeTest-1063873549 tempest-UpdateMultiattachVolumeNegativeTest-1063873549-project] Late loading location class glance_store._drivers.swift.store.StoreLocation {{(pid=137288) get_store_location_class /usr/local/lib/python3.8/dist-packages/glance_store/driver.py:117}}
Apr 05 14:57:15 ubuntu devstack@g-api.service[137288]: DEBUG glance_store.location [None req-ee6add8e-7377-4631-a243-0bf88703e213 tempest-UpdateMultiattachVolumeNegativeTest-1063873549 tempest-UpdateMultiattachVolumeNegativeTest-1063873549-project] Registering scheme swift+https with {'store': <glance_store._drivers.swift.store.SingleTenantStore object at 0x7ff72a5d94c0>, 'location_class': <class 'glance_store._drivers.swift.store.StoreLocation'>, 'store_entry': 'swift'} {{(pid=137288) register_scheme_map /usr/local/lib/python3.8/dist-packages/glance_store/location.py:146}}
Apr 05 14:57:15 ubuntu devstack@g-api.service[137288]: DEBUG glance_store.location [None req-ee6add8e-7377-4631-a243-0bf88703e213 tempest-UpdateMultiattachVolumeNegativeTest-1063873549 tempest-UpdateMultiattachVolumeNegativeTest-1063873549-project] Registering scheme swift+https with {'store': <glance_store._drivers.swift.store.SingleTenantStore object at 0x7ff72a5d94c0>, 'location_class': <class 'glance_store._drivers.swift.store.StoreLocation'>, 'store_entry': 'swift'} {{(pid=137288) register_scheme_map /usr/local/lib/python3.8/dist-packages/glance_store/location.py:146}}
Apr 05 14:57:15 ubuntu devstack@g-api.service[137288]: DEBUG glance_store.location [None req-ee6add8e-7377-4631-a243-0bf88703e213 tempest-UpdateMultiattachVolumeNegativeTest-1063873549 tempest-UpdateMultiattachVolumeNegativeTest-1063873549-project] Registering scheme swift with {'store': <glance_store._drivers.swift.store.SingleTenantStore object at 0x7ff72a5d94c0>, 'location_class': <class 'glance_store._drivers.swift.store.StoreLocation'>, 'store_entry': 'swift'} {{(pid=137288) register_scheme_map /usr/local/lib/python3.8/dist-packages/glance_store/location.py:146}}
Apr 05 14:57:15 ubuntu devstack@g-api.service[137288]: DEBUG glance_store.location [None req-ee6add8e-7377-4631-a243-0bf88703e213 tempest-UpdateMultiattachVolumeNegativeTest-1063873549 tempest-UpdateMultiattachVolumeNegativeTest-1063873549-project] Registering scheme swift+https with {'store': <glance_store._drivers.swift.store.SingleTenantStore object at 0x7ff72a5d94c0>, 'location_class': <class 'glance_store._drivers.swift.store.StoreLocation'>, 'store_entry': 'swift'} {{(pid=137288) register_scheme_map /usr/local/lib/python3.8/dist-packages/glance_store/location.py:146}}
Apr 05 14:57:15 ubuntu devstack@g-api.service[137288]: DEBUG glance_store.location [None req-ee6add8e-7377-4631-a243-0bf88703e213 tempest-UpdateMultiattachVolumeNegativeTest-1063873549 tempest-UpdateMultiattachVolumeNegativeTest-1063873549-project] Registering scheme swift with {'store': <glance_store._drivers.swift.store.SingleTenantStore object at 0x7ff72a5d94c0>, 'location_class': <class 'glance_store._drivers.swift.store.StoreLocation'>, 'store_entry': 'swift'} {{(pid=137288) register_scheme_map /usr/local/lib/python3.8/dist-packages/glance_store/location.py:146}}
Apr 05 14:57:15 ubuntu devstack@g-api.service[137288]: DEBUG glance_store.location [None req-ee6add8e-7377-4631-a243-0bf88703e213 tempest-UpdateMultiattachVolumeNegativeTest-1063873549 tempest-UpdateMultiattachVolumeNegativeTest-1063873549-project] Registering scheme swift+http with {'store': <glance_store._drivers.swift.store.SingleTenantStore object at 0x7ff72a5d94c0>, 'location_class': <class 'glance_store._drivers.swift.store.StoreLocation'>, 'store_entry': 'swift'} {{(pid=137288) register_scheme_map /usr/local/lib/python3.8/dist-packages/glance_store/location.py:146}}
Apr 05 14:57:15 ubuntu devstack@g-api.service[137288]: DEBUG glance_store.location [None req-ee6add8e-7377-4631-a243-0bf88703e213 tempest-UpdateMultiattachVolumeNegativeTest-1063873549 tempest-UpdateMultiattachVolumeNegativeTest-1063873549-project] Registering scheme swift+https with {'store': <glance_store._drivers.swift.store.SingleTenantStore object at 0x7ff72a5d94c0>, 'location_class': <class 'glance_store._drivers.swift.store.StoreLocation'>, 'store_entry': 'swift'} {{(pid=137288) register_scheme_map /usr/local/lib/python3.8/dist-packages/glance_store/location.py:146}}
Apr 05 14:57:15 ubuntu devstack@g-api.service[137288]: DEBUG glance_store.location [None req-ee6add8e-7377-4631-a243-0bf88703e213 tempest-UpdateMultiattachVolumeNegativeTest-1063873549 tempest-UpdateMultiattachVolumeNegativeTest-1063873549-project] Registering scheme swift with {'store': <glance_store._drivers.swift.store.SingleTenantStore object at 0x7ff72a5d94c0>, 'location_class': <class 'glance_store._drivers.swift.store.StoreLocation'>, 'store_entry': 'swift'} {{(pid=137288) register_scheme_map /usr/local/lib/python3.8/dist-packages/glance_store/location.py:146}}
Apr 05 14:57:15 ubuntu devstack@g-api.service[137288]: DEBUG glance_store.location [None req-ee6add8e-7377-4631-a243-0bf88703e213 tempest-UpdateMultiattachVolumeNegativeTest-1063873549 tempest-UpdateMultiattachVolumeNegativeTest-1063873549-project] Registering scheme swift+http with {'store': <glance_store._drivers.swift.store.SingleTenantStore object at 0x7ff72a5d94c0>, 'location_class': <class 'glance_store._drivers.swift.store.StoreLocation'>, 'store_entry': 'swift'} {{(pid=137288) register_scheme_map /usr/local/lib/python3.8/dist-packages/glance_store/location.py:146}}
Apr 05 14:57:15 ubuntu devstack@g-api.service[137288]: DEBUG glance_store.location [None req-ee6add8e-7377-4631-a243-0bf88703e213 tempest-UpdateMultiattachVolumeNegativeTest-1063873549 tempest-UpdateMultiattachVolumeNegativeTest-1063873549-project] Registering scheme swift+config with {'store': <glance_store._drivers.swift.store.SingleTenantStore object at 0x7ff72a5d94c0>, 'location_class': <class 'glance_store._drivers.swift.store.StoreLocation'>, 'store_entry': 'swift'} {{(pid=137288) register_scheme_map /usr/local/lib/python3.8/dist-packages/glance_store/location.py:146}}
Apr 05 14:57:15 ubuntu devstack@g-api.service[137288]: DEBUG swiftclient [None req-ee6add8e-7377-4631-a243-0bf88703e213 tempest-UpdateMultiattachVolumeNegativeTest-1063873549 tempest-UpdateMultiattachVolumeNegativeTest-1063873549-project] REQ: curl -i http://192.168.79.42:8080/v1/AUTH_0c1d813d6e924ee5a4e4966726f164b3/glance/7c9a3f2c-ba24-4f32-9105-f6f0f3932c1d -X GET -H "X-Auth-Token: gAAAAABiTFjLLXPF..." {{(pid=137288) http_log /usr/local/lib/python3.8/dist-packages/swiftclient/client.py:187}}
Apr 05 14:57:15 ubuntu devstack@g-api.service[137288]: DEBUG swiftclient [None req-ee6add8e-7377-4631-a243-0bf88703e213 tempest-UpdateMultiattachVolumeNegativeTest-1063873549 tempest-UpdateMultiattachVolumeNegativeTest-1063873549-project] RESP STATUS: 200 OK {{(pid=137288) http_log /usr/local/lib/python3.8/dist-packages/swiftclient/client.py:188}}
Apr 05 14:57:15 ubuntu devstack@g-api.service[137288]: DEBUG swiftclient [None req-ee6add8e-7377-4631-a243-0bf88703e213 tempest-UpdateMultiattachVolumeNegativeTest-1063873549 tempest-UpdateMultiattachVolumeNegativeTest-1063873549-project] RESP HEADERS: {'Content-Type': 'application/octet-stream', 'Etag': '1d3062cd89af34e419f7100277f38b2b', 'Last-Modified': 'Tue, 05 Apr 2022 14:52:21 GMT', 'X-Timestamp': '1649170340.07455', 'Accept-Ranges': 'bytes', 'Content-Length': '16338944', 'X-Trans-Id': 'tx93739e2824194595a411c-00624c58cb', 'X-Openstack-Request-Id': 'tx93739e2824194595a411c-00624c58cb', 'Date': 'Tue, 05 Apr 2022 14:57:15 GMT'} {{(pid=137288) http_log /usr/local/lib/python3.8/dist-packages/swiftclient/client.py:189}}
Apr 05 14:57:15 ubuntu devstack@g-api.service[137288]: DEBUG glance.image_cache [None req-ee6add8e-7377-4631-a243-0bf88703e213 tempest-UpdateMultiattachVolumeNegativeTest-1063873549 tempest-UpdateMultiattachVolumeNegativeTest-1063873549-project] Tee'ing image '7c9a3f2c-ba24-4f32-9105-f6f0f3932c1d' into cache {{(pid=137288) get_caching_iter /opt/stack/glance/glance/image_cache/__init__.py:343}}
Apr 05 14:57:15 ubuntu devstack@g-api.service[137288]: DEBUG glance.image_cache.drivers.sqlite [None req-ee6add8e-7377-4631-a243-0bf88703e213 tempest-UpdateMultiattachVolumeNegativeTest-1063873549 tempest-UpdateMultiattachVolumeNegativeTest-1063873549-project] Fetch finished, moving '/opt/stack/data/glance/cache/incomplete/7c9a3f2c-ba24-4f32-9105-f6f0f3932c1d' to '/opt/stack/data/glance/cache/7c9a3f2c-ba24-4f32-9105-f6f0f3932c1d' {{(pid=137288) commit /opt/stack/glance/glance/image_cache/drivers/sqlite.py:324}}
Apr 05 14:57:15 ubuntu devstack@g-api.service[137288]: [pid: 137288|app: 0|req: 12/22] 127.0.0.1 () {42 vars in 1059 bytes} [Tue Apr  5 14:57:15 2022] GET /v2/images/7c9a3f2c-ba24-4f32-9105-f6f0f3932c1d/file => generated 16338944 bytes in 453 msecs (HTTP/1.1 200) 4 headers in 191 bytes (250 switches on core 0)
Apr 05 14:57:21 ubuntu devstack@g-api.service[137289]: DEBUG glance.api.middleware.version_negotiation [None req-ee6add8e-7377-4631-a243-0bf88703e213 tempest-UpdateMultiattachVolumeNegativeTest-1063873549 tempest-UpdateMultiattachVolumeNegativeTest-1063873549-project] Determining version of request: GET / Accept: application/json {{(pid=137289) process_request /opt/stack/glance/glance/api/middleware/version_negotiation.py:44}}
Apr 05 14:57:21 ubuntu devstack@g-api.service[137289]: DEBUG glance.api.middleware.version_negotiation [None req-ee6add8e-7377-4631-a243-0bf88703e213 tempest-UpdateMultiattachVolumeNegativeTest-1063873549 tempest-UpdateMultiattachVolumeNegativeTest-1063873549-project] Using url versioning {{(pid=137289) process_request /opt/stack/glance/glance/api/middleware/version_negotiation.py:57}}
Apr 05 14:57:21 ubuntu devstack@g-api.service[137289]: DEBUG glance.api.middleware.version_negotiation [None req-ee6add8e-7377-4631-a243-0bf88703e213 tempest-UpdateMultiattachVolumeNegativeTest-1063873549 tempest-UpdateMultiattachVolumeNegativeTest-1063873549-project] Unknown version. Returning version choices. {{(pid=137289) process_request /opt/stack/glance/glance/api/middleware/version_negotiation.py:64}}
Apr 05 14:57:21 ubuntu devstack@g-api.service[137289]: [pid: 137289|app: 0|req: 11/23] 127.0.0.1 () {34 vars in 492 bytes} [Tue Apr  5 14:57:21 2022] GET / => generated 1213 bytes in 3 msecs (HTTP/1.1 300) 3 headers in 106 bytes (1 switches on core 0)
Apr 05 14:57:21 ubuntu devstack@g-api.service[137288]: DEBUG glance.api.middleware.version_negotiation [None req-ee6add8e-7377-4631-a243-0bf88703e213 tempest-UpdateMultiattachVolumeNegativeTest-1063873549 tempest-UpdateMultiattachVolumeNegativeTest-1063873549-project] Determining version of request: GET /v2/images/7c9a3f2c-ba24-4f32-9105-f6f0f3932c1d Accept: */* {{(pid=137288) process_request /opt/stack/glance/glance/api/middleware/version_negotiation.py:44}}
Apr 05 14:57:21 ubuntu devstack@g-api.service[137288]: DEBUG glance.api.middleware.version_negotiation [None req-ee6add8e-7377-4631-a243-0bf88703e213 tempest-UpdateMultiattachVolumeNegativeTest-1063873549 tempest-UpdateMultiattachVolumeNegativeTest-1063873549-project] Using url versioning {{(pid=137288) process_request /opt/stack/glance/glance/api/middleware/version_negotiation.py:57}}
Apr 05 14:57:21 ubuntu devstack@g-api.service[137288]: DEBUG glance.api.middleware.version_negotiation [None req-ee6add8e-7377-4631-a243-0bf88703e213 tempest-UpdateMultiattachVolumeNegativeTest-1063873549 tempest-UpdateMultiattachVolumeNegativeTest-1063873549-project] Matched version: v2 {{(pid=137288) process_request /opt/stack/glance/glance/api/middleware/version_negotiation.py:69}}
Apr 05 14:57:21 ubuntu devstack@g-api.service[137288]: DEBUG glance.api.middleware.version_negotiation [None req-ee6add8e-7377-4631-a243-0bf88703e213 tempest-UpdateMultiattachVolumeNegativeTest-1063873549 tempest-UpdateMultiattachVolumeNegativeTest-1063873549-project] new path /v2/images/7c9a3f2c-ba24-4f32-9105-f6f0f3932c1d {{(pid=137288) process_request /opt/stack/glance/glance/api/middleware/version_negotiation.py:70}}
Apr 05 14:57:21 ubuntu devstack@g-api.service[137288]: [pid: 137288|app: 0|req: 13/24] 127.0.0.1 () {42 vars in 1049 bytes} [Tue Apr  5 14:57:21 2022] GET /v2/images/7c9a3f2c-ba24-4f32-9105-f6f0f3932c1d => generated 976 bytes in 17 msecs (HTTP/1.1 200) 4 headers in 157 bytes (1 switches on core 0)
Apr 05 14:57:21 ubuntu devstack@g-api.service[137289]: DEBUG glance.api.middleware.version_negotiation [None req-ee6add8e-7377-4631-a243-0bf88703e213 tempest-UpdateMultiattachVolumeNegativeTest-1063873549 tempest-UpdateMultiattachVolumeNegativeTest-1063873549-project] Determining version of request: GET /v2/schemas/image Accept: */* {{(pid=137289) process_request /opt/stack/glance/glance/api/middleware/version_negotiation.py:44}}
Apr 05 14:57:21 ubuntu devstack@g-api.service[137289]: DEBUG glance.api.middleware.version_negotiation [None req-ee6add8e-7377-4631-a243-0bf88703e213 tempest-UpdateMultiattachVolumeNegativeTest-1063873549 tempest-UpdateMultiattachVolumeNegativeTest-1063873549-project] Using url versioning {{(pid=137289) process_request /opt/stack/glance/glance/api/middleware/version_negotiation.py:57}}
Apr 05 14:57:21 ubuntu devstack@g-api.service[137289]: DEBUG glance.api.middleware.version_negotiation [None req-ee6add8e-7377-4631-a243-0bf88703e213 tempest-UpdateMultiattachVolumeNegativeTest-1063873549 tempest-UpdateMultiattachVolumeNegativeTest-1063873549-project] Matched version: v2 {{(pid=137289) process_request /opt/stack/glance/glance/api/middleware/version_negotiation.py:69}}
Apr 05 14:57:21 ubuntu devstack@g-api.service[137289]: DEBUG glance.api.middleware.version_negotiation [None req-ee6add8e-7377-4631-a243-0bf88703e213 tempest-UpdateMultiattachVolumeNegativeTest-1063873549 tempest-UpdateMultiattachVolumeNegativeTest-1063873549-project] new path /v2/schemas/image {{(pid=137289) process_request /opt/stack/glance/glance/api/middleware/version_negotiation.py:70}}
Apr 05 14:57:22 ubuntu devstack@g-api.service[137289]: [pid: 137289|app: 0|req: 12/25] 127.0.0.1 () {42 vars in 989 bytes} [Tue Apr  5 14:57:21 2022] GET /v2/schemas/image => generated 6083 bytes in 9 msecs (HTTP/1.1 200) 4 headers in 158 bytes (1 switches on core 0)
Apr 05 14:57:56 ubuntu devstack@g-api.service[137288]: DEBUG glance.api.middleware.version_negotiation [None req-86f719f5-071d-481b-9e2b-6103ca8add7e tempest-UpdateMultiattachVolumeNegativeTest-1063873549 tempest-UpdateMultiattachVolumeNegativeTest-1063873549-project] Determining version of request: GET /v2/images/7c9a3f2c-ba24-4f32-9105-f6f0f3932c1d Accept: */* {{(pid=137288) process_request /opt/stack/glance/glance/api/middleware/version_negotiation.py:44}}
Apr 05 14:57:56 ubuntu devstack@g-api.service[137288]: DEBUG glance.api.middleware.version_negotiation [None req-86f719f5-071d-481b-9e2b-6103ca8add7e tempest-UpdateMultiattachVolumeNegativeTest-1063873549 tempest-UpdateMultiattachVolumeNegativeTest-1063873549-project] Using url versioning {{(pid=137288) process_request /opt/stack/glance/glance/api/middleware/version_negotiation.py:57}}
Apr 05 14:57:56 ubuntu devstack@g-api.service[137288]: DEBUG glance.api.middleware.version_negotiation [None req-86f719f5-071d-481b-9e2b-6103ca8add7e tempest-UpdateMultiattachVolumeNegativeTest-1063873549 tempest-UpdateMultiattachVolumeNegativeTest-1063873549-project] Matched version: v2 {{(pid=137288) process_request /opt/stack/glance/glance/api/middleware/version_negotiation.py:69}}
Apr 05 14:57:56 ubuntu devstack@g-api.service[137288]: DEBUG glance.api.middleware.version_negotiation [None req-86f719f5-071d-481b-9e2b-6103ca8add7e tempest-UpdateMultiattachVolumeNegativeTest-1063873549 tempest-UpdateMultiattachVolumeNegativeTest-1063873549-project] new path /v2/images/7c9a3f2c-ba24-4f32-9105-f6f0f3932c1d {{(pid=137288) process_request /opt/stack/glance/glance/api/middleware/version_negotiation.py:70}}
Apr 05 14:57:56 ubuntu devstack@g-api.service[137288]: [pid: 137288|app: 0|req: 14/26] 127.0.0.1 () {42 vars in 1049 bytes} [Tue Apr  5 14:57:56 2022] GET /v2/images/7c9a3f2c-ba24-4f32-9105-f6f0f3932c1d => generated 976 bytes in 25 msecs (HTTP/1.1 200) 4 headers in 157 bytes (1 switches on core 0)
