Jul 02 03:07:55 ubuntu devstack@g-api.service[124466]: DEBUG glance_store.backend [None req-5ca23ebb-67a9-4e28-b081-e548846a4277 admin admin] Attempting to import store swift {{(pid=124466) _load_store /usr/local/lib/python3.8/dist-packages/glance_store/backend.py:217}}
Jul 02 03:07:55 ubuntu devstack@g-api.service[124466]: DEBUG glance_store.capabilities [None req-5ca23ebb-67a9-4e28-b081-e548846a4277 admin admin] Store glance_store._drivers.swift.store.SingleTenantStore doesn't support updating dynamic storage capabilities. Please overwrite 'update_capabilities' method of the store to implement updating logics if needed. {{(pid=124466) update_capabilities /usr/local/lib/python3.8/dist-packages/glance_store/capabilities.py:91}}
Jul 02 03:07:55 ubuntu devstack@g-api.service[124466]: DEBUG glance_store.driver [None req-5ca23ebb-67a9-4e28-b081-e548846a4277 admin admin] Late loading location class glance_store._drivers.swift.store.StoreLocation {{(pid=124466) get_store_location_class /usr/local/lib/python3.8/dist-packages/glance_store/driver.py:117}}
Jul 02 03:07:55 ubuntu devstack@g-api.service[124466]: DEBUG glance_store.location [None req-5ca23ebb-67a9-4e28-b081-e548846a4277 admin admin] Registering scheme swift+https with {'store': <glance_store._drivers.swift.store.SingleTenantStore object at 0x7fd2e82ce880>, 'location_class': <class 'glance_store._drivers.swift.store.StoreLocation'>, 'store_entry': 'swift'} {{(pid=124466) register_scheme_map /usr/local/lib/python3.8/dist-packages/glance_store/location.py:146}}
Jul 02 03:07:55 ubuntu devstack@g-api.service[124466]: DEBUG glance_store.location [None req-5ca23ebb-67a9-4e28-b081-e548846a4277 admin admin] Registering scheme swift+https with {'store': <glance_store._drivers.swift.store.SingleTenantStore object at 0x7fd2e82ce880>, 'location_class': <class 'glance_store._drivers.swift.store.StoreLocation'>, 'store_entry': 'swift'} {{(pid=124466) register_scheme_map /usr/local/lib/python3.8/dist-packages/glance_store/location.py:146}}
Jul 02 03:07:55 ubuntu devstack@g-api.service[124466]: DEBUG glance_store.location [None req-5ca23ebb-67a9-4e28-b081-e548846a4277 admin admin] Registering scheme swift with {'store': <glance_store._drivers.swift.store.SingleTenantStore object at 0x7fd2e82ce880>, 'location_class': <class 'glance_store._drivers.swift.store.StoreLocation'>, 'store_entry': 'swift'} {{(pid=124466) register_scheme_map /usr/local/lib/python3.8/dist-packages/glance_store/location.py:146}}
Jul 02 03:07:55 ubuntu devstack@g-api.service[124466]: DEBUG glance_store.location [None req-5ca23ebb-67a9-4e28-b081-e548846a4277 admin admin] Registering scheme swift+https with {'store': <glance_store._drivers.swift.store.SingleTenantStore object at 0x7fd2e82ce880>, 'location_class': <class 'glance_store._drivers.swift.store.StoreLocation'>, 'store_entry': 'swift'} {{(pid=124466) register_scheme_map /usr/local/lib/python3.8/dist-packages/glance_store/location.py:146}}
Jul 02 03:07:55 ubuntu devstack@g-api.service[124466]: DEBUG glance_store.location [None req-5ca23ebb-67a9-4e28-b081-e548846a4277 admin admin] Registering scheme swift with {'store': <glance_store._drivers.swift.store.SingleTenantStore object at 0x7fd2e82ce880>, 'location_class': <class 'glance_store._drivers.swift.store.StoreLocation'>, 'store_entry': 'swift'} {{(pid=124466) register_scheme_map /usr/local/lib/python3.8/dist-packages/glance_store/location.py:146}}
Jul 02 03:07:55 ubuntu devstack@g-api.service[124466]: DEBUG glance_store.location [None req-5ca23ebb-67a9-4e28-b081-e548846a4277 admin admin] Registering scheme swift+http with {'store': <glance_store._drivers.swift.store.SingleTenantStore object at 0x7fd2e82ce880>, 'location_class': <class 'glance_store._drivers.swift.store.StoreLocation'>, 'store_entry': 'swift'} {{(pid=124466) register_scheme_map /usr/local/lib/python3.8/dist-packages/glance_store/location.py:146}}
Jul 02 03:07:55 ubuntu devstack@g-api.service[124466]: DEBUG glance_store.location [None req-5ca23ebb-67a9-4e28-b081-e548846a4277 admin admin] Registering scheme swift+https with {'store': <glance_store._drivers.swift.store.SingleTenantStore object at 0x7fd2e82ce880>, 'location_class': <class 'glance_store._drivers.swift.store.StoreLocation'>, 'store_entry': 'swift'} {{(pid=124466) register_scheme_map /usr/local/lib/python3.8/dist-packages/glance_store/location.py:146}}
Jul 02 03:07:55 ubuntu devstack@g-api.service[124466]: DEBUG glance_store.location [None req-5ca23ebb-67a9-4e28-b081-e548846a4277 admin admin] Registering scheme swift with {'store': <glance_store._drivers.swift.store.SingleTenantStore object at 0x7fd2e82ce880>, 'location_class': <class 'glance_store._drivers.swift.store.StoreLocation'>, 'store_entry': 'swift'} {{(pid=124466) register_scheme_map /usr/local/lib/python3.8/dist-packages/glance_store/location.py:146}}
Jul 02 03:07:55 ubuntu devstack@g-api.service[124466]: DEBUG glance_store.location [None req-5ca23ebb-67a9-4e28-b081-e548846a4277 admin admin] Registering scheme swift+http with {'store': <glance_store._drivers.swift.store.SingleTenantStore object at 0x7fd2e82ce880>, 'location_class': <class 'glance_store._drivers.swift.store.StoreLocation'>, 'store_entry': 'swift'} {{(pid=124466) register_scheme_map /usr/local/lib/python3.8/dist-packages/glance_store/location.py:146}}
Jul 02 03:07:55 ubuntu devstack@g-api.service[124466]: DEBUG glance_store.location [None req-5ca23ebb-67a9-4e28-b081-e548846a4277 admin admin] Registering scheme swift+config with {'store': <glance_store._drivers.swift.store.SingleTenantStore object at 0x7fd2e82ce880>, 'location_class': <class 'glance_store._drivers.swift.store.StoreLocation'>, 'store_entry': 'swift'} {{(pid=124466) register_scheme_map /usr/local/lib/python3.8/dist-packages/glance_store/location.py:146}}
Jul 02 03:07:55 ubuntu devstack@g-api.service[124466]: DEBUG glance_store.backend [None req-5ca23ebb-67a9-4e28-b081-e548846a4277 admin admin] Skipping store.set_acls... not implemented. {{(pid=124466) set_acls /usr/local/lib/python3.8/dist-packages/glance_store/backend.py:509}}
Jul 02 03:07:55 ubuntu devstack@g-api.service[124466]: [pid: 124466|app: 0|req: 3/4] 127.0.0.1 () {40 vars in 862 bytes} [Sat Jul  2 03:07:53 2022] PUT /v2/images/fdfd01d8-a5f5-4467-b444-72f678bf74d6/file => generated 0 bytes in 2251 msecs (HTTP/1.1 204) 4 headers in 171 bytes (1 switches on core 0)
Jul 02 03:08:03 ubuntu devstack@g-api.service[124467]: DEBUG dbcounter [-] [124467] Writing DB stats glance:SELECT=9,glance:INSERT=5 {{(pid=124467) stat_writer /usr/local/lib/python3.8/dist-packages/dbcounter.py:114}}
Jul 02 03:08:05 ubuntu devstack@g-api.service[124466]: DEBUG dbcounter [-] [124466] Writing DB stats glance:SELECT=28,glance:UPDATE=2,glance:INSERT=1 {{(pid=124466) stat_writer /usr/local/lib/python3.8/dist-packages/dbcounter.py:114}}
Jul 02 03:08:36 ubuntu devstack@g-api.service[124467]: DEBUG glance.api.middleware.version_negotiation [None req-e99aa170-b8e6-495f-8d37-ae74f0196e07 admin admin] Determining version of request: GET / Accept: application/json {{(pid=124467) process_request /opt/stack/glance/glance/api/middleware/version_negotiation.py:44}}
Jul 02 03:08:36 ubuntu devstack@g-api.service[124467]: DEBUG glance.api.middleware.version_negotiation [None req-e99aa170-b8e6-495f-8d37-ae74f0196e07 admin admin] Using url versioning {{(pid=124467) process_request /opt/stack/glance/glance/api/middleware/version_negotiation.py:57}}
Jul 02 03:08:36 ubuntu devstack@g-api.service[124467]: DEBUG glance.api.middleware.version_negotiation [None req-e99aa170-b8e6-495f-8d37-ae74f0196e07 admin admin] Unknown version. Returning version choices. {{(pid=124467) process_request /opt/stack/glance/glance/api/middleware/version_negotiation.py:64}}
Jul 02 03:08:36 ubuntu devstack@g-api.service[124467]: [pid: 124467|app: 0|req: 2/5] 127.0.0.1 () {34 vars in 506 bytes} [Sat Jul  2 03:08:36 2022] GET / => generated 1323 bytes in 5 msecs (HTTP/1.1 300) 3 headers in 106 bytes (1 switches on core 0)
Jul 02 03:08:36 ubuntu devstack@g-api.service[124466]: DEBUG glance.api.middleware.version_negotiation [None req-5ca23ebb-67a9-4e28-b081-e548846a4277 admin admin] Determining version of request: GET /v2/images Accept: application/json {{(pid=124466) process_request /opt/stack/glance/glance/api/middleware/version_negotiation.py:44}}
Jul 02 03:08:36 ubuntu devstack@g-api.service[124466]: DEBUG glance.api.middleware.version_negotiation [None req-5ca23ebb-67a9-4e28-b081-e548846a4277 admin admin] Using url versioning {{(pid=124466) process_request /opt/stack/glance/glance/api/middleware/version_negotiation.py:57}}
Jul 02 03:08:36 ubuntu devstack@g-api.service[124466]: DEBUG glance.api.middleware.version_negotiation [None req-5ca23ebb-67a9-4e28-b081-e548846a4277 admin admin] Matched version: v2 {{(pid=124466) process_request /opt/stack/glance/glance/api/middleware/version_negotiation.py:69}}
Jul 02 03:08:36 ubuntu devstack@g-api.service[124466]: DEBUG glance.api.middleware.version_negotiation [None req-5ca23ebb-67a9-4e28-b081-e548846a4277 admin admin] new path /v2/images {{(pid=124466) process_request /opt/stack/glance/glance/api/middleware/version_negotiation.py:70}}
Jul 02 03:08:36 ubuntu devstack@g-api.service[124466]: [pid: 124466|app: 0|req: 4/6] 127.0.0.1 () {36 vars in 728 bytes} [Sat Jul  2 03:08:36 2022] GET /v2/images => generated 1045 bytes in 84 msecs (HTTP/1.1 200) 4 headers in 158 bytes (1 switches on core 0)
Jul 02 03:08:41 ubuntu devstack@g-api.service[124467]: DEBUG glance.api.middleware.version_negotiation [None req-e99aa170-b8e6-495f-8d37-ae74f0196e07 admin admin] Determining version of request: GET / Accept: application/json {{(pid=124467) process_request /opt/stack/glance/glance/api/middleware/version_negotiation.py:44}}
Jul 02 03:08:41 ubuntu devstack@g-api.service[124467]: DEBUG glance.api.middleware.version_negotiation [None req-e99aa170-b8e6-495f-8d37-ae74f0196e07 admin admin] Using url versioning {{(pid=124467) process_request /opt/stack/glance/glance/api/middleware/version_negotiation.py:57}}
Jul 02 03:08:41 ubuntu devstack@g-api.service[124467]: DEBUG glance.api.middleware.version_negotiation [None req-e99aa170-b8e6-495f-8d37-ae74f0196e07 admin admin] Unknown version. Returning version choices. {{(pid=124467) process_request /opt/stack/glance/glance/api/middleware/version_negotiation.py:64}}
Jul 02 03:08:41 ubuntu devstack@g-api.service[124467]: [pid: 124467|app: 0|req: 3/7] 127.0.0.1 () {34 vars in 506 bytes} [Sat Jul  2 03:08:41 2022] GET / => generated 1323 bytes in 5 msecs (HTTP/1.1 300) 3 headers in 106 bytes (1 switches on core 0)
Jul 02 03:08:41 ubuntu devstack@g-api.service[124466]: DEBUG glance.api.middleware.version_negotiation [None req-7c81d5a1-6d0a-43a3-927d-5c49db2a5473 admin admin] Determining version of request: GET /v2/images/fdfd01d8-a5f5-4467-b444-72f678bf74d6 Accept: */* {{(pid=124466) process_request /opt/stack/glance/glance/api/middleware/version_negotiation.py:44}}
Jul 02 03:08:41 ubuntu devstack@g-api.service[124466]: DEBUG glance.api.middleware.version_negotiation [None req-7c81d5a1-6d0a-43a3-927d-5c49db2a5473 admin admin] Using url versioning {{(pid=124466) process_request /opt/stack/glance/glance/api/middleware/version_negotiation.py:57}}
Jul 02 03:08:41 ubuntu devstack@g-api.service[124466]: DEBUG glance.api.middleware.version_negotiation [None req-7c81d5a1-6d0a-43a3-927d-5c49db2a5473 admin admin] Matched version: v2 {{(pid=124466) process_request /opt/stack/glance/glance/api/middleware/version_negotiation.py:69}}
Jul 02 03:08:41 ubuntu devstack@g-api.service[124466]: DEBUG glance.api.middleware.version_negotiation [None req-7c81d5a1-6d0a-43a3-927d-5c49db2a5473 admin admin] new path /v2/images/fdfd01d8-a5f5-4467-b444-72f678bf74d6 {{(pid=124466) process_request /opt/stack/glance/glance/api/middleware/version_negotiation.py:70}}
Jul 02 03:08:41 ubuntu devstack@g-api.service[124466]: [pid: 124466|app: 0|req: 5/8] 127.0.0.1 () {36 vars in 789 bytes} [Sat Jul  2 03:08:41 2022] GET /v2/images/fdfd01d8-a5f5-4467-b444-72f678bf74d6 => generated 976 bytes in 42 msecs (HTTP/1.1 200) 4 headers in 157 bytes (1 switches on core 0)
Jul 02 03:08:44 ubuntu devstack@g-api.service[124467]: DEBUG glance.api.middleware.version_negotiation [None req-e99aa170-b8e6-495f-8d37-ae74f0196e07 admin admin] Determining version of request: GET / Accept: application/json {{(pid=124467) process_request /opt/stack/glance/glance/api/middleware/version_negotiation.py:44}}
Jul 02 03:08:44 ubuntu devstack@g-api.service[124467]: DEBUG glance.api.middleware.version_negotiation [None req-e99aa170-b8e6-495f-8d37-ae74f0196e07 admin admin] Using url versioning {{(pid=124467) process_request /opt/stack/glance/glance/api/middleware/version_negotiation.py:57}}
Jul 02 03:08:44 ubuntu devstack@g-api.service[124467]: DEBUG glance.api.middleware.version_negotiation [None req-e99aa170-b8e6-495f-8d37-ae74f0196e07 admin admin] Unknown version. Returning version choices. {{(pid=124467) process_request /opt/stack/glance/glance/api/middleware/version_negotiation.py:64}}
Jul 02 03:08:44 ubuntu devstack@g-api.service[124467]: [pid: 124467|app: 0|req: 4/9] 127.0.0.1 () {34 vars in 506 bytes} [Sat Jul  2 03:08:44 2022] GET / => generated 1323 bytes in 3 msecs (HTTP/1.1 300) 3 headers in 106 bytes (1 switches on core 0)
Jul 02 03:08:44 ubuntu devstack@g-api.service[124466]: DEBUG glance.api.middleware.version_negotiation [None req-7dc140a5-e721-4ce6-b136-36de9f997f53 admin admin] Determining version of request: GET /v2/images/fdfd01d8-a5f5-4467-b444-72f678bf74d6 Accept: */* {{(pid=124466) process_request /opt/stack/glance/glance/api/middleware/version_negotiation.py:44}}
Jul 02 03:08:44 ubuntu devstack@g-api.service[124466]: DEBUG glance.api.middleware.version_negotiation [None req-7dc140a5-e721-4ce6-b136-36de9f997f53 admin admin] Using url versioning {{(pid=124466) process_request /opt/stack/glance/glance/api/middleware/version_negotiation.py:57}}
Jul 02 03:08:44 ubuntu devstack@g-api.service[124466]: DEBUG glance.api.middleware.version_negotiation [None req-7dc140a5-e721-4ce6-b136-36de9f997f53 admin admin] Matched version: v2 {{(pid=124466) process_request /opt/stack/glance/glance/api/middleware/version_negotiation.py:69}}
Jul 02 03:08:44 ubuntu devstack@g-api.service[124466]: DEBUG glance.api.middleware.version_negotiation [None req-7dc140a5-e721-4ce6-b136-36de9f997f53 admin admin] new path /v2/images/fdfd01d8-a5f5-4467-b444-72f678bf74d6 {{(pid=124466) process_request /opt/stack/glance/glance/api/middleware/version_negotiation.py:70}}
Jul 02 03:08:45 ubuntu devstack@g-api.service[124466]: [pid: 124466|app: 0|req: 6/10] 127.0.0.1 () {36 vars in 789 bytes} [Sat Jul  2 03:08:44 2022] GET /v2/images/fdfd01d8-a5f5-4467-b444-72f678bf74d6 => generated 976 bytes in 41 msecs (HTTP/1.1 200) 4 headers in 157 bytes (1 switches on core 0)
Jul 02 03:08:55 ubuntu devstack@g-api.service[124466]: DEBUG dbcounter [-] [124466] Writing DB stats glance:SELECT=10 {{(pid=124466) stat_writer /usr/local/lib/python3.8/dist-packages/dbcounter.py:114}}
Jul 02 03:10:51 ubuntu devstack@g-api.service[124467]: DEBUG glance.api.middleware.version_negotiation [None req-e99aa170-b8e6-495f-8d37-ae74f0196e07 admin admin] Determining version of request: GET /v1 Accept: application/json {{(pid=124467) process_request /opt/stack/glance/glance/api/middleware/version_negotiation.py:44}}
Jul 02 03:10:51 ubuntu devstack@g-api.service[124467]: DEBUG glance.api.middleware.version_negotiation [None req-e99aa170-b8e6-495f-8d37-ae74f0196e07 admin admin] Using url versioning {{(pid=124467) process_request /opt/stack/glance/glance/api/middleware/version_negotiation.py:57}}
Jul 02 03:10:51 ubuntu devstack@g-api.service[124467]: DEBUG glance.api.middleware.version_negotiation [None req-e99aa170-b8e6-495f-8d37-ae74f0196e07 admin admin] Unknown version. Returning version choices. {{(pid=124467) process_request /opt/stack/glance/glance/api/middleware/version_negotiation.py:64}}
Jul 02 03:10:51 ubuntu devstack@g-api.service[124467]: [pid: 124467|app: 0|req: 5/11] 127.0.0.1 () {38 vars in 685 bytes} [Sat Jul  2 03:10:51 2022] GET /v1 => generated 1323 bytes in 5 msecs (HTTP/1.1 300) 3 headers in 106 bytes (1 switches on core 0)
Jul 02 03:12:40 ubuntu devstack@g-api.service[124467]: DEBUG oslo_concurrency.lockutils [-] Acquired lock "glance-cache" {{(pid=124467) lock /usr/local/lib/python3.8/dist-packages/oslo_concurrency/lockutils.py:294}}
Jul 02 03:12:40 ubuntu devstack@g-api.service[124467]: DEBUG oslo_concurrency.lockutils [-] Acquired external semaphore "glance-cache" {{(pid=124467) lock /usr/local/lib/python3.8/dist-packages/oslo_concurrency/lockutils.py:302}}
Jul 02 03:12:40 ubuntu devstack@g-api.service[124467]: DEBUG glance.image_cache.prefetcher [-] Nothing to prefetch. {{(pid=124467) run /opt/stack/glance/glance/image_cache/prefetcher.py:79}}
Jul 02 03:12:40 ubuntu devstack@g-api.service[124466]: DEBUG oslo_concurrency.lockutils [-] Acquired lock "glance-cache" {{(pid=124466) lock /usr/local/lib/python3.8/dist-packages/oslo_concurrency/lockutils.py:294}}
Jul 02 03:12:40 ubuntu devstack@g-api.service[124466]: DEBUG oslo_concurrency.lockutils [-] Acquired external semaphore "glance-cache" {{(pid=124466) lock /usr/local/lib/python3.8/dist-packages/oslo_concurrency/lockutils.py:302}}
Jul 02 03:12:40 ubuntu devstack@g-api.service[124466]: DEBUG glance.image_cache.prefetcher [-] Nothing to prefetch. {{(pid=124466) run /opt/stack/glance/glance/image_cache/prefetcher.py:79}}
Jul 02 03:12:40 ubuntu devstack@g-api.service[124467]: DEBUG oslo_concurrency.lockutils [-] Releasing lock "glance-cache" {{(pid=124467) lock /usr/local/lib/python3.8/dist-packages/oslo_concurrency/lockutils.py:312}}
Jul 02 03:12:40 ubuntu devstack@g-api.service[124466]: DEBUG oslo_concurrency.lockutils [-] Releasing lock "glance-cache" {{(pid=124466) lock /usr/local/lib/python3.8/dist-packages/oslo_concurrency/lockutils.py:312}}
Jul 02 03:13:14 ubuntu devstack@g-api.service[124466]: DEBUG glance.api.middleware.version_negotiation [None req-b0f47e0d-6854-46db-89ee-5865c0e5cc9b admin admin] Determining version of request: GET /versions Accept: */* {{(pid=124466) process_request /opt/stack/glance/glance/api/middleware/version_negotiation.py:44}}
Jul 02 03:13:14 ubuntu devstack@g-api.service[124466]: [pid: 124466|app: 0|req: 7/12] 127.0.0.1 () {38 vars in 695 bytes} [Sat Jul  2 03:13:14 2022] GET /versions => generated 1323 bytes in 5 msecs (HTTP/1.1 200) 3 headers in 92 bytes (1 switches on core 0)
Jul 02 03:13:14 ubuntu devstack@g-api.service[124467]: DEBUG glance.api.middleware.version_negotiation [None req-e99aa170-b8e6-495f-8d37-ae74f0196e07 admin admin] Determining version of request: GET /v2/schemas/image Accept: */* {{(pid=124467) process_request /opt/stack/glance/glance/api/middleware/version_negotiation.py:44}}
Jul 02 03:13:14 ubuntu devstack@g-api.service[124467]: DEBUG glance.api.middleware.version_negotiation [None req-e99aa170-b8e6-495f-8d37-ae74f0196e07 admin admin] Using url versioning {{(pid=124467) process_request /opt/stack/glance/glance/api/middleware/version_negotiation.py:57}}
Jul 02 03:13:14 ubuntu devstack@g-api.service[124467]: DEBUG glance.api.middleware.version_negotiation [None req-e99aa170-b8e6-495f-8d37-ae74f0196e07 admin admin] Matched version: v2 {{(pid=124467) process_request /opt/stack/glance/glance/api/middleware/version_negotiation.py:69}}
Jul 02 03:13:14 ubuntu devstack@g-api.service[124467]: DEBUG glance.api.middleware.version_negotiation [None req-e99aa170-b8e6-495f-8d37-ae74f0196e07 admin admin] new path /v2/schemas/image {{(pid=124467) process_request /opt/stack/glance/glance/api/middleware/version_negotiation.py:70}}
Jul 02 03:13:14 ubuntu devstack@g-api.service[124467]: [pid: 124467|app: 0|req: 6/13] 127.0.0.1 () {38 vars in 711 bytes} [Sat Jul  2 03:13:14 2022] GET /v2/schemas/image => generated 6083 bytes in 92 msecs (HTTP/1.1 200) 4 headers in 158 bytes (1 switches on core 0)
Jul 02 03:13:14 ubuntu devstack@g-api.service[124466]: DEBUG glance.api.middleware.version_negotiation [None req-b0f47e0d-6854-46db-89ee-5865c0e5cc9b admin admin] Determining version of request: GET /v2/schemas/metadefs/namespace Accept: */* {{(pid=124466) process_request /opt/stack/glance/glance/api/middleware/version_negotiation.py:44}}
Jul 02 03:13:14 ubuntu devstack@g-api.service[124466]: DEBUG glance.api.middleware.version_negotiation [None req-b0f47e0d-6854-46db-89ee-5865c0e5cc9b admin admin] Using url versioning {{(pid=124466) process_request /opt/stack/glance/glance/api/middleware/version_negotiation.py:57}}
Jul 02 03:13:14 ubuntu devstack@g-api.service[124466]: DEBUG glance.api.middleware.version_negotiation [None req-b0f47e0d-6854-46db-89ee-5865c0e5cc9b admin admin] Matched version: v2 {{(pid=124466) process_request /opt/stack/glance/glance/api/middleware/version_negotiation.py:69}}
Jul 02 03:13:14 ubuntu devstack@g-api.service[124466]: DEBUG glance.api.middleware.version_negotiation [None req-b0f47e0d-6854-46db-89ee-5865c0e5cc9b admin admin] new path /v2/schemas/metadefs/namespace {{(pid=124466) process_request /opt/stack/glance/glance/api/middleware/version_negotiation.py:70}}
Jul 02 03:13:14 ubuntu devstack@g-api.service[124466]: [pid: 124466|app: 0|req: 8/14] 127.0.0.1 () {38 vars in 737 bytes} [Sat Jul  2 03:13:14 2022] GET /v2/schemas/metadefs/namespace => generated 3100 bytes in 10 msecs (HTTP/1.1 200) 4 headers in 158 bytes (1 switches on core 0)
Jul 02 03:13:14 ubuntu devstack@g-api.service[124467]: DEBUG glance.api.middleware.version_negotiation [None req-e9c0f8d1-5a25-4f68-8804-89371bc4cb06 admin admin] Determining version of request: GET /v2/schemas/metadefs/resource_type Accept: */* {{(pid=124467) process_request /opt/stack/glance/glance/api/middleware/version_negotiation.py:44}}
Jul 02 03:13:14 ubuntu devstack@g-api.service[124467]: DEBUG glance.api.middleware.version_negotiation [None req-e9c0f8d1-5a25-4f68-8804-89371bc4cb06 admin admin] Using url versioning {{(pid=124467) process_request /opt/stack/glance/glance/api/middleware/version_negotiation.py:57}}
Jul 02 03:13:14 ubuntu devstack@g-api.service[124467]: DEBUG glance.api.middleware.version_negotiation [None req-e9c0f8d1-5a25-4f68-8804-89371bc4cb06 admin admin] Matched version: v2 {{(pid=124467) process_request /opt/stack/glance/glance/api/middleware/version_negotiation.py:69}}
Jul 02 03:13:14 ubuntu devstack@g-api.service[124467]: DEBUG glance.api.middleware.version_negotiation [None req-e9c0f8d1-5a25-4f68-8804-89371bc4cb06 admin admin] new path /v2/schemas/metadefs/resource_type {{(pid=124467) process_request /opt/stack/glance/glance/api/middleware/version_negotiation.py:70}}
Jul 02 03:13:14 ubuntu devstack@g-api.service[124467]: [pid: 124467|app: 0|req: 7/15] 127.0.0.1 () {38 vars in 745 bytes} [Sat Jul  2 03:13:14 2022] GET /v2/schemas/metadefs/resource_type => generated 1262 bytes in 4 msecs (HTTP/1.1 200) 4 headers in 158 bytes (1 switches on core 0)
Jul 02 03:13:14 ubuntu devstack@g-api.service[124466]: DEBUG glance.api.middleware.version_negotiation [None req-1551a784-95a3-4e83-8d17-2650e24d5d2e admin admin] Determining version of request: GET /v2/images Accept: */* {{(pid=124466) process_request /opt/stack/glance/glance/api/middleware/version_negotiation.py:44}}
Jul 02 03:13:14 ubuntu devstack@g-api.service[124466]: DEBUG glance.api.middleware.version_negotiation [None req-1551a784-95a3-4e83-8d17-2650e24d5d2e admin admin] Using url versioning {{(pid=124466) process_request /opt/stack/glance/glance/api/middleware/version_negotiation.py:57}}
Jul 02 03:13:14 ubuntu devstack@g-api.service[124466]: DEBUG glance.api.middleware.version_negotiation [None req-1551a784-95a3-4e83-8d17-2650e24d5d2e admin admin] Matched version: v2 {{(pid=124466) process_request /opt/stack/glance/glance/api/middleware/version_negotiation.py:69}}
Jul 02 03:13:14 ubuntu devstack@g-api.service[124466]: DEBUG glance.api.middleware.version_negotiation [None req-1551a784-95a3-4e83-8d17-2650e24d5d2e admin admin] new path /v2/images {{(pid=124466) process_request /opt/stack/glance/glance/api/middleware/version_negotiation.py:70}}
Jul 02 03:13:14 ubuntu devstack@g-api.service[124466]: [pid: 124466|app: 0|req: 9/16] 127.0.0.1 () {38 vars in 768 bytes} [Sat Jul  2 03:13:14 2022] GET /v2/images?limit=20&sort_key=name&sort_dir=asc => generated 1081 bytes in 84 msecs (HTTP/1.1 200) 4 headers in 158 bytes (1 switches on core 0)
Jul 02 03:13:14 ubuntu devstack@g-api.service[124467]: DEBUG glance.api.middleware.version_negotiation [None req-140e79c4-9948-444b-aa3f-b7c24b11dd8d admin admin] Determining version of request: GET /v2/schemas/image Accept: */* {{(pid=124467) process_request /opt/stack/glance/glance/api/middleware/version_negotiation.py:44}}
Jul 02 03:13:14 ubuntu devstack@g-api.service[124467]: DEBUG glance.api.middleware.version_negotiation [None req-140e79c4-9948-444b-aa3f-b7c24b11dd8d admin admin] Using url versioning {{(pid=124467) process_request /opt/stack/glance/glance/api/middleware/version_negotiation.py:57}}
Jul 02 03:13:14 ubuntu devstack@g-api.service[124467]: DEBUG glance.api.middleware.version_negotiation [None req-140e79c4-9948-444b-aa3f-b7c24b11dd8d admin admin] Matched version: v2 {{(pid=124467) process_request /opt/stack/glance/glance/api/middleware/version_negotiation.py:69}}
Jul 02 03:13:14 ubuntu devstack@g-api.service[124467]: DEBUG glance.api.middleware.version_negotiation [None req-140e79c4-9948-444b-aa3f-b7c24b11dd8d admin admin] new path /v2/schemas/image {{(pid=124467) process_request /opt/stack/glance/glance/api/middleware/version_negotiation.py:70}}
Jul 02 03:13:14 ubuntu devstack@g-api.service[124467]: [pid: 124467|app: 0|req: 8/17] 127.0.0.1 () {38 vars in 711 bytes} [Sat Jul  2 03:13:14 2022] GET /v2/schemas/image => generated 6083 bytes in 5 msecs (HTTP/1.1 200) 4 headers in 158 bytes (1 switches on core 0)
Jul 02 03:13:24 ubuntu devstack@g-api.service[124466]: DEBUG dbcounter [-] [124466] Writing DB stats glance:SELECT=2 {{(pid=124466) stat_writer /usr/local/lib/python3.8/dist-packages/dbcounter.py:114}}
Jul 02 03:13:28 ubuntu devstack@g-api.service[124466]: DEBUG glance.api.middleware.version_negotiation [None req-cfe4f8de-6713-4c46-97ac-0874e47a822c admin admin] Determining version of request: GET / Accept: application/json {{(pid=124466) process_request /opt/stack/glance/glance/api/middleware/version_negotiation.py:44}}
Jul 02 03:13:28 ubuntu devstack@g-api.service[124466]: DEBUG glance.api.middleware.version_negotiation [None req-cfe4f8de-6713-4c46-97ac-0874e47a822c admin admin] Using url versioning {{(pid=124466) process_request /opt/stack/glance/glance/api/middleware/version_negotiation.py:57}}
Jul 02 03:13:28 ubuntu devstack@g-api.service[124466]: DEBUG glance.api.middleware.version_negotiation [None req-cfe4f8de-6713-4c46-97ac-0874e47a822c admin admin] Unknown version. Returning version choices. {{(pid=124466) process_request /opt/stack/glance/glance/api/middleware/version_negotiation.py:64}}
Jul 02 03:13:28 ubuntu devstack@g-api.service[124466]: [pid: 124466|app: 0|req: 10/18] 127.0.0.1 () {34 vars in 492 bytes} [Sat Jul  2 03:13:28 2022] GET / => generated 1323 bytes in 5 msecs (HTTP/1.1 300) 3 headers in 106 bytes (1 switches on core 0)
Jul 02 03:13:28 ubuntu devstack@g-api.service[124467]: DEBUG glance.api.middleware.version_negotiation [None req-f3fade9e-e971-4005-aa8b-b05a06c43dd3 admin admin] Determining version of request: GET /v2/images/fdfd01d8-a5f5-4467-b444-72f678bf74d6 Accept: */* {{(pid=124467) process_request /opt/stack/glance/glance/api/middleware/version_negotiation.py:44}}
Jul 02 03:13:28 ubuntu devstack@g-api.service[124467]: DEBUG glance.api.middleware.version_negotiation [None req-f3fade9e-e971-4005-aa8b-b05a06c43dd3 admin admin] Using url versioning {{(pid=124467) process_request /opt/stack/glance/glance/api/middleware/version_negotiation.py:57}}
Jul 02 03:13:28 ubuntu devstack@g-api.service[124467]: DEBUG glance.api.middleware.version_negotiation [None req-f3fade9e-e971-4005-aa8b-b05a06c43dd3 admin admin] Matched version: v2 {{(pid=124467) process_request /opt/stack/glance/glance/api/middleware/version_negotiation.py:69}}
Jul 02 03:13:28 ubuntu devstack@g-api.service[124467]: DEBUG glance.api.middleware.version_negotiation [None req-f3fade9e-e971-4005-aa8b-b05a06c43dd3 admin admin] new path /v2/images/fdfd01d8-a5f5-4467-b444-72f678bf74d6 {{(pid=124467) process_request /opt/stack/glance/glance/api/middleware/version_negotiation.py:70}}
Jul 02 03:13:28 ubuntu devstack@g-api.service[124467]: WARNING keystonemiddleware.auth_token [None req-f3fade9e-e971-4005-aa8b-b05a06c43dd3 admin admin] A valid token was submitted as a service token, but it was not a valid service token. This is incorrect but backwards compatible behaviour. This will be removed in future releases.
Jul 02 03:13:29 ubuntu devstack@g-api.service[124467]: [pid: 124467|app: 0|req: 9/19] 127.0.0.1 () {42 vars in 1049 bytes} [Sat Jul  2 03:13:28 2022] GET /v2/images/fdfd01d8-a5f5-4467-b444-72f678bf74d6 => generated 976 bytes in 116 msecs (HTTP/1.1 200) 4 headers in 157 bytes (1 switches on core 0)
Jul 02 03:13:29 ubuntu devstack@g-api.service[124466]: DEBUG glance.api.middleware.version_negotiation [None req-cfe4f8de-6713-4c46-97ac-0874e47a822c admin admin] Determining version of request: GET /v2/schemas/image Accept: */* {{(pid=124466) process_request /opt/stack/glance/glance/api/middleware/version_negotiation.py:44}}
Jul 02 03:13:29 ubuntu devstack@g-api.service[124466]: DEBUG glance.api.middleware.version_negotiation [None req-cfe4f8de-6713-4c46-97ac-0874e47a822c admin admin] Using url versioning {{(pid=124466) process_request /opt/stack/glance/glance/api/middleware/version_negotiation.py:57}}
Jul 02 03:13:29 ubuntu devstack@g-api.service[124466]: DEBUG glance.api.middleware.version_negotiation [None req-cfe4f8de-6713-4c46-97ac-0874e47a822c admin admin] Matched version: v2 {{(pid=124466) process_request /opt/stack/glance/glance/api/middleware/version_negotiation.py:69}}
Jul 02 03:13:29 ubuntu devstack@g-api.service[124466]: DEBUG glance.api.middleware.version_negotiation [None req-cfe4f8de-6713-4c46-97ac-0874e47a822c admin admin] new path /v2/schemas/image {{(pid=124466) process_request /opt/stack/glance/glance/api/middleware/version_negotiation.py:70}}
Jul 02 03:13:29 ubuntu devstack@g-api.service[124466]: WARNING keystonemiddleware.auth_token [None req-cfe4f8de-6713-4c46-97ac-0874e47a822c admin admin] A valid token was submitted as a service token, but it was not a valid service token. This is incorrect but backwards compatible behaviour. This will be removed in future releases.
Jul 02 03:13:29 ubuntu devstack@g-api.service[124466]: [pid: 124466|app: 0|req: 11/20] 127.0.0.1 () {42 vars in 989 bytes} [Sat Jul  2 03:13:29 2022] GET /v2/schemas/image => generated 6083 bytes in 9 msecs (HTTP/1.1 200) 4 headers in 158 bytes (1 switches on core 0)
Jul 02 03:13:31 ubuntu devstack@g-api.service[124467]: DEBUG glance.api.middleware.version_negotiation [None req-f3445590-98c6-4c12-8a1d-ddb655e579d4 tempest-VolumesAdminNegativeTest-149528195 tempest-VolumesAdminNegativeTest-149528195-project] Determining version of request: GET /v2/images/fdfd01d8-a5f5-4467-b444-72f678bf74d6 Accept: */* {{(pid=124467) process_request /opt/stack/glance/glance/api/middleware/version_negotiation.py:44}}
Jul 02 03:13:31 ubuntu devstack@g-api.service[124467]: DEBUG glance.api.middleware.version_negotiation [None req-f3445590-98c6-4c12-8a1d-ddb655e579d4 tempest-VolumesAdminNegativeTest-149528195 tempest-VolumesAdminNegativeTest-149528195-project] Using url versioning {{(pid=124467) process_request /opt/stack/glance/glance/api/middleware/version_negotiation.py:57}}
Jul 02 03:13:31 ubuntu devstack@g-api.service[124467]: DEBUG glance.api.middleware.version_negotiation [None req-f3445590-98c6-4c12-8a1d-ddb655e579d4 tempest-VolumesAdminNegativeTest-149528195 tempest-VolumesAdminNegativeTest-149528195-project] Matched version: v2 {{(pid=124467) process_request /opt/stack/glance/glance/api/middleware/version_negotiation.py:69}}
Jul 02 03:13:31 ubuntu devstack@g-api.service[124467]: DEBUG glance.api.middleware.version_negotiation [None req-f3445590-98c6-4c12-8a1d-ddb655e579d4 tempest-VolumesAdminNegativeTest-149528195 tempest-VolumesAdminNegativeTest-149528195-project] new path /v2/images/fdfd01d8-a5f5-4467-b444-72f678bf74d6 {{(pid=124467) process_request /opt/stack/glance/glance/api/middleware/version_negotiation.py:70}}
Jul 02 03:13:31 ubuntu devstack@g-api.service[124467]: [pid: 124467|app: 0|req: 10/21] 127.0.0.1 () {42 vars in 1049 bytes} [Sat Jul  2 03:13:31 2022] GET /v2/images/fdfd01d8-a5f5-4467-b444-72f678bf74d6 => generated 976 bytes in 23 msecs (HTTP/1.1 200) 4 headers in 157 bytes (1 switches on core 0)
Jul 02 03:13:31 ubuntu devstack@g-api.service[124466]: DEBUG glance.api.middleware.version_negotiation [None req-f3445590-98c6-4c12-8a1d-ddb655e579d4 tempest-VolumesAdminNegativeTest-149528195 tempest-VolumesAdminNegativeTest-149528195-project] Determining version of request: GET /v2/images/fdfd01d8-a5f5-4467-b444-72f678bf74d6/file Accept: */* {{(pid=124466) process_request /opt/stack/glance/glance/api/middleware/version_negotiation.py:44}}
Jul 02 03:13:31 ubuntu devstack@g-api.service[124466]: DEBUG glance.api.middleware.version_negotiation [None req-f3445590-98c6-4c12-8a1d-ddb655e579d4 tempest-VolumesAdminNegativeTest-149528195 tempest-VolumesAdminNegativeTest-149528195-project] Using url versioning {{(pid=124466) process_request /opt/stack/glance/glance/api/middleware/version_negotiation.py:57}}
Jul 02 03:13:31 ubuntu devstack@g-api.service[124466]: DEBUG glance.api.middleware.version_negotiation [None req-f3445590-98c6-4c12-8a1d-ddb655e579d4 tempest-VolumesAdminNegativeTest-149528195 tempest-VolumesAdminNegativeTest-149528195-project] Matched version: v2 {{(pid=124466) process_request /opt/stack/glance/glance/api/middleware/version_negotiation.py:69}}
Jul 02 03:13:31 ubuntu devstack@g-api.service[124466]: DEBUG glance.api.middleware.version_negotiation [None req-f3445590-98c6-4c12-8a1d-ddb655e579d4 tempest-VolumesAdminNegativeTest-149528195 tempest-VolumesAdminNegativeTest-149528195-project] new path /v2/images/fdfd01d8-a5f5-4467-b444-72f678bf74d6/file {{(pid=124466) process_request /opt/stack/glance/glance/api/middleware/version_negotiation.py:70}}
Jul 02 03:13:31 ubuntu devstack@g-api.service[124466]: DEBUG glance_store.backend [None req-f3445590-98c6-4c12-8a1d-ddb655e579d4 tempest-VolumesAdminNegativeTest-149528195 tempest-VolumesAdminNegativeTest-149528195-project] Attempting to import store swift {{(pid=124466) _load_store /usr/local/lib/python3.8/dist-packages/glance_store/backend.py:217}}
Jul 02 03:13:31 ubuntu devstack@g-api.service[124466]: DEBUG glance_store.capabilities [None req-f3445590-98c6-4c12-8a1d-ddb655e579d4 tempest-VolumesAdminNegativeTest-149528195 tempest-VolumesAdminNegativeTest-149528195-project] Store glance_store._drivers.swift.store.SingleTenantStore doesn't support updating dynamic storage capabilities. Please overwrite 'update_capabilities' method of the store to implement updating logics if needed. {{(pid=124466) update_capabilities /usr/local/lib/python3.8/dist-packages/glance_store/capabilities.py:91}}
Jul 02 03:13:31 ubuntu devstack@g-api.service[124466]: DEBUG glance_store.driver [None req-f3445590-98c6-4c12-8a1d-ddb655e579d4 tempest-VolumesAdminNegativeTest-149528195 tempest-VolumesAdminNegativeTest-149528195-project] Late loading location class glance_store._drivers.swift.store.StoreLocation {{(pid=124466) get_store_location_class /usr/local/lib/python3.8/dist-packages/glance_store/driver.py:117}}
Jul 02 03:13:31 ubuntu devstack@g-api.service[124466]: DEBUG glance_store.location [None req-f3445590-98c6-4c12-8a1d-ddb655e579d4 tempest-VolumesAdminNegativeTest-149528195 tempest-VolumesAdminNegativeTest-149528195-project] Registering scheme swift+https with {'store': <glance_store._drivers.swift.store.SingleTenantStore object at 0x7fd2e3500490>, 'location_class': <class 'glance_store._drivers.swift.store.StoreLocation'>, 'store_entry': 'swift'} {{(pid=124466) register_scheme_map /usr/local/lib/python3.8/dist-packages/glance_store/location.py:146}}
Jul 02 03:13:31 ubuntu devstack@g-api.service[124466]: DEBUG glance_store.location [None req-f3445590-98c6-4c12-8a1d-ddb655e579d4 tempest-VolumesAdminNegativeTest-149528195 tempest-VolumesAdminNegativeTest-149528195-project] Registering scheme swift+https with {'store': <glance_store._drivers.swift.store.SingleTenantStore object at 0x7fd2e3500490>, 'location_class': <class 'glance_store._drivers.swift.store.StoreLocation'>, 'store_entry': 'swift'} {{(pid=124466) register_scheme_map /usr/local/lib/python3.8/dist-packages/glance_store/location.py:146}}
Jul 02 03:13:31 ubuntu devstack@g-api.service[124466]: DEBUG glance_store.location [None req-f3445590-98c6-4c12-8a1d-ddb655e579d4 tempest-VolumesAdminNegativeTest-149528195 tempest-VolumesAdminNegativeTest-149528195-project] Registering scheme swift with {'store': <glance_store._drivers.swift.store.SingleTenantStore object at 0x7fd2e3500490>, 'location_class': <class 'glance_store._drivers.swift.store.StoreLocation'>, 'store_entry': 'swift'} {{(pid=124466) register_scheme_map /usr/local/lib/python3.8/dist-packages/glance_store/location.py:146}}
Jul 02 03:13:31 ubuntu devstack@g-api.service[124466]: DEBUG glance_store.location [None req-f3445590-98c6-4c12-8a1d-ddb655e579d4 tempest-VolumesAdminNegativeTest-149528195 tempest-VolumesAdminNegativeTest-149528195-project] Registering scheme swift+https with {'store': <glance_store._drivers.swift.store.SingleTenantStore object at 0x7fd2e3500490>, 'location_class': <class 'glance_store._drivers.swift.store.StoreLocation'>, 'store_entry': 'swift'} {{(pid=124466) register_scheme_map /usr/local/lib/python3.8/dist-packages/glance_store/location.py:146}}
Jul 02 03:13:31 ubuntu devstack@g-api.service[124466]: DEBUG glance_store.location [None req-f3445590-98c6-4c12-8a1d-ddb655e579d4 tempest-VolumesAdminNegativeTest-149528195 tempest-VolumesAdminNegativeTest-149528195-project] Registering scheme swift with {'store': <glance_store._drivers.swift.store.SingleTenantStore object at 0x7fd2e3500490>, 'location_class': <class 'glance_store._drivers.swift.store.StoreLocation'>, 'store_entry': 'swift'} {{(pid=124466) register_scheme_map /usr/local/lib/python3.8/dist-packages/glance_store/location.py:146}}
Jul 02 03:13:31 ubuntu devstack@g-api.service[124466]: DEBUG glance_store.location [None req-f3445590-98c6-4c12-8a1d-ddb655e579d4 tempest-VolumesAdminNegativeTest-149528195 tempest-VolumesAdminNegativeTest-149528195-project] Registering scheme swift+http with {'store': <glance_store._drivers.swift.store.SingleTenantStore object at 0x7fd2e3500490>, 'location_class': <class 'glance_store._drivers.swift.store.StoreLocation'>, 'store_entry': 'swift'} {{(pid=124466) register_scheme_map /usr/local/lib/python3.8/dist-packages/glance_store/location.py:146}}
Jul 02 03:13:31 ubuntu devstack@g-api.service[124466]: DEBUG glance_store.location [None req-f3445590-98c6-4c12-8a1d-ddb655e579d4 tempest-VolumesAdminNegativeTest-149528195 tempest-VolumesAdminNegativeTest-149528195-project] Registering scheme swift+https with {'store': <glance_store._drivers.swift.store.SingleTenantStore object at 0x7fd2e3500490>, 'location_class': <class 'glance_store._drivers.swift.store.StoreLocation'>, 'store_entry': 'swift'} {{(pid=124466) register_scheme_map /usr/local/lib/python3.8/dist-packages/glance_store/location.py:146}}
Jul 02 03:13:31 ubuntu devstack@g-api.service[124466]: DEBUG glance_store.location [None req-f3445590-98c6-4c12-8a1d-ddb655e579d4 tempest-VolumesAdminNegativeTest-149528195 tempest-VolumesAdminNegativeTest-149528195-project] Registering scheme swift with {'store': <glance_store._drivers.swift.store.SingleTenantStore object at 0x7fd2e3500490>, 'location_class': <class 'glance_store._drivers.swift.store.StoreLocation'>, 'store_entry': 'swift'} {{(pid=124466) register_scheme_map /usr/local/lib/python3.8/dist-packages/glance_store/location.py:146}}
Jul 02 03:13:31 ubuntu devstack@g-api.service[124466]: DEBUG glance_store.location [None req-f3445590-98c6-4c12-8a1d-ddb655e579d4 tempest-VolumesAdminNegativeTest-149528195 tempest-VolumesAdminNegativeTest-149528195-project] Registering scheme swift+http with {'store': <glance_store._drivers.swift.store.SingleTenantStore object at 0x7fd2e3500490>, 'location_class': <class 'glance_store._drivers.swift.store.StoreLocation'>, 'store_entry': 'swift'} {{(pid=124466) register_scheme_map /usr/local/lib/python3.8/dist-packages/glance_store/location.py:146}}
Jul 02 03:13:31 ubuntu devstack@g-api.service[124466]: DEBUG glance_store.location [None req-f3445590-98c6-4c12-8a1d-ddb655e579d4 tempest-VolumesAdminNegativeTest-149528195 tempest-VolumesAdminNegativeTest-149528195-project] Registering scheme swift+config with {'store': <glance_store._drivers.swift.store.SingleTenantStore object at 0x7fd2e3500490>, 'location_class': <class 'glance_store._drivers.swift.store.StoreLocation'>, 'store_entry': 'swift'} {{(pid=124466) register_scheme_map /usr/local/lib/python3.8/dist-packages/glance_store/location.py:146}}
Jul 02 03:13:31 ubuntu devstack@g-api.service[124466]: DEBUG swiftclient [None req-f3445590-98c6-4c12-8a1d-ddb655e579d4 tempest-VolumesAdminNegativeTest-149528195 tempest-VolumesAdminNegativeTest-149528195-project] REQ: curl -i http://192.168.79.44:8080/v1/AUTH_5ae6b948301442b49391d07b7d6761ad/glance/fdfd01d8-a5f5-4467-b444-72f678bf74d6 -X GET -H "X-Auth-Token: gAAAAABiv7fbk20_..." {{(pid=124466) http_log /usr/local/lib/python3.8/dist-packages/swiftclient/client.py:157}}
Jul 02 03:13:31 ubuntu devstack@g-api.service[124466]: DEBUG swiftclient [None req-f3445590-98c6-4c12-8a1d-ddb655e579d4 tempest-VolumesAdminNegativeTest-149528195 tempest-VolumesAdminNegativeTest-149528195-project] RESP STATUS: 200 OK {{(pid=124466) http_log /usr/local/lib/python3.8/dist-packages/swiftclient/client.py:158}}
Jul 02 03:13:31 ubuntu devstack@g-api.service[124466]: DEBUG swiftclient [None req-f3445590-98c6-4c12-8a1d-ddb655e579d4 tempest-VolumesAdminNegativeTest-149528195 tempest-VolumesAdminNegativeTest-149528195-project] RESP HEADERS: {'Content-Type': 'application/octet-stream', 'Etag': '1d3062cd89af34e419f7100277f38b2b', 'Last-Modified': 'Sat, 02 Jul 2022 03:07:56 GMT', 'X-Timestamp': '1656731275.33813', 'Accept-Ranges': 'bytes', 'Content-Length': '16338944', 'X-Trans-Id': 'txada10b02e3094ca39bc53-0062bfb7db', 'X-Openstack-Request-Id': 'txada10b02e3094ca39bc53-0062bfb7db', 'Date': 'Sat, 02 Jul 2022 03:13:31 GMT'} {{(pid=124466) http_log /usr/local/lib/python3.8/dist-packages/swiftclient/client.py:159}}
Jul 02 03:13:31 ubuntu devstack@g-api.service[124466]: DEBUG glance.image_cache [None req-f3445590-98c6-4c12-8a1d-ddb655e579d4 tempest-VolumesAdminNegativeTest-149528195 tempest-VolumesAdminNegativeTest-149528195-project] Tee'ing image 'fdfd01d8-a5f5-4467-b444-72f678bf74d6' into cache {{(pid=124466) get_caching_iter /opt/stack/glance/glance/image_cache/__init__.py:343}}
Jul 02 03:13:31 ubuntu devstack@g-api.service[124466]: DEBUG glance.image_cache.drivers.sqlite [None req-f3445590-98c6-4c12-8a1d-ddb655e579d4 tempest-VolumesAdminNegativeTest-149528195 tempest-VolumesAdminNegativeTest-149528195-project] Fetch finished, moving '/opt/stack/data/glance/cache/incomplete/fdfd01d8-a5f5-4467-b444-72f678bf74d6' to '/opt/stack/data/glance/cache/fdfd01d8-a5f5-4467-b444-72f678bf74d6' {{(pid=124466) commit /opt/stack/glance/glance/image_cache/drivers/sqlite.py:324}}
Jul 02 03:13:31 ubuntu devstack@g-api.service[124466]: [pid: 124466|app: 0|req: 12/22] 127.0.0.1 () {42 vars in 1059 bytes} [Sat Jul  2 03:13:31 2022] GET /v2/images/fdfd01d8-a5f5-4467-b444-72f678bf74d6/file => generated 16338944 bytes in 437 msecs (HTTP/1.1 200) 4 headers in 191 bytes (250 switches on core 0)
Jul 02 03:13:41 ubuntu devstack@g-api.service[124467]: DEBUG dbcounter [-] [124467] Writing DB stats glance:SELECT=8 {{(pid=124467) stat_writer /usr/local/lib/python3.8/dist-packages/dbcounter.py:114}}
Jul 02 03:13:41 ubuntu devstack@g-api.service[124466]: DEBUG dbcounter [-] [124466] Writing DB stats glance:SELECT=8 {{(pid=124466) stat_writer /usr/local/lib/python3.8/dist-packages/dbcounter.py:114}}
Jul 02 03:13:58 ubuntu devstack@g-api.service[124467]: DEBUG glance.api.middleware.version_negotiation [None req-f3445590-98c6-4c12-8a1d-ddb655e579d4 tempest-VolumesAdminNegativeTest-149528195 tempest-VolumesAdminNegativeTest-149528195-project] Determining version of request: GET / Accept: application/json {{(pid=124467) process_request /opt/stack/glance/glance/api/middleware/version_negotiation.py:44}}
Jul 02 03:13:58 ubuntu devstack@g-api.service[124467]: DEBUG glance.api.middleware.version_negotiation [None req-f3445590-98c6-4c12-8a1d-ddb655e579d4 tempest-VolumesAdminNegativeTest-149528195 tempest-VolumesAdminNegativeTest-149528195-project] Using url versioning {{(pid=124467) process_request /opt/stack/glance/glance/api/middleware/version_negotiation.py:57}}
Jul 02 03:13:58 ubuntu devstack@g-api.service[124467]: DEBUG glance.api.middleware.version_negotiation [None req-f3445590-98c6-4c12-8a1d-ddb655e579d4 tempest-VolumesAdminNegativeTest-149528195 tempest-VolumesAdminNegativeTest-149528195-project] Unknown version. Returning version choices. {{(pid=124467) process_request /opt/stack/glance/glance/api/middleware/version_negotiation.py:64}}
Jul 02 03:13:58 ubuntu devstack@g-api.service[124467]: [pid: 124467|app: 0|req: 11/23] 127.0.0.1 () {34 vars in 492 bytes} [Sat Jul  2 03:13:58 2022] GET / => generated 1323 bytes in 6 msecs (HTTP/1.1 300) 3 headers in 106 bytes (1 switches on core 0)
Jul 02 03:13:58 ubuntu devstack@g-api.service[124466]: DEBUG glance.api.middleware.version_negotiation [None req-f3445590-98c6-4c12-8a1d-ddb655e579d4 tempest-VolumesAdminNegativeTest-149528195 tempest-VolumesAdminNegativeTest-149528195-project] Determining version of request: GET /v2/images/fdfd01d8-a5f5-4467-b444-72f678bf74d6 Accept: */* {{(pid=124466) process_request /opt/stack/glance/glance/api/middleware/version_negotiation.py:44}}
Jul 02 03:13:58 ubuntu devstack@g-api.service[124466]: DEBUG glance.api.middleware.version_negotiation [None req-f3445590-98c6-4c12-8a1d-ddb655e579d4 tempest-VolumesAdminNegativeTest-149528195 tempest-VolumesAdminNegativeTest-149528195-project] Using url versioning {{(pid=124466) process_request /opt/stack/glance/glance/api/middleware/version_negotiation.py:57}}
Jul 02 03:13:58 ubuntu devstack@g-api.service[124466]: DEBUG glance.api.middleware.version_negotiation [None req-f3445590-98c6-4c12-8a1d-ddb655e579d4 tempest-VolumesAdminNegativeTest-149528195 tempest-VolumesAdminNegativeTest-149528195-project] Matched version: v2 {{(pid=124466) process_request /opt/stack/glance/glance/api/middleware/version_negotiation.py:69}}
Jul 02 03:13:58 ubuntu devstack@g-api.service[124466]: DEBUG glance.api.middleware.version_negotiation [None req-f3445590-98c6-4c12-8a1d-ddb655e579d4 tempest-VolumesAdminNegativeTest-149528195 tempest-VolumesAdminNegativeTest-149528195-project] new path /v2/images/fdfd01d8-a5f5-4467-b444-72f678bf74d6 {{(pid=124466) process_request /opt/stack/glance/glance/api/middleware/version_negotiation.py:70}}
Jul 02 03:13:58 ubuntu devstack@g-api.service[124466]: [pid: 124466|app: 0|req: 13/24] 127.0.0.1 () {42 vars in 1049 bytes} [Sat Jul  2 03:13:58 2022] GET /v2/images/fdfd01d8-a5f5-4467-b444-72f678bf74d6 => generated 976 bytes in 20 msecs (HTTP/1.1 200) 4 headers in 157 bytes (1 switches on core 0)
Jul 02 03:13:58 ubuntu devstack@g-api.service[124467]: DEBUG glance.api.middleware.version_negotiation [None req-f3445590-98c6-4c12-8a1d-ddb655e579d4 tempest-VolumesAdminNegativeTest-149528195 tempest-VolumesAdminNegativeTest-149528195-project] Determining version of request: GET /v2/schemas/image Accept: */* {{(pid=124467) process_request /opt/stack/glance/glance/api/middleware/version_negotiation.py:44}}
Jul 02 03:13:58 ubuntu devstack@g-api.service[124467]: DEBUG glance.api.middleware.version_negotiation [None req-f3445590-98c6-4c12-8a1d-ddb655e579d4 tempest-VolumesAdminNegativeTest-149528195 tempest-VolumesAdminNegativeTest-149528195-project] Using url versioning {{(pid=124467) process_request /opt/stack/glance/glance/api/middleware/version_negotiation.py:57}}
Jul 02 03:13:58 ubuntu devstack@g-api.service[124467]: DEBUG glance.api.middleware.version_negotiation [None req-f3445590-98c6-4c12-8a1d-ddb655e579d4 tempest-VolumesAdminNegativeTest-149528195 tempest-VolumesAdminNegativeTest-149528195-project] Matched version: v2 {{(pid=124467) process_request /opt/stack/glance/glance/api/middleware/version_negotiation.py:69}}
Jul 02 03:13:58 ubuntu devstack@g-api.service[124467]: DEBUG glance.api.middleware.version_negotiation [None req-f3445590-98c6-4c12-8a1d-ddb655e579d4 tempest-VolumesAdminNegativeTest-149528195 tempest-VolumesAdminNegativeTest-149528195-project] new path /v2/schemas/image {{(pid=124467) process_request /opt/stack/glance/glance/api/middleware/version_negotiation.py:70}}
Jul 02 03:13:58 ubuntu devstack@g-api.service[124467]: [pid: 124467|app: 0|req: 12/25] 127.0.0.1 () {42 vars in 989 bytes} [Sat Jul  2 03:13:58 2022] GET /v2/schemas/image => generated 6083 bytes in 6 msecs (HTTP/1.1 200) 4 headers in 158 bytes (1 switches on core 0)
Jul 02 03:14:08 ubuntu devstack@g-api.service[124466]: DEBUG dbcounter [-] [124466] Writing DB stats glance:SELECT=4 {{(pid=124466) stat_writer /usr/local/lib/python3.8/dist-packages/dbcounter.py:114}}
Jul 02 03:14:25 ubuntu devstack@g-api.service[124466]: DEBUG glance.api.middleware.version_negotiation [None req-80be5034-03e7-474a-95da-e3b545d3cb4a tempest-DeleteServersTestJSON-1911397135 tempest-DeleteServersTestJSON-1911397135-project] Determining version of request: GET /v2/images/fdfd01d8-a5f5-4467-b444-72f678bf74d6 Accept: */* {{(pid=124466) process_request /opt/stack/glance/glance/api/middleware/version_negotiation.py:44}}
