Jul 07 03:42:11 ubuntu neutron-server[119243]: DEBUG neutron.api.extensions [None req-6f73cda4-9353-434e-9a7e-63623742fc7a None None] Ext name="Trunk port details" alias="trunk-details" description="Expose trunk port details" updated="2016-01-01T10:00:00-00:00" {{(pid=119243) _check_extension /opt/stack/neutron/neutron/api/extensions.py:416}}
Jul 07 03:42:11 ubuntu neutron-server[119243]: INFO neutron.api.extensions [None req-6f73cda4-9353-434e-9a7e-63623742fc7a None None] Extension trunk-details not supported by any of loaded plugins
Jul 07 03:42:11 ubuntu neutron-server[119243]: DEBUG neutron.api.extensions [None req-6f73cda4-9353-434e-9a7e-63623742fc7a None None] Loading extension file: uplink_status_propagation.py {{(pid=119243) _load_all_extensions_from_path /opt/stack/neutron/neutron/api/extensions.py:450}}
Jul 07 03:42:11 ubuntu neutron-server[119243]: DEBUG neutron.api.extensions [None req-6f73cda4-9353-434e-9a7e-63623742fc7a None None] Ext name="Uplink status propagation extension" alias="uplink-status-propagation" description="Provides ability to propagate port uplink status." updated="2018-05-31T18:00:00-00:00" {{(pid=119243) _check_extension /opt/stack/neutron/neutron/api/extensions.py:416}}
Jul 07 03:42:11 ubuntu neutron-server[119243]: INFO neutron.api.extensions [None req-6f73cda4-9353-434e-9a7e-63623742fc7a None None] Extension uplink-status-propagation not supported by any of loaded plugins
Jul 07 03:42:11 ubuntu neutron-server[119243]: DEBUG neutron.api.extensions [None req-6f73cda4-9353-434e-9a7e-63623742fc7a None None] Loading extension file: vlantransparent.py {{(pid=119243) _load_all_extensions_from_path /opt/stack/neutron/neutron/api/extensions.py:450}}
Jul 07 03:42:11 ubuntu neutron-server[119243]: DEBUG neutron.api.extensions [None req-6f73cda4-9353-434e-9a7e-63623742fc7a None None] Ext name="Vlantransparent" alias="vlan-transparent" description="Provides Vlan Transparent Networks" updated="2015-03-23T09:00:00-00:00" {{(pid=119243) _check_extension /opt/stack/neutron/neutron/api/extensions.py:416}}
Jul 07 03:42:11 ubuntu neutron-server[119243]: INFO neutron.api.extensions [None req-6f73cda4-9353-434e-9a7e-63623742fc7a None None] Extension vlan-transparent not supported by any of loaded plugins
Jul 07 03:42:11 ubuntu neutron-server[119243]: INFO neutron.quota.resource_registry [None req-6f73cda4-9353-434e-9a7e-63623742fc7a None None] Creating instance of TrackedResource for resource:network
Jul 07 03:42:11 ubuntu neutron-server[119243]: INFO neutron.quota.resource_registry [None req-6f73cda4-9353-434e-9a7e-63623742fc7a None None] Creating instance of TrackedResource for resource:subnet
Jul 07 03:42:11 ubuntu neutron-server[119243]: INFO neutron.quota.resource_registry [None req-6f73cda4-9353-434e-9a7e-63623742fc7a None None] Creating instance of TrackedResource for resource:subnetpool
Jul 07 03:42:11 ubuntu neutron-server[119243]: INFO neutron.quota.resource_registry [None req-6f73cda4-9353-434e-9a7e-63623742fc7a None None] Creating instance of TrackedResource for resource:port
Jul 07 03:42:11 ubuntu neutron-server[119243]: DEBUG neutron.api.v2.resource_helper [None req-6f73cda4-9353-434e-9a7e-63623742fc7a None None] Service FLAVORS assigned prefix:  {{(pid=119243) build_resource_info /opt/stack/neutron/neutron/api/v2/resource_helper.py:77}}
Jul 07 03:42:11 ubuntu neutron-server[119243]: DEBUG neutron.api.v2.resource_helper [None req-6f73cda4-9353-434e-9a7e-63623742fc7a None None] Service L3_ROUTER_NAT assigned prefix:  {{(pid=119243) build_resource_info /opt/stack/neutron/neutron/api/v2/resource_helper.py:77}}
Jul 07 03:42:11 ubuntu neutron-server[119243]: DEBUG neutron.api.v2.resource_helper [None req-6f73cda4-9353-434e-9a7e-63623742fc7a None None] Service L3_ROUTER_NAT assigned prefix:  {{(pid=119243) build_resource_info /opt/stack/neutron/neutron/api/v2/resource_helper.py:77}}
Jul 07 03:42:11 ubuntu neutron-server[119243]: INFO neutron.quota.resource_registry [None req-6f73cda4-9353-434e-9a7e-63623742fc7a None None] Creating instance of TrackedResource for resource:router
Jul 07 03:42:11 ubuntu neutron-server[119243]: INFO neutron.quota.resource_registry [None req-6f73cda4-9353-434e-9a7e-63623742fc7a None None] Creating instance of TrackedResource for resource:floatingip
Jul 07 03:42:11 ubuntu neutron-server[119243]: DEBUG neutron_lib.callbacks.manager [None req-6f73cda4-9353-434e-9a7e-63623742fc7a None None] Subscribe: <bound method NeutronDbPluginV2.validate_network_rbac_policy_change of <neutron.services.network_ip_availability.plugin.NetworkIPAvailabilityPlugin object at 0x7fc87a675d00>> rbac-policy before_create 55550000 {{(pid=119243) subscribe /usr/local/lib/python3.8/dist-packages/neutron_lib/callbacks/manager.py:45}}
Jul 07 03:42:11 ubuntu neutron-server[119243]: DEBUG neutron_lib.callbacks.manager [None req-6f73cda4-9353-434e-9a7e-63623742fc7a None None] Subscribe: <bound method NeutronDbPluginV2.validate_network_rbac_policy_change of <neutron.services.network_ip_availability.plugin.NetworkIPAvailabilityPlugin object at 0x7fc87a675d00>> rbac-policy before_update 55550000 {{(pid=119243) subscribe /usr/local/lib/python3.8/dist-packages/neutron_lib/callbacks/manager.py:45}}
Jul 07 03:42:11 ubuntu neutron-server[119243]: DEBUG neutron_lib.callbacks.manager [None req-6f73cda4-9353-434e-9a7e-63623742fc7a None None] Subscribe: <bound method NeutronDbPluginV2.validate_network_rbac_policy_change of <neutron.services.network_ip_availability.plugin.NetworkIPAvailabilityPlugin object at 0x7fc87a675d00>> rbac-policy before_delete 55550000 {{(pid=119243) subscribe /usr/local/lib/python3.8/dist-packages/neutron_lib/callbacks/manager.py:45}}
Jul 07 03:42:11 ubuntu neutron-server[119243]: INFO neutron.quota.resource_registry [None req-6f73cda4-9353-434e-9a7e-63623742fc7a None None] Creating instance of CountableResource for resource:rbac_policy
Jul 07 03:42:11 ubuntu neutron-server[119243]: INFO neutron.quota.resource_registry [None req-6f73cda4-9353-434e-9a7e-63623742fc7a None None] Creating instance of TrackedResource for resource:security_group
Jul 07 03:42:11 ubuntu neutron-server[119243]: INFO neutron.quota.resource_registry [None req-6f73cda4-9353-434e-9a7e-63623742fc7a None None] Creating instance of TrackedResource for resource:security_group_rule
Jul 07 03:42:11 ubuntu neutron-server[119243]: DEBUG neutron.api.v2.resource_helper [None req-6f73cda4-9353-434e-9a7e-63623742fc7a None None] Service FLAVORS assigned prefix:  {{(pid=119243) build_resource_info /opt/stack/neutron/neutron/api/v2/resource_helper.py:77}}
Jul 07 03:42:11 ubuntu neutron-server[119243]: DEBUG neutron.api.v2.resource_helper [None req-6f73cda4-9353-434e-9a7e-63623742fc7a None None] Service L3_ROUTER_NAT assigned prefix:  {{(pid=119243) build_resource_info /opt/stack/neutron/neutron/api/v2/resource_helper.py:77}}
Jul 07 03:42:11 ubuntu neutron-server[119243]: DEBUG neutron.api.v2.resource_helper [None req-6f73cda4-9353-434e-9a7e-63623742fc7a None None] Service L3_ROUTER_NAT assigned prefix:  {{(pid=119243) build_resource_info /opt/stack/neutron/neutron/api/v2/resource_helper.py:77}}
Jul 07 03:42:11 ubuntu neutron-server[119243]: INFO neutron.quota.resource_registry [None req-6f73cda4-9353-434e-9a7e-63623742fc7a None None] Creating instance of TrackedResource for resource:router
Jul 07 03:42:11 ubuntu neutron-server[119243]: WARNING neutron.quota.resource_registry [None req-6f73cda4-9353-434e-9a7e-63623742fc7a None None] router is already registered
Jul 07 03:42:11 ubuntu neutron-server[119243]: INFO neutron.quota.resource_registry [None req-6f73cda4-9353-434e-9a7e-63623742fc7a None None] Creating instance of TrackedResource for resource:floatingip
Jul 07 03:42:11 ubuntu neutron-server[119243]: WARNING neutron.quota.resource_registry [None req-6f73cda4-9353-434e-9a7e-63623742fc7a None None] floatingip is already registered
Jul 07 03:42:11 ubuntu neutron-server[119243]: INFO neutron.quota.resource_registry [None req-6f73cda4-9353-434e-9a7e-63623742fc7a None None] Creating instance of CountableResource for resource:rbac_policy
Jul 07 03:42:11 ubuntu neutron-server[119243]: WARNING neutron.quota.resource_registry [None req-6f73cda4-9353-434e-9a7e-63623742fc7a None None] rbac_policy is already registered
Jul 07 03:42:11 ubuntu neutron-server[119243]: INFO neutron.quota.resource_registry [None req-6f73cda4-9353-434e-9a7e-63623742fc7a None None] Creating instance of TrackedResource for resource:security_group
Jul 07 03:42:11 ubuntu neutron-server[119243]: WARNING neutron.quota.resource_registry [None req-6f73cda4-9353-434e-9a7e-63623742fc7a None None] security_group is already registered
Jul 07 03:42:11 ubuntu neutron-server[119243]: INFO neutron.quota.resource_registry [None req-6f73cda4-9353-434e-9a7e-63623742fc7a None None] Creating instance of TrackedResource for resource:security_group_rule
Jul 07 03:42:11 ubuntu neutron-server[119243]: WARNING neutron.quota.resource_registry [None req-6f73cda4-9353-434e-9a7e-63623742fc7a None None] security_group_rule is already registered
Jul 07 03:42:11 ubuntu neutron-server[119243]: DEBUG neutron.api.extensions [None req-6f73cda4-9353-434e-9a7e-63623742fc7a None None] Extended resource: extensions {{(pid=119243) __init__ /opt/stack/neutron/neutron/api/extensions.py:157}}
Jul 07 03:42:11 ubuntu neutron-server[119243]: DEBUG neutron.api.extensions [None req-6f73cda4-9353-434e-9a7e-63623742fc7a None None] Extended resource: address-groups {{(pid=119243) __init__ /opt/stack/neutron/neutron/api/extensions.py:157}}
Jul 07 03:42:11 ubuntu neutron-server[119243]: DEBUG neutron.api.extensions [None req-6f73cda4-9353-434e-9a7e-63623742fc7a None None] Extended resource: address-scopes {{(pid=119243) __init__ /opt/stack/neutron/neutron/api/extensions.py:157}}
Jul 07 03:42:11 ubuntu neutron-server[119243]: DEBUG neutron.api.extensions [None req-6f73cda4-9353-434e-9a7e-63623742fc7a None None] Extended resource: agents {{(pid=119243) __init__ /opt/stack/neutron/neutron/api/extensions.py:157}}
Jul 07 03:42:11 ubuntu neutron-server[119243]: DEBUG neutron.api.extensions [None req-6f73cda4-9353-434e-9a7e-63623742fc7a None None] Extended resource: auto-allocated-topology {{(pid=119243) __init__ /opt/stack/neutron/neutron/api/extensions.py:157}}
Jul 07 03:42:11 ubuntu neutron-server[119243]: DEBUG neutron.api.extensions [None req-6f73cda4-9353-434e-9a7e-63623742fc7a None None] Extended resource: availability_zones {{(pid=119243) __init__ /opt/stack/neutron/neutron/api/extensions.py:157}}
Jul 07 03:42:11 ubuntu neutron-server[119243]: DEBUG neutron.api.extensions [None req-6f73cda4-9353-434e-9a7e-63623742fc7a None None] Extended resource: flavors {{(pid=119243) __init__ /opt/stack/neutron/neutron/api/extensions.py:157}}
Jul 07 03:42:11 ubuntu neutron-server[119243]: DEBUG neutron.api.extensions [None req-6f73cda4-9353-434e-9a7e-63623742fc7a None None] Extended resource: service_profiles {{(pid=119243) __init__ /opt/stack/neutron/neutron/api/extensions.py:157}}
Jul 07 03:42:11 ubuntu neutron-server[119243]: DEBUG neutron.api.extensions [None req-6f73cda4-9353-434e-9a7e-63623742fc7a None None] Extended resource: next_providers {{(pid=119243) __init__ /opt/stack/neutron/neutron/api/extensions.py:157}}
Jul 07 03:42:11 ubuntu neutron-server[119243]: DEBUG neutron.api.extensions [None req-6f73cda4-9353-434e-9a7e-63623742fc7a None None] Extended resource: service_profiles {{(pid=119243) __init__ /opt/stack/neutron/neutron/api/extensions.py:157}}
Jul 07 03:42:11 ubuntu neutron-server[119243]: DEBUG neutron.api.extensions [None req-6f73cda4-9353-434e-9a7e-63623742fc7a None None] Extended resource: floatingip-pools {{(pid=119243) __init__ /opt/stack/neutron/neutron/api/extensions.py:157}}
Jul 07 03:42:11 ubuntu neutron-server[119243]: DEBUG neutron.api.extensions [None req-6f73cda4-9353-434e-9a7e-63623742fc7a None None] Extended resource: routers {{(pid=119243) __init__ /opt/stack/neutron/neutron/api/extensions.py:157}}
Jul 07 03:42:11 ubuntu neutron-server[119243]: DEBUG neutron.api.extensions [None req-6f73cda4-9353-434e-9a7e-63623742fc7a None None] Extended resource: floatingips {{(pid=119243) __init__ /opt/stack/neutron/neutron/api/extensions.py:157}}
Jul 07 03:42:11 ubuntu neutron-server[119243]: DEBUG neutron.api.extensions [None req-6f73cda4-9353-434e-9a7e-63623742fc7a None None] Extended resource: network-ip-availabilities {{(pid=119243) __init__ /opt/stack/neutron/neutron/api/extensions.py:157}}
Jul 07 03:42:11 ubuntu neutron-server[119243]: DEBUG neutron.api.extensions [None req-6f73cda4-9353-434e-9a7e-63623742fc7a None None] Extended resource: bindings {{(pid=119243) __init__ /opt/stack/neutron/neutron/api/extensions.py:157}}
Jul 07 03:42:11 ubuntu neutron-server[119243]: DEBUG neutron.api.extensions [None req-6f73cda4-9353-434e-9a7e-63623742fc7a None None] Extended resource: quotas {{(pid=119243) __init__ /opt/stack/neutron/neutron/api/extensions.py:157}}
Jul 07 03:42:11 ubuntu neutron-server[119243]: DEBUG neutron.api.extensions [None req-6f73cda4-9353-434e-9a7e-63623742fc7a None None] Extended resource: quotas {{(pid=119243) __init__ /opt/stack/neutron/neutron/api/extensions.py:157}}
Jul 07 03:42:11 ubuntu neutron-server[119243]: DEBUG neutron.api.extensions [None req-6f73cda4-9353-434e-9a7e-63623742fc7a None None] Extended resource: rbac-policies {{(pid=119243) __init__ /opt/stack/neutron/neutron/api/extensions.py:157}}
Jul 07 03:42:11 ubuntu neutron-server[119243]: DEBUG neutron.api.extensions [None req-6f73cda4-9353-434e-9a7e-63623742fc7a None None] Extended resource: security-groups {{(pid=119243) __init__ /opt/stack/neutron/neutron/api/extensions.py:157}}
Jul 07 03:42:11 ubuntu neutron-server[119243]: DEBUG neutron.api.extensions [None req-6f73cda4-9353-434e-9a7e-63623742fc7a None None] Extended resource: security-group-rules {{(pid=119243) __init__ /opt/stack/neutron/neutron/api/extensions.py:157}}
Jul 07 03:42:11 ubuntu neutron-server[119243]: DEBUG neutron.api.extensions [None req-6f73cda4-9353-434e-9a7e-63623742fc7a None None] Extended resource: service-providers {{(pid=119243) __init__ /opt/stack/neutron/neutron/api/extensions.py:157}}
Jul 07 03:42:11 ubuntu neutron-server[119243]: DEBUG neutron.api.extensions [None req-6f73cda4-9353-434e-9a7e-63623742fc7a None None] Extended resource: tags {{(pid=119243) __init__ /opt/stack/neutron/neutron/api/extensions.py:157}}
Jul 07 03:42:11 ubuntu neutron-server[119243]: DEBUG neutron.api.extensions [None req-6f73cda4-9353-434e-9a7e-63623742fc7a None None] Extended resource: tags {{(pid=119243) __init__ /opt/stack/neutron/neutron/api/extensions.py:157}}
Jul 07 03:42:11 ubuntu neutron-server[119243]: DEBUG neutron.api.extensions [None req-6f73cda4-9353-434e-9a7e-63623742fc7a None None] Extended resource: tags {{(pid=119243) __init__ /opt/stack/neutron/neutron/api/extensions.py:157}}
Jul 07 03:42:11 ubuntu neutron-server[119243]: DEBUG neutron.api.extensions [None req-6f73cda4-9353-434e-9a7e-63623742fc7a None None] Extended resource: tags {{(pid=119243) __init__ /opt/stack/neutron/neutron/api/extensions.py:157}}
Jul 07 03:42:11 ubuntu neutron-server[119243]: DEBUG neutron.api.extensions [None req-6f73cda4-9353-434e-9a7e-63623742fc7a None None] Extended resource: tags {{(pid=119243) __init__ /opt/stack/neutron/neutron/api/extensions.py:157}}
Jul 07 03:42:11 ubuntu neutron-server[119243]: DEBUG neutron.api.extensions [None req-6f73cda4-9353-434e-9a7e-63623742fc7a None None] Extended resource: tags {{(pid=119243) __init__ /opt/stack/neutron/neutron/api/extensions.py:157}}
Jul 07 03:42:11 ubuntu neutron-server[119243]: DEBUG neutron.api.extensions [None req-6f73cda4-9353-434e-9a7e-63623742fc7a None None] Extended resource: tags {{(pid=119243) __init__ /opt/stack/neutron/neutron/api/extensions.py:157}}
Jul 07 03:42:11 ubuntu neutron-server[119243]: DEBUG neutron.api.extensions [None req-6f73cda4-9353-434e-9a7e-63623742fc7a None None] Extended resource: tags {{(pid=119243) __init__ /opt/stack/neutron/neutron/api/extensions.py:157}}
Jul 07 03:42:11 ubuntu neutron-server[119243]: DEBUG neutron.api.extensions [None req-6f73cda4-9353-434e-9a7e-63623742fc7a None None] Extended resource: tags {{(pid=119243) __init__ /opt/stack/neutron/neutron/api/extensions.py:157}}
Jul 07 03:42:11 ubuntu neutron-server[119243]: DEBUG neutron.api.extensions [None req-6f73cda4-9353-434e-9a7e-63623742fc7a None None] Extended resource: tags {{(pid=119243) __init__ /opt/stack/neutron/neutron/api/extensions.py:157}}
Jul 07 03:42:11 ubuntu neutron-server[119243]: WARNING keystonemiddleware.auth_token [None req-6f73cda4-9353-434e-9a7e-63623742fc7a None None] AuthToken middleware is set with keystone_authtoken.service_token_roles_required set to False. This is backwards compatible but deprecated behaviour. Please set this to True.
Jul 07 03:42:11 ubuntu neutron-server[119243]: WARNING keystonemiddleware.auth_token [None req-6f73cda4-9353-434e-9a7e-63623742fc7a None None] Configuring www_authenticate_uri to point to the public identity endpoint is required; clients may not be able to authenticate against an admin endpoint
Jul 07 03:42:11 ubuntu neutron-server[119243]: DEBUG oslo_concurrency.lockutils [None req-6f73cda4-9353-434e-9a7e-63623742fc7a None None] Acquired lock "singleton_lock" {{(pid=119243) lock /usr/local/lib/python3.8/dist-packages/oslo_concurrency/lockutils.py:294}}
Jul 07 03:42:11 ubuntu neutron-server[119243]: DEBUG oslo_concurrency.lockutils [None req-6f73cda4-9353-434e-9a7e-63623742fc7a None None] Releasing lock "singleton_lock" {{(pid=119243) lock /usr/local/lib/python3.8/dist-packages/oslo_concurrency/lockutils.py:312}}
Jul 07 03:42:11 ubuntu neutron-server[119243]: INFO oslo_service.service [None req-6f73cda4-9353-434e-9a7e-63623742fc7a None None] Starting 2 workers
Jul 07 03:42:11 ubuntu neutron-server[119243]: DEBUG oslo_service.service [None req-6f73cda4-9353-434e-9a7e-63623742fc7a None None] Started child 119447 {{(pid=119243) _start_child /usr/local/lib/python3.8/dist-packages/oslo_service/service.py:575}}
Jul 07 03:42:11 ubuntu neutron-server[119243]: DEBUG oslo_service.service [None req-6f73cda4-9353-434e-9a7e-63623742fc7a None None] Started child 119448 {{(pid=119243) _start_child /usr/local/lib/python3.8/dist-packages/oslo_service/service.py:575}}
Jul 07 03:42:11 ubuntu neutron-server[119243]: INFO neutron.service [None req-6f73cda4-9353-434e-9a7e-63623742fc7a None None] Neutron service started, listening on 0.0.0.0:9696
Jul 07 03:42:11 ubuntu neutron-server[119243]: DEBUG neutron_lib.callbacks.manager [None req-6f73cda4-9353-434e-9a7e-63623742fc7a None None] Publish callbacks ['neutron.plugins.ml2.drivers.ovn.mech_driver.mech_driver.OVNMechanismDriver.pre_fork_initialize-1044676'] for process (None), before_spawn {{(pid=119243) _notify_loop /usr/local/lib/python3.8/dist-packages/neutron_lib/callbacks/manager.py:176}}
Jul 07 03:42:11 ubuntu neutron-server[119447]: DEBUG neutron_lib.callbacks.manager [-] Publish callbacks ['neutron.plugins.ml2.drivers.ovn.mech_driver.mech_driver.OVNMechanismDriver.post_fork_initialize-1044640'] for process (None), after_init {{(pid=119447) _notify_loop /usr/local/lib/python3.8/dist-packages/neutron_lib/callbacks/manager.py:176}}
Jul 07 03:42:11 ubuntu neutron-server[119448]: DEBUG neutron_lib.callbacks.manager [-] Publish callbacks ['neutron.plugins.ml2.drivers.ovn.mech_driver.mech_driver.OVNMechanismDriver.post_fork_initialize-1044640'] for process (None), after_init {{(pid=119448) _notify_loop /usr/local/lib/python3.8/dist-packages/neutron_lib/callbacks/manager.py:176}}
Jul 07 03:42:11 ubuntu neutron-server[119448]: DEBUG dbcounter [-] [119448] Writer thread running {{(pid=119448) stat_writer /usr/local/lib/python3.8/dist-packages/dbcounter.py:99}}
Jul 07 03:42:11 ubuntu neutron-server[119447]: DEBUG dbcounter [-] [119447] Writer thread running {{(pid=119447) stat_writer /usr/local/lib/python3.8/dist-packages/dbcounter.py:99}}
Jul 07 03:42:11 ubuntu neutron-server[119243]: DEBUG ovsdbapp.backend.ovs_idl [None req-6f73cda4-9353-434e-9a7e-63623742fc7a None None] Created schema index Port_Group.name {{(pid=119243) autocreate_indices /usr/local/lib/python3.8/dist-packages/ovsdbapp/backend/ovs_idl/__init__.py:104}}
Jul 07 03:42:11 ubuntu neutron-server[119243]: DEBUG ovsdbapp.backend.ovs_idl [None req-6f73cda4-9353-434e-9a7e-63623742fc7a None None] Created schema index Logical_Switch_Port.name {{(pid=119243) autocreate_indices /usr/local/lib/python3.8/dist-packages/ovsdbapp/backend/ovs_idl/__init__.py:104}}
Jul 07 03:42:11 ubuntu neutron-server[119448]: INFO neutron.plugins.ml2.drivers.ovn.mech_driver.ovsdb.impl_idl_ovn [None req-97518807-fc32-4301-b4fe-798f8dd55703 None None] Getting OvsdbNbOvnIdl for WorkerService with retry
Jul 07 03:42:11 ubuntu neutron-server[119447]: INFO neutron.plugins.ml2.drivers.ovn.mech_driver.ovsdb.impl_idl_ovn [None req-08be917f-a2f5-4475-85b3-9cca94e01328 None None] Getting OvsdbNbOvnIdl for WorkerService with retry
Jul 07 03:42:11 ubuntu neutron-server[119243]: DEBUG ovsdbapp.backend.ovs_idl.transaction [-] Running txn n=1 command(idx=0): PgAddCommand(name=neutron_pg_drop, may_exist=True, columns={'acls': []}) {{(pid=119243) do_commit /usr/local/lib/python3.8/dist-packages/ovsdbapp/backend/ovs_idl/transaction.py:90}}
Jul 07 03:42:11 ubuntu neutron-server[119243]: DEBUG ovsdbapp.backend.ovs_idl.transaction [-] Running txn n=1 command(idx=1): PgAclAddCommand(entity=neutron_pg_drop, direction=from-lport, priority=1001, match=inport == @neutron_pg_drop && ip, action=drop, log=False, may_exist=True, severity=[], name=[], meter=None, external_ids={}) {{(pid=119243) do_commit /usr/local/lib/python3.8/dist-packages/ovsdbapp/backend/ovs_idl/transaction.py:90}}
Jul 07 03:42:11 ubuntu neutron-server[119243]: DEBUG ovsdbapp.backend.ovs_idl.transaction [-] Running txn n=1 command(idx=2): PgAclAddCommand(entity=neutron_pg_drop, direction=to-lport, priority=1001, match=outport == @neutron_pg_drop && ip, action=drop, log=False, may_exist=True, severity=[], name=[], meter=None, external_ids={}) {{(pid=119243) do_commit /usr/local/lib/python3.8/dist-packages/ovsdbapp/backend/ovs_idl/transaction.py:90}}
Jul 07 03:42:11 ubuntu neutron-server[119243]: DEBUG ovsdbapp.backend.ovs_idl.event [-] Matched CREATE: NeutronPgDropPortGroupCreated(events=('create',), table='Port_Group', conditions=(('name', '=', 'neutron_pg_drop'),), old_conditions=None), priority=10 to row=Port_Group(name=neutron_pg_drop, ports=[], external_ids={}, acls=[<ovs.db.idl.Row object at 0x7fc879e841f0>, <ovs.db.idl.Row object at 0x7fc879e84730>]) old= {{(pid=119243) matches /usr/local/lib/python3.8/dist-packages/ovsdbapp/backend/ovs_idl/event.py:43}}
Jul 07 03:42:11 ubuntu neutron-server[119448]: DEBUG ovsdbapp.backend.ovs_idl [None req-97518807-fc32-4301-b4fe-798f8dd55703 None None] Created lookup_table index Logical_Switch.name {{(pid=119448) autocreate_indices /usr/local/lib/python3.8/dist-packages/ovsdbapp/backend/ovs_idl/__init__.py:85}}
Jul 07 03:42:11 ubuntu neutron-server[119448]: DEBUG ovsdbapp.backend.ovs_idl [None req-97518807-fc32-4301-b4fe-798f8dd55703 None None] Created lookup_table index Logical_Router.name {{(pid=119448) autocreate_indices /usr/local/lib/python3.8/dist-packages/ovsdbapp/backend/ovs_idl/__init__.py:85}}
Jul 07 03:42:11 ubuntu neutron-server[119448]: DEBUG ovsdbapp.backend.ovs_idl [None req-97518807-fc32-4301-b4fe-798f8dd55703 None None] Created lookup_table index Load_Balancer.name {{(pid=119448) autocreate_indices /usr/local/lib/python3.8/dist-packages/ovsdbapp/backend/ovs_idl/__init__.py:85}}
Jul 07 03:42:11 ubuntu neutron-server[119448]: DEBUG ovsdbapp.backend.ovs_idl [None req-97518807-fc32-4301-b4fe-798f8dd55703 None None] Created schema index Meter.name {{(pid=119448) autocreate_indices /usr/local/lib/python3.8/dist-packages/ovsdbapp/backend/ovs_idl/__init__.py:104}}
Jul 07 03:42:11 ubuntu neutron-server[119448]: DEBUG ovsdbapp.backend.ovs_idl [None req-97518807-fc32-4301-b4fe-798f8dd55703 None None] Created schema index Address_Set.name {{(pid=119448) autocreate_indices /usr/local/lib/python3.8/dist-packages/ovsdbapp/backend/ovs_idl/__init__.py:104}}
Jul 07 03:42:11 ubuntu neutron-server[119447]: DEBUG ovsdbapp.backend.ovs_idl [None req-08be917f-a2f5-4475-85b3-9cca94e01328 None None] Created lookup_table index Logical_Switch.name {{(pid=119447) autocreate_indices /usr/local/lib/python3.8/dist-packages/ovsdbapp/backend/ovs_idl/__init__.py:85}}
Jul 07 03:42:11 ubuntu neutron-server[119448]: DEBUG ovsdbapp.backend.ovs_idl [None req-97518807-fc32-4301-b4fe-798f8dd55703 None None] Created schema index HA_Chassis_Group.name {{(pid=119448) autocreate_indices /usr/local/lib/python3.8/dist-packages/ovsdbapp/backend/ovs_idl/__init__.py:104}}
Jul 07 03:42:11 ubuntu neutron-server[119447]: DEBUG ovsdbapp.backend.ovs_idl [None req-08be917f-a2f5-4475-85b3-9cca94e01328 None None] Created lookup_table index Logical_Router.name {{(pid=119447) autocreate_indices /usr/local/lib/python3.8/dist-packages/ovsdbapp/backend/ovs_idl/__init__.py:85}}
Jul 07 03:42:11 ubuntu neutron-server[119447]: DEBUG ovsdbapp.backend.ovs_idl [None req-08be917f-a2f5-4475-85b3-9cca94e01328 None None] Created lookup_table index Load_Balancer.name {{(pid=119447) autocreate_indices /usr/local/lib/python3.8/dist-packages/ovsdbapp/backend/ovs_idl/__init__.py:85}}
Jul 07 03:42:11 ubuntu neutron-server[119448]: DEBUG ovsdbapp.backend.ovs_idl [None req-97518807-fc32-4301-b4fe-798f8dd55703 None None] Created schema index Connection.target {{(pid=119448) autocreate_indices /usr/local/lib/python3.8/dist-packages/ovsdbapp/backend/ovs_idl/__init__.py:104}}
Jul 07 03:42:11 ubuntu neutron-server[119447]: DEBUG ovsdbapp.backend.ovs_idl [None req-08be917f-a2f5-4475-85b3-9cca94e01328 None None] Created schema index Meter.name {{(pid=119447) autocreate_indices /usr/local/lib/python3.8/dist-packages/ovsdbapp/backend/ovs_idl/__init__.py:104}}
Jul 07 03:42:11 ubuntu neutron-server[119448]: DEBUG ovsdbapp.backend.ovs_idl [None req-97518807-fc32-4301-b4fe-798f8dd55703 None None] Created schema index Gateway_Chassis.name {{(pid=119448) autocreate_indices /usr/local/lib/python3.8/dist-packages/ovsdbapp/backend/ovs_idl/__init__.py:104}}
Jul 07 03:42:11 ubuntu neutron-server[119447]: DEBUG ovsdbapp.backend.ovs_idl [None req-08be917f-a2f5-4475-85b3-9cca94e01328 None None] Created schema index Address_Set.name {{(pid=119447) autocreate_indices /usr/local/lib/python3.8/dist-packages/ovsdbapp/backend/ovs_idl/__init__.py:104}}
Jul 07 03:42:11 ubuntu neutron-server[119448]: DEBUG ovsdbapp.backend.ovs_idl [None req-97518807-fc32-4301-b4fe-798f8dd55703 None None] Created schema index Logical_Router_Port.name {{(pid=119448) autocreate_indices /usr/local/lib/python3.8/dist-packages/ovsdbapp/backend/ovs_idl/__init__.py:104}}
Jul 07 03:42:11 ubuntu neutron-server[119447]: DEBUG ovsdbapp.backend.ovs_idl [None req-08be917f-a2f5-4475-85b3-9cca94e01328 None None] Created schema index HA_Chassis_Group.name {{(pid=119447) autocreate_indices /usr/local/lib/python3.8/dist-packages/ovsdbapp/backend/ovs_idl/__init__.py:104}}
Jul 07 03:42:11 ubuntu neutron-server[119447]: DEBUG ovsdbapp.backend.ovs_idl [None req-08be917f-a2f5-4475-85b3-9cca94e01328 None None] Created schema index Connection.target {{(pid=119447) autocreate_indices /usr/local/lib/python3.8/dist-packages/ovsdbapp/backend/ovs_idl/__init__.py:104}}
Jul 07 03:42:11 ubuntu neutron-server[119448]: DEBUG ovsdbapp.backend.ovs_idl [None req-97518807-fc32-4301-b4fe-798f8dd55703 None None] Created schema index Port_Group.name {{(pid=119448) autocreate_indices /usr/local/lib/python3.8/dist-packages/ovsdbapp/backend/ovs_idl/__init__.py:104}}
Jul 07 03:42:11 ubuntu neutron-server[119447]: DEBUG ovsdbapp.backend.ovs_idl [None req-08be917f-a2f5-4475-85b3-9cca94e01328 None None] Created schema index Gateway_Chassis.name {{(pid=119447) autocreate_indices /usr/local/lib/python3.8/dist-packages/ovsdbapp/backend/ovs_idl/__init__.py:104}}
Jul 07 03:42:11 ubuntu neutron-server[119447]: DEBUG ovsdbapp.backend.ovs_idl [None req-08be917f-a2f5-4475-85b3-9cca94e01328 None None] Created schema index Logical_Router_Port.name {{(pid=119447) autocreate_indices /usr/local/lib/python3.8/dist-packages/ovsdbapp/backend/ovs_idl/__init__.py:104}}
Jul 07 03:42:11 ubuntu neutron-server[119448]: DEBUG ovsdbapp.backend.ovs_idl [None req-97518807-fc32-4301-b4fe-798f8dd55703 None None] Created schema index Logical_Switch_Port.name {{(pid=119448) autocreate_indices /usr/local/lib/python3.8/dist-packages/ovsdbapp/backend/ovs_idl/__init__.py:104}}
Jul 07 03:42:11 ubuntu neutron-server[119447]: DEBUG ovsdbapp.backend.ovs_idl [None req-08be917f-a2f5-4475-85b3-9cca94e01328 None None] Created schema index Port_Group.name {{(pid=119447) autocreate_indices /usr/local/lib/python3.8/dist-packages/ovsdbapp/backend/ovs_idl/__init__.py:104}}
Jul 07 03:42:11 ubuntu neutron-server[119447]: DEBUG ovsdbapp.backend.ovs_idl [None req-08be917f-a2f5-4475-85b3-9cca94e01328 None None] Created schema index Logical_Switch_Port.name {{(pid=119447) autocreate_indices /usr/local/lib/python3.8/dist-packages/ovsdbapp/backend/ovs_idl/__init__.py:104}}
Jul 07 03:42:11 ubuntu neutron-server[119448]: INFO ovsdbapp.backend.ovs_idl.vlog [None req-97518807-fc32-4301-b4fe-798f8dd55703 None None] tcp:192.168.79.46:6641: connecting...
Jul 07 03:42:11 ubuntu neutron-server[119447]: INFO ovsdbapp.backend.ovs_idl.vlog [None req-08be917f-a2f5-4475-85b3-9cca94e01328 None None] tcp:192.168.79.46:6641: connecting...
Jul 07 03:42:11 ubuntu neutron-server[119448]: INFO ovsdbapp.backend.ovs_idl.vlog [None req-97518807-fc32-4301-b4fe-798f8dd55703 None None] tcp:192.168.79.46:6641: connected
Jul 07 03:42:11 ubuntu neutron-server[119447]: INFO ovsdbapp.backend.ovs_idl.vlog [None req-08be917f-a2f5-4475-85b3-9cca94e01328 None None] tcp:192.168.79.46:6641: connected
Jul 07 03:42:11 ubuntu neutron-server[119448]: DEBUG neutron.common.ovn.hash_ring_manager [None req-97518807-fc32-4301-b4fe-798f8dd55703 None None] Allow caching, nodes 2>=2 {{(pid=119448) _wait_startup_before_caching /opt/stack/neutron/neutron/common/ovn/hash_ring_manager.py:60}}
Jul 07 03:42:11 ubuntu neutron-server[119243]: DEBUG ovsdbapp.backend.ovs_idl [None req-6f73cda4-9353-434e-9a7e-63623742fc7a None None] Created lookup_table index Logical_Switch.name {{(pid=119243) autocreate_indices /usr/local/lib/python3.8/dist-packages/ovsdbapp/backend/ovs_idl/__init__.py:85}}
Jul 07 03:42:11 ubuntu neutron-server[119243]: DEBUG ovsdbapp.backend.ovs_idl [None req-6f73cda4-9353-434e-9a7e-63623742fc7a None None] Created lookup_table index Logical_Router.name {{(pid=119243) autocreate_indices /usr/local/lib/python3.8/dist-packages/ovsdbapp/backend/ovs_idl/__init__.py:85}}
Jul 07 03:42:11 ubuntu neutron-server[119243]: DEBUG ovsdbapp.backend.ovs_idl [None req-6f73cda4-9353-434e-9a7e-63623742fc7a None None] Created lookup_table index Load_Balancer.name {{(pid=119243) autocreate_indices /usr/local/lib/python3.8/dist-packages/ovsdbapp/backend/ovs_idl/__init__.py:85}}
Jul 07 03:42:11 ubuntu neutron-server[119243]: DEBUG ovsdbapp.backend.ovs_idl [None req-6f73cda4-9353-434e-9a7e-63623742fc7a None None] Created schema index Meter.name {{(pid=119243) autocreate_indices /usr/local/lib/python3.8/dist-packages/ovsdbapp/backend/ovs_idl/__init__.py:104}}
Jul 07 03:42:11 ubuntu neutron-server[119243]: DEBUG ovsdbapp.backend.ovs_idl [None req-6f73cda4-9353-434e-9a7e-63623742fc7a None None] Created schema index Address_Set.name {{(pid=119243) autocreate_indices /usr/local/lib/python3.8/dist-packages/ovsdbapp/backend/ovs_idl/__init__.py:104}}
Jul 07 03:42:11 ubuntu neutron-server[119243]: DEBUG ovsdbapp.backend.ovs_idl [None req-6f73cda4-9353-434e-9a7e-63623742fc7a None None] Created schema index HA_Chassis_Group.name {{(pid=119243) autocreate_indices /usr/local/lib/python3.8/dist-packages/ovsdbapp/backend/ovs_idl/__init__.py:104}}
Jul 07 03:42:11 ubuntu neutron-server[119243]: DEBUG ovsdbapp.backend.ovs_idl [None req-6f73cda4-9353-434e-9a7e-63623742fc7a None None] Created schema index Connection.target {{(pid=119243) autocreate_indices /usr/local/lib/python3.8/dist-packages/ovsdbapp/backend/ovs_idl/__init__.py:104}}
Jul 07 03:42:11 ubuntu neutron-server[119243]: DEBUG ovsdbapp.backend.ovs_idl [None req-6f73cda4-9353-434e-9a7e-63623742fc7a None None] Created schema index Gateway_Chassis.name {{(pid=119243) autocreate_indices /usr/local/lib/python3.8/dist-packages/ovsdbapp/backend/ovs_idl/__init__.py:104}}
Jul 07 03:42:11 ubuntu neutron-server[119243]: DEBUG ovsdbapp.backend.ovs_idl [None req-6f73cda4-9353-434e-9a7e-63623742fc7a None None] Created schema index Logical_Router_Port.name {{(pid=119243) autocreate_indices /usr/local/lib/python3.8/dist-packages/ovsdbapp/backend/ovs_idl/__init__.py:104}}
Jul 07 03:42:11 ubuntu neutron-server[119243]: DEBUG ovsdbapp.backend.ovs_idl [None req-6f73cda4-9353-434e-9a7e-63623742fc7a None None] Created schema index Port_Group.name {{(pid=119243) autocreate_indices /usr/local/lib/python3.8/dist-packages/ovsdbapp/backend/ovs_idl/__init__.py:104}}
Jul 07 03:42:11 ubuntu neutron-server[119243]: DEBUG ovsdbapp.backend.ovs_idl [None req-6f73cda4-9353-434e-9a7e-63623742fc7a None None] Created schema index Logical_Switch_Port.name {{(pid=119243) autocreate_indices /usr/local/lib/python3.8/dist-packages/ovsdbapp/backend/ovs_idl/__init__.py:104}}
Jul 07 03:42:11 ubuntu neutron-server[119448]: DEBUG neutron.plugins.ml2.drivers.ovn.mech_driver.ovsdb.ovsdb_monitor [None req-97518807-fc32-4301-b4fe-798f8dd55703 None None] Hash Ring: Node 2cd11a88-6249-423d-96c9-df8b34cc76b9 (host: ubuntu) handling event "create" for row eb39b081-2e0f-4005-b56c-d4a349d99b86 (table: Port_Group) {{(pid=119448) notify /opt/stack/neutron/neutron/plugins/ml2/drivers/ovn/mech_driver/ovsdb/ovsdb_monitor.py:743}}
Jul 07 03:42:11 ubuntu neutron-server[119448]: DEBUG neutron.plugins.ml2.drivers.ovn.mech_driver.ovsdb.ovsdb_monitor [None req-97518807-fc32-4301-b4fe-798f8dd55703 None None] Hash Ring: Node 2cd11a88-6249-423d-96c9-df8b34cc76b9 (host: ubuntu) handling event "create" for row e490a329-b0f8-4c73-8e01-0dfb6d058457 (table: NB_Global) {{(pid=119448) notify /opt/stack/neutron/neutron/plugins/ml2/drivers/ovn/mech_driver/ovsdb/ovsdb_monitor.py:743}}
Jul 07 03:42:11 ubuntu neutron-server[119448]: DEBUG neutron.plugins.ml2.drivers.ovn.mech_driver.ovsdb.ovsdb_monitor [None req-97518807-fc32-4301-b4fe-798f8dd55703 None None] Hash Ring: Node 2cd11a88-6249-423d-96c9-df8b34cc76b9 (host: ubuntu) handling event "create" for row d6406c1d-ce0e-4a0b-8bb4-1d870035e778 (table: ACL) {{(pid=119448) notify /opt/stack/neutron/neutron/plugins/ml2/drivers/ovn/mech_driver/ovsdb/ovsdb_monitor.py:743}}
Jul 07 03:42:11 ubuntu neutron-server[119448]: INFO neutron.plugins.ml2.drivers.ovn.mech_driver.ovsdb.impl_idl_ovn [None req-97518807-fc32-4301-b4fe-798f8dd55703 None None] Getting OvsdbSbOvnIdl for WorkerService with retry
Jul 07 03:42:11 ubuntu neutron-server[119447]: DEBUG neutron.common.ovn.hash_ring_manager [None req-08be917f-a2f5-4475-85b3-9cca94e01328 None None] Allow caching, nodes 2>=2 {{(pid=119447) _wait_startup_before_caching /opt/stack/neutron/neutron/common/ovn/hash_ring_manager.py:60}}
Jul 07 03:42:11 ubuntu neutron-server[119448]: DEBUG ovsdbapp.backend.ovs_idl [None req-97518807-fc32-4301-b4fe-798f8dd55703 None None] Created lookup_table index Chassis.name {{(pid=119448) autocreate_indices /usr/local/lib/python3.8/dist-packages/ovsdbapp/backend/ovs_idl/__init__.py:85}}
Jul 07 03:42:11 ubuntu neutron-server[119448]: DEBUG ovsdbapp.backend.ovs_idl [None req-97518807-fc32-4301-b4fe-798f8dd55703 None None] Created schema index Datapath_Binding.tunnel_key {{(pid=119448) autocreate_indices /usr/local/lib/python3.8/dist-packages/ovsdbapp/backend/ovs_idl/__init__.py:104}}
Jul 07 03:42:11 ubuntu neutron-server[119448]: DEBUG ovsdbapp.backend.ovs_idl [None req-97518807-fc32-4301-b4fe-798f8dd55703 None None] Created schema index Connection.target {{(pid=119448) autocreate_indices /usr/local/lib/python3.8/dist-packages/ovsdbapp/backend/ovs_idl/__init__.py:104}}
Jul 07 03:42:11 ubuntu neutron-server[119448]: INFO ovsdbapp.backend.ovs_idl.vlog [None req-97518807-fc32-4301-b4fe-798f8dd55703 None None] tcp:192.168.79.46:6642: connecting...
Jul 07 03:42:11 ubuntu neutron-server[119448]: INFO ovsdbapp.backend.ovs_idl.vlog [None req-97518807-fc32-4301-b4fe-798f8dd55703 None None] tcp:192.168.79.46:6642: connected
Jul 07 03:42:11 ubuntu neutron-server[119447]: DEBUG neutron.plugins.ml2.drivers.ovn.mech_driver.ovsdb.ovsdb_monitor [None req-08be917f-a2f5-4475-85b3-9cca94e01328 None None] Hash Ring: Node 919444fe-1cee-40f7-8cee-c320ebe7955a (host: ubuntu) handling event "create" for row ee48aeee-7257-4da6-b0d1-ef628c4e2c2c (table: Database) {{(pid=119447) notify /opt/stack/neutron/neutron/plugins/ml2/drivers/ovn/mech_driver/ovsdb/ovsdb_monitor.py:743}}
Jul 07 03:42:11 ubuntu neutron-server[119447]: DEBUG neutron.plugins.ml2.drivers.ovn.mech_driver.ovsdb.ovsdb_monitor [None req-08be917f-a2f5-4475-85b3-9cca94e01328 None None] Hash Ring: Node 919444fe-1cee-40f7-8cee-c320ebe7955a (host: ubuntu) handling event "create" for row e84c50ca-11a0-4b39-a544-7a635340ad77 (table: Database) {{(pid=119447) notify /opt/stack/neutron/neutron/plugins/ml2/drivers/ovn/mech_driver/ovsdb/ovsdb_monitor.py:743}}
Jul 07 03:42:11 ubuntu neutron-server[119447]: DEBUG neutron.plugins.ml2.drivers.ovn.mech_driver.ovsdb.ovsdb_monitor [None req-08be917f-a2f5-4475-85b3-9cca94e01328 None None] Hash Ring: Node 919444fe-1cee-40f7-8cee-c320ebe7955a (host: ubuntu) handling event "create" for row 41f49217-877c-4b7e-9199-de7d6860435e (table: ACL) {{(pid=119447) notify /opt/stack/neutron/neutron/plugins/ml2/drivers/ovn/mech_driver/ovsdb/ovsdb_monitor.py:743}}
Jul 07 03:42:11 ubuntu neutron-server[119447]: DEBUG neutron.plugins.ml2.drivers.ovn.mech_driver.ovsdb.ovsdb_monitor [None req-08be917f-a2f5-4475-85b3-9cca94e01328 None None] Hash Ring: Node 919444fe-1cee-40f7-8cee-c320ebe7955a (host: ubuntu) handling event "create" for row d24579f0-6117-46d3-92db-e61a74d55b5c (table: Connection) {{(pid=119447) notify /opt/stack/neutron/neutron/plugins/ml2/drivers/ovn/mech_driver/ovsdb/ovsdb_monitor.py:743}}
Jul 07 03:42:11 ubuntu neutron-server[119447]: INFO neutron.plugins.ml2.drivers.ovn.mech_driver.ovsdb.impl_idl_ovn [None req-08be917f-a2f5-4475-85b3-9cca94e01328 None None] Getting OvsdbSbOvnIdl for WorkerService with retry
Jul 07 03:42:11 ubuntu neutron-server[119448]: DEBUG neutron.common.ovn.hash_ring_manager [None req-97518807-fc32-4301-b4fe-798f8dd55703 None None] Allow caching, nodes 2>=2 {{(pid=119448) _wait_startup_before_caching /opt/stack/neutron/neutron/common/ovn/hash_ring_manager.py:60}}
Jul 07 03:42:11 ubuntu neutron-server[119447]: DEBUG ovsdbapp.backend.ovs_idl [None req-08be917f-a2f5-4475-85b3-9cca94e01328 None None] Created lookup_table index Chassis.name {{(pid=119447) autocreate_indices /usr/local/lib/python3.8/dist-packages/ovsdbapp/backend/ovs_idl/__init__.py:85}}
Jul 07 03:42:11 ubuntu neutron-server[119447]: DEBUG ovsdbapp.backend.ovs_idl [None req-08be917f-a2f5-4475-85b3-9cca94e01328 None None] Created schema index Datapath_Binding.tunnel_key {{(pid=119447) autocreate_indices /usr/local/lib/python3.8/dist-packages/ovsdbapp/backend/ovs_idl/__init__.py:104}}
Jul 07 03:42:11 ubuntu neutron-server[119447]: DEBUG ovsdbapp.backend.ovs_idl [None req-08be917f-a2f5-4475-85b3-9cca94e01328 None None] Created schema index Connection.target {{(pid=119447) autocreate_indices /usr/local/lib/python3.8/dist-packages/ovsdbapp/backend/ovs_idl/__init__.py:104}}
Jul 07 03:42:11 ubuntu neutron-server[119447]: INFO ovsdbapp.backend.ovs_idl.vlog [None req-08be917f-a2f5-4475-85b3-9cca94e01328 None None] tcp:192.168.79.46:6642: connecting...
Jul 07 03:42:11 ubuntu neutron-server[119447]: INFO ovsdbapp.backend.ovs_idl.vlog [None req-08be917f-a2f5-4475-85b3-9cca94e01328 None None] tcp:192.168.79.46:6642: connected
Jul 07 03:42:11 ubuntu neutron-server[119243]: DEBUG ovsdbapp.backend.ovs_idl [None req-6f73cda4-9353-434e-9a7e-63623742fc7a None None] Created lookup_table index Chassis.name {{(pid=119243) autocreate_indices /usr/local/lib/python3.8/dist-packages/ovsdbapp/backend/ovs_idl/__init__.py:85}}
Jul 07 03:42:11 ubuntu neutron-server[119243]: DEBUG ovsdbapp.backend.ovs_idl [None req-6f73cda4-9353-434e-9a7e-63623742fc7a None None] Created lookup_table index MAC_Binding.ip {{(pid=119243) autocreate_indices /usr/local/lib/python3.8/dist-packages/ovsdbapp/backend/ovs_idl/__init__.py:85}}
Jul 07 03:42:11 ubuntu neutron-server[119243]: DEBUG ovsdbapp.backend.ovs_idl [None req-6f73cda4-9353-434e-9a7e-63623742fc7a None None] Created schema index Meter.name {{(pid=119243) autocreate_indices /usr/local/lib/python3.8/dist-packages/ovsdbapp/backend/ovs_idl/__init__.py:104}}
Jul 07 03:42:11 ubuntu neutron-server[119448]: DEBUG neutron.plugins.ml2.drivers.ovn.mech_driver.ovsdb.ovsdb_monitor [None req-97518807-fc32-4301-b4fe-798f8dd55703 None None] Hash Ring: Node 2cd11a88-6249-423d-96c9-df8b34cc76b9 (host: ubuntu) handling event "create" for row f9991390-38b5-41fe-9f30-67c60361adac (table: Database) {{(pid=119448) notify /opt/stack/neutron/neutron/plugins/ml2/drivers/ovn/mech_driver/ovsdb/ovsdb_monitor.py:743}}
Jul 07 03:42:11 ubuntu neutron-server[119243]: DEBUG ovsdbapp.backend.ovs_idl [None req-6f73cda4-9353-434e-9a7e-63623742fc7a None None] Created schema index Address_Set.name {{(pid=119243) autocreate_indices /usr/local/lib/python3.8/dist-packages/ovsdbapp/backend/ovs_idl/__init__.py:104}}
Jul 07 03:42:11 ubuntu neutron-server[119243]: DEBUG ovsdbapp.backend.ovs_idl [None req-6f73cda4-9353-434e-9a7e-63623742fc7a None None] Created schema index HA_Chassis_Group.name {{(pid=119243) autocreate_indices /usr/local/lib/python3.8/dist-packages/ovsdbapp/backend/ovs_idl/__init__.py:104}}
Jul 07 03:42:11 ubuntu neutron-server[119243]: DEBUG ovsdbapp.backend.ovs_idl [None req-6f73cda4-9353-434e-9a7e-63623742fc7a None None] Created schema index IP_Multicast.datapath {{(pid=119243) autocreate_indices /usr/local/lib/python3.8/dist-packages/ovsdbapp/backend/ovs_idl/__init__.py:104}}
Jul 07 03:42:11 ubuntu neutron-server[119243]: DEBUG ovsdbapp.backend.ovs_idl [None req-6f73cda4-9353-434e-9a7e-63623742fc7a None None] Created schema index Connection.target {{(pid=119243) autocreate_indices /usr/local/lib/python3.8/dist-packages/ovsdbapp/backend/ovs_idl/__init__.py:104}}
Jul 07 03:42:11 ubuntu neutron-server[119243]: DEBUG ovsdbapp.backend.ovs_idl [None req-6f73cda4-9353-434e-9a7e-63623742fc7a None None] Created schema index Gateway_Chassis.name {{(pid=119243) autocreate_indices /usr/local/lib/python3.8/dist-packages/ovsdbapp/backend/ovs_idl/__init__.py:104}}
Jul 07 03:42:11 ubuntu neutron-server[119243]: DEBUG ovsdbapp.backend.ovs_idl [None req-6f73cda4-9353-434e-9a7e-63623742fc7a None None] Created schema index Port_Group.name {{(pid=119243) autocreate_indices /usr/local/lib/python3.8/dist-packages/ovsdbapp/backend/ovs_idl/__init__.py:104}}
Jul 07 03:42:11 ubuntu neutron-server[119243]: DEBUG ovsdbapp.backend.ovs_idl [None req-6f73cda4-9353-434e-9a7e-63623742fc7a None None] Created schema index Datapath_Binding.tunnel_key {{(pid=119243) autocreate_indices /usr/local/lib/python3.8/dist-packages/ovsdbapp/backend/ovs_idl/__init__.py:104}}
Jul 07 03:42:11 ubuntu neutron-server[119448]: DEBUG neutron.plugins.ml2.drivers.ovn.mech_driver.ovsdb.ovsdb_monitor [None req-97518807-fc32-4301-b4fe-798f8dd55703 None None] ChassisAgentWriteEvent : Matched Chassis, create, None None {{(pid=119448) matches /opt/stack/neutron/neutron/plugins/ml2/drivers/ovn/mech_driver/ovsdb/ovsdb_monitor.py:62}}
Jul 07 03:42:11 ubuntu neutron-server[119448]: DEBUG neutron.plugins.ml2.drivers.ovn.mech_driver.ovsdb.ovsdb_monitor [None req-97518807-fc32-4301-b4fe-798f8dd55703 None None] ChassisMetadataAgentWriteEvent : Matched Chassis, create, None None {{(pid=119448) matches /opt/stack/neutron/neutron/plugins/ml2/drivers/ovn/mech_driver/ovsdb/ovsdb_monitor.py:62}}
Jul 07 03:42:11 ubuntu neutron-server[119448]: INFO neutron.wsgi [-] (119448) wsgi starting up on http://0.0.0.0:9696
Jul 07 03:42:11 ubuntu neutron-server[119448]: DEBUG neutron.wsgi [-] (119448) accepted ('192.168.79.46', 54194) {{(pid=119448) server /usr/local/lib/python3.8/dist-packages/eventlet/wsgi.py:1004}}
Jul 07 03:42:11 ubuntu neutron-server[119448]: INFO neutron.wsgi [-] 192.168.79.46 "GET / HTTP/1.1" status: 200  len: 255 time: 0.0050299
Jul 07 03:42:11 ubuntu neutron-server[119447]: DEBUG neutron.common.ovn.hash_ring_manager [None req-08be917f-a2f5-4475-85b3-9cca94e01328 None None] Allow caching, nodes 2>=2 {{(pid=119447) _wait_startup_before_caching /opt/stack/neutron/neutron/common/ovn/hash_ring_manager.py:60}}
Jul 07 03:42:11 ubuntu neutron-server[119447]: DEBUG neutron.plugins.ml2.drivers.ovn.mech_driver.ovsdb.ovsdb_monitor [None req-08be917f-a2f5-4475-85b3-9cca94e01328 None None] Hash Ring: Node 919444fe-1cee-40f7-8cee-c320ebe7955a (host: ubuntu) handling event "create" for row 830c27d0-9e19-4088-aab1-3a5175c47c81 (table: Database) {{(pid=119447) notify /opt/stack/neutron/neutron/plugins/ml2/drivers/ovn/mech_driver/ovsdb/ovsdb_monitor.py:743}}
Jul 07 03:42:11 ubuntu neutron-server[119243]: INFO oslo_service.service [None req-6f73cda4-9353-434e-9a7e-63623742fc7a None None] Starting 1 workers
Jul 07 03:42:11 ubuntu neutron-server[119447]: DEBUG neutron.plugins.ml2.drivers.ovn.mech_driver.ovsdb.ovsdb_monitor [None req-08be917f-a2f5-4475-85b3-9cca94e01328 None None] Hash Ring: Node 919444fe-1cee-40f7-8cee-c320ebe7955a (host: ubuntu) handling event "create" for row 3bc9d6bd-9083-47fa-8624-97fac5864bd1 (table: Encap) {{(pid=119447) notify /opt/stack/neutron/neutron/plugins/ml2/drivers/ovn/mech_driver/ovsdb/ovsdb_monitor.py:743}}
Jul 07 03:42:11 ubuntu neutron-server[119447]: DEBUG neutron.plugins.ml2.drivers.ovn.mech_driver.ovsdb.ovsdb_monitor [None req-08be917f-a2f5-4475-85b3-9cca94e01328 None None] ChassisAgentWriteEvent : Matched Chassis, create, None None {{(pid=119447) matches /opt/stack/neutron/neutron/plugins/ml2/drivers/ovn/mech_driver/ovsdb/ovsdb_monitor.py:62}}
Jul 07 03:42:11 ubuntu neutron-server[119447]: DEBUG neutron.plugins.ml2.drivers.ovn.mech_driver.ovsdb.ovsdb_monitor [None req-08be917f-a2f5-4475-85b3-9cca94e01328 None None] ChassisMetadataAgentWriteEvent : Matched Chassis, create, None None {{(pid=119447) matches /opt/stack/neutron/neutron/plugins/ml2/drivers/ovn/mech_driver/ovsdb/ovsdb_monitor.py:62}}
Jul 07 03:42:11 ubuntu neutron-server[119447]: DEBUG neutron.plugins.ml2.drivers.ovn.mech_driver.ovsdb.ovsdb_monitor [None req-08be917f-a2f5-4475-85b3-9cca94e01328 None None] Hash Ring: Node 919444fe-1cee-40f7-8cee-c320ebe7955a (host: ubuntu) handling event "create" for row fe38010a-80f1-48c2-8543-5726dbe7a34e (table: Chassis) {{(pid=119447) notify /opt/stack/neutron/neutron/plugins/ml2/drivers/ovn/mech_driver/ovsdb/ovsdb_monitor.py:743}}
Jul 07 03:42:11 ubuntu neutron-server[119447]: DEBUG neutron.plugins.ml2.drivers.ovn.mech_driver.ovsdb.ovsdb_monitor [None req-08be917f-a2f5-4475-85b3-9cca94e01328 None None] Hash Ring: Node 919444fe-1cee-40f7-8cee-c320ebe7955a (host: ubuntu) handling event "create" for row 47752fcc-8ba6-4f8e-a749-b73f525b4bb0 (table: Connection) {{(pid=119447) notify /opt/stack/neutron/neutron/plugins/ml2/drivers/ovn/mech_driver/ovsdb/ovsdb_monitor.py:743}}
Jul 07 03:42:11 ubuntu neutron-server[119243]: DEBUG oslo_service.service [None req-6f73cda4-9353-434e-9a7e-63623742fc7a None None] Started child 119458 {{(pid=119243) _start_child /usr/local/lib/python3.8/dist-packages/oslo_service/service.py:575}}
Jul 07 03:42:11 ubuntu neutron-server[119243]: INFO oslo_service.service [None req-6f73cda4-9353-434e-9a7e-63623742fc7a None None] Starting 1 workers
Jul 07 03:42:11 ubuntu neutron-server[119447]: INFO neutron.wsgi [-] (119447) wsgi starting up on http://0.0.0.0:9696
Jul 07 03:42:11 ubuntu neutron-server[119458]: DEBUG neutron.service [None req-6f73cda4-9353-434e-9a7e-63623742fc7a None None] calling RpcWorker wait() {{(pid=119458) _wait /opt/stack/neutron/neutron/service.py:128}}
Jul 07 03:42:11 ubuntu neutron-server[119458]: DEBUG neutron.service [None req-6f73cda4-9353-434e-9a7e-63623742fc7a None None] returning from RpcWorker wait() {{(pid=119458) _wait /opt/stack/neutron/neutron/service.py:135}}
Jul 07 03:42:11 ubuntu neutron-server[119458]: DEBUG neutron_lib.callbacks.manager [-] Publish callbacks ['neutron.plugins.ml2.drivers.ovn.mech_driver.mech_driver.OVNMechanismDriver.post_fork_initialize-1044640'] for process (None), after_init {{(pid=119458) _notify_loop /usr/local/lib/python3.8/dist-packages/neutron_lib/callbacks/manager.py:176}}
Jul 07 03:42:11 ubuntu neutron-server[119243]: DEBUG oslo_service.service [None req-6f73cda4-9353-434e-9a7e-63623742fc7a None None] Started child 119464 {{(pid=119243) _start_child /usr/local/lib/python3.8/dist-packages/oslo_service/service.py:575}}
Jul 07 03:42:11 ubuntu neutron-server[119243]: INFO oslo_service.service [None req-6f73cda4-9353-434e-9a7e-63623742fc7a None None] Starting 1 workers
Jul 07 03:42:11 ubuntu neutron-server[119458]: INFO neutron.plugins.ml2.drivers.ovn.mech_driver.ovsdb.impl_idl_ovn [-] Getting OvsdbNbOvnIdl for RpcWorker with retry
Jul 07 03:42:11 ubuntu neutron-server[119243]: DEBUG oslo_service.service [None req-6f73cda4-9353-434e-9a7e-63623742fc7a None None] Started child 119468 {{(pid=119243) _start_child /usr/local/lib/python3.8/dist-packages/oslo_service/service.py:575}}
Jul 07 03:42:11 ubuntu neutron-server[119243]: DEBUG neutron_lib.callbacks.manager [None req-6f73cda4-9353-434e-9a7e-63623742fc7a None None] Publish callbacks [] for process (None), after_spawn {{(pid=119243) _notify_loop /usr/local/lib/python3.8/dist-packages/neutron_lib/callbacks/manager.py:176}}
