May 19 22:49:43 ubuntu devstack@g-api.service[156232]: DEBUG glance_store.backend [None req-8cbb033e-7094-4b9c-b973-ac166f20391d admin admin] Attempting to import store swift {{(pid=156232) _load_store /usr/local/lib/python3.8/dist-packages/glance_store/backend.py:217}}
May 19 22:49:43 ubuntu devstack@g-api.service[156232]: DEBUG glance_store.capabilities [None req-8cbb033e-7094-4b9c-b973-ac166f20391d admin admin] Store glance_store._drivers.swift.store.SingleTenantStore doesn't support updating dynamic storage capabilities. Please overwrite 'update_capabilities' method of the store to implement updating logics if needed. {{(pid=156232) update_capabilities /usr/local/lib/python3.8/dist-packages/glance_store/capabilities.py:91}}
May 19 22:49:43 ubuntu devstack@g-api.service[156232]: DEBUG glance_store.driver [None req-8cbb033e-7094-4b9c-b973-ac166f20391d admin admin] Late loading location class glance_store._drivers.swift.store.StoreLocation {{(pid=156232) get_store_location_class /usr/local/lib/python3.8/dist-packages/glance_store/driver.py:117}}
May 19 22:49:43 ubuntu devstack@g-api.service[156232]: DEBUG glance_store.location [None req-8cbb033e-7094-4b9c-b973-ac166f20391d admin admin] Registering scheme swift+https with {'store': <glance_store._drivers.swift.store.SingleTenantStore object at 0x7fca99a0f0d0>, 'location_class': <class 'glance_store._drivers.swift.store.StoreLocation'>, 'store_entry': 'swift'} {{(pid=156232) register_scheme_map /usr/local/lib/python3.8/dist-packages/glance_store/location.py:146}}
May 19 22:49:43 ubuntu devstack@g-api.service[156232]: DEBUG glance_store.location [None req-8cbb033e-7094-4b9c-b973-ac166f20391d admin admin] Registering scheme swift+https with {'store': <glance_store._drivers.swift.store.SingleTenantStore object at 0x7fca99a0f0d0>, 'location_class': <class 'glance_store._drivers.swift.store.StoreLocation'>, 'store_entry': 'swift'} {{(pid=156232) register_scheme_map /usr/local/lib/python3.8/dist-packages/glance_store/location.py:146}}
May 19 22:49:43 ubuntu devstack@g-api.service[156232]: DEBUG glance_store.location [None req-8cbb033e-7094-4b9c-b973-ac166f20391d admin admin] Registering scheme swift with {'store': <glance_store._drivers.swift.store.SingleTenantStore object at 0x7fca99a0f0d0>, 'location_class': <class 'glance_store._drivers.swift.store.StoreLocation'>, 'store_entry': 'swift'} {{(pid=156232) register_scheme_map /usr/local/lib/python3.8/dist-packages/glance_store/location.py:146}}
May 19 22:49:43 ubuntu devstack@g-api.service[156232]: DEBUG glance_store.location [None req-8cbb033e-7094-4b9c-b973-ac166f20391d admin admin] Registering scheme swift+https with {'store': <glance_store._drivers.swift.store.SingleTenantStore object at 0x7fca99a0f0d0>, 'location_class': <class 'glance_store._drivers.swift.store.StoreLocation'>, 'store_entry': 'swift'} {{(pid=156232) register_scheme_map /usr/local/lib/python3.8/dist-packages/glance_store/location.py:146}}
May 19 22:49:43 ubuntu devstack@g-api.service[156232]: DEBUG glance_store.location [None req-8cbb033e-7094-4b9c-b973-ac166f20391d admin admin] Registering scheme swift with {'store': <glance_store._drivers.swift.store.SingleTenantStore object at 0x7fca99a0f0d0>, 'location_class': <class 'glance_store._drivers.swift.store.StoreLocation'>, 'store_entry': 'swift'} {{(pid=156232) register_scheme_map /usr/local/lib/python3.8/dist-packages/glance_store/location.py:146}}
May 19 22:49:43 ubuntu devstack@g-api.service[156232]: DEBUG glance_store.location [None req-8cbb033e-7094-4b9c-b973-ac166f20391d admin admin] Registering scheme swift+http with {'store': <glance_store._drivers.swift.store.SingleTenantStore object at 0x7fca99a0f0d0>, 'location_class': <class 'glance_store._drivers.swift.store.StoreLocation'>, 'store_entry': 'swift'} {{(pid=156232) register_scheme_map /usr/local/lib/python3.8/dist-packages/glance_store/location.py:146}}
May 19 22:49:43 ubuntu devstack@g-api.service[156232]: DEBUG glance_store.location [None req-8cbb033e-7094-4b9c-b973-ac166f20391d admin admin] Registering scheme swift+https with {'store': <glance_store._drivers.swift.store.SingleTenantStore object at 0x7fca99a0f0d0>, 'location_class': <class 'glance_store._drivers.swift.store.StoreLocation'>, 'store_entry': 'swift'} {{(pid=156232) register_scheme_map /usr/local/lib/python3.8/dist-packages/glance_store/location.py:146}}
May 19 22:49:43 ubuntu devstack@g-api.service[156232]: DEBUG glance_store.location [None req-8cbb033e-7094-4b9c-b973-ac166f20391d admin admin] Registering scheme swift with {'store': <glance_store._drivers.swift.store.SingleTenantStore object at 0x7fca99a0f0d0>, 'location_class': <class 'glance_store._drivers.swift.store.StoreLocation'>, 'store_entry': 'swift'} {{(pid=156232) register_scheme_map /usr/local/lib/python3.8/dist-packages/glance_store/location.py:146}}
May 19 22:49:43 ubuntu devstack@g-api.service[156232]: DEBUG glance_store.location [None req-8cbb033e-7094-4b9c-b973-ac166f20391d admin admin] Registering scheme swift+http with {'store': <glance_store._drivers.swift.store.SingleTenantStore object at 0x7fca99a0f0d0>, 'location_class': <class 'glance_store._drivers.swift.store.StoreLocation'>, 'store_entry': 'swift'} {{(pid=156232) register_scheme_map /usr/local/lib/python3.8/dist-packages/glance_store/location.py:146}}
May 19 22:49:43 ubuntu devstack@g-api.service[156232]: DEBUG glance_store.location [None req-8cbb033e-7094-4b9c-b973-ac166f20391d admin admin] Registering scheme swift+config with {'store': <glance_store._drivers.swift.store.SingleTenantStore object at 0x7fca99a0f0d0>, 'location_class': <class 'glance_store._drivers.swift.store.StoreLocation'>, 'store_entry': 'swift'} {{(pid=156232) register_scheme_map /usr/local/lib/python3.8/dist-packages/glance_store/location.py:146}}
May 19 22:49:43 ubuntu devstack@g-api.service[156232]: DEBUG glance_store.backend [None req-8cbb033e-7094-4b9c-b973-ac166f20391d admin admin] Skipping store.set_acls... not implemented. {{(pid=156232) set_acls /usr/local/lib/python3.8/dist-packages/glance_store/backend.py:509}}
May 19 22:49:43 ubuntu devstack@g-api.service[156232]: [pid: 156232|app: 0|req: 3/4] 127.0.0.1 () {40 vars in 862 bytes} [Thu May 19 22:49:41 2022] PUT /v2/images/1ccb9ed0-81e6-405e-891f-0f4d37c50be7/file => generated 0 bytes in 1947 msecs (HTTP/1.1 204) 4 headers in 171 bytes (1 switches on core 0)
May 19 22:49:51 ubuntu devstack@g-api.service[156233]: DEBUG dbcounter [-] [156233] Writing DB stats glance:SELECT=9,glance:INSERT=5 {{(pid=156233) stat_writer /usr/local/lib/python3.8/dist-packages/dbcounter.py:114}}
May 19 22:49:53 ubuntu devstack@g-api.service[156232]: DEBUG dbcounter [-] [156232] Writing DB stats glance:SELECT=28,glance:UPDATE=2,glance:INSERT=1 {{(pid=156232) stat_writer /usr/local/lib/python3.8/dist-packages/dbcounter.py:114}}
May 19 22:50:28 ubuntu devstack@g-api.service[156233]: DEBUG glance.api.middleware.version_negotiation [None req-de2734ea-b5c2-4e60-bc27-15f2e30cee00 admin admin] Determining version of request: GET / Accept: application/json {{(pid=156233) process_request /opt/stack/glance/glance/api/middleware/version_negotiation.py:44}}
May 19 22:50:28 ubuntu devstack@g-api.service[156233]: DEBUG glance.api.middleware.version_negotiation [None req-de2734ea-b5c2-4e60-bc27-15f2e30cee00 admin admin] Using url versioning {{(pid=156233) process_request /opt/stack/glance/glance/api/middleware/version_negotiation.py:57}}
May 19 22:50:28 ubuntu devstack@g-api.service[156233]: DEBUG glance.api.middleware.version_negotiation [None req-de2734ea-b5c2-4e60-bc27-15f2e30cee00 admin admin] Unknown version. Returning version choices. {{(pid=156233) process_request /opt/stack/glance/glance/api/middleware/version_negotiation.py:64}}
May 19 22:50:28 ubuntu devstack@g-api.service[156233]: [pid: 156233|app: 0|req: 2/5] 127.0.0.1 () {34 vars in 506 bytes} [Thu May 19 22:50:28 2022] GET / => generated 1213 bytes in 7 msecs (HTTP/1.1 300) 3 headers in 106 bytes (1 switches on core 0)
May 19 22:50:28 ubuntu devstack@g-api.service[156232]: DEBUG glance.api.middleware.version_negotiation [None req-8cbb033e-7094-4b9c-b973-ac166f20391d admin admin] Determining version of request: GET /v2/images Accept: application/json {{(pid=156232) process_request /opt/stack/glance/glance/api/middleware/version_negotiation.py:44}}
May 19 22:50:28 ubuntu devstack@g-api.service[156232]: DEBUG glance.api.middleware.version_negotiation [None req-8cbb033e-7094-4b9c-b973-ac166f20391d admin admin] Using url versioning {{(pid=156232) process_request /opt/stack/glance/glance/api/middleware/version_negotiation.py:57}}
May 19 22:50:28 ubuntu devstack@g-api.service[156232]: DEBUG glance.api.middleware.version_negotiation [None req-8cbb033e-7094-4b9c-b973-ac166f20391d admin admin] Matched version: v2 {{(pid=156232) process_request /opt/stack/glance/glance/api/middleware/version_negotiation.py:69}}
May 19 22:50:28 ubuntu devstack@g-api.service[156232]: DEBUG glance.api.middleware.version_negotiation [None req-8cbb033e-7094-4b9c-b973-ac166f20391d admin admin] new path /v2/images {{(pid=156232) process_request /opt/stack/glance/glance/api/middleware/version_negotiation.py:70}}
May 19 22:50:29 ubuntu devstack@g-api.service[156232]: [pid: 156232|app: 0|req: 4/6] 127.0.0.1 () {36 vars in 728 bytes} [Thu May 19 22:50:28 2022] GET /v2/images => generated 1045 bytes in 115 msecs (HTTP/1.1 200) 4 headers in 158 bytes (1 switches on core 0)
May 19 22:50:34 ubuntu devstack@g-api.service[156233]: DEBUG glance.api.middleware.version_negotiation [None req-de2734ea-b5c2-4e60-bc27-15f2e30cee00 admin admin] Determining version of request: GET / Accept: application/json {{(pid=156233) process_request /opt/stack/glance/glance/api/middleware/version_negotiation.py:44}}
May 19 22:50:34 ubuntu devstack@g-api.service[156233]: DEBUG glance.api.middleware.version_negotiation [None req-de2734ea-b5c2-4e60-bc27-15f2e30cee00 admin admin] Using url versioning {{(pid=156233) process_request /opt/stack/glance/glance/api/middleware/version_negotiation.py:57}}
May 19 22:50:34 ubuntu devstack@g-api.service[156233]: DEBUG glance.api.middleware.version_negotiation [None req-de2734ea-b5c2-4e60-bc27-15f2e30cee00 admin admin] Unknown version. Returning version choices. {{(pid=156233) process_request /opt/stack/glance/glance/api/middleware/version_negotiation.py:64}}
May 19 22:50:34 ubuntu devstack@g-api.service[156233]: [pid: 156233|app: 0|req: 3/7] 127.0.0.1 () {34 vars in 506 bytes} [Thu May 19 22:50:34 2022] GET / => generated 1213 bytes in 4 msecs (HTTP/1.1 300) 3 headers in 106 bytes (1 switches on core 0)
May 19 22:50:34 ubuntu devstack@g-api.service[156232]: DEBUG glance.api.middleware.version_negotiation [None req-0cf04b37-7ace-4c09-97e3-6ebd9035637a admin admin] Determining version of request: GET /v2/images/1ccb9ed0-81e6-405e-891f-0f4d37c50be7 Accept: */* {{(pid=156232) process_request /opt/stack/glance/glance/api/middleware/version_negotiation.py:44}}
May 19 22:50:34 ubuntu devstack@g-api.service[156232]: DEBUG glance.api.middleware.version_negotiation [None req-0cf04b37-7ace-4c09-97e3-6ebd9035637a admin admin] Using url versioning {{(pid=156232) process_request /opt/stack/glance/glance/api/middleware/version_negotiation.py:57}}
May 19 22:50:34 ubuntu devstack@g-api.service[156232]: DEBUG glance.api.middleware.version_negotiation [None req-0cf04b37-7ace-4c09-97e3-6ebd9035637a admin admin] Matched version: v2 {{(pid=156232) process_request /opt/stack/glance/glance/api/middleware/version_negotiation.py:69}}
May 19 22:50:34 ubuntu devstack@g-api.service[156232]: DEBUG glance.api.middleware.version_negotiation [None req-0cf04b37-7ace-4c09-97e3-6ebd9035637a admin admin] new path /v2/images/1ccb9ed0-81e6-405e-891f-0f4d37c50be7 {{(pid=156232) process_request /opt/stack/glance/glance/api/middleware/version_negotiation.py:70}}
May 19 22:50:34 ubuntu devstack@g-api.service[156232]: [pid: 156232|app: 0|req: 5/8] 127.0.0.1 () {36 vars in 789 bytes} [Thu May 19 22:50:34 2022] GET /v2/images/1ccb9ed0-81e6-405e-891f-0f4d37c50be7 => generated 976 bytes in 59 msecs (HTTP/1.1 200) 4 headers in 157 bytes (1 switches on core 0)
May 19 22:50:38 ubuntu devstack@g-api.service[156233]: DEBUG glance.api.middleware.version_negotiation [None req-de2734ea-b5c2-4e60-bc27-15f2e30cee00 admin admin] Determining version of request: GET / Accept: application/json {{(pid=156233) process_request /opt/stack/glance/glance/api/middleware/version_negotiation.py:44}}
May 19 22:50:38 ubuntu devstack@g-api.service[156233]: DEBUG glance.api.middleware.version_negotiation [None req-de2734ea-b5c2-4e60-bc27-15f2e30cee00 admin admin] Using url versioning {{(pid=156233) process_request /opt/stack/glance/glance/api/middleware/version_negotiation.py:57}}
May 19 22:50:38 ubuntu devstack@g-api.service[156233]: DEBUG glance.api.middleware.version_negotiation [None req-de2734ea-b5c2-4e60-bc27-15f2e30cee00 admin admin] Unknown version. Returning version choices. {{(pid=156233) process_request /opt/stack/glance/glance/api/middleware/version_negotiation.py:64}}
May 19 22:50:38 ubuntu devstack@g-api.service[156233]: [pid: 156233|app: 0|req: 4/9] 127.0.0.1 () {34 vars in 506 bytes} [Thu May 19 22:50:38 2022] GET / => generated 1213 bytes in 1 msecs (HTTP/1.1 300) 3 headers in 106 bytes (1 switches on core 0)
May 19 22:50:38 ubuntu devstack@g-api.service[156232]: DEBUG glance.api.middleware.version_negotiation [None req-676a9552-73ef-4b3f-a85b-d6b83595ba64 admin admin] Determining version of request: GET /v2/images/1ccb9ed0-81e6-405e-891f-0f4d37c50be7 Accept: */* {{(pid=156232) process_request /opt/stack/glance/glance/api/middleware/version_negotiation.py:44}}
May 19 22:50:38 ubuntu devstack@g-api.service[156232]: DEBUG glance.api.middleware.version_negotiation [None req-676a9552-73ef-4b3f-a85b-d6b83595ba64 admin admin] Using url versioning {{(pid=156232) process_request /opt/stack/glance/glance/api/middleware/version_negotiation.py:57}}
May 19 22:50:38 ubuntu devstack@g-api.service[156232]: DEBUG glance.api.middleware.version_negotiation [None req-676a9552-73ef-4b3f-a85b-d6b83595ba64 admin admin] Matched version: v2 {{(pid=156232) process_request /opt/stack/glance/glance/api/middleware/version_negotiation.py:69}}
May 19 22:50:38 ubuntu devstack@g-api.service[156232]: DEBUG glance.api.middleware.version_negotiation [None req-676a9552-73ef-4b3f-a85b-d6b83595ba64 admin admin] new path /v2/images/1ccb9ed0-81e6-405e-891f-0f4d37c50be7 {{(pid=156232) process_request /opt/stack/glance/glance/api/middleware/version_negotiation.py:70}}
May 19 22:50:38 ubuntu devstack@g-api.service[156232]: [pid: 156232|app: 0|req: 6/10] 127.0.0.1 () {36 vars in 789 bytes} [Thu May 19 22:50:38 2022] GET /v2/images/1ccb9ed0-81e6-405e-891f-0f4d37c50be7 => generated 976 bytes in 54 msecs (HTTP/1.1 200) 4 headers in 157 bytes (1 switches on core 0)
May 19 22:50:48 ubuntu devstack@g-api.service[156232]: DEBUG dbcounter [-] [156232] Writing DB stats glance:SELECT=10 {{(pid=156232) stat_writer /usr/local/lib/python3.8/dist-packages/dbcounter.py:114}}
May 19 22:52:24 ubuntu devstack@g-api.service[156233]: DEBUG glance.api.middleware.version_negotiation [None req-de2734ea-b5c2-4e60-bc27-15f2e30cee00 admin admin] Determining version of request: GET /v1 Accept: application/json {{(pid=156233) process_request /opt/stack/glance/glance/api/middleware/version_negotiation.py:44}}
May 19 22:52:24 ubuntu devstack@g-api.service[156233]: DEBUG glance.api.middleware.version_negotiation [None req-de2734ea-b5c2-4e60-bc27-15f2e30cee00 admin admin] Using url versioning {{(pid=156233) process_request /opt/stack/glance/glance/api/middleware/version_negotiation.py:57}}
May 19 22:52:24 ubuntu devstack@g-api.service[156233]: DEBUG glance.api.middleware.version_negotiation [None req-de2734ea-b5c2-4e60-bc27-15f2e30cee00 admin admin] Unknown version. Returning version choices. {{(pid=156233) process_request /opt/stack/glance/glance/api/middleware/version_negotiation.py:64}}
May 19 22:52:24 ubuntu devstack@g-api.service[156233]: [pid: 156233|app: 0|req: 5/11] 127.0.0.1 () {38 vars in 685 bytes} [Thu May 19 22:52:24 2022] GET /v1 => generated 1213 bytes in 3 msecs (HTTP/1.1 300) 3 headers in 106 bytes (1 switches on core 0)
May 19 22:54:29 ubuntu devstack@g-api.service[156233]: DEBUG oslo_concurrency.lockutils [-] Acquired lock "glance-cache" {{(pid=156233) lock /usr/local/lib/python3.8/dist-packages/oslo_concurrency/lockutils.py:294}}
May 19 22:54:29 ubuntu devstack@g-api.service[156233]: DEBUG oslo_concurrency.lockutils [-] Acquired external semaphore "glance-cache" {{(pid=156233) lock /usr/local/lib/python3.8/dist-packages/oslo_concurrency/lockutils.py:302}}
May 19 22:54:29 ubuntu devstack@g-api.service[156233]: DEBUG glance.image_cache.prefetcher [-] Nothing to prefetch. {{(pid=156233) run /opt/stack/glance/glance/image_cache/prefetcher.py:79}}
May 19 22:54:29 ubuntu devstack@g-api.service[156233]: DEBUG oslo_concurrency.lockutils [-] Releasing lock "glance-cache" {{(pid=156233) lock /usr/local/lib/python3.8/dist-packages/oslo_concurrency/lockutils.py:312}}
May 19 22:54:29 ubuntu devstack@g-api.service[156232]: DEBUG oslo_concurrency.lockutils [-] Acquired lock "glance-cache" {{(pid=156232) lock /usr/local/lib/python3.8/dist-packages/oslo_concurrency/lockutils.py:294}}
May 19 22:54:29 ubuntu devstack@g-api.service[156232]: DEBUG oslo_concurrency.lockutils [-] Acquired external semaphore "glance-cache" {{(pid=156232) lock /usr/local/lib/python3.8/dist-packages/oslo_concurrency/lockutils.py:302}}
May 19 22:54:29 ubuntu devstack@g-api.service[156232]: DEBUG glance.image_cache.prefetcher [-] Nothing to prefetch. {{(pid=156232) run /opt/stack/glance/glance/image_cache/prefetcher.py:79}}
May 19 22:54:29 ubuntu devstack@g-api.service[156232]: DEBUG oslo_concurrency.lockutils [-] Releasing lock "glance-cache" {{(pid=156232) lock /usr/local/lib/python3.8/dist-packages/oslo_concurrency/lockutils.py:312}}
May 19 22:54:39 ubuntu devstack@g-api.service[156232]: DEBUG glance.api.middleware.version_negotiation [None req-6e919edd-a09a-449e-834f-7b4edfc38f3b admin admin] Determining version of request: GET /versions Accept: */* {{(pid=156232) process_request /opt/stack/glance/glance/api/middleware/version_negotiation.py:44}}
May 19 22:54:39 ubuntu devstack@g-api.service[156232]: [pid: 156232|app: 0|req: 7/12] 127.0.0.1 () {38 vars in 695 bytes} [Thu May 19 22:54:39 2022] GET /versions => generated 1213 bytes in 5 msecs (HTTP/1.1 200) 3 headers in 92 bytes (1 switches on core 0)
May 19 22:54:39 ubuntu devstack@g-api.service[156233]: DEBUG glance.api.middleware.version_negotiation [None req-de2734ea-b5c2-4e60-bc27-15f2e30cee00 admin admin] Determining version of request: GET /v2/schemas/image Accept: */* {{(pid=156233) process_request /opt/stack/glance/glance/api/middleware/version_negotiation.py:44}}
May 19 22:54:39 ubuntu devstack@g-api.service[156233]: DEBUG glance.api.middleware.version_negotiation [None req-de2734ea-b5c2-4e60-bc27-15f2e30cee00 admin admin] Using url versioning {{(pid=156233) process_request /opt/stack/glance/glance/api/middleware/version_negotiation.py:57}}
May 19 22:54:39 ubuntu devstack@g-api.service[156233]: DEBUG glance.api.middleware.version_negotiation [None req-de2734ea-b5c2-4e60-bc27-15f2e30cee00 admin admin] Matched version: v2 {{(pid=156233) process_request /opt/stack/glance/glance/api/middleware/version_negotiation.py:69}}
May 19 22:54:39 ubuntu devstack@g-api.service[156233]: DEBUG glance.api.middleware.version_negotiation [None req-de2734ea-b5c2-4e60-bc27-15f2e30cee00 admin admin] new path /v2/schemas/image {{(pid=156233) process_request /opt/stack/glance/glance/api/middleware/version_negotiation.py:70}}
May 19 22:54:39 ubuntu devstack@g-api.service[156233]: [pid: 156233|app: 0|req: 6/13] 127.0.0.1 () {38 vars in 711 bytes} [Thu May 19 22:54:39 2022] GET /v2/schemas/image => generated 6083 bytes in 91 msecs (HTTP/1.1 200) 4 headers in 158 bytes (1 switches on core 0)
May 19 22:54:39 ubuntu devstack@g-api.service[156232]: DEBUG glance.api.middleware.version_negotiation [None req-6e919edd-a09a-449e-834f-7b4edfc38f3b admin admin] Determining version of request: GET /v2/schemas/metadefs/namespace Accept: */* {{(pid=156232) process_request /opt/stack/glance/glance/api/middleware/version_negotiation.py:44}}
May 19 22:54:39 ubuntu devstack@g-api.service[156232]: DEBUG glance.api.middleware.version_negotiation [None req-6e919edd-a09a-449e-834f-7b4edfc38f3b admin admin] Using url versioning {{(pid=156232) process_request /opt/stack/glance/glance/api/middleware/version_negotiation.py:57}}
May 19 22:54:39 ubuntu devstack@g-api.service[156232]: DEBUG glance.api.middleware.version_negotiation [None req-6e919edd-a09a-449e-834f-7b4edfc38f3b admin admin] Matched version: v2 {{(pid=156232) process_request /opt/stack/glance/glance/api/middleware/version_negotiation.py:69}}
May 19 22:54:39 ubuntu devstack@g-api.service[156232]: DEBUG glance.api.middleware.version_negotiation [None req-6e919edd-a09a-449e-834f-7b4edfc38f3b admin admin] new path /v2/schemas/metadefs/namespace {{(pid=156232) process_request /opt/stack/glance/glance/api/middleware/version_negotiation.py:70}}
May 19 22:54:39 ubuntu devstack@g-api.service[156232]: [pid: 156232|app: 0|req: 8/14] 127.0.0.1 () {38 vars in 737 bytes} [Thu May 19 22:54:39 2022] GET /v2/schemas/metadefs/namespace => generated 3100 bytes in 9 msecs (HTTP/1.1 200) 4 headers in 158 bytes (1 switches on core 0)
May 19 22:54:39 ubuntu devstack@g-api.service[156233]: DEBUG glance.api.middleware.version_negotiation [None req-04583996-df86-4d12-86d4-a9a9846a1b0c admin admin] Determining version of request: GET /v2/schemas/metadefs/resource_type Accept: */* {{(pid=156233) process_request /opt/stack/glance/glance/api/middleware/version_negotiation.py:44}}
May 19 22:54:39 ubuntu devstack@g-api.service[156233]: DEBUG glance.api.middleware.version_negotiation [None req-04583996-df86-4d12-86d4-a9a9846a1b0c admin admin] Using url versioning {{(pid=156233) process_request /opt/stack/glance/glance/api/middleware/version_negotiation.py:57}}
May 19 22:54:39 ubuntu devstack@g-api.service[156233]: DEBUG glance.api.middleware.version_negotiation [None req-04583996-df86-4d12-86d4-a9a9846a1b0c admin admin] Matched version: v2 {{(pid=156233) process_request /opt/stack/glance/glance/api/middleware/version_negotiation.py:69}}
May 19 22:54:39 ubuntu devstack@g-api.service[156233]: DEBUG glance.api.middleware.version_negotiation [None req-04583996-df86-4d12-86d4-a9a9846a1b0c admin admin] new path /v2/schemas/metadefs/resource_type {{(pid=156233) process_request /opt/stack/glance/glance/api/middleware/version_negotiation.py:70}}
May 19 22:54:39 ubuntu devstack@g-api.service[156233]: [pid: 156233|app: 0|req: 7/15] 127.0.0.1 () {38 vars in 745 bytes} [Thu May 19 22:54:39 2022] GET /v2/schemas/metadefs/resource_type => generated 1262 bytes in 5 msecs (HTTP/1.1 200) 4 headers in 158 bytes (1 switches on core 0)
May 19 22:54:40 ubuntu devstack@g-api.service[156232]: DEBUG glance.api.middleware.version_negotiation [None req-e0dba5af-c8d9-4e6f-8bbb-76bbb04d1ef1 admin admin] Determining version of request: GET /v2/images Accept: */* {{(pid=156232) process_request /opt/stack/glance/glance/api/middleware/version_negotiation.py:44}}
May 19 22:54:40 ubuntu devstack@g-api.service[156232]: DEBUG glance.api.middleware.version_negotiation [None req-e0dba5af-c8d9-4e6f-8bbb-76bbb04d1ef1 admin admin] Using url versioning {{(pid=156232) process_request /opt/stack/glance/glance/api/middleware/version_negotiation.py:57}}
May 19 22:54:40 ubuntu devstack@g-api.service[156232]: DEBUG glance.api.middleware.version_negotiation [None req-e0dba5af-c8d9-4e6f-8bbb-76bbb04d1ef1 admin admin] Matched version: v2 {{(pid=156232) process_request /opt/stack/glance/glance/api/middleware/version_negotiation.py:69}}
May 19 22:54:40 ubuntu devstack@g-api.service[156232]: DEBUG glance.api.middleware.version_negotiation [None req-e0dba5af-c8d9-4e6f-8bbb-76bbb04d1ef1 admin admin] new path /v2/images {{(pid=156232) process_request /opt/stack/glance/glance/api/middleware/version_negotiation.py:70}}
May 19 22:54:40 ubuntu devstack@g-api.service[156232]: [pid: 156232|app: 0|req: 9/16] 127.0.0.1 () {38 vars in 768 bytes} [Thu May 19 22:54:39 2022] GET /v2/images?limit=20&sort_key=name&sort_dir=asc => generated 1081 bytes in 71 msecs (HTTP/1.1 200) 4 headers in 158 bytes (1 switches on core 0)
May 19 22:54:40 ubuntu devstack@g-api.service[156233]: DEBUG glance.api.middleware.version_negotiation [None req-4cfcef87-f7ff-4111-b711-64cf3cc3bef8 admin admin] Determining version of request: GET /v2/schemas/image Accept: */* {{(pid=156233) process_request /opt/stack/glance/glance/api/middleware/version_negotiation.py:44}}
May 19 22:54:40 ubuntu devstack@g-api.service[156233]: DEBUG glance.api.middleware.version_negotiation [None req-4cfcef87-f7ff-4111-b711-64cf3cc3bef8 admin admin] Using url versioning {{(pid=156233) process_request /opt/stack/glance/glance/api/middleware/version_negotiation.py:57}}
May 19 22:54:40 ubuntu devstack@g-api.service[156233]: DEBUG glance.api.middleware.version_negotiation [None req-4cfcef87-f7ff-4111-b711-64cf3cc3bef8 admin admin] Matched version: v2 {{(pid=156233) process_request /opt/stack/glance/glance/api/middleware/version_negotiation.py:69}}
May 19 22:54:40 ubuntu devstack@g-api.service[156233]: DEBUG glance.api.middleware.version_negotiation [None req-4cfcef87-f7ff-4111-b711-64cf3cc3bef8 admin admin] new path /v2/schemas/image {{(pid=156233) process_request /opt/stack/glance/glance/api/middleware/version_negotiation.py:70}}
May 19 22:54:40 ubuntu devstack@g-api.service[156233]: [pid: 156233|app: 0|req: 8/17] 127.0.0.1 () {38 vars in 711 bytes} [Thu May 19 22:54:40 2022] GET /v2/schemas/image => generated 6083 bytes in 6 msecs (HTTP/1.1 200) 4 headers in 158 bytes (1 switches on core 0)
May 19 22:54:49 ubuntu devstack@g-api.service[156232]: DEBUG glance.api.middleware.version_negotiation [None req-5f985082-79ed-49cb-882a-02289f2e5225 admin admin] Determining version of request: GET / Accept: application/json {{(pid=156232) process_request /opt/stack/glance/glance/api/middleware/version_negotiation.py:44}}
May 19 22:54:49 ubuntu devstack@g-api.service[156232]: DEBUG glance.api.middleware.version_negotiation [None req-5f985082-79ed-49cb-882a-02289f2e5225 admin admin] Using url versioning {{(pid=156232) process_request /opt/stack/glance/glance/api/middleware/version_negotiation.py:57}}
May 19 22:54:49 ubuntu devstack@g-api.service[156232]: DEBUG glance.api.middleware.version_negotiation [None req-5f985082-79ed-49cb-882a-02289f2e5225 admin admin] Unknown version. Returning version choices. {{(pid=156232) process_request /opt/stack/glance/glance/api/middleware/version_negotiation.py:64}}
May 19 22:54:49 ubuntu devstack@g-api.service[156232]: [pid: 156232|app: 0|req: 10/18] 127.0.0.1 () {34 vars in 492 bytes} [Thu May 19 22:54:49 2022] GET / => generated 1213 bytes in 4 msecs (HTTP/1.1 300) 3 headers in 106 bytes (1 switches on core 0)
May 19 22:54:49 ubuntu devstack@g-api.service[156233]: DEBUG glance.api.middleware.version_negotiation [None req-bf70fa0d-b40c-48fb-97cf-ce50dea587a4 admin admin] Determining version of request: GET /v2/images/1ccb9ed0-81e6-405e-891f-0f4d37c50be7 Accept: */* {{(pid=156233) process_request /opt/stack/glance/glance/api/middleware/version_negotiation.py:44}}
May 19 22:54:49 ubuntu devstack@g-api.service[156233]: DEBUG glance.api.middleware.version_negotiation [None req-bf70fa0d-b40c-48fb-97cf-ce50dea587a4 admin admin] Using url versioning {{(pid=156233) process_request /opt/stack/glance/glance/api/middleware/version_negotiation.py:57}}
May 19 22:54:49 ubuntu devstack@g-api.service[156233]: DEBUG glance.api.middleware.version_negotiation [None req-bf70fa0d-b40c-48fb-97cf-ce50dea587a4 admin admin] Matched version: v2 {{(pid=156233) process_request /opt/stack/glance/glance/api/middleware/version_negotiation.py:69}}
May 19 22:54:49 ubuntu devstack@g-api.service[156233]: DEBUG glance.api.middleware.version_negotiation [None req-bf70fa0d-b40c-48fb-97cf-ce50dea587a4 admin admin] new path /v2/images/1ccb9ed0-81e6-405e-891f-0f4d37c50be7 {{(pid=156233) process_request /opt/stack/glance/glance/api/middleware/version_negotiation.py:70}}
May 19 22:54:49 ubuntu devstack@g-api.service[156233]: WARNING keystonemiddleware.auth_token [None req-bf70fa0d-b40c-48fb-97cf-ce50dea587a4 admin admin] A valid token was submitted as a service token, but it was not a valid service token. This is incorrect but backwards compatible behaviour. This will be removed in future releases.
May 19 22:54:49 ubuntu devstack@g-api.service[156233]: [pid: 156233|app: 0|req: 9/19] 127.0.0.1 () {42 vars in 1049 bytes} [Thu May 19 22:54:49 2022] GET /v2/images/1ccb9ed0-81e6-405e-891f-0f4d37c50be7 => generated 976 bytes in 97 msecs (HTTP/1.1 200) 4 headers in 157 bytes (1 switches on core 0)
May 19 22:54:49 ubuntu devstack@g-api.service[156232]: DEBUG glance.api.middleware.version_negotiation [None req-5f985082-79ed-49cb-882a-02289f2e5225 admin admin] Determining version of request: GET /v2/schemas/image Accept: */* {{(pid=156232) process_request /opt/stack/glance/glance/api/middleware/version_negotiation.py:44}}
May 19 22:54:49 ubuntu devstack@g-api.service[156232]: DEBUG glance.api.middleware.version_negotiation [None req-5f985082-79ed-49cb-882a-02289f2e5225 admin admin] Using url versioning {{(pid=156232) process_request /opt/stack/glance/glance/api/middleware/version_negotiation.py:57}}
May 19 22:54:49 ubuntu devstack@g-api.service[156232]: DEBUG glance.api.middleware.version_negotiation [None req-5f985082-79ed-49cb-882a-02289f2e5225 admin admin] Matched version: v2 {{(pid=156232) process_request /opt/stack/glance/glance/api/middleware/version_negotiation.py:69}}
May 19 22:54:49 ubuntu devstack@g-api.service[156232]: DEBUG glance.api.middleware.version_negotiation [None req-5f985082-79ed-49cb-882a-02289f2e5225 admin admin] new path /v2/schemas/image {{(pid=156232) process_request /opt/stack/glance/glance/api/middleware/version_negotiation.py:70}}
May 19 22:54:49 ubuntu devstack@g-api.service[156232]: WARNING keystonemiddleware.auth_token [None req-5f985082-79ed-49cb-882a-02289f2e5225 admin admin] A valid token was submitted as a service token, but it was not a valid service token. This is incorrect but backwards compatible behaviour. This will be removed in future releases.
May 19 22:54:49 ubuntu devstack@g-api.service[156232]: [pid: 156232|app: 0|req: 11/20] 127.0.0.1 () {42 vars in 989 bytes} [Thu May 19 22:54:49 2022] GET /v2/schemas/image => generated 6083 bytes in 9 msecs (HTTP/1.1 200) 4 headers in 158 bytes (1 switches on core 0)
May 19 22:54:50 ubuntu devstack@g-api.service[156232]: DEBUG dbcounter [-] [156232] Writing DB stats glance:SELECT=2 {{(pid=156232) stat_writer /usr/local/lib/python3.8/dist-packages/dbcounter.py:114}}
May 19 22:54:52 ubuntu devstack@g-api.service[156233]: DEBUG glance.api.middleware.version_negotiation [None req-625b6e15-8132-401d-bec0-3fcded4a7d38 tempest-VolumesAdminNegativeTest-936179476 tempest-VolumesAdminNegativeTest-936179476-project] Determining version of request: GET /v2/images/1ccb9ed0-81e6-405e-891f-0f4d37c50be7 Accept: */* {{(pid=156233) process_request /opt/stack/glance/glance/api/middleware/version_negotiation.py:44}}
May 19 22:54:52 ubuntu devstack@g-api.service[156233]: DEBUG glance.api.middleware.version_negotiation [None req-625b6e15-8132-401d-bec0-3fcded4a7d38 tempest-VolumesAdminNegativeTest-936179476 tempest-VolumesAdminNegativeTest-936179476-project] Using url versioning {{(pid=156233) process_request /opt/stack/glance/glance/api/middleware/version_negotiation.py:57}}
May 19 22:54:52 ubuntu devstack@g-api.service[156233]: DEBUG glance.api.middleware.version_negotiation [None req-625b6e15-8132-401d-bec0-3fcded4a7d38 tempest-VolumesAdminNegativeTest-936179476 tempest-VolumesAdminNegativeTest-936179476-project] Matched version: v2 {{(pid=156233) process_request /opt/stack/glance/glance/api/middleware/version_negotiation.py:69}}
May 19 22:54:52 ubuntu devstack@g-api.service[156233]: DEBUG glance.api.middleware.version_negotiation [None req-625b6e15-8132-401d-bec0-3fcded4a7d38 tempest-VolumesAdminNegativeTest-936179476 tempest-VolumesAdminNegativeTest-936179476-project] new path /v2/images/1ccb9ed0-81e6-405e-891f-0f4d37c50be7 {{(pid=156233) process_request /opt/stack/glance/glance/api/middleware/version_negotiation.py:70}}
May 19 22:54:52 ubuntu devstack@g-api.service[156233]: [pid: 156233|app: 0|req: 10/21] 127.0.0.1 () {42 vars in 1049 bytes} [Thu May 19 22:54:52 2022] GET /v2/images/1ccb9ed0-81e6-405e-891f-0f4d37c50be7 => generated 976 bytes in 21 msecs (HTTP/1.1 200) 4 headers in 157 bytes (1 switches on core 0)
May 19 22:54:52 ubuntu devstack@g-api.service[156232]: DEBUG glance.api.middleware.version_negotiation [None req-625b6e15-8132-401d-bec0-3fcded4a7d38 tempest-VolumesAdminNegativeTest-936179476 tempest-VolumesAdminNegativeTest-936179476-project] Determining version of request: GET /v2/images/1ccb9ed0-81e6-405e-891f-0f4d37c50be7/file Accept: */* {{(pid=156232) process_request /opt/stack/glance/glance/api/middleware/version_negotiation.py:44}}
May 19 22:54:52 ubuntu devstack@g-api.service[156232]: DEBUG glance.api.middleware.version_negotiation [None req-625b6e15-8132-401d-bec0-3fcded4a7d38 tempest-VolumesAdminNegativeTest-936179476 tempest-VolumesAdminNegativeTest-936179476-project] Using url versioning {{(pid=156232) process_request /opt/stack/glance/glance/api/middleware/version_negotiation.py:57}}
May 19 22:54:52 ubuntu devstack@g-api.service[156232]: DEBUG glance.api.middleware.version_negotiation [None req-625b6e15-8132-401d-bec0-3fcded4a7d38 tempest-VolumesAdminNegativeTest-936179476 tempest-VolumesAdminNegativeTest-936179476-project] Matched version: v2 {{(pid=156232) process_request /opt/stack/glance/glance/api/middleware/version_negotiation.py:69}}
May 19 22:54:52 ubuntu devstack@g-api.service[156232]: DEBUG glance.api.middleware.version_negotiation [None req-625b6e15-8132-401d-bec0-3fcded4a7d38 tempest-VolumesAdminNegativeTest-936179476 tempest-VolumesAdminNegativeTest-936179476-project] new path /v2/images/1ccb9ed0-81e6-405e-891f-0f4d37c50be7/file {{(pid=156232) process_request /opt/stack/glance/glance/api/middleware/version_negotiation.py:70}}
May 19 22:54:52 ubuntu devstack@g-api.service[156232]: DEBUG glance_store.backend [None req-625b6e15-8132-401d-bec0-3fcded4a7d38 tempest-VolumesAdminNegativeTest-936179476 tempest-VolumesAdminNegativeTest-936179476-project] Attempting to import store swift {{(pid=156232) _load_store /usr/local/lib/python3.8/dist-packages/glance_store/backend.py:217}}
May 19 22:54:52 ubuntu devstack@g-api.service[156232]: DEBUG glance_store.capabilities [None req-625b6e15-8132-401d-bec0-3fcded4a7d38 tempest-VolumesAdminNegativeTest-936179476 tempest-VolumesAdminNegativeTest-936179476-project] Store glance_store._drivers.swift.store.SingleTenantStore doesn't support updating dynamic storage capabilities. Please overwrite 'update_capabilities' method of the store to implement updating logics if needed. {{(pid=156232) update_capabilities /usr/local/lib/python3.8/dist-packages/glance_store/capabilities.py:91}}
May 19 22:54:52 ubuntu devstack@g-api.service[156232]: DEBUG glance_store.driver [None req-625b6e15-8132-401d-bec0-3fcded4a7d38 tempest-VolumesAdminNegativeTest-936179476 tempest-VolumesAdminNegativeTest-936179476-project] Late loading location class glance_store._drivers.swift.store.StoreLocation {{(pid=156232) get_store_location_class /usr/local/lib/python3.8/dist-packages/glance_store/driver.py:117}}
May 19 22:54:52 ubuntu devstack@g-api.service[156232]: DEBUG glance_store.location [None req-625b6e15-8132-401d-bec0-3fcded4a7d38 tempest-VolumesAdminNegativeTest-936179476 tempest-VolumesAdminNegativeTest-936179476-project] Registering scheme swift+https with {'store': <glance_store._drivers.swift.store.SingleTenantStore object at 0x7fca93f0d820>, 'location_class': <class 'glance_store._drivers.swift.store.StoreLocation'>, 'store_entry': 'swift'} {{(pid=156232) register_scheme_map /usr/local/lib/python3.8/dist-packages/glance_store/location.py:146}}
May 19 22:54:52 ubuntu devstack@g-api.service[156232]: DEBUG glance_store.location [None req-625b6e15-8132-401d-bec0-3fcded4a7d38 tempest-VolumesAdminNegativeTest-936179476 tempest-VolumesAdminNegativeTest-936179476-project] Registering scheme swift+https with {'store': <glance_store._drivers.swift.store.SingleTenantStore object at 0x7fca93f0d820>, 'location_class': <class 'glance_store._drivers.swift.store.StoreLocation'>, 'store_entry': 'swift'} {{(pid=156232) register_scheme_map /usr/local/lib/python3.8/dist-packages/glance_store/location.py:146}}
May 19 22:54:52 ubuntu devstack@g-api.service[156232]: DEBUG glance_store.location [None req-625b6e15-8132-401d-bec0-3fcded4a7d38 tempest-VolumesAdminNegativeTest-936179476 tempest-VolumesAdminNegativeTest-936179476-project] Registering scheme swift with {'store': <glance_store._drivers.swift.store.SingleTenantStore object at 0x7fca93f0d820>, 'location_class': <class 'glance_store._drivers.swift.store.StoreLocation'>, 'store_entry': 'swift'} {{(pid=156232) register_scheme_map /usr/local/lib/python3.8/dist-packages/glance_store/location.py:146}}
May 19 22:54:52 ubuntu devstack@g-api.service[156232]: DEBUG glance_store.location [None req-625b6e15-8132-401d-bec0-3fcded4a7d38 tempest-VolumesAdminNegativeTest-936179476 tempest-VolumesAdminNegativeTest-936179476-project] Registering scheme swift+https with {'store': <glance_store._drivers.swift.store.SingleTenantStore object at 0x7fca93f0d820>, 'location_class': <class 'glance_store._drivers.swift.store.StoreLocation'>, 'store_entry': 'swift'} {{(pid=156232) register_scheme_map /usr/local/lib/python3.8/dist-packages/glance_store/location.py:146}}
May 19 22:54:52 ubuntu devstack@g-api.service[156232]: DEBUG glance_store.location [None req-625b6e15-8132-401d-bec0-3fcded4a7d38 tempest-VolumesAdminNegativeTest-936179476 tempest-VolumesAdminNegativeTest-936179476-project] Registering scheme swift with {'store': <glance_store._drivers.swift.store.SingleTenantStore object at 0x7fca93f0d820>, 'location_class': <class 'glance_store._drivers.swift.store.StoreLocation'>, 'store_entry': 'swift'} {{(pid=156232) register_scheme_map /usr/local/lib/python3.8/dist-packages/glance_store/location.py:146}}
May 19 22:54:52 ubuntu devstack@g-api.service[156232]: DEBUG glance_store.location [None req-625b6e15-8132-401d-bec0-3fcded4a7d38 tempest-VolumesAdminNegativeTest-936179476 tempest-VolumesAdminNegativeTest-936179476-project] Registering scheme swift+http with {'store': <glance_store._drivers.swift.store.SingleTenantStore object at 0x7fca93f0d820>, 'location_class': <class 'glance_store._drivers.swift.store.StoreLocation'>, 'store_entry': 'swift'} {{(pid=156232) register_scheme_map /usr/local/lib/python3.8/dist-packages/glance_store/location.py:146}}
May 19 22:54:52 ubuntu devstack@g-api.service[156232]: DEBUG glance_store.location [None req-625b6e15-8132-401d-bec0-3fcded4a7d38 tempest-VolumesAdminNegativeTest-936179476 tempest-VolumesAdminNegativeTest-936179476-project] Registering scheme swift+https with {'store': <glance_store._drivers.swift.store.SingleTenantStore object at 0x7fca93f0d820>, 'location_class': <class 'glance_store._drivers.swift.store.StoreLocation'>, 'store_entry': 'swift'} {{(pid=156232) register_scheme_map /usr/local/lib/python3.8/dist-packages/glance_store/location.py:146}}
May 19 22:54:52 ubuntu devstack@g-api.service[156232]: DEBUG glance_store.location [None req-625b6e15-8132-401d-bec0-3fcded4a7d38 tempest-VolumesAdminNegativeTest-936179476 tempest-VolumesAdminNegativeTest-936179476-project] Registering scheme swift with {'store': <glance_store._drivers.swift.store.SingleTenantStore object at 0x7fca93f0d820>, 'location_class': <class 'glance_store._drivers.swift.store.StoreLocation'>, 'store_entry': 'swift'} {{(pid=156232) register_scheme_map /usr/local/lib/python3.8/dist-packages/glance_store/location.py:146}}
May 19 22:54:52 ubuntu devstack@g-api.service[156232]: DEBUG glance_store.location [None req-625b6e15-8132-401d-bec0-3fcded4a7d38 tempest-VolumesAdminNegativeTest-936179476 tempest-VolumesAdminNegativeTest-936179476-project] Registering scheme swift+http with {'store': <glance_store._drivers.swift.store.SingleTenantStore object at 0x7fca93f0d820>, 'location_class': <class 'glance_store._drivers.swift.store.StoreLocation'>, 'store_entry': 'swift'} {{(pid=156232) register_scheme_map /usr/local/lib/python3.8/dist-packages/glance_store/location.py:146}}
May 19 22:54:52 ubuntu devstack@g-api.service[156232]: DEBUG glance_store.location [None req-625b6e15-8132-401d-bec0-3fcded4a7d38 tempest-VolumesAdminNegativeTest-936179476 tempest-VolumesAdminNegativeTest-936179476-project] Registering scheme swift+config with {'store': <glance_store._drivers.swift.store.SingleTenantStore object at 0x7fca93f0d820>, 'location_class': <class 'glance_store._drivers.swift.store.StoreLocation'>, 'store_entry': 'swift'} {{(pid=156232) register_scheme_map /usr/local/lib/python3.8/dist-packages/glance_store/location.py:146}}
May 19 22:54:52 ubuntu devstack@g-api.service[156232]: DEBUG swiftclient [None req-625b6e15-8132-401d-bec0-3fcded4a7d38 tempest-VolumesAdminNegativeTest-936179476 tempest-VolumesAdminNegativeTest-936179476-project] REQ: curl -i http://192.168.79.38:8080/v1/AUTH_858830a2f0a84bd4bb48c14f5fa1dd01/glance/1ccb9ed0-81e6-405e-891f-0f4d37c50be7 -X GET -H "X-Auth-Token: gAAAAABihsq8K61V..." {{(pid=156232) http_log /usr/local/lib/python3.8/dist-packages/swiftclient/client.py:187}}
May 19 22:54:52 ubuntu devstack@g-api.service[156232]: DEBUG swiftclient [None req-625b6e15-8132-401d-bec0-3fcded4a7d38 tempest-VolumesAdminNegativeTest-936179476 tempest-VolumesAdminNegativeTest-936179476-project] RESP STATUS: 200 OK {{(pid=156232) http_log /usr/local/lib/python3.8/dist-packages/swiftclient/client.py:188}}
May 19 22:54:52 ubuntu devstack@g-api.service[156232]: DEBUG swiftclient [None req-625b6e15-8132-401d-bec0-3fcded4a7d38 tempest-VolumesAdminNegativeTest-936179476 tempest-VolumesAdminNegativeTest-936179476-project] RESP HEADERS: {'Content-Type': 'application/octet-stream', 'Etag': '1d3062cd89af34e419f7100277f38b2b', 'Last-Modified': 'Thu, 19 May 2022 22:49:44 GMT', 'X-Timestamp': '1653000583.31541', 'Accept-Ranges': 'bytes', 'Content-Length': '16338944', 'X-Trans-Id': 'tx67af50e04a1a434597b4b-006286cabc', 'X-Openstack-Request-Id': 'tx67af50e04a1a434597b4b-006286cabc', 'Date': 'Thu, 19 May 2022 22:54:52 GMT'} {{(pid=156232) http_log /usr/local/lib/python3.8/dist-packages/swiftclient/client.py:189}}
May 19 22:54:52 ubuntu devstack@g-api.service[156232]: DEBUG glance.image_cache [None req-625b6e15-8132-401d-bec0-3fcded4a7d38 tempest-VolumesAdminNegativeTest-936179476 tempest-VolumesAdminNegativeTest-936179476-project] Tee'ing image '1ccb9ed0-81e6-405e-891f-0f4d37c50be7' into cache {{(pid=156232) get_caching_iter /opt/stack/glance/glance/image_cache/__init__.py:343}}
May 19 22:54:52 ubuntu devstack@g-api.service[156232]: DEBUG glance.image_cache.drivers.sqlite [None req-625b6e15-8132-401d-bec0-3fcded4a7d38 tempest-VolumesAdminNegativeTest-936179476 tempest-VolumesAdminNegativeTest-936179476-project] Fetch finished, moving '/opt/stack/data/glance/cache/incomplete/1ccb9ed0-81e6-405e-891f-0f4d37c50be7' to '/opt/stack/data/glance/cache/1ccb9ed0-81e6-405e-891f-0f4d37c50be7' {{(pid=156232) commit /opt/stack/glance/glance/image_cache/drivers/sqlite.py:324}}
May 19 22:54:52 ubuntu devstack@g-api.service[156232]: [pid: 156232|app: 0|req: 12/22] 127.0.0.1 () {42 vars in 1059 bytes} [Thu May 19 22:54:52 2022] GET /v2/images/1ccb9ed0-81e6-405e-891f-0f4d37c50be7/file => generated 16338944 bytes in 402 msecs (HTTP/1.1 200) 4 headers in 191 bytes (250 switches on core 0)
May 19 22:55:02 ubuntu devstack@g-api.service[156233]: DEBUG dbcounter [-] [156233] Writing DB stats glance:SELECT=8 {{(pid=156233) stat_writer /usr/local/lib/python3.8/dist-packages/dbcounter.py:114}}
May 19 22:55:02 ubuntu devstack@g-api.service[156232]: DEBUG dbcounter [-] [156232] Writing DB stats glance:SELECT=8 {{(pid=156232) stat_writer /usr/local/lib/python3.8/dist-packages/dbcounter.py:114}}
May 19 22:55:28 ubuntu devstack@g-api.service[156233]: DEBUG glance.api.middleware.version_negotiation [None req-625b6e15-8132-401d-bec0-3fcded4a7d38 tempest-VolumesAdminNegativeTest-936179476 tempest-VolumesAdminNegativeTest-936179476-project] Determining version of request: GET / Accept: application/json {{(pid=156233) process_request /opt/stack/glance/glance/api/middleware/version_negotiation.py:44}}
May 19 22:55:28 ubuntu devstack@g-api.service[156233]: DEBUG glance.api.middleware.version_negotiation [None req-625b6e15-8132-401d-bec0-3fcded4a7d38 tempest-VolumesAdminNegativeTest-936179476 tempest-VolumesAdminNegativeTest-936179476-project] Using url versioning {{(pid=156233) process_request /opt/stack/glance/glance/api/middleware/version_negotiation.py:57}}
May 19 22:55:28 ubuntu devstack@g-api.service[156233]: DEBUG glance.api.middleware.version_negotiation [None req-625b6e15-8132-401d-bec0-3fcded4a7d38 tempest-VolumesAdminNegativeTest-936179476 tempest-VolumesAdminNegativeTest-936179476-project] Unknown version. Returning version choices. {{(pid=156233) process_request /opt/stack/glance/glance/api/middleware/version_negotiation.py:64}}
May 19 22:55:28 ubuntu devstack@g-api.service[156233]: [pid: 156233|app: 0|req: 11/23] 127.0.0.1 () {34 vars in 492 bytes} [Thu May 19 22:55:28 2022] GET / => generated 1213 bytes in 2 msecs (HTTP/1.1 300) 3 headers in 106 bytes (1 switches on core 0)
May 19 22:55:28 ubuntu devstack@g-api.service[156232]: DEBUG glance.api.middleware.version_negotiation [None req-625b6e15-8132-401d-bec0-3fcded4a7d38 tempest-VolumesAdminNegativeTest-936179476 tempest-VolumesAdminNegativeTest-936179476-project] Determining version of request: GET /v2/images/1ccb9ed0-81e6-405e-891f-0f4d37c50be7 Accept: */* {{(pid=156232) process_request /opt/stack/glance/glance/api/middleware/version_negotiation.py:44}}
May 19 22:55:28 ubuntu devstack@g-api.service[156232]: DEBUG glance.api.middleware.version_negotiation [None req-625b6e15-8132-401d-bec0-3fcded4a7d38 tempest-VolumesAdminNegativeTest-936179476 tempest-VolumesAdminNegativeTest-936179476-project] Using url versioning {{(pid=156232) process_request /opt/stack/glance/glance/api/middleware/version_negotiation.py:57}}
May 19 22:55:28 ubuntu devstack@g-api.service[156232]: DEBUG glance.api.middleware.version_negotiation [None req-625b6e15-8132-401d-bec0-3fcded4a7d38 tempest-VolumesAdminNegativeTest-936179476 tempest-VolumesAdminNegativeTest-936179476-project] Matched version: v2 {{(pid=156232) process_request /opt/stack/glance/glance/api/middleware/version_negotiation.py:69}}
May 19 22:55:28 ubuntu devstack@g-api.service[156232]: DEBUG glance.api.middleware.version_negotiation [None req-625b6e15-8132-401d-bec0-3fcded4a7d38 tempest-VolumesAdminNegativeTest-936179476 tempest-VolumesAdminNegativeTest-936179476-project] new path /v2/images/1ccb9ed0-81e6-405e-891f-0f4d37c50be7 {{(pid=156232) process_request /opt/stack/glance/glance/api/middleware/version_negotiation.py:70}}
May 19 22:55:28 ubuntu devstack@g-api.service[156232]: [pid: 156232|app: 0|req: 13/24] 127.0.0.1 () {42 vars in 1049 bytes} [Thu May 19 22:55:28 2022] GET /v2/images/1ccb9ed0-81e6-405e-891f-0f4d37c50be7 => generated 976 bytes in 21 msecs (HTTP/1.1 200) 4 headers in 157 bytes (1 switches on core 0)
May 19 22:55:28 ubuntu devstack@g-api.service[156233]: DEBUG glance.api.middleware.version_negotiation [None req-625b6e15-8132-401d-bec0-3fcded4a7d38 tempest-VolumesAdminNegativeTest-936179476 tempest-VolumesAdminNegativeTest-936179476-project] Determining version of request: GET /v2/schemas/image Accept: */* {{(pid=156233) process_request /opt/stack/glance/glance/api/middleware/version_negotiation.py:44}}
May 19 22:55:28 ubuntu devstack@g-api.service[156233]: DEBUG glance.api.middleware.version_negotiation [None req-625b6e15-8132-401d-bec0-3fcded4a7d38 tempest-VolumesAdminNegativeTest-936179476 tempest-VolumesAdminNegativeTest-936179476-project] Using url versioning {{(pid=156233) process_request /opt/stack/glance/glance/api/middleware/version_negotiation.py:57}}
May 19 22:55:28 ubuntu devstack@g-api.service[156233]: DEBUG glance.api.middleware.version_negotiation [None req-625b6e15-8132-401d-bec0-3fcded4a7d38 tempest-VolumesAdminNegativeTest-936179476 tempest-VolumesAdminNegativeTest-936179476-project] Matched version: v2 {{(pid=156233) process_request /opt/stack/glance/glance/api/middleware/version_negotiation.py:69}}
May 19 22:55:28 ubuntu devstack@g-api.service[156233]: DEBUG glance.api.middleware.version_negotiation [None req-625b6e15-8132-401d-bec0-3fcded4a7d38 tempest-VolumesAdminNegativeTest-936179476 tempest-VolumesAdminNegativeTest-936179476-project] new path /v2/schemas/image {{(pid=156233) process_request /opt/stack/glance/glance/api/middleware/version_negotiation.py:70}}
May 19 22:55:28 ubuntu devstack@g-api.service[156233]: [pid: 156233|app: 0|req: 12/25] 127.0.0.1 () {42 vars in 989 bytes} [Thu May 19 22:55:28 2022] GET /v2/schemas/image => generated 6083 bytes in 6 msecs (HTTP/1.1 200) 4 headers in 158 bytes (1 switches on core 0)
May 19 22:55:38 ubuntu devstack@g-api.service[156232]: DEBUG dbcounter [-] [156232] Writing DB stats glance:SELECT=4 {{(pid=156232) stat_writer /usr/local/lib/python3.8/dist-packages/dbcounter.py:114}}
May 19 22:55:52 ubuntu devstack@g-api.service[156232]: DEBUG glance.api.middleware.version_negotiation [None req-3a859f05-776d-44d4-858b-4ae62474c7c0 tempest-DeleteServersTestJSON-197435436 tempest-DeleteServersTestJSON-197435436-project] Determining version of request: GET /v2/images/1ccb9ed0-81e6-405e-891f-0f4d37c50be7 Accept: */* {{(pid=156232) process_request /opt/stack/glance/glance/api/middleware/version_negotiation.py:44}}
