Jun 30 15:39:47 ubuntu devstack@g-api.service[131536]: DEBUG glance_store.capabilities [None req-722dd5d2-7bb1-4784-b123-c6393ad9d3e0 admin admin] Store glance_store._drivers.swift.store.SingleTenantStore doesn't support updating dynamic storage capabilities. Please overwrite 'update_capabilities' method of the store to implement updating logics if needed. {{(pid=131536) update_capabilities /usr/local/lib/python3.8/dist-packages/glance_store/capabilities.py:91}}
Jun 30 15:39:47 ubuntu devstack@g-api.service[131536]: DEBUG glance_store.driver [None req-722dd5d2-7bb1-4784-b123-c6393ad9d3e0 admin admin] Late loading location class glance_store._drivers.swift.store.StoreLocation {{(pid=131536) get_store_location_class /usr/local/lib/python3.8/dist-packages/glance_store/driver.py:117}}
Jun 30 15:39:47 ubuntu devstack@g-api.service[131536]: DEBUG glance_store.location [None req-722dd5d2-7bb1-4784-b123-c6393ad9d3e0 admin admin] Registering scheme swift+https with {'store': <glance_store._drivers.swift.store.SingleTenantStore object at 0x7f705338aa00>, 'location_class': <class 'glance_store._drivers.swift.store.StoreLocation'>, 'store_entry': 'swift'} {{(pid=131536) register_scheme_map /usr/local/lib/python3.8/dist-packages/glance_store/location.py:146}}
Jun 30 15:39:47 ubuntu devstack@g-api.service[131536]: DEBUG glance_store.location [None req-722dd5d2-7bb1-4784-b123-c6393ad9d3e0 admin admin] Registering scheme swift+https with {'store': <glance_store._drivers.swift.store.SingleTenantStore object at 0x7f705338aa00>, 'location_class': <class 'glance_store._drivers.swift.store.StoreLocation'>, 'store_entry': 'swift'} {{(pid=131536) register_scheme_map /usr/local/lib/python3.8/dist-packages/glance_store/location.py:146}}
Jun 30 15:39:47 ubuntu devstack@g-api.service[131536]: DEBUG glance_store.location [None req-722dd5d2-7bb1-4784-b123-c6393ad9d3e0 admin admin] Registering scheme swift with {'store': <glance_store._drivers.swift.store.SingleTenantStore object at 0x7f705338aa00>, 'location_class': <class 'glance_store._drivers.swift.store.StoreLocation'>, 'store_entry': 'swift'} {{(pid=131536) register_scheme_map /usr/local/lib/python3.8/dist-packages/glance_store/location.py:146}}
Jun 30 15:39:47 ubuntu devstack@g-api.service[131536]: DEBUG glance_store.location [None req-722dd5d2-7bb1-4784-b123-c6393ad9d3e0 admin admin] Registering scheme swift+https with {'store': <glance_store._drivers.swift.store.SingleTenantStore object at 0x7f705338aa00>, 'location_class': <class 'glance_store._drivers.swift.store.StoreLocation'>, 'store_entry': 'swift'} {{(pid=131536) register_scheme_map /usr/local/lib/python3.8/dist-packages/glance_store/location.py:146}}
Jun 30 15:39:47 ubuntu devstack@g-api.service[131536]: DEBUG glance_store.location [None req-722dd5d2-7bb1-4784-b123-c6393ad9d3e0 admin admin] Registering scheme swift with {'store': <glance_store._drivers.swift.store.SingleTenantStore object at 0x7f705338aa00>, 'location_class': <class 'glance_store._drivers.swift.store.StoreLocation'>, 'store_entry': 'swift'} {{(pid=131536) register_scheme_map /usr/local/lib/python3.8/dist-packages/glance_store/location.py:146}}
Jun 30 15:39:47 ubuntu devstack@g-api.service[131536]: DEBUG glance_store.location [None req-722dd5d2-7bb1-4784-b123-c6393ad9d3e0 admin admin] Registering scheme swift+http with {'store': <glance_store._drivers.swift.store.SingleTenantStore object at 0x7f705338aa00>, 'location_class': <class 'glance_store._drivers.swift.store.StoreLocation'>, 'store_entry': 'swift'} {{(pid=131536) register_scheme_map /usr/local/lib/python3.8/dist-packages/glance_store/location.py:146}}
Jun 30 15:39:47 ubuntu devstack@g-api.service[131536]: DEBUG glance_store.location [None req-722dd5d2-7bb1-4784-b123-c6393ad9d3e0 admin admin] Registering scheme swift+https with {'store': <glance_store._drivers.swift.store.SingleTenantStore object at 0x7f705338aa00>, 'location_class': <class 'glance_store._drivers.swift.store.StoreLocation'>, 'store_entry': 'swift'} {{(pid=131536) register_scheme_map /usr/local/lib/python3.8/dist-packages/glance_store/location.py:146}}
Jun 30 15:39:47 ubuntu devstack@g-api.service[131536]: DEBUG glance_store.location [None req-722dd5d2-7bb1-4784-b123-c6393ad9d3e0 admin admin] Registering scheme swift with {'store': <glance_store._drivers.swift.store.SingleTenantStore object at 0x7f705338aa00>, 'location_class': <class 'glance_store._drivers.swift.store.StoreLocation'>, 'store_entry': 'swift'} {{(pid=131536) register_scheme_map /usr/local/lib/python3.8/dist-packages/glance_store/location.py:146}}
Jun 30 15:39:47 ubuntu devstack@g-api.service[131536]: DEBUG glance_store.location [None req-722dd5d2-7bb1-4784-b123-c6393ad9d3e0 admin admin] Registering scheme swift+http with {'store': <glance_store._drivers.swift.store.SingleTenantStore object at 0x7f705338aa00>, 'location_class': <class 'glance_store._drivers.swift.store.StoreLocation'>, 'store_entry': 'swift'} {{(pid=131536) register_scheme_map /usr/local/lib/python3.8/dist-packages/glance_store/location.py:146}}
Jun 30 15:39:47 ubuntu devstack@g-api.service[131536]: DEBUG glance_store.location [None req-722dd5d2-7bb1-4784-b123-c6393ad9d3e0 admin admin] Registering scheme swift+config with {'store': <glance_store._drivers.swift.store.SingleTenantStore object at 0x7f705338aa00>, 'location_class': <class 'glance_store._drivers.swift.store.StoreLocation'>, 'store_entry': 'swift'} {{(pid=131536) register_scheme_map /usr/local/lib/python3.8/dist-packages/glance_store/location.py:146}}
Jun 30 15:39:47 ubuntu devstack@g-api.service[131536]: DEBUG glance_store.backend [None req-722dd5d2-7bb1-4784-b123-c6393ad9d3e0 admin admin] Skipping store.set_acls... not implemented. {{(pid=131536) set_acls /usr/local/lib/python3.8/dist-packages/glance_store/backend.py:509}}
Jun 30 15:39:47 ubuntu devstack@g-api.service[131536]: [pid: 131536|app: 0|req: 3/4] 127.0.0.1 () {40 vars in 862 bytes} [Thu Jun 30 15:39:45 2022] PUT /v2/images/63b0b5b7-61af-452e-ac2e-8d6543359c33/file => generated 0 bytes in 2363 msecs (HTTP/1.1 204) 4 headers in 171 bytes (1 switches on core 0)
Jun 30 15:39:55 ubuntu devstack@g-api.service[131534]: DEBUG dbcounter [-] [131534] Writing DB stats glance:SELECT=9,glance:INSERT=5 {{(pid=131534) stat_writer /usr/local/lib/python3.8/dist-packages/dbcounter.py:114}}
Jun 30 15:39:57 ubuntu devstack@g-api.service[131536]: DEBUG dbcounter [-] [131536] Writing DB stats glance:SELECT=28,glance:UPDATE=2,glance:INSERT=1 {{(pid=131536) stat_writer /usr/local/lib/python3.8/dist-packages/dbcounter.py:114}}
Jun 30 15:40:28 ubuntu devstack@g-api.service[131534]: DEBUG glance.api.middleware.version_negotiation [None req-18b9f299-5d1e-4fa4-9b8f-b3f056b38226 admin admin] Determining version of request: GET / Accept: application/json {{(pid=131534) process_request /opt/stack/glance/glance/api/middleware/version_negotiation.py:44}}
Jun 30 15:40:28 ubuntu devstack@g-api.service[131534]: DEBUG glance.api.middleware.version_negotiation [None req-18b9f299-5d1e-4fa4-9b8f-b3f056b38226 admin admin] Using url versioning {{(pid=131534) process_request /opt/stack/glance/glance/api/middleware/version_negotiation.py:57}}
Jun 30 15:40:28 ubuntu devstack@g-api.service[131534]: DEBUG glance.api.middleware.version_negotiation [None req-18b9f299-5d1e-4fa4-9b8f-b3f056b38226 admin admin] Unknown version. Returning version choices. {{(pid=131534) process_request /opt/stack/glance/glance/api/middleware/version_negotiation.py:64}}
Jun 30 15:40:28 ubuntu devstack@g-api.service[131534]: [pid: 131534|app: 0|req: 2/5] 127.0.0.1 () {34 vars in 506 bytes} [Thu Jun 30 15:40:28 2022] GET / => generated 1323 bytes in 9 msecs (HTTP/1.1 300) 3 headers in 106 bytes (1 switches on core 0)
Jun 30 15:40:28 ubuntu devstack@g-api.service[131536]: DEBUG glance.api.middleware.version_negotiation [None req-722dd5d2-7bb1-4784-b123-c6393ad9d3e0 admin admin] Determining version of request: GET /v2/images Accept: application/json {{(pid=131536) process_request /opt/stack/glance/glance/api/middleware/version_negotiation.py:44}}
Jun 30 15:40:28 ubuntu devstack@g-api.service[131536]: DEBUG glance.api.middleware.version_negotiation [None req-722dd5d2-7bb1-4784-b123-c6393ad9d3e0 admin admin] Using url versioning {{(pid=131536) process_request /opt/stack/glance/glance/api/middleware/version_negotiation.py:57}}
Jun 30 15:40:28 ubuntu devstack@g-api.service[131536]: DEBUG glance.api.middleware.version_negotiation [None req-722dd5d2-7bb1-4784-b123-c6393ad9d3e0 admin admin] Matched version: v2 {{(pid=131536) process_request /opt/stack/glance/glance/api/middleware/version_negotiation.py:69}}
Jun 30 15:40:28 ubuntu devstack@g-api.service[131536]: DEBUG glance.api.middleware.version_negotiation [None req-722dd5d2-7bb1-4784-b123-c6393ad9d3e0 admin admin] new path /v2/images {{(pid=131536) process_request /opt/stack/glance/glance/api/middleware/version_negotiation.py:70}}
Jun 30 15:40:28 ubuntu devstack@g-api.service[131536]: [pid: 131536|app: 0|req: 4/6] 127.0.0.1 () {36 vars in 728 bytes} [Thu Jun 30 15:40:28 2022] GET /v2/images => generated 1045 bytes in 127 msecs (HTTP/1.1 200) 4 headers in 158 bytes (1 switches on core 0)
Jun 30 15:40:34 ubuntu devstack@g-api.service[131534]: DEBUG glance.api.middleware.version_negotiation [None req-18b9f299-5d1e-4fa4-9b8f-b3f056b38226 admin admin] Determining version of request: GET / Accept: application/json {{(pid=131534) process_request /opt/stack/glance/glance/api/middleware/version_negotiation.py:44}}
Jun 30 15:40:34 ubuntu devstack@g-api.service[131534]: DEBUG glance.api.middleware.version_negotiation [None req-18b9f299-5d1e-4fa4-9b8f-b3f056b38226 admin admin] Using url versioning {{(pid=131534) process_request /opt/stack/glance/glance/api/middleware/version_negotiation.py:57}}
Jun 30 15:40:34 ubuntu devstack@g-api.service[131534]: DEBUG glance.api.middleware.version_negotiation [None req-18b9f299-5d1e-4fa4-9b8f-b3f056b38226 admin admin] Unknown version. Returning version choices. {{(pid=131534) process_request /opt/stack/glance/glance/api/middleware/version_negotiation.py:64}}
Jun 30 15:40:34 ubuntu devstack@g-api.service[131534]: [pid: 131534|app: 0|req: 3/7] 127.0.0.1 () {34 vars in 506 bytes} [Thu Jun 30 15:40:34 2022] GET / => generated 1323 bytes in 4 msecs (HTTP/1.1 300) 3 headers in 106 bytes (1 switches on core 0)
Jun 30 15:40:34 ubuntu devstack@g-api.service[131536]: DEBUG glance.api.middleware.version_negotiation [None req-344d715d-bf54-4eda-9bdb-3fb5afc89e30 admin admin] Determining version of request: GET /v2/images/63b0b5b7-61af-452e-ac2e-8d6543359c33 Accept: */* {{(pid=131536) process_request /opt/stack/glance/glance/api/middleware/version_negotiation.py:44}}
Jun 30 15:40:34 ubuntu devstack@g-api.service[131536]: DEBUG glance.api.middleware.version_negotiation [None req-344d715d-bf54-4eda-9bdb-3fb5afc89e30 admin admin] Using url versioning {{(pid=131536) process_request /opt/stack/glance/glance/api/middleware/version_negotiation.py:57}}
Jun 30 15:40:34 ubuntu devstack@g-api.service[131536]: DEBUG glance.api.middleware.version_negotiation [None req-344d715d-bf54-4eda-9bdb-3fb5afc89e30 admin admin] Matched version: v2 {{(pid=131536) process_request /opt/stack/glance/glance/api/middleware/version_negotiation.py:69}}
Jun 30 15:40:34 ubuntu devstack@g-api.service[131536]: DEBUG glance.api.middleware.version_negotiation [None req-344d715d-bf54-4eda-9bdb-3fb5afc89e30 admin admin] new path /v2/images/63b0b5b7-61af-452e-ac2e-8d6543359c33 {{(pid=131536) process_request /opt/stack/glance/glance/api/middleware/version_negotiation.py:70}}
Jun 30 15:40:34 ubuntu devstack@g-api.service[131536]: [pid: 131536|app: 0|req: 5/8] 127.0.0.1 () {36 vars in 789 bytes} [Thu Jun 30 15:40:34 2022] GET /v2/images/63b0b5b7-61af-452e-ac2e-8d6543359c33 => generated 976 bytes in 62 msecs (HTTP/1.1 200) 4 headers in 157 bytes (1 switches on core 0)
Jun 30 15:40:37 ubuntu devstack@g-api.service[131534]: DEBUG glance.api.middleware.version_negotiation [None req-18b9f299-5d1e-4fa4-9b8f-b3f056b38226 admin admin] Determining version of request: GET / Accept: application/json {{(pid=131534) process_request /opt/stack/glance/glance/api/middleware/version_negotiation.py:44}}
Jun 30 15:40:37 ubuntu devstack@g-api.service[131534]: DEBUG glance.api.middleware.version_negotiation [None req-18b9f299-5d1e-4fa4-9b8f-b3f056b38226 admin admin] Using url versioning {{(pid=131534) process_request /opt/stack/glance/glance/api/middleware/version_negotiation.py:57}}
Jun 30 15:40:37 ubuntu devstack@g-api.service[131534]: DEBUG glance.api.middleware.version_negotiation [None req-18b9f299-5d1e-4fa4-9b8f-b3f056b38226 admin admin] Unknown version. Returning version choices. {{(pid=131534) process_request /opt/stack/glance/glance/api/middleware/version_negotiation.py:64}}
Jun 30 15:40:37 ubuntu devstack@g-api.service[131534]: [pid: 131534|app: 0|req: 4/9] 127.0.0.1 () {34 vars in 506 bytes} [Thu Jun 30 15:40:37 2022] GET / => generated 1323 bytes in 4 msecs (HTTP/1.1 300) 3 headers in 106 bytes (1 switches on core 0)
Jun 30 15:40:37 ubuntu devstack@g-api.service[131536]: DEBUG glance.api.middleware.version_negotiation [None req-f5e736d0-5bf2-4e01-a01e-661f8b49f0b4 admin admin] Determining version of request: GET /v2/images/63b0b5b7-61af-452e-ac2e-8d6543359c33 Accept: */* {{(pid=131536) process_request /opt/stack/glance/glance/api/middleware/version_negotiation.py:44}}
Jun 30 15:40:37 ubuntu devstack@g-api.service[131536]: DEBUG glance.api.middleware.version_negotiation [None req-f5e736d0-5bf2-4e01-a01e-661f8b49f0b4 admin admin] Using url versioning {{(pid=131536) process_request /opt/stack/glance/glance/api/middleware/version_negotiation.py:57}}
Jun 30 15:40:37 ubuntu devstack@g-api.service[131536]: DEBUG glance.api.middleware.version_negotiation [None req-f5e736d0-5bf2-4e01-a01e-661f8b49f0b4 admin admin] Matched version: v2 {{(pid=131536) process_request /opt/stack/glance/glance/api/middleware/version_negotiation.py:69}}
Jun 30 15:40:37 ubuntu devstack@g-api.service[131536]: DEBUG glance.api.middleware.version_negotiation [None req-f5e736d0-5bf2-4e01-a01e-661f8b49f0b4 admin admin] new path /v2/images/63b0b5b7-61af-452e-ac2e-8d6543359c33 {{(pid=131536) process_request /opt/stack/glance/glance/api/middleware/version_negotiation.py:70}}
Jun 30 15:40:37 ubuntu devstack@g-api.service[131536]: [pid: 131536|app: 0|req: 6/10] 127.0.0.1 () {36 vars in 789 bytes} [Thu Jun 30 15:40:37 2022] GET /v2/images/63b0b5b7-61af-452e-ac2e-8d6543359c33 => generated 976 bytes in 57 msecs (HTTP/1.1 200) 4 headers in 157 bytes (1 switches on core 0)
Jun 30 15:40:47 ubuntu devstack@g-api.service[131536]: DEBUG dbcounter [-] [131536] Writing DB stats glance:SELECT=10 {{(pid=131536) stat_writer /usr/local/lib/python3.8/dist-packages/dbcounter.py:114}}
Jun 30 15:42:50 ubuntu devstack@g-api.service[131534]: DEBUG glance.api.middleware.version_negotiation [None req-18b9f299-5d1e-4fa4-9b8f-b3f056b38226 admin admin] Determining version of request: GET /v1 Accept: application/json {{(pid=131534) process_request /opt/stack/glance/glance/api/middleware/version_negotiation.py:44}}
Jun 30 15:42:50 ubuntu devstack@g-api.service[131534]: DEBUG glance.api.middleware.version_negotiation [None req-18b9f299-5d1e-4fa4-9b8f-b3f056b38226 admin admin] Using url versioning {{(pid=131534) process_request /opt/stack/glance/glance/api/middleware/version_negotiation.py:57}}
Jun 30 15:42:50 ubuntu devstack@g-api.service[131534]: DEBUG glance.api.middleware.version_negotiation [None req-18b9f299-5d1e-4fa4-9b8f-b3f056b38226 admin admin] Unknown version. Returning version choices. {{(pid=131534) process_request /opt/stack/glance/glance/api/middleware/version_negotiation.py:64}}
Jun 30 15:42:50 ubuntu devstack@g-api.service[131534]: [pid: 131534|app: 0|req: 5/11] 127.0.0.1 () {38 vars in 685 bytes} [Thu Jun 30 15:42:50 2022] GET /v1 => generated 1323 bytes in 6 msecs (HTTP/1.1 300) 3 headers in 106 bytes (1 switches on core 0)
Jun 30 15:44:30 ubuntu devstack@g-api.service[131534]: DEBUG oslo_concurrency.lockutils [-] Acquired lock "glance-cache" {{(pid=131534) lock /usr/local/lib/python3.8/dist-packages/oslo_concurrency/lockutils.py:294}}
Jun 30 15:44:30 ubuntu devstack@g-api.service[131534]: DEBUG oslo_concurrency.lockutils [-] Acquired external semaphore "glance-cache" {{(pid=131534) lock /usr/local/lib/python3.8/dist-packages/oslo_concurrency/lockutils.py:302}}
Jun 30 15:44:30 ubuntu devstack@g-api.service[131534]: DEBUG glance.image_cache.prefetcher [-] Nothing to prefetch. {{(pid=131534) run /opt/stack/glance/glance/image_cache/prefetcher.py:79}}
Jun 30 15:44:30 ubuntu devstack@g-api.service[131534]: DEBUG oslo_concurrency.lockutils [-] Releasing lock "glance-cache" {{(pid=131534) lock /usr/local/lib/python3.8/dist-packages/oslo_concurrency/lockutils.py:312}}
Jun 30 15:44:30 ubuntu devstack@g-api.service[131536]: DEBUG oslo_concurrency.lockutils [-] Acquired lock "glance-cache" {{(pid=131536) lock /usr/local/lib/python3.8/dist-packages/oslo_concurrency/lockutils.py:294}}
Jun 30 15:44:30 ubuntu devstack@g-api.service[131536]: DEBUG oslo_concurrency.lockutils [-] Acquired external semaphore "glance-cache" {{(pid=131536) lock /usr/local/lib/python3.8/dist-packages/oslo_concurrency/lockutils.py:302}}
Jun 30 15:44:30 ubuntu devstack@g-api.service[131536]: DEBUG glance.image_cache.prefetcher [-] Nothing to prefetch. {{(pid=131536) run /opt/stack/glance/glance/image_cache/prefetcher.py:79}}
Jun 30 15:44:30 ubuntu devstack@g-api.service[131536]: DEBUG oslo_concurrency.lockutils [-] Releasing lock "glance-cache" {{(pid=131536) lock /usr/local/lib/python3.8/dist-packages/oslo_concurrency/lockutils.py:312}}
Jun 30 15:45:12 ubuntu devstack@g-api.service[131536]: DEBUG glance.api.middleware.version_negotiation [None req-02018a19-36a4-4c29-a9dc-710d9f5e1664 admin admin] Determining version of request: GET /versions Accept: */* {{(pid=131536) process_request /opt/stack/glance/glance/api/middleware/version_negotiation.py:44}}
Jun 30 15:45:12 ubuntu devstack@g-api.service[131536]: [pid: 131536|app: 0|req: 7/12] 127.0.0.1 () {38 vars in 695 bytes} [Thu Jun 30 15:45:12 2022] GET /versions => generated 1323 bytes in 8 msecs (HTTP/1.1 200) 3 headers in 92 bytes (1 switches on core 0)
Jun 30 15:45:12 ubuntu devstack@g-api.service[131534]: DEBUG glance.api.middleware.version_negotiation [None req-18b9f299-5d1e-4fa4-9b8f-b3f056b38226 admin admin] Determining version of request: GET /v2/schemas/image Accept: */* {{(pid=131534) process_request /opt/stack/glance/glance/api/middleware/version_negotiation.py:44}}
Jun 30 15:45:12 ubuntu devstack@g-api.service[131534]: DEBUG glance.api.middleware.version_negotiation [None req-18b9f299-5d1e-4fa4-9b8f-b3f056b38226 admin admin] Using url versioning {{(pid=131534) process_request /opt/stack/glance/glance/api/middleware/version_negotiation.py:57}}
Jun 30 15:45:12 ubuntu devstack@g-api.service[131534]: DEBUG glance.api.middleware.version_negotiation [None req-18b9f299-5d1e-4fa4-9b8f-b3f056b38226 admin admin] Matched version: v2 {{(pid=131534) process_request /opt/stack/glance/glance/api/middleware/version_negotiation.py:69}}
Jun 30 15:45:12 ubuntu devstack@g-api.service[131534]: DEBUG glance.api.middleware.version_negotiation [None req-18b9f299-5d1e-4fa4-9b8f-b3f056b38226 admin admin] new path /v2/schemas/image {{(pid=131534) process_request /opt/stack/glance/glance/api/middleware/version_negotiation.py:70}}
Jun 30 15:45:12 ubuntu devstack@g-api.service[131534]: [pid: 131534|app: 0|req: 6/13] 127.0.0.1 () {38 vars in 711 bytes} [Thu Jun 30 15:45:12 2022] GET /v2/schemas/image => generated 6083 bytes in 106 msecs (HTTP/1.1 200) 4 headers in 158 bytes (1 switches on core 0)
Jun 30 15:45:12 ubuntu devstack@g-api.service[131536]: DEBUG glance.api.middleware.version_negotiation [None req-02018a19-36a4-4c29-a9dc-710d9f5e1664 admin admin] Determining version of request: GET /v2/schemas/metadefs/namespace Accept: */* {{(pid=131536) process_request /opt/stack/glance/glance/api/middleware/version_negotiation.py:44}}
Jun 30 15:45:12 ubuntu devstack@g-api.service[131536]: DEBUG glance.api.middleware.version_negotiation [None req-02018a19-36a4-4c29-a9dc-710d9f5e1664 admin admin] Using url versioning {{(pid=131536) process_request /opt/stack/glance/glance/api/middleware/version_negotiation.py:57}}
Jun 30 15:45:12 ubuntu devstack@g-api.service[131536]: DEBUG glance.api.middleware.version_negotiation [None req-02018a19-36a4-4c29-a9dc-710d9f5e1664 admin admin] Matched version: v2 {{(pid=131536) process_request /opt/stack/glance/glance/api/middleware/version_negotiation.py:69}}
Jun 30 15:45:12 ubuntu devstack@g-api.service[131536]: DEBUG glance.api.middleware.version_negotiation [None req-02018a19-36a4-4c29-a9dc-710d9f5e1664 admin admin] new path /v2/schemas/metadefs/namespace {{(pid=131536) process_request /opt/stack/glance/glance/api/middleware/version_negotiation.py:70}}
Jun 30 15:45:12 ubuntu devstack@g-api.service[131536]: [pid: 131536|app: 0|req: 8/14] 127.0.0.1 () {38 vars in 737 bytes} [Thu Jun 30 15:45:12 2022] GET /v2/schemas/metadefs/namespace => generated 3100 bytes in 8 msecs (HTTP/1.1 200) 4 headers in 158 bytes (1 switches on core 0)
Jun 30 15:45:12 ubuntu devstack@g-api.service[131534]: DEBUG glance.api.middleware.version_negotiation [None req-90294071-b866-4635-bc21-3498a6ff4a60 admin admin] Determining version of request: GET /v2/schemas/metadefs/resource_type Accept: */* {{(pid=131534) process_request /opt/stack/glance/glance/api/middleware/version_negotiation.py:44}}
Jun 30 15:45:12 ubuntu devstack@g-api.service[131534]: DEBUG glance.api.middleware.version_negotiation [None req-90294071-b866-4635-bc21-3498a6ff4a60 admin admin] Using url versioning {{(pid=131534) process_request /opt/stack/glance/glance/api/middleware/version_negotiation.py:57}}
Jun 30 15:45:12 ubuntu devstack@g-api.service[131534]: DEBUG glance.api.middleware.version_negotiation [None req-90294071-b866-4635-bc21-3498a6ff4a60 admin admin] Matched version: v2 {{(pid=131534) process_request /opt/stack/glance/glance/api/middleware/version_negotiation.py:69}}
Jun 30 15:45:12 ubuntu devstack@g-api.service[131534]: DEBUG glance.api.middleware.version_negotiation [None req-90294071-b866-4635-bc21-3498a6ff4a60 admin admin] new path /v2/schemas/metadefs/resource_type {{(pid=131534) process_request /opt/stack/glance/glance/api/middleware/version_negotiation.py:70}}
Jun 30 15:45:12 ubuntu devstack@g-api.service[131534]: [pid: 131534|app: 0|req: 7/15] 127.0.0.1 () {38 vars in 745 bytes} [Thu Jun 30 15:45:12 2022] GET /v2/schemas/metadefs/resource_type => generated 1262 bytes in 6 msecs (HTTP/1.1 200) 4 headers in 158 bytes (1 switches on core 0)
Jun 30 15:45:12 ubuntu devstack@g-api.service[131536]: DEBUG glance.api.middleware.version_negotiation [None req-795a142b-eff9-4509-b982-aac8cb2f28d1 admin admin] Determining version of request: GET /v2/images Accept: */* {{(pid=131536) process_request /opt/stack/glance/glance/api/middleware/version_negotiation.py:44}}
Jun 30 15:45:12 ubuntu devstack@g-api.service[131536]: DEBUG glance.api.middleware.version_negotiation [None req-795a142b-eff9-4509-b982-aac8cb2f28d1 admin admin] Using url versioning {{(pid=131536) process_request /opt/stack/glance/glance/api/middleware/version_negotiation.py:57}}
Jun 30 15:45:12 ubuntu devstack@g-api.service[131536]: DEBUG glance.api.middleware.version_negotiation [None req-795a142b-eff9-4509-b982-aac8cb2f28d1 admin admin] Matched version: v2 {{(pid=131536) process_request /opt/stack/glance/glance/api/middleware/version_negotiation.py:69}}
Jun 30 15:45:12 ubuntu devstack@g-api.service[131536]: DEBUG glance.api.middleware.version_negotiation [None req-795a142b-eff9-4509-b982-aac8cb2f28d1 admin admin] new path /v2/images {{(pid=131536) process_request /opt/stack/glance/glance/api/middleware/version_negotiation.py:70}}
Jun 30 15:45:12 ubuntu devstack@g-api.service[131536]: [pid: 131536|app: 0|req: 9/16] 127.0.0.1 () {38 vars in 768 bytes} [Thu Jun 30 15:45:12 2022] GET /v2/images?limit=20&sort_key=name&sort_dir=asc => generated 1081 bytes in 76 msecs (HTTP/1.1 200) 4 headers in 158 bytes (1 switches on core 0)
Jun 30 15:45:12 ubuntu devstack@g-api.service[131534]: DEBUG glance.api.middleware.version_negotiation [None req-6b06b9d8-990f-46b0-a5d8-e3fe76515b37 admin admin] Determining version of request: GET /v2/schemas/image Accept: */* {{(pid=131534) process_request /opt/stack/glance/glance/api/middleware/version_negotiation.py:44}}
Jun 30 15:45:12 ubuntu devstack@g-api.service[131534]: DEBUG glance.api.middleware.version_negotiation [None req-6b06b9d8-990f-46b0-a5d8-e3fe76515b37 admin admin] Using url versioning {{(pid=131534) process_request /opt/stack/glance/glance/api/middleware/version_negotiation.py:57}}
Jun 30 15:45:12 ubuntu devstack@g-api.service[131534]: DEBUG glance.api.middleware.version_negotiation [None req-6b06b9d8-990f-46b0-a5d8-e3fe76515b37 admin admin] Matched version: v2 {{(pid=131534) process_request /opt/stack/glance/glance/api/middleware/version_negotiation.py:69}}
Jun 30 15:45:12 ubuntu devstack@g-api.service[131534]: DEBUG glance.api.middleware.version_negotiation [None req-6b06b9d8-990f-46b0-a5d8-e3fe76515b37 admin admin] new path /v2/schemas/image {{(pid=131534) process_request /opt/stack/glance/glance/api/middleware/version_negotiation.py:70}}
Jun 30 15:45:13 ubuntu devstack@g-api.service[131534]: [pid: 131534|app: 0|req: 8/17] 127.0.0.1 () {38 vars in 711 bytes} [Thu Jun 30 15:45:12 2022] GET /v2/schemas/image => generated 6083 bytes in 8 msecs (HTTP/1.1 200) 4 headers in 158 bytes (1 switches on core 0)
Jun 30 15:45:22 ubuntu devstack@g-api.service[131536]: DEBUG dbcounter [-] [131536] Writing DB stats glance:SELECT=2 {{(pid=131536) stat_writer /usr/local/lib/python3.8/dist-packages/dbcounter.py:114}}
Jun 30 15:45:26 ubuntu devstack@g-api.service[131536]: DEBUG glance.api.middleware.version_negotiation [None req-7d010a42-09e6-4382-add7-f629b1166e5f admin admin] Determining version of request: GET / Accept: application/json {{(pid=131536) process_request /opt/stack/glance/glance/api/middleware/version_negotiation.py:44}}
Jun 30 15:45:26 ubuntu devstack@g-api.service[131536]: DEBUG glance.api.middleware.version_negotiation [None req-7d010a42-09e6-4382-add7-f629b1166e5f admin admin] Using url versioning {{(pid=131536) process_request /opt/stack/glance/glance/api/middleware/version_negotiation.py:57}}
Jun 30 15:45:26 ubuntu devstack@g-api.service[131536]: DEBUG glance.api.middleware.version_negotiation [None req-7d010a42-09e6-4382-add7-f629b1166e5f admin admin] Unknown version. Returning version choices. {{(pid=131536) process_request /opt/stack/glance/glance/api/middleware/version_negotiation.py:64}}
Jun 30 15:45:26 ubuntu devstack@g-api.service[131536]: [pid: 131536|app: 0|req: 10/18] 127.0.0.1 () {34 vars in 492 bytes} [Thu Jun 30 15:45:26 2022] GET / => generated 1323 bytes in 6 msecs (HTTP/1.1 300) 3 headers in 106 bytes (1 switches on core 0)
Jun 30 15:45:26 ubuntu devstack@g-api.service[131534]: DEBUG glance.api.middleware.version_negotiation [None req-0486fc46-b571-4e09-9d2b-4dfe7b201d9b admin admin] Determining version of request: GET /v2/images/63b0b5b7-61af-452e-ac2e-8d6543359c33 Accept: */* {{(pid=131534) process_request /opt/stack/glance/glance/api/middleware/version_negotiation.py:44}}
Jun 30 15:45:26 ubuntu devstack@g-api.service[131534]: DEBUG glance.api.middleware.version_negotiation [None req-0486fc46-b571-4e09-9d2b-4dfe7b201d9b admin admin] Using url versioning {{(pid=131534) process_request /opt/stack/glance/glance/api/middleware/version_negotiation.py:57}}
Jun 30 15:45:26 ubuntu devstack@g-api.service[131534]: DEBUG glance.api.middleware.version_negotiation [None req-0486fc46-b571-4e09-9d2b-4dfe7b201d9b admin admin] Matched version: v2 {{(pid=131534) process_request /opt/stack/glance/glance/api/middleware/version_negotiation.py:69}}
Jun 30 15:45:26 ubuntu devstack@g-api.service[131534]: DEBUG glance.api.middleware.version_negotiation [None req-0486fc46-b571-4e09-9d2b-4dfe7b201d9b admin admin] new path /v2/images/63b0b5b7-61af-452e-ac2e-8d6543359c33 {{(pid=131534) process_request /opt/stack/glance/glance/api/middleware/version_negotiation.py:70}}
Jun 30 15:45:26 ubuntu devstack@g-api.service[131534]: WARNING keystonemiddleware.auth_token [None req-0486fc46-b571-4e09-9d2b-4dfe7b201d9b admin admin] A valid token was submitted as a service token, but it was not a valid service token. This is incorrect but backwards compatible behaviour. This will be removed in future releases.
Jun 30 15:45:26 ubuntu devstack@g-api.service[131534]: [pid: 131534|app: 0|req: 9/19] 127.0.0.1 () {42 vars in 1049 bytes} [Thu Jun 30 15:45:26 2022] GET /v2/images/63b0b5b7-61af-452e-ac2e-8d6543359c33 => generated 976 bytes in 119 msecs (HTTP/1.1 200) 4 headers in 157 bytes (1 switches on core 0)
Jun 30 15:45:26 ubuntu devstack@g-api.service[131536]: DEBUG glance.api.middleware.version_negotiation [None req-7d010a42-09e6-4382-add7-f629b1166e5f admin admin] Determining version of request: GET /v2/schemas/image Accept: */* {{(pid=131536) process_request /opt/stack/glance/glance/api/middleware/version_negotiation.py:44}}
Jun 30 15:45:26 ubuntu devstack@g-api.service[131536]: DEBUG glance.api.middleware.version_negotiation [None req-7d010a42-09e6-4382-add7-f629b1166e5f admin admin] Using url versioning {{(pid=131536) process_request /opt/stack/glance/glance/api/middleware/version_negotiation.py:57}}
Jun 30 15:45:26 ubuntu devstack@g-api.service[131536]: DEBUG glance.api.middleware.version_negotiation [None req-7d010a42-09e6-4382-add7-f629b1166e5f admin admin] Matched version: v2 {{(pid=131536) process_request /opt/stack/glance/glance/api/middleware/version_negotiation.py:69}}
Jun 30 15:45:26 ubuntu devstack@g-api.service[131536]: DEBUG glance.api.middleware.version_negotiation [None req-7d010a42-09e6-4382-add7-f629b1166e5f admin admin] new path /v2/schemas/image {{(pid=131536) process_request /opt/stack/glance/glance/api/middleware/version_negotiation.py:70}}
Jun 30 15:45:26 ubuntu devstack@g-api.service[131536]: WARNING keystonemiddleware.auth_token [None req-7d010a42-09e6-4382-add7-f629b1166e5f admin admin] A valid token was submitted as a service token, but it was not a valid service token. This is incorrect but backwards compatible behaviour. This will be removed in future releases.
Jun 30 15:45:26 ubuntu devstack@g-api.service[131536]: [pid: 131536|app: 0|req: 11/20] 127.0.0.1 () {42 vars in 989 bytes} [Thu Jun 30 15:45:26 2022] GET /v2/schemas/image => generated 6083 bytes in 9 msecs (HTTP/1.1 200) 4 headers in 158 bytes (1 switches on core 0)
Jun 30 15:45:28 ubuntu devstack@g-api.service[131534]: DEBUG glance.api.middleware.version_negotiation [None req-a1ec6e88-8d42-4b61-9f1b-ecd45f842ebd tempest-VolumesAdminNegativeTest-1067786917 tempest-VolumesAdminNegativeTest-1067786917-project] Determining version of request: GET /v2/images/63b0b5b7-61af-452e-ac2e-8d6543359c33 Accept: */* {{(pid=131534) process_request /opt/stack/glance/glance/api/middleware/version_negotiation.py:44}}
Jun 30 15:45:28 ubuntu devstack@g-api.service[131534]: DEBUG glance.api.middleware.version_negotiation [None req-a1ec6e88-8d42-4b61-9f1b-ecd45f842ebd tempest-VolumesAdminNegativeTest-1067786917 tempest-VolumesAdminNegativeTest-1067786917-project] Using url versioning {{(pid=131534) process_request /opt/stack/glance/glance/api/middleware/version_negotiation.py:57}}
Jun 30 15:45:28 ubuntu devstack@g-api.service[131534]: DEBUG glance.api.middleware.version_negotiation [None req-a1ec6e88-8d42-4b61-9f1b-ecd45f842ebd tempest-VolumesAdminNegativeTest-1067786917 tempest-VolumesAdminNegativeTest-1067786917-project] Matched version: v2 {{(pid=131534) process_request /opt/stack/glance/glance/api/middleware/version_negotiation.py:69}}
Jun 30 15:45:28 ubuntu devstack@g-api.service[131534]: DEBUG glance.api.middleware.version_negotiation [None req-a1ec6e88-8d42-4b61-9f1b-ecd45f842ebd tempest-VolumesAdminNegativeTest-1067786917 tempest-VolumesAdminNegativeTest-1067786917-project] new path /v2/images/63b0b5b7-61af-452e-ac2e-8d6543359c33 {{(pid=131534) process_request /opt/stack/glance/glance/api/middleware/version_negotiation.py:70}}
Jun 30 15:45:28 ubuntu devstack@g-api.service[131534]: [pid: 131534|app: 0|req: 10/21] 127.0.0.1 () {42 vars in 1049 bytes} [Thu Jun 30 15:45:28 2022] GET /v2/images/63b0b5b7-61af-452e-ac2e-8d6543359c33 => generated 976 bytes in 19 msecs (HTTP/1.1 200) 4 headers in 157 bytes (1 switches on core 0)
Jun 30 15:45:28 ubuntu devstack@g-api.service[131536]: DEBUG glance.api.middleware.version_negotiation [None req-a1ec6e88-8d42-4b61-9f1b-ecd45f842ebd tempest-VolumesAdminNegativeTest-1067786917 tempest-VolumesAdminNegativeTest-1067786917-project] Determining version of request: GET /v2/images/63b0b5b7-61af-452e-ac2e-8d6543359c33/file Accept: */* {{(pid=131536) process_request /opt/stack/glance/glance/api/middleware/version_negotiation.py:44}}
Jun 30 15:45:28 ubuntu devstack@g-api.service[131536]: DEBUG glance.api.middleware.version_negotiation [None req-a1ec6e88-8d42-4b61-9f1b-ecd45f842ebd tempest-VolumesAdminNegativeTest-1067786917 tempest-VolumesAdminNegativeTest-1067786917-project] Using url versioning {{(pid=131536) process_request /opt/stack/glance/glance/api/middleware/version_negotiation.py:57}}
Jun 30 15:45:28 ubuntu devstack@g-api.service[131536]: DEBUG glance.api.middleware.version_negotiation [None req-a1ec6e88-8d42-4b61-9f1b-ecd45f842ebd tempest-VolumesAdminNegativeTest-1067786917 tempest-VolumesAdminNegativeTest-1067786917-project] Matched version: v2 {{(pid=131536) process_request /opt/stack/glance/glance/api/middleware/version_negotiation.py:69}}
Jun 30 15:45:28 ubuntu devstack@g-api.service[131536]: DEBUG glance.api.middleware.version_negotiation [None req-a1ec6e88-8d42-4b61-9f1b-ecd45f842ebd tempest-VolumesAdminNegativeTest-1067786917 tempest-VolumesAdminNegativeTest-1067786917-project] new path /v2/images/63b0b5b7-61af-452e-ac2e-8d6543359c33/file {{(pid=131536) process_request /opt/stack/glance/glance/api/middleware/version_negotiation.py:70}}
Jun 30 15:45:28 ubuntu devstack@g-api.service[131536]: DEBUG glance_store.backend [None req-a1ec6e88-8d42-4b61-9f1b-ecd45f842ebd tempest-VolumesAdminNegativeTest-1067786917 tempest-VolumesAdminNegativeTest-1067786917-project] Attempting to import store swift {{(pid=131536) _load_store /usr/local/lib/python3.8/dist-packages/glance_store/backend.py:217}}
Jun 30 15:45:28 ubuntu devstack@g-api.service[131536]: DEBUG glance_store.capabilities [None req-a1ec6e88-8d42-4b61-9f1b-ecd45f842ebd tempest-VolumesAdminNegativeTest-1067786917 tempest-VolumesAdminNegativeTest-1067786917-project] Store glance_store._drivers.swift.store.SingleTenantStore doesn't support updating dynamic storage capabilities. Please overwrite 'update_capabilities' method of the store to implement updating logics if needed. {{(pid=131536) update_capabilities /usr/local/lib/python3.8/dist-packages/glance_store/capabilities.py:91}}
Jun 30 15:45:28 ubuntu devstack@g-api.service[131536]: DEBUG glance_store.driver [None req-a1ec6e88-8d42-4b61-9f1b-ecd45f842ebd tempest-VolumesAdminNegativeTest-1067786917 tempest-VolumesAdminNegativeTest-1067786917-project] Late loading location class glance_store._drivers.swift.store.StoreLocation {{(pid=131536) get_store_location_class /usr/local/lib/python3.8/dist-packages/glance_store/driver.py:117}}
Jun 30 15:45:28 ubuntu devstack@g-api.service[131536]: DEBUG glance_store.location [None req-a1ec6e88-8d42-4b61-9f1b-ecd45f842ebd tempest-VolumesAdminNegativeTest-1067786917 tempest-VolumesAdminNegativeTest-1067786917-project] Registering scheme swift+https with {'store': <glance_store._drivers.swift.store.SingleTenantStore object at 0x7f7052779b20>, 'location_class': <class 'glance_store._drivers.swift.store.StoreLocation'>, 'store_entry': 'swift'} {{(pid=131536) register_scheme_map /usr/local/lib/python3.8/dist-packages/glance_store/location.py:146}}
Jun 30 15:45:28 ubuntu devstack@g-api.service[131536]: DEBUG glance_store.location [None req-a1ec6e88-8d42-4b61-9f1b-ecd45f842ebd tempest-VolumesAdminNegativeTest-1067786917 tempest-VolumesAdminNegativeTest-1067786917-project] Registering scheme swift+https with {'store': <glance_store._drivers.swift.store.SingleTenantStore object at 0x7f7052779b20>, 'location_class': <class 'glance_store._drivers.swift.store.StoreLocation'>, 'store_entry': 'swift'} {{(pid=131536) register_scheme_map /usr/local/lib/python3.8/dist-packages/glance_store/location.py:146}}
Jun 30 15:45:28 ubuntu devstack@g-api.service[131536]: DEBUG glance_store.location [None req-a1ec6e88-8d42-4b61-9f1b-ecd45f842ebd tempest-VolumesAdminNegativeTest-1067786917 tempest-VolumesAdminNegativeTest-1067786917-project] Registering scheme swift with {'store': <glance_store._drivers.swift.store.SingleTenantStore object at 0x7f7052779b20>, 'location_class': <class 'glance_store._drivers.swift.store.StoreLocation'>, 'store_entry': 'swift'} {{(pid=131536) register_scheme_map /usr/local/lib/python3.8/dist-packages/glance_store/location.py:146}}
Jun 30 15:45:28 ubuntu devstack@g-api.service[131536]: DEBUG glance_store.location [None req-a1ec6e88-8d42-4b61-9f1b-ecd45f842ebd tempest-VolumesAdminNegativeTest-1067786917 tempest-VolumesAdminNegativeTest-1067786917-project] Registering scheme swift+https with {'store': <glance_store._drivers.swift.store.SingleTenantStore object at 0x7f7052779b20>, 'location_class': <class 'glance_store._drivers.swift.store.StoreLocation'>, 'store_entry': 'swift'} {{(pid=131536) register_scheme_map /usr/local/lib/python3.8/dist-packages/glance_store/location.py:146}}
Jun 30 15:45:28 ubuntu devstack@g-api.service[131536]: DEBUG glance_store.location [None req-a1ec6e88-8d42-4b61-9f1b-ecd45f842ebd tempest-VolumesAdminNegativeTest-1067786917 tempest-VolumesAdminNegativeTest-1067786917-project] Registering scheme swift with {'store': <glance_store._drivers.swift.store.SingleTenantStore object at 0x7f7052779b20>, 'location_class': <class 'glance_store._drivers.swift.store.StoreLocation'>, 'store_entry': 'swift'} {{(pid=131536) register_scheme_map /usr/local/lib/python3.8/dist-packages/glance_store/location.py:146}}
Jun 30 15:45:28 ubuntu devstack@g-api.service[131536]: DEBUG glance_store.location [None req-a1ec6e88-8d42-4b61-9f1b-ecd45f842ebd tempest-VolumesAdminNegativeTest-1067786917 tempest-VolumesAdminNegativeTest-1067786917-project] Registering scheme swift+http with {'store': <glance_store._drivers.swift.store.SingleTenantStore object at 0x7f7052779b20>, 'location_class': <class 'glance_store._drivers.swift.store.StoreLocation'>, 'store_entry': 'swift'} {{(pid=131536) register_scheme_map /usr/local/lib/python3.8/dist-packages/glance_store/location.py:146}}
Jun 30 15:45:28 ubuntu devstack@g-api.service[131536]: DEBUG glance_store.location [None req-a1ec6e88-8d42-4b61-9f1b-ecd45f842ebd tempest-VolumesAdminNegativeTest-1067786917 tempest-VolumesAdminNegativeTest-1067786917-project] Registering scheme swift+https with {'store': <glance_store._drivers.swift.store.SingleTenantStore object at 0x7f7052779b20>, 'location_class': <class 'glance_store._drivers.swift.store.StoreLocation'>, 'store_entry': 'swift'} {{(pid=131536) register_scheme_map /usr/local/lib/python3.8/dist-packages/glance_store/location.py:146}}
Jun 30 15:45:28 ubuntu devstack@g-api.service[131536]: DEBUG glance_store.location [None req-a1ec6e88-8d42-4b61-9f1b-ecd45f842ebd tempest-VolumesAdminNegativeTest-1067786917 tempest-VolumesAdminNegativeTest-1067786917-project] Registering scheme swift with {'store': <glance_store._drivers.swift.store.SingleTenantStore object at 0x7f7052779b20>, 'location_class': <class 'glance_store._drivers.swift.store.StoreLocation'>, 'store_entry': 'swift'} {{(pid=131536) register_scheme_map /usr/local/lib/python3.8/dist-packages/glance_store/location.py:146}}
Jun 30 15:45:28 ubuntu devstack@g-api.service[131536]: DEBUG glance_store.location [None req-a1ec6e88-8d42-4b61-9f1b-ecd45f842ebd tempest-VolumesAdminNegativeTest-1067786917 tempest-VolumesAdminNegativeTest-1067786917-project] Registering scheme swift+http with {'store': <glance_store._drivers.swift.store.SingleTenantStore object at 0x7f7052779b20>, 'location_class': <class 'glance_store._drivers.swift.store.StoreLocation'>, 'store_entry': 'swift'} {{(pid=131536) register_scheme_map /usr/local/lib/python3.8/dist-packages/glance_store/location.py:146}}
Jun 30 15:45:28 ubuntu devstack@g-api.service[131536]: DEBUG glance_store.location [None req-a1ec6e88-8d42-4b61-9f1b-ecd45f842ebd tempest-VolumesAdminNegativeTest-1067786917 tempest-VolumesAdminNegativeTest-1067786917-project] Registering scheme swift+config with {'store': <glance_store._drivers.swift.store.SingleTenantStore object at 0x7f7052779b20>, 'location_class': <class 'glance_store._drivers.swift.store.StoreLocation'>, 'store_entry': 'swift'} {{(pid=131536) register_scheme_map /usr/local/lib/python3.8/dist-packages/glance_store/location.py:146}}
Jun 30 15:45:28 ubuntu devstack@g-api.service[131536]: DEBUG swiftclient [None req-a1ec6e88-8d42-4b61-9f1b-ecd45f842ebd tempest-VolumesAdminNegativeTest-1067786917 tempest-VolumesAdminNegativeTest-1067786917-project] REQ: curl -i http://192.168.79.39:8080/v1/AUTH_f6920375a98d4392986f58a65b1cd8ef/glance/63b0b5b7-61af-452e-ac2e-8d6543359c33 -X GET -H "X-Auth-Token: gAAAAABivcUYHgBt..." {{(pid=131536) http_log /usr/local/lib/python3.8/dist-packages/swiftclient/client.py:157}}
Jun 30 15:45:28 ubuntu devstack@g-api.service[131536]: DEBUG swiftclient [None req-a1ec6e88-8d42-4b61-9f1b-ecd45f842ebd tempest-VolumesAdminNegativeTest-1067786917 tempest-VolumesAdminNegativeTest-1067786917-project] RESP STATUS: 200 OK {{(pid=131536) http_log /usr/local/lib/python3.8/dist-packages/swiftclient/client.py:158}}
Jun 30 15:45:28 ubuntu devstack@g-api.service[131536]: DEBUG swiftclient [None req-a1ec6e88-8d42-4b61-9f1b-ecd45f842ebd tempest-VolumesAdminNegativeTest-1067786917 tempest-VolumesAdminNegativeTest-1067786917-project] RESP HEADERS: {'Content-Type': 'application/octet-stream', 'Etag': '1d3062cd89af34e419f7100277f38b2b', 'Last-Modified': 'Thu, 30 Jun 2022 15:39:48 GMT', 'X-Timestamp': '1656603587.47243', 'Accept-Ranges': 'bytes', 'Content-Length': '16338944', 'X-Trans-Id': 'txfae0d4fe7f8941bfa74bf-0062bdc518', 'X-Openstack-Request-Id': 'txfae0d4fe7f8941bfa74bf-0062bdc518', 'Date': 'Thu, 30 Jun 2022 15:45:28 GMT'} {{(pid=131536) http_log /usr/local/lib/python3.8/dist-packages/swiftclient/client.py:159}}
Jun 30 15:45:28 ubuntu devstack@g-api.service[131536]: DEBUG glance.image_cache [None req-a1ec6e88-8d42-4b61-9f1b-ecd45f842ebd tempest-VolumesAdminNegativeTest-1067786917 tempest-VolumesAdminNegativeTest-1067786917-project] Tee'ing image '63b0b5b7-61af-452e-ac2e-8d6543359c33' into cache {{(pid=131536) get_caching_iter /opt/stack/glance/glance/image_cache/__init__.py:343}}
Jun 30 15:45:28 ubuntu devstack@g-api.service[131536]: DEBUG glance.image_cache.drivers.sqlite [None req-a1ec6e88-8d42-4b61-9f1b-ecd45f842ebd tempest-VolumesAdminNegativeTest-1067786917 tempest-VolumesAdminNegativeTest-1067786917-project] Fetch finished, moving '/opt/stack/data/glance/cache/incomplete/63b0b5b7-61af-452e-ac2e-8d6543359c33' to '/opt/stack/data/glance/cache/63b0b5b7-61af-452e-ac2e-8d6543359c33' {{(pid=131536) commit /opt/stack/glance/glance/image_cache/drivers/sqlite.py:324}}
Jun 30 15:45:28 ubuntu devstack@g-api.service[131536]: [pid: 131536|app: 0|req: 12/22] 127.0.0.1 () {42 vars in 1059 bytes} [Thu Jun 30 15:45:28 2022] GET /v2/images/63b0b5b7-61af-452e-ac2e-8d6543359c33/file => generated 16338944 bytes in 375 msecs (HTTP/1.1 200) 4 headers in 191 bytes (250 switches on core 0)
Jun 30 15:45:38 ubuntu devstack@g-api.service[131534]: DEBUG dbcounter [-] [131534] Writing DB stats glance:SELECT=8 {{(pid=131534) stat_writer /usr/local/lib/python3.8/dist-packages/dbcounter.py:114}}
Jun 30 15:45:38 ubuntu devstack@g-api.service[131536]: DEBUG dbcounter [-] [131536] Writing DB stats glance:SELECT=8 {{(pid=131536) stat_writer /usr/local/lib/python3.8/dist-packages/dbcounter.py:114}}
Jun 30 15:45:53 ubuntu devstack@g-api.service[131534]: DEBUG glance.api.middleware.version_negotiation [None req-a1ec6e88-8d42-4b61-9f1b-ecd45f842ebd tempest-VolumesAdminNegativeTest-1067786917 tempest-VolumesAdminNegativeTest-1067786917-project] Determining version of request: GET / Accept: application/json {{(pid=131534) process_request /opt/stack/glance/glance/api/middleware/version_negotiation.py:44}}
Jun 30 15:45:53 ubuntu devstack@g-api.service[131534]: DEBUG glance.api.middleware.version_negotiation [None req-a1ec6e88-8d42-4b61-9f1b-ecd45f842ebd tempest-VolumesAdminNegativeTest-1067786917 tempest-VolumesAdminNegativeTest-1067786917-project] Using url versioning {{(pid=131534) process_request /opt/stack/glance/glance/api/middleware/version_negotiation.py:57}}
Jun 30 15:45:53 ubuntu devstack@g-api.service[131534]: DEBUG glance.api.middleware.version_negotiation [None req-a1ec6e88-8d42-4b61-9f1b-ecd45f842ebd tempest-VolumesAdminNegativeTest-1067786917 tempest-VolumesAdminNegativeTest-1067786917-project] Unknown version. Returning version choices. {{(pid=131534) process_request /opt/stack/glance/glance/api/middleware/version_negotiation.py:64}}
Jun 30 15:45:53 ubuntu devstack@g-api.service[131534]: [pid: 131534|app: 0|req: 11/23] 127.0.0.1 () {34 vars in 492 bytes} [Thu Jun 30 15:45:53 2022] GET / => generated 1323 bytes in 3 msecs (HTTP/1.1 300) 3 headers in 106 bytes (1 switches on core 0)
Jun 30 15:45:53 ubuntu devstack@g-api.service[131536]: DEBUG glance.api.middleware.version_negotiation [None req-a1ec6e88-8d42-4b61-9f1b-ecd45f842ebd tempest-VolumesAdminNegativeTest-1067786917 tempest-VolumesAdminNegativeTest-1067786917-project] Determining version of request: GET /v2/images/63b0b5b7-61af-452e-ac2e-8d6543359c33 Accept: */* {{(pid=131536) process_request /opt/stack/glance/glance/api/middleware/version_negotiation.py:44}}
Jun 30 15:45:53 ubuntu devstack@g-api.service[131536]: DEBUG glance.api.middleware.version_negotiation [None req-a1ec6e88-8d42-4b61-9f1b-ecd45f842ebd tempest-VolumesAdminNegativeTest-1067786917 tempest-VolumesAdminNegativeTest-1067786917-project] Using url versioning {{(pid=131536) process_request /opt/stack/glance/glance/api/middleware/version_negotiation.py:57}}
Jun 30 15:45:53 ubuntu devstack@g-api.service[131536]: DEBUG glance.api.middleware.version_negotiation [None req-a1ec6e88-8d42-4b61-9f1b-ecd45f842ebd tempest-VolumesAdminNegativeTest-1067786917 tempest-VolumesAdminNegativeTest-1067786917-project] Matched version: v2 {{(pid=131536) process_request /opt/stack/glance/glance/api/middleware/version_negotiation.py:69}}
Jun 30 15:45:53 ubuntu devstack@g-api.service[131536]: DEBUG glance.api.middleware.version_negotiation [None req-a1ec6e88-8d42-4b61-9f1b-ecd45f842ebd tempest-VolumesAdminNegativeTest-1067786917 tempest-VolumesAdminNegativeTest-1067786917-project] new path /v2/images/63b0b5b7-61af-452e-ac2e-8d6543359c33 {{(pid=131536) process_request /opt/stack/glance/glance/api/middleware/version_negotiation.py:70}}
Jun 30 15:45:53 ubuntu devstack@g-api.service[131536]: [pid: 131536|app: 0|req: 13/24] 127.0.0.1 () {42 vars in 1049 bytes} [Thu Jun 30 15:45:53 2022] GET /v2/images/63b0b5b7-61af-452e-ac2e-8d6543359c33 => generated 976 bytes in 17 msecs (HTTP/1.1 200) 4 headers in 157 bytes (1 switches on core 0)
Jun 30 15:45:53 ubuntu devstack@g-api.service[131534]: DEBUG glance.api.middleware.version_negotiation [None req-a1ec6e88-8d42-4b61-9f1b-ecd45f842ebd tempest-VolumesAdminNegativeTest-1067786917 tempest-VolumesAdminNegativeTest-1067786917-project] Determining version of request: GET /v2/schemas/image Accept: */* {{(pid=131534) process_request /opt/stack/glance/glance/api/middleware/version_negotiation.py:44}}
Jun 30 15:45:53 ubuntu devstack@g-api.service[131534]: DEBUG glance.api.middleware.version_negotiation [None req-a1ec6e88-8d42-4b61-9f1b-ecd45f842ebd tempest-VolumesAdminNegativeTest-1067786917 tempest-VolumesAdminNegativeTest-1067786917-project] Using url versioning {{(pid=131534) process_request /opt/stack/glance/glance/api/middleware/version_negotiation.py:57}}
Jun 30 15:45:53 ubuntu devstack@g-api.service[131534]: DEBUG glance.api.middleware.version_negotiation [None req-a1ec6e88-8d42-4b61-9f1b-ecd45f842ebd tempest-VolumesAdminNegativeTest-1067786917 tempest-VolumesAdminNegativeTest-1067786917-project] Matched version: v2 {{(pid=131534) process_request /opt/stack/glance/glance/api/middleware/version_negotiation.py:69}}
Jun 30 15:45:53 ubuntu devstack@g-api.service[131534]: DEBUG glance.api.middleware.version_negotiation [None req-a1ec6e88-8d42-4b61-9f1b-ecd45f842ebd tempest-VolumesAdminNegativeTest-1067786917 tempest-VolumesAdminNegativeTest-1067786917-project] new path /v2/schemas/image {{(pid=131534) process_request /opt/stack/glance/glance/api/middleware/version_negotiation.py:70}}
Jun 30 15:45:53 ubuntu devstack@g-api.service[131534]: [pid: 131534|app: 0|req: 12/25] 127.0.0.1 () {42 vars in 989 bytes} [Thu Jun 30 15:45:53 2022] GET /v2/schemas/image => generated 6083 bytes in 5 msecs (HTTP/1.1 200) 4 headers in 158 bytes (1 switches on core 0)
Jun 30 15:46:03 ubuntu devstack@g-api.service[131536]: DEBUG dbcounter [-] [131536] Writing DB stats glance:SELECT=4 {{(pid=131536) stat_writer /usr/local/lib/python3.8/dist-packages/dbcounter.py:114}}
Jun 30 15:46:21 ubuntu devstack@g-api.service[131536]: DEBUG glance.api.middleware.version_negotiation [None req-aca64f56-dac0-48b2-8889-b0bd3beeb2b1 tempest-DeleteServersTestJSON-316981581 tempest-DeleteServersTestJSON-316981581-project] Determining version of request: GET /v2/images/63b0b5b7-61af-452e-ac2e-8d6543359c33 Accept: */* {{(pid=131536) process_request /opt/stack/glance/glance/api/middleware/version_negotiation.py:44}}
