Jun 09 17:22:01 ubuntu devstack@g-api.service[124029]: DEBUG glance_store.location [None req-8a5543dc-bd4d-45cb-946a-73a400bc2c72 tempest-VolumesActionsTest-1018493119 tempest-VolumesActionsTest-1018493119-project] Registering scheme swift with {'store': <glance_store._drivers.swift.store.SingleTenantStore object at 0x7fb2ba4047f0>, 'location_class': <class 'glance_store._drivers.swift.store.StoreLocation'>, 'store_entry': 'swift'} {{(pid=124029) register_scheme_map /usr/local/lib/python3.8/dist-packages/glance_store/location.py:146}}
Jun 09 17:22:01 ubuntu devstack@g-api.service[124029]: DEBUG glance_store.location [None req-8a5543dc-bd4d-45cb-946a-73a400bc2c72 tempest-VolumesActionsTest-1018493119 tempest-VolumesActionsTest-1018493119-project] Registering scheme swift+https with {'store': <glance_store._drivers.swift.store.SingleTenantStore object at 0x7fb2ba4047f0>, 'location_class': <class 'glance_store._drivers.swift.store.StoreLocation'>, 'store_entry': 'swift'} {{(pid=124029) register_scheme_map /usr/local/lib/python3.8/dist-packages/glance_store/location.py:146}}
Jun 09 17:22:01 ubuntu devstack@g-api.service[124029]: DEBUG glance_store.location [None req-8a5543dc-bd4d-45cb-946a-73a400bc2c72 tempest-VolumesActionsTest-1018493119 tempest-VolumesActionsTest-1018493119-project] Registering scheme swift with {'store': <glance_store._drivers.swift.store.SingleTenantStore object at 0x7fb2ba4047f0>, 'location_class': <class 'glance_store._drivers.swift.store.StoreLocation'>, 'store_entry': 'swift'} {{(pid=124029) register_scheme_map /usr/local/lib/python3.8/dist-packages/glance_store/location.py:146}}
Jun 09 17:22:01 ubuntu devstack@g-api.service[124029]: DEBUG glance_store.location [None req-8a5543dc-bd4d-45cb-946a-73a400bc2c72 tempest-VolumesActionsTest-1018493119 tempest-VolumesActionsTest-1018493119-project] Registering scheme swift+http with {'store': <glance_store._drivers.swift.store.SingleTenantStore object at 0x7fb2ba4047f0>, 'location_class': <class 'glance_store._drivers.swift.store.StoreLocation'>, 'store_entry': 'swift'} {{(pid=124029) register_scheme_map /usr/local/lib/python3.8/dist-packages/glance_store/location.py:146}}
Jun 09 17:22:01 ubuntu devstack@g-api.service[124029]: DEBUG glance_store.location [None req-8a5543dc-bd4d-45cb-946a-73a400bc2c72 tempest-VolumesActionsTest-1018493119 tempest-VolumesActionsTest-1018493119-project] Registering scheme swift+https with {'store': <glance_store._drivers.swift.store.SingleTenantStore object at 0x7fb2ba4047f0>, 'location_class': <class 'glance_store._drivers.swift.store.StoreLocation'>, 'store_entry': 'swift'} {{(pid=124029) register_scheme_map /usr/local/lib/python3.8/dist-packages/glance_store/location.py:146}}
Jun 09 17:22:01 ubuntu devstack@g-api.service[124029]: DEBUG glance_store.location [None req-8a5543dc-bd4d-45cb-946a-73a400bc2c72 tempest-VolumesActionsTest-1018493119 tempest-VolumesActionsTest-1018493119-project] Registering scheme swift with {'store': <glance_store._drivers.swift.store.SingleTenantStore object at 0x7fb2ba4047f0>, 'location_class': <class 'glance_store._drivers.swift.store.StoreLocation'>, 'store_entry': 'swift'} {{(pid=124029) register_scheme_map /usr/local/lib/python3.8/dist-packages/glance_store/location.py:146}}
Jun 09 17:22:01 ubuntu devstack@g-api.service[124029]: DEBUG glance_store.location [None req-8a5543dc-bd4d-45cb-946a-73a400bc2c72 tempest-VolumesActionsTest-1018493119 tempest-VolumesActionsTest-1018493119-project] Registering scheme swift+http with {'store': <glance_store._drivers.swift.store.SingleTenantStore object at 0x7fb2ba4047f0>, 'location_class': <class 'glance_store._drivers.swift.store.StoreLocation'>, 'store_entry': 'swift'} {{(pid=124029) register_scheme_map /usr/local/lib/python3.8/dist-packages/glance_store/location.py:146}}
Jun 09 17:22:01 ubuntu devstack@g-api.service[124029]: DEBUG glance_store.location [None req-8a5543dc-bd4d-45cb-946a-73a400bc2c72 tempest-VolumesActionsTest-1018493119 tempest-VolumesActionsTest-1018493119-project] Registering scheme swift+config with {'store': <glance_store._drivers.swift.store.SingleTenantStore object at 0x7fb2ba4047f0>, 'location_class': <class 'glance_store._drivers.swift.store.StoreLocation'>, 'store_entry': 'swift'} {{(pid=124029) register_scheme_map /usr/local/lib/python3.8/dist-packages/glance_store/location.py:146}}
Jun 09 17:22:01 ubuntu devstack@g-api.service[124026]: DEBUG glance.api.middleware.version_negotiation [None req-83ad0035-1fda-46d5-87a3-382b3306724b tempest-VolumesActionsTest-1018493119 tempest-VolumesActionsTest-1018493119-project] Determining version of request: GET /v2/images/32be2e52-cb44-4b92-ae9e-1449847954ba Accept: application/json {{(pid=124026) process_request /opt/stack/glance/glance/api/middleware/version_negotiation.py:44}}
Jun 09 17:22:01 ubuntu devstack@g-api.service[124026]: DEBUG glance.api.middleware.version_negotiation [None req-83ad0035-1fda-46d5-87a3-382b3306724b tempest-VolumesActionsTest-1018493119 tempest-VolumesActionsTest-1018493119-project] Using url versioning {{(pid=124026) process_request /opt/stack/glance/glance/api/middleware/version_negotiation.py:57}}
Jun 09 17:22:01 ubuntu devstack@g-api.service[124026]: DEBUG glance.api.middleware.version_negotiation [None req-83ad0035-1fda-46d5-87a3-382b3306724b tempest-VolumesActionsTest-1018493119 tempest-VolumesActionsTest-1018493119-project] Matched version: v2 {{(pid=124026) process_request /opt/stack/glance/glance/api/middleware/version_negotiation.py:69}}
Jun 09 17:22:01 ubuntu devstack@g-api.service[124026]: DEBUG glance.api.middleware.version_negotiation [None req-83ad0035-1fda-46d5-87a3-382b3306724b tempest-VolumesActionsTest-1018493119 tempest-VolumesActionsTest-1018493119-project] new path /v2/images/32be2e52-cb44-4b92-ae9e-1449847954ba {{(pid=124026) process_request /opt/stack/glance/glance/api/middleware/version_negotiation.py:70}}
Jun 09 17:22:01 ubuntu devstack@g-api.service[124026]: [pid: 124026|app: 0|req: 40/76] 127.0.0.1 () {38 vars in 773 bytes} [Thu Jun  9 17:22:01 2022] GET /v2/images/32be2e52-cb44-4b92-ae9e-1449847954ba => generated 649 bytes in 13 msecs (HTTP/1.1 200) 4 headers in 157 bytes (1 switches on core 0)
Jun 09 17:22:01 ubuntu devstack@g-api.service[124029]: DEBUG swiftclient [None req-8a5543dc-bd4d-45cb-946a-73a400bc2c72 tempest-VolumesActionsTest-1018493119 tempest-VolumesActionsTest-1018493119-project] REQ: curl -i http://192.168.79.39:8080/v1/AUTH_f991e8a043f3449aaf4749ca833a45b9/glance -I -H "X-Auth-Token: gAAAAABioiw5FW8W..." {{(pid=124029) http_log /usr/local/lib/python3.8/dist-packages/swiftclient/client.py:157}}
Jun 09 17:22:01 ubuntu devstack@g-api.service[124029]: DEBUG swiftclient [None req-8a5543dc-bd4d-45cb-946a-73a400bc2c72 tempest-VolumesActionsTest-1018493119 tempest-VolumesActionsTest-1018493119-project] RESP STATUS: 204 No Content {{(pid=124029) http_log /usr/local/lib/python3.8/dist-packages/swiftclient/client.py:158}}
Jun 09 17:22:01 ubuntu devstack@g-api.service[124029]: DEBUG swiftclient [None req-8a5543dc-bd4d-45cb-946a-73a400bc2c72 tempest-VolumesActionsTest-1018493119 tempest-VolumesActionsTest-1018493119-project] RESP HEADERS: {'Content-Type': 'text/plain; charset=utf-8', 'X-Container-Object-Count': '1', 'X-Container-Bytes-Used': '16338944', 'X-Timestamp': '1654794362.59024', 'Last-Modified': 'Thu, 09 Jun 2022 17:06:03 GMT', 'Accept-Ranges': 'bytes', 'X-Storage-Policy': 'Policy-0', 'X-Container-Sharding': 'False', 'Vary': 'Accept', 'Content-Length': '0', 'X-Trans-Id': 'txfc8f2a78ab7340f1b2391-0062a22c39', 'X-Openstack-Request-Id': 'txfc8f2a78ab7340f1b2391-0062a22c39', 'Date': 'Thu, 09 Jun 2022 17:22:01 GMT'} {{(pid=124029) http_log /usr/local/lib/python3.8/dist-packages/swiftclient/client.py:159}}
Jun 09 17:22:01 ubuntu devstack@g-api.service[124029]: DEBUG glance_store._drivers.swift.store [None req-8a5543dc-bd4d-45cb-946a-73a400bc2c72 tempest-VolumesActionsTest-1018493119 tempest-VolumesActionsTest-1018493119-project] Adding image object '32be2e52-cb44-4b92-ae9e-1449847954ba' to Swift {{(pid=124029) add /usr/local/lib/python3.8/dist-packages/glance_store/_drivers/swift/store.py:945}}
Jun 09 17:22:01 ubuntu devstack@g-api.service[124029]: DEBUG glance_store._drivers.swift.store [None req-8a5543dc-bd4d-45cb-946a-73a400bc2c72 tempest-VolumesActionsTest-1018493119 tempest-VolumesActionsTest-1018493119-project] Cannot determine image size because it is either not provided in the request or chunked-transfer encoding is used. Adding image as a segmented object to Swift. {{(pid=124029) add /usr/local/lib/python3.8/dist-packages/glance_store/_drivers/swift/store.py:969}}
Jun 09 17:22:02 ubuntu devstack@g-api.service[124026]: DEBUG glance.api.middleware.version_negotiation [None req-722cf6bb-df6d-44d7-b874-13dff190c9d3 tempest-VolumesActionsTest-1018493119 tempest-VolumesActionsTest-1018493119-project] Determining version of request: GET /v2/images/32be2e52-cb44-4b92-ae9e-1449847954ba Accept: application/json {{(pid=124026) process_request /opt/stack/glance/glance/api/middleware/version_negotiation.py:44}}
Jun 09 17:22:02 ubuntu devstack@g-api.service[124026]: DEBUG glance.api.middleware.version_negotiation [None req-722cf6bb-df6d-44d7-b874-13dff190c9d3 tempest-VolumesActionsTest-1018493119 tempest-VolumesActionsTest-1018493119-project] Using url versioning {{(pid=124026) process_request /opt/stack/glance/glance/api/middleware/version_negotiation.py:57}}
Jun 09 17:22:02 ubuntu devstack@g-api.service[124026]: DEBUG glance.api.middleware.version_negotiation [None req-722cf6bb-df6d-44d7-b874-13dff190c9d3 tempest-VolumesActionsTest-1018493119 tempest-VolumesActionsTest-1018493119-project] Matched version: v2 {{(pid=124026) process_request /opt/stack/glance/glance/api/middleware/version_negotiation.py:69}}
Jun 09 17:22:02 ubuntu devstack@g-api.service[124026]: DEBUG glance.api.middleware.version_negotiation [None req-722cf6bb-df6d-44d7-b874-13dff190c9d3 tempest-VolumesActionsTest-1018493119 tempest-VolumesActionsTest-1018493119-project] new path /v2/images/32be2e52-cb44-4b92-ae9e-1449847954ba {{(pid=124026) process_request /opt/stack/glance/glance/api/middleware/version_negotiation.py:70}}
Jun 09 17:22:02 ubuntu devstack@g-api.service[124026]: [pid: 124026|app: 0|req: 41/77] 127.0.0.1 () {38 vars in 773 bytes} [Thu Jun  9 17:22:02 2022] GET /v2/images/32be2e52-cb44-4b92-ae9e-1449847954ba => generated 649 bytes in 27 msecs (HTTP/1.1 200) 4 headers in 157 bytes (1 switches on core 0)
Jun 09 17:22:03 ubuntu devstack@g-api.service[124026]: DEBUG glance.api.middleware.version_negotiation [None req-d8e2ce39-210b-4e06-84db-488ff2de84e5 tempest-VolumesActionsTest-1018493119 tempest-VolumesActionsTest-1018493119-project] Determining version of request: GET /v2/images/32be2e52-cb44-4b92-ae9e-1449847954ba Accept: application/json {{(pid=124026) process_request /opt/stack/glance/glance/api/middleware/version_negotiation.py:44}}
Jun 09 17:22:03 ubuntu devstack@g-api.service[124026]: DEBUG glance.api.middleware.version_negotiation [None req-d8e2ce39-210b-4e06-84db-488ff2de84e5 tempest-VolumesActionsTest-1018493119 tempest-VolumesActionsTest-1018493119-project] Using url versioning {{(pid=124026) process_request /opt/stack/glance/glance/api/middleware/version_negotiation.py:57}}
Jun 09 17:22:03 ubuntu devstack@g-api.service[124026]: DEBUG glance.api.middleware.version_negotiation [None req-d8e2ce39-210b-4e06-84db-488ff2de84e5 tempest-VolumesActionsTest-1018493119 tempest-VolumesActionsTest-1018493119-project] Matched version: v2 {{(pid=124026) process_request /opt/stack/glance/glance/api/middleware/version_negotiation.py:69}}
Jun 09 17:22:03 ubuntu devstack@g-api.service[124026]: DEBUG glance.api.middleware.version_negotiation [None req-d8e2ce39-210b-4e06-84db-488ff2de84e5 tempest-VolumesActionsTest-1018493119 tempest-VolumesActionsTest-1018493119-project] new path /v2/images/32be2e52-cb44-4b92-ae9e-1449847954ba {{(pid=124026) process_request /opt/stack/glance/glance/api/middleware/version_negotiation.py:70}}
Jun 09 17:22:03 ubuntu devstack@g-api.service[124026]: [pid: 124026|app: 0|req: 42/78] 127.0.0.1 () {38 vars in 773 bytes} [Thu Jun  9 17:22:03 2022] GET /v2/images/32be2e52-cb44-4b92-ae9e-1449847954ba => generated 649 bytes in 21 msecs (HTTP/1.1 200) 4 headers in 157 bytes (1 switches on core 0)
Jun 09 17:22:04 ubuntu devstack@g-api.service[124029]: DEBUG swiftclient [None req-8a5543dc-bd4d-45cb-946a-73a400bc2c72 tempest-VolumesActionsTest-1018493119 tempest-VolumesActionsTest-1018493119-project] REQ: curl -i http://192.168.79.39:8080/v1/AUTH_f991e8a043f3449aaf4749ca833a45b9/glance/32be2e52-cb44-4b92-ae9e-1449847954ba-00001 -X PUT -H "X-Auth-Token: gAAAAABioiw5FW8W..." {{(pid=124029) http_log /usr/local/lib/python3.8/dist-packages/swiftclient/client.py:157}}
Jun 09 17:22:04 ubuntu devstack@g-api.service[124029]: DEBUG swiftclient [None req-8a5543dc-bd4d-45cb-946a-73a400bc2c72 tempest-VolumesActionsTest-1018493119 tempest-VolumesActionsTest-1018493119-project] RESP STATUS: 201 Created {{(pid=124029) http_log /usr/local/lib/python3.8/dist-packages/swiftclient/client.py:158}}
Jun 09 17:22:04 ubuntu devstack@g-api.service[124029]: DEBUG swiftclient [None req-8a5543dc-bd4d-45cb-946a-73a400bc2c72 tempest-VolumesActionsTest-1018493119 tempest-VolumesActionsTest-1018493119-project] RESP HEADERS: {'Content-Type': 'text/html; charset=UTF-8', 'Content-Length': '0', 'Etag': 'eda9a9889837ac4bc81d6387d92c1bec', 'Last-Modified': 'Thu, 09 Jun 2022 17:22:02 GMT', 'X-Trans-Id': 'txcfda226c0d8141c691efb-0062a22c39', 'X-Openstack-Request-Id': 'txcfda226c0d8141c691efb-0062a22c39', 'Date': 'Thu, 09 Jun 2022 17:22:04 GMT'} {{(pid=124029) http_log /usr/local/lib/python3.8/dist-packages/swiftclient/client.py:159}}
Jun 09 17:22:04 ubuntu devstack@g-api.service[124029]: DEBUG glance_store._drivers.swift.store [None req-8a5543dc-bd4d-45cb-946a-73a400bc2c72 tempest-VolumesActionsTest-1018493119 tempest-VolumesActionsTest-1018493119-project] Wrote chunk 32be2e52-cb44-4b92-ae9e-1449847954ba-00001 (1/?) of length 204800000 to Swift returning MD5 of content: eda9a9889837ac4bc81d6387d92c1bec {{(pid=124029) add /usr/local/lib/python3.8/dist-packages/glance_store/_drivers/swift/store.py:1029}}
Jun 09 17:22:04 ubuntu devstack@g-api.service[124026]: DEBUG glance.api.middleware.version_negotiation [None req-d3ed513a-450e-4581-a7ee-64639378ee33 tempest-VolumesActionsTest-1018493119 tempest-VolumesActionsTest-1018493119-project] Determining version of request: GET /v2/images/32be2e52-cb44-4b92-ae9e-1449847954ba Accept: application/json {{(pid=124026) process_request /opt/stack/glance/glance/api/middleware/version_negotiation.py:44}}
Jun 09 17:22:04 ubuntu devstack@g-api.service[124026]: DEBUG glance.api.middleware.version_negotiation [None req-d3ed513a-450e-4581-a7ee-64639378ee33 tempest-VolumesActionsTest-1018493119 tempest-VolumesActionsTest-1018493119-project] Using url versioning {{(pid=124026) process_request /opt/stack/glance/glance/api/middleware/version_negotiation.py:57}}
Jun 09 17:22:04 ubuntu devstack@g-api.service[124026]: DEBUG glance.api.middleware.version_negotiation [None req-d3ed513a-450e-4581-a7ee-64639378ee33 tempest-VolumesActionsTest-1018493119 tempest-VolumesActionsTest-1018493119-project] Matched version: v2 {{(pid=124026) process_request /opt/stack/glance/glance/api/middleware/version_negotiation.py:69}}
Jun 09 17:22:04 ubuntu devstack@g-api.service[124026]: DEBUG glance.api.middleware.version_negotiation [None req-d3ed513a-450e-4581-a7ee-64639378ee33 tempest-VolumesActionsTest-1018493119 tempest-VolumesActionsTest-1018493119-project] new path /v2/images/32be2e52-cb44-4b92-ae9e-1449847954ba {{(pid=124026) process_request /opt/stack/glance/glance/api/middleware/version_negotiation.py:70}}
Jun 09 17:22:04 ubuntu devstack@g-api.service[124026]: [pid: 124026|app: 0|req: 43/79] 127.0.0.1 () {38 vars in 773 bytes} [Thu Jun  9 17:22:04 2022] GET /v2/images/32be2e52-cb44-4b92-ae9e-1449847954ba => generated 649 bytes in 17 msecs (HTTP/1.1 200) 4 headers in 157 bytes (1 switches on core 0)
Jun 09 17:22:05 ubuntu devstack@g-api.service[124026]: DEBUG glance.api.middleware.version_negotiation [None req-f98d8f8f-6d88-4f79-98d8-e387edf79c70 tempest-VolumesActionsTest-1018493119 tempest-VolumesActionsTest-1018493119-project] Determining version of request: GET /v2/images/32be2e52-cb44-4b92-ae9e-1449847954ba Accept: application/json {{(pid=124026) process_request /opt/stack/glance/glance/api/middleware/version_negotiation.py:44}}
Jun 09 17:22:05 ubuntu devstack@g-api.service[124026]: DEBUG glance.api.middleware.version_negotiation [None req-f98d8f8f-6d88-4f79-98d8-e387edf79c70 tempest-VolumesActionsTest-1018493119 tempest-VolumesActionsTest-1018493119-project] Using url versioning {{(pid=124026) process_request /opt/stack/glance/glance/api/middleware/version_negotiation.py:57}}
Jun 09 17:22:05 ubuntu devstack@g-api.service[124026]: DEBUG glance.api.middleware.version_negotiation [None req-f98d8f8f-6d88-4f79-98d8-e387edf79c70 tempest-VolumesActionsTest-1018493119 tempest-VolumesActionsTest-1018493119-project] Matched version: v2 {{(pid=124026) process_request /opt/stack/glance/glance/api/middleware/version_negotiation.py:69}}
Jun 09 17:22:05 ubuntu devstack@g-api.service[124026]: DEBUG glance.api.middleware.version_negotiation [None req-f98d8f8f-6d88-4f79-98d8-e387edf79c70 tempest-VolumesActionsTest-1018493119 tempest-VolumesActionsTest-1018493119-project] new path /v2/images/32be2e52-cb44-4b92-ae9e-1449847954ba {{(pid=124026) process_request /opt/stack/glance/glance/api/middleware/version_negotiation.py:70}}
Jun 09 17:22:05 ubuntu devstack@g-api.service[124026]: [pid: 124026|app: 0|req: 44/80] 127.0.0.1 () {38 vars in 773 bytes} [Thu Jun  9 17:22:05 2022] GET /v2/images/32be2e52-cb44-4b92-ae9e-1449847954ba => generated 649 bytes in 27 msecs (HTTP/1.1 200) 4 headers in 157 bytes (1 switches on core 0)
Jun 09 17:22:06 ubuntu devstack@g-api.service[124026]: DEBUG glance.api.middleware.version_negotiation [None req-f6d505bf-9b04-4fb8-a255-5c5180f38e1d tempest-VolumesActionsTest-1018493119 tempest-VolumesActionsTest-1018493119-project] Determining version of request: GET /v2/images/32be2e52-cb44-4b92-ae9e-1449847954ba Accept: application/json {{(pid=124026) process_request /opt/stack/glance/glance/api/middleware/version_negotiation.py:44}}
Jun 09 17:22:06 ubuntu devstack@g-api.service[124026]: DEBUG glance.api.middleware.version_negotiation [None req-f6d505bf-9b04-4fb8-a255-5c5180f38e1d tempest-VolumesActionsTest-1018493119 tempest-VolumesActionsTest-1018493119-project] Using url versioning {{(pid=124026) process_request /opt/stack/glance/glance/api/middleware/version_negotiation.py:57}}
Jun 09 17:22:06 ubuntu devstack@g-api.service[124026]: DEBUG glance.api.middleware.version_negotiation [None req-f6d505bf-9b04-4fb8-a255-5c5180f38e1d tempest-VolumesActionsTest-1018493119 tempest-VolumesActionsTest-1018493119-project] Matched version: v2 {{(pid=124026) process_request /opt/stack/glance/glance/api/middleware/version_negotiation.py:69}}
Jun 09 17:22:06 ubuntu devstack@g-api.service[124026]: DEBUG glance.api.middleware.version_negotiation [None req-f6d505bf-9b04-4fb8-a255-5c5180f38e1d tempest-VolumesActionsTest-1018493119 tempest-VolumesActionsTest-1018493119-project] new path /v2/images/32be2e52-cb44-4b92-ae9e-1449847954ba {{(pid=124026) process_request /opt/stack/glance/glance/api/middleware/version_negotiation.py:70}}
Jun 09 17:22:06 ubuntu devstack@g-api.service[124026]: [pid: 124026|app: 0|req: 45/81] 127.0.0.1 () {38 vars in 773 bytes} [Thu Jun  9 17:22:06 2022] GET /v2/images/32be2e52-cb44-4b92-ae9e-1449847954ba => generated 649 bytes in 28 msecs (HTTP/1.1 200) 4 headers in 157 bytes (1 switches on core 0)
Jun 09 17:22:07 ubuntu devstack@g-api.service[124029]: DEBUG swiftclient [None req-8a5543dc-bd4d-45cb-946a-73a400bc2c72 tempest-VolumesActionsTest-1018493119 tempest-VolumesActionsTest-1018493119-project] REQ: curl -i http://192.168.79.39:8080/v1/AUTH_f991e8a043f3449aaf4749ca833a45b9/glance/32be2e52-cb44-4b92-ae9e-1449847954ba-00002 -X PUT -H "X-Auth-Token: gAAAAABioiw5FW8W..." {{(pid=124029) http_log /usr/local/lib/python3.8/dist-packages/swiftclient/client.py:157}}
Jun 09 17:22:07 ubuntu devstack@g-api.service[124029]: DEBUG swiftclient [None req-8a5543dc-bd4d-45cb-946a-73a400bc2c72 tempest-VolumesActionsTest-1018493119 tempest-VolumesActionsTest-1018493119-project] RESP STATUS: 201 Created {{(pid=124029) http_log /usr/local/lib/python3.8/dist-packages/swiftclient/client.py:158}}
Jun 09 17:22:07 ubuntu devstack@g-api.service[124029]: DEBUG swiftclient [None req-8a5543dc-bd4d-45cb-946a-73a400bc2c72 tempest-VolumesActionsTest-1018493119 tempest-VolumesActionsTest-1018493119-project] RESP HEADERS: {'Content-Type': 'text/html; charset=UTF-8', 'Content-Length': '0', 'Etag': 'eda9a9889837ac4bc81d6387d92c1bec', 'Last-Modified': 'Thu, 09 Jun 2022 17:22:05 GMT', 'X-Trans-Id': 'tx82bd6666e0104a0db4c2c-0062a22c3c', 'X-Openstack-Request-Id': 'tx82bd6666e0104a0db4c2c-0062a22c3c', 'Date': 'Thu, 09 Jun 2022 17:22:07 GMT'} {{(pid=124029) http_log /usr/local/lib/python3.8/dist-packages/swiftclient/client.py:159}}
Jun 09 17:22:07 ubuntu devstack@g-api.service[124029]: DEBUG glance_store._drivers.swift.store [None req-8a5543dc-bd4d-45cb-946a-73a400bc2c72 tempest-VolumesActionsTest-1018493119 tempest-VolumesActionsTest-1018493119-project] Wrote chunk 32be2e52-cb44-4b92-ae9e-1449847954ba-00002 (2/?) of length 204800000 to Swift returning MD5 of content: eda9a9889837ac4bc81d6387d92c1bec {{(pid=124029) add /usr/local/lib/python3.8/dist-packages/glance_store/_drivers/swift/store.py:1029}}
Jun 09 17:22:07 ubuntu devstack@g-api.service[124026]: DEBUG glance.api.middleware.version_negotiation [None req-bad7d44a-3ade-4de7-9410-05a143294931 tempest-VolumesActionsTest-1018493119 tempest-VolumesActionsTest-1018493119-project] Determining version of request: GET /v2/images/32be2e52-cb44-4b92-ae9e-1449847954ba Accept: application/json {{(pid=124026) process_request /opt/stack/glance/glance/api/middleware/version_negotiation.py:44}}
Jun 09 17:22:07 ubuntu devstack@g-api.service[124026]: DEBUG glance.api.middleware.version_negotiation [None req-bad7d44a-3ade-4de7-9410-05a143294931 tempest-VolumesActionsTest-1018493119 tempest-VolumesActionsTest-1018493119-project] Using url versioning {{(pid=124026) process_request /opt/stack/glance/glance/api/middleware/version_negotiation.py:57}}
Jun 09 17:22:07 ubuntu devstack@g-api.service[124026]: DEBUG glance.api.middleware.version_negotiation [None req-bad7d44a-3ade-4de7-9410-05a143294931 tempest-VolumesActionsTest-1018493119 tempest-VolumesActionsTest-1018493119-project] Matched version: v2 {{(pid=124026) process_request /opt/stack/glance/glance/api/middleware/version_negotiation.py:69}}
Jun 09 17:22:07 ubuntu devstack@g-api.service[124026]: DEBUG glance.api.middleware.version_negotiation [None req-bad7d44a-3ade-4de7-9410-05a143294931 tempest-VolumesActionsTest-1018493119 tempest-VolumesActionsTest-1018493119-project] new path /v2/images/32be2e52-cb44-4b92-ae9e-1449847954ba {{(pid=124026) process_request /opt/stack/glance/glance/api/middleware/version_negotiation.py:70}}
Jun 09 17:22:07 ubuntu devstack@g-api.service[124026]: [pid: 124026|app: 0|req: 46/82] 127.0.0.1 () {38 vars in 773 bytes} [Thu Jun  9 17:22:07 2022] GET /v2/images/32be2e52-cb44-4b92-ae9e-1449847954ba => generated 649 bytes in 19 msecs (HTTP/1.1 200) 4 headers in 157 bytes (1 switches on core 0)
Jun 09 17:22:08 ubuntu devstack@g-api.service[124026]: DEBUG glance.api.middleware.version_negotiation [None req-6e040478-873a-452f-bb98-d2e174c8a5fd tempest-VolumesActionsTest-1018493119 tempest-VolumesActionsTest-1018493119-project] Determining version of request: GET /v2/images/32be2e52-cb44-4b92-ae9e-1449847954ba Accept: application/json {{(pid=124026) process_request /opt/stack/glance/glance/api/middleware/version_negotiation.py:44}}
Jun 09 17:22:08 ubuntu devstack@g-api.service[124026]: DEBUG glance.api.middleware.version_negotiation [None req-6e040478-873a-452f-bb98-d2e174c8a5fd tempest-VolumesActionsTest-1018493119 tempest-VolumesActionsTest-1018493119-project] Using url versioning {{(pid=124026) process_request /opt/stack/glance/glance/api/middleware/version_negotiation.py:57}}
Jun 09 17:22:08 ubuntu devstack@g-api.service[124026]: DEBUG glance.api.middleware.version_negotiation [None req-6e040478-873a-452f-bb98-d2e174c8a5fd tempest-VolumesActionsTest-1018493119 tempest-VolumesActionsTest-1018493119-project] Matched version: v2 {{(pid=124026) process_request /opt/stack/glance/glance/api/middleware/version_negotiation.py:69}}
Jun 09 17:22:08 ubuntu devstack@g-api.service[124026]: DEBUG glance.api.middleware.version_negotiation [None req-6e040478-873a-452f-bb98-d2e174c8a5fd tempest-VolumesActionsTest-1018493119 tempest-VolumesActionsTest-1018493119-project] new path /v2/images/32be2e52-cb44-4b92-ae9e-1449847954ba {{(pid=124026) process_request /opt/stack/glance/glance/api/middleware/version_negotiation.py:70}}
Jun 09 17:22:08 ubuntu devstack@g-api.service[124026]: [pid: 124026|app: 0|req: 47/83] 127.0.0.1 () {38 vars in 773 bytes} [Thu Jun  9 17:22:08 2022] GET /v2/images/32be2e52-cb44-4b92-ae9e-1449847954ba => generated 649 bytes in 17 msecs (HTTP/1.1 200) 4 headers in 157 bytes (1 switches on core 0)
Jun 09 17:22:09 ubuntu devstack@g-api.service[124026]: DEBUG glance.api.middleware.version_negotiation [None req-a498c9a7-8630-463e-ad74-0d7d8439ded1 tempest-VolumesActionsTest-1018493119 tempest-VolumesActionsTest-1018493119-project] Determining version of request: GET /v2/images/32be2e52-cb44-4b92-ae9e-1449847954ba Accept: application/json {{(pid=124026) process_request /opt/stack/glance/glance/api/middleware/version_negotiation.py:44}}
Jun 09 17:22:09 ubuntu devstack@g-api.service[124026]: DEBUG glance.api.middleware.version_negotiation [None req-a498c9a7-8630-463e-ad74-0d7d8439ded1 tempest-VolumesActionsTest-1018493119 tempest-VolumesActionsTest-1018493119-project] Using url versioning {{(pid=124026) process_request /opt/stack/glance/glance/api/middleware/version_negotiation.py:57}}
Jun 09 17:22:09 ubuntu devstack@g-api.service[124026]: DEBUG glance.api.middleware.version_negotiation [None req-a498c9a7-8630-463e-ad74-0d7d8439ded1 tempest-VolumesActionsTest-1018493119 tempest-VolumesActionsTest-1018493119-project] Matched version: v2 {{(pid=124026) process_request /opt/stack/glance/glance/api/middleware/version_negotiation.py:69}}
Jun 09 17:22:09 ubuntu devstack@g-api.service[124026]: DEBUG glance.api.middleware.version_negotiation [None req-a498c9a7-8630-463e-ad74-0d7d8439ded1 tempest-VolumesActionsTest-1018493119 tempest-VolumesActionsTest-1018493119-project] new path /v2/images/32be2e52-cb44-4b92-ae9e-1449847954ba {{(pid=124026) process_request /opt/stack/glance/glance/api/middleware/version_negotiation.py:70}}
Jun 09 17:22:09 ubuntu devstack@g-api.service[124026]: [pid: 124026|app: 0|req: 48/84] 127.0.0.1 () {38 vars in 773 bytes} [Thu Jun  9 17:22:09 2022] GET /v2/images/32be2e52-cb44-4b92-ae9e-1449847954ba => generated 649 bytes in 33 msecs (HTTP/1.1 200) 4 headers in 157 bytes (1 switches on core 0)
Jun 09 17:22:09 ubuntu devstack@g-api.service[124029]: DEBUG swiftclient [None req-8a5543dc-bd4d-45cb-946a-73a400bc2c72 tempest-VolumesActionsTest-1018493119 tempest-VolumesActionsTest-1018493119-project] REQ: curl -i http://192.168.79.39:8080/v1/AUTH_f991e8a043f3449aaf4749ca833a45b9/glance/32be2e52-cb44-4b92-ae9e-1449847954ba-00003 -X PUT -H "X-Auth-Token: gAAAAABioiw5FW8W..." {{(pid=124029) http_log /usr/local/lib/python3.8/dist-packages/swiftclient/client.py:157}}
Jun 09 17:22:09 ubuntu devstack@g-api.service[124029]: DEBUG swiftclient [None req-8a5543dc-bd4d-45cb-946a-73a400bc2c72 tempest-VolumesActionsTest-1018493119 tempest-VolumesActionsTest-1018493119-project] RESP STATUS: 201 Created {{(pid=124029) http_log /usr/local/lib/python3.8/dist-packages/swiftclient/client.py:158}}
Jun 09 17:22:09 ubuntu devstack@g-api.service[124029]: DEBUG swiftclient [None req-8a5543dc-bd4d-45cb-946a-73a400bc2c72 tempest-VolumesActionsTest-1018493119 tempest-VolumesActionsTest-1018493119-project] RESP HEADERS: {'Content-Type': 'text/html; charset=UTF-8', 'Content-Length': '0', 'Etag': 'eda9a9889837ac4bc81d6387d92c1bec', 'Last-Modified': 'Thu, 09 Jun 2022 17:22:08 GMT', 'X-Trans-Id': 'txd0a9f2a196944df7ade79-0062a22c3f', 'X-Openstack-Request-Id': 'txd0a9f2a196944df7ade79-0062a22c3f', 'Date': 'Thu, 09 Jun 2022 17:22:09 GMT'} {{(pid=124029) http_log /usr/local/lib/python3.8/dist-packages/swiftclient/client.py:159}}
Jun 09 17:22:09 ubuntu devstack@g-api.service[124029]: DEBUG glance_store._drivers.swift.store [None req-8a5543dc-bd4d-45cb-946a-73a400bc2c72 tempest-VolumesActionsTest-1018493119 tempest-VolumesActionsTest-1018493119-project] Wrote chunk 32be2e52-cb44-4b92-ae9e-1449847954ba-00003 (3/?) of length 204800000 to Swift returning MD5 of content: eda9a9889837ac4bc81d6387d92c1bec {{(pid=124029) add /usr/local/lib/python3.8/dist-packages/glance_store/_drivers/swift/store.py:1029}}
Jun 09 17:22:10 ubuntu devstack@g-api.service[124026]: DEBUG glance.api.middleware.version_negotiation [None req-287c70c6-422d-46ff-9b5e-15ec2eeebd06 tempest-VolumesActionsTest-1018493119 tempest-VolumesActionsTest-1018493119-project] Determining version of request: GET /v2/images/32be2e52-cb44-4b92-ae9e-1449847954ba Accept: application/json {{(pid=124026) process_request /opt/stack/glance/glance/api/middleware/version_negotiation.py:44}}
Jun 09 17:22:10 ubuntu devstack@g-api.service[124026]: DEBUG glance.api.middleware.version_negotiation [None req-287c70c6-422d-46ff-9b5e-15ec2eeebd06 tempest-VolumesActionsTest-1018493119 tempest-VolumesActionsTest-1018493119-project] Using url versioning {{(pid=124026) process_request /opt/stack/glance/glance/api/middleware/version_negotiation.py:57}}
Jun 09 17:22:10 ubuntu devstack@g-api.service[124026]: DEBUG glance.api.middleware.version_negotiation [None req-287c70c6-422d-46ff-9b5e-15ec2eeebd06 tempest-VolumesActionsTest-1018493119 tempest-VolumesActionsTest-1018493119-project] Matched version: v2 {{(pid=124026) process_request /opt/stack/glance/glance/api/middleware/version_negotiation.py:69}}
Jun 09 17:22:10 ubuntu devstack@g-api.service[124026]: DEBUG glance.api.middleware.version_negotiation [None req-287c70c6-422d-46ff-9b5e-15ec2eeebd06 tempest-VolumesActionsTest-1018493119 tempest-VolumesActionsTest-1018493119-project] new path /v2/images/32be2e52-cb44-4b92-ae9e-1449847954ba {{(pid=124026) process_request /opt/stack/glance/glance/api/middleware/version_negotiation.py:70}}
Jun 09 17:22:10 ubuntu devstack@g-api.service[124026]: [pid: 124026|app: 0|req: 49/85] 127.0.0.1 () {38 vars in 773 bytes} [Thu Jun  9 17:22:10 2022] GET /v2/images/32be2e52-cb44-4b92-ae9e-1449847954ba => generated 649 bytes in 20 msecs (HTTP/1.1 200) 4 headers in 157 bytes (1 switches on core 0)
Jun 09 17:22:11 ubuntu devstack@g-api.service[124029]: DEBUG dbcounter [-] [124029] Writing DB stats glance:SELECT=26,glance:UPDATE=1 {{(pid=124029) stat_writer /usr/local/lib/python3.8/dist-packages/dbcounter.py:114}}
Jun 09 17:22:11 ubuntu devstack@g-api.service[124026]: DEBUG glance.api.middleware.version_negotiation [None req-206311a2-34f7-44a0-9e19-d9437741d13d tempest-VolumesActionsTest-1018493119 tempest-VolumesActionsTest-1018493119-project] Determining version of request: GET /v2/images/32be2e52-cb44-4b92-ae9e-1449847954ba Accept: application/json {{(pid=124026) process_request /opt/stack/glance/glance/api/middleware/version_negotiation.py:44}}
Jun 09 17:22:11 ubuntu devstack@g-api.service[124026]: DEBUG glance.api.middleware.version_negotiation [None req-206311a2-34f7-44a0-9e19-d9437741d13d tempest-VolumesActionsTest-1018493119 tempest-VolumesActionsTest-1018493119-project] Using url versioning {{(pid=124026) process_request /opt/stack/glance/glance/api/middleware/version_negotiation.py:57}}
Jun 09 17:22:11 ubuntu devstack@g-api.service[124026]: DEBUG glance.api.middleware.version_negotiation [None req-206311a2-34f7-44a0-9e19-d9437741d13d tempest-VolumesActionsTest-1018493119 tempest-VolumesActionsTest-1018493119-project] Matched version: v2 {{(pid=124026) process_request /opt/stack/glance/glance/api/middleware/version_negotiation.py:69}}
Jun 09 17:22:11 ubuntu devstack@g-api.service[124026]: DEBUG glance.api.middleware.version_negotiation [None req-206311a2-34f7-44a0-9e19-d9437741d13d tempest-VolumesActionsTest-1018493119 tempest-VolumesActionsTest-1018493119-project] new path /v2/images/32be2e52-cb44-4b92-ae9e-1449847954ba {{(pid=124026) process_request /opt/stack/glance/glance/api/middleware/version_negotiation.py:70}}
Jun 09 17:22:11 ubuntu devstack@g-api.service[124026]: [pid: 124026|app: 0|req: 50/86] 127.0.0.1 () {38 vars in 773 bytes} [Thu Jun  9 17:22:11 2022] GET /v2/images/32be2e52-cb44-4b92-ae9e-1449847954ba => generated 649 bytes in 34 msecs (HTTP/1.1 200) 4 headers in 157 bytes (1 switches on core 0)
Jun 09 17:22:12 ubuntu devstack@g-api.service[124026]: DEBUG glance.api.middleware.version_negotiation [None req-f2fa047f-e494-4906-87a2-a5cfdc8924ec tempest-VolumesActionsTest-1018493119 tempest-VolumesActionsTest-1018493119-project] Determining version of request: GET /v2/images/32be2e52-cb44-4b92-ae9e-1449847954ba Accept: application/json {{(pid=124026) process_request /opt/stack/glance/glance/api/middleware/version_negotiation.py:44}}
Jun 09 17:22:12 ubuntu devstack@g-api.service[124029]: DEBUG swiftclient [None req-8a5543dc-bd4d-45cb-946a-73a400bc2c72 tempest-VolumesActionsTest-1018493119 tempest-VolumesActionsTest-1018493119-project] REQ: curl -i http://192.168.79.39:8080/v1/AUTH_f991e8a043f3449aaf4749ca833a45b9/glance/32be2e52-cb44-4b92-ae9e-1449847954ba-00004 -X PUT -H "X-Auth-Token: gAAAAABioiw5FW8W..." {{(pid=124029) http_log /usr/local/lib/python3.8/dist-packages/swiftclient/client.py:157}}
Jun 09 17:22:12 ubuntu devstack@g-api.service[124026]: DEBUG glance.api.middleware.version_negotiation [None req-f2fa047f-e494-4906-87a2-a5cfdc8924ec tempest-VolumesActionsTest-1018493119 tempest-VolumesActionsTest-1018493119-project] Using url versioning {{(pid=124026) process_request /opt/stack/glance/glance/api/middleware/version_negotiation.py:57}}
Jun 09 17:22:12 ubuntu devstack@g-api.service[124029]: DEBUG swiftclient [None req-8a5543dc-bd4d-45cb-946a-73a400bc2c72 tempest-VolumesActionsTest-1018493119 tempest-VolumesActionsTest-1018493119-project] RESP STATUS: 201 Created {{(pid=124029) http_log /usr/local/lib/python3.8/dist-packages/swiftclient/client.py:158}}
Jun 09 17:22:12 ubuntu devstack@g-api.service[124026]: DEBUG glance.api.middleware.version_negotiation [None req-f2fa047f-e494-4906-87a2-a5cfdc8924ec tempest-VolumesActionsTest-1018493119 tempest-VolumesActionsTest-1018493119-project] Matched version: v2 {{(pid=124026) process_request /opt/stack/glance/glance/api/middleware/version_negotiation.py:69}}
Jun 09 17:22:12 ubuntu devstack@g-api.service[124029]: DEBUG swiftclient [None req-8a5543dc-bd4d-45cb-946a-73a400bc2c72 tempest-VolumesActionsTest-1018493119 tempest-VolumesActionsTest-1018493119-project] RESP HEADERS: {'Content-Type': 'text/html; charset=UTF-8', 'Content-Length': '0', 'Etag': 'eda9a9889837ac4bc81d6387d92c1bec', 'Last-Modified': 'Thu, 09 Jun 2022 17:22:10 GMT', 'X-Trans-Id': 'tx5f5b00052fc64925a6440-0062a22c41', 'X-Openstack-Request-Id': 'tx5f5b00052fc64925a6440-0062a22c41', 'Date': 'Thu, 09 Jun 2022 17:22:12 GMT'} {{(pid=124029) http_log /usr/local/lib/python3.8/dist-packages/swiftclient/client.py:159}}
Jun 09 17:22:12 ubuntu devstack@g-api.service[124026]: DEBUG glance.api.middleware.version_negotiation [None req-f2fa047f-e494-4906-87a2-a5cfdc8924ec tempest-VolumesActionsTest-1018493119 tempest-VolumesActionsTest-1018493119-project] new path /v2/images/32be2e52-cb44-4b92-ae9e-1449847954ba {{(pid=124026) process_request /opt/stack/glance/glance/api/middleware/version_negotiation.py:70}}
Jun 09 17:22:12 ubuntu devstack@g-api.service[124029]: DEBUG glance_store._drivers.swift.store [None req-8a5543dc-bd4d-45cb-946a-73a400bc2c72 tempest-VolumesActionsTest-1018493119 tempest-VolumesActionsTest-1018493119-project] Wrote chunk 32be2e52-cb44-4b92-ae9e-1449847954ba-00004 (4/?) of length 204800000 to Swift returning MD5 of content: eda9a9889837ac4bc81d6387d92c1bec {{(pid=124029) add /usr/local/lib/python3.8/dist-packages/glance_store/_drivers/swift/store.py:1029}}
Jun 09 17:22:12 ubuntu devstack@g-api.service[124026]: [pid: 124026|app: 0|req: 51/87] 127.0.0.1 () {38 vars in 773 bytes} [Thu Jun  9 17:22:12 2022] GET /v2/images/32be2e52-cb44-4b92-ae9e-1449847954ba => generated 649 bytes in 17 msecs (HTTP/1.1 200) 4 headers in 157 bytes (1 switches on core 0)
Jun 09 17:22:13 ubuntu devstack@g-api.service[124026]: DEBUG glance.api.middleware.version_negotiation [None req-e9ec93e9-10f9-4c28-a622-222d2b0b9992 tempest-VolumesActionsTest-1018493119 tempest-VolumesActionsTest-1018493119-project] Determining version of request: GET /v2/images/32be2e52-cb44-4b92-ae9e-1449847954ba Accept: application/json {{(pid=124026) process_request /opt/stack/glance/glance/api/middleware/version_negotiation.py:44}}
Jun 09 17:22:13 ubuntu devstack@g-api.service[124026]: DEBUG glance.api.middleware.version_negotiation [None req-e9ec93e9-10f9-4c28-a622-222d2b0b9992 tempest-VolumesActionsTest-1018493119 tempest-VolumesActionsTest-1018493119-project] Using url versioning {{(pid=124026) process_request /opt/stack/glance/glance/api/middleware/version_negotiation.py:57}}
Jun 09 17:22:13 ubuntu devstack@g-api.service[124026]: DEBUG glance.api.middleware.version_negotiation [None req-e9ec93e9-10f9-4c28-a622-222d2b0b9992 tempest-VolumesActionsTest-1018493119 tempest-VolumesActionsTest-1018493119-project] Matched version: v2 {{(pid=124026) process_request /opt/stack/glance/glance/api/middleware/version_negotiation.py:69}}
Jun 09 17:22:13 ubuntu devstack@g-api.service[124026]: DEBUG glance.api.middleware.version_negotiation [None req-e9ec93e9-10f9-4c28-a622-222d2b0b9992 tempest-VolumesActionsTest-1018493119 tempest-VolumesActionsTest-1018493119-project] new path /v2/images/32be2e52-cb44-4b92-ae9e-1449847954ba {{(pid=124026) process_request /opt/stack/glance/glance/api/middleware/version_negotiation.py:70}}
Jun 09 17:22:13 ubuntu devstack@g-api.service[124026]: [pid: 124026|app: 0|req: 52/88] 127.0.0.1 () {38 vars in 773 bytes} [Thu Jun  9 17:22:13 2022] GET /v2/images/32be2e52-cb44-4b92-ae9e-1449847954ba => generated 649 bytes in 21 msecs (HTTP/1.1 200) 4 headers in 157 bytes (1 switches on core 0)
Jun 09 17:22:14 ubuntu devstack@g-api.service[124026]: DEBUG glance.api.middleware.version_negotiation [None req-42385803-b980-4924-96fb-8741ba87063e tempest-VolumesActionsTest-1018493119 tempest-VolumesActionsTest-1018493119-project] Determining version of request: GET /v2/images/32be2e52-cb44-4b92-ae9e-1449847954ba Accept: application/json {{(pid=124026) process_request /opt/stack/glance/glance/api/middleware/version_negotiation.py:44}}
Jun 09 17:22:14 ubuntu devstack@g-api.service[124026]: DEBUG glance.api.middleware.version_negotiation [None req-42385803-b980-4924-96fb-8741ba87063e tempest-VolumesActionsTest-1018493119 tempest-VolumesActionsTest-1018493119-project] Using url versioning {{(pid=124026) process_request /opt/stack/glance/glance/api/middleware/version_negotiation.py:57}}
Jun 09 17:22:14 ubuntu devstack@g-api.service[124026]: DEBUG glance.api.middleware.version_negotiation [None req-42385803-b980-4924-96fb-8741ba87063e tempest-VolumesActionsTest-1018493119 tempest-VolumesActionsTest-1018493119-project] Matched version: v2 {{(pid=124026) process_request /opt/stack/glance/glance/api/middleware/version_negotiation.py:69}}
Jun 09 17:22:14 ubuntu devstack@g-api.service[124026]: DEBUG glance.api.middleware.version_negotiation [None req-42385803-b980-4924-96fb-8741ba87063e tempest-VolumesActionsTest-1018493119 tempest-VolumesActionsTest-1018493119-project] new path /v2/images/32be2e52-cb44-4b92-ae9e-1449847954ba {{(pid=124026) process_request /opt/stack/glance/glance/api/middleware/version_negotiation.py:70}}
Jun 09 17:22:14 ubuntu devstack@g-api.service[124026]: [pid: 124026|app: 0|req: 53/89] 127.0.0.1 () {38 vars in 773 bytes} [Thu Jun  9 17:22:14 2022] GET /v2/images/32be2e52-cb44-4b92-ae9e-1449847954ba => generated 649 bytes in 31 msecs (HTTP/1.1 200) 4 headers in 157 bytes (1 switches on core 0)
Jun 09 17:22:15 ubuntu devstack@g-api.service[124029]: DEBUG swiftclient [None req-8a5543dc-bd4d-45cb-946a-73a400bc2c72 tempest-VolumesActionsTest-1018493119 tempest-VolumesActionsTest-1018493119-project] REQ: curl -i http://192.168.79.39:8080/v1/AUTH_f991e8a043f3449aaf4749ca833a45b9/glance/32be2e52-cb44-4b92-ae9e-1449847954ba-00005 -X PUT -H "X-Auth-Token: gAAAAABioiw5FW8W..." {{(pid=124029) http_log /usr/local/lib/python3.8/dist-packages/swiftclient/client.py:157}}
Jun 09 17:22:15 ubuntu devstack@g-api.service[124029]: DEBUG swiftclient [None req-8a5543dc-bd4d-45cb-946a-73a400bc2c72 tempest-VolumesActionsTest-1018493119 tempest-VolumesActionsTest-1018493119-project] RESP STATUS: 201 Created {{(pid=124029) http_log /usr/local/lib/python3.8/dist-packages/swiftclient/client.py:158}}
Jun 09 17:22:15 ubuntu devstack@g-api.service[124029]: DEBUG swiftclient [None req-8a5543dc-bd4d-45cb-946a-73a400bc2c72 tempest-VolumesActionsTest-1018493119 tempest-VolumesActionsTest-1018493119-project] RESP HEADERS: {'Content-Type': 'text/html; charset=UTF-8', 'Content-Length': '0', 'Etag': 'eda9a9889837ac4bc81d6387d92c1bec', 'Last-Modified': 'Thu, 09 Jun 2022 17:22:13 GMT', 'X-Trans-Id': 'tx7b42e6c14e31467cb89b0-0062a22c44', 'X-Openstack-Request-Id': 'tx7b42e6c14e31467cb89b0-0062a22c44', 'Date': 'Thu, 09 Jun 2022 17:22:15 GMT'} {{(pid=124029) http_log /usr/local/lib/python3.8/dist-packages/swiftclient/client.py:159}}
Jun 09 17:22:15 ubuntu devstack@g-api.service[124029]: DEBUG glance_store._drivers.swift.store [None req-8a5543dc-bd4d-45cb-946a-73a400bc2c72 tempest-VolumesActionsTest-1018493119 tempest-VolumesActionsTest-1018493119-project] Wrote chunk 32be2e52-cb44-4b92-ae9e-1449847954ba-00005 (5/?) of length 204800000 to Swift returning MD5 of content: eda9a9889837ac4bc81d6387d92c1bec {{(pid=124029) add /usr/local/lib/python3.8/dist-packages/glance_store/_drivers/swift/store.py:1029}}
Jun 09 17:22:15 ubuntu devstack@g-api.service[124026]: DEBUG glance.api.middleware.version_negotiation [None req-10df89ae-aed9-4c1d-b703-7a5f45e9f99d tempest-VolumesActionsTest-1018493119 tempest-VolumesActionsTest-1018493119-project] Determining version of request: GET /v2/images/32be2e52-cb44-4b92-ae9e-1449847954ba Accept: application/json {{(pid=124026) process_request /opt/stack/glance/glance/api/middleware/version_negotiation.py:44}}
Jun 09 17:22:15 ubuntu devstack@g-api.service[124026]: DEBUG glance.api.middleware.version_negotiation [None req-10df89ae-aed9-4c1d-b703-7a5f45e9f99d tempest-VolumesActionsTest-1018493119 tempest-VolumesActionsTest-1018493119-project] Using url versioning {{(pid=124026) process_request /opt/stack/glance/glance/api/middleware/version_negotiation.py:57}}
Jun 09 17:22:15 ubuntu devstack@g-api.service[124026]: DEBUG glance.api.middleware.version_negotiation [None req-10df89ae-aed9-4c1d-b703-7a5f45e9f99d tempest-VolumesActionsTest-1018493119 tempest-VolumesActionsTest-1018493119-project] Matched version: v2 {{(pid=124026) process_request /opt/stack/glance/glance/api/middleware/version_negotiation.py:69}}
Jun 09 17:22:15 ubuntu devstack@g-api.service[124026]: DEBUG glance.api.middleware.version_negotiation [None req-10df89ae-aed9-4c1d-b703-7a5f45e9f99d tempest-VolumesActionsTest-1018493119 tempest-VolumesActionsTest-1018493119-project] new path /v2/images/32be2e52-cb44-4b92-ae9e-1449847954ba {{(pid=124026) process_request /opt/stack/glance/glance/api/middleware/version_negotiation.py:70}}
Jun 09 17:22:15 ubuntu devstack@g-api.service[124026]: [pid: 124026|app: 0|req: 54/90] 127.0.0.1 () {38 vars in 773 bytes} [Thu Jun  9 17:22:15 2022] GET /v2/images/32be2e52-cb44-4b92-ae9e-1449847954ba => generated 649 bytes in 24 msecs (HTTP/1.1 200) 4 headers in 157 bytes (1 switches on core 0)
Jun 09 17:22:16 ubuntu devstack@g-api.service[124029]: DEBUG swiftclient [None req-8a5543dc-bd4d-45cb-946a-73a400bc2c72 tempest-VolumesActionsTest-1018493119 tempest-VolumesActionsTest-1018493119-project] REQ: curl -i http://192.168.79.39:8080/v1/AUTH_f991e8a043f3449aaf4749ca833a45b9/glance/32be2e52-cb44-4b92-ae9e-1449847954ba-00006 -X PUT -H "X-Auth-Token: gAAAAABioiw5FW8W..." {{(pid=124029) http_log /usr/local/lib/python3.8/dist-packages/swiftclient/client.py:157}}
Jun 09 17:22:16 ubuntu devstack@g-api.service[124029]: DEBUG swiftclient [None req-8a5543dc-bd4d-45cb-946a-73a400bc2c72 tempest-VolumesActionsTest-1018493119 tempest-VolumesActionsTest-1018493119-project] RESP STATUS: 201 Created {{(pid=124029) http_log /usr/local/lib/python3.8/dist-packages/swiftclient/client.py:158}}
Jun 09 17:22:16 ubuntu devstack@g-api.service[124029]: DEBUG swiftclient [None req-8a5543dc-bd4d-45cb-946a-73a400bc2c72 tempest-VolumesActionsTest-1018493119 tempest-VolumesActionsTest-1018493119-project] RESP HEADERS: {'Content-Type': 'text/html; charset=UTF-8', 'Content-Length': '0', 'Etag': '708761f3b8777ec77058e63da08eeeb6', 'Last-Modified': 'Thu, 09 Jun 2022 17:22:16 GMT', 'X-Trans-Id': 'tx4636f7571f3540368266b-0062a22c47', 'X-Openstack-Request-Id': 'tx4636f7571f3540368266b-0062a22c47', 'Date': 'Thu, 09 Jun 2022 17:22:16 GMT'} {{(pid=124029) http_log /usr/local/lib/python3.8/dist-packages/swiftclient/client.py:159}}
Jun 09 17:22:16 ubuntu devstack@g-api.service[124029]: DEBUG glance_store._drivers.swift.store [None req-8a5543dc-bd4d-45cb-946a-73a400bc2c72 tempest-VolumesActionsTest-1018493119 tempest-VolumesActionsTest-1018493119-project] Wrote chunk 32be2e52-cb44-4b92-ae9e-1449847954ba-00006 (6/?) of length 49741824 to Swift returning MD5 of content: 708761f3b8777ec77058e63da08eeeb6 {{(pid=124029) add /usr/local/lib/python3.8/dist-packages/glance_store/_drivers/swift/store.py:1029}}
Jun 09 17:22:16 ubuntu devstack@g-api.service[124029]: DEBUG glance_store._drivers.swift.store [None req-8a5543dc-bd4d-45cb-946a-73a400bc2c72 tempest-VolumesActionsTest-1018493119 tempest-VolumesActionsTest-1018493119-project] Not writing zero-length chunk. {{(pid=124029) add /usr/local/lib/python3.8/dist-packages/glance_store/_drivers/swift/store.py:998}}
Jun 09 17:22:16 ubuntu devstack@g-api.service[124029]: DEBUG swiftclient [None req-8a5543dc-bd4d-45cb-946a-73a400bc2c72 tempest-VolumesActionsTest-1018493119 tempest-VolumesActionsTest-1018493119-project] REQ: curl -i http://192.168.79.39:8080/v1/AUTH_f991e8a043f3449aaf4749ca833a45b9/glance/32be2e52-cb44-4b92-ae9e-1449847954ba -X PUT -H "X-Object-Manifest: glance/32be2e52-cb44-4b92-ae9e-1449847954ba-" -H "X-Auth-Token: gAAAAABioiw5FW8W..." -H "Content-Length: 0" {{(pid=124029) http_log /usr/local/lib/python3.8/dist-packages/swiftclient/client.py:157}}
Jun 09 17:22:16 ubuntu devstack@g-api.service[124029]: DEBUG swiftclient [None req-8a5543dc-bd4d-45cb-946a-73a400bc2c72 tempest-VolumesActionsTest-1018493119 tempest-VolumesActionsTest-1018493119-project] RESP STATUS: 201 Created {{(pid=124029) http_log /usr/local/lib/python3.8/dist-packages/swiftclient/client.py:158}}
Jun 09 17:22:16 ubuntu devstack@g-api.service[124029]: DEBUG swiftclient [None req-8a5543dc-bd4d-45cb-946a-73a400bc2c72 tempest-VolumesActionsTest-1018493119 tempest-VolumesActionsTest-1018493119-project] RESP HEADERS: {'Content-Type': 'text/html; charset=UTF-8', 'Content-Length': '0', 'Etag': 'd41d8cd98f00b204e9800998ecf8427e', 'Last-Modified': 'Thu, 09 Jun 2022 17:22:17 GMT', 'X-Trans-Id': 'tx979eb1980ff44891b970f-0062a22c48', 'X-Openstack-Request-Id': 'tx979eb1980ff44891b970f-0062a22c48', 'Date': 'Thu, 09 Jun 2022 17:22:16 GMT'} {{(pid=124029) http_log /usr/local/lib/python3.8/dist-packages/swiftclient/client.py:159}}
Jun 09 17:22:16 ubuntu devstack@g-api.service[124029]: INFO glance.location [None req-8a5543dc-bd4d-45cb-946a-73a400bc2c72 tempest-VolumesActionsTest-1018493119 tempest-VolumesActionsTest-1018493119-project] Image format matched and virtual size computed: 1073741824
Jun 09 17:22:16 ubuntu devstack@g-api.service[124029]: DEBUG glance_store.backend [None req-8a5543dc-bd4d-45cb-946a-73a400bc2c72 tempest-VolumesActionsTest-1018493119 tempest-VolumesActionsTest-1018493119-project] Attempting to import store swift {{(pid=124029) _load_store /usr/local/lib/python3.8/dist-packages/glance_store/backend.py:217}}
Jun 09 17:22:16 ubuntu devstack@g-api.service[124029]: DEBUG glance_store.capabilities [None req-8a5543dc-bd4d-45cb-946a-73a400bc2c72 tempest-VolumesActionsTest-1018493119 tempest-VolumesActionsTest-1018493119-project] Store glance_store._drivers.swift.store.SingleTenantStore doesn't support updating dynamic storage capabilities. Please overwrite 'update_capabilities' method of the store to implement updating logics if needed. {{(pid=124029) update_capabilities /usr/local/lib/python3.8/dist-packages/glance_store/capabilities.py:91}}
Jun 09 17:22:16 ubuntu devstack@g-api.service[124029]: DEBUG glance_store.driver [None req-8a5543dc-bd4d-45cb-946a-73a400bc2c72 tempest-VolumesActionsTest-1018493119 tempest-VolumesActionsTest-1018493119-project] Late loading location class glance_store._drivers.swift.store.StoreLocation {{(pid=124029) get_store_location_class /usr/local/lib/python3.8/dist-packages/glance_store/driver.py:117}}
Jun 09 17:22:16 ubuntu devstack@g-api.service[124029]: DEBUG glance_store.location [None req-8a5543dc-bd4d-45cb-946a-73a400bc2c72 tempest-VolumesActionsTest-1018493119 tempest-VolumesActionsTest-1018493119-project] Registering scheme swift+https with {'store': <glance_store._drivers.swift.store.SingleTenantStore object at 0x7fb2b8db3640>, 'location_class': <class 'glance_store._drivers.swift.store.StoreLocation'>, 'store_entry': 'swift'} {{(pid=124029) register_scheme_map /usr/local/lib/python3.8/dist-packages/glance_store/location.py:146}}
