Jun 09 21:42:52 ubuntu devstack@g-api.service[136261]: DEBUG glance_store.backend [None req-cb8c80a7-6dba-4252-9aa0-307306997665 admin admin] Attempting to import store swift {{(pid=136261) _load_store /usr/local/lib/python3.8/dist-packages/glance_store/backend.py:217}}
Jun 09 21:42:52 ubuntu devstack@g-api.service[136261]: DEBUG glance_store.capabilities [None req-cb8c80a7-6dba-4252-9aa0-307306997665 admin admin] Store glance_store._drivers.swift.store.SingleTenantStore doesn't support updating dynamic storage capabilities. Please overwrite 'update_capabilities' method of the store to implement updating logics if needed. {{(pid=136261) update_capabilities /usr/local/lib/python3.8/dist-packages/glance_store/capabilities.py:91}}
Jun 09 21:42:52 ubuntu devstack@g-api.service[136261]: DEBUG glance_store.driver [None req-cb8c80a7-6dba-4252-9aa0-307306997665 admin admin] Late loading location class glance_store._drivers.swift.store.StoreLocation {{(pid=136261) get_store_location_class /usr/local/lib/python3.8/dist-packages/glance_store/driver.py:117}}
Jun 09 21:42:52 ubuntu devstack@g-api.service[136261]: DEBUG glance_store.location [None req-cb8c80a7-6dba-4252-9aa0-307306997665 admin admin] Registering scheme swift+https with {'store': <glance_store._drivers.swift.store.SingleTenantStore object at 0x7f2e81c34730>, 'location_class': <class 'glance_store._drivers.swift.store.StoreLocation'>, 'store_entry': 'swift'} {{(pid=136261) register_scheme_map /usr/local/lib/python3.8/dist-packages/glance_store/location.py:146}}
Jun 09 21:42:52 ubuntu devstack@g-api.service[136261]: DEBUG glance_store.location [None req-cb8c80a7-6dba-4252-9aa0-307306997665 admin admin] Registering scheme swift+https with {'store': <glance_store._drivers.swift.store.SingleTenantStore object at 0x7f2e81c34730>, 'location_class': <class 'glance_store._drivers.swift.store.StoreLocation'>, 'store_entry': 'swift'} {{(pid=136261) register_scheme_map /usr/local/lib/python3.8/dist-packages/glance_store/location.py:146}}
Jun 09 21:42:52 ubuntu devstack@g-api.service[136261]: DEBUG glance_store.location [None req-cb8c80a7-6dba-4252-9aa0-307306997665 admin admin] Registering scheme swift with {'store': <glance_store._drivers.swift.store.SingleTenantStore object at 0x7f2e81c34730>, 'location_class': <class 'glance_store._drivers.swift.store.StoreLocation'>, 'store_entry': 'swift'} {{(pid=136261) register_scheme_map /usr/local/lib/python3.8/dist-packages/glance_store/location.py:146}}
Jun 09 21:42:52 ubuntu devstack@g-api.service[136261]: DEBUG glance_store.location [None req-cb8c80a7-6dba-4252-9aa0-307306997665 admin admin] Registering scheme swift+https with {'store': <glance_store._drivers.swift.store.SingleTenantStore object at 0x7f2e81c34730>, 'location_class': <class 'glance_store._drivers.swift.store.StoreLocation'>, 'store_entry': 'swift'} {{(pid=136261) register_scheme_map /usr/local/lib/python3.8/dist-packages/glance_store/location.py:146}}
Jun 09 21:42:52 ubuntu devstack@g-api.service[136261]: DEBUG glance_store.location [None req-cb8c80a7-6dba-4252-9aa0-307306997665 admin admin] Registering scheme swift with {'store': <glance_store._drivers.swift.store.SingleTenantStore object at 0x7f2e81c34730>, 'location_class': <class 'glance_store._drivers.swift.store.StoreLocation'>, 'store_entry': 'swift'} {{(pid=136261) register_scheme_map /usr/local/lib/python3.8/dist-packages/glance_store/location.py:146}}
Jun 09 21:42:52 ubuntu devstack@g-api.service[136261]: DEBUG glance_store.location [None req-cb8c80a7-6dba-4252-9aa0-307306997665 admin admin] Registering scheme swift+http with {'store': <glance_store._drivers.swift.store.SingleTenantStore object at 0x7f2e81c34730>, 'location_class': <class 'glance_store._drivers.swift.store.StoreLocation'>, 'store_entry': 'swift'} {{(pid=136261) register_scheme_map /usr/local/lib/python3.8/dist-packages/glance_store/location.py:146}}
Jun 09 21:42:52 ubuntu devstack@g-api.service[136261]: DEBUG glance_store.location [None req-cb8c80a7-6dba-4252-9aa0-307306997665 admin admin] Registering scheme swift+https with {'store': <glance_store._drivers.swift.store.SingleTenantStore object at 0x7f2e81c34730>, 'location_class': <class 'glance_store._drivers.swift.store.StoreLocation'>, 'store_entry': 'swift'} {{(pid=136261) register_scheme_map /usr/local/lib/python3.8/dist-packages/glance_store/location.py:146}}
Jun 09 21:42:52 ubuntu devstack@g-api.service[136261]: DEBUG glance_store.location [None req-cb8c80a7-6dba-4252-9aa0-307306997665 admin admin] Registering scheme swift with {'store': <glance_store._drivers.swift.store.SingleTenantStore object at 0x7f2e81c34730>, 'location_class': <class 'glance_store._drivers.swift.store.StoreLocation'>, 'store_entry': 'swift'} {{(pid=136261) register_scheme_map /usr/local/lib/python3.8/dist-packages/glance_store/location.py:146}}
Jun 09 21:42:52 ubuntu devstack@g-api.service[136261]: DEBUG glance_store.location [None req-cb8c80a7-6dba-4252-9aa0-307306997665 admin admin] Registering scheme swift+http with {'store': <glance_store._drivers.swift.store.SingleTenantStore object at 0x7f2e81c34730>, 'location_class': <class 'glance_store._drivers.swift.store.StoreLocation'>, 'store_entry': 'swift'} {{(pid=136261) register_scheme_map /usr/local/lib/python3.8/dist-packages/glance_store/location.py:146}}
Jun 09 21:42:52 ubuntu devstack@g-api.service[136261]: DEBUG glance_store.location [None req-cb8c80a7-6dba-4252-9aa0-307306997665 admin admin] Registering scheme swift+config with {'store': <glance_store._drivers.swift.store.SingleTenantStore object at 0x7f2e81c34730>, 'location_class': <class 'glance_store._drivers.swift.store.StoreLocation'>, 'store_entry': 'swift'} {{(pid=136261) register_scheme_map /usr/local/lib/python3.8/dist-packages/glance_store/location.py:146}}
Jun 09 21:42:52 ubuntu devstack@g-api.service[136261]: DEBUG glance_store.backend [None req-cb8c80a7-6dba-4252-9aa0-307306997665 admin admin] Skipping store.set_acls... not implemented. {{(pid=136261) set_acls /usr/local/lib/python3.8/dist-packages/glance_store/backend.py:509}}
Jun 09 21:42:52 ubuntu devstack@g-api.service[136261]: [pid: 136261|app: 0|req: 3/4] 127.0.0.1 () {40 vars in 862 bytes} [Thu Jun  9 21:42:49 2022] PUT /v2/images/66c943b9-18ad-47b4-8d5c-0e3b3c15be4e/file => generated 0 bytes in 2080 msecs (HTTP/1.1 204) 4 headers in 171 bytes (1 switches on core 0)
Jun 09 21:42:59 ubuntu devstack@g-api.service[136260]: DEBUG dbcounter [-] [136260] Writing DB stats glance:SELECT=9,glance:INSERT=5 {{(pid=136260) stat_writer /usr/local/lib/python3.8/dist-packages/dbcounter.py:114}}
Jun 09 21:43:02 ubuntu devstack@g-api.service[136261]: DEBUG dbcounter [-] [136261] Writing DB stats glance:SELECT=28,glance:UPDATE=2,glance:INSERT=1 {{(pid=136261) stat_writer /usr/local/lib/python3.8/dist-packages/dbcounter.py:114}}
Jun 09 21:43:32 ubuntu devstack@g-api.service[136260]: DEBUG glance.api.middleware.version_negotiation [None req-c01c9f1e-0df0-41ae-bdea-db5bb6992625 admin admin] Determining version of request: GET / Accept: application/json {{(pid=136260) process_request /opt/stack/glance/glance/api/middleware/version_negotiation.py:44}}
Jun 09 21:43:32 ubuntu devstack@g-api.service[136260]: DEBUG glance.api.middleware.version_negotiation [None req-c01c9f1e-0df0-41ae-bdea-db5bb6992625 admin admin] Using url versioning {{(pid=136260) process_request /opt/stack/glance/glance/api/middleware/version_negotiation.py:57}}
Jun 09 21:43:32 ubuntu devstack@g-api.service[136260]: DEBUG glance.api.middleware.version_negotiation [None req-c01c9f1e-0df0-41ae-bdea-db5bb6992625 admin admin] Unknown version. Returning version choices. {{(pid=136260) process_request /opt/stack/glance/glance/api/middleware/version_negotiation.py:64}}
Jun 09 21:43:32 ubuntu devstack@g-api.service[136260]: [pid: 136260|app: 0|req: 2/5] 127.0.0.1 () {34 vars in 506 bytes} [Thu Jun  9 21:43:32 2022] GET / => generated 1323 bytes in 5 msecs (HTTP/1.1 300) 3 headers in 106 bytes (1 switches on core 0)
Jun 09 21:43:32 ubuntu devstack@g-api.service[136261]: DEBUG glance.api.middleware.version_negotiation [None req-cb8c80a7-6dba-4252-9aa0-307306997665 admin admin] Determining version of request: GET /v2/images Accept: application/json {{(pid=136261) process_request /opt/stack/glance/glance/api/middleware/version_negotiation.py:44}}
Jun 09 21:43:32 ubuntu devstack@g-api.service[136261]: DEBUG glance.api.middleware.version_negotiation [None req-cb8c80a7-6dba-4252-9aa0-307306997665 admin admin] Using url versioning {{(pid=136261) process_request /opt/stack/glance/glance/api/middleware/version_negotiation.py:57}}
Jun 09 21:43:32 ubuntu devstack@g-api.service[136261]: DEBUG glance.api.middleware.version_negotiation [None req-cb8c80a7-6dba-4252-9aa0-307306997665 admin admin] Matched version: v2 {{(pid=136261) process_request /opt/stack/glance/glance/api/middleware/version_negotiation.py:69}}
Jun 09 21:43:32 ubuntu devstack@g-api.service[136261]: DEBUG glance.api.middleware.version_negotiation [None req-cb8c80a7-6dba-4252-9aa0-307306997665 admin admin] new path /v2/images {{(pid=136261) process_request /opt/stack/glance/glance/api/middleware/version_negotiation.py:70}}
Jun 09 21:43:32 ubuntu devstack@g-api.service[136261]: [pid: 136261|app: 0|req: 4/6] 127.0.0.1 () {36 vars in 728 bytes} [Thu Jun  9 21:43:32 2022] GET /v2/images => generated 1045 bytes in 107 msecs (HTTP/1.1 200) 4 headers in 158 bytes (1 switches on core 0)
Jun 09 21:43:38 ubuntu devstack@g-api.service[136260]: DEBUG glance.api.middleware.version_negotiation [None req-c01c9f1e-0df0-41ae-bdea-db5bb6992625 admin admin] Determining version of request: GET / Accept: application/json {{(pid=136260) process_request /opt/stack/glance/glance/api/middleware/version_negotiation.py:44}}
Jun 09 21:43:38 ubuntu devstack@g-api.service[136260]: DEBUG glance.api.middleware.version_negotiation [None req-c01c9f1e-0df0-41ae-bdea-db5bb6992625 admin admin] Using url versioning {{(pid=136260) process_request /opt/stack/glance/glance/api/middleware/version_negotiation.py:57}}
Jun 09 21:43:38 ubuntu devstack@g-api.service[136260]: DEBUG glance.api.middleware.version_negotiation [None req-c01c9f1e-0df0-41ae-bdea-db5bb6992625 admin admin] Unknown version. Returning version choices. {{(pid=136260) process_request /opt/stack/glance/glance/api/middleware/version_negotiation.py:64}}
Jun 09 21:43:38 ubuntu devstack@g-api.service[136260]: [pid: 136260|app: 0|req: 3/7] 127.0.0.1 () {34 vars in 506 bytes} [Thu Jun  9 21:43:38 2022] GET / => generated 1323 bytes in 3 msecs (HTTP/1.1 300) 3 headers in 106 bytes (1 switches on core 0)
Jun 09 21:43:38 ubuntu devstack@g-api.service[136261]: DEBUG glance.api.middleware.version_negotiation [None req-dc1ee877-4711-4695-a219-e6f95cdf14f7 admin admin] Determining version of request: GET /v2/images/66c943b9-18ad-47b4-8d5c-0e3b3c15be4e Accept: */* {{(pid=136261) process_request /opt/stack/glance/glance/api/middleware/version_negotiation.py:44}}
Jun 09 21:43:38 ubuntu devstack@g-api.service[136261]: DEBUG glance.api.middleware.version_negotiation [None req-dc1ee877-4711-4695-a219-e6f95cdf14f7 admin admin] Using url versioning {{(pid=136261) process_request /opt/stack/glance/glance/api/middleware/version_negotiation.py:57}}
Jun 09 21:43:38 ubuntu devstack@g-api.service[136261]: DEBUG glance.api.middleware.version_negotiation [None req-dc1ee877-4711-4695-a219-e6f95cdf14f7 admin admin] Matched version: v2 {{(pid=136261) process_request /opt/stack/glance/glance/api/middleware/version_negotiation.py:69}}
Jun 09 21:43:38 ubuntu devstack@g-api.service[136261]: DEBUG glance.api.middleware.version_negotiation [None req-dc1ee877-4711-4695-a219-e6f95cdf14f7 admin admin] new path /v2/images/66c943b9-18ad-47b4-8d5c-0e3b3c15be4e {{(pid=136261) process_request /opt/stack/glance/glance/api/middleware/version_negotiation.py:70}}
Jun 09 21:43:38 ubuntu devstack@g-api.service[136261]: [pid: 136261|app: 0|req: 5/8] 127.0.0.1 () {36 vars in 789 bytes} [Thu Jun  9 21:43:38 2022] GET /v2/images/66c943b9-18ad-47b4-8d5c-0e3b3c15be4e => generated 976 bytes in 49 msecs (HTTP/1.1 200) 4 headers in 157 bytes (1 switches on core 0)
Jun 09 21:43:41 ubuntu devstack@g-api.service[136260]: DEBUG glance.api.middleware.version_negotiation [None req-c01c9f1e-0df0-41ae-bdea-db5bb6992625 admin admin] Determining version of request: GET / Accept: application/json {{(pid=136260) process_request /opt/stack/glance/glance/api/middleware/version_negotiation.py:44}}
Jun 09 21:43:41 ubuntu devstack@g-api.service[136260]: DEBUG glance.api.middleware.version_negotiation [None req-c01c9f1e-0df0-41ae-bdea-db5bb6992625 admin admin] Using url versioning {{(pid=136260) process_request /opt/stack/glance/glance/api/middleware/version_negotiation.py:57}}
Jun 09 21:43:41 ubuntu devstack@g-api.service[136260]: DEBUG glance.api.middleware.version_negotiation [None req-c01c9f1e-0df0-41ae-bdea-db5bb6992625 admin admin] Unknown version. Returning version choices. {{(pid=136260) process_request /opt/stack/glance/glance/api/middleware/version_negotiation.py:64}}
Jun 09 21:43:41 ubuntu devstack@g-api.service[136260]: [pid: 136260|app: 0|req: 4/9] 127.0.0.1 () {34 vars in 506 bytes} [Thu Jun  9 21:43:41 2022] GET / => generated 1323 bytes in 4 msecs (HTTP/1.1 300) 3 headers in 106 bytes (1 switches on core 0)
Jun 09 21:43:41 ubuntu devstack@g-api.service[136261]: DEBUG glance.api.middleware.version_negotiation [None req-9e6c0505-3404-47cb-b4a1-ae538f21e5a2 admin admin] Determining version of request: GET /v2/images/66c943b9-18ad-47b4-8d5c-0e3b3c15be4e Accept: */* {{(pid=136261) process_request /opt/stack/glance/glance/api/middleware/version_negotiation.py:44}}
Jun 09 21:43:41 ubuntu devstack@g-api.service[136261]: DEBUG glance.api.middleware.version_negotiation [None req-9e6c0505-3404-47cb-b4a1-ae538f21e5a2 admin admin] Using url versioning {{(pid=136261) process_request /opt/stack/glance/glance/api/middleware/version_negotiation.py:57}}
Jun 09 21:43:41 ubuntu devstack@g-api.service[136261]: DEBUG glance.api.middleware.version_negotiation [None req-9e6c0505-3404-47cb-b4a1-ae538f21e5a2 admin admin] Matched version: v2 {{(pid=136261) process_request /opt/stack/glance/glance/api/middleware/version_negotiation.py:69}}
Jun 09 21:43:41 ubuntu devstack@g-api.service[136261]: DEBUG glance.api.middleware.version_negotiation [None req-9e6c0505-3404-47cb-b4a1-ae538f21e5a2 admin admin] new path /v2/images/66c943b9-18ad-47b4-8d5c-0e3b3c15be4e {{(pid=136261) process_request /opt/stack/glance/glance/api/middleware/version_negotiation.py:70}}
Jun 09 21:43:41 ubuntu devstack@g-api.service[136261]: [pid: 136261|app: 0|req: 6/10] 127.0.0.1 () {36 vars in 789 bytes} [Thu Jun  9 21:43:41 2022] GET /v2/images/66c943b9-18ad-47b4-8d5c-0e3b3c15be4e => generated 976 bytes in 49 msecs (HTTP/1.1 200) 4 headers in 157 bytes (1 switches on core 0)
Jun 09 21:43:51 ubuntu devstack@g-api.service[136261]: DEBUG dbcounter [-] [136261] Writing DB stats glance:SELECT=10 {{(pid=136261) stat_writer /usr/local/lib/python3.8/dist-packages/dbcounter.py:114}}
Jun 09 21:45:46 ubuntu devstack@g-api.service[136260]: DEBUG glance.api.middleware.version_negotiation [None req-c01c9f1e-0df0-41ae-bdea-db5bb6992625 admin admin] Determining version of request: GET /v1 Accept: application/json {{(pid=136260) process_request /opt/stack/glance/glance/api/middleware/version_negotiation.py:44}}
Jun 09 21:45:46 ubuntu devstack@g-api.service[136260]: DEBUG glance.api.middleware.version_negotiation [None req-c01c9f1e-0df0-41ae-bdea-db5bb6992625 admin admin] Using url versioning {{(pid=136260) process_request /opt/stack/glance/glance/api/middleware/version_negotiation.py:57}}
Jun 09 21:45:46 ubuntu devstack@g-api.service[136260]: DEBUG glance.api.middleware.version_negotiation [None req-c01c9f1e-0df0-41ae-bdea-db5bb6992625 admin admin] Unknown version. Returning version choices. {{(pid=136260) process_request /opt/stack/glance/glance/api/middleware/version_negotiation.py:64}}
Jun 09 21:45:46 ubuntu devstack@g-api.service[136260]: [pid: 136260|app: 0|req: 5/11] 127.0.0.1 () {38 vars in 685 bytes} [Thu Jun  9 21:45:46 2022] GET /v1 => generated 1323 bytes in 4 msecs (HTTP/1.1 300) 3 headers in 106 bytes (1 switches on core 0)
Jun 09 21:47:35 ubuntu devstack@g-api.service[136261]: DEBUG oslo_concurrency.lockutils [-] Acquired lock "glance-cache" {{(pid=136261) lock /usr/local/lib/python3.8/dist-packages/oslo_concurrency/lockutils.py:294}}
Jun 09 21:47:35 ubuntu devstack@g-api.service[136261]: DEBUG oslo_concurrency.lockutils [-] Acquired external semaphore "glance-cache" {{(pid=136261) lock /usr/local/lib/python3.8/dist-packages/oslo_concurrency/lockutils.py:302}}
Jun 09 21:47:35 ubuntu devstack@g-api.service[136261]: DEBUG glance.image_cache.prefetcher [-] Nothing to prefetch. {{(pid=136261) run /opt/stack/glance/glance/image_cache/prefetcher.py:79}}
Jun 09 21:47:35 ubuntu devstack@g-api.service[136261]: DEBUG oslo_concurrency.lockutils [-] Releasing lock "glance-cache" {{(pid=136261) lock /usr/local/lib/python3.8/dist-packages/oslo_concurrency/lockutils.py:312}}
Jun 09 21:47:35 ubuntu devstack@g-api.service[136260]: DEBUG oslo_concurrency.lockutils [-] Acquired lock "glance-cache" {{(pid=136260) lock /usr/local/lib/python3.8/dist-packages/oslo_concurrency/lockutils.py:294}}
Jun 09 21:47:35 ubuntu devstack@g-api.service[136260]: DEBUG oslo_concurrency.lockutils [-] Acquired external semaphore "glance-cache" {{(pid=136260) lock /usr/local/lib/python3.8/dist-packages/oslo_concurrency/lockutils.py:302}}
Jun 09 21:47:35 ubuntu devstack@g-api.service[136260]: DEBUG glance.image_cache.prefetcher [-] Nothing to prefetch. {{(pid=136260) run /opt/stack/glance/glance/image_cache/prefetcher.py:79}}
Jun 09 21:47:35 ubuntu devstack@g-api.service[136260]: DEBUG oslo_concurrency.lockutils [-] Releasing lock "glance-cache" {{(pid=136260) lock /usr/local/lib/python3.8/dist-packages/oslo_concurrency/lockutils.py:312}}
Jun 09 21:47:52 ubuntu devstack@g-api.service[136261]: DEBUG glance.api.middleware.version_negotiation [None req-41299cc9-0686-4559-a79e-81e2a3d7e02d admin admin] Determining version of request: GET /versions Accept: */* {{(pid=136261) process_request /opt/stack/glance/glance/api/middleware/version_negotiation.py:44}}
Jun 09 21:47:52 ubuntu devstack@g-api.service[136261]: [pid: 136261|app: 0|req: 7/12] 127.0.0.1 () {38 vars in 695 bytes} [Thu Jun  9 21:47:52 2022] GET /versions => generated 1323 bytes in 5 msecs (HTTP/1.1 200) 3 headers in 92 bytes (1 switches on core 0)
Jun 09 21:47:52 ubuntu devstack@g-api.service[136260]: DEBUG glance.api.middleware.version_negotiation [None req-c01c9f1e-0df0-41ae-bdea-db5bb6992625 admin admin] Determining version of request: GET /v2/schemas/image Accept: */* {{(pid=136260) process_request /opt/stack/glance/glance/api/middleware/version_negotiation.py:44}}
Jun 09 21:47:52 ubuntu devstack@g-api.service[136260]: DEBUG glance.api.middleware.version_negotiation [None req-c01c9f1e-0df0-41ae-bdea-db5bb6992625 admin admin] Using url versioning {{(pid=136260) process_request /opt/stack/glance/glance/api/middleware/version_negotiation.py:57}}
Jun 09 21:47:52 ubuntu devstack@g-api.service[136260]: DEBUG glance.api.middleware.version_negotiation [None req-c01c9f1e-0df0-41ae-bdea-db5bb6992625 admin admin] Matched version: v2 {{(pid=136260) process_request /opt/stack/glance/glance/api/middleware/version_negotiation.py:69}}
Jun 09 21:47:52 ubuntu devstack@g-api.service[136260]: DEBUG glance.api.middleware.version_negotiation [None req-c01c9f1e-0df0-41ae-bdea-db5bb6992625 admin admin] new path /v2/schemas/image {{(pid=136260) process_request /opt/stack/glance/glance/api/middleware/version_negotiation.py:70}}
Jun 09 21:47:52 ubuntu devstack@g-api.service[136260]: [pid: 136260|app: 0|req: 6/13] 127.0.0.1 () {38 vars in 711 bytes} [Thu Jun  9 21:47:52 2022] GET /v2/schemas/image => generated 6083 bytes in 115 msecs (HTTP/1.1 200) 4 headers in 158 bytes (1 switches on core 0)
Jun 09 21:47:52 ubuntu devstack@g-api.service[136261]: DEBUG glance.api.middleware.version_negotiation [None req-41299cc9-0686-4559-a79e-81e2a3d7e02d admin admin] Determining version of request: GET /v2/schemas/metadefs/namespace Accept: */* {{(pid=136261) process_request /opt/stack/glance/glance/api/middleware/version_negotiation.py:44}}
Jun 09 21:47:52 ubuntu devstack@g-api.service[136261]: DEBUG glance.api.middleware.version_negotiation [None req-41299cc9-0686-4559-a79e-81e2a3d7e02d admin admin] Using url versioning {{(pid=136261) process_request /opt/stack/glance/glance/api/middleware/version_negotiation.py:57}}
Jun 09 21:47:52 ubuntu devstack@g-api.service[136261]: DEBUG glance.api.middleware.version_negotiation [None req-41299cc9-0686-4559-a79e-81e2a3d7e02d admin admin] Matched version: v2 {{(pid=136261) process_request /opt/stack/glance/glance/api/middleware/version_negotiation.py:69}}
Jun 09 21:47:52 ubuntu devstack@g-api.service[136261]: DEBUG glance.api.middleware.version_negotiation [None req-41299cc9-0686-4559-a79e-81e2a3d7e02d admin admin] new path /v2/schemas/metadefs/namespace {{(pid=136261) process_request /opt/stack/glance/glance/api/middleware/version_negotiation.py:70}}
Jun 09 21:47:52 ubuntu devstack@g-api.service[136261]: [pid: 136261|app: 0|req: 8/14] 127.0.0.1 () {38 vars in 737 bytes} [Thu Jun  9 21:47:52 2022] GET /v2/schemas/metadefs/namespace => generated 3100 bytes in 14 msecs (HTTP/1.1 200) 4 headers in 158 bytes (1 switches on core 0)
Jun 09 21:47:52 ubuntu devstack@g-api.service[136260]: DEBUG glance.api.middleware.version_negotiation [None req-bb876d9d-a768-495f-96fb-c83e7a655668 admin admin] Determining version of request: GET /v2/schemas/metadefs/resource_type Accept: */* {{(pid=136260) process_request /opt/stack/glance/glance/api/middleware/version_negotiation.py:44}}
Jun 09 21:47:52 ubuntu devstack@g-api.service[136260]: DEBUG glance.api.middleware.version_negotiation [None req-bb876d9d-a768-495f-96fb-c83e7a655668 admin admin] Using url versioning {{(pid=136260) process_request /opt/stack/glance/glance/api/middleware/version_negotiation.py:57}}
Jun 09 21:47:52 ubuntu devstack@g-api.service[136260]: DEBUG glance.api.middleware.version_negotiation [None req-bb876d9d-a768-495f-96fb-c83e7a655668 admin admin] Matched version: v2 {{(pid=136260) process_request /opt/stack/glance/glance/api/middleware/version_negotiation.py:69}}
Jun 09 21:47:52 ubuntu devstack@g-api.service[136260]: DEBUG glance.api.middleware.version_negotiation [None req-bb876d9d-a768-495f-96fb-c83e7a655668 admin admin] new path /v2/schemas/metadefs/resource_type {{(pid=136260) process_request /opt/stack/glance/glance/api/middleware/version_negotiation.py:70}}
Jun 09 21:47:52 ubuntu devstack@g-api.service[136260]: [pid: 136260|app: 0|req: 7/15] 127.0.0.1 () {38 vars in 745 bytes} [Thu Jun  9 21:47:52 2022] GET /v2/schemas/metadefs/resource_type => generated 1262 bytes in 6 msecs (HTTP/1.1 200) 4 headers in 158 bytes (1 switches on core 0)
Jun 09 21:47:52 ubuntu devstack@g-api.service[136261]: DEBUG glance.api.middleware.version_negotiation [None req-3f6526f4-cdf6-45cb-b26a-038c2a6f05de admin admin] Determining version of request: GET /v2/images Accept: */* {{(pid=136261) process_request /opt/stack/glance/glance/api/middleware/version_negotiation.py:44}}
Jun 09 21:47:52 ubuntu devstack@g-api.service[136261]: DEBUG glance.api.middleware.version_negotiation [None req-3f6526f4-cdf6-45cb-b26a-038c2a6f05de admin admin] Using url versioning {{(pid=136261) process_request /opt/stack/glance/glance/api/middleware/version_negotiation.py:57}}
Jun 09 21:47:52 ubuntu devstack@g-api.service[136261]: DEBUG glance.api.middleware.version_negotiation [None req-3f6526f4-cdf6-45cb-b26a-038c2a6f05de admin admin] Matched version: v2 {{(pid=136261) process_request /opt/stack/glance/glance/api/middleware/version_negotiation.py:69}}
Jun 09 21:47:52 ubuntu devstack@g-api.service[136261]: DEBUG glance.api.middleware.version_negotiation [None req-3f6526f4-cdf6-45cb-b26a-038c2a6f05de admin admin] new path /v2/images {{(pid=136261) process_request /opt/stack/glance/glance/api/middleware/version_negotiation.py:70}}
Jun 09 21:47:52 ubuntu devstack@g-api.service[136261]: [pid: 136261|app: 0|req: 9/16] 127.0.0.1 () {38 vars in 768 bytes} [Thu Jun  9 21:47:52 2022] GET /v2/images?limit=20&sort_key=name&sort_dir=asc => generated 1081 bytes in 79 msecs (HTTP/1.1 200) 4 headers in 158 bytes (1 switches on core 0)
Jun 09 21:47:52 ubuntu devstack@g-api.service[136260]: DEBUG glance.api.middleware.version_negotiation [None req-891d677a-89be-4167-a5bc-7ee0c8005982 admin admin] Determining version of request: GET /v2/schemas/image Accept: */* {{(pid=136260) process_request /opt/stack/glance/glance/api/middleware/version_negotiation.py:44}}
Jun 09 21:47:52 ubuntu devstack@g-api.service[136260]: DEBUG glance.api.middleware.version_negotiation [None req-891d677a-89be-4167-a5bc-7ee0c8005982 admin admin] Using url versioning {{(pid=136260) process_request /opt/stack/glance/glance/api/middleware/version_negotiation.py:57}}
Jun 09 21:47:52 ubuntu devstack@g-api.service[136260]: DEBUG glance.api.middleware.version_negotiation [None req-891d677a-89be-4167-a5bc-7ee0c8005982 admin admin] Matched version: v2 {{(pid=136260) process_request /opt/stack/glance/glance/api/middleware/version_negotiation.py:69}}
Jun 09 21:47:52 ubuntu devstack@g-api.service[136260]: DEBUG glance.api.middleware.version_negotiation [None req-891d677a-89be-4167-a5bc-7ee0c8005982 admin admin] new path /v2/schemas/image {{(pid=136260) process_request /opt/stack/glance/glance/api/middleware/version_negotiation.py:70}}
Jun 09 21:47:52 ubuntu devstack@g-api.service[136260]: [pid: 136260|app: 0|req: 8/17] 127.0.0.1 () {38 vars in 711 bytes} [Thu Jun  9 21:47:52 2022] GET /v2/schemas/image => generated 6083 bytes in 7 msecs (HTTP/1.1 200) 4 headers in 158 bytes (1 switches on core 0)
Jun 09 21:48:00 ubuntu devstack@g-api.service[136261]: DEBUG glance.api.middleware.version_negotiation [None req-24da1d3b-4544-466b-b680-99dd580f198b admin admin] Determining version of request: GET / Accept: application/json {{(pid=136261) process_request /opt/stack/glance/glance/api/middleware/version_negotiation.py:44}}
Jun 09 21:48:00 ubuntu devstack@g-api.service[136261]: DEBUG glance.api.middleware.version_negotiation [None req-24da1d3b-4544-466b-b680-99dd580f198b admin admin] Using url versioning {{(pid=136261) process_request /opt/stack/glance/glance/api/middleware/version_negotiation.py:57}}
Jun 09 21:48:00 ubuntu devstack@g-api.service[136261]: DEBUG glance.api.middleware.version_negotiation [None req-24da1d3b-4544-466b-b680-99dd580f198b admin admin] Unknown version. Returning version choices. {{(pid=136261) process_request /opt/stack/glance/glance/api/middleware/version_negotiation.py:64}}
Jun 09 21:48:00 ubuntu devstack@g-api.service[136261]: [pid: 136261|app: 0|req: 10/18] 127.0.0.1 () {34 vars in 492 bytes} [Thu Jun  9 21:48:00 2022] GET / => generated 1323 bytes in 5 msecs (HTTP/1.1 300) 3 headers in 106 bytes (1 switches on core 0)
Jun 09 21:48:00 ubuntu devstack@g-api.service[136260]: DEBUG glance.api.middleware.version_negotiation [None req-a4458e43-6183-4e9a-8bb6-16404a51b739 admin admin] Determining version of request: GET /v2/images/66c943b9-18ad-47b4-8d5c-0e3b3c15be4e Accept: */* {{(pid=136260) process_request /opt/stack/glance/glance/api/middleware/version_negotiation.py:44}}
Jun 09 21:48:00 ubuntu devstack@g-api.service[136260]: DEBUG glance.api.middleware.version_negotiation [None req-a4458e43-6183-4e9a-8bb6-16404a51b739 admin admin] Using url versioning {{(pid=136260) process_request /opt/stack/glance/glance/api/middleware/version_negotiation.py:57}}
Jun 09 21:48:00 ubuntu devstack@g-api.service[136260]: DEBUG glance.api.middleware.version_negotiation [None req-a4458e43-6183-4e9a-8bb6-16404a51b739 admin admin] Matched version: v2 {{(pid=136260) process_request /opt/stack/glance/glance/api/middleware/version_negotiation.py:69}}
Jun 09 21:48:00 ubuntu devstack@g-api.service[136260]: DEBUG glance.api.middleware.version_negotiation [None req-a4458e43-6183-4e9a-8bb6-16404a51b739 admin admin] new path /v2/images/66c943b9-18ad-47b4-8d5c-0e3b3c15be4e {{(pid=136260) process_request /opt/stack/glance/glance/api/middleware/version_negotiation.py:70}}
Jun 09 21:48:00 ubuntu devstack@g-api.service[136260]: WARNING keystonemiddleware.auth_token [None req-a4458e43-6183-4e9a-8bb6-16404a51b739 admin admin] A valid token was submitted as a service token, but it was not a valid service token. This is incorrect but backwards compatible behaviour. This will be removed in future releases.
Jun 09 21:48:00 ubuntu devstack@g-api.service[136260]: [pid: 136260|app: 0|req: 9/19] 127.0.0.1 () {42 vars in 1049 bytes} [Thu Jun  9 21:48:00 2022] GET /v2/images/66c943b9-18ad-47b4-8d5c-0e3b3c15be4e => generated 976 bytes in 109 msecs (HTTP/1.1 200) 4 headers in 157 bytes (1 switches on core 0)
Jun 09 21:48:00 ubuntu devstack@g-api.service[136261]: DEBUG glance.api.middleware.version_negotiation [None req-24da1d3b-4544-466b-b680-99dd580f198b admin admin] Determining version of request: GET /v2/schemas/image Accept: */* {{(pid=136261) process_request /opt/stack/glance/glance/api/middleware/version_negotiation.py:44}}
Jun 09 21:48:00 ubuntu devstack@g-api.service[136261]: DEBUG glance.api.middleware.version_negotiation [None req-24da1d3b-4544-466b-b680-99dd580f198b admin admin] Using url versioning {{(pid=136261) process_request /opt/stack/glance/glance/api/middleware/version_negotiation.py:57}}
Jun 09 21:48:00 ubuntu devstack@g-api.service[136261]: DEBUG glance.api.middleware.version_negotiation [None req-24da1d3b-4544-466b-b680-99dd580f198b admin admin] Matched version: v2 {{(pid=136261) process_request /opt/stack/glance/glance/api/middleware/version_negotiation.py:69}}
Jun 09 21:48:00 ubuntu devstack@g-api.service[136261]: DEBUG glance.api.middleware.version_negotiation [None req-24da1d3b-4544-466b-b680-99dd580f198b admin admin] new path /v2/schemas/image {{(pid=136261) process_request /opt/stack/glance/glance/api/middleware/version_negotiation.py:70}}
Jun 09 21:48:00 ubuntu devstack@g-api.service[136261]: WARNING keystonemiddleware.auth_token [None req-24da1d3b-4544-466b-b680-99dd580f198b admin admin] A valid token was submitted as a service token, but it was not a valid service token. This is incorrect but backwards compatible behaviour. This will be removed in future releases.
Jun 09 21:48:00 ubuntu devstack@g-api.service[136261]: [pid: 136261|app: 0|req: 11/20] 127.0.0.1 () {42 vars in 989 bytes} [Thu Jun  9 21:48:00 2022] GET /v2/schemas/image => generated 6083 bytes in 14 msecs (HTTP/1.1 200) 4 headers in 158 bytes (1 switches on core 0)
Jun 09 21:48:02 ubuntu devstack@g-api.service[136261]: DEBUG dbcounter [-] [136261] Writing DB stats glance:SELECT=2 {{(pid=136261) stat_writer /usr/local/lib/python3.8/dist-packages/dbcounter.py:114}}
Jun 09 21:48:02 ubuntu devstack@g-api.service[136260]: DEBUG glance.api.middleware.version_negotiation [None req-50c7dbb6-e627-4734-b01d-7480bcc11426 tempest-VolumesAdminNegativeTest-606312864 tempest-VolumesAdminNegativeTest-606312864-project] Determining version of request: GET /v2/images/66c943b9-18ad-47b4-8d5c-0e3b3c15be4e Accept: */* {{(pid=136260) process_request /opt/stack/glance/glance/api/middleware/version_negotiation.py:44}}
Jun 09 21:48:02 ubuntu devstack@g-api.service[136260]: DEBUG glance.api.middleware.version_negotiation [None req-50c7dbb6-e627-4734-b01d-7480bcc11426 tempest-VolumesAdminNegativeTest-606312864 tempest-VolumesAdminNegativeTest-606312864-project] Using url versioning {{(pid=136260) process_request /opt/stack/glance/glance/api/middleware/version_negotiation.py:57}}
Jun 09 21:48:02 ubuntu devstack@g-api.service[136260]: DEBUG glance.api.middleware.version_negotiation [None req-50c7dbb6-e627-4734-b01d-7480bcc11426 tempest-VolumesAdminNegativeTest-606312864 tempest-VolumesAdminNegativeTest-606312864-project] Matched version: v2 {{(pid=136260) process_request /opt/stack/glance/glance/api/middleware/version_negotiation.py:69}}
Jun 09 21:48:02 ubuntu devstack@g-api.service[136260]: DEBUG glance.api.middleware.version_negotiation [None req-50c7dbb6-e627-4734-b01d-7480bcc11426 tempest-VolumesAdminNegativeTest-606312864 tempest-VolumesAdminNegativeTest-606312864-project] new path /v2/images/66c943b9-18ad-47b4-8d5c-0e3b3c15be4e {{(pid=136260) process_request /opt/stack/glance/glance/api/middleware/version_negotiation.py:70}}
Jun 09 21:48:02 ubuntu devstack@g-api.service[136260]: [pid: 136260|app: 0|req: 10/21] 127.0.0.1 () {42 vars in 1049 bytes} [Thu Jun  9 21:48:02 2022] GET /v2/images/66c943b9-18ad-47b4-8d5c-0e3b3c15be4e => generated 976 bytes in 14 msecs (HTTP/1.1 200) 4 headers in 157 bytes (1 switches on core 0)
Jun 09 21:48:02 ubuntu devstack@g-api.service[136261]: DEBUG glance.api.middleware.version_negotiation [None req-50c7dbb6-e627-4734-b01d-7480bcc11426 tempest-VolumesAdminNegativeTest-606312864 tempest-VolumesAdminNegativeTest-606312864-project] Determining version of request: GET /v2/images/66c943b9-18ad-47b4-8d5c-0e3b3c15be4e/file Accept: */* {{(pid=136261) process_request /opt/stack/glance/glance/api/middleware/version_negotiation.py:44}}
Jun 09 21:48:02 ubuntu devstack@g-api.service[136261]: DEBUG glance.api.middleware.version_negotiation [None req-50c7dbb6-e627-4734-b01d-7480bcc11426 tempest-VolumesAdminNegativeTest-606312864 tempest-VolumesAdminNegativeTest-606312864-project] Using url versioning {{(pid=136261) process_request /opt/stack/glance/glance/api/middleware/version_negotiation.py:57}}
Jun 09 21:48:02 ubuntu devstack@g-api.service[136261]: DEBUG glance.api.middleware.version_negotiation [None req-50c7dbb6-e627-4734-b01d-7480bcc11426 tempest-VolumesAdminNegativeTest-606312864 tempest-VolumesAdminNegativeTest-606312864-project] Matched version: v2 {{(pid=136261) process_request /opt/stack/glance/glance/api/middleware/version_negotiation.py:69}}
Jun 09 21:48:02 ubuntu devstack@g-api.service[136261]: DEBUG glance.api.middleware.version_negotiation [None req-50c7dbb6-e627-4734-b01d-7480bcc11426 tempest-VolumesAdminNegativeTest-606312864 tempest-VolumesAdminNegativeTest-606312864-project] new path /v2/images/66c943b9-18ad-47b4-8d5c-0e3b3c15be4e/file {{(pid=136261) process_request /opt/stack/glance/glance/api/middleware/version_negotiation.py:70}}
Jun 09 21:48:02 ubuntu devstack@g-api.service[136261]: DEBUG glance_store.backend [None req-50c7dbb6-e627-4734-b01d-7480bcc11426 tempest-VolumesAdminNegativeTest-606312864 tempest-VolumesAdminNegativeTest-606312864-project] Attempting to import store swift {{(pid=136261) _load_store /usr/local/lib/python3.8/dist-packages/glance_store/backend.py:217}}
Jun 09 21:48:02 ubuntu devstack@g-api.service[136261]: DEBUG glance_store.capabilities [None req-50c7dbb6-e627-4734-b01d-7480bcc11426 tempest-VolumesAdminNegativeTest-606312864 tempest-VolumesAdminNegativeTest-606312864-project] Store glance_store._drivers.swift.store.SingleTenantStore doesn't support updating dynamic storage capabilities. Please overwrite 'update_capabilities' method of the store to implement updating logics if needed. {{(pid=136261) update_capabilities /usr/local/lib/python3.8/dist-packages/glance_store/capabilities.py:91}}
Jun 09 21:48:02 ubuntu devstack@g-api.service[136261]: DEBUG glance_store.driver [None req-50c7dbb6-e627-4734-b01d-7480bcc11426 tempest-VolumesAdminNegativeTest-606312864 tempest-VolumesAdminNegativeTest-606312864-project] Late loading location class glance_store._drivers.swift.store.StoreLocation {{(pid=136261) get_store_location_class /usr/local/lib/python3.8/dist-packages/glance_store/driver.py:117}}
Jun 09 21:48:02 ubuntu devstack@g-api.service[136261]: DEBUG glance_store.location [None req-50c7dbb6-e627-4734-b01d-7480bcc11426 tempest-VolumesAdminNegativeTest-606312864 tempest-VolumesAdminNegativeTest-606312864-project] Registering scheme swift+https with {'store': <glance_store._drivers.swift.store.SingleTenantStore object at 0x7f2e81c2a4f0>, 'location_class': <class 'glance_store._drivers.swift.store.StoreLocation'>, 'store_entry': 'swift'} {{(pid=136261) register_scheme_map /usr/local/lib/python3.8/dist-packages/glance_store/location.py:146}}
Jun 09 21:48:02 ubuntu devstack@g-api.service[136261]: DEBUG glance_store.location [None req-50c7dbb6-e627-4734-b01d-7480bcc11426 tempest-VolumesAdminNegativeTest-606312864 tempest-VolumesAdminNegativeTest-606312864-project] Registering scheme swift+https with {'store': <glance_store._drivers.swift.store.SingleTenantStore object at 0x7f2e81c2a4f0>, 'location_class': <class 'glance_store._drivers.swift.store.StoreLocation'>, 'store_entry': 'swift'} {{(pid=136261) register_scheme_map /usr/local/lib/python3.8/dist-packages/glance_store/location.py:146}}
Jun 09 21:48:02 ubuntu devstack@g-api.service[136261]: DEBUG glance_store.location [None req-50c7dbb6-e627-4734-b01d-7480bcc11426 tempest-VolumesAdminNegativeTest-606312864 tempest-VolumesAdminNegativeTest-606312864-project] Registering scheme swift with {'store': <glance_store._drivers.swift.store.SingleTenantStore object at 0x7f2e81c2a4f0>, 'location_class': <class 'glance_store._drivers.swift.store.StoreLocation'>, 'store_entry': 'swift'} {{(pid=136261) register_scheme_map /usr/local/lib/python3.8/dist-packages/glance_store/location.py:146}}
Jun 09 21:48:02 ubuntu devstack@g-api.service[136261]: DEBUG glance_store.location [None req-50c7dbb6-e627-4734-b01d-7480bcc11426 tempest-VolumesAdminNegativeTest-606312864 tempest-VolumesAdminNegativeTest-606312864-project] Registering scheme swift+https with {'store': <glance_store._drivers.swift.store.SingleTenantStore object at 0x7f2e81c2a4f0>, 'location_class': <class 'glance_store._drivers.swift.store.StoreLocation'>, 'store_entry': 'swift'} {{(pid=136261) register_scheme_map /usr/local/lib/python3.8/dist-packages/glance_store/location.py:146}}
Jun 09 21:48:02 ubuntu devstack@g-api.service[136261]: DEBUG glance_store.location [None req-50c7dbb6-e627-4734-b01d-7480bcc11426 tempest-VolumesAdminNegativeTest-606312864 tempest-VolumesAdminNegativeTest-606312864-project] Registering scheme swift with {'store': <glance_store._drivers.swift.store.SingleTenantStore object at 0x7f2e81c2a4f0>, 'location_class': <class 'glance_store._drivers.swift.store.StoreLocation'>, 'store_entry': 'swift'} {{(pid=136261) register_scheme_map /usr/local/lib/python3.8/dist-packages/glance_store/location.py:146}}
Jun 09 21:48:02 ubuntu devstack@g-api.service[136261]: DEBUG glance_store.location [None req-50c7dbb6-e627-4734-b01d-7480bcc11426 tempest-VolumesAdminNegativeTest-606312864 tempest-VolumesAdminNegativeTest-606312864-project] Registering scheme swift+http with {'store': <glance_store._drivers.swift.store.SingleTenantStore object at 0x7f2e81c2a4f0>, 'location_class': <class 'glance_store._drivers.swift.store.StoreLocation'>, 'store_entry': 'swift'} {{(pid=136261) register_scheme_map /usr/local/lib/python3.8/dist-packages/glance_store/location.py:146}}
Jun 09 21:48:02 ubuntu devstack@g-api.service[136261]: DEBUG glance_store.location [None req-50c7dbb6-e627-4734-b01d-7480bcc11426 tempest-VolumesAdminNegativeTest-606312864 tempest-VolumesAdminNegativeTest-606312864-project] Registering scheme swift+https with {'store': <glance_store._drivers.swift.store.SingleTenantStore object at 0x7f2e81c2a4f0>, 'location_class': <class 'glance_store._drivers.swift.store.StoreLocation'>, 'store_entry': 'swift'} {{(pid=136261) register_scheme_map /usr/local/lib/python3.8/dist-packages/glance_store/location.py:146}}
Jun 09 21:48:02 ubuntu devstack@g-api.service[136261]: DEBUG glance_store.location [None req-50c7dbb6-e627-4734-b01d-7480bcc11426 tempest-VolumesAdminNegativeTest-606312864 tempest-VolumesAdminNegativeTest-606312864-project] Registering scheme swift with {'store': <glance_store._drivers.swift.store.SingleTenantStore object at 0x7f2e81c2a4f0>, 'location_class': <class 'glance_store._drivers.swift.store.StoreLocation'>, 'store_entry': 'swift'} {{(pid=136261) register_scheme_map /usr/local/lib/python3.8/dist-packages/glance_store/location.py:146}}
Jun 09 21:48:02 ubuntu devstack@g-api.service[136261]: DEBUG glance_store.location [None req-50c7dbb6-e627-4734-b01d-7480bcc11426 tempest-VolumesAdminNegativeTest-606312864 tempest-VolumesAdminNegativeTest-606312864-project] Registering scheme swift+http with {'store': <glance_store._drivers.swift.store.SingleTenantStore object at 0x7f2e81c2a4f0>, 'location_class': <class 'glance_store._drivers.swift.store.StoreLocation'>, 'store_entry': 'swift'} {{(pid=136261) register_scheme_map /usr/local/lib/python3.8/dist-packages/glance_store/location.py:146}}
Jun 09 21:48:02 ubuntu devstack@g-api.service[136261]: DEBUG glance_store.location [None req-50c7dbb6-e627-4734-b01d-7480bcc11426 tempest-VolumesAdminNegativeTest-606312864 tempest-VolumesAdminNegativeTest-606312864-project] Registering scheme swift+config with {'store': <glance_store._drivers.swift.store.SingleTenantStore object at 0x7f2e81c2a4f0>, 'location_class': <class 'glance_store._drivers.swift.store.StoreLocation'>, 'store_entry': 'swift'} {{(pid=136261) register_scheme_map /usr/local/lib/python3.8/dist-packages/glance_store/location.py:146}}
Jun 09 21:48:03 ubuntu devstack@g-api.service[136261]: DEBUG swiftclient [None req-50c7dbb6-e627-4734-b01d-7480bcc11426 tempest-VolumesAdminNegativeTest-606312864 tempest-VolumesAdminNegativeTest-606312864-project] REQ: curl -i http://192.168.79.48:8080/v1/AUTH_421df66fe72f45a59bcd31b5ae34cd33/glance/66c943b9-18ad-47b4-8d5c-0e3b3c15be4e -X GET -H "X-Auth-Token: gAAAAABiomqSmP9b..." {{(pid=136261) http_log /usr/local/lib/python3.8/dist-packages/swiftclient/client.py:157}}
Jun 09 21:48:03 ubuntu devstack@g-api.service[136261]: DEBUG swiftclient [None req-50c7dbb6-e627-4734-b01d-7480bcc11426 tempest-VolumesAdminNegativeTest-606312864 tempest-VolumesAdminNegativeTest-606312864-project] RESP STATUS: 200 OK {{(pid=136261) http_log /usr/local/lib/python3.8/dist-packages/swiftclient/client.py:158}}
Jun 09 21:48:03 ubuntu devstack@g-api.service[136261]: DEBUG swiftclient [None req-50c7dbb6-e627-4734-b01d-7480bcc11426 tempest-VolumesAdminNegativeTest-606312864 tempest-VolumesAdminNegativeTest-606312864-project] RESP HEADERS: {'Content-Type': 'application/octet-stream', 'Etag': '1d3062cd89af34e419f7100277f38b2b', 'Last-Modified': 'Thu, 09 Jun 2022 21:42:52 GMT', 'X-Timestamp': '1654810971.58330', 'Accept-Ranges': 'bytes', 'Content-Length': '16338944', 'X-Trans-Id': 'txe70ea1c4b3974a1da2bf5-0062a26a92', 'X-Openstack-Request-Id': 'txe70ea1c4b3974a1da2bf5-0062a26a92', 'Date': 'Thu, 09 Jun 2022 21:48:03 GMT'} {{(pid=136261) http_log /usr/local/lib/python3.8/dist-packages/swiftclient/client.py:159}}
Jun 09 21:48:03 ubuntu devstack@g-api.service[136261]: DEBUG glance.image_cache [None req-50c7dbb6-e627-4734-b01d-7480bcc11426 tempest-VolumesAdminNegativeTest-606312864 tempest-VolumesAdminNegativeTest-606312864-project] Tee'ing image '66c943b9-18ad-47b4-8d5c-0e3b3c15be4e' into cache {{(pid=136261) get_caching_iter /opt/stack/glance/glance/image_cache/__init__.py:343}}
Jun 09 21:48:03 ubuntu devstack@g-api.service[136261]: DEBUG glance.image_cache.drivers.sqlite [None req-50c7dbb6-e627-4734-b01d-7480bcc11426 tempest-VolumesAdminNegativeTest-606312864 tempest-VolumesAdminNegativeTest-606312864-project] Fetch finished, moving '/opt/stack/data/glance/cache/incomplete/66c943b9-18ad-47b4-8d5c-0e3b3c15be4e' to '/opt/stack/data/glance/cache/66c943b9-18ad-47b4-8d5c-0e3b3c15be4e' {{(pid=136261) commit /opt/stack/glance/glance/image_cache/drivers/sqlite.py:324}}
Jun 09 21:48:03 ubuntu devstack@g-api.service[136261]: [pid: 136261|app: 0|req: 12/22] 127.0.0.1 () {42 vars in 1059 bytes} [Thu Jun  9 21:48:02 2022] GET /v2/images/66c943b9-18ad-47b4-8d5c-0e3b3c15be4e/file => generated 16338944 bytes in 342 msecs (HTTP/1.1 200) 4 headers in 191 bytes (250 switches on core 0)
Jun 09 21:48:12 ubuntu devstack@g-api.service[136260]: DEBUG dbcounter [-] [136260] Writing DB stats glance:SELECT=8 {{(pid=136260) stat_writer /usr/local/lib/python3.8/dist-packages/dbcounter.py:114}}
Jun 09 21:48:13 ubuntu devstack@g-api.service[136261]: DEBUG dbcounter [-] [136261] Writing DB stats glance:SELECT=8 {{(pid=136261) stat_writer /usr/local/lib/python3.8/dist-packages/dbcounter.py:114}}
Jun 09 21:48:22 ubuntu devstack@g-api.service[136260]: DEBUG glance.api.middleware.version_negotiation [None req-50c7dbb6-e627-4734-b01d-7480bcc11426 tempest-VolumesAdminNegativeTest-606312864 tempest-VolumesAdminNegativeTest-606312864-project] Determining version of request: GET / Accept: application/json {{(pid=136260) process_request /opt/stack/glance/glance/api/middleware/version_negotiation.py:44}}
Jun 09 21:48:22 ubuntu devstack@g-api.service[136260]: DEBUG glance.api.middleware.version_negotiation [None req-50c7dbb6-e627-4734-b01d-7480bcc11426 tempest-VolumesAdminNegativeTest-606312864 tempest-VolumesAdminNegativeTest-606312864-project] Using url versioning {{(pid=136260) process_request /opt/stack/glance/glance/api/middleware/version_negotiation.py:57}}
Jun 09 21:48:22 ubuntu devstack@g-api.service[136260]: DEBUG glance.api.middleware.version_negotiation [None req-50c7dbb6-e627-4734-b01d-7480bcc11426 tempest-VolumesAdminNegativeTest-606312864 tempest-VolumesAdminNegativeTest-606312864-project] Unknown version. Returning version choices. {{(pid=136260) process_request /opt/stack/glance/glance/api/middleware/version_negotiation.py:64}}
Jun 09 21:48:22 ubuntu devstack@g-api.service[136260]: [pid: 136260|app: 0|req: 11/23] 127.0.0.1 () {34 vars in 492 bytes} [Thu Jun  9 21:48:22 2022] GET / => generated 1323 bytes in 4 msecs (HTTP/1.1 300) 3 headers in 106 bytes (1 switches on core 0)
Jun 09 21:48:22 ubuntu devstack@g-api.service[136261]: DEBUG glance.api.middleware.version_negotiation [None req-50c7dbb6-e627-4734-b01d-7480bcc11426 tempest-VolumesAdminNegativeTest-606312864 tempest-VolumesAdminNegativeTest-606312864-project] Determining version of request: GET /v2/images/66c943b9-18ad-47b4-8d5c-0e3b3c15be4e Accept: */* {{(pid=136261) process_request /opt/stack/glance/glance/api/middleware/version_negotiation.py:44}}
Jun 09 21:48:22 ubuntu devstack@g-api.service[136261]: DEBUG glance.api.middleware.version_negotiation [None req-50c7dbb6-e627-4734-b01d-7480bcc11426 tempest-VolumesAdminNegativeTest-606312864 tempest-VolumesAdminNegativeTest-606312864-project] Using url versioning {{(pid=136261) process_request /opt/stack/glance/glance/api/middleware/version_negotiation.py:57}}
Jun 09 21:48:22 ubuntu devstack@g-api.service[136261]: DEBUG glance.api.middleware.version_negotiation [None req-50c7dbb6-e627-4734-b01d-7480bcc11426 tempest-VolumesAdminNegativeTest-606312864 tempest-VolumesAdminNegativeTest-606312864-project] Matched version: v2 {{(pid=136261) process_request /opt/stack/glance/glance/api/middleware/version_negotiation.py:69}}
Jun 09 21:48:22 ubuntu devstack@g-api.service[136261]: DEBUG glance.api.middleware.version_negotiation [None req-50c7dbb6-e627-4734-b01d-7480bcc11426 tempest-VolumesAdminNegativeTest-606312864 tempest-VolumesAdminNegativeTest-606312864-project] new path /v2/images/66c943b9-18ad-47b4-8d5c-0e3b3c15be4e {{(pid=136261) process_request /opt/stack/glance/glance/api/middleware/version_negotiation.py:70}}
Jun 09 21:48:22 ubuntu devstack@g-api.service[136261]: [pid: 136261|app: 0|req: 13/24] 127.0.0.1 () {42 vars in 1049 bytes} [Thu Jun  9 21:48:22 2022] GET /v2/images/66c943b9-18ad-47b4-8d5c-0e3b3c15be4e => generated 976 bytes in 21 msecs (HTTP/1.1 200) 4 headers in 157 bytes (1 switches on core 0)
Jun 09 21:48:22 ubuntu devstack@g-api.service[136260]: DEBUG glance.api.middleware.version_negotiation [None req-50c7dbb6-e627-4734-b01d-7480bcc11426 tempest-VolumesAdminNegativeTest-606312864 tempest-VolumesAdminNegativeTest-606312864-project] Determining version of request: GET /v2/schemas/image Accept: */* {{(pid=136260) process_request /opt/stack/glance/glance/api/middleware/version_negotiation.py:44}}
Jun 09 21:48:22 ubuntu devstack@g-api.service[136260]: DEBUG glance.api.middleware.version_negotiation [None req-50c7dbb6-e627-4734-b01d-7480bcc11426 tempest-VolumesAdminNegativeTest-606312864 tempest-VolumesAdminNegativeTest-606312864-project] Using url versioning {{(pid=136260) process_request /opt/stack/glance/glance/api/middleware/version_negotiation.py:57}}
Jun 09 21:48:22 ubuntu devstack@g-api.service[136260]: DEBUG glance.api.middleware.version_negotiation [None req-50c7dbb6-e627-4734-b01d-7480bcc11426 tempest-VolumesAdminNegativeTest-606312864 tempest-VolumesAdminNegativeTest-606312864-project] Matched version: v2 {{(pid=136260) process_request /opt/stack/glance/glance/api/middleware/version_negotiation.py:69}}
Jun 09 21:48:22 ubuntu devstack@g-api.service[136260]: DEBUG glance.api.middleware.version_negotiation [None req-50c7dbb6-e627-4734-b01d-7480bcc11426 tempest-VolumesAdminNegativeTest-606312864 tempest-VolumesAdminNegativeTest-606312864-project] new path /v2/schemas/image {{(pid=136260) process_request /opt/stack/glance/glance/api/middleware/version_negotiation.py:70}}
Jun 09 21:48:22 ubuntu devstack@g-api.service[136260]: [pid: 136260|app: 0|req: 12/25] 127.0.0.1 () {42 vars in 989 bytes} [Thu Jun  9 21:48:22 2022] GET /v2/schemas/image => generated 6083 bytes in 5 msecs (HTTP/1.1 200) 4 headers in 158 bytes (1 switches on core 0)
Jun 09 21:48:32 ubuntu devstack@g-api.service[136261]: DEBUG dbcounter [-] [136261] Writing DB stats glance:SELECT=4 {{(pid=136261) stat_writer /usr/local/lib/python3.8/dist-packages/dbcounter.py:114}}
Jun 09 21:48:49 ubuntu devstack@g-api.service[136261]: DEBUG glance.api.middleware.version_negotiation [None req-3b3f1f0a-2207-4b27-ad5b-b6b66da6a895 tempest-DeleteServersTestJSON-818373330 tempest-DeleteServersTestJSON-818373330-project] Determining version of request: GET /v2/images/66c943b9-18ad-47b4-8d5c-0e3b3c15be4e Accept: */* {{(pid=136261) process_request /opt/stack/glance/glance/api/middleware/version_negotiation.py:44}}
