Jul 29 02:30:55 ubuntu devstack@g-api.service[148179]: INFO glance.location [None req-d33a8046-5b90-41fb-9c06-dc37aeeaa5fb admin admin] Image format matched and virtual size computed: 117440512
Jul 29 02:30:55 ubuntu devstack@g-api.service[148179]: DEBUG glance_store.backend [None req-d33a8046-5b90-41fb-9c06-dc37aeeaa5fb admin admin] Attempting to import store swift {{(pid=148179) _load_store /usr/local/lib/python3.8/dist-packages/glance_store/backend.py:216}}
Jul 29 02:30:55 ubuntu devstack@g-api.service[148179]: DEBUG glance_store.capabilities [None req-d33a8046-5b90-41fb-9c06-dc37aeeaa5fb admin admin] Store glance_store._drivers.swift.store.SingleTenantStore doesn't support updating dynamic storage capabilities. Please overwrite 'update_capabilities' method of the store to implement updating logics if needed. {{(pid=148179) update_capabilities /usr/local/lib/python3.8/dist-packages/glance_store/capabilities.py:91}}
Jul 29 02:30:55 ubuntu devstack@g-api.service[148179]: DEBUG glance_store.driver [None req-d33a8046-5b90-41fb-9c06-dc37aeeaa5fb admin admin] Late loading location class glance_store._drivers.swift.store.StoreLocation {{(pid=148179) get_store_location_class /usr/local/lib/python3.8/dist-packages/glance_store/driver.py:116}}
Jul 29 02:30:55 ubuntu devstack@g-api.service[148179]: DEBUG glance_store.location [None req-d33a8046-5b90-41fb-9c06-dc37aeeaa5fb admin admin] Registering scheme swift+https with {'store': <glance_store._drivers.swift.store.SingleTenantStore object at 0x7f5bc832c2b0>, 'location_class': <class 'glance_store._drivers.swift.store.StoreLocation'>, 'store_entry': 'swift'} {{(pid=148179) register_scheme_map /usr/local/lib/python3.8/dist-packages/glance_store/location.py:146}}
Jul 29 02:30:55 ubuntu devstack@g-api.service[148179]: DEBUG glance_store.location [None req-d33a8046-5b90-41fb-9c06-dc37aeeaa5fb admin admin] Registering scheme swift+https with {'store': <glance_store._drivers.swift.store.SingleTenantStore object at 0x7f5bc832c2b0>, 'location_class': <class 'glance_store._drivers.swift.store.StoreLocation'>, 'store_entry': 'swift'} {{(pid=148179) register_scheme_map /usr/local/lib/python3.8/dist-packages/glance_store/location.py:146}}
Jul 29 02:30:55 ubuntu devstack@g-api.service[148179]: DEBUG glance_store.location [None req-d33a8046-5b90-41fb-9c06-dc37aeeaa5fb admin admin] Registering scheme swift with {'store': <glance_store._drivers.swift.store.SingleTenantStore object at 0x7f5bc832c2b0>, 'location_class': <class 'glance_store._drivers.swift.store.StoreLocation'>, 'store_entry': 'swift'} {{(pid=148179) register_scheme_map /usr/local/lib/python3.8/dist-packages/glance_store/location.py:146}}
Jul 29 02:30:55 ubuntu devstack@g-api.service[148179]: DEBUG glance_store.location [None req-d33a8046-5b90-41fb-9c06-dc37aeeaa5fb admin admin] Registering scheme swift+https with {'store': <glance_store._drivers.swift.store.SingleTenantStore object at 0x7f5bc832c2b0>, 'location_class': <class 'glance_store._drivers.swift.store.StoreLocation'>, 'store_entry': 'swift'} {{(pid=148179) register_scheme_map /usr/local/lib/python3.8/dist-packages/glance_store/location.py:146}}
Jul 29 02:30:55 ubuntu devstack@g-api.service[148179]: DEBUG glance_store.location [None req-d33a8046-5b90-41fb-9c06-dc37aeeaa5fb admin admin] Registering scheme swift with {'store': <glance_store._drivers.swift.store.SingleTenantStore object at 0x7f5bc832c2b0>, 'location_class': <class 'glance_store._drivers.swift.store.StoreLocation'>, 'store_entry': 'swift'} {{(pid=148179) register_scheme_map /usr/local/lib/python3.8/dist-packages/glance_store/location.py:146}}
Jul 29 02:30:55 ubuntu devstack@g-api.service[148179]: DEBUG glance_store.location [None req-d33a8046-5b90-41fb-9c06-dc37aeeaa5fb admin admin] Registering scheme swift+http with {'store': <glance_store._drivers.swift.store.SingleTenantStore object at 0x7f5bc832c2b0>, 'location_class': <class 'glance_store._drivers.swift.store.StoreLocation'>, 'store_entry': 'swift'} {{(pid=148179) register_scheme_map /usr/local/lib/python3.8/dist-packages/glance_store/location.py:146}}
Jul 29 02:30:55 ubuntu devstack@g-api.service[148179]: DEBUG glance_store.location [None req-d33a8046-5b90-41fb-9c06-dc37aeeaa5fb admin admin] Registering scheme swift+https with {'store': <glance_store._drivers.swift.store.SingleTenantStore object at 0x7f5bc832c2b0>, 'location_class': <class 'glance_store._drivers.swift.store.StoreLocation'>, 'store_entry': 'swift'} {{(pid=148179) register_scheme_map /usr/local/lib/python3.8/dist-packages/glance_store/location.py:146}}
Jul 29 02:30:55 ubuntu devstack@g-api.service[148179]: DEBUG glance_store.location [None req-d33a8046-5b90-41fb-9c06-dc37aeeaa5fb admin admin] Registering scheme swift with {'store': <glance_store._drivers.swift.store.SingleTenantStore object at 0x7f5bc832c2b0>, 'location_class': <class 'glance_store._drivers.swift.store.StoreLocation'>, 'store_entry': 'swift'} {{(pid=148179) register_scheme_map /usr/local/lib/python3.8/dist-packages/glance_store/location.py:146}}
Jul 29 02:30:55 ubuntu devstack@g-api.service[148179]: DEBUG glance_store.location [None req-d33a8046-5b90-41fb-9c06-dc37aeeaa5fb admin admin] Registering scheme swift+http with {'store': <glance_store._drivers.swift.store.SingleTenantStore object at 0x7f5bc832c2b0>, 'location_class': <class 'glance_store._drivers.swift.store.StoreLocation'>, 'store_entry': 'swift'} {{(pid=148179) register_scheme_map /usr/local/lib/python3.8/dist-packages/glance_store/location.py:146}}
Jul 29 02:30:55 ubuntu devstack@g-api.service[148179]: DEBUG glance_store.location [None req-d33a8046-5b90-41fb-9c06-dc37aeeaa5fb admin admin] Registering scheme swift+config with {'store': <glance_store._drivers.swift.store.SingleTenantStore object at 0x7f5bc832c2b0>, 'location_class': <class 'glance_store._drivers.swift.store.StoreLocation'>, 'store_entry': 'swift'} {{(pid=148179) register_scheme_map /usr/local/lib/python3.8/dist-packages/glance_store/location.py:146}}
Jul 29 02:30:55 ubuntu devstack@g-api.service[148179]: DEBUG glance_store.backend [None req-d33a8046-5b90-41fb-9c06-dc37aeeaa5fb admin admin] Skipping store.set_acls... not implemented. {{(pid=148179) set_acls /usr/local/lib/python3.8/dist-packages/glance_store/backend.py:508}}
Jul 29 02:30:55 ubuntu devstack@g-api.service[148179]: [pid: 148179|app: 0|req: 3/4] 127.0.0.1 () {40 vars in 862 bytes} [Fri Jul 29 02:30:52 2022] PUT /v2/images/2c969ebe-97a4-4e7f-a2ab-8eca62aac03e/file => generated 0 bytes in 2773 msecs (HTTP/1.1 204) 4 headers in 171 bytes (1 switches on core 0)
Jul 29 02:31:02 ubuntu devstack@g-api.service[148178]: DEBUG dbcounter [-] [148178] Writing DB stats glance:SELECT=9,glance:INSERT=5 {{(pid=148178) stat_writer /usr/local/lib/python3.8/dist-packages/dbcounter.py:114}}
Jul 29 02:31:05 ubuntu devstack@g-api.service[148179]: DEBUG dbcounter [-] [148179] Writing DB stats glance:SELECT=28,glance:UPDATE=2,glance:INSERT=1 {{(pid=148179) stat_writer /usr/local/lib/python3.8/dist-packages/dbcounter.py:114}}
Jul 29 02:31:39 ubuntu devstack@g-api.service[148178]: DEBUG glance.api.middleware.version_negotiation [None req-d7eb8693-f5c3-415f-99a3-d1c7306ed26c admin admin] Determining version of request: GET / Accept: application/json {{(pid=148178) process_request /opt/stack/glance/glance/api/middleware/version_negotiation.py:44}}
Jul 29 02:31:39 ubuntu devstack@g-api.service[148178]: DEBUG glance.api.middleware.version_negotiation [None req-d7eb8693-f5c3-415f-99a3-d1c7306ed26c admin admin] Using url versioning {{(pid=148178) process_request /opt/stack/glance/glance/api/middleware/version_negotiation.py:57}}
Jul 29 02:31:39 ubuntu devstack@g-api.service[148178]: DEBUG glance.api.middleware.version_negotiation [None req-d7eb8693-f5c3-415f-99a3-d1c7306ed26c admin admin] Unknown version. Returning version choices. {{(pid=148178) process_request /opt/stack/glance/glance/api/middleware/version_negotiation.py:64}}
Jul 29 02:31:39 ubuntu devstack@g-api.service[148178]: [pid: 148178|app: 0|req: 2/5] 127.0.0.1 () {34 vars in 506 bytes} [Fri Jul 29 02:31:39 2022] GET / => generated 1323 bytes in 6 msecs (HTTP/1.1 300) 3 headers in 106 bytes (1 switches on core 0)
Jul 29 02:31:39 ubuntu devstack@g-api.service[148179]: DEBUG glance.api.middleware.version_negotiation [None req-d33a8046-5b90-41fb-9c06-dc37aeeaa5fb admin admin] Determining version of request: GET /v2/images Accept: application/json {{(pid=148179) process_request /opt/stack/glance/glance/api/middleware/version_negotiation.py:44}}
Jul 29 02:31:39 ubuntu devstack@g-api.service[148179]: DEBUG glance.api.middleware.version_negotiation [None req-d33a8046-5b90-41fb-9c06-dc37aeeaa5fb admin admin] Using url versioning {{(pid=148179) process_request /opt/stack/glance/glance/api/middleware/version_negotiation.py:57}}
Jul 29 02:31:39 ubuntu devstack@g-api.service[148179]: DEBUG glance.api.middleware.version_negotiation [None req-d33a8046-5b90-41fb-9c06-dc37aeeaa5fb admin admin] Matched version: v2 {{(pid=148179) process_request /opt/stack/glance/glance/api/middleware/version_negotiation.py:69}}
Jul 29 02:31:39 ubuntu devstack@g-api.service[148179]: DEBUG glance.api.middleware.version_negotiation [None req-d33a8046-5b90-41fb-9c06-dc37aeeaa5fb admin admin] new path /v2/images {{(pid=148179) process_request /opt/stack/glance/glance/api/middleware/version_negotiation.py:70}}
Jul 29 02:31:39 ubuntu devstack@g-api.service[148179]: [pid: 148179|app: 0|req: 4/6] 127.0.0.1 () {36 vars in 728 bytes} [Fri Jul 29 02:31:39 2022] GET /v2/images => generated 1045 bytes in 425 msecs (HTTP/1.1 200) 4 headers in 158 bytes (1 switches on core 0)
Jul 29 02:31:46 ubuntu devstack@g-api.service[148178]: DEBUG glance.api.middleware.version_negotiation [None req-d7eb8693-f5c3-415f-99a3-d1c7306ed26c admin admin] Determining version of request: GET / Accept: application/json {{(pid=148178) process_request /opt/stack/glance/glance/api/middleware/version_negotiation.py:44}}
Jul 29 02:31:46 ubuntu devstack@g-api.service[148178]: DEBUG glance.api.middleware.version_negotiation [None req-d7eb8693-f5c3-415f-99a3-d1c7306ed26c admin admin] Using url versioning {{(pid=148178) process_request /opt/stack/glance/glance/api/middleware/version_negotiation.py:57}}
Jul 29 02:31:46 ubuntu devstack@g-api.service[148178]: DEBUG glance.api.middleware.version_negotiation [None req-d7eb8693-f5c3-415f-99a3-d1c7306ed26c admin admin] Unknown version. Returning version choices. {{(pid=148178) process_request /opt/stack/glance/glance/api/middleware/version_negotiation.py:64}}
Jul 29 02:31:46 ubuntu devstack@g-api.service[148178]: [pid: 148178|app: 0|req: 3/7] 127.0.0.1 () {34 vars in 506 bytes} [Fri Jul 29 02:31:46 2022] GET / => generated 1323 bytes in 4 msecs (HTTP/1.1 300) 3 headers in 106 bytes (1 switches on core 0)
Jul 29 02:31:46 ubuntu devstack@g-api.service[148179]: DEBUG glance.api.middleware.version_negotiation [None req-f7a4b17f-e64f-4a0d-92e3-d20a536e7b28 admin admin] Determining version of request: GET /v2/images/2c969ebe-97a4-4e7f-a2ab-8eca62aac03e Accept: */* {{(pid=148179) process_request /opt/stack/glance/glance/api/middleware/version_negotiation.py:44}}
Jul 29 02:31:46 ubuntu devstack@g-api.service[148179]: DEBUG glance.api.middleware.version_negotiation [None req-f7a4b17f-e64f-4a0d-92e3-d20a536e7b28 admin admin] Using url versioning {{(pid=148179) process_request /opt/stack/glance/glance/api/middleware/version_negotiation.py:57}}
Jul 29 02:31:46 ubuntu devstack@g-api.service[148179]: DEBUG glance.api.middleware.version_negotiation [None req-f7a4b17f-e64f-4a0d-92e3-d20a536e7b28 admin admin] Matched version: v2 {{(pid=148179) process_request /opt/stack/glance/glance/api/middleware/version_negotiation.py:69}}
Jul 29 02:31:46 ubuntu devstack@g-api.service[148179]: DEBUG glance.api.middleware.version_negotiation [None req-f7a4b17f-e64f-4a0d-92e3-d20a536e7b28 admin admin] new path /v2/images/2c969ebe-97a4-4e7f-a2ab-8eca62aac03e {{(pid=148179) process_request /opt/stack/glance/glance/api/middleware/version_negotiation.py:70}}
Jul 29 02:31:46 ubuntu devstack@g-api.service[148179]: [pid: 148179|app: 0|req: 5/8] 127.0.0.1 () {36 vars in 789 bytes} [Fri Jul 29 02:31:46 2022] GET /v2/images/2c969ebe-97a4-4e7f-a2ab-8eca62aac03e => generated 976 bytes in 358 msecs (HTTP/1.1 200) 4 headers in 157 bytes (1 switches on core 0)
Jul 29 02:31:50 ubuntu devstack@g-api.service[148178]: DEBUG glance.api.middleware.version_negotiation [None req-d7eb8693-f5c3-415f-99a3-d1c7306ed26c admin admin] Determining version of request: GET / Accept: application/json {{(pid=148178) process_request /opt/stack/glance/glance/api/middleware/version_negotiation.py:44}}
Jul 29 02:31:50 ubuntu devstack@g-api.service[148178]: DEBUG glance.api.middleware.version_negotiation [None req-d7eb8693-f5c3-415f-99a3-d1c7306ed26c admin admin] Using url versioning {{(pid=148178) process_request /opt/stack/glance/glance/api/middleware/version_negotiation.py:57}}
Jul 29 02:31:50 ubuntu devstack@g-api.service[148178]: DEBUG glance.api.middleware.version_negotiation [None req-d7eb8693-f5c3-415f-99a3-d1c7306ed26c admin admin] Unknown version. Returning version choices. {{(pid=148178) process_request /opt/stack/glance/glance/api/middleware/version_negotiation.py:64}}
Jul 29 02:31:50 ubuntu devstack@g-api.service[148178]: [pid: 148178|app: 0|req: 4/9] 127.0.0.1 () {34 vars in 506 bytes} [Fri Jul 29 02:31:50 2022] GET / => generated 1323 bytes in 3 msecs (HTTP/1.1 300) 3 headers in 106 bytes (1 switches on core 0)
Jul 29 02:31:50 ubuntu devstack@g-api.service[148179]: DEBUG glance.api.middleware.version_negotiation [None req-f1568db7-81c1-4129-8054-8d4b7892b4de admin admin] Determining version of request: GET /v2/images/2c969ebe-97a4-4e7f-a2ab-8eca62aac03e Accept: */* {{(pid=148179) process_request /opt/stack/glance/glance/api/middleware/version_negotiation.py:44}}
Jul 29 02:31:50 ubuntu devstack@g-api.service[148179]: DEBUG glance.api.middleware.version_negotiation [None req-f1568db7-81c1-4129-8054-8d4b7892b4de admin admin] Using url versioning {{(pid=148179) process_request /opt/stack/glance/glance/api/middleware/version_negotiation.py:57}}
Jul 29 02:31:50 ubuntu devstack@g-api.service[148179]: DEBUG glance.api.middleware.version_negotiation [None req-f1568db7-81c1-4129-8054-8d4b7892b4de admin admin] Matched version: v2 {{(pid=148179) process_request /opt/stack/glance/glance/api/middleware/version_negotiation.py:69}}
Jul 29 02:31:50 ubuntu devstack@g-api.service[148179]: DEBUG glance.api.middleware.version_negotiation [None req-f1568db7-81c1-4129-8054-8d4b7892b4de admin admin] new path /v2/images/2c969ebe-97a4-4e7f-a2ab-8eca62aac03e {{(pid=148179) process_request /opt/stack/glance/glance/api/middleware/version_negotiation.py:70}}
Jul 29 02:31:50 ubuntu devstack@g-api.service[148179]: [pid: 148179|app: 0|req: 6/10] 127.0.0.1 () {36 vars in 789 bytes} [Fri Jul 29 02:31:50 2022] GET /v2/images/2c969ebe-97a4-4e7f-a2ab-8eca62aac03e => generated 976 bytes in 239 msecs (HTTP/1.1 200) 4 headers in 157 bytes (1 switches on core 0)
Jul 29 02:32:00 ubuntu devstack@g-api.service[148179]: DEBUG dbcounter [-] [148179] Writing DB stats glance:SELECT=10 {{(pid=148179) stat_writer /usr/local/lib/python3.8/dist-packages/dbcounter.py:114}}
Jul 29 02:34:03 ubuntu devstack@g-api.service[148178]: DEBUG glance.api.middleware.version_negotiation [None req-d7eb8693-f5c3-415f-99a3-d1c7306ed26c admin admin] Determining version of request: GET /v1 Accept: application/json {{(pid=148178) process_request /opt/stack/glance/glance/api/middleware/version_negotiation.py:44}}
Jul 29 02:34:03 ubuntu devstack@g-api.service[148178]: DEBUG glance.api.middleware.version_negotiation [None req-d7eb8693-f5c3-415f-99a3-d1c7306ed26c admin admin] Using url versioning {{(pid=148178) process_request /opt/stack/glance/glance/api/middleware/version_negotiation.py:57}}
Jul 29 02:34:03 ubuntu devstack@g-api.service[148178]: DEBUG glance.api.middleware.version_negotiation [None req-d7eb8693-f5c3-415f-99a3-d1c7306ed26c admin admin] Unknown version. Returning version choices. {{(pid=148178) process_request /opt/stack/glance/glance/api/middleware/version_negotiation.py:64}}
Jul 29 02:34:03 ubuntu devstack@g-api.service[148178]: [pid: 148178|app: 0|req: 5/11] 127.0.0.1 () {38 vars in 686 bytes} [Fri Jul 29 02:34:03 2022] GET /v1 => generated 1323 bytes in 6 msecs (HTTP/1.1 300) 3 headers in 106 bytes (1 switches on core 0)
Jul 29 02:36:17 ubuntu devstack@g-api.service[148179]: DEBUG glance.api.middleware.version_negotiation [None req-3d5a9535-c90b-46bc-b322-8d7745bfe43d admin admin] Determining version of request: GET /versions Accept: */* {{(pid=148179) process_request /opt/stack/glance/glance/api/middleware/version_negotiation.py:44}}
Jul 29 02:36:17 ubuntu devstack@g-api.service[148179]: [pid: 148179|app: 0|req: 7/12] 127.0.0.1 () {38 vars in 695 bytes} [Fri Jul 29 02:36:17 2022] GET /versions => generated 1323 bytes in 10 msecs (HTTP/1.1 200) 3 headers in 92 bytes (1 switches on core 0)
Jul 29 02:36:17 ubuntu devstack@g-api.service[148178]: DEBUG glance.api.middleware.version_negotiation [None req-d7eb8693-f5c3-415f-99a3-d1c7306ed26c admin admin] Determining version of request: GET /v2/schemas/image Accept: */* {{(pid=148178) process_request /opt/stack/glance/glance/api/middleware/version_negotiation.py:44}}
Jul 29 02:36:17 ubuntu devstack@g-api.service[148178]: DEBUG glance.api.middleware.version_negotiation [None req-d7eb8693-f5c3-415f-99a3-d1c7306ed26c admin admin] Using url versioning {{(pid=148178) process_request /opt/stack/glance/glance/api/middleware/version_negotiation.py:57}}
Jul 29 02:36:17 ubuntu devstack@g-api.service[148178]: DEBUG glance.api.middleware.version_negotiation [None req-d7eb8693-f5c3-415f-99a3-d1c7306ed26c admin admin] Matched version: v2 {{(pid=148178) process_request /opt/stack/glance/glance/api/middleware/version_negotiation.py:69}}
Jul 29 02:36:17 ubuntu devstack@g-api.service[148178]: DEBUG glance.api.middleware.version_negotiation [None req-d7eb8693-f5c3-415f-99a3-d1c7306ed26c admin admin] new path /v2/schemas/image {{(pid=148178) process_request /opt/stack/glance/glance/api/middleware/version_negotiation.py:70}}
Jul 29 02:36:17 ubuntu devstack@g-api.service[148178]: [pid: 148178|app: 0|req: 6/13] 127.0.0.1 () {38 vars in 711 bytes} [Fri Jul 29 02:36:17 2022] GET /v2/schemas/image => generated 6083 bytes in 115 msecs (HTTP/1.1 200) 4 headers in 158 bytes (1 switches on core 0)
Jul 29 02:36:17 ubuntu devstack@g-api.service[148179]: DEBUG glance.api.middleware.version_negotiation [None req-3d5a9535-c90b-46bc-b322-8d7745bfe43d admin admin] Determining version of request: GET /v2/schemas/metadefs/namespace Accept: */* {{(pid=148179) process_request /opt/stack/glance/glance/api/middleware/version_negotiation.py:44}}
Jul 29 02:36:17 ubuntu devstack@g-api.service[148179]: DEBUG glance.api.middleware.version_negotiation [None req-3d5a9535-c90b-46bc-b322-8d7745bfe43d admin admin] Using url versioning {{(pid=148179) process_request /opt/stack/glance/glance/api/middleware/version_negotiation.py:57}}
Jul 29 02:36:17 ubuntu devstack@g-api.service[148179]: DEBUG glance.api.middleware.version_negotiation [None req-3d5a9535-c90b-46bc-b322-8d7745bfe43d admin admin] Matched version: v2 {{(pid=148179) process_request /opt/stack/glance/glance/api/middleware/version_negotiation.py:69}}
Jul 29 02:36:17 ubuntu devstack@g-api.service[148179]: DEBUG glance.api.middleware.version_negotiation [None req-3d5a9535-c90b-46bc-b322-8d7745bfe43d admin admin] new path /v2/schemas/metadefs/namespace {{(pid=148179) process_request /opt/stack/glance/glance/api/middleware/version_negotiation.py:70}}
Jul 29 02:36:17 ubuntu devstack@g-api.service[148179]: [pid: 148179|app: 0|req: 8/14] 127.0.0.1 () {38 vars in 737 bytes} [Fri Jul 29 02:36:17 2022] GET /v2/schemas/metadefs/namespace => generated 3100 bytes in 10 msecs (HTTP/1.1 200) 4 headers in 158 bytes (1 switches on core 0)
Jul 29 02:36:17 ubuntu devstack@g-api.service[148178]: DEBUG glance.api.middleware.version_negotiation [None req-c9077a97-a738-4fa8-963b-b9b40d572e0e admin admin] Determining version of request: GET /v2/schemas/metadefs/resource_type Accept: */* {{(pid=148178) process_request /opt/stack/glance/glance/api/middleware/version_negotiation.py:44}}
Jul 29 02:36:17 ubuntu devstack@g-api.service[148178]: DEBUG glance.api.middleware.version_negotiation [None req-c9077a97-a738-4fa8-963b-b9b40d572e0e admin admin] Using url versioning {{(pid=148178) process_request /opt/stack/glance/glance/api/middleware/version_negotiation.py:57}}
Jul 29 02:36:17 ubuntu devstack@g-api.service[148178]: DEBUG glance.api.middleware.version_negotiation [None req-c9077a97-a738-4fa8-963b-b9b40d572e0e admin admin] Matched version: v2 {{(pid=148178) process_request /opt/stack/glance/glance/api/middleware/version_negotiation.py:69}}
Jul 29 02:36:17 ubuntu devstack@g-api.service[148178]: DEBUG glance.api.middleware.version_negotiation [None req-c9077a97-a738-4fa8-963b-b9b40d572e0e admin admin] new path /v2/schemas/metadefs/resource_type {{(pid=148178) process_request /opt/stack/glance/glance/api/middleware/version_negotiation.py:70}}
Jul 29 02:36:17 ubuntu devstack@g-api.service[148178]: [pid: 148178|app: 0|req: 7/15] 127.0.0.1 () {38 vars in 745 bytes} [Fri Jul 29 02:36:17 2022] GET /v2/schemas/metadefs/resource_type => generated 1260 bytes in 6 msecs (HTTP/1.1 200) 4 headers in 158 bytes (1 switches on core 0)
Jul 29 02:36:17 ubuntu devstack@g-api.service[148179]: DEBUG glance.api.middleware.version_negotiation [None req-2875df90-3ec9-421b-a496-ecbbc9f2d854 admin admin] Determining version of request: GET /v2/images Accept: */* {{(pid=148179) process_request /opt/stack/glance/glance/api/middleware/version_negotiation.py:44}}
Jul 29 02:36:17 ubuntu devstack@g-api.service[148179]: DEBUG glance.api.middleware.version_negotiation [None req-2875df90-3ec9-421b-a496-ecbbc9f2d854 admin admin] Using url versioning {{(pid=148179) process_request /opt/stack/glance/glance/api/middleware/version_negotiation.py:57}}
Jul 29 02:36:17 ubuntu devstack@g-api.service[148179]: DEBUG glance.api.middleware.version_negotiation [None req-2875df90-3ec9-421b-a496-ecbbc9f2d854 admin admin] Matched version: v2 {{(pid=148179) process_request /opt/stack/glance/glance/api/middleware/version_negotiation.py:69}}
Jul 29 02:36:17 ubuntu devstack@g-api.service[148179]: DEBUG glance.api.middleware.version_negotiation [None req-2875df90-3ec9-421b-a496-ecbbc9f2d854 admin admin] new path /v2/images {{(pid=148179) process_request /opt/stack/glance/glance/api/middleware/version_negotiation.py:70}}
Jul 29 02:36:17 ubuntu devstack@g-api.service[148179]: [pid: 148179|app: 0|req: 9/16] 127.0.0.1 () {38 vars in 768 bytes} [Fri Jul 29 02:36:17 2022] GET /v2/images?limit=20&sort_key=name&sort_dir=asc => generated 1081 bytes in 79 msecs (HTTP/1.1 200) 4 headers in 158 bytes (1 switches on core 0)
Jul 29 02:36:17 ubuntu devstack@g-api.service[148178]: DEBUG glance.api.middleware.version_negotiation [None req-d8217722-eda9-4a3d-b061-8b8caffffeb7 admin admin] Determining version of request: GET /v2/schemas/image Accept: */* {{(pid=148178) process_request /opt/stack/glance/glance/api/middleware/version_negotiation.py:44}}
Jul 29 02:36:17 ubuntu devstack@g-api.service[148178]: DEBUG glance.api.middleware.version_negotiation [None req-d8217722-eda9-4a3d-b061-8b8caffffeb7 admin admin] Using url versioning {{(pid=148178) process_request /opt/stack/glance/glance/api/middleware/version_negotiation.py:57}}
Jul 29 02:36:17 ubuntu devstack@g-api.service[148178]: DEBUG glance.api.middleware.version_negotiation [None req-d8217722-eda9-4a3d-b061-8b8caffffeb7 admin admin] Matched version: v2 {{(pid=148178) process_request /opt/stack/glance/glance/api/middleware/version_negotiation.py:69}}
Jul 29 02:36:17 ubuntu devstack@g-api.service[148178]: DEBUG glance.api.middleware.version_negotiation [None req-d8217722-eda9-4a3d-b061-8b8caffffeb7 admin admin] new path /v2/schemas/image {{(pid=148178) process_request /opt/stack/glance/glance/api/middleware/version_negotiation.py:70}}
Jul 29 02:36:17 ubuntu devstack@g-api.service[148178]: [pid: 148178|app: 0|req: 8/17] 127.0.0.1 () {38 vars in 711 bytes} [Fri Jul 29 02:36:17 2022] GET /v2/schemas/image => generated 6083 bytes in 6 msecs (HTTP/1.1 200) 4 headers in 158 bytes (1 switches on core 0)
Jul 29 02:36:27 ubuntu devstack@g-api.service[148179]: DEBUG dbcounter [-] [148179] Writing DB stats glance:SELECT=2 {{(pid=148179) stat_writer /usr/local/lib/python3.8/dist-packages/dbcounter.py:114}}
Jul 29 02:36:32 ubuntu devstack@g-api.service[148179]: DEBUG glance.api.middleware.version_negotiation [None req-9fc707e1-3589-4071-a469-a32ba353b420 admin admin] Determining version of request: GET / Accept: application/json {{(pid=148179) process_request /opt/stack/glance/glance/api/middleware/version_negotiation.py:44}}
Jul 29 02:36:32 ubuntu devstack@g-api.service[148179]: DEBUG glance.api.middleware.version_negotiation [None req-9fc707e1-3589-4071-a469-a32ba353b420 admin admin] Using url versioning {{(pid=148179) process_request /opt/stack/glance/glance/api/middleware/version_negotiation.py:57}}
Jul 29 02:36:32 ubuntu devstack@g-api.service[148179]: DEBUG glance.api.middleware.version_negotiation [None req-9fc707e1-3589-4071-a469-a32ba353b420 admin admin] Unknown version. Returning version choices. {{(pid=148179) process_request /opt/stack/glance/glance/api/middleware/version_negotiation.py:64}}
Jul 29 02:36:32 ubuntu devstack@g-api.service[148179]: [pid: 148179|app: 0|req: 10/18] 127.0.0.1 () {34 vars in 492 bytes} [Fri Jul 29 02:36:32 2022] GET / => generated 1323 bytes in 4 msecs (HTTP/1.1 300) 3 headers in 106 bytes (1 switches on core 0)
Jul 29 02:36:32 ubuntu devstack@g-api.service[148178]: DEBUG glance.api.middleware.version_negotiation [None req-599845ca-94b2-48e5-aa63-a7880e57ef25 admin admin] Determining version of request: GET /v2/images/2c969ebe-97a4-4e7f-a2ab-8eca62aac03e Accept: */* {{(pid=148178) process_request /opt/stack/glance/glance/api/middleware/version_negotiation.py:44}}
Jul 29 02:36:32 ubuntu devstack@g-api.service[148178]: DEBUG glance.api.middleware.version_negotiation [None req-599845ca-94b2-48e5-aa63-a7880e57ef25 admin admin] Using url versioning {{(pid=148178) process_request /opt/stack/glance/glance/api/middleware/version_negotiation.py:57}}
Jul 29 02:36:32 ubuntu devstack@g-api.service[148178]: DEBUG glance.api.middleware.version_negotiation [None req-599845ca-94b2-48e5-aa63-a7880e57ef25 admin admin] Matched version: v2 {{(pid=148178) process_request /opt/stack/glance/glance/api/middleware/version_negotiation.py:69}}
Jul 29 02:36:32 ubuntu devstack@g-api.service[148178]: DEBUG glance.api.middleware.version_negotiation [None req-599845ca-94b2-48e5-aa63-a7880e57ef25 admin admin] new path /v2/images/2c969ebe-97a4-4e7f-a2ab-8eca62aac03e {{(pid=148178) process_request /opt/stack/glance/glance/api/middleware/version_negotiation.py:70}}
Jul 29 02:36:32 ubuntu devstack@g-api.service[148178]: WARNING keystonemiddleware.auth_token [None req-599845ca-94b2-48e5-aa63-a7880e57ef25 admin admin] A valid token was submitted as a service token, but it was not a valid service token. This is incorrect but backwards compatible behaviour. This will be removed in future releases.
Jul 29 02:36:32 ubuntu devstack@g-api.service[148178]: [pid: 148178|app: 0|req: 9/19] 127.0.0.1 () {42 vars in 1049 bytes} [Fri Jul 29 02:36:32 2022] GET /v2/images/2c969ebe-97a4-4e7f-a2ab-8eca62aac03e => generated 976 bytes in 103 msecs (HTTP/1.1 200) 4 headers in 157 bytes (1 switches on core 0)
Jul 29 02:36:32 ubuntu devstack@g-api.service[148179]: DEBUG glance.api.middleware.version_negotiation [None req-9fc707e1-3589-4071-a469-a32ba353b420 admin admin] Determining version of request: GET /v2/schemas/image Accept: */* {{(pid=148179) process_request /opt/stack/glance/glance/api/middleware/version_negotiation.py:44}}
Jul 29 02:36:32 ubuntu devstack@g-api.service[148179]: DEBUG glance.api.middleware.version_negotiation [None req-9fc707e1-3589-4071-a469-a32ba353b420 admin admin] Using url versioning {{(pid=148179) process_request /opt/stack/glance/glance/api/middleware/version_negotiation.py:57}}
Jul 29 02:36:32 ubuntu devstack@g-api.service[148179]: DEBUG glance.api.middleware.version_negotiation [None req-9fc707e1-3589-4071-a469-a32ba353b420 admin admin] Matched version: v2 {{(pid=148179) process_request /opt/stack/glance/glance/api/middleware/version_negotiation.py:69}}
Jul 29 02:36:32 ubuntu devstack@g-api.service[148179]: DEBUG glance.api.middleware.version_negotiation [None req-9fc707e1-3589-4071-a469-a32ba353b420 admin admin] new path /v2/schemas/image {{(pid=148179) process_request /opt/stack/glance/glance/api/middleware/version_negotiation.py:70}}
Jul 29 02:36:32 ubuntu devstack@g-api.service[148179]: WARNING keystonemiddleware.auth_token [None req-9fc707e1-3589-4071-a469-a32ba353b420 admin admin] A valid token was submitted as a service token, but it was not a valid service token. This is incorrect but backwards compatible behaviour. This will be removed in future releases.
Jul 29 02:36:32 ubuntu devstack@g-api.service[148179]: [pid: 148179|app: 0|req: 11/20] 127.0.0.1 () {42 vars in 989 bytes} [Fri Jul 29 02:36:32 2022] GET /v2/schemas/image => generated 6083 bytes in 11 msecs (HTTP/1.1 200) 4 headers in 158 bytes (1 switches on core 0)
Jul 29 02:36:34 ubuntu devstack@g-api.service[148178]: DEBUG glance.api.middleware.version_negotiation [None req-0abf5d9a-fd89-4e0e-a2c0-7cbb9f436918 tempest-VolumesAdminNegativeTest-1624130375 tempest-VolumesAdminNegativeTest-1624130375-project] Determining version of request: GET /v2/images/2c969ebe-97a4-4e7f-a2ab-8eca62aac03e Accept: */* {{(pid=148178) process_request /opt/stack/glance/glance/api/middleware/version_negotiation.py:44}}
Jul 29 02:36:34 ubuntu devstack@g-api.service[148178]: DEBUG glance.api.middleware.version_negotiation [None req-0abf5d9a-fd89-4e0e-a2c0-7cbb9f436918 tempest-VolumesAdminNegativeTest-1624130375 tempest-VolumesAdminNegativeTest-1624130375-project] Using url versioning {{(pid=148178) process_request /opt/stack/glance/glance/api/middleware/version_negotiation.py:57}}
Jul 29 02:36:34 ubuntu devstack@g-api.service[148178]: DEBUG glance.api.middleware.version_negotiation [None req-0abf5d9a-fd89-4e0e-a2c0-7cbb9f436918 tempest-VolumesAdminNegativeTest-1624130375 tempest-VolumesAdminNegativeTest-1624130375-project] Matched version: v2 {{(pid=148178) process_request /opt/stack/glance/glance/api/middleware/version_negotiation.py:69}}
Jul 29 02:36:34 ubuntu devstack@g-api.service[148178]: DEBUG glance.api.middleware.version_negotiation [None req-0abf5d9a-fd89-4e0e-a2c0-7cbb9f436918 tempest-VolumesAdminNegativeTest-1624130375 tempest-VolumesAdminNegativeTest-1624130375-project] new path /v2/images/2c969ebe-97a4-4e7f-a2ab-8eca62aac03e {{(pid=148178) process_request /opt/stack/glance/glance/api/middleware/version_negotiation.py:70}}
Jul 29 02:36:34 ubuntu devstack@g-api.service[148178]: [pid: 148178|app: 0|req: 10/21] 127.0.0.1 () {42 vars in 1049 bytes} [Fri Jul 29 02:36:34 2022] GET /v2/images/2c969ebe-97a4-4e7f-a2ab-8eca62aac03e => generated 976 bytes in 17 msecs (HTTP/1.1 200) 4 headers in 157 bytes (1 switches on core 0)
Jul 29 02:36:34 ubuntu devstack@g-api.service[148179]: DEBUG glance.api.middleware.version_negotiation [None req-0abf5d9a-fd89-4e0e-a2c0-7cbb9f436918 tempest-VolumesAdminNegativeTest-1624130375 tempest-VolumesAdminNegativeTest-1624130375-project] Determining version of request: GET /v2/images/2c969ebe-97a4-4e7f-a2ab-8eca62aac03e/file Accept: */* {{(pid=148179) process_request /opt/stack/glance/glance/api/middleware/version_negotiation.py:44}}
Jul 29 02:36:34 ubuntu devstack@g-api.service[148179]: DEBUG glance.api.middleware.version_negotiation [None req-0abf5d9a-fd89-4e0e-a2c0-7cbb9f436918 tempest-VolumesAdminNegativeTest-1624130375 tempest-VolumesAdminNegativeTest-1624130375-project] Using url versioning {{(pid=148179) process_request /opt/stack/glance/glance/api/middleware/version_negotiation.py:57}}
Jul 29 02:36:34 ubuntu devstack@g-api.service[148179]: DEBUG glance.api.middleware.version_negotiation [None req-0abf5d9a-fd89-4e0e-a2c0-7cbb9f436918 tempest-VolumesAdminNegativeTest-1624130375 tempest-VolumesAdminNegativeTest-1624130375-project] Matched version: v2 {{(pid=148179) process_request /opt/stack/glance/glance/api/middleware/version_negotiation.py:69}}
Jul 29 02:36:34 ubuntu devstack@g-api.service[148179]: DEBUG glance.api.middleware.version_negotiation [None req-0abf5d9a-fd89-4e0e-a2c0-7cbb9f436918 tempest-VolumesAdminNegativeTest-1624130375 tempest-VolumesAdminNegativeTest-1624130375-project] new path /v2/images/2c969ebe-97a4-4e7f-a2ab-8eca62aac03e/file {{(pid=148179) process_request /opt/stack/glance/glance/api/middleware/version_negotiation.py:70}}
Jul 29 02:36:34 ubuntu devstack@g-api.service[148179]: DEBUG glance_store.backend [None req-0abf5d9a-fd89-4e0e-a2c0-7cbb9f436918 tempest-VolumesAdminNegativeTest-1624130375 tempest-VolumesAdminNegativeTest-1624130375-project] Attempting to import store swift {{(pid=148179) _load_store /usr/local/lib/python3.8/dist-packages/glance_store/backend.py:216}}
Jul 29 02:36:34 ubuntu devstack@g-api.service[148179]: DEBUG glance_store.capabilities [None req-0abf5d9a-fd89-4e0e-a2c0-7cbb9f436918 tempest-VolumesAdminNegativeTest-1624130375 tempest-VolumesAdminNegativeTest-1624130375-project] Store glance_store._drivers.swift.store.SingleTenantStore doesn't support updating dynamic storage capabilities. Please overwrite 'update_capabilities' method of the store to implement updating logics if needed. {{(pid=148179) update_capabilities /usr/local/lib/python3.8/dist-packages/glance_store/capabilities.py:91}}
Jul 29 02:36:34 ubuntu devstack@g-api.service[148179]: DEBUG glance_store.driver [None req-0abf5d9a-fd89-4e0e-a2c0-7cbb9f436918 tempest-VolumesAdminNegativeTest-1624130375 tempest-VolumesAdminNegativeTest-1624130375-project] Late loading location class glance_store._drivers.swift.store.StoreLocation {{(pid=148179) get_store_location_class /usr/local/lib/python3.8/dist-packages/glance_store/driver.py:116}}
Jul 29 02:36:34 ubuntu devstack@g-api.service[148179]: DEBUG glance_store.location [None req-0abf5d9a-fd89-4e0e-a2c0-7cbb9f436918 tempest-VolumesAdminNegativeTest-1624130375 tempest-VolumesAdminNegativeTest-1624130375-project] Registering scheme swift+https with {'store': <glance_store._drivers.swift.store.SingleTenantStore object at 0x7f5bc6f179a0>, 'location_class': <class 'glance_store._drivers.swift.store.StoreLocation'>, 'store_entry': 'swift'} {{(pid=148179) register_scheme_map /usr/local/lib/python3.8/dist-packages/glance_store/location.py:146}}
Jul 29 02:36:34 ubuntu devstack@g-api.service[148179]: DEBUG glance_store.location [None req-0abf5d9a-fd89-4e0e-a2c0-7cbb9f436918 tempest-VolumesAdminNegativeTest-1624130375 tempest-VolumesAdminNegativeTest-1624130375-project] Registering scheme swift+https with {'store': <glance_store._drivers.swift.store.SingleTenantStore object at 0x7f5bc6f179a0>, 'location_class': <class 'glance_store._drivers.swift.store.StoreLocation'>, 'store_entry': 'swift'} {{(pid=148179) register_scheme_map /usr/local/lib/python3.8/dist-packages/glance_store/location.py:146}}
Jul 29 02:36:34 ubuntu devstack@g-api.service[148179]: DEBUG glance_store.location [None req-0abf5d9a-fd89-4e0e-a2c0-7cbb9f436918 tempest-VolumesAdminNegativeTest-1624130375 tempest-VolumesAdminNegativeTest-1624130375-project] Registering scheme swift with {'store': <glance_store._drivers.swift.store.SingleTenantStore object at 0x7f5bc6f179a0>, 'location_class': <class 'glance_store._drivers.swift.store.StoreLocation'>, 'store_entry': 'swift'} {{(pid=148179) register_scheme_map /usr/local/lib/python3.8/dist-packages/glance_store/location.py:146}}
Jul 29 02:36:34 ubuntu devstack@g-api.service[148179]: DEBUG glance_store.location [None req-0abf5d9a-fd89-4e0e-a2c0-7cbb9f436918 tempest-VolumesAdminNegativeTest-1624130375 tempest-VolumesAdminNegativeTest-1624130375-project] Registering scheme swift+https with {'store': <glance_store._drivers.swift.store.SingleTenantStore object at 0x7f5bc6f179a0>, 'location_class': <class 'glance_store._drivers.swift.store.StoreLocation'>, 'store_entry': 'swift'} {{(pid=148179) register_scheme_map /usr/local/lib/python3.8/dist-packages/glance_store/location.py:146}}
Jul 29 02:36:34 ubuntu devstack@g-api.service[148179]: DEBUG glance_store.location [None req-0abf5d9a-fd89-4e0e-a2c0-7cbb9f436918 tempest-VolumesAdminNegativeTest-1624130375 tempest-VolumesAdminNegativeTest-1624130375-project] Registering scheme swift with {'store': <glance_store._drivers.swift.store.SingleTenantStore object at 0x7f5bc6f179a0>, 'location_class': <class 'glance_store._drivers.swift.store.StoreLocation'>, 'store_entry': 'swift'} {{(pid=148179) register_scheme_map /usr/local/lib/python3.8/dist-packages/glance_store/location.py:146}}
Jul 29 02:36:34 ubuntu devstack@g-api.service[148179]: DEBUG glance_store.location [None req-0abf5d9a-fd89-4e0e-a2c0-7cbb9f436918 tempest-VolumesAdminNegativeTest-1624130375 tempest-VolumesAdminNegativeTest-1624130375-project] Registering scheme swift+http with {'store': <glance_store._drivers.swift.store.SingleTenantStore object at 0x7f5bc6f179a0>, 'location_class': <class 'glance_store._drivers.swift.store.StoreLocation'>, 'store_entry': 'swift'} {{(pid=148179) register_scheme_map /usr/local/lib/python3.8/dist-packages/glance_store/location.py:146}}
Jul 29 02:36:34 ubuntu devstack@g-api.service[148179]: DEBUG glance_store.location [None req-0abf5d9a-fd89-4e0e-a2c0-7cbb9f436918 tempest-VolumesAdminNegativeTest-1624130375 tempest-VolumesAdminNegativeTest-1624130375-project] Registering scheme swift+https with {'store': <glance_store._drivers.swift.store.SingleTenantStore object at 0x7f5bc6f179a0>, 'location_class': <class 'glance_store._drivers.swift.store.StoreLocation'>, 'store_entry': 'swift'} {{(pid=148179) register_scheme_map /usr/local/lib/python3.8/dist-packages/glance_store/location.py:146}}
Jul 29 02:36:34 ubuntu devstack@g-api.service[148179]: DEBUG glance_store.location [None req-0abf5d9a-fd89-4e0e-a2c0-7cbb9f436918 tempest-VolumesAdminNegativeTest-1624130375 tempest-VolumesAdminNegativeTest-1624130375-project] Registering scheme swift with {'store': <glance_store._drivers.swift.store.SingleTenantStore object at 0x7f5bc6f179a0>, 'location_class': <class 'glance_store._drivers.swift.store.StoreLocation'>, 'store_entry': 'swift'} {{(pid=148179) register_scheme_map /usr/local/lib/python3.8/dist-packages/glance_store/location.py:146}}
Jul 29 02:36:34 ubuntu devstack@g-api.service[148179]: DEBUG glance_store.location [None req-0abf5d9a-fd89-4e0e-a2c0-7cbb9f436918 tempest-VolumesAdminNegativeTest-1624130375 tempest-VolumesAdminNegativeTest-1624130375-project] Registering scheme swift+http with {'store': <glance_store._drivers.swift.store.SingleTenantStore object at 0x7f5bc6f179a0>, 'location_class': <class 'glance_store._drivers.swift.store.StoreLocation'>, 'store_entry': 'swift'} {{(pid=148179) register_scheme_map /usr/local/lib/python3.8/dist-packages/glance_store/location.py:146}}
Jul 29 02:36:34 ubuntu devstack@g-api.service[148179]: DEBUG glance_store.location [None req-0abf5d9a-fd89-4e0e-a2c0-7cbb9f436918 tempest-VolumesAdminNegativeTest-1624130375 tempest-VolumesAdminNegativeTest-1624130375-project] Registering scheme swift+config with {'store': <glance_store._drivers.swift.store.SingleTenantStore object at 0x7f5bc6f179a0>, 'location_class': <class 'glance_store._drivers.swift.store.StoreLocation'>, 'store_entry': 'swift'} {{(pid=148179) register_scheme_map /usr/local/lib/python3.8/dist-packages/glance_store/location.py:146}}
Jul 29 02:36:34 ubuntu devstack@g-api.service[148179]: DEBUG swiftclient [None req-0abf5d9a-fd89-4e0e-a2c0-7cbb9f436918 tempest-VolumesAdminNegativeTest-1624130375 tempest-VolumesAdminNegativeTest-1624130375-project] REQ: curl -i http://192.168.79.40:8080/v1/AUTH_9d762c97ec0840c4a219ef9550b9751d/glance/2c969ebe-97a4-4e7f-a2ab-8eca62aac03e -X GET -H "X-Auth-Token: gAAAAABi40eyFe-Z..." {{(pid=148179) http_log /usr/local/lib/python3.8/dist-packages/swiftclient/client.py:157}}
Jul 29 02:36:34 ubuntu devstack@g-api.service[148179]: DEBUG swiftclient [None req-0abf5d9a-fd89-4e0e-a2c0-7cbb9f436918 tempest-VolumesAdminNegativeTest-1624130375 tempest-VolumesAdminNegativeTest-1624130375-project] RESP STATUS: 200 OK {{(pid=148179) http_log /usr/local/lib/python3.8/dist-packages/swiftclient/client.py:158}}
Jul 29 02:36:34 ubuntu devstack@g-api.service[148179]: DEBUG swiftclient [None req-0abf5d9a-fd89-4e0e-a2c0-7cbb9f436918 tempest-VolumesAdminNegativeTest-1624130375 tempest-VolumesAdminNegativeTest-1624130375-project] RESP HEADERS: {'Content-Type': 'application/octet-stream', 'Etag': '1d3062cd89af34e419f7100277f38b2b', 'Last-Modified': 'Fri, 29 Jul 2022 02:30:56 GMT', 'X-Timestamp': '1659061855.12155', 'Accept-Ranges': 'bytes', 'Content-Length': '16338944', 'X-Trans-Id': 'txc7ee93b40db5455aa54e1-0062e347b2', 'X-Openstack-Request-Id': 'txc7ee93b40db5455aa54e1-0062e347b2', 'Date': 'Fri, 29 Jul 2022 02:36:34 GMT'} {{(pid=148179) http_log /usr/local/lib/python3.8/dist-packages/swiftclient/client.py:159}}
Jul 29 02:36:34 ubuntu devstack@g-api.service[148179]: DEBUG glance.image_cache [None req-0abf5d9a-fd89-4e0e-a2c0-7cbb9f436918 tempest-VolumesAdminNegativeTest-1624130375 tempest-VolumesAdminNegativeTest-1624130375-project] Tee'ing image '2c969ebe-97a4-4e7f-a2ab-8eca62aac03e' into cache {{(pid=148179) get_caching_iter /opt/stack/glance/glance/image_cache/__init__.py:343}}
Jul 29 02:36:34 ubuntu devstack@g-api.service[148179]: DEBUG glance.image_cache.drivers.sqlite [None req-0abf5d9a-fd89-4e0e-a2c0-7cbb9f436918 tempest-VolumesAdminNegativeTest-1624130375 tempest-VolumesAdminNegativeTest-1624130375-project] Fetch finished, moving '/opt/stack/data/glance/cache/incomplete/2c969ebe-97a4-4e7f-a2ab-8eca62aac03e' to '/opt/stack/data/glance/cache/2c969ebe-97a4-4e7f-a2ab-8eca62aac03e' {{(pid=148179) commit /opt/stack/glance/glance/image_cache/drivers/sqlite.py:324}}
Jul 29 02:36:34 ubuntu devstack@g-api.service[148179]: [pid: 148179|app: 0|req: 12/22] 127.0.0.1 () {42 vars in 1059 bytes} [Fri Jul 29 02:36:34 2022] GET /v2/images/2c969ebe-97a4-4e7f-a2ab-8eca62aac03e/file => generated 16338944 bytes in 486 msecs (HTTP/1.1 200) 4 headers in 191 bytes (250 switches on core 0)
Jul 29 02:36:44 ubuntu devstack@g-api.service[148178]: DEBUG dbcounter [-] [148178] Writing DB stats glance:SELECT=8 {{(pid=148178) stat_writer /usr/local/lib/python3.8/dist-packages/dbcounter.py:114}}
Jul 29 02:36:44 ubuntu devstack@g-api.service[148179]: DEBUG dbcounter [-] [148179] Writing DB stats glance:SELECT=8 {{(pid=148179) stat_writer /usr/local/lib/python3.8/dist-packages/dbcounter.py:114}}
Jul 29 02:37:00 ubuntu devstack@g-api.service[148178]: DEBUG glance.api.middleware.version_negotiation [None req-0abf5d9a-fd89-4e0e-a2c0-7cbb9f436918 tempest-VolumesAdminNegativeTest-1624130375 tempest-VolumesAdminNegativeTest-1624130375-project] Determining version of request: GET / Accept: application/json {{(pid=148178) process_request /opt/stack/glance/glance/api/middleware/version_negotiation.py:44}}
Jul 29 02:37:00 ubuntu devstack@g-api.service[148178]: DEBUG glance.api.middleware.version_negotiation [None req-0abf5d9a-fd89-4e0e-a2c0-7cbb9f436918 tempest-VolumesAdminNegativeTest-1624130375 tempest-VolumesAdminNegativeTest-1624130375-project] Using url versioning {{(pid=148178) process_request /opt/stack/glance/glance/api/middleware/version_negotiation.py:57}}
Jul 29 02:37:00 ubuntu devstack@g-api.service[148178]: DEBUG glance.api.middleware.version_negotiation [None req-0abf5d9a-fd89-4e0e-a2c0-7cbb9f436918 tempest-VolumesAdminNegativeTest-1624130375 tempest-VolumesAdminNegativeTest-1624130375-project] Unknown version. Returning version choices. {{(pid=148178) process_request /opt/stack/glance/glance/api/middleware/version_negotiation.py:64}}
Jul 29 02:37:00 ubuntu devstack@g-api.service[148178]: [pid: 148178|app: 0|req: 11/23] 127.0.0.1 () {34 vars in 492 bytes} [Fri Jul 29 02:37:00 2022] GET / => generated 1323 bytes in 6 msecs (HTTP/1.1 300) 3 headers in 106 bytes (1 switches on core 0)
Jul 29 02:37:00 ubuntu devstack@g-api.service[148179]: DEBUG glance.api.middleware.version_negotiation [None req-0abf5d9a-fd89-4e0e-a2c0-7cbb9f436918 tempest-VolumesAdminNegativeTest-1624130375 tempest-VolumesAdminNegativeTest-1624130375-project] Determining version of request: GET /v2/images/2c969ebe-97a4-4e7f-a2ab-8eca62aac03e Accept: */* {{(pid=148179) process_request /opt/stack/glance/glance/api/middleware/version_negotiation.py:44}}
Jul 29 02:37:00 ubuntu devstack@g-api.service[148179]: DEBUG glance.api.middleware.version_negotiation [None req-0abf5d9a-fd89-4e0e-a2c0-7cbb9f436918 tempest-VolumesAdminNegativeTest-1624130375 tempest-VolumesAdminNegativeTest-1624130375-project] Using url versioning {{(pid=148179) process_request /opt/stack/glance/glance/api/middleware/version_negotiation.py:57}}
Jul 29 02:37:00 ubuntu devstack@g-api.service[148179]: DEBUG glance.api.middleware.version_negotiation [None req-0abf5d9a-fd89-4e0e-a2c0-7cbb9f436918 tempest-VolumesAdminNegativeTest-1624130375 tempest-VolumesAdminNegativeTest-1624130375-project] Matched version: v2 {{(pid=148179) process_request /opt/stack/glance/glance/api/middleware/version_negotiation.py:69}}
Jul 29 02:37:00 ubuntu devstack@g-api.service[148179]: DEBUG glance.api.middleware.version_negotiation [None req-0abf5d9a-fd89-4e0e-a2c0-7cbb9f436918 tempest-VolumesAdminNegativeTest-1624130375 tempest-VolumesAdminNegativeTest-1624130375-project] new path /v2/images/2c969ebe-97a4-4e7f-a2ab-8eca62aac03e {{(pid=148179) process_request /opt/stack/glance/glance/api/middleware/version_negotiation.py:70}}
Jul 29 02:37:00 ubuntu devstack@g-api.service[148179]: [pid: 148179|app: 0|req: 13/24] 127.0.0.1 () {42 vars in 1049 bytes} [Fri Jul 29 02:37:00 2022] GET /v2/images/2c969ebe-97a4-4e7f-a2ab-8eca62aac03e => generated 976 bytes in 19 msecs (HTTP/1.1 200) 4 headers in 157 bytes (1 switches on core 0)
Jul 29 02:37:00 ubuntu devstack@g-api.service[148178]: DEBUG glance.api.middleware.version_negotiation [None req-0abf5d9a-fd89-4e0e-a2c0-7cbb9f436918 tempest-VolumesAdminNegativeTest-1624130375 tempest-VolumesAdminNegativeTest-1624130375-project] Determining version of request: GET /v2/schemas/image Accept: */* {{(pid=148178) process_request /opt/stack/glance/glance/api/middleware/version_negotiation.py:44}}
Jul 29 02:37:00 ubuntu devstack@g-api.service[148178]: DEBUG glance.api.middleware.version_negotiation [None req-0abf5d9a-fd89-4e0e-a2c0-7cbb9f436918 tempest-VolumesAdminNegativeTest-1624130375 tempest-VolumesAdminNegativeTest-1624130375-project] Using url versioning {{(pid=148178) process_request /opt/stack/glance/glance/api/middleware/version_negotiation.py:57}}
Jul 29 02:37:00 ubuntu devstack@g-api.service[148178]: DEBUG glance.api.middleware.version_negotiation [None req-0abf5d9a-fd89-4e0e-a2c0-7cbb9f436918 tempest-VolumesAdminNegativeTest-1624130375 tempest-VolumesAdminNegativeTest-1624130375-project] Matched version: v2 {{(pid=148178) process_request /opt/stack/glance/glance/api/middleware/version_negotiation.py:69}}
Jul 29 02:37:00 ubuntu devstack@g-api.service[148178]: DEBUG glance.api.middleware.version_negotiation [None req-0abf5d9a-fd89-4e0e-a2c0-7cbb9f436918 tempest-VolumesAdminNegativeTest-1624130375 tempest-VolumesAdminNegativeTest-1624130375-project] new path /v2/schemas/image {{(pid=148178) process_request /opt/stack/glance/glance/api/middleware/version_negotiation.py:70}}
Jul 29 02:37:00 ubuntu devstack@g-api.service[148178]: [pid: 148178|app: 0|req: 12/25] 127.0.0.1 () {42 vars in 989 bytes} [Fri Jul 29 02:37:00 2022] GET /v2/schemas/image => generated 6083 bytes in 8 msecs (HTTP/1.1 200) 4 headers in 158 bytes (1 switches on core 0)
Jul 29 02:37:10 ubuntu devstack@g-api.service[148179]: DEBUG dbcounter [-] [148179] Writing DB stats glance:SELECT=4 {{(pid=148179) stat_writer /usr/local/lib/python3.8/dist-packages/dbcounter.py:114}}
Jul 29 02:37:29 ubuntu devstack@g-api.service[148179]: DEBUG glance.api.middleware.version_negotiation [None req-9d68a5c8-1b66-47e4-9362-c3463d5b1d7b tempest-DeleteServersTestJSON-524484309 tempest-DeleteServersTestJSON-524484309-project] Determining version of request: GET /v2/images/2c969ebe-97a4-4e7f-a2ab-8eca62aac03e Accept: */* {{(pid=148179) process_request /opt/stack/glance/glance/api/middleware/version_negotiation.py:44}}
Jul 29 02:37:29 ubuntu devstack@g-api.service[148179]: DEBUG glance.api.middleware.version_negotiation [None req-9d68a5c8-1b66-47e4-9362-c3463d5b1d7b tempest-DeleteServersTestJSON-524484309 tempest-DeleteServersTestJSON-524484309-project] Using url versioning {{(pid=148179) process_request /opt/stack/glance/glance/api/middleware/version_negotiation.py:57}}
Jul 29 02:37:29 ubuntu devstack@g-api.service[148179]: DEBUG glance.api.middleware.version_negotiation [None req-9d68a5c8-1b66-47e4-9362-c3463d5b1d7b tempest-DeleteServersTestJSON-524484309 tempest-DeleteServersTestJSON-524484309-project] Matched version: v2 {{(pid=148179) process_request /opt/stack/glance/glance/api/middleware/version_negotiation.py:69}}
Jul 29 02:37:29 ubuntu devstack@g-api.service[148179]: DEBUG glance.api.middleware.version_negotiation [None req-9d68a5c8-1b66-47e4-9362-c3463d5b1d7b tempest-DeleteServersTestJSON-524484309 tempest-DeleteServersTestJSON-524484309-project] new path /v2/images/2c969ebe-97a4-4e7f-a2ab-8eca62aac03e {{(pid=148179) process_request /opt/stack/glance/glance/api/middleware/version_negotiation.py:70}}
Jul 29 02:37:29 ubuntu devstack@g-api.service[148179]: [pid: 148179|app: 0|req: 14/26] 127.0.0.1 () {42 vars in 1049 bytes} [Fri Jul 29 02:37:29 2022] GET /v2/images/2c969ebe-97a4-4e7f-a2ab-8eca62aac03e => generated 976 bytes in 24 msecs (HTTP/1.1 200) 4 headers in 157 bytes (1 switches on core 0)
