Jul 04 09:24:25 ubuntu devstack@g-api.service[132448]: DEBUG glance_store.backend [None req-4ca09670-d554-41a4-a6b1-84e9eb8c513e admin admin] Attempting to import store swift {{(pid=132448) _load_store /usr/local/lib/python3.8/dist-packages/glance_store/backend.py:217}}
Jul 04 09:24:25 ubuntu devstack@g-api.service[132448]: DEBUG glance_store.capabilities [None req-4ca09670-d554-41a4-a6b1-84e9eb8c513e admin admin] Store glance_store._drivers.swift.store.SingleTenantStore doesn't support updating dynamic storage capabilities. Please overwrite 'update_capabilities' method of the store to implement updating logics if needed. {{(pid=132448) update_capabilities /usr/local/lib/python3.8/dist-packages/glance_store/capabilities.py:91}}
Jul 04 09:24:25 ubuntu devstack@g-api.service[132448]: DEBUG glance_store.driver [None req-4ca09670-d554-41a4-a6b1-84e9eb8c513e admin admin] Late loading location class glance_store._drivers.swift.store.StoreLocation {{(pid=132448) get_store_location_class /usr/local/lib/python3.8/dist-packages/glance_store/driver.py:117}}
Jul 04 09:24:25 ubuntu devstack@g-api.service[132448]: DEBUG glance_store.location [None req-4ca09670-d554-41a4-a6b1-84e9eb8c513e admin admin] Registering scheme swift+https with {'store': <glance_store._drivers.swift.store.SingleTenantStore object at 0x7f3db4835af0>, 'location_class': <class 'glance_store._drivers.swift.store.StoreLocation'>, 'store_entry': 'swift'} {{(pid=132448) register_scheme_map /usr/local/lib/python3.8/dist-packages/glance_store/location.py:146}}
Jul 04 09:24:25 ubuntu devstack@g-api.service[132448]: DEBUG glance_store.location [None req-4ca09670-d554-41a4-a6b1-84e9eb8c513e admin admin] Registering scheme swift+https with {'store': <glance_store._drivers.swift.store.SingleTenantStore object at 0x7f3db4835af0>, 'location_class': <class 'glance_store._drivers.swift.store.StoreLocation'>, 'store_entry': 'swift'} {{(pid=132448) register_scheme_map /usr/local/lib/python3.8/dist-packages/glance_store/location.py:146}}
Jul 04 09:24:25 ubuntu devstack@g-api.service[132448]: DEBUG glance_store.location [None req-4ca09670-d554-41a4-a6b1-84e9eb8c513e admin admin] Registering scheme swift with {'store': <glance_store._drivers.swift.store.SingleTenantStore object at 0x7f3db4835af0>, 'location_class': <class 'glance_store._drivers.swift.store.StoreLocation'>, 'store_entry': 'swift'} {{(pid=132448) register_scheme_map /usr/local/lib/python3.8/dist-packages/glance_store/location.py:146}}
Jul 04 09:24:25 ubuntu devstack@g-api.service[132448]: DEBUG glance_store.location [None req-4ca09670-d554-41a4-a6b1-84e9eb8c513e admin admin] Registering scheme swift+https with {'store': <glance_store._drivers.swift.store.SingleTenantStore object at 0x7f3db4835af0>, 'location_class': <class 'glance_store._drivers.swift.store.StoreLocation'>, 'store_entry': 'swift'} {{(pid=132448) register_scheme_map /usr/local/lib/python3.8/dist-packages/glance_store/location.py:146}}
Jul 04 09:24:25 ubuntu devstack@g-api.service[132448]: DEBUG glance_store.location [None req-4ca09670-d554-41a4-a6b1-84e9eb8c513e admin admin] Registering scheme swift with {'store': <glance_store._drivers.swift.store.SingleTenantStore object at 0x7f3db4835af0>, 'location_class': <class 'glance_store._drivers.swift.store.StoreLocation'>, 'store_entry': 'swift'} {{(pid=132448) register_scheme_map /usr/local/lib/python3.8/dist-packages/glance_store/location.py:146}}
Jul 04 09:24:25 ubuntu devstack@g-api.service[132448]: DEBUG glance_store.location [None req-4ca09670-d554-41a4-a6b1-84e9eb8c513e admin admin] Registering scheme swift+http with {'store': <glance_store._drivers.swift.store.SingleTenantStore object at 0x7f3db4835af0>, 'location_class': <class 'glance_store._drivers.swift.store.StoreLocation'>, 'store_entry': 'swift'} {{(pid=132448) register_scheme_map /usr/local/lib/python3.8/dist-packages/glance_store/location.py:146}}
Jul 04 09:24:25 ubuntu devstack@g-api.service[132448]: DEBUG glance_store.location [None req-4ca09670-d554-41a4-a6b1-84e9eb8c513e admin admin] Registering scheme swift+https with {'store': <glance_store._drivers.swift.store.SingleTenantStore object at 0x7f3db4835af0>, 'location_class': <class 'glance_store._drivers.swift.store.StoreLocation'>, 'store_entry': 'swift'} {{(pid=132448) register_scheme_map /usr/local/lib/python3.8/dist-packages/glance_store/location.py:146}}
Jul 04 09:24:25 ubuntu devstack@g-api.service[132448]: DEBUG glance_store.location [None req-4ca09670-d554-41a4-a6b1-84e9eb8c513e admin admin] Registering scheme swift with {'store': <glance_store._drivers.swift.store.SingleTenantStore object at 0x7f3db4835af0>, 'location_class': <class 'glance_store._drivers.swift.store.StoreLocation'>, 'store_entry': 'swift'} {{(pid=132448) register_scheme_map /usr/local/lib/python3.8/dist-packages/glance_store/location.py:146}}
Jul 04 09:24:25 ubuntu devstack@g-api.service[132448]: DEBUG glance_store.location [None req-4ca09670-d554-41a4-a6b1-84e9eb8c513e admin admin] Registering scheme swift+http with {'store': <glance_store._drivers.swift.store.SingleTenantStore object at 0x7f3db4835af0>, 'location_class': <class 'glance_store._drivers.swift.store.StoreLocation'>, 'store_entry': 'swift'} {{(pid=132448) register_scheme_map /usr/local/lib/python3.8/dist-packages/glance_store/location.py:146}}
Jul 04 09:24:25 ubuntu devstack@g-api.service[132448]: DEBUG glance_store.location [None req-4ca09670-d554-41a4-a6b1-84e9eb8c513e admin admin] Registering scheme swift+config with {'store': <glance_store._drivers.swift.store.SingleTenantStore object at 0x7f3db4835af0>, 'location_class': <class 'glance_store._drivers.swift.store.StoreLocation'>, 'store_entry': 'swift'} {{(pid=132448) register_scheme_map /usr/local/lib/python3.8/dist-packages/glance_store/location.py:146}}
Jul 04 09:24:25 ubuntu devstack@g-api.service[132448]: DEBUG glance_store.backend [None req-4ca09670-d554-41a4-a6b1-84e9eb8c513e admin admin] Skipping store.set_acls... not implemented. {{(pid=132448) set_acls /usr/local/lib/python3.8/dist-packages/glance_store/backend.py:509}}
Jul 04 09:24:25 ubuntu devstack@g-api.service[132448]: [pid: 132448|app: 0|req: 3/4] 127.0.0.1 () {40 vars in 862 bytes} [Mon Jul  4 09:24:22 2022] PUT /v2/images/2dc14490-e6d4-416c-8f76-78460c0bb96f/file => generated 0 bytes in 2258 msecs (HTTP/1.1 204) 4 headers in 171 bytes (1 switches on core 0)
Jul 04 09:24:32 ubuntu devstack@g-api.service[132450]: DEBUG dbcounter [-] [132450] Writing DB stats glance:SELECT=9,glance:INSERT=5 {{(pid=132450) stat_writer /usr/local/lib/python3.8/dist-packages/dbcounter.py:114}}
Jul 04 09:24:35 ubuntu devstack@g-api.service[132448]: DEBUG dbcounter [-] [132448] Writing DB stats glance:SELECT=28,glance:UPDATE=2,glance:INSERT=1 {{(pid=132448) stat_writer /usr/local/lib/python3.8/dist-packages/dbcounter.py:114}}
Jul 04 09:25:05 ubuntu devstack@g-api.service[132450]: DEBUG glance.api.middleware.version_negotiation [None req-bf798000-9acf-458e-877c-401a63b642e0 admin admin] Determining version of request: GET / Accept: application/json {{(pid=132450) process_request /opt/stack/glance/glance/api/middleware/version_negotiation.py:44}}
Jul 04 09:25:05 ubuntu devstack@g-api.service[132450]: DEBUG glance.api.middleware.version_negotiation [None req-bf798000-9acf-458e-877c-401a63b642e0 admin admin] Using url versioning {{(pid=132450) process_request /opt/stack/glance/glance/api/middleware/version_negotiation.py:57}}
Jul 04 09:25:05 ubuntu devstack@g-api.service[132450]: DEBUG glance.api.middleware.version_negotiation [None req-bf798000-9acf-458e-877c-401a63b642e0 admin admin] Unknown version. Returning version choices. {{(pid=132450) process_request /opt/stack/glance/glance/api/middleware/version_negotiation.py:64}}
Jul 04 09:25:05 ubuntu devstack@g-api.service[132450]: [pid: 132450|app: 0|req: 2/5] 127.0.0.1 () {34 vars in 506 bytes} [Mon Jul  4 09:25:05 2022] GET / => generated 1323 bytes in 3 msecs (HTTP/1.1 300) 3 headers in 106 bytes (1 switches on core 0)
Jul 04 09:25:05 ubuntu devstack@g-api.service[132448]: DEBUG glance.api.middleware.version_negotiation [None req-4ca09670-d554-41a4-a6b1-84e9eb8c513e admin admin] Determining version of request: GET /v2/images Accept: application/json {{(pid=132448) process_request /opt/stack/glance/glance/api/middleware/version_negotiation.py:44}}
Jul 04 09:25:05 ubuntu devstack@g-api.service[132448]: DEBUG glance.api.middleware.version_negotiation [None req-4ca09670-d554-41a4-a6b1-84e9eb8c513e admin admin] Using url versioning {{(pid=132448) process_request /opt/stack/glance/glance/api/middleware/version_negotiation.py:57}}
Jul 04 09:25:05 ubuntu devstack@g-api.service[132448]: DEBUG glance.api.middleware.version_negotiation [None req-4ca09670-d554-41a4-a6b1-84e9eb8c513e admin admin] Matched version: v2 {{(pid=132448) process_request /opt/stack/glance/glance/api/middleware/version_negotiation.py:69}}
Jul 04 09:25:05 ubuntu devstack@g-api.service[132448]: DEBUG glance.api.middleware.version_negotiation [None req-4ca09670-d554-41a4-a6b1-84e9eb8c513e admin admin] new path /v2/images {{(pid=132448) process_request /opt/stack/glance/glance/api/middleware/version_negotiation.py:70}}
Jul 04 09:25:05 ubuntu devstack@g-api.service[132448]: [pid: 132448|app: 0|req: 4/6] 127.0.0.1 () {36 vars in 728 bytes} [Mon Jul  4 09:25:05 2022] GET /v2/images => generated 1045 bytes in 117 msecs (HTTP/1.1 200) 4 headers in 158 bytes (1 switches on core 0)
Jul 04 09:25:10 ubuntu devstack@g-api.service[132450]: DEBUG glance.api.middleware.version_negotiation [None req-bf798000-9acf-458e-877c-401a63b642e0 admin admin] Determining version of request: GET / Accept: application/json {{(pid=132450) process_request /opt/stack/glance/glance/api/middleware/version_negotiation.py:44}}
Jul 04 09:25:10 ubuntu devstack@g-api.service[132450]: DEBUG glance.api.middleware.version_negotiation [None req-bf798000-9acf-458e-877c-401a63b642e0 admin admin] Using url versioning {{(pid=132450) process_request /opt/stack/glance/glance/api/middleware/version_negotiation.py:57}}
Jul 04 09:25:10 ubuntu devstack@g-api.service[132450]: DEBUG glance.api.middleware.version_negotiation [None req-bf798000-9acf-458e-877c-401a63b642e0 admin admin] Unknown version. Returning version choices. {{(pid=132450) process_request /opt/stack/glance/glance/api/middleware/version_negotiation.py:64}}
Jul 04 09:25:10 ubuntu devstack@g-api.service[132450]: [pid: 132450|app: 0|req: 3/7] 127.0.0.1 () {34 vars in 506 bytes} [Mon Jul  4 09:25:10 2022] GET / => generated 1323 bytes in 2 msecs (HTTP/1.1 300) 3 headers in 106 bytes (1 switches on core 0)
Jul 04 09:25:10 ubuntu devstack@g-api.service[132448]: DEBUG glance.api.middleware.version_negotiation [None req-118b2d61-0971-4249-9ecd-a22c7b8e381d admin admin] Determining version of request: GET /v2/images/2dc14490-e6d4-416c-8f76-78460c0bb96f Accept: */* {{(pid=132448) process_request /opt/stack/glance/glance/api/middleware/version_negotiation.py:44}}
Jul 04 09:25:10 ubuntu devstack@g-api.service[132448]: DEBUG glance.api.middleware.version_negotiation [None req-118b2d61-0971-4249-9ecd-a22c7b8e381d admin admin] Using url versioning {{(pid=132448) process_request /opt/stack/glance/glance/api/middleware/version_negotiation.py:57}}
Jul 04 09:25:10 ubuntu devstack@g-api.service[132448]: DEBUG glance.api.middleware.version_negotiation [None req-118b2d61-0971-4249-9ecd-a22c7b8e381d admin admin] Matched version: v2 {{(pid=132448) process_request /opt/stack/glance/glance/api/middleware/version_negotiation.py:69}}
Jul 04 09:25:10 ubuntu devstack@g-api.service[132448]: DEBUG glance.api.middleware.version_negotiation [None req-118b2d61-0971-4249-9ecd-a22c7b8e381d admin admin] new path /v2/images/2dc14490-e6d4-416c-8f76-78460c0bb96f {{(pid=132448) process_request /opt/stack/glance/glance/api/middleware/version_negotiation.py:70}}
Jul 04 09:25:10 ubuntu devstack@g-api.service[132448]: [pid: 132448|app: 0|req: 5/8] 127.0.0.1 () {36 vars in 789 bytes} [Mon Jul  4 09:25:10 2022] GET /v2/images/2dc14490-e6d4-416c-8f76-78460c0bb96f => generated 976 bytes in 69 msecs (HTTP/1.1 200) 4 headers in 157 bytes (1 switches on core 0)
Jul 04 09:25:13 ubuntu devstack@g-api.service[132450]: DEBUG glance.api.middleware.version_negotiation [None req-bf798000-9acf-458e-877c-401a63b642e0 admin admin] Determining version of request: GET / Accept: application/json {{(pid=132450) process_request /opt/stack/glance/glance/api/middleware/version_negotiation.py:44}}
Jul 04 09:25:13 ubuntu devstack@g-api.service[132450]: DEBUG glance.api.middleware.version_negotiation [None req-bf798000-9acf-458e-877c-401a63b642e0 admin admin] Using url versioning {{(pid=132450) process_request /opt/stack/glance/glance/api/middleware/version_negotiation.py:57}}
Jul 04 09:25:13 ubuntu devstack@g-api.service[132450]: DEBUG glance.api.middleware.version_negotiation [None req-bf798000-9acf-458e-877c-401a63b642e0 admin admin] Unknown version. Returning version choices. {{(pid=132450) process_request /opt/stack/glance/glance/api/middleware/version_negotiation.py:64}}
Jul 04 09:25:13 ubuntu devstack@g-api.service[132450]: [pid: 132450|app: 0|req: 4/9] 127.0.0.1 () {34 vars in 506 bytes} [Mon Jul  4 09:25:13 2022] GET / => generated 1323 bytes in 3 msecs (HTTP/1.1 300) 3 headers in 106 bytes (1 switches on core 0)
Jul 04 09:25:13 ubuntu devstack@g-api.service[132448]: DEBUG glance.api.middleware.version_negotiation [None req-50c3a836-7e0a-49f1-a7d5-a9727657bb6b admin admin] Determining version of request: GET /v2/images/2dc14490-e6d4-416c-8f76-78460c0bb96f Accept: */* {{(pid=132448) process_request /opt/stack/glance/glance/api/middleware/version_negotiation.py:44}}
Jul 04 09:25:13 ubuntu devstack@g-api.service[132448]: DEBUG glance.api.middleware.version_negotiation [None req-50c3a836-7e0a-49f1-a7d5-a9727657bb6b admin admin] Using url versioning {{(pid=132448) process_request /opt/stack/glance/glance/api/middleware/version_negotiation.py:57}}
Jul 04 09:25:13 ubuntu devstack@g-api.service[132448]: DEBUG glance.api.middleware.version_negotiation [None req-50c3a836-7e0a-49f1-a7d5-a9727657bb6b admin admin] Matched version: v2 {{(pid=132448) process_request /opt/stack/glance/glance/api/middleware/version_negotiation.py:69}}
Jul 04 09:25:13 ubuntu devstack@g-api.service[132448]: DEBUG glance.api.middleware.version_negotiation [None req-50c3a836-7e0a-49f1-a7d5-a9727657bb6b admin admin] new path /v2/images/2dc14490-e6d4-416c-8f76-78460c0bb96f {{(pid=132448) process_request /opt/stack/glance/glance/api/middleware/version_negotiation.py:70}}
Jul 04 09:25:13 ubuntu devstack@g-api.service[132448]: [pid: 132448|app: 0|req: 6/10] 127.0.0.1 () {36 vars in 789 bytes} [Mon Jul  4 09:25:13 2022] GET /v2/images/2dc14490-e6d4-416c-8f76-78460c0bb96f => generated 976 bytes in 50 msecs (HTTP/1.1 200) 4 headers in 157 bytes (1 switches on core 0)
Jul 04 09:25:23 ubuntu devstack@g-api.service[132448]: DEBUG dbcounter [-] [132448] Writing DB stats glance:SELECT=10 {{(pid=132448) stat_writer /usr/local/lib/python3.8/dist-packages/dbcounter.py:114}}
Jul 04 09:27:23 ubuntu devstack@g-api.service[132450]: DEBUG glance.api.middleware.version_negotiation [None req-bf798000-9acf-458e-877c-401a63b642e0 admin admin] Determining version of request: GET /v1 Accept: application/json {{(pid=132450) process_request /opt/stack/glance/glance/api/middleware/version_negotiation.py:44}}
Jul 04 09:27:23 ubuntu devstack@g-api.service[132450]: DEBUG glance.api.middleware.version_negotiation [None req-bf798000-9acf-458e-877c-401a63b642e0 admin admin] Using url versioning {{(pid=132450) process_request /opt/stack/glance/glance/api/middleware/version_negotiation.py:57}}
Jul 04 09:27:23 ubuntu devstack@g-api.service[132450]: DEBUG glance.api.middleware.version_negotiation [None req-bf798000-9acf-458e-877c-401a63b642e0 admin admin] Unknown version. Returning version choices. {{(pid=132450) process_request /opt/stack/glance/glance/api/middleware/version_negotiation.py:64}}
Jul 04 09:27:23 ubuntu devstack@g-api.service[132450]: [pid: 132450|app: 0|req: 5/11] 127.0.0.1 () {38 vars in 685 bytes} [Mon Jul  4 09:27:23 2022] GET /v1 => generated 1323 bytes in 4 msecs (HTTP/1.1 300) 3 headers in 106 bytes (1 switches on core 0)
Jul 04 09:29:06 ubuntu devstack@g-api.service[132448]: DEBUG oslo_concurrency.lockutils [-] Acquired lock "glance-cache" {{(pid=132448) lock /usr/local/lib/python3.8/dist-packages/oslo_concurrency/lockutils.py:294}}
Jul 04 09:29:06 ubuntu devstack@g-api.service[132448]: DEBUG oslo_concurrency.lockutils [-] Acquired external semaphore "glance-cache" {{(pid=132448) lock /usr/local/lib/python3.8/dist-packages/oslo_concurrency/lockutils.py:302}}
Jul 04 09:29:06 ubuntu devstack@g-api.service[132448]: DEBUG glance.image_cache.prefetcher [-] Nothing to prefetch. {{(pid=132448) run /opt/stack/glance/glance/image_cache/prefetcher.py:79}}
Jul 04 09:29:06 ubuntu devstack@g-api.service[132448]: DEBUG oslo_concurrency.lockutils [-] Releasing lock "glance-cache" {{(pid=132448) lock /usr/local/lib/python3.8/dist-packages/oslo_concurrency/lockutils.py:312}}
Jul 04 09:29:06 ubuntu devstack@g-api.service[132450]: DEBUG oslo_concurrency.lockutils [-] Acquired lock "glance-cache" {{(pid=132450) lock /usr/local/lib/python3.8/dist-packages/oslo_concurrency/lockutils.py:294}}
Jul 04 09:29:06 ubuntu devstack@g-api.service[132450]: DEBUG oslo_concurrency.lockutils [-] Acquired external semaphore "glance-cache" {{(pid=132450) lock /usr/local/lib/python3.8/dist-packages/oslo_concurrency/lockutils.py:302}}
Jul 04 09:29:06 ubuntu devstack@g-api.service[132450]: DEBUG glance.image_cache.prefetcher [-] Nothing to prefetch. {{(pid=132450) run /opt/stack/glance/glance/image_cache/prefetcher.py:79}}
Jul 04 09:29:06 ubuntu devstack@g-api.service[132450]: DEBUG oslo_concurrency.lockutils [-] Releasing lock "glance-cache" {{(pid=132450) lock /usr/local/lib/python3.8/dist-packages/oslo_concurrency/lockutils.py:312}}
Jul 04 09:29:31 ubuntu devstack@g-api.service[132448]: DEBUG glance.api.middleware.version_negotiation [None req-e435c35c-f6ff-4c12-91ee-7ceef2626399 admin admin] Determining version of request: GET /versions Accept: */* {{(pid=132448) process_request /opt/stack/glance/glance/api/middleware/version_negotiation.py:44}}
Jul 04 09:29:31 ubuntu devstack@g-api.service[132448]: [pid: 132448|app: 0|req: 7/12] 127.0.0.1 () {38 vars in 695 bytes} [Mon Jul  4 09:29:31 2022] GET /versions => generated 1323 bytes in 5 msecs (HTTP/1.1 200) 3 headers in 92 bytes (1 switches on core 0)
Jul 04 09:29:31 ubuntu devstack@g-api.service[132450]: DEBUG glance.api.middleware.version_negotiation [None req-bf798000-9acf-458e-877c-401a63b642e0 admin admin] Determining version of request: GET /v2/schemas/image Accept: */* {{(pid=132450) process_request /opt/stack/glance/glance/api/middleware/version_negotiation.py:44}}
Jul 04 09:29:31 ubuntu devstack@g-api.service[132450]: DEBUG glance.api.middleware.version_negotiation [None req-bf798000-9acf-458e-877c-401a63b642e0 admin admin] Using url versioning {{(pid=132450) process_request /opt/stack/glance/glance/api/middleware/version_negotiation.py:57}}
Jul 04 09:29:31 ubuntu devstack@g-api.service[132450]: DEBUG glance.api.middleware.version_negotiation [None req-bf798000-9acf-458e-877c-401a63b642e0 admin admin] Matched version: v2 {{(pid=132450) process_request /opt/stack/glance/glance/api/middleware/version_negotiation.py:69}}
Jul 04 09:29:31 ubuntu devstack@g-api.service[132450]: DEBUG glance.api.middleware.version_negotiation [None req-bf798000-9acf-458e-877c-401a63b642e0 admin admin] new path /v2/schemas/image {{(pid=132450) process_request /opt/stack/glance/glance/api/middleware/version_negotiation.py:70}}
Jul 04 09:29:31 ubuntu devstack@g-api.service[132450]: [pid: 132450|app: 0|req: 6/13] 127.0.0.1 () {38 vars in 711 bytes} [Mon Jul  4 09:29:31 2022] GET /v2/schemas/image => generated 6083 bytes in 77 msecs (HTTP/1.1 200) 4 headers in 158 bytes (1 switches on core 0)
Jul 04 09:29:31 ubuntu devstack@g-api.service[132448]: DEBUG glance.api.middleware.version_negotiation [None req-e435c35c-f6ff-4c12-91ee-7ceef2626399 admin admin] Determining version of request: GET /v2/schemas/metadefs/namespace Accept: */* {{(pid=132448) process_request /opt/stack/glance/glance/api/middleware/version_negotiation.py:44}}
Jul 04 09:29:31 ubuntu devstack@g-api.service[132448]: DEBUG glance.api.middleware.version_negotiation [None req-e435c35c-f6ff-4c12-91ee-7ceef2626399 admin admin] Using url versioning {{(pid=132448) process_request /opt/stack/glance/glance/api/middleware/version_negotiation.py:57}}
Jul 04 09:29:31 ubuntu devstack@g-api.service[132448]: DEBUG glance.api.middleware.version_negotiation [None req-e435c35c-f6ff-4c12-91ee-7ceef2626399 admin admin] Matched version: v2 {{(pid=132448) process_request /opt/stack/glance/glance/api/middleware/version_negotiation.py:69}}
Jul 04 09:29:31 ubuntu devstack@g-api.service[132448]: DEBUG glance.api.middleware.version_negotiation [None req-e435c35c-f6ff-4c12-91ee-7ceef2626399 admin admin] new path /v2/schemas/metadefs/namespace {{(pid=132448) process_request /opt/stack/glance/glance/api/middleware/version_negotiation.py:70}}
Jul 04 09:29:31 ubuntu devstack@g-api.service[132448]: [pid: 132448|app: 0|req: 8/14] 127.0.0.1 () {38 vars in 737 bytes} [Mon Jul  4 09:29:31 2022] GET /v2/schemas/metadefs/namespace => generated 3100 bytes in 6 msecs (HTTP/1.1 200) 4 headers in 158 bytes (1 switches on core 0)
Jul 04 09:29:31 ubuntu devstack@g-api.service[132450]: DEBUG glance.api.middleware.version_negotiation [None req-e26b625a-455d-47cf-8b87-75fa522614f1 admin admin] Determining version of request: GET /v2/schemas/metadefs/resource_type Accept: */* {{(pid=132450) process_request /opt/stack/glance/glance/api/middleware/version_negotiation.py:44}}
Jul 04 09:29:31 ubuntu devstack@g-api.service[132450]: DEBUG glance.api.middleware.version_negotiation [None req-e26b625a-455d-47cf-8b87-75fa522614f1 admin admin] Using url versioning {{(pid=132450) process_request /opt/stack/glance/glance/api/middleware/version_negotiation.py:57}}
Jul 04 09:29:31 ubuntu devstack@g-api.service[132450]: DEBUG glance.api.middleware.version_negotiation [None req-e26b625a-455d-47cf-8b87-75fa522614f1 admin admin] Matched version: v2 {{(pid=132450) process_request /opt/stack/glance/glance/api/middleware/version_negotiation.py:69}}
Jul 04 09:29:31 ubuntu devstack@g-api.service[132450]: DEBUG glance.api.middleware.version_negotiation [None req-e26b625a-455d-47cf-8b87-75fa522614f1 admin admin] new path /v2/schemas/metadefs/resource_type {{(pid=132450) process_request /opt/stack/glance/glance/api/middleware/version_negotiation.py:70}}
Jul 04 09:29:31 ubuntu devstack@g-api.service[132450]: [pid: 132450|app: 0|req: 7/15] 127.0.0.1 () {38 vars in 745 bytes} [Mon Jul  4 09:29:31 2022] GET /v2/schemas/metadefs/resource_type => generated 1262 bytes in 4 msecs (HTTP/1.1 200) 4 headers in 158 bytes (1 switches on core 0)
Jul 04 09:29:31 ubuntu devstack@g-api.service[132448]: DEBUG glance.api.middleware.version_negotiation [None req-37a0570b-f06b-4df1-8db7-2f3a76342afd admin admin] Determining version of request: GET /v2/images Accept: */* {{(pid=132448) process_request /opt/stack/glance/glance/api/middleware/version_negotiation.py:44}}
Jul 04 09:29:31 ubuntu devstack@g-api.service[132448]: DEBUG glance.api.middleware.version_negotiation [None req-37a0570b-f06b-4df1-8db7-2f3a76342afd admin admin] Using url versioning {{(pid=132448) process_request /opt/stack/glance/glance/api/middleware/version_negotiation.py:57}}
Jul 04 09:29:31 ubuntu devstack@g-api.service[132448]: DEBUG glance.api.middleware.version_negotiation [None req-37a0570b-f06b-4df1-8db7-2f3a76342afd admin admin] Matched version: v2 {{(pid=132448) process_request /opt/stack/glance/glance/api/middleware/version_negotiation.py:69}}
Jul 04 09:29:31 ubuntu devstack@g-api.service[132448]: DEBUG glance.api.middleware.version_negotiation [None req-37a0570b-f06b-4df1-8db7-2f3a76342afd admin admin] new path /v2/images {{(pid=132448) process_request /opt/stack/glance/glance/api/middleware/version_negotiation.py:70}}
Jul 04 09:29:31 ubuntu devstack@g-api.service[132448]: [pid: 132448|app: 0|req: 9/16] 127.0.0.1 () {38 vars in 768 bytes} [Mon Jul  4 09:29:31 2022] GET /v2/images?limit=20&sort_key=name&sort_dir=asc => generated 1081 bytes in 84 msecs (HTTP/1.1 200) 4 headers in 158 bytes (1 switches on core 0)
Jul 04 09:29:31 ubuntu devstack@g-api.service[132450]: DEBUG glance.api.middleware.version_negotiation [None req-58da15a9-e821-4efe-b516-ee033935ee7c admin admin] Determining version of request: GET /v2/schemas/image Accept: */* {{(pid=132450) process_request /opt/stack/glance/glance/api/middleware/version_negotiation.py:44}}
Jul 04 09:29:31 ubuntu devstack@g-api.service[132450]: DEBUG glance.api.middleware.version_negotiation [None req-58da15a9-e821-4efe-b516-ee033935ee7c admin admin] Using url versioning {{(pid=132450) process_request /opt/stack/glance/glance/api/middleware/version_negotiation.py:57}}
Jul 04 09:29:31 ubuntu devstack@g-api.service[132450]: DEBUG glance.api.middleware.version_negotiation [None req-58da15a9-e821-4efe-b516-ee033935ee7c admin admin] Matched version: v2 {{(pid=132450) process_request /opt/stack/glance/glance/api/middleware/version_negotiation.py:69}}
Jul 04 09:29:31 ubuntu devstack@g-api.service[132450]: DEBUG glance.api.middleware.version_negotiation [None req-58da15a9-e821-4efe-b516-ee033935ee7c admin admin] new path /v2/schemas/image {{(pid=132450) process_request /opt/stack/glance/glance/api/middleware/version_negotiation.py:70}}
Jul 04 09:29:31 ubuntu devstack@g-api.service[132450]: [pid: 132450|app: 0|req: 8/17] 127.0.0.1 () {38 vars in 711 bytes} [Mon Jul  4 09:29:31 2022] GET /v2/schemas/image => generated 6083 bytes in 7 msecs (HTTP/1.1 200) 4 headers in 158 bytes (1 switches on core 0)
Jul 04 09:29:41 ubuntu devstack@g-api.service[132448]: DEBUG dbcounter [-] [132448] Writing DB stats glance:SELECT=2 {{(pid=132448) stat_writer /usr/local/lib/python3.8/dist-packages/dbcounter.py:114}}
Jul 04 09:29:44 ubuntu devstack@g-api.service[132448]: DEBUG glance.api.middleware.version_negotiation [None req-8d910ce6-5808-4492-80a5-c98071db8f27 admin admin] Determining version of request: GET / Accept: application/json {{(pid=132448) process_request /opt/stack/glance/glance/api/middleware/version_negotiation.py:44}}
Jul 04 09:29:44 ubuntu devstack@g-api.service[132448]: DEBUG glance.api.middleware.version_negotiation [None req-8d910ce6-5808-4492-80a5-c98071db8f27 admin admin] Using url versioning {{(pid=132448) process_request /opt/stack/glance/glance/api/middleware/version_negotiation.py:57}}
Jul 04 09:29:44 ubuntu devstack@g-api.service[132448]: DEBUG glance.api.middleware.version_negotiation [None req-8d910ce6-5808-4492-80a5-c98071db8f27 admin admin] Unknown version. Returning version choices. {{(pid=132448) process_request /opt/stack/glance/glance/api/middleware/version_negotiation.py:64}}
Jul 04 09:29:44 ubuntu devstack@g-api.service[132448]: [pid: 132448|app: 0|req: 10/18] 127.0.0.1 () {34 vars in 492 bytes} [Mon Jul  4 09:29:44 2022] GET / => generated 1323 bytes in 6 msecs (HTTP/1.1 300) 3 headers in 106 bytes (1 switches on core 0)
Jul 04 09:29:44 ubuntu devstack@g-api.service[132450]: DEBUG glance.api.middleware.version_negotiation [None req-e3d65495-c828-4dbd-975c-ba453aa2b730 admin admin] Determining version of request: GET /v2/images/2dc14490-e6d4-416c-8f76-78460c0bb96f Accept: */* {{(pid=132450) process_request /opt/stack/glance/glance/api/middleware/version_negotiation.py:44}}
Jul 04 09:29:44 ubuntu devstack@g-api.service[132450]: DEBUG glance.api.middleware.version_negotiation [None req-e3d65495-c828-4dbd-975c-ba453aa2b730 admin admin] Using url versioning {{(pid=132450) process_request /opt/stack/glance/glance/api/middleware/version_negotiation.py:57}}
Jul 04 09:29:44 ubuntu devstack@g-api.service[132450]: DEBUG glance.api.middleware.version_negotiation [None req-e3d65495-c828-4dbd-975c-ba453aa2b730 admin admin] Matched version: v2 {{(pid=132450) process_request /opt/stack/glance/glance/api/middleware/version_negotiation.py:69}}
Jul 04 09:29:44 ubuntu devstack@g-api.service[132450]: DEBUG glance.api.middleware.version_negotiation [None req-e3d65495-c828-4dbd-975c-ba453aa2b730 admin admin] new path /v2/images/2dc14490-e6d4-416c-8f76-78460c0bb96f {{(pid=132450) process_request /opt/stack/glance/glance/api/middleware/version_negotiation.py:70}}
Jul 04 09:29:44 ubuntu devstack@g-api.service[132450]: WARNING keystonemiddleware.auth_token [None req-e3d65495-c828-4dbd-975c-ba453aa2b730 admin admin] A valid token was submitted as a service token, but it was not a valid service token. This is incorrect but backwards compatible behaviour. This will be removed in future releases.
Jul 04 09:29:44 ubuntu devstack@g-api.service[132450]: [pid: 132450|app: 0|req: 9/19] 127.0.0.1 () {42 vars in 1049 bytes} [Mon Jul  4 09:29:44 2022] GET /v2/images/2dc14490-e6d4-416c-8f76-78460c0bb96f => generated 976 bytes in 97 msecs (HTTP/1.1 200) 4 headers in 157 bytes (1 switches on core 0)
Jul 04 09:29:44 ubuntu devstack@g-api.service[132448]: DEBUG glance.api.middleware.version_negotiation [None req-8d910ce6-5808-4492-80a5-c98071db8f27 admin admin] Determining version of request: GET /v2/schemas/image Accept: */* {{(pid=132448) process_request /opt/stack/glance/glance/api/middleware/version_negotiation.py:44}}
Jul 04 09:29:44 ubuntu devstack@g-api.service[132448]: DEBUG glance.api.middleware.version_negotiation [None req-8d910ce6-5808-4492-80a5-c98071db8f27 admin admin] Using url versioning {{(pid=132448) process_request /opt/stack/glance/glance/api/middleware/version_negotiation.py:57}}
Jul 04 09:29:44 ubuntu devstack@g-api.service[132448]: DEBUG glance.api.middleware.version_negotiation [None req-8d910ce6-5808-4492-80a5-c98071db8f27 admin admin] Matched version: v2 {{(pid=132448) process_request /opt/stack/glance/glance/api/middleware/version_negotiation.py:69}}
Jul 04 09:29:44 ubuntu devstack@g-api.service[132448]: DEBUG glance.api.middleware.version_negotiation [None req-8d910ce6-5808-4492-80a5-c98071db8f27 admin admin] new path /v2/schemas/image {{(pid=132448) process_request /opt/stack/glance/glance/api/middleware/version_negotiation.py:70}}
Jul 04 09:29:44 ubuntu devstack@g-api.service[132448]: WARNING keystonemiddleware.auth_token [None req-8d910ce6-5808-4492-80a5-c98071db8f27 admin admin] A valid token was submitted as a service token, but it was not a valid service token. This is incorrect but backwards compatible behaviour. This will be removed in future releases.
Jul 04 09:29:44 ubuntu devstack@g-api.service[132448]: [pid: 132448|app: 0|req: 11/20] 127.0.0.1 () {42 vars in 989 bytes} [Mon Jul  4 09:29:44 2022] GET /v2/schemas/image => generated 6083 bytes in 8 msecs (HTTP/1.1 200) 4 headers in 158 bytes (1 switches on core 0)
Jul 04 09:29:46 ubuntu devstack@g-api.service[132450]: DEBUG glance.api.middleware.version_negotiation [None req-71f686ca-87fb-42e2-ac30-a1f1a31fb484 tempest-VolumesAdminNegativeTest-860771033 tempest-VolumesAdminNegativeTest-860771033-project] Determining version of request: GET /v2/images/2dc14490-e6d4-416c-8f76-78460c0bb96f Accept: */* {{(pid=132450) process_request /opt/stack/glance/glance/api/middleware/version_negotiation.py:44}}
Jul 04 09:29:46 ubuntu devstack@g-api.service[132450]: DEBUG glance.api.middleware.version_negotiation [None req-71f686ca-87fb-42e2-ac30-a1f1a31fb484 tempest-VolumesAdminNegativeTest-860771033 tempest-VolumesAdminNegativeTest-860771033-project] Using url versioning {{(pid=132450) process_request /opt/stack/glance/glance/api/middleware/version_negotiation.py:57}}
Jul 04 09:29:46 ubuntu devstack@g-api.service[132450]: DEBUG glance.api.middleware.version_negotiation [None req-71f686ca-87fb-42e2-ac30-a1f1a31fb484 tempest-VolumesAdminNegativeTest-860771033 tempest-VolumesAdminNegativeTest-860771033-project] Matched version: v2 {{(pid=132450) process_request /opt/stack/glance/glance/api/middleware/version_negotiation.py:69}}
Jul 04 09:29:46 ubuntu devstack@g-api.service[132450]: DEBUG glance.api.middleware.version_negotiation [None req-71f686ca-87fb-42e2-ac30-a1f1a31fb484 tempest-VolumesAdminNegativeTest-860771033 tempest-VolumesAdminNegativeTest-860771033-project] new path /v2/images/2dc14490-e6d4-416c-8f76-78460c0bb96f {{(pid=132450) process_request /opt/stack/glance/glance/api/middleware/version_negotiation.py:70}}
Jul 04 09:29:46 ubuntu devstack@g-api.service[132450]: [pid: 132450|app: 0|req: 10/21] 127.0.0.1 () {42 vars in 1049 bytes} [Mon Jul  4 09:29:46 2022] GET /v2/images/2dc14490-e6d4-416c-8f76-78460c0bb96f => generated 976 bytes in 18 msecs (HTTP/1.1 200) 4 headers in 157 bytes (1 switches on core 0)
Jul 04 09:29:46 ubuntu devstack@g-api.service[132448]: DEBUG glance.api.middleware.version_negotiation [None req-71f686ca-87fb-42e2-ac30-a1f1a31fb484 tempest-VolumesAdminNegativeTest-860771033 tempest-VolumesAdminNegativeTest-860771033-project] Determining version of request: GET /v2/images/2dc14490-e6d4-416c-8f76-78460c0bb96f/file Accept: */* {{(pid=132448) process_request /opt/stack/glance/glance/api/middleware/version_negotiation.py:44}}
Jul 04 09:29:46 ubuntu devstack@g-api.service[132448]: DEBUG glance.api.middleware.version_negotiation [None req-71f686ca-87fb-42e2-ac30-a1f1a31fb484 tempest-VolumesAdminNegativeTest-860771033 tempest-VolumesAdminNegativeTest-860771033-project] Using url versioning {{(pid=132448) process_request /opt/stack/glance/glance/api/middleware/version_negotiation.py:57}}
Jul 04 09:29:46 ubuntu devstack@g-api.service[132448]: DEBUG glance.api.middleware.version_negotiation [None req-71f686ca-87fb-42e2-ac30-a1f1a31fb484 tempest-VolumesAdminNegativeTest-860771033 tempest-VolumesAdminNegativeTest-860771033-project] Matched version: v2 {{(pid=132448) process_request /opt/stack/glance/glance/api/middleware/version_negotiation.py:69}}
Jul 04 09:29:46 ubuntu devstack@g-api.service[132448]: DEBUG glance.api.middleware.version_negotiation [None req-71f686ca-87fb-42e2-ac30-a1f1a31fb484 tempest-VolumesAdminNegativeTest-860771033 tempest-VolumesAdminNegativeTest-860771033-project] new path /v2/images/2dc14490-e6d4-416c-8f76-78460c0bb96f/file {{(pid=132448) process_request /opt/stack/glance/glance/api/middleware/version_negotiation.py:70}}
Jul 04 09:29:46 ubuntu devstack@g-api.service[132448]: DEBUG glance_store.backend [None req-71f686ca-87fb-42e2-ac30-a1f1a31fb484 tempest-VolumesAdminNegativeTest-860771033 tempest-VolumesAdminNegativeTest-860771033-project] Attempting to import store swift {{(pid=132448) _load_store /usr/local/lib/python3.8/dist-packages/glance_store/backend.py:217}}
Jul 04 09:29:46 ubuntu devstack@g-api.service[132448]: DEBUG glance_store.capabilities [None req-71f686ca-87fb-42e2-ac30-a1f1a31fb484 tempest-VolumesAdminNegativeTest-860771033 tempest-VolumesAdminNegativeTest-860771033-project] Store glance_store._drivers.swift.store.SingleTenantStore doesn't support updating dynamic storage capabilities. Please overwrite 'update_capabilities' method of the store to implement updating logics if needed. {{(pid=132448) update_capabilities /usr/local/lib/python3.8/dist-packages/glance_store/capabilities.py:91}}
Jul 04 09:29:46 ubuntu devstack@g-api.service[132448]: DEBUG glance_store.driver [None req-71f686ca-87fb-42e2-ac30-a1f1a31fb484 tempest-VolumesAdminNegativeTest-860771033 tempest-VolumesAdminNegativeTest-860771033-project] Late loading location class glance_store._drivers.swift.store.StoreLocation {{(pid=132448) get_store_location_class /usr/local/lib/python3.8/dist-packages/glance_store/driver.py:117}}
Jul 04 09:29:46 ubuntu devstack@g-api.service[132448]: DEBUG glance_store.location [None req-71f686ca-87fb-42e2-ac30-a1f1a31fb484 tempest-VolumesAdminNegativeTest-860771033 tempest-VolumesAdminNegativeTest-860771033-project] Registering scheme swift+https with {'store': <glance_store._drivers.swift.store.SingleTenantStore object at 0x7f3db498ba60>, 'location_class': <class 'glance_store._drivers.swift.store.StoreLocation'>, 'store_entry': 'swift'} {{(pid=132448) register_scheme_map /usr/local/lib/python3.8/dist-packages/glance_store/location.py:146}}
Jul 04 09:29:46 ubuntu devstack@g-api.service[132448]: DEBUG glance_store.location [None req-71f686ca-87fb-42e2-ac30-a1f1a31fb484 tempest-VolumesAdminNegativeTest-860771033 tempest-VolumesAdminNegativeTest-860771033-project] Registering scheme swift+https with {'store': <glance_store._drivers.swift.store.SingleTenantStore object at 0x7f3db498ba60>, 'location_class': <class 'glance_store._drivers.swift.store.StoreLocation'>, 'store_entry': 'swift'} {{(pid=132448) register_scheme_map /usr/local/lib/python3.8/dist-packages/glance_store/location.py:146}}
Jul 04 09:29:46 ubuntu devstack@g-api.service[132448]: DEBUG glance_store.location [None req-71f686ca-87fb-42e2-ac30-a1f1a31fb484 tempest-VolumesAdminNegativeTest-860771033 tempest-VolumesAdminNegativeTest-860771033-project] Registering scheme swift with {'store': <glance_store._drivers.swift.store.SingleTenantStore object at 0x7f3db498ba60>, 'location_class': <class 'glance_store._drivers.swift.store.StoreLocation'>, 'store_entry': 'swift'} {{(pid=132448) register_scheme_map /usr/local/lib/python3.8/dist-packages/glance_store/location.py:146}}
Jul 04 09:29:46 ubuntu devstack@g-api.service[132448]: DEBUG glance_store.location [None req-71f686ca-87fb-42e2-ac30-a1f1a31fb484 tempest-VolumesAdminNegativeTest-860771033 tempest-VolumesAdminNegativeTest-860771033-project] Registering scheme swift+https with {'store': <glance_store._drivers.swift.store.SingleTenantStore object at 0x7f3db498ba60>, 'location_class': <class 'glance_store._drivers.swift.store.StoreLocation'>, 'store_entry': 'swift'} {{(pid=132448) register_scheme_map /usr/local/lib/python3.8/dist-packages/glance_store/location.py:146}}
Jul 04 09:29:46 ubuntu devstack@g-api.service[132448]: DEBUG glance_store.location [None req-71f686ca-87fb-42e2-ac30-a1f1a31fb484 tempest-VolumesAdminNegativeTest-860771033 tempest-VolumesAdminNegativeTest-860771033-project] Registering scheme swift with {'store': <glance_store._drivers.swift.store.SingleTenantStore object at 0x7f3db498ba60>, 'location_class': <class 'glance_store._drivers.swift.store.StoreLocation'>, 'store_entry': 'swift'} {{(pid=132448) register_scheme_map /usr/local/lib/python3.8/dist-packages/glance_store/location.py:146}}
Jul 04 09:29:46 ubuntu devstack@g-api.service[132448]: DEBUG glance_store.location [None req-71f686ca-87fb-42e2-ac30-a1f1a31fb484 tempest-VolumesAdminNegativeTest-860771033 tempest-VolumesAdminNegativeTest-860771033-project] Registering scheme swift+http with {'store': <glance_store._drivers.swift.store.SingleTenantStore object at 0x7f3db498ba60>, 'location_class': <class 'glance_store._drivers.swift.store.StoreLocation'>, 'store_entry': 'swift'} {{(pid=132448) register_scheme_map /usr/local/lib/python3.8/dist-packages/glance_store/location.py:146}}
Jul 04 09:29:46 ubuntu devstack@g-api.service[132448]: DEBUG glance_store.location [None req-71f686ca-87fb-42e2-ac30-a1f1a31fb484 tempest-VolumesAdminNegativeTest-860771033 tempest-VolumesAdminNegativeTest-860771033-project] Registering scheme swift+https with {'store': <glance_store._drivers.swift.store.SingleTenantStore object at 0x7f3db498ba60>, 'location_class': <class 'glance_store._drivers.swift.store.StoreLocation'>, 'store_entry': 'swift'} {{(pid=132448) register_scheme_map /usr/local/lib/python3.8/dist-packages/glance_store/location.py:146}}
Jul 04 09:29:46 ubuntu devstack@g-api.service[132448]: DEBUG glance_store.location [None req-71f686ca-87fb-42e2-ac30-a1f1a31fb484 tempest-VolumesAdminNegativeTest-860771033 tempest-VolumesAdminNegativeTest-860771033-project] Registering scheme swift with {'store': <glance_store._drivers.swift.store.SingleTenantStore object at 0x7f3db498ba60>, 'location_class': <class 'glance_store._drivers.swift.store.StoreLocation'>, 'store_entry': 'swift'} {{(pid=132448) register_scheme_map /usr/local/lib/python3.8/dist-packages/glance_store/location.py:146}}
Jul 04 09:29:46 ubuntu devstack@g-api.service[132448]: DEBUG glance_store.location [None req-71f686ca-87fb-42e2-ac30-a1f1a31fb484 tempest-VolumesAdminNegativeTest-860771033 tempest-VolumesAdminNegativeTest-860771033-project] Registering scheme swift+http with {'store': <glance_store._drivers.swift.store.SingleTenantStore object at 0x7f3db498ba60>, 'location_class': <class 'glance_store._drivers.swift.store.StoreLocation'>, 'store_entry': 'swift'} {{(pid=132448) register_scheme_map /usr/local/lib/python3.8/dist-packages/glance_store/location.py:146}}
Jul 04 09:29:46 ubuntu devstack@g-api.service[132448]: DEBUG glance_store.location [None req-71f686ca-87fb-42e2-ac30-a1f1a31fb484 tempest-VolumesAdminNegativeTest-860771033 tempest-VolumesAdminNegativeTest-860771033-project] Registering scheme swift+config with {'store': <glance_store._drivers.swift.store.SingleTenantStore object at 0x7f3db498ba60>, 'location_class': <class 'glance_store._drivers.swift.store.StoreLocation'>, 'store_entry': 'swift'} {{(pid=132448) register_scheme_map /usr/local/lib/python3.8/dist-packages/glance_store/location.py:146}}
Jul 04 09:29:47 ubuntu devstack@g-api.service[132448]: DEBUG swiftclient [None req-71f686ca-87fb-42e2-ac30-a1f1a31fb484 tempest-VolumesAdminNegativeTest-860771033 tempest-VolumesAdminNegativeTest-860771033-project] REQ: curl -i http://192.168.79.49:8080/v1/AUTH_2ba0f0d7f27a4ef5936c1066c46a3940/glance/2dc14490-e6d4-416c-8f76-78460c0bb96f -X GET -H "X-Auth-Token: gAAAAABiwrMK9EoY..." {{(pid=132448) http_log /usr/local/lib/python3.8/dist-packages/swiftclient/client.py:157}}
Jul 04 09:29:47 ubuntu devstack@g-api.service[132448]: DEBUG swiftclient [None req-71f686ca-87fb-42e2-ac30-a1f1a31fb484 tempest-VolumesAdminNegativeTest-860771033 tempest-VolumesAdminNegativeTest-860771033-project] RESP STATUS: 200 OK {{(pid=132448) http_log /usr/local/lib/python3.8/dist-packages/swiftclient/client.py:158}}
Jul 04 09:29:47 ubuntu devstack@g-api.service[132448]: DEBUG swiftclient [None req-71f686ca-87fb-42e2-ac30-a1f1a31fb484 tempest-VolumesAdminNegativeTest-860771033 tempest-VolumesAdminNegativeTest-860771033-project] RESP HEADERS: {'Content-Type': 'application/octet-stream', 'Etag': '1d3062cd89af34e419f7100277f38b2b', 'Last-Modified': 'Mon, 04 Jul 2022 09:24:25 GMT', 'X-Timestamp': '1656926664.72330', 'Accept-Ranges': 'bytes', 'Content-Length': '16338944', 'X-Trans-Id': 'tx396c305b465e49d1b60fb-0062c2b30a', 'X-Openstack-Request-Id': 'tx396c305b465e49d1b60fb-0062c2b30a', 'Date': 'Mon, 04 Jul 2022 09:29:47 GMT'} {{(pid=132448) http_log /usr/local/lib/python3.8/dist-packages/swiftclient/client.py:159}}
Jul 04 09:29:47 ubuntu devstack@g-api.service[132448]: DEBUG glance.image_cache [None req-71f686ca-87fb-42e2-ac30-a1f1a31fb484 tempest-VolumesAdminNegativeTest-860771033 tempest-VolumesAdminNegativeTest-860771033-project] Tee'ing image '2dc14490-e6d4-416c-8f76-78460c0bb96f' into cache {{(pid=132448) get_caching_iter /opt/stack/glance/glance/image_cache/__init__.py:343}}
Jul 04 09:29:47 ubuntu devstack@g-api.service[132448]: DEBUG glance.image_cache.drivers.sqlite [None req-71f686ca-87fb-42e2-ac30-a1f1a31fb484 tempest-VolumesAdminNegativeTest-860771033 tempest-VolumesAdminNegativeTest-860771033-project] Fetch finished, moving '/opt/stack/data/glance/cache/incomplete/2dc14490-e6d4-416c-8f76-78460c0bb96f' to '/opt/stack/data/glance/cache/2dc14490-e6d4-416c-8f76-78460c0bb96f' {{(pid=132448) commit /opt/stack/glance/glance/image_cache/drivers/sqlite.py:324}}
Jul 04 09:29:47 ubuntu devstack@g-api.service[132448]: [pid: 132448|app: 0|req: 12/22] 127.0.0.1 () {42 vars in 1059 bytes} [Mon Jul  4 09:29:46 2022] GET /v2/images/2dc14490-e6d4-416c-8f76-78460c0bb96f/file => generated 16338944 bytes in 371 msecs (HTTP/1.1 200) 4 headers in 191 bytes (250 switches on core 0)
Jul 04 09:29:56 ubuntu devstack@g-api.service[132450]: DEBUG dbcounter [-] [132450] Writing DB stats glance:SELECT=8 {{(pid=132450) stat_writer /usr/local/lib/python3.8/dist-packages/dbcounter.py:114}}
Jul 04 09:29:57 ubuntu devstack@g-api.service[132448]: DEBUG dbcounter [-] [132448] Writing DB stats glance:SELECT=8 {{(pid=132448) stat_writer /usr/local/lib/python3.8/dist-packages/dbcounter.py:114}}
Jul 04 09:30:11 ubuntu devstack@g-api.service[132450]: DEBUG glance.api.middleware.version_negotiation [None req-71f686ca-87fb-42e2-ac30-a1f1a31fb484 tempest-VolumesAdminNegativeTest-860771033 tempest-VolumesAdminNegativeTest-860771033-project] Determining version of request: GET / Accept: application/json {{(pid=132450) process_request /opt/stack/glance/glance/api/middleware/version_negotiation.py:44}}
Jul 04 09:30:11 ubuntu devstack@g-api.service[132450]: DEBUG glance.api.middleware.version_negotiation [None req-71f686ca-87fb-42e2-ac30-a1f1a31fb484 tempest-VolumesAdminNegativeTest-860771033 tempest-VolumesAdminNegativeTest-860771033-project] Using url versioning {{(pid=132450) process_request /opt/stack/glance/glance/api/middleware/version_negotiation.py:57}}
Jul 04 09:30:11 ubuntu devstack@g-api.service[132450]: DEBUG glance.api.middleware.version_negotiation [None req-71f686ca-87fb-42e2-ac30-a1f1a31fb484 tempest-VolumesAdminNegativeTest-860771033 tempest-VolumesAdminNegativeTest-860771033-project] Unknown version. Returning version choices. {{(pid=132450) process_request /opt/stack/glance/glance/api/middleware/version_negotiation.py:64}}
Jul 04 09:30:11 ubuntu devstack@g-api.service[132450]: [pid: 132450|app: 0|req: 11/23] 127.0.0.1 () {34 vars in 492 bytes} [Mon Jul  4 09:30:11 2022] GET / => generated 1323 bytes in 2 msecs (HTTP/1.1 300) 3 headers in 106 bytes (1 switches on core 0)
Jul 04 09:30:11 ubuntu devstack@g-api.service[132448]: DEBUG glance.api.middleware.version_negotiation [None req-71f686ca-87fb-42e2-ac30-a1f1a31fb484 tempest-VolumesAdminNegativeTest-860771033 tempest-VolumesAdminNegativeTest-860771033-project] Determining version of request: GET /v2/images/2dc14490-e6d4-416c-8f76-78460c0bb96f Accept: */* {{(pid=132448) process_request /opt/stack/glance/glance/api/middleware/version_negotiation.py:44}}
Jul 04 09:30:11 ubuntu devstack@g-api.service[132448]: DEBUG glance.api.middleware.version_negotiation [None req-71f686ca-87fb-42e2-ac30-a1f1a31fb484 tempest-VolumesAdminNegativeTest-860771033 tempest-VolumesAdminNegativeTest-860771033-project] Using url versioning {{(pid=132448) process_request /opt/stack/glance/glance/api/middleware/version_negotiation.py:57}}
Jul 04 09:30:11 ubuntu devstack@g-api.service[132448]: DEBUG glance.api.middleware.version_negotiation [None req-71f686ca-87fb-42e2-ac30-a1f1a31fb484 tempest-VolumesAdminNegativeTest-860771033 tempest-VolumesAdminNegativeTest-860771033-project] Matched version: v2 {{(pid=132448) process_request /opt/stack/glance/glance/api/middleware/version_negotiation.py:69}}
Jul 04 09:30:11 ubuntu devstack@g-api.service[132448]: DEBUG glance.api.middleware.version_negotiation [None req-71f686ca-87fb-42e2-ac30-a1f1a31fb484 tempest-VolumesAdminNegativeTest-860771033 tempest-VolumesAdminNegativeTest-860771033-project] new path /v2/images/2dc14490-e6d4-416c-8f76-78460c0bb96f {{(pid=132448) process_request /opt/stack/glance/glance/api/middleware/version_negotiation.py:70}}
Jul 04 09:30:11 ubuntu devstack@g-api.service[132448]: [pid: 132448|app: 0|req: 13/24] 127.0.0.1 () {42 vars in 1049 bytes} [Mon Jul  4 09:30:11 2022] GET /v2/images/2dc14490-e6d4-416c-8f76-78460c0bb96f => generated 976 bytes in 19 msecs (HTTP/1.1 200) 4 headers in 157 bytes (1 switches on core 0)
Jul 04 09:30:11 ubuntu devstack@g-api.service[132450]: DEBUG glance.api.middleware.version_negotiation [None req-71f686ca-87fb-42e2-ac30-a1f1a31fb484 tempest-VolumesAdminNegativeTest-860771033 tempest-VolumesAdminNegativeTest-860771033-project] Determining version of request: GET /v2/schemas/image Accept: */* {{(pid=132450) process_request /opt/stack/glance/glance/api/middleware/version_negotiation.py:44}}
Jul 04 09:30:11 ubuntu devstack@g-api.service[132450]: DEBUG glance.api.middleware.version_negotiation [None req-71f686ca-87fb-42e2-ac30-a1f1a31fb484 tempest-VolumesAdminNegativeTest-860771033 tempest-VolumesAdminNegativeTest-860771033-project] Using url versioning {{(pid=132450) process_request /opt/stack/glance/glance/api/middleware/version_negotiation.py:57}}
Jul 04 09:30:11 ubuntu devstack@g-api.service[132450]: DEBUG glance.api.middleware.version_negotiation [None req-71f686ca-87fb-42e2-ac30-a1f1a31fb484 tempest-VolumesAdminNegativeTest-860771033 tempest-VolumesAdminNegativeTest-860771033-project] Matched version: v2 {{(pid=132450) process_request /opt/stack/glance/glance/api/middleware/version_negotiation.py:69}}
Jul 04 09:30:11 ubuntu devstack@g-api.service[132450]: DEBUG glance.api.middleware.version_negotiation [None req-71f686ca-87fb-42e2-ac30-a1f1a31fb484 tempest-VolumesAdminNegativeTest-860771033 tempest-VolumesAdminNegativeTest-860771033-project] new path /v2/schemas/image {{(pid=132450) process_request /opt/stack/glance/glance/api/middleware/version_negotiation.py:70}}
Jul 04 09:30:11 ubuntu devstack@g-api.service[132450]: [pid: 132450|app: 0|req: 12/25] 127.0.0.1 () {42 vars in 989 bytes} [Mon Jul  4 09:30:11 2022] GET /v2/schemas/image => generated 6083 bytes in 4 msecs (HTTP/1.1 200) 4 headers in 158 bytes (1 switches on core 0)
Jul 04 09:30:21 ubuntu devstack@g-api.service[132448]: DEBUG dbcounter [-] [132448] Writing DB stats glance:SELECT=4 {{(pid=132448) stat_writer /usr/local/lib/python3.8/dist-packages/dbcounter.py:114}}
Jul 04 09:30:40 ubuntu devstack@g-api.service[132448]: DEBUG glance.api.middleware.version_negotiation [None req-7fcb9c5a-e7d6-47ce-95eb-ff6bd81d0e38 tempest-DeleteServersTestJSON-1373440223 tempest-DeleteServersTestJSON-1373440223-project] Determining version of request: GET /v2/images/2dc14490-e6d4-416c-8f76-78460c0bb96f Accept: */* {{(pid=132448) process_request /opt/stack/glance/glance/api/middleware/version_negotiation.py:44}}
