Jul 08 09:56:41 ubuntu devstack@g-api.service[132838]: DEBUG glance_store.backend [None req-2d28645f-de8e-40c8-943a-8ac1dff9eecc admin admin] Attempting to import store swift {{(pid=132838) _load_store /usr/local/lib/python3.8/dist-packages/glance_store/backend.py:217}}
Jul 08 09:56:41 ubuntu devstack@g-api.service[132838]: DEBUG glance_store.capabilities [None req-2d28645f-de8e-40c8-943a-8ac1dff9eecc admin admin] Store glance_store._drivers.swift.store.SingleTenantStore doesn't support updating dynamic storage capabilities. Please overwrite 'update_capabilities' method of the store to implement updating logics if needed. {{(pid=132838) update_capabilities /usr/local/lib/python3.8/dist-packages/glance_store/capabilities.py:91}}
Jul 08 09:56:41 ubuntu devstack@g-api.service[132838]: DEBUG glance_store.driver [None req-2d28645f-de8e-40c8-943a-8ac1dff9eecc admin admin] Late loading location class glance_store._drivers.swift.store.StoreLocation {{(pid=132838) get_store_location_class /usr/local/lib/python3.8/dist-packages/glance_store/driver.py:117}}
Jul 08 09:56:41 ubuntu devstack@g-api.service[132838]: DEBUG glance_store.location [None req-2d28645f-de8e-40c8-943a-8ac1dff9eecc admin admin] Registering scheme swift+https with {'store': <glance_store._drivers.swift.store.SingleTenantStore object at 0x7f377515c610>, 'location_class': <class 'glance_store._drivers.swift.store.StoreLocation'>, 'store_entry': 'swift'} {{(pid=132838) register_scheme_map /usr/local/lib/python3.8/dist-packages/glance_store/location.py:146}}
Jul 08 09:56:41 ubuntu devstack@g-api.service[132838]: DEBUG glance_store.location [None req-2d28645f-de8e-40c8-943a-8ac1dff9eecc admin admin] Registering scheme swift+https with {'store': <glance_store._drivers.swift.store.SingleTenantStore object at 0x7f377515c610>, 'location_class': <class 'glance_store._drivers.swift.store.StoreLocation'>, 'store_entry': 'swift'} {{(pid=132838) register_scheme_map /usr/local/lib/python3.8/dist-packages/glance_store/location.py:146}}
Jul 08 09:56:41 ubuntu devstack@g-api.service[132838]: DEBUG glance_store.location [None req-2d28645f-de8e-40c8-943a-8ac1dff9eecc admin admin] Registering scheme swift with {'store': <glance_store._drivers.swift.store.SingleTenantStore object at 0x7f377515c610>, 'location_class': <class 'glance_store._drivers.swift.store.StoreLocation'>, 'store_entry': 'swift'} {{(pid=132838) register_scheme_map /usr/local/lib/python3.8/dist-packages/glance_store/location.py:146}}
Jul 08 09:56:41 ubuntu devstack@g-api.service[132838]: DEBUG glance_store.location [None req-2d28645f-de8e-40c8-943a-8ac1dff9eecc admin admin] Registering scheme swift+https with {'store': <glance_store._drivers.swift.store.SingleTenantStore object at 0x7f377515c610>, 'location_class': <class 'glance_store._drivers.swift.store.StoreLocation'>, 'store_entry': 'swift'} {{(pid=132838) register_scheme_map /usr/local/lib/python3.8/dist-packages/glance_store/location.py:146}}
Jul 08 09:56:41 ubuntu devstack@g-api.service[132838]: DEBUG glance_store.location [None req-2d28645f-de8e-40c8-943a-8ac1dff9eecc admin admin] Registering scheme swift with {'store': <glance_store._drivers.swift.store.SingleTenantStore object at 0x7f377515c610>, 'location_class': <class 'glance_store._drivers.swift.store.StoreLocation'>, 'store_entry': 'swift'} {{(pid=132838) register_scheme_map /usr/local/lib/python3.8/dist-packages/glance_store/location.py:146}}
Jul 08 09:56:41 ubuntu devstack@g-api.service[132838]: DEBUG glance_store.location [None req-2d28645f-de8e-40c8-943a-8ac1dff9eecc admin admin] Registering scheme swift+http with {'store': <glance_store._drivers.swift.store.SingleTenantStore object at 0x7f377515c610>, 'location_class': <class 'glance_store._drivers.swift.store.StoreLocation'>, 'store_entry': 'swift'} {{(pid=132838) register_scheme_map /usr/local/lib/python3.8/dist-packages/glance_store/location.py:146}}
Jul 08 09:56:41 ubuntu devstack@g-api.service[132838]: DEBUG glance_store.location [None req-2d28645f-de8e-40c8-943a-8ac1dff9eecc admin admin] Registering scheme swift+https with {'store': <glance_store._drivers.swift.store.SingleTenantStore object at 0x7f377515c610>, 'location_class': <class 'glance_store._drivers.swift.store.StoreLocation'>, 'store_entry': 'swift'} {{(pid=132838) register_scheme_map /usr/local/lib/python3.8/dist-packages/glance_store/location.py:146}}
Jul 08 09:56:41 ubuntu devstack@g-api.service[132838]: DEBUG glance_store.location [None req-2d28645f-de8e-40c8-943a-8ac1dff9eecc admin admin] Registering scheme swift with {'store': <glance_store._drivers.swift.store.SingleTenantStore object at 0x7f377515c610>, 'location_class': <class 'glance_store._drivers.swift.store.StoreLocation'>, 'store_entry': 'swift'} {{(pid=132838) register_scheme_map /usr/local/lib/python3.8/dist-packages/glance_store/location.py:146}}
Jul 08 09:56:41 ubuntu devstack@g-api.service[132838]: DEBUG glance_store.location [None req-2d28645f-de8e-40c8-943a-8ac1dff9eecc admin admin] Registering scheme swift+http with {'store': <glance_store._drivers.swift.store.SingleTenantStore object at 0x7f377515c610>, 'location_class': <class 'glance_store._drivers.swift.store.StoreLocation'>, 'store_entry': 'swift'} {{(pid=132838) register_scheme_map /usr/local/lib/python3.8/dist-packages/glance_store/location.py:146}}
Jul 08 09:56:41 ubuntu devstack@g-api.service[132838]: DEBUG glance_store.location [None req-2d28645f-de8e-40c8-943a-8ac1dff9eecc admin admin] Registering scheme swift+config with {'store': <glance_store._drivers.swift.store.SingleTenantStore object at 0x7f377515c610>, 'location_class': <class 'glance_store._drivers.swift.store.StoreLocation'>, 'store_entry': 'swift'} {{(pid=132838) register_scheme_map /usr/local/lib/python3.8/dist-packages/glance_store/location.py:146}}
Jul 08 09:56:41 ubuntu devstack@g-api.service[132838]: DEBUG glance_store.backend [None req-2d28645f-de8e-40c8-943a-8ac1dff9eecc admin admin] Skipping store.set_acls... not implemented. {{(pid=132838) set_acls /usr/local/lib/python3.8/dist-packages/glance_store/backend.py:509}}
Jul 08 09:56:41 ubuntu devstack@g-api.service[132838]: [pid: 132838|app: 0|req: 3/4] 127.0.0.1 () {40 vars in 862 bytes} [Fri Jul  8 09:56:39 2022] PUT /v2/images/848df079-1017-4efd-bcd1-a61b8f4f9fea/file => generated 0 bytes in 1883 msecs (HTTP/1.1 204) 4 headers in 171 bytes (1 switches on core 0)
Jul 08 09:56:49 ubuntu devstack@g-api.service[132840]: DEBUG dbcounter [-] [132840] Writing DB stats glance:SELECT=9,glance:INSERT=5 {{(pid=132840) stat_writer /usr/local/lib/python3.8/dist-packages/dbcounter.py:114}}
Jul 08 09:56:51 ubuntu devstack@g-api.service[132838]: DEBUG dbcounter [-] [132838] Writing DB stats glance:SELECT=28,glance:UPDATE=2,glance:INSERT=1 {{(pid=132838) stat_writer /usr/local/lib/python3.8/dist-packages/dbcounter.py:114}}
Jul 08 09:57:25 ubuntu devstack@g-api.service[132840]: DEBUG glance.api.middleware.version_negotiation [None req-127aa59d-ab3e-4530-811c-cf324de5acfb admin admin] Determining version of request: GET / Accept: application/json {{(pid=132840) process_request /opt/stack/glance/glance/api/middleware/version_negotiation.py:44}}
Jul 08 09:57:25 ubuntu devstack@g-api.service[132840]: DEBUG glance.api.middleware.version_negotiation [None req-127aa59d-ab3e-4530-811c-cf324de5acfb admin admin] Using url versioning {{(pid=132840) process_request /opt/stack/glance/glance/api/middleware/version_negotiation.py:57}}
Jul 08 09:57:25 ubuntu devstack@g-api.service[132840]: DEBUG glance.api.middleware.version_negotiation [None req-127aa59d-ab3e-4530-811c-cf324de5acfb admin admin] Unknown version. Returning version choices. {{(pid=132840) process_request /opt/stack/glance/glance/api/middleware/version_negotiation.py:64}}
Jul 08 09:57:25 ubuntu devstack@g-api.service[132840]: [pid: 132840|app: 0|req: 2/5] 127.0.0.1 () {34 vars in 506 bytes} [Fri Jul  8 09:57:25 2022] GET / => generated 1323 bytes in 6 msecs (HTTP/1.1 300) 3 headers in 106 bytes (1 switches on core 0)
Jul 08 09:57:25 ubuntu devstack@g-api.service[132838]: DEBUG glance.api.middleware.version_negotiation [None req-2d28645f-de8e-40c8-943a-8ac1dff9eecc admin admin] Determining version of request: GET /v2/images Accept: application/json {{(pid=132838) process_request /opt/stack/glance/glance/api/middleware/version_negotiation.py:44}}
Jul 08 09:57:25 ubuntu devstack@g-api.service[132838]: DEBUG glance.api.middleware.version_negotiation [None req-2d28645f-de8e-40c8-943a-8ac1dff9eecc admin admin] Using url versioning {{(pid=132838) process_request /opt/stack/glance/glance/api/middleware/version_negotiation.py:57}}
Jul 08 09:57:25 ubuntu devstack@g-api.service[132838]: DEBUG glance.api.middleware.version_negotiation [None req-2d28645f-de8e-40c8-943a-8ac1dff9eecc admin admin] Matched version: v2 {{(pid=132838) process_request /opt/stack/glance/glance/api/middleware/version_negotiation.py:69}}
Jul 08 09:57:25 ubuntu devstack@g-api.service[132838]: DEBUG glance.api.middleware.version_negotiation [None req-2d28645f-de8e-40c8-943a-8ac1dff9eecc admin admin] new path /v2/images {{(pid=132838) process_request /opt/stack/glance/glance/api/middleware/version_negotiation.py:70}}
Jul 08 09:57:25 ubuntu devstack@g-api.service[132838]: [pid: 132838|app: 0|req: 4/6] 127.0.0.1 () {36 vars in 728 bytes} [Fri Jul  8 09:57:25 2022] GET /v2/images => generated 1045 bytes in 111 msecs (HTTP/1.1 200) 4 headers in 158 bytes (1 switches on core 0)
Jul 08 09:57:30 ubuntu devstack@g-api.service[132840]: DEBUG glance.api.middleware.version_negotiation [None req-127aa59d-ab3e-4530-811c-cf324de5acfb admin admin] Determining version of request: GET / Accept: application/json {{(pid=132840) process_request /opt/stack/glance/glance/api/middleware/version_negotiation.py:44}}
Jul 08 09:57:30 ubuntu devstack@g-api.service[132840]: DEBUG glance.api.middleware.version_negotiation [None req-127aa59d-ab3e-4530-811c-cf324de5acfb admin admin] Using url versioning {{(pid=132840) process_request /opt/stack/glance/glance/api/middleware/version_negotiation.py:57}}
Jul 08 09:57:30 ubuntu devstack@g-api.service[132840]: DEBUG glance.api.middleware.version_negotiation [None req-127aa59d-ab3e-4530-811c-cf324de5acfb admin admin] Unknown version. Returning version choices. {{(pid=132840) process_request /opt/stack/glance/glance/api/middleware/version_negotiation.py:64}}
Jul 08 09:57:30 ubuntu devstack@g-api.service[132840]: [pid: 132840|app: 0|req: 3/7] 127.0.0.1 () {34 vars in 506 bytes} [Fri Jul  8 09:57:30 2022] GET / => generated 1323 bytes in 4 msecs (HTTP/1.1 300) 3 headers in 106 bytes (1 switches on core 0)
Jul 08 09:57:30 ubuntu devstack@g-api.service[132838]: DEBUG glance.api.middleware.version_negotiation [None req-3f0e517b-ce98-4716-a4ae-1b157673a8f3 admin admin] Determining version of request: GET /v2/images/848df079-1017-4efd-bcd1-a61b8f4f9fea Accept: */* {{(pid=132838) process_request /opt/stack/glance/glance/api/middleware/version_negotiation.py:44}}
Jul 08 09:57:30 ubuntu devstack@g-api.service[132838]: DEBUG glance.api.middleware.version_negotiation [None req-3f0e517b-ce98-4716-a4ae-1b157673a8f3 admin admin] Using url versioning {{(pid=132838) process_request /opt/stack/glance/glance/api/middleware/version_negotiation.py:57}}
Jul 08 09:57:30 ubuntu devstack@g-api.service[132838]: DEBUG glance.api.middleware.version_negotiation [None req-3f0e517b-ce98-4716-a4ae-1b157673a8f3 admin admin] Matched version: v2 {{(pid=132838) process_request /opt/stack/glance/glance/api/middleware/version_negotiation.py:69}}
Jul 08 09:57:30 ubuntu devstack@g-api.service[132838]: DEBUG glance.api.middleware.version_negotiation [None req-3f0e517b-ce98-4716-a4ae-1b157673a8f3 admin admin] new path /v2/images/848df079-1017-4efd-bcd1-a61b8f4f9fea {{(pid=132838) process_request /opt/stack/glance/glance/api/middleware/version_negotiation.py:70}}
Jul 08 09:57:30 ubuntu devstack@g-api.service[132838]: [pid: 132838|app: 0|req: 5/8] 127.0.0.1 () {36 vars in 789 bytes} [Fri Jul  8 09:57:30 2022] GET /v2/images/848df079-1017-4efd-bcd1-a61b8f4f9fea => generated 976 bytes in 71 msecs (HTTP/1.1 200) 4 headers in 157 bytes (1 switches on core 0)
Jul 08 09:57:34 ubuntu devstack@g-api.service[132840]: DEBUG glance.api.middleware.version_negotiation [None req-127aa59d-ab3e-4530-811c-cf324de5acfb admin admin] Determining version of request: GET / Accept: application/json {{(pid=132840) process_request /opt/stack/glance/glance/api/middleware/version_negotiation.py:44}}
Jul 08 09:57:34 ubuntu devstack@g-api.service[132840]: DEBUG glance.api.middleware.version_negotiation [None req-127aa59d-ab3e-4530-811c-cf324de5acfb admin admin] Using url versioning {{(pid=132840) process_request /opt/stack/glance/glance/api/middleware/version_negotiation.py:57}}
Jul 08 09:57:34 ubuntu devstack@g-api.service[132840]: DEBUG glance.api.middleware.version_negotiation [None req-127aa59d-ab3e-4530-811c-cf324de5acfb admin admin] Unknown version. Returning version choices. {{(pid=132840) process_request /opt/stack/glance/glance/api/middleware/version_negotiation.py:64}}
Jul 08 09:57:34 ubuntu devstack@g-api.service[132840]: [pid: 132840|app: 0|req: 4/9] 127.0.0.1 () {34 vars in 506 bytes} [Fri Jul  8 09:57:34 2022] GET / => generated 1323 bytes in 3 msecs (HTTP/1.1 300) 3 headers in 106 bytes (1 switches on core 0)
Jul 08 09:57:34 ubuntu devstack@g-api.service[132838]: DEBUG glance.api.middleware.version_negotiation [None req-bce01efd-4062-45ff-9b14-5385f7da80c6 admin admin] Determining version of request: GET /v2/images/848df079-1017-4efd-bcd1-a61b8f4f9fea Accept: */* {{(pid=132838) process_request /opt/stack/glance/glance/api/middleware/version_negotiation.py:44}}
Jul 08 09:57:34 ubuntu devstack@g-api.service[132838]: DEBUG glance.api.middleware.version_negotiation [None req-bce01efd-4062-45ff-9b14-5385f7da80c6 admin admin] Using url versioning {{(pid=132838) process_request /opt/stack/glance/glance/api/middleware/version_negotiation.py:57}}
Jul 08 09:57:34 ubuntu devstack@g-api.service[132838]: DEBUG glance.api.middleware.version_negotiation [None req-bce01efd-4062-45ff-9b14-5385f7da80c6 admin admin] Matched version: v2 {{(pid=132838) process_request /opt/stack/glance/glance/api/middleware/version_negotiation.py:69}}
Jul 08 09:57:34 ubuntu devstack@g-api.service[132838]: DEBUG glance.api.middleware.version_negotiation [None req-bce01efd-4062-45ff-9b14-5385f7da80c6 admin admin] new path /v2/images/848df079-1017-4efd-bcd1-a61b8f4f9fea {{(pid=132838) process_request /opt/stack/glance/glance/api/middleware/version_negotiation.py:70}}
Jul 08 09:57:34 ubuntu devstack@g-api.service[132838]: [pid: 132838|app: 0|req: 6/10] 127.0.0.1 () {36 vars in 789 bytes} [Fri Jul  8 09:57:34 2022] GET /v2/images/848df079-1017-4efd-bcd1-a61b8f4f9fea => generated 976 bytes in 61 msecs (HTTP/1.1 200) 4 headers in 157 bytes (1 switches on core 0)
Jul 08 09:57:44 ubuntu devstack@g-api.service[132838]: DEBUG dbcounter [-] [132838] Writing DB stats glance:SELECT=10 {{(pid=132838) stat_writer /usr/local/lib/python3.8/dist-packages/dbcounter.py:114}}
Jul 08 09:59:46 ubuntu devstack@g-api.service[132840]: DEBUG glance.api.middleware.version_negotiation [None req-127aa59d-ab3e-4530-811c-cf324de5acfb admin admin] Determining version of request: GET /v1 Accept: application/json {{(pid=132840) process_request /opt/stack/glance/glance/api/middleware/version_negotiation.py:44}}
Jul 08 09:59:46 ubuntu devstack@g-api.service[132840]: DEBUG glance.api.middleware.version_negotiation [None req-127aa59d-ab3e-4530-811c-cf324de5acfb admin admin] Using url versioning {{(pid=132840) process_request /opt/stack/glance/glance/api/middleware/version_negotiation.py:57}}
Jul 08 09:59:46 ubuntu devstack@g-api.service[132840]: DEBUG glance.api.middleware.version_negotiation [None req-127aa59d-ab3e-4530-811c-cf324de5acfb admin admin] Unknown version. Returning version choices. {{(pid=132840) process_request /opt/stack/glance/glance/api/middleware/version_negotiation.py:64}}
Jul 08 09:59:46 ubuntu devstack@g-api.service[132840]: [pid: 132840|app: 0|req: 5/11] 127.0.0.1 () {38 vars in 685 bytes} [Fri Jul  8 09:59:46 2022] GET /v1 => generated 1323 bytes in 4 msecs (HTTP/1.1 300) 3 headers in 106 bytes (1 switches on core 0)
Jul 08 10:01:25 ubuntu devstack@g-api.service[132838]: DEBUG oslo_concurrency.lockutils [-] Acquired lock "glance-cache" {{(pid=132838) lock /usr/local/lib/python3.8/dist-packages/oslo_concurrency/lockutils.py:294}}
Jul 08 10:01:25 ubuntu devstack@g-api.service[132838]: DEBUG oslo_concurrency.lockutils [-] Acquired external semaphore "glance-cache" {{(pid=132838) lock /usr/local/lib/python3.8/dist-packages/oslo_concurrency/lockutils.py:302}}
Jul 08 10:01:25 ubuntu devstack@g-api.service[132838]: DEBUG glance.image_cache.prefetcher [-] Nothing to prefetch. {{(pid=132838) run /opt/stack/glance/glance/image_cache/prefetcher.py:79}}
Jul 08 10:01:25 ubuntu devstack@g-api.service[132838]: DEBUG oslo_concurrency.lockutils [-] Releasing lock "glance-cache" {{(pid=132838) lock /usr/local/lib/python3.8/dist-packages/oslo_concurrency/lockutils.py:312}}
Jul 08 10:01:25 ubuntu devstack@g-api.service[132840]: DEBUG oslo_concurrency.lockutils [-] Acquired lock "glance-cache" {{(pid=132840) lock /usr/local/lib/python3.8/dist-packages/oslo_concurrency/lockutils.py:294}}
Jul 08 10:01:25 ubuntu devstack@g-api.service[132840]: DEBUG oslo_concurrency.lockutils [-] Acquired external semaphore "glance-cache" {{(pid=132840) lock /usr/local/lib/python3.8/dist-packages/oslo_concurrency/lockutils.py:302}}
Jul 08 10:01:25 ubuntu devstack@g-api.service[132840]: DEBUG glance.image_cache.prefetcher [-] Nothing to prefetch. {{(pid=132840) run /opt/stack/glance/glance/image_cache/prefetcher.py:79}}
Jul 08 10:01:25 ubuntu devstack@g-api.service[132840]: DEBUG oslo_concurrency.lockutils [-] Releasing lock "glance-cache" {{(pid=132840) lock /usr/local/lib/python3.8/dist-packages/oslo_concurrency/lockutils.py:312}}
