Jul 08 12:20:07 ubuntu neutron-server[119784]: DEBUG neutron.api.extensions [None req-cc922710-ff28-47ef-b50b-100c6627393b None None] Ext name="Trunk port details" alias="trunk-details" description="Expose trunk port details" updated="2016-01-01T10:00:00-00:00" {{(pid=119784) _check_extension /opt/stack/neutron/neutron/api/extensions.py:416}}
Jul 08 12:20:07 ubuntu neutron-server[119784]: INFO neutron.api.extensions [None req-cc922710-ff28-47ef-b50b-100c6627393b None None] Extension trunk-details not supported by any of loaded plugins
Jul 08 12:20:07 ubuntu neutron-server[119784]: DEBUG neutron.api.extensions [None req-cc922710-ff28-47ef-b50b-100c6627393b None None] Loading extension file: uplink_status_propagation.py {{(pid=119784) _load_all_extensions_from_path /opt/stack/neutron/neutron/api/extensions.py:450}}
Jul 08 12:20:07 ubuntu neutron-server[119784]: DEBUG neutron.api.extensions [None req-cc922710-ff28-47ef-b50b-100c6627393b None None] Ext name="Uplink status propagation extension" alias="uplink-status-propagation" description="Provides ability to propagate port uplink status." updated="2018-05-31T18:00:00-00:00" {{(pid=119784) _check_extension /opt/stack/neutron/neutron/api/extensions.py:416}}
Jul 08 12:20:07 ubuntu neutron-server[119784]: INFO neutron.api.extensions [None req-cc922710-ff28-47ef-b50b-100c6627393b None None] Extension uplink-status-propagation not supported by any of loaded plugins
Jul 08 12:20:07 ubuntu neutron-server[119784]: DEBUG neutron.api.extensions [None req-cc922710-ff28-47ef-b50b-100c6627393b None None] Loading extension file: vlantransparent.py {{(pid=119784) _load_all_extensions_from_path /opt/stack/neutron/neutron/api/extensions.py:450}}
Jul 08 12:20:07 ubuntu neutron-server[119784]: DEBUG neutron.api.extensions [None req-cc922710-ff28-47ef-b50b-100c6627393b None None] Ext name="Vlantransparent" alias="vlan-transparent" description="Provides Vlan Transparent Networks" updated="2015-03-23T09:00:00-00:00" {{(pid=119784) _check_extension /opt/stack/neutron/neutron/api/extensions.py:416}}
Jul 08 12:20:07 ubuntu neutron-server[119784]: INFO neutron.api.extensions [None req-cc922710-ff28-47ef-b50b-100c6627393b None None] Extension vlan-transparent not supported by any of loaded plugins
Jul 08 12:20:07 ubuntu neutron-server[119784]: INFO neutron.quota.resource_registry [None req-cc922710-ff28-47ef-b50b-100c6627393b None None] Creating instance of TrackedResource for resource:network
Jul 08 12:20:07 ubuntu neutron-server[119784]: INFO neutron.quota.resource_registry [None req-cc922710-ff28-47ef-b50b-100c6627393b None None] Creating instance of TrackedResource for resource:subnet
Jul 08 12:20:07 ubuntu neutron-server[119784]: INFO neutron.quota.resource_registry [None req-cc922710-ff28-47ef-b50b-100c6627393b None None] Creating instance of TrackedResource for resource:subnetpool
Jul 08 12:20:07 ubuntu neutron-server[119784]: INFO neutron.quota.resource_registry [None req-cc922710-ff28-47ef-b50b-100c6627393b None None] Creating instance of TrackedResource for resource:port
Jul 08 12:20:07 ubuntu neutron-server[119784]: DEBUG neutron.api.v2.resource_helper [None req-cc922710-ff28-47ef-b50b-100c6627393b None None] Service FLAVORS assigned prefix:  {{(pid=119784) build_resource_info /opt/stack/neutron/neutron/api/v2/resource_helper.py:77}}
Jul 08 12:20:07 ubuntu neutron-server[119784]: DEBUG neutron.api.v2.resource_helper [None req-cc922710-ff28-47ef-b50b-100c6627393b None None] Service L3_ROUTER_NAT assigned prefix:  {{(pid=119784) build_resource_info /opt/stack/neutron/neutron/api/v2/resource_helper.py:77}}
Jul 08 12:20:07 ubuntu neutron-server[119784]: DEBUG neutron.api.v2.resource_helper [None req-cc922710-ff28-47ef-b50b-100c6627393b None None] Service L3_ROUTER_NAT assigned prefix:  {{(pid=119784) build_resource_info /opt/stack/neutron/neutron/api/v2/resource_helper.py:77}}
Jul 08 12:20:07 ubuntu neutron-server[119784]: INFO neutron.quota.resource_registry [None req-cc922710-ff28-47ef-b50b-100c6627393b None None] Creating instance of TrackedResource for resource:router
Jul 08 12:20:07 ubuntu neutron-server[119784]: INFO neutron.quota.resource_registry [None req-cc922710-ff28-47ef-b50b-100c6627393b None None] Creating instance of TrackedResource for resource:floatingip
Jul 08 12:20:07 ubuntu neutron-server[119784]: DEBUG neutron_lib.callbacks.manager [None req-cc922710-ff28-47ef-b50b-100c6627393b None None] Subscribe: <bound method NeutronDbPluginV2.validate_network_rbac_policy_change of <neutron.services.network_ip_availability.plugin.NetworkIPAvailabilityPlugin object at 0x7f1138e45fd0>> rbac-policy before_create 55550000 {{(pid=119784) subscribe /usr/local/lib/python3.8/dist-packages/neutron_lib/callbacks/manager.py:45}}
Jul 08 12:20:07 ubuntu neutron-server[119784]: DEBUG neutron_lib.callbacks.manager [None req-cc922710-ff28-47ef-b50b-100c6627393b None None] Subscribe: <bound method NeutronDbPluginV2.validate_network_rbac_policy_change of <neutron.services.network_ip_availability.plugin.NetworkIPAvailabilityPlugin object at 0x7f1138e45fd0>> rbac-policy before_update 55550000 {{(pid=119784) subscribe /usr/local/lib/python3.8/dist-packages/neutron_lib/callbacks/manager.py:45}}
Jul 08 12:20:07 ubuntu neutron-server[119784]: DEBUG neutron_lib.callbacks.manager [None req-cc922710-ff28-47ef-b50b-100c6627393b None None] Subscribe: <bound method NeutronDbPluginV2.validate_network_rbac_policy_change of <neutron.services.network_ip_availability.plugin.NetworkIPAvailabilityPlugin object at 0x7f1138e45fd0>> rbac-policy before_delete 55550000 {{(pid=119784) subscribe /usr/local/lib/python3.8/dist-packages/neutron_lib/callbacks/manager.py:45}}
Jul 08 12:20:07 ubuntu neutron-server[119784]: INFO neutron.quota.resource_registry [None req-cc922710-ff28-47ef-b50b-100c6627393b None None] Creating instance of CountableResource for resource:rbac_policy
Jul 08 12:20:07 ubuntu neutron-server[119784]: INFO neutron.quota.resource_registry [None req-cc922710-ff28-47ef-b50b-100c6627393b None None] Creating instance of TrackedResource for resource:security_group
Jul 08 12:20:07 ubuntu neutron-server[119784]: INFO neutron.quota.resource_registry [None req-cc922710-ff28-47ef-b50b-100c6627393b None None] Creating instance of TrackedResource for resource:security_group_rule
Jul 08 12:20:07 ubuntu neutron-server[119784]: DEBUG neutron.api.v2.resource_helper [None req-cc922710-ff28-47ef-b50b-100c6627393b None None] Service FLAVORS assigned prefix:  {{(pid=119784) build_resource_info /opt/stack/neutron/neutron/api/v2/resource_helper.py:77}}
Jul 08 12:20:07 ubuntu neutron-server[119784]: DEBUG neutron.api.v2.resource_helper [None req-cc922710-ff28-47ef-b50b-100c6627393b None None] Service L3_ROUTER_NAT assigned prefix:  {{(pid=119784) build_resource_info /opt/stack/neutron/neutron/api/v2/resource_helper.py:77}}
Jul 08 12:20:07 ubuntu neutron-server[119784]: DEBUG neutron.api.v2.resource_helper [None req-cc922710-ff28-47ef-b50b-100c6627393b None None] Service L3_ROUTER_NAT assigned prefix:  {{(pid=119784) build_resource_info /opt/stack/neutron/neutron/api/v2/resource_helper.py:77}}
Jul 08 12:20:07 ubuntu neutron-server[119784]: INFO neutron.quota.resource_registry [None req-cc922710-ff28-47ef-b50b-100c6627393b None None] Creating instance of TrackedResource for resource:router
Jul 08 12:20:07 ubuntu neutron-server[119784]: WARNING neutron.quota.resource_registry [None req-cc922710-ff28-47ef-b50b-100c6627393b None None] router is already registered
Jul 08 12:20:07 ubuntu neutron-server[119784]: INFO neutron.quota.resource_registry [None req-cc922710-ff28-47ef-b50b-100c6627393b None None] Creating instance of TrackedResource for resource:floatingip
Jul 08 12:20:07 ubuntu neutron-server[119784]: WARNING neutron.quota.resource_registry [None req-cc922710-ff28-47ef-b50b-100c6627393b None None] floatingip is already registered
Jul 08 12:20:07 ubuntu neutron-server[119784]: INFO neutron.quota.resource_registry [None req-cc922710-ff28-47ef-b50b-100c6627393b None None] Creating instance of CountableResource for resource:rbac_policy
Jul 08 12:20:07 ubuntu neutron-server[119784]: WARNING neutron.quota.resource_registry [None req-cc922710-ff28-47ef-b50b-100c6627393b None None] rbac_policy is already registered
Jul 08 12:20:07 ubuntu neutron-server[119784]: INFO neutron.quota.resource_registry [None req-cc922710-ff28-47ef-b50b-100c6627393b None None] Creating instance of TrackedResource for resource:security_group
Jul 08 12:20:07 ubuntu neutron-server[119784]: WARNING neutron.quota.resource_registry [None req-cc922710-ff28-47ef-b50b-100c6627393b None None] security_group is already registered
Jul 08 12:20:07 ubuntu neutron-server[119784]: INFO neutron.quota.resource_registry [None req-cc922710-ff28-47ef-b50b-100c6627393b None None] Creating instance of TrackedResource for resource:security_group_rule
Jul 08 12:20:07 ubuntu neutron-server[119784]: WARNING neutron.quota.resource_registry [None req-cc922710-ff28-47ef-b50b-100c6627393b None None] security_group_rule is already registered
Jul 08 12:20:07 ubuntu neutron-server[119784]: DEBUG neutron.api.extensions [None req-cc922710-ff28-47ef-b50b-100c6627393b None None] Extended resource: extensions {{(pid=119784) __init__ /opt/stack/neutron/neutron/api/extensions.py:157}}
Jul 08 12:20:07 ubuntu neutron-server[119784]: DEBUG neutron.api.extensions [None req-cc922710-ff28-47ef-b50b-100c6627393b None None] Extended resource: address-groups {{(pid=119784) __init__ /opt/stack/neutron/neutron/api/extensions.py:157}}
Jul 08 12:20:07 ubuntu neutron-server[119784]: DEBUG neutron.api.extensions [None req-cc922710-ff28-47ef-b50b-100c6627393b None None] Extended resource: address-scopes {{(pid=119784) __init__ /opt/stack/neutron/neutron/api/extensions.py:157}}
Jul 08 12:20:07 ubuntu neutron-server[119784]: DEBUG neutron.api.extensions [None req-cc922710-ff28-47ef-b50b-100c6627393b None None] Extended resource: agents {{(pid=119784) __init__ /opt/stack/neutron/neutron/api/extensions.py:157}}
Jul 08 12:20:07 ubuntu neutron-server[119784]: DEBUG neutron.api.extensions [None req-cc922710-ff28-47ef-b50b-100c6627393b None None] Extended resource: auto-allocated-topology {{(pid=119784) __init__ /opt/stack/neutron/neutron/api/extensions.py:157}}
Jul 08 12:20:07 ubuntu neutron-server[119784]: DEBUG neutron.api.extensions [None req-cc922710-ff28-47ef-b50b-100c6627393b None None] Extended resource: availability_zones {{(pid=119784) __init__ /opt/stack/neutron/neutron/api/extensions.py:157}}
Jul 08 12:20:07 ubuntu neutron-server[119784]: DEBUG neutron.api.extensions [None req-cc922710-ff28-47ef-b50b-100c6627393b None None] Extended resource: flavors {{(pid=119784) __init__ /opt/stack/neutron/neutron/api/extensions.py:157}}
Jul 08 12:20:07 ubuntu neutron-server[119784]: DEBUG neutron.api.extensions [None req-cc922710-ff28-47ef-b50b-100c6627393b None None] Extended resource: service_profiles {{(pid=119784) __init__ /opt/stack/neutron/neutron/api/extensions.py:157}}
Jul 08 12:20:07 ubuntu neutron-server[119784]: DEBUG neutron.api.extensions [None req-cc922710-ff28-47ef-b50b-100c6627393b None None] Extended resource: next_providers {{(pid=119784) __init__ /opt/stack/neutron/neutron/api/extensions.py:157}}
Jul 08 12:20:07 ubuntu neutron-server[119784]: DEBUG neutron.api.extensions [None req-cc922710-ff28-47ef-b50b-100c6627393b None None] Extended resource: service_profiles {{(pid=119784) __init__ /opt/stack/neutron/neutron/api/extensions.py:157}}
Jul 08 12:20:07 ubuntu neutron-server[119784]: DEBUG neutron.api.extensions [None req-cc922710-ff28-47ef-b50b-100c6627393b None None] Extended resource: floatingip-pools {{(pid=119784) __init__ /opt/stack/neutron/neutron/api/extensions.py:157}}
Jul 08 12:20:07 ubuntu neutron-server[119784]: DEBUG neutron.api.extensions [None req-cc922710-ff28-47ef-b50b-100c6627393b None None] Extended resource: routers {{(pid=119784) __init__ /opt/stack/neutron/neutron/api/extensions.py:157}}
Jul 08 12:20:07 ubuntu neutron-server[119784]: DEBUG neutron.api.extensions [None req-cc922710-ff28-47ef-b50b-100c6627393b None None] Extended resource: floatingips {{(pid=119784) __init__ /opt/stack/neutron/neutron/api/extensions.py:157}}
Jul 08 12:20:07 ubuntu neutron-server[119784]: DEBUG neutron.api.extensions [None req-cc922710-ff28-47ef-b50b-100c6627393b None None] Extended resource: network-ip-availabilities {{(pid=119784) __init__ /opt/stack/neutron/neutron/api/extensions.py:157}}
Jul 08 12:20:07 ubuntu neutron-server[119784]: DEBUG neutron.api.extensions [None req-cc922710-ff28-47ef-b50b-100c6627393b None None] Extended resource: bindings {{(pid=119784) __init__ /opt/stack/neutron/neutron/api/extensions.py:157}}
Jul 08 12:20:07 ubuntu neutron-server[119784]: DEBUG neutron.api.extensions [None req-cc922710-ff28-47ef-b50b-100c6627393b None None] Extended resource: quotas {{(pid=119784) __init__ /opt/stack/neutron/neutron/api/extensions.py:157}}
Jul 08 12:20:07 ubuntu neutron-server[119784]: DEBUG neutron.api.extensions [None req-cc922710-ff28-47ef-b50b-100c6627393b None None] Extended resource: quotas {{(pid=119784) __init__ /opt/stack/neutron/neutron/api/extensions.py:157}}
Jul 08 12:20:07 ubuntu neutron-server[119784]: DEBUG neutron.api.extensions [None req-cc922710-ff28-47ef-b50b-100c6627393b None None] Extended resource: rbac-policies {{(pid=119784) __init__ /opt/stack/neutron/neutron/api/extensions.py:157}}
Jul 08 12:20:07 ubuntu neutron-server[119784]: DEBUG neutron.api.extensions [None req-cc922710-ff28-47ef-b50b-100c6627393b None None] Extended resource: security-groups {{(pid=119784) __init__ /opt/stack/neutron/neutron/api/extensions.py:157}}
Jul 08 12:20:07 ubuntu neutron-server[119784]: DEBUG neutron.api.extensions [None req-cc922710-ff28-47ef-b50b-100c6627393b None None] Extended resource: security-group-rules {{(pid=119784) __init__ /opt/stack/neutron/neutron/api/extensions.py:157}}
Jul 08 12:20:07 ubuntu neutron-server[119784]: DEBUG neutron.api.extensions [None req-cc922710-ff28-47ef-b50b-100c6627393b None None] Extended resource: service-providers {{(pid=119784) __init__ /opt/stack/neutron/neutron/api/extensions.py:157}}
Jul 08 12:20:07 ubuntu neutron-server[119784]: DEBUG neutron.api.extensions [None req-cc922710-ff28-47ef-b50b-100c6627393b None None] Extended resource: tags {{(pid=119784) __init__ /opt/stack/neutron/neutron/api/extensions.py:157}}
Jul 08 12:20:07 ubuntu neutron-server[119784]: DEBUG neutron.api.extensions [None req-cc922710-ff28-47ef-b50b-100c6627393b None None] Extended resource: tags {{(pid=119784) __init__ /opt/stack/neutron/neutron/api/extensions.py:157}}
Jul 08 12:20:07 ubuntu neutron-server[119784]: DEBUG neutron.api.extensions [None req-cc922710-ff28-47ef-b50b-100c6627393b None None] Extended resource: tags {{(pid=119784) __init__ /opt/stack/neutron/neutron/api/extensions.py:157}}
Jul 08 12:20:07 ubuntu neutron-server[119784]: DEBUG neutron.api.extensions [None req-cc922710-ff28-47ef-b50b-100c6627393b None None] Extended resource: tags {{(pid=119784) __init__ /opt/stack/neutron/neutron/api/extensions.py:157}}
Jul 08 12:20:07 ubuntu neutron-server[119784]: DEBUG neutron.api.extensions [None req-cc922710-ff28-47ef-b50b-100c6627393b None None] Extended resource: tags {{(pid=119784) __init__ /opt/stack/neutron/neutron/api/extensions.py:157}}
Jul 08 12:20:07 ubuntu neutron-server[119784]: DEBUG neutron.api.extensions [None req-cc922710-ff28-47ef-b50b-100c6627393b None None] Extended resource: tags {{(pid=119784) __init__ /opt/stack/neutron/neutron/api/extensions.py:157}}
Jul 08 12:20:07 ubuntu neutron-server[119784]: DEBUG neutron.api.extensions [None req-cc922710-ff28-47ef-b50b-100c6627393b None None] Extended resource: tags {{(pid=119784) __init__ /opt/stack/neutron/neutron/api/extensions.py:157}}
Jul 08 12:20:07 ubuntu neutron-server[119784]: DEBUG neutron.api.extensions [None req-cc922710-ff28-47ef-b50b-100c6627393b None None] Extended resource: tags {{(pid=119784) __init__ /opt/stack/neutron/neutron/api/extensions.py:157}}
Jul 08 12:20:07 ubuntu neutron-server[119784]: DEBUG neutron.api.extensions [None req-cc922710-ff28-47ef-b50b-100c6627393b None None] Extended resource: tags {{(pid=119784) __init__ /opt/stack/neutron/neutron/api/extensions.py:157}}
Jul 08 12:20:07 ubuntu neutron-server[119784]: DEBUG neutron.api.extensions [None req-cc922710-ff28-47ef-b50b-100c6627393b None None] Extended resource: tags {{(pid=119784) __init__ /opt/stack/neutron/neutron/api/extensions.py:157}}
Jul 08 12:20:07 ubuntu neutron-server[119784]: WARNING keystonemiddleware.auth_token [None req-cc922710-ff28-47ef-b50b-100c6627393b None None] AuthToken middleware is set with keystone_authtoken.service_token_roles_required set to False. This is backwards compatible but deprecated behaviour. Please set this to True.
Jul 08 12:20:07 ubuntu neutron-server[119784]: WARNING keystonemiddleware.auth_token [None req-cc922710-ff28-47ef-b50b-100c6627393b None None] Configuring www_authenticate_uri to point to the public identity endpoint is required; clients may not be able to authenticate against an admin endpoint
Jul 08 12:20:07 ubuntu neutron-server[119784]: DEBUG oslo_concurrency.lockutils [None req-cc922710-ff28-47ef-b50b-100c6627393b None None] Acquired lock "singleton_lock" {{(pid=119784) lock /usr/local/lib/python3.8/dist-packages/oslo_concurrency/lockutils.py:294}}
Jul 08 12:20:07 ubuntu neutron-server[119784]: DEBUG oslo_concurrency.lockutils [None req-cc922710-ff28-47ef-b50b-100c6627393b None None] Releasing lock "singleton_lock" {{(pid=119784) lock /usr/local/lib/python3.8/dist-packages/oslo_concurrency/lockutils.py:312}}
Jul 08 12:20:07 ubuntu neutron-server[119784]: INFO oslo_service.service [None req-cc922710-ff28-47ef-b50b-100c6627393b None None] Starting 2 workers
Jul 08 12:20:07 ubuntu neutron-server[119784]: DEBUG oslo_service.service [None req-cc922710-ff28-47ef-b50b-100c6627393b None None] Started child 119994 {{(pid=119784) _start_child /usr/local/lib/python3.8/dist-packages/oslo_service/service.py:575}}
Jul 08 12:20:07 ubuntu neutron-server[119784]: DEBUG oslo_service.service [None req-cc922710-ff28-47ef-b50b-100c6627393b None None] Started child 119995 {{(pid=119784) _start_child /usr/local/lib/python3.8/dist-packages/oslo_service/service.py:575}}
Jul 08 12:20:07 ubuntu neutron-server[119784]: INFO neutron.service [None req-cc922710-ff28-47ef-b50b-100c6627393b None None] Neutron service started, listening on 0.0.0.0:9696
Jul 08 12:20:07 ubuntu neutron-server[119784]: DEBUG neutron_lib.callbacks.manager [None req-cc922710-ff28-47ef-b50b-100c6627393b None None] Publish callbacks ['neutron.plugins.ml2.drivers.ovn.mech_driver.mech_driver.OVNMechanismDriver.pre_fork_initialize-897337'] for process (None), before_spawn {{(pid=119784) _notify_loop /usr/local/lib/python3.8/dist-packages/neutron_lib/callbacks/manager.py:176}}
Jul 08 12:20:07 ubuntu neutron-server[119994]: DEBUG neutron_lib.callbacks.manager [-] Publish callbacks ['neutron.plugins.ml2.drivers.ovn.mech_driver.mech_driver.OVNMechanismDriver.post_fork_initialize-894673'] for process (None), after_init {{(pid=119994) _notify_loop /usr/local/lib/python3.8/dist-packages/neutron_lib/callbacks/manager.py:176}}
Jul 08 12:20:07 ubuntu neutron-server[119995]: DEBUG neutron_lib.callbacks.manager [-] Publish callbacks ['neutron.plugins.ml2.drivers.ovn.mech_driver.mech_driver.OVNMechanismDriver.post_fork_initialize-894673'] for process (None), after_init {{(pid=119995) _notify_loop /usr/local/lib/python3.8/dist-packages/neutron_lib/callbacks/manager.py:176}}
Jul 08 12:20:07 ubuntu neutron-server[119994]: DEBUG dbcounter [-] [119994] Writer thread running {{(pid=119994) stat_writer /usr/local/lib/python3.8/dist-packages/dbcounter.py:99}}
Jul 08 12:20:07 ubuntu neutron-server[119995]: DEBUG dbcounter [-] [119995] Writer thread running {{(pid=119995) stat_writer /usr/local/lib/python3.8/dist-packages/dbcounter.py:99}}
Jul 08 12:20:07 ubuntu neutron-server[119784]: DEBUG ovsdbapp.backend.ovs_idl [None req-cc922710-ff28-47ef-b50b-100c6627393b None None] Created schema index Port_Group.name {{(pid=119784) autocreate_indices /usr/local/lib/python3.8/dist-packages/ovsdbapp/backend/ovs_idl/__init__.py:104}}
Jul 08 12:20:07 ubuntu neutron-server[119784]: DEBUG ovsdbapp.backend.ovs_idl [None req-cc922710-ff28-47ef-b50b-100c6627393b None None] Created schema index Logical_Switch_Port.name {{(pid=119784) autocreate_indices /usr/local/lib/python3.8/dist-packages/ovsdbapp/backend/ovs_idl/__init__.py:104}}
Jul 08 12:20:07 ubuntu neutron-server[119994]: INFO neutron.plugins.ml2.drivers.ovn.mech_driver.ovsdb.impl_idl_ovn [None req-f9ae7359-da70-4fcb-a103-743e034e1417 None None] Getting OvsdbNbOvnIdl for WorkerService with retry
Jul 08 12:20:07 ubuntu neutron-server[119784]: DEBUG ovsdbapp.backend.ovs_idl.transaction [-] Running txn n=1 command(idx=0): PgAddCommand(name=neutron_pg_drop, may_exist=True, columns={'acls': []}) {{(pid=119784) do_commit /usr/local/lib/python3.8/dist-packages/ovsdbapp/backend/ovs_idl/transaction.py:90}}
Jul 08 12:20:07 ubuntu neutron-server[119784]: DEBUG ovsdbapp.backend.ovs_idl.transaction [-] Running txn n=1 command(idx=1): PgAclAddCommand(entity=neutron_pg_drop, direction=from-lport, priority=1001, match=inport == @neutron_pg_drop && ip, action=drop, log=False, may_exist=True, severity=[], name=[], meter=None, external_ids={}) {{(pid=119784) do_commit /usr/local/lib/python3.8/dist-packages/ovsdbapp/backend/ovs_idl/transaction.py:90}}
Jul 08 12:20:07 ubuntu neutron-server[119784]: DEBUG ovsdbapp.backend.ovs_idl.transaction [-] Running txn n=1 command(idx=2): PgAclAddCommand(entity=neutron_pg_drop, direction=to-lport, priority=1001, match=outport == @neutron_pg_drop && ip, action=drop, log=False, may_exist=True, severity=[], name=[], meter=None, external_ids={}) {{(pid=119784) do_commit /usr/local/lib/python3.8/dist-packages/ovsdbapp/backend/ovs_idl/transaction.py:90}}
Jul 08 12:20:07 ubuntu neutron-server[119995]: INFO neutron.plugins.ml2.drivers.ovn.mech_driver.ovsdb.impl_idl_ovn [None req-2e4d0d6c-7762-44e1-a2a6-3a3abfca08a1 None None] Getting OvsdbNbOvnIdl for WorkerService with retry
Jul 08 12:20:07 ubuntu neutron-server[119784]: DEBUG ovsdbapp.backend.ovs_idl.event [-] Matched CREATE: NeutronPgDropPortGroupCreated(events=('create',), table='Port_Group', conditions=(('name', '=', 'neutron_pg_drop'),), old_conditions=None), priority=10 to row=Port_Group(name=neutron_pg_drop, ports=[], external_ids={}, acls=[<ovs.db.idl.Row object at 0x7f1138fcc160>, <ovs.db.idl.Row object at 0x7f1138fcca00>]) old= {{(pid=119784) matches /usr/local/lib/python3.8/dist-packages/ovsdbapp/backend/ovs_idl/event.py:43}}
Jul 08 12:20:07 ubuntu neutron-server[119994]: DEBUG ovsdbapp.backend.ovs_idl [None req-f9ae7359-da70-4fcb-a103-743e034e1417 None None] Created lookup_table index Logical_Switch.name {{(pid=119994) autocreate_indices /usr/local/lib/python3.8/dist-packages/ovsdbapp/backend/ovs_idl/__init__.py:85}}
Jul 08 12:20:07 ubuntu neutron-server[119994]: DEBUG ovsdbapp.backend.ovs_idl [None req-f9ae7359-da70-4fcb-a103-743e034e1417 None None] Created lookup_table index Logical_Router.name {{(pid=119994) autocreate_indices /usr/local/lib/python3.8/dist-packages/ovsdbapp/backend/ovs_idl/__init__.py:85}}
Jul 08 12:20:07 ubuntu neutron-server[119994]: DEBUG ovsdbapp.backend.ovs_idl [None req-f9ae7359-da70-4fcb-a103-743e034e1417 None None] Created lookup_table index Load_Balancer.name {{(pid=119994) autocreate_indices /usr/local/lib/python3.8/dist-packages/ovsdbapp/backend/ovs_idl/__init__.py:85}}
Jul 08 12:20:07 ubuntu neutron-server[119994]: DEBUG ovsdbapp.backend.ovs_idl [None req-f9ae7359-da70-4fcb-a103-743e034e1417 None None] Created schema index Meter.name {{(pid=119994) autocreate_indices /usr/local/lib/python3.8/dist-packages/ovsdbapp/backend/ovs_idl/__init__.py:104}}
Jul 08 12:20:07 ubuntu neutron-server[119994]: DEBUG ovsdbapp.backend.ovs_idl [None req-f9ae7359-da70-4fcb-a103-743e034e1417 None None] Created schema index Address_Set.name {{(pid=119994) autocreate_indices /usr/local/lib/python3.8/dist-packages/ovsdbapp/backend/ovs_idl/__init__.py:104}}
Jul 08 12:20:07 ubuntu neutron-server[119994]: DEBUG ovsdbapp.backend.ovs_idl [None req-f9ae7359-da70-4fcb-a103-743e034e1417 None None] Created schema index HA_Chassis_Group.name {{(pid=119994) autocreate_indices /usr/local/lib/python3.8/dist-packages/ovsdbapp/backend/ovs_idl/__init__.py:104}}
Jul 08 12:20:07 ubuntu neutron-server[119994]: DEBUG ovsdbapp.backend.ovs_idl [None req-f9ae7359-da70-4fcb-a103-743e034e1417 None None] Created schema index Connection.target {{(pid=119994) autocreate_indices /usr/local/lib/python3.8/dist-packages/ovsdbapp/backend/ovs_idl/__init__.py:104}}
Jul 08 12:20:07 ubuntu neutron-server[119994]: DEBUG ovsdbapp.backend.ovs_idl [None req-f9ae7359-da70-4fcb-a103-743e034e1417 None None] Created schema index Gateway_Chassis.name {{(pid=119994) autocreate_indices /usr/local/lib/python3.8/dist-packages/ovsdbapp/backend/ovs_idl/__init__.py:104}}
Jul 08 12:20:07 ubuntu neutron-server[119994]: DEBUG ovsdbapp.backend.ovs_idl [None req-f9ae7359-da70-4fcb-a103-743e034e1417 None None] Created schema index Logical_Router_Port.name {{(pid=119994) autocreate_indices /usr/local/lib/python3.8/dist-packages/ovsdbapp/backend/ovs_idl/__init__.py:104}}
Jul 08 12:20:07 ubuntu neutron-server[119994]: DEBUG ovsdbapp.backend.ovs_idl [None req-f9ae7359-da70-4fcb-a103-743e034e1417 None None] Created schema index Port_Group.name {{(pid=119994) autocreate_indices /usr/local/lib/python3.8/dist-packages/ovsdbapp/backend/ovs_idl/__init__.py:104}}
Jul 08 12:20:07 ubuntu neutron-server[119994]: DEBUG ovsdbapp.backend.ovs_idl [None req-f9ae7359-da70-4fcb-a103-743e034e1417 None None] Created schema index Logical_Switch_Port.name {{(pid=119994) autocreate_indices /usr/local/lib/python3.8/dist-packages/ovsdbapp/backend/ovs_idl/__init__.py:104}}
Jul 08 12:20:07 ubuntu neutron-server[119994]: INFO ovsdbapp.backend.ovs_idl.vlog [None req-f9ae7359-da70-4fcb-a103-743e034e1417 None None] tcp:192.168.79.44:6641: connecting...
Jul 08 12:20:07 ubuntu neutron-server[119994]: INFO ovsdbapp.backend.ovs_idl.vlog [None req-f9ae7359-da70-4fcb-a103-743e034e1417 None None] tcp:192.168.79.44:6641: connected
Jul 08 12:20:07 ubuntu neutron-server[119995]: DEBUG ovsdbapp.backend.ovs_idl [None req-2e4d0d6c-7762-44e1-a2a6-3a3abfca08a1 None None] Created lookup_table index Logical_Switch.name {{(pid=119995) autocreate_indices /usr/local/lib/python3.8/dist-packages/ovsdbapp/backend/ovs_idl/__init__.py:85}}
Jul 08 12:20:07 ubuntu neutron-server[119995]: DEBUG ovsdbapp.backend.ovs_idl [None req-2e4d0d6c-7762-44e1-a2a6-3a3abfca08a1 None None] Created lookup_table index Logical_Router.name {{(pid=119995) autocreate_indices /usr/local/lib/python3.8/dist-packages/ovsdbapp/backend/ovs_idl/__init__.py:85}}
Jul 08 12:20:07 ubuntu neutron-server[119995]: DEBUG ovsdbapp.backend.ovs_idl [None req-2e4d0d6c-7762-44e1-a2a6-3a3abfca08a1 None None] Created lookup_table index Load_Balancer.name {{(pid=119995) autocreate_indices /usr/local/lib/python3.8/dist-packages/ovsdbapp/backend/ovs_idl/__init__.py:85}}
Jul 08 12:20:07 ubuntu neutron-server[119995]: DEBUG ovsdbapp.backend.ovs_idl [None req-2e4d0d6c-7762-44e1-a2a6-3a3abfca08a1 None None] Created schema index Meter.name {{(pid=119995) autocreate_indices /usr/local/lib/python3.8/dist-packages/ovsdbapp/backend/ovs_idl/__init__.py:104}}
Jul 08 12:20:07 ubuntu neutron-server[119995]: DEBUG ovsdbapp.backend.ovs_idl [None req-2e4d0d6c-7762-44e1-a2a6-3a3abfca08a1 None None] Created schema index Address_Set.name {{(pid=119995) autocreate_indices /usr/local/lib/python3.8/dist-packages/ovsdbapp/backend/ovs_idl/__init__.py:104}}
Jul 08 12:20:07 ubuntu neutron-server[119995]: DEBUG ovsdbapp.backend.ovs_idl [None req-2e4d0d6c-7762-44e1-a2a6-3a3abfca08a1 None None] Created schema index HA_Chassis_Group.name {{(pid=119995) autocreate_indices /usr/local/lib/python3.8/dist-packages/ovsdbapp/backend/ovs_idl/__init__.py:104}}
Jul 08 12:20:07 ubuntu neutron-server[119995]: DEBUG ovsdbapp.backend.ovs_idl [None req-2e4d0d6c-7762-44e1-a2a6-3a3abfca08a1 None None] Created schema index Connection.target {{(pid=119995) autocreate_indices /usr/local/lib/python3.8/dist-packages/ovsdbapp/backend/ovs_idl/__init__.py:104}}
Jul 08 12:20:07 ubuntu neutron-server[119995]: DEBUG ovsdbapp.backend.ovs_idl [None req-2e4d0d6c-7762-44e1-a2a6-3a3abfca08a1 None None] Created schema index Gateway_Chassis.name {{(pid=119995) autocreate_indices /usr/local/lib/python3.8/dist-packages/ovsdbapp/backend/ovs_idl/__init__.py:104}}
Jul 08 12:20:07 ubuntu neutron-server[119995]: DEBUG ovsdbapp.backend.ovs_idl [None req-2e4d0d6c-7762-44e1-a2a6-3a3abfca08a1 None None] Created schema index Logical_Router_Port.name {{(pid=119995) autocreate_indices /usr/local/lib/python3.8/dist-packages/ovsdbapp/backend/ovs_idl/__init__.py:104}}
Jul 08 12:20:07 ubuntu neutron-server[119995]: DEBUG ovsdbapp.backend.ovs_idl [None req-2e4d0d6c-7762-44e1-a2a6-3a3abfca08a1 None None] Created schema index Port_Group.name {{(pid=119995) autocreate_indices /usr/local/lib/python3.8/dist-packages/ovsdbapp/backend/ovs_idl/__init__.py:104}}
Jul 08 12:20:07 ubuntu neutron-server[119995]: DEBUG ovsdbapp.backend.ovs_idl [None req-2e4d0d6c-7762-44e1-a2a6-3a3abfca08a1 None None] Created schema index Logical_Switch_Port.name {{(pid=119995) autocreate_indices /usr/local/lib/python3.8/dist-packages/ovsdbapp/backend/ovs_idl/__init__.py:104}}
Jul 08 12:20:07 ubuntu neutron-server[119995]: INFO ovsdbapp.backend.ovs_idl.vlog [None req-2e4d0d6c-7762-44e1-a2a6-3a3abfca08a1 None None] tcp:192.168.79.44:6641: connecting...
Jul 08 12:20:07 ubuntu neutron-server[119995]: INFO ovsdbapp.backend.ovs_idl.vlog [None req-2e4d0d6c-7762-44e1-a2a6-3a3abfca08a1 None None] tcp:192.168.79.44:6641: connected
Jul 08 12:20:07 ubuntu neutron-server[119784]: DEBUG ovsdbapp.backend.ovs_idl [None req-cc922710-ff28-47ef-b50b-100c6627393b None None] Created lookup_table index Logical_Switch.name {{(pid=119784) autocreate_indices /usr/local/lib/python3.8/dist-packages/ovsdbapp/backend/ovs_idl/__init__.py:85}}
Jul 08 12:20:07 ubuntu neutron-server[119784]: DEBUG ovsdbapp.backend.ovs_idl [None req-cc922710-ff28-47ef-b50b-100c6627393b None None] Created lookup_table index Logical_Router.name {{(pid=119784) autocreate_indices /usr/local/lib/python3.8/dist-packages/ovsdbapp/backend/ovs_idl/__init__.py:85}}
Jul 08 12:20:07 ubuntu neutron-server[119784]: DEBUG ovsdbapp.backend.ovs_idl [None req-cc922710-ff28-47ef-b50b-100c6627393b None None] Created lookup_table index Load_Balancer.name {{(pid=119784) autocreate_indices /usr/local/lib/python3.8/dist-packages/ovsdbapp/backend/ovs_idl/__init__.py:85}}
Jul 08 12:20:07 ubuntu neutron-server[119784]: DEBUG ovsdbapp.backend.ovs_idl [None req-cc922710-ff28-47ef-b50b-100c6627393b None None] Created schema index Meter.name {{(pid=119784) autocreate_indices /usr/local/lib/python3.8/dist-packages/ovsdbapp/backend/ovs_idl/__init__.py:104}}
Jul 08 12:20:07 ubuntu neutron-server[119784]: DEBUG ovsdbapp.backend.ovs_idl [None req-cc922710-ff28-47ef-b50b-100c6627393b None None] Created schema index Address_Set.name {{(pid=119784) autocreate_indices /usr/local/lib/python3.8/dist-packages/ovsdbapp/backend/ovs_idl/__init__.py:104}}
Jul 08 12:20:07 ubuntu neutron-server[119784]: DEBUG ovsdbapp.backend.ovs_idl [None req-cc922710-ff28-47ef-b50b-100c6627393b None None] Created schema index HA_Chassis_Group.name {{(pid=119784) autocreate_indices /usr/local/lib/python3.8/dist-packages/ovsdbapp/backend/ovs_idl/__init__.py:104}}
Jul 08 12:20:07 ubuntu neutron-server[119784]: DEBUG ovsdbapp.backend.ovs_idl [None req-cc922710-ff28-47ef-b50b-100c6627393b None None] Created schema index Connection.target {{(pid=119784) autocreate_indices /usr/local/lib/python3.8/dist-packages/ovsdbapp/backend/ovs_idl/__init__.py:104}}
Jul 08 12:20:07 ubuntu neutron-server[119784]: DEBUG ovsdbapp.backend.ovs_idl [None req-cc922710-ff28-47ef-b50b-100c6627393b None None] Created schema index Gateway_Chassis.name {{(pid=119784) autocreate_indices /usr/local/lib/python3.8/dist-packages/ovsdbapp/backend/ovs_idl/__init__.py:104}}
Jul 08 12:20:07 ubuntu neutron-server[119784]: DEBUG ovsdbapp.backend.ovs_idl [None req-cc922710-ff28-47ef-b50b-100c6627393b None None] Created schema index Logical_Router_Port.name {{(pid=119784) autocreate_indices /usr/local/lib/python3.8/dist-packages/ovsdbapp/backend/ovs_idl/__init__.py:104}}
Jul 08 12:20:07 ubuntu neutron-server[119784]: DEBUG ovsdbapp.backend.ovs_idl [None req-cc922710-ff28-47ef-b50b-100c6627393b None None] Created schema index Port_Group.name {{(pid=119784) autocreate_indices /usr/local/lib/python3.8/dist-packages/ovsdbapp/backend/ovs_idl/__init__.py:104}}
Jul 08 12:20:07 ubuntu neutron-server[119994]: DEBUG neutron.common.ovn.hash_ring_manager [None req-f9ae7359-da70-4fcb-a103-743e034e1417 None None] Allow caching, nodes 2>=2 {{(pid=119994) _wait_startup_before_caching /opt/stack/neutron/neutron/common/ovn/hash_ring_manager.py:60}}
Jul 08 12:20:07 ubuntu neutron-server[119784]: DEBUG ovsdbapp.backend.ovs_idl [None req-cc922710-ff28-47ef-b50b-100c6627393b None None] Created schema index Logical_Switch_Port.name {{(pid=119784) autocreate_indices /usr/local/lib/python3.8/dist-packages/ovsdbapp/backend/ovs_idl/__init__.py:104}}
Jul 08 12:20:07 ubuntu neutron-server[119994]: DEBUG neutron.plugins.ml2.drivers.ovn.mech_driver.ovsdb.ovsdb_monitor [None req-f9ae7359-da70-4fcb-a103-743e034e1417 None None] Hash Ring: Node 9eaf41f7-653d-460b-a3a8-e0cb962b50de (host: ubuntu) handling event "create" for row a2ae7bd7-858f-49f0-a254-4989add5f588 (table: Database) {{(pid=119994) notify /opt/stack/neutron/neutron/plugins/ml2/drivers/ovn/mech_driver/ovsdb/ovsdb_monitor.py:743}}
Jul 08 12:20:07 ubuntu neutron-server[119994]: DEBUG neutron.plugins.ml2.drivers.ovn.mech_driver.ovsdb.ovsdb_monitor [None req-f9ae7359-da70-4fcb-a103-743e034e1417 None None] Hash Ring: Node 9eaf41f7-653d-460b-a3a8-e0cb962b50de (host: ubuntu) handling event "create" for row fe05bd50-51e0-4333-84cc-a2bff12b39a4 (table: Database) {{(pid=119994) notify /opt/stack/neutron/neutron/plugins/ml2/drivers/ovn/mech_driver/ovsdb/ovsdb_monitor.py:743}}
Jul 08 12:20:07 ubuntu neutron-server[119994]: DEBUG neutron.plugins.ml2.drivers.ovn.mech_driver.ovsdb.ovsdb_monitor [None req-f9ae7359-da70-4fcb-a103-743e034e1417 None None] Hash Ring: Node 9eaf41f7-653d-460b-a3a8-e0cb962b50de (host: ubuntu) handling event "create" for row 92ef742a-d2ee-4552-860f-34435b5cb82b (table: Port_Group) {{(pid=119994) notify /opt/stack/neutron/neutron/plugins/ml2/drivers/ovn/mech_driver/ovsdb/ovsdb_monitor.py:743}}
Jul 08 12:20:07 ubuntu neutron-server[119994]: INFO neutron.plugins.ml2.drivers.ovn.mech_driver.ovsdb.impl_idl_ovn [None req-f9ae7359-da70-4fcb-a103-743e034e1417 None None] Getting OvsdbSbOvnIdl for WorkerService with retry
Jul 08 12:20:07 ubuntu neutron-server[119994]: DEBUG ovsdbapp.backend.ovs_idl [None req-f9ae7359-da70-4fcb-a103-743e034e1417 None None] Created lookup_table index Chassis.name {{(pid=119994) autocreate_indices /usr/local/lib/python3.8/dist-packages/ovsdbapp/backend/ovs_idl/__init__.py:85}}
Jul 08 12:20:07 ubuntu neutron-server[119994]: DEBUG ovsdbapp.backend.ovs_idl [None req-f9ae7359-da70-4fcb-a103-743e034e1417 None None] Created schema index Datapath_Binding.tunnel_key {{(pid=119994) autocreate_indices /usr/local/lib/python3.8/dist-packages/ovsdbapp/backend/ovs_idl/__init__.py:104}}
Jul 08 12:20:07 ubuntu neutron-server[119994]: DEBUG ovsdbapp.backend.ovs_idl [None req-f9ae7359-da70-4fcb-a103-743e034e1417 None None] Created schema index Connection.target {{(pid=119994) autocreate_indices /usr/local/lib/python3.8/dist-packages/ovsdbapp/backend/ovs_idl/__init__.py:104}}
Jul 08 12:20:07 ubuntu neutron-server[119994]: INFO ovsdbapp.backend.ovs_idl.vlog [None req-f9ae7359-da70-4fcb-a103-743e034e1417 None None] tcp:192.168.79.44:6642: connecting...
Jul 08 12:20:07 ubuntu neutron-server[119994]: INFO ovsdbapp.backend.ovs_idl.vlog [None req-f9ae7359-da70-4fcb-a103-743e034e1417 None None] tcp:192.168.79.44:6642: connected
Jul 08 12:20:07 ubuntu neutron-server[119995]: DEBUG neutron.common.ovn.hash_ring_manager [None req-2e4d0d6c-7762-44e1-a2a6-3a3abfca08a1 None None] Allow caching, nodes 2>=2 {{(pid=119995) _wait_startup_before_caching /opt/stack/neutron/neutron/common/ovn/hash_ring_manager.py:60}}
Jul 08 12:20:07 ubuntu neutron-server[119995]: DEBUG neutron.plugins.ml2.drivers.ovn.mech_driver.ovsdb.ovsdb_monitor [None req-2e4d0d6c-7762-44e1-a2a6-3a3abfca08a1 None None] Hash Ring: Node cd635a27-7e5c-4e93-8e82-7e8cd35b60e3 (host: ubuntu) handling event "create" for row 3a6485c6-77ff-400c-8916-4adb027a98ff (table: NB_Global) {{(pid=119995) notify /opt/stack/neutron/neutron/plugins/ml2/drivers/ovn/mech_driver/ovsdb/ovsdb_monitor.py:743}}
Jul 08 12:20:07 ubuntu neutron-server[119995]: DEBUG neutron.plugins.ml2.drivers.ovn.mech_driver.ovsdb.ovsdb_monitor [None req-2e4d0d6c-7762-44e1-a2a6-3a3abfca08a1 None None] Hash Ring: Node cd635a27-7e5c-4e93-8e82-7e8cd35b60e3 (host: ubuntu) handling event "create" for row 3a21d4ed-75f9-4e28-8a78-28f0b95e9ce2 (table: ACL) {{(pid=119995) notify /opt/stack/neutron/neutron/plugins/ml2/drivers/ovn/mech_driver/ovsdb/ovsdb_monitor.py:743}}
Jul 08 12:20:07 ubuntu neutron-server[119995]: DEBUG neutron.plugins.ml2.drivers.ovn.mech_driver.ovsdb.ovsdb_monitor [None req-2e4d0d6c-7762-44e1-a2a6-3a3abfca08a1 None None] Hash Ring: Node cd635a27-7e5c-4e93-8e82-7e8cd35b60e3 (host: ubuntu) handling event "create" for row c98c3193-67b9-45e6-9f58-f496897acf4b (table: ACL) {{(pid=119995) notify /opt/stack/neutron/neutron/plugins/ml2/drivers/ovn/mech_driver/ovsdb/ovsdb_monitor.py:743}}
Jul 08 12:20:07 ubuntu neutron-server[119995]: DEBUG neutron.plugins.ml2.drivers.ovn.mech_driver.ovsdb.ovsdb_monitor [None req-2e4d0d6c-7762-44e1-a2a6-3a3abfca08a1 None None] Hash Ring: Node cd635a27-7e5c-4e93-8e82-7e8cd35b60e3 (host: ubuntu) handling event "create" for row 08e2134e-644c-4b12-ae69-a759b7512448 (table: Connection) {{(pid=119995) notify /opt/stack/neutron/neutron/plugins/ml2/drivers/ovn/mech_driver/ovsdb/ovsdb_monitor.py:743}}
Jul 08 12:20:07 ubuntu neutron-server[119995]: INFO neutron.plugins.ml2.drivers.ovn.mech_driver.ovsdb.impl_idl_ovn [None req-2e4d0d6c-7762-44e1-a2a6-3a3abfca08a1 None None] Getting OvsdbSbOvnIdl for WorkerService with retry
Jul 08 12:20:07 ubuntu neutron-server[119784]: DEBUG ovsdbapp.backend.ovs_idl [None req-cc922710-ff28-47ef-b50b-100c6627393b None None] Created lookup_table index Chassis.name {{(pid=119784) autocreate_indices /usr/local/lib/python3.8/dist-packages/ovsdbapp/backend/ovs_idl/__init__.py:85}}
Jul 08 12:20:07 ubuntu neutron-server[119784]: DEBUG ovsdbapp.backend.ovs_idl [None req-cc922710-ff28-47ef-b50b-100c6627393b None None] Created lookup_table index MAC_Binding.ip {{(pid=119784) autocreate_indices /usr/local/lib/python3.8/dist-packages/ovsdbapp/backend/ovs_idl/__init__.py:85}}
Jul 08 12:20:07 ubuntu neutron-server[119784]: DEBUG ovsdbapp.backend.ovs_idl [None req-cc922710-ff28-47ef-b50b-100c6627393b None None] Created schema index Meter.name {{(pid=119784) autocreate_indices /usr/local/lib/python3.8/dist-packages/ovsdbapp/backend/ovs_idl/__init__.py:104}}
Jul 08 12:20:07 ubuntu neutron-server[119784]: DEBUG ovsdbapp.backend.ovs_idl [None req-cc922710-ff28-47ef-b50b-100c6627393b None None] Created schema index Address_Set.name {{(pid=119784) autocreate_indices /usr/local/lib/python3.8/dist-packages/ovsdbapp/backend/ovs_idl/__init__.py:104}}
Jul 08 12:20:07 ubuntu neutron-server[119784]: DEBUG ovsdbapp.backend.ovs_idl [None req-cc922710-ff28-47ef-b50b-100c6627393b None None] Created schema index HA_Chassis_Group.name {{(pid=119784) autocreate_indices /usr/local/lib/python3.8/dist-packages/ovsdbapp/backend/ovs_idl/__init__.py:104}}
Jul 08 12:20:07 ubuntu neutron-server[119995]: DEBUG ovsdbapp.backend.ovs_idl [None req-2e4d0d6c-7762-44e1-a2a6-3a3abfca08a1 None None] Created lookup_table index Chassis.name {{(pid=119995) autocreate_indices /usr/local/lib/python3.8/dist-packages/ovsdbapp/backend/ovs_idl/__init__.py:85}}
Jul 08 12:20:07 ubuntu neutron-server[119995]: DEBUG ovsdbapp.backend.ovs_idl [None req-2e4d0d6c-7762-44e1-a2a6-3a3abfca08a1 None None] Created schema index Datapath_Binding.tunnel_key {{(pid=119995) autocreate_indices /usr/local/lib/python3.8/dist-packages/ovsdbapp/backend/ovs_idl/__init__.py:104}}
Jul 08 12:20:07 ubuntu neutron-server[119784]: DEBUG ovsdbapp.backend.ovs_idl [None req-cc922710-ff28-47ef-b50b-100c6627393b None None] Created schema index IP_Multicast.datapath {{(pid=119784) autocreate_indices /usr/local/lib/python3.8/dist-packages/ovsdbapp/backend/ovs_idl/__init__.py:104}}
Jul 08 12:20:07 ubuntu neutron-server[119995]: DEBUG ovsdbapp.backend.ovs_idl [None req-2e4d0d6c-7762-44e1-a2a6-3a3abfca08a1 None None] Created schema index Connection.target {{(pid=119995) autocreate_indices /usr/local/lib/python3.8/dist-packages/ovsdbapp/backend/ovs_idl/__init__.py:104}}
Jul 08 12:20:07 ubuntu neutron-server[119784]: DEBUG ovsdbapp.backend.ovs_idl [None req-cc922710-ff28-47ef-b50b-100c6627393b None None] Created schema index Connection.target {{(pid=119784) autocreate_indices /usr/local/lib/python3.8/dist-packages/ovsdbapp/backend/ovs_idl/__init__.py:104}}
Jul 08 12:20:07 ubuntu neutron-server[119995]: INFO ovsdbapp.backend.ovs_idl.vlog [None req-2e4d0d6c-7762-44e1-a2a6-3a3abfca08a1 None None] tcp:192.168.79.44:6642: connecting...
Jul 08 12:20:07 ubuntu neutron-server[119784]: DEBUG ovsdbapp.backend.ovs_idl [None req-cc922710-ff28-47ef-b50b-100c6627393b None None] Created schema index Gateway_Chassis.name {{(pid=119784) autocreate_indices /usr/local/lib/python3.8/dist-packages/ovsdbapp/backend/ovs_idl/__init__.py:104}}
Jul 08 12:20:07 ubuntu neutron-server[119995]: INFO ovsdbapp.backend.ovs_idl.vlog [None req-2e4d0d6c-7762-44e1-a2a6-3a3abfca08a1 None None] tcp:192.168.79.44:6642: connected
Jul 08 12:20:07 ubuntu neutron-server[119784]: DEBUG ovsdbapp.backend.ovs_idl [None req-cc922710-ff28-47ef-b50b-100c6627393b None None] Created schema index Port_Group.name {{(pid=119784) autocreate_indices /usr/local/lib/python3.8/dist-packages/ovsdbapp/backend/ovs_idl/__init__.py:104}}
Jul 08 12:20:07 ubuntu neutron-server[119784]: DEBUG ovsdbapp.backend.ovs_idl [None req-cc922710-ff28-47ef-b50b-100c6627393b None None] Created schema index Datapath_Binding.tunnel_key {{(pid=119784) autocreate_indices /usr/local/lib/python3.8/dist-packages/ovsdbapp/backend/ovs_idl/__init__.py:104}}
Jul 08 12:20:07 ubuntu neutron-server[119994]: DEBUG neutron.common.ovn.hash_ring_manager [None req-f9ae7359-da70-4fcb-a103-743e034e1417 None None] Allow caching, nodes 2>=2 {{(pid=119994) _wait_startup_before_caching /opt/stack/neutron/neutron/common/ovn/hash_ring_manager.py:60}}
Jul 08 12:20:07 ubuntu neutron-server[119994]: DEBUG neutron.plugins.ml2.drivers.ovn.mech_driver.ovsdb.ovsdb_monitor [None req-f9ae7359-da70-4fcb-a103-743e034e1417 None None] Hash Ring: Node 9eaf41f7-653d-460b-a3a8-e0cb962b50de (host: ubuntu) handling event "create" for row 67ee48c3-dbc3-413a-b0c0-d0bc1a90d583 (table: Database) {{(pid=119994) notify /opt/stack/neutron/neutron/plugins/ml2/drivers/ovn/mech_driver/ovsdb/ovsdb_monitor.py:743}}
Jul 08 12:20:07 ubuntu neutron-server[119994]: DEBUG neutron.plugins.ml2.drivers.ovn.mech_driver.ovsdb.ovsdb_monitor [None req-f9ae7359-da70-4fcb-a103-743e034e1417 None None] Hash Ring: Node 9eaf41f7-653d-460b-a3a8-e0cb962b50de (host: ubuntu) handling event "create" for row 7ca70e86-6c71-47e2-a26e-bb84c15abff6 (table: Database) {{(pid=119994) notify /opt/stack/neutron/neutron/plugins/ml2/drivers/ovn/mech_driver/ovsdb/ovsdb_monitor.py:743}}
Jul 08 12:20:07 ubuntu neutron-server[119994]: DEBUG neutron.plugins.ml2.drivers.ovn.mech_driver.ovsdb.ovsdb_monitor [None req-f9ae7359-da70-4fcb-a103-743e034e1417 None None] Hash Ring: Node 9eaf41f7-653d-460b-a3a8-e0cb962b50de (host: ubuntu) handling event "create" for row cd9dad29-a32b-4a63-a271-5f8cc368ca65 (table: Encap) {{(pid=119994) notify /opt/stack/neutron/neutron/plugins/ml2/drivers/ovn/mech_driver/ovsdb/ovsdb_monitor.py:743}}
Jul 08 12:20:07 ubuntu neutron-server[119994]: DEBUG neutron.plugins.ml2.drivers.ovn.mech_driver.ovsdb.ovsdb_monitor [None req-f9ae7359-da70-4fcb-a103-743e034e1417 None None] ChassisAgentWriteEvent : Matched Chassis, create, None None {{(pid=119994) matches /opt/stack/neutron/neutron/plugins/ml2/drivers/ovn/mech_driver/ovsdb/ovsdb_monitor.py:62}}
Jul 08 12:20:07 ubuntu neutron-server[119994]: DEBUG neutron.plugins.ml2.drivers.ovn.mech_driver.ovsdb.ovsdb_monitor [None req-f9ae7359-da70-4fcb-a103-743e034e1417 None None] ChassisMetadataAgentWriteEvent : Matched Chassis, create, None None {{(pid=119994) matches /opt/stack/neutron/neutron/plugins/ml2/drivers/ovn/mech_driver/ovsdb/ovsdb_monitor.py:62}}
Jul 08 12:20:07 ubuntu neutron-server[119994]: DEBUG neutron.plugins.ml2.drivers.ovn.mech_driver.ovsdb.ovsdb_monitor [None req-f9ae7359-da70-4fcb-a103-743e034e1417 None None] Hash Ring: Node 9eaf41f7-653d-460b-a3a8-e0cb962b50de (host: ubuntu) handling event "create" for row b175b7aa-5433-4c76-a01e-fde487ee11ed (table: Connection) {{(pid=119994) notify /opt/stack/neutron/neutron/plugins/ml2/drivers/ovn/mech_driver/ovsdb/ovsdb_monitor.py:743}}
Jul 08 12:20:07 ubuntu neutron-server[119994]: INFO neutron.wsgi [-] (119994) wsgi starting up on http://0.0.0.0:9696
Jul 08 12:20:07 ubuntu neutron-server[119994]: DEBUG neutron.wsgi [-] (119994) accepted ('192.168.79.44', 59160) {{(pid=119994) server /usr/local/lib/python3.8/dist-packages/eventlet/wsgi.py:1004}}
Jul 08 12:20:07 ubuntu neutron-server[119994]: INFO neutron.wsgi [-] 192.168.79.44 "GET / HTTP/1.1" status: 200  len: 255 time: 0.0057700
Jul 08 12:20:07 ubuntu neutron-server[119995]: DEBUG neutron.common.ovn.hash_ring_manager [None req-2e4d0d6c-7762-44e1-a2a6-3a3abfca08a1 None None] Allow caching, nodes 2>=2 {{(pid=119995) _wait_startup_before_caching /opt/stack/neutron/neutron/common/ovn/hash_ring_manager.py:60}}
Jul 08 12:20:07 ubuntu neutron-server[119784]: INFO oslo_service.service [None req-cc922710-ff28-47ef-b50b-100c6627393b None None] Starting 1 workers
Jul 08 12:20:07 ubuntu neutron-server[119995]: DEBUG neutron.plugins.ml2.drivers.ovn.mech_driver.ovsdb.ovsdb_monitor [None req-2e4d0d6c-7762-44e1-a2a6-3a3abfca08a1 None None] ChassisAgentWriteEvent : Matched Chassis, create, None None {{(pid=119995) matches /opt/stack/neutron/neutron/plugins/ml2/drivers/ovn/mech_driver/ovsdb/ovsdb_monitor.py:62}}
Jul 08 12:20:07 ubuntu neutron-server[119995]: DEBUG neutron.plugins.ml2.drivers.ovn.mech_driver.ovsdb.ovsdb_monitor [None req-2e4d0d6c-7762-44e1-a2a6-3a3abfca08a1 None None] ChassisMetadataAgentWriteEvent : Matched Chassis, create, None None {{(pid=119995) matches /opt/stack/neutron/neutron/plugins/ml2/drivers/ovn/mech_driver/ovsdb/ovsdb_monitor.py:62}}
Jul 08 12:20:07 ubuntu neutron-server[119995]: DEBUG neutron.plugins.ml2.drivers.ovn.mech_driver.ovsdb.ovsdb_monitor [None req-2e4d0d6c-7762-44e1-a2a6-3a3abfca08a1 None None] Hash Ring: Node cd635a27-7e5c-4e93-8e82-7e8cd35b60e3 (host: ubuntu) handling event "create" for row 6c1cfe0b-815f-4e0a-a8e7-9182c158567f (table: Chassis) {{(pid=119995) notify /opt/stack/neutron/neutron/plugins/ml2/drivers/ovn/mech_driver/ovsdb/ovsdb_monitor.py:743}}
Jul 08 12:20:07 ubuntu neutron-server[119995]: INFO neutron.wsgi [-] (119995) wsgi starting up on http://0.0.0.0:9696
Jul 08 12:20:07 ubuntu neutron-server[119784]: DEBUG oslo_service.service [None req-cc922710-ff28-47ef-b50b-100c6627393b None None] Started child 120000 {{(pid=119784) _start_child /usr/local/lib/python3.8/dist-packages/oslo_service/service.py:575}}
Jul 08 12:20:07 ubuntu neutron-server[119784]: INFO oslo_service.service [None req-cc922710-ff28-47ef-b50b-100c6627393b None None] Starting 1 workers
Jul 08 12:20:07 ubuntu neutron-server[119784]: DEBUG oslo_service.service [None req-cc922710-ff28-47ef-b50b-100c6627393b None None] Started child 120001 {{(pid=119784) _start_child /usr/local/lib/python3.8/dist-packages/oslo_service/service.py:575}}
Jul 08 12:20:07 ubuntu neutron-server[120000]: DEBUG neutron.service [None req-cc922710-ff28-47ef-b50b-100c6627393b None None] calling RpcWorker wait() {{(pid=120000) _wait /opt/stack/neutron/neutron/service.py:128}}
Jul 08 12:20:07 ubuntu neutron-server[120000]: DEBUG neutron.service [None req-cc922710-ff28-47ef-b50b-100c6627393b None None] returning from RpcWorker wait() {{(pid=120000) _wait /opt/stack/neutron/neutron/service.py:135}}
Jul 08 12:20:07 ubuntu neutron-server[119784]: INFO oslo_service.service [None req-cc922710-ff28-47ef-b50b-100c6627393b None None] Starting 1 workers
Jul 08 12:20:07 ubuntu neutron-server[120000]: DEBUG neutron_lib.callbacks.manager [-] Publish callbacks ['neutron.plugins.ml2.drivers.ovn.mech_driver.mech_driver.OVNMechanismDriver.post_fork_initialize-894673'] for process (None), after_init {{(pid=120000) _notify_loop /usr/local/lib/python3.8/dist-packages/neutron_lib/callbacks/manager.py:176}}
Jul 08 12:20:07 ubuntu neutron-server[120000]: INFO neutron.plugins.ml2.drivers.ovn.mech_driver.ovsdb.impl_idl_ovn [-] Getting OvsdbNbOvnIdl for RpcWorker with retry
Jul 08 12:20:07 ubuntu neutron-server[119784]: DEBUG oslo_service.service [None req-cc922710-ff28-47ef-b50b-100c6627393b None None] Started child 120002 {{(pid=119784) _start_child /usr/local/lib/python3.8/dist-packages/oslo_service/service.py:575}}
Jul 08 12:20:07 ubuntu neutron-server[119784]: DEBUG neutron_lib.callbacks.manager [None req-cc922710-ff28-47ef-b50b-100c6627393b None None] Publish callbacks [] for process (None), after_spawn {{(pid=119784) _notify_loop /usr/local/lib/python3.8/dist-packages/neutron_lib/callbacks/manager.py:176}}
