Jul 21 20:05:13 ubuntu devstack@g-api.service[145352]: DEBUG glance_store.backend [None req-30e84400-58eb-4566-a585-ae76d6b0d400 admin admin] Attempting to import store swift {{(pid=145352) _load_store /usr/local/lib/python3.8/dist-packages/glance_store/backend.py:216}}
Jul 21 20:05:13 ubuntu devstack@g-api.service[145352]: DEBUG glance_store.capabilities [None req-30e84400-58eb-4566-a585-ae76d6b0d400 admin admin] Store glance_store._drivers.swift.store.SingleTenantStore doesn't support updating dynamic storage capabilities. Please overwrite 'update_capabilities' method of the store to implement updating logics if needed. {{(pid=145352) update_capabilities /usr/local/lib/python3.8/dist-packages/glance_store/capabilities.py:91}}
Jul 21 20:05:13 ubuntu devstack@g-api.service[145352]: DEBUG glance_store.driver [None req-30e84400-58eb-4566-a585-ae76d6b0d400 admin admin] Late loading location class glance_store._drivers.swift.store.StoreLocation {{(pid=145352) get_store_location_class /usr/local/lib/python3.8/dist-packages/glance_store/driver.py:116}}
Jul 21 20:05:13 ubuntu devstack@g-api.service[145352]: DEBUG glance_store.location [None req-30e84400-58eb-4566-a585-ae76d6b0d400 admin admin] Registering scheme swift+https with {'store': <glance_store._drivers.swift.store.SingleTenantStore object at 0x7ff5416fbb50>, 'location_class': <class 'glance_store._drivers.swift.store.StoreLocation'>, 'store_entry': 'swift'} {{(pid=145352) register_scheme_map /usr/local/lib/python3.8/dist-packages/glance_store/location.py:146}}
Jul 21 20:05:13 ubuntu devstack@g-api.service[145352]: DEBUG glance_store.location [None req-30e84400-58eb-4566-a585-ae76d6b0d400 admin admin] Registering scheme swift+https with {'store': <glance_store._drivers.swift.store.SingleTenantStore object at 0x7ff5416fbb50>, 'location_class': <class 'glance_store._drivers.swift.store.StoreLocation'>, 'store_entry': 'swift'} {{(pid=145352) register_scheme_map /usr/local/lib/python3.8/dist-packages/glance_store/location.py:146}}
Jul 21 20:05:13 ubuntu devstack@g-api.service[145352]: DEBUG glance_store.location [None req-30e84400-58eb-4566-a585-ae76d6b0d400 admin admin] Registering scheme swift with {'store': <glance_store._drivers.swift.store.SingleTenantStore object at 0x7ff5416fbb50>, 'location_class': <class 'glance_store._drivers.swift.store.StoreLocation'>, 'store_entry': 'swift'} {{(pid=145352) register_scheme_map /usr/local/lib/python3.8/dist-packages/glance_store/location.py:146}}
Jul 21 20:05:13 ubuntu devstack@g-api.service[145352]: DEBUG glance_store.location [None req-30e84400-58eb-4566-a585-ae76d6b0d400 admin admin] Registering scheme swift+https with {'store': <glance_store._drivers.swift.store.SingleTenantStore object at 0x7ff5416fbb50>, 'location_class': <class 'glance_store._drivers.swift.store.StoreLocation'>, 'store_entry': 'swift'} {{(pid=145352) register_scheme_map /usr/local/lib/python3.8/dist-packages/glance_store/location.py:146}}
Jul 21 20:05:13 ubuntu devstack@g-api.service[145352]: DEBUG glance_store.location [None req-30e84400-58eb-4566-a585-ae76d6b0d400 admin admin] Registering scheme swift with {'store': <glance_store._drivers.swift.store.SingleTenantStore object at 0x7ff5416fbb50>, 'location_class': <class 'glance_store._drivers.swift.store.StoreLocation'>, 'store_entry': 'swift'} {{(pid=145352) register_scheme_map /usr/local/lib/python3.8/dist-packages/glance_store/location.py:146}}
Jul 21 20:05:13 ubuntu devstack@g-api.service[145352]: DEBUG glance_store.location [None req-30e84400-58eb-4566-a585-ae76d6b0d400 admin admin] Registering scheme swift+http with {'store': <glance_store._drivers.swift.store.SingleTenantStore object at 0x7ff5416fbb50>, 'location_class': <class 'glance_store._drivers.swift.store.StoreLocation'>, 'store_entry': 'swift'} {{(pid=145352) register_scheme_map /usr/local/lib/python3.8/dist-packages/glance_store/location.py:146}}
Jul 21 20:05:13 ubuntu devstack@g-api.service[145352]: DEBUG glance_store.location [None req-30e84400-58eb-4566-a585-ae76d6b0d400 admin admin] Registering scheme swift+https with {'store': <glance_store._drivers.swift.store.SingleTenantStore object at 0x7ff5416fbb50>, 'location_class': <class 'glance_store._drivers.swift.store.StoreLocation'>, 'store_entry': 'swift'} {{(pid=145352) register_scheme_map /usr/local/lib/python3.8/dist-packages/glance_store/location.py:146}}
Jul 21 20:05:13 ubuntu devstack@g-api.service[145352]: DEBUG glance_store.location [None req-30e84400-58eb-4566-a585-ae76d6b0d400 admin admin] Registering scheme swift with {'store': <glance_store._drivers.swift.store.SingleTenantStore object at 0x7ff5416fbb50>, 'location_class': <class 'glance_store._drivers.swift.store.StoreLocation'>, 'store_entry': 'swift'} {{(pid=145352) register_scheme_map /usr/local/lib/python3.8/dist-packages/glance_store/location.py:146}}
Jul 21 20:05:13 ubuntu devstack@g-api.service[145352]: DEBUG glance_store.location [None req-30e84400-58eb-4566-a585-ae76d6b0d400 admin admin] Registering scheme swift+http with {'store': <glance_store._drivers.swift.store.SingleTenantStore object at 0x7ff5416fbb50>, 'location_class': <class 'glance_store._drivers.swift.store.StoreLocation'>, 'store_entry': 'swift'} {{(pid=145352) register_scheme_map /usr/local/lib/python3.8/dist-packages/glance_store/location.py:146}}
Jul 21 20:05:13 ubuntu devstack@g-api.service[145352]: DEBUG glance_store.location [None req-30e84400-58eb-4566-a585-ae76d6b0d400 admin admin] Registering scheme swift+config with {'store': <glance_store._drivers.swift.store.SingleTenantStore object at 0x7ff5416fbb50>, 'location_class': <class 'glance_store._drivers.swift.store.StoreLocation'>, 'store_entry': 'swift'} {{(pid=145352) register_scheme_map /usr/local/lib/python3.8/dist-packages/glance_store/location.py:146}}
Jul 21 20:05:13 ubuntu devstack@g-api.service[145352]: DEBUG glance_store.backend [None req-30e84400-58eb-4566-a585-ae76d6b0d400 admin admin] Skipping store.set_acls... not implemented. {{(pid=145352) set_acls /usr/local/lib/python3.8/dist-packages/glance_store/backend.py:508}}
Jul 21 20:05:13 ubuntu devstack@g-api.service[145352]: [pid: 145352|app: 0|req: 3/4] 127.0.0.1 () {40 vars in 862 bytes} [Thu Jul 21 20:05:10 2022] PUT /v2/images/46da94cf-a99e-420f-aa45-8174cb545d53/file => generated 0 bytes in 2815 msecs (HTTP/1.1 204) 4 headers in 171 bytes (1 switches on core 0)
Jul 21 20:05:20 ubuntu devstack@g-api.service[145351]: DEBUG dbcounter [-] [145351] Writing DB stats glance:SELECT=9,glance:INSERT=5 {{(pid=145351) stat_writer /usr/local/lib/python3.8/dist-packages/dbcounter.py:114}}
Jul 21 20:05:23 ubuntu devstack@g-api.service[145352]: DEBUG dbcounter [-] [145352] Writing DB stats glance:SELECT=28,glance:UPDATE=2,glance:INSERT=1 {{(pid=145352) stat_writer /usr/local/lib/python3.8/dist-packages/dbcounter.py:114}}
Jul 21 20:05:57 ubuntu devstack@g-api.service[145351]: DEBUG glance.api.middleware.version_negotiation [None req-efee4d0f-8493-4f8b-b045-eb3631b853b4 admin admin] Determining version of request: GET / Accept: application/json {{(pid=145351) process_request /opt/stack/glance/glance/api/middleware/version_negotiation.py:44}}
Jul 21 20:05:57 ubuntu devstack@g-api.service[145351]: DEBUG glance.api.middleware.version_negotiation [None req-efee4d0f-8493-4f8b-b045-eb3631b853b4 admin admin] Using url versioning {{(pid=145351) process_request /opt/stack/glance/glance/api/middleware/version_negotiation.py:57}}
Jul 21 20:05:57 ubuntu devstack@g-api.service[145351]: DEBUG glance.api.middleware.version_negotiation [None req-efee4d0f-8493-4f8b-b045-eb3631b853b4 admin admin] Unknown version. Returning version choices. {{(pid=145351) process_request /opt/stack/glance/glance/api/middleware/version_negotiation.py:64}}
Jul 21 20:05:57 ubuntu devstack@g-api.service[145351]: [pid: 145351|app: 0|req: 2/5] 127.0.0.1 () {34 vars in 506 bytes} [Thu Jul 21 20:05:57 2022] GET / => generated 1323 bytes in 2 msecs (HTTP/1.1 300) 3 headers in 106 bytes (1 switches on core 0)
Jul 21 20:05:57 ubuntu devstack@g-api.service[145352]: DEBUG glance.api.middleware.version_negotiation [None req-30e84400-58eb-4566-a585-ae76d6b0d400 admin admin] Determining version of request: GET /v2/images Accept: application/json {{(pid=145352) process_request /opt/stack/glance/glance/api/middleware/version_negotiation.py:44}}
Jul 21 20:05:57 ubuntu devstack@g-api.service[145352]: DEBUG glance.api.middleware.version_negotiation [None req-30e84400-58eb-4566-a585-ae76d6b0d400 admin admin] Using url versioning {{(pid=145352) process_request /opt/stack/glance/glance/api/middleware/version_negotiation.py:57}}
Jul 21 20:05:57 ubuntu devstack@g-api.service[145352]: DEBUG glance.api.middleware.version_negotiation [None req-30e84400-58eb-4566-a585-ae76d6b0d400 admin admin] Matched version: v2 {{(pid=145352) process_request /opt/stack/glance/glance/api/middleware/version_negotiation.py:69}}
Jul 21 20:05:57 ubuntu devstack@g-api.service[145352]: DEBUG glance.api.middleware.version_negotiation [None req-30e84400-58eb-4566-a585-ae76d6b0d400 admin admin] new path /v2/images {{(pid=145352) process_request /opt/stack/glance/glance/api/middleware/version_negotiation.py:70}}
Jul 21 20:05:58 ubuntu devstack@g-api.service[145352]: [pid: 145352|app: 0|req: 4/6] 127.0.0.1 () {36 vars in 728 bytes} [Thu Jul 21 20:05:57 2022] GET /v2/images => generated 1045 bytes in 441 msecs (HTTP/1.1 200) 4 headers in 158 bytes (1 switches on core 0)
Jul 21 20:06:05 ubuntu devstack@g-api.service[145351]: DEBUG glance.api.middleware.version_negotiation [None req-efee4d0f-8493-4f8b-b045-eb3631b853b4 admin admin] Determining version of request: GET / Accept: application/json {{(pid=145351) process_request /opt/stack/glance/glance/api/middleware/version_negotiation.py:44}}
Jul 21 20:06:05 ubuntu devstack@g-api.service[145351]: DEBUG glance.api.middleware.version_negotiation [None req-efee4d0f-8493-4f8b-b045-eb3631b853b4 admin admin] Using url versioning {{(pid=145351) process_request /opt/stack/glance/glance/api/middleware/version_negotiation.py:57}}
Jul 21 20:06:05 ubuntu devstack@g-api.service[145351]: DEBUG glance.api.middleware.version_negotiation [None req-efee4d0f-8493-4f8b-b045-eb3631b853b4 admin admin] Unknown version. Returning version choices. {{(pid=145351) process_request /opt/stack/glance/glance/api/middleware/version_negotiation.py:64}}
Jul 21 20:06:05 ubuntu devstack@g-api.service[145351]: [pid: 145351|app: 0|req: 3/7] 127.0.0.1 () {34 vars in 506 bytes} [Thu Jul 21 20:06:05 2022] GET / => generated 1323 bytes in 4 msecs (HTTP/1.1 300) 3 headers in 106 bytes (1 switches on core 0)
Jul 21 20:06:05 ubuntu devstack@g-api.service[145352]: DEBUG glance.api.middleware.version_negotiation [None req-0aeb56c6-cb09-4ae0-bc1e-e3ffcb713e88 admin admin] Determining version of request: GET /v2/images/46da94cf-a99e-420f-aa45-8174cb545d53 Accept: */* {{(pid=145352) process_request /opt/stack/glance/glance/api/middleware/version_negotiation.py:44}}
Jul 21 20:06:05 ubuntu devstack@g-api.service[145352]: DEBUG glance.api.middleware.version_negotiation [None req-0aeb56c6-cb09-4ae0-bc1e-e3ffcb713e88 admin admin] Using url versioning {{(pid=145352) process_request /opt/stack/glance/glance/api/middleware/version_negotiation.py:57}}
Jul 21 20:06:05 ubuntu devstack@g-api.service[145352]: DEBUG glance.api.middleware.version_negotiation [None req-0aeb56c6-cb09-4ae0-bc1e-e3ffcb713e88 admin admin] Matched version: v2 {{(pid=145352) process_request /opt/stack/glance/glance/api/middleware/version_negotiation.py:69}}
Jul 21 20:06:05 ubuntu devstack@g-api.service[145352]: DEBUG glance.api.middleware.version_negotiation [None req-0aeb56c6-cb09-4ae0-bc1e-e3ffcb713e88 admin admin] new path /v2/images/46da94cf-a99e-420f-aa45-8174cb545d53 {{(pid=145352) process_request /opt/stack/glance/glance/api/middleware/version_negotiation.py:70}}
Jul 21 20:06:05 ubuntu devstack@g-api.service[145352]: [pid: 145352|app: 0|req: 5/8] 127.0.0.1 () {36 vars in 789 bytes} [Thu Jul 21 20:06:05 2022] GET /v2/images/46da94cf-a99e-420f-aa45-8174cb545d53 => generated 976 bytes in 311 msecs (HTTP/1.1 200) 4 headers in 157 bytes (1 switches on core 0)
Jul 21 20:06:10 ubuntu devstack@g-api.service[145351]: DEBUG glance.api.middleware.version_negotiation [None req-efee4d0f-8493-4f8b-b045-eb3631b853b4 admin admin] Determining version of request: GET / Accept: application/json {{(pid=145351) process_request /opt/stack/glance/glance/api/middleware/version_negotiation.py:44}}
Jul 21 20:06:10 ubuntu devstack@g-api.service[145351]: DEBUG glance.api.middleware.version_negotiation [None req-efee4d0f-8493-4f8b-b045-eb3631b853b4 admin admin] Using url versioning {{(pid=145351) process_request /opt/stack/glance/glance/api/middleware/version_negotiation.py:57}}
Jul 21 20:06:10 ubuntu devstack@g-api.service[145351]: DEBUG glance.api.middleware.version_negotiation [None req-efee4d0f-8493-4f8b-b045-eb3631b853b4 admin admin] Unknown version. Returning version choices. {{(pid=145351) process_request /opt/stack/glance/glance/api/middleware/version_negotiation.py:64}}
Jul 21 20:06:10 ubuntu devstack@g-api.service[145351]: [pid: 145351|app: 0|req: 4/9] 127.0.0.1 () {34 vars in 506 bytes} [Thu Jul 21 20:06:10 2022] GET / => generated 1323 bytes in 4 msecs (HTTP/1.1 300) 3 headers in 106 bytes (1 switches on core 0)
Jul 21 20:06:10 ubuntu devstack@g-api.service[145352]: DEBUG glance.api.middleware.version_negotiation [None req-63d29c4d-b5e5-4a49-afb5-d67471ea5541 admin admin] Determining version of request: GET /v2/images/46da94cf-a99e-420f-aa45-8174cb545d53 Accept: */* {{(pid=145352) process_request /opt/stack/glance/glance/api/middleware/version_negotiation.py:44}}
Jul 21 20:06:10 ubuntu devstack@g-api.service[145352]: DEBUG glance.api.middleware.version_negotiation [None req-63d29c4d-b5e5-4a49-afb5-d67471ea5541 admin admin] Using url versioning {{(pid=145352) process_request /opt/stack/glance/glance/api/middleware/version_negotiation.py:57}}
Jul 21 20:06:10 ubuntu devstack@g-api.service[145352]: DEBUG glance.api.middleware.version_negotiation [None req-63d29c4d-b5e5-4a49-afb5-d67471ea5541 admin admin] Matched version: v2 {{(pid=145352) process_request /opt/stack/glance/glance/api/middleware/version_negotiation.py:69}}
Jul 21 20:06:10 ubuntu devstack@g-api.service[145352]: DEBUG glance.api.middleware.version_negotiation [None req-63d29c4d-b5e5-4a49-afb5-d67471ea5541 admin admin] new path /v2/images/46da94cf-a99e-420f-aa45-8174cb545d53 {{(pid=145352) process_request /opt/stack/glance/glance/api/middleware/version_negotiation.py:70}}
Jul 21 20:06:10 ubuntu devstack@g-api.service[145352]: [pid: 145352|app: 0|req: 6/10] 127.0.0.1 () {36 vars in 789 bytes} [Thu Jul 21 20:06:10 2022] GET /v2/images/46da94cf-a99e-420f-aa45-8174cb545d53 => generated 976 bytes in 274 msecs (HTTP/1.1 200) 4 headers in 157 bytes (1 switches on core 0)
Jul 21 20:06:20 ubuntu devstack@g-api.service[145352]: DEBUG dbcounter [-] [145352] Writing DB stats glance:SELECT=10 {{(pid=145352) stat_writer /usr/local/lib/python3.8/dist-packages/dbcounter.py:114}}
Jul 21 20:08:26 ubuntu devstack@g-api.service[145351]: DEBUG glance.api.middleware.version_negotiation [None req-efee4d0f-8493-4f8b-b045-eb3631b853b4 admin admin] Determining version of request: GET /v1 Accept: application/json {{(pid=145351) process_request /opt/stack/glance/glance/api/middleware/version_negotiation.py:44}}
Jul 21 20:08:26 ubuntu devstack@g-api.service[145351]: DEBUG glance.api.middleware.version_negotiation [None req-efee4d0f-8493-4f8b-b045-eb3631b853b4 admin admin] Using url versioning {{(pid=145351) process_request /opt/stack/glance/glance/api/middleware/version_negotiation.py:57}}
Jul 21 20:08:26 ubuntu devstack@g-api.service[145351]: DEBUG glance.api.middleware.version_negotiation [None req-efee4d0f-8493-4f8b-b045-eb3631b853b4 admin admin] Unknown version. Returning version choices. {{(pid=145351) process_request /opt/stack/glance/glance/api/middleware/version_negotiation.py:64}}
Jul 21 20:08:26 ubuntu devstack@g-api.service[145351]: [pid: 145351|app: 0|req: 5/11] 127.0.0.1 () {38 vars in 685 bytes} [Thu Jul 21 20:08:26 2022] GET /v1 => generated 1323 bytes in 5 msecs (HTTP/1.1 300) 3 headers in 106 bytes (1 switches on core 0)
Jul 21 20:10:41 ubuntu devstack@g-api.service[145352]: DEBUG glance.api.middleware.version_negotiation [None req-a64f8e1c-654a-49ad-9611-350337ad7dc5 admin admin] Determining version of request: GET /versions Accept: */* {{(pid=145352) process_request /opt/stack/glance/glance/api/middleware/version_negotiation.py:44}}
Jul 21 20:10:41 ubuntu devstack@g-api.service[145352]: [pid: 145352|app: 0|req: 7/12] 127.0.0.1 () {38 vars in 695 bytes} [Thu Jul 21 20:10:41 2022] GET /versions => generated 1323 bytes in 7 msecs (HTTP/1.1 200) 3 headers in 92 bytes (1 switches on core 0)
Jul 21 20:10:41 ubuntu devstack@g-api.service[145351]: DEBUG glance.api.middleware.version_negotiation [None req-efee4d0f-8493-4f8b-b045-eb3631b853b4 admin admin] Determining version of request: GET /v2/schemas/image Accept: */* {{(pid=145351) process_request /opt/stack/glance/glance/api/middleware/version_negotiation.py:44}}
Jul 21 20:10:41 ubuntu devstack@g-api.service[145351]: DEBUG glance.api.middleware.version_negotiation [None req-efee4d0f-8493-4f8b-b045-eb3631b853b4 admin admin] Using url versioning {{(pid=145351) process_request /opt/stack/glance/glance/api/middleware/version_negotiation.py:57}}
Jul 21 20:10:41 ubuntu devstack@g-api.service[145351]: DEBUG glance.api.middleware.version_negotiation [None req-efee4d0f-8493-4f8b-b045-eb3631b853b4 admin admin] Matched version: v2 {{(pid=145351) process_request /opt/stack/glance/glance/api/middleware/version_negotiation.py:69}}
Jul 21 20:10:41 ubuntu devstack@g-api.service[145351]: DEBUG glance.api.middleware.version_negotiation [None req-efee4d0f-8493-4f8b-b045-eb3631b853b4 admin admin] new path /v2/schemas/image {{(pid=145351) process_request /opt/stack/glance/glance/api/middleware/version_negotiation.py:70}}
Jul 21 20:10:41 ubuntu devstack@g-api.service[145351]: [pid: 145351|app: 0|req: 6/13] 127.0.0.1 () {38 vars in 711 bytes} [Thu Jul 21 20:10:41 2022] GET /v2/schemas/image => generated 6083 bytes in 89 msecs (HTTP/1.1 200) 4 headers in 158 bytes (1 switches on core 0)
Jul 21 20:10:41 ubuntu devstack@g-api.service[145352]: DEBUG glance.api.middleware.version_negotiation [None req-a64f8e1c-654a-49ad-9611-350337ad7dc5 admin admin] Determining version of request: GET /v2/schemas/metadefs/namespace Accept: */* {{(pid=145352) process_request /opt/stack/glance/glance/api/middleware/version_negotiation.py:44}}
Jul 21 20:10:41 ubuntu devstack@g-api.service[145352]: DEBUG glance.api.middleware.version_negotiation [None req-a64f8e1c-654a-49ad-9611-350337ad7dc5 admin admin] Using url versioning {{(pid=145352) process_request /opt/stack/glance/glance/api/middleware/version_negotiation.py:57}}
Jul 21 20:10:41 ubuntu devstack@g-api.service[145352]: DEBUG glance.api.middleware.version_negotiation [None req-a64f8e1c-654a-49ad-9611-350337ad7dc5 admin admin] Matched version: v2 {{(pid=145352) process_request /opt/stack/glance/glance/api/middleware/version_negotiation.py:69}}
Jul 21 20:10:41 ubuntu devstack@g-api.service[145352]: DEBUG glance.api.middleware.version_negotiation [None req-a64f8e1c-654a-49ad-9611-350337ad7dc5 admin admin] new path /v2/schemas/metadefs/namespace {{(pid=145352) process_request /opt/stack/glance/glance/api/middleware/version_negotiation.py:70}}
Jul 21 20:10:41 ubuntu devstack@g-api.service[145352]: [pid: 145352|app: 0|req: 8/14] 127.0.0.1 () {38 vars in 737 bytes} [Thu Jul 21 20:10:41 2022] GET /v2/schemas/metadefs/namespace => generated 3100 bytes in 9 msecs (HTTP/1.1 200) 4 headers in 158 bytes (1 switches on core 0)
Jul 21 20:10:41 ubuntu devstack@g-api.service[145351]: DEBUG glance.api.middleware.version_negotiation [None req-9671640c-787b-44b5-9a5f-14c240306d45 admin admin] Determining version of request: GET /v2/schemas/metadefs/resource_type Accept: */* {{(pid=145351) process_request /opt/stack/glance/glance/api/middleware/version_negotiation.py:44}}
Jul 21 20:10:41 ubuntu devstack@g-api.service[145351]: DEBUG glance.api.middleware.version_negotiation [None req-9671640c-787b-44b5-9a5f-14c240306d45 admin admin] Using url versioning {{(pid=145351) process_request /opt/stack/glance/glance/api/middleware/version_negotiation.py:57}}
Jul 21 20:10:41 ubuntu devstack@g-api.service[145351]: DEBUG glance.api.middleware.version_negotiation [None req-9671640c-787b-44b5-9a5f-14c240306d45 admin admin] Matched version: v2 {{(pid=145351) process_request /opt/stack/glance/glance/api/middleware/version_negotiation.py:69}}
Jul 21 20:10:41 ubuntu devstack@g-api.service[145351]: DEBUG glance.api.middleware.version_negotiation [None req-9671640c-787b-44b5-9a5f-14c240306d45 admin admin] new path /v2/schemas/metadefs/resource_type {{(pid=145351) process_request /opt/stack/glance/glance/api/middleware/version_negotiation.py:70}}
Jul 21 20:10:41 ubuntu devstack@g-api.service[145351]: [pid: 145351|app: 0|req: 7/15] 127.0.0.1 () {38 vars in 745 bytes} [Thu Jul 21 20:10:41 2022] GET /v2/schemas/metadefs/resource_type => generated 1260 bytes in 4 msecs (HTTP/1.1 200) 4 headers in 158 bytes (1 switches on core 0)
Jul 21 20:10:41 ubuntu devstack@g-api.service[145352]: DEBUG glance.api.middleware.version_negotiation [None req-29e8081d-6d85-456c-8120-458c5ab8571b admin admin] Determining version of request: GET /v2/images Accept: */* {{(pid=145352) process_request /opt/stack/glance/glance/api/middleware/version_negotiation.py:44}}
Jul 21 20:10:41 ubuntu devstack@g-api.service[145352]: DEBUG glance.api.middleware.version_negotiation [None req-29e8081d-6d85-456c-8120-458c5ab8571b admin admin] Using url versioning {{(pid=145352) process_request /opt/stack/glance/glance/api/middleware/version_negotiation.py:57}}
Jul 21 20:10:41 ubuntu devstack@g-api.service[145352]: DEBUG glance.api.middleware.version_negotiation [None req-29e8081d-6d85-456c-8120-458c5ab8571b admin admin] Matched version: v2 {{(pid=145352) process_request /opt/stack/glance/glance/api/middleware/version_negotiation.py:69}}
Jul 21 20:10:41 ubuntu devstack@g-api.service[145352]: DEBUG glance.api.middleware.version_negotiation [None req-29e8081d-6d85-456c-8120-458c5ab8571b admin admin] new path /v2/images {{(pid=145352) process_request /opt/stack/glance/glance/api/middleware/version_negotiation.py:70}}
Jul 21 20:10:41 ubuntu devstack@g-api.service[145352]: [pid: 145352|app: 0|req: 9/16] 127.0.0.1 () {38 vars in 768 bytes} [Thu Jul 21 20:10:41 2022] GET /v2/images?limit=20&sort_key=name&sort_dir=asc => generated 1081 bytes in 61 msecs (HTTP/1.1 200) 4 headers in 158 bytes (1 switches on core 0)
Jul 21 20:10:41 ubuntu devstack@g-api.service[145351]: DEBUG glance.api.middleware.version_negotiation [None req-bd4c7236-3726-4bea-8f61-db79c5d03d15 admin admin] Determining version of request: GET /v2/schemas/image Accept: */* {{(pid=145351) process_request /opt/stack/glance/glance/api/middleware/version_negotiation.py:44}}
Jul 21 20:10:41 ubuntu devstack@g-api.service[145351]: DEBUG glance.api.middleware.version_negotiation [None req-bd4c7236-3726-4bea-8f61-db79c5d03d15 admin admin] Using url versioning {{(pid=145351) process_request /opt/stack/glance/glance/api/middleware/version_negotiation.py:57}}
Jul 21 20:10:41 ubuntu devstack@g-api.service[145351]: DEBUG glance.api.middleware.version_negotiation [None req-bd4c7236-3726-4bea-8f61-db79c5d03d15 admin admin] Matched version: v2 {{(pid=145351) process_request /opt/stack/glance/glance/api/middleware/version_negotiation.py:69}}
Jul 21 20:10:41 ubuntu devstack@g-api.service[145351]: DEBUG glance.api.middleware.version_negotiation [None req-bd4c7236-3726-4bea-8f61-db79c5d03d15 admin admin] new path /v2/schemas/image {{(pid=145351) process_request /opt/stack/glance/glance/api/middleware/version_negotiation.py:70}}
Jul 21 20:10:41 ubuntu devstack@g-api.service[145351]: [pid: 145351|app: 0|req: 8/17] 127.0.0.1 () {38 vars in 711 bytes} [Thu Jul 21 20:10:41 2022] GET /v2/schemas/image => generated 6083 bytes in 8 msecs (HTTP/1.1 200) 4 headers in 158 bytes (1 switches on core 0)
Jul 21 20:10:51 ubuntu devstack@g-api.service[145352]: DEBUG dbcounter [-] [145352] Writing DB stats glance:SELECT=2 {{(pid=145352) stat_writer /usr/local/lib/python3.8/dist-packages/dbcounter.py:114}}
Jul 21 20:10:56 ubuntu devstack@g-api.service[145352]: DEBUG glance.api.middleware.version_negotiation [None req-5bbacf28-e013-415e-9204-77326d3e703a admin admin] Determining version of request: GET / Accept: application/json {{(pid=145352) process_request /opt/stack/glance/glance/api/middleware/version_negotiation.py:44}}
Jul 21 20:10:56 ubuntu devstack@g-api.service[145352]: DEBUG glance.api.middleware.version_negotiation [None req-5bbacf28-e013-415e-9204-77326d3e703a admin admin] Using url versioning {{(pid=145352) process_request /opt/stack/glance/glance/api/middleware/version_negotiation.py:57}}
Jul 21 20:10:56 ubuntu devstack@g-api.service[145352]: DEBUG glance.api.middleware.version_negotiation [None req-5bbacf28-e013-415e-9204-77326d3e703a admin admin] Unknown version. Returning version choices. {{(pid=145352) process_request /opt/stack/glance/glance/api/middleware/version_negotiation.py:64}}
Jul 21 20:10:56 ubuntu devstack@g-api.service[145352]: [pid: 145352|app: 0|req: 10/18] 127.0.0.1 () {34 vars in 492 bytes} [Thu Jul 21 20:10:56 2022] GET / => generated 1323 bytes in 4 msecs (HTTP/1.1 300) 3 headers in 106 bytes (1 switches on core 0)
Jul 21 20:10:56 ubuntu devstack@g-api.service[145351]: DEBUG glance.api.middleware.version_negotiation [None req-ee30b2fe-8954-40a5-a844-eeb91dbfb18d admin admin] Determining version of request: GET /v2/images/46da94cf-a99e-420f-aa45-8174cb545d53 Accept: */* {{(pid=145351) process_request /opt/stack/glance/glance/api/middleware/version_negotiation.py:44}}
Jul 21 20:10:56 ubuntu devstack@g-api.service[145351]: DEBUG glance.api.middleware.version_negotiation [None req-ee30b2fe-8954-40a5-a844-eeb91dbfb18d admin admin] Using url versioning {{(pid=145351) process_request /opt/stack/glance/glance/api/middleware/version_negotiation.py:57}}
Jul 21 20:10:56 ubuntu devstack@g-api.service[145351]: DEBUG glance.api.middleware.version_negotiation [None req-ee30b2fe-8954-40a5-a844-eeb91dbfb18d admin admin] Matched version: v2 {{(pid=145351) process_request /opt/stack/glance/glance/api/middleware/version_negotiation.py:69}}
Jul 21 20:10:56 ubuntu devstack@g-api.service[145351]: DEBUG glance.api.middleware.version_negotiation [None req-ee30b2fe-8954-40a5-a844-eeb91dbfb18d admin admin] new path /v2/images/46da94cf-a99e-420f-aa45-8174cb545d53 {{(pid=145351) process_request /opt/stack/glance/glance/api/middleware/version_negotiation.py:70}}
Jul 21 20:10:56 ubuntu devstack@g-api.service[145351]: WARNING keystonemiddleware.auth_token [None req-ee30b2fe-8954-40a5-a844-eeb91dbfb18d admin admin] A valid token was submitted as a service token, but it was not a valid service token. This is incorrect but backwards compatible behaviour. This will be removed in future releases.
Jul 21 20:10:56 ubuntu devstack@g-api.service[145351]: [pid: 145351|app: 0|req: 9/19] 127.0.0.1 () {42 vars in 1049 bytes} [Thu Jul 21 20:10:56 2022] GET /v2/images/46da94cf-a99e-420f-aa45-8174cb545d53 => generated 976 bytes in 170 msecs (HTTP/1.1 200) 4 headers in 157 bytes (1 switches on core 0)
Jul 21 20:10:56 ubuntu devstack@g-api.service[145352]: DEBUG glance.api.middleware.version_negotiation [None req-5bbacf28-e013-415e-9204-77326d3e703a admin admin] Determining version of request: GET /v2/schemas/image Accept: */* {{(pid=145352) process_request /opt/stack/glance/glance/api/middleware/version_negotiation.py:44}}
Jul 21 20:10:56 ubuntu devstack@g-api.service[145352]: DEBUG glance.api.middleware.version_negotiation [None req-5bbacf28-e013-415e-9204-77326d3e703a admin admin] Using url versioning {{(pid=145352) process_request /opt/stack/glance/glance/api/middleware/version_negotiation.py:57}}
Jul 21 20:10:56 ubuntu devstack@g-api.service[145352]: DEBUG glance.api.middleware.version_negotiation [None req-5bbacf28-e013-415e-9204-77326d3e703a admin admin] Matched version: v2 {{(pid=145352) process_request /opt/stack/glance/glance/api/middleware/version_negotiation.py:69}}
Jul 21 20:10:56 ubuntu devstack@g-api.service[145352]: DEBUG glance.api.middleware.version_negotiation [None req-5bbacf28-e013-415e-9204-77326d3e703a admin admin] new path /v2/schemas/image {{(pid=145352) process_request /opt/stack/glance/glance/api/middleware/version_negotiation.py:70}}
Jul 21 20:10:56 ubuntu devstack@g-api.service[145352]: WARNING keystonemiddleware.auth_token [None req-5bbacf28-e013-415e-9204-77326d3e703a admin admin] A valid token was submitted as a service token, but it was not a valid service token. This is incorrect but backwards compatible behaviour. This will be removed in future releases.
Jul 21 20:10:56 ubuntu devstack@g-api.service[145352]: [pid: 145352|app: 0|req: 11/20] 127.0.0.1 () {42 vars in 989 bytes} [Thu Jul 21 20:10:56 2022] GET /v2/schemas/image => generated 6083 bytes in 7 msecs (HTTP/1.1 200) 4 headers in 158 bytes (1 switches on core 0)
Jul 21 20:10:58 ubuntu devstack@g-api.service[145351]: DEBUG glance.api.middleware.version_negotiation [None req-b5bf97d1-c885-45c9-88f0-e5fc0f466af0 tempest-VolumesAdminNegativeTest-811432677 tempest-VolumesAdminNegativeTest-811432677-project] Determining version of request: GET /v2/images/46da94cf-a99e-420f-aa45-8174cb545d53 Accept: */* {{(pid=145351) process_request /opt/stack/glance/glance/api/middleware/version_negotiation.py:44}}
Jul 21 20:10:58 ubuntu devstack@g-api.service[145351]: DEBUG glance.api.middleware.version_negotiation [None req-b5bf97d1-c885-45c9-88f0-e5fc0f466af0 tempest-VolumesAdminNegativeTest-811432677 tempest-VolumesAdminNegativeTest-811432677-project] Using url versioning {{(pid=145351) process_request /opt/stack/glance/glance/api/middleware/version_negotiation.py:57}}
Jul 21 20:10:58 ubuntu devstack@g-api.service[145351]: DEBUG glance.api.middleware.version_negotiation [None req-b5bf97d1-c885-45c9-88f0-e5fc0f466af0 tempest-VolumesAdminNegativeTest-811432677 tempest-VolumesAdminNegativeTest-811432677-project] Matched version: v2 {{(pid=145351) process_request /opt/stack/glance/glance/api/middleware/version_negotiation.py:69}}
Jul 21 20:10:58 ubuntu devstack@g-api.service[145351]: DEBUG glance.api.middleware.version_negotiation [None req-b5bf97d1-c885-45c9-88f0-e5fc0f466af0 tempest-VolumesAdminNegativeTest-811432677 tempest-VolumesAdminNegativeTest-811432677-project] new path /v2/images/46da94cf-a99e-420f-aa45-8174cb545d53 {{(pid=145351) process_request /opt/stack/glance/glance/api/middleware/version_negotiation.py:70}}
Jul 21 20:10:58 ubuntu devstack@g-api.service[145351]: [pid: 145351|app: 0|req: 10/21] 127.0.0.1 () {42 vars in 1049 bytes} [Thu Jul 21 20:10:58 2022] GET /v2/images/46da94cf-a99e-420f-aa45-8174cb545d53 => generated 976 bytes in 14 msecs (HTTP/1.1 200) 4 headers in 157 bytes (1 switches on core 0)
Jul 21 20:10:58 ubuntu devstack@g-api.service[145352]: DEBUG glance.api.middleware.version_negotiation [None req-b5bf97d1-c885-45c9-88f0-e5fc0f466af0 tempest-VolumesAdminNegativeTest-811432677 tempest-VolumesAdminNegativeTest-811432677-project] Determining version of request: GET /v2/images/46da94cf-a99e-420f-aa45-8174cb545d53/file Accept: */* {{(pid=145352) process_request /opt/stack/glance/glance/api/middleware/version_negotiation.py:44}}
Jul 21 20:10:58 ubuntu devstack@g-api.service[145352]: DEBUG glance.api.middleware.version_negotiation [None req-b5bf97d1-c885-45c9-88f0-e5fc0f466af0 tempest-VolumesAdminNegativeTest-811432677 tempest-VolumesAdminNegativeTest-811432677-project] Using url versioning {{(pid=145352) process_request /opt/stack/glance/glance/api/middleware/version_negotiation.py:57}}
Jul 21 20:10:58 ubuntu devstack@g-api.service[145352]: DEBUG glance.api.middleware.version_negotiation [None req-b5bf97d1-c885-45c9-88f0-e5fc0f466af0 tempest-VolumesAdminNegativeTest-811432677 tempest-VolumesAdminNegativeTest-811432677-project] Matched version: v2 {{(pid=145352) process_request /opt/stack/glance/glance/api/middleware/version_negotiation.py:69}}
Jul 21 20:10:58 ubuntu devstack@g-api.service[145352]: DEBUG glance.api.middleware.version_negotiation [None req-b5bf97d1-c885-45c9-88f0-e5fc0f466af0 tempest-VolumesAdminNegativeTest-811432677 tempest-VolumesAdminNegativeTest-811432677-project] new path /v2/images/46da94cf-a99e-420f-aa45-8174cb545d53/file {{(pid=145352) process_request /opt/stack/glance/glance/api/middleware/version_negotiation.py:70}}
Jul 21 20:10:58 ubuntu devstack@g-api.service[145352]: DEBUG glance_store.backend [None req-b5bf97d1-c885-45c9-88f0-e5fc0f466af0 tempest-VolumesAdminNegativeTest-811432677 tempest-VolumesAdminNegativeTest-811432677-project] Attempting to import store swift {{(pid=145352) _load_store /usr/local/lib/python3.8/dist-packages/glance_store/backend.py:216}}
Jul 21 20:10:58 ubuntu devstack@g-api.service[145352]: DEBUG glance_store.capabilities [None req-b5bf97d1-c885-45c9-88f0-e5fc0f466af0 tempest-VolumesAdminNegativeTest-811432677 tempest-VolumesAdminNegativeTest-811432677-project] Store glance_store._drivers.swift.store.SingleTenantStore doesn't support updating dynamic storage capabilities. Please overwrite 'update_capabilities' method of the store to implement updating logics if needed. {{(pid=145352) update_capabilities /usr/local/lib/python3.8/dist-packages/glance_store/capabilities.py:91}}
Jul 21 20:10:58 ubuntu devstack@g-api.service[145352]: DEBUG glance_store.driver [None req-b5bf97d1-c885-45c9-88f0-e5fc0f466af0 tempest-VolumesAdminNegativeTest-811432677 tempest-VolumesAdminNegativeTest-811432677-project] Late loading location class glance_store._drivers.swift.store.StoreLocation {{(pid=145352) get_store_location_class /usr/local/lib/python3.8/dist-packages/glance_store/driver.py:116}}
Jul 21 20:10:58 ubuntu devstack@g-api.service[145352]: DEBUG glance_store.location [None req-b5bf97d1-c885-45c9-88f0-e5fc0f466af0 tempest-VolumesAdminNegativeTest-811432677 tempest-VolumesAdminNegativeTest-811432677-project] Registering scheme swift+https with {'store': <glance_store._drivers.swift.store.SingleTenantStore object at 0x7ff5417b2fa0>, 'location_class': <class 'glance_store._drivers.swift.store.StoreLocation'>, 'store_entry': 'swift'} {{(pid=145352) register_scheme_map /usr/local/lib/python3.8/dist-packages/glance_store/location.py:146}}
Jul 21 20:10:58 ubuntu devstack@g-api.service[145352]: DEBUG glance_store.location [None req-b5bf97d1-c885-45c9-88f0-e5fc0f466af0 tempest-VolumesAdminNegativeTest-811432677 tempest-VolumesAdminNegativeTest-811432677-project] Registering scheme swift+https with {'store': <glance_store._drivers.swift.store.SingleTenantStore object at 0x7ff5417b2fa0>, 'location_class': <class 'glance_store._drivers.swift.store.StoreLocation'>, 'store_entry': 'swift'} {{(pid=145352) register_scheme_map /usr/local/lib/python3.8/dist-packages/glance_store/location.py:146}}
Jul 21 20:10:58 ubuntu devstack@g-api.service[145352]: DEBUG glance_store.location [None req-b5bf97d1-c885-45c9-88f0-e5fc0f466af0 tempest-VolumesAdminNegativeTest-811432677 tempest-VolumesAdminNegativeTest-811432677-project] Registering scheme swift with {'store': <glance_store._drivers.swift.store.SingleTenantStore object at 0x7ff5417b2fa0>, 'location_class': <class 'glance_store._drivers.swift.store.StoreLocation'>, 'store_entry': 'swift'} {{(pid=145352) register_scheme_map /usr/local/lib/python3.8/dist-packages/glance_store/location.py:146}}
Jul 21 20:10:58 ubuntu devstack@g-api.service[145352]: DEBUG glance_store.location [None req-b5bf97d1-c885-45c9-88f0-e5fc0f466af0 tempest-VolumesAdminNegativeTest-811432677 tempest-VolumesAdminNegativeTest-811432677-project] Registering scheme swift+https with {'store': <glance_store._drivers.swift.store.SingleTenantStore object at 0x7ff5417b2fa0>, 'location_class': <class 'glance_store._drivers.swift.store.StoreLocation'>, 'store_entry': 'swift'} {{(pid=145352) register_scheme_map /usr/local/lib/python3.8/dist-packages/glance_store/location.py:146}}
Jul 21 20:10:58 ubuntu devstack@g-api.service[145352]: DEBUG glance_store.location [None req-b5bf97d1-c885-45c9-88f0-e5fc0f466af0 tempest-VolumesAdminNegativeTest-811432677 tempest-VolumesAdminNegativeTest-811432677-project] Registering scheme swift with {'store': <glance_store._drivers.swift.store.SingleTenantStore object at 0x7ff5417b2fa0>, 'location_class': <class 'glance_store._drivers.swift.store.StoreLocation'>, 'store_entry': 'swift'} {{(pid=145352) register_scheme_map /usr/local/lib/python3.8/dist-packages/glance_store/location.py:146}}
Jul 21 20:10:58 ubuntu devstack@g-api.service[145352]: DEBUG glance_store.location [None req-b5bf97d1-c885-45c9-88f0-e5fc0f466af0 tempest-VolumesAdminNegativeTest-811432677 tempest-VolumesAdminNegativeTest-811432677-project] Registering scheme swift+http with {'store': <glance_store._drivers.swift.store.SingleTenantStore object at 0x7ff5417b2fa0>, 'location_class': <class 'glance_store._drivers.swift.store.StoreLocation'>, 'store_entry': 'swift'} {{(pid=145352) register_scheme_map /usr/local/lib/python3.8/dist-packages/glance_store/location.py:146}}
Jul 21 20:10:58 ubuntu devstack@g-api.service[145352]: DEBUG glance_store.location [None req-b5bf97d1-c885-45c9-88f0-e5fc0f466af0 tempest-VolumesAdminNegativeTest-811432677 tempest-VolumesAdminNegativeTest-811432677-project] Registering scheme swift+https with {'store': <glance_store._drivers.swift.store.SingleTenantStore object at 0x7ff5417b2fa0>, 'location_class': <class 'glance_store._drivers.swift.store.StoreLocation'>, 'store_entry': 'swift'} {{(pid=145352) register_scheme_map /usr/local/lib/python3.8/dist-packages/glance_store/location.py:146}}
Jul 21 20:10:58 ubuntu devstack@g-api.service[145352]: DEBUG glance_store.location [None req-b5bf97d1-c885-45c9-88f0-e5fc0f466af0 tempest-VolumesAdminNegativeTest-811432677 tempest-VolumesAdminNegativeTest-811432677-project] Registering scheme swift with {'store': <glance_store._drivers.swift.store.SingleTenantStore object at 0x7ff5417b2fa0>, 'location_class': <class 'glance_store._drivers.swift.store.StoreLocation'>, 'store_entry': 'swift'} {{(pid=145352) register_scheme_map /usr/local/lib/python3.8/dist-packages/glance_store/location.py:146}}
Jul 21 20:10:58 ubuntu devstack@g-api.service[145352]: DEBUG glance_store.location [None req-b5bf97d1-c885-45c9-88f0-e5fc0f466af0 tempest-VolumesAdminNegativeTest-811432677 tempest-VolumesAdminNegativeTest-811432677-project] Registering scheme swift+http with {'store': <glance_store._drivers.swift.store.SingleTenantStore object at 0x7ff5417b2fa0>, 'location_class': <class 'glance_store._drivers.swift.store.StoreLocation'>, 'store_entry': 'swift'} {{(pid=145352) register_scheme_map /usr/local/lib/python3.8/dist-packages/glance_store/location.py:146}}
Jul 21 20:10:58 ubuntu devstack@g-api.service[145352]: DEBUG glance_store.location [None req-b5bf97d1-c885-45c9-88f0-e5fc0f466af0 tempest-VolumesAdminNegativeTest-811432677 tempest-VolumesAdminNegativeTest-811432677-project] Registering scheme swift+config with {'store': <glance_store._drivers.swift.store.SingleTenantStore object at 0x7ff5417b2fa0>, 'location_class': <class 'glance_store._drivers.swift.store.StoreLocation'>, 'store_entry': 'swift'} {{(pid=145352) register_scheme_map /usr/local/lib/python3.8/dist-packages/glance_store/location.py:146}}
Jul 21 20:10:59 ubuntu devstack@g-api.service[145352]: DEBUG swiftclient [None req-b5bf97d1-c885-45c9-88f0-e5fc0f466af0 tempest-VolumesAdminNegativeTest-811432677 tempest-VolumesAdminNegativeTest-811432677-project] REQ: curl -i http://192.168.79.50:8080/v1/AUTH_5f132733d7794a209e8bb2d5b5a30654/glance/46da94cf-a99e-420f-aa45-8174cb545d53 -X GET -H "X-Auth-Token: gAAAAABi2bLSZZYg..." {{(pid=145352) http_log /usr/local/lib/python3.8/dist-packages/swiftclient/client.py:157}}
Jul 21 20:10:59 ubuntu devstack@g-api.service[145352]: DEBUG swiftclient [None req-b5bf97d1-c885-45c9-88f0-e5fc0f466af0 tempest-VolumesAdminNegativeTest-811432677 tempest-VolumesAdminNegativeTest-811432677-project] RESP STATUS: 200 OK {{(pid=145352) http_log /usr/local/lib/python3.8/dist-packages/swiftclient/client.py:158}}
Jul 21 20:10:59 ubuntu devstack@g-api.service[145352]: DEBUG swiftclient [None req-b5bf97d1-c885-45c9-88f0-e5fc0f466af0 tempest-VolumesAdminNegativeTest-811432677 tempest-VolumesAdminNegativeTest-811432677-project] RESP HEADERS: {'Content-Type': 'application/octet-stream', 'Etag': '1d3062cd89af34e419f7100277f38b2b', 'Last-Modified': 'Thu, 21 Jul 2022 20:05:14 GMT', 'X-Timestamp': '1658433913.36439', 'Accept-Ranges': 'bytes', 'Content-Length': '16338944', 'X-Trans-Id': 'tx1d1928e9150a4ebeb1177-0062d9b2d2', 'X-Openstack-Request-Id': 'tx1d1928e9150a4ebeb1177-0062d9b2d2', 'Date': 'Thu, 21 Jul 2022 20:10:59 GMT'} {{(pid=145352) http_log /usr/local/lib/python3.8/dist-packages/swiftclient/client.py:159}}
Jul 21 20:10:59 ubuntu devstack@g-api.service[145352]: DEBUG glance.image_cache [None req-b5bf97d1-c885-45c9-88f0-e5fc0f466af0 tempest-VolumesAdminNegativeTest-811432677 tempest-VolumesAdminNegativeTest-811432677-project] Tee'ing image '46da94cf-a99e-420f-aa45-8174cb545d53' into cache {{(pid=145352) get_caching_iter /opt/stack/glance/glance/image_cache/__init__.py:343}}
Jul 21 20:10:59 ubuntu devstack@g-api.service[145352]: DEBUG glance.image_cache.drivers.sqlite [None req-b5bf97d1-c885-45c9-88f0-e5fc0f466af0 tempest-VolumesAdminNegativeTest-811432677 tempest-VolumesAdminNegativeTest-811432677-project] Fetch finished, moving '/opt/stack/data/glance/cache/incomplete/46da94cf-a99e-420f-aa45-8174cb545d53' to '/opt/stack/data/glance/cache/46da94cf-a99e-420f-aa45-8174cb545d53' {{(pid=145352) commit /opt/stack/glance/glance/image_cache/drivers/sqlite.py:324}}
Jul 21 20:10:59 ubuntu devstack@g-api.service[145352]: [pid: 145352|app: 0|req: 12/22] 127.0.0.1 () {42 vars in 1059 bytes} [Thu Jul 21 20:10:58 2022] GET /v2/images/46da94cf-a99e-420f-aa45-8174cb545d53/file => generated 16338944 bytes in 494 msecs (HTTP/1.1 200) 4 headers in 191 bytes (250 switches on core 0)
Jul 21 20:11:08 ubuntu devstack@g-api.service[145351]: DEBUG dbcounter [-] [145351] Writing DB stats glance:SELECT=8 {{(pid=145351) stat_writer /usr/local/lib/python3.8/dist-packages/dbcounter.py:114}}
Jul 21 20:11:09 ubuntu devstack@g-api.service[145352]: DEBUG dbcounter [-] [145352] Writing DB stats glance:SELECT=8 {{(pid=145352) stat_writer /usr/local/lib/python3.8/dist-packages/dbcounter.py:114}}
Jul 21 20:11:23 ubuntu devstack@g-api.service[145351]: DEBUG glance.api.middleware.version_negotiation [None req-b5bf97d1-c885-45c9-88f0-e5fc0f466af0 tempest-VolumesAdminNegativeTest-811432677 tempest-VolumesAdminNegativeTest-811432677-project] Determining version of request: GET / Accept: application/json {{(pid=145351) process_request /opt/stack/glance/glance/api/middleware/version_negotiation.py:44}}
Jul 21 20:11:23 ubuntu devstack@g-api.service[145351]: DEBUG glance.api.middleware.version_negotiation [None req-b5bf97d1-c885-45c9-88f0-e5fc0f466af0 tempest-VolumesAdminNegativeTest-811432677 tempest-VolumesAdminNegativeTest-811432677-project] Using url versioning {{(pid=145351) process_request /opt/stack/glance/glance/api/middleware/version_negotiation.py:57}}
Jul 21 20:11:23 ubuntu devstack@g-api.service[145351]: DEBUG glance.api.middleware.version_negotiation [None req-b5bf97d1-c885-45c9-88f0-e5fc0f466af0 tempest-VolumesAdminNegativeTest-811432677 tempest-VolumesAdminNegativeTest-811432677-project] Unknown version. Returning version choices. {{(pid=145351) process_request /opt/stack/glance/glance/api/middleware/version_negotiation.py:64}}
Jul 21 20:11:23 ubuntu devstack@g-api.service[145351]: [pid: 145351|app: 0|req: 11/23] 127.0.0.1 () {34 vars in 492 bytes} [Thu Jul 21 20:11:23 2022] GET / => generated 1323 bytes in 6 msecs (HTTP/1.1 300) 3 headers in 106 bytes (1 switches on core 0)
Jul 21 20:11:23 ubuntu devstack@g-api.service[145352]: DEBUG glance.api.middleware.version_negotiation [None req-b5bf97d1-c885-45c9-88f0-e5fc0f466af0 tempest-VolumesAdminNegativeTest-811432677 tempest-VolumesAdminNegativeTest-811432677-project] Determining version of request: GET /v2/images/46da94cf-a99e-420f-aa45-8174cb545d53 Accept: */* {{(pid=145352) process_request /opt/stack/glance/glance/api/middleware/version_negotiation.py:44}}
Jul 21 20:11:23 ubuntu devstack@g-api.service[145352]: DEBUG glance.api.middleware.version_negotiation [None req-b5bf97d1-c885-45c9-88f0-e5fc0f466af0 tempest-VolumesAdminNegativeTest-811432677 tempest-VolumesAdminNegativeTest-811432677-project] Using url versioning {{(pid=145352) process_request /opt/stack/glance/glance/api/middleware/version_negotiation.py:57}}
Jul 21 20:11:23 ubuntu devstack@g-api.service[145352]: DEBUG glance.api.middleware.version_negotiation [None req-b5bf97d1-c885-45c9-88f0-e5fc0f466af0 tempest-VolumesAdminNegativeTest-811432677 tempest-VolumesAdminNegativeTest-811432677-project] Matched version: v2 {{(pid=145352) process_request /opt/stack/glance/glance/api/middleware/version_negotiation.py:69}}
Jul 21 20:11:23 ubuntu devstack@g-api.service[145352]: DEBUG glance.api.middleware.version_negotiation [None req-b5bf97d1-c885-45c9-88f0-e5fc0f466af0 tempest-VolumesAdminNegativeTest-811432677 tempest-VolumesAdminNegativeTest-811432677-project] new path /v2/images/46da94cf-a99e-420f-aa45-8174cb545d53 {{(pid=145352) process_request /opt/stack/glance/glance/api/middleware/version_negotiation.py:70}}
Jul 21 20:11:23 ubuntu devstack@g-api.service[145352]: [pid: 145352|app: 0|req: 13/24] 127.0.0.1 () {42 vars in 1049 bytes} [Thu Jul 21 20:11:23 2022] GET /v2/images/46da94cf-a99e-420f-aa45-8174cb545d53 => generated 976 bytes in 26 msecs (HTTP/1.1 200) 4 headers in 157 bytes (1 switches on core 0)
Jul 21 20:11:23 ubuntu devstack@g-api.service[145351]: DEBUG glance.api.middleware.version_negotiation [None req-b5bf97d1-c885-45c9-88f0-e5fc0f466af0 tempest-VolumesAdminNegativeTest-811432677 tempest-VolumesAdminNegativeTest-811432677-project] Determining version of request: GET /v2/schemas/image Accept: */* {{(pid=145351) process_request /opt/stack/glance/glance/api/middleware/version_negotiation.py:44}}
Jul 21 20:11:23 ubuntu devstack@g-api.service[145351]: DEBUG glance.api.middleware.version_negotiation [None req-b5bf97d1-c885-45c9-88f0-e5fc0f466af0 tempest-VolumesAdminNegativeTest-811432677 tempest-VolumesAdminNegativeTest-811432677-project] Using url versioning {{(pid=145351) process_request /opt/stack/glance/glance/api/middleware/version_negotiation.py:57}}
Jul 21 20:11:23 ubuntu devstack@g-api.service[145351]: DEBUG glance.api.middleware.version_negotiation [None req-b5bf97d1-c885-45c9-88f0-e5fc0f466af0 tempest-VolumesAdminNegativeTest-811432677 tempest-VolumesAdminNegativeTest-811432677-project] Matched version: v2 {{(pid=145351) process_request /opt/stack/glance/glance/api/middleware/version_negotiation.py:69}}
Jul 21 20:11:23 ubuntu devstack@g-api.service[145351]: DEBUG glance.api.middleware.version_negotiation [None req-b5bf97d1-c885-45c9-88f0-e5fc0f466af0 tempest-VolumesAdminNegativeTest-811432677 tempest-VolumesAdminNegativeTest-811432677-project] new path /v2/schemas/image {{(pid=145351) process_request /opt/stack/glance/glance/api/middleware/version_negotiation.py:70}}
Jul 21 20:11:23 ubuntu devstack@g-api.service[145351]: [pid: 145351|app: 0|req: 12/25] 127.0.0.1 () {42 vars in 989 bytes} [Thu Jul 21 20:11:23 2022] GET /v2/schemas/image => generated 6083 bytes in 6 msecs (HTTP/1.1 200) 4 headers in 158 bytes (1 switches on core 0)
Jul 21 20:11:33 ubuntu devstack@g-api.service[145352]: DEBUG dbcounter [-] [145352] Writing DB stats glance:SELECT=4 {{(pid=145352) stat_writer /usr/local/lib/python3.8/dist-packages/dbcounter.py:114}}
Jul 21 20:11:51 ubuntu devstack@g-api.service[145352]: DEBUG glance.api.middleware.version_negotiation [None req-5616a767-6b3f-41b5-8373-070d3166fb86 tempest-DeleteServersTestJSON-831407321 tempest-DeleteServersTestJSON-831407321-project] Determining version of request: GET /v2/images/46da94cf-a99e-420f-aa45-8174cb545d53 Accept: */* {{(pid=145352) process_request /opt/stack/glance/glance/api/middleware/version_negotiation.py:44}}
Jul 21 20:11:51 ubuntu devstack@g-api.service[145352]: DEBUG glance.api.middleware.version_negotiation [None req-5616a767-6b3f-41b5-8373-070d3166fb86 tempest-DeleteServersTestJSON-831407321 tempest-DeleteServersTestJSON-831407321-project] Using url versioning {{(pid=145352) process_request /opt/stack/glance/glance/api/middleware/version_negotiation.py:57}}
Jul 21 20:11:51 ubuntu devstack@g-api.service[145352]: DEBUG glance.api.middleware.version_negotiation [None req-5616a767-6b3f-41b5-8373-070d3166fb86 tempest-DeleteServersTestJSON-831407321 tempest-DeleteServersTestJSON-831407321-project] Matched version: v2 {{(pid=145352) process_request /opt/stack/glance/glance/api/middleware/version_negotiation.py:69}}
Jul 21 20:11:51 ubuntu devstack@g-api.service[145352]: DEBUG glance.api.middleware.version_negotiation [None req-5616a767-6b3f-41b5-8373-070d3166fb86 tempest-DeleteServersTestJSON-831407321 tempest-DeleteServersTestJSON-831407321-project] new path /v2/images/46da94cf-a99e-420f-aa45-8174cb545d53 {{(pid=145352) process_request /opt/stack/glance/glance/api/middleware/version_negotiation.py:70}}
Jul 21 20:11:51 ubuntu devstack@g-api.service[145352]: [pid: 145352|app: 0|req: 14/26] 127.0.0.1 () {42 vars in 1049 bytes} [Thu Jul 21 20:11:51 2022] GET /v2/images/46da94cf-a99e-420f-aa45-8174cb545d53 => generated 976 bytes in 22 msecs (HTTP/1.1 200) 4 headers in 157 bytes (1 switches on core 0)
