Jun 17 01:48:16 ubuntu devstack@g-api.service[130842]: DEBUG glance_store.backend [None req-eece9a82-b637-4861-95ec-9e85c660f004 admin admin] Attempting to import store swift {{(pid=130842) _load_store /usr/local/lib/python3.8/dist-packages/glance_store/backend.py:217}}
Jun 17 01:48:16 ubuntu devstack@g-api.service[130842]: DEBUG glance_store.capabilities [None req-eece9a82-b637-4861-95ec-9e85c660f004 admin admin] Store glance_store._drivers.swift.store.SingleTenantStore doesn't support updating dynamic storage capabilities. Please overwrite 'update_capabilities' method of the store to implement updating logics if needed. {{(pid=130842) update_capabilities /usr/local/lib/python3.8/dist-packages/glance_store/capabilities.py:91}}
Jun 17 01:48:16 ubuntu devstack@g-api.service[130842]: DEBUG glance_store.driver [None req-eece9a82-b637-4861-95ec-9e85c660f004 admin admin] Late loading location class glance_store._drivers.swift.store.StoreLocation {{(pid=130842) get_store_location_class /usr/local/lib/python3.8/dist-packages/glance_store/driver.py:117}}
Jun 17 01:48:16 ubuntu devstack@g-api.service[130842]: DEBUG glance_store.location [None req-eece9a82-b637-4861-95ec-9e85c660f004 admin admin] Registering scheme swift+https with {'store': <glance_store._drivers.swift.store.SingleTenantStore object at 0x7fe2d2fb4ac0>, 'location_class': <class 'glance_store._drivers.swift.store.StoreLocation'>, 'store_entry': 'swift'} {{(pid=130842) register_scheme_map /usr/local/lib/python3.8/dist-packages/glance_store/location.py:146}}
Jun 17 01:48:16 ubuntu devstack@g-api.service[130842]: DEBUG glance_store.location [None req-eece9a82-b637-4861-95ec-9e85c660f004 admin admin] Registering scheme swift+https with {'store': <glance_store._drivers.swift.store.SingleTenantStore object at 0x7fe2d2fb4ac0>, 'location_class': <class 'glance_store._drivers.swift.store.StoreLocation'>, 'store_entry': 'swift'} {{(pid=130842) register_scheme_map /usr/local/lib/python3.8/dist-packages/glance_store/location.py:146}}
Jun 17 01:48:16 ubuntu devstack@g-api.service[130842]: DEBUG glance_store.location [None req-eece9a82-b637-4861-95ec-9e85c660f004 admin admin] Registering scheme swift with {'store': <glance_store._drivers.swift.store.SingleTenantStore object at 0x7fe2d2fb4ac0>, 'location_class': <class 'glance_store._drivers.swift.store.StoreLocation'>, 'store_entry': 'swift'} {{(pid=130842) register_scheme_map /usr/local/lib/python3.8/dist-packages/glance_store/location.py:146}}
Jun 17 01:48:16 ubuntu devstack@g-api.service[130842]: DEBUG glance_store.location [None req-eece9a82-b637-4861-95ec-9e85c660f004 admin admin] Registering scheme swift+https with {'store': <glance_store._drivers.swift.store.SingleTenantStore object at 0x7fe2d2fb4ac0>, 'location_class': <class 'glance_store._drivers.swift.store.StoreLocation'>, 'store_entry': 'swift'} {{(pid=130842) register_scheme_map /usr/local/lib/python3.8/dist-packages/glance_store/location.py:146}}
Jun 17 01:48:16 ubuntu devstack@g-api.service[130842]: DEBUG glance_store.location [None req-eece9a82-b637-4861-95ec-9e85c660f004 admin admin] Registering scheme swift with {'store': <glance_store._drivers.swift.store.SingleTenantStore object at 0x7fe2d2fb4ac0>, 'location_class': <class 'glance_store._drivers.swift.store.StoreLocation'>, 'store_entry': 'swift'} {{(pid=130842) register_scheme_map /usr/local/lib/python3.8/dist-packages/glance_store/location.py:146}}
Jun 17 01:48:16 ubuntu devstack@g-api.service[130842]: DEBUG glance_store.location [None req-eece9a82-b637-4861-95ec-9e85c660f004 admin admin] Registering scheme swift+http with {'store': <glance_store._drivers.swift.store.SingleTenantStore object at 0x7fe2d2fb4ac0>, 'location_class': <class 'glance_store._drivers.swift.store.StoreLocation'>, 'store_entry': 'swift'} {{(pid=130842) register_scheme_map /usr/local/lib/python3.8/dist-packages/glance_store/location.py:146}}
Jun 17 01:48:16 ubuntu devstack@g-api.service[130842]: DEBUG glance_store.location [None req-eece9a82-b637-4861-95ec-9e85c660f004 admin admin] Registering scheme swift+https with {'store': <glance_store._drivers.swift.store.SingleTenantStore object at 0x7fe2d2fb4ac0>, 'location_class': <class 'glance_store._drivers.swift.store.StoreLocation'>, 'store_entry': 'swift'} {{(pid=130842) register_scheme_map /usr/local/lib/python3.8/dist-packages/glance_store/location.py:146}}
Jun 17 01:48:16 ubuntu devstack@g-api.service[130842]: DEBUG glance_store.location [None req-eece9a82-b637-4861-95ec-9e85c660f004 admin admin] Registering scheme swift with {'store': <glance_store._drivers.swift.store.SingleTenantStore object at 0x7fe2d2fb4ac0>, 'location_class': <class 'glance_store._drivers.swift.store.StoreLocation'>, 'store_entry': 'swift'} {{(pid=130842) register_scheme_map /usr/local/lib/python3.8/dist-packages/glance_store/location.py:146}}
Jun 17 01:48:16 ubuntu devstack@g-api.service[130842]: DEBUG glance_store.location [None req-eece9a82-b637-4861-95ec-9e85c660f004 admin admin] Registering scheme swift+http with {'store': <glance_store._drivers.swift.store.SingleTenantStore object at 0x7fe2d2fb4ac0>, 'location_class': <class 'glance_store._drivers.swift.store.StoreLocation'>, 'store_entry': 'swift'} {{(pid=130842) register_scheme_map /usr/local/lib/python3.8/dist-packages/glance_store/location.py:146}}
Jun 17 01:48:16 ubuntu devstack@g-api.service[130842]: DEBUG glance_store.location [None req-eece9a82-b637-4861-95ec-9e85c660f004 admin admin] Registering scheme swift+config with {'store': <glance_store._drivers.swift.store.SingleTenantStore object at 0x7fe2d2fb4ac0>, 'location_class': <class 'glance_store._drivers.swift.store.StoreLocation'>, 'store_entry': 'swift'} {{(pid=130842) register_scheme_map /usr/local/lib/python3.8/dist-packages/glance_store/location.py:146}}
Jun 17 01:48:16 ubuntu devstack@g-api.service[130842]: DEBUG glance_store.backend [None req-eece9a82-b637-4861-95ec-9e85c660f004 admin admin] Skipping store.set_acls... not implemented. {{(pid=130842) set_acls /usr/local/lib/python3.8/dist-packages/glance_store/backend.py:509}}
Jun 17 01:48:16 ubuntu devstack@g-api.service[130842]: [pid: 130842|app: 0|req: 3/4] 127.0.0.1 () {40 vars in 862 bytes} [Fri Jun 17 01:48:13 2022] PUT /v2/images/f21392df-99e3-4a0c-a116-8f9269185dea/file => generated 0 bytes in 2300 msecs (HTTP/1.1 204) 4 headers in 171 bytes (1 switches on core 0)
Jun 17 01:48:23 ubuntu devstack@g-api.service[130843]: DEBUG dbcounter [-] [130843] Writing DB stats glance:SELECT=9,glance:INSERT=5 {{(pid=130843) stat_writer /usr/local/lib/python3.8/dist-packages/dbcounter.py:114}}
Jun 17 01:48:26 ubuntu devstack@g-api.service[130842]: DEBUG dbcounter [-] [130842] Writing DB stats glance:SELECT=28,glance:UPDATE=2,glance:INSERT=1 {{(pid=130842) stat_writer /usr/local/lib/python3.8/dist-packages/dbcounter.py:114}}
Jun 17 01:48:57 ubuntu devstack@g-api.service[130843]: DEBUG glance.api.middleware.version_negotiation [None req-50b9b792-6584-4be2-94e2-1ebbd5dce7f8 admin admin] Determining version of request: GET / Accept: application/json {{(pid=130843) process_request /opt/stack/glance/glance/api/middleware/version_negotiation.py:44}}
Jun 17 01:48:57 ubuntu devstack@g-api.service[130843]: DEBUG glance.api.middleware.version_negotiation [None req-50b9b792-6584-4be2-94e2-1ebbd5dce7f8 admin admin] Using url versioning {{(pid=130843) process_request /opt/stack/glance/glance/api/middleware/version_negotiation.py:57}}
Jun 17 01:48:57 ubuntu devstack@g-api.service[130843]: DEBUG glance.api.middleware.version_negotiation [None req-50b9b792-6584-4be2-94e2-1ebbd5dce7f8 admin admin] Unknown version. Returning version choices. {{(pid=130843) process_request /opt/stack/glance/glance/api/middleware/version_negotiation.py:64}}
Jun 17 01:48:57 ubuntu devstack@g-api.service[130843]: [pid: 130843|app: 0|req: 2/5] 127.0.0.1 () {34 vars in 506 bytes} [Fri Jun 17 01:48:57 2022] GET / => generated 1323 bytes in 6 msecs (HTTP/1.1 300) 3 headers in 106 bytes (1 switches on core 0)
Jun 17 01:48:57 ubuntu devstack@g-api.service[130842]: DEBUG glance.api.middleware.version_negotiation [None req-eece9a82-b637-4861-95ec-9e85c660f004 admin admin] Determining version of request: GET /v2/images Accept: application/json {{(pid=130842) process_request /opt/stack/glance/glance/api/middleware/version_negotiation.py:44}}
Jun 17 01:48:57 ubuntu devstack@g-api.service[130842]: DEBUG glance.api.middleware.version_negotiation [None req-eece9a82-b637-4861-95ec-9e85c660f004 admin admin] Using url versioning {{(pid=130842) process_request /opt/stack/glance/glance/api/middleware/version_negotiation.py:57}}
Jun 17 01:48:57 ubuntu devstack@g-api.service[130842]: DEBUG glance.api.middleware.version_negotiation [None req-eece9a82-b637-4861-95ec-9e85c660f004 admin admin] Matched version: v2 {{(pid=130842) process_request /opt/stack/glance/glance/api/middleware/version_negotiation.py:69}}
Jun 17 01:48:57 ubuntu devstack@g-api.service[130842]: DEBUG glance.api.middleware.version_negotiation [None req-eece9a82-b637-4861-95ec-9e85c660f004 admin admin] new path /v2/images {{(pid=130842) process_request /opt/stack/glance/glance/api/middleware/version_negotiation.py:70}}
Jun 17 01:48:57 ubuntu devstack@g-api.service[130842]: [pid: 130842|app: 0|req: 4/6] 127.0.0.1 () {36 vars in 728 bytes} [Fri Jun 17 01:48:57 2022] GET /v2/images => generated 1045 bytes in 107 msecs (HTTP/1.1 200) 4 headers in 158 bytes (1 switches on core 0)
Jun 17 01:49:03 ubuntu devstack@g-api.service[130843]: DEBUG glance.api.middleware.version_negotiation [None req-50b9b792-6584-4be2-94e2-1ebbd5dce7f8 admin admin] Determining version of request: GET / Accept: application/json {{(pid=130843) process_request /opt/stack/glance/glance/api/middleware/version_negotiation.py:44}}
Jun 17 01:49:03 ubuntu devstack@g-api.service[130843]: DEBUG glance.api.middleware.version_negotiation [None req-50b9b792-6584-4be2-94e2-1ebbd5dce7f8 admin admin] Using url versioning {{(pid=130843) process_request /opt/stack/glance/glance/api/middleware/version_negotiation.py:57}}
Jun 17 01:49:03 ubuntu devstack@g-api.service[130843]: DEBUG glance.api.middleware.version_negotiation [None req-50b9b792-6584-4be2-94e2-1ebbd5dce7f8 admin admin] Unknown version. Returning version choices. {{(pid=130843) process_request /opt/stack/glance/glance/api/middleware/version_negotiation.py:64}}
Jun 17 01:49:03 ubuntu devstack@g-api.service[130843]: [pid: 130843|app: 0|req: 3/7] 127.0.0.1 () {34 vars in 506 bytes} [Fri Jun 17 01:49:03 2022] GET / => generated 1323 bytes in 5 msecs (HTTP/1.1 300) 3 headers in 106 bytes (1 switches on core 0)
Jun 17 01:49:03 ubuntu devstack@g-api.service[130842]: DEBUG glance.api.middleware.version_negotiation [None req-78a73c00-9748-4119-b7ee-7b92fb985e56 admin admin] Determining version of request: GET /v2/images/f21392df-99e3-4a0c-a116-8f9269185dea Accept: */* {{(pid=130842) process_request /opt/stack/glance/glance/api/middleware/version_negotiation.py:44}}
Jun 17 01:49:03 ubuntu devstack@g-api.service[130842]: DEBUG glance.api.middleware.version_negotiation [None req-78a73c00-9748-4119-b7ee-7b92fb985e56 admin admin] Using url versioning {{(pid=130842) process_request /opt/stack/glance/glance/api/middleware/version_negotiation.py:57}}
Jun 17 01:49:03 ubuntu devstack@g-api.service[130842]: DEBUG glance.api.middleware.version_negotiation [None req-78a73c00-9748-4119-b7ee-7b92fb985e56 admin admin] Matched version: v2 {{(pid=130842) process_request /opt/stack/glance/glance/api/middleware/version_negotiation.py:69}}
Jun 17 01:49:03 ubuntu devstack@g-api.service[130842]: DEBUG glance.api.middleware.version_negotiation [None req-78a73c00-9748-4119-b7ee-7b92fb985e56 admin admin] new path /v2/images/f21392df-99e3-4a0c-a116-8f9269185dea {{(pid=130842) process_request /opt/stack/glance/glance/api/middleware/version_negotiation.py:70}}
Jun 17 01:49:03 ubuntu devstack@g-api.service[130842]: [pid: 130842|app: 0|req: 5/8] 127.0.0.1 () {36 vars in 789 bytes} [Fri Jun 17 01:49:03 2022] GET /v2/images/f21392df-99e3-4a0c-a116-8f9269185dea => generated 976 bytes in 89 msecs (HTTP/1.1 200) 4 headers in 157 bytes (1 switches on core 0)
Jun 17 01:49:06 ubuntu devstack@g-api.service[130843]: DEBUG glance.api.middleware.version_negotiation [None req-50b9b792-6584-4be2-94e2-1ebbd5dce7f8 admin admin] Determining version of request: GET / Accept: application/json {{(pid=130843) process_request /opt/stack/glance/glance/api/middleware/version_negotiation.py:44}}
Jun 17 01:49:06 ubuntu devstack@g-api.service[130843]: DEBUG glance.api.middleware.version_negotiation [None req-50b9b792-6584-4be2-94e2-1ebbd5dce7f8 admin admin] Using url versioning {{(pid=130843) process_request /opt/stack/glance/glance/api/middleware/version_negotiation.py:57}}
Jun 17 01:49:06 ubuntu devstack@g-api.service[130843]: DEBUG glance.api.middleware.version_negotiation [None req-50b9b792-6584-4be2-94e2-1ebbd5dce7f8 admin admin] Unknown version. Returning version choices. {{(pid=130843) process_request /opt/stack/glance/glance/api/middleware/version_negotiation.py:64}}
Jun 17 01:49:06 ubuntu devstack@g-api.service[130843]: [pid: 130843|app: 0|req: 4/9] 127.0.0.1 () {34 vars in 506 bytes} [Fri Jun 17 01:49:06 2022] GET / => generated 1323 bytes in 6 msecs (HTTP/1.1 300) 3 headers in 106 bytes (1 switches on core 0)
Jun 17 01:49:06 ubuntu devstack@g-api.service[130842]: DEBUG glance.api.middleware.version_negotiation [None req-820494ea-a15c-4b81-93a8-f3185dc7681d admin admin] Determining version of request: GET /v2/images/f21392df-99e3-4a0c-a116-8f9269185dea Accept: */* {{(pid=130842) process_request /opt/stack/glance/glance/api/middleware/version_negotiation.py:44}}
Jun 17 01:49:06 ubuntu devstack@g-api.service[130842]: DEBUG glance.api.middleware.version_negotiation [None req-820494ea-a15c-4b81-93a8-f3185dc7681d admin admin] Using url versioning {{(pid=130842) process_request /opt/stack/glance/glance/api/middleware/version_negotiation.py:57}}
Jun 17 01:49:06 ubuntu devstack@g-api.service[130842]: DEBUG glance.api.middleware.version_negotiation [None req-820494ea-a15c-4b81-93a8-f3185dc7681d admin admin] Matched version: v2 {{(pid=130842) process_request /opt/stack/glance/glance/api/middleware/version_negotiation.py:69}}
Jun 17 01:49:06 ubuntu devstack@g-api.service[130842]: DEBUG glance.api.middleware.version_negotiation [None req-820494ea-a15c-4b81-93a8-f3185dc7681d admin admin] new path /v2/images/f21392df-99e3-4a0c-a116-8f9269185dea {{(pid=130842) process_request /opt/stack/glance/glance/api/middleware/version_negotiation.py:70}}
Jun 17 01:49:06 ubuntu devstack@g-api.service[130842]: [pid: 130842|app: 0|req: 6/10] 127.0.0.1 () {36 vars in 789 bytes} [Fri Jun 17 01:49:06 2022] GET /v2/images/f21392df-99e3-4a0c-a116-8f9269185dea => generated 976 bytes in 57 msecs (HTTP/1.1 200) 4 headers in 157 bytes (1 switches on core 0)
Jun 17 01:49:16 ubuntu devstack@g-api.service[130842]: DEBUG dbcounter [-] [130842] Writing DB stats glance:SELECT=10 {{(pid=130842) stat_writer /usr/local/lib/python3.8/dist-packages/dbcounter.py:114}}
Jun 17 01:51:16 ubuntu devstack@g-api.service[130843]: DEBUG glance.api.middleware.version_negotiation [None req-50b9b792-6584-4be2-94e2-1ebbd5dce7f8 admin admin] Determining version of request: GET /v1 Accept: application/json {{(pid=130843) process_request /opt/stack/glance/glance/api/middleware/version_negotiation.py:44}}
Jun 17 01:51:16 ubuntu devstack@g-api.service[130843]: DEBUG glance.api.middleware.version_negotiation [None req-50b9b792-6584-4be2-94e2-1ebbd5dce7f8 admin admin] Using url versioning {{(pid=130843) process_request /opt/stack/glance/glance/api/middleware/version_negotiation.py:57}}
Jun 17 01:51:16 ubuntu devstack@g-api.service[130843]: DEBUG glance.api.middleware.version_negotiation [None req-50b9b792-6584-4be2-94e2-1ebbd5dce7f8 admin admin] Unknown version. Returning version choices. {{(pid=130843) process_request /opt/stack/glance/glance/api/middleware/version_negotiation.py:64}}
Jun 17 01:51:16 ubuntu devstack@g-api.service[130843]: [pid: 130843|app: 0|req: 5/11] 127.0.0.1 () {38 vars in 685 bytes} [Fri Jun 17 01:51:16 2022] GET /v1 => generated 1323 bytes in 6 msecs (HTTP/1.1 300) 3 headers in 106 bytes (1 switches on core 0)
Jun 17 01:52:59 ubuntu devstack@g-api.service[130842]: DEBUG oslo_concurrency.lockutils [-] Acquired lock "glance-cache" {{(pid=130842) lock /usr/local/lib/python3.8/dist-packages/oslo_concurrency/lockutils.py:294}}
Jun 17 01:52:59 ubuntu devstack@g-api.service[130842]: DEBUG oslo_concurrency.lockutils [-] Acquired external semaphore "glance-cache" {{(pid=130842) lock /usr/local/lib/python3.8/dist-packages/oslo_concurrency/lockutils.py:302}}
Jun 17 01:52:59 ubuntu devstack@g-api.service[130842]: DEBUG glance.image_cache.prefetcher [-] Nothing to prefetch. {{(pid=130842) run /opt/stack/glance/glance/image_cache/prefetcher.py:79}}
Jun 17 01:52:59 ubuntu devstack@g-api.service[130842]: DEBUG oslo_concurrency.lockutils [-] Releasing lock "glance-cache" {{(pid=130842) lock /usr/local/lib/python3.8/dist-packages/oslo_concurrency/lockutils.py:312}}
Jun 17 01:52:59 ubuntu devstack@g-api.service[130843]: DEBUG oslo_concurrency.lockutils [-] Acquired lock "glance-cache" {{(pid=130843) lock /usr/local/lib/python3.8/dist-packages/oslo_concurrency/lockutils.py:294}}
Jun 17 01:52:59 ubuntu devstack@g-api.service[130843]: DEBUG oslo_concurrency.lockutils [-] Acquired external semaphore "glance-cache" {{(pid=130843) lock /usr/local/lib/python3.8/dist-packages/oslo_concurrency/lockutils.py:302}}
Jun 17 01:52:59 ubuntu devstack@g-api.service[130843]: DEBUG glance.image_cache.prefetcher [-] Nothing to prefetch. {{(pid=130843) run /opt/stack/glance/glance/image_cache/prefetcher.py:79}}
Jun 17 01:52:59 ubuntu devstack@g-api.service[130843]: DEBUG oslo_concurrency.lockutils [-] Releasing lock "glance-cache" {{(pid=130843) lock /usr/local/lib/python3.8/dist-packages/oslo_concurrency/lockutils.py:312}}
Jun 17 01:53:50 ubuntu devstack@g-api.service[130842]: DEBUG glance.api.middleware.version_negotiation [None req-8c8c4269-b792-465b-8ded-70597400f32e admin admin] Determining version of request: GET /versions Accept: */* {{(pid=130842) process_request /opt/stack/glance/glance/api/middleware/version_negotiation.py:44}}
Jun 17 01:53:50 ubuntu devstack@g-api.service[130842]: [pid: 130842|app: 0|req: 7/12] 127.0.0.1 () {38 vars in 695 bytes} [Fri Jun 17 01:53:50 2022] GET /versions => generated 1323 bytes in 2 msecs (HTTP/1.1 200) 3 headers in 92 bytes (1 switches on core 0)
Jun 17 01:53:50 ubuntu devstack@g-api.service[130843]: DEBUG glance.api.middleware.version_negotiation [None req-50b9b792-6584-4be2-94e2-1ebbd5dce7f8 admin admin] Determining version of request: GET /v2/schemas/image Accept: */* {{(pid=130843) process_request /opt/stack/glance/glance/api/middleware/version_negotiation.py:44}}
Jun 17 01:53:50 ubuntu devstack@g-api.service[130843]: DEBUG glance.api.middleware.version_negotiation [None req-50b9b792-6584-4be2-94e2-1ebbd5dce7f8 admin admin] Using url versioning {{(pid=130843) process_request /opt/stack/glance/glance/api/middleware/version_negotiation.py:57}}
Jun 17 01:53:50 ubuntu devstack@g-api.service[130843]: DEBUG glance.api.middleware.version_negotiation [None req-50b9b792-6584-4be2-94e2-1ebbd5dce7f8 admin admin] Matched version: v2 {{(pid=130843) process_request /opt/stack/glance/glance/api/middleware/version_negotiation.py:69}}
Jun 17 01:53:50 ubuntu devstack@g-api.service[130843]: DEBUG glance.api.middleware.version_negotiation [None req-50b9b792-6584-4be2-94e2-1ebbd5dce7f8 admin admin] new path /v2/schemas/image {{(pid=130843) process_request /opt/stack/glance/glance/api/middleware/version_negotiation.py:70}}
Jun 17 01:53:50 ubuntu devstack@g-api.service[130843]: [pid: 130843|app: 0|req: 6/13] 127.0.0.1 () {38 vars in 711 bytes} [Fri Jun 17 01:53:50 2022] GET /v2/schemas/image => generated 6083 bytes in 92 msecs (HTTP/1.1 200) 4 headers in 158 bytes (1 switches on core 0)
Jun 17 01:53:50 ubuntu devstack@g-api.service[130842]: DEBUG glance.api.middleware.version_negotiation [None req-8c8c4269-b792-465b-8ded-70597400f32e admin admin] Determining version of request: GET /v2/schemas/metadefs/namespace Accept: */* {{(pid=130842) process_request /opt/stack/glance/glance/api/middleware/version_negotiation.py:44}}
Jun 17 01:53:50 ubuntu devstack@g-api.service[130842]: DEBUG glance.api.middleware.version_negotiation [None req-8c8c4269-b792-465b-8ded-70597400f32e admin admin] Using url versioning {{(pid=130842) process_request /opt/stack/glance/glance/api/middleware/version_negotiation.py:57}}
Jun 17 01:53:50 ubuntu devstack@g-api.service[130842]: DEBUG glance.api.middleware.version_negotiation [None req-8c8c4269-b792-465b-8ded-70597400f32e admin admin] Matched version: v2 {{(pid=130842) process_request /opt/stack/glance/glance/api/middleware/version_negotiation.py:69}}
Jun 17 01:53:50 ubuntu devstack@g-api.service[130842]: DEBUG glance.api.middleware.version_negotiation [None req-8c8c4269-b792-465b-8ded-70597400f32e admin admin] new path /v2/schemas/metadefs/namespace {{(pid=130842) process_request /opt/stack/glance/glance/api/middleware/version_negotiation.py:70}}
Jun 17 01:53:50 ubuntu devstack@g-api.service[130842]: [pid: 130842|app: 0|req: 8/14] 127.0.0.1 () {38 vars in 737 bytes} [Fri Jun 17 01:53:50 2022] GET /v2/schemas/metadefs/namespace => generated 3100 bytes in 9 msecs (HTTP/1.1 200) 4 headers in 158 bytes (1 switches on core 0)
Jun 17 01:53:50 ubuntu devstack@g-api.service[130843]: DEBUG glance.api.middleware.version_negotiation [None req-55930233-9429-41f1-bf04-b2eabe84b2d2 admin admin] Determining version of request: GET /v2/schemas/metadefs/resource_type Accept: */* {{(pid=130843) process_request /opt/stack/glance/glance/api/middleware/version_negotiation.py:44}}
Jun 17 01:53:50 ubuntu devstack@g-api.service[130843]: DEBUG glance.api.middleware.version_negotiation [None req-55930233-9429-41f1-bf04-b2eabe84b2d2 admin admin] Using url versioning {{(pid=130843) process_request /opt/stack/glance/glance/api/middleware/version_negotiation.py:57}}
Jun 17 01:53:50 ubuntu devstack@g-api.service[130843]: DEBUG glance.api.middleware.version_negotiation [None req-55930233-9429-41f1-bf04-b2eabe84b2d2 admin admin] Matched version: v2 {{(pid=130843) process_request /opt/stack/glance/glance/api/middleware/version_negotiation.py:69}}
Jun 17 01:53:50 ubuntu devstack@g-api.service[130843]: DEBUG glance.api.middleware.version_negotiation [None req-55930233-9429-41f1-bf04-b2eabe84b2d2 admin admin] new path /v2/schemas/metadefs/resource_type {{(pid=130843) process_request /opt/stack/glance/glance/api/middleware/version_negotiation.py:70}}
Jun 17 01:53:50 ubuntu devstack@g-api.service[130843]: [pid: 130843|app: 0|req: 7/15] 127.0.0.1 () {38 vars in 745 bytes} [Fri Jun 17 01:53:50 2022] GET /v2/schemas/metadefs/resource_type => generated 1262 bytes in 9 msecs (HTTP/1.1 200) 4 headers in 158 bytes (1 switches on core 0)
Jun 17 01:53:50 ubuntu devstack@g-api.service[130842]: DEBUG glance.api.middleware.version_negotiation [None req-8dd07a9a-4b4e-4a14-a8ee-bc22f5c28577 admin admin] Determining version of request: GET /v2/images Accept: */* {{(pid=130842) process_request /opt/stack/glance/glance/api/middleware/version_negotiation.py:44}}
Jun 17 01:53:50 ubuntu devstack@g-api.service[130842]: DEBUG glance.api.middleware.version_negotiation [None req-8dd07a9a-4b4e-4a14-a8ee-bc22f5c28577 admin admin] Using url versioning {{(pid=130842) process_request /opt/stack/glance/glance/api/middleware/version_negotiation.py:57}}
Jun 17 01:53:50 ubuntu devstack@g-api.service[130842]: DEBUG glance.api.middleware.version_negotiation [None req-8dd07a9a-4b4e-4a14-a8ee-bc22f5c28577 admin admin] Matched version: v2 {{(pid=130842) process_request /opt/stack/glance/glance/api/middleware/version_negotiation.py:69}}
Jun 17 01:53:50 ubuntu devstack@g-api.service[130842]: DEBUG glance.api.middleware.version_negotiation [None req-8dd07a9a-4b4e-4a14-a8ee-bc22f5c28577 admin admin] new path /v2/images {{(pid=130842) process_request /opt/stack/glance/glance/api/middleware/version_negotiation.py:70}}
Jun 17 01:53:50 ubuntu devstack@g-api.service[130842]: [pid: 130842|app: 0|req: 9/16] 127.0.0.1 () {38 vars in 768 bytes} [Fri Jun 17 01:53:50 2022] GET /v2/images?limit=20&sort_key=name&sort_dir=asc => generated 1081 bytes in 73 msecs (HTTP/1.1 200) 4 headers in 158 bytes (1 switches on core 0)
Jun 17 01:53:50 ubuntu devstack@g-api.service[130843]: DEBUG glance.api.middleware.version_negotiation [None req-f72e64d9-b254-466d-8b15-e7fd7a4f38c1 admin admin] Determining version of request: GET /v2/schemas/image Accept: */* {{(pid=130843) process_request /opt/stack/glance/glance/api/middleware/version_negotiation.py:44}}
Jun 17 01:53:50 ubuntu devstack@g-api.service[130843]: DEBUG glance.api.middleware.version_negotiation [None req-f72e64d9-b254-466d-8b15-e7fd7a4f38c1 admin admin] Using url versioning {{(pid=130843) process_request /opt/stack/glance/glance/api/middleware/version_negotiation.py:57}}
Jun 17 01:53:50 ubuntu devstack@g-api.service[130843]: DEBUG glance.api.middleware.version_negotiation [None req-f72e64d9-b254-466d-8b15-e7fd7a4f38c1 admin admin] Matched version: v2 {{(pid=130843) process_request /opt/stack/glance/glance/api/middleware/version_negotiation.py:69}}
Jun 17 01:53:50 ubuntu devstack@g-api.service[130843]: DEBUG glance.api.middleware.version_negotiation [None req-f72e64d9-b254-466d-8b15-e7fd7a4f38c1 admin admin] new path /v2/schemas/image {{(pid=130843) process_request /opt/stack/glance/glance/api/middleware/version_negotiation.py:70}}
Jun 17 01:53:50 ubuntu devstack@g-api.service[130843]: [pid: 130843|app: 0|req: 8/17] 127.0.0.1 () {38 vars in 711 bytes} [Fri Jun 17 01:53:50 2022] GET /v2/schemas/image => generated 6083 bytes in 8 msecs (HTTP/1.1 200) 4 headers in 158 bytes (1 switches on core 0)
Jun 17 01:54:00 ubuntu devstack@g-api.service[130842]: DEBUG dbcounter [-] [130842] Writing DB stats glance:SELECT=2 {{(pid=130842) stat_writer /usr/local/lib/python3.8/dist-packages/dbcounter.py:114}}
Jun 17 01:54:03 ubuntu devstack@g-api.service[130842]: DEBUG glance.api.middleware.version_negotiation [None req-27d23130-335a-4b21-a1dc-c3e51ef3b5fa admin admin] Determining version of request: GET / Accept: application/json {{(pid=130842) process_request /opt/stack/glance/glance/api/middleware/version_negotiation.py:44}}
Jun 17 01:54:03 ubuntu devstack@g-api.service[130842]: DEBUG glance.api.middleware.version_negotiation [None req-27d23130-335a-4b21-a1dc-c3e51ef3b5fa admin admin] Using url versioning {{(pid=130842) process_request /opt/stack/glance/glance/api/middleware/version_negotiation.py:57}}
Jun 17 01:54:03 ubuntu devstack@g-api.service[130842]: DEBUG glance.api.middleware.version_negotiation [None req-27d23130-335a-4b21-a1dc-c3e51ef3b5fa admin admin] Unknown version. Returning version choices. {{(pid=130842) process_request /opt/stack/glance/glance/api/middleware/version_negotiation.py:64}}
Jun 17 01:54:03 ubuntu devstack@g-api.service[130842]: [pid: 130842|app: 0|req: 10/18] 127.0.0.1 () {34 vars in 492 bytes} [Fri Jun 17 01:54:03 2022] GET / => generated 1323 bytes in 3 msecs (HTTP/1.1 300) 3 headers in 106 bytes (1 switches on core 0)
Jun 17 01:54:03 ubuntu devstack@g-api.service[130843]: DEBUG glance.api.middleware.version_negotiation [None req-4e93dde8-2585-4fa9-88da-b0e9d02f707d admin admin] Determining version of request: GET /v2/images/f21392df-99e3-4a0c-a116-8f9269185dea Accept: */* {{(pid=130843) process_request /opt/stack/glance/glance/api/middleware/version_negotiation.py:44}}
Jun 17 01:54:03 ubuntu devstack@g-api.service[130843]: DEBUG glance.api.middleware.version_negotiation [None req-4e93dde8-2585-4fa9-88da-b0e9d02f707d admin admin] Using url versioning {{(pid=130843) process_request /opt/stack/glance/glance/api/middleware/version_negotiation.py:57}}
Jun 17 01:54:03 ubuntu devstack@g-api.service[130843]: DEBUG glance.api.middleware.version_negotiation [None req-4e93dde8-2585-4fa9-88da-b0e9d02f707d admin admin] Matched version: v2 {{(pid=130843) process_request /opt/stack/glance/glance/api/middleware/version_negotiation.py:69}}
Jun 17 01:54:03 ubuntu devstack@g-api.service[130843]: DEBUG glance.api.middleware.version_negotiation [None req-4e93dde8-2585-4fa9-88da-b0e9d02f707d admin admin] new path /v2/images/f21392df-99e3-4a0c-a116-8f9269185dea {{(pid=130843) process_request /opt/stack/glance/glance/api/middleware/version_negotiation.py:70}}
Jun 17 01:54:03 ubuntu devstack@g-api.service[130843]: WARNING keystonemiddleware.auth_token [None req-4e93dde8-2585-4fa9-88da-b0e9d02f707d admin admin] A valid token was submitted as a service token, but it was not a valid service token. This is incorrect but backwards compatible behaviour. This will be removed in future releases.
Jun 17 01:54:03 ubuntu devstack@g-api.service[130843]: [pid: 130843|app: 0|req: 9/19] 127.0.0.1 () {42 vars in 1049 bytes} [Fri Jun 17 01:54:03 2022] GET /v2/images/f21392df-99e3-4a0c-a116-8f9269185dea => generated 976 bytes in 109 msecs (HTTP/1.1 200) 4 headers in 157 bytes (1 switches on core 0)
Jun 17 01:54:03 ubuntu devstack@g-api.service[130842]: DEBUG glance.api.middleware.version_negotiation [None req-27d23130-335a-4b21-a1dc-c3e51ef3b5fa admin admin] Determining version of request: GET /v2/schemas/image Accept: */* {{(pid=130842) process_request /opt/stack/glance/glance/api/middleware/version_negotiation.py:44}}
Jun 17 01:54:03 ubuntu devstack@g-api.service[130842]: DEBUG glance.api.middleware.version_negotiation [None req-27d23130-335a-4b21-a1dc-c3e51ef3b5fa admin admin] Using url versioning {{(pid=130842) process_request /opt/stack/glance/glance/api/middleware/version_negotiation.py:57}}
Jun 17 01:54:03 ubuntu devstack@g-api.service[130842]: DEBUG glance.api.middleware.version_negotiation [None req-27d23130-335a-4b21-a1dc-c3e51ef3b5fa admin admin] Matched version: v2 {{(pid=130842) process_request /opt/stack/glance/glance/api/middleware/version_negotiation.py:69}}
Jun 17 01:54:03 ubuntu devstack@g-api.service[130842]: DEBUG glance.api.middleware.version_negotiation [None req-27d23130-335a-4b21-a1dc-c3e51ef3b5fa admin admin] new path /v2/schemas/image {{(pid=130842) process_request /opt/stack/glance/glance/api/middleware/version_negotiation.py:70}}
Jun 17 01:54:03 ubuntu devstack@g-api.service[130842]: WARNING keystonemiddleware.auth_token [None req-27d23130-335a-4b21-a1dc-c3e51ef3b5fa admin admin] A valid token was submitted as a service token, but it was not a valid service token. This is incorrect but backwards compatible behaviour. This will be removed in future releases.
Jun 17 01:54:03 ubuntu devstack@g-api.service[130842]: [pid: 130842|app: 0|req: 11/20] 127.0.0.1 () {42 vars in 989 bytes} [Fri Jun 17 01:54:03 2022] GET /v2/schemas/image => generated 6083 bytes in 10 msecs (HTTP/1.1 200) 4 headers in 158 bytes (1 switches on core 0)
Jun 17 01:54:06 ubuntu devstack@g-api.service[130843]: DEBUG glance.api.middleware.version_negotiation [None req-68d35a35-c128-4074-90d5-007bbe612adf tempest-VolumesAdminNegativeTest-268073600 tempest-VolumesAdminNegativeTest-268073600-project] Determining version of request: GET /v2/images/f21392df-99e3-4a0c-a116-8f9269185dea Accept: */* {{(pid=130843) process_request /opt/stack/glance/glance/api/middleware/version_negotiation.py:44}}
Jun 17 01:54:06 ubuntu devstack@g-api.service[130843]: DEBUG glance.api.middleware.version_negotiation [None req-68d35a35-c128-4074-90d5-007bbe612adf tempest-VolumesAdminNegativeTest-268073600 tempest-VolumesAdminNegativeTest-268073600-project] Using url versioning {{(pid=130843) process_request /opt/stack/glance/glance/api/middleware/version_negotiation.py:57}}
Jun 17 01:54:06 ubuntu devstack@g-api.service[130843]: DEBUG glance.api.middleware.version_negotiation [None req-68d35a35-c128-4074-90d5-007bbe612adf tempest-VolumesAdminNegativeTest-268073600 tempest-VolumesAdminNegativeTest-268073600-project] Matched version: v2 {{(pid=130843) process_request /opt/stack/glance/glance/api/middleware/version_negotiation.py:69}}
Jun 17 01:54:06 ubuntu devstack@g-api.service[130843]: DEBUG glance.api.middleware.version_negotiation [None req-68d35a35-c128-4074-90d5-007bbe612adf tempest-VolumesAdminNegativeTest-268073600 tempest-VolumesAdminNegativeTest-268073600-project] new path /v2/images/f21392df-99e3-4a0c-a116-8f9269185dea {{(pid=130843) process_request /opt/stack/glance/glance/api/middleware/version_negotiation.py:70}}
Jun 17 01:54:06 ubuntu devstack@g-api.service[130843]: [pid: 130843|app: 0|req: 10/21] 127.0.0.1 () {42 vars in 1049 bytes} [Fri Jun 17 01:54:06 2022] GET /v2/images/f21392df-99e3-4a0c-a116-8f9269185dea => generated 976 bytes in 15 msecs (HTTP/1.1 200) 4 headers in 157 bytes (1 switches on core 0)
Jun 17 01:54:06 ubuntu devstack@g-api.service[130842]: DEBUG glance.api.middleware.version_negotiation [None req-68d35a35-c128-4074-90d5-007bbe612adf tempest-VolumesAdminNegativeTest-268073600 tempest-VolumesAdminNegativeTest-268073600-project] Determining version of request: GET /v2/images/f21392df-99e3-4a0c-a116-8f9269185dea/file Accept: */* {{(pid=130842) process_request /opt/stack/glance/glance/api/middleware/version_negotiation.py:44}}
Jun 17 01:54:06 ubuntu devstack@g-api.service[130842]: DEBUG glance.api.middleware.version_negotiation [None req-68d35a35-c128-4074-90d5-007bbe612adf tempest-VolumesAdminNegativeTest-268073600 tempest-VolumesAdminNegativeTest-268073600-project] Using url versioning {{(pid=130842) process_request /opt/stack/glance/glance/api/middleware/version_negotiation.py:57}}
Jun 17 01:54:06 ubuntu devstack@g-api.service[130842]: DEBUG glance.api.middleware.version_negotiation [None req-68d35a35-c128-4074-90d5-007bbe612adf tempest-VolumesAdminNegativeTest-268073600 tempest-VolumesAdminNegativeTest-268073600-project] Matched version: v2 {{(pid=130842) process_request /opt/stack/glance/glance/api/middleware/version_negotiation.py:69}}
Jun 17 01:54:06 ubuntu devstack@g-api.service[130842]: DEBUG glance.api.middleware.version_negotiation [None req-68d35a35-c128-4074-90d5-007bbe612adf tempest-VolumesAdminNegativeTest-268073600 tempest-VolumesAdminNegativeTest-268073600-project] new path /v2/images/f21392df-99e3-4a0c-a116-8f9269185dea/file {{(pid=130842) process_request /opt/stack/glance/glance/api/middleware/version_negotiation.py:70}}
Jun 17 01:54:06 ubuntu devstack@g-api.service[130842]: DEBUG glance_store.backend [None req-68d35a35-c128-4074-90d5-007bbe612adf tempest-VolumesAdminNegativeTest-268073600 tempest-VolumesAdminNegativeTest-268073600-project] Attempting to import store swift {{(pid=130842) _load_store /usr/local/lib/python3.8/dist-packages/glance_store/backend.py:217}}
Jun 17 01:54:06 ubuntu devstack@g-api.service[130842]: DEBUG glance_store.capabilities [None req-68d35a35-c128-4074-90d5-007bbe612adf tempest-VolumesAdminNegativeTest-268073600 tempest-VolumesAdminNegativeTest-268073600-project] Store glance_store._drivers.swift.store.SingleTenantStore doesn't support updating dynamic storage capabilities. Please overwrite 'update_capabilities' method of the store to implement updating logics if needed. {{(pid=130842) update_capabilities /usr/local/lib/python3.8/dist-packages/glance_store/capabilities.py:91}}
Jun 17 01:54:06 ubuntu devstack@g-api.service[130842]: DEBUG glance_store.driver [None req-68d35a35-c128-4074-90d5-007bbe612adf tempest-VolumesAdminNegativeTest-268073600 tempest-VolumesAdminNegativeTest-268073600-project] Late loading location class glance_store._drivers.swift.store.StoreLocation {{(pid=130842) get_store_location_class /usr/local/lib/python3.8/dist-packages/glance_store/driver.py:117}}
Jun 17 01:54:06 ubuntu devstack@g-api.service[130842]: DEBUG glance_store.location [None req-68d35a35-c128-4074-90d5-007bbe612adf tempest-VolumesAdminNegativeTest-268073600 tempest-VolumesAdminNegativeTest-268073600-project] Registering scheme swift+https with {'store': <glance_store._drivers.swift.store.SingleTenantStore object at 0x7fe2d46ae340>, 'location_class': <class 'glance_store._drivers.swift.store.StoreLocation'>, 'store_entry': 'swift'} {{(pid=130842) register_scheme_map /usr/local/lib/python3.8/dist-packages/glance_store/location.py:146}}
Jun 17 01:54:06 ubuntu devstack@g-api.service[130842]: DEBUG glance_store.location [None req-68d35a35-c128-4074-90d5-007bbe612adf tempest-VolumesAdminNegativeTest-268073600 tempest-VolumesAdminNegativeTest-268073600-project] Registering scheme swift+https with {'store': <glance_store._drivers.swift.store.SingleTenantStore object at 0x7fe2d46ae340>, 'location_class': <class 'glance_store._drivers.swift.store.StoreLocation'>, 'store_entry': 'swift'} {{(pid=130842) register_scheme_map /usr/local/lib/python3.8/dist-packages/glance_store/location.py:146}}
Jun 17 01:54:06 ubuntu devstack@g-api.service[130842]: DEBUG glance_store.location [None req-68d35a35-c128-4074-90d5-007bbe612adf tempest-VolumesAdminNegativeTest-268073600 tempest-VolumesAdminNegativeTest-268073600-project] Registering scheme swift with {'store': <glance_store._drivers.swift.store.SingleTenantStore object at 0x7fe2d46ae340>, 'location_class': <class 'glance_store._drivers.swift.store.StoreLocation'>, 'store_entry': 'swift'} {{(pid=130842) register_scheme_map /usr/local/lib/python3.8/dist-packages/glance_store/location.py:146}}
Jun 17 01:54:06 ubuntu devstack@g-api.service[130842]: DEBUG glance_store.location [None req-68d35a35-c128-4074-90d5-007bbe612adf tempest-VolumesAdminNegativeTest-268073600 tempest-VolumesAdminNegativeTest-268073600-project] Registering scheme swift+https with {'store': <glance_store._drivers.swift.store.SingleTenantStore object at 0x7fe2d46ae340>, 'location_class': <class 'glance_store._drivers.swift.store.StoreLocation'>, 'store_entry': 'swift'} {{(pid=130842) register_scheme_map /usr/local/lib/python3.8/dist-packages/glance_store/location.py:146}}
Jun 17 01:54:06 ubuntu devstack@g-api.service[130842]: DEBUG glance_store.location [None req-68d35a35-c128-4074-90d5-007bbe612adf tempest-VolumesAdminNegativeTest-268073600 tempest-VolumesAdminNegativeTest-268073600-project] Registering scheme swift with {'store': <glance_store._drivers.swift.store.SingleTenantStore object at 0x7fe2d46ae340>, 'location_class': <class 'glance_store._drivers.swift.store.StoreLocation'>, 'store_entry': 'swift'} {{(pid=130842) register_scheme_map /usr/local/lib/python3.8/dist-packages/glance_store/location.py:146}}
Jun 17 01:54:06 ubuntu devstack@g-api.service[130842]: DEBUG glance_store.location [None req-68d35a35-c128-4074-90d5-007bbe612adf tempest-VolumesAdminNegativeTest-268073600 tempest-VolumesAdminNegativeTest-268073600-project] Registering scheme swift+http with {'store': <glance_store._drivers.swift.store.SingleTenantStore object at 0x7fe2d46ae340>, 'location_class': <class 'glance_store._drivers.swift.store.StoreLocation'>, 'store_entry': 'swift'} {{(pid=130842) register_scheme_map /usr/local/lib/python3.8/dist-packages/glance_store/location.py:146}}
Jun 17 01:54:06 ubuntu devstack@g-api.service[130842]: DEBUG glance_store.location [None req-68d35a35-c128-4074-90d5-007bbe612adf tempest-VolumesAdminNegativeTest-268073600 tempest-VolumesAdminNegativeTest-268073600-project] Registering scheme swift+https with {'store': <glance_store._drivers.swift.store.SingleTenantStore object at 0x7fe2d46ae340>, 'location_class': <class 'glance_store._drivers.swift.store.StoreLocation'>, 'store_entry': 'swift'} {{(pid=130842) register_scheme_map /usr/local/lib/python3.8/dist-packages/glance_store/location.py:146}}
Jun 17 01:54:06 ubuntu devstack@g-api.service[130842]: DEBUG glance_store.location [None req-68d35a35-c128-4074-90d5-007bbe612adf tempest-VolumesAdminNegativeTest-268073600 tempest-VolumesAdminNegativeTest-268073600-project] Registering scheme swift with {'store': <glance_store._drivers.swift.store.SingleTenantStore object at 0x7fe2d46ae340>, 'location_class': <class 'glance_store._drivers.swift.store.StoreLocation'>, 'store_entry': 'swift'} {{(pid=130842) register_scheme_map /usr/local/lib/python3.8/dist-packages/glance_store/location.py:146}}
Jun 17 01:54:06 ubuntu devstack@g-api.service[130842]: DEBUG glance_store.location [None req-68d35a35-c128-4074-90d5-007bbe612adf tempest-VolumesAdminNegativeTest-268073600 tempest-VolumesAdminNegativeTest-268073600-project] Registering scheme swift+http with {'store': <glance_store._drivers.swift.store.SingleTenantStore object at 0x7fe2d46ae340>, 'location_class': <class 'glance_store._drivers.swift.store.StoreLocation'>, 'store_entry': 'swift'} {{(pid=130842) register_scheme_map /usr/local/lib/python3.8/dist-packages/glance_store/location.py:146}}
Jun 17 01:54:06 ubuntu devstack@g-api.service[130842]: DEBUG glance_store.location [None req-68d35a35-c128-4074-90d5-007bbe612adf tempest-VolumesAdminNegativeTest-268073600 tempest-VolumesAdminNegativeTest-268073600-project] Registering scheme swift+config with {'store': <glance_store._drivers.swift.store.SingleTenantStore object at 0x7fe2d46ae340>, 'location_class': <class 'glance_store._drivers.swift.store.StoreLocation'>, 'store_entry': 'swift'} {{(pid=130842) register_scheme_map /usr/local/lib/python3.8/dist-packages/glance_store/location.py:146}}
Jun 17 01:54:06 ubuntu devstack@g-api.service[130842]: DEBUG swiftclient [None req-68d35a35-c128-4074-90d5-007bbe612adf tempest-VolumesAdminNegativeTest-268073600 tempest-VolumesAdminNegativeTest-268073600-project] REQ: curl -i http://192.168.79.40:8080/v1/AUTH_b4a0c82dda1d465e813de46fc87a01ac/glance/f21392df-99e3-4a0c-a116-8f9269185dea -X GET -H "X-Auth-Token: gAAAAABiq96-nGXo..." {{(pid=130842) http_log /usr/local/lib/python3.8/dist-packages/swiftclient/client.py:157}}
Jun 17 01:54:06 ubuntu devstack@g-api.service[130842]: DEBUG swiftclient [None req-68d35a35-c128-4074-90d5-007bbe612adf tempest-VolumesAdminNegativeTest-268073600 tempest-VolumesAdminNegativeTest-268073600-project] RESP STATUS: 200 OK {{(pid=130842) http_log /usr/local/lib/python3.8/dist-packages/swiftclient/client.py:158}}
Jun 17 01:54:06 ubuntu devstack@g-api.service[130842]: DEBUG swiftclient [None req-68d35a35-c128-4074-90d5-007bbe612adf tempest-VolumesAdminNegativeTest-268073600 tempest-VolumesAdminNegativeTest-268073600-project] RESP HEADERS: {'Content-Type': 'application/octet-stream', 'Etag': '1d3062cd89af34e419f7100277f38b2b', 'Last-Modified': 'Fri, 17 Jun 2022 01:48:16 GMT', 'X-Timestamp': '1655430495.62852', 'Accept-Ranges': 'bytes', 'Content-Length': '16338944', 'X-Trans-Id': 'tx652119d55e624274881d3-0062abdebe', 'X-Openstack-Request-Id': 'tx652119d55e624274881d3-0062abdebe', 'Date': 'Fri, 17 Jun 2022 01:54:06 GMT'} {{(pid=130842) http_log /usr/local/lib/python3.8/dist-packages/swiftclient/client.py:159}}
Jun 17 01:54:06 ubuntu devstack@g-api.service[130842]: DEBUG glance.image_cache [None req-68d35a35-c128-4074-90d5-007bbe612adf tempest-VolumesAdminNegativeTest-268073600 tempest-VolumesAdminNegativeTest-268073600-project] Tee'ing image 'f21392df-99e3-4a0c-a116-8f9269185dea' into cache {{(pid=130842) get_caching_iter /opt/stack/glance/glance/image_cache/__init__.py:343}}
Jun 17 01:54:06 ubuntu devstack@g-api.service[130842]: DEBUG glance.image_cache.drivers.sqlite [None req-68d35a35-c128-4074-90d5-007bbe612adf tempest-VolumesAdminNegativeTest-268073600 tempest-VolumesAdminNegativeTest-268073600-project] Fetch finished, moving '/opt/stack/data/glance/cache/incomplete/f21392df-99e3-4a0c-a116-8f9269185dea' to '/opt/stack/data/glance/cache/f21392df-99e3-4a0c-a116-8f9269185dea' {{(pid=130842) commit /opt/stack/glance/glance/image_cache/drivers/sqlite.py:324}}
Jun 17 01:54:06 ubuntu devstack@g-api.service[130842]: [pid: 130842|app: 0|req: 12/22] 127.0.0.1 () {42 vars in 1059 bytes} [Fri Jun 17 01:54:06 2022] GET /v2/images/f21392df-99e3-4a0c-a116-8f9269185dea/file => generated 16338944 bytes in 463 msecs (HTTP/1.1 200) 4 headers in 191 bytes (250 switches on core 0)
Jun 17 01:54:16 ubuntu devstack@g-api.service[130843]: DEBUG dbcounter [-] [130843] Writing DB stats glance:SELECT=8 {{(pid=130843) stat_writer /usr/local/lib/python3.8/dist-packages/dbcounter.py:114}}
Jun 17 01:54:16 ubuntu devstack@g-api.service[130842]: DEBUG dbcounter [-] [130842] Writing DB stats glance:SELECT=8 {{(pid=130842) stat_writer /usr/local/lib/python3.8/dist-packages/dbcounter.py:114}}
Jun 17 01:54:31 ubuntu devstack@g-api.service[130843]: DEBUG glance.api.middleware.version_negotiation [None req-68d35a35-c128-4074-90d5-007bbe612adf tempest-VolumesAdminNegativeTest-268073600 tempest-VolumesAdminNegativeTest-268073600-project] Determining version of request: GET / Accept: application/json {{(pid=130843) process_request /opt/stack/glance/glance/api/middleware/version_negotiation.py:44}}
Jun 17 01:54:31 ubuntu devstack@g-api.service[130843]: DEBUG glance.api.middleware.version_negotiation [None req-68d35a35-c128-4074-90d5-007bbe612adf tempest-VolumesAdminNegativeTest-268073600 tempest-VolumesAdminNegativeTest-268073600-project] Using url versioning {{(pid=130843) process_request /opt/stack/glance/glance/api/middleware/version_negotiation.py:57}}
Jun 17 01:54:31 ubuntu devstack@g-api.service[130843]: DEBUG glance.api.middleware.version_negotiation [None req-68d35a35-c128-4074-90d5-007bbe612adf tempest-VolumesAdminNegativeTest-268073600 tempest-VolumesAdminNegativeTest-268073600-project] Unknown version. Returning version choices. {{(pid=130843) process_request /opt/stack/glance/glance/api/middleware/version_negotiation.py:64}}
Jun 17 01:54:31 ubuntu devstack@g-api.service[130843]: [pid: 130843|app: 0|req: 11/23] 127.0.0.1 () {34 vars in 492 bytes} [Fri Jun 17 01:54:31 2022] GET / => generated 1323 bytes in 6 msecs (HTTP/1.1 300) 3 headers in 106 bytes (1 switches on core 0)
Jun 17 01:54:31 ubuntu devstack@g-api.service[130842]: DEBUG glance.api.middleware.version_negotiation [None req-68d35a35-c128-4074-90d5-007bbe612adf tempest-VolumesAdminNegativeTest-268073600 tempest-VolumesAdminNegativeTest-268073600-project] Determining version of request: GET /v2/images/f21392df-99e3-4a0c-a116-8f9269185dea Accept: */* {{(pid=130842) process_request /opt/stack/glance/glance/api/middleware/version_negotiation.py:44}}
Jun 17 01:54:31 ubuntu devstack@g-api.service[130842]: DEBUG glance.api.middleware.version_negotiation [None req-68d35a35-c128-4074-90d5-007bbe612adf tempest-VolumesAdminNegativeTest-268073600 tempest-VolumesAdminNegativeTest-268073600-project] Using url versioning {{(pid=130842) process_request /opt/stack/glance/glance/api/middleware/version_negotiation.py:57}}
Jun 17 01:54:31 ubuntu devstack@g-api.service[130842]: DEBUG glance.api.middleware.version_negotiation [None req-68d35a35-c128-4074-90d5-007bbe612adf tempest-VolumesAdminNegativeTest-268073600 tempest-VolumesAdminNegativeTest-268073600-project] Matched version: v2 {{(pid=130842) process_request /opt/stack/glance/glance/api/middleware/version_negotiation.py:69}}
Jun 17 01:54:31 ubuntu devstack@g-api.service[130842]: DEBUG glance.api.middleware.version_negotiation [None req-68d35a35-c128-4074-90d5-007bbe612adf tempest-VolumesAdminNegativeTest-268073600 tempest-VolumesAdminNegativeTest-268073600-project] new path /v2/images/f21392df-99e3-4a0c-a116-8f9269185dea {{(pid=130842) process_request /opt/stack/glance/glance/api/middleware/version_negotiation.py:70}}
Jun 17 01:54:31 ubuntu devstack@g-api.service[130842]: [pid: 130842|app: 0|req: 13/24] 127.0.0.1 () {42 vars in 1049 bytes} [Fri Jun 17 01:54:31 2022] GET /v2/images/f21392df-99e3-4a0c-a116-8f9269185dea => generated 976 bytes in 24 msecs (HTTP/1.1 200) 4 headers in 157 bytes (1 switches on core 0)
Jun 17 01:54:31 ubuntu devstack@g-api.service[130843]: DEBUG glance.api.middleware.version_negotiation [None req-68d35a35-c128-4074-90d5-007bbe612adf tempest-VolumesAdminNegativeTest-268073600 tempest-VolumesAdminNegativeTest-268073600-project] Determining version of request: GET /v2/schemas/image Accept: */* {{(pid=130843) process_request /opt/stack/glance/glance/api/middleware/version_negotiation.py:44}}
Jun 17 01:54:31 ubuntu devstack@g-api.service[130843]: DEBUG glance.api.middleware.version_negotiation [None req-68d35a35-c128-4074-90d5-007bbe612adf tempest-VolumesAdminNegativeTest-268073600 tempest-VolumesAdminNegativeTest-268073600-project] Using url versioning {{(pid=130843) process_request /opt/stack/glance/glance/api/middleware/version_negotiation.py:57}}
Jun 17 01:54:31 ubuntu devstack@g-api.service[130843]: DEBUG glance.api.middleware.version_negotiation [None req-68d35a35-c128-4074-90d5-007bbe612adf tempest-VolumesAdminNegativeTest-268073600 tempest-VolumesAdminNegativeTest-268073600-project] Matched version: v2 {{(pid=130843) process_request /opt/stack/glance/glance/api/middleware/version_negotiation.py:69}}
Jun 17 01:54:31 ubuntu devstack@g-api.service[130843]: DEBUG glance.api.middleware.version_negotiation [None req-68d35a35-c128-4074-90d5-007bbe612adf tempest-VolumesAdminNegativeTest-268073600 tempest-VolumesAdminNegativeTest-268073600-project] new path /v2/schemas/image {{(pid=130843) process_request /opt/stack/glance/glance/api/middleware/version_negotiation.py:70}}
Jun 17 01:54:31 ubuntu devstack@g-api.service[130843]: [pid: 130843|app: 0|req: 12/25] 127.0.0.1 () {42 vars in 989 bytes} [Fri Jun 17 01:54:31 2022] GET /v2/schemas/image => generated 6083 bytes in 10 msecs (HTTP/1.1 200) 4 headers in 158 bytes (1 switches on core 0)
Jun 17 01:54:41 ubuntu devstack@g-api.service[130842]: DEBUG dbcounter [-] [130842] Writing DB stats glance:SELECT=4 {{(pid=130842) stat_writer /usr/local/lib/python3.8/dist-packages/dbcounter.py:114}}
Jun 17 01:54:59 ubuntu devstack@g-api.service[130842]: DEBUG glance.api.middleware.version_negotiation [None req-7db3ea13-4c9f-4772-b6ac-e1bc700efe28 tempest-DeleteServersTestJSON-453421087 tempest-DeleteServersTestJSON-453421087-project] Determining version of request: GET /v2/images/f21392df-99e3-4a0c-a116-8f9269185dea Accept: */* {{(pid=130842) process_request /opt/stack/glance/glance/api/middleware/version_negotiation.py:44}}
