Jun 04 18:29:53 ubuntu devstack@g-api.service[124469]: DEBUG glance_store.backend [None req-6d60e6c5-ccda-456d-9876-851121694d76 admin admin] Attempting to import store swift {{(pid=124469) _load_store /usr/local/lib/python3.8/dist-packages/glance_store/backend.py:217}}
Jun 04 18:29:53 ubuntu devstack@g-api.service[124469]: DEBUG glance_store.capabilities [None req-6d60e6c5-ccda-456d-9876-851121694d76 admin admin] Store glance_store._drivers.swift.store.SingleTenantStore doesn't support updating dynamic storage capabilities. Please overwrite 'update_capabilities' method of the store to implement updating logics if needed. {{(pid=124469) update_capabilities /usr/local/lib/python3.8/dist-packages/glance_store/capabilities.py:91}}
Jun 04 18:29:53 ubuntu devstack@g-api.service[124469]: DEBUG glance_store.driver [None req-6d60e6c5-ccda-456d-9876-851121694d76 admin admin] Late loading location class glance_store._drivers.swift.store.StoreLocation {{(pid=124469) get_store_location_class /usr/local/lib/python3.8/dist-packages/glance_store/driver.py:117}}
Jun 04 18:29:53 ubuntu devstack@g-api.service[124469]: DEBUG glance_store.location [None req-6d60e6c5-ccda-456d-9876-851121694d76 admin admin] Registering scheme swift+https with {'store': <glance_store._drivers.swift.store.SingleTenantStore object at 0x7f2c4f9f1df0>, 'location_class': <class 'glance_store._drivers.swift.store.StoreLocation'>, 'store_entry': 'swift'} {{(pid=124469) register_scheme_map /usr/local/lib/python3.8/dist-packages/glance_store/location.py:146}}
Jun 04 18:29:53 ubuntu devstack@g-api.service[124469]: DEBUG glance_store.location [None req-6d60e6c5-ccda-456d-9876-851121694d76 admin admin] Registering scheme swift+https with {'store': <glance_store._drivers.swift.store.SingleTenantStore object at 0x7f2c4f9f1df0>, 'location_class': <class 'glance_store._drivers.swift.store.StoreLocation'>, 'store_entry': 'swift'} {{(pid=124469) register_scheme_map /usr/local/lib/python3.8/dist-packages/glance_store/location.py:146}}
Jun 04 18:29:53 ubuntu devstack@g-api.service[124469]: DEBUG glance_store.location [None req-6d60e6c5-ccda-456d-9876-851121694d76 admin admin] Registering scheme swift with {'store': <glance_store._drivers.swift.store.SingleTenantStore object at 0x7f2c4f9f1df0>, 'location_class': <class 'glance_store._drivers.swift.store.StoreLocation'>, 'store_entry': 'swift'} {{(pid=124469) register_scheme_map /usr/local/lib/python3.8/dist-packages/glance_store/location.py:146}}
Jun 04 18:29:53 ubuntu devstack@g-api.service[124469]: DEBUG glance_store.location [None req-6d60e6c5-ccda-456d-9876-851121694d76 admin admin] Registering scheme swift+https with {'store': <glance_store._drivers.swift.store.SingleTenantStore object at 0x7f2c4f9f1df0>, 'location_class': <class 'glance_store._drivers.swift.store.StoreLocation'>, 'store_entry': 'swift'} {{(pid=124469) register_scheme_map /usr/local/lib/python3.8/dist-packages/glance_store/location.py:146}}
Jun 04 18:29:53 ubuntu devstack@g-api.service[124469]: DEBUG glance_store.location [None req-6d60e6c5-ccda-456d-9876-851121694d76 admin admin] Registering scheme swift with {'store': <glance_store._drivers.swift.store.SingleTenantStore object at 0x7f2c4f9f1df0>, 'location_class': <class 'glance_store._drivers.swift.store.StoreLocation'>, 'store_entry': 'swift'} {{(pid=124469) register_scheme_map /usr/local/lib/python3.8/dist-packages/glance_store/location.py:146}}
Jun 04 18:29:53 ubuntu devstack@g-api.service[124469]: DEBUG glance_store.location [None req-6d60e6c5-ccda-456d-9876-851121694d76 admin admin] Registering scheme swift+http with {'store': <glance_store._drivers.swift.store.SingleTenantStore object at 0x7f2c4f9f1df0>, 'location_class': <class 'glance_store._drivers.swift.store.StoreLocation'>, 'store_entry': 'swift'} {{(pid=124469) register_scheme_map /usr/local/lib/python3.8/dist-packages/glance_store/location.py:146}}
Jun 04 18:29:53 ubuntu devstack@g-api.service[124469]: DEBUG glance_store.location [None req-6d60e6c5-ccda-456d-9876-851121694d76 admin admin] Registering scheme swift+https with {'store': <glance_store._drivers.swift.store.SingleTenantStore object at 0x7f2c4f9f1df0>, 'location_class': <class 'glance_store._drivers.swift.store.StoreLocation'>, 'store_entry': 'swift'} {{(pid=124469) register_scheme_map /usr/local/lib/python3.8/dist-packages/glance_store/location.py:146}}
Jun 04 18:29:53 ubuntu devstack@g-api.service[124469]: DEBUG glance_store.location [None req-6d60e6c5-ccda-456d-9876-851121694d76 admin admin] Registering scheme swift with {'store': <glance_store._drivers.swift.store.SingleTenantStore object at 0x7f2c4f9f1df0>, 'location_class': <class 'glance_store._drivers.swift.store.StoreLocation'>, 'store_entry': 'swift'} {{(pid=124469) register_scheme_map /usr/local/lib/python3.8/dist-packages/glance_store/location.py:146}}
Jun 04 18:29:53 ubuntu devstack@g-api.service[124469]: DEBUG glance_store.location [None req-6d60e6c5-ccda-456d-9876-851121694d76 admin admin] Registering scheme swift+http with {'store': <glance_store._drivers.swift.store.SingleTenantStore object at 0x7f2c4f9f1df0>, 'location_class': <class 'glance_store._drivers.swift.store.StoreLocation'>, 'store_entry': 'swift'} {{(pid=124469) register_scheme_map /usr/local/lib/python3.8/dist-packages/glance_store/location.py:146}}
Jun 04 18:29:53 ubuntu devstack@g-api.service[124469]: DEBUG glance_store.location [None req-6d60e6c5-ccda-456d-9876-851121694d76 admin admin] Registering scheme swift+config with {'store': <glance_store._drivers.swift.store.SingleTenantStore object at 0x7f2c4f9f1df0>, 'location_class': <class 'glance_store._drivers.swift.store.StoreLocation'>, 'store_entry': 'swift'} {{(pid=124469) register_scheme_map /usr/local/lib/python3.8/dist-packages/glance_store/location.py:146}}
Jun 04 18:29:53 ubuntu devstack@g-api.service[124469]: DEBUG glance_store.backend [None req-6d60e6c5-ccda-456d-9876-851121694d76 admin admin] Skipping store.set_acls... not implemented. {{(pid=124469) set_acls /usr/local/lib/python3.8/dist-packages/glance_store/backend.py:509}}
Jun 04 18:29:53 ubuntu devstack@g-api.service[124469]: [pid: 124469|app: 0|req: 3/4] 127.0.0.1 () {40 vars in 862 bytes} [Sat Jun  4 18:29:51 2022] PUT /v2/images/65db45f1-502e-4109-9ece-52096fa3ce02/file => generated 0 bytes in 1946 msecs (HTTP/1.1 204) 4 headers in 171 bytes (1 switches on core 0)
Jun 04 18:30:01 ubuntu devstack@g-api.service[124468]: DEBUG dbcounter [-] [124468] Writing DB stats glance:SELECT=9,glance:INSERT=5 {{(pid=124468) stat_writer /usr/local/lib/python3.8/dist-packages/dbcounter.py:114}}
Jun 04 18:30:03 ubuntu devstack@g-api.service[124469]: DEBUG dbcounter [-] [124469] Writing DB stats glance:SELECT=28,glance:UPDATE=2,glance:INSERT=1 {{(pid=124469) stat_writer /usr/local/lib/python3.8/dist-packages/dbcounter.py:114}}
Jun 04 18:30:43 ubuntu devstack@g-api.service[124468]: DEBUG glance.api.middleware.version_negotiation [None req-50e6a9ff-e370-4efb-a9f1-818c701ae064 admin admin] Determining version of request: GET / Accept: application/json {{(pid=124468) process_request /opt/stack/glance/glance/api/middleware/version_negotiation.py:44}}
Jun 04 18:30:43 ubuntu devstack@g-api.service[124468]: DEBUG glance.api.middleware.version_negotiation [None req-50e6a9ff-e370-4efb-a9f1-818c701ae064 admin admin] Using url versioning {{(pid=124468) process_request /opt/stack/glance/glance/api/middleware/version_negotiation.py:57}}
Jun 04 18:30:43 ubuntu devstack@g-api.service[124468]: DEBUG glance.api.middleware.version_negotiation [None req-50e6a9ff-e370-4efb-a9f1-818c701ae064 admin admin] Unknown version. Returning version choices. {{(pid=124468) process_request /opt/stack/glance/glance/api/middleware/version_negotiation.py:64}}
Jun 04 18:30:43 ubuntu devstack@g-api.service[124468]: [pid: 124468|app: 0|req: 2/5] 127.0.0.1 () {34 vars in 506 bytes} [Sat Jun  4 18:30:43 2022] GET / => generated 1323 bytes in 6 msecs (HTTP/1.1 300) 3 headers in 106 bytes (1 switches on core 0)
Jun 04 18:30:43 ubuntu devstack@g-api.service[124469]: DEBUG glance.api.middleware.version_negotiation [None req-6d60e6c5-ccda-456d-9876-851121694d76 admin admin] Determining version of request: GET /v2/images Accept: application/json {{(pid=124469) process_request /opt/stack/glance/glance/api/middleware/version_negotiation.py:44}}
Jun 04 18:30:43 ubuntu devstack@g-api.service[124469]: DEBUG glance.api.middleware.version_negotiation [None req-6d60e6c5-ccda-456d-9876-851121694d76 admin admin] Using url versioning {{(pid=124469) process_request /opt/stack/glance/glance/api/middleware/version_negotiation.py:57}}
Jun 04 18:30:43 ubuntu devstack@g-api.service[124469]: DEBUG glance.api.middleware.version_negotiation [None req-6d60e6c5-ccda-456d-9876-851121694d76 admin admin] Matched version: v2 {{(pid=124469) process_request /opt/stack/glance/glance/api/middleware/version_negotiation.py:69}}
Jun 04 18:30:43 ubuntu devstack@g-api.service[124469]: DEBUG glance.api.middleware.version_negotiation [None req-6d60e6c5-ccda-456d-9876-851121694d76 admin admin] new path /v2/images {{(pid=124469) process_request /opt/stack/glance/glance/api/middleware/version_negotiation.py:70}}
Jun 04 18:30:43 ubuntu devstack@g-api.service[124469]: [pid: 124469|app: 0|req: 4/6] 127.0.0.1 () {36 vars in 728 bytes} [Sat Jun  4 18:30:43 2022] GET /v2/images => generated 1045 bytes in 91 msecs (HTTP/1.1 200) 4 headers in 158 bytes (1 switches on core 0)
Jun 04 18:30:48 ubuntu devstack@g-api.service[124468]: DEBUG glance.api.middleware.version_negotiation [None req-50e6a9ff-e370-4efb-a9f1-818c701ae064 admin admin] Determining version of request: GET / Accept: application/json {{(pid=124468) process_request /opt/stack/glance/glance/api/middleware/version_negotiation.py:44}}
Jun 04 18:30:48 ubuntu devstack@g-api.service[124468]: DEBUG glance.api.middleware.version_negotiation [None req-50e6a9ff-e370-4efb-a9f1-818c701ae064 admin admin] Using url versioning {{(pid=124468) process_request /opt/stack/glance/glance/api/middleware/version_negotiation.py:57}}
Jun 04 18:30:48 ubuntu devstack@g-api.service[124468]: DEBUG glance.api.middleware.version_negotiation [None req-50e6a9ff-e370-4efb-a9f1-818c701ae064 admin admin] Unknown version. Returning version choices. {{(pid=124468) process_request /opt/stack/glance/glance/api/middleware/version_negotiation.py:64}}
Jun 04 18:30:48 ubuntu devstack@g-api.service[124468]: [pid: 124468|app: 0|req: 3/7] 127.0.0.1 () {34 vars in 506 bytes} [Sat Jun  4 18:30:48 2022] GET / => generated 1323 bytes in 1 msecs (HTTP/1.1 300) 3 headers in 106 bytes (1 switches on core 0)
Jun 04 18:30:48 ubuntu devstack@g-api.service[124469]: DEBUG glance.api.middleware.version_negotiation [None req-7c694681-0500-4f35-a513-b52cd9aa0899 admin admin] Determining version of request: GET /v2/images/65db45f1-502e-4109-9ece-52096fa3ce02 Accept: */* {{(pid=124469) process_request /opt/stack/glance/glance/api/middleware/version_negotiation.py:44}}
Jun 04 18:30:48 ubuntu devstack@g-api.service[124469]: DEBUG glance.api.middleware.version_negotiation [None req-7c694681-0500-4f35-a513-b52cd9aa0899 admin admin] Using url versioning {{(pid=124469) process_request /opt/stack/glance/glance/api/middleware/version_negotiation.py:57}}
Jun 04 18:30:48 ubuntu devstack@g-api.service[124469]: DEBUG glance.api.middleware.version_negotiation [None req-7c694681-0500-4f35-a513-b52cd9aa0899 admin admin] Matched version: v2 {{(pid=124469) process_request /opt/stack/glance/glance/api/middleware/version_negotiation.py:69}}
Jun 04 18:30:48 ubuntu devstack@g-api.service[124469]: DEBUG glance.api.middleware.version_negotiation [None req-7c694681-0500-4f35-a513-b52cd9aa0899 admin admin] new path /v2/images/65db45f1-502e-4109-9ece-52096fa3ce02 {{(pid=124469) process_request /opt/stack/glance/glance/api/middleware/version_negotiation.py:70}}
Jun 04 18:30:48 ubuntu devstack@g-api.service[124469]: [pid: 124469|app: 0|req: 5/8] 127.0.0.1 () {36 vars in 789 bytes} [Sat Jun  4 18:30:48 2022] GET /v2/images/65db45f1-502e-4109-9ece-52096fa3ce02 => generated 976 bytes in 58 msecs (HTTP/1.1 200) 4 headers in 157 bytes (1 switches on core 0)
Jun 04 18:30:52 ubuntu devstack@g-api.service[124468]: DEBUG glance.api.middleware.version_negotiation [None req-50e6a9ff-e370-4efb-a9f1-818c701ae064 admin admin] Determining version of request: GET / Accept: application/json {{(pid=124468) process_request /opt/stack/glance/glance/api/middleware/version_negotiation.py:44}}
Jun 04 18:30:52 ubuntu devstack@g-api.service[124468]: DEBUG glance.api.middleware.version_negotiation [None req-50e6a9ff-e370-4efb-a9f1-818c701ae064 admin admin] Using url versioning {{(pid=124468) process_request /opt/stack/glance/glance/api/middleware/version_negotiation.py:57}}
Jun 04 18:30:52 ubuntu devstack@g-api.service[124468]: DEBUG glance.api.middleware.version_negotiation [None req-50e6a9ff-e370-4efb-a9f1-818c701ae064 admin admin] Unknown version. Returning version choices. {{(pid=124468) process_request /opt/stack/glance/glance/api/middleware/version_negotiation.py:64}}
Jun 04 18:30:52 ubuntu devstack@g-api.service[124468]: [pid: 124468|app: 0|req: 4/9] 127.0.0.1 () {34 vars in 506 bytes} [Sat Jun  4 18:30:52 2022] GET / => generated 1323 bytes in 2 msecs (HTTP/1.1 300) 3 headers in 106 bytes (1 switches on core 0)
Jun 04 18:30:52 ubuntu devstack@g-api.service[124469]: DEBUG glance.api.middleware.version_negotiation [None req-80bd60d6-c965-4687-a372-34353b656e06 admin admin] Determining version of request: GET /v2/images/65db45f1-502e-4109-9ece-52096fa3ce02 Accept: */* {{(pid=124469) process_request /opt/stack/glance/glance/api/middleware/version_negotiation.py:44}}
Jun 04 18:30:52 ubuntu devstack@g-api.service[124469]: DEBUG glance.api.middleware.version_negotiation [None req-80bd60d6-c965-4687-a372-34353b656e06 admin admin] Using url versioning {{(pid=124469) process_request /opt/stack/glance/glance/api/middleware/version_negotiation.py:57}}
Jun 04 18:30:52 ubuntu devstack@g-api.service[124469]: DEBUG glance.api.middleware.version_negotiation [None req-80bd60d6-c965-4687-a372-34353b656e06 admin admin] Matched version: v2 {{(pid=124469) process_request /opt/stack/glance/glance/api/middleware/version_negotiation.py:69}}
Jun 04 18:30:52 ubuntu devstack@g-api.service[124469]: DEBUG glance.api.middleware.version_negotiation [None req-80bd60d6-c965-4687-a372-34353b656e06 admin admin] new path /v2/images/65db45f1-502e-4109-9ece-52096fa3ce02 {{(pid=124469) process_request /opt/stack/glance/glance/api/middleware/version_negotiation.py:70}}
Jun 04 18:30:52 ubuntu devstack@g-api.service[124469]: [pid: 124469|app: 0|req: 6/10] 127.0.0.1 () {36 vars in 789 bytes} [Sat Jun  4 18:30:52 2022] GET /v2/images/65db45f1-502e-4109-9ece-52096fa3ce02 => generated 976 bytes in 45 msecs (HTTP/1.1 200) 4 headers in 157 bytes (1 switches on core 0)
Jun 04 18:31:02 ubuntu devstack@g-api.service[124469]: DEBUG dbcounter [-] [124469] Writing DB stats glance:SELECT=10 {{(pid=124469) stat_writer /usr/local/lib/python3.8/dist-packages/dbcounter.py:114}}
Jun 04 18:33:03 ubuntu devstack@g-api.service[124468]: DEBUG glance.api.middleware.version_negotiation [None req-50e6a9ff-e370-4efb-a9f1-818c701ae064 admin admin] Determining version of request: GET /v1 Accept: application/json {{(pid=124468) process_request /opt/stack/glance/glance/api/middleware/version_negotiation.py:44}}
Jun 04 18:33:03 ubuntu devstack@g-api.service[124468]: DEBUG glance.api.middleware.version_negotiation [None req-50e6a9ff-e370-4efb-a9f1-818c701ae064 admin admin] Using url versioning {{(pid=124468) process_request /opt/stack/glance/glance/api/middleware/version_negotiation.py:57}}
Jun 04 18:33:03 ubuntu devstack@g-api.service[124468]: DEBUG glance.api.middleware.version_negotiation [None req-50e6a9ff-e370-4efb-a9f1-818c701ae064 admin admin] Unknown version. Returning version choices. {{(pid=124468) process_request /opt/stack/glance/glance/api/middleware/version_negotiation.py:64}}
Jun 04 18:33:03 ubuntu devstack@g-api.service[124468]: [pid: 124468|app: 0|req: 5/11] 127.0.0.1 () {38 vars in 685 bytes} [Sat Jun  4 18:33:03 2022] GET /v1 => generated 1323 bytes in 5 msecs (HTTP/1.1 300) 3 headers in 106 bytes (1 switches on core 0)
Jun 04 18:34:38 ubuntu devstack@g-api.service[124469]: DEBUG oslo_concurrency.lockutils [-] Acquired lock "glance-cache" {{(pid=124469) lock /usr/local/lib/python3.8/dist-packages/oslo_concurrency/lockutils.py:294}}
Jun 04 18:34:38 ubuntu devstack@g-api.service[124469]: DEBUG oslo_concurrency.lockutils [-] Acquired external semaphore "glance-cache" {{(pid=124469) lock /usr/local/lib/python3.8/dist-packages/oslo_concurrency/lockutils.py:302}}
Jun 04 18:34:38 ubuntu devstack@g-api.service[124469]: DEBUG glance.image_cache.prefetcher [-] Nothing to prefetch. {{(pid=124469) run /opt/stack/glance/glance/image_cache/prefetcher.py:79}}
Jun 04 18:34:38 ubuntu devstack@g-api.service[124469]: DEBUG oslo_concurrency.lockutils [-] Releasing lock "glance-cache" {{(pid=124469) lock /usr/local/lib/python3.8/dist-packages/oslo_concurrency/lockutils.py:312}}
Jun 04 18:34:38 ubuntu devstack@g-api.service[124468]: DEBUG oslo_concurrency.lockutils [-] Acquired lock "glance-cache" {{(pid=124468) lock /usr/local/lib/python3.8/dist-packages/oslo_concurrency/lockutils.py:294}}
Jun 04 18:34:38 ubuntu devstack@g-api.service[124468]: DEBUG oslo_concurrency.lockutils [-] Acquired external semaphore "glance-cache" {{(pid=124468) lock /usr/local/lib/python3.8/dist-packages/oslo_concurrency/lockutils.py:302}}
Jun 04 18:34:38 ubuntu devstack@g-api.service[124468]: DEBUG glance.image_cache.prefetcher [-] Nothing to prefetch. {{(pid=124468) run /opt/stack/glance/glance/image_cache/prefetcher.py:79}}
Jun 04 18:34:38 ubuntu devstack@g-api.service[124468]: DEBUG oslo_concurrency.lockutils [-] Releasing lock "glance-cache" {{(pid=124468) lock /usr/local/lib/python3.8/dist-packages/oslo_concurrency/lockutils.py:312}}
Jun 04 18:35:26 ubuntu devstack@g-api.service[124469]: DEBUG glance.api.middleware.version_negotiation [None req-0dd1c544-754a-4805-a83d-865edff5e93d admin admin] Determining version of request: GET /versions Accept: */* {{(pid=124469) process_request /opt/stack/glance/glance/api/middleware/version_negotiation.py:44}}
Jun 04 18:35:26 ubuntu devstack@g-api.service[124469]: [pid: 124469|app: 0|req: 7/12] 127.0.0.1 () {38 vars in 695 bytes} [Sat Jun  4 18:35:26 2022] GET /versions => generated 1323 bytes in 5 msecs (HTTP/1.1 200) 3 headers in 92 bytes (1 switches on core 0)
Jun 04 18:35:26 ubuntu devstack@g-api.service[124468]: DEBUG glance.api.middleware.version_negotiation [None req-50e6a9ff-e370-4efb-a9f1-818c701ae064 admin admin] Determining version of request: GET /v2/schemas/image Accept: */* {{(pid=124468) process_request /opt/stack/glance/glance/api/middleware/version_negotiation.py:44}}
Jun 04 18:35:26 ubuntu devstack@g-api.service[124468]: DEBUG glance.api.middleware.version_negotiation [None req-50e6a9ff-e370-4efb-a9f1-818c701ae064 admin admin] Using url versioning {{(pid=124468) process_request /opt/stack/glance/glance/api/middleware/version_negotiation.py:57}}
Jun 04 18:35:26 ubuntu devstack@g-api.service[124468]: DEBUG glance.api.middleware.version_negotiation [None req-50e6a9ff-e370-4efb-a9f1-818c701ae064 admin admin] Matched version: v2 {{(pid=124468) process_request /opt/stack/glance/glance/api/middleware/version_negotiation.py:69}}
Jun 04 18:35:26 ubuntu devstack@g-api.service[124468]: DEBUG glance.api.middleware.version_negotiation [None req-50e6a9ff-e370-4efb-a9f1-818c701ae064 admin admin] new path /v2/schemas/image {{(pid=124468) process_request /opt/stack/glance/glance/api/middleware/version_negotiation.py:70}}
Jun 04 18:35:26 ubuntu devstack@g-api.service[124468]: [pid: 124468|app: 0|req: 6/13] 127.0.0.1 () {38 vars in 711 bytes} [Sat Jun  4 18:35:26 2022] GET /v2/schemas/image => generated 6083 bytes in 106 msecs (HTTP/1.1 200) 4 headers in 158 bytes (1 switches on core 0)
Jun 04 18:35:26 ubuntu devstack@g-api.service[124469]: DEBUG glance.api.middleware.version_negotiation [None req-0dd1c544-754a-4805-a83d-865edff5e93d admin admin] Determining version of request: GET /v2/schemas/metadefs/namespace Accept: */* {{(pid=124469) process_request /opt/stack/glance/glance/api/middleware/version_negotiation.py:44}}
Jun 04 18:35:26 ubuntu devstack@g-api.service[124469]: DEBUG glance.api.middleware.version_negotiation [None req-0dd1c544-754a-4805-a83d-865edff5e93d admin admin] Using url versioning {{(pid=124469) process_request /opt/stack/glance/glance/api/middleware/version_negotiation.py:57}}
Jun 04 18:35:26 ubuntu devstack@g-api.service[124469]: DEBUG glance.api.middleware.version_negotiation [None req-0dd1c544-754a-4805-a83d-865edff5e93d admin admin] Matched version: v2 {{(pid=124469) process_request /opt/stack/glance/glance/api/middleware/version_negotiation.py:69}}
Jun 04 18:35:26 ubuntu devstack@g-api.service[124469]: DEBUG glance.api.middleware.version_negotiation [None req-0dd1c544-754a-4805-a83d-865edff5e93d admin admin] new path /v2/schemas/metadefs/namespace {{(pid=124469) process_request /opt/stack/glance/glance/api/middleware/version_negotiation.py:70}}
Jun 04 18:35:26 ubuntu devstack@g-api.service[124469]: [pid: 124469|app: 0|req: 8/14] 127.0.0.1 () {38 vars in 737 bytes} [Sat Jun  4 18:35:26 2022] GET /v2/schemas/metadefs/namespace => generated 3100 bytes in 8 msecs (HTTP/1.1 200) 4 headers in 158 bytes (1 switches on core 0)
Jun 04 18:35:26 ubuntu devstack@g-api.service[124468]: DEBUG glance.api.middleware.version_negotiation [None req-ceda1b4f-a6d6-42c5-8440-32aced10fa46 admin admin] Determining version of request: GET /v2/schemas/metadefs/resource_type Accept: */* {{(pid=124468) process_request /opt/stack/glance/glance/api/middleware/version_negotiation.py:44}}
Jun 04 18:35:26 ubuntu devstack@g-api.service[124468]: DEBUG glance.api.middleware.version_negotiation [None req-ceda1b4f-a6d6-42c5-8440-32aced10fa46 admin admin] Using url versioning {{(pid=124468) process_request /opt/stack/glance/glance/api/middleware/version_negotiation.py:57}}
Jun 04 18:35:26 ubuntu devstack@g-api.service[124468]: DEBUG glance.api.middleware.version_negotiation [None req-ceda1b4f-a6d6-42c5-8440-32aced10fa46 admin admin] Matched version: v2 {{(pid=124468) process_request /opt/stack/glance/glance/api/middleware/version_negotiation.py:69}}
Jun 04 18:35:26 ubuntu devstack@g-api.service[124468]: DEBUG glance.api.middleware.version_negotiation [None req-ceda1b4f-a6d6-42c5-8440-32aced10fa46 admin admin] new path /v2/schemas/metadefs/resource_type {{(pid=124468) process_request /opt/stack/glance/glance/api/middleware/version_negotiation.py:70}}
Jun 04 18:35:26 ubuntu devstack@g-api.service[124468]: [pid: 124468|app: 0|req: 7/15] 127.0.0.1 () {38 vars in 745 bytes} [Sat Jun  4 18:35:26 2022] GET /v2/schemas/metadefs/resource_type => generated 1262 bytes in 7 msecs (HTTP/1.1 200) 4 headers in 158 bytes (1 switches on core 0)
Jun 04 18:35:26 ubuntu devstack@g-api.service[124469]: DEBUG glance.api.middleware.version_negotiation [None req-79494f7e-ae91-4e68-b9ca-73fd6181e020 admin admin] Determining version of request: GET /v2/images Accept: */* {{(pid=124469) process_request /opt/stack/glance/glance/api/middleware/version_negotiation.py:44}}
Jun 04 18:35:26 ubuntu devstack@g-api.service[124469]: DEBUG glance.api.middleware.version_negotiation [None req-79494f7e-ae91-4e68-b9ca-73fd6181e020 admin admin] Using url versioning {{(pid=124469) process_request /opt/stack/glance/glance/api/middleware/version_negotiation.py:57}}
Jun 04 18:35:26 ubuntu devstack@g-api.service[124469]: DEBUG glance.api.middleware.version_negotiation [None req-79494f7e-ae91-4e68-b9ca-73fd6181e020 admin admin] Matched version: v2 {{(pid=124469) process_request /opt/stack/glance/glance/api/middleware/version_negotiation.py:69}}
Jun 04 18:35:26 ubuntu devstack@g-api.service[124469]: DEBUG glance.api.middleware.version_negotiation [None req-79494f7e-ae91-4e68-b9ca-73fd6181e020 admin admin] new path /v2/images {{(pid=124469) process_request /opt/stack/glance/glance/api/middleware/version_negotiation.py:70}}
Jun 04 18:35:27 ubuntu devstack@g-api.service[124469]: [pid: 124469|app: 0|req: 9/16] 127.0.0.1 () {38 vars in 768 bytes} [Sat Jun  4 18:35:26 2022] GET /v2/images?limit=20&sort_key=name&sort_dir=asc => generated 1081 bytes in 99 msecs (HTTP/1.1 200) 4 headers in 158 bytes (1 switches on core 0)
Jun 04 18:35:27 ubuntu devstack@g-api.service[124468]: DEBUG glance.api.middleware.version_negotiation [None req-b58dd8c5-c9f5-4561-8217-806b071c939c admin admin] Determining version of request: GET /v2/schemas/image Accept: */* {{(pid=124468) process_request /opt/stack/glance/glance/api/middleware/version_negotiation.py:44}}
Jun 04 18:35:27 ubuntu devstack@g-api.service[124468]: DEBUG glance.api.middleware.version_negotiation [None req-b58dd8c5-c9f5-4561-8217-806b071c939c admin admin] Using url versioning {{(pid=124468) process_request /opt/stack/glance/glance/api/middleware/version_negotiation.py:57}}
Jun 04 18:35:27 ubuntu devstack@g-api.service[124468]: DEBUG glance.api.middleware.version_negotiation [None req-b58dd8c5-c9f5-4561-8217-806b071c939c admin admin] Matched version: v2 {{(pid=124468) process_request /opt/stack/glance/glance/api/middleware/version_negotiation.py:69}}
Jun 04 18:35:27 ubuntu devstack@g-api.service[124468]: DEBUG glance.api.middleware.version_negotiation [None req-b58dd8c5-c9f5-4561-8217-806b071c939c admin admin] new path /v2/schemas/image {{(pid=124468) process_request /opt/stack/glance/glance/api/middleware/version_negotiation.py:70}}
Jun 04 18:35:27 ubuntu devstack@g-api.service[124468]: [pid: 124468|app: 0|req: 8/17] 127.0.0.1 () {38 vars in 711 bytes} [Sat Jun  4 18:35:27 2022] GET /v2/schemas/image => generated 6083 bytes in 8 msecs (HTTP/1.1 200) 4 headers in 158 bytes (1 switches on core 0)
Jun 04 18:35:36 ubuntu devstack@g-api.service[124469]: DEBUG glance.api.middleware.version_negotiation [None req-f20803f1-9c93-4371-bdc1-b90f17728c90 admin admin] Determining version of request: GET / Accept: application/json {{(pid=124469) process_request /opt/stack/glance/glance/api/middleware/version_negotiation.py:44}}
Jun 04 18:35:36 ubuntu devstack@g-api.service[124469]: DEBUG glance.api.middleware.version_negotiation [None req-f20803f1-9c93-4371-bdc1-b90f17728c90 admin admin] Using url versioning {{(pid=124469) process_request /opt/stack/glance/glance/api/middleware/version_negotiation.py:57}}
Jun 04 18:35:36 ubuntu devstack@g-api.service[124469]: DEBUG glance.api.middleware.version_negotiation [None req-f20803f1-9c93-4371-bdc1-b90f17728c90 admin admin] Unknown version. Returning version choices. {{(pid=124469) process_request /opt/stack/glance/glance/api/middleware/version_negotiation.py:64}}
Jun 04 18:35:36 ubuntu devstack@g-api.service[124469]: [pid: 124469|app: 0|req: 10/18] 127.0.0.1 () {34 vars in 492 bytes} [Sat Jun  4 18:35:36 2022] GET / => generated 1323 bytes in 4 msecs (HTTP/1.1 300) 3 headers in 106 bytes (1 switches on core 0)
Jun 04 18:35:36 ubuntu devstack@g-api.service[124468]: DEBUG glance.api.middleware.version_negotiation [None req-70a19184-e342-4cdd-a548-8a7c276cc13f admin admin] Determining version of request: GET /v2/images/65db45f1-502e-4109-9ece-52096fa3ce02 Accept: */* {{(pid=124468) process_request /opt/stack/glance/glance/api/middleware/version_negotiation.py:44}}
Jun 04 18:35:36 ubuntu devstack@g-api.service[124468]: DEBUG glance.api.middleware.version_negotiation [None req-70a19184-e342-4cdd-a548-8a7c276cc13f admin admin] Using url versioning {{(pid=124468) process_request /opt/stack/glance/glance/api/middleware/version_negotiation.py:57}}
Jun 04 18:35:36 ubuntu devstack@g-api.service[124468]: DEBUG glance.api.middleware.version_negotiation [None req-70a19184-e342-4cdd-a548-8a7c276cc13f admin admin] Matched version: v2 {{(pid=124468) process_request /opt/stack/glance/glance/api/middleware/version_negotiation.py:69}}
Jun 04 18:35:36 ubuntu devstack@g-api.service[124468]: DEBUG glance.api.middleware.version_negotiation [None req-70a19184-e342-4cdd-a548-8a7c276cc13f admin admin] new path /v2/images/65db45f1-502e-4109-9ece-52096fa3ce02 {{(pid=124468) process_request /opt/stack/glance/glance/api/middleware/version_negotiation.py:70}}
Jun 04 18:35:36 ubuntu devstack@g-api.service[124468]: WARNING keystonemiddleware.auth_token [None req-70a19184-e342-4cdd-a548-8a7c276cc13f admin admin] A valid token was submitted as a service token, but it was not a valid service token. This is incorrect but backwards compatible behaviour. This will be removed in future releases.
Jun 04 18:35:36 ubuntu devstack@g-api.service[124468]: [pid: 124468|app: 0|req: 9/19] 127.0.0.1 () {42 vars in 1049 bytes} [Sat Jun  4 18:35:36 2022] GET /v2/images/65db45f1-502e-4109-9ece-52096fa3ce02 => generated 976 bytes in 136 msecs (HTTP/1.1 200) 4 headers in 157 bytes (1 switches on core 0)
Jun 04 18:35:36 ubuntu devstack@g-api.service[124469]: DEBUG glance.api.middleware.version_negotiation [None req-f20803f1-9c93-4371-bdc1-b90f17728c90 admin admin] Determining version of request: GET /v2/schemas/image Accept: */* {{(pid=124469) process_request /opt/stack/glance/glance/api/middleware/version_negotiation.py:44}}
Jun 04 18:35:36 ubuntu devstack@g-api.service[124469]: DEBUG glance.api.middleware.version_negotiation [None req-f20803f1-9c93-4371-bdc1-b90f17728c90 admin admin] Using url versioning {{(pid=124469) process_request /opt/stack/glance/glance/api/middleware/version_negotiation.py:57}}
Jun 04 18:35:36 ubuntu devstack@g-api.service[124469]: DEBUG glance.api.middleware.version_negotiation [None req-f20803f1-9c93-4371-bdc1-b90f17728c90 admin admin] Matched version: v2 {{(pid=124469) process_request /opt/stack/glance/glance/api/middleware/version_negotiation.py:69}}
Jun 04 18:35:36 ubuntu devstack@g-api.service[124469]: DEBUG glance.api.middleware.version_negotiation [None req-f20803f1-9c93-4371-bdc1-b90f17728c90 admin admin] new path /v2/schemas/image {{(pid=124469) process_request /opt/stack/glance/glance/api/middleware/version_negotiation.py:70}}
Jun 04 18:35:36 ubuntu devstack@g-api.service[124469]: WARNING keystonemiddleware.auth_token [None req-f20803f1-9c93-4371-bdc1-b90f17728c90 admin admin] A valid token was submitted as a service token, but it was not a valid service token. This is incorrect but backwards compatible behaviour. This will be removed in future releases.
Jun 04 18:35:36 ubuntu devstack@g-api.service[124469]: [pid: 124469|app: 0|req: 11/20] 127.0.0.1 () {42 vars in 989 bytes} [Sat Jun  4 18:35:36 2022] GET /v2/schemas/image => generated 6083 bytes in 8 msecs (HTTP/1.1 200) 4 headers in 158 bytes (1 switches on core 0)
Jun 04 18:35:37 ubuntu devstack@g-api.service[124469]: DEBUG dbcounter [-] [124469] Writing DB stats glance:SELECT=2 {{(pid=124469) stat_writer /usr/local/lib/python3.8/dist-packages/dbcounter.py:114}}
Jun 04 18:35:38 ubuntu devstack@g-api.service[124468]: DEBUG glance.api.middleware.version_negotiation [None req-1e8339ca-ee82-42d3-89be-9f04ea17fa49 tempest-VolumesAdminNegativeTest-675864780 tempest-VolumesAdminNegativeTest-675864780-project] Determining version of request: GET /v2/images/65db45f1-502e-4109-9ece-52096fa3ce02 Accept: */* {{(pid=124468) process_request /opt/stack/glance/glance/api/middleware/version_negotiation.py:44}}
Jun 04 18:35:38 ubuntu devstack@g-api.service[124468]: DEBUG glance.api.middleware.version_negotiation [None req-1e8339ca-ee82-42d3-89be-9f04ea17fa49 tempest-VolumesAdminNegativeTest-675864780 tempest-VolumesAdminNegativeTest-675864780-project] Using url versioning {{(pid=124468) process_request /opt/stack/glance/glance/api/middleware/version_negotiation.py:57}}
Jun 04 18:35:38 ubuntu devstack@g-api.service[124468]: DEBUG glance.api.middleware.version_negotiation [None req-1e8339ca-ee82-42d3-89be-9f04ea17fa49 tempest-VolumesAdminNegativeTest-675864780 tempest-VolumesAdminNegativeTest-675864780-project] Matched version: v2 {{(pid=124468) process_request /opt/stack/glance/glance/api/middleware/version_negotiation.py:69}}
Jun 04 18:35:38 ubuntu devstack@g-api.service[124468]: DEBUG glance.api.middleware.version_negotiation [None req-1e8339ca-ee82-42d3-89be-9f04ea17fa49 tempest-VolumesAdminNegativeTest-675864780 tempest-VolumesAdminNegativeTest-675864780-project] new path /v2/images/65db45f1-502e-4109-9ece-52096fa3ce02 {{(pid=124468) process_request /opt/stack/glance/glance/api/middleware/version_negotiation.py:70}}
Jun 04 18:35:38 ubuntu devstack@g-api.service[124468]: [pid: 124468|app: 0|req: 10/21] 127.0.0.1 () {42 vars in 1049 bytes} [Sat Jun  4 18:35:38 2022] GET /v2/images/65db45f1-502e-4109-9ece-52096fa3ce02 => generated 976 bytes in 15 msecs (HTTP/1.1 200) 4 headers in 157 bytes (1 switches on core 0)
Jun 04 18:35:38 ubuntu devstack@g-api.service[124469]: DEBUG glance.api.middleware.version_negotiation [None req-1e8339ca-ee82-42d3-89be-9f04ea17fa49 tempest-VolumesAdminNegativeTest-675864780 tempest-VolumesAdminNegativeTest-675864780-project] Determining version of request: GET /v2/images/65db45f1-502e-4109-9ece-52096fa3ce02/file Accept: */* {{(pid=124469) process_request /opt/stack/glance/glance/api/middleware/version_negotiation.py:44}}
Jun 04 18:35:38 ubuntu devstack@g-api.service[124469]: DEBUG glance.api.middleware.version_negotiation [None req-1e8339ca-ee82-42d3-89be-9f04ea17fa49 tempest-VolumesAdminNegativeTest-675864780 tempest-VolumesAdminNegativeTest-675864780-project] Using url versioning {{(pid=124469) process_request /opt/stack/glance/glance/api/middleware/version_negotiation.py:57}}
Jun 04 18:35:38 ubuntu devstack@g-api.service[124469]: DEBUG glance.api.middleware.version_negotiation [None req-1e8339ca-ee82-42d3-89be-9f04ea17fa49 tempest-VolumesAdminNegativeTest-675864780 tempest-VolumesAdminNegativeTest-675864780-project] Matched version: v2 {{(pid=124469) process_request /opt/stack/glance/glance/api/middleware/version_negotiation.py:69}}
Jun 04 18:35:38 ubuntu devstack@g-api.service[124469]: DEBUG glance.api.middleware.version_negotiation [None req-1e8339ca-ee82-42d3-89be-9f04ea17fa49 tempest-VolumesAdminNegativeTest-675864780 tempest-VolumesAdminNegativeTest-675864780-project] new path /v2/images/65db45f1-502e-4109-9ece-52096fa3ce02/file {{(pid=124469) process_request /opt/stack/glance/glance/api/middleware/version_negotiation.py:70}}
Jun 04 18:35:38 ubuntu devstack@g-api.service[124469]: DEBUG glance_store.backend [None req-1e8339ca-ee82-42d3-89be-9f04ea17fa49 tempest-VolumesAdminNegativeTest-675864780 tempest-VolumesAdminNegativeTest-675864780-project] Attempting to import store swift {{(pid=124469) _load_store /usr/local/lib/python3.8/dist-packages/glance_store/backend.py:217}}
Jun 04 18:35:38 ubuntu devstack@g-api.service[124469]: DEBUG glance_store.capabilities [None req-1e8339ca-ee82-42d3-89be-9f04ea17fa49 tempest-VolumesAdminNegativeTest-675864780 tempest-VolumesAdminNegativeTest-675864780-project] Store glance_store._drivers.swift.store.SingleTenantStore doesn't support updating dynamic storage capabilities. Please overwrite 'update_capabilities' method of the store to implement updating logics if needed. {{(pid=124469) update_capabilities /usr/local/lib/python3.8/dist-packages/glance_store/capabilities.py:91}}
Jun 04 18:35:38 ubuntu devstack@g-api.service[124469]: DEBUG glance_store.driver [None req-1e8339ca-ee82-42d3-89be-9f04ea17fa49 tempest-VolumesAdminNegativeTest-675864780 tempest-VolumesAdminNegativeTest-675864780-project] Late loading location class glance_store._drivers.swift.store.StoreLocation {{(pid=124469) get_store_location_class /usr/local/lib/python3.8/dist-packages/glance_store/driver.py:117}}
Jun 04 18:35:38 ubuntu devstack@g-api.service[124469]: DEBUG glance_store.location [None req-1e8339ca-ee82-42d3-89be-9f04ea17fa49 tempest-VolumesAdminNegativeTest-675864780 tempest-VolumesAdminNegativeTest-675864780-project] Registering scheme swift+https with {'store': <glance_store._drivers.swift.store.SingleTenantStore object at 0x7f2c4fb68eb0>, 'location_class': <class 'glance_store._drivers.swift.store.StoreLocation'>, 'store_entry': 'swift'} {{(pid=124469) register_scheme_map /usr/local/lib/python3.8/dist-packages/glance_store/location.py:146}}
Jun 04 18:35:38 ubuntu devstack@g-api.service[124469]: DEBUG glance_store.location [None req-1e8339ca-ee82-42d3-89be-9f04ea17fa49 tempest-VolumesAdminNegativeTest-675864780 tempest-VolumesAdminNegativeTest-675864780-project] Registering scheme swift+https with {'store': <glance_store._drivers.swift.store.SingleTenantStore object at 0x7f2c4fb68eb0>, 'location_class': <class 'glance_store._drivers.swift.store.StoreLocation'>, 'store_entry': 'swift'} {{(pid=124469) register_scheme_map /usr/local/lib/python3.8/dist-packages/glance_store/location.py:146}}
Jun 04 18:35:38 ubuntu devstack@g-api.service[124469]: DEBUG glance_store.location [None req-1e8339ca-ee82-42d3-89be-9f04ea17fa49 tempest-VolumesAdminNegativeTest-675864780 tempest-VolumesAdminNegativeTest-675864780-project] Registering scheme swift with {'store': <glance_store._drivers.swift.store.SingleTenantStore object at 0x7f2c4fb68eb0>, 'location_class': <class 'glance_store._drivers.swift.store.StoreLocation'>, 'store_entry': 'swift'} {{(pid=124469) register_scheme_map /usr/local/lib/python3.8/dist-packages/glance_store/location.py:146}}
Jun 04 18:35:38 ubuntu devstack@g-api.service[124469]: DEBUG glance_store.location [None req-1e8339ca-ee82-42d3-89be-9f04ea17fa49 tempest-VolumesAdminNegativeTest-675864780 tempest-VolumesAdminNegativeTest-675864780-project] Registering scheme swift+https with {'store': <glance_store._drivers.swift.store.SingleTenantStore object at 0x7f2c4fb68eb0>, 'location_class': <class 'glance_store._drivers.swift.store.StoreLocation'>, 'store_entry': 'swift'} {{(pid=124469) register_scheme_map /usr/local/lib/python3.8/dist-packages/glance_store/location.py:146}}
Jun 04 18:35:38 ubuntu devstack@g-api.service[124469]: DEBUG glance_store.location [None req-1e8339ca-ee82-42d3-89be-9f04ea17fa49 tempest-VolumesAdminNegativeTest-675864780 tempest-VolumesAdminNegativeTest-675864780-project] Registering scheme swift with {'store': <glance_store._drivers.swift.store.SingleTenantStore object at 0x7f2c4fb68eb0>, 'location_class': <class 'glance_store._drivers.swift.store.StoreLocation'>, 'store_entry': 'swift'} {{(pid=124469) register_scheme_map /usr/local/lib/python3.8/dist-packages/glance_store/location.py:146}}
Jun 04 18:35:38 ubuntu devstack@g-api.service[124469]: DEBUG glance_store.location [None req-1e8339ca-ee82-42d3-89be-9f04ea17fa49 tempest-VolumesAdminNegativeTest-675864780 tempest-VolumesAdminNegativeTest-675864780-project] Registering scheme swift+http with {'store': <glance_store._drivers.swift.store.SingleTenantStore object at 0x7f2c4fb68eb0>, 'location_class': <class 'glance_store._drivers.swift.store.StoreLocation'>, 'store_entry': 'swift'} {{(pid=124469) register_scheme_map /usr/local/lib/python3.8/dist-packages/glance_store/location.py:146}}
Jun 04 18:35:38 ubuntu devstack@g-api.service[124469]: DEBUG glance_store.location [None req-1e8339ca-ee82-42d3-89be-9f04ea17fa49 tempest-VolumesAdminNegativeTest-675864780 tempest-VolumesAdminNegativeTest-675864780-project] Registering scheme swift+https with {'store': <glance_store._drivers.swift.store.SingleTenantStore object at 0x7f2c4fb68eb0>, 'location_class': <class 'glance_store._drivers.swift.store.StoreLocation'>, 'store_entry': 'swift'} {{(pid=124469) register_scheme_map /usr/local/lib/python3.8/dist-packages/glance_store/location.py:146}}
Jun 04 18:35:38 ubuntu devstack@g-api.service[124469]: DEBUG glance_store.location [None req-1e8339ca-ee82-42d3-89be-9f04ea17fa49 tempest-VolumesAdminNegativeTest-675864780 tempest-VolumesAdminNegativeTest-675864780-project] Registering scheme swift with {'store': <glance_store._drivers.swift.store.SingleTenantStore object at 0x7f2c4fb68eb0>, 'location_class': <class 'glance_store._drivers.swift.store.StoreLocation'>, 'store_entry': 'swift'} {{(pid=124469) register_scheme_map /usr/local/lib/python3.8/dist-packages/glance_store/location.py:146}}
Jun 04 18:35:38 ubuntu devstack@g-api.service[124469]: DEBUG glance_store.location [None req-1e8339ca-ee82-42d3-89be-9f04ea17fa49 tempest-VolumesAdminNegativeTest-675864780 tempest-VolumesAdminNegativeTest-675864780-project] Registering scheme swift+http with {'store': <glance_store._drivers.swift.store.SingleTenantStore object at 0x7f2c4fb68eb0>, 'location_class': <class 'glance_store._drivers.swift.store.StoreLocation'>, 'store_entry': 'swift'} {{(pid=124469) register_scheme_map /usr/local/lib/python3.8/dist-packages/glance_store/location.py:146}}
Jun 04 18:35:38 ubuntu devstack@g-api.service[124469]: DEBUG glance_store.location [None req-1e8339ca-ee82-42d3-89be-9f04ea17fa49 tempest-VolumesAdminNegativeTest-675864780 tempest-VolumesAdminNegativeTest-675864780-project] Registering scheme swift+config with {'store': <glance_store._drivers.swift.store.SingleTenantStore object at 0x7f2c4fb68eb0>, 'location_class': <class 'glance_store._drivers.swift.store.StoreLocation'>, 'store_entry': 'swift'} {{(pid=124469) register_scheme_map /usr/local/lib/python3.8/dist-packages/glance_store/location.py:146}}
Jun 04 18:35:38 ubuntu devstack@g-api.service[124469]: DEBUG swiftclient [None req-1e8339ca-ee82-42d3-89be-9f04ea17fa49 tempest-VolumesAdminNegativeTest-675864780 tempest-VolumesAdminNegativeTest-675864780-project] REQ: curl -i http://192.168.79.38:8080/v1/AUTH_22bc7126802a4b3591f8880b758f80c0/glance/65db45f1-502e-4109-9ece-52096fa3ce02 -X GET -H "X-Auth-Token: gAAAAABim6X6sK8s..." {{(pid=124469) http_log /usr/local/lib/python3.8/dist-packages/swiftclient/client.py:157}}
Jun 04 18:35:38 ubuntu devstack@g-api.service[124469]: DEBUG swiftclient [None req-1e8339ca-ee82-42d3-89be-9f04ea17fa49 tempest-VolumesAdminNegativeTest-675864780 tempest-VolumesAdminNegativeTest-675864780-project] RESP STATUS: 200 OK {{(pid=124469) http_log /usr/local/lib/python3.8/dist-packages/swiftclient/client.py:158}}
Jun 04 18:35:38 ubuntu devstack@g-api.service[124469]: DEBUG swiftclient [None req-1e8339ca-ee82-42d3-89be-9f04ea17fa49 tempest-VolumesAdminNegativeTest-675864780 tempest-VolumesAdminNegativeTest-675864780-project] RESP HEADERS: {'Content-Type': 'application/octet-stream', 'Etag': '1d3062cd89af34e419f7100277f38b2b', 'Last-Modified': 'Sat, 04 Jun 2022 18:29:54 GMT', 'X-Timestamp': '1654367393.20298', 'Accept-Ranges': 'bytes', 'Content-Length': '16338944', 'X-Trans-Id': 'tx808a4cafbc354372a38a0-00629ba5fa', 'X-Openstack-Request-Id': 'tx808a4cafbc354372a38a0-00629ba5fa', 'Date': 'Sat, 04 Jun 2022 18:35:38 GMT'} {{(pid=124469) http_log /usr/local/lib/python3.8/dist-packages/swiftclient/client.py:159}}
Jun 04 18:35:38 ubuntu devstack@g-api.service[124469]: DEBUG glance.image_cache [None req-1e8339ca-ee82-42d3-89be-9f04ea17fa49 tempest-VolumesAdminNegativeTest-675864780 tempest-VolumesAdminNegativeTest-675864780-project] Tee'ing image '65db45f1-502e-4109-9ece-52096fa3ce02' into cache {{(pid=124469) get_caching_iter /opt/stack/glance/glance/image_cache/__init__.py:343}}
Jun 04 18:35:39 ubuntu devstack@g-api.service[124469]: DEBUG glance.image_cache.drivers.sqlite [None req-1e8339ca-ee82-42d3-89be-9f04ea17fa49 tempest-VolumesAdminNegativeTest-675864780 tempest-VolumesAdminNegativeTest-675864780-project] Fetch finished, moving '/opt/stack/data/glance/cache/incomplete/65db45f1-502e-4109-9ece-52096fa3ce02' to '/opt/stack/data/glance/cache/65db45f1-502e-4109-9ece-52096fa3ce02' {{(pid=124469) commit /opt/stack/glance/glance/image_cache/drivers/sqlite.py:324}}
Jun 04 18:35:39 ubuntu devstack@g-api.service[124469]: [pid: 124469|app: 0|req: 12/22] 127.0.0.1 () {42 vars in 1059 bytes} [Sat Jun  4 18:35:38 2022] GET /v2/images/65db45f1-502e-4109-9ece-52096fa3ce02/file => generated 16338944 bytes in 362 msecs (HTTP/1.1 200) 4 headers in 191 bytes (250 switches on core 0)
Jun 04 18:35:48 ubuntu devstack@g-api.service[124468]: DEBUG dbcounter [-] [124468] Writing DB stats glance:SELECT=8 {{(pid=124468) stat_writer /usr/local/lib/python3.8/dist-packages/dbcounter.py:114}}
Jun 04 18:35:48 ubuntu devstack@g-api.service[124469]: DEBUG dbcounter [-] [124469] Writing DB stats glance:SELECT=8 {{(pid=124469) stat_writer /usr/local/lib/python3.8/dist-packages/dbcounter.py:114}}
Jun 04 18:35:52 ubuntu devstack@g-api.service[124468]: DEBUG glance.api.middleware.version_negotiation [None req-1e8339ca-ee82-42d3-89be-9f04ea17fa49 tempest-VolumesAdminNegativeTest-675864780 tempest-VolumesAdminNegativeTest-675864780-project] Determining version of request: GET / Accept: application/json {{(pid=124468) process_request /opt/stack/glance/glance/api/middleware/version_negotiation.py:44}}
Jun 04 18:35:52 ubuntu devstack@g-api.service[124468]: DEBUG glance.api.middleware.version_negotiation [None req-1e8339ca-ee82-42d3-89be-9f04ea17fa49 tempest-VolumesAdminNegativeTest-675864780 tempest-VolumesAdminNegativeTest-675864780-project] Using url versioning {{(pid=124468) process_request /opt/stack/glance/glance/api/middleware/version_negotiation.py:57}}
Jun 04 18:35:52 ubuntu devstack@g-api.service[124468]: DEBUG glance.api.middleware.version_negotiation [None req-1e8339ca-ee82-42d3-89be-9f04ea17fa49 tempest-VolumesAdminNegativeTest-675864780 tempest-VolumesAdminNegativeTest-675864780-project] Unknown version. Returning version choices. {{(pid=124468) process_request /opt/stack/glance/glance/api/middleware/version_negotiation.py:64}}
Jun 04 18:35:52 ubuntu devstack@g-api.service[124468]: [pid: 124468|app: 0|req: 11/23] 127.0.0.1 () {34 vars in 492 bytes} [Sat Jun  4 18:35:52 2022] GET / => generated 1323 bytes in 6 msecs (HTTP/1.1 300) 3 headers in 106 bytes (1 switches on core 0)
Jun 04 18:35:52 ubuntu devstack@g-api.service[124469]: DEBUG glance.api.middleware.version_negotiation [None req-1e8339ca-ee82-42d3-89be-9f04ea17fa49 tempest-VolumesAdminNegativeTest-675864780 tempest-VolumesAdminNegativeTest-675864780-project] Determining version of request: GET /v2/images/65db45f1-502e-4109-9ece-52096fa3ce02 Accept: */* {{(pid=124469) process_request /opt/stack/glance/glance/api/middleware/version_negotiation.py:44}}
Jun 04 18:35:52 ubuntu devstack@g-api.service[124469]: DEBUG glance.api.middleware.version_negotiation [None req-1e8339ca-ee82-42d3-89be-9f04ea17fa49 tempest-VolumesAdminNegativeTest-675864780 tempest-VolumesAdminNegativeTest-675864780-project] Using url versioning {{(pid=124469) process_request /opt/stack/glance/glance/api/middleware/version_negotiation.py:57}}
Jun 04 18:35:52 ubuntu devstack@g-api.service[124469]: DEBUG glance.api.middleware.version_negotiation [None req-1e8339ca-ee82-42d3-89be-9f04ea17fa49 tempest-VolumesAdminNegativeTest-675864780 tempest-VolumesAdminNegativeTest-675864780-project] Matched version: v2 {{(pid=124469) process_request /opt/stack/glance/glance/api/middleware/version_negotiation.py:69}}
Jun 04 18:35:52 ubuntu devstack@g-api.service[124469]: DEBUG glance.api.middleware.version_negotiation [None req-1e8339ca-ee82-42d3-89be-9f04ea17fa49 tempest-VolumesAdminNegativeTest-675864780 tempest-VolumesAdminNegativeTest-675864780-project] new path /v2/images/65db45f1-502e-4109-9ece-52096fa3ce02 {{(pid=124469) process_request /opt/stack/glance/glance/api/middleware/version_negotiation.py:70}}
Jun 04 18:35:52 ubuntu devstack@g-api.service[124469]: [pid: 124469|app: 0|req: 13/24] 127.0.0.1 () {42 vars in 1049 bytes} [Sat Jun  4 18:35:52 2022] GET /v2/images/65db45f1-502e-4109-9ece-52096fa3ce02 => generated 976 bytes in 25 msecs (HTTP/1.1 200) 4 headers in 157 bytes (1 switches on core 0)
Jun 04 18:35:52 ubuntu devstack@g-api.service[124468]: DEBUG glance.api.middleware.version_negotiation [None req-1e8339ca-ee82-42d3-89be-9f04ea17fa49 tempest-VolumesAdminNegativeTest-675864780 tempest-VolumesAdminNegativeTest-675864780-project] Determining version of request: GET /v2/schemas/image Accept: */* {{(pid=124468) process_request /opt/stack/glance/glance/api/middleware/version_negotiation.py:44}}
Jun 04 18:35:52 ubuntu devstack@g-api.service[124468]: DEBUG glance.api.middleware.version_negotiation [None req-1e8339ca-ee82-42d3-89be-9f04ea17fa49 tempest-VolumesAdminNegativeTest-675864780 tempest-VolumesAdminNegativeTest-675864780-project] Using url versioning {{(pid=124468) process_request /opt/stack/glance/glance/api/middleware/version_negotiation.py:57}}
Jun 04 18:35:52 ubuntu devstack@g-api.service[124468]: DEBUG glance.api.middleware.version_negotiation [None req-1e8339ca-ee82-42d3-89be-9f04ea17fa49 tempest-VolumesAdminNegativeTest-675864780 tempest-VolumesAdminNegativeTest-675864780-project] Matched version: v2 {{(pid=124468) process_request /opt/stack/glance/glance/api/middleware/version_negotiation.py:69}}
Jun 04 18:35:52 ubuntu devstack@g-api.service[124468]: DEBUG glance.api.middleware.version_negotiation [None req-1e8339ca-ee82-42d3-89be-9f04ea17fa49 tempest-VolumesAdminNegativeTest-675864780 tempest-VolumesAdminNegativeTest-675864780-project] new path /v2/schemas/image {{(pid=124468) process_request /opt/stack/glance/glance/api/middleware/version_negotiation.py:70}}
Jun 04 18:35:52 ubuntu devstack@g-api.service[124468]: [pid: 124468|app: 0|req: 12/25] 127.0.0.1 () {42 vars in 989 bytes} [Sat Jun  4 18:35:52 2022] GET /v2/schemas/image => generated 6083 bytes in 9 msecs (HTTP/1.1 200) 4 headers in 158 bytes (1 switches on core 0)
Jun 04 18:36:02 ubuntu devstack@g-api.service[124469]: DEBUG dbcounter [-] [124469] Writing DB stats glance:SELECT=4 {{(pid=124469) stat_writer /usr/local/lib/python3.8/dist-packages/dbcounter.py:114}}
Jun 04 18:36:09 ubuntu devstack@g-api.service[124469]: DEBUG glance.api.middleware.version_negotiation [None req-d7b4f82e-de5e-4ac1-90a3-8ce87a67b130 tempest-VolumesAdminNegativeTest-675864780 tempest-VolumesAdminNegativeTest-675864780-project] Determining version of request: GET /v2/images/65db45f1-502e-4109-9ece-52096fa3ce02 Accept: */* {{(pid=124469) process_request /opt/stack/glance/glance/api/middleware/version_negotiation.py:44}}
