May 16 16:10:56 ubuntu devstack@g-api.service[131794]: DEBUG glance_store.driver [None req-4609b2a2-ad2b-4ac3-9a68-47d10bb551a0 admin admin] Late loading location class glance_store._drivers.swift.store.StoreLocation {{(pid=131794) get_store_location_class /usr/local/lib/python3.8/dist-packages/glance_store/driver.py:117}}
May 16 16:10:56 ubuntu devstack@g-api.service[131794]: DEBUG glance_store.location [None req-4609b2a2-ad2b-4ac3-9a68-47d10bb551a0 admin admin] Registering scheme swift+https with {'store': <glance_store._drivers.swift.store.SingleTenantStore object at 0x7f1b047fc730>, 'location_class': <class 'glance_store._drivers.swift.store.StoreLocation'>, 'store_entry': 'swift'} {{(pid=131794) register_scheme_map /usr/local/lib/python3.8/dist-packages/glance_store/location.py:146}}
May 16 16:10:56 ubuntu devstack@g-api.service[131794]: DEBUG glance_store.location [None req-4609b2a2-ad2b-4ac3-9a68-47d10bb551a0 admin admin] Registering scheme swift+https with {'store': <glance_store._drivers.swift.store.SingleTenantStore object at 0x7f1b047fc730>, 'location_class': <class 'glance_store._drivers.swift.store.StoreLocation'>, 'store_entry': 'swift'} {{(pid=131794) register_scheme_map /usr/local/lib/python3.8/dist-packages/glance_store/location.py:146}}
May 16 16:10:56 ubuntu devstack@g-api.service[131794]: DEBUG glance_store.location [None req-4609b2a2-ad2b-4ac3-9a68-47d10bb551a0 admin admin] Registering scheme swift with {'store': <glance_store._drivers.swift.store.SingleTenantStore object at 0x7f1b047fc730>, 'location_class': <class 'glance_store._drivers.swift.store.StoreLocation'>, 'store_entry': 'swift'} {{(pid=131794) register_scheme_map /usr/local/lib/python3.8/dist-packages/glance_store/location.py:146}}
May 16 16:10:56 ubuntu devstack@g-api.service[131794]: DEBUG glance_store.location [None req-4609b2a2-ad2b-4ac3-9a68-47d10bb551a0 admin admin] Registering scheme swift+https with {'store': <glance_store._drivers.swift.store.SingleTenantStore object at 0x7f1b047fc730>, 'location_class': <class 'glance_store._drivers.swift.store.StoreLocation'>, 'store_entry': 'swift'} {{(pid=131794) register_scheme_map /usr/local/lib/python3.8/dist-packages/glance_store/location.py:146}}
May 16 16:10:56 ubuntu devstack@g-api.service[131794]: DEBUG glance_store.location [None req-4609b2a2-ad2b-4ac3-9a68-47d10bb551a0 admin admin] Registering scheme swift with {'store': <glance_store._drivers.swift.store.SingleTenantStore object at 0x7f1b047fc730>, 'location_class': <class 'glance_store._drivers.swift.store.StoreLocation'>, 'store_entry': 'swift'} {{(pid=131794) register_scheme_map /usr/local/lib/python3.8/dist-packages/glance_store/location.py:146}}
May 16 16:10:56 ubuntu devstack@g-api.service[131794]: DEBUG glance_store.location [None req-4609b2a2-ad2b-4ac3-9a68-47d10bb551a0 admin admin] Registering scheme swift+http with {'store': <glance_store._drivers.swift.store.SingleTenantStore object at 0x7f1b047fc730>, 'location_class': <class 'glance_store._drivers.swift.store.StoreLocation'>, 'store_entry': 'swift'} {{(pid=131794) register_scheme_map /usr/local/lib/python3.8/dist-packages/glance_store/location.py:146}}
May 16 16:10:56 ubuntu devstack@g-api.service[131794]: DEBUG glance_store.location [None req-4609b2a2-ad2b-4ac3-9a68-47d10bb551a0 admin admin] Registering scheme swift+https with {'store': <glance_store._drivers.swift.store.SingleTenantStore object at 0x7f1b047fc730>, 'location_class': <class 'glance_store._drivers.swift.store.StoreLocation'>, 'store_entry': 'swift'} {{(pid=131794) register_scheme_map /usr/local/lib/python3.8/dist-packages/glance_store/location.py:146}}
May 16 16:10:56 ubuntu devstack@g-api.service[131794]: DEBUG glance_store.location [None req-4609b2a2-ad2b-4ac3-9a68-47d10bb551a0 admin admin] Registering scheme swift with {'store': <glance_store._drivers.swift.store.SingleTenantStore object at 0x7f1b047fc730>, 'location_class': <class 'glance_store._drivers.swift.store.StoreLocation'>, 'store_entry': 'swift'} {{(pid=131794) register_scheme_map /usr/local/lib/python3.8/dist-packages/glance_store/location.py:146}}
May 16 16:10:56 ubuntu devstack@g-api.service[131794]: DEBUG glance_store.location [None req-4609b2a2-ad2b-4ac3-9a68-47d10bb551a0 admin admin] Registering scheme swift+http with {'store': <glance_store._drivers.swift.store.SingleTenantStore object at 0x7f1b047fc730>, 'location_class': <class 'glance_store._drivers.swift.store.StoreLocation'>, 'store_entry': 'swift'} {{(pid=131794) register_scheme_map /usr/local/lib/python3.8/dist-packages/glance_store/location.py:146}}
May 16 16:10:56 ubuntu devstack@g-api.service[131794]: DEBUG glance_store.location [None req-4609b2a2-ad2b-4ac3-9a68-47d10bb551a0 admin admin] Registering scheme swift+config with {'store': <glance_store._drivers.swift.store.SingleTenantStore object at 0x7f1b047fc730>, 'location_class': <class 'glance_store._drivers.swift.store.StoreLocation'>, 'store_entry': 'swift'} {{(pid=131794) register_scheme_map /usr/local/lib/python3.8/dist-packages/glance_store/location.py:146}}
May 16 16:10:56 ubuntu devstack@g-api.service[131794]: DEBUG glance_store.backend [None req-4609b2a2-ad2b-4ac3-9a68-47d10bb551a0 admin admin] Skipping store.set_acls... not implemented. {{(pid=131794) set_acls /usr/local/lib/python3.8/dist-packages/glance_store/backend.py:509}}
May 16 16:10:56 ubuntu devstack@g-api.service[131794]: [pid: 131794|app: 0|req: 3/4] 127.0.0.1 () {40 vars in 862 bytes} [Mon May 16 16:10:54 2022] PUT /v2/images/4a4fed25-d8f6-4a9a-81a5-99f8c6fc8d63/file => generated 0 bytes in 2073 msecs (HTTP/1.1 204) 4 headers in 171 bytes (1 switches on core 0)
May 16 16:11:42 ubuntu devstack@g-api.service[131795]: DEBUG glance.api.middleware.version_negotiation [None req-2d7e0f3d-7061-4028-8f0d-14e3db7b1ec5 admin admin] Determining version of request: GET / Accept: application/json {{(pid=131795) process_request /opt/stack/glance/glance/api/middleware/version_negotiation.py:44}}
May 16 16:11:42 ubuntu devstack@g-api.service[131795]: DEBUG glance.api.middleware.version_negotiation [None req-2d7e0f3d-7061-4028-8f0d-14e3db7b1ec5 admin admin] Using url versioning {{(pid=131795) process_request /opt/stack/glance/glance/api/middleware/version_negotiation.py:57}}
May 16 16:11:42 ubuntu devstack@g-api.service[131795]: DEBUG glance.api.middleware.version_negotiation [None req-2d7e0f3d-7061-4028-8f0d-14e3db7b1ec5 admin admin] Unknown version. Returning version choices. {{(pid=131795) process_request /opt/stack/glance/glance/api/middleware/version_negotiation.py:64}}
May 16 16:11:42 ubuntu devstack@g-api.service[131795]: [pid: 131795|app: 0|req: 2/5] 127.0.0.1 () {34 vars in 506 bytes} [Mon May 16 16:11:42 2022] GET / => generated 1213 bytes in 5 msecs (HTTP/1.1 300) 3 headers in 106 bytes (1 switches on core 0)
May 16 16:11:42 ubuntu devstack@g-api.service[131794]: DEBUG glance.api.middleware.version_negotiation [None req-4609b2a2-ad2b-4ac3-9a68-47d10bb551a0 admin admin] Determining version of request: GET /v2/images Accept: application/json {{(pid=131794) process_request /opt/stack/glance/glance/api/middleware/version_negotiation.py:44}}
May 16 16:11:42 ubuntu devstack@g-api.service[131794]: DEBUG glance.api.middleware.version_negotiation [None req-4609b2a2-ad2b-4ac3-9a68-47d10bb551a0 admin admin] Using url versioning {{(pid=131794) process_request /opt/stack/glance/glance/api/middleware/version_negotiation.py:57}}
May 16 16:11:42 ubuntu devstack@g-api.service[131794]: DEBUG glance.api.middleware.version_negotiation [None req-4609b2a2-ad2b-4ac3-9a68-47d10bb551a0 admin admin] Matched version: v2 {{(pid=131794) process_request /opt/stack/glance/glance/api/middleware/version_negotiation.py:69}}
May 16 16:11:42 ubuntu devstack@g-api.service[131794]: DEBUG glance.api.middleware.version_negotiation [None req-4609b2a2-ad2b-4ac3-9a68-47d10bb551a0 admin admin] new path /v2/images {{(pid=131794) process_request /opt/stack/glance/glance/api/middleware/version_negotiation.py:70}}
May 16 16:11:42 ubuntu devstack@g-api.service[131794]: [pid: 131794|app: 0|req: 4/6] 127.0.0.1 () {36 vars in 728 bytes} [Mon May 16 16:11:42 2022] GET /v2/images => generated 1045 bytes in 102 msecs (HTTP/1.1 200) 4 headers in 158 bytes (1 switches on core 0)
May 16 16:11:48 ubuntu devstack@g-api.service[131795]: DEBUG glance.api.middleware.version_negotiation [None req-2d7e0f3d-7061-4028-8f0d-14e3db7b1ec5 admin admin] Determining version of request: GET / Accept: application/json {{(pid=131795) process_request /opt/stack/glance/glance/api/middleware/version_negotiation.py:44}}
May 16 16:11:48 ubuntu devstack@g-api.service[131795]: DEBUG glance.api.middleware.version_negotiation [None req-2d7e0f3d-7061-4028-8f0d-14e3db7b1ec5 admin admin] Using url versioning {{(pid=131795) process_request /opt/stack/glance/glance/api/middleware/version_negotiation.py:57}}
May 16 16:11:48 ubuntu devstack@g-api.service[131795]: DEBUG glance.api.middleware.version_negotiation [None req-2d7e0f3d-7061-4028-8f0d-14e3db7b1ec5 admin admin] Unknown version. Returning version choices. {{(pid=131795) process_request /opt/stack/glance/glance/api/middleware/version_negotiation.py:64}}
May 16 16:11:48 ubuntu devstack@g-api.service[131795]: [pid: 131795|app: 0|req: 3/7] 127.0.0.1 () {34 vars in 506 bytes} [Mon May 16 16:11:48 2022] GET / => generated 1213 bytes in 2 msecs (HTTP/1.1 300) 3 headers in 106 bytes (1 switches on core 0)
May 16 16:11:48 ubuntu devstack@g-api.service[131794]: DEBUG glance.api.middleware.version_negotiation [None req-443e6037-c5ec-4349-a628-01b28678b787 admin admin] Determining version of request: GET /v2/images/4a4fed25-d8f6-4a9a-81a5-99f8c6fc8d63 Accept: */* {{(pid=131794) process_request /opt/stack/glance/glance/api/middleware/version_negotiation.py:44}}
May 16 16:11:48 ubuntu devstack@g-api.service[131794]: DEBUG glance.api.middleware.version_negotiation [None req-443e6037-c5ec-4349-a628-01b28678b787 admin admin] Using url versioning {{(pid=131794) process_request /opt/stack/glance/glance/api/middleware/version_negotiation.py:57}}
May 16 16:11:48 ubuntu devstack@g-api.service[131794]: DEBUG glance.api.middleware.version_negotiation [None req-443e6037-c5ec-4349-a628-01b28678b787 admin admin] Matched version: v2 {{(pid=131794) process_request /opt/stack/glance/glance/api/middleware/version_negotiation.py:69}}
May 16 16:11:48 ubuntu devstack@g-api.service[131794]: DEBUG glance.api.middleware.version_negotiation [None req-443e6037-c5ec-4349-a628-01b28678b787 admin admin] new path /v2/images/4a4fed25-d8f6-4a9a-81a5-99f8c6fc8d63 {{(pid=131794) process_request /opt/stack/glance/glance/api/middleware/version_negotiation.py:70}}
May 16 16:11:48 ubuntu devstack@g-api.service[131794]: [pid: 131794|app: 0|req: 5/8] 127.0.0.1 () {36 vars in 789 bytes} [Mon May 16 16:11:48 2022] GET /v2/images/4a4fed25-d8f6-4a9a-81a5-99f8c6fc8d63 => generated 976 bytes in 57 msecs (HTTP/1.1 200) 4 headers in 157 bytes (1 switches on core 0)
May 16 16:11:51 ubuntu devstack@g-api.service[131795]: DEBUG glance.api.middleware.version_negotiation [None req-2d7e0f3d-7061-4028-8f0d-14e3db7b1ec5 admin admin] Determining version of request: GET / Accept: application/json {{(pid=131795) process_request /opt/stack/glance/glance/api/middleware/version_negotiation.py:44}}
May 16 16:11:51 ubuntu devstack@g-api.service[131795]: DEBUG glance.api.middleware.version_negotiation [None req-2d7e0f3d-7061-4028-8f0d-14e3db7b1ec5 admin admin] Using url versioning {{(pid=131795) process_request /opt/stack/glance/glance/api/middleware/version_negotiation.py:57}}
May 16 16:11:51 ubuntu devstack@g-api.service[131795]: DEBUG glance.api.middleware.version_negotiation [None req-2d7e0f3d-7061-4028-8f0d-14e3db7b1ec5 admin admin] Unknown version. Returning version choices. {{(pid=131795) process_request /opt/stack/glance/glance/api/middleware/version_negotiation.py:64}}
May 16 16:11:51 ubuntu devstack@g-api.service[131795]: [pid: 131795|app: 0|req: 4/9] 127.0.0.1 () {34 vars in 506 bytes} [Mon May 16 16:11:51 2022] GET / => generated 1213 bytes in 1 msecs (HTTP/1.1 300) 3 headers in 106 bytes (1 switches on core 0)
May 16 16:11:51 ubuntu devstack@g-api.service[131794]: DEBUG glance.api.middleware.version_negotiation [None req-f51f9e9f-0e99-4215-b632-9581d7bbdc8c admin admin] Determining version of request: GET /v2/images/4a4fed25-d8f6-4a9a-81a5-99f8c6fc8d63 Accept: */* {{(pid=131794) process_request /opt/stack/glance/glance/api/middleware/version_negotiation.py:44}}
May 16 16:11:51 ubuntu devstack@g-api.service[131794]: DEBUG glance.api.middleware.version_negotiation [None req-f51f9e9f-0e99-4215-b632-9581d7bbdc8c admin admin] Using url versioning {{(pid=131794) process_request /opt/stack/glance/glance/api/middleware/version_negotiation.py:57}}
May 16 16:11:51 ubuntu devstack@g-api.service[131794]: DEBUG glance.api.middleware.version_negotiation [None req-f51f9e9f-0e99-4215-b632-9581d7bbdc8c admin admin] Matched version: v2 {{(pid=131794) process_request /opt/stack/glance/glance/api/middleware/version_negotiation.py:69}}
May 16 16:11:51 ubuntu devstack@g-api.service[131794]: DEBUG glance.api.middleware.version_negotiation [None req-f51f9e9f-0e99-4215-b632-9581d7bbdc8c admin admin] new path /v2/images/4a4fed25-d8f6-4a9a-81a5-99f8c6fc8d63 {{(pid=131794) process_request /opt/stack/glance/glance/api/middleware/version_negotiation.py:70}}
May 16 16:11:51 ubuntu devstack@g-api.service[131794]: [pid: 131794|app: 0|req: 6/10] 127.0.0.1 () {36 vars in 789 bytes} [Mon May 16 16:11:51 2022] GET /v2/images/4a4fed25-d8f6-4a9a-81a5-99f8c6fc8d63 => generated 976 bytes in 48 msecs (HTTP/1.1 200) 4 headers in 157 bytes (1 switches on core 0)
May 16 16:13:30 ubuntu devstack@g-api.service[131795]: DEBUG glance.api.middleware.version_negotiation [None req-2d7e0f3d-7061-4028-8f0d-14e3db7b1ec5 admin admin] Determining version of request: GET /v1 Accept: application/json {{(pid=131795) process_request /opt/stack/glance/glance/api/middleware/version_negotiation.py:44}}
May 16 16:13:30 ubuntu devstack@g-api.service[131795]: DEBUG glance.api.middleware.version_negotiation [None req-2d7e0f3d-7061-4028-8f0d-14e3db7b1ec5 admin admin] Using url versioning {{(pid=131795) process_request /opt/stack/glance/glance/api/middleware/version_negotiation.py:57}}
May 16 16:13:30 ubuntu devstack@g-api.service[131795]: DEBUG glance.api.middleware.version_negotiation [None req-2d7e0f3d-7061-4028-8f0d-14e3db7b1ec5 admin admin] Unknown version. Returning version choices. {{(pid=131795) process_request /opt/stack/glance/glance/api/middleware/version_negotiation.py:64}}
May 16 16:13:30 ubuntu devstack@g-api.service[131795]: [pid: 131795|app: 0|req: 5/11] 127.0.0.1 () {38 vars in 685 bytes} [Mon May 16 16:13:30 2022] GET /v1 => generated 1213 bytes in 4 msecs (HTTP/1.1 300) 3 headers in 106 bytes (1 switches on core 0)
May 16 16:15:45 ubuntu devstack@g-api.service[131794]: DEBUG oslo_concurrency.lockutils [-] Acquired lock "glance-cache" {{(pid=131794) lock /usr/local/lib/python3.8/dist-packages/oslo_concurrency/lockutils.py:294}}
May 16 16:15:45 ubuntu devstack@g-api.service[131794]: DEBUG oslo_concurrency.lockutils [-] Acquired external semaphore "glance-cache" {{(pid=131794) lock /usr/local/lib/python3.8/dist-packages/oslo_concurrency/lockutils.py:302}}
May 16 16:15:45 ubuntu devstack@g-api.service[131794]: DEBUG glance.image_cache.prefetcher [-] Nothing to prefetch. {{(pid=131794) run /opt/stack/glance/glance/image_cache/prefetcher.py:79}}
May 16 16:15:45 ubuntu devstack@g-api.service[131794]: DEBUG oslo_concurrency.lockutils [-] Releasing lock "glance-cache" {{(pid=131794) lock /usr/local/lib/python3.8/dist-packages/oslo_concurrency/lockutils.py:312}}
May 16 16:15:45 ubuntu devstack@g-api.service[131795]: DEBUG oslo_concurrency.lockutils [-] Acquired lock "glance-cache" {{(pid=131795) lock /usr/local/lib/python3.8/dist-packages/oslo_concurrency/lockutils.py:294}}
May 16 16:15:45 ubuntu devstack@g-api.service[131795]: DEBUG oslo_concurrency.lockutils [-] Acquired external semaphore "glance-cache" {{(pid=131795) lock /usr/local/lib/python3.8/dist-packages/oslo_concurrency/lockutils.py:302}}
May 16 16:15:45 ubuntu devstack@g-api.service[131795]: DEBUG glance.image_cache.prefetcher [-] Nothing to prefetch. {{(pid=131795) run /opt/stack/glance/glance/image_cache/prefetcher.py:79}}
May 16 16:15:45 ubuntu devstack@g-api.service[131795]: DEBUG oslo_concurrency.lockutils [-] Releasing lock "glance-cache" {{(pid=131795) lock /usr/local/lib/python3.8/dist-packages/oslo_concurrency/lockutils.py:312}}
May 16 16:15:46 ubuntu devstack@g-api.service[131794]: DEBUG glance.api.middleware.version_negotiation [None req-d00f5f45-2584-4d1c-9296-858cb64c7289 admin admin] Determining version of request: GET /versions Accept: */* {{(pid=131794) process_request /opt/stack/glance/glance/api/middleware/version_negotiation.py:44}}
May 16 16:15:46 ubuntu devstack@g-api.service[131794]: [pid: 131794|app: 0|req: 7/12] 127.0.0.1 () {38 vars in 695 bytes} [Mon May 16 16:15:46 2022] GET /versions => generated 1213 bytes in 6 msecs (HTTP/1.1 200) 3 headers in 92 bytes (1 switches on core 0)
May 16 16:15:46 ubuntu devstack@g-api.service[131795]: DEBUG glance.api.middleware.version_negotiation [None req-2d7e0f3d-7061-4028-8f0d-14e3db7b1ec5 admin admin] Determining version of request: GET /v2/schemas/image Accept: */* {{(pid=131795) process_request /opt/stack/glance/glance/api/middleware/version_negotiation.py:44}}
May 16 16:15:46 ubuntu devstack@g-api.service[131795]: DEBUG glance.api.middleware.version_negotiation [None req-2d7e0f3d-7061-4028-8f0d-14e3db7b1ec5 admin admin] Using url versioning {{(pid=131795) process_request /opt/stack/glance/glance/api/middleware/version_negotiation.py:57}}
May 16 16:15:46 ubuntu devstack@g-api.service[131795]: DEBUG glance.api.middleware.version_negotiation [None req-2d7e0f3d-7061-4028-8f0d-14e3db7b1ec5 admin admin] Matched version: v2 {{(pid=131795) process_request /opt/stack/glance/glance/api/middleware/version_negotiation.py:69}}
May 16 16:15:46 ubuntu devstack@g-api.service[131795]: DEBUG glance.api.middleware.version_negotiation [None req-2d7e0f3d-7061-4028-8f0d-14e3db7b1ec5 admin admin] new path /v2/schemas/image {{(pid=131795) process_request /opt/stack/glance/glance/api/middleware/version_negotiation.py:70}}
May 16 16:15:47 ubuntu devstack@g-api.service[131795]: [pid: 131795|app: 0|req: 6/13] 127.0.0.1 () {38 vars in 711 bytes} [Mon May 16 16:15:46 2022] GET /v2/schemas/image => generated 6083 bytes in 96 msecs (HTTP/1.1 200) 4 headers in 158 bytes (1 switches on core 0)
May 16 16:15:47 ubuntu devstack@g-api.service[131794]: DEBUG glance.api.middleware.version_negotiation [None req-d00f5f45-2584-4d1c-9296-858cb64c7289 admin admin] Determining version of request: GET /v2/schemas/metadefs/namespace Accept: */* {{(pid=131794) process_request /opt/stack/glance/glance/api/middleware/version_negotiation.py:44}}
May 16 16:15:47 ubuntu devstack@g-api.service[131794]: DEBUG glance.api.middleware.version_negotiation [None req-d00f5f45-2584-4d1c-9296-858cb64c7289 admin admin] Using url versioning {{(pid=131794) process_request /opt/stack/glance/glance/api/middleware/version_negotiation.py:57}}
May 16 16:15:47 ubuntu devstack@g-api.service[131794]: DEBUG glance.api.middleware.version_negotiation [None req-d00f5f45-2584-4d1c-9296-858cb64c7289 admin admin] Matched version: v2 {{(pid=131794) process_request /opt/stack/glance/glance/api/middleware/version_negotiation.py:69}}
May 16 16:15:47 ubuntu devstack@g-api.service[131794]: DEBUG glance.api.middleware.version_negotiation [None req-d00f5f45-2584-4d1c-9296-858cb64c7289 admin admin] new path /v2/schemas/metadefs/namespace {{(pid=131794) process_request /opt/stack/glance/glance/api/middleware/version_negotiation.py:70}}
May 16 16:15:47 ubuntu devstack@g-api.service[131794]: [pid: 131794|app: 0|req: 8/14] 127.0.0.1 () {38 vars in 737 bytes} [Mon May 16 16:15:47 2022] GET /v2/schemas/metadefs/namespace => generated 3100 bytes in 11 msecs (HTTP/1.1 200) 4 headers in 158 bytes (1 switches on core 0)
May 16 16:15:47 ubuntu devstack@g-api.service[131795]: DEBUG glance.api.middleware.version_negotiation [None req-eba38a4a-897b-4b68-bb4b-ec9570cf977b admin admin] Determining version of request: GET /v2/schemas/metadefs/resource_type Accept: */* {{(pid=131795) process_request /opt/stack/glance/glance/api/middleware/version_negotiation.py:44}}
May 16 16:15:47 ubuntu devstack@g-api.service[131795]: DEBUG glance.api.middleware.version_negotiation [None req-eba38a4a-897b-4b68-bb4b-ec9570cf977b admin admin] Using url versioning {{(pid=131795) process_request /opt/stack/glance/glance/api/middleware/version_negotiation.py:57}}
May 16 16:15:47 ubuntu devstack@g-api.service[131795]: DEBUG glance.api.middleware.version_negotiation [None req-eba38a4a-897b-4b68-bb4b-ec9570cf977b admin admin] Matched version: v2 {{(pid=131795) process_request /opt/stack/glance/glance/api/middleware/version_negotiation.py:69}}
May 16 16:15:47 ubuntu devstack@g-api.service[131795]: DEBUG glance.api.middleware.version_negotiation [None req-eba38a4a-897b-4b68-bb4b-ec9570cf977b admin admin] new path /v2/schemas/metadefs/resource_type {{(pid=131795) process_request /opt/stack/glance/glance/api/middleware/version_negotiation.py:70}}
May 16 16:15:47 ubuntu devstack@g-api.service[131795]: [pid: 131795|app: 0|req: 7/15] 127.0.0.1 () {38 vars in 745 bytes} [Mon May 16 16:15:47 2022] GET /v2/schemas/metadefs/resource_type => generated 1262 bytes in 7 msecs (HTTP/1.1 200) 4 headers in 158 bytes (1 switches on core 0)
May 16 16:15:47 ubuntu devstack@g-api.service[131794]: DEBUG glance.api.middleware.version_negotiation [None req-7f099073-c64f-4bba-ab7b-4acf5ba134ae admin admin] Determining version of request: GET /v2/images Accept: */* {{(pid=131794) process_request /opt/stack/glance/glance/api/middleware/version_negotiation.py:44}}
May 16 16:15:47 ubuntu devstack@g-api.service[131794]: DEBUG glance.api.middleware.version_negotiation [None req-7f099073-c64f-4bba-ab7b-4acf5ba134ae admin admin] Using url versioning {{(pid=131794) process_request /opt/stack/glance/glance/api/middleware/version_negotiation.py:57}}
May 16 16:15:47 ubuntu devstack@g-api.service[131794]: DEBUG glance.api.middleware.version_negotiation [None req-7f099073-c64f-4bba-ab7b-4acf5ba134ae admin admin] Matched version: v2 {{(pid=131794) process_request /opt/stack/glance/glance/api/middleware/version_negotiation.py:69}}
May 16 16:15:47 ubuntu devstack@g-api.service[131794]: DEBUG glance.api.middleware.version_negotiation [None req-7f099073-c64f-4bba-ab7b-4acf5ba134ae admin admin] new path /v2/images {{(pid=131794) process_request /opt/stack/glance/glance/api/middleware/version_negotiation.py:70}}
May 16 16:15:47 ubuntu devstack@g-api.service[131794]: [pid: 131794|app: 0|req: 9/16] 127.0.0.1 () {38 vars in 768 bytes} [Mon May 16 16:15:47 2022] GET /v2/images?limit=20&sort_key=name&sort_dir=asc => generated 1081 bytes in 91 msecs (HTTP/1.1 200) 4 headers in 158 bytes (1 switches on core 0)
May 16 16:15:47 ubuntu devstack@g-api.service[131795]: DEBUG glance.api.middleware.version_negotiation [None req-77437f2c-a3ab-478e-97c0-d0038e3f0072 admin admin] Determining version of request: GET /v2/schemas/image Accept: */* {{(pid=131795) process_request /opt/stack/glance/glance/api/middleware/version_negotiation.py:44}}
May 16 16:15:47 ubuntu devstack@g-api.service[131795]: DEBUG glance.api.middleware.version_negotiation [None req-77437f2c-a3ab-478e-97c0-d0038e3f0072 admin admin] Using url versioning {{(pid=131795) process_request /opt/stack/glance/glance/api/middleware/version_negotiation.py:57}}
May 16 16:15:47 ubuntu devstack@g-api.service[131795]: DEBUG glance.api.middleware.version_negotiation [None req-77437f2c-a3ab-478e-97c0-d0038e3f0072 admin admin] Matched version: v2 {{(pid=131795) process_request /opt/stack/glance/glance/api/middleware/version_negotiation.py:69}}
May 16 16:15:47 ubuntu devstack@g-api.service[131795]: DEBUG glance.api.middleware.version_negotiation [None req-77437f2c-a3ab-478e-97c0-d0038e3f0072 admin admin] new path /v2/schemas/image {{(pid=131795) process_request /opt/stack/glance/glance/api/middleware/version_negotiation.py:70}}
May 16 16:15:47 ubuntu devstack@g-api.service[131795]: [pid: 131795|app: 0|req: 8/17] 127.0.0.1 () {38 vars in 711 bytes} [Mon May 16 16:15:47 2022] GET /v2/schemas/image => generated 6083 bytes in 10 msecs (HTTP/1.1 200) 4 headers in 158 bytes (1 switches on core 0)
May 16 16:15:57 ubuntu devstack@g-api.service[131794]: DEBUG glance.api.middleware.version_negotiation [None req-cb44e083-a2c9-479f-b469-d02b601301b4 admin admin] Determining version of request: GET / Accept: application/json {{(pid=131794) process_request /opt/stack/glance/glance/api/middleware/version_negotiation.py:44}}
May 16 16:15:57 ubuntu devstack@g-api.service[131794]: DEBUG glance.api.middleware.version_negotiation [None req-cb44e083-a2c9-479f-b469-d02b601301b4 admin admin] Using url versioning {{(pid=131794) process_request /opt/stack/glance/glance/api/middleware/version_negotiation.py:57}}
May 16 16:15:57 ubuntu devstack@g-api.service[131794]: DEBUG glance.api.middleware.version_negotiation [None req-cb44e083-a2c9-479f-b469-d02b601301b4 admin admin] Unknown version. Returning version choices. {{(pid=131794) process_request /opt/stack/glance/glance/api/middleware/version_negotiation.py:64}}
May 16 16:15:57 ubuntu devstack@g-api.service[131794]: [pid: 131794|app: 0|req: 10/18] 127.0.0.1 () {34 vars in 492 bytes} [Mon May 16 16:15:57 2022] GET / => generated 1213 bytes in 6 msecs (HTTP/1.1 300) 3 headers in 106 bytes (1 switches on core 0)
May 16 16:15:57 ubuntu devstack@g-api.service[131795]: DEBUG glance.api.middleware.version_negotiation [None req-d5f344e3-78cb-4ce4-9860-8922a73aece6 admin admin] Determining version of request: GET /v2/images/4a4fed25-d8f6-4a9a-81a5-99f8c6fc8d63 Accept: */* {{(pid=131795) process_request /opt/stack/glance/glance/api/middleware/version_negotiation.py:44}}
May 16 16:15:57 ubuntu devstack@g-api.service[131795]: DEBUG glance.api.middleware.version_negotiation [None req-d5f344e3-78cb-4ce4-9860-8922a73aece6 admin admin] Using url versioning {{(pid=131795) process_request /opt/stack/glance/glance/api/middleware/version_negotiation.py:57}}
May 16 16:15:57 ubuntu devstack@g-api.service[131795]: DEBUG glance.api.middleware.version_negotiation [None req-d5f344e3-78cb-4ce4-9860-8922a73aece6 admin admin] Matched version: v2 {{(pid=131795) process_request /opt/stack/glance/glance/api/middleware/version_negotiation.py:69}}
May 16 16:15:57 ubuntu devstack@g-api.service[131795]: DEBUG glance.api.middleware.version_negotiation [None req-d5f344e3-78cb-4ce4-9860-8922a73aece6 admin admin] new path /v2/images/4a4fed25-d8f6-4a9a-81a5-99f8c6fc8d63 {{(pid=131795) process_request /opt/stack/glance/glance/api/middleware/version_negotiation.py:70}}
May 16 16:15:57 ubuntu devstack@g-api.service[131795]: WARNING keystonemiddleware.auth_token [None req-d5f344e3-78cb-4ce4-9860-8922a73aece6 admin admin] A valid token was submitted as a service token, but it was not a valid service token. This is incorrect but backwards compatible behaviour. This will be removed in future releases.
May 16 16:15:57 ubuntu devstack@g-api.service[131795]: [pid: 131795|app: 0|req: 9/19] 127.0.0.1 () {42 vars in 1049 bytes} [Mon May 16 16:15:57 2022] GET /v2/images/4a4fed25-d8f6-4a9a-81a5-99f8c6fc8d63 => generated 976 bytes in 248 msecs (HTTP/1.1 200) 4 headers in 157 bytes (1 switches on core 0)
May 16 16:15:57 ubuntu devstack@g-api.service[131794]: DEBUG glance.api.middleware.version_negotiation [None req-cb44e083-a2c9-479f-b469-d02b601301b4 admin admin] Determining version of request: GET /v2/schemas/image Accept: */* {{(pid=131794) process_request /opt/stack/glance/glance/api/middleware/version_negotiation.py:44}}
May 16 16:15:57 ubuntu devstack@g-api.service[131794]: DEBUG glance.api.middleware.version_negotiation [None req-cb44e083-a2c9-479f-b469-d02b601301b4 admin admin] Using url versioning {{(pid=131794) process_request /opt/stack/glance/glance/api/middleware/version_negotiation.py:57}}
May 16 16:15:57 ubuntu devstack@g-api.service[131794]: DEBUG glance.api.middleware.version_negotiation [None req-cb44e083-a2c9-479f-b469-d02b601301b4 admin admin] Matched version: v2 {{(pid=131794) process_request /opt/stack/glance/glance/api/middleware/version_negotiation.py:69}}
May 16 16:15:57 ubuntu devstack@g-api.service[131794]: DEBUG glance.api.middleware.version_negotiation [None req-cb44e083-a2c9-479f-b469-d02b601301b4 admin admin] new path /v2/schemas/image {{(pid=131794) process_request /opt/stack/glance/glance/api/middleware/version_negotiation.py:70}}
May 16 16:15:57 ubuntu devstack@g-api.service[131794]: WARNING keystonemiddleware.auth_token [None req-cb44e083-a2c9-479f-b469-d02b601301b4 admin admin] A valid token was submitted as a service token, but it was not a valid service token. This is incorrect but backwards compatible behaviour. This will be removed in future releases.
May 16 16:15:57 ubuntu devstack@g-api.service[131794]: [pid: 131794|app: 0|req: 11/20] 127.0.0.1 () {42 vars in 989 bytes} [Mon May 16 16:15:57 2022] GET /v2/schemas/image => generated 6083 bytes in 7 msecs (HTTP/1.1 200) 4 headers in 158 bytes (1 switches on core 0)
May 16 16:16:00 ubuntu devstack@g-api.service[131795]: DEBUG glance.api.middleware.version_negotiation [None req-15f8fe1c-2731-4301-a5f6-d5bd378c760b tempest-VolumesAdminNegativeTest-1457363426 tempest-VolumesAdminNegativeTest-1457363426-project] Determining version of request: GET /v2/images/4a4fed25-d8f6-4a9a-81a5-99f8c6fc8d63 Accept: */* {{(pid=131795) process_request /opt/stack/glance/glance/api/middleware/version_negotiation.py:44}}
May 16 16:16:00 ubuntu devstack@g-api.service[131795]: DEBUG glance.api.middleware.version_negotiation [None req-15f8fe1c-2731-4301-a5f6-d5bd378c760b tempest-VolumesAdminNegativeTest-1457363426 tempest-VolumesAdminNegativeTest-1457363426-project] Using url versioning {{(pid=131795) process_request /opt/stack/glance/glance/api/middleware/version_negotiation.py:57}}
May 16 16:16:00 ubuntu devstack@g-api.service[131795]: DEBUG glance.api.middleware.version_negotiation [None req-15f8fe1c-2731-4301-a5f6-d5bd378c760b tempest-VolumesAdminNegativeTest-1457363426 tempest-VolumesAdminNegativeTest-1457363426-project] Matched version: v2 {{(pid=131795) process_request /opt/stack/glance/glance/api/middleware/version_negotiation.py:69}}
May 16 16:16:00 ubuntu devstack@g-api.service[131795]: DEBUG glance.api.middleware.version_negotiation [None req-15f8fe1c-2731-4301-a5f6-d5bd378c760b tempest-VolumesAdminNegativeTest-1457363426 tempest-VolumesAdminNegativeTest-1457363426-project] new path /v2/images/4a4fed25-d8f6-4a9a-81a5-99f8c6fc8d63 {{(pid=131795) process_request /opt/stack/glance/glance/api/middleware/version_negotiation.py:70}}
May 16 16:16:00 ubuntu devstack@g-api.service[131795]: [pid: 131795|app: 0|req: 10/21] 127.0.0.1 () {42 vars in 1049 bytes} [Mon May 16 16:16:00 2022] GET /v2/images/4a4fed25-d8f6-4a9a-81a5-99f8c6fc8d63 => generated 976 bytes in 14 msecs (HTTP/1.1 200) 4 headers in 157 bytes (1 switches on core 0)
May 16 16:16:00 ubuntu devstack@g-api.service[131794]: DEBUG glance.api.middleware.version_negotiation [None req-15f8fe1c-2731-4301-a5f6-d5bd378c760b tempest-VolumesAdminNegativeTest-1457363426 tempest-VolumesAdminNegativeTest-1457363426-project] Determining version of request: GET /v2/images/4a4fed25-d8f6-4a9a-81a5-99f8c6fc8d63/file Accept: */* {{(pid=131794) process_request /opt/stack/glance/glance/api/middleware/version_negotiation.py:44}}
May 16 16:16:00 ubuntu devstack@g-api.service[131794]: DEBUG glance.api.middleware.version_negotiation [None req-15f8fe1c-2731-4301-a5f6-d5bd378c760b tempest-VolumesAdminNegativeTest-1457363426 tempest-VolumesAdminNegativeTest-1457363426-project] Using url versioning {{(pid=131794) process_request /opt/stack/glance/glance/api/middleware/version_negotiation.py:57}}
May 16 16:16:00 ubuntu devstack@g-api.service[131794]: DEBUG glance.api.middleware.version_negotiation [None req-15f8fe1c-2731-4301-a5f6-d5bd378c760b tempest-VolumesAdminNegativeTest-1457363426 tempest-VolumesAdminNegativeTest-1457363426-project] Matched version: v2 {{(pid=131794) process_request /opt/stack/glance/glance/api/middleware/version_negotiation.py:69}}
May 16 16:16:00 ubuntu devstack@g-api.service[131794]: DEBUG glance.api.middleware.version_negotiation [None req-15f8fe1c-2731-4301-a5f6-d5bd378c760b tempest-VolumesAdminNegativeTest-1457363426 tempest-VolumesAdminNegativeTest-1457363426-project] new path /v2/images/4a4fed25-d8f6-4a9a-81a5-99f8c6fc8d63/file {{(pid=131794) process_request /opt/stack/glance/glance/api/middleware/version_negotiation.py:70}}
May 16 16:16:00 ubuntu devstack@g-api.service[131794]: DEBUG glance_store.backend [None req-15f8fe1c-2731-4301-a5f6-d5bd378c760b tempest-VolumesAdminNegativeTest-1457363426 tempest-VolumesAdminNegativeTest-1457363426-project] Attempting to import store swift {{(pid=131794) _load_store /usr/local/lib/python3.8/dist-packages/glance_store/backend.py:217}}
May 16 16:16:00 ubuntu devstack@g-api.service[131794]: DEBUG glance_store.capabilities [None req-15f8fe1c-2731-4301-a5f6-d5bd378c760b tempest-VolumesAdminNegativeTest-1457363426 tempest-VolumesAdminNegativeTest-1457363426-project] Store glance_store._drivers.swift.store.SingleTenantStore doesn't support updating dynamic storage capabilities. Please overwrite 'update_capabilities' method of the store to implement updating logics if needed. {{(pid=131794) update_capabilities /usr/local/lib/python3.8/dist-packages/glance_store/capabilities.py:91}}
May 16 16:16:00 ubuntu devstack@g-api.service[131794]: DEBUG glance_store.driver [None req-15f8fe1c-2731-4301-a5f6-d5bd378c760b tempest-VolumesAdminNegativeTest-1457363426 tempest-VolumesAdminNegativeTest-1457363426-project] Late loading location class glance_store._drivers.swift.store.StoreLocation {{(pid=131794) get_store_location_class /usr/local/lib/python3.8/dist-packages/glance_store/driver.py:117}}
May 16 16:16:00 ubuntu devstack@g-api.service[131794]: DEBUG glance_store.location [None req-15f8fe1c-2731-4301-a5f6-d5bd378c760b tempest-VolumesAdminNegativeTest-1457363426 tempest-VolumesAdminNegativeTest-1457363426-project] Registering scheme swift+https with {'store': <glance_store._drivers.swift.store.SingleTenantStore object at 0x7f1b049ef8b0>, 'location_class': <class 'glance_store._drivers.swift.store.StoreLocation'>, 'store_entry': 'swift'} {{(pid=131794) register_scheme_map /usr/local/lib/python3.8/dist-packages/glance_store/location.py:146}}
May 16 16:16:00 ubuntu devstack@g-api.service[131794]: DEBUG glance_store.location [None req-15f8fe1c-2731-4301-a5f6-d5bd378c760b tempest-VolumesAdminNegativeTest-1457363426 tempest-VolumesAdminNegativeTest-1457363426-project] Registering scheme swift+https with {'store': <glance_store._drivers.swift.store.SingleTenantStore object at 0x7f1b049ef8b0>, 'location_class': <class 'glance_store._drivers.swift.store.StoreLocation'>, 'store_entry': 'swift'} {{(pid=131794) register_scheme_map /usr/local/lib/python3.8/dist-packages/glance_store/location.py:146}}
May 16 16:16:00 ubuntu devstack@g-api.service[131794]: DEBUG glance_store.location [None req-15f8fe1c-2731-4301-a5f6-d5bd378c760b tempest-VolumesAdminNegativeTest-1457363426 tempest-VolumesAdminNegativeTest-1457363426-project] Registering scheme swift with {'store': <glance_store._drivers.swift.store.SingleTenantStore object at 0x7f1b049ef8b0>, 'location_class': <class 'glance_store._drivers.swift.store.StoreLocation'>, 'store_entry': 'swift'} {{(pid=131794) register_scheme_map /usr/local/lib/python3.8/dist-packages/glance_store/location.py:146}}
May 16 16:16:00 ubuntu devstack@g-api.service[131794]: DEBUG glance_store.location [None req-15f8fe1c-2731-4301-a5f6-d5bd378c760b tempest-VolumesAdminNegativeTest-1457363426 tempest-VolumesAdminNegativeTest-1457363426-project] Registering scheme swift+https with {'store': <glance_store._drivers.swift.store.SingleTenantStore object at 0x7f1b049ef8b0>, 'location_class': <class 'glance_store._drivers.swift.store.StoreLocation'>, 'store_entry': 'swift'} {{(pid=131794) register_scheme_map /usr/local/lib/python3.8/dist-packages/glance_store/location.py:146}}
May 16 16:16:00 ubuntu devstack@g-api.service[131794]: DEBUG glance_store.location [None req-15f8fe1c-2731-4301-a5f6-d5bd378c760b tempest-VolumesAdminNegativeTest-1457363426 tempest-VolumesAdminNegativeTest-1457363426-project] Registering scheme swift with {'store': <glance_store._drivers.swift.store.SingleTenantStore object at 0x7f1b049ef8b0>, 'location_class': <class 'glance_store._drivers.swift.store.StoreLocation'>, 'store_entry': 'swift'} {{(pid=131794) register_scheme_map /usr/local/lib/python3.8/dist-packages/glance_store/location.py:146}}
May 16 16:16:00 ubuntu devstack@g-api.service[131794]: DEBUG glance_store.location [None req-15f8fe1c-2731-4301-a5f6-d5bd378c760b tempest-VolumesAdminNegativeTest-1457363426 tempest-VolumesAdminNegativeTest-1457363426-project] Registering scheme swift+http with {'store': <glance_store._drivers.swift.store.SingleTenantStore object at 0x7f1b049ef8b0>, 'location_class': <class 'glance_store._drivers.swift.store.StoreLocation'>, 'store_entry': 'swift'} {{(pid=131794) register_scheme_map /usr/local/lib/python3.8/dist-packages/glance_store/location.py:146}}
May 16 16:16:00 ubuntu devstack@g-api.service[131794]: DEBUG glance_store.location [None req-15f8fe1c-2731-4301-a5f6-d5bd378c760b tempest-VolumesAdminNegativeTest-1457363426 tempest-VolumesAdminNegativeTest-1457363426-project] Registering scheme swift+https with {'store': <glance_store._drivers.swift.store.SingleTenantStore object at 0x7f1b049ef8b0>, 'location_class': <class 'glance_store._drivers.swift.store.StoreLocation'>, 'store_entry': 'swift'} {{(pid=131794) register_scheme_map /usr/local/lib/python3.8/dist-packages/glance_store/location.py:146}}
May 16 16:16:00 ubuntu devstack@g-api.service[131794]: DEBUG glance_store.location [None req-15f8fe1c-2731-4301-a5f6-d5bd378c760b tempest-VolumesAdminNegativeTest-1457363426 tempest-VolumesAdminNegativeTest-1457363426-project] Registering scheme swift with {'store': <glance_store._drivers.swift.store.SingleTenantStore object at 0x7f1b049ef8b0>, 'location_class': <class 'glance_store._drivers.swift.store.StoreLocation'>, 'store_entry': 'swift'} {{(pid=131794) register_scheme_map /usr/local/lib/python3.8/dist-packages/glance_store/location.py:146}}
May 16 16:16:00 ubuntu devstack@g-api.service[131794]: DEBUG glance_store.location [None req-15f8fe1c-2731-4301-a5f6-d5bd378c760b tempest-VolumesAdminNegativeTest-1457363426 tempest-VolumesAdminNegativeTest-1457363426-project] Registering scheme swift+http with {'store': <glance_store._drivers.swift.store.SingleTenantStore object at 0x7f1b049ef8b0>, 'location_class': <class 'glance_store._drivers.swift.store.StoreLocation'>, 'store_entry': 'swift'} {{(pid=131794) register_scheme_map /usr/local/lib/python3.8/dist-packages/glance_store/location.py:146}}
May 16 16:16:00 ubuntu devstack@g-api.service[131794]: DEBUG glance_store.location [None req-15f8fe1c-2731-4301-a5f6-d5bd378c760b tempest-VolumesAdminNegativeTest-1457363426 tempest-VolumesAdminNegativeTest-1457363426-project] Registering scheme swift+config with {'store': <glance_store._drivers.swift.store.SingleTenantStore object at 0x7f1b049ef8b0>, 'location_class': <class 'glance_store._drivers.swift.store.StoreLocation'>, 'store_entry': 'swift'} {{(pid=131794) register_scheme_map /usr/local/lib/python3.8/dist-packages/glance_store/location.py:146}}
May 16 16:16:00 ubuntu devstack@g-api.service[131794]: DEBUG swiftclient [None req-15f8fe1c-2731-4301-a5f6-d5bd378c760b tempest-VolumesAdminNegativeTest-1457363426 tempest-VolumesAdminNegativeTest-1457363426-project] REQ: curl -i http://192.168.79.42:8080/v1/AUTH_9615c0e5b9144a2ab9e7118fee6c3619/glance/4a4fed25-d8f6-4a9a-81a5-99f8c6fc8d63 -X GET -H "X-Auth-Token: gAAAAABignjAS4V1..." {{(pid=131794) http_log /usr/local/lib/python3.8/dist-packages/swiftclient/client.py:187}}
May 16 16:16:00 ubuntu devstack@g-api.service[131794]: DEBUG swiftclient [None req-15f8fe1c-2731-4301-a5f6-d5bd378c760b tempest-VolumesAdminNegativeTest-1457363426 tempest-VolumesAdminNegativeTest-1457363426-project] RESP STATUS: 200 OK {{(pid=131794) http_log /usr/local/lib/python3.8/dist-packages/swiftclient/client.py:188}}
May 16 16:16:00 ubuntu devstack@g-api.service[131794]: DEBUG swiftclient [None req-15f8fe1c-2731-4301-a5f6-d5bd378c760b tempest-VolumesAdminNegativeTest-1457363426 tempest-VolumesAdminNegativeTest-1457363426-project] RESP HEADERS: {'Content-Type': 'application/octet-stream', 'Etag': '1d3062cd89af34e419f7100277f38b2b', 'Last-Modified': 'Mon, 16 May 2022 16:10:56 GMT', 'X-Timestamp': '1652717455.69058', 'Accept-Ranges': 'bytes', 'Content-Length': '16338944', 'X-Trans-Id': 'tx0ba74d6f94d74d79a43db-00628278c0', 'X-Openstack-Request-Id': 'tx0ba74d6f94d74d79a43db-00628278c0', 'Date': 'Mon, 16 May 2022 16:16:00 GMT'} {{(pid=131794) http_log /usr/local/lib/python3.8/dist-packages/swiftclient/client.py:189}}
May 16 16:16:00 ubuntu devstack@g-api.service[131794]: DEBUG glance.image_cache [None req-15f8fe1c-2731-4301-a5f6-d5bd378c760b tempest-VolumesAdminNegativeTest-1457363426 tempest-VolumesAdminNegativeTest-1457363426-project] Tee'ing image '4a4fed25-d8f6-4a9a-81a5-99f8c6fc8d63' into cache {{(pid=131794) get_caching_iter /opt/stack/glance/glance/image_cache/__init__.py:343}}
May 16 16:16:00 ubuntu devstack@g-api.service[131794]: DEBUG glance.image_cache.drivers.sqlite [None req-15f8fe1c-2731-4301-a5f6-d5bd378c760b tempest-VolumesAdminNegativeTest-1457363426 tempest-VolumesAdminNegativeTest-1457363426-project] Fetch finished, moving '/opt/stack/data/glance/cache/incomplete/4a4fed25-d8f6-4a9a-81a5-99f8c6fc8d63' to '/opt/stack/data/glance/cache/4a4fed25-d8f6-4a9a-81a5-99f8c6fc8d63' {{(pid=131794) commit /opt/stack/glance/glance/image_cache/drivers/sqlite.py:324}}
May 16 16:16:00 ubuntu devstack@g-api.service[131794]: [pid: 131794|app: 0|req: 12/22] 127.0.0.1 () {42 vars in 1059 bytes} [Mon May 16 16:16:00 2022] GET /v2/images/4a4fed25-d8f6-4a9a-81a5-99f8c6fc8d63/file => generated 16338944 bytes in 420 msecs (HTTP/1.1 200) 4 headers in 191 bytes (250 switches on core 0)
May 16 16:16:36 ubuntu devstack@g-api.service[131795]: DEBUG glance.api.middleware.version_negotiation [None req-15f8fe1c-2731-4301-a5f6-d5bd378c760b tempest-VolumesAdminNegativeTest-1457363426 tempest-VolumesAdminNegativeTest-1457363426-project] Determining version of request: GET / Accept: application/json {{(pid=131795) process_request /opt/stack/glance/glance/api/middleware/version_negotiation.py:44}}
May 16 16:16:36 ubuntu devstack@g-api.service[131795]: DEBUG glance.api.middleware.version_negotiation [None req-15f8fe1c-2731-4301-a5f6-d5bd378c760b tempest-VolumesAdminNegativeTest-1457363426 tempest-VolumesAdminNegativeTest-1457363426-project] Using url versioning {{(pid=131795) process_request /opt/stack/glance/glance/api/middleware/version_negotiation.py:57}}
May 16 16:16:36 ubuntu devstack@g-api.service[131795]: DEBUG glance.api.middleware.version_negotiation [None req-15f8fe1c-2731-4301-a5f6-d5bd378c760b tempest-VolumesAdminNegativeTest-1457363426 tempest-VolumesAdminNegativeTest-1457363426-project] Unknown version. Returning version choices. {{(pid=131795) process_request /opt/stack/glance/glance/api/middleware/version_negotiation.py:64}}
May 16 16:16:36 ubuntu devstack@g-api.service[131795]: [pid: 131795|app: 0|req: 11/23] 127.0.0.1 () {34 vars in 492 bytes} [Mon May 16 16:16:36 2022] GET / => generated 1213 bytes in 5 msecs (HTTP/1.1 300) 3 headers in 106 bytes (1 switches on core 0)
May 16 16:16:36 ubuntu devstack@g-api.service[131794]: DEBUG glance.api.middleware.version_negotiation [None req-15f8fe1c-2731-4301-a5f6-d5bd378c760b tempest-VolumesAdminNegativeTest-1457363426 tempest-VolumesAdminNegativeTest-1457363426-project] Determining version of request: GET /v2/images/4a4fed25-d8f6-4a9a-81a5-99f8c6fc8d63 Accept: */* {{(pid=131794) process_request /opt/stack/glance/glance/api/middleware/version_negotiation.py:44}}
May 16 16:16:36 ubuntu devstack@g-api.service[131794]: DEBUG glance.api.middleware.version_negotiation [None req-15f8fe1c-2731-4301-a5f6-d5bd378c760b tempest-VolumesAdminNegativeTest-1457363426 tempest-VolumesAdminNegativeTest-1457363426-project] Using url versioning {{(pid=131794) process_request /opt/stack/glance/glance/api/middleware/version_negotiation.py:57}}
May 16 16:16:36 ubuntu devstack@g-api.service[131794]: DEBUG glance.api.middleware.version_negotiation [None req-15f8fe1c-2731-4301-a5f6-d5bd378c760b tempest-VolumesAdminNegativeTest-1457363426 tempest-VolumesAdminNegativeTest-1457363426-project] Matched version: v2 {{(pid=131794) process_request /opt/stack/glance/glance/api/middleware/version_negotiation.py:69}}
May 16 16:16:36 ubuntu devstack@g-api.service[131794]: DEBUG glance.api.middleware.version_negotiation [None req-15f8fe1c-2731-4301-a5f6-d5bd378c760b tempest-VolumesAdminNegativeTest-1457363426 tempest-VolumesAdminNegativeTest-1457363426-project] new path /v2/images/4a4fed25-d8f6-4a9a-81a5-99f8c6fc8d63 {{(pid=131794) process_request /opt/stack/glance/glance/api/middleware/version_negotiation.py:70}}
May 16 16:16:36 ubuntu devstack@g-api.service[131794]: [pid: 131794|app: 0|req: 13/24] 127.0.0.1 () {42 vars in 1049 bytes} [Mon May 16 16:16:36 2022] GET /v2/images/4a4fed25-d8f6-4a9a-81a5-99f8c6fc8d63 => generated 976 bytes in 21 msecs (HTTP/1.1 200) 4 headers in 157 bytes (1 switches on core 0)
May 16 16:16:36 ubuntu devstack@g-api.service[131795]: DEBUG glance.api.middleware.version_negotiation [None req-15f8fe1c-2731-4301-a5f6-d5bd378c760b tempest-VolumesAdminNegativeTest-1457363426 tempest-VolumesAdminNegativeTest-1457363426-project] Determining version of request: GET /v2/schemas/image Accept: */* {{(pid=131795) process_request /opt/stack/glance/glance/api/middleware/version_negotiation.py:44}}
May 16 16:16:36 ubuntu devstack@g-api.service[131795]: DEBUG glance.api.middleware.version_negotiation [None req-15f8fe1c-2731-4301-a5f6-d5bd378c760b tempest-VolumesAdminNegativeTest-1457363426 tempest-VolumesAdminNegativeTest-1457363426-project] Using url versioning {{(pid=131795) process_request /opt/stack/glance/glance/api/middleware/version_negotiation.py:57}}
May 16 16:16:36 ubuntu devstack@g-api.service[131795]: DEBUG glance.api.middleware.version_negotiation [None req-15f8fe1c-2731-4301-a5f6-d5bd378c760b tempest-VolumesAdminNegativeTest-1457363426 tempest-VolumesAdminNegativeTest-1457363426-project] Matched version: v2 {{(pid=131795) process_request /opt/stack/glance/glance/api/middleware/version_negotiation.py:69}}
May 16 16:16:36 ubuntu devstack@g-api.service[131795]: DEBUG glance.api.middleware.version_negotiation [None req-15f8fe1c-2731-4301-a5f6-d5bd378c760b tempest-VolumesAdminNegativeTest-1457363426 tempest-VolumesAdminNegativeTest-1457363426-project] new path /v2/schemas/image {{(pid=131795) process_request /opt/stack/glance/glance/api/middleware/version_negotiation.py:70}}
May 16 16:16:36 ubuntu devstack@g-api.service[131795]: [pid: 131795|app: 0|req: 12/25] 127.0.0.1 () {42 vars in 989 bytes} [Mon May 16 16:16:36 2022] GET /v2/schemas/image => generated 6083 bytes in 9 msecs (HTTP/1.1 200) 4 headers in 158 bytes (1 switches on core 0)
May 16 16:17:00 ubuntu devstack@g-api.service[131794]: DEBUG glance.api.middleware.version_negotiation [None req-70b569da-484c-4fbb-ad93-e08089a2297c tempest-DeleteServersTestJSON-2002705744 tempest-DeleteServersTestJSON-2002705744-project] Determining version of request: GET /v2/images/4a4fed25-d8f6-4a9a-81a5-99f8c6fc8d63 Accept: */* {{(pid=131794) process_request /opt/stack/glance/glance/api/middleware/version_negotiation.py:44}}
May 16 16:17:00 ubuntu devstack@g-api.service[131794]: DEBUG glance.api.middleware.version_negotiation [None req-70b569da-484c-4fbb-ad93-e08089a2297c tempest-DeleteServersTestJSON-2002705744 tempest-DeleteServersTestJSON-2002705744-project] Using url versioning {{(pid=131794) process_request /opt/stack/glance/glance/api/middleware/version_negotiation.py:57}}
May 16 16:17:00 ubuntu devstack@g-api.service[131794]: DEBUG glance.api.middleware.version_negotiation [None req-70b569da-484c-4fbb-ad93-e08089a2297c tempest-DeleteServersTestJSON-2002705744 tempest-DeleteServersTestJSON-2002705744-project] Matched version: v2 {{(pid=131794) process_request /opt/stack/glance/glance/api/middleware/version_negotiation.py:69}}
May 16 16:17:00 ubuntu devstack@g-api.service[131794]: DEBUG glance.api.middleware.version_negotiation [None req-70b569da-484c-4fbb-ad93-e08089a2297c tempest-DeleteServersTestJSON-2002705744 tempest-DeleteServersTestJSON-2002705744-project] new path /v2/images/4a4fed25-d8f6-4a9a-81a5-99f8c6fc8d63 {{(pid=131794) process_request /opt/stack/glance/glance/api/middleware/version_negotiation.py:70}}
May 16 16:17:00 ubuntu devstack@g-api.service[131794]: [pid: 131794|app: 0|req: 14/26] 127.0.0.1 () {42 vars in 1049 bytes} [Mon May 16 16:17:00 2022] GET /v2/images/4a4fed25-d8f6-4a9a-81a5-99f8c6fc8d63 => generated 976 bytes in 20 msecs (HTTP/1.1 200) 4 headers in 157 bytes (1 switches on core 0)
May 16 16:17:00 ubuntu devstack@g-api.service[131795]: DEBUG glance.api.middleware.version_negotiation [None req-70b569da-484c-4fbb-ad93-e08089a2297c tempest-DeleteServersTestJSON-2002705744 tempest-DeleteServersTestJSON-2002705744-project] Determining version of request: GET /v2/schemas/image Accept: */* {{(pid=131795) process_request /opt/stack/glance/glance/api/middleware/version_negotiation.py:44}}
