Apr 22 17:44:55 ubuntu neutron-server[116708]: INFO neutron.api.extensions [None req-c9b15470-4515-46fe-a4b8-73dc06136b8f None None] Extension vlan-transparent not supported by any of loaded plugins
Apr 22 17:44:55 ubuntu neutron-server[116708]: INFO neutron.quota.resource_registry [None req-c9b15470-4515-46fe-a4b8-73dc06136b8f None None] Creating instance of TrackedResource for resource:network
Apr 22 17:44:55 ubuntu neutron-server[116708]: INFO neutron.quota.resource_registry [None req-c9b15470-4515-46fe-a4b8-73dc06136b8f None None] Creating instance of TrackedResource for resource:subnet
Apr 22 17:44:55 ubuntu neutron-server[116708]: INFO neutron.quota.resource_registry [None req-c9b15470-4515-46fe-a4b8-73dc06136b8f None None] Creating instance of TrackedResource for resource:subnetpool
Apr 22 17:44:55 ubuntu neutron-server[116708]: INFO neutron.quota.resource_registry [None req-c9b15470-4515-46fe-a4b8-73dc06136b8f None None] Creating instance of TrackedResource for resource:port
Apr 22 17:44:55 ubuntu neutron-server[116708]: DEBUG neutron.api.v2.resource_helper [None req-c9b15470-4515-46fe-a4b8-73dc06136b8f None None] Service FLAVORS assigned prefix:  {{(pid=116708) build_resource_info /opt/stack/neutron/neutron/api/v2/resource_helper.py:77}}
Apr 22 17:44:55 ubuntu neutron-server[116708]: DEBUG neutron.api.v2.resource_helper [None req-c9b15470-4515-46fe-a4b8-73dc06136b8f None None] Service L3_ROUTER_NAT assigned prefix:  {{(pid=116708) build_resource_info /opt/stack/neutron/neutron/api/v2/resource_helper.py:77}}
Apr 22 17:44:55 ubuntu neutron-server[116708]: DEBUG neutron.api.v2.resource_helper [None req-c9b15470-4515-46fe-a4b8-73dc06136b8f None None] Service L3_ROUTER_NAT assigned prefix:  {{(pid=116708) build_resource_info /opt/stack/neutron/neutron/api/v2/resource_helper.py:77}}
Apr 22 17:44:55 ubuntu neutron-server[116708]: INFO neutron.quota.resource_registry [None req-c9b15470-4515-46fe-a4b8-73dc06136b8f None None] Creating instance of TrackedResource for resource:router
Apr 22 17:44:55 ubuntu neutron-server[116708]: INFO neutron.quota.resource_registry [None req-c9b15470-4515-46fe-a4b8-73dc06136b8f None None] Creating instance of TrackedResource for resource:floatingip
Apr 22 17:44:55 ubuntu neutron-server[116708]: DEBUG neutron_lib.callbacks.manager [None req-c9b15470-4515-46fe-a4b8-73dc06136b8f None None] Subscribe: <bound method NeutronDbPluginV2.validate_network_rbac_policy_change of <neutron.services.network_ip_availability.plugin.NetworkIPAvailabilityPlugin object at 0x7fe2dde12160>> rbac-policy before_create 55550000 {{(pid=116708) subscribe /usr/local/lib/python3.8/dist-packages/neutron_lib/callbacks/manager.py:45}}
Apr 22 17:44:55 ubuntu neutron-server[116708]: DEBUG neutron_lib.callbacks.manager [None req-c9b15470-4515-46fe-a4b8-73dc06136b8f None None] Subscribe: <bound method NeutronDbPluginV2.validate_network_rbac_policy_change of <neutron.services.network_ip_availability.plugin.NetworkIPAvailabilityPlugin object at 0x7fe2dde12160>> rbac-policy before_update 55550000 {{(pid=116708) subscribe /usr/local/lib/python3.8/dist-packages/neutron_lib/callbacks/manager.py:45}}
Apr 22 17:44:55 ubuntu neutron-server[116708]: DEBUG neutron_lib.callbacks.manager [None req-c9b15470-4515-46fe-a4b8-73dc06136b8f None None] Subscribe: <bound method NeutronDbPluginV2.validate_network_rbac_policy_change of <neutron.services.network_ip_availability.plugin.NetworkIPAvailabilityPlugin object at 0x7fe2dde12160>> rbac-policy before_delete 55550000 {{(pid=116708) subscribe /usr/local/lib/python3.8/dist-packages/neutron_lib/callbacks/manager.py:45}}
Apr 22 17:44:55 ubuntu neutron-server[116708]: INFO neutron.quota.resource_registry [None req-c9b15470-4515-46fe-a4b8-73dc06136b8f None None] Creating instance of CountableResource for resource:rbac_policy
Apr 22 17:44:55 ubuntu neutron-server[116708]: INFO neutron.quota.resource_registry [None req-c9b15470-4515-46fe-a4b8-73dc06136b8f None None] Creating instance of TrackedResource for resource:security_group
Apr 22 17:44:55 ubuntu neutron-server[116708]: INFO neutron.quota.resource_registry [None req-c9b15470-4515-46fe-a4b8-73dc06136b8f None None] Creating instance of TrackedResource for resource:security_group_rule
Apr 22 17:44:55 ubuntu neutron-server[116708]: DEBUG neutron.api.v2.resource_helper [None req-c9b15470-4515-46fe-a4b8-73dc06136b8f None None] Service FLAVORS assigned prefix:  {{(pid=116708) build_resource_info /opt/stack/neutron/neutron/api/v2/resource_helper.py:77}}
Apr 22 17:44:55 ubuntu neutron-server[116708]: DEBUG neutron.api.v2.resource_helper [None req-c9b15470-4515-46fe-a4b8-73dc06136b8f None None] Service L3_ROUTER_NAT assigned prefix:  {{(pid=116708) build_resource_info /opt/stack/neutron/neutron/api/v2/resource_helper.py:77}}
Apr 22 17:44:55 ubuntu neutron-server[116708]: DEBUG neutron.api.v2.resource_helper [None req-c9b15470-4515-46fe-a4b8-73dc06136b8f None None] Service L3_ROUTER_NAT assigned prefix:  {{(pid=116708) build_resource_info /opt/stack/neutron/neutron/api/v2/resource_helper.py:77}}
Apr 22 17:44:55 ubuntu neutron-server[116708]: INFO neutron.quota.resource_registry [None req-c9b15470-4515-46fe-a4b8-73dc06136b8f None None] Creating instance of TrackedResource for resource:router
Apr 22 17:44:55 ubuntu neutron-server[116708]: WARNING neutron.quota.resource_registry [None req-c9b15470-4515-46fe-a4b8-73dc06136b8f None None] router is already registered
Apr 22 17:44:55 ubuntu neutron-server[116708]: INFO neutron.quota.resource_registry [None req-c9b15470-4515-46fe-a4b8-73dc06136b8f None None] Creating instance of TrackedResource for resource:floatingip
Apr 22 17:44:55 ubuntu neutron-server[116708]: WARNING neutron.quota.resource_registry [None req-c9b15470-4515-46fe-a4b8-73dc06136b8f None None] floatingip is already registered
Apr 22 17:44:55 ubuntu neutron-server[116708]: INFO neutron.quota.resource_registry [None req-c9b15470-4515-46fe-a4b8-73dc06136b8f None None] Creating instance of CountableResource for resource:rbac_policy
Apr 22 17:44:55 ubuntu neutron-server[116708]: WARNING neutron.quota.resource_registry [None req-c9b15470-4515-46fe-a4b8-73dc06136b8f None None] rbac_policy is already registered
Apr 22 17:44:55 ubuntu neutron-server[116708]: INFO neutron.quota.resource_registry [None req-c9b15470-4515-46fe-a4b8-73dc06136b8f None None] Creating instance of TrackedResource for resource:security_group
Apr 22 17:44:55 ubuntu neutron-server[116708]: WARNING neutron.quota.resource_registry [None req-c9b15470-4515-46fe-a4b8-73dc06136b8f None None] security_group is already registered
Apr 22 17:44:55 ubuntu neutron-server[116708]: INFO neutron.quota.resource_registry [None req-c9b15470-4515-46fe-a4b8-73dc06136b8f None None] Creating instance of TrackedResource for resource:security_group_rule
Apr 22 17:44:55 ubuntu neutron-server[116708]: WARNING neutron.quota.resource_registry [None req-c9b15470-4515-46fe-a4b8-73dc06136b8f None None] security_group_rule is already registered
Apr 22 17:44:55 ubuntu neutron-server[116708]: DEBUG neutron.api.extensions [None req-c9b15470-4515-46fe-a4b8-73dc06136b8f None None] Extended resource: extensions {{(pid=116708) __init__ /opt/stack/neutron/neutron/api/extensions.py:157}}
Apr 22 17:44:55 ubuntu neutron-server[116708]: DEBUG neutron.api.extensions [None req-c9b15470-4515-46fe-a4b8-73dc06136b8f None None] Extended resource: address-groups {{(pid=116708) __init__ /opt/stack/neutron/neutron/api/extensions.py:157}}
Apr 22 17:44:55 ubuntu neutron-server[116708]: DEBUG neutron.api.extensions [None req-c9b15470-4515-46fe-a4b8-73dc06136b8f None None] Extended resource: address-scopes {{(pid=116708) __init__ /opt/stack/neutron/neutron/api/extensions.py:157}}
Apr 22 17:44:55 ubuntu neutron-server[116708]: DEBUG neutron.api.extensions [None req-c9b15470-4515-46fe-a4b8-73dc06136b8f None None] Extended resource: agents {{(pid=116708) __init__ /opt/stack/neutron/neutron/api/extensions.py:157}}
Apr 22 17:44:55 ubuntu neutron-server[116708]: DEBUG neutron.api.extensions [None req-c9b15470-4515-46fe-a4b8-73dc06136b8f None None] Extended resource: auto-allocated-topology {{(pid=116708) __init__ /opt/stack/neutron/neutron/api/extensions.py:157}}
Apr 22 17:44:55 ubuntu neutron-server[116708]: DEBUG neutron.api.extensions [None req-c9b15470-4515-46fe-a4b8-73dc06136b8f None None] Extended resource: availability_zones {{(pid=116708) __init__ /opt/stack/neutron/neutron/api/extensions.py:157}}
Apr 22 17:44:55 ubuntu neutron-server[116708]: DEBUG neutron.api.extensions [None req-c9b15470-4515-46fe-a4b8-73dc06136b8f None None] Extended resource: flavors {{(pid=116708) __init__ /opt/stack/neutron/neutron/api/extensions.py:157}}
Apr 22 17:44:55 ubuntu neutron-server[116708]: DEBUG neutron.api.extensions [None req-c9b15470-4515-46fe-a4b8-73dc06136b8f None None] Extended resource: service_profiles {{(pid=116708) __init__ /opt/stack/neutron/neutron/api/extensions.py:157}}
Apr 22 17:44:55 ubuntu neutron-server[116708]: DEBUG neutron.api.extensions [None req-c9b15470-4515-46fe-a4b8-73dc06136b8f None None] Extended resource: next_providers {{(pid=116708) __init__ /opt/stack/neutron/neutron/api/extensions.py:157}}
Apr 22 17:44:55 ubuntu neutron-server[116708]: DEBUG neutron.api.extensions [None req-c9b15470-4515-46fe-a4b8-73dc06136b8f None None] Extended resource: service_profiles {{(pid=116708) __init__ /opt/stack/neutron/neutron/api/extensions.py:157}}
Apr 22 17:44:55 ubuntu neutron-server[116708]: DEBUG neutron.api.extensions [None req-c9b15470-4515-46fe-a4b8-73dc06136b8f None None] Extended resource: floatingip-pools {{(pid=116708) __init__ /opt/stack/neutron/neutron/api/extensions.py:157}}
Apr 22 17:44:55 ubuntu neutron-server[116708]: DEBUG neutron.api.extensions [None req-c9b15470-4515-46fe-a4b8-73dc06136b8f None None] Extended resource: routers {{(pid=116708) __init__ /opt/stack/neutron/neutron/api/extensions.py:157}}
Apr 22 17:44:55 ubuntu neutron-server[116708]: DEBUG neutron.api.extensions [None req-c9b15470-4515-46fe-a4b8-73dc06136b8f None None] Extended resource: floatingips {{(pid=116708) __init__ /opt/stack/neutron/neutron/api/extensions.py:157}}
Apr 22 17:44:55 ubuntu neutron-server[116708]: DEBUG neutron.api.extensions [None req-c9b15470-4515-46fe-a4b8-73dc06136b8f None None] Extended resource: network-ip-availabilities {{(pid=116708) __init__ /opt/stack/neutron/neutron/api/extensions.py:157}}
Apr 22 17:44:55 ubuntu neutron-server[116708]: DEBUG neutron.api.extensions [None req-c9b15470-4515-46fe-a4b8-73dc06136b8f None None] Extended resource: bindings {{(pid=116708) __init__ /opt/stack/neutron/neutron/api/extensions.py:157}}
Apr 22 17:44:55 ubuntu neutron-server[116708]: DEBUG neutron.api.extensions [None req-c9b15470-4515-46fe-a4b8-73dc06136b8f None None] Extended resource: quotas {{(pid=116708) __init__ /opt/stack/neutron/neutron/api/extensions.py:157}}
Apr 22 17:44:55 ubuntu neutron-server[116708]: DEBUG neutron.api.extensions [None req-c9b15470-4515-46fe-a4b8-73dc06136b8f None None] Extended resource: quotas {{(pid=116708) __init__ /opt/stack/neutron/neutron/api/extensions.py:157}}
Apr 22 17:44:55 ubuntu neutron-server[116708]: DEBUG neutron.api.extensions [None req-c9b15470-4515-46fe-a4b8-73dc06136b8f None None] Extended resource: rbac-policies {{(pid=116708) __init__ /opt/stack/neutron/neutron/api/extensions.py:157}}
Apr 22 17:44:55 ubuntu neutron-server[116708]: DEBUG neutron.api.extensions [None req-c9b15470-4515-46fe-a4b8-73dc06136b8f None None] Extended resource: security-groups {{(pid=116708) __init__ /opt/stack/neutron/neutron/api/extensions.py:157}}
Apr 22 17:44:55 ubuntu neutron-server[116708]: DEBUG neutron.api.extensions [None req-c9b15470-4515-46fe-a4b8-73dc06136b8f None None] Extended resource: security-group-rules {{(pid=116708) __init__ /opt/stack/neutron/neutron/api/extensions.py:157}}
Apr 22 17:44:55 ubuntu neutron-server[116708]: DEBUG neutron.api.extensions [None req-c9b15470-4515-46fe-a4b8-73dc06136b8f None None] Extended resource: service-providers {{(pid=116708) __init__ /opt/stack/neutron/neutron/api/extensions.py:157}}
Apr 22 17:44:55 ubuntu neutron-server[116708]: DEBUG neutron.api.extensions [None req-c9b15470-4515-46fe-a4b8-73dc06136b8f None None] Extended resource: tags {{(pid=116708) __init__ /opt/stack/neutron/neutron/api/extensions.py:157}}
Apr 22 17:44:55 ubuntu neutron-server[116708]: DEBUG neutron.api.extensions [None req-c9b15470-4515-46fe-a4b8-73dc06136b8f None None] Extended resource: tags {{(pid=116708) __init__ /opt/stack/neutron/neutron/api/extensions.py:157}}
Apr 22 17:44:55 ubuntu neutron-server[116708]: DEBUG neutron.api.extensions [None req-c9b15470-4515-46fe-a4b8-73dc06136b8f None None] Extended resource: tags {{(pid=116708) __init__ /opt/stack/neutron/neutron/api/extensions.py:157}}
Apr 22 17:44:55 ubuntu neutron-server[116708]: DEBUG neutron.api.extensions [None req-c9b15470-4515-46fe-a4b8-73dc06136b8f None None] Extended resource: tags {{(pid=116708) __init__ /opt/stack/neutron/neutron/api/extensions.py:157}}
Apr 22 17:44:55 ubuntu neutron-server[116708]: DEBUG neutron.api.extensions [None req-c9b15470-4515-46fe-a4b8-73dc06136b8f None None] Extended resource: tags {{(pid=116708) __init__ /opt/stack/neutron/neutron/api/extensions.py:157}}
Apr 22 17:44:55 ubuntu neutron-server[116708]: DEBUG neutron.api.extensions [None req-c9b15470-4515-46fe-a4b8-73dc06136b8f None None] Extended resource: tags {{(pid=116708) __init__ /opt/stack/neutron/neutron/api/extensions.py:157}}
Apr 22 17:44:55 ubuntu neutron-server[116708]: DEBUG neutron.api.extensions [None req-c9b15470-4515-46fe-a4b8-73dc06136b8f None None] Extended resource: tags {{(pid=116708) __init__ /opt/stack/neutron/neutron/api/extensions.py:157}}
Apr 22 17:44:55 ubuntu neutron-server[116708]: DEBUG neutron.api.extensions [None req-c9b15470-4515-46fe-a4b8-73dc06136b8f None None] Extended resource: tags {{(pid=116708) __init__ /opt/stack/neutron/neutron/api/extensions.py:157}}
Apr 22 17:44:55 ubuntu neutron-server[116708]: DEBUG neutron.api.extensions [None req-c9b15470-4515-46fe-a4b8-73dc06136b8f None None] Extended resource: tags {{(pid=116708) __init__ /opt/stack/neutron/neutron/api/extensions.py:157}}
Apr 22 17:44:55 ubuntu neutron-server[116708]: DEBUG neutron.api.extensions [None req-c9b15470-4515-46fe-a4b8-73dc06136b8f None None] Extended resource: tags {{(pid=116708) __init__ /opt/stack/neutron/neutron/api/extensions.py:157}}
Apr 22 17:44:55 ubuntu neutron-server[116708]: WARNING keystonemiddleware.auth_token [None req-c9b15470-4515-46fe-a4b8-73dc06136b8f None None] AuthToken middleware is set with keystone_authtoken.service_token_roles_required set to False. This is backwards compatible but deprecated behaviour. Please set this to True.
Apr 22 17:44:55 ubuntu neutron-server[116708]: WARNING keystonemiddleware.auth_token [None req-c9b15470-4515-46fe-a4b8-73dc06136b8f None None] Configuring www_authenticate_uri to point to the public identity endpoint is required; clients may not be able to authenticate against an admin endpoint
Apr 22 17:44:55 ubuntu neutron-server[116708]: DEBUG oslo_concurrency.lockutils [None req-c9b15470-4515-46fe-a4b8-73dc06136b8f None None] Acquired lock "singleton_lock" {{(pid=116708) lock /usr/local/lib/python3.8/dist-packages/oslo_concurrency/lockutils.py:294}}
Apr 22 17:44:55 ubuntu neutron-server[116708]: DEBUG oslo_concurrency.lockutils [None req-c9b15470-4515-46fe-a4b8-73dc06136b8f None None] Releasing lock "singleton_lock" {{(pid=116708) lock /usr/local/lib/python3.8/dist-packages/oslo_concurrency/lockutils.py:312}}
Apr 22 17:44:55 ubuntu neutron-server[116708]: INFO oslo_service.service [None req-c9b15470-4515-46fe-a4b8-73dc06136b8f None None] Starting 2 workers
Apr 22 17:44:55 ubuntu neutron-server[116708]: DEBUG oslo_service.service [None req-c9b15470-4515-46fe-a4b8-73dc06136b8f None None] Started child 116953 {{(pid=116708) _start_child /usr/local/lib/python3.8/dist-packages/oslo_service/service.py:575}}
Apr 22 17:44:55 ubuntu neutron-server[116708]: DEBUG oslo_service.service [None req-c9b15470-4515-46fe-a4b8-73dc06136b8f None None] Started child 116954 {{(pid=116708) _start_child /usr/local/lib/python3.8/dist-packages/oslo_service/service.py:575}}
Apr 22 17:44:55 ubuntu neutron-server[116708]: INFO neutron.service [None req-c9b15470-4515-46fe-a4b8-73dc06136b8f None None] Neutron service started, listening on 0.0.0.0:9696
Apr 22 17:44:55 ubuntu neutron-server[116708]: DEBUG neutron_lib.callbacks.manager [None req-c9b15470-4515-46fe-a4b8-73dc06136b8f None None] Publish callbacks ['neutron.plugins.ml2.drivers.ovn.mech_driver.mech_driver.OVNMechanismDriver.pre_fork_initialize-3947123'] for process (None), before_spawn {{(pid=116708) _notify_loop /usr/local/lib/python3.8/dist-packages/neutron_lib/callbacks/manager.py:176}}
Apr 22 17:44:55 ubuntu neutron-server[116953]: DEBUG neutron_lib.callbacks.manager [-] Publish callbacks ['neutron.plugins.ml2.drivers.ovn.mech_driver.mech_driver.OVNMechanismDriver.post_fork_initialize-3947095'] for process (None), after_init {{(pid=116953) _notify_loop /usr/local/lib/python3.8/dist-packages/neutron_lib/callbacks/manager.py:176}}
Apr 22 17:44:55 ubuntu neutron-server[116954]: DEBUG neutron_lib.callbacks.manager [-] Publish callbacks ['neutron.plugins.ml2.drivers.ovn.mech_driver.mech_driver.OVNMechanismDriver.post_fork_initialize-3947095'] for process (None), after_init {{(pid=116954) _notify_loop /usr/local/lib/python3.8/dist-packages/neutron_lib/callbacks/manager.py:176}}
Apr 22 17:44:55 ubuntu neutron-server[116708]: DEBUG ovsdbapp.backend.ovs_idl [None req-c9b15470-4515-46fe-a4b8-73dc06136b8f None None] Created schema index Port_Group.name {{(pid=116708) autocreate_indices /usr/local/lib/python3.8/dist-packages/ovsdbapp/backend/ovs_idl/__init__.py:104}}
Apr 22 17:44:55 ubuntu neutron-server[116708]: DEBUG ovsdbapp.backend.ovs_idl [None req-c9b15470-4515-46fe-a4b8-73dc06136b8f None None] Created schema index Logical_Switch_Port.name {{(pid=116708) autocreate_indices /usr/local/lib/python3.8/dist-packages/ovsdbapp/backend/ovs_idl/__init__.py:104}}
Apr 22 17:44:55 ubuntu neutron-server[116954]: INFO neutron.plugins.ml2.drivers.ovn.mech_driver.ovsdb.impl_idl_ovn [None req-f1181335-89d8-4d1f-bd8a-17bf21271dd0 None None] Getting OvsdbNbOvnIdl for WorkerService with retry
Apr 22 17:44:55 ubuntu neutron-server[116953]: INFO neutron.plugins.ml2.drivers.ovn.mech_driver.ovsdb.impl_idl_ovn [None req-d2107f8d-c2ac-4285-a7bd-bd829ac4ff71 None None] Getting OvsdbNbOvnIdl for WorkerService with retry
Apr 22 17:44:55 ubuntu neutron-server[116708]: DEBUG ovsdbapp.backend.ovs_idl.transaction [-] Running txn n=1 command(idx=0): PgAddCommand(name=neutron_pg_drop, may_exist=True, columns={'acls': []}) {{(pid=116708) do_commit /usr/local/lib/python3.8/dist-packages/ovsdbapp/backend/ovs_idl/transaction.py:90}}
Apr 22 17:44:55 ubuntu neutron-server[116708]: DEBUG ovsdbapp.backend.ovs_idl.transaction [-] Running txn n=1 command(idx=1): PgAclAddCommand(entity=neutron_pg_drop, direction=from-lport, priority=1001, match=inport == @neutron_pg_drop && ip, action=drop, log=False, may_exist=True, severity=[], name=[], meter=None, external_ids={}) {{(pid=116708) do_commit /usr/local/lib/python3.8/dist-packages/ovsdbapp/backend/ovs_idl/transaction.py:90}}
Apr 22 17:44:55 ubuntu neutron-server[116708]: DEBUG ovsdbapp.backend.ovs_idl.transaction [-] Running txn n=1 command(idx=2): PgAclAddCommand(entity=neutron_pg_drop, direction=to-lport, priority=1001, match=outport == @neutron_pg_drop && ip, action=drop, log=False, may_exist=True, severity=[], name=[], meter=None, external_ids={}) {{(pid=116708) do_commit /usr/local/lib/python3.8/dist-packages/ovsdbapp/backend/ovs_idl/transaction.py:90}}
Apr 22 17:44:55 ubuntu neutron-server[116954]: DEBUG ovsdbapp.backend.ovs_idl [None req-f1181335-89d8-4d1f-bd8a-17bf21271dd0 None None] Created lookup_table index Logical_Switch.name {{(pid=116954) autocreate_indices /usr/local/lib/python3.8/dist-packages/ovsdbapp/backend/ovs_idl/__init__.py:85}}
Apr 22 17:44:55 ubuntu neutron-server[116708]: DEBUG ovsdbapp.backend.ovs_idl.event [-] Matched CREATE: NeutronPgDropPortGroupCreated(events=('create',), table='Port_Group', conditions=(('name', '=', 'neutron_pg_drop'),), old_conditions=None), priority=10 to row=Port_Group(name=neutron_pg_drop, ports=[], external_ids={}, acls=[<ovs.db.idl.Row object at 0x7fe2dd6d02b0>, <ovs.db.idl.Row object at 0x7fe2dd6cabe0>]) old= {{(pid=116708) matches /usr/local/lib/python3.8/dist-packages/ovsdbapp/backend/ovs_idl/event.py:43}}
Apr 22 17:44:55 ubuntu neutron-server[116954]: DEBUG ovsdbapp.backend.ovs_idl [None req-f1181335-89d8-4d1f-bd8a-17bf21271dd0 None None] Created lookup_table index Logical_Router.name {{(pid=116954) autocreate_indices /usr/local/lib/python3.8/dist-packages/ovsdbapp/backend/ovs_idl/__init__.py:85}}
Apr 22 17:44:56 ubuntu neutron-server[116954]: DEBUG ovsdbapp.backend.ovs_idl [None req-f1181335-89d8-4d1f-bd8a-17bf21271dd0 None None] Created lookup_table index Load_Balancer.name {{(pid=116954) autocreate_indices /usr/local/lib/python3.8/dist-packages/ovsdbapp/backend/ovs_idl/__init__.py:85}}
Apr 22 17:44:56 ubuntu neutron-server[116954]: DEBUG ovsdbapp.backend.ovs_idl [None req-f1181335-89d8-4d1f-bd8a-17bf21271dd0 None None] Created schema index Meter.name {{(pid=116954) autocreate_indices /usr/local/lib/python3.8/dist-packages/ovsdbapp/backend/ovs_idl/__init__.py:104}}
Apr 22 17:44:56 ubuntu neutron-server[116954]: DEBUG ovsdbapp.backend.ovs_idl [None req-f1181335-89d8-4d1f-bd8a-17bf21271dd0 None None] Created schema index Address_Set.name {{(pid=116954) autocreate_indices /usr/local/lib/python3.8/dist-packages/ovsdbapp/backend/ovs_idl/__init__.py:104}}
Apr 22 17:44:56 ubuntu neutron-server[116954]: DEBUG ovsdbapp.backend.ovs_idl [None req-f1181335-89d8-4d1f-bd8a-17bf21271dd0 None None] Created schema index HA_Chassis_Group.name {{(pid=116954) autocreate_indices /usr/local/lib/python3.8/dist-packages/ovsdbapp/backend/ovs_idl/__init__.py:104}}
Apr 22 17:44:56 ubuntu neutron-server[116954]: DEBUG ovsdbapp.backend.ovs_idl [None req-f1181335-89d8-4d1f-bd8a-17bf21271dd0 None None] Created schema index Connection.target {{(pid=116954) autocreate_indices /usr/local/lib/python3.8/dist-packages/ovsdbapp/backend/ovs_idl/__init__.py:104}}
Apr 22 17:44:56 ubuntu neutron-server[116954]: DEBUG ovsdbapp.backend.ovs_idl [None req-f1181335-89d8-4d1f-bd8a-17bf21271dd0 None None] Created schema index Gateway_Chassis.name {{(pid=116954) autocreate_indices /usr/local/lib/python3.8/dist-packages/ovsdbapp/backend/ovs_idl/__init__.py:104}}
Apr 22 17:44:56 ubuntu neutron-server[116954]: DEBUG ovsdbapp.backend.ovs_idl [None req-f1181335-89d8-4d1f-bd8a-17bf21271dd0 None None] Created schema index Logical_Router_Port.name {{(pid=116954) autocreate_indices /usr/local/lib/python3.8/dist-packages/ovsdbapp/backend/ovs_idl/__init__.py:104}}
Apr 22 17:44:56 ubuntu neutron-server[116954]: DEBUG ovsdbapp.backend.ovs_idl [None req-f1181335-89d8-4d1f-bd8a-17bf21271dd0 None None] Created schema index Port_Group.name {{(pid=116954) autocreate_indices /usr/local/lib/python3.8/dist-packages/ovsdbapp/backend/ovs_idl/__init__.py:104}}
Apr 22 17:44:56 ubuntu neutron-server[116954]: DEBUG ovsdbapp.backend.ovs_idl [None req-f1181335-89d8-4d1f-bd8a-17bf21271dd0 None None] Created schema index Logical_Switch_Port.name {{(pid=116954) autocreate_indices /usr/local/lib/python3.8/dist-packages/ovsdbapp/backend/ovs_idl/__init__.py:104}}
Apr 22 17:44:56 ubuntu neutron-server[116954]: INFO ovsdbapp.backend.ovs_idl.vlog [None req-f1181335-89d8-4d1f-bd8a-17bf21271dd0 None None] tcp:192.168.79.40:6641: connecting...
Apr 22 17:44:56 ubuntu neutron-server[116954]: INFO ovsdbapp.backend.ovs_idl.vlog [None req-f1181335-89d8-4d1f-bd8a-17bf21271dd0 None None] tcp:192.168.79.40:6641: connected
Apr 22 17:44:56 ubuntu neutron-server[116953]: DEBUG ovsdbapp.backend.ovs_idl [None req-d2107f8d-c2ac-4285-a7bd-bd829ac4ff71 None None] Created lookup_table index Logical_Switch.name {{(pid=116953) autocreate_indices /usr/local/lib/python3.8/dist-packages/ovsdbapp/backend/ovs_idl/__init__.py:85}}
Apr 22 17:44:56 ubuntu neutron-server[116953]: DEBUG ovsdbapp.backend.ovs_idl [None req-d2107f8d-c2ac-4285-a7bd-bd829ac4ff71 None None] Created lookup_table index Logical_Router.name {{(pid=116953) autocreate_indices /usr/local/lib/python3.8/dist-packages/ovsdbapp/backend/ovs_idl/__init__.py:85}}
Apr 22 17:44:56 ubuntu neutron-server[116953]: DEBUG ovsdbapp.backend.ovs_idl [None req-d2107f8d-c2ac-4285-a7bd-bd829ac4ff71 None None] Created lookup_table index Load_Balancer.name {{(pid=116953) autocreate_indices /usr/local/lib/python3.8/dist-packages/ovsdbapp/backend/ovs_idl/__init__.py:85}}
Apr 22 17:44:56 ubuntu neutron-server[116953]: DEBUG ovsdbapp.backend.ovs_idl [None req-d2107f8d-c2ac-4285-a7bd-bd829ac4ff71 None None] Created schema index Meter.name {{(pid=116953) autocreate_indices /usr/local/lib/python3.8/dist-packages/ovsdbapp/backend/ovs_idl/__init__.py:104}}
Apr 22 17:44:56 ubuntu neutron-server[116953]: DEBUG ovsdbapp.backend.ovs_idl [None req-d2107f8d-c2ac-4285-a7bd-bd829ac4ff71 None None] Created schema index Address_Set.name {{(pid=116953) autocreate_indices /usr/local/lib/python3.8/dist-packages/ovsdbapp/backend/ovs_idl/__init__.py:104}}
Apr 22 17:44:56 ubuntu neutron-server[116953]: DEBUG ovsdbapp.backend.ovs_idl [None req-d2107f8d-c2ac-4285-a7bd-bd829ac4ff71 None None] Created schema index HA_Chassis_Group.name {{(pid=116953) autocreate_indices /usr/local/lib/python3.8/dist-packages/ovsdbapp/backend/ovs_idl/__init__.py:104}}
Apr 22 17:44:56 ubuntu neutron-server[116953]: DEBUG ovsdbapp.backend.ovs_idl [None req-d2107f8d-c2ac-4285-a7bd-bd829ac4ff71 None None] Created schema index Connection.target {{(pid=116953) autocreate_indices /usr/local/lib/python3.8/dist-packages/ovsdbapp/backend/ovs_idl/__init__.py:104}}
Apr 22 17:44:56 ubuntu neutron-server[116953]: DEBUG ovsdbapp.backend.ovs_idl [None req-d2107f8d-c2ac-4285-a7bd-bd829ac4ff71 None None] Created schema index Gateway_Chassis.name {{(pid=116953) autocreate_indices /usr/local/lib/python3.8/dist-packages/ovsdbapp/backend/ovs_idl/__init__.py:104}}
Apr 22 17:44:56 ubuntu neutron-server[116953]: DEBUG ovsdbapp.backend.ovs_idl [None req-d2107f8d-c2ac-4285-a7bd-bd829ac4ff71 None None] Created schema index Logical_Router_Port.name {{(pid=116953) autocreate_indices /usr/local/lib/python3.8/dist-packages/ovsdbapp/backend/ovs_idl/__init__.py:104}}
Apr 22 17:44:56 ubuntu neutron-server[116953]: DEBUG ovsdbapp.backend.ovs_idl [None req-d2107f8d-c2ac-4285-a7bd-bd829ac4ff71 None None] Created schema index Port_Group.name {{(pid=116953) autocreate_indices /usr/local/lib/python3.8/dist-packages/ovsdbapp/backend/ovs_idl/__init__.py:104}}
Apr 22 17:44:56 ubuntu neutron-server[116953]: DEBUG ovsdbapp.backend.ovs_idl [None req-d2107f8d-c2ac-4285-a7bd-bd829ac4ff71 None None] Created schema index Logical_Switch_Port.name {{(pid=116953) autocreate_indices /usr/local/lib/python3.8/dist-packages/ovsdbapp/backend/ovs_idl/__init__.py:104}}
Apr 22 17:44:56 ubuntu neutron-server[116953]: INFO ovsdbapp.backend.ovs_idl.vlog [None req-d2107f8d-c2ac-4285-a7bd-bd829ac4ff71 None None] tcp:192.168.79.40:6641: connecting...
Apr 22 17:44:56 ubuntu neutron-server[116953]: INFO ovsdbapp.backend.ovs_idl.vlog [None req-d2107f8d-c2ac-4285-a7bd-bd829ac4ff71 None None] tcp:192.168.79.40:6641: connected
Apr 22 17:44:56 ubuntu neutron-server[116708]: DEBUG ovsdbapp.backend.ovs_idl [None req-c9b15470-4515-46fe-a4b8-73dc06136b8f None None] Created lookup_table index Logical_Switch.name {{(pid=116708) autocreate_indices /usr/local/lib/python3.8/dist-packages/ovsdbapp/backend/ovs_idl/__init__.py:85}}
Apr 22 17:44:56 ubuntu neutron-server[116708]: DEBUG ovsdbapp.backend.ovs_idl [None req-c9b15470-4515-46fe-a4b8-73dc06136b8f None None] Created lookup_table index Logical_Router.name {{(pid=116708) autocreate_indices /usr/local/lib/python3.8/dist-packages/ovsdbapp/backend/ovs_idl/__init__.py:85}}
Apr 22 17:44:56 ubuntu neutron-server[116708]: DEBUG ovsdbapp.backend.ovs_idl [None req-c9b15470-4515-46fe-a4b8-73dc06136b8f None None] Created lookup_table index Load_Balancer.name {{(pid=116708) autocreate_indices /usr/local/lib/python3.8/dist-packages/ovsdbapp/backend/ovs_idl/__init__.py:85}}
Apr 22 17:44:56 ubuntu neutron-server[116708]: DEBUG ovsdbapp.backend.ovs_idl [None req-c9b15470-4515-46fe-a4b8-73dc06136b8f None None] Created schema index Meter.name {{(pid=116708) autocreate_indices /usr/local/lib/python3.8/dist-packages/ovsdbapp/backend/ovs_idl/__init__.py:104}}
Apr 22 17:44:56 ubuntu neutron-server[116708]: DEBUG ovsdbapp.backend.ovs_idl [None req-c9b15470-4515-46fe-a4b8-73dc06136b8f None None] Created schema index Address_Set.name {{(pid=116708) autocreate_indices /usr/local/lib/python3.8/dist-packages/ovsdbapp/backend/ovs_idl/__init__.py:104}}
Apr 22 17:44:56 ubuntu neutron-server[116708]: DEBUG ovsdbapp.backend.ovs_idl [None req-c9b15470-4515-46fe-a4b8-73dc06136b8f None None] Created schema index HA_Chassis_Group.name {{(pid=116708) autocreate_indices /usr/local/lib/python3.8/dist-packages/ovsdbapp/backend/ovs_idl/__init__.py:104}}
Apr 22 17:44:56 ubuntu neutron-server[116708]: DEBUG ovsdbapp.backend.ovs_idl [None req-c9b15470-4515-46fe-a4b8-73dc06136b8f None None] Created schema index Connection.target {{(pid=116708) autocreate_indices /usr/local/lib/python3.8/dist-packages/ovsdbapp/backend/ovs_idl/__init__.py:104}}
Apr 22 17:44:56 ubuntu neutron-server[116708]: DEBUG ovsdbapp.backend.ovs_idl [None req-c9b15470-4515-46fe-a4b8-73dc06136b8f None None] Created schema index Gateway_Chassis.name {{(pid=116708) autocreate_indices /usr/local/lib/python3.8/dist-packages/ovsdbapp/backend/ovs_idl/__init__.py:104}}
Apr 22 17:44:56 ubuntu neutron-server[116708]: DEBUG ovsdbapp.backend.ovs_idl [None req-c9b15470-4515-46fe-a4b8-73dc06136b8f None None] Created schema index Logical_Router_Port.name {{(pid=116708) autocreate_indices /usr/local/lib/python3.8/dist-packages/ovsdbapp/backend/ovs_idl/__init__.py:104}}
Apr 22 17:44:56 ubuntu neutron-server[116708]: DEBUG ovsdbapp.backend.ovs_idl [None req-c9b15470-4515-46fe-a4b8-73dc06136b8f None None] Created schema index Port_Group.name {{(pid=116708) autocreate_indices /usr/local/lib/python3.8/dist-packages/ovsdbapp/backend/ovs_idl/__init__.py:104}}
Apr 22 17:44:56 ubuntu neutron-server[116708]: DEBUG ovsdbapp.backend.ovs_idl [None req-c9b15470-4515-46fe-a4b8-73dc06136b8f None None] Created schema index Logical_Switch_Port.name {{(pid=116708) autocreate_indices /usr/local/lib/python3.8/dist-packages/ovsdbapp/backend/ovs_idl/__init__.py:104}}
Apr 22 17:44:56 ubuntu neutron-server[116953]: DEBUG neutron.common.ovn.hash_ring_manager [None req-d2107f8d-c2ac-4285-a7bd-bd829ac4ff71 None None] Allow caching, nodes 2>=2 {{(pid=116953) _wait_startup_before_caching /opt/stack/neutron/neutron/common/ovn/hash_ring_manager.py:60}}
Apr 22 17:44:56 ubuntu neutron-server[116954]: DEBUG neutron.common.ovn.hash_ring_manager [None req-f1181335-89d8-4d1f-bd8a-17bf21271dd0 None None] Allow caching, nodes 2>=2 {{(pid=116954) _wait_startup_before_caching /opt/stack/neutron/neutron/common/ovn/hash_ring_manager.py:60}}
Apr 22 17:44:56 ubuntu neutron-server[116953]: DEBUG neutron.plugins.ml2.drivers.ovn.mech_driver.ovsdb.ovsdb_monitor [None req-d2107f8d-c2ac-4285-a7bd-bd829ac4ff71 None None] Hash Ring: Node 4f0f3ba9-803d-4695-91cd-f27406141fc4 (host: ubuntu) handling event "create" for row f52d8404-b36b-40c3-a8c8-11cf9f3afe88 (table: Database) {{(pid=116953) notify /opt/stack/neutron/neutron/plugins/ml2/drivers/ovn/mech_driver/ovsdb/ovsdb_monitor.py:815}}
Apr 22 17:44:56 ubuntu neutron-server[116953]: DEBUG neutron.plugins.ml2.drivers.ovn.mech_driver.ovsdb.ovsdb_monitor [None req-d2107f8d-c2ac-4285-a7bd-bd829ac4ff71 None None] Hash Ring: Node 4f0f3ba9-803d-4695-91cd-f27406141fc4 (host: ubuntu) handling event "create" for row dd7fa913-dd93-43a7-aa33-650cb7f29bd3 (table: Database) {{(pid=116953) notify /opt/stack/neutron/neutron/plugins/ml2/drivers/ovn/mech_driver/ovsdb/ovsdb_monitor.py:815}}
Apr 22 17:44:56 ubuntu neutron-server[116708]: DEBUG ovsdbapp.backend.ovs_idl [None req-c9b15470-4515-46fe-a4b8-73dc06136b8f None None] Created lookup_table index Chassis.name {{(pid=116708) autocreate_indices /usr/local/lib/python3.8/dist-packages/ovsdbapp/backend/ovs_idl/__init__.py:85}}
Apr 22 17:44:56 ubuntu neutron-server[116708]: DEBUG ovsdbapp.backend.ovs_idl [None req-c9b15470-4515-46fe-a4b8-73dc06136b8f None None] Created lookup_table index MAC_Binding.ip {{(pid=116708) autocreate_indices /usr/local/lib/python3.8/dist-packages/ovsdbapp/backend/ovs_idl/__init__.py:85}}
Apr 22 17:44:56 ubuntu neutron-server[116708]: DEBUG ovsdbapp.backend.ovs_idl [None req-c9b15470-4515-46fe-a4b8-73dc06136b8f None None] Created schema index Meter.name {{(pid=116708) autocreate_indices /usr/local/lib/python3.8/dist-packages/ovsdbapp/backend/ovs_idl/__init__.py:104}}
Apr 22 17:44:56 ubuntu neutron-server[116708]: DEBUG ovsdbapp.backend.ovs_idl [None req-c9b15470-4515-46fe-a4b8-73dc06136b8f None None] Created schema index Address_Set.name {{(pid=116708) autocreate_indices /usr/local/lib/python3.8/dist-packages/ovsdbapp/backend/ovs_idl/__init__.py:104}}
Apr 22 17:44:56 ubuntu neutron-server[116708]: DEBUG ovsdbapp.backend.ovs_idl [None req-c9b15470-4515-46fe-a4b8-73dc06136b8f None None] Created schema index HA_Chassis_Group.name {{(pid=116708) autocreate_indices /usr/local/lib/python3.8/dist-packages/ovsdbapp/backend/ovs_idl/__init__.py:104}}
Apr 22 17:44:56 ubuntu neutron-server[116708]: DEBUG ovsdbapp.backend.ovs_idl [None req-c9b15470-4515-46fe-a4b8-73dc06136b8f None None] Created schema index IP_Multicast.datapath {{(pid=116708) autocreate_indices /usr/local/lib/python3.8/dist-packages/ovsdbapp/backend/ovs_idl/__init__.py:104}}
Apr 22 17:44:56 ubuntu neutron-server[116708]: DEBUG ovsdbapp.backend.ovs_idl [None req-c9b15470-4515-46fe-a4b8-73dc06136b8f None None] Created schema index Connection.target {{(pid=116708) autocreate_indices /usr/local/lib/python3.8/dist-packages/ovsdbapp/backend/ovs_idl/__init__.py:104}}
Apr 22 17:44:56 ubuntu neutron-server[116708]: DEBUG ovsdbapp.backend.ovs_idl [None req-c9b15470-4515-46fe-a4b8-73dc06136b8f None None] Created schema index Gateway_Chassis.name {{(pid=116708) autocreate_indices /usr/local/lib/python3.8/dist-packages/ovsdbapp/backend/ovs_idl/__init__.py:104}}
Apr 22 17:44:56 ubuntu neutron-server[116708]: DEBUG ovsdbapp.backend.ovs_idl [None req-c9b15470-4515-46fe-a4b8-73dc06136b8f None None] Created schema index Port_Group.name {{(pid=116708) autocreate_indices /usr/local/lib/python3.8/dist-packages/ovsdbapp/backend/ovs_idl/__init__.py:104}}
Apr 22 17:44:56 ubuntu neutron-server[116708]: DEBUG ovsdbapp.backend.ovs_idl [None req-c9b15470-4515-46fe-a4b8-73dc06136b8f None None] Created schema index Datapath_Binding.tunnel_key {{(pid=116708) autocreate_indices /usr/local/lib/python3.8/dist-packages/ovsdbapp/backend/ovs_idl/__init__.py:104}}
Apr 22 17:44:56 ubuntu neutron-server[116953]: DEBUG neutron.plugins.ml2.drivers.ovn.mech_driver.ovsdb.ovsdb_monitor [None req-d2107f8d-c2ac-4285-a7bd-bd829ac4ff71 None None] Hash Ring: Node 4f0f3ba9-803d-4695-91cd-f27406141fc4 (host: ubuntu) handling event "create" for row cc651171-41f6-44f6-ab8b-e2ed758395d9 (table: NB_Global) {{(pid=116953) notify /opt/stack/neutron/neutron/plugins/ml2/drivers/ovn/mech_driver/ovsdb/ovsdb_monitor.py:815}}
Apr 22 17:44:56 ubuntu neutron-server[116953]: DEBUG neutron.plugins.ml2.drivers.ovn.mech_driver.ovsdb.ovsdb_monitor [None req-d2107f8d-c2ac-4285-a7bd-bd829ac4ff71 None None] Hash Ring: Node 4f0f3ba9-803d-4695-91cd-f27406141fc4 (host: ubuntu) handling event "create" for row ad360755-8939-4ea0-b2e5-fd4a02365285 (table: ACL) {{(pid=116953) notify /opt/stack/neutron/neutron/plugins/ml2/drivers/ovn/mech_driver/ovsdb/ovsdb_monitor.py:815}}
Apr 22 17:44:56 ubuntu neutron-server[116953]: DEBUG neutron.plugins.ml2.drivers.ovn.mech_driver.ovsdb.ovsdb_monitor [None req-d2107f8d-c2ac-4285-a7bd-bd829ac4ff71 None None] Hash Ring: Node 4f0f3ba9-803d-4695-91cd-f27406141fc4 (host: ubuntu) handling event "create" for row f2eb32dc-e8ec-4c94-b2b4-276174445c7b (table: Connection) {{(pid=116953) notify /opt/stack/neutron/neutron/plugins/ml2/drivers/ovn/mech_driver/ovsdb/ovsdb_monitor.py:815}}
Apr 22 17:44:56 ubuntu neutron-server[116953]: INFO neutron.plugins.ml2.drivers.ovn.mech_driver.ovsdb.impl_idl_ovn [None req-d2107f8d-c2ac-4285-a7bd-bd829ac4ff71 None None] Getting OvsdbSbOvnIdl for WorkerService with retry
Apr 22 17:44:56 ubuntu neutron-server[116954]: DEBUG neutron.plugins.ml2.drivers.ovn.mech_driver.ovsdb.ovsdb_monitor [None req-f1181335-89d8-4d1f-bd8a-17bf21271dd0 None None] Hash Ring: Node ce3da575-7cfc-4b4a-8166-55ab3e093be1 (host: ubuntu) handling event "create" for row ccfe2101-7e3f-4e91-9007-c4f6c045e5e9 (table: Port_Group) {{(pid=116954) notify /opt/stack/neutron/neutron/plugins/ml2/drivers/ovn/mech_driver/ovsdb/ovsdb_monitor.py:815}}
Apr 22 17:44:56 ubuntu neutron-server[116953]: DEBUG ovsdbapp.backend.ovs_idl [None req-d2107f8d-c2ac-4285-a7bd-bd829ac4ff71 None None] Created lookup_table index Chassis.name {{(pid=116953) autocreate_indices /usr/local/lib/python3.8/dist-packages/ovsdbapp/backend/ovs_idl/__init__.py:85}}
Apr 22 17:44:56 ubuntu neutron-server[116953]: DEBUG ovsdbapp.backend.ovs_idl [None req-d2107f8d-c2ac-4285-a7bd-bd829ac4ff71 None None] Created schema index Datapath_Binding.tunnel_key {{(pid=116953) autocreate_indices /usr/local/lib/python3.8/dist-packages/ovsdbapp/backend/ovs_idl/__init__.py:104}}
Apr 22 17:44:56 ubuntu neutron-server[116953]: DEBUG ovsdbapp.backend.ovs_idl [None req-d2107f8d-c2ac-4285-a7bd-bd829ac4ff71 None None] Created schema index Connection.target {{(pid=116953) autocreate_indices /usr/local/lib/python3.8/dist-packages/ovsdbapp/backend/ovs_idl/__init__.py:104}}
Apr 22 17:44:56 ubuntu neutron-server[116954]: DEBUG neutron.plugins.ml2.drivers.ovn.mech_driver.ovsdb.ovsdb_monitor [None req-f1181335-89d8-4d1f-bd8a-17bf21271dd0 None None] Hash Ring: Node ce3da575-7cfc-4b4a-8166-55ab3e093be1 (host: ubuntu) handling event "create" for row a0589dbe-e0ce-442a-965f-68c180a3244c (table: ACL) {{(pid=116954) notify /opt/stack/neutron/neutron/plugins/ml2/drivers/ovn/mech_driver/ovsdb/ovsdb_monitor.py:815}}
Apr 22 17:44:56 ubuntu neutron-server[116953]: INFO ovsdbapp.backend.ovs_idl.vlog [None req-d2107f8d-c2ac-4285-a7bd-bd829ac4ff71 None None] tcp:192.168.79.40:6642: connecting...
Apr 22 17:44:56 ubuntu neutron-server[116953]: INFO ovsdbapp.backend.ovs_idl.vlog [None req-d2107f8d-c2ac-4285-a7bd-bd829ac4ff71 None None] tcp:192.168.79.40:6642: connected
Apr 22 17:44:56 ubuntu neutron-server[116954]: INFO neutron.plugins.ml2.drivers.ovn.mech_driver.ovsdb.impl_idl_ovn [None req-f1181335-89d8-4d1f-bd8a-17bf21271dd0 None None] Getting OvsdbSbOvnIdl for WorkerService with retry
Apr 22 17:44:56 ubuntu neutron-server[116954]: DEBUG ovsdbapp.backend.ovs_idl [None req-f1181335-89d8-4d1f-bd8a-17bf21271dd0 None None] Created lookup_table index Chassis.name {{(pid=116954) autocreate_indices /usr/local/lib/python3.8/dist-packages/ovsdbapp/backend/ovs_idl/__init__.py:85}}
Apr 22 17:44:56 ubuntu neutron-server[116954]: DEBUG ovsdbapp.backend.ovs_idl [None req-f1181335-89d8-4d1f-bd8a-17bf21271dd0 None None] Created schema index Datapath_Binding.tunnel_key {{(pid=116954) autocreate_indices /usr/local/lib/python3.8/dist-packages/ovsdbapp/backend/ovs_idl/__init__.py:104}}
Apr 22 17:44:56 ubuntu neutron-server[116954]: DEBUG ovsdbapp.backend.ovs_idl [None req-f1181335-89d8-4d1f-bd8a-17bf21271dd0 None None] Created schema index Connection.target {{(pid=116954) autocreate_indices /usr/local/lib/python3.8/dist-packages/ovsdbapp/backend/ovs_idl/__init__.py:104}}
Apr 22 17:44:56 ubuntu neutron-server[116954]: INFO ovsdbapp.backend.ovs_idl.vlog [None req-f1181335-89d8-4d1f-bd8a-17bf21271dd0 None None] tcp:192.168.79.40:6642: connecting...
Apr 22 17:44:56 ubuntu neutron-server[116954]: INFO ovsdbapp.backend.ovs_idl.vlog [None req-f1181335-89d8-4d1f-bd8a-17bf21271dd0 None None] tcp:192.168.79.40:6642: connected
Apr 22 17:44:56 ubuntu neutron-server[116708]: INFO oslo_service.service [None req-c9b15470-4515-46fe-a4b8-73dc06136b8f None None] Starting 1 workers
Apr 22 17:44:56 ubuntu neutron-server[116708]: DEBUG oslo_service.service [None req-c9b15470-4515-46fe-a4b8-73dc06136b8f None None] Started child 116956 {{(pid=116708) _start_child /usr/local/lib/python3.8/dist-packages/oslo_service/service.py:575}}
Apr 22 17:44:56 ubuntu neutron-server[116708]: INFO oslo_service.service [None req-c9b15470-4515-46fe-a4b8-73dc06136b8f None None] Starting 1 workers
Apr 22 17:44:56 ubuntu neutron-server[116953]: DEBUG neutron.common.ovn.hash_ring_manager [None req-d2107f8d-c2ac-4285-a7bd-bd829ac4ff71 None None] Allow caching, nodes 2>=2 {{(pid=116953) _wait_startup_before_caching /opt/stack/neutron/neutron/common/ovn/hash_ring_manager.py:60}}
Apr 22 17:44:56 ubuntu neutron-server[116708]: DEBUG oslo_service.service [None req-c9b15470-4515-46fe-a4b8-73dc06136b8f None None] Started child 116957 {{(pid=116708) _start_child /usr/local/lib/python3.8/dist-packages/oslo_service/service.py:575}}
Apr 22 17:44:56 ubuntu neutron-server[116708]: INFO oslo_service.service [None req-c9b15470-4515-46fe-a4b8-73dc06136b8f None None] Starting 1 workers
Apr 22 17:44:56 ubuntu neutron-server[116956]: DEBUG neutron.service [None req-c9b15470-4515-46fe-a4b8-73dc06136b8f None None] calling RpcWorker wait() {{(pid=116956) _wait /opt/stack/neutron/neutron/service.py:128}}
Apr 22 17:44:56 ubuntu neutron-server[116956]: DEBUG neutron.service [None req-c9b15470-4515-46fe-a4b8-73dc06136b8f None None] returning from RpcWorker wait() {{(pid=116956) _wait /opt/stack/neutron/neutron/service.py:135}}
Apr 22 17:44:56 ubuntu neutron-server[116708]: DEBUG oslo_service.service [None req-c9b15470-4515-46fe-a4b8-73dc06136b8f None None] Started child 116958 {{(pid=116708) _start_child /usr/local/lib/python3.8/dist-packages/oslo_service/service.py:575}}
Apr 22 17:44:56 ubuntu neutron-server[116956]: DEBUG neutron_lib.callbacks.manager [-] Publish callbacks ['neutron.plugins.ml2.drivers.ovn.mech_driver.mech_driver.OVNMechanismDriver.post_fork_initialize-3947095'] for process (None), after_init {{(pid=116956) _notify_loop /usr/local/lib/python3.8/dist-packages/neutron_lib/callbacks/manager.py:176}}
Apr 22 17:44:56 ubuntu neutron-server[116708]: DEBUG neutron_lib.callbacks.manager [None req-c9b15470-4515-46fe-a4b8-73dc06136b8f None None] Publish callbacks [] for process (None), after_spawn {{(pid=116708) _notify_loop /usr/local/lib/python3.8/dist-packages/neutron_lib/callbacks/manager.py:176}}
Apr 22 17:44:56 ubuntu neutron-server[116953]: DEBUG neutron.plugins.ml2.drivers.ovn.mech_driver.ovsdb.ovsdb_monitor [None req-d2107f8d-c2ac-4285-a7bd-bd829ac4ff71 None None] Hash Ring: Node 4f0f3ba9-803d-4695-91cd-f27406141fc4 (host: ubuntu) handling event "create" for row 96e55f21-49ed-4647-9868-502fad265f27 (table: Database) {{(pid=116953) notify /opt/stack/neutron/neutron/plugins/ml2/drivers/ovn/mech_driver/ovsdb/ovsdb_monitor.py:815}}
Apr 22 17:44:56 ubuntu neutron-server[116708]: DEBUG oslo_service.service [-] Full set of CONF: {{(pid=116708) wait /usr/local/lib/python3.8/dist-packages/oslo_service/service.py:649}}
Apr 22 17:44:56 ubuntu neutron-server[116708]: DEBUG oslo_service.service [-] ******************************************************************************** {{(pid=116708) log_opt_values /usr/local/lib/python3.8/dist-packages/oslo_config/cfg.py:2589}}
Apr 22 17:44:56 ubuntu neutron-server[116708]: DEBUG oslo_service.service [-] Configuration options gathered from: {{(pid=116708) log_opt_values /usr/local/lib/python3.8/dist-packages/oslo_config/cfg.py:2590}}
Apr 22 17:44:56 ubuntu neutron-server[116708]: DEBUG oslo_service.service [-] command line args: ['--config-file', '/etc/neutron/neutron.conf', '--config-file', '/etc/neutron/plugins/ml2/ml2_conf.ini'] {{(pid=116708) log_opt_values /usr/local/lib/python3.8/dist-packages/oslo_config/cfg.py:2591}}
Apr 22 17:44:56 ubuntu neutron-server[116708]: DEBUG oslo_service.service [-] config files: ['/etc/neutron/neutron.conf', '/etc/neutron/plugins/ml2/ml2_conf.ini'] {{(pid=116708) log_opt_values /usr/local/lib/python3.8/dist-packages/oslo_config/cfg.py:2592}}
Apr 22 17:44:56 ubuntu neutron-server[116708]: DEBUG oslo_service.service [-] ================================================================================ {{(pid=116708) log_opt_values /usr/local/lib/python3.8/dist-packages/oslo_config/cfg.py:2594}}
Apr 22 17:44:56 ubuntu neutron-server[116956]: INFO neutron.plugins.ml2.drivers.ovn.mech_driver.ovsdb.impl_idl_ovn [-] Getting OvsdbNbOvnIdl for RpcWorker with retry
Apr 22 17:44:56 ubuntu neutron-server[116708]: DEBUG oslo_service.service [-] agent_down_time                = 75 {{(pid=116708) log_opt_values /usr/local/lib/python3.8/dist-packages/oslo_config/cfg.py:2602}}
Apr 22 17:44:56 ubuntu neutron-server[116708]: DEBUG oslo_service.service [-] allow_automatic_dhcp_failover  = True {{(pid=116708) log_opt_values /usr/local/lib/python3.8/dist-packages/oslo_config/cfg.py:2602}}
Apr 22 17:44:56 ubuntu neutron-server[116708]: DEBUG oslo_service.service [-] allow_bulk                     = True {{(pid=116708) log_opt_values /usr/local/lib/python3.8/dist-packages/oslo_config/cfg.py:2602}}
Apr 22 17:44:56 ubuntu neutron-server[116708]: DEBUG oslo_service.service [-] allowed_conntrack_helpers      = [{'amanda': 'tcp'}, {'ftp': 'tcp'}, {'h323': 'udp'}, {'h323': 'tcp'}, {'irc': 'tcp'}, {'netbios-ns': 'udp'}, {'pptp': 'tcp'}, {'sane': 'tcp'}, {'sip': 'udp'}, {'sip': 'tcp'}, {'snmp': 'udp'}, {'tftp': 'udp'}] {{(pid=116708) log_opt_values /usr/local/lib/python3.8/dist-packages/oslo_config/cfg.py:2602}}
Apr 22 17:44:56 ubuntu neutron-server[116708]: DEBUG oslo_service.service [-] api_extensions_path            =  {{(pid=116708) log_opt_values /usr/local/lib/python3.8/dist-packages/oslo_config/cfg.py:2602}}
Apr 22 17:44:56 ubuntu neutron-server[116708]: DEBUG oslo_service.service [-] api_paste_config               = api-paste.ini {{(pid=116708) log_opt_values /usr/local/lib/python3.8/dist-packages/oslo_config/cfg.py:2602}}
Apr 22 17:44:56 ubuntu neutron-server[116708]: DEBUG oslo_service.service [-] api_workers                    = 2 {{(pid=116708) log_opt_values /usr/local/lib/python3.8/dist-packages/oslo_config/cfg.py:2602}}
Apr 22 17:44:56 ubuntu neutron-server[116708]: DEBUG oslo_service.service [-] auth_strategy                  = keystone {{(pid=116708) log_opt_values /usr/local/lib/python3.8/dist-packages/oslo_config/cfg.py:2602}}
Apr 22 17:44:56 ubuntu neutron-server[116708]: DEBUG oslo_service.service [-] backdoor_port                  = None {{(pid=116708) log_opt_values /usr/local/lib/python3.8/dist-packages/oslo_config/cfg.py:2602}}
Apr 22 17:44:56 ubuntu neutron-server[116708]: DEBUG oslo_service.service [-] backdoor_socket                = None {{(pid=116708) log_opt_values /usr/local/lib/python3.8/dist-packages/oslo_config/cfg.py:2602}}
Apr 22 17:44:56 ubuntu neutron-server[116708]: DEBUG oslo_service.service [-] backlog                        = 4096 {{(pid=116708) log_opt_values /usr/local/lib/python3.8/dist-packages/oslo_config/cfg.py:2602}}
Apr 22 17:44:56 ubuntu neutron-server[116708]: DEBUG oslo_service.service [-] base_mac                       = fa:16:3e:00:00:00 {{(pid=116708) log_opt_values /usr/local/lib/python3.8/dist-packages/oslo_config/cfg.py:2602}}
Apr 22 17:44:56 ubuntu neutron-server[116708]: DEBUG oslo_service.service [-] bind_host                      = 0.0.0.0 {{(pid=116708) log_opt_values /usr/local/lib/python3.8/dist-packages/oslo_config/cfg.py:2602}}
Apr 22 17:44:56 ubuntu neutron-server[116708]: DEBUG oslo_service.service [-] bind_port                      = 9696 {{(pid=116708) log_opt_values /usr/local/lib/python3.8/dist-packages/oslo_config/cfg.py:2602}}
Apr 22 17:44:56 ubuntu neutron-server[116708]: DEBUG oslo_service.service [-] client_socket_timeout          = 900 {{(pid=116708) log_opt_values /usr/local/lib/python3.8/dist-packages/oslo_config/cfg.py:2602}}
Apr 22 17:44:56 ubuntu neutron-server[116708]: DEBUG oslo_service.service [-] config_dir                     = [] {{(pid=116708) log_opt_values /usr/local/lib/python3.8/dist-packages/oslo_config/cfg.py:2602}}
Apr 22 17:44:56 ubuntu neutron-server[116708]: DEBUG oslo_service.service [-] config_file                    = ['/etc/neutron/neutron.conf', '/etc/neutron/plugins/ml2/ml2_conf.ini'] {{(pid=116708) log_opt_values /usr/local/lib/python3.8/dist-packages/oslo_config/cfg.py:2602}}
Apr 22 17:44:56 ubuntu neutron-server[116708]: DEBUG oslo_service.service [-] config_source                  = [] {{(pid=116708) log_opt_values /usr/local/lib/python3.8/dist-packages/oslo_config/cfg.py:2602}}
Apr 22 17:44:56 ubuntu neutron-server[116708]: DEBUG oslo_service.service [-] control_exchange               = neutron {{(pid=116708) log_opt_values /usr/local/lib/python3.8/dist-packages/oslo_config/cfg.py:2602}}
Apr 22 17:44:56 ubuntu neutron-server[116953]: DEBUG neutron.plugins.ml2.drivers.ovn.mech_driver.ovsdb.ovsdb_monitor [None req-d2107f8d-c2ac-4285-a7bd-bd829ac4ff71 None None] ChassisAgentWriteEvent : Matched Chassis, create, None None {{(pid=116953) matches /opt/stack/neutron/neutron/plugins/ml2/drivers/ovn/mech_driver/ovsdb/ovsdb_monitor.py:62}}
Apr 22 17:44:56 ubuntu neutron-server[116953]: DEBUG neutron.plugins.ml2.drivers.ovn.mech_driver.ovsdb.ovsdb_monitor [None req-d2107f8d-c2ac-4285-a7bd-bd829ac4ff71 None None] ChassisMetadataAgentWriteEvent : Matched Chassis, create, None None {{(pid=116953) matches /opt/stack/neutron/neutron/plugins/ml2/drivers/ovn/mech_driver/ovsdb/ovsdb_monitor.py:62}}
