Aug 24 10:05:54 ubuntu neutron-server[121844]: DEBUG neutron.api.extensions [None req-c373f574-56f8-47a4-b5a4-652fc0bd922c None None] Ext name="Resource timestamps" alias="standard-attr-timestamp" description="Adds created_at and updated_at fields to all Neutron resources that have Neutron standard attributes." updated="2016-09-12T10:00:00-00:00" {{(pid=121844) _check_extension /opt/stack/neutron/neutron/api/extensions.py:416}}
Aug 24 10:05:54 ubuntu neutron-server[121844]: INFO neutron.api.extensions [None req-c373f574-56f8-47a4-b5a4-652fc0bd922c None None] Loaded extension: standard-attr-timestamp
Aug 24 10:05:54 ubuntu neutron-server[121844]: DEBUG neutron.api.extensions [None req-c373f574-56f8-47a4-b5a4-652fc0bd922c None None] Loading extension file: trunk.py {{(pid=121844) _load_all_extensions_from_path /opt/stack/neutron/neutron/api/extensions.py:450}}
Aug 24 10:05:54 ubuntu neutron-server[121844]: DEBUG neutron.api.extensions [None req-c373f574-56f8-47a4-b5a4-652fc0bd922c None None] Ext name="Trunk Extension" alias="trunk" description="Provides support for trunk ports" updated="2016-01-01T10:00:00-00:00" {{(pid=121844) _check_extension /opt/stack/neutron/neutron/api/extensions.py:416}}
Aug 24 10:05:54 ubuntu neutron-server[121844]: INFO neutron.api.extensions [None req-c373f574-56f8-47a4-b5a4-652fc0bd922c None None] Extension trunk not supported by any of loaded plugins
Aug 24 10:05:54 ubuntu neutron-server[121844]: DEBUG neutron.api.extensions [None req-c373f574-56f8-47a4-b5a4-652fc0bd922c None None] Loading extension file: trunk_details.py {{(pid=121844) _load_all_extensions_from_path /opt/stack/neutron/neutron/api/extensions.py:450}}
Aug 24 10:05:54 ubuntu neutron-server[121844]: DEBUG neutron.api.extensions [None req-c373f574-56f8-47a4-b5a4-652fc0bd922c None None] Ext name="Trunk port details" alias="trunk-details" description="Expose trunk port details" updated="2016-01-01T10:00:00-00:00" {{(pid=121844) _check_extension /opt/stack/neutron/neutron/api/extensions.py:416}}
Aug 24 10:05:54 ubuntu neutron-server[121844]: INFO neutron.api.extensions [None req-c373f574-56f8-47a4-b5a4-652fc0bd922c None None] Extension trunk-details not supported by any of loaded plugins
Aug 24 10:05:54 ubuntu neutron-server[121844]: DEBUG neutron.api.extensions [None req-c373f574-56f8-47a4-b5a4-652fc0bd922c None None] Loading extension file: uplink_status_propagation.py {{(pid=121844) _load_all_extensions_from_path /opt/stack/neutron/neutron/api/extensions.py:450}}
Aug 24 10:05:54 ubuntu neutron-server[121844]: DEBUG neutron.api.extensions [None req-c373f574-56f8-47a4-b5a4-652fc0bd922c None None] Ext name="Uplink status propagation extension" alias="uplink-status-propagation" description="Provides ability to propagate port uplink status." updated="2018-05-31T18:00:00-00:00" {{(pid=121844) _check_extension /opt/stack/neutron/neutron/api/extensions.py:416}}
Aug 24 10:05:54 ubuntu neutron-server[121844]: INFO neutron.api.extensions [None req-c373f574-56f8-47a4-b5a4-652fc0bd922c None None] Extension uplink-status-propagation not supported by any of loaded plugins
Aug 24 10:05:54 ubuntu neutron-server[121844]: DEBUG neutron.api.extensions [None req-c373f574-56f8-47a4-b5a4-652fc0bd922c None None] Loading extension file: vlantransparent.py {{(pid=121844) _load_all_extensions_from_path /opt/stack/neutron/neutron/api/extensions.py:450}}
Aug 24 10:05:54 ubuntu neutron-server[121844]: DEBUG neutron.api.extensions [None req-c373f574-56f8-47a4-b5a4-652fc0bd922c None None] Ext name="Vlantransparent" alias="vlan-transparent" description="Provides Vlan Transparent Networks" updated="2015-03-23T09:00:00-00:00" {{(pid=121844) _check_extension /opt/stack/neutron/neutron/api/extensions.py:416}}
Aug 24 10:05:54 ubuntu neutron-server[121844]: INFO neutron.api.extensions [None req-c373f574-56f8-47a4-b5a4-652fc0bd922c None None] Extension vlan-transparent not supported by any of loaded plugins
Aug 24 10:05:54 ubuntu neutron-server[121844]: INFO neutron.quota.resource_registry [None req-c373f574-56f8-47a4-b5a4-652fc0bd922c None None] Creating instance of TrackedResource for resource:network
Aug 24 10:05:54 ubuntu neutron-server[121844]: INFO neutron.quota.resource_registry [None req-c373f574-56f8-47a4-b5a4-652fc0bd922c None None] Creating instance of TrackedResource for resource:subnet
Aug 24 10:05:54 ubuntu neutron-server[121844]: INFO neutron.quota.resource_registry [None req-c373f574-56f8-47a4-b5a4-652fc0bd922c None None] Creating instance of TrackedResource for resource:subnetpool
Aug 24 10:05:54 ubuntu neutron-server[121844]: INFO neutron.quota.resource_registry [None req-c373f574-56f8-47a4-b5a4-652fc0bd922c None None] Creating instance of TrackedResource for resource:port
Aug 24 10:05:54 ubuntu neutron-server[121844]: DEBUG neutron.api.v2.resource_helper [None req-c373f574-56f8-47a4-b5a4-652fc0bd922c None None] Service FLAVORS assigned prefix:  {{(pid=121844) build_resource_info /opt/stack/neutron/neutron/api/v2/resource_helper.py:77}}
Aug 24 10:05:54 ubuntu neutron-server[121844]: DEBUG neutron.api.v2.resource_helper [None req-c373f574-56f8-47a4-b5a4-652fc0bd922c None None] Service L3_ROUTER_NAT assigned prefix:  {{(pid=121844) build_resource_info /opt/stack/neutron/neutron/api/v2/resource_helper.py:77}}
Aug 24 10:05:54 ubuntu neutron-server[121844]: DEBUG neutron.api.v2.resource_helper [None req-c373f574-56f8-47a4-b5a4-652fc0bd922c None None] Service L3_ROUTER_NAT assigned prefix:  {{(pid=121844) build_resource_info /opt/stack/neutron/neutron/api/v2/resource_helper.py:77}}
Aug 24 10:05:54 ubuntu neutron-server[121844]: INFO neutron.quota.resource_registry [None req-c373f574-56f8-47a4-b5a4-652fc0bd922c None None] Creating instance of TrackedResource for resource:router
Aug 24 10:05:54 ubuntu neutron-server[121844]: INFO neutron.quota.resource_registry [None req-c373f574-56f8-47a4-b5a4-652fc0bd922c None None] Creating instance of TrackedResource for resource:floatingip
Aug 24 10:05:54 ubuntu neutron-server[121844]: DEBUG neutron_lib.callbacks.manager [None req-c373f574-56f8-47a4-b5a4-652fc0bd922c None None] Subscribe: <bound method NeutronDbPluginV2.validate_network_rbac_policy_change of <neutron.services.network_ip_availability.plugin.NetworkIPAvailabilityPlugin object at 0x7f5e38f6b1c0>> rbac-policy before_create 55550000 {{(pid=121844) subscribe /usr/local/lib/python3.8/dist-packages/neutron_lib/callbacks/manager.py:45}}
Aug 24 10:05:54 ubuntu neutron-server[121844]: DEBUG neutron_lib.callbacks.manager [None req-c373f574-56f8-47a4-b5a4-652fc0bd922c None None] Subscribe: <bound method NeutronDbPluginV2.validate_network_rbac_policy_change of <neutron.services.network_ip_availability.plugin.NetworkIPAvailabilityPlugin object at 0x7f5e38f6b1c0>> rbac-policy before_update 55550000 {{(pid=121844) subscribe /usr/local/lib/python3.8/dist-packages/neutron_lib/callbacks/manager.py:45}}
Aug 24 10:05:54 ubuntu neutron-server[121844]: DEBUG neutron_lib.callbacks.manager [None req-c373f574-56f8-47a4-b5a4-652fc0bd922c None None] Subscribe: <bound method NeutronDbPluginV2.validate_network_rbac_policy_change of <neutron.services.network_ip_availability.plugin.NetworkIPAvailabilityPlugin object at 0x7f5e38f6b1c0>> rbac-policy before_delete 55550000 {{(pid=121844) subscribe /usr/local/lib/python3.8/dist-packages/neutron_lib/callbacks/manager.py:45}}
Aug 24 10:05:54 ubuntu neutron-server[121844]: INFO neutron.quota.resource_registry [None req-c373f574-56f8-47a4-b5a4-652fc0bd922c None None] Creating instance of CountableResource for resource:rbac_policy
Aug 24 10:05:54 ubuntu neutron-server[121844]: INFO neutron.quota.resource_registry [None req-c373f574-56f8-47a4-b5a4-652fc0bd922c None None] Creating instance of TrackedResource for resource:security_group
Aug 24 10:05:54 ubuntu neutron-server[121844]: INFO neutron.quota.resource_registry [None req-c373f574-56f8-47a4-b5a4-652fc0bd922c None None] Creating instance of TrackedResource for resource:security_group_rule
Aug 24 10:05:54 ubuntu neutron-server[121844]: DEBUG neutron.api.v2.resource_helper [None req-c373f574-56f8-47a4-b5a4-652fc0bd922c None None] Service FLAVORS assigned prefix:  {{(pid=121844) build_resource_info /opt/stack/neutron/neutron/api/v2/resource_helper.py:77}}
Aug 24 10:05:54 ubuntu neutron-server[121844]: DEBUG neutron.api.v2.resource_helper [None req-c373f574-56f8-47a4-b5a4-652fc0bd922c None None] Service L3_ROUTER_NAT assigned prefix:  {{(pid=121844) build_resource_info /opt/stack/neutron/neutron/api/v2/resource_helper.py:77}}
Aug 24 10:05:54 ubuntu neutron-server[121844]: DEBUG neutron.api.v2.resource_helper [None req-c373f574-56f8-47a4-b5a4-652fc0bd922c None None] Service L3_ROUTER_NAT assigned prefix:  {{(pid=121844) build_resource_info /opt/stack/neutron/neutron/api/v2/resource_helper.py:77}}
Aug 24 10:05:54 ubuntu neutron-server[121844]: INFO neutron.quota.resource_registry [None req-c373f574-56f8-47a4-b5a4-652fc0bd922c None None] Creating instance of TrackedResource for resource:router
Aug 24 10:05:54 ubuntu neutron-server[121844]: WARNING neutron.quota.resource_registry [None req-c373f574-56f8-47a4-b5a4-652fc0bd922c None None] router is already registered
Aug 24 10:05:54 ubuntu neutron-server[121844]: INFO neutron.quota.resource_registry [None req-c373f574-56f8-47a4-b5a4-652fc0bd922c None None] Creating instance of TrackedResource for resource:floatingip
Aug 24 10:05:54 ubuntu neutron-server[121844]: WARNING neutron.quota.resource_registry [None req-c373f574-56f8-47a4-b5a4-652fc0bd922c None None] floatingip is already registered
Aug 24 10:05:54 ubuntu neutron-server[121844]: INFO neutron.quota.resource_registry [None req-c373f574-56f8-47a4-b5a4-652fc0bd922c None None] Creating instance of CountableResource for resource:rbac_policy
Aug 24 10:05:54 ubuntu neutron-server[121844]: WARNING neutron.quota.resource_registry [None req-c373f574-56f8-47a4-b5a4-652fc0bd922c None None] rbac_policy is already registered
Aug 24 10:05:54 ubuntu neutron-server[121844]: INFO neutron.quota.resource_registry [None req-c373f574-56f8-47a4-b5a4-652fc0bd922c None None] Creating instance of TrackedResource for resource:security_group
Aug 24 10:05:54 ubuntu neutron-server[121844]: WARNING neutron.quota.resource_registry [None req-c373f574-56f8-47a4-b5a4-652fc0bd922c None None] security_group is already registered
Aug 24 10:05:54 ubuntu neutron-server[121844]: INFO neutron.quota.resource_registry [None req-c373f574-56f8-47a4-b5a4-652fc0bd922c None None] Creating instance of TrackedResource for resource:security_group_rule
Aug 24 10:05:54 ubuntu neutron-server[121844]: WARNING neutron.quota.resource_registry [None req-c373f574-56f8-47a4-b5a4-652fc0bd922c None None] security_group_rule is already registered
Aug 24 10:05:54 ubuntu neutron-server[121844]: DEBUG neutron.api.extensions [None req-c373f574-56f8-47a4-b5a4-652fc0bd922c None None] Extended resource: extensions {{(pid=121844) __init__ /opt/stack/neutron/neutron/api/extensions.py:157}}
Aug 24 10:05:54 ubuntu neutron-server[121844]: DEBUG neutron.api.extensions [None req-c373f574-56f8-47a4-b5a4-652fc0bd922c None None] Extended resource: address-groups {{(pid=121844) __init__ /opt/stack/neutron/neutron/api/extensions.py:157}}
Aug 24 10:05:54 ubuntu neutron-server[121844]: DEBUG neutron.api.extensions [None req-c373f574-56f8-47a4-b5a4-652fc0bd922c None None] Extended resource: address-scopes {{(pid=121844) __init__ /opt/stack/neutron/neutron/api/extensions.py:157}}
Aug 24 10:05:54 ubuntu neutron-server[121844]: DEBUG neutron.api.extensions [None req-c373f574-56f8-47a4-b5a4-652fc0bd922c None None] Extended resource: agents {{(pid=121844) __init__ /opt/stack/neutron/neutron/api/extensions.py:157}}
Aug 24 10:05:54 ubuntu neutron-server[121844]: DEBUG neutron.api.extensions [None req-c373f574-56f8-47a4-b5a4-652fc0bd922c None None] Extended resource: auto-allocated-topology {{(pid=121844) __init__ /opt/stack/neutron/neutron/api/extensions.py:157}}
Aug 24 10:05:54 ubuntu neutron-server[121844]: DEBUG neutron.api.extensions [None req-c373f574-56f8-47a4-b5a4-652fc0bd922c None None] Extended resource: availability_zones {{(pid=121844) __init__ /opt/stack/neutron/neutron/api/extensions.py:157}}
Aug 24 10:05:54 ubuntu neutron-server[121844]: DEBUG neutron.api.extensions [None req-c373f574-56f8-47a4-b5a4-652fc0bd922c None None] Extended resource: flavors {{(pid=121844) __init__ /opt/stack/neutron/neutron/api/extensions.py:157}}
Aug 24 10:05:54 ubuntu neutron-server[121844]: DEBUG neutron.api.extensions [None req-c373f574-56f8-47a4-b5a4-652fc0bd922c None None] Extended resource: service_profiles {{(pid=121844) __init__ /opt/stack/neutron/neutron/api/extensions.py:157}}
Aug 24 10:05:54 ubuntu neutron-server[121844]: DEBUG neutron.api.extensions [None req-c373f574-56f8-47a4-b5a4-652fc0bd922c None None] Extended resource: next_providers {{(pid=121844) __init__ /opt/stack/neutron/neutron/api/extensions.py:157}}
Aug 24 10:05:54 ubuntu neutron-server[121844]: DEBUG neutron.api.extensions [None req-c373f574-56f8-47a4-b5a4-652fc0bd922c None None] Extended resource: service_profiles {{(pid=121844) __init__ /opt/stack/neutron/neutron/api/extensions.py:157}}
Aug 24 10:05:54 ubuntu neutron-server[121844]: DEBUG neutron.api.extensions [None req-c373f574-56f8-47a4-b5a4-652fc0bd922c None None] Extended resource: floatingip-pools {{(pid=121844) __init__ /opt/stack/neutron/neutron/api/extensions.py:157}}
Aug 24 10:05:54 ubuntu neutron-server[121844]: DEBUG neutron.api.extensions [None req-c373f574-56f8-47a4-b5a4-652fc0bd922c None None] Extended resource: routers {{(pid=121844) __init__ /opt/stack/neutron/neutron/api/extensions.py:157}}
Aug 24 10:05:54 ubuntu neutron-server[121844]: DEBUG neutron.api.extensions [None req-c373f574-56f8-47a4-b5a4-652fc0bd922c None None] Extended resource: floatingips {{(pid=121844) __init__ /opt/stack/neutron/neutron/api/extensions.py:157}}
Aug 24 10:05:54 ubuntu neutron-server[121844]: DEBUG neutron.api.extensions [None req-c373f574-56f8-47a4-b5a4-652fc0bd922c None None] Extended resource: network-ip-availabilities {{(pid=121844) __init__ /opt/stack/neutron/neutron/api/extensions.py:157}}
Aug 24 10:05:54 ubuntu neutron-server[121844]: DEBUG neutron.api.extensions [None req-c373f574-56f8-47a4-b5a4-652fc0bd922c None None] Extended resource: bindings {{(pid=121844) __init__ /opt/stack/neutron/neutron/api/extensions.py:157}}
Aug 24 10:05:54 ubuntu neutron-server[121844]: DEBUG neutron.api.extensions [None req-c373f574-56f8-47a4-b5a4-652fc0bd922c None None] Extended resource: quotas {{(pid=121844) __init__ /opt/stack/neutron/neutron/api/extensions.py:157}}
Aug 24 10:05:54 ubuntu neutron-server[121844]: DEBUG neutron.api.extensions [None req-c373f574-56f8-47a4-b5a4-652fc0bd922c None None] Extended resource: quotas {{(pid=121844) __init__ /opt/stack/neutron/neutron/api/extensions.py:157}}
Aug 24 10:05:54 ubuntu neutron-server[121844]: DEBUG neutron.api.extensions [None req-c373f574-56f8-47a4-b5a4-652fc0bd922c None None] Extended resource: rbac-policies {{(pid=121844) __init__ /opt/stack/neutron/neutron/api/extensions.py:157}}
Aug 24 10:05:54 ubuntu neutron-server[121844]: DEBUG neutron.api.extensions [None req-c373f574-56f8-47a4-b5a4-652fc0bd922c None None] Extended resource: security-groups {{(pid=121844) __init__ /opt/stack/neutron/neutron/api/extensions.py:157}}
Aug 24 10:05:54 ubuntu neutron-server[121844]: DEBUG neutron.api.extensions [None req-c373f574-56f8-47a4-b5a4-652fc0bd922c None None] Extended resource: security-group-rules {{(pid=121844) __init__ /opt/stack/neutron/neutron/api/extensions.py:157}}
Aug 24 10:05:54 ubuntu neutron-server[121844]: DEBUG neutron.api.extensions [None req-c373f574-56f8-47a4-b5a4-652fc0bd922c None None] Extended resource: service-providers {{(pid=121844) __init__ /opt/stack/neutron/neutron/api/extensions.py:157}}
Aug 24 10:05:54 ubuntu neutron-server[121844]: DEBUG neutron.api.extensions [None req-c373f574-56f8-47a4-b5a4-652fc0bd922c None None] Extended resource: tags {{(pid=121844) __init__ /opt/stack/neutron/neutron/api/extensions.py:157}}
Aug 24 10:05:54 ubuntu neutron-server[121844]: DEBUG neutron.api.extensions [None req-c373f574-56f8-47a4-b5a4-652fc0bd922c None None] Extended resource: tags {{(pid=121844) __init__ /opt/stack/neutron/neutron/api/extensions.py:157}}
Aug 24 10:05:54 ubuntu neutron-server[121844]: DEBUG neutron.api.extensions [None req-c373f574-56f8-47a4-b5a4-652fc0bd922c None None] Extended resource: tags {{(pid=121844) __init__ /opt/stack/neutron/neutron/api/extensions.py:157}}
Aug 24 10:05:54 ubuntu neutron-server[121844]: DEBUG neutron.api.extensions [None req-c373f574-56f8-47a4-b5a4-652fc0bd922c None None] Extended resource: tags {{(pid=121844) __init__ /opt/stack/neutron/neutron/api/extensions.py:157}}
Aug 24 10:05:54 ubuntu neutron-server[121844]: DEBUG neutron.api.extensions [None req-c373f574-56f8-47a4-b5a4-652fc0bd922c None None] Extended resource: tags {{(pid=121844) __init__ /opt/stack/neutron/neutron/api/extensions.py:157}}
Aug 24 10:05:54 ubuntu neutron-server[121844]: DEBUG neutron.api.extensions [None req-c373f574-56f8-47a4-b5a4-652fc0bd922c None None] Extended resource: tags {{(pid=121844) __init__ /opt/stack/neutron/neutron/api/extensions.py:157}}
Aug 24 10:05:54 ubuntu neutron-server[121844]: DEBUG neutron.api.extensions [None req-c373f574-56f8-47a4-b5a4-652fc0bd922c None None] Extended resource: tags {{(pid=121844) __init__ /opt/stack/neutron/neutron/api/extensions.py:157}}
Aug 24 10:05:54 ubuntu neutron-server[121844]: DEBUG neutron.api.extensions [None req-c373f574-56f8-47a4-b5a4-652fc0bd922c None None] Extended resource: tags {{(pid=121844) __init__ /opt/stack/neutron/neutron/api/extensions.py:157}}
Aug 24 10:05:54 ubuntu neutron-server[121844]: DEBUG neutron.api.extensions [None req-c373f574-56f8-47a4-b5a4-652fc0bd922c None None] Extended resource: tags {{(pid=121844) __init__ /opt/stack/neutron/neutron/api/extensions.py:157}}
Aug 24 10:05:54 ubuntu neutron-server[121844]: DEBUG neutron.api.extensions [None req-c373f574-56f8-47a4-b5a4-652fc0bd922c None None] Extended resource: tags {{(pid=121844) __init__ /opt/stack/neutron/neutron/api/extensions.py:157}}
Aug 24 10:05:54 ubuntu neutron-server[121844]: WARNING keystonemiddleware.auth_token [None req-c373f574-56f8-47a4-b5a4-652fc0bd922c None None] AuthToken middleware is set with keystone_authtoken.service_token_roles_required set to False. This is backwards compatible but deprecated behaviour. Please set this to True.
Aug 24 10:05:54 ubuntu neutron-server[121844]: WARNING keystonemiddleware.auth_token [None req-c373f574-56f8-47a4-b5a4-652fc0bd922c None None] Configuring www_authenticate_uri to point to the public identity endpoint is required; clients may not be able to authenticate against an admin endpoint
Aug 24 10:05:54 ubuntu neutron-server[121844]: DEBUG oslo_concurrency.lockutils [None req-c373f574-56f8-47a4-b5a4-652fc0bd922c None None] Acquiring lock "singleton_lock" {{(pid=121844) lock /usr/local/lib/python3.8/dist-packages/oslo_concurrency/lockutils.py:293}}
Aug 24 10:05:54 ubuntu neutron-server[121844]: DEBUG oslo_concurrency.lockutils [None req-c373f574-56f8-47a4-b5a4-652fc0bd922c None None] Acquired lock "singleton_lock" {{(pid=121844) lock /usr/local/lib/python3.8/dist-packages/oslo_concurrency/lockutils.py:296}}
Aug 24 10:05:54 ubuntu neutron-server[121844]: DEBUG oslo_concurrency.lockutils [None req-c373f574-56f8-47a4-b5a4-652fc0bd922c None None] Releasing lock "singleton_lock" {{(pid=121844) lock /usr/local/lib/python3.8/dist-packages/oslo_concurrency/lockutils.py:314}}
Aug 24 10:05:54 ubuntu neutron-server[121844]: INFO oslo_service.service [None req-c373f574-56f8-47a4-b5a4-652fc0bd922c None None] Starting 2 workers
Aug 24 10:05:54 ubuntu neutron-server[121844]: DEBUG oslo_service.service [None req-c373f574-56f8-47a4-b5a4-652fc0bd922c None None] Started child 122063 {{(pid=121844) _start_child /usr/local/lib/python3.8/dist-packages/oslo_service/service.py:575}}
Aug 24 10:05:54 ubuntu neutron-server[121844]: DEBUG oslo_service.service [None req-c373f574-56f8-47a4-b5a4-652fc0bd922c None None] Started child 122064 {{(pid=121844) _start_child /usr/local/lib/python3.8/dist-packages/oslo_service/service.py:575}}
Aug 24 10:05:54 ubuntu neutron-server[121844]: INFO neutron.service [None req-c373f574-56f8-47a4-b5a4-652fc0bd922c None None] Neutron service started, listening on 0.0.0.0:9696
Aug 24 10:05:54 ubuntu neutron-server[121844]: DEBUG neutron_lib.callbacks.manager [None req-c373f574-56f8-47a4-b5a4-652fc0bd922c None None] Publish callbacks ['neutron.plugins.ml2.drivers.ovn.mech_driver.mech_driver.OVNMechanismDriver.pre_fork_initialize-1989220'] for process (None), before_spawn {{(pid=121844) _notify_loop /usr/local/lib/python3.8/dist-packages/neutron_lib/callbacks/manager.py:176}}
Aug 24 10:05:54 ubuntu neutron-server[122063]: DEBUG neutron_lib.callbacks.manager [-] Publish callbacks ['neutron.plugins.ml2.drivers.ovn.mech_driver.mech_driver.OVNMechanismDriver.post_fork_initialize-1987772'] for process (None), after_init {{(pid=122063) _notify_loop /usr/local/lib/python3.8/dist-packages/neutron_lib/callbacks/manager.py:176}}
Aug 24 10:05:54 ubuntu neutron-server[122064]: DEBUG neutron_lib.callbacks.manager [-] Publish callbacks ['neutron.plugins.ml2.drivers.ovn.mech_driver.mech_driver.OVNMechanismDriver.post_fork_initialize-1987772'] for process (None), after_init {{(pid=122064) _notify_loop /usr/local/lib/python3.8/dist-packages/neutron_lib/callbacks/manager.py:176}}
Aug 24 10:05:54 ubuntu neutron-server[122063]: DEBUG dbcounter [-] [122063] Writer thread running {{(pid=122063) stat_writer /usr/local/lib/python3.8/dist-packages/dbcounter.py:99}}
Aug 24 10:05:54 ubuntu neutron-server[122064]: DEBUG dbcounter [-] [122064] Writer thread running {{(pid=122064) stat_writer /usr/local/lib/python3.8/dist-packages/dbcounter.py:99}}
Aug 24 10:05:54 ubuntu neutron-server[121844]: DEBUG ovsdbapp.backend.ovs_idl [None req-c373f574-56f8-47a4-b5a4-652fc0bd922c None None] Created schema index Port_Group.name {{(pid=121844) autocreate_indices /usr/local/lib/python3.8/dist-packages/ovsdbapp/backend/ovs_idl/__init__.py:104}}
Aug 24 10:05:54 ubuntu neutron-server[121844]: DEBUG ovsdbapp.backend.ovs_idl [None req-c373f574-56f8-47a4-b5a4-652fc0bd922c None None] Created schema index Logical_Switch_Port.name {{(pid=121844) autocreate_indices /usr/local/lib/python3.8/dist-packages/ovsdbapp/backend/ovs_idl/__init__.py:104}}
Aug 24 10:05:54 ubuntu neutron-server[122063]: INFO neutron.plugins.ml2.drivers.ovn.mech_driver.ovsdb.impl_idl_ovn [None req-17f25a9b-da40-45cb-ada5-4ac26655391d None None] Getting OvsdbNbOvnIdl for WorkerService with retry
Aug 24 10:05:54 ubuntu neutron-server[122064]: INFO neutron.plugins.ml2.drivers.ovn.mech_driver.ovsdb.impl_idl_ovn [None req-cc6dce1b-8754-4d7d-9d3c-0754dab94ffa None None] Getting OvsdbNbOvnIdl for WorkerService with retry
Aug 24 10:05:54 ubuntu neutron-server[121844]: DEBUG ovsdbapp.backend.ovs_idl.transaction [-] Running txn n=1 command(idx=0): PgAddCommand(name=neutron_pg_drop, may_exist=True, columns={'acls': []}) {{(pid=121844) do_commit /usr/local/lib/python3.8/dist-packages/ovsdbapp/backend/ovs_idl/transaction.py:90}}
Aug 24 10:05:54 ubuntu neutron-server[121844]: DEBUG ovsdbapp.backend.ovs_idl.transaction [-] Running txn n=1 command(idx=1): PgAclAddCommand(entity=neutron_pg_drop, direction=from-lport, priority=1001, match=inport == @neutron_pg_drop && ip, action=drop, log=False, may_exist=True, severity=[], name=[], meter=None, external_ids={}) {{(pid=121844) do_commit /usr/local/lib/python3.8/dist-packages/ovsdbapp/backend/ovs_idl/transaction.py:90}}
Aug 24 10:05:54 ubuntu neutron-server[121844]: DEBUG ovsdbapp.backend.ovs_idl.transaction [-] Running txn n=1 command(idx=2): PgAclAddCommand(entity=neutron_pg_drop, direction=to-lport, priority=1001, match=outport == @neutron_pg_drop && ip, action=drop, log=False, may_exist=True, severity=[], name=[], meter=None, external_ids={}) {{(pid=121844) do_commit /usr/local/lib/python3.8/dist-packages/ovsdbapp/backend/ovs_idl/transaction.py:90}}
Aug 24 10:05:54 ubuntu neutron-server[121844]: DEBUG ovsdbapp.backend.ovs_idl.event [-] Matched CREATE: NeutronPgDropPortGroupCreated(events=('create',), table='Port_Group', conditions=(('name', '=', 'neutron_pg_drop'),), old_conditions=None), priority=10 to row=Port_Group(name=neutron_pg_drop, ports=[], external_ids={}, acls=[<ovs.db.idl.Row object at 0x7f5e388fa3a0>, <ovs.db.idl.Row object at 0x7f5e388fadc0>]) old= {{(pid=121844) matches /usr/local/lib/python3.8/dist-packages/ovsdbapp/backend/ovs_idl/event.py:43}}
Aug 24 10:05:54 ubuntu neutron-server[122063]: DEBUG ovsdbapp.backend.ovs_idl [None req-17f25a9b-da40-45cb-ada5-4ac26655391d None None] Created lookup_table index Logical_Switch.name {{(pid=122063) autocreate_indices /usr/local/lib/python3.8/dist-packages/ovsdbapp/backend/ovs_idl/__init__.py:85}}
Aug 24 10:05:54 ubuntu neutron-server[122063]: DEBUG ovsdbapp.backend.ovs_idl [None req-17f25a9b-da40-45cb-ada5-4ac26655391d None None] Created lookup_table index Logical_Router.name {{(pid=122063) autocreate_indices /usr/local/lib/python3.8/dist-packages/ovsdbapp/backend/ovs_idl/__init__.py:85}}
Aug 24 10:05:54 ubuntu neutron-server[122063]: DEBUG ovsdbapp.backend.ovs_idl [None req-17f25a9b-da40-45cb-ada5-4ac26655391d None None] Created lookup_table index Load_Balancer.name {{(pid=122063) autocreate_indices /usr/local/lib/python3.8/dist-packages/ovsdbapp/backend/ovs_idl/__init__.py:85}}
Aug 24 10:05:54 ubuntu neutron-server[122063]: DEBUG ovsdbapp.backend.ovs_idl [None req-17f25a9b-da40-45cb-ada5-4ac26655391d None None] Created schema index Meter.name {{(pid=122063) autocreate_indices /usr/local/lib/python3.8/dist-packages/ovsdbapp/backend/ovs_idl/__init__.py:104}}
Aug 24 10:05:54 ubuntu neutron-server[122063]: DEBUG ovsdbapp.backend.ovs_idl [None req-17f25a9b-da40-45cb-ada5-4ac26655391d None None] Created schema index Address_Set.name {{(pid=122063) autocreate_indices /usr/local/lib/python3.8/dist-packages/ovsdbapp/backend/ovs_idl/__init__.py:104}}
Aug 24 10:05:54 ubuntu neutron-server[122063]: DEBUG ovsdbapp.backend.ovs_idl [None req-17f25a9b-da40-45cb-ada5-4ac26655391d None None] Created schema index HA_Chassis_Group.name {{(pid=122063) autocreate_indices /usr/local/lib/python3.8/dist-packages/ovsdbapp/backend/ovs_idl/__init__.py:104}}
Aug 24 10:05:54 ubuntu neutron-server[122063]: DEBUG ovsdbapp.backend.ovs_idl [None req-17f25a9b-da40-45cb-ada5-4ac26655391d None None] Created schema index Connection.target {{(pid=122063) autocreate_indices /usr/local/lib/python3.8/dist-packages/ovsdbapp/backend/ovs_idl/__init__.py:104}}
Aug 24 10:05:54 ubuntu neutron-server[122063]: DEBUG ovsdbapp.backend.ovs_idl [None req-17f25a9b-da40-45cb-ada5-4ac26655391d None None] Created schema index Gateway_Chassis.name {{(pid=122063) autocreate_indices /usr/local/lib/python3.8/dist-packages/ovsdbapp/backend/ovs_idl/__init__.py:104}}
Aug 24 10:05:54 ubuntu neutron-server[122063]: DEBUG ovsdbapp.backend.ovs_idl [None req-17f25a9b-da40-45cb-ada5-4ac26655391d None None] Created schema index Logical_Router_Port.name {{(pid=122063) autocreate_indices /usr/local/lib/python3.8/dist-packages/ovsdbapp/backend/ovs_idl/__init__.py:104}}
Aug 24 10:05:54 ubuntu neutron-server[122063]: DEBUG ovsdbapp.backend.ovs_idl [None req-17f25a9b-da40-45cb-ada5-4ac26655391d None None] Created schema index Port_Group.name {{(pid=122063) autocreate_indices /usr/local/lib/python3.8/dist-packages/ovsdbapp/backend/ovs_idl/__init__.py:104}}
Aug 24 10:05:54 ubuntu neutron-server[122063]: DEBUG ovsdbapp.backend.ovs_idl [None req-17f25a9b-da40-45cb-ada5-4ac26655391d None None] Created schema index Logical_Switch_Port.name {{(pid=122063) autocreate_indices /usr/local/lib/python3.8/dist-packages/ovsdbapp/backend/ovs_idl/__init__.py:104}}
Aug 24 10:05:54 ubuntu neutron-server[122063]: INFO ovsdbapp.backend.ovs_idl.vlog [None req-17f25a9b-da40-45cb-ada5-4ac26655391d None None] tcp:192.168.79.47:6641: connecting...
Aug 24 10:05:54 ubuntu neutron-server[122063]: INFO ovsdbapp.backend.ovs_idl.vlog [None req-17f25a9b-da40-45cb-ada5-4ac26655391d None None] tcp:192.168.79.47:6641: connected
Aug 24 10:05:54 ubuntu neutron-server[122064]: DEBUG ovsdbapp.backend.ovs_idl [None req-cc6dce1b-8754-4d7d-9d3c-0754dab94ffa None None] Created lookup_table index Logical_Switch.name {{(pid=122064) autocreate_indices /usr/local/lib/python3.8/dist-packages/ovsdbapp/backend/ovs_idl/__init__.py:85}}
Aug 24 10:05:54 ubuntu neutron-server[122064]: DEBUG ovsdbapp.backend.ovs_idl [None req-cc6dce1b-8754-4d7d-9d3c-0754dab94ffa None None] Created lookup_table index Logical_Router.name {{(pid=122064) autocreate_indices /usr/local/lib/python3.8/dist-packages/ovsdbapp/backend/ovs_idl/__init__.py:85}}
Aug 24 10:05:54 ubuntu neutron-server[122064]: DEBUG ovsdbapp.backend.ovs_idl [None req-cc6dce1b-8754-4d7d-9d3c-0754dab94ffa None None] Created lookup_table index Load_Balancer.name {{(pid=122064) autocreate_indices /usr/local/lib/python3.8/dist-packages/ovsdbapp/backend/ovs_idl/__init__.py:85}}
Aug 24 10:05:54 ubuntu neutron-server[122064]: DEBUG ovsdbapp.backend.ovs_idl [None req-cc6dce1b-8754-4d7d-9d3c-0754dab94ffa None None] Created schema index Meter.name {{(pid=122064) autocreate_indices /usr/local/lib/python3.8/dist-packages/ovsdbapp/backend/ovs_idl/__init__.py:104}}
Aug 24 10:05:54 ubuntu neutron-server[122064]: DEBUG ovsdbapp.backend.ovs_idl [None req-cc6dce1b-8754-4d7d-9d3c-0754dab94ffa None None] Created schema index Address_Set.name {{(pid=122064) autocreate_indices /usr/local/lib/python3.8/dist-packages/ovsdbapp/backend/ovs_idl/__init__.py:104}}
Aug 24 10:05:54 ubuntu neutron-server[122064]: DEBUG ovsdbapp.backend.ovs_idl [None req-cc6dce1b-8754-4d7d-9d3c-0754dab94ffa None None] Created schema index HA_Chassis_Group.name {{(pid=122064) autocreate_indices /usr/local/lib/python3.8/dist-packages/ovsdbapp/backend/ovs_idl/__init__.py:104}}
Aug 24 10:05:54 ubuntu neutron-server[122064]: DEBUG ovsdbapp.backend.ovs_idl [None req-cc6dce1b-8754-4d7d-9d3c-0754dab94ffa None None] Created schema index Connection.target {{(pid=122064) autocreate_indices /usr/local/lib/python3.8/dist-packages/ovsdbapp/backend/ovs_idl/__init__.py:104}}
Aug 24 10:05:54 ubuntu neutron-server[122064]: DEBUG ovsdbapp.backend.ovs_idl [None req-cc6dce1b-8754-4d7d-9d3c-0754dab94ffa None None] Created schema index Gateway_Chassis.name {{(pid=122064) autocreate_indices /usr/local/lib/python3.8/dist-packages/ovsdbapp/backend/ovs_idl/__init__.py:104}}
Aug 24 10:05:54 ubuntu neutron-server[122064]: DEBUG ovsdbapp.backend.ovs_idl [None req-cc6dce1b-8754-4d7d-9d3c-0754dab94ffa None None] Created schema index Logical_Router_Port.name {{(pid=122064) autocreate_indices /usr/local/lib/python3.8/dist-packages/ovsdbapp/backend/ovs_idl/__init__.py:104}}
Aug 24 10:05:54 ubuntu neutron-server[122064]: DEBUG ovsdbapp.backend.ovs_idl [None req-cc6dce1b-8754-4d7d-9d3c-0754dab94ffa None None] Created schema index Port_Group.name {{(pid=122064) autocreate_indices /usr/local/lib/python3.8/dist-packages/ovsdbapp/backend/ovs_idl/__init__.py:104}}
Aug 24 10:05:54 ubuntu neutron-server[122064]: DEBUG ovsdbapp.backend.ovs_idl [None req-cc6dce1b-8754-4d7d-9d3c-0754dab94ffa None None] Created schema index Logical_Switch_Port.name {{(pid=122064) autocreate_indices /usr/local/lib/python3.8/dist-packages/ovsdbapp/backend/ovs_idl/__init__.py:104}}
Aug 24 10:05:54 ubuntu neutron-server[122064]: INFO ovsdbapp.backend.ovs_idl.vlog [None req-cc6dce1b-8754-4d7d-9d3c-0754dab94ffa None None] tcp:192.168.79.47:6641: connecting...
Aug 24 10:05:54 ubuntu neutron-server[121844]: DEBUG ovsdbapp.backend.ovs_idl [None req-c373f574-56f8-47a4-b5a4-652fc0bd922c None None] Created lookup_table index Logical_Switch.name {{(pid=121844) autocreate_indices /usr/local/lib/python3.8/dist-packages/ovsdbapp/backend/ovs_idl/__init__.py:85}}
Aug 24 10:05:54 ubuntu neutron-server[121844]: DEBUG ovsdbapp.backend.ovs_idl [None req-c373f574-56f8-47a4-b5a4-652fc0bd922c None None] Created lookup_table index Logical_Router.name {{(pid=121844) autocreate_indices /usr/local/lib/python3.8/dist-packages/ovsdbapp/backend/ovs_idl/__init__.py:85}}
Aug 24 10:05:54 ubuntu neutron-server[121844]: DEBUG ovsdbapp.backend.ovs_idl [None req-c373f574-56f8-47a4-b5a4-652fc0bd922c None None] Created lookup_table index Load_Balancer.name {{(pid=121844) autocreate_indices /usr/local/lib/python3.8/dist-packages/ovsdbapp/backend/ovs_idl/__init__.py:85}}
Aug 24 10:05:54 ubuntu neutron-server[121844]: DEBUG ovsdbapp.backend.ovs_idl [None req-c373f574-56f8-47a4-b5a4-652fc0bd922c None None] Created schema index Meter.name {{(pid=121844) autocreate_indices /usr/local/lib/python3.8/dist-packages/ovsdbapp/backend/ovs_idl/__init__.py:104}}
Aug 24 10:05:54 ubuntu neutron-server[121844]: DEBUG ovsdbapp.backend.ovs_idl [None req-c373f574-56f8-47a4-b5a4-652fc0bd922c None None] Created schema index Address_Set.name {{(pid=121844) autocreate_indices /usr/local/lib/python3.8/dist-packages/ovsdbapp/backend/ovs_idl/__init__.py:104}}
Aug 24 10:05:54 ubuntu neutron-server[121844]: DEBUG ovsdbapp.backend.ovs_idl [None req-c373f574-56f8-47a4-b5a4-652fc0bd922c None None] Created schema index HA_Chassis_Group.name {{(pid=121844) autocreate_indices /usr/local/lib/python3.8/dist-packages/ovsdbapp/backend/ovs_idl/__init__.py:104}}
Aug 24 10:05:54 ubuntu neutron-server[122064]: INFO ovsdbapp.backend.ovs_idl.vlog [None req-cc6dce1b-8754-4d7d-9d3c-0754dab94ffa None None] tcp:192.168.79.47:6641: connected
Aug 24 10:05:54 ubuntu neutron-server[121844]: DEBUG ovsdbapp.backend.ovs_idl [None req-c373f574-56f8-47a4-b5a4-652fc0bd922c None None] Created schema index Connection.target {{(pid=121844) autocreate_indices /usr/local/lib/python3.8/dist-packages/ovsdbapp/backend/ovs_idl/__init__.py:104}}
Aug 24 10:05:54 ubuntu neutron-server[121844]: DEBUG ovsdbapp.backend.ovs_idl [None req-c373f574-56f8-47a4-b5a4-652fc0bd922c None None] Created schema index Gateway_Chassis.name {{(pid=121844) autocreate_indices /usr/local/lib/python3.8/dist-packages/ovsdbapp/backend/ovs_idl/__init__.py:104}}
Aug 24 10:05:54 ubuntu neutron-server[121844]: DEBUG ovsdbapp.backend.ovs_idl [None req-c373f574-56f8-47a4-b5a4-652fc0bd922c None None] Created schema index Logical_Router_Port.name {{(pid=121844) autocreate_indices /usr/local/lib/python3.8/dist-packages/ovsdbapp/backend/ovs_idl/__init__.py:104}}
Aug 24 10:05:54 ubuntu neutron-server[121844]: DEBUG ovsdbapp.backend.ovs_idl [None req-c373f574-56f8-47a4-b5a4-652fc0bd922c None None] Created schema index Port_Group.name {{(pid=121844) autocreate_indices /usr/local/lib/python3.8/dist-packages/ovsdbapp/backend/ovs_idl/__init__.py:104}}
Aug 24 10:05:54 ubuntu neutron-server[121844]: DEBUG ovsdbapp.backend.ovs_idl [None req-c373f574-56f8-47a4-b5a4-652fc0bd922c None None] Created schema index Logical_Switch_Port.name {{(pid=121844) autocreate_indices /usr/local/lib/python3.8/dist-packages/ovsdbapp/backend/ovs_idl/__init__.py:104}}
Aug 24 10:05:54 ubuntu neutron-server[122063]: DEBUG neutron.common.ovn.hash_ring_manager [None req-17f25a9b-da40-45cb-ada5-4ac26655391d None None] Allow caching, nodes 2>=2 {{(pid=122063) _wait_startup_before_caching /opt/stack/neutron/neutron/common/ovn/hash_ring_manager.py:60}}
Aug 24 10:05:54 ubuntu neutron-server[122063]: DEBUG neutron.plugins.ml2.drivers.ovn.mech_driver.ovsdb.ovsdb_monitor [None req-17f25a9b-da40-45cb-ada5-4ac26655391d None None] Hash Ring: Node 670ede08-8846-4c30-bbbd-d4975ae0d6df (host: ubuntu) handling event "create" for row 2b398593-b8ee-4012-981c-068ce9f64872 (table: Database) {{(pid=122063) notify /opt/stack/neutron/neutron/plugins/ml2/drivers/ovn/mech_driver/ovsdb/ovsdb_monitor.py:743}}
Aug 24 10:05:54 ubuntu neutron-server[122063]: DEBUG neutron.plugins.ml2.drivers.ovn.mech_driver.ovsdb.ovsdb_monitor [None req-17f25a9b-da40-45cb-ada5-4ac26655391d None None] Hash Ring: Node 670ede08-8846-4c30-bbbd-d4975ae0d6df (host: ubuntu) handling event "create" for row 955f98e8-a0fe-41ba-af3b-974810eaec2e (table: Database) {{(pid=122063) notify /opt/stack/neutron/neutron/plugins/ml2/drivers/ovn/mech_driver/ovsdb/ovsdb_monitor.py:743}}
Aug 24 10:05:54 ubuntu neutron-server[122063]: DEBUG neutron.plugins.ml2.drivers.ovn.mech_driver.ovsdb.ovsdb_monitor [None req-17f25a9b-da40-45cb-ada5-4ac26655391d None None] Hash Ring: Node 670ede08-8846-4c30-bbbd-d4975ae0d6df (host: ubuntu) handling event "create" for row 9ed4bc46-a1d4-4871-a39c-ca0de46b8294 (table: Port_Group) {{(pid=122063) notify /opt/stack/neutron/neutron/plugins/ml2/drivers/ovn/mech_driver/ovsdb/ovsdb_monitor.py:743}}
Aug 24 10:05:54 ubuntu neutron-server[122064]: DEBUG neutron.common.ovn.hash_ring_manager [None req-cc6dce1b-8754-4d7d-9d3c-0754dab94ffa None None] Allow caching, nodes 2>=2 {{(pid=122064) _wait_startup_before_caching /opt/stack/neutron/neutron/common/ovn/hash_ring_manager.py:60}}
Aug 24 10:05:54 ubuntu neutron-server[122063]: INFO neutron.plugins.ml2.drivers.ovn.mech_driver.ovsdb.impl_idl_ovn [None req-17f25a9b-da40-45cb-ada5-4ac26655391d None None] Getting OvsdbSbOvnIdl for WorkerService with retry
Aug 24 10:05:54 ubuntu neutron-server[121844]: DEBUG ovsdbapp.backend.ovs_idl [None req-c373f574-56f8-47a4-b5a4-652fc0bd922c None None] Created lookup_table index Chassis.name {{(pid=121844) autocreate_indices /usr/local/lib/python3.8/dist-packages/ovsdbapp/backend/ovs_idl/__init__.py:85}}
Aug 24 10:05:54 ubuntu neutron-server[121844]: DEBUG ovsdbapp.backend.ovs_idl [None req-c373f574-56f8-47a4-b5a4-652fc0bd922c None None] Created lookup_table index MAC_Binding.ip {{(pid=121844) autocreate_indices /usr/local/lib/python3.8/dist-packages/ovsdbapp/backend/ovs_idl/__init__.py:85}}
Aug 24 10:05:54 ubuntu neutron-server[121844]: DEBUG ovsdbapp.backend.ovs_idl [None req-c373f574-56f8-47a4-b5a4-652fc0bd922c None None] Created schema index Meter.name {{(pid=121844) autocreate_indices /usr/local/lib/python3.8/dist-packages/ovsdbapp/backend/ovs_idl/__init__.py:104}}
Aug 24 10:05:54 ubuntu neutron-server[121844]: DEBUG ovsdbapp.backend.ovs_idl [None req-c373f574-56f8-47a4-b5a4-652fc0bd922c None None] Created schema index Address_Set.name {{(pid=121844) autocreate_indices /usr/local/lib/python3.8/dist-packages/ovsdbapp/backend/ovs_idl/__init__.py:104}}
Aug 24 10:05:54 ubuntu neutron-server[121844]: DEBUG ovsdbapp.backend.ovs_idl [None req-c373f574-56f8-47a4-b5a4-652fc0bd922c None None] Created schema index HA_Chassis_Group.name {{(pid=121844) autocreate_indices /usr/local/lib/python3.8/dist-packages/ovsdbapp/backend/ovs_idl/__init__.py:104}}
Aug 24 10:05:54 ubuntu neutron-server[121844]: DEBUG ovsdbapp.backend.ovs_idl [None req-c373f574-56f8-47a4-b5a4-652fc0bd922c None None] Created schema index IP_Multicast.datapath {{(pid=121844) autocreate_indices /usr/local/lib/python3.8/dist-packages/ovsdbapp/backend/ovs_idl/__init__.py:104}}
Aug 24 10:05:54 ubuntu neutron-server[122063]: DEBUG ovsdbapp.backend.ovs_idl [None req-17f25a9b-da40-45cb-ada5-4ac26655391d None None] Created lookup_table index Chassis.name {{(pid=122063) autocreate_indices /usr/local/lib/python3.8/dist-packages/ovsdbapp/backend/ovs_idl/__init__.py:85}}
Aug 24 10:05:54 ubuntu neutron-server[121844]: DEBUG ovsdbapp.backend.ovs_idl [None req-c373f574-56f8-47a4-b5a4-652fc0bd922c None None] Created schema index Connection.target {{(pid=121844) autocreate_indices /usr/local/lib/python3.8/dist-packages/ovsdbapp/backend/ovs_idl/__init__.py:104}}
Aug 24 10:05:54 ubuntu neutron-server[122063]: DEBUG ovsdbapp.backend.ovs_idl [None req-17f25a9b-da40-45cb-ada5-4ac26655391d None None] Created schema index Datapath_Binding.tunnel_key {{(pid=122063) autocreate_indices /usr/local/lib/python3.8/dist-packages/ovsdbapp/backend/ovs_idl/__init__.py:104}}
Aug 24 10:05:54 ubuntu neutron-server[122063]: DEBUG ovsdbapp.backend.ovs_idl [None req-17f25a9b-da40-45cb-ada5-4ac26655391d None None] Created schema index Connection.target {{(pid=122063) autocreate_indices /usr/local/lib/python3.8/dist-packages/ovsdbapp/backend/ovs_idl/__init__.py:104}}
Aug 24 10:05:54 ubuntu neutron-server[121844]: DEBUG ovsdbapp.backend.ovs_idl [None req-c373f574-56f8-47a4-b5a4-652fc0bd922c None None] Created schema index Gateway_Chassis.name {{(pid=121844) autocreate_indices /usr/local/lib/python3.8/dist-packages/ovsdbapp/backend/ovs_idl/__init__.py:104}}
Aug 24 10:05:54 ubuntu neutron-server[121844]: DEBUG ovsdbapp.backend.ovs_idl [None req-c373f574-56f8-47a4-b5a4-652fc0bd922c None None] Created schema index Port_Group.name {{(pid=121844) autocreate_indices /usr/local/lib/python3.8/dist-packages/ovsdbapp/backend/ovs_idl/__init__.py:104}}
Aug 24 10:05:54 ubuntu neutron-server[122063]: INFO ovsdbapp.backend.ovs_idl.vlog [None req-17f25a9b-da40-45cb-ada5-4ac26655391d None None] tcp:192.168.79.47:6642: connecting...
Aug 24 10:05:54 ubuntu neutron-server[121844]: DEBUG ovsdbapp.backend.ovs_idl [None req-c373f574-56f8-47a4-b5a4-652fc0bd922c None None] Created schema index Datapath_Binding.tunnel_key {{(pid=121844) autocreate_indices /usr/local/lib/python3.8/dist-packages/ovsdbapp/backend/ovs_idl/__init__.py:104}}
Aug 24 10:05:54 ubuntu neutron-server[122063]: INFO ovsdbapp.backend.ovs_idl.vlog [None req-17f25a9b-da40-45cb-ada5-4ac26655391d None None] tcp:192.168.79.47:6642: connected
Aug 24 10:05:54 ubuntu neutron-server[122064]: DEBUG neutron.plugins.ml2.drivers.ovn.mech_driver.ovsdb.ovsdb_monitor [None req-cc6dce1b-8754-4d7d-9d3c-0754dab94ffa None None] Hash Ring: Node e750c59e-1875-476c-8c21-c691c4730a37 (host: ubuntu) handling event "create" for row 44f7e785-a7e6-4c23-82f8-874762f34b3b (table: NB_Global) {{(pid=122064) notify /opt/stack/neutron/neutron/plugins/ml2/drivers/ovn/mech_driver/ovsdb/ovsdb_monitor.py:743}}
Aug 24 10:05:54 ubuntu neutron-server[122064]: DEBUG neutron.plugins.ml2.drivers.ovn.mech_driver.ovsdb.ovsdb_monitor [None req-cc6dce1b-8754-4d7d-9d3c-0754dab94ffa None None] Hash Ring: Node e750c59e-1875-476c-8c21-c691c4730a37 (host: ubuntu) handling event "create" for row b3dc16b7-7ee4-40be-8402-df45e4785929 (table: ACL) {{(pid=122064) notify /opt/stack/neutron/neutron/plugins/ml2/drivers/ovn/mech_driver/ovsdb/ovsdb_monitor.py:743}}
Aug 24 10:05:54 ubuntu neutron-server[122064]: DEBUG neutron.plugins.ml2.drivers.ovn.mech_driver.ovsdb.ovsdb_monitor [None req-cc6dce1b-8754-4d7d-9d3c-0754dab94ffa None None] Hash Ring: Node e750c59e-1875-476c-8c21-c691c4730a37 (host: ubuntu) handling event "create" for row d9194788-2250-40bc-a550-d82c0528ac9b (table: ACL) {{(pid=122064) notify /opt/stack/neutron/neutron/plugins/ml2/drivers/ovn/mech_driver/ovsdb/ovsdb_monitor.py:743}}
Aug 24 10:05:54 ubuntu neutron-server[122064]: DEBUG neutron.plugins.ml2.drivers.ovn.mech_driver.ovsdb.ovsdb_monitor [None req-cc6dce1b-8754-4d7d-9d3c-0754dab94ffa None None] Hash Ring: Node e750c59e-1875-476c-8c21-c691c4730a37 (host: ubuntu) handling event "create" for row 7c04d6e1-022a-4e40-8e4e-5d87675568d4 (table: Connection) {{(pid=122064) notify /opt/stack/neutron/neutron/plugins/ml2/drivers/ovn/mech_driver/ovsdb/ovsdb_monitor.py:743}}
Aug 24 10:05:54 ubuntu neutron-server[122064]: INFO neutron.plugins.ml2.drivers.ovn.mech_driver.ovsdb.impl_idl_ovn [None req-cc6dce1b-8754-4d7d-9d3c-0754dab94ffa None None] Getting OvsdbSbOvnIdl for WorkerService with retry
Aug 24 10:05:54 ubuntu neutron-server[122064]: DEBUG ovsdbapp.backend.ovs_idl [None req-cc6dce1b-8754-4d7d-9d3c-0754dab94ffa None None] Created lookup_table index Chassis.name {{(pid=122064) autocreate_indices /usr/local/lib/python3.8/dist-packages/ovsdbapp/backend/ovs_idl/__init__.py:85}}
Aug 24 10:05:54 ubuntu neutron-server[122064]: DEBUG ovsdbapp.backend.ovs_idl [None req-cc6dce1b-8754-4d7d-9d3c-0754dab94ffa None None] Created schema index Datapath_Binding.tunnel_key {{(pid=122064) autocreate_indices /usr/local/lib/python3.8/dist-packages/ovsdbapp/backend/ovs_idl/__init__.py:104}}
Aug 24 10:05:54 ubuntu neutron-server[122064]: DEBUG ovsdbapp.backend.ovs_idl [None req-cc6dce1b-8754-4d7d-9d3c-0754dab94ffa None None] Created schema index Connection.target {{(pid=122064) autocreate_indices /usr/local/lib/python3.8/dist-packages/ovsdbapp/backend/ovs_idl/__init__.py:104}}
Aug 24 10:05:54 ubuntu neutron-server[122064]: INFO ovsdbapp.backend.ovs_idl.vlog [None req-cc6dce1b-8754-4d7d-9d3c-0754dab94ffa None None] tcp:192.168.79.47:6642: connecting...
Aug 24 10:05:54 ubuntu neutron-server[122064]: INFO ovsdbapp.backend.ovs_idl.vlog [None req-cc6dce1b-8754-4d7d-9d3c-0754dab94ffa None None] tcp:192.168.79.47:6642: connected
Aug 24 10:05:54 ubuntu neutron-server[122063]: DEBUG neutron.common.ovn.hash_ring_manager [None req-17f25a9b-da40-45cb-ada5-4ac26655391d None None] Allow caching, nodes 2>=2 {{(pid=122063) _wait_startup_before_caching /opt/stack/neutron/neutron/common/ovn/hash_ring_manager.py:60}}
Aug 24 10:05:54 ubuntu neutron-server[122063]: DEBUG neutron.plugins.ml2.drivers.ovn.mech_driver.ovsdb.ovsdb_monitor [None req-17f25a9b-da40-45cb-ada5-4ac26655391d None None] Hash Ring: Node 670ede08-8846-4c30-bbbd-d4975ae0d6df (host: ubuntu) handling event "create" for row 6a7a2afb-9093-4a4c-9bb7-47910bb9fbdd (table: Database) {{(pid=122063) notify /opt/stack/neutron/neutron/plugins/ml2/drivers/ovn/mech_driver/ovsdb/ovsdb_monitor.py:743}}
Aug 24 10:05:54 ubuntu neutron-server[121844]: INFO oslo_service.service [None req-c373f574-56f8-47a4-b5a4-652fc0bd922c None None] Starting 1 workers
Aug 24 10:05:54 ubuntu neutron-server[122063]: DEBUG neutron.plugins.ml2.drivers.ovn.mech_driver.ovsdb.ovsdb_monitor [None req-17f25a9b-da40-45cb-ada5-4ac26655391d None None] ChassisAgentWriteEvent : Matched Chassis, create, None None {{(pid=122063) matches /opt/stack/neutron/neutron/plugins/ml2/drivers/ovn/mech_driver/ovsdb/ovsdb_monitor.py:62}}
Aug 24 10:05:54 ubuntu neutron-server[122063]: DEBUG neutron.plugins.ml2.drivers.ovn.mech_driver.ovsdb.ovsdb_monitor [None req-17f25a9b-da40-45cb-ada5-4ac26655391d None None] ChassisMetadataAgentWriteEvent : Matched Chassis, create, None None {{(pid=122063) matches /opt/stack/neutron/neutron/plugins/ml2/drivers/ovn/mech_driver/ovsdb/ovsdb_monitor.py:62}}
Aug 24 10:05:54 ubuntu neutron-server[122063]: DEBUG neutron.plugins.ml2.drivers.ovn.mech_driver.ovsdb.ovsdb_monitor [None req-17f25a9b-da40-45cb-ada5-4ac26655391d None None] Hash Ring: Node 670ede08-8846-4c30-bbbd-d4975ae0d6df (host: ubuntu) handling event "create" for row 03865a3f-5f38-4dff-b8fc-87b75afc856a (table: Chassis) {{(pid=122063) notify /opt/stack/neutron/neutron/plugins/ml2/drivers/ovn/mech_driver/ovsdb/ovsdb_monitor.py:743}}
Aug 24 10:05:54 ubuntu neutron-server[122063]: DEBUG neutron.plugins.ml2.drivers.ovn.mech_driver.ovsdb.ovsdb_monitor [None req-17f25a9b-da40-45cb-ada5-4ac26655391d None None] Hash Ring: Node 670ede08-8846-4c30-bbbd-d4975ae0d6df (host: ubuntu) handling event "create" for row 41105519-8304-4ff4-aaca-c723cb03d237 (table: Connection) {{(pid=122063) notify /opt/stack/neutron/neutron/plugins/ml2/drivers/ovn/mech_driver/ovsdb/ovsdb_monitor.py:743}}
Aug 24 10:05:54 ubuntu neutron-server[122063]: INFO neutron.wsgi [-] (122063) wsgi starting up on http://0.0.0.0:9696
Aug 24 10:05:54 ubuntu neutron-server[121844]: DEBUG oslo_service.service [None req-c373f574-56f8-47a4-b5a4-652fc0bd922c None None] Started child 122066 {{(pid=121844) _start_child /usr/local/lib/python3.8/dist-packages/oslo_service/service.py:575}}
Aug 24 10:05:54 ubuntu neutron-server[121844]: INFO oslo_service.service [None req-c373f574-56f8-47a4-b5a4-652fc0bd922c None None] Starting 1 workers
Aug 24 10:05:54 ubuntu neutron-server[121844]: DEBUG oslo_service.service [None req-c373f574-56f8-47a4-b5a4-652fc0bd922c None None] Started child 122067 {{(pid=121844) _start_child /usr/local/lib/python3.8/dist-packages/oslo_service/service.py:575}}
Aug 24 10:05:54 ubuntu neutron-server[121844]: INFO oslo_service.service [None req-c373f574-56f8-47a4-b5a4-652fc0bd922c None None] Starting 1 workers
Aug 24 10:05:54 ubuntu neutron-server[122066]: DEBUG neutron.service [None req-c373f574-56f8-47a4-b5a4-652fc0bd922c None None] calling RpcWorker wait() {{(pid=122066) _wait /opt/stack/neutron/neutron/service.py:128}}
Aug 24 10:05:54 ubuntu neutron-server[122066]: DEBUG neutron.service [None req-c373f574-56f8-47a4-b5a4-652fc0bd922c None None] returning from RpcWorker wait() {{(pid=122066) _wait /opt/stack/neutron/neutron/service.py:135}}
Aug 24 10:05:54 ubuntu neutron-server[122066]: DEBUG neutron_lib.callbacks.manager [-] Publish callbacks ['neutron.plugins.ml2.drivers.ovn.mech_driver.mech_driver.OVNMechanismDriver.post_fork_initialize-1987772'] for process (None), after_init {{(pid=122066) _notify_loop /usr/local/lib/python3.8/dist-packages/neutron_lib/callbacks/manager.py:176}}
Aug 24 10:05:54 ubuntu neutron-server[121844]: DEBUG oslo_service.service [None req-c373f574-56f8-47a4-b5a4-652fc0bd922c None None] Started child 122068 {{(pid=121844) _start_child /usr/local/lib/python3.8/dist-packages/oslo_service/service.py:575}}
Aug 24 10:05:54 ubuntu neutron-server[121844]: DEBUG neutron_lib.callbacks.manager [None req-c373f574-56f8-47a4-b5a4-652fc0bd922c None None] Publish callbacks [] for process (None), after_spawn {{(pid=121844) _notify_loop /usr/local/lib/python3.8/dist-packages/neutron_lib/callbacks/manager.py:176}}
Aug 24 10:05:54 ubuntu neutron-server[122066]: INFO neutron.plugins.ml2.drivers.ovn.mech_driver.ovsdb.impl_idl_ovn [-] Getting OvsdbNbOvnIdl for RpcWorker with retry
Aug 24 10:05:54 ubuntu neutron-server[121844]: DEBUG oslo_service.service [-] Full set of CONF: {{(pid=121844) wait /usr/local/lib/python3.8/dist-packages/oslo_service/service.py:649}}
Aug 24 10:05:54 ubuntu neutron-server[121844]: DEBUG oslo_service.service [-] ******************************************************************************** {{(pid=121844) log_opt_values /usr/local/lib/python3.8/dist-packages/oslo_config/cfg.py:2589}}
