Aug 23 18:43:10 ubuntu neutron-server[120055]: DEBUG neutron.api.extensions [None req-786928e4-6c02-4ae6-805f-0325b6cc7275 None None] Ext name="Resource timestamps" alias="standard-attr-timestamp" description="Adds created_at and updated_at fields to all Neutron resources that have Neutron standard attributes." updated="2016-09-12T10:00:00-00:00" {{(pid=120055) _check_extension /opt/stack/neutron/neutron/api/extensions.py:416}}
Aug 23 18:43:10 ubuntu neutron-server[120055]: INFO neutron.api.extensions [None req-786928e4-6c02-4ae6-805f-0325b6cc7275 None None] Loaded extension: standard-attr-timestamp
Aug 23 18:43:10 ubuntu neutron-server[120055]: DEBUG neutron.api.extensions [None req-786928e4-6c02-4ae6-805f-0325b6cc7275 None None] Loading extension file: trunk.py {{(pid=120055) _load_all_extensions_from_path /opt/stack/neutron/neutron/api/extensions.py:450}}
Aug 23 18:43:10 ubuntu neutron-server[120055]: DEBUG neutron.api.extensions [None req-786928e4-6c02-4ae6-805f-0325b6cc7275 None None] Ext name="Trunk Extension" alias="trunk" description="Provides support for trunk ports" updated="2016-01-01T10:00:00-00:00" {{(pid=120055) _check_extension /opt/stack/neutron/neutron/api/extensions.py:416}}
Aug 23 18:43:10 ubuntu neutron-server[120055]: INFO neutron.api.extensions [None req-786928e4-6c02-4ae6-805f-0325b6cc7275 None None] Extension trunk not supported by any of loaded plugins
Aug 23 18:43:10 ubuntu neutron-server[120055]: DEBUG neutron.api.extensions [None req-786928e4-6c02-4ae6-805f-0325b6cc7275 None None] Loading extension file: trunk_details.py {{(pid=120055) _load_all_extensions_from_path /opt/stack/neutron/neutron/api/extensions.py:450}}
Aug 23 18:43:10 ubuntu neutron-server[120055]: DEBUG neutron.api.extensions [None req-786928e4-6c02-4ae6-805f-0325b6cc7275 None None] Ext name="Trunk port details" alias="trunk-details" description="Expose trunk port details" updated="2016-01-01T10:00:00-00:00" {{(pid=120055) _check_extension /opt/stack/neutron/neutron/api/extensions.py:416}}
Aug 23 18:43:10 ubuntu neutron-server[120055]: INFO neutron.api.extensions [None req-786928e4-6c02-4ae6-805f-0325b6cc7275 None None] Extension trunk-details not supported by any of loaded plugins
Aug 23 18:43:10 ubuntu neutron-server[120055]: DEBUG neutron.api.extensions [None req-786928e4-6c02-4ae6-805f-0325b6cc7275 None None] Loading extension file: uplink_status_propagation.py {{(pid=120055) _load_all_extensions_from_path /opt/stack/neutron/neutron/api/extensions.py:450}}
Aug 23 18:43:10 ubuntu neutron-server[120055]: DEBUG neutron.api.extensions [None req-786928e4-6c02-4ae6-805f-0325b6cc7275 None None] Ext name="Uplink status propagation extension" alias="uplink-status-propagation" description="Provides ability to propagate port uplink status." updated="2018-05-31T18:00:00-00:00" {{(pid=120055) _check_extension /opt/stack/neutron/neutron/api/extensions.py:416}}
Aug 23 18:43:10 ubuntu neutron-server[120055]: INFO neutron.api.extensions [None req-786928e4-6c02-4ae6-805f-0325b6cc7275 None None] Extension uplink-status-propagation not supported by any of loaded plugins
Aug 23 18:43:10 ubuntu neutron-server[120055]: DEBUG neutron.api.extensions [None req-786928e4-6c02-4ae6-805f-0325b6cc7275 None None] Loading extension file: vlantransparent.py {{(pid=120055) _load_all_extensions_from_path /opt/stack/neutron/neutron/api/extensions.py:450}}
Aug 23 18:43:10 ubuntu neutron-server[120055]: DEBUG neutron.api.extensions [None req-786928e4-6c02-4ae6-805f-0325b6cc7275 None None] Ext name="Vlantransparent" alias="vlan-transparent" description="Provides Vlan Transparent Networks" updated="2015-03-23T09:00:00-00:00" {{(pid=120055) _check_extension /opt/stack/neutron/neutron/api/extensions.py:416}}
Aug 23 18:43:10 ubuntu neutron-server[120055]: INFO neutron.api.extensions [None req-786928e4-6c02-4ae6-805f-0325b6cc7275 None None] Extension vlan-transparent not supported by any of loaded plugins
Aug 23 18:43:10 ubuntu neutron-server[120055]: INFO neutron.quota.resource_registry [None req-786928e4-6c02-4ae6-805f-0325b6cc7275 None None] Creating instance of TrackedResource for resource:network
Aug 23 18:43:10 ubuntu neutron-server[120055]: INFO neutron.quota.resource_registry [None req-786928e4-6c02-4ae6-805f-0325b6cc7275 None None] Creating instance of TrackedResource for resource:subnet
Aug 23 18:43:10 ubuntu neutron-server[120055]: INFO neutron.quota.resource_registry [None req-786928e4-6c02-4ae6-805f-0325b6cc7275 None None] Creating instance of TrackedResource for resource:subnetpool
Aug 23 18:43:10 ubuntu neutron-server[120055]: INFO neutron.quota.resource_registry [None req-786928e4-6c02-4ae6-805f-0325b6cc7275 None None] Creating instance of TrackedResource for resource:port
Aug 23 18:43:10 ubuntu neutron-server[120055]: DEBUG neutron.api.v2.resource_helper [None req-786928e4-6c02-4ae6-805f-0325b6cc7275 None None] Service FLAVORS assigned prefix:  {{(pid=120055) build_resource_info /opt/stack/neutron/neutron/api/v2/resource_helper.py:77}}
Aug 23 18:43:10 ubuntu neutron-server[120055]: DEBUG neutron.api.v2.resource_helper [None req-786928e4-6c02-4ae6-805f-0325b6cc7275 None None] Service L3_ROUTER_NAT assigned prefix:  {{(pid=120055) build_resource_info /opt/stack/neutron/neutron/api/v2/resource_helper.py:77}}
Aug 23 18:43:10 ubuntu neutron-server[120055]: DEBUG neutron.api.v2.resource_helper [None req-786928e4-6c02-4ae6-805f-0325b6cc7275 None None] Service L3_ROUTER_NAT assigned prefix:  {{(pid=120055) build_resource_info /opt/stack/neutron/neutron/api/v2/resource_helper.py:77}}
Aug 23 18:43:10 ubuntu neutron-server[120055]: INFO neutron.quota.resource_registry [None req-786928e4-6c02-4ae6-805f-0325b6cc7275 None None] Creating instance of TrackedResource for resource:router
Aug 23 18:43:10 ubuntu neutron-server[120055]: INFO neutron.quota.resource_registry [None req-786928e4-6c02-4ae6-805f-0325b6cc7275 None None] Creating instance of TrackedResource for resource:floatingip
Aug 23 18:43:10 ubuntu neutron-server[120055]: DEBUG neutron_lib.callbacks.manager [None req-786928e4-6c02-4ae6-805f-0325b6cc7275 None None] Subscribe: <bound method NeutronDbPluginV2.validate_network_rbac_policy_change of <neutron.services.network_ip_availability.plugin.NetworkIPAvailabilityPlugin object at 0x7f05cc0d4b50>> rbac-policy before_create 55550000 {{(pid=120055) subscribe /usr/local/lib/python3.8/dist-packages/neutron_lib/callbacks/manager.py:45}}
Aug 23 18:43:10 ubuntu neutron-server[120055]: DEBUG neutron_lib.callbacks.manager [None req-786928e4-6c02-4ae6-805f-0325b6cc7275 None None] Subscribe: <bound method NeutronDbPluginV2.validate_network_rbac_policy_change of <neutron.services.network_ip_availability.plugin.NetworkIPAvailabilityPlugin object at 0x7f05cc0d4b50>> rbac-policy before_update 55550000 {{(pid=120055) subscribe /usr/local/lib/python3.8/dist-packages/neutron_lib/callbacks/manager.py:45}}
Aug 23 18:43:10 ubuntu neutron-server[120055]: DEBUG neutron_lib.callbacks.manager [None req-786928e4-6c02-4ae6-805f-0325b6cc7275 None None] Subscribe: <bound method NeutronDbPluginV2.validate_network_rbac_policy_change of <neutron.services.network_ip_availability.plugin.NetworkIPAvailabilityPlugin object at 0x7f05cc0d4b50>> rbac-policy before_delete 55550000 {{(pid=120055) subscribe /usr/local/lib/python3.8/dist-packages/neutron_lib/callbacks/manager.py:45}}
Aug 23 18:43:10 ubuntu neutron-server[120055]: INFO neutron.quota.resource_registry [None req-786928e4-6c02-4ae6-805f-0325b6cc7275 None None] Creating instance of CountableResource for resource:rbac_policy
Aug 23 18:43:10 ubuntu neutron-server[120055]: INFO neutron.quota.resource_registry [None req-786928e4-6c02-4ae6-805f-0325b6cc7275 None None] Creating instance of TrackedResource for resource:security_group
Aug 23 18:43:10 ubuntu neutron-server[120055]: INFO neutron.quota.resource_registry [None req-786928e4-6c02-4ae6-805f-0325b6cc7275 None None] Creating instance of TrackedResource for resource:security_group_rule
Aug 23 18:43:10 ubuntu neutron-server[120055]: DEBUG neutron.api.v2.resource_helper [None req-786928e4-6c02-4ae6-805f-0325b6cc7275 None None] Service FLAVORS assigned prefix:  {{(pid=120055) build_resource_info /opt/stack/neutron/neutron/api/v2/resource_helper.py:77}}
Aug 23 18:43:10 ubuntu neutron-server[120055]: DEBUG neutron.api.v2.resource_helper [None req-786928e4-6c02-4ae6-805f-0325b6cc7275 None None] Service L3_ROUTER_NAT assigned prefix:  {{(pid=120055) build_resource_info /opt/stack/neutron/neutron/api/v2/resource_helper.py:77}}
Aug 23 18:43:10 ubuntu neutron-server[120055]: DEBUG neutron.api.v2.resource_helper [None req-786928e4-6c02-4ae6-805f-0325b6cc7275 None None] Service L3_ROUTER_NAT assigned prefix:  {{(pid=120055) build_resource_info /opt/stack/neutron/neutron/api/v2/resource_helper.py:77}}
Aug 23 18:43:10 ubuntu neutron-server[120055]: INFO neutron.quota.resource_registry [None req-786928e4-6c02-4ae6-805f-0325b6cc7275 None None] Creating instance of TrackedResource for resource:router
Aug 23 18:43:10 ubuntu neutron-server[120055]: WARNING neutron.quota.resource_registry [None req-786928e4-6c02-4ae6-805f-0325b6cc7275 None None] router is already registered
Aug 23 18:43:10 ubuntu neutron-server[120055]: INFO neutron.quota.resource_registry [None req-786928e4-6c02-4ae6-805f-0325b6cc7275 None None] Creating instance of TrackedResource for resource:floatingip
Aug 23 18:43:10 ubuntu neutron-server[120055]: WARNING neutron.quota.resource_registry [None req-786928e4-6c02-4ae6-805f-0325b6cc7275 None None] floatingip is already registered
Aug 23 18:43:10 ubuntu neutron-server[120055]: INFO neutron.quota.resource_registry [None req-786928e4-6c02-4ae6-805f-0325b6cc7275 None None] Creating instance of CountableResource for resource:rbac_policy
Aug 23 18:43:10 ubuntu neutron-server[120055]: WARNING neutron.quota.resource_registry [None req-786928e4-6c02-4ae6-805f-0325b6cc7275 None None] rbac_policy is already registered
Aug 23 18:43:10 ubuntu neutron-server[120055]: INFO neutron.quota.resource_registry [None req-786928e4-6c02-4ae6-805f-0325b6cc7275 None None] Creating instance of TrackedResource for resource:security_group
Aug 23 18:43:10 ubuntu neutron-server[120055]: WARNING neutron.quota.resource_registry [None req-786928e4-6c02-4ae6-805f-0325b6cc7275 None None] security_group is already registered
Aug 23 18:43:10 ubuntu neutron-server[120055]: INFO neutron.quota.resource_registry [None req-786928e4-6c02-4ae6-805f-0325b6cc7275 None None] Creating instance of TrackedResource for resource:security_group_rule
Aug 23 18:43:10 ubuntu neutron-server[120055]: WARNING neutron.quota.resource_registry [None req-786928e4-6c02-4ae6-805f-0325b6cc7275 None None] security_group_rule is already registered
Aug 23 18:43:10 ubuntu neutron-server[120055]: DEBUG neutron.api.extensions [None req-786928e4-6c02-4ae6-805f-0325b6cc7275 None None] Extended resource: extensions {{(pid=120055) __init__ /opt/stack/neutron/neutron/api/extensions.py:157}}
Aug 23 18:43:10 ubuntu neutron-server[120055]: DEBUG neutron.api.extensions [None req-786928e4-6c02-4ae6-805f-0325b6cc7275 None None] Extended resource: address-groups {{(pid=120055) __init__ /opt/stack/neutron/neutron/api/extensions.py:157}}
Aug 23 18:43:10 ubuntu neutron-server[120055]: DEBUG neutron.api.extensions [None req-786928e4-6c02-4ae6-805f-0325b6cc7275 None None] Extended resource: address-scopes {{(pid=120055) __init__ /opt/stack/neutron/neutron/api/extensions.py:157}}
Aug 23 18:43:10 ubuntu neutron-server[120055]: DEBUG neutron.api.extensions [None req-786928e4-6c02-4ae6-805f-0325b6cc7275 None None] Extended resource: agents {{(pid=120055) __init__ /opt/stack/neutron/neutron/api/extensions.py:157}}
Aug 23 18:43:10 ubuntu neutron-server[120055]: DEBUG neutron.api.extensions [None req-786928e4-6c02-4ae6-805f-0325b6cc7275 None None] Extended resource: auto-allocated-topology {{(pid=120055) __init__ /opt/stack/neutron/neutron/api/extensions.py:157}}
Aug 23 18:43:10 ubuntu neutron-server[120055]: DEBUG neutron.api.extensions [None req-786928e4-6c02-4ae6-805f-0325b6cc7275 None None] Extended resource: availability_zones {{(pid=120055) __init__ /opt/stack/neutron/neutron/api/extensions.py:157}}
Aug 23 18:43:10 ubuntu neutron-server[120055]: DEBUG neutron.api.extensions [None req-786928e4-6c02-4ae6-805f-0325b6cc7275 None None] Extended resource: flavors {{(pid=120055) __init__ /opt/stack/neutron/neutron/api/extensions.py:157}}
Aug 23 18:43:10 ubuntu neutron-server[120055]: DEBUG neutron.api.extensions [None req-786928e4-6c02-4ae6-805f-0325b6cc7275 None None] Extended resource: service_profiles {{(pid=120055) __init__ /opt/stack/neutron/neutron/api/extensions.py:157}}
Aug 23 18:43:10 ubuntu neutron-server[120055]: DEBUG neutron.api.extensions [None req-786928e4-6c02-4ae6-805f-0325b6cc7275 None None] Extended resource: next_providers {{(pid=120055) __init__ /opt/stack/neutron/neutron/api/extensions.py:157}}
Aug 23 18:43:10 ubuntu neutron-server[120055]: DEBUG neutron.api.extensions [None req-786928e4-6c02-4ae6-805f-0325b6cc7275 None None] Extended resource: service_profiles {{(pid=120055) __init__ /opt/stack/neutron/neutron/api/extensions.py:157}}
Aug 23 18:43:10 ubuntu neutron-server[120055]: DEBUG neutron.api.extensions [None req-786928e4-6c02-4ae6-805f-0325b6cc7275 None None] Extended resource: floatingip-pools {{(pid=120055) __init__ /opt/stack/neutron/neutron/api/extensions.py:157}}
Aug 23 18:43:10 ubuntu neutron-server[120055]: DEBUG neutron.api.extensions [None req-786928e4-6c02-4ae6-805f-0325b6cc7275 None None] Extended resource: routers {{(pid=120055) __init__ /opt/stack/neutron/neutron/api/extensions.py:157}}
Aug 23 18:43:10 ubuntu neutron-server[120055]: DEBUG neutron.api.extensions [None req-786928e4-6c02-4ae6-805f-0325b6cc7275 None None] Extended resource: floatingips {{(pid=120055) __init__ /opt/stack/neutron/neutron/api/extensions.py:157}}
Aug 23 18:43:10 ubuntu neutron-server[120055]: DEBUG neutron.api.extensions [None req-786928e4-6c02-4ae6-805f-0325b6cc7275 None None] Extended resource: network-ip-availabilities {{(pid=120055) __init__ /opt/stack/neutron/neutron/api/extensions.py:157}}
Aug 23 18:43:10 ubuntu neutron-server[120055]: DEBUG neutron.api.extensions [None req-786928e4-6c02-4ae6-805f-0325b6cc7275 None None] Extended resource: bindings {{(pid=120055) __init__ /opt/stack/neutron/neutron/api/extensions.py:157}}
Aug 23 18:43:10 ubuntu neutron-server[120055]: DEBUG neutron.api.extensions [None req-786928e4-6c02-4ae6-805f-0325b6cc7275 None None] Extended resource: quotas {{(pid=120055) __init__ /opt/stack/neutron/neutron/api/extensions.py:157}}
Aug 23 18:43:10 ubuntu neutron-server[120055]: DEBUG neutron.api.extensions [None req-786928e4-6c02-4ae6-805f-0325b6cc7275 None None] Extended resource: quotas {{(pid=120055) __init__ /opt/stack/neutron/neutron/api/extensions.py:157}}
Aug 23 18:43:10 ubuntu neutron-server[120055]: DEBUG neutron.api.extensions [None req-786928e4-6c02-4ae6-805f-0325b6cc7275 None None] Extended resource: rbac-policies {{(pid=120055) __init__ /opt/stack/neutron/neutron/api/extensions.py:157}}
Aug 23 18:43:10 ubuntu neutron-server[120055]: DEBUG neutron.api.extensions [None req-786928e4-6c02-4ae6-805f-0325b6cc7275 None None] Extended resource: security-groups {{(pid=120055) __init__ /opt/stack/neutron/neutron/api/extensions.py:157}}
Aug 23 18:43:10 ubuntu neutron-server[120055]: DEBUG neutron.api.extensions [None req-786928e4-6c02-4ae6-805f-0325b6cc7275 None None] Extended resource: security-group-rules {{(pid=120055) __init__ /opt/stack/neutron/neutron/api/extensions.py:157}}
Aug 23 18:43:10 ubuntu neutron-server[120055]: DEBUG neutron.api.extensions [None req-786928e4-6c02-4ae6-805f-0325b6cc7275 None None] Extended resource: service-providers {{(pid=120055) __init__ /opt/stack/neutron/neutron/api/extensions.py:157}}
Aug 23 18:43:10 ubuntu neutron-server[120055]: DEBUG neutron.api.extensions [None req-786928e4-6c02-4ae6-805f-0325b6cc7275 None None] Extended resource: tags {{(pid=120055) __init__ /opt/stack/neutron/neutron/api/extensions.py:157}}
Aug 23 18:43:10 ubuntu neutron-server[120055]: DEBUG neutron.api.extensions [None req-786928e4-6c02-4ae6-805f-0325b6cc7275 None None] Extended resource: tags {{(pid=120055) __init__ /opt/stack/neutron/neutron/api/extensions.py:157}}
Aug 23 18:43:10 ubuntu neutron-server[120055]: DEBUG neutron.api.extensions [None req-786928e4-6c02-4ae6-805f-0325b6cc7275 None None] Extended resource: tags {{(pid=120055) __init__ /opt/stack/neutron/neutron/api/extensions.py:157}}
Aug 23 18:43:10 ubuntu neutron-server[120055]: DEBUG neutron.api.extensions [None req-786928e4-6c02-4ae6-805f-0325b6cc7275 None None] Extended resource: tags {{(pid=120055) __init__ /opt/stack/neutron/neutron/api/extensions.py:157}}
Aug 23 18:43:10 ubuntu neutron-server[120055]: DEBUG neutron.api.extensions [None req-786928e4-6c02-4ae6-805f-0325b6cc7275 None None] Extended resource: tags {{(pid=120055) __init__ /opt/stack/neutron/neutron/api/extensions.py:157}}
Aug 23 18:43:10 ubuntu neutron-server[120055]: DEBUG neutron.api.extensions [None req-786928e4-6c02-4ae6-805f-0325b6cc7275 None None] Extended resource: tags {{(pid=120055) __init__ /opt/stack/neutron/neutron/api/extensions.py:157}}
Aug 23 18:43:10 ubuntu neutron-server[120055]: DEBUG neutron.api.extensions [None req-786928e4-6c02-4ae6-805f-0325b6cc7275 None None] Extended resource: tags {{(pid=120055) __init__ /opt/stack/neutron/neutron/api/extensions.py:157}}
Aug 23 18:43:10 ubuntu neutron-server[120055]: DEBUG neutron.api.extensions [None req-786928e4-6c02-4ae6-805f-0325b6cc7275 None None] Extended resource: tags {{(pid=120055) __init__ /opt/stack/neutron/neutron/api/extensions.py:157}}
Aug 23 18:43:10 ubuntu neutron-server[120055]: DEBUG neutron.api.extensions [None req-786928e4-6c02-4ae6-805f-0325b6cc7275 None None] Extended resource: tags {{(pid=120055) __init__ /opt/stack/neutron/neutron/api/extensions.py:157}}
Aug 23 18:43:10 ubuntu neutron-server[120055]: DEBUG neutron.api.extensions [None req-786928e4-6c02-4ae6-805f-0325b6cc7275 None None] Extended resource: tags {{(pid=120055) __init__ /opt/stack/neutron/neutron/api/extensions.py:157}}
Aug 23 18:43:10 ubuntu neutron-server[120055]: WARNING keystonemiddleware.auth_token [None req-786928e4-6c02-4ae6-805f-0325b6cc7275 None None] AuthToken middleware is set with keystone_authtoken.service_token_roles_required set to False. This is backwards compatible but deprecated behaviour. Please set this to True.
Aug 23 18:43:10 ubuntu neutron-server[120055]: WARNING keystonemiddleware.auth_token [None req-786928e4-6c02-4ae6-805f-0325b6cc7275 None None] Configuring www_authenticate_uri to point to the public identity endpoint is required; clients may not be able to authenticate against an admin endpoint
Aug 23 18:43:10 ubuntu neutron-server[120055]: DEBUG oslo_concurrency.lockutils [None req-786928e4-6c02-4ae6-805f-0325b6cc7275 None None] Acquiring lock "singleton_lock" {{(pid=120055) lock /usr/local/lib/python3.8/dist-packages/oslo_concurrency/lockutils.py:293}}
Aug 23 18:43:10 ubuntu neutron-server[120055]: DEBUG oslo_concurrency.lockutils [None req-786928e4-6c02-4ae6-805f-0325b6cc7275 None None] Acquired lock "singleton_lock" {{(pid=120055) lock /usr/local/lib/python3.8/dist-packages/oslo_concurrency/lockutils.py:296}}
Aug 23 18:43:10 ubuntu neutron-server[120055]: DEBUG oslo_concurrency.lockutils [None req-786928e4-6c02-4ae6-805f-0325b6cc7275 None None] Releasing lock "singleton_lock" {{(pid=120055) lock /usr/local/lib/python3.8/dist-packages/oslo_concurrency/lockutils.py:314}}
Aug 23 18:43:10 ubuntu neutron-server[120055]: INFO oslo_service.service [None req-786928e4-6c02-4ae6-805f-0325b6cc7275 None None] Starting 2 workers
Aug 23 18:43:10 ubuntu neutron-server[120055]: DEBUG oslo_service.service [None req-786928e4-6c02-4ae6-805f-0325b6cc7275 None None] Started child 120273 {{(pid=120055) _start_child /usr/local/lib/python3.8/dist-packages/oslo_service/service.py:575}}
Aug 23 18:43:10 ubuntu neutron-server[120055]: DEBUG oslo_service.service [None req-786928e4-6c02-4ae6-805f-0325b6cc7275 None None] Started child 120274 {{(pid=120055) _start_child /usr/local/lib/python3.8/dist-packages/oslo_service/service.py:575}}
Aug 23 18:43:10 ubuntu neutron-server[120055]: INFO neutron.service [None req-786928e4-6c02-4ae6-805f-0325b6cc7275 None None] Neutron service started, listening on 0.0.0.0:9696
Aug 23 18:43:10 ubuntu neutron-server[120055]: DEBUG neutron_lib.callbacks.manager [None req-786928e4-6c02-4ae6-805f-0325b6cc7275 None None] Publish callbacks ['neutron.plugins.ml2.drivers.ovn.mech_driver.mech_driver.OVNMechanismDriver.pre_fork_initialize-7943947'] for process (None), before_spawn {{(pid=120055) _notify_loop /usr/local/lib/python3.8/dist-packages/neutron_lib/callbacks/manager.py:176}}
Aug 23 18:43:10 ubuntu neutron-server[120273]: DEBUG neutron_lib.callbacks.manager [-] Publish callbacks ['neutron.plugins.ml2.drivers.ovn.mech_driver.mech_driver.OVNMechanismDriver.post_fork_initialize-7943983'] for process (None), after_init {{(pid=120273) _notify_loop /usr/local/lib/python3.8/dist-packages/neutron_lib/callbacks/manager.py:176}}
Aug 23 18:43:10 ubuntu neutron-server[120274]: DEBUG neutron_lib.callbacks.manager [-] Publish callbacks ['neutron.plugins.ml2.drivers.ovn.mech_driver.mech_driver.OVNMechanismDriver.post_fork_initialize-7943983'] for process (None), after_init {{(pid=120274) _notify_loop /usr/local/lib/python3.8/dist-packages/neutron_lib/callbacks/manager.py:176}}
Aug 23 18:43:10 ubuntu neutron-server[120273]: DEBUG dbcounter [-] [120273] Writer thread running {{(pid=120273) stat_writer /usr/local/lib/python3.8/dist-packages/dbcounter.py:99}}
Aug 23 18:43:10 ubuntu neutron-server[120274]: DEBUG dbcounter [-] [120274] Writer thread running {{(pid=120274) stat_writer /usr/local/lib/python3.8/dist-packages/dbcounter.py:99}}
Aug 23 18:43:10 ubuntu neutron-server[120055]: DEBUG ovsdbapp.backend.ovs_idl [None req-786928e4-6c02-4ae6-805f-0325b6cc7275 None None] Created schema index Port_Group.name {{(pid=120055) autocreate_indices /usr/local/lib/python3.8/dist-packages/ovsdbapp/backend/ovs_idl/__init__.py:104}}
Aug 23 18:43:10 ubuntu neutron-server[120055]: DEBUG ovsdbapp.backend.ovs_idl [None req-786928e4-6c02-4ae6-805f-0325b6cc7275 None None] Created schema index Logical_Switch_Port.name {{(pid=120055) autocreate_indices /usr/local/lib/python3.8/dist-packages/ovsdbapp/backend/ovs_idl/__init__.py:104}}
Aug 23 18:43:10 ubuntu neutron-server[120274]: INFO neutron.plugins.ml2.drivers.ovn.mech_driver.ovsdb.impl_idl_ovn [None req-519b93d9-0d9c-447d-8641-509e2cd3ed8e None None] Getting OvsdbNbOvnIdl for WorkerService with retry
Aug 23 18:43:10 ubuntu neutron-server[120273]: INFO neutron.plugins.ml2.drivers.ovn.mech_driver.ovsdb.impl_idl_ovn [None req-92c35090-152e-44c1-acbd-3617908afebb None None] Getting OvsdbNbOvnIdl for WorkerService with retry
Aug 23 18:43:10 ubuntu neutron-server[120274]: DEBUG ovsdbapp.backend.ovs_idl [None req-519b93d9-0d9c-447d-8641-509e2cd3ed8e None None] Created lookup_table index Logical_Switch.name {{(pid=120274) autocreate_indices /usr/local/lib/python3.8/dist-packages/ovsdbapp/backend/ovs_idl/__init__.py:85}}
Aug 23 18:43:10 ubuntu neutron-server[120274]: DEBUG ovsdbapp.backend.ovs_idl [None req-519b93d9-0d9c-447d-8641-509e2cd3ed8e None None] Created lookup_table index Logical_Router.name {{(pid=120274) autocreate_indices /usr/local/lib/python3.8/dist-packages/ovsdbapp/backend/ovs_idl/__init__.py:85}}
Aug 23 18:43:10 ubuntu neutron-server[120274]: DEBUG ovsdbapp.backend.ovs_idl [None req-519b93d9-0d9c-447d-8641-509e2cd3ed8e None None] Created lookup_table index Load_Balancer.name {{(pid=120274) autocreate_indices /usr/local/lib/python3.8/dist-packages/ovsdbapp/backend/ovs_idl/__init__.py:85}}
Aug 23 18:43:10 ubuntu neutron-server[120274]: DEBUG ovsdbapp.backend.ovs_idl [None req-519b93d9-0d9c-447d-8641-509e2cd3ed8e None None] Created schema index Meter.name {{(pid=120274) autocreate_indices /usr/local/lib/python3.8/dist-packages/ovsdbapp/backend/ovs_idl/__init__.py:104}}
Aug 23 18:43:10 ubuntu neutron-server[120055]: DEBUG ovsdbapp.backend.ovs_idl.transaction [-] Running txn n=1 command(idx=0): PgAddCommand(name=neutron_pg_drop, may_exist=True, columns={'acls': []}) {{(pid=120055) do_commit /usr/local/lib/python3.8/dist-packages/ovsdbapp/backend/ovs_idl/transaction.py:90}}
Aug 23 18:43:10 ubuntu neutron-server[120274]: DEBUG ovsdbapp.backend.ovs_idl [None req-519b93d9-0d9c-447d-8641-509e2cd3ed8e None None] Created schema index Address_Set.name {{(pid=120274) autocreate_indices /usr/local/lib/python3.8/dist-packages/ovsdbapp/backend/ovs_idl/__init__.py:104}}
Aug 23 18:43:10 ubuntu neutron-server[120274]: DEBUG ovsdbapp.backend.ovs_idl [None req-519b93d9-0d9c-447d-8641-509e2cd3ed8e None None] Created schema index HA_Chassis_Group.name {{(pid=120274) autocreate_indices /usr/local/lib/python3.8/dist-packages/ovsdbapp/backend/ovs_idl/__init__.py:104}}
Aug 23 18:43:10 ubuntu neutron-server[120274]: DEBUG ovsdbapp.backend.ovs_idl [None req-519b93d9-0d9c-447d-8641-509e2cd3ed8e None None] Created schema index Connection.target {{(pid=120274) autocreate_indices /usr/local/lib/python3.8/dist-packages/ovsdbapp/backend/ovs_idl/__init__.py:104}}
Aug 23 18:43:10 ubuntu neutron-server[120274]: DEBUG ovsdbapp.backend.ovs_idl [None req-519b93d9-0d9c-447d-8641-509e2cd3ed8e None None] Created schema index Gateway_Chassis.name {{(pid=120274) autocreate_indices /usr/local/lib/python3.8/dist-packages/ovsdbapp/backend/ovs_idl/__init__.py:104}}
Aug 23 18:43:10 ubuntu neutron-server[120055]: DEBUG ovsdbapp.backend.ovs_idl.transaction [-] Running txn n=1 command(idx=1): PgAclAddCommand(entity=neutron_pg_drop, direction=from-lport, priority=1001, match=inport == @neutron_pg_drop && ip, action=drop, log=False, may_exist=True, severity=[], name=[], meter=None, external_ids={}) {{(pid=120055) do_commit /usr/local/lib/python3.8/dist-packages/ovsdbapp/backend/ovs_idl/transaction.py:90}}
Aug 23 18:43:10 ubuntu neutron-server[120274]: DEBUG ovsdbapp.backend.ovs_idl [None req-519b93d9-0d9c-447d-8641-509e2cd3ed8e None None] Created schema index Logical_Router_Port.name {{(pid=120274) autocreate_indices /usr/local/lib/python3.8/dist-packages/ovsdbapp/backend/ovs_idl/__init__.py:104}}
Aug 23 18:43:10 ubuntu neutron-server[120273]: DEBUG ovsdbapp.backend.ovs_idl [None req-92c35090-152e-44c1-acbd-3617908afebb None None] Created lookup_table index Logical_Switch.name {{(pid=120273) autocreate_indices /usr/local/lib/python3.8/dist-packages/ovsdbapp/backend/ovs_idl/__init__.py:85}}
Aug 23 18:43:10 ubuntu neutron-server[120274]: DEBUG ovsdbapp.backend.ovs_idl [None req-519b93d9-0d9c-447d-8641-509e2cd3ed8e None None] Created schema index Port_Group.name {{(pid=120274) autocreate_indices /usr/local/lib/python3.8/dist-packages/ovsdbapp/backend/ovs_idl/__init__.py:104}}
Aug 23 18:43:10 ubuntu neutron-server[120273]: DEBUG ovsdbapp.backend.ovs_idl [None req-92c35090-152e-44c1-acbd-3617908afebb None None] Created lookup_table index Logical_Router.name {{(pid=120273) autocreate_indices /usr/local/lib/python3.8/dist-packages/ovsdbapp/backend/ovs_idl/__init__.py:85}}
Aug 23 18:43:10 ubuntu neutron-server[120273]: DEBUG ovsdbapp.backend.ovs_idl [None req-92c35090-152e-44c1-acbd-3617908afebb None None] Created lookup_table index Load_Balancer.name {{(pid=120273) autocreate_indices /usr/local/lib/python3.8/dist-packages/ovsdbapp/backend/ovs_idl/__init__.py:85}}
Aug 23 18:43:10 ubuntu neutron-server[120274]: DEBUG ovsdbapp.backend.ovs_idl [None req-519b93d9-0d9c-447d-8641-509e2cd3ed8e None None] Created schema index Logical_Switch_Port.name {{(pid=120274) autocreate_indices /usr/local/lib/python3.8/dist-packages/ovsdbapp/backend/ovs_idl/__init__.py:104}}
Aug 23 18:43:10 ubuntu neutron-server[120055]: DEBUG ovsdbapp.backend.ovs_idl.transaction [-] Running txn n=1 command(idx=2): PgAclAddCommand(entity=neutron_pg_drop, direction=to-lport, priority=1001, match=outport == @neutron_pg_drop && ip, action=drop, log=False, may_exist=True, severity=[], name=[], meter=None, external_ids={}) {{(pid=120055) do_commit /usr/local/lib/python3.8/dist-packages/ovsdbapp/backend/ovs_idl/transaction.py:90}}
Aug 23 18:43:10 ubuntu neutron-server[120273]: DEBUG ovsdbapp.backend.ovs_idl [None req-92c35090-152e-44c1-acbd-3617908afebb None None] Created schema index Meter.name {{(pid=120273) autocreate_indices /usr/local/lib/python3.8/dist-packages/ovsdbapp/backend/ovs_idl/__init__.py:104}}
Aug 23 18:43:10 ubuntu neutron-server[120274]: INFO ovsdbapp.backend.ovs_idl.vlog [None req-519b93d9-0d9c-447d-8641-509e2cd3ed8e None None] tcp:192.168.79.44:6641: connecting...
Aug 23 18:43:10 ubuntu neutron-server[120274]: INFO ovsdbapp.backend.ovs_idl.vlog [None req-519b93d9-0d9c-447d-8641-509e2cd3ed8e None None] tcp:192.168.79.44:6641: connected
Aug 23 18:43:10 ubuntu neutron-server[120273]: DEBUG ovsdbapp.backend.ovs_idl [None req-92c35090-152e-44c1-acbd-3617908afebb None None] Created schema index Address_Set.name {{(pid=120273) autocreate_indices /usr/local/lib/python3.8/dist-packages/ovsdbapp/backend/ovs_idl/__init__.py:104}}
Aug 23 18:43:10 ubuntu neutron-server[120273]: DEBUG ovsdbapp.backend.ovs_idl [None req-92c35090-152e-44c1-acbd-3617908afebb None None] Created schema index HA_Chassis_Group.name {{(pid=120273) autocreate_indices /usr/local/lib/python3.8/dist-packages/ovsdbapp/backend/ovs_idl/__init__.py:104}}
Aug 23 18:43:10 ubuntu neutron-server[120273]: DEBUG ovsdbapp.backend.ovs_idl [None req-92c35090-152e-44c1-acbd-3617908afebb None None] Created schema index Connection.target {{(pid=120273) autocreate_indices /usr/local/lib/python3.8/dist-packages/ovsdbapp/backend/ovs_idl/__init__.py:104}}
Aug 23 18:43:10 ubuntu neutron-server[120273]: DEBUG ovsdbapp.backend.ovs_idl [None req-92c35090-152e-44c1-acbd-3617908afebb None None] Created schema index Gateway_Chassis.name {{(pid=120273) autocreate_indices /usr/local/lib/python3.8/dist-packages/ovsdbapp/backend/ovs_idl/__init__.py:104}}
Aug 23 18:43:10 ubuntu neutron-server[120273]: DEBUG ovsdbapp.backend.ovs_idl [None req-92c35090-152e-44c1-acbd-3617908afebb None None] Created schema index Logical_Router_Port.name {{(pid=120273) autocreate_indices /usr/local/lib/python3.8/dist-packages/ovsdbapp/backend/ovs_idl/__init__.py:104}}
Aug 23 18:43:10 ubuntu neutron-server[120273]: DEBUG ovsdbapp.backend.ovs_idl [None req-92c35090-152e-44c1-acbd-3617908afebb None None] Created schema index Port_Group.name {{(pid=120273) autocreate_indices /usr/local/lib/python3.8/dist-packages/ovsdbapp/backend/ovs_idl/__init__.py:104}}
Aug 23 18:43:10 ubuntu neutron-server[120273]: DEBUG ovsdbapp.backend.ovs_idl [None req-92c35090-152e-44c1-acbd-3617908afebb None None] Created schema index Logical_Switch_Port.name {{(pid=120273) autocreate_indices /usr/local/lib/python3.8/dist-packages/ovsdbapp/backend/ovs_idl/__init__.py:104}}
Aug 23 18:43:10 ubuntu neutron-server[120273]: INFO ovsdbapp.backend.ovs_idl.vlog [None req-92c35090-152e-44c1-acbd-3617908afebb None None] tcp:192.168.79.44:6641: connecting...
Aug 23 18:43:10 ubuntu neutron-server[120055]: DEBUG ovsdbapp.backend.ovs_idl.event [-] Matched CREATE: NeutronPgDropPortGroupCreated(events=('create',), table='Port_Group', conditions=(('name', '=', 'neutron_pg_drop'),), old_conditions=None), priority=10 to row=Port_Group(name=neutron_pg_drop, ports=[], external_ids={}, acls=[<ovs.db.idl.Row object at 0x7f05cb994490>, <ovs.db.idl.Row object at 0x7f05cb980430>]) old= {{(pid=120055) matches /usr/local/lib/python3.8/dist-packages/ovsdbapp/backend/ovs_idl/event.py:43}}
Aug 23 18:43:10 ubuntu neutron-server[120273]: INFO ovsdbapp.backend.ovs_idl.vlog [None req-92c35090-152e-44c1-acbd-3617908afebb None None] tcp:192.168.79.44:6641: connected
Aug 23 18:43:10 ubuntu neutron-server[120055]: DEBUG ovsdbapp.backend.ovs_idl [None req-786928e4-6c02-4ae6-805f-0325b6cc7275 None None] Created lookup_table index Logical_Switch.name {{(pid=120055) autocreate_indices /usr/local/lib/python3.8/dist-packages/ovsdbapp/backend/ovs_idl/__init__.py:85}}
Aug 23 18:43:10 ubuntu neutron-server[120055]: DEBUG ovsdbapp.backend.ovs_idl [None req-786928e4-6c02-4ae6-805f-0325b6cc7275 None None] Created lookup_table index Logical_Router.name {{(pid=120055) autocreate_indices /usr/local/lib/python3.8/dist-packages/ovsdbapp/backend/ovs_idl/__init__.py:85}}
Aug 23 18:43:10 ubuntu neutron-server[120055]: DEBUG ovsdbapp.backend.ovs_idl [None req-786928e4-6c02-4ae6-805f-0325b6cc7275 None None] Created lookup_table index Load_Balancer.name {{(pid=120055) autocreate_indices /usr/local/lib/python3.8/dist-packages/ovsdbapp/backend/ovs_idl/__init__.py:85}}
Aug 23 18:43:10 ubuntu neutron-server[120055]: DEBUG ovsdbapp.backend.ovs_idl [None req-786928e4-6c02-4ae6-805f-0325b6cc7275 None None] Created schema index Meter.name {{(pid=120055) autocreate_indices /usr/local/lib/python3.8/dist-packages/ovsdbapp/backend/ovs_idl/__init__.py:104}}
Aug 23 18:43:10 ubuntu neutron-server[120055]: DEBUG ovsdbapp.backend.ovs_idl [None req-786928e4-6c02-4ae6-805f-0325b6cc7275 None None] Created schema index Address_Set.name {{(pid=120055) autocreate_indices /usr/local/lib/python3.8/dist-packages/ovsdbapp/backend/ovs_idl/__init__.py:104}}
Aug 23 18:43:10 ubuntu neutron-server[120055]: DEBUG ovsdbapp.backend.ovs_idl [None req-786928e4-6c02-4ae6-805f-0325b6cc7275 None None] Created schema index HA_Chassis_Group.name {{(pid=120055) autocreate_indices /usr/local/lib/python3.8/dist-packages/ovsdbapp/backend/ovs_idl/__init__.py:104}}
Aug 23 18:43:10 ubuntu neutron-server[120055]: DEBUG ovsdbapp.backend.ovs_idl [None req-786928e4-6c02-4ae6-805f-0325b6cc7275 None None] Created schema index Connection.target {{(pid=120055) autocreate_indices /usr/local/lib/python3.8/dist-packages/ovsdbapp/backend/ovs_idl/__init__.py:104}}
Aug 23 18:43:10 ubuntu neutron-server[120055]: DEBUG ovsdbapp.backend.ovs_idl [None req-786928e4-6c02-4ae6-805f-0325b6cc7275 None None] Created schema index Gateway_Chassis.name {{(pid=120055) autocreate_indices /usr/local/lib/python3.8/dist-packages/ovsdbapp/backend/ovs_idl/__init__.py:104}}
Aug 23 18:43:10 ubuntu neutron-server[120055]: DEBUG ovsdbapp.backend.ovs_idl [None req-786928e4-6c02-4ae6-805f-0325b6cc7275 None None] Created schema index Logical_Router_Port.name {{(pid=120055) autocreate_indices /usr/local/lib/python3.8/dist-packages/ovsdbapp/backend/ovs_idl/__init__.py:104}}
Aug 23 18:43:10 ubuntu neutron-server[120055]: DEBUG ovsdbapp.backend.ovs_idl [None req-786928e4-6c02-4ae6-805f-0325b6cc7275 None None] Created schema index Port_Group.name {{(pid=120055) autocreate_indices /usr/local/lib/python3.8/dist-packages/ovsdbapp/backend/ovs_idl/__init__.py:104}}
Aug 23 18:43:10 ubuntu neutron-server[120055]: DEBUG ovsdbapp.backend.ovs_idl [None req-786928e4-6c02-4ae6-805f-0325b6cc7275 None None] Created schema index Logical_Switch_Port.name {{(pid=120055) autocreate_indices /usr/local/lib/python3.8/dist-packages/ovsdbapp/backend/ovs_idl/__init__.py:104}}
Aug 23 18:43:10 ubuntu neutron-server[120274]: DEBUG neutron.common.ovn.hash_ring_manager [None req-519b93d9-0d9c-447d-8641-509e2cd3ed8e None None] Allow caching, nodes 2>=2 {{(pid=120274) _wait_startup_before_caching /opt/stack/neutron/neutron/common/ovn/hash_ring_manager.py:60}}
Aug 23 18:43:10 ubuntu neutron-server[120055]: DEBUG ovsdbapp.backend.ovs_idl [None req-786928e4-6c02-4ae6-805f-0325b6cc7275 None None] Created lookup_table index Chassis.name {{(pid=120055) autocreate_indices /usr/local/lib/python3.8/dist-packages/ovsdbapp/backend/ovs_idl/__init__.py:85}}
Aug 23 18:43:10 ubuntu neutron-server[120055]: DEBUG ovsdbapp.backend.ovs_idl [None req-786928e4-6c02-4ae6-805f-0325b6cc7275 None None] Created lookup_table index MAC_Binding.ip {{(pid=120055) autocreate_indices /usr/local/lib/python3.8/dist-packages/ovsdbapp/backend/ovs_idl/__init__.py:85}}
Aug 23 18:43:10 ubuntu neutron-server[120055]: DEBUG ovsdbapp.backend.ovs_idl [None req-786928e4-6c02-4ae6-805f-0325b6cc7275 None None] Created schema index Meter.name {{(pid=120055) autocreate_indices /usr/local/lib/python3.8/dist-packages/ovsdbapp/backend/ovs_idl/__init__.py:104}}
Aug 23 18:43:10 ubuntu neutron-server[120055]: DEBUG ovsdbapp.backend.ovs_idl [None req-786928e4-6c02-4ae6-805f-0325b6cc7275 None None] Created schema index Address_Set.name {{(pid=120055) autocreate_indices /usr/local/lib/python3.8/dist-packages/ovsdbapp/backend/ovs_idl/__init__.py:104}}
Aug 23 18:43:10 ubuntu neutron-server[120055]: DEBUG ovsdbapp.backend.ovs_idl [None req-786928e4-6c02-4ae6-805f-0325b6cc7275 None None] Created schema index HA_Chassis_Group.name {{(pid=120055) autocreate_indices /usr/local/lib/python3.8/dist-packages/ovsdbapp/backend/ovs_idl/__init__.py:104}}
Aug 23 18:43:10 ubuntu neutron-server[120055]: DEBUG ovsdbapp.backend.ovs_idl [None req-786928e4-6c02-4ae6-805f-0325b6cc7275 None None] Created schema index IP_Multicast.datapath {{(pid=120055) autocreate_indices /usr/local/lib/python3.8/dist-packages/ovsdbapp/backend/ovs_idl/__init__.py:104}}
Aug 23 18:43:10 ubuntu neutron-server[120055]: DEBUG ovsdbapp.backend.ovs_idl [None req-786928e4-6c02-4ae6-805f-0325b6cc7275 None None] Created schema index Connection.target {{(pid=120055) autocreate_indices /usr/local/lib/python3.8/dist-packages/ovsdbapp/backend/ovs_idl/__init__.py:104}}
Aug 23 18:43:10 ubuntu neutron-server[120055]: DEBUG ovsdbapp.backend.ovs_idl [None req-786928e4-6c02-4ae6-805f-0325b6cc7275 None None] Created schema index Gateway_Chassis.name {{(pid=120055) autocreate_indices /usr/local/lib/python3.8/dist-packages/ovsdbapp/backend/ovs_idl/__init__.py:104}}
Aug 23 18:43:10 ubuntu neutron-server[120055]: DEBUG ovsdbapp.backend.ovs_idl [None req-786928e4-6c02-4ae6-805f-0325b6cc7275 None None] Created schema index Port_Group.name {{(pid=120055) autocreate_indices /usr/local/lib/python3.8/dist-packages/ovsdbapp/backend/ovs_idl/__init__.py:104}}
Aug 23 18:43:10 ubuntu neutron-server[120055]: DEBUG ovsdbapp.backend.ovs_idl [None req-786928e4-6c02-4ae6-805f-0325b6cc7275 None None] Created schema index Datapath_Binding.tunnel_key {{(pid=120055) autocreate_indices /usr/local/lib/python3.8/dist-packages/ovsdbapp/backend/ovs_idl/__init__.py:104}}
Aug 23 18:43:10 ubuntu neutron-server[120273]: DEBUG neutron.common.ovn.hash_ring_manager [None req-92c35090-152e-44c1-acbd-3617908afebb None None] Allow caching, nodes 2>=2 {{(pid=120273) _wait_startup_before_caching /opt/stack/neutron/neutron/common/ovn/hash_ring_manager.py:60}}
Aug 23 18:43:10 ubuntu neutron-server[120274]: DEBUG neutron.plugins.ml2.drivers.ovn.mech_driver.ovsdb.ovsdb_monitor [None req-519b93d9-0d9c-447d-8641-509e2cd3ed8e None None] Hash Ring: Node eb5cdad1-b36d-4203-86af-9e8081ff3d83 (host: ubuntu) handling event "create" for row f70eead1-db72-4285-97a9-9b7b54c58e66 (table: Port_Group) {{(pid=120274) notify /opt/stack/neutron/neutron/plugins/ml2/drivers/ovn/mech_driver/ovsdb/ovsdb_monitor.py:743}}
Aug 23 18:43:10 ubuntu neutron-server[120274]: DEBUG neutron.plugins.ml2.drivers.ovn.mech_driver.ovsdb.ovsdb_monitor [None req-519b93d9-0d9c-447d-8641-509e2cd3ed8e None None] Hash Ring: Node eb5cdad1-b36d-4203-86af-9e8081ff3d83 (host: ubuntu) handling event "create" for row 62bbf2f3-d7ad-414a-bdf2-446e6e6af977 (table: NB_Global) {{(pid=120274) notify /opt/stack/neutron/neutron/plugins/ml2/drivers/ovn/mech_driver/ovsdb/ovsdb_monitor.py:743}}
Aug 23 18:43:10 ubuntu neutron-server[120274]: DEBUG neutron.plugins.ml2.drivers.ovn.mech_driver.ovsdb.ovsdb_monitor [None req-519b93d9-0d9c-447d-8641-509e2cd3ed8e None None] Hash Ring: Node eb5cdad1-b36d-4203-86af-9e8081ff3d83 (host: ubuntu) handling event "create" for row 3e654180-4b25-4dc0-9d96-1d8816e0d243 (table: Connection) {{(pid=120274) notify /opt/stack/neutron/neutron/plugins/ml2/drivers/ovn/mech_driver/ovsdb/ovsdb_monitor.py:743}}
Aug 23 18:43:10 ubuntu neutron-server[120273]: DEBUG neutron.plugins.ml2.drivers.ovn.mech_driver.ovsdb.ovsdb_monitor [None req-92c35090-152e-44c1-acbd-3617908afebb None None] Hash Ring: Node 3597dec6-2764-46e9-ae8e-977e50552b77 (host: ubuntu) handling event "create" for row 9d09ff40-1621-4b3a-87a7-6e1030a62611 (table: Database) {{(pid=120273) notify /opt/stack/neutron/neutron/plugins/ml2/drivers/ovn/mech_driver/ovsdb/ovsdb_monitor.py:743}}
Aug 23 18:43:10 ubuntu neutron-server[120273]: DEBUG neutron.plugins.ml2.drivers.ovn.mech_driver.ovsdb.ovsdb_monitor [None req-92c35090-152e-44c1-acbd-3617908afebb None None] Hash Ring: Node 3597dec6-2764-46e9-ae8e-977e50552b77 (host: ubuntu) handling event "create" for row 050372b8-d6ff-43b2-998c-b409747acf36 (table: Database) {{(pid=120273) notify /opt/stack/neutron/neutron/plugins/ml2/drivers/ovn/mech_driver/ovsdb/ovsdb_monitor.py:743}}
Aug 23 18:43:10 ubuntu neutron-server[120274]: INFO neutron.plugins.ml2.drivers.ovn.mech_driver.ovsdb.impl_idl_ovn [None req-519b93d9-0d9c-447d-8641-509e2cd3ed8e None None] Getting OvsdbSbOvnIdl for WorkerService with retry
Aug 23 18:43:10 ubuntu neutron-server[120273]: DEBUG neutron.plugins.ml2.drivers.ovn.mech_driver.ovsdb.ovsdb_monitor [None req-92c35090-152e-44c1-acbd-3617908afebb None None] Hash Ring: Node 3597dec6-2764-46e9-ae8e-977e50552b77 (host: ubuntu) handling event "create" for row f3fdb9e4-f696-4974-9ce9-f5ae948c0535 (table: ACL) {{(pid=120273) notify /opt/stack/neutron/neutron/plugins/ml2/drivers/ovn/mech_driver/ovsdb/ovsdb_monitor.py:743}}
Aug 23 18:43:10 ubuntu neutron-server[120273]: DEBUG neutron.plugins.ml2.drivers.ovn.mech_driver.ovsdb.ovsdb_monitor [None req-92c35090-152e-44c1-acbd-3617908afebb None None] Hash Ring: Node 3597dec6-2764-46e9-ae8e-977e50552b77 (host: ubuntu) handling event "create" for row da440c36-d2a9-4bc0-9043-f884a431e8e8 (table: ACL) {{(pid=120273) notify /opt/stack/neutron/neutron/plugins/ml2/drivers/ovn/mech_driver/ovsdb/ovsdb_monitor.py:743}}
Aug 23 18:43:10 ubuntu neutron-server[120273]: INFO neutron.plugins.ml2.drivers.ovn.mech_driver.ovsdb.impl_idl_ovn [None req-92c35090-152e-44c1-acbd-3617908afebb None None] Getting OvsdbSbOvnIdl for WorkerService with retry
Aug 23 18:43:10 ubuntu neutron-server[120055]: INFO oslo_service.service [None req-786928e4-6c02-4ae6-805f-0325b6cc7275 None None] Starting 1 workers
Aug 23 18:43:10 ubuntu neutron-server[120274]: DEBUG ovsdbapp.backend.ovs_idl [None req-519b93d9-0d9c-447d-8641-509e2cd3ed8e None None] Created lookup_table index Chassis.name {{(pid=120274) autocreate_indices /usr/local/lib/python3.8/dist-packages/ovsdbapp/backend/ovs_idl/__init__.py:85}}
Aug 23 18:43:10 ubuntu neutron-server[120274]: DEBUG ovsdbapp.backend.ovs_idl [None req-519b93d9-0d9c-447d-8641-509e2cd3ed8e None None] Created schema index Datapath_Binding.tunnel_key {{(pid=120274) autocreate_indices /usr/local/lib/python3.8/dist-packages/ovsdbapp/backend/ovs_idl/__init__.py:104}}
Aug 23 18:43:10 ubuntu neutron-server[120274]: DEBUG ovsdbapp.backend.ovs_idl [None req-519b93d9-0d9c-447d-8641-509e2cd3ed8e None None] Created schema index Connection.target {{(pid=120274) autocreate_indices /usr/local/lib/python3.8/dist-packages/ovsdbapp/backend/ovs_idl/__init__.py:104}}
Aug 23 18:43:10 ubuntu neutron-server[120274]: INFO ovsdbapp.backend.ovs_idl.vlog [None req-519b93d9-0d9c-447d-8641-509e2cd3ed8e None None] tcp:192.168.79.44:6642: connecting...
Aug 23 18:43:10 ubuntu neutron-server[120274]: INFO ovsdbapp.backend.ovs_idl.vlog [None req-519b93d9-0d9c-447d-8641-509e2cd3ed8e None None] tcp:192.168.79.44:6642: connected
Aug 23 18:43:10 ubuntu neutron-server[120273]: DEBUG ovsdbapp.backend.ovs_idl [None req-92c35090-152e-44c1-acbd-3617908afebb None None] Created lookup_table index Chassis.name {{(pid=120273) autocreate_indices /usr/local/lib/python3.8/dist-packages/ovsdbapp/backend/ovs_idl/__init__.py:85}}
Aug 23 18:43:10 ubuntu neutron-server[120273]: DEBUG ovsdbapp.backend.ovs_idl [None req-92c35090-152e-44c1-acbd-3617908afebb None None] Created schema index Datapath_Binding.tunnel_key {{(pid=120273) autocreate_indices /usr/local/lib/python3.8/dist-packages/ovsdbapp/backend/ovs_idl/__init__.py:104}}
Aug 23 18:43:10 ubuntu neutron-server[120055]: DEBUG oslo_service.service [None req-786928e4-6c02-4ae6-805f-0325b6cc7275 None None] Started child 120276 {{(pid=120055) _start_child /usr/local/lib/python3.8/dist-packages/oslo_service/service.py:575}}
Aug 23 18:43:10 ubuntu neutron-server[120273]: DEBUG ovsdbapp.backend.ovs_idl [None req-92c35090-152e-44c1-acbd-3617908afebb None None] Created schema index Connection.target {{(pid=120273) autocreate_indices /usr/local/lib/python3.8/dist-packages/ovsdbapp/backend/ovs_idl/__init__.py:104}}
Aug 23 18:43:10 ubuntu neutron-server[120055]: INFO oslo_service.service [None req-786928e4-6c02-4ae6-805f-0325b6cc7275 None None] Starting 1 workers
Aug 23 18:43:10 ubuntu neutron-server[120273]: INFO ovsdbapp.backend.ovs_idl.vlog [None req-92c35090-152e-44c1-acbd-3617908afebb None None] tcp:192.168.79.44:6642: connecting...
Aug 23 18:43:10 ubuntu neutron-server[120055]: DEBUG oslo_service.service [None req-786928e4-6c02-4ae6-805f-0325b6cc7275 None None] Started child 120277 {{(pid=120055) _start_child /usr/local/lib/python3.8/dist-packages/oslo_service/service.py:575}}
Aug 23 18:43:10 ubuntu neutron-server[120055]: INFO oslo_service.service [None req-786928e4-6c02-4ae6-805f-0325b6cc7275 None None] Starting 1 workers
Aug 23 18:43:10 ubuntu neutron-server[120273]: INFO ovsdbapp.backend.ovs_idl.vlog [None req-92c35090-152e-44c1-acbd-3617908afebb None None] tcp:192.168.79.44:6642: connected
Aug 23 18:43:10 ubuntu neutron-server[120276]: DEBUG neutron.service [None req-786928e4-6c02-4ae6-805f-0325b6cc7275 None None] calling RpcWorker wait() {{(pid=120276) _wait /opt/stack/neutron/neutron/service.py:128}}
Aug 23 18:43:10 ubuntu neutron-server[120276]: DEBUG neutron.service [None req-786928e4-6c02-4ae6-805f-0325b6cc7275 None None] returning from RpcWorker wait() {{(pid=120276) _wait /opt/stack/neutron/neutron/service.py:135}}
Aug 23 18:43:10 ubuntu neutron-server[120055]: DEBUG oslo_service.service [None req-786928e4-6c02-4ae6-805f-0325b6cc7275 None None] Started child 120278 {{(pid=120055) _start_child /usr/local/lib/python3.8/dist-packages/oslo_service/service.py:575}}
Aug 23 18:43:10 ubuntu neutron-server[120055]: DEBUG neutron_lib.callbacks.manager [None req-786928e4-6c02-4ae6-805f-0325b6cc7275 None None] Publish callbacks [] for process (None), after_spawn {{(pid=120055) _notify_loop /usr/local/lib/python3.8/dist-packages/neutron_lib/callbacks/manager.py:176}}
Aug 23 18:43:10 ubuntu neutron-server[120276]: DEBUG neutron_lib.callbacks.manager [-] Publish callbacks ['neutron.plugins.ml2.drivers.ovn.mech_driver.mech_driver.OVNMechanismDriver.post_fork_initialize-7943983'] for process (None), after_init {{(pid=120276) _notify_loop /usr/local/lib/python3.8/dist-packages/neutron_lib/callbacks/manager.py:176}}
Aug 23 18:43:10 ubuntu neutron-server[120055]: DEBUG oslo_service.service [-] Full set of CONF: {{(pid=120055) wait /usr/local/lib/python3.8/dist-packages/oslo_service/service.py:649}}
Aug 23 18:43:10 ubuntu neutron-server[120055]: DEBUG oslo_service.service [-] ******************************************************************************** {{(pid=120055) log_opt_values /usr/local/lib/python3.8/dist-packages/oslo_config/cfg.py:2589}}
Aug 23 18:43:10 ubuntu neutron-server[120055]: DEBUG oslo_service.service [-] Configuration options gathered from: {{(pid=120055) log_opt_values /usr/local/lib/python3.8/dist-packages/oslo_config/cfg.py:2590}}
Aug 23 18:43:10 ubuntu neutron-server[120276]: INFO neutron.plugins.ml2.drivers.ovn.mech_driver.ovsdb.impl_idl_ovn [-] Getting OvsdbNbOvnIdl for RpcWorker with retry
Aug 23 18:43:10 ubuntu neutron-server[120055]: DEBUG oslo_service.service [-] command line args: ['--config-file', '/etc/neutron/neutron.conf', '--config-file', '/etc/neutron/plugins/ml2/ml2_conf.ini'] {{(pid=120055) log_opt_values /usr/local/lib/python3.8/dist-packages/oslo_config/cfg.py:2591}}
Aug 23 18:43:10 ubuntu neutron-server[120055]: DEBUG oslo_service.service [-] config files: ['/etc/neutron/neutron.conf', '/etc/neutron/plugins/ml2/ml2_conf.ini'] {{(pid=120055) log_opt_values /usr/local/lib/python3.8/dist-packages/oslo_config/cfg.py:2592}}
Aug 23 18:43:10 ubuntu neutron-server[120055]: DEBUG oslo_service.service [-] ================================================================================ {{(pid=120055) log_opt_values /usr/local/lib/python3.8/dist-packages/oslo_config/cfg.py:2594}}
Aug 23 18:43:10 ubuntu neutron-server[120055]: DEBUG oslo_service.service [-] agent_down_time                = 75 {{(pid=120055) log_opt_values /usr/local/lib/python3.8/dist-packages/oslo_config/cfg.py:2602}}
Aug 23 18:43:10 ubuntu neutron-server[120055]: DEBUG oslo_service.service [-] allow_automatic_dhcp_failover  = True {{(pid=120055) log_opt_values /usr/local/lib/python3.8/dist-packages/oslo_config/cfg.py:2602}}
Aug 23 18:43:10 ubuntu neutron-server[120055]: DEBUG oslo_service.service [-] allow_bulk                     = True {{(pid=120055) log_opt_values /usr/local/lib/python3.8/dist-packages/oslo_config/cfg.py:2602}}
Aug 23 18:43:10 ubuntu neutron-server[120055]: DEBUG oslo_service.service [-] allowed_conntrack_helpers      = [{'amanda': 'tcp'}, {'ftp': 'tcp'}, {'h323': 'udp'}, {'h323': 'tcp'}, {'irc': 'tcp'}, {'netbios-ns': 'udp'}, {'pptp': 'tcp'}, {'sane': 'tcp'}, {'sip': 'udp'}, {'sip': 'tcp'}, {'snmp': 'udp'}, {'tftp': 'udp'}] {{(pid=120055) log_opt_values /usr/local/lib/python3.8/dist-packages/oslo_config/cfg.py:2602}}
Aug 23 18:43:10 ubuntu neutron-server[120055]: DEBUG oslo_service.service [-] api_extensions_path            =  {{(pid=120055) log_opt_values /usr/local/lib/python3.8/dist-packages/oslo_config/cfg.py:2602}}
Aug 23 18:43:10 ubuntu neutron-server[120055]: DEBUG oslo_service.service [-] api_paste_config               = api-paste.ini {{(pid=120055) log_opt_values /usr/local/lib/python3.8/dist-packages/oslo_config/cfg.py:2602}}
