Sep 09 23:13:09 ubuntu neutron-server[113375]: DEBUG neutron.api.extensions [None req-b5f571ab-f324-40a5-8dd6-e18710e905e4 None None] Loading extension file: tagging.py {{(pid=113375) _load_all_extensions_from_path /opt/stack/neutron/neutron/api/extensions.py:450}}
Sep 09 23:13:09 ubuntu neutron-server[113375]: DEBUG neutron.api.extensions [None req-b5f571ab-f324-40a5-8dd6-e18710e905e4 None None] Ext name="Tag support for resources with standard attribute: port, subnet, subnetpool, network, security_group, router, floatingip, policy, trunk, network_segment_range" alias="standard-attr-tag" description="Enables to set tag on resources with standard attribute." updated="2017-01-01T00:00:00-00:00" {{(pid=113375) _check_extension /opt/stack/neutron/neutron/api/extensions.py:416}}
Sep 09 23:13:09 ubuntu neutron-server[113375]: INFO neutron.api.extensions [None req-b5f571ab-f324-40a5-8dd6-e18710e905e4 None None] Loaded extension: standard-attr-tag
Sep 09 23:13:09 ubuntu neutron-server[113375]: DEBUG neutron.api.extensions [None req-b5f571ab-f324-40a5-8dd6-e18710e905e4 None None] Loading extension file: timestamp.py {{(pid=113375) _load_all_extensions_from_path /opt/stack/neutron/neutron/api/extensions.py:450}}
Sep 09 23:13:09 ubuntu neutron-server[113375]: DEBUG neutron.api.extensions [None req-b5f571ab-f324-40a5-8dd6-e18710e905e4 None None] Ext name="Resource timestamps" alias="standard-attr-timestamp" description="Adds created_at and updated_at fields to all Neutron resources that have Neutron standard attributes." updated="2016-09-12T10:00:00-00:00" {{(pid=113375) _check_extension /opt/stack/neutron/neutron/api/extensions.py:416}}
Sep 09 23:13:09 ubuntu neutron-server[113375]: INFO neutron.api.extensions [None req-b5f571ab-f324-40a5-8dd6-e18710e905e4 None None] Loaded extension: standard-attr-timestamp
Sep 09 23:13:09 ubuntu neutron-server[113375]: DEBUG neutron.api.extensions [None req-b5f571ab-f324-40a5-8dd6-e18710e905e4 None None] Loading extension file: trunk.py {{(pid=113375) _load_all_extensions_from_path /opt/stack/neutron/neutron/api/extensions.py:450}}
Sep 09 23:13:09 ubuntu neutron-server[113375]: DEBUG neutron.api.extensions [None req-b5f571ab-f324-40a5-8dd6-e18710e905e4 None None] Ext name="Trunk Extension" alias="trunk" description="Provides support for trunk ports" updated="2016-01-01T10:00:00-00:00" {{(pid=113375) _check_extension /opt/stack/neutron/neutron/api/extensions.py:416}}
Sep 09 23:13:09 ubuntu neutron-server[113375]: INFO neutron.api.extensions [None req-b5f571ab-f324-40a5-8dd6-e18710e905e4 None None] Extension trunk not supported by any of loaded plugins
Sep 09 23:13:09 ubuntu neutron-server[113375]: DEBUG neutron.api.extensions [None req-b5f571ab-f324-40a5-8dd6-e18710e905e4 None None] Loading extension file: trunk_details.py {{(pid=113375) _load_all_extensions_from_path /opt/stack/neutron/neutron/api/extensions.py:450}}
Sep 09 23:13:09 ubuntu neutron-server[113375]: DEBUG neutron.api.extensions [None req-b5f571ab-f324-40a5-8dd6-e18710e905e4 None None] Ext name="Trunk port details" alias="trunk-details" description="Expose trunk port details" updated="2016-01-01T10:00:00-00:00" {{(pid=113375) _check_extension /opt/stack/neutron/neutron/api/extensions.py:416}}
Sep 09 23:13:09 ubuntu neutron-server[113375]: INFO neutron.api.extensions [None req-b5f571ab-f324-40a5-8dd6-e18710e905e4 None None] Extension trunk-details not supported by any of loaded plugins
Sep 09 23:13:09 ubuntu neutron-server[113375]: DEBUG neutron.api.extensions [None req-b5f571ab-f324-40a5-8dd6-e18710e905e4 None None] Loading extension file: uplink_status_propagation.py {{(pid=113375) _load_all_extensions_from_path /opt/stack/neutron/neutron/api/extensions.py:450}}
Sep 09 23:13:09 ubuntu neutron-server[113375]: DEBUG neutron.api.extensions [None req-b5f571ab-f324-40a5-8dd6-e18710e905e4 None None] Ext name="Uplink status propagation extension" alias="uplink-status-propagation" description="Provides ability to propagate port uplink status." updated="2018-05-31T18:00:00-00:00" {{(pid=113375) _check_extension /opt/stack/neutron/neutron/api/extensions.py:416}}
Sep 09 23:13:09 ubuntu neutron-server[113375]: INFO neutron.api.extensions [None req-b5f571ab-f324-40a5-8dd6-e18710e905e4 None None] Extension uplink-status-propagation not supported by any of loaded plugins
Sep 09 23:13:09 ubuntu neutron-server[113375]: DEBUG neutron.api.extensions [None req-b5f571ab-f324-40a5-8dd6-e18710e905e4 None None] Loading extension file: vlantransparent.py {{(pid=113375) _load_all_extensions_from_path /opt/stack/neutron/neutron/api/extensions.py:450}}
Sep 09 23:13:09 ubuntu neutron-server[113375]: DEBUG neutron.api.extensions [None req-b5f571ab-f324-40a5-8dd6-e18710e905e4 None None] Ext name="Vlantransparent" alias="vlan-transparent" description="Provides Vlan Transparent Networks" updated="2015-03-23T09:00:00-00:00" {{(pid=113375) _check_extension /opt/stack/neutron/neutron/api/extensions.py:416}}
Sep 09 23:13:09 ubuntu neutron-server[113375]: INFO neutron.api.extensions [None req-b5f571ab-f324-40a5-8dd6-e18710e905e4 None None] Extension vlan-transparent not supported by any of loaded plugins
Sep 09 23:13:09 ubuntu neutron-server[113375]: INFO neutron.quota.resource_registry [None req-b5f571ab-f324-40a5-8dd6-e18710e905e4 None None] Creating instance of TrackedResource for resource:network
Sep 09 23:13:09 ubuntu neutron-server[113375]: INFO neutron.quota.resource_registry [None req-b5f571ab-f324-40a5-8dd6-e18710e905e4 None None] Creating instance of TrackedResource for resource:subnet
Sep 09 23:13:09 ubuntu neutron-server[113375]: INFO neutron.quota.resource_registry [None req-b5f571ab-f324-40a5-8dd6-e18710e905e4 None None] Creating instance of TrackedResource for resource:subnetpool
Sep 09 23:13:09 ubuntu neutron-server[113375]: INFO neutron.quota.resource_registry [None req-b5f571ab-f324-40a5-8dd6-e18710e905e4 None None] Creating instance of TrackedResource for resource:port
Sep 09 23:13:09 ubuntu neutron-server[113375]: DEBUG neutron.api.v2.resource_helper [None req-b5f571ab-f324-40a5-8dd6-e18710e905e4 None None] Service FLAVORS assigned prefix:  {{(pid=113375) build_resource_info /opt/stack/neutron/neutron/api/v2/resource_helper.py:77}}
Sep 09 23:13:09 ubuntu neutron-server[113375]: DEBUG neutron.api.v2.resource_helper [None req-b5f571ab-f324-40a5-8dd6-e18710e905e4 None None] Service L3_ROUTER_NAT assigned prefix:  {{(pid=113375) build_resource_info /opt/stack/neutron/neutron/api/v2/resource_helper.py:77}}
Sep 09 23:13:09 ubuntu neutron-server[113375]: DEBUG neutron.api.v2.resource_helper [None req-b5f571ab-f324-40a5-8dd6-e18710e905e4 None None] Service L3_ROUTER_NAT assigned prefix:  {{(pid=113375) build_resource_info /opt/stack/neutron/neutron/api/v2/resource_helper.py:77}}
Sep 09 23:13:09 ubuntu neutron-server[113375]: INFO neutron.quota.resource_registry [None req-b5f571ab-f324-40a5-8dd6-e18710e905e4 None None] Creating instance of TrackedResource for resource:router
Sep 09 23:13:09 ubuntu neutron-server[113375]: INFO neutron.quota.resource_registry [None req-b5f571ab-f324-40a5-8dd6-e18710e905e4 None None] Creating instance of TrackedResource for resource:floatingip
Sep 09 23:13:09 ubuntu neutron-server[113375]: DEBUG neutron_lib.callbacks.manager [None req-b5f571ab-f324-40a5-8dd6-e18710e905e4 None None] Subscribe: <bound method NeutronDbPluginV2.validate_network_rbac_policy_change of <neutron.services.network_ip_availability.plugin.NetworkIPAvailabilityPlugin object at 0x7fb20a580640>> rbac-policy before_create 55550000 {{(pid=113375) subscribe /usr/local/lib/python3.8/dist-packages/neutron_lib/callbacks/manager.py:45}}
Sep 09 23:13:09 ubuntu neutron-server[113375]: DEBUG neutron_lib.callbacks.manager [None req-b5f571ab-f324-40a5-8dd6-e18710e905e4 None None] Subscribe: <bound method NeutronDbPluginV2.validate_network_rbac_policy_change of <neutron.services.network_ip_availability.plugin.NetworkIPAvailabilityPlugin object at 0x7fb20a580640>> rbac-policy before_update 55550000 {{(pid=113375) subscribe /usr/local/lib/python3.8/dist-packages/neutron_lib/callbacks/manager.py:45}}
Sep 09 23:13:09 ubuntu neutron-server[113375]: DEBUG neutron_lib.callbacks.manager [None req-b5f571ab-f324-40a5-8dd6-e18710e905e4 None None] Subscribe: <bound method NeutronDbPluginV2.validate_network_rbac_policy_change of <neutron.services.network_ip_availability.plugin.NetworkIPAvailabilityPlugin object at 0x7fb20a580640>> rbac-policy before_delete 55550000 {{(pid=113375) subscribe /usr/local/lib/python3.8/dist-packages/neutron_lib/callbacks/manager.py:45}}
Sep 09 23:13:09 ubuntu neutron-server[113375]: INFO neutron.quota.resource_registry [None req-b5f571ab-f324-40a5-8dd6-e18710e905e4 None None] Creating instance of CountableResource for resource:rbac_policy
Sep 09 23:13:09 ubuntu neutron-server[113375]: INFO neutron.quota.resource_registry [None req-b5f571ab-f324-40a5-8dd6-e18710e905e4 None None] Creating instance of TrackedResource for resource:security_group
Sep 09 23:13:09 ubuntu neutron-server[113375]: INFO neutron.quota.resource_registry [None req-b5f571ab-f324-40a5-8dd6-e18710e905e4 None None] Creating instance of TrackedResource for resource:security_group_rule
Sep 09 23:13:09 ubuntu neutron-server[113375]: DEBUG neutron.api.v2.resource_helper [None req-b5f571ab-f324-40a5-8dd6-e18710e905e4 None None] Service FLAVORS assigned prefix:  {{(pid=113375) build_resource_info /opt/stack/neutron/neutron/api/v2/resource_helper.py:77}}
Sep 09 23:13:09 ubuntu neutron-server[113375]: DEBUG neutron.api.v2.resource_helper [None req-b5f571ab-f324-40a5-8dd6-e18710e905e4 None None] Service L3_ROUTER_NAT assigned prefix:  {{(pid=113375) build_resource_info /opt/stack/neutron/neutron/api/v2/resource_helper.py:77}}
Sep 09 23:13:09 ubuntu neutron-server[113375]: DEBUG neutron.api.v2.resource_helper [None req-b5f571ab-f324-40a5-8dd6-e18710e905e4 None None] Service L3_ROUTER_NAT assigned prefix:  {{(pid=113375) build_resource_info /opt/stack/neutron/neutron/api/v2/resource_helper.py:77}}
Sep 09 23:13:09 ubuntu neutron-server[113375]: INFO neutron.quota.resource_registry [None req-b5f571ab-f324-40a5-8dd6-e18710e905e4 None None] Creating instance of TrackedResource for resource:router
Sep 09 23:13:09 ubuntu neutron-server[113375]: WARNING neutron.quota.resource_registry [None req-b5f571ab-f324-40a5-8dd6-e18710e905e4 None None] router is already registered
Sep 09 23:13:09 ubuntu neutron-server[113375]: INFO neutron.quota.resource_registry [None req-b5f571ab-f324-40a5-8dd6-e18710e905e4 None None] Creating instance of TrackedResource for resource:floatingip
Sep 09 23:13:09 ubuntu neutron-server[113375]: WARNING neutron.quota.resource_registry [None req-b5f571ab-f324-40a5-8dd6-e18710e905e4 None None] floatingip is already registered
Sep 09 23:13:09 ubuntu neutron-server[113375]: INFO neutron.quota.resource_registry [None req-b5f571ab-f324-40a5-8dd6-e18710e905e4 None None] Creating instance of CountableResource for resource:rbac_policy
Sep 09 23:13:09 ubuntu neutron-server[113375]: WARNING neutron.quota.resource_registry [None req-b5f571ab-f324-40a5-8dd6-e18710e905e4 None None] rbac_policy is already registered
Sep 09 23:13:09 ubuntu neutron-server[113375]: INFO neutron.quota.resource_registry [None req-b5f571ab-f324-40a5-8dd6-e18710e905e4 None None] Creating instance of TrackedResource for resource:security_group
Sep 09 23:13:09 ubuntu neutron-server[113375]: WARNING neutron.quota.resource_registry [None req-b5f571ab-f324-40a5-8dd6-e18710e905e4 None None] security_group is already registered
Sep 09 23:13:09 ubuntu neutron-server[113375]: INFO neutron.quota.resource_registry [None req-b5f571ab-f324-40a5-8dd6-e18710e905e4 None None] Creating instance of TrackedResource for resource:security_group_rule
Sep 09 23:13:09 ubuntu neutron-server[113375]: WARNING neutron.quota.resource_registry [None req-b5f571ab-f324-40a5-8dd6-e18710e905e4 None None] security_group_rule is already registered
Sep 09 23:13:09 ubuntu neutron-server[113375]: DEBUG neutron.api.extensions [None req-b5f571ab-f324-40a5-8dd6-e18710e905e4 None None] Extended resource: extensions {{(pid=113375) __init__ /opt/stack/neutron/neutron/api/extensions.py:157}}
Sep 09 23:13:09 ubuntu neutron-server[113375]: DEBUG neutron.api.extensions [None req-b5f571ab-f324-40a5-8dd6-e18710e905e4 None None] Extended resource: address-groups {{(pid=113375) __init__ /opt/stack/neutron/neutron/api/extensions.py:157}}
Sep 09 23:13:09 ubuntu neutron-server[113375]: DEBUG neutron.api.extensions [None req-b5f571ab-f324-40a5-8dd6-e18710e905e4 None None] Extended resource: address-scopes {{(pid=113375) __init__ /opt/stack/neutron/neutron/api/extensions.py:157}}
Sep 09 23:13:09 ubuntu neutron-server[113375]: DEBUG neutron.api.extensions [None req-b5f571ab-f324-40a5-8dd6-e18710e905e4 None None] Extended resource: agents {{(pid=113375) __init__ /opt/stack/neutron/neutron/api/extensions.py:157}}
Sep 09 23:13:09 ubuntu neutron-server[113375]: DEBUG neutron.api.extensions [None req-b5f571ab-f324-40a5-8dd6-e18710e905e4 None None] Extended resource: auto-allocated-topology {{(pid=113375) __init__ /opt/stack/neutron/neutron/api/extensions.py:157}}
Sep 09 23:13:09 ubuntu neutron-server[113375]: DEBUG neutron.api.extensions [None req-b5f571ab-f324-40a5-8dd6-e18710e905e4 None None] Extended resource: availability_zones {{(pid=113375) __init__ /opt/stack/neutron/neutron/api/extensions.py:157}}
Sep 09 23:13:09 ubuntu neutron-server[113375]: DEBUG neutron.api.extensions [None req-b5f571ab-f324-40a5-8dd6-e18710e905e4 None None] Extended resource: flavors {{(pid=113375) __init__ /opt/stack/neutron/neutron/api/extensions.py:157}}
Sep 09 23:13:09 ubuntu neutron-server[113375]: DEBUG neutron.api.extensions [None req-b5f571ab-f324-40a5-8dd6-e18710e905e4 None None] Extended resource: service_profiles {{(pid=113375) __init__ /opt/stack/neutron/neutron/api/extensions.py:157}}
Sep 09 23:13:09 ubuntu neutron-server[113375]: DEBUG neutron.api.extensions [None req-b5f571ab-f324-40a5-8dd6-e18710e905e4 None None] Extended resource: next_providers {{(pid=113375) __init__ /opt/stack/neutron/neutron/api/extensions.py:157}}
Sep 09 23:13:09 ubuntu neutron-server[113375]: DEBUG neutron.api.extensions [None req-b5f571ab-f324-40a5-8dd6-e18710e905e4 None None] Extended resource: service_profiles {{(pid=113375) __init__ /opt/stack/neutron/neutron/api/extensions.py:157}}
Sep 09 23:13:09 ubuntu neutron-server[113375]: DEBUG neutron.api.extensions [None req-b5f571ab-f324-40a5-8dd6-e18710e905e4 None None] Extended resource: floatingip-pools {{(pid=113375) __init__ /opt/stack/neutron/neutron/api/extensions.py:157}}
Sep 09 23:13:09 ubuntu neutron-server[113375]: DEBUG neutron.api.extensions [None req-b5f571ab-f324-40a5-8dd6-e18710e905e4 None None] Extended resource: routers {{(pid=113375) __init__ /opt/stack/neutron/neutron/api/extensions.py:157}}
Sep 09 23:13:09 ubuntu neutron-server[113375]: DEBUG neutron.api.extensions [None req-b5f571ab-f324-40a5-8dd6-e18710e905e4 None None] Extended resource: floatingips {{(pid=113375) __init__ /opt/stack/neutron/neutron/api/extensions.py:157}}
Sep 09 23:13:09 ubuntu neutron-server[113375]: DEBUG neutron.api.extensions [None req-b5f571ab-f324-40a5-8dd6-e18710e905e4 None None] Extended resource: network-ip-availabilities {{(pid=113375) __init__ /opt/stack/neutron/neutron/api/extensions.py:157}}
Sep 09 23:13:09 ubuntu neutron-server[113375]: DEBUG neutron.api.extensions [None req-b5f571ab-f324-40a5-8dd6-e18710e905e4 None None] Extended resource: bindings {{(pid=113375) __init__ /opt/stack/neutron/neutron/api/extensions.py:157}}
Sep 09 23:13:09 ubuntu neutron-server[113375]: DEBUG neutron.api.extensions [None req-b5f571ab-f324-40a5-8dd6-e18710e905e4 None None] Extended resource: quotas {{(pid=113375) __init__ /opt/stack/neutron/neutron/api/extensions.py:157}}
Sep 09 23:13:09 ubuntu neutron-server[113375]: DEBUG neutron.api.extensions [None req-b5f571ab-f324-40a5-8dd6-e18710e905e4 None None] Extended resource: quotas {{(pid=113375) __init__ /opt/stack/neutron/neutron/api/extensions.py:157}}
Sep 09 23:13:09 ubuntu neutron-server[113375]: DEBUG neutron.api.extensions [None req-b5f571ab-f324-40a5-8dd6-e18710e905e4 None None] Extended resource: rbac-policies {{(pid=113375) __init__ /opt/stack/neutron/neutron/api/extensions.py:157}}
Sep 09 23:13:09 ubuntu neutron-server[113375]: DEBUG neutron.api.extensions [None req-b5f571ab-f324-40a5-8dd6-e18710e905e4 None None] Extended resource: security-groups {{(pid=113375) __init__ /opt/stack/neutron/neutron/api/extensions.py:157}}
Sep 09 23:13:09 ubuntu neutron-server[113375]: DEBUG neutron.api.extensions [None req-b5f571ab-f324-40a5-8dd6-e18710e905e4 None None] Extended resource: security-group-rules {{(pid=113375) __init__ /opt/stack/neutron/neutron/api/extensions.py:157}}
Sep 09 23:13:09 ubuntu neutron-server[113375]: DEBUG neutron.api.extensions [None req-b5f571ab-f324-40a5-8dd6-e18710e905e4 None None] Extended resource: service-providers {{(pid=113375) __init__ /opt/stack/neutron/neutron/api/extensions.py:157}}
Sep 09 23:13:09 ubuntu neutron-server[113375]: DEBUG neutron.api.extensions [None req-b5f571ab-f324-40a5-8dd6-e18710e905e4 None None] Extended resource: tags {{(pid=113375) __init__ /opt/stack/neutron/neutron/api/extensions.py:157}}
Sep 09 23:13:09 ubuntu neutron-server[113375]: DEBUG neutron.api.extensions [None req-b5f571ab-f324-40a5-8dd6-e18710e905e4 None None] Extended resource: tags {{(pid=113375) __init__ /opt/stack/neutron/neutron/api/extensions.py:157}}
Sep 09 23:13:09 ubuntu neutron-server[113375]: DEBUG neutron.api.extensions [None req-b5f571ab-f324-40a5-8dd6-e18710e905e4 None None] Extended resource: tags {{(pid=113375) __init__ /opt/stack/neutron/neutron/api/extensions.py:157}}
Sep 09 23:13:09 ubuntu neutron-server[113375]: DEBUG neutron.api.extensions [None req-b5f571ab-f324-40a5-8dd6-e18710e905e4 None None] Extended resource: tags {{(pid=113375) __init__ /opt/stack/neutron/neutron/api/extensions.py:157}}
Sep 09 23:13:09 ubuntu neutron-server[113375]: DEBUG neutron.api.extensions [None req-b5f571ab-f324-40a5-8dd6-e18710e905e4 None None] Extended resource: tags {{(pid=113375) __init__ /opt/stack/neutron/neutron/api/extensions.py:157}}
Sep 09 23:13:09 ubuntu neutron-server[113375]: DEBUG neutron.api.extensions [None req-b5f571ab-f324-40a5-8dd6-e18710e905e4 None None] Extended resource: tags {{(pid=113375) __init__ /opt/stack/neutron/neutron/api/extensions.py:157}}
Sep 09 23:13:09 ubuntu neutron-server[113375]: DEBUG neutron.api.extensions [None req-b5f571ab-f324-40a5-8dd6-e18710e905e4 None None] Extended resource: tags {{(pid=113375) __init__ /opt/stack/neutron/neutron/api/extensions.py:157}}
Sep 09 23:13:09 ubuntu neutron-server[113375]: DEBUG neutron.api.extensions [None req-b5f571ab-f324-40a5-8dd6-e18710e905e4 None None] Extended resource: tags {{(pid=113375) __init__ /opt/stack/neutron/neutron/api/extensions.py:157}}
Sep 09 23:13:09 ubuntu neutron-server[113375]: DEBUG neutron.api.extensions [None req-b5f571ab-f324-40a5-8dd6-e18710e905e4 None None] Extended resource: tags {{(pid=113375) __init__ /opt/stack/neutron/neutron/api/extensions.py:157}}
Sep 09 23:13:09 ubuntu neutron-server[113375]: DEBUG neutron.api.extensions [None req-b5f571ab-f324-40a5-8dd6-e18710e905e4 None None] Extended resource: tags {{(pid=113375) __init__ /opt/stack/neutron/neutron/api/extensions.py:157}}
Sep 09 23:13:09 ubuntu neutron-server[113375]: WARNING keystonemiddleware.auth_token [None req-b5f571ab-f324-40a5-8dd6-e18710e905e4 None None] AuthToken middleware is set with keystone_authtoken.service_token_roles_required set to False. This is backwards compatible but deprecated behaviour. Please set this to True.
Sep 09 23:13:09 ubuntu neutron-server[113375]: WARNING keystonemiddleware.auth_token [None req-b5f571ab-f324-40a5-8dd6-e18710e905e4 None None] Configuring www_authenticate_uri to point to the public identity endpoint is required; clients may not be able to authenticate against an admin endpoint
Sep 09 23:13:09 ubuntu neutron-server[113375]: DEBUG oslo_concurrency.lockutils [None req-b5f571ab-f324-40a5-8dd6-e18710e905e4 None None] Acquiring lock "singleton_lock" {{(pid=113375) lock /usr/local/lib/python3.8/dist-packages/oslo_concurrency/lockutils.py:312}}
Sep 09 23:13:09 ubuntu neutron-server[113375]: DEBUG oslo_concurrency.lockutils [None req-b5f571ab-f324-40a5-8dd6-e18710e905e4 None None] Acquired lock "singleton_lock" {{(pid=113375) lock /usr/local/lib/python3.8/dist-packages/oslo_concurrency/lockutils.py:315}}
Sep 09 23:13:09 ubuntu neutron-server[113375]: DEBUG oslo_concurrency.lockutils [None req-b5f571ab-f324-40a5-8dd6-e18710e905e4 None None] Releasing lock "singleton_lock" {{(pid=113375) lock /usr/local/lib/python3.8/dist-packages/oslo_concurrency/lockutils.py:333}}
Sep 09 23:13:09 ubuntu neutron-server[113375]: INFO oslo_service.service [None req-b5f571ab-f324-40a5-8dd6-e18710e905e4 None None] Starting 2 workers
Sep 09 23:13:09 ubuntu neutron-server[113375]: DEBUG oslo_service.service [None req-b5f571ab-f324-40a5-8dd6-e18710e905e4 None None] Started child 113623 {{(pid=113375) _start_child /usr/local/lib/python3.8/dist-packages/oslo_service/service.py:575}}
Sep 09 23:13:09 ubuntu neutron-server[113375]: DEBUG oslo_service.service [None req-b5f571ab-f324-40a5-8dd6-e18710e905e4 None None] Started child 113624 {{(pid=113375) _start_child /usr/local/lib/python3.8/dist-packages/oslo_service/service.py:575}}
Sep 09 23:13:09 ubuntu neutron-server[113375]: INFO neutron.service [None req-b5f571ab-f324-40a5-8dd6-e18710e905e4 None None] Neutron service started, listening on 0.0.0.0:9696
Sep 09 23:13:09 ubuntu neutron-server[113375]: DEBUG neutron_lib.callbacks.manager [None req-b5f571ab-f324-40a5-8dd6-e18710e905e4 None None] Publish callbacks ['neutron.plugins.ml2.drivers.ovn.mech_driver.mech_driver.OVNMechanismDriver.pre_fork_initialize-690437'] for process (None), before_spawn {{(pid=113375) _notify_loop /usr/local/lib/python3.8/dist-packages/neutron_lib/callbacks/manager.py:176}}
Sep 09 23:13:09 ubuntu neutron-server[113623]: DEBUG neutron_lib.callbacks.manager [-] Publish callbacks ['neutron.plugins.ml2.drivers.ovn.mech_driver.mech_driver.OVNMechanismDriver.post_fork_initialize-690473'] for process (None), after_init {{(pid=113623) _notify_loop /usr/local/lib/python3.8/dist-packages/neutron_lib/callbacks/manager.py:176}}
Sep 09 23:13:09 ubuntu neutron-server[113624]: DEBUG neutron_lib.callbacks.manager [-] Publish callbacks ['neutron.plugins.ml2.drivers.ovn.mech_driver.mech_driver.OVNMechanismDriver.post_fork_initialize-690473'] for process (None), after_init {{(pid=113624) _notify_loop /usr/local/lib/python3.8/dist-packages/neutron_lib/callbacks/manager.py:176}}
Sep 09 23:13:09 ubuntu neutron-server[113623]: DEBUG dbcounter [-] [113623] Writer thread running {{(pid=113623) stat_writer /usr/local/lib/python3.8/dist-packages/dbcounter.py:99}}
Sep 09 23:13:09 ubuntu neutron-server[113375]: DEBUG ovsdbapp.backend.ovs_idl [None req-b5f571ab-f324-40a5-8dd6-e18710e905e4 None None] Created schema index Port_Group.name {{(pid=113375) autocreate_indices /usr/local/lib/python3.8/dist-packages/ovsdbapp/backend/ovs_idl/__init__.py:104}}
Sep 09 23:13:09 ubuntu neutron-server[113375]: DEBUG ovsdbapp.backend.ovs_idl [None req-b5f571ab-f324-40a5-8dd6-e18710e905e4 None None] Created schema index Logical_Switch_Port.name {{(pid=113375) autocreate_indices /usr/local/lib/python3.8/dist-packages/ovsdbapp/backend/ovs_idl/__init__.py:104}}
Sep 09 23:13:09 ubuntu neutron-server[113624]: DEBUG dbcounter [-] [113624] Writer thread running {{(pid=113624) stat_writer /usr/local/lib/python3.8/dist-packages/dbcounter.py:99}}
Sep 09 23:13:09 ubuntu neutron-server[113623]: INFO neutron.plugins.ml2.drivers.ovn.mech_driver.ovsdb.impl_idl_ovn [None req-8e81ee26-ab0e-4ffd-b87b-0da7898db4c9 None None] Getting OvsdbNbOvnIdl for WorkerService with retry
Sep 09 23:13:09 ubuntu neutron-server[113375]: DEBUG ovsdbapp.backend.ovs_idl.transaction [-] Running txn n=1 command(idx=0): PgAddCommand(name=neutron_pg_drop, may_exist=True, columns={'acls': []}) {{(pid=113375) do_commit /usr/local/lib/python3.8/dist-packages/ovsdbapp/backend/ovs_idl/transaction.py:90}}
Sep 09 23:13:09 ubuntu neutron-server[113375]: DEBUG ovsdbapp.backend.ovs_idl.transaction [-] Running txn n=1 command(idx=1): PgAclAddCommand(entity=neutron_pg_drop, direction=from-lport, priority=1001, match=inport == @neutron_pg_drop && ip, action=drop, log=False, may_exist=True, severity=[], name=[], meter=None, external_ids={}) {{(pid=113375) do_commit /usr/local/lib/python3.8/dist-packages/ovsdbapp/backend/ovs_idl/transaction.py:90}}
Sep 09 23:13:09 ubuntu neutron-server[113375]: DEBUG ovsdbapp.backend.ovs_idl.transaction [-] Running txn n=1 command(idx=2): PgAclAddCommand(entity=neutron_pg_drop, direction=to-lport, priority=1001, match=outport == @neutron_pg_drop && ip, action=drop, log=False, may_exist=True, severity=[], name=[], meter=None, external_ids={}) {{(pid=113375) do_commit /usr/local/lib/python3.8/dist-packages/ovsdbapp/backend/ovs_idl/transaction.py:90}}
Sep 09 23:13:09 ubuntu neutron-server[113375]: DEBUG ovsdbapp.backend.ovs_idl.event [-] Matched CREATE: NeutronPgDropPortGroupCreated(events=('create',), table='Port_Group', conditions=(('name', '=', 'neutron_pg_drop'),), old_conditions=None), priority=10 to row=Port_Group(name=neutron_pg_drop, ports=[], external_ids={}, acls=[<ovs.db.idl.Row object at 0x7fb209ed50a0>, <ovs.db.idl.Row object at 0x7fb209ed5df0>]) old= {{(pid=113375) matches /usr/local/lib/python3.8/dist-packages/ovsdbapp/backend/ovs_idl/event.py:43}}
Sep 09 23:13:09 ubuntu neutron-server[113624]: INFO neutron.plugins.ml2.drivers.ovn.mech_driver.ovsdb.impl_idl_ovn [None req-b1c73fcd-ddc4-4d3a-b9b2-4311c7071ff2 None None] Getting OvsdbNbOvnIdl for WorkerService with retry
Sep 09 23:13:09 ubuntu neutron-server[113623]: DEBUG ovsdbapp.backend.ovs_idl [None req-8e81ee26-ab0e-4ffd-b87b-0da7898db4c9 None None] Created lookup_table index Logical_Switch.name {{(pid=113623) autocreate_indices /usr/local/lib/python3.8/dist-packages/ovsdbapp/backend/ovs_idl/__init__.py:85}}
Sep 09 23:13:09 ubuntu neutron-server[113623]: DEBUG ovsdbapp.backend.ovs_idl [None req-8e81ee26-ab0e-4ffd-b87b-0da7898db4c9 None None] Created lookup_table index Logical_Router.name {{(pid=113623) autocreate_indices /usr/local/lib/python3.8/dist-packages/ovsdbapp/backend/ovs_idl/__init__.py:85}}
Sep 09 23:13:09 ubuntu neutron-server[113623]: DEBUG ovsdbapp.backend.ovs_idl [None req-8e81ee26-ab0e-4ffd-b87b-0da7898db4c9 None None] Created lookup_table index Load_Balancer.name {{(pid=113623) autocreate_indices /usr/local/lib/python3.8/dist-packages/ovsdbapp/backend/ovs_idl/__init__.py:85}}
Sep 09 23:13:09 ubuntu neutron-server[113623]: DEBUG ovsdbapp.backend.ovs_idl [None req-8e81ee26-ab0e-4ffd-b87b-0da7898db4c9 None None] Created schema index Meter.name {{(pid=113623) autocreate_indices /usr/local/lib/python3.8/dist-packages/ovsdbapp/backend/ovs_idl/__init__.py:104}}
Sep 09 23:13:09 ubuntu neutron-server[113623]: DEBUG ovsdbapp.backend.ovs_idl [None req-8e81ee26-ab0e-4ffd-b87b-0da7898db4c9 None None] Created schema index Address_Set.name {{(pid=113623) autocreate_indices /usr/local/lib/python3.8/dist-packages/ovsdbapp/backend/ovs_idl/__init__.py:104}}
Sep 09 23:13:09 ubuntu neutron-server[113623]: DEBUG ovsdbapp.backend.ovs_idl [None req-8e81ee26-ab0e-4ffd-b87b-0da7898db4c9 None None] Created schema index HA_Chassis_Group.name {{(pid=113623) autocreate_indices /usr/local/lib/python3.8/dist-packages/ovsdbapp/backend/ovs_idl/__init__.py:104}}
Sep 09 23:13:09 ubuntu neutron-server[113623]: DEBUG ovsdbapp.backend.ovs_idl [None req-8e81ee26-ab0e-4ffd-b87b-0da7898db4c9 None None] Created schema index Connection.target {{(pid=113623) autocreate_indices /usr/local/lib/python3.8/dist-packages/ovsdbapp/backend/ovs_idl/__init__.py:104}}
Sep 09 23:13:09 ubuntu neutron-server[113623]: DEBUG ovsdbapp.backend.ovs_idl [None req-8e81ee26-ab0e-4ffd-b87b-0da7898db4c9 None None] Created schema index Gateway_Chassis.name {{(pid=113623) autocreate_indices /usr/local/lib/python3.8/dist-packages/ovsdbapp/backend/ovs_idl/__init__.py:104}}
Sep 09 23:13:09 ubuntu neutron-server[113623]: DEBUG ovsdbapp.backend.ovs_idl [None req-8e81ee26-ab0e-4ffd-b87b-0da7898db4c9 None None] Created schema index Logical_Router_Port.name {{(pid=113623) autocreate_indices /usr/local/lib/python3.8/dist-packages/ovsdbapp/backend/ovs_idl/__init__.py:104}}
Sep 09 23:13:09 ubuntu neutron-server[113623]: DEBUG ovsdbapp.backend.ovs_idl [None req-8e81ee26-ab0e-4ffd-b87b-0da7898db4c9 None None] Created schema index Port_Group.name {{(pid=113623) autocreate_indices /usr/local/lib/python3.8/dist-packages/ovsdbapp/backend/ovs_idl/__init__.py:104}}
Sep 09 23:13:09 ubuntu neutron-server[113623]: DEBUG ovsdbapp.backend.ovs_idl [None req-8e81ee26-ab0e-4ffd-b87b-0da7898db4c9 None None] Created schema index Logical_Switch_Port.name {{(pid=113623) autocreate_indices /usr/local/lib/python3.8/dist-packages/ovsdbapp/backend/ovs_idl/__init__.py:104}}
Sep 09 23:13:09 ubuntu neutron-server[113623]: INFO ovsdbapp.backend.ovs_idl.vlog [None req-8e81ee26-ab0e-4ffd-b87b-0da7898db4c9 None None] tcp:192.168.79.41:6641: connecting...
Sep 09 23:13:09 ubuntu neutron-server[113623]: INFO ovsdbapp.backend.ovs_idl.vlog [None req-8e81ee26-ab0e-4ffd-b87b-0da7898db4c9 None None] tcp:192.168.79.41:6641: connected
Sep 09 23:13:09 ubuntu neutron-server[113375]: DEBUG ovsdbapp.backend.ovs_idl [None req-b5f571ab-f324-40a5-8dd6-e18710e905e4 None None] Created lookup_table index Logical_Switch.name {{(pid=113375) autocreate_indices /usr/local/lib/python3.8/dist-packages/ovsdbapp/backend/ovs_idl/__init__.py:85}}
Sep 09 23:13:09 ubuntu neutron-server[113375]: DEBUG ovsdbapp.backend.ovs_idl [None req-b5f571ab-f324-40a5-8dd6-e18710e905e4 None None] Created lookup_table index Logical_Router.name {{(pid=113375) autocreate_indices /usr/local/lib/python3.8/dist-packages/ovsdbapp/backend/ovs_idl/__init__.py:85}}
Sep 09 23:13:09 ubuntu neutron-server[113375]: DEBUG ovsdbapp.backend.ovs_idl [None req-b5f571ab-f324-40a5-8dd6-e18710e905e4 None None] Created lookup_table index Load_Balancer.name {{(pid=113375) autocreate_indices /usr/local/lib/python3.8/dist-packages/ovsdbapp/backend/ovs_idl/__init__.py:85}}
Sep 09 23:13:09 ubuntu neutron-server[113375]: DEBUG ovsdbapp.backend.ovs_idl [None req-b5f571ab-f324-40a5-8dd6-e18710e905e4 None None] Created schema index Meter.name {{(pid=113375) autocreate_indices /usr/local/lib/python3.8/dist-packages/ovsdbapp/backend/ovs_idl/__init__.py:104}}
Sep 09 23:13:09 ubuntu neutron-server[113375]: DEBUG ovsdbapp.backend.ovs_idl [None req-b5f571ab-f324-40a5-8dd6-e18710e905e4 None None] Created schema index Address_Set.name {{(pid=113375) autocreate_indices /usr/local/lib/python3.8/dist-packages/ovsdbapp/backend/ovs_idl/__init__.py:104}}
Sep 09 23:13:09 ubuntu neutron-server[113375]: DEBUG ovsdbapp.backend.ovs_idl [None req-b5f571ab-f324-40a5-8dd6-e18710e905e4 None None] Created schema index HA_Chassis_Group.name {{(pid=113375) autocreate_indices /usr/local/lib/python3.8/dist-packages/ovsdbapp/backend/ovs_idl/__init__.py:104}}
Sep 09 23:13:09 ubuntu neutron-server[113375]: DEBUG ovsdbapp.backend.ovs_idl [None req-b5f571ab-f324-40a5-8dd6-e18710e905e4 None None] Created schema index Connection.target {{(pid=113375) autocreate_indices /usr/local/lib/python3.8/dist-packages/ovsdbapp/backend/ovs_idl/__init__.py:104}}
Sep 09 23:13:09 ubuntu neutron-server[113375]: DEBUG ovsdbapp.backend.ovs_idl [None req-b5f571ab-f324-40a5-8dd6-e18710e905e4 None None] Created schema index Gateway_Chassis.name {{(pid=113375) autocreate_indices /usr/local/lib/python3.8/dist-packages/ovsdbapp/backend/ovs_idl/__init__.py:104}}
Sep 09 23:13:09 ubuntu neutron-server[113375]: DEBUG ovsdbapp.backend.ovs_idl [None req-b5f571ab-f324-40a5-8dd6-e18710e905e4 None None] Created schema index Logical_Router_Port.name {{(pid=113375) autocreate_indices /usr/local/lib/python3.8/dist-packages/ovsdbapp/backend/ovs_idl/__init__.py:104}}
Sep 09 23:13:09 ubuntu neutron-server[113375]: DEBUG ovsdbapp.backend.ovs_idl [None req-b5f571ab-f324-40a5-8dd6-e18710e905e4 None None] Created schema index Port_Group.name {{(pid=113375) autocreate_indices /usr/local/lib/python3.8/dist-packages/ovsdbapp/backend/ovs_idl/__init__.py:104}}
Sep 09 23:13:09 ubuntu neutron-server[113375]: DEBUG ovsdbapp.backend.ovs_idl [None req-b5f571ab-f324-40a5-8dd6-e18710e905e4 None None] Created schema index Logical_Switch_Port.name {{(pid=113375) autocreate_indices /usr/local/lib/python3.8/dist-packages/ovsdbapp/backend/ovs_idl/__init__.py:104}}
Sep 09 23:13:09 ubuntu neutron-server[113624]: DEBUG ovsdbapp.backend.ovs_idl [None req-b1c73fcd-ddc4-4d3a-b9b2-4311c7071ff2 None None] Created lookup_table index Logical_Switch.name {{(pid=113624) autocreate_indices /usr/local/lib/python3.8/dist-packages/ovsdbapp/backend/ovs_idl/__init__.py:85}}
Sep 09 23:13:09 ubuntu neutron-server[113624]: DEBUG ovsdbapp.backend.ovs_idl [None req-b1c73fcd-ddc4-4d3a-b9b2-4311c7071ff2 None None] Created lookup_table index Logical_Router.name {{(pid=113624) autocreate_indices /usr/local/lib/python3.8/dist-packages/ovsdbapp/backend/ovs_idl/__init__.py:85}}
Sep 09 23:13:09 ubuntu neutron-server[113624]: DEBUG ovsdbapp.backend.ovs_idl [None req-b1c73fcd-ddc4-4d3a-b9b2-4311c7071ff2 None None] Created lookup_table index Load_Balancer.name {{(pid=113624) autocreate_indices /usr/local/lib/python3.8/dist-packages/ovsdbapp/backend/ovs_idl/__init__.py:85}}
Sep 09 23:13:09 ubuntu neutron-server[113624]: DEBUG ovsdbapp.backend.ovs_idl [None req-b1c73fcd-ddc4-4d3a-b9b2-4311c7071ff2 None None] Created schema index Meter.name {{(pid=113624) autocreate_indices /usr/local/lib/python3.8/dist-packages/ovsdbapp/backend/ovs_idl/__init__.py:104}}
Sep 09 23:13:09 ubuntu neutron-server[113624]: DEBUG ovsdbapp.backend.ovs_idl [None req-b1c73fcd-ddc4-4d3a-b9b2-4311c7071ff2 None None] Created schema index Address_Set.name {{(pid=113624) autocreate_indices /usr/local/lib/python3.8/dist-packages/ovsdbapp/backend/ovs_idl/__init__.py:104}}
Sep 09 23:13:09 ubuntu neutron-server[113624]: DEBUG ovsdbapp.backend.ovs_idl [None req-b1c73fcd-ddc4-4d3a-b9b2-4311c7071ff2 None None] Created schema index HA_Chassis_Group.name {{(pid=113624) autocreate_indices /usr/local/lib/python3.8/dist-packages/ovsdbapp/backend/ovs_idl/__init__.py:104}}
Sep 09 23:13:09 ubuntu neutron-server[113624]: DEBUG ovsdbapp.backend.ovs_idl [None req-b1c73fcd-ddc4-4d3a-b9b2-4311c7071ff2 None None] Created schema index Connection.target {{(pid=113624) autocreate_indices /usr/local/lib/python3.8/dist-packages/ovsdbapp/backend/ovs_idl/__init__.py:104}}
Sep 09 23:13:09 ubuntu neutron-server[113624]: DEBUG ovsdbapp.backend.ovs_idl [None req-b1c73fcd-ddc4-4d3a-b9b2-4311c7071ff2 None None] Created schema index Gateway_Chassis.name {{(pid=113624) autocreate_indices /usr/local/lib/python3.8/dist-packages/ovsdbapp/backend/ovs_idl/__init__.py:104}}
Sep 09 23:13:09 ubuntu neutron-server[113624]: DEBUG ovsdbapp.backend.ovs_idl [None req-b1c73fcd-ddc4-4d3a-b9b2-4311c7071ff2 None None] Created schema index Logical_Router_Port.name {{(pid=113624) autocreate_indices /usr/local/lib/python3.8/dist-packages/ovsdbapp/backend/ovs_idl/__init__.py:104}}
Sep 09 23:13:09 ubuntu neutron-server[113624]: DEBUG ovsdbapp.backend.ovs_idl [None req-b1c73fcd-ddc4-4d3a-b9b2-4311c7071ff2 None None] Created schema index Port_Group.name {{(pid=113624) autocreate_indices /usr/local/lib/python3.8/dist-packages/ovsdbapp/backend/ovs_idl/__init__.py:104}}
Sep 09 23:13:09 ubuntu neutron-server[113624]: DEBUG ovsdbapp.backend.ovs_idl [None req-b1c73fcd-ddc4-4d3a-b9b2-4311c7071ff2 None None] Created schema index Logical_Switch_Port.name {{(pid=113624) autocreate_indices /usr/local/lib/python3.8/dist-packages/ovsdbapp/backend/ovs_idl/__init__.py:104}}
Sep 09 23:13:09 ubuntu neutron-server[113624]: INFO ovsdbapp.backend.ovs_idl.vlog [None req-b1c73fcd-ddc4-4d3a-b9b2-4311c7071ff2 None None] tcp:192.168.79.41:6641: connecting...
Sep 09 23:13:09 ubuntu neutron-server[113624]: INFO ovsdbapp.backend.ovs_idl.vlog [None req-b1c73fcd-ddc4-4d3a-b9b2-4311c7071ff2 None None] tcp:192.168.79.41:6641: connected
Sep 09 23:13:09 ubuntu neutron-server[113623]: DEBUG neutron.common.ovn.hash_ring_manager [None req-8e81ee26-ab0e-4ffd-b87b-0da7898db4c9 None None] Allow caching, nodes 2>=2 {{(pid=113623) _wait_startup_before_caching /opt/stack/neutron/neutron/common/ovn/hash_ring_manager.py:60}}
Sep 09 23:13:09 ubuntu neutron-server[113623]: DEBUG neutron.plugins.ml2.drivers.ovn.mech_driver.ovsdb.ovsdb_monitor [None req-8e81ee26-ab0e-4ffd-b87b-0da7898db4c9 None None] Hash Ring: Node df896978-dbfa-4c7f-935b-08e927fca1ec (host: ubuntu) handling event "create" for row 6458b682-9f74-4504-8500-78de25cb759b (table: Database) {{(pid=113623) notify /opt/stack/neutron/neutron/plugins/ml2/drivers/ovn/mech_driver/ovsdb/ovsdb_monitor.py:743}}
Sep 09 23:13:09 ubuntu neutron-server[113375]: DEBUG ovsdbapp.backend.ovs_idl [None req-b5f571ab-f324-40a5-8dd6-e18710e905e4 None None] Created lookup_table index Chassis.name {{(pid=113375) autocreate_indices /usr/local/lib/python3.8/dist-packages/ovsdbapp/backend/ovs_idl/__init__.py:85}}
Sep 09 23:13:09 ubuntu neutron-server[113375]: DEBUG ovsdbapp.backend.ovs_idl [None req-b5f571ab-f324-40a5-8dd6-e18710e905e4 None None] Created lookup_table index MAC_Binding.ip {{(pid=113375) autocreate_indices /usr/local/lib/python3.8/dist-packages/ovsdbapp/backend/ovs_idl/__init__.py:85}}
Sep 09 23:13:09 ubuntu neutron-server[113375]: DEBUG ovsdbapp.backend.ovs_idl [None req-b5f571ab-f324-40a5-8dd6-e18710e905e4 None None] Created schema index Meter.name {{(pid=113375) autocreate_indices /usr/local/lib/python3.8/dist-packages/ovsdbapp/backend/ovs_idl/__init__.py:104}}
Sep 09 23:13:09 ubuntu neutron-server[113623]: DEBUG neutron.plugins.ml2.drivers.ovn.mech_driver.ovsdb.ovsdb_monitor [None req-8e81ee26-ab0e-4ffd-b87b-0da7898db4c9 None None] Hash Ring: Node df896978-dbfa-4c7f-935b-08e927fca1ec (host: ubuntu) handling event "create" for row c0464579-c93b-4c17-830d-d1c15059f15c (table: NB_Global) {{(pid=113623) notify /opt/stack/neutron/neutron/plugins/ml2/drivers/ovn/mech_driver/ovsdb/ovsdb_monitor.py:743}}
Sep 09 23:13:09 ubuntu neutron-server[113375]: DEBUG ovsdbapp.backend.ovs_idl [None req-b5f571ab-f324-40a5-8dd6-e18710e905e4 None None] Created schema index Address_Set.name {{(pid=113375) autocreate_indices /usr/local/lib/python3.8/dist-packages/ovsdbapp/backend/ovs_idl/__init__.py:104}}
Sep 09 23:13:09 ubuntu neutron-server[113375]: DEBUG ovsdbapp.backend.ovs_idl [None req-b5f571ab-f324-40a5-8dd6-e18710e905e4 None None] Created schema index HA_Chassis_Group.name {{(pid=113375) autocreate_indices /usr/local/lib/python3.8/dist-packages/ovsdbapp/backend/ovs_idl/__init__.py:104}}
Sep 09 23:13:09 ubuntu neutron-server[113375]: DEBUG ovsdbapp.backend.ovs_idl [None req-b5f571ab-f324-40a5-8dd6-e18710e905e4 None None] Created schema index IP_Multicast.datapath {{(pid=113375) autocreate_indices /usr/local/lib/python3.8/dist-packages/ovsdbapp/backend/ovs_idl/__init__.py:104}}
Sep 09 23:13:09 ubuntu neutron-server[113623]: DEBUG neutron.plugins.ml2.drivers.ovn.mech_driver.ovsdb.ovsdb_monitor [None req-8e81ee26-ab0e-4ffd-b87b-0da7898db4c9 None None] Hash Ring: Node df896978-dbfa-4c7f-935b-08e927fca1ec (host: ubuntu) handling event "create" for row ad366a68-5450-4e4f-826e-3762ad611a72 (table: Connection) {{(pid=113623) notify /opt/stack/neutron/neutron/plugins/ml2/drivers/ovn/mech_driver/ovsdb/ovsdb_monitor.py:743}}
Sep 09 23:13:09 ubuntu neutron-server[113375]: DEBUG ovsdbapp.backend.ovs_idl [None req-b5f571ab-f324-40a5-8dd6-e18710e905e4 None None] Created schema index Connection.target {{(pid=113375) autocreate_indices /usr/local/lib/python3.8/dist-packages/ovsdbapp/backend/ovs_idl/__init__.py:104}}
Sep 09 23:13:09 ubuntu neutron-server[113375]: DEBUG ovsdbapp.backend.ovs_idl [None req-b5f571ab-f324-40a5-8dd6-e18710e905e4 None None] Created schema index Gateway_Chassis.name {{(pid=113375) autocreate_indices /usr/local/lib/python3.8/dist-packages/ovsdbapp/backend/ovs_idl/__init__.py:104}}
Sep 09 23:13:09 ubuntu neutron-server[113375]: DEBUG ovsdbapp.backend.ovs_idl [None req-b5f571ab-f324-40a5-8dd6-e18710e905e4 None None] Created schema index Port_Group.name {{(pid=113375) autocreate_indices /usr/local/lib/python3.8/dist-packages/ovsdbapp/backend/ovs_idl/__init__.py:104}}
Sep 09 23:13:09 ubuntu neutron-server[113623]: INFO neutron.plugins.ml2.drivers.ovn.mech_driver.ovsdb.impl_idl_ovn [None req-8e81ee26-ab0e-4ffd-b87b-0da7898db4c9 None None] Getting OvsdbSbOvnIdl for WorkerService with retry
Sep 09 23:13:09 ubuntu neutron-server[113375]: DEBUG ovsdbapp.backend.ovs_idl [None req-b5f571ab-f324-40a5-8dd6-e18710e905e4 None None] Created schema index Datapath_Binding.tunnel_key {{(pid=113375) autocreate_indices /usr/local/lib/python3.8/dist-packages/ovsdbapp/backend/ovs_idl/__init__.py:104}}
Sep 09 23:13:09 ubuntu neutron-server[113623]: DEBUG ovsdbapp.backend.ovs_idl [None req-8e81ee26-ab0e-4ffd-b87b-0da7898db4c9 None None] Created lookup_table index Chassis.name {{(pid=113623) autocreate_indices /usr/local/lib/python3.8/dist-packages/ovsdbapp/backend/ovs_idl/__init__.py:85}}
Sep 09 23:13:09 ubuntu neutron-server[113623]: DEBUG ovsdbapp.backend.ovs_idl [None req-8e81ee26-ab0e-4ffd-b87b-0da7898db4c9 None None] Created schema index Datapath_Binding.tunnel_key {{(pid=113623) autocreate_indices /usr/local/lib/python3.8/dist-packages/ovsdbapp/backend/ovs_idl/__init__.py:104}}
Sep 09 23:13:09 ubuntu neutron-server[113623]: DEBUG ovsdbapp.backend.ovs_idl [None req-8e81ee26-ab0e-4ffd-b87b-0da7898db4c9 None None] Created schema index Connection.target {{(pid=113623) autocreate_indices /usr/local/lib/python3.8/dist-packages/ovsdbapp/backend/ovs_idl/__init__.py:104}}
Sep 09 23:13:09 ubuntu neutron-server[113623]: INFO ovsdbapp.backend.ovs_idl.vlog [None req-8e81ee26-ab0e-4ffd-b87b-0da7898db4c9 None None] tcp:192.168.79.41:6642: connecting...
Sep 09 23:13:09 ubuntu neutron-server[113623]: INFO ovsdbapp.backend.ovs_idl.vlog [None req-8e81ee26-ab0e-4ffd-b87b-0da7898db4c9 None None] tcp:192.168.79.41:6642: connected
Sep 09 23:13:09 ubuntu neutron-server[113624]: DEBUG neutron.common.ovn.hash_ring_manager [None req-b1c73fcd-ddc4-4d3a-b9b2-4311c7071ff2 None None] Allow caching, nodes 2>=2 {{(pid=113624) _wait_startup_before_caching /opt/stack/neutron/neutron/common/ovn/hash_ring_manager.py:60}}
Sep 09 23:13:09 ubuntu neutron-server[113623]: DEBUG neutron.common.ovn.hash_ring_manager [None req-8e81ee26-ab0e-4ffd-b87b-0da7898db4c9 None None] Allow caching, nodes 2>=2 {{(pid=113623) _wait_startup_before_caching /opt/stack/neutron/neutron/common/ovn/hash_ring_manager.py:60}}
Sep 09 23:13:09 ubuntu neutron-server[113624]: DEBUG neutron.plugins.ml2.drivers.ovn.mech_driver.ovsdb.ovsdb_monitor [None req-b1c73fcd-ddc4-4d3a-b9b2-4311c7071ff2 None None] Hash Ring: Node 503aabfa-c3bb-4cf6-a865-8efe2d7f44b7 (host: ubuntu) handling event "create" for row 4b27a5aa-a560-47df-bfc2-917b42c15ca6 (table: Database) {{(pid=113624) notify /opt/stack/neutron/neutron/plugins/ml2/drivers/ovn/mech_driver/ovsdb/ovsdb_monitor.py:743}}
Sep 09 23:13:09 ubuntu neutron-server[113375]: INFO oslo_service.service [None req-b5f571ab-f324-40a5-8dd6-e18710e905e4 None None] Starting 1 workers
Sep 09 23:13:09 ubuntu neutron-server[113623]: DEBUG neutron.plugins.ml2.drivers.ovn.mech_driver.ovsdb.ovsdb_monitor [None req-8e81ee26-ab0e-4ffd-b87b-0da7898db4c9 None None] Hash Ring: Node df896978-dbfa-4c7f-935b-08e927fca1ec (host: ubuntu) handling event "create" for row afb53219-06a7-433b-9915-ab59b1336068 (table: Database) {{(pid=113623) notify /opt/stack/neutron/neutron/plugins/ml2/drivers/ovn/mech_driver/ovsdb/ovsdb_monitor.py:743}}
Sep 09 23:13:09 ubuntu neutron-server[113624]: DEBUG neutron.plugins.ml2.drivers.ovn.mech_driver.ovsdb.ovsdb_monitor [None req-b1c73fcd-ddc4-4d3a-b9b2-4311c7071ff2 None None] Hash Ring: Node 503aabfa-c3bb-4cf6-a865-8efe2d7f44b7 (host: ubuntu) handling event "create" for row 82c1750b-9fa6-47fa-bdac-3fe25303abb3 (table: Port_Group) {{(pid=113624) notify /opt/stack/neutron/neutron/plugins/ml2/drivers/ovn/mech_driver/ovsdb/ovsdb_monitor.py:743}}
Sep 09 23:13:09 ubuntu neutron-server[113624]: DEBUG neutron.plugins.ml2.drivers.ovn.mech_driver.ovsdb.ovsdb_monitor [None req-b1c73fcd-ddc4-4d3a-b9b2-4311c7071ff2 None None] Hash Ring: Node 503aabfa-c3bb-4cf6-a865-8efe2d7f44b7 (host: ubuntu) handling event "create" for row a1e02dc1-8621-4678-b993-37a49ef5b3af (table: ACL) {{(pid=113624) notify /opt/stack/neutron/neutron/plugins/ml2/drivers/ovn/mech_driver/ovsdb/ovsdb_monitor.py:743}}
Sep 09 23:13:09 ubuntu neutron-server[113624]: DEBUG neutron.plugins.ml2.drivers.ovn.mech_driver.ovsdb.ovsdb_monitor [None req-b1c73fcd-ddc4-4d3a-b9b2-4311c7071ff2 None None] Hash Ring: Node 503aabfa-c3bb-4cf6-a865-8efe2d7f44b7 (host: ubuntu) handling event "create" for row 7c1ec124-5380-4533-9d0f-dfc662782504 (table: ACL) {{(pid=113624) notify /opt/stack/neutron/neutron/plugins/ml2/drivers/ovn/mech_driver/ovsdb/ovsdb_monitor.py:743}}
Sep 09 23:13:09 ubuntu neutron-server[113623]: DEBUG neutron.plugins.ml2.drivers.ovn.mech_driver.ovsdb.ovsdb_monitor [None req-8e81ee26-ab0e-4ffd-b87b-0da7898db4c9 None None] Hash Ring: Node df896978-dbfa-4c7f-935b-08e927fca1ec (host: ubuntu) handling event "create" for row d2a58611-e2d7-4b53-b378-82b772ae7df5 (table: Encap) {{(pid=113623) notify /opt/stack/neutron/neutron/plugins/ml2/drivers/ovn/mech_driver/ovsdb/ovsdb_monitor.py:743}}
Sep 09 23:13:09 ubuntu neutron-server[113623]: DEBUG neutron.plugins.ml2.drivers.ovn.mech_driver.ovsdb.ovsdb_monitor [None req-8e81ee26-ab0e-4ffd-b87b-0da7898db4c9 None None] ChassisAgentWriteEvent : Matched Chassis, create, None None {{(pid=113623) matches /opt/stack/neutron/neutron/plugins/ml2/drivers/ovn/mech_driver/ovsdb/ovsdb_monitor.py:62}}
Sep 09 23:13:09 ubuntu neutron-server[113623]: DEBUG neutron.plugins.ml2.drivers.ovn.mech_driver.ovsdb.ovsdb_monitor [None req-8e81ee26-ab0e-4ffd-b87b-0da7898db4c9 None None] ChassisMetadataAgentWriteEvent : Matched Chassis, create, None None {{(pid=113623) matches /opt/stack/neutron/neutron/plugins/ml2/drivers/ovn/mech_driver/ovsdb/ovsdb_monitor.py:62}}
Sep 09 23:13:09 ubuntu neutron-server[113375]: DEBUG oslo_service.service [None req-b5f571ab-f324-40a5-8dd6-e18710e905e4 None None] Started child 113626 {{(pid=113375) _start_child /usr/local/lib/python3.8/dist-packages/oslo_service/service.py:575}}
Sep 09 23:13:09 ubuntu neutron-server[113375]: INFO oslo_service.service [None req-b5f571ab-f324-40a5-8dd6-e18710e905e4 None None] Starting 1 workers
Sep 09 23:13:09 ubuntu neutron-server[113624]: INFO neutron.plugins.ml2.drivers.ovn.mech_driver.ovsdb.impl_idl_ovn [None req-b1c73fcd-ddc4-4d3a-b9b2-4311c7071ff2 None None] Getting OvsdbSbOvnIdl for WorkerService with retry
Sep 09 23:13:09 ubuntu neutron-server[113623]: INFO neutron.wsgi [-] (113623) wsgi starting up on http://0.0.0.0:9696
Sep 09 23:13:09 ubuntu neutron-server[113375]: DEBUG oslo_service.service [None req-b5f571ab-f324-40a5-8dd6-e18710e905e4 None None] Started child 113627 {{(pid=113375) _start_child /usr/local/lib/python3.8/dist-packages/oslo_service/service.py:575}}
Sep 09 23:13:09 ubuntu neutron-server[113375]: INFO oslo_service.service [None req-b5f571ab-f324-40a5-8dd6-e18710e905e4 None None] Starting 1 workers
Sep 09 23:13:09 ubuntu neutron-server[113626]: DEBUG neutron.service [None req-b5f571ab-f324-40a5-8dd6-e18710e905e4 None None] calling RpcWorker wait() {{(pid=113626) _wait /opt/stack/neutron/neutron/service.py:128}}
Sep 09 23:13:09 ubuntu neutron-server[113626]: DEBUG neutron.service [None req-b5f571ab-f324-40a5-8dd6-e18710e905e4 None None] returning from RpcWorker wait() {{(pid=113626) _wait /opt/stack/neutron/neutron/service.py:135}}
Sep 09 23:13:09 ubuntu neutron-server[113626]: DEBUG neutron_lib.callbacks.manager [-] Publish callbacks ['neutron.plugins.ml2.drivers.ovn.mech_driver.mech_driver.OVNMechanismDriver.post_fork_initialize-690473'] for process (None), after_init {{(pid=113626) _notify_loop /usr/local/lib/python3.8/dist-packages/neutron_lib/callbacks/manager.py:176}}
Sep 09 23:13:09 ubuntu neutron-server[113375]: DEBUG oslo_service.service [None req-b5f571ab-f324-40a5-8dd6-e18710e905e4 None None] Started child 113628 {{(pid=113375) _start_child /usr/local/lib/python3.8/dist-packages/oslo_service/service.py:575}}
Sep 09 23:13:09 ubuntu neutron-server[113624]: DEBUG ovsdbapp.backend.ovs_idl [None req-b1c73fcd-ddc4-4d3a-b9b2-4311c7071ff2 None None] Created lookup_table index Chassis.name {{(pid=113624) autocreate_indices /usr/local/lib/python3.8/dist-packages/ovsdbapp/backend/ovs_idl/__init__.py:85}}
Sep 09 23:13:09 ubuntu neutron-server[113624]: DEBUG ovsdbapp.backend.ovs_idl [None req-b1c73fcd-ddc4-4d3a-b9b2-4311c7071ff2 None None] Created schema index Datapath_Binding.tunnel_key {{(pid=113624) autocreate_indices /usr/local/lib/python3.8/dist-packages/ovsdbapp/backend/ovs_idl/__init__.py:104}}
Sep 09 23:13:09 ubuntu neutron-server[113375]: DEBUG neutron_lib.callbacks.manager [None req-b5f571ab-f324-40a5-8dd6-e18710e905e4 None None] Publish callbacks [] for process (None), after_spawn {{(pid=113375) _notify_loop /usr/local/lib/python3.8/dist-packages/neutron_lib/callbacks/manager.py:176}}
Sep 09 23:13:09 ubuntu neutron-server[113626]: INFO neutron.plugins.ml2.drivers.ovn.mech_driver.ovsdb.impl_idl_ovn [-] Getting OvsdbNbOvnIdl for RpcWorker with retry
Sep 09 23:13:09 ubuntu neutron-server[113624]: DEBUG ovsdbapp.backend.ovs_idl [None req-b1c73fcd-ddc4-4d3a-b9b2-4311c7071ff2 None None] Created schema index Connection.target {{(pid=113624) autocreate_indices /usr/local/lib/python3.8/dist-packages/ovsdbapp/backend/ovs_idl/__init__.py:104}}
Sep 09 23:13:09 ubuntu neutron-server[113624]: INFO ovsdbapp.backend.ovs_idl.vlog [None req-b1c73fcd-ddc4-4d3a-b9b2-4311c7071ff2 None None] tcp:192.168.79.41:6642: connecting...
