Apr 21 02:13:59 ubuntu devstack@g-api.service[123274]: DEBUG glance_store.location [None req-97ab59b5-0187-41b6-b0b9-f21c08804541 admin admin] Registering scheme swift+https with {'store': <glance_store._drivers.swift.store.SingleTenantStore object at 0x7f75fa5aaa00>, 'location_class': <class 'glance_store._drivers.swift.store.StoreLocation'>, 'store_entry': 'swift'} {{(pid=123274) register_scheme_map /usr/local/lib/python3.8/dist-packages/glance_store/location.py:146}}
Apr 21 02:13:59 ubuntu devstack@g-api.service[123274]: DEBUG glance_store.location [None req-97ab59b5-0187-41b6-b0b9-f21c08804541 admin admin] Registering scheme swift with {'store': <glance_store._drivers.swift.store.SingleTenantStore object at 0x7f75fa5aaa00>, 'location_class': <class 'glance_store._drivers.swift.store.StoreLocation'>, 'store_entry': 'swift'} {{(pid=123274) register_scheme_map /usr/local/lib/python3.8/dist-packages/glance_store/location.py:146}}
Apr 21 02:13:59 ubuntu devstack@g-api.service[123274]: DEBUG glance_store.location [None req-97ab59b5-0187-41b6-b0b9-f21c08804541 admin admin] Registering scheme swift+https with {'store': <glance_store._drivers.swift.store.SingleTenantStore object at 0x7f75fa5aaa00>, 'location_class': <class 'glance_store._drivers.swift.store.StoreLocation'>, 'store_entry': 'swift'} {{(pid=123274) register_scheme_map /usr/local/lib/python3.8/dist-packages/glance_store/location.py:146}}
Apr 21 02:13:59 ubuntu devstack@g-api.service[123274]: DEBUG glance_store.location [None req-97ab59b5-0187-41b6-b0b9-f21c08804541 admin admin] Registering scheme swift with {'store': <glance_store._drivers.swift.store.SingleTenantStore object at 0x7f75fa5aaa00>, 'location_class': <class 'glance_store._drivers.swift.store.StoreLocation'>, 'store_entry': 'swift'} {{(pid=123274) register_scheme_map /usr/local/lib/python3.8/dist-packages/glance_store/location.py:146}}
Apr 21 02:13:59 ubuntu devstack@g-api.service[123274]: DEBUG glance_store.location [None req-97ab59b5-0187-41b6-b0b9-f21c08804541 admin admin] Registering scheme swift+http with {'store': <glance_store._drivers.swift.store.SingleTenantStore object at 0x7f75fa5aaa00>, 'location_class': <class 'glance_store._drivers.swift.store.StoreLocation'>, 'store_entry': 'swift'} {{(pid=123274) register_scheme_map /usr/local/lib/python3.8/dist-packages/glance_store/location.py:146}}
Apr 21 02:13:59 ubuntu devstack@g-api.service[123274]: DEBUG glance_store.location [None req-97ab59b5-0187-41b6-b0b9-f21c08804541 admin admin] Registering scheme swift+https with {'store': <glance_store._drivers.swift.store.SingleTenantStore object at 0x7f75fa5aaa00>, 'location_class': <class 'glance_store._drivers.swift.store.StoreLocation'>, 'store_entry': 'swift'} {{(pid=123274) register_scheme_map /usr/local/lib/python3.8/dist-packages/glance_store/location.py:146}}
Apr 21 02:13:59 ubuntu devstack@g-api.service[123274]: DEBUG glance_store.location [None req-97ab59b5-0187-41b6-b0b9-f21c08804541 admin admin] Registering scheme swift with {'store': <glance_store._drivers.swift.store.SingleTenantStore object at 0x7f75fa5aaa00>, 'location_class': <class 'glance_store._drivers.swift.store.StoreLocation'>, 'store_entry': 'swift'} {{(pid=123274) register_scheme_map /usr/local/lib/python3.8/dist-packages/glance_store/location.py:146}}
Apr 21 02:13:59 ubuntu devstack@g-api.service[123274]: DEBUG glance_store.location [None req-97ab59b5-0187-41b6-b0b9-f21c08804541 admin admin] Registering scheme swift+http with {'store': <glance_store._drivers.swift.store.SingleTenantStore object at 0x7f75fa5aaa00>, 'location_class': <class 'glance_store._drivers.swift.store.StoreLocation'>, 'store_entry': 'swift'} {{(pid=123274) register_scheme_map /usr/local/lib/python3.8/dist-packages/glance_store/location.py:146}}
Apr 21 02:13:59 ubuntu devstack@g-api.service[123274]: DEBUG glance_store.location [None req-97ab59b5-0187-41b6-b0b9-f21c08804541 admin admin] Registering scheme swift+config with {'store': <glance_store._drivers.swift.store.SingleTenantStore object at 0x7f75fa5aaa00>, 'location_class': <class 'glance_store._drivers.swift.store.StoreLocation'>, 'store_entry': 'swift'} {{(pid=123274) register_scheme_map /usr/local/lib/python3.8/dist-packages/glance_store/location.py:146}}
Apr 21 02:13:59 ubuntu devstack@g-api.service[123274]: DEBUG glance_store.backend [None req-97ab59b5-0187-41b6-b0b9-f21c08804541 admin admin] Skipping store.set_acls... not implemented. {{(pid=123274) set_acls /usr/local/lib/python3.8/dist-packages/glance_store/backend.py:509}}
Apr 21 02:13:59 ubuntu devstack@g-api.service[123274]: [pid: 123274|app: 0|req: 3/4] 127.0.0.1 () {40 vars in 862 bytes} [Thu Apr 21 02:13:57 2022] PUT /v2/images/a46d2bce-44ed-412f-995a-71851b237dee/file => generated 0 bytes in 1919 msecs (HTTP/1.1 204) 4 headers in 171 bytes (1 switches on core 0)
Apr 21 02:14:49 ubuntu devstack@g-api.service[123275]: DEBUG glance.api.middleware.version_negotiation [None req-d9274e91-6b16-489c-98ac-7cb56c2fb532 admin admin] Determining version of request: GET / Accept: application/json {{(pid=123275) process_request /opt/stack/glance/glance/api/middleware/version_negotiation.py:44}}
Apr 21 02:14:49 ubuntu devstack@g-api.service[123275]: DEBUG glance.api.middleware.version_negotiation [None req-d9274e91-6b16-489c-98ac-7cb56c2fb532 admin admin] Using url versioning {{(pid=123275) process_request /opt/stack/glance/glance/api/middleware/version_negotiation.py:57}}
Apr 21 02:14:49 ubuntu devstack@g-api.service[123275]: DEBUG glance.api.middleware.version_negotiation [None req-d9274e91-6b16-489c-98ac-7cb56c2fb532 admin admin] Unknown version. Returning version choices. {{(pid=123275) process_request /opt/stack/glance/glance/api/middleware/version_negotiation.py:64}}
Apr 21 02:14:49 ubuntu devstack@g-api.service[123275]: [pid: 123275|app: 0|req: 2/5] 127.0.0.1 () {34 vars in 506 bytes} [Thu Apr 21 02:14:49 2022] GET / => generated 1213 bytes in 5 msecs (HTTP/1.1 300) 3 headers in 106 bytes (1 switches on core 0)
Apr 21 02:14:49 ubuntu devstack@g-api.service[123274]: DEBUG glance.api.middleware.version_negotiation [None req-97ab59b5-0187-41b6-b0b9-f21c08804541 admin admin] Determining version of request: GET /v2/images Accept: application/json {{(pid=123274) process_request /opt/stack/glance/glance/api/middleware/version_negotiation.py:44}}
Apr 21 02:14:49 ubuntu devstack@g-api.service[123274]: DEBUG glance.api.middleware.version_negotiation [None req-97ab59b5-0187-41b6-b0b9-f21c08804541 admin admin] Using url versioning {{(pid=123274) process_request /opt/stack/glance/glance/api/middleware/version_negotiation.py:57}}
Apr 21 02:14:49 ubuntu devstack@g-api.service[123274]: DEBUG glance.api.middleware.version_negotiation [None req-97ab59b5-0187-41b6-b0b9-f21c08804541 admin admin] Matched version: v2 {{(pid=123274) process_request /opt/stack/glance/glance/api/middleware/version_negotiation.py:69}}
Apr 21 02:14:49 ubuntu devstack@g-api.service[123274]: DEBUG glance.api.middleware.version_negotiation [None req-97ab59b5-0187-41b6-b0b9-f21c08804541 admin admin] new path /v2/images {{(pid=123274) process_request /opt/stack/glance/glance/api/middleware/version_negotiation.py:70}}
Apr 21 02:14:49 ubuntu devstack@g-api.service[123274]: [pid: 123274|app: 0|req: 4/6] 127.0.0.1 () {36 vars in 728 bytes} [Thu Apr 21 02:14:49 2022] GET /v2/images => generated 1045 bytes in 95 msecs (HTTP/1.1 200) 4 headers in 158 bytes (1 switches on core 0)
Apr 21 02:14:55 ubuntu devstack@g-api.service[123275]: DEBUG glance.api.middleware.version_negotiation [None req-d9274e91-6b16-489c-98ac-7cb56c2fb532 admin admin] Determining version of request: GET / Accept: application/json {{(pid=123275) process_request /opt/stack/glance/glance/api/middleware/version_negotiation.py:44}}
Apr 21 02:14:55 ubuntu devstack@g-api.service[123275]: DEBUG glance.api.middleware.version_negotiation [None req-d9274e91-6b16-489c-98ac-7cb56c2fb532 admin admin] Using url versioning {{(pid=123275) process_request /opt/stack/glance/glance/api/middleware/version_negotiation.py:57}}
Apr 21 02:14:55 ubuntu devstack@g-api.service[123275]: DEBUG glance.api.middleware.version_negotiation [None req-d9274e91-6b16-489c-98ac-7cb56c2fb532 admin admin] Unknown version. Returning version choices. {{(pid=123275) process_request /opt/stack/glance/glance/api/middleware/version_negotiation.py:64}}
Apr 21 02:14:55 ubuntu devstack@g-api.service[123275]: [pid: 123275|app: 0|req: 3/7] 127.0.0.1 () {34 vars in 506 bytes} [Thu Apr 21 02:14:55 2022] GET / => generated 1213 bytes in 4 msecs (HTTP/1.1 300) 3 headers in 106 bytes (1 switches on core 0)
Apr 21 02:14:55 ubuntu devstack@g-api.service[123274]: DEBUG glance.api.middleware.version_negotiation [None req-b8fdb8de-f0a0-4e83-9dc5-e3792151e5fd admin admin] Determining version of request: GET /v2/images/a46d2bce-44ed-412f-995a-71851b237dee Accept: */* {{(pid=123274) process_request /opt/stack/glance/glance/api/middleware/version_negotiation.py:44}}
Apr 21 02:14:55 ubuntu devstack@g-api.service[123274]: DEBUG glance.api.middleware.version_negotiation [None req-b8fdb8de-f0a0-4e83-9dc5-e3792151e5fd admin admin] Using url versioning {{(pid=123274) process_request /opt/stack/glance/glance/api/middleware/version_negotiation.py:57}}
Apr 21 02:14:55 ubuntu devstack@g-api.service[123274]: DEBUG glance.api.middleware.version_negotiation [None req-b8fdb8de-f0a0-4e83-9dc5-e3792151e5fd admin admin] Matched version: v2 {{(pid=123274) process_request /opt/stack/glance/glance/api/middleware/version_negotiation.py:69}}
Apr 21 02:14:55 ubuntu devstack@g-api.service[123274]: DEBUG glance.api.middleware.version_negotiation [None req-b8fdb8de-f0a0-4e83-9dc5-e3792151e5fd admin admin] new path /v2/images/a46d2bce-44ed-412f-995a-71851b237dee {{(pid=123274) process_request /opt/stack/glance/glance/api/middleware/version_negotiation.py:70}}
Apr 21 02:14:55 ubuntu devstack@g-api.service[123274]: [pid: 123274|app: 0|req: 5/8] 127.0.0.1 () {36 vars in 789 bytes} [Thu Apr 21 02:14:55 2022] GET /v2/images/a46d2bce-44ed-412f-995a-71851b237dee => generated 976 bytes in 58 msecs (HTTP/1.1 200) 4 headers in 157 bytes (1 switches on core 0)
Apr 21 02:14:59 ubuntu devstack@g-api.service[123275]: DEBUG glance.api.middleware.version_negotiation [None req-d9274e91-6b16-489c-98ac-7cb56c2fb532 admin admin] Determining version of request: GET / Accept: application/json {{(pid=123275) process_request /opt/stack/glance/glance/api/middleware/version_negotiation.py:44}}
Apr 21 02:14:59 ubuntu devstack@g-api.service[123275]: DEBUG glance.api.middleware.version_negotiation [None req-d9274e91-6b16-489c-98ac-7cb56c2fb532 admin admin] Using url versioning {{(pid=123275) process_request /opt/stack/glance/glance/api/middleware/version_negotiation.py:57}}
Apr 21 02:14:59 ubuntu devstack@g-api.service[123275]: DEBUG glance.api.middleware.version_negotiation [None req-d9274e91-6b16-489c-98ac-7cb56c2fb532 admin admin] Unknown version. Returning version choices. {{(pid=123275) process_request /opt/stack/glance/glance/api/middleware/version_negotiation.py:64}}
Apr 21 02:14:59 ubuntu devstack@g-api.service[123275]: [pid: 123275|app: 0|req: 4/9] 127.0.0.1 () {34 vars in 506 bytes} [Thu Apr 21 02:14:59 2022] GET / => generated 1213 bytes in 5 msecs (HTTP/1.1 300) 3 headers in 106 bytes (1 switches on core 0)
Apr 21 02:14:59 ubuntu devstack@g-api.service[123274]: DEBUG glance.api.middleware.version_negotiation [None req-b9af676d-f02f-4e8d-8f31-465a96e644c9 admin admin] Determining version of request: GET /v2/images/a46d2bce-44ed-412f-995a-71851b237dee Accept: */* {{(pid=123274) process_request /opt/stack/glance/glance/api/middleware/version_negotiation.py:44}}
Apr 21 02:14:59 ubuntu devstack@g-api.service[123274]: DEBUG glance.api.middleware.version_negotiation [None req-b9af676d-f02f-4e8d-8f31-465a96e644c9 admin admin] Using url versioning {{(pid=123274) process_request /opt/stack/glance/glance/api/middleware/version_negotiation.py:57}}
Apr 21 02:14:59 ubuntu devstack@g-api.service[123274]: DEBUG glance.api.middleware.version_negotiation [None req-b9af676d-f02f-4e8d-8f31-465a96e644c9 admin admin] Matched version: v2 {{(pid=123274) process_request /opt/stack/glance/glance/api/middleware/version_negotiation.py:69}}
Apr 21 02:14:59 ubuntu devstack@g-api.service[123274]: DEBUG glance.api.middleware.version_negotiation [None req-b9af676d-f02f-4e8d-8f31-465a96e644c9 admin admin] new path /v2/images/a46d2bce-44ed-412f-995a-71851b237dee {{(pid=123274) process_request /opt/stack/glance/glance/api/middleware/version_negotiation.py:70}}
Apr 21 02:14:59 ubuntu devstack@g-api.service[123274]: [pid: 123274|app: 0|req: 6/10] 127.0.0.1 () {36 vars in 789 bytes} [Thu Apr 21 02:14:59 2022] GET /v2/images/a46d2bce-44ed-412f-995a-71851b237dee => generated 976 bytes in 51 msecs (HTTP/1.1 200) 4 headers in 157 bytes (1 switches on core 0)
Apr 21 02:16:44 ubuntu devstack@g-api.service[123275]: DEBUG glance.api.middleware.version_negotiation [None req-d9274e91-6b16-489c-98ac-7cb56c2fb532 admin admin] Determining version of request: GET /v1 Accept: application/json {{(pid=123275) process_request /opt/stack/glance/glance/api/middleware/version_negotiation.py:44}}
Apr 21 02:16:44 ubuntu devstack@g-api.service[123275]: DEBUG glance.api.middleware.version_negotiation [None req-d9274e91-6b16-489c-98ac-7cb56c2fb532 admin admin] Using url versioning {{(pid=123275) process_request /opt/stack/glance/glance/api/middleware/version_negotiation.py:57}}
Apr 21 02:16:44 ubuntu devstack@g-api.service[123275]: DEBUG glance.api.middleware.version_negotiation [None req-d9274e91-6b16-489c-98ac-7cb56c2fb532 admin admin] Unknown version. Returning version choices. {{(pid=123275) process_request /opt/stack/glance/glance/api/middleware/version_negotiation.py:64}}
Apr 21 02:16:44 ubuntu devstack@g-api.service[123275]: [pid: 123275|app: 0|req: 5/11] 127.0.0.1 () {38 vars in 685 bytes} [Thu Apr 21 02:16:44 2022] GET /v1 => generated 1213 bytes in 8 msecs (HTTP/1.1 300) 3 headers in 106 bytes (1 switches on core 0)
Apr 21 02:18:48 ubuntu devstack@g-api.service[123275]: DEBUG oslo_concurrency.lockutils [-] Acquired lock "glance-cache" {{(pid=123275) lock /usr/local/lib/python3.8/dist-packages/oslo_concurrency/lockutils.py:294}}
Apr 21 02:18:48 ubuntu devstack@g-api.service[123275]: DEBUG oslo_concurrency.lockutils [-] Acquired external semaphore "glance-cache" {{(pid=123275) lock /usr/local/lib/python3.8/dist-packages/oslo_concurrency/lockutils.py:302}}
Apr 21 02:18:48 ubuntu devstack@g-api.service[123275]: DEBUG glance.image_cache.prefetcher [-] Nothing to prefetch. {{(pid=123275) run /opt/stack/glance/glance/image_cache/prefetcher.py:79}}
Apr 21 02:18:48 ubuntu devstack@g-api.service[123275]: DEBUG oslo_concurrency.lockutils [-] Releasing lock "glance-cache" {{(pid=123275) lock /usr/local/lib/python3.8/dist-packages/oslo_concurrency/lockutils.py:312}}
Apr 21 02:18:48 ubuntu devstack@g-api.service[123274]: DEBUG oslo_concurrency.lockutils [-] Acquired lock "glance-cache" {{(pid=123274) lock /usr/local/lib/python3.8/dist-packages/oslo_concurrency/lockutils.py:294}}
Apr 21 02:18:48 ubuntu devstack@g-api.service[123274]: DEBUG oslo_concurrency.lockutils [-] Acquired external semaphore "glance-cache" {{(pid=123274) lock /usr/local/lib/python3.8/dist-packages/oslo_concurrency/lockutils.py:302}}
Apr 21 02:18:48 ubuntu devstack@g-api.service[123274]: DEBUG glance.image_cache.prefetcher [-] Nothing to prefetch. {{(pid=123274) run /opt/stack/glance/glance/image_cache/prefetcher.py:79}}
Apr 21 02:18:48 ubuntu devstack@g-api.service[123274]: DEBUG oslo_concurrency.lockutils [-] Releasing lock "glance-cache" {{(pid=123274) lock /usr/local/lib/python3.8/dist-packages/oslo_concurrency/lockutils.py:312}}
Apr 21 02:19:07 ubuntu devstack@g-api.service[123274]: DEBUG glance.api.middleware.version_negotiation [None req-1722ff87-fa67-407a-806d-ed72c61cafcc admin admin] Determining version of request: GET /versions Accept: */* {{(pid=123274) process_request /opt/stack/glance/glance/api/middleware/version_negotiation.py:44}}
Apr 21 02:19:07 ubuntu devstack@g-api.service[123274]: [pid: 123274|app: 0|req: 7/12] 127.0.0.1 () {38 vars in 695 bytes} [Thu Apr 21 02:19:07 2022] GET /versions => generated 1213 bytes in 4 msecs (HTTP/1.1 200) 3 headers in 92 bytes (1 switches on core 0)
Apr 21 02:19:07 ubuntu devstack@g-api.service[123275]: DEBUG glance.api.middleware.version_negotiation [None req-d9274e91-6b16-489c-98ac-7cb56c2fb532 admin admin] Determining version of request: GET /v2/schemas/image Accept: */* {{(pid=123275) process_request /opt/stack/glance/glance/api/middleware/version_negotiation.py:44}}
Apr 21 02:19:07 ubuntu devstack@g-api.service[123275]: DEBUG glance.api.middleware.version_negotiation [None req-d9274e91-6b16-489c-98ac-7cb56c2fb532 admin admin] Using url versioning {{(pid=123275) process_request /opt/stack/glance/glance/api/middleware/version_negotiation.py:57}}
Apr 21 02:19:07 ubuntu devstack@g-api.service[123275]: DEBUG glance.api.middleware.version_negotiation [None req-d9274e91-6b16-489c-98ac-7cb56c2fb532 admin admin] Matched version: v2 {{(pid=123275) process_request /opt/stack/glance/glance/api/middleware/version_negotiation.py:69}}
Apr 21 02:19:07 ubuntu devstack@g-api.service[123275]: DEBUG glance.api.middleware.version_negotiation [None req-d9274e91-6b16-489c-98ac-7cb56c2fb532 admin admin] new path /v2/schemas/image {{(pid=123275) process_request /opt/stack/glance/glance/api/middleware/version_negotiation.py:70}}
Apr 21 02:19:08 ubuntu devstack@g-api.service[123275]: [pid: 123275|app: 0|req: 6/13] 127.0.0.1 () {38 vars in 711 bytes} [Thu Apr 21 02:19:07 2022] GET /v2/schemas/image => generated 6083 bytes in 94 msecs (HTTP/1.1 200) 4 headers in 158 bytes (1 switches on core 0)
Apr 21 02:19:08 ubuntu devstack@g-api.service[123274]: DEBUG glance.api.middleware.version_negotiation [None req-1722ff87-fa67-407a-806d-ed72c61cafcc admin admin] Determining version of request: GET /v2/schemas/metadefs/namespace Accept: */* {{(pid=123274) process_request /opt/stack/glance/glance/api/middleware/version_negotiation.py:44}}
Apr 21 02:19:08 ubuntu devstack@g-api.service[123274]: DEBUG glance.api.middleware.version_negotiation [None req-1722ff87-fa67-407a-806d-ed72c61cafcc admin admin] Using url versioning {{(pid=123274) process_request /opt/stack/glance/glance/api/middleware/version_negotiation.py:57}}
Apr 21 02:19:08 ubuntu devstack@g-api.service[123274]: DEBUG glance.api.middleware.version_negotiation [None req-1722ff87-fa67-407a-806d-ed72c61cafcc admin admin] Matched version: v2 {{(pid=123274) process_request /opt/stack/glance/glance/api/middleware/version_negotiation.py:69}}
Apr 21 02:19:08 ubuntu devstack@g-api.service[123274]: DEBUG glance.api.middleware.version_negotiation [None req-1722ff87-fa67-407a-806d-ed72c61cafcc admin admin] new path /v2/schemas/metadefs/namespace {{(pid=123274) process_request /opt/stack/glance/glance/api/middleware/version_negotiation.py:70}}
Apr 21 02:19:08 ubuntu devstack@g-api.service[123274]: [pid: 123274|app: 0|req: 8/14] 127.0.0.1 () {38 vars in 737 bytes} [Thu Apr 21 02:19:08 2022] GET /v2/schemas/metadefs/namespace => generated 3100 bytes in 8 msecs (HTTP/1.1 200) 4 headers in 158 bytes (1 switches on core 0)
Apr 21 02:19:08 ubuntu devstack@g-api.service[123275]: DEBUG glance.api.middleware.version_negotiation [None req-37b112f3-92f3-46f6-add6-96021a247d3d admin admin] Determining version of request: GET /v2/schemas/metadefs/resource_type Accept: */* {{(pid=123275) process_request /opt/stack/glance/glance/api/middleware/version_negotiation.py:44}}
Apr 21 02:19:08 ubuntu devstack@g-api.service[123275]: DEBUG glance.api.middleware.version_negotiation [None req-37b112f3-92f3-46f6-add6-96021a247d3d admin admin] Using url versioning {{(pid=123275) process_request /opt/stack/glance/glance/api/middleware/version_negotiation.py:57}}
Apr 21 02:19:08 ubuntu devstack@g-api.service[123275]: DEBUG glance.api.middleware.version_negotiation [None req-37b112f3-92f3-46f6-add6-96021a247d3d admin admin] Matched version: v2 {{(pid=123275) process_request /opt/stack/glance/glance/api/middleware/version_negotiation.py:69}}
Apr 21 02:19:08 ubuntu devstack@g-api.service[123275]: DEBUG glance.api.middleware.version_negotiation [None req-37b112f3-92f3-46f6-add6-96021a247d3d admin admin] new path /v2/schemas/metadefs/resource_type {{(pid=123275) process_request /opt/stack/glance/glance/api/middleware/version_negotiation.py:70}}
Apr 21 02:19:08 ubuntu devstack@g-api.service[123275]: [pid: 123275|app: 0|req: 7/15] 127.0.0.1 () {38 vars in 745 bytes} [Thu Apr 21 02:19:08 2022] GET /v2/schemas/metadefs/resource_type => generated 1262 bytes in 6 msecs (HTTP/1.1 200) 4 headers in 158 bytes (1 switches on core 0)
Apr 21 02:19:08 ubuntu devstack@g-api.service[123274]: DEBUG glance.api.middleware.version_negotiation [None req-a9a5ad68-942a-4cd1-b3b0-04d73d7aa101 admin admin] Determining version of request: GET /v2/images Accept: */* {{(pid=123274) process_request /opt/stack/glance/glance/api/middleware/version_negotiation.py:44}}
Apr 21 02:19:08 ubuntu devstack@g-api.service[123274]: DEBUG glance.api.middleware.version_negotiation [None req-a9a5ad68-942a-4cd1-b3b0-04d73d7aa101 admin admin] Using url versioning {{(pid=123274) process_request /opt/stack/glance/glance/api/middleware/version_negotiation.py:57}}
Apr 21 02:19:08 ubuntu devstack@g-api.service[123274]: DEBUG glance.api.middleware.version_negotiation [None req-a9a5ad68-942a-4cd1-b3b0-04d73d7aa101 admin admin] Matched version: v2 {{(pid=123274) process_request /opt/stack/glance/glance/api/middleware/version_negotiation.py:69}}
Apr 21 02:19:08 ubuntu devstack@g-api.service[123274]: DEBUG glance.api.middleware.version_negotiation [None req-a9a5ad68-942a-4cd1-b3b0-04d73d7aa101 admin admin] new path /v2/images {{(pid=123274) process_request /opt/stack/glance/glance/api/middleware/version_negotiation.py:70}}
Apr 21 02:19:08 ubuntu devstack@g-api.service[123274]: [pid: 123274|app: 0|req: 9/16] 127.0.0.1 () {38 vars in 768 bytes} [Thu Apr 21 02:19:08 2022] GET /v2/images?limit=20&sort_key=name&sort_dir=asc => generated 1081 bytes in 64 msecs (HTTP/1.1 200) 4 headers in 158 bytes (1 switches on core 0)
Apr 21 02:19:08 ubuntu devstack@g-api.service[123275]: DEBUG glance.api.middleware.version_negotiation [None req-bd5fc488-fa57-4064-99b4-567aa4c543df admin admin] Determining version of request: GET /v2/schemas/image Accept: */* {{(pid=123275) process_request /opt/stack/glance/glance/api/middleware/version_negotiation.py:44}}
Apr 21 02:19:08 ubuntu devstack@g-api.service[123275]: DEBUG glance.api.middleware.version_negotiation [None req-bd5fc488-fa57-4064-99b4-567aa4c543df admin admin] Using url versioning {{(pid=123275) process_request /opt/stack/glance/glance/api/middleware/version_negotiation.py:57}}
Apr 21 02:19:08 ubuntu devstack@g-api.service[123275]: DEBUG glance.api.middleware.version_negotiation [None req-bd5fc488-fa57-4064-99b4-567aa4c543df admin admin] Matched version: v2 {{(pid=123275) process_request /opt/stack/glance/glance/api/middleware/version_negotiation.py:69}}
Apr 21 02:19:08 ubuntu devstack@g-api.service[123275]: DEBUG glance.api.middleware.version_negotiation [None req-bd5fc488-fa57-4064-99b4-567aa4c543df admin admin] new path /v2/schemas/image {{(pid=123275) process_request /opt/stack/glance/glance/api/middleware/version_negotiation.py:70}}
Apr 21 02:19:08 ubuntu devstack@g-api.service[123275]: [pid: 123275|app: 0|req: 8/17] 127.0.0.1 () {38 vars in 711 bytes} [Thu Apr 21 02:19:08 2022] GET /v2/schemas/image => generated 6083 bytes in 9 msecs (HTTP/1.1 200) 4 headers in 158 bytes (1 switches on core 0)
Apr 21 02:19:18 ubuntu devstack@g-api.service[123274]: DEBUG glance.api.middleware.version_negotiation [None req-d12922ec-1441-4bd8-b5fc-c16ad838fee6 admin admin] Determining version of request: GET / Accept: application/json {{(pid=123274) process_request /opt/stack/glance/glance/api/middleware/version_negotiation.py:44}}
Apr 21 02:19:18 ubuntu devstack@g-api.service[123274]: DEBUG glance.api.middleware.version_negotiation [None req-d12922ec-1441-4bd8-b5fc-c16ad838fee6 admin admin] Using url versioning {{(pid=123274) process_request /opt/stack/glance/glance/api/middleware/version_negotiation.py:57}}
Apr 21 02:19:18 ubuntu devstack@g-api.service[123274]: DEBUG glance.api.middleware.version_negotiation [None req-d12922ec-1441-4bd8-b5fc-c16ad838fee6 admin admin] Unknown version. Returning version choices. {{(pid=123274) process_request /opt/stack/glance/glance/api/middleware/version_negotiation.py:64}}
Apr 21 02:19:18 ubuntu devstack@g-api.service[123274]: [pid: 123274|app: 0|req: 10/18] 127.0.0.1 () {34 vars in 492 bytes} [Thu Apr 21 02:19:18 2022] GET / => generated 1213 bytes in 6 msecs (HTTP/1.1 300) 3 headers in 106 bytes (1 switches on core 0)
Apr 21 02:19:18 ubuntu devstack@g-api.service[123275]: DEBUG glance.api.middleware.version_negotiation [None req-2e89f84f-7ff8-45d0-85d2-5dc783ee7189 admin admin] Determining version of request: GET /v2/images/a46d2bce-44ed-412f-995a-71851b237dee Accept: */* {{(pid=123275) process_request /opt/stack/glance/glance/api/middleware/version_negotiation.py:44}}
Apr 21 02:19:18 ubuntu devstack@g-api.service[123275]: DEBUG glance.api.middleware.version_negotiation [None req-2e89f84f-7ff8-45d0-85d2-5dc783ee7189 admin admin] Using url versioning {{(pid=123275) process_request /opt/stack/glance/glance/api/middleware/version_negotiation.py:57}}
Apr 21 02:19:18 ubuntu devstack@g-api.service[123275]: DEBUG glance.api.middleware.version_negotiation [None req-2e89f84f-7ff8-45d0-85d2-5dc783ee7189 admin admin] Matched version: v2 {{(pid=123275) process_request /opt/stack/glance/glance/api/middleware/version_negotiation.py:69}}
Apr 21 02:19:18 ubuntu devstack@g-api.service[123275]: DEBUG glance.api.middleware.version_negotiation [None req-2e89f84f-7ff8-45d0-85d2-5dc783ee7189 admin admin] new path /v2/images/a46d2bce-44ed-412f-995a-71851b237dee {{(pid=123275) process_request /opt/stack/glance/glance/api/middleware/version_negotiation.py:70}}
Apr 21 02:19:18 ubuntu devstack@g-api.service[123275]: WARNING keystonemiddleware.auth_token [None req-2e89f84f-7ff8-45d0-85d2-5dc783ee7189 admin admin] A valid token was submitted as a service token, but it was not a valid service token. This is incorrect but backwards compatible behaviour. This will be removed in future releases.
Apr 21 02:19:18 ubuntu devstack@g-api.service[123275]: [pid: 123275|app: 0|req: 9/19] 127.0.0.1 () {42 vars in 1049 bytes} [Thu Apr 21 02:19:18 2022] GET /v2/images/a46d2bce-44ed-412f-995a-71851b237dee => generated 976 bytes in 98 msecs (HTTP/1.1 200) 4 headers in 157 bytes (1 switches on core 0)
Apr 21 02:19:18 ubuntu devstack@g-api.service[123274]: DEBUG glance.api.middleware.version_negotiation [None req-d12922ec-1441-4bd8-b5fc-c16ad838fee6 admin admin] Determining version of request: GET /v2/schemas/image Accept: */* {{(pid=123274) process_request /opt/stack/glance/glance/api/middleware/version_negotiation.py:44}}
Apr 21 02:19:18 ubuntu devstack@g-api.service[123274]: DEBUG glance.api.middleware.version_negotiation [None req-d12922ec-1441-4bd8-b5fc-c16ad838fee6 admin admin] Using url versioning {{(pid=123274) process_request /opt/stack/glance/glance/api/middleware/version_negotiation.py:57}}
Apr 21 02:19:18 ubuntu devstack@g-api.service[123274]: DEBUG glance.api.middleware.version_negotiation [None req-d12922ec-1441-4bd8-b5fc-c16ad838fee6 admin admin] Matched version: v2 {{(pid=123274) process_request /opt/stack/glance/glance/api/middleware/version_negotiation.py:69}}
Apr 21 02:19:18 ubuntu devstack@g-api.service[123274]: DEBUG glance.api.middleware.version_negotiation [None req-d12922ec-1441-4bd8-b5fc-c16ad838fee6 admin admin] new path /v2/schemas/image {{(pid=123274) process_request /opt/stack/glance/glance/api/middleware/version_negotiation.py:70}}
Apr 21 02:19:18 ubuntu devstack@g-api.service[123274]: WARNING keystonemiddleware.auth_token [None req-d12922ec-1441-4bd8-b5fc-c16ad838fee6 admin admin] A valid token was submitted as a service token, but it was not a valid service token. This is incorrect but backwards compatible behaviour. This will be removed in future releases.
Apr 21 02:19:18 ubuntu devstack@g-api.service[123274]: [pid: 123274|app: 0|req: 11/20] 127.0.0.1 () {42 vars in 989 bytes} [Thu Apr 21 02:19:18 2022] GET /v2/schemas/image => generated 6083 bytes in 6 msecs (HTTP/1.1 200) 4 headers in 158 bytes (1 switches on core 0)
Apr 21 02:19:21 ubuntu devstack@g-api.service[123275]: DEBUG glance.api.middleware.version_negotiation [None req-d5d7de37-78e0-40fb-ba97-d820012e4433 tempest-UpdateMultiattachVolumeNegativeTest-1101127004 tempest-UpdateMultiattachVolumeNegativeTest-1101127004-project] Determining version of request: GET /v2/images/a46d2bce-44ed-412f-995a-71851b237dee Accept: */* {{(pid=123275) process_request /opt/stack/glance/glance/api/middleware/version_negotiation.py:44}}
Apr 21 02:19:21 ubuntu devstack@g-api.service[123275]: DEBUG glance.api.middleware.version_negotiation [None req-d5d7de37-78e0-40fb-ba97-d820012e4433 tempest-UpdateMultiattachVolumeNegativeTest-1101127004 tempest-UpdateMultiattachVolumeNegativeTest-1101127004-project] Using url versioning {{(pid=123275) process_request /opt/stack/glance/glance/api/middleware/version_negotiation.py:57}}
Apr 21 02:19:21 ubuntu devstack@g-api.service[123275]: DEBUG glance.api.middleware.version_negotiation [None req-d5d7de37-78e0-40fb-ba97-d820012e4433 tempest-UpdateMultiattachVolumeNegativeTest-1101127004 tempest-UpdateMultiattachVolumeNegativeTest-1101127004-project] Matched version: v2 {{(pid=123275) process_request /opt/stack/glance/glance/api/middleware/version_negotiation.py:69}}
Apr 21 02:19:21 ubuntu devstack@g-api.service[123275]: DEBUG glance.api.middleware.version_negotiation [None req-d5d7de37-78e0-40fb-ba97-d820012e4433 tempest-UpdateMultiattachVolumeNegativeTest-1101127004 tempest-UpdateMultiattachVolumeNegativeTest-1101127004-project] new path /v2/images/a46d2bce-44ed-412f-995a-71851b237dee {{(pid=123275) process_request /opt/stack/glance/glance/api/middleware/version_negotiation.py:70}}
Apr 21 02:19:21 ubuntu devstack@g-api.service[123275]: [pid: 123275|app: 0|req: 10/21] 127.0.0.1 () {42 vars in 1049 bytes} [Thu Apr 21 02:19:21 2022] GET /v2/images/a46d2bce-44ed-412f-995a-71851b237dee => generated 976 bytes in 65 msecs (HTTP/1.1 200) 4 headers in 157 bytes (1 switches on core 0)
Apr 21 02:19:21 ubuntu devstack@g-api.service[123274]: DEBUG glance.api.middleware.version_negotiation [None req-d5d7de37-78e0-40fb-ba97-d820012e4433 tempest-UpdateMultiattachVolumeNegativeTest-1101127004 tempest-UpdateMultiattachVolumeNegativeTest-1101127004-project] Determining version of request: GET /v2/images/a46d2bce-44ed-412f-995a-71851b237dee/file Accept: */* {{(pid=123274) process_request /opt/stack/glance/glance/api/middleware/version_negotiation.py:44}}
Apr 21 02:19:21 ubuntu devstack@g-api.service[123274]: DEBUG glance.api.middleware.version_negotiation [None req-d5d7de37-78e0-40fb-ba97-d820012e4433 tempest-UpdateMultiattachVolumeNegativeTest-1101127004 tempest-UpdateMultiattachVolumeNegativeTest-1101127004-project] Using url versioning {{(pid=123274) process_request /opt/stack/glance/glance/api/middleware/version_negotiation.py:57}}
Apr 21 02:19:21 ubuntu devstack@g-api.service[123274]: DEBUG glance.api.middleware.version_negotiation [None req-d5d7de37-78e0-40fb-ba97-d820012e4433 tempest-UpdateMultiattachVolumeNegativeTest-1101127004 tempest-UpdateMultiattachVolumeNegativeTest-1101127004-project] Matched version: v2 {{(pid=123274) process_request /opt/stack/glance/glance/api/middleware/version_negotiation.py:69}}
Apr 21 02:19:21 ubuntu devstack@g-api.service[123274]: DEBUG glance.api.middleware.version_negotiation [None req-d5d7de37-78e0-40fb-ba97-d820012e4433 tempest-UpdateMultiattachVolumeNegativeTest-1101127004 tempest-UpdateMultiattachVolumeNegativeTest-1101127004-project] new path /v2/images/a46d2bce-44ed-412f-995a-71851b237dee/file {{(pid=123274) process_request /opt/stack/glance/glance/api/middleware/version_negotiation.py:70}}
Apr 21 02:19:21 ubuntu devstack@g-api.service[123274]: DEBUG glance_store.backend [None req-d5d7de37-78e0-40fb-ba97-d820012e4433 tempest-UpdateMultiattachVolumeNegativeTest-1101127004 tempest-UpdateMultiattachVolumeNegativeTest-1101127004-project] Attempting to import store swift {{(pid=123274) _load_store /usr/local/lib/python3.8/dist-packages/glance_store/backend.py:217}}
Apr 21 02:19:21 ubuntu devstack@g-api.service[123274]: DEBUG glance_store.capabilities [None req-d5d7de37-78e0-40fb-ba97-d820012e4433 tempest-UpdateMultiattachVolumeNegativeTest-1101127004 tempest-UpdateMultiattachVolumeNegativeTest-1101127004-project] Store glance_store._drivers.swift.store.SingleTenantStore doesn't support updating dynamic storage capabilities. Please overwrite 'update_capabilities' method of the store to implement updating logics if needed. {{(pid=123274) update_capabilities /usr/local/lib/python3.8/dist-packages/glance_store/capabilities.py:91}}
Apr 21 02:19:21 ubuntu devstack@g-api.service[123274]: DEBUG glance_store.driver [None req-d5d7de37-78e0-40fb-ba97-d820012e4433 tempest-UpdateMultiattachVolumeNegativeTest-1101127004 tempest-UpdateMultiattachVolumeNegativeTest-1101127004-project] Late loading location class glance_store._drivers.swift.store.StoreLocation {{(pid=123274) get_store_location_class /usr/local/lib/python3.8/dist-packages/glance_store/driver.py:117}}
Apr 21 02:19:21 ubuntu devstack@g-api.service[123274]: DEBUG glance_store.location [None req-d5d7de37-78e0-40fb-ba97-d820012e4433 tempest-UpdateMultiattachVolumeNegativeTest-1101127004 tempest-UpdateMultiattachVolumeNegativeTest-1101127004-project] Registering scheme swift+https with {'store': <glance_store._drivers.swift.store.SingleTenantStore object at 0x7f75fa780f70>, 'location_class': <class 'glance_store._drivers.swift.store.StoreLocation'>, 'store_entry': 'swift'} {{(pid=123274) register_scheme_map /usr/local/lib/python3.8/dist-packages/glance_store/location.py:146}}
Apr 21 02:19:21 ubuntu devstack@g-api.service[123274]: DEBUG glance_store.location [None req-d5d7de37-78e0-40fb-ba97-d820012e4433 tempest-UpdateMultiattachVolumeNegativeTest-1101127004 tempest-UpdateMultiattachVolumeNegativeTest-1101127004-project] Registering scheme swift+https with {'store': <glance_store._drivers.swift.store.SingleTenantStore object at 0x7f75fa780f70>, 'location_class': <class 'glance_store._drivers.swift.store.StoreLocation'>, 'store_entry': 'swift'} {{(pid=123274) register_scheme_map /usr/local/lib/python3.8/dist-packages/glance_store/location.py:146}}
Apr 21 02:19:21 ubuntu devstack@g-api.service[123274]: DEBUG glance_store.location [None req-d5d7de37-78e0-40fb-ba97-d820012e4433 tempest-UpdateMultiattachVolumeNegativeTest-1101127004 tempest-UpdateMultiattachVolumeNegativeTest-1101127004-project] Registering scheme swift with {'store': <glance_store._drivers.swift.store.SingleTenantStore object at 0x7f75fa780f70>, 'location_class': <class 'glance_store._drivers.swift.store.StoreLocation'>, 'store_entry': 'swift'} {{(pid=123274) register_scheme_map /usr/local/lib/python3.8/dist-packages/glance_store/location.py:146}}
Apr 21 02:19:21 ubuntu devstack@g-api.service[123274]: DEBUG glance_store.location [None req-d5d7de37-78e0-40fb-ba97-d820012e4433 tempest-UpdateMultiattachVolumeNegativeTest-1101127004 tempest-UpdateMultiattachVolumeNegativeTest-1101127004-project] Registering scheme swift+https with {'store': <glance_store._drivers.swift.store.SingleTenantStore object at 0x7f75fa780f70>, 'location_class': <class 'glance_store._drivers.swift.store.StoreLocation'>, 'store_entry': 'swift'} {{(pid=123274) register_scheme_map /usr/local/lib/python3.8/dist-packages/glance_store/location.py:146}}
Apr 21 02:19:21 ubuntu devstack@g-api.service[123274]: DEBUG glance_store.location [None req-d5d7de37-78e0-40fb-ba97-d820012e4433 tempest-UpdateMultiattachVolumeNegativeTest-1101127004 tempest-UpdateMultiattachVolumeNegativeTest-1101127004-project] Registering scheme swift with {'store': <glance_store._drivers.swift.store.SingleTenantStore object at 0x7f75fa780f70>, 'location_class': <class 'glance_store._drivers.swift.store.StoreLocation'>, 'store_entry': 'swift'} {{(pid=123274) register_scheme_map /usr/local/lib/python3.8/dist-packages/glance_store/location.py:146}}
Apr 21 02:19:21 ubuntu devstack@g-api.service[123274]: DEBUG glance_store.location [None req-d5d7de37-78e0-40fb-ba97-d820012e4433 tempest-UpdateMultiattachVolumeNegativeTest-1101127004 tempest-UpdateMultiattachVolumeNegativeTest-1101127004-project] Registering scheme swift+http with {'store': <glance_store._drivers.swift.store.SingleTenantStore object at 0x7f75fa780f70>, 'location_class': <class 'glance_store._drivers.swift.store.StoreLocation'>, 'store_entry': 'swift'} {{(pid=123274) register_scheme_map /usr/local/lib/python3.8/dist-packages/glance_store/location.py:146}}
Apr 21 02:19:21 ubuntu devstack@g-api.service[123274]: DEBUG glance_store.location [None req-d5d7de37-78e0-40fb-ba97-d820012e4433 tempest-UpdateMultiattachVolumeNegativeTest-1101127004 tempest-UpdateMultiattachVolumeNegativeTest-1101127004-project] Registering scheme swift+https with {'store': <glance_store._drivers.swift.store.SingleTenantStore object at 0x7f75fa780f70>, 'location_class': <class 'glance_store._drivers.swift.store.StoreLocation'>, 'store_entry': 'swift'} {{(pid=123274) register_scheme_map /usr/local/lib/python3.8/dist-packages/glance_store/location.py:146}}
Apr 21 02:19:21 ubuntu devstack@g-api.service[123274]: DEBUG glance_store.location [None req-d5d7de37-78e0-40fb-ba97-d820012e4433 tempest-UpdateMultiattachVolumeNegativeTest-1101127004 tempest-UpdateMultiattachVolumeNegativeTest-1101127004-project] Registering scheme swift with {'store': <glance_store._drivers.swift.store.SingleTenantStore object at 0x7f75fa780f70>, 'location_class': <class 'glance_store._drivers.swift.store.StoreLocation'>, 'store_entry': 'swift'} {{(pid=123274) register_scheme_map /usr/local/lib/python3.8/dist-packages/glance_store/location.py:146}}
Apr 21 02:19:21 ubuntu devstack@g-api.service[123274]: DEBUG glance_store.location [None req-d5d7de37-78e0-40fb-ba97-d820012e4433 tempest-UpdateMultiattachVolumeNegativeTest-1101127004 tempest-UpdateMultiattachVolumeNegativeTest-1101127004-project] Registering scheme swift+http with {'store': <glance_store._drivers.swift.store.SingleTenantStore object at 0x7f75fa780f70>, 'location_class': <class 'glance_store._drivers.swift.store.StoreLocation'>, 'store_entry': 'swift'} {{(pid=123274) register_scheme_map /usr/local/lib/python3.8/dist-packages/glance_store/location.py:146}}
Apr 21 02:19:21 ubuntu devstack@g-api.service[123274]: DEBUG glance_store.location [None req-d5d7de37-78e0-40fb-ba97-d820012e4433 tempest-UpdateMultiattachVolumeNegativeTest-1101127004 tempest-UpdateMultiattachVolumeNegativeTest-1101127004-project] Registering scheme swift+config with {'store': <glance_store._drivers.swift.store.SingleTenantStore object at 0x7f75fa780f70>, 'location_class': <class 'glance_store._drivers.swift.store.StoreLocation'>, 'store_entry': 'swift'} {{(pid=123274) register_scheme_map /usr/local/lib/python3.8/dist-packages/glance_store/location.py:146}}
Apr 21 02:19:21 ubuntu devstack@g-api.service[123274]: DEBUG swiftclient [None req-d5d7de37-78e0-40fb-ba97-d820012e4433 tempest-UpdateMultiattachVolumeNegativeTest-1101127004 tempest-UpdateMultiattachVolumeNegativeTest-1101127004-project] REQ: curl -i http://192.168.79.49:8080/v1/AUTH_ae621ec520c54b7db9087cbfbacdf224/glance/a46d2bce-44ed-412f-995a-71851b237dee -X GET -H "X-Auth-Token: gAAAAABiYL8pl1SY..." {{(pid=123274) http_log /usr/local/lib/python3.8/dist-packages/swiftclient/client.py:187}}
Apr 21 02:19:21 ubuntu devstack@g-api.service[123274]: DEBUG swiftclient [None req-d5d7de37-78e0-40fb-ba97-d820012e4433 tempest-UpdateMultiattachVolumeNegativeTest-1101127004 tempest-UpdateMultiattachVolumeNegativeTest-1101127004-project] RESP STATUS: 200 OK {{(pid=123274) http_log /usr/local/lib/python3.8/dist-packages/swiftclient/client.py:188}}
Apr 21 02:19:21 ubuntu devstack@g-api.service[123274]: DEBUG swiftclient [None req-d5d7de37-78e0-40fb-ba97-d820012e4433 tempest-UpdateMultiattachVolumeNegativeTest-1101127004 tempest-UpdateMultiattachVolumeNegativeTest-1101127004-project] RESP HEADERS: {'Content-Type': 'application/octet-stream', 'Etag': '1d3062cd89af34e419f7100277f38b2b', 'Last-Modified': 'Thu, 21 Apr 2022 02:14:00 GMT', 'X-Timestamp': '1650507239.14926', 'Accept-Ranges': 'bytes', 'Content-Length': '16338944', 'X-Trans-Id': 'tx4104b78f9d1e4a2da498f-006260bf29', 'X-Openstack-Request-Id': 'tx4104b78f9d1e4a2da498f-006260bf29', 'Date': 'Thu, 21 Apr 2022 02:19:21 GMT'} {{(pid=123274) http_log /usr/local/lib/python3.8/dist-packages/swiftclient/client.py:189}}
Apr 21 02:19:21 ubuntu devstack@g-api.service[123274]: DEBUG glance.image_cache [None req-d5d7de37-78e0-40fb-ba97-d820012e4433 tempest-UpdateMultiattachVolumeNegativeTest-1101127004 tempest-UpdateMultiattachVolumeNegativeTest-1101127004-project] Tee'ing image 'a46d2bce-44ed-412f-995a-71851b237dee' into cache {{(pid=123274) get_caching_iter /opt/stack/glance/glance/image_cache/__init__.py:343}}
Apr 21 02:19:21 ubuntu devstack@g-api.service[123274]: DEBUG glance.image_cache.drivers.sqlite [None req-d5d7de37-78e0-40fb-ba97-d820012e4433 tempest-UpdateMultiattachVolumeNegativeTest-1101127004 tempest-UpdateMultiattachVolumeNegativeTest-1101127004-project] Fetch finished, moving '/opt/stack/data/glance/cache/incomplete/a46d2bce-44ed-412f-995a-71851b237dee' to '/opt/stack/data/glance/cache/a46d2bce-44ed-412f-995a-71851b237dee' {{(pid=123274) commit /opt/stack/glance/glance/image_cache/drivers/sqlite.py:324}}
Apr 21 02:19:21 ubuntu devstack@g-api.service[123274]: [pid: 123274|app: 0|req: 12/22] 127.0.0.1 () {42 vars in 1059 bytes} [Thu Apr 21 02:19:21 2022] GET /v2/images/a46d2bce-44ed-412f-995a-71851b237dee/file => generated 16338944 bytes in 394 msecs (HTTP/1.1 200) 4 headers in 191 bytes (250 switches on core 0)
Apr 21 02:19:29 ubuntu devstack@g-api.service[123275]: DEBUG glance.api.middleware.version_negotiation [None req-d5d7de37-78e0-40fb-ba97-d820012e4433 tempest-UpdateMultiattachVolumeNegativeTest-1101127004 tempest-UpdateMultiattachVolumeNegativeTest-1101127004-project] Determining version of request: GET / Accept: application/json {{(pid=123275) process_request /opt/stack/glance/glance/api/middleware/version_negotiation.py:44}}
Apr 21 02:19:29 ubuntu devstack@g-api.service[123275]: DEBUG glance.api.middleware.version_negotiation [None req-d5d7de37-78e0-40fb-ba97-d820012e4433 tempest-UpdateMultiattachVolumeNegativeTest-1101127004 tempest-UpdateMultiattachVolumeNegativeTest-1101127004-project] Using url versioning {{(pid=123275) process_request /opt/stack/glance/glance/api/middleware/version_negotiation.py:57}}
Apr 21 02:19:29 ubuntu devstack@g-api.service[123275]: DEBUG glance.api.middleware.version_negotiation [None req-d5d7de37-78e0-40fb-ba97-d820012e4433 tempest-UpdateMultiattachVolumeNegativeTest-1101127004 tempest-UpdateMultiattachVolumeNegativeTest-1101127004-project] Unknown version. Returning version choices. {{(pid=123275) process_request /opt/stack/glance/glance/api/middleware/version_negotiation.py:64}}
Apr 21 02:19:29 ubuntu devstack@g-api.service[123275]: [pid: 123275|app: 0|req: 11/23] 127.0.0.1 () {34 vars in 492 bytes} [Thu Apr 21 02:19:29 2022] GET / => generated 1213 bytes in 2 msecs (HTTP/1.1 300) 3 headers in 106 bytes (1 switches on core 0)
Apr 21 02:19:29 ubuntu devstack@g-api.service[123274]: DEBUG glance.api.middleware.version_negotiation [None req-d5d7de37-78e0-40fb-ba97-d820012e4433 tempest-UpdateMultiattachVolumeNegativeTest-1101127004 tempest-UpdateMultiattachVolumeNegativeTest-1101127004-project] Determining version of request: GET /v2/images/a46d2bce-44ed-412f-995a-71851b237dee Accept: */* {{(pid=123274) process_request /opt/stack/glance/glance/api/middleware/version_negotiation.py:44}}
Apr 21 02:19:29 ubuntu devstack@g-api.service[123274]: DEBUG glance.api.middleware.version_negotiation [None req-d5d7de37-78e0-40fb-ba97-d820012e4433 tempest-UpdateMultiattachVolumeNegativeTest-1101127004 tempest-UpdateMultiattachVolumeNegativeTest-1101127004-project] Using url versioning {{(pid=123274) process_request /opt/stack/glance/glance/api/middleware/version_negotiation.py:57}}
Apr 21 02:19:29 ubuntu devstack@g-api.service[123274]: DEBUG glance.api.middleware.version_negotiation [None req-d5d7de37-78e0-40fb-ba97-d820012e4433 tempest-UpdateMultiattachVolumeNegativeTest-1101127004 tempest-UpdateMultiattachVolumeNegativeTest-1101127004-project] Matched version: v2 {{(pid=123274) process_request /opt/stack/glance/glance/api/middleware/version_negotiation.py:69}}
Apr 21 02:19:29 ubuntu devstack@g-api.service[123274]: DEBUG glance.api.middleware.version_negotiation [None req-d5d7de37-78e0-40fb-ba97-d820012e4433 tempest-UpdateMultiattachVolumeNegativeTest-1101127004 tempest-UpdateMultiattachVolumeNegativeTest-1101127004-project] new path /v2/images/a46d2bce-44ed-412f-995a-71851b237dee {{(pid=123274) process_request /opt/stack/glance/glance/api/middleware/version_negotiation.py:70}}
Apr 21 02:19:29 ubuntu devstack@g-api.service[123274]: [pid: 123274|app: 0|req: 13/24] 127.0.0.1 () {42 vars in 1049 bytes} [Thu Apr 21 02:19:29 2022] GET /v2/images/a46d2bce-44ed-412f-995a-71851b237dee => generated 976 bytes in 23 msecs (HTTP/1.1 200) 4 headers in 157 bytes (1 switches on core 0)
Apr 21 02:19:29 ubuntu devstack@g-api.service[123275]: DEBUG glance.api.middleware.version_negotiation [None req-d5d7de37-78e0-40fb-ba97-d820012e4433 tempest-UpdateMultiattachVolumeNegativeTest-1101127004 tempest-UpdateMultiattachVolumeNegativeTest-1101127004-project] Determining version of request: GET /v2/schemas/image Accept: */* {{(pid=123275) process_request /opt/stack/glance/glance/api/middleware/version_negotiation.py:44}}
Apr 21 02:19:29 ubuntu devstack@g-api.service[123275]: DEBUG glance.api.middleware.version_negotiation [None req-d5d7de37-78e0-40fb-ba97-d820012e4433 tempest-UpdateMultiattachVolumeNegativeTest-1101127004 tempest-UpdateMultiattachVolumeNegativeTest-1101127004-project] Using url versioning {{(pid=123275) process_request /opt/stack/glance/glance/api/middleware/version_negotiation.py:57}}
Apr 21 02:19:29 ubuntu devstack@g-api.service[123275]: DEBUG glance.api.middleware.version_negotiation [None req-d5d7de37-78e0-40fb-ba97-d820012e4433 tempest-UpdateMultiattachVolumeNegativeTest-1101127004 tempest-UpdateMultiattachVolumeNegativeTest-1101127004-project] Matched version: v2 {{(pid=123275) process_request /opt/stack/glance/glance/api/middleware/version_negotiation.py:69}}
Apr 21 02:19:29 ubuntu devstack@g-api.service[123275]: DEBUG glance.api.middleware.version_negotiation [None req-d5d7de37-78e0-40fb-ba97-d820012e4433 tempest-UpdateMultiattachVolumeNegativeTest-1101127004 tempest-UpdateMultiattachVolumeNegativeTest-1101127004-project] new path /v2/schemas/image {{(pid=123275) process_request /opt/stack/glance/glance/api/middleware/version_negotiation.py:70}}
Apr 21 02:19:29 ubuntu devstack@g-api.service[123275]: [pid: 123275|app: 0|req: 12/25] 127.0.0.1 () {42 vars in 989 bytes} [Thu Apr 21 02:19:29 2022] GET /v2/schemas/image => generated 6083 bytes in 7 msecs (HTTP/1.1 200) 4 headers in 158 bytes (1 switches on core 0)
Apr 21 02:20:02 ubuntu devstack@g-api.service[123274]: DEBUG glance.api.middleware.version_negotiation [None req-9a7ae566-4d5c-4850-b7ad-2b46cf64e075 tempest-UpdateMultiattachVolumeNegativeTest-1101127004 tempest-UpdateMultiattachVolumeNegativeTest-1101127004-project] Determining version of request: GET /v2/images/a46d2bce-44ed-412f-995a-71851b237dee Accept: */* {{(pid=123274) process_request /opt/stack/glance/glance/api/middleware/version_negotiation.py:44}}
Apr 21 02:20:02 ubuntu devstack@g-api.service[123274]: DEBUG glance.api.middleware.version_negotiation [None req-9a7ae566-4d5c-4850-b7ad-2b46cf64e075 tempest-UpdateMultiattachVolumeNegativeTest-1101127004 tempest-UpdateMultiattachVolumeNegativeTest-1101127004-project] Using url versioning {{(pid=123274) process_request /opt/stack/glance/glance/api/middleware/version_negotiation.py:57}}
Apr 21 02:20:02 ubuntu devstack@g-api.service[123274]: DEBUG glance.api.middleware.version_negotiation [None req-9a7ae566-4d5c-4850-b7ad-2b46cf64e075 tempest-UpdateMultiattachVolumeNegativeTest-1101127004 tempest-UpdateMultiattachVolumeNegativeTest-1101127004-project] Matched version: v2 {{(pid=123274) process_request /opt/stack/glance/glance/api/middleware/version_negotiation.py:69}}
Apr 21 02:20:02 ubuntu devstack@g-api.service[123274]: DEBUG glance.api.middleware.version_negotiation [None req-9a7ae566-4d5c-4850-b7ad-2b46cf64e075 tempest-UpdateMultiattachVolumeNegativeTest-1101127004 tempest-UpdateMultiattachVolumeNegativeTest-1101127004-project] new path /v2/images/a46d2bce-44ed-412f-995a-71851b237dee {{(pid=123274) process_request /opt/stack/glance/glance/api/middleware/version_negotiation.py:70}}
Apr 21 02:20:02 ubuntu devstack@g-api.service[123274]: [pid: 123274|app: 0|req: 14/26] 127.0.0.1 () {42 vars in 1049 bytes} [Thu Apr 21 02:20:02 2022] GET /v2/images/a46d2bce-44ed-412f-995a-71851b237dee => generated 976 bytes in 24 msecs (HTTP/1.1 200) 4 headers in 157 bytes (1 switches on core 0)
Apr 21 02:20:02 ubuntu devstack@g-api.service[123275]: DEBUG glance.api.middleware.version_negotiation [None req-9a7ae566-4d5c-4850-b7ad-2b46cf64e075 tempest-UpdateMultiattachVolumeNegativeTest-1101127004 tempest-UpdateMultiattachVolumeNegativeTest-1101127004-project] Determining version of request: GET /v2/schemas/image Accept: */* {{(pid=123275) process_request /opt/stack/glance/glance/api/middleware/version_negotiation.py:44}}
