Jun 16 17:53:48 ubuntu neutron-server[123109]: DEBUG neutron.api.extensions [None req-71ca3dac-8ecf-45f7-a275-e21c0538a162 None None] Loading extension file: trunk_details.py {{(pid=123109) _load_all_extensions_from_path /opt/stack/neutron/neutron/api/extensions.py:450}}
Jun 16 17:53:48 ubuntu neutron-server[123109]: DEBUG neutron.api.extensions [None req-71ca3dac-8ecf-45f7-a275-e21c0538a162 None None] Ext name="Trunk port details" alias="trunk-details" description="Expose trunk port details" updated="2016-01-01T10:00:00-00:00" {{(pid=123109) _check_extension /opt/stack/neutron/neutron/api/extensions.py:416}}
Jun 16 17:53:48 ubuntu neutron-server[123109]: INFO neutron.api.extensions [None req-71ca3dac-8ecf-45f7-a275-e21c0538a162 None None] Extension trunk-details not supported by any of loaded plugins
Jun 16 17:53:48 ubuntu neutron-server[123109]: DEBUG neutron.api.extensions [None req-71ca3dac-8ecf-45f7-a275-e21c0538a162 None None] Loading extension file: uplink_status_propagation.py {{(pid=123109) _load_all_extensions_from_path /opt/stack/neutron/neutron/api/extensions.py:450}}
Jun 16 17:53:48 ubuntu neutron-server[123109]: DEBUG neutron.api.extensions [None req-71ca3dac-8ecf-45f7-a275-e21c0538a162 None None] Ext name="Uplink status propagation extension" alias="uplink-status-propagation" description="Provides ability to propagate port uplink status." updated="2018-05-31T18:00:00-00:00" {{(pid=123109) _check_extension /opt/stack/neutron/neutron/api/extensions.py:416}}
Jun 16 17:53:48 ubuntu neutron-server[123109]: INFO neutron.api.extensions [None req-71ca3dac-8ecf-45f7-a275-e21c0538a162 None None] Extension uplink-status-propagation not supported by any of loaded plugins
Jun 16 17:53:48 ubuntu neutron-server[123109]: DEBUG neutron.api.extensions [None req-71ca3dac-8ecf-45f7-a275-e21c0538a162 None None] Loading extension file: vlantransparent.py {{(pid=123109) _load_all_extensions_from_path /opt/stack/neutron/neutron/api/extensions.py:450}}
Jun 16 17:53:48 ubuntu neutron-server[123109]: DEBUG neutron.api.extensions [None req-71ca3dac-8ecf-45f7-a275-e21c0538a162 None None] Ext name="Vlantransparent" alias="vlan-transparent" description="Provides Vlan Transparent Networks" updated="2015-03-23T09:00:00-00:00" {{(pid=123109) _check_extension /opt/stack/neutron/neutron/api/extensions.py:416}}
Jun 16 17:53:48 ubuntu neutron-server[123109]: INFO neutron.api.extensions [None req-71ca3dac-8ecf-45f7-a275-e21c0538a162 None None] Extension vlan-transparent not supported by any of loaded plugins
Jun 16 17:53:48 ubuntu neutron-server[123109]: INFO neutron.quota.resource_registry [None req-71ca3dac-8ecf-45f7-a275-e21c0538a162 None None] Creating instance of TrackedResource for resource:network
Jun 16 17:53:48 ubuntu neutron-server[123109]: INFO neutron.quota.resource_registry [None req-71ca3dac-8ecf-45f7-a275-e21c0538a162 None None] Creating instance of TrackedResource for resource:subnet
Jun 16 17:53:48 ubuntu neutron-server[123109]: INFO neutron.quota.resource_registry [None req-71ca3dac-8ecf-45f7-a275-e21c0538a162 None None] Creating instance of TrackedResource for resource:subnetpool
Jun 16 17:53:48 ubuntu neutron-server[123109]: INFO neutron.quota.resource_registry [None req-71ca3dac-8ecf-45f7-a275-e21c0538a162 None None] Creating instance of TrackedResource for resource:port
Jun 16 17:53:48 ubuntu neutron-server[123109]: DEBUG neutron.api.v2.resource_helper [None req-71ca3dac-8ecf-45f7-a275-e21c0538a162 None None] Service FLAVORS assigned prefix:  {{(pid=123109) build_resource_info /opt/stack/neutron/neutron/api/v2/resource_helper.py:77}}
Jun 16 17:53:48 ubuntu neutron-server[123109]: DEBUG neutron.api.v2.resource_helper [None req-71ca3dac-8ecf-45f7-a275-e21c0538a162 None None] Service L3_ROUTER_NAT assigned prefix:  {{(pid=123109) build_resource_info /opt/stack/neutron/neutron/api/v2/resource_helper.py:77}}
Jun 16 17:53:48 ubuntu neutron-server[123109]: DEBUG neutron.api.v2.resource_helper [None req-71ca3dac-8ecf-45f7-a275-e21c0538a162 None None] Service L3_ROUTER_NAT assigned prefix:  {{(pid=123109) build_resource_info /opt/stack/neutron/neutron/api/v2/resource_helper.py:77}}
Jun 16 17:53:48 ubuntu neutron-server[123109]: INFO neutron.quota.resource_registry [None req-71ca3dac-8ecf-45f7-a275-e21c0538a162 None None] Creating instance of TrackedResource for resource:router
Jun 16 17:53:48 ubuntu neutron-server[123109]: INFO neutron.quota.resource_registry [None req-71ca3dac-8ecf-45f7-a275-e21c0538a162 None None] Creating instance of TrackedResource for resource:floatingip
Jun 16 17:53:48 ubuntu neutron-server[123109]: DEBUG neutron_lib.callbacks.manager [None req-71ca3dac-8ecf-45f7-a275-e21c0538a162 None None] Subscribe: <bound method NeutronDbPluginV2.validate_network_rbac_policy_change of <neutron.services.network_ip_availability.plugin.NetworkIPAvailabilityPlugin object at 0x7f91e7cb2af0>> rbac-policy before_create 55550000 {{(pid=123109) subscribe /usr/local/lib/python3.8/dist-packages/neutron_lib/callbacks/manager.py:45}}
Jun 16 17:53:48 ubuntu neutron-server[123109]: DEBUG neutron_lib.callbacks.manager [None req-71ca3dac-8ecf-45f7-a275-e21c0538a162 None None] Subscribe: <bound method NeutronDbPluginV2.validate_network_rbac_policy_change of <neutron.services.network_ip_availability.plugin.NetworkIPAvailabilityPlugin object at 0x7f91e7cb2af0>> rbac-policy before_update 55550000 {{(pid=123109) subscribe /usr/local/lib/python3.8/dist-packages/neutron_lib/callbacks/manager.py:45}}
Jun 16 17:53:48 ubuntu neutron-server[123109]: DEBUG neutron_lib.callbacks.manager [None req-71ca3dac-8ecf-45f7-a275-e21c0538a162 None None] Subscribe: <bound method NeutronDbPluginV2.validate_network_rbac_policy_change of <neutron.services.network_ip_availability.plugin.NetworkIPAvailabilityPlugin object at 0x7f91e7cb2af0>> rbac-policy before_delete 55550000 {{(pid=123109) subscribe /usr/local/lib/python3.8/dist-packages/neutron_lib/callbacks/manager.py:45}}
Jun 16 17:53:48 ubuntu neutron-server[123109]: INFO neutron.quota.resource_registry [None req-71ca3dac-8ecf-45f7-a275-e21c0538a162 None None] Creating instance of CountableResource for resource:rbac_policy
Jun 16 17:53:48 ubuntu neutron-server[123109]: INFO neutron.quota.resource_registry [None req-71ca3dac-8ecf-45f7-a275-e21c0538a162 None None] Creating instance of TrackedResource for resource:security_group
Jun 16 17:53:48 ubuntu neutron-server[123109]: INFO neutron.quota.resource_registry [None req-71ca3dac-8ecf-45f7-a275-e21c0538a162 None None] Creating instance of TrackedResource for resource:security_group_rule
Jun 16 17:53:48 ubuntu neutron-server[123109]: DEBUG neutron.api.v2.resource_helper [None req-71ca3dac-8ecf-45f7-a275-e21c0538a162 None None] Service FLAVORS assigned prefix:  {{(pid=123109) build_resource_info /opt/stack/neutron/neutron/api/v2/resource_helper.py:77}}
Jun 16 17:53:48 ubuntu neutron-server[123109]: DEBUG neutron.api.v2.resource_helper [None req-71ca3dac-8ecf-45f7-a275-e21c0538a162 None None] Service L3_ROUTER_NAT assigned prefix:  {{(pid=123109) build_resource_info /opt/stack/neutron/neutron/api/v2/resource_helper.py:77}}
Jun 16 17:53:48 ubuntu neutron-server[123109]: DEBUG neutron.api.v2.resource_helper [None req-71ca3dac-8ecf-45f7-a275-e21c0538a162 None None] Service L3_ROUTER_NAT assigned prefix:  {{(pid=123109) build_resource_info /opt/stack/neutron/neutron/api/v2/resource_helper.py:77}}
Jun 16 17:53:48 ubuntu neutron-server[123109]: INFO neutron.quota.resource_registry [None req-71ca3dac-8ecf-45f7-a275-e21c0538a162 None None] Creating instance of TrackedResource for resource:router
Jun 16 17:53:48 ubuntu neutron-server[123109]: WARNING neutron.quota.resource_registry [None req-71ca3dac-8ecf-45f7-a275-e21c0538a162 None None] router is already registered
Jun 16 17:53:48 ubuntu neutron-server[123109]: INFO neutron.quota.resource_registry [None req-71ca3dac-8ecf-45f7-a275-e21c0538a162 None None] Creating instance of TrackedResource for resource:floatingip
Jun 16 17:53:48 ubuntu neutron-server[123109]: WARNING neutron.quota.resource_registry [None req-71ca3dac-8ecf-45f7-a275-e21c0538a162 None None] floatingip is already registered
Jun 16 17:53:48 ubuntu neutron-server[123109]: INFO neutron.quota.resource_registry [None req-71ca3dac-8ecf-45f7-a275-e21c0538a162 None None] Creating instance of CountableResource for resource:rbac_policy
Jun 16 17:53:48 ubuntu neutron-server[123109]: WARNING neutron.quota.resource_registry [None req-71ca3dac-8ecf-45f7-a275-e21c0538a162 None None] rbac_policy is already registered
Jun 16 17:53:48 ubuntu neutron-server[123109]: INFO neutron.quota.resource_registry [None req-71ca3dac-8ecf-45f7-a275-e21c0538a162 None None] Creating instance of TrackedResource for resource:security_group
Jun 16 17:53:48 ubuntu neutron-server[123109]: WARNING neutron.quota.resource_registry [None req-71ca3dac-8ecf-45f7-a275-e21c0538a162 None None] security_group is already registered
Jun 16 17:53:48 ubuntu neutron-server[123109]: INFO neutron.quota.resource_registry [None req-71ca3dac-8ecf-45f7-a275-e21c0538a162 None None] Creating instance of TrackedResource for resource:security_group_rule
Jun 16 17:53:48 ubuntu neutron-server[123109]: WARNING neutron.quota.resource_registry [None req-71ca3dac-8ecf-45f7-a275-e21c0538a162 None None] security_group_rule is already registered
Jun 16 17:53:48 ubuntu neutron-server[123109]: DEBUG neutron.api.extensions [None req-71ca3dac-8ecf-45f7-a275-e21c0538a162 None None] Extended resource: extensions {{(pid=123109) __init__ /opt/stack/neutron/neutron/api/extensions.py:157}}
Jun 16 17:53:48 ubuntu neutron-server[123109]: DEBUG neutron.api.extensions [None req-71ca3dac-8ecf-45f7-a275-e21c0538a162 None None] Extended resource: address-groups {{(pid=123109) __init__ /opt/stack/neutron/neutron/api/extensions.py:157}}
Jun 16 17:53:48 ubuntu neutron-server[123109]: DEBUG neutron.api.extensions [None req-71ca3dac-8ecf-45f7-a275-e21c0538a162 None None] Extended resource: address-scopes {{(pid=123109) __init__ /opt/stack/neutron/neutron/api/extensions.py:157}}
Jun 16 17:53:48 ubuntu neutron-server[123109]: DEBUG neutron.api.extensions [None req-71ca3dac-8ecf-45f7-a275-e21c0538a162 None None] Extended resource: agents {{(pid=123109) __init__ /opt/stack/neutron/neutron/api/extensions.py:157}}
Jun 16 17:53:48 ubuntu neutron-server[123109]: DEBUG neutron.api.extensions [None req-71ca3dac-8ecf-45f7-a275-e21c0538a162 None None] Extended resource: auto-allocated-topology {{(pid=123109) __init__ /opt/stack/neutron/neutron/api/extensions.py:157}}
Jun 16 17:53:48 ubuntu neutron-server[123109]: DEBUG neutron.api.extensions [None req-71ca3dac-8ecf-45f7-a275-e21c0538a162 None None] Extended resource: availability_zones {{(pid=123109) __init__ /opt/stack/neutron/neutron/api/extensions.py:157}}
Jun 16 17:53:48 ubuntu neutron-server[123109]: DEBUG neutron.api.extensions [None req-71ca3dac-8ecf-45f7-a275-e21c0538a162 None None] Extended resource: flavors {{(pid=123109) __init__ /opt/stack/neutron/neutron/api/extensions.py:157}}
Jun 16 17:53:48 ubuntu neutron-server[123109]: DEBUG neutron.api.extensions [None req-71ca3dac-8ecf-45f7-a275-e21c0538a162 None None] Extended resource: service_profiles {{(pid=123109) __init__ /opt/stack/neutron/neutron/api/extensions.py:157}}
Jun 16 17:53:48 ubuntu neutron-server[123109]: DEBUG neutron.api.extensions [None req-71ca3dac-8ecf-45f7-a275-e21c0538a162 None None] Extended resource: next_providers {{(pid=123109) __init__ /opt/stack/neutron/neutron/api/extensions.py:157}}
Jun 16 17:53:48 ubuntu neutron-server[123109]: DEBUG neutron.api.extensions [None req-71ca3dac-8ecf-45f7-a275-e21c0538a162 None None] Extended resource: service_profiles {{(pid=123109) __init__ /opt/stack/neutron/neutron/api/extensions.py:157}}
Jun 16 17:53:48 ubuntu neutron-server[123109]: DEBUG neutron.api.extensions [None req-71ca3dac-8ecf-45f7-a275-e21c0538a162 None None] Extended resource: floatingip-pools {{(pid=123109) __init__ /opt/stack/neutron/neutron/api/extensions.py:157}}
Jun 16 17:53:48 ubuntu neutron-server[123109]: DEBUG neutron.api.extensions [None req-71ca3dac-8ecf-45f7-a275-e21c0538a162 None None] Extended resource: routers {{(pid=123109) __init__ /opt/stack/neutron/neutron/api/extensions.py:157}}
Jun 16 17:53:48 ubuntu neutron-server[123109]: DEBUG neutron.api.extensions [None req-71ca3dac-8ecf-45f7-a275-e21c0538a162 None None] Extended resource: floatingips {{(pid=123109) __init__ /opt/stack/neutron/neutron/api/extensions.py:157}}
Jun 16 17:53:48 ubuntu neutron-server[123109]: DEBUG neutron.api.extensions [None req-71ca3dac-8ecf-45f7-a275-e21c0538a162 None None] Extended resource: network-ip-availabilities {{(pid=123109) __init__ /opt/stack/neutron/neutron/api/extensions.py:157}}
Jun 16 17:53:48 ubuntu neutron-server[123109]: DEBUG neutron.api.extensions [None req-71ca3dac-8ecf-45f7-a275-e21c0538a162 None None] Extended resource: bindings {{(pid=123109) __init__ /opt/stack/neutron/neutron/api/extensions.py:157}}
Jun 16 17:53:48 ubuntu neutron-server[123109]: DEBUG neutron.api.extensions [None req-71ca3dac-8ecf-45f7-a275-e21c0538a162 None None] Extended resource: quotas {{(pid=123109) __init__ /opt/stack/neutron/neutron/api/extensions.py:157}}
Jun 16 17:53:48 ubuntu neutron-server[123109]: DEBUG neutron.api.extensions [None req-71ca3dac-8ecf-45f7-a275-e21c0538a162 None None] Extended resource: quotas {{(pid=123109) __init__ /opt/stack/neutron/neutron/api/extensions.py:157}}
Jun 16 17:53:48 ubuntu neutron-server[123109]: DEBUG neutron.api.extensions [None req-71ca3dac-8ecf-45f7-a275-e21c0538a162 None None] Extended resource: rbac-policies {{(pid=123109) __init__ /opt/stack/neutron/neutron/api/extensions.py:157}}
Jun 16 17:53:48 ubuntu neutron-server[123109]: DEBUG neutron.api.extensions [None req-71ca3dac-8ecf-45f7-a275-e21c0538a162 None None] Extended resource: security-groups {{(pid=123109) __init__ /opt/stack/neutron/neutron/api/extensions.py:157}}
Jun 16 17:53:48 ubuntu neutron-server[123109]: DEBUG neutron.api.extensions [None req-71ca3dac-8ecf-45f7-a275-e21c0538a162 None None] Extended resource: security-group-rules {{(pid=123109) __init__ /opt/stack/neutron/neutron/api/extensions.py:157}}
Jun 16 17:53:48 ubuntu neutron-server[123109]: DEBUG neutron.api.extensions [None req-71ca3dac-8ecf-45f7-a275-e21c0538a162 None None] Extended resource: service-providers {{(pid=123109) __init__ /opt/stack/neutron/neutron/api/extensions.py:157}}
Jun 16 17:53:48 ubuntu neutron-server[123109]: DEBUG neutron.api.extensions [None req-71ca3dac-8ecf-45f7-a275-e21c0538a162 None None] Extended resource: tags {{(pid=123109) __init__ /opt/stack/neutron/neutron/api/extensions.py:157}}
Jun 16 17:53:48 ubuntu neutron-server[123109]: DEBUG neutron.api.extensions [None req-71ca3dac-8ecf-45f7-a275-e21c0538a162 None None] Extended resource: tags {{(pid=123109) __init__ /opt/stack/neutron/neutron/api/extensions.py:157}}
Jun 16 17:53:48 ubuntu neutron-server[123109]: DEBUG neutron.api.extensions [None req-71ca3dac-8ecf-45f7-a275-e21c0538a162 None None] Extended resource: tags {{(pid=123109) __init__ /opt/stack/neutron/neutron/api/extensions.py:157}}
Jun 16 17:53:48 ubuntu neutron-server[123109]: DEBUG neutron.api.extensions [None req-71ca3dac-8ecf-45f7-a275-e21c0538a162 None None] Extended resource: tags {{(pid=123109) __init__ /opt/stack/neutron/neutron/api/extensions.py:157}}
Jun 16 17:53:48 ubuntu neutron-server[123109]: DEBUG neutron.api.extensions [None req-71ca3dac-8ecf-45f7-a275-e21c0538a162 None None] Extended resource: tags {{(pid=123109) __init__ /opt/stack/neutron/neutron/api/extensions.py:157}}
Jun 16 17:53:48 ubuntu neutron-server[123109]: DEBUG neutron.api.extensions [None req-71ca3dac-8ecf-45f7-a275-e21c0538a162 None None] Extended resource: tags {{(pid=123109) __init__ /opt/stack/neutron/neutron/api/extensions.py:157}}
Jun 16 17:53:48 ubuntu neutron-server[123109]: DEBUG neutron.api.extensions [None req-71ca3dac-8ecf-45f7-a275-e21c0538a162 None None] Extended resource: tags {{(pid=123109) __init__ /opt/stack/neutron/neutron/api/extensions.py:157}}
Jun 16 17:53:48 ubuntu neutron-server[123109]: DEBUG neutron.api.extensions [None req-71ca3dac-8ecf-45f7-a275-e21c0538a162 None None] Extended resource: tags {{(pid=123109) __init__ /opt/stack/neutron/neutron/api/extensions.py:157}}
Jun 16 17:53:48 ubuntu neutron-server[123109]: DEBUG neutron.api.extensions [None req-71ca3dac-8ecf-45f7-a275-e21c0538a162 None None] Extended resource: tags {{(pid=123109) __init__ /opt/stack/neutron/neutron/api/extensions.py:157}}
Jun 16 17:53:48 ubuntu neutron-server[123109]: DEBUG neutron.api.extensions [None req-71ca3dac-8ecf-45f7-a275-e21c0538a162 None None] Extended resource: tags {{(pid=123109) __init__ /opt/stack/neutron/neutron/api/extensions.py:157}}
Jun 16 17:53:48 ubuntu neutron-server[123109]: WARNING keystonemiddleware.auth_token [None req-71ca3dac-8ecf-45f7-a275-e21c0538a162 None None] AuthToken middleware is set with keystone_authtoken.service_token_roles_required set to False. This is backwards compatible but deprecated behaviour. Please set this to True.
Jun 16 17:53:48 ubuntu neutron-server[123109]: WARNING keystonemiddleware.auth_token [None req-71ca3dac-8ecf-45f7-a275-e21c0538a162 None None] Configuring www_authenticate_uri to point to the public identity endpoint is required; clients may not be able to authenticate against an admin endpoint
Jun 16 17:53:48 ubuntu neutron-server[123109]: DEBUG oslo_concurrency.lockutils [None req-71ca3dac-8ecf-45f7-a275-e21c0538a162 None None] Acquired lock "singleton_lock" {{(pid=123109) lock /usr/local/lib/python3.8/dist-packages/oslo_concurrency/lockutils.py:294}}
Jun 16 17:53:48 ubuntu neutron-server[123109]: DEBUG oslo_concurrency.lockutils [None req-71ca3dac-8ecf-45f7-a275-e21c0538a162 None None] Releasing lock "singleton_lock" {{(pid=123109) lock /usr/local/lib/python3.8/dist-packages/oslo_concurrency/lockutils.py:312}}
Jun 16 17:53:48 ubuntu neutron-server[123109]: INFO oslo_service.service [None req-71ca3dac-8ecf-45f7-a275-e21c0538a162 None None] Starting 2 workers
Jun 16 17:53:48 ubuntu neutron-server[123109]: DEBUG oslo_service.service [None req-71ca3dac-8ecf-45f7-a275-e21c0538a162 None None] Started child 123317 {{(pid=123109) _start_child /usr/local/lib/python3.8/dist-packages/oslo_service/service.py:575}}
Jun 16 17:53:48 ubuntu neutron-server[123109]: DEBUG oslo_service.service [None req-71ca3dac-8ecf-45f7-a275-e21c0538a162 None None] Started child 123318 {{(pid=123109) _start_child /usr/local/lib/python3.8/dist-packages/oslo_service/service.py:575}}
Jun 16 17:53:48 ubuntu neutron-server[123109]: INFO neutron.service [None req-71ca3dac-8ecf-45f7-a275-e21c0538a162 None None] Neutron service started, listening on 0.0.0.0:9696
Jun 16 17:53:48 ubuntu neutron-server[123109]: DEBUG neutron_lib.callbacks.manager [None req-71ca3dac-8ecf-45f7-a275-e21c0538a162 None None] Publish callbacks ['neutron.plugins.ml2.drivers.ovn.mech_driver.mech_driver.OVNMechanismDriver.pre_fork_initialize-551461'] for process (None), before_spawn {{(pid=123109) _notify_loop /usr/local/lib/python3.8/dist-packages/neutron_lib/callbacks/manager.py:176}}
Jun 16 17:53:48 ubuntu neutron-server[123317]: DEBUG neutron_lib.callbacks.manager [-] Publish callbacks ['neutron.plugins.ml2.drivers.ovn.mech_driver.mech_driver.OVNMechanismDriver.post_fork_initialize-551489'] for process (None), after_init {{(pid=123317) _notify_loop /usr/local/lib/python3.8/dist-packages/neutron_lib/callbacks/manager.py:176}}
Jun 16 17:53:48 ubuntu neutron-server[123318]: DEBUG neutron_lib.callbacks.manager [-] Publish callbacks ['neutron.plugins.ml2.drivers.ovn.mech_driver.mech_driver.OVNMechanismDriver.post_fork_initialize-551489'] for process (None), after_init {{(pid=123318) _notify_loop /usr/local/lib/python3.8/dist-packages/neutron_lib/callbacks/manager.py:176}}
Jun 16 17:53:48 ubuntu neutron-server[123317]: DEBUG dbcounter [-] [123317] Writer thread running {{(pid=123317) stat_writer /usr/local/lib/python3.8/dist-packages/dbcounter.py:99}}
Jun 16 17:53:48 ubuntu neutron-server[123318]: DEBUG dbcounter [-] [123318] Writer thread running {{(pid=123318) stat_writer /usr/local/lib/python3.8/dist-packages/dbcounter.py:99}}
Jun 16 17:53:48 ubuntu neutron-server[123109]: DEBUG ovsdbapp.backend.ovs_idl [None req-71ca3dac-8ecf-45f7-a275-e21c0538a162 None None] Created schema index Port_Group.name {{(pid=123109) autocreate_indices /usr/local/lib/python3.8/dist-packages/ovsdbapp/backend/ovs_idl/__init__.py:104}}
Jun 16 17:53:48 ubuntu neutron-server[123109]: DEBUG ovsdbapp.backend.ovs_idl [None req-71ca3dac-8ecf-45f7-a275-e21c0538a162 None None] Created schema index Logical_Switch_Port.name {{(pid=123109) autocreate_indices /usr/local/lib/python3.8/dist-packages/ovsdbapp/backend/ovs_idl/__init__.py:104}}
Jun 16 17:53:48 ubuntu neutron-server[123109]: DEBUG ovsdbapp.backend.ovs_idl.transaction [-] Running txn n=1 command(idx=0): PgAddCommand(name=neutron_pg_drop, may_exist=True, columns={'acls': []}) {{(pid=123109) do_commit /usr/local/lib/python3.8/dist-packages/ovsdbapp/backend/ovs_idl/transaction.py:90}}
Jun 16 17:53:48 ubuntu neutron-server[123109]: DEBUG ovsdbapp.backend.ovs_idl.transaction [-] Running txn n=1 command(idx=1): PgAclAddCommand(entity=neutron_pg_drop, direction=from-lport, priority=1001, match=inport == @neutron_pg_drop && ip, action=drop, log=False, may_exist=True, severity=[], name=[], meter=None, external_ids={}) {{(pid=123109) do_commit /usr/local/lib/python3.8/dist-packages/ovsdbapp/backend/ovs_idl/transaction.py:90}}
Jun 16 17:53:48 ubuntu neutron-server[123109]: DEBUG ovsdbapp.backend.ovs_idl.transaction [-] Running txn n=1 command(idx=2): PgAclAddCommand(entity=neutron_pg_drop, direction=to-lport, priority=1001, match=outport == @neutron_pg_drop && ip, action=drop, log=False, may_exist=True, severity=[], name=[], meter=None, external_ids={}) {{(pid=123109) do_commit /usr/local/lib/python3.8/dist-packages/ovsdbapp/backend/ovs_idl/transaction.py:90}}
Jun 16 17:53:48 ubuntu neutron-server[123109]: DEBUG ovsdbapp.backend.ovs_idl.event [-] Matched CREATE: NeutronPgDropPortGroupCreated(events=('create',), table='Port_Group', conditions=(('name', '=', 'neutron_pg_drop'),), old_conditions=None), priority=10 to row=Port_Group(name=neutron_pg_drop, ports=[], external_ids={}, acls=[<ovs.db.idl.Row object at 0x7f91e8051b50>, <ovs.db.idl.Row object at 0x7f91e804e3d0>]) old= {{(pid=123109) matches /usr/local/lib/python3.8/dist-packages/ovsdbapp/backend/ovs_idl/event.py:43}}
Jun 16 17:53:48 ubuntu neutron-server[123317]: INFO neutron.plugins.ml2.drivers.ovn.mech_driver.ovsdb.impl_idl_ovn [None req-0a68a592-8d19-4836-a7ce-52a740799577 None None] Getting OvsdbNbOvnIdl for WorkerService with retry
Jun 16 17:53:48 ubuntu neutron-server[123318]: INFO neutron.plugins.ml2.drivers.ovn.mech_driver.ovsdb.impl_idl_ovn [None req-9c44f782-fbfb-4980-863b-15a416da9519 None None] Getting OvsdbNbOvnIdl for WorkerService with retry
Jun 16 17:53:48 ubuntu neutron-server[123109]: DEBUG ovsdbapp.backend.ovs_idl [None req-71ca3dac-8ecf-45f7-a275-e21c0538a162 None None] Created lookup_table index Logical_Switch.name {{(pid=123109) autocreate_indices /usr/local/lib/python3.8/dist-packages/ovsdbapp/backend/ovs_idl/__init__.py:85}}
Jun 16 17:53:48 ubuntu neutron-server[123109]: DEBUG ovsdbapp.backend.ovs_idl [None req-71ca3dac-8ecf-45f7-a275-e21c0538a162 None None] Created lookup_table index Logical_Router.name {{(pid=123109) autocreate_indices /usr/local/lib/python3.8/dist-packages/ovsdbapp/backend/ovs_idl/__init__.py:85}}
Jun 16 17:53:48 ubuntu neutron-server[123109]: DEBUG ovsdbapp.backend.ovs_idl [None req-71ca3dac-8ecf-45f7-a275-e21c0538a162 None None] Created lookup_table index Load_Balancer.name {{(pid=123109) autocreate_indices /usr/local/lib/python3.8/dist-packages/ovsdbapp/backend/ovs_idl/__init__.py:85}}
Jun 16 17:53:48 ubuntu neutron-server[123109]: DEBUG ovsdbapp.backend.ovs_idl [None req-71ca3dac-8ecf-45f7-a275-e21c0538a162 None None] Created schema index Meter.name {{(pid=123109) autocreate_indices /usr/local/lib/python3.8/dist-packages/ovsdbapp/backend/ovs_idl/__init__.py:104}}
Jun 16 17:53:48 ubuntu neutron-server[123109]: DEBUG ovsdbapp.backend.ovs_idl [None req-71ca3dac-8ecf-45f7-a275-e21c0538a162 None None] Created schema index Address_Set.name {{(pid=123109) autocreate_indices /usr/local/lib/python3.8/dist-packages/ovsdbapp/backend/ovs_idl/__init__.py:104}}
Jun 16 17:53:48 ubuntu neutron-server[123109]: DEBUG ovsdbapp.backend.ovs_idl [None req-71ca3dac-8ecf-45f7-a275-e21c0538a162 None None] Created schema index HA_Chassis_Group.name {{(pid=123109) autocreate_indices /usr/local/lib/python3.8/dist-packages/ovsdbapp/backend/ovs_idl/__init__.py:104}}
Jun 16 17:53:48 ubuntu neutron-server[123109]: DEBUG ovsdbapp.backend.ovs_idl [None req-71ca3dac-8ecf-45f7-a275-e21c0538a162 None None] Created schema index Connection.target {{(pid=123109) autocreate_indices /usr/local/lib/python3.8/dist-packages/ovsdbapp/backend/ovs_idl/__init__.py:104}}
Jun 16 17:53:48 ubuntu neutron-server[123109]: DEBUG ovsdbapp.backend.ovs_idl [None req-71ca3dac-8ecf-45f7-a275-e21c0538a162 None None] Created schema index Gateway_Chassis.name {{(pid=123109) autocreate_indices /usr/local/lib/python3.8/dist-packages/ovsdbapp/backend/ovs_idl/__init__.py:104}}
Jun 16 17:53:48 ubuntu neutron-server[123109]: DEBUG ovsdbapp.backend.ovs_idl [None req-71ca3dac-8ecf-45f7-a275-e21c0538a162 None None] Created schema index Logical_Router_Port.name {{(pid=123109) autocreate_indices /usr/local/lib/python3.8/dist-packages/ovsdbapp/backend/ovs_idl/__init__.py:104}}
Jun 16 17:53:48 ubuntu neutron-server[123109]: DEBUG ovsdbapp.backend.ovs_idl [None req-71ca3dac-8ecf-45f7-a275-e21c0538a162 None None] Created schema index Port_Group.name {{(pid=123109) autocreate_indices /usr/local/lib/python3.8/dist-packages/ovsdbapp/backend/ovs_idl/__init__.py:104}}
Jun 16 17:53:48 ubuntu neutron-server[123109]: DEBUG ovsdbapp.backend.ovs_idl [None req-71ca3dac-8ecf-45f7-a275-e21c0538a162 None None] Created schema index Logical_Switch_Port.name {{(pid=123109) autocreate_indices /usr/local/lib/python3.8/dist-packages/ovsdbapp/backend/ovs_idl/__init__.py:104}}
Jun 16 17:53:48 ubuntu neutron-server[123317]: DEBUG ovsdbapp.backend.ovs_idl [None req-0a68a592-8d19-4836-a7ce-52a740799577 None None] Created lookup_table index Logical_Switch.name {{(pid=123317) autocreate_indices /usr/local/lib/python3.8/dist-packages/ovsdbapp/backend/ovs_idl/__init__.py:85}}
Jun 16 17:53:48 ubuntu neutron-server[123317]: DEBUG ovsdbapp.backend.ovs_idl [None req-0a68a592-8d19-4836-a7ce-52a740799577 None None] Created lookup_table index Logical_Router.name {{(pid=123317) autocreate_indices /usr/local/lib/python3.8/dist-packages/ovsdbapp/backend/ovs_idl/__init__.py:85}}
Jun 16 17:53:48 ubuntu neutron-server[123317]: DEBUG ovsdbapp.backend.ovs_idl [None req-0a68a592-8d19-4836-a7ce-52a740799577 None None] Created lookup_table index Load_Balancer.name {{(pid=123317) autocreate_indices /usr/local/lib/python3.8/dist-packages/ovsdbapp/backend/ovs_idl/__init__.py:85}}
Jun 16 17:53:48 ubuntu neutron-server[123317]: DEBUG ovsdbapp.backend.ovs_idl [None req-0a68a592-8d19-4836-a7ce-52a740799577 None None] Created schema index Meter.name {{(pid=123317) autocreate_indices /usr/local/lib/python3.8/dist-packages/ovsdbapp/backend/ovs_idl/__init__.py:104}}
Jun 16 17:53:48 ubuntu neutron-server[123317]: DEBUG ovsdbapp.backend.ovs_idl [None req-0a68a592-8d19-4836-a7ce-52a740799577 None None] Created schema index Address_Set.name {{(pid=123317) autocreate_indices /usr/local/lib/python3.8/dist-packages/ovsdbapp/backend/ovs_idl/__init__.py:104}}
Jun 16 17:53:48 ubuntu neutron-server[123317]: DEBUG ovsdbapp.backend.ovs_idl [None req-0a68a592-8d19-4836-a7ce-52a740799577 None None] Created schema index HA_Chassis_Group.name {{(pid=123317) autocreate_indices /usr/local/lib/python3.8/dist-packages/ovsdbapp/backend/ovs_idl/__init__.py:104}}
Jun 16 17:53:48 ubuntu neutron-server[123317]: DEBUG ovsdbapp.backend.ovs_idl [None req-0a68a592-8d19-4836-a7ce-52a740799577 None None] Created schema index Connection.target {{(pid=123317) autocreate_indices /usr/local/lib/python3.8/dist-packages/ovsdbapp/backend/ovs_idl/__init__.py:104}}
Jun 16 17:53:48 ubuntu neutron-server[123317]: DEBUG ovsdbapp.backend.ovs_idl [None req-0a68a592-8d19-4836-a7ce-52a740799577 None None] Created schema index Gateway_Chassis.name {{(pid=123317) autocreate_indices /usr/local/lib/python3.8/dist-packages/ovsdbapp/backend/ovs_idl/__init__.py:104}}
Jun 16 17:53:48 ubuntu neutron-server[123317]: DEBUG ovsdbapp.backend.ovs_idl [None req-0a68a592-8d19-4836-a7ce-52a740799577 None None] Created schema index Logical_Router_Port.name {{(pid=123317) autocreate_indices /usr/local/lib/python3.8/dist-packages/ovsdbapp/backend/ovs_idl/__init__.py:104}}
Jun 16 17:53:48 ubuntu neutron-server[123317]: DEBUG ovsdbapp.backend.ovs_idl [None req-0a68a592-8d19-4836-a7ce-52a740799577 None None] Created schema index Port_Group.name {{(pid=123317) autocreate_indices /usr/local/lib/python3.8/dist-packages/ovsdbapp/backend/ovs_idl/__init__.py:104}}
Jun 16 17:53:48 ubuntu neutron-server[123317]: DEBUG ovsdbapp.backend.ovs_idl [None req-0a68a592-8d19-4836-a7ce-52a740799577 None None] Created schema index Logical_Switch_Port.name {{(pid=123317) autocreate_indices /usr/local/lib/python3.8/dist-packages/ovsdbapp/backend/ovs_idl/__init__.py:104}}
Jun 16 17:53:48 ubuntu neutron-server[123317]: INFO ovsdbapp.backend.ovs_idl.vlog [None req-0a68a592-8d19-4836-a7ce-52a740799577 None None] tcp:192.168.79.41:6641: connecting...
Jun 16 17:53:48 ubuntu neutron-server[123317]: INFO ovsdbapp.backend.ovs_idl.vlog [None req-0a68a592-8d19-4836-a7ce-52a740799577 None None] tcp:192.168.79.41:6641: connected
Jun 16 17:53:48 ubuntu neutron-server[123318]: DEBUG ovsdbapp.backend.ovs_idl [None req-9c44f782-fbfb-4980-863b-15a416da9519 None None] Created lookup_table index Logical_Switch.name {{(pid=123318) autocreate_indices /usr/local/lib/python3.8/dist-packages/ovsdbapp/backend/ovs_idl/__init__.py:85}}
Jun 16 17:53:48 ubuntu neutron-server[123318]: DEBUG ovsdbapp.backend.ovs_idl [None req-9c44f782-fbfb-4980-863b-15a416da9519 None None] Created lookup_table index Logical_Router.name {{(pid=123318) autocreate_indices /usr/local/lib/python3.8/dist-packages/ovsdbapp/backend/ovs_idl/__init__.py:85}}
Jun 16 17:53:48 ubuntu neutron-server[123318]: DEBUG ovsdbapp.backend.ovs_idl [None req-9c44f782-fbfb-4980-863b-15a416da9519 None None] Created lookup_table index Load_Balancer.name {{(pid=123318) autocreate_indices /usr/local/lib/python3.8/dist-packages/ovsdbapp/backend/ovs_idl/__init__.py:85}}
Jun 16 17:53:48 ubuntu neutron-server[123318]: DEBUG ovsdbapp.backend.ovs_idl [None req-9c44f782-fbfb-4980-863b-15a416da9519 None None] Created schema index Meter.name {{(pid=123318) autocreate_indices /usr/local/lib/python3.8/dist-packages/ovsdbapp/backend/ovs_idl/__init__.py:104}}
Jun 16 17:53:48 ubuntu neutron-server[123318]: DEBUG ovsdbapp.backend.ovs_idl [None req-9c44f782-fbfb-4980-863b-15a416da9519 None None] Created schema index Address_Set.name {{(pid=123318) autocreate_indices /usr/local/lib/python3.8/dist-packages/ovsdbapp/backend/ovs_idl/__init__.py:104}}
Jun 16 17:53:48 ubuntu neutron-server[123318]: DEBUG ovsdbapp.backend.ovs_idl [None req-9c44f782-fbfb-4980-863b-15a416da9519 None None] Created schema index HA_Chassis_Group.name {{(pid=123318) autocreate_indices /usr/local/lib/python3.8/dist-packages/ovsdbapp/backend/ovs_idl/__init__.py:104}}
Jun 16 17:53:48 ubuntu neutron-server[123318]: DEBUG ovsdbapp.backend.ovs_idl [None req-9c44f782-fbfb-4980-863b-15a416da9519 None None] Created schema index Connection.target {{(pid=123318) autocreate_indices /usr/local/lib/python3.8/dist-packages/ovsdbapp/backend/ovs_idl/__init__.py:104}}
Jun 16 17:53:48 ubuntu neutron-server[123318]: DEBUG ovsdbapp.backend.ovs_idl [None req-9c44f782-fbfb-4980-863b-15a416da9519 None None] Created schema index Gateway_Chassis.name {{(pid=123318) autocreate_indices /usr/local/lib/python3.8/dist-packages/ovsdbapp/backend/ovs_idl/__init__.py:104}}
Jun 16 17:53:48 ubuntu neutron-server[123318]: DEBUG ovsdbapp.backend.ovs_idl [None req-9c44f782-fbfb-4980-863b-15a416da9519 None None] Created schema index Logical_Router_Port.name {{(pid=123318) autocreate_indices /usr/local/lib/python3.8/dist-packages/ovsdbapp/backend/ovs_idl/__init__.py:104}}
Jun 16 17:53:48 ubuntu neutron-server[123318]: DEBUG ovsdbapp.backend.ovs_idl [None req-9c44f782-fbfb-4980-863b-15a416da9519 None None] Created schema index Port_Group.name {{(pid=123318) autocreate_indices /usr/local/lib/python3.8/dist-packages/ovsdbapp/backend/ovs_idl/__init__.py:104}}
Jun 16 17:53:48 ubuntu neutron-server[123318]: DEBUG ovsdbapp.backend.ovs_idl [None req-9c44f782-fbfb-4980-863b-15a416da9519 None None] Created schema index Logical_Switch_Port.name {{(pid=123318) autocreate_indices /usr/local/lib/python3.8/dist-packages/ovsdbapp/backend/ovs_idl/__init__.py:104}}
Jun 16 17:53:48 ubuntu neutron-server[123318]: INFO ovsdbapp.backend.ovs_idl.vlog [None req-9c44f782-fbfb-4980-863b-15a416da9519 None None] tcp:192.168.79.41:6641: connecting...
Jun 16 17:53:48 ubuntu neutron-server[123318]: INFO ovsdbapp.backend.ovs_idl.vlog [None req-9c44f782-fbfb-4980-863b-15a416da9519 None None] tcp:192.168.79.41:6641: connected
Jun 16 17:53:48 ubuntu neutron-server[123109]: DEBUG ovsdbapp.backend.ovs_idl [None req-71ca3dac-8ecf-45f7-a275-e21c0538a162 None None] Created lookup_table index Chassis.name {{(pid=123109) autocreate_indices /usr/local/lib/python3.8/dist-packages/ovsdbapp/backend/ovs_idl/__init__.py:85}}
Jun 16 17:53:48 ubuntu neutron-server[123109]: DEBUG ovsdbapp.backend.ovs_idl [None req-71ca3dac-8ecf-45f7-a275-e21c0538a162 None None] Created lookup_table index MAC_Binding.ip {{(pid=123109) autocreate_indices /usr/local/lib/python3.8/dist-packages/ovsdbapp/backend/ovs_idl/__init__.py:85}}
Jun 16 17:53:48 ubuntu neutron-server[123109]: DEBUG ovsdbapp.backend.ovs_idl [None req-71ca3dac-8ecf-45f7-a275-e21c0538a162 None None] Created schema index Meter.name {{(pid=123109) autocreate_indices /usr/local/lib/python3.8/dist-packages/ovsdbapp/backend/ovs_idl/__init__.py:104}}
Jun 16 17:53:48 ubuntu neutron-server[123109]: DEBUG ovsdbapp.backend.ovs_idl [None req-71ca3dac-8ecf-45f7-a275-e21c0538a162 None None] Created schema index Address_Set.name {{(pid=123109) autocreate_indices /usr/local/lib/python3.8/dist-packages/ovsdbapp/backend/ovs_idl/__init__.py:104}}
Jun 16 17:53:48 ubuntu neutron-server[123109]: DEBUG ovsdbapp.backend.ovs_idl [None req-71ca3dac-8ecf-45f7-a275-e21c0538a162 None None] Created schema index HA_Chassis_Group.name {{(pid=123109) autocreate_indices /usr/local/lib/python3.8/dist-packages/ovsdbapp/backend/ovs_idl/__init__.py:104}}
Jun 16 17:53:48 ubuntu neutron-server[123109]: DEBUG ovsdbapp.backend.ovs_idl [None req-71ca3dac-8ecf-45f7-a275-e21c0538a162 None None] Created schema index IP_Multicast.datapath {{(pid=123109) autocreate_indices /usr/local/lib/python3.8/dist-packages/ovsdbapp/backend/ovs_idl/__init__.py:104}}
Jun 16 17:53:48 ubuntu neutron-server[123109]: DEBUG ovsdbapp.backend.ovs_idl [None req-71ca3dac-8ecf-45f7-a275-e21c0538a162 None None] Created schema index Connection.target {{(pid=123109) autocreate_indices /usr/local/lib/python3.8/dist-packages/ovsdbapp/backend/ovs_idl/__init__.py:104}}
Jun 16 17:53:48 ubuntu neutron-server[123317]: DEBUG neutron.common.ovn.hash_ring_manager [None req-0a68a592-8d19-4836-a7ce-52a740799577 None None] Allow caching, nodes 2>=2 {{(pid=123317) _wait_startup_before_caching /opt/stack/neutron/neutron/common/ovn/hash_ring_manager.py:60}}
Jun 16 17:53:48 ubuntu neutron-server[123109]: DEBUG ovsdbapp.backend.ovs_idl [None req-71ca3dac-8ecf-45f7-a275-e21c0538a162 None None] Created schema index Gateway_Chassis.name {{(pid=123109) autocreate_indices /usr/local/lib/python3.8/dist-packages/ovsdbapp/backend/ovs_idl/__init__.py:104}}
Jun 16 17:53:48 ubuntu neutron-server[123109]: DEBUG ovsdbapp.backend.ovs_idl [None req-71ca3dac-8ecf-45f7-a275-e21c0538a162 None None] Created schema index Port_Group.name {{(pid=123109) autocreate_indices /usr/local/lib/python3.8/dist-packages/ovsdbapp/backend/ovs_idl/__init__.py:104}}
Jun 16 17:53:48 ubuntu neutron-server[123109]: DEBUG ovsdbapp.backend.ovs_idl [None req-71ca3dac-8ecf-45f7-a275-e21c0538a162 None None] Created schema index Datapath_Binding.tunnel_key {{(pid=123109) autocreate_indices /usr/local/lib/python3.8/dist-packages/ovsdbapp/backend/ovs_idl/__init__.py:104}}
Jun 16 17:53:48 ubuntu neutron-server[123318]: DEBUG neutron.common.ovn.hash_ring_manager [None req-9c44f782-fbfb-4980-863b-15a416da9519 None None] Allow caching, nodes 2>=2 {{(pid=123318) _wait_startup_before_caching /opt/stack/neutron/neutron/common/ovn/hash_ring_manager.py:60}}
Jun 16 17:53:48 ubuntu neutron-server[123317]: DEBUG neutron.plugins.ml2.drivers.ovn.mech_driver.ovsdb.ovsdb_monitor [None req-0a68a592-8d19-4836-a7ce-52a740799577 None None] Hash Ring: Node b3902b19-f545-4fc0-bbe1-f2da6bcc550f (host: ubuntu) handling event "create" for row 76257330-0bd7-4439-a6ef-5149ac41c5f6 (table: Port_Group) {{(pid=123317) notify /opt/stack/neutron/neutron/plugins/ml2/drivers/ovn/mech_driver/ovsdb/ovsdb_monitor.py:743}}
Jun 16 17:53:48 ubuntu neutron-server[123317]: DEBUG neutron.plugins.ml2.drivers.ovn.mech_driver.ovsdb.ovsdb_monitor [None req-0a68a592-8d19-4836-a7ce-52a740799577 None None] Hash Ring: Node b3902b19-f545-4fc0-bbe1-f2da6bcc550f (host: ubuntu) handling event "create" for row bce2fef9-a580-49d1-9809-5e0f8451dfac (table: Connection) {{(pid=123317) notify /opt/stack/neutron/neutron/plugins/ml2/drivers/ovn/mech_driver/ovsdb/ovsdb_monitor.py:743}}
Jun 16 17:53:48 ubuntu neutron-server[123318]: DEBUG neutron.plugins.ml2.drivers.ovn.mech_driver.ovsdb.ovsdb_monitor [None req-9c44f782-fbfb-4980-863b-15a416da9519 None None] Hash Ring: Node 61dd154b-3c23-47dc-b460-0ce2bb8cc874 (host: ubuntu) handling event "create" for row e8c02071-7e41-45f0-b0b9-0429f9b69ee3 (table: Database) {{(pid=123318) notify /opt/stack/neutron/neutron/plugins/ml2/drivers/ovn/mech_driver/ovsdb/ovsdb_monitor.py:743}}
Jun 16 17:53:48 ubuntu neutron-server[123317]: INFO neutron.plugins.ml2.drivers.ovn.mech_driver.ovsdb.impl_idl_ovn [None req-0a68a592-8d19-4836-a7ce-52a740799577 None None] Getting OvsdbSbOvnIdl for WorkerService with retry
Jun 16 17:53:48 ubuntu neutron-server[123318]: DEBUG neutron.plugins.ml2.drivers.ovn.mech_driver.ovsdb.ovsdb_monitor [None req-9c44f782-fbfb-4980-863b-15a416da9519 None None] Hash Ring: Node 61dd154b-3c23-47dc-b460-0ce2bb8cc874 (host: ubuntu) handling event "create" for row 208e4252-327b-4112-8076-50fe56e8693b (table: Database) {{(pid=123318) notify /opt/stack/neutron/neutron/plugins/ml2/drivers/ovn/mech_driver/ovsdb/ovsdb_monitor.py:743}}
Jun 16 17:53:49 ubuntu neutron-server[123318]: DEBUG neutron.plugins.ml2.drivers.ovn.mech_driver.ovsdb.ovsdb_monitor [None req-9c44f782-fbfb-4980-863b-15a416da9519 None None] Hash Ring: Node 61dd154b-3c23-47dc-b460-0ce2bb8cc874 (host: ubuntu) handling event "create" for row b271394b-86d2-47f1-a46d-463664a3ef56 (table: NB_Global) {{(pid=123318) notify /opt/stack/neutron/neutron/plugins/ml2/drivers/ovn/mech_driver/ovsdb/ovsdb_monitor.py:743}}
Jun 16 17:53:49 ubuntu neutron-server[123318]: DEBUG neutron.plugins.ml2.drivers.ovn.mech_driver.ovsdb.ovsdb_monitor [None req-9c44f782-fbfb-4980-863b-15a416da9519 None None] Hash Ring: Node 61dd154b-3c23-47dc-b460-0ce2bb8cc874 (host: ubuntu) handling event "create" for row 4a801d16-bc58-4802-bf0f-3ff7faed3f8d (table: ACL) {{(pid=123318) notify /opt/stack/neutron/neutron/plugins/ml2/drivers/ovn/mech_driver/ovsdb/ovsdb_monitor.py:743}}
Jun 16 17:53:49 ubuntu neutron-server[123318]: DEBUG neutron.plugins.ml2.drivers.ovn.mech_driver.ovsdb.ovsdb_monitor [None req-9c44f782-fbfb-4980-863b-15a416da9519 None None] Hash Ring: Node 61dd154b-3c23-47dc-b460-0ce2bb8cc874 (host: ubuntu) handling event "create" for row 649a0c63-5b16-42ee-b597-cc3945112c88 (table: ACL) {{(pid=123318) notify /opt/stack/neutron/neutron/plugins/ml2/drivers/ovn/mech_driver/ovsdb/ovsdb_monitor.py:743}}
Jun 16 17:53:49 ubuntu neutron-server[123317]: DEBUG ovsdbapp.backend.ovs_idl [None req-0a68a592-8d19-4836-a7ce-52a740799577 None None] Created lookup_table index Chassis.name {{(pid=123317) autocreate_indices /usr/local/lib/python3.8/dist-packages/ovsdbapp/backend/ovs_idl/__init__.py:85}}
Jun 16 17:53:49 ubuntu neutron-server[123317]: DEBUG ovsdbapp.backend.ovs_idl [None req-0a68a592-8d19-4836-a7ce-52a740799577 None None] Created schema index Datapath_Binding.tunnel_key {{(pid=123317) autocreate_indices /usr/local/lib/python3.8/dist-packages/ovsdbapp/backend/ovs_idl/__init__.py:104}}
Jun 16 17:53:49 ubuntu neutron-server[123318]: INFO neutron.plugins.ml2.drivers.ovn.mech_driver.ovsdb.impl_idl_ovn [None req-9c44f782-fbfb-4980-863b-15a416da9519 None None] Getting OvsdbSbOvnIdl for WorkerService with retry
Jun 16 17:53:49 ubuntu neutron-server[123317]: DEBUG ovsdbapp.backend.ovs_idl [None req-0a68a592-8d19-4836-a7ce-52a740799577 None None] Created schema index Connection.target {{(pid=123317) autocreate_indices /usr/local/lib/python3.8/dist-packages/ovsdbapp/backend/ovs_idl/__init__.py:104}}
Jun 16 17:53:49 ubuntu neutron-server[123317]: INFO ovsdbapp.backend.ovs_idl.vlog [None req-0a68a592-8d19-4836-a7ce-52a740799577 None None] tcp:192.168.79.41:6642: connecting...
Jun 16 17:53:49 ubuntu neutron-server[123317]: INFO ovsdbapp.backend.ovs_idl.vlog [None req-0a68a592-8d19-4836-a7ce-52a740799577 None None] tcp:192.168.79.41:6642: connected
Jun 16 17:53:49 ubuntu neutron-server[123318]: DEBUG ovsdbapp.backend.ovs_idl [None req-9c44f782-fbfb-4980-863b-15a416da9519 None None] Created lookup_table index Chassis.name {{(pid=123318) autocreate_indices /usr/local/lib/python3.8/dist-packages/ovsdbapp/backend/ovs_idl/__init__.py:85}}
Jun 16 17:53:49 ubuntu neutron-server[123318]: DEBUG ovsdbapp.backend.ovs_idl [None req-9c44f782-fbfb-4980-863b-15a416da9519 None None] Created schema index Datapath_Binding.tunnel_key {{(pid=123318) autocreate_indices /usr/local/lib/python3.8/dist-packages/ovsdbapp/backend/ovs_idl/__init__.py:104}}
Jun 16 17:53:49 ubuntu neutron-server[123318]: DEBUG ovsdbapp.backend.ovs_idl [None req-9c44f782-fbfb-4980-863b-15a416da9519 None None] Created schema index Connection.target {{(pid=123318) autocreate_indices /usr/local/lib/python3.8/dist-packages/ovsdbapp/backend/ovs_idl/__init__.py:104}}
Jun 16 17:53:49 ubuntu neutron-server[123318]: INFO ovsdbapp.backend.ovs_idl.vlog [None req-9c44f782-fbfb-4980-863b-15a416da9519 None None] tcp:192.168.79.41:6642: connecting...
Jun 16 17:53:49 ubuntu neutron-server[123318]: INFO ovsdbapp.backend.ovs_idl.vlog [None req-9c44f782-fbfb-4980-863b-15a416da9519 None None] tcp:192.168.79.41:6642: connected
Jun 16 17:53:49 ubuntu neutron-server[123109]: INFO oslo_service.service [None req-71ca3dac-8ecf-45f7-a275-e21c0538a162 None None] Starting 1 workers
Jun 16 17:53:49 ubuntu neutron-server[123109]: DEBUG oslo_service.service [None req-71ca3dac-8ecf-45f7-a275-e21c0538a162 None None] Started child 123320 {{(pid=123109) _start_child /usr/local/lib/python3.8/dist-packages/oslo_service/service.py:575}}
Jun 16 17:53:49 ubuntu neutron-server[123109]: INFO oslo_service.service [None req-71ca3dac-8ecf-45f7-a275-e21c0538a162 None None] Starting 1 workers
Jun 16 17:53:49 ubuntu neutron-server[123320]: DEBUG neutron.service [None req-71ca3dac-8ecf-45f7-a275-e21c0538a162 None None] calling RpcWorker wait() {{(pid=123320) _wait /opt/stack/neutron/neutron/service.py:128}}
Jun 16 17:53:49 ubuntu neutron-server[123320]: DEBUG neutron.service [None req-71ca3dac-8ecf-45f7-a275-e21c0538a162 None None] returning from RpcWorker wait() {{(pid=123320) _wait /opt/stack/neutron/neutron/service.py:135}}
Jun 16 17:53:49 ubuntu neutron-server[123109]: DEBUG oslo_service.service [None req-71ca3dac-8ecf-45f7-a275-e21c0538a162 None None] Started child 123321 {{(pid=123109) _start_child /usr/local/lib/python3.8/dist-packages/oslo_service/service.py:575}}
Jun 16 17:53:49 ubuntu neutron-server[123320]: DEBUG neutron_lib.callbacks.manager [-] Publish callbacks ['neutron.plugins.ml2.drivers.ovn.mech_driver.mech_driver.OVNMechanismDriver.post_fork_initialize-551489'] for process (None), after_init {{(pid=123320) _notify_loop /usr/local/lib/python3.8/dist-packages/neutron_lib/callbacks/manager.py:176}}
Jun 16 17:53:49 ubuntu neutron-server[123109]: INFO oslo_service.service [None req-71ca3dac-8ecf-45f7-a275-e21c0538a162 None None] Starting 1 workers
Jun 16 17:53:49 ubuntu neutron-server[123320]: INFO neutron.plugins.ml2.drivers.ovn.mech_driver.ovsdb.impl_idl_ovn [-] Getting OvsdbNbOvnIdl for RpcWorker with retry
Jun 16 17:53:49 ubuntu neutron-server[123317]: DEBUG neutron.common.ovn.hash_ring_manager [None req-0a68a592-8d19-4836-a7ce-52a740799577 None None] Allow caching, nodes 2>=2 {{(pid=123317) _wait_startup_before_caching /opt/stack/neutron/neutron/common/ovn/hash_ring_manager.py:60}}
Jun 16 17:53:49 ubuntu neutron-server[123109]: DEBUG oslo_service.service [None req-71ca3dac-8ecf-45f7-a275-e21c0538a162 None None] Started child 123322 {{(pid=123109) _start_child /usr/local/lib/python3.8/dist-packages/oslo_service/service.py:575}}
Jun 16 17:53:49 ubuntu neutron-server[123109]: DEBUG neutron_lib.callbacks.manager [None req-71ca3dac-8ecf-45f7-a275-e21c0538a162 None None] Publish callbacks [] for process (None), after_spawn {{(pid=123109) _notify_loop /usr/local/lib/python3.8/dist-packages/neutron_lib/callbacks/manager.py:176}}
Jun 16 17:53:49 ubuntu neutron-server[123318]: DEBUG neutron.common.ovn.hash_ring_manager [None req-9c44f782-fbfb-4980-863b-15a416da9519 None None] Allow caching, nodes 2>=2 {{(pid=123318) _wait_startup_before_caching /opt/stack/neutron/neutron/common/ovn/hash_ring_manager.py:60}}
Jun 16 17:53:49 ubuntu neutron-server[123109]: DEBUG oslo_service.service [-] Full set of CONF: {{(pid=123109) wait /usr/local/lib/python3.8/dist-packages/oslo_service/service.py:649}}
Jun 16 17:53:49 ubuntu neutron-server[123109]: DEBUG oslo_service.service [-] ******************************************************************************** {{(pid=123109) log_opt_values /usr/local/lib/python3.8/dist-packages/oslo_config/cfg.py:2589}}
Jun 16 17:53:49 ubuntu neutron-server[123109]: DEBUG oslo_service.service [-] Configuration options gathered from: {{(pid=123109) log_opt_values /usr/local/lib/python3.8/dist-packages/oslo_config/cfg.py:2590}}
Jun 16 17:53:49 ubuntu neutron-server[123109]: DEBUG oslo_service.service [-] command line args: ['--config-file', '/etc/neutron/neutron.conf', '--config-file', '/etc/neutron/plugins/ml2/ml2_conf.ini'] {{(pid=123109) log_opt_values /usr/local/lib/python3.8/dist-packages/oslo_config/cfg.py:2591}}
Jun 16 17:53:49 ubuntu neutron-server[123109]: DEBUG oslo_service.service [-] config files: ['/etc/neutron/neutron.conf', '/etc/neutron/plugins/ml2/ml2_conf.ini'] {{(pid=123109) log_opt_values /usr/local/lib/python3.8/dist-packages/oslo_config/cfg.py:2592}}
Jun 16 17:53:49 ubuntu neutron-server[123109]: DEBUG oslo_service.service [-] ================================================================================ {{(pid=123109) log_opt_values /usr/local/lib/python3.8/dist-packages/oslo_config/cfg.py:2594}}
Jun 16 17:53:49 ubuntu neutron-server[123109]: DEBUG oslo_service.service [-] agent_down_time                = 75 {{(pid=123109) log_opt_values /usr/local/lib/python3.8/dist-packages/oslo_config/cfg.py:2602}}
Jun 16 17:53:49 ubuntu neutron-server[123109]: DEBUG oslo_service.service [-] allow_automatic_dhcp_failover  = True {{(pid=123109) log_opt_values /usr/local/lib/python3.8/dist-packages/oslo_config/cfg.py:2602}}
Jun 16 17:53:49 ubuntu neutron-server[123109]: DEBUG oslo_service.service [-] allow_bulk                     = True {{(pid=123109) log_opt_values /usr/local/lib/python3.8/dist-packages/oslo_config/cfg.py:2602}}
Jun 16 17:53:49 ubuntu neutron-server[123109]: DEBUG oslo_service.service [-] allowed_conntrack_helpers      = [{'amanda': 'tcp'}, {'ftp': 'tcp'}, {'h323': 'udp'}, {'h323': 'tcp'}, {'irc': 'tcp'}, {'netbios-ns': 'udp'}, {'pptp': 'tcp'}, {'sane': 'tcp'}, {'sip': 'udp'}, {'sip': 'tcp'}, {'snmp': 'udp'}, {'tftp': 'udp'}] {{(pid=123109) log_opt_values /usr/local/lib/python3.8/dist-packages/oslo_config/cfg.py:2602}}
Jun 16 17:53:49 ubuntu neutron-server[123109]: DEBUG oslo_service.service [-] api_extensions_path            =  {{(pid=123109) log_opt_values /usr/local/lib/python3.8/dist-packages/oslo_config/cfg.py:2602}}
Jun 16 17:53:49 ubuntu neutron-server[123109]: DEBUG oslo_service.service [-] api_paste_config               = api-paste.ini {{(pid=123109) log_opt_values /usr/local/lib/python3.8/dist-packages/oslo_config/cfg.py:2602}}
Jun 16 17:53:49 ubuntu neutron-server[123109]: DEBUG oslo_service.service [-] api_workers                    = 2 {{(pid=123109) log_opt_values /usr/local/lib/python3.8/dist-packages/oslo_config/cfg.py:2602}}
Jun 16 17:53:49 ubuntu neutron-server[123109]: DEBUG oslo_service.service [-] auth_strategy                  = keystone {{(pid=123109) log_opt_values /usr/local/lib/python3.8/dist-packages/oslo_config/cfg.py:2602}}
Jun 16 17:53:49 ubuntu neutron-server[123109]: DEBUG oslo_service.service [-] backdoor_port                  = None {{(pid=123109) log_opt_values /usr/local/lib/python3.8/dist-packages/oslo_config/cfg.py:2602}}
Jun 16 17:53:49 ubuntu neutron-server[123109]: DEBUG oslo_service.service [-] backdoor_socket                = None {{(pid=123109) log_opt_values /usr/local/lib/python3.8/dist-packages/oslo_config/cfg.py:2602}}
Jun 16 17:53:49 ubuntu neutron-server[123109]: DEBUG oslo_service.service [-] backlog                        = 4096 {{(pid=123109) log_opt_values /usr/local/lib/python3.8/dist-packages/oslo_config/cfg.py:2602}}
