Apr 11 18:42:39 ubuntu neutron-server[121647]: DEBUG neutron.api.extensions [None req-acb92f3a-f1df-40b1-9f30-2ce92cd0e6eb None None] Loading extension file: vlantransparent.py {{(pid=121647) _load_all_extensions_from_path /opt/stack/neutron/neutron/api/extensions.py:450}}
Apr 11 18:42:39 ubuntu neutron-server[121647]: DEBUG neutron.api.extensions [None req-acb92f3a-f1df-40b1-9f30-2ce92cd0e6eb None None] Ext name="Vlantransparent" alias="vlan-transparent" description="Provides Vlan Transparent Networks" updated="2015-03-23T09:00:00-00:00" {{(pid=121647) _check_extension /opt/stack/neutron/neutron/api/extensions.py:416}}
Apr 11 18:42:39 ubuntu neutron-server[121647]: INFO neutron.api.extensions [None req-acb92f3a-f1df-40b1-9f30-2ce92cd0e6eb None None] Extension vlan-transparent not supported by any of loaded plugins
Apr 11 18:42:39 ubuntu neutron-server[121647]: INFO neutron.quota.resource_registry [None req-acb92f3a-f1df-40b1-9f30-2ce92cd0e6eb None None] Creating instance of TrackedResource for resource:network
Apr 11 18:42:39 ubuntu neutron-server[121647]: INFO neutron.quota.resource_registry [None req-acb92f3a-f1df-40b1-9f30-2ce92cd0e6eb None None] Creating instance of TrackedResource for resource:subnet
Apr 11 18:42:39 ubuntu neutron-server[121647]: INFO neutron.quota.resource_registry [None req-acb92f3a-f1df-40b1-9f30-2ce92cd0e6eb None None] Creating instance of TrackedResource for resource:subnetpool
Apr 11 18:42:39 ubuntu neutron-server[121647]: INFO neutron.quota.resource_registry [None req-acb92f3a-f1df-40b1-9f30-2ce92cd0e6eb None None] Creating instance of TrackedResource for resource:port
Apr 11 18:42:39 ubuntu neutron-server[121647]: DEBUG neutron.api.v2.resource_helper [None req-acb92f3a-f1df-40b1-9f30-2ce92cd0e6eb None None] Service FLAVORS assigned prefix:  {{(pid=121647) build_resource_info /opt/stack/neutron/neutron/api/v2/resource_helper.py:77}}
Apr 11 18:42:39 ubuntu neutron-server[121647]: DEBUG neutron.api.v2.resource_helper [None req-acb92f3a-f1df-40b1-9f30-2ce92cd0e6eb None None] Service L3_ROUTER_NAT assigned prefix:  {{(pid=121647) build_resource_info /opt/stack/neutron/neutron/api/v2/resource_helper.py:77}}
Apr 11 18:42:39 ubuntu neutron-server[121647]: DEBUG neutron.api.v2.resource_helper [None req-acb92f3a-f1df-40b1-9f30-2ce92cd0e6eb None None] Service L3_ROUTER_NAT assigned prefix:  {{(pid=121647) build_resource_info /opt/stack/neutron/neutron/api/v2/resource_helper.py:77}}
Apr 11 18:42:39 ubuntu neutron-server[121647]: INFO neutron.quota.resource_registry [None req-acb92f3a-f1df-40b1-9f30-2ce92cd0e6eb None None] Creating instance of TrackedResource for resource:router
Apr 11 18:42:39 ubuntu neutron-server[121647]: INFO neutron.quota.resource_registry [None req-acb92f3a-f1df-40b1-9f30-2ce92cd0e6eb None None] Creating instance of TrackedResource for resource:floatingip
Apr 11 18:42:39 ubuntu neutron-server[121647]: DEBUG neutron_lib.callbacks.manager [None req-acb92f3a-f1df-40b1-9f30-2ce92cd0e6eb None None] Subscribe: <bound method NeutronDbPluginV2.validate_network_rbac_policy_change of <neutron.services.network_ip_availability.plugin.NetworkIPAvailabilityPlugin object at 0x7fecfc6534c0>> rbac-policy before_create 55550000 {{(pid=121647) subscribe /usr/local/lib/python3.8/dist-packages/neutron_lib/callbacks/manager.py:45}}
Apr 11 18:42:39 ubuntu neutron-server[121647]: DEBUG neutron_lib.callbacks.manager [None req-acb92f3a-f1df-40b1-9f30-2ce92cd0e6eb None None] Subscribe: <bound method NeutronDbPluginV2.validate_network_rbac_policy_change of <neutron.services.network_ip_availability.plugin.NetworkIPAvailabilityPlugin object at 0x7fecfc6534c0>> rbac-policy before_update 55550000 {{(pid=121647) subscribe /usr/local/lib/python3.8/dist-packages/neutron_lib/callbacks/manager.py:45}}
Apr 11 18:42:39 ubuntu neutron-server[121647]: DEBUG neutron_lib.callbacks.manager [None req-acb92f3a-f1df-40b1-9f30-2ce92cd0e6eb None None] Subscribe: <bound method NeutronDbPluginV2.validate_network_rbac_policy_change of <neutron.services.network_ip_availability.plugin.NetworkIPAvailabilityPlugin object at 0x7fecfc6534c0>> rbac-policy before_delete 55550000 {{(pid=121647) subscribe /usr/local/lib/python3.8/dist-packages/neutron_lib/callbacks/manager.py:45}}
Apr 11 18:42:39 ubuntu neutron-server[121647]: INFO neutron.quota.resource_registry [None req-acb92f3a-f1df-40b1-9f30-2ce92cd0e6eb None None] Creating instance of CountableResource for resource:rbac_policy
Apr 11 18:42:39 ubuntu neutron-server[121647]: INFO neutron.quota.resource_registry [None req-acb92f3a-f1df-40b1-9f30-2ce92cd0e6eb None None] Creating instance of TrackedResource for resource:security_group
Apr 11 18:42:39 ubuntu neutron-server[121647]: INFO neutron.quota.resource_registry [None req-acb92f3a-f1df-40b1-9f30-2ce92cd0e6eb None None] Creating instance of TrackedResource for resource:security_group_rule
Apr 11 18:42:39 ubuntu neutron-server[121647]: DEBUG neutron.api.v2.resource_helper [None req-acb92f3a-f1df-40b1-9f30-2ce92cd0e6eb None None] Service FLAVORS assigned prefix:  {{(pid=121647) build_resource_info /opt/stack/neutron/neutron/api/v2/resource_helper.py:77}}
Apr 11 18:42:39 ubuntu neutron-server[121647]: DEBUG neutron.api.v2.resource_helper [None req-acb92f3a-f1df-40b1-9f30-2ce92cd0e6eb None None] Service L3_ROUTER_NAT assigned prefix:  {{(pid=121647) build_resource_info /opt/stack/neutron/neutron/api/v2/resource_helper.py:77}}
Apr 11 18:42:39 ubuntu neutron-server[121647]: DEBUG neutron.api.v2.resource_helper [None req-acb92f3a-f1df-40b1-9f30-2ce92cd0e6eb None None] Service L3_ROUTER_NAT assigned prefix:  {{(pid=121647) build_resource_info /opt/stack/neutron/neutron/api/v2/resource_helper.py:77}}
Apr 11 18:42:39 ubuntu neutron-server[121647]: INFO neutron.quota.resource_registry [None req-acb92f3a-f1df-40b1-9f30-2ce92cd0e6eb None None] Creating instance of TrackedResource for resource:router
Apr 11 18:42:39 ubuntu neutron-server[121647]: WARNING neutron.quota.resource_registry [None req-acb92f3a-f1df-40b1-9f30-2ce92cd0e6eb None None] router is already registered
Apr 11 18:42:39 ubuntu neutron-server[121647]: INFO neutron.quota.resource_registry [None req-acb92f3a-f1df-40b1-9f30-2ce92cd0e6eb None None] Creating instance of TrackedResource for resource:floatingip
Apr 11 18:42:39 ubuntu neutron-server[121647]: WARNING neutron.quota.resource_registry [None req-acb92f3a-f1df-40b1-9f30-2ce92cd0e6eb None None] floatingip is already registered
Apr 11 18:42:39 ubuntu neutron-server[121647]: INFO neutron.quota.resource_registry [None req-acb92f3a-f1df-40b1-9f30-2ce92cd0e6eb None None] Creating instance of CountableResource for resource:rbac_policy
Apr 11 18:42:39 ubuntu neutron-server[121647]: WARNING neutron.quota.resource_registry [None req-acb92f3a-f1df-40b1-9f30-2ce92cd0e6eb None None] rbac_policy is already registered
Apr 11 18:42:39 ubuntu neutron-server[121647]: INFO neutron.quota.resource_registry [None req-acb92f3a-f1df-40b1-9f30-2ce92cd0e6eb None None] Creating instance of TrackedResource for resource:security_group
Apr 11 18:42:39 ubuntu neutron-server[121647]: WARNING neutron.quota.resource_registry [None req-acb92f3a-f1df-40b1-9f30-2ce92cd0e6eb None None] security_group is already registered
Apr 11 18:42:39 ubuntu neutron-server[121647]: INFO neutron.quota.resource_registry [None req-acb92f3a-f1df-40b1-9f30-2ce92cd0e6eb None None] Creating instance of TrackedResource for resource:security_group_rule
Apr 11 18:42:39 ubuntu neutron-server[121647]: WARNING neutron.quota.resource_registry [None req-acb92f3a-f1df-40b1-9f30-2ce92cd0e6eb None None] security_group_rule is already registered
Apr 11 18:42:39 ubuntu neutron-server[121647]: DEBUG neutron.api.extensions [None req-acb92f3a-f1df-40b1-9f30-2ce92cd0e6eb None None] Extended resource: extensions {{(pid=121647) __init__ /opt/stack/neutron/neutron/api/extensions.py:157}}
Apr 11 18:42:39 ubuntu neutron-server[121647]: DEBUG neutron.api.extensions [None req-acb92f3a-f1df-40b1-9f30-2ce92cd0e6eb None None] Extended resource: address-groups {{(pid=121647) __init__ /opt/stack/neutron/neutron/api/extensions.py:157}}
Apr 11 18:42:39 ubuntu neutron-server[121647]: DEBUG neutron.api.extensions [None req-acb92f3a-f1df-40b1-9f30-2ce92cd0e6eb None None] Extended resource: address-scopes {{(pid=121647) __init__ /opt/stack/neutron/neutron/api/extensions.py:157}}
Apr 11 18:42:39 ubuntu neutron-server[121647]: DEBUG neutron.api.extensions [None req-acb92f3a-f1df-40b1-9f30-2ce92cd0e6eb None None] Extended resource: agents {{(pid=121647) __init__ /opt/stack/neutron/neutron/api/extensions.py:157}}
Apr 11 18:42:39 ubuntu neutron-server[121647]: DEBUG neutron.api.extensions [None req-acb92f3a-f1df-40b1-9f30-2ce92cd0e6eb None None] Extended resource: auto-allocated-topology {{(pid=121647) __init__ /opt/stack/neutron/neutron/api/extensions.py:157}}
Apr 11 18:42:39 ubuntu neutron-server[121647]: DEBUG neutron.api.extensions [None req-acb92f3a-f1df-40b1-9f30-2ce92cd0e6eb None None] Extended resource: availability_zones {{(pid=121647) __init__ /opt/stack/neutron/neutron/api/extensions.py:157}}
Apr 11 18:42:39 ubuntu neutron-server[121647]: DEBUG neutron.api.extensions [None req-acb92f3a-f1df-40b1-9f30-2ce92cd0e6eb None None] Extended resource: flavors {{(pid=121647) __init__ /opt/stack/neutron/neutron/api/extensions.py:157}}
Apr 11 18:42:39 ubuntu neutron-server[121647]: DEBUG neutron.api.extensions [None req-acb92f3a-f1df-40b1-9f30-2ce92cd0e6eb None None] Extended resource: service_profiles {{(pid=121647) __init__ /opt/stack/neutron/neutron/api/extensions.py:157}}
Apr 11 18:42:39 ubuntu neutron-server[121647]: DEBUG neutron.api.extensions [None req-acb92f3a-f1df-40b1-9f30-2ce92cd0e6eb None None] Extended resource: next_providers {{(pid=121647) __init__ /opt/stack/neutron/neutron/api/extensions.py:157}}
Apr 11 18:42:39 ubuntu neutron-server[121647]: DEBUG neutron.api.extensions [None req-acb92f3a-f1df-40b1-9f30-2ce92cd0e6eb None None] Extended resource: service_profiles {{(pid=121647) __init__ /opt/stack/neutron/neutron/api/extensions.py:157}}
Apr 11 18:42:39 ubuntu neutron-server[121647]: DEBUG neutron.api.extensions [None req-acb92f3a-f1df-40b1-9f30-2ce92cd0e6eb None None] Extended resource: floatingip-pools {{(pid=121647) __init__ /opt/stack/neutron/neutron/api/extensions.py:157}}
Apr 11 18:42:39 ubuntu neutron-server[121647]: DEBUG neutron.api.extensions [None req-acb92f3a-f1df-40b1-9f30-2ce92cd0e6eb None None] Extended resource: routers {{(pid=121647) __init__ /opt/stack/neutron/neutron/api/extensions.py:157}}
Apr 11 18:42:39 ubuntu neutron-server[121647]: DEBUG neutron.api.extensions [None req-acb92f3a-f1df-40b1-9f30-2ce92cd0e6eb None None] Extended resource: floatingips {{(pid=121647) __init__ /opt/stack/neutron/neutron/api/extensions.py:157}}
Apr 11 18:42:39 ubuntu neutron-server[121647]: DEBUG neutron.api.extensions [None req-acb92f3a-f1df-40b1-9f30-2ce92cd0e6eb None None] Extended resource: network-ip-availabilities {{(pid=121647) __init__ /opt/stack/neutron/neutron/api/extensions.py:157}}
Apr 11 18:42:39 ubuntu neutron-server[121647]: DEBUG neutron.api.extensions [None req-acb92f3a-f1df-40b1-9f30-2ce92cd0e6eb None None] Extended resource: bindings {{(pid=121647) __init__ /opt/stack/neutron/neutron/api/extensions.py:157}}
Apr 11 18:42:39 ubuntu neutron-server[121647]: DEBUG neutron.api.extensions [None req-acb92f3a-f1df-40b1-9f30-2ce92cd0e6eb None None] Extended resource: quotas {{(pid=121647) __init__ /opt/stack/neutron/neutron/api/extensions.py:157}}
Apr 11 18:42:39 ubuntu neutron-server[121647]: DEBUG neutron.api.extensions [None req-acb92f3a-f1df-40b1-9f30-2ce92cd0e6eb None None] Extended resource: quotas {{(pid=121647) __init__ /opt/stack/neutron/neutron/api/extensions.py:157}}
Apr 11 18:42:39 ubuntu neutron-server[121647]: DEBUG neutron.api.extensions [None req-acb92f3a-f1df-40b1-9f30-2ce92cd0e6eb None None] Extended resource: rbac-policies {{(pid=121647) __init__ /opt/stack/neutron/neutron/api/extensions.py:157}}
Apr 11 18:42:39 ubuntu neutron-server[121647]: DEBUG neutron.api.extensions [None req-acb92f3a-f1df-40b1-9f30-2ce92cd0e6eb None None] Extended resource: security-groups {{(pid=121647) __init__ /opt/stack/neutron/neutron/api/extensions.py:157}}
Apr 11 18:42:39 ubuntu neutron-server[121647]: DEBUG neutron.api.extensions [None req-acb92f3a-f1df-40b1-9f30-2ce92cd0e6eb None None] Extended resource: security-group-rules {{(pid=121647) __init__ /opt/stack/neutron/neutron/api/extensions.py:157}}
Apr 11 18:42:39 ubuntu neutron-server[121647]: DEBUG neutron.api.extensions [None req-acb92f3a-f1df-40b1-9f30-2ce92cd0e6eb None None] Extended resource: service-providers {{(pid=121647) __init__ /opt/stack/neutron/neutron/api/extensions.py:157}}
Apr 11 18:42:39 ubuntu neutron-server[121647]: DEBUG neutron.api.extensions [None req-acb92f3a-f1df-40b1-9f30-2ce92cd0e6eb None None] Extended resource: tags {{(pid=121647) __init__ /opt/stack/neutron/neutron/api/extensions.py:157}}
Apr 11 18:42:39 ubuntu neutron-server[121647]: DEBUG neutron.api.extensions [None req-acb92f3a-f1df-40b1-9f30-2ce92cd0e6eb None None] Extended resource: tags {{(pid=121647) __init__ /opt/stack/neutron/neutron/api/extensions.py:157}}
Apr 11 18:42:39 ubuntu neutron-server[121647]: DEBUG neutron.api.extensions [None req-acb92f3a-f1df-40b1-9f30-2ce92cd0e6eb None None] Extended resource: tags {{(pid=121647) __init__ /opt/stack/neutron/neutron/api/extensions.py:157}}
Apr 11 18:42:39 ubuntu neutron-server[121647]: DEBUG neutron.api.extensions [None req-acb92f3a-f1df-40b1-9f30-2ce92cd0e6eb None None] Extended resource: tags {{(pid=121647) __init__ /opt/stack/neutron/neutron/api/extensions.py:157}}
Apr 11 18:42:39 ubuntu neutron-server[121647]: DEBUG neutron.api.extensions [None req-acb92f3a-f1df-40b1-9f30-2ce92cd0e6eb None None] Extended resource: tags {{(pid=121647) __init__ /opt/stack/neutron/neutron/api/extensions.py:157}}
Apr 11 18:42:39 ubuntu neutron-server[121647]: DEBUG neutron.api.extensions [None req-acb92f3a-f1df-40b1-9f30-2ce92cd0e6eb None None] Extended resource: tags {{(pid=121647) __init__ /opt/stack/neutron/neutron/api/extensions.py:157}}
Apr 11 18:42:39 ubuntu neutron-server[121647]: DEBUG neutron.api.extensions [None req-acb92f3a-f1df-40b1-9f30-2ce92cd0e6eb None None] Extended resource: tags {{(pid=121647) __init__ /opt/stack/neutron/neutron/api/extensions.py:157}}
Apr 11 18:42:39 ubuntu neutron-server[121647]: DEBUG neutron.api.extensions [None req-acb92f3a-f1df-40b1-9f30-2ce92cd0e6eb None None] Extended resource: tags {{(pid=121647) __init__ /opt/stack/neutron/neutron/api/extensions.py:157}}
Apr 11 18:42:39 ubuntu neutron-server[121647]: DEBUG neutron.api.extensions [None req-acb92f3a-f1df-40b1-9f30-2ce92cd0e6eb None None] Extended resource: tags {{(pid=121647) __init__ /opt/stack/neutron/neutron/api/extensions.py:157}}
Apr 11 18:42:39 ubuntu neutron-server[121647]: DEBUG neutron.api.extensions [None req-acb92f3a-f1df-40b1-9f30-2ce92cd0e6eb None None] Extended resource: tags {{(pid=121647) __init__ /opt/stack/neutron/neutron/api/extensions.py:157}}
Apr 11 18:42:39 ubuntu neutron-server[121647]: WARNING keystonemiddleware.auth_token [None req-acb92f3a-f1df-40b1-9f30-2ce92cd0e6eb None None] AuthToken middleware is set with keystone_authtoken.service_token_roles_required set to False. This is backwards compatible but deprecated behaviour. Please set this to True.
Apr 11 18:42:39 ubuntu neutron-server[121647]: WARNING keystonemiddleware.auth_token [None req-acb92f3a-f1df-40b1-9f30-2ce92cd0e6eb None None] Configuring www_authenticate_uri to point to the public identity endpoint is required; clients may not be able to authenticate against an admin endpoint
Apr 11 18:42:39 ubuntu neutron-server[121647]: DEBUG oslo_concurrency.lockutils [None req-acb92f3a-f1df-40b1-9f30-2ce92cd0e6eb None None] Acquired lock "singleton_lock" {{(pid=121647) lock /usr/local/lib/python3.8/dist-packages/oslo_concurrency/lockutils.py:294}}
Apr 11 18:42:39 ubuntu neutron-server[121647]: DEBUG oslo_concurrency.lockutils [None req-acb92f3a-f1df-40b1-9f30-2ce92cd0e6eb None None] Releasing lock "singleton_lock" {{(pid=121647) lock /usr/local/lib/python3.8/dist-packages/oslo_concurrency/lockutils.py:312}}
Apr 11 18:42:39 ubuntu neutron-server[121647]: INFO oslo_service.service [None req-acb92f3a-f1df-40b1-9f30-2ce92cd0e6eb None None] Starting 2 workers
Apr 11 18:42:39 ubuntu neutron-server[121647]: DEBUG oslo_service.service [None req-acb92f3a-f1df-40b1-9f30-2ce92cd0e6eb None None] Started child 121858 {{(pid=121647) _start_child /usr/local/lib/python3.8/dist-packages/oslo_service/service.py:575}}
Apr 11 18:42:39 ubuntu neutron-server[121647]: DEBUG oslo_service.service [None req-acb92f3a-f1df-40b1-9f30-2ce92cd0e6eb None None] Started child 121859 {{(pid=121647) _start_child /usr/local/lib/python3.8/dist-packages/oslo_service/service.py:575}}
Apr 11 18:42:39 ubuntu neutron-server[121647]: INFO neutron.service [None req-acb92f3a-f1df-40b1-9f30-2ce92cd0e6eb None None] Neutron service started, listening on 0.0.0.0:9696
Apr 11 18:42:39 ubuntu neutron-server[121647]: DEBUG neutron_lib.callbacks.manager [None req-acb92f3a-f1df-40b1-9f30-2ce92cd0e6eb None None] Publish callbacks ['neutron.plugins.ml2.drivers.ovn.mech_driver.mech_driver.OVNMechanismDriver.pre_fork_initialize-1702745'] for process (None), before_spawn {{(pid=121647) _notify_loop /usr/local/lib/python3.8/dist-packages/neutron_lib/callbacks/manager.py:176}}
Apr 11 18:42:39 ubuntu neutron-server[121859]: DEBUG neutron_lib.callbacks.manager [-] Publish callbacks ['neutron.plugins.ml2.drivers.ovn.mech_driver.mech_driver.OVNMechanismDriver.post_fork_initialize-1702661'] for process (None), after_init {{(pid=121859) _notify_loop /usr/local/lib/python3.8/dist-packages/neutron_lib/callbacks/manager.py:176}}
Apr 11 18:42:39 ubuntu neutron-server[121858]: DEBUG neutron_lib.callbacks.manager [-] Publish callbacks ['neutron.plugins.ml2.drivers.ovn.mech_driver.mech_driver.OVNMechanismDriver.post_fork_initialize-1702661'] for process (None), after_init {{(pid=121858) _notify_loop /usr/local/lib/python3.8/dist-packages/neutron_lib/callbacks/manager.py:176}}
Apr 11 18:42:39 ubuntu neutron-server[121647]: DEBUG ovsdbapp.backend.ovs_idl [None req-acb92f3a-f1df-40b1-9f30-2ce92cd0e6eb None None] Created schema index Port_Group.name {{(pid=121647) autocreate_indices /usr/local/lib/python3.8/dist-packages/ovsdbapp/backend/ovs_idl/__init__.py:126}}
Apr 11 18:42:39 ubuntu neutron-server[121647]: DEBUG ovsdbapp.backend.ovs_idl [None req-acb92f3a-f1df-40b1-9f30-2ce92cd0e6eb None None] Created schema index Logical_Switch_Port.name {{(pid=121647) autocreate_indices /usr/local/lib/python3.8/dist-packages/ovsdbapp/backend/ovs_idl/__init__.py:126}}
Apr 11 18:42:39 ubuntu neutron-server[121858]: INFO neutron.plugins.ml2.drivers.ovn.mech_driver.ovsdb.impl_idl_ovn [None req-a085b06c-9e01-436d-9ed4-60bd67c75ac6 None None] Getting OvsdbNbOvnIdl for WorkerService with retry
Apr 11 18:42:39 ubuntu neutron-server[121859]: INFO neutron.plugins.ml2.drivers.ovn.mech_driver.ovsdb.impl_idl_ovn [None req-a8d11427-d56a-4edf-ada4-2b9c2694c66d None None] Getting OvsdbNbOvnIdl for WorkerService with retry
Apr 11 18:42:39 ubuntu neutron-server[121859]: DEBUG ovsdbapp.backend.ovs_idl [None req-a8d11427-d56a-4edf-ada4-2b9c2694c66d None None] Created lookup_table index Logical_Switch.name {{(pid=121859) autocreate_indices /usr/local/lib/python3.8/dist-packages/ovsdbapp/backend/ovs_idl/__init__.py:107}}
Apr 11 18:42:39 ubuntu neutron-server[121859]: DEBUG ovsdbapp.backend.ovs_idl [None req-a8d11427-d56a-4edf-ada4-2b9c2694c66d None None] Created lookup_table index Logical_Router.name {{(pid=121859) autocreate_indices /usr/local/lib/python3.8/dist-packages/ovsdbapp/backend/ovs_idl/__init__.py:107}}
Apr 11 18:42:39 ubuntu neutron-server[121859]: DEBUG ovsdbapp.backend.ovs_idl [None req-a8d11427-d56a-4edf-ada4-2b9c2694c66d None None] Created lookup_table index Load_Balancer.name {{(pid=121859) autocreate_indices /usr/local/lib/python3.8/dist-packages/ovsdbapp/backend/ovs_idl/__init__.py:107}}
Apr 11 18:42:39 ubuntu neutron-server[121859]: DEBUG ovsdbapp.backend.ovs_idl [None req-a8d11427-d56a-4edf-ada4-2b9c2694c66d None None] Created schema index Meter.name {{(pid=121859) autocreate_indices /usr/local/lib/python3.8/dist-packages/ovsdbapp/backend/ovs_idl/__init__.py:126}}
Apr 11 18:42:39 ubuntu neutron-server[121859]: DEBUG ovsdbapp.backend.ovs_idl [None req-a8d11427-d56a-4edf-ada4-2b9c2694c66d None None] Created schema index Address_Set.name {{(pid=121859) autocreate_indices /usr/local/lib/python3.8/dist-packages/ovsdbapp/backend/ovs_idl/__init__.py:126}}
Apr 11 18:42:39 ubuntu neutron-server[121859]: DEBUG ovsdbapp.backend.ovs_idl [None req-a8d11427-d56a-4edf-ada4-2b9c2694c66d None None] Created schema index HA_Chassis_Group.name {{(pid=121859) autocreate_indices /usr/local/lib/python3.8/dist-packages/ovsdbapp/backend/ovs_idl/__init__.py:126}}
Apr 11 18:42:39 ubuntu neutron-server[121859]: DEBUG ovsdbapp.backend.ovs_idl [None req-a8d11427-d56a-4edf-ada4-2b9c2694c66d None None] Created schema index Connection.target {{(pid=121859) autocreate_indices /usr/local/lib/python3.8/dist-packages/ovsdbapp/backend/ovs_idl/__init__.py:126}}
Apr 11 18:42:39 ubuntu neutron-server[121859]: DEBUG ovsdbapp.backend.ovs_idl [None req-a8d11427-d56a-4edf-ada4-2b9c2694c66d None None] Created schema index Gateway_Chassis.name {{(pid=121859) autocreate_indices /usr/local/lib/python3.8/dist-packages/ovsdbapp/backend/ovs_idl/__init__.py:126}}
Apr 11 18:42:39 ubuntu neutron-server[121859]: DEBUG ovsdbapp.backend.ovs_idl [None req-a8d11427-d56a-4edf-ada4-2b9c2694c66d None None] Created schema index Logical_Router_Port.name {{(pid=121859) autocreate_indices /usr/local/lib/python3.8/dist-packages/ovsdbapp/backend/ovs_idl/__init__.py:126}}
Apr 11 18:42:39 ubuntu neutron-server[121859]: DEBUG ovsdbapp.backend.ovs_idl [None req-a8d11427-d56a-4edf-ada4-2b9c2694c66d None None] Created schema index Port_Group.name {{(pid=121859) autocreate_indices /usr/local/lib/python3.8/dist-packages/ovsdbapp/backend/ovs_idl/__init__.py:126}}
Apr 11 18:42:39 ubuntu neutron-server[121858]: DEBUG ovsdbapp.backend.ovs_idl [None req-a085b06c-9e01-436d-9ed4-60bd67c75ac6 None None] Created lookup_table index Logical_Switch.name {{(pid=121858) autocreate_indices /usr/local/lib/python3.8/dist-packages/ovsdbapp/backend/ovs_idl/__init__.py:107}}
Apr 11 18:42:39 ubuntu neutron-server[121859]: DEBUG ovsdbapp.backend.ovs_idl [None req-a8d11427-d56a-4edf-ada4-2b9c2694c66d None None] Created schema index Logical_Switch_Port.name {{(pid=121859) autocreate_indices /usr/local/lib/python3.8/dist-packages/ovsdbapp/backend/ovs_idl/__init__.py:126}}
Apr 11 18:42:39 ubuntu neutron-server[121858]: DEBUG ovsdbapp.backend.ovs_idl [None req-a085b06c-9e01-436d-9ed4-60bd67c75ac6 None None] Created lookup_table index Logical_Router.name {{(pid=121858) autocreate_indices /usr/local/lib/python3.8/dist-packages/ovsdbapp/backend/ovs_idl/__init__.py:107}}
Apr 11 18:42:39 ubuntu neutron-server[121858]: DEBUG ovsdbapp.backend.ovs_idl [None req-a085b06c-9e01-436d-9ed4-60bd67c75ac6 None None] Created lookup_table index Load_Balancer.name {{(pid=121858) autocreate_indices /usr/local/lib/python3.8/dist-packages/ovsdbapp/backend/ovs_idl/__init__.py:107}}
Apr 11 18:42:39 ubuntu neutron-server[121859]: INFO ovsdbapp.backend.ovs_idl.vlog [None req-a8d11427-d56a-4edf-ada4-2b9c2694c66d None None] tcp:192.168.79.42:6641: connecting...
Apr 11 18:42:39 ubuntu neutron-server[121858]: DEBUG ovsdbapp.backend.ovs_idl [None req-a085b06c-9e01-436d-9ed4-60bd67c75ac6 None None] Created schema index Meter.name {{(pid=121858) autocreate_indices /usr/local/lib/python3.8/dist-packages/ovsdbapp/backend/ovs_idl/__init__.py:126}}
Apr 11 18:42:39 ubuntu neutron-server[121858]: DEBUG ovsdbapp.backend.ovs_idl [None req-a085b06c-9e01-436d-9ed4-60bd67c75ac6 None None] Created schema index Address_Set.name {{(pid=121858) autocreate_indices /usr/local/lib/python3.8/dist-packages/ovsdbapp/backend/ovs_idl/__init__.py:126}}
Apr 11 18:42:39 ubuntu neutron-server[121859]: INFO ovsdbapp.backend.ovs_idl.vlog [None req-a8d11427-d56a-4edf-ada4-2b9c2694c66d None None] tcp:192.168.79.42:6641: connected
Apr 11 18:42:39 ubuntu neutron-server[121858]: DEBUG ovsdbapp.backend.ovs_idl [None req-a085b06c-9e01-436d-9ed4-60bd67c75ac6 None None] Created schema index HA_Chassis_Group.name {{(pid=121858) autocreate_indices /usr/local/lib/python3.8/dist-packages/ovsdbapp/backend/ovs_idl/__init__.py:126}}
Apr 11 18:42:39 ubuntu neutron-server[121858]: DEBUG ovsdbapp.backend.ovs_idl [None req-a085b06c-9e01-436d-9ed4-60bd67c75ac6 None None] Created schema index Connection.target {{(pid=121858) autocreate_indices /usr/local/lib/python3.8/dist-packages/ovsdbapp/backend/ovs_idl/__init__.py:126}}
Apr 11 18:42:39 ubuntu neutron-server[121858]: DEBUG ovsdbapp.backend.ovs_idl [None req-a085b06c-9e01-436d-9ed4-60bd67c75ac6 None None] Created schema index Gateway_Chassis.name {{(pid=121858) autocreate_indices /usr/local/lib/python3.8/dist-packages/ovsdbapp/backend/ovs_idl/__init__.py:126}}
Apr 11 18:42:39 ubuntu neutron-server[121858]: DEBUG ovsdbapp.backend.ovs_idl [None req-a085b06c-9e01-436d-9ed4-60bd67c75ac6 None None] Created schema index Logical_Router_Port.name {{(pid=121858) autocreate_indices /usr/local/lib/python3.8/dist-packages/ovsdbapp/backend/ovs_idl/__init__.py:126}}
Apr 11 18:42:39 ubuntu neutron-server[121858]: DEBUG ovsdbapp.backend.ovs_idl [None req-a085b06c-9e01-436d-9ed4-60bd67c75ac6 None None] Created schema index Port_Group.name {{(pid=121858) autocreate_indices /usr/local/lib/python3.8/dist-packages/ovsdbapp/backend/ovs_idl/__init__.py:126}}
Apr 11 18:42:39 ubuntu neutron-server[121858]: DEBUG ovsdbapp.backend.ovs_idl [None req-a085b06c-9e01-436d-9ed4-60bd67c75ac6 None None] Created schema index Logical_Switch_Port.name {{(pid=121858) autocreate_indices /usr/local/lib/python3.8/dist-packages/ovsdbapp/backend/ovs_idl/__init__.py:126}}
Apr 11 18:42:39 ubuntu neutron-server[121858]: INFO ovsdbapp.backend.ovs_idl.vlog [None req-a085b06c-9e01-436d-9ed4-60bd67c75ac6 None None] tcp:192.168.79.42:6641: connecting...
Apr 11 18:42:39 ubuntu neutron-server[121858]: INFO ovsdbapp.backend.ovs_idl.vlog [None req-a085b06c-9e01-436d-9ed4-60bd67c75ac6 None None] tcp:192.168.79.42:6641: connected
Apr 11 18:42:39 ubuntu neutron-server[121647]: DEBUG ovsdbapp.backend.ovs_idl.transaction [-] Running txn n=1 command(idx=0): PgAddCommand(name=neutron_pg_drop, may_exist=True, columns={'acls': []}) {{(pid=121647) do_commit /usr/local/lib/python3.8/dist-packages/ovsdbapp/backend/ovs_idl/transaction.py:90}}
Apr 11 18:42:39 ubuntu neutron-server[121647]: DEBUG ovsdbapp.backend.ovs_idl.transaction [-] Running txn n=1 command(idx=1): PgAclAddCommand(entity=neutron_pg_drop, direction=from-lport, priority=1001, match=inport == @neutron_pg_drop && ip, action=drop, log=False, may_exist=True, severity=[], name=[], meter=None, external_ids={}) {{(pid=121647) do_commit /usr/local/lib/python3.8/dist-packages/ovsdbapp/backend/ovs_idl/transaction.py:90}}
Apr 11 18:42:39 ubuntu neutron-server[121647]: DEBUG ovsdbapp.backend.ovs_idl.transaction [-] Running txn n=1 command(idx=2): PgAclAddCommand(entity=neutron_pg_drop, direction=to-lport, priority=1001, match=outport == @neutron_pg_drop && ip, action=drop, log=False, may_exist=True, severity=[], name=[], meter=None, external_ids={}) {{(pid=121647) do_commit /usr/local/lib/python3.8/dist-packages/ovsdbapp/backend/ovs_idl/transaction.py:90}}
Apr 11 18:42:39 ubuntu neutron-server[121647]: DEBUG ovsdbapp.backend.ovs_idl.event [-] Matched CREATE: NeutronPgDropPortGroupCreated(events=('create',), table='Port_Group', conditions=(('name', '=', 'neutron_pg_drop'),), old_conditions=None), priority=10 to row=Port_Group(name=neutron_pg_drop, ports=[], external_ids={}, acls=[<ovs.db.idl.Row object at 0x7fecfc6b4eb0>, <ovs.db.idl.Row object at 0x7fecfc6b9f40>]) old= {{(pid=121647) matches /usr/local/lib/python3.8/dist-packages/ovsdbapp/backend/ovs_idl/event.py:43}}
Apr 11 18:42:39 ubuntu neutron-server[121647]: DEBUG ovsdbapp.backend.ovs_idl [None req-acb92f3a-f1df-40b1-9f30-2ce92cd0e6eb None None] Created lookup_table index Logical_Switch.name {{(pid=121647) autocreate_indices /usr/local/lib/python3.8/dist-packages/ovsdbapp/backend/ovs_idl/__init__.py:107}}
Apr 11 18:42:39 ubuntu neutron-server[121647]: DEBUG ovsdbapp.backend.ovs_idl [None req-acb92f3a-f1df-40b1-9f30-2ce92cd0e6eb None None] Created lookup_table index Logical_Router.name {{(pid=121647) autocreate_indices /usr/local/lib/python3.8/dist-packages/ovsdbapp/backend/ovs_idl/__init__.py:107}}
Apr 11 18:42:39 ubuntu neutron-server[121647]: DEBUG ovsdbapp.backend.ovs_idl [None req-acb92f3a-f1df-40b1-9f30-2ce92cd0e6eb None None] Created lookup_table index Load_Balancer.name {{(pid=121647) autocreate_indices /usr/local/lib/python3.8/dist-packages/ovsdbapp/backend/ovs_idl/__init__.py:107}}
Apr 11 18:42:39 ubuntu neutron-server[121647]: DEBUG ovsdbapp.backend.ovs_idl [None req-acb92f3a-f1df-40b1-9f30-2ce92cd0e6eb None None] Created schema index Meter.name {{(pid=121647) autocreate_indices /usr/local/lib/python3.8/dist-packages/ovsdbapp/backend/ovs_idl/__init__.py:126}}
Apr 11 18:42:39 ubuntu neutron-server[121647]: DEBUG ovsdbapp.backend.ovs_idl [None req-acb92f3a-f1df-40b1-9f30-2ce92cd0e6eb None None] Created schema index Address_Set.name {{(pid=121647) autocreate_indices /usr/local/lib/python3.8/dist-packages/ovsdbapp/backend/ovs_idl/__init__.py:126}}
Apr 11 18:42:39 ubuntu neutron-server[121647]: DEBUG ovsdbapp.backend.ovs_idl [None req-acb92f3a-f1df-40b1-9f30-2ce92cd0e6eb None None] Created schema index HA_Chassis_Group.name {{(pid=121647) autocreate_indices /usr/local/lib/python3.8/dist-packages/ovsdbapp/backend/ovs_idl/__init__.py:126}}
Apr 11 18:42:39 ubuntu neutron-server[121647]: DEBUG ovsdbapp.backend.ovs_idl [None req-acb92f3a-f1df-40b1-9f30-2ce92cd0e6eb None None] Created schema index Connection.target {{(pid=121647) autocreate_indices /usr/local/lib/python3.8/dist-packages/ovsdbapp/backend/ovs_idl/__init__.py:126}}
Apr 11 18:42:39 ubuntu neutron-server[121647]: DEBUG ovsdbapp.backend.ovs_idl [None req-acb92f3a-f1df-40b1-9f30-2ce92cd0e6eb None None] Created schema index Gateway_Chassis.name {{(pid=121647) autocreate_indices /usr/local/lib/python3.8/dist-packages/ovsdbapp/backend/ovs_idl/__init__.py:126}}
Apr 11 18:42:39 ubuntu neutron-server[121647]: DEBUG ovsdbapp.backend.ovs_idl [None req-acb92f3a-f1df-40b1-9f30-2ce92cd0e6eb None None] Created schema index Logical_Router_Port.name {{(pid=121647) autocreate_indices /usr/local/lib/python3.8/dist-packages/ovsdbapp/backend/ovs_idl/__init__.py:126}}
Apr 11 18:42:39 ubuntu neutron-server[121647]: DEBUG ovsdbapp.backend.ovs_idl [None req-acb92f3a-f1df-40b1-9f30-2ce92cd0e6eb None None] Created schema index Port_Group.name {{(pid=121647) autocreate_indices /usr/local/lib/python3.8/dist-packages/ovsdbapp/backend/ovs_idl/__init__.py:126}}
Apr 11 18:42:39 ubuntu neutron-server[121647]: DEBUG ovsdbapp.backend.ovs_idl [None req-acb92f3a-f1df-40b1-9f30-2ce92cd0e6eb None None] Created schema index Logical_Switch_Port.name {{(pid=121647) autocreate_indices /usr/local/lib/python3.8/dist-packages/ovsdbapp/backend/ovs_idl/__init__.py:126}}
Apr 11 18:42:39 ubuntu neutron-server[121859]: DEBUG neutron.common.ovn.hash_ring_manager [None req-a8d11427-d56a-4edf-ada4-2b9c2694c66d None None] Allow caching, nodes 2>=2 {{(pid=121859) _wait_startup_before_caching /opt/stack/neutron/neutron/common/ovn/hash_ring_manager.py:60}}
Apr 11 18:42:39 ubuntu neutron-server[121858]: DEBUG neutron.common.ovn.hash_ring_manager [None req-a085b06c-9e01-436d-9ed4-60bd67c75ac6 None None] Allow caching, nodes 2>=2 {{(pid=121858) _wait_startup_before_caching /opt/stack/neutron/neutron/common/ovn/hash_ring_manager.py:60}}
Apr 11 18:42:39 ubuntu neutron-server[121859]: DEBUG neutron.plugins.ml2.drivers.ovn.mech_driver.ovsdb.ovsdb_monitor [None req-a8d11427-d56a-4edf-ada4-2b9c2694c66d None None] Hash Ring: Node 915b7246-f5fe-4440-99d2-9050798e6018 (host: ubuntu) handling event "create" for row ab1065d1-3b22-4204-aa4c-634b683268ef (table: Database) {{(pid=121859) notify /opt/stack/neutron/neutron/plugins/ml2/drivers/ovn/mech_driver/ovsdb/ovsdb_monitor.py:805}}
Apr 11 18:42:39 ubuntu neutron-server[121858]: DEBUG neutron.plugins.ml2.drivers.ovn.mech_driver.ovsdb.ovsdb_monitor [None req-a085b06c-9e01-436d-9ed4-60bd67c75ac6 None None] Hash Ring: Node f2614dde-3485-44c7-afff-fa44e9550267 (host: ubuntu) handling event "create" for row 6d4a5d9e-37f0-4c90-aa40-47c56490c734 (table: Database) {{(pid=121858) notify /opt/stack/neutron/neutron/plugins/ml2/drivers/ovn/mech_driver/ovsdb/ovsdb_monitor.py:805}}
Apr 11 18:42:39 ubuntu neutron-server[121859]: DEBUG neutron.plugins.ml2.drivers.ovn.mech_driver.ovsdb.ovsdb_monitor [None req-a8d11427-d56a-4edf-ada4-2b9c2694c66d None None] Hash Ring: Node 915b7246-f5fe-4440-99d2-9050798e6018 (host: ubuntu) handling event "create" for row df0a8f81-27e3-43d8-988f-3469537629b7 (table: Port_Group) {{(pid=121859) notify /opt/stack/neutron/neutron/plugins/ml2/drivers/ovn/mech_driver/ovsdb/ovsdb_monitor.py:805}}
Apr 11 18:42:39 ubuntu neutron-server[121858]: DEBUG neutron.plugins.ml2.drivers.ovn.mech_driver.ovsdb.ovsdb_monitor [None req-a085b06c-9e01-436d-9ed4-60bd67c75ac6 None None] Hash Ring: Node f2614dde-3485-44c7-afff-fa44e9550267 (host: ubuntu) handling event "create" for row ab03f392-4152-4979-9cb5-ac54e4e6180b (table: NB_Global) {{(pid=121858) notify /opt/stack/neutron/neutron/plugins/ml2/drivers/ovn/mech_driver/ovsdb/ovsdb_monitor.py:805}}
Apr 11 18:42:39 ubuntu neutron-server[121859]: DEBUG neutron.plugins.ml2.drivers.ovn.mech_driver.ovsdb.ovsdb_monitor [None req-a8d11427-d56a-4edf-ada4-2b9c2694c66d None None] Hash Ring: Node 915b7246-f5fe-4440-99d2-9050798e6018 (host: ubuntu) handling event "create" for row 7596b35e-a82d-467c-92b1-23343446412a (table: ACL) {{(pid=121859) notify /opt/stack/neutron/neutron/plugins/ml2/drivers/ovn/mech_driver/ovsdb/ovsdb_monitor.py:805}}
Apr 11 18:42:39 ubuntu neutron-server[121859]: DEBUG neutron.plugins.ml2.drivers.ovn.mech_driver.ovsdb.ovsdb_monitor [None req-a8d11427-d56a-4edf-ada4-2b9c2694c66d None None] Hash Ring: Node 915b7246-f5fe-4440-99d2-9050798e6018 (host: ubuntu) handling event "create" for row 37657615-94ca-4749-83c1-e3beb326caa0 (table: Connection) {{(pid=121859) notify /opt/stack/neutron/neutron/plugins/ml2/drivers/ovn/mech_driver/ovsdb/ovsdb_monitor.py:805}}
Apr 11 18:42:39 ubuntu neutron-server[121858]: DEBUG neutron.plugins.ml2.drivers.ovn.mech_driver.ovsdb.ovsdb_monitor [None req-a085b06c-9e01-436d-9ed4-60bd67c75ac6 None None] Hash Ring: Node f2614dde-3485-44c7-afff-fa44e9550267 (host: ubuntu) handling event "create" for row ac08b0f1-1e00-4b97-8fc1-712308f3e50e (table: ACL) {{(pid=121858) notify /opt/stack/neutron/neutron/plugins/ml2/drivers/ovn/mech_driver/ovsdb/ovsdb_monitor.py:805}}
Apr 11 18:42:39 ubuntu neutron-server[121859]: INFO neutron.plugins.ml2.drivers.ovn.mech_driver.ovsdb.impl_idl_ovn [None req-a8d11427-d56a-4edf-ada4-2b9c2694c66d None None] Getting OvsdbSbOvnIdl for WorkerService with retry
Apr 11 18:42:39 ubuntu neutron-server[121858]: INFO neutron.plugins.ml2.drivers.ovn.mech_driver.ovsdb.impl_idl_ovn [None req-a085b06c-9e01-436d-9ed4-60bd67c75ac6 None None] Getting OvsdbSbOvnIdl for WorkerService with retry
Apr 11 18:42:39 ubuntu neutron-server[121859]: DEBUG ovsdbapp.backend.ovs_idl [None req-a8d11427-d56a-4edf-ada4-2b9c2694c66d None None] Created lookup_table index Chassis.name {{(pid=121859) autocreate_indices /usr/local/lib/python3.8/dist-packages/ovsdbapp/backend/ovs_idl/__init__.py:107}}
Apr 11 18:42:39 ubuntu neutron-server[121859]: DEBUG ovsdbapp.backend.ovs_idl [None req-a8d11427-d56a-4edf-ada4-2b9c2694c66d None None] Created schema index Datapath_Binding.tunnel_key {{(pid=121859) autocreate_indices /usr/local/lib/python3.8/dist-packages/ovsdbapp/backend/ovs_idl/__init__.py:126}}
Apr 11 18:42:39 ubuntu neutron-server[121859]: DEBUG ovsdbapp.backend.ovs_idl [None req-a8d11427-d56a-4edf-ada4-2b9c2694c66d None None] Created schema index Connection.target {{(pid=121859) autocreate_indices /usr/local/lib/python3.8/dist-packages/ovsdbapp/backend/ovs_idl/__init__.py:126}}
Apr 11 18:42:39 ubuntu neutron-server[121859]: INFO ovsdbapp.backend.ovs_idl.vlog [None req-a8d11427-d56a-4edf-ada4-2b9c2694c66d None None] tcp:192.168.79.42:6642: connecting...
Apr 11 18:42:39 ubuntu neutron-server[121859]: INFO ovsdbapp.backend.ovs_idl.vlog [None req-a8d11427-d56a-4edf-ada4-2b9c2694c66d None None] tcp:192.168.79.42:6642: connected
Apr 11 18:42:39 ubuntu neutron-server[121858]: DEBUG ovsdbapp.backend.ovs_idl [None req-a085b06c-9e01-436d-9ed4-60bd67c75ac6 None None] Created lookup_table index Chassis.name {{(pid=121858) autocreate_indices /usr/local/lib/python3.8/dist-packages/ovsdbapp/backend/ovs_idl/__init__.py:107}}
Apr 11 18:42:39 ubuntu neutron-server[121858]: DEBUG ovsdbapp.backend.ovs_idl [None req-a085b06c-9e01-436d-9ed4-60bd67c75ac6 None None] Created schema index Datapath_Binding.tunnel_key {{(pid=121858) autocreate_indices /usr/local/lib/python3.8/dist-packages/ovsdbapp/backend/ovs_idl/__init__.py:126}}
Apr 11 18:42:39 ubuntu neutron-server[121858]: DEBUG ovsdbapp.backend.ovs_idl [None req-a085b06c-9e01-436d-9ed4-60bd67c75ac6 None None] Created schema index Connection.target {{(pid=121858) autocreate_indices /usr/local/lib/python3.8/dist-packages/ovsdbapp/backend/ovs_idl/__init__.py:126}}
Apr 11 18:42:39 ubuntu neutron-server[121858]: INFO ovsdbapp.backend.ovs_idl.vlog [None req-a085b06c-9e01-436d-9ed4-60bd67c75ac6 None None] tcp:192.168.79.42:6642: connecting...
Apr 11 18:42:39 ubuntu neutron-server[121858]: INFO ovsdbapp.backend.ovs_idl.vlog [None req-a085b06c-9e01-436d-9ed4-60bd67c75ac6 None None] tcp:192.168.79.42:6642: connected
Apr 11 18:42:39 ubuntu neutron-server[121647]: DEBUG ovsdbapp.backend.ovs_idl [None req-acb92f3a-f1df-40b1-9f30-2ce92cd0e6eb None None] Created lookup_table index Chassis.name {{(pid=121647) autocreate_indices /usr/local/lib/python3.8/dist-packages/ovsdbapp/backend/ovs_idl/__init__.py:107}}
Apr 11 18:42:39 ubuntu neutron-server[121647]: DEBUG ovsdbapp.backend.ovs_idl [None req-acb92f3a-f1df-40b1-9f30-2ce92cd0e6eb None None] Created lookup_table index MAC_Binding.ip {{(pid=121647) autocreate_indices /usr/local/lib/python3.8/dist-packages/ovsdbapp/backend/ovs_idl/__init__.py:107}}
Apr 11 18:42:39 ubuntu neutron-server[121647]: DEBUG ovsdbapp.backend.ovs_idl [None req-acb92f3a-f1df-40b1-9f30-2ce92cd0e6eb None None] Created schema index Meter.name {{(pid=121647) autocreate_indices /usr/local/lib/python3.8/dist-packages/ovsdbapp/backend/ovs_idl/__init__.py:126}}
Apr 11 18:42:39 ubuntu neutron-server[121647]: DEBUG ovsdbapp.backend.ovs_idl [None req-acb92f3a-f1df-40b1-9f30-2ce92cd0e6eb None None] Created schema index Address_Set.name {{(pid=121647) autocreate_indices /usr/local/lib/python3.8/dist-packages/ovsdbapp/backend/ovs_idl/__init__.py:126}}
Apr 11 18:42:39 ubuntu neutron-server[121647]: DEBUG ovsdbapp.backend.ovs_idl [None req-acb92f3a-f1df-40b1-9f30-2ce92cd0e6eb None None] Created schema index HA_Chassis_Group.name {{(pid=121647) autocreate_indices /usr/local/lib/python3.8/dist-packages/ovsdbapp/backend/ovs_idl/__init__.py:126}}
Apr 11 18:42:39 ubuntu neutron-server[121647]: DEBUG ovsdbapp.backend.ovs_idl [None req-acb92f3a-f1df-40b1-9f30-2ce92cd0e6eb None None] Created schema index IP_Multicast.datapath {{(pid=121647) autocreate_indices /usr/local/lib/python3.8/dist-packages/ovsdbapp/backend/ovs_idl/__init__.py:126}}
Apr 11 18:42:39 ubuntu neutron-server[121647]: DEBUG ovsdbapp.backend.ovs_idl [None req-acb92f3a-f1df-40b1-9f30-2ce92cd0e6eb None None] Created schema index Connection.target {{(pid=121647) autocreate_indices /usr/local/lib/python3.8/dist-packages/ovsdbapp/backend/ovs_idl/__init__.py:126}}
Apr 11 18:42:39 ubuntu neutron-server[121647]: DEBUG ovsdbapp.backend.ovs_idl [None req-acb92f3a-f1df-40b1-9f30-2ce92cd0e6eb None None] Created schema index Gateway_Chassis.name {{(pid=121647) autocreate_indices /usr/local/lib/python3.8/dist-packages/ovsdbapp/backend/ovs_idl/__init__.py:126}}
Apr 11 18:42:39 ubuntu neutron-server[121647]: DEBUG ovsdbapp.backend.ovs_idl [None req-acb92f3a-f1df-40b1-9f30-2ce92cd0e6eb None None] Created schema index Port_Group.name {{(pid=121647) autocreate_indices /usr/local/lib/python3.8/dist-packages/ovsdbapp/backend/ovs_idl/__init__.py:126}}
Apr 11 18:42:39 ubuntu neutron-server[121647]: DEBUG ovsdbapp.backend.ovs_idl [None req-acb92f3a-f1df-40b1-9f30-2ce92cd0e6eb None None] Created schema index Datapath_Binding.tunnel_key {{(pid=121647) autocreate_indices /usr/local/lib/python3.8/dist-packages/ovsdbapp/backend/ovs_idl/__init__.py:126}}
Apr 11 18:42:39 ubuntu neutron-server[121859]: DEBUG neutron.common.ovn.hash_ring_manager [None req-a8d11427-d56a-4edf-ada4-2b9c2694c66d None None] Allow caching, nodes 2>=2 {{(pid=121859) _wait_startup_before_caching /opt/stack/neutron/neutron/common/ovn/hash_ring_manager.py:60}}
Apr 11 18:42:39 ubuntu neutron-server[121858]: DEBUG neutron.common.ovn.hash_ring_manager [None req-a085b06c-9e01-436d-9ed4-60bd67c75ac6 None None] Allow caching, nodes 2>=2 {{(pid=121858) _wait_startup_before_caching /opt/stack/neutron/neutron/common/ovn/hash_ring_manager.py:60}}
Apr 11 18:42:39 ubuntu neutron-server[121858]: DEBUG neutron.plugins.ml2.drivers.ovn.mech_driver.ovsdb.ovsdb_monitor [None req-a085b06c-9e01-436d-9ed4-60bd67c75ac6 None None] Hash Ring: Node f2614dde-3485-44c7-afff-fa44e9550267 (host: ubuntu) handling event "create" for row e530a7ef-c429-4cfb-b7ed-2e7d4c9dc4a4 (table: Database) {{(pid=121858) notify /opt/stack/neutron/neutron/plugins/ml2/drivers/ovn/mech_driver/ovsdb/ovsdb_monitor.py:805}}
Apr 11 18:42:39 ubuntu neutron-server[121859]: DEBUG neutron.plugins.ml2.drivers.ovn.mech_driver.ovsdb.ovsdb_monitor [None req-a8d11427-d56a-4edf-ada4-2b9c2694c66d None None] Hash Ring: Node 915b7246-f5fe-4440-99d2-9050798e6018 (host: ubuntu) handling event "create" for row fdb3786a-f719-40e5-bb8a-c268a931513f (table: Database) {{(pid=121859) notify /opt/stack/neutron/neutron/plugins/ml2/drivers/ovn/mech_driver/ovsdb/ovsdb_monitor.py:805}}
Apr 11 18:42:39 ubuntu neutron-server[121859]: DEBUG neutron.plugins.ml2.drivers.ovn.mech_driver.ovsdb.ovsdb_monitor [None req-a8d11427-d56a-4edf-ada4-2b9c2694c66d None None] ChassisMetadataAgentWriteEvent : Matched Chassis, create, None None {{(pid=121859) matches /opt/stack/neutron/neutron/plugins/ml2/drivers/ovn/mech_driver/ovsdb/ovsdb_monitor.py:61}}
Apr 11 18:42:39 ubuntu neutron-server[121859]: DEBUG neutron.plugins.ml2.drivers.ovn.mech_driver.ovsdb.ovsdb_monitor [None req-a8d11427-d56a-4edf-ada4-2b9c2694c66d None None] ChassisAgentWriteEvent : Matched Chassis, create, None None {{(pid=121859) matches /opt/stack/neutron/neutron/plugins/ml2/drivers/ovn/mech_driver/ovsdb/ovsdb_monitor.py:61}}
Apr 11 18:42:39 ubuntu neutron-server[121859]: DEBUG neutron.plugins.ml2.drivers.ovn.mech_driver.ovsdb.ovsdb_monitor [None req-a8d11427-d56a-4edf-ada4-2b9c2694c66d None None] Hash Ring: Node 915b7246-f5fe-4440-99d2-9050798e6018 (host: ubuntu) handling event "create" for row 6e687c5b-9e91-4caa-aa99-4bdfa4c9aed6 (table: Chassis) {{(pid=121859) notify /opt/stack/neutron/neutron/plugins/ml2/drivers/ovn/mech_driver/ovsdb/ovsdb_monitor.py:805}}
Apr 11 18:42:39 ubuntu neutron-server[121858]: DEBUG neutron.plugins.ml2.drivers.ovn.mech_driver.ovsdb.ovsdb_monitor [None req-a085b06c-9e01-436d-9ed4-60bd67c75ac6 None None] Hash Ring: Node f2614dde-3485-44c7-afff-fa44e9550267 (host: ubuntu) handling event "create" for row b182e0a8-dff9-439d-9753-c06b57b8a578 (table: Encap) {{(pid=121858) notify /opt/stack/neutron/neutron/plugins/ml2/drivers/ovn/mech_driver/ovsdb/ovsdb_monitor.py:805}}
Apr 11 18:42:39 ubuntu neutron-server[121858]: DEBUG neutron.plugins.ml2.drivers.ovn.mech_driver.ovsdb.ovsdb_monitor [None req-a085b06c-9e01-436d-9ed4-60bd67c75ac6 None None] ChassisMetadataAgentWriteEvent : Matched Chassis, create, None None {{(pid=121858) matches /opt/stack/neutron/neutron/plugins/ml2/drivers/ovn/mech_driver/ovsdb/ovsdb_monitor.py:61}}
Apr 11 18:42:39 ubuntu neutron-server[121859]: INFO neutron.wsgi [-] (121859) wsgi starting up on http://0.0.0.0:9696
Apr 11 18:42:39 ubuntu neutron-server[121858]: DEBUG neutron.plugins.ml2.drivers.ovn.mech_driver.ovsdb.ovsdb_monitor [None req-a085b06c-9e01-436d-9ed4-60bd67c75ac6 None None] ChassisAgentWriteEvent : Matched Chassis, create, None None {{(pid=121858) matches /opt/stack/neutron/neutron/plugins/ml2/drivers/ovn/mech_driver/ovsdb/ovsdb_monitor.py:61}}
Apr 11 18:42:39 ubuntu neutron-server[121859]: DEBUG neutron.wsgi [-] (121859) accepted ('192.168.79.42', 42928) {{(pid=121859) server /usr/local/lib/python3.8/dist-packages/eventlet/wsgi.py:1004}}
Apr 11 18:42:39 ubuntu neutron-server[121858]: DEBUG neutron.plugins.ml2.drivers.ovn.mech_driver.ovsdb.ovsdb_monitor [None req-a085b06c-9e01-436d-9ed4-60bd67c75ac6 None None] Hash Ring: Node f2614dde-3485-44c7-afff-fa44e9550267 (host: ubuntu) handling event "create" for row 237f67ab-bf0f-4c51-8850-a99e8f272ea5 (table: SB_Global) {{(pid=121858) notify /opt/stack/neutron/neutron/plugins/ml2/drivers/ovn/mech_driver/ovsdb/ovsdb_monitor.py:805}}
Apr 11 18:42:39 ubuntu neutron-server[121858]: DEBUG neutron.plugins.ml2.drivers.ovn.mech_driver.ovsdb.ovsdb_monitor [None req-a085b06c-9e01-436d-9ed4-60bd67c75ac6 None None] Hash Ring: Node f2614dde-3485-44c7-afff-fa44e9550267 (host: ubuntu) handling event "create" for row dc10ae67-9df5-41a7-bf7f-643ba5987c39 (table: Connection) {{(pid=121858) notify /opt/stack/neutron/neutron/plugins/ml2/drivers/ovn/mech_driver/ovsdb/ovsdb_monitor.py:805}}
Apr 11 18:42:39 ubuntu neutron-server[121858]: INFO neutron.wsgi [-] (121858) wsgi starting up on http://0.0.0.0:9696
Apr 11 18:42:39 ubuntu neutron-server[121859]: INFO neutron.wsgi [-] 192.168.79.42 "GET / HTTP/1.1" status: 200  len: 255 time: 0.0041254
Apr 11 18:42:39 ubuntu neutron-server[121647]: INFO oslo_service.service [None req-acb92f3a-f1df-40b1-9f30-2ce92cd0e6eb None None] Starting 1 workers
Apr 11 18:42:39 ubuntu neutron-server[121647]: DEBUG oslo_service.service [None req-acb92f3a-f1df-40b1-9f30-2ce92cd0e6eb None None] Started child 121875 {{(pid=121647) _start_child /usr/local/lib/python3.8/dist-packages/oslo_service/service.py:575}}
Apr 11 18:42:39 ubuntu neutron-server[121647]: INFO oslo_service.service [None req-acb92f3a-f1df-40b1-9f30-2ce92cd0e6eb None None] Starting 1 workers
Apr 11 18:42:39 ubuntu neutron-server[121875]: DEBUG neutron.service [None req-acb92f3a-f1df-40b1-9f30-2ce92cd0e6eb None None] calling RpcWorker wait() {{(pid=121875) _wait /opt/stack/neutron/neutron/service.py:128}}
Apr 11 18:42:39 ubuntu neutron-server[121875]: DEBUG neutron.service [None req-acb92f3a-f1df-40b1-9f30-2ce92cd0e6eb None None] returning from RpcWorker wait() {{(pid=121875) _wait /opt/stack/neutron/neutron/service.py:135}}
Apr 11 18:42:39 ubuntu neutron-server[121647]: DEBUG oslo_service.service [None req-acb92f3a-f1df-40b1-9f30-2ce92cd0e6eb None None] Started child 121878 {{(pid=121647) _start_child /usr/local/lib/python3.8/dist-packages/oslo_service/service.py:575}}
Apr 11 18:42:39 ubuntu neutron-server[121647]: INFO oslo_service.service [None req-acb92f3a-f1df-40b1-9f30-2ce92cd0e6eb None None] Starting 1 workers
Apr 11 18:42:39 ubuntu neutron-server[121875]: DEBUG neutron_lib.callbacks.manager [-] Publish callbacks ['neutron.plugins.ml2.drivers.ovn.mech_driver.mech_driver.OVNMechanismDriver.post_fork_initialize-1702661'] for process (None), after_init {{(pid=121875) _notify_loop /usr/local/lib/python3.8/dist-packages/neutron_lib/callbacks/manager.py:176}}
Apr 11 18:42:39 ubuntu neutron-server[121647]: DEBUG oslo_service.service [None req-acb92f3a-f1df-40b1-9f30-2ce92cd0e6eb None None] Started child 121882 {{(pid=121647) _start_child /usr/local/lib/python3.8/dist-packages/oslo_service/service.py:575}}
Apr 11 18:42:39 ubuntu neutron-server[121875]: INFO neutron.plugins.ml2.drivers.ovn.mech_driver.ovsdb.impl_idl_ovn [-] Getting OvsdbNbOvnIdl for RpcWorker with retry
Apr 11 18:42:39 ubuntu neutron-server[121647]: DEBUG neutron_lib.callbacks.manager [None req-acb92f3a-f1df-40b1-9f30-2ce92cd0e6eb None None] Publish callbacks [] for process (None), after_spawn {{(pid=121647) _notify_loop /usr/local/lib/python3.8/dist-packages/neutron_lib/callbacks/manager.py:176}}
Apr 11 18:42:39 ubuntu neutron-server[121647]: DEBUG oslo_service.service [-] Full set of CONF: {{(pid=121647) wait /usr/local/lib/python3.8/dist-packages/oslo_service/service.py:649}}
Apr 11 18:42:39 ubuntu neutron-server[121647]: DEBUG oslo_service.service [-] ******************************************************************************** {{(pid=121647) log_opt_values /usr/local/lib/python3.8/dist-packages/oslo_config/cfg.py:2589}}
Apr 11 18:42:39 ubuntu neutron-server[121878]: DEBUG neutron_lib.callbacks.manager [-] Publish callbacks ['neutron.plugins.ml2.drivers.ovn.mech_driver.mech_driver.OVNMechanismDriver.post_fork_initialize-1702661'] for process (None), after_init {{(pid=121878) _notify_loop /usr/local/lib/python3.8/dist-packages/neutron_lib/callbacks/manager.py:176}}
Apr 11 18:42:39 ubuntu neutron-server[121647]: DEBUG oslo_service.service [-] Configuration options gathered from: {{(pid=121647) log_opt_values /usr/local/lib/python3.8/dist-packages/oslo_config/cfg.py:2590}}
Apr 11 18:42:39 ubuntu neutron-server[121647]: DEBUG oslo_service.service [-] command line args: ['--config-file', '/etc/neutron/neutron.conf', '--config-file', '/etc/neutron/plugins/ml2/ml2_conf.ini'] {{(pid=121647) log_opt_values /usr/local/lib/python3.8/dist-packages/oslo_config/cfg.py:2591}}
Apr 11 18:42:39 ubuntu neutron-server[121647]: DEBUG oslo_service.service [-] config files: ['/etc/neutron/neutron.conf', '/etc/neutron/plugins/ml2/ml2_conf.ini'] {{(pid=121647) log_opt_values /usr/local/lib/python3.8/dist-packages/oslo_config/cfg.py:2592}}
