Apr 08 18:08:58 ubuntu neutron-server[110270]: DEBUG neutron.api.extensions [None req-c36f91ea-2c7d-494d-a57a-f20f6cf45a18 None None] Loading extension file: vlantransparent.py {{(pid=110270) _load_all_extensions_from_path /opt/stack/neutron/neutron/api/extensions.py:450}}
Apr 08 18:08:58 ubuntu neutron-server[110270]: DEBUG neutron.api.extensions [None req-c36f91ea-2c7d-494d-a57a-f20f6cf45a18 None None] Ext name="Vlantransparent" alias="vlan-transparent" description="Provides Vlan Transparent Networks" updated="2015-03-23T09:00:00-00:00" {{(pid=110270) _check_extension /opt/stack/neutron/neutron/api/extensions.py:416}}
Apr 08 18:08:58 ubuntu neutron-server[110270]: INFO neutron.api.extensions [None req-c36f91ea-2c7d-494d-a57a-f20f6cf45a18 None None] Extension vlan-transparent not supported by any of loaded plugins
Apr 08 18:08:58 ubuntu neutron-server[110270]: INFO neutron.quota.resource_registry [None req-c36f91ea-2c7d-494d-a57a-f20f6cf45a18 None None] Creating instance of TrackedResource for resource:network
Apr 08 18:08:58 ubuntu neutron-server[110270]: INFO neutron.quota.resource_registry [None req-c36f91ea-2c7d-494d-a57a-f20f6cf45a18 None None] Creating instance of TrackedResource for resource:subnet
Apr 08 18:08:58 ubuntu neutron-server[110270]: INFO neutron.quota.resource_registry [None req-c36f91ea-2c7d-494d-a57a-f20f6cf45a18 None None] Creating instance of TrackedResource for resource:subnetpool
Apr 08 18:08:58 ubuntu neutron-server[110270]: INFO neutron.quota.resource_registry [None req-c36f91ea-2c7d-494d-a57a-f20f6cf45a18 None None] Creating instance of TrackedResource for resource:port
Apr 08 18:08:58 ubuntu neutron-server[110270]: DEBUG neutron.api.v2.resource_helper [None req-c36f91ea-2c7d-494d-a57a-f20f6cf45a18 None None] Service FLAVORS assigned prefix:  {{(pid=110270) build_resource_info /opt/stack/neutron/neutron/api/v2/resource_helper.py:77}}
Apr 08 18:08:58 ubuntu neutron-server[110270]: DEBUG neutron.api.v2.resource_helper [None req-c36f91ea-2c7d-494d-a57a-f20f6cf45a18 None None] Service L3_ROUTER_NAT assigned prefix:  {{(pid=110270) build_resource_info /opt/stack/neutron/neutron/api/v2/resource_helper.py:77}}
Apr 08 18:08:58 ubuntu neutron-server[110270]: DEBUG neutron.api.v2.resource_helper [None req-c36f91ea-2c7d-494d-a57a-f20f6cf45a18 None None] Service L3_ROUTER_NAT assigned prefix:  {{(pid=110270) build_resource_info /opt/stack/neutron/neutron/api/v2/resource_helper.py:77}}
Apr 08 18:08:58 ubuntu neutron-server[110270]: INFO neutron.quota.resource_registry [None req-c36f91ea-2c7d-494d-a57a-f20f6cf45a18 None None] Creating instance of TrackedResource for resource:router
Apr 08 18:08:58 ubuntu neutron-server[110270]: INFO neutron.quota.resource_registry [None req-c36f91ea-2c7d-494d-a57a-f20f6cf45a18 None None] Creating instance of TrackedResource for resource:floatingip
Apr 08 18:08:58 ubuntu neutron-server[110270]: DEBUG neutron_lib.callbacks.manager [None req-c36f91ea-2c7d-494d-a57a-f20f6cf45a18 None None] Subscribe: <bound method NeutronDbPluginV2.validate_network_rbac_policy_change of <neutron.services.network_ip_availability.plugin.NetworkIPAvailabilityPlugin object at 0x7fc244b9f6d0>> rbac-policy before_create 55550000 {{(pid=110270) subscribe /usr/local/lib/python3.8/dist-packages/neutron_lib/callbacks/manager.py:45}}
Apr 08 18:08:58 ubuntu neutron-server[110270]: DEBUG neutron_lib.callbacks.manager [None req-c36f91ea-2c7d-494d-a57a-f20f6cf45a18 None None] Subscribe: <bound method NeutronDbPluginV2.validate_network_rbac_policy_change of <neutron.services.network_ip_availability.plugin.NetworkIPAvailabilityPlugin object at 0x7fc244b9f6d0>> rbac-policy before_update 55550000 {{(pid=110270) subscribe /usr/local/lib/python3.8/dist-packages/neutron_lib/callbacks/manager.py:45}}
Apr 08 18:08:58 ubuntu neutron-server[110270]: DEBUG neutron_lib.callbacks.manager [None req-c36f91ea-2c7d-494d-a57a-f20f6cf45a18 None None] Subscribe: <bound method NeutronDbPluginV2.validate_network_rbac_policy_change of <neutron.services.network_ip_availability.plugin.NetworkIPAvailabilityPlugin object at 0x7fc244b9f6d0>> rbac-policy before_delete 55550000 {{(pid=110270) subscribe /usr/local/lib/python3.8/dist-packages/neutron_lib/callbacks/manager.py:45}}
Apr 08 18:08:58 ubuntu neutron-server[110270]: INFO neutron.quota.resource_registry [None req-c36f91ea-2c7d-494d-a57a-f20f6cf45a18 None None] Creating instance of CountableResource for resource:rbac_policy
Apr 08 18:08:58 ubuntu neutron-server[110270]: INFO neutron.quota.resource_registry [None req-c36f91ea-2c7d-494d-a57a-f20f6cf45a18 None None] Creating instance of TrackedResource for resource:security_group
Apr 08 18:08:58 ubuntu neutron-server[110270]: INFO neutron.quota.resource_registry [None req-c36f91ea-2c7d-494d-a57a-f20f6cf45a18 None None] Creating instance of TrackedResource for resource:security_group_rule
Apr 08 18:08:58 ubuntu neutron-server[110270]: DEBUG neutron.api.v2.resource_helper [None req-c36f91ea-2c7d-494d-a57a-f20f6cf45a18 None None] Service FLAVORS assigned prefix:  {{(pid=110270) build_resource_info /opt/stack/neutron/neutron/api/v2/resource_helper.py:77}}
Apr 08 18:08:58 ubuntu neutron-server[110270]: DEBUG neutron.api.v2.resource_helper [None req-c36f91ea-2c7d-494d-a57a-f20f6cf45a18 None None] Service L3_ROUTER_NAT assigned prefix:  {{(pid=110270) build_resource_info /opt/stack/neutron/neutron/api/v2/resource_helper.py:77}}
Apr 08 18:08:58 ubuntu neutron-server[110270]: DEBUG neutron.api.v2.resource_helper [None req-c36f91ea-2c7d-494d-a57a-f20f6cf45a18 None None] Service L3_ROUTER_NAT assigned prefix:  {{(pid=110270) build_resource_info /opt/stack/neutron/neutron/api/v2/resource_helper.py:77}}
Apr 08 18:08:58 ubuntu neutron-server[110270]: INFO neutron.quota.resource_registry [None req-c36f91ea-2c7d-494d-a57a-f20f6cf45a18 None None] Creating instance of TrackedResource for resource:router
Apr 08 18:08:58 ubuntu neutron-server[110270]: WARNING neutron.quota.resource_registry [None req-c36f91ea-2c7d-494d-a57a-f20f6cf45a18 None None] router is already registered
Apr 08 18:08:58 ubuntu neutron-server[110270]: INFO neutron.quota.resource_registry [None req-c36f91ea-2c7d-494d-a57a-f20f6cf45a18 None None] Creating instance of TrackedResource for resource:floatingip
Apr 08 18:08:58 ubuntu neutron-server[110270]: WARNING neutron.quota.resource_registry [None req-c36f91ea-2c7d-494d-a57a-f20f6cf45a18 None None] floatingip is already registered
Apr 08 18:08:58 ubuntu neutron-server[110270]: INFO neutron.quota.resource_registry [None req-c36f91ea-2c7d-494d-a57a-f20f6cf45a18 None None] Creating instance of CountableResource for resource:rbac_policy
Apr 08 18:08:58 ubuntu neutron-server[110270]: WARNING neutron.quota.resource_registry [None req-c36f91ea-2c7d-494d-a57a-f20f6cf45a18 None None] rbac_policy is already registered
Apr 08 18:08:58 ubuntu neutron-server[110270]: INFO neutron.quota.resource_registry [None req-c36f91ea-2c7d-494d-a57a-f20f6cf45a18 None None] Creating instance of TrackedResource for resource:security_group
Apr 08 18:08:58 ubuntu neutron-server[110270]: WARNING neutron.quota.resource_registry [None req-c36f91ea-2c7d-494d-a57a-f20f6cf45a18 None None] security_group is already registered
Apr 08 18:08:58 ubuntu neutron-server[110270]: INFO neutron.quota.resource_registry [None req-c36f91ea-2c7d-494d-a57a-f20f6cf45a18 None None] Creating instance of TrackedResource for resource:security_group_rule
Apr 08 18:08:58 ubuntu neutron-server[110270]: WARNING neutron.quota.resource_registry [None req-c36f91ea-2c7d-494d-a57a-f20f6cf45a18 None None] security_group_rule is already registered
Apr 08 18:08:58 ubuntu neutron-server[110270]: DEBUG neutron.api.extensions [None req-c36f91ea-2c7d-494d-a57a-f20f6cf45a18 None None] Extended resource: extensions {{(pid=110270) __init__ /opt/stack/neutron/neutron/api/extensions.py:157}}
Apr 08 18:08:58 ubuntu neutron-server[110270]: DEBUG neutron.api.extensions [None req-c36f91ea-2c7d-494d-a57a-f20f6cf45a18 None None] Extended resource: address-groups {{(pid=110270) __init__ /opt/stack/neutron/neutron/api/extensions.py:157}}
Apr 08 18:08:58 ubuntu neutron-server[110270]: DEBUG neutron.api.extensions [None req-c36f91ea-2c7d-494d-a57a-f20f6cf45a18 None None] Extended resource: address-scopes {{(pid=110270) __init__ /opt/stack/neutron/neutron/api/extensions.py:157}}
Apr 08 18:08:58 ubuntu neutron-server[110270]: DEBUG neutron.api.extensions [None req-c36f91ea-2c7d-494d-a57a-f20f6cf45a18 None None] Extended resource: agents {{(pid=110270) __init__ /opt/stack/neutron/neutron/api/extensions.py:157}}
Apr 08 18:08:58 ubuntu neutron-server[110270]: DEBUG neutron.api.extensions [None req-c36f91ea-2c7d-494d-a57a-f20f6cf45a18 None None] Extended resource: auto-allocated-topology {{(pid=110270) __init__ /opt/stack/neutron/neutron/api/extensions.py:157}}
Apr 08 18:08:58 ubuntu neutron-server[110270]: DEBUG neutron.api.extensions [None req-c36f91ea-2c7d-494d-a57a-f20f6cf45a18 None None] Extended resource: availability_zones {{(pid=110270) __init__ /opt/stack/neutron/neutron/api/extensions.py:157}}
Apr 08 18:08:58 ubuntu neutron-server[110270]: DEBUG neutron.api.extensions [None req-c36f91ea-2c7d-494d-a57a-f20f6cf45a18 None None] Extended resource: flavors {{(pid=110270) __init__ /opt/stack/neutron/neutron/api/extensions.py:157}}
Apr 08 18:08:58 ubuntu neutron-server[110270]: DEBUG neutron.api.extensions [None req-c36f91ea-2c7d-494d-a57a-f20f6cf45a18 None None] Extended resource: service_profiles {{(pid=110270) __init__ /opt/stack/neutron/neutron/api/extensions.py:157}}
Apr 08 18:08:58 ubuntu neutron-server[110270]: DEBUG neutron.api.extensions [None req-c36f91ea-2c7d-494d-a57a-f20f6cf45a18 None None] Extended resource: next_providers {{(pid=110270) __init__ /opt/stack/neutron/neutron/api/extensions.py:157}}
Apr 08 18:08:58 ubuntu neutron-server[110270]: DEBUG neutron.api.extensions [None req-c36f91ea-2c7d-494d-a57a-f20f6cf45a18 None None] Extended resource: service_profiles {{(pid=110270) __init__ /opt/stack/neutron/neutron/api/extensions.py:157}}
Apr 08 18:08:58 ubuntu neutron-server[110270]: DEBUG neutron.api.extensions [None req-c36f91ea-2c7d-494d-a57a-f20f6cf45a18 None None] Extended resource: floatingip-pools {{(pid=110270) __init__ /opt/stack/neutron/neutron/api/extensions.py:157}}
Apr 08 18:08:58 ubuntu neutron-server[110270]: DEBUG neutron.api.extensions [None req-c36f91ea-2c7d-494d-a57a-f20f6cf45a18 None None] Extended resource: routers {{(pid=110270) __init__ /opt/stack/neutron/neutron/api/extensions.py:157}}
Apr 08 18:08:58 ubuntu neutron-server[110270]: DEBUG neutron.api.extensions [None req-c36f91ea-2c7d-494d-a57a-f20f6cf45a18 None None] Extended resource: floatingips {{(pid=110270) __init__ /opt/stack/neutron/neutron/api/extensions.py:157}}
Apr 08 18:08:58 ubuntu neutron-server[110270]: DEBUG neutron.api.extensions [None req-c36f91ea-2c7d-494d-a57a-f20f6cf45a18 None None] Extended resource: network-ip-availabilities {{(pid=110270) __init__ /opt/stack/neutron/neutron/api/extensions.py:157}}
Apr 08 18:08:58 ubuntu neutron-server[110270]: DEBUG neutron.api.extensions [None req-c36f91ea-2c7d-494d-a57a-f20f6cf45a18 None None] Extended resource: bindings {{(pid=110270) __init__ /opt/stack/neutron/neutron/api/extensions.py:157}}
Apr 08 18:08:58 ubuntu neutron-server[110270]: DEBUG neutron.api.extensions [None req-c36f91ea-2c7d-494d-a57a-f20f6cf45a18 None None] Extended resource: quotas {{(pid=110270) __init__ /opt/stack/neutron/neutron/api/extensions.py:157}}
Apr 08 18:08:58 ubuntu neutron-server[110270]: DEBUG neutron.api.extensions [None req-c36f91ea-2c7d-494d-a57a-f20f6cf45a18 None None] Extended resource: quotas {{(pid=110270) __init__ /opt/stack/neutron/neutron/api/extensions.py:157}}
Apr 08 18:08:58 ubuntu neutron-server[110270]: DEBUG neutron.api.extensions [None req-c36f91ea-2c7d-494d-a57a-f20f6cf45a18 None None] Extended resource: rbac-policies {{(pid=110270) __init__ /opt/stack/neutron/neutron/api/extensions.py:157}}
Apr 08 18:08:58 ubuntu neutron-server[110270]: DEBUG neutron.api.extensions [None req-c36f91ea-2c7d-494d-a57a-f20f6cf45a18 None None] Extended resource: security-groups {{(pid=110270) __init__ /opt/stack/neutron/neutron/api/extensions.py:157}}
Apr 08 18:08:58 ubuntu neutron-server[110270]: DEBUG neutron.api.extensions [None req-c36f91ea-2c7d-494d-a57a-f20f6cf45a18 None None] Extended resource: security-group-rules {{(pid=110270) __init__ /opt/stack/neutron/neutron/api/extensions.py:157}}
Apr 08 18:08:58 ubuntu neutron-server[110270]: DEBUG neutron.api.extensions [None req-c36f91ea-2c7d-494d-a57a-f20f6cf45a18 None None] Extended resource: service-providers {{(pid=110270) __init__ /opt/stack/neutron/neutron/api/extensions.py:157}}
Apr 08 18:08:58 ubuntu neutron-server[110270]: DEBUG neutron.api.extensions [None req-c36f91ea-2c7d-494d-a57a-f20f6cf45a18 None None] Extended resource: tags {{(pid=110270) __init__ /opt/stack/neutron/neutron/api/extensions.py:157}}
Apr 08 18:08:58 ubuntu neutron-server[110270]: DEBUG neutron.api.extensions [None req-c36f91ea-2c7d-494d-a57a-f20f6cf45a18 None None] Extended resource: tags {{(pid=110270) __init__ /opt/stack/neutron/neutron/api/extensions.py:157}}
Apr 08 18:08:58 ubuntu neutron-server[110270]: DEBUG neutron.api.extensions [None req-c36f91ea-2c7d-494d-a57a-f20f6cf45a18 None None] Extended resource: tags {{(pid=110270) __init__ /opt/stack/neutron/neutron/api/extensions.py:157}}
Apr 08 18:08:58 ubuntu neutron-server[110270]: DEBUG neutron.api.extensions [None req-c36f91ea-2c7d-494d-a57a-f20f6cf45a18 None None] Extended resource: tags {{(pid=110270) __init__ /opt/stack/neutron/neutron/api/extensions.py:157}}
Apr 08 18:08:58 ubuntu neutron-server[110270]: DEBUG neutron.api.extensions [None req-c36f91ea-2c7d-494d-a57a-f20f6cf45a18 None None] Extended resource: tags {{(pid=110270) __init__ /opt/stack/neutron/neutron/api/extensions.py:157}}
Apr 08 18:08:58 ubuntu neutron-server[110270]: DEBUG neutron.api.extensions [None req-c36f91ea-2c7d-494d-a57a-f20f6cf45a18 None None] Extended resource: tags {{(pid=110270) __init__ /opt/stack/neutron/neutron/api/extensions.py:157}}
Apr 08 18:08:58 ubuntu neutron-server[110270]: DEBUG neutron.api.extensions [None req-c36f91ea-2c7d-494d-a57a-f20f6cf45a18 None None] Extended resource: tags {{(pid=110270) __init__ /opt/stack/neutron/neutron/api/extensions.py:157}}
Apr 08 18:08:58 ubuntu neutron-server[110270]: DEBUG neutron.api.extensions [None req-c36f91ea-2c7d-494d-a57a-f20f6cf45a18 None None] Extended resource: tags {{(pid=110270) __init__ /opt/stack/neutron/neutron/api/extensions.py:157}}
Apr 08 18:08:58 ubuntu neutron-server[110270]: DEBUG neutron.api.extensions [None req-c36f91ea-2c7d-494d-a57a-f20f6cf45a18 None None] Extended resource: tags {{(pid=110270) __init__ /opt/stack/neutron/neutron/api/extensions.py:157}}
Apr 08 18:08:58 ubuntu neutron-server[110270]: DEBUG neutron.api.extensions [None req-c36f91ea-2c7d-494d-a57a-f20f6cf45a18 None None] Extended resource: tags {{(pid=110270) __init__ /opt/stack/neutron/neutron/api/extensions.py:157}}
Apr 08 18:08:58 ubuntu neutron-server[110270]: WARNING keystonemiddleware.auth_token [None req-c36f91ea-2c7d-494d-a57a-f20f6cf45a18 None None] AuthToken middleware is set with keystone_authtoken.service_token_roles_required set to False. This is backwards compatible but deprecated behaviour. Please set this to True.
Apr 08 18:08:58 ubuntu neutron-server[110270]: WARNING keystonemiddleware.auth_token [None req-c36f91ea-2c7d-494d-a57a-f20f6cf45a18 None None] Configuring www_authenticate_uri to point to the public identity endpoint is required; clients may not be able to authenticate against an admin endpoint
Apr 08 18:08:58 ubuntu neutron-server[110270]: DEBUG oslo_concurrency.lockutils [None req-c36f91ea-2c7d-494d-a57a-f20f6cf45a18 None None] Acquired lock "singleton_lock" {{(pid=110270) lock /usr/local/lib/python3.8/dist-packages/oslo_concurrency/lockutils.py:294}}
Apr 08 18:08:58 ubuntu neutron-server[110270]: DEBUG oslo_concurrency.lockutils [None req-c36f91ea-2c7d-494d-a57a-f20f6cf45a18 None None] Releasing lock "singleton_lock" {{(pid=110270) lock /usr/local/lib/python3.8/dist-packages/oslo_concurrency/lockutils.py:312}}
Apr 08 18:08:58 ubuntu neutron-server[110270]: INFO oslo_service.service [None req-c36f91ea-2c7d-494d-a57a-f20f6cf45a18 None None] Starting 2 workers
Apr 08 18:08:58 ubuntu neutron-server[110270]: DEBUG oslo_service.service [None req-c36f91ea-2c7d-494d-a57a-f20f6cf45a18 None None] Started child 110484 {{(pid=110270) _start_child /usr/local/lib/python3.8/dist-packages/oslo_service/service.py:575}}
Apr 08 18:08:58 ubuntu neutron-server[110270]: DEBUG oslo_service.service [None req-c36f91ea-2c7d-494d-a57a-f20f6cf45a18 None None] Started child 110485 {{(pid=110270) _start_child /usr/local/lib/python3.8/dist-packages/oslo_service/service.py:575}}
Apr 08 18:08:58 ubuntu neutron-server[110270]: INFO neutron.service [None req-c36f91ea-2c7d-494d-a57a-f20f6cf45a18 None None] Neutron service started, listening on 0.0.0.0:9696
Apr 08 18:08:58 ubuntu neutron-server[110270]: DEBUG neutron_lib.callbacks.manager [None req-c36f91ea-2c7d-494d-a57a-f20f6cf45a18 None None] Publish callbacks ['neutron.plugins.ml2.drivers.ovn.mech_driver.mech_driver.OVNMechanismDriver.pre_fork_initialize-974441'] for process (None), before_spawn {{(pid=110270) _notify_loop /usr/local/lib/python3.8/dist-packages/neutron_lib/callbacks/manager.py:176}}
Apr 08 18:08:58 ubuntu neutron-server[110484]: DEBUG neutron_lib.callbacks.manager [-] Publish callbacks ['neutron.plugins.ml2.drivers.ovn.mech_driver.mech_driver.OVNMechanismDriver.post_fork_initialize-974389'] for process (None), after_init {{(pid=110484) _notify_loop /usr/local/lib/python3.8/dist-packages/neutron_lib/callbacks/manager.py:176}}
Apr 08 18:08:58 ubuntu neutron-server[110485]: DEBUG neutron_lib.callbacks.manager [-] Publish callbacks ['neutron.plugins.ml2.drivers.ovn.mech_driver.mech_driver.OVNMechanismDriver.post_fork_initialize-974389'] for process (None), after_init {{(pid=110485) _notify_loop /usr/local/lib/python3.8/dist-packages/neutron_lib/callbacks/manager.py:176}}
Apr 08 18:08:58 ubuntu neutron-server[110270]: DEBUG ovsdbapp.backend.ovs_idl [None req-c36f91ea-2c7d-494d-a57a-f20f6cf45a18 None None] Created schema index Port_Group.name {{(pid=110270) autocreate_indices /usr/local/lib/python3.8/dist-packages/ovsdbapp/backend/ovs_idl/__init__.py:126}}
Apr 08 18:08:58 ubuntu neutron-server[110270]: DEBUG ovsdbapp.backend.ovs_idl [None req-c36f91ea-2c7d-494d-a57a-f20f6cf45a18 None None] Created schema index Logical_Switch_Port.name {{(pid=110270) autocreate_indices /usr/local/lib/python3.8/dist-packages/ovsdbapp/backend/ovs_idl/__init__.py:126}}
Apr 08 18:08:59 ubuntu neutron-server[110485]: INFO neutron.plugins.ml2.drivers.ovn.mech_driver.ovsdb.impl_idl_ovn [None req-a725a463-ce09-42af-a7e8-6d8aa5884459 None None] Getting OvsdbNbOvnIdl for WorkerService with retry
Apr 08 18:08:59 ubuntu neutron-server[110484]: INFO neutron.plugins.ml2.drivers.ovn.mech_driver.ovsdb.impl_idl_ovn [None req-e6e7a232-c872-429c-9479-caee03ad8225 None None] Getting OvsdbNbOvnIdl for WorkerService with retry
Apr 08 18:08:59 ubuntu neutron-server[110485]: DEBUG ovsdbapp.backend.ovs_idl [None req-a725a463-ce09-42af-a7e8-6d8aa5884459 None None] Created lookup_table index Logical_Switch.name {{(pid=110485) autocreate_indices /usr/local/lib/python3.8/dist-packages/ovsdbapp/backend/ovs_idl/__init__.py:107}}
Apr 08 18:08:59 ubuntu neutron-server[110485]: DEBUG ovsdbapp.backend.ovs_idl [None req-a725a463-ce09-42af-a7e8-6d8aa5884459 None None] Created lookup_table index Logical_Router.name {{(pid=110485) autocreate_indices /usr/local/lib/python3.8/dist-packages/ovsdbapp/backend/ovs_idl/__init__.py:107}}
Apr 08 18:08:59 ubuntu neutron-server[110485]: DEBUG ovsdbapp.backend.ovs_idl [None req-a725a463-ce09-42af-a7e8-6d8aa5884459 None None] Created lookup_table index Load_Balancer.name {{(pid=110485) autocreate_indices /usr/local/lib/python3.8/dist-packages/ovsdbapp/backend/ovs_idl/__init__.py:107}}
Apr 08 18:08:59 ubuntu neutron-server[110485]: DEBUG ovsdbapp.backend.ovs_idl [None req-a725a463-ce09-42af-a7e8-6d8aa5884459 None None] Created schema index Meter.name {{(pid=110485) autocreate_indices /usr/local/lib/python3.8/dist-packages/ovsdbapp/backend/ovs_idl/__init__.py:126}}
Apr 08 18:08:59 ubuntu neutron-server[110485]: DEBUG ovsdbapp.backend.ovs_idl [None req-a725a463-ce09-42af-a7e8-6d8aa5884459 None None] Created schema index Address_Set.name {{(pid=110485) autocreate_indices /usr/local/lib/python3.8/dist-packages/ovsdbapp/backend/ovs_idl/__init__.py:126}}
Apr 08 18:08:59 ubuntu neutron-server[110270]: DEBUG ovsdbapp.backend.ovs_idl.transaction [-] Running txn n=1 command(idx=0): PgAddCommand(name=neutron_pg_drop, may_exist=True, columns={'acls': []}) {{(pid=110270) do_commit /usr/local/lib/python3.8/dist-packages/ovsdbapp/backend/ovs_idl/transaction.py:90}}
Apr 08 18:08:59 ubuntu neutron-server[110485]: DEBUG ovsdbapp.backend.ovs_idl [None req-a725a463-ce09-42af-a7e8-6d8aa5884459 None None] Created schema index HA_Chassis_Group.name {{(pid=110485) autocreate_indices /usr/local/lib/python3.8/dist-packages/ovsdbapp/backend/ovs_idl/__init__.py:126}}
Apr 08 18:08:59 ubuntu neutron-server[110270]: DEBUG ovsdbapp.backend.ovs_idl.transaction [-] Running txn n=1 command(idx=1): PgAclAddCommand(entity=neutron_pg_drop, direction=from-lport, priority=1001, match=inport == @neutron_pg_drop && ip, action=drop, log=False, may_exist=True, severity=[], name=[], meter=None, external_ids={}) {{(pid=110270) do_commit /usr/local/lib/python3.8/dist-packages/ovsdbapp/backend/ovs_idl/transaction.py:90}}
Apr 08 18:08:59 ubuntu neutron-server[110485]: DEBUG ovsdbapp.backend.ovs_idl [None req-a725a463-ce09-42af-a7e8-6d8aa5884459 None None] Created schema index Connection.target {{(pid=110485) autocreate_indices /usr/local/lib/python3.8/dist-packages/ovsdbapp/backend/ovs_idl/__init__.py:126}}
Apr 08 18:08:59 ubuntu neutron-server[110485]: DEBUG ovsdbapp.backend.ovs_idl [None req-a725a463-ce09-42af-a7e8-6d8aa5884459 None None] Created schema index Gateway_Chassis.name {{(pid=110485) autocreate_indices /usr/local/lib/python3.8/dist-packages/ovsdbapp/backend/ovs_idl/__init__.py:126}}
Apr 08 18:08:59 ubuntu neutron-server[110270]: DEBUG ovsdbapp.backend.ovs_idl.transaction [-] Running txn n=1 command(idx=2): PgAclAddCommand(entity=neutron_pg_drop, direction=to-lport, priority=1001, match=outport == @neutron_pg_drop && ip, action=drop, log=False, may_exist=True, severity=[], name=[], meter=None, external_ids={}) {{(pid=110270) do_commit /usr/local/lib/python3.8/dist-packages/ovsdbapp/backend/ovs_idl/transaction.py:90}}
Apr 08 18:08:59 ubuntu neutron-server[110485]: DEBUG ovsdbapp.backend.ovs_idl [None req-a725a463-ce09-42af-a7e8-6d8aa5884459 None None] Created schema index Logical_Router_Port.name {{(pid=110485) autocreate_indices /usr/local/lib/python3.8/dist-packages/ovsdbapp/backend/ovs_idl/__init__.py:126}}
Apr 08 18:08:59 ubuntu neutron-server[110485]: DEBUG ovsdbapp.backend.ovs_idl [None req-a725a463-ce09-42af-a7e8-6d8aa5884459 None None] Created schema index Port_Group.name {{(pid=110485) autocreate_indices /usr/local/lib/python3.8/dist-packages/ovsdbapp/backend/ovs_idl/__init__.py:126}}
Apr 08 18:08:59 ubuntu neutron-server[110485]: DEBUG ovsdbapp.backend.ovs_idl [None req-a725a463-ce09-42af-a7e8-6d8aa5884459 None None] Created schema index Logical_Switch_Port.name {{(pid=110485) autocreate_indices /usr/local/lib/python3.8/dist-packages/ovsdbapp/backend/ovs_idl/__init__.py:126}}
Apr 08 18:08:59 ubuntu neutron-server[110485]: INFO ovsdbapp.backend.ovs_idl.vlog [None req-a725a463-ce09-42af-a7e8-6d8aa5884459 None None] tcp:192.168.79.42:6641: connecting...
Apr 08 18:08:59 ubuntu neutron-server[110485]: INFO ovsdbapp.backend.ovs_idl.vlog [None req-a725a463-ce09-42af-a7e8-6d8aa5884459 None None] tcp:192.168.79.42:6641: connected
Apr 08 18:08:59 ubuntu neutron-server[110270]: DEBUG ovsdbapp.backend.ovs_idl.event [-] Matched CREATE: NeutronPgDropPortGroupCreated(events=('create',), table='Port_Group', conditions=(('name', '=', 'neutron_pg_drop'),), old_conditions=None), priority=10 to row=Port_Group(name=neutron_pg_drop, ports=[], external_ids={}, acls=[<ovs.db.idl.Row object at 0x7fc244d37a60>, <ovs.db.idl.Row object at 0x7fc244d3ac10>]) old= {{(pid=110270) matches /usr/local/lib/python3.8/dist-packages/ovsdbapp/backend/ovs_idl/event.py:43}}
Apr 08 18:08:59 ubuntu neutron-server[110484]: DEBUG ovsdbapp.backend.ovs_idl [None req-e6e7a232-c872-429c-9479-caee03ad8225 None None] Created lookup_table index Logical_Switch.name {{(pid=110484) autocreate_indices /usr/local/lib/python3.8/dist-packages/ovsdbapp/backend/ovs_idl/__init__.py:107}}
Apr 08 18:08:59 ubuntu neutron-server[110484]: DEBUG ovsdbapp.backend.ovs_idl [None req-e6e7a232-c872-429c-9479-caee03ad8225 None None] Created lookup_table index Logical_Router.name {{(pid=110484) autocreate_indices /usr/local/lib/python3.8/dist-packages/ovsdbapp/backend/ovs_idl/__init__.py:107}}
Apr 08 18:08:59 ubuntu neutron-server[110484]: DEBUG ovsdbapp.backend.ovs_idl [None req-e6e7a232-c872-429c-9479-caee03ad8225 None None] Created lookup_table index Load_Balancer.name {{(pid=110484) autocreate_indices /usr/local/lib/python3.8/dist-packages/ovsdbapp/backend/ovs_idl/__init__.py:107}}
Apr 08 18:08:59 ubuntu neutron-server[110484]: DEBUG ovsdbapp.backend.ovs_idl [None req-e6e7a232-c872-429c-9479-caee03ad8225 None None] Created schema index Meter.name {{(pid=110484) autocreate_indices /usr/local/lib/python3.8/dist-packages/ovsdbapp/backend/ovs_idl/__init__.py:126}}
Apr 08 18:08:59 ubuntu neutron-server[110484]: DEBUG ovsdbapp.backend.ovs_idl [None req-e6e7a232-c872-429c-9479-caee03ad8225 None None] Created schema index Address_Set.name {{(pid=110484) autocreate_indices /usr/local/lib/python3.8/dist-packages/ovsdbapp/backend/ovs_idl/__init__.py:126}}
Apr 08 18:08:59 ubuntu neutron-server[110484]: DEBUG ovsdbapp.backend.ovs_idl [None req-e6e7a232-c872-429c-9479-caee03ad8225 None None] Created schema index HA_Chassis_Group.name {{(pid=110484) autocreate_indices /usr/local/lib/python3.8/dist-packages/ovsdbapp/backend/ovs_idl/__init__.py:126}}
Apr 08 18:08:59 ubuntu neutron-server[110484]: DEBUG ovsdbapp.backend.ovs_idl [None req-e6e7a232-c872-429c-9479-caee03ad8225 None None] Created schema index Connection.target {{(pid=110484) autocreate_indices /usr/local/lib/python3.8/dist-packages/ovsdbapp/backend/ovs_idl/__init__.py:126}}
Apr 08 18:08:59 ubuntu neutron-server[110484]: DEBUG ovsdbapp.backend.ovs_idl [None req-e6e7a232-c872-429c-9479-caee03ad8225 None None] Created schema index Gateway_Chassis.name {{(pid=110484) autocreate_indices /usr/local/lib/python3.8/dist-packages/ovsdbapp/backend/ovs_idl/__init__.py:126}}
Apr 08 18:08:59 ubuntu neutron-server[110484]: DEBUG ovsdbapp.backend.ovs_idl [None req-e6e7a232-c872-429c-9479-caee03ad8225 None None] Created schema index Logical_Router_Port.name {{(pid=110484) autocreate_indices /usr/local/lib/python3.8/dist-packages/ovsdbapp/backend/ovs_idl/__init__.py:126}}
Apr 08 18:08:59 ubuntu neutron-server[110484]: DEBUG ovsdbapp.backend.ovs_idl [None req-e6e7a232-c872-429c-9479-caee03ad8225 None None] Created schema index Port_Group.name {{(pid=110484) autocreate_indices /usr/local/lib/python3.8/dist-packages/ovsdbapp/backend/ovs_idl/__init__.py:126}}
Apr 08 18:08:59 ubuntu neutron-server[110484]: DEBUG ovsdbapp.backend.ovs_idl [None req-e6e7a232-c872-429c-9479-caee03ad8225 None None] Created schema index Logical_Switch_Port.name {{(pid=110484) autocreate_indices /usr/local/lib/python3.8/dist-packages/ovsdbapp/backend/ovs_idl/__init__.py:126}}
Apr 08 18:08:59 ubuntu neutron-server[110484]: INFO ovsdbapp.backend.ovs_idl.vlog [None req-e6e7a232-c872-429c-9479-caee03ad8225 None None] tcp:192.168.79.42:6641: connecting...
Apr 08 18:08:59 ubuntu neutron-server[110484]: INFO ovsdbapp.backend.ovs_idl.vlog [None req-e6e7a232-c872-429c-9479-caee03ad8225 None None] tcp:192.168.79.42:6641: connected
Apr 08 18:08:59 ubuntu neutron-server[110270]: DEBUG ovsdbapp.backend.ovs_idl [None req-c36f91ea-2c7d-494d-a57a-f20f6cf45a18 None None] Created lookup_table index Logical_Switch.name {{(pid=110270) autocreate_indices /usr/local/lib/python3.8/dist-packages/ovsdbapp/backend/ovs_idl/__init__.py:107}}
Apr 08 18:08:59 ubuntu neutron-server[110270]: DEBUG ovsdbapp.backend.ovs_idl [None req-c36f91ea-2c7d-494d-a57a-f20f6cf45a18 None None] Created lookup_table index Logical_Router.name {{(pid=110270) autocreate_indices /usr/local/lib/python3.8/dist-packages/ovsdbapp/backend/ovs_idl/__init__.py:107}}
Apr 08 18:08:59 ubuntu neutron-server[110270]: DEBUG ovsdbapp.backend.ovs_idl [None req-c36f91ea-2c7d-494d-a57a-f20f6cf45a18 None None] Created lookup_table index Load_Balancer.name {{(pid=110270) autocreate_indices /usr/local/lib/python3.8/dist-packages/ovsdbapp/backend/ovs_idl/__init__.py:107}}
Apr 08 18:08:59 ubuntu neutron-server[110270]: DEBUG ovsdbapp.backend.ovs_idl [None req-c36f91ea-2c7d-494d-a57a-f20f6cf45a18 None None] Created schema index Meter.name {{(pid=110270) autocreate_indices /usr/local/lib/python3.8/dist-packages/ovsdbapp/backend/ovs_idl/__init__.py:126}}
Apr 08 18:08:59 ubuntu neutron-server[110270]: DEBUG ovsdbapp.backend.ovs_idl [None req-c36f91ea-2c7d-494d-a57a-f20f6cf45a18 None None] Created schema index Address_Set.name {{(pid=110270) autocreate_indices /usr/local/lib/python3.8/dist-packages/ovsdbapp/backend/ovs_idl/__init__.py:126}}
Apr 08 18:08:59 ubuntu neutron-server[110270]: DEBUG ovsdbapp.backend.ovs_idl [None req-c36f91ea-2c7d-494d-a57a-f20f6cf45a18 None None] Created schema index HA_Chassis_Group.name {{(pid=110270) autocreate_indices /usr/local/lib/python3.8/dist-packages/ovsdbapp/backend/ovs_idl/__init__.py:126}}
Apr 08 18:08:59 ubuntu neutron-server[110270]: DEBUG ovsdbapp.backend.ovs_idl [None req-c36f91ea-2c7d-494d-a57a-f20f6cf45a18 None None] Created schema index Connection.target {{(pid=110270) autocreate_indices /usr/local/lib/python3.8/dist-packages/ovsdbapp/backend/ovs_idl/__init__.py:126}}
Apr 08 18:08:59 ubuntu neutron-server[110270]: DEBUG ovsdbapp.backend.ovs_idl [None req-c36f91ea-2c7d-494d-a57a-f20f6cf45a18 None None] Created schema index Gateway_Chassis.name {{(pid=110270) autocreate_indices /usr/local/lib/python3.8/dist-packages/ovsdbapp/backend/ovs_idl/__init__.py:126}}
Apr 08 18:08:59 ubuntu neutron-server[110270]: DEBUG ovsdbapp.backend.ovs_idl [None req-c36f91ea-2c7d-494d-a57a-f20f6cf45a18 None None] Created schema index Logical_Router_Port.name {{(pid=110270) autocreate_indices /usr/local/lib/python3.8/dist-packages/ovsdbapp/backend/ovs_idl/__init__.py:126}}
Apr 08 18:08:59 ubuntu neutron-server[110270]: DEBUG ovsdbapp.backend.ovs_idl [None req-c36f91ea-2c7d-494d-a57a-f20f6cf45a18 None None] Created schema index Port_Group.name {{(pid=110270) autocreate_indices /usr/local/lib/python3.8/dist-packages/ovsdbapp/backend/ovs_idl/__init__.py:126}}
Apr 08 18:08:59 ubuntu neutron-server[110270]: DEBUG ovsdbapp.backend.ovs_idl [None req-c36f91ea-2c7d-494d-a57a-f20f6cf45a18 None None] Created schema index Logical_Switch_Port.name {{(pid=110270) autocreate_indices /usr/local/lib/python3.8/dist-packages/ovsdbapp/backend/ovs_idl/__init__.py:126}}
Apr 08 18:08:59 ubuntu neutron-server[110485]: DEBUG neutron.common.ovn.hash_ring_manager [None req-a725a463-ce09-42af-a7e8-6d8aa5884459 None None] Allow caching, nodes 2>=2 {{(pid=110485) _wait_startup_before_caching /opt/stack/neutron/neutron/common/ovn/hash_ring_manager.py:60}}
Apr 08 18:08:59 ubuntu neutron-server[110484]: DEBUG neutron.common.ovn.hash_ring_manager [None req-e6e7a232-c872-429c-9479-caee03ad8225 None None] Allow caching, nodes 2>=2 {{(pid=110484) _wait_startup_before_caching /opt/stack/neutron/neutron/common/ovn/hash_ring_manager.py:60}}
Apr 08 18:08:59 ubuntu neutron-server[110485]: DEBUG neutron.plugins.ml2.drivers.ovn.mech_driver.ovsdb.ovsdb_monitor [None req-a725a463-ce09-42af-a7e8-6d8aa5884459 None None] Hash Ring: Node d247f64f-57ee-4aed-adc1-85c3e25a02df (host: ubuntu) handling event "create" for row c5e04e35-2a1d-4ac2-95f2-fc39866401eb (table: Database) {{(pid=110485) notify /opt/stack/neutron/neutron/plugins/ml2/drivers/ovn/mech_driver/ovsdb/ovsdb_monitor.py:805}}
Apr 08 18:08:59 ubuntu neutron-server[110485]: DEBUG neutron.plugins.ml2.drivers.ovn.mech_driver.ovsdb.ovsdb_monitor [None req-a725a463-ce09-42af-a7e8-6d8aa5884459 None None] Hash Ring: Node d247f64f-57ee-4aed-adc1-85c3e25a02df (host: ubuntu) handling event "create" for row 95fcacc2-58fb-49ed-926a-c451653e0755 (table: NB_Global) {{(pid=110485) notify /opt/stack/neutron/neutron/plugins/ml2/drivers/ovn/mech_driver/ovsdb/ovsdb_monitor.py:805}}
Apr 08 18:08:59 ubuntu neutron-server[110485]: DEBUG neutron.plugins.ml2.drivers.ovn.mech_driver.ovsdb.ovsdb_monitor [None req-a725a463-ce09-42af-a7e8-6d8aa5884459 None None] Hash Ring: Node d247f64f-57ee-4aed-adc1-85c3e25a02df (host: ubuntu) handling event "create" for row de05e1d9-d6b1-462c-a1fa-5429453bfcf4 (table: ACL) {{(pid=110485) notify /opt/stack/neutron/neutron/plugins/ml2/drivers/ovn/mech_driver/ovsdb/ovsdb_monitor.py:805}}
Apr 08 18:08:59 ubuntu neutron-server[110484]: DEBUG neutron.plugins.ml2.drivers.ovn.mech_driver.ovsdb.ovsdb_monitor [None req-e6e7a232-c872-429c-9479-caee03ad8225 None None] Hash Ring: Node eb4e62ee-8b38-4683-a008-f13acf3fae9f (host: ubuntu) handling event "create" for row f7c15403-1e9a-4321-9cd3-09cacb20c0d0 (table: Database) {{(pid=110484) notify /opt/stack/neutron/neutron/plugins/ml2/drivers/ovn/mech_driver/ovsdb/ovsdb_monitor.py:805}}
Apr 08 18:08:59 ubuntu neutron-server[110485]: DEBUG neutron.plugins.ml2.drivers.ovn.mech_driver.ovsdb.ovsdb_monitor [None req-a725a463-ce09-42af-a7e8-6d8aa5884459 None None] Hash Ring: Node d247f64f-57ee-4aed-adc1-85c3e25a02df (host: ubuntu) handling event "create" for row ac062be3-bf82-400c-be64-84de86605dad (table: Connection) {{(pid=110485) notify /opt/stack/neutron/neutron/plugins/ml2/drivers/ovn/mech_driver/ovsdb/ovsdb_monitor.py:805}}
Apr 08 18:08:59 ubuntu neutron-server[110485]: INFO neutron.plugins.ml2.drivers.ovn.mech_driver.ovsdb.impl_idl_ovn [None req-a725a463-ce09-42af-a7e8-6d8aa5884459 None None] Getting OvsdbSbOvnIdl for WorkerService with retry
Apr 08 18:08:59 ubuntu neutron-server[110484]: DEBUG neutron.plugins.ml2.drivers.ovn.mech_driver.ovsdb.ovsdb_monitor [None req-e6e7a232-c872-429c-9479-caee03ad8225 None None] Hash Ring: Node eb4e62ee-8b38-4683-a008-f13acf3fae9f (host: ubuntu) handling event "create" for row e8be5e47-fb27-42d0-a7fe-b3221707bb6b (table: Port_Group) {{(pid=110484) notify /opt/stack/neutron/neutron/plugins/ml2/drivers/ovn/mech_driver/ovsdb/ovsdb_monitor.py:805}}
Apr 08 18:08:59 ubuntu neutron-server[110484]: DEBUG neutron.plugins.ml2.drivers.ovn.mech_driver.ovsdb.ovsdb_monitor [None req-e6e7a232-c872-429c-9479-caee03ad8225 None None] Hash Ring: Node eb4e62ee-8b38-4683-a008-f13acf3fae9f (host: ubuntu) handling event "create" for row 2a0b9da1-9a57-4deb-a0d9-4ae6028627c5 (table: ACL) {{(pid=110484) notify /opt/stack/neutron/neutron/plugins/ml2/drivers/ovn/mech_driver/ovsdb/ovsdb_monitor.py:805}}
Apr 08 18:08:59 ubuntu neutron-server[110484]: INFO neutron.plugins.ml2.drivers.ovn.mech_driver.ovsdb.impl_idl_ovn [None req-e6e7a232-c872-429c-9479-caee03ad8225 None None] Getting OvsdbSbOvnIdl for WorkerService with retry
Apr 08 18:08:59 ubuntu neutron-server[110485]: DEBUG ovsdbapp.backend.ovs_idl [None req-a725a463-ce09-42af-a7e8-6d8aa5884459 None None] Created lookup_table index Chassis.name {{(pid=110485) autocreate_indices /usr/local/lib/python3.8/dist-packages/ovsdbapp/backend/ovs_idl/__init__.py:107}}
Apr 08 18:08:59 ubuntu neutron-server[110485]: DEBUG ovsdbapp.backend.ovs_idl [None req-a725a463-ce09-42af-a7e8-6d8aa5884459 None None] Created schema index Datapath_Binding.tunnel_key {{(pid=110485) autocreate_indices /usr/local/lib/python3.8/dist-packages/ovsdbapp/backend/ovs_idl/__init__.py:126}}
Apr 08 18:08:59 ubuntu neutron-server[110485]: DEBUG ovsdbapp.backend.ovs_idl [None req-a725a463-ce09-42af-a7e8-6d8aa5884459 None None] Created schema index Connection.target {{(pid=110485) autocreate_indices /usr/local/lib/python3.8/dist-packages/ovsdbapp/backend/ovs_idl/__init__.py:126}}
Apr 08 18:08:59 ubuntu neutron-server[110485]: INFO ovsdbapp.backend.ovs_idl.vlog [None req-a725a463-ce09-42af-a7e8-6d8aa5884459 None None] tcp:192.168.79.42:6642: connecting...
Apr 08 18:08:59 ubuntu neutron-server[110485]: INFO ovsdbapp.backend.ovs_idl.vlog [None req-a725a463-ce09-42af-a7e8-6d8aa5884459 None None] tcp:192.168.79.42:6642: connected
Apr 08 18:08:59 ubuntu neutron-server[110484]: DEBUG ovsdbapp.backend.ovs_idl [None req-e6e7a232-c872-429c-9479-caee03ad8225 None None] Created lookup_table index Chassis.name {{(pid=110484) autocreate_indices /usr/local/lib/python3.8/dist-packages/ovsdbapp/backend/ovs_idl/__init__.py:107}}
Apr 08 18:08:59 ubuntu neutron-server[110484]: DEBUG ovsdbapp.backend.ovs_idl [None req-e6e7a232-c872-429c-9479-caee03ad8225 None None] Created schema index Datapath_Binding.tunnel_key {{(pid=110484) autocreate_indices /usr/local/lib/python3.8/dist-packages/ovsdbapp/backend/ovs_idl/__init__.py:126}}
Apr 08 18:08:59 ubuntu neutron-server[110484]: DEBUG ovsdbapp.backend.ovs_idl [None req-e6e7a232-c872-429c-9479-caee03ad8225 None None] Created schema index Connection.target {{(pid=110484) autocreate_indices /usr/local/lib/python3.8/dist-packages/ovsdbapp/backend/ovs_idl/__init__.py:126}}
Apr 08 18:08:59 ubuntu neutron-server[110484]: INFO ovsdbapp.backend.ovs_idl.vlog [None req-e6e7a232-c872-429c-9479-caee03ad8225 None None] tcp:192.168.79.42:6642: connecting...
Apr 08 18:08:59 ubuntu neutron-server[110484]: INFO ovsdbapp.backend.ovs_idl.vlog [None req-e6e7a232-c872-429c-9479-caee03ad8225 None None] tcp:192.168.79.42:6642: connected
Apr 08 18:08:59 ubuntu neutron-server[110270]: DEBUG ovsdbapp.backend.ovs_idl [None req-c36f91ea-2c7d-494d-a57a-f20f6cf45a18 None None] Created lookup_table index Chassis.name {{(pid=110270) autocreate_indices /usr/local/lib/python3.8/dist-packages/ovsdbapp/backend/ovs_idl/__init__.py:107}}
Apr 08 18:08:59 ubuntu neutron-server[110270]: DEBUG ovsdbapp.backend.ovs_idl [None req-c36f91ea-2c7d-494d-a57a-f20f6cf45a18 None None] Created lookup_table index MAC_Binding.ip {{(pid=110270) autocreate_indices /usr/local/lib/python3.8/dist-packages/ovsdbapp/backend/ovs_idl/__init__.py:107}}
Apr 08 18:08:59 ubuntu neutron-server[110270]: DEBUG ovsdbapp.backend.ovs_idl [None req-c36f91ea-2c7d-494d-a57a-f20f6cf45a18 None None] Created schema index Meter.name {{(pid=110270) autocreate_indices /usr/local/lib/python3.8/dist-packages/ovsdbapp/backend/ovs_idl/__init__.py:126}}
Apr 08 18:08:59 ubuntu neutron-server[110270]: DEBUG ovsdbapp.backend.ovs_idl [None req-c36f91ea-2c7d-494d-a57a-f20f6cf45a18 None None] Created schema index Address_Set.name {{(pid=110270) autocreate_indices /usr/local/lib/python3.8/dist-packages/ovsdbapp/backend/ovs_idl/__init__.py:126}}
Apr 08 18:08:59 ubuntu neutron-server[110270]: DEBUG ovsdbapp.backend.ovs_idl [None req-c36f91ea-2c7d-494d-a57a-f20f6cf45a18 None None] Created schema index HA_Chassis_Group.name {{(pid=110270) autocreate_indices /usr/local/lib/python3.8/dist-packages/ovsdbapp/backend/ovs_idl/__init__.py:126}}
Apr 08 18:08:59 ubuntu neutron-server[110270]: DEBUG ovsdbapp.backend.ovs_idl [None req-c36f91ea-2c7d-494d-a57a-f20f6cf45a18 None None] Created schema index IP_Multicast.datapath {{(pid=110270) autocreate_indices /usr/local/lib/python3.8/dist-packages/ovsdbapp/backend/ovs_idl/__init__.py:126}}
Apr 08 18:08:59 ubuntu neutron-server[110270]: DEBUG ovsdbapp.backend.ovs_idl [None req-c36f91ea-2c7d-494d-a57a-f20f6cf45a18 None None] Created schema index Connection.target {{(pid=110270) autocreate_indices /usr/local/lib/python3.8/dist-packages/ovsdbapp/backend/ovs_idl/__init__.py:126}}
Apr 08 18:08:59 ubuntu neutron-server[110270]: DEBUG ovsdbapp.backend.ovs_idl [None req-c36f91ea-2c7d-494d-a57a-f20f6cf45a18 None None] Created schema index Gateway_Chassis.name {{(pid=110270) autocreate_indices /usr/local/lib/python3.8/dist-packages/ovsdbapp/backend/ovs_idl/__init__.py:126}}
Apr 08 18:08:59 ubuntu neutron-server[110270]: DEBUG ovsdbapp.backend.ovs_idl [None req-c36f91ea-2c7d-494d-a57a-f20f6cf45a18 None None] Created schema index Port_Group.name {{(pid=110270) autocreate_indices /usr/local/lib/python3.8/dist-packages/ovsdbapp/backend/ovs_idl/__init__.py:126}}
Apr 08 18:08:59 ubuntu neutron-server[110270]: DEBUG ovsdbapp.backend.ovs_idl [None req-c36f91ea-2c7d-494d-a57a-f20f6cf45a18 None None] Created schema index Datapath_Binding.tunnel_key {{(pid=110270) autocreate_indices /usr/local/lib/python3.8/dist-packages/ovsdbapp/backend/ovs_idl/__init__.py:126}}
Apr 08 18:08:59 ubuntu neutron-server[110485]: DEBUG neutron.common.ovn.hash_ring_manager [None req-a725a463-ce09-42af-a7e8-6d8aa5884459 None None] Allow caching, nodes 2>=2 {{(pid=110485) _wait_startup_before_caching /opt/stack/neutron/neutron/common/ovn/hash_ring_manager.py:60}}
Apr 08 18:08:59 ubuntu neutron-server[110484]: DEBUG neutron.common.ovn.hash_ring_manager [None req-e6e7a232-c872-429c-9479-caee03ad8225 None None] Allow caching, nodes 2>=2 {{(pid=110484) _wait_startup_before_caching /opt/stack/neutron/neutron/common/ovn/hash_ring_manager.py:60}}
Apr 08 18:08:59 ubuntu neutron-server[110485]: DEBUG neutron.plugins.ml2.drivers.ovn.mech_driver.ovsdb.ovsdb_monitor [None req-a725a463-ce09-42af-a7e8-6d8aa5884459 None None] Hash Ring: Node d247f64f-57ee-4aed-adc1-85c3e25a02df (host: ubuntu) handling event "create" for row 97dec938-059c-4af6-ba60-ff0f11281321 (table: Database) {{(pid=110485) notify /opt/stack/neutron/neutron/plugins/ml2/drivers/ovn/mech_driver/ovsdb/ovsdb_monitor.py:805}}
Apr 08 18:08:59 ubuntu neutron-server[110485]: DEBUG neutron.plugins.ml2.drivers.ovn.mech_driver.ovsdb.ovsdb_monitor [None req-a725a463-ce09-42af-a7e8-6d8aa5884459 None None] Hash Ring: Node d247f64f-57ee-4aed-adc1-85c3e25a02df (host: ubuntu) handling event "create" for row 36049d06-61b3-42b8-ba0a-6d253b72470e (table: Encap) {{(pid=110485) notify /opt/stack/neutron/neutron/plugins/ml2/drivers/ovn/mech_driver/ovsdb/ovsdb_monitor.py:805}}
Apr 08 18:08:59 ubuntu neutron-server[110485]: DEBUG neutron.plugins.ml2.drivers.ovn.mech_driver.ovsdb.ovsdb_monitor [None req-a725a463-ce09-42af-a7e8-6d8aa5884459 None None] ChassisAgentWriteEvent : Matched Chassis, create, None None {{(pid=110485) matches /opt/stack/neutron/neutron/plugins/ml2/drivers/ovn/mech_driver/ovsdb/ovsdb_monitor.py:61}}
Apr 08 18:08:59 ubuntu neutron-server[110485]: DEBUG neutron.plugins.ml2.drivers.ovn.mech_driver.ovsdb.ovsdb_monitor [None req-a725a463-ce09-42af-a7e8-6d8aa5884459 None None] ChassisMetadataAgentWriteEvent : Matched Chassis, create, None None {{(pid=110485) matches /opt/stack/neutron/neutron/plugins/ml2/drivers/ovn/mech_driver/ovsdb/ovsdb_monitor.py:61}}
Apr 08 18:08:59 ubuntu neutron-server[110485]: DEBUG neutron.plugins.ml2.drivers.ovn.mech_driver.ovsdb.ovsdb_monitor [None req-a725a463-ce09-42af-a7e8-6d8aa5884459 None None] Hash Ring: Node d247f64f-57ee-4aed-adc1-85c3e25a02df (host: ubuntu) handling event "create" for row 5ba7eadb-beb7-4813-bb06-0a474448b66c (table: SB_Global) {{(pid=110485) notify /opt/stack/neutron/neutron/plugins/ml2/drivers/ovn/mech_driver/ovsdb/ovsdb_monitor.py:805}}
Apr 08 18:08:59 ubuntu neutron-server[110485]: DEBUG neutron.plugins.ml2.drivers.ovn.mech_driver.ovsdb.ovsdb_monitor [None req-a725a463-ce09-42af-a7e8-6d8aa5884459 None None] Hash Ring: Node d247f64f-57ee-4aed-adc1-85c3e25a02df (host: ubuntu) handling event "create" for row fecc5f5d-2edc-400f-a928-4952d9969d63 (table: Connection) {{(pid=110485) notify /opt/stack/neutron/neutron/plugins/ml2/drivers/ovn/mech_driver/ovsdb/ovsdb_monitor.py:805}}
Apr 08 18:08:59 ubuntu neutron-server[110485]: INFO neutron.wsgi [-] (110485) wsgi starting up on http://0.0.0.0:9696
Apr 08 18:08:59 ubuntu neutron-server[110484]: DEBUG neutron.plugins.ml2.drivers.ovn.mech_driver.ovsdb.ovsdb_monitor [None req-e6e7a232-c872-429c-9479-caee03ad8225 None None] Hash Ring: Node eb4e62ee-8b38-4683-a008-f13acf3fae9f (host: ubuntu) handling event "create" for row a6754ed4-1095-40f5-bcb3-87fb44f596ae (table: Database) {{(pid=110484) notify /opt/stack/neutron/neutron/plugins/ml2/drivers/ovn/mech_driver/ovsdb/ovsdb_monitor.py:805}}
Apr 08 18:08:59 ubuntu neutron-server[110484]: DEBUG neutron.plugins.ml2.drivers.ovn.mech_driver.ovsdb.ovsdb_monitor [None req-e6e7a232-c872-429c-9479-caee03ad8225 None None] ChassisAgentWriteEvent : Matched Chassis, create, None None {{(pid=110484) matches /opt/stack/neutron/neutron/plugins/ml2/drivers/ovn/mech_driver/ovsdb/ovsdb_monitor.py:61}}
Apr 08 18:08:59 ubuntu neutron-server[110270]: INFO oslo_service.service [None req-c36f91ea-2c7d-494d-a57a-f20f6cf45a18 None None] Starting 1 workers
Apr 08 18:08:59 ubuntu neutron-server[110484]: DEBUG neutron.plugins.ml2.drivers.ovn.mech_driver.ovsdb.ovsdb_monitor [None req-e6e7a232-c872-429c-9479-caee03ad8225 None None] ChassisMetadataAgentWriteEvent : Matched Chassis, create, None None {{(pid=110484) matches /opt/stack/neutron/neutron/plugins/ml2/drivers/ovn/mech_driver/ovsdb/ovsdb_monitor.py:61}}
Apr 08 18:08:59 ubuntu neutron-server[110484]: DEBUG neutron.plugins.ml2.drivers.ovn.mech_driver.ovsdb.ovsdb_monitor [None req-e6e7a232-c872-429c-9479-caee03ad8225 None None] Hash Ring: Node eb4e62ee-8b38-4683-a008-f13acf3fae9f (host: ubuntu) handling event "create" for row cc6a1940-1c7b-445b-ad21-b2cbf67c831f (table: Chassis) {{(pid=110484) notify /opt/stack/neutron/neutron/plugins/ml2/drivers/ovn/mech_driver/ovsdb/ovsdb_monitor.py:805}}
Apr 08 18:08:59 ubuntu neutron-server[110484]: INFO neutron.wsgi [-] (110484) wsgi starting up on http://0.0.0.0:9696
Apr 08 18:08:59 ubuntu neutron-server[110270]: DEBUG oslo_service.service [None req-c36f91ea-2c7d-494d-a57a-f20f6cf45a18 None None] Started child 110489 {{(pid=110270) _start_child /usr/local/lib/python3.8/dist-packages/oslo_service/service.py:575}}
Apr 08 18:08:59 ubuntu neutron-server[110270]: INFO oslo_service.service [None req-c36f91ea-2c7d-494d-a57a-f20f6cf45a18 None None] Starting 1 workers
Apr 08 18:08:59 ubuntu neutron-server[110270]: DEBUG oslo_service.service [None req-c36f91ea-2c7d-494d-a57a-f20f6cf45a18 None None] Started child 110490 {{(pid=110270) _start_child /usr/local/lib/python3.8/dist-packages/oslo_service/service.py:575}}
Apr 08 18:08:59 ubuntu neutron-server[110270]: INFO oslo_service.service [None req-c36f91ea-2c7d-494d-a57a-f20f6cf45a18 None None] Starting 1 workers
Apr 08 18:08:59 ubuntu neutron-server[110489]: DEBUG neutron.service [None req-c36f91ea-2c7d-494d-a57a-f20f6cf45a18 None None] calling RpcWorker wait() {{(pid=110489) _wait /opt/stack/neutron/neutron/service.py:128}}
Apr 08 18:08:59 ubuntu neutron-server[110489]: DEBUG neutron.service [None req-c36f91ea-2c7d-494d-a57a-f20f6cf45a18 None None] returning from RpcWorker wait() {{(pid=110489) _wait /opt/stack/neutron/neutron/service.py:135}}
Apr 08 18:08:59 ubuntu neutron-server[110270]: DEBUG oslo_service.service [None req-c36f91ea-2c7d-494d-a57a-f20f6cf45a18 None None] Started child 110491 {{(pid=110270) _start_child /usr/local/lib/python3.8/dist-packages/oslo_service/service.py:575}}
Apr 08 18:08:59 ubuntu neutron-server[110270]: DEBUG neutron_lib.callbacks.manager [None req-c36f91ea-2c7d-494d-a57a-f20f6cf45a18 None None] Publish callbacks [] for process (None), after_spawn {{(pid=110270) _notify_loop /usr/local/lib/python3.8/dist-packages/neutron_lib/callbacks/manager.py:176}}
Apr 08 18:08:59 ubuntu neutron-server[110270]: DEBUG oslo_service.service [-] Full set of CONF: {{(pid=110270) wait /usr/local/lib/python3.8/dist-packages/oslo_service/service.py:649}}
Apr 08 18:08:59 ubuntu neutron-server[110270]: DEBUG oslo_service.service [-] ******************************************************************************** {{(pid=110270) log_opt_values /usr/local/lib/python3.8/dist-packages/oslo_config/cfg.py:2589}}
Apr 08 18:08:59 ubuntu neutron-server[110270]: DEBUG oslo_service.service [-] Configuration options gathered from: {{(pid=110270) log_opt_values /usr/local/lib/python3.8/dist-packages/oslo_config/cfg.py:2590}}
Apr 08 18:08:59 ubuntu neutron-server[110490]: DEBUG neutron_lib.callbacks.manager [-] Publish callbacks ['neutron.plugins.ml2.drivers.ovn.mech_driver.mech_driver.OVNMechanismDriver.post_fork_initialize-974389'] for process (None), after_init {{(pid=110490) _notify_loop /usr/local/lib/python3.8/dist-packages/neutron_lib/callbacks/manager.py:176}}
Apr 08 18:08:59 ubuntu neutron-server[110270]: DEBUG oslo_service.service [-] command line args: ['--config-file', '/etc/neutron/neutron.conf', '--config-file', '/etc/neutron/plugins/ml2/ml2_conf.ini'] {{(pid=110270) log_opt_values /usr/local/lib/python3.8/dist-packages/oslo_config/cfg.py:2591}}
Apr 08 18:08:59 ubuntu neutron-server[110270]: DEBUG oslo_service.service [-] config files: ['/etc/neutron/neutron.conf', '/etc/neutron/plugins/ml2/ml2_conf.ini'] {{(pid=110270) log_opt_values /usr/local/lib/python3.8/dist-packages/oslo_config/cfg.py:2592}}
Apr 08 18:08:59 ubuntu neutron-server[110270]: DEBUG oslo_service.service [-] ================================================================================ {{(pid=110270) log_opt_values /usr/local/lib/python3.8/dist-packages/oslo_config/cfg.py:2594}}
Apr 08 18:08:59 ubuntu neutron-server[110270]: DEBUG oslo_service.service [-] agent_down_time                = 75 {{(pid=110270) log_opt_values /usr/local/lib/python3.8/dist-packages/oslo_config/cfg.py:2602}}
Apr 08 18:08:59 ubuntu neutron-server[110270]: DEBUG oslo_service.service [-] allow_automatic_dhcp_failover  = True {{(pid=110270) log_opt_values /usr/local/lib/python3.8/dist-packages/oslo_config/cfg.py:2602}}
