Apr 11 17:42:25 ubuntu neutron-server[116296]: DEBUG neutron.api.extensions [None req-ac230459-bb18-4758-8b03-eae3fc98bf1a None None] Loading extension file: vlantransparent.py {{(pid=116296) _load_all_extensions_from_path /opt/stack/neutron/neutron/api/extensions.py:450}}
Apr 11 17:42:25 ubuntu neutron-server[116296]: DEBUG neutron.api.extensions [None req-ac230459-bb18-4758-8b03-eae3fc98bf1a None None] Ext name="Vlantransparent" alias="vlan-transparent" description="Provides Vlan Transparent Networks" updated="2015-03-23T09:00:00-00:00" {{(pid=116296) _check_extension /opt/stack/neutron/neutron/api/extensions.py:416}}
Apr 11 17:42:25 ubuntu neutron-server[116296]: INFO neutron.api.extensions [None req-ac230459-bb18-4758-8b03-eae3fc98bf1a None None] Extension vlan-transparent not supported by any of loaded plugins
Apr 11 17:42:25 ubuntu neutron-server[116296]: INFO neutron.quota.resource_registry [None req-ac230459-bb18-4758-8b03-eae3fc98bf1a None None] Creating instance of TrackedResource for resource:network
Apr 11 17:42:25 ubuntu neutron-server[116296]: INFO neutron.quota.resource_registry [None req-ac230459-bb18-4758-8b03-eae3fc98bf1a None None] Creating instance of TrackedResource for resource:subnet
Apr 11 17:42:25 ubuntu neutron-server[116296]: INFO neutron.quota.resource_registry [None req-ac230459-bb18-4758-8b03-eae3fc98bf1a None None] Creating instance of TrackedResource for resource:subnetpool
Apr 11 17:42:25 ubuntu neutron-server[116296]: INFO neutron.quota.resource_registry [None req-ac230459-bb18-4758-8b03-eae3fc98bf1a None None] Creating instance of TrackedResource for resource:port
Apr 11 17:42:25 ubuntu neutron-server[116296]: DEBUG neutron.api.v2.resource_helper [None req-ac230459-bb18-4758-8b03-eae3fc98bf1a None None] Service FLAVORS assigned prefix:  {{(pid=116296) build_resource_info /opt/stack/neutron/neutron/api/v2/resource_helper.py:77}}
Apr 11 17:42:25 ubuntu neutron-server[116296]: DEBUG neutron.api.v2.resource_helper [None req-ac230459-bb18-4758-8b03-eae3fc98bf1a None None] Service L3_ROUTER_NAT assigned prefix:  {{(pid=116296) build_resource_info /opt/stack/neutron/neutron/api/v2/resource_helper.py:77}}
Apr 11 17:42:25 ubuntu neutron-server[116296]: DEBUG neutron.api.v2.resource_helper [None req-ac230459-bb18-4758-8b03-eae3fc98bf1a None None] Service L3_ROUTER_NAT assigned prefix:  {{(pid=116296) build_resource_info /opt/stack/neutron/neutron/api/v2/resource_helper.py:77}}
Apr 11 17:42:25 ubuntu neutron-server[116296]: INFO neutron.quota.resource_registry [None req-ac230459-bb18-4758-8b03-eae3fc98bf1a None None] Creating instance of TrackedResource for resource:router
Apr 11 17:42:25 ubuntu neutron-server[116296]: INFO neutron.quota.resource_registry [None req-ac230459-bb18-4758-8b03-eae3fc98bf1a None None] Creating instance of TrackedResource for resource:floatingip
Apr 11 17:42:25 ubuntu neutron-server[116296]: DEBUG neutron_lib.callbacks.manager [None req-ac230459-bb18-4758-8b03-eae3fc98bf1a None None] Subscribe: <bound method NeutronDbPluginV2.validate_network_rbac_policy_change of <neutron.services.network_ip_availability.plugin.NetworkIPAvailabilityPlugin object at 0x7f60c7db3400>> rbac-policy before_create 55550000 {{(pid=116296) subscribe /usr/local/lib/python3.8/dist-packages/neutron_lib/callbacks/manager.py:45}}
Apr 11 17:42:25 ubuntu neutron-server[116296]: DEBUG neutron_lib.callbacks.manager [None req-ac230459-bb18-4758-8b03-eae3fc98bf1a None None] Subscribe: <bound method NeutronDbPluginV2.validate_network_rbac_policy_change of <neutron.services.network_ip_availability.plugin.NetworkIPAvailabilityPlugin object at 0x7f60c7db3400>> rbac-policy before_update 55550000 {{(pid=116296) subscribe /usr/local/lib/python3.8/dist-packages/neutron_lib/callbacks/manager.py:45}}
Apr 11 17:42:25 ubuntu neutron-server[116296]: DEBUG neutron_lib.callbacks.manager [None req-ac230459-bb18-4758-8b03-eae3fc98bf1a None None] Subscribe: <bound method NeutronDbPluginV2.validate_network_rbac_policy_change of <neutron.services.network_ip_availability.plugin.NetworkIPAvailabilityPlugin object at 0x7f60c7db3400>> rbac-policy before_delete 55550000 {{(pid=116296) subscribe /usr/local/lib/python3.8/dist-packages/neutron_lib/callbacks/manager.py:45}}
Apr 11 17:42:25 ubuntu neutron-server[116296]: INFO neutron.quota.resource_registry [None req-ac230459-bb18-4758-8b03-eae3fc98bf1a None None] Creating instance of CountableResource for resource:rbac_policy
Apr 11 17:42:25 ubuntu neutron-server[116296]: INFO neutron.quota.resource_registry [None req-ac230459-bb18-4758-8b03-eae3fc98bf1a None None] Creating instance of TrackedResource for resource:security_group
Apr 11 17:42:25 ubuntu neutron-server[116296]: INFO neutron.quota.resource_registry [None req-ac230459-bb18-4758-8b03-eae3fc98bf1a None None] Creating instance of TrackedResource for resource:security_group_rule
Apr 11 17:42:25 ubuntu neutron-server[116296]: DEBUG neutron.api.v2.resource_helper [None req-ac230459-bb18-4758-8b03-eae3fc98bf1a None None] Service FLAVORS assigned prefix:  {{(pid=116296) build_resource_info /opt/stack/neutron/neutron/api/v2/resource_helper.py:77}}
Apr 11 17:42:25 ubuntu neutron-server[116296]: DEBUG neutron.api.v2.resource_helper [None req-ac230459-bb18-4758-8b03-eae3fc98bf1a None None] Service L3_ROUTER_NAT assigned prefix:  {{(pid=116296) build_resource_info /opt/stack/neutron/neutron/api/v2/resource_helper.py:77}}
Apr 11 17:42:25 ubuntu neutron-server[116296]: DEBUG neutron.api.v2.resource_helper [None req-ac230459-bb18-4758-8b03-eae3fc98bf1a None None] Service L3_ROUTER_NAT assigned prefix:  {{(pid=116296) build_resource_info /opt/stack/neutron/neutron/api/v2/resource_helper.py:77}}
Apr 11 17:42:25 ubuntu neutron-server[116296]: INFO neutron.quota.resource_registry [None req-ac230459-bb18-4758-8b03-eae3fc98bf1a None None] Creating instance of TrackedResource for resource:router
Apr 11 17:42:25 ubuntu neutron-server[116296]: WARNING neutron.quota.resource_registry [None req-ac230459-bb18-4758-8b03-eae3fc98bf1a None None] router is already registered
Apr 11 17:42:25 ubuntu neutron-server[116296]: INFO neutron.quota.resource_registry [None req-ac230459-bb18-4758-8b03-eae3fc98bf1a None None] Creating instance of TrackedResource for resource:floatingip
Apr 11 17:42:25 ubuntu neutron-server[116296]: WARNING neutron.quota.resource_registry [None req-ac230459-bb18-4758-8b03-eae3fc98bf1a None None] floatingip is already registered
Apr 11 17:42:25 ubuntu neutron-server[116296]: INFO neutron.quota.resource_registry [None req-ac230459-bb18-4758-8b03-eae3fc98bf1a None None] Creating instance of CountableResource for resource:rbac_policy
Apr 11 17:42:25 ubuntu neutron-server[116296]: WARNING neutron.quota.resource_registry [None req-ac230459-bb18-4758-8b03-eae3fc98bf1a None None] rbac_policy is already registered
Apr 11 17:42:25 ubuntu neutron-server[116296]: INFO neutron.quota.resource_registry [None req-ac230459-bb18-4758-8b03-eae3fc98bf1a None None] Creating instance of TrackedResource for resource:security_group
Apr 11 17:42:25 ubuntu neutron-server[116296]: WARNING neutron.quota.resource_registry [None req-ac230459-bb18-4758-8b03-eae3fc98bf1a None None] security_group is already registered
Apr 11 17:42:25 ubuntu neutron-server[116296]: INFO neutron.quota.resource_registry [None req-ac230459-bb18-4758-8b03-eae3fc98bf1a None None] Creating instance of TrackedResource for resource:security_group_rule
Apr 11 17:42:25 ubuntu neutron-server[116296]: WARNING neutron.quota.resource_registry [None req-ac230459-bb18-4758-8b03-eae3fc98bf1a None None] security_group_rule is already registered
Apr 11 17:42:25 ubuntu neutron-server[116296]: DEBUG neutron.api.extensions [None req-ac230459-bb18-4758-8b03-eae3fc98bf1a None None] Extended resource: extensions {{(pid=116296) __init__ /opt/stack/neutron/neutron/api/extensions.py:157}}
Apr 11 17:42:25 ubuntu neutron-server[116296]: DEBUG neutron.api.extensions [None req-ac230459-bb18-4758-8b03-eae3fc98bf1a None None] Extended resource: address-groups {{(pid=116296) __init__ /opt/stack/neutron/neutron/api/extensions.py:157}}
Apr 11 17:42:25 ubuntu neutron-server[116296]: DEBUG neutron.api.extensions [None req-ac230459-bb18-4758-8b03-eae3fc98bf1a None None] Extended resource: address-scopes {{(pid=116296) __init__ /opt/stack/neutron/neutron/api/extensions.py:157}}
Apr 11 17:42:25 ubuntu neutron-server[116296]: DEBUG neutron.api.extensions [None req-ac230459-bb18-4758-8b03-eae3fc98bf1a None None] Extended resource: agents {{(pid=116296) __init__ /opt/stack/neutron/neutron/api/extensions.py:157}}
Apr 11 17:42:25 ubuntu neutron-server[116296]: DEBUG neutron.api.extensions [None req-ac230459-bb18-4758-8b03-eae3fc98bf1a None None] Extended resource: auto-allocated-topology {{(pid=116296) __init__ /opt/stack/neutron/neutron/api/extensions.py:157}}
Apr 11 17:42:25 ubuntu neutron-server[116296]: DEBUG neutron.api.extensions [None req-ac230459-bb18-4758-8b03-eae3fc98bf1a None None] Extended resource: availability_zones {{(pid=116296) __init__ /opt/stack/neutron/neutron/api/extensions.py:157}}
Apr 11 17:42:25 ubuntu neutron-server[116296]: DEBUG neutron.api.extensions [None req-ac230459-bb18-4758-8b03-eae3fc98bf1a None None] Extended resource: flavors {{(pid=116296) __init__ /opt/stack/neutron/neutron/api/extensions.py:157}}
Apr 11 17:42:25 ubuntu neutron-server[116296]: DEBUG neutron.api.extensions [None req-ac230459-bb18-4758-8b03-eae3fc98bf1a None None] Extended resource: service_profiles {{(pid=116296) __init__ /opt/stack/neutron/neutron/api/extensions.py:157}}
Apr 11 17:42:25 ubuntu neutron-server[116296]: DEBUG neutron.api.extensions [None req-ac230459-bb18-4758-8b03-eae3fc98bf1a None None] Extended resource: next_providers {{(pid=116296) __init__ /opt/stack/neutron/neutron/api/extensions.py:157}}
Apr 11 17:42:25 ubuntu neutron-server[116296]: DEBUG neutron.api.extensions [None req-ac230459-bb18-4758-8b03-eae3fc98bf1a None None] Extended resource: service_profiles {{(pid=116296) __init__ /opt/stack/neutron/neutron/api/extensions.py:157}}
Apr 11 17:42:25 ubuntu neutron-server[116296]: DEBUG neutron.api.extensions [None req-ac230459-bb18-4758-8b03-eae3fc98bf1a None None] Extended resource: floatingip-pools {{(pid=116296) __init__ /opt/stack/neutron/neutron/api/extensions.py:157}}
Apr 11 17:42:25 ubuntu neutron-server[116296]: DEBUG neutron.api.extensions [None req-ac230459-bb18-4758-8b03-eae3fc98bf1a None None] Extended resource: routers {{(pid=116296) __init__ /opt/stack/neutron/neutron/api/extensions.py:157}}
Apr 11 17:42:25 ubuntu neutron-server[116296]: DEBUG neutron.api.extensions [None req-ac230459-bb18-4758-8b03-eae3fc98bf1a None None] Extended resource: floatingips {{(pid=116296) __init__ /opt/stack/neutron/neutron/api/extensions.py:157}}
Apr 11 17:42:25 ubuntu neutron-server[116296]: DEBUG neutron.api.extensions [None req-ac230459-bb18-4758-8b03-eae3fc98bf1a None None] Extended resource: network-ip-availabilities {{(pid=116296) __init__ /opt/stack/neutron/neutron/api/extensions.py:157}}
Apr 11 17:42:25 ubuntu neutron-server[116296]: DEBUG neutron.api.extensions [None req-ac230459-bb18-4758-8b03-eae3fc98bf1a None None] Extended resource: bindings {{(pid=116296) __init__ /opt/stack/neutron/neutron/api/extensions.py:157}}
Apr 11 17:42:25 ubuntu neutron-server[116296]: DEBUG neutron.api.extensions [None req-ac230459-bb18-4758-8b03-eae3fc98bf1a None None] Extended resource: quotas {{(pid=116296) __init__ /opt/stack/neutron/neutron/api/extensions.py:157}}
Apr 11 17:42:25 ubuntu neutron-server[116296]: DEBUG neutron.api.extensions [None req-ac230459-bb18-4758-8b03-eae3fc98bf1a None None] Extended resource: quotas {{(pid=116296) __init__ /opt/stack/neutron/neutron/api/extensions.py:157}}
Apr 11 17:42:25 ubuntu neutron-server[116296]: DEBUG neutron.api.extensions [None req-ac230459-bb18-4758-8b03-eae3fc98bf1a None None] Extended resource: rbac-policies {{(pid=116296) __init__ /opt/stack/neutron/neutron/api/extensions.py:157}}
Apr 11 17:42:25 ubuntu neutron-server[116296]: DEBUG neutron.api.extensions [None req-ac230459-bb18-4758-8b03-eae3fc98bf1a None None] Extended resource: security-groups {{(pid=116296) __init__ /opt/stack/neutron/neutron/api/extensions.py:157}}
Apr 11 17:42:25 ubuntu neutron-server[116296]: DEBUG neutron.api.extensions [None req-ac230459-bb18-4758-8b03-eae3fc98bf1a None None] Extended resource: security-group-rules {{(pid=116296) __init__ /opt/stack/neutron/neutron/api/extensions.py:157}}
Apr 11 17:42:25 ubuntu neutron-server[116296]: DEBUG neutron.api.extensions [None req-ac230459-bb18-4758-8b03-eae3fc98bf1a None None] Extended resource: service-providers {{(pid=116296) __init__ /opt/stack/neutron/neutron/api/extensions.py:157}}
Apr 11 17:42:25 ubuntu neutron-server[116296]: DEBUG neutron.api.extensions [None req-ac230459-bb18-4758-8b03-eae3fc98bf1a None None] Extended resource: tags {{(pid=116296) __init__ /opt/stack/neutron/neutron/api/extensions.py:157}}
Apr 11 17:42:25 ubuntu neutron-server[116296]: DEBUG neutron.api.extensions [None req-ac230459-bb18-4758-8b03-eae3fc98bf1a None None] Extended resource: tags {{(pid=116296) __init__ /opt/stack/neutron/neutron/api/extensions.py:157}}
Apr 11 17:42:25 ubuntu neutron-server[116296]: DEBUG neutron.api.extensions [None req-ac230459-bb18-4758-8b03-eae3fc98bf1a None None] Extended resource: tags {{(pid=116296) __init__ /opt/stack/neutron/neutron/api/extensions.py:157}}
Apr 11 17:42:25 ubuntu neutron-server[116296]: DEBUG neutron.api.extensions [None req-ac230459-bb18-4758-8b03-eae3fc98bf1a None None] Extended resource: tags {{(pid=116296) __init__ /opt/stack/neutron/neutron/api/extensions.py:157}}
Apr 11 17:42:25 ubuntu neutron-server[116296]: DEBUG neutron.api.extensions [None req-ac230459-bb18-4758-8b03-eae3fc98bf1a None None] Extended resource: tags {{(pid=116296) __init__ /opt/stack/neutron/neutron/api/extensions.py:157}}
Apr 11 17:42:25 ubuntu neutron-server[116296]: DEBUG neutron.api.extensions [None req-ac230459-bb18-4758-8b03-eae3fc98bf1a None None] Extended resource: tags {{(pid=116296) __init__ /opt/stack/neutron/neutron/api/extensions.py:157}}
Apr 11 17:42:25 ubuntu neutron-server[116296]: DEBUG neutron.api.extensions [None req-ac230459-bb18-4758-8b03-eae3fc98bf1a None None] Extended resource: tags {{(pid=116296) __init__ /opt/stack/neutron/neutron/api/extensions.py:157}}
Apr 11 17:42:25 ubuntu neutron-server[116296]: DEBUG neutron.api.extensions [None req-ac230459-bb18-4758-8b03-eae3fc98bf1a None None] Extended resource: tags {{(pid=116296) __init__ /opt/stack/neutron/neutron/api/extensions.py:157}}
Apr 11 17:42:25 ubuntu neutron-server[116296]: DEBUG neutron.api.extensions [None req-ac230459-bb18-4758-8b03-eae3fc98bf1a None None] Extended resource: tags {{(pid=116296) __init__ /opt/stack/neutron/neutron/api/extensions.py:157}}
Apr 11 17:42:25 ubuntu neutron-server[116296]: DEBUG neutron.api.extensions [None req-ac230459-bb18-4758-8b03-eae3fc98bf1a None None] Extended resource: tags {{(pid=116296) __init__ /opt/stack/neutron/neutron/api/extensions.py:157}}
Apr 11 17:42:25 ubuntu neutron-server[116296]: WARNING keystonemiddleware.auth_token [None req-ac230459-bb18-4758-8b03-eae3fc98bf1a None None] AuthToken middleware is set with keystone_authtoken.service_token_roles_required set to False. This is backwards compatible but deprecated behaviour. Please set this to True.
Apr 11 17:42:25 ubuntu neutron-server[116296]: WARNING keystonemiddleware.auth_token [None req-ac230459-bb18-4758-8b03-eae3fc98bf1a None None] Configuring www_authenticate_uri to point to the public identity endpoint is required; clients may not be able to authenticate against an admin endpoint
Apr 11 17:42:25 ubuntu neutron-server[116296]: DEBUG oslo_concurrency.lockutils [None req-ac230459-bb18-4758-8b03-eae3fc98bf1a None None] Acquired lock "singleton_lock" {{(pid=116296) lock /usr/local/lib/python3.8/dist-packages/oslo_concurrency/lockutils.py:294}}
Apr 11 17:42:25 ubuntu neutron-server[116296]: DEBUG oslo_concurrency.lockutils [None req-ac230459-bb18-4758-8b03-eae3fc98bf1a None None] Releasing lock "singleton_lock" {{(pid=116296) lock /usr/local/lib/python3.8/dist-packages/oslo_concurrency/lockutils.py:312}}
Apr 11 17:42:25 ubuntu neutron-server[116296]: INFO oslo_service.service [None req-ac230459-bb18-4758-8b03-eae3fc98bf1a None None] Starting 2 workers
Apr 11 17:42:25 ubuntu neutron-server[116296]: DEBUG oslo_service.service [None req-ac230459-bb18-4758-8b03-eae3fc98bf1a None None] Started child 116503 {{(pid=116296) _start_child /usr/local/lib/python3.8/dist-packages/oslo_service/service.py:575}}
Apr 11 17:42:25 ubuntu neutron-server[116296]: DEBUG oslo_service.service [None req-ac230459-bb18-4758-8b03-eae3fc98bf1a None None] Started child 116504 {{(pid=116296) _start_child /usr/local/lib/python3.8/dist-packages/oslo_service/service.py:575}}
Apr 11 17:42:25 ubuntu neutron-server[116296]: INFO neutron.service [None req-ac230459-bb18-4758-8b03-eae3fc98bf1a None None] Neutron service started, listening on 0.0.0.0:9696
Apr 11 17:42:25 ubuntu neutron-server[116296]: DEBUG neutron_lib.callbacks.manager [None req-ac230459-bb18-4758-8b03-eae3fc98bf1a None None] Publish callbacks ['neutron.plugins.ml2.drivers.ovn.mech_driver.mech_driver.OVNMechanismDriver.pre_fork_initialize-327994'] for process (None), before_spawn {{(pid=116296) _notify_loop /usr/local/lib/python3.8/dist-packages/neutron_lib/callbacks/manager.py:176}}
Apr 11 17:42:25 ubuntu neutron-server[116503]: DEBUG neutron_lib.callbacks.manager [-] Publish callbacks ['neutron.plugins.ml2.drivers.ovn.mech_driver.mech_driver.OVNMechanismDriver.post_fork_initialize-327966'] for process (None), after_init {{(pid=116503) _notify_loop /usr/local/lib/python3.8/dist-packages/neutron_lib/callbacks/manager.py:176}}
Apr 11 17:42:25 ubuntu neutron-server[116504]: DEBUG neutron_lib.callbacks.manager [-] Publish callbacks ['neutron.plugins.ml2.drivers.ovn.mech_driver.mech_driver.OVNMechanismDriver.post_fork_initialize-327966'] for process (None), after_init {{(pid=116504) _notify_loop /usr/local/lib/python3.8/dist-packages/neutron_lib/callbacks/manager.py:176}}
Apr 11 17:42:25 ubuntu neutron-server[116503]: INFO neutron.plugins.ml2.drivers.ovn.mech_driver.ovsdb.impl_idl_ovn [None req-d20a0459-158c-4878-a0bc-4697e5bb83f9 None None] Getting OvsdbNbOvnIdl for WorkerService with retry
Apr 11 17:42:25 ubuntu neutron-server[116296]: DEBUG ovsdbapp.backend.ovs_idl [None req-ac230459-bb18-4758-8b03-eae3fc98bf1a None None] Created schema index Port_Group.name {{(pid=116296) autocreate_indices /usr/local/lib/python3.8/dist-packages/ovsdbapp/backend/ovs_idl/__init__.py:126}}
Apr 11 17:42:25 ubuntu neutron-server[116296]: DEBUG ovsdbapp.backend.ovs_idl [None req-ac230459-bb18-4758-8b03-eae3fc98bf1a None None] Created schema index Logical_Switch_Port.name {{(pid=116296) autocreate_indices /usr/local/lib/python3.8/dist-packages/ovsdbapp/backend/ovs_idl/__init__.py:126}}
Apr 11 17:42:25 ubuntu neutron-server[116504]: INFO neutron.plugins.ml2.drivers.ovn.mech_driver.ovsdb.impl_idl_ovn [None req-8e3bc390-b3ca-4f68-9a2e-f355a9a9b9ac None None] Getting OvsdbNbOvnIdl for WorkerService with retry
Apr 11 17:42:25 ubuntu neutron-server[116503]: DEBUG ovsdbapp.backend.ovs_idl [None req-d20a0459-158c-4878-a0bc-4697e5bb83f9 None None] Created lookup_table index Logical_Switch.name {{(pid=116503) autocreate_indices /usr/local/lib/python3.8/dist-packages/ovsdbapp/backend/ovs_idl/__init__.py:107}}
Apr 11 17:42:25 ubuntu neutron-server[116503]: DEBUG ovsdbapp.backend.ovs_idl [None req-d20a0459-158c-4878-a0bc-4697e5bb83f9 None None] Created lookup_table index Logical_Router.name {{(pid=116503) autocreate_indices /usr/local/lib/python3.8/dist-packages/ovsdbapp/backend/ovs_idl/__init__.py:107}}
Apr 11 17:42:25 ubuntu neutron-server[116503]: DEBUG ovsdbapp.backend.ovs_idl [None req-d20a0459-158c-4878-a0bc-4697e5bb83f9 None None] Created lookup_table index Load_Balancer.name {{(pid=116503) autocreate_indices /usr/local/lib/python3.8/dist-packages/ovsdbapp/backend/ovs_idl/__init__.py:107}}
Apr 11 17:42:25 ubuntu neutron-server[116503]: DEBUG ovsdbapp.backend.ovs_idl [None req-d20a0459-158c-4878-a0bc-4697e5bb83f9 None None] Created schema index Meter.name {{(pid=116503) autocreate_indices /usr/local/lib/python3.8/dist-packages/ovsdbapp/backend/ovs_idl/__init__.py:126}}
Apr 11 17:42:25 ubuntu neutron-server[116503]: DEBUG ovsdbapp.backend.ovs_idl [None req-d20a0459-158c-4878-a0bc-4697e5bb83f9 None None] Created schema index Address_Set.name {{(pid=116503) autocreate_indices /usr/local/lib/python3.8/dist-packages/ovsdbapp/backend/ovs_idl/__init__.py:126}}
Apr 11 17:42:25 ubuntu neutron-server[116503]: DEBUG ovsdbapp.backend.ovs_idl [None req-d20a0459-158c-4878-a0bc-4697e5bb83f9 None None] Created schema index HA_Chassis_Group.name {{(pid=116503) autocreate_indices /usr/local/lib/python3.8/dist-packages/ovsdbapp/backend/ovs_idl/__init__.py:126}}
Apr 11 17:42:25 ubuntu neutron-server[116503]: DEBUG ovsdbapp.backend.ovs_idl [None req-d20a0459-158c-4878-a0bc-4697e5bb83f9 None None] Created schema index Connection.target {{(pid=116503) autocreate_indices /usr/local/lib/python3.8/dist-packages/ovsdbapp/backend/ovs_idl/__init__.py:126}}
Apr 11 17:42:25 ubuntu neutron-server[116503]: DEBUG ovsdbapp.backend.ovs_idl [None req-d20a0459-158c-4878-a0bc-4697e5bb83f9 None None] Created schema index Gateway_Chassis.name {{(pid=116503) autocreate_indices /usr/local/lib/python3.8/dist-packages/ovsdbapp/backend/ovs_idl/__init__.py:126}}
Apr 11 17:42:25 ubuntu neutron-server[116503]: DEBUG ovsdbapp.backend.ovs_idl [None req-d20a0459-158c-4878-a0bc-4697e5bb83f9 None None] Created schema index Logical_Router_Port.name {{(pid=116503) autocreate_indices /usr/local/lib/python3.8/dist-packages/ovsdbapp/backend/ovs_idl/__init__.py:126}}
Apr 11 17:42:25 ubuntu neutron-server[116503]: DEBUG ovsdbapp.backend.ovs_idl [None req-d20a0459-158c-4878-a0bc-4697e5bb83f9 None None] Created schema index Port_Group.name {{(pid=116503) autocreate_indices /usr/local/lib/python3.8/dist-packages/ovsdbapp/backend/ovs_idl/__init__.py:126}}
Apr 11 17:42:25 ubuntu neutron-server[116503]: DEBUG ovsdbapp.backend.ovs_idl [None req-d20a0459-158c-4878-a0bc-4697e5bb83f9 None None] Created schema index Logical_Switch_Port.name {{(pid=116503) autocreate_indices /usr/local/lib/python3.8/dist-packages/ovsdbapp/backend/ovs_idl/__init__.py:126}}
Apr 11 17:42:25 ubuntu neutron-server[116503]: INFO ovsdbapp.backend.ovs_idl.vlog [None req-d20a0459-158c-4878-a0bc-4697e5bb83f9 None None] tcp:192.168.79.39:6641: connecting...
Apr 11 17:42:25 ubuntu neutron-server[116504]: DEBUG ovsdbapp.backend.ovs_idl [None req-8e3bc390-b3ca-4f68-9a2e-f355a9a9b9ac None None] Created lookup_table index Logical_Switch.name {{(pid=116504) autocreate_indices /usr/local/lib/python3.8/dist-packages/ovsdbapp/backend/ovs_idl/__init__.py:107}}
Apr 11 17:42:25 ubuntu neutron-server[116503]: INFO ovsdbapp.backend.ovs_idl.vlog [None req-d20a0459-158c-4878-a0bc-4697e5bb83f9 None None] tcp:192.168.79.39:6641: connected
Apr 11 17:42:25 ubuntu neutron-server[116504]: DEBUG ovsdbapp.backend.ovs_idl [None req-8e3bc390-b3ca-4f68-9a2e-f355a9a9b9ac None None] Created lookup_table index Logical_Router.name {{(pid=116504) autocreate_indices /usr/local/lib/python3.8/dist-packages/ovsdbapp/backend/ovs_idl/__init__.py:107}}
Apr 11 17:42:25 ubuntu neutron-server[116504]: DEBUG ovsdbapp.backend.ovs_idl [None req-8e3bc390-b3ca-4f68-9a2e-f355a9a9b9ac None None] Created lookup_table index Load_Balancer.name {{(pid=116504) autocreate_indices /usr/local/lib/python3.8/dist-packages/ovsdbapp/backend/ovs_idl/__init__.py:107}}
Apr 11 17:42:25 ubuntu neutron-server[116504]: DEBUG ovsdbapp.backend.ovs_idl [None req-8e3bc390-b3ca-4f68-9a2e-f355a9a9b9ac None None] Created schema index Meter.name {{(pid=116504) autocreate_indices /usr/local/lib/python3.8/dist-packages/ovsdbapp/backend/ovs_idl/__init__.py:126}}
Apr 11 17:42:25 ubuntu neutron-server[116504]: DEBUG ovsdbapp.backend.ovs_idl [None req-8e3bc390-b3ca-4f68-9a2e-f355a9a9b9ac None None] Created schema index Address_Set.name {{(pid=116504) autocreate_indices /usr/local/lib/python3.8/dist-packages/ovsdbapp/backend/ovs_idl/__init__.py:126}}
Apr 11 17:42:25 ubuntu neutron-server[116504]: DEBUG ovsdbapp.backend.ovs_idl [None req-8e3bc390-b3ca-4f68-9a2e-f355a9a9b9ac None None] Created schema index HA_Chassis_Group.name {{(pid=116504) autocreate_indices /usr/local/lib/python3.8/dist-packages/ovsdbapp/backend/ovs_idl/__init__.py:126}}
Apr 11 17:42:25 ubuntu neutron-server[116504]: DEBUG ovsdbapp.backend.ovs_idl [None req-8e3bc390-b3ca-4f68-9a2e-f355a9a9b9ac None None] Created schema index Connection.target {{(pid=116504) autocreate_indices /usr/local/lib/python3.8/dist-packages/ovsdbapp/backend/ovs_idl/__init__.py:126}}
Apr 11 17:42:25 ubuntu neutron-server[116504]: DEBUG ovsdbapp.backend.ovs_idl [None req-8e3bc390-b3ca-4f68-9a2e-f355a9a9b9ac None None] Created schema index Gateway_Chassis.name {{(pid=116504) autocreate_indices /usr/local/lib/python3.8/dist-packages/ovsdbapp/backend/ovs_idl/__init__.py:126}}
Apr 11 17:42:25 ubuntu neutron-server[116504]: DEBUG ovsdbapp.backend.ovs_idl [None req-8e3bc390-b3ca-4f68-9a2e-f355a9a9b9ac None None] Created schema index Logical_Router_Port.name {{(pid=116504) autocreate_indices /usr/local/lib/python3.8/dist-packages/ovsdbapp/backend/ovs_idl/__init__.py:126}}
Apr 11 17:42:25 ubuntu neutron-server[116504]: DEBUG ovsdbapp.backend.ovs_idl [None req-8e3bc390-b3ca-4f68-9a2e-f355a9a9b9ac None None] Created schema index Port_Group.name {{(pid=116504) autocreate_indices /usr/local/lib/python3.8/dist-packages/ovsdbapp/backend/ovs_idl/__init__.py:126}}
Apr 11 17:42:25 ubuntu neutron-server[116504]: DEBUG ovsdbapp.backend.ovs_idl [None req-8e3bc390-b3ca-4f68-9a2e-f355a9a9b9ac None None] Created schema index Logical_Switch_Port.name {{(pid=116504) autocreate_indices /usr/local/lib/python3.8/dist-packages/ovsdbapp/backend/ovs_idl/__init__.py:126}}
Apr 11 17:42:25 ubuntu neutron-server[116504]: INFO ovsdbapp.backend.ovs_idl.vlog [None req-8e3bc390-b3ca-4f68-9a2e-f355a9a9b9ac None None] tcp:192.168.79.39:6641: connecting...
Apr 11 17:42:25 ubuntu neutron-server[116504]: INFO ovsdbapp.backend.ovs_idl.vlog [None req-8e3bc390-b3ca-4f68-9a2e-f355a9a9b9ac None None] tcp:192.168.79.39:6641: connected
Apr 11 17:42:25 ubuntu neutron-server[116296]: DEBUG ovsdbapp.backend.ovs_idl.transaction [-] Running txn n=1 command(idx=0): PgAddCommand(name=neutron_pg_drop, may_exist=True, columns={'acls': []}) {{(pid=116296) do_commit /usr/local/lib/python3.8/dist-packages/ovsdbapp/backend/ovs_idl/transaction.py:90}}
Apr 11 17:42:25 ubuntu neutron-server[116296]: DEBUG ovsdbapp.backend.ovs_idl.transaction [-] Running txn n=1 command(idx=1): PgAclAddCommand(entity=neutron_pg_drop, direction=from-lport, priority=1001, match=inport == @neutron_pg_drop && ip, action=drop, log=False, may_exist=True, severity=[], name=[], meter=None, external_ids={}) {{(pid=116296) do_commit /usr/local/lib/python3.8/dist-packages/ovsdbapp/backend/ovs_idl/transaction.py:90}}
Apr 11 17:42:25 ubuntu neutron-server[116296]: DEBUG ovsdbapp.backend.ovs_idl.transaction [-] Running txn n=1 command(idx=2): PgAclAddCommand(entity=neutron_pg_drop, direction=to-lport, priority=1001, match=outport == @neutron_pg_drop && ip, action=drop, log=False, may_exist=True, severity=[], name=[], meter=None, external_ids={}) {{(pid=116296) do_commit /usr/local/lib/python3.8/dist-packages/ovsdbapp/backend/ovs_idl/transaction.py:90}}
Apr 11 17:42:25 ubuntu neutron-server[116296]: DEBUG ovsdbapp.backend.ovs_idl.event [-] Matched CREATE: NeutronPgDropPortGroupCreated(events=('create',), table='Port_Group', conditions=(('name', '=', 'neutron_pg_drop'),), old_conditions=None), priority=10 to row=Port_Group(name=neutron_pg_drop, ports=[], external_ids={}, acls=[<ovs.db.idl.Row object at 0x7f60c8134bb0>, <ovs.db.idl.Row object at 0x7f60c8138fa0>]) old= {{(pid=116296) matches /usr/local/lib/python3.8/dist-packages/ovsdbapp/backend/ovs_idl/event.py:43}}
Apr 11 17:42:25 ubuntu neutron-server[116503]: DEBUG neutron.common.ovn.hash_ring_manager [None req-d20a0459-158c-4878-a0bc-4697e5bb83f9 None None] Allow caching, nodes 2>=2 {{(pid=116503) _wait_startup_before_caching /opt/stack/neutron/neutron/common/ovn/hash_ring_manager.py:60}}
Apr 11 17:42:25 ubuntu neutron-server[116504]: DEBUG neutron.common.ovn.hash_ring_manager [None req-8e3bc390-b3ca-4f68-9a2e-f355a9a9b9ac None None] Allow caching, nodes 2>=2 {{(pid=116504) _wait_startup_before_caching /opt/stack/neutron/neutron/common/ovn/hash_ring_manager.py:60}}
Apr 11 17:42:25 ubuntu neutron-server[116503]: DEBUG neutron.plugins.ml2.drivers.ovn.mech_driver.ovsdb.ovsdb_monitor [None req-d20a0459-158c-4878-a0bc-4697e5bb83f9 None None] Hash Ring: Node f5ba020a-7d82-4bdc-b63c-6ef046f34bef (host: ubuntu) handling event "create" for row d949a8c4-a08d-4723-bb9b-728eabeb8da7 (table: Database) {{(pid=116503) notify /opt/stack/neutron/neutron/plugins/ml2/drivers/ovn/mech_driver/ovsdb/ovsdb_monitor.py:805}}
Apr 11 17:42:25 ubuntu neutron-server[116504]: DEBUG neutron.plugins.ml2.drivers.ovn.mech_driver.ovsdb.ovsdb_monitor [None req-8e3bc390-b3ca-4f68-9a2e-f355a9a9b9ac None None] Hash Ring: Node 53b65b58-ace5-42fe-83bf-0059d1804ae5 (host: ubuntu) handling event "create" for row 10261807-c9b9-43f7-a225-05bafb1504df (table: Database) {{(pid=116504) notify /opt/stack/neutron/neutron/plugins/ml2/drivers/ovn/mech_driver/ovsdb/ovsdb_monitor.py:805}}
Apr 11 17:42:25 ubuntu neutron-server[116503]: DEBUG neutron.plugins.ml2.drivers.ovn.mech_driver.ovsdb.ovsdb_monitor [None req-d20a0459-158c-4878-a0bc-4697e5bb83f9 None None] Hash Ring: Node f5ba020a-7d82-4bdc-b63c-6ef046f34bef (host: ubuntu) handling event "create" for row a8c3e777-f447-4f1a-9a13-a587d7a5f0c0 (table: Port_Group) {{(pid=116503) notify /opt/stack/neutron/neutron/plugins/ml2/drivers/ovn/mech_driver/ovsdb/ovsdb_monitor.py:805}}
Apr 11 17:42:25 ubuntu neutron-server[116503]: DEBUG neutron.plugins.ml2.drivers.ovn.mech_driver.ovsdb.ovsdb_monitor [None req-d20a0459-158c-4878-a0bc-4697e5bb83f9 None None] Hash Ring: Node f5ba020a-7d82-4bdc-b63c-6ef046f34bef (host: ubuntu) handling event "create" for row 95503340-292f-4690-b353-91c2b4811fe4 (table: ACL) {{(pid=116503) notify /opt/stack/neutron/neutron/plugins/ml2/drivers/ovn/mech_driver/ovsdb/ovsdb_monitor.py:805}}
Apr 11 17:42:25 ubuntu neutron-server[116296]: DEBUG ovsdbapp.backend.ovs_idl [None req-ac230459-bb18-4758-8b03-eae3fc98bf1a None None] Created lookup_table index Logical_Switch.name {{(pid=116296) autocreate_indices /usr/local/lib/python3.8/dist-packages/ovsdbapp/backend/ovs_idl/__init__.py:107}}
Apr 11 17:42:25 ubuntu neutron-server[116503]: DEBUG neutron.plugins.ml2.drivers.ovn.mech_driver.ovsdb.ovsdb_monitor [None req-d20a0459-158c-4878-a0bc-4697e5bb83f9 None None] Hash Ring: Node f5ba020a-7d82-4bdc-b63c-6ef046f34bef (host: ubuntu) handling event "create" for row 8334589e-6fd5-41f3-be01-f25a6f9aaac9 (table: Connection) {{(pid=116503) notify /opt/stack/neutron/neutron/plugins/ml2/drivers/ovn/mech_driver/ovsdb/ovsdb_monitor.py:805}}
Apr 11 17:42:25 ubuntu neutron-server[116296]: DEBUG ovsdbapp.backend.ovs_idl [None req-ac230459-bb18-4758-8b03-eae3fc98bf1a None None] Created lookup_table index Logical_Router.name {{(pid=116296) autocreate_indices /usr/local/lib/python3.8/dist-packages/ovsdbapp/backend/ovs_idl/__init__.py:107}}
Apr 11 17:42:25 ubuntu neutron-server[116296]: DEBUG ovsdbapp.backend.ovs_idl [None req-ac230459-bb18-4758-8b03-eae3fc98bf1a None None] Created lookup_table index Load_Balancer.name {{(pid=116296) autocreate_indices /usr/local/lib/python3.8/dist-packages/ovsdbapp/backend/ovs_idl/__init__.py:107}}
Apr 11 17:42:25 ubuntu neutron-server[116296]: DEBUG ovsdbapp.backend.ovs_idl [None req-ac230459-bb18-4758-8b03-eae3fc98bf1a None None] Created schema index Meter.name {{(pid=116296) autocreate_indices /usr/local/lib/python3.8/dist-packages/ovsdbapp/backend/ovs_idl/__init__.py:126}}
Apr 11 17:42:25 ubuntu neutron-server[116504]: DEBUG neutron.plugins.ml2.drivers.ovn.mech_driver.ovsdb.ovsdb_monitor [None req-8e3bc390-b3ca-4f68-9a2e-f355a9a9b9ac None None] Hash Ring: Node 53b65b58-ace5-42fe-83bf-0059d1804ae5 (host: ubuntu) handling event "create" for row 9f3c5864-8385-4ee3-b292-ce48c25de936 (table: NB_Global) {{(pid=116504) notify /opt/stack/neutron/neutron/plugins/ml2/drivers/ovn/mech_driver/ovsdb/ovsdb_monitor.py:805}}
Apr 11 17:42:25 ubuntu neutron-server[116296]: DEBUG ovsdbapp.backend.ovs_idl [None req-ac230459-bb18-4758-8b03-eae3fc98bf1a None None] Created schema index Address_Set.name {{(pid=116296) autocreate_indices /usr/local/lib/python3.8/dist-packages/ovsdbapp/backend/ovs_idl/__init__.py:126}}
Apr 11 17:42:25 ubuntu neutron-server[116296]: DEBUG ovsdbapp.backend.ovs_idl [None req-ac230459-bb18-4758-8b03-eae3fc98bf1a None None] Created schema index HA_Chassis_Group.name {{(pid=116296) autocreate_indices /usr/local/lib/python3.8/dist-packages/ovsdbapp/backend/ovs_idl/__init__.py:126}}
Apr 11 17:42:25 ubuntu neutron-server[116504]: DEBUG neutron.plugins.ml2.drivers.ovn.mech_driver.ovsdb.ovsdb_monitor [None req-8e3bc390-b3ca-4f68-9a2e-f355a9a9b9ac None None] Hash Ring: Node 53b65b58-ace5-42fe-83bf-0059d1804ae5 (host: ubuntu) handling event "create" for row 3d0c4ae8-b772-40db-ba26-223a327c0111 (table: ACL) {{(pid=116504) notify /opt/stack/neutron/neutron/plugins/ml2/drivers/ovn/mech_driver/ovsdb/ovsdb_monitor.py:805}}
Apr 11 17:42:25 ubuntu neutron-server[116296]: DEBUG ovsdbapp.backend.ovs_idl [None req-ac230459-bb18-4758-8b03-eae3fc98bf1a None None] Created schema index Connection.target {{(pid=116296) autocreate_indices /usr/local/lib/python3.8/dist-packages/ovsdbapp/backend/ovs_idl/__init__.py:126}}
Apr 11 17:42:25 ubuntu neutron-server[116296]: DEBUG ovsdbapp.backend.ovs_idl [None req-ac230459-bb18-4758-8b03-eae3fc98bf1a None None] Created schema index Gateway_Chassis.name {{(pid=116296) autocreate_indices /usr/local/lib/python3.8/dist-packages/ovsdbapp/backend/ovs_idl/__init__.py:126}}
Apr 11 17:42:25 ubuntu neutron-server[116296]: DEBUG ovsdbapp.backend.ovs_idl [None req-ac230459-bb18-4758-8b03-eae3fc98bf1a None None] Created schema index Logical_Router_Port.name {{(pid=116296) autocreate_indices /usr/local/lib/python3.8/dist-packages/ovsdbapp/backend/ovs_idl/__init__.py:126}}
Apr 11 17:42:25 ubuntu neutron-server[116296]: DEBUG ovsdbapp.backend.ovs_idl [None req-ac230459-bb18-4758-8b03-eae3fc98bf1a None None] Created schema index Port_Group.name {{(pid=116296) autocreate_indices /usr/local/lib/python3.8/dist-packages/ovsdbapp/backend/ovs_idl/__init__.py:126}}
Apr 11 17:42:25 ubuntu neutron-server[116296]: DEBUG ovsdbapp.backend.ovs_idl [None req-ac230459-bb18-4758-8b03-eae3fc98bf1a None None] Created schema index Logical_Switch_Port.name {{(pid=116296) autocreate_indices /usr/local/lib/python3.8/dist-packages/ovsdbapp/backend/ovs_idl/__init__.py:126}}
Apr 11 17:42:25 ubuntu neutron-server[116504]: INFO neutron.plugins.ml2.drivers.ovn.mech_driver.ovsdb.impl_idl_ovn [None req-8e3bc390-b3ca-4f68-9a2e-f355a9a9b9ac None None] Getting OvsdbSbOvnIdl for WorkerService with retry
Apr 11 17:42:25 ubuntu neutron-server[116503]: INFO neutron.plugins.ml2.drivers.ovn.mech_driver.ovsdb.impl_idl_ovn [None req-d20a0459-158c-4878-a0bc-4697e5bb83f9 None None] Getting OvsdbSbOvnIdl for WorkerService with retry
Apr 11 17:42:25 ubuntu neutron-server[116504]: DEBUG ovsdbapp.backend.ovs_idl [None req-8e3bc390-b3ca-4f68-9a2e-f355a9a9b9ac None None] Created lookup_table index Chassis.name {{(pid=116504) autocreate_indices /usr/local/lib/python3.8/dist-packages/ovsdbapp/backend/ovs_idl/__init__.py:107}}
Apr 11 17:42:25 ubuntu neutron-server[116504]: DEBUG ovsdbapp.backend.ovs_idl [None req-8e3bc390-b3ca-4f68-9a2e-f355a9a9b9ac None None] Created schema index Datapath_Binding.tunnel_key {{(pid=116504) autocreate_indices /usr/local/lib/python3.8/dist-packages/ovsdbapp/backend/ovs_idl/__init__.py:126}}
Apr 11 17:42:25 ubuntu neutron-server[116504]: DEBUG ovsdbapp.backend.ovs_idl [None req-8e3bc390-b3ca-4f68-9a2e-f355a9a9b9ac None None] Created schema index Connection.target {{(pid=116504) autocreate_indices /usr/local/lib/python3.8/dist-packages/ovsdbapp/backend/ovs_idl/__init__.py:126}}
Apr 11 17:42:25 ubuntu neutron-server[116504]: INFO ovsdbapp.backend.ovs_idl.vlog [None req-8e3bc390-b3ca-4f68-9a2e-f355a9a9b9ac None None] tcp:192.168.79.39:6642: connecting...
Apr 11 17:42:25 ubuntu neutron-server[116503]: DEBUG ovsdbapp.backend.ovs_idl [None req-d20a0459-158c-4878-a0bc-4697e5bb83f9 None None] Created lookup_table index Chassis.name {{(pid=116503) autocreate_indices /usr/local/lib/python3.8/dist-packages/ovsdbapp/backend/ovs_idl/__init__.py:107}}
Apr 11 17:42:25 ubuntu neutron-server[116504]: INFO ovsdbapp.backend.ovs_idl.vlog [None req-8e3bc390-b3ca-4f68-9a2e-f355a9a9b9ac None None] tcp:192.168.79.39:6642: connected
Apr 11 17:42:25 ubuntu neutron-server[116503]: DEBUG ovsdbapp.backend.ovs_idl [None req-d20a0459-158c-4878-a0bc-4697e5bb83f9 None None] Created schema index Datapath_Binding.tunnel_key {{(pid=116503) autocreate_indices /usr/local/lib/python3.8/dist-packages/ovsdbapp/backend/ovs_idl/__init__.py:126}}
Apr 11 17:42:25 ubuntu neutron-server[116503]: DEBUG ovsdbapp.backend.ovs_idl [None req-d20a0459-158c-4878-a0bc-4697e5bb83f9 None None] Created schema index Connection.target {{(pid=116503) autocreate_indices /usr/local/lib/python3.8/dist-packages/ovsdbapp/backend/ovs_idl/__init__.py:126}}
Apr 11 17:42:25 ubuntu neutron-server[116503]: INFO ovsdbapp.backend.ovs_idl.vlog [None req-d20a0459-158c-4878-a0bc-4697e5bb83f9 None None] tcp:192.168.79.39:6642: connecting...
Apr 11 17:42:25 ubuntu neutron-server[116503]: INFO ovsdbapp.backend.ovs_idl.vlog [None req-d20a0459-158c-4878-a0bc-4697e5bb83f9 None None] tcp:192.168.79.39:6642: connected
Apr 11 17:42:25 ubuntu neutron-server[116504]: DEBUG neutron.common.ovn.hash_ring_manager [None req-8e3bc390-b3ca-4f68-9a2e-f355a9a9b9ac None None] Allow caching, nodes 2>=2 {{(pid=116504) _wait_startup_before_caching /opt/stack/neutron/neutron/common/ovn/hash_ring_manager.py:60}}
Apr 11 17:42:25 ubuntu neutron-server[116503]: DEBUG neutron.common.ovn.hash_ring_manager [None req-d20a0459-158c-4878-a0bc-4697e5bb83f9 None None] Allow caching, nodes 2>=2 {{(pid=116503) _wait_startup_before_caching /opt/stack/neutron/neutron/common/ovn/hash_ring_manager.py:60}}
Apr 11 17:42:25 ubuntu neutron-server[116503]: DEBUG neutron.plugins.ml2.drivers.ovn.mech_driver.ovsdb.ovsdb_monitor [None req-d20a0459-158c-4878-a0bc-4697e5bb83f9 None None] Hash Ring: Node f5ba020a-7d82-4bdc-b63c-6ef046f34bef (host: ubuntu) handling event "create" for row 0d9c8e85-607f-46dd-865a-19983fd7a912 (table: Database) {{(pid=116503) notify /opt/stack/neutron/neutron/plugins/ml2/drivers/ovn/mech_driver/ovsdb/ovsdb_monitor.py:805}}
Apr 11 17:42:25 ubuntu neutron-server[116504]: DEBUG neutron.plugins.ml2.drivers.ovn.mech_driver.ovsdb.ovsdb_monitor [None req-8e3bc390-b3ca-4f68-9a2e-f355a9a9b9ac None None] Hash Ring: Node 53b65b58-ace5-42fe-83bf-0059d1804ae5 (host: ubuntu) handling event "create" for row ff72d784-20dc-4a2d-9b86-7fa06a7510f1 (table: Database) {{(pid=116504) notify /opt/stack/neutron/neutron/plugins/ml2/drivers/ovn/mech_driver/ovsdb/ovsdb_monitor.py:805}}
Apr 11 17:42:25 ubuntu neutron-server[116504]: DEBUG neutron.plugins.ml2.drivers.ovn.mech_driver.ovsdb.ovsdb_monitor [None req-8e3bc390-b3ca-4f68-9a2e-f355a9a9b9ac None None] ChassisAgentWriteEvent : Matched Chassis, create, None None {{(pid=116504) matches /opt/stack/neutron/neutron/plugins/ml2/drivers/ovn/mech_driver/ovsdb/ovsdb_monitor.py:61}}
Apr 11 17:42:25 ubuntu neutron-server[116504]: DEBUG neutron.plugins.ml2.drivers.ovn.mech_driver.ovsdb.ovsdb_monitor [None req-8e3bc390-b3ca-4f68-9a2e-f355a9a9b9ac None None] ChassisMetadataAgentWriteEvent : Matched Chassis, create, None None {{(pid=116504) matches /opt/stack/neutron/neutron/plugins/ml2/drivers/ovn/mech_driver/ovsdb/ovsdb_monitor.py:61}}
Apr 11 17:42:25 ubuntu neutron-server[116296]: DEBUG ovsdbapp.backend.ovs_idl [None req-ac230459-bb18-4758-8b03-eae3fc98bf1a None None] Created lookup_table index Chassis.name {{(pid=116296) autocreate_indices /usr/local/lib/python3.8/dist-packages/ovsdbapp/backend/ovs_idl/__init__.py:107}}
Apr 11 17:42:25 ubuntu neutron-server[116296]: DEBUG ovsdbapp.backend.ovs_idl [None req-ac230459-bb18-4758-8b03-eae3fc98bf1a None None] Created lookup_table index MAC_Binding.ip {{(pid=116296) autocreate_indices /usr/local/lib/python3.8/dist-packages/ovsdbapp/backend/ovs_idl/__init__.py:107}}
Apr 11 17:42:25 ubuntu neutron-server[116296]: DEBUG ovsdbapp.backend.ovs_idl [None req-ac230459-bb18-4758-8b03-eae3fc98bf1a None None] Created schema index Meter.name {{(pid=116296) autocreate_indices /usr/local/lib/python3.8/dist-packages/ovsdbapp/backend/ovs_idl/__init__.py:126}}
Apr 11 17:42:25 ubuntu neutron-server[116296]: DEBUG ovsdbapp.backend.ovs_idl [None req-ac230459-bb18-4758-8b03-eae3fc98bf1a None None] Created schema index Address_Set.name {{(pid=116296) autocreate_indices /usr/local/lib/python3.8/dist-packages/ovsdbapp/backend/ovs_idl/__init__.py:126}}
Apr 11 17:42:25 ubuntu neutron-server[116296]: DEBUG ovsdbapp.backend.ovs_idl [None req-ac230459-bb18-4758-8b03-eae3fc98bf1a None None] Created schema index HA_Chassis_Group.name {{(pid=116296) autocreate_indices /usr/local/lib/python3.8/dist-packages/ovsdbapp/backend/ovs_idl/__init__.py:126}}
Apr 11 17:42:25 ubuntu neutron-server[116504]: INFO neutron.wsgi [-] (116504) wsgi starting up on http://0.0.0.0:9696
Apr 11 17:42:25 ubuntu neutron-server[116296]: DEBUG ovsdbapp.backend.ovs_idl [None req-ac230459-bb18-4758-8b03-eae3fc98bf1a None None] Created schema index IP_Multicast.datapath {{(pid=116296) autocreate_indices /usr/local/lib/python3.8/dist-packages/ovsdbapp/backend/ovs_idl/__init__.py:126}}
Apr 11 17:42:25 ubuntu neutron-server[116296]: DEBUG ovsdbapp.backend.ovs_idl [None req-ac230459-bb18-4758-8b03-eae3fc98bf1a None None] Created schema index Connection.target {{(pid=116296) autocreate_indices /usr/local/lib/python3.8/dist-packages/ovsdbapp/backend/ovs_idl/__init__.py:126}}
Apr 11 17:42:25 ubuntu neutron-server[116296]: DEBUG ovsdbapp.backend.ovs_idl [None req-ac230459-bb18-4758-8b03-eae3fc98bf1a None None] Created schema index Gateway_Chassis.name {{(pid=116296) autocreate_indices /usr/local/lib/python3.8/dist-packages/ovsdbapp/backend/ovs_idl/__init__.py:126}}
Apr 11 17:42:25 ubuntu neutron-server[116296]: DEBUG ovsdbapp.backend.ovs_idl [None req-ac230459-bb18-4758-8b03-eae3fc98bf1a None None] Created schema index Port_Group.name {{(pid=116296) autocreate_indices /usr/local/lib/python3.8/dist-packages/ovsdbapp/backend/ovs_idl/__init__.py:126}}
Apr 11 17:42:25 ubuntu neutron-server[116296]: DEBUG ovsdbapp.backend.ovs_idl [None req-ac230459-bb18-4758-8b03-eae3fc98bf1a None None] Created schema index Datapath_Binding.tunnel_key {{(pid=116296) autocreate_indices /usr/local/lib/python3.8/dist-packages/ovsdbapp/backend/ovs_idl/__init__.py:126}}
Apr 11 17:42:25 ubuntu neutron-server[116503]: DEBUG neutron.plugins.ml2.drivers.ovn.mech_driver.ovsdb.ovsdb_monitor [None req-d20a0459-158c-4878-a0bc-4697e5bb83f9 None None] Hash Ring: Node f5ba020a-7d82-4bdc-b63c-6ef046f34bef (host: ubuntu) handling event "create" for row 7b2662a9-5142-492f-9429-1217c56a18df (table: Encap) {{(pid=116503) notify /opt/stack/neutron/neutron/plugins/ml2/drivers/ovn/mech_driver/ovsdb/ovsdb_monitor.py:805}}
Apr 11 17:42:25 ubuntu neutron-server[116503]: DEBUG neutron.plugins.ml2.drivers.ovn.mech_driver.ovsdb.ovsdb_monitor [None req-d20a0459-158c-4878-a0bc-4697e5bb83f9 None None] ChassisAgentWriteEvent : Matched Chassis, create, None None {{(pid=116503) matches /opt/stack/neutron/neutron/plugins/ml2/drivers/ovn/mech_driver/ovsdb/ovsdb_monitor.py:61}}
Apr 11 17:42:25 ubuntu neutron-server[116503]: DEBUG neutron.plugins.ml2.drivers.ovn.mech_driver.ovsdb.ovsdb_monitor [None req-d20a0459-158c-4878-a0bc-4697e5bb83f9 None None] ChassisMetadataAgentWriteEvent : Matched Chassis, create, None None {{(pid=116503) matches /opt/stack/neutron/neutron/plugins/ml2/drivers/ovn/mech_driver/ovsdb/ovsdb_monitor.py:61}}
Apr 11 17:42:25 ubuntu neutron-server[116503]: DEBUG neutron.plugins.ml2.drivers.ovn.mech_driver.ovsdb.ovsdb_monitor [None req-d20a0459-158c-4878-a0bc-4697e5bb83f9 None None] Hash Ring: Node f5ba020a-7d82-4bdc-b63c-6ef046f34bef (host: ubuntu) handling event "create" for row 6aa482dc-0c99-4dc9-bb24-5c5471df335c (table: Chassis) {{(pid=116503) notify /opt/stack/neutron/neutron/plugins/ml2/drivers/ovn/mech_driver/ovsdb/ovsdb_monitor.py:805}}
Apr 11 17:42:25 ubuntu neutron-server[116503]: DEBUG neutron.plugins.ml2.drivers.ovn.mech_driver.ovsdb.ovsdb_monitor [None req-d20a0459-158c-4878-a0bc-4697e5bb83f9 None None] Hash Ring: Node f5ba020a-7d82-4bdc-b63c-6ef046f34bef (host: ubuntu) handling event "create" for row 44382512-934b-439e-9d42-dbec545e34d5 (table: SB_Global) {{(pid=116503) notify /opt/stack/neutron/neutron/plugins/ml2/drivers/ovn/mech_driver/ovsdb/ovsdb_monitor.py:805}}
Apr 11 17:42:25 ubuntu neutron-server[116503]: DEBUG neutron.plugins.ml2.drivers.ovn.mech_driver.ovsdb.ovsdb_monitor [None req-d20a0459-158c-4878-a0bc-4697e5bb83f9 None None] Hash Ring: Node f5ba020a-7d82-4bdc-b63c-6ef046f34bef (host: ubuntu) handling event "create" for row 8b8d2791-31e0-4f1d-a31d-41527ae8c7be (table: Connection) {{(pid=116503) notify /opt/stack/neutron/neutron/plugins/ml2/drivers/ovn/mech_driver/ovsdb/ovsdb_monitor.py:805}}
Apr 11 17:42:25 ubuntu neutron-server[116503]: INFO neutron.wsgi [-] (116503) wsgi starting up on http://0.0.0.0:9696
Apr 11 17:42:25 ubuntu neutron-server[116296]: INFO oslo_service.service [None req-ac230459-bb18-4758-8b03-eae3fc98bf1a None None] Starting 1 workers
Apr 11 17:42:25 ubuntu neutron-server[116503]: DEBUG neutron.wsgi [-] (116503) accepted ('192.168.79.39', 48482) {{(pid=116503) server /usr/local/lib/python3.8/dist-packages/eventlet/wsgi.py:1004}}
Apr 11 17:42:25 ubuntu neutron-server[116296]: DEBUG oslo_service.service [None req-ac230459-bb18-4758-8b03-eae3fc98bf1a None None] Started child 116508 {{(pid=116296) _start_child /usr/local/lib/python3.8/dist-packages/oslo_service/service.py:575}}
Apr 11 17:42:25 ubuntu neutron-server[116296]: INFO oslo_service.service [None req-ac230459-bb18-4758-8b03-eae3fc98bf1a None None] Starting 1 workers
Apr 11 17:42:25 ubuntu neutron-server[116296]: DEBUG oslo_service.service [None req-ac230459-bb18-4758-8b03-eae3fc98bf1a None None] Started child 116509 {{(pid=116296) _start_child /usr/local/lib/python3.8/dist-packages/oslo_service/service.py:575}}
Apr 11 17:42:25 ubuntu neutron-server[116296]: INFO oslo_service.service [None req-ac230459-bb18-4758-8b03-eae3fc98bf1a None None] Starting 1 workers
Apr 11 17:42:25 ubuntu neutron-server[116508]: DEBUG neutron.service [None req-ac230459-bb18-4758-8b03-eae3fc98bf1a None None] calling RpcWorker wait() {{(pid=116508) _wait /opt/stack/neutron/neutron/service.py:128}}
Apr 11 17:42:25 ubuntu neutron-server[116508]: DEBUG neutron.service [None req-ac230459-bb18-4758-8b03-eae3fc98bf1a None None] returning from RpcWorker wait() {{(pid=116508) _wait /opt/stack/neutron/neutron/service.py:135}}
Apr 11 17:42:25 ubuntu neutron-server[116508]: DEBUG neutron_lib.callbacks.manager [-] Publish callbacks ['neutron.plugins.ml2.drivers.ovn.mech_driver.mech_driver.OVNMechanismDriver.post_fork_initialize-327966'] for process (None), after_init {{(pid=116508) _notify_loop /usr/local/lib/python3.8/dist-packages/neutron_lib/callbacks/manager.py:176}}
Apr 11 17:42:25 ubuntu neutron-server[116296]: DEBUG oslo_service.service [None req-ac230459-bb18-4758-8b03-eae3fc98bf1a None None] Started child 116510 {{(pid=116296) _start_child /usr/local/lib/python3.8/dist-packages/oslo_service/service.py:575}}
Apr 11 17:42:25 ubuntu neutron-server[116296]: DEBUG neutron_lib.callbacks.manager [None req-ac230459-bb18-4758-8b03-eae3fc98bf1a None None] Publish callbacks [] for process (None), after_spawn {{(pid=116296) _notify_loop /usr/local/lib/python3.8/dist-packages/neutron_lib/callbacks/manager.py:176}}
Apr 11 17:42:25 ubuntu neutron-server[116508]: INFO neutron.plugins.ml2.drivers.ovn.mech_driver.ovsdb.impl_idl_ovn [-] Getting OvsdbNbOvnIdl for RpcWorker with retry
Apr 11 17:42:25 ubuntu neutron-server[116296]: DEBUG oslo_service.service [-] Full set of CONF: {{(pid=116296) wait /usr/local/lib/python3.8/dist-packages/oslo_service/service.py:649}}
Apr 11 17:42:25 ubuntu neutron-server[116296]: DEBUG oslo_service.service [-] ******************************************************************************** {{(pid=116296) log_opt_values /usr/local/lib/python3.8/dist-packages/oslo_config/cfg.py:2589}}
Apr 11 17:42:25 ubuntu neutron-server[116296]: DEBUG oslo_service.service [-] Configuration options gathered from: {{(pid=116296) log_opt_values /usr/local/lib/python3.8/dist-packages/oslo_config/cfg.py:2590}}
Apr 11 17:42:25 ubuntu neutron-server[116296]: DEBUG oslo_service.service [-] command line args: ['--config-file', '/etc/neutron/neutron.conf', '--config-file', '/etc/neutron/plugins/ml2/ml2_conf.ini'] {{(pid=116296) log_opt_values /usr/local/lib/python3.8/dist-packages/oslo_config/cfg.py:2591}}
Apr 11 17:42:25 ubuntu neutron-server[116509]: DEBUG neutron_lib.callbacks.manager [-] Publish callbacks ['neutron.plugins.ml2.drivers.ovn.mech_driver.mech_driver.OVNMechanismDriver.post_fork_initialize-327966'] for process (None), after_init {{(pid=116509) _notify_loop /usr/local/lib/python3.8/dist-packages/neutron_lib/callbacks/manager.py:176}}
Apr 11 17:42:25 ubuntu neutron-server[116296]: DEBUG oslo_service.service [-] config files: ['/etc/neutron/neutron.conf', '/etc/neutron/plugins/ml2/ml2_conf.ini'] {{(pid=116296) log_opt_values /usr/local/lib/python3.8/dist-packages/oslo_config/cfg.py:2592}}
