Jun 16 16:37:20 ubuntu neutron-server[123894]: DEBUG neutron.api.extensions [None req-c6b4fb44-068d-4c5a-97b3-5d36bc0a566f None None] Loading extension file: trunk_details.py {{(pid=123894) _load_all_extensions_from_path /opt/stack/neutron/neutron/api/extensions.py:450}}
Jun 16 16:37:20 ubuntu neutron-server[123894]: DEBUG neutron.api.extensions [None req-c6b4fb44-068d-4c5a-97b3-5d36bc0a566f None None] Ext name="Trunk port details" alias="trunk-details" description="Expose trunk port details" updated="2016-01-01T10:00:00-00:00" {{(pid=123894) _check_extension /opt/stack/neutron/neutron/api/extensions.py:416}}
Jun 16 16:37:20 ubuntu neutron-server[123894]: INFO neutron.api.extensions [None req-c6b4fb44-068d-4c5a-97b3-5d36bc0a566f None None] Extension trunk-details not supported by any of loaded plugins
Jun 16 16:37:20 ubuntu neutron-server[123894]: DEBUG neutron.api.extensions [None req-c6b4fb44-068d-4c5a-97b3-5d36bc0a566f None None] Loading extension file: uplink_status_propagation.py {{(pid=123894) _load_all_extensions_from_path /opt/stack/neutron/neutron/api/extensions.py:450}}
Jun 16 16:37:20 ubuntu neutron-server[123894]: DEBUG neutron.api.extensions [None req-c6b4fb44-068d-4c5a-97b3-5d36bc0a566f None None] Ext name="Uplink status propagation extension" alias="uplink-status-propagation" description="Provides ability to propagate port uplink status." updated="2018-05-31T18:00:00-00:00" {{(pid=123894) _check_extension /opt/stack/neutron/neutron/api/extensions.py:416}}
Jun 16 16:37:20 ubuntu neutron-server[123894]: INFO neutron.api.extensions [None req-c6b4fb44-068d-4c5a-97b3-5d36bc0a566f None None] Extension uplink-status-propagation not supported by any of loaded plugins
Jun 16 16:37:20 ubuntu neutron-server[123894]: DEBUG neutron.api.extensions [None req-c6b4fb44-068d-4c5a-97b3-5d36bc0a566f None None] Loading extension file: vlantransparent.py {{(pid=123894) _load_all_extensions_from_path /opt/stack/neutron/neutron/api/extensions.py:450}}
Jun 16 16:37:20 ubuntu neutron-server[123894]: DEBUG neutron.api.extensions [None req-c6b4fb44-068d-4c5a-97b3-5d36bc0a566f None None] Ext name="Vlantransparent" alias="vlan-transparent" description="Provides Vlan Transparent Networks" updated="2015-03-23T09:00:00-00:00" {{(pid=123894) _check_extension /opt/stack/neutron/neutron/api/extensions.py:416}}
Jun 16 16:37:20 ubuntu neutron-server[123894]: INFO neutron.api.extensions [None req-c6b4fb44-068d-4c5a-97b3-5d36bc0a566f None None] Extension vlan-transparent not supported by any of loaded plugins
Jun 16 16:37:20 ubuntu neutron-server[123894]: INFO neutron.quota.resource_registry [None req-c6b4fb44-068d-4c5a-97b3-5d36bc0a566f None None] Creating instance of TrackedResource for resource:network
Jun 16 16:37:20 ubuntu neutron-server[123894]: INFO neutron.quota.resource_registry [None req-c6b4fb44-068d-4c5a-97b3-5d36bc0a566f None None] Creating instance of TrackedResource for resource:subnet
Jun 16 16:37:20 ubuntu neutron-server[123894]: INFO neutron.quota.resource_registry [None req-c6b4fb44-068d-4c5a-97b3-5d36bc0a566f None None] Creating instance of TrackedResource for resource:subnetpool
Jun 16 16:37:20 ubuntu neutron-server[123894]: INFO neutron.quota.resource_registry [None req-c6b4fb44-068d-4c5a-97b3-5d36bc0a566f None None] Creating instance of TrackedResource for resource:port
Jun 16 16:37:20 ubuntu neutron-server[123894]: DEBUG neutron.api.v2.resource_helper [None req-c6b4fb44-068d-4c5a-97b3-5d36bc0a566f None None] Service FLAVORS assigned prefix:  {{(pid=123894) build_resource_info /opt/stack/neutron/neutron/api/v2/resource_helper.py:77}}
Jun 16 16:37:20 ubuntu neutron-server[123894]: DEBUG neutron.api.v2.resource_helper [None req-c6b4fb44-068d-4c5a-97b3-5d36bc0a566f None None] Service L3_ROUTER_NAT assigned prefix:  {{(pid=123894) build_resource_info /opt/stack/neutron/neutron/api/v2/resource_helper.py:77}}
Jun 16 16:37:20 ubuntu neutron-server[123894]: DEBUG neutron.api.v2.resource_helper [None req-c6b4fb44-068d-4c5a-97b3-5d36bc0a566f None None] Service L3_ROUTER_NAT assigned prefix:  {{(pid=123894) build_resource_info /opt/stack/neutron/neutron/api/v2/resource_helper.py:77}}
Jun 16 16:37:20 ubuntu neutron-server[123894]: INFO neutron.quota.resource_registry [None req-c6b4fb44-068d-4c5a-97b3-5d36bc0a566f None None] Creating instance of TrackedResource for resource:router
Jun 16 16:37:20 ubuntu neutron-server[123894]: INFO neutron.quota.resource_registry [None req-c6b4fb44-068d-4c5a-97b3-5d36bc0a566f None None] Creating instance of TrackedResource for resource:floatingip
Jun 16 16:37:20 ubuntu neutron-server[123894]: DEBUG neutron_lib.callbacks.manager [None req-c6b4fb44-068d-4c5a-97b3-5d36bc0a566f None None] Subscribe: <bound method NeutronDbPluginV2.validate_network_rbac_policy_change of <neutron.services.network_ip_availability.plugin.NetworkIPAvailabilityPlugin object at 0x7ff8c2f3d070>> rbac-policy before_create 55550000 {{(pid=123894) subscribe /usr/local/lib/python3.8/dist-packages/neutron_lib/callbacks/manager.py:45}}
Jun 16 16:37:20 ubuntu neutron-server[123894]: DEBUG neutron_lib.callbacks.manager [None req-c6b4fb44-068d-4c5a-97b3-5d36bc0a566f None None] Subscribe: <bound method NeutronDbPluginV2.validate_network_rbac_policy_change of <neutron.services.network_ip_availability.plugin.NetworkIPAvailabilityPlugin object at 0x7ff8c2f3d070>> rbac-policy before_update 55550000 {{(pid=123894) subscribe /usr/local/lib/python3.8/dist-packages/neutron_lib/callbacks/manager.py:45}}
Jun 16 16:37:20 ubuntu neutron-server[123894]: DEBUG neutron_lib.callbacks.manager [None req-c6b4fb44-068d-4c5a-97b3-5d36bc0a566f None None] Subscribe: <bound method NeutronDbPluginV2.validate_network_rbac_policy_change of <neutron.services.network_ip_availability.plugin.NetworkIPAvailabilityPlugin object at 0x7ff8c2f3d070>> rbac-policy before_delete 55550000 {{(pid=123894) subscribe /usr/local/lib/python3.8/dist-packages/neutron_lib/callbacks/manager.py:45}}
Jun 16 16:37:20 ubuntu neutron-server[123894]: INFO neutron.quota.resource_registry [None req-c6b4fb44-068d-4c5a-97b3-5d36bc0a566f None None] Creating instance of CountableResource for resource:rbac_policy
Jun 16 16:37:20 ubuntu neutron-server[123894]: INFO neutron.quota.resource_registry [None req-c6b4fb44-068d-4c5a-97b3-5d36bc0a566f None None] Creating instance of TrackedResource for resource:security_group
Jun 16 16:37:20 ubuntu neutron-server[123894]: INFO neutron.quota.resource_registry [None req-c6b4fb44-068d-4c5a-97b3-5d36bc0a566f None None] Creating instance of TrackedResource for resource:security_group_rule
Jun 16 16:37:20 ubuntu neutron-server[123894]: DEBUG neutron.api.v2.resource_helper [None req-c6b4fb44-068d-4c5a-97b3-5d36bc0a566f None None] Service FLAVORS assigned prefix:  {{(pid=123894) build_resource_info /opt/stack/neutron/neutron/api/v2/resource_helper.py:77}}
Jun 16 16:37:20 ubuntu neutron-server[123894]: DEBUG neutron.api.v2.resource_helper [None req-c6b4fb44-068d-4c5a-97b3-5d36bc0a566f None None] Service L3_ROUTER_NAT assigned prefix:  {{(pid=123894) build_resource_info /opt/stack/neutron/neutron/api/v2/resource_helper.py:77}}
Jun 16 16:37:20 ubuntu neutron-server[123894]: DEBUG neutron.api.v2.resource_helper [None req-c6b4fb44-068d-4c5a-97b3-5d36bc0a566f None None] Service L3_ROUTER_NAT assigned prefix:  {{(pid=123894) build_resource_info /opt/stack/neutron/neutron/api/v2/resource_helper.py:77}}
Jun 16 16:37:20 ubuntu neutron-server[123894]: INFO neutron.quota.resource_registry [None req-c6b4fb44-068d-4c5a-97b3-5d36bc0a566f None None] Creating instance of TrackedResource for resource:router
Jun 16 16:37:20 ubuntu neutron-server[123894]: WARNING neutron.quota.resource_registry [None req-c6b4fb44-068d-4c5a-97b3-5d36bc0a566f None None] router is already registered
Jun 16 16:37:20 ubuntu neutron-server[123894]: INFO neutron.quota.resource_registry [None req-c6b4fb44-068d-4c5a-97b3-5d36bc0a566f None None] Creating instance of TrackedResource for resource:floatingip
Jun 16 16:37:20 ubuntu neutron-server[123894]: WARNING neutron.quota.resource_registry [None req-c6b4fb44-068d-4c5a-97b3-5d36bc0a566f None None] floatingip is already registered
Jun 16 16:37:20 ubuntu neutron-server[123894]: INFO neutron.quota.resource_registry [None req-c6b4fb44-068d-4c5a-97b3-5d36bc0a566f None None] Creating instance of CountableResource for resource:rbac_policy
Jun 16 16:37:20 ubuntu neutron-server[123894]: WARNING neutron.quota.resource_registry [None req-c6b4fb44-068d-4c5a-97b3-5d36bc0a566f None None] rbac_policy is already registered
Jun 16 16:37:20 ubuntu neutron-server[123894]: INFO neutron.quota.resource_registry [None req-c6b4fb44-068d-4c5a-97b3-5d36bc0a566f None None] Creating instance of TrackedResource for resource:security_group
Jun 16 16:37:20 ubuntu neutron-server[123894]: WARNING neutron.quota.resource_registry [None req-c6b4fb44-068d-4c5a-97b3-5d36bc0a566f None None] security_group is already registered
Jun 16 16:37:20 ubuntu neutron-server[123894]: INFO neutron.quota.resource_registry [None req-c6b4fb44-068d-4c5a-97b3-5d36bc0a566f None None] Creating instance of TrackedResource for resource:security_group_rule
Jun 16 16:37:20 ubuntu neutron-server[123894]: WARNING neutron.quota.resource_registry [None req-c6b4fb44-068d-4c5a-97b3-5d36bc0a566f None None] security_group_rule is already registered
Jun 16 16:37:20 ubuntu neutron-server[123894]: DEBUG neutron.api.extensions [None req-c6b4fb44-068d-4c5a-97b3-5d36bc0a566f None None] Extended resource: extensions {{(pid=123894) __init__ /opt/stack/neutron/neutron/api/extensions.py:157}}
Jun 16 16:37:20 ubuntu neutron-server[123894]: DEBUG neutron.api.extensions [None req-c6b4fb44-068d-4c5a-97b3-5d36bc0a566f None None] Extended resource: address-groups {{(pid=123894) __init__ /opt/stack/neutron/neutron/api/extensions.py:157}}
Jun 16 16:37:20 ubuntu neutron-server[123894]: DEBUG neutron.api.extensions [None req-c6b4fb44-068d-4c5a-97b3-5d36bc0a566f None None] Extended resource: address-scopes {{(pid=123894) __init__ /opt/stack/neutron/neutron/api/extensions.py:157}}
Jun 16 16:37:20 ubuntu neutron-server[123894]: DEBUG neutron.api.extensions [None req-c6b4fb44-068d-4c5a-97b3-5d36bc0a566f None None] Extended resource: agents {{(pid=123894) __init__ /opt/stack/neutron/neutron/api/extensions.py:157}}
Jun 16 16:37:20 ubuntu neutron-server[123894]: DEBUG neutron.api.extensions [None req-c6b4fb44-068d-4c5a-97b3-5d36bc0a566f None None] Extended resource: auto-allocated-topology {{(pid=123894) __init__ /opt/stack/neutron/neutron/api/extensions.py:157}}
Jun 16 16:37:20 ubuntu neutron-server[123894]: DEBUG neutron.api.extensions [None req-c6b4fb44-068d-4c5a-97b3-5d36bc0a566f None None] Extended resource: availability_zones {{(pid=123894) __init__ /opt/stack/neutron/neutron/api/extensions.py:157}}
Jun 16 16:37:20 ubuntu neutron-server[123894]: DEBUG neutron.api.extensions [None req-c6b4fb44-068d-4c5a-97b3-5d36bc0a566f None None] Extended resource: flavors {{(pid=123894) __init__ /opt/stack/neutron/neutron/api/extensions.py:157}}
Jun 16 16:37:20 ubuntu neutron-server[123894]: DEBUG neutron.api.extensions [None req-c6b4fb44-068d-4c5a-97b3-5d36bc0a566f None None] Extended resource: service_profiles {{(pid=123894) __init__ /opt/stack/neutron/neutron/api/extensions.py:157}}
Jun 16 16:37:20 ubuntu neutron-server[123894]: DEBUG neutron.api.extensions [None req-c6b4fb44-068d-4c5a-97b3-5d36bc0a566f None None] Extended resource: next_providers {{(pid=123894) __init__ /opt/stack/neutron/neutron/api/extensions.py:157}}
Jun 16 16:37:20 ubuntu neutron-server[123894]: DEBUG neutron.api.extensions [None req-c6b4fb44-068d-4c5a-97b3-5d36bc0a566f None None] Extended resource: service_profiles {{(pid=123894) __init__ /opt/stack/neutron/neutron/api/extensions.py:157}}
Jun 16 16:37:20 ubuntu neutron-server[123894]: DEBUG neutron.api.extensions [None req-c6b4fb44-068d-4c5a-97b3-5d36bc0a566f None None] Extended resource: floatingip-pools {{(pid=123894) __init__ /opt/stack/neutron/neutron/api/extensions.py:157}}
Jun 16 16:37:20 ubuntu neutron-server[123894]: DEBUG neutron.api.extensions [None req-c6b4fb44-068d-4c5a-97b3-5d36bc0a566f None None] Extended resource: routers {{(pid=123894) __init__ /opt/stack/neutron/neutron/api/extensions.py:157}}
Jun 16 16:37:20 ubuntu neutron-server[123894]: DEBUG neutron.api.extensions [None req-c6b4fb44-068d-4c5a-97b3-5d36bc0a566f None None] Extended resource: floatingips {{(pid=123894) __init__ /opt/stack/neutron/neutron/api/extensions.py:157}}
Jun 16 16:37:20 ubuntu neutron-server[123894]: DEBUG neutron.api.extensions [None req-c6b4fb44-068d-4c5a-97b3-5d36bc0a566f None None] Extended resource: network-ip-availabilities {{(pid=123894) __init__ /opt/stack/neutron/neutron/api/extensions.py:157}}
Jun 16 16:37:20 ubuntu neutron-server[123894]: DEBUG neutron.api.extensions [None req-c6b4fb44-068d-4c5a-97b3-5d36bc0a566f None None] Extended resource: bindings {{(pid=123894) __init__ /opt/stack/neutron/neutron/api/extensions.py:157}}
Jun 16 16:37:20 ubuntu neutron-server[123894]: DEBUG neutron.api.extensions [None req-c6b4fb44-068d-4c5a-97b3-5d36bc0a566f None None] Extended resource: quotas {{(pid=123894) __init__ /opt/stack/neutron/neutron/api/extensions.py:157}}
Jun 16 16:37:20 ubuntu neutron-server[123894]: DEBUG neutron.api.extensions [None req-c6b4fb44-068d-4c5a-97b3-5d36bc0a566f None None] Extended resource: quotas {{(pid=123894) __init__ /opt/stack/neutron/neutron/api/extensions.py:157}}
Jun 16 16:37:20 ubuntu neutron-server[123894]: DEBUG neutron.api.extensions [None req-c6b4fb44-068d-4c5a-97b3-5d36bc0a566f None None] Extended resource: rbac-policies {{(pid=123894) __init__ /opt/stack/neutron/neutron/api/extensions.py:157}}
Jun 16 16:37:20 ubuntu neutron-server[123894]: DEBUG neutron.api.extensions [None req-c6b4fb44-068d-4c5a-97b3-5d36bc0a566f None None] Extended resource: security-groups {{(pid=123894) __init__ /opt/stack/neutron/neutron/api/extensions.py:157}}
Jun 16 16:37:20 ubuntu neutron-server[123894]: DEBUG neutron.api.extensions [None req-c6b4fb44-068d-4c5a-97b3-5d36bc0a566f None None] Extended resource: security-group-rules {{(pid=123894) __init__ /opt/stack/neutron/neutron/api/extensions.py:157}}
Jun 16 16:37:20 ubuntu neutron-server[123894]: DEBUG neutron.api.extensions [None req-c6b4fb44-068d-4c5a-97b3-5d36bc0a566f None None] Extended resource: service-providers {{(pid=123894) __init__ /opt/stack/neutron/neutron/api/extensions.py:157}}
Jun 16 16:37:20 ubuntu neutron-server[123894]: DEBUG neutron.api.extensions [None req-c6b4fb44-068d-4c5a-97b3-5d36bc0a566f None None] Extended resource: tags {{(pid=123894) __init__ /opt/stack/neutron/neutron/api/extensions.py:157}}
Jun 16 16:37:20 ubuntu neutron-server[123894]: DEBUG neutron.api.extensions [None req-c6b4fb44-068d-4c5a-97b3-5d36bc0a566f None None] Extended resource: tags {{(pid=123894) __init__ /opt/stack/neutron/neutron/api/extensions.py:157}}
Jun 16 16:37:20 ubuntu neutron-server[123894]: DEBUG neutron.api.extensions [None req-c6b4fb44-068d-4c5a-97b3-5d36bc0a566f None None] Extended resource: tags {{(pid=123894) __init__ /opt/stack/neutron/neutron/api/extensions.py:157}}
Jun 16 16:37:20 ubuntu neutron-server[123894]: DEBUG neutron.api.extensions [None req-c6b4fb44-068d-4c5a-97b3-5d36bc0a566f None None] Extended resource: tags {{(pid=123894) __init__ /opt/stack/neutron/neutron/api/extensions.py:157}}
Jun 16 16:37:20 ubuntu neutron-server[123894]: DEBUG neutron.api.extensions [None req-c6b4fb44-068d-4c5a-97b3-5d36bc0a566f None None] Extended resource: tags {{(pid=123894) __init__ /opt/stack/neutron/neutron/api/extensions.py:157}}
Jun 16 16:37:20 ubuntu neutron-server[123894]: DEBUG neutron.api.extensions [None req-c6b4fb44-068d-4c5a-97b3-5d36bc0a566f None None] Extended resource: tags {{(pid=123894) __init__ /opt/stack/neutron/neutron/api/extensions.py:157}}
Jun 16 16:37:20 ubuntu neutron-server[123894]: DEBUG neutron.api.extensions [None req-c6b4fb44-068d-4c5a-97b3-5d36bc0a566f None None] Extended resource: tags {{(pid=123894) __init__ /opt/stack/neutron/neutron/api/extensions.py:157}}
Jun 16 16:37:20 ubuntu neutron-server[123894]: DEBUG neutron.api.extensions [None req-c6b4fb44-068d-4c5a-97b3-5d36bc0a566f None None] Extended resource: tags {{(pid=123894) __init__ /opt/stack/neutron/neutron/api/extensions.py:157}}
Jun 16 16:37:20 ubuntu neutron-server[123894]: DEBUG neutron.api.extensions [None req-c6b4fb44-068d-4c5a-97b3-5d36bc0a566f None None] Extended resource: tags {{(pid=123894) __init__ /opt/stack/neutron/neutron/api/extensions.py:157}}
Jun 16 16:37:20 ubuntu neutron-server[123894]: DEBUG neutron.api.extensions [None req-c6b4fb44-068d-4c5a-97b3-5d36bc0a566f None None] Extended resource: tags {{(pid=123894) __init__ /opt/stack/neutron/neutron/api/extensions.py:157}}
Jun 16 16:37:21 ubuntu neutron-server[123894]: WARNING keystonemiddleware.auth_token [None req-c6b4fb44-068d-4c5a-97b3-5d36bc0a566f None None] AuthToken middleware is set with keystone_authtoken.service_token_roles_required set to False. This is backwards compatible but deprecated behaviour. Please set this to True.
Jun 16 16:37:21 ubuntu neutron-server[123894]: WARNING keystonemiddleware.auth_token [None req-c6b4fb44-068d-4c5a-97b3-5d36bc0a566f None None] Configuring www_authenticate_uri to point to the public identity endpoint is required; clients may not be able to authenticate against an admin endpoint
Jun 16 16:37:21 ubuntu neutron-server[123894]: DEBUG oslo_concurrency.lockutils [None req-c6b4fb44-068d-4c5a-97b3-5d36bc0a566f None None] Acquired lock "singleton_lock" {{(pid=123894) lock /usr/local/lib/python3.8/dist-packages/oslo_concurrency/lockutils.py:294}}
Jun 16 16:37:21 ubuntu neutron-server[123894]: DEBUG oslo_concurrency.lockutils [None req-c6b4fb44-068d-4c5a-97b3-5d36bc0a566f None None] Releasing lock "singleton_lock" {{(pid=123894) lock /usr/local/lib/python3.8/dist-packages/oslo_concurrency/lockutils.py:312}}
Jun 16 16:37:21 ubuntu neutron-server[123894]: INFO oslo_service.service [None req-c6b4fb44-068d-4c5a-97b3-5d36bc0a566f None None] Starting 2 workers
Jun 16 16:37:21 ubuntu neutron-server[123894]: DEBUG oslo_service.service [None req-c6b4fb44-068d-4c5a-97b3-5d36bc0a566f None None] Started child 124105 {{(pid=123894) _start_child /usr/local/lib/python3.8/dist-packages/oslo_service/service.py:575}}
Jun 16 16:37:21 ubuntu neutron-server[123894]: DEBUG oslo_service.service [None req-c6b4fb44-068d-4c5a-97b3-5d36bc0a566f None None] Started child 124106 {{(pid=123894) _start_child /usr/local/lib/python3.8/dist-packages/oslo_service/service.py:575}}
Jun 16 16:37:21 ubuntu neutron-server[123894]: INFO neutron.service [None req-c6b4fb44-068d-4c5a-97b3-5d36bc0a566f None None] Neutron service started, listening on 0.0.0.0:9696
Jun 16 16:37:21 ubuntu neutron-server[123894]: DEBUG neutron_lib.callbacks.manager [None req-c6b4fb44-068d-4c5a-97b3-5d36bc0a566f None None] Publish callbacks ['neutron.plugins.ml2.drivers.ovn.mech_driver.mech_driver.OVNMechanismDriver.pre_fork_initialize-1697635'] for process (None), before_spawn {{(pid=123894) _notify_loop /usr/local/lib/python3.8/dist-packages/neutron_lib/callbacks/manager.py:176}}
Jun 16 16:37:21 ubuntu neutron-server[124105]: DEBUG neutron_lib.callbacks.manager [-] Publish callbacks ['neutron.plugins.ml2.drivers.ovn.mech_driver.mech_driver.OVNMechanismDriver.post_fork_initialize-1697607'] for process (None), after_init {{(pid=124105) _notify_loop /usr/local/lib/python3.8/dist-packages/neutron_lib/callbacks/manager.py:176}}
Jun 16 16:37:21 ubuntu neutron-server[124106]: DEBUG neutron_lib.callbacks.manager [-] Publish callbacks ['neutron.plugins.ml2.drivers.ovn.mech_driver.mech_driver.OVNMechanismDriver.post_fork_initialize-1697607'] for process (None), after_init {{(pid=124106) _notify_loop /usr/local/lib/python3.8/dist-packages/neutron_lib/callbacks/manager.py:176}}
Jun 16 16:37:21 ubuntu neutron-server[124105]: DEBUG dbcounter [-] [124105] Writer thread running {{(pid=124105) stat_writer /usr/local/lib/python3.8/dist-packages/dbcounter.py:99}}
Jun 16 16:37:21 ubuntu neutron-server[124106]: DEBUG dbcounter [-] [124106] Writer thread running {{(pid=124106) stat_writer /usr/local/lib/python3.8/dist-packages/dbcounter.py:99}}
Jun 16 16:37:21 ubuntu neutron-server[123894]: DEBUG ovsdbapp.backend.ovs_idl [None req-c6b4fb44-068d-4c5a-97b3-5d36bc0a566f None None] Created schema index Port_Group.name {{(pid=123894) autocreate_indices /usr/local/lib/python3.8/dist-packages/ovsdbapp/backend/ovs_idl/__init__.py:104}}
Jun 16 16:37:21 ubuntu neutron-server[124105]: INFO neutron.plugins.ml2.drivers.ovn.mech_driver.ovsdb.impl_idl_ovn [None req-9890be78-c078-4704-b924-b1297bbf6174 None None] Getting OvsdbNbOvnIdl for WorkerService with retry
Jun 16 16:37:21 ubuntu neutron-server[123894]: DEBUG ovsdbapp.backend.ovs_idl [None req-c6b4fb44-068d-4c5a-97b3-5d36bc0a566f None None] Created schema index Logical_Switch_Port.name {{(pid=123894) autocreate_indices /usr/local/lib/python3.8/dist-packages/ovsdbapp/backend/ovs_idl/__init__.py:104}}
Jun 16 16:37:21 ubuntu neutron-server[124105]: DEBUG ovsdbapp.backend.ovs_idl [None req-9890be78-c078-4704-b924-b1297bbf6174 None None] Created lookup_table index Logical_Switch.name {{(pid=124105) autocreate_indices /usr/local/lib/python3.8/dist-packages/ovsdbapp/backend/ovs_idl/__init__.py:85}}
Jun 16 16:37:21 ubuntu neutron-server[124105]: DEBUG ovsdbapp.backend.ovs_idl [None req-9890be78-c078-4704-b924-b1297bbf6174 None None] Created lookup_table index Logical_Router.name {{(pid=124105) autocreate_indices /usr/local/lib/python3.8/dist-packages/ovsdbapp/backend/ovs_idl/__init__.py:85}}
Jun 16 16:37:21 ubuntu neutron-server[124105]: DEBUG ovsdbapp.backend.ovs_idl [None req-9890be78-c078-4704-b924-b1297bbf6174 None None] Created lookup_table index Load_Balancer.name {{(pid=124105) autocreate_indices /usr/local/lib/python3.8/dist-packages/ovsdbapp/backend/ovs_idl/__init__.py:85}}
Jun 16 16:37:21 ubuntu neutron-server[124105]: DEBUG ovsdbapp.backend.ovs_idl [None req-9890be78-c078-4704-b924-b1297bbf6174 None None] Created schema index Meter.name {{(pid=124105) autocreate_indices /usr/local/lib/python3.8/dist-packages/ovsdbapp/backend/ovs_idl/__init__.py:104}}
Jun 16 16:37:21 ubuntu neutron-server[124105]: DEBUG ovsdbapp.backend.ovs_idl [None req-9890be78-c078-4704-b924-b1297bbf6174 None None] Created schema index Address_Set.name {{(pid=124105) autocreate_indices /usr/local/lib/python3.8/dist-packages/ovsdbapp/backend/ovs_idl/__init__.py:104}}
Jun 16 16:37:21 ubuntu neutron-server[124105]: DEBUG ovsdbapp.backend.ovs_idl [None req-9890be78-c078-4704-b924-b1297bbf6174 None None] Created schema index HA_Chassis_Group.name {{(pid=124105) autocreate_indices /usr/local/lib/python3.8/dist-packages/ovsdbapp/backend/ovs_idl/__init__.py:104}}
Jun 16 16:37:21 ubuntu neutron-server[124105]: DEBUG ovsdbapp.backend.ovs_idl [None req-9890be78-c078-4704-b924-b1297bbf6174 None None] Created schema index Connection.target {{(pid=124105) autocreate_indices /usr/local/lib/python3.8/dist-packages/ovsdbapp/backend/ovs_idl/__init__.py:104}}
Jun 16 16:37:21 ubuntu neutron-server[124105]: DEBUG ovsdbapp.backend.ovs_idl [None req-9890be78-c078-4704-b924-b1297bbf6174 None None] Created schema index Gateway_Chassis.name {{(pid=124105) autocreate_indices /usr/local/lib/python3.8/dist-packages/ovsdbapp/backend/ovs_idl/__init__.py:104}}
Jun 16 16:37:21 ubuntu neutron-server[124105]: DEBUG ovsdbapp.backend.ovs_idl [None req-9890be78-c078-4704-b924-b1297bbf6174 None None] Created schema index Logical_Router_Port.name {{(pid=124105) autocreate_indices /usr/local/lib/python3.8/dist-packages/ovsdbapp/backend/ovs_idl/__init__.py:104}}
Jun 16 16:37:21 ubuntu neutron-server[124105]: DEBUG ovsdbapp.backend.ovs_idl [None req-9890be78-c078-4704-b924-b1297bbf6174 None None] Created schema index Port_Group.name {{(pid=124105) autocreate_indices /usr/local/lib/python3.8/dist-packages/ovsdbapp/backend/ovs_idl/__init__.py:104}}
Jun 16 16:37:21 ubuntu neutron-server[124105]: DEBUG ovsdbapp.backend.ovs_idl [None req-9890be78-c078-4704-b924-b1297bbf6174 None None] Created schema index Logical_Switch_Port.name {{(pid=124105) autocreate_indices /usr/local/lib/python3.8/dist-packages/ovsdbapp/backend/ovs_idl/__init__.py:104}}
Jun 16 16:37:21 ubuntu neutron-server[123894]: DEBUG ovsdbapp.backend.ovs_idl.transaction [-] Running txn n=1 command(idx=0): PgAddCommand(name=neutron_pg_drop, may_exist=True, columns={'acls': []}) {{(pid=123894) do_commit /usr/local/lib/python3.8/dist-packages/ovsdbapp/backend/ovs_idl/transaction.py:90}}
Jun 16 16:37:21 ubuntu neutron-server[124105]: INFO ovsdbapp.backend.ovs_idl.vlog [None req-9890be78-c078-4704-b924-b1297bbf6174 None None] tcp:192.168.79.43:6641: connecting...
Jun 16 16:37:21 ubuntu neutron-server[124105]: INFO ovsdbapp.backend.ovs_idl.vlog [None req-9890be78-c078-4704-b924-b1297bbf6174 None None] tcp:192.168.79.43:6641: connected
Jun 16 16:37:21 ubuntu neutron-server[123894]: DEBUG ovsdbapp.backend.ovs_idl.transaction [-] Running txn n=1 command(idx=1): PgAclAddCommand(entity=neutron_pg_drop, direction=from-lport, priority=1001, match=inport == @neutron_pg_drop && ip, action=drop, log=False, may_exist=True, severity=[], name=[], meter=None, external_ids={}) {{(pid=123894) do_commit /usr/local/lib/python3.8/dist-packages/ovsdbapp/backend/ovs_idl/transaction.py:90}}
Jun 16 16:37:21 ubuntu neutron-server[123894]: DEBUG ovsdbapp.backend.ovs_idl.transaction [-] Running txn n=1 command(idx=2): PgAclAddCommand(entity=neutron_pg_drop, direction=to-lport, priority=1001, match=outport == @neutron_pg_drop && ip, action=drop, log=False, may_exist=True, severity=[], name=[], meter=None, external_ids={}) {{(pid=123894) do_commit /usr/local/lib/python3.8/dist-packages/ovsdbapp/backend/ovs_idl/transaction.py:90}}
Jun 16 16:37:21 ubuntu neutron-server[123894]: DEBUG ovsdbapp.backend.ovs_idl.event [-] Matched CREATE: NeutronPgDropPortGroupCreated(events=('create',), table='Port_Group', conditions=(('name', '=', 'neutron_pg_drop'),), old_conditions=None), priority=10 to row=Port_Group(name=neutron_pg_drop, ports=[], external_ids={}, acls=[<ovs.db.idl.Row object at 0x7ff8c27eb460>, <ovs.db.idl.Row object at 0x7ff8c27eb190>]) old= {{(pid=123894) matches /usr/local/lib/python3.8/dist-packages/ovsdbapp/backend/ovs_idl/event.py:43}}
Jun 16 16:37:21 ubuntu neutron-server[123894]: DEBUG ovsdbapp.backend.ovs_idl [None req-c6b4fb44-068d-4c5a-97b3-5d36bc0a566f None None] Created lookup_table index Logical_Switch.name {{(pid=123894) autocreate_indices /usr/local/lib/python3.8/dist-packages/ovsdbapp/backend/ovs_idl/__init__.py:85}}
Jun 16 16:37:21 ubuntu neutron-server[124105]: DEBUG neutron.common.ovn.hash_ring_manager [None req-9890be78-c078-4704-b924-b1297bbf6174 None None] Disallow caching, nodes 1<2 {{(pid=124105) _wait_startup_before_caching /opt/stack/neutron/neutron/common/ovn/hash_ring_manager.py:63}}
Jun 16 16:37:21 ubuntu neutron-server[123894]: DEBUG ovsdbapp.backend.ovs_idl [None req-c6b4fb44-068d-4c5a-97b3-5d36bc0a566f None None] Created lookup_table index Logical_Router.name {{(pid=123894) autocreate_indices /usr/local/lib/python3.8/dist-packages/ovsdbapp/backend/ovs_idl/__init__.py:85}}
Jun 16 16:37:21 ubuntu neutron-server[123894]: DEBUG ovsdbapp.backend.ovs_idl [None req-c6b4fb44-068d-4c5a-97b3-5d36bc0a566f None None] Created lookup_table index Load_Balancer.name {{(pid=123894) autocreate_indices /usr/local/lib/python3.8/dist-packages/ovsdbapp/backend/ovs_idl/__init__.py:85}}
Jun 16 16:37:21 ubuntu neutron-server[123894]: DEBUG ovsdbapp.backend.ovs_idl [None req-c6b4fb44-068d-4c5a-97b3-5d36bc0a566f None None] Created schema index Meter.name {{(pid=123894) autocreate_indices /usr/local/lib/python3.8/dist-packages/ovsdbapp/backend/ovs_idl/__init__.py:104}}
Jun 16 16:37:21 ubuntu neutron-server[123894]: DEBUG ovsdbapp.backend.ovs_idl [None req-c6b4fb44-068d-4c5a-97b3-5d36bc0a566f None None] Created schema index Address_Set.name {{(pid=123894) autocreate_indices /usr/local/lib/python3.8/dist-packages/ovsdbapp/backend/ovs_idl/__init__.py:104}}
Jun 16 16:37:21 ubuntu neutron-server[123894]: DEBUG ovsdbapp.backend.ovs_idl [None req-c6b4fb44-068d-4c5a-97b3-5d36bc0a566f None None] Created schema index HA_Chassis_Group.name {{(pid=123894) autocreate_indices /usr/local/lib/python3.8/dist-packages/ovsdbapp/backend/ovs_idl/__init__.py:104}}
Jun 16 16:37:21 ubuntu neutron-server[123894]: DEBUG ovsdbapp.backend.ovs_idl [None req-c6b4fb44-068d-4c5a-97b3-5d36bc0a566f None None] Created schema index Connection.target {{(pid=123894) autocreate_indices /usr/local/lib/python3.8/dist-packages/ovsdbapp/backend/ovs_idl/__init__.py:104}}
Jun 16 16:37:21 ubuntu neutron-server[123894]: DEBUG ovsdbapp.backend.ovs_idl [None req-c6b4fb44-068d-4c5a-97b3-5d36bc0a566f None None] Created schema index Gateway_Chassis.name {{(pid=123894) autocreate_indices /usr/local/lib/python3.8/dist-packages/ovsdbapp/backend/ovs_idl/__init__.py:104}}
Jun 16 16:37:21 ubuntu neutron-server[123894]: DEBUG ovsdbapp.backend.ovs_idl [None req-c6b4fb44-068d-4c5a-97b3-5d36bc0a566f None None] Created schema index Logical_Router_Port.name {{(pid=123894) autocreate_indices /usr/local/lib/python3.8/dist-packages/ovsdbapp/backend/ovs_idl/__init__.py:104}}
Jun 16 16:37:21 ubuntu neutron-server[123894]: DEBUG ovsdbapp.backend.ovs_idl [None req-c6b4fb44-068d-4c5a-97b3-5d36bc0a566f None None] Created schema index Port_Group.name {{(pid=123894) autocreate_indices /usr/local/lib/python3.8/dist-packages/ovsdbapp/backend/ovs_idl/__init__.py:104}}
Jun 16 16:37:21 ubuntu neutron-server[123894]: DEBUG ovsdbapp.backend.ovs_idl [None req-c6b4fb44-068d-4c5a-97b3-5d36bc0a566f None None] Created schema index Logical_Switch_Port.name {{(pid=123894) autocreate_indices /usr/local/lib/python3.8/dist-packages/ovsdbapp/backend/ovs_idl/__init__.py:104}}
Jun 16 16:37:21 ubuntu neutron-server[124106]: INFO neutron.plugins.ml2.drivers.ovn.mech_driver.ovsdb.impl_idl_ovn [None req-0a3a1646-3c86-42a4-8b8e-a8b28ea59456 None None] Getting OvsdbNbOvnIdl for WorkerService with retry
Jun 16 16:37:21 ubuntu neutron-server[124105]: DEBUG neutron.plugins.ml2.drivers.ovn.mech_driver.ovsdb.ovsdb_monitor [None req-9890be78-c078-4704-b924-b1297bbf6174 None None] Hash Ring: Node 701355fe-41a6-43ca-8a72-bf579455ebb3 (host: ubuntu) handling event "create" for row ed5ebfc8-46e7-4b12-971f-10f52d80481a (table: Database) {{(pid=124105) notify /opt/stack/neutron/neutron/plugins/ml2/drivers/ovn/mech_driver/ovsdb/ovsdb_monitor.py:743}}
Jun 16 16:37:21 ubuntu neutron-server[124105]: DEBUG neutron.common.ovn.hash_ring_manager [None req-9890be78-c078-4704-b924-b1297bbf6174 None None] Allow caching, nodes 2>=2 {{(pid=124105) _wait_startup_before_caching /opt/stack/neutron/neutron/common/ovn/hash_ring_manager.py:60}}
Jun 16 16:37:21 ubuntu neutron-server[124105]: DEBUG neutron.plugins.ml2.drivers.ovn.mech_driver.ovsdb.ovsdb_monitor [None req-9890be78-c078-4704-b924-b1297bbf6174 None None] Hash Ring: Node 701355fe-41a6-43ca-8a72-bf579455ebb3 (host: ubuntu) handling event "create" for row e85c7ae2-7e28-47fc-a718-aaaa8ea89a75 (table: Database) {{(pid=124105) notify /opt/stack/neutron/neutron/plugins/ml2/drivers/ovn/mech_driver/ovsdb/ovsdb_monitor.py:743}}
Jun 16 16:37:21 ubuntu neutron-server[124105]: DEBUG neutron.plugins.ml2.drivers.ovn.mech_driver.ovsdb.ovsdb_monitor [None req-9890be78-c078-4704-b924-b1297bbf6174 None None] Hash Ring: Node 701355fe-41a6-43ca-8a72-bf579455ebb3 (host: ubuntu) handling event "create" for row 2eaab896-c90b-4948-ae34-282e29f5d967 (table: Port_Group) {{(pid=124105) notify /opt/stack/neutron/neutron/plugins/ml2/drivers/ovn/mech_driver/ovsdb/ovsdb_monitor.py:743}}
Jun 16 16:37:21 ubuntu neutron-server[124105]: INFO neutron.plugins.ml2.drivers.ovn.mech_driver.ovsdb.impl_idl_ovn [None req-9890be78-c078-4704-b924-b1297bbf6174 None None] Getting OvsdbSbOvnIdl for WorkerService with retry
Jun 16 16:37:21 ubuntu neutron-server[124105]: DEBUG ovsdbapp.backend.ovs_idl [None req-9890be78-c078-4704-b924-b1297bbf6174 None None] Created lookup_table index Chassis.name {{(pid=124105) autocreate_indices /usr/local/lib/python3.8/dist-packages/ovsdbapp/backend/ovs_idl/__init__.py:85}}
Jun 16 16:37:21 ubuntu neutron-server[124105]: DEBUG ovsdbapp.backend.ovs_idl [None req-9890be78-c078-4704-b924-b1297bbf6174 None None] Created schema index Datapath_Binding.tunnel_key {{(pid=124105) autocreate_indices /usr/local/lib/python3.8/dist-packages/ovsdbapp/backend/ovs_idl/__init__.py:104}}
Jun 16 16:37:21 ubuntu neutron-server[124105]: DEBUG ovsdbapp.backend.ovs_idl [None req-9890be78-c078-4704-b924-b1297bbf6174 None None] Created schema index Connection.target {{(pid=124105) autocreate_indices /usr/local/lib/python3.8/dist-packages/ovsdbapp/backend/ovs_idl/__init__.py:104}}
Jun 16 16:37:21 ubuntu neutron-server[124105]: INFO ovsdbapp.backend.ovs_idl.vlog [None req-9890be78-c078-4704-b924-b1297bbf6174 None None] tcp:192.168.79.43:6642: connecting...
Jun 16 16:37:21 ubuntu neutron-server[124105]: INFO ovsdbapp.backend.ovs_idl.vlog [None req-9890be78-c078-4704-b924-b1297bbf6174 None None] tcp:192.168.79.43:6642: connected
Jun 16 16:37:21 ubuntu neutron-server[123894]: DEBUG ovsdbapp.backend.ovs_idl [None req-c6b4fb44-068d-4c5a-97b3-5d36bc0a566f None None] Created lookup_table index Chassis.name {{(pid=123894) autocreate_indices /usr/local/lib/python3.8/dist-packages/ovsdbapp/backend/ovs_idl/__init__.py:85}}
Jun 16 16:37:21 ubuntu neutron-server[123894]: DEBUG ovsdbapp.backend.ovs_idl [None req-c6b4fb44-068d-4c5a-97b3-5d36bc0a566f None None] Created lookup_table index MAC_Binding.ip {{(pid=123894) autocreate_indices /usr/local/lib/python3.8/dist-packages/ovsdbapp/backend/ovs_idl/__init__.py:85}}
Jun 16 16:37:21 ubuntu neutron-server[123894]: DEBUG ovsdbapp.backend.ovs_idl [None req-c6b4fb44-068d-4c5a-97b3-5d36bc0a566f None None] Created schema index Meter.name {{(pid=123894) autocreate_indices /usr/local/lib/python3.8/dist-packages/ovsdbapp/backend/ovs_idl/__init__.py:104}}
Jun 16 16:37:21 ubuntu neutron-server[123894]: DEBUG ovsdbapp.backend.ovs_idl [None req-c6b4fb44-068d-4c5a-97b3-5d36bc0a566f None None] Created schema index Address_Set.name {{(pid=123894) autocreate_indices /usr/local/lib/python3.8/dist-packages/ovsdbapp/backend/ovs_idl/__init__.py:104}}
Jun 16 16:37:21 ubuntu neutron-server[123894]: DEBUG ovsdbapp.backend.ovs_idl [None req-c6b4fb44-068d-4c5a-97b3-5d36bc0a566f None None] Created schema index HA_Chassis_Group.name {{(pid=123894) autocreate_indices /usr/local/lib/python3.8/dist-packages/ovsdbapp/backend/ovs_idl/__init__.py:104}}
Jun 16 16:37:21 ubuntu neutron-server[123894]: DEBUG ovsdbapp.backend.ovs_idl [None req-c6b4fb44-068d-4c5a-97b3-5d36bc0a566f None None] Created schema index IP_Multicast.datapath {{(pid=123894) autocreate_indices /usr/local/lib/python3.8/dist-packages/ovsdbapp/backend/ovs_idl/__init__.py:104}}
Jun 16 16:37:21 ubuntu neutron-server[123894]: DEBUG ovsdbapp.backend.ovs_idl [None req-c6b4fb44-068d-4c5a-97b3-5d36bc0a566f None None] Created schema index Connection.target {{(pid=123894) autocreate_indices /usr/local/lib/python3.8/dist-packages/ovsdbapp/backend/ovs_idl/__init__.py:104}}
Jun 16 16:37:21 ubuntu neutron-server[123894]: DEBUG ovsdbapp.backend.ovs_idl [None req-c6b4fb44-068d-4c5a-97b3-5d36bc0a566f None None] Created schema index Gateway_Chassis.name {{(pid=123894) autocreate_indices /usr/local/lib/python3.8/dist-packages/ovsdbapp/backend/ovs_idl/__init__.py:104}}
Jun 16 16:37:21 ubuntu neutron-server[123894]: DEBUG ovsdbapp.backend.ovs_idl [None req-c6b4fb44-068d-4c5a-97b3-5d36bc0a566f None None] Created schema index Port_Group.name {{(pid=123894) autocreate_indices /usr/local/lib/python3.8/dist-packages/ovsdbapp/backend/ovs_idl/__init__.py:104}}
Jun 16 16:37:21 ubuntu neutron-server[123894]: DEBUG ovsdbapp.backend.ovs_idl [None req-c6b4fb44-068d-4c5a-97b3-5d36bc0a566f None None] Created schema index Datapath_Binding.tunnel_key {{(pid=123894) autocreate_indices /usr/local/lib/python3.8/dist-packages/ovsdbapp/backend/ovs_idl/__init__.py:104}}
Jun 16 16:37:21 ubuntu neutron-server[124106]: DEBUG ovsdbapp.backend.ovs_idl [None req-0a3a1646-3c86-42a4-8b8e-a8b28ea59456 None None] Created lookup_table index Logical_Switch.name {{(pid=124106) autocreate_indices /usr/local/lib/python3.8/dist-packages/ovsdbapp/backend/ovs_idl/__init__.py:85}}
Jun 16 16:37:21 ubuntu neutron-server[124106]: DEBUG ovsdbapp.backend.ovs_idl [None req-0a3a1646-3c86-42a4-8b8e-a8b28ea59456 None None] Created lookup_table index Logical_Router.name {{(pid=124106) autocreate_indices /usr/local/lib/python3.8/dist-packages/ovsdbapp/backend/ovs_idl/__init__.py:85}}
Jun 16 16:37:21 ubuntu neutron-server[124106]: DEBUG ovsdbapp.backend.ovs_idl [None req-0a3a1646-3c86-42a4-8b8e-a8b28ea59456 None None] Created lookup_table index Load_Balancer.name {{(pid=124106) autocreate_indices /usr/local/lib/python3.8/dist-packages/ovsdbapp/backend/ovs_idl/__init__.py:85}}
Jun 16 16:37:21 ubuntu neutron-server[124106]: DEBUG ovsdbapp.backend.ovs_idl [None req-0a3a1646-3c86-42a4-8b8e-a8b28ea59456 None None] Created schema index Meter.name {{(pid=124106) autocreate_indices /usr/local/lib/python3.8/dist-packages/ovsdbapp/backend/ovs_idl/__init__.py:104}}
Jun 16 16:37:21 ubuntu neutron-server[124106]: DEBUG ovsdbapp.backend.ovs_idl [None req-0a3a1646-3c86-42a4-8b8e-a8b28ea59456 None None] Created schema index Address_Set.name {{(pid=124106) autocreate_indices /usr/local/lib/python3.8/dist-packages/ovsdbapp/backend/ovs_idl/__init__.py:104}}
Jun 16 16:37:21 ubuntu neutron-server[124106]: DEBUG ovsdbapp.backend.ovs_idl [None req-0a3a1646-3c86-42a4-8b8e-a8b28ea59456 None None] Created schema index HA_Chassis_Group.name {{(pid=124106) autocreate_indices /usr/local/lib/python3.8/dist-packages/ovsdbapp/backend/ovs_idl/__init__.py:104}}
Jun 16 16:37:21 ubuntu neutron-server[124106]: DEBUG ovsdbapp.backend.ovs_idl [None req-0a3a1646-3c86-42a4-8b8e-a8b28ea59456 None None] Created schema index Connection.target {{(pid=124106) autocreate_indices /usr/local/lib/python3.8/dist-packages/ovsdbapp/backend/ovs_idl/__init__.py:104}}
Jun 16 16:37:21 ubuntu neutron-server[124106]: DEBUG ovsdbapp.backend.ovs_idl [None req-0a3a1646-3c86-42a4-8b8e-a8b28ea59456 None None] Created schema index Gateway_Chassis.name {{(pid=124106) autocreate_indices /usr/local/lib/python3.8/dist-packages/ovsdbapp/backend/ovs_idl/__init__.py:104}}
Jun 16 16:37:21 ubuntu neutron-server[124106]: DEBUG ovsdbapp.backend.ovs_idl [None req-0a3a1646-3c86-42a4-8b8e-a8b28ea59456 None None] Created schema index Logical_Router_Port.name {{(pid=124106) autocreate_indices /usr/local/lib/python3.8/dist-packages/ovsdbapp/backend/ovs_idl/__init__.py:104}}
Jun 16 16:37:21 ubuntu neutron-server[124106]: DEBUG ovsdbapp.backend.ovs_idl [None req-0a3a1646-3c86-42a4-8b8e-a8b28ea59456 None None] Created schema index Port_Group.name {{(pid=124106) autocreate_indices /usr/local/lib/python3.8/dist-packages/ovsdbapp/backend/ovs_idl/__init__.py:104}}
Jun 16 16:37:21 ubuntu neutron-server[124106]: DEBUG ovsdbapp.backend.ovs_idl [None req-0a3a1646-3c86-42a4-8b8e-a8b28ea59456 None None] Created schema index Logical_Switch_Port.name {{(pid=124106) autocreate_indices /usr/local/lib/python3.8/dist-packages/ovsdbapp/backend/ovs_idl/__init__.py:104}}
Jun 16 16:37:21 ubuntu neutron-server[124106]: INFO ovsdbapp.backend.ovs_idl.vlog [None req-0a3a1646-3c86-42a4-8b8e-a8b28ea59456 None None] tcp:192.168.79.43:6641: connecting...
Jun 16 16:37:21 ubuntu neutron-server[124106]: INFO ovsdbapp.backend.ovs_idl.vlog [None req-0a3a1646-3c86-42a4-8b8e-a8b28ea59456 None None] tcp:192.168.79.43:6641: connected
Jun 16 16:37:21 ubuntu neutron-server[124105]: DEBUG neutron.common.ovn.hash_ring_manager [None req-9890be78-c078-4704-b924-b1297bbf6174 None None] Allow caching, nodes 2>=2 {{(pid=124105) _wait_startup_before_caching /opt/stack/neutron/neutron/common/ovn/hash_ring_manager.py:60}}
Jun 16 16:37:21 ubuntu neutron-server[124105]: DEBUG neutron.plugins.ml2.drivers.ovn.mech_driver.ovsdb.ovsdb_monitor [None req-9890be78-c078-4704-b924-b1297bbf6174 None None] Hash Ring: Node 701355fe-41a6-43ca-8a72-bf579455ebb3 (host: ubuntu) handling event "create" for row f2ad3b5e-8d83-4234-87a4-328698de410d (table: Database) {{(pid=124105) notify /opt/stack/neutron/neutron/plugins/ml2/drivers/ovn/mech_driver/ovsdb/ovsdb_monitor.py:743}}
Jun 16 16:37:21 ubuntu neutron-server[124105]: DEBUG neutron.plugins.ml2.drivers.ovn.mech_driver.ovsdb.ovsdb_monitor [None req-9890be78-c078-4704-b924-b1297bbf6174 None None] Hash Ring: Node 701355fe-41a6-43ca-8a72-bf579455ebb3 (host: ubuntu) handling event "create" for row 20c7b084-5f94-44e9-82fb-4921c876bdb8 (table: Database) {{(pid=124105) notify /opt/stack/neutron/neutron/plugins/ml2/drivers/ovn/mech_driver/ovsdb/ovsdb_monitor.py:743}}
Jun 16 16:37:21 ubuntu neutron-server[124105]: DEBUG neutron.plugins.ml2.drivers.ovn.mech_driver.ovsdb.ovsdb_monitor [None req-9890be78-c078-4704-b924-b1297bbf6174 None None] Hash Ring: Node 701355fe-41a6-43ca-8a72-bf579455ebb3 (host: ubuntu) handling event "create" for row 6531935b-599f-49d8-b7fb-500941a563ab (table: Encap) {{(pid=124105) notify /opt/stack/neutron/neutron/plugins/ml2/drivers/ovn/mech_driver/ovsdb/ovsdb_monitor.py:743}}
Jun 16 16:37:21 ubuntu neutron-server[124105]: DEBUG neutron.plugins.ml2.drivers.ovn.mech_driver.ovsdb.ovsdb_monitor [None req-9890be78-c078-4704-b924-b1297bbf6174 None None] ChassisAgentWriteEvent : Matched Chassis, create, None None {{(pid=124105) matches /opt/stack/neutron/neutron/plugins/ml2/drivers/ovn/mech_driver/ovsdb/ovsdb_monitor.py:62}}
Jun 16 16:37:21 ubuntu neutron-server[124105]: DEBUG neutron.plugins.ml2.drivers.ovn.mech_driver.ovsdb.ovsdb_monitor [None req-9890be78-c078-4704-b924-b1297bbf6174 None None] ChassisMetadataAgentWriteEvent : Matched Chassis, create, None None {{(pid=124105) matches /opt/stack/neutron/neutron/plugins/ml2/drivers/ovn/mech_driver/ovsdb/ovsdb_monitor.py:62}}
Jun 16 16:37:21 ubuntu neutron-server[124105]: DEBUG neutron.plugins.ml2.drivers.ovn.mech_driver.ovsdb.ovsdb_monitor [None req-9890be78-c078-4704-b924-b1297bbf6174 None None] Hash Ring: Node 701355fe-41a6-43ca-8a72-bf579455ebb3 (host: ubuntu) handling event "create" for row 0dc05f2e-c090-47ae-afc1-ddf15f9fda35 (table: Connection) {{(pid=124105) notify /opt/stack/neutron/neutron/plugins/ml2/drivers/ovn/mech_driver/ovsdb/ovsdb_monitor.py:743}}
Jun 16 16:37:21 ubuntu neutron-server[124105]: INFO neutron.wsgi [-] (124105) wsgi starting up on http://0.0.0.0:9696
Jun 16 16:37:21 ubuntu neutron-server[123894]: INFO oslo_service.service [None req-c6b4fb44-068d-4c5a-97b3-5d36bc0a566f None None] Starting 1 workers
Jun 16 16:37:21 ubuntu neutron-server[123894]: DEBUG oslo_service.service [None req-c6b4fb44-068d-4c5a-97b3-5d36bc0a566f None None] Started child 124109 {{(pid=123894) _start_child /usr/local/lib/python3.8/dist-packages/oslo_service/service.py:575}}
Jun 16 16:37:21 ubuntu neutron-server[123894]: INFO oslo_service.service [None req-c6b4fb44-068d-4c5a-97b3-5d36bc0a566f None None] Starting 1 workers
Jun 16 16:37:21 ubuntu neutron-server[124106]: DEBUG neutron.common.ovn.hash_ring_manager [None req-0a3a1646-3c86-42a4-8b8e-a8b28ea59456 None None] Allow caching, nodes 2>=2 {{(pid=124106) _wait_startup_before_caching /opt/stack/neutron/neutron/common/ovn/hash_ring_manager.py:60}}
Jun 16 16:37:21 ubuntu neutron-server[124109]: DEBUG neutron.service [None req-c6b4fb44-068d-4c5a-97b3-5d36bc0a566f None None] calling RpcWorker wait() {{(pid=124109) _wait /opt/stack/neutron/neutron/service.py:128}}
Jun 16 16:37:21 ubuntu neutron-server[124109]: DEBUG neutron.service [None req-c6b4fb44-068d-4c5a-97b3-5d36bc0a566f None None] returning from RpcWorker wait() {{(pid=124109) _wait /opt/stack/neutron/neutron/service.py:135}}
Jun 16 16:37:21 ubuntu neutron-server[124109]: DEBUG neutron_lib.callbacks.manager [-] Publish callbacks ['neutron.plugins.ml2.drivers.ovn.mech_driver.mech_driver.OVNMechanismDriver.post_fork_initialize-1697607'] for process (None), after_init {{(pid=124109) _notify_loop /usr/local/lib/python3.8/dist-packages/neutron_lib/callbacks/manager.py:176}}
Jun 16 16:37:21 ubuntu neutron-server[123894]: DEBUG oslo_service.service [None req-c6b4fb44-068d-4c5a-97b3-5d36bc0a566f None None] Started child 124110 {{(pid=123894) _start_child /usr/local/lib/python3.8/dist-packages/oslo_service/service.py:575}}
Jun 16 16:37:21 ubuntu neutron-server[123894]: INFO oslo_service.service [None req-c6b4fb44-068d-4c5a-97b3-5d36bc0a566f None None] Starting 1 workers
Jun 16 16:37:21 ubuntu neutron-server[124109]: INFO neutron.plugins.ml2.drivers.ovn.mech_driver.ovsdb.impl_idl_ovn [-] Getting OvsdbNbOvnIdl for RpcWorker with retry
Jun 16 16:37:21 ubuntu neutron-server[124110]: DEBUG neutron_lib.callbacks.manager [-] Publish callbacks ['neutron.plugins.ml2.drivers.ovn.mech_driver.mech_driver.OVNMechanismDriver.post_fork_initialize-1697607'] for process (None), after_init {{(pid=124110) _notify_loop /usr/local/lib/python3.8/dist-packages/neutron_lib/callbacks/manager.py:176}}
Jun 16 16:37:21 ubuntu neutron-server[124106]: DEBUG neutron.plugins.ml2.drivers.ovn.mech_driver.ovsdb.ovsdb_monitor [None req-0a3a1646-3c86-42a4-8b8e-a8b28ea59456 None None] Hash Ring: Node fd8cf163-2546-478c-a7ce-61467fa9da99 (host: ubuntu) handling event "create" for row 0af227cc-0a23-49ca-8606-a5789eae2169 (table: NB_Global) {{(pid=124106) notify /opt/stack/neutron/neutron/plugins/ml2/drivers/ovn/mech_driver/ovsdb/ovsdb_monitor.py:743}}
Jun 16 16:37:21 ubuntu neutron-server[124106]: DEBUG neutron.plugins.ml2.drivers.ovn.mech_driver.ovsdb.ovsdb_monitor [None req-0a3a1646-3c86-42a4-8b8e-a8b28ea59456 None None] Hash Ring: Node fd8cf163-2546-478c-a7ce-61467fa9da99 (host: ubuntu) handling event "create" for row 99c1eaf6-afd9-4def-8111-4f48fe0ffeca (table: ACL) {{(pid=124106) notify /opt/stack/neutron/neutron/plugins/ml2/drivers/ovn/mech_driver/ovsdb/ovsdb_monitor.py:743}}
Jun 16 16:37:21 ubuntu neutron-server[123894]: DEBUG oslo_service.service [None req-c6b4fb44-068d-4c5a-97b3-5d36bc0a566f None None] Started child 124111 {{(pid=123894) _start_child /usr/local/lib/python3.8/dist-packages/oslo_service/service.py:575}}
Jun 16 16:37:21 ubuntu neutron-server[124106]: DEBUG neutron.plugins.ml2.drivers.ovn.mech_driver.ovsdb.ovsdb_monitor [None req-0a3a1646-3c86-42a4-8b8e-a8b28ea59456 None None] Hash Ring: Node fd8cf163-2546-478c-a7ce-61467fa9da99 (host: ubuntu) handling event "create" for row 52e4bd2c-ea21-49b1-825b-d40d395f801b (table: ACL) {{(pid=124106) notify /opt/stack/neutron/neutron/plugins/ml2/drivers/ovn/mech_driver/ovsdb/ovsdb_monitor.py:743}}
Jun 16 16:37:21 ubuntu neutron-server[123894]: DEBUG neutron_lib.callbacks.manager [None req-c6b4fb44-068d-4c5a-97b3-5d36bc0a566f None None] Publish callbacks [] for process (None), after_spawn {{(pid=123894) _notify_loop /usr/local/lib/python3.8/dist-packages/neutron_lib/callbacks/manager.py:176}}
Jun 16 16:37:21 ubuntu neutron-server[124106]: DEBUG neutron.plugins.ml2.drivers.ovn.mech_driver.ovsdb.ovsdb_monitor [None req-0a3a1646-3c86-42a4-8b8e-a8b28ea59456 None None] Hash Ring: Node fd8cf163-2546-478c-a7ce-61467fa9da99 (host: ubuntu) handling event "create" for row 7fe06913-481b-4ed7-bd80-d041af131b1b (table: Connection) {{(pid=124106) notify /opt/stack/neutron/neutron/plugins/ml2/drivers/ovn/mech_driver/ovsdb/ovsdb_monitor.py:743}}
Jun 16 16:37:21 ubuntu neutron-server[124110]: INFO neutron.plugins.ml2.drivers.ovn.mech_driver.ovsdb.impl_idl_ovn [-] Getting OvsdbNbOvnIdl for MaintenanceWorker with retry
Jun 16 16:37:21 ubuntu neutron-server[124106]: INFO neutron.plugins.ml2.drivers.ovn.mech_driver.ovsdb.impl_idl_ovn [None req-0a3a1646-3c86-42a4-8b8e-a8b28ea59456 None None] Getting OvsdbSbOvnIdl for WorkerService with retry
Jun 16 16:37:21 ubuntu neutron-server[123894]: DEBUG oslo_service.service [-] Full set of CONF: {{(pid=123894) wait /usr/local/lib/python3.8/dist-packages/oslo_service/service.py:649}}
Jun 16 16:37:21 ubuntu neutron-server[123894]: DEBUG oslo_service.service [-] ******************************************************************************** {{(pid=123894) log_opt_values /usr/local/lib/python3.8/dist-packages/oslo_config/cfg.py:2589}}
Jun 16 16:37:21 ubuntu neutron-server[123894]: DEBUG oslo_service.service [-] Configuration options gathered from: {{(pid=123894) log_opt_values /usr/local/lib/python3.8/dist-packages/oslo_config/cfg.py:2590}}
Jun 16 16:37:21 ubuntu neutron-server[123894]: DEBUG oslo_service.service [-] command line args: ['--config-file', '/etc/neutron/neutron.conf', '--config-file', '/etc/neutron/plugins/ml2/ml2_conf.ini'] {{(pid=123894) log_opt_values /usr/local/lib/python3.8/dist-packages/oslo_config/cfg.py:2591}}
Jun 16 16:37:21 ubuntu neutron-server[123894]: DEBUG oslo_service.service [-] config files: ['/etc/neutron/neutron.conf', '/etc/neutron/plugins/ml2/ml2_conf.ini'] {{(pid=123894) log_opt_values /usr/local/lib/python3.8/dist-packages/oslo_config/cfg.py:2592}}
Jun 16 16:37:21 ubuntu neutron-server[123894]: DEBUG oslo_service.service [-] ================================================================================ {{(pid=123894) log_opt_values /usr/local/lib/python3.8/dist-packages/oslo_config/cfg.py:2594}}
Jun 16 16:37:21 ubuntu neutron-server[123894]: DEBUG oslo_service.service [-] agent_down_time                = 75 {{(pid=123894) log_opt_values /usr/local/lib/python3.8/dist-packages/oslo_config/cfg.py:2602}}
Jun 16 16:37:21 ubuntu neutron-server[123894]: DEBUG oslo_service.service [-] allow_automatic_dhcp_failover  = True {{(pid=123894) log_opt_values /usr/local/lib/python3.8/dist-packages/oslo_config/cfg.py:2602}}
Jun 16 16:37:21 ubuntu neutron-server[123894]: DEBUG oslo_service.service [-] allow_bulk                     = True {{(pid=123894) log_opt_values /usr/local/lib/python3.8/dist-packages/oslo_config/cfg.py:2602}}
