Aug 23 14:00:51 ubuntu neutron-server[121282]: DEBUG neutron.api.extensions [None req-07f36ff9-ec4e-4b11-ba1d-69190349b3a1 None None] Ext name="Resource timestamps" alias="standard-attr-timestamp" description="Adds created_at and updated_at fields to all Neutron resources that have Neutron standard attributes." updated="2016-09-12T10:00:00-00:00" {{(pid=121282) _check_extension /opt/stack/neutron/neutron/api/extensions.py:416}}
Aug 23 14:00:51 ubuntu neutron-server[121282]: INFO neutron.api.extensions [None req-07f36ff9-ec4e-4b11-ba1d-69190349b3a1 None None] Loaded extension: standard-attr-timestamp
Aug 23 14:00:51 ubuntu neutron-server[121282]: DEBUG neutron.api.extensions [None req-07f36ff9-ec4e-4b11-ba1d-69190349b3a1 None None] Loading extension file: trunk.py {{(pid=121282) _load_all_extensions_from_path /opt/stack/neutron/neutron/api/extensions.py:450}}
Aug 23 14:00:51 ubuntu neutron-server[121282]: DEBUG neutron.api.extensions [None req-07f36ff9-ec4e-4b11-ba1d-69190349b3a1 None None] Ext name="Trunk Extension" alias="trunk" description="Provides support for trunk ports" updated="2016-01-01T10:00:00-00:00" {{(pid=121282) _check_extension /opt/stack/neutron/neutron/api/extensions.py:416}}
Aug 23 14:00:51 ubuntu neutron-server[121282]: INFO neutron.api.extensions [None req-07f36ff9-ec4e-4b11-ba1d-69190349b3a1 None None] Extension trunk not supported by any of loaded plugins
Aug 23 14:00:51 ubuntu neutron-server[121282]: DEBUG neutron.api.extensions [None req-07f36ff9-ec4e-4b11-ba1d-69190349b3a1 None None] Loading extension file: trunk_details.py {{(pid=121282) _load_all_extensions_from_path /opt/stack/neutron/neutron/api/extensions.py:450}}
Aug 23 14:00:51 ubuntu neutron-server[121282]: DEBUG neutron.api.extensions [None req-07f36ff9-ec4e-4b11-ba1d-69190349b3a1 None None] Ext name="Trunk port details" alias="trunk-details" description="Expose trunk port details" updated="2016-01-01T10:00:00-00:00" {{(pid=121282) _check_extension /opt/stack/neutron/neutron/api/extensions.py:416}}
Aug 23 14:00:51 ubuntu neutron-server[121282]: INFO neutron.api.extensions [None req-07f36ff9-ec4e-4b11-ba1d-69190349b3a1 None None] Extension trunk-details not supported by any of loaded plugins
Aug 23 14:00:51 ubuntu neutron-server[121282]: DEBUG neutron.api.extensions [None req-07f36ff9-ec4e-4b11-ba1d-69190349b3a1 None None] Loading extension file: uplink_status_propagation.py {{(pid=121282) _load_all_extensions_from_path /opt/stack/neutron/neutron/api/extensions.py:450}}
Aug 23 14:00:51 ubuntu neutron-server[121282]: DEBUG neutron.api.extensions [None req-07f36ff9-ec4e-4b11-ba1d-69190349b3a1 None None] Ext name="Uplink status propagation extension" alias="uplink-status-propagation" description="Provides ability to propagate port uplink status." updated="2018-05-31T18:00:00-00:00" {{(pid=121282) _check_extension /opt/stack/neutron/neutron/api/extensions.py:416}}
Aug 23 14:00:51 ubuntu neutron-server[121282]: INFO neutron.api.extensions [None req-07f36ff9-ec4e-4b11-ba1d-69190349b3a1 None None] Extension uplink-status-propagation not supported by any of loaded plugins
Aug 23 14:00:51 ubuntu neutron-server[121282]: DEBUG neutron.api.extensions [None req-07f36ff9-ec4e-4b11-ba1d-69190349b3a1 None None] Loading extension file: vlantransparent.py {{(pid=121282) _load_all_extensions_from_path /opt/stack/neutron/neutron/api/extensions.py:450}}
Aug 23 14:00:51 ubuntu neutron-server[121282]: DEBUG neutron.api.extensions [None req-07f36ff9-ec4e-4b11-ba1d-69190349b3a1 None None] Ext name="Vlantransparent" alias="vlan-transparent" description="Provides Vlan Transparent Networks" updated="2015-03-23T09:00:00-00:00" {{(pid=121282) _check_extension /opt/stack/neutron/neutron/api/extensions.py:416}}
Aug 23 14:00:51 ubuntu neutron-server[121282]: INFO neutron.api.extensions [None req-07f36ff9-ec4e-4b11-ba1d-69190349b3a1 None None] Extension vlan-transparent not supported by any of loaded plugins
Aug 23 14:00:51 ubuntu neutron-server[121282]: INFO neutron.quota.resource_registry [None req-07f36ff9-ec4e-4b11-ba1d-69190349b3a1 None None] Creating instance of TrackedResource for resource:network
Aug 23 14:00:51 ubuntu neutron-server[121282]: INFO neutron.quota.resource_registry [None req-07f36ff9-ec4e-4b11-ba1d-69190349b3a1 None None] Creating instance of TrackedResource for resource:subnet
Aug 23 14:00:51 ubuntu neutron-server[121282]: INFO neutron.quota.resource_registry [None req-07f36ff9-ec4e-4b11-ba1d-69190349b3a1 None None] Creating instance of TrackedResource for resource:subnetpool
Aug 23 14:00:51 ubuntu neutron-server[121282]: INFO neutron.quota.resource_registry [None req-07f36ff9-ec4e-4b11-ba1d-69190349b3a1 None None] Creating instance of TrackedResource for resource:port
Aug 23 14:00:51 ubuntu neutron-server[121282]: DEBUG neutron.api.v2.resource_helper [None req-07f36ff9-ec4e-4b11-ba1d-69190349b3a1 None None] Service FLAVORS assigned prefix:  {{(pid=121282) build_resource_info /opt/stack/neutron/neutron/api/v2/resource_helper.py:77}}
Aug 23 14:00:51 ubuntu neutron-server[121282]: DEBUG neutron.api.v2.resource_helper [None req-07f36ff9-ec4e-4b11-ba1d-69190349b3a1 None None] Service L3_ROUTER_NAT assigned prefix:  {{(pid=121282) build_resource_info /opt/stack/neutron/neutron/api/v2/resource_helper.py:77}}
Aug 23 14:00:51 ubuntu neutron-server[121282]: DEBUG neutron.api.v2.resource_helper [None req-07f36ff9-ec4e-4b11-ba1d-69190349b3a1 None None] Service L3_ROUTER_NAT assigned prefix:  {{(pid=121282) build_resource_info /opt/stack/neutron/neutron/api/v2/resource_helper.py:77}}
Aug 23 14:00:51 ubuntu neutron-server[121282]: INFO neutron.quota.resource_registry [None req-07f36ff9-ec4e-4b11-ba1d-69190349b3a1 None None] Creating instance of TrackedResource for resource:router
Aug 23 14:00:51 ubuntu neutron-server[121282]: INFO neutron.quota.resource_registry [None req-07f36ff9-ec4e-4b11-ba1d-69190349b3a1 None None] Creating instance of TrackedResource for resource:floatingip
Aug 23 14:00:51 ubuntu neutron-server[121282]: DEBUG neutron_lib.callbacks.manager [None req-07f36ff9-ec4e-4b11-ba1d-69190349b3a1 None None] Subscribe: <bound method NeutronDbPluginV2.validate_network_rbac_policy_change of <neutron.services.network_ip_availability.plugin.NetworkIPAvailabilityPlugin object at 0x7f0d74df79a0>> rbac-policy before_create 55550000 {{(pid=121282) subscribe /usr/local/lib/python3.8/dist-packages/neutron_lib/callbacks/manager.py:45}}
Aug 23 14:00:51 ubuntu neutron-server[121282]: DEBUG neutron_lib.callbacks.manager [None req-07f36ff9-ec4e-4b11-ba1d-69190349b3a1 None None] Subscribe: <bound method NeutronDbPluginV2.validate_network_rbac_policy_change of <neutron.services.network_ip_availability.plugin.NetworkIPAvailabilityPlugin object at 0x7f0d74df79a0>> rbac-policy before_update 55550000 {{(pid=121282) subscribe /usr/local/lib/python3.8/dist-packages/neutron_lib/callbacks/manager.py:45}}
Aug 23 14:00:51 ubuntu neutron-server[121282]: DEBUG neutron_lib.callbacks.manager [None req-07f36ff9-ec4e-4b11-ba1d-69190349b3a1 None None] Subscribe: <bound method NeutronDbPluginV2.validate_network_rbac_policy_change of <neutron.services.network_ip_availability.plugin.NetworkIPAvailabilityPlugin object at 0x7f0d74df79a0>> rbac-policy before_delete 55550000 {{(pid=121282) subscribe /usr/local/lib/python3.8/dist-packages/neutron_lib/callbacks/manager.py:45}}
Aug 23 14:00:51 ubuntu neutron-server[121282]: INFO neutron.quota.resource_registry [None req-07f36ff9-ec4e-4b11-ba1d-69190349b3a1 None None] Creating instance of CountableResource for resource:rbac_policy
Aug 23 14:00:51 ubuntu neutron-server[121282]: INFO neutron.quota.resource_registry [None req-07f36ff9-ec4e-4b11-ba1d-69190349b3a1 None None] Creating instance of TrackedResource for resource:security_group
Aug 23 14:00:51 ubuntu neutron-server[121282]: INFO neutron.quota.resource_registry [None req-07f36ff9-ec4e-4b11-ba1d-69190349b3a1 None None] Creating instance of TrackedResource for resource:security_group_rule
Aug 23 14:00:51 ubuntu neutron-server[121282]: DEBUG neutron.api.v2.resource_helper [None req-07f36ff9-ec4e-4b11-ba1d-69190349b3a1 None None] Service FLAVORS assigned prefix:  {{(pid=121282) build_resource_info /opt/stack/neutron/neutron/api/v2/resource_helper.py:77}}
Aug 23 14:00:51 ubuntu neutron-server[121282]: DEBUG neutron.api.v2.resource_helper [None req-07f36ff9-ec4e-4b11-ba1d-69190349b3a1 None None] Service L3_ROUTER_NAT assigned prefix:  {{(pid=121282) build_resource_info /opt/stack/neutron/neutron/api/v2/resource_helper.py:77}}
Aug 23 14:00:51 ubuntu neutron-server[121282]: DEBUG neutron.api.v2.resource_helper [None req-07f36ff9-ec4e-4b11-ba1d-69190349b3a1 None None] Service L3_ROUTER_NAT assigned prefix:  {{(pid=121282) build_resource_info /opt/stack/neutron/neutron/api/v2/resource_helper.py:77}}
Aug 23 14:00:51 ubuntu neutron-server[121282]: INFO neutron.quota.resource_registry [None req-07f36ff9-ec4e-4b11-ba1d-69190349b3a1 None None] Creating instance of TrackedResource for resource:router
Aug 23 14:00:51 ubuntu neutron-server[121282]: WARNING neutron.quota.resource_registry [None req-07f36ff9-ec4e-4b11-ba1d-69190349b3a1 None None] router is already registered
Aug 23 14:00:51 ubuntu neutron-server[121282]: INFO neutron.quota.resource_registry [None req-07f36ff9-ec4e-4b11-ba1d-69190349b3a1 None None] Creating instance of TrackedResource for resource:floatingip
Aug 23 14:00:51 ubuntu neutron-server[121282]: WARNING neutron.quota.resource_registry [None req-07f36ff9-ec4e-4b11-ba1d-69190349b3a1 None None] floatingip is already registered
Aug 23 14:00:51 ubuntu neutron-server[121282]: INFO neutron.quota.resource_registry [None req-07f36ff9-ec4e-4b11-ba1d-69190349b3a1 None None] Creating instance of CountableResource for resource:rbac_policy
Aug 23 14:00:51 ubuntu neutron-server[121282]: WARNING neutron.quota.resource_registry [None req-07f36ff9-ec4e-4b11-ba1d-69190349b3a1 None None] rbac_policy is already registered
Aug 23 14:00:51 ubuntu neutron-server[121282]: INFO neutron.quota.resource_registry [None req-07f36ff9-ec4e-4b11-ba1d-69190349b3a1 None None] Creating instance of TrackedResource for resource:security_group
Aug 23 14:00:51 ubuntu neutron-server[121282]: WARNING neutron.quota.resource_registry [None req-07f36ff9-ec4e-4b11-ba1d-69190349b3a1 None None] security_group is already registered
Aug 23 14:00:51 ubuntu neutron-server[121282]: INFO neutron.quota.resource_registry [None req-07f36ff9-ec4e-4b11-ba1d-69190349b3a1 None None] Creating instance of TrackedResource for resource:security_group_rule
Aug 23 14:00:51 ubuntu neutron-server[121282]: WARNING neutron.quota.resource_registry [None req-07f36ff9-ec4e-4b11-ba1d-69190349b3a1 None None] security_group_rule is already registered
Aug 23 14:00:51 ubuntu neutron-server[121282]: DEBUG neutron.api.extensions [None req-07f36ff9-ec4e-4b11-ba1d-69190349b3a1 None None] Extended resource: extensions {{(pid=121282) __init__ /opt/stack/neutron/neutron/api/extensions.py:157}}
Aug 23 14:00:51 ubuntu neutron-server[121282]: DEBUG neutron.api.extensions [None req-07f36ff9-ec4e-4b11-ba1d-69190349b3a1 None None] Extended resource: address-groups {{(pid=121282) __init__ /opt/stack/neutron/neutron/api/extensions.py:157}}
Aug 23 14:00:51 ubuntu neutron-server[121282]: DEBUG neutron.api.extensions [None req-07f36ff9-ec4e-4b11-ba1d-69190349b3a1 None None] Extended resource: address-scopes {{(pid=121282) __init__ /opt/stack/neutron/neutron/api/extensions.py:157}}
Aug 23 14:00:51 ubuntu neutron-server[121282]: DEBUG neutron.api.extensions [None req-07f36ff9-ec4e-4b11-ba1d-69190349b3a1 None None] Extended resource: agents {{(pid=121282) __init__ /opt/stack/neutron/neutron/api/extensions.py:157}}
Aug 23 14:00:51 ubuntu neutron-server[121282]: DEBUG neutron.api.extensions [None req-07f36ff9-ec4e-4b11-ba1d-69190349b3a1 None None] Extended resource: auto-allocated-topology {{(pid=121282) __init__ /opt/stack/neutron/neutron/api/extensions.py:157}}
Aug 23 14:00:51 ubuntu neutron-server[121282]: DEBUG neutron.api.extensions [None req-07f36ff9-ec4e-4b11-ba1d-69190349b3a1 None None] Extended resource: availability_zones {{(pid=121282) __init__ /opt/stack/neutron/neutron/api/extensions.py:157}}
Aug 23 14:00:51 ubuntu neutron-server[121282]: DEBUG neutron.api.extensions [None req-07f36ff9-ec4e-4b11-ba1d-69190349b3a1 None None] Extended resource: flavors {{(pid=121282) __init__ /opt/stack/neutron/neutron/api/extensions.py:157}}
Aug 23 14:00:51 ubuntu neutron-server[121282]: DEBUG neutron.api.extensions [None req-07f36ff9-ec4e-4b11-ba1d-69190349b3a1 None None] Extended resource: service_profiles {{(pid=121282) __init__ /opt/stack/neutron/neutron/api/extensions.py:157}}
Aug 23 14:00:51 ubuntu neutron-server[121282]: DEBUG neutron.api.extensions [None req-07f36ff9-ec4e-4b11-ba1d-69190349b3a1 None None] Extended resource: next_providers {{(pid=121282) __init__ /opt/stack/neutron/neutron/api/extensions.py:157}}
Aug 23 14:00:51 ubuntu neutron-server[121282]: DEBUG neutron.api.extensions [None req-07f36ff9-ec4e-4b11-ba1d-69190349b3a1 None None] Extended resource: service_profiles {{(pid=121282) __init__ /opt/stack/neutron/neutron/api/extensions.py:157}}
Aug 23 14:00:51 ubuntu neutron-server[121282]: DEBUG neutron.api.extensions [None req-07f36ff9-ec4e-4b11-ba1d-69190349b3a1 None None] Extended resource: floatingip-pools {{(pid=121282) __init__ /opt/stack/neutron/neutron/api/extensions.py:157}}
Aug 23 14:00:51 ubuntu neutron-server[121282]: DEBUG neutron.api.extensions [None req-07f36ff9-ec4e-4b11-ba1d-69190349b3a1 None None] Extended resource: routers {{(pid=121282) __init__ /opt/stack/neutron/neutron/api/extensions.py:157}}
Aug 23 14:00:51 ubuntu neutron-server[121282]: DEBUG neutron.api.extensions [None req-07f36ff9-ec4e-4b11-ba1d-69190349b3a1 None None] Extended resource: floatingips {{(pid=121282) __init__ /opt/stack/neutron/neutron/api/extensions.py:157}}
Aug 23 14:00:51 ubuntu neutron-server[121282]: DEBUG neutron.api.extensions [None req-07f36ff9-ec4e-4b11-ba1d-69190349b3a1 None None] Extended resource: network-ip-availabilities {{(pid=121282) __init__ /opt/stack/neutron/neutron/api/extensions.py:157}}
Aug 23 14:00:51 ubuntu neutron-server[121282]: DEBUG neutron.api.extensions [None req-07f36ff9-ec4e-4b11-ba1d-69190349b3a1 None None] Extended resource: bindings {{(pid=121282) __init__ /opt/stack/neutron/neutron/api/extensions.py:157}}
Aug 23 14:00:51 ubuntu neutron-server[121282]: DEBUG neutron.api.extensions [None req-07f36ff9-ec4e-4b11-ba1d-69190349b3a1 None None] Extended resource: quotas {{(pid=121282) __init__ /opt/stack/neutron/neutron/api/extensions.py:157}}
Aug 23 14:00:51 ubuntu neutron-server[121282]: DEBUG neutron.api.extensions [None req-07f36ff9-ec4e-4b11-ba1d-69190349b3a1 None None] Extended resource: quotas {{(pid=121282) __init__ /opt/stack/neutron/neutron/api/extensions.py:157}}
Aug 23 14:00:51 ubuntu neutron-server[121282]: DEBUG neutron.api.extensions [None req-07f36ff9-ec4e-4b11-ba1d-69190349b3a1 None None] Extended resource: rbac-policies {{(pid=121282) __init__ /opt/stack/neutron/neutron/api/extensions.py:157}}
Aug 23 14:00:51 ubuntu neutron-server[121282]: DEBUG neutron.api.extensions [None req-07f36ff9-ec4e-4b11-ba1d-69190349b3a1 None None] Extended resource: security-groups {{(pid=121282) __init__ /opt/stack/neutron/neutron/api/extensions.py:157}}
Aug 23 14:00:51 ubuntu neutron-server[121282]: DEBUG neutron.api.extensions [None req-07f36ff9-ec4e-4b11-ba1d-69190349b3a1 None None] Extended resource: security-group-rules {{(pid=121282) __init__ /opt/stack/neutron/neutron/api/extensions.py:157}}
Aug 23 14:00:51 ubuntu neutron-server[121282]: DEBUG neutron.api.extensions [None req-07f36ff9-ec4e-4b11-ba1d-69190349b3a1 None None] Extended resource: service-providers {{(pid=121282) __init__ /opt/stack/neutron/neutron/api/extensions.py:157}}
Aug 23 14:00:51 ubuntu neutron-server[121282]: DEBUG neutron.api.extensions [None req-07f36ff9-ec4e-4b11-ba1d-69190349b3a1 None None] Extended resource: tags {{(pid=121282) __init__ /opt/stack/neutron/neutron/api/extensions.py:157}}
Aug 23 14:00:51 ubuntu neutron-server[121282]: DEBUG neutron.api.extensions [None req-07f36ff9-ec4e-4b11-ba1d-69190349b3a1 None None] Extended resource: tags {{(pid=121282) __init__ /opt/stack/neutron/neutron/api/extensions.py:157}}
Aug 23 14:00:51 ubuntu neutron-server[121282]: DEBUG neutron.api.extensions [None req-07f36ff9-ec4e-4b11-ba1d-69190349b3a1 None None] Extended resource: tags {{(pid=121282) __init__ /opt/stack/neutron/neutron/api/extensions.py:157}}
Aug 23 14:00:51 ubuntu neutron-server[121282]: DEBUG neutron.api.extensions [None req-07f36ff9-ec4e-4b11-ba1d-69190349b3a1 None None] Extended resource: tags {{(pid=121282) __init__ /opt/stack/neutron/neutron/api/extensions.py:157}}
Aug 23 14:00:51 ubuntu neutron-server[121282]: DEBUG neutron.api.extensions [None req-07f36ff9-ec4e-4b11-ba1d-69190349b3a1 None None] Extended resource: tags {{(pid=121282) __init__ /opt/stack/neutron/neutron/api/extensions.py:157}}
Aug 23 14:00:51 ubuntu neutron-server[121282]: DEBUG neutron.api.extensions [None req-07f36ff9-ec4e-4b11-ba1d-69190349b3a1 None None] Extended resource: tags {{(pid=121282) __init__ /opt/stack/neutron/neutron/api/extensions.py:157}}
Aug 23 14:00:51 ubuntu neutron-server[121282]: DEBUG neutron.api.extensions [None req-07f36ff9-ec4e-4b11-ba1d-69190349b3a1 None None] Extended resource: tags {{(pid=121282) __init__ /opt/stack/neutron/neutron/api/extensions.py:157}}
Aug 23 14:00:51 ubuntu neutron-server[121282]: DEBUG neutron.api.extensions [None req-07f36ff9-ec4e-4b11-ba1d-69190349b3a1 None None] Extended resource: tags {{(pid=121282) __init__ /opt/stack/neutron/neutron/api/extensions.py:157}}
Aug 23 14:00:51 ubuntu neutron-server[121282]: DEBUG neutron.api.extensions [None req-07f36ff9-ec4e-4b11-ba1d-69190349b3a1 None None] Extended resource: tags {{(pid=121282) __init__ /opt/stack/neutron/neutron/api/extensions.py:157}}
Aug 23 14:00:51 ubuntu neutron-server[121282]: DEBUG neutron.api.extensions [None req-07f36ff9-ec4e-4b11-ba1d-69190349b3a1 None None] Extended resource: tags {{(pid=121282) __init__ /opt/stack/neutron/neutron/api/extensions.py:157}}
Aug 23 14:00:51 ubuntu neutron-server[121282]: WARNING keystonemiddleware.auth_token [None req-07f36ff9-ec4e-4b11-ba1d-69190349b3a1 None None] AuthToken middleware is set with keystone_authtoken.service_token_roles_required set to False. This is backwards compatible but deprecated behaviour. Please set this to True.
Aug 23 14:00:51 ubuntu neutron-server[121282]: WARNING keystonemiddleware.auth_token [None req-07f36ff9-ec4e-4b11-ba1d-69190349b3a1 None None] Configuring www_authenticate_uri to point to the public identity endpoint is required; clients may not be able to authenticate against an admin endpoint
Aug 23 14:00:51 ubuntu neutron-server[121282]: DEBUG oslo_concurrency.lockutils [None req-07f36ff9-ec4e-4b11-ba1d-69190349b3a1 None None] Acquiring lock "singleton_lock" {{(pid=121282) lock /usr/local/lib/python3.8/dist-packages/oslo_concurrency/lockutils.py:293}}
Aug 23 14:00:51 ubuntu neutron-server[121282]: DEBUG oslo_concurrency.lockutils [None req-07f36ff9-ec4e-4b11-ba1d-69190349b3a1 None None] Acquired lock "singleton_lock" {{(pid=121282) lock /usr/local/lib/python3.8/dist-packages/oslo_concurrency/lockutils.py:296}}
Aug 23 14:00:51 ubuntu neutron-server[121282]: DEBUG oslo_concurrency.lockutils [None req-07f36ff9-ec4e-4b11-ba1d-69190349b3a1 None None] Releasing lock "singleton_lock" {{(pid=121282) lock /usr/local/lib/python3.8/dist-packages/oslo_concurrency/lockutils.py:314}}
Aug 23 14:00:51 ubuntu neutron-server[121282]: INFO oslo_service.service [None req-07f36ff9-ec4e-4b11-ba1d-69190349b3a1 None None] Starting 2 workers
Aug 23 14:00:51 ubuntu neutron-server[121282]: DEBUG oslo_service.service [None req-07f36ff9-ec4e-4b11-ba1d-69190349b3a1 None None] Started child 121499 {{(pid=121282) _start_child /usr/local/lib/python3.8/dist-packages/oslo_service/service.py:575}}
Aug 23 14:00:51 ubuntu neutron-server[121282]: DEBUG oslo_service.service [None req-07f36ff9-ec4e-4b11-ba1d-69190349b3a1 None None] Started child 121500 {{(pid=121282) _start_child /usr/local/lib/python3.8/dist-packages/oslo_service/service.py:575}}
Aug 23 14:00:51 ubuntu neutron-server[121282]: INFO neutron.service [None req-07f36ff9-ec4e-4b11-ba1d-69190349b3a1 None None] Neutron service started, listening on 0.0.0.0:9696
Aug 23 14:00:51 ubuntu neutron-server[121282]: DEBUG neutron_lib.callbacks.manager [None req-07f36ff9-ec4e-4b11-ba1d-69190349b3a1 None None] Publish callbacks ['neutron.plugins.ml2.drivers.ovn.mech_driver.mech_driver.OVNMechanismDriver.pre_fork_initialize-370815'] for process (None), before_spawn {{(pid=121282) _notify_loop /usr/local/lib/python3.8/dist-packages/neutron_lib/callbacks/manager.py:176}}
Aug 23 14:00:51 ubuntu neutron-server[121499]: DEBUG neutron_lib.callbacks.manager [-] Publish callbacks ['neutron.plugins.ml2.drivers.ovn.mech_driver.mech_driver.OVNMechanismDriver.post_fork_initialize-370691'] for process (None), after_init {{(pid=121499) _notify_loop /usr/local/lib/python3.8/dist-packages/neutron_lib/callbacks/manager.py:176}}
Aug 23 14:00:51 ubuntu neutron-server[121500]: DEBUG neutron_lib.callbacks.manager [-] Publish callbacks ['neutron.plugins.ml2.drivers.ovn.mech_driver.mech_driver.OVNMechanismDriver.post_fork_initialize-370691'] for process (None), after_init {{(pid=121500) _notify_loop /usr/local/lib/python3.8/dist-packages/neutron_lib/callbacks/manager.py:176}}
Aug 23 14:00:51 ubuntu neutron-server[121499]: DEBUG dbcounter [-] [121499] Writer thread running {{(pid=121499) stat_writer /usr/local/lib/python3.8/dist-packages/dbcounter.py:99}}
Aug 23 14:00:51 ubuntu neutron-server[121500]: DEBUG dbcounter [-] [121500] Writer thread running {{(pid=121500) stat_writer /usr/local/lib/python3.8/dist-packages/dbcounter.py:99}}
Aug 23 14:00:51 ubuntu neutron-server[121282]: DEBUG ovsdbapp.backend.ovs_idl [None req-07f36ff9-ec4e-4b11-ba1d-69190349b3a1 None None] Created schema index Port_Group.name {{(pid=121282) autocreate_indices /usr/local/lib/python3.8/dist-packages/ovsdbapp/backend/ovs_idl/__init__.py:104}}
Aug 23 14:00:51 ubuntu neutron-server[121282]: DEBUG ovsdbapp.backend.ovs_idl [None req-07f36ff9-ec4e-4b11-ba1d-69190349b3a1 None None] Created schema index Logical_Switch_Port.name {{(pid=121282) autocreate_indices /usr/local/lib/python3.8/dist-packages/ovsdbapp/backend/ovs_idl/__init__.py:104}}
Aug 23 14:00:51 ubuntu neutron-server[121499]: INFO neutron.plugins.ml2.drivers.ovn.mech_driver.ovsdb.impl_idl_ovn [None req-24761374-55cc-41c9-99b0-48ec88aa2936 None None] Getting OvsdbNbOvnIdl for WorkerService with retry
Aug 23 14:00:51 ubuntu neutron-server[121500]: INFO neutron.plugins.ml2.drivers.ovn.mech_driver.ovsdb.impl_idl_ovn [None req-c13dec75-e6db-4793-92a6-361c6795b961 None None] Getting OvsdbNbOvnIdl for WorkerService with retry
Aug 23 14:00:51 ubuntu neutron-server[121282]: DEBUG ovsdbapp.backend.ovs_idl.transaction [-] Running txn n=1 command(idx=0): PgAddCommand(name=neutron_pg_drop, may_exist=True, columns={'acls': []}) {{(pid=121282) do_commit /usr/local/lib/python3.8/dist-packages/ovsdbapp/backend/ovs_idl/transaction.py:90}}
Aug 23 14:00:51 ubuntu neutron-server[121282]: DEBUG ovsdbapp.backend.ovs_idl.transaction [-] Running txn n=1 command(idx=1): PgAclAddCommand(entity=neutron_pg_drop, direction=from-lport, priority=1001, match=inport == @neutron_pg_drop && ip, action=drop, log=False, may_exist=True, severity=[], name=[], meter=None, external_ids={}) {{(pid=121282) do_commit /usr/local/lib/python3.8/dist-packages/ovsdbapp/backend/ovs_idl/transaction.py:90}}
Aug 23 14:00:51 ubuntu neutron-server[121282]: DEBUG ovsdbapp.backend.ovs_idl.transaction [-] Running txn n=1 command(idx=2): PgAclAddCommand(entity=neutron_pg_drop, direction=to-lport, priority=1001, match=outport == @neutron_pg_drop && ip, action=drop, log=False, may_exist=True, severity=[], name=[], meter=None, external_ids={}) {{(pid=121282) do_commit /usr/local/lib/python3.8/dist-packages/ovsdbapp/backend/ovs_idl/transaction.py:90}}
Aug 23 14:00:51 ubuntu neutron-server[121499]: DEBUG ovsdbapp.backend.ovs_idl [None req-24761374-55cc-41c9-99b0-48ec88aa2936 None None] Created lookup_table index Logical_Switch.name {{(pid=121499) autocreate_indices /usr/local/lib/python3.8/dist-packages/ovsdbapp/backend/ovs_idl/__init__.py:85}}
Aug 23 14:00:51 ubuntu neutron-server[121282]: DEBUG ovsdbapp.backend.ovs_idl.event [-] Matched CREATE: NeutronPgDropPortGroupCreated(events=('create',), table='Port_Group', conditions=(('name', '=', 'neutron_pg_drop'),), old_conditions=None), priority=10 to row=Port_Group(name=neutron_pg_drop, ports=[], external_ids={}, acls=[<ovs.db.idl.Row object at 0x7f0d7516fbe0>, <ovs.db.idl.Row object at 0x7f0d7516c490>]) old= {{(pid=121282) matches /usr/local/lib/python3.8/dist-packages/ovsdbapp/backend/ovs_idl/event.py:43}}
Aug 23 14:00:51 ubuntu neutron-server[121499]: DEBUG ovsdbapp.backend.ovs_idl [None req-24761374-55cc-41c9-99b0-48ec88aa2936 None None] Created lookup_table index Logical_Router.name {{(pid=121499) autocreate_indices /usr/local/lib/python3.8/dist-packages/ovsdbapp/backend/ovs_idl/__init__.py:85}}
Aug 23 14:00:51 ubuntu neutron-server[121499]: DEBUG ovsdbapp.backend.ovs_idl [None req-24761374-55cc-41c9-99b0-48ec88aa2936 None None] Created lookup_table index Load_Balancer.name {{(pid=121499) autocreate_indices /usr/local/lib/python3.8/dist-packages/ovsdbapp/backend/ovs_idl/__init__.py:85}}
Aug 23 14:00:51 ubuntu neutron-server[121499]: DEBUG ovsdbapp.backend.ovs_idl [None req-24761374-55cc-41c9-99b0-48ec88aa2936 None None] Created schema index Meter.name {{(pid=121499) autocreate_indices /usr/local/lib/python3.8/dist-packages/ovsdbapp/backend/ovs_idl/__init__.py:104}}
Aug 23 14:00:51 ubuntu neutron-server[121499]: DEBUG ovsdbapp.backend.ovs_idl [None req-24761374-55cc-41c9-99b0-48ec88aa2936 None None] Created schema index Address_Set.name {{(pid=121499) autocreate_indices /usr/local/lib/python3.8/dist-packages/ovsdbapp/backend/ovs_idl/__init__.py:104}}
Aug 23 14:00:51 ubuntu neutron-server[121499]: DEBUG ovsdbapp.backend.ovs_idl [None req-24761374-55cc-41c9-99b0-48ec88aa2936 None None] Created schema index HA_Chassis_Group.name {{(pid=121499) autocreate_indices /usr/local/lib/python3.8/dist-packages/ovsdbapp/backend/ovs_idl/__init__.py:104}}
Aug 23 14:00:51 ubuntu neutron-server[121499]: DEBUG ovsdbapp.backend.ovs_idl [None req-24761374-55cc-41c9-99b0-48ec88aa2936 None None] Created schema index Connection.target {{(pid=121499) autocreate_indices /usr/local/lib/python3.8/dist-packages/ovsdbapp/backend/ovs_idl/__init__.py:104}}
Aug 23 14:00:51 ubuntu neutron-server[121499]: DEBUG ovsdbapp.backend.ovs_idl [None req-24761374-55cc-41c9-99b0-48ec88aa2936 None None] Created schema index Gateway_Chassis.name {{(pid=121499) autocreate_indices /usr/local/lib/python3.8/dist-packages/ovsdbapp/backend/ovs_idl/__init__.py:104}}
Aug 23 14:00:51 ubuntu neutron-server[121499]: DEBUG ovsdbapp.backend.ovs_idl [None req-24761374-55cc-41c9-99b0-48ec88aa2936 None None] Created schema index Logical_Router_Port.name {{(pid=121499) autocreate_indices /usr/local/lib/python3.8/dist-packages/ovsdbapp/backend/ovs_idl/__init__.py:104}}
Aug 23 14:00:51 ubuntu neutron-server[121499]: DEBUG ovsdbapp.backend.ovs_idl [None req-24761374-55cc-41c9-99b0-48ec88aa2936 None None] Created schema index Port_Group.name {{(pid=121499) autocreate_indices /usr/local/lib/python3.8/dist-packages/ovsdbapp/backend/ovs_idl/__init__.py:104}}
Aug 23 14:00:51 ubuntu neutron-server[121499]: DEBUG ovsdbapp.backend.ovs_idl [None req-24761374-55cc-41c9-99b0-48ec88aa2936 None None] Created schema index Logical_Switch_Port.name {{(pid=121499) autocreate_indices /usr/local/lib/python3.8/dist-packages/ovsdbapp/backend/ovs_idl/__init__.py:104}}
Aug 23 14:00:51 ubuntu neutron-server[121499]: INFO ovsdbapp.backend.ovs_idl.vlog [None req-24761374-55cc-41c9-99b0-48ec88aa2936 None None] tcp:192.168.79.37:6641: connecting...
Aug 23 14:00:51 ubuntu neutron-server[121499]: INFO ovsdbapp.backend.ovs_idl.vlog [None req-24761374-55cc-41c9-99b0-48ec88aa2936 None None] tcp:192.168.79.37:6641: connected
Aug 23 14:00:51 ubuntu neutron-server[121500]: DEBUG ovsdbapp.backend.ovs_idl [None req-c13dec75-e6db-4793-92a6-361c6795b961 None None] Created lookup_table index Logical_Switch.name {{(pid=121500) autocreate_indices /usr/local/lib/python3.8/dist-packages/ovsdbapp/backend/ovs_idl/__init__.py:85}}
Aug 23 14:00:51 ubuntu neutron-server[121500]: DEBUG ovsdbapp.backend.ovs_idl [None req-c13dec75-e6db-4793-92a6-361c6795b961 None None] Created lookup_table index Logical_Router.name {{(pid=121500) autocreate_indices /usr/local/lib/python3.8/dist-packages/ovsdbapp/backend/ovs_idl/__init__.py:85}}
Aug 23 14:00:51 ubuntu neutron-server[121500]: DEBUG ovsdbapp.backend.ovs_idl [None req-c13dec75-e6db-4793-92a6-361c6795b961 None None] Created lookup_table index Load_Balancer.name {{(pid=121500) autocreate_indices /usr/local/lib/python3.8/dist-packages/ovsdbapp/backend/ovs_idl/__init__.py:85}}
Aug 23 14:00:51 ubuntu neutron-server[121500]: DEBUG ovsdbapp.backend.ovs_idl [None req-c13dec75-e6db-4793-92a6-361c6795b961 None None] Created schema index Meter.name {{(pid=121500) autocreate_indices /usr/local/lib/python3.8/dist-packages/ovsdbapp/backend/ovs_idl/__init__.py:104}}
Aug 23 14:00:51 ubuntu neutron-server[121500]: DEBUG ovsdbapp.backend.ovs_idl [None req-c13dec75-e6db-4793-92a6-361c6795b961 None None] Created schema index Address_Set.name {{(pid=121500) autocreate_indices /usr/local/lib/python3.8/dist-packages/ovsdbapp/backend/ovs_idl/__init__.py:104}}
Aug 23 14:00:51 ubuntu neutron-server[121500]: DEBUG ovsdbapp.backend.ovs_idl [None req-c13dec75-e6db-4793-92a6-361c6795b961 None None] Created schema index HA_Chassis_Group.name {{(pid=121500) autocreate_indices /usr/local/lib/python3.8/dist-packages/ovsdbapp/backend/ovs_idl/__init__.py:104}}
Aug 23 14:00:51 ubuntu neutron-server[121500]: DEBUG ovsdbapp.backend.ovs_idl [None req-c13dec75-e6db-4793-92a6-361c6795b961 None None] Created schema index Connection.target {{(pid=121500) autocreate_indices /usr/local/lib/python3.8/dist-packages/ovsdbapp/backend/ovs_idl/__init__.py:104}}
Aug 23 14:00:51 ubuntu neutron-server[121500]: DEBUG ovsdbapp.backend.ovs_idl [None req-c13dec75-e6db-4793-92a6-361c6795b961 None None] Created schema index Gateway_Chassis.name {{(pid=121500) autocreate_indices /usr/local/lib/python3.8/dist-packages/ovsdbapp/backend/ovs_idl/__init__.py:104}}
Aug 23 14:00:51 ubuntu neutron-server[121500]: DEBUG ovsdbapp.backend.ovs_idl [None req-c13dec75-e6db-4793-92a6-361c6795b961 None None] Created schema index Logical_Router_Port.name {{(pid=121500) autocreate_indices /usr/local/lib/python3.8/dist-packages/ovsdbapp/backend/ovs_idl/__init__.py:104}}
Aug 23 14:00:51 ubuntu neutron-server[121500]: DEBUG ovsdbapp.backend.ovs_idl [None req-c13dec75-e6db-4793-92a6-361c6795b961 None None] Created schema index Port_Group.name {{(pid=121500) autocreate_indices /usr/local/lib/python3.8/dist-packages/ovsdbapp/backend/ovs_idl/__init__.py:104}}
Aug 23 14:00:51 ubuntu neutron-server[121500]: DEBUG ovsdbapp.backend.ovs_idl [None req-c13dec75-e6db-4793-92a6-361c6795b961 None None] Created schema index Logical_Switch_Port.name {{(pid=121500) autocreate_indices /usr/local/lib/python3.8/dist-packages/ovsdbapp/backend/ovs_idl/__init__.py:104}}
Aug 23 14:00:51 ubuntu neutron-server[121500]: INFO ovsdbapp.backend.ovs_idl.vlog [None req-c13dec75-e6db-4793-92a6-361c6795b961 None None] tcp:192.168.79.37:6641: connecting...
Aug 23 14:00:51 ubuntu neutron-server[121500]: INFO ovsdbapp.backend.ovs_idl.vlog [None req-c13dec75-e6db-4793-92a6-361c6795b961 None None] tcp:192.168.79.37:6641: connected
Aug 23 14:00:51 ubuntu neutron-server[121500]: DEBUG neutron.common.ovn.hash_ring_manager [None req-c13dec75-e6db-4793-92a6-361c6795b961 None None] Allow caching, nodes 2>=2 {{(pid=121500) _wait_startup_before_caching /opt/stack/neutron/neutron/common/ovn/hash_ring_manager.py:60}}
Aug 23 14:00:51 ubuntu neutron-server[121499]: DEBUG neutron.common.ovn.hash_ring_manager [None req-24761374-55cc-41c9-99b0-48ec88aa2936 None None] Allow caching, nodes 2>=2 {{(pid=121499) _wait_startup_before_caching /opt/stack/neutron/neutron/common/ovn/hash_ring_manager.py:60}}
Aug 23 14:00:51 ubuntu neutron-server[121500]: DEBUG neutron.plugins.ml2.drivers.ovn.mech_driver.ovsdb.ovsdb_monitor [None req-c13dec75-e6db-4793-92a6-361c6795b961 None None] Hash Ring: Node 32feda92-b88a-43a1-91bd-3ba773ca42c2 (host: ubuntu) handling event "create" for row b5094126-e250-42e6-9d00-78ac7a9c1167 (table: Database) {{(pid=121500) notify /opt/stack/neutron/neutron/plugins/ml2/drivers/ovn/mech_driver/ovsdb/ovsdb_monitor.py:743}}
Aug 23 14:00:51 ubuntu neutron-server[121499]: DEBUG neutron.plugins.ml2.drivers.ovn.mech_driver.ovsdb.ovsdb_monitor [None req-24761374-55cc-41c9-99b0-48ec88aa2936 None None] Hash Ring: Node 2ff3c7b8-1405-47b4-b728-e1489f6a3a9a (host: ubuntu) handling event "create" for row 8d059699-cd6b-41d3-9e09-cccc876e0245 (table: Database) {{(pid=121499) notify /opt/stack/neutron/neutron/plugins/ml2/drivers/ovn/mech_driver/ovsdb/ovsdb_monitor.py:743}}
Aug 23 14:00:51 ubuntu neutron-server[121500]: DEBUG neutron.plugins.ml2.drivers.ovn.mech_driver.ovsdb.ovsdb_monitor [None req-c13dec75-e6db-4793-92a6-361c6795b961 None None] Hash Ring: Node 32feda92-b88a-43a1-91bd-3ba773ca42c2 (host: ubuntu) handling event "create" for row 68da58c4-eabd-4b21-93de-058472f1a948 (table: ACL) {{(pid=121500) notify /opt/stack/neutron/neutron/plugins/ml2/drivers/ovn/mech_driver/ovsdb/ovsdb_monitor.py:743}}
Aug 23 14:00:51 ubuntu neutron-server[121499]: DEBUG neutron.plugins.ml2.drivers.ovn.mech_driver.ovsdb.ovsdb_monitor [None req-24761374-55cc-41c9-99b0-48ec88aa2936 None None] Hash Ring: Node 2ff3c7b8-1405-47b4-b728-e1489f6a3a9a (host: ubuntu) handling event "create" for row fef8f331-fb0c-4aeb-b2af-f312201d5e59 (table: Port_Group) {{(pid=121499) notify /opt/stack/neutron/neutron/plugins/ml2/drivers/ovn/mech_driver/ovsdb/ovsdb_monitor.py:743}}
Aug 23 14:00:51 ubuntu neutron-server[121282]: DEBUG ovsdbapp.backend.ovs_idl [None req-07f36ff9-ec4e-4b11-ba1d-69190349b3a1 None None] Created lookup_table index Logical_Switch.name {{(pid=121282) autocreate_indices /usr/local/lib/python3.8/dist-packages/ovsdbapp/backend/ovs_idl/__init__.py:85}}
Aug 23 14:00:51 ubuntu neutron-server[121282]: DEBUG ovsdbapp.backend.ovs_idl [None req-07f36ff9-ec4e-4b11-ba1d-69190349b3a1 None None] Created lookup_table index Logical_Router.name {{(pid=121282) autocreate_indices /usr/local/lib/python3.8/dist-packages/ovsdbapp/backend/ovs_idl/__init__.py:85}}
Aug 23 14:00:51 ubuntu neutron-server[121282]: DEBUG ovsdbapp.backend.ovs_idl [None req-07f36ff9-ec4e-4b11-ba1d-69190349b3a1 None None] Created lookup_table index Load_Balancer.name {{(pid=121282) autocreate_indices /usr/local/lib/python3.8/dist-packages/ovsdbapp/backend/ovs_idl/__init__.py:85}}
Aug 23 14:00:51 ubuntu neutron-server[121499]: DEBUG neutron.plugins.ml2.drivers.ovn.mech_driver.ovsdb.ovsdb_monitor [None req-24761374-55cc-41c9-99b0-48ec88aa2936 None None] Hash Ring: Node 2ff3c7b8-1405-47b4-b728-e1489f6a3a9a (host: ubuntu) handling event "create" for row 6d16ab34-e88f-4ea9-85a0-1e0b6cebffcc (table: NB_Global) {{(pid=121499) notify /opt/stack/neutron/neutron/plugins/ml2/drivers/ovn/mech_driver/ovsdb/ovsdb_monitor.py:743}}
Aug 23 14:00:51 ubuntu neutron-server[121282]: DEBUG ovsdbapp.backend.ovs_idl [None req-07f36ff9-ec4e-4b11-ba1d-69190349b3a1 None None] Created schema index Meter.name {{(pid=121282) autocreate_indices /usr/local/lib/python3.8/dist-packages/ovsdbapp/backend/ovs_idl/__init__.py:104}}
Aug 23 14:00:51 ubuntu neutron-server[121282]: DEBUG ovsdbapp.backend.ovs_idl [None req-07f36ff9-ec4e-4b11-ba1d-69190349b3a1 None None] Created schema index Address_Set.name {{(pid=121282) autocreate_indices /usr/local/lib/python3.8/dist-packages/ovsdbapp/backend/ovs_idl/__init__.py:104}}
Aug 23 14:00:51 ubuntu neutron-server[121282]: DEBUG ovsdbapp.backend.ovs_idl [None req-07f36ff9-ec4e-4b11-ba1d-69190349b3a1 None None] Created schema index HA_Chassis_Group.name {{(pid=121282) autocreate_indices /usr/local/lib/python3.8/dist-packages/ovsdbapp/backend/ovs_idl/__init__.py:104}}
Aug 23 14:00:51 ubuntu neutron-server[121282]: DEBUG ovsdbapp.backend.ovs_idl [None req-07f36ff9-ec4e-4b11-ba1d-69190349b3a1 None None] Created schema index Connection.target {{(pid=121282) autocreate_indices /usr/local/lib/python3.8/dist-packages/ovsdbapp/backend/ovs_idl/__init__.py:104}}
Aug 23 14:00:51 ubuntu neutron-server[121282]: DEBUG ovsdbapp.backend.ovs_idl [None req-07f36ff9-ec4e-4b11-ba1d-69190349b3a1 None None] Created schema index Gateway_Chassis.name {{(pid=121282) autocreate_indices /usr/local/lib/python3.8/dist-packages/ovsdbapp/backend/ovs_idl/__init__.py:104}}
Aug 23 14:00:51 ubuntu neutron-server[121499]: DEBUG neutron.plugins.ml2.drivers.ovn.mech_driver.ovsdb.ovsdb_monitor [None req-24761374-55cc-41c9-99b0-48ec88aa2936 None None] Hash Ring: Node 2ff3c7b8-1405-47b4-b728-e1489f6a3a9a (host: ubuntu) handling event "create" for row b20ec38e-9687-45fd-b0e7-cd2e6476ffe0 (table: ACL) {{(pid=121499) notify /opt/stack/neutron/neutron/plugins/ml2/drivers/ovn/mech_driver/ovsdb/ovsdb_monitor.py:743}}
Aug 23 14:00:51 ubuntu neutron-server[121282]: DEBUG ovsdbapp.backend.ovs_idl [None req-07f36ff9-ec4e-4b11-ba1d-69190349b3a1 None None] Created schema index Logical_Router_Port.name {{(pid=121282) autocreate_indices /usr/local/lib/python3.8/dist-packages/ovsdbapp/backend/ovs_idl/__init__.py:104}}
Aug 23 14:00:51 ubuntu neutron-server[121282]: DEBUG ovsdbapp.backend.ovs_idl [None req-07f36ff9-ec4e-4b11-ba1d-69190349b3a1 None None] Created schema index Port_Group.name {{(pid=121282) autocreate_indices /usr/local/lib/python3.8/dist-packages/ovsdbapp/backend/ovs_idl/__init__.py:104}}
Aug 23 14:00:51 ubuntu neutron-server[121282]: DEBUG ovsdbapp.backend.ovs_idl [None req-07f36ff9-ec4e-4b11-ba1d-69190349b3a1 None None] Created schema index Logical_Switch_Port.name {{(pid=121282) autocreate_indices /usr/local/lib/python3.8/dist-packages/ovsdbapp/backend/ovs_idl/__init__.py:104}}
Aug 23 14:00:51 ubuntu neutron-server[121499]: DEBUG neutron.plugins.ml2.drivers.ovn.mech_driver.ovsdb.ovsdb_monitor [None req-24761374-55cc-41c9-99b0-48ec88aa2936 None None] Hash Ring: Node 2ff3c7b8-1405-47b4-b728-e1489f6a3a9a (host: ubuntu) handling event "create" for row 26139a9c-50b9-4caf-8bef-8177efd206ee (table: Connection) {{(pid=121499) notify /opt/stack/neutron/neutron/plugins/ml2/drivers/ovn/mech_driver/ovsdb/ovsdb_monitor.py:743}}
Aug 23 14:00:51 ubuntu neutron-server[121500]: INFO neutron.plugins.ml2.drivers.ovn.mech_driver.ovsdb.impl_idl_ovn [None req-c13dec75-e6db-4793-92a6-361c6795b961 None None] Getting OvsdbSbOvnIdl for WorkerService with retry
Aug 23 14:00:51 ubuntu neutron-server[121499]: INFO neutron.plugins.ml2.drivers.ovn.mech_driver.ovsdb.impl_idl_ovn [None req-24761374-55cc-41c9-99b0-48ec88aa2936 None None] Getting OvsdbSbOvnIdl for WorkerService with retry
Aug 23 14:00:51 ubuntu neutron-server[121500]: DEBUG ovsdbapp.backend.ovs_idl [None req-c13dec75-e6db-4793-92a6-361c6795b961 None None] Created lookup_table index Chassis.name {{(pid=121500) autocreate_indices /usr/local/lib/python3.8/dist-packages/ovsdbapp/backend/ovs_idl/__init__.py:85}}
Aug 23 14:00:51 ubuntu neutron-server[121500]: DEBUG ovsdbapp.backend.ovs_idl [None req-c13dec75-e6db-4793-92a6-361c6795b961 None None] Created schema index Datapath_Binding.tunnel_key {{(pid=121500) autocreate_indices /usr/local/lib/python3.8/dist-packages/ovsdbapp/backend/ovs_idl/__init__.py:104}}
Aug 23 14:00:51 ubuntu neutron-server[121499]: DEBUG ovsdbapp.backend.ovs_idl [None req-24761374-55cc-41c9-99b0-48ec88aa2936 None None] Created lookup_table index Chassis.name {{(pid=121499) autocreate_indices /usr/local/lib/python3.8/dist-packages/ovsdbapp/backend/ovs_idl/__init__.py:85}}
Aug 23 14:00:51 ubuntu neutron-server[121499]: DEBUG ovsdbapp.backend.ovs_idl [None req-24761374-55cc-41c9-99b0-48ec88aa2936 None None] Created schema index Datapath_Binding.tunnel_key {{(pid=121499) autocreate_indices /usr/local/lib/python3.8/dist-packages/ovsdbapp/backend/ovs_idl/__init__.py:104}}
Aug 23 14:00:51 ubuntu neutron-server[121499]: DEBUG ovsdbapp.backend.ovs_idl [None req-24761374-55cc-41c9-99b0-48ec88aa2936 None None] Created schema index Connection.target {{(pid=121499) autocreate_indices /usr/local/lib/python3.8/dist-packages/ovsdbapp/backend/ovs_idl/__init__.py:104}}
Aug 23 14:00:51 ubuntu neutron-server[121499]: INFO ovsdbapp.backend.ovs_idl.vlog [None req-24761374-55cc-41c9-99b0-48ec88aa2936 None None] tcp:192.168.79.37:6642: connecting...
Aug 23 14:00:51 ubuntu neutron-server[121500]: DEBUG ovsdbapp.backend.ovs_idl [None req-c13dec75-e6db-4793-92a6-361c6795b961 None None] Created schema index Connection.target {{(pid=121500) autocreate_indices /usr/local/lib/python3.8/dist-packages/ovsdbapp/backend/ovs_idl/__init__.py:104}}
Aug 23 14:00:51 ubuntu neutron-server[121499]: INFO ovsdbapp.backend.ovs_idl.vlog [None req-24761374-55cc-41c9-99b0-48ec88aa2936 None None] tcp:192.168.79.37:6642: connected
Aug 23 14:00:51 ubuntu neutron-server[121500]: INFO ovsdbapp.backend.ovs_idl.vlog [None req-c13dec75-e6db-4793-92a6-361c6795b961 None None] tcp:192.168.79.37:6642: connecting...
Aug 23 14:00:51 ubuntu neutron-server[121500]: INFO ovsdbapp.backend.ovs_idl.vlog [None req-c13dec75-e6db-4793-92a6-361c6795b961 None None] tcp:192.168.79.37:6642: connected
Aug 23 14:00:52 ubuntu neutron-server[121282]: DEBUG ovsdbapp.backend.ovs_idl [None req-07f36ff9-ec4e-4b11-ba1d-69190349b3a1 None None] Created lookup_table index Chassis.name {{(pid=121282) autocreate_indices /usr/local/lib/python3.8/dist-packages/ovsdbapp/backend/ovs_idl/__init__.py:85}}
Aug 23 14:00:52 ubuntu neutron-server[121282]: DEBUG ovsdbapp.backend.ovs_idl [None req-07f36ff9-ec4e-4b11-ba1d-69190349b3a1 None None] Created lookup_table index MAC_Binding.ip {{(pid=121282) autocreate_indices /usr/local/lib/python3.8/dist-packages/ovsdbapp/backend/ovs_idl/__init__.py:85}}
Aug 23 14:00:52 ubuntu neutron-server[121282]: DEBUG ovsdbapp.backend.ovs_idl [None req-07f36ff9-ec4e-4b11-ba1d-69190349b3a1 None None] Created schema index Meter.name {{(pid=121282) autocreate_indices /usr/local/lib/python3.8/dist-packages/ovsdbapp/backend/ovs_idl/__init__.py:104}}
Aug 23 14:00:52 ubuntu neutron-server[121282]: DEBUG ovsdbapp.backend.ovs_idl [None req-07f36ff9-ec4e-4b11-ba1d-69190349b3a1 None None] Created schema index Address_Set.name {{(pid=121282) autocreate_indices /usr/local/lib/python3.8/dist-packages/ovsdbapp/backend/ovs_idl/__init__.py:104}}
Aug 23 14:00:52 ubuntu neutron-server[121282]: DEBUG ovsdbapp.backend.ovs_idl [None req-07f36ff9-ec4e-4b11-ba1d-69190349b3a1 None None] Created schema index HA_Chassis_Group.name {{(pid=121282) autocreate_indices /usr/local/lib/python3.8/dist-packages/ovsdbapp/backend/ovs_idl/__init__.py:104}}
Aug 23 14:00:52 ubuntu neutron-server[121282]: DEBUG ovsdbapp.backend.ovs_idl [None req-07f36ff9-ec4e-4b11-ba1d-69190349b3a1 None None] Created schema index IP_Multicast.datapath {{(pid=121282) autocreate_indices /usr/local/lib/python3.8/dist-packages/ovsdbapp/backend/ovs_idl/__init__.py:104}}
Aug 23 14:00:52 ubuntu neutron-server[121282]: DEBUG ovsdbapp.backend.ovs_idl [None req-07f36ff9-ec4e-4b11-ba1d-69190349b3a1 None None] Created schema index Connection.target {{(pid=121282) autocreate_indices /usr/local/lib/python3.8/dist-packages/ovsdbapp/backend/ovs_idl/__init__.py:104}}
Aug 23 14:00:52 ubuntu neutron-server[121282]: DEBUG ovsdbapp.backend.ovs_idl [None req-07f36ff9-ec4e-4b11-ba1d-69190349b3a1 None None] Created schema index Gateway_Chassis.name {{(pid=121282) autocreate_indices /usr/local/lib/python3.8/dist-packages/ovsdbapp/backend/ovs_idl/__init__.py:104}}
Aug 23 14:00:52 ubuntu neutron-server[121282]: DEBUG ovsdbapp.backend.ovs_idl [None req-07f36ff9-ec4e-4b11-ba1d-69190349b3a1 None None] Created schema index Port_Group.name {{(pid=121282) autocreate_indices /usr/local/lib/python3.8/dist-packages/ovsdbapp/backend/ovs_idl/__init__.py:104}}
Aug 23 14:00:52 ubuntu neutron-server[121282]: DEBUG ovsdbapp.backend.ovs_idl [None req-07f36ff9-ec4e-4b11-ba1d-69190349b3a1 None None] Created schema index Datapath_Binding.tunnel_key {{(pid=121282) autocreate_indices /usr/local/lib/python3.8/dist-packages/ovsdbapp/backend/ovs_idl/__init__.py:104}}
Aug 23 14:00:52 ubuntu neutron-server[121499]: DEBUG neutron.common.ovn.hash_ring_manager [None req-24761374-55cc-41c9-99b0-48ec88aa2936 None None] Allow caching, nodes 2>=2 {{(pid=121499) _wait_startup_before_caching /opt/stack/neutron/neutron/common/ovn/hash_ring_manager.py:60}}
Aug 23 14:00:52 ubuntu neutron-server[121500]: DEBUG neutron.common.ovn.hash_ring_manager [None req-c13dec75-e6db-4793-92a6-361c6795b961 None None] Allow caching, nodes 2>=2 {{(pid=121500) _wait_startup_before_caching /opt/stack/neutron/neutron/common/ovn/hash_ring_manager.py:60}}
Aug 23 14:00:52 ubuntu neutron-server[121500]: DEBUG neutron.plugins.ml2.drivers.ovn.mech_driver.ovsdb.ovsdb_monitor [None req-c13dec75-e6db-4793-92a6-361c6795b961 None None] Hash Ring: Node 32feda92-b88a-43a1-91bd-3ba773ca42c2 (host: ubuntu) handling event "create" for row 2345b407-aec0-466f-8490-4b23a6f2ed69 (table: Database) {{(pid=121500) notify /opt/stack/neutron/neutron/plugins/ml2/drivers/ovn/mech_driver/ovsdb/ovsdb_monitor.py:743}}
Aug 23 14:00:52 ubuntu neutron-server[121500]: DEBUG neutron.plugins.ml2.drivers.ovn.mech_driver.ovsdb.ovsdb_monitor [None req-c13dec75-e6db-4793-92a6-361c6795b961 None None] Hash Ring: Node 32feda92-b88a-43a1-91bd-3ba773ca42c2 (host: ubuntu) handling event "create" for row e4cc6ea6-0f1c-419e-b2ce-f2cef5d0ed14 (table: Encap) {{(pid=121500) notify /opt/stack/neutron/neutron/plugins/ml2/drivers/ovn/mech_driver/ovsdb/ovsdb_monitor.py:743}}
Aug 23 14:00:52 ubuntu neutron-server[121500]: DEBUG neutron.plugins.ml2.drivers.ovn.mech_driver.ovsdb.ovsdb_monitor [None req-c13dec75-e6db-4793-92a6-361c6795b961 None None] ChassisMetadataAgentWriteEvent : Matched Chassis, create, None None {{(pid=121500) matches /opt/stack/neutron/neutron/plugins/ml2/drivers/ovn/mech_driver/ovsdb/ovsdb_monitor.py:62}}
Aug 23 14:00:52 ubuntu neutron-server[121500]: DEBUG neutron.plugins.ml2.drivers.ovn.mech_driver.ovsdb.ovsdb_monitor [None req-c13dec75-e6db-4793-92a6-361c6795b961 None None] ChassisAgentWriteEvent : Matched Chassis, create, None None {{(pid=121500) matches /opt/stack/neutron/neutron/plugins/ml2/drivers/ovn/mech_driver/ovsdb/ovsdb_monitor.py:62}}
Aug 23 14:00:52 ubuntu neutron-server[121500]: DEBUG neutron.plugins.ml2.drivers.ovn.mech_driver.ovsdb.ovsdb_monitor [None req-c13dec75-e6db-4793-92a6-361c6795b961 None None] Hash Ring: Node 32feda92-b88a-43a1-91bd-3ba773ca42c2 (host: ubuntu) handling event "create" for row caf1f5a0-e431-425d-ac83-5fbd75c74dbd (table: Connection) {{(pid=121500) notify /opt/stack/neutron/neutron/plugins/ml2/drivers/ovn/mech_driver/ovsdb/ovsdb_monitor.py:743}}
Aug 23 14:00:52 ubuntu neutron-server[121499]: DEBUG neutron.plugins.ml2.drivers.ovn.mech_driver.ovsdb.ovsdb_monitor [None req-24761374-55cc-41c9-99b0-48ec88aa2936 None None] Hash Ring: Node 2ff3c7b8-1405-47b4-b728-e1489f6a3a9a (host: ubuntu) handling event "create" for row 24dfa2b4-4eff-4da7-8887-2639ad6437f3 (table: Database) {{(pid=121499) notify /opt/stack/neutron/neutron/plugins/ml2/drivers/ovn/mech_driver/ovsdb/ovsdb_monitor.py:743}}
Aug 23 14:00:52 ubuntu neutron-server[121500]: INFO neutron.wsgi [-] (121500) wsgi starting up on http://0.0.0.0:9696
Aug 23 14:00:52 ubuntu neutron-server[121500]: DEBUG neutron.wsgi [-] (121500) accepted ('192.168.79.37', 44260) {{(pid=121500) server /usr/local/lib/python3.8/dist-packages/eventlet/wsgi.py:1004}}
Aug 23 14:00:52 ubuntu neutron-server[121499]: DEBUG neutron.plugins.ml2.drivers.ovn.mech_driver.ovsdb.ovsdb_monitor [None req-24761374-55cc-41c9-99b0-48ec88aa2936 None None] ChassisMetadataAgentWriteEvent : Matched Chassis, create, None None {{(pid=121499) matches /opt/stack/neutron/neutron/plugins/ml2/drivers/ovn/mech_driver/ovsdb/ovsdb_monitor.py:62}}
Aug 23 14:00:52 ubuntu neutron-server[121499]: DEBUG neutron.plugins.ml2.drivers.ovn.mech_driver.ovsdb.ovsdb_monitor [None req-24761374-55cc-41c9-99b0-48ec88aa2936 None None] ChassisAgentWriteEvent : Matched Chassis, create, None None {{(pid=121499) matches /opt/stack/neutron/neutron/plugins/ml2/drivers/ovn/mech_driver/ovsdb/ovsdb_monitor.py:62}}
Aug 23 14:00:52 ubuntu neutron-server[121499]: DEBUG neutron.plugins.ml2.drivers.ovn.mech_driver.ovsdb.ovsdb_monitor [None req-24761374-55cc-41c9-99b0-48ec88aa2936 None None] Hash Ring: Node 2ff3c7b8-1405-47b4-b728-e1489f6a3a9a (host: ubuntu) handling event "create" for row 326a3e6e-f3d1-49a6-86fa-400abbb086c9 (table: Chassis) {{(pid=121499) notify /opt/stack/neutron/neutron/plugins/ml2/drivers/ovn/mech_driver/ovsdb/ovsdb_monitor.py:743}}
Aug 23 14:00:52 ubuntu neutron-server[121499]: INFO neutron.wsgi [-] (121499) wsgi starting up on http://0.0.0.0:9696
Aug 23 14:00:52 ubuntu neutron-server[121282]: INFO oslo_service.service [None req-07f36ff9-ec4e-4b11-ba1d-69190349b3a1 None None] Starting 1 workers
Aug 23 14:00:52 ubuntu neutron-server[121500]: INFO neutron.wsgi [-] 192.168.79.37 "GET /networking HTTP/1.1" status: 302  len: 450 time: 0.0065858
Aug 23 14:00:52 ubuntu neutron-server[121282]: DEBUG oslo_service.service [None req-07f36ff9-ec4e-4b11-ba1d-69190349b3a1 None None] Started child 121504 {{(pid=121282) _start_child /usr/local/lib/python3.8/dist-packages/oslo_service/service.py:575}}
Aug 23 14:00:52 ubuntu neutron-server[121500]: INFO neutron.wsgi [-] 192.168.79.37 "GET /networking/ HTTP/1.1" status: 200  len: 266 time: 0.0029514
Aug 23 14:00:52 ubuntu neutron-server[121282]: INFO oslo_service.service [None req-07f36ff9-ec4e-4b11-ba1d-69190349b3a1 None None] Starting 1 workers
