Nov 14 16:26:19 ubuntu neutron-server[131607]: DEBUG oslo_service.service [-] dhcp_lease_duration            = 86400 {{(pid=131607) log_opt_values /usr/local/lib/python3.8/dist-packages/oslo_config/cfg.py:2602}}
Nov 14 16:26:19 ubuntu neutron-server[131607]: DEBUG oslo_service.service [-] dhcp_load_type                 = networks {{(pid=131607) log_opt_values /usr/local/lib/python3.8/dist-packages/oslo_config/cfg.py:2602}}
Nov 14 16:26:19 ubuntu neutron-server[131607]: DEBUG oslo_service.service [-] dns_domain                     = openstacklocal {{(pid=131607) log_opt_values /usr/local/lib/python3.8/dist-packages/oslo_config/cfg.py:2602}}
Nov 14 16:26:19 ubuntu neutron-server[131607]: DEBUG oslo_service.service [-] dvr_base_mac                   = fa:16:3f:00:00:00 {{(pid=131607) log_opt_values /usr/local/lib/python3.8/dist-packages/oslo_config/cfg.py:2602}}
Nov 14 16:26:19 ubuntu neutron-server[131607]: DEBUG oslo_service.service [-] enable_dvr                     = True {{(pid=131607) log_opt_values /usr/local/lib/python3.8/dist-packages/oslo_config/cfg.py:2602}}
Nov 14 16:26:19 ubuntu neutron-server[131607]: DEBUG oslo_service.service [-] enable_new_agents              = True {{(pid=131607) log_opt_values /usr/local/lib/python3.8/dist-packages/oslo_config/cfg.py:2602}}
Nov 14 16:26:19 ubuntu neutron-server[131607]: DEBUG oslo_service.service [-] enable_services_on_agents_with_admin_state_down = False {{(pid=131607) log_opt_values /usr/local/lib/python3.8/dist-packages/oslo_config/cfg.py:2602}}
Nov 14 16:26:19 ubuntu neutron-server[131607]: DEBUG oslo_service.service [-] enable_snat_by_default         = True {{(pid=131607) log_opt_values /usr/local/lib/python3.8/dist-packages/oslo_config/cfg.py:2602}}
Nov 14 16:26:19 ubuntu neutron-server[131607]: DEBUG oslo_service.service [-] enable_traditional_dhcp        = True {{(pid=131607) log_opt_values /usr/local/lib/python3.8/dist-packages/oslo_config/cfg.py:2602}}
Nov 14 16:26:19 ubuntu neutron-server[131607]: DEBUG oslo_service.service [-] external_dns_driver            = None {{(pid=131607) log_opt_values /usr/local/lib/python3.8/dist-packages/oslo_config/cfg.py:2602}}
Nov 14 16:26:19 ubuntu neutron-server[131607]: DEBUG oslo_service.service [-] filter_validation              = True {{(pid=131607) log_opt_values /usr/local/lib/python3.8/dist-packages/oslo_config/cfg.py:2602}}
Nov 14 16:26:19 ubuntu neutron-server[131607]: DEBUG oslo_service.service [-] global_physnet_mtu             = 1500 {{(pid=131607) log_opt_values /usr/local/lib/python3.8/dist-packages/oslo_config/cfg.py:2602}}
Nov 14 16:26:19 ubuntu neutron-server[131607]: DEBUG oslo_service.service [-] graceful_shutdown_timeout      = 60 {{(pid=131607) log_opt_values /usr/local/lib/python3.8/dist-packages/oslo_config/cfg.py:2602}}
Nov 14 16:26:19 ubuntu neutron-server[131831]: INFO neutron.plugins.ml2.drivers.ovn.mech_driver.ovsdb.impl_idl_ovn [-] Getting OvsdbSbOvnIdl for MaintenanceWorker with retry
Nov 14 16:26:19 ubuntu neutron-server[131607]: DEBUG oslo_service.service [-] host                           = ubuntu {{(pid=131607) log_opt_values /usr/local/lib/python3.8/dist-packages/oslo_config/cfg.py:2602}}
Nov 14 16:26:19 ubuntu neutron-server[131607]: DEBUG oslo_service.service [-] host_dvr_for_dhcp              = True {{(pid=131607) log_opt_values /usr/local/lib/python3.8/dist-packages/oslo_config/cfg.py:2602}}
Nov 14 16:26:19 ubuntu neutron-server[131607]: DEBUG oslo_service.service [-] http_retries                   = 3 {{(pid=131607) log_opt_values /usr/local/lib/python3.8/dist-packages/oslo_config/cfg.py:2602}}
Nov 14 16:26:19 ubuntu neutron-server[131607]: DEBUG oslo_service.service [-] instance_format                = [instance: %(uuid)s]  {{(pid=131607) log_opt_values /usr/local/lib/python3.8/dist-packages/oslo_config/cfg.py:2602}}
Nov 14 16:26:19 ubuntu neutron-server[131607]: DEBUG oslo_service.service [-] instance_uuid_format           = [instance: %(uuid)s]  {{(pid=131607) log_opt_values /usr/local/lib/python3.8/dist-packages/oslo_config/cfg.py:2602}}
Nov 14 16:26:19 ubuntu neutron-server[131607]: DEBUG oslo_service.service [-] ipam_driver                    = internal {{(pid=131607) log_opt_values /usr/local/lib/python3.8/dist-packages/oslo_config/cfg.py:2602}}
Nov 14 16:26:19 ubuntu neutron-server[131830]: DEBUG neutron.common.ovn.hash_ring_manager [None req-7eff6bc3-2ef5-4312-88b1-01e77f5384c5 None None] Disallow caching, nodes 1<2 {{(pid=131830) _wait_startup_before_caching /opt/stack/neutron/neutron/common/ovn/hash_ring_manager.py:70}}
Nov 14 16:26:19 ubuntu neutron-server[131828]: DEBUG neutron.plugins.ml2.drivers.ovn.mech_driver.ovsdb.ovsdb_monitor [None req-2ccd50cc-cae4-4369-a1cf-9d6b9c3ede06 None None] Hash Ring: Node fa3e5bf9-6a69-445d-802b-97cadf5a750d (host: ubuntu) handling event "create" for row 5a4533d8-6e8d-4c6c-a878-0aab89ad9cdd (table: Port_Group) {{(pid=131828) notify /opt/stack/neutron/neutron/plugins/ml2/drivers/ovn/mech_driver/ovsdb/ovsdb_monitor.py:748}}
Nov 14 16:26:19 ubuntu neutron-server[131607]: DEBUG oslo_service.service [-] ipv6_pd_enabled                = False {{(pid=131607) log_opt_values /usr/local/lib/python3.8/dist-packages/oslo_config/cfg.py:2602}}
Nov 14 16:26:19 ubuntu neutron-server[131607]: DEBUG oslo_service.service [-] l3_ha                          = False {{(pid=131607) log_opt_values /usr/local/lib/python3.8/dist-packages/oslo_config/cfg.py:2602}}
Nov 14 16:26:19 ubuntu neutron-server[131607]: DEBUG oslo_service.service [-] l3_ha_net_cidr                 = 169.254.192.0/18 {{(pid=131607) log_opt_values /usr/local/lib/python3.8/dist-packages/oslo_config/cfg.py:2602}}
Nov 14 16:26:19 ubuntu neutron-server[131607]: DEBUG oslo_service.service [-] l3_ha_network_physical_name    =  {{(pid=131607) log_opt_values /usr/local/lib/python3.8/dist-packages/oslo_config/cfg.py:2602}}
Nov 14 16:26:19 ubuntu neutron-server[131607]: DEBUG oslo_service.service [-] l3_ha_network_type             =  {{(pid=131607) log_opt_values /usr/local/lib/python3.8/dist-packages/oslo_config/cfg.py:2602}}
Nov 14 16:26:19 ubuntu neutron-server[131607]: DEBUG oslo_service.service [-] log_config_append              = None {{(pid=131607) log_opt_values /usr/local/lib/python3.8/dist-packages/oslo_config/cfg.py:2602}}
Nov 14 16:26:19 ubuntu neutron-server[131607]: DEBUG oslo_service.service [-] log_date_format                = %Y-%m-%d %H:%M:%S {{(pid=131607) log_opt_values /usr/local/lib/python3.8/dist-packages/oslo_config/cfg.py:2602}}
Nov 14 16:26:19 ubuntu neutron-server[131607]: DEBUG oslo_service.service [-] log_dir                        = None {{(pid=131607) log_opt_values /usr/local/lib/python3.8/dist-packages/oslo_config/cfg.py:2602}}
Nov 14 16:26:19 ubuntu neutron-server[131607]: DEBUG oslo_service.service [-] log_file                       = None {{(pid=131607) log_opt_values /usr/local/lib/python3.8/dist-packages/oslo_config/cfg.py:2602}}
Nov 14 16:26:19 ubuntu neutron-server[131607]: DEBUG oslo_service.service [-] log_options                    = True {{(pid=131607) log_opt_values /usr/local/lib/python3.8/dist-packages/oslo_config/cfg.py:2602}}
Nov 14 16:26:19 ubuntu neutron-server[131827]: DEBUG oslo_concurrency.lockutils [None req-eb355870-c43a-432b-aa7a-8be0edf4c76b None None] Lock "hash_ring_probe_lock" "released" by "neutron.plugins.ml2.drivers.ovn.mech_driver.mech_driver.OVNMechanismDriver._setup_hash_ring" :: held 0.084s {{(pid=131827) inner /usr/local/lib/python3.8/dist-packages/oslo_concurrency/lockutils.py:423}}
Nov 14 16:26:19 ubuntu neutron-server[131831]: DEBUG ovsdbapp.backend.ovs_idl [-] Created lookup_table index Chassis.name {{(pid=131831) autocreate_indices /usr/local/lib/python3.8/dist-packages/ovsdbapp/backend/ovs_idl/__init__.py:85}}
Nov 14 16:26:19 ubuntu neutron-server[131831]: DEBUG ovsdbapp.backend.ovs_idl [-] Created schema index Datapath_Binding.tunnel_key {{(pid=131831) autocreate_indices /usr/local/lib/python3.8/dist-packages/ovsdbapp/backend/ovs_idl/__init__.py:104}}
Nov 14 16:26:19 ubuntu neutron-server[131831]: INFO ovsdbapp.backend.ovs_idl.vlog [-] tcp:192.168.79.47:6642: connecting...
Nov 14 16:26:19 ubuntu neutron-server[131831]: INFO ovsdbapp.backend.ovs_idl.vlog [-] tcp:192.168.79.47:6642: connected
Nov 14 16:26:19 ubuntu neutron-server[131827]: INFO neutron.plugins.ml2.drivers.ovn.mech_driver.ovsdb.impl_idl_ovn [None req-eb355870-c43a-432b-aa7a-8be0edf4c76b None None] Getting OvsdbNbOvnIdl for WorkerService with retry
Nov 14 16:26:19 ubuntu neutron-server[131607]: DEBUG oslo_service.service [-] log_rotate_interval            = 1 {{(pid=131607) log_opt_values /usr/local/lib/python3.8/dist-packages/oslo_config/cfg.py:2602}}
Nov 14 16:26:19 ubuntu neutron-server[131607]: DEBUG oslo_service.service [-] log_rotate_interval_type       = days {{(pid=131607) log_opt_values /usr/local/lib/python3.8/dist-packages/oslo_config/cfg.py:2602}}
Nov 14 16:26:19 ubuntu neutron-server[131830]: DEBUG neutron.common.ovn.hash_ring_manager [None req-7eff6bc3-2ef5-4312-88b1-01e77f5384c5 None None] Allow caching, nodes 2>=2 {{(pid=131830) _wait_startup_before_caching /opt/stack/neutron/neutron/common/ovn/hash_ring_manager.py:63}}
Nov 14 16:26:19 ubuntu neutron-server[131607]: DEBUG oslo_service.service [-] log_rotation_type              = none {{(pid=131607) log_opt_values /usr/local/lib/python3.8/dist-packages/oslo_config/cfg.py:2602}}
Nov 14 16:26:19 ubuntu neutron-server[131607]: DEBUG oslo_service.service [-] logging_context_format_string  = %(color)s%(levelname)s %(name)s [%(global_request_id)s %(request_id)s %(project_name)s %(user_name)s%(color)s] %(instance)s%(color)s%(message)s {{(pid=131607) log_opt_values /usr/local/lib/python3.8/dist-packages/oslo_config/cfg.py:2602}}
Nov 14 16:26:19 ubuntu neutron-server[131607]: DEBUG oslo_service.service [-] logging_debug_format_suffix    = {{(pid=%(process)d) %(funcName)s %(pathname)s:%(lineno)d}} {{(pid=131607) log_opt_values /usr/local/lib/python3.8/dist-packages/oslo_config/cfg.py:2602}}
Nov 14 16:26:19 ubuntu neutron-server[131607]: DEBUG oslo_service.service [-] logging_default_format_string  = %(color)s%(levelname)s %(name)s [-%(color)s] %(instance)s%(color)s%(message)s {{(pid=131607) log_opt_values /usr/local/lib/python3.8/dist-packages/oslo_config/cfg.py:2602}}
Nov 14 16:26:19 ubuntu neutron-server[131607]: DEBUG oslo_service.service [-] logging_exception_prefix       = ERROR %(name)s %(instance)s {{(pid=131607) log_opt_values /usr/local/lib/python3.8/dist-packages/oslo_config/cfg.py:2602}}
Nov 14 16:26:19 ubuntu neutron-server[131607]: DEBUG oslo_service.service [-] logging_user_identity_format   = %(user)s %(project)s %(domain)s %(system_scope)s %(user_domain)s %(project_domain)s {{(pid=131607) log_opt_values /usr/local/lib/python3.8/dist-packages/oslo_config/cfg.py:2602}}
Nov 14 16:26:19 ubuntu neutron-server[131607]: DEBUG oslo_service.service [-] max_allowed_address_pair       = 10 {{(pid=131607) log_opt_values /usr/local/lib/python3.8/dist-packages/oslo_config/cfg.py:2602}}
Nov 14 16:26:19 ubuntu neutron-server[131607]: DEBUG oslo_service.service [-] max_dns_nameservers            = 5 {{(pid=131607) log_opt_values /usr/local/lib/python3.8/dist-packages/oslo_config/cfg.py:2602}}
Nov 14 16:26:19 ubuntu neutron-server[131830]: INFO neutron.plugins.ml2.drivers.ovn.mech_driver.ovsdb.impl_idl_ovn [None req-7eff6bc3-2ef5-4312-88b1-01e77f5384c5 None None] Getting OvsdbSbOvnIdl for RpcWorker with retry
Nov 14 16:26:19 ubuntu neutron-server[131607]: DEBUG oslo_service.service [-] max_header_line                = 16384 {{(pid=131607) log_opt_values /usr/local/lib/python3.8/dist-packages/oslo_config/cfg.py:2602}}
Nov 14 16:26:19 ubuntu neutron-server[131607]: DEBUG oslo_service.service [-] max_l3_agents_per_router       = 3 {{(pid=131607) log_opt_values /usr/local/lib/python3.8/dist-packages/oslo_config/cfg.py:2602}}
Nov 14 16:26:19 ubuntu neutron-server[131607]: DEBUG oslo_service.service [-] max_logfile_count              = 30 {{(pid=131607) log_opt_values /usr/local/lib/python3.8/dist-packages/oslo_config/cfg.py:2602}}
Nov 14 16:26:19 ubuntu neutron-server[131607]: DEBUG oslo_service.service [-] max_logfile_size_mb            = 200 {{(pid=131607) log_opt_values /usr/local/lib/python3.8/dist-packages/oslo_config/cfg.py:2602}}
Nov 14 16:26:19 ubuntu neutron-server[131607]: DEBUG oslo_service.service [-] max_routes                     = 30 {{(pid=131607) log_opt_values /usr/local/lib/python3.8/dist-packages/oslo_config/cfg.py:2602}}
Nov 14 16:26:19 ubuntu neutron-server[131607]: DEBUG oslo_service.service [-] max_subnet_host_routes         = 20 {{(pid=131607) log_opt_values /usr/local/lib/python3.8/dist-packages/oslo_config/cfg.py:2602}}
Nov 14 16:26:19 ubuntu neutron-server[131607]: DEBUG oslo_service.service [-] network_auto_schedule          = True {{(pid=131607) log_opt_values /usr/local/lib/python3.8/dist-packages/oslo_config/cfg.py:2602}}
Nov 14 16:26:19 ubuntu neutron-server[131607]: DEBUG oslo_service.service [-] network_link_prefix            = None {{(pid=131607) log_opt_values /usr/local/lib/python3.8/dist-packages/oslo_config/cfg.py:2602}}
Nov 14 16:26:19 ubuntu neutron-server[131607]: DEBUG oslo_service.service [-] network_scheduler_driver       = neutron.scheduler.dhcp_agent_scheduler.WeightScheduler {{(pid=131607) log_opt_values /usr/local/lib/python3.8/dist-packages/oslo_config/cfg.py:2602}}
Nov 14 16:26:19 ubuntu neutron-server[131607]: DEBUG oslo_service.service [-] notify_nova_on_port_data_changes = True {{(pid=131607) log_opt_values /usr/local/lib/python3.8/dist-packages/oslo_config/cfg.py:2602}}
Nov 14 16:26:19 ubuntu neutron-server[131607]: DEBUG oslo_service.service [-] notify_nova_on_port_status_changes = True {{(pid=131607) log_opt_values /usr/local/lib/python3.8/dist-packages/oslo_config/cfg.py:2602}}
Nov 14 16:26:19 ubuntu neutron-server[131607]: DEBUG oslo_service.service [-] pagination_max_limit           = -1 {{(pid=131607) log_opt_values /usr/local/lib/python3.8/dist-packages/oslo_config/cfg.py:2602}}
Nov 14 16:26:19 ubuntu neutron-server[131607]: DEBUG oslo_service.service [-] periodic_fuzzy_delay           = 5 {{(pid=131607) log_opt_values /usr/local/lib/python3.8/dist-packages/oslo_config/cfg.py:2602}}
Nov 14 16:26:19 ubuntu neutron-server[131828]: DEBUG neutron.common.ovn.hash_ring_manager [None req-2ccd50cc-cae4-4369-a1cf-9d6b9c3ede06 None None] Allow caching, nodes 2>=2 {{(pid=131828) _wait_startup_before_caching /opt/stack/neutron/neutron/common/ovn/hash_ring_manager.py:63}}
Nov 14 16:26:19 ubuntu neutron-server[131830]: DEBUG ovsdbapp.backend.ovs_idl [None req-7eff6bc3-2ef5-4312-88b1-01e77f5384c5 None None] Created lookup_table index Chassis.name {{(pid=131830) autocreate_indices /usr/local/lib/python3.8/dist-packages/ovsdbapp/backend/ovs_idl/__init__.py:85}}
Nov 14 16:26:19 ubuntu neutron-server[131830]: DEBUG ovsdbapp.backend.ovs_idl [None req-7eff6bc3-2ef5-4312-88b1-01e77f5384c5 None None] Created schema index Datapath_Binding.tunnel_key {{(pid=131830) autocreate_indices /usr/local/lib/python3.8/dist-packages/ovsdbapp/backend/ovs_idl/__init__.py:104}}
Nov 14 16:26:19 ubuntu neutron-server[131607]: DEBUG oslo_service.service [-] periodic_interval              = 40 {{(pid=131607) log_opt_values /usr/local/lib/python3.8/dist-packages/oslo_config/cfg.py:2602}}
Nov 14 16:26:19 ubuntu neutron-server[131830]: INFO ovsdbapp.backend.ovs_idl.vlog [None req-7eff6bc3-2ef5-4312-88b1-01e77f5384c5 None None] tcp:192.168.79.47:6642: connecting...
Nov 14 16:26:19 ubuntu neutron-server[131830]: INFO ovsdbapp.backend.ovs_idl.vlog [None req-7eff6bc3-2ef5-4312-88b1-01e77f5384c5 None None] tcp:192.168.79.47:6642: connected
Nov 14 16:26:19 ubuntu neutron-server[131828]: DEBUG neutron.plugins.ml2.drivers.ovn.mech_driver.ovsdb.ovsdb_monitor [None req-2ccd50cc-cae4-4369-a1cf-9d6b9c3ede06 None None] Hash Ring: Node fa3e5bf9-6a69-445d-802b-97cadf5a750d (host: ubuntu) handling event "create" for row e4b22bf0-5c00-4091-9150-fffe255f5b7f (table: Connection) {{(pid=131828) notify /opt/stack/neutron/neutron/plugins/ml2/drivers/ovn/mech_driver/ovsdb/ovsdb_monitor.py:748}}
Nov 14 16:26:19 ubuntu neutron-server[131607]: DEBUG oslo_service.service [-] publish_errors                 = False {{(pid=131607) log_opt_values /usr/local/lib/python3.8/dist-packages/oslo_config/cfg.py:2602}}
Nov 14 16:26:19 ubuntu neutron-server[131607]: DEBUG oslo_service.service [-] rate_limit_burst               = 0 {{(pid=131607) log_opt_values /usr/local/lib/python3.8/dist-packages/oslo_config/cfg.py:2602}}
Nov 14 16:26:19 ubuntu neutron-server[131607]: DEBUG oslo_service.service [-] rate_limit_except_level        = CRITICAL {{(pid=131607) log_opt_values /usr/local/lib/python3.8/dist-packages/oslo_config/cfg.py:2602}}
Nov 14 16:26:19 ubuntu neutron-server[131828]: INFO neutron.plugins.ml2.drivers.ovn.mech_driver.ovsdb.impl_idl_ovn [None req-2ccd50cc-cae4-4369-a1cf-9d6b9c3ede06 None None] Getting OvsdbSbOvnIdl for WorkerService with retry
Nov 14 16:26:19 ubuntu neutron-server[131607]: DEBUG oslo_service.service [-] rate_limit_interval            = 0 {{(pid=131607) log_opt_values /usr/local/lib/python3.8/dist-packages/oslo_config/cfg.py:2602}}
Nov 14 16:26:19 ubuntu neutron-server[131607]: DEBUG oslo_service.service [-] retry_until_window             = 30 {{(pid=131607) log_opt_values /usr/local/lib/python3.8/dist-packages/oslo_config/cfg.py:2602}}
Nov 14 16:26:19 ubuntu neutron-server[131607]: DEBUG oslo_service.service [-] router_distributed             = False {{(pid=131607) log_opt_values /usr/local/lib/python3.8/dist-packages/oslo_config/cfg.py:2602}}
Nov 14 16:26:19 ubuntu neutron-server[131607]: DEBUG oslo_service.service [-] rpc_resources_processing_step  = 20 {{(pid=131607) log_opt_values /usr/local/lib/python3.8/dist-packages/oslo_config/cfg.py:2602}}
Nov 14 16:26:19 ubuntu neutron-server[131607]: DEBUG oslo_service.service [-] rpc_response_max_timeout       = 600 {{(pid=131607) log_opt_values /usr/local/lib/python3.8/dist-packages/oslo_config/cfg.py:2602}}
Nov 14 16:26:19 ubuntu neutron-server[131607]: DEBUG oslo_service.service [-] rpc_response_timeout           = 60 {{(pid=131607) log_opt_values /usr/local/lib/python3.8/dist-packages/oslo_config/cfg.py:2602}}
Nov 14 16:26:19 ubuntu neutron-server[131607]: DEBUG oslo_service.service [-] rpc_state_report_workers       = 0 {{(pid=131607) log_opt_values /usr/local/lib/python3.8/dist-packages/oslo_config/cfg.py:2602}}
Nov 14 16:26:19 ubuntu neutron-server[131607]: DEBUG oslo_service.service [-] rpc_workers                    = None {{(pid=131607) log_opt_values /usr/local/lib/python3.8/dist-packages/oslo_config/cfg.py:2602}}
Nov 14 16:26:19 ubuntu neutron-server[131607]: DEBUG oslo_service.service [-] send_events_interval           = 2 {{(pid=131607) log_opt_values /usr/local/lib/python3.8/dist-packages/oslo_config/cfg.py:2602}}
Nov 14 16:26:19 ubuntu neutron-server[131607]: DEBUG oslo_service.service [-] service_plugins                = ['ovn-router'] {{(pid=131607) log_opt_values /usr/local/lib/python3.8/dist-packages/oslo_config/cfg.py:2602}}
Nov 14 16:26:19 ubuntu neutron-server[131607]: DEBUG oslo_service.service [-] setproctitle                   = on {{(pid=131607) log_opt_values /usr/local/lib/python3.8/dist-packages/oslo_config/cfg.py:2602}}
Nov 14 16:26:19 ubuntu neutron-server[131607]: DEBUG oslo_service.service [-] state_path                     = /opt/stack/data/neutron {{(pid=131607) log_opt_values /usr/local/lib/python3.8/dist-packages/oslo_config/cfg.py:2602}}
Nov 14 16:26:19 ubuntu neutron-server[131607]: DEBUG oslo_service.service [-] syslog_log_facility            = LOG_USER {{(pid=131607) log_opt_values /usr/local/lib/python3.8/dist-packages/oslo_config/cfg.py:2602}}
Nov 14 16:26:19 ubuntu neutron-server[131607]: DEBUG oslo_service.service [-] tcp_keepidle                   = 600 {{(pid=131607) log_opt_values /usr/local/lib/python3.8/dist-packages/oslo_config/cfg.py:2602}}
Nov 14 16:26:19 ubuntu neutron-server[131607]: DEBUG oslo_service.service [-] transport_url                  = **** {{(pid=131607) log_opt_values /usr/local/lib/python3.8/dist-packages/oslo_config/cfg.py:2602}}
Nov 14 16:26:19 ubuntu neutron-server[131607]: DEBUG oslo_service.service [-] use_eventlog                   = False {{(pid=131607) log_opt_values /usr/local/lib/python3.8/dist-packages/oslo_config/cfg.py:2602}}
Nov 14 16:26:19 ubuntu neutron-server[131607]: DEBUG oslo_service.service [-] use_journal                    = False {{(pid=131607) log_opt_values /usr/local/lib/python3.8/dist-packages/oslo_config/cfg.py:2602}}
Nov 14 16:26:19 ubuntu neutron-server[131607]: DEBUG oslo_service.service [-] use_json                       = False {{(pid=131607) log_opt_values /usr/local/lib/python3.8/dist-packages/oslo_config/cfg.py:2602}}
Nov 14 16:26:19 ubuntu neutron-server[131607]: DEBUG oslo_service.service [-] use_ssl                        = False {{(pid=131607) log_opt_values /usr/local/lib/python3.8/dist-packages/oslo_config/cfg.py:2602}}
Nov 14 16:26:19 ubuntu neutron-server[131607]: DEBUG oslo_service.service [-] use_stderr                     = False {{(pid=131607) log_opt_values /usr/local/lib/python3.8/dist-packages/oslo_config/cfg.py:2602}}
Nov 14 16:26:19 ubuntu neutron-server[131607]: DEBUG oslo_service.service [-] use_syslog                     = False {{(pid=131607) log_opt_values /usr/local/lib/python3.8/dist-packages/oslo_config/cfg.py:2602}}
Nov 14 16:26:19 ubuntu neutron-server[131607]: DEBUG oslo_service.service [-] vlan_transparent               = False {{(pid=131607) log_opt_values /usr/local/lib/python3.8/dist-packages/oslo_config/cfg.py:2602}}
Nov 14 16:26:19 ubuntu neutron-server[131828]: DEBUG ovsdbapp.backend.ovs_idl [None req-2ccd50cc-cae4-4369-a1cf-9d6b9c3ede06 None None] Created lookup_table index Chassis.name {{(pid=131828) autocreate_indices /usr/local/lib/python3.8/dist-packages/ovsdbapp/backend/ovs_idl/__init__.py:85}}
Nov 14 16:26:19 ubuntu neutron-server[131607]: DEBUG oslo_service.service [-] watch_log_file                 = False {{(pid=131607) log_opt_values /usr/local/lib/python3.8/dist-packages/oslo_config/cfg.py:2602}}
Nov 14 16:26:19 ubuntu neutron-server[131607]: DEBUG oslo_service.service [-] wsgi_default_pool_size         = 100 {{(pid=131607) log_opt_values /usr/local/lib/python3.8/dist-packages/oslo_config/cfg.py:2602}}
Nov 14 16:26:19 ubuntu neutron-server[131828]: DEBUG ovsdbapp.backend.ovs_idl [None req-2ccd50cc-cae4-4369-a1cf-9d6b9c3ede06 None None] Created schema index Datapath_Binding.tunnel_key {{(pid=131828) autocreate_indices /usr/local/lib/python3.8/dist-packages/ovsdbapp/backend/ovs_idl/__init__.py:104}}
Nov 14 16:26:19 ubuntu neutron-server[131607]: DEBUG oslo_service.service [-] wsgi_keep_alive                = True {{(pid=131607) log_opt_values /usr/local/lib/python3.8/dist-packages/oslo_config/cfg.py:2602}}
Nov 14 16:26:19 ubuntu neutron-server[131828]: INFO ovsdbapp.backend.ovs_idl.vlog [None req-2ccd50cc-cae4-4369-a1cf-9d6b9c3ede06 None None] tcp:192.168.79.47:6642: connecting...
Nov 14 16:26:19 ubuntu neutron-server[131828]: INFO ovsdbapp.backend.ovs_idl.vlog [None req-2ccd50cc-cae4-4369-a1cf-9d6b9c3ede06 None None] tcp:192.168.79.47:6642: connected
Nov 14 16:26:19 ubuntu neutron-server[131607]: DEBUG oslo_service.service [-] wsgi_log_format                = %(client_ip)s "%(request_line)s" status: %(status_code)s  len: %(body_length)s time: %(wall_seconds).7f {{(pid=131607) log_opt_values /usr/local/lib/python3.8/dist-packages/oslo_config/cfg.py:2602}}
Nov 14 16:26:19 ubuntu neutron-server[131607]: DEBUG oslo_service.service [-] wsgi_server_debug              = False {{(pid=131607) log_opt_values /usr/local/lib/python3.8/dist-packages/oslo_config/cfg.py:2602}}
Nov 14 16:26:19 ubuntu neutron-server[131607]: DEBUG oslo_service.service [-] oslo_concurrency.disable_process_locking = False {{(pid=131607) log_opt_values /usr/local/lib/python3.8/dist-packages/oslo_config/cfg.py:2609}}
Nov 14 16:26:19 ubuntu neutron-server[131607]: DEBUG oslo_service.service [-] oslo_concurrency.lock_path     = /opt/stack/data/neutron/lock {{(pid=131607) log_opt_values /usr/local/lib/python3.8/dist-packages/oslo_config/cfg.py:2609}}
Nov 14 16:26:19 ubuntu neutron-server[131607]: DEBUG oslo_service.service [-] profiler.connection_string     = messaging:// {{(pid=131607) log_opt_values /usr/local/lib/python3.8/dist-packages/oslo_config/cfg.py:2609}}
Nov 14 16:26:19 ubuntu neutron-server[131607]: DEBUG oslo_service.service [-] profiler.enabled               = False {{(pid=131607) log_opt_values /usr/local/lib/python3.8/dist-packages/oslo_config/cfg.py:2609}}
Nov 14 16:26:19 ubuntu neutron-server[131607]: DEBUG oslo_service.service [-] profiler.es_doc_type           = notification {{(pid=131607) log_opt_values /usr/local/lib/python3.8/dist-packages/oslo_config/cfg.py:2609}}
Nov 14 16:26:19 ubuntu neutron-server[131830]: DEBUG neutron.common.ovn.hash_ring_manager [None req-7eff6bc3-2ef5-4312-88b1-01e77f5384c5 None None] Allow caching, nodes 2>=2 {{(pid=131830) _wait_startup_before_caching /opt/stack/neutron/neutron/common/ovn/hash_ring_manager.py:63}}
Nov 14 16:26:19 ubuntu neutron-server[131607]: DEBUG oslo_service.service [-] profiler.es_scroll_size        = 10000 {{(pid=131607) log_opt_values /usr/local/lib/python3.8/dist-packages/oslo_config/cfg.py:2609}}
Nov 14 16:26:19 ubuntu neutron-server[131607]: DEBUG oslo_service.service [-] profiler.es_scroll_time        = 2m {{(pid=131607) log_opt_values /usr/local/lib/python3.8/dist-packages/oslo_config/cfg.py:2609}}
Nov 14 16:26:19 ubuntu neutron-server[131607]: DEBUG oslo_service.service [-] profiler.filter_error_trace    = False {{(pid=131607) log_opt_values /usr/local/lib/python3.8/dist-packages/oslo_config/cfg.py:2609}}
Nov 14 16:26:19 ubuntu neutron-server[131607]: DEBUG oslo_service.service [-] profiler.hmac_keys             = SECRET_KEY {{(pid=131607) log_opt_values /usr/local/lib/python3.8/dist-packages/oslo_config/cfg.py:2609}}
Nov 14 16:26:19 ubuntu neutron-server[131607]: DEBUG oslo_service.service [-] profiler.sentinel_service_name = mymaster {{(pid=131607) log_opt_values /usr/local/lib/python3.8/dist-packages/oslo_config/cfg.py:2609}}
Nov 14 16:26:19 ubuntu neutron-server[131831]: DEBUG neutron_lib.callbacks.manager [-] Subscribe: <bound method PortForwardingPlugin._check_floatingip_request of <neutron.services.portforwarding.pf_plugin.PortForwardingPlugin object at 0x7f8e2725b310>> floatingip precommit_update 55550000 {{(pid=131831) subscribe /usr/local/lib/python3.8/dist-packages/neutron_lib/callbacks/manager.py:45}}
Nov 14 16:26:19 ubuntu neutron-server[131831]: DEBUG neutron_lib.callbacks.manager [-] Subscribe: <bound method PortForwardingPlugin._check_floatingip_request of <neutron.services.portforwarding.pf_plugin.PortForwardingPlugin object at 0x7f8e2725b310>> floatingip precommit_delete 55550000 {{(pid=131831) subscribe /usr/local/lib/python3.8/dist-packages/neutron_lib/callbacks/manager.py:45}}
Nov 14 16:26:19 ubuntu neutron-server[131831]: DEBUG neutron_lib.callbacks.manager [-] Subscribe: <bound method PortForwardingPlugin._check_port_has_port_forwarding of <neutron.services.portforwarding.pf_plugin.PortForwardingPlugin object at 0x7f8e2725b310>> floatingip before_create 55550000 {{(pid=131831) subscribe /usr/local/lib/python3.8/dist-packages/neutron_lib/callbacks/manager.py:45}}
Nov 14 16:26:19 ubuntu neutron-server[131831]: DEBUG neutron_lib.callbacks.manager [-] Subscribe: <bound method PortForwardingPlugin._check_port_has_port_forwarding of <neutron.services.portforwarding.pf_plugin.PortForwardingPlugin object at 0x7f8e2725b310>> floatingip before_update 55550000 {{(pid=131831) subscribe /usr/local/lib/python3.8/dist-packages/neutron_lib/callbacks/manager.py:45}}
Nov 14 16:26:19 ubuntu neutron-server[131831]: DEBUG neutron_lib.callbacks.manager [-] Subscribe: <bound method PortForwardingPlugin._process_port_request_handler of <neutron.services.portforwarding.pf_plugin.PortForwardingPlugin object at 0x7f8e2725b310>> port after_update 55550000 {{(pid=131831) subscribe /usr/local/lib/python3.8/dist-packages/neutron_lib/callbacks/manager.py:45}}
Nov 14 16:26:19 ubuntu neutron-server[131830]: DEBUG neutron.plugins.ml2.drivers.ovn.mech_driver.ovsdb.ovsdb_monitor [None req-7eff6bc3-2ef5-4312-88b1-01e77f5384c5 None None] ChassisMetadataAgentWriteEvent : Matched Chassis, create, None None {{(pid=131830) matches /opt/stack/neutron/neutron/plugins/ml2/drivers/ovn/mech_driver/ovsdb/ovsdb_monitor.py:61}}
Nov 14 16:26:19 ubuntu neutron-server[131831]: DEBUG neutron_lib.callbacks.manager [-] Subscribe: <bound method PortForwardingPlugin._process_port_request_handler of <neutron.services.portforwarding.pf_plugin.PortForwardingPlugin object at 0x7f8e2725b310>> port precommit_delete 55550000 {{(pid=131831) subscribe /usr/local/lib/python3.8/dist-packages/neutron_lib/callbacks/manager.py:45}}
Nov 14 16:26:19 ubuntu neutron-server[131830]: DEBUG neutron.plugins.ml2.drivers.ovn.mech_driver.ovsdb.ovsdb_monitor [None req-7eff6bc3-2ef5-4312-88b1-01e77f5384c5 None None] ChassisAgentWriteEvent : Matched Chassis, create, None None {{(pid=131830) matches /opt/stack/neutron/neutron/plugins/ml2/drivers/ovn/mech_driver/ovsdb/ovsdb_monitor.py:61}}
Nov 14 16:26:19 ubuntu neutron-server[131831]: DEBUG neutron_lib.callbacks.manager [-] Publish callbacks ['neutron.services.portforwarding.drivers.ovn.driver.OVNPortForwarding.register-663934'] for port_forwarding_plugin (None), after_init {{(pid=131831) _notify_loop /usr/local/lib/python3.8/dist-packages/neutron_lib/callbacks/manager.py:176}}
Nov 14 16:26:19 ubuntu neutron-server[131607]: DEBUG oslo_service.service [-] profiler.socket_timeout        = 0.1 {{(pid=131607) log_opt_values /usr/local/lib/python3.8/dist-packages/oslo_config/cfg.py:2609}}
Nov 14 16:26:19 ubuntu neutron-server[131831]: DEBUG neutron_lib.callbacks.manager [-] Subscribe: <bound method OVNPortForwarding._handle_notification of <neutron.services.portforwarding.drivers.ovn.driver.OVNPortForwarding object at 0x7f8e272ff610>> port_forwarding after_create 55550000 {{(pid=131831) subscribe /usr/local/lib/python3.8/dist-packages/neutron_lib/callbacks/manager.py:45}}
Nov 14 16:26:19 ubuntu neutron-server[131831]: DEBUG neutron_lib.callbacks.manager [-] Subscribe: <bound method OVNPortForwarding._handle_lb_on_ls of <neutron.services.portforwarding.drivers.ovn.driver.OVNPortForwarding object at 0x7f8e272ff610>> router_interface after_create 55550000 {{(pid=131831) subscribe /usr/local/lib/python3.8/dist-packages/neutron_lib/callbacks/manager.py:45}}
Nov 14 16:26:19 ubuntu neutron-server[131831]: DEBUG neutron_lib.callbacks.manager [-] Subscribe: <bound method OVNPortForwarding._handle_notification of <neutron.services.portforwarding.drivers.ovn.driver.OVNPortForwarding object at 0x7f8e272ff610>> port_forwarding after_update 55550000 {{(pid=131831) subscribe /usr/local/lib/python3.8/dist-packages/neutron_lib/callbacks/manager.py:45}}
Nov 14 16:26:19 ubuntu neutron-server[131831]: DEBUG neutron_lib.callbacks.manager [-] Subscribe: <bound method OVNPortForwarding._handle_notification of <neutron.services.portforwarding.drivers.ovn.driver.OVNPortForwarding object at 0x7f8e272ff610>> port_forwarding after_delete 55550000 {{(pid=131831) subscribe /usr/local/lib/python3.8/dist-packages/neutron_lib/callbacks/manager.py:45}}
Nov 14 16:26:19 ubuntu neutron-server[131830]: DEBUG neutron.plugins.ml2.plugin [None req-7eff6bc3-2ef5-4312-88b1-01e77f5384c5 None None] neutron.plugins.ml2.plugin.Ml2Plugin method start_rpc_listeners called with arguments () {} {{(pid=131830) wrapper /usr/local/lib/python3.8/dist-packages/oslo_log/helpers.py:65}}
Nov 14 16:26:19 ubuntu neutron-server[131827]: DEBUG ovsdbapp.backend.ovs_idl [None req-eb355870-c43a-432b-aa7a-8be0edf4c76b None None] Created lookup_table index Logical_Switch.name {{(pid=131827) autocreate_indices /usr/local/lib/python3.8/dist-packages/ovsdbapp/backend/ovs_idl/__init__.py:85}}
Nov 14 16:26:19 ubuntu neutron-server[131831]: DEBUG neutron_lib.callbacks.manager [-] Subscribe: <bound method OVNPortForwarding._handle_lb_on_ls of <neutron.services.portforwarding.drivers.ovn.driver.OVNPortForwarding object at 0x7f8e272ff610>> router_interface after_delete 55550000 {{(pid=131831) subscribe /usr/local/lib/python3.8/dist-packages/neutron_lib/callbacks/manager.py:45}}
Nov 14 16:26:19 ubuntu neutron-server[131831]: INFO neutron.plugins.ml2.drivers.ovn.mech_driver.ovsdb.extensions.qos [-] Starting OVNClientQosExtension
Nov 14 16:26:19 ubuntu neutron-server[131827]: DEBUG ovsdbapp.backend.ovs_idl [None req-eb355870-c43a-432b-aa7a-8be0edf4c76b None None] Created lookup_table index Logical_Router.name {{(pid=131827) autocreate_indices /usr/local/lib/python3.8/dist-packages/ovsdbapp/backend/ovs_idl/__init__.py:85}}
Nov 14 16:26:19 ubuntu neutron-server[131831]: INFO neutron.plugins.ml2.drivers.ovn.mech_driver.ovsdb.extensions.placement [-] Starting OVNClientPlacementExtension
Nov 14 16:26:19 ubuntu neutron-server[131827]: DEBUG ovsdbapp.backend.ovs_idl [None req-eb355870-c43a-432b-aa7a-8be0edf4c76b None None] Created lookup_table index Load_Balancer.name {{(pid=131827) autocreate_indices /usr/local/lib/python3.8/dist-packages/ovsdbapp/backend/ovs_idl/__init__.py:85}}
Nov 14 16:26:19 ubuntu neutron-server[131607]: DEBUG oslo_service.service [-] profiler.trace_sqlalchemy      = False {{(pid=131607) log_opt_values /usr/local/lib/python3.8/dist-packages/oslo_config/cfg.py:2609}}
Nov 14 16:26:19 ubuntu neutron-server[131831]: DEBUG neutron_lib.callbacks.manager [-] Subscribe: <bound method Plugin._prevent_segment_delete_with_subnet_associated of <neutron.services.segments.plugin.Plugin object at 0x7f8e2725b7c0>> segment before_delete 55550000 {{(pid=131831) subscribe /usr/local/lib/python3.8/dist-packages/neutron_lib/callbacks/manager.py:45}}
Nov 14 16:26:19 ubuntu neutron-server[131827]: DEBUG ovsdbapp.backend.ovs_idl [None req-eb355870-c43a-432b-aa7a-8be0edf4c76b None None] Created schema index Meter.name {{(pid=131827) autocreate_indices /usr/local/lib/python3.8/dist-packages/ovsdbapp/backend/ovs_idl/__init__.py:104}}
Nov 14 16:26:19 ubuntu neutron-server[131831]: DEBUG neutron_lib.callbacks.manager [-] Subscribe: <bound method Plugin._validate_auto_address_subnet_delete of <neutron.services.segments.plugin.Plugin object at 0x7f8e2725b7c0>> subnet precommit_delete_associations 55550000 {{(pid=131831) subscribe /usr/local/lib/python3.8/dist-packages/neutron_lib/callbacks/manager.py:45}}
Nov 14 16:26:19 ubuntu neutron-server[131827]: DEBUG ovsdbapp.backend.ovs_idl [None req-eb355870-c43a-432b-aa7a-8be0edf4c76b None None] Created schema index Address_Set.name {{(pid=131827) autocreate_indices /usr/local/lib/python3.8/dist-packages/ovsdbapp/backend/ovs_idl/__init__.py:104}}
Nov 14 16:26:19 ubuntu neutron-server[131831]: DEBUG neutron_lib.callbacks.manager [-] Subscribe: <bound method NovaSegmentNotifier._notify_host_addition_to_aggregate of <neutron.services.segments.plugin.NovaSegmentNotifier object at 0x7f8e27263b80>> segment_host_mapping after_create 55550000 {{(pid=131831) subscribe /usr/local/lib/python3.8/dist-packages/neutron_lib/callbacks/manager.py:45}}
Nov 14 16:26:19 ubuntu neutron-server[131831]: DEBUG neutron_lib.callbacks.manager [-] Subscribe: <bound method NovaSegmentNotifier._notify_port_created_or_deleted of <neutron.services.segments.plugin.NovaSegmentNotifier object at 0x7f8e27263b80>> port after_create 55550000 {{(pid=131831) subscribe /usr/local/lib/python3.8/dist-packages/neutron_lib/callbacks/manager.py:45}}
Nov 14 16:26:19 ubuntu neutron-server[131831]: DEBUG neutron_lib.callbacks.manager [-] Subscribe: <bound method NovaSegmentNotifier._notify_port_created_or_deleted of <neutron.services.segments.plugin.NovaSegmentNotifier object at 0x7f8e27263b80>> port after_delete 55550000 {{(pid=131831) subscribe /usr/local/lib/python3.8/dist-packages/neutron_lib/callbacks/manager.py:45}}
Nov 14 16:26:19 ubuntu neutron-server[131827]: DEBUG ovsdbapp.backend.ovs_idl [None req-eb355870-c43a-432b-aa7a-8be0edf4c76b None None] Created schema index HA_Chassis_Group.name {{(pid=131827) autocreate_indices /usr/local/lib/python3.8/dist-packages/ovsdbapp/backend/ovs_idl/__init__.py:104}}
Nov 14 16:26:19 ubuntu neutron-server[131831]: DEBUG neutron_lib.callbacks.manager [-] Subscribe: <bound method NovaSegmentNotifier._notify_port_updated of <neutron.services.segments.plugin.NovaSegmentNotifier object at 0x7f8e27263b80>> port after_update 55550000 {{(pid=131831) subscribe /usr/local/lib/python3.8/dist-packages/neutron_lib/callbacks/manager.py:45}}
Nov 14 16:26:19 ubuntu neutron-server[131831]: DEBUG neutron_lib.callbacks.manager [-] Subscribe: <bound method NovaSegmentNotifier._notify_segment_deleted of <neutron.services.segments.plugin.NovaSegmentNotifier object at 0x7f8e27263b80>> segment after_delete 55550000 {{(pid=131831) subscribe /usr/local/lib/python3.8/dist-packages/neutron_lib/callbacks/manager.py:45}}
Nov 14 16:26:19 ubuntu neutron-server[131827]: DEBUG ovsdbapp.backend.ovs_idl [None req-eb355870-c43a-432b-aa7a-8be0edf4c76b None None] Created schema index Connection.target {{(pid=131827) autocreate_indices /usr/local/lib/python3.8/dist-packages/ovsdbapp/backend/ovs_idl/__init__.py:104}}
Nov 14 16:26:19 ubuntu neutron-server[131831]: DEBUG neutron_lib.callbacks.manager [-] Subscribe: <bound method NovaSegmentNotifier._notify_subnet_created of <neutron.services.segments.plugin.NovaSegmentNotifier object at 0x7f8e27263b80>> subnet after_create 55550000 {{(pid=131831) subscribe /usr/local/lib/python3.8/dist-packages/neutron_lib/callbacks/manager.py:45}}
Nov 14 16:26:19 ubuntu neutron-server[131831]: DEBUG neutron_lib.callbacks.manager [-] Subscribe: <bound method NovaSegmentNotifier._notify_subnet_deleted of <neutron.services.segments.plugin.NovaSegmentNotifier object at 0x7f8e27263b80>> subnet after_delete 55550000 {{(pid=131831) subscribe /usr/local/lib/python3.8/dist-packages/neutron_lib/callbacks/manager.py:45}}
Nov 14 16:26:19 ubuntu neutron-server[131831]: DEBUG neutron_lib.callbacks.manager [-] Subscribe: <bound method NovaSegmentNotifier._notify_subnet_updated of <neutron.services.segments.plugin.NovaSegmentNotifier object at 0x7f8e27263b80>> subnet after_update 55550000 {{(pid=131831) subscribe /usr/local/lib/python3.8/dist-packages/neutron_lib/callbacks/manager.py:45}}
Nov 14 16:26:19 ubuntu neutron-server[131827]: DEBUG ovsdbapp.backend.ovs_idl [None req-eb355870-c43a-432b-aa7a-8be0edf4c76b None None] Created schema index Gateway_Chassis.name {{(pid=131827) autocreate_indices /usr/local/lib/python3.8/dist-packages/ovsdbapp/backend/ovs_idl/__init__.py:104}}
Nov 14 16:26:19 ubuntu neutron-server[131607]: DEBUG oslo_service.service [-] oslo_policy.enforce_new_defaults = False {{(pid=131607) log_opt_values /usr/local/lib/python3.8/dist-packages/oslo_config/cfg.py:2609}}
Nov 14 16:26:19 ubuntu neutron-server[131827]: DEBUG ovsdbapp.backend.ovs_idl [None req-eb355870-c43a-432b-aa7a-8be0edf4c76b None None] Created schema index Logical_Router_Port.name {{(pid=131827) autocreate_indices /usr/local/lib/python3.8/dist-packages/ovsdbapp/backend/ovs_idl/__init__.py:104}}
Nov 14 16:26:19 ubuntu neutron-server[131827]: DEBUG ovsdbapp.backend.ovs_idl [None req-eb355870-c43a-432b-aa7a-8be0edf4c76b None None] Created schema index Port_Group.name {{(pid=131827) autocreate_indices /usr/local/lib/python3.8/dist-packages/ovsdbapp/backend/ovs_idl/__init__.py:104}}
Nov 14 16:26:19 ubuntu neutron-server[131607]: DEBUG oslo_service.service [-] oslo_policy.enforce_scope      = False {{(pid=131607) log_opt_values /usr/local/lib/python3.8/dist-packages/oslo_config/cfg.py:2609}}
Nov 14 16:26:19 ubuntu neutron-server[131827]: DEBUG ovsdbapp.backend.ovs_idl [None req-eb355870-c43a-432b-aa7a-8be0edf4c76b None None] Created schema index Logical_Switch_Port.name {{(pid=131827) autocreate_indices /usr/local/lib/python3.8/dist-packages/ovsdbapp/backend/ovs_idl/__init__.py:104}}
Nov 14 16:26:19 ubuntu neutron-server[131827]: INFO ovsdbapp.backend.ovs_idl.vlog [None req-eb355870-c43a-432b-aa7a-8be0edf4c76b None None] tcp:192.168.79.47:6641: connecting...
Nov 14 16:26:19 ubuntu neutron-server[131607]: DEBUG oslo_service.service [-] oslo_policy.policy_default_rule = default {{(pid=131607) log_opt_values /usr/local/lib/python3.8/dist-packages/oslo_config/cfg.py:2609}}
Nov 14 16:26:19 ubuntu neutron-server[131607]: DEBUG oslo_service.service [-] oslo_policy.policy_dirs        = ['policy.d'] {{(pid=131607) log_opt_values /usr/local/lib/python3.8/dist-packages/oslo_config/cfg.py:2609}}
Nov 14 16:26:19 ubuntu neutron-server[131827]: INFO ovsdbapp.backend.ovs_idl.vlog [None req-eb355870-c43a-432b-aa7a-8be0edf4c76b None None] tcp:192.168.79.47:6641: connected
Nov 14 16:26:19 ubuntu neutron-server[131607]: DEBUG oslo_service.service [-] oslo_policy.policy_file        = /etc/neutron/policy.json {{(pid=131607) log_opt_values /usr/local/lib/python3.8/dist-packages/oslo_config/cfg.py:2609}}
Nov 14 16:26:19 ubuntu neutron-server[131607]: DEBUG oslo_service.service [-] oslo_policy.remote_content_type = application/x-www-form-urlencoded {{(pid=131607) log_opt_values /usr/local/lib/python3.8/dist-packages/oslo_config/cfg.py:2609}}
Nov 14 16:26:19 ubuntu neutron-server[131607]: DEBUG oslo_service.service [-] oslo_policy.remote_ssl_ca_crt_file = None {{(pid=131607) log_opt_values /usr/local/lib/python3.8/dist-packages/oslo_config/cfg.py:2609}}
Nov 14 16:26:19 ubuntu neutron-server[131607]: DEBUG oslo_service.service [-] oslo_policy.remote_ssl_client_crt_file = None {{(pid=131607) log_opt_values /usr/local/lib/python3.8/dist-packages/oslo_config/cfg.py:2609}}
Nov 14 16:26:19 ubuntu neutron-server[131607]: DEBUG oslo_service.service [-] oslo_policy.remote_ssl_client_key_file = None {{(pid=131607) log_opt_values /usr/local/lib/python3.8/dist-packages/oslo_config/cfg.py:2609}}
Nov 14 16:26:19 ubuntu neutron-server[131607]: DEBUG oslo_service.service [-] oslo_policy.remote_ssl_verify_server_crt = False {{(pid=131607) log_opt_values /usr/local/lib/python3.8/dist-packages/oslo_config/cfg.py:2609}}
Nov 14 16:26:19 ubuntu neutron-server[131607]: DEBUG oslo_service.service [-] oslo_messaging_metrics.metrics_buffer_size = 1000 {{(pid=131607) log_opt_values /usr/local/lib/python3.8/dist-packages/oslo_config/cfg.py:2609}}
Nov 14 16:26:19 ubuntu neutron-server[131607]: DEBUG oslo_service.service [-] oslo_messaging_metrics.metrics_enabled = False {{(pid=131607) log_opt_values /usr/local/lib/python3.8/dist-packages/oslo_config/cfg.py:2609}}
Nov 14 16:26:19 ubuntu neutron-server[131607]: DEBUG oslo_service.service [-] oslo_messaging_metrics.metrics_process_name =  {{(pid=131607) log_opt_values /usr/local/lib/python3.8/dist-packages/oslo_config/cfg.py:2609}}
Nov 14 16:26:19 ubuntu neutron-server[131607]: DEBUG oslo_service.service [-] oslo_messaging_metrics.metrics_socket_file = /var/tmp/metrics_collector.sock {{(pid=131607) log_opt_values /usr/local/lib/python3.8/dist-packages/oslo_config/cfg.py:2609}}
Nov 14 16:26:19 ubuntu neutron-server[131607]: DEBUG oslo_service.service [-] oslo_messaging_metrics.metrics_thread_stop_timeout = 10 {{(pid=131607) log_opt_values /usr/local/lib/python3.8/dist-packages/oslo_config/cfg.py:2609}}
Nov 14 16:26:19 ubuntu neutron-server[131607]: DEBUG oslo_service.service [-] oslo_middleware.enable_proxy_headers_parsing = False {{(pid=131607) log_opt_values /usr/local/lib/python3.8/dist-packages/oslo_config/cfg.py:2609}}
Nov 14 16:26:19 ubuntu neutron-server[131607]: DEBUG oslo_service.service [-] oslo_middleware.http_basic_auth_user_file = /etc/htpasswd {{(pid=131607) log_opt_values /usr/local/lib/python3.8/dist-packages/oslo_config/cfg.py:2609}}
Nov 14 16:26:19 ubuntu neutron-server[131607]: DEBUG oslo_service.service [-] service_providers.service_provider = [] {{(pid=131607) log_opt_values /usr/local/lib/python3.8/dist-packages/oslo_config/cfg.py:2609}}
Nov 14 16:26:19 ubuntu neutron-server[131607]: DEBUG oslo_service.service [-] nova.auth_section              = None {{(pid=131607) log_opt_values /usr/local/lib/python3.8/dist-packages/oslo_config/cfg.py:2609}}
Nov 14 16:26:19 ubuntu neutron-server[131607]: DEBUG oslo_service.service [-] nova.auth_type                 = password {{(pid=131607) log_opt_values /usr/local/lib/python3.8/dist-packages/oslo_config/cfg.py:2609}}
Nov 14 16:26:19 ubuntu neutron-server[131607]: DEBUG oslo_service.service [-] nova.auth_url                  = http://192.168.79.47/identity {{(pid=131607) log_opt_values /usr/local/lib/python3.8/dist-packages/oslo_config/cfg.py:2609}}
Nov 14 16:26:19 ubuntu neutron-server[131607]: DEBUG oslo_service.service [-] nova.cafile                    = /opt/stack/data/ca-bundle.pem {{(pid=131607) log_opt_values /usr/local/lib/python3.8/dist-packages/oslo_config/cfg.py:2609}}
Nov 14 16:26:19 ubuntu neutron-server[131607]: DEBUG oslo_service.service [-] nova.certfile                  = None {{(pid=131607) log_opt_values /usr/local/lib/python3.8/dist-packages/oslo_config/cfg.py:2609}}
Nov 14 16:26:19 ubuntu neutron-server[131607]: DEBUG oslo_service.service [-] nova.collect_timing            = False {{(pid=131607) log_opt_values /usr/local/lib/python3.8/dist-packages/oslo_config/cfg.py:2609}}
Nov 14 16:26:19 ubuntu neutron-server[131607]: DEBUG oslo_service.service [-] nova.default_domain_id         = None {{(pid=131607) log_opt_values /usr/local/lib/python3.8/dist-packages/oslo_config/cfg.py:2609}}
Nov 14 16:26:19 ubuntu neutron-server[131607]: DEBUG oslo_service.service [-] nova.default_domain_name       = None {{(pid=131607) log_opt_values /usr/local/lib/python3.8/dist-packages/oslo_config/cfg.py:2609}}
Nov 14 16:26:19 ubuntu neutron-server[131607]: DEBUG oslo_service.service [-] nova.domain_id                 = None {{(pid=131607) log_opt_values /usr/local/lib/python3.8/dist-packages/oslo_config/cfg.py:2609}}
Nov 14 16:26:19 ubuntu neutron-server[131607]: DEBUG oslo_service.service [-] nova.domain_name               = None {{(pid=131607) log_opt_values /usr/local/lib/python3.8/dist-packages/oslo_config/cfg.py:2609}}
Nov 14 16:26:19 ubuntu neutron-server[131607]: DEBUG oslo_service.service [-] nova.endpoint_type             = public {{(pid=131607) log_opt_values /usr/local/lib/python3.8/dist-packages/oslo_config/cfg.py:2609}}
Nov 14 16:26:19 ubuntu neutron-server[131607]: DEBUG oslo_service.service [-] nova.insecure                  = False {{(pid=131607) log_opt_values /usr/local/lib/python3.8/dist-packages/oslo_config/cfg.py:2609}}
Nov 14 16:26:19 ubuntu neutron-server[131607]: DEBUG oslo_service.service [-] nova.keyfile                   = None {{(pid=131607) log_opt_values /usr/local/lib/python3.8/dist-packages/oslo_config/cfg.py:2609}}
Nov 14 16:26:19 ubuntu neutron-server[131607]: DEBUG oslo_service.service [-] nova.password                  = **** {{(pid=131607) log_opt_values /usr/local/lib/python3.8/dist-packages/oslo_config/cfg.py:2609}}
Nov 14 16:26:19 ubuntu neutron-server[131607]: DEBUG oslo_service.service [-] nova.project_domain_id         = None {{(pid=131607) log_opt_values /usr/local/lib/python3.8/dist-packages/oslo_config/cfg.py:2609}}
Nov 14 16:26:19 ubuntu neutron-server[131607]: DEBUG oslo_service.service [-] nova.project_domain_name       = Default {{(pid=131607) log_opt_values /usr/local/lib/python3.8/dist-packages/oslo_config/cfg.py:2609}}
Nov 14 16:26:19 ubuntu neutron-server[131607]: DEBUG oslo_service.service [-] nova.project_id                = None {{(pid=131607) log_opt_values /usr/local/lib/python3.8/dist-packages/oslo_config/cfg.py:2609}}
Nov 14 16:26:19 ubuntu neutron-server[131607]: DEBUG oslo_service.service [-] nova.project_name              = service {{(pid=131607) log_opt_values /usr/local/lib/python3.8/dist-packages/oslo_config/cfg.py:2609}}
Nov 14 16:26:19 ubuntu neutron-server[131607]: DEBUG oslo_service.service [-] nova.region_name               = RegionOne {{(pid=131607) log_opt_values /usr/local/lib/python3.8/dist-packages/oslo_config/cfg.py:2609}}
Nov 14 16:26:19 ubuntu neutron-server[131607]: DEBUG oslo_service.service [-] nova.split_loggers             = False {{(pid=131607) log_opt_values /usr/local/lib/python3.8/dist-packages/oslo_config/cfg.py:2609}}
Nov 14 16:26:19 ubuntu neutron-server[131607]: DEBUG oslo_service.service [-] nova.system_scope              = None {{(pid=131607) log_opt_values /usr/local/lib/python3.8/dist-packages/oslo_config/cfg.py:2609}}
Nov 14 16:26:19 ubuntu neutron-server[131607]: DEBUG oslo_service.service [-] nova.timeout                   = None {{(pid=131607) log_opt_values /usr/local/lib/python3.8/dist-packages/oslo_config/cfg.py:2609}}
Nov 14 16:26:19 ubuntu neutron-server[131607]: DEBUG oslo_service.service [-] nova.trust_id                  = None {{(pid=131607) log_opt_values /usr/local/lib/python3.8/dist-packages/oslo_config/cfg.py:2609}}
Nov 14 16:26:19 ubuntu neutron-server[131607]: DEBUG oslo_service.service [-] nova.user_domain_id            = None {{(pid=131607) log_opt_values /usr/local/lib/python3.8/dist-packages/oslo_config/cfg.py:2609}}
Nov 14 16:26:19 ubuntu neutron-server[131607]: DEBUG oslo_service.service [-] nova.user_domain_name          = Default {{(pid=131607) log_opt_values /usr/local/lib/python3.8/dist-packages/oslo_config/cfg.py:2609}}
Nov 14 16:26:19 ubuntu neutron-server[131607]: DEBUG oslo_service.service [-] nova.user_id                   = None {{(pid=131607) log_opt_values /usr/local/lib/python3.8/dist-packages/oslo_config/cfg.py:2609}}
Nov 14 16:26:19 ubuntu neutron-server[131607]: DEBUG oslo_service.service [-] nova.username                  = nova {{(pid=131607) log_opt_values /usr/local/lib/python3.8/dist-packages/oslo_config/cfg.py:2609}}
Nov 14 16:26:19 ubuntu neutron-server[131607]: DEBUG oslo_service.service [-] placement.auth_section         = None {{(pid=131607) log_opt_values /usr/local/lib/python3.8/dist-packages/oslo_config/cfg.py:2609}}
