May 09 13:56:46 ubuntu neutron-server[118178]: DEBUG neutron.api.extensions [None req-eb6870cc-aae1-478c-9d9a-15c3be4cf9a0 None None] Ext name="Uplink status propagation extension" alias="uplink-status-propagation" description="Provides ability to propagate port uplink status." updated="2018-05-31T18:00:00-00:00" {{(pid=118178) _check_extension /opt/stack/neutron/neutron/api/extensions.py:416}}
May 09 13:56:46 ubuntu neutron-server[118178]: INFO neutron.api.extensions [None req-eb6870cc-aae1-478c-9d9a-15c3be4cf9a0 None None] Extension uplink-status-propagation not supported by any of loaded plugins
May 09 13:56:46 ubuntu neutron-server[118178]: DEBUG neutron.api.extensions [None req-eb6870cc-aae1-478c-9d9a-15c3be4cf9a0 None None] Loading extension file: vlantransparent.py {{(pid=118178) _load_all_extensions_from_path /opt/stack/neutron/neutron/api/extensions.py:450}}
May 09 13:56:46 ubuntu neutron-server[118178]: DEBUG neutron.api.extensions [None req-eb6870cc-aae1-478c-9d9a-15c3be4cf9a0 None None] Ext name="Vlantransparent" alias="vlan-transparent" description="Provides Vlan Transparent Networks" updated="2015-03-23T09:00:00-00:00" {{(pid=118178) _check_extension /opt/stack/neutron/neutron/api/extensions.py:416}}
May 09 13:56:46 ubuntu neutron-server[118178]: INFO neutron.api.extensions [None req-eb6870cc-aae1-478c-9d9a-15c3be4cf9a0 None None] Extension vlan-transparent not supported by any of loaded plugins
May 09 13:56:46 ubuntu neutron-server[118178]: INFO neutron.quota.resource_registry [None req-eb6870cc-aae1-478c-9d9a-15c3be4cf9a0 None None] Creating instance of TrackedResource for resource:network
May 09 13:56:46 ubuntu neutron-server[118178]: INFO neutron.quota.resource_registry [None req-eb6870cc-aae1-478c-9d9a-15c3be4cf9a0 None None] Creating instance of TrackedResource for resource:subnet
May 09 13:56:46 ubuntu neutron-server[118178]: INFO neutron.quota.resource_registry [None req-eb6870cc-aae1-478c-9d9a-15c3be4cf9a0 None None] Creating instance of TrackedResource for resource:subnetpool
May 09 13:56:46 ubuntu neutron-server[118178]: INFO neutron.quota.resource_registry [None req-eb6870cc-aae1-478c-9d9a-15c3be4cf9a0 None None] Creating instance of TrackedResource for resource:port
May 09 13:56:46 ubuntu neutron-server[118178]: DEBUG neutron.api.v2.resource_helper [None req-eb6870cc-aae1-478c-9d9a-15c3be4cf9a0 None None] Service FLAVORS assigned prefix:  {{(pid=118178) build_resource_info /opt/stack/neutron/neutron/api/v2/resource_helper.py:77}}
May 09 13:56:46 ubuntu neutron-server[118178]: DEBUG neutron.api.v2.resource_helper [None req-eb6870cc-aae1-478c-9d9a-15c3be4cf9a0 None None] Service L3_ROUTER_NAT assigned prefix:  {{(pid=118178) build_resource_info /opt/stack/neutron/neutron/api/v2/resource_helper.py:77}}
May 09 13:56:46 ubuntu neutron-server[118178]: DEBUG neutron.api.v2.resource_helper [None req-eb6870cc-aae1-478c-9d9a-15c3be4cf9a0 None None] Service L3_ROUTER_NAT assigned prefix:  {{(pid=118178) build_resource_info /opt/stack/neutron/neutron/api/v2/resource_helper.py:77}}
May 09 13:56:46 ubuntu neutron-server[118178]: INFO neutron.quota.resource_registry [None req-eb6870cc-aae1-478c-9d9a-15c3be4cf9a0 None None] Creating instance of TrackedResource for resource:router
May 09 13:56:46 ubuntu neutron-server[118178]: INFO neutron.quota.resource_registry [None req-eb6870cc-aae1-478c-9d9a-15c3be4cf9a0 None None] Creating instance of TrackedResource for resource:floatingip
May 09 13:56:46 ubuntu neutron-server[118178]: DEBUG neutron_lib.callbacks.manager [None req-eb6870cc-aae1-478c-9d9a-15c3be4cf9a0 None None] Subscribe: <bound method NeutronDbPluginV2.validate_network_rbac_policy_change of <neutron.services.network_ip_availability.plugin.NetworkIPAvailabilityPlugin object at 0x7f659eb82520>> rbac-policy before_create 55550000 {{(pid=118178) subscribe /usr/local/lib/python3.8/dist-packages/neutron_lib/callbacks/manager.py:45}}
May 09 13:56:46 ubuntu neutron-server[118178]: DEBUG neutron_lib.callbacks.manager [None req-eb6870cc-aae1-478c-9d9a-15c3be4cf9a0 None None] Subscribe: <bound method NeutronDbPluginV2.validate_network_rbac_policy_change of <neutron.services.network_ip_availability.plugin.NetworkIPAvailabilityPlugin object at 0x7f659eb82520>> rbac-policy before_update 55550000 {{(pid=118178) subscribe /usr/local/lib/python3.8/dist-packages/neutron_lib/callbacks/manager.py:45}}
May 09 13:56:46 ubuntu neutron-server[118178]: DEBUG neutron_lib.callbacks.manager [None req-eb6870cc-aae1-478c-9d9a-15c3be4cf9a0 None None] Subscribe: <bound method NeutronDbPluginV2.validate_network_rbac_policy_change of <neutron.services.network_ip_availability.plugin.NetworkIPAvailabilityPlugin object at 0x7f659eb82520>> rbac-policy before_delete 55550000 {{(pid=118178) subscribe /usr/local/lib/python3.8/dist-packages/neutron_lib/callbacks/manager.py:45}}
May 09 13:56:46 ubuntu neutron-server[118178]: INFO neutron.quota.resource_registry [None req-eb6870cc-aae1-478c-9d9a-15c3be4cf9a0 None None] Creating instance of CountableResource for resource:rbac_policy
May 09 13:56:46 ubuntu neutron-server[118178]: INFO neutron.quota.resource_registry [None req-eb6870cc-aae1-478c-9d9a-15c3be4cf9a0 None None] Creating instance of TrackedResource for resource:security_group
May 09 13:56:46 ubuntu neutron-server[118178]: INFO neutron.quota.resource_registry [None req-eb6870cc-aae1-478c-9d9a-15c3be4cf9a0 None None] Creating instance of TrackedResource for resource:security_group_rule
May 09 13:56:46 ubuntu neutron-server[118178]: DEBUG neutron.api.v2.resource_helper [None req-eb6870cc-aae1-478c-9d9a-15c3be4cf9a0 None None] Service FLAVORS assigned prefix:  {{(pid=118178) build_resource_info /opt/stack/neutron/neutron/api/v2/resource_helper.py:77}}
May 09 13:56:46 ubuntu neutron-server[118178]: DEBUG neutron.api.v2.resource_helper [None req-eb6870cc-aae1-478c-9d9a-15c3be4cf9a0 None None] Service L3_ROUTER_NAT assigned prefix:  {{(pid=118178) build_resource_info /opt/stack/neutron/neutron/api/v2/resource_helper.py:77}}
May 09 13:56:46 ubuntu neutron-server[118178]: DEBUG neutron.api.v2.resource_helper [None req-eb6870cc-aae1-478c-9d9a-15c3be4cf9a0 None None] Service L3_ROUTER_NAT assigned prefix:  {{(pid=118178) build_resource_info /opt/stack/neutron/neutron/api/v2/resource_helper.py:77}}
May 09 13:56:46 ubuntu neutron-server[118178]: INFO neutron.quota.resource_registry [None req-eb6870cc-aae1-478c-9d9a-15c3be4cf9a0 None None] Creating instance of TrackedResource for resource:router
May 09 13:56:46 ubuntu neutron-server[118178]: WARNING neutron.quota.resource_registry [None req-eb6870cc-aae1-478c-9d9a-15c3be4cf9a0 None None] router is already registered
May 09 13:56:46 ubuntu neutron-server[118178]: INFO neutron.quota.resource_registry [None req-eb6870cc-aae1-478c-9d9a-15c3be4cf9a0 None None] Creating instance of TrackedResource for resource:floatingip
May 09 13:56:46 ubuntu neutron-server[118178]: WARNING neutron.quota.resource_registry [None req-eb6870cc-aae1-478c-9d9a-15c3be4cf9a0 None None] floatingip is already registered
May 09 13:56:46 ubuntu neutron-server[118178]: INFO neutron.quota.resource_registry [None req-eb6870cc-aae1-478c-9d9a-15c3be4cf9a0 None None] Creating instance of CountableResource for resource:rbac_policy
May 09 13:56:46 ubuntu neutron-server[118178]: WARNING neutron.quota.resource_registry [None req-eb6870cc-aae1-478c-9d9a-15c3be4cf9a0 None None] rbac_policy is already registered
May 09 13:56:46 ubuntu neutron-server[118178]: INFO neutron.quota.resource_registry [None req-eb6870cc-aae1-478c-9d9a-15c3be4cf9a0 None None] Creating instance of TrackedResource for resource:security_group
May 09 13:56:46 ubuntu neutron-server[118178]: WARNING neutron.quota.resource_registry [None req-eb6870cc-aae1-478c-9d9a-15c3be4cf9a0 None None] security_group is already registered
May 09 13:56:46 ubuntu neutron-server[118178]: INFO neutron.quota.resource_registry [None req-eb6870cc-aae1-478c-9d9a-15c3be4cf9a0 None None] Creating instance of TrackedResource for resource:security_group_rule
May 09 13:56:46 ubuntu neutron-server[118178]: WARNING neutron.quota.resource_registry [None req-eb6870cc-aae1-478c-9d9a-15c3be4cf9a0 None None] security_group_rule is already registered
May 09 13:56:46 ubuntu neutron-server[118178]: DEBUG neutron.api.extensions [None req-eb6870cc-aae1-478c-9d9a-15c3be4cf9a0 None None] Extended resource: extensions {{(pid=118178) __init__ /opt/stack/neutron/neutron/api/extensions.py:157}}
May 09 13:56:46 ubuntu neutron-server[118178]: DEBUG neutron.api.extensions [None req-eb6870cc-aae1-478c-9d9a-15c3be4cf9a0 None None] Extended resource: address-groups {{(pid=118178) __init__ /opt/stack/neutron/neutron/api/extensions.py:157}}
May 09 13:56:46 ubuntu neutron-server[118178]: DEBUG neutron.api.extensions [None req-eb6870cc-aae1-478c-9d9a-15c3be4cf9a0 None None] Extended resource: address-scopes {{(pid=118178) __init__ /opt/stack/neutron/neutron/api/extensions.py:157}}
May 09 13:56:46 ubuntu neutron-server[118178]: DEBUG neutron.api.extensions [None req-eb6870cc-aae1-478c-9d9a-15c3be4cf9a0 None None] Extended resource: agents {{(pid=118178) __init__ /opt/stack/neutron/neutron/api/extensions.py:157}}
May 09 13:56:46 ubuntu neutron-server[118178]: DEBUG neutron.api.extensions [None req-eb6870cc-aae1-478c-9d9a-15c3be4cf9a0 None None] Extended resource: auto-allocated-topology {{(pid=118178) __init__ /opt/stack/neutron/neutron/api/extensions.py:157}}
May 09 13:56:46 ubuntu neutron-server[118178]: DEBUG neutron.api.extensions [None req-eb6870cc-aae1-478c-9d9a-15c3be4cf9a0 None None] Extended resource: availability_zones {{(pid=118178) __init__ /opt/stack/neutron/neutron/api/extensions.py:157}}
May 09 13:56:46 ubuntu neutron-server[118178]: DEBUG neutron.api.extensions [None req-eb6870cc-aae1-478c-9d9a-15c3be4cf9a0 None None] Extended resource: flavors {{(pid=118178) __init__ /opt/stack/neutron/neutron/api/extensions.py:157}}
May 09 13:56:46 ubuntu neutron-server[118178]: DEBUG neutron.api.extensions [None req-eb6870cc-aae1-478c-9d9a-15c3be4cf9a0 None None] Extended resource: service_profiles {{(pid=118178) __init__ /opt/stack/neutron/neutron/api/extensions.py:157}}
May 09 13:56:46 ubuntu neutron-server[118178]: DEBUG neutron.api.extensions [None req-eb6870cc-aae1-478c-9d9a-15c3be4cf9a0 None None] Extended resource: next_providers {{(pid=118178) __init__ /opt/stack/neutron/neutron/api/extensions.py:157}}
May 09 13:56:46 ubuntu neutron-server[118178]: DEBUG neutron.api.extensions [None req-eb6870cc-aae1-478c-9d9a-15c3be4cf9a0 None None] Extended resource: service_profiles {{(pid=118178) __init__ /opt/stack/neutron/neutron/api/extensions.py:157}}
May 09 13:56:46 ubuntu neutron-server[118178]: DEBUG neutron.api.extensions [None req-eb6870cc-aae1-478c-9d9a-15c3be4cf9a0 None None] Extended resource: floatingip-pools {{(pid=118178) __init__ /opt/stack/neutron/neutron/api/extensions.py:157}}
May 09 13:56:46 ubuntu neutron-server[118178]: DEBUG neutron.api.extensions [None req-eb6870cc-aae1-478c-9d9a-15c3be4cf9a0 None None] Extended resource: routers {{(pid=118178) __init__ /opt/stack/neutron/neutron/api/extensions.py:157}}
May 09 13:56:46 ubuntu neutron-server[118178]: DEBUG neutron.api.extensions [None req-eb6870cc-aae1-478c-9d9a-15c3be4cf9a0 None None] Extended resource: floatingips {{(pid=118178) __init__ /opt/stack/neutron/neutron/api/extensions.py:157}}
May 09 13:56:46 ubuntu neutron-server[118178]: DEBUG neutron.api.extensions [None req-eb6870cc-aae1-478c-9d9a-15c3be4cf9a0 None None] Extended resource: network-ip-availabilities {{(pid=118178) __init__ /opt/stack/neutron/neutron/api/extensions.py:157}}
May 09 13:56:46 ubuntu neutron-server[118178]: DEBUG neutron.api.extensions [None req-eb6870cc-aae1-478c-9d9a-15c3be4cf9a0 None None] Extended resource: bindings {{(pid=118178) __init__ /opt/stack/neutron/neutron/api/extensions.py:157}}
May 09 13:56:46 ubuntu neutron-server[118178]: DEBUG neutron.api.extensions [None req-eb6870cc-aae1-478c-9d9a-15c3be4cf9a0 None None] Extended resource: quotas {{(pid=118178) __init__ /opt/stack/neutron/neutron/api/extensions.py:157}}
May 09 13:56:46 ubuntu neutron-server[118178]: DEBUG neutron.api.extensions [None req-eb6870cc-aae1-478c-9d9a-15c3be4cf9a0 None None] Extended resource: quotas {{(pid=118178) __init__ /opt/stack/neutron/neutron/api/extensions.py:157}}
May 09 13:56:46 ubuntu neutron-server[118178]: DEBUG neutron.api.extensions [None req-eb6870cc-aae1-478c-9d9a-15c3be4cf9a0 None None] Extended resource: rbac-policies {{(pid=118178) __init__ /opt/stack/neutron/neutron/api/extensions.py:157}}
May 09 13:56:46 ubuntu neutron-server[118178]: DEBUG neutron.api.extensions [None req-eb6870cc-aae1-478c-9d9a-15c3be4cf9a0 None None] Extended resource: security-groups {{(pid=118178) __init__ /opt/stack/neutron/neutron/api/extensions.py:157}}
May 09 13:56:46 ubuntu neutron-server[118178]: DEBUG neutron.api.extensions [None req-eb6870cc-aae1-478c-9d9a-15c3be4cf9a0 None None] Extended resource: security-group-rules {{(pid=118178) __init__ /opt/stack/neutron/neutron/api/extensions.py:157}}
May 09 13:56:46 ubuntu neutron-server[118178]: DEBUG neutron.api.extensions [None req-eb6870cc-aae1-478c-9d9a-15c3be4cf9a0 None None] Extended resource: service-providers {{(pid=118178) __init__ /opt/stack/neutron/neutron/api/extensions.py:157}}
May 09 13:56:46 ubuntu neutron-server[118178]: DEBUG neutron.api.extensions [None req-eb6870cc-aae1-478c-9d9a-15c3be4cf9a0 None None] Extended resource: tags {{(pid=118178) __init__ /opt/stack/neutron/neutron/api/extensions.py:157}}
May 09 13:56:46 ubuntu neutron-server[118178]: DEBUG neutron.api.extensions [None req-eb6870cc-aae1-478c-9d9a-15c3be4cf9a0 None None] Extended resource: tags {{(pid=118178) __init__ /opt/stack/neutron/neutron/api/extensions.py:157}}
May 09 13:56:46 ubuntu neutron-server[118178]: DEBUG neutron.api.extensions [None req-eb6870cc-aae1-478c-9d9a-15c3be4cf9a0 None None] Extended resource: tags {{(pid=118178) __init__ /opt/stack/neutron/neutron/api/extensions.py:157}}
May 09 13:56:46 ubuntu neutron-server[118178]: DEBUG neutron.api.extensions [None req-eb6870cc-aae1-478c-9d9a-15c3be4cf9a0 None None] Extended resource: tags {{(pid=118178) __init__ /opt/stack/neutron/neutron/api/extensions.py:157}}
May 09 13:56:46 ubuntu neutron-server[118178]: DEBUG neutron.api.extensions [None req-eb6870cc-aae1-478c-9d9a-15c3be4cf9a0 None None] Extended resource: tags {{(pid=118178) __init__ /opt/stack/neutron/neutron/api/extensions.py:157}}
May 09 13:56:46 ubuntu neutron-server[118178]: DEBUG neutron.api.extensions [None req-eb6870cc-aae1-478c-9d9a-15c3be4cf9a0 None None] Extended resource: tags {{(pid=118178) __init__ /opt/stack/neutron/neutron/api/extensions.py:157}}
May 09 13:56:46 ubuntu neutron-server[118178]: DEBUG neutron.api.extensions [None req-eb6870cc-aae1-478c-9d9a-15c3be4cf9a0 None None] Extended resource: tags {{(pid=118178) __init__ /opt/stack/neutron/neutron/api/extensions.py:157}}
May 09 13:56:46 ubuntu neutron-server[118178]: DEBUG neutron.api.extensions [None req-eb6870cc-aae1-478c-9d9a-15c3be4cf9a0 None None] Extended resource: tags {{(pid=118178) __init__ /opt/stack/neutron/neutron/api/extensions.py:157}}
May 09 13:56:46 ubuntu neutron-server[118178]: DEBUG neutron.api.extensions [None req-eb6870cc-aae1-478c-9d9a-15c3be4cf9a0 None None] Extended resource: tags {{(pid=118178) __init__ /opt/stack/neutron/neutron/api/extensions.py:157}}
May 09 13:56:46 ubuntu neutron-server[118178]: DEBUG neutron.api.extensions [None req-eb6870cc-aae1-478c-9d9a-15c3be4cf9a0 None None] Extended resource: tags {{(pid=118178) __init__ /opt/stack/neutron/neutron/api/extensions.py:157}}
May 09 13:56:46 ubuntu neutron-server[118178]: WARNING keystonemiddleware.auth_token [None req-eb6870cc-aae1-478c-9d9a-15c3be4cf9a0 None None] AuthToken middleware is set with keystone_authtoken.service_token_roles_required set to False. This is backwards compatible but deprecated behaviour. Please set this to True.
May 09 13:56:46 ubuntu neutron-server[118178]: WARNING keystonemiddleware.auth_token [None req-eb6870cc-aae1-478c-9d9a-15c3be4cf9a0 None None] Configuring www_authenticate_uri to point to the public identity endpoint is required; clients may not be able to authenticate against an admin endpoint
May 09 13:56:46 ubuntu neutron-server[118178]: DEBUG oslo_concurrency.lockutils [None req-eb6870cc-aae1-478c-9d9a-15c3be4cf9a0 None None] Acquired lock "singleton_lock" {{(pid=118178) lock /usr/local/lib/python3.8/dist-packages/oslo_concurrency/lockutils.py:294}}
May 09 13:56:46 ubuntu neutron-server[118178]: DEBUG oslo_concurrency.lockutils [None req-eb6870cc-aae1-478c-9d9a-15c3be4cf9a0 None None] Releasing lock "singleton_lock" {{(pid=118178) lock /usr/local/lib/python3.8/dist-packages/oslo_concurrency/lockutils.py:312}}
May 09 13:56:46 ubuntu neutron-server[118178]: INFO oslo_service.service [None req-eb6870cc-aae1-478c-9d9a-15c3be4cf9a0 None None] Starting 2 workers
May 09 13:56:46 ubuntu neutron-server[118178]: DEBUG oslo_service.service [None req-eb6870cc-aae1-478c-9d9a-15c3be4cf9a0 None None] Started child 118394 {{(pid=118178) _start_child /usr/local/lib/python3.8/dist-packages/oslo_service/service.py:575}}
May 09 13:56:46 ubuntu neutron-server[118178]: DEBUG oslo_service.service [None req-eb6870cc-aae1-478c-9d9a-15c3be4cf9a0 None None] Started child 118395 {{(pid=118178) _start_child /usr/local/lib/python3.8/dist-packages/oslo_service/service.py:575}}
May 09 13:56:46 ubuntu neutron-server[118178]: INFO neutron.service [None req-eb6870cc-aae1-478c-9d9a-15c3be4cf9a0 None None] Neutron service started, listening on 0.0.0.0:9696
May 09 13:56:46 ubuntu neutron-server[118178]: DEBUG neutron_lib.callbacks.manager [None req-eb6870cc-aae1-478c-9d9a-15c3be4cf9a0 None None] Publish callbacks ['neutron.plugins.ml2.drivers.ovn.mech_driver.mech_driver.OVNMechanismDriver.pre_fork_initialize-258364'] for process (None), before_spawn {{(pid=118178) _notify_loop /usr/local/lib/python3.8/dist-packages/neutron_lib/callbacks/manager.py:176}}
May 09 13:56:46 ubuntu neutron-server[118394]: DEBUG neutron_lib.callbacks.manager [-] Publish callbacks ['neutron.plugins.ml2.drivers.ovn.mech_driver.mech_driver.OVNMechanismDriver.post_fork_initialize-260820'] for process (None), after_init {{(pid=118394) _notify_loop /usr/local/lib/python3.8/dist-packages/neutron_lib/callbacks/manager.py:176}}
May 09 13:56:46 ubuntu neutron-server[118395]: DEBUG neutron_lib.callbacks.manager [-] Publish callbacks ['neutron.plugins.ml2.drivers.ovn.mech_driver.mech_driver.OVNMechanismDriver.post_fork_initialize-260820'] for process (None), after_init {{(pid=118395) _notify_loop /usr/local/lib/python3.8/dist-packages/neutron_lib/callbacks/manager.py:176}}
May 09 13:56:46 ubuntu neutron-server[118178]: DEBUG ovsdbapp.backend.ovs_idl [None req-eb6870cc-aae1-478c-9d9a-15c3be4cf9a0 None None] Created schema index Port_Group.name {{(pid=118178) autocreate_indices /usr/local/lib/python3.8/dist-packages/ovsdbapp/backend/ovs_idl/__init__.py:104}}
May 09 13:56:46 ubuntu neutron-server[118178]: DEBUG ovsdbapp.backend.ovs_idl [None req-eb6870cc-aae1-478c-9d9a-15c3be4cf9a0 None None] Created schema index Logical_Switch_Port.name {{(pid=118178) autocreate_indices /usr/local/lib/python3.8/dist-packages/ovsdbapp/backend/ovs_idl/__init__.py:104}}
May 09 13:56:46 ubuntu neutron-server[118395]: INFO neutron.plugins.ml2.drivers.ovn.mech_driver.ovsdb.impl_idl_ovn [None req-26e20244-2843-403e-953e-fd94365b649d None None] Getting OvsdbNbOvnIdl for WorkerService with retry
May 09 13:56:46 ubuntu neutron-server[118394]: INFO neutron.plugins.ml2.drivers.ovn.mech_driver.ovsdb.impl_idl_ovn [None req-7c580649-1004-4ee8-a829-825b08aaec25 None None] Getting OvsdbNbOvnIdl for WorkerService with retry
May 09 13:56:46 ubuntu neutron-server[118394]: DEBUG ovsdbapp.backend.ovs_idl [None req-7c580649-1004-4ee8-a829-825b08aaec25 None None] Created lookup_table index Logical_Switch.name {{(pid=118394) autocreate_indices /usr/local/lib/python3.8/dist-packages/ovsdbapp/backend/ovs_idl/__init__.py:85}}
May 09 13:56:46 ubuntu neutron-server[118395]: DEBUG ovsdbapp.backend.ovs_idl [None req-26e20244-2843-403e-953e-fd94365b649d None None] Created lookup_table index Logical_Switch.name {{(pid=118395) autocreate_indices /usr/local/lib/python3.8/dist-packages/ovsdbapp/backend/ovs_idl/__init__.py:85}}
May 09 13:56:46 ubuntu neutron-server[118395]: DEBUG ovsdbapp.backend.ovs_idl [None req-26e20244-2843-403e-953e-fd94365b649d None None] Created lookup_table index Logical_Router.name {{(pid=118395) autocreate_indices /usr/local/lib/python3.8/dist-packages/ovsdbapp/backend/ovs_idl/__init__.py:85}}
May 09 13:56:46 ubuntu neutron-server[118395]: DEBUG ovsdbapp.backend.ovs_idl [None req-26e20244-2843-403e-953e-fd94365b649d None None] Created lookup_table index Load_Balancer.name {{(pid=118395) autocreate_indices /usr/local/lib/python3.8/dist-packages/ovsdbapp/backend/ovs_idl/__init__.py:85}}
May 09 13:56:46 ubuntu neutron-server[118394]: DEBUG ovsdbapp.backend.ovs_idl [None req-7c580649-1004-4ee8-a829-825b08aaec25 None None] Created lookup_table index Logical_Router.name {{(pid=118394) autocreate_indices /usr/local/lib/python3.8/dist-packages/ovsdbapp/backend/ovs_idl/__init__.py:85}}
May 09 13:56:46 ubuntu neutron-server[118395]: DEBUG ovsdbapp.backend.ovs_idl [None req-26e20244-2843-403e-953e-fd94365b649d None None] Created schema index Meter.name {{(pid=118395) autocreate_indices /usr/local/lib/python3.8/dist-packages/ovsdbapp/backend/ovs_idl/__init__.py:104}}
May 09 13:56:46 ubuntu neutron-server[118395]: DEBUG ovsdbapp.backend.ovs_idl [None req-26e20244-2843-403e-953e-fd94365b649d None None] Created schema index Address_Set.name {{(pid=118395) autocreate_indices /usr/local/lib/python3.8/dist-packages/ovsdbapp/backend/ovs_idl/__init__.py:104}}
May 09 13:56:46 ubuntu neutron-server[118395]: DEBUG ovsdbapp.backend.ovs_idl [None req-26e20244-2843-403e-953e-fd94365b649d None None] Created schema index HA_Chassis_Group.name {{(pid=118395) autocreate_indices /usr/local/lib/python3.8/dist-packages/ovsdbapp/backend/ovs_idl/__init__.py:104}}
May 09 13:56:46 ubuntu neutron-server[118395]: DEBUG ovsdbapp.backend.ovs_idl [None req-26e20244-2843-403e-953e-fd94365b649d None None] Created schema index Connection.target {{(pid=118395) autocreate_indices /usr/local/lib/python3.8/dist-packages/ovsdbapp/backend/ovs_idl/__init__.py:104}}
May 09 13:56:46 ubuntu neutron-server[118394]: DEBUG ovsdbapp.backend.ovs_idl [None req-7c580649-1004-4ee8-a829-825b08aaec25 None None] Created lookup_table index Load_Balancer.name {{(pid=118394) autocreate_indices /usr/local/lib/python3.8/dist-packages/ovsdbapp/backend/ovs_idl/__init__.py:85}}
May 09 13:56:46 ubuntu neutron-server[118395]: DEBUG ovsdbapp.backend.ovs_idl [None req-26e20244-2843-403e-953e-fd94365b649d None None] Created schema index Gateway_Chassis.name {{(pid=118395) autocreate_indices /usr/local/lib/python3.8/dist-packages/ovsdbapp/backend/ovs_idl/__init__.py:104}}
May 09 13:56:46 ubuntu neutron-server[118395]: DEBUG ovsdbapp.backend.ovs_idl [None req-26e20244-2843-403e-953e-fd94365b649d None None] Created schema index Logical_Router_Port.name {{(pid=118395) autocreate_indices /usr/local/lib/python3.8/dist-packages/ovsdbapp/backend/ovs_idl/__init__.py:104}}
May 09 13:56:46 ubuntu neutron-server[118395]: DEBUG ovsdbapp.backend.ovs_idl [None req-26e20244-2843-403e-953e-fd94365b649d None None] Created schema index Port_Group.name {{(pid=118395) autocreate_indices /usr/local/lib/python3.8/dist-packages/ovsdbapp/backend/ovs_idl/__init__.py:104}}
May 09 13:56:46 ubuntu neutron-server[118394]: DEBUG ovsdbapp.backend.ovs_idl [None req-7c580649-1004-4ee8-a829-825b08aaec25 None None] Created schema index Meter.name {{(pid=118394) autocreate_indices /usr/local/lib/python3.8/dist-packages/ovsdbapp/backend/ovs_idl/__init__.py:104}}
May 09 13:56:46 ubuntu neutron-server[118395]: DEBUG ovsdbapp.backend.ovs_idl [None req-26e20244-2843-403e-953e-fd94365b649d None None] Created schema index Logical_Switch_Port.name {{(pid=118395) autocreate_indices /usr/local/lib/python3.8/dist-packages/ovsdbapp/backend/ovs_idl/__init__.py:104}}
May 09 13:56:46 ubuntu neutron-server[118394]: DEBUG ovsdbapp.backend.ovs_idl [None req-7c580649-1004-4ee8-a829-825b08aaec25 None None] Created schema index Address_Set.name {{(pid=118394) autocreate_indices /usr/local/lib/python3.8/dist-packages/ovsdbapp/backend/ovs_idl/__init__.py:104}}
May 09 13:56:46 ubuntu neutron-server[118394]: DEBUG ovsdbapp.backend.ovs_idl [None req-7c580649-1004-4ee8-a829-825b08aaec25 None None] Created schema index HA_Chassis_Group.name {{(pid=118394) autocreate_indices /usr/local/lib/python3.8/dist-packages/ovsdbapp/backend/ovs_idl/__init__.py:104}}
May 09 13:56:46 ubuntu neutron-server[118394]: DEBUG ovsdbapp.backend.ovs_idl [None req-7c580649-1004-4ee8-a829-825b08aaec25 None None] Created schema index Connection.target {{(pid=118394) autocreate_indices /usr/local/lib/python3.8/dist-packages/ovsdbapp/backend/ovs_idl/__init__.py:104}}
May 09 13:56:46 ubuntu neutron-server[118395]: INFO ovsdbapp.backend.ovs_idl.vlog [None req-26e20244-2843-403e-953e-fd94365b649d None None] tcp:192.168.79.49:6641: connecting...
May 09 13:56:46 ubuntu neutron-server[118394]: DEBUG ovsdbapp.backend.ovs_idl [None req-7c580649-1004-4ee8-a829-825b08aaec25 None None] Created schema index Gateway_Chassis.name {{(pid=118394) autocreate_indices /usr/local/lib/python3.8/dist-packages/ovsdbapp/backend/ovs_idl/__init__.py:104}}
May 09 13:56:46 ubuntu neutron-server[118395]: INFO ovsdbapp.backend.ovs_idl.vlog [None req-26e20244-2843-403e-953e-fd94365b649d None None] tcp:192.168.79.49:6641: connected
May 09 13:56:46 ubuntu neutron-server[118394]: DEBUG ovsdbapp.backend.ovs_idl [None req-7c580649-1004-4ee8-a829-825b08aaec25 None None] Created schema index Logical_Router_Port.name {{(pid=118394) autocreate_indices /usr/local/lib/python3.8/dist-packages/ovsdbapp/backend/ovs_idl/__init__.py:104}}
May 09 13:56:46 ubuntu neutron-server[118394]: DEBUG ovsdbapp.backend.ovs_idl [None req-7c580649-1004-4ee8-a829-825b08aaec25 None None] Created schema index Port_Group.name {{(pid=118394) autocreate_indices /usr/local/lib/python3.8/dist-packages/ovsdbapp/backend/ovs_idl/__init__.py:104}}
May 09 13:56:46 ubuntu neutron-server[118394]: DEBUG ovsdbapp.backend.ovs_idl [None req-7c580649-1004-4ee8-a829-825b08aaec25 None None] Created schema index Logical_Switch_Port.name {{(pid=118394) autocreate_indices /usr/local/lib/python3.8/dist-packages/ovsdbapp/backend/ovs_idl/__init__.py:104}}
May 09 13:56:46 ubuntu neutron-server[118394]: INFO ovsdbapp.backend.ovs_idl.vlog [None req-7c580649-1004-4ee8-a829-825b08aaec25 None None] tcp:192.168.79.49:6641: connecting...
May 09 13:56:46 ubuntu neutron-server[118394]: INFO ovsdbapp.backend.ovs_idl.vlog [None req-7c580649-1004-4ee8-a829-825b08aaec25 None None] tcp:192.168.79.49:6641: connected
May 09 13:56:46 ubuntu neutron-server[118178]: DEBUG ovsdbapp.backend.ovs_idl.transaction [-] Running txn n=1 command(idx=0): PgAddCommand(name=neutron_pg_drop, may_exist=True, columns={'acls': []}) {{(pid=118178) do_commit /usr/local/lib/python3.8/dist-packages/ovsdbapp/backend/ovs_idl/transaction.py:90}}
May 09 13:56:46 ubuntu neutron-server[118178]: DEBUG ovsdbapp.backend.ovs_idl.transaction [-] Running txn n=1 command(idx=1): PgAclAddCommand(entity=neutron_pg_drop, direction=from-lport, priority=1001, match=inport == @neutron_pg_drop && ip, action=drop, log=False, may_exist=True, severity=[], name=[], meter=None, external_ids={}) {{(pid=118178) do_commit /usr/local/lib/python3.8/dist-packages/ovsdbapp/backend/ovs_idl/transaction.py:90}}
May 09 13:56:46 ubuntu neutron-server[118178]: DEBUG ovsdbapp.backend.ovs_idl.transaction [-] Running txn n=1 command(idx=2): PgAclAddCommand(entity=neutron_pg_drop, direction=to-lport, priority=1001, match=outport == @neutron_pg_drop && ip, action=drop, log=False, may_exist=True, severity=[], name=[], meter=None, external_ids={}) {{(pid=118178) do_commit /usr/local/lib/python3.8/dist-packages/ovsdbapp/backend/ovs_idl/transaction.py:90}}
May 09 13:56:46 ubuntu neutron-server[118178]: DEBUG ovsdbapp.backend.ovs_idl.event [-] Matched CREATE: NeutronPgDropPortGroupCreated(events=('create',), table='Port_Group', conditions=(('name', '=', 'neutron_pg_drop'),), old_conditions=None), priority=10 to row=Port_Group(name=neutron_pg_drop, ports=[], external_ids={}, acls=[<ovs.db.idl.Row object at 0x7f659e3cc430>, <ovs.db.idl.Row object at 0x7f659e3cc160>]) old= {{(pid=118178) matches /usr/local/lib/python3.8/dist-packages/ovsdbapp/backend/ovs_idl/event.py:43}}
May 09 13:56:46 ubuntu neutron-server[118178]: DEBUG ovsdbapp.backend.ovs_idl [None req-eb6870cc-aae1-478c-9d9a-15c3be4cf9a0 None None] Created lookup_table index Logical_Switch.name {{(pid=118178) autocreate_indices /usr/local/lib/python3.8/dist-packages/ovsdbapp/backend/ovs_idl/__init__.py:85}}
May 09 13:56:46 ubuntu neutron-server[118178]: DEBUG ovsdbapp.backend.ovs_idl [None req-eb6870cc-aae1-478c-9d9a-15c3be4cf9a0 None None] Created lookup_table index Logical_Router.name {{(pid=118178) autocreate_indices /usr/local/lib/python3.8/dist-packages/ovsdbapp/backend/ovs_idl/__init__.py:85}}
May 09 13:56:46 ubuntu neutron-server[118178]: DEBUG ovsdbapp.backend.ovs_idl [None req-eb6870cc-aae1-478c-9d9a-15c3be4cf9a0 None None] Created lookup_table index Load_Balancer.name {{(pid=118178) autocreate_indices /usr/local/lib/python3.8/dist-packages/ovsdbapp/backend/ovs_idl/__init__.py:85}}
May 09 13:56:46 ubuntu neutron-server[118178]: DEBUG ovsdbapp.backend.ovs_idl [None req-eb6870cc-aae1-478c-9d9a-15c3be4cf9a0 None None] Created schema index Meter.name {{(pid=118178) autocreate_indices /usr/local/lib/python3.8/dist-packages/ovsdbapp/backend/ovs_idl/__init__.py:104}}
May 09 13:56:46 ubuntu neutron-server[118178]: DEBUG ovsdbapp.backend.ovs_idl [None req-eb6870cc-aae1-478c-9d9a-15c3be4cf9a0 None None] Created schema index Address_Set.name {{(pid=118178) autocreate_indices /usr/local/lib/python3.8/dist-packages/ovsdbapp/backend/ovs_idl/__init__.py:104}}
May 09 13:56:46 ubuntu neutron-server[118178]: DEBUG ovsdbapp.backend.ovs_idl [None req-eb6870cc-aae1-478c-9d9a-15c3be4cf9a0 None None] Created schema index HA_Chassis_Group.name {{(pid=118178) autocreate_indices /usr/local/lib/python3.8/dist-packages/ovsdbapp/backend/ovs_idl/__init__.py:104}}
May 09 13:56:46 ubuntu neutron-server[118178]: DEBUG ovsdbapp.backend.ovs_idl [None req-eb6870cc-aae1-478c-9d9a-15c3be4cf9a0 None None] Created schema index Connection.target {{(pid=118178) autocreate_indices /usr/local/lib/python3.8/dist-packages/ovsdbapp/backend/ovs_idl/__init__.py:104}}
May 09 13:56:46 ubuntu neutron-server[118178]: DEBUG ovsdbapp.backend.ovs_idl [None req-eb6870cc-aae1-478c-9d9a-15c3be4cf9a0 None None] Created schema index Gateway_Chassis.name {{(pid=118178) autocreate_indices /usr/local/lib/python3.8/dist-packages/ovsdbapp/backend/ovs_idl/__init__.py:104}}
May 09 13:56:46 ubuntu neutron-server[118178]: DEBUG ovsdbapp.backend.ovs_idl [None req-eb6870cc-aae1-478c-9d9a-15c3be4cf9a0 None None] Created schema index Logical_Router_Port.name {{(pid=118178) autocreate_indices /usr/local/lib/python3.8/dist-packages/ovsdbapp/backend/ovs_idl/__init__.py:104}}
May 09 13:56:46 ubuntu neutron-server[118178]: DEBUG ovsdbapp.backend.ovs_idl [None req-eb6870cc-aae1-478c-9d9a-15c3be4cf9a0 None None] Created schema index Port_Group.name {{(pid=118178) autocreate_indices /usr/local/lib/python3.8/dist-packages/ovsdbapp/backend/ovs_idl/__init__.py:104}}
May 09 13:56:46 ubuntu neutron-server[118178]: DEBUG ovsdbapp.backend.ovs_idl [None req-eb6870cc-aae1-478c-9d9a-15c3be4cf9a0 None None] Created schema index Logical_Switch_Port.name {{(pid=118178) autocreate_indices /usr/local/lib/python3.8/dist-packages/ovsdbapp/backend/ovs_idl/__init__.py:104}}
May 09 13:56:46 ubuntu neutron-server[118394]: DEBUG neutron.common.ovn.hash_ring_manager [None req-7c580649-1004-4ee8-a829-825b08aaec25 None None] Allow caching, nodes 2>=2 {{(pid=118394) _wait_startup_before_caching /opt/stack/neutron/neutron/common/ovn/hash_ring_manager.py:60}}
May 09 13:56:47 ubuntu neutron-server[118394]: DEBUG neutron.plugins.ml2.drivers.ovn.mech_driver.ovsdb.ovsdb_monitor [None req-7c580649-1004-4ee8-a829-825b08aaec25 None None] Hash Ring: Node c1f475a1-9aa0-448b-a400-6de9c4cb5947 (host: ubuntu) handling event "create" for row 61cf651e-a09b-42a3-b3f6-dce05845ff5a (table: Database) {{(pid=118394) notify /opt/stack/neutron/neutron/plugins/ml2/drivers/ovn/mech_driver/ovsdb/ovsdb_monitor.py:815}}
May 09 13:56:47 ubuntu neutron-server[118394]: DEBUG neutron.plugins.ml2.drivers.ovn.mech_driver.ovsdb.ovsdb_monitor [None req-7c580649-1004-4ee8-a829-825b08aaec25 None None] Hash Ring: Node c1f475a1-9aa0-448b-a400-6de9c4cb5947 (host: ubuntu) handling event "create" for row ec812432-8ce2-40b5-95d7-2f7c266963ae (table: Port_Group) {{(pid=118394) notify /opt/stack/neutron/neutron/plugins/ml2/drivers/ovn/mech_driver/ovsdb/ovsdb_monitor.py:815}}
May 09 13:56:47 ubuntu neutron-server[118394]: DEBUG neutron.plugins.ml2.drivers.ovn.mech_driver.ovsdb.ovsdb_monitor [None req-7c580649-1004-4ee8-a829-825b08aaec25 None None] Hash Ring: Node c1f475a1-9aa0-448b-a400-6de9c4cb5947 (host: ubuntu) handling event "create" for row e2dd2a34-4f22-427a-a308-d9c38cb7bed5 (table: NB_Global) {{(pid=118394) notify /opt/stack/neutron/neutron/plugins/ml2/drivers/ovn/mech_driver/ovsdb/ovsdb_monitor.py:815}}
May 09 13:56:47 ubuntu neutron-server[118394]: DEBUG neutron.plugins.ml2.drivers.ovn.mech_driver.ovsdb.ovsdb_monitor [None req-7c580649-1004-4ee8-a829-825b08aaec25 None None] Hash Ring: Node c1f475a1-9aa0-448b-a400-6de9c4cb5947 (host: ubuntu) handling event "create" for row deb72ac9-97d5-4ab0-8226-57beaf4227f9 (table: ACL) {{(pid=118394) notify /opt/stack/neutron/neutron/plugins/ml2/drivers/ovn/mech_driver/ovsdb/ovsdb_monitor.py:815}}
May 09 13:56:47 ubuntu neutron-server[118394]: DEBUG neutron.plugins.ml2.drivers.ovn.mech_driver.ovsdb.ovsdb_monitor [None req-7c580649-1004-4ee8-a829-825b08aaec25 None None] Hash Ring: Node c1f475a1-9aa0-448b-a400-6de9c4cb5947 (host: ubuntu) handling event "create" for row 8d0ddf54-8c72-47f1-8fb2-54fbfcd3ffc5 (table: Connection) {{(pid=118394) notify /opt/stack/neutron/neutron/plugins/ml2/drivers/ovn/mech_driver/ovsdb/ovsdb_monitor.py:815}}
May 09 13:56:47 ubuntu neutron-server[118395]: DEBUG neutron.common.ovn.hash_ring_manager [None req-26e20244-2843-403e-953e-fd94365b649d None None] Allow caching, nodes 2>=2 {{(pid=118395) _wait_startup_before_caching /opt/stack/neutron/neutron/common/ovn/hash_ring_manager.py:60}}
May 09 13:56:47 ubuntu neutron-server[118394]: INFO neutron.plugins.ml2.drivers.ovn.mech_driver.ovsdb.impl_idl_ovn [None req-7c580649-1004-4ee8-a829-825b08aaec25 None None] Getting OvsdbSbOvnIdl for WorkerService with retry
May 09 13:56:47 ubuntu neutron-server[118394]: DEBUG ovsdbapp.backend.ovs_idl [None req-7c580649-1004-4ee8-a829-825b08aaec25 None None] Created lookup_table index Chassis.name {{(pid=118394) autocreate_indices /usr/local/lib/python3.8/dist-packages/ovsdbapp/backend/ovs_idl/__init__.py:85}}
May 09 13:56:47 ubuntu neutron-server[118394]: DEBUG ovsdbapp.backend.ovs_idl [None req-7c580649-1004-4ee8-a829-825b08aaec25 None None] Created schema index Datapath_Binding.tunnel_key {{(pid=118394) autocreate_indices /usr/local/lib/python3.8/dist-packages/ovsdbapp/backend/ovs_idl/__init__.py:104}}
May 09 13:56:47 ubuntu neutron-server[118394]: DEBUG ovsdbapp.backend.ovs_idl [None req-7c580649-1004-4ee8-a829-825b08aaec25 None None] Created schema index Connection.target {{(pid=118394) autocreate_indices /usr/local/lib/python3.8/dist-packages/ovsdbapp/backend/ovs_idl/__init__.py:104}}
May 09 13:56:47 ubuntu neutron-server[118394]: INFO ovsdbapp.backend.ovs_idl.vlog [None req-7c580649-1004-4ee8-a829-825b08aaec25 None None] tcp:192.168.79.49:6642: connecting...
May 09 13:56:47 ubuntu neutron-server[118394]: INFO ovsdbapp.backend.ovs_idl.vlog [None req-7c580649-1004-4ee8-a829-825b08aaec25 None None] tcp:192.168.79.49:6642: connected
May 09 13:56:47 ubuntu neutron-server[118395]: DEBUG neutron.plugins.ml2.drivers.ovn.mech_driver.ovsdb.ovsdb_monitor [None req-26e20244-2843-403e-953e-fd94365b649d None None] Hash Ring: Node 6efe7b67-218c-4ffd-8bd4-031c659ee5d9 (host: ubuntu) handling event "create" for row 85d5c855-e6b2-4c34-b178-330525f649a3 (table: Database) {{(pid=118395) notify /opt/stack/neutron/neutron/plugins/ml2/drivers/ovn/mech_driver/ovsdb/ovsdb_monitor.py:815}}
May 09 13:56:47 ubuntu neutron-server[118395]: DEBUG neutron.plugins.ml2.drivers.ovn.mech_driver.ovsdb.ovsdb_monitor [None req-26e20244-2843-403e-953e-fd94365b649d None None] Hash Ring: Node 6efe7b67-218c-4ffd-8bd4-031c659ee5d9 (host: ubuntu) handling event "create" for row f1881aef-8c0e-4c58-a497-8df282c9af11 (table: ACL) {{(pid=118395) notify /opt/stack/neutron/neutron/plugins/ml2/drivers/ovn/mech_driver/ovsdb/ovsdb_monitor.py:815}}
May 09 13:56:47 ubuntu neutron-server[118395]: INFO neutron.plugins.ml2.drivers.ovn.mech_driver.ovsdb.impl_idl_ovn [None req-26e20244-2843-403e-953e-fd94365b649d None None] Getting OvsdbSbOvnIdl for WorkerService with retry
May 09 13:56:47 ubuntu neutron-server[118178]: DEBUG ovsdbapp.backend.ovs_idl [None req-eb6870cc-aae1-478c-9d9a-15c3be4cf9a0 None None] Created lookup_table index Chassis.name {{(pid=118178) autocreate_indices /usr/local/lib/python3.8/dist-packages/ovsdbapp/backend/ovs_idl/__init__.py:85}}
May 09 13:56:47 ubuntu neutron-server[118178]: DEBUG ovsdbapp.backend.ovs_idl [None req-eb6870cc-aae1-478c-9d9a-15c3be4cf9a0 None None] Created lookup_table index MAC_Binding.ip {{(pid=118178) autocreate_indices /usr/local/lib/python3.8/dist-packages/ovsdbapp/backend/ovs_idl/__init__.py:85}}
May 09 13:56:47 ubuntu neutron-server[118178]: DEBUG ovsdbapp.backend.ovs_idl [None req-eb6870cc-aae1-478c-9d9a-15c3be4cf9a0 None None] Created schema index Meter.name {{(pid=118178) autocreate_indices /usr/local/lib/python3.8/dist-packages/ovsdbapp/backend/ovs_idl/__init__.py:104}}
May 09 13:56:47 ubuntu neutron-server[118178]: DEBUG ovsdbapp.backend.ovs_idl [None req-eb6870cc-aae1-478c-9d9a-15c3be4cf9a0 None None] Created schema index Address_Set.name {{(pid=118178) autocreate_indices /usr/local/lib/python3.8/dist-packages/ovsdbapp/backend/ovs_idl/__init__.py:104}}
May 09 13:56:47 ubuntu neutron-server[118178]: DEBUG ovsdbapp.backend.ovs_idl [None req-eb6870cc-aae1-478c-9d9a-15c3be4cf9a0 None None] Created schema index HA_Chassis_Group.name {{(pid=118178) autocreate_indices /usr/local/lib/python3.8/dist-packages/ovsdbapp/backend/ovs_idl/__init__.py:104}}
May 09 13:56:47 ubuntu neutron-server[118178]: DEBUG ovsdbapp.backend.ovs_idl [None req-eb6870cc-aae1-478c-9d9a-15c3be4cf9a0 None None] Created schema index IP_Multicast.datapath {{(pid=118178) autocreate_indices /usr/local/lib/python3.8/dist-packages/ovsdbapp/backend/ovs_idl/__init__.py:104}}
May 09 13:56:47 ubuntu neutron-server[118395]: DEBUG ovsdbapp.backend.ovs_idl [None req-26e20244-2843-403e-953e-fd94365b649d None None] Created lookup_table index Chassis.name {{(pid=118395) autocreate_indices /usr/local/lib/python3.8/dist-packages/ovsdbapp/backend/ovs_idl/__init__.py:85}}
May 09 13:56:47 ubuntu neutron-server[118178]: DEBUG ovsdbapp.backend.ovs_idl [None req-eb6870cc-aae1-478c-9d9a-15c3be4cf9a0 None None] Created schema index Connection.target {{(pid=118178) autocreate_indices /usr/local/lib/python3.8/dist-packages/ovsdbapp/backend/ovs_idl/__init__.py:104}}
May 09 13:56:47 ubuntu neutron-server[118395]: DEBUG ovsdbapp.backend.ovs_idl [None req-26e20244-2843-403e-953e-fd94365b649d None None] Created schema index Datapath_Binding.tunnel_key {{(pid=118395) autocreate_indices /usr/local/lib/python3.8/dist-packages/ovsdbapp/backend/ovs_idl/__init__.py:104}}
May 09 13:56:47 ubuntu neutron-server[118178]: DEBUG ovsdbapp.backend.ovs_idl [None req-eb6870cc-aae1-478c-9d9a-15c3be4cf9a0 None None] Created schema index Gateway_Chassis.name {{(pid=118178) autocreate_indices /usr/local/lib/python3.8/dist-packages/ovsdbapp/backend/ovs_idl/__init__.py:104}}
May 09 13:56:47 ubuntu neutron-server[118395]: DEBUG ovsdbapp.backend.ovs_idl [None req-26e20244-2843-403e-953e-fd94365b649d None None] Created schema index Connection.target {{(pid=118395) autocreate_indices /usr/local/lib/python3.8/dist-packages/ovsdbapp/backend/ovs_idl/__init__.py:104}}
May 09 13:56:47 ubuntu neutron-server[118178]: DEBUG ovsdbapp.backend.ovs_idl [None req-eb6870cc-aae1-478c-9d9a-15c3be4cf9a0 None None] Created schema index Port_Group.name {{(pid=118178) autocreate_indices /usr/local/lib/python3.8/dist-packages/ovsdbapp/backend/ovs_idl/__init__.py:104}}
May 09 13:56:47 ubuntu neutron-server[118178]: DEBUG ovsdbapp.backend.ovs_idl [None req-eb6870cc-aae1-478c-9d9a-15c3be4cf9a0 None None] Created schema index Datapath_Binding.tunnel_key {{(pid=118178) autocreate_indices /usr/local/lib/python3.8/dist-packages/ovsdbapp/backend/ovs_idl/__init__.py:104}}
May 09 13:56:47 ubuntu neutron-server[118395]: INFO ovsdbapp.backend.ovs_idl.vlog [None req-26e20244-2843-403e-953e-fd94365b649d None None] tcp:192.168.79.49:6642: connecting...
May 09 13:56:47 ubuntu neutron-server[118395]: INFO ovsdbapp.backend.ovs_idl.vlog [None req-26e20244-2843-403e-953e-fd94365b649d None None] tcp:192.168.79.49:6642: connected
May 09 13:56:47 ubuntu neutron-server[118394]: DEBUG neutron.common.ovn.hash_ring_manager [None req-7c580649-1004-4ee8-a829-825b08aaec25 None None] Allow caching, nodes 2>=2 {{(pid=118394) _wait_startup_before_caching /opt/stack/neutron/neutron/common/ovn/hash_ring_manager.py:60}}
May 09 13:56:47 ubuntu neutron-server[118394]: DEBUG neutron.plugins.ml2.drivers.ovn.mech_driver.ovsdb.ovsdb_monitor [None req-7c580649-1004-4ee8-a829-825b08aaec25 None None] ChassisAgentWriteEvent : Matched Chassis, create, None None {{(pid=118394) matches /opt/stack/neutron/neutron/plugins/ml2/drivers/ovn/mech_driver/ovsdb/ovsdb_monitor.py:62}}
May 09 13:56:47 ubuntu neutron-server[118394]: DEBUG neutron.plugins.ml2.drivers.ovn.mech_driver.ovsdb.ovsdb_monitor [None req-7c580649-1004-4ee8-a829-825b08aaec25 None None] ChassisMetadataAgentWriteEvent : Matched Chassis, create, None None {{(pid=118394) matches /opt/stack/neutron/neutron/plugins/ml2/drivers/ovn/mech_driver/ovsdb/ovsdb_monitor.py:62}}
May 09 13:56:47 ubuntu neutron-server[118394]: INFO neutron.wsgi [-] (118394) wsgi starting up on http://0.0.0.0:9696
May 09 13:56:47 ubuntu neutron-server[118395]: DEBUG neutron.common.ovn.hash_ring_manager [None req-26e20244-2843-403e-953e-fd94365b649d None None] Allow caching, nodes 2>=2 {{(pid=118395) _wait_startup_before_caching /opt/stack/neutron/neutron/common/ovn/hash_ring_manager.py:60}}
May 09 13:56:47 ubuntu neutron-server[118178]: INFO oslo_service.service [None req-eb6870cc-aae1-478c-9d9a-15c3be4cf9a0 None None] Starting 1 workers
May 09 13:56:47 ubuntu neutron-server[118395]: DEBUG neutron.plugins.ml2.drivers.ovn.mech_driver.ovsdb.ovsdb_monitor [None req-26e20244-2843-403e-953e-fd94365b649d None None] Hash Ring: Node 6efe7b67-218c-4ffd-8bd4-031c659ee5d9 (host: ubuntu) handling event "create" for row 88345a0c-33b7-437a-b011-790b4857d7fc (table: Database) {{(pid=118395) notify /opt/stack/neutron/neutron/plugins/ml2/drivers/ovn/mech_driver/ovsdb/ovsdb_monitor.py:815}}
May 09 13:56:47 ubuntu neutron-server[118395]: DEBUG neutron.plugins.ml2.drivers.ovn.mech_driver.ovsdb.ovsdb_monitor [None req-26e20244-2843-403e-953e-fd94365b649d None None] Hash Ring: Node 6efe7b67-218c-4ffd-8bd4-031c659ee5d9 (host: ubuntu) handling event "create" for row 54520b93-c1f8-434c-a3da-3900a41c7c27 (table: Database) {{(pid=118395) notify /opt/stack/neutron/neutron/plugins/ml2/drivers/ovn/mech_driver/ovsdb/ovsdb_monitor.py:815}}
May 09 13:56:47 ubuntu neutron-server[118178]: DEBUG oslo_service.service [None req-eb6870cc-aae1-478c-9d9a-15c3be4cf9a0 None None] Started child 118397 {{(pid=118178) _start_child /usr/local/lib/python3.8/dist-packages/oslo_service/service.py:575}}
May 09 13:56:47 ubuntu neutron-server[118178]: INFO oslo_service.service [None req-eb6870cc-aae1-478c-9d9a-15c3be4cf9a0 None None] Starting 1 workers
May 09 13:56:47 ubuntu neutron-server[118395]: DEBUG neutron.plugins.ml2.drivers.ovn.mech_driver.ovsdb.ovsdb_monitor [None req-26e20244-2843-403e-953e-fd94365b649d None None] Hash Ring: Node 6efe7b67-218c-4ffd-8bd4-031c659ee5d9 (host: ubuntu) handling event "create" for row 85f046e6-ef11-43d2-bba7-88817a871369 (table: Encap) {{(pid=118395) notify /opt/stack/neutron/neutron/plugins/ml2/drivers/ovn/mech_driver/ovsdb/ovsdb_monitor.py:815}}
May 09 13:56:47 ubuntu neutron-server[118178]: DEBUG oslo_service.service [None req-eb6870cc-aae1-478c-9d9a-15c3be4cf9a0 None None] Started child 118398 {{(pid=118178) _start_child /usr/local/lib/python3.8/dist-packages/oslo_service/service.py:575}}
May 09 13:56:47 ubuntu neutron-server[118395]: DEBUG neutron.plugins.ml2.drivers.ovn.mech_driver.ovsdb.ovsdb_monitor [None req-26e20244-2843-403e-953e-fd94365b649d None None] ChassisAgentWriteEvent : Matched Chassis, create, None None {{(pid=118395) matches /opt/stack/neutron/neutron/plugins/ml2/drivers/ovn/mech_driver/ovsdb/ovsdb_monitor.py:62}}
May 09 13:56:47 ubuntu neutron-server[118178]: INFO oslo_service.service [None req-eb6870cc-aae1-478c-9d9a-15c3be4cf9a0 None None] Starting 1 workers
May 09 13:56:47 ubuntu neutron-server[118395]: DEBUG neutron.plugins.ml2.drivers.ovn.mech_driver.ovsdb.ovsdb_monitor [None req-26e20244-2843-403e-953e-fd94365b649d None None] ChassisMetadataAgentWriteEvent : Matched Chassis, create, None None {{(pid=118395) matches /opt/stack/neutron/neutron/plugins/ml2/drivers/ovn/mech_driver/ovsdb/ovsdb_monitor.py:62}}
May 09 13:56:47 ubuntu neutron-server[118395]: DEBUG neutron.plugins.ml2.drivers.ovn.mech_driver.ovsdb.ovsdb_monitor [None req-26e20244-2843-403e-953e-fd94365b649d None None] Hash Ring: Node 6efe7b67-218c-4ffd-8bd4-031c659ee5d9 (host: ubuntu) handling event "create" for row 077ccfed-70ed-4d40-a09d-9b9792aaecb5 (table: Chassis) {{(pid=118395) notify /opt/stack/neutron/neutron/plugins/ml2/drivers/ovn/mech_driver/ovsdb/ovsdb_monitor.py:815}}
May 09 13:56:47 ubuntu neutron-server[118395]: DEBUG neutron.plugins.ml2.drivers.ovn.mech_driver.ovsdb.ovsdb_monitor [None req-26e20244-2843-403e-953e-fd94365b649d None None] Hash Ring: Node 6efe7b67-218c-4ffd-8bd4-031c659ee5d9 (host: ubuntu) handling event "create" for row d7d28f53-c331-46a0-b6e7-dea869fc4760 (table: Connection) {{(pid=118395) notify /opt/stack/neutron/neutron/plugins/ml2/drivers/ovn/mech_driver/ovsdb/ovsdb_monitor.py:815}}
May 09 13:56:47 ubuntu neutron-server[118397]: DEBUG neutron.service [None req-eb6870cc-aae1-478c-9d9a-15c3be4cf9a0 None None] calling RpcWorker wait() {{(pid=118397) _wait /opt/stack/neutron/neutron/service.py:128}}
May 09 13:56:47 ubuntu neutron-server[118397]: DEBUG neutron.service [None req-eb6870cc-aae1-478c-9d9a-15c3be4cf9a0 None None] returning from RpcWorker wait() {{(pid=118397) _wait /opt/stack/neutron/neutron/service.py:135}}
May 09 13:56:47 ubuntu neutron-server[118178]: DEBUG oslo_service.service [None req-eb6870cc-aae1-478c-9d9a-15c3be4cf9a0 None None] Started child 118399 {{(pid=118178) _start_child /usr/local/lib/python3.8/dist-packages/oslo_service/service.py:575}}
May 09 13:56:47 ubuntu neutron-server[118397]: DEBUG neutron_lib.callbacks.manager [-] Publish callbacks ['neutron.plugins.ml2.drivers.ovn.mech_driver.mech_driver.OVNMechanismDriver.post_fork_initialize-260820'] for process (None), after_init {{(pid=118397) _notify_loop /usr/local/lib/python3.8/dist-packages/neutron_lib/callbacks/manager.py:176}}
May 09 13:56:47 ubuntu neutron-server[118395]: INFO neutron.wsgi [-] (118395) wsgi starting up on http://0.0.0.0:9696
May 09 13:56:47 ubuntu neutron-server[118178]: DEBUG neutron_lib.callbacks.manager [None req-eb6870cc-aae1-478c-9d9a-15c3be4cf9a0 None None] Publish callbacks [] for process (None), after_spawn {{(pid=118178) _notify_loop /usr/local/lib/python3.8/dist-packages/neutron_lib/callbacks/manager.py:176}}
May 09 13:56:47 ubuntu neutron-server[118178]: DEBUG oslo_service.service [-] Full set of CONF: {{(pid=118178) wait /usr/local/lib/python3.8/dist-packages/oslo_service/service.py:649}}
May 09 13:56:47 ubuntu neutron-server[118178]: DEBUG oslo_service.service [-] ******************************************************************************** {{(pid=118178) log_opt_values /usr/local/lib/python3.8/dist-packages/oslo_config/cfg.py:2589}}
May 09 13:56:47 ubuntu neutron-server[118397]: INFO neutron.plugins.ml2.drivers.ovn.mech_driver.ovsdb.impl_idl_ovn [-] Getting OvsdbNbOvnIdl for RpcWorker with retry
May 09 13:56:47 ubuntu neutron-server[118178]: DEBUG oslo_service.service [-] Configuration options gathered from: {{(pid=118178) log_opt_values /usr/local/lib/python3.8/dist-packages/oslo_config/cfg.py:2590}}
May 09 13:56:47 ubuntu neutron-server[118178]: DEBUG oslo_service.service [-] command line args: ['--config-file', '/etc/neutron/neutron.conf', '--config-file', '/etc/neutron/plugins/ml2/ml2_conf.ini'] {{(pid=118178) log_opt_values /usr/local/lib/python3.8/dist-packages/oslo_config/cfg.py:2591}}
May 09 13:56:47 ubuntu neutron-server[118178]: DEBUG oslo_service.service [-] config files: ['/etc/neutron/neutron.conf', '/etc/neutron/plugins/ml2/ml2_conf.ini'] {{(pid=118178) log_opt_values /usr/local/lib/python3.8/dist-packages/oslo_config/cfg.py:2592}}
May 09 13:56:47 ubuntu neutron-server[118178]: DEBUG oslo_service.service [-] ================================================================================ {{(pid=118178) log_opt_values /usr/local/lib/python3.8/dist-packages/oslo_config/cfg.py:2594}}
May 09 13:56:47 ubuntu neutron-server[118178]: DEBUG oslo_service.service [-] agent_down_time                = 75 {{(pid=118178) log_opt_values /usr/local/lib/python3.8/dist-packages/oslo_config/cfg.py:2602}}
