Jun 16 18:58:29 ubuntu neutron-server[110952]: DEBUG neutron.api.extensions [None req-6a7fa36d-760f-4ef2-ae42-1e0a0510bacf None None] Loading extension file: trunk_details.py {{(pid=110952) _load_all_extensions_from_path /opt/stack/neutron/neutron/api/extensions.py:450}}
Jun 16 18:58:29 ubuntu neutron-server[110952]: DEBUG neutron.api.extensions [None req-6a7fa36d-760f-4ef2-ae42-1e0a0510bacf None None] Ext name="Trunk port details" alias="trunk-details" description="Expose trunk port details" updated="2016-01-01T10:00:00-00:00" {{(pid=110952) _check_extension /opt/stack/neutron/neutron/api/extensions.py:416}}
Jun 16 18:58:29 ubuntu neutron-server[110952]: INFO neutron.api.extensions [None req-6a7fa36d-760f-4ef2-ae42-1e0a0510bacf None None] Extension trunk-details not supported by any of loaded plugins
Jun 16 18:58:29 ubuntu neutron-server[110952]: DEBUG neutron.api.extensions [None req-6a7fa36d-760f-4ef2-ae42-1e0a0510bacf None None] Loading extension file: uplink_status_propagation.py {{(pid=110952) _load_all_extensions_from_path /opt/stack/neutron/neutron/api/extensions.py:450}}
Jun 16 18:58:29 ubuntu neutron-server[110952]: DEBUG neutron.api.extensions [None req-6a7fa36d-760f-4ef2-ae42-1e0a0510bacf None None] Ext name="Uplink status propagation extension" alias="uplink-status-propagation" description="Provides ability to propagate port uplink status." updated="2018-05-31T18:00:00-00:00" {{(pid=110952) _check_extension /opt/stack/neutron/neutron/api/extensions.py:416}}
Jun 16 18:58:29 ubuntu neutron-server[110952]: INFO neutron.api.extensions [None req-6a7fa36d-760f-4ef2-ae42-1e0a0510bacf None None] Extension uplink-status-propagation not supported by any of loaded plugins
Jun 16 18:58:29 ubuntu neutron-server[110952]: DEBUG neutron.api.extensions [None req-6a7fa36d-760f-4ef2-ae42-1e0a0510bacf None None] Loading extension file: vlantransparent.py {{(pid=110952) _load_all_extensions_from_path /opt/stack/neutron/neutron/api/extensions.py:450}}
Jun 16 18:58:29 ubuntu neutron-server[110952]: DEBUG neutron.api.extensions [None req-6a7fa36d-760f-4ef2-ae42-1e0a0510bacf None None] Ext name="Vlantransparent" alias="vlan-transparent" description="Provides Vlan Transparent Networks" updated="2015-03-23T09:00:00-00:00" {{(pid=110952) _check_extension /opt/stack/neutron/neutron/api/extensions.py:416}}
Jun 16 18:58:29 ubuntu neutron-server[110952]: INFO neutron.api.extensions [None req-6a7fa36d-760f-4ef2-ae42-1e0a0510bacf None None] Extension vlan-transparent not supported by any of loaded plugins
Jun 16 18:58:29 ubuntu neutron-server[110952]: INFO neutron.quota.resource_registry [None req-6a7fa36d-760f-4ef2-ae42-1e0a0510bacf None None] Creating instance of TrackedResource for resource:network
Jun 16 18:58:29 ubuntu neutron-server[110952]: INFO neutron.quota.resource_registry [None req-6a7fa36d-760f-4ef2-ae42-1e0a0510bacf None None] Creating instance of TrackedResource for resource:subnet
Jun 16 18:58:29 ubuntu neutron-server[110952]: INFO neutron.quota.resource_registry [None req-6a7fa36d-760f-4ef2-ae42-1e0a0510bacf None None] Creating instance of TrackedResource for resource:subnetpool
Jun 16 18:58:29 ubuntu neutron-server[110952]: INFO neutron.quota.resource_registry [None req-6a7fa36d-760f-4ef2-ae42-1e0a0510bacf None None] Creating instance of TrackedResource for resource:port
Jun 16 18:58:29 ubuntu neutron-server[110952]: DEBUG neutron.api.v2.resource_helper [None req-6a7fa36d-760f-4ef2-ae42-1e0a0510bacf None None] Service FLAVORS assigned prefix:  {{(pid=110952) build_resource_info /opt/stack/neutron/neutron/api/v2/resource_helper.py:77}}
Jun 16 18:58:29 ubuntu neutron-server[110952]: DEBUG neutron.api.v2.resource_helper [None req-6a7fa36d-760f-4ef2-ae42-1e0a0510bacf None None] Service L3_ROUTER_NAT assigned prefix:  {{(pid=110952) build_resource_info /opt/stack/neutron/neutron/api/v2/resource_helper.py:77}}
Jun 16 18:58:29 ubuntu neutron-server[110952]: DEBUG neutron.api.v2.resource_helper [None req-6a7fa36d-760f-4ef2-ae42-1e0a0510bacf None None] Service L3_ROUTER_NAT assigned prefix:  {{(pid=110952) build_resource_info /opt/stack/neutron/neutron/api/v2/resource_helper.py:77}}
Jun 16 18:58:29 ubuntu neutron-server[110952]: INFO neutron.quota.resource_registry [None req-6a7fa36d-760f-4ef2-ae42-1e0a0510bacf None None] Creating instance of TrackedResource for resource:router
Jun 16 18:58:29 ubuntu neutron-server[110952]: INFO neutron.quota.resource_registry [None req-6a7fa36d-760f-4ef2-ae42-1e0a0510bacf None None] Creating instance of TrackedResource for resource:floatingip
Jun 16 18:58:29 ubuntu neutron-server[110952]: DEBUG neutron_lib.callbacks.manager [None req-6a7fa36d-760f-4ef2-ae42-1e0a0510bacf None None] Subscribe: <bound method NeutronDbPluginV2.validate_network_rbac_policy_change of <neutron.services.network_ip_availability.plugin.NetworkIPAvailabilityPlugin object at 0x7fe35e4061f0>> rbac-policy before_create 55550000 {{(pid=110952) subscribe /usr/local/lib/python3.8/dist-packages/neutron_lib/callbacks/manager.py:45}}
Jun 16 18:58:29 ubuntu neutron-server[110952]: DEBUG neutron_lib.callbacks.manager [None req-6a7fa36d-760f-4ef2-ae42-1e0a0510bacf None None] Subscribe: <bound method NeutronDbPluginV2.validate_network_rbac_policy_change of <neutron.services.network_ip_availability.plugin.NetworkIPAvailabilityPlugin object at 0x7fe35e4061f0>> rbac-policy before_update 55550000 {{(pid=110952) subscribe /usr/local/lib/python3.8/dist-packages/neutron_lib/callbacks/manager.py:45}}
Jun 16 18:58:29 ubuntu neutron-server[110952]: DEBUG neutron_lib.callbacks.manager [None req-6a7fa36d-760f-4ef2-ae42-1e0a0510bacf None None] Subscribe: <bound method NeutronDbPluginV2.validate_network_rbac_policy_change of <neutron.services.network_ip_availability.plugin.NetworkIPAvailabilityPlugin object at 0x7fe35e4061f0>> rbac-policy before_delete 55550000 {{(pid=110952) subscribe /usr/local/lib/python3.8/dist-packages/neutron_lib/callbacks/manager.py:45}}
Jun 16 18:58:29 ubuntu neutron-server[110952]: INFO neutron.quota.resource_registry [None req-6a7fa36d-760f-4ef2-ae42-1e0a0510bacf None None] Creating instance of CountableResource for resource:rbac_policy
Jun 16 18:58:29 ubuntu neutron-server[110952]: INFO neutron.quota.resource_registry [None req-6a7fa36d-760f-4ef2-ae42-1e0a0510bacf None None] Creating instance of TrackedResource for resource:security_group
Jun 16 18:58:29 ubuntu neutron-server[110952]: INFO neutron.quota.resource_registry [None req-6a7fa36d-760f-4ef2-ae42-1e0a0510bacf None None] Creating instance of TrackedResource for resource:security_group_rule
Jun 16 18:58:29 ubuntu neutron-server[110952]: DEBUG neutron.api.v2.resource_helper [None req-6a7fa36d-760f-4ef2-ae42-1e0a0510bacf None None] Service FLAVORS assigned prefix:  {{(pid=110952) build_resource_info /opt/stack/neutron/neutron/api/v2/resource_helper.py:77}}
Jun 16 18:58:29 ubuntu neutron-server[110952]: DEBUG neutron.api.v2.resource_helper [None req-6a7fa36d-760f-4ef2-ae42-1e0a0510bacf None None] Service L3_ROUTER_NAT assigned prefix:  {{(pid=110952) build_resource_info /opt/stack/neutron/neutron/api/v2/resource_helper.py:77}}
Jun 16 18:58:29 ubuntu neutron-server[110952]: DEBUG neutron.api.v2.resource_helper [None req-6a7fa36d-760f-4ef2-ae42-1e0a0510bacf None None] Service L3_ROUTER_NAT assigned prefix:  {{(pid=110952) build_resource_info /opt/stack/neutron/neutron/api/v2/resource_helper.py:77}}
Jun 16 18:58:29 ubuntu neutron-server[110952]: INFO neutron.quota.resource_registry [None req-6a7fa36d-760f-4ef2-ae42-1e0a0510bacf None None] Creating instance of TrackedResource for resource:router
Jun 16 18:58:29 ubuntu neutron-server[110952]: WARNING neutron.quota.resource_registry [None req-6a7fa36d-760f-4ef2-ae42-1e0a0510bacf None None] router is already registered
Jun 16 18:58:29 ubuntu neutron-server[110952]: INFO neutron.quota.resource_registry [None req-6a7fa36d-760f-4ef2-ae42-1e0a0510bacf None None] Creating instance of TrackedResource for resource:floatingip
Jun 16 18:58:29 ubuntu neutron-server[110952]: WARNING neutron.quota.resource_registry [None req-6a7fa36d-760f-4ef2-ae42-1e0a0510bacf None None] floatingip is already registered
Jun 16 18:58:29 ubuntu neutron-server[110952]: INFO neutron.quota.resource_registry [None req-6a7fa36d-760f-4ef2-ae42-1e0a0510bacf None None] Creating instance of CountableResource for resource:rbac_policy
Jun 16 18:58:29 ubuntu neutron-server[110952]: WARNING neutron.quota.resource_registry [None req-6a7fa36d-760f-4ef2-ae42-1e0a0510bacf None None] rbac_policy is already registered
Jun 16 18:58:29 ubuntu neutron-server[110952]: INFO neutron.quota.resource_registry [None req-6a7fa36d-760f-4ef2-ae42-1e0a0510bacf None None] Creating instance of TrackedResource for resource:security_group
Jun 16 18:58:29 ubuntu neutron-server[110952]: WARNING neutron.quota.resource_registry [None req-6a7fa36d-760f-4ef2-ae42-1e0a0510bacf None None] security_group is already registered
Jun 16 18:58:29 ubuntu neutron-server[110952]: INFO neutron.quota.resource_registry [None req-6a7fa36d-760f-4ef2-ae42-1e0a0510bacf None None] Creating instance of TrackedResource for resource:security_group_rule
Jun 16 18:58:29 ubuntu neutron-server[110952]: WARNING neutron.quota.resource_registry [None req-6a7fa36d-760f-4ef2-ae42-1e0a0510bacf None None] security_group_rule is already registered
Jun 16 18:58:29 ubuntu neutron-server[110952]: DEBUG neutron.api.extensions [None req-6a7fa36d-760f-4ef2-ae42-1e0a0510bacf None None] Extended resource: extensions {{(pid=110952) __init__ /opt/stack/neutron/neutron/api/extensions.py:157}}
Jun 16 18:58:29 ubuntu neutron-server[110952]: DEBUG neutron.api.extensions [None req-6a7fa36d-760f-4ef2-ae42-1e0a0510bacf None None] Extended resource: address-groups {{(pid=110952) __init__ /opt/stack/neutron/neutron/api/extensions.py:157}}
Jun 16 18:58:29 ubuntu neutron-server[110952]: DEBUG neutron.api.extensions [None req-6a7fa36d-760f-4ef2-ae42-1e0a0510bacf None None] Extended resource: address-scopes {{(pid=110952) __init__ /opt/stack/neutron/neutron/api/extensions.py:157}}
Jun 16 18:58:29 ubuntu neutron-server[110952]: DEBUG neutron.api.extensions [None req-6a7fa36d-760f-4ef2-ae42-1e0a0510bacf None None] Extended resource: agents {{(pid=110952) __init__ /opt/stack/neutron/neutron/api/extensions.py:157}}
Jun 16 18:58:29 ubuntu neutron-server[110952]: DEBUG neutron.api.extensions [None req-6a7fa36d-760f-4ef2-ae42-1e0a0510bacf None None] Extended resource: auto-allocated-topology {{(pid=110952) __init__ /opt/stack/neutron/neutron/api/extensions.py:157}}
Jun 16 18:58:30 ubuntu neutron-server[110952]: DEBUG neutron.api.extensions [None req-6a7fa36d-760f-4ef2-ae42-1e0a0510bacf None None] Extended resource: availability_zones {{(pid=110952) __init__ /opt/stack/neutron/neutron/api/extensions.py:157}}
Jun 16 18:58:30 ubuntu neutron-server[110952]: DEBUG neutron.api.extensions [None req-6a7fa36d-760f-4ef2-ae42-1e0a0510bacf None None] Extended resource: flavors {{(pid=110952) __init__ /opt/stack/neutron/neutron/api/extensions.py:157}}
Jun 16 18:58:30 ubuntu neutron-server[110952]: DEBUG neutron.api.extensions [None req-6a7fa36d-760f-4ef2-ae42-1e0a0510bacf None None] Extended resource: service_profiles {{(pid=110952) __init__ /opt/stack/neutron/neutron/api/extensions.py:157}}
Jun 16 18:58:30 ubuntu neutron-server[110952]: DEBUG neutron.api.extensions [None req-6a7fa36d-760f-4ef2-ae42-1e0a0510bacf None None] Extended resource: next_providers {{(pid=110952) __init__ /opt/stack/neutron/neutron/api/extensions.py:157}}
Jun 16 18:58:30 ubuntu neutron-server[110952]: DEBUG neutron.api.extensions [None req-6a7fa36d-760f-4ef2-ae42-1e0a0510bacf None None] Extended resource: service_profiles {{(pid=110952) __init__ /opt/stack/neutron/neutron/api/extensions.py:157}}
Jun 16 18:58:30 ubuntu neutron-server[110952]: DEBUG neutron.api.extensions [None req-6a7fa36d-760f-4ef2-ae42-1e0a0510bacf None None] Extended resource: floatingip-pools {{(pid=110952) __init__ /opt/stack/neutron/neutron/api/extensions.py:157}}
Jun 16 18:58:30 ubuntu neutron-server[110952]: DEBUG neutron.api.extensions [None req-6a7fa36d-760f-4ef2-ae42-1e0a0510bacf None None] Extended resource: routers {{(pid=110952) __init__ /opt/stack/neutron/neutron/api/extensions.py:157}}
Jun 16 18:58:30 ubuntu neutron-server[110952]: DEBUG neutron.api.extensions [None req-6a7fa36d-760f-4ef2-ae42-1e0a0510bacf None None] Extended resource: floatingips {{(pid=110952) __init__ /opt/stack/neutron/neutron/api/extensions.py:157}}
Jun 16 18:58:30 ubuntu neutron-server[110952]: DEBUG neutron.api.extensions [None req-6a7fa36d-760f-4ef2-ae42-1e0a0510bacf None None] Extended resource: network-ip-availabilities {{(pid=110952) __init__ /opt/stack/neutron/neutron/api/extensions.py:157}}
Jun 16 18:58:30 ubuntu neutron-server[110952]: DEBUG neutron.api.extensions [None req-6a7fa36d-760f-4ef2-ae42-1e0a0510bacf None None] Extended resource: bindings {{(pid=110952) __init__ /opt/stack/neutron/neutron/api/extensions.py:157}}
Jun 16 18:58:30 ubuntu neutron-server[110952]: DEBUG neutron.api.extensions [None req-6a7fa36d-760f-4ef2-ae42-1e0a0510bacf None None] Extended resource: quotas {{(pid=110952) __init__ /opt/stack/neutron/neutron/api/extensions.py:157}}
Jun 16 18:58:30 ubuntu neutron-server[110952]: DEBUG neutron.api.extensions [None req-6a7fa36d-760f-4ef2-ae42-1e0a0510bacf None None] Extended resource: quotas {{(pid=110952) __init__ /opt/stack/neutron/neutron/api/extensions.py:157}}
Jun 16 18:58:30 ubuntu neutron-server[110952]: DEBUG neutron.api.extensions [None req-6a7fa36d-760f-4ef2-ae42-1e0a0510bacf None None] Extended resource: rbac-policies {{(pid=110952) __init__ /opt/stack/neutron/neutron/api/extensions.py:157}}
Jun 16 18:58:30 ubuntu neutron-server[110952]: DEBUG neutron.api.extensions [None req-6a7fa36d-760f-4ef2-ae42-1e0a0510bacf None None] Extended resource: security-groups {{(pid=110952) __init__ /opt/stack/neutron/neutron/api/extensions.py:157}}
Jun 16 18:58:30 ubuntu neutron-server[110952]: DEBUG neutron.api.extensions [None req-6a7fa36d-760f-4ef2-ae42-1e0a0510bacf None None] Extended resource: security-group-rules {{(pid=110952) __init__ /opt/stack/neutron/neutron/api/extensions.py:157}}
Jun 16 18:58:30 ubuntu neutron-server[110952]: DEBUG neutron.api.extensions [None req-6a7fa36d-760f-4ef2-ae42-1e0a0510bacf None None] Extended resource: service-providers {{(pid=110952) __init__ /opt/stack/neutron/neutron/api/extensions.py:157}}
Jun 16 18:58:30 ubuntu neutron-server[110952]: DEBUG neutron.api.extensions [None req-6a7fa36d-760f-4ef2-ae42-1e0a0510bacf None None] Extended resource: tags {{(pid=110952) __init__ /opt/stack/neutron/neutron/api/extensions.py:157}}
Jun 16 18:58:30 ubuntu neutron-server[110952]: DEBUG neutron.api.extensions [None req-6a7fa36d-760f-4ef2-ae42-1e0a0510bacf None None] Extended resource: tags {{(pid=110952) __init__ /opt/stack/neutron/neutron/api/extensions.py:157}}
Jun 16 18:58:30 ubuntu neutron-server[110952]: DEBUG neutron.api.extensions [None req-6a7fa36d-760f-4ef2-ae42-1e0a0510bacf None None] Extended resource: tags {{(pid=110952) __init__ /opt/stack/neutron/neutron/api/extensions.py:157}}
Jun 16 18:58:30 ubuntu neutron-server[110952]: DEBUG neutron.api.extensions [None req-6a7fa36d-760f-4ef2-ae42-1e0a0510bacf None None] Extended resource: tags {{(pid=110952) __init__ /opt/stack/neutron/neutron/api/extensions.py:157}}
Jun 16 18:58:30 ubuntu neutron-server[110952]: DEBUG neutron.api.extensions [None req-6a7fa36d-760f-4ef2-ae42-1e0a0510bacf None None] Extended resource: tags {{(pid=110952) __init__ /opt/stack/neutron/neutron/api/extensions.py:157}}
Jun 16 18:58:30 ubuntu neutron-server[110952]: DEBUG neutron.api.extensions [None req-6a7fa36d-760f-4ef2-ae42-1e0a0510bacf None None] Extended resource: tags {{(pid=110952) __init__ /opt/stack/neutron/neutron/api/extensions.py:157}}
Jun 16 18:58:30 ubuntu neutron-server[110952]: DEBUG neutron.api.extensions [None req-6a7fa36d-760f-4ef2-ae42-1e0a0510bacf None None] Extended resource: tags {{(pid=110952) __init__ /opt/stack/neutron/neutron/api/extensions.py:157}}
Jun 16 18:58:30 ubuntu neutron-server[110952]: DEBUG neutron.api.extensions [None req-6a7fa36d-760f-4ef2-ae42-1e0a0510bacf None None] Extended resource: tags {{(pid=110952) __init__ /opt/stack/neutron/neutron/api/extensions.py:157}}
Jun 16 18:58:30 ubuntu neutron-server[110952]: DEBUG neutron.api.extensions [None req-6a7fa36d-760f-4ef2-ae42-1e0a0510bacf None None] Extended resource: tags {{(pid=110952) __init__ /opt/stack/neutron/neutron/api/extensions.py:157}}
Jun 16 18:58:30 ubuntu neutron-server[110952]: DEBUG neutron.api.extensions [None req-6a7fa36d-760f-4ef2-ae42-1e0a0510bacf None None] Extended resource: tags {{(pid=110952) __init__ /opt/stack/neutron/neutron/api/extensions.py:157}}
Jun 16 18:58:30 ubuntu neutron-server[110952]: WARNING keystonemiddleware.auth_token [None req-6a7fa36d-760f-4ef2-ae42-1e0a0510bacf None None] AuthToken middleware is set with keystone_authtoken.service_token_roles_required set to False. This is backwards compatible but deprecated behaviour. Please set this to True.
Jun 16 18:58:30 ubuntu neutron-server[110952]: WARNING keystonemiddleware.auth_token [None req-6a7fa36d-760f-4ef2-ae42-1e0a0510bacf None None] Configuring www_authenticate_uri to point to the public identity endpoint is required; clients may not be able to authenticate against an admin endpoint
Jun 16 18:58:30 ubuntu neutron-server[110952]: DEBUG oslo_concurrency.lockutils [None req-6a7fa36d-760f-4ef2-ae42-1e0a0510bacf None None] Acquired lock "singleton_lock" {{(pid=110952) lock /usr/local/lib/python3.8/dist-packages/oslo_concurrency/lockutils.py:294}}
Jun 16 18:58:30 ubuntu neutron-server[110952]: DEBUG oslo_concurrency.lockutils [None req-6a7fa36d-760f-4ef2-ae42-1e0a0510bacf None None] Releasing lock "singleton_lock" {{(pid=110952) lock /usr/local/lib/python3.8/dist-packages/oslo_concurrency/lockutils.py:312}}
Jun 16 18:58:30 ubuntu neutron-server[110952]: INFO oslo_service.service [None req-6a7fa36d-760f-4ef2-ae42-1e0a0510bacf None None] Starting 2 workers
Jun 16 18:58:30 ubuntu neutron-server[110952]: DEBUG oslo_service.service [None req-6a7fa36d-760f-4ef2-ae42-1e0a0510bacf None None] Started child 111165 {{(pid=110952) _start_child /usr/local/lib/python3.8/dist-packages/oslo_service/service.py:575}}
Jun 16 18:58:30 ubuntu neutron-server[110952]: DEBUG oslo_service.service [None req-6a7fa36d-760f-4ef2-ae42-1e0a0510bacf None None] Started child 111166 {{(pid=110952) _start_child /usr/local/lib/python3.8/dist-packages/oslo_service/service.py:575}}
Jun 16 18:58:30 ubuntu neutron-server[110952]: INFO neutron.service [None req-6a7fa36d-760f-4ef2-ae42-1e0a0510bacf None None] Neutron service started, listening on 0.0.0.0:9696
Jun 16 18:58:30 ubuntu neutron-server[110952]: DEBUG neutron_lib.callbacks.manager [None req-6a7fa36d-760f-4ef2-ae42-1e0a0510bacf None None] Publish callbacks ['neutron.plugins.ml2.drivers.ovn.mech_driver.mech_driver.OVNMechanismDriver.pre_fork_initialize-503306'] for process (None), before_spawn {{(pid=110952) _notify_loop /usr/local/lib/python3.8/dist-packages/neutron_lib/callbacks/manager.py:176}}
Jun 16 18:58:30 ubuntu neutron-server[111165]: DEBUG neutron_lib.callbacks.manager [-] Publish callbacks ['neutron.plugins.ml2.drivers.ovn.mech_driver.mech_driver.OVNMechanismDriver.post_fork_initialize-503406'] for process (None), after_init {{(pid=111165) _notify_loop /usr/local/lib/python3.8/dist-packages/neutron_lib/callbacks/manager.py:176}}
Jun 16 18:58:30 ubuntu neutron-server[111166]: DEBUG neutron_lib.callbacks.manager [-] Publish callbacks ['neutron.plugins.ml2.drivers.ovn.mech_driver.mech_driver.OVNMechanismDriver.post_fork_initialize-503406'] for process (None), after_init {{(pid=111166) _notify_loop /usr/local/lib/python3.8/dist-packages/neutron_lib/callbacks/manager.py:176}}
Jun 16 18:58:30 ubuntu neutron-server[111165]: DEBUG dbcounter [-] [111165] Writer thread running {{(pid=111165) stat_writer /usr/local/lib/python3.8/dist-packages/dbcounter.py:99}}
Jun 16 18:58:30 ubuntu neutron-server[110952]: DEBUG ovsdbapp.backend.ovs_idl [None req-6a7fa36d-760f-4ef2-ae42-1e0a0510bacf None None] Created schema index Port_Group.name {{(pid=110952) autocreate_indices /usr/local/lib/python3.8/dist-packages/ovsdbapp/backend/ovs_idl/__init__.py:104}}
Jun 16 18:58:30 ubuntu neutron-server[110952]: DEBUG ovsdbapp.backend.ovs_idl [None req-6a7fa36d-760f-4ef2-ae42-1e0a0510bacf None None] Created schema index Logical_Switch_Port.name {{(pid=110952) autocreate_indices /usr/local/lib/python3.8/dist-packages/ovsdbapp/backend/ovs_idl/__init__.py:104}}
Jun 16 18:58:30 ubuntu neutron-server[111166]: DEBUG dbcounter [-] [111166] Writer thread running {{(pid=111166) stat_writer /usr/local/lib/python3.8/dist-packages/dbcounter.py:99}}
Jun 16 18:58:30 ubuntu neutron-server[111165]: INFO neutron.plugins.ml2.drivers.ovn.mech_driver.ovsdb.impl_idl_ovn [None req-468a109d-b2d6-4e1d-85c7-8e0abf410e45 None None] Getting OvsdbNbOvnIdl for WorkerService with retry
Jun 16 18:58:30 ubuntu neutron-server[111166]: INFO neutron.plugins.ml2.drivers.ovn.mech_driver.ovsdb.impl_idl_ovn [None req-7acef640-3b27-45fc-bf4b-57054d9676f1 None None] Getting OvsdbNbOvnIdl for WorkerService with retry
Jun 16 18:58:30 ubuntu neutron-server[110952]: DEBUG ovsdbapp.backend.ovs_idl.transaction [-] Running txn n=1 command(idx=0): PgAddCommand(name=neutron_pg_drop, may_exist=True, columns={'acls': []}) {{(pid=110952) do_commit /usr/local/lib/python3.8/dist-packages/ovsdbapp/backend/ovs_idl/transaction.py:90}}
Jun 16 18:58:30 ubuntu neutron-server[110952]: DEBUG ovsdbapp.backend.ovs_idl.transaction [-] Running txn n=1 command(idx=1): PgAclAddCommand(entity=neutron_pg_drop, direction=from-lport, priority=1001, match=inport == @neutron_pg_drop && ip, action=drop, log=False, may_exist=True, severity=[], name=[], meter=None, external_ids={}) {{(pid=110952) do_commit /usr/local/lib/python3.8/dist-packages/ovsdbapp/backend/ovs_idl/transaction.py:90}}
Jun 16 18:58:30 ubuntu neutron-server[110952]: DEBUG ovsdbapp.backend.ovs_idl.transaction [-] Running txn n=1 command(idx=2): PgAclAddCommand(entity=neutron_pg_drop, direction=to-lport, priority=1001, match=outport == @neutron_pg_drop && ip, action=drop, log=False, may_exist=True, severity=[], name=[], meter=None, external_ids={}) {{(pid=110952) do_commit /usr/local/lib/python3.8/dist-packages/ovsdbapp/backend/ovs_idl/transaction.py:90}}
Jun 16 18:58:30 ubuntu neutron-server[110952]: DEBUG ovsdbapp.backend.ovs_idl.event [-] Matched CREATE: NeutronPgDropPortGroupCreated(events=('create',), table='Port_Group', conditions=(('name', '=', 'neutron_pg_drop'),), old_conditions=None), priority=10 to row=Port_Group(name=neutron_pg_drop, ports=[], external_ids={}, acls=[<ovs.db.idl.Row object at 0x7fe35dcaebb0>, <ovs.db.idl.Row object at 0x7fe35dcb50d0>]) old= {{(pid=110952) matches /usr/local/lib/python3.8/dist-packages/ovsdbapp/backend/ovs_idl/event.py:43}}
Jun 16 18:58:30 ubuntu neutron-server[111166]: DEBUG ovsdbapp.backend.ovs_idl [None req-7acef640-3b27-45fc-bf4b-57054d9676f1 None None] Created lookup_table index Logical_Switch.name {{(pid=111166) autocreate_indices /usr/local/lib/python3.8/dist-packages/ovsdbapp/backend/ovs_idl/__init__.py:85}}
Jun 16 18:58:30 ubuntu neutron-server[111165]: DEBUG ovsdbapp.backend.ovs_idl [None req-468a109d-b2d6-4e1d-85c7-8e0abf410e45 None None] Created lookup_table index Logical_Switch.name {{(pid=111165) autocreate_indices /usr/local/lib/python3.8/dist-packages/ovsdbapp/backend/ovs_idl/__init__.py:85}}
Jun 16 18:58:30 ubuntu neutron-server[111165]: DEBUG ovsdbapp.backend.ovs_idl [None req-468a109d-b2d6-4e1d-85c7-8e0abf410e45 None None] Created lookup_table index Logical_Router.name {{(pid=111165) autocreate_indices /usr/local/lib/python3.8/dist-packages/ovsdbapp/backend/ovs_idl/__init__.py:85}}
Jun 16 18:58:30 ubuntu neutron-server[111165]: DEBUG ovsdbapp.backend.ovs_idl [None req-468a109d-b2d6-4e1d-85c7-8e0abf410e45 None None] Created lookup_table index Load_Balancer.name {{(pid=111165) autocreate_indices /usr/local/lib/python3.8/dist-packages/ovsdbapp/backend/ovs_idl/__init__.py:85}}
Jun 16 18:58:30 ubuntu neutron-server[111165]: DEBUG ovsdbapp.backend.ovs_idl [None req-468a109d-b2d6-4e1d-85c7-8e0abf410e45 None None] Created schema index Meter.name {{(pid=111165) autocreate_indices /usr/local/lib/python3.8/dist-packages/ovsdbapp/backend/ovs_idl/__init__.py:104}}
Jun 16 18:58:30 ubuntu neutron-server[111165]: DEBUG ovsdbapp.backend.ovs_idl [None req-468a109d-b2d6-4e1d-85c7-8e0abf410e45 None None] Created schema index Address_Set.name {{(pid=111165) autocreate_indices /usr/local/lib/python3.8/dist-packages/ovsdbapp/backend/ovs_idl/__init__.py:104}}
Jun 16 18:58:30 ubuntu neutron-server[111165]: DEBUG ovsdbapp.backend.ovs_idl [None req-468a109d-b2d6-4e1d-85c7-8e0abf410e45 None None] Created schema index HA_Chassis_Group.name {{(pid=111165) autocreate_indices /usr/local/lib/python3.8/dist-packages/ovsdbapp/backend/ovs_idl/__init__.py:104}}
Jun 16 18:58:30 ubuntu neutron-server[111165]: DEBUG ovsdbapp.backend.ovs_idl [None req-468a109d-b2d6-4e1d-85c7-8e0abf410e45 None None] Created schema index Connection.target {{(pid=111165) autocreate_indices /usr/local/lib/python3.8/dist-packages/ovsdbapp/backend/ovs_idl/__init__.py:104}}
Jun 16 18:58:30 ubuntu neutron-server[111165]: DEBUG ovsdbapp.backend.ovs_idl [None req-468a109d-b2d6-4e1d-85c7-8e0abf410e45 None None] Created schema index Gateway_Chassis.name {{(pid=111165) autocreate_indices /usr/local/lib/python3.8/dist-packages/ovsdbapp/backend/ovs_idl/__init__.py:104}}
Jun 16 18:58:30 ubuntu neutron-server[111166]: DEBUG ovsdbapp.backend.ovs_idl [None req-7acef640-3b27-45fc-bf4b-57054d9676f1 None None] Created lookup_table index Logical_Router.name {{(pid=111166) autocreate_indices /usr/local/lib/python3.8/dist-packages/ovsdbapp/backend/ovs_idl/__init__.py:85}}
Jun 16 18:58:30 ubuntu neutron-server[111165]: DEBUG ovsdbapp.backend.ovs_idl [None req-468a109d-b2d6-4e1d-85c7-8e0abf410e45 None None] Created schema index Logical_Router_Port.name {{(pid=111165) autocreate_indices /usr/local/lib/python3.8/dist-packages/ovsdbapp/backend/ovs_idl/__init__.py:104}}
Jun 16 18:58:30 ubuntu neutron-server[111165]: DEBUG ovsdbapp.backend.ovs_idl [None req-468a109d-b2d6-4e1d-85c7-8e0abf410e45 None None] Created schema index Port_Group.name {{(pid=111165) autocreate_indices /usr/local/lib/python3.8/dist-packages/ovsdbapp/backend/ovs_idl/__init__.py:104}}
Jun 16 18:58:30 ubuntu neutron-server[111165]: DEBUG ovsdbapp.backend.ovs_idl [None req-468a109d-b2d6-4e1d-85c7-8e0abf410e45 None None] Created schema index Logical_Switch_Port.name {{(pid=111165) autocreate_indices /usr/local/lib/python3.8/dist-packages/ovsdbapp/backend/ovs_idl/__init__.py:104}}
Jun 16 18:58:30 ubuntu neutron-server[111166]: DEBUG ovsdbapp.backend.ovs_idl [None req-7acef640-3b27-45fc-bf4b-57054d9676f1 None None] Created lookup_table index Load_Balancer.name {{(pid=111166) autocreate_indices /usr/local/lib/python3.8/dist-packages/ovsdbapp/backend/ovs_idl/__init__.py:85}}
Jun 16 18:58:30 ubuntu neutron-server[111165]: INFO ovsdbapp.backend.ovs_idl.vlog [None req-468a109d-b2d6-4e1d-85c7-8e0abf410e45 None None] tcp:192.168.79.37:6641: connecting...
Jun 16 18:58:30 ubuntu neutron-server[111166]: DEBUG ovsdbapp.backend.ovs_idl [None req-7acef640-3b27-45fc-bf4b-57054d9676f1 None None] Created schema index Meter.name {{(pid=111166) autocreate_indices /usr/local/lib/python3.8/dist-packages/ovsdbapp/backend/ovs_idl/__init__.py:104}}
Jun 16 18:58:30 ubuntu neutron-server[111165]: INFO ovsdbapp.backend.ovs_idl.vlog [None req-468a109d-b2d6-4e1d-85c7-8e0abf410e45 None None] tcp:192.168.79.37:6641: connected
Jun 16 18:58:30 ubuntu neutron-server[111166]: DEBUG ovsdbapp.backend.ovs_idl [None req-7acef640-3b27-45fc-bf4b-57054d9676f1 None None] Created schema index Address_Set.name {{(pid=111166) autocreate_indices /usr/local/lib/python3.8/dist-packages/ovsdbapp/backend/ovs_idl/__init__.py:104}}
Jun 16 18:58:30 ubuntu neutron-server[111166]: DEBUG ovsdbapp.backend.ovs_idl [None req-7acef640-3b27-45fc-bf4b-57054d9676f1 None None] Created schema index HA_Chassis_Group.name {{(pid=111166) autocreate_indices /usr/local/lib/python3.8/dist-packages/ovsdbapp/backend/ovs_idl/__init__.py:104}}
Jun 16 18:58:30 ubuntu neutron-server[111166]: DEBUG ovsdbapp.backend.ovs_idl [None req-7acef640-3b27-45fc-bf4b-57054d9676f1 None None] Created schema index Connection.target {{(pid=111166) autocreate_indices /usr/local/lib/python3.8/dist-packages/ovsdbapp/backend/ovs_idl/__init__.py:104}}
Jun 16 18:58:30 ubuntu neutron-server[110952]: DEBUG ovsdbapp.backend.ovs_idl [None req-6a7fa36d-760f-4ef2-ae42-1e0a0510bacf None None] Created lookup_table index Logical_Switch.name {{(pid=110952) autocreate_indices /usr/local/lib/python3.8/dist-packages/ovsdbapp/backend/ovs_idl/__init__.py:85}}
Jun 16 18:58:30 ubuntu neutron-server[110952]: DEBUG ovsdbapp.backend.ovs_idl [None req-6a7fa36d-760f-4ef2-ae42-1e0a0510bacf None None] Created lookup_table index Logical_Router.name {{(pid=110952) autocreate_indices /usr/local/lib/python3.8/dist-packages/ovsdbapp/backend/ovs_idl/__init__.py:85}}
Jun 16 18:58:30 ubuntu neutron-server[110952]: DEBUG ovsdbapp.backend.ovs_idl [None req-6a7fa36d-760f-4ef2-ae42-1e0a0510bacf None None] Created lookup_table index Load_Balancer.name {{(pid=110952) autocreate_indices /usr/local/lib/python3.8/dist-packages/ovsdbapp/backend/ovs_idl/__init__.py:85}}
Jun 16 18:58:30 ubuntu neutron-server[111166]: DEBUG ovsdbapp.backend.ovs_idl [None req-7acef640-3b27-45fc-bf4b-57054d9676f1 None None] Created schema index Gateway_Chassis.name {{(pid=111166) autocreate_indices /usr/local/lib/python3.8/dist-packages/ovsdbapp/backend/ovs_idl/__init__.py:104}}
Jun 16 18:58:30 ubuntu neutron-server[110952]: DEBUG ovsdbapp.backend.ovs_idl [None req-6a7fa36d-760f-4ef2-ae42-1e0a0510bacf None None] Created schema index Meter.name {{(pid=110952) autocreate_indices /usr/local/lib/python3.8/dist-packages/ovsdbapp/backend/ovs_idl/__init__.py:104}}
Jun 16 18:58:30 ubuntu neutron-server[110952]: DEBUG ovsdbapp.backend.ovs_idl [None req-6a7fa36d-760f-4ef2-ae42-1e0a0510bacf None None] Created schema index Address_Set.name {{(pid=110952) autocreate_indices /usr/local/lib/python3.8/dist-packages/ovsdbapp/backend/ovs_idl/__init__.py:104}}
Jun 16 18:58:30 ubuntu neutron-server[110952]: DEBUG ovsdbapp.backend.ovs_idl [None req-6a7fa36d-760f-4ef2-ae42-1e0a0510bacf None None] Created schema index HA_Chassis_Group.name {{(pid=110952) autocreate_indices /usr/local/lib/python3.8/dist-packages/ovsdbapp/backend/ovs_idl/__init__.py:104}}
Jun 16 18:58:30 ubuntu neutron-server[110952]: DEBUG ovsdbapp.backend.ovs_idl [None req-6a7fa36d-760f-4ef2-ae42-1e0a0510bacf None None] Created schema index Connection.target {{(pid=110952) autocreate_indices /usr/local/lib/python3.8/dist-packages/ovsdbapp/backend/ovs_idl/__init__.py:104}}
Jun 16 18:58:30 ubuntu neutron-server[111166]: DEBUG ovsdbapp.backend.ovs_idl [None req-7acef640-3b27-45fc-bf4b-57054d9676f1 None None] Created schema index Logical_Router_Port.name {{(pid=111166) autocreate_indices /usr/local/lib/python3.8/dist-packages/ovsdbapp/backend/ovs_idl/__init__.py:104}}
Jun 16 18:58:30 ubuntu neutron-server[110952]: DEBUG ovsdbapp.backend.ovs_idl [None req-6a7fa36d-760f-4ef2-ae42-1e0a0510bacf None None] Created schema index Gateway_Chassis.name {{(pid=110952) autocreate_indices /usr/local/lib/python3.8/dist-packages/ovsdbapp/backend/ovs_idl/__init__.py:104}}
Jun 16 18:58:30 ubuntu neutron-server[110952]: DEBUG ovsdbapp.backend.ovs_idl [None req-6a7fa36d-760f-4ef2-ae42-1e0a0510bacf None None] Created schema index Logical_Router_Port.name {{(pid=110952) autocreate_indices /usr/local/lib/python3.8/dist-packages/ovsdbapp/backend/ovs_idl/__init__.py:104}}
Jun 16 18:58:30 ubuntu neutron-server[110952]: DEBUG ovsdbapp.backend.ovs_idl [None req-6a7fa36d-760f-4ef2-ae42-1e0a0510bacf None None] Created schema index Port_Group.name {{(pid=110952) autocreate_indices /usr/local/lib/python3.8/dist-packages/ovsdbapp/backend/ovs_idl/__init__.py:104}}
Jun 16 18:58:30 ubuntu neutron-server[110952]: DEBUG ovsdbapp.backend.ovs_idl [None req-6a7fa36d-760f-4ef2-ae42-1e0a0510bacf None None] Created schema index Logical_Switch_Port.name {{(pid=110952) autocreate_indices /usr/local/lib/python3.8/dist-packages/ovsdbapp/backend/ovs_idl/__init__.py:104}}
Jun 16 18:58:30 ubuntu neutron-server[111166]: DEBUG ovsdbapp.backend.ovs_idl [None req-7acef640-3b27-45fc-bf4b-57054d9676f1 None None] Created schema index Port_Group.name {{(pid=111166) autocreate_indices /usr/local/lib/python3.8/dist-packages/ovsdbapp/backend/ovs_idl/__init__.py:104}}
Jun 16 18:58:30 ubuntu neutron-server[111166]: DEBUG ovsdbapp.backend.ovs_idl [None req-7acef640-3b27-45fc-bf4b-57054d9676f1 None None] Created schema index Logical_Switch_Port.name {{(pid=111166) autocreate_indices /usr/local/lib/python3.8/dist-packages/ovsdbapp/backend/ovs_idl/__init__.py:104}}
Jun 16 18:58:30 ubuntu neutron-server[111166]: INFO ovsdbapp.backend.ovs_idl.vlog [None req-7acef640-3b27-45fc-bf4b-57054d9676f1 None None] tcp:192.168.79.37:6641: connecting...
Jun 16 18:58:30 ubuntu neutron-server[111166]: INFO ovsdbapp.backend.ovs_idl.vlog [None req-7acef640-3b27-45fc-bf4b-57054d9676f1 None None] tcp:192.168.79.37:6641: connected
Jun 16 18:58:30 ubuntu neutron-server[111166]: DEBUG neutron.common.ovn.hash_ring_manager [None req-7acef640-3b27-45fc-bf4b-57054d9676f1 None None] Allow caching, nodes 2>=2 {{(pid=111166) _wait_startup_before_caching /opt/stack/neutron/neutron/common/ovn/hash_ring_manager.py:60}}
Jun 16 18:58:30 ubuntu neutron-server[111165]: DEBUG neutron.common.ovn.hash_ring_manager [None req-468a109d-b2d6-4e1d-85c7-8e0abf410e45 None None] Allow caching, nodes 2>=2 {{(pid=111165) _wait_startup_before_caching /opt/stack/neutron/neutron/common/ovn/hash_ring_manager.py:60}}
Jun 16 18:58:30 ubuntu neutron-server[110952]: DEBUG ovsdbapp.backend.ovs_idl [None req-6a7fa36d-760f-4ef2-ae42-1e0a0510bacf None None] Created lookup_table index Chassis.name {{(pid=110952) autocreate_indices /usr/local/lib/python3.8/dist-packages/ovsdbapp/backend/ovs_idl/__init__.py:85}}
Jun 16 18:58:30 ubuntu neutron-server[110952]: DEBUG ovsdbapp.backend.ovs_idl [None req-6a7fa36d-760f-4ef2-ae42-1e0a0510bacf None None] Created lookup_table index MAC_Binding.ip {{(pid=110952) autocreate_indices /usr/local/lib/python3.8/dist-packages/ovsdbapp/backend/ovs_idl/__init__.py:85}}
Jun 16 18:58:30 ubuntu neutron-server[110952]: DEBUG ovsdbapp.backend.ovs_idl [None req-6a7fa36d-760f-4ef2-ae42-1e0a0510bacf None None] Created schema index Meter.name {{(pid=110952) autocreate_indices /usr/local/lib/python3.8/dist-packages/ovsdbapp/backend/ovs_idl/__init__.py:104}}
Jun 16 18:58:30 ubuntu neutron-server[110952]: DEBUG ovsdbapp.backend.ovs_idl [None req-6a7fa36d-760f-4ef2-ae42-1e0a0510bacf None None] Created schema index Address_Set.name {{(pid=110952) autocreate_indices /usr/local/lib/python3.8/dist-packages/ovsdbapp/backend/ovs_idl/__init__.py:104}}
Jun 16 18:58:30 ubuntu neutron-server[110952]: DEBUG ovsdbapp.backend.ovs_idl [None req-6a7fa36d-760f-4ef2-ae42-1e0a0510bacf None None] Created schema index HA_Chassis_Group.name {{(pid=110952) autocreate_indices /usr/local/lib/python3.8/dist-packages/ovsdbapp/backend/ovs_idl/__init__.py:104}}
Jun 16 18:58:30 ubuntu neutron-server[110952]: DEBUG ovsdbapp.backend.ovs_idl [None req-6a7fa36d-760f-4ef2-ae42-1e0a0510bacf None None] Created schema index IP_Multicast.datapath {{(pid=110952) autocreate_indices /usr/local/lib/python3.8/dist-packages/ovsdbapp/backend/ovs_idl/__init__.py:104}}
Jun 16 18:58:30 ubuntu neutron-server[110952]: DEBUG ovsdbapp.backend.ovs_idl [None req-6a7fa36d-760f-4ef2-ae42-1e0a0510bacf None None] Created schema index Connection.target {{(pid=110952) autocreate_indices /usr/local/lib/python3.8/dist-packages/ovsdbapp/backend/ovs_idl/__init__.py:104}}
Jun 16 18:58:30 ubuntu neutron-server[110952]: DEBUG ovsdbapp.backend.ovs_idl [None req-6a7fa36d-760f-4ef2-ae42-1e0a0510bacf None None] Created schema index Gateway_Chassis.name {{(pid=110952) autocreate_indices /usr/local/lib/python3.8/dist-packages/ovsdbapp/backend/ovs_idl/__init__.py:104}}
Jun 16 18:58:30 ubuntu neutron-server[110952]: DEBUG ovsdbapp.backend.ovs_idl [None req-6a7fa36d-760f-4ef2-ae42-1e0a0510bacf None None] Created schema index Port_Group.name {{(pid=110952) autocreate_indices /usr/local/lib/python3.8/dist-packages/ovsdbapp/backend/ovs_idl/__init__.py:104}}
Jun 16 18:58:30 ubuntu neutron-server[110952]: DEBUG ovsdbapp.backend.ovs_idl [None req-6a7fa36d-760f-4ef2-ae42-1e0a0510bacf None None] Created schema index Datapath_Binding.tunnel_key {{(pid=110952) autocreate_indices /usr/local/lib/python3.8/dist-packages/ovsdbapp/backend/ovs_idl/__init__.py:104}}
Jun 16 18:58:30 ubuntu neutron-server[111165]: DEBUG neutron.plugins.ml2.drivers.ovn.mech_driver.ovsdb.ovsdb_monitor [None req-468a109d-b2d6-4e1d-85c7-8e0abf410e45 None None] Hash Ring: Node 3d465cce-e2ae-4d72-8af0-696903259624 (host: ubuntu) handling event "create" for row 3dffcd29-e048-419f-ada3-f6d29d127099 (table: Database) {{(pid=111165) notify /opt/stack/neutron/neutron/plugins/ml2/drivers/ovn/mech_driver/ovsdb/ovsdb_monitor.py:743}}
Jun 16 18:58:30 ubuntu neutron-server[111166]: DEBUG neutron.plugins.ml2.drivers.ovn.mech_driver.ovsdb.ovsdb_monitor [None req-7acef640-3b27-45fc-bf4b-57054d9676f1 None None] Hash Ring: Node 895a991f-a273-4dc3-8478-abd2b8ebf393 (host: ubuntu) handling event "create" for row a2b825b1-10fd-4f4b-8618-978f0cf7cb80 (table: Database) {{(pid=111166) notify /opt/stack/neutron/neutron/plugins/ml2/drivers/ovn/mech_driver/ovsdb/ovsdb_monitor.py:743}}
Jun 16 18:58:30 ubuntu neutron-server[111165]: DEBUG neutron.plugins.ml2.drivers.ovn.mech_driver.ovsdb.ovsdb_monitor [None req-468a109d-b2d6-4e1d-85c7-8e0abf410e45 None None] Hash Ring: Node 3d465cce-e2ae-4d72-8af0-696903259624 (host: ubuntu) handling event "create" for row db2764ab-f7e0-4e1c-8f39-e0fe2fc6283e (table: Port_Group) {{(pid=111165) notify /opt/stack/neutron/neutron/plugins/ml2/drivers/ovn/mech_driver/ovsdb/ovsdb_monitor.py:743}}
Jun 16 18:58:30 ubuntu neutron-server[111166]: DEBUG neutron.plugins.ml2.drivers.ovn.mech_driver.ovsdb.ovsdb_monitor [None req-7acef640-3b27-45fc-bf4b-57054d9676f1 None None] Hash Ring: Node 895a991f-a273-4dc3-8478-abd2b8ebf393 (host: ubuntu) handling event "create" for row bb12f13b-884e-42ff-a9a1-12f21e1b5177 (table: NB_Global) {{(pid=111166) notify /opt/stack/neutron/neutron/plugins/ml2/drivers/ovn/mech_driver/ovsdb/ovsdb_monitor.py:743}}
Jun 16 18:58:30 ubuntu neutron-server[111166]: DEBUG neutron.plugins.ml2.drivers.ovn.mech_driver.ovsdb.ovsdb_monitor [None req-7acef640-3b27-45fc-bf4b-57054d9676f1 None None] Hash Ring: Node 895a991f-a273-4dc3-8478-abd2b8ebf393 (host: ubuntu) handling event "create" for row 1f721a13-b771-42ec-aa6f-7704ca56363d (table: ACL) {{(pid=111166) notify /opt/stack/neutron/neutron/plugins/ml2/drivers/ovn/mech_driver/ovsdb/ovsdb_monitor.py:743}}
Jun 16 18:58:30 ubuntu neutron-server[111165]: DEBUG neutron.plugins.ml2.drivers.ovn.mech_driver.ovsdb.ovsdb_monitor [None req-468a109d-b2d6-4e1d-85c7-8e0abf410e45 None None] Hash Ring: Node 3d465cce-e2ae-4d72-8af0-696903259624 (host: ubuntu) handling event "create" for row 97195e0a-3784-4ea5-af3d-2fbc20b8ad36 (table: ACL) {{(pid=111165) notify /opt/stack/neutron/neutron/plugins/ml2/drivers/ovn/mech_driver/ovsdb/ovsdb_monitor.py:743}}
Jun 16 18:58:30 ubuntu neutron-server[111166]: DEBUG neutron.plugins.ml2.drivers.ovn.mech_driver.ovsdb.ovsdb_monitor [None req-7acef640-3b27-45fc-bf4b-57054d9676f1 None None] Hash Ring: Node 895a991f-a273-4dc3-8478-abd2b8ebf393 (host: ubuntu) handling event "create" for row 0682b8e3-1b8c-49dd-8b0a-ed4f1c1c19ca (table: Connection) {{(pid=111166) notify /opt/stack/neutron/neutron/plugins/ml2/drivers/ovn/mech_driver/ovsdb/ovsdb_monitor.py:743}}
Jun 16 18:58:30 ubuntu neutron-server[111165]: INFO neutron.plugins.ml2.drivers.ovn.mech_driver.ovsdb.impl_idl_ovn [None req-468a109d-b2d6-4e1d-85c7-8e0abf410e45 None None] Getting OvsdbSbOvnIdl for WorkerService with retry
Jun 16 18:58:30 ubuntu neutron-server[111166]: INFO neutron.plugins.ml2.drivers.ovn.mech_driver.ovsdb.impl_idl_ovn [None req-7acef640-3b27-45fc-bf4b-57054d9676f1 None None] Getting OvsdbSbOvnIdl for WorkerService with retry
Jun 16 18:58:30 ubuntu neutron-server[111165]: DEBUG ovsdbapp.backend.ovs_idl [None req-468a109d-b2d6-4e1d-85c7-8e0abf410e45 None None] Created lookup_table index Chassis.name {{(pid=111165) autocreate_indices /usr/local/lib/python3.8/dist-packages/ovsdbapp/backend/ovs_idl/__init__.py:85}}
Jun 16 18:58:30 ubuntu neutron-server[111166]: DEBUG ovsdbapp.backend.ovs_idl [None req-7acef640-3b27-45fc-bf4b-57054d9676f1 None None] Created lookup_table index Chassis.name {{(pid=111166) autocreate_indices /usr/local/lib/python3.8/dist-packages/ovsdbapp/backend/ovs_idl/__init__.py:85}}
Jun 16 18:58:30 ubuntu neutron-server[111166]: DEBUG ovsdbapp.backend.ovs_idl [None req-7acef640-3b27-45fc-bf4b-57054d9676f1 None None] Created schema index Datapath_Binding.tunnel_key {{(pid=111166) autocreate_indices /usr/local/lib/python3.8/dist-packages/ovsdbapp/backend/ovs_idl/__init__.py:104}}
Jun 16 18:58:30 ubuntu neutron-server[111166]: DEBUG ovsdbapp.backend.ovs_idl [None req-7acef640-3b27-45fc-bf4b-57054d9676f1 None None] Created schema index Connection.target {{(pid=111166) autocreate_indices /usr/local/lib/python3.8/dist-packages/ovsdbapp/backend/ovs_idl/__init__.py:104}}
Jun 16 18:58:30 ubuntu neutron-server[110952]: INFO oslo_service.service [None req-6a7fa36d-760f-4ef2-ae42-1e0a0510bacf None None] Starting 1 workers
Jun 16 18:58:30 ubuntu neutron-server[111165]: DEBUG ovsdbapp.backend.ovs_idl [None req-468a109d-b2d6-4e1d-85c7-8e0abf410e45 None None] Created schema index Datapath_Binding.tunnel_key {{(pid=111165) autocreate_indices /usr/local/lib/python3.8/dist-packages/ovsdbapp/backend/ovs_idl/__init__.py:104}}
Jun 16 18:58:30 ubuntu neutron-server[111166]: INFO ovsdbapp.backend.ovs_idl.vlog [None req-7acef640-3b27-45fc-bf4b-57054d9676f1 None None] tcp:192.168.79.37:6642: connecting...
Jun 16 18:58:30 ubuntu neutron-server[111166]: INFO ovsdbapp.backend.ovs_idl.vlog [None req-7acef640-3b27-45fc-bf4b-57054d9676f1 None None] tcp:192.168.79.37:6642: connected
Jun 16 18:58:30 ubuntu neutron-server[111165]: DEBUG ovsdbapp.backend.ovs_idl [None req-468a109d-b2d6-4e1d-85c7-8e0abf410e45 None None] Created schema index Connection.target {{(pid=111165) autocreate_indices /usr/local/lib/python3.8/dist-packages/ovsdbapp/backend/ovs_idl/__init__.py:104}}
Jun 16 18:58:30 ubuntu neutron-server[111165]: INFO ovsdbapp.backend.ovs_idl.vlog [None req-468a109d-b2d6-4e1d-85c7-8e0abf410e45 None None] tcp:192.168.79.37:6642: connecting...
Jun 16 18:58:30 ubuntu neutron-server[111165]: INFO ovsdbapp.backend.ovs_idl.vlog [None req-468a109d-b2d6-4e1d-85c7-8e0abf410e45 None None] tcp:192.168.79.37:6642: connected
Jun 16 18:58:30 ubuntu neutron-server[110952]: DEBUG oslo_service.service [None req-6a7fa36d-760f-4ef2-ae42-1e0a0510bacf None None] Started child 111168 {{(pid=110952) _start_child /usr/local/lib/python3.8/dist-packages/oslo_service/service.py:575}}
Jun 16 18:58:30 ubuntu neutron-server[110952]: INFO oslo_service.service [None req-6a7fa36d-760f-4ef2-ae42-1e0a0510bacf None None] Starting 1 workers
Jun 16 18:58:30 ubuntu neutron-server[110952]: DEBUG oslo_service.service [None req-6a7fa36d-760f-4ef2-ae42-1e0a0510bacf None None] Started child 111169 {{(pid=110952) _start_child /usr/local/lib/python3.8/dist-packages/oslo_service/service.py:575}}
Jun 16 18:58:30 ubuntu neutron-server[110952]: INFO oslo_service.service [None req-6a7fa36d-760f-4ef2-ae42-1e0a0510bacf None None] Starting 1 workers
Jun 16 18:58:30 ubuntu neutron-server[110952]: DEBUG oslo_service.service [None req-6a7fa36d-760f-4ef2-ae42-1e0a0510bacf None None] Started child 111170 {{(pid=110952) _start_child /usr/local/lib/python3.8/dist-packages/oslo_service/service.py:575}}
Jun 16 18:58:30 ubuntu neutron-server[110952]: DEBUG neutron_lib.callbacks.manager [None req-6a7fa36d-760f-4ef2-ae42-1e0a0510bacf None None] Publish callbacks [] for process (None), after_spawn {{(pid=110952) _notify_loop /usr/local/lib/python3.8/dist-packages/neutron_lib/callbacks/manager.py:176}}
Jun 16 18:58:30 ubuntu neutron-server[111168]: DEBUG neutron.service [None req-6a7fa36d-760f-4ef2-ae42-1e0a0510bacf None None] calling RpcWorker wait() {{(pid=111168) _wait /opt/stack/neutron/neutron/service.py:128}}
Jun 16 18:58:30 ubuntu neutron-server[111168]: DEBUG neutron.service [None req-6a7fa36d-760f-4ef2-ae42-1e0a0510bacf None None] returning from RpcWorker wait() {{(pid=111168) _wait /opt/stack/neutron/neutron/service.py:135}}
Jun 16 18:58:30 ubuntu neutron-server[111168]: DEBUG neutron_lib.callbacks.manager [-] Publish callbacks ['neutron.plugins.ml2.drivers.ovn.mech_driver.mech_driver.OVNMechanismDriver.post_fork_initialize-503406'] for process (None), after_init {{(pid=111168) _notify_loop /usr/local/lib/python3.8/dist-packages/neutron_lib/callbacks/manager.py:176}}
Jun 16 18:58:30 ubuntu neutron-server[110952]: DEBUG oslo_service.service [-] Full set of CONF: {{(pid=110952) wait /usr/local/lib/python3.8/dist-packages/oslo_service/service.py:649}}
Jun 16 18:58:30 ubuntu neutron-server[110952]: DEBUG oslo_service.service [-] ******************************************************************************** {{(pid=110952) log_opt_values /usr/local/lib/python3.8/dist-packages/oslo_config/cfg.py:2589}}
Jun 16 18:58:30 ubuntu neutron-server[110952]: DEBUG oslo_service.service [-] Configuration options gathered from: {{(pid=110952) log_opt_values /usr/local/lib/python3.8/dist-packages/oslo_config/cfg.py:2590}}
Jun 16 18:58:30 ubuntu neutron-server[110952]: DEBUG oslo_service.service [-] command line args: ['--config-file', '/etc/neutron/neutron.conf', '--config-file', '/etc/neutron/plugins/ml2/ml2_conf.ini'] {{(pid=110952) log_opt_values /usr/local/lib/python3.8/dist-packages/oslo_config/cfg.py:2591}}
Jun 16 18:58:30 ubuntu neutron-server[110952]: DEBUG oslo_service.service [-] config files: ['/etc/neutron/neutron.conf', '/etc/neutron/plugins/ml2/ml2_conf.ini'] {{(pid=110952) log_opt_values /usr/local/lib/python3.8/dist-packages/oslo_config/cfg.py:2592}}
Jun 16 18:58:30 ubuntu neutron-server[110952]: DEBUG oslo_service.service [-] ================================================================================ {{(pid=110952) log_opt_values /usr/local/lib/python3.8/dist-packages/oslo_config/cfg.py:2594}}
Jun 16 18:58:30 ubuntu neutron-server[110952]: DEBUG oslo_service.service [-] agent_down_time                = 75 {{(pid=110952) log_opt_values /usr/local/lib/python3.8/dist-packages/oslo_config/cfg.py:2602}}
Jun 16 18:58:30 ubuntu neutron-server[110952]: DEBUG oslo_service.service [-] allow_automatic_dhcp_failover  = True {{(pid=110952) log_opt_values /usr/local/lib/python3.8/dist-packages/oslo_config/cfg.py:2602}}
Jun 16 18:58:30 ubuntu neutron-server[110952]: DEBUG oslo_service.service [-] allow_bulk                     = True {{(pid=110952) log_opt_values /usr/local/lib/python3.8/dist-packages/oslo_config/cfg.py:2602}}
Jun 16 18:58:30 ubuntu neutron-server[111168]: INFO neutron.plugins.ml2.drivers.ovn.mech_driver.ovsdb.impl_idl_ovn [-] Getting OvsdbNbOvnIdl for RpcWorker with retry
Jun 16 18:58:30 ubuntu neutron-server[110952]: DEBUG oslo_service.service [-] allowed_conntrack_helpers      = [{'amanda': 'tcp'}, {'ftp': 'tcp'}, {'h323': 'udp'}, {'h323': 'tcp'}, {'irc': 'tcp'}, {'netbios-ns': 'udp'}, {'pptp': 'tcp'}, {'sane': 'tcp'}, {'sip': 'udp'}, {'sip': 'tcp'}, {'snmp': 'udp'}, {'tftp': 'udp'}] {{(pid=110952) log_opt_values /usr/local/lib/python3.8/dist-packages/oslo_config/cfg.py:2602}}
Jun 16 18:58:30 ubuntu neutron-server[111169]: DEBUG neutron_lib.callbacks.manager [-] Publish callbacks ['neutron.plugins.ml2.drivers.ovn.mech_driver.mech_driver.OVNMechanismDriver.post_fork_initialize-503406'] for process (None), after_init {{(pid=111169) _notify_loop /usr/local/lib/python3.8/dist-packages/neutron_lib/callbacks/manager.py:176}}
Jun 16 18:58:30 ubuntu neutron-server[111166]: DEBUG neutron.common.ovn.hash_ring_manager [None req-7acef640-3b27-45fc-bf4b-57054d9676f1 None None] Allow caching, nodes 2>=2 {{(pid=111166) _wait_startup_before_caching /opt/stack/neutron/neutron/common/ovn/hash_ring_manager.py:60}}
Jun 16 18:58:30 ubuntu neutron-server[110952]: DEBUG oslo_service.service [-] api_extensions_path            =  {{(pid=110952) log_opt_values /usr/local/lib/python3.8/dist-packages/oslo_config/cfg.py:2602}}
Jun 16 18:58:30 ubuntu neutron-server[110952]: DEBUG oslo_service.service [-] api_paste_config               = api-paste.ini {{(pid=110952) log_opt_values /usr/local/lib/python3.8/dist-packages/oslo_config/cfg.py:2602}}
Jun 16 18:58:30 ubuntu neutron-server[110952]: DEBUG oslo_service.service [-] api_workers                    = 2 {{(pid=110952) log_opt_values /usr/local/lib/python3.8/dist-packages/oslo_config/cfg.py:2602}}
Jun 16 18:58:30 ubuntu neutron-server[110952]: DEBUG oslo_service.service [-] auth_strategy                  = keystone {{(pid=110952) log_opt_values /usr/local/lib/python3.8/dist-packages/oslo_config/cfg.py:2602}}
Jun 16 18:58:30 ubuntu neutron-server[110952]: DEBUG oslo_service.service [-] backdoor_port                  = None {{(pid=110952) log_opt_values /usr/local/lib/python3.8/dist-packages/oslo_config/cfg.py:2602}}
Jun 16 18:58:30 ubuntu neutron-server[110952]: DEBUG oslo_service.service [-] backdoor_socket                = None {{(pid=110952) log_opt_values /usr/local/lib/python3.8/dist-packages/oslo_config/cfg.py:2602}}
Jun 16 18:58:30 ubuntu neutron-server[110952]: DEBUG oslo_service.service [-] backlog                        = 4096 {{(pid=110952) log_opt_values /usr/local/lib/python3.8/dist-packages/oslo_config/cfg.py:2602}}
