Jun 15 00:18:47 ubuntu devstack@g-api.service[135733]: DEBUG glance_store.capabilities [None req-eb6d8fb4-04d1-4571-9b4d-99f7c1aad081 admin admin] Store glance_store._drivers.swift.store.SingleTenantStore doesn't support updating dynamic storage capabilities. Please overwrite 'update_capabilities' method of the store to implement updating logics if needed. {{(pid=135733) update_capabilities /usr/local/lib/python3.8/dist-packages/glance_store/capabilities.py:91}}
Jun 15 00:18:47 ubuntu devstack@g-api.service[135733]: DEBUG glance_store.driver [None req-eb6d8fb4-04d1-4571-9b4d-99f7c1aad081 admin admin] Late loading location class glance_store._drivers.swift.store.StoreLocation {{(pid=135733) get_store_location_class /usr/local/lib/python3.8/dist-packages/glance_store/driver.py:117}}
Jun 15 00:18:47 ubuntu devstack@g-api.service[135733]: DEBUG glance_store.location [None req-eb6d8fb4-04d1-4571-9b4d-99f7c1aad081 admin admin] Registering scheme swift+https with {'store': <glance_store._drivers.swift.store.SingleTenantStore object at 0x7f8fc984d7c0>, 'location_class': <class 'glance_store._drivers.swift.store.StoreLocation'>, 'store_entry': 'swift'} {{(pid=135733) register_scheme_map /usr/local/lib/python3.8/dist-packages/glance_store/location.py:146}}
Jun 15 00:18:47 ubuntu devstack@g-api.service[135733]: DEBUG glance_store.location [None req-eb6d8fb4-04d1-4571-9b4d-99f7c1aad081 admin admin] Registering scheme swift+https with {'store': <glance_store._drivers.swift.store.SingleTenantStore object at 0x7f8fc984d7c0>, 'location_class': <class 'glance_store._drivers.swift.store.StoreLocation'>, 'store_entry': 'swift'} {{(pid=135733) register_scheme_map /usr/local/lib/python3.8/dist-packages/glance_store/location.py:146}}
Jun 15 00:18:47 ubuntu devstack@g-api.service[135733]: DEBUG glance_store.location [None req-eb6d8fb4-04d1-4571-9b4d-99f7c1aad081 admin admin] Registering scheme swift with {'store': <glance_store._drivers.swift.store.SingleTenantStore object at 0x7f8fc984d7c0>, 'location_class': <class 'glance_store._drivers.swift.store.StoreLocation'>, 'store_entry': 'swift'} {{(pid=135733) register_scheme_map /usr/local/lib/python3.8/dist-packages/glance_store/location.py:146}}
Jun 15 00:18:47 ubuntu devstack@g-api.service[135733]: DEBUG glance_store.location [None req-eb6d8fb4-04d1-4571-9b4d-99f7c1aad081 admin admin] Registering scheme swift+https with {'store': <glance_store._drivers.swift.store.SingleTenantStore object at 0x7f8fc984d7c0>, 'location_class': <class 'glance_store._drivers.swift.store.StoreLocation'>, 'store_entry': 'swift'} {{(pid=135733) register_scheme_map /usr/local/lib/python3.8/dist-packages/glance_store/location.py:146}}
Jun 15 00:18:47 ubuntu devstack@g-api.service[135733]: DEBUG glance_store.location [None req-eb6d8fb4-04d1-4571-9b4d-99f7c1aad081 admin admin] Registering scheme swift with {'store': <glance_store._drivers.swift.store.SingleTenantStore object at 0x7f8fc984d7c0>, 'location_class': <class 'glance_store._drivers.swift.store.StoreLocation'>, 'store_entry': 'swift'} {{(pid=135733) register_scheme_map /usr/local/lib/python3.8/dist-packages/glance_store/location.py:146}}
Jun 15 00:18:47 ubuntu devstack@g-api.service[135733]: DEBUG glance_store.location [None req-eb6d8fb4-04d1-4571-9b4d-99f7c1aad081 admin admin] Registering scheme swift+http with {'store': <glance_store._drivers.swift.store.SingleTenantStore object at 0x7f8fc984d7c0>, 'location_class': <class 'glance_store._drivers.swift.store.StoreLocation'>, 'store_entry': 'swift'} {{(pid=135733) register_scheme_map /usr/local/lib/python3.8/dist-packages/glance_store/location.py:146}}
Jun 15 00:18:47 ubuntu devstack@g-api.service[135733]: DEBUG glance_store.location [None req-eb6d8fb4-04d1-4571-9b4d-99f7c1aad081 admin admin] Registering scheme swift+https with {'store': <glance_store._drivers.swift.store.SingleTenantStore object at 0x7f8fc984d7c0>, 'location_class': <class 'glance_store._drivers.swift.store.StoreLocation'>, 'store_entry': 'swift'} {{(pid=135733) register_scheme_map /usr/local/lib/python3.8/dist-packages/glance_store/location.py:146}}
Jun 15 00:18:47 ubuntu devstack@g-api.service[135733]: DEBUG glance_store.location [None req-eb6d8fb4-04d1-4571-9b4d-99f7c1aad081 admin admin] Registering scheme swift with {'store': <glance_store._drivers.swift.store.SingleTenantStore object at 0x7f8fc984d7c0>, 'location_class': <class 'glance_store._drivers.swift.store.StoreLocation'>, 'store_entry': 'swift'} {{(pid=135733) register_scheme_map /usr/local/lib/python3.8/dist-packages/glance_store/location.py:146}}
Jun 15 00:18:47 ubuntu devstack@g-api.service[135733]: DEBUG glance_store.location [None req-eb6d8fb4-04d1-4571-9b4d-99f7c1aad081 admin admin] Registering scheme swift+http with {'store': <glance_store._drivers.swift.store.SingleTenantStore object at 0x7f8fc984d7c0>, 'location_class': <class 'glance_store._drivers.swift.store.StoreLocation'>, 'store_entry': 'swift'} {{(pid=135733) register_scheme_map /usr/local/lib/python3.8/dist-packages/glance_store/location.py:146}}
Jun 15 00:18:47 ubuntu devstack@g-api.service[135733]: DEBUG glance_store.location [None req-eb6d8fb4-04d1-4571-9b4d-99f7c1aad081 admin admin] Registering scheme swift+config with {'store': <glance_store._drivers.swift.store.SingleTenantStore object at 0x7f8fc984d7c0>, 'location_class': <class 'glance_store._drivers.swift.store.StoreLocation'>, 'store_entry': 'swift'} {{(pid=135733) register_scheme_map /usr/local/lib/python3.8/dist-packages/glance_store/location.py:146}}
Jun 15 00:18:47 ubuntu devstack@g-api.service[135733]: DEBUG glance_store.backend [None req-eb6d8fb4-04d1-4571-9b4d-99f7c1aad081 admin admin] Skipping store.set_acls... not implemented. {{(pid=135733) set_acls /usr/local/lib/python3.8/dist-packages/glance_store/backend.py:509}}
Jun 15 00:18:47 ubuntu devstack@g-api.service[135733]: [pid: 135733|app: 0|req: 3/4] 127.0.0.1 () {40 vars in 862 bytes} [Wed Jun 15 00:18:45 2022] PUT /v2/images/1c381608-1885-447f-96bc-d7d4988e98e0/file => generated 0 bytes in 2154 msecs (HTTP/1.1 204) 4 headers in 171 bytes (1 switches on core 0)
Jun 15 00:18:55 ubuntu devstack@g-api.service[135732]: DEBUG dbcounter [-] [135732] Writing DB stats glance:SELECT=9,glance:INSERT=5 {{(pid=135732) stat_writer /usr/local/lib/python3.8/dist-packages/dbcounter.py:114}}
Jun 15 00:18:57 ubuntu devstack@g-api.service[135733]: DEBUG dbcounter [-] [135733] Writing DB stats glance:SELECT=28,glance:UPDATE=2,glance:INSERT=1 {{(pid=135733) stat_writer /usr/local/lib/python3.8/dist-packages/dbcounter.py:114}}
Jun 15 00:19:28 ubuntu devstack@g-api.service[135732]: DEBUG glance.api.middleware.version_negotiation [None req-bf63bb08-55cc-445e-bf2c-d40212f150c9 admin admin] Determining version of request: GET / Accept: application/json {{(pid=135732) process_request /opt/stack/glance/glance/api/middleware/version_negotiation.py:44}}
Jun 15 00:19:28 ubuntu devstack@g-api.service[135732]: DEBUG glance.api.middleware.version_negotiation [None req-bf63bb08-55cc-445e-bf2c-d40212f150c9 admin admin] Using url versioning {{(pid=135732) process_request /opt/stack/glance/glance/api/middleware/version_negotiation.py:57}}
Jun 15 00:19:28 ubuntu devstack@g-api.service[135732]: DEBUG glance.api.middleware.version_negotiation [None req-bf63bb08-55cc-445e-bf2c-d40212f150c9 admin admin] Unknown version. Returning version choices. {{(pid=135732) process_request /opt/stack/glance/glance/api/middleware/version_negotiation.py:64}}
Jun 15 00:19:28 ubuntu devstack@g-api.service[135732]: [pid: 135732|app: 0|req: 2/5] 127.0.0.1 () {34 vars in 506 bytes} [Wed Jun 15 00:19:28 2022] GET / => generated 1323 bytes in 4 msecs (HTTP/1.1 300) 3 headers in 106 bytes (1 switches on core 0)
Jun 15 00:19:28 ubuntu devstack@g-api.service[135733]: DEBUG glance.api.middleware.version_negotiation [None req-eb6d8fb4-04d1-4571-9b4d-99f7c1aad081 admin admin] Determining version of request: GET /v2/images Accept: application/json {{(pid=135733) process_request /opt/stack/glance/glance/api/middleware/version_negotiation.py:44}}
Jun 15 00:19:28 ubuntu devstack@g-api.service[135733]: DEBUG glance.api.middleware.version_negotiation [None req-eb6d8fb4-04d1-4571-9b4d-99f7c1aad081 admin admin] Using url versioning {{(pid=135733) process_request /opt/stack/glance/glance/api/middleware/version_negotiation.py:57}}
Jun 15 00:19:28 ubuntu devstack@g-api.service[135733]: DEBUG glance.api.middleware.version_negotiation [None req-eb6d8fb4-04d1-4571-9b4d-99f7c1aad081 admin admin] Matched version: v2 {{(pid=135733) process_request /opt/stack/glance/glance/api/middleware/version_negotiation.py:69}}
Jun 15 00:19:28 ubuntu devstack@g-api.service[135733]: DEBUG glance.api.middleware.version_negotiation [None req-eb6d8fb4-04d1-4571-9b4d-99f7c1aad081 admin admin] new path /v2/images {{(pid=135733) process_request /opt/stack/glance/glance/api/middleware/version_negotiation.py:70}}
Jun 15 00:19:28 ubuntu devstack@g-api.service[135733]: [pid: 135733|app: 0|req: 4/6] 127.0.0.1 () {36 vars in 728 bytes} [Wed Jun 15 00:19:28 2022] GET /v2/images => generated 1045 bytes in 111 msecs (HTTP/1.1 200) 4 headers in 158 bytes (1 switches on core 0)
Jun 15 00:19:33 ubuntu devstack@g-api.service[135732]: DEBUG glance.api.middleware.version_negotiation [None req-bf63bb08-55cc-445e-bf2c-d40212f150c9 admin admin] Determining version of request: GET / Accept: application/json {{(pid=135732) process_request /opt/stack/glance/glance/api/middleware/version_negotiation.py:44}}
Jun 15 00:19:33 ubuntu devstack@g-api.service[135732]: DEBUG glance.api.middleware.version_negotiation [None req-bf63bb08-55cc-445e-bf2c-d40212f150c9 admin admin] Using url versioning {{(pid=135732) process_request /opt/stack/glance/glance/api/middleware/version_negotiation.py:57}}
Jun 15 00:19:33 ubuntu devstack@g-api.service[135732]: DEBUG glance.api.middleware.version_negotiation [None req-bf63bb08-55cc-445e-bf2c-d40212f150c9 admin admin] Unknown version. Returning version choices. {{(pid=135732) process_request /opt/stack/glance/glance/api/middleware/version_negotiation.py:64}}
Jun 15 00:19:33 ubuntu devstack@g-api.service[135732]: [pid: 135732|app: 0|req: 3/7] 127.0.0.1 () {34 vars in 506 bytes} [Wed Jun 15 00:19:33 2022] GET / => generated 1323 bytes in 1 msecs (HTTP/1.1 300) 3 headers in 106 bytes (1 switches on core 0)
Jun 15 00:19:33 ubuntu devstack@g-api.service[135733]: DEBUG glance.api.middleware.version_negotiation [None req-6fa62f6a-a06f-40bc-89ef-b771bb85b54b admin admin] Determining version of request: GET /v2/images/1c381608-1885-447f-96bc-d7d4988e98e0 Accept: */* {{(pid=135733) process_request /opt/stack/glance/glance/api/middleware/version_negotiation.py:44}}
Jun 15 00:19:33 ubuntu devstack@g-api.service[135733]: DEBUG glance.api.middleware.version_negotiation [None req-6fa62f6a-a06f-40bc-89ef-b771bb85b54b admin admin] Using url versioning {{(pid=135733) process_request /opt/stack/glance/glance/api/middleware/version_negotiation.py:57}}
Jun 15 00:19:33 ubuntu devstack@g-api.service[135733]: DEBUG glance.api.middleware.version_negotiation [None req-6fa62f6a-a06f-40bc-89ef-b771bb85b54b admin admin] Matched version: v2 {{(pid=135733) process_request /opt/stack/glance/glance/api/middleware/version_negotiation.py:69}}
Jun 15 00:19:33 ubuntu devstack@g-api.service[135733]: DEBUG glance.api.middleware.version_negotiation [None req-6fa62f6a-a06f-40bc-89ef-b771bb85b54b admin admin] new path /v2/images/1c381608-1885-447f-96bc-d7d4988e98e0 {{(pid=135733) process_request /opt/stack/glance/glance/api/middleware/version_negotiation.py:70}}
Jun 15 00:19:34 ubuntu devstack@g-api.service[135733]: [pid: 135733|app: 0|req: 5/8] 127.0.0.1 () {36 vars in 789 bytes} [Wed Jun 15 00:19:33 2022] GET /v2/images/1c381608-1885-447f-96bc-d7d4988e98e0 => generated 976 bytes in 66 msecs (HTTP/1.1 200) 4 headers in 157 bytes (1 switches on core 0)
Jun 15 00:19:37 ubuntu devstack@g-api.service[135732]: DEBUG glance.api.middleware.version_negotiation [None req-bf63bb08-55cc-445e-bf2c-d40212f150c9 admin admin] Determining version of request: GET / Accept: application/json {{(pid=135732) process_request /opt/stack/glance/glance/api/middleware/version_negotiation.py:44}}
Jun 15 00:19:37 ubuntu devstack@g-api.service[135732]: DEBUG glance.api.middleware.version_negotiation [None req-bf63bb08-55cc-445e-bf2c-d40212f150c9 admin admin] Using url versioning {{(pid=135732) process_request /opt/stack/glance/glance/api/middleware/version_negotiation.py:57}}
Jun 15 00:19:37 ubuntu devstack@g-api.service[135732]: DEBUG glance.api.middleware.version_negotiation [None req-bf63bb08-55cc-445e-bf2c-d40212f150c9 admin admin] Unknown version. Returning version choices. {{(pid=135732) process_request /opt/stack/glance/glance/api/middleware/version_negotiation.py:64}}
Jun 15 00:19:37 ubuntu devstack@g-api.service[135732]: [pid: 135732|app: 0|req: 4/9] 127.0.0.1 () {34 vars in 506 bytes} [Wed Jun 15 00:19:37 2022] GET / => generated 1323 bytes in 4 msecs (HTTP/1.1 300) 3 headers in 106 bytes (1 switches on core 0)
Jun 15 00:19:37 ubuntu devstack@g-api.service[135733]: DEBUG glance.api.middleware.version_negotiation [None req-49d4a59e-81f2-4894-a6f6-0d981798e059 admin admin] Determining version of request: GET /v2/images/1c381608-1885-447f-96bc-d7d4988e98e0 Accept: */* {{(pid=135733) process_request /opt/stack/glance/glance/api/middleware/version_negotiation.py:44}}
Jun 15 00:19:37 ubuntu devstack@g-api.service[135733]: DEBUG glance.api.middleware.version_negotiation [None req-49d4a59e-81f2-4894-a6f6-0d981798e059 admin admin] Using url versioning {{(pid=135733) process_request /opt/stack/glance/glance/api/middleware/version_negotiation.py:57}}
Jun 15 00:19:37 ubuntu devstack@g-api.service[135733]: DEBUG glance.api.middleware.version_negotiation [None req-49d4a59e-81f2-4894-a6f6-0d981798e059 admin admin] Matched version: v2 {{(pid=135733) process_request /opt/stack/glance/glance/api/middleware/version_negotiation.py:69}}
Jun 15 00:19:37 ubuntu devstack@g-api.service[135733]: DEBUG glance.api.middleware.version_negotiation [None req-49d4a59e-81f2-4894-a6f6-0d981798e059 admin admin] new path /v2/images/1c381608-1885-447f-96bc-d7d4988e98e0 {{(pid=135733) process_request /opt/stack/glance/glance/api/middleware/version_negotiation.py:70}}
Jun 15 00:19:37 ubuntu devstack@g-api.service[135733]: [pid: 135733|app: 0|req: 6/10] 127.0.0.1 () {36 vars in 789 bytes} [Wed Jun 15 00:19:37 2022] GET /v2/images/1c381608-1885-447f-96bc-d7d4988e98e0 => generated 976 bytes in 59 msecs (HTTP/1.1 200) 4 headers in 157 bytes (1 switches on core 0)
Jun 15 00:19:47 ubuntu devstack@g-api.service[135733]: DEBUG dbcounter [-] [135733] Writing DB stats glance:SELECT=10 {{(pid=135733) stat_writer /usr/local/lib/python3.8/dist-packages/dbcounter.py:114}}
Jun 15 00:21:48 ubuntu devstack@g-api.service[135732]: DEBUG glance.api.middleware.version_negotiation [None req-bf63bb08-55cc-445e-bf2c-d40212f150c9 admin admin] Determining version of request: GET /v1 Accept: application/json {{(pid=135732) process_request /opt/stack/glance/glance/api/middleware/version_negotiation.py:44}}
Jun 15 00:21:48 ubuntu devstack@g-api.service[135732]: DEBUG glance.api.middleware.version_negotiation [None req-bf63bb08-55cc-445e-bf2c-d40212f150c9 admin admin] Using url versioning {{(pid=135732) process_request /opt/stack/glance/glance/api/middleware/version_negotiation.py:57}}
Jun 15 00:21:48 ubuntu devstack@g-api.service[135732]: DEBUG glance.api.middleware.version_negotiation [None req-bf63bb08-55cc-445e-bf2c-d40212f150c9 admin admin] Unknown version. Returning version choices. {{(pid=135732) process_request /opt/stack/glance/glance/api/middleware/version_negotiation.py:64}}
Jun 15 00:21:48 ubuntu devstack@g-api.service[135732]: [pid: 135732|app: 0|req: 5/11] 127.0.0.1 () {38 vars in 685 bytes} [Wed Jun 15 00:21:48 2022] GET /v1 => generated 1323 bytes in 6 msecs (HTTP/1.1 300) 3 headers in 106 bytes (1 switches on core 0)
Jun 15 00:23:27 ubuntu devstack@g-api.service[135732]: DEBUG oslo_concurrency.lockutils [-] Acquired lock "glance-cache" {{(pid=135732) lock /usr/local/lib/python3.8/dist-packages/oslo_concurrency/lockutils.py:294}}
Jun 15 00:23:27 ubuntu devstack@g-api.service[135732]: DEBUG oslo_concurrency.lockutils [-] Acquired external semaphore "glance-cache" {{(pid=135732) lock /usr/local/lib/python3.8/dist-packages/oslo_concurrency/lockutils.py:302}}
Jun 15 00:23:27 ubuntu devstack@g-api.service[135732]: DEBUG glance.image_cache.prefetcher [-] Nothing to prefetch. {{(pid=135732) run /opt/stack/glance/glance/image_cache/prefetcher.py:79}}
Jun 15 00:23:27 ubuntu devstack@g-api.service[135732]: DEBUG oslo_concurrency.lockutils [-] Releasing lock "glance-cache" {{(pid=135732) lock /usr/local/lib/python3.8/dist-packages/oslo_concurrency/lockutils.py:312}}
Jun 15 00:23:27 ubuntu devstack@g-api.service[135733]: DEBUG oslo_concurrency.lockutils [-] Acquired lock "glance-cache" {{(pid=135733) lock /usr/local/lib/python3.8/dist-packages/oslo_concurrency/lockutils.py:294}}
Jun 15 00:23:27 ubuntu devstack@g-api.service[135733]: DEBUG oslo_concurrency.lockutils [-] Acquired external semaphore "glance-cache" {{(pid=135733) lock /usr/local/lib/python3.8/dist-packages/oslo_concurrency/lockutils.py:302}}
Jun 15 00:23:27 ubuntu devstack@g-api.service[135733]: DEBUG glance.image_cache.prefetcher [-] Nothing to prefetch. {{(pid=135733) run /opt/stack/glance/glance/image_cache/prefetcher.py:79}}
Jun 15 00:23:27 ubuntu devstack@g-api.service[135733]: DEBUG oslo_concurrency.lockutils [-] Releasing lock "glance-cache" {{(pid=135733) lock /usr/local/lib/python3.8/dist-packages/oslo_concurrency/lockutils.py:312}}
Jun 15 00:24:07 ubuntu devstack@g-api.service[135733]: DEBUG glance.api.middleware.version_negotiation [None req-5f294225-c18d-47bb-9ae3-a452db1a5d90 admin admin] Determining version of request: GET /versions Accept: */* {{(pid=135733) process_request /opt/stack/glance/glance/api/middleware/version_negotiation.py:44}}
Jun 15 00:24:07 ubuntu devstack@g-api.service[135733]: [pid: 135733|app: 0|req: 7/12] 127.0.0.1 () {38 vars in 695 bytes} [Wed Jun 15 00:24:07 2022] GET /versions => generated 1323 bytes in 3 msecs (HTTP/1.1 200) 3 headers in 92 bytes (1 switches on core 0)
Jun 15 00:24:07 ubuntu devstack@g-api.service[135732]: DEBUG glance.api.middleware.version_negotiation [None req-bf63bb08-55cc-445e-bf2c-d40212f150c9 admin admin] Determining version of request: GET /v2/schemas/image Accept: */* {{(pid=135732) process_request /opt/stack/glance/glance/api/middleware/version_negotiation.py:44}}
Jun 15 00:24:07 ubuntu devstack@g-api.service[135732]: DEBUG glance.api.middleware.version_negotiation [None req-bf63bb08-55cc-445e-bf2c-d40212f150c9 admin admin] Using url versioning {{(pid=135732) process_request /opt/stack/glance/glance/api/middleware/version_negotiation.py:57}}
Jun 15 00:24:07 ubuntu devstack@g-api.service[135732]: DEBUG glance.api.middleware.version_negotiation [None req-bf63bb08-55cc-445e-bf2c-d40212f150c9 admin admin] Matched version: v2 {{(pid=135732) process_request /opt/stack/glance/glance/api/middleware/version_negotiation.py:69}}
Jun 15 00:24:07 ubuntu devstack@g-api.service[135732]: DEBUG glance.api.middleware.version_negotiation [None req-bf63bb08-55cc-445e-bf2c-d40212f150c9 admin admin] new path /v2/schemas/image {{(pid=135732) process_request /opt/stack/glance/glance/api/middleware/version_negotiation.py:70}}
Jun 15 00:24:07 ubuntu devstack@g-api.service[135732]: [pid: 135732|app: 0|req: 6/13] 127.0.0.1 () {38 vars in 711 bytes} [Wed Jun 15 00:24:07 2022] GET /v2/schemas/image => generated 6083 bytes in 80 msecs (HTTP/1.1 200) 4 headers in 158 bytes (1 switches on core 0)
Jun 15 00:24:07 ubuntu devstack@g-api.service[135733]: DEBUG glance.api.middleware.version_negotiation [None req-5f294225-c18d-47bb-9ae3-a452db1a5d90 admin admin] Determining version of request: GET /v2/schemas/metadefs/namespace Accept: */* {{(pid=135733) process_request /opt/stack/glance/glance/api/middleware/version_negotiation.py:44}}
Jun 15 00:24:07 ubuntu devstack@g-api.service[135733]: DEBUG glance.api.middleware.version_negotiation [None req-5f294225-c18d-47bb-9ae3-a452db1a5d90 admin admin] Using url versioning {{(pid=135733) process_request /opt/stack/glance/glance/api/middleware/version_negotiation.py:57}}
Jun 15 00:24:07 ubuntu devstack@g-api.service[135733]: DEBUG glance.api.middleware.version_negotiation [None req-5f294225-c18d-47bb-9ae3-a452db1a5d90 admin admin] Matched version: v2 {{(pid=135733) process_request /opt/stack/glance/glance/api/middleware/version_negotiation.py:69}}
Jun 15 00:24:07 ubuntu devstack@g-api.service[135733]: DEBUG glance.api.middleware.version_negotiation [None req-5f294225-c18d-47bb-9ae3-a452db1a5d90 admin admin] new path /v2/schemas/metadefs/namespace {{(pid=135733) process_request /opt/stack/glance/glance/api/middleware/version_negotiation.py:70}}
Jun 15 00:24:07 ubuntu devstack@g-api.service[135733]: [pid: 135733|app: 0|req: 8/14] 127.0.0.1 () {38 vars in 737 bytes} [Wed Jun 15 00:24:07 2022] GET /v2/schemas/metadefs/namespace => generated 3100 bytes in 11 msecs (HTTP/1.1 200) 4 headers in 158 bytes (1 switches on core 0)
Jun 15 00:24:07 ubuntu devstack@g-api.service[135732]: DEBUG glance.api.middleware.version_negotiation [None req-61b001f0-a104-43c8-b988-7db0e04e3881 admin admin] Determining version of request: GET /v2/schemas/metadefs/resource_type Accept: */* {{(pid=135732) process_request /opt/stack/glance/glance/api/middleware/version_negotiation.py:44}}
Jun 15 00:24:07 ubuntu devstack@g-api.service[135732]: DEBUG glance.api.middleware.version_negotiation [None req-61b001f0-a104-43c8-b988-7db0e04e3881 admin admin] Using url versioning {{(pid=135732) process_request /opt/stack/glance/glance/api/middleware/version_negotiation.py:57}}
Jun 15 00:24:07 ubuntu devstack@g-api.service[135732]: DEBUG glance.api.middleware.version_negotiation [None req-61b001f0-a104-43c8-b988-7db0e04e3881 admin admin] Matched version: v2 {{(pid=135732) process_request /opt/stack/glance/glance/api/middleware/version_negotiation.py:69}}
Jun 15 00:24:07 ubuntu devstack@g-api.service[135732]: DEBUG glance.api.middleware.version_negotiation [None req-61b001f0-a104-43c8-b988-7db0e04e3881 admin admin] new path /v2/schemas/metadefs/resource_type {{(pid=135732) process_request /opt/stack/glance/glance/api/middleware/version_negotiation.py:70}}
Jun 15 00:24:07 ubuntu devstack@g-api.service[135732]: [pid: 135732|app: 0|req: 7/15] 127.0.0.1 () {38 vars in 745 bytes} [Wed Jun 15 00:24:07 2022] GET /v2/schemas/metadefs/resource_type => generated 1262 bytes in 4 msecs (HTTP/1.1 200) 4 headers in 158 bytes (1 switches on core 0)
Jun 15 00:24:07 ubuntu devstack@g-api.service[135733]: DEBUG glance.api.middleware.version_negotiation [None req-b873a415-f091-40b0-a31a-423faaaba68f admin admin] Determining version of request: GET /v2/images Accept: */* {{(pid=135733) process_request /opt/stack/glance/glance/api/middleware/version_negotiation.py:44}}
Jun 15 00:24:07 ubuntu devstack@g-api.service[135733]: DEBUG glance.api.middleware.version_negotiation [None req-b873a415-f091-40b0-a31a-423faaaba68f admin admin] Using url versioning {{(pid=135733) process_request /opt/stack/glance/glance/api/middleware/version_negotiation.py:57}}
Jun 15 00:24:07 ubuntu devstack@g-api.service[135733]: DEBUG glance.api.middleware.version_negotiation [None req-b873a415-f091-40b0-a31a-423faaaba68f admin admin] Matched version: v2 {{(pid=135733) process_request /opt/stack/glance/glance/api/middleware/version_negotiation.py:69}}
Jun 15 00:24:07 ubuntu devstack@g-api.service[135733]: DEBUG glance.api.middleware.version_negotiation [None req-b873a415-f091-40b0-a31a-423faaaba68f admin admin] new path /v2/images {{(pid=135733) process_request /opt/stack/glance/glance/api/middleware/version_negotiation.py:70}}
Jun 15 00:24:07 ubuntu devstack@g-api.service[135733]: [pid: 135733|app: 0|req: 9/16] 127.0.0.1 () {38 vars in 768 bytes} [Wed Jun 15 00:24:07 2022] GET /v2/images?limit=20&sort_key=name&sort_dir=asc => generated 1081 bytes in 72 msecs (HTTP/1.1 200) 4 headers in 158 bytes (1 switches on core 0)
Jun 15 00:24:07 ubuntu devstack@g-api.service[135732]: DEBUG glance.api.middleware.version_negotiation [None req-6e6742c5-ddc7-4cb7-8cb1-e97522d5fd7f admin admin] Determining version of request: GET /v2/schemas/image Accept: */* {{(pid=135732) process_request /opt/stack/glance/glance/api/middleware/version_negotiation.py:44}}
Jun 15 00:24:07 ubuntu devstack@g-api.service[135732]: DEBUG glance.api.middleware.version_negotiation [None req-6e6742c5-ddc7-4cb7-8cb1-e97522d5fd7f admin admin] Using url versioning {{(pid=135732) process_request /opt/stack/glance/glance/api/middleware/version_negotiation.py:57}}
Jun 15 00:24:07 ubuntu devstack@g-api.service[135732]: DEBUG glance.api.middleware.version_negotiation [None req-6e6742c5-ddc7-4cb7-8cb1-e97522d5fd7f admin admin] Matched version: v2 {{(pid=135732) process_request /opt/stack/glance/glance/api/middleware/version_negotiation.py:69}}
Jun 15 00:24:07 ubuntu devstack@g-api.service[135732]: DEBUG glance.api.middleware.version_negotiation [None req-6e6742c5-ddc7-4cb7-8cb1-e97522d5fd7f admin admin] new path /v2/schemas/image {{(pid=135732) process_request /opt/stack/glance/glance/api/middleware/version_negotiation.py:70}}
Jun 15 00:24:07 ubuntu devstack@g-api.service[135732]: [pid: 135732|app: 0|req: 8/17] 127.0.0.1 () {38 vars in 711 bytes} [Wed Jun 15 00:24:07 2022] GET /v2/schemas/image => generated 6083 bytes in 8 msecs (HTTP/1.1 200) 4 headers in 158 bytes (1 switches on core 0)
Jun 15 00:24:15 ubuntu devstack@g-api.service[135733]: DEBUG glance.api.middleware.version_negotiation [None req-27f87ff8-4756-4f5f-a426-415509627b27 admin admin] Determining version of request: GET / Accept: application/json {{(pid=135733) process_request /opt/stack/glance/glance/api/middleware/version_negotiation.py:44}}
Jun 15 00:24:15 ubuntu devstack@g-api.service[135733]: DEBUG glance.api.middleware.version_negotiation [None req-27f87ff8-4756-4f5f-a426-415509627b27 admin admin] Using url versioning {{(pid=135733) process_request /opt/stack/glance/glance/api/middleware/version_negotiation.py:57}}
Jun 15 00:24:15 ubuntu devstack@g-api.service[135733]: DEBUG glance.api.middleware.version_negotiation [None req-27f87ff8-4756-4f5f-a426-415509627b27 admin admin] Unknown version. Returning version choices. {{(pid=135733) process_request /opt/stack/glance/glance/api/middleware/version_negotiation.py:64}}
Jun 15 00:24:15 ubuntu devstack@g-api.service[135733]: [pid: 135733|app: 0|req: 10/18] 127.0.0.1 () {34 vars in 492 bytes} [Wed Jun 15 00:24:15 2022] GET / => generated 1323 bytes in 4 msecs (HTTP/1.1 300) 3 headers in 106 bytes (1 switches on core 0)
Jun 15 00:24:15 ubuntu devstack@g-api.service[135732]: DEBUG glance.api.middleware.version_negotiation [None req-d7f6ce59-fc4d-489c-a228-179fe082f786 admin admin] Determining version of request: GET /v2/images/1c381608-1885-447f-96bc-d7d4988e98e0 Accept: */* {{(pid=135732) process_request /opt/stack/glance/glance/api/middleware/version_negotiation.py:44}}
Jun 15 00:24:15 ubuntu devstack@g-api.service[135732]: DEBUG glance.api.middleware.version_negotiation [None req-d7f6ce59-fc4d-489c-a228-179fe082f786 admin admin] Using url versioning {{(pid=135732) process_request /opt/stack/glance/glance/api/middleware/version_negotiation.py:57}}
Jun 15 00:24:15 ubuntu devstack@g-api.service[135732]: DEBUG glance.api.middleware.version_negotiation [None req-d7f6ce59-fc4d-489c-a228-179fe082f786 admin admin] Matched version: v2 {{(pid=135732) process_request /opt/stack/glance/glance/api/middleware/version_negotiation.py:69}}
Jun 15 00:24:15 ubuntu devstack@g-api.service[135732]: DEBUG glance.api.middleware.version_negotiation [None req-d7f6ce59-fc4d-489c-a228-179fe082f786 admin admin] new path /v2/images/1c381608-1885-447f-96bc-d7d4988e98e0 {{(pid=135732) process_request /opt/stack/glance/glance/api/middleware/version_negotiation.py:70}}
Jun 15 00:24:15 ubuntu devstack@g-api.service[135732]: WARNING keystonemiddleware.auth_token [None req-d7f6ce59-fc4d-489c-a228-179fe082f786 admin admin] A valid token was submitted as a service token, but it was not a valid service token. This is incorrect but backwards compatible behaviour. This will be removed in future releases.
Jun 15 00:24:15 ubuntu devstack@g-api.service[135732]: [pid: 135732|app: 0|req: 9/19] 127.0.0.1 () {42 vars in 1049 bytes} [Wed Jun 15 00:24:15 2022] GET /v2/images/1c381608-1885-447f-96bc-d7d4988e98e0 => generated 976 bytes in 132 msecs (HTTP/1.1 200) 4 headers in 157 bytes (1 switches on core 0)
Jun 15 00:24:15 ubuntu devstack@g-api.service[135733]: DEBUG glance.api.middleware.version_negotiation [None req-27f87ff8-4756-4f5f-a426-415509627b27 admin admin] Determining version of request: GET /v2/schemas/image Accept: */* {{(pid=135733) process_request /opt/stack/glance/glance/api/middleware/version_negotiation.py:44}}
Jun 15 00:24:15 ubuntu devstack@g-api.service[135733]: DEBUG glance.api.middleware.version_negotiation [None req-27f87ff8-4756-4f5f-a426-415509627b27 admin admin] Using url versioning {{(pid=135733) process_request /opt/stack/glance/glance/api/middleware/version_negotiation.py:57}}
Jun 15 00:24:15 ubuntu devstack@g-api.service[135733]: DEBUG glance.api.middleware.version_negotiation [None req-27f87ff8-4756-4f5f-a426-415509627b27 admin admin] Matched version: v2 {{(pid=135733) process_request /opt/stack/glance/glance/api/middleware/version_negotiation.py:69}}
Jun 15 00:24:15 ubuntu devstack@g-api.service[135733]: DEBUG glance.api.middleware.version_negotiation [None req-27f87ff8-4756-4f5f-a426-415509627b27 admin admin] new path /v2/schemas/image {{(pid=135733) process_request /opt/stack/glance/glance/api/middleware/version_negotiation.py:70}}
Jun 15 00:24:15 ubuntu devstack@g-api.service[135733]: WARNING keystonemiddleware.auth_token [None req-27f87ff8-4756-4f5f-a426-415509627b27 admin admin] A valid token was submitted as a service token, but it was not a valid service token. This is incorrect but backwards compatible behaviour. This will be removed in future releases.
Jun 15 00:24:15 ubuntu devstack@g-api.service[135733]: [pid: 135733|app: 0|req: 11/20] 127.0.0.1 () {42 vars in 989 bytes} [Wed Jun 15 00:24:15 2022] GET /v2/schemas/image => generated 6083 bytes in 10 msecs (HTTP/1.1 200) 4 headers in 158 bytes (1 switches on core 0)
Jun 15 00:24:17 ubuntu devstack@g-api.service[135733]: DEBUG dbcounter [-] [135733] Writing DB stats glance:SELECT=2 {{(pid=135733) stat_writer /usr/local/lib/python3.8/dist-packages/dbcounter.py:114}}
Jun 15 00:24:17 ubuntu devstack@g-api.service[135732]: DEBUG glance.api.middleware.version_negotiation [None req-2a5e0c0b-38f8-4f2a-87c6-cb7b1ec435ab tempest-VolumesAdminNegativeTest-679203128 tempest-VolumesAdminNegativeTest-679203128-project] Determining version of request: GET /v2/images/1c381608-1885-447f-96bc-d7d4988e98e0 Accept: */* {{(pid=135732) process_request /opt/stack/glance/glance/api/middleware/version_negotiation.py:44}}
Jun 15 00:24:17 ubuntu devstack@g-api.service[135732]: DEBUG glance.api.middleware.version_negotiation [None req-2a5e0c0b-38f8-4f2a-87c6-cb7b1ec435ab tempest-VolumesAdminNegativeTest-679203128 tempest-VolumesAdminNegativeTest-679203128-project] Using url versioning {{(pid=135732) process_request /opt/stack/glance/glance/api/middleware/version_negotiation.py:57}}
Jun 15 00:24:17 ubuntu devstack@g-api.service[135732]: DEBUG glance.api.middleware.version_negotiation [None req-2a5e0c0b-38f8-4f2a-87c6-cb7b1ec435ab tempest-VolumesAdminNegativeTest-679203128 tempest-VolumesAdminNegativeTest-679203128-project] Matched version: v2 {{(pid=135732) process_request /opt/stack/glance/glance/api/middleware/version_negotiation.py:69}}
Jun 15 00:24:17 ubuntu devstack@g-api.service[135732]: DEBUG glance.api.middleware.version_negotiation [None req-2a5e0c0b-38f8-4f2a-87c6-cb7b1ec435ab tempest-VolumesAdminNegativeTest-679203128 tempest-VolumesAdminNegativeTest-679203128-project] new path /v2/images/1c381608-1885-447f-96bc-d7d4988e98e0 {{(pid=135732) process_request /opt/stack/glance/glance/api/middleware/version_negotiation.py:70}}
Jun 15 00:24:17 ubuntu devstack@g-api.service[135732]: [pid: 135732|app: 0|req: 10/21] 127.0.0.1 () {42 vars in 1049 bytes} [Wed Jun 15 00:24:17 2022] GET /v2/images/1c381608-1885-447f-96bc-d7d4988e98e0 => generated 976 bytes in 15 msecs (HTTP/1.1 200) 4 headers in 157 bytes (1 switches on core 0)
Jun 15 00:24:17 ubuntu devstack@g-api.service[135733]: DEBUG glance.api.middleware.version_negotiation [None req-2a5e0c0b-38f8-4f2a-87c6-cb7b1ec435ab tempest-VolumesAdminNegativeTest-679203128 tempest-VolumesAdminNegativeTest-679203128-project] Determining version of request: GET /v2/images/1c381608-1885-447f-96bc-d7d4988e98e0/file Accept: */* {{(pid=135733) process_request /opt/stack/glance/glance/api/middleware/version_negotiation.py:44}}
Jun 15 00:24:17 ubuntu devstack@g-api.service[135733]: DEBUG glance.api.middleware.version_negotiation [None req-2a5e0c0b-38f8-4f2a-87c6-cb7b1ec435ab tempest-VolumesAdminNegativeTest-679203128 tempest-VolumesAdminNegativeTest-679203128-project] Using url versioning {{(pid=135733) process_request /opt/stack/glance/glance/api/middleware/version_negotiation.py:57}}
Jun 15 00:24:17 ubuntu devstack@g-api.service[135733]: DEBUG glance.api.middleware.version_negotiation [None req-2a5e0c0b-38f8-4f2a-87c6-cb7b1ec435ab tempest-VolumesAdminNegativeTest-679203128 tempest-VolumesAdminNegativeTest-679203128-project] Matched version: v2 {{(pid=135733) process_request /opt/stack/glance/glance/api/middleware/version_negotiation.py:69}}
Jun 15 00:24:17 ubuntu devstack@g-api.service[135733]: DEBUG glance.api.middleware.version_negotiation [None req-2a5e0c0b-38f8-4f2a-87c6-cb7b1ec435ab tempest-VolumesAdminNegativeTest-679203128 tempest-VolumesAdminNegativeTest-679203128-project] new path /v2/images/1c381608-1885-447f-96bc-d7d4988e98e0/file {{(pid=135733) process_request /opt/stack/glance/glance/api/middleware/version_negotiation.py:70}}
Jun 15 00:24:17 ubuntu devstack@g-api.service[135733]: DEBUG glance_store.backend [None req-2a5e0c0b-38f8-4f2a-87c6-cb7b1ec435ab tempest-VolumesAdminNegativeTest-679203128 tempest-VolumesAdminNegativeTest-679203128-project] Attempting to import store swift {{(pid=135733) _load_store /usr/local/lib/python3.8/dist-packages/glance_store/backend.py:217}}
Jun 15 00:24:17 ubuntu devstack@g-api.service[135733]: DEBUG glance_store.capabilities [None req-2a5e0c0b-38f8-4f2a-87c6-cb7b1ec435ab tempest-VolumesAdminNegativeTest-679203128 tempest-VolumesAdminNegativeTest-679203128-project] Store glance_store._drivers.swift.store.SingleTenantStore doesn't support updating dynamic storage capabilities. Please overwrite 'update_capabilities' method of the store to implement updating logics if needed. {{(pid=135733) update_capabilities /usr/local/lib/python3.8/dist-packages/glance_store/capabilities.py:91}}
Jun 15 00:24:17 ubuntu devstack@g-api.service[135733]: DEBUG glance_store.driver [None req-2a5e0c0b-38f8-4f2a-87c6-cb7b1ec435ab tempest-VolumesAdminNegativeTest-679203128 tempest-VolumesAdminNegativeTest-679203128-project] Late loading location class glance_store._drivers.swift.store.StoreLocation {{(pid=135733) get_store_location_class /usr/local/lib/python3.8/dist-packages/glance_store/driver.py:117}}
Jun 15 00:24:17 ubuntu devstack@g-api.service[135733]: DEBUG glance_store.location [None req-2a5e0c0b-38f8-4f2a-87c6-cb7b1ec435ab tempest-VolumesAdminNegativeTest-679203128 tempest-VolumesAdminNegativeTest-679203128-project] Registering scheme swift+https with {'store': <glance_store._drivers.swift.store.SingleTenantStore object at 0x7f8fc9642f10>, 'location_class': <class 'glance_store._drivers.swift.store.StoreLocation'>, 'store_entry': 'swift'} {{(pid=135733) register_scheme_map /usr/local/lib/python3.8/dist-packages/glance_store/location.py:146}}
Jun 15 00:24:17 ubuntu devstack@g-api.service[135733]: DEBUG glance_store.location [None req-2a5e0c0b-38f8-4f2a-87c6-cb7b1ec435ab tempest-VolumesAdminNegativeTest-679203128 tempest-VolumesAdminNegativeTest-679203128-project] Registering scheme swift+https with {'store': <glance_store._drivers.swift.store.SingleTenantStore object at 0x7f8fc9642f10>, 'location_class': <class 'glance_store._drivers.swift.store.StoreLocation'>, 'store_entry': 'swift'} {{(pid=135733) register_scheme_map /usr/local/lib/python3.8/dist-packages/glance_store/location.py:146}}
Jun 15 00:24:17 ubuntu devstack@g-api.service[135733]: DEBUG glance_store.location [None req-2a5e0c0b-38f8-4f2a-87c6-cb7b1ec435ab tempest-VolumesAdminNegativeTest-679203128 tempest-VolumesAdminNegativeTest-679203128-project] Registering scheme swift with {'store': <glance_store._drivers.swift.store.SingleTenantStore object at 0x7f8fc9642f10>, 'location_class': <class 'glance_store._drivers.swift.store.StoreLocation'>, 'store_entry': 'swift'} {{(pid=135733) register_scheme_map /usr/local/lib/python3.8/dist-packages/glance_store/location.py:146}}
Jun 15 00:24:17 ubuntu devstack@g-api.service[135733]: DEBUG glance_store.location [None req-2a5e0c0b-38f8-4f2a-87c6-cb7b1ec435ab tempest-VolumesAdminNegativeTest-679203128 tempest-VolumesAdminNegativeTest-679203128-project] Registering scheme swift+https with {'store': <glance_store._drivers.swift.store.SingleTenantStore object at 0x7f8fc9642f10>, 'location_class': <class 'glance_store._drivers.swift.store.StoreLocation'>, 'store_entry': 'swift'} {{(pid=135733) register_scheme_map /usr/local/lib/python3.8/dist-packages/glance_store/location.py:146}}
Jun 15 00:24:17 ubuntu devstack@g-api.service[135733]: DEBUG glance_store.location [None req-2a5e0c0b-38f8-4f2a-87c6-cb7b1ec435ab tempest-VolumesAdminNegativeTest-679203128 tempest-VolumesAdminNegativeTest-679203128-project] Registering scheme swift with {'store': <glance_store._drivers.swift.store.SingleTenantStore object at 0x7f8fc9642f10>, 'location_class': <class 'glance_store._drivers.swift.store.StoreLocation'>, 'store_entry': 'swift'} {{(pid=135733) register_scheme_map /usr/local/lib/python3.8/dist-packages/glance_store/location.py:146}}
Jun 15 00:24:17 ubuntu devstack@g-api.service[135733]: DEBUG glance_store.location [None req-2a5e0c0b-38f8-4f2a-87c6-cb7b1ec435ab tempest-VolumesAdminNegativeTest-679203128 tempest-VolumesAdminNegativeTest-679203128-project] Registering scheme swift+http with {'store': <glance_store._drivers.swift.store.SingleTenantStore object at 0x7f8fc9642f10>, 'location_class': <class 'glance_store._drivers.swift.store.StoreLocation'>, 'store_entry': 'swift'} {{(pid=135733) register_scheme_map /usr/local/lib/python3.8/dist-packages/glance_store/location.py:146}}
Jun 15 00:24:17 ubuntu devstack@g-api.service[135733]: DEBUG glance_store.location [None req-2a5e0c0b-38f8-4f2a-87c6-cb7b1ec435ab tempest-VolumesAdminNegativeTest-679203128 tempest-VolumesAdminNegativeTest-679203128-project] Registering scheme swift+https with {'store': <glance_store._drivers.swift.store.SingleTenantStore object at 0x7f8fc9642f10>, 'location_class': <class 'glance_store._drivers.swift.store.StoreLocation'>, 'store_entry': 'swift'} {{(pid=135733) register_scheme_map /usr/local/lib/python3.8/dist-packages/glance_store/location.py:146}}
Jun 15 00:24:17 ubuntu devstack@g-api.service[135733]: DEBUG glance_store.location [None req-2a5e0c0b-38f8-4f2a-87c6-cb7b1ec435ab tempest-VolumesAdminNegativeTest-679203128 tempest-VolumesAdminNegativeTest-679203128-project] Registering scheme swift with {'store': <glance_store._drivers.swift.store.SingleTenantStore object at 0x7f8fc9642f10>, 'location_class': <class 'glance_store._drivers.swift.store.StoreLocation'>, 'store_entry': 'swift'} {{(pid=135733) register_scheme_map /usr/local/lib/python3.8/dist-packages/glance_store/location.py:146}}
Jun 15 00:24:17 ubuntu devstack@g-api.service[135733]: DEBUG glance_store.location [None req-2a5e0c0b-38f8-4f2a-87c6-cb7b1ec435ab tempest-VolumesAdminNegativeTest-679203128 tempest-VolumesAdminNegativeTest-679203128-project] Registering scheme swift+http with {'store': <glance_store._drivers.swift.store.SingleTenantStore object at 0x7f8fc9642f10>, 'location_class': <class 'glance_store._drivers.swift.store.StoreLocation'>, 'store_entry': 'swift'} {{(pid=135733) register_scheme_map /usr/local/lib/python3.8/dist-packages/glance_store/location.py:146}}
Jun 15 00:24:17 ubuntu devstack@g-api.service[135733]: DEBUG glance_store.location [None req-2a5e0c0b-38f8-4f2a-87c6-cb7b1ec435ab tempest-VolumesAdminNegativeTest-679203128 tempest-VolumesAdminNegativeTest-679203128-project] Registering scheme swift+config with {'store': <glance_store._drivers.swift.store.SingleTenantStore object at 0x7f8fc9642f10>, 'location_class': <class 'glance_store._drivers.swift.store.StoreLocation'>, 'store_entry': 'swift'} {{(pid=135733) register_scheme_map /usr/local/lib/python3.8/dist-packages/glance_store/location.py:146}}
Jun 15 00:24:18 ubuntu devstack@g-api.service[135733]: DEBUG swiftclient [None req-2a5e0c0b-38f8-4f2a-87c6-cb7b1ec435ab tempest-VolumesAdminNegativeTest-679203128 tempest-VolumesAdminNegativeTest-679203128-project] REQ: curl -i http://192.168.79.38:8080/v1/AUTH_d073cfb8527448798665875925c3620d/glance/1c381608-1885-447f-96bc-d7d4988e98e0 -X GET -H "X-Auth-Token: gAAAAABiqSax8bd5..." {{(pid=135733) http_log /usr/local/lib/python3.8/dist-packages/swiftclient/client.py:157}}
Jun 15 00:24:18 ubuntu devstack@g-api.service[135733]: DEBUG swiftclient [None req-2a5e0c0b-38f8-4f2a-87c6-cb7b1ec435ab tempest-VolumesAdminNegativeTest-679203128 tempest-VolumesAdminNegativeTest-679203128-project] RESP STATUS: 200 OK {{(pid=135733) http_log /usr/local/lib/python3.8/dist-packages/swiftclient/client.py:158}}
Jun 15 00:24:18 ubuntu devstack@g-api.service[135733]: DEBUG swiftclient [None req-2a5e0c0b-38f8-4f2a-87c6-cb7b1ec435ab tempest-VolumesAdminNegativeTest-679203128 tempest-VolumesAdminNegativeTest-679203128-project] RESP HEADERS: {'Content-Type': 'application/octet-stream', 'Etag': '1d3062cd89af34e419f7100277f38b2b', 'Last-Modified': 'Wed, 15 Jun 2022 00:18:48 GMT', 'X-Timestamp': '1655252327.44120', 'Accept-Ranges': 'bytes', 'Content-Length': '16338944', 'X-Trans-Id': 'txe9b18076626948b5b15f3-0062a926b1', 'X-Openstack-Request-Id': 'txe9b18076626948b5b15f3-0062a926b1', 'Date': 'Wed, 15 Jun 2022 00:24:18 GMT'} {{(pid=135733) http_log /usr/local/lib/python3.8/dist-packages/swiftclient/client.py:159}}
Jun 15 00:24:18 ubuntu devstack@g-api.service[135733]: DEBUG glance.image_cache [None req-2a5e0c0b-38f8-4f2a-87c6-cb7b1ec435ab tempest-VolumesAdminNegativeTest-679203128 tempest-VolumesAdminNegativeTest-679203128-project] Tee'ing image '1c381608-1885-447f-96bc-d7d4988e98e0' into cache {{(pid=135733) get_caching_iter /opt/stack/glance/glance/image_cache/__init__.py:343}}
Jun 15 00:24:18 ubuntu devstack@g-api.service[135733]: DEBUG glance.image_cache.drivers.sqlite [None req-2a5e0c0b-38f8-4f2a-87c6-cb7b1ec435ab tempest-VolumesAdminNegativeTest-679203128 tempest-VolumesAdminNegativeTest-679203128-project] Fetch finished, moving '/opt/stack/data/glance/cache/incomplete/1c381608-1885-447f-96bc-d7d4988e98e0' to '/opt/stack/data/glance/cache/1c381608-1885-447f-96bc-d7d4988e98e0' {{(pid=135733) commit /opt/stack/glance/glance/image_cache/drivers/sqlite.py:324}}
Jun 15 00:24:18 ubuntu devstack@g-api.service[135733]: [pid: 135733|app: 0|req: 12/22] 127.0.0.1 () {42 vars in 1059 bytes} [Wed Jun 15 00:24:17 2022] GET /v2/images/1c381608-1885-447f-96bc-d7d4988e98e0/file => generated 16338944 bytes in 404 msecs (HTTP/1.1 200) 4 headers in 191 bytes (251 switches on core 0)
Jun 15 00:24:27 ubuntu devstack@g-api.service[135732]: DEBUG dbcounter [-] [135732] Writing DB stats glance:SELECT=8 {{(pid=135732) stat_writer /usr/local/lib/python3.8/dist-packages/dbcounter.py:114}}
Jun 15 00:24:28 ubuntu devstack@g-api.service[135733]: DEBUG dbcounter [-] [135733] Writing DB stats glance:SELECT=8 {{(pid=135733) stat_writer /usr/local/lib/python3.8/dist-packages/dbcounter.py:114}}
Jun 15 00:24:41 ubuntu devstack@g-api.service[135732]: DEBUG glance.api.middleware.version_negotiation [None req-2a5e0c0b-38f8-4f2a-87c6-cb7b1ec435ab tempest-VolumesAdminNegativeTest-679203128 tempest-VolumesAdminNegativeTest-679203128-project] Determining version of request: GET / Accept: application/json {{(pid=135732) process_request /opt/stack/glance/glance/api/middleware/version_negotiation.py:44}}
Jun 15 00:24:41 ubuntu devstack@g-api.service[135732]: DEBUG glance.api.middleware.version_negotiation [None req-2a5e0c0b-38f8-4f2a-87c6-cb7b1ec435ab tempest-VolumesAdminNegativeTest-679203128 tempest-VolumesAdminNegativeTest-679203128-project] Using url versioning {{(pid=135732) process_request /opt/stack/glance/glance/api/middleware/version_negotiation.py:57}}
Jun 15 00:24:41 ubuntu devstack@g-api.service[135732]: DEBUG glance.api.middleware.version_negotiation [None req-2a5e0c0b-38f8-4f2a-87c6-cb7b1ec435ab tempest-VolumesAdminNegativeTest-679203128 tempest-VolumesAdminNegativeTest-679203128-project] Unknown version. Returning version choices. {{(pid=135732) process_request /opt/stack/glance/glance/api/middleware/version_negotiation.py:64}}
Jun 15 00:24:41 ubuntu devstack@g-api.service[135732]: [pid: 135732|app: 0|req: 11/23] 127.0.0.1 () {34 vars in 492 bytes} [Wed Jun 15 00:24:41 2022] GET / => generated 1323 bytes in 5 msecs (HTTP/1.1 300) 3 headers in 106 bytes (1 switches on core 0)
Jun 15 00:24:41 ubuntu devstack@g-api.service[135733]: DEBUG glance.api.middleware.version_negotiation [None req-2a5e0c0b-38f8-4f2a-87c6-cb7b1ec435ab tempest-VolumesAdminNegativeTest-679203128 tempest-VolumesAdminNegativeTest-679203128-project] Determining version of request: GET /v2/images/1c381608-1885-447f-96bc-d7d4988e98e0 Accept: */* {{(pid=135733) process_request /opt/stack/glance/glance/api/middleware/version_negotiation.py:44}}
Jun 15 00:24:41 ubuntu devstack@g-api.service[135733]: DEBUG glance.api.middleware.version_negotiation [None req-2a5e0c0b-38f8-4f2a-87c6-cb7b1ec435ab tempest-VolumesAdminNegativeTest-679203128 tempest-VolumesAdminNegativeTest-679203128-project] Using url versioning {{(pid=135733) process_request /opt/stack/glance/glance/api/middleware/version_negotiation.py:57}}
Jun 15 00:24:41 ubuntu devstack@g-api.service[135733]: DEBUG glance.api.middleware.version_negotiation [None req-2a5e0c0b-38f8-4f2a-87c6-cb7b1ec435ab tempest-VolumesAdminNegativeTest-679203128 tempest-VolumesAdminNegativeTest-679203128-project] Matched version: v2 {{(pid=135733) process_request /opt/stack/glance/glance/api/middleware/version_negotiation.py:69}}
Jun 15 00:24:41 ubuntu devstack@g-api.service[135733]: DEBUG glance.api.middleware.version_negotiation [None req-2a5e0c0b-38f8-4f2a-87c6-cb7b1ec435ab tempest-VolumesAdminNegativeTest-679203128 tempest-VolumesAdminNegativeTest-679203128-project] new path /v2/images/1c381608-1885-447f-96bc-d7d4988e98e0 {{(pid=135733) process_request /opt/stack/glance/glance/api/middleware/version_negotiation.py:70}}
Jun 15 00:24:41 ubuntu devstack@g-api.service[135733]: [pid: 135733|app: 0|req: 13/24] 127.0.0.1 () {42 vars in 1049 bytes} [Wed Jun 15 00:24:41 2022] GET /v2/images/1c381608-1885-447f-96bc-d7d4988e98e0 => generated 976 bytes in 26 msecs (HTTP/1.1 200) 4 headers in 157 bytes (1 switches on core 0)
Jun 15 00:24:41 ubuntu devstack@g-api.service[135732]: DEBUG glance.api.middleware.version_negotiation [None req-2a5e0c0b-38f8-4f2a-87c6-cb7b1ec435ab tempest-VolumesAdminNegativeTest-679203128 tempest-VolumesAdminNegativeTest-679203128-project] Determining version of request: GET /v2/schemas/image Accept: */* {{(pid=135732) process_request /opt/stack/glance/glance/api/middleware/version_negotiation.py:44}}
Jun 15 00:24:41 ubuntu devstack@g-api.service[135732]: DEBUG glance.api.middleware.version_negotiation [None req-2a5e0c0b-38f8-4f2a-87c6-cb7b1ec435ab tempest-VolumesAdminNegativeTest-679203128 tempest-VolumesAdminNegativeTest-679203128-project] Using url versioning {{(pid=135732) process_request /opt/stack/glance/glance/api/middleware/version_negotiation.py:57}}
Jun 15 00:24:41 ubuntu devstack@g-api.service[135732]: DEBUG glance.api.middleware.version_negotiation [None req-2a5e0c0b-38f8-4f2a-87c6-cb7b1ec435ab tempest-VolumesAdminNegativeTest-679203128 tempest-VolumesAdminNegativeTest-679203128-project] Matched version: v2 {{(pid=135732) process_request /opt/stack/glance/glance/api/middleware/version_negotiation.py:69}}
Jun 15 00:24:41 ubuntu devstack@g-api.service[135732]: DEBUG glance.api.middleware.version_negotiation [None req-2a5e0c0b-38f8-4f2a-87c6-cb7b1ec435ab tempest-VolumesAdminNegativeTest-679203128 tempest-VolumesAdminNegativeTest-679203128-project] new path /v2/schemas/image {{(pid=135732) process_request /opt/stack/glance/glance/api/middleware/version_negotiation.py:70}}
Jun 15 00:24:41 ubuntu devstack@g-api.service[135732]: [pid: 135732|app: 0|req: 12/25] 127.0.0.1 () {42 vars in 989 bytes} [Wed Jun 15 00:24:41 2022] GET /v2/schemas/image => generated 6083 bytes in 9 msecs (HTTP/1.1 200) 4 headers in 158 bytes (1 switches on core 0)
Jun 15 00:24:51 ubuntu devstack@g-api.service[135733]: DEBUG dbcounter [-] [135733] Writing DB stats glance:SELECT=4 {{(pid=135733) stat_writer /usr/local/lib/python3.8/dist-packages/dbcounter.py:114}}
Jun 15 00:25:07 ubuntu devstack@g-api.service[135733]: DEBUG glance.api.middleware.version_negotiation [None req-e4578167-9420-4f6e-962d-6a857cfc089d tempest-DeleteServersTestJSON-1314635747 tempest-DeleteServersTestJSON-1314635747-project] Determining version of request: GET /v2/images/1c381608-1885-447f-96bc-d7d4988e98e0 Accept: */* {{(pid=135733) process_request /opt/stack/glance/glance/api/middleware/version_negotiation.py:44}}
