May 19 20:22:44 ubuntu neutron-server[131627]: DEBUG neutron.api.extensions [None req-87a5d70f-57e7-4848-a645-171d78a84dd3 None None] Ext name="Trunk Extension" alias="trunk" description="Provides support for trunk ports" updated="2016-01-01T10:00:00-00:00" {{(pid=131627) _check_extension /opt/stack/neutron/neutron/api/extensions.py:416}}
May 19 20:22:44 ubuntu neutron-server[131627]: INFO neutron.api.extensions [None req-87a5d70f-57e7-4848-a645-171d78a84dd3 None None] Extension trunk not supported by any of loaded plugins
May 19 20:22:44 ubuntu neutron-server[131627]: DEBUG neutron.api.extensions [None req-87a5d70f-57e7-4848-a645-171d78a84dd3 None None] Loading extension file: trunk_details.py {{(pid=131627) _load_all_extensions_from_path /opt/stack/neutron/neutron/api/extensions.py:450}}
May 19 20:22:44 ubuntu neutron-server[131627]: DEBUG neutron.api.extensions [None req-87a5d70f-57e7-4848-a645-171d78a84dd3 None None] Ext name="Trunk port details" alias="trunk-details" description="Expose trunk port details" updated="2016-01-01T10:00:00-00:00" {{(pid=131627) _check_extension /opt/stack/neutron/neutron/api/extensions.py:416}}
May 19 20:22:44 ubuntu neutron-server[131627]: INFO neutron.api.extensions [None req-87a5d70f-57e7-4848-a645-171d78a84dd3 None None] Extension trunk-details not supported by any of loaded plugins
May 19 20:22:44 ubuntu neutron-server[131627]: DEBUG neutron.api.extensions [None req-87a5d70f-57e7-4848-a645-171d78a84dd3 None None] Loading extension file: uplink_status_propagation.py {{(pid=131627) _load_all_extensions_from_path /opt/stack/neutron/neutron/api/extensions.py:450}}
May 19 20:22:44 ubuntu neutron-server[131627]: DEBUG neutron.api.extensions [None req-87a5d70f-57e7-4848-a645-171d78a84dd3 None None] Ext name="Uplink status propagation extension" alias="uplink-status-propagation" description="Provides ability to propagate port uplink status." updated="2018-05-31T18:00:00-00:00" {{(pid=131627) _check_extension /opt/stack/neutron/neutron/api/extensions.py:416}}
May 19 20:22:44 ubuntu neutron-server[131627]: INFO neutron.api.extensions [None req-87a5d70f-57e7-4848-a645-171d78a84dd3 None None] Extension uplink-status-propagation not supported by any of loaded plugins
May 19 20:22:44 ubuntu neutron-server[131627]: DEBUG neutron.api.extensions [None req-87a5d70f-57e7-4848-a645-171d78a84dd3 None None] Loading extension file: vlantransparent.py {{(pid=131627) _load_all_extensions_from_path /opt/stack/neutron/neutron/api/extensions.py:450}}
May 19 20:22:44 ubuntu neutron-server[131627]: DEBUG neutron.api.extensions [None req-87a5d70f-57e7-4848-a645-171d78a84dd3 None None] Ext name="Vlantransparent" alias="vlan-transparent" description="Provides Vlan Transparent Networks" updated="2015-03-23T09:00:00-00:00" {{(pid=131627) _check_extension /opt/stack/neutron/neutron/api/extensions.py:416}}
May 19 20:22:44 ubuntu neutron-server[131627]: INFO neutron.api.extensions [None req-87a5d70f-57e7-4848-a645-171d78a84dd3 None None] Extension vlan-transparent not supported by any of loaded plugins
May 19 20:22:44 ubuntu neutron-server[131627]: INFO neutron.quota.resource_registry [None req-87a5d70f-57e7-4848-a645-171d78a84dd3 None None] Creating instance of TrackedResource for resource:network
May 19 20:22:44 ubuntu neutron-server[131627]: INFO neutron.quota.resource_registry [None req-87a5d70f-57e7-4848-a645-171d78a84dd3 None None] Creating instance of TrackedResource for resource:subnet
May 19 20:22:44 ubuntu neutron-server[131627]: INFO neutron.quota.resource_registry [None req-87a5d70f-57e7-4848-a645-171d78a84dd3 None None] Creating instance of TrackedResource for resource:subnetpool
May 19 20:22:44 ubuntu neutron-server[131627]: INFO neutron.quota.resource_registry [None req-87a5d70f-57e7-4848-a645-171d78a84dd3 None None] Creating instance of TrackedResource for resource:port
May 19 20:22:44 ubuntu neutron-server[131627]: DEBUG neutron.api.v2.resource_helper [None req-87a5d70f-57e7-4848-a645-171d78a84dd3 None None] Service FLAVORS assigned prefix:  {{(pid=131627) build_resource_info /opt/stack/neutron/neutron/api/v2/resource_helper.py:77}}
May 19 20:22:44 ubuntu neutron-server[131627]: DEBUG neutron.api.v2.resource_helper [None req-87a5d70f-57e7-4848-a645-171d78a84dd3 None None] Service L3_ROUTER_NAT assigned prefix:  {{(pid=131627) build_resource_info /opt/stack/neutron/neutron/api/v2/resource_helper.py:77}}
May 19 20:22:44 ubuntu neutron-server[131627]: DEBUG neutron.api.v2.resource_helper [None req-87a5d70f-57e7-4848-a645-171d78a84dd3 None None] Service L3_ROUTER_NAT assigned prefix:  {{(pid=131627) build_resource_info /opt/stack/neutron/neutron/api/v2/resource_helper.py:77}}
May 19 20:22:44 ubuntu neutron-server[131627]: INFO neutron.quota.resource_registry [None req-87a5d70f-57e7-4848-a645-171d78a84dd3 None None] Creating instance of TrackedResource for resource:router
May 19 20:22:44 ubuntu neutron-server[131627]: INFO neutron.quota.resource_registry [None req-87a5d70f-57e7-4848-a645-171d78a84dd3 None None] Creating instance of TrackedResource for resource:floatingip
May 19 20:22:44 ubuntu neutron-server[131627]: DEBUG neutron_lib.callbacks.manager [None req-87a5d70f-57e7-4848-a645-171d78a84dd3 None None] Subscribe: <bound method NeutronDbPluginV2.validate_network_rbac_policy_change of <neutron.services.network_ip_availability.plugin.NetworkIPAvailabilityPlugin object at 0x7fdf08f2f4c0>> rbac-policy before_create 55550000 {{(pid=131627) subscribe /usr/local/lib/python3.8/dist-packages/neutron_lib/callbacks/manager.py:45}}
May 19 20:22:44 ubuntu neutron-server[131627]: DEBUG neutron_lib.callbacks.manager [None req-87a5d70f-57e7-4848-a645-171d78a84dd3 None None] Subscribe: <bound method NeutronDbPluginV2.validate_network_rbac_policy_change of <neutron.services.network_ip_availability.plugin.NetworkIPAvailabilityPlugin object at 0x7fdf08f2f4c0>> rbac-policy before_update 55550000 {{(pid=131627) subscribe /usr/local/lib/python3.8/dist-packages/neutron_lib/callbacks/manager.py:45}}
May 19 20:22:44 ubuntu neutron-server[131627]: DEBUG neutron_lib.callbacks.manager [None req-87a5d70f-57e7-4848-a645-171d78a84dd3 None None] Subscribe: <bound method NeutronDbPluginV2.validate_network_rbac_policy_change of <neutron.services.network_ip_availability.plugin.NetworkIPAvailabilityPlugin object at 0x7fdf08f2f4c0>> rbac-policy before_delete 55550000 {{(pid=131627) subscribe /usr/local/lib/python3.8/dist-packages/neutron_lib/callbacks/manager.py:45}}
May 19 20:22:44 ubuntu neutron-server[131627]: INFO neutron.quota.resource_registry [None req-87a5d70f-57e7-4848-a645-171d78a84dd3 None None] Creating instance of CountableResource for resource:rbac_policy
May 19 20:22:44 ubuntu neutron-server[131627]: INFO neutron.quota.resource_registry [None req-87a5d70f-57e7-4848-a645-171d78a84dd3 None None] Creating instance of TrackedResource for resource:security_group
May 19 20:22:44 ubuntu neutron-server[131627]: INFO neutron.quota.resource_registry [None req-87a5d70f-57e7-4848-a645-171d78a84dd3 None None] Creating instance of TrackedResource for resource:security_group_rule
May 19 20:22:44 ubuntu neutron-server[131627]: DEBUG neutron.api.v2.resource_helper [None req-87a5d70f-57e7-4848-a645-171d78a84dd3 None None] Service FLAVORS assigned prefix:  {{(pid=131627) build_resource_info /opt/stack/neutron/neutron/api/v2/resource_helper.py:77}}
May 19 20:22:44 ubuntu neutron-server[131627]: DEBUG neutron.api.v2.resource_helper [None req-87a5d70f-57e7-4848-a645-171d78a84dd3 None None] Service L3_ROUTER_NAT assigned prefix:  {{(pid=131627) build_resource_info /opt/stack/neutron/neutron/api/v2/resource_helper.py:77}}
May 19 20:22:44 ubuntu neutron-server[131627]: DEBUG neutron.api.v2.resource_helper [None req-87a5d70f-57e7-4848-a645-171d78a84dd3 None None] Service L3_ROUTER_NAT assigned prefix:  {{(pid=131627) build_resource_info /opt/stack/neutron/neutron/api/v2/resource_helper.py:77}}
May 19 20:22:44 ubuntu neutron-server[131627]: INFO neutron.quota.resource_registry [None req-87a5d70f-57e7-4848-a645-171d78a84dd3 None None] Creating instance of TrackedResource for resource:router
May 19 20:22:44 ubuntu neutron-server[131627]: WARNING neutron.quota.resource_registry [None req-87a5d70f-57e7-4848-a645-171d78a84dd3 None None] router is already registered
May 19 20:22:44 ubuntu neutron-server[131627]: INFO neutron.quota.resource_registry [None req-87a5d70f-57e7-4848-a645-171d78a84dd3 None None] Creating instance of TrackedResource for resource:floatingip
May 19 20:22:44 ubuntu neutron-server[131627]: WARNING neutron.quota.resource_registry [None req-87a5d70f-57e7-4848-a645-171d78a84dd3 None None] floatingip is already registered
May 19 20:22:44 ubuntu neutron-server[131627]: INFO neutron.quota.resource_registry [None req-87a5d70f-57e7-4848-a645-171d78a84dd3 None None] Creating instance of CountableResource for resource:rbac_policy
May 19 20:22:44 ubuntu neutron-server[131627]: WARNING neutron.quota.resource_registry [None req-87a5d70f-57e7-4848-a645-171d78a84dd3 None None] rbac_policy is already registered
May 19 20:22:44 ubuntu neutron-server[131627]: INFO neutron.quota.resource_registry [None req-87a5d70f-57e7-4848-a645-171d78a84dd3 None None] Creating instance of TrackedResource for resource:security_group
May 19 20:22:44 ubuntu neutron-server[131627]: WARNING neutron.quota.resource_registry [None req-87a5d70f-57e7-4848-a645-171d78a84dd3 None None] security_group is already registered
May 19 20:22:44 ubuntu neutron-server[131627]: INFO neutron.quota.resource_registry [None req-87a5d70f-57e7-4848-a645-171d78a84dd3 None None] Creating instance of TrackedResource for resource:security_group_rule
May 19 20:22:44 ubuntu neutron-server[131627]: WARNING neutron.quota.resource_registry [None req-87a5d70f-57e7-4848-a645-171d78a84dd3 None None] security_group_rule is already registered
May 19 20:22:44 ubuntu neutron-server[131627]: DEBUG neutron.api.extensions [None req-87a5d70f-57e7-4848-a645-171d78a84dd3 None None] Extended resource: extensions {{(pid=131627) __init__ /opt/stack/neutron/neutron/api/extensions.py:157}}
May 19 20:22:44 ubuntu neutron-server[131627]: DEBUG neutron.api.extensions [None req-87a5d70f-57e7-4848-a645-171d78a84dd3 None None] Extended resource: address-groups {{(pid=131627) __init__ /opt/stack/neutron/neutron/api/extensions.py:157}}
May 19 20:22:44 ubuntu neutron-server[131627]: DEBUG neutron.api.extensions [None req-87a5d70f-57e7-4848-a645-171d78a84dd3 None None] Extended resource: address-scopes {{(pid=131627) __init__ /opt/stack/neutron/neutron/api/extensions.py:157}}
May 19 20:22:44 ubuntu neutron-server[131627]: DEBUG neutron.api.extensions [None req-87a5d70f-57e7-4848-a645-171d78a84dd3 None None] Extended resource: agents {{(pid=131627) __init__ /opt/stack/neutron/neutron/api/extensions.py:157}}
May 19 20:22:44 ubuntu neutron-server[131627]: DEBUG neutron.api.extensions [None req-87a5d70f-57e7-4848-a645-171d78a84dd3 None None] Extended resource: auto-allocated-topology {{(pid=131627) __init__ /opt/stack/neutron/neutron/api/extensions.py:157}}
May 19 20:22:44 ubuntu neutron-server[131627]: DEBUG neutron.api.extensions [None req-87a5d70f-57e7-4848-a645-171d78a84dd3 None None] Extended resource: availability_zones {{(pid=131627) __init__ /opt/stack/neutron/neutron/api/extensions.py:157}}
May 19 20:22:44 ubuntu neutron-server[131627]: DEBUG neutron.api.extensions [None req-87a5d70f-57e7-4848-a645-171d78a84dd3 None None] Extended resource: flavors {{(pid=131627) __init__ /opt/stack/neutron/neutron/api/extensions.py:157}}
May 19 20:22:44 ubuntu neutron-server[131627]: DEBUG neutron.api.extensions [None req-87a5d70f-57e7-4848-a645-171d78a84dd3 None None] Extended resource: service_profiles {{(pid=131627) __init__ /opt/stack/neutron/neutron/api/extensions.py:157}}
May 19 20:22:44 ubuntu neutron-server[131627]: DEBUG neutron.api.extensions [None req-87a5d70f-57e7-4848-a645-171d78a84dd3 None None] Extended resource: next_providers {{(pid=131627) __init__ /opt/stack/neutron/neutron/api/extensions.py:157}}
May 19 20:22:44 ubuntu neutron-server[131627]: DEBUG neutron.api.extensions [None req-87a5d70f-57e7-4848-a645-171d78a84dd3 None None] Extended resource: service_profiles {{(pid=131627) __init__ /opt/stack/neutron/neutron/api/extensions.py:157}}
May 19 20:22:44 ubuntu neutron-server[131627]: DEBUG neutron.api.extensions [None req-87a5d70f-57e7-4848-a645-171d78a84dd3 None None] Extended resource: floatingip-pools {{(pid=131627) __init__ /opt/stack/neutron/neutron/api/extensions.py:157}}
May 19 20:22:44 ubuntu neutron-server[131627]: DEBUG neutron.api.extensions [None req-87a5d70f-57e7-4848-a645-171d78a84dd3 None None] Extended resource: routers {{(pid=131627) __init__ /opt/stack/neutron/neutron/api/extensions.py:157}}
May 19 20:22:44 ubuntu neutron-server[131627]: DEBUG neutron.api.extensions [None req-87a5d70f-57e7-4848-a645-171d78a84dd3 None None] Extended resource: floatingips {{(pid=131627) __init__ /opt/stack/neutron/neutron/api/extensions.py:157}}
May 19 20:22:44 ubuntu neutron-server[131627]: DEBUG neutron.api.extensions [None req-87a5d70f-57e7-4848-a645-171d78a84dd3 None None] Extended resource: network-ip-availabilities {{(pid=131627) __init__ /opt/stack/neutron/neutron/api/extensions.py:157}}
May 19 20:22:44 ubuntu neutron-server[131627]: DEBUG neutron.api.extensions [None req-87a5d70f-57e7-4848-a645-171d78a84dd3 None None] Extended resource: bindings {{(pid=131627) __init__ /opt/stack/neutron/neutron/api/extensions.py:157}}
May 19 20:22:44 ubuntu neutron-server[131627]: DEBUG neutron.api.extensions [None req-87a5d70f-57e7-4848-a645-171d78a84dd3 None None] Extended resource: quotas {{(pid=131627) __init__ /opt/stack/neutron/neutron/api/extensions.py:157}}
May 19 20:22:44 ubuntu neutron-server[131627]: DEBUG neutron.api.extensions [None req-87a5d70f-57e7-4848-a645-171d78a84dd3 None None] Extended resource: quotas {{(pid=131627) __init__ /opt/stack/neutron/neutron/api/extensions.py:157}}
May 19 20:22:44 ubuntu neutron-server[131627]: DEBUG neutron.api.extensions [None req-87a5d70f-57e7-4848-a645-171d78a84dd3 None None] Extended resource: rbac-policies {{(pid=131627) __init__ /opt/stack/neutron/neutron/api/extensions.py:157}}
May 19 20:22:44 ubuntu neutron-server[131627]: DEBUG neutron.api.extensions [None req-87a5d70f-57e7-4848-a645-171d78a84dd3 None None] Extended resource: security-groups {{(pid=131627) __init__ /opt/stack/neutron/neutron/api/extensions.py:157}}
May 19 20:22:44 ubuntu neutron-server[131627]: DEBUG neutron.api.extensions [None req-87a5d70f-57e7-4848-a645-171d78a84dd3 None None] Extended resource: security-group-rules {{(pid=131627) __init__ /opt/stack/neutron/neutron/api/extensions.py:157}}
May 19 20:22:44 ubuntu neutron-server[131627]: DEBUG neutron.api.extensions [None req-87a5d70f-57e7-4848-a645-171d78a84dd3 None None] Extended resource: service-providers {{(pid=131627) __init__ /opt/stack/neutron/neutron/api/extensions.py:157}}
May 19 20:22:44 ubuntu neutron-server[131627]: DEBUG neutron.api.extensions [None req-87a5d70f-57e7-4848-a645-171d78a84dd3 None None] Extended resource: tags {{(pid=131627) __init__ /opt/stack/neutron/neutron/api/extensions.py:157}}
May 19 20:22:44 ubuntu neutron-server[131627]: DEBUG neutron.api.extensions [None req-87a5d70f-57e7-4848-a645-171d78a84dd3 None None] Extended resource: tags {{(pid=131627) __init__ /opt/stack/neutron/neutron/api/extensions.py:157}}
May 19 20:22:44 ubuntu neutron-server[131627]: DEBUG neutron.api.extensions [None req-87a5d70f-57e7-4848-a645-171d78a84dd3 None None] Extended resource: tags {{(pid=131627) __init__ /opt/stack/neutron/neutron/api/extensions.py:157}}
May 19 20:22:44 ubuntu neutron-server[131627]: DEBUG neutron.api.extensions [None req-87a5d70f-57e7-4848-a645-171d78a84dd3 None None] Extended resource: tags {{(pid=131627) __init__ /opt/stack/neutron/neutron/api/extensions.py:157}}
May 19 20:22:44 ubuntu neutron-server[131627]: DEBUG neutron.api.extensions [None req-87a5d70f-57e7-4848-a645-171d78a84dd3 None None] Extended resource: tags {{(pid=131627) __init__ /opt/stack/neutron/neutron/api/extensions.py:157}}
May 19 20:22:44 ubuntu neutron-server[131627]: DEBUG neutron.api.extensions [None req-87a5d70f-57e7-4848-a645-171d78a84dd3 None None] Extended resource: tags {{(pid=131627) __init__ /opt/stack/neutron/neutron/api/extensions.py:157}}
May 19 20:22:44 ubuntu neutron-server[131627]: DEBUG neutron.api.extensions [None req-87a5d70f-57e7-4848-a645-171d78a84dd3 None None] Extended resource: tags {{(pid=131627) __init__ /opt/stack/neutron/neutron/api/extensions.py:157}}
May 19 20:22:44 ubuntu neutron-server[131627]: DEBUG neutron.api.extensions [None req-87a5d70f-57e7-4848-a645-171d78a84dd3 None None] Extended resource: tags {{(pid=131627) __init__ /opt/stack/neutron/neutron/api/extensions.py:157}}
May 19 20:22:44 ubuntu neutron-server[131627]: DEBUG neutron.api.extensions [None req-87a5d70f-57e7-4848-a645-171d78a84dd3 None None] Extended resource: tags {{(pid=131627) __init__ /opt/stack/neutron/neutron/api/extensions.py:157}}
May 19 20:22:44 ubuntu neutron-server[131627]: DEBUG neutron.api.extensions [None req-87a5d70f-57e7-4848-a645-171d78a84dd3 None None] Extended resource: tags {{(pid=131627) __init__ /opt/stack/neutron/neutron/api/extensions.py:157}}
May 19 20:22:44 ubuntu neutron-server[131627]: WARNING keystonemiddleware.auth_token [None req-87a5d70f-57e7-4848-a645-171d78a84dd3 None None] AuthToken middleware is set with keystone_authtoken.service_token_roles_required set to False. This is backwards compatible but deprecated behaviour. Please set this to True.
May 19 20:22:44 ubuntu neutron-server[131627]: WARNING keystonemiddleware.auth_token [None req-87a5d70f-57e7-4848-a645-171d78a84dd3 None None] Configuring www_authenticate_uri to point to the public identity endpoint is required; clients may not be able to authenticate against an admin endpoint
May 19 20:22:44 ubuntu neutron-server[131627]: DEBUG oslo_concurrency.lockutils [None req-87a5d70f-57e7-4848-a645-171d78a84dd3 None None] Acquired lock "singleton_lock" {{(pid=131627) lock /usr/local/lib/python3.8/dist-packages/oslo_concurrency/lockutils.py:294}}
May 19 20:22:44 ubuntu neutron-server[131627]: DEBUG oslo_concurrency.lockutils [None req-87a5d70f-57e7-4848-a645-171d78a84dd3 None None] Releasing lock "singleton_lock" {{(pid=131627) lock /usr/local/lib/python3.8/dist-packages/oslo_concurrency/lockutils.py:312}}
May 19 20:22:44 ubuntu neutron-server[131627]: INFO oslo_service.service [None req-87a5d70f-57e7-4848-a645-171d78a84dd3 None None] Starting 2 workers
May 19 20:22:44 ubuntu neutron-server[131627]: DEBUG oslo_service.service [None req-87a5d70f-57e7-4848-a645-171d78a84dd3 None None] Started child 131848 {{(pid=131627) _start_child /usr/local/lib/python3.8/dist-packages/oslo_service/service.py:575}}
May 19 20:22:44 ubuntu neutron-server[131627]: DEBUG oslo_service.service [None req-87a5d70f-57e7-4848-a645-171d78a84dd3 None None] Started child 131849 {{(pid=131627) _start_child /usr/local/lib/python3.8/dist-packages/oslo_service/service.py:575}}
May 19 20:22:44 ubuntu neutron-server[131627]: INFO neutron.service [None req-87a5d70f-57e7-4848-a645-171d78a84dd3 None None] Neutron service started, listening on 0.0.0.0:9696
May 19 20:22:44 ubuntu neutron-server[131627]: DEBUG neutron_lib.callbacks.manager [None req-87a5d70f-57e7-4848-a645-171d78a84dd3 None None] Publish callbacks ['neutron.plugins.ml2.drivers.ovn.mech_driver.mech_driver.OVNMechanismDriver.pre_fork_initialize-1888675'] for process (None), before_spawn {{(pid=131627) _notify_loop /usr/local/lib/python3.8/dist-packages/neutron_lib/callbacks/manager.py:176}}
May 19 20:22:44 ubuntu neutron-server[131848]: DEBUG neutron_lib.callbacks.manager [-] Publish callbacks ['neutron.plugins.ml2.drivers.ovn.mech_driver.mech_driver.OVNMechanismDriver.post_fork_initialize-1888639'] for process (None), after_init {{(pid=131848) _notify_loop /usr/local/lib/python3.8/dist-packages/neutron_lib/callbacks/manager.py:176}}
May 19 20:22:44 ubuntu neutron-server[131849]: DEBUG neutron_lib.callbacks.manager [-] Publish callbacks ['neutron.plugins.ml2.drivers.ovn.mech_driver.mech_driver.OVNMechanismDriver.post_fork_initialize-1888639'] for process (None), after_init {{(pid=131849) _notify_loop /usr/local/lib/python3.8/dist-packages/neutron_lib/callbacks/manager.py:176}}
May 19 20:22:44 ubuntu neutron-server[131848]: DEBUG dbcounter [-] [131848] Writer thread running {{(pid=131848) stat_writer /usr/local/lib/python3.8/dist-packages/dbcounter.py:99}}
May 19 20:22:44 ubuntu neutron-server[131849]: DEBUG dbcounter [-] [131849] Writer thread running {{(pid=131849) stat_writer /usr/local/lib/python3.8/dist-packages/dbcounter.py:99}}
May 19 20:22:44 ubuntu neutron-server[131627]: DEBUG ovsdbapp.backend.ovs_idl [None req-87a5d70f-57e7-4848-a645-171d78a84dd3 None None] Created schema index Port_Group.name {{(pid=131627) autocreate_indices /usr/local/lib/python3.8/dist-packages/ovsdbapp/backend/ovs_idl/__init__.py:104}}
May 19 20:22:44 ubuntu neutron-server[131627]: DEBUG ovsdbapp.backend.ovs_idl [None req-87a5d70f-57e7-4848-a645-171d78a84dd3 None None] Created schema index Logical_Switch_Port.name {{(pid=131627) autocreate_indices /usr/local/lib/python3.8/dist-packages/ovsdbapp/backend/ovs_idl/__init__.py:104}}
May 19 20:22:44 ubuntu neutron-server[131848]: INFO neutron.plugins.ml2.drivers.ovn.mech_driver.ovsdb.impl_idl_ovn [None req-bf5ff49b-75a8-4235-bc2d-7966aae3e9f5 None None] Getting OvsdbNbOvnIdl for WorkerService with retry
May 19 20:22:44 ubuntu neutron-server[131849]: INFO neutron.plugins.ml2.drivers.ovn.mech_driver.ovsdb.impl_idl_ovn [None req-0f2eb60d-9b73-4c02-b988-e658b3909772 None None] Getting OvsdbNbOvnIdl for WorkerService with retry
May 19 20:22:44 ubuntu neutron-server[131627]: DEBUG ovsdbapp.backend.ovs_idl.transaction [-] Running txn n=1 command(idx=0): PgAddCommand(name=neutron_pg_drop, may_exist=True, columns={'acls': []}) {{(pid=131627) do_commit /usr/local/lib/python3.8/dist-packages/ovsdbapp/backend/ovs_idl/transaction.py:90}}
May 19 20:22:44 ubuntu neutron-server[131627]: DEBUG ovsdbapp.backend.ovs_idl.transaction [-] Running txn n=1 command(idx=1): PgAclAddCommand(entity=neutron_pg_drop, direction=from-lport, priority=1001, match=inport == @neutron_pg_drop && ip, action=drop, log=False, may_exist=True, severity=[], name=[], meter=None, external_ids={}) {{(pid=131627) do_commit /usr/local/lib/python3.8/dist-packages/ovsdbapp/backend/ovs_idl/transaction.py:90}}
May 19 20:22:44 ubuntu neutron-server[131627]: DEBUG ovsdbapp.backend.ovs_idl.transaction [-] Running txn n=1 command(idx=2): PgAclAddCommand(entity=neutron_pg_drop, direction=to-lport, priority=1001, match=outport == @neutron_pg_drop && ip, action=drop, log=False, may_exist=True, severity=[], name=[], meter=None, external_ids={}) {{(pid=131627) do_commit /usr/local/lib/python3.8/dist-packages/ovsdbapp/backend/ovs_idl/transaction.py:90}}
May 19 20:22:44 ubuntu neutron-server[131848]: DEBUG ovsdbapp.backend.ovs_idl [None req-bf5ff49b-75a8-4235-bc2d-7966aae3e9f5 None None] Created lookup_table index Logical_Switch.name {{(pid=131848) autocreate_indices /usr/local/lib/python3.8/dist-packages/ovsdbapp/backend/ovs_idl/__init__.py:85}}
May 19 20:22:44 ubuntu neutron-server[131848]: DEBUG ovsdbapp.backend.ovs_idl [None req-bf5ff49b-75a8-4235-bc2d-7966aae3e9f5 None None] Created lookup_table index Logical_Router.name {{(pid=131848) autocreate_indices /usr/local/lib/python3.8/dist-packages/ovsdbapp/backend/ovs_idl/__init__.py:85}}
May 19 20:22:44 ubuntu neutron-server[131848]: DEBUG ovsdbapp.backend.ovs_idl [None req-bf5ff49b-75a8-4235-bc2d-7966aae3e9f5 None None] Created lookup_table index Load_Balancer.name {{(pid=131848) autocreate_indices /usr/local/lib/python3.8/dist-packages/ovsdbapp/backend/ovs_idl/__init__.py:85}}
May 19 20:22:44 ubuntu neutron-server[131848]: DEBUG ovsdbapp.backend.ovs_idl [None req-bf5ff49b-75a8-4235-bc2d-7966aae3e9f5 None None] Created schema index Meter.name {{(pid=131848) autocreate_indices /usr/local/lib/python3.8/dist-packages/ovsdbapp/backend/ovs_idl/__init__.py:104}}
May 19 20:22:44 ubuntu neutron-server[131848]: DEBUG ovsdbapp.backend.ovs_idl [None req-bf5ff49b-75a8-4235-bc2d-7966aae3e9f5 None None] Created schema index Address_Set.name {{(pid=131848) autocreate_indices /usr/local/lib/python3.8/dist-packages/ovsdbapp/backend/ovs_idl/__init__.py:104}}
May 19 20:22:44 ubuntu neutron-server[131848]: DEBUG ovsdbapp.backend.ovs_idl [None req-bf5ff49b-75a8-4235-bc2d-7966aae3e9f5 None None] Created schema index HA_Chassis_Group.name {{(pid=131848) autocreate_indices /usr/local/lib/python3.8/dist-packages/ovsdbapp/backend/ovs_idl/__init__.py:104}}
May 19 20:22:44 ubuntu neutron-server[131848]: DEBUG ovsdbapp.backend.ovs_idl [None req-bf5ff49b-75a8-4235-bc2d-7966aae3e9f5 None None] Created schema index Connection.target {{(pid=131848) autocreate_indices /usr/local/lib/python3.8/dist-packages/ovsdbapp/backend/ovs_idl/__init__.py:104}}
May 19 20:22:44 ubuntu neutron-server[131627]: DEBUG ovsdbapp.backend.ovs_idl.event [-] Matched CREATE: NeutronPgDropPortGroupCreated(events=('create',), table='Port_Group', conditions=(('name', '=', 'neutron_pg_drop'),), old_conditions=None), priority=10 to row=Port_Group(name=neutron_pg_drop, ports=[], external_ids={}, acls=[<ovs.db.idl.Row object at 0x7fdf08785fa0>, <ovs.db.idl.Row object at 0x7fdf087822b0>]) old= {{(pid=131627) matches /usr/local/lib/python3.8/dist-packages/ovsdbapp/backend/ovs_idl/event.py:43}}
May 19 20:22:44 ubuntu neutron-server[131848]: DEBUG ovsdbapp.backend.ovs_idl [None req-bf5ff49b-75a8-4235-bc2d-7966aae3e9f5 None None] Created schema index Gateway_Chassis.name {{(pid=131848) autocreate_indices /usr/local/lib/python3.8/dist-packages/ovsdbapp/backend/ovs_idl/__init__.py:104}}
May 19 20:22:44 ubuntu neutron-server[131848]: DEBUG ovsdbapp.backend.ovs_idl [None req-bf5ff49b-75a8-4235-bc2d-7966aae3e9f5 None None] Created schema index Logical_Router_Port.name {{(pid=131848) autocreate_indices /usr/local/lib/python3.8/dist-packages/ovsdbapp/backend/ovs_idl/__init__.py:104}}
May 19 20:22:44 ubuntu neutron-server[131848]: DEBUG ovsdbapp.backend.ovs_idl [None req-bf5ff49b-75a8-4235-bc2d-7966aae3e9f5 None None] Created schema index Port_Group.name {{(pid=131848) autocreate_indices /usr/local/lib/python3.8/dist-packages/ovsdbapp/backend/ovs_idl/__init__.py:104}}
May 19 20:22:44 ubuntu neutron-server[131848]: DEBUG ovsdbapp.backend.ovs_idl [None req-bf5ff49b-75a8-4235-bc2d-7966aae3e9f5 None None] Created schema index Logical_Switch_Port.name {{(pid=131848) autocreate_indices /usr/local/lib/python3.8/dist-packages/ovsdbapp/backend/ovs_idl/__init__.py:104}}
May 19 20:22:44 ubuntu neutron-server[131848]: INFO ovsdbapp.backend.ovs_idl.vlog [None req-bf5ff49b-75a8-4235-bc2d-7966aae3e9f5 None None] tcp:192.168.79.50:6641: connecting...
May 19 20:22:44 ubuntu neutron-server[131848]: INFO ovsdbapp.backend.ovs_idl.vlog [None req-bf5ff49b-75a8-4235-bc2d-7966aae3e9f5 None None] tcp:192.168.79.50:6641: connected
May 19 20:22:44 ubuntu neutron-server[131849]: DEBUG ovsdbapp.backend.ovs_idl [None req-0f2eb60d-9b73-4c02-b988-e658b3909772 None None] Created lookup_table index Logical_Switch.name {{(pid=131849) autocreate_indices /usr/local/lib/python3.8/dist-packages/ovsdbapp/backend/ovs_idl/__init__.py:85}}
May 19 20:22:44 ubuntu neutron-server[131849]: DEBUG ovsdbapp.backend.ovs_idl [None req-0f2eb60d-9b73-4c02-b988-e658b3909772 None None] Created lookup_table index Logical_Router.name {{(pid=131849) autocreate_indices /usr/local/lib/python3.8/dist-packages/ovsdbapp/backend/ovs_idl/__init__.py:85}}
May 19 20:22:44 ubuntu neutron-server[131849]: DEBUG ovsdbapp.backend.ovs_idl [None req-0f2eb60d-9b73-4c02-b988-e658b3909772 None None] Created lookup_table index Load_Balancer.name {{(pid=131849) autocreate_indices /usr/local/lib/python3.8/dist-packages/ovsdbapp/backend/ovs_idl/__init__.py:85}}
May 19 20:22:44 ubuntu neutron-server[131849]: DEBUG ovsdbapp.backend.ovs_idl [None req-0f2eb60d-9b73-4c02-b988-e658b3909772 None None] Created schema index Meter.name {{(pid=131849) autocreate_indices /usr/local/lib/python3.8/dist-packages/ovsdbapp/backend/ovs_idl/__init__.py:104}}
May 19 20:22:44 ubuntu neutron-server[131849]: DEBUG ovsdbapp.backend.ovs_idl [None req-0f2eb60d-9b73-4c02-b988-e658b3909772 None None] Created schema index Address_Set.name {{(pid=131849) autocreate_indices /usr/local/lib/python3.8/dist-packages/ovsdbapp/backend/ovs_idl/__init__.py:104}}
May 19 20:22:44 ubuntu neutron-server[131849]: DEBUG ovsdbapp.backend.ovs_idl [None req-0f2eb60d-9b73-4c02-b988-e658b3909772 None None] Created schema index HA_Chassis_Group.name {{(pid=131849) autocreate_indices /usr/local/lib/python3.8/dist-packages/ovsdbapp/backend/ovs_idl/__init__.py:104}}
May 19 20:22:44 ubuntu neutron-server[131849]: DEBUG ovsdbapp.backend.ovs_idl [None req-0f2eb60d-9b73-4c02-b988-e658b3909772 None None] Created schema index Connection.target {{(pid=131849) autocreate_indices /usr/local/lib/python3.8/dist-packages/ovsdbapp/backend/ovs_idl/__init__.py:104}}
May 19 20:22:44 ubuntu neutron-server[131849]: DEBUG ovsdbapp.backend.ovs_idl [None req-0f2eb60d-9b73-4c02-b988-e658b3909772 None None] Created schema index Gateway_Chassis.name {{(pid=131849) autocreate_indices /usr/local/lib/python3.8/dist-packages/ovsdbapp/backend/ovs_idl/__init__.py:104}}
May 19 20:22:44 ubuntu neutron-server[131849]: DEBUG ovsdbapp.backend.ovs_idl [None req-0f2eb60d-9b73-4c02-b988-e658b3909772 None None] Created schema index Logical_Router_Port.name {{(pid=131849) autocreate_indices /usr/local/lib/python3.8/dist-packages/ovsdbapp/backend/ovs_idl/__init__.py:104}}
May 19 20:22:44 ubuntu neutron-server[131849]: DEBUG ovsdbapp.backend.ovs_idl [None req-0f2eb60d-9b73-4c02-b988-e658b3909772 None None] Created schema index Port_Group.name {{(pid=131849) autocreate_indices /usr/local/lib/python3.8/dist-packages/ovsdbapp/backend/ovs_idl/__init__.py:104}}
May 19 20:22:44 ubuntu neutron-server[131849]: DEBUG ovsdbapp.backend.ovs_idl [None req-0f2eb60d-9b73-4c02-b988-e658b3909772 None None] Created schema index Logical_Switch_Port.name {{(pid=131849) autocreate_indices /usr/local/lib/python3.8/dist-packages/ovsdbapp/backend/ovs_idl/__init__.py:104}}
May 19 20:22:44 ubuntu neutron-server[131849]: INFO ovsdbapp.backend.ovs_idl.vlog [None req-0f2eb60d-9b73-4c02-b988-e658b3909772 None None] tcp:192.168.79.50:6641: connecting...
May 19 20:22:44 ubuntu neutron-server[131849]: INFO ovsdbapp.backend.ovs_idl.vlog [None req-0f2eb60d-9b73-4c02-b988-e658b3909772 None None] tcp:192.168.79.50:6641: connected
May 19 20:22:44 ubuntu neutron-server[131627]: DEBUG ovsdbapp.backend.ovs_idl [None req-87a5d70f-57e7-4848-a645-171d78a84dd3 None None] Created lookup_table index Logical_Switch.name {{(pid=131627) autocreate_indices /usr/local/lib/python3.8/dist-packages/ovsdbapp/backend/ovs_idl/__init__.py:85}}
May 19 20:22:44 ubuntu neutron-server[131627]: DEBUG ovsdbapp.backend.ovs_idl [None req-87a5d70f-57e7-4848-a645-171d78a84dd3 None None] Created lookup_table index Logical_Router.name {{(pid=131627) autocreate_indices /usr/local/lib/python3.8/dist-packages/ovsdbapp/backend/ovs_idl/__init__.py:85}}
May 19 20:22:44 ubuntu neutron-server[131627]: DEBUG ovsdbapp.backend.ovs_idl [None req-87a5d70f-57e7-4848-a645-171d78a84dd3 None None] Created lookup_table index Load_Balancer.name {{(pid=131627) autocreate_indices /usr/local/lib/python3.8/dist-packages/ovsdbapp/backend/ovs_idl/__init__.py:85}}
May 19 20:22:44 ubuntu neutron-server[131627]: DEBUG ovsdbapp.backend.ovs_idl [None req-87a5d70f-57e7-4848-a645-171d78a84dd3 None None] Created schema index Meter.name {{(pid=131627) autocreate_indices /usr/local/lib/python3.8/dist-packages/ovsdbapp/backend/ovs_idl/__init__.py:104}}
May 19 20:22:44 ubuntu neutron-server[131627]: DEBUG ovsdbapp.backend.ovs_idl [None req-87a5d70f-57e7-4848-a645-171d78a84dd3 None None] Created schema index Address_Set.name {{(pid=131627) autocreate_indices /usr/local/lib/python3.8/dist-packages/ovsdbapp/backend/ovs_idl/__init__.py:104}}
May 19 20:22:44 ubuntu neutron-server[131627]: DEBUG ovsdbapp.backend.ovs_idl [None req-87a5d70f-57e7-4848-a645-171d78a84dd3 None None] Created schema index HA_Chassis_Group.name {{(pid=131627) autocreate_indices /usr/local/lib/python3.8/dist-packages/ovsdbapp/backend/ovs_idl/__init__.py:104}}
May 19 20:22:44 ubuntu neutron-server[131627]: DEBUG ovsdbapp.backend.ovs_idl [None req-87a5d70f-57e7-4848-a645-171d78a84dd3 None None] Created schema index Connection.target {{(pid=131627) autocreate_indices /usr/local/lib/python3.8/dist-packages/ovsdbapp/backend/ovs_idl/__init__.py:104}}
May 19 20:22:44 ubuntu neutron-server[131627]: DEBUG ovsdbapp.backend.ovs_idl [None req-87a5d70f-57e7-4848-a645-171d78a84dd3 None None] Created schema index Gateway_Chassis.name {{(pid=131627) autocreate_indices /usr/local/lib/python3.8/dist-packages/ovsdbapp/backend/ovs_idl/__init__.py:104}}
May 19 20:22:44 ubuntu neutron-server[131627]: DEBUG ovsdbapp.backend.ovs_idl [None req-87a5d70f-57e7-4848-a645-171d78a84dd3 None None] Created schema index Logical_Router_Port.name {{(pid=131627) autocreate_indices /usr/local/lib/python3.8/dist-packages/ovsdbapp/backend/ovs_idl/__init__.py:104}}
May 19 20:22:44 ubuntu neutron-server[131627]: DEBUG ovsdbapp.backend.ovs_idl [None req-87a5d70f-57e7-4848-a645-171d78a84dd3 None None] Created schema index Port_Group.name {{(pid=131627) autocreate_indices /usr/local/lib/python3.8/dist-packages/ovsdbapp/backend/ovs_idl/__init__.py:104}}
May 19 20:22:44 ubuntu neutron-server[131627]: DEBUG ovsdbapp.backend.ovs_idl [None req-87a5d70f-57e7-4848-a645-171d78a84dd3 None None] Created schema index Logical_Switch_Port.name {{(pid=131627) autocreate_indices /usr/local/lib/python3.8/dist-packages/ovsdbapp/backend/ovs_idl/__init__.py:104}}
May 19 20:22:44 ubuntu neutron-server[131848]: DEBUG neutron.common.ovn.hash_ring_manager [None req-bf5ff49b-75a8-4235-bc2d-7966aae3e9f5 None None] Allow caching, nodes 2>=2 {{(pid=131848) _wait_startup_before_caching /opt/stack/neutron/neutron/common/ovn/hash_ring_manager.py:60}}
May 19 20:22:44 ubuntu neutron-server[131848]: DEBUG neutron.plugins.ml2.drivers.ovn.mech_driver.ovsdb.ovsdb_monitor [None req-bf5ff49b-75a8-4235-bc2d-7966aae3e9f5 None None] Hash Ring: Node 1874580e-d384-423b-ab50-e1cce32d8e5f (host: ubuntu) handling event "create" for row b89fd769-cc19-4e64-8e1f-8a1649dd6f0c (table: Database) {{(pid=131848) notify /opt/stack/neutron/neutron/plugins/ml2/drivers/ovn/mech_driver/ovsdb/ovsdb_monitor.py:815}}
May 19 20:22:44 ubuntu neutron-server[131848]: DEBUG neutron.plugins.ml2.drivers.ovn.mech_driver.ovsdb.ovsdb_monitor [None req-bf5ff49b-75a8-4235-bc2d-7966aae3e9f5 None None] Hash Ring: Node 1874580e-d384-423b-ab50-e1cce32d8e5f (host: ubuntu) handling event "create" for row 7962fe0e-e509-43b7-9c88-2702a77d87cc (table: Port_Group) {{(pid=131848) notify /opt/stack/neutron/neutron/plugins/ml2/drivers/ovn/mech_driver/ovsdb/ovsdb_monitor.py:815}}
May 19 20:22:44 ubuntu neutron-server[131848]: DEBUG neutron.plugins.ml2.drivers.ovn.mech_driver.ovsdb.ovsdb_monitor [None req-bf5ff49b-75a8-4235-bc2d-7966aae3e9f5 None None] Hash Ring: Node 1874580e-d384-423b-ab50-e1cce32d8e5f (host: ubuntu) handling event "create" for row b696b42d-0754-4f69-9d1b-3d761c53f609 (table: NB_Global) {{(pid=131848) notify /opt/stack/neutron/neutron/plugins/ml2/drivers/ovn/mech_driver/ovsdb/ovsdb_monitor.py:815}}
May 19 20:22:44 ubuntu neutron-server[131848]: DEBUG neutron.plugins.ml2.drivers.ovn.mech_driver.ovsdb.ovsdb_monitor [None req-bf5ff49b-75a8-4235-bc2d-7966aae3e9f5 None None] Hash Ring: Node 1874580e-d384-423b-ab50-e1cce32d8e5f (host: ubuntu) handling event "create" for row a51396aa-b70f-44c3-bf46-e0b6ef93e1a9 (table: ACL) {{(pid=131848) notify /opt/stack/neutron/neutron/plugins/ml2/drivers/ovn/mech_driver/ovsdb/ovsdb_monitor.py:815}}
May 19 20:22:44 ubuntu neutron-server[131848]: DEBUG neutron.plugins.ml2.drivers.ovn.mech_driver.ovsdb.ovsdb_monitor [None req-bf5ff49b-75a8-4235-bc2d-7966aae3e9f5 None None] Hash Ring: Node 1874580e-d384-423b-ab50-e1cce32d8e5f (host: ubuntu) handling event "create" for row cbde0ee4-4ff7-4683-9e1e-abb046445184 (table: ACL) {{(pid=131848) notify /opt/stack/neutron/neutron/plugins/ml2/drivers/ovn/mech_driver/ovsdb/ovsdb_monitor.py:815}}
May 19 20:22:44 ubuntu neutron-server[131848]: INFO neutron.plugins.ml2.drivers.ovn.mech_driver.ovsdb.impl_idl_ovn [None req-bf5ff49b-75a8-4235-bc2d-7966aae3e9f5 None None] Getting OvsdbSbOvnIdl for WorkerService with retry
May 19 20:22:44 ubuntu neutron-server[131848]: DEBUG ovsdbapp.backend.ovs_idl [None req-bf5ff49b-75a8-4235-bc2d-7966aae3e9f5 None None] Created lookup_table index Chassis.name {{(pid=131848) autocreate_indices /usr/local/lib/python3.8/dist-packages/ovsdbapp/backend/ovs_idl/__init__.py:85}}
May 19 20:22:44 ubuntu neutron-server[131848]: DEBUG ovsdbapp.backend.ovs_idl [None req-bf5ff49b-75a8-4235-bc2d-7966aae3e9f5 None None] Created schema index Datapath_Binding.tunnel_key {{(pid=131848) autocreate_indices /usr/local/lib/python3.8/dist-packages/ovsdbapp/backend/ovs_idl/__init__.py:104}}
May 19 20:22:44 ubuntu neutron-server[131848]: DEBUG ovsdbapp.backend.ovs_idl [None req-bf5ff49b-75a8-4235-bc2d-7966aae3e9f5 None None] Created schema index Connection.target {{(pid=131848) autocreate_indices /usr/local/lib/python3.8/dist-packages/ovsdbapp/backend/ovs_idl/__init__.py:104}}
May 19 20:22:44 ubuntu neutron-server[131848]: INFO ovsdbapp.backend.ovs_idl.vlog [None req-bf5ff49b-75a8-4235-bc2d-7966aae3e9f5 None None] tcp:192.168.79.50:6642: connecting...
May 19 20:22:44 ubuntu neutron-server[131848]: INFO ovsdbapp.backend.ovs_idl.vlog [None req-bf5ff49b-75a8-4235-bc2d-7966aae3e9f5 None None] tcp:192.168.79.50:6642: connected
May 19 20:22:44 ubuntu neutron-server[131627]: DEBUG ovsdbapp.backend.ovs_idl [None req-87a5d70f-57e7-4848-a645-171d78a84dd3 None None] Created lookup_table index Chassis.name {{(pid=131627) autocreate_indices /usr/local/lib/python3.8/dist-packages/ovsdbapp/backend/ovs_idl/__init__.py:85}}
May 19 20:22:44 ubuntu neutron-server[131627]: DEBUG ovsdbapp.backend.ovs_idl [None req-87a5d70f-57e7-4848-a645-171d78a84dd3 None None] Created lookup_table index MAC_Binding.ip {{(pid=131627) autocreate_indices /usr/local/lib/python3.8/dist-packages/ovsdbapp/backend/ovs_idl/__init__.py:85}}
May 19 20:22:44 ubuntu neutron-server[131627]: DEBUG ovsdbapp.backend.ovs_idl [None req-87a5d70f-57e7-4848-a645-171d78a84dd3 None None] Created schema index Meter.name {{(pid=131627) autocreate_indices /usr/local/lib/python3.8/dist-packages/ovsdbapp/backend/ovs_idl/__init__.py:104}}
May 19 20:22:44 ubuntu neutron-server[131627]: DEBUG ovsdbapp.backend.ovs_idl [None req-87a5d70f-57e7-4848-a645-171d78a84dd3 None None] Created schema index Address_Set.name {{(pid=131627) autocreate_indices /usr/local/lib/python3.8/dist-packages/ovsdbapp/backend/ovs_idl/__init__.py:104}}
May 19 20:22:44 ubuntu neutron-server[131627]: DEBUG ovsdbapp.backend.ovs_idl [None req-87a5d70f-57e7-4848-a645-171d78a84dd3 None None] Created schema index HA_Chassis_Group.name {{(pid=131627) autocreate_indices /usr/local/lib/python3.8/dist-packages/ovsdbapp/backend/ovs_idl/__init__.py:104}}
May 19 20:22:44 ubuntu neutron-server[131627]: DEBUG ovsdbapp.backend.ovs_idl [None req-87a5d70f-57e7-4848-a645-171d78a84dd3 None None] Created schema index IP_Multicast.datapath {{(pid=131627) autocreate_indices /usr/local/lib/python3.8/dist-packages/ovsdbapp/backend/ovs_idl/__init__.py:104}}
May 19 20:22:44 ubuntu neutron-server[131627]: DEBUG ovsdbapp.backend.ovs_idl [None req-87a5d70f-57e7-4848-a645-171d78a84dd3 None None] Created schema index Connection.target {{(pid=131627) autocreate_indices /usr/local/lib/python3.8/dist-packages/ovsdbapp/backend/ovs_idl/__init__.py:104}}
May 19 20:22:44 ubuntu neutron-server[131627]: DEBUG ovsdbapp.backend.ovs_idl [None req-87a5d70f-57e7-4848-a645-171d78a84dd3 None None] Created schema index Gateway_Chassis.name {{(pid=131627) autocreate_indices /usr/local/lib/python3.8/dist-packages/ovsdbapp/backend/ovs_idl/__init__.py:104}}
May 19 20:22:44 ubuntu neutron-server[131627]: DEBUG ovsdbapp.backend.ovs_idl [None req-87a5d70f-57e7-4848-a645-171d78a84dd3 None None] Created schema index Port_Group.name {{(pid=131627) autocreate_indices /usr/local/lib/python3.8/dist-packages/ovsdbapp/backend/ovs_idl/__init__.py:104}}
May 19 20:22:44 ubuntu neutron-server[131627]: DEBUG ovsdbapp.backend.ovs_idl [None req-87a5d70f-57e7-4848-a645-171d78a84dd3 None None] Created schema index Datapath_Binding.tunnel_key {{(pid=131627) autocreate_indices /usr/local/lib/python3.8/dist-packages/ovsdbapp/backend/ovs_idl/__init__.py:104}}
May 19 20:22:44 ubuntu neutron-server[131849]: DEBUG neutron.common.ovn.hash_ring_manager [None req-0f2eb60d-9b73-4c02-b988-e658b3909772 None None] Allow caching, nodes 2>=2 {{(pid=131849) _wait_startup_before_caching /opt/stack/neutron/neutron/common/ovn/hash_ring_manager.py:60}}
May 19 20:22:44 ubuntu neutron-server[131848]: DEBUG neutron.common.ovn.hash_ring_manager [None req-bf5ff49b-75a8-4235-bc2d-7966aae3e9f5 None None] Allow caching, nodes 2>=2 {{(pid=131848) _wait_startup_before_caching /opt/stack/neutron/neutron/common/ovn/hash_ring_manager.py:60}}
May 19 20:22:44 ubuntu neutron-server[131849]: DEBUG neutron.plugins.ml2.drivers.ovn.mech_driver.ovsdb.ovsdb_monitor [None req-0f2eb60d-9b73-4c02-b988-e658b3909772 None None] Hash Ring: Node 9d46c147-1610-470e-98b6-3beaf2daf52f (host: ubuntu) handling event "create" for row f4c1813b-2941-476c-b4a6-4301fd10911b (table: Database) {{(pid=131849) notify /opt/stack/neutron/neutron/plugins/ml2/drivers/ovn/mech_driver/ovsdb/ovsdb_monitor.py:815}}
May 19 20:22:44 ubuntu neutron-server[131848]: DEBUG neutron.plugins.ml2.drivers.ovn.mech_driver.ovsdb.ovsdb_monitor [None req-bf5ff49b-75a8-4235-bc2d-7966aae3e9f5 None None] Hash Ring: Node 1874580e-d384-423b-ab50-e1cce32d8e5f (host: ubuntu) handling event "create" for row 76a54ff7-6820-45e3-b470-cde2d3f3def7 (table: Database) {{(pid=131848) notify /opt/stack/neutron/neutron/plugins/ml2/drivers/ovn/mech_driver/ovsdb/ovsdb_monitor.py:815}}
May 19 20:22:44 ubuntu neutron-server[131849]: DEBUG neutron.plugins.ml2.drivers.ovn.mech_driver.ovsdb.ovsdb_monitor [None req-0f2eb60d-9b73-4c02-b988-e658b3909772 None None] Hash Ring: Node 9d46c147-1610-470e-98b6-3beaf2daf52f (host: ubuntu) handling event "create" for row 8483c9be-9c66-4a09-9b90-bb3d76ff66fc (table: Connection) {{(pid=131849) notify /opt/stack/neutron/neutron/plugins/ml2/drivers/ovn/mech_driver/ovsdb/ovsdb_monitor.py:815}}
May 19 20:22:44 ubuntu neutron-server[131849]: INFO neutron.plugins.ml2.drivers.ovn.mech_driver.ovsdb.impl_idl_ovn [None req-0f2eb60d-9b73-4c02-b988-e658b3909772 None None] Getting OvsdbSbOvnIdl for WorkerService with retry
May 19 20:22:44 ubuntu neutron-server[131848]: DEBUG neutron.plugins.ml2.drivers.ovn.mech_driver.ovsdb.ovsdb_monitor [None req-bf5ff49b-75a8-4235-bc2d-7966aae3e9f5 None None] Hash Ring: Node 1874580e-d384-423b-ab50-e1cce32d8e5f (host: ubuntu) handling event "create" for row 3c2e82c3-a479-4f78-a867-6964047e136d (table: Database) {{(pid=131848) notify /opt/stack/neutron/neutron/plugins/ml2/drivers/ovn/mech_driver/ovsdb/ovsdb_monitor.py:815}}
May 19 20:22:44 ubuntu neutron-server[131848]: DEBUG neutron.plugins.ml2.drivers.ovn.mech_driver.ovsdb.ovsdb_monitor [None req-bf5ff49b-75a8-4235-bc2d-7966aae3e9f5 None None] ChassisMetadataAgentWriteEvent : Matched Chassis, create, None None {{(pid=131848) matches /opt/stack/neutron/neutron/plugins/ml2/drivers/ovn/mech_driver/ovsdb/ovsdb_monitor.py:62}}
May 19 20:22:44 ubuntu neutron-server[131849]: DEBUG ovsdbapp.backend.ovs_idl [None req-0f2eb60d-9b73-4c02-b988-e658b3909772 None None] Created lookup_table index Chassis.name {{(pid=131849) autocreate_indices /usr/local/lib/python3.8/dist-packages/ovsdbapp/backend/ovs_idl/__init__.py:85}}
May 19 20:22:44 ubuntu neutron-server[131849]: DEBUG ovsdbapp.backend.ovs_idl [None req-0f2eb60d-9b73-4c02-b988-e658b3909772 None None] Created schema index Datapath_Binding.tunnel_key {{(pid=131849) autocreate_indices /usr/local/lib/python3.8/dist-packages/ovsdbapp/backend/ovs_idl/__init__.py:104}}
May 19 20:22:44 ubuntu neutron-server[131849]: DEBUG ovsdbapp.backend.ovs_idl [None req-0f2eb60d-9b73-4c02-b988-e658b3909772 None None] Created schema index Connection.target {{(pid=131849) autocreate_indices /usr/local/lib/python3.8/dist-packages/ovsdbapp/backend/ovs_idl/__init__.py:104}}
May 19 20:22:44 ubuntu neutron-server[131849]: INFO ovsdbapp.backend.ovs_idl.vlog [None req-0f2eb60d-9b73-4c02-b988-e658b3909772 None None] tcp:192.168.79.50:6642: connecting...
May 19 20:22:44 ubuntu neutron-server[131849]: INFO ovsdbapp.backend.ovs_idl.vlog [None req-0f2eb60d-9b73-4c02-b988-e658b3909772 None None] tcp:192.168.79.50:6642: connected
May 19 20:22:44 ubuntu neutron-server[131848]: DEBUG neutron.plugins.ml2.drivers.ovn.mech_driver.ovsdb.ovsdb_monitor [None req-bf5ff49b-75a8-4235-bc2d-7966aae3e9f5 None None] ChassisAgentWriteEvent : Matched Chassis, create, None None {{(pid=131848) matches /opt/stack/neutron/neutron/plugins/ml2/drivers/ovn/mech_driver/ovsdb/ovsdb_monitor.py:62}}
May 19 20:22:44 ubuntu neutron-server[131848]: DEBUG neutron.plugins.ml2.drivers.ovn.mech_driver.ovsdb.ovsdb_monitor [None req-bf5ff49b-75a8-4235-bc2d-7966aae3e9f5 None None] Hash Ring: Node 1874580e-d384-423b-ab50-e1cce32d8e5f (host: ubuntu) handling event "create" for row e9206927-57e5-4191-bcdf-1be56c09ec32 (table: Chassis) {{(pid=131848) notify /opt/stack/neutron/neutron/plugins/ml2/drivers/ovn/mech_driver/ovsdb/ovsdb_monitor.py:815}}
May 19 20:22:44 ubuntu neutron-server[131627]: INFO oslo_service.service [None req-87a5d70f-57e7-4848-a645-171d78a84dd3 None None] Starting 1 workers
May 19 20:22:44 ubuntu neutron-server[131848]: INFO neutron.wsgi [-] (131848) wsgi starting up on http://0.0.0.0:9696
May 19 20:22:44 ubuntu neutron-server[131627]: DEBUG oslo_service.service [None req-87a5d70f-57e7-4848-a645-171d78a84dd3 None None] Started child 131851 {{(pid=131627) _start_child /usr/local/lib/python3.8/dist-packages/oslo_service/service.py:575}}
May 19 20:22:44 ubuntu neutron-server[131627]: INFO oslo_service.service [None req-87a5d70f-57e7-4848-a645-171d78a84dd3 None None] Starting 1 workers
May 19 20:22:44 ubuntu neutron-server[131851]: DEBUG neutron.service [None req-87a5d70f-57e7-4848-a645-171d78a84dd3 None None] calling RpcWorker wait() {{(pid=131851) _wait /opt/stack/neutron/neutron/service.py:128}}
May 19 20:22:44 ubuntu neutron-server[131851]: DEBUG neutron.service [None req-87a5d70f-57e7-4848-a645-171d78a84dd3 None None] returning from RpcWorker wait() {{(pid=131851) _wait /opt/stack/neutron/neutron/service.py:135}}
May 19 20:22:44 ubuntu neutron-server[131627]: DEBUG oslo_service.service [None req-87a5d70f-57e7-4848-a645-171d78a84dd3 None None] Started child 131852 {{(pid=131627) _start_child /usr/local/lib/python3.8/dist-packages/oslo_service/service.py:575}}
May 19 20:22:44 ubuntu neutron-server[131627]: INFO oslo_service.service [None req-87a5d70f-57e7-4848-a645-171d78a84dd3 None None] Starting 1 workers
May 19 20:22:44 ubuntu neutron-server[131851]: DEBUG neutron_lib.callbacks.manager [-] Publish callbacks ['neutron.plugins.ml2.drivers.ovn.mech_driver.mech_driver.OVNMechanismDriver.post_fork_initialize-1888639'] for process (None), after_init {{(pid=131851) _notify_loop /usr/local/lib/python3.8/dist-packages/neutron_lib/callbacks/manager.py:176}}
May 19 20:22:44 ubuntu neutron-server[131851]: INFO neutron.plugins.ml2.drivers.ovn.mech_driver.ovsdb.impl_idl_ovn [-] Getting OvsdbNbOvnIdl for RpcWorker with retry
May 19 20:22:44 ubuntu neutron-server[131849]: DEBUG neutron.common.ovn.hash_ring_manager [None req-0f2eb60d-9b73-4c02-b988-e658b3909772 None None] Allow caching, nodes 2>=2 {{(pid=131849) _wait_startup_before_caching /opt/stack/neutron/neutron/common/ovn/hash_ring_manager.py:60}}
May 19 20:22:44 ubuntu neutron-server[131627]: DEBUG oslo_service.service [None req-87a5d70f-57e7-4848-a645-171d78a84dd3 None None] Started child 131853 {{(pid=131627) _start_child /usr/local/lib/python3.8/dist-packages/oslo_service/service.py:575}}
May 19 20:22:44 ubuntu neutron-server[131627]: DEBUG neutron_lib.callbacks.manager [None req-87a5d70f-57e7-4848-a645-171d78a84dd3 None None] Publish callbacks [] for process (None), after_spawn {{(pid=131627) _notify_loop /usr/local/lib/python3.8/dist-packages/neutron_lib/callbacks/manager.py:176}}
May 19 20:22:44 ubuntu neutron-server[131852]: DEBUG neutron_lib.callbacks.manager [-] Publish callbacks ['neutron.plugins.ml2.drivers.ovn.mech_driver.mech_driver.OVNMechanismDriver.post_fork_initialize-1888639'] for process (None), after_init {{(pid=131852) _notify_loop /usr/local/lib/python3.8/dist-packages/neutron_lib/callbacks/manager.py:176}}
May 19 20:22:44 ubuntu neutron-server[131627]: DEBUG oslo_service.service [-] Full set of CONF: {{(pid=131627) wait /usr/local/lib/python3.8/dist-packages/oslo_service/service.py:649}}
May 19 20:22:44 ubuntu neutron-server[131627]: DEBUG oslo_service.service [-] ******************************************************************************** {{(pid=131627) log_opt_values /usr/local/lib/python3.8/dist-packages/oslo_config/cfg.py:2589}}
May 19 20:22:44 ubuntu neutron-server[131627]: DEBUG oslo_service.service [-] Configuration options gathered from: {{(pid=131627) log_opt_values /usr/local/lib/python3.8/dist-packages/oslo_config/cfg.py:2590}}
May 19 20:22:44 ubuntu neutron-server[131627]: DEBUG oslo_service.service [-] command line args: ['--config-file', '/etc/neutron/neutron.conf', '--config-file', '/etc/neutron/plugins/ml2/ml2_conf.ini'] {{(pid=131627) log_opt_values /usr/local/lib/python3.8/dist-packages/oslo_config/cfg.py:2591}}
