Jul 07 15:34:25 ubuntu neutron-server[118720]: DEBUG neutron.api.extensions [None req-4ef73f7f-59ca-4d28-b517-999911edac01 None None] Ext name="Trunk port details" alias="trunk-details" description="Expose trunk port details" updated="2016-01-01T10:00:00-00:00" {{(pid=118720) _check_extension /opt/stack/neutron/neutron/api/extensions.py:416}}
Jul 07 15:34:25 ubuntu neutron-server[118720]: INFO neutron.api.extensions [None req-4ef73f7f-59ca-4d28-b517-999911edac01 None None] Extension trunk-details not supported by any of loaded plugins
Jul 07 15:34:25 ubuntu neutron-server[118720]: DEBUG neutron.api.extensions [None req-4ef73f7f-59ca-4d28-b517-999911edac01 None None] Loading extension file: uplink_status_propagation.py {{(pid=118720) _load_all_extensions_from_path /opt/stack/neutron/neutron/api/extensions.py:450}}
Jul 07 15:34:25 ubuntu neutron-server[118720]: DEBUG neutron.api.extensions [None req-4ef73f7f-59ca-4d28-b517-999911edac01 None None] Ext name="Uplink status propagation extension" alias="uplink-status-propagation" description="Provides ability to propagate port uplink status." updated="2018-05-31T18:00:00-00:00" {{(pid=118720) _check_extension /opt/stack/neutron/neutron/api/extensions.py:416}}
Jul 07 15:34:25 ubuntu neutron-server[118720]: INFO neutron.api.extensions [None req-4ef73f7f-59ca-4d28-b517-999911edac01 None None] Extension uplink-status-propagation not supported by any of loaded plugins
Jul 07 15:34:25 ubuntu neutron-server[118720]: DEBUG neutron.api.extensions [None req-4ef73f7f-59ca-4d28-b517-999911edac01 None None] Loading extension file: vlantransparent.py {{(pid=118720) _load_all_extensions_from_path /opt/stack/neutron/neutron/api/extensions.py:450}}
Jul 07 15:34:25 ubuntu neutron-server[118720]: DEBUG neutron.api.extensions [None req-4ef73f7f-59ca-4d28-b517-999911edac01 None None] Ext name="Vlantransparent" alias="vlan-transparent" description="Provides Vlan Transparent Networks" updated="2015-03-23T09:00:00-00:00" {{(pid=118720) _check_extension /opt/stack/neutron/neutron/api/extensions.py:416}}
Jul 07 15:34:25 ubuntu neutron-server[118720]: INFO neutron.api.extensions [None req-4ef73f7f-59ca-4d28-b517-999911edac01 None None] Extension vlan-transparent not supported by any of loaded plugins
Jul 07 15:34:25 ubuntu neutron-server[118720]: INFO neutron.quota.resource_registry [None req-4ef73f7f-59ca-4d28-b517-999911edac01 None None] Creating instance of TrackedResource for resource:network
Jul 07 15:34:25 ubuntu neutron-server[118720]: INFO neutron.quota.resource_registry [None req-4ef73f7f-59ca-4d28-b517-999911edac01 None None] Creating instance of TrackedResource for resource:subnet
Jul 07 15:34:25 ubuntu neutron-server[118720]: INFO neutron.quota.resource_registry [None req-4ef73f7f-59ca-4d28-b517-999911edac01 None None] Creating instance of TrackedResource for resource:subnetpool
Jul 07 15:34:25 ubuntu neutron-server[118720]: INFO neutron.quota.resource_registry [None req-4ef73f7f-59ca-4d28-b517-999911edac01 None None] Creating instance of TrackedResource for resource:port
Jul 07 15:34:25 ubuntu neutron-server[118720]: DEBUG neutron.api.v2.resource_helper [None req-4ef73f7f-59ca-4d28-b517-999911edac01 None None] Service FLAVORS assigned prefix:  {{(pid=118720) build_resource_info /opt/stack/neutron/neutron/api/v2/resource_helper.py:77}}
Jul 07 15:34:25 ubuntu neutron-server[118720]: DEBUG neutron.api.v2.resource_helper [None req-4ef73f7f-59ca-4d28-b517-999911edac01 None None] Service L3_ROUTER_NAT assigned prefix:  {{(pid=118720) build_resource_info /opt/stack/neutron/neutron/api/v2/resource_helper.py:77}}
Jul 07 15:34:25 ubuntu neutron-server[118720]: DEBUG neutron.api.v2.resource_helper [None req-4ef73f7f-59ca-4d28-b517-999911edac01 None None] Service L3_ROUTER_NAT assigned prefix:  {{(pid=118720) build_resource_info /opt/stack/neutron/neutron/api/v2/resource_helper.py:77}}
Jul 07 15:34:25 ubuntu neutron-server[118720]: INFO neutron.quota.resource_registry [None req-4ef73f7f-59ca-4d28-b517-999911edac01 None None] Creating instance of TrackedResource for resource:router
Jul 07 15:34:25 ubuntu neutron-server[118720]: INFO neutron.quota.resource_registry [None req-4ef73f7f-59ca-4d28-b517-999911edac01 None None] Creating instance of TrackedResource for resource:floatingip
Jul 07 15:34:25 ubuntu neutron-server[118720]: DEBUG neutron_lib.callbacks.manager [None req-4ef73f7f-59ca-4d28-b517-999911edac01 None None] Subscribe: <bound method NeutronDbPluginV2.validate_network_rbac_policy_change of <neutron.services.network_ip_availability.plugin.NetworkIPAvailabilityPlugin object at 0x7f8d1c789370>> rbac-policy before_create 55550000 {{(pid=118720) subscribe /usr/local/lib/python3.8/dist-packages/neutron_lib/callbacks/manager.py:45}}
Jul 07 15:34:25 ubuntu neutron-server[118720]: DEBUG neutron_lib.callbacks.manager [None req-4ef73f7f-59ca-4d28-b517-999911edac01 None None] Subscribe: <bound method NeutronDbPluginV2.validate_network_rbac_policy_change of <neutron.services.network_ip_availability.plugin.NetworkIPAvailabilityPlugin object at 0x7f8d1c789370>> rbac-policy before_update 55550000 {{(pid=118720) subscribe /usr/local/lib/python3.8/dist-packages/neutron_lib/callbacks/manager.py:45}}
Jul 07 15:34:25 ubuntu neutron-server[118720]: DEBUG neutron_lib.callbacks.manager [None req-4ef73f7f-59ca-4d28-b517-999911edac01 None None] Subscribe: <bound method NeutronDbPluginV2.validate_network_rbac_policy_change of <neutron.services.network_ip_availability.plugin.NetworkIPAvailabilityPlugin object at 0x7f8d1c789370>> rbac-policy before_delete 55550000 {{(pid=118720) subscribe /usr/local/lib/python3.8/dist-packages/neutron_lib/callbacks/manager.py:45}}
Jul 07 15:34:25 ubuntu neutron-server[118720]: INFO neutron.quota.resource_registry [None req-4ef73f7f-59ca-4d28-b517-999911edac01 None None] Creating instance of CountableResource for resource:rbac_policy
Jul 07 15:34:25 ubuntu neutron-server[118720]: INFO neutron.quota.resource_registry [None req-4ef73f7f-59ca-4d28-b517-999911edac01 None None] Creating instance of TrackedResource for resource:security_group
Jul 07 15:34:25 ubuntu neutron-server[118720]: INFO neutron.quota.resource_registry [None req-4ef73f7f-59ca-4d28-b517-999911edac01 None None] Creating instance of TrackedResource for resource:security_group_rule
Jul 07 15:34:25 ubuntu neutron-server[118720]: DEBUG neutron.api.v2.resource_helper [None req-4ef73f7f-59ca-4d28-b517-999911edac01 None None] Service FLAVORS assigned prefix:  {{(pid=118720) build_resource_info /opt/stack/neutron/neutron/api/v2/resource_helper.py:77}}
Jul 07 15:34:25 ubuntu neutron-server[118720]: DEBUG neutron.api.v2.resource_helper [None req-4ef73f7f-59ca-4d28-b517-999911edac01 None None] Service L3_ROUTER_NAT assigned prefix:  {{(pid=118720) build_resource_info /opt/stack/neutron/neutron/api/v2/resource_helper.py:77}}
Jul 07 15:34:25 ubuntu neutron-server[118720]: DEBUG neutron.api.v2.resource_helper [None req-4ef73f7f-59ca-4d28-b517-999911edac01 None None] Service L3_ROUTER_NAT assigned prefix:  {{(pid=118720) build_resource_info /opt/stack/neutron/neutron/api/v2/resource_helper.py:77}}
Jul 07 15:34:25 ubuntu neutron-server[118720]: INFO neutron.quota.resource_registry [None req-4ef73f7f-59ca-4d28-b517-999911edac01 None None] Creating instance of TrackedResource for resource:router
Jul 07 15:34:25 ubuntu neutron-server[118720]: WARNING neutron.quota.resource_registry [None req-4ef73f7f-59ca-4d28-b517-999911edac01 None None] router is already registered
Jul 07 15:34:25 ubuntu neutron-server[118720]: INFO neutron.quota.resource_registry [None req-4ef73f7f-59ca-4d28-b517-999911edac01 None None] Creating instance of TrackedResource for resource:floatingip
Jul 07 15:34:25 ubuntu neutron-server[118720]: WARNING neutron.quota.resource_registry [None req-4ef73f7f-59ca-4d28-b517-999911edac01 None None] floatingip is already registered
Jul 07 15:34:25 ubuntu neutron-server[118720]: INFO neutron.quota.resource_registry [None req-4ef73f7f-59ca-4d28-b517-999911edac01 None None] Creating instance of CountableResource for resource:rbac_policy
Jul 07 15:34:25 ubuntu neutron-server[118720]: WARNING neutron.quota.resource_registry [None req-4ef73f7f-59ca-4d28-b517-999911edac01 None None] rbac_policy is already registered
Jul 07 15:34:25 ubuntu neutron-server[118720]: INFO neutron.quota.resource_registry [None req-4ef73f7f-59ca-4d28-b517-999911edac01 None None] Creating instance of TrackedResource for resource:security_group
Jul 07 15:34:25 ubuntu neutron-server[118720]: WARNING neutron.quota.resource_registry [None req-4ef73f7f-59ca-4d28-b517-999911edac01 None None] security_group is already registered
Jul 07 15:34:25 ubuntu neutron-server[118720]: INFO neutron.quota.resource_registry [None req-4ef73f7f-59ca-4d28-b517-999911edac01 None None] Creating instance of TrackedResource for resource:security_group_rule
Jul 07 15:34:25 ubuntu neutron-server[118720]: WARNING neutron.quota.resource_registry [None req-4ef73f7f-59ca-4d28-b517-999911edac01 None None] security_group_rule is already registered
Jul 07 15:34:25 ubuntu neutron-server[118720]: DEBUG neutron.api.extensions [None req-4ef73f7f-59ca-4d28-b517-999911edac01 None None] Extended resource: extensions {{(pid=118720) __init__ /opt/stack/neutron/neutron/api/extensions.py:157}}
Jul 07 15:34:25 ubuntu neutron-server[118720]: DEBUG neutron.api.extensions [None req-4ef73f7f-59ca-4d28-b517-999911edac01 None None] Extended resource: address-groups {{(pid=118720) __init__ /opt/stack/neutron/neutron/api/extensions.py:157}}
Jul 07 15:34:25 ubuntu neutron-server[118720]: DEBUG neutron.api.extensions [None req-4ef73f7f-59ca-4d28-b517-999911edac01 None None] Extended resource: address-scopes {{(pid=118720) __init__ /opt/stack/neutron/neutron/api/extensions.py:157}}
Jul 07 15:34:25 ubuntu neutron-server[118720]: DEBUG neutron.api.extensions [None req-4ef73f7f-59ca-4d28-b517-999911edac01 None None] Extended resource: agents {{(pid=118720) __init__ /opt/stack/neutron/neutron/api/extensions.py:157}}
Jul 07 15:34:25 ubuntu neutron-server[118720]: DEBUG neutron.api.extensions [None req-4ef73f7f-59ca-4d28-b517-999911edac01 None None] Extended resource: auto-allocated-topology {{(pid=118720) __init__ /opt/stack/neutron/neutron/api/extensions.py:157}}
Jul 07 15:34:25 ubuntu neutron-server[118720]: DEBUG neutron.api.extensions [None req-4ef73f7f-59ca-4d28-b517-999911edac01 None None] Extended resource: availability_zones {{(pid=118720) __init__ /opt/stack/neutron/neutron/api/extensions.py:157}}
Jul 07 15:34:25 ubuntu neutron-server[118720]: DEBUG neutron.api.extensions [None req-4ef73f7f-59ca-4d28-b517-999911edac01 None None] Extended resource: flavors {{(pid=118720) __init__ /opt/stack/neutron/neutron/api/extensions.py:157}}
Jul 07 15:34:25 ubuntu neutron-server[118720]: DEBUG neutron.api.extensions [None req-4ef73f7f-59ca-4d28-b517-999911edac01 None None] Extended resource: service_profiles {{(pid=118720) __init__ /opt/stack/neutron/neutron/api/extensions.py:157}}
Jul 07 15:34:25 ubuntu neutron-server[118720]: DEBUG neutron.api.extensions [None req-4ef73f7f-59ca-4d28-b517-999911edac01 None None] Extended resource: next_providers {{(pid=118720) __init__ /opt/stack/neutron/neutron/api/extensions.py:157}}
Jul 07 15:34:25 ubuntu neutron-server[118720]: DEBUG neutron.api.extensions [None req-4ef73f7f-59ca-4d28-b517-999911edac01 None None] Extended resource: service_profiles {{(pid=118720) __init__ /opt/stack/neutron/neutron/api/extensions.py:157}}
Jul 07 15:34:25 ubuntu neutron-server[118720]: DEBUG neutron.api.extensions [None req-4ef73f7f-59ca-4d28-b517-999911edac01 None None] Extended resource: floatingip-pools {{(pid=118720) __init__ /opt/stack/neutron/neutron/api/extensions.py:157}}
Jul 07 15:34:25 ubuntu neutron-server[118720]: DEBUG neutron.api.extensions [None req-4ef73f7f-59ca-4d28-b517-999911edac01 None None] Extended resource: routers {{(pid=118720) __init__ /opt/stack/neutron/neutron/api/extensions.py:157}}
Jul 07 15:34:25 ubuntu neutron-server[118720]: DEBUG neutron.api.extensions [None req-4ef73f7f-59ca-4d28-b517-999911edac01 None None] Extended resource: floatingips {{(pid=118720) __init__ /opt/stack/neutron/neutron/api/extensions.py:157}}
Jul 07 15:34:25 ubuntu neutron-server[118720]: DEBUG neutron.api.extensions [None req-4ef73f7f-59ca-4d28-b517-999911edac01 None None] Extended resource: network-ip-availabilities {{(pid=118720) __init__ /opt/stack/neutron/neutron/api/extensions.py:157}}
Jul 07 15:34:25 ubuntu neutron-server[118720]: DEBUG neutron.api.extensions [None req-4ef73f7f-59ca-4d28-b517-999911edac01 None None] Extended resource: bindings {{(pid=118720) __init__ /opt/stack/neutron/neutron/api/extensions.py:157}}
Jul 07 15:34:25 ubuntu neutron-server[118720]: DEBUG neutron.api.extensions [None req-4ef73f7f-59ca-4d28-b517-999911edac01 None None] Extended resource: quotas {{(pid=118720) __init__ /opt/stack/neutron/neutron/api/extensions.py:157}}
Jul 07 15:34:25 ubuntu neutron-server[118720]: DEBUG neutron.api.extensions [None req-4ef73f7f-59ca-4d28-b517-999911edac01 None None] Extended resource: quotas {{(pid=118720) __init__ /opt/stack/neutron/neutron/api/extensions.py:157}}
Jul 07 15:34:25 ubuntu neutron-server[118720]: DEBUG neutron.api.extensions [None req-4ef73f7f-59ca-4d28-b517-999911edac01 None None] Extended resource: rbac-policies {{(pid=118720) __init__ /opt/stack/neutron/neutron/api/extensions.py:157}}
Jul 07 15:34:25 ubuntu neutron-server[118720]: DEBUG neutron.api.extensions [None req-4ef73f7f-59ca-4d28-b517-999911edac01 None None] Extended resource: security-groups {{(pid=118720) __init__ /opt/stack/neutron/neutron/api/extensions.py:157}}
Jul 07 15:34:25 ubuntu neutron-server[118720]: DEBUG neutron.api.extensions [None req-4ef73f7f-59ca-4d28-b517-999911edac01 None None] Extended resource: security-group-rules {{(pid=118720) __init__ /opt/stack/neutron/neutron/api/extensions.py:157}}
Jul 07 15:34:25 ubuntu neutron-server[118720]: DEBUG neutron.api.extensions [None req-4ef73f7f-59ca-4d28-b517-999911edac01 None None] Extended resource: service-providers {{(pid=118720) __init__ /opt/stack/neutron/neutron/api/extensions.py:157}}
Jul 07 15:34:25 ubuntu neutron-server[118720]: DEBUG neutron.api.extensions [None req-4ef73f7f-59ca-4d28-b517-999911edac01 None None] Extended resource: tags {{(pid=118720) __init__ /opt/stack/neutron/neutron/api/extensions.py:157}}
Jul 07 15:34:25 ubuntu neutron-server[118720]: DEBUG neutron.api.extensions [None req-4ef73f7f-59ca-4d28-b517-999911edac01 None None] Extended resource: tags {{(pid=118720) __init__ /opt/stack/neutron/neutron/api/extensions.py:157}}
Jul 07 15:34:25 ubuntu neutron-server[118720]: DEBUG neutron.api.extensions [None req-4ef73f7f-59ca-4d28-b517-999911edac01 None None] Extended resource: tags {{(pid=118720) __init__ /opt/stack/neutron/neutron/api/extensions.py:157}}
Jul 07 15:34:25 ubuntu neutron-server[118720]: DEBUG neutron.api.extensions [None req-4ef73f7f-59ca-4d28-b517-999911edac01 None None] Extended resource: tags {{(pid=118720) __init__ /opt/stack/neutron/neutron/api/extensions.py:157}}
Jul 07 15:34:25 ubuntu neutron-server[118720]: DEBUG neutron.api.extensions [None req-4ef73f7f-59ca-4d28-b517-999911edac01 None None] Extended resource: tags {{(pid=118720) __init__ /opt/stack/neutron/neutron/api/extensions.py:157}}
Jul 07 15:34:25 ubuntu neutron-server[118720]: DEBUG neutron.api.extensions [None req-4ef73f7f-59ca-4d28-b517-999911edac01 None None] Extended resource: tags {{(pid=118720) __init__ /opt/stack/neutron/neutron/api/extensions.py:157}}
Jul 07 15:34:25 ubuntu neutron-server[118720]: DEBUG neutron.api.extensions [None req-4ef73f7f-59ca-4d28-b517-999911edac01 None None] Extended resource: tags {{(pid=118720) __init__ /opt/stack/neutron/neutron/api/extensions.py:157}}
Jul 07 15:34:25 ubuntu neutron-server[118720]: DEBUG neutron.api.extensions [None req-4ef73f7f-59ca-4d28-b517-999911edac01 None None] Extended resource: tags {{(pid=118720) __init__ /opt/stack/neutron/neutron/api/extensions.py:157}}
Jul 07 15:34:25 ubuntu neutron-server[118720]: DEBUG neutron.api.extensions [None req-4ef73f7f-59ca-4d28-b517-999911edac01 None None] Extended resource: tags {{(pid=118720) __init__ /opt/stack/neutron/neutron/api/extensions.py:157}}
Jul 07 15:34:25 ubuntu neutron-server[118720]: DEBUG neutron.api.extensions [None req-4ef73f7f-59ca-4d28-b517-999911edac01 None None] Extended resource: tags {{(pid=118720) __init__ /opt/stack/neutron/neutron/api/extensions.py:157}}
Jul 07 15:34:25 ubuntu neutron-server[118720]: WARNING keystonemiddleware.auth_token [None req-4ef73f7f-59ca-4d28-b517-999911edac01 None None] AuthToken middleware is set with keystone_authtoken.service_token_roles_required set to False. This is backwards compatible but deprecated behaviour. Please set this to True.
Jul 07 15:34:25 ubuntu neutron-server[118720]: WARNING keystonemiddleware.auth_token [None req-4ef73f7f-59ca-4d28-b517-999911edac01 None None] Configuring www_authenticate_uri to point to the public identity endpoint is required; clients may not be able to authenticate against an admin endpoint
Jul 07 15:34:25 ubuntu neutron-server[118720]: DEBUG oslo_concurrency.lockutils [None req-4ef73f7f-59ca-4d28-b517-999911edac01 None None] Acquired lock "singleton_lock" {{(pid=118720) lock /usr/local/lib/python3.8/dist-packages/oslo_concurrency/lockutils.py:294}}
Jul 07 15:34:25 ubuntu neutron-server[118720]: DEBUG oslo_concurrency.lockutils [None req-4ef73f7f-59ca-4d28-b517-999911edac01 None None] Releasing lock "singleton_lock" {{(pid=118720) lock /usr/local/lib/python3.8/dist-packages/oslo_concurrency/lockutils.py:312}}
Jul 07 15:34:25 ubuntu neutron-server[118720]: INFO oslo_service.service [None req-4ef73f7f-59ca-4d28-b517-999911edac01 None None] Starting 2 workers
Jul 07 15:34:25 ubuntu neutron-server[118720]: DEBUG oslo_service.service [None req-4ef73f7f-59ca-4d28-b517-999911edac01 None None] Started child 118933 {{(pid=118720) _start_child /usr/local/lib/python3.8/dist-packages/oslo_service/service.py:575}}
Jul 07 15:34:25 ubuntu neutron-server[118720]: DEBUG oslo_service.service [None req-4ef73f7f-59ca-4d28-b517-999911edac01 None None] Started child 118934 {{(pid=118720) _start_child /usr/local/lib/python3.8/dist-packages/oslo_service/service.py:575}}
Jul 07 15:34:25 ubuntu neutron-server[118720]: INFO neutron.service [None req-4ef73f7f-59ca-4d28-b517-999911edac01 None None] Neutron service started, listening on 0.0.0.0:9696
Jul 07 15:34:25 ubuntu neutron-server[118720]: DEBUG neutron_lib.callbacks.manager [None req-4ef73f7f-59ca-4d28-b517-999911edac01 None None] Publish callbacks ['neutron.plugins.ml2.drivers.ovn.mech_driver.mech_driver.OVNMechanismDriver.pre_fork_initialize-752537'] for process (None), before_spawn {{(pid=118720) _notify_loop /usr/local/lib/python3.8/dist-packages/neutron_lib/callbacks/manager.py:176}}
Jul 07 15:34:25 ubuntu neutron-server[118933]: DEBUG neutron_lib.callbacks.manager [-] Publish callbacks ['neutron.plugins.ml2.drivers.ovn.mech_driver.mech_driver.OVNMechanismDriver.post_fork_initialize-749937'] for process (None), after_init {{(pid=118933) _notify_loop /usr/local/lib/python3.8/dist-packages/neutron_lib/callbacks/manager.py:176}}
Jul 07 15:34:25 ubuntu neutron-server[118934]: DEBUG neutron_lib.callbacks.manager [-] Publish callbacks ['neutron.plugins.ml2.drivers.ovn.mech_driver.mech_driver.OVNMechanismDriver.post_fork_initialize-749937'] for process (None), after_init {{(pid=118934) _notify_loop /usr/local/lib/python3.8/dist-packages/neutron_lib/callbacks/manager.py:176}}
Jul 07 15:34:25 ubuntu neutron-server[118933]: DEBUG dbcounter [-] [118933] Writer thread running {{(pid=118933) stat_writer /usr/local/lib/python3.8/dist-packages/dbcounter.py:99}}
Jul 07 15:34:25 ubuntu neutron-server[118934]: DEBUG dbcounter [-] [118934] Writer thread running {{(pid=118934) stat_writer /usr/local/lib/python3.8/dist-packages/dbcounter.py:99}}
Jul 07 15:34:25 ubuntu neutron-server[118720]: DEBUG ovsdbapp.backend.ovs_idl [None req-4ef73f7f-59ca-4d28-b517-999911edac01 None None] Created schema index Port_Group.name {{(pid=118720) autocreate_indices /usr/local/lib/python3.8/dist-packages/ovsdbapp/backend/ovs_idl/__init__.py:104}}
Jul 07 15:34:25 ubuntu neutron-server[118720]: DEBUG ovsdbapp.backend.ovs_idl [None req-4ef73f7f-59ca-4d28-b517-999911edac01 None None] Created schema index Logical_Switch_Port.name {{(pid=118720) autocreate_indices /usr/local/lib/python3.8/dist-packages/ovsdbapp/backend/ovs_idl/__init__.py:104}}
Jul 07 15:34:25 ubuntu neutron-server[118933]: INFO neutron.plugins.ml2.drivers.ovn.mech_driver.ovsdb.impl_idl_ovn [None req-0f898ed6-8389-4a37-a63c-15a35eacc28e None None] Getting OvsdbNbOvnIdl for WorkerService with retry
Jul 07 15:34:25 ubuntu neutron-server[118934]: INFO neutron.plugins.ml2.drivers.ovn.mech_driver.ovsdb.impl_idl_ovn [None req-a52b2e2c-4f68-496f-9bd7-1dc27b3797b2 None None] Getting OvsdbNbOvnIdl for WorkerService with retry
Jul 07 15:34:25 ubuntu neutron-server[118720]: DEBUG ovsdbapp.backend.ovs_idl.transaction [-] Running txn n=1 command(idx=0): PgAddCommand(name=neutron_pg_drop, may_exist=True, columns={'acls': []}) {{(pid=118720) do_commit /usr/local/lib/python3.8/dist-packages/ovsdbapp/backend/ovs_idl/transaction.py:90}}
Jul 07 15:34:25 ubuntu neutron-server[118720]: DEBUG ovsdbapp.backend.ovs_idl.transaction [-] Running txn n=1 command(idx=1): PgAclAddCommand(entity=neutron_pg_drop, direction=from-lport, priority=1001, match=inport == @neutron_pg_drop && ip, action=drop, log=False, may_exist=True, severity=[], name=[], meter=None, external_ids={}) {{(pid=118720) do_commit /usr/local/lib/python3.8/dist-packages/ovsdbapp/backend/ovs_idl/transaction.py:90}}
Jul 07 15:34:25 ubuntu neutron-server[118720]: DEBUG ovsdbapp.backend.ovs_idl.transaction [-] Running txn n=1 command(idx=2): PgAclAddCommand(entity=neutron_pg_drop, direction=to-lport, priority=1001, match=outport == @neutron_pg_drop && ip, action=drop, log=False, may_exist=True, severity=[], name=[], meter=None, external_ids={}) {{(pid=118720) do_commit /usr/local/lib/python3.8/dist-packages/ovsdbapp/backend/ovs_idl/transaction.py:90}}
Jul 07 15:34:25 ubuntu neutron-server[118720]: DEBUG ovsdbapp.backend.ovs_idl.event [-] Matched CREATE: NeutronPgDropPortGroupCreated(events=('create',), table='Port_Group', conditions=(('name', '=', 'neutron_pg_drop'),), old_conditions=None), priority=10 to row=Port_Group(name=neutron_pg_drop, ports=[], external_ids={}, acls=[<ovs.db.idl.Row object at 0x7f8d1c0acd00>, <ovs.db.idl.Row object at 0x7f8d1c0a8250>]) old= {{(pid=118720) matches /usr/local/lib/python3.8/dist-packages/ovsdbapp/backend/ovs_idl/event.py:43}}
Jul 07 15:34:25 ubuntu neutron-server[118933]: DEBUG ovsdbapp.backend.ovs_idl [None req-0f898ed6-8389-4a37-a63c-15a35eacc28e None None] Created lookup_table index Logical_Switch.name {{(pid=118933) autocreate_indices /usr/local/lib/python3.8/dist-packages/ovsdbapp/backend/ovs_idl/__init__.py:85}}
Jul 07 15:34:25 ubuntu neutron-server[118933]: DEBUG ovsdbapp.backend.ovs_idl [None req-0f898ed6-8389-4a37-a63c-15a35eacc28e None None] Created lookup_table index Logical_Router.name {{(pid=118933) autocreate_indices /usr/local/lib/python3.8/dist-packages/ovsdbapp/backend/ovs_idl/__init__.py:85}}
Jul 07 15:34:25 ubuntu neutron-server[118933]: DEBUG ovsdbapp.backend.ovs_idl [None req-0f898ed6-8389-4a37-a63c-15a35eacc28e None None] Created lookup_table index Load_Balancer.name {{(pid=118933) autocreate_indices /usr/local/lib/python3.8/dist-packages/ovsdbapp/backend/ovs_idl/__init__.py:85}}
Jul 07 15:34:25 ubuntu neutron-server[118933]: DEBUG ovsdbapp.backend.ovs_idl [None req-0f898ed6-8389-4a37-a63c-15a35eacc28e None None] Created schema index Meter.name {{(pid=118933) autocreate_indices /usr/local/lib/python3.8/dist-packages/ovsdbapp/backend/ovs_idl/__init__.py:104}}
Jul 07 15:34:25 ubuntu neutron-server[118933]: DEBUG ovsdbapp.backend.ovs_idl [None req-0f898ed6-8389-4a37-a63c-15a35eacc28e None None] Created schema index Address_Set.name {{(pid=118933) autocreate_indices /usr/local/lib/python3.8/dist-packages/ovsdbapp/backend/ovs_idl/__init__.py:104}}
Jul 07 15:34:25 ubuntu neutron-server[118933]: DEBUG ovsdbapp.backend.ovs_idl [None req-0f898ed6-8389-4a37-a63c-15a35eacc28e None None] Created schema index HA_Chassis_Group.name {{(pid=118933) autocreate_indices /usr/local/lib/python3.8/dist-packages/ovsdbapp/backend/ovs_idl/__init__.py:104}}
Jul 07 15:34:25 ubuntu neutron-server[118933]: DEBUG ovsdbapp.backend.ovs_idl [None req-0f898ed6-8389-4a37-a63c-15a35eacc28e None None] Created schema index Connection.target {{(pid=118933) autocreate_indices /usr/local/lib/python3.8/dist-packages/ovsdbapp/backend/ovs_idl/__init__.py:104}}
Jul 07 15:34:25 ubuntu neutron-server[118933]: DEBUG ovsdbapp.backend.ovs_idl [None req-0f898ed6-8389-4a37-a63c-15a35eacc28e None None] Created schema index Gateway_Chassis.name {{(pid=118933) autocreate_indices /usr/local/lib/python3.8/dist-packages/ovsdbapp/backend/ovs_idl/__init__.py:104}}
Jul 07 15:34:25 ubuntu neutron-server[118933]: DEBUG ovsdbapp.backend.ovs_idl [None req-0f898ed6-8389-4a37-a63c-15a35eacc28e None None] Created schema index Logical_Router_Port.name {{(pid=118933) autocreate_indices /usr/local/lib/python3.8/dist-packages/ovsdbapp/backend/ovs_idl/__init__.py:104}}
Jul 07 15:34:25 ubuntu neutron-server[118933]: DEBUG ovsdbapp.backend.ovs_idl [None req-0f898ed6-8389-4a37-a63c-15a35eacc28e None None] Created schema index Port_Group.name {{(pid=118933) autocreate_indices /usr/local/lib/python3.8/dist-packages/ovsdbapp/backend/ovs_idl/__init__.py:104}}
Jul 07 15:34:25 ubuntu neutron-server[118933]: DEBUG ovsdbapp.backend.ovs_idl [None req-0f898ed6-8389-4a37-a63c-15a35eacc28e None None] Created schema index Logical_Switch_Port.name {{(pid=118933) autocreate_indices /usr/local/lib/python3.8/dist-packages/ovsdbapp/backend/ovs_idl/__init__.py:104}}
Jul 07 15:34:25 ubuntu neutron-server[118933]: INFO ovsdbapp.backend.ovs_idl.vlog [None req-0f898ed6-8389-4a37-a63c-15a35eacc28e None None] tcp:192.168.79.39:6641: connecting...
Jul 07 15:34:25 ubuntu neutron-server[118933]: INFO ovsdbapp.backend.ovs_idl.vlog [None req-0f898ed6-8389-4a37-a63c-15a35eacc28e None None] tcp:192.168.79.39:6641: connected
Jul 07 15:34:25 ubuntu neutron-server[118934]: DEBUG ovsdbapp.backend.ovs_idl [None req-a52b2e2c-4f68-496f-9bd7-1dc27b3797b2 None None] Created lookup_table index Logical_Switch.name {{(pid=118934) autocreate_indices /usr/local/lib/python3.8/dist-packages/ovsdbapp/backend/ovs_idl/__init__.py:85}}
Jul 07 15:34:25 ubuntu neutron-server[118934]: DEBUG ovsdbapp.backend.ovs_idl [None req-a52b2e2c-4f68-496f-9bd7-1dc27b3797b2 None None] Created lookup_table index Logical_Router.name {{(pid=118934) autocreate_indices /usr/local/lib/python3.8/dist-packages/ovsdbapp/backend/ovs_idl/__init__.py:85}}
Jul 07 15:34:25 ubuntu neutron-server[118934]: DEBUG ovsdbapp.backend.ovs_idl [None req-a52b2e2c-4f68-496f-9bd7-1dc27b3797b2 None None] Created lookup_table index Load_Balancer.name {{(pid=118934) autocreate_indices /usr/local/lib/python3.8/dist-packages/ovsdbapp/backend/ovs_idl/__init__.py:85}}
Jul 07 15:34:25 ubuntu neutron-server[118934]: DEBUG ovsdbapp.backend.ovs_idl [None req-a52b2e2c-4f68-496f-9bd7-1dc27b3797b2 None None] Created schema index Meter.name {{(pid=118934) autocreate_indices /usr/local/lib/python3.8/dist-packages/ovsdbapp/backend/ovs_idl/__init__.py:104}}
Jul 07 15:34:25 ubuntu neutron-server[118934]: DEBUG ovsdbapp.backend.ovs_idl [None req-a52b2e2c-4f68-496f-9bd7-1dc27b3797b2 None None] Created schema index Address_Set.name {{(pid=118934) autocreate_indices /usr/local/lib/python3.8/dist-packages/ovsdbapp/backend/ovs_idl/__init__.py:104}}
Jul 07 15:34:25 ubuntu neutron-server[118934]: DEBUG ovsdbapp.backend.ovs_idl [None req-a52b2e2c-4f68-496f-9bd7-1dc27b3797b2 None None] Created schema index HA_Chassis_Group.name {{(pid=118934) autocreate_indices /usr/local/lib/python3.8/dist-packages/ovsdbapp/backend/ovs_idl/__init__.py:104}}
Jul 07 15:34:25 ubuntu neutron-server[118934]: DEBUG ovsdbapp.backend.ovs_idl [None req-a52b2e2c-4f68-496f-9bd7-1dc27b3797b2 None None] Created schema index Connection.target {{(pid=118934) autocreate_indices /usr/local/lib/python3.8/dist-packages/ovsdbapp/backend/ovs_idl/__init__.py:104}}
Jul 07 15:34:25 ubuntu neutron-server[118934]: DEBUG ovsdbapp.backend.ovs_idl [None req-a52b2e2c-4f68-496f-9bd7-1dc27b3797b2 None None] Created schema index Gateway_Chassis.name {{(pid=118934) autocreate_indices /usr/local/lib/python3.8/dist-packages/ovsdbapp/backend/ovs_idl/__init__.py:104}}
Jul 07 15:34:25 ubuntu neutron-server[118720]: DEBUG ovsdbapp.backend.ovs_idl [None req-4ef73f7f-59ca-4d28-b517-999911edac01 None None] Created lookup_table index Logical_Switch.name {{(pid=118720) autocreate_indices /usr/local/lib/python3.8/dist-packages/ovsdbapp/backend/ovs_idl/__init__.py:85}}
Jul 07 15:34:25 ubuntu neutron-server[118720]: DEBUG ovsdbapp.backend.ovs_idl [None req-4ef73f7f-59ca-4d28-b517-999911edac01 None None] Created lookup_table index Logical_Router.name {{(pid=118720) autocreate_indices /usr/local/lib/python3.8/dist-packages/ovsdbapp/backend/ovs_idl/__init__.py:85}}
Jul 07 15:34:25 ubuntu neutron-server[118934]: DEBUG ovsdbapp.backend.ovs_idl [None req-a52b2e2c-4f68-496f-9bd7-1dc27b3797b2 None None] Created schema index Logical_Router_Port.name {{(pid=118934) autocreate_indices /usr/local/lib/python3.8/dist-packages/ovsdbapp/backend/ovs_idl/__init__.py:104}}
Jul 07 15:34:25 ubuntu neutron-server[118720]: DEBUG ovsdbapp.backend.ovs_idl [None req-4ef73f7f-59ca-4d28-b517-999911edac01 None None] Created lookup_table index Load_Balancer.name {{(pid=118720) autocreate_indices /usr/local/lib/python3.8/dist-packages/ovsdbapp/backend/ovs_idl/__init__.py:85}}
Jul 07 15:34:25 ubuntu neutron-server[118720]: DEBUG ovsdbapp.backend.ovs_idl [None req-4ef73f7f-59ca-4d28-b517-999911edac01 None None] Created schema index Meter.name {{(pid=118720) autocreate_indices /usr/local/lib/python3.8/dist-packages/ovsdbapp/backend/ovs_idl/__init__.py:104}}
Jul 07 15:34:25 ubuntu neutron-server[118934]: DEBUG ovsdbapp.backend.ovs_idl [None req-a52b2e2c-4f68-496f-9bd7-1dc27b3797b2 None None] Created schema index Port_Group.name {{(pid=118934) autocreate_indices /usr/local/lib/python3.8/dist-packages/ovsdbapp/backend/ovs_idl/__init__.py:104}}
Jul 07 15:34:25 ubuntu neutron-server[118720]: DEBUG ovsdbapp.backend.ovs_idl [None req-4ef73f7f-59ca-4d28-b517-999911edac01 None None] Created schema index Address_Set.name {{(pid=118720) autocreate_indices /usr/local/lib/python3.8/dist-packages/ovsdbapp/backend/ovs_idl/__init__.py:104}}
Jul 07 15:34:25 ubuntu neutron-server[118720]: DEBUG ovsdbapp.backend.ovs_idl [None req-4ef73f7f-59ca-4d28-b517-999911edac01 None None] Created schema index HA_Chassis_Group.name {{(pid=118720) autocreate_indices /usr/local/lib/python3.8/dist-packages/ovsdbapp/backend/ovs_idl/__init__.py:104}}
Jul 07 15:34:25 ubuntu neutron-server[118934]: DEBUG ovsdbapp.backend.ovs_idl [None req-a52b2e2c-4f68-496f-9bd7-1dc27b3797b2 None None] Created schema index Logical_Switch_Port.name {{(pid=118934) autocreate_indices /usr/local/lib/python3.8/dist-packages/ovsdbapp/backend/ovs_idl/__init__.py:104}}
Jul 07 15:34:25 ubuntu neutron-server[118720]: DEBUG ovsdbapp.backend.ovs_idl [None req-4ef73f7f-59ca-4d28-b517-999911edac01 None None] Created schema index Connection.target {{(pid=118720) autocreate_indices /usr/local/lib/python3.8/dist-packages/ovsdbapp/backend/ovs_idl/__init__.py:104}}
Jul 07 15:34:25 ubuntu neutron-server[118720]: DEBUG ovsdbapp.backend.ovs_idl [None req-4ef73f7f-59ca-4d28-b517-999911edac01 None None] Created schema index Gateway_Chassis.name {{(pid=118720) autocreate_indices /usr/local/lib/python3.8/dist-packages/ovsdbapp/backend/ovs_idl/__init__.py:104}}
Jul 07 15:34:25 ubuntu neutron-server[118720]: DEBUG ovsdbapp.backend.ovs_idl [None req-4ef73f7f-59ca-4d28-b517-999911edac01 None None] Created schema index Logical_Router_Port.name {{(pid=118720) autocreate_indices /usr/local/lib/python3.8/dist-packages/ovsdbapp/backend/ovs_idl/__init__.py:104}}
Jul 07 15:34:25 ubuntu neutron-server[118720]: DEBUG ovsdbapp.backend.ovs_idl [None req-4ef73f7f-59ca-4d28-b517-999911edac01 None None] Created schema index Port_Group.name {{(pid=118720) autocreate_indices /usr/local/lib/python3.8/dist-packages/ovsdbapp/backend/ovs_idl/__init__.py:104}}
Jul 07 15:34:25 ubuntu neutron-server[118720]: DEBUG ovsdbapp.backend.ovs_idl [None req-4ef73f7f-59ca-4d28-b517-999911edac01 None None] Created schema index Logical_Switch_Port.name {{(pid=118720) autocreate_indices /usr/local/lib/python3.8/dist-packages/ovsdbapp/backend/ovs_idl/__init__.py:104}}
Jul 07 15:34:25 ubuntu neutron-server[118934]: INFO ovsdbapp.backend.ovs_idl.vlog [None req-a52b2e2c-4f68-496f-9bd7-1dc27b3797b2 None None] tcp:192.168.79.39:6641: connecting...
Jul 07 15:34:25 ubuntu neutron-server[118934]: INFO ovsdbapp.backend.ovs_idl.vlog [None req-a52b2e2c-4f68-496f-9bd7-1dc27b3797b2 None None] tcp:192.168.79.39:6641: connected
Jul 07 15:34:25 ubuntu neutron-server[118933]: DEBUG neutron.common.ovn.hash_ring_manager [None req-0f898ed6-8389-4a37-a63c-15a35eacc28e None None] Allow caching, nodes 2>=2 {{(pid=118933) _wait_startup_before_caching /opt/stack/neutron/neutron/common/ovn/hash_ring_manager.py:60}}
Jul 07 15:34:25 ubuntu neutron-server[118934]: DEBUG neutron.common.ovn.hash_ring_manager [None req-a52b2e2c-4f68-496f-9bd7-1dc27b3797b2 None None] Allow caching, nodes 2>=2 {{(pid=118934) _wait_startup_before_caching /opt/stack/neutron/neutron/common/ovn/hash_ring_manager.py:60}}
Jul 07 15:34:25 ubuntu neutron-server[118933]: DEBUG neutron.plugins.ml2.drivers.ovn.mech_driver.ovsdb.ovsdb_monitor [None req-0f898ed6-8389-4a37-a63c-15a35eacc28e None None] Hash Ring: Node 1d90807c-a745-4902-ad11-b217ce7310c5 (host: ubuntu) handling event "create" for row 3ddf60e9-cdcf-40e6-9ac6-5e23c41383e8 (table: Database) {{(pid=118933) notify /opt/stack/neutron/neutron/plugins/ml2/drivers/ovn/mech_driver/ovsdb/ovsdb_monitor.py:743}}
Jul 07 15:34:25 ubuntu neutron-server[118934]: DEBUG neutron.plugins.ml2.drivers.ovn.mech_driver.ovsdb.ovsdb_monitor [None req-a52b2e2c-4f68-496f-9bd7-1dc27b3797b2 None None] Hash Ring: Node 4b04167f-694c-434e-ba8b-06ac29c9b9bd (host: ubuntu) handling event "create" for row f004625d-1973-4ea0-b715-4cd31f041ea3 (table: Database) {{(pid=118934) notify /opt/stack/neutron/neutron/plugins/ml2/drivers/ovn/mech_driver/ovsdb/ovsdb_monitor.py:743}}
Jul 07 15:34:25 ubuntu neutron-server[118933]: INFO neutron.plugins.ml2.drivers.ovn.mech_driver.ovsdb.impl_idl_ovn [None req-0f898ed6-8389-4a37-a63c-15a35eacc28e None None] Getting OvsdbSbOvnIdl for WorkerService with retry
Jul 07 15:34:25 ubuntu neutron-server[118720]: DEBUG ovsdbapp.backend.ovs_idl [None req-4ef73f7f-59ca-4d28-b517-999911edac01 None None] Created lookup_table index Chassis.name {{(pid=118720) autocreate_indices /usr/local/lib/python3.8/dist-packages/ovsdbapp/backend/ovs_idl/__init__.py:85}}
Jul 07 15:34:25 ubuntu neutron-server[118720]: DEBUG ovsdbapp.backend.ovs_idl [None req-4ef73f7f-59ca-4d28-b517-999911edac01 None None] Created lookup_table index MAC_Binding.ip {{(pid=118720) autocreate_indices /usr/local/lib/python3.8/dist-packages/ovsdbapp/backend/ovs_idl/__init__.py:85}}
Jul 07 15:34:25 ubuntu neutron-server[118934]: DEBUG neutron.plugins.ml2.drivers.ovn.mech_driver.ovsdb.ovsdb_monitor [None req-a52b2e2c-4f68-496f-9bd7-1dc27b3797b2 None None] Hash Ring: Node 4b04167f-694c-434e-ba8b-06ac29c9b9bd (host: ubuntu) handling event "create" for row a918c21b-5817-4553-968e-57bada6fe8f4 (table: Port_Group) {{(pid=118934) notify /opt/stack/neutron/neutron/plugins/ml2/drivers/ovn/mech_driver/ovsdb/ovsdb_monitor.py:743}}
Jul 07 15:34:25 ubuntu neutron-server[118720]: DEBUG ovsdbapp.backend.ovs_idl [None req-4ef73f7f-59ca-4d28-b517-999911edac01 None None] Created schema index Meter.name {{(pid=118720) autocreate_indices /usr/local/lib/python3.8/dist-packages/ovsdbapp/backend/ovs_idl/__init__.py:104}}
Jul 07 15:34:25 ubuntu neutron-server[118934]: DEBUG neutron.plugins.ml2.drivers.ovn.mech_driver.ovsdb.ovsdb_monitor [None req-a52b2e2c-4f68-496f-9bd7-1dc27b3797b2 None None] Hash Ring: Node 4b04167f-694c-434e-ba8b-06ac29c9b9bd (host: ubuntu) handling event "create" for row 9b71311d-3735-4261-9513-f5d22d552181 (table: NB_Global) {{(pid=118934) notify /opt/stack/neutron/neutron/plugins/ml2/drivers/ovn/mech_driver/ovsdb/ovsdb_monitor.py:743}}
Jul 07 15:34:25 ubuntu neutron-server[118720]: DEBUG ovsdbapp.backend.ovs_idl [None req-4ef73f7f-59ca-4d28-b517-999911edac01 None None] Created schema index Address_Set.name {{(pid=118720) autocreate_indices /usr/local/lib/python3.8/dist-packages/ovsdbapp/backend/ovs_idl/__init__.py:104}}
Jul 07 15:34:25 ubuntu neutron-server[118934]: DEBUG neutron.plugins.ml2.drivers.ovn.mech_driver.ovsdb.ovsdb_monitor [None req-a52b2e2c-4f68-496f-9bd7-1dc27b3797b2 None None] Hash Ring: Node 4b04167f-694c-434e-ba8b-06ac29c9b9bd (host: ubuntu) handling event "create" for row e59343cb-8332-40c2-8c1d-ceed5dc8d4c4 (table: ACL) {{(pid=118934) notify /opt/stack/neutron/neutron/plugins/ml2/drivers/ovn/mech_driver/ovsdb/ovsdb_monitor.py:743}}
Jul 07 15:34:25 ubuntu neutron-server[118720]: DEBUG ovsdbapp.backend.ovs_idl [None req-4ef73f7f-59ca-4d28-b517-999911edac01 None None] Created schema index HA_Chassis_Group.name {{(pid=118720) autocreate_indices /usr/local/lib/python3.8/dist-packages/ovsdbapp/backend/ovs_idl/__init__.py:104}}
Jul 07 15:34:25 ubuntu neutron-server[118934]: DEBUG neutron.plugins.ml2.drivers.ovn.mech_driver.ovsdb.ovsdb_monitor [None req-a52b2e2c-4f68-496f-9bd7-1dc27b3797b2 None None] Hash Ring: Node 4b04167f-694c-434e-ba8b-06ac29c9b9bd (host: ubuntu) handling event "create" for row b4681923-d4af-42a2-a399-9b7697fe44cb (table: ACL) {{(pid=118934) notify /opt/stack/neutron/neutron/plugins/ml2/drivers/ovn/mech_driver/ovsdb/ovsdb_monitor.py:743}}
Jul 07 15:34:25 ubuntu neutron-server[118720]: DEBUG ovsdbapp.backend.ovs_idl [None req-4ef73f7f-59ca-4d28-b517-999911edac01 None None] Created schema index IP_Multicast.datapath {{(pid=118720) autocreate_indices /usr/local/lib/python3.8/dist-packages/ovsdbapp/backend/ovs_idl/__init__.py:104}}
Jul 07 15:34:25 ubuntu neutron-server[118934]: DEBUG neutron.plugins.ml2.drivers.ovn.mech_driver.ovsdb.ovsdb_monitor [None req-a52b2e2c-4f68-496f-9bd7-1dc27b3797b2 None None] Hash Ring: Node 4b04167f-694c-434e-ba8b-06ac29c9b9bd (host: ubuntu) handling event "create" for row 962ad832-f893-4b8d-8951-f712b71c5efa (table: Connection) {{(pid=118934) notify /opt/stack/neutron/neutron/plugins/ml2/drivers/ovn/mech_driver/ovsdb/ovsdb_monitor.py:743}}
Jul 07 15:34:25 ubuntu neutron-server[118720]: DEBUG ovsdbapp.backend.ovs_idl [None req-4ef73f7f-59ca-4d28-b517-999911edac01 None None] Created schema index Connection.target {{(pid=118720) autocreate_indices /usr/local/lib/python3.8/dist-packages/ovsdbapp/backend/ovs_idl/__init__.py:104}}
Jul 07 15:34:25 ubuntu neutron-server[118720]: DEBUG ovsdbapp.backend.ovs_idl [None req-4ef73f7f-59ca-4d28-b517-999911edac01 None None] Created schema index Gateway_Chassis.name {{(pid=118720) autocreate_indices /usr/local/lib/python3.8/dist-packages/ovsdbapp/backend/ovs_idl/__init__.py:104}}
Jul 07 15:34:25 ubuntu neutron-server[118934]: INFO neutron.plugins.ml2.drivers.ovn.mech_driver.ovsdb.impl_idl_ovn [None req-a52b2e2c-4f68-496f-9bd7-1dc27b3797b2 None None] Getting OvsdbSbOvnIdl for WorkerService with retry
Jul 07 15:34:25 ubuntu neutron-server[118720]: DEBUG ovsdbapp.backend.ovs_idl [None req-4ef73f7f-59ca-4d28-b517-999911edac01 None None] Created schema index Port_Group.name {{(pid=118720) autocreate_indices /usr/local/lib/python3.8/dist-packages/ovsdbapp/backend/ovs_idl/__init__.py:104}}
Jul 07 15:34:25 ubuntu neutron-server[118720]: DEBUG ovsdbapp.backend.ovs_idl [None req-4ef73f7f-59ca-4d28-b517-999911edac01 None None] Created schema index Datapath_Binding.tunnel_key {{(pid=118720) autocreate_indices /usr/local/lib/python3.8/dist-packages/ovsdbapp/backend/ovs_idl/__init__.py:104}}
Jul 07 15:34:25 ubuntu neutron-server[118933]: DEBUG ovsdbapp.backend.ovs_idl [None req-0f898ed6-8389-4a37-a63c-15a35eacc28e None None] Created lookup_table index Chassis.name {{(pid=118933) autocreate_indices /usr/local/lib/python3.8/dist-packages/ovsdbapp/backend/ovs_idl/__init__.py:85}}
Jul 07 15:34:25 ubuntu neutron-server[118933]: DEBUG ovsdbapp.backend.ovs_idl [None req-0f898ed6-8389-4a37-a63c-15a35eacc28e None None] Created schema index Datapath_Binding.tunnel_key {{(pid=118933) autocreate_indices /usr/local/lib/python3.8/dist-packages/ovsdbapp/backend/ovs_idl/__init__.py:104}}
Jul 07 15:34:25 ubuntu neutron-server[118933]: DEBUG ovsdbapp.backend.ovs_idl [None req-0f898ed6-8389-4a37-a63c-15a35eacc28e None None] Created schema index Connection.target {{(pid=118933) autocreate_indices /usr/local/lib/python3.8/dist-packages/ovsdbapp/backend/ovs_idl/__init__.py:104}}
Jul 07 15:34:25 ubuntu neutron-server[118933]: INFO ovsdbapp.backend.ovs_idl.vlog [None req-0f898ed6-8389-4a37-a63c-15a35eacc28e None None] tcp:192.168.79.39:6642: connecting...
Jul 07 15:34:25 ubuntu neutron-server[118933]: INFO ovsdbapp.backend.ovs_idl.vlog [None req-0f898ed6-8389-4a37-a63c-15a35eacc28e None None] tcp:192.168.79.39:6642: connected
Jul 07 15:34:25 ubuntu neutron-server[118934]: DEBUG ovsdbapp.backend.ovs_idl [None req-a52b2e2c-4f68-496f-9bd7-1dc27b3797b2 None None] Created lookup_table index Chassis.name {{(pid=118934) autocreate_indices /usr/local/lib/python3.8/dist-packages/ovsdbapp/backend/ovs_idl/__init__.py:85}}
Jul 07 15:34:25 ubuntu neutron-server[118934]: DEBUG ovsdbapp.backend.ovs_idl [None req-a52b2e2c-4f68-496f-9bd7-1dc27b3797b2 None None] Created schema index Datapath_Binding.tunnel_key {{(pid=118934) autocreate_indices /usr/local/lib/python3.8/dist-packages/ovsdbapp/backend/ovs_idl/__init__.py:104}}
Jul 07 15:34:25 ubuntu neutron-server[118934]: DEBUG ovsdbapp.backend.ovs_idl [None req-a52b2e2c-4f68-496f-9bd7-1dc27b3797b2 None None] Created schema index Connection.target {{(pid=118934) autocreate_indices /usr/local/lib/python3.8/dist-packages/ovsdbapp/backend/ovs_idl/__init__.py:104}}
Jul 07 15:34:25 ubuntu neutron-server[118934]: INFO ovsdbapp.backend.ovs_idl.vlog [None req-a52b2e2c-4f68-496f-9bd7-1dc27b3797b2 None None] tcp:192.168.79.39:6642: connecting...
Jul 07 15:34:25 ubuntu neutron-server[118934]: INFO ovsdbapp.backend.ovs_idl.vlog [None req-a52b2e2c-4f68-496f-9bd7-1dc27b3797b2 None None] tcp:192.168.79.39:6642: connected
Jul 07 15:34:25 ubuntu neutron-server[118933]: DEBUG neutron.common.ovn.hash_ring_manager [None req-0f898ed6-8389-4a37-a63c-15a35eacc28e None None] Allow caching, nodes 2>=2 {{(pid=118933) _wait_startup_before_caching /opt/stack/neutron/neutron/common/ovn/hash_ring_manager.py:60}}
Jul 07 15:34:26 ubuntu neutron-server[118934]: DEBUG neutron.common.ovn.hash_ring_manager [None req-a52b2e2c-4f68-496f-9bd7-1dc27b3797b2 None None] Allow caching, nodes 2>=2 {{(pid=118934) _wait_startup_before_caching /opt/stack/neutron/neutron/common/ovn/hash_ring_manager.py:60}}
Jul 07 15:34:26 ubuntu neutron-server[118933]: DEBUG neutron.plugins.ml2.drivers.ovn.mech_driver.ovsdb.ovsdb_monitor [None req-0f898ed6-8389-4a37-a63c-15a35eacc28e None None] ChassisAgentWriteEvent : Matched Chassis, create, None None {{(pid=118933) matches /opt/stack/neutron/neutron/plugins/ml2/drivers/ovn/mech_driver/ovsdb/ovsdb_monitor.py:62}}
Jul 07 15:34:26 ubuntu neutron-server[118933]: DEBUG neutron.plugins.ml2.drivers.ovn.mech_driver.ovsdb.ovsdb_monitor [None req-0f898ed6-8389-4a37-a63c-15a35eacc28e None None] ChassisMetadataAgentWriteEvent : Matched Chassis, create, None None {{(pid=118933) matches /opt/stack/neutron/neutron/plugins/ml2/drivers/ovn/mech_driver/ovsdb/ovsdb_monitor.py:62}}
Jul 07 15:34:26 ubuntu neutron-server[118933]: DEBUG neutron.plugins.ml2.drivers.ovn.mech_driver.ovsdb.ovsdb_monitor [None req-0f898ed6-8389-4a37-a63c-15a35eacc28e None None] Hash Ring: Node 1d90807c-a745-4902-ad11-b217ce7310c5 (host: ubuntu) handling event "create" for row e8694d30-6b37-43fb-be8a-80fabf523f60 (table: Connection) {{(pid=118933) notify /opt/stack/neutron/neutron/plugins/ml2/drivers/ovn/mech_driver/ovsdb/ovsdb_monitor.py:743}}
Jul 07 15:34:26 ubuntu neutron-server[118720]: INFO oslo_service.service [None req-4ef73f7f-59ca-4d28-b517-999911edac01 None None] Starting 1 workers
Jul 07 15:34:26 ubuntu neutron-server[118933]: INFO neutron.wsgi [-] (118933) wsgi starting up on http://0.0.0.0:9696
Jul 07 15:34:26 ubuntu neutron-server[118934]: DEBUG neutron.plugins.ml2.drivers.ovn.mech_driver.ovsdb.ovsdb_monitor [None req-a52b2e2c-4f68-496f-9bd7-1dc27b3797b2 None None] Hash Ring: Node 4b04167f-694c-434e-ba8b-06ac29c9b9bd (host: ubuntu) handling event "create" for row 546e8e72-2e6d-4229-8439-0bf0d60b57f4 (table: Database) {{(pid=118934) notify /opt/stack/neutron/neutron/plugins/ml2/drivers/ovn/mech_driver/ovsdb/ovsdb_monitor.py:743}}
Jul 07 15:34:26 ubuntu neutron-server[118934]: DEBUG neutron.plugins.ml2.drivers.ovn.mech_driver.ovsdb.ovsdb_monitor [None req-a52b2e2c-4f68-496f-9bd7-1dc27b3797b2 None None] Hash Ring: Node 4b04167f-694c-434e-ba8b-06ac29c9b9bd (host: ubuntu) handling event "create" for row 8db4060a-9162-49f9-a3eb-90d8eaa4d20f (table: Database) {{(pid=118934) notify /opt/stack/neutron/neutron/plugins/ml2/drivers/ovn/mech_driver/ovsdb/ovsdb_monitor.py:743}}
Jul 07 15:34:26 ubuntu neutron-server[118934]: DEBUG neutron.plugins.ml2.drivers.ovn.mech_driver.ovsdb.ovsdb_monitor [None req-a52b2e2c-4f68-496f-9bd7-1dc27b3797b2 None None] Hash Ring: Node 4b04167f-694c-434e-ba8b-06ac29c9b9bd (host: ubuntu) handling event "create" for row 72c29772-d887-4c2c-8d79-313ba1fe2e5e (table: Encap) {{(pid=118934) notify /opt/stack/neutron/neutron/plugins/ml2/drivers/ovn/mech_driver/ovsdb/ovsdb_monitor.py:743}}
Jul 07 15:34:26 ubuntu neutron-server[118934]: DEBUG neutron.plugins.ml2.drivers.ovn.mech_driver.ovsdb.ovsdb_monitor [None req-a52b2e2c-4f68-496f-9bd7-1dc27b3797b2 None None] ChassisAgentWriteEvent : Matched Chassis, create, None None {{(pid=118934) matches /opt/stack/neutron/neutron/plugins/ml2/drivers/ovn/mech_driver/ovsdb/ovsdb_monitor.py:62}}
Jul 07 15:34:26 ubuntu neutron-server[118934]: DEBUG neutron.plugins.ml2.drivers.ovn.mech_driver.ovsdb.ovsdb_monitor [None req-a52b2e2c-4f68-496f-9bd7-1dc27b3797b2 None None] ChassisMetadataAgentWriteEvent : Matched Chassis, create, None None {{(pid=118934) matches /opt/stack/neutron/neutron/plugins/ml2/drivers/ovn/mech_driver/ovsdb/ovsdb_monitor.py:62}}
Jul 07 15:34:26 ubuntu neutron-server[118934]: DEBUG neutron.plugins.ml2.drivers.ovn.mech_driver.ovsdb.ovsdb_monitor [None req-a52b2e2c-4f68-496f-9bd7-1dc27b3797b2 None None] Hash Ring: Node 4b04167f-694c-434e-ba8b-06ac29c9b9bd (host: ubuntu) handling event "create" for row eeaec5d0-d069-49e2-b042-a3c974d1b2f9 (table: Chassis) {{(pid=118934) notify /opt/stack/neutron/neutron/plugins/ml2/drivers/ovn/mech_driver/ovsdb/ovsdb_monitor.py:743}}
Jul 07 15:34:26 ubuntu neutron-server[118720]: DEBUG oslo_service.service [None req-4ef73f7f-59ca-4d28-b517-999911edac01 None None] Started child 118936 {{(pid=118720) _start_child /usr/local/lib/python3.8/dist-packages/oslo_service/service.py:575}}
Jul 07 15:34:26 ubuntu neutron-server[118720]: INFO oslo_service.service [None req-4ef73f7f-59ca-4d28-b517-999911edac01 None None] Starting 1 workers
Jul 07 15:34:26 ubuntu neutron-server[118934]: INFO neutron.wsgi [-] (118934) wsgi starting up on http://0.0.0.0:9696
Jul 07 15:34:26 ubuntu neutron-server[118936]: DEBUG neutron.service [None req-4ef73f7f-59ca-4d28-b517-999911edac01 None None] calling RpcWorker wait() {{(pid=118936) _wait /opt/stack/neutron/neutron/service.py:128}}
Jul 07 15:34:26 ubuntu neutron-server[118936]: DEBUG neutron.service [None req-4ef73f7f-59ca-4d28-b517-999911edac01 None None] returning from RpcWorker wait() {{(pid=118936) _wait /opt/stack/neutron/neutron/service.py:135}}
Jul 07 15:34:26 ubuntu neutron-server[118936]: DEBUG neutron_lib.callbacks.manager [-] Publish callbacks ['neutron.plugins.ml2.drivers.ovn.mech_driver.mech_driver.OVNMechanismDriver.post_fork_initialize-749937'] for process (None), after_init {{(pid=118936) _notify_loop /usr/local/lib/python3.8/dist-packages/neutron_lib/callbacks/manager.py:176}}
Jul 07 15:34:26 ubuntu neutron-server[118720]: DEBUG oslo_service.service [None req-4ef73f7f-59ca-4d28-b517-999911edac01 None None] Started child 118937 {{(pid=118720) _start_child /usr/local/lib/python3.8/dist-packages/oslo_service/service.py:575}}
Jul 07 15:34:26 ubuntu neutron-server[118936]: INFO neutron.plugins.ml2.drivers.ovn.mech_driver.ovsdb.impl_idl_ovn [-] Getting OvsdbNbOvnIdl for RpcWorker with retry
Jul 07 15:34:26 ubuntu neutron-server[118720]: INFO oslo_service.service [None req-4ef73f7f-59ca-4d28-b517-999911edac01 None None] Starting 1 workers
Jul 07 15:34:26 ubuntu neutron-server[118937]: DEBUG neutron_lib.callbacks.manager [-] Publish callbacks ['neutron.plugins.ml2.drivers.ovn.mech_driver.mech_driver.OVNMechanismDriver.post_fork_initialize-749937'] for process (None), after_init {{(pid=118937) _notify_loop /usr/local/lib/python3.8/dist-packages/neutron_lib/callbacks/manager.py:176}}
Jul 07 15:34:26 ubuntu neutron-server[118937]: INFO neutron.plugins.ml2.drivers.ovn.mech_driver.ovsdb.impl_idl_ovn [-] Getting OvsdbNbOvnIdl for MaintenanceWorker with retry
Jul 07 15:34:26 ubuntu neutron-server[118720]: DEBUG oslo_service.service [None req-4ef73f7f-59ca-4d28-b517-999911edac01 None None] Started child 118938 {{(pid=118720) _start_child /usr/local/lib/python3.8/dist-packages/oslo_service/service.py:575}}
Jul 07 15:34:26 ubuntu neutron-server[118720]: DEBUG neutron_lib.callbacks.manager [None req-4ef73f7f-59ca-4d28-b517-999911edac01 None None] Publish callbacks [] for process (None), after_spawn {{(pid=118720) _notify_loop /usr/local/lib/python3.8/dist-packages/neutron_lib/callbacks/manager.py:176}}
