May 17 17:51:38 ubuntu devstack@g-api.service[132554]: DEBUG glance_store.capabilities [None req-d39ed903-ae52-4779-9e8c-b8b72eade276 admin admin] Store glance_store._drivers.swift.store.SingleTenantStore doesn't support updating dynamic storage capabilities. Please overwrite 'update_capabilities' method of the store to implement updating logics if needed. {{(pid=132554) update_capabilities /usr/local/lib/python3.8/dist-packages/glance_store/capabilities.py:91}}
May 17 17:51:38 ubuntu devstack@g-api.service[132554]: DEBUG glance_store.driver [None req-d39ed903-ae52-4779-9e8c-b8b72eade276 admin admin] Late loading location class glance_store._drivers.swift.store.StoreLocation {{(pid=132554) get_store_location_class /usr/local/lib/python3.8/dist-packages/glance_store/driver.py:117}}
May 17 17:51:38 ubuntu devstack@g-api.service[132554]: DEBUG glance_store.location [None req-d39ed903-ae52-4779-9e8c-b8b72eade276 admin admin] Registering scheme swift+https with {'store': <glance_store._drivers.swift.store.SingleTenantStore object at 0x7f0ee371fa30>, 'location_class': <class 'glance_store._drivers.swift.store.StoreLocation'>, 'store_entry': 'swift'} {{(pid=132554) register_scheme_map /usr/local/lib/python3.8/dist-packages/glance_store/location.py:146}}
May 17 17:51:38 ubuntu devstack@g-api.service[132554]: DEBUG glance_store.location [None req-d39ed903-ae52-4779-9e8c-b8b72eade276 admin admin] Registering scheme swift+https with {'store': <glance_store._drivers.swift.store.SingleTenantStore object at 0x7f0ee371fa30>, 'location_class': <class 'glance_store._drivers.swift.store.StoreLocation'>, 'store_entry': 'swift'} {{(pid=132554) register_scheme_map /usr/local/lib/python3.8/dist-packages/glance_store/location.py:146}}
May 17 17:51:38 ubuntu devstack@g-api.service[132554]: DEBUG glance_store.location [None req-d39ed903-ae52-4779-9e8c-b8b72eade276 admin admin] Registering scheme swift with {'store': <glance_store._drivers.swift.store.SingleTenantStore object at 0x7f0ee371fa30>, 'location_class': <class 'glance_store._drivers.swift.store.StoreLocation'>, 'store_entry': 'swift'} {{(pid=132554) register_scheme_map /usr/local/lib/python3.8/dist-packages/glance_store/location.py:146}}
May 17 17:51:38 ubuntu devstack@g-api.service[132554]: DEBUG glance_store.location [None req-d39ed903-ae52-4779-9e8c-b8b72eade276 admin admin] Registering scheme swift+https with {'store': <glance_store._drivers.swift.store.SingleTenantStore object at 0x7f0ee371fa30>, 'location_class': <class 'glance_store._drivers.swift.store.StoreLocation'>, 'store_entry': 'swift'} {{(pid=132554) register_scheme_map /usr/local/lib/python3.8/dist-packages/glance_store/location.py:146}}
May 17 17:51:38 ubuntu devstack@g-api.service[132554]: DEBUG glance_store.location [None req-d39ed903-ae52-4779-9e8c-b8b72eade276 admin admin] Registering scheme swift with {'store': <glance_store._drivers.swift.store.SingleTenantStore object at 0x7f0ee371fa30>, 'location_class': <class 'glance_store._drivers.swift.store.StoreLocation'>, 'store_entry': 'swift'} {{(pid=132554) register_scheme_map /usr/local/lib/python3.8/dist-packages/glance_store/location.py:146}}
May 17 17:51:38 ubuntu devstack@g-api.service[132554]: DEBUG glance_store.location [None req-d39ed903-ae52-4779-9e8c-b8b72eade276 admin admin] Registering scheme swift+http with {'store': <glance_store._drivers.swift.store.SingleTenantStore object at 0x7f0ee371fa30>, 'location_class': <class 'glance_store._drivers.swift.store.StoreLocation'>, 'store_entry': 'swift'} {{(pid=132554) register_scheme_map /usr/local/lib/python3.8/dist-packages/glance_store/location.py:146}}
May 17 17:51:38 ubuntu devstack@g-api.service[132554]: DEBUG glance_store.location [None req-d39ed903-ae52-4779-9e8c-b8b72eade276 admin admin] Registering scheme swift+https with {'store': <glance_store._drivers.swift.store.SingleTenantStore object at 0x7f0ee371fa30>, 'location_class': <class 'glance_store._drivers.swift.store.StoreLocation'>, 'store_entry': 'swift'} {{(pid=132554) register_scheme_map /usr/local/lib/python3.8/dist-packages/glance_store/location.py:146}}
May 17 17:51:38 ubuntu devstack@g-api.service[132554]: DEBUG glance_store.location [None req-d39ed903-ae52-4779-9e8c-b8b72eade276 admin admin] Registering scheme swift with {'store': <glance_store._drivers.swift.store.SingleTenantStore object at 0x7f0ee371fa30>, 'location_class': <class 'glance_store._drivers.swift.store.StoreLocation'>, 'store_entry': 'swift'} {{(pid=132554) register_scheme_map /usr/local/lib/python3.8/dist-packages/glance_store/location.py:146}}
May 17 17:51:38 ubuntu devstack@g-api.service[132554]: DEBUG glance_store.location [None req-d39ed903-ae52-4779-9e8c-b8b72eade276 admin admin] Registering scheme swift+http with {'store': <glance_store._drivers.swift.store.SingleTenantStore object at 0x7f0ee371fa30>, 'location_class': <class 'glance_store._drivers.swift.store.StoreLocation'>, 'store_entry': 'swift'} {{(pid=132554) register_scheme_map /usr/local/lib/python3.8/dist-packages/glance_store/location.py:146}}
May 17 17:51:38 ubuntu devstack@g-api.service[132554]: DEBUG glance_store.location [None req-d39ed903-ae52-4779-9e8c-b8b72eade276 admin admin] Registering scheme swift+config with {'store': <glance_store._drivers.swift.store.SingleTenantStore object at 0x7f0ee371fa30>, 'location_class': <class 'glance_store._drivers.swift.store.StoreLocation'>, 'store_entry': 'swift'} {{(pid=132554) register_scheme_map /usr/local/lib/python3.8/dist-packages/glance_store/location.py:146}}
May 17 17:51:38 ubuntu devstack@g-api.service[132554]: DEBUG glance_store.backend [None req-d39ed903-ae52-4779-9e8c-b8b72eade276 admin admin] Skipping store.set_acls... not implemented. {{(pid=132554) set_acls /usr/local/lib/python3.8/dist-packages/glance_store/backend.py:509}}
May 17 17:51:38 ubuntu devstack@g-api.service[132554]: [pid: 132554|app: 0|req: 3/4] 127.0.0.1 () {40 vars in 862 bytes} [Tue May 17 17:51:36 2022] PUT /v2/images/f51e2b94-9484-4120-9b32-29fe2852cdf9/file => generated 0 bytes in 1902 msecs (HTTP/1.1 204) 4 headers in 171 bytes (1 switches on core 0)
May 17 17:52:25 ubuntu devstack@g-api.service[132556]: DEBUG glance.api.middleware.version_negotiation [None req-6befd661-0abd-4824-a103-96088cf3daaa admin admin] Determining version of request: GET / Accept: application/json {{(pid=132556) process_request /opt/stack/glance/glance/api/middleware/version_negotiation.py:44}}
May 17 17:52:25 ubuntu devstack@g-api.service[132556]: DEBUG glance.api.middleware.version_negotiation [None req-6befd661-0abd-4824-a103-96088cf3daaa admin admin] Using url versioning {{(pid=132556) process_request /opt/stack/glance/glance/api/middleware/version_negotiation.py:57}}
May 17 17:52:25 ubuntu devstack@g-api.service[132556]: DEBUG glance.api.middleware.version_negotiation [None req-6befd661-0abd-4824-a103-96088cf3daaa admin admin] Unknown version. Returning version choices. {{(pid=132556) process_request /opt/stack/glance/glance/api/middleware/version_negotiation.py:64}}
May 17 17:52:25 ubuntu devstack@g-api.service[132556]: [pid: 132556|app: 0|req: 2/5] 127.0.0.1 () {34 vars in 506 bytes} [Tue May 17 17:52:25 2022] GET / => generated 1213 bytes in 5 msecs (HTTP/1.1 300) 3 headers in 106 bytes (1 switches on core 0)
May 17 17:52:25 ubuntu devstack@g-api.service[132554]: DEBUG glance.api.middleware.version_negotiation [None req-d39ed903-ae52-4779-9e8c-b8b72eade276 admin admin] Determining version of request: GET /v2/images Accept: application/json {{(pid=132554) process_request /opt/stack/glance/glance/api/middleware/version_negotiation.py:44}}
May 17 17:52:25 ubuntu devstack@g-api.service[132554]: DEBUG glance.api.middleware.version_negotiation [None req-d39ed903-ae52-4779-9e8c-b8b72eade276 admin admin] Using url versioning {{(pid=132554) process_request /opt/stack/glance/glance/api/middleware/version_negotiation.py:57}}
May 17 17:52:25 ubuntu devstack@g-api.service[132554]: DEBUG glance.api.middleware.version_negotiation [None req-d39ed903-ae52-4779-9e8c-b8b72eade276 admin admin] Matched version: v2 {{(pid=132554) process_request /opt/stack/glance/glance/api/middleware/version_negotiation.py:69}}
May 17 17:52:25 ubuntu devstack@g-api.service[132554]: DEBUG glance.api.middleware.version_negotiation [None req-d39ed903-ae52-4779-9e8c-b8b72eade276 admin admin] new path /v2/images {{(pid=132554) process_request /opt/stack/glance/glance/api/middleware/version_negotiation.py:70}}
May 17 17:52:25 ubuntu devstack@g-api.service[132554]: [pid: 132554|app: 0|req: 4/6] 127.0.0.1 () {36 vars in 728 bytes} [Tue May 17 17:52:25 2022] GET /v2/images => generated 1045 bytes in 100 msecs (HTTP/1.1 200) 4 headers in 158 bytes (1 switches on core 0)
May 17 17:52:31 ubuntu devstack@g-api.service[132556]: DEBUG glance.api.middleware.version_negotiation [None req-6befd661-0abd-4824-a103-96088cf3daaa admin admin] Determining version of request: GET / Accept: application/json {{(pid=132556) process_request /opt/stack/glance/glance/api/middleware/version_negotiation.py:44}}
May 17 17:52:31 ubuntu devstack@g-api.service[132556]: DEBUG glance.api.middleware.version_negotiation [None req-6befd661-0abd-4824-a103-96088cf3daaa admin admin] Using url versioning {{(pid=132556) process_request /opt/stack/glance/glance/api/middleware/version_negotiation.py:57}}
May 17 17:52:31 ubuntu devstack@g-api.service[132556]: DEBUG glance.api.middleware.version_negotiation [None req-6befd661-0abd-4824-a103-96088cf3daaa admin admin] Unknown version. Returning version choices. {{(pid=132556) process_request /opt/stack/glance/glance/api/middleware/version_negotiation.py:64}}
May 17 17:52:31 ubuntu devstack@g-api.service[132556]: [pid: 132556|app: 0|req: 3/7] 127.0.0.1 () {34 vars in 506 bytes} [Tue May 17 17:52:31 2022] GET / => generated 1213 bytes in 4 msecs (HTTP/1.1 300) 3 headers in 106 bytes (1 switches on core 0)
May 17 17:52:31 ubuntu devstack@g-api.service[132554]: DEBUG glance.api.middleware.version_negotiation [None req-d6c49301-8487-40ee-9e94-0d5b190b7688 admin admin] Determining version of request: GET /v2/images/f51e2b94-9484-4120-9b32-29fe2852cdf9 Accept: */* {{(pid=132554) process_request /opt/stack/glance/glance/api/middleware/version_negotiation.py:44}}
May 17 17:52:31 ubuntu devstack@g-api.service[132554]: DEBUG glance.api.middleware.version_negotiation [None req-d6c49301-8487-40ee-9e94-0d5b190b7688 admin admin] Using url versioning {{(pid=132554) process_request /opt/stack/glance/glance/api/middleware/version_negotiation.py:57}}
May 17 17:52:31 ubuntu devstack@g-api.service[132554]: DEBUG glance.api.middleware.version_negotiation [None req-d6c49301-8487-40ee-9e94-0d5b190b7688 admin admin] Matched version: v2 {{(pid=132554) process_request /opt/stack/glance/glance/api/middleware/version_negotiation.py:69}}
May 17 17:52:31 ubuntu devstack@g-api.service[132554]: DEBUG glance.api.middleware.version_negotiation [None req-d6c49301-8487-40ee-9e94-0d5b190b7688 admin admin] new path /v2/images/f51e2b94-9484-4120-9b32-29fe2852cdf9 {{(pid=132554) process_request /opt/stack/glance/glance/api/middleware/version_negotiation.py:70}}
May 17 17:52:31 ubuntu devstack@g-api.service[132554]: [pid: 132554|app: 0|req: 5/8] 127.0.0.1 () {36 vars in 789 bytes} [Tue May 17 17:52:31 2022] GET /v2/images/f51e2b94-9484-4120-9b32-29fe2852cdf9 => generated 976 bytes in 45 msecs (HTTP/1.1 200) 4 headers in 157 bytes (1 switches on core 0)
May 17 17:52:35 ubuntu devstack@g-api.service[132556]: DEBUG glance.api.middleware.version_negotiation [None req-6befd661-0abd-4824-a103-96088cf3daaa admin admin] Determining version of request: GET / Accept: application/json {{(pid=132556) process_request /opt/stack/glance/glance/api/middleware/version_negotiation.py:44}}
May 17 17:52:35 ubuntu devstack@g-api.service[132556]: DEBUG glance.api.middleware.version_negotiation [None req-6befd661-0abd-4824-a103-96088cf3daaa admin admin] Using url versioning {{(pid=132556) process_request /opt/stack/glance/glance/api/middleware/version_negotiation.py:57}}
May 17 17:52:35 ubuntu devstack@g-api.service[132556]: DEBUG glance.api.middleware.version_negotiation [None req-6befd661-0abd-4824-a103-96088cf3daaa admin admin] Unknown version. Returning version choices. {{(pid=132556) process_request /opt/stack/glance/glance/api/middleware/version_negotiation.py:64}}
May 17 17:52:35 ubuntu devstack@g-api.service[132556]: [pid: 132556|app: 0|req: 4/9] 127.0.0.1 () {34 vars in 506 bytes} [Tue May 17 17:52:35 2022] GET / => generated 1213 bytes in 1 msecs (HTTP/1.1 300) 3 headers in 106 bytes (1 switches on core 0)
May 17 17:52:35 ubuntu devstack@g-api.service[132554]: DEBUG glance.api.middleware.version_negotiation [None req-55318b50-bd72-4a05-a03f-18835a7a827f admin admin] Determining version of request: GET /v2/images/f51e2b94-9484-4120-9b32-29fe2852cdf9 Accept: */* {{(pid=132554) process_request /opt/stack/glance/glance/api/middleware/version_negotiation.py:44}}
May 17 17:52:35 ubuntu devstack@g-api.service[132554]: DEBUG glance.api.middleware.version_negotiation [None req-55318b50-bd72-4a05-a03f-18835a7a827f admin admin] Using url versioning {{(pid=132554) process_request /opt/stack/glance/glance/api/middleware/version_negotiation.py:57}}
May 17 17:52:35 ubuntu devstack@g-api.service[132554]: DEBUG glance.api.middleware.version_negotiation [None req-55318b50-bd72-4a05-a03f-18835a7a827f admin admin] Matched version: v2 {{(pid=132554) process_request /opt/stack/glance/glance/api/middleware/version_negotiation.py:69}}
May 17 17:52:35 ubuntu devstack@g-api.service[132554]: DEBUG glance.api.middleware.version_negotiation [None req-55318b50-bd72-4a05-a03f-18835a7a827f admin admin] new path /v2/images/f51e2b94-9484-4120-9b32-29fe2852cdf9 {{(pid=132554) process_request /opt/stack/glance/glance/api/middleware/version_negotiation.py:70}}
May 17 17:52:35 ubuntu devstack@g-api.service[132554]: [pid: 132554|app: 0|req: 6/10] 127.0.0.1 () {36 vars in 789 bytes} [Tue May 17 17:52:35 2022] GET /v2/images/f51e2b94-9484-4120-9b32-29fe2852cdf9 => generated 976 bytes in 47 msecs (HTTP/1.1 200) 4 headers in 157 bytes (1 switches on core 0)
May 17 17:54:07 ubuntu devstack@g-api.service[132556]: DEBUG glance.api.middleware.version_negotiation [None req-6befd661-0abd-4824-a103-96088cf3daaa admin admin] Determining version of request: GET /v1 Accept: application/json {{(pid=132556) process_request /opt/stack/glance/glance/api/middleware/version_negotiation.py:44}}
May 17 17:54:07 ubuntu devstack@g-api.service[132556]: DEBUG glance.api.middleware.version_negotiation [None req-6befd661-0abd-4824-a103-96088cf3daaa admin admin] Using url versioning {{(pid=132556) process_request /opt/stack/glance/glance/api/middleware/version_negotiation.py:57}}
May 17 17:54:07 ubuntu devstack@g-api.service[132556]: DEBUG glance.api.middleware.version_negotiation [None req-6befd661-0abd-4824-a103-96088cf3daaa admin admin] Unknown version. Returning version choices. {{(pid=132556) process_request /opt/stack/glance/glance/api/middleware/version_negotiation.py:64}}
May 17 17:54:07 ubuntu devstack@g-api.service[132556]: [pid: 132556|app: 0|req: 5/11] 127.0.0.1 () {38 vars in 685 bytes} [Tue May 17 17:54:07 2022] GET /v1 => generated 1213 bytes in 4 msecs (HTTP/1.1 300) 3 headers in 106 bytes (1 switches on core 0)
May 17 17:56:25 ubuntu devstack@g-api.service[132554]: DEBUG glance.api.middleware.version_negotiation [None req-bb4926bf-00ec-4f03-8b31-196a2deb4549 admin admin] Determining version of request: GET /versions Accept: */* {{(pid=132554) process_request /opt/stack/glance/glance/api/middleware/version_negotiation.py:44}}
May 17 17:56:25 ubuntu devstack@g-api.service[132554]: [pid: 132554|app: 0|req: 7/12] 127.0.0.1 () {38 vars in 695 bytes} [Tue May 17 17:56:25 2022] GET /versions => generated 1213 bytes in 3 msecs (HTTP/1.1 200) 3 headers in 92 bytes (1 switches on core 0)
May 17 17:56:25 ubuntu devstack@g-api.service[132556]: DEBUG glance.api.middleware.version_negotiation [None req-6befd661-0abd-4824-a103-96088cf3daaa admin admin] Determining version of request: GET /v2/schemas/image Accept: */* {{(pid=132556) process_request /opt/stack/glance/glance/api/middleware/version_negotiation.py:44}}
May 17 17:56:25 ubuntu devstack@g-api.service[132556]: DEBUG glance.api.middleware.version_negotiation [None req-6befd661-0abd-4824-a103-96088cf3daaa admin admin] Using url versioning {{(pid=132556) process_request /opt/stack/glance/glance/api/middleware/version_negotiation.py:57}}
May 17 17:56:25 ubuntu devstack@g-api.service[132556]: DEBUG glance.api.middleware.version_negotiation [None req-6befd661-0abd-4824-a103-96088cf3daaa admin admin] Matched version: v2 {{(pid=132556) process_request /opt/stack/glance/glance/api/middleware/version_negotiation.py:69}}
May 17 17:56:25 ubuntu devstack@g-api.service[132556]: DEBUG glance.api.middleware.version_negotiation [None req-6befd661-0abd-4824-a103-96088cf3daaa admin admin] new path /v2/schemas/image {{(pid=132556) process_request /opt/stack/glance/glance/api/middleware/version_negotiation.py:70}}
May 17 17:56:25 ubuntu devstack@g-api.service[132556]: [pid: 132556|app: 0|req: 6/13] 127.0.0.1 () {38 vars in 711 bytes} [Tue May 17 17:56:25 2022] GET /v2/schemas/image => generated 6083 bytes in 85 msecs (HTTP/1.1 200) 4 headers in 158 bytes (1 switches on core 0)
May 17 17:56:25 ubuntu devstack@g-api.service[132554]: DEBUG glance.api.middleware.version_negotiation [None req-bb4926bf-00ec-4f03-8b31-196a2deb4549 admin admin] Determining version of request: GET /v2/schemas/metadefs/namespace Accept: */* {{(pid=132554) process_request /opt/stack/glance/glance/api/middleware/version_negotiation.py:44}}
May 17 17:56:25 ubuntu devstack@g-api.service[132554]: DEBUG glance.api.middleware.version_negotiation [None req-bb4926bf-00ec-4f03-8b31-196a2deb4549 admin admin] Using url versioning {{(pid=132554) process_request /opt/stack/glance/glance/api/middleware/version_negotiation.py:57}}
May 17 17:56:25 ubuntu devstack@g-api.service[132554]: DEBUG glance.api.middleware.version_negotiation [None req-bb4926bf-00ec-4f03-8b31-196a2deb4549 admin admin] Matched version: v2 {{(pid=132554) process_request /opt/stack/glance/glance/api/middleware/version_negotiation.py:69}}
May 17 17:56:25 ubuntu devstack@g-api.service[132554]: DEBUG glance.api.middleware.version_negotiation [None req-bb4926bf-00ec-4f03-8b31-196a2deb4549 admin admin] new path /v2/schemas/metadefs/namespace {{(pid=132554) process_request /opt/stack/glance/glance/api/middleware/version_negotiation.py:70}}
May 17 17:56:25 ubuntu devstack@g-api.service[132554]: [pid: 132554|app: 0|req: 8/14] 127.0.0.1 () {38 vars in 737 bytes} [Tue May 17 17:56:25 2022] GET /v2/schemas/metadefs/namespace => generated 3100 bytes in 8 msecs (HTTP/1.1 200) 4 headers in 158 bytes (1 switches on core 0)
May 17 17:56:25 ubuntu devstack@g-api.service[132556]: DEBUG glance.api.middleware.version_negotiation [None req-0dbc2878-13b3-42ab-81ad-a7c8194e313e admin admin] Determining version of request: GET /v2/schemas/metadefs/resource_type Accept: */* {{(pid=132556) process_request /opt/stack/glance/glance/api/middleware/version_negotiation.py:44}}
May 17 17:56:25 ubuntu devstack@g-api.service[132556]: DEBUG glance.api.middleware.version_negotiation [None req-0dbc2878-13b3-42ab-81ad-a7c8194e313e admin admin] Using url versioning {{(pid=132556) process_request /opt/stack/glance/glance/api/middleware/version_negotiation.py:57}}
May 17 17:56:25 ubuntu devstack@g-api.service[132556]: DEBUG glance.api.middleware.version_negotiation [None req-0dbc2878-13b3-42ab-81ad-a7c8194e313e admin admin] Matched version: v2 {{(pid=132556) process_request /opt/stack/glance/glance/api/middleware/version_negotiation.py:69}}
May 17 17:56:25 ubuntu devstack@g-api.service[132556]: DEBUG glance.api.middleware.version_negotiation [None req-0dbc2878-13b3-42ab-81ad-a7c8194e313e admin admin] new path /v2/schemas/metadefs/resource_type {{(pid=132556) process_request /opt/stack/glance/glance/api/middleware/version_negotiation.py:70}}
May 17 17:56:25 ubuntu devstack@g-api.service[132556]: [pid: 132556|app: 0|req: 7/15] 127.0.0.1 () {38 vars in 745 bytes} [Tue May 17 17:56:25 2022] GET /v2/schemas/metadefs/resource_type => generated 1262 bytes in 6 msecs (HTTP/1.1 200) 4 headers in 158 bytes (1 switches on core 0)
May 17 17:56:25 ubuntu devstack@g-api.service[132554]: DEBUG glance.api.middleware.version_negotiation [None req-3bdd05b2-7825-4c37-8ddd-aeec1fcd44a2 admin admin] Determining version of request: GET /v2/images Accept: */* {{(pid=132554) process_request /opt/stack/glance/glance/api/middleware/version_negotiation.py:44}}
May 17 17:56:25 ubuntu devstack@g-api.service[132554]: DEBUG glance.api.middleware.version_negotiation [None req-3bdd05b2-7825-4c37-8ddd-aeec1fcd44a2 admin admin] Using url versioning {{(pid=132554) process_request /opt/stack/glance/glance/api/middleware/version_negotiation.py:57}}
May 17 17:56:25 ubuntu devstack@g-api.service[132554]: DEBUG glance.api.middleware.version_negotiation [None req-3bdd05b2-7825-4c37-8ddd-aeec1fcd44a2 admin admin] Matched version: v2 {{(pid=132554) process_request /opt/stack/glance/glance/api/middleware/version_negotiation.py:69}}
May 17 17:56:25 ubuntu devstack@g-api.service[132554]: DEBUG glance.api.middleware.version_negotiation [None req-3bdd05b2-7825-4c37-8ddd-aeec1fcd44a2 admin admin] new path /v2/images {{(pid=132554) process_request /opt/stack/glance/glance/api/middleware/version_negotiation.py:70}}
May 17 17:56:25 ubuntu devstack@g-api.service[132554]: [pid: 132554|app: 0|req: 9/16] 127.0.0.1 () {38 vars in 768 bytes} [Tue May 17 17:56:25 2022] GET /v2/images?limit=20&sort_key=name&sort_dir=asc => generated 1081 bytes in 92 msecs (HTTP/1.1 200) 4 headers in 158 bytes (1 switches on core 0)
May 17 17:56:25 ubuntu devstack@g-api.service[132556]: DEBUG glance.api.middleware.version_negotiation [None req-dcb7216a-0e35-40d4-b2f5-2d0b8942dac3 admin admin] Determining version of request: GET /v2/schemas/image Accept: */* {{(pid=132556) process_request /opt/stack/glance/glance/api/middleware/version_negotiation.py:44}}
May 17 17:56:25 ubuntu devstack@g-api.service[132556]: DEBUG glance.api.middleware.version_negotiation [None req-dcb7216a-0e35-40d4-b2f5-2d0b8942dac3 admin admin] Using url versioning {{(pid=132556) process_request /opt/stack/glance/glance/api/middleware/version_negotiation.py:57}}
May 17 17:56:25 ubuntu devstack@g-api.service[132556]: DEBUG glance.api.middleware.version_negotiation [None req-dcb7216a-0e35-40d4-b2f5-2d0b8942dac3 admin admin] Matched version: v2 {{(pid=132556) process_request /opt/stack/glance/glance/api/middleware/version_negotiation.py:69}}
May 17 17:56:25 ubuntu devstack@g-api.service[132556]: DEBUG glance.api.middleware.version_negotiation [None req-dcb7216a-0e35-40d4-b2f5-2d0b8942dac3 admin admin] new path /v2/schemas/image {{(pid=132556) process_request /opt/stack/glance/glance/api/middleware/version_negotiation.py:70}}
May 17 17:56:25 ubuntu devstack@g-api.service[132556]: [pid: 132556|app: 0|req: 8/17] 127.0.0.1 () {38 vars in 711 bytes} [Tue May 17 17:56:25 2022] GET /v2/schemas/image => generated 6083 bytes in 5 msecs (HTTP/1.1 200) 4 headers in 158 bytes (1 switches on core 0)
May 17 17:56:27 ubuntu devstack@g-api.service[132554]: DEBUG oslo_concurrency.lockutils [-] Acquired lock "glance-cache" {{(pid=132554) lock /usr/local/lib/python3.8/dist-packages/oslo_concurrency/lockutils.py:294}}
May 17 17:56:27 ubuntu devstack@g-api.service[132554]: DEBUG oslo_concurrency.lockutils [-] Acquired external semaphore "glance-cache" {{(pid=132554) lock /usr/local/lib/python3.8/dist-packages/oslo_concurrency/lockutils.py:302}}
May 17 17:56:27 ubuntu devstack@g-api.service[132554]: DEBUG glance.image_cache.prefetcher [-] Nothing to prefetch. {{(pid=132554) run /opt/stack/glance/glance/image_cache/prefetcher.py:79}}
May 17 17:56:27 ubuntu devstack@g-api.service[132554]: DEBUG oslo_concurrency.lockutils [-] Releasing lock "glance-cache" {{(pid=132554) lock /usr/local/lib/python3.8/dist-packages/oslo_concurrency/lockutils.py:312}}
May 17 17:56:27 ubuntu devstack@g-api.service[132556]: DEBUG oslo_concurrency.lockutils [-] Acquired lock "glance-cache" {{(pid=132556) lock /usr/local/lib/python3.8/dist-packages/oslo_concurrency/lockutils.py:294}}
May 17 17:56:27 ubuntu devstack@g-api.service[132556]: DEBUG oslo_concurrency.lockutils [-] Acquired external semaphore "glance-cache" {{(pid=132556) lock /usr/local/lib/python3.8/dist-packages/oslo_concurrency/lockutils.py:302}}
May 17 17:56:27 ubuntu devstack@g-api.service[132556]: DEBUG glance.image_cache.prefetcher [-] Nothing to prefetch. {{(pid=132556) run /opt/stack/glance/glance/image_cache/prefetcher.py:79}}
May 17 17:56:27 ubuntu devstack@g-api.service[132556]: DEBUG oslo_concurrency.lockutils [-] Releasing lock "glance-cache" {{(pid=132556) lock /usr/local/lib/python3.8/dist-packages/oslo_concurrency/lockutils.py:312}}
May 17 17:56:35 ubuntu devstack@g-api.service[132554]: DEBUG glance.api.middleware.version_negotiation [None req-112631f5-e048-4f4c-9835-a743d89c8220 admin admin] Determining version of request: GET / Accept: application/json {{(pid=132554) process_request /opt/stack/glance/glance/api/middleware/version_negotiation.py:44}}
May 17 17:56:35 ubuntu devstack@g-api.service[132554]: DEBUG glance.api.middleware.version_negotiation [None req-112631f5-e048-4f4c-9835-a743d89c8220 admin admin] Using url versioning {{(pid=132554) process_request /opt/stack/glance/glance/api/middleware/version_negotiation.py:57}}
May 17 17:56:35 ubuntu devstack@g-api.service[132554]: DEBUG glance.api.middleware.version_negotiation [None req-112631f5-e048-4f4c-9835-a743d89c8220 admin admin] Unknown version. Returning version choices. {{(pid=132554) process_request /opt/stack/glance/glance/api/middleware/version_negotiation.py:64}}
May 17 17:56:35 ubuntu devstack@g-api.service[132554]: [pid: 132554|app: 0|req: 10/18] 127.0.0.1 () {34 vars in 492 bytes} [Tue May 17 17:56:35 2022] GET / => generated 1213 bytes in 2 msecs (HTTP/1.1 300) 3 headers in 106 bytes (1 switches on core 0)
May 17 17:56:35 ubuntu devstack@g-api.service[132556]: DEBUG glance.api.middleware.version_negotiation [None req-77c63839-8444-4bed-b0c5-9ed7dd222db3 admin admin] Determining version of request: GET /v2/images/f51e2b94-9484-4120-9b32-29fe2852cdf9 Accept: */* {{(pid=132556) process_request /opt/stack/glance/glance/api/middleware/version_negotiation.py:44}}
May 17 17:56:35 ubuntu devstack@g-api.service[132556]: DEBUG glance.api.middleware.version_negotiation [None req-77c63839-8444-4bed-b0c5-9ed7dd222db3 admin admin] Using url versioning {{(pid=132556) process_request /opt/stack/glance/glance/api/middleware/version_negotiation.py:57}}
May 17 17:56:35 ubuntu devstack@g-api.service[132556]: DEBUG glance.api.middleware.version_negotiation [None req-77c63839-8444-4bed-b0c5-9ed7dd222db3 admin admin] Matched version: v2 {{(pid=132556) process_request /opt/stack/glance/glance/api/middleware/version_negotiation.py:69}}
May 17 17:56:35 ubuntu devstack@g-api.service[132556]: DEBUG glance.api.middleware.version_negotiation [None req-77c63839-8444-4bed-b0c5-9ed7dd222db3 admin admin] new path /v2/images/f51e2b94-9484-4120-9b32-29fe2852cdf9 {{(pid=132556) process_request /opt/stack/glance/glance/api/middleware/version_negotiation.py:70}}
May 17 17:56:36 ubuntu devstack@g-api.service[132556]: WARNING keystonemiddleware.auth_token [None req-77c63839-8444-4bed-b0c5-9ed7dd222db3 admin admin] A valid token was submitted as a service token, but it was not a valid service token. This is incorrect but backwards compatible behaviour. This will be removed in future releases.
May 17 17:56:36 ubuntu devstack@g-api.service[132556]: [pid: 132556|app: 0|req: 9/19] 127.0.0.1 () {42 vars in 1049 bytes} [Tue May 17 17:56:35 2022] GET /v2/images/f51e2b94-9484-4120-9b32-29fe2852cdf9 => generated 976 bytes in 97 msecs (HTTP/1.1 200) 4 headers in 157 bytes (1 switches on core 0)
May 17 17:56:36 ubuntu devstack@g-api.service[132554]: DEBUG glance.api.middleware.version_negotiation [None req-112631f5-e048-4f4c-9835-a743d89c8220 admin admin] Determining version of request: GET /v2/schemas/image Accept: */* {{(pid=132554) process_request /opt/stack/glance/glance/api/middleware/version_negotiation.py:44}}
May 17 17:56:36 ubuntu devstack@g-api.service[132554]: DEBUG glance.api.middleware.version_negotiation [None req-112631f5-e048-4f4c-9835-a743d89c8220 admin admin] Using url versioning {{(pid=132554) process_request /opt/stack/glance/glance/api/middleware/version_negotiation.py:57}}
May 17 17:56:36 ubuntu devstack@g-api.service[132554]: DEBUG glance.api.middleware.version_negotiation [None req-112631f5-e048-4f4c-9835-a743d89c8220 admin admin] Matched version: v2 {{(pid=132554) process_request /opt/stack/glance/glance/api/middleware/version_negotiation.py:69}}
May 17 17:56:36 ubuntu devstack@g-api.service[132554]: DEBUG glance.api.middleware.version_negotiation [None req-112631f5-e048-4f4c-9835-a743d89c8220 admin admin] new path /v2/schemas/image {{(pid=132554) process_request /opt/stack/glance/glance/api/middleware/version_negotiation.py:70}}
May 17 17:56:36 ubuntu devstack@g-api.service[132554]: WARNING keystonemiddleware.auth_token [None req-112631f5-e048-4f4c-9835-a743d89c8220 admin admin] A valid token was submitted as a service token, but it was not a valid service token. This is incorrect but backwards compatible behaviour. This will be removed in future releases.
May 17 17:56:36 ubuntu devstack@g-api.service[132554]: [pid: 132554|app: 0|req: 11/20] 127.0.0.1 () {42 vars in 989 bytes} [Tue May 17 17:56:36 2022] GET /v2/schemas/image => generated 6083 bytes in 6 msecs (HTTP/1.1 200) 4 headers in 158 bytes (1 switches on core 0)
May 17 17:56:38 ubuntu devstack@g-api.service[132556]: DEBUG glance.api.middleware.version_negotiation [None req-f3213e7c-b978-4d8f-98ba-48f246055b97 tempest-VolumesAdminNegativeTest-1462431795 tempest-VolumesAdminNegativeTest-1462431795-project] Determining version of request: GET /v2/images/f51e2b94-9484-4120-9b32-29fe2852cdf9 Accept: */* {{(pid=132556) process_request /opt/stack/glance/glance/api/middleware/version_negotiation.py:44}}
May 17 17:56:38 ubuntu devstack@g-api.service[132556]: DEBUG glance.api.middleware.version_negotiation [None req-f3213e7c-b978-4d8f-98ba-48f246055b97 tempest-VolumesAdminNegativeTest-1462431795 tempest-VolumesAdminNegativeTest-1462431795-project] Using url versioning {{(pid=132556) process_request /opt/stack/glance/glance/api/middleware/version_negotiation.py:57}}
May 17 17:56:38 ubuntu devstack@g-api.service[132556]: DEBUG glance.api.middleware.version_negotiation [None req-f3213e7c-b978-4d8f-98ba-48f246055b97 tempest-VolumesAdminNegativeTest-1462431795 tempest-VolumesAdminNegativeTest-1462431795-project] Matched version: v2 {{(pid=132556) process_request /opt/stack/glance/glance/api/middleware/version_negotiation.py:69}}
May 17 17:56:38 ubuntu devstack@g-api.service[132556]: DEBUG glance.api.middleware.version_negotiation [None req-f3213e7c-b978-4d8f-98ba-48f246055b97 tempest-VolumesAdminNegativeTest-1462431795 tempest-VolumesAdminNegativeTest-1462431795-project] new path /v2/images/f51e2b94-9484-4120-9b32-29fe2852cdf9 {{(pid=132556) process_request /opt/stack/glance/glance/api/middleware/version_negotiation.py:70}}
May 17 17:56:38 ubuntu devstack@g-api.service[132556]: [pid: 132556|app: 0|req: 10/21] 127.0.0.1 () {42 vars in 1049 bytes} [Tue May 17 17:56:38 2022] GET /v2/images/f51e2b94-9484-4120-9b32-29fe2852cdf9 => generated 976 bytes in 16 msecs (HTTP/1.1 200) 4 headers in 157 bytes (1 switches on core 0)
May 17 17:56:38 ubuntu devstack@g-api.service[132554]: DEBUG glance.api.middleware.version_negotiation [None req-f3213e7c-b978-4d8f-98ba-48f246055b97 tempest-VolumesAdminNegativeTest-1462431795 tempest-VolumesAdminNegativeTest-1462431795-project] Determining version of request: GET /v2/images/f51e2b94-9484-4120-9b32-29fe2852cdf9/file Accept: */* {{(pid=132554) process_request /opt/stack/glance/glance/api/middleware/version_negotiation.py:44}}
May 17 17:56:38 ubuntu devstack@g-api.service[132554]: DEBUG glance.api.middleware.version_negotiation [None req-f3213e7c-b978-4d8f-98ba-48f246055b97 tempest-VolumesAdminNegativeTest-1462431795 tempest-VolumesAdminNegativeTest-1462431795-project] Using url versioning {{(pid=132554) process_request /opt/stack/glance/glance/api/middleware/version_negotiation.py:57}}
May 17 17:56:38 ubuntu devstack@g-api.service[132554]: DEBUG glance.api.middleware.version_negotiation [None req-f3213e7c-b978-4d8f-98ba-48f246055b97 tempest-VolumesAdminNegativeTest-1462431795 tempest-VolumesAdminNegativeTest-1462431795-project] Matched version: v2 {{(pid=132554) process_request /opt/stack/glance/glance/api/middleware/version_negotiation.py:69}}
May 17 17:56:38 ubuntu devstack@g-api.service[132554]: DEBUG glance.api.middleware.version_negotiation [None req-f3213e7c-b978-4d8f-98ba-48f246055b97 tempest-VolumesAdminNegativeTest-1462431795 tempest-VolumesAdminNegativeTest-1462431795-project] new path /v2/images/f51e2b94-9484-4120-9b32-29fe2852cdf9/file {{(pid=132554) process_request /opt/stack/glance/glance/api/middleware/version_negotiation.py:70}}
May 17 17:56:38 ubuntu devstack@g-api.service[132554]: DEBUG glance_store.backend [None req-f3213e7c-b978-4d8f-98ba-48f246055b97 tempest-VolumesAdminNegativeTest-1462431795 tempest-VolumesAdminNegativeTest-1462431795-project] Attempting to import store swift {{(pid=132554) _load_store /usr/local/lib/python3.8/dist-packages/glance_store/backend.py:217}}
May 17 17:56:38 ubuntu devstack@g-api.service[132554]: DEBUG glance_store.capabilities [None req-f3213e7c-b978-4d8f-98ba-48f246055b97 tempest-VolumesAdminNegativeTest-1462431795 tempest-VolumesAdminNegativeTest-1462431795-project] Store glance_store._drivers.swift.store.SingleTenantStore doesn't support updating dynamic storage capabilities. Please overwrite 'update_capabilities' method of the store to implement updating logics if needed. {{(pid=132554) update_capabilities /usr/local/lib/python3.8/dist-packages/glance_store/capabilities.py:91}}
May 17 17:56:38 ubuntu devstack@g-api.service[132554]: DEBUG glance_store.driver [None req-f3213e7c-b978-4d8f-98ba-48f246055b97 tempest-VolumesAdminNegativeTest-1462431795 tempest-VolumesAdminNegativeTest-1462431795-project] Late loading location class glance_store._drivers.swift.store.StoreLocation {{(pid=132554) get_store_location_class /usr/local/lib/python3.8/dist-packages/glance_store/driver.py:117}}
May 17 17:56:38 ubuntu devstack@g-api.service[132554]: DEBUG glance_store.location [None req-f3213e7c-b978-4d8f-98ba-48f246055b97 tempest-VolumesAdminNegativeTest-1462431795 tempest-VolumesAdminNegativeTest-1462431795-project] Registering scheme swift+https with {'store': <glance_store._drivers.swift.store.SingleTenantStore object at 0x7f0ee1cbdfa0>, 'location_class': <class 'glance_store._drivers.swift.store.StoreLocation'>, 'store_entry': 'swift'} {{(pid=132554) register_scheme_map /usr/local/lib/python3.8/dist-packages/glance_store/location.py:146}}
May 17 17:56:38 ubuntu devstack@g-api.service[132554]: DEBUG glance_store.location [None req-f3213e7c-b978-4d8f-98ba-48f246055b97 tempest-VolumesAdminNegativeTest-1462431795 tempest-VolumesAdminNegativeTest-1462431795-project] Registering scheme swift+https with {'store': <glance_store._drivers.swift.store.SingleTenantStore object at 0x7f0ee1cbdfa0>, 'location_class': <class 'glance_store._drivers.swift.store.StoreLocation'>, 'store_entry': 'swift'} {{(pid=132554) register_scheme_map /usr/local/lib/python3.8/dist-packages/glance_store/location.py:146}}
May 17 17:56:38 ubuntu devstack@g-api.service[132554]: DEBUG glance_store.location [None req-f3213e7c-b978-4d8f-98ba-48f246055b97 tempest-VolumesAdminNegativeTest-1462431795 tempest-VolumesAdminNegativeTest-1462431795-project] Registering scheme swift with {'store': <glance_store._drivers.swift.store.SingleTenantStore object at 0x7f0ee1cbdfa0>, 'location_class': <class 'glance_store._drivers.swift.store.StoreLocation'>, 'store_entry': 'swift'} {{(pid=132554) register_scheme_map /usr/local/lib/python3.8/dist-packages/glance_store/location.py:146}}
May 17 17:56:38 ubuntu devstack@g-api.service[132554]: DEBUG glance_store.location [None req-f3213e7c-b978-4d8f-98ba-48f246055b97 tempest-VolumesAdminNegativeTest-1462431795 tempest-VolumesAdminNegativeTest-1462431795-project] Registering scheme swift+https with {'store': <glance_store._drivers.swift.store.SingleTenantStore object at 0x7f0ee1cbdfa0>, 'location_class': <class 'glance_store._drivers.swift.store.StoreLocation'>, 'store_entry': 'swift'} {{(pid=132554) register_scheme_map /usr/local/lib/python3.8/dist-packages/glance_store/location.py:146}}
May 17 17:56:38 ubuntu devstack@g-api.service[132554]: DEBUG glance_store.location [None req-f3213e7c-b978-4d8f-98ba-48f246055b97 tempest-VolumesAdminNegativeTest-1462431795 tempest-VolumesAdminNegativeTest-1462431795-project] Registering scheme swift with {'store': <glance_store._drivers.swift.store.SingleTenantStore object at 0x7f0ee1cbdfa0>, 'location_class': <class 'glance_store._drivers.swift.store.StoreLocation'>, 'store_entry': 'swift'} {{(pid=132554) register_scheme_map /usr/local/lib/python3.8/dist-packages/glance_store/location.py:146}}
May 17 17:56:38 ubuntu devstack@g-api.service[132554]: DEBUG glance_store.location [None req-f3213e7c-b978-4d8f-98ba-48f246055b97 tempest-VolumesAdminNegativeTest-1462431795 tempest-VolumesAdminNegativeTest-1462431795-project] Registering scheme swift+http with {'store': <glance_store._drivers.swift.store.SingleTenantStore object at 0x7f0ee1cbdfa0>, 'location_class': <class 'glance_store._drivers.swift.store.StoreLocation'>, 'store_entry': 'swift'} {{(pid=132554) register_scheme_map /usr/local/lib/python3.8/dist-packages/glance_store/location.py:146}}
May 17 17:56:38 ubuntu devstack@g-api.service[132554]: DEBUG glance_store.location [None req-f3213e7c-b978-4d8f-98ba-48f246055b97 tempest-VolumesAdminNegativeTest-1462431795 tempest-VolumesAdminNegativeTest-1462431795-project] Registering scheme swift+https with {'store': <glance_store._drivers.swift.store.SingleTenantStore object at 0x7f0ee1cbdfa0>, 'location_class': <class 'glance_store._drivers.swift.store.StoreLocation'>, 'store_entry': 'swift'} {{(pid=132554) register_scheme_map /usr/local/lib/python3.8/dist-packages/glance_store/location.py:146}}
May 17 17:56:38 ubuntu devstack@g-api.service[132554]: DEBUG glance_store.location [None req-f3213e7c-b978-4d8f-98ba-48f246055b97 tempest-VolumesAdminNegativeTest-1462431795 tempest-VolumesAdminNegativeTest-1462431795-project] Registering scheme swift with {'store': <glance_store._drivers.swift.store.SingleTenantStore object at 0x7f0ee1cbdfa0>, 'location_class': <class 'glance_store._drivers.swift.store.StoreLocation'>, 'store_entry': 'swift'} {{(pid=132554) register_scheme_map /usr/local/lib/python3.8/dist-packages/glance_store/location.py:146}}
May 17 17:56:38 ubuntu devstack@g-api.service[132554]: DEBUG glance_store.location [None req-f3213e7c-b978-4d8f-98ba-48f246055b97 tempest-VolumesAdminNegativeTest-1462431795 tempest-VolumesAdminNegativeTest-1462431795-project] Registering scheme swift+http with {'store': <glance_store._drivers.swift.store.SingleTenantStore object at 0x7f0ee1cbdfa0>, 'location_class': <class 'glance_store._drivers.swift.store.StoreLocation'>, 'store_entry': 'swift'} {{(pid=132554) register_scheme_map /usr/local/lib/python3.8/dist-packages/glance_store/location.py:146}}
May 17 17:56:38 ubuntu devstack@g-api.service[132554]: DEBUG glance_store.location [None req-f3213e7c-b978-4d8f-98ba-48f246055b97 tempest-VolumesAdminNegativeTest-1462431795 tempest-VolumesAdminNegativeTest-1462431795-project] Registering scheme swift+config with {'store': <glance_store._drivers.swift.store.SingleTenantStore object at 0x7f0ee1cbdfa0>, 'location_class': <class 'glance_store._drivers.swift.store.StoreLocation'>, 'store_entry': 'swift'} {{(pid=132554) register_scheme_map /usr/local/lib/python3.8/dist-packages/glance_store/location.py:146}}
May 17 17:56:38 ubuntu devstack@g-api.service[132554]: DEBUG swiftclient [None req-f3213e7c-b978-4d8f-98ba-48f246055b97 tempest-VolumesAdminNegativeTest-1462431795 tempest-VolumesAdminNegativeTest-1462431795-project] REQ: curl -i http://192.168.79.42:8080/v1/AUTH_566286db4eac4600b17b4361e1a44d3d/glance/f51e2b94-9484-4120-9b32-29fe2852cdf9 -X GET -H "X-Auth-Token: gAAAAABig-HWOleA..." {{(pid=132554) http_log /usr/local/lib/python3.8/dist-packages/swiftclient/client.py:187}}
May 17 17:56:38 ubuntu devstack@g-api.service[132554]: DEBUG swiftclient [None req-f3213e7c-b978-4d8f-98ba-48f246055b97 tempest-VolumesAdminNegativeTest-1462431795 tempest-VolumesAdminNegativeTest-1462431795-project] RESP STATUS: 200 OK {{(pid=132554) http_log /usr/local/lib/python3.8/dist-packages/swiftclient/client.py:188}}
May 17 17:56:38 ubuntu devstack@g-api.service[132554]: DEBUG swiftclient [None req-f3213e7c-b978-4d8f-98ba-48f246055b97 tempest-VolumesAdminNegativeTest-1462431795 tempest-VolumesAdminNegativeTest-1462431795-project] RESP HEADERS: {'Content-Type': 'application/octet-stream', 'Etag': '1d3062cd89af34e419f7100277f38b2b', 'Last-Modified': 'Tue, 17 May 2022 17:51:38 GMT', 'X-Timestamp': '1652809897.74221', 'Accept-Ranges': 'bytes', 'Content-Length': '16338944', 'X-Trans-Id': 'tx0da7919f49ba4cc2a0b9e-006283e1d6', 'X-Openstack-Request-Id': 'tx0da7919f49ba4cc2a0b9e-006283e1d6', 'Date': 'Tue, 17 May 2022 17:56:38 GMT'} {{(pid=132554) http_log /usr/local/lib/python3.8/dist-packages/swiftclient/client.py:189}}
May 17 17:56:38 ubuntu devstack@g-api.service[132554]: DEBUG glance.image_cache [None req-f3213e7c-b978-4d8f-98ba-48f246055b97 tempest-VolumesAdminNegativeTest-1462431795 tempest-VolumesAdminNegativeTest-1462431795-project] Tee'ing image 'f51e2b94-9484-4120-9b32-29fe2852cdf9' into cache {{(pid=132554) get_caching_iter /opt/stack/glance/glance/image_cache/__init__.py:343}}
May 17 17:56:39 ubuntu devstack@g-api.service[132554]: DEBUG glance.image_cache.drivers.sqlite [None req-f3213e7c-b978-4d8f-98ba-48f246055b97 tempest-VolumesAdminNegativeTest-1462431795 tempest-VolumesAdminNegativeTest-1462431795-project] Fetch finished, moving '/opt/stack/data/glance/cache/incomplete/f51e2b94-9484-4120-9b32-29fe2852cdf9' to '/opt/stack/data/glance/cache/f51e2b94-9484-4120-9b32-29fe2852cdf9' {{(pid=132554) commit /opt/stack/glance/glance/image_cache/drivers/sqlite.py:324}}
May 17 17:56:39 ubuntu devstack@g-api.service[132554]: [pid: 132554|app: 0|req: 12/22] 127.0.0.1 () {42 vars in 1059 bytes} [Tue May 17 17:56:38 2022] GET /v2/images/f51e2b94-9484-4120-9b32-29fe2852cdf9/file => generated 16338944 bytes in 418 msecs (HTTP/1.1 200) 4 headers in 191 bytes (250 switches on core 0)
May 17 17:57:13 ubuntu devstack@g-api.service[132556]: DEBUG glance.api.middleware.version_negotiation [None req-f3213e7c-b978-4d8f-98ba-48f246055b97 tempest-VolumesAdminNegativeTest-1462431795 tempest-VolumesAdminNegativeTest-1462431795-project] Determining version of request: GET / Accept: application/json {{(pid=132556) process_request /opt/stack/glance/glance/api/middleware/version_negotiation.py:44}}
May 17 17:57:13 ubuntu devstack@g-api.service[132556]: DEBUG glance.api.middleware.version_negotiation [None req-f3213e7c-b978-4d8f-98ba-48f246055b97 tempest-VolumesAdminNegativeTest-1462431795 tempest-VolumesAdminNegativeTest-1462431795-project] Using url versioning {{(pid=132556) process_request /opt/stack/glance/glance/api/middleware/version_negotiation.py:57}}
May 17 17:57:13 ubuntu devstack@g-api.service[132556]: DEBUG glance.api.middleware.version_negotiation [None req-f3213e7c-b978-4d8f-98ba-48f246055b97 tempest-VolumesAdminNegativeTest-1462431795 tempest-VolumesAdminNegativeTest-1462431795-project] Unknown version. Returning version choices. {{(pid=132556) process_request /opt/stack/glance/glance/api/middleware/version_negotiation.py:64}}
May 17 17:57:13 ubuntu devstack@g-api.service[132556]: [pid: 132556|app: 0|req: 11/23] 127.0.0.1 () {34 vars in 492 bytes} [Tue May 17 17:57:13 2022] GET / => generated 1213 bytes in 8 msecs (HTTP/1.1 300) 3 headers in 106 bytes (1 switches on core 0)
May 17 17:57:13 ubuntu devstack@g-api.service[132554]: DEBUG glance.api.middleware.version_negotiation [None req-f3213e7c-b978-4d8f-98ba-48f246055b97 tempest-VolumesAdminNegativeTest-1462431795 tempest-VolumesAdminNegativeTest-1462431795-project] Determining version of request: GET /v2/images/f51e2b94-9484-4120-9b32-29fe2852cdf9 Accept: */* {{(pid=132554) process_request /opt/stack/glance/glance/api/middleware/version_negotiation.py:44}}
May 17 17:57:13 ubuntu devstack@g-api.service[132554]: DEBUG glance.api.middleware.version_negotiation [None req-f3213e7c-b978-4d8f-98ba-48f246055b97 tempest-VolumesAdminNegativeTest-1462431795 tempest-VolumesAdminNegativeTest-1462431795-project] Using url versioning {{(pid=132554) process_request /opt/stack/glance/glance/api/middleware/version_negotiation.py:57}}
May 17 17:57:13 ubuntu devstack@g-api.service[132554]: DEBUG glance.api.middleware.version_negotiation [None req-f3213e7c-b978-4d8f-98ba-48f246055b97 tempest-VolumesAdminNegativeTest-1462431795 tempest-VolumesAdminNegativeTest-1462431795-project] Matched version: v2 {{(pid=132554) process_request /opt/stack/glance/glance/api/middleware/version_negotiation.py:69}}
May 17 17:57:13 ubuntu devstack@g-api.service[132554]: DEBUG glance.api.middleware.version_negotiation [None req-f3213e7c-b978-4d8f-98ba-48f246055b97 tempest-VolumesAdminNegativeTest-1462431795 tempest-VolumesAdminNegativeTest-1462431795-project] new path /v2/images/f51e2b94-9484-4120-9b32-29fe2852cdf9 {{(pid=132554) process_request /opt/stack/glance/glance/api/middleware/version_negotiation.py:70}}
May 17 17:57:14 ubuntu devstack@g-api.service[132554]: [pid: 132554|app: 0|req: 13/24] 127.0.0.1 () {42 vars in 1049 bytes} [Tue May 17 17:57:13 2022] GET /v2/images/f51e2b94-9484-4120-9b32-29fe2852cdf9 => generated 976 bytes in 34 msecs (HTTP/1.1 200) 4 headers in 157 bytes (1 switches on core 0)
May 17 17:57:14 ubuntu devstack@g-api.service[132556]: DEBUG glance.api.middleware.version_negotiation [None req-f3213e7c-b978-4d8f-98ba-48f246055b97 tempest-VolumesAdminNegativeTest-1462431795 tempest-VolumesAdminNegativeTest-1462431795-project] Determining version of request: GET /v2/schemas/image Accept: */* {{(pid=132556) process_request /opt/stack/glance/glance/api/middleware/version_negotiation.py:44}}
May 17 17:57:14 ubuntu devstack@g-api.service[132556]: DEBUG glance.api.middleware.version_negotiation [None req-f3213e7c-b978-4d8f-98ba-48f246055b97 tempest-VolumesAdminNegativeTest-1462431795 tempest-VolumesAdminNegativeTest-1462431795-project] Using url versioning {{(pid=132556) process_request /opt/stack/glance/glance/api/middleware/version_negotiation.py:57}}
May 17 17:57:14 ubuntu devstack@g-api.service[132556]: DEBUG glance.api.middleware.version_negotiation [None req-f3213e7c-b978-4d8f-98ba-48f246055b97 tempest-VolumesAdminNegativeTest-1462431795 tempest-VolumesAdminNegativeTest-1462431795-project] Matched version: v2 {{(pid=132556) process_request /opt/stack/glance/glance/api/middleware/version_negotiation.py:69}}
May 17 17:57:14 ubuntu devstack@g-api.service[132556]: DEBUG glance.api.middleware.version_negotiation [None req-f3213e7c-b978-4d8f-98ba-48f246055b97 tempest-VolumesAdminNegativeTest-1462431795 tempest-VolumesAdminNegativeTest-1462431795-project] new path /v2/schemas/image {{(pid=132556) process_request /opt/stack/glance/glance/api/middleware/version_negotiation.py:70}}
May 17 17:57:14 ubuntu devstack@g-api.service[132556]: [pid: 132556|app: 0|req: 12/25] 127.0.0.1 () {42 vars in 989 bytes} [Tue May 17 17:57:14 2022] GET /v2/schemas/image => generated 6083 bytes in 10 msecs (HTTP/1.1 200) 4 headers in 158 bytes (1 switches on core 0)
May 17 17:57:38 ubuntu devstack@g-api.service[132554]: DEBUG glance.api.middleware.version_negotiation [None req-7aed3cfe-31e5-4e00-8254-1ec8fc73fff4 tempest-DeleteServersTestJSON-154659867 tempest-DeleteServersTestJSON-154659867-project] Determining version of request: GET /v2/images/f51e2b94-9484-4120-9b32-29fe2852cdf9 Accept: */* {{(pid=132554) process_request /opt/stack/glance/glance/api/middleware/version_negotiation.py:44}}
May 17 17:57:38 ubuntu devstack@g-api.service[132554]: DEBUG glance.api.middleware.version_negotiation [None req-7aed3cfe-31e5-4e00-8254-1ec8fc73fff4 tempest-DeleteServersTestJSON-154659867 tempest-DeleteServersTestJSON-154659867-project] Using url versioning {{(pid=132554) process_request /opt/stack/glance/glance/api/middleware/version_negotiation.py:57}}
May 17 17:57:38 ubuntu devstack@g-api.service[132554]: DEBUG glance.api.middleware.version_negotiation [None req-7aed3cfe-31e5-4e00-8254-1ec8fc73fff4 tempest-DeleteServersTestJSON-154659867 tempest-DeleteServersTestJSON-154659867-project] Matched version: v2 {{(pid=132554) process_request /opt/stack/glance/glance/api/middleware/version_negotiation.py:69}}
May 17 17:57:38 ubuntu devstack@g-api.service[132554]: DEBUG glance.api.middleware.version_negotiation [None req-7aed3cfe-31e5-4e00-8254-1ec8fc73fff4 tempest-DeleteServersTestJSON-154659867 tempest-DeleteServersTestJSON-154659867-project] new path /v2/images/f51e2b94-9484-4120-9b32-29fe2852cdf9 {{(pid=132554) process_request /opt/stack/glance/glance/api/middleware/version_negotiation.py:70}}
May 17 17:57:38 ubuntu devstack@g-api.service[132554]: [pid: 132554|app: 0|req: 14/26] 127.0.0.1 () {42 vars in 1049 bytes} [Tue May 17 17:57:38 2022] GET /v2/images/f51e2b94-9484-4120-9b32-29fe2852cdf9 => generated 976 bytes in 19 msecs (HTTP/1.1 200) 4 headers in 157 bytes (1 switches on core 0)
