Aug 24 23:16:52 ubuntu neutron-server[113375]: DEBUG neutron.api.extensions [None req-b2f5e264-52e5-4311-9ea2-1a4ee62efd62 None None] Loading extension file: timestamp.py {{(pid=113375) _load_all_extensions_from_path /opt/stack/neutron/neutron/api/extensions.py:450}}
Aug 24 23:16:52 ubuntu neutron-server[113375]: DEBUG neutron.api.extensions [None req-b2f5e264-52e5-4311-9ea2-1a4ee62efd62 None None] Ext name="Resource timestamps" alias="standard-attr-timestamp" description="Adds created_at and updated_at fields to all Neutron resources that have Neutron standard attributes." updated="2016-09-12T10:00:00-00:00" {{(pid=113375) _check_extension /opt/stack/neutron/neutron/api/extensions.py:416}}
Aug 24 23:16:52 ubuntu neutron-server[113375]: INFO neutron.api.extensions [None req-b2f5e264-52e5-4311-9ea2-1a4ee62efd62 None None] Loaded extension: standard-attr-timestamp
Aug 24 23:16:52 ubuntu neutron-server[113375]: DEBUG neutron.api.extensions [None req-b2f5e264-52e5-4311-9ea2-1a4ee62efd62 None None] Loading extension file: trunk.py {{(pid=113375) _load_all_extensions_from_path /opt/stack/neutron/neutron/api/extensions.py:450}}
Aug 24 23:16:52 ubuntu neutron-server[113375]: DEBUG neutron.api.extensions [None req-b2f5e264-52e5-4311-9ea2-1a4ee62efd62 None None] Ext name="Trunk Extension" alias="trunk" description="Provides support for trunk ports" updated="2016-01-01T10:00:00-00:00" {{(pid=113375) _check_extension /opt/stack/neutron/neutron/api/extensions.py:416}}
Aug 24 23:16:52 ubuntu neutron-server[113375]: INFO neutron.api.extensions [None req-b2f5e264-52e5-4311-9ea2-1a4ee62efd62 None None] Extension trunk not supported by any of loaded plugins
Aug 24 23:16:52 ubuntu neutron-server[113375]: DEBUG neutron.api.extensions [None req-b2f5e264-52e5-4311-9ea2-1a4ee62efd62 None None] Loading extension file: trunk_details.py {{(pid=113375) _load_all_extensions_from_path /opt/stack/neutron/neutron/api/extensions.py:450}}
Aug 24 23:16:52 ubuntu neutron-server[113375]: DEBUG neutron.api.extensions [None req-b2f5e264-52e5-4311-9ea2-1a4ee62efd62 None None] Ext name="Trunk port details" alias="trunk-details" description="Expose trunk port details" updated="2016-01-01T10:00:00-00:00" {{(pid=113375) _check_extension /opt/stack/neutron/neutron/api/extensions.py:416}}
Aug 24 23:16:52 ubuntu neutron-server[113375]: INFO neutron.api.extensions [None req-b2f5e264-52e5-4311-9ea2-1a4ee62efd62 None None] Extension trunk-details not supported by any of loaded plugins
Aug 24 23:16:52 ubuntu neutron-server[113375]: DEBUG neutron.api.extensions [None req-b2f5e264-52e5-4311-9ea2-1a4ee62efd62 None None] Loading extension file: uplink_status_propagation.py {{(pid=113375) _load_all_extensions_from_path /opt/stack/neutron/neutron/api/extensions.py:450}}
Aug 24 23:16:52 ubuntu neutron-server[113375]: DEBUG neutron.api.extensions [None req-b2f5e264-52e5-4311-9ea2-1a4ee62efd62 None None] Ext name="Uplink status propagation extension" alias="uplink-status-propagation" description="Provides ability to propagate port uplink status." updated="2018-05-31T18:00:00-00:00" {{(pid=113375) _check_extension /opt/stack/neutron/neutron/api/extensions.py:416}}
Aug 24 23:16:52 ubuntu neutron-server[113375]: INFO neutron.api.extensions [None req-b2f5e264-52e5-4311-9ea2-1a4ee62efd62 None None] Extension uplink-status-propagation not supported by any of loaded plugins
Aug 24 23:16:52 ubuntu neutron-server[113375]: DEBUG neutron.api.extensions [None req-b2f5e264-52e5-4311-9ea2-1a4ee62efd62 None None] Loading extension file: vlantransparent.py {{(pid=113375) _load_all_extensions_from_path /opt/stack/neutron/neutron/api/extensions.py:450}}
Aug 24 23:16:52 ubuntu neutron-server[113375]: DEBUG neutron.api.extensions [None req-b2f5e264-52e5-4311-9ea2-1a4ee62efd62 None None] Ext name="Vlantransparent" alias="vlan-transparent" description="Provides Vlan Transparent Networks" updated="2015-03-23T09:00:00-00:00" {{(pid=113375) _check_extension /opt/stack/neutron/neutron/api/extensions.py:416}}
Aug 24 23:16:52 ubuntu neutron-server[113375]: INFO neutron.api.extensions [None req-b2f5e264-52e5-4311-9ea2-1a4ee62efd62 None None] Extension vlan-transparent not supported by any of loaded plugins
Aug 24 23:16:52 ubuntu neutron-server[113375]: INFO neutron.quota.resource_registry [None req-b2f5e264-52e5-4311-9ea2-1a4ee62efd62 None None] Creating instance of TrackedResource for resource:network
Aug 24 23:16:52 ubuntu neutron-server[113375]: INFO neutron.quota.resource_registry [None req-b2f5e264-52e5-4311-9ea2-1a4ee62efd62 None None] Creating instance of TrackedResource for resource:subnet
Aug 24 23:16:52 ubuntu neutron-server[113375]: INFO neutron.quota.resource_registry [None req-b2f5e264-52e5-4311-9ea2-1a4ee62efd62 None None] Creating instance of TrackedResource for resource:subnetpool
Aug 24 23:16:52 ubuntu neutron-server[113375]: INFO neutron.quota.resource_registry [None req-b2f5e264-52e5-4311-9ea2-1a4ee62efd62 None None] Creating instance of TrackedResource for resource:port
Aug 24 23:16:52 ubuntu neutron-server[113375]: DEBUG neutron.api.v2.resource_helper [None req-b2f5e264-52e5-4311-9ea2-1a4ee62efd62 None None] Service FLAVORS assigned prefix:  {{(pid=113375) build_resource_info /opt/stack/neutron/neutron/api/v2/resource_helper.py:77}}
Aug 24 23:16:52 ubuntu neutron-server[113375]: DEBUG neutron.api.v2.resource_helper [None req-b2f5e264-52e5-4311-9ea2-1a4ee62efd62 None None] Service L3_ROUTER_NAT assigned prefix:  {{(pid=113375) build_resource_info /opt/stack/neutron/neutron/api/v2/resource_helper.py:77}}
Aug 24 23:16:52 ubuntu neutron-server[113375]: DEBUG neutron.api.v2.resource_helper [None req-b2f5e264-52e5-4311-9ea2-1a4ee62efd62 None None] Service L3_ROUTER_NAT assigned prefix:  {{(pid=113375) build_resource_info /opt/stack/neutron/neutron/api/v2/resource_helper.py:77}}
Aug 24 23:16:52 ubuntu neutron-server[113375]: INFO neutron.quota.resource_registry [None req-b2f5e264-52e5-4311-9ea2-1a4ee62efd62 None None] Creating instance of TrackedResource for resource:router
Aug 24 23:16:52 ubuntu neutron-server[113375]: INFO neutron.quota.resource_registry [None req-b2f5e264-52e5-4311-9ea2-1a4ee62efd62 None None] Creating instance of TrackedResource for resource:floatingip
Aug 24 23:16:52 ubuntu neutron-server[113375]: DEBUG neutron_lib.callbacks.manager [None req-b2f5e264-52e5-4311-9ea2-1a4ee62efd62 None None] Subscribe: <bound method NeutronDbPluginV2.validate_network_rbac_policy_change of <neutron.services.network_ip_availability.plugin.NetworkIPAvailabilityPlugin object at 0x7f974c1ac7c0>> rbac-policy before_create 55550000 {{(pid=113375) subscribe /usr/local/lib/python3.8/dist-packages/neutron_lib/callbacks/manager.py:45}}
Aug 24 23:16:52 ubuntu neutron-server[113375]: DEBUG neutron_lib.callbacks.manager [None req-b2f5e264-52e5-4311-9ea2-1a4ee62efd62 None None] Subscribe: <bound method NeutronDbPluginV2.validate_network_rbac_policy_change of <neutron.services.network_ip_availability.plugin.NetworkIPAvailabilityPlugin object at 0x7f974c1ac7c0>> rbac-policy before_update 55550000 {{(pid=113375) subscribe /usr/local/lib/python3.8/dist-packages/neutron_lib/callbacks/manager.py:45}}
Aug 24 23:16:52 ubuntu neutron-server[113375]: DEBUG neutron_lib.callbacks.manager [None req-b2f5e264-52e5-4311-9ea2-1a4ee62efd62 None None] Subscribe: <bound method NeutronDbPluginV2.validate_network_rbac_policy_change of <neutron.services.network_ip_availability.plugin.NetworkIPAvailabilityPlugin object at 0x7f974c1ac7c0>> rbac-policy before_delete 55550000 {{(pid=113375) subscribe /usr/local/lib/python3.8/dist-packages/neutron_lib/callbacks/manager.py:45}}
Aug 24 23:16:52 ubuntu neutron-server[113375]: INFO neutron.quota.resource_registry [None req-b2f5e264-52e5-4311-9ea2-1a4ee62efd62 None None] Creating instance of CountableResource for resource:rbac_policy
Aug 24 23:16:52 ubuntu neutron-server[113375]: INFO neutron.quota.resource_registry [None req-b2f5e264-52e5-4311-9ea2-1a4ee62efd62 None None] Creating instance of TrackedResource for resource:security_group
Aug 24 23:16:52 ubuntu neutron-server[113375]: INFO neutron.quota.resource_registry [None req-b2f5e264-52e5-4311-9ea2-1a4ee62efd62 None None] Creating instance of TrackedResource for resource:security_group_rule
Aug 24 23:16:52 ubuntu neutron-server[113375]: DEBUG neutron.api.v2.resource_helper [None req-b2f5e264-52e5-4311-9ea2-1a4ee62efd62 None None] Service FLAVORS assigned prefix:  {{(pid=113375) build_resource_info /opt/stack/neutron/neutron/api/v2/resource_helper.py:77}}
Aug 24 23:16:52 ubuntu neutron-server[113375]: DEBUG neutron.api.v2.resource_helper [None req-b2f5e264-52e5-4311-9ea2-1a4ee62efd62 None None] Service L3_ROUTER_NAT assigned prefix:  {{(pid=113375) build_resource_info /opt/stack/neutron/neutron/api/v2/resource_helper.py:77}}
Aug 24 23:16:52 ubuntu neutron-server[113375]: DEBUG neutron.api.v2.resource_helper [None req-b2f5e264-52e5-4311-9ea2-1a4ee62efd62 None None] Service L3_ROUTER_NAT assigned prefix:  {{(pid=113375) build_resource_info /opt/stack/neutron/neutron/api/v2/resource_helper.py:77}}
Aug 24 23:16:52 ubuntu neutron-server[113375]: INFO neutron.quota.resource_registry [None req-b2f5e264-52e5-4311-9ea2-1a4ee62efd62 None None] Creating instance of TrackedResource for resource:router
Aug 24 23:16:52 ubuntu neutron-server[113375]: WARNING neutron.quota.resource_registry [None req-b2f5e264-52e5-4311-9ea2-1a4ee62efd62 None None] router is already registered
Aug 24 23:16:52 ubuntu neutron-server[113375]: INFO neutron.quota.resource_registry [None req-b2f5e264-52e5-4311-9ea2-1a4ee62efd62 None None] Creating instance of TrackedResource for resource:floatingip
Aug 24 23:16:52 ubuntu neutron-server[113375]: WARNING neutron.quota.resource_registry [None req-b2f5e264-52e5-4311-9ea2-1a4ee62efd62 None None] floatingip is already registered
Aug 24 23:16:52 ubuntu neutron-server[113375]: INFO neutron.quota.resource_registry [None req-b2f5e264-52e5-4311-9ea2-1a4ee62efd62 None None] Creating instance of CountableResource for resource:rbac_policy
Aug 24 23:16:52 ubuntu neutron-server[113375]: WARNING neutron.quota.resource_registry [None req-b2f5e264-52e5-4311-9ea2-1a4ee62efd62 None None] rbac_policy is already registered
Aug 24 23:16:52 ubuntu neutron-server[113375]: INFO neutron.quota.resource_registry [None req-b2f5e264-52e5-4311-9ea2-1a4ee62efd62 None None] Creating instance of TrackedResource for resource:security_group
Aug 24 23:16:52 ubuntu neutron-server[113375]: WARNING neutron.quota.resource_registry [None req-b2f5e264-52e5-4311-9ea2-1a4ee62efd62 None None] security_group is already registered
Aug 24 23:16:52 ubuntu neutron-server[113375]: INFO neutron.quota.resource_registry [None req-b2f5e264-52e5-4311-9ea2-1a4ee62efd62 None None] Creating instance of TrackedResource for resource:security_group_rule
Aug 24 23:16:52 ubuntu neutron-server[113375]: WARNING neutron.quota.resource_registry [None req-b2f5e264-52e5-4311-9ea2-1a4ee62efd62 None None] security_group_rule is already registered
Aug 24 23:16:52 ubuntu neutron-server[113375]: DEBUG neutron.api.extensions [None req-b2f5e264-52e5-4311-9ea2-1a4ee62efd62 None None] Extended resource: extensions {{(pid=113375) __init__ /opt/stack/neutron/neutron/api/extensions.py:157}}
Aug 24 23:16:52 ubuntu neutron-server[113375]: DEBUG neutron.api.extensions [None req-b2f5e264-52e5-4311-9ea2-1a4ee62efd62 None None] Extended resource: address-groups {{(pid=113375) __init__ /opt/stack/neutron/neutron/api/extensions.py:157}}
Aug 24 23:16:52 ubuntu neutron-server[113375]: DEBUG neutron.api.extensions [None req-b2f5e264-52e5-4311-9ea2-1a4ee62efd62 None None] Extended resource: address-scopes {{(pid=113375) __init__ /opt/stack/neutron/neutron/api/extensions.py:157}}
Aug 24 23:16:52 ubuntu neutron-server[113375]: DEBUG neutron.api.extensions [None req-b2f5e264-52e5-4311-9ea2-1a4ee62efd62 None None] Extended resource: agents {{(pid=113375) __init__ /opt/stack/neutron/neutron/api/extensions.py:157}}
Aug 24 23:16:52 ubuntu neutron-server[113375]: DEBUG neutron.api.extensions [None req-b2f5e264-52e5-4311-9ea2-1a4ee62efd62 None None] Extended resource: auto-allocated-topology {{(pid=113375) __init__ /opt/stack/neutron/neutron/api/extensions.py:157}}
Aug 24 23:16:52 ubuntu neutron-server[113375]: DEBUG neutron.api.extensions [None req-b2f5e264-52e5-4311-9ea2-1a4ee62efd62 None None] Extended resource: availability_zones {{(pid=113375) __init__ /opt/stack/neutron/neutron/api/extensions.py:157}}
Aug 24 23:16:52 ubuntu neutron-server[113375]: DEBUG neutron.api.extensions [None req-b2f5e264-52e5-4311-9ea2-1a4ee62efd62 None None] Extended resource: flavors {{(pid=113375) __init__ /opt/stack/neutron/neutron/api/extensions.py:157}}
Aug 24 23:16:52 ubuntu neutron-server[113375]: DEBUG neutron.api.extensions [None req-b2f5e264-52e5-4311-9ea2-1a4ee62efd62 None None] Extended resource: service_profiles {{(pid=113375) __init__ /opt/stack/neutron/neutron/api/extensions.py:157}}
Aug 24 23:16:52 ubuntu neutron-server[113375]: DEBUG neutron.api.extensions [None req-b2f5e264-52e5-4311-9ea2-1a4ee62efd62 None None] Extended resource: next_providers {{(pid=113375) __init__ /opt/stack/neutron/neutron/api/extensions.py:157}}
Aug 24 23:16:52 ubuntu neutron-server[113375]: DEBUG neutron.api.extensions [None req-b2f5e264-52e5-4311-9ea2-1a4ee62efd62 None None] Extended resource: service_profiles {{(pid=113375) __init__ /opt/stack/neutron/neutron/api/extensions.py:157}}
Aug 24 23:16:52 ubuntu neutron-server[113375]: DEBUG neutron.api.extensions [None req-b2f5e264-52e5-4311-9ea2-1a4ee62efd62 None None] Extended resource: floatingip-pools {{(pid=113375) __init__ /opt/stack/neutron/neutron/api/extensions.py:157}}
Aug 24 23:16:52 ubuntu neutron-server[113375]: DEBUG neutron.api.extensions [None req-b2f5e264-52e5-4311-9ea2-1a4ee62efd62 None None] Extended resource: routers {{(pid=113375) __init__ /opt/stack/neutron/neutron/api/extensions.py:157}}
Aug 24 23:16:52 ubuntu neutron-server[113375]: DEBUG neutron.api.extensions [None req-b2f5e264-52e5-4311-9ea2-1a4ee62efd62 None None] Extended resource: floatingips {{(pid=113375) __init__ /opt/stack/neutron/neutron/api/extensions.py:157}}
Aug 24 23:16:52 ubuntu neutron-server[113375]: DEBUG neutron.api.extensions [None req-b2f5e264-52e5-4311-9ea2-1a4ee62efd62 None None] Extended resource: network-ip-availabilities {{(pid=113375) __init__ /opt/stack/neutron/neutron/api/extensions.py:157}}
Aug 24 23:16:52 ubuntu neutron-server[113375]: DEBUG neutron.api.extensions [None req-b2f5e264-52e5-4311-9ea2-1a4ee62efd62 None None] Extended resource: bindings {{(pid=113375) __init__ /opt/stack/neutron/neutron/api/extensions.py:157}}
Aug 24 23:16:52 ubuntu neutron-server[113375]: DEBUG neutron.api.extensions [None req-b2f5e264-52e5-4311-9ea2-1a4ee62efd62 None None] Extended resource: quotas {{(pid=113375) __init__ /opt/stack/neutron/neutron/api/extensions.py:157}}
Aug 24 23:16:52 ubuntu neutron-server[113375]: DEBUG neutron.api.extensions [None req-b2f5e264-52e5-4311-9ea2-1a4ee62efd62 None None] Extended resource: quotas {{(pid=113375) __init__ /opt/stack/neutron/neutron/api/extensions.py:157}}
Aug 24 23:16:52 ubuntu neutron-server[113375]: DEBUG neutron.api.extensions [None req-b2f5e264-52e5-4311-9ea2-1a4ee62efd62 None None] Extended resource: rbac-policies {{(pid=113375) __init__ /opt/stack/neutron/neutron/api/extensions.py:157}}
Aug 24 23:16:52 ubuntu neutron-server[113375]: DEBUG neutron.api.extensions [None req-b2f5e264-52e5-4311-9ea2-1a4ee62efd62 None None] Extended resource: security-groups {{(pid=113375) __init__ /opt/stack/neutron/neutron/api/extensions.py:157}}
Aug 24 23:16:52 ubuntu neutron-server[113375]: DEBUG neutron.api.extensions [None req-b2f5e264-52e5-4311-9ea2-1a4ee62efd62 None None] Extended resource: security-group-rules {{(pid=113375) __init__ /opt/stack/neutron/neutron/api/extensions.py:157}}
Aug 24 23:16:52 ubuntu neutron-server[113375]: DEBUG neutron.api.extensions [None req-b2f5e264-52e5-4311-9ea2-1a4ee62efd62 None None] Extended resource: service-providers {{(pid=113375) __init__ /opt/stack/neutron/neutron/api/extensions.py:157}}
Aug 24 23:16:52 ubuntu neutron-server[113375]: DEBUG neutron.api.extensions [None req-b2f5e264-52e5-4311-9ea2-1a4ee62efd62 None None] Extended resource: tags {{(pid=113375) __init__ /opt/stack/neutron/neutron/api/extensions.py:157}}
Aug 24 23:16:52 ubuntu neutron-server[113375]: DEBUG neutron.api.extensions [None req-b2f5e264-52e5-4311-9ea2-1a4ee62efd62 None None] Extended resource: tags {{(pid=113375) __init__ /opt/stack/neutron/neutron/api/extensions.py:157}}
Aug 24 23:16:52 ubuntu neutron-server[113375]: DEBUG neutron.api.extensions [None req-b2f5e264-52e5-4311-9ea2-1a4ee62efd62 None None] Extended resource: tags {{(pid=113375) __init__ /opt/stack/neutron/neutron/api/extensions.py:157}}
Aug 24 23:16:52 ubuntu neutron-server[113375]: DEBUG neutron.api.extensions [None req-b2f5e264-52e5-4311-9ea2-1a4ee62efd62 None None] Extended resource: tags {{(pid=113375) __init__ /opt/stack/neutron/neutron/api/extensions.py:157}}
Aug 24 23:16:52 ubuntu neutron-server[113375]: DEBUG neutron.api.extensions [None req-b2f5e264-52e5-4311-9ea2-1a4ee62efd62 None None] Extended resource: tags {{(pid=113375) __init__ /opt/stack/neutron/neutron/api/extensions.py:157}}
Aug 24 23:16:52 ubuntu neutron-server[113375]: DEBUG neutron.api.extensions [None req-b2f5e264-52e5-4311-9ea2-1a4ee62efd62 None None] Extended resource: tags {{(pid=113375) __init__ /opt/stack/neutron/neutron/api/extensions.py:157}}
Aug 24 23:16:52 ubuntu neutron-server[113375]: DEBUG neutron.api.extensions [None req-b2f5e264-52e5-4311-9ea2-1a4ee62efd62 None None] Extended resource: tags {{(pid=113375) __init__ /opt/stack/neutron/neutron/api/extensions.py:157}}
Aug 24 23:16:52 ubuntu neutron-server[113375]: DEBUG neutron.api.extensions [None req-b2f5e264-52e5-4311-9ea2-1a4ee62efd62 None None] Extended resource: tags {{(pid=113375) __init__ /opt/stack/neutron/neutron/api/extensions.py:157}}
Aug 24 23:16:52 ubuntu neutron-server[113375]: DEBUG neutron.api.extensions [None req-b2f5e264-52e5-4311-9ea2-1a4ee62efd62 None None] Extended resource: tags {{(pid=113375) __init__ /opt/stack/neutron/neutron/api/extensions.py:157}}
Aug 24 23:16:52 ubuntu neutron-server[113375]: DEBUG neutron.api.extensions [None req-b2f5e264-52e5-4311-9ea2-1a4ee62efd62 None None] Extended resource: tags {{(pid=113375) __init__ /opt/stack/neutron/neutron/api/extensions.py:157}}
Aug 24 23:16:52 ubuntu neutron-server[113375]: WARNING keystonemiddleware.auth_token [None req-b2f5e264-52e5-4311-9ea2-1a4ee62efd62 None None] AuthToken middleware is set with keystone_authtoken.service_token_roles_required set to False. This is backwards compatible but deprecated behaviour. Please set this to True.
Aug 24 23:16:52 ubuntu neutron-server[113375]: WARNING keystonemiddleware.auth_token [None req-b2f5e264-52e5-4311-9ea2-1a4ee62efd62 None None] Configuring www_authenticate_uri to point to the public identity endpoint is required; clients may not be able to authenticate against an admin endpoint
Aug 24 23:16:52 ubuntu neutron-server[113375]: DEBUG oslo_concurrency.lockutils [None req-b2f5e264-52e5-4311-9ea2-1a4ee62efd62 None None] Acquiring lock "singleton_lock" {{(pid=113375) lock /usr/local/lib/python3.8/dist-packages/oslo_concurrency/lockutils.py:293}}
Aug 24 23:16:52 ubuntu neutron-server[113375]: DEBUG oslo_concurrency.lockutils [None req-b2f5e264-52e5-4311-9ea2-1a4ee62efd62 None None] Acquired lock "singleton_lock" {{(pid=113375) lock /usr/local/lib/python3.8/dist-packages/oslo_concurrency/lockutils.py:296}}
Aug 24 23:16:52 ubuntu neutron-server[113375]: DEBUG oslo_concurrency.lockutils [None req-b2f5e264-52e5-4311-9ea2-1a4ee62efd62 None None] Releasing lock "singleton_lock" {{(pid=113375) lock /usr/local/lib/python3.8/dist-packages/oslo_concurrency/lockutils.py:314}}
Aug 24 23:16:52 ubuntu neutron-server[113375]: INFO oslo_service.service [None req-b2f5e264-52e5-4311-9ea2-1a4ee62efd62 None None] Starting 2 workers
Aug 24 23:16:52 ubuntu neutron-server[113375]: DEBUG oslo_service.service [None req-b2f5e264-52e5-4311-9ea2-1a4ee62efd62 None None] Started child 113602 {{(pid=113375) _start_child /usr/local/lib/python3.8/dist-packages/oslo_service/service.py:575}}
Aug 24 23:16:52 ubuntu neutron-server[113375]: DEBUG oslo_service.service [None req-b2f5e264-52e5-4311-9ea2-1a4ee62efd62 None None] Started child 113603 {{(pid=113375) _start_child /usr/local/lib/python3.8/dist-packages/oslo_service/service.py:575}}
Aug 24 23:16:52 ubuntu neutron-server[113602]: DEBUG neutron_lib.callbacks.manager [-] Publish callbacks ['neutron.plugins.ml2.drivers.ovn.mech_driver.mech_driver.OVNMechanismDriver.post_fork_initialize-498623'] for process (None), after_init {{(pid=113602) _notify_loop /usr/local/lib/python3.8/dist-packages/neutron_lib/callbacks/manager.py:176}}
Aug 24 23:16:52 ubuntu neutron-server[113375]: INFO neutron.service [None req-b2f5e264-52e5-4311-9ea2-1a4ee62efd62 None None] Neutron service started, listening on 0.0.0.0:9696
Aug 24 23:16:52 ubuntu neutron-server[113375]: DEBUG neutron_lib.callbacks.manager [None req-b2f5e264-52e5-4311-9ea2-1a4ee62efd62 None None] Publish callbacks ['neutron.plugins.ml2.drivers.ovn.mech_driver.mech_driver.OVNMechanismDriver.pre_fork_initialize-498579'] for process (None), before_spawn {{(pid=113375) _notify_loop /usr/local/lib/python3.8/dist-packages/neutron_lib/callbacks/manager.py:176}}
Aug 24 23:16:52 ubuntu neutron-server[113603]: DEBUG neutron_lib.callbacks.manager [-] Publish callbacks ['neutron.plugins.ml2.drivers.ovn.mech_driver.mech_driver.OVNMechanismDriver.post_fork_initialize-498623'] for process (None), after_init {{(pid=113603) _notify_loop /usr/local/lib/python3.8/dist-packages/neutron_lib/callbacks/manager.py:176}}
Aug 24 23:16:52 ubuntu neutron-server[113602]: DEBUG dbcounter [-] [113602] Writer thread running {{(pid=113602) stat_writer /usr/local/lib/python3.8/dist-packages/dbcounter.py:99}}
Aug 24 23:16:52 ubuntu neutron-server[113603]: DEBUG dbcounter [-] [113603] Writer thread running {{(pid=113603) stat_writer /usr/local/lib/python3.8/dist-packages/dbcounter.py:99}}
Aug 24 23:16:52 ubuntu neutron-server[113602]: INFO neutron.plugins.ml2.drivers.ovn.mech_driver.ovsdb.impl_idl_ovn [None req-2da26698-5766-486d-b84a-9d7a43cf8b0f None None] Getting OvsdbNbOvnIdl for WorkerService with retry
Aug 24 23:16:52 ubuntu neutron-server[113375]: DEBUG ovsdbapp.backend.ovs_idl [None req-b2f5e264-52e5-4311-9ea2-1a4ee62efd62 None None] Created schema index Port_Group.name {{(pid=113375) autocreate_indices /usr/local/lib/python3.8/dist-packages/ovsdbapp/backend/ovs_idl/__init__.py:104}}
Aug 24 23:16:52 ubuntu neutron-server[113375]: DEBUG ovsdbapp.backend.ovs_idl [None req-b2f5e264-52e5-4311-9ea2-1a4ee62efd62 None None] Created schema index Logical_Switch_Port.name {{(pid=113375) autocreate_indices /usr/local/lib/python3.8/dist-packages/ovsdbapp/backend/ovs_idl/__init__.py:104}}
Aug 24 23:16:52 ubuntu neutron-server[113603]: INFO neutron.plugins.ml2.drivers.ovn.mech_driver.ovsdb.impl_idl_ovn [None req-1a9d7e88-254c-4f6b-87e2-5c91b003ca69 None None] Getting OvsdbNbOvnIdl for WorkerService with retry
Aug 24 23:16:52 ubuntu neutron-server[113375]: DEBUG ovsdbapp.backend.ovs_idl.transaction [-] Running txn n=1 command(idx=0): PgAddCommand(name=neutron_pg_drop, may_exist=True, columns={'acls': []}) {{(pid=113375) do_commit /usr/local/lib/python3.8/dist-packages/ovsdbapp/backend/ovs_idl/transaction.py:90}}
Aug 24 23:16:52 ubuntu neutron-server[113375]: DEBUG ovsdbapp.backend.ovs_idl.transaction [-] Running txn n=1 command(idx=1): PgAclAddCommand(entity=neutron_pg_drop, direction=from-lport, priority=1001, match=inport == @neutron_pg_drop && ip, action=drop, log=False, may_exist=True, severity=[], name=[], meter=None, external_ids={}) {{(pid=113375) do_commit /usr/local/lib/python3.8/dist-packages/ovsdbapp/backend/ovs_idl/transaction.py:90}}
Aug 24 23:16:52 ubuntu neutron-server[113375]: DEBUG ovsdbapp.backend.ovs_idl.transaction [-] Running txn n=1 command(idx=2): PgAclAddCommand(entity=neutron_pg_drop, direction=to-lport, priority=1001, match=outport == @neutron_pg_drop && ip, action=drop, log=False, may_exist=True, severity=[], name=[], meter=None, external_ids={}) {{(pid=113375) do_commit /usr/local/lib/python3.8/dist-packages/ovsdbapp/backend/ovs_idl/transaction.py:90}}
Aug 24 23:16:52 ubuntu neutron-server[113375]: DEBUG ovsdbapp.backend.ovs_idl.transaction [-] OVSDB transaction returned TRY_AGAIN, retrying {{(pid=113375) do_commit /usr/local/lib/python3.8/dist-packages/ovsdbapp/backend/ovs_idl/transaction.py:107}}
Aug 24 23:16:52 ubuntu neutron-server[113603]: DEBUG ovsdbapp.backend.ovs_idl [None req-1a9d7e88-254c-4f6b-87e2-5c91b003ca69 None None] Created lookup_table index Logical_Switch.name {{(pid=113603) autocreate_indices /usr/local/lib/python3.8/dist-packages/ovsdbapp/backend/ovs_idl/__init__.py:85}}
Aug 24 23:16:52 ubuntu neutron-server[113603]: DEBUG ovsdbapp.backend.ovs_idl [None req-1a9d7e88-254c-4f6b-87e2-5c91b003ca69 None None] Created lookup_table index Logical_Router.name {{(pid=113603) autocreate_indices /usr/local/lib/python3.8/dist-packages/ovsdbapp/backend/ovs_idl/__init__.py:85}}
Aug 24 23:16:52 ubuntu neutron-server[113603]: DEBUG ovsdbapp.backend.ovs_idl [None req-1a9d7e88-254c-4f6b-87e2-5c91b003ca69 None None] Created lookup_table index Load_Balancer.name {{(pid=113603) autocreate_indices /usr/local/lib/python3.8/dist-packages/ovsdbapp/backend/ovs_idl/__init__.py:85}}
Aug 24 23:16:52 ubuntu neutron-server[113603]: DEBUG ovsdbapp.backend.ovs_idl [None req-1a9d7e88-254c-4f6b-87e2-5c91b003ca69 None None] Created schema index Meter.name {{(pid=113603) autocreate_indices /usr/local/lib/python3.8/dist-packages/ovsdbapp/backend/ovs_idl/__init__.py:104}}
Aug 24 23:16:52 ubuntu neutron-server[113603]: DEBUG ovsdbapp.backend.ovs_idl [None req-1a9d7e88-254c-4f6b-87e2-5c91b003ca69 None None] Created schema index Address_Set.name {{(pid=113603) autocreate_indices /usr/local/lib/python3.8/dist-packages/ovsdbapp/backend/ovs_idl/__init__.py:104}}
Aug 24 23:16:52 ubuntu neutron-server[113603]: DEBUG ovsdbapp.backend.ovs_idl [None req-1a9d7e88-254c-4f6b-87e2-5c91b003ca69 None None] Created schema index HA_Chassis_Group.name {{(pid=113603) autocreate_indices /usr/local/lib/python3.8/dist-packages/ovsdbapp/backend/ovs_idl/__init__.py:104}}
Aug 24 23:16:52 ubuntu neutron-server[113603]: DEBUG ovsdbapp.backend.ovs_idl [None req-1a9d7e88-254c-4f6b-87e2-5c91b003ca69 None None] Created schema index Connection.target {{(pid=113603) autocreate_indices /usr/local/lib/python3.8/dist-packages/ovsdbapp/backend/ovs_idl/__init__.py:104}}
Aug 24 23:16:52 ubuntu neutron-server[113603]: DEBUG ovsdbapp.backend.ovs_idl [None req-1a9d7e88-254c-4f6b-87e2-5c91b003ca69 None None] Created schema index Gateway_Chassis.name {{(pid=113603) autocreate_indices /usr/local/lib/python3.8/dist-packages/ovsdbapp/backend/ovs_idl/__init__.py:104}}
Aug 24 23:16:52 ubuntu neutron-server[113602]: DEBUG ovsdbapp.backend.ovs_idl [None req-2da26698-5766-486d-b84a-9d7a43cf8b0f None None] Created lookup_table index Logical_Switch.name {{(pid=113602) autocreate_indices /usr/local/lib/python3.8/dist-packages/ovsdbapp/backend/ovs_idl/__init__.py:85}}
Aug 24 23:16:52 ubuntu neutron-server[113603]: DEBUG ovsdbapp.backend.ovs_idl [None req-1a9d7e88-254c-4f6b-87e2-5c91b003ca69 None None] Created schema index Logical_Router_Port.name {{(pid=113603) autocreate_indices /usr/local/lib/python3.8/dist-packages/ovsdbapp/backend/ovs_idl/__init__.py:104}}
Aug 24 23:16:52 ubuntu neutron-server[113602]: DEBUG ovsdbapp.backend.ovs_idl [None req-2da26698-5766-486d-b84a-9d7a43cf8b0f None None] Created lookup_table index Logical_Router.name {{(pid=113602) autocreate_indices /usr/local/lib/python3.8/dist-packages/ovsdbapp/backend/ovs_idl/__init__.py:85}}
Aug 24 23:16:52 ubuntu neutron-server[113603]: DEBUG ovsdbapp.backend.ovs_idl [None req-1a9d7e88-254c-4f6b-87e2-5c91b003ca69 None None] Created schema index Port_Group.name {{(pid=113603) autocreate_indices /usr/local/lib/python3.8/dist-packages/ovsdbapp/backend/ovs_idl/__init__.py:104}}
Aug 24 23:16:52 ubuntu neutron-server[113602]: DEBUG ovsdbapp.backend.ovs_idl [None req-2da26698-5766-486d-b84a-9d7a43cf8b0f None None] Created lookup_table index Load_Balancer.name {{(pid=113602) autocreate_indices /usr/local/lib/python3.8/dist-packages/ovsdbapp/backend/ovs_idl/__init__.py:85}}
Aug 24 23:16:52 ubuntu neutron-server[113602]: DEBUG ovsdbapp.backend.ovs_idl [None req-2da26698-5766-486d-b84a-9d7a43cf8b0f None None] Created schema index Meter.name {{(pid=113602) autocreate_indices /usr/local/lib/python3.8/dist-packages/ovsdbapp/backend/ovs_idl/__init__.py:104}}
Aug 24 23:16:52 ubuntu neutron-server[113603]: DEBUG ovsdbapp.backend.ovs_idl [None req-1a9d7e88-254c-4f6b-87e2-5c91b003ca69 None None] Created schema index Logical_Switch_Port.name {{(pid=113603) autocreate_indices /usr/local/lib/python3.8/dist-packages/ovsdbapp/backend/ovs_idl/__init__.py:104}}
Aug 24 23:16:52 ubuntu neutron-server[113602]: DEBUG ovsdbapp.backend.ovs_idl [None req-2da26698-5766-486d-b84a-9d7a43cf8b0f None None] Created schema index Address_Set.name {{(pid=113602) autocreate_indices /usr/local/lib/python3.8/dist-packages/ovsdbapp/backend/ovs_idl/__init__.py:104}}
Aug 24 23:16:52 ubuntu neutron-server[113602]: DEBUG ovsdbapp.backend.ovs_idl [None req-2da26698-5766-486d-b84a-9d7a43cf8b0f None None] Created schema index HA_Chassis_Group.name {{(pid=113602) autocreate_indices /usr/local/lib/python3.8/dist-packages/ovsdbapp/backend/ovs_idl/__init__.py:104}}
Aug 24 23:16:52 ubuntu neutron-server[113603]: INFO ovsdbapp.backend.ovs_idl.vlog [None req-1a9d7e88-254c-4f6b-87e2-5c91b003ca69 None None] tcp:192.168.79.47:6641: connecting...
Aug 24 23:16:52 ubuntu neutron-server[113602]: DEBUG ovsdbapp.backend.ovs_idl [None req-2da26698-5766-486d-b84a-9d7a43cf8b0f None None] Created schema index Connection.target {{(pid=113602) autocreate_indices /usr/local/lib/python3.8/dist-packages/ovsdbapp/backend/ovs_idl/__init__.py:104}}
Aug 24 23:16:52 ubuntu neutron-server[113602]: DEBUG ovsdbapp.backend.ovs_idl [None req-2da26698-5766-486d-b84a-9d7a43cf8b0f None None] Created schema index Gateway_Chassis.name {{(pid=113602) autocreate_indices /usr/local/lib/python3.8/dist-packages/ovsdbapp/backend/ovs_idl/__init__.py:104}}
Aug 24 23:16:52 ubuntu neutron-server[113603]: INFO ovsdbapp.backend.ovs_idl.vlog [None req-1a9d7e88-254c-4f6b-87e2-5c91b003ca69 None None] tcp:192.168.79.47:6641: connected
Aug 24 23:16:52 ubuntu neutron-server[113602]: DEBUG ovsdbapp.backend.ovs_idl [None req-2da26698-5766-486d-b84a-9d7a43cf8b0f None None] Created schema index Logical_Router_Port.name {{(pid=113602) autocreate_indices /usr/local/lib/python3.8/dist-packages/ovsdbapp/backend/ovs_idl/__init__.py:104}}
Aug 24 23:16:52 ubuntu neutron-server[113602]: DEBUG ovsdbapp.backend.ovs_idl [None req-2da26698-5766-486d-b84a-9d7a43cf8b0f None None] Created schema index Port_Group.name {{(pid=113602) autocreate_indices /usr/local/lib/python3.8/dist-packages/ovsdbapp/backend/ovs_idl/__init__.py:104}}
Aug 24 23:16:52 ubuntu neutron-server[113602]: DEBUG ovsdbapp.backend.ovs_idl [None req-2da26698-5766-486d-b84a-9d7a43cf8b0f None None] Created schema index Logical_Switch_Port.name {{(pid=113602) autocreate_indices /usr/local/lib/python3.8/dist-packages/ovsdbapp/backend/ovs_idl/__init__.py:104}}
Aug 24 23:16:52 ubuntu neutron-server[113602]: INFO ovsdbapp.backend.ovs_idl.vlog [None req-2da26698-5766-486d-b84a-9d7a43cf8b0f None None] tcp:192.168.79.47:6641: connecting...
Aug 24 23:16:52 ubuntu neutron-server[113602]: INFO ovsdbapp.backend.ovs_idl.vlog [None req-2da26698-5766-486d-b84a-9d7a43cf8b0f None None] tcp:192.168.79.47:6641: connected
Aug 24 23:16:52 ubuntu neutron-server[113603]: DEBUG neutron.common.ovn.hash_ring_manager [None req-1a9d7e88-254c-4f6b-87e2-5c91b003ca69 None None] Allow caching, nodes 2>=2 {{(pid=113603) _wait_startup_before_caching /opt/stack/neutron/neutron/common/ovn/hash_ring_manager.py:60}}
Aug 24 23:16:52 ubuntu neutron-server[113602]: DEBUG neutron.common.ovn.hash_ring_manager [None req-2da26698-5766-486d-b84a-9d7a43cf8b0f None None] Allow caching, nodes 2>=2 {{(pid=113602) _wait_startup_before_caching /opt/stack/neutron/neutron/common/ovn/hash_ring_manager.py:60}}
Aug 24 23:16:52 ubuntu neutron-server[113603]: DEBUG neutron.plugins.ml2.drivers.ovn.mech_driver.ovsdb.ovsdb_monitor [None req-1a9d7e88-254c-4f6b-87e2-5c91b003ca69 None None] Hash Ring: Node 1873f9a8-35e6-4fbd-b37d-3f8ed7e32cca (host: ubuntu) handling event "create" for row 135e6db8-34dc-4238-ab8f-9bcf1a8c232c (table: NB_Global) {{(pid=113603) notify /opt/stack/neutron/neutron/plugins/ml2/drivers/ovn/mech_driver/ovsdb/ovsdb_monitor.py:743}}
Aug 24 23:16:52 ubuntu neutron-server[113603]: DEBUG neutron.plugins.ml2.drivers.ovn.mech_driver.ovsdb.ovsdb_monitor [None req-1a9d7e88-254c-4f6b-87e2-5c91b003ca69 None None] Hash Ring: Node 1873f9a8-35e6-4fbd-b37d-3f8ed7e32cca (host: ubuntu) handling event "create" for row 974094c7-68d7-427d-a439-450eb827b2f9 (table: Connection) {{(pid=113603) notify /opt/stack/neutron/neutron/plugins/ml2/drivers/ovn/mech_driver/ovsdb/ovsdb_monitor.py:743}}
Aug 24 23:16:52 ubuntu neutron-server[113603]: INFO neutron.plugins.ml2.drivers.ovn.mech_driver.ovsdb.impl_idl_ovn [None req-1a9d7e88-254c-4f6b-87e2-5c91b003ca69 None None] Getting OvsdbSbOvnIdl for WorkerService with retry
Aug 24 23:16:52 ubuntu neutron-server[113602]: DEBUG neutron.plugins.ml2.drivers.ovn.mech_driver.ovsdb.ovsdb_monitor [None req-2da26698-5766-486d-b84a-9d7a43cf8b0f None None] Hash Ring: Node da26777c-5b09-4684-9eb3-b92e88c48d81 (host: ubuntu) handling event "create" for row b11b4693-ea0b-45ad-92ab-1d647d1bc6fc (table: Database) {{(pid=113602) notify /opt/stack/neutron/neutron/plugins/ml2/drivers/ovn/mech_driver/ovsdb/ovsdb_monitor.py:743}}
Aug 24 23:16:52 ubuntu neutron-server[113602]: DEBUG neutron.plugins.ml2.drivers.ovn.mech_driver.ovsdb.ovsdb_monitor [None req-2da26698-5766-486d-b84a-9d7a43cf8b0f None None] Hash Ring: Node da26777c-5b09-4684-9eb3-b92e88c48d81 (host: ubuntu) handling event "create" for row 1a4cfb63-2ac4-40c1-b91d-5f32aac412c1 (table: Database) {{(pid=113602) notify /opt/stack/neutron/neutron/plugins/ml2/drivers/ovn/mech_driver/ovsdb/ovsdb_monitor.py:743}}
Aug 24 23:16:52 ubuntu neutron-server[113602]: INFO neutron.plugins.ml2.drivers.ovn.mech_driver.ovsdb.impl_idl_ovn [None req-2da26698-5766-486d-b84a-9d7a43cf8b0f None None] Getting OvsdbSbOvnIdl for WorkerService with retry
Aug 24 23:16:52 ubuntu neutron-server[113603]: DEBUG ovsdbapp.backend.ovs_idl [None req-1a9d7e88-254c-4f6b-87e2-5c91b003ca69 None None] Created lookup_table index Chassis.name {{(pid=113603) autocreate_indices /usr/local/lib/python3.8/dist-packages/ovsdbapp/backend/ovs_idl/__init__.py:85}}
Aug 24 23:16:52 ubuntu neutron-server[113603]: DEBUG ovsdbapp.backend.ovs_idl [None req-1a9d7e88-254c-4f6b-87e2-5c91b003ca69 None None] Created schema index Datapath_Binding.tunnel_key {{(pid=113603) autocreate_indices /usr/local/lib/python3.8/dist-packages/ovsdbapp/backend/ovs_idl/__init__.py:104}}
Aug 24 23:16:52 ubuntu neutron-server[113603]: DEBUG ovsdbapp.backend.ovs_idl [None req-1a9d7e88-254c-4f6b-87e2-5c91b003ca69 None None] Created schema index Connection.target {{(pid=113603) autocreate_indices /usr/local/lib/python3.8/dist-packages/ovsdbapp/backend/ovs_idl/__init__.py:104}}
Aug 24 23:16:52 ubuntu neutron-server[113603]: INFO ovsdbapp.backend.ovs_idl.vlog [None req-1a9d7e88-254c-4f6b-87e2-5c91b003ca69 None None] tcp:192.168.79.47:6642: connecting...
Aug 24 23:16:52 ubuntu neutron-server[113603]: INFO ovsdbapp.backend.ovs_idl.vlog [None req-1a9d7e88-254c-4f6b-87e2-5c91b003ca69 None None] tcp:192.168.79.47:6642: connected
Aug 24 23:16:52 ubuntu neutron-server[113602]: DEBUG ovsdbapp.backend.ovs_idl [None req-2da26698-5766-486d-b84a-9d7a43cf8b0f None None] Created lookup_table index Chassis.name {{(pid=113602) autocreate_indices /usr/local/lib/python3.8/dist-packages/ovsdbapp/backend/ovs_idl/__init__.py:85}}
Aug 24 23:16:52 ubuntu neutron-server[113602]: DEBUG ovsdbapp.backend.ovs_idl [None req-2da26698-5766-486d-b84a-9d7a43cf8b0f None None] Created schema index Datapath_Binding.tunnel_key {{(pid=113602) autocreate_indices /usr/local/lib/python3.8/dist-packages/ovsdbapp/backend/ovs_idl/__init__.py:104}}
Aug 24 23:16:52 ubuntu neutron-server[113602]: DEBUG ovsdbapp.backend.ovs_idl [None req-2da26698-5766-486d-b84a-9d7a43cf8b0f None None] Created schema index Connection.target {{(pid=113602) autocreate_indices /usr/local/lib/python3.8/dist-packages/ovsdbapp/backend/ovs_idl/__init__.py:104}}
Aug 24 23:16:52 ubuntu neutron-server[113602]: INFO ovsdbapp.backend.ovs_idl.vlog [None req-2da26698-5766-486d-b84a-9d7a43cf8b0f None None] tcp:192.168.79.47:6642: connecting...
Aug 24 23:16:52 ubuntu neutron-server[113602]: INFO ovsdbapp.backend.ovs_idl.vlog [None req-2da26698-5766-486d-b84a-9d7a43cf8b0f None None] tcp:192.168.79.47:6642: connected
Aug 24 23:16:52 ubuntu neutron-server[113603]: DEBUG neutron.common.ovn.hash_ring_manager [None req-1a9d7e88-254c-4f6b-87e2-5c91b003ca69 None None] Allow caching, nodes 2>=2 {{(pid=113603) _wait_startup_before_caching /opt/stack/neutron/neutron/common/ovn/hash_ring_manager.py:60}}
Aug 24 23:16:52 ubuntu neutron-server[113603]: DEBUG neutron.plugins.ml2.drivers.ovn.mech_driver.ovsdb.ovsdb_monitor [None req-1a9d7e88-254c-4f6b-87e2-5c91b003ca69 None None] Hash Ring: Node 1873f9a8-35e6-4fbd-b37d-3f8ed7e32cca (host: ubuntu) handling event "create" for row 65867cf2-1383-4702-9bcf-35bd30484b59 (table: Database) {{(pid=113603) notify /opt/stack/neutron/neutron/plugins/ml2/drivers/ovn/mech_driver/ovsdb/ovsdb_monitor.py:743}}
Aug 24 23:16:52 ubuntu neutron-server[113602]: DEBUG neutron.common.ovn.hash_ring_manager [None req-2da26698-5766-486d-b84a-9d7a43cf8b0f None None] Allow caching, nodes 2>=2 {{(pid=113602) _wait_startup_before_caching /opt/stack/neutron/neutron/common/ovn/hash_ring_manager.py:60}}
Aug 24 23:16:52 ubuntu neutron-server[113603]: DEBUG neutron.plugins.ml2.drivers.ovn.mech_driver.ovsdb.ovsdb_monitor [None req-1a9d7e88-254c-4f6b-87e2-5c91b003ca69 None None] ChassisAgentWriteEvent : Matched Chassis, create, None None {{(pid=113603) matches /opt/stack/neutron/neutron/plugins/ml2/drivers/ovn/mech_driver/ovsdb/ovsdb_monitor.py:62}}
Aug 24 23:16:52 ubuntu neutron-server[113603]: DEBUG neutron.plugins.ml2.drivers.ovn.mech_driver.ovsdb.ovsdb_monitor [None req-1a9d7e88-254c-4f6b-87e2-5c91b003ca69 None None] ChassisMetadataAgentWriteEvent : Matched Chassis, create, None None {{(pid=113603) matches /opt/stack/neutron/neutron/plugins/ml2/drivers/ovn/mech_driver/ovsdb/ovsdb_monitor.py:62}}
Aug 24 23:16:52 ubuntu neutron-server[113603]: DEBUG neutron.plugins.ml2.drivers.ovn.mech_driver.ovsdb.ovsdb_monitor [None req-1a9d7e88-254c-4f6b-87e2-5c91b003ca69 None None] Hash Ring: Node 1873f9a8-35e6-4fbd-b37d-3f8ed7e32cca (host: ubuntu) handling event "create" for row f6fb584b-6de7-447c-b67b-c91c10fff5f2 (table: Chassis) {{(pid=113603) notify /opt/stack/neutron/neutron/plugins/ml2/drivers/ovn/mech_driver/ovsdb/ovsdb_monitor.py:743}}
Aug 24 23:16:52 ubuntu neutron-server[113603]: DEBUG neutron.plugins.ml2.drivers.ovn.mech_driver.ovsdb.ovsdb_monitor [None req-1a9d7e88-254c-4f6b-87e2-5c91b003ca69 None None] Hash Ring: Node 1873f9a8-35e6-4fbd-b37d-3f8ed7e32cca (host: ubuntu) handling event "create" for row 92e0924c-aba0-4a2b-91c8-586fd69e915e (table: Connection) {{(pid=113603) notify /opt/stack/neutron/neutron/plugins/ml2/drivers/ovn/mech_driver/ovsdb/ovsdb_monitor.py:743}}
Aug 24 23:16:52 ubuntu neutron-server[113602]: DEBUG neutron.plugins.ml2.drivers.ovn.mech_driver.ovsdb.ovsdb_monitor [None req-2da26698-5766-486d-b84a-9d7a43cf8b0f None None] Hash Ring: Node da26777c-5b09-4684-9eb3-b92e88c48d81 (host: ubuntu) handling event "create" for row 956f3fc3-56ff-4a36-8d8d-48c8c61d9294 (table: Database) {{(pid=113602) notify /opt/stack/neutron/neutron/plugins/ml2/drivers/ovn/mech_driver/ovsdb/ovsdb_monitor.py:743}}
Aug 24 23:16:52 ubuntu neutron-server[113602]: DEBUG neutron.plugins.ml2.drivers.ovn.mech_driver.ovsdb.ovsdb_monitor [None req-2da26698-5766-486d-b84a-9d7a43cf8b0f None None] Hash Ring: Node da26777c-5b09-4684-9eb3-b92e88c48d81 (host: ubuntu) handling event "create" for row 7116fc10-3d2e-4d28-bd26-39c033221798 (table: Encap) {{(pid=113602) notify /opt/stack/neutron/neutron/plugins/ml2/drivers/ovn/mech_driver/ovsdb/ovsdb_monitor.py:743}}
Aug 24 23:16:52 ubuntu neutron-server[113602]: DEBUG neutron.plugins.ml2.drivers.ovn.mech_driver.ovsdb.ovsdb_monitor [None req-2da26698-5766-486d-b84a-9d7a43cf8b0f None None] ChassisAgentWriteEvent : Matched Chassis, create, None None {{(pid=113602) matches /opt/stack/neutron/neutron/plugins/ml2/drivers/ovn/mech_driver/ovsdb/ovsdb_monitor.py:62}}
Aug 24 23:16:52 ubuntu neutron-server[113602]: DEBUG neutron.plugins.ml2.drivers.ovn.mech_driver.ovsdb.ovsdb_monitor [None req-2da26698-5766-486d-b84a-9d7a43cf8b0f None None] ChassisMetadataAgentWriteEvent : Matched Chassis, create, None None {{(pid=113602) matches /opt/stack/neutron/neutron/plugins/ml2/drivers/ovn/mech_driver/ovsdb/ovsdb_monitor.py:62}}
Aug 24 23:16:52 ubuntu neutron-server[113603]: INFO neutron.wsgi [-] (113603) wsgi starting up on http://0.0.0.0:9696
Aug 24 23:16:52 ubuntu neutron-server[113602]: INFO neutron.wsgi [-] (113602) wsgi starting up on http://0.0.0.0:9696
Aug 24 23:16:52 ubuntu neutron-server[113603]: DEBUG neutron.wsgi [-] (113603) accepted ('192.168.79.47', 40868) {{(pid=113603) server /usr/local/lib/python3.8/dist-packages/eventlet/wsgi.py:1004}}
Aug 24 23:16:52 ubuntu neutron-server[113603]: INFO neutron.wsgi [-] 192.168.79.47 "GET /networking HTTP/1.1" status: 302  len: 450 time: 0.0055714
Aug 24 23:16:52 ubuntu neutron-server[113603]: INFO neutron.wsgi [-] 192.168.79.47 "GET /networking/ HTTP/1.1" status: 200  len: 266 time: 0.0026255
Aug 24 23:16:53 ubuntu neutron-server[113603]: DEBUG neutron.plugins.ml2.drivers.ovn.mech_driver.ovsdb.ovsdb_monitor [-] Hash Ring: Node 1873f9a8-35e6-4fbd-b37d-3f8ed7e32cca (host: ubuntu) handling event "update" for row 92e0924c-aba0-4a2b-91c8-586fd69e915e (table: Connection) {{(pid=113603) notify /opt/stack/neutron/neutron/plugins/ml2/drivers/ovn/mech_driver/ovsdb/ovsdb_monitor.py:743}}
Aug 24 23:16:53 ubuntu neutron-server[113603]: DEBUG neutron.plugins.ml2.drivers.ovn.mech_driver.ovsdb.ovsdb_monitor [-] Hash Ring: Node 1873f9a8-35e6-4fbd-b37d-3f8ed7e32cca (host: ubuntu) handling event "update" for row 974094c7-68d7-427d-a439-450eb827b2f9 (table: Connection) {{(pid=113603) notify /opt/stack/neutron/neutron/plugins/ml2/drivers/ovn/mech_driver/ovsdb/ovsdb_monitor.py:743}}
Aug 24 23:16:53 ubuntu neutron-server[113375]: DEBUG ovsdbapp.backend.ovs_idl.transaction [-] Running txn n=2 command(idx=0): PgAddCommand(name=neutron_pg_drop, may_exist=True, columns={'acls': []}) {{(pid=113375) do_commit /usr/local/lib/python3.8/dist-packages/ovsdbapp/backend/ovs_idl/transaction.py:90}}
Aug 24 23:16:53 ubuntu neutron-server[113375]: DEBUG ovsdbapp.backend.ovs_idl.transaction [-] Running txn n=2 command(idx=1): PgAclAddCommand(entity=neutron_pg_drop, direction=from-lport, priority=1001, match=inport == @neutron_pg_drop && ip, action=drop, log=False, may_exist=True, severity=[], name=[], meter=None, external_ids={}) {{(pid=113375) do_commit /usr/local/lib/python3.8/dist-packages/ovsdbapp/backend/ovs_idl/transaction.py:90}}
Aug 24 23:16:53 ubuntu neutron-server[113375]: DEBUG ovsdbapp.backend.ovs_idl.transaction [-] Running txn n=2 command(idx=2): PgAclAddCommand(entity=neutron_pg_drop, direction=to-lport, priority=1001, match=outport == @neutron_pg_drop && ip, action=drop, log=False, may_exist=True, severity=[], name=[], meter=None, external_ids={}) {{(pid=113375) do_commit /usr/local/lib/python3.8/dist-packages/ovsdbapp/backend/ovs_idl/transaction.py:90}}
Aug 24 23:16:53 ubuntu neutron-server[113375]: DEBUG ovsdbapp.backend.ovs_idl.transaction [-] OVSDB transaction returned TRY_AGAIN, retrying {{(pid=113375) do_commit /usr/local/lib/python3.8/dist-packages/ovsdbapp/backend/ovs_idl/transaction.py:107}}
Aug 24 23:16:55 ubuntu neutron-server[113375]: DEBUG ovsdbapp.backend.ovs_idl.transaction [-] Running txn n=3 command(idx=0): PgAddCommand(name=neutron_pg_drop, may_exist=True, columns={'acls': []}) {{(pid=113375) do_commit /usr/local/lib/python3.8/dist-packages/ovsdbapp/backend/ovs_idl/transaction.py:90}}
Aug 24 23:16:55 ubuntu neutron-server[113375]: DEBUG ovsdbapp.backend.ovs_idl.transaction [-] Running txn n=3 command(idx=1): PgAclAddCommand(entity=neutron_pg_drop, direction=from-lport, priority=1001, match=inport == @neutron_pg_drop && ip, action=drop, log=False, may_exist=True, severity=[], name=[], meter=None, external_ids={}) {{(pid=113375) do_commit /usr/local/lib/python3.8/dist-packages/ovsdbapp/backend/ovs_idl/transaction.py:90}}
Aug 24 23:16:55 ubuntu neutron-server[113375]: DEBUG ovsdbapp.backend.ovs_idl.transaction [-] Running txn n=3 command(idx=2): PgAclAddCommand(entity=neutron_pg_drop, direction=to-lport, priority=1001, match=outport == @neutron_pg_drop && ip, action=drop, log=False, may_exist=True, severity=[], name=[], meter=None, external_ids={}) {{(pid=113375) do_commit /usr/local/lib/python3.8/dist-packages/ovsdbapp/backend/ovs_idl/transaction.py:90}}
Aug 24 23:16:55 ubuntu neutron-server[113603]: DEBUG neutron.plugins.ml2.drivers.ovn.mech_driver.ovsdb.ovsdb_monitor [-] Hash Ring: Node 1873f9a8-35e6-4fbd-b37d-3f8ed7e32cca (host: ubuntu) handling event "create" for row 60bed9f9-ead4-48a0-a387-d466714f9ed2 (table: ACL) {{(pid=113603) notify /opt/stack/neutron/neutron/plugins/ml2/drivers/ovn/mech_driver/ovsdb/ovsdb_monitor.py:743}}
Aug 24 23:16:55 ubuntu neutron-server[113602]: DEBUG neutron.plugins.ml2.drivers.ovn.mech_driver.ovsdb.ovsdb_monitor [-] Hash Ring: Node da26777c-5b09-4684-9eb3-b92e88c48d81 (host: ubuntu) handling event "create" for row aac68488-ac90-45fe-9724-e3aaabbed3b8 (table: Port_Group) {{(pid=113602) notify /opt/stack/neutron/neutron/plugins/ml2/drivers/ovn/mech_driver/ovsdb/ovsdb_monitor.py:743}}
Aug 24 23:16:55 ubuntu neutron-server[113375]: DEBUG ovsdbapp.backend.ovs_idl.event [-] Matched CREATE: NeutronPgDropPortGroupCreated(events=('create',), table='Port_Group', conditions=(('name', '=', 'neutron_pg_drop'),), old_conditions=None), priority=10 to row=Port_Group(name=neutron_pg_drop, ports=[], external_ids={}, acls=[<ovs.db.idl.Row object at 0x7f974ba160d0>, <ovs.db.idl.Row object at 0x7f974ba16880>]) old= {{(pid=113375) matches /usr/local/lib/python3.8/dist-packages/ovsdbapp/backend/ovs_idl/event.py:43}}
Aug 24 23:16:55 ubuntu neutron-server[113602]: DEBUG neutron.plugins.ml2.drivers.ovn.mech_driver.ovsdb.ovsdb_monitor [-] Hash Ring: Node da26777c-5b09-4684-9eb3-b92e88c48d81 (host: ubuntu) handling event "create" for row 5a1717f7-55bb-4129-ad97-99e06108e900 (table: ACL) {{(pid=113602) notify /opt/stack/neutron/neutron/plugins/ml2/drivers/ovn/mech_driver/ovsdb/ovsdb_monitor.py:743}}
Aug 24 23:16:55 ubuntu neutron-server[113375]: DEBUG ovsdbapp.backend.ovs_idl [None req-b2f5e264-52e5-4311-9ea2-1a4ee62efd62 None None] Created lookup_table index Logical_Switch.name {{(pid=113375) autocreate_indices /usr/local/lib/python3.8/dist-packages/ovsdbapp/backend/ovs_idl/__init__.py:85}}
Aug 24 23:16:55 ubuntu neutron-server[113375]: DEBUG ovsdbapp.backend.ovs_idl [None req-b2f5e264-52e5-4311-9ea2-1a4ee62efd62 None None] Created lookup_table index Logical_Router.name {{(pid=113375) autocreate_indices /usr/local/lib/python3.8/dist-packages/ovsdbapp/backend/ovs_idl/__init__.py:85}}
Aug 24 23:16:55 ubuntu neutron-server[113375]: DEBUG ovsdbapp.backend.ovs_idl [None req-b2f5e264-52e5-4311-9ea2-1a4ee62efd62 None None] Created lookup_table index Load_Balancer.name {{(pid=113375) autocreate_indices /usr/local/lib/python3.8/dist-packages/ovsdbapp/backend/ovs_idl/__init__.py:85}}
Aug 24 23:16:55 ubuntu neutron-server[113375]: DEBUG ovsdbapp.backend.ovs_idl [None req-b2f5e264-52e5-4311-9ea2-1a4ee62efd62 None None] Created schema index Meter.name {{(pid=113375) autocreate_indices /usr/local/lib/python3.8/dist-packages/ovsdbapp/backend/ovs_idl/__init__.py:104}}
Aug 24 23:16:55 ubuntu neutron-server[113375]: DEBUG ovsdbapp.backend.ovs_idl [None req-b2f5e264-52e5-4311-9ea2-1a4ee62efd62 None None] Created schema index Address_Set.name {{(pid=113375) autocreate_indices /usr/local/lib/python3.8/dist-packages/ovsdbapp/backend/ovs_idl/__init__.py:104}}
Aug 24 23:16:55 ubuntu neutron-server[113375]: DEBUG ovsdbapp.backend.ovs_idl [None req-b2f5e264-52e5-4311-9ea2-1a4ee62efd62 None None] Created schema index HA_Chassis_Group.name {{(pid=113375) autocreate_indices /usr/local/lib/python3.8/dist-packages/ovsdbapp/backend/ovs_idl/__init__.py:104}}
Aug 24 23:16:55 ubuntu neutron-server[113375]: DEBUG ovsdbapp.backend.ovs_idl [None req-b2f5e264-52e5-4311-9ea2-1a4ee62efd62 None None] Created schema index Connection.target {{(pid=113375) autocreate_indices /usr/local/lib/python3.8/dist-packages/ovsdbapp/backend/ovs_idl/__init__.py:104}}
Aug 24 23:16:55 ubuntu neutron-server[113375]: DEBUG ovsdbapp.backend.ovs_idl [None req-b2f5e264-52e5-4311-9ea2-1a4ee62efd62 None None] Created schema index Gateway_Chassis.name {{(pid=113375) autocreate_indices /usr/local/lib/python3.8/dist-packages/ovsdbapp/backend/ovs_idl/__init__.py:104}}
Aug 24 23:16:55 ubuntu neutron-server[113375]: DEBUG ovsdbapp.backend.ovs_idl [None req-b2f5e264-52e5-4311-9ea2-1a4ee62efd62 None None] Created schema index Logical_Router_Port.name {{(pid=113375) autocreate_indices /usr/local/lib/python3.8/dist-packages/ovsdbapp/backend/ovs_idl/__init__.py:104}}
Aug 24 23:16:55 ubuntu neutron-server[113375]: DEBUG ovsdbapp.backend.ovs_idl [None req-b2f5e264-52e5-4311-9ea2-1a4ee62efd62 None None] Created schema index Port_Group.name {{(pid=113375) autocreate_indices /usr/local/lib/python3.8/dist-packages/ovsdbapp/backend/ovs_idl/__init__.py:104}}
