Jul 07 12:35:23 ubuntu neutron-server[128616]: DEBUG neutron.api.extensions [None req-a77069a3-a9fc-4c15-b643-ff3080ebee17 None None] Ext name="Trunk port details" alias="trunk-details" description="Expose trunk port details" updated="2016-01-01T10:00:00-00:00" {{(pid=128616) _check_extension /opt/stack/neutron/neutron/api/extensions.py:416}}
Jul 07 12:35:23 ubuntu neutron-server[128616]: INFO neutron.api.extensions [None req-a77069a3-a9fc-4c15-b643-ff3080ebee17 None None] Extension trunk-details not supported by any of loaded plugins
Jul 07 12:35:23 ubuntu neutron-server[128616]: DEBUG neutron.api.extensions [None req-a77069a3-a9fc-4c15-b643-ff3080ebee17 None None] Loading extension file: uplink_status_propagation.py {{(pid=128616) _load_all_extensions_from_path /opt/stack/neutron/neutron/api/extensions.py:450}}
Jul 07 12:35:23 ubuntu neutron-server[128616]: DEBUG neutron.api.extensions [None req-a77069a3-a9fc-4c15-b643-ff3080ebee17 None None] Ext name="Uplink status propagation extension" alias="uplink-status-propagation" description="Provides ability to propagate port uplink status." updated="2018-05-31T18:00:00-00:00" {{(pid=128616) _check_extension /opt/stack/neutron/neutron/api/extensions.py:416}}
Jul 07 12:35:23 ubuntu neutron-server[128616]: INFO neutron.api.extensions [None req-a77069a3-a9fc-4c15-b643-ff3080ebee17 None None] Extension uplink-status-propagation not supported by any of loaded plugins
Jul 07 12:35:23 ubuntu neutron-server[128616]: DEBUG neutron.api.extensions [None req-a77069a3-a9fc-4c15-b643-ff3080ebee17 None None] Loading extension file: vlantransparent.py {{(pid=128616) _load_all_extensions_from_path /opt/stack/neutron/neutron/api/extensions.py:450}}
Jul 07 12:35:23 ubuntu neutron-server[128616]: DEBUG neutron.api.extensions [None req-a77069a3-a9fc-4c15-b643-ff3080ebee17 None None] Ext name="Vlantransparent" alias="vlan-transparent" description="Provides Vlan Transparent Networks" updated="2015-03-23T09:00:00-00:00" {{(pid=128616) _check_extension /opt/stack/neutron/neutron/api/extensions.py:416}}
Jul 07 12:35:23 ubuntu neutron-server[128616]: INFO neutron.api.extensions [None req-a77069a3-a9fc-4c15-b643-ff3080ebee17 None None] Extension vlan-transparent not supported by any of loaded plugins
Jul 07 12:35:23 ubuntu neutron-server[128616]: INFO neutron.quota.resource_registry [None req-a77069a3-a9fc-4c15-b643-ff3080ebee17 None None] Creating instance of TrackedResource for resource:network
Jul 07 12:35:23 ubuntu neutron-server[128616]: INFO neutron.quota.resource_registry [None req-a77069a3-a9fc-4c15-b643-ff3080ebee17 None None] Creating instance of TrackedResource for resource:subnet
Jul 07 12:35:23 ubuntu neutron-server[128616]: INFO neutron.quota.resource_registry [None req-a77069a3-a9fc-4c15-b643-ff3080ebee17 None None] Creating instance of TrackedResource for resource:subnetpool
Jul 07 12:35:23 ubuntu neutron-server[128616]: INFO neutron.quota.resource_registry [None req-a77069a3-a9fc-4c15-b643-ff3080ebee17 None None] Creating instance of TrackedResource for resource:port
Jul 07 12:35:23 ubuntu neutron-server[128616]: DEBUG neutron.api.v2.resource_helper [None req-a77069a3-a9fc-4c15-b643-ff3080ebee17 None None] Service FLAVORS assigned prefix:  {{(pid=128616) build_resource_info /opt/stack/neutron/neutron/api/v2/resource_helper.py:77}}
Jul 07 12:35:23 ubuntu neutron-server[128616]: DEBUG neutron.api.v2.resource_helper [None req-a77069a3-a9fc-4c15-b643-ff3080ebee17 None None] Service L3_ROUTER_NAT assigned prefix:  {{(pid=128616) build_resource_info /opt/stack/neutron/neutron/api/v2/resource_helper.py:77}}
Jul 07 12:35:23 ubuntu neutron-server[128616]: DEBUG neutron.api.v2.resource_helper [None req-a77069a3-a9fc-4c15-b643-ff3080ebee17 None None] Service L3_ROUTER_NAT assigned prefix:  {{(pid=128616) build_resource_info /opt/stack/neutron/neutron/api/v2/resource_helper.py:77}}
Jul 07 12:35:23 ubuntu neutron-server[128616]: INFO neutron.quota.resource_registry [None req-a77069a3-a9fc-4c15-b643-ff3080ebee17 None None] Creating instance of TrackedResource for resource:router
Jul 07 12:35:23 ubuntu neutron-server[128616]: INFO neutron.quota.resource_registry [None req-a77069a3-a9fc-4c15-b643-ff3080ebee17 None None] Creating instance of TrackedResource for resource:floatingip
Jul 07 12:35:23 ubuntu neutron-server[128616]: DEBUG neutron_lib.callbacks.manager [None req-a77069a3-a9fc-4c15-b643-ff3080ebee17 None None] Subscribe: <bound method NeutronDbPluginV2.validate_network_rbac_policy_change of <neutron.services.network_ip_availability.plugin.NetworkIPAvailabilityPlugin object at 0x7f601d996e20>> rbac-policy before_create 55550000 {{(pid=128616) subscribe /usr/local/lib/python3.8/dist-packages/neutron_lib/callbacks/manager.py:45}}
Jul 07 12:35:23 ubuntu neutron-server[128616]: DEBUG neutron_lib.callbacks.manager [None req-a77069a3-a9fc-4c15-b643-ff3080ebee17 None None] Subscribe: <bound method NeutronDbPluginV2.validate_network_rbac_policy_change of <neutron.services.network_ip_availability.plugin.NetworkIPAvailabilityPlugin object at 0x7f601d996e20>> rbac-policy before_update 55550000 {{(pid=128616) subscribe /usr/local/lib/python3.8/dist-packages/neutron_lib/callbacks/manager.py:45}}
Jul 07 12:35:23 ubuntu neutron-server[128616]: DEBUG neutron_lib.callbacks.manager [None req-a77069a3-a9fc-4c15-b643-ff3080ebee17 None None] Subscribe: <bound method NeutronDbPluginV2.validate_network_rbac_policy_change of <neutron.services.network_ip_availability.plugin.NetworkIPAvailabilityPlugin object at 0x7f601d996e20>> rbac-policy before_delete 55550000 {{(pid=128616) subscribe /usr/local/lib/python3.8/dist-packages/neutron_lib/callbacks/manager.py:45}}
Jul 07 12:35:23 ubuntu neutron-server[128616]: INFO neutron.quota.resource_registry [None req-a77069a3-a9fc-4c15-b643-ff3080ebee17 None None] Creating instance of CountableResource for resource:rbac_policy
Jul 07 12:35:23 ubuntu neutron-server[128616]: INFO neutron.quota.resource_registry [None req-a77069a3-a9fc-4c15-b643-ff3080ebee17 None None] Creating instance of TrackedResource for resource:security_group
Jul 07 12:35:23 ubuntu neutron-server[128616]: INFO neutron.quota.resource_registry [None req-a77069a3-a9fc-4c15-b643-ff3080ebee17 None None] Creating instance of TrackedResource for resource:security_group_rule
Jul 07 12:35:23 ubuntu neutron-server[128616]: DEBUG neutron.api.v2.resource_helper [None req-a77069a3-a9fc-4c15-b643-ff3080ebee17 None None] Service FLAVORS assigned prefix:  {{(pid=128616) build_resource_info /opt/stack/neutron/neutron/api/v2/resource_helper.py:77}}
Jul 07 12:35:23 ubuntu neutron-server[128616]: DEBUG neutron.api.v2.resource_helper [None req-a77069a3-a9fc-4c15-b643-ff3080ebee17 None None] Service L3_ROUTER_NAT assigned prefix:  {{(pid=128616) build_resource_info /opt/stack/neutron/neutron/api/v2/resource_helper.py:77}}
Jul 07 12:35:23 ubuntu neutron-server[128616]: DEBUG neutron.api.v2.resource_helper [None req-a77069a3-a9fc-4c15-b643-ff3080ebee17 None None] Service L3_ROUTER_NAT assigned prefix:  {{(pid=128616) build_resource_info /opt/stack/neutron/neutron/api/v2/resource_helper.py:77}}
Jul 07 12:35:23 ubuntu neutron-server[128616]: INFO neutron.quota.resource_registry [None req-a77069a3-a9fc-4c15-b643-ff3080ebee17 None None] Creating instance of TrackedResource for resource:router
Jul 07 12:35:23 ubuntu neutron-server[128616]: WARNING neutron.quota.resource_registry [None req-a77069a3-a9fc-4c15-b643-ff3080ebee17 None None] router is already registered
Jul 07 12:35:23 ubuntu neutron-server[128616]: INFO neutron.quota.resource_registry [None req-a77069a3-a9fc-4c15-b643-ff3080ebee17 None None] Creating instance of TrackedResource for resource:floatingip
Jul 07 12:35:23 ubuntu neutron-server[128616]: WARNING neutron.quota.resource_registry [None req-a77069a3-a9fc-4c15-b643-ff3080ebee17 None None] floatingip is already registered
Jul 07 12:35:23 ubuntu neutron-server[128616]: INFO neutron.quota.resource_registry [None req-a77069a3-a9fc-4c15-b643-ff3080ebee17 None None] Creating instance of CountableResource for resource:rbac_policy
Jul 07 12:35:23 ubuntu neutron-server[128616]: WARNING neutron.quota.resource_registry [None req-a77069a3-a9fc-4c15-b643-ff3080ebee17 None None] rbac_policy is already registered
Jul 07 12:35:23 ubuntu neutron-server[128616]: INFO neutron.quota.resource_registry [None req-a77069a3-a9fc-4c15-b643-ff3080ebee17 None None] Creating instance of TrackedResource for resource:security_group
Jul 07 12:35:23 ubuntu neutron-server[128616]: WARNING neutron.quota.resource_registry [None req-a77069a3-a9fc-4c15-b643-ff3080ebee17 None None] security_group is already registered
Jul 07 12:35:23 ubuntu neutron-server[128616]: INFO neutron.quota.resource_registry [None req-a77069a3-a9fc-4c15-b643-ff3080ebee17 None None] Creating instance of TrackedResource for resource:security_group_rule
Jul 07 12:35:23 ubuntu neutron-server[128616]: WARNING neutron.quota.resource_registry [None req-a77069a3-a9fc-4c15-b643-ff3080ebee17 None None] security_group_rule is already registered
Jul 07 12:35:23 ubuntu neutron-server[128616]: DEBUG neutron.api.extensions [None req-a77069a3-a9fc-4c15-b643-ff3080ebee17 None None] Extended resource: extensions {{(pid=128616) __init__ /opt/stack/neutron/neutron/api/extensions.py:157}}
Jul 07 12:35:23 ubuntu neutron-server[128616]: DEBUG neutron.api.extensions [None req-a77069a3-a9fc-4c15-b643-ff3080ebee17 None None] Extended resource: address-groups {{(pid=128616) __init__ /opt/stack/neutron/neutron/api/extensions.py:157}}
Jul 07 12:35:23 ubuntu neutron-server[128616]: DEBUG neutron.api.extensions [None req-a77069a3-a9fc-4c15-b643-ff3080ebee17 None None] Extended resource: address-scopes {{(pid=128616) __init__ /opt/stack/neutron/neutron/api/extensions.py:157}}
Jul 07 12:35:23 ubuntu neutron-server[128616]: DEBUG neutron.api.extensions [None req-a77069a3-a9fc-4c15-b643-ff3080ebee17 None None] Extended resource: agents {{(pid=128616) __init__ /opt/stack/neutron/neutron/api/extensions.py:157}}
Jul 07 12:35:23 ubuntu neutron-server[128616]: DEBUG neutron.api.extensions [None req-a77069a3-a9fc-4c15-b643-ff3080ebee17 None None] Extended resource: auto-allocated-topology {{(pid=128616) __init__ /opt/stack/neutron/neutron/api/extensions.py:157}}
Jul 07 12:35:23 ubuntu neutron-server[128616]: DEBUG neutron.api.extensions [None req-a77069a3-a9fc-4c15-b643-ff3080ebee17 None None] Extended resource: availability_zones {{(pid=128616) __init__ /opt/stack/neutron/neutron/api/extensions.py:157}}
Jul 07 12:35:23 ubuntu neutron-server[128616]: DEBUG neutron.api.extensions [None req-a77069a3-a9fc-4c15-b643-ff3080ebee17 None None] Extended resource: flavors {{(pid=128616) __init__ /opt/stack/neutron/neutron/api/extensions.py:157}}
Jul 07 12:35:23 ubuntu neutron-server[128616]: DEBUG neutron.api.extensions [None req-a77069a3-a9fc-4c15-b643-ff3080ebee17 None None] Extended resource: service_profiles {{(pid=128616) __init__ /opt/stack/neutron/neutron/api/extensions.py:157}}
Jul 07 12:35:23 ubuntu neutron-server[128616]: DEBUG neutron.api.extensions [None req-a77069a3-a9fc-4c15-b643-ff3080ebee17 None None] Extended resource: next_providers {{(pid=128616) __init__ /opt/stack/neutron/neutron/api/extensions.py:157}}
Jul 07 12:35:23 ubuntu neutron-server[128616]: DEBUG neutron.api.extensions [None req-a77069a3-a9fc-4c15-b643-ff3080ebee17 None None] Extended resource: service_profiles {{(pid=128616) __init__ /opt/stack/neutron/neutron/api/extensions.py:157}}
Jul 07 12:35:23 ubuntu neutron-server[128616]: DEBUG neutron.api.extensions [None req-a77069a3-a9fc-4c15-b643-ff3080ebee17 None None] Extended resource: floatingip-pools {{(pid=128616) __init__ /opt/stack/neutron/neutron/api/extensions.py:157}}
Jul 07 12:35:23 ubuntu neutron-server[128616]: DEBUG neutron.api.extensions [None req-a77069a3-a9fc-4c15-b643-ff3080ebee17 None None] Extended resource: routers {{(pid=128616) __init__ /opt/stack/neutron/neutron/api/extensions.py:157}}
Jul 07 12:35:23 ubuntu neutron-server[128616]: DEBUG neutron.api.extensions [None req-a77069a3-a9fc-4c15-b643-ff3080ebee17 None None] Extended resource: floatingips {{(pid=128616) __init__ /opt/stack/neutron/neutron/api/extensions.py:157}}
Jul 07 12:35:23 ubuntu neutron-server[128616]: DEBUG neutron.api.extensions [None req-a77069a3-a9fc-4c15-b643-ff3080ebee17 None None] Extended resource: network-ip-availabilities {{(pid=128616) __init__ /opt/stack/neutron/neutron/api/extensions.py:157}}
Jul 07 12:35:23 ubuntu neutron-server[128616]: DEBUG neutron.api.extensions [None req-a77069a3-a9fc-4c15-b643-ff3080ebee17 None None] Extended resource: bindings {{(pid=128616) __init__ /opt/stack/neutron/neutron/api/extensions.py:157}}
Jul 07 12:35:23 ubuntu neutron-server[128616]: DEBUG neutron.api.extensions [None req-a77069a3-a9fc-4c15-b643-ff3080ebee17 None None] Extended resource: quotas {{(pid=128616) __init__ /opt/stack/neutron/neutron/api/extensions.py:157}}
Jul 07 12:35:23 ubuntu neutron-server[128616]: DEBUG neutron.api.extensions [None req-a77069a3-a9fc-4c15-b643-ff3080ebee17 None None] Extended resource: quotas {{(pid=128616) __init__ /opt/stack/neutron/neutron/api/extensions.py:157}}
Jul 07 12:35:23 ubuntu neutron-server[128616]: DEBUG neutron.api.extensions [None req-a77069a3-a9fc-4c15-b643-ff3080ebee17 None None] Extended resource: rbac-policies {{(pid=128616) __init__ /opt/stack/neutron/neutron/api/extensions.py:157}}
Jul 07 12:35:23 ubuntu neutron-server[128616]: DEBUG neutron.api.extensions [None req-a77069a3-a9fc-4c15-b643-ff3080ebee17 None None] Extended resource: security-groups {{(pid=128616) __init__ /opt/stack/neutron/neutron/api/extensions.py:157}}
Jul 07 12:35:23 ubuntu neutron-server[128616]: DEBUG neutron.api.extensions [None req-a77069a3-a9fc-4c15-b643-ff3080ebee17 None None] Extended resource: security-group-rules {{(pid=128616) __init__ /opt/stack/neutron/neutron/api/extensions.py:157}}
Jul 07 12:35:23 ubuntu neutron-server[128616]: DEBUG neutron.api.extensions [None req-a77069a3-a9fc-4c15-b643-ff3080ebee17 None None] Extended resource: service-providers {{(pid=128616) __init__ /opt/stack/neutron/neutron/api/extensions.py:157}}
Jul 07 12:35:23 ubuntu neutron-server[128616]: DEBUG neutron.api.extensions [None req-a77069a3-a9fc-4c15-b643-ff3080ebee17 None None] Extended resource: tags {{(pid=128616) __init__ /opt/stack/neutron/neutron/api/extensions.py:157}}
Jul 07 12:35:23 ubuntu neutron-server[128616]: DEBUG neutron.api.extensions [None req-a77069a3-a9fc-4c15-b643-ff3080ebee17 None None] Extended resource: tags {{(pid=128616) __init__ /opt/stack/neutron/neutron/api/extensions.py:157}}
Jul 07 12:35:23 ubuntu neutron-server[128616]: DEBUG neutron.api.extensions [None req-a77069a3-a9fc-4c15-b643-ff3080ebee17 None None] Extended resource: tags {{(pid=128616) __init__ /opt/stack/neutron/neutron/api/extensions.py:157}}
Jul 07 12:35:23 ubuntu neutron-server[128616]: DEBUG neutron.api.extensions [None req-a77069a3-a9fc-4c15-b643-ff3080ebee17 None None] Extended resource: tags {{(pid=128616) __init__ /opt/stack/neutron/neutron/api/extensions.py:157}}
Jul 07 12:35:23 ubuntu neutron-server[128616]: DEBUG neutron.api.extensions [None req-a77069a3-a9fc-4c15-b643-ff3080ebee17 None None] Extended resource: tags {{(pid=128616) __init__ /opt/stack/neutron/neutron/api/extensions.py:157}}
Jul 07 12:35:23 ubuntu neutron-server[128616]: DEBUG neutron.api.extensions [None req-a77069a3-a9fc-4c15-b643-ff3080ebee17 None None] Extended resource: tags {{(pid=128616) __init__ /opt/stack/neutron/neutron/api/extensions.py:157}}
Jul 07 12:35:23 ubuntu neutron-server[128616]: DEBUG neutron.api.extensions [None req-a77069a3-a9fc-4c15-b643-ff3080ebee17 None None] Extended resource: tags {{(pid=128616) __init__ /opt/stack/neutron/neutron/api/extensions.py:157}}
Jul 07 12:35:23 ubuntu neutron-server[128616]: DEBUG neutron.api.extensions [None req-a77069a3-a9fc-4c15-b643-ff3080ebee17 None None] Extended resource: tags {{(pid=128616) __init__ /opt/stack/neutron/neutron/api/extensions.py:157}}
Jul 07 12:35:23 ubuntu neutron-server[128616]: DEBUG neutron.api.extensions [None req-a77069a3-a9fc-4c15-b643-ff3080ebee17 None None] Extended resource: tags {{(pid=128616) __init__ /opt/stack/neutron/neutron/api/extensions.py:157}}
Jul 07 12:35:23 ubuntu neutron-server[128616]: DEBUG neutron.api.extensions [None req-a77069a3-a9fc-4c15-b643-ff3080ebee17 None None] Extended resource: tags {{(pid=128616) __init__ /opt/stack/neutron/neutron/api/extensions.py:157}}
Jul 07 12:35:23 ubuntu neutron-server[128616]: WARNING keystonemiddleware.auth_token [None req-a77069a3-a9fc-4c15-b643-ff3080ebee17 None None] AuthToken middleware is set with keystone_authtoken.service_token_roles_required set to False. This is backwards compatible but deprecated behaviour. Please set this to True.
Jul 07 12:35:23 ubuntu neutron-server[128616]: WARNING keystonemiddleware.auth_token [None req-a77069a3-a9fc-4c15-b643-ff3080ebee17 None None] Configuring www_authenticate_uri to point to the public identity endpoint is required; clients may not be able to authenticate against an admin endpoint
Jul 07 12:35:23 ubuntu neutron-server[128616]: DEBUG oslo_concurrency.lockutils [None req-a77069a3-a9fc-4c15-b643-ff3080ebee17 None None] Acquired lock "singleton_lock" {{(pid=128616) lock /usr/local/lib/python3.8/dist-packages/oslo_concurrency/lockutils.py:294}}
Jul 07 12:35:23 ubuntu neutron-server[128616]: DEBUG oslo_concurrency.lockutils [None req-a77069a3-a9fc-4c15-b643-ff3080ebee17 None None] Releasing lock "singleton_lock" {{(pid=128616) lock /usr/local/lib/python3.8/dist-packages/oslo_concurrency/lockutils.py:312}}
Jul 07 12:35:23 ubuntu neutron-server[128616]: INFO oslo_service.service [None req-a77069a3-a9fc-4c15-b643-ff3080ebee17 None None] Starting 2 workers
Jul 07 12:35:23 ubuntu neutron-server[128616]: DEBUG oslo_service.service [None req-a77069a3-a9fc-4c15-b643-ff3080ebee17 None None] Started child 128845 {{(pid=128616) _start_child /usr/local/lib/python3.8/dist-packages/oslo_service/service.py:575}}
Jul 07 12:35:23 ubuntu neutron-server[128616]: DEBUG oslo_service.service [None req-a77069a3-a9fc-4c15-b643-ff3080ebee17 None None] Started child 128846 {{(pid=128616) _start_child /usr/local/lib/python3.8/dist-packages/oslo_service/service.py:575}}
Jul 07 12:35:23 ubuntu neutron-server[128616]: INFO neutron.service [None req-a77069a3-a9fc-4c15-b643-ff3080ebee17 None None] Neutron service started, listening on 0.0.0.0:9696
Jul 07 12:35:23 ubuntu neutron-server[128616]: DEBUG neutron_lib.callbacks.manager [None req-a77069a3-a9fc-4c15-b643-ff3080ebee17 None None] Publish callbacks ['neutron.plugins.ml2.drivers.ovn.mech_driver.mech_driver.OVNMechanismDriver.pre_fork_initialize-350522'] for process (None), before_spawn {{(pid=128616) _notify_loop /usr/local/lib/python3.8/dist-packages/neutron_lib/callbacks/manager.py:176}}
Jul 07 12:35:23 ubuntu neutron-server[128845]: DEBUG neutron_lib.callbacks.manager [-] Publish callbacks ['neutron.plugins.ml2.drivers.ovn.mech_driver.mech_driver.OVNMechanismDriver.post_fork_initialize-350558'] for process (None), after_init {{(pid=128845) _notify_loop /usr/local/lib/python3.8/dist-packages/neutron_lib/callbacks/manager.py:176}}
Jul 07 12:35:23 ubuntu neutron-server[128846]: DEBUG neutron_lib.callbacks.manager [-] Publish callbacks ['neutron.plugins.ml2.drivers.ovn.mech_driver.mech_driver.OVNMechanismDriver.post_fork_initialize-350558'] for process (None), after_init {{(pid=128846) _notify_loop /usr/local/lib/python3.8/dist-packages/neutron_lib/callbacks/manager.py:176}}
Jul 07 12:35:23 ubuntu neutron-server[128845]: DEBUG dbcounter [-] [128845] Writer thread running {{(pid=128845) stat_writer /usr/local/lib/python3.8/dist-packages/dbcounter.py:99}}
Jul 07 12:35:23 ubuntu neutron-server[128846]: DEBUG dbcounter [-] [128846] Writer thread running {{(pid=128846) stat_writer /usr/local/lib/python3.8/dist-packages/dbcounter.py:99}}
Jul 07 12:35:23 ubuntu neutron-server[128616]: DEBUG ovsdbapp.backend.ovs_idl [None req-a77069a3-a9fc-4c15-b643-ff3080ebee17 None None] Created schema index Port_Group.name {{(pid=128616) autocreate_indices /usr/local/lib/python3.8/dist-packages/ovsdbapp/backend/ovs_idl/__init__.py:104}}
Jul 07 12:35:23 ubuntu neutron-server[128616]: DEBUG ovsdbapp.backend.ovs_idl [None req-a77069a3-a9fc-4c15-b643-ff3080ebee17 None None] Created schema index Logical_Switch_Port.name {{(pid=128616) autocreate_indices /usr/local/lib/python3.8/dist-packages/ovsdbapp/backend/ovs_idl/__init__.py:104}}
Jul 07 12:35:23 ubuntu neutron-server[128616]: DEBUG ovsdbapp.backend.ovs_idl.transaction [-] Running txn n=1 command(idx=0): PgAddCommand(name=neutron_pg_drop, may_exist=True, columns={'acls': []}) {{(pid=128616) do_commit /usr/local/lib/python3.8/dist-packages/ovsdbapp/backend/ovs_idl/transaction.py:90}}
Jul 07 12:35:23 ubuntu neutron-server[128616]: DEBUG ovsdbapp.backend.ovs_idl.transaction [-] Running txn n=1 command(idx=1): PgAclAddCommand(entity=neutron_pg_drop, direction=from-lport, priority=1001, match=inport == @neutron_pg_drop && ip, action=drop, log=False, may_exist=True, severity=[], name=[], meter=None, external_ids={}) {{(pid=128616) do_commit /usr/local/lib/python3.8/dist-packages/ovsdbapp/backend/ovs_idl/transaction.py:90}}
Jul 07 12:35:23 ubuntu neutron-server[128616]: DEBUG ovsdbapp.backend.ovs_idl.transaction [-] Running txn n=1 command(idx=2): PgAclAddCommand(entity=neutron_pg_drop, direction=to-lport, priority=1001, match=outport == @neutron_pg_drop && ip, action=drop, log=False, may_exist=True, severity=[], name=[], meter=None, external_ids={}) {{(pid=128616) do_commit /usr/local/lib/python3.8/dist-packages/ovsdbapp/backend/ovs_idl/transaction.py:90}}
Jul 07 12:35:23 ubuntu neutron-server[128616]: DEBUG ovsdbapp.backend.ovs_idl.event [-] Matched CREATE: NeutronPgDropPortGroupCreated(events=('create',), table='Port_Group', conditions=(('name', '=', 'neutron_pg_drop'),), old_conditions=None), priority=10 to row=Port_Group(name=neutron_pg_drop, ports=[], external_ids={}, acls=[<ovs.db.idl.Row object at 0x7f601da261f0>, <ovs.db.idl.Row object at 0x7f601da2c640>]) old= {{(pid=128616) matches /usr/local/lib/python3.8/dist-packages/ovsdbapp/backend/ovs_idl/event.py:43}}
Jul 07 12:35:23 ubuntu neutron-server[128616]: DEBUG ovsdbapp.backend.ovs_idl [None req-a77069a3-a9fc-4c15-b643-ff3080ebee17 None None] Created lookup_table index Logical_Switch.name {{(pid=128616) autocreate_indices /usr/local/lib/python3.8/dist-packages/ovsdbapp/backend/ovs_idl/__init__.py:85}}
Jul 07 12:35:23 ubuntu neutron-server[128616]: DEBUG ovsdbapp.backend.ovs_idl [None req-a77069a3-a9fc-4c15-b643-ff3080ebee17 None None] Created lookup_table index Logical_Router.name {{(pid=128616) autocreate_indices /usr/local/lib/python3.8/dist-packages/ovsdbapp/backend/ovs_idl/__init__.py:85}}
Jul 07 12:35:23 ubuntu neutron-server[128616]: DEBUG ovsdbapp.backend.ovs_idl [None req-a77069a3-a9fc-4c15-b643-ff3080ebee17 None None] Created lookup_table index Load_Balancer.name {{(pid=128616) autocreate_indices /usr/local/lib/python3.8/dist-packages/ovsdbapp/backend/ovs_idl/__init__.py:85}}
Jul 07 12:35:23 ubuntu neutron-server[128846]: INFO neutron.plugins.ml2.drivers.ovn.mech_driver.ovsdb.impl_idl_ovn [None req-5386a673-d892-4f47-9027-aa82a5d4ea0a None None] Getting OvsdbNbOvnIdl for WorkerService with retry
Jul 07 12:35:23 ubuntu neutron-server[128616]: DEBUG ovsdbapp.backend.ovs_idl [None req-a77069a3-a9fc-4c15-b643-ff3080ebee17 None None] Created schema index Meter.name {{(pid=128616) autocreate_indices /usr/local/lib/python3.8/dist-packages/ovsdbapp/backend/ovs_idl/__init__.py:104}}
Jul 07 12:35:23 ubuntu neutron-server[128845]: INFO neutron.plugins.ml2.drivers.ovn.mech_driver.ovsdb.impl_idl_ovn [None req-35790380-1fa1-43bc-9826-392f0e77d718 None None] Getting OvsdbNbOvnIdl for WorkerService with retry
Jul 07 12:35:23 ubuntu neutron-server[128616]: DEBUG ovsdbapp.backend.ovs_idl [None req-a77069a3-a9fc-4c15-b643-ff3080ebee17 None None] Created schema index Address_Set.name {{(pid=128616) autocreate_indices /usr/local/lib/python3.8/dist-packages/ovsdbapp/backend/ovs_idl/__init__.py:104}}
Jul 07 12:35:23 ubuntu neutron-server[128616]: DEBUG ovsdbapp.backend.ovs_idl [None req-a77069a3-a9fc-4c15-b643-ff3080ebee17 None None] Created schema index HA_Chassis_Group.name {{(pid=128616) autocreate_indices /usr/local/lib/python3.8/dist-packages/ovsdbapp/backend/ovs_idl/__init__.py:104}}
Jul 07 12:35:23 ubuntu neutron-server[128616]: DEBUG ovsdbapp.backend.ovs_idl [None req-a77069a3-a9fc-4c15-b643-ff3080ebee17 None None] Created schema index Connection.target {{(pid=128616) autocreate_indices /usr/local/lib/python3.8/dist-packages/ovsdbapp/backend/ovs_idl/__init__.py:104}}
Jul 07 12:35:23 ubuntu neutron-server[128616]: DEBUG ovsdbapp.backend.ovs_idl [None req-a77069a3-a9fc-4c15-b643-ff3080ebee17 None None] Created schema index Gateway_Chassis.name {{(pid=128616) autocreate_indices /usr/local/lib/python3.8/dist-packages/ovsdbapp/backend/ovs_idl/__init__.py:104}}
Jul 07 12:35:23 ubuntu neutron-server[128616]: DEBUG ovsdbapp.backend.ovs_idl [None req-a77069a3-a9fc-4c15-b643-ff3080ebee17 None None] Created schema index Logical_Router_Port.name {{(pid=128616) autocreate_indices /usr/local/lib/python3.8/dist-packages/ovsdbapp/backend/ovs_idl/__init__.py:104}}
Jul 07 12:35:23 ubuntu neutron-server[128616]: DEBUG ovsdbapp.backend.ovs_idl [None req-a77069a3-a9fc-4c15-b643-ff3080ebee17 None None] Created schema index Port_Group.name {{(pid=128616) autocreate_indices /usr/local/lib/python3.8/dist-packages/ovsdbapp/backend/ovs_idl/__init__.py:104}}
Jul 07 12:35:23 ubuntu neutron-server[128616]: DEBUG ovsdbapp.backend.ovs_idl [None req-a77069a3-a9fc-4c15-b643-ff3080ebee17 None None] Created schema index Logical_Switch_Port.name {{(pid=128616) autocreate_indices /usr/local/lib/python3.8/dist-packages/ovsdbapp/backend/ovs_idl/__init__.py:104}}
Jul 07 12:35:23 ubuntu neutron-server[128846]: DEBUG ovsdbapp.backend.ovs_idl [None req-5386a673-d892-4f47-9027-aa82a5d4ea0a None None] Created lookup_table index Logical_Switch.name {{(pid=128846) autocreate_indices /usr/local/lib/python3.8/dist-packages/ovsdbapp/backend/ovs_idl/__init__.py:85}}
Jul 07 12:35:23 ubuntu neutron-server[128846]: DEBUG ovsdbapp.backend.ovs_idl [None req-5386a673-d892-4f47-9027-aa82a5d4ea0a None None] Created lookup_table index Logical_Router.name {{(pid=128846) autocreate_indices /usr/local/lib/python3.8/dist-packages/ovsdbapp/backend/ovs_idl/__init__.py:85}}
Jul 07 12:35:23 ubuntu neutron-server[128846]: DEBUG ovsdbapp.backend.ovs_idl [None req-5386a673-d892-4f47-9027-aa82a5d4ea0a None None] Created lookup_table index Load_Balancer.name {{(pid=128846) autocreate_indices /usr/local/lib/python3.8/dist-packages/ovsdbapp/backend/ovs_idl/__init__.py:85}}
Jul 07 12:35:23 ubuntu neutron-server[128846]: DEBUG ovsdbapp.backend.ovs_idl [None req-5386a673-d892-4f47-9027-aa82a5d4ea0a None None] Created schema index Meter.name {{(pid=128846) autocreate_indices /usr/local/lib/python3.8/dist-packages/ovsdbapp/backend/ovs_idl/__init__.py:104}}
Jul 07 12:35:23 ubuntu neutron-server[128846]: DEBUG ovsdbapp.backend.ovs_idl [None req-5386a673-d892-4f47-9027-aa82a5d4ea0a None None] Created schema index Address_Set.name {{(pid=128846) autocreate_indices /usr/local/lib/python3.8/dist-packages/ovsdbapp/backend/ovs_idl/__init__.py:104}}
Jul 07 12:35:23 ubuntu neutron-server[128846]: DEBUG ovsdbapp.backend.ovs_idl [None req-5386a673-d892-4f47-9027-aa82a5d4ea0a None None] Created schema index HA_Chassis_Group.name {{(pid=128846) autocreate_indices /usr/local/lib/python3.8/dist-packages/ovsdbapp/backend/ovs_idl/__init__.py:104}}
Jul 07 12:35:23 ubuntu neutron-server[128846]: DEBUG ovsdbapp.backend.ovs_idl [None req-5386a673-d892-4f47-9027-aa82a5d4ea0a None None] Created schema index Connection.target {{(pid=128846) autocreate_indices /usr/local/lib/python3.8/dist-packages/ovsdbapp/backend/ovs_idl/__init__.py:104}}
Jul 07 12:35:23 ubuntu neutron-server[128846]: DEBUG ovsdbapp.backend.ovs_idl [None req-5386a673-d892-4f47-9027-aa82a5d4ea0a None None] Created schema index Gateway_Chassis.name {{(pid=128846) autocreate_indices /usr/local/lib/python3.8/dist-packages/ovsdbapp/backend/ovs_idl/__init__.py:104}}
Jul 07 12:35:23 ubuntu neutron-server[128846]: DEBUG ovsdbapp.backend.ovs_idl [None req-5386a673-d892-4f47-9027-aa82a5d4ea0a None None] Created schema index Logical_Router_Port.name {{(pid=128846) autocreate_indices /usr/local/lib/python3.8/dist-packages/ovsdbapp/backend/ovs_idl/__init__.py:104}}
Jul 07 12:35:23 ubuntu neutron-server[128846]: DEBUG ovsdbapp.backend.ovs_idl [None req-5386a673-d892-4f47-9027-aa82a5d4ea0a None None] Created schema index Port_Group.name {{(pid=128846) autocreate_indices /usr/local/lib/python3.8/dist-packages/ovsdbapp/backend/ovs_idl/__init__.py:104}}
Jul 07 12:35:23 ubuntu neutron-server[128846]: DEBUG ovsdbapp.backend.ovs_idl [None req-5386a673-d892-4f47-9027-aa82a5d4ea0a None None] Created schema index Logical_Switch_Port.name {{(pid=128846) autocreate_indices /usr/local/lib/python3.8/dist-packages/ovsdbapp/backend/ovs_idl/__init__.py:104}}
Jul 07 12:35:23 ubuntu neutron-server[128846]: INFO ovsdbapp.backend.ovs_idl.vlog [None req-5386a673-d892-4f47-9027-aa82a5d4ea0a None None] tcp:192.168.79.40:6641: connecting...
Jul 07 12:35:23 ubuntu neutron-server[128846]: INFO ovsdbapp.backend.ovs_idl.vlog [None req-5386a673-d892-4f47-9027-aa82a5d4ea0a None None] tcp:192.168.79.40:6641: connected
Jul 07 12:35:23 ubuntu neutron-server[128845]: DEBUG ovsdbapp.backend.ovs_idl [None req-35790380-1fa1-43bc-9826-392f0e77d718 None None] Created lookup_table index Logical_Switch.name {{(pid=128845) autocreate_indices /usr/local/lib/python3.8/dist-packages/ovsdbapp/backend/ovs_idl/__init__.py:85}}
Jul 07 12:35:23 ubuntu neutron-server[128845]: DEBUG ovsdbapp.backend.ovs_idl [None req-35790380-1fa1-43bc-9826-392f0e77d718 None None] Created lookup_table index Logical_Router.name {{(pid=128845) autocreate_indices /usr/local/lib/python3.8/dist-packages/ovsdbapp/backend/ovs_idl/__init__.py:85}}
Jul 07 12:35:23 ubuntu neutron-server[128845]: DEBUG ovsdbapp.backend.ovs_idl [None req-35790380-1fa1-43bc-9826-392f0e77d718 None None] Created lookup_table index Load_Balancer.name {{(pid=128845) autocreate_indices /usr/local/lib/python3.8/dist-packages/ovsdbapp/backend/ovs_idl/__init__.py:85}}
Jul 07 12:35:23 ubuntu neutron-server[128845]: DEBUG ovsdbapp.backend.ovs_idl [None req-35790380-1fa1-43bc-9826-392f0e77d718 None None] Created schema index Meter.name {{(pid=128845) autocreate_indices /usr/local/lib/python3.8/dist-packages/ovsdbapp/backend/ovs_idl/__init__.py:104}}
Jul 07 12:35:23 ubuntu neutron-server[128845]: DEBUG ovsdbapp.backend.ovs_idl [None req-35790380-1fa1-43bc-9826-392f0e77d718 None None] Created schema index Address_Set.name {{(pid=128845) autocreate_indices /usr/local/lib/python3.8/dist-packages/ovsdbapp/backend/ovs_idl/__init__.py:104}}
Jul 07 12:35:23 ubuntu neutron-server[128845]: DEBUG ovsdbapp.backend.ovs_idl [None req-35790380-1fa1-43bc-9826-392f0e77d718 None None] Created schema index HA_Chassis_Group.name {{(pid=128845) autocreate_indices /usr/local/lib/python3.8/dist-packages/ovsdbapp/backend/ovs_idl/__init__.py:104}}
Jul 07 12:35:23 ubuntu neutron-server[128845]: DEBUG ovsdbapp.backend.ovs_idl [None req-35790380-1fa1-43bc-9826-392f0e77d718 None None] Created schema index Connection.target {{(pid=128845) autocreate_indices /usr/local/lib/python3.8/dist-packages/ovsdbapp/backend/ovs_idl/__init__.py:104}}
Jul 07 12:35:23 ubuntu neutron-server[128845]: DEBUG ovsdbapp.backend.ovs_idl [None req-35790380-1fa1-43bc-9826-392f0e77d718 None None] Created schema index Gateway_Chassis.name {{(pid=128845) autocreate_indices /usr/local/lib/python3.8/dist-packages/ovsdbapp/backend/ovs_idl/__init__.py:104}}
Jul 07 12:35:23 ubuntu neutron-server[128845]: DEBUG ovsdbapp.backend.ovs_idl [None req-35790380-1fa1-43bc-9826-392f0e77d718 None None] Created schema index Logical_Router_Port.name {{(pid=128845) autocreate_indices /usr/local/lib/python3.8/dist-packages/ovsdbapp/backend/ovs_idl/__init__.py:104}}
Jul 07 12:35:23 ubuntu neutron-server[128845]: DEBUG ovsdbapp.backend.ovs_idl [None req-35790380-1fa1-43bc-9826-392f0e77d718 None None] Created schema index Port_Group.name {{(pid=128845) autocreate_indices /usr/local/lib/python3.8/dist-packages/ovsdbapp/backend/ovs_idl/__init__.py:104}}
Jul 07 12:35:23 ubuntu neutron-server[128845]: DEBUG ovsdbapp.backend.ovs_idl [None req-35790380-1fa1-43bc-9826-392f0e77d718 None None] Created schema index Logical_Switch_Port.name {{(pid=128845) autocreate_indices /usr/local/lib/python3.8/dist-packages/ovsdbapp/backend/ovs_idl/__init__.py:104}}
Jul 07 12:35:23 ubuntu neutron-server[128845]: INFO ovsdbapp.backend.ovs_idl.vlog [None req-35790380-1fa1-43bc-9826-392f0e77d718 None None] tcp:192.168.79.40:6641: connecting...
Jul 07 12:35:23 ubuntu neutron-server[128845]: INFO ovsdbapp.backend.ovs_idl.vlog [None req-35790380-1fa1-43bc-9826-392f0e77d718 None None] tcp:192.168.79.40:6641: connected
Jul 07 12:35:23 ubuntu neutron-server[128616]: DEBUG ovsdbapp.backend.ovs_idl [None req-a77069a3-a9fc-4c15-b643-ff3080ebee17 None None] Created lookup_table index Chassis.name {{(pid=128616) autocreate_indices /usr/local/lib/python3.8/dist-packages/ovsdbapp/backend/ovs_idl/__init__.py:85}}
Jul 07 12:35:23 ubuntu neutron-server[128616]: DEBUG ovsdbapp.backend.ovs_idl [None req-a77069a3-a9fc-4c15-b643-ff3080ebee17 None None] Created lookup_table index MAC_Binding.ip {{(pid=128616) autocreate_indices /usr/local/lib/python3.8/dist-packages/ovsdbapp/backend/ovs_idl/__init__.py:85}}
Jul 07 12:35:23 ubuntu neutron-server[128616]: DEBUG ovsdbapp.backend.ovs_idl [None req-a77069a3-a9fc-4c15-b643-ff3080ebee17 None None] Created schema index Meter.name {{(pid=128616) autocreate_indices /usr/local/lib/python3.8/dist-packages/ovsdbapp/backend/ovs_idl/__init__.py:104}}
Jul 07 12:35:23 ubuntu neutron-server[128616]: DEBUG ovsdbapp.backend.ovs_idl [None req-a77069a3-a9fc-4c15-b643-ff3080ebee17 None None] Created schema index Address_Set.name {{(pid=128616) autocreate_indices /usr/local/lib/python3.8/dist-packages/ovsdbapp/backend/ovs_idl/__init__.py:104}}
Jul 07 12:35:23 ubuntu neutron-server[128616]: DEBUG ovsdbapp.backend.ovs_idl [None req-a77069a3-a9fc-4c15-b643-ff3080ebee17 None None] Created schema index HA_Chassis_Group.name {{(pid=128616) autocreate_indices /usr/local/lib/python3.8/dist-packages/ovsdbapp/backend/ovs_idl/__init__.py:104}}
Jul 07 12:35:23 ubuntu neutron-server[128616]: DEBUG ovsdbapp.backend.ovs_idl [None req-a77069a3-a9fc-4c15-b643-ff3080ebee17 None None] Created schema index IP_Multicast.datapath {{(pid=128616) autocreate_indices /usr/local/lib/python3.8/dist-packages/ovsdbapp/backend/ovs_idl/__init__.py:104}}
Jul 07 12:35:23 ubuntu neutron-server[128616]: DEBUG ovsdbapp.backend.ovs_idl [None req-a77069a3-a9fc-4c15-b643-ff3080ebee17 None None] Created schema index Connection.target {{(pid=128616) autocreate_indices /usr/local/lib/python3.8/dist-packages/ovsdbapp/backend/ovs_idl/__init__.py:104}}
Jul 07 12:35:23 ubuntu neutron-server[128616]: DEBUG ovsdbapp.backend.ovs_idl [None req-a77069a3-a9fc-4c15-b643-ff3080ebee17 None None] Created schema index Gateway_Chassis.name {{(pid=128616) autocreate_indices /usr/local/lib/python3.8/dist-packages/ovsdbapp/backend/ovs_idl/__init__.py:104}}
Jul 07 12:35:23 ubuntu neutron-server[128616]: DEBUG ovsdbapp.backend.ovs_idl [None req-a77069a3-a9fc-4c15-b643-ff3080ebee17 None None] Created schema index Port_Group.name {{(pid=128616) autocreate_indices /usr/local/lib/python3.8/dist-packages/ovsdbapp/backend/ovs_idl/__init__.py:104}}
Jul 07 12:35:23 ubuntu neutron-server[128616]: DEBUG ovsdbapp.backend.ovs_idl [None req-a77069a3-a9fc-4c15-b643-ff3080ebee17 None None] Created schema index Datapath_Binding.tunnel_key {{(pid=128616) autocreate_indices /usr/local/lib/python3.8/dist-packages/ovsdbapp/backend/ovs_idl/__init__.py:104}}
Jul 07 12:35:23 ubuntu neutron-server[128845]: DEBUG neutron.common.ovn.hash_ring_manager [None req-35790380-1fa1-43bc-9826-392f0e77d718 None None] Allow caching, nodes 2>=2 {{(pid=128845) _wait_startup_before_caching /opt/stack/neutron/neutron/common/ovn/hash_ring_manager.py:60}}
Jul 07 12:35:23 ubuntu neutron-server[128846]: DEBUG neutron.common.ovn.hash_ring_manager [None req-5386a673-d892-4f47-9027-aa82a5d4ea0a None None] Allow caching, nodes 2>=2 {{(pid=128846) _wait_startup_before_caching /opt/stack/neutron/neutron/common/ovn/hash_ring_manager.py:60}}
Jul 07 12:35:23 ubuntu neutron-server[128616]: INFO oslo_service.service [None req-a77069a3-a9fc-4c15-b643-ff3080ebee17 None None] Starting 1 workers
Jul 07 12:35:23 ubuntu neutron-server[128616]: DEBUG oslo_service.service [None req-a77069a3-a9fc-4c15-b643-ff3080ebee17 None None] Started child 128850 {{(pid=128616) _start_child /usr/local/lib/python3.8/dist-packages/oslo_service/service.py:575}}
Jul 07 12:35:23 ubuntu neutron-server[128616]: INFO oslo_service.service [None req-a77069a3-a9fc-4c15-b643-ff3080ebee17 None None] Starting 1 workers
Jul 07 12:35:23 ubuntu neutron-server[128846]: DEBUG neutron.plugins.ml2.drivers.ovn.mech_driver.ovsdb.ovsdb_monitor [None req-5386a673-d892-4f47-9027-aa82a5d4ea0a None None] Hash Ring: Node 0b4e033b-4a05-44ec-b35f-1ab842138a72 (host: ubuntu) handling event "create" for row 24456ee4-7365-4c73-8b12-66e9413ec345 (table: Database) {{(pid=128846) notify /opt/stack/neutron/neutron/plugins/ml2/drivers/ovn/mech_driver/ovsdb/ovsdb_monitor.py:743}}
Jul 07 12:35:23 ubuntu neutron-server[128845]: DEBUG neutron.plugins.ml2.drivers.ovn.mech_driver.ovsdb.ovsdb_monitor [None req-35790380-1fa1-43bc-9826-392f0e77d718 None None] Hash Ring: Node a5f9a1c0-339f-4a81-a4b4-9000b6c9fd04 (host: ubuntu) handling event "create" for row 29279371-6e98-4c58-aa45-222c7dbf3f2a (table: Port_Group) {{(pid=128845) notify /opt/stack/neutron/neutron/plugins/ml2/drivers/ovn/mech_driver/ovsdb/ovsdb_monitor.py:743}}
Jul 07 12:35:23 ubuntu neutron-server[128846]: DEBUG neutron.plugins.ml2.drivers.ovn.mech_driver.ovsdb.ovsdb_monitor [None req-5386a673-d892-4f47-9027-aa82a5d4ea0a None None] Hash Ring: Node 0b4e033b-4a05-44ec-b35f-1ab842138a72 (host: ubuntu) handling event "create" for row 3b14f050-1b19-4a3f-a840-15eaebecf024 (table: Database) {{(pid=128846) notify /opt/stack/neutron/neutron/plugins/ml2/drivers/ovn/mech_driver/ovsdb/ovsdb_monitor.py:743}}
Jul 07 12:35:23 ubuntu neutron-server[128845]: DEBUG neutron.plugins.ml2.drivers.ovn.mech_driver.ovsdb.ovsdb_monitor [None req-35790380-1fa1-43bc-9826-392f0e77d718 None None] Hash Ring: Node a5f9a1c0-339f-4a81-a4b4-9000b6c9fd04 (host: ubuntu) handling event "create" for row 0c6e5f4b-66f7-48d5-8223-7f9ccf1bce82 (table: NB_Global) {{(pid=128845) notify /opt/stack/neutron/neutron/plugins/ml2/drivers/ovn/mech_driver/ovsdb/ovsdb_monitor.py:743}}
Jul 07 12:35:23 ubuntu neutron-server[128845]: DEBUG neutron.plugins.ml2.drivers.ovn.mech_driver.ovsdb.ovsdb_monitor [None req-35790380-1fa1-43bc-9826-392f0e77d718 None None] Hash Ring: Node a5f9a1c0-339f-4a81-a4b4-9000b6c9fd04 (host: ubuntu) handling event "create" for row 15538bd7-0b57-47a5-9e8f-8f79c158edd9 (table: ACL) {{(pid=128845) notify /opt/stack/neutron/neutron/plugins/ml2/drivers/ovn/mech_driver/ovsdb/ovsdb_monitor.py:743}}
Jul 07 12:35:23 ubuntu neutron-server[128845]: INFO neutron.plugins.ml2.drivers.ovn.mech_driver.ovsdb.impl_idl_ovn [None req-35790380-1fa1-43bc-9826-392f0e77d718 None None] Getting OvsdbSbOvnIdl for WorkerService with retry
Jul 07 12:35:23 ubuntu neutron-server[128846]: DEBUG neutron.plugins.ml2.drivers.ovn.mech_driver.ovsdb.ovsdb_monitor [None req-5386a673-d892-4f47-9027-aa82a5d4ea0a None None] Hash Ring: Node 0b4e033b-4a05-44ec-b35f-1ab842138a72 (host: ubuntu) handling event "create" for row 9fcee46a-b5ea-4c3c-b24c-8052462d33f8 (table: ACL) {{(pid=128846) notify /opt/stack/neutron/neutron/plugins/ml2/drivers/ovn/mech_driver/ovsdb/ovsdb_monitor.py:743}}
Jul 07 12:35:23 ubuntu neutron-server[128616]: DEBUG oslo_service.service [None req-a77069a3-a9fc-4c15-b643-ff3080ebee17 None None] Started child 128851 {{(pid=128616) _start_child /usr/local/lib/python3.8/dist-packages/oslo_service/service.py:575}}
Jul 07 12:35:23 ubuntu neutron-server[128846]: DEBUG neutron.plugins.ml2.drivers.ovn.mech_driver.ovsdb.ovsdb_monitor [None req-5386a673-d892-4f47-9027-aa82a5d4ea0a None None] Hash Ring: Node 0b4e033b-4a05-44ec-b35f-1ab842138a72 (host: ubuntu) handling event "create" for row b1316c99-7cd7-41d3-a117-61f3d9300691 (table: Connection) {{(pid=128846) notify /opt/stack/neutron/neutron/plugins/ml2/drivers/ovn/mech_driver/ovsdb/ovsdb_monitor.py:743}}
Jul 07 12:35:23 ubuntu neutron-server[128850]: DEBUG neutron.service [None req-a77069a3-a9fc-4c15-b643-ff3080ebee17 None None] calling RpcWorker wait() {{(pid=128850) _wait /opt/stack/neutron/neutron/service.py:128}}
Jul 07 12:35:23 ubuntu neutron-server[128850]: DEBUG neutron.service [None req-a77069a3-a9fc-4c15-b643-ff3080ebee17 None None] returning from RpcWorker wait() {{(pid=128850) _wait /opt/stack/neutron/neutron/service.py:135}}
Jul 07 12:35:23 ubuntu neutron-server[128616]: INFO oslo_service.service [None req-a77069a3-a9fc-4c15-b643-ff3080ebee17 None None] Starting 1 workers
Jul 07 12:35:23 ubuntu neutron-server[128846]: INFO neutron.plugins.ml2.drivers.ovn.mech_driver.ovsdb.impl_idl_ovn [None req-5386a673-d892-4f47-9027-aa82a5d4ea0a None None] Getting OvsdbSbOvnIdl for WorkerService with retry
Jul 07 12:35:23 ubuntu neutron-server[128850]: DEBUG neutron_lib.callbacks.manager [-] Publish callbacks ['neutron.plugins.ml2.drivers.ovn.mech_driver.mech_driver.OVNMechanismDriver.post_fork_initialize-350558'] for process (None), after_init {{(pid=128850) _notify_loop /usr/local/lib/python3.8/dist-packages/neutron_lib/callbacks/manager.py:176}}
Jul 07 12:35:23 ubuntu neutron-server[128850]: INFO neutron.plugins.ml2.drivers.ovn.mech_driver.ovsdb.impl_idl_ovn [-] Getting OvsdbNbOvnIdl for RpcWorker with retry
Jul 07 12:35:23 ubuntu neutron-server[128845]: DEBUG ovsdbapp.backend.ovs_idl [None req-35790380-1fa1-43bc-9826-392f0e77d718 None None] Created lookup_table index Chassis.name {{(pid=128845) autocreate_indices /usr/local/lib/python3.8/dist-packages/ovsdbapp/backend/ovs_idl/__init__.py:85}}
Jul 07 12:35:23 ubuntu neutron-server[128845]: DEBUG ovsdbapp.backend.ovs_idl [None req-35790380-1fa1-43bc-9826-392f0e77d718 None None] Created schema index Datapath_Binding.tunnel_key {{(pid=128845) autocreate_indices /usr/local/lib/python3.8/dist-packages/ovsdbapp/backend/ovs_idl/__init__.py:104}}
Jul 07 12:35:23 ubuntu neutron-server[128845]: DEBUG ovsdbapp.backend.ovs_idl [None req-35790380-1fa1-43bc-9826-392f0e77d718 None None] Created schema index Connection.target {{(pid=128845) autocreate_indices /usr/local/lib/python3.8/dist-packages/ovsdbapp/backend/ovs_idl/__init__.py:104}}
Jul 07 12:35:23 ubuntu neutron-server[128845]: INFO ovsdbapp.backend.ovs_idl.vlog [None req-35790380-1fa1-43bc-9826-392f0e77d718 None None] tcp:192.168.79.40:6642: connecting...
Jul 07 12:35:23 ubuntu neutron-server[128845]: INFO ovsdbapp.backend.ovs_idl.vlog [None req-35790380-1fa1-43bc-9826-392f0e77d718 None None] tcp:192.168.79.40:6642: connected
Jul 07 12:35:23 ubuntu neutron-server[128846]: DEBUG ovsdbapp.backend.ovs_idl [None req-5386a673-d892-4f47-9027-aa82a5d4ea0a None None] Created lookup_table index Chassis.name {{(pid=128846) autocreate_indices /usr/local/lib/python3.8/dist-packages/ovsdbapp/backend/ovs_idl/__init__.py:85}}
Jul 07 12:35:23 ubuntu neutron-server[128846]: DEBUG ovsdbapp.backend.ovs_idl [None req-5386a673-d892-4f47-9027-aa82a5d4ea0a None None] Created schema index Datapath_Binding.tunnel_key {{(pid=128846) autocreate_indices /usr/local/lib/python3.8/dist-packages/ovsdbapp/backend/ovs_idl/__init__.py:104}}
Jul 07 12:35:23 ubuntu neutron-server[128846]: DEBUG ovsdbapp.backend.ovs_idl [None req-5386a673-d892-4f47-9027-aa82a5d4ea0a None None] Created schema index Connection.target {{(pid=128846) autocreate_indices /usr/local/lib/python3.8/dist-packages/ovsdbapp/backend/ovs_idl/__init__.py:104}}
Jul 07 12:35:23 ubuntu neutron-server[128616]: DEBUG oslo_service.service [None req-a77069a3-a9fc-4c15-b643-ff3080ebee17 None None] Started child 128852 {{(pid=128616) _start_child /usr/local/lib/python3.8/dist-packages/oslo_service/service.py:575}}
Jul 07 12:35:23 ubuntu neutron-server[128846]: INFO ovsdbapp.backend.ovs_idl.vlog [None req-5386a673-d892-4f47-9027-aa82a5d4ea0a None None] tcp:192.168.79.40:6642: connecting...
Jul 07 12:35:23 ubuntu neutron-server[128846]: INFO ovsdbapp.backend.ovs_idl.vlog [None req-5386a673-d892-4f47-9027-aa82a5d4ea0a None None] tcp:192.168.79.40:6642: connected
Jul 07 12:35:23 ubuntu neutron-server[128616]: DEBUG neutron_lib.callbacks.manager [None req-a77069a3-a9fc-4c15-b643-ff3080ebee17 None None] Publish callbacks [] for process (None), after_spawn {{(pid=128616) _notify_loop /usr/local/lib/python3.8/dist-packages/neutron_lib/callbacks/manager.py:176}}
Jul 07 12:35:23 ubuntu neutron-server[128616]: DEBUG oslo_service.service [-] Full set of CONF: {{(pid=128616) wait /usr/local/lib/python3.8/dist-packages/oslo_service/service.py:649}}
Jul 07 12:35:23 ubuntu neutron-server[128616]: DEBUG oslo_service.service [-] ******************************************************************************** {{(pid=128616) log_opt_values /usr/local/lib/python3.8/dist-packages/oslo_config/cfg.py:2589}}
Jul 07 12:35:23 ubuntu neutron-server[128851]: DEBUG neutron_lib.callbacks.manager [-] Publish callbacks ['neutron.plugins.ml2.drivers.ovn.mech_driver.mech_driver.OVNMechanismDriver.post_fork_initialize-350558'] for process (None), after_init {{(pid=128851) _notify_loop /usr/local/lib/python3.8/dist-packages/neutron_lib/callbacks/manager.py:176}}
Jul 07 12:35:23 ubuntu neutron-server[128616]: DEBUG oslo_service.service [-] Configuration options gathered from: {{(pid=128616) log_opt_values /usr/local/lib/python3.8/dist-packages/oslo_config/cfg.py:2590}}
Jul 07 12:35:23 ubuntu neutron-server[128616]: DEBUG oslo_service.service [-] command line args: ['--config-file', '/etc/neutron/neutron.conf', '--config-file', '/etc/neutron/plugins/ml2/ml2_conf.ini'] {{(pid=128616) log_opt_values /usr/local/lib/python3.8/dist-packages/oslo_config/cfg.py:2591}}
Jul 07 12:35:23 ubuntu neutron-server[128616]: DEBUG oslo_service.service [-] config files: ['/etc/neutron/neutron.conf', '/etc/neutron/plugins/ml2/ml2_conf.ini'] {{(pid=128616) log_opt_values /usr/local/lib/python3.8/dist-packages/oslo_config/cfg.py:2592}}
Jul 07 12:35:23 ubuntu neutron-server[128616]: DEBUG oslo_service.service [-] ================================================================================ {{(pid=128616) log_opt_values /usr/local/lib/python3.8/dist-packages/oslo_config/cfg.py:2594}}
Jul 07 12:35:23 ubuntu neutron-server[128616]: DEBUG oslo_service.service [-] agent_down_time                = 75 {{(pid=128616) log_opt_values /usr/local/lib/python3.8/dist-packages/oslo_config/cfg.py:2602}}
Jul 07 12:35:23 ubuntu neutron-server[128616]: DEBUG oslo_service.service [-] allow_automatic_dhcp_failover  = True {{(pid=128616) log_opt_values /usr/local/lib/python3.8/dist-packages/oslo_config/cfg.py:2602}}
Jul 07 12:35:23 ubuntu neutron-server[128616]: DEBUG oslo_service.service [-] allow_bulk                     = True {{(pid=128616) log_opt_values /usr/local/lib/python3.8/dist-packages/oslo_config/cfg.py:2602}}
Jul 07 12:35:23 ubuntu neutron-server[128616]: DEBUG oslo_service.service [-] allowed_conntrack_helpers      = [{'amanda': 'tcp'}, {'ftp': 'tcp'}, {'h323': 'udp'}, {'h323': 'tcp'}, {'irc': 'tcp'}, {'netbios-ns': 'udp'}, {'pptp': 'tcp'}, {'sane': 'tcp'}, {'sip': 'udp'}, {'sip': 'tcp'}, {'snmp': 'udp'}, {'tftp': 'udp'}] {{(pid=128616) log_opt_values /usr/local/lib/python3.8/dist-packages/oslo_config/cfg.py:2602}}
Jul 07 12:35:23 ubuntu neutron-server[128616]: DEBUG oslo_service.service [-] api_extensions_path            =  {{(pid=128616) log_opt_values /usr/local/lib/python3.8/dist-packages/oslo_config/cfg.py:2602}}
Jul 07 12:35:23 ubuntu neutron-server[128616]: DEBUG oslo_service.service [-] api_paste_config               = api-paste.ini {{(pid=128616) log_opt_values /usr/local/lib/python3.8/dist-packages/oslo_config/cfg.py:2602}}
Jul 07 12:35:23 ubuntu neutron-server[128616]: DEBUG oslo_service.service [-] api_workers                    = 2 {{(pid=128616) log_opt_values /usr/local/lib/python3.8/dist-packages/oslo_config/cfg.py:2602}}
Jul 07 12:35:23 ubuntu neutron-server[128616]: DEBUG oslo_service.service [-] auth_strategy                  = keystone {{(pid=128616) log_opt_values /usr/local/lib/python3.8/dist-packages/oslo_config/cfg.py:2602}}
Jul 07 12:35:23 ubuntu neutron-server[128616]: DEBUG oslo_service.service [-] backdoor_port                  = None {{(pid=128616) log_opt_values /usr/local/lib/python3.8/dist-packages/oslo_config/cfg.py:2602}}
Jul 07 12:35:23 ubuntu neutron-server[128616]: DEBUG oslo_service.service [-] backdoor_socket                = None {{(pid=128616) log_opt_values /usr/local/lib/python3.8/dist-packages/oslo_config/cfg.py:2602}}
Jul 07 12:35:23 ubuntu neutron-server[128616]: DEBUG oslo_service.service [-] backlog                        = 4096 {{(pid=128616) log_opt_values /usr/local/lib/python3.8/dist-packages/oslo_config/cfg.py:2602}}
Jul 07 12:35:23 ubuntu neutron-server[128616]: DEBUG oslo_service.service [-] base_mac                       = fa:16:3e:00:00:00 {{(pid=128616) log_opt_values /usr/local/lib/python3.8/dist-packages/oslo_config/cfg.py:2602}}
Jul 07 12:35:23 ubuntu neutron-server[128616]: DEBUG oslo_service.service [-] bind_host                      = 0.0.0.0 {{(pid=128616) log_opt_values /usr/local/lib/python3.8/dist-packages/oslo_config/cfg.py:2602}}
Jul 07 12:35:23 ubuntu neutron-server[128616]: DEBUG oslo_service.service [-] bind_port                      = 9696 {{(pid=128616) log_opt_values /usr/local/lib/python3.8/dist-packages/oslo_config/cfg.py:2602}}
