Jul 21 15:31:37 ubuntu devstack@g-api.service[151374]: INFO glance.location [None req-7e5c3cff-be36-4116-8e78-8814f43f716b admin admin] Image format matched and virtual size computed: 117440512
Jul 21 15:31:37 ubuntu devstack@g-api.service[151374]: DEBUG glance_store.backend [None req-7e5c3cff-be36-4116-8e78-8814f43f716b admin admin] Attempting to import store swift {{(pid=151374) _load_store /usr/local/lib/python3.8/dist-packages/glance_store/backend.py:216}}
Jul 21 15:31:37 ubuntu devstack@g-api.service[151374]: DEBUG glance_store.capabilities [None req-7e5c3cff-be36-4116-8e78-8814f43f716b admin admin] Store glance_store._drivers.swift.store.SingleTenantStore doesn't support updating dynamic storage capabilities. Please overwrite 'update_capabilities' method of the store to implement updating logics if needed. {{(pid=151374) update_capabilities /usr/local/lib/python3.8/dist-packages/glance_store/capabilities.py:91}}
Jul 21 15:31:37 ubuntu devstack@g-api.service[151374]: DEBUG glance_store.driver [None req-7e5c3cff-be36-4116-8e78-8814f43f716b admin admin] Late loading location class glance_store._drivers.swift.store.StoreLocation {{(pid=151374) get_store_location_class /usr/local/lib/python3.8/dist-packages/glance_store/driver.py:116}}
Jul 21 15:31:37 ubuntu devstack@g-api.service[151374]: DEBUG glance_store.location [None req-7e5c3cff-be36-4116-8e78-8814f43f716b admin admin] Registering scheme swift+https with {'store': <glance_store._drivers.swift.store.SingleTenantStore object at 0x7f9f96017130>, 'location_class': <class 'glance_store._drivers.swift.store.StoreLocation'>, 'store_entry': 'swift'} {{(pid=151374) register_scheme_map /usr/local/lib/python3.8/dist-packages/glance_store/location.py:146}}
Jul 21 15:31:37 ubuntu devstack@g-api.service[151374]: DEBUG glance_store.location [None req-7e5c3cff-be36-4116-8e78-8814f43f716b admin admin] Registering scheme swift+https with {'store': <glance_store._drivers.swift.store.SingleTenantStore object at 0x7f9f96017130>, 'location_class': <class 'glance_store._drivers.swift.store.StoreLocation'>, 'store_entry': 'swift'} {{(pid=151374) register_scheme_map /usr/local/lib/python3.8/dist-packages/glance_store/location.py:146}}
Jul 21 15:31:37 ubuntu devstack@g-api.service[151374]: DEBUG glance_store.location [None req-7e5c3cff-be36-4116-8e78-8814f43f716b admin admin] Registering scheme swift with {'store': <glance_store._drivers.swift.store.SingleTenantStore object at 0x7f9f96017130>, 'location_class': <class 'glance_store._drivers.swift.store.StoreLocation'>, 'store_entry': 'swift'} {{(pid=151374) register_scheme_map /usr/local/lib/python3.8/dist-packages/glance_store/location.py:146}}
Jul 21 15:31:37 ubuntu devstack@g-api.service[151374]: DEBUG glance_store.location [None req-7e5c3cff-be36-4116-8e78-8814f43f716b admin admin] Registering scheme swift+https with {'store': <glance_store._drivers.swift.store.SingleTenantStore object at 0x7f9f96017130>, 'location_class': <class 'glance_store._drivers.swift.store.StoreLocation'>, 'store_entry': 'swift'} {{(pid=151374) register_scheme_map /usr/local/lib/python3.8/dist-packages/glance_store/location.py:146}}
Jul 21 15:31:37 ubuntu devstack@g-api.service[151374]: DEBUG glance_store.location [None req-7e5c3cff-be36-4116-8e78-8814f43f716b admin admin] Registering scheme swift with {'store': <glance_store._drivers.swift.store.SingleTenantStore object at 0x7f9f96017130>, 'location_class': <class 'glance_store._drivers.swift.store.StoreLocation'>, 'store_entry': 'swift'} {{(pid=151374) register_scheme_map /usr/local/lib/python3.8/dist-packages/glance_store/location.py:146}}
Jul 21 15:31:37 ubuntu devstack@g-api.service[151374]: DEBUG glance_store.location [None req-7e5c3cff-be36-4116-8e78-8814f43f716b admin admin] Registering scheme swift+http with {'store': <glance_store._drivers.swift.store.SingleTenantStore object at 0x7f9f96017130>, 'location_class': <class 'glance_store._drivers.swift.store.StoreLocation'>, 'store_entry': 'swift'} {{(pid=151374) register_scheme_map /usr/local/lib/python3.8/dist-packages/glance_store/location.py:146}}
Jul 21 15:31:37 ubuntu devstack@g-api.service[151374]: DEBUG glance_store.location [None req-7e5c3cff-be36-4116-8e78-8814f43f716b admin admin] Registering scheme swift+https with {'store': <glance_store._drivers.swift.store.SingleTenantStore object at 0x7f9f96017130>, 'location_class': <class 'glance_store._drivers.swift.store.StoreLocation'>, 'store_entry': 'swift'} {{(pid=151374) register_scheme_map /usr/local/lib/python3.8/dist-packages/glance_store/location.py:146}}
Jul 21 15:31:37 ubuntu devstack@g-api.service[151374]: DEBUG glance_store.location [None req-7e5c3cff-be36-4116-8e78-8814f43f716b admin admin] Registering scheme swift with {'store': <glance_store._drivers.swift.store.SingleTenantStore object at 0x7f9f96017130>, 'location_class': <class 'glance_store._drivers.swift.store.StoreLocation'>, 'store_entry': 'swift'} {{(pid=151374) register_scheme_map /usr/local/lib/python3.8/dist-packages/glance_store/location.py:146}}
Jul 21 15:31:37 ubuntu devstack@g-api.service[151374]: DEBUG glance_store.location [None req-7e5c3cff-be36-4116-8e78-8814f43f716b admin admin] Registering scheme swift+http with {'store': <glance_store._drivers.swift.store.SingleTenantStore object at 0x7f9f96017130>, 'location_class': <class 'glance_store._drivers.swift.store.StoreLocation'>, 'store_entry': 'swift'} {{(pid=151374) register_scheme_map /usr/local/lib/python3.8/dist-packages/glance_store/location.py:146}}
Jul 21 15:31:37 ubuntu devstack@g-api.service[151374]: DEBUG glance_store.location [None req-7e5c3cff-be36-4116-8e78-8814f43f716b admin admin] Registering scheme swift+config with {'store': <glance_store._drivers.swift.store.SingleTenantStore object at 0x7f9f96017130>, 'location_class': <class 'glance_store._drivers.swift.store.StoreLocation'>, 'store_entry': 'swift'} {{(pid=151374) register_scheme_map /usr/local/lib/python3.8/dist-packages/glance_store/location.py:146}}
Jul 21 15:31:37 ubuntu devstack@g-api.service[151374]: DEBUG glance_store.backend [None req-7e5c3cff-be36-4116-8e78-8814f43f716b admin admin] Skipping store.set_acls... not implemented. {{(pid=151374) set_acls /usr/local/lib/python3.8/dist-packages/glance_store/backend.py:508}}
Jul 21 15:31:37 ubuntu devstack@g-api.service[151374]: [pid: 151374|app: 0|req: 2/4] 127.0.0.1 () {40 vars in 862 bytes} [Thu Jul 21 15:31:35 2022] PUT /v2/images/87c984f8-0160-4987-8b43-2ce51bd8e1d3/file => generated 0 bytes in 2914 msecs (HTTP/1.1 204) 4 headers in 171 bytes (1 switches on core 0)
Jul 21 15:31:45 ubuntu devstack@g-api.service[151373]: DEBUG dbcounter [-] [151373] Writing DB stats glance:SELECT=9,glance:INSERT=5 {{(pid=151373) stat_writer /usr/local/lib/python3.8/dist-packages/dbcounter.py:114}}
Jul 21 15:31:47 ubuntu devstack@g-api.service[151374]: DEBUG dbcounter [-] [151374] Writing DB stats glance:SELECT=28,glance:UPDATE=2,glance:INSERT=1 {{(pid=151374) stat_writer /usr/local/lib/python3.8/dist-packages/dbcounter.py:114}}
Jul 21 15:32:33 ubuntu devstack@g-api.service[151373]: DEBUG glance.api.middleware.version_negotiation [None req-f237170a-ac76-4fcb-a3f8-58ab1aba1077 admin admin] Determining version of request: GET / Accept: application/json {{(pid=151373) process_request /opt/stack/glance/glance/api/middleware/version_negotiation.py:44}}
Jul 21 15:32:33 ubuntu devstack@g-api.service[151373]: DEBUG glance.api.middleware.version_negotiation [None req-f237170a-ac76-4fcb-a3f8-58ab1aba1077 admin admin] Using url versioning {{(pid=151373) process_request /opt/stack/glance/glance/api/middleware/version_negotiation.py:57}}
Jul 21 15:32:33 ubuntu devstack@g-api.service[151373]: DEBUG glance.api.middleware.version_negotiation [None req-f237170a-ac76-4fcb-a3f8-58ab1aba1077 admin admin] Unknown version. Returning version choices. {{(pid=151373) process_request /opt/stack/glance/glance/api/middleware/version_negotiation.py:64}}
Jul 21 15:32:33 ubuntu devstack@g-api.service[151373]: [pid: 151373|app: 0|req: 3/5] 127.0.0.1 () {34 vars in 506 bytes} [Thu Jul 21 15:32:33 2022] GET / => generated 1323 bytes in 5 msecs (HTTP/1.1 300) 3 headers in 106 bytes (1 switches on core 0)
Jul 21 15:32:33 ubuntu devstack@g-api.service[151374]: DEBUG glance.api.middleware.version_negotiation [None req-7e5c3cff-be36-4116-8e78-8814f43f716b admin admin] Determining version of request: GET /v2/images Accept: application/json {{(pid=151374) process_request /opt/stack/glance/glance/api/middleware/version_negotiation.py:44}}
Jul 21 15:32:33 ubuntu devstack@g-api.service[151374]: DEBUG glance.api.middleware.version_negotiation [None req-7e5c3cff-be36-4116-8e78-8814f43f716b admin admin] Using url versioning {{(pid=151374) process_request /opt/stack/glance/glance/api/middleware/version_negotiation.py:57}}
Jul 21 15:32:33 ubuntu devstack@g-api.service[151374]: DEBUG glance.api.middleware.version_negotiation [None req-7e5c3cff-be36-4116-8e78-8814f43f716b admin admin] Matched version: v2 {{(pid=151374) process_request /opt/stack/glance/glance/api/middleware/version_negotiation.py:69}}
Jul 21 15:32:33 ubuntu devstack@g-api.service[151374]: DEBUG glance.api.middleware.version_negotiation [None req-7e5c3cff-be36-4116-8e78-8814f43f716b admin admin] new path /v2/images {{(pid=151374) process_request /opt/stack/glance/glance/api/middleware/version_negotiation.py:70}}
Jul 21 15:32:33 ubuntu devstack@g-api.service[151374]: [pid: 151374|app: 0|req: 3/6] 127.0.0.1 () {36 vars in 728 bytes} [Thu Jul 21 15:32:33 2022] GET /v2/images => generated 1045 bytes in 392 msecs (HTTP/1.1 200) 4 headers in 158 bytes (1 switches on core 0)
Jul 21 15:32:40 ubuntu devstack@g-api.service[151373]: DEBUG glance.api.middleware.version_negotiation [None req-f237170a-ac76-4fcb-a3f8-58ab1aba1077 admin admin] Determining version of request: GET / Accept: application/json {{(pid=151373) process_request /opt/stack/glance/glance/api/middleware/version_negotiation.py:44}}
Jul 21 15:32:40 ubuntu devstack@g-api.service[151373]: DEBUG glance.api.middleware.version_negotiation [None req-f237170a-ac76-4fcb-a3f8-58ab1aba1077 admin admin] Using url versioning {{(pid=151373) process_request /opt/stack/glance/glance/api/middleware/version_negotiation.py:57}}
Jul 21 15:32:40 ubuntu devstack@g-api.service[151373]: DEBUG glance.api.middleware.version_negotiation [None req-f237170a-ac76-4fcb-a3f8-58ab1aba1077 admin admin] Unknown version. Returning version choices. {{(pid=151373) process_request /opt/stack/glance/glance/api/middleware/version_negotiation.py:64}}
Jul 21 15:32:40 ubuntu devstack@g-api.service[151373]: [pid: 151373|app: 0|req: 4/7] 127.0.0.1 () {34 vars in 506 bytes} [Thu Jul 21 15:32:40 2022] GET / => generated 1323 bytes in 4 msecs (HTTP/1.1 300) 3 headers in 106 bytes (1 switches on core 0)
Jul 21 15:32:40 ubuntu devstack@g-api.service[151374]: DEBUG glance.api.middleware.version_negotiation [None req-48252c3f-bbc1-4ccb-a43d-a4bc5c3501bd admin admin] Determining version of request: GET /v2/images/87c984f8-0160-4987-8b43-2ce51bd8e1d3 Accept: */* {{(pid=151374) process_request /opt/stack/glance/glance/api/middleware/version_negotiation.py:44}}
Jul 21 15:32:40 ubuntu devstack@g-api.service[151374]: DEBUG glance.api.middleware.version_negotiation [None req-48252c3f-bbc1-4ccb-a43d-a4bc5c3501bd admin admin] Using url versioning {{(pid=151374) process_request /opt/stack/glance/glance/api/middleware/version_negotiation.py:57}}
Jul 21 15:32:40 ubuntu devstack@g-api.service[151374]: DEBUG glance.api.middleware.version_negotiation [None req-48252c3f-bbc1-4ccb-a43d-a4bc5c3501bd admin admin] Matched version: v2 {{(pid=151374) process_request /opt/stack/glance/glance/api/middleware/version_negotiation.py:69}}
Jul 21 15:32:40 ubuntu devstack@g-api.service[151374]: DEBUG glance.api.middleware.version_negotiation [None req-48252c3f-bbc1-4ccb-a43d-a4bc5c3501bd admin admin] new path /v2/images/87c984f8-0160-4987-8b43-2ce51bd8e1d3 {{(pid=151374) process_request /opt/stack/glance/glance/api/middleware/version_negotiation.py:70}}
Jul 21 15:32:40 ubuntu devstack@g-api.service[151374]: [pid: 151374|app: 0|req: 4/8] 127.0.0.1 () {36 vars in 789 bytes} [Thu Jul 21 15:32:40 2022] GET /v2/images/87c984f8-0160-4987-8b43-2ce51bd8e1d3 => generated 976 bytes in 473 msecs (HTTP/1.1 200) 4 headers in 157 bytes (1 switches on core 0)
Jul 21 15:32:44 ubuntu devstack@g-api.service[151373]: DEBUG glance.api.middleware.version_negotiation [None req-f237170a-ac76-4fcb-a3f8-58ab1aba1077 admin admin] Determining version of request: GET / Accept: application/json {{(pid=151373) process_request /opt/stack/glance/glance/api/middleware/version_negotiation.py:44}}
Jul 21 15:32:44 ubuntu devstack@g-api.service[151373]: DEBUG glance.api.middleware.version_negotiation [None req-f237170a-ac76-4fcb-a3f8-58ab1aba1077 admin admin] Using url versioning {{(pid=151373) process_request /opt/stack/glance/glance/api/middleware/version_negotiation.py:57}}
Jul 21 15:32:44 ubuntu devstack@g-api.service[151373]: DEBUG glance.api.middleware.version_negotiation [None req-f237170a-ac76-4fcb-a3f8-58ab1aba1077 admin admin] Unknown version. Returning version choices. {{(pid=151373) process_request /opt/stack/glance/glance/api/middleware/version_negotiation.py:64}}
Jul 21 15:32:44 ubuntu devstack@g-api.service[151373]: [pid: 151373|app: 0|req: 5/9] 127.0.0.1 () {34 vars in 506 bytes} [Thu Jul 21 15:32:44 2022] GET / => generated 1323 bytes in 2 msecs (HTTP/1.1 300) 3 headers in 106 bytes (1 switches on core 0)
Jul 21 15:32:44 ubuntu devstack@g-api.service[151374]: DEBUG glance.api.middleware.version_negotiation [None req-290049fc-3865-4cb6-917c-05125c50d693 admin admin] Determining version of request: GET /v2/images/87c984f8-0160-4987-8b43-2ce51bd8e1d3 Accept: */* {{(pid=151374) process_request /opt/stack/glance/glance/api/middleware/version_negotiation.py:44}}
Jul 21 15:32:44 ubuntu devstack@g-api.service[151374]: DEBUG glance.api.middleware.version_negotiation [None req-290049fc-3865-4cb6-917c-05125c50d693 admin admin] Using url versioning {{(pid=151374) process_request /opt/stack/glance/glance/api/middleware/version_negotiation.py:57}}
Jul 21 15:32:44 ubuntu devstack@g-api.service[151374]: DEBUG glance.api.middleware.version_negotiation [None req-290049fc-3865-4cb6-917c-05125c50d693 admin admin] Matched version: v2 {{(pid=151374) process_request /opt/stack/glance/glance/api/middleware/version_negotiation.py:69}}
Jul 21 15:32:44 ubuntu devstack@g-api.service[151374]: DEBUG glance.api.middleware.version_negotiation [None req-290049fc-3865-4cb6-917c-05125c50d693 admin admin] new path /v2/images/87c984f8-0160-4987-8b43-2ce51bd8e1d3 {{(pid=151374) process_request /opt/stack/glance/glance/api/middleware/version_negotiation.py:70}}
Jul 21 15:32:44 ubuntu devstack@g-api.service[151374]: [pid: 151374|app: 0|req: 5/10] 127.0.0.1 () {36 vars in 789 bytes} [Thu Jul 21 15:32:44 2022] GET /v2/images/87c984f8-0160-4987-8b43-2ce51bd8e1d3 => generated 976 bytes in 305 msecs (HTTP/1.1 200) 4 headers in 157 bytes (1 switches on core 0)
Jul 21 15:32:54 ubuntu devstack@g-api.service[151374]: DEBUG dbcounter [-] [151374] Writing DB stats glance:SELECT=10 {{(pid=151374) stat_writer /usr/local/lib/python3.8/dist-packages/dbcounter.py:114}}
Jul 21 15:35:01 ubuntu devstack@g-api.service[151373]: DEBUG glance.api.middleware.version_negotiation [None req-f237170a-ac76-4fcb-a3f8-58ab1aba1077 admin admin] Determining version of request: GET /v1 Accept: application/json {{(pid=151373) process_request /opt/stack/glance/glance/api/middleware/version_negotiation.py:44}}
Jul 21 15:35:01 ubuntu devstack@g-api.service[151373]: DEBUG glance.api.middleware.version_negotiation [None req-f237170a-ac76-4fcb-a3f8-58ab1aba1077 admin admin] Using url versioning {{(pid=151373) process_request /opt/stack/glance/glance/api/middleware/version_negotiation.py:57}}
Jul 21 15:35:01 ubuntu devstack@g-api.service[151373]: DEBUG glance.api.middleware.version_negotiation [None req-f237170a-ac76-4fcb-a3f8-58ab1aba1077 admin admin] Unknown version. Returning version choices. {{(pid=151373) process_request /opt/stack/glance/glance/api/middleware/version_negotiation.py:64}}
Jul 21 15:35:01 ubuntu devstack@g-api.service[151373]: [pid: 151373|app: 0|req: 6/11] 127.0.0.1 () {38 vars in 685 bytes} [Thu Jul 21 15:35:01 2022] GET /v1 => generated 1323 bytes in 6 msecs (HTTP/1.1 300) 3 headers in 106 bytes (1 switches on core 0)
Jul 21 15:37:17 ubuntu devstack@g-api.service[151374]: DEBUG glance.api.middleware.version_negotiation [None req-c5ee02f9-5036-4fdf-be63-8faab5cf3657 admin admin] Determining version of request: GET /versions Accept: */* {{(pid=151374) process_request /opt/stack/glance/glance/api/middleware/version_negotiation.py:44}}
Jul 21 15:37:17 ubuntu devstack@g-api.service[151374]: [pid: 151374|app: 0|req: 6/12] 127.0.0.1 () {38 vars in 695 bytes} [Thu Jul 21 15:37:17 2022] GET /versions => generated 1323 bytes in 6 msecs (HTTP/1.1 200) 3 headers in 92 bytes (1 switches on core 0)
Jul 21 15:37:17 ubuntu devstack@g-api.service[151373]: DEBUG glance.api.middleware.version_negotiation [None req-f237170a-ac76-4fcb-a3f8-58ab1aba1077 admin admin] Determining version of request: GET /v2/schemas/image Accept: */* {{(pid=151373) process_request /opt/stack/glance/glance/api/middleware/version_negotiation.py:44}}
Jul 21 15:37:17 ubuntu devstack@g-api.service[151373]: DEBUG glance.api.middleware.version_negotiation [None req-f237170a-ac76-4fcb-a3f8-58ab1aba1077 admin admin] Using url versioning {{(pid=151373) process_request /opt/stack/glance/glance/api/middleware/version_negotiation.py:57}}
Jul 21 15:37:17 ubuntu devstack@g-api.service[151373]: DEBUG glance.api.middleware.version_negotiation [None req-f237170a-ac76-4fcb-a3f8-58ab1aba1077 admin admin] Matched version: v2 {{(pid=151373) process_request /opt/stack/glance/glance/api/middleware/version_negotiation.py:69}}
Jul 21 15:37:17 ubuntu devstack@g-api.service[151373]: DEBUG glance.api.middleware.version_negotiation [None req-f237170a-ac76-4fcb-a3f8-58ab1aba1077 admin admin] new path /v2/schemas/image {{(pid=151373) process_request /opt/stack/glance/glance/api/middleware/version_negotiation.py:70}}
Jul 21 15:37:17 ubuntu devstack@g-api.service[151373]: [pid: 151373|app: 0|req: 7/13] 127.0.0.1 () {38 vars in 711 bytes} [Thu Jul 21 15:37:17 2022] GET /v2/schemas/image => generated 6083 bytes in 165 msecs (HTTP/1.1 200) 4 headers in 158 bytes (1 switches on core 0)
Jul 21 15:37:17 ubuntu devstack@g-api.service[151374]: DEBUG glance.api.middleware.version_negotiation [None req-c5ee02f9-5036-4fdf-be63-8faab5cf3657 admin admin] Determining version of request: GET /v2/schemas/metadefs/namespace Accept: */* {{(pid=151374) process_request /opt/stack/glance/glance/api/middleware/version_negotiation.py:44}}
Jul 21 15:37:17 ubuntu devstack@g-api.service[151374]: DEBUG glance.api.middleware.version_negotiation [None req-c5ee02f9-5036-4fdf-be63-8faab5cf3657 admin admin] Using url versioning {{(pid=151374) process_request /opt/stack/glance/glance/api/middleware/version_negotiation.py:57}}
Jul 21 15:37:17 ubuntu devstack@g-api.service[151374]: DEBUG glance.api.middleware.version_negotiation [None req-c5ee02f9-5036-4fdf-be63-8faab5cf3657 admin admin] Matched version: v2 {{(pid=151374) process_request /opt/stack/glance/glance/api/middleware/version_negotiation.py:69}}
Jul 21 15:37:17 ubuntu devstack@g-api.service[151374]: DEBUG glance.api.middleware.version_negotiation [None req-c5ee02f9-5036-4fdf-be63-8faab5cf3657 admin admin] new path /v2/schemas/metadefs/namespace {{(pid=151374) process_request /opt/stack/glance/glance/api/middleware/version_negotiation.py:70}}
Jul 21 15:37:17 ubuntu devstack@g-api.service[151374]: [pid: 151374|app: 0|req: 7/14] 127.0.0.1 () {38 vars in 737 bytes} [Thu Jul 21 15:37:17 2022] GET /v2/schemas/metadefs/namespace => generated 3100 bytes in 12 msecs (HTTP/1.1 200) 4 headers in 158 bytes (1 switches on core 0)
Jul 21 15:37:17 ubuntu devstack@g-api.service[151373]: DEBUG glance.api.middleware.version_negotiation [None req-9fa816d2-2604-41aa-a550-91af5370f3c0 admin admin] Determining version of request: GET /v2/schemas/metadefs/resource_type Accept: */* {{(pid=151373) process_request /opt/stack/glance/glance/api/middleware/version_negotiation.py:44}}
Jul 21 15:37:17 ubuntu devstack@g-api.service[151373]: DEBUG glance.api.middleware.version_negotiation [None req-9fa816d2-2604-41aa-a550-91af5370f3c0 admin admin] Using url versioning {{(pid=151373) process_request /opt/stack/glance/glance/api/middleware/version_negotiation.py:57}}
Jul 21 15:37:17 ubuntu devstack@g-api.service[151373]: DEBUG glance.api.middleware.version_negotiation [None req-9fa816d2-2604-41aa-a550-91af5370f3c0 admin admin] Matched version: v2 {{(pid=151373) process_request /opt/stack/glance/glance/api/middleware/version_negotiation.py:69}}
Jul 21 15:37:17 ubuntu devstack@g-api.service[151373]: DEBUG glance.api.middleware.version_negotiation [None req-9fa816d2-2604-41aa-a550-91af5370f3c0 admin admin] new path /v2/schemas/metadefs/resource_type {{(pid=151373) process_request /opt/stack/glance/glance/api/middleware/version_negotiation.py:70}}
Jul 21 15:37:17 ubuntu devstack@g-api.service[151373]: [pid: 151373|app: 0|req: 8/15] 127.0.0.1 () {38 vars in 745 bytes} [Thu Jul 21 15:37:17 2022] GET /v2/schemas/metadefs/resource_type => generated 1260 bytes in 7 msecs (HTTP/1.1 200) 4 headers in 158 bytes (1 switches on core 0)
Jul 21 15:37:17 ubuntu devstack@g-api.service[151374]: DEBUG glance.api.middleware.version_negotiation [None req-eccc6593-3380-4748-8ebd-510ee3162377 admin admin] Determining version of request: GET /v2/images Accept: */* {{(pid=151374) process_request /opt/stack/glance/glance/api/middleware/version_negotiation.py:44}}
Jul 21 15:37:17 ubuntu devstack@g-api.service[151374]: DEBUG glance.api.middleware.version_negotiation [None req-eccc6593-3380-4748-8ebd-510ee3162377 admin admin] Using url versioning {{(pid=151374) process_request /opt/stack/glance/glance/api/middleware/version_negotiation.py:57}}
Jul 21 15:37:17 ubuntu devstack@g-api.service[151374]: DEBUG glance.api.middleware.version_negotiation [None req-eccc6593-3380-4748-8ebd-510ee3162377 admin admin] Matched version: v2 {{(pid=151374) process_request /opt/stack/glance/glance/api/middleware/version_negotiation.py:69}}
Jul 21 15:37:17 ubuntu devstack@g-api.service[151374]: DEBUG glance.api.middleware.version_negotiation [None req-eccc6593-3380-4748-8ebd-510ee3162377 admin admin] new path /v2/images {{(pid=151374) process_request /opt/stack/glance/glance/api/middleware/version_negotiation.py:70}}
Jul 21 15:37:17 ubuntu devstack@g-api.service[151374]: [pid: 151374|app: 0|req: 8/16] 127.0.0.1 () {38 vars in 768 bytes} [Thu Jul 21 15:37:17 2022] GET /v2/images?limit=20&sort_key=name&sort_dir=asc => generated 1081 bytes in 79 msecs (HTTP/1.1 200) 4 headers in 158 bytes (1 switches on core 0)
Jul 21 15:37:17 ubuntu devstack@g-api.service[151373]: DEBUG glance.api.middleware.version_negotiation [None req-2e6f84c8-5659-468e-acf8-582f67ebb6a3 admin admin] Determining version of request: GET /v2/schemas/image Accept: */* {{(pid=151373) process_request /opt/stack/glance/glance/api/middleware/version_negotiation.py:44}}
Jul 21 15:37:17 ubuntu devstack@g-api.service[151373]: DEBUG glance.api.middleware.version_negotiation [None req-2e6f84c8-5659-468e-acf8-582f67ebb6a3 admin admin] Using url versioning {{(pid=151373) process_request /opt/stack/glance/glance/api/middleware/version_negotiation.py:57}}
Jul 21 15:37:17 ubuntu devstack@g-api.service[151373]: DEBUG glance.api.middleware.version_negotiation [None req-2e6f84c8-5659-468e-acf8-582f67ebb6a3 admin admin] Matched version: v2 {{(pid=151373) process_request /opt/stack/glance/glance/api/middleware/version_negotiation.py:69}}
Jul 21 15:37:17 ubuntu devstack@g-api.service[151373]: DEBUG glance.api.middleware.version_negotiation [None req-2e6f84c8-5659-468e-acf8-582f67ebb6a3 admin admin] new path /v2/schemas/image {{(pid=151373) process_request /opt/stack/glance/glance/api/middleware/version_negotiation.py:70}}
Jul 21 15:37:17 ubuntu devstack@g-api.service[151373]: [pid: 151373|app: 0|req: 9/17] 127.0.0.1 () {38 vars in 711 bytes} [Thu Jul 21 15:37:17 2022] GET /v2/schemas/image => generated 6083 bytes in 8 msecs (HTTP/1.1 200) 4 headers in 158 bytes (1 switches on core 0)
Jul 21 15:37:27 ubuntu devstack@g-api.service[151374]: DEBUG dbcounter [-] [151374] Writing DB stats glance:SELECT=2 {{(pid=151374) stat_writer /usr/local/lib/python3.8/dist-packages/dbcounter.py:114}}
Jul 21 15:37:32 ubuntu devstack@g-api.service[151374]: DEBUG glance.api.middleware.version_negotiation [None req-bf4f18a9-b3aa-4d90-9826-826124293504 admin admin] Determining version of request: GET / Accept: application/json {{(pid=151374) process_request /opt/stack/glance/glance/api/middleware/version_negotiation.py:44}}
Jul 21 15:37:32 ubuntu devstack@g-api.service[151374]: DEBUG glance.api.middleware.version_negotiation [None req-bf4f18a9-b3aa-4d90-9826-826124293504 admin admin] Using url versioning {{(pid=151374) process_request /opt/stack/glance/glance/api/middleware/version_negotiation.py:57}}
Jul 21 15:37:32 ubuntu devstack@g-api.service[151374]: DEBUG glance.api.middleware.version_negotiation [None req-bf4f18a9-b3aa-4d90-9826-826124293504 admin admin] Unknown version. Returning version choices. {{(pid=151374) process_request /opt/stack/glance/glance/api/middleware/version_negotiation.py:64}}
Jul 21 15:37:32 ubuntu devstack@g-api.service[151374]: [pid: 151374|app: 0|req: 9/18] 127.0.0.1 () {34 vars in 492 bytes} [Thu Jul 21 15:37:32 2022] GET / => generated 1323 bytes in 5 msecs (HTTP/1.1 300) 3 headers in 106 bytes (1 switches on core 0)
Jul 21 15:37:32 ubuntu devstack@g-api.service[151373]: DEBUG glance.api.middleware.version_negotiation [None req-741361c5-2b88-4f65-85a2-19a7ace6723f admin admin] Determining version of request: GET /v2/images/87c984f8-0160-4987-8b43-2ce51bd8e1d3 Accept: */* {{(pid=151373) process_request /opt/stack/glance/glance/api/middleware/version_negotiation.py:44}}
Jul 21 15:37:32 ubuntu devstack@g-api.service[151373]: DEBUG glance.api.middleware.version_negotiation [None req-741361c5-2b88-4f65-85a2-19a7ace6723f admin admin] Using url versioning {{(pid=151373) process_request /opt/stack/glance/glance/api/middleware/version_negotiation.py:57}}
Jul 21 15:37:32 ubuntu devstack@g-api.service[151373]: DEBUG glance.api.middleware.version_negotiation [None req-741361c5-2b88-4f65-85a2-19a7ace6723f admin admin] Matched version: v2 {{(pid=151373) process_request /opt/stack/glance/glance/api/middleware/version_negotiation.py:69}}
Jul 21 15:37:32 ubuntu devstack@g-api.service[151373]: DEBUG glance.api.middleware.version_negotiation [None req-741361c5-2b88-4f65-85a2-19a7ace6723f admin admin] new path /v2/images/87c984f8-0160-4987-8b43-2ce51bd8e1d3 {{(pid=151373) process_request /opt/stack/glance/glance/api/middleware/version_negotiation.py:70}}
Jul 21 15:37:32 ubuntu devstack@g-api.service[151373]: WARNING keystonemiddleware.auth_token [None req-741361c5-2b88-4f65-85a2-19a7ace6723f admin admin] A valid token was submitted as a service token, but it was not a valid service token. This is incorrect but backwards compatible behaviour. This will be removed in future releases.
Jul 21 15:37:32 ubuntu devstack@g-api.service[151373]: [pid: 151373|app: 0|req: 10/19] 127.0.0.1 () {42 vars in 1049 bytes} [Thu Jul 21 15:37:32 2022] GET /v2/images/87c984f8-0160-4987-8b43-2ce51bd8e1d3 => generated 976 bytes in 119 msecs (HTTP/1.1 200) 4 headers in 157 bytes (1 switches on core 0)
Jul 21 15:37:32 ubuntu devstack@g-api.service[151374]: DEBUG glance.api.middleware.version_negotiation [None req-bf4f18a9-b3aa-4d90-9826-826124293504 admin admin] Determining version of request: GET /v2/schemas/image Accept: */* {{(pid=151374) process_request /opt/stack/glance/glance/api/middleware/version_negotiation.py:44}}
Jul 21 15:37:32 ubuntu devstack@g-api.service[151374]: DEBUG glance.api.middleware.version_negotiation [None req-bf4f18a9-b3aa-4d90-9826-826124293504 admin admin] Using url versioning {{(pid=151374) process_request /opt/stack/glance/glance/api/middleware/version_negotiation.py:57}}
Jul 21 15:37:32 ubuntu devstack@g-api.service[151374]: DEBUG glance.api.middleware.version_negotiation [None req-bf4f18a9-b3aa-4d90-9826-826124293504 admin admin] Matched version: v2 {{(pid=151374) process_request /opt/stack/glance/glance/api/middleware/version_negotiation.py:69}}
Jul 21 15:37:32 ubuntu devstack@g-api.service[151374]: DEBUG glance.api.middleware.version_negotiation [None req-bf4f18a9-b3aa-4d90-9826-826124293504 admin admin] new path /v2/schemas/image {{(pid=151374) process_request /opt/stack/glance/glance/api/middleware/version_negotiation.py:70}}
Jul 21 15:37:32 ubuntu devstack@g-api.service[151374]: WARNING keystonemiddleware.auth_token [None req-bf4f18a9-b3aa-4d90-9826-826124293504 admin admin] A valid token was submitted as a service token, but it was not a valid service token. This is incorrect but backwards compatible behaviour. This will be removed in future releases.
Jul 21 15:37:32 ubuntu devstack@g-api.service[151374]: [pid: 151374|app: 0|req: 10/20] 127.0.0.1 () {42 vars in 989 bytes} [Thu Jul 21 15:37:32 2022] GET /v2/schemas/image => generated 6083 bytes in 6 msecs (HTTP/1.1 200) 4 headers in 158 bytes (1 switches on core 0)
Jul 21 15:37:34 ubuntu devstack@g-api.service[151373]: DEBUG glance.api.middleware.version_negotiation [None req-76ef4e89-8acf-4552-98c9-8e4810778144 tempest-VolumesAdminNegativeTest-1632878567 tempest-VolumesAdminNegativeTest-1632878567-project] Determining version of request: GET /v2/images/87c984f8-0160-4987-8b43-2ce51bd8e1d3 Accept: */* {{(pid=151373) process_request /opt/stack/glance/glance/api/middleware/version_negotiation.py:44}}
Jul 21 15:37:34 ubuntu devstack@g-api.service[151373]: DEBUG glance.api.middleware.version_negotiation [None req-76ef4e89-8acf-4552-98c9-8e4810778144 tempest-VolumesAdminNegativeTest-1632878567 tempest-VolumesAdminNegativeTest-1632878567-project] Using url versioning {{(pid=151373) process_request /opt/stack/glance/glance/api/middleware/version_negotiation.py:57}}
Jul 21 15:37:34 ubuntu devstack@g-api.service[151373]: DEBUG glance.api.middleware.version_negotiation [None req-76ef4e89-8acf-4552-98c9-8e4810778144 tempest-VolumesAdminNegativeTest-1632878567 tempest-VolumesAdminNegativeTest-1632878567-project] Matched version: v2 {{(pid=151373) process_request /opt/stack/glance/glance/api/middleware/version_negotiation.py:69}}
Jul 21 15:37:34 ubuntu devstack@g-api.service[151373]: DEBUG glance.api.middleware.version_negotiation [None req-76ef4e89-8acf-4552-98c9-8e4810778144 tempest-VolumesAdminNegativeTest-1632878567 tempest-VolumesAdminNegativeTest-1632878567-project] new path /v2/images/87c984f8-0160-4987-8b43-2ce51bd8e1d3 {{(pid=151373) process_request /opt/stack/glance/glance/api/middleware/version_negotiation.py:70}}
Jul 21 15:37:34 ubuntu devstack@g-api.service[151373]: [pid: 151373|app: 0|req: 11/21] 127.0.0.1 () {42 vars in 1049 bytes} [Thu Jul 21 15:37:34 2022] GET /v2/images/87c984f8-0160-4987-8b43-2ce51bd8e1d3 => generated 976 bytes in 20 msecs (HTTP/1.1 200) 4 headers in 157 bytes (1 switches on core 0)
Jul 21 15:37:34 ubuntu devstack@g-api.service[151374]: DEBUG glance.api.middleware.version_negotiation [None req-76ef4e89-8acf-4552-98c9-8e4810778144 tempest-VolumesAdminNegativeTest-1632878567 tempest-VolumesAdminNegativeTest-1632878567-project] Determining version of request: GET /v2/images/87c984f8-0160-4987-8b43-2ce51bd8e1d3/file Accept: */* {{(pid=151374) process_request /opt/stack/glance/glance/api/middleware/version_negotiation.py:44}}
Jul 21 15:37:34 ubuntu devstack@g-api.service[151374]: DEBUG glance.api.middleware.version_negotiation [None req-76ef4e89-8acf-4552-98c9-8e4810778144 tempest-VolumesAdminNegativeTest-1632878567 tempest-VolumesAdminNegativeTest-1632878567-project] Using url versioning {{(pid=151374) process_request /opt/stack/glance/glance/api/middleware/version_negotiation.py:57}}
Jul 21 15:37:34 ubuntu devstack@g-api.service[151374]: DEBUG glance.api.middleware.version_negotiation [None req-76ef4e89-8acf-4552-98c9-8e4810778144 tempest-VolumesAdminNegativeTest-1632878567 tempest-VolumesAdminNegativeTest-1632878567-project] Matched version: v2 {{(pid=151374) process_request /opt/stack/glance/glance/api/middleware/version_negotiation.py:69}}
Jul 21 15:37:34 ubuntu devstack@g-api.service[151374]: DEBUG glance.api.middleware.version_negotiation [None req-76ef4e89-8acf-4552-98c9-8e4810778144 tempest-VolumesAdminNegativeTest-1632878567 tempest-VolumesAdminNegativeTest-1632878567-project] new path /v2/images/87c984f8-0160-4987-8b43-2ce51bd8e1d3/file {{(pid=151374) process_request /opt/stack/glance/glance/api/middleware/version_negotiation.py:70}}
Jul 21 15:37:35 ubuntu devstack@g-api.service[151374]: DEBUG glance_store.backend [None req-76ef4e89-8acf-4552-98c9-8e4810778144 tempest-VolumesAdminNegativeTest-1632878567 tempest-VolumesAdminNegativeTest-1632878567-project] Attempting to import store swift {{(pid=151374) _load_store /usr/local/lib/python3.8/dist-packages/glance_store/backend.py:216}}
Jul 21 15:37:35 ubuntu devstack@g-api.service[151374]: DEBUG glance_store.capabilities [None req-76ef4e89-8acf-4552-98c9-8e4810778144 tempest-VolumesAdminNegativeTest-1632878567 tempest-VolumesAdminNegativeTest-1632878567-project] Store glance_store._drivers.swift.store.SingleTenantStore doesn't support updating dynamic storage capabilities. Please overwrite 'update_capabilities' method of the store to implement updating logics if needed. {{(pid=151374) update_capabilities /usr/local/lib/python3.8/dist-packages/glance_store/capabilities.py:91}}
Jul 21 15:37:35 ubuntu devstack@g-api.service[151374]: DEBUG glance_store.driver [None req-76ef4e89-8acf-4552-98c9-8e4810778144 tempest-VolumesAdminNegativeTest-1632878567 tempest-VolumesAdminNegativeTest-1632878567-project] Late loading location class glance_store._drivers.swift.store.StoreLocation {{(pid=151374) get_store_location_class /usr/local/lib/python3.8/dist-packages/glance_store/driver.py:116}}
Jul 21 15:37:35 ubuntu devstack@g-api.service[151374]: DEBUG glance_store.location [None req-76ef4e89-8acf-4552-98c9-8e4810778144 tempest-VolumesAdminNegativeTest-1632878567 tempest-VolumesAdminNegativeTest-1632878567-project] Registering scheme swift+https with {'store': <glance_store._drivers.swift.store.SingleTenantStore object at 0x7f9f94122eb0>, 'location_class': <class 'glance_store._drivers.swift.store.StoreLocation'>, 'store_entry': 'swift'} {{(pid=151374) register_scheme_map /usr/local/lib/python3.8/dist-packages/glance_store/location.py:146}}
Jul 21 15:37:35 ubuntu devstack@g-api.service[151374]: DEBUG glance_store.location [None req-76ef4e89-8acf-4552-98c9-8e4810778144 tempest-VolumesAdminNegativeTest-1632878567 tempest-VolumesAdminNegativeTest-1632878567-project] Registering scheme swift+https with {'store': <glance_store._drivers.swift.store.SingleTenantStore object at 0x7f9f94122eb0>, 'location_class': <class 'glance_store._drivers.swift.store.StoreLocation'>, 'store_entry': 'swift'} {{(pid=151374) register_scheme_map /usr/local/lib/python3.8/dist-packages/glance_store/location.py:146}}
Jul 21 15:37:35 ubuntu devstack@g-api.service[151374]: DEBUG glance_store.location [None req-76ef4e89-8acf-4552-98c9-8e4810778144 tempest-VolumesAdminNegativeTest-1632878567 tempest-VolumesAdminNegativeTest-1632878567-project] Registering scheme swift with {'store': <glance_store._drivers.swift.store.SingleTenantStore object at 0x7f9f94122eb0>, 'location_class': <class 'glance_store._drivers.swift.store.StoreLocation'>, 'store_entry': 'swift'} {{(pid=151374) register_scheme_map /usr/local/lib/python3.8/dist-packages/glance_store/location.py:146}}
Jul 21 15:37:35 ubuntu devstack@g-api.service[151374]: DEBUG glance_store.location [None req-76ef4e89-8acf-4552-98c9-8e4810778144 tempest-VolumesAdminNegativeTest-1632878567 tempest-VolumesAdminNegativeTest-1632878567-project] Registering scheme swift+https with {'store': <glance_store._drivers.swift.store.SingleTenantStore object at 0x7f9f94122eb0>, 'location_class': <class 'glance_store._drivers.swift.store.StoreLocation'>, 'store_entry': 'swift'} {{(pid=151374) register_scheme_map /usr/local/lib/python3.8/dist-packages/glance_store/location.py:146}}
Jul 21 15:37:35 ubuntu devstack@g-api.service[151374]: DEBUG glance_store.location [None req-76ef4e89-8acf-4552-98c9-8e4810778144 tempest-VolumesAdminNegativeTest-1632878567 tempest-VolumesAdminNegativeTest-1632878567-project] Registering scheme swift with {'store': <glance_store._drivers.swift.store.SingleTenantStore object at 0x7f9f94122eb0>, 'location_class': <class 'glance_store._drivers.swift.store.StoreLocation'>, 'store_entry': 'swift'} {{(pid=151374) register_scheme_map /usr/local/lib/python3.8/dist-packages/glance_store/location.py:146}}
Jul 21 15:37:35 ubuntu devstack@g-api.service[151374]: DEBUG glance_store.location [None req-76ef4e89-8acf-4552-98c9-8e4810778144 tempest-VolumesAdminNegativeTest-1632878567 tempest-VolumesAdminNegativeTest-1632878567-project] Registering scheme swift+http with {'store': <glance_store._drivers.swift.store.SingleTenantStore object at 0x7f9f94122eb0>, 'location_class': <class 'glance_store._drivers.swift.store.StoreLocation'>, 'store_entry': 'swift'} {{(pid=151374) register_scheme_map /usr/local/lib/python3.8/dist-packages/glance_store/location.py:146}}
Jul 21 15:37:35 ubuntu devstack@g-api.service[151374]: DEBUG glance_store.location [None req-76ef4e89-8acf-4552-98c9-8e4810778144 tempest-VolumesAdminNegativeTest-1632878567 tempest-VolumesAdminNegativeTest-1632878567-project] Registering scheme swift+https with {'store': <glance_store._drivers.swift.store.SingleTenantStore object at 0x7f9f94122eb0>, 'location_class': <class 'glance_store._drivers.swift.store.StoreLocation'>, 'store_entry': 'swift'} {{(pid=151374) register_scheme_map /usr/local/lib/python3.8/dist-packages/glance_store/location.py:146}}
Jul 21 15:37:35 ubuntu devstack@g-api.service[151374]: DEBUG glance_store.location [None req-76ef4e89-8acf-4552-98c9-8e4810778144 tempest-VolumesAdminNegativeTest-1632878567 tempest-VolumesAdminNegativeTest-1632878567-project] Registering scheme swift with {'store': <glance_store._drivers.swift.store.SingleTenantStore object at 0x7f9f94122eb0>, 'location_class': <class 'glance_store._drivers.swift.store.StoreLocation'>, 'store_entry': 'swift'} {{(pid=151374) register_scheme_map /usr/local/lib/python3.8/dist-packages/glance_store/location.py:146}}
Jul 21 15:37:35 ubuntu devstack@g-api.service[151374]: DEBUG glance_store.location [None req-76ef4e89-8acf-4552-98c9-8e4810778144 tempest-VolumesAdminNegativeTest-1632878567 tempest-VolumesAdminNegativeTest-1632878567-project] Registering scheme swift+http with {'store': <glance_store._drivers.swift.store.SingleTenantStore object at 0x7f9f94122eb0>, 'location_class': <class 'glance_store._drivers.swift.store.StoreLocation'>, 'store_entry': 'swift'} {{(pid=151374) register_scheme_map /usr/local/lib/python3.8/dist-packages/glance_store/location.py:146}}
Jul 21 15:37:35 ubuntu devstack@g-api.service[151374]: DEBUG glance_store.location [None req-76ef4e89-8acf-4552-98c9-8e4810778144 tempest-VolumesAdminNegativeTest-1632878567 tempest-VolumesAdminNegativeTest-1632878567-project] Registering scheme swift+config with {'store': <glance_store._drivers.swift.store.SingleTenantStore object at 0x7f9f94122eb0>, 'location_class': <class 'glance_store._drivers.swift.store.StoreLocation'>, 'store_entry': 'swift'} {{(pid=151374) register_scheme_map /usr/local/lib/python3.8/dist-packages/glance_store/location.py:146}}
Jul 21 15:37:35 ubuntu devstack@g-api.service[151374]: DEBUG swiftclient [None req-76ef4e89-8acf-4552-98c9-8e4810778144 tempest-VolumesAdminNegativeTest-1632878567 tempest-VolumesAdminNegativeTest-1632878567-project] REQ: curl -i http://192.168.79.39:8080/v1/AUTH_6133d494f2f840efa8ee2795b27958d1/glance/87c984f8-0160-4987-8b43-2ce51bd8e1d3 -X GET -H "X-Auth-Token: gAAAAABi2XK_JszE..." {{(pid=151374) http_log /usr/local/lib/python3.8/dist-packages/swiftclient/client.py:157}}
Jul 21 15:37:35 ubuntu devstack@g-api.service[151374]: DEBUG swiftclient [None req-76ef4e89-8acf-4552-98c9-8e4810778144 tempest-VolumesAdminNegativeTest-1632878567 tempest-VolumesAdminNegativeTest-1632878567-project] RESP STATUS: 200 OK {{(pid=151374) http_log /usr/local/lib/python3.8/dist-packages/swiftclient/client.py:158}}
Jul 21 15:37:35 ubuntu devstack@g-api.service[151374]: DEBUG swiftclient [None req-76ef4e89-8acf-4552-98c9-8e4810778144 tempest-VolumesAdminNegativeTest-1632878567 tempest-VolumesAdminNegativeTest-1632878567-project] RESP HEADERS: {'Content-Type': 'application/octet-stream', 'Etag': '1d3062cd89af34e419f7100277f38b2b', 'Last-Modified': 'Thu, 21 Jul 2022 15:31:38 GMT', 'X-Timestamp': '1658417497.50834', 'Accept-Ranges': 'bytes', 'Content-Length': '16338944', 'X-Trans-Id': 'tx61880df5991c442ca72ad-0062d972bf', 'X-Openstack-Request-Id': 'tx61880df5991c442ca72ad-0062d972bf', 'Date': 'Thu, 21 Jul 2022 15:37:35 GMT'} {{(pid=151374) http_log /usr/local/lib/python3.8/dist-packages/swiftclient/client.py:159}}
Jul 21 15:37:35 ubuntu devstack@g-api.service[151374]: DEBUG glance.image_cache [None req-76ef4e89-8acf-4552-98c9-8e4810778144 tempest-VolumesAdminNegativeTest-1632878567 tempest-VolumesAdminNegativeTest-1632878567-project] Tee'ing image '87c984f8-0160-4987-8b43-2ce51bd8e1d3' into cache {{(pid=151374) get_caching_iter /opt/stack/glance/glance/image_cache/__init__.py:343}}
Jul 21 15:37:35 ubuntu devstack@g-api.service[151374]: DEBUG glance.image_cache.drivers.sqlite [None req-76ef4e89-8acf-4552-98c9-8e4810778144 tempest-VolumesAdminNegativeTest-1632878567 tempest-VolumesAdminNegativeTest-1632878567-project] Fetch finished, moving '/opt/stack/data/glance/cache/incomplete/87c984f8-0160-4987-8b43-2ce51bd8e1d3' to '/opt/stack/data/glance/cache/87c984f8-0160-4987-8b43-2ce51bd8e1d3' {{(pid=151374) commit /opt/stack/glance/glance/image_cache/drivers/sqlite.py:324}}
Jul 21 15:37:35 ubuntu devstack@g-api.service[151374]: [pid: 151374|app: 0|req: 11/22] 127.0.0.1 () {42 vars in 1059 bytes} [Thu Jul 21 15:37:34 2022] GET /v2/images/87c984f8-0160-4987-8b43-2ce51bd8e1d3/file => generated 16338944 bytes in 511 msecs (HTTP/1.1 200) 4 headers in 191 bytes (250 switches on core 0)
Jul 21 15:37:44 ubuntu devstack@g-api.service[151373]: DEBUG dbcounter [-] [151373] Writing DB stats glance:SELECT=8 {{(pid=151373) stat_writer /usr/local/lib/python3.8/dist-packages/dbcounter.py:114}}
Jul 21 15:37:45 ubuntu devstack@g-api.service[151374]: DEBUG dbcounter [-] [151374] Writing DB stats glance:SELECT=8 {{(pid=151374) stat_writer /usr/local/lib/python3.8/dist-packages/dbcounter.py:114}}
Jul 21 15:38:01 ubuntu devstack@g-api.service[151373]: DEBUG glance.api.middleware.version_negotiation [None req-76ef4e89-8acf-4552-98c9-8e4810778144 tempest-VolumesAdminNegativeTest-1632878567 tempest-VolumesAdminNegativeTest-1632878567-project] Determining version of request: GET / Accept: application/json {{(pid=151373) process_request /opt/stack/glance/glance/api/middleware/version_negotiation.py:44}}
Jul 21 15:38:01 ubuntu devstack@g-api.service[151373]: DEBUG glance.api.middleware.version_negotiation [None req-76ef4e89-8acf-4552-98c9-8e4810778144 tempest-VolumesAdminNegativeTest-1632878567 tempest-VolumesAdminNegativeTest-1632878567-project] Using url versioning {{(pid=151373) process_request /opt/stack/glance/glance/api/middleware/version_negotiation.py:57}}
Jul 21 15:38:01 ubuntu devstack@g-api.service[151373]: DEBUG glance.api.middleware.version_negotiation [None req-76ef4e89-8acf-4552-98c9-8e4810778144 tempest-VolumesAdminNegativeTest-1632878567 tempest-VolumesAdminNegativeTest-1632878567-project] Unknown version. Returning version choices. {{(pid=151373) process_request /opt/stack/glance/glance/api/middleware/version_negotiation.py:64}}
Jul 21 15:38:01 ubuntu devstack@g-api.service[151373]: [pid: 151373|app: 0|req: 12/23] 127.0.0.1 () {34 vars in 492 bytes} [Thu Jul 21 15:38:01 2022] GET / => generated 1323 bytes in 6 msecs (HTTP/1.1 300) 3 headers in 106 bytes (1 switches on core 0)
Jul 21 15:38:01 ubuntu devstack@g-api.service[151374]: DEBUG glance.api.middleware.version_negotiation [None req-76ef4e89-8acf-4552-98c9-8e4810778144 tempest-VolumesAdminNegativeTest-1632878567 tempest-VolumesAdminNegativeTest-1632878567-project] Determining version of request: GET /v2/images/87c984f8-0160-4987-8b43-2ce51bd8e1d3 Accept: */* {{(pid=151374) process_request /opt/stack/glance/glance/api/middleware/version_negotiation.py:44}}
Jul 21 15:38:01 ubuntu devstack@g-api.service[151374]: DEBUG glance.api.middleware.version_negotiation [None req-76ef4e89-8acf-4552-98c9-8e4810778144 tempest-VolumesAdminNegativeTest-1632878567 tempest-VolumesAdminNegativeTest-1632878567-project] Using url versioning {{(pid=151374) process_request /opt/stack/glance/glance/api/middleware/version_negotiation.py:57}}
Jul 21 15:38:01 ubuntu devstack@g-api.service[151374]: DEBUG glance.api.middleware.version_negotiation [None req-76ef4e89-8acf-4552-98c9-8e4810778144 tempest-VolumesAdminNegativeTest-1632878567 tempest-VolumesAdminNegativeTest-1632878567-project] Matched version: v2 {{(pid=151374) process_request /opt/stack/glance/glance/api/middleware/version_negotiation.py:69}}
Jul 21 15:38:01 ubuntu devstack@g-api.service[151374]: DEBUG glance.api.middleware.version_negotiation [None req-76ef4e89-8acf-4552-98c9-8e4810778144 tempest-VolumesAdminNegativeTest-1632878567 tempest-VolumesAdminNegativeTest-1632878567-project] new path /v2/images/87c984f8-0160-4987-8b43-2ce51bd8e1d3 {{(pid=151374) process_request /opt/stack/glance/glance/api/middleware/version_negotiation.py:70}}
Jul 21 15:38:01 ubuntu devstack@g-api.service[151374]: [pid: 151374|app: 0|req: 12/24] 127.0.0.1 () {42 vars in 1049 bytes} [Thu Jul 21 15:38:01 2022] GET /v2/images/87c984f8-0160-4987-8b43-2ce51bd8e1d3 => generated 976 bytes in 18 msecs (HTTP/1.1 200) 4 headers in 157 bytes (1 switches on core 0)
Jul 21 15:38:01 ubuntu devstack@g-api.service[151373]: DEBUG glance.api.middleware.version_negotiation [None req-76ef4e89-8acf-4552-98c9-8e4810778144 tempest-VolumesAdminNegativeTest-1632878567 tempest-VolumesAdminNegativeTest-1632878567-project] Determining version of request: GET /v2/schemas/image Accept: */* {{(pid=151373) process_request /opt/stack/glance/glance/api/middleware/version_negotiation.py:44}}
Jul 21 15:38:01 ubuntu devstack@g-api.service[151373]: DEBUG glance.api.middleware.version_negotiation [None req-76ef4e89-8acf-4552-98c9-8e4810778144 tempest-VolumesAdminNegativeTest-1632878567 tempest-VolumesAdminNegativeTest-1632878567-project] Using url versioning {{(pid=151373) process_request /opt/stack/glance/glance/api/middleware/version_negotiation.py:57}}
Jul 21 15:38:01 ubuntu devstack@g-api.service[151373]: DEBUG glance.api.middleware.version_negotiation [None req-76ef4e89-8acf-4552-98c9-8e4810778144 tempest-VolumesAdminNegativeTest-1632878567 tempest-VolumesAdminNegativeTest-1632878567-project] Matched version: v2 {{(pid=151373) process_request /opt/stack/glance/glance/api/middleware/version_negotiation.py:69}}
Jul 21 15:38:01 ubuntu devstack@g-api.service[151373]: DEBUG glance.api.middleware.version_negotiation [None req-76ef4e89-8acf-4552-98c9-8e4810778144 tempest-VolumesAdminNegativeTest-1632878567 tempest-VolumesAdminNegativeTest-1632878567-project] new path /v2/schemas/image {{(pid=151373) process_request /opt/stack/glance/glance/api/middleware/version_negotiation.py:70}}
Jul 21 15:38:01 ubuntu devstack@g-api.service[151373]: [pid: 151373|app: 0|req: 13/25] 127.0.0.1 () {42 vars in 989 bytes} [Thu Jul 21 15:38:01 2022] GET /v2/schemas/image => generated 6083 bytes in 7 msecs (HTTP/1.1 200) 4 headers in 158 bytes (1 switches on core 0)
Jul 21 15:38:11 ubuntu devstack@g-api.service[151374]: DEBUG dbcounter [-] [151374] Writing DB stats glance:SELECT=4 {{(pid=151374) stat_writer /usr/local/lib/python3.8/dist-packages/dbcounter.py:114}}
Jul 21 15:38:29 ubuntu devstack@g-api.service[151374]: DEBUG glance.api.middleware.version_negotiation [None req-f63e9cbf-75cc-4df7-a3a2-ced59eb83eca tempest-DeleteServersTestJSON-2050919028 tempest-DeleteServersTestJSON-2050919028-project] Determining version of request: GET /v2/images/87c984f8-0160-4987-8b43-2ce51bd8e1d3 Accept: */* {{(pid=151374) process_request /opt/stack/glance/glance/api/middleware/version_negotiation.py:44}}
Jul 21 15:38:29 ubuntu devstack@g-api.service[151374]: DEBUG glance.api.middleware.version_negotiation [None req-f63e9cbf-75cc-4df7-a3a2-ced59eb83eca tempest-DeleteServersTestJSON-2050919028 tempest-DeleteServersTestJSON-2050919028-project] Using url versioning {{(pid=151374) process_request /opt/stack/glance/glance/api/middleware/version_negotiation.py:57}}
Jul 21 15:38:29 ubuntu devstack@g-api.service[151374]: DEBUG glance.api.middleware.version_negotiation [None req-f63e9cbf-75cc-4df7-a3a2-ced59eb83eca tempest-DeleteServersTestJSON-2050919028 tempest-DeleteServersTestJSON-2050919028-project] Matched version: v2 {{(pid=151374) process_request /opt/stack/glance/glance/api/middleware/version_negotiation.py:69}}
Jul 21 15:38:29 ubuntu devstack@g-api.service[151374]: DEBUG glance.api.middleware.version_negotiation [None req-f63e9cbf-75cc-4df7-a3a2-ced59eb83eca tempest-DeleteServersTestJSON-2050919028 tempest-DeleteServersTestJSON-2050919028-project] new path /v2/images/87c984f8-0160-4987-8b43-2ce51bd8e1d3 {{(pid=151374) process_request /opt/stack/glance/glance/api/middleware/version_negotiation.py:70}}
Jul 21 15:38:29 ubuntu devstack@g-api.service[151374]: [pid: 151374|app: 0|req: 13/26] 127.0.0.1 () {42 vars in 1049 bytes} [Thu Jul 21 15:38:29 2022] GET /v2/images/87c984f8-0160-4987-8b43-2ce51bd8e1d3 => generated 976 bytes in 24 msecs (HTTP/1.1 200) 4 headers in 157 bytes (1 switches on core 0)
