Mar 26 03:05:09 ubuntu devstack@g-api.service[123204]: DEBUG glance_store.location [None req-66f75dba-f30c-408a-a570-44126d6afb35 admin admin] Registering scheme swift+https with {'store': <glance_store._drivers.swift.store.SingleTenantStore object at 0x7f72117be0d0>, 'location_class': <class 'glance_store._drivers.swift.store.StoreLocation'>, 'store_entry': 'swift'} {{(pid=123204) register_scheme_map /usr/local/lib/python3.8/dist-packages/glance_store/location.py:146}}
Mar 26 03:05:09 ubuntu devstack@g-api.service[123204]: DEBUG glance_store.location [None req-66f75dba-f30c-408a-a570-44126d6afb35 admin admin] Registering scheme swift+https with {'store': <glance_store._drivers.swift.store.SingleTenantStore object at 0x7f72117be0d0>, 'location_class': <class 'glance_store._drivers.swift.store.StoreLocation'>, 'store_entry': 'swift'} {{(pid=123204) register_scheme_map /usr/local/lib/python3.8/dist-packages/glance_store/location.py:146}}
Mar 26 03:05:09 ubuntu devstack@g-api.service[123204]: DEBUG glance_store.location [None req-66f75dba-f30c-408a-a570-44126d6afb35 admin admin] Registering scheme swift with {'store': <glance_store._drivers.swift.store.SingleTenantStore object at 0x7f72117be0d0>, 'location_class': <class 'glance_store._drivers.swift.store.StoreLocation'>, 'store_entry': 'swift'} {{(pid=123204) register_scheme_map /usr/local/lib/python3.8/dist-packages/glance_store/location.py:146}}
Mar 26 03:05:09 ubuntu devstack@g-api.service[123204]: DEBUG glance_store.location [None req-66f75dba-f30c-408a-a570-44126d6afb35 admin admin] Registering scheme swift+https with {'store': <glance_store._drivers.swift.store.SingleTenantStore object at 0x7f72117be0d0>, 'location_class': <class 'glance_store._drivers.swift.store.StoreLocation'>, 'store_entry': 'swift'} {{(pid=123204) register_scheme_map /usr/local/lib/python3.8/dist-packages/glance_store/location.py:146}}
Mar 26 03:05:09 ubuntu devstack@g-api.service[123204]: DEBUG glance_store.location [None req-66f75dba-f30c-408a-a570-44126d6afb35 admin admin] Registering scheme swift with {'store': <glance_store._drivers.swift.store.SingleTenantStore object at 0x7f72117be0d0>, 'location_class': <class 'glance_store._drivers.swift.store.StoreLocation'>, 'store_entry': 'swift'} {{(pid=123204) register_scheme_map /usr/local/lib/python3.8/dist-packages/glance_store/location.py:146}}
Mar 26 03:05:09 ubuntu devstack@g-api.service[123204]: DEBUG glance_store.location [None req-66f75dba-f30c-408a-a570-44126d6afb35 admin admin] Registering scheme swift+http with {'store': <glance_store._drivers.swift.store.SingleTenantStore object at 0x7f72117be0d0>, 'location_class': <class 'glance_store._drivers.swift.store.StoreLocation'>, 'store_entry': 'swift'} {{(pid=123204) register_scheme_map /usr/local/lib/python3.8/dist-packages/glance_store/location.py:146}}
Mar 26 03:05:09 ubuntu devstack@g-api.service[123204]: DEBUG glance_store.location [None req-66f75dba-f30c-408a-a570-44126d6afb35 admin admin] Registering scheme swift+https with {'store': <glance_store._drivers.swift.store.SingleTenantStore object at 0x7f72117be0d0>, 'location_class': <class 'glance_store._drivers.swift.store.StoreLocation'>, 'store_entry': 'swift'} {{(pid=123204) register_scheme_map /usr/local/lib/python3.8/dist-packages/glance_store/location.py:146}}
Mar 26 03:05:09 ubuntu devstack@g-api.service[123204]: DEBUG glance_store.location [None req-66f75dba-f30c-408a-a570-44126d6afb35 admin admin] Registering scheme swift with {'store': <glance_store._drivers.swift.store.SingleTenantStore object at 0x7f72117be0d0>, 'location_class': <class 'glance_store._drivers.swift.store.StoreLocation'>, 'store_entry': 'swift'} {{(pid=123204) register_scheme_map /usr/local/lib/python3.8/dist-packages/glance_store/location.py:146}}
Mar 26 03:05:09 ubuntu devstack@g-api.service[123204]: DEBUG glance_store.location [None req-66f75dba-f30c-408a-a570-44126d6afb35 admin admin] Registering scheme swift+http with {'store': <glance_store._drivers.swift.store.SingleTenantStore object at 0x7f72117be0d0>, 'location_class': <class 'glance_store._drivers.swift.store.StoreLocation'>, 'store_entry': 'swift'} {{(pid=123204) register_scheme_map /usr/local/lib/python3.8/dist-packages/glance_store/location.py:146}}
Mar 26 03:05:09 ubuntu devstack@g-api.service[123204]: DEBUG glance_store.location [None req-66f75dba-f30c-408a-a570-44126d6afb35 admin admin] Registering scheme swift+config with {'store': <glance_store._drivers.swift.store.SingleTenantStore object at 0x7f72117be0d0>, 'location_class': <class 'glance_store._drivers.swift.store.StoreLocation'>, 'store_entry': 'swift'} {{(pid=123204) register_scheme_map /usr/local/lib/python3.8/dist-packages/glance_store/location.py:146}}
Mar 26 03:05:09 ubuntu devstack@g-api.service[123204]: DEBUG glance_store.backend [None req-66f75dba-f30c-408a-a570-44126d6afb35 admin admin] Skipping store.set_acls... not implemented. {{(pid=123204) set_acls /usr/local/lib/python3.8/dist-packages/glance_store/backend.py:509}}
Mar 26 03:05:09 ubuntu devstack@g-api.service[123204]: [pid: 123204|app: 0|req: 3/4] 127.0.0.1 () {40 vars in 862 bytes} [Sat Mar 26 03:05:07 2022] PUT /v2/images/73ce99bf-c3c9-4631-840a-a1f274f02364/file => generated 0 bytes in 2507 msecs (HTTP/1.1 204) 4 headers in 171 bytes (1 switches on core 0)
Mar 26 03:05:43 ubuntu devstack@g-api.service[123206]: DEBUG glance.api.middleware.version_negotiation [None req-77638a25-277f-497d-8aef-90c23b776f19 admin admin] Determining version of request: GET / Accept: application/json {{(pid=123206) process_request /opt/stack/glance/glance/api/middleware/version_negotiation.py:44}}
Mar 26 03:05:43 ubuntu devstack@g-api.service[123206]: DEBUG glance.api.middleware.version_negotiation [None req-77638a25-277f-497d-8aef-90c23b776f19 admin admin] Using url versioning {{(pid=123206) process_request /opt/stack/glance/glance/api/middleware/version_negotiation.py:57}}
Mar 26 03:05:43 ubuntu devstack@g-api.service[123206]: DEBUG glance.api.middleware.version_negotiation [None req-77638a25-277f-497d-8aef-90c23b776f19 admin admin] Unknown version. Returning version choices. {{(pid=123206) process_request /opt/stack/glance/glance/api/middleware/version_negotiation.py:64}}
Mar 26 03:05:43 ubuntu devstack@g-api.service[123206]: [pid: 123206|app: 0|req: 2/5] 127.0.0.1 () {34 vars in 506 bytes} [Sat Mar 26 03:05:43 2022] GET / => generated 1213 bytes in 7 msecs (HTTP/1.1 300) 3 headers in 106 bytes (1 switches on core 0)
Mar 26 03:05:43 ubuntu devstack@g-api.service[123204]: DEBUG glance.api.middleware.version_negotiation [None req-66f75dba-f30c-408a-a570-44126d6afb35 admin admin] Determining version of request: GET /v2/images Accept: application/json {{(pid=123204) process_request /opt/stack/glance/glance/api/middleware/version_negotiation.py:44}}
Mar 26 03:05:43 ubuntu devstack@g-api.service[123204]: DEBUG glance.api.middleware.version_negotiation [None req-66f75dba-f30c-408a-a570-44126d6afb35 admin admin] Using url versioning {{(pid=123204) process_request /opt/stack/glance/glance/api/middleware/version_negotiation.py:57}}
Mar 26 03:05:43 ubuntu devstack@g-api.service[123204]: DEBUG glance.api.middleware.version_negotiation [None req-66f75dba-f30c-408a-a570-44126d6afb35 admin admin] Matched version: v2 {{(pid=123204) process_request /opt/stack/glance/glance/api/middleware/version_negotiation.py:69}}
Mar 26 03:05:43 ubuntu devstack@g-api.service[123204]: DEBUG glance.api.middleware.version_negotiation [None req-66f75dba-f30c-408a-a570-44126d6afb35 admin admin] new path /v2/images {{(pid=123204) process_request /opt/stack/glance/glance/api/middleware/version_negotiation.py:70}}
Mar 26 03:05:43 ubuntu devstack@g-api.service[123204]: [pid: 123204|app: 0|req: 4/6] 127.0.0.1 () {36 vars in 728 bytes} [Sat Mar 26 03:05:43 2022] GET /v2/images => generated 1045 bytes in 133 msecs (HTTP/1.1 200) 4 headers in 158 bytes (1 switches on core 0)
Mar 26 03:05:49 ubuntu devstack@g-api.service[123206]: DEBUG glance.api.middleware.version_negotiation [None req-77638a25-277f-497d-8aef-90c23b776f19 admin admin] Determining version of request: GET / Accept: application/json {{(pid=123206) process_request /opt/stack/glance/glance/api/middleware/version_negotiation.py:44}}
Mar 26 03:05:49 ubuntu devstack@g-api.service[123206]: DEBUG glance.api.middleware.version_negotiation [None req-77638a25-277f-497d-8aef-90c23b776f19 admin admin] Using url versioning {{(pid=123206) process_request /opt/stack/glance/glance/api/middleware/version_negotiation.py:57}}
Mar 26 03:05:49 ubuntu devstack@g-api.service[123206]: DEBUG glance.api.middleware.version_negotiation [None req-77638a25-277f-497d-8aef-90c23b776f19 admin admin] Unknown version. Returning version choices. {{(pid=123206) process_request /opt/stack/glance/glance/api/middleware/version_negotiation.py:64}}
Mar 26 03:05:49 ubuntu devstack@g-api.service[123206]: [pid: 123206|app: 0|req: 3/7] 127.0.0.1 () {34 vars in 506 bytes} [Sat Mar 26 03:05:49 2022] GET / => generated 1213 bytes in 3 msecs (HTTP/1.1 300) 3 headers in 106 bytes (1 switches on core 0)
Mar 26 03:05:49 ubuntu devstack@g-api.service[123204]: DEBUG glance.api.middleware.version_negotiation [None req-4830bdf0-f458-4fde-8233-83c75463d5c6 admin admin] Determining version of request: GET /v2/images/73ce99bf-c3c9-4631-840a-a1f274f02364 Accept: */* {{(pid=123204) process_request /opt/stack/glance/glance/api/middleware/version_negotiation.py:44}}
Mar 26 03:05:49 ubuntu devstack@g-api.service[123204]: DEBUG glance.api.middleware.version_negotiation [None req-4830bdf0-f458-4fde-8233-83c75463d5c6 admin admin] Using url versioning {{(pid=123204) process_request /opt/stack/glance/glance/api/middleware/version_negotiation.py:57}}
Mar 26 03:05:49 ubuntu devstack@g-api.service[123204]: DEBUG glance.api.middleware.version_negotiation [None req-4830bdf0-f458-4fde-8233-83c75463d5c6 admin admin] Matched version: v2 {{(pid=123204) process_request /opt/stack/glance/glance/api/middleware/version_negotiation.py:69}}
Mar 26 03:05:49 ubuntu devstack@g-api.service[123204]: DEBUG glance.api.middleware.version_negotiation [None req-4830bdf0-f458-4fde-8233-83c75463d5c6 admin admin] new path /v2/images/73ce99bf-c3c9-4631-840a-a1f274f02364 {{(pid=123204) process_request /opt/stack/glance/glance/api/middleware/version_negotiation.py:70}}
Mar 26 03:05:49 ubuntu devstack@g-api.service[123204]: [pid: 123204|app: 0|req: 5/8] 127.0.0.1 () {36 vars in 789 bytes} [Sat Mar 26 03:05:49 2022] GET /v2/images/73ce99bf-c3c9-4631-840a-a1f274f02364 => generated 976 bytes in 53 msecs (HTTP/1.1 200) 4 headers in 157 bytes (1 switches on core 0)
Mar 26 03:05:53 ubuntu devstack@g-api.service[123206]: DEBUG glance.api.middleware.version_negotiation [None req-77638a25-277f-497d-8aef-90c23b776f19 admin admin] Determining version of request: GET / Accept: application/json {{(pid=123206) process_request /opt/stack/glance/glance/api/middleware/version_negotiation.py:44}}
Mar 26 03:05:53 ubuntu devstack@g-api.service[123206]: DEBUG glance.api.middleware.version_negotiation [None req-77638a25-277f-497d-8aef-90c23b776f19 admin admin] Using url versioning {{(pid=123206) process_request /opt/stack/glance/glance/api/middleware/version_negotiation.py:57}}
Mar 26 03:05:53 ubuntu devstack@g-api.service[123206]: DEBUG glance.api.middleware.version_negotiation [None req-77638a25-277f-497d-8aef-90c23b776f19 admin admin] Unknown version. Returning version choices. {{(pid=123206) process_request /opt/stack/glance/glance/api/middleware/version_negotiation.py:64}}
Mar 26 03:05:53 ubuntu devstack@g-api.service[123206]: [pid: 123206|app: 0|req: 4/9] 127.0.0.1 () {34 vars in 506 bytes} [Sat Mar 26 03:05:53 2022] GET / => generated 1213 bytes in 4 msecs (HTTP/1.1 300) 3 headers in 106 bytes (1 switches on core 0)
Mar 26 03:05:53 ubuntu devstack@g-api.service[123204]: DEBUG glance.api.middleware.version_negotiation [None req-faae24e1-55e3-4343-ad9c-023b0dba3a4a admin admin] Determining version of request: GET /v2/images/73ce99bf-c3c9-4631-840a-a1f274f02364 Accept: */* {{(pid=123204) process_request /opt/stack/glance/glance/api/middleware/version_negotiation.py:44}}
Mar 26 03:05:53 ubuntu devstack@g-api.service[123204]: DEBUG glance.api.middleware.version_negotiation [None req-faae24e1-55e3-4343-ad9c-023b0dba3a4a admin admin] Using url versioning {{(pid=123204) process_request /opt/stack/glance/glance/api/middleware/version_negotiation.py:57}}
Mar 26 03:05:53 ubuntu devstack@g-api.service[123204]: DEBUG glance.api.middleware.version_negotiation [None req-faae24e1-55e3-4343-ad9c-023b0dba3a4a admin admin] Matched version: v2 {{(pid=123204) process_request /opt/stack/glance/glance/api/middleware/version_negotiation.py:69}}
Mar 26 03:05:53 ubuntu devstack@g-api.service[123204]: DEBUG glance.api.middleware.version_negotiation [None req-faae24e1-55e3-4343-ad9c-023b0dba3a4a admin admin] new path /v2/images/73ce99bf-c3c9-4631-840a-a1f274f02364 {{(pid=123204) process_request /opt/stack/glance/glance/api/middleware/version_negotiation.py:70}}
Mar 26 03:05:53 ubuntu devstack@g-api.service[123204]: [pid: 123204|app: 0|req: 6/10] 127.0.0.1 () {36 vars in 789 bytes} [Sat Mar 26 03:05:53 2022] GET /v2/images/73ce99bf-c3c9-4631-840a-a1f274f02364 => generated 976 bytes in 64 msecs (HTTP/1.1 200) 4 headers in 157 bytes (1 switches on core 0)
Mar 26 03:07:46 ubuntu devstack@g-api.service[123206]: DEBUG glance.api.middleware.version_negotiation [None req-77638a25-277f-497d-8aef-90c23b776f19 admin admin] Determining version of request: GET /v1 Accept: application/json {{(pid=123206) process_request /opt/stack/glance/glance/api/middleware/version_negotiation.py:44}}
Mar 26 03:07:46 ubuntu devstack@g-api.service[123206]: DEBUG glance.api.middleware.version_negotiation [None req-77638a25-277f-497d-8aef-90c23b776f19 admin admin] Using url versioning {{(pid=123206) process_request /opt/stack/glance/glance/api/middleware/version_negotiation.py:57}}
Mar 26 03:07:46 ubuntu devstack@g-api.service[123206]: DEBUG glance.api.middleware.version_negotiation [None req-77638a25-277f-497d-8aef-90c23b776f19 admin admin] Unknown version. Returning version choices. {{(pid=123206) process_request /opt/stack/glance/glance/api/middleware/version_negotiation.py:64}}
Mar 26 03:07:46 ubuntu devstack@g-api.service[123206]: [pid: 123206|app: 0|req: 5/11] 127.0.0.1 () {38 vars in 685 bytes} [Sat Mar 26 03:07:46 2022] GET /v1 => generated 1213 bytes in 3 msecs (HTTP/1.1 300) 3 headers in 106 bytes (1 switches on core 0)
Mar 26 03:09:58 ubuntu devstack@g-api.service[123204]: DEBUG oslo_concurrency.lockutils [-] Acquired lock "glance-cache" {{(pid=123204) lock /usr/local/lib/python3.8/dist-packages/oslo_concurrency/lockutils.py:294}}
Mar 26 03:09:58 ubuntu devstack@g-api.service[123204]: DEBUG oslo_concurrency.lockutils [-] Acquired external semaphore "glance-cache" {{(pid=123204) lock /usr/local/lib/python3.8/dist-packages/oslo_concurrency/lockutils.py:302}}
Mar 26 03:09:58 ubuntu devstack@g-api.service[123204]: DEBUG glance.image_cache.prefetcher [-] Nothing to prefetch. {{(pid=123204) run /opt/stack/glance/glance/image_cache/prefetcher.py:79}}
Mar 26 03:09:58 ubuntu devstack@g-api.service[123204]: DEBUG oslo_concurrency.lockutils [-] Releasing lock "glance-cache" {{(pid=123204) lock /usr/local/lib/python3.8/dist-packages/oslo_concurrency/lockutils.py:312}}
Mar 26 03:09:58 ubuntu devstack@g-api.service[123206]: DEBUG oslo_concurrency.lockutils [-] Acquired lock "glance-cache" {{(pid=123206) lock /usr/local/lib/python3.8/dist-packages/oslo_concurrency/lockutils.py:294}}
Mar 26 03:09:58 ubuntu devstack@g-api.service[123206]: DEBUG oslo_concurrency.lockutils [-] Acquired external semaphore "glance-cache" {{(pid=123206) lock /usr/local/lib/python3.8/dist-packages/oslo_concurrency/lockutils.py:302}}
Mar 26 03:09:58 ubuntu devstack@g-api.service[123206]: DEBUG glance.image_cache.prefetcher [-] Nothing to prefetch. {{(pid=123206) run /opt/stack/glance/glance/image_cache/prefetcher.py:79}}
Mar 26 03:09:58 ubuntu devstack@g-api.service[123206]: DEBUG oslo_concurrency.lockutils [-] Releasing lock "glance-cache" {{(pid=123206) lock /usr/local/lib/python3.8/dist-packages/oslo_concurrency/lockutils.py:312}}
Mar 26 03:10:06 ubuntu devstack@g-api.service[123204]: DEBUG glance.api.middleware.version_negotiation [None req-164ffc6e-bdbd-4c71-8ac0-96e7a16ab31a admin admin] Determining version of request: GET /versions Accept: */* {{(pid=123204) process_request /opt/stack/glance/glance/api/middleware/version_negotiation.py:44}}
Mar 26 03:10:06 ubuntu devstack@g-api.service[123204]: [pid: 123204|app: 0|req: 7/12] 127.0.0.1 () {38 vars in 695 bytes} [Sat Mar 26 03:10:06 2022] GET /versions => generated 1213 bytes in 4 msecs (HTTP/1.1 200) 3 headers in 92 bytes (1 switches on core 0)
Mar 26 03:10:06 ubuntu devstack@g-api.service[123206]: DEBUG glance.api.middleware.version_negotiation [None req-77638a25-277f-497d-8aef-90c23b776f19 admin admin] Determining version of request: GET /v2/schemas/image Accept: */* {{(pid=123206) process_request /opt/stack/glance/glance/api/middleware/version_negotiation.py:44}}
Mar 26 03:10:06 ubuntu devstack@g-api.service[123206]: DEBUG glance.api.middleware.version_negotiation [None req-77638a25-277f-497d-8aef-90c23b776f19 admin admin] Using url versioning {{(pid=123206) process_request /opt/stack/glance/glance/api/middleware/version_negotiation.py:57}}
Mar 26 03:10:06 ubuntu devstack@g-api.service[123206]: DEBUG glance.api.middleware.version_negotiation [None req-77638a25-277f-497d-8aef-90c23b776f19 admin admin] Matched version: v2 {{(pid=123206) process_request /opt/stack/glance/glance/api/middleware/version_negotiation.py:69}}
Mar 26 03:10:06 ubuntu devstack@g-api.service[123206]: DEBUG glance.api.middleware.version_negotiation [None req-77638a25-277f-497d-8aef-90c23b776f19 admin admin] new path /v2/schemas/image {{(pid=123206) process_request /opt/stack/glance/glance/api/middleware/version_negotiation.py:70}}
Mar 26 03:10:07 ubuntu devstack@g-api.service[123206]: [pid: 123206|app: 0|req: 6/13] 127.0.0.1 () {38 vars in 711 bytes} [Sat Mar 26 03:10:06 2022] GET /v2/schemas/image => generated 6083 bytes in 115 msecs (HTTP/1.1 200) 4 headers in 158 bytes (1 switches on core 0)
Mar 26 03:10:07 ubuntu devstack@g-api.service[123204]: DEBUG glance.api.middleware.version_negotiation [None req-164ffc6e-bdbd-4c71-8ac0-96e7a16ab31a admin admin] Determining version of request: GET /v2/schemas/metadefs/namespace Accept: */* {{(pid=123204) process_request /opt/stack/glance/glance/api/middleware/version_negotiation.py:44}}
Mar 26 03:10:07 ubuntu devstack@g-api.service[123204]: DEBUG glance.api.middleware.version_negotiation [None req-164ffc6e-bdbd-4c71-8ac0-96e7a16ab31a admin admin] Using url versioning {{(pid=123204) process_request /opt/stack/glance/glance/api/middleware/version_negotiation.py:57}}
Mar 26 03:10:07 ubuntu devstack@g-api.service[123204]: DEBUG glance.api.middleware.version_negotiation [None req-164ffc6e-bdbd-4c71-8ac0-96e7a16ab31a admin admin] Matched version: v2 {{(pid=123204) process_request /opt/stack/glance/glance/api/middleware/version_negotiation.py:69}}
Mar 26 03:10:07 ubuntu devstack@g-api.service[123204]: DEBUG glance.api.middleware.version_negotiation [None req-164ffc6e-bdbd-4c71-8ac0-96e7a16ab31a admin admin] new path /v2/schemas/metadefs/namespace {{(pid=123204) process_request /opt/stack/glance/glance/api/middleware/version_negotiation.py:70}}
Mar 26 03:10:07 ubuntu devstack@g-api.service[123204]: [pid: 123204|app: 0|req: 8/14] 127.0.0.1 () {38 vars in 737 bytes} [Sat Mar 26 03:10:07 2022] GET /v2/schemas/metadefs/namespace => generated 3100 bytes in 9 msecs (HTTP/1.1 200) 4 headers in 158 bytes (1 switches on core 0)
Mar 26 03:10:07 ubuntu devstack@g-api.service[123206]: DEBUG glance.api.middleware.version_negotiation [None req-2098fb80-cd4d-4d33-a06c-697fa3b795db admin admin] Determining version of request: GET /v2/schemas/metadefs/resource_type Accept: */* {{(pid=123206) process_request /opt/stack/glance/glance/api/middleware/version_negotiation.py:44}}
Mar 26 03:10:07 ubuntu devstack@g-api.service[123206]: DEBUG glance.api.middleware.version_negotiation [None req-2098fb80-cd4d-4d33-a06c-697fa3b795db admin admin] Using url versioning {{(pid=123206) process_request /opt/stack/glance/glance/api/middleware/version_negotiation.py:57}}
Mar 26 03:10:07 ubuntu devstack@g-api.service[123206]: DEBUG glance.api.middleware.version_negotiation [None req-2098fb80-cd4d-4d33-a06c-697fa3b795db admin admin] Matched version: v2 {{(pid=123206) process_request /opt/stack/glance/glance/api/middleware/version_negotiation.py:69}}
Mar 26 03:10:07 ubuntu devstack@g-api.service[123206]: DEBUG glance.api.middleware.version_negotiation [None req-2098fb80-cd4d-4d33-a06c-697fa3b795db admin admin] new path /v2/schemas/metadefs/resource_type {{(pid=123206) process_request /opt/stack/glance/glance/api/middleware/version_negotiation.py:70}}
Mar 26 03:10:07 ubuntu devstack@g-api.service[123206]: [pid: 123206|app: 0|req: 7/15] 127.0.0.1 () {38 vars in 745 bytes} [Sat Mar 26 03:10:07 2022] GET /v2/schemas/metadefs/resource_type => generated 1262 bytes in 6 msecs (HTTP/1.1 200) 4 headers in 158 bytes (1 switches on core 0)
Mar 26 03:10:07 ubuntu devstack@g-api.service[123204]: DEBUG glance.api.middleware.version_negotiation [None req-67f13074-29d5-4a19-889c-25346420b578 admin admin] Determining version of request: GET /v2/images Accept: */* {{(pid=123204) process_request /opt/stack/glance/glance/api/middleware/version_negotiation.py:44}}
Mar 26 03:10:07 ubuntu devstack@g-api.service[123204]: DEBUG glance.api.middleware.version_negotiation [None req-67f13074-29d5-4a19-889c-25346420b578 admin admin] Using url versioning {{(pid=123204) process_request /opt/stack/glance/glance/api/middleware/version_negotiation.py:57}}
Mar 26 03:10:07 ubuntu devstack@g-api.service[123204]: DEBUG glance.api.middleware.version_negotiation [None req-67f13074-29d5-4a19-889c-25346420b578 admin admin] Matched version: v2 {{(pid=123204) process_request /opt/stack/glance/glance/api/middleware/version_negotiation.py:69}}
Mar 26 03:10:07 ubuntu devstack@g-api.service[123204]: DEBUG glance.api.middleware.version_negotiation [None req-67f13074-29d5-4a19-889c-25346420b578 admin admin] new path /v2/images {{(pid=123204) process_request /opt/stack/glance/glance/api/middleware/version_negotiation.py:70}}
Mar 26 03:10:07 ubuntu devstack@g-api.service[123204]: [pid: 123204|app: 0|req: 9/16] 127.0.0.1 () {38 vars in 768 bytes} [Sat Mar 26 03:10:07 2022] GET /v2/images?limit=20&sort_key=name&sort_dir=asc => generated 1081 bytes in 73 msecs (HTTP/1.1 200) 4 headers in 158 bytes (1 switches on core 0)
Mar 26 03:10:07 ubuntu devstack@g-api.service[123206]: DEBUG glance.api.middleware.version_negotiation [None req-825df1f3-f3f6-4972-8964-67728f52557c admin admin] Determining version of request: GET /v2/schemas/image Accept: */* {{(pid=123206) process_request /opt/stack/glance/glance/api/middleware/version_negotiation.py:44}}
Mar 26 03:10:07 ubuntu devstack@g-api.service[123206]: DEBUG glance.api.middleware.version_negotiation [None req-825df1f3-f3f6-4972-8964-67728f52557c admin admin] Using url versioning {{(pid=123206) process_request /opt/stack/glance/glance/api/middleware/version_negotiation.py:57}}
Mar 26 03:10:07 ubuntu devstack@g-api.service[123206]: DEBUG glance.api.middleware.version_negotiation [None req-825df1f3-f3f6-4972-8964-67728f52557c admin admin] Matched version: v2 {{(pid=123206) process_request /opt/stack/glance/glance/api/middleware/version_negotiation.py:69}}
Mar 26 03:10:07 ubuntu devstack@g-api.service[123206]: DEBUG glance.api.middleware.version_negotiation [None req-825df1f3-f3f6-4972-8964-67728f52557c admin admin] new path /v2/schemas/image {{(pid=123206) process_request /opt/stack/glance/glance/api/middleware/version_negotiation.py:70}}
Mar 26 03:10:07 ubuntu devstack@g-api.service[123206]: [pid: 123206|app: 0|req: 8/17] 127.0.0.1 () {38 vars in 711 bytes} [Sat Mar 26 03:10:07 2022] GET /v2/schemas/image => generated 6083 bytes in 8 msecs (HTTP/1.1 200) 4 headers in 158 bytes (1 switches on core 0)
Mar 26 03:10:17 ubuntu devstack@g-api.service[123204]: DEBUG glance.api.middleware.version_negotiation [None req-08c6a203-64e7-4600-9f82-80e5ff5f5aaf admin admin] Determining version of request: GET / Accept: application/json {{(pid=123204) process_request /opt/stack/glance/glance/api/middleware/version_negotiation.py:44}}
Mar 26 03:10:17 ubuntu devstack@g-api.service[123204]: DEBUG glance.api.middleware.version_negotiation [None req-08c6a203-64e7-4600-9f82-80e5ff5f5aaf admin admin] Using url versioning {{(pid=123204) process_request /opt/stack/glance/glance/api/middleware/version_negotiation.py:57}}
Mar 26 03:10:17 ubuntu devstack@g-api.service[123204]: DEBUG glance.api.middleware.version_negotiation [None req-08c6a203-64e7-4600-9f82-80e5ff5f5aaf admin admin] Unknown version. Returning version choices. {{(pid=123204) process_request /opt/stack/glance/glance/api/middleware/version_negotiation.py:64}}
Mar 26 03:10:17 ubuntu devstack@g-api.service[123204]: [pid: 123204|app: 0|req: 10/18] 127.0.0.1 () {34 vars in 492 bytes} [Sat Mar 26 03:10:17 2022] GET / => generated 1213 bytes in 2 msecs (HTTP/1.1 300) 3 headers in 106 bytes (1 switches on core 0)
Mar 26 03:10:18 ubuntu devstack@g-api.service[123206]: DEBUG glance.api.middleware.version_negotiation [None req-307fa937-494c-49be-a68e-9c59dfc4df02 admin admin] Determining version of request: GET /v2/images/73ce99bf-c3c9-4631-840a-a1f274f02364 Accept: */* {{(pid=123206) process_request /opt/stack/glance/glance/api/middleware/version_negotiation.py:44}}
Mar 26 03:10:18 ubuntu devstack@g-api.service[123206]: DEBUG glance.api.middleware.version_negotiation [None req-307fa937-494c-49be-a68e-9c59dfc4df02 admin admin] Using url versioning {{(pid=123206) process_request /opt/stack/glance/glance/api/middleware/version_negotiation.py:57}}
Mar 26 03:10:18 ubuntu devstack@g-api.service[123206]: DEBUG glance.api.middleware.version_negotiation [None req-307fa937-494c-49be-a68e-9c59dfc4df02 admin admin] Matched version: v2 {{(pid=123206) process_request /opt/stack/glance/glance/api/middleware/version_negotiation.py:69}}
Mar 26 03:10:18 ubuntu devstack@g-api.service[123206]: DEBUG glance.api.middleware.version_negotiation [None req-307fa937-494c-49be-a68e-9c59dfc4df02 admin admin] new path /v2/images/73ce99bf-c3c9-4631-840a-a1f274f02364 {{(pid=123206) process_request /opt/stack/glance/glance/api/middleware/version_negotiation.py:70}}
Mar 26 03:10:18 ubuntu devstack@g-api.service[123206]: WARNING keystonemiddleware.auth_token [None req-307fa937-494c-49be-a68e-9c59dfc4df02 admin admin] A valid token was submitted as a service token, but it was not a valid service token. This is incorrect but backwards compatible behaviour. This will be removed in future releases.
Mar 26 03:10:18 ubuntu devstack@g-api.service[123206]: [pid: 123206|app: 0|req: 9/19] 127.0.0.1 () {42 vars in 1049 bytes} [Sat Mar 26 03:10:18 2022] GET /v2/images/73ce99bf-c3c9-4631-840a-a1f274f02364 => generated 976 bytes in 112 msecs (HTTP/1.1 200) 4 headers in 157 bytes (1 switches on core 0)
Mar 26 03:10:18 ubuntu devstack@g-api.service[123204]: DEBUG glance.api.middleware.version_negotiation [None req-08c6a203-64e7-4600-9f82-80e5ff5f5aaf admin admin] Determining version of request: GET /v2/schemas/image Accept: */* {{(pid=123204) process_request /opt/stack/glance/glance/api/middleware/version_negotiation.py:44}}
Mar 26 03:10:18 ubuntu devstack@g-api.service[123204]: DEBUG glance.api.middleware.version_negotiation [None req-08c6a203-64e7-4600-9f82-80e5ff5f5aaf admin admin] Using url versioning {{(pid=123204) process_request /opt/stack/glance/glance/api/middleware/version_negotiation.py:57}}
Mar 26 03:10:18 ubuntu devstack@g-api.service[123204]: DEBUG glance.api.middleware.version_negotiation [None req-08c6a203-64e7-4600-9f82-80e5ff5f5aaf admin admin] Matched version: v2 {{(pid=123204) process_request /opt/stack/glance/glance/api/middleware/version_negotiation.py:69}}
Mar 26 03:10:18 ubuntu devstack@g-api.service[123204]: DEBUG glance.api.middleware.version_negotiation [None req-08c6a203-64e7-4600-9f82-80e5ff5f5aaf admin admin] new path /v2/schemas/image {{(pid=123204) process_request /opt/stack/glance/glance/api/middleware/version_negotiation.py:70}}
Mar 26 03:10:18 ubuntu devstack@g-api.service[123204]: WARNING keystonemiddleware.auth_token [None req-08c6a203-64e7-4600-9f82-80e5ff5f5aaf admin admin] A valid token was submitted as a service token, but it was not a valid service token. This is incorrect but backwards compatible behaviour. This will be removed in future releases.
Mar 26 03:10:18 ubuntu devstack@g-api.service[123204]: [pid: 123204|app: 0|req: 11/20] 127.0.0.1 () {42 vars in 989 bytes} [Sat Mar 26 03:10:18 2022] GET /v2/schemas/image => generated 6083 bytes in 7 msecs (HTTP/1.1 200) 4 headers in 158 bytes (1 switches on core 0)
Mar 26 03:10:20 ubuntu devstack@g-api.service[123206]: DEBUG glance.api.middleware.version_negotiation [None req-caf008c9-9445-4f59-8f94-661d294a0ba5 tempest-UpdateMultiattachVolumeNegativeTest-235564689 tempest-UpdateMultiattachVolumeNegativeTest-235564689-project] Determining version of request: GET /v2/images/73ce99bf-c3c9-4631-840a-a1f274f02364 Accept: */* {{(pid=123206) process_request /opt/stack/glance/glance/api/middleware/version_negotiation.py:44}}
Mar 26 03:10:20 ubuntu devstack@g-api.service[123206]: DEBUG glance.api.middleware.version_negotiation [None req-caf008c9-9445-4f59-8f94-661d294a0ba5 tempest-UpdateMultiattachVolumeNegativeTest-235564689 tempest-UpdateMultiattachVolumeNegativeTest-235564689-project] Using url versioning {{(pid=123206) process_request /opt/stack/glance/glance/api/middleware/version_negotiation.py:57}}
Mar 26 03:10:20 ubuntu devstack@g-api.service[123206]: DEBUG glance.api.middleware.version_negotiation [None req-caf008c9-9445-4f59-8f94-661d294a0ba5 tempest-UpdateMultiattachVolumeNegativeTest-235564689 tempest-UpdateMultiattachVolumeNegativeTest-235564689-project] Matched version: v2 {{(pid=123206) process_request /opt/stack/glance/glance/api/middleware/version_negotiation.py:69}}
Mar 26 03:10:20 ubuntu devstack@g-api.service[123206]: DEBUG glance.api.middleware.version_negotiation [None req-caf008c9-9445-4f59-8f94-661d294a0ba5 tempest-UpdateMultiattachVolumeNegativeTest-235564689 tempest-UpdateMultiattachVolumeNegativeTest-235564689-project] new path /v2/images/73ce99bf-c3c9-4631-840a-a1f274f02364 {{(pid=123206) process_request /opt/stack/glance/glance/api/middleware/version_negotiation.py:70}}
Mar 26 03:10:20 ubuntu devstack@g-api.service[123206]: [pid: 123206|app: 0|req: 10/21] 127.0.0.1 () {42 vars in 1049 bytes} [Sat Mar 26 03:10:20 2022] GET /v2/images/73ce99bf-c3c9-4631-840a-a1f274f02364 => generated 976 bytes in 59 msecs (HTTP/1.1 200) 4 headers in 157 bytes (1 switches on core 0)
Mar 26 03:10:20 ubuntu devstack@g-api.service[123204]: DEBUG glance.api.middleware.version_negotiation [None req-caf008c9-9445-4f59-8f94-661d294a0ba5 tempest-UpdateMultiattachVolumeNegativeTest-235564689 tempest-UpdateMultiattachVolumeNegativeTest-235564689-project] Determining version of request: GET /v2/images/73ce99bf-c3c9-4631-840a-a1f274f02364/file Accept: */* {{(pid=123204) process_request /opt/stack/glance/glance/api/middleware/version_negotiation.py:44}}
Mar 26 03:10:20 ubuntu devstack@g-api.service[123204]: DEBUG glance.api.middleware.version_negotiation [None req-caf008c9-9445-4f59-8f94-661d294a0ba5 tempest-UpdateMultiattachVolumeNegativeTest-235564689 tempest-UpdateMultiattachVolumeNegativeTest-235564689-project] Using url versioning {{(pid=123204) process_request /opt/stack/glance/glance/api/middleware/version_negotiation.py:57}}
Mar 26 03:10:20 ubuntu devstack@g-api.service[123204]: DEBUG glance.api.middleware.version_negotiation [None req-caf008c9-9445-4f59-8f94-661d294a0ba5 tempest-UpdateMultiattachVolumeNegativeTest-235564689 tempest-UpdateMultiattachVolumeNegativeTest-235564689-project] Matched version: v2 {{(pid=123204) process_request /opt/stack/glance/glance/api/middleware/version_negotiation.py:69}}
Mar 26 03:10:20 ubuntu devstack@g-api.service[123204]: DEBUG glance.api.middleware.version_negotiation [None req-caf008c9-9445-4f59-8f94-661d294a0ba5 tempest-UpdateMultiattachVolumeNegativeTest-235564689 tempest-UpdateMultiattachVolumeNegativeTest-235564689-project] new path /v2/images/73ce99bf-c3c9-4631-840a-a1f274f02364/file {{(pid=123204) process_request /opt/stack/glance/glance/api/middleware/version_negotiation.py:70}}
Mar 26 03:10:20 ubuntu devstack@g-api.service[123204]: DEBUG glance_store.backend [None req-caf008c9-9445-4f59-8f94-661d294a0ba5 tempest-UpdateMultiattachVolumeNegativeTest-235564689 tempest-UpdateMultiattachVolumeNegativeTest-235564689-project] Attempting to import store swift {{(pid=123204) _load_store /usr/local/lib/python3.8/dist-packages/glance_store/backend.py:217}}
Mar 26 03:10:20 ubuntu devstack@g-api.service[123204]: DEBUG glance_store.capabilities [None req-caf008c9-9445-4f59-8f94-661d294a0ba5 tempest-UpdateMultiattachVolumeNegativeTest-235564689 tempest-UpdateMultiattachVolumeNegativeTest-235564689-project] Store glance_store._drivers.swift.store.SingleTenantStore doesn't support updating dynamic storage capabilities. Please overwrite 'update_capabilities' method of the store to implement updating logics if needed. {{(pid=123204) update_capabilities /usr/local/lib/python3.8/dist-packages/glance_store/capabilities.py:91}}
Mar 26 03:10:20 ubuntu devstack@g-api.service[123204]: DEBUG glance_store.driver [None req-caf008c9-9445-4f59-8f94-661d294a0ba5 tempest-UpdateMultiattachVolumeNegativeTest-235564689 tempest-UpdateMultiattachVolumeNegativeTest-235564689-project] Late loading location class glance_store._drivers.swift.store.StoreLocation {{(pid=123204) get_store_location_class /usr/local/lib/python3.8/dist-packages/glance_store/driver.py:117}}
Mar 26 03:10:20 ubuntu devstack@g-api.service[123204]: DEBUG glance_store.location [None req-caf008c9-9445-4f59-8f94-661d294a0ba5 tempest-UpdateMultiattachVolumeNegativeTest-235564689 tempest-UpdateMultiattachVolumeNegativeTest-235564689-project] Registering scheme swift+https with {'store': <glance_store._drivers.swift.store.SingleTenantStore object at 0x7f72117e7dc0>, 'location_class': <class 'glance_store._drivers.swift.store.StoreLocation'>, 'store_entry': 'swift'} {{(pid=123204) register_scheme_map /usr/local/lib/python3.8/dist-packages/glance_store/location.py:146}}
Mar 26 03:10:20 ubuntu devstack@g-api.service[123204]: DEBUG glance_store.location [None req-caf008c9-9445-4f59-8f94-661d294a0ba5 tempest-UpdateMultiattachVolumeNegativeTest-235564689 tempest-UpdateMultiattachVolumeNegativeTest-235564689-project] Registering scheme swift+https with {'store': <glance_store._drivers.swift.store.SingleTenantStore object at 0x7f72117e7dc0>, 'location_class': <class 'glance_store._drivers.swift.store.StoreLocation'>, 'store_entry': 'swift'} {{(pid=123204) register_scheme_map /usr/local/lib/python3.8/dist-packages/glance_store/location.py:146}}
Mar 26 03:10:20 ubuntu devstack@g-api.service[123204]: DEBUG glance_store.location [None req-caf008c9-9445-4f59-8f94-661d294a0ba5 tempest-UpdateMultiattachVolumeNegativeTest-235564689 tempest-UpdateMultiattachVolumeNegativeTest-235564689-project] Registering scheme swift with {'store': <glance_store._drivers.swift.store.SingleTenantStore object at 0x7f72117e7dc0>, 'location_class': <class 'glance_store._drivers.swift.store.StoreLocation'>, 'store_entry': 'swift'} {{(pid=123204) register_scheme_map /usr/local/lib/python3.8/dist-packages/glance_store/location.py:146}}
Mar 26 03:10:20 ubuntu devstack@g-api.service[123204]: DEBUG glance_store.location [None req-caf008c9-9445-4f59-8f94-661d294a0ba5 tempest-UpdateMultiattachVolumeNegativeTest-235564689 tempest-UpdateMultiattachVolumeNegativeTest-235564689-project] Registering scheme swift+https with {'store': <glance_store._drivers.swift.store.SingleTenantStore object at 0x7f72117e7dc0>, 'location_class': <class 'glance_store._drivers.swift.store.StoreLocation'>, 'store_entry': 'swift'} {{(pid=123204) register_scheme_map /usr/local/lib/python3.8/dist-packages/glance_store/location.py:146}}
Mar 26 03:10:20 ubuntu devstack@g-api.service[123204]: DEBUG glance_store.location [None req-caf008c9-9445-4f59-8f94-661d294a0ba5 tempest-UpdateMultiattachVolumeNegativeTest-235564689 tempest-UpdateMultiattachVolumeNegativeTest-235564689-project] Registering scheme swift with {'store': <glance_store._drivers.swift.store.SingleTenantStore object at 0x7f72117e7dc0>, 'location_class': <class 'glance_store._drivers.swift.store.StoreLocation'>, 'store_entry': 'swift'} {{(pid=123204) register_scheme_map /usr/local/lib/python3.8/dist-packages/glance_store/location.py:146}}
Mar 26 03:10:20 ubuntu devstack@g-api.service[123204]: DEBUG glance_store.location [None req-caf008c9-9445-4f59-8f94-661d294a0ba5 tempest-UpdateMultiattachVolumeNegativeTest-235564689 tempest-UpdateMultiattachVolumeNegativeTest-235564689-project] Registering scheme swift+http with {'store': <glance_store._drivers.swift.store.SingleTenantStore object at 0x7f72117e7dc0>, 'location_class': <class 'glance_store._drivers.swift.store.StoreLocation'>, 'store_entry': 'swift'} {{(pid=123204) register_scheme_map /usr/local/lib/python3.8/dist-packages/glance_store/location.py:146}}
Mar 26 03:10:20 ubuntu devstack@g-api.service[123204]: DEBUG glance_store.location [None req-caf008c9-9445-4f59-8f94-661d294a0ba5 tempest-UpdateMultiattachVolumeNegativeTest-235564689 tempest-UpdateMultiattachVolumeNegativeTest-235564689-project] Registering scheme swift+https with {'store': <glance_store._drivers.swift.store.SingleTenantStore object at 0x7f72117e7dc0>, 'location_class': <class 'glance_store._drivers.swift.store.StoreLocation'>, 'store_entry': 'swift'} {{(pid=123204) register_scheme_map /usr/local/lib/python3.8/dist-packages/glance_store/location.py:146}}
Mar 26 03:10:20 ubuntu devstack@g-api.service[123204]: DEBUG glance_store.location [None req-caf008c9-9445-4f59-8f94-661d294a0ba5 tempest-UpdateMultiattachVolumeNegativeTest-235564689 tempest-UpdateMultiattachVolumeNegativeTest-235564689-project] Registering scheme swift with {'store': <glance_store._drivers.swift.store.SingleTenantStore object at 0x7f72117e7dc0>, 'location_class': <class 'glance_store._drivers.swift.store.StoreLocation'>, 'store_entry': 'swift'} {{(pid=123204) register_scheme_map /usr/local/lib/python3.8/dist-packages/glance_store/location.py:146}}
Mar 26 03:10:20 ubuntu devstack@g-api.service[123204]: DEBUG glance_store.location [None req-caf008c9-9445-4f59-8f94-661d294a0ba5 tempest-UpdateMultiattachVolumeNegativeTest-235564689 tempest-UpdateMultiattachVolumeNegativeTest-235564689-project] Registering scheme swift+http with {'store': <glance_store._drivers.swift.store.SingleTenantStore object at 0x7f72117e7dc0>, 'location_class': <class 'glance_store._drivers.swift.store.StoreLocation'>, 'store_entry': 'swift'} {{(pid=123204) register_scheme_map /usr/local/lib/python3.8/dist-packages/glance_store/location.py:146}}
Mar 26 03:10:20 ubuntu devstack@g-api.service[123204]: DEBUG glance_store.location [None req-caf008c9-9445-4f59-8f94-661d294a0ba5 tempest-UpdateMultiattachVolumeNegativeTest-235564689 tempest-UpdateMultiattachVolumeNegativeTest-235564689-project] Registering scheme swift+config with {'store': <glance_store._drivers.swift.store.SingleTenantStore object at 0x7f72117e7dc0>, 'location_class': <class 'glance_store._drivers.swift.store.StoreLocation'>, 'store_entry': 'swift'} {{(pid=123204) register_scheme_map /usr/local/lib/python3.8/dist-packages/glance_store/location.py:146}}
Mar 26 03:10:20 ubuntu devstack@g-api.service[123204]: DEBUG swiftclient [None req-caf008c9-9445-4f59-8f94-661d294a0ba5 tempest-UpdateMultiattachVolumeNegativeTest-235564689 tempest-UpdateMultiattachVolumeNegativeTest-235564689-project] REQ: curl -i http://192.168.79.38:8080/v1/AUTH_b687476d25884b7e8d7daa576ee6ebfc/glance/73ce99bf-c3c9-4631-840a-a1f274f02364 -X GET -H "X-Auth-Token: gAAAAABiPoQce_a0..." {{(pid=123204) http_log /usr/local/lib/python3.8/dist-packages/swiftclient/client.py:187}}
Mar 26 03:10:20 ubuntu devstack@g-api.service[123204]: DEBUG swiftclient [None req-caf008c9-9445-4f59-8f94-661d294a0ba5 tempest-UpdateMultiattachVolumeNegativeTest-235564689 tempest-UpdateMultiattachVolumeNegativeTest-235564689-project] RESP STATUS: 200 OK {{(pid=123204) http_log /usr/local/lib/python3.8/dist-packages/swiftclient/client.py:188}}
Mar 26 03:10:20 ubuntu devstack@g-api.service[123204]: DEBUG swiftclient [None req-caf008c9-9445-4f59-8f94-661d294a0ba5 tempest-UpdateMultiattachVolumeNegativeTest-235564689 tempest-UpdateMultiattachVolumeNegativeTest-235564689-project] RESP HEADERS: {'Content-Type': 'application/octet-stream', 'Etag': '1d3062cd89af34e419f7100277f38b2b', 'Last-Modified': 'Sat, 26 Mar 2022 03:05:09 GMT', 'X-Timestamp': '1648263908.88850', 'Accept-Ranges': 'bytes', 'Content-Length': '16338944', 'X-Trans-Id': 'txdf07428dd8174794b6a2d-00623e841c', 'X-Openstack-Request-Id': 'txdf07428dd8174794b6a2d-00623e841c', 'Date': 'Sat, 26 Mar 2022 03:10:20 GMT'} {{(pid=123204) http_log /usr/local/lib/python3.8/dist-packages/swiftclient/client.py:189}}
Mar 26 03:10:20 ubuntu devstack@g-api.service[123204]: DEBUG glance.image_cache [None req-caf008c9-9445-4f59-8f94-661d294a0ba5 tempest-UpdateMultiattachVolumeNegativeTest-235564689 tempest-UpdateMultiattachVolumeNegativeTest-235564689-project] Tee'ing image '73ce99bf-c3c9-4631-840a-a1f274f02364' into cache {{(pid=123204) get_caching_iter /opt/stack/glance/glance/image_cache/__init__.py:343}}
Mar 26 03:10:20 ubuntu devstack@g-api.service[123204]: DEBUG glance.image_cache.drivers.sqlite [None req-caf008c9-9445-4f59-8f94-661d294a0ba5 tempest-UpdateMultiattachVolumeNegativeTest-235564689 tempest-UpdateMultiattachVolumeNegativeTest-235564689-project] Fetch finished, moving '/opt/stack/data/glance/cache/incomplete/73ce99bf-c3c9-4631-840a-a1f274f02364' to '/opt/stack/data/glance/cache/73ce99bf-c3c9-4631-840a-a1f274f02364' {{(pid=123204) commit /opt/stack/glance/glance/image_cache/drivers/sqlite.py:324}}
Mar 26 03:10:20 ubuntu devstack@g-api.service[123204]: [pid: 123204|app: 0|req: 12/22] 127.0.0.1 () {42 vars in 1059 bytes} [Sat Mar 26 03:10:20 2022] GET /v2/images/73ce99bf-c3c9-4631-840a-a1f274f02364/file => generated 16338944 bytes in 518 msecs (HTTP/1.1 200) 4 headers in 191 bytes (250 switches on core 0)
Mar 26 03:10:28 ubuntu devstack@g-api.service[123206]: DEBUG glance.api.middleware.version_negotiation [None req-caf008c9-9445-4f59-8f94-661d294a0ba5 tempest-UpdateMultiattachVolumeNegativeTest-235564689 tempest-UpdateMultiattachVolumeNegativeTest-235564689-project] Determining version of request: GET / Accept: application/json {{(pid=123206) process_request /opt/stack/glance/glance/api/middleware/version_negotiation.py:44}}
Mar 26 03:10:28 ubuntu devstack@g-api.service[123206]: DEBUG glance.api.middleware.version_negotiation [None req-caf008c9-9445-4f59-8f94-661d294a0ba5 tempest-UpdateMultiattachVolumeNegativeTest-235564689 tempest-UpdateMultiattachVolumeNegativeTest-235564689-project] Using url versioning {{(pid=123206) process_request /opt/stack/glance/glance/api/middleware/version_negotiation.py:57}}
Mar 26 03:10:28 ubuntu devstack@g-api.service[123206]: DEBUG glance.api.middleware.version_negotiation [None req-caf008c9-9445-4f59-8f94-661d294a0ba5 tempest-UpdateMultiattachVolumeNegativeTest-235564689 tempest-UpdateMultiattachVolumeNegativeTest-235564689-project] Unknown version. Returning version choices. {{(pid=123206) process_request /opt/stack/glance/glance/api/middleware/version_negotiation.py:64}}
Mar 26 03:10:28 ubuntu devstack@g-api.service[123206]: [pid: 123206|app: 0|req: 11/23] 127.0.0.1 () {34 vars in 492 bytes} [Sat Mar 26 03:10:28 2022] GET / => generated 1213 bytes in 2 msecs (HTTP/1.1 300) 3 headers in 106 bytes (1 switches on core 0)
Mar 26 03:10:28 ubuntu devstack@g-api.service[123204]: DEBUG glance.api.middleware.version_negotiation [None req-caf008c9-9445-4f59-8f94-661d294a0ba5 tempest-UpdateMultiattachVolumeNegativeTest-235564689 tempest-UpdateMultiattachVolumeNegativeTest-235564689-project] Determining version of request: GET /v2/images/73ce99bf-c3c9-4631-840a-a1f274f02364 Accept: */* {{(pid=123204) process_request /opt/stack/glance/glance/api/middleware/version_negotiation.py:44}}
Mar 26 03:10:28 ubuntu devstack@g-api.service[123204]: DEBUG glance.api.middleware.version_negotiation [None req-caf008c9-9445-4f59-8f94-661d294a0ba5 tempest-UpdateMultiattachVolumeNegativeTest-235564689 tempest-UpdateMultiattachVolumeNegativeTest-235564689-project] Using url versioning {{(pid=123204) process_request /opt/stack/glance/glance/api/middleware/version_negotiation.py:57}}
Mar 26 03:10:28 ubuntu devstack@g-api.service[123204]: DEBUG glance.api.middleware.version_negotiation [None req-caf008c9-9445-4f59-8f94-661d294a0ba5 tempest-UpdateMultiattachVolumeNegativeTest-235564689 tempest-UpdateMultiattachVolumeNegativeTest-235564689-project] Matched version: v2 {{(pid=123204) process_request /opt/stack/glance/glance/api/middleware/version_negotiation.py:69}}
Mar 26 03:10:28 ubuntu devstack@g-api.service[123204]: DEBUG glance.api.middleware.version_negotiation [None req-caf008c9-9445-4f59-8f94-661d294a0ba5 tempest-UpdateMultiattachVolumeNegativeTest-235564689 tempest-UpdateMultiattachVolumeNegativeTest-235564689-project] new path /v2/images/73ce99bf-c3c9-4631-840a-a1f274f02364 {{(pid=123204) process_request /opt/stack/glance/glance/api/middleware/version_negotiation.py:70}}
Mar 26 03:10:28 ubuntu devstack@g-api.service[123204]: [pid: 123204|app: 0|req: 13/24] 127.0.0.1 () {42 vars in 1049 bytes} [Sat Mar 26 03:10:28 2022] GET /v2/images/73ce99bf-c3c9-4631-840a-a1f274f02364 => generated 976 bytes in 26 msecs (HTTP/1.1 200) 4 headers in 157 bytes (1 switches on core 0)
Mar 26 03:10:28 ubuntu devstack@g-api.service[123206]: DEBUG glance.api.middleware.version_negotiation [None req-caf008c9-9445-4f59-8f94-661d294a0ba5 tempest-UpdateMultiattachVolumeNegativeTest-235564689 tempest-UpdateMultiattachVolumeNegativeTest-235564689-project] Determining version of request: GET /v2/schemas/image Accept: */* {{(pid=123206) process_request /opt/stack/glance/glance/api/middleware/version_negotiation.py:44}}
Mar 26 03:10:28 ubuntu devstack@g-api.service[123206]: DEBUG glance.api.middleware.version_negotiation [None req-caf008c9-9445-4f59-8f94-661d294a0ba5 tempest-UpdateMultiattachVolumeNegativeTest-235564689 tempest-UpdateMultiattachVolumeNegativeTest-235564689-project] Using url versioning {{(pid=123206) process_request /opt/stack/glance/glance/api/middleware/version_negotiation.py:57}}
Mar 26 03:10:28 ubuntu devstack@g-api.service[123206]: DEBUG glance.api.middleware.version_negotiation [None req-caf008c9-9445-4f59-8f94-661d294a0ba5 tempest-UpdateMultiattachVolumeNegativeTest-235564689 tempest-UpdateMultiattachVolumeNegativeTest-235564689-project] Matched version: v2 {{(pid=123206) process_request /opt/stack/glance/glance/api/middleware/version_negotiation.py:69}}
Mar 26 03:10:28 ubuntu devstack@g-api.service[123206]: DEBUG glance.api.middleware.version_negotiation [None req-caf008c9-9445-4f59-8f94-661d294a0ba5 tempest-UpdateMultiattachVolumeNegativeTest-235564689 tempest-UpdateMultiattachVolumeNegativeTest-235564689-project] new path /v2/schemas/image {{(pid=123206) process_request /opt/stack/glance/glance/api/middleware/version_negotiation.py:70}}
Mar 26 03:10:28 ubuntu devstack@g-api.service[123206]: [pid: 123206|app: 0|req: 12/25] 127.0.0.1 () {42 vars in 989 bytes} [Sat Mar 26 03:10:28 2022] GET /v2/schemas/image => generated 6083 bytes in 6 msecs (HTTP/1.1 200) 4 headers in 158 bytes (1 switches on core 0)
Mar 26 03:11:03 ubuntu devstack@g-api.service[123204]: DEBUG glance.api.middleware.version_negotiation [None req-888c1d72-5f46-46c1-8827-04835abd8f5e tempest-UpdateMultiattachVolumeNegativeTest-235564689 tempest-UpdateMultiattachVolumeNegativeTest-235564689-project] Determining version of request: GET /v2/images/73ce99bf-c3c9-4631-840a-a1f274f02364 Accept: */* {{(pid=123204) process_request /opt/stack/glance/glance/api/middleware/version_negotiation.py:44}}
Mar 26 03:11:03 ubuntu devstack@g-api.service[123204]: DEBUG glance.api.middleware.version_negotiation [None req-888c1d72-5f46-46c1-8827-04835abd8f5e tempest-UpdateMultiattachVolumeNegativeTest-235564689 tempest-UpdateMultiattachVolumeNegativeTest-235564689-project] Using url versioning {{(pid=123204) process_request /opt/stack/glance/glance/api/middleware/version_negotiation.py:57}}
Mar 26 03:11:03 ubuntu devstack@g-api.service[123204]: DEBUG glance.api.middleware.version_negotiation [None req-888c1d72-5f46-46c1-8827-04835abd8f5e tempest-UpdateMultiattachVolumeNegativeTest-235564689 tempest-UpdateMultiattachVolumeNegativeTest-235564689-project] Matched version: v2 {{(pid=123204) process_request /opt/stack/glance/glance/api/middleware/version_negotiation.py:69}}
Mar 26 03:11:03 ubuntu devstack@g-api.service[123204]: DEBUG glance.api.middleware.version_negotiation [None req-888c1d72-5f46-46c1-8827-04835abd8f5e tempest-UpdateMultiattachVolumeNegativeTest-235564689 tempest-UpdateMultiattachVolumeNegativeTest-235564689-project] new path /v2/images/73ce99bf-c3c9-4631-840a-a1f274f02364 {{(pid=123204) process_request /opt/stack/glance/glance/api/middleware/version_negotiation.py:70}}
Mar 26 03:11:03 ubuntu devstack@g-api.service[123204]: [pid: 123204|app: 0|req: 14/26] 127.0.0.1 () {42 vars in 1049 bytes} [Sat Mar 26 03:11:03 2022] GET /v2/images/73ce99bf-c3c9-4631-840a-a1f274f02364 => generated 976 bytes in 20 msecs (HTTP/1.1 200) 4 headers in 157 bytes (1 switches on core 0)
