Jun 30 11:39:53 ubuntu devstack@g-api.service[144745]: DEBUG glance_store.backend [None req-a38d3414-ab95-4f60-a914-cd7ecc8fa0d4 admin admin] Attempting to import store swift {{(pid=144745) _load_store /usr/local/lib/python3.8/dist-packages/glance_store/backend.py:217}}
Jun 30 11:39:53 ubuntu devstack@g-api.service[144745]: DEBUG glance_store.capabilities [None req-a38d3414-ab95-4f60-a914-cd7ecc8fa0d4 admin admin] Store glance_store._drivers.swift.store.SingleTenantStore doesn't support updating dynamic storage capabilities. Please overwrite 'update_capabilities' method of the store to implement updating logics if needed. {{(pid=144745) update_capabilities /usr/local/lib/python3.8/dist-packages/glance_store/capabilities.py:91}}
Jun 30 11:39:53 ubuntu devstack@g-api.service[144745]: DEBUG glance_store.driver [None req-a38d3414-ab95-4f60-a914-cd7ecc8fa0d4 admin admin] Late loading location class glance_store._drivers.swift.store.StoreLocation {{(pid=144745) get_store_location_class /usr/local/lib/python3.8/dist-packages/glance_store/driver.py:117}}
Jun 30 11:39:53 ubuntu devstack@g-api.service[144745]: DEBUG glance_store.location [None req-a38d3414-ab95-4f60-a914-cd7ecc8fa0d4 admin admin] Registering scheme swift+https with {'store': <glance_store._drivers.swift.store.SingleTenantStore object at 0x7f5255aec0d0>, 'location_class': <class 'glance_store._drivers.swift.store.StoreLocation'>, 'store_entry': 'swift'} {{(pid=144745) register_scheme_map /usr/local/lib/python3.8/dist-packages/glance_store/location.py:146}}
Jun 30 11:39:53 ubuntu devstack@g-api.service[144745]: DEBUG glance_store.location [None req-a38d3414-ab95-4f60-a914-cd7ecc8fa0d4 admin admin] Registering scheme swift+https with {'store': <glance_store._drivers.swift.store.SingleTenantStore object at 0x7f5255aec0d0>, 'location_class': <class 'glance_store._drivers.swift.store.StoreLocation'>, 'store_entry': 'swift'} {{(pid=144745) register_scheme_map /usr/local/lib/python3.8/dist-packages/glance_store/location.py:146}}
Jun 30 11:39:53 ubuntu devstack@g-api.service[144745]: DEBUG glance_store.location [None req-a38d3414-ab95-4f60-a914-cd7ecc8fa0d4 admin admin] Registering scheme swift with {'store': <glance_store._drivers.swift.store.SingleTenantStore object at 0x7f5255aec0d0>, 'location_class': <class 'glance_store._drivers.swift.store.StoreLocation'>, 'store_entry': 'swift'} {{(pid=144745) register_scheme_map /usr/local/lib/python3.8/dist-packages/glance_store/location.py:146}}
Jun 30 11:39:53 ubuntu devstack@g-api.service[144745]: DEBUG glance_store.location [None req-a38d3414-ab95-4f60-a914-cd7ecc8fa0d4 admin admin] Registering scheme swift+https with {'store': <glance_store._drivers.swift.store.SingleTenantStore object at 0x7f5255aec0d0>, 'location_class': <class 'glance_store._drivers.swift.store.StoreLocation'>, 'store_entry': 'swift'} {{(pid=144745) register_scheme_map /usr/local/lib/python3.8/dist-packages/glance_store/location.py:146}}
Jun 30 11:39:53 ubuntu devstack@g-api.service[144745]: DEBUG glance_store.location [None req-a38d3414-ab95-4f60-a914-cd7ecc8fa0d4 admin admin] Registering scheme swift with {'store': <glance_store._drivers.swift.store.SingleTenantStore object at 0x7f5255aec0d0>, 'location_class': <class 'glance_store._drivers.swift.store.StoreLocation'>, 'store_entry': 'swift'} {{(pid=144745) register_scheme_map /usr/local/lib/python3.8/dist-packages/glance_store/location.py:146}}
Jun 30 11:39:53 ubuntu devstack@g-api.service[144745]: DEBUG glance_store.location [None req-a38d3414-ab95-4f60-a914-cd7ecc8fa0d4 admin admin] Registering scheme swift+http with {'store': <glance_store._drivers.swift.store.SingleTenantStore object at 0x7f5255aec0d0>, 'location_class': <class 'glance_store._drivers.swift.store.StoreLocation'>, 'store_entry': 'swift'} {{(pid=144745) register_scheme_map /usr/local/lib/python3.8/dist-packages/glance_store/location.py:146}}
Jun 30 11:39:53 ubuntu devstack@g-api.service[144745]: DEBUG glance_store.location [None req-a38d3414-ab95-4f60-a914-cd7ecc8fa0d4 admin admin] Registering scheme swift+https with {'store': <glance_store._drivers.swift.store.SingleTenantStore object at 0x7f5255aec0d0>, 'location_class': <class 'glance_store._drivers.swift.store.StoreLocation'>, 'store_entry': 'swift'} {{(pid=144745) register_scheme_map /usr/local/lib/python3.8/dist-packages/glance_store/location.py:146}}
Jun 30 11:39:53 ubuntu devstack@g-api.service[144745]: DEBUG glance_store.location [None req-a38d3414-ab95-4f60-a914-cd7ecc8fa0d4 admin admin] Registering scheme swift with {'store': <glance_store._drivers.swift.store.SingleTenantStore object at 0x7f5255aec0d0>, 'location_class': <class 'glance_store._drivers.swift.store.StoreLocation'>, 'store_entry': 'swift'} {{(pid=144745) register_scheme_map /usr/local/lib/python3.8/dist-packages/glance_store/location.py:146}}
Jun 30 11:39:53 ubuntu devstack@g-api.service[144745]: DEBUG glance_store.location [None req-a38d3414-ab95-4f60-a914-cd7ecc8fa0d4 admin admin] Registering scheme swift+http with {'store': <glance_store._drivers.swift.store.SingleTenantStore object at 0x7f5255aec0d0>, 'location_class': <class 'glance_store._drivers.swift.store.StoreLocation'>, 'store_entry': 'swift'} {{(pid=144745) register_scheme_map /usr/local/lib/python3.8/dist-packages/glance_store/location.py:146}}
Jun 30 11:39:53 ubuntu devstack@g-api.service[144745]: DEBUG glance_store.location [None req-a38d3414-ab95-4f60-a914-cd7ecc8fa0d4 admin admin] Registering scheme swift+config with {'store': <glance_store._drivers.swift.store.SingleTenantStore object at 0x7f5255aec0d0>, 'location_class': <class 'glance_store._drivers.swift.store.StoreLocation'>, 'store_entry': 'swift'} {{(pid=144745) register_scheme_map /usr/local/lib/python3.8/dist-packages/glance_store/location.py:146}}
Jun 30 11:39:53 ubuntu devstack@g-api.service[144745]: DEBUG glance_store.backend [None req-a38d3414-ab95-4f60-a914-cd7ecc8fa0d4 admin admin] Skipping store.set_acls... not implemented. {{(pid=144745) set_acls /usr/local/lib/python3.8/dist-packages/glance_store/backend.py:509}}
Jun 30 11:39:53 ubuntu devstack@g-api.service[144745]: [pid: 144745|app: 0|req: 3/4] 127.0.0.1 () {40 vars in 862 bytes} [Thu Jun 30 11:39:51 2022] PUT /v2/images/7621d1a7-ad34-4a84-820f-a0fab11a9038/file => generated 0 bytes in 2132 msecs (HTTP/1.1 204) 4 headers in 171 bytes (1 switches on core 0)
Jun 30 11:40:01 ubuntu devstack@g-api.service[144744]: DEBUG dbcounter [-] [144744] Writing DB stats glance:SELECT=9,glance:INSERT=5 {{(pid=144744) stat_writer /usr/local/lib/python3.8/dist-packages/dbcounter.py:114}}
Jun 30 11:40:03 ubuntu devstack@g-api.service[144745]: DEBUG dbcounter [-] [144745] Writing DB stats glance:SELECT=28,glance:UPDATE=2,glance:INSERT=1 {{(pid=144745) stat_writer /usr/local/lib/python3.8/dist-packages/dbcounter.py:114}}
Jun 30 11:40:33 ubuntu devstack@g-api.service[144744]: DEBUG glance.api.middleware.version_negotiation [None req-fc496df8-7f99-46b1-b82a-797cecb66f99 admin admin] Determining version of request: GET / Accept: application/json {{(pid=144744) process_request /opt/stack/glance/glance/api/middleware/version_negotiation.py:44}}
Jun 30 11:40:33 ubuntu devstack@g-api.service[144744]: DEBUG glance.api.middleware.version_negotiation [None req-fc496df8-7f99-46b1-b82a-797cecb66f99 admin admin] Using url versioning {{(pid=144744) process_request /opt/stack/glance/glance/api/middleware/version_negotiation.py:57}}
Jun 30 11:40:33 ubuntu devstack@g-api.service[144744]: DEBUG glance.api.middleware.version_negotiation [None req-fc496df8-7f99-46b1-b82a-797cecb66f99 admin admin] Unknown version. Returning version choices. {{(pid=144744) process_request /opt/stack/glance/glance/api/middleware/version_negotiation.py:64}}
Jun 30 11:40:33 ubuntu devstack@g-api.service[144744]: [pid: 144744|app: 0|req: 2/5] 127.0.0.1 () {34 vars in 506 bytes} [Thu Jun 30 11:40:33 2022] GET / => generated 1323 bytes in 4 msecs (HTTP/1.1 300) 3 headers in 106 bytes (1 switches on core 0)
Jun 30 11:40:33 ubuntu devstack@g-api.service[144745]: DEBUG glance.api.middleware.version_negotiation [None req-a38d3414-ab95-4f60-a914-cd7ecc8fa0d4 admin admin] Determining version of request: GET /v2/images Accept: application/json {{(pid=144745) process_request /opt/stack/glance/glance/api/middleware/version_negotiation.py:44}}
Jun 30 11:40:33 ubuntu devstack@g-api.service[144745]: DEBUG glance.api.middleware.version_negotiation [None req-a38d3414-ab95-4f60-a914-cd7ecc8fa0d4 admin admin] Using url versioning {{(pid=144745) process_request /opt/stack/glance/glance/api/middleware/version_negotiation.py:57}}
Jun 30 11:40:33 ubuntu devstack@g-api.service[144745]: DEBUG glance.api.middleware.version_negotiation [None req-a38d3414-ab95-4f60-a914-cd7ecc8fa0d4 admin admin] Matched version: v2 {{(pid=144745) process_request /opt/stack/glance/glance/api/middleware/version_negotiation.py:69}}
Jun 30 11:40:33 ubuntu devstack@g-api.service[144745]: DEBUG glance.api.middleware.version_negotiation [None req-a38d3414-ab95-4f60-a914-cd7ecc8fa0d4 admin admin] new path /v2/images {{(pid=144745) process_request /opt/stack/glance/glance/api/middleware/version_negotiation.py:70}}
Jun 30 11:40:33 ubuntu devstack@g-api.service[144745]: [pid: 144745|app: 0|req: 4/6] 127.0.0.1 () {36 vars in 728 bytes} [Thu Jun 30 11:40:33 2022] GET /v2/images => generated 1045 bytes in 97 msecs (HTTP/1.1 200) 4 headers in 158 bytes (1 switches on core 0)
Jun 30 11:40:38 ubuntu devstack@g-api.service[144744]: DEBUG glance.api.middleware.version_negotiation [None req-fc496df8-7f99-46b1-b82a-797cecb66f99 admin admin] Determining version of request: GET / Accept: application/json {{(pid=144744) process_request /opt/stack/glance/glance/api/middleware/version_negotiation.py:44}}
Jun 30 11:40:38 ubuntu devstack@g-api.service[144744]: DEBUG glance.api.middleware.version_negotiation [None req-fc496df8-7f99-46b1-b82a-797cecb66f99 admin admin] Using url versioning {{(pid=144744) process_request /opt/stack/glance/glance/api/middleware/version_negotiation.py:57}}
Jun 30 11:40:38 ubuntu devstack@g-api.service[144744]: DEBUG glance.api.middleware.version_negotiation [None req-fc496df8-7f99-46b1-b82a-797cecb66f99 admin admin] Unknown version. Returning version choices. {{(pid=144744) process_request /opt/stack/glance/glance/api/middleware/version_negotiation.py:64}}
Jun 30 11:40:38 ubuntu devstack@g-api.service[144744]: [pid: 144744|app: 0|req: 3/7] 127.0.0.1 () {34 vars in 506 bytes} [Thu Jun 30 11:40:38 2022] GET / => generated 1323 bytes in 6 msecs (HTTP/1.1 300) 3 headers in 106 bytes (1 switches on core 0)
Jun 30 11:40:38 ubuntu devstack@g-api.service[144745]: DEBUG glance.api.middleware.version_negotiation [None req-bf25829a-7557-4f85-8c56-802b5c63e5c2 admin admin] Determining version of request: GET /v2/images/7621d1a7-ad34-4a84-820f-a0fab11a9038 Accept: */* {{(pid=144745) process_request /opt/stack/glance/glance/api/middleware/version_negotiation.py:44}}
Jun 30 11:40:38 ubuntu devstack@g-api.service[144745]: DEBUG glance.api.middleware.version_negotiation [None req-bf25829a-7557-4f85-8c56-802b5c63e5c2 admin admin] Using url versioning {{(pid=144745) process_request /opt/stack/glance/glance/api/middleware/version_negotiation.py:57}}
Jun 30 11:40:38 ubuntu devstack@g-api.service[144745]: DEBUG glance.api.middleware.version_negotiation [None req-bf25829a-7557-4f85-8c56-802b5c63e5c2 admin admin] Matched version: v2 {{(pid=144745) process_request /opt/stack/glance/glance/api/middleware/version_negotiation.py:69}}
Jun 30 11:40:38 ubuntu devstack@g-api.service[144745]: DEBUG glance.api.middleware.version_negotiation [None req-bf25829a-7557-4f85-8c56-802b5c63e5c2 admin admin] new path /v2/images/7621d1a7-ad34-4a84-820f-a0fab11a9038 {{(pid=144745) process_request /opt/stack/glance/glance/api/middleware/version_negotiation.py:70}}
Jun 30 11:40:38 ubuntu devstack@g-api.service[144745]: [pid: 144745|app: 0|req: 5/8] 127.0.0.1 () {36 vars in 789 bytes} [Thu Jun 30 11:40:38 2022] GET /v2/images/7621d1a7-ad34-4a84-820f-a0fab11a9038 => generated 976 bytes in 62 msecs (HTTP/1.1 200) 4 headers in 157 bytes (1 switches on core 0)
Jun 30 11:40:42 ubuntu devstack@g-api.service[144744]: DEBUG glance.api.middleware.version_negotiation [None req-fc496df8-7f99-46b1-b82a-797cecb66f99 admin admin] Determining version of request: GET / Accept: application/json {{(pid=144744) process_request /opt/stack/glance/glance/api/middleware/version_negotiation.py:44}}
Jun 30 11:40:42 ubuntu devstack@g-api.service[144744]: DEBUG glance.api.middleware.version_negotiation [None req-fc496df8-7f99-46b1-b82a-797cecb66f99 admin admin] Using url versioning {{(pid=144744) process_request /opt/stack/glance/glance/api/middleware/version_negotiation.py:57}}
Jun 30 11:40:42 ubuntu devstack@g-api.service[144744]: DEBUG glance.api.middleware.version_negotiation [None req-fc496df8-7f99-46b1-b82a-797cecb66f99 admin admin] Unknown version. Returning version choices. {{(pid=144744) process_request /opt/stack/glance/glance/api/middleware/version_negotiation.py:64}}
Jun 30 11:40:42 ubuntu devstack@g-api.service[144744]: [pid: 144744|app: 0|req: 4/9] 127.0.0.1 () {34 vars in 506 bytes} [Thu Jun 30 11:40:42 2022] GET / => generated 1323 bytes in 5 msecs (HTTP/1.1 300) 3 headers in 106 bytes (1 switches on core 0)
Jun 30 11:40:42 ubuntu devstack@g-api.service[144745]: DEBUG glance.api.middleware.version_negotiation [None req-cc0a897f-0127-468d-b702-05708198677c admin admin] Determining version of request: GET /v2/images/7621d1a7-ad34-4a84-820f-a0fab11a9038 Accept: */* {{(pid=144745) process_request /opt/stack/glance/glance/api/middleware/version_negotiation.py:44}}
Jun 30 11:40:42 ubuntu devstack@g-api.service[144745]: DEBUG glance.api.middleware.version_negotiation [None req-cc0a897f-0127-468d-b702-05708198677c admin admin] Using url versioning {{(pid=144745) process_request /opt/stack/glance/glance/api/middleware/version_negotiation.py:57}}
Jun 30 11:40:42 ubuntu devstack@g-api.service[144745]: DEBUG glance.api.middleware.version_negotiation [None req-cc0a897f-0127-468d-b702-05708198677c admin admin] Matched version: v2 {{(pid=144745) process_request /opt/stack/glance/glance/api/middleware/version_negotiation.py:69}}
Jun 30 11:40:42 ubuntu devstack@g-api.service[144745]: DEBUG glance.api.middleware.version_negotiation [None req-cc0a897f-0127-468d-b702-05708198677c admin admin] new path /v2/images/7621d1a7-ad34-4a84-820f-a0fab11a9038 {{(pid=144745) process_request /opt/stack/glance/glance/api/middleware/version_negotiation.py:70}}
Jun 30 11:40:42 ubuntu devstack@g-api.service[144745]: [pid: 144745|app: 0|req: 6/10] 127.0.0.1 () {36 vars in 789 bytes} [Thu Jun 30 11:40:42 2022] GET /v2/images/7621d1a7-ad34-4a84-820f-a0fab11a9038 => generated 976 bytes in 55 msecs (HTTP/1.1 200) 4 headers in 157 bytes (1 switches on core 0)
Jun 30 11:40:52 ubuntu devstack@g-api.service[144745]: DEBUG dbcounter [-] [144745] Writing DB stats glance:SELECT=10 {{(pid=144745) stat_writer /usr/local/lib/python3.8/dist-packages/dbcounter.py:114}}
Jun 30 11:43:03 ubuntu devstack@g-api.service[144744]: DEBUG glance.api.middleware.version_negotiation [None req-fc496df8-7f99-46b1-b82a-797cecb66f99 admin admin] Determining version of request: GET /v1 Accept: application/json {{(pid=144744) process_request /opt/stack/glance/glance/api/middleware/version_negotiation.py:44}}
Jun 30 11:43:03 ubuntu devstack@g-api.service[144744]: DEBUG glance.api.middleware.version_negotiation [None req-fc496df8-7f99-46b1-b82a-797cecb66f99 admin admin] Using url versioning {{(pid=144744) process_request /opt/stack/glance/glance/api/middleware/version_negotiation.py:57}}
Jun 30 11:43:03 ubuntu devstack@g-api.service[144744]: DEBUG glance.api.middleware.version_negotiation [None req-fc496df8-7f99-46b1-b82a-797cecb66f99 admin admin] Unknown version. Returning version choices. {{(pid=144744) process_request /opt/stack/glance/glance/api/middleware/version_negotiation.py:64}}
Jun 30 11:43:03 ubuntu devstack@g-api.service[144744]: [pid: 144744|app: 0|req: 5/11] 127.0.0.1 () {38 vars in 685 bytes} [Thu Jun 30 11:43:03 2022] GET /v1 => generated 1323 bytes in 12 msecs (HTTP/1.1 300) 3 headers in 106 bytes (1 switches on core 0)
Jun 30 11:44:22 ubuntu devstack@g-api.service[144745]: DEBUG oslo_concurrency.lockutils [-] Acquired lock "glance-cache" {{(pid=144745) lock /usr/local/lib/python3.8/dist-packages/oslo_concurrency/lockutils.py:294}}
Jun 30 11:44:22 ubuntu devstack@g-api.service[144745]: DEBUG oslo_concurrency.lockutils [-] Acquired external semaphore "glance-cache" {{(pid=144745) lock /usr/local/lib/python3.8/dist-packages/oslo_concurrency/lockutils.py:302}}
Jun 30 11:44:22 ubuntu devstack@g-api.service[144745]: DEBUG glance.image_cache.prefetcher [-] Nothing to prefetch. {{(pid=144745) run /opt/stack/glance/glance/image_cache/prefetcher.py:79}}
Jun 30 11:44:22 ubuntu devstack@g-api.service[144745]: DEBUG oslo_concurrency.lockutils [-] Releasing lock "glance-cache" {{(pid=144745) lock /usr/local/lib/python3.8/dist-packages/oslo_concurrency/lockutils.py:312}}
Jun 30 11:44:22 ubuntu devstack@g-api.service[144744]: DEBUG oslo_concurrency.lockutils [-] Acquired lock "glance-cache" {{(pid=144744) lock /usr/local/lib/python3.8/dist-packages/oslo_concurrency/lockutils.py:294}}
Jun 30 11:44:22 ubuntu devstack@g-api.service[144744]: DEBUG oslo_concurrency.lockutils [-] Acquired external semaphore "glance-cache" {{(pid=144744) lock /usr/local/lib/python3.8/dist-packages/oslo_concurrency/lockutils.py:302}}
Jun 30 11:44:22 ubuntu devstack@g-api.service[144744]: DEBUG glance.image_cache.prefetcher [-] Nothing to prefetch. {{(pid=144744) run /opt/stack/glance/glance/image_cache/prefetcher.py:79}}
Jun 30 11:44:22 ubuntu devstack@g-api.service[144744]: DEBUG oslo_concurrency.lockutils [-] Releasing lock "glance-cache" {{(pid=144744) lock /usr/local/lib/python3.8/dist-packages/oslo_concurrency/lockutils.py:312}}
Jun 30 11:45:28 ubuntu devstack@g-api.service[144745]: DEBUG glance.api.middleware.version_negotiation [None req-28f93bb4-326f-4f0e-a9c6-b4a53690c217 admin admin] Determining version of request: GET /versions Accept: */* {{(pid=144745) process_request /opt/stack/glance/glance/api/middleware/version_negotiation.py:44}}
Jun 30 11:45:28 ubuntu devstack@g-api.service[144745]: [pid: 144745|app: 0|req: 7/12] 127.0.0.1 () {38 vars in 695 bytes} [Thu Jun 30 11:45:28 2022] GET /versions => generated 1323 bytes in 5 msecs (HTTP/1.1 200) 3 headers in 92 bytes (1 switches on core 0)
Jun 30 11:45:28 ubuntu devstack@g-api.service[144744]: DEBUG glance.api.middleware.version_negotiation [None req-fc496df8-7f99-46b1-b82a-797cecb66f99 admin admin] Determining version of request: GET /v2/schemas/image Accept: */* {{(pid=144744) process_request /opt/stack/glance/glance/api/middleware/version_negotiation.py:44}}
Jun 30 11:45:28 ubuntu devstack@g-api.service[144744]: DEBUG glance.api.middleware.version_negotiation [None req-fc496df8-7f99-46b1-b82a-797cecb66f99 admin admin] Using url versioning {{(pid=144744) process_request /opt/stack/glance/glance/api/middleware/version_negotiation.py:57}}
Jun 30 11:45:28 ubuntu devstack@g-api.service[144744]: DEBUG glance.api.middleware.version_negotiation [None req-fc496df8-7f99-46b1-b82a-797cecb66f99 admin admin] Matched version: v2 {{(pid=144744) process_request /opt/stack/glance/glance/api/middleware/version_negotiation.py:69}}
Jun 30 11:45:28 ubuntu devstack@g-api.service[144744]: DEBUG glance.api.middleware.version_negotiation [None req-fc496df8-7f99-46b1-b82a-797cecb66f99 admin admin] new path /v2/schemas/image {{(pid=144744) process_request /opt/stack/glance/glance/api/middleware/version_negotiation.py:70}}
Jun 30 11:45:28 ubuntu devstack@g-api.service[144744]: [pid: 144744|app: 0|req: 6/13] 127.0.0.1 () {38 vars in 711 bytes} [Thu Jun 30 11:45:28 2022] GET /v2/schemas/image => generated 6083 bytes in 120 msecs (HTTP/1.1 200) 4 headers in 158 bytes (1 switches on core 0)
Jun 30 11:45:28 ubuntu devstack@g-api.service[144745]: DEBUG glance.api.middleware.version_negotiation [None req-28f93bb4-326f-4f0e-a9c6-b4a53690c217 admin admin] Determining version of request: GET /v2/schemas/metadefs/namespace Accept: */* {{(pid=144745) process_request /opt/stack/glance/glance/api/middleware/version_negotiation.py:44}}
Jun 30 11:45:28 ubuntu devstack@g-api.service[144745]: DEBUG glance.api.middleware.version_negotiation [None req-28f93bb4-326f-4f0e-a9c6-b4a53690c217 admin admin] Using url versioning {{(pid=144745) process_request /opt/stack/glance/glance/api/middleware/version_negotiation.py:57}}
Jun 30 11:45:28 ubuntu devstack@g-api.service[144745]: DEBUG glance.api.middleware.version_negotiation [None req-28f93bb4-326f-4f0e-a9c6-b4a53690c217 admin admin] Matched version: v2 {{(pid=144745) process_request /opt/stack/glance/glance/api/middleware/version_negotiation.py:69}}
Jun 30 11:45:28 ubuntu devstack@g-api.service[144745]: DEBUG glance.api.middleware.version_negotiation [None req-28f93bb4-326f-4f0e-a9c6-b4a53690c217 admin admin] new path /v2/schemas/metadefs/namespace {{(pid=144745) process_request /opt/stack/glance/glance/api/middleware/version_negotiation.py:70}}
Jun 30 11:45:28 ubuntu devstack@g-api.service[144745]: [pid: 144745|app: 0|req: 8/14] 127.0.0.1 () {38 vars in 737 bytes} [Thu Jun 30 11:45:28 2022] GET /v2/schemas/metadefs/namespace => generated 3100 bytes in 12 msecs (HTTP/1.1 200) 4 headers in 158 bytes (1 switches on core 0)
Jun 30 11:45:28 ubuntu devstack@g-api.service[144744]: DEBUG glance.api.middleware.version_negotiation [None req-97214aa2-f9bd-4427-a909-3e51b74b17e0 admin admin] Determining version of request: GET /v2/schemas/metadefs/resource_type Accept: */* {{(pid=144744) process_request /opt/stack/glance/glance/api/middleware/version_negotiation.py:44}}
Jun 30 11:45:28 ubuntu devstack@g-api.service[144744]: DEBUG glance.api.middleware.version_negotiation [None req-97214aa2-f9bd-4427-a909-3e51b74b17e0 admin admin] Using url versioning {{(pid=144744) process_request /opt/stack/glance/glance/api/middleware/version_negotiation.py:57}}
Jun 30 11:45:28 ubuntu devstack@g-api.service[144744]: DEBUG glance.api.middleware.version_negotiation [None req-97214aa2-f9bd-4427-a909-3e51b74b17e0 admin admin] Matched version: v2 {{(pid=144744) process_request /opt/stack/glance/glance/api/middleware/version_negotiation.py:69}}
Jun 30 11:45:28 ubuntu devstack@g-api.service[144744]: DEBUG glance.api.middleware.version_negotiation [None req-97214aa2-f9bd-4427-a909-3e51b74b17e0 admin admin] new path /v2/schemas/metadefs/resource_type {{(pid=144744) process_request /opt/stack/glance/glance/api/middleware/version_negotiation.py:70}}
Jun 30 11:45:28 ubuntu devstack@g-api.service[144744]: [pid: 144744|app: 0|req: 7/15] 127.0.0.1 () {38 vars in 745 bytes} [Thu Jun 30 11:45:28 2022] GET /v2/schemas/metadefs/resource_type => generated 1262 bytes in 6 msecs (HTTP/1.1 200) 4 headers in 158 bytes (1 switches on core 0)
Jun 30 11:45:28 ubuntu devstack@g-api.service[144745]: DEBUG glance.api.middleware.version_negotiation [None req-6b21e402-8b93-4f69-b1e6-4c0e7fa42507 admin admin] Determining version of request: GET /v2/images Accept: */* {{(pid=144745) process_request /opt/stack/glance/glance/api/middleware/version_negotiation.py:44}}
Jun 30 11:45:28 ubuntu devstack@g-api.service[144745]: DEBUG glance.api.middleware.version_negotiation [None req-6b21e402-8b93-4f69-b1e6-4c0e7fa42507 admin admin] Using url versioning {{(pid=144745) process_request /opt/stack/glance/glance/api/middleware/version_negotiation.py:57}}
Jun 30 11:45:28 ubuntu devstack@g-api.service[144745]: DEBUG glance.api.middleware.version_negotiation [None req-6b21e402-8b93-4f69-b1e6-4c0e7fa42507 admin admin] Matched version: v2 {{(pid=144745) process_request /opt/stack/glance/glance/api/middleware/version_negotiation.py:69}}
Jun 30 11:45:28 ubuntu devstack@g-api.service[144745]: DEBUG glance.api.middleware.version_negotiation [None req-6b21e402-8b93-4f69-b1e6-4c0e7fa42507 admin admin] new path /v2/images {{(pid=144745) process_request /opt/stack/glance/glance/api/middleware/version_negotiation.py:70}}
Jun 30 11:45:28 ubuntu devstack@g-api.service[144745]: [pid: 144745|app: 0|req: 9/16] 127.0.0.1 () {38 vars in 768 bytes} [Thu Jun 30 11:45:28 2022] GET /v2/images?limit=20&sort_key=name&sort_dir=asc => generated 1081 bytes in 90 msecs (HTTP/1.1 200) 4 headers in 158 bytes (1 switches on core 0)
Jun 30 11:45:28 ubuntu devstack@g-api.service[144744]: DEBUG glance.api.middleware.version_negotiation [None req-79cb7fb7-0a0f-4cab-81a9-9780a0313512 admin admin] Determining version of request: GET /v2/schemas/image Accept: */* {{(pid=144744) process_request /opt/stack/glance/glance/api/middleware/version_negotiation.py:44}}
Jun 30 11:45:28 ubuntu devstack@g-api.service[144744]: DEBUG glance.api.middleware.version_negotiation [None req-79cb7fb7-0a0f-4cab-81a9-9780a0313512 admin admin] Using url versioning {{(pid=144744) process_request /opt/stack/glance/glance/api/middleware/version_negotiation.py:57}}
Jun 30 11:45:28 ubuntu devstack@g-api.service[144744]: DEBUG glance.api.middleware.version_negotiation [None req-79cb7fb7-0a0f-4cab-81a9-9780a0313512 admin admin] Matched version: v2 {{(pid=144744) process_request /opt/stack/glance/glance/api/middleware/version_negotiation.py:69}}
Jun 30 11:45:28 ubuntu devstack@g-api.service[144744]: DEBUG glance.api.middleware.version_negotiation [None req-79cb7fb7-0a0f-4cab-81a9-9780a0313512 admin admin] new path /v2/schemas/image {{(pid=144744) process_request /opt/stack/glance/glance/api/middleware/version_negotiation.py:70}}
Jun 30 11:45:28 ubuntu devstack@g-api.service[144744]: [pid: 144744|app: 0|req: 8/17] 127.0.0.1 () {38 vars in 711 bytes} [Thu Jun 30 11:45:28 2022] GET /v2/schemas/image => generated 6083 bytes in 9 msecs (HTTP/1.1 200) 4 headers in 158 bytes (1 switches on core 0)
Jun 30 11:45:38 ubuntu devstack@g-api.service[144745]: DEBUG dbcounter [-] [144745] Writing DB stats glance:SELECT=2 {{(pid=144745) stat_writer /usr/local/lib/python3.8/dist-packages/dbcounter.py:114}}
Jun 30 11:45:41 ubuntu devstack@g-api.service[144745]: DEBUG glance.api.middleware.version_negotiation [None req-57b10942-144c-4b55-9b21-f20a81a2165b admin admin] Determining version of request: GET / Accept: application/json {{(pid=144745) process_request /opt/stack/glance/glance/api/middleware/version_negotiation.py:44}}
Jun 30 11:45:41 ubuntu devstack@g-api.service[144745]: DEBUG glance.api.middleware.version_negotiation [None req-57b10942-144c-4b55-9b21-f20a81a2165b admin admin] Using url versioning {{(pid=144745) process_request /opt/stack/glance/glance/api/middleware/version_negotiation.py:57}}
Jun 30 11:45:41 ubuntu devstack@g-api.service[144745]: DEBUG glance.api.middleware.version_negotiation [None req-57b10942-144c-4b55-9b21-f20a81a2165b admin admin] Unknown version. Returning version choices. {{(pid=144745) process_request /opt/stack/glance/glance/api/middleware/version_negotiation.py:64}}
Jun 30 11:45:41 ubuntu devstack@g-api.service[144745]: [pid: 144745|app: 0|req: 10/18] 127.0.0.1 () {34 vars in 492 bytes} [Thu Jun 30 11:45:41 2022] GET / => generated 1323 bytes in 4 msecs (HTTP/1.1 300) 3 headers in 106 bytes (1 switches on core 0)
Jun 30 11:45:41 ubuntu devstack@g-api.service[144744]: DEBUG glance.api.middleware.version_negotiation [None req-77a84c78-0adb-44bd-8be4-d6ed85b31056 admin admin] Determining version of request: GET /v2/images/7621d1a7-ad34-4a84-820f-a0fab11a9038 Accept: */* {{(pid=144744) process_request /opt/stack/glance/glance/api/middleware/version_negotiation.py:44}}
Jun 30 11:45:41 ubuntu devstack@g-api.service[144744]: DEBUG glance.api.middleware.version_negotiation [None req-77a84c78-0adb-44bd-8be4-d6ed85b31056 admin admin] Using url versioning {{(pid=144744) process_request /opt/stack/glance/glance/api/middleware/version_negotiation.py:57}}
Jun 30 11:45:41 ubuntu devstack@g-api.service[144744]: DEBUG glance.api.middleware.version_negotiation [None req-77a84c78-0adb-44bd-8be4-d6ed85b31056 admin admin] Matched version: v2 {{(pid=144744) process_request /opt/stack/glance/glance/api/middleware/version_negotiation.py:69}}
Jun 30 11:45:41 ubuntu devstack@g-api.service[144744]: DEBUG glance.api.middleware.version_negotiation [None req-77a84c78-0adb-44bd-8be4-d6ed85b31056 admin admin] new path /v2/images/7621d1a7-ad34-4a84-820f-a0fab11a9038 {{(pid=144744) process_request /opt/stack/glance/glance/api/middleware/version_negotiation.py:70}}
Jun 30 11:45:42 ubuntu devstack@g-api.service[144744]: WARNING keystonemiddleware.auth_token [None req-77a84c78-0adb-44bd-8be4-d6ed85b31056 admin admin] A valid token was submitted as a service token, but it was not a valid service token. This is incorrect but backwards compatible behaviour. This will be removed in future releases.
Jun 30 11:45:42 ubuntu devstack@g-api.service[144744]: [pid: 144744|app: 0|req: 9/19] 127.0.0.1 () {42 vars in 1049 bytes} [Thu Jun 30 11:45:41 2022] GET /v2/images/7621d1a7-ad34-4a84-820f-a0fab11a9038 => generated 976 bytes in 111 msecs (HTTP/1.1 200) 4 headers in 157 bytes (1 switches on core 0)
Jun 30 11:45:42 ubuntu devstack@g-api.service[144745]: DEBUG glance.api.middleware.version_negotiation [None req-57b10942-144c-4b55-9b21-f20a81a2165b admin admin] Determining version of request: GET /v2/schemas/image Accept: */* {{(pid=144745) process_request /opt/stack/glance/glance/api/middleware/version_negotiation.py:44}}
Jun 30 11:45:42 ubuntu devstack@g-api.service[144745]: DEBUG glance.api.middleware.version_negotiation [None req-57b10942-144c-4b55-9b21-f20a81a2165b admin admin] Using url versioning {{(pid=144745) process_request /opt/stack/glance/glance/api/middleware/version_negotiation.py:57}}
Jun 30 11:45:42 ubuntu devstack@g-api.service[144745]: DEBUG glance.api.middleware.version_negotiation [None req-57b10942-144c-4b55-9b21-f20a81a2165b admin admin] Matched version: v2 {{(pid=144745) process_request /opt/stack/glance/glance/api/middleware/version_negotiation.py:69}}
Jun 30 11:45:42 ubuntu devstack@g-api.service[144745]: DEBUG glance.api.middleware.version_negotiation [None req-57b10942-144c-4b55-9b21-f20a81a2165b admin admin] new path /v2/schemas/image {{(pid=144745) process_request /opt/stack/glance/glance/api/middleware/version_negotiation.py:70}}
Jun 30 11:45:42 ubuntu devstack@g-api.service[144745]: WARNING keystonemiddleware.auth_token [None req-57b10942-144c-4b55-9b21-f20a81a2165b admin admin] A valid token was submitted as a service token, but it was not a valid service token. This is incorrect but backwards compatible behaviour. This will be removed in future releases.
Jun 30 11:45:42 ubuntu devstack@g-api.service[144745]: [pid: 144745|app: 0|req: 11/20] 127.0.0.1 () {42 vars in 989 bytes} [Thu Jun 30 11:45:42 2022] GET /v2/schemas/image => generated 6083 bytes in 9 msecs (HTTP/1.1 200) 4 headers in 158 bytes (1 switches on core 0)
Jun 30 11:45:44 ubuntu devstack@g-api.service[144744]: DEBUG glance.api.middleware.version_negotiation [None req-13c94c16-d1ba-4412-80dc-1e2671be2302 tempest-VolumesAdminNegativeTest-333606754 tempest-VolumesAdminNegativeTest-333606754-project] Determining version of request: GET /v2/images/7621d1a7-ad34-4a84-820f-a0fab11a9038 Accept: */* {{(pid=144744) process_request /opt/stack/glance/glance/api/middleware/version_negotiation.py:44}}
Jun 30 11:45:44 ubuntu devstack@g-api.service[144744]: DEBUG glance.api.middleware.version_negotiation [None req-13c94c16-d1ba-4412-80dc-1e2671be2302 tempest-VolumesAdminNegativeTest-333606754 tempest-VolumesAdminNegativeTest-333606754-project] Using url versioning {{(pid=144744) process_request /opt/stack/glance/glance/api/middleware/version_negotiation.py:57}}
Jun 30 11:45:44 ubuntu devstack@g-api.service[144744]: DEBUG glance.api.middleware.version_negotiation [None req-13c94c16-d1ba-4412-80dc-1e2671be2302 tempest-VolumesAdminNegativeTest-333606754 tempest-VolumesAdminNegativeTest-333606754-project] Matched version: v2 {{(pid=144744) process_request /opt/stack/glance/glance/api/middleware/version_negotiation.py:69}}
Jun 30 11:45:44 ubuntu devstack@g-api.service[144744]: DEBUG glance.api.middleware.version_negotiation [None req-13c94c16-d1ba-4412-80dc-1e2671be2302 tempest-VolumesAdminNegativeTest-333606754 tempest-VolumesAdminNegativeTest-333606754-project] new path /v2/images/7621d1a7-ad34-4a84-820f-a0fab11a9038 {{(pid=144744) process_request /opt/stack/glance/glance/api/middleware/version_negotiation.py:70}}
Jun 30 11:45:44 ubuntu devstack@g-api.service[144744]: [pid: 144744|app: 0|req: 10/21] 127.0.0.1 () {42 vars in 1049 bytes} [Thu Jun 30 11:45:44 2022] GET /v2/images/7621d1a7-ad34-4a84-820f-a0fab11a9038 => generated 976 bytes in 19 msecs (HTTP/1.1 200) 4 headers in 157 bytes (1 switches on core 0)
Jun 30 11:45:44 ubuntu devstack@g-api.service[144745]: DEBUG glance.api.middleware.version_negotiation [None req-13c94c16-d1ba-4412-80dc-1e2671be2302 tempest-VolumesAdminNegativeTest-333606754 tempest-VolumesAdminNegativeTest-333606754-project] Determining version of request: GET /v2/images/7621d1a7-ad34-4a84-820f-a0fab11a9038/file Accept: */* {{(pid=144745) process_request /opt/stack/glance/glance/api/middleware/version_negotiation.py:44}}
Jun 30 11:45:44 ubuntu devstack@g-api.service[144745]: DEBUG glance.api.middleware.version_negotiation [None req-13c94c16-d1ba-4412-80dc-1e2671be2302 tempest-VolumesAdminNegativeTest-333606754 tempest-VolumesAdminNegativeTest-333606754-project] Using url versioning {{(pid=144745) process_request /opt/stack/glance/glance/api/middleware/version_negotiation.py:57}}
Jun 30 11:45:44 ubuntu devstack@g-api.service[144745]: DEBUG glance.api.middleware.version_negotiation [None req-13c94c16-d1ba-4412-80dc-1e2671be2302 tempest-VolumesAdminNegativeTest-333606754 tempest-VolumesAdminNegativeTest-333606754-project] Matched version: v2 {{(pid=144745) process_request /opt/stack/glance/glance/api/middleware/version_negotiation.py:69}}
Jun 30 11:45:44 ubuntu devstack@g-api.service[144745]: DEBUG glance.api.middleware.version_negotiation [None req-13c94c16-d1ba-4412-80dc-1e2671be2302 tempest-VolumesAdminNegativeTest-333606754 tempest-VolumesAdminNegativeTest-333606754-project] new path /v2/images/7621d1a7-ad34-4a84-820f-a0fab11a9038/file {{(pid=144745) process_request /opt/stack/glance/glance/api/middleware/version_negotiation.py:70}}
Jun 30 11:45:44 ubuntu devstack@g-api.service[144745]: DEBUG glance_store.backend [None req-13c94c16-d1ba-4412-80dc-1e2671be2302 tempest-VolumesAdminNegativeTest-333606754 tempest-VolumesAdminNegativeTest-333606754-project] Attempting to import store swift {{(pid=144745) _load_store /usr/local/lib/python3.8/dist-packages/glance_store/backend.py:217}}
Jun 30 11:45:44 ubuntu devstack@g-api.service[144745]: DEBUG glance_store.capabilities [None req-13c94c16-d1ba-4412-80dc-1e2671be2302 tempest-VolumesAdminNegativeTest-333606754 tempest-VolumesAdminNegativeTest-333606754-project] Store glance_store._drivers.swift.store.SingleTenantStore doesn't support updating dynamic storage capabilities. Please overwrite 'update_capabilities' method of the store to implement updating logics if needed. {{(pid=144745) update_capabilities /usr/local/lib/python3.8/dist-packages/glance_store/capabilities.py:91}}
Jun 30 11:45:44 ubuntu devstack@g-api.service[144745]: DEBUG glance_store.driver [None req-13c94c16-d1ba-4412-80dc-1e2671be2302 tempest-VolumesAdminNegativeTest-333606754 tempest-VolumesAdminNegativeTest-333606754-project] Late loading location class glance_store._drivers.swift.store.StoreLocation {{(pid=144745) get_store_location_class /usr/local/lib/python3.8/dist-packages/glance_store/driver.py:117}}
Jun 30 11:45:44 ubuntu devstack@g-api.service[144745]: DEBUG glance_store.location [None req-13c94c16-d1ba-4412-80dc-1e2671be2302 tempest-VolumesAdminNegativeTest-333606754 tempest-VolumesAdminNegativeTest-333606754-project] Registering scheme swift+https with {'store': <glance_store._drivers.swift.store.SingleTenantStore object at 0x7f5255984820>, 'location_class': <class 'glance_store._drivers.swift.store.StoreLocation'>, 'store_entry': 'swift'} {{(pid=144745) register_scheme_map /usr/local/lib/python3.8/dist-packages/glance_store/location.py:146}}
Jun 30 11:45:44 ubuntu devstack@g-api.service[144745]: DEBUG glance_store.location [None req-13c94c16-d1ba-4412-80dc-1e2671be2302 tempest-VolumesAdminNegativeTest-333606754 tempest-VolumesAdminNegativeTest-333606754-project] Registering scheme swift+https with {'store': <glance_store._drivers.swift.store.SingleTenantStore object at 0x7f5255984820>, 'location_class': <class 'glance_store._drivers.swift.store.StoreLocation'>, 'store_entry': 'swift'} {{(pid=144745) register_scheme_map /usr/local/lib/python3.8/dist-packages/glance_store/location.py:146}}
Jun 30 11:45:44 ubuntu devstack@g-api.service[144745]: DEBUG glance_store.location [None req-13c94c16-d1ba-4412-80dc-1e2671be2302 tempest-VolumesAdminNegativeTest-333606754 tempest-VolumesAdminNegativeTest-333606754-project] Registering scheme swift with {'store': <glance_store._drivers.swift.store.SingleTenantStore object at 0x7f5255984820>, 'location_class': <class 'glance_store._drivers.swift.store.StoreLocation'>, 'store_entry': 'swift'} {{(pid=144745) register_scheme_map /usr/local/lib/python3.8/dist-packages/glance_store/location.py:146}}
Jun 30 11:45:44 ubuntu devstack@g-api.service[144745]: DEBUG glance_store.location [None req-13c94c16-d1ba-4412-80dc-1e2671be2302 tempest-VolumesAdminNegativeTest-333606754 tempest-VolumesAdminNegativeTest-333606754-project] Registering scheme swift+https with {'store': <glance_store._drivers.swift.store.SingleTenantStore object at 0x7f5255984820>, 'location_class': <class 'glance_store._drivers.swift.store.StoreLocation'>, 'store_entry': 'swift'} {{(pid=144745) register_scheme_map /usr/local/lib/python3.8/dist-packages/glance_store/location.py:146}}
Jun 30 11:45:44 ubuntu devstack@g-api.service[144745]: DEBUG glance_store.location [None req-13c94c16-d1ba-4412-80dc-1e2671be2302 tempest-VolumesAdminNegativeTest-333606754 tempest-VolumesAdminNegativeTest-333606754-project] Registering scheme swift with {'store': <glance_store._drivers.swift.store.SingleTenantStore object at 0x7f5255984820>, 'location_class': <class 'glance_store._drivers.swift.store.StoreLocation'>, 'store_entry': 'swift'} {{(pid=144745) register_scheme_map /usr/local/lib/python3.8/dist-packages/glance_store/location.py:146}}
Jun 30 11:45:44 ubuntu devstack@g-api.service[144745]: DEBUG glance_store.location [None req-13c94c16-d1ba-4412-80dc-1e2671be2302 tempest-VolumesAdminNegativeTest-333606754 tempest-VolumesAdminNegativeTest-333606754-project] Registering scheme swift+http with {'store': <glance_store._drivers.swift.store.SingleTenantStore object at 0x7f5255984820>, 'location_class': <class 'glance_store._drivers.swift.store.StoreLocation'>, 'store_entry': 'swift'} {{(pid=144745) register_scheme_map /usr/local/lib/python3.8/dist-packages/glance_store/location.py:146}}
Jun 30 11:45:44 ubuntu devstack@g-api.service[144745]: DEBUG glance_store.location [None req-13c94c16-d1ba-4412-80dc-1e2671be2302 tempest-VolumesAdminNegativeTest-333606754 tempest-VolumesAdminNegativeTest-333606754-project] Registering scheme swift+https with {'store': <glance_store._drivers.swift.store.SingleTenantStore object at 0x7f5255984820>, 'location_class': <class 'glance_store._drivers.swift.store.StoreLocation'>, 'store_entry': 'swift'} {{(pid=144745) register_scheme_map /usr/local/lib/python3.8/dist-packages/glance_store/location.py:146}}
Jun 30 11:45:44 ubuntu devstack@g-api.service[144745]: DEBUG glance_store.location [None req-13c94c16-d1ba-4412-80dc-1e2671be2302 tempest-VolumesAdminNegativeTest-333606754 tempest-VolumesAdminNegativeTest-333606754-project] Registering scheme swift with {'store': <glance_store._drivers.swift.store.SingleTenantStore object at 0x7f5255984820>, 'location_class': <class 'glance_store._drivers.swift.store.StoreLocation'>, 'store_entry': 'swift'} {{(pid=144745) register_scheme_map /usr/local/lib/python3.8/dist-packages/glance_store/location.py:146}}
Jun 30 11:45:44 ubuntu devstack@g-api.service[144745]: DEBUG glance_store.location [None req-13c94c16-d1ba-4412-80dc-1e2671be2302 tempest-VolumesAdminNegativeTest-333606754 tempest-VolumesAdminNegativeTest-333606754-project] Registering scheme swift+http with {'store': <glance_store._drivers.swift.store.SingleTenantStore object at 0x7f5255984820>, 'location_class': <class 'glance_store._drivers.swift.store.StoreLocation'>, 'store_entry': 'swift'} {{(pid=144745) register_scheme_map /usr/local/lib/python3.8/dist-packages/glance_store/location.py:146}}
Jun 30 11:45:44 ubuntu devstack@g-api.service[144745]: DEBUG glance_store.location [None req-13c94c16-d1ba-4412-80dc-1e2671be2302 tempest-VolumesAdminNegativeTest-333606754 tempest-VolumesAdminNegativeTest-333606754-project] Registering scheme swift+config with {'store': <glance_store._drivers.swift.store.SingleTenantStore object at 0x7f5255984820>, 'location_class': <class 'glance_store._drivers.swift.store.StoreLocation'>, 'store_entry': 'swift'} {{(pid=144745) register_scheme_map /usr/local/lib/python3.8/dist-packages/glance_store/location.py:146}}
Jun 30 11:45:44 ubuntu devstack@g-api.service[144745]: DEBUG swiftclient [None req-13c94c16-d1ba-4412-80dc-1e2671be2302 tempest-VolumesAdminNegativeTest-333606754 tempest-VolumesAdminNegativeTest-333606754-project] REQ: curl -i http://192.168.79.49:8080/v1/AUTH_35ae6d22a3924e5fbeca6c35e59b40b4/glance/7621d1a7-ad34-4a84-820f-a0fab11a9038 -X GET -H "X-Auth-Token: gAAAAABivYzo0K8i..." {{(pid=144745) http_log /usr/local/lib/python3.8/dist-packages/swiftclient/client.py:157}}
Jun 30 11:45:44 ubuntu devstack@g-api.service[144745]: DEBUG swiftclient [None req-13c94c16-d1ba-4412-80dc-1e2671be2302 tempest-VolumesAdminNegativeTest-333606754 tempest-VolumesAdminNegativeTest-333606754-project] RESP STATUS: 200 OK {{(pid=144745) http_log /usr/local/lib/python3.8/dist-packages/swiftclient/client.py:158}}
Jun 30 11:45:44 ubuntu devstack@g-api.service[144745]: DEBUG swiftclient [None req-13c94c16-d1ba-4412-80dc-1e2671be2302 tempest-VolumesAdminNegativeTest-333606754 tempest-VolumesAdminNegativeTest-333606754-project] RESP HEADERS: {'Content-Type': 'application/octet-stream', 'Etag': '1d3062cd89af34e419f7100277f38b2b', 'Last-Modified': 'Thu, 30 Jun 2022 11:39:53 GMT', 'X-Timestamp': '1656589192.87028', 'Accept-Ranges': 'bytes', 'Content-Length': '16338944', 'X-Trans-Id': 'tx9f7b9bf909cf4a708a938-0062bd8ce8', 'X-Openstack-Request-Id': 'tx9f7b9bf909cf4a708a938-0062bd8ce8', 'Date': 'Thu, 30 Jun 2022 11:45:44 GMT'} {{(pid=144745) http_log /usr/local/lib/python3.8/dist-packages/swiftclient/client.py:159}}
Jun 30 11:45:44 ubuntu devstack@g-api.service[144745]: DEBUG glance.image_cache [None req-13c94c16-d1ba-4412-80dc-1e2671be2302 tempest-VolumesAdminNegativeTest-333606754 tempest-VolumesAdminNegativeTest-333606754-project] Tee'ing image '7621d1a7-ad34-4a84-820f-a0fab11a9038' into cache {{(pid=144745) get_caching_iter /opt/stack/glance/glance/image_cache/__init__.py:343}}
Jun 30 11:45:44 ubuntu devstack@g-api.service[144745]: DEBUG glance.image_cache.drivers.sqlite [None req-13c94c16-d1ba-4412-80dc-1e2671be2302 tempest-VolumesAdminNegativeTest-333606754 tempest-VolumesAdminNegativeTest-333606754-project] Fetch finished, moving '/opt/stack/data/glance/cache/incomplete/7621d1a7-ad34-4a84-820f-a0fab11a9038' to '/opt/stack/data/glance/cache/7621d1a7-ad34-4a84-820f-a0fab11a9038' {{(pid=144745) commit /opt/stack/glance/glance/image_cache/drivers/sqlite.py:324}}
Jun 30 11:45:45 ubuntu devstack@g-api.service[144745]: [pid: 144745|app: 0|req: 12/22] 127.0.0.1 () {42 vars in 1059 bytes} [Thu Jun 30 11:45:44 2022] GET /v2/images/7621d1a7-ad34-4a84-820f-a0fab11a9038/file => generated 16338944 bytes in 390 msecs (HTTP/1.1 200) 4 headers in 191 bytes (251 switches on core 0)
Jun 30 11:45:54 ubuntu devstack@g-api.service[144744]: DEBUG dbcounter [-] [144744] Writing DB stats glance:SELECT=8 {{(pid=144744) stat_writer /usr/local/lib/python3.8/dist-packages/dbcounter.py:114}}
Jun 30 11:45:54 ubuntu devstack@g-api.service[144745]: DEBUG dbcounter [-] [144745] Writing DB stats glance:SELECT=8 {{(pid=144745) stat_writer /usr/local/lib/python3.8/dist-packages/dbcounter.py:114}}
Jun 30 11:46:10 ubuntu devstack@g-api.service[144744]: DEBUG glance.api.middleware.version_negotiation [None req-13c94c16-d1ba-4412-80dc-1e2671be2302 tempest-VolumesAdminNegativeTest-333606754 tempest-VolumesAdminNegativeTest-333606754-project] Determining version of request: GET / Accept: application/json {{(pid=144744) process_request /opt/stack/glance/glance/api/middleware/version_negotiation.py:44}}
Jun 30 11:46:10 ubuntu devstack@g-api.service[144744]: DEBUG glance.api.middleware.version_negotiation [None req-13c94c16-d1ba-4412-80dc-1e2671be2302 tempest-VolumesAdminNegativeTest-333606754 tempest-VolumesAdminNegativeTest-333606754-project] Using url versioning {{(pid=144744) process_request /opt/stack/glance/glance/api/middleware/version_negotiation.py:57}}
Jun 30 11:46:10 ubuntu devstack@g-api.service[144744]: DEBUG glance.api.middleware.version_negotiation [None req-13c94c16-d1ba-4412-80dc-1e2671be2302 tempest-VolumesAdminNegativeTest-333606754 tempest-VolumesAdminNegativeTest-333606754-project] Unknown version. Returning version choices. {{(pid=144744) process_request /opt/stack/glance/glance/api/middleware/version_negotiation.py:64}}
Jun 30 11:46:10 ubuntu devstack@g-api.service[144744]: [pid: 144744|app: 0|req: 11/23] 127.0.0.1 () {34 vars in 492 bytes} [Thu Jun 30 11:46:10 2022] GET / => generated 1323 bytes in 3 msecs (HTTP/1.1 300) 3 headers in 106 bytes (1 switches on core 0)
Jun 30 11:46:10 ubuntu devstack@g-api.service[144745]: DEBUG glance.api.middleware.version_negotiation [None req-13c94c16-d1ba-4412-80dc-1e2671be2302 tempest-VolumesAdminNegativeTest-333606754 tempest-VolumesAdminNegativeTest-333606754-project] Determining version of request: GET /v2/images/7621d1a7-ad34-4a84-820f-a0fab11a9038 Accept: */* {{(pid=144745) process_request /opt/stack/glance/glance/api/middleware/version_negotiation.py:44}}
Jun 30 11:46:10 ubuntu devstack@g-api.service[144745]: DEBUG glance.api.middleware.version_negotiation [None req-13c94c16-d1ba-4412-80dc-1e2671be2302 tempest-VolumesAdminNegativeTest-333606754 tempest-VolumesAdminNegativeTest-333606754-project] Using url versioning {{(pid=144745) process_request /opt/stack/glance/glance/api/middleware/version_negotiation.py:57}}
Jun 30 11:46:10 ubuntu devstack@g-api.service[144745]: DEBUG glance.api.middleware.version_negotiation [None req-13c94c16-d1ba-4412-80dc-1e2671be2302 tempest-VolumesAdminNegativeTest-333606754 tempest-VolumesAdminNegativeTest-333606754-project] Matched version: v2 {{(pid=144745) process_request /opt/stack/glance/glance/api/middleware/version_negotiation.py:69}}
Jun 30 11:46:10 ubuntu devstack@g-api.service[144745]: DEBUG glance.api.middleware.version_negotiation [None req-13c94c16-d1ba-4412-80dc-1e2671be2302 tempest-VolumesAdminNegativeTest-333606754 tempest-VolumesAdminNegativeTest-333606754-project] new path /v2/images/7621d1a7-ad34-4a84-820f-a0fab11a9038 {{(pid=144745) process_request /opt/stack/glance/glance/api/middleware/version_negotiation.py:70}}
Jun 30 11:46:10 ubuntu devstack@g-api.service[144745]: [pid: 144745|app: 0|req: 13/24] 127.0.0.1 () {42 vars in 1049 bytes} [Thu Jun 30 11:46:10 2022] GET /v2/images/7621d1a7-ad34-4a84-820f-a0fab11a9038 => generated 976 bytes in 20 msecs (HTTP/1.1 200) 4 headers in 157 bytes (1 switches on core 0)
Jun 30 11:46:10 ubuntu devstack@g-api.service[144744]: DEBUG glance.api.middleware.version_negotiation [None req-13c94c16-d1ba-4412-80dc-1e2671be2302 tempest-VolumesAdminNegativeTest-333606754 tempest-VolumesAdminNegativeTest-333606754-project] Determining version of request: GET /v2/schemas/image Accept: */* {{(pid=144744) process_request /opt/stack/glance/glance/api/middleware/version_negotiation.py:44}}
Jun 30 11:46:10 ubuntu devstack@g-api.service[144744]: DEBUG glance.api.middleware.version_negotiation [None req-13c94c16-d1ba-4412-80dc-1e2671be2302 tempest-VolumesAdminNegativeTest-333606754 tempest-VolumesAdminNegativeTest-333606754-project] Using url versioning {{(pid=144744) process_request /opt/stack/glance/glance/api/middleware/version_negotiation.py:57}}
Jun 30 11:46:10 ubuntu devstack@g-api.service[144744]: DEBUG glance.api.middleware.version_negotiation [None req-13c94c16-d1ba-4412-80dc-1e2671be2302 tempest-VolumesAdminNegativeTest-333606754 tempest-VolumesAdminNegativeTest-333606754-project] Matched version: v2 {{(pid=144744) process_request /opt/stack/glance/glance/api/middleware/version_negotiation.py:69}}
Jun 30 11:46:10 ubuntu devstack@g-api.service[144744]: DEBUG glance.api.middleware.version_negotiation [None req-13c94c16-d1ba-4412-80dc-1e2671be2302 tempest-VolumesAdminNegativeTest-333606754 tempest-VolumesAdminNegativeTest-333606754-project] new path /v2/schemas/image {{(pid=144744) process_request /opt/stack/glance/glance/api/middleware/version_negotiation.py:70}}
Jun 30 11:46:10 ubuntu devstack@g-api.service[144744]: [pid: 144744|app: 0|req: 12/25] 127.0.0.1 () {42 vars in 989 bytes} [Thu Jun 30 11:46:10 2022] GET /v2/schemas/image => generated 6083 bytes in 5 msecs (HTTP/1.1 200) 4 headers in 158 bytes (1 switches on core 0)
Jun 30 11:46:20 ubuntu devstack@g-api.service[144745]: DEBUG dbcounter [-] [144745] Writing DB stats glance:SELECT=4 {{(pid=144745) stat_writer /usr/local/lib/python3.8/dist-packages/dbcounter.py:114}}
Jun 30 11:46:37 ubuntu devstack@g-api.service[144745]: DEBUG glance.api.middleware.version_negotiation [None req-9cd74824-eb4a-46dc-9756-0dfd699c843f tempest-DeleteServersTestJSON-1956383682 tempest-DeleteServersTestJSON-1956383682-project] Determining version of request: GET /v2/images/7621d1a7-ad34-4a84-820f-a0fab11a9038 Accept: */* {{(pid=144745) process_request /opt/stack/glance/glance/api/middleware/version_negotiation.py:44}}
