Sep 09 02:50:06 ubuntu neutron-server[119870]: DEBUG neutron.api.extensions [None req-56131683-9aad-4ef8-85f7-08e543a80881 None None] Loading extension file: tagging.py {{(pid=119870) _load_all_extensions_from_path /opt/stack/neutron/neutron/api/extensions.py:450}}
Sep 09 02:50:06 ubuntu neutron-server[119870]: DEBUG neutron.api.extensions [None req-56131683-9aad-4ef8-85f7-08e543a80881 None None] Ext name="Tag support for resources with standard attribute: port, subnet, subnetpool, network, security_group, router, floatingip, policy, trunk, network_segment_range" alias="standard-attr-tag" description="Enables to set tag on resources with standard attribute." updated="2017-01-01T00:00:00-00:00" {{(pid=119870) _check_extension /opt/stack/neutron/neutron/api/extensions.py:416}}
Sep 09 02:50:06 ubuntu neutron-server[119870]: INFO neutron.api.extensions [None req-56131683-9aad-4ef8-85f7-08e543a80881 None None] Loaded extension: standard-attr-tag
Sep 09 02:50:06 ubuntu neutron-server[119870]: DEBUG neutron.api.extensions [None req-56131683-9aad-4ef8-85f7-08e543a80881 None None] Loading extension file: timestamp.py {{(pid=119870) _load_all_extensions_from_path /opt/stack/neutron/neutron/api/extensions.py:450}}
Sep 09 02:50:06 ubuntu neutron-server[119870]: DEBUG neutron.api.extensions [None req-56131683-9aad-4ef8-85f7-08e543a80881 None None] Ext name="Resource timestamps" alias="standard-attr-timestamp" description="Adds created_at and updated_at fields to all Neutron resources that have Neutron standard attributes." updated="2016-09-12T10:00:00-00:00" {{(pid=119870) _check_extension /opt/stack/neutron/neutron/api/extensions.py:416}}
Sep 09 02:50:06 ubuntu neutron-server[119870]: INFO neutron.api.extensions [None req-56131683-9aad-4ef8-85f7-08e543a80881 None None] Loaded extension: standard-attr-timestamp
Sep 09 02:50:06 ubuntu neutron-server[119870]: DEBUG neutron.api.extensions [None req-56131683-9aad-4ef8-85f7-08e543a80881 None None] Loading extension file: trunk.py {{(pid=119870) _load_all_extensions_from_path /opt/stack/neutron/neutron/api/extensions.py:450}}
Sep 09 02:50:06 ubuntu neutron-server[119870]: DEBUG neutron.api.extensions [None req-56131683-9aad-4ef8-85f7-08e543a80881 None None] Ext name="Trunk Extension" alias="trunk" description="Provides support for trunk ports" updated="2016-01-01T10:00:00-00:00" {{(pid=119870) _check_extension /opt/stack/neutron/neutron/api/extensions.py:416}}
Sep 09 02:50:06 ubuntu neutron-server[119870]: INFO neutron.api.extensions [None req-56131683-9aad-4ef8-85f7-08e543a80881 None None] Extension trunk not supported by any of loaded plugins
Sep 09 02:50:06 ubuntu neutron-server[119870]: DEBUG neutron.api.extensions [None req-56131683-9aad-4ef8-85f7-08e543a80881 None None] Loading extension file: trunk_details.py {{(pid=119870) _load_all_extensions_from_path /opt/stack/neutron/neutron/api/extensions.py:450}}
Sep 09 02:50:06 ubuntu neutron-server[119870]: DEBUG neutron.api.extensions [None req-56131683-9aad-4ef8-85f7-08e543a80881 None None] Ext name="Trunk port details" alias="trunk-details" description="Expose trunk port details" updated="2016-01-01T10:00:00-00:00" {{(pid=119870) _check_extension /opt/stack/neutron/neutron/api/extensions.py:416}}
Sep 09 02:50:06 ubuntu neutron-server[119870]: INFO neutron.api.extensions [None req-56131683-9aad-4ef8-85f7-08e543a80881 None None] Extension trunk-details not supported by any of loaded plugins
Sep 09 02:50:06 ubuntu neutron-server[119870]: DEBUG neutron.api.extensions [None req-56131683-9aad-4ef8-85f7-08e543a80881 None None] Loading extension file: uplink_status_propagation.py {{(pid=119870) _load_all_extensions_from_path /opt/stack/neutron/neutron/api/extensions.py:450}}
Sep 09 02:50:06 ubuntu neutron-server[119870]: DEBUG neutron.api.extensions [None req-56131683-9aad-4ef8-85f7-08e543a80881 None None] Ext name="Uplink status propagation extension" alias="uplink-status-propagation" description="Provides ability to propagate port uplink status." updated="2018-05-31T18:00:00-00:00" {{(pid=119870) _check_extension /opt/stack/neutron/neutron/api/extensions.py:416}}
Sep 09 02:50:06 ubuntu neutron-server[119870]: INFO neutron.api.extensions [None req-56131683-9aad-4ef8-85f7-08e543a80881 None None] Extension uplink-status-propagation not supported by any of loaded plugins
Sep 09 02:50:06 ubuntu neutron-server[119870]: DEBUG neutron.api.extensions [None req-56131683-9aad-4ef8-85f7-08e543a80881 None None] Loading extension file: vlantransparent.py {{(pid=119870) _load_all_extensions_from_path /opt/stack/neutron/neutron/api/extensions.py:450}}
Sep 09 02:50:06 ubuntu neutron-server[119870]: DEBUG neutron.api.extensions [None req-56131683-9aad-4ef8-85f7-08e543a80881 None None] Ext name="Vlantransparent" alias="vlan-transparent" description="Provides Vlan Transparent Networks" updated="2015-03-23T09:00:00-00:00" {{(pid=119870) _check_extension /opt/stack/neutron/neutron/api/extensions.py:416}}
Sep 09 02:50:06 ubuntu neutron-server[119870]: INFO neutron.api.extensions [None req-56131683-9aad-4ef8-85f7-08e543a80881 None None] Extension vlan-transparent not supported by any of loaded plugins
Sep 09 02:50:06 ubuntu neutron-server[119870]: INFO neutron.quota.resource_registry [None req-56131683-9aad-4ef8-85f7-08e543a80881 None None] Creating instance of TrackedResource for resource:network
Sep 09 02:50:06 ubuntu neutron-server[119870]: INFO neutron.quota.resource_registry [None req-56131683-9aad-4ef8-85f7-08e543a80881 None None] Creating instance of TrackedResource for resource:subnet
Sep 09 02:50:06 ubuntu neutron-server[119870]: INFO neutron.quota.resource_registry [None req-56131683-9aad-4ef8-85f7-08e543a80881 None None] Creating instance of TrackedResource for resource:subnetpool
Sep 09 02:50:06 ubuntu neutron-server[119870]: INFO neutron.quota.resource_registry [None req-56131683-9aad-4ef8-85f7-08e543a80881 None None] Creating instance of TrackedResource for resource:port
Sep 09 02:50:06 ubuntu neutron-server[119870]: DEBUG neutron.api.v2.resource_helper [None req-56131683-9aad-4ef8-85f7-08e543a80881 None None] Service FLAVORS assigned prefix:  {{(pid=119870) build_resource_info /opt/stack/neutron/neutron/api/v2/resource_helper.py:77}}
Sep 09 02:50:06 ubuntu neutron-server[119870]: DEBUG neutron.api.v2.resource_helper [None req-56131683-9aad-4ef8-85f7-08e543a80881 None None] Service L3_ROUTER_NAT assigned prefix:  {{(pid=119870) build_resource_info /opt/stack/neutron/neutron/api/v2/resource_helper.py:77}}
Sep 09 02:50:06 ubuntu neutron-server[119870]: DEBUG neutron.api.v2.resource_helper [None req-56131683-9aad-4ef8-85f7-08e543a80881 None None] Service L3_ROUTER_NAT assigned prefix:  {{(pid=119870) build_resource_info /opt/stack/neutron/neutron/api/v2/resource_helper.py:77}}
Sep 09 02:50:06 ubuntu neutron-server[119870]: INFO neutron.quota.resource_registry [None req-56131683-9aad-4ef8-85f7-08e543a80881 None None] Creating instance of TrackedResource for resource:router
Sep 09 02:50:06 ubuntu neutron-server[119870]: INFO neutron.quota.resource_registry [None req-56131683-9aad-4ef8-85f7-08e543a80881 None None] Creating instance of TrackedResource for resource:floatingip
Sep 09 02:50:06 ubuntu neutron-server[119870]: DEBUG neutron_lib.callbacks.manager [None req-56131683-9aad-4ef8-85f7-08e543a80881 None None] Subscribe: <bound method NeutronDbPluginV2.validate_network_rbac_policy_change of <neutron.services.network_ip_availability.plugin.NetworkIPAvailabilityPlugin object at 0x7f4f0b14a1c0>> rbac-policy before_create 55550000 {{(pid=119870) subscribe /usr/local/lib/python3.8/dist-packages/neutron_lib/callbacks/manager.py:45}}
Sep 09 02:50:06 ubuntu neutron-server[119870]: DEBUG neutron_lib.callbacks.manager [None req-56131683-9aad-4ef8-85f7-08e543a80881 None None] Subscribe: <bound method NeutronDbPluginV2.validate_network_rbac_policy_change of <neutron.services.network_ip_availability.plugin.NetworkIPAvailabilityPlugin object at 0x7f4f0b14a1c0>> rbac-policy before_update 55550000 {{(pid=119870) subscribe /usr/local/lib/python3.8/dist-packages/neutron_lib/callbacks/manager.py:45}}
Sep 09 02:50:06 ubuntu neutron-server[119870]: DEBUG neutron_lib.callbacks.manager [None req-56131683-9aad-4ef8-85f7-08e543a80881 None None] Subscribe: <bound method NeutronDbPluginV2.validate_network_rbac_policy_change of <neutron.services.network_ip_availability.plugin.NetworkIPAvailabilityPlugin object at 0x7f4f0b14a1c0>> rbac-policy before_delete 55550000 {{(pid=119870) subscribe /usr/local/lib/python3.8/dist-packages/neutron_lib/callbacks/manager.py:45}}
Sep 09 02:50:06 ubuntu neutron-server[119870]: INFO neutron.quota.resource_registry [None req-56131683-9aad-4ef8-85f7-08e543a80881 None None] Creating instance of CountableResource for resource:rbac_policy
Sep 09 02:50:06 ubuntu neutron-server[119870]: INFO neutron.quota.resource_registry [None req-56131683-9aad-4ef8-85f7-08e543a80881 None None] Creating instance of TrackedResource for resource:security_group
Sep 09 02:50:06 ubuntu neutron-server[119870]: INFO neutron.quota.resource_registry [None req-56131683-9aad-4ef8-85f7-08e543a80881 None None] Creating instance of TrackedResource for resource:security_group_rule
Sep 09 02:50:06 ubuntu neutron-server[119870]: DEBUG neutron.api.v2.resource_helper [None req-56131683-9aad-4ef8-85f7-08e543a80881 None None] Service FLAVORS assigned prefix:  {{(pid=119870) build_resource_info /opt/stack/neutron/neutron/api/v2/resource_helper.py:77}}
Sep 09 02:50:06 ubuntu neutron-server[119870]: DEBUG neutron.api.v2.resource_helper [None req-56131683-9aad-4ef8-85f7-08e543a80881 None None] Service L3_ROUTER_NAT assigned prefix:  {{(pid=119870) build_resource_info /opt/stack/neutron/neutron/api/v2/resource_helper.py:77}}
Sep 09 02:50:06 ubuntu neutron-server[119870]: DEBUG neutron.api.v2.resource_helper [None req-56131683-9aad-4ef8-85f7-08e543a80881 None None] Service L3_ROUTER_NAT assigned prefix:  {{(pid=119870) build_resource_info /opt/stack/neutron/neutron/api/v2/resource_helper.py:77}}
Sep 09 02:50:06 ubuntu neutron-server[119870]: INFO neutron.quota.resource_registry [None req-56131683-9aad-4ef8-85f7-08e543a80881 None None] Creating instance of TrackedResource for resource:router
Sep 09 02:50:06 ubuntu neutron-server[119870]: WARNING neutron.quota.resource_registry [None req-56131683-9aad-4ef8-85f7-08e543a80881 None None] router is already registered
Sep 09 02:50:06 ubuntu neutron-server[119870]: INFO neutron.quota.resource_registry [None req-56131683-9aad-4ef8-85f7-08e543a80881 None None] Creating instance of TrackedResource for resource:floatingip
Sep 09 02:50:06 ubuntu neutron-server[119870]: WARNING neutron.quota.resource_registry [None req-56131683-9aad-4ef8-85f7-08e543a80881 None None] floatingip is already registered
Sep 09 02:50:06 ubuntu neutron-server[119870]: INFO neutron.quota.resource_registry [None req-56131683-9aad-4ef8-85f7-08e543a80881 None None] Creating instance of CountableResource for resource:rbac_policy
Sep 09 02:50:06 ubuntu neutron-server[119870]: WARNING neutron.quota.resource_registry [None req-56131683-9aad-4ef8-85f7-08e543a80881 None None] rbac_policy is already registered
Sep 09 02:50:06 ubuntu neutron-server[119870]: INFO neutron.quota.resource_registry [None req-56131683-9aad-4ef8-85f7-08e543a80881 None None] Creating instance of TrackedResource for resource:security_group
Sep 09 02:50:06 ubuntu neutron-server[119870]: WARNING neutron.quota.resource_registry [None req-56131683-9aad-4ef8-85f7-08e543a80881 None None] security_group is already registered
Sep 09 02:50:06 ubuntu neutron-server[119870]: INFO neutron.quota.resource_registry [None req-56131683-9aad-4ef8-85f7-08e543a80881 None None] Creating instance of TrackedResource for resource:security_group_rule
Sep 09 02:50:06 ubuntu neutron-server[119870]: WARNING neutron.quota.resource_registry [None req-56131683-9aad-4ef8-85f7-08e543a80881 None None] security_group_rule is already registered
Sep 09 02:50:06 ubuntu neutron-server[119870]: DEBUG neutron.api.extensions [None req-56131683-9aad-4ef8-85f7-08e543a80881 None None] Extended resource: extensions {{(pid=119870) __init__ /opt/stack/neutron/neutron/api/extensions.py:157}}
Sep 09 02:50:06 ubuntu neutron-server[119870]: DEBUG neutron.api.extensions [None req-56131683-9aad-4ef8-85f7-08e543a80881 None None] Extended resource: address-groups {{(pid=119870) __init__ /opt/stack/neutron/neutron/api/extensions.py:157}}
Sep 09 02:50:06 ubuntu neutron-server[119870]: DEBUG neutron.api.extensions [None req-56131683-9aad-4ef8-85f7-08e543a80881 None None] Extended resource: address-scopes {{(pid=119870) __init__ /opt/stack/neutron/neutron/api/extensions.py:157}}
Sep 09 02:50:06 ubuntu neutron-server[119870]: DEBUG neutron.api.extensions [None req-56131683-9aad-4ef8-85f7-08e543a80881 None None] Extended resource: agents {{(pid=119870) __init__ /opt/stack/neutron/neutron/api/extensions.py:157}}
Sep 09 02:50:06 ubuntu neutron-server[119870]: DEBUG neutron.api.extensions [None req-56131683-9aad-4ef8-85f7-08e543a80881 None None] Extended resource: auto-allocated-topology {{(pid=119870) __init__ /opt/stack/neutron/neutron/api/extensions.py:157}}
Sep 09 02:50:06 ubuntu neutron-server[119870]: DEBUG neutron.api.extensions [None req-56131683-9aad-4ef8-85f7-08e543a80881 None None] Extended resource: availability_zones {{(pid=119870) __init__ /opt/stack/neutron/neutron/api/extensions.py:157}}
Sep 09 02:50:06 ubuntu neutron-server[119870]: DEBUG neutron.api.extensions [None req-56131683-9aad-4ef8-85f7-08e543a80881 None None] Extended resource: flavors {{(pid=119870) __init__ /opt/stack/neutron/neutron/api/extensions.py:157}}
Sep 09 02:50:06 ubuntu neutron-server[119870]: DEBUG neutron.api.extensions [None req-56131683-9aad-4ef8-85f7-08e543a80881 None None] Extended resource: service_profiles {{(pid=119870) __init__ /opt/stack/neutron/neutron/api/extensions.py:157}}
Sep 09 02:50:06 ubuntu neutron-server[119870]: DEBUG neutron.api.extensions [None req-56131683-9aad-4ef8-85f7-08e543a80881 None None] Extended resource: next_providers {{(pid=119870) __init__ /opt/stack/neutron/neutron/api/extensions.py:157}}
Sep 09 02:50:06 ubuntu neutron-server[119870]: DEBUG neutron.api.extensions [None req-56131683-9aad-4ef8-85f7-08e543a80881 None None] Extended resource: service_profiles {{(pid=119870) __init__ /opt/stack/neutron/neutron/api/extensions.py:157}}
Sep 09 02:50:06 ubuntu neutron-server[119870]: DEBUG neutron.api.extensions [None req-56131683-9aad-4ef8-85f7-08e543a80881 None None] Extended resource: floatingip-pools {{(pid=119870) __init__ /opt/stack/neutron/neutron/api/extensions.py:157}}
Sep 09 02:50:06 ubuntu neutron-server[119870]: DEBUG neutron.api.extensions [None req-56131683-9aad-4ef8-85f7-08e543a80881 None None] Extended resource: routers {{(pid=119870) __init__ /opt/stack/neutron/neutron/api/extensions.py:157}}
Sep 09 02:50:06 ubuntu neutron-server[119870]: DEBUG neutron.api.extensions [None req-56131683-9aad-4ef8-85f7-08e543a80881 None None] Extended resource: floatingips {{(pid=119870) __init__ /opt/stack/neutron/neutron/api/extensions.py:157}}
Sep 09 02:50:06 ubuntu neutron-server[119870]: DEBUG neutron.api.extensions [None req-56131683-9aad-4ef8-85f7-08e543a80881 None None] Extended resource: network-ip-availabilities {{(pid=119870) __init__ /opt/stack/neutron/neutron/api/extensions.py:157}}
Sep 09 02:50:06 ubuntu neutron-server[119870]: DEBUG neutron.api.extensions [None req-56131683-9aad-4ef8-85f7-08e543a80881 None None] Extended resource: bindings {{(pid=119870) __init__ /opt/stack/neutron/neutron/api/extensions.py:157}}
Sep 09 02:50:06 ubuntu neutron-server[119870]: DEBUG neutron.api.extensions [None req-56131683-9aad-4ef8-85f7-08e543a80881 None None] Extended resource: quotas {{(pid=119870) __init__ /opt/stack/neutron/neutron/api/extensions.py:157}}
Sep 09 02:50:06 ubuntu neutron-server[119870]: DEBUG neutron.api.extensions [None req-56131683-9aad-4ef8-85f7-08e543a80881 None None] Extended resource: quotas {{(pid=119870) __init__ /opt/stack/neutron/neutron/api/extensions.py:157}}
Sep 09 02:50:06 ubuntu neutron-server[119870]: DEBUG neutron.api.extensions [None req-56131683-9aad-4ef8-85f7-08e543a80881 None None] Extended resource: rbac-policies {{(pid=119870) __init__ /opt/stack/neutron/neutron/api/extensions.py:157}}
Sep 09 02:50:06 ubuntu neutron-server[119870]: DEBUG neutron.api.extensions [None req-56131683-9aad-4ef8-85f7-08e543a80881 None None] Extended resource: security-groups {{(pid=119870) __init__ /opt/stack/neutron/neutron/api/extensions.py:157}}
Sep 09 02:50:06 ubuntu neutron-server[119870]: DEBUG neutron.api.extensions [None req-56131683-9aad-4ef8-85f7-08e543a80881 None None] Extended resource: security-group-rules {{(pid=119870) __init__ /opt/stack/neutron/neutron/api/extensions.py:157}}
Sep 09 02:50:06 ubuntu neutron-server[119870]: DEBUG neutron.api.extensions [None req-56131683-9aad-4ef8-85f7-08e543a80881 None None] Extended resource: service-providers {{(pid=119870) __init__ /opt/stack/neutron/neutron/api/extensions.py:157}}
Sep 09 02:50:06 ubuntu neutron-server[119870]: DEBUG neutron.api.extensions [None req-56131683-9aad-4ef8-85f7-08e543a80881 None None] Extended resource: tags {{(pid=119870) __init__ /opt/stack/neutron/neutron/api/extensions.py:157}}
Sep 09 02:50:06 ubuntu neutron-server[119870]: DEBUG neutron.api.extensions [None req-56131683-9aad-4ef8-85f7-08e543a80881 None None] Extended resource: tags {{(pid=119870) __init__ /opt/stack/neutron/neutron/api/extensions.py:157}}
Sep 09 02:50:06 ubuntu neutron-server[119870]: DEBUG neutron.api.extensions [None req-56131683-9aad-4ef8-85f7-08e543a80881 None None] Extended resource: tags {{(pid=119870) __init__ /opt/stack/neutron/neutron/api/extensions.py:157}}
Sep 09 02:50:06 ubuntu neutron-server[119870]: DEBUG neutron.api.extensions [None req-56131683-9aad-4ef8-85f7-08e543a80881 None None] Extended resource: tags {{(pid=119870) __init__ /opt/stack/neutron/neutron/api/extensions.py:157}}
Sep 09 02:50:06 ubuntu neutron-server[119870]: DEBUG neutron.api.extensions [None req-56131683-9aad-4ef8-85f7-08e543a80881 None None] Extended resource: tags {{(pid=119870) __init__ /opt/stack/neutron/neutron/api/extensions.py:157}}
Sep 09 02:50:06 ubuntu neutron-server[119870]: DEBUG neutron.api.extensions [None req-56131683-9aad-4ef8-85f7-08e543a80881 None None] Extended resource: tags {{(pid=119870) __init__ /opt/stack/neutron/neutron/api/extensions.py:157}}
Sep 09 02:50:06 ubuntu neutron-server[119870]: DEBUG neutron.api.extensions [None req-56131683-9aad-4ef8-85f7-08e543a80881 None None] Extended resource: tags {{(pid=119870) __init__ /opt/stack/neutron/neutron/api/extensions.py:157}}
Sep 09 02:50:06 ubuntu neutron-server[119870]: DEBUG neutron.api.extensions [None req-56131683-9aad-4ef8-85f7-08e543a80881 None None] Extended resource: tags {{(pid=119870) __init__ /opt/stack/neutron/neutron/api/extensions.py:157}}
Sep 09 02:50:06 ubuntu neutron-server[119870]: DEBUG neutron.api.extensions [None req-56131683-9aad-4ef8-85f7-08e543a80881 None None] Extended resource: tags {{(pid=119870) __init__ /opt/stack/neutron/neutron/api/extensions.py:157}}
Sep 09 02:50:06 ubuntu neutron-server[119870]: DEBUG neutron.api.extensions [None req-56131683-9aad-4ef8-85f7-08e543a80881 None None] Extended resource: tags {{(pid=119870) __init__ /opt/stack/neutron/neutron/api/extensions.py:157}}
Sep 09 02:50:06 ubuntu neutron-server[119870]: WARNING keystonemiddleware.auth_token [None req-56131683-9aad-4ef8-85f7-08e543a80881 None None] AuthToken middleware is set with keystone_authtoken.service_token_roles_required set to False. This is backwards compatible but deprecated behaviour. Please set this to True.
Sep 09 02:50:06 ubuntu neutron-server[119870]: WARNING keystonemiddleware.auth_token [None req-56131683-9aad-4ef8-85f7-08e543a80881 None None] Configuring www_authenticate_uri to point to the public identity endpoint is required; clients may not be able to authenticate against an admin endpoint
Sep 09 02:50:06 ubuntu neutron-server[119870]: DEBUG oslo_concurrency.lockutils [None req-56131683-9aad-4ef8-85f7-08e543a80881 None None] Acquiring lock "singleton_lock" {{(pid=119870) lock /usr/local/lib/python3.8/dist-packages/oslo_concurrency/lockutils.py:312}}
Sep 09 02:50:06 ubuntu neutron-server[119870]: DEBUG oslo_concurrency.lockutils [None req-56131683-9aad-4ef8-85f7-08e543a80881 None None] Acquired lock "singleton_lock" {{(pid=119870) lock /usr/local/lib/python3.8/dist-packages/oslo_concurrency/lockutils.py:315}}
Sep 09 02:50:06 ubuntu neutron-server[119870]: DEBUG oslo_concurrency.lockutils [None req-56131683-9aad-4ef8-85f7-08e543a80881 None None] Releasing lock "singleton_lock" {{(pid=119870) lock /usr/local/lib/python3.8/dist-packages/oslo_concurrency/lockutils.py:333}}
Sep 09 02:50:06 ubuntu neutron-server[119870]: INFO oslo_service.service [None req-56131683-9aad-4ef8-85f7-08e543a80881 None None] Starting 2 workers
Sep 09 02:50:06 ubuntu neutron-server[119870]: DEBUG oslo_service.service [None req-56131683-9aad-4ef8-85f7-08e543a80881 None None] Started child 120090 {{(pid=119870) _start_child /usr/local/lib/python3.8/dist-packages/oslo_service/service.py:575}}
Sep 09 02:50:06 ubuntu neutron-server[119870]: DEBUG oslo_service.service [None req-56131683-9aad-4ef8-85f7-08e543a80881 None None] Started child 120091 {{(pid=119870) _start_child /usr/local/lib/python3.8/dist-packages/oslo_service/service.py:575}}
Sep 09 02:50:06 ubuntu neutron-server[119870]: INFO neutron.service [None req-56131683-9aad-4ef8-85f7-08e543a80881 None None] Neutron service started, listening on 0.0.0.0:9696
Sep 09 02:50:06 ubuntu neutron-server[119870]: DEBUG neutron_lib.callbacks.manager [None req-56131683-9aad-4ef8-85f7-08e543a80881 None None] Publish callbacks ['neutron.plugins.ml2.drivers.ovn.mech_driver.mech_driver.OVNMechanismDriver.pre_fork_initialize-1743121'] for process (None), before_spawn {{(pid=119870) _notify_loop /usr/local/lib/python3.8/dist-packages/neutron_lib/callbacks/manager.py:176}}
Sep 09 02:50:06 ubuntu neutron-server[120090]: DEBUG neutron_lib.callbacks.manager [-] Publish callbacks ['neutron.plugins.ml2.drivers.ovn.mech_driver.mech_driver.OVNMechanismDriver.post_fork_initialize-1743213'] for process (None), after_init {{(pid=120090) _notify_loop /usr/local/lib/python3.8/dist-packages/neutron_lib/callbacks/manager.py:176}}
Sep 09 02:50:06 ubuntu neutron-server[120091]: DEBUG neutron_lib.callbacks.manager [-] Publish callbacks ['neutron.plugins.ml2.drivers.ovn.mech_driver.mech_driver.OVNMechanismDriver.post_fork_initialize-1743213'] for process (None), after_init {{(pid=120091) _notify_loop /usr/local/lib/python3.8/dist-packages/neutron_lib/callbacks/manager.py:176}}
Sep 09 02:50:06 ubuntu neutron-server[120090]: DEBUG dbcounter [-] [120090] Writer thread running {{(pid=120090) stat_writer /usr/local/lib/python3.8/dist-packages/dbcounter.py:99}}
Sep 09 02:50:06 ubuntu neutron-server[120091]: DEBUG dbcounter [-] [120091] Writer thread running {{(pid=120091) stat_writer /usr/local/lib/python3.8/dist-packages/dbcounter.py:99}}
Sep 09 02:50:06 ubuntu neutron-server[119870]: DEBUG ovsdbapp.backend.ovs_idl [None req-56131683-9aad-4ef8-85f7-08e543a80881 None None] Created schema index Port_Group.name {{(pid=119870) autocreate_indices /usr/local/lib/python3.8/dist-packages/ovsdbapp/backend/ovs_idl/__init__.py:104}}
Sep 09 02:50:06 ubuntu neutron-server[119870]: DEBUG ovsdbapp.backend.ovs_idl [None req-56131683-9aad-4ef8-85f7-08e543a80881 None None] Created schema index Logical_Switch_Port.name {{(pid=119870) autocreate_indices /usr/local/lib/python3.8/dist-packages/ovsdbapp/backend/ovs_idl/__init__.py:104}}
Sep 09 02:50:06 ubuntu neutron-server[120090]: INFO neutron.plugins.ml2.drivers.ovn.mech_driver.ovsdb.impl_idl_ovn [None req-40946ac2-b01c-4b14-977e-4a7356b47441 None None] Getting OvsdbNbOvnIdl for WorkerService with retry
Sep 09 02:50:06 ubuntu neutron-server[120091]: INFO neutron.plugins.ml2.drivers.ovn.mech_driver.ovsdb.impl_idl_ovn [None req-f2af7d61-f817-4868-881a-c5bb20a4815b None None] Getting OvsdbNbOvnIdl for WorkerService with retry
Sep 09 02:50:06 ubuntu neutron-server[119870]: DEBUG ovsdbapp.backend.ovs_idl.transaction [-] Running txn n=1 command(idx=0): PgAddCommand(name=neutron_pg_drop, may_exist=True, columns={'acls': []}) {{(pid=119870) do_commit /usr/local/lib/python3.8/dist-packages/ovsdbapp/backend/ovs_idl/transaction.py:90}}
Sep 09 02:50:06 ubuntu neutron-server[119870]: DEBUG ovsdbapp.backend.ovs_idl.transaction [-] Running txn n=1 command(idx=1): PgAclAddCommand(entity=neutron_pg_drop, direction=from-lport, priority=1001, match=inport == @neutron_pg_drop && ip, action=drop, log=False, may_exist=True, severity=[], name=[], meter=None, external_ids={}) {{(pid=119870) do_commit /usr/local/lib/python3.8/dist-packages/ovsdbapp/backend/ovs_idl/transaction.py:90}}
Sep 09 02:50:06 ubuntu neutron-server[119870]: DEBUG ovsdbapp.backend.ovs_idl.transaction [-] Running txn n=1 command(idx=2): PgAclAddCommand(entity=neutron_pg_drop, direction=to-lport, priority=1001, match=outport == @neutron_pg_drop && ip, action=drop, log=False, may_exist=True, severity=[], name=[], meter=None, external_ids={}) {{(pid=119870) do_commit /usr/local/lib/python3.8/dist-packages/ovsdbapp/backend/ovs_idl/transaction.py:90}}
Sep 09 02:50:06 ubuntu neutron-server[119870]: DEBUG ovsdbapp.backend.ovs_idl.event [-] Matched CREATE: NeutronPgDropPortGroupCreated(events=('create',), table='Port_Group', conditions=(('name', '=', 'neutron_pg_drop'),), old_conditions=None), priority=10 to row=Port_Group(name=neutron_pg_drop, ports=[], external_ids={}, acls=[<ovs.db.idl.Row object at 0x7f4f0a91c4f0>, <ovs.db.idl.Row object at 0x7f4f0a91c400>]) old= {{(pid=119870) matches /usr/local/lib/python3.8/dist-packages/ovsdbapp/backend/ovs_idl/event.py:43}}
Sep 09 02:50:06 ubuntu neutron-server[120090]: DEBUG ovsdbapp.backend.ovs_idl [None req-40946ac2-b01c-4b14-977e-4a7356b47441 None None] Created lookup_table index Logical_Switch.name {{(pid=120090) autocreate_indices /usr/local/lib/python3.8/dist-packages/ovsdbapp/backend/ovs_idl/__init__.py:85}}
Sep 09 02:50:06 ubuntu neutron-server[120090]: DEBUG ovsdbapp.backend.ovs_idl [None req-40946ac2-b01c-4b14-977e-4a7356b47441 None None] Created lookup_table index Logical_Router.name {{(pid=120090) autocreate_indices /usr/local/lib/python3.8/dist-packages/ovsdbapp/backend/ovs_idl/__init__.py:85}}
Sep 09 02:50:06 ubuntu neutron-server[120090]: DEBUG ovsdbapp.backend.ovs_idl [None req-40946ac2-b01c-4b14-977e-4a7356b47441 None None] Created lookup_table index Load_Balancer.name {{(pid=120090) autocreate_indices /usr/local/lib/python3.8/dist-packages/ovsdbapp/backend/ovs_idl/__init__.py:85}}
Sep 09 02:50:06 ubuntu neutron-server[120090]: DEBUG ovsdbapp.backend.ovs_idl [None req-40946ac2-b01c-4b14-977e-4a7356b47441 None None] Created schema index Meter.name {{(pid=120090) autocreate_indices /usr/local/lib/python3.8/dist-packages/ovsdbapp/backend/ovs_idl/__init__.py:104}}
Sep 09 02:50:06 ubuntu neutron-server[120090]: DEBUG ovsdbapp.backend.ovs_idl [None req-40946ac2-b01c-4b14-977e-4a7356b47441 None None] Created schema index Address_Set.name {{(pid=120090) autocreate_indices /usr/local/lib/python3.8/dist-packages/ovsdbapp/backend/ovs_idl/__init__.py:104}}
Sep 09 02:50:06 ubuntu neutron-server[120090]: DEBUG ovsdbapp.backend.ovs_idl [None req-40946ac2-b01c-4b14-977e-4a7356b47441 None None] Created schema index HA_Chassis_Group.name {{(pid=120090) autocreate_indices /usr/local/lib/python3.8/dist-packages/ovsdbapp/backend/ovs_idl/__init__.py:104}}
Sep 09 02:50:06 ubuntu neutron-server[120090]: DEBUG ovsdbapp.backend.ovs_idl [None req-40946ac2-b01c-4b14-977e-4a7356b47441 None None] Created schema index Connection.target {{(pid=120090) autocreate_indices /usr/local/lib/python3.8/dist-packages/ovsdbapp/backend/ovs_idl/__init__.py:104}}
Sep 09 02:50:06 ubuntu neutron-server[119870]: DEBUG ovsdbapp.backend.ovs_idl [None req-56131683-9aad-4ef8-85f7-08e543a80881 None None] Created lookup_table index Logical_Switch.name {{(pid=119870) autocreate_indices /usr/local/lib/python3.8/dist-packages/ovsdbapp/backend/ovs_idl/__init__.py:85}}
Sep 09 02:50:06 ubuntu neutron-server[119870]: DEBUG ovsdbapp.backend.ovs_idl [None req-56131683-9aad-4ef8-85f7-08e543a80881 None None] Created lookup_table index Logical_Router.name {{(pid=119870) autocreate_indices /usr/local/lib/python3.8/dist-packages/ovsdbapp/backend/ovs_idl/__init__.py:85}}
Sep 09 02:50:06 ubuntu neutron-server[119870]: DEBUG ovsdbapp.backend.ovs_idl [None req-56131683-9aad-4ef8-85f7-08e543a80881 None None] Created lookup_table index Load_Balancer.name {{(pid=119870) autocreate_indices /usr/local/lib/python3.8/dist-packages/ovsdbapp/backend/ovs_idl/__init__.py:85}}
Sep 09 02:50:06 ubuntu neutron-server[119870]: DEBUG ovsdbapp.backend.ovs_idl [None req-56131683-9aad-4ef8-85f7-08e543a80881 None None] Created schema index Meter.name {{(pid=119870) autocreate_indices /usr/local/lib/python3.8/dist-packages/ovsdbapp/backend/ovs_idl/__init__.py:104}}
Sep 09 02:50:06 ubuntu neutron-server[119870]: DEBUG ovsdbapp.backend.ovs_idl [None req-56131683-9aad-4ef8-85f7-08e543a80881 None None] Created schema index Address_Set.name {{(pid=119870) autocreate_indices /usr/local/lib/python3.8/dist-packages/ovsdbapp/backend/ovs_idl/__init__.py:104}}
Sep 09 02:50:06 ubuntu neutron-server[119870]: DEBUG ovsdbapp.backend.ovs_idl [None req-56131683-9aad-4ef8-85f7-08e543a80881 None None] Created schema index HA_Chassis_Group.name {{(pid=119870) autocreate_indices /usr/local/lib/python3.8/dist-packages/ovsdbapp/backend/ovs_idl/__init__.py:104}}
Sep 09 02:50:06 ubuntu neutron-server[120090]: DEBUG ovsdbapp.backend.ovs_idl [None req-40946ac2-b01c-4b14-977e-4a7356b47441 None None] Created schema index Gateway_Chassis.name {{(pid=120090) autocreate_indices /usr/local/lib/python3.8/dist-packages/ovsdbapp/backend/ovs_idl/__init__.py:104}}
Sep 09 02:50:06 ubuntu neutron-server[119870]: DEBUG ovsdbapp.backend.ovs_idl [None req-56131683-9aad-4ef8-85f7-08e543a80881 None None] Created schema index Connection.target {{(pid=119870) autocreate_indices /usr/local/lib/python3.8/dist-packages/ovsdbapp/backend/ovs_idl/__init__.py:104}}
Sep 09 02:50:06 ubuntu neutron-server[119870]: DEBUG ovsdbapp.backend.ovs_idl [None req-56131683-9aad-4ef8-85f7-08e543a80881 None None] Created schema index Gateway_Chassis.name {{(pid=119870) autocreate_indices /usr/local/lib/python3.8/dist-packages/ovsdbapp/backend/ovs_idl/__init__.py:104}}
Sep 09 02:50:06 ubuntu neutron-server[119870]: DEBUG ovsdbapp.backend.ovs_idl [None req-56131683-9aad-4ef8-85f7-08e543a80881 None None] Created schema index Logical_Router_Port.name {{(pid=119870) autocreate_indices /usr/local/lib/python3.8/dist-packages/ovsdbapp/backend/ovs_idl/__init__.py:104}}
Sep 09 02:50:06 ubuntu neutron-server[119870]: DEBUG ovsdbapp.backend.ovs_idl [None req-56131683-9aad-4ef8-85f7-08e543a80881 None None] Created schema index Port_Group.name {{(pid=119870) autocreate_indices /usr/local/lib/python3.8/dist-packages/ovsdbapp/backend/ovs_idl/__init__.py:104}}
Sep 09 02:50:06 ubuntu neutron-server[120090]: DEBUG ovsdbapp.backend.ovs_idl [None req-40946ac2-b01c-4b14-977e-4a7356b47441 None None] Created schema index Logical_Router_Port.name {{(pid=120090) autocreate_indices /usr/local/lib/python3.8/dist-packages/ovsdbapp/backend/ovs_idl/__init__.py:104}}
Sep 09 02:50:06 ubuntu neutron-server[119870]: DEBUG ovsdbapp.backend.ovs_idl [None req-56131683-9aad-4ef8-85f7-08e543a80881 None None] Created schema index Logical_Switch_Port.name {{(pid=119870) autocreate_indices /usr/local/lib/python3.8/dist-packages/ovsdbapp/backend/ovs_idl/__init__.py:104}}
Sep 09 02:50:06 ubuntu neutron-server[120090]: DEBUG ovsdbapp.backend.ovs_idl [None req-40946ac2-b01c-4b14-977e-4a7356b47441 None None] Created schema index Port_Group.name {{(pid=120090) autocreate_indices /usr/local/lib/python3.8/dist-packages/ovsdbapp/backend/ovs_idl/__init__.py:104}}
Sep 09 02:50:06 ubuntu neutron-server[120090]: DEBUG ovsdbapp.backend.ovs_idl [None req-40946ac2-b01c-4b14-977e-4a7356b47441 None None] Created schema index Logical_Switch_Port.name {{(pid=120090) autocreate_indices /usr/local/lib/python3.8/dist-packages/ovsdbapp/backend/ovs_idl/__init__.py:104}}
Sep 09 02:50:06 ubuntu neutron-server[120090]: INFO ovsdbapp.backend.ovs_idl.vlog [None req-40946ac2-b01c-4b14-977e-4a7356b47441 None None] tcp:192.168.79.39:6641: connecting...
Sep 09 02:50:06 ubuntu neutron-server[120090]: INFO ovsdbapp.backend.ovs_idl.vlog [None req-40946ac2-b01c-4b14-977e-4a7356b47441 None None] tcp:192.168.79.39:6641: connected
Sep 09 02:50:06 ubuntu neutron-server[120091]: DEBUG ovsdbapp.backend.ovs_idl [None req-f2af7d61-f817-4868-881a-c5bb20a4815b None None] Created lookup_table index Logical_Switch.name {{(pid=120091) autocreate_indices /usr/local/lib/python3.8/dist-packages/ovsdbapp/backend/ovs_idl/__init__.py:85}}
Sep 09 02:50:06 ubuntu neutron-server[120091]: DEBUG ovsdbapp.backend.ovs_idl [None req-f2af7d61-f817-4868-881a-c5bb20a4815b None None] Created lookup_table index Logical_Router.name {{(pid=120091) autocreate_indices /usr/local/lib/python3.8/dist-packages/ovsdbapp/backend/ovs_idl/__init__.py:85}}
Sep 09 02:50:06 ubuntu neutron-server[120091]: DEBUG ovsdbapp.backend.ovs_idl [None req-f2af7d61-f817-4868-881a-c5bb20a4815b None None] Created lookup_table index Load_Balancer.name {{(pid=120091) autocreate_indices /usr/local/lib/python3.8/dist-packages/ovsdbapp/backend/ovs_idl/__init__.py:85}}
Sep 09 02:50:06 ubuntu neutron-server[120091]: DEBUG ovsdbapp.backend.ovs_idl [None req-f2af7d61-f817-4868-881a-c5bb20a4815b None None] Created schema index Meter.name {{(pid=120091) autocreate_indices /usr/local/lib/python3.8/dist-packages/ovsdbapp/backend/ovs_idl/__init__.py:104}}
Sep 09 02:50:06 ubuntu neutron-server[120091]: DEBUG ovsdbapp.backend.ovs_idl [None req-f2af7d61-f817-4868-881a-c5bb20a4815b None None] Created schema index Address_Set.name {{(pid=120091) autocreate_indices /usr/local/lib/python3.8/dist-packages/ovsdbapp/backend/ovs_idl/__init__.py:104}}
Sep 09 02:50:06 ubuntu neutron-server[120091]: DEBUG ovsdbapp.backend.ovs_idl [None req-f2af7d61-f817-4868-881a-c5bb20a4815b None None] Created schema index HA_Chassis_Group.name {{(pid=120091) autocreate_indices /usr/local/lib/python3.8/dist-packages/ovsdbapp/backend/ovs_idl/__init__.py:104}}
Sep 09 02:50:06 ubuntu neutron-server[120091]: DEBUG ovsdbapp.backend.ovs_idl [None req-f2af7d61-f817-4868-881a-c5bb20a4815b None None] Created schema index Connection.target {{(pid=120091) autocreate_indices /usr/local/lib/python3.8/dist-packages/ovsdbapp/backend/ovs_idl/__init__.py:104}}
Sep 09 02:50:06 ubuntu neutron-server[120091]: DEBUG ovsdbapp.backend.ovs_idl [None req-f2af7d61-f817-4868-881a-c5bb20a4815b None None] Created schema index Gateway_Chassis.name {{(pid=120091) autocreate_indices /usr/local/lib/python3.8/dist-packages/ovsdbapp/backend/ovs_idl/__init__.py:104}}
Sep 09 02:50:06 ubuntu neutron-server[120091]: DEBUG ovsdbapp.backend.ovs_idl [None req-f2af7d61-f817-4868-881a-c5bb20a4815b None None] Created schema index Logical_Router_Port.name {{(pid=120091) autocreate_indices /usr/local/lib/python3.8/dist-packages/ovsdbapp/backend/ovs_idl/__init__.py:104}}
Sep 09 02:50:06 ubuntu neutron-server[120091]: DEBUG ovsdbapp.backend.ovs_idl [None req-f2af7d61-f817-4868-881a-c5bb20a4815b None None] Created schema index Port_Group.name {{(pid=120091) autocreate_indices /usr/local/lib/python3.8/dist-packages/ovsdbapp/backend/ovs_idl/__init__.py:104}}
Sep 09 02:50:06 ubuntu neutron-server[120091]: DEBUG ovsdbapp.backend.ovs_idl [None req-f2af7d61-f817-4868-881a-c5bb20a4815b None None] Created schema index Logical_Switch_Port.name {{(pid=120091) autocreate_indices /usr/local/lib/python3.8/dist-packages/ovsdbapp/backend/ovs_idl/__init__.py:104}}
Sep 09 02:50:06 ubuntu neutron-server[120091]: INFO ovsdbapp.backend.ovs_idl.vlog [None req-f2af7d61-f817-4868-881a-c5bb20a4815b None None] tcp:192.168.79.39:6641: connecting...
Sep 09 02:50:06 ubuntu neutron-server[120091]: INFO ovsdbapp.backend.ovs_idl.vlog [None req-f2af7d61-f817-4868-881a-c5bb20a4815b None None] tcp:192.168.79.39:6641: connected
Sep 09 02:50:06 ubuntu neutron-server[119870]: DEBUG ovsdbapp.backend.ovs_idl [None req-56131683-9aad-4ef8-85f7-08e543a80881 None None] Created lookup_table index Chassis.name {{(pid=119870) autocreate_indices /usr/local/lib/python3.8/dist-packages/ovsdbapp/backend/ovs_idl/__init__.py:85}}
Sep 09 02:50:06 ubuntu neutron-server[119870]: DEBUG ovsdbapp.backend.ovs_idl [None req-56131683-9aad-4ef8-85f7-08e543a80881 None None] Created lookup_table index MAC_Binding.ip {{(pid=119870) autocreate_indices /usr/local/lib/python3.8/dist-packages/ovsdbapp/backend/ovs_idl/__init__.py:85}}
Sep 09 02:50:06 ubuntu neutron-server[119870]: DEBUG ovsdbapp.backend.ovs_idl [None req-56131683-9aad-4ef8-85f7-08e543a80881 None None] Created schema index Meter.name {{(pid=119870) autocreate_indices /usr/local/lib/python3.8/dist-packages/ovsdbapp/backend/ovs_idl/__init__.py:104}}
Sep 09 02:50:06 ubuntu neutron-server[119870]: DEBUG ovsdbapp.backend.ovs_idl [None req-56131683-9aad-4ef8-85f7-08e543a80881 None None] Created schema index Address_Set.name {{(pid=119870) autocreate_indices /usr/local/lib/python3.8/dist-packages/ovsdbapp/backend/ovs_idl/__init__.py:104}}
Sep 09 02:50:06 ubuntu neutron-server[119870]: DEBUG ovsdbapp.backend.ovs_idl [None req-56131683-9aad-4ef8-85f7-08e543a80881 None None] Created schema index HA_Chassis_Group.name {{(pid=119870) autocreate_indices /usr/local/lib/python3.8/dist-packages/ovsdbapp/backend/ovs_idl/__init__.py:104}}
Sep 09 02:50:06 ubuntu neutron-server[119870]: DEBUG ovsdbapp.backend.ovs_idl [None req-56131683-9aad-4ef8-85f7-08e543a80881 None None] Created schema index IP_Multicast.datapath {{(pid=119870) autocreate_indices /usr/local/lib/python3.8/dist-packages/ovsdbapp/backend/ovs_idl/__init__.py:104}}
Sep 09 02:50:06 ubuntu neutron-server[119870]: DEBUG ovsdbapp.backend.ovs_idl [None req-56131683-9aad-4ef8-85f7-08e543a80881 None None] Created schema index Connection.target {{(pid=119870) autocreate_indices /usr/local/lib/python3.8/dist-packages/ovsdbapp/backend/ovs_idl/__init__.py:104}}
Sep 09 02:50:06 ubuntu neutron-server[119870]: DEBUG ovsdbapp.backend.ovs_idl [None req-56131683-9aad-4ef8-85f7-08e543a80881 None None] Created schema index Gateway_Chassis.name {{(pid=119870) autocreate_indices /usr/local/lib/python3.8/dist-packages/ovsdbapp/backend/ovs_idl/__init__.py:104}}
Sep 09 02:50:06 ubuntu neutron-server[119870]: DEBUG ovsdbapp.backend.ovs_idl [None req-56131683-9aad-4ef8-85f7-08e543a80881 None None] Created schema index Port_Group.name {{(pid=119870) autocreate_indices /usr/local/lib/python3.8/dist-packages/ovsdbapp/backend/ovs_idl/__init__.py:104}}
Sep 09 02:50:06 ubuntu neutron-server[119870]: DEBUG ovsdbapp.backend.ovs_idl [None req-56131683-9aad-4ef8-85f7-08e543a80881 None None] Created schema index Datapath_Binding.tunnel_key {{(pid=119870) autocreate_indices /usr/local/lib/python3.8/dist-packages/ovsdbapp/backend/ovs_idl/__init__.py:104}}
Sep 09 02:50:06 ubuntu neutron-server[120090]: DEBUG neutron.common.ovn.hash_ring_manager [None req-40946ac2-b01c-4b14-977e-4a7356b47441 None None] Allow caching, nodes 2>=2 {{(pid=120090) _wait_startup_before_caching /opt/stack/neutron/neutron/common/ovn/hash_ring_manager.py:60}}
Sep 09 02:50:06 ubuntu neutron-server[119870]: INFO oslo_service.service [None req-56131683-9aad-4ef8-85f7-08e543a80881 None None] Starting 1 workers
Sep 09 02:50:06 ubuntu neutron-server[120091]: DEBUG neutron.common.ovn.hash_ring_manager [None req-f2af7d61-f817-4868-881a-c5bb20a4815b None None] Allow caching, nodes 2>=2 {{(pid=120091) _wait_startup_before_caching /opt/stack/neutron/neutron/common/ovn/hash_ring_manager.py:60}}
Sep 09 02:50:06 ubuntu neutron-server[120090]: DEBUG neutron.plugins.ml2.drivers.ovn.mech_driver.ovsdb.ovsdb_monitor [None req-40946ac2-b01c-4b14-977e-4a7356b47441 None None] Hash Ring: Node 974b83f7-ff1c-4485-985b-2e178766abde (host: ubuntu) handling event "create" for row cedb59ec-c103-4469-9c33-11bedfe193f9 (table: Database) {{(pid=120090) notify /opt/stack/neutron/neutron/plugins/ml2/drivers/ovn/mech_driver/ovsdb/ovsdb_monitor.py:743}}
Sep 09 02:50:06 ubuntu neutron-server[119870]: DEBUG oslo_service.service [None req-56131683-9aad-4ef8-85f7-08e543a80881 None None] Started child 120093 {{(pid=119870) _start_child /usr/local/lib/python3.8/dist-packages/oslo_service/service.py:575}}
Sep 09 02:50:06 ubuntu neutron-server[119870]: INFO oslo_service.service [None req-56131683-9aad-4ef8-85f7-08e543a80881 None None] Starting 1 workers
Sep 09 02:50:06 ubuntu neutron-server[120091]: DEBUG neutron.plugins.ml2.drivers.ovn.mech_driver.ovsdb.ovsdb_monitor [None req-f2af7d61-f817-4868-881a-c5bb20a4815b None None] Hash Ring: Node 95d65a8d-f060-419d-b0bb-1adbed73cd0b (host: ubuntu) handling event "create" for row 37be2f1a-78f0-4f26-b4d3-f902ec93849c (table: Database) {{(pid=120091) notify /opt/stack/neutron/neutron/plugins/ml2/drivers/ovn/mech_driver/ovsdb/ovsdb_monitor.py:743}}
Sep 09 02:50:06 ubuntu neutron-server[120090]: DEBUG neutron.plugins.ml2.drivers.ovn.mech_driver.ovsdb.ovsdb_monitor [None req-40946ac2-b01c-4b14-977e-4a7356b47441 None None] Hash Ring: Node 974b83f7-ff1c-4485-985b-2e178766abde (host: ubuntu) handling event "create" for row 01a0fd3d-d3fd-4690-bad2-2c21165b7c1e (table: Port_Group) {{(pid=120090) notify /opt/stack/neutron/neutron/plugins/ml2/drivers/ovn/mech_driver/ovsdb/ovsdb_monitor.py:743}}
Sep 09 02:50:06 ubuntu neutron-server[120090]: DEBUG neutron.plugins.ml2.drivers.ovn.mech_driver.ovsdb.ovsdb_monitor [None req-40946ac2-b01c-4b14-977e-4a7356b47441 None None] Hash Ring: Node 974b83f7-ff1c-4485-985b-2e178766abde (host: ubuntu) handling event "create" for row 57882c72-beec-4e21-967a-932aa3ba5eb4 (table: ACL) {{(pid=120090) notify /opt/stack/neutron/neutron/plugins/ml2/drivers/ovn/mech_driver/ovsdb/ovsdb_monitor.py:743}}
Sep 09 02:50:06 ubuntu neutron-server[120090]: DEBUG neutron.plugins.ml2.drivers.ovn.mech_driver.ovsdb.ovsdb_monitor [None req-40946ac2-b01c-4b14-977e-4a7356b47441 None None] Hash Ring: Node 974b83f7-ff1c-4485-985b-2e178766abde (host: ubuntu) handling event "create" for row bb8f54e9-f80a-4d07-86d4-47100055b9d8 (table: Connection) {{(pid=120090) notify /opt/stack/neutron/neutron/plugins/ml2/drivers/ovn/mech_driver/ovsdb/ovsdb_monitor.py:743}}
Sep 09 02:50:06 ubuntu neutron-server[119870]: DEBUG oslo_service.service [None req-56131683-9aad-4ef8-85f7-08e543a80881 None None] Started child 120094 {{(pid=119870) _start_child /usr/local/lib/python3.8/dist-packages/oslo_service/service.py:575}}
Sep 09 02:50:06 ubuntu neutron-server[120091]: DEBUG neutron.plugins.ml2.drivers.ovn.mech_driver.ovsdb.ovsdb_monitor [None req-f2af7d61-f817-4868-881a-c5bb20a4815b None None] Hash Ring: Node 95d65a8d-f060-419d-b0bb-1adbed73cd0b (host: ubuntu) handling event "create" for row 8e19d382-ec97-4a9d-b163-e66abb72036a (table: NB_Global) {{(pid=120091) notify /opt/stack/neutron/neutron/plugins/ml2/drivers/ovn/mech_driver/ovsdb/ovsdb_monitor.py:743}}
Sep 09 02:50:06 ubuntu neutron-server[119870]: INFO oslo_service.service [None req-56131683-9aad-4ef8-85f7-08e543a80881 None None] Starting 1 workers
Sep 09 02:50:06 ubuntu neutron-server[120091]: DEBUG neutron.plugins.ml2.drivers.ovn.mech_driver.ovsdb.ovsdb_monitor [None req-f2af7d61-f817-4868-881a-c5bb20a4815b None None] Hash Ring: Node 95d65a8d-f060-419d-b0bb-1adbed73cd0b (host: ubuntu) handling event "create" for row 45ba3e5e-b4bf-4cc7-b27c-de802e0fd26c (table: ACL) {{(pid=120091) notify /opt/stack/neutron/neutron/plugins/ml2/drivers/ovn/mech_driver/ovsdb/ovsdb_monitor.py:743}}
Sep 09 02:50:06 ubuntu neutron-server[120090]: INFO neutron.plugins.ml2.drivers.ovn.mech_driver.ovsdb.impl_idl_ovn [None req-40946ac2-b01c-4b14-977e-4a7356b47441 None None] Getting OvsdbSbOvnIdl for WorkerService with retry
Sep 09 02:50:06 ubuntu neutron-server[120091]: INFO neutron.plugins.ml2.drivers.ovn.mech_driver.ovsdb.impl_idl_ovn [None req-f2af7d61-f817-4868-881a-c5bb20a4815b None None] Getting OvsdbSbOvnIdl for WorkerService with retry
Sep 09 02:50:06 ubuntu neutron-server[120093]: DEBUG neutron.service [None req-56131683-9aad-4ef8-85f7-08e543a80881 None None] calling RpcWorker wait() {{(pid=120093) _wait /opt/stack/neutron/neutron/service.py:128}}
Sep 09 02:50:06 ubuntu neutron-server[120093]: DEBUG neutron.service [None req-56131683-9aad-4ef8-85f7-08e543a80881 None None] returning from RpcWorker wait() {{(pid=120093) _wait /opt/stack/neutron/neutron/service.py:135}}
Sep 09 02:50:06 ubuntu neutron-server[119870]: DEBUG oslo_service.service [None req-56131683-9aad-4ef8-85f7-08e543a80881 None None] Started child 120095 {{(pid=119870) _start_child /usr/local/lib/python3.8/dist-packages/oslo_service/service.py:575}}
Sep 09 02:50:06 ubuntu neutron-server[120093]: DEBUG neutron_lib.callbacks.manager [-] Publish callbacks ['neutron.plugins.ml2.drivers.ovn.mech_driver.mech_driver.OVNMechanismDriver.post_fork_initialize-1743213'] for process (None), after_init {{(pid=120093) _notify_loop /usr/local/lib/python3.8/dist-packages/neutron_lib/callbacks/manager.py:176}}
Sep 09 02:50:06 ubuntu neutron-server[119870]: DEBUG neutron_lib.callbacks.manager [None req-56131683-9aad-4ef8-85f7-08e543a80881 None None] Publish callbacks [] for process (None), after_spawn {{(pid=119870) _notify_loop /usr/local/lib/python3.8/dist-packages/neutron_lib/callbacks/manager.py:176}}
Sep 09 02:50:06 ubuntu neutron-server[120093]: INFO neutron.plugins.ml2.drivers.ovn.mech_driver.ovsdb.impl_idl_ovn [-] Getting OvsdbNbOvnIdl for RpcWorker with retry
Sep 09 02:50:06 ubuntu neutron-server[119870]: DEBUG oslo_service.service [-] Full set of CONF: {{(pid=119870) wait /usr/local/lib/python3.8/dist-packages/oslo_service/service.py:649}}
Sep 09 02:50:06 ubuntu neutron-server[119870]: DEBUG oslo_service.service [-] ******************************************************************************** {{(pid=119870) log_opt_values /usr/local/lib/python3.8/dist-packages/oslo_config/cfg.py:2589}}
Sep 09 02:50:06 ubuntu neutron-server[119870]: DEBUG oslo_service.service [-] Configuration options gathered from: {{(pid=119870) log_opt_values /usr/local/lib/python3.8/dist-packages/oslo_config/cfg.py:2590}}
Sep 09 02:50:06 ubuntu neutron-server[119870]: DEBUG oslo_service.service [-] command line args: ['--config-file', '/etc/neutron/neutron.conf', '--config-file', '/etc/neutron/plugins/ml2/ml2_conf.ini'] {{(pid=119870) log_opt_values /usr/local/lib/python3.8/dist-packages/oslo_config/cfg.py:2591}}
Sep 09 02:50:06 ubuntu neutron-server[119870]: DEBUG oslo_service.service [-] config files: ['/etc/neutron/neutron.conf', '/etc/neutron/plugins/ml2/ml2_conf.ini'] {{(pid=119870) log_opt_values /usr/local/lib/python3.8/dist-packages/oslo_config/cfg.py:2592}}
Sep 09 02:50:06 ubuntu neutron-server[120090]: DEBUG ovsdbapp.backend.ovs_idl [None req-40946ac2-b01c-4b14-977e-4a7356b47441 None None] Created lookup_table index Chassis.name {{(pid=120090) autocreate_indices /usr/local/lib/python3.8/dist-packages/ovsdbapp/backend/ovs_idl/__init__.py:85}}
Sep 09 02:50:06 ubuntu neutron-server[119870]: DEBUG oslo_service.service [-] ================================================================================ {{(pid=119870) log_opt_values /usr/local/lib/python3.8/dist-packages/oslo_config/cfg.py:2594}}
Sep 09 02:50:06 ubuntu neutron-server[120090]: DEBUG ovsdbapp.backend.ovs_idl [None req-40946ac2-b01c-4b14-977e-4a7356b47441 None None] Created schema index Datapath_Binding.tunnel_key {{(pid=120090) autocreate_indices /usr/local/lib/python3.8/dist-packages/ovsdbapp/backend/ovs_idl/__init__.py:104}}
Sep 09 02:50:06 ubuntu neutron-server[119870]: DEBUG oslo_service.service [-] agent_down_time                = 75 {{(pid=119870) log_opt_values /usr/local/lib/python3.8/dist-packages/oslo_config/cfg.py:2602}}
Sep 09 02:50:06 ubuntu neutron-server[120090]: DEBUG ovsdbapp.backend.ovs_idl [None req-40946ac2-b01c-4b14-977e-4a7356b47441 None None] Created schema index Connection.target {{(pid=120090) autocreate_indices /usr/local/lib/python3.8/dist-packages/ovsdbapp/backend/ovs_idl/__init__.py:104}}
Sep 09 02:50:06 ubuntu neutron-server[119870]: DEBUG oslo_service.service [-] allow_automatic_dhcp_failover  = True {{(pid=119870) log_opt_values /usr/local/lib/python3.8/dist-packages/oslo_config/cfg.py:2602}}
Sep 09 02:50:06 ubuntu neutron-server[119870]: DEBUG oslo_service.service [-] allow_bulk                     = True {{(pid=119870) log_opt_values /usr/local/lib/python3.8/dist-packages/oslo_config/cfg.py:2602}}
Sep 09 02:50:06 ubuntu neutron-server[120090]: INFO ovsdbapp.backend.ovs_idl.vlog [None req-40946ac2-b01c-4b14-977e-4a7356b47441 None None] tcp:192.168.79.39:6642: connecting...
Sep 09 02:50:06 ubuntu neutron-server[119870]: DEBUG oslo_service.service [-] allowed_conntrack_helpers      = [{'amanda': 'tcp'}, {'ftp': 'tcp'}, {'h323': 'udp'}, {'h323': 'tcp'}, {'irc': 'tcp'}, {'netbios-ns': 'udp'}, {'pptp': 'tcp'}, {'sane': 'tcp'}, {'sip': 'udp'}, {'sip': 'tcp'}, {'snmp': 'udp'}, {'tftp': 'udp'}] {{(pid=119870) log_opt_values /usr/local/lib/python3.8/dist-packages/oslo_config/cfg.py:2602}}
Sep 09 02:50:06 ubuntu neutron-server[119870]: DEBUG oslo_service.service [-] api_extensions_path            =  {{(pid=119870) log_opt_values /usr/local/lib/python3.8/dist-packages/oslo_config/cfg.py:2602}}
Sep 09 02:50:06 ubuntu neutron-server[120090]: INFO ovsdbapp.backend.ovs_idl.vlog [None req-40946ac2-b01c-4b14-977e-4a7356b47441 None None] tcp:192.168.79.39:6642: connected
Sep 09 02:50:06 ubuntu neutron-server[119870]: DEBUG oslo_service.service [-] api_paste_config               = api-paste.ini {{(pid=119870) log_opt_values /usr/local/lib/python3.8/dist-packages/oslo_config/cfg.py:2602}}
