Sep 01 19:19:38 ubuntu neutron-server[113721]: DEBUG neutron.api.extensions [None req-5c9ce235-8b84-4a50-b51c-ba68ad9b96df None None] Loading extension file: timestamp.py {{(pid=113721) _load_all_extensions_from_path /opt/stack/neutron/neutron/api/extensions.py:450}}
Sep 01 19:19:38 ubuntu neutron-server[113721]: DEBUG neutron.api.extensions [None req-5c9ce235-8b84-4a50-b51c-ba68ad9b96df None None] Ext name="Resource timestamps" alias="standard-attr-timestamp" description="Adds created_at and updated_at fields to all Neutron resources that have Neutron standard attributes." updated="2016-09-12T10:00:00-00:00" {{(pid=113721) _check_extension /opt/stack/neutron/neutron/api/extensions.py:416}}
Sep 01 19:19:38 ubuntu neutron-server[113721]: INFO neutron.api.extensions [None req-5c9ce235-8b84-4a50-b51c-ba68ad9b96df None None] Loaded extension: standard-attr-timestamp
Sep 01 19:19:38 ubuntu neutron-server[113721]: DEBUG neutron.api.extensions [None req-5c9ce235-8b84-4a50-b51c-ba68ad9b96df None None] Loading extension file: trunk.py {{(pid=113721) _load_all_extensions_from_path /opt/stack/neutron/neutron/api/extensions.py:450}}
Sep 01 19:19:38 ubuntu neutron-server[113721]: DEBUG neutron.api.extensions [None req-5c9ce235-8b84-4a50-b51c-ba68ad9b96df None None] Ext name="Trunk Extension" alias="trunk" description="Provides support for trunk ports" updated="2016-01-01T10:00:00-00:00" {{(pid=113721) _check_extension /opt/stack/neutron/neutron/api/extensions.py:416}}
Sep 01 19:19:38 ubuntu neutron-server[113721]: INFO neutron.api.extensions [None req-5c9ce235-8b84-4a50-b51c-ba68ad9b96df None None] Extension trunk not supported by any of loaded plugins
Sep 01 19:19:38 ubuntu neutron-server[113721]: DEBUG neutron.api.extensions [None req-5c9ce235-8b84-4a50-b51c-ba68ad9b96df None None] Loading extension file: trunk_details.py {{(pid=113721) _load_all_extensions_from_path /opt/stack/neutron/neutron/api/extensions.py:450}}
Sep 01 19:19:38 ubuntu neutron-server[113721]: DEBUG neutron.api.extensions [None req-5c9ce235-8b84-4a50-b51c-ba68ad9b96df None None] Ext name="Trunk port details" alias="trunk-details" description="Expose trunk port details" updated="2016-01-01T10:00:00-00:00" {{(pid=113721) _check_extension /opt/stack/neutron/neutron/api/extensions.py:416}}
Sep 01 19:19:38 ubuntu neutron-server[113721]: INFO neutron.api.extensions [None req-5c9ce235-8b84-4a50-b51c-ba68ad9b96df None None] Extension trunk-details not supported by any of loaded plugins
Sep 01 19:19:38 ubuntu neutron-server[113721]: DEBUG neutron.api.extensions [None req-5c9ce235-8b84-4a50-b51c-ba68ad9b96df None None] Loading extension file: uplink_status_propagation.py {{(pid=113721) _load_all_extensions_from_path /opt/stack/neutron/neutron/api/extensions.py:450}}
Sep 01 19:19:38 ubuntu neutron-server[113721]: DEBUG neutron.api.extensions [None req-5c9ce235-8b84-4a50-b51c-ba68ad9b96df None None] Ext name="Uplink status propagation extension" alias="uplink-status-propagation" description="Provides ability to propagate port uplink status." updated="2018-05-31T18:00:00-00:00" {{(pid=113721) _check_extension /opt/stack/neutron/neutron/api/extensions.py:416}}
Sep 01 19:19:38 ubuntu neutron-server[113721]: INFO neutron.api.extensions [None req-5c9ce235-8b84-4a50-b51c-ba68ad9b96df None None] Extension uplink-status-propagation not supported by any of loaded plugins
Sep 01 19:19:38 ubuntu neutron-server[113721]: DEBUG neutron.api.extensions [None req-5c9ce235-8b84-4a50-b51c-ba68ad9b96df None None] Loading extension file: vlantransparent.py {{(pid=113721) _load_all_extensions_from_path /opt/stack/neutron/neutron/api/extensions.py:450}}
Sep 01 19:19:38 ubuntu neutron-server[113721]: DEBUG neutron.api.extensions [None req-5c9ce235-8b84-4a50-b51c-ba68ad9b96df None None] Ext name="Vlantransparent" alias="vlan-transparent" description="Provides Vlan Transparent Networks" updated="2015-03-23T09:00:00-00:00" {{(pid=113721) _check_extension /opt/stack/neutron/neutron/api/extensions.py:416}}
Sep 01 19:19:38 ubuntu neutron-server[113721]: INFO neutron.api.extensions [None req-5c9ce235-8b84-4a50-b51c-ba68ad9b96df None None] Extension vlan-transparent not supported by any of loaded plugins
Sep 01 19:19:38 ubuntu neutron-server[113721]: INFO neutron.quota.resource_registry [None req-5c9ce235-8b84-4a50-b51c-ba68ad9b96df None None] Creating instance of TrackedResource for resource:network
Sep 01 19:19:38 ubuntu neutron-server[113721]: INFO neutron.quota.resource_registry [None req-5c9ce235-8b84-4a50-b51c-ba68ad9b96df None None] Creating instance of TrackedResource for resource:subnet
Sep 01 19:19:38 ubuntu neutron-server[113721]: INFO neutron.quota.resource_registry [None req-5c9ce235-8b84-4a50-b51c-ba68ad9b96df None None] Creating instance of TrackedResource for resource:subnetpool
Sep 01 19:19:38 ubuntu neutron-server[113721]: INFO neutron.quota.resource_registry [None req-5c9ce235-8b84-4a50-b51c-ba68ad9b96df None None] Creating instance of TrackedResource for resource:port
Sep 01 19:19:38 ubuntu neutron-server[113721]: DEBUG neutron.api.v2.resource_helper [None req-5c9ce235-8b84-4a50-b51c-ba68ad9b96df None None] Service FLAVORS assigned prefix:  {{(pid=113721) build_resource_info /opt/stack/neutron/neutron/api/v2/resource_helper.py:77}}
Sep 01 19:19:38 ubuntu neutron-server[113721]: DEBUG neutron.api.v2.resource_helper [None req-5c9ce235-8b84-4a50-b51c-ba68ad9b96df None None] Service L3_ROUTER_NAT assigned prefix:  {{(pid=113721) build_resource_info /opt/stack/neutron/neutron/api/v2/resource_helper.py:77}}
Sep 01 19:19:38 ubuntu neutron-server[113721]: DEBUG neutron.api.v2.resource_helper [None req-5c9ce235-8b84-4a50-b51c-ba68ad9b96df None None] Service L3_ROUTER_NAT assigned prefix:  {{(pid=113721) build_resource_info /opt/stack/neutron/neutron/api/v2/resource_helper.py:77}}
Sep 01 19:19:38 ubuntu neutron-server[113721]: INFO neutron.quota.resource_registry [None req-5c9ce235-8b84-4a50-b51c-ba68ad9b96df None None] Creating instance of TrackedResource for resource:router
Sep 01 19:19:38 ubuntu neutron-server[113721]: INFO neutron.quota.resource_registry [None req-5c9ce235-8b84-4a50-b51c-ba68ad9b96df None None] Creating instance of TrackedResource for resource:floatingip
Sep 01 19:19:38 ubuntu neutron-server[113721]: DEBUG neutron_lib.callbacks.manager [None req-5c9ce235-8b84-4a50-b51c-ba68ad9b96df None None] Subscribe: <bound method NeutronDbPluginV2.validate_network_rbac_policy_change of <neutron.services.network_ip_availability.plugin.NetworkIPAvailabilityPlugin object at 0x7f067a202850>> rbac-policy before_create 55550000 {{(pid=113721) subscribe /usr/local/lib/python3.8/dist-packages/neutron_lib/callbacks/manager.py:45}}
Sep 01 19:19:38 ubuntu neutron-server[113721]: DEBUG neutron_lib.callbacks.manager [None req-5c9ce235-8b84-4a50-b51c-ba68ad9b96df None None] Subscribe: <bound method NeutronDbPluginV2.validate_network_rbac_policy_change of <neutron.services.network_ip_availability.plugin.NetworkIPAvailabilityPlugin object at 0x7f067a202850>> rbac-policy before_update 55550000 {{(pid=113721) subscribe /usr/local/lib/python3.8/dist-packages/neutron_lib/callbacks/manager.py:45}}
Sep 01 19:19:38 ubuntu neutron-server[113721]: DEBUG neutron_lib.callbacks.manager [None req-5c9ce235-8b84-4a50-b51c-ba68ad9b96df None None] Subscribe: <bound method NeutronDbPluginV2.validate_network_rbac_policy_change of <neutron.services.network_ip_availability.plugin.NetworkIPAvailabilityPlugin object at 0x7f067a202850>> rbac-policy before_delete 55550000 {{(pid=113721) subscribe /usr/local/lib/python3.8/dist-packages/neutron_lib/callbacks/manager.py:45}}
Sep 01 19:19:38 ubuntu neutron-server[113721]: INFO neutron.quota.resource_registry [None req-5c9ce235-8b84-4a50-b51c-ba68ad9b96df None None] Creating instance of CountableResource for resource:rbac_policy
Sep 01 19:19:38 ubuntu neutron-server[113721]: INFO neutron.quota.resource_registry [None req-5c9ce235-8b84-4a50-b51c-ba68ad9b96df None None] Creating instance of TrackedResource for resource:security_group
Sep 01 19:19:38 ubuntu neutron-server[113721]: INFO neutron.quota.resource_registry [None req-5c9ce235-8b84-4a50-b51c-ba68ad9b96df None None] Creating instance of TrackedResource for resource:security_group_rule
Sep 01 19:19:38 ubuntu neutron-server[113721]: DEBUG neutron.api.v2.resource_helper [None req-5c9ce235-8b84-4a50-b51c-ba68ad9b96df None None] Service FLAVORS assigned prefix:  {{(pid=113721) build_resource_info /opt/stack/neutron/neutron/api/v2/resource_helper.py:77}}
Sep 01 19:19:38 ubuntu neutron-server[113721]: DEBUG neutron.api.v2.resource_helper [None req-5c9ce235-8b84-4a50-b51c-ba68ad9b96df None None] Service L3_ROUTER_NAT assigned prefix:  {{(pid=113721) build_resource_info /opt/stack/neutron/neutron/api/v2/resource_helper.py:77}}
Sep 01 19:19:38 ubuntu neutron-server[113721]: DEBUG neutron.api.v2.resource_helper [None req-5c9ce235-8b84-4a50-b51c-ba68ad9b96df None None] Service L3_ROUTER_NAT assigned prefix:  {{(pid=113721) build_resource_info /opt/stack/neutron/neutron/api/v2/resource_helper.py:77}}
Sep 01 19:19:38 ubuntu neutron-server[113721]: INFO neutron.quota.resource_registry [None req-5c9ce235-8b84-4a50-b51c-ba68ad9b96df None None] Creating instance of TrackedResource for resource:router
Sep 01 19:19:38 ubuntu neutron-server[113721]: WARNING neutron.quota.resource_registry [None req-5c9ce235-8b84-4a50-b51c-ba68ad9b96df None None] router is already registered
Sep 01 19:19:38 ubuntu neutron-server[113721]: INFO neutron.quota.resource_registry [None req-5c9ce235-8b84-4a50-b51c-ba68ad9b96df None None] Creating instance of TrackedResource for resource:floatingip
Sep 01 19:19:38 ubuntu neutron-server[113721]: WARNING neutron.quota.resource_registry [None req-5c9ce235-8b84-4a50-b51c-ba68ad9b96df None None] floatingip is already registered
Sep 01 19:19:38 ubuntu neutron-server[113721]: INFO neutron.quota.resource_registry [None req-5c9ce235-8b84-4a50-b51c-ba68ad9b96df None None] Creating instance of CountableResource for resource:rbac_policy
Sep 01 19:19:38 ubuntu neutron-server[113721]: WARNING neutron.quota.resource_registry [None req-5c9ce235-8b84-4a50-b51c-ba68ad9b96df None None] rbac_policy is already registered
Sep 01 19:19:38 ubuntu neutron-server[113721]: INFO neutron.quota.resource_registry [None req-5c9ce235-8b84-4a50-b51c-ba68ad9b96df None None] Creating instance of TrackedResource for resource:security_group
Sep 01 19:19:38 ubuntu neutron-server[113721]: WARNING neutron.quota.resource_registry [None req-5c9ce235-8b84-4a50-b51c-ba68ad9b96df None None] security_group is already registered
Sep 01 19:19:38 ubuntu neutron-server[113721]: INFO neutron.quota.resource_registry [None req-5c9ce235-8b84-4a50-b51c-ba68ad9b96df None None] Creating instance of TrackedResource for resource:security_group_rule
Sep 01 19:19:38 ubuntu neutron-server[113721]: WARNING neutron.quota.resource_registry [None req-5c9ce235-8b84-4a50-b51c-ba68ad9b96df None None] security_group_rule is already registered
Sep 01 19:19:38 ubuntu neutron-server[113721]: DEBUG neutron.api.extensions [None req-5c9ce235-8b84-4a50-b51c-ba68ad9b96df None None] Extended resource: extensions {{(pid=113721) __init__ /opt/stack/neutron/neutron/api/extensions.py:157}}
Sep 01 19:19:38 ubuntu neutron-server[113721]: DEBUG neutron.api.extensions [None req-5c9ce235-8b84-4a50-b51c-ba68ad9b96df None None] Extended resource: address-groups {{(pid=113721) __init__ /opt/stack/neutron/neutron/api/extensions.py:157}}
Sep 01 19:19:38 ubuntu neutron-server[113721]: DEBUG neutron.api.extensions [None req-5c9ce235-8b84-4a50-b51c-ba68ad9b96df None None] Extended resource: address-scopes {{(pid=113721) __init__ /opt/stack/neutron/neutron/api/extensions.py:157}}
Sep 01 19:19:38 ubuntu neutron-server[113721]: DEBUG neutron.api.extensions [None req-5c9ce235-8b84-4a50-b51c-ba68ad9b96df None None] Extended resource: agents {{(pid=113721) __init__ /opt/stack/neutron/neutron/api/extensions.py:157}}
Sep 01 19:19:38 ubuntu neutron-server[113721]: DEBUG neutron.api.extensions [None req-5c9ce235-8b84-4a50-b51c-ba68ad9b96df None None] Extended resource: auto-allocated-topology {{(pid=113721) __init__ /opt/stack/neutron/neutron/api/extensions.py:157}}
Sep 01 19:19:38 ubuntu neutron-server[113721]: DEBUG neutron.api.extensions [None req-5c9ce235-8b84-4a50-b51c-ba68ad9b96df None None] Extended resource: availability_zones {{(pid=113721) __init__ /opt/stack/neutron/neutron/api/extensions.py:157}}
Sep 01 19:19:38 ubuntu neutron-server[113721]: DEBUG neutron.api.extensions [None req-5c9ce235-8b84-4a50-b51c-ba68ad9b96df None None] Extended resource: flavors {{(pid=113721) __init__ /opt/stack/neutron/neutron/api/extensions.py:157}}
Sep 01 19:19:38 ubuntu neutron-server[113721]: DEBUG neutron.api.extensions [None req-5c9ce235-8b84-4a50-b51c-ba68ad9b96df None None] Extended resource: service_profiles {{(pid=113721) __init__ /opt/stack/neutron/neutron/api/extensions.py:157}}
Sep 01 19:19:38 ubuntu neutron-server[113721]: DEBUG neutron.api.extensions [None req-5c9ce235-8b84-4a50-b51c-ba68ad9b96df None None] Extended resource: next_providers {{(pid=113721) __init__ /opt/stack/neutron/neutron/api/extensions.py:157}}
Sep 01 19:19:38 ubuntu neutron-server[113721]: DEBUG neutron.api.extensions [None req-5c9ce235-8b84-4a50-b51c-ba68ad9b96df None None] Extended resource: service_profiles {{(pid=113721) __init__ /opt/stack/neutron/neutron/api/extensions.py:157}}
Sep 01 19:19:38 ubuntu neutron-server[113721]: DEBUG neutron.api.extensions [None req-5c9ce235-8b84-4a50-b51c-ba68ad9b96df None None] Extended resource: floatingip-pools {{(pid=113721) __init__ /opt/stack/neutron/neutron/api/extensions.py:157}}
Sep 01 19:19:38 ubuntu neutron-server[113721]: DEBUG neutron.api.extensions [None req-5c9ce235-8b84-4a50-b51c-ba68ad9b96df None None] Extended resource: routers {{(pid=113721) __init__ /opt/stack/neutron/neutron/api/extensions.py:157}}
Sep 01 19:19:38 ubuntu neutron-server[113721]: DEBUG neutron.api.extensions [None req-5c9ce235-8b84-4a50-b51c-ba68ad9b96df None None] Extended resource: floatingips {{(pid=113721) __init__ /opt/stack/neutron/neutron/api/extensions.py:157}}
Sep 01 19:19:38 ubuntu neutron-server[113721]: DEBUG neutron.api.extensions [None req-5c9ce235-8b84-4a50-b51c-ba68ad9b96df None None] Extended resource: network-ip-availabilities {{(pid=113721) __init__ /opt/stack/neutron/neutron/api/extensions.py:157}}
Sep 01 19:19:38 ubuntu neutron-server[113721]: DEBUG neutron.api.extensions [None req-5c9ce235-8b84-4a50-b51c-ba68ad9b96df None None] Extended resource: bindings {{(pid=113721) __init__ /opt/stack/neutron/neutron/api/extensions.py:157}}
Sep 01 19:19:38 ubuntu neutron-server[113721]: DEBUG neutron.api.extensions [None req-5c9ce235-8b84-4a50-b51c-ba68ad9b96df None None] Extended resource: quotas {{(pid=113721) __init__ /opt/stack/neutron/neutron/api/extensions.py:157}}
Sep 01 19:19:38 ubuntu neutron-server[113721]: DEBUG neutron.api.extensions [None req-5c9ce235-8b84-4a50-b51c-ba68ad9b96df None None] Extended resource: quotas {{(pid=113721) __init__ /opt/stack/neutron/neutron/api/extensions.py:157}}
Sep 01 19:19:38 ubuntu neutron-server[113721]: DEBUG neutron.api.extensions [None req-5c9ce235-8b84-4a50-b51c-ba68ad9b96df None None] Extended resource: rbac-policies {{(pid=113721) __init__ /opt/stack/neutron/neutron/api/extensions.py:157}}
Sep 01 19:19:38 ubuntu neutron-server[113721]: DEBUG neutron.api.extensions [None req-5c9ce235-8b84-4a50-b51c-ba68ad9b96df None None] Extended resource: security-groups {{(pid=113721) __init__ /opt/stack/neutron/neutron/api/extensions.py:157}}
Sep 01 19:19:38 ubuntu neutron-server[113721]: DEBUG neutron.api.extensions [None req-5c9ce235-8b84-4a50-b51c-ba68ad9b96df None None] Extended resource: security-group-rules {{(pid=113721) __init__ /opt/stack/neutron/neutron/api/extensions.py:157}}
Sep 01 19:19:38 ubuntu neutron-server[113721]: DEBUG neutron.api.extensions [None req-5c9ce235-8b84-4a50-b51c-ba68ad9b96df None None] Extended resource: service-providers {{(pid=113721) __init__ /opt/stack/neutron/neutron/api/extensions.py:157}}
Sep 01 19:19:38 ubuntu neutron-server[113721]: DEBUG neutron.api.extensions [None req-5c9ce235-8b84-4a50-b51c-ba68ad9b96df None None] Extended resource: tags {{(pid=113721) __init__ /opt/stack/neutron/neutron/api/extensions.py:157}}
Sep 01 19:19:38 ubuntu neutron-server[113721]: DEBUG neutron.api.extensions [None req-5c9ce235-8b84-4a50-b51c-ba68ad9b96df None None] Extended resource: tags {{(pid=113721) __init__ /opt/stack/neutron/neutron/api/extensions.py:157}}
Sep 01 19:19:38 ubuntu neutron-server[113721]: DEBUG neutron.api.extensions [None req-5c9ce235-8b84-4a50-b51c-ba68ad9b96df None None] Extended resource: tags {{(pid=113721) __init__ /opt/stack/neutron/neutron/api/extensions.py:157}}
Sep 01 19:19:38 ubuntu neutron-server[113721]: DEBUG neutron.api.extensions [None req-5c9ce235-8b84-4a50-b51c-ba68ad9b96df None None] Extended resource: tags {{(pid=113721) __init__ /opt/stack/neutron/neutron/api/extensions.py:157}}
Sep 01 19:19:38 ubuntu neutron-server[113721]: DEBUG neutron.api.extensions [None req-5c9ce235-8b84-4a50-b51c-ba68ad9b96df None None] Extended resource: tags {{(pid=113721) __init__ /opt/stack/neutron/neutron/api/extensions.py:157}}
Sep 01 19:19:38 ubuntu neutron-server[113721]: DEBUG neutron.api.extensions [None req-5c9ce235-8b84-4a50-b51c-ba68ad9b96df None None] Extended resource: tags {{(pid=113721) __init__ /opt/stack/neutron/neutron/api/extensions.py:157}}
Sep 01 19:19:38 ubuntu neutron-server[113721]: DEBUG neutron.api.extensions [None req-5c9ce235-8b84-4a50-b51c-ba68ad9b96df None None] Extended resource: tags {{(pid=113721) __init__ /opt/stack/neutron/neutron/api/extensions.py:157}}
Sep 01 19:19:38 ubuntu neutron-server[113721]: DEBUG neutron.api.extensions [None req-5c9ce235-8b84-4a50-b51c-ba68ad9b96df None None] Extended resource: tags {{(pid=113721) __init__ /opt/stack/neutron/neutron/api/extensions.py:157}}
Sep 01 19:19:38 ubuntu neutron-server[113721]: DEBUG neutron.api.extensions [None req-5c9ce235-8b84-4a50-b51c-ba68ad9b96df None None] Extended resource: tags {{(pid=113721) __init__ /opt/stack/neutron/neutron/api/extensions.py:157}}
Sep 01 19:19:38 ubuntu neutron-server[113721]: DEBUG neutron.api.extensions [None req-5c9ce235-8b84-4a50-b51c-ba68ad9b96df None None] Extended resource: tags {{(pid=113721) __init__ /opt/stack/neutron/neutron/api/extensions.py:157}}
Sep 01 19:19:38 ubuntu neutron-server[113721]: WARNING keystonemiddleware.auth_token [None req-5c9ce235-8b84-4a50-b51c-ba68ad9b96df None None] AuthToken middleware is set with keystone_authtoken.service_token_roles_required set to False. This is backwards compatible but deprecated behaviour. Please set this to True.
Sep 01 19:19:38 ubuntu neutron-server[113721]: WARNING keystonemiddleware.auth_token [None req-5c9ce235-8b84-4a50-b51c-ba68ad9b96df None None] Configuring www_authenticate_uri to point to the public identity endpoint is required; clients may not be able to authenticate against an admin endpoint
Sep 01 19:19:38 ubuntu neutron-server[113721]: DEBUG oslo_concurrency.lockutils [None req-5c9ce235-8b84-4a50-b51c-ba68ad9b96df None None] Acquiring lock "singleton_lock" {{(pid=113721) lock /usr/local/lib/python3.8/dist-packages/oslo_concurrency/lockutils.py:293}}
Sep 01 19:19:38 ubuntu neutron-server[113721]: DEBUG oslo_concurrency.lockutils [None req-5c9ce235-8b84-4a50-b51c-ba68ad9b96df None None] Acquired lock "singleton_lock" {{(pid=113721) lock /usr/local/lib/python3.8/dist-packages/oslo_concurrency/lockutils.py:296}}
Sep 01 19:19:38 ubuntu neutron-server[113721]: DEBUG oslo_concurrency.lockutils [None req-5c9ce235-8b84-4a50-b51c-ba68ad9b96df None None] Releasing lock "singleton_lock" {{(pid=113721) lock /usr/local/lib/python3.8/dist-packages/oslo_concurrency/lockutils.py:314}}
Sep 01 19:19:38 ubuntu neutron-server[113721]: INFO oslo_service.service [None req-5c9ce235-8b84-4a50-b51c-ba68ad9b96df None None] Starting 2 workers
Sep 01 19:19:38 ubuntu neutron-server[113721]: DEBUG oslo_service.service [None req-5c9ce235-8b84-4a50-b51c-ba68ad9b96df None None] Started child 113942 {{(pid=113721) _start_child /usr/local/lib/python3.8/dist-packages/oslo_service/service.py:575}}
Sep 01 19:19:38 ubuntu neutron-server[113721]: DEBUG oslo_service.service [None req-5c9ce235-8b84-4a50-b51c-ba68ad9b96df None None] Started child 113943 {{(pid=113721) _start_child /usr/local/lib/python3.8/dist-packages/oslo_service/service.py:575}}
Sep 01 19:19:38 ubuntu neutron-server[113942]: DEBUG neutron_lib.callbacks.manager [-] Publish callbacks ['neutron.plugins.ml2.drivers.ovn.mech_driver.mech_driver.OVNMechanismDriver.post_fork_initialize-401972'] for process (None), after_init {{(pid=113942) _notify_loop /usr/local/lib/python3.8/dist-packages/neutron_lib/callbacks/manager.py:176}}
Sep 01 19:19:38 ubuntu neutron-server[113721]: INFO neutron.service [None req-5c9ce235-8b84-4a50-b51c-ba68ad9b96df None None] Neutron service started, listening on 0.0.0.0:9696
Sep 01 19:19:38 ubuntu neutron-server[113721]: DEBUG neutron_lib.callbacks.manager [None req-5c9ce235-8b84-4a50-b51c-ba68ad9b96df None None] Publish callbacks ['neutron.plugins.ml2.drivers.ovn.mech_driver.mech_driver.OVNMechanismDriver.pre_fork_initialize-402128'] for process (None), before_spawn {{(pid=113721) _notify_loop /usr/local/lib/python3.8/dist-packages/neutron_lib/callbacks/manager.py:176}}
Sep 01 19:19:38 ubuntu neutron-server[113943]: DEBUG neutron_lib.callbacks.manager [-] Publish callbacks ['neutron.plugins.ml2.drivers.ovn.mech_driver.mech_driver.OVNMechanismDriver.post_fork_initialize-401972'] for process (None), after_init {{(pid=113943) _notify_loop /usr/local/lib/python3.8/dist-packages/neutron_lib/callbacks/manager.py:176}}
Sep 01 19:19:38 ubuntu neutron-server[113942]: DEBUG dbcounter [-] [113942] Writer thread running {{(pid=113942) stat_writer /usr/local/lib/python3.8/dist-packages/dbcounter.py:99}}
Sep 01 19:19:38 ubuntu neutron-server[113943]: DEBUG dbcounter [-] [113943] Writer thread running {{(pid=113943) stat_writer /usr/local/lib/python3.8/dist-packages/dbcounter.py:99}}
Sep 01 19:19:38 ubuntu neutron-server[113721]: DEBUG ovsdbapp.backend.ovs_idl [None req-5c9ce235-8b84-4a50-b51c-ba68ad9b96df None None] Created schema index Port_Group.name {{(pid=113721) autocreate_indices /usr/local/lib/python3.8/dist-packages/ovsdbapp/backend/ovs_idl/__init__.py:104}}
Sep 01 19:19:38 ubuntu neutron-server[113721]: DEBUG ovsdbapp.backend.ovs_idl [None req-5c9ce235-8b84-4a50-b51c-ba68ad9b96df None None] Created schema index Logical_Switch_Port.name {{(pid=113721) autocreate_indices /usr/local/lib/python3.8/dist-packages/ovsdbapp/backend/ovs_idl/__init__.py:104}}
Sep 01 19:19:38 ubuntu neutron-server[113942]: INFO neutron.plugins.ml2.drivers.ovn.mech_driver.ovsdb.impl_idl_ovn [None req-ec25fa76-acfc-4982-bf55-5b3efa6ec355 None None] Getting OvsdbNbOvnIdl for WorkerService with retry
Sep 01 19:19:38 ubuntu neutron-server[113943]: INFO neutron.plugins.ml2.drivers.ovn.mech_driver.ovsdb.impl_idl_ovn [None req-ef5e8eac-d3f4-400f-8510-12785a469a70 None None] Getting OvsdbNbOvnIdl for WorkerService with retry
Sep 01 19:19:38 ubuntu neutron-server[113942]: DEBUG ovsdbapp.backend.ovs_idl [None req-ec25fa76-acfc-4982-bf55-5b3efa6ec355 None None] Created lookup_table index Logical_Switch.name {{(pid=113942) autocreate_indices /usr/local/lib/python3.8/dist-packages/ovsdbapp/backend/ovs_idl/__init__.py:85}}
Sep 01 19:19:38 ubuntu neutron-server[113942]: DEBUG ovsdbapp.backend.ovs_idl [None req-ec25fa76-acfc-4982-bf55-5b3efa6ec355 None None] Created lookup_table index Logical_Router.name {{(pid=113942) autocreate_indices /usr/local/lib/python3.8/dist-packages/ovsdbapp/backend/ovs_idl/__init__.py:85}}
Sep 01 19:19:38 ubuntu neutron-server[113942]: DEBUG ovsdbapp.backend.ovs_idl [None req-ec25fa76-acfc-4982-bf55-5b3efa6ec355 None None] Created lookup_table index Load_Balancer.name {{(pid=113942) autocreate_indices /usr/local/lib/python3.8/dist-packages/ovsdbapp/backend/ovs_idl/__init__.py:85}}
Sep 01 19:19:38 ubuntu neutron-server[113942]: DEBUG ovsdbapp.backend.ovs_idl [None req-ec25fa76-acfc-4982-bf55-5b3efa6ec355 None None] Created schema index Meter.name {{(pid=113942) autocreate_indices /usr/local/lib/python3.8/dist-packages/ovsdbapp/backend/ovs_idl/__init__.py:104}}
Sep 01 19:19:38 ubuntu neutron-server[113942]: DEBUG ovsdbapp.backend.ovs_idl [None req-ec25fa76-acfc-4982-bf55-5b3efa6ec355 None None] Created schema index Address_Set.name {{(pid=113942) autocreate_indices /usr/local/lib/python3.8/dist-packages/ovsdbapp/backend/ovs_idl/__init__.py:104}}
Sep 01 19:19:38 ubuntu neutron-server[113942]: DEBUG ovsdbapp.backend.ovs_idl [None req-ec25fa76-acfc-4982-bf55-5b3efa6ec355 None None] Created schema index HA_Chassis_Group.name {{(pid=113942) autocreate_indices /usr/local/lib/python3.8/dist-packages/ovsdbapp/backend/ovs_idl/__init__.py:104}}
Sep 01 19:19:38 ubuntu neutron-server[113942]: DEBUG ovsdbapp.backend.ovs_idl [None req-ec25fa76-acfc-4982-bf55-5b3efa6ec355 None None] Created schema index Connection.target {{(pid=113942) autocreate_indices /usr/local/lib/python3.8/dist-packages/ovsdbapp/backend/ovs_idl/__init__.py:104}}
Sep 01 19:19:38 ubuntu neutron-server[113942]: DEBUG ovsdbapp.backend.ovs_idl [None req-ec25fa76-acfc-4982-bf55-5b3efa6ec355 None None] Created schema index Gateway_Chassis.name {{(pid=113942) autocreate_indices /usr/local/lib/python3.8/dist-packages/ovsdbapp/backend/ovs_idl/__init__.py:104}}
Sep 01 19:19:38 ubuntu neutron-server[113942]: DEBUG ovsdbapp.backend.ovs_idl [None req-ec25fa76-acfc-4982-bf55-5b3efa6ec355 None None] Created schema index Logical_Router_Port.name {{(pid=113942) autocreate_indices /usr/local/lib/python3.8/dist-packages/ovsdbapp/backend/ovs_idl/__init__.py:104}}
Sep 01 19:19:38 ubuntu neutron-server[113721]: DEBUG ovsdbapp.backend.ovs_idl.transaction [-] Running txn n=1 command(idx=0): PgAddCommand(name=neutron_pg_drop, may_exist=True, columns={'acls': []}) {{(pid=113721) do_commit /usr/local/lib/python3.8/dist-packages/ovsdbapp/backend/ovs_idl/transaction.py:90}}
Sep 01 19:19:38 ubuntu neutron-server[113942]: DEBUG ovsdbapp.backend.ovs_idl [None req-ec25fa76-acfc-4982-bf55-5b3efa6ec355 None None] Created schema index Port_Group.name {{(pid=113942) autocreate_indices /usr/local/lib/python3.8/dist-packages/ovsdbapp/backend/ovs_idl/__init__.py:104}}
Sep 01 19:19:38 ubuntu neutron-server[113942]: DEBUG ovsdbapp.backend.ovs_idl [None req-ec25fa76-acfc-4982-bf55-5b3efa6ec355 None None] Created schema index Logical_Switch_Port.name {{(pid=113942) autocreate_indices /usr/local/lib/python3.8/dist-packages/ovsdbapp/backend/ovs_idl/__init__.py:104}}
Sep 01 19:19:38 ubuntu neutron-server[113721]: DEBUG ovsdbapp.backend.ovs_idl.transaction [-] Running txn n=1 command(idx=1): PgAclAddCommand(entity=neutron_pg_drop, direction=from-lport, priority=1001, match=inport == @neutron_pg_drop && ip, action=drop, log=False, may_exist=True, severity=[], name=[], meter=None, external_ids={}) {{(pid=113721) do_commit /usr/local/lib/python3.8/dist-packages/ovsdbapp/backend/ovs_idl/transaction.py:90}}
Sep 01 19:19:38 ubuntu neutron-server[113721]: DEBUG ovsdbapp.backend.ovs_idl.transaction [-] Running txn n=1 command(idx=2): PgAclAddCommand(entity=neutron_pg_drop, direction=to-lport, priority=1001, match=outport == @neutron_pg_drop && ip, action=drop, log=False, may_exist=True, severity=[], name=[], meter=None, external_ids={}) {{(pid=113721) do_commit /usr/local/lib/python3.8/dist-packages/ovsdbapp/backend/ovs_idl/transaction.py:90}}
Sep 01 19:19:38 ubuntu neutron-server[113942]: INFO ovsdbapp.backend.ovs_idl.vlog [None req-ec25fa76-acfc-4982-bf55-5b3efa6ec355 None None] tcp:192.168.79.48:6641: connecting...
Sep 01 19:19:38 ubuntu neutron-server[113942]: INFO ovsdbapp.backend.ovs_idl.vlog [None req-ec25fa76-acfc-4982-bf55-5b3efa6ec355 None None] tcp:192.168.79.48:6641: connected
Sep 01 19:19:38 ubuntu neutron-server[113721]: DEBUG ovsdbapp.backend.ovs_idl.event [-] Matched CREATE: NeutronPgDropPortGroupCreated(events=('create',), table='Port_Group', conditions=(('name', '=', 'neutron_pg_drop'),), old_conditions=None), priority=10 to row=Port_Group(name=neutron_pg_drop, ports=[], external_ids={}, acls=[<ovs.db.idl.Row object at 0x7f06799fd1c0>, <ovs.db.idl.Row object at 0x7f06799f5760>]) old= {{(pid=113721) matches /usr/local/lib/python3.8/dist-packages/ovsdbapp/backend/ovs_idl/event.py:43}}
Sep 01 19:19:38 ubuntu neutron-server[113943]: DEBUG ovsdbapp.backend.ovs_idl [None req-ef5e8eac-d3f4-400f-8510-12785a469a70 None None] Created lookup_table index Logical_Switch.name {{(pid=113943) autocreate_indices /usr/local/lib/python3.8/dist-packages/ovsdbapp/backend/ovs_idl/__init__.py:85}}
Sep 01 19:19:38 ubuntu neutron-server[113943]: DEBUG ovsdbapp.backend.ovs_idl [None req-ef5e8eac-d3f4-400f-8510-12785a469a70 None None] Created lookup_table index Logical_Router.name {{(pid=113943) autocreate_indices /usr/local/lib/python3.8/dist-packages/ovsdbapp/backend/ovs_idl/__init__.py:85}}
Sep 01 19:19:38 ubuntu neutron-server[113943]: DEBUG ovsdbapp.backend.ovs_idl [None req-ef5e8eac-d3f4-400f-8510-12785a469a70 None None] Created lookup_table index Load_Balancer.name {{(pid=113943) autocreate_indices /usr/local/lib/python3.8/dist-packages/ovsdbapp/backend/ovs_idl/__init__.py:85}}
Sep 01 19:19:38 ubuntu neutron-server[113943]: DEBUG ovsdbapp.backend.ovs_idl [None req-ef5e8eac-d3f4-400f-8510-12785a469a70 None None] Created schema index Meter.name {{(pid=113943) autocreate_indices /usr/local/lib/python3.8/dist-packages/ovsdbapp/backend/ovs_idl/__init__.py:104}}
Sep 01 19:19:38 ubuntu neutron-server[113943]: DEBUG ovsdbapp.backend.ovs_idl [None req-ef5e8eac-d3f4-400f-8510-12785a469a70 None None] Created schema index Address_Set.name {{(pid=113943) autocreate_indices /usr/local/lib/python3.8/dist-packages/ovsdbapp/backend/ovs_idl/__init__.py:104}}
Sep 01 19:19:38 ubuntu neutron-server[113943]: DEBUG ovsdbapp.backend.ovs_idl [None req-ef5e8eac-d3f4-400f-8510-12785a469a70 None None] Created schema index HA_Chassis_Group.name {{(pid=113943) autocreate_indices /usr/local/lib/python3.8/dist-packages/ovsdbapp/backend/ovs_idl/__init__.py:104}}
Sep 01 19:19:38 ubuntu neutron-server[113943]: DEBUG ovsdbapp.backend.ovs_idl [None req-ef5e8eac-d3f4-400f-8510-12785a469a70 None None] Created schema index Connection.target {{(pid=113943) autocreate_indices /usr/local/lib/python3.8/dist-packages/ovsdbapp/backend/ovs_idl/__init__.py:104}}
Sep 01 19:19:38 ubuntu neutron-server[113943]: DEBUG ovsdbapp.backend.ovs_idl [None req-ef5e8eac-d3f4-400f-8510-12785a469a70 None None] Created schema index Gateway_Chassis.name {{(pid=113943) autocreate_indices /usr/local/lib/python3.8/dist-packages/ovsdbapp/backend/ovs_idl/__init__.py:104}}
Sep 01 19:19:38 ubuntu neutron-server[113943]: DEBUG ovsdbapp.backend.ovs_idl [None req-ef5e8eac-d3f4-400f-8510-12785a469a70 None None] Created schema index Logical_Router_Port.name {{(pid=113943) autocreate_indices /usr/local/lib/python3.8/dist-packages/ovsdbapp/backend/ovs_idl/__init__.py:104}}
Sep 01 19:19:38 ubuntu neutron-server[113943]: DEBUG ovsdbapp.backend.ovs_idl [None req-ef5e8eac-d3f4-400f-8510-12785a469a70 None None] Created schema index Port_Group.name {{(pid=113943) autocreate_indices /usr/local/lib/python3.8/dist-packages/ovsdbapp/backend/ovs_idl/__init__.py:104}}
Sep 01 19:19:38 ubuntu neutron-server[113943]: DEBUG ovsdbapp.backend.ovs_idl [None req-ef5e8eac-d3f4-400f-8510-12785a469a70 None None] Created schema index Logical_Switch_Port.name {{(pid=113943) autocreate_indices /usr/local/lib/python3.8/dist-packages/ovsdbapp/backend/ovs_idl/__init__.py:104}}
Sep 01 19:19:38 ubuntu neutron-server[113943]: INFO ovsdbapp.backend.ovs_idl.vlog [None req-ef5e8eac-d3f4-400f-8510-12785a469a70 None None] tcp:192.168.79.48:6641: connecting...
Sep 01 19:19:38 ubuntu neutron-server[113943]: INFO ovsdbapp.backend.ovs_idl.vlog [None req-ef5e8eac-d3f4-400f-8510-12785a469a70 None None] tcp:192.168.79.48:6641: connected
Sep 01 19:19:38 ubuntu neutron-server[113943]: DEBUG neutron.common.ovn.hash_ring_manager [None req-ef5e8eac-d3f4-400f-8510-12785a469a70 None None] Allow caching, nodes 2>=2 {{(pid=113943) _wait_startup_before_caching /opt/stack/neutron/neutron/common/ovn/hash_ring_manager.py:60}}
Sep 01 19:19:38 ubuntu neutron-server[113942]: DEBUG neutron.common.ovn.hash_ring_manager [None req-ec25fa76-acfc-4982-bf55-5b3efa6ec355 None None] Allow caching, nodes 2>=2 {{(pid=113942) _wait_startup_before_caching /opt/stack/neutron/neutron/common/ovn/hash_ring_manager.py:60}}
Sep 01 19:19:38 ubuntu neutron-server[113721]: DEBUG ovsdbapp.backend.ovs_idl [None req-5c9ce235-8b84-4a50-b51c-ba68ad9b96df None None] Created lookup_table index Logical_Switch.name {{(pid=113721) autocreate_indices /usr/local/lib/python3.8/dist-packages/ovsdbapp/backend/ovs_idl/__init__.py:85}}
Sep 01 19:19:38 ubuntu neutron-server[113721]: DEBUG ovsdbapp.backend.ovs_idl [None req-5c9ce235-8b84-4a50-b51c-ba68ad9b96df None None] Created lookup_table index Logical_Router.name {{(pid=113721) autocreate_indices /usr/local/lib/python3.8/dist-packages/ovsdbapp/backend/ovs_idl/__init__.py:85}}
Sep 01 19:19:38 ubuntu neutron-server[113721]: DEBUG ovsdbapp.backend.ovs_idl [None req-5c9ce235-8b84-4a50-b51c-ba68ad9b96df None None] Created lookup_table index Load_Balancer.name {{(pid=113721) autocreate_indices /usr/local/lib/python3.8/dist-packages/ovsdbapp/backend/ovs_idl/__init__.py:85}}
Sep 01 19:19:38 ubuntu neutron-server[113721]: DEBUG ovsdbapp.backend.ovs_idl [None req-5c9ce235-8b84-4a50-b51c-ba68ad9b96df None None] Created schema index Meter.name {{(pid=113721) autocreate_indices /usr/local/lib/python3.8/dist-packages/ovsdbapp/backend/ovs_idl/__init__.py:104}}
Sep 01 19:19:38 ubuntu neutron-server[113942]: DEBUG neutron.plugins.ml2.drivers.ovn.mech_driver.ovsdb.ovsdb_monitor [None req-ec25fa76-acfc-4982-bf55-5b3efa6ec355 None None] Hash Ring: Node af19df5f-d0da-4366-87d9-3849b13cb55c (host: ubuntu) handling event "create" for row 7790e039-4352-4d86-805f-cda4549f9182 (table: Database) {{(pid=113942) notify /opt/stack/neutron/neutron/plugins/ml2/drivers/ovn/mech_driver/ovsdb/ovsdb_monitor.py:743}}
Sep 01 19:19:38 ubuntu neutron-server[113721]: DEBUG ovsdbapp.backend.ovs_idl [None req-5c9ce235-8b84-4a50-b51c-ba68ad9b96df None None] Created schema index Address_Set.name {{(pid=113721) autocreate_indices /usr/local/lib/python3.8/dist-packages/ovsdbapp/backend/ovs_idl/__init__.py:104}}
Sep 01 19:19:38 ubuntu neutron-server[113943]: DEBUG neutron.plugins.ml2.drivers.ovn.mech_driver.ovsdb.ovsdb_monitor [None req-ef5e8eac-d3f4-400f-8510-12785a469a70 None None] Hash Ring: Node 0e9c87f8-7d7a-4f0e-ac9c-69a0a4d66b04 (host: ubuntu) handling event "create" for row 3a9d3259-9909-40df-8f45-72f09710cbe6 (table: Database) {{(pid=113943) notify /opt/stack/neutron/neutron/plugins/ml2/drivers/ovn/mech_driver/ovsdb/ovsdb_monitor.py:743}}
Sep 01 19:19:38 ubuntu neutron-server[113721]: DEBUG ovsdbapp.backend.ovs_idl [None req-5c9ce235-8b84-4a50-b51c-ba68ad9b96df None None] Created schema index HA_Chassis_Group.name {{(pid=113721) autocreate_indices /usr/local/lib/python3.8/dist-packages/ovsdbapp/backend/ovs_idl/__init__.py:104}}
Sep 01 19:19:38 ubuntu neutron-server[113721]: DEBUG ovsdbapp.backend.ovs_idl [None req-5c9ce235-8b84-4a50-b51c-ba68ad9b96df None None] Created schema index Connection.target {{(pid=113721) autocreate_indices /usr/local/lib/python3.8/dist-packages/ovsdbapp/backend/ovs_idl/__init__.py:104}}
Sep 01 19:19:38 ubuntu neutron-server[113721]: DEBUG ovsdbapp.backend.ovs_idl [None req-5c9ce235-8b84-4a50-b51c-ba68ad9b96df None None] Created schema index Gateway_Chassis.name {{(pid=113721) autocreate_indices /usr/local/lib/python3.8/dist-packages/ovsdbapp/backend/ovs_idl/__init__.py:104}}
Sep 01 19:19:38 ubuntu neutron-server[113721]: DEBUG ovsdbapp.backend.ovs_idl [None req-5c9ce235-8b84-4a50-b51c-ba68ad9b96df None None] Created schema index Logical_Router_Port.name {{(pid=113721) autocreate_indices /usr/local/lib/python3.8/dist-packages/ovsdbapp/backend/ovs_idl/__init__.py:104}}
Sep 01 19:19:38 ubuntu neutron-server[113721]: DEBUG ovsdbapp.backend.ovs_idl [None req-5c9ce235-8b84-4a50-b51c-ba68ad9b96df None None] Created schema index Port_Group.name {{(pid=113721) autocreate_indices /usr/local/lib/python3.8/dist-packages/ovsdbapp/backend/ovs_idl/__init__.py:104}}
Sep 01 19:19:38 ubuntu neutron-server[113721]: DEBUG ovsdbapp.backend.ovs_idl [None req-5c9ce235-8b84-4a50-b51c-ba68ad9b96df None None] Created schema index Logical_Switch_Port.name {{(pid=113721) autocreate_indices /usr/local/lib/python3.8/dist-packages/ovsdbapp/backend/ovs_idl/__init__.py:104}}
Sep 01 19:19:38 ubuntu neutron-server[113943]: DEBUG neutron.plugins.ml2.drivers.ovn.mech_driver.ovsdb.ovsdb_monitor [None req-ef5e8eac-d3f4-400f-8510-12785a469a70 None None] Hash Ring: Node 0e9c87f8-7d7a-4f0e-ac9c-69a0a4d66b04 (host: ubuntu) handling event "create" for row 4708e1a7-6e02-48a8-a0b7-3644689c11c1 (table: Port_Group) {{(pid=113943) notify /opt/stack/neutron/neutron/plugins/ml2/drivers/ovn/mech_driver/ovsdb/ovsdb_monitor.py:743}}
Sep 01 19:19:38 ubuntu neutron-server[113942]: DEBUG neutron.plugins.ml2.drivers.ovn.mech_driver.ovsdb.ovsdb_monitor [None req-ec25fa76-acfc-4982-bf55-5b3efa6ec355 None None] Hash Ring: Node af19df5f-d0da-4366-87d9-3849b13cb55c (host: ubuntu) handling event "create" for row 5a0e1b47-50d1-406c-96d2-e2633b77d2af (table: ACL) {{(pid=113942) notify /opt/stack/neutron/neutron/plugins/ml2/drivers/ovn/mech_driver/ovsdb/ovsdb_monitor.py:743}}
Sep 01 19:19:38 ubuntu neutron-server[113943]: DEBUG neutron.plugins.ml2.drivers.ovn.mech_driver.ovsdb.ovsdb_monitor [None req-ef5e8eac-d3f4-400f-8510-12785a469a70 None None] Hash Ring: Node 0e9c87f8-7d7a-4f0e-ac9c-69a0a4d66b04 (host: ubuntu) handling event "create" for row 0269c311-e16e-4b4d-a67e-3886506aeb46 (table: NB_Global) {{(pid=113943) notify /opt/stack/neutron/neutron/plugins/ml2/drivers/ovn/mech_driver/ovsdb/ovsdb_monitor.py:743}}
Sep 01 19:19:38 ubuntu neutron-server[113942]: DEBUG neutron.plugins.ml2.drivers.ovn.mech_driver.ovsdb.ovsdb_monitor [None req-ec25fa76-acfc-4982-bf55-5b3efa6ec355 None None] Hash Ring: Node af19df5f-d0da-4366-87d9-3849b13cb55c (host: ubuntu) handling event "create" for row b7c23ed5-2b8d-4f2e-bb39-69af75102064 (table: ACL) {{(pid=113942) notify /opt/stack/neutron/neutron/plugins/ml2/drivers/ovn/mech_driver/ovsdb/ovsdb_monitor.py:743}}
Sep 01 19:19:38 ubuntu neutron-server[113943]: DEBUG neutron.plugins.ml2.drivers.ovn.mech_driver.ovsdb.ovsdb_monitor [None req-ef5e8eac-d3f4-400f-8510-12785a469a70 None None] Hash Ring: Node 0e9c87f8-7d7a-4f0e-ac9c-69a0a4d66b04 (host: ubuntu) handling event "create" for row aec33a52-0ede-43f8-a8a9-bbd56cc50978 (table: Connection) {{(pid=113943) notify /opt/stack/neutron/neutron/plugins/ml2/drivers/ovn/mech_driver/ovsdb/ovsdb_monitor.py:743}}
Sep 01 19:19:38 ubuntu neutron-server[113942]: INFO neutron.plugins.ml2.drivers.ovn.mech_driver.ovsdb.impl_idl_ovn [None req-ec25fa76-acfc-4982-bf55-5b3efa6ec355 None None] Getting OvsdbSbOvnIdl for WorkerService with retry
Sep 01 19:19:38 ubuntu neutron-server[113943]: INFO neutron.plugins.ml2.drivers.ovn.mech_driver.ovsdb.impl_idl_ovn [None req-ef5e8eac-d3f4-400f-8510-12785a469a70 None None] Getting OvsdbSbOvnIdl for WorkerService with retry
Sep 01 19:19:38 ubuntu neutron-server[113942]: DEBUG ovsdbapp.backend.ovs_idl [None req-ec25fa76-acfc-4982-bf55-5b3efa6ec355 None None] Created lookup_table index Chassis.name {{(pid=113942) autocreate_indices /usr/local/lib/python3.8/dist-packages/ovsdbapp/backend/ovs_idl/__init__.py:85}}
Sep 01 19:19:38 ubuntu neutron-server[113942]: DEBUG ovsdbapp.backend.ovs_idl [None req-ec25fa76-acfc-4982-bf55-5b3efa6ec355 None None] Created schema index Datapath_Binding.tunnel_key {{(pid=113942) autocreate_indices /usr/local/lib/python3.8/dist-packages/ovsdbapp/backend/ovs_idl/__init__.py:104}}
Sep 01 19:19:38 ubuntu neutron-server[113943]: DEBUG ovsdbapp.backend.ovs_idl [None req-ef5e8eac-d3f4-400f-8510-12785a469a70 None None] Created lookup_table index Chassis.name {{(pid=113943) autocreate_indices /usr/local/lib/python3.8/dist-packages/ovsdbapp/backend/ovs_idl/__init__.py:85}}
Sep 01 19:19:38 ubuntu neutron-server[113942]: DEBUG ovsdbapp.backend.ovs_idl [None req-ec25fa76-acfc-4982-bf55-5b3efa6ec355 None None] Created schema index Connection.target {{(pid=113942) autocreate_indices /usr/local/lib/python3.8/dist-packages/ovsdbapp/backend/ovs_idl/__init__.py:104}}
Sep 01 19:19:38 ubuntu neutron-server[113943]: DEBUG ovsdbapp.backend.ovs_idl [None req-ef5e8eac-d3f4-400f-8510-12785a469a70 None None] Created schema index Datapath_Binding.tunnel_key {{(pid=113943) autocreate_indices /usr/local/lib/python3.8/dist-packages/ovsdbapp/backend/ovs_idl/__init__.py:104}}
Sep 01 19:19:38 ubuntu neutron-server[113942]: INFO ovsdbapp.backend.ovs_idl.vlog [None req-ec25fa76-acfc-4982-bf55-5b3efa6ec355 None None] tcp:192.168.79.48:6642: connecting...
Sep 01 19:19:38 ubuntu neutron-server[113943]: DEBUG ovsdbapp.backend.ovs_idl [None req-ef5e8eac-d3f4-400f-8510-12785a469a70 None None] Created schema index Connection.target {{(pid=113943) autocreate_indices /usr/local/lib/python3.8/dist-packages/ovsdbapp/backend/ovs_idl/__init__.py:104}}
Sep 01 19:19:38 ubuntu neutron-server[113942]: INFO ovsdbapp.backend.ovs_idl.vlog [None req-ec25fa76-acfc-4982-bf55-5b3efa6ec355 None None] tcp:192.168.79.48:6642: connected
Sep 01 19:19:38 ubuntu neutron-server[113943]: INFO ovsdbapp.backend.ovs_idl.vlog [None req-ef5e8eac-d3f4-400f-8510-12785a469a70 None None] tcp:192.168.79.48:6642: connecting...
Sep 01 19:19:38 ubuntu neutron-server[113943]: INFO ovsdbapp.backend.ovs_idl.vlog [None req-ef5e8eac-d3f4-400f-8510-12785a469a70 None None] tcp:192.168.79.48:6642: connected
Sep 01 19:19:38 ubuntu neutron-server[113942]: DEBUG neutron.common.ovn.hash_ring_manager [None req-ec25fa76-acfc-4982-bf55-5b3efa6ec355 None None] Allow caching, nodes 2>=2 {{(pid=113942) _wait_startup_before_caching /opt/stack/neutron/neutron/common/ovn/hash_ring_manager.py:60}}
Sep 01 19:19:38 ubuntu neutron-server[113943]: DEBUG neutron.common.ovn.hash_ring_manager [None req-ef5e8eac-d3f4-400f-8510-12785a469a70 None None] Allow caching, nodes 2>=2 {{(pid=113943) _wait_startup_before_caching /opt/stack/neutron/neutron/common/ovn/hash_ring_manager.py:60}}
Sep 01 19:19:38 ubuntu neutron-server[113942]: DEBUG neutron.plugins.ml2.drivers.ovn.mech_driver.ovsdb.ovsdb_monitor [None req-ec25fa76-acfc-4982-bf55-5b3efa6ec355 None None] Hash Ring: Node af19df5f-d0da-4366-87d9-3849b13cb55c (host: ubuntu) handling event "create" for row 6d086dc5-708e-46e4-88fd-0918544fc018 (table: Database) {{(pid=113942) notify /opt/stack/neutron/neutron/plugins/ml2/drivers/ovn/mech_driver/ovsdb/ovsdb_monitor.py:743}}
Sep 01 19:19:38 ubuntu neutron-server[113942]: DEBUG neutron.plugins.ml2.drivers.ovn.mech_driver.ovsdb.ovsdb_monitor [None req-ec25fa76-acfc-4982-bf55-5b3efa6ec355 None None] Hash Ring: Node af19df5f-d0da-4366-87d9-3849b13cb55c (host: ubuntu) handling event "create" for row 4bec8efd-90e5-40e2-b863-4ca1ab8fe4ba (table: Encap) {{(pid=113942) notify /opt/stack/neutron/neutron/plugins/ml2/drivers/ovn/mech_driver/ovsdb/ovsdb_monitor.py:743}}
Sep 01 19:19:38 ubuntu neutron-server[113943]: DEBUG neutron.plugins.ml2.drivers.ovn.mech_driver.ovsdb.ovsdb_monitor [None req-ef5e8eac-d3f4-400f-8510-12785a469a70 None None] Hash Ring: Node 0e9c87f8-7d7a-4f0e-ac9c-69a0a4d66b04 (host: ubuntu) handling event "create" for row ae782e15-0cfb-46fc-b904-737406bc967d (table: Database) {{(pid=113943) notify /opt/stack/neutron/neutron/plugins/ml2/drivers/ovn/mech_driver/ovsdb/ovsdb_monitor.py:743}}
Sep 01 19:19:38 ubuntu neutron-server[113942]: DEBUG neutron.plugins.ml2.drivers.ovn.mech_driver.ovsdb.ovsdb_monitor [None req-ec25fa76-acfc-4982-bf55-5b3efa6ec355 None None] ChassisMetadataAgentWriteEvent : Matched Chassis, create, None None {{(pid=113942) matches /opt/stack/neutron/neutron/plugins/ml2/drivers/ovn/mech_driver/ovsdb/ovsdb_monitor.py:62}}
Sep 01 19:19:38 ubuntu neutron-server[113942]: DEBUG neutron.plugins.ml2.drivers.ovn.mech_driver.ovsdb.ovsdb_monitor [None req-ec25fa76-acfc-4982-bf55-5b3efa6ec355 None None] ChassisAgentWriteEvent : Matched Chassis, create, None None {{(pid=113942) matches /opt/stack/neutron/neutron/plugins/ml2/drivers/ovn/mech_driver/ovsdb/ovsdb_monitor.py:62}}
Sep 01 19:19:38 ubuntu neutron-server[113721]: DEBUG ovsdbapp.backend.ovs_idl [None req-5c9ce235-8b84-4a50-b51c-ba68ad9b96df None None] Created lookup_table index Chassis.name {{(pid=113721) autocreate_indices /usr/local/lib/python3.8/dist-packages/ovsdbapp/backend/ovs_idl/__init__.py:85}}
Sep 01 19:19:38 ubuntu neutron-server[113721]: DEBUG ovsdbapp.backend.ovs_idl [None req-5c9ce235-8b84-4a50-b51c-ba68ad9b96df None None] Created lookup_table index MAC_Binding.ip {{(pid=113721) autocreate_indices /usr/local/lib/python3.8/dist-packages/ovsdbapp/backend/ovs_idl/__init__.py:85}}
Sep 01 19:19:38 ubuntu neutron-server[113721]: DEBUG ovsdbapp.backend.ovs_idl [None req-5c9ce235-8b84-4a50-b51c-ba68ad9b96df None None] Created schema index Meter.name {{(pid=113721) autocreate_indices /usr/local/lib/python3.8/dist-packages/ovsdbapp/backend/ovs_idl/__init__.py:104}}
Sep 01 19:19:38 ubuntu neutron-server[113721]: DEBUG ovsdbapp.backend.ovs_idl [None req-5c9ce235-8b84-4a50-b51c-ba68ad9b96df None None] Created schema index Address_Set.name {{(pid=113721) autocreate_indices /usr/local/lib/python3.8/dist-packages/ovsdbapp/backend/ovs_idl/__init__.py:104}}
Sep 01 19:19:38 ubuntu neutron-server[113721]: DEBUG ovsdbapp.backend.ovs_idl [None req-5c9ce235-8b84-4a50-b51c-ba68ad9b96df None None] Created schema index HA_Chassis_Group.name {{(pid=113721) autocreate_indices /usr/local/lib/python3.8/dist-packages/ovsdbapp/backend/ovs_idl/__init__.py:104}}
Sep 01 19:19:38 ubuntu neutron-server[113721]: DEBUG ovsdbapp.backend.ovs_idl [None req-5c9ce235-8b84-4a50-b51c-ba68ad9b96df None None] Created schema index IP_Multicast.datapath {{(pid=113721) autocreate_indices /usr/local/lib/python3.8/dist-packages/ovsdbapp/backend/ovs_idl/__init__.py:104}}
Sep 01 19:19:38 ubuntu neutron-server[113721]: DEBUG ovsdbapp.backend.ovs_idl [None req-5c9ce235-8b84-4a50-b51c-ba68ad9b96df None None] Created schema index Connection.target {{(pid=113721) autocreate_indices /usr/local/lib/python3.8/dist-packages/ovsdbapp/backend/ovs_idl/__init__.py:104}}
Sep 01 19:19:38 ubuntu neutron-server[113943]: DEBUG neutron.plugins.ml2.drivers.ovn.mech_driver.ovsdb.ovsdb_monitor [None req-ef5e8eac-d3f4-400f-8510-12785a469a70 None None] ChassisMetadataAgentWriteEvent : Matched Chassis, create, None None {{(pid=113943) matches /opt/stack/neutron/neutron/plugins/ml2/drivers/ovn/mech_driver/ovsdb/ovsdb_monitor.py:62}}
Sep 01 19:19:38 ubuntu neutron-server[113943]: DEBUG neutron.plugins.ml2.drivers.ovn.mech_driver.ovsdb.ovsdb_monitor [None req-ef5e8eac-d3f4-400f-8510-12785a469a70 None None] ChassisAgentWriteEvent : Matched Chassis, create, None None {{(pid=113943) matches /opt/stack/neutron/neutron/plugins/ml2/drivers/ovn/mech_driver/ovsdb/ovsdb_monitor.py:62}}
Sep 01 19:19:38 ubuntu neutron-server[113721]: DEBUG ovsdbapp.backend.ovs_idl [None req-5c9ce235-8b84-4a50-b51c-ba68ad9b96df None None] Created schema index Gateway_Chassis.name {{(pid=113721) autocreate_indices /usr/local/lib/python3.8/dist-packages/ovsdbapp/backend/ovs_idl/__init__.py:104}}
Sep 01 19:19:38 ubuntu neutron-server[113943]: DEBUG neutron.plugins.ml2.drivers.ovn.mech_driver.ovsdb.ovsdb_monitor [None req-ef5e8eac-d3f4-400f-8510-12785a469a70 None None] Hash Ring: Node 0e9c87f8-7d7a-4f0e-ac9c-69a0a4d66b04 (host: ubuntu) handling event "create" for row 5487beb0-a001-4295-b47d-d0f956c5bb84 (table: Chassis) {{(pid=113943) notify /opt/stack/neutron/neutron/plugins/ml2/drivers/ovn/mech_driver/ovsdb/ovsdb_monitor.py:743}}
Sep 01 19:19:38 ubuntu neutron-server[113721]: DEBUG ovsdbapp.backend.ovs_idl [None req-5c9ce235-8b84-4a50-b51c-ba68ad9b96df None None] Created schema index Port_Group.name {{(pid=113721) autocreate_indices /usr/local/lib/python3.8/dist-packages/ovsdbapp/backend/ovs_idl/__init__.py:104}}
Sep 01 19:19:38 ubuntu neutron-server[113721]: DEBUG ovsdbapp.backend.ovs_idl [None req-5c9ce235-8b84-4a50-b51c-ba68ad9b96df None None] Created schema index Datapath_Binding.tunnel_key {{(pid=113721) autocreate_indices /usr/local/lib/python3.8/dist-packages/ovsdbapp/backend/ovs_idl/__init__.py:104}}
Sep 01 19:19:38 ubuntu neutron-server[113943]: DEBUG neutron.plugins.ml2.drivers.ovn.mech_driver.ovsdb.ovsdb_monitor [None req-ef5e8eac-d3f4-400f-8510-12785a469a70 None None] Hash Ring: Node 0e9c87f8-7d7a-4f0e-ac9c-69a0a4d66b04 (host: ubuntu) handling event "create" for row 87530a58-839d-4291-bfad-afac35b5c3f3 (table: Connection) {{(pid=113943) notify /opt/stack/neutron/neutron/plugins/ml2/drivers/ovn/mech_driver/ovsdb/ovsdb_monitor.py:743}}
Sep 01 19:19:38 ubuntu neutron-server[113942]: INFO neutron.wsgi [-] (113942) wsgi starting up on http://0.0.0.0:9696
Sep 01 19:19:38 ubuntu neutron-server[113943]: INFO neutron.wsgi [-] (113943) wsgi starting up on http://0.0.0.0:9696
Sep 01 19:19:38 ubuntu neutron-server[113721]: INFO oslo_service.service [None req-5c9ce235-8b84-4a50-b51c-ba68ad9b96df None None] Starting 1 workers
Sep 01 19:19:38 ubuntu neutron-server[113721]: DEBUG oslo_service.service [None req-5c9ce235-8b84-4a50-b51c-ba68ad9b96df None None] Started child 113945 {{(pid=113721) _start_child /usr/local/lib/python3.8/dist-packages/oslo_service/service.py:575}}
Sep 01 19:19:38 ubuntu neutron-server[113721]: INFO oslo_service.service [None req-5c9ce235-8b84-4a50-b51c-ba68ad9b96df None None] Starting 1 workers
Sep 01 19:19:38 ubuntu neutron-server[113721]: DEBUG oslo_service.service [None req-5c9ce235-8b84-4a50-b51c-ba68ad9b96df None None] Started child 113946 {{(pid=113721) _start_child /usr/local/lib/python3.8/dist-packages/oslo_service/service.py:575}}
