Aug 24 08:59:22 ubuntu neutron-server[121739]: DEBUG neutron.api.extensions [None req-1c5b8637-9bac-4e42-860f-3ee56a2c57c7 None None] Ext name="Resource timestamps" alias="standard-attr-timestamp" description="Adds created_at and updated_at fields to all Neutron resources that have Neutron standard attributes." updated="2016-09-12T10:00:00-00:00" {{(pid=121739) _check_extension /opt/stack/neutron/neutron/api/extensions.py:416}}
Aug 24 08:59:22 ubuntu neutron-server[121739]: INFO neutron.api.extensions [None req-1c5b8637-9bac-4e42-860f-3ee56a2c57c7 None None] Loaded extension: standard-attr-timestamp
Aug 24 08:59:22 ubuntu neutron-server[121739]: DEBUG neutron.api.extensions [None req-1c5b8637-9bac-4e42-860f-3ee56a2c57c7 None None] Loading extension file: trunk.py {{(pid=121739) _load_all_extensions_from_path /opt/stack/neutron/neutron/api/extensions.py:450}}
Aug 24 08:59:22 ubuntu neutron-server[121739]: DEBUG neutron.api.extensions [None req-1c5b8637-9bac-4e42-860f-3ee56a2c57c7 None None] Ext name="Trunk Extension" alias="trunk" description="Provides support for trunk ports" updated="2016-01-01T10:00:00-00:00" {{(pid=121739) _check_extension /opt/stack/neutron/neutron/api/extensions.py:416}}
Aug 24 08:59:22 ubuntu neutron-server[121739]: INFO neutron.api.extensions [None req-1c5b8637-9bac-4e42-860f-3ee56a2c57c7 None None] Extension trunk not supported by any of loaded plugins
Aug 24 08:59:22 ubuntu neutron-server[121739]: DEBUG neutron.api.extensions [None req-1c5b8637-9bac-4e42-860f-3ee56a2c57c7 None None] Loading extension file: trunk_details.py {{(pid=121739) _load_all_extensions_from_path /opt/stack/neutron/neutron/api/extensions.py:450}}
Aug 24 08:59:22 ubuntu neutron-server[121739]: DEBUG neutron.api.extensions [None req-1c5b8637-9bac-4e42-860f-3ee56a2c57c7 None None] Ext name="Trunk port details" alias="trunk-details" description="Expose trunk port details" updated="2016-01-01T10:00:00-00:00" {{(pid=121739) _check_extension /opt/stack/neutron/neutron/api/extensions.py:416}}
Aug 24 08:59:22 ubuntu neutron-server[121739]: INFO neutron.api.extensions [None req-1c5b8637-9bac-4e42-860f-3ee56a2c57c7 None None] Extension trunk-details not supported by any of loaded plugins
Aug 24 08:59:22 ubuntu neutron-server[121739]: DEBUG neutron.api.extensions [None req-1c5b8637-9bac-4e42-860f-3ee56a2c57c7 None None] Loading extension file: uplink_status_propagation.py {{(pid=121739) _load_all_extensions_from_path /opt/stack/neutron/neutron/api/extensions.py:450}}
Aug 24 08:59:22 ubuntu neutron-server[121739]: DEBUG neutron.api.extensions [None req-1c5b8637-9bac-4e42-860f-3ee56a2c57c7 None None] Ext name="Uplink status propagation extension" alias="uplink-status-propagation" description="Provides ability to propagate port uplink status." updated="2018-05-31T18:00:00-00:00" {{(pid=121739) _check_extension /opt/stack/neutron/neutron/api/extensions.py:416}}
Aug 24 08:59:22 ubuntu neutron-server[121739]: INFO neutron.api.extensions [None req-1c5b8637-9bac-4e42-860f-3ee56a2c57c7 None None] Extension uplink-status-propagation not supported by any of loaded plugins
Aug 24 08:59:22 ubuntu neutron-server[121739]: DEBUG neutron.api.extensions [None req-1c5b8637-9bac-4e42-860f-3ee56a2c57c7 None None] Loading extension file: vlantransparent.py {{(pid=121739) _load_all_extensions_from_path /opt/stack/neutron/neutron/api/extensions.py:450}}
Aug 24 08:59:22 ubuntu neutron-server[121739]: DEBUG neutron.api.extensions [None req-1c5b8637-9bac-4e42-860f-3ee56a2c57c7 None None] Ext name="Vlantransparent" alias="vlan-transparent" description="Provides Vlan Transparent Networks" updated="2015-03-23T09:00:00-00:00" {{(pid=121739) _check_extension /opt/stack/neutron/neutron/api/extensions.py:416}}
Aug 24 08:59:22 ubuntu neutron-server[121739]: INFO neutron.api.extensions [None req-1c5b8637-9bac-4e42-860f-3ee56a2c57c7 None None] Extension vlan-transparent not supported by any of loaded plugins
Aug 24 08:59:22 ubuntu neutron-server[121739]: INFO neutron.quota.resource_registry [None req-1c5b8637-9bac-4e42-860f-3ee56a2c57c7 None None] Creating instance of TrackedResource for resource:network
Aug 24 08:59:22 ubuntu neutron-server[121739]: INFO neutron.quota.resource_registry [None req-1c5b8637-9bac-4e42-860f-3ee56a2c57c7 None None] Creating instance of TrackedResource for resource:subnet
Aug 24 08:59:22 ubuntu neutron-server[121739]: INFO neutron.quota.resource_registry [None req-1c5b8637-9bac-4e42-860f-3ee56a2c57c7 None None] Creating instance of TrackedResource for resource:subnetpool
Aug 24 08:59:22 ubuntu neutron-server[121739]: INFO neutron.quota.resource_registry [None req-1c5b8637-9bac-4e42-860f-3ee56a2c57c7 None None] Creating instance of TrackedResource for resource:port
Aug 24 08:59:22 ubuntu neutron-server[121739]: DEBUG neutron.api.v2.resource_helper [None req-1c5b8637-9bac-4e42-860f-3ee56a2c57c7 None None] Service FLAVORS assigned prefix:  {{(pid=121739) build_resource_info /opt/stack/neutron/neutron/api/v2/resource_helper.py:77}}
Aug 24 08:59:22 ubuntu neutron-server[121739]: DEBUG neutron.api.v2.resource_helper [None req-1c5b8637-9bac-4e42-860f-3ee56a2c57c7 None None] Service L3_ROUTER_NAT assigned prefix:  {{(pid=121739) build_resource_info /opt/stack/neutron/neutron/api/v2/resource_helper.py:77}}
Aug 24 08:59:22 ubuntu neutron-server[121739]: DEBUG neutron.api.v2.resource_helper [None req-1c5b8637-9bac-4e42-860f-3ee56a2c57c7 None None] Service L3_ROUTER_NAT assigned prefix:  {{(pid=121739) build_resource_info /opt/stack/neutron/neutron/api/v2/resource_helper.py:77}}
Aug 24 08:59:22 ubuntu neutron-server[121739]: INFO neutron.quota.resource_registry [None req-1c5b8637-9bac-4e42-860f-3ee56a2c57c7 None None] Creating instance of TrackedResource for resource:router
Aug 24 08:59:22 ubuntu neutron-server[121739]: INFO neutron.quota.resource_registry [None req-1c5b8637-9bac-4e42-860f-3ee56a2c57c7 None None] Creating instance of TrackedResource for resource:floatingip
Aug 24 08:59:22 ubuntu neutron-server[121739]: DEBUG neutron_lib.callbacks.manager [None req-1c5b8637-9bac-4e42-860f-3ee56a2c57c7 None None] Subscribe: <bound method NeutronDbPluginV2.validate_network_rbac_policy_change of <neutron.services.network_ip_availability.plugin.NetworkIPAvailabilityPlugin object at 0x7f0254ce72e0>> rbac-policy before_create 55550000 {{(pid=121739) subscribe /usr/local/lib/python3.8/dist-packages/neutron_lib/callbacks/manager.py:45}}
Aug 24 08:59:22 ubuntu neutron-server[121739]: DEBUG neutron_lib.callbacks.manager [None req-1c5b8637-9bac-4e42-860f-3ee56a2c57c7 None None] Subscribe: <bound method NeutronDbPluginV2.validate_network_rbac_policy_change of <neutron.services.network_ip_availability.plugin.NetworkIPAvailabilityPlugin object at 0x7f0254ce72e0>> rbac-policy before_update 55550000 {{(pid=121739) subscribe /usr/local/lib/python3.8/dist-packages/neutron_lib/callbacks/manager.py:45}}
Aug 24 08:59:22 ubuntu neutron-server[121739]: DEBUG neutron_lib.callbacks.manager [None req-1c5b8637-9bac-4e42-860f-3ee56a2c57c7 None None] Subscribe: <bound method NeutronDbPluginV2.validate_network_rbac_policy_change of <neutron.services.network_ip_availability.plugin.NetworkIPAvailabilityPlugin object at 0x7f0254ce72e0>> rbac-policy before_delete 55550000 {{(pid=121739) subscribe /usr/local/lib/python3.8/dist-packages/neutron_lib/callbacks/manager.py:45}}
Aug 24 08:59:22 ubuntu neutron-server[121739]: INFO neutron.quota.resource_registry [None req-1c5b8637-9bac-4e42-860f-3ee56a2c57c7 None None] Creating instance of CountableResource for resource:rbac_policy
Aug 24 08:59:22 ubuntu neutron-server[121739]: INFO neutron.quota.resource_registry [None req-1c5b8637-9bac-4e42-860f-3ee56a2c57c7 None None] Creating instance of TrackedResource for resource:security_group
Aug 24 08:59:22 ubuntu neutron-server[121739]: INFO neutron.quota.resource_registry [None req-1c5b8637-9bac-4e42-860f-3ee56a2c57c7 None None] Creating instance of TrackedResource for resource:security_group_rule
Aug 24 08:59:22 ubuntu neutron-server[121739]: DEBUG neutron.api.v2.resource_helper [None req-1c5b8637-9bac-4e42-860f-3ee56a2c57c7 None None] Service FLAVORS assigned prefix:  {{(pid=121739) build_resource_info /opt/stack/neutron/neutron/api/v2/resource_helper.py:77}}
Aug 24 08:59:22 ubuntu neutron-server[121739]: DEBUG neutron.api.v2.resource_helper [None req-1c5b8637-9bac-4e42-860f-3ee56a2c57c7 None None] Service L3_ROUTER_NAT assigned prefix:  {{(pid=121739) build_resource_info /opt/stack/neutron/neutron/api/v2/resource_helper.py:77}}
Aug 24 08:59:22 ubuntu neutron-server[121739]: DEBUG neutron.api.v2.resource_helper [None req-1c5b8637-9bac-4e42-860f-3ee56a2c57c7 None None] Service L3_ROUTER_NAT assigned prefix:  {{(pid=121739) build_resource_info /opt/stack/neutron/neutron/api/v2/resource_helper.py:77}}
Aug 24 08:59:22 ubuntu neutron-server[121739]: INFO neutron.quota.resource_registry [None req-1c5b8637-9bac-4e42-860f-3ee56a2c57c7 None None] Creating instance of TrackedResource for resource:router
Aug 24 08:59:22 ubuntu neutron-server[121739]: WARNING neutron.quota.resource_registry [None req-1c5b8637-9bac-4e42-860f-3ee56a2c57c7 None None] router is already registered
Aug 24 08:59:22 ubuntu neutron-server[121739]: INFO neutron.quota.resource_registry [None req-1c5b8637-9bac-4e42-860f-3ee56a2c57c7 None None] Creating instance of TrackedResource for resource:floatingip
Aug 24 08:59:22 ubuntu neutron-server[121739]: WARNING neutron.quota.resource_registry [None req-1c5b8637-9bac-4e42-860f-3ee56a2c57c7 None None] floatingip is already registered
Aug 24 08:59:22 ubuntu neutron-server[121739]: INFO neutron.quota.resource_registry [None req-1c5b8637-9bac-4e42-860f-3ee56a2c57c7 None None] Creating instance of CountableResource for resource:rbac_policy
Aug 24 08:59:22 ubuntu neutron-server[121739]: WARNING neutron.quota.resource_registry [None req-1c5b8637-9bac-4e42-860f-3ee56a2c57c7 None None] rbac_policy is already registered
Aug 24 08:59:22 ubuntu neutron-server[121739]: INFO neutron.quota.resource_registry [None req-1c5b8637-9bac-4e42-860f-3ee56a2c57c7 None None] Creating instance of TrackedResource for resource:security_group
Aug 24 08:59:22 ubuntu neutron-server[121739]: WARNING neutron.quota.resource_registry [None req-1c5b8637-9bac-4e42-860f-3ee56a2c57c7 None None] security_group is already registered
Aug 24 08:59:22 ubuntu neutron-server[121739]: INFO neutron.quota.resource_registry [None req-1c5b8637-9bac-4e42-860f-3ee56a2c57c7 None None] Creating instance of TrackedResource for resource:security_group_rule
Aug 24 08:59:22 ubuntu neutron-server[121739]: WARNING neutron.quota.resource_registry [None req-1c5b8637-9bac-4e42-860f-3ee56a2c57c7 None None] security_group_rule is already registered
Aug 24 08:59:22 ubuntu neutron-server[121739]: DEBUG neutron.api.extensions [None req-1c5b8637-9bac-4e42-860f-3ee56a2c57c7 None None] Extended resource: extensions {{(pid=121739) __init__ /opt/stack/neutron/neutron/api/extensions.py:157}}
Aug 24 08:59:22 ubuntu neutron-server[121739]: DEBUG neutron.api.extensions [None req-1c5b8637-9bac-4e42-860f-3ee56a2c57c7 None None] Extended resource: address-groups {{(pid=121739) __init__ /opt/stack/neutron/neutron/api/extensions.py:157}}
Aug 24 08:59:22 ubuntu neutron-server[121739]: DEBUG neutron.api.extensions [None req-1c5b8637-9bac-4e42-860f-3ee56a2c57c7 None None] Extended resource: address-scopes {{(pid=121739) __init__ /opt/stack/neutron/neutron/api/extensions.py:157}}
Aug 24 08:59:22 ubuntu neutron-server[121739]: DEBUG neutron.api.extensions [None req-1c5b8637-9bac-4e42-860f-3ee56a2c57c7 None None] Extended resource: agents {{(pid=121739) __init__ /opt/stack/neutron/neutron/api/extensions.py:157}}
Aug 24 08:59:22 ubuntu neutron-server[121739]: DEBUG neutron.api.extensions [None req-1c5b8637-9bac-4e42-860f-3ee56a2c57c7 None None] Extended resource: auto-allocated-topology {{(pid=121739) __init__ /opt/stack/neutron/neutron/api/extensions.py:157}}
Aug 24 08:59:22 ubuntu neutron-server[121739]: DEBUG neutron.api.extensions [None req-1c5b8637-9bac-4e42-860f-3ee56a2c57c7 None None] Extended resource: availability_zones {{(pid=121739) __init__ /opt/stack/neutron/neutron/api/extensions.py:157}}
Aug 24 08:59:22 ubuntu neutron-server[121739]: DEBUG neutron.api.extensions [None req-1c5b8637-9bac-4e42-860f-3ee56a2c57c7 None None] Extended resource: flavors {{(pid=121739) __init__ /opt/stack/neutron/neutron/api/extensions.py:157}}
Aug 24 08:59:22 ubuntu neutron-server[121739]: DEBUG neutron.api.extensions [None req-1c5b8637-9bac-4e42-860f-3ee56a2c57c7 None None] Extended resource: service_profiles {{(pid=121739) __init__ /opt/stack/neutron/neutron/api/extensions.py:157}}
Aug 24 08:59:22 ubuntu neutron-server[121739]: DEBUG neutron.api.extensions [None req-1c5b8637-9bac-4e42-860f-3ee56a2c57c7 None None] Extended resource: next_providers {{(pid=121739) __init__ /opt/stack/neutron/neutron/api/extensions.py:157}}
Aug 24 08:59:22 ubuntu neutron-server[121739]: DEBUG neutron.api.extensions [None req-1c5b8637-9bac-4e42-860f-3ee56a2c57c7 None None] Extended resource: service_profiles {{(pid=121739) __init__ /opt/stack/neutron/neutron/api/extensions.py:157}}
Aug 24 08:59:22 ubuntu neutron-server[121739]: DEBUG neutron.api.extensions [None req-1c5b8637-9bac-4e42-860f-3ee56a2c57c7 None None] Extended resource: floatingip-pools {{(pid=121739) __init__ /opt/stack/neutron/neutron/api/extensions.py:157}}
Aug 24 08:59:22 ubuntu neutron-server[121739]: DEBUG neutron.api.extensions [None req-1c5b8637-9bac-4e42-860f-3ee56a2c57c7 None None] Extended resource: routers {{(pid=121739) __init__ /opt/stack/neutron/neutron/api/extensions.py:157}}
Aug 24 08:59:22 ubuntu neutron-server[121739]: DEBUG neutron.api.extensions [None req-1c5b8637-9bac-4e42-860f-3ee56a2c57c7 None None] Extended resource: floatingips {{(pid=121739) __init__ /opt/stack/neutron/neutron/api/extensions.py:157}}
Aug 24 08:59:22 ubuntu neutron-server[121739]: DEBUG neutron.api.extensions [None req-1c5b8637-9bac-4e42-860f-3ee56a2c57c7 None None] Extended resource: network-ip-availabilities {{(pid=121739) __init__ /opt/stack/neutron/neutron/api/extensions.py:157}}
Aug 24 08:59:22 ubuntu neutron-server[121739]: DEBUG neutron.api.extensions [None req-1c5b8637-9bac-4e42-860f-3ee56a2c57c7 None None] Extended resource: bindings {{(pid=121739) __init__ /opt/stack/neutron/neutron/api/extensions.py:157}}
Aug 24 08:59:22 ubuntu neutron-server[121739]: DEBUG neutron.api.extensions [None req-1c5b8637-9bac-4e42-860f-3ee56a2c57c7 None None] Extended resource: quotas {{(pid=121739) __init__ /opt/stack/neutron/neutron/api/extensions.py:157}}
Aug 24 08:59:22 ubuntu neutron-server[121739]: DEBUG neutron.api.extensions [None req-1c5b8637-9bac-4e42-860f-3ee56a2c57c7 None None] Extended resource: quotas {{(pid=121739) __init__ /opt/stack/neutron/neutron/api/extensions.py:157}}
Aug 24 08:59:22 ubuntu neutron-server[121739]: DEBUG neutron.api.extensions [None req-1c5b8637-9bac-4e42-860f-3ee56a2c57c7 None None] Extended resource: rbac-policies {{(pid=121739) __init__ /opt/stack/neutron/neutron/api/extensions.py:157}}
Aug 24 08:59:22 ubuntu neutron-server[121739]: DEBUG neutron.api.extensions [None req-1c5b8637-9bac-4e42-860f-3ee56a2c57c7 None None] Extended resource: security-groups {{(pid=121739) __init__ /opt/stack/neutron/neutron/api/extensions.py:157}}
Aug 24 08:59:22 ubuntu neutron-server[121739]: DEBUG neutron.api.extensions [None req-1c5b8637-9bac-4e42-860f-3ee56a2c57c7 None None] Extended resource: security-group-rules {{(pid=121739) __init__ /opt/stack/neutron/neutron/api/extensions.py:157}}
Aug 24 08:59:22 ubuntu neutron-server[121739]: DEBUG neutron.api.extensions [None req-1c5b8637-9bac-4e42-860f-3ee56a2c57c7 None None] Extended resource: service-providers {{(pid=121739) __init__ /opt/stack/neutron/neutron/api/extensions.py:157}}
Aug 24 08:59:22 ubuntu neutron-server[121739]: DEBUG neutron.api.extensions [None req-1c5b8637-9bac-4e42-860f-3ee56a2c57c7 None None] Extended resource: tags {{(pid=121739) __init__ /opt/stack/neutron/neutron/api/extensions.py:157}}
Aug 24 08:59:22 ubuntu neutron-server[121739]: DEBUG neutron.api.extensions [None req-1c5b8637-9bac-4e42-860f-3ee56a2c57c7 None None] Extended resource: tags {{(pid=121739) __init__ /opt/stack/neutron/neutron/api/extensions.py:157}}
Aug 24 08:59:22 ubuntu neutron-server[121739]: DEBUG neutron.api.extensions [None req-1c5b8637-9bac-4e42-860f-3ee56a2c57c7 None None] Extended resource: tags {{(pid=121739) __init__ /opt/stack/neutron/neutron/api/extensions.py:157}}
Aug 24 08:59:22 ubuntu neutron-server[121739]: DEBUG neutron.api.extensions [None req-1c5b8637-9bac-4e42-860f-3ee56a2c57c7 None None] Extended resource: tags {{(pid=121739) __init__ /opt/stack/neutron/neutron/api/extensions.py:157}}
Aug 24 08:59:22 ubuntu neutron-server[121739]: DEBUG neutron.api.extensions [None req-1c5b8637-9bac-4e42-860f-3ee56a2c57c7 None None] Extended resource: tags {{(pid=121739) __init__ /opt/stack/neutron/neutron/api/extensions.py:157}}
Aug 24 08:59:22 ubuntu neutron-server[121739]: DEBUG neutron.api.extensions [None req-1c5b8637-9bac-4e42-860f-3ee56a2c57c7 None None] Extended resource: tags {{(pid=121739) __init__ /opt/stack/neutron/neutron/api/extensions.py:157}}
Aug 24 08:59:22 ubuntu neutron-server[121739]: DEBUG neutron.api.extensions [None req-1c5b8637-9bac-4e42-860f-3ee56a2c57c7 None None] Extended resource: tags {{(pid=121739) __init__ /opt/stack/neutron/neutron/api/extensions.py:157}}
Aug 24 08:59:22 ubuntu neutron-server[121739]: DEBUG neutron.api.extensions [None req-1c5b8637-9bac-4e42-860f-3ee56a2c57c7 None None] Extended resource: tags {{(pid=121739) __init__ /opt/stack/neutron/neutron/api/extensions.py:157}}
Aug 24 08:59:22 ubuntu neutron-server[121739]: DEBUG neutron.api.extensions [None req-1c5b8637-9bac-4e42-860f-3ee56a2c57c7 None None] Extended resource: tags {{(pid=121739) __init__ /opt/stack/neutron/neutron/api/extensions.py:157}}
Aug 24 08:59:22 ubuntu neutron-server[121739]: DEBUG neutron.api.extensions [None req-1c5b8637-9bac-4e42-860f-3ee56a2c57c7 None None] Extended resource: tags {{(pid=121739) __init__ /opt/stack/neutron/neutron/api/extensions.py:157}}
Aug 24 08:59:22 ubuntu neutron-server[121739]: WARNING keystonemiddleware.auth_token [None req-1c5b8637-9bac-4e42-860f-3ee56a2c57c7 None None] AuthToken middleware is set with keystone_authtoken.service_token_roles_required set to False. This is backwards compatible but deprecated behaviour. Please set this to True.
Aug 24 08:59:22 ubuntu neutron-server[121739]: WARNING keystonemiddleware.auth_token [None req-1c5b8637-9bac-4e42-860f-3ee56a2c57c7 None None] Configuring www_authenticate_uri to point to the public identity endpoint is required; clients may not be able to authenticate against an admin endpoint
Aug 24 08:59:22 ubuntu neutron-server[121739]: DEBUG oslo_concurrency.lockutils [None req-1c5b8637-9bac-4e42-860f-3ee56a2c57c7 None None] Acquiring lock "singleton_lock" {{(pid=121739) lock /usr/local/lib/python3.8/dist-packages/oslo_concurrency/lockutils.py:293}}
Aug 24 08:59:22 ubuntu neutron-server[121739]: DEBUG oslo_concurrency.lockutils [None req-1c5b8637-9bac-4e42-860f-3ee56a2c57c7 None None] Acquired lock "singleton_lock" {{(pid=121739) lock /usr/local/lib/python3.8/dist-packages/oslo_concurrency/lockutils.py:296}}
Aug 24 08:59:22 ubuntu neutron-server[121739]: DEBUG oslo_concurrency.lockutils [None req-1c5b8637-9bac-4e42-860f-3ee56a2c57c7 None None] Releasing lock "singleton_lock" {{(pid=121739) lock /usr/local/lib/python3.8/dist-packages/oslo_concurrency/lockutils.py:314}}
Aug 24 08:59:22 ubuntu neutron-server[121739]: INFO oslo_service.service [None req-1c5b8637-9bac-4e42-860f-3ee56a2c57c7 None None] Starting 2 workers
Aug 24 08:59:22 ubuntu neutron-server[121739]: DEBUG oslo_service.service [None req-1c5b8637-9bac-4e42-860f-3ee56a2c57c7 None None] Started child 121963 {{(pid=121739) _start_child /usr/local/lib/python3.8/dist-packages/oslo_service/service.py:575}}
Aug 24 08:59:22 ubuntu neutron-server[121739]: DEBUG oslo_service.service [None req-1c5b8637-9bac-4e42-860f-3ee56a2c57c7 None None] Started child 121964 {{(pid=121739) _start_child /usr/local/lib/python3.8/dist-packages/oslo_service/service.py:575}}
Aug 24 08:59:22 ubuntu neutron-server[121739]: INFO neutron.service [None req-1c5b8637-9bac-4e42-860f-3ee56a2c57c7 None None] Neutron service started, listening on 0.0.0.0:9696
Aug 24 08:59:22 ubuntu neutron-server[121739]: DEBUG neutron_lib.callbacks.manager [None req-1c5b8637-9bac-4e42-860f-3ee56a2c57c7 None None] Publish callbacks ['neutron.plugins.ml2.drivers.ovn.mech_driver.mech_driver.OVNMechanismDriver.pre_fork_initialize-1583219'] for process (None), before_spawn {{(pid=121739) _notify_loop /usr/local/lib/python3.8/dist-packages/neutron_lib/callbacks/manager.py:176}}
Aug 24 08:59:22 ubuntu neutron-server[121963]: DEBUG neutron_lib.callbacks.manager [-] Publish callbacks ['neutron.plugins.ml2.drivers.ovn.mech_driver.mech_driver.OVNMechanismDriver.post_fork_initialize-1583787'] for process (None), after_init {{(pid=121963) _notify_loop /usr/local/lib/python3.8/dist-packages/neutron_lib/callbacks/manager.py:176}}
Aug 24 08:59:22 ubuntu neutron-server[121964]: DEBUG neutron_lib.callbacks.manager [-] Publish callbacks ['neutron.plugins.ml2.drivers.ovn.mech_driver.mech_driver.OVNMechanismDriver.post_fork_initialize-1583787'] for process (None), after_init {{(pid=121964) _notify_loop /usr/local/lib/python3.8/dist-packages/neutron_lib/callbacks/manager.py:176}}
Aug 24 08:59:22 ubuntu neutron-server[121964]: DEBUG dbcounter [-] [121964] Writer thread running {{(pid=121964) stat_writer /usr/local/lib/python3.8/dist-packages/dbcounter.py:99}}
Aug 24 08:59:22 ubuntu neutron-server[121963]: DEBUG dbcounter [-] [121963] Writer thread running {{(pid=121963) stat_writer /usr/local/lib/python3.8/dist-packages/dbcounter.py:99}}
Aug 24 08:59:22 ubuntu neutron-server[121739]: DEBUG ovsdbapp.backend.ovs_idl [None req-1c5b8637-9bac-4e42-860f-3ee56a2c57c7 None None] Created schema index Port_Group.name {{(pid=121739) autocreate_indices /usr/local/lib/python3.8/dist-packages/ovsdbapp/backend/ovs_idl/__init__.py:104}}
Aug 24 08:59:22 ubuntu neutron-server[121739]: DEBUG ovsdbapp.backend.ovs_idl [None req-1c5b8637-9bac-4e42-860f-3ee56a2c57c7 None None] Created schema index Logical_Switch_Port.name {{(pid=121739) autocreate_indices /usr/local/lib/python3.8/dist-packages/ovsdbapp/backend/ovs_idl/__init__.py:104}}
Aug 24 08:59:22 ubuntu neutron-server[121739]: DEBUG ovsdbapp.backend.ovs_idl.transaction [-] Running txn n=1 command(idx=0): PgAddCommand(name=neutron_pg_drop, may_exist=True, columns={'acls': []}) {{(pid=121739) do_commit /usr/local/lib/python3.8/dist-packages/ovsdbapp/backend/ovs_idl/transaction.py:90}}
Aug 24 08:59:22 ubuntu neutron-server[121739]: DEBUG ovsdbapp.backend.ovs_idl.transaction [-] Running txn n=1 command(idx=1): PgAclAddCommand(entity=neutron_pg_drop, direction=from-lport, priority=1001, match=inport == @neutron_pg_drop && ip, action=drop, log=False, may_exist=True, severity=[], name=[], meter=None, external_ids={}) {{(pid=121739) do_commit /usr/local/lib/python3.8/dist-packages/ovsdbapp/backend/ovs_idl/transaction.py:90}}
Aug 24 08:59:22 ubuntu neutron-server[121739]: DEBUG ovsdbapp.backend.ovs_idl.transaction [-] Running txn n=1 command(idx=2): PgAclAddCommand(entity=neutron_pg_drop, direction=to-lport, priority=1001, match=outport == @neutron_pg_drop && ip, action=drop, log=False, may_exist=True, severity=[], name=[], meter=None, external_ids={}) {{(pid=121739) do_commit /usr/local/lib/python3.8/dist-packages/ovsdbapp/backend/ovs_idl/transaction.py:90}}
Aug 24 08:59:22 ubuntu neutron-server[121739]: DEBUG ovsdbapp.backend.ovs_idl.event [-] Matched CREATE: NeutronPgDropPortGroupCreated(events=('create',), table='Port_Group', conditions=(('name', '=', 'neutron_pg_drop'),), old_conditions=None), priority=10 to row=Port_Group(name=neutron_pg_drop, ports=[], external_ids={}, acls=[<ovs.db.idl.Row object at 0x7f025450f490>, <ovs.db.idl.Row object at 0x7f025450f8e0>]) old= {{(pid=121739) matches /usr/local/lib/python3.8/dist-packages/ovsdbapp/backend/ovs_idl/event.py:43}}
Aug 24 08:59:22 ubuntu neutron-server[121964]: INFO neutron.plugins.ml2.drivers.ovn.mech_driver.ovsdb.impl_idl_ovn [None req-233bbd30-1c7b-4c32-845e-61fa1db0c648 None None] Getting OvsdbNbOvnIdl for WorkerService with retry
Aug 24 08:59:22 ubuntu neutron-server[121963]: INFO neutron.plugins.ml2.drivers.ovn.mech_driver.ovsdb.impl_idl_ovn [None req-ff2af07f-2151-48f3-b90b-1ea1744aee56 None None] Getting OvsdbNbOvnIdl for WorkerService with retry
Aug 24 08:59:22 ubuntu neutron-server[121964]: DEBUG ovsdbapp.backend.ovs_idl [None req-233bbd30-1c7b-4c32-845e-61fa1db0c648 None None] Created lookup_table index Logical_Switch.name {{(pid=121964) autocreate_indices /usr/local/lib/python3.8/dist-packages/ovsdbapp/backend/ovs_idl/__init__.py:85}}
Aug 24 08:59:22 ubuntu neutron-server[121964]: DEBUG ovsdbapp.backend.ovs_idl [None req-233bbd30-1c7b-4c32-845e-61fa1db0c648 None None] Created lookup_table index Logical_Router.name {{(pid=121964) autocreate_indices /usr/local/lib/python3.8/dist-packages/ovsdbapp/backend/ovs_idl/__init__.py:85}}
Aug 24 08:59:22 ubuntu neutron-server[121964]: DEBUG ovsdbapp.backend.ovs_idl [None req-233bbd30-1c7b-4c32-845e-61fa1db0c648 None None] Created lookup_table index Load_Balancer.name {{(pid=121964) autocreate_indices /usr/local/lib/python3.8/dist-packages/ovsdbapp/backend/ovs_idl/__init__.py:85}}
Aug 24 08:59:22 ubuntu neutron-server[121964]: DEBUG ovsdbapp.backend.ovs_idl [None req-233bbd30-1c7b-4c32-845e-61fa1db0c648 None None] Created schema index Meter.name {{(pid=121964) autocreate_indices /usr/local/lib/python3.8/dist-packages/ovsdbapp/backend/ovs_idl/__init__.py:104}}
Aug 24 08:59:22 ubuntu neutron-server[121964]: DEBUG ovsdbapp.backend.ovs_idl [None req-233bbd30-1c7b-4c32-845e-61fa1db0c648 None None] Created schema index Address_Set.name {{(pid=121964) autocreate_indices /usr/local/lib/python3.8/dist-packages/ovsdbapp/backend/ovs_idl/__init__.py:104}}
Aug 24 08:59:22 ubuntu neutron-server[121964]: DEBUG ovsdbapp.backend.ovs_idl [None req-233bbd30-1c7b-4c32-845e-61fa1db0c648 None None] Created schema index HA_Chassis_Group.name {{(pid=121964) autocreate_indices /usr/local/lib/python3.8/dist-packages/ovsdbapp/backend/ovs_idl/__init__.py:104}}
Aug 24 08:59:22 ubuntu neutron-server[121964]: DEBUG ovsdbapp.backend.ovs_idl [None req-233bbd30-1c7b-4c32-845e-61fa1db0c648 None None] Created schema index Connection.target {{(pid=121964) autocreate_indices /usr/local/lib/python3.8/dist-packages/ovsdbapp/backend/ovs_idl/__init__.py:104}}
Aug 24 08:59:22 ubuntu neutron-server[121964]: DEBUG ovsdbapp.backend.ovs_idl [None req-233bbd30-1c7b-4c32-845e-61fa1db0c648 None None] Created schema index Gateway_Chassis.name {{(pid=121964) autocreate_indices /usr/local/lib/python3.8/dist-packages/ovsdbapp/backend/ovs_idl/__init__.py:104}}
Aug 24 08:59:22 ubuntu neutron-server[121964]: DEBUG ovsdbapp.backend.ovs_idl [None req-233bbd30-1c7b-4c32-845e-61fa1db0c648 None None] Created schema index Logical_Router_Port.name {{(pid=121964) autocreate_indices /usr/local/lib/python3.8/dist-packages/ovsdbapp/backend/ovs_idl/__init__.py:104}}
Aug 24 08:59:22 ubuntu neutron-server[121964]: DEBUG ovsdbapp.backend.ovs_idl [None req-233bbd30-1c7b-4c32-845e-61fa1db0c648 None None] Created schema index Port_Group.name {{(pid=121964) autocreate_indices /usr/local/lib/python3.8/dist-packages/ovsdbapp/backend/ovs_idl/__init__.py:104}}
Aug 24 08:59:22 ubuntu neutron-server[121964]: DEBUG ovsdbapp.backend.ovs_idl [None req-233bbd30-1c7b-4c32-845e-61fa1db0c648 None None] Created schema index Logical_Switch_Port.name {{(pid=121964) autocreate_indices /usr/local/lib/python3.8/dist-packages/ovsdbapp/backend/ovs_idl/__init__.py:104}}
Aug 24 08:59:22 ubuntu neutron-server[121964]: INFO ovsdbapp.backend.ovs_idl.vlog [None req-233bbd30-1c7b-4c32-845e-61fa1db0c648 None None] tcp:192.168.79.37:6641: connecting...
Aug 24 08:59:22 ubuntu neutron-server[121964]: INFO ovsdbapp.backend.ovs_idl.vlog [None req-233bbd30-1c7b-4c32-845e-61fa1db0c648 None None] tcp:192.168.79.37:6641: connected
Aug 24 08:59:22 ubuntu neutron-server[121739]: DEBUG ovsdbapp.backend.ovs_idl [None req-1c5b8637-9bac-4e42-860f-3ee56a2c57c7 None None] Created lookup_table index Logical_Switch.name {{(pid=121739) autocreate_indices /usr/local/lib/python3.8/dist-packages/ovsdbapp/backend/ovs_idl/__init__.py:85}}
Aug 24 08:59:22 ubuntu neutron-server[121963]: DEBUG ovsdbapp.backend.ovs_idl [None req-ff2af07f-2151-48f3-b90b-1ea1744aee56 None None] Created lookup_table index Logical_Switch.name {{(pid=121963) autocreate_indices /usr/local/lib/python3.8/dist-packages/ovsdbapp/backend/ovs_idl/__init__.py:85}}
Aug 24 08:59:22 ubuntu neutron-server[121739]: DEBUG ovsdbapp.backend.ovs_idl [None req-1c5b8637-9bac-4e42-860f-3ee56a2c57c7 None None] Created lookup_table index Logical_Router.name {{(pid=121739) autocreate_indices /usr/local/lib/python3.8/dist-packages/ovsdbapp/backend/ovs_idl/__init__.py:85}}
Aug 24 08:59:22 ubuntu neutron-server[121963]: DEBUG ovsdbapp.backend.ovs_idl [None req-ff2af07f-2151-48f3-b90b-1ea1744aee56 None None] Created lookup_table index Logical_Router.name {{(pid=121963) autocreate_indices /usr/local/lib/python3.8/dist-packages/ovsdbapp/backend/ovs_idl/__init__.py:85}}
Aug 24 08:59:22 ubuntu neutron-server[121963]: DEBUG ovsdbapp.backend.ovs_idl [None req-ff2af07f-2151-48f3-b90b-1ea1744aee56 None None] Created lookup_table index Load_Balancer.name {{(pid=121963) autocreate_indices /usr/local/lib/python3.8/dist-packages/ovsdbapp/backend/ovs_idl/__init__.py:85}}
Aug 24 08:59:22 ubuntu neutron-server[121739]: DEBUG ovsdbapp.backend.ovs_idl [None req-1c5b8637-9bac-4e42-860f-3ee56a2c57c7 None None] Created lookup_table index Load_Balancer.name {{(pid=121739) autocreate_indices /usr/local/lib/python3.8/dist-packages/ovsdbapp/backend/ovs_idl/__init__.py:85}}
Aug 24 08:59:22 ubuntu neutron-server[121963]: DEBUG ovsdbapp.backend.ovs_idl [None req-ff2af07f-2151-48f3-b90b-1ea1744aee56 None None] Created schema index Meter.name {{(pid=121963) autocreate_indices /usr/local/lib/python3.8/dist-packages/ovsdbapp/backend/ovs_idl/__init__.py:104}}
Aug 24 08:59:22 ubuntu neutron-server[121963]: DEBUG ovsdbapp.backend.ovs_idl [None req-ff2af07f-2151-48f3-b90b-1ea1744aee56 None None] Created schema index Address_Set.name {{(pid=121963) autocreate_indices /usr/local/lib/python3.8/dist-packages/ovsdbapp/backend/ovs_idl/__init__.py:104}}
Aug 24 08:59:22 ubuntu neutron-server[121963]: DEBUG ovsdbapp.backend.ovs_idl [None req-ff2af07f-2151-48f3-b90b-1ea1744aee56 None None] Created schema index HA_Chassis_Group.name {{(pid=121963) autocreate_indices /usr/local/lib/python3.8/dist-packages/ovsdbapp/backend/ovs_idl/__init__.py:104}}
Aug 24 08:59:22 ubuntu neutron-server[121739]: DEBUG ovsdbapp.backend.ovs_idl [None req-1c5b8637-9bac-4e42-860f-3ee56a2c57c7 None None] Created schema index Meter.name {{(pid=121739) autocreate_indices /usr/local/lib/python3.8/dist-packages/ovsdbapp/backend/ovs_idl/__init__.py:104}}
Aug 24 08:59:22 ubuntu neutron-server[121963]: DEBUG ovsdbapp.backend.ovs_idl [None req-ff2af07f-2151-48f3-b90b-1ea1744aee56 None None] Created schema index Connection.target {{(pid=121963) autocreate_indices /usr/local/lib/python3.8/dist-packages/ovsdbapp/backend/ovs_idl/__init__.py:104}}
Aug 24 08:59:22 ubuntu neutron-server[121963]: DEBUG ovsdbapp.backend.ovs_idl [None req-ff2af07f-2151-48f3-b90b-1ea1744aee56 None None] Created schema index Gateway_Chassis.name {{(pid=121963) autocreate_indices /usr/local/lib/python3.8/dist-packages/ovsdbapp/backend/ovs_idl/__init__.py:104}}
Aug 24 08:59:22 ubuntu neutron-server[121739]: DEBUG ovsdbapp.backend.ovs_idl [None req-1c5b8637-9bac-4e42-860f-3ee56a2c57c7 None None] Created schema index Address_Set.name {{(pid=121739) autocreate_indices /usr/local/lib/python3.8/dist-packages/ovsdbapp/backend/ovs_idl/__init__.py:104}}
Aug 24 08:59:22 ubuntu neutron-server[121963]: DEBUG ovsdbapp.backend.ovs_idl [None req-ff2af07f-2151-48f3-b90b-1ea1744aee56 None None] Created schema index Logical_Router_Port.name {{(pid=121963) autocreate_indices /usr/local/lib/python3.8/dist-packages/ovsdbapp/backend/ovs_idl/__init__.py:104}}
Aug 24 08:59:22 ubuntu neutron-server[121963]: DEBUG ovsdbapp.backend.ovs_idl [None req-ff2af07f-2151-48f3-b90b-1ea1744aee56 None None] Created schema index Port_Group.name {{(pid=121963) autocreate_indices /usr/local/lib/python3.8/dist-packages/ovsdbapp/backend/ovs_idl/__init__.py:104}}
Aug 24 08:59:22 ubuntu neutron-server[121963]: DEBUG ovsdbapp.backend.ovs_idl [None req-ff2af07f-2151-48f3-b90b-1ea1744aee56 None None] Created schema index Logical_Switch_Port.name {{(pid=121963) autocreate_indices /usr/local/lib/python3.8/dist-packages/ovsdbapp/backend/ovs_idl/__init__.py:104}}
Aug 24 08:59:22 ubuntu neutron-server[121739]: DEBUG ovsdbapp.backend.ovs_idl [None req-1c5b8637-9bac-4e42-860f-3ee56a2c57c7 None None] Created schema index HA_Chassis_Group.name {{(pid=121739) autocreate_indices /usr/local/lib/python3.8/dist-packages/ovsdbapp/backend/ovs_idl/__init__.py:104}}
Aug 24 08:59:22 ubuntu neutron-server[121963]: INFO ovsdbapp.backend.ovs_idl.vlog [None req-ff2af07f-2151-48f3-b90b-1ea1744aee56 None None] tcp:192.168.79.37:6641: connecting...
Aug 24 08:59:22 ubuntu neutron-server[121739]: DEBUG ovsdbapp.backend.ovs_idl [None req-1c5b8637-9bac-4e42-860f-3ee56a2c57c7 None None] Created schema index Connection.target {{(pid=121739) autocreate_indices /usr/local/lib/python3.8/dist-packages/ovsdbapp/backend/ovs_idl/__init__.py:104}}
Aug 24 08:59:22 ubuntu neutron-server[121963]: INFO ovsdbapp.backend.ovs_idl.vlog [None req-ff2af07f-2151-48f3-b90b-1ea1744aee56 None None] tcp:192.168.79.37:6641: connected
Aug 24 08:59:22 ubuntu neutron-server[121739]: DEBUG ovsdbapp.backend.ovs_idl [None req-1c5b8637-9bac-4e42-860f-3ee56a2c57c7 None None] Created schema index Gateway_Chassis.name {{(pid=121739) autocreate_indices /usr/local/lib/python3.8/dist-packages/ovsdbapp/backend/ovs_idl/__init__.py:104}}
Aug 24 08:59:22 ubuntu neutron-server[121739]: DEBUG ovsdbapp.backend.ovs_idl [None req-1c5b8637-9bac-4e42-860f-3ee56a2c57c7 None None] Created schema index Logical_Router_Port.name {{(pid=121739) autocreate_indices /usr/local/lib/python3.8/dist-packages/ovsdbapp/backend/ovs_idl/__init__.py:104}}
Aug 24 08:59:22 ubuntu neutron-server[121739]: DEBUG ovsdbapp.backend.ovs_idl [None req-1c5b8637-9bac-4e42-860f-3ee56a2c57c7 None None] Created schema index Port_Group.name {{(pid=121739) autocreate_indices /usr/local/lib/python3.8/dist-packages/ovsdbapp/backend/ovs_idl/__init__.py:104}}
Aug 24 08:59:22 ubuntu neutron-server[121739]: DEBUG ovsdbapp.backend.ovs_idl [None req-1c5b8637-9bac-4e42-860f-3ee56a2c57c7 None None] Created schema index Logical_Switch_Port.name {{(pid=121739) autocreate_indices /usr/local/lib/python3.8/dist-packages/ovsdbapp/backend/ovs_idl/__init__.py:104}}
Aug 24 08:59:22 ubuntu neutron-server[121964]: DEBUG neutron.common.ovn.hash_ring_manager [None req-233bbd30-1c7b-4c32-845e-61fa1db0c648 None None] Allow caching, nodes 2>=2 {{(pid=121964) _wait_startup_before_caching /opt/stack/neutron/neutron/common/ovn/hash_ring_manager.py:60}}
Aug 24 08:59:22 ubuntu neutron-server[121963]: DEBUG neutron.common.ovn.hash_ring_manager [None req-ff2af07f-2151-48f3-b90b-1ea1744aee56 None None] Allow caching, nodes 2>=2 {{(pid=121963) _wait_startup_before_caching /opt/stack/neutron/neutron/common/ovn/hash_ring_manager.py:60}}
Aug 24 08:59:22 ubuntu neutron-server[121964]: DEBUG neutron.plugins.ml2.drivers.ovn.mech_driver.ovsdb.ovsdb_monitor [None req-233bbd30-1c7b-4c32-845e-61fa1db0c648 None None] Hash Ring: Node c6a90652-d8ad-4acb-b98b-e8e3cfa43234 (host: ubuntu) handling event "create" for row 5e5dcc40-9e8f-4113-918d-16eb3ec6ce3f (table: Port_Group) {{(pid=121964) notify /opt/stack/neutron/neutron/plugins/ml2/drivers/ovn/mech_driver/ovsdb/ovsdb_monitor.py:743}}
Aug 24 08:59:22 ubuntu neutron-server[121964]: DEBUG neutron.plugins.ml2.drivers.ovn.mech_driver.ovsdb.ovsdb_monitor [None req-233bbd30-1c7b-4c32-845e-61fa1db0c648 None None] Hash Ring: Node c6a90652-d8ad-4acb-b98b-e8e3cfa43234 (host: ubuntu) handling event "create" for row b1327bc7-5479-4897-8c13-dca9146fef3c (table: ACL) {{(pid=121964) notify /opt/stack/neutron/neutron/plugins/ml2/drivers/ovn/mech_driver/ovsdb/ovsdb_monitor.py:743}}
Aug 24 08:59:22 ubuntu neutron-server[121964]: INFO neutron.plugins.ml2.drivers.ovn.mech_driver.ovsdb.impl_idl_ovn [None req-233bbd30-1c7b-4c32-845e-61fa1db0c648 None None] Getting OvsdbSbOvnIdl for WorkerService with retry
Aug 24 08:59:22 ubuntu neutron-server[121963]: DEBUG neutron.plugins.ml2.drivers.ovn.mech_driver.ovsdb.ovsdb_monitor [None req-ff2af07f-2151-48f3-b90b-1ea1744aee56 None None] Hash Ring: Node 464a4a87-f97f-49fd-a4b7-25fe3c510163 (host: ubuntu) handling event "create" for row f14b5ddc-b4ec-4e00-93b5-4c257027241b (table: Database) {{(pid=121963) notify /opt/stack/neutron/neutron/plugins/ml2/drivers/ovn/mech_driver/ovsdb/ovsdb_monitor.py:743}}
Aug 24 08:59:22 ubuntu neutron-server[121963]: DEBUG neutron.plugins.ml2.drivers.ovn.mech_driver.ovsdb.ovsdb_monitor [None req-ff2af07f-2151-48f3-b90b-1ea1744aee56 None None] Hash Ring: Node 464a4a87-f97f-49fd-a4b7-25fe3c510163 (host: ubuntu) handling event "create" for row 111e7c82-9d0c-4fa7-ae1c-68e5dfef65f3 (table: Database) {{(pid=121963) notify /opt/stack/neutron/neutron/plugins/ml2/drivers/ovn/mech_driver/ovsdb/ovsdb_monitor.py:743}}
Aug 24 08:59:22 ubuntu neutron-server[121964]: DEBUG ovsdbapp.backend.ovs_idl [None req-233bbd30-1c7b-4c32-845e-61fa1db0c648 None None] Created lookup_table index Chassis.name {{(pid=121964) autocreate_indices /usr/local/lib/python3.8/dist-packages/ovsdbapp/backend/ovs_idl/__init__.py:85}}
Aug 24 08:59:22 ubuntu neutron-server[121964]: DEBUG ovsdbapp.backend.ovs_idl [None req-233bbd30-1c7b-4c32-845e-61fa1db0c648 None None] Created schema index Datapath_Binding.tunnel_key {{(pid=121964) autocreate_indices /usr/local/lib/python3.8/dist-packages/ovsdbapp/backend/ovs_idl/__init__.py:104}}
Aug 24 08:59:22 ubuntu neutron-server[121964]: DEBUG ovsdbapp.backend.ovs_idl [None req-233bbd30-1c7b-4c32-845e-61fa1db0c648 None None] Created schema index Connection.target {{(pid=121964) autocreate_indices /usr/local/lib/python3.8/dist-packages/ovsdbapp/backend/ovs_idl/__init__.py:104}}
Aug 24 08:59:22 ubuntu neutron-server[121964]: INFO ovsdbapp.backend.ovs_idl.vlog [None req-233bbd30-1c7b-4c32-845e-61fa1db0c648 None None] tcp:192.168.79.37:6642: connecting...
Aug 24 08:59:22 ubuntu neutron-server[121964]: INFO ovsdbapp.backend.ovs_idl.vlog [None req-233bbd30-1c7b-4c32-845e-61fa1db0c648 None None] tcp:192.168.79.37:6642: connected
Aug 24 08:59:22 ubuntu neutron-server[121963]: DEBUG neutron.plugins.ml2.drivers.ovn.mech_driver.ovsdb.ovsdb_monitor [None req-ff2af07f-2151-48f3-b90b-1ea1744aee56 None None] Hash Ring: Node 464a4a87-f97f-49fd-a4b7-25fe3c510163 (host: ubuntu) handling event "create" for row 5262c317-09c4-44f9-ba1b-6cfd3867a115 (table: NB_Global) {{(pid=121963) notify /opt/stack/neutron/neutron/plugins/ml2/drivers/ovn/mech_driver/ovsdb/ovsdb_monitor.py:743}}
Aug 24 08:59:22 ubuntu neutron-server[121963]: DEBUG neutron.plugins.ml2.drivers.ovn.mech_driver.ovsdb.ovsdb_monitor [None req-ff2af07f-2151-48f3-b90b-1ea1744aee56 None None] Hash Ring: Node 464a4a87-f97f-49fd-a4b7-25fe3c510163 (host: ubuntu) handling event "create" for row 43aab159-51cd-4d13-9e7c-13f4762c40f7 (table: ACL) {{(pid=121963) notify /opt/stack/neutron/neutron/plugins/ml2/drivers/ovn/mech_driver/ovsdb/ovsdb_monitor.py:743}}
Aug 24 08:59:22 ubuntu neutron-server[121963]: DEBUG neutron.plugins.ml2.drivers.ovn.mech_driver.ovsdb.ovsdb_monitor [None req-ff2af07f-2151-48f3-b90b-1ea1744aee56 None None] Hash Ring: Node 464a4a87-f97f-49fd-a4b7-25fe3c510163 (host: ubuntu) handling event "create" for row 5278ea78-d4b7-4a8d-afce-191daaf60776 (table: Connection) {{(pid=121963) notify /opt/stack/neutron/neutron/plugins/ml2/drivers/ovn/mech_driver/ovsdb/ovsdb_monitor.py:743}}
Aug 24 08:59:22 ubuntu neutron-server[121963]: INFO neutron.plugins.ml2.drivers.ovn.mech_driver.ovsdb.impl_idl_ovn [None req-ff2af07f-2151-48f3-b90b-1ea1744aee56 None None] Getting OvsdbSbOvnIdl for WorkerService with retry
Aug 24 08:59:22 ubuntu neutron-server[121739]: DEBUG ovsdbapp.backend.ovs_idl [None req-1c5b8637-9bac-4e42-860f-3ee56a2c57c7 None None] Created lookup_table index Chassis.name {{(pid=121739) autocreate_indices /usr/local/lib/python3.8/dist-packages/ovsdbapp/backend/ovs_idl/__init__.py:85}}
Aug 24 08:59:22 ubuntu neutron-server[121739]: DEBUG ovsdbapp.backend.ovs_idl [None req-1c5b8637-9bac-4e42-860f-3ee56a2c57c7 None None] Created lookup_table index MAC_Binding.ip {{(pid=121739) autocreate_indices /usr/local/lib/python3.8/dist-packages/ovsdbapp/backend/ovs_idl/__init__.py:85}}
Aug 24 08:59:22 ubuntu neutron-server[121739]: DEBUG ovsdbapp.backend.ovs_idl [None req-1c5b8637-9bac-4e42-860f-3ee56a2c57c7 None None] Created schema index Meter.name {{(pid=121739) autocreate_indices /usr/local/lib/python3.8/dist-packages/ovsdbapp/backend/ovs_idl/__init__.py:104}}
Aug 24 08:59:22 ubuntu neutron-server[121739]: DEBUG ovsdbapp.backend.ovs_idl [None req-1c5b8637-9bac-4e42-860f-3ee56a2c57c7 None None] Created schema index Address_Set.name {{(pid=121739) autocreate_indices /usr/local/lib/python3.8/dist-packages/ovsdbapp/backend/ovs_idl/__init__.py:104}}
Aug 24 08:59:22 ubuntu neutron-server[121739]: DEBUG ovsdbapp.backend.ovs_idl [None req-1c5b8637-9bac-4e42-860f-3ee56a2c57c7 None None] Created schema index HA_Chassis_Group.name {{(pid=121739) autocreate_indices /usr/local/lib/python3.8/dist-packages/ovsdbapp/backend/ovs_idl/__init__.py:104}}
Aug 24 08:59:22 ubuntu neutron-server[121739]: DEBUG ovsdbapp.backend.ovs_idl [None req-1c5b8637-9bac-4e42-860f-3ee56a2c57c7 None None] Created schema index IP_Multicast.datapath {{(pid=121739) autocreate_indices /usr/local/lib/python3.8/dist-packages/ovsdbapp/backend/ovs_idl/__init__.py:104}}
Aug 24 08:59:22 ubuntu neutron-server[121739]: DEBUG ovsdbapp.backend.ovs_idl [None req-1c5b8637-9bac-4e42-860f-3ee56a2c57c7 None None] Created schema index Connection.target {{(pid=121739) autocreate_indices /usr/local/lib/python3.8/dist-packages/ovsdbapp/backend/ovs_idl/__init__.py:104}}
Aug 24 08:59:22 ubuntu neutron-server[121739]: DEBUG ovsdbapp.backend.ovs_idl [None req-1c5b8637-9bac-4e42-860f-3ee56a2c57c7 None None] Created schema index Gateway_Chassis.name {{(pid=121739) autocreate_indices /usr/local/lib/python3.8/dist-packages/ovsdbapp/backend/ovs_idl/__init__.py:104}}
Aug 24 08:59:22 ubuntu neutron-server[121739]: DEBUG ovsdbapp.backend.ovs_idl [None req-1c5b8637-9bac-4e42-860f-3ee56a2c57c7 None None] Created schema index Port_Group.name {{(pid=121739) autocreate_indices /usr/local/lib/python3.8/dist-packages/ovsdbapp/backend/ovs_idl/__init__.py:104}}
Aug 24 08:59:22 ubuntu neutron-server[121739]: DEBUG ovsdbapp.backend.ovs_idl [None req-1c5b8637-9bac-4e42-860f-3ee56a2c57c7 None None] Created schema index Datapath_Binding.tunnel_key {{(pid=121739) autocreate_indices /usr/local/lib/python3.8/dist-packages/ovsdbapp/backend/ovs_idl/__init__.py:104}}
Aug 24 08:59:22 ubuntu neutron-server[121963]: DEBUG ovsdbapp.backend.ovs_idl [None req-ff2af07f-2151-48f3-b90b-1ea1744aee56 None None] Created lookup_table index Chassis.name {{(pid=121963) autocreate_indices /usr/local/lib/python3.8/dist-packages/ovsdbapp/backend/ovs_idl/__init__.py:85}}
Aug 24 08:59:22 ubuntu neutron-server[121963]: DEBUG ovsdbapp.backend.ovs_idl [None req-ff2af07f-2151-48f3-b90b-1ea1744aee56 None None] Created schema index Datapath_Binding.tunnel_key {{(pid=121963) autocreate_indices /usr/local/lib/python3.8/dist-packages/ovsdbapp/backend/ovs_idl/__init__.py:104}}
Aug 24 08:59:22 ubuntu neutron-server[121963]: DEBUG ovsdbapp.backend.ovs_idl [None req-ff2af07f-2151-48f3-b90b-1ea1744aee56 None None] Created schema index Connection.target {{(pid=121963) autocreate_indices /usr/local/lib/python3.8/dist-packages/ovsdbapp/backend/ovs_idl/__init__.py:104}}
Aug 24 08:59:22 ubuntu neutron-server[121963]: INFO ovsdbapp.backend.ovs_idl.vlog [None req-ff2af07f-2151-48f3-b90b-1ea1744aee56 None None] tcp:192.168.79.37:6642: connecting...
Aug 24 08:59:22 ubuntu neutron-server[121963]: INFO ovsdbapp.backend.ovs_idl.vlog [None req-ff2af07f-2151-48f3-b90b-1ea1744aee56 None None] tcp:192.168.79.37:6642: connected
Aug 24 08:59:22 ubuntu neutron-server[121963]: DEBUG neutron.common.ovn.hash_ring_manager [None req-ff2af07f-2151-48f3-b90b-1ea1744aee56 None None] Allow caching, nodes 2>=2 {{(pid=121963) _wait_startup_before_caching /opt/stack/neutron/neutron/common/ovn/hash_ring_manager.py:60}}
Aug 24 08:59:22 ubuntu neutron-server[121964]: DEBUG neutron.common.ovn.hash_ring_manager [None req-233bbd30-1c7b-4c32-845e-61fa1db0c648 None None] Allow caching, nodes 2>=2 {{(pid=121964) _wait_startup_before_caching /opt/stack/neutron/neutron/common/ovn/hash_ring_manager.py:60}}
Aug 24 08:59:22 ubuntu neutron-server[121739]: INFO oslo_service.service [None req-1c5b8637-9bac-4e42-860f-3ee56a2c57c7 None None] Starting 1 workers
Aug 24 08:59:22 ubuntu neutron-server[121963]: DEBUG neutron.plugins.ml2.drivers.ovn.mech_driver.ovsdb.ovsdb_monitor [None req-ff2af07f-2151-48f3-b90b-1ea1744aee56 None None] Hash Ring: Node 464a4a87-f97f-49fd-a4b7-25fe3c510163 (host: ubuntu) handling event "create" for row dbb3dafb-b19f-42e5-a90a-f1525deb2ba2 (table: Database) {{(pid=121963) notify /opt/stack/neutron/neutron/plugins/ml2/drivers/ovn/mech_driver/ovsdb/ovsdb_monitor.py:743}}
Aug 24 08:59:22 ubuntu neutron-server[121963]: DEBUG neutron.plugins.ml2.drivers.ovn.mech_driver.ovsdb.ovsdb_monitor [None req-ff2af07f-2151-48f3-b90b-1ea1744aee56 None None] ChassisMetadataAgentWriteEvent : Matched Chassis, create, None None {{(pid=121963) matches /opt/stack/neutron/neutron/plugins/ml2/drivers/ovn/mech_driver/ovsdb/ovsdb_monitor.py:62}}
Aug 24 08:59:22 ubuntu neutron-server[121964]: DEBUG neutron.plugins.ml2.drivers.ovn.mech_driver.ovsdb.ovsdb_monitor [None req-233bbd30-1c7b-4c32-845e-61fa1db0c648 None None] Hash Ring: Node c6a90652-d8ad-4acb-b98b-e8e3cfa43234 (host: ubuntu) handling event "create" for row 0f19a90c-b72e-412c-9763-1a24434f215c (table: Database) {{(pid=121964) notify /opt/stack/neutron/neutron/plugins/ml2/drivers/ovn/mech_driver/ovsdb/ovsdb_monitor.py:743}}
Aug 24 08:59:22 ubuntu neutron-server[121739]: DEBUG oslo_service.service [None req-1c5b8637-9bac-4e42-860f-3ee56a2c57c7 None None] Started child 121967 {{(pid=121739) _start_child /usr/local/lib/python3.8/dist-packages/oslo_service/service.py:575}}
Aug 24 08:59:22 ubuntu neutron-server[121963]: DEBUG neutron.plugins.ml2.drivers.ovn.mech_driver.ovsdb.ovsdb_monitor [None req-ff2af07f-2151-48f3-b90b-1ea1744aee56 None None] ChassisAgentWriteEvent : Matched Chassis, create, None None {{(pid=121963) matches /opt/stack/neutron/neutron/plugins/ml2/drivers/ovn/mech_driver/ovsdb/ovsdb_monitor.py:62}}
Aug 24 08:59:22 ubuntu neutron-server[121739]: INFO oslo_service.service [None req-1c5b8637-9bac-4e42-860f-3ee56a2c57c7 None None] Starting 1 workers
Aug 24 08:59:22 ubuntu neutron-server[121964]: DEBUG neutron.plugins.ml2.drivers.ovn.mech_driver.ovsdb.ovsdb_monitor [None req-233bbd30-1c7b-4c32-845e-61fa1db0c648 None None] Hash Ring: Node c6a90652-d8ad-4acb-b98b-e8e3cfa43234 (host: ubuntu) handling event "create" for row 665e1ec3-25b0-49a8-8bf8-a1d952b52398 (table: Encap) {{(pid=121964) notify /opt/stack/neutron/neutron/plugins/ml2/drivers/ovn/mech_driver/ovsdb/ovsdb_monitor.py:743}}
Aug 24 08:59:22 ubuntu neutron-server[121964]: DEBUG neutron.plugins.ml2.drivers.ovn.mech_driver.ovsdb.ovsdb_monitor [None req-233bbd30-1c7b-4c32-845e-61fa1db0c648 None None] ChassisMetadataAgentWriteEvent : Matched Chassis, create, None None {{(pid=121964) matches /opt/stack/neutron/neutron/plugins/ml2/drivers/ovn/mech_driver/ovsdb/ovsdb_monitor.py:62}}
Aug 24 08:59:22 ubuntu neutron-server[121964]: DEBUG neutron.plugins.ml2.drivers.ovn.mech_driver.ovsdb.ovsdb_monitor [None req-233bbd30-1c7b-4c32-845e-61fa1db0c648 None None] ChassisAgentWriteEvent : Matched Chassis, create, None None {{(pid=121964) matches /opt/stack/neutron/neutron/plugins/ml2/drivers/ovn/mech_driver/ovsdb/ovsdb_monitor.py:62}}
Aug 24 08:59:22 ubuntu neutron-server[121964]: DEBUG neutron.plugins.ml2.drivers.ovn.mech_driver.ovsdb.ovsdb_monitor [None req-233bbd30-1c7b-4c32-845e-61fa1db0c648 None None] Hash Ring: Node c6a90652-d8ad-4acb-b98b-e8e3cfa43234 (host: ubuntu) handling event "create" for row db04b4c4-3333-4cf5-bfaf-7ff033ac2d19 (table: Chassis) {{(pid=121964) notify /opt/stack/neutron/neutron/plugins/ml2/drivers/ovn/mech_driver/ovsdb/ovsdb_monitor.py:743}}
Aug 24 08:59:22 ubuntu neutron-server[121964]: DEBUG neutron.plugins.ml2.drivers.ovn.mech_driver.ovsdb.ovsdb_monitor [None req-233bbd30-1c7b-4c32-845e-61fa1db0c648 None None] Hash Ring: Node c6a90652-d8ad-4acb-b98b-e8e3cfa43234 (host: ubuntu) handling event "create" for row 6e38932b-920d-4aa3-950d-939897d2cb07 (table: Connection) {{(pid=121964) notify /opt/stack/neutron/neutron/plugins/ml2/drivers/ovn/mech_driver/ovsdb/ovsdb_monitor.py:743}}
Aug 24 08:59:22 ubuntu neutron-server[121739]: DEBUG oslo_service.service [None req-1c5b8637-9bac-4e42-860f-3ee56a2c57c7 None None] Started child 121968 {{(pid=121739) _start_child /usr/local/lib/python3.8/dist-packages/oslo_service/service.py:575}}
Aug 24 08:59:22 ubuntu neutron-server[121739]: INFO oslo_service.service [None req-1c5b8637-9bac-4e42-860f-3ee56a2c57c7 None None] Starting 1 workers
Aug 24 08:59:22 ubuntu neutron-server[121967]: DEBUG neutron.service [None req-1c5b8637-9bac-4e42-860f-3ee56a2c57c7 None None] calling RpcWorker wait() {{(pid=121967) _wait /opt/stack/neutron/neutron/service.py:128}}
