Jun 15 06:47:07 ubuntu neutron-server[120773]: DEBUG neutron.api.extensions [None req-364fd69c-d143-4ec7-ad66-4c94c886a1c5 None None] Extended resource: quotas {{(pid=120773) __init__ /opt/stack/neutron/neutron/api/extensions.py:157}}
Jun 15 06:47:07 ubuntu neutron-server[120773]: DEBUG neutron.api.extensions [None req-364fd69c-d143-4ec7-ad66-4c94c886a1c5 None None] Extended resource: quotas {{(pid=120773) __init__ /opt/stack/neutron/neutron/api/extensions.py:157}}
Jun 15 06:47:07 ubuntu neutron-server[120773]: DEBUG neutron.api.extensions [None req-364fd69c-d143-4ec7-ad66-4c94c886a1c5 None None] Extended resource: rbac-policies {{(pid=120773) __init__ /opt/stack/neutron/neutron/api/extensions.py:157}}
Jun 15 06:47:07 ubuntu neutron-server[120773]: DEBUG neutron.api.extensions [None req-364fd69c-d143-4ec7-ad66-4c94c886a1c5 None None] Extended resource: security-groups {{(pid=120773) __init__ /opt/stack/neutron/neutron/api/extensions.py:157}}
Jun 15 06:47:07 ubuntu neutron-server[120773]: DEBUG neutron.api.extensions [None req-364fd69c-d143-4ec7-ad66-4c94c886a1c5 None None] Extended resource: security-group-rules {{(pid=120773) __init__ /opt/stack/neutron/neutron/api/extensions.py:157}}
Jun 15 06:47:07 ubuntu neutron-server[120773]: DEBUG neutron.api.extensions [None req-364fd69c-d143-4ec7-ad66-4c94c886a1c5 None None] Extended resource: service-providers {{(pid=120773) __init__ /opt/stack/neutron/neutron/api/extensions.py:157}}
Jun 15 06:47:07 ubuntu neutron-server[120773]: DEBUG neutron.api.extensions [None req-364fd69c-d143-4ec7-ad66-4c94c886a1c5 None None] Extended resource: tags {{(pid=120773) __init__ /opt/stack/neutron/neutron/api/extensions.py:157}}
Jun 15 06:47:07 ubuntu neutron-server[120773]: DEBUG neutron.api.extensions [None req-364fd69c-d143-4ec7-ad66-4c94c886a1c5 None None] Extended resource: tags {{(pid=120773) __init__ /opt/stack/neutron/neutron/api/extensions.py:157}}
Jun 15 06:47:07 ubuntu neutron-server[120773]: DEBUG neutron.api.extensions [None req-364fd69c-d143-4ec7-ad66-4c94c886a1c5 None None] Extended resource: tags {{(pid=120773) __init__ /opt/stack/neutron/neutron/api/extensions.py:157}}
Jun 15 06:47:07 ubuntu neutron-server[120773]: DEBUG neutron.api.extensions [None req-364fd69c-d143-4ec7-ad66-4c94c886a1c5 None None] Extended resource: tags {{(pid=120773) __init__ /opt/stack/neutron/neutron/api/extensions.py:157}}
Jun 15 06:47:07 ubuntu neutron-server[120773]: DEBUG neutron.api.extensions [None req-364fd69c-d143-4ec7-ad66-4c94c886a1c5 None None] Extended resource: tags {{(pid=120773) __init__ /opt/stack/neutron/neutron/api/extensions.py:157}}
Jun 15 06:47:07 ubuntu neutron-server[120773]: DEBUG neutron.api.extensions [None req-364fd69c-d143-4ec7-ad66-4c94c886a1c5 None None] Extended resource: tags {{(pid=120773) __init__ /opt/stack/neutron/neutron/api/extensions.py:157}}
Jun 15 06:47:07 ubuntu neutron-server[120773]: DEBUG neutron.api.extensions [None req-364fd69c-d143-4ec7-ad66-4c94c886a1c5 None None] Extended resource: tags {{(pid=120773) __init__ /opt/stack/neutron/neutron/api/extensions.py:157}}
Jun 15 06:47:07 ubuntu neutron-server[120773]: DEBUG neutron.api.extensions [None req-364fd69c-d143-4ec7-ad66-4c94c886a1c5 None None] Extended resource: tags {{(pid=120773) __init__ /opt/stack/neutron/neutron/api/extensions.py:157}}
Jun 15 06:47:07 ubuntu neutron-server[120773]: DEBUG neutron.api.extensions [None req-364fd69c-d143-4ec7-ad66-4c94c886a1c5 None None] Extended resource: tags {{(pid=120773) __init__ /opt/stack/neutron/neutron/api/extensions.py:157}}
Jun 15 06:47:07 ubuntu neutron-server[120773]: DEBUG neutron.api.extensions [None req-364fd69c-d143-4ec7-ad66-4c94c886a1c5 None None] Extended resource: tags {{(pid=120773) __init__ /opt/stack/neutron/neutron/api/extensions.py:157}}
Jun 15 06:47:07 ubuntu neutron-server[120773]: WARNING keystonemiddleware.auth_token [None req-364fd69c-d143-4ec7-ad66-4c94c886a1c5 None None] AuthToken middleware is set with keystone_authtoken.service_token_roles_required set to False. This is backwards compatible but deprecated behaviour. Please set this to True.
Jun 15 06:47:07 ubuntu neutron-server[120773]: WARNING keystonemiddleware.auth_token [None req-364fd69c-d143-4ec7-ad66-4c94c886a1c5 None None] Configuring www_authenticate_uri to point to the public identity endpoint is required; clients may not be able to authenticate against an admin endpoint
Jun 15 06:47:07 ubuntu neutron-server[120773]: DEBUG oslo_concurrency.lockutils [None req-364fd69c-d143-4ec7-ad66-4c94c886a1c5 None None] Acquired lock "singleton_lock" {{(pid=120773) lock /usr/local/lib/python3.8/dist-packages/oslo_concurrency/lockutils.py:266}}
Jun 15 06:47:07 ubuntu neutron-server[120773]: DEBUG oslo_concurrency.lockutils [None req-364fd69c-d143-4ec7-ad66-4c94c886a1c5 None None] Releasing lock "singleton_lock" {{(pid=120773) lock /usr/local/lib/python3.8/dist-packages/oslo_concurrency/lockutils.py:282}}
Jun 15 06:47:07 ubuntu neutron-server[120773]: INFO oslo_service.service [None req-364fd69c-d143-4ec7-ad66-4c94c886a1c5 None None] Starting 2 workers
Jun 15 06:47:07 ubuntu neutron-server[120773]: DEBUG oslo_service.service [None req-364fd69c-d143-4ec7-ad66-4c94c886a1c5 None None] Started child 120980 {{(pid=120773) _start_child /usr/local/lib/python3.8/dist-packages/oslo_service/service.py:575}}
Jun 15 06:47:07 ubuntu neutron-server[120773]: DEBUG oslo_service.service [None req-364fd69c-d143-4ec7-ad66-4c94c886a1c5 None None] Started child 120981 {{(pid=120773) _start_child /usr/local/lib/python3.8/dist-packages/oslo_service/service.py:575}}
Jun 15 06:47:07 ubuntu neutron-server[120773]: INFO neutron.service [None req-364fd69c-d143-4ec7-ad66-4c94c886a1c5 None None] Neutron service started, listening on 0.0.0.0:9696
Jun 15 06:47:07 ubuntu neutron-server[120773]: DEBUG neutron_lib.callbacks.manager [None req-364fd69c-d143-4ec7-ad66-4c94c886a1c5 None None] Notify callbacks ['neutron.plugins.ml2.drivers.ovn.mech_driver.mech_driver.OVNMechanismDriver.pre_fork_initialize-694138'] for process, before_spawn {{(pid=120773) _notify_loop /usr/local/lib/python3.8/dist-packages/neutron_lib/callbacks/manager.py:192}}
Jun 15 06:47:07 ubuntu neutron-server[120980]: DEBUG neutron_lib.callbacks.manager [-] Notify callbacks ['neutron.plugins.ml2.drivers.ovn.mech_driver.mech_driver.OVNMechanismDriver.post_fork_initialize-694038'] for process, after_init {{(pid=120980) _notify_loop /usr/local/lib/python3.8/dist-packages/neutron_lib/callbacks/manager.py:192}}
Jun 15 06:47:07 ubuntu neutron-server[120981]: DEBUG neutron_lib.callbacks.manager [-] Notify callbacks ['neutron.plugins.ml2.drivers.ovn.mech_driver.mech_driver.OVNMechanismDriver.post_fork_initialize-694038'] for process, after_init {{(pid=120981) _notify_loop /usr/local/lib/python3.8/dist-packages/neutron_lib/callbacks/manager.py:192}}
Jun 15 06:47:07 ubuntu neutron-server[120980]: INFO neutron.plugins.ml2.drivers.ovn.mech_driver.ovsdb.impl_idl_ovn [None req-dbe19b95-28f5-440d-a6d9-413826fa058e None None] Getting OvsdbNbOvnIdl for WorkerService with retry
Jun 15 06:47:07 ubuntu neutron-server[120773]: DEBUG ovsdbapp.backend.ovs_idl [None req-364fd69c-d143-4ec7-ad66-4c94c886a1c5 None None] Created schema index Port_Group.name {{(pid=120773) autocreate_indices /usr/local/lib/python3.8/dist-packages/ovsdbapp/backend/ovs_idl/__init__.py:126}}
Jun 15 06:47:07 ubuntu neutron-server[120773]: DEBUG ovsdbapp.backend.ovs_idl [None req-364fd69c-d143-4ec7-ad66-4c94c886a1c5 None None] Created schema index Logical_Switch_Port.name {{(pid=120773) autocreate_indices /usr/local/lib/python3.8/dist-packages/ovsdbapp/backend/ovs_idl/__init__.py:126}}
Jun 15 06:47:07 ubuntu neutron-server[120981]: INFO neutron.plugins.ml2.drivers.ovn.mech_driver.ovsdb.impl_idl_ovn [None req-212cb6cf-2796-4326-9cbc-29672ed20f2a None None] Getting OvsdbNbOvnIdl for WorkerService with retry
Jun 15 06:47:07 ubuntu neutron-server[120980]: DEBUG ovsdbapp.backend.ovs_idl [None req-dbe19b95-28f5-440d-a6d9-413826fa058e None None] Created lookup_table index Logical_Switch.name {{(pid=120980) autocreate_indices /usr/local/lib/python3.8/dist-packages/ovsdbapp/backend/ovs_idl/__init__.py:107}}
Jun 15 06:47:07 ubuntu neutron-server[120980]: DEBUG ovsdbapp.backend.ovs_idl [None req-dbe19b95-28f5-440d-a6d9-413826fa058e None None] Created lookup_table index Logical_Router.name {{(pid=120980) autocreate_indices /usr/local/lib/python3.8/dist-packages/ovsdbapp/backend/ovs_idl/__init__.py:107}}
Jun 15 06:47:07 ubuntu neutron-server[120980]: DEBUG ovsdbapp.backend.ovs_idl [None req-dbe19b95-28f5-440d-a6d9-413826fa058e None None] Created lookup_table index Load_Balancer.name {{(pid=120980) autocreate_indices /usr/local/lib/python3.8/dist-packages/ovsdbapp/backend/ovs_idl/__init__.py:107}}
Jun 15 06:47:07 ubuntu neutron-server[120980]: DEBUG ovsdbapp.backend.ovs_idl [None req-dbe19b95-28f5-440d-a6d9-413826fa058e None None] Created schema index Meter.name {{(pid=120980) autocreate_indices /usr/local/lib/python3.8/dist-packages/ovsdbapp/backend/ovs_idl/__init__.py:126}}
Jun 15 06:47:07 ubuntu neutron-server[120980]: DEBUG ovsdbapp.backend.ovs_idl [None req-dbe19b95-28f5-440d-a6d9-413826fa058e None None] Created schema index Address_Set.name {{(pid=120980) autocreate_indices /usr/local/lib/python3.8/dist-packages/ovsdbapp/backend/ovs_idl/__init__.py:126}}
Jun 15 06:47:07 ubuntu neutron-server[120980]: DEBUG ovsdbapp.backend.ovs_idl [None req-dbe19b95-28f5-440d-a6d9-413826fa058e None None] Created schema index HA_Chassis_Group.name {{(pid=120980) autocreate_indices /usr/local/lib/python3.8/dist-packages/ovsdbapp/backend/ovs_idl/__init__.py:126}}
Jun 15 06:47:07 ubuntu neutron-server[120980]: DEBUG ovsdbapp.backend.ovs_idl [None req-dbe19b95-28f5-440d-a6d9-413826fa058e None None] Created schema index Connection.target {{(pid=120980) autocreate_indices /usr/local/lib/python3.8/dist-packages/ovsdbapp/backend/ovs_idl/__init__.py:126}}
Jun 15 06:47:07 ubuntu neutron-server[120980]: DEBUG ovsdbapp.backend.ovs_idl [None req-dbe19b95-28f5-440d-a6d9-413826fa058e None None] Created schema index Gateway_Chassis.name {{(pid=120980) autocreate_indices /usr/local/lib/python3.8/dist-packages/ovsdbapp/backend/ovs_idl/__init__.py:126}}
Jun 15 06:47:07 ubuntu neutron-server[120980]: DEBUG ovsdbapp.backend.ovs_idl [None req-dbe19b95-28f5-440d-a6d9-413826fa058e None None] Created schema index Logical_Router_Port.name {{(pid=120980) autocreate_indices /usr/local/lib/python3.8/dist-packages/ovsdbapp/backend/ovs_idl/__init__.py:126}}
Jun 15 06:47:07 ubuntu neutron-server[120980]: DEBUG ovsdbapp.backend.ovs_idl [None req-dbe19b95-28f5-440d-a6d9-413826fa058e None None] Created schema index Port_Group.name {{(pid=120980) autocreate_indices /usr/local/lib/python3.8/dist-packages/ovsdbapp/backend/ovs_idl/__init__.py:126}}
Jun 15 06:47:07 ubuntu neutron-server[120980]: DEBUG ovsdbapp.backend.ovs_idl [None req-dbe19b95-28f5-440d-a6d9-413826fa058e None None] Created schema index Logical_Switch_Port.name {{(pid=120980) autocreate_indices /usr/local/lib/python3.8/dist-packages/ovsdbapp/backend/ovs_idl/__init__.py:126}}
Jun 15 06:47:07 ubuntu neutron-server[120980]: INFO ovsdbapp.backend.ovs_idl.vlog [None req-dbe19b95-28f5-440d-a6d9-413826fa058e None None] tcp:192.168.79.46:6641: connecting...
Jun 15 06:47:07 ubuntu neutron-server[120980]: INFO ovsdbapp.backend.ovs_idl.vlog [None req-dbe19b95-28f5-440d-a6d9-413826fa058e None None] tcp:192.168.79.46:6641: connected
Jun 15 06:47:07 ubuntu neutron-server[120773]: DEBUG ovsdbapp.backend.ovs_idl.transaction [-] Running txn n=1 command(idx=0): PgAddCommand(name=neutron_pg_drop, may_exist=True, columns={'acls': []}) {{(pid=120773) do_commit /usr/local/lib/python3.8/dist-packages/ovsdbapp/backend/ovs_idl/transaction.py:90}}
Jun 15 06:47:07 ubuntu neutron-server[120773]: DEBUG ovsdbapp.backend.ovs_idl.transaction [-] Running txn n=1 command(idx=1): PgAclAddCommand(entity=neutron_pg_drop, direction=from-lport, priority=1001, match=inport == @neutron_pg_drop && ip, action=drop, log=False, may_exist=True, severity=[], name=[], meter=None, external_ids={}) {{(pid=120773) do_commit /usr/local/lib/python3.8/dist-packages/ovsdbapp/backend/ovs_idl/transaction.py:90}}
Jun 15 06:47:07 ubuntu neutron-server[120773]: DEBUG ovsdbapp.backend.ovs_idl.transaction [-] Running txn n=1 command(idx=2): PgAclAddCommand(entity=neutron_pg_drop, direction=to-lport, priority=1001, match=outport == @neutron_pg_drop && ip, action=drop, log=False, may_exist=True, severity=[], name=[], meter=None, external_ids={}) {{(pid=120773) do_commit /usr/local/lib/python3.8/dist-packages/ovsdbapp/backend/ovs_idl/transaction.py:90}}
Jun 15 06:47:07 ubuntu neutron-server[120773]: DEBUG ovsdbapp.backend.ovs_idl.event [-] Matched CREATE: NeutronPgDropPortGroupCreated(events=('create',), table='Port_Group', conditions=(('name', '=', 'neutron_pg_drop'),), old_conditions=None) to row=Port_Group(name=neutron_pg_drop, ports=[], external_ids={}, acls=[<ovs.db.idl.Row object at 0x7f46cccf1c10>, <ovs.db.idl.Row object at 0x7f46cccc1640>]) old= {{(pid=120773) matches /usr/local/lib/python3.8/dist-packages/ovsdbapp/backend/ovs_idl/event.py:43}}
Jun 15 06:47:07 ubuntu neutron-server[120980]: DEBUG neutron.common.ovn.hash_ring_manager [None req-dbe19b95-28f5-440d-a6d9-413826fa058e None None] Allow caching, nodes 2>=2 {{(pid=120980) _wait_startup_before_caching /opt/stack/neutron/neutron/common/ovn/hash_ring_manager.py:60}}
Jun 15 06:47:07 ubuntu neutron-server[120773]: DEBUG ovsdbapp.backend.ovs_idl [None req-364fd69c-d143-4ec7-ad66-4c94c886a1c5 None None] Created lookup_table index Logical_Switch.name {{(pid=120773) autocreate_indices /usr/local/lib/python3.8/dist-packages/ovsdbapp/backend/ovs_idl/__init__.py:107}}
Jun 15 06:47:07 ubuntu neutron-server[120773]: DEBUG ovsdbapp.backend.ovs_idl [None req-364fd69c-d143-4ec7-ad66-4c94c886a1c5 None None] Created lookup_table index Logical_Router.name {{(pid=120773) autocreate_indices /usr/local/lib/python3.8/dist-packages/ovsdbapp/backend/ovs_idl/__init__.py:107}}
Jun 15 06:47:07 ubuntu neutron-server[120773]: DEBUG ovsdbapp.backend.ovs_idl [None req-364fd69c-d143-4ec7-ad66-4c94c886a1c5 None None] Created lookup_table index Load_Balancer.name {{(pid=120773) autocreate_indices /usr/local/lib/python3.8/dist-packages/ovsdbapp/backend/ovs_idl/__init__.py:107}}
Jun 15 06:47:07 ubuntu neutron-server[120773]: DEBUG ovsdbapp.backend.ovs_idl [None req-364fd69c-d143-4ec7-ad66-4c94c886a1c5 None None] Created schema index Meter.name {{(pid=120773) autocreate_indices /usr/local/lib/python3.8/dist-packages/ovsdbapp/backend/ovs_idl/__init__.py:126}}
Jun 15 06:47:07 ubuntu neutron-server[120773]: DEBUG ovsdbapp.backend.ovs_idl [None req-364fd69c-d143-4ec7-ad66-4c94c886a1c5 None None] Created schema index Address_Set.name {{(pid=120773) autocreate_indices /usr/local/lib/python3.8/dist-packages/ovsdbapp/backend/ovs_idl/__init__.py:126}}
Jun 15 06:47:07 ubuntu neutron-server[120773]: DEBUG ovsdbapp.backend.ovs_idl [None req-364fd69c-d143-4ec7-ad66-4c94c886a1c5 None None] Created schema index HA_Chassis_Group.name {{(pid=120773) autocreate_indices /usr/local/lib/python3.8/dist-packages/ovsdbapp/backend/ovs_idl/__init__.py:126}}
Jun 15 06:47:07 ubuntu neutron-server[120980]: DEBUG neutron.plugins.ml2.drivers.ovn.mech_driver.ovsdb.ovsdb_monitor [None req-dbe19b95-28f5-440d-a6d9-413826fa058e None None] Hash Ring: Node f8d94b59-5519-4f6c-9aa5-c348ab0c00b0 (host: ubuntu) handling event "create" for row e57722ee-8488-4b73-8b1c-3b48083d3a0b (table: Database) {{(pid=120980) notify /opt/stack/neutron/neutron/plugins/ml2/drivers/ovn/mech_driver/ovsdb/ovsdb_monitor.py:729}}
Jun 15 06:47:07 ubuntu neutron-server[120773]: DEBUG ovsdbapp.backend.ovs_idl [None req-364fd69c-d143-4ec7-ad66-4c94c886a1c5 None None] Created schema index Connection.target {{(pid=120773) autocreate_indices /usr/local/lib/python3.8/dist-packages/ovsdbapp/backend/ovs_idl/__init__.py:126}}
Jun 15 06:47:07 ubuntu neutron-server[120773]: DEBUG ovsdbapp.backend.ovs_idl [None req-364fd69c-d143-4ec7-ad66-4c94c886a1c5 None None] Created schema index Gateway_Chassis.name {{(pid=120773) autocreate_indices /usr/local/lib/python3.8/dist-packages/ovsdbapp/backend/ovs_idl/__init__.py:126}}
Jun 15 06:47:07 ubuntu neutron-server[120773]: DEBUG ovsdbapp.backend.ovs_idl [None req-364fd69c-d143-4ec7-ad66-4c94c886a1c5 None None] Created schema index Logical_Router_Port.name {{(pid=120773) autocreate_indices /usr/local/lib/python3.8/dist-packages/ovsdbapp/backend/ovs_idl/__init__.py:126}}
Jun 15 06:47:07 ubuntu neutron-server[120773]: DEBUG ovsdbapp.backend.ovs_idl [None req-364fd69c-d143-4ec7-ad66-4c94c886a1c5 None None] Created schema index Port_Group.name {{(pid=120773) autocreate_indices /usr/local/lib/python3.8/dist-packages/ovsdbapp/backend/ovs_idl/__init__.py:126}}
Jun 15 06:47:07 ubuntu neutron-server[120773]: DEBUG ovsdbapp.backend.ovs_idl [None req-364fd69c-d143-4ec7-ad66-4c94c886a1c5 None None] Created schema index Logical_Switch_Port.name {{(pid=120773) autocreate_indices /usr/local/lib/python3.8/dist-packages/ovsdbapp/backend/ovs_idl/__init__.py:126}}
Jun 15 06:47:07 ubuntu neutron-server[120980]: DEBUG neutron.plugins.ml2.drivers.ovn.mech_driver.ovsdb.ovsdb_monitor [None req-dbe19b95-28f5-440d-a6d9-413826fa058e None None] Hash Ring: Node f8d94b59-5519-4f6c-9aa5-c348ab0c00b0 (host: ubuntu) handling event "create" for row 252214da-aa80-40ea-8146-946d341eed85 (table: Database) {{(pid=120980) notify /opt/stack/neutron/neutron/plugins/ml2/drivers/ovn/mech_driver/ovsdb/ovsdb_monitor.py:729}}
Jun 15 06:47:07 ubuntu neutron-server[120980]: DEBUG neutron.plugins.ml2.drivers.ovn.mech_driver.ovsdb.ovsdb_monitor [None req-dbe19b95-28f5-440d-a6d9-413826fa058e None None] Hash Ring: Node f8d94b59-5519-4f6c-9aa5-c348ab0c00b0 (host: ubuntu) handling event "create" for row 18c4595a-520c-45af-bcdd-c8aca28e8db8 (table: NB_Global) {{(pid=120980) notify /opt/stack/neutron/neutron/plugins/ml2/drivers/ovn/mech_driver/ovsdb/ovsdb_monitor.py:729}}
Jun 15 06:47:07 ubuntu neutron-server[120980]: DEBUG neutron.plugins.ml2.drivers.ovn.mech_driver.ovsdb.ovsdb_monitor [None req-dbe19b95-28f5-440d-a6d9-413826fa058e None None] Hash Ring: Node f8d94b59-5519-4f6c-9aa5-c348ab0c00b0 (host: ubuntu) handling event "create" for row 525f6e74-c08e-4880-a3b8-6b9a19f79c08 (table: Connection) {{(pid=120980) notify /opt/stack/neutron/neutron/plugins/ml2/drivers/ovn/mech_driver/ovsdb/ovsdb_monitor.py:729}}
Jun 15 06:47:07 ubuntu neutron-server[120980]: INFO neutron.plugins.ml2.drivers.ovn.mech_driver.ovsdb.impl_idl_ovn [None req-dbe19b95-28f5-440d-a6d9-413826fa058e None None] Getting OvsdbSbOvnIdl for WorkerService with retry
Jun 15 06:47:07 ubuntu neutron-server[120980]: DEBUG ovsdbapp.backend.ovs_idl [None req-dbe19b95-28f5-440d-a6d9-413826fa058e None None] Created lookup_table index Chassis.name {{(pid=120980) autocreate_indices /usr/local/lib/python3.8/dist-packages/ovsdbapp/backend/ovs_idl/__init__.py:107}}
Jun 15 06:47:07 ubuntu neutron-server[120980]: DEBUG ovsdbapp.backend.ovs_idl [None req-dbe19b95-28f5-440d-a6d9-413826fa058e None None] Created schema index Datapath_Binding.tunnel_key {{(pid=120980) autocreate_indices /usr/local/lib/python3.8/dist-packages/ovsdbapp/backend/ovs_idl/__init__.py:126}}
Jun 15 06:47:07 ubuntu neutron-server[120980]: DEBUG ovsdbapp.backend.ovs_idl [None req-dbe19b95-28f5-440d-a6d9-413826fa058e None None] Created schema index Connection.target {{(pid=120980) autocreate_indices /usr/local/lib/python3.8/dist-packages/ovsdbapp/backend/ovs_idl/__init__.py:126}}
Jun 15 06:47:07 ubuntu neutron-server[120980]: INFO ovsdbapp.backend.ovs_idl.vlog [None req-dbe19b95-28f5-440d-a6d9-413826fa058e None None] tcp:192.168.79.46:6642: connecting...
Jun 15 06:47:07 ubuntu neutron-server[120980]: INFO ovsdbapp.backend.ovs_idl.vlog [None req-dbe19b95-28f5-440d-a6d9-413826fa058e None None] tcp:192.168.79.46:6642: connected
Jun 15 06:47:07 ubuntu neutron-server[120981]: DEBUG ovsdbapp.backend.ovs_idl [None req-212cb6cf-2796-4326-9cbc-29672ed20f2a None None] Created lookup_table index Logical_Switch.name {{(pid=120981) autocreate_indices /usr/local/lib/python3.8/dist-packages/ovsdbapp/backend/ovs_idl/__init__.py:107}}
Jun 15 06:47:07 ubuntu neutron-server[120981]: DEBUG ovsdbapp.backend.ovs_idl [None req-212cb6cf-2796-4326-9cbc-29672ed20f2a None None] Created lookup_table index Logical_Router.name {{(pid=120981) autocreate_indices /usr/local/lib/python3.8/dist-packages/ovsdbapp/backend/ovs_idl/__init__.py:107}}
Jun 15 06:47:07 ubuntu neutron-server[120981]: DEBUG ovsdbapp.backend.ovs_idl [None req-212cb6cf-2796-4326-9cbc-29672ed20f2a None None] Created lookup_table index Load_Balancer.name {{(pid=120981) autocreate_indices /usr/local/lib/python3.8/dist-packages/ovsdbapp/backend/ovs_idl/__init__.py:107}}
Jun 15 06:47:07 ubuntu neutron-server[120981]: DEBUG ovsdbapp.backend.ovs_idl [None req-212cb6cf-2796-4326-9cbc-29672ed20f2a None None] Created schema index Meter.name {{(pid=120981) autocreate_indices /usr/local/lib/python3.8/dist-packages/ovsdbapp/backend/ovs_idl/__init__.py:126}}
Jun 15 06:47:07 ubuntu neutron-server[120981]: DEBUG ovsdbapp.backend.ovs_idl [None req-212cb6cf-2796-4326-9cbc-29672ed20f2a None None] Created schema index Address_Set.name {{(pid=120981) autocreate_indices /usr/local/lib/python3.8/dist-packages/ovsdbapp/backend/ovs_idl/__init__.py:126}}
Jun 15 06:47:07 ubuntu neutron-server[120981]: DEBUG ovsdbapp.backend.ovs_idl [None req-212cb6cf-2796-4326-9cbc-29672ed20f2a None None] Created schema index HA_Chassis_Group.name {{(pid=120981) autocreate_indices /usr/local/lib/python3.8/dist-packages/ovsdbapp/backend/ovs_idl/__init__.py:126}}
Jun 15 06:47:07 ubuntu neutron-server[120981]: DEBUG ovsdbapp.backend.ovs_idl [None req-212cb6cf-2796-4326-9cbc-29672ed20f2a None None] Created schema index Connection.target {{(pid=120981) autocreate_indices /usr/local/lib/python3.8/dist-packages/ovsdbapp/backend/ovs_idl/__init__.py:126}}
Jun 15 06:47:07 ubuntu neutron-server[120981]: DEBUG ovsdbapp.backend.ovs_idl [None req-212cb6cf-2796-4326-9cbc-29672ed20f2a None None] Created schema index Gateway_Chassis.name {{(pid=120981) autocreate_indices /usr/local/lib/python3.8/dist-packages/ovsdbapp/backend/ovs_idl/__init__.py:126}}
Jun 15 06:47:07 ubuntu neutron-server[120981]: DEBUG ovsdbapp.backend.ovs_idl [None req-212cb6cf-2796-4326-9cbc-29672ed20f2a None None] Created schema index Logical_Router_Port.name {{(pid=120981) autocreate_indices /usr/local/lib/python3.8/dist-packages/ovsdbapp/backend/ovs_idl/__init__.py:126}}
Jun 15 06:47:07 ubuntu neutron-server[120981]: DEBUG ovsdbapp.backend.ovs_idl [None req-212cb6cf-2796-4326-9cbc-29672ed20f2a None None] Created schema index Port_Group.name {{(pid=120981) autocreate_indices /usr/local/lib/python3.8/dist-packages/ovsdbapp/backend/ovs_idl/__init__.py:126}}
Jun 15 06:47:07 ubuntu neutron-server[120981]: DEBUG ovsdbapp.backend.ovs_idl [None req-212cb6cf-2796-4326-9cbc-29672ed20f2a None None] Created schema index Logical_Switch_Port.name {{(pid=120981) autocreate_indices /usr/local/lib/python3.8/dist-packages/ovsdbapp/backend/ovs_idl/__init__.py:126}}
Jun 15 06:47:07 ubuntu neutron-server[120981]: INFO ovsdbapp.backend.ovs_idl.vlog [None req-212cb6cf-2796-4326-9cbc-29672ed20f2a None None] tcp:192.168.79.46:6641: connecting...
Jun 15 06:47:07 ubuntu neutron-server[120981]: INFO ovsdbapp.backend.ovs_idl.vlog [None req-212cb6cf-2796-4326-9cbc-29672ed20f2a None None] tcp:192.168.79.46:6641: connected
Jun 15 06:47:07 ubuntu neutron-server[120980]: DEBUG neutron.common.ovn.hash_ring_manager [None req-dbe19b95-28f5-440d-a6d9-413826fa058e None None] Allow caching, nodes 2>=2 {{(pid=120980) _wait_startup_before_caching /opt/stack/neutron/neutron/common/ovn/hash_ring_manager.py:60}}
Jun 15 06:47:07 ubuntu neutron-server[120773]: DEBUG ovsdbapp.backend.ovs_idl [None req-364fd69c-d143-4ec7-ad66-4c94c886a1c5 None None] Created lookup_table index Chassis.name {{(pid=120773) autocreate_indices /usr/local/lib/python3.8/dist-packages/ovsdbapp/backend/ovs_idl/__init__.py:107}}
Jun 15 06:47:07 ubuntu neutron-server[120773]: DEBUG ovsdbapp.backend.ovs_idl [None req-364fd69c-d143-4ec7-ad66-4c94c886a1c5 None None] Created lookup_table index MAC_Binding.ip {{(pid=120773) autocreate_indices /usr/local/lib/python3.8/dist-packages/ovsdbapp/backend/ovs_idl/__init__.py:107}}
Jun 15 06:47:07 ubuntu neutron-server[120773]: DEBUG ovsdbapp.backend.ovs_idl [None req-364fd69c-d143-4ec7-ad66-4c94c886a1c5 None None] Created schema index Meter.name {{(pid=120773) autocreate_indices /usr/local/lib/python3.8/dist-packages/ovsdbapp/backend/ovs_idl/__init__.py:126}}
Jun 15 06:47:07 ubuntu neutron-server[120773]: DEBUG ovsdbapp.backend.ovs_idl [None req-364fd69c-d143-4ec7-ad66-4c94c886a1c5 None None] Created schema index Address_Set.name {{(pid=120773) autocreate_indices /usr/local/lib/python3.8/dist-packages/ovsdbapp/backend/ovs_idl/__init__.py:126}}
Jun 15 06:47:07 ubuntu neutron-server[120773]: DEBUG ovsdbapp.backend.ovs_idl [None req-364fd69c-d143-4ec7-ad66-4c94c886a1c5 None None] Created schema index HA_Chassis_Group.name {{(pid=120773) autocreate_indices /usr/local/lib/python3.8/dist-packages/ovsdbapp/backend/ovs_idl/__init__.py:126}}
Jun 15 06:47:07 ubuntu neutron-server[120773]: DEBUG ovsdbapp.backend.ovs_idl [None req-364fd69c-d143-4ec7-ad66-4c94c886a1c5 None None] Created schema index IP_Multicast.datapath {{(pid=120773) autocreate_indices /usr/local/lib/python3.8/dist-packages/ovsdbapp/backend/ovs_idl/__init__.py:126}}
Jun 15 06:47:07 ubuntu neutron-server[120773]: DEBUG ovsdbapp.backend.ovs_idl [None req-364fd69c-d143-4ec7-ad66-4c94c886a1c5 None None] Created schema index Connection.target {{(pid=120773) autocreate_indices /usr/local/lib/python3.8/dist-packages/ovsdbapp/backend/ovs_idl/__init__.py:126}}
Jun 15 06:47:07 ubuntu neutron-server[120773]: DEBUG ovsdbapp.backend.ovs_idl [None req-364fd69c-d143-4ec7-ad66-4c94c886a1c5 None None] Created schema index Gateway_Chassis.name {{(pid=120773) autocreate_indices /usr/local/lib/python3.8/dist-packages/ovsdbapp/backend/ovs_idl/__init__.py:126}}
Jun 15 06:47:07 ubuntu neutron-server[120773]: DEBUG ovsdbapp.backend.ovs_idl [None req-364fd69c-d143-4ec7-ad66-4c94c886a1c5 None None] Created schema index Port_Group.name {{(pid=120773) autocreate_indices /usr/local/lib/python3.8/dist-packages/ovsdbapp/backend/ovs_idl/__init__.py:126}}
Jun 15 06:47:07 ubuntu neutron-server[120773]: DEBUG ovsdbapp.backend.ovs_idl [None req-364fd69c-d143-4ec7-ad66-4c94c886a1c5 None None] Created schema index Datapath_Binding.tunnel_key {{(pid=120773) autocreate_indices /usr/local/lib/python3.8/dist-packages/ovsdbapp/backend/ovs_idl/__init__.py:126}}
Jun 15 06:47:07 ubuntu neutron-server[120980]: DEBUG neutron.plugins.ml2.drivers.ovn.mech_driver.ovsdb.ovsdb_monitor [None req-dbe19b95-28f5-440d-a6d9-413826fa058e None None] Hash Ring: Node f8d94b59-5519-4f6c-9aa5-c348ab0c00b0 (host: ubuntu) handling event "create" for row ecf68a56-9a89-4da7-beec-0c739669e9b6 (table: Database) {{(pid=120980) notify /opt/stack/neutron/neutron/plugins/ml2/drivers/ovn/mech_driver/ovsdb/ovsdb_monitor.py:729}}
Jun 15 06:47:07 ubuntu neutron-server[120980]: DEBUG neutron.plugins.ml2.drivers.ovn.mech_driver.ovsdb.ovsdb_monitor [None req-dbe19b95-28f5-440d-a6d9-413826fa058e None None] Hash Ring: Node f8d94b59-5519-4f6c-9aa5-c348ab0c00b0 (host: ubuntu) handling event "create" for row 0266e3bf-cfeb-4dab-a317-2f7b2d901907 (table: Database) {{(pid=120980) notify /opt/stack/neutron/neutron/plugins/ml2/drivers/ovn/mech_driver/ovsdb/ovsdb_monitor.py:729}}
Jun 15 06:47:07 ubuntu neutron-server[120980]: DEBUG neutron.plugins.ml2.drivers.ovn.mech_driver.ovsdb.ovsdb_monitor [None req-dbe19b95-28f5-440d-a6d9-413826fa058e None None] Hash Ring: Node f8d94b59-5519-4f6c-9aa5-c348ab0c00b0 (host: ubuntu) handling event "create" for row 81a8e91f-7890-45a9-ab94-f328e92c2775 (table: Encap) {{(pid=120980) notify /opt/stack/neutron/neutron/plugins/ml2/drivers/ovn/mech_driver/ovsdb/ovsdb_monitor.py:729}}
Jun 15 06:47:07 ubuntu neutron-server[120980]: DEBUG neutron.plugins.ml2.drivers.ovn.mech_driver.ovsdb.ovsdb_monitor [None req-dbe19b95-28f5-440d-a6d9-413826fa058e None None] ChassisAgentWriteEvent : Matched Chassis, create, None None {{(pid=120980) matches /opt/stack/neutron/neutron/plugins/ml2/drivers/ovn/mech_driver/ovsdb/ovsdb_monitor.py:62}}
Jun 15 06:47:07 ubuntu neutron-server[120980]: DEBUG neutron.plugins.ml2.drivers.ovn.mech_driver.ovsdb.ovsdb_monitor [None req-dbe19b95-28f5-440d-a6d9-413826fa058e None None] ChassisMetadataAgentWriteEvent : Matched Chassis, create, None None {{(pid=120980) matches /opt/stack/neutron/neutron/plugins/ml2/drivers/ovn/mech_driver/ovsdb/ovsdb_monitor.py:62}}
Jun 15 06:47:07 ubuntu neutron-server[120980]: DEBUG neutron.plugins.ml2.drivers.ovn.mech_driver.ovsdb.ovsdb_monitor [None req-dbe19b95-28f5-440d-a6d9-413826fa058e None None] Hash Ring: Node f8d94b59-5519-4f6c-9aa5-c348ab0c00b0 (host: ubuntu) handling event "create" for row b4d218e8-08c5-4570-8d7e-f901aeb03bde (table: Chassis) {{(pid=120980) notify /opt/stack/neutron/neutron/plugins/ml2/drivers/ovn/mech_driver/ovsdb/ovsdb_monitor.py:729}}
Jun 15 06:47:07 ubuntu neutron-server[120980]: INFO neutron.wsgi [-] (120980) wsgi starting up on http://0.0.0.0:9696
Jun 15 06:47:07 ubuntu neutron-server[120980]: DEBUG neutron.wsgi [-] (120980) accepted ('192.168.79.46', 49162) {{(pid=120980) server /usr/local/lib/python3.8/dist-packages/eventlet/wsgi.py:982}}
Jun 15 06:47:07 ubuntu neutron-server[120980]: INFO neutron.wsgi [-] 192.168.79.46 "GET / HTTP/1.1" status: 200  len: 255 time: 0.0046303
Jun 15 06:47:07 ubuntu neutron-server[120981]: DEBUG neutron.common.ovn.hash_ring_manager [None req-212cb6cf-2796-4326-9cbc-29672ed20f2a None None] Allow caching, nodes 2>=2 {{(pid=120981) _wait_startup_before_caching /opt/stack/neutron/neutron/common/ovn/hash_ring_manager.py:60}}
Jun 15 06:47:07 ubuntu neutron-server[120773]: INFO oslo_service.service [None req-364fd69c-d143-4ec7-ad66-4c94c886a1c5 None None] Starting 1 workers
Jun 15 06:47:07 ubuntu neutron-server[120773]: DEBUG oslo_service.service [None req-364fd69c-d143-4ec7-ad66-4c94c886a1c5 None None] Started child 120994 {{(pid=120773) _start_child /usr/local/lib/python3.8/dist-packages/oslo_service/service.py:575}}
Jun 15 06:47:07 ubuntu neutron-server[120773]: INFO oslo_service.service [None req-364fd69c-d143-4ec7-ad66-4c94c886a1c5 None None] Starting 1 workers
Jun 15 06:47:07 ubuntu neutron-server[120981]: DEBUG neutron.plugins.ml2.drivers.ovn.mech_driver.ovsdb.ovsdb_monitor [None req-212cb6cf-2796-4326-9cbc-29672ed20f2a None None] Hash Ring: Node 1f3872f9-34aa-4c33-ba69-e7f1cc77e0b3 (host: ubuntu) handling event "create" for row c5e9215d-ce24-4d26-871b-3e90e10a5b5b (table: Port_Group) {{(pid=120981) notify /opt/stack/neutron/neutron/plugins/ml2/drivers/ovn/mech_driver/ovsdb/ovsdb_monitor.py:729}}
Jun 15 06:47:07 ubuntu neutron-server[120981]: DEBUG neutron.plugins.ml2.drivers.ovn.mech_driver.ovsdb.ovsdb_monitor [None req-212cb6cf-2796-4326-9cbc-29672ed20f2a None None] Hash Ring: Node 1f3872f9-34aa-4c33-ba69-e7f1cc77e0b3 (host: ubuntu) handling event "create" for row 2aac835f-f163-4503-a01a-d887589586ff (table: ACL) {{(pid=120981) notify /opt/stack/neutron/neutron/plugins/ml2/drivers/ovn/mech_driver/ovsdb/ovsdb_monitor.py:729}}
Jun 15 06:47:07 ubuntu neutron-server[120981]: DEBUG neutron.plugins.ml2.drivers.ovn.mech_driver.ovsdb.ovsdb_monitor [None req-212cb6cf-2796-4326-9cbc-29672ed20f2a None None] Hash Ring: Node 1f3872f9-34aa-4c33-ba69-e7f1cc77e0b3 (host: ubuntu) handling event "create" for row 3e5eacba-edfb-4957-a84d-48ca3b630050 (table: ACL) {{(pid=120981) notify /opt/stack/neutron/neutron/plugins/ml2/drivers/ovn/mech_driver/ovsdb/ovsdb_monitor.py:729}}
Jun 15 06:47:07 ubuntu neutron-server[120773]: DEBUG oslo_service.service [None req-364fd69c-d143-4ec7-ad66-4c94c886a1c5 None None] Started child 120997 {{(pid=120773) _start_child /usr/local/lib/python3.8/dist-packages/oslo_service/service.py:575}}
Jun 15 06:47:07 ubuntu neutron-server[120981]: INFO neutron.plugins.ml2.drivers.ovn.mech_driver.ovsdb.impl_idl_ovn [None req-212cb6cf-2796-4326-9cbc-29672ed20f2a None None] Getting OvsdbSbOvnIdl for WorkerService with retry
Jun 15 06:47:07 ubuntu neutron-server[120773]: INFO oslo_service.service [None req-364fd69c-d143-4ec7-ad66-4c94c886a1c5 None None] Starting 1 workers
Jun 15 06:47:07 ubuntu neutron-server[120981]: DEBUG ovsdbapp.backend.ovs_idl [None req-212cb6cf-2796-4326-9cbc-29672ed20f2a None None] Created lookup_table index Chassis.name {{(pid=120981) autocreate_indices /usr/local/lib/python3.8/dist-packages/ovsdbapp/backend/ovs_idl/__init__.py:107}}
Jun 15 06:47:07 ubuntu neutron-server[120981]: DEBUG ovsdbapp.backend.ovs_idl [None req-212cb6cf-2796-4326-9cbc-29672ed20f2a None None] Created schema index Datapath_Binding.tunnel_key {{(pid=120981) autocreate_indices /usr/local/lib/python3.8/dist-packages/ovsdbapp/backend/ovs_idl/__init__.py:126}}
Jun 15 06:47:07 ubuntu neutron-server[120981]: DEBUG ovsdbapp.backend.ovs_idl [None req-212cb6cf-2796-4326-9cbc-29672ed20f2a None None] Created schema index Connection.target {{(pid=120981) autocreate_indices /usr/local/lib/python3.8/dist-packages/ovsdbapp/backend/ovs_idl/__init__.py:126}}
Jun 15 06:47:07 ubuntu neutron-server[120981]: INFO ovsdbapp.backend.ovs_idl.vlog [None req-212cb6cf-2796-4326-9cbc-29672ed20f2a None None] tcp:192.168.79.46:6642: connecting...
Jun 15 06:47:08 ubuntu neutron-server[120994]: DEBUG neutron.service [None req-364fd69c-d143-4ec7-ad66-4c94c886a1c5 None None] calling RpcWorker wait() {{(pid=120994) _wait /opt/stack/neutron/neutron/service.py:128}}
Jun 15 06:47:08 ubuntu neutron-server[120981]: INFO ovsdbapp.backend.ovs_idl.vlog [None req-212cb6cf-2796-4326-9cbc-29672ed20f2a None None] tcp:192.168.79.46:6642: connected
Jun 15 06:47:08 ubuntu neutron-server[120994]: DEBUG neutron.service [None req-364fd69c-d143-4ec7-ad66-4c94c886a1c5 None None] returning from RpcWorker wait() {{(pid=120994) _wait /opt/stack/neutron/neutron/service.py:135}}
Jun 15 06:47:08 ubuntu neutron-server[120994]: DEBUG neutron_lib.callbacks.manager [-] Notify callbacks ['neutron.plugins.ml2.drivers.ovn.mech_driver.mech_driver.OVNMechanismDriver.post_fork_initialize-694038'] for process, after_init {{(pid=120994) _notify_loop /usr/local/lib/python3.8/dist-packages/neutron_lib/callbacks/manager.py:192}}
Jun 15 06:47:08 ubuntu neutron-server[120773]: DEBUG oslo_service.service [None req-364fd69c-d143-4ec7-ad66-4c94c886a1c5 None None] Started child 120999 {{(pid=120773) _start_child /usr/local/lib/python3.8/dist-packages/oslo_service/service.py:575}}
Jun 15 06:47:08 ubuntu neutron-server[120773]: DEBUG neutron_lib.callbacks.manager [None req-364fd69c-d143-4ec7-ad66-4c94c886a1c5 None None] Notify callbacks [] for process, after_spawn {{(pid=120773) _notify_loop /usr/local/lib/python3.8/dist-packages/neutron_lib/callbacks/manager.py:192}}
Jun 15 06:47:08 ubuntu neutron-server[120773]: DEBUG oslo_service.service [-] Full set of CONF: {{(pid=120773) wait /usr/local/lib/python3.8/dist-packages/oslo_service/service.py:649}}
Jun 15 06:47:08 ubuntu neutron-server[120773]: DEBUG oslo_service.service [-] ******************************************************************************** {{(pid=120773) log_opt_values /usr/local/lib/python3.8/dist-packages/oslo_config/cfg.py:2589}}
Jun 15 06:47:08 ubuntu neutron-server[120773]: DEBUG oslo_service.service [-] Configuration options gathered from: {{(pid=120773) log_opt_values /usr/local/lib/python3.8/dist-packages/oslo_config/cfg.py:2590}}
Jun 15 06:47:08 ubuntu neutron-server[120773]: DEBUG oslo_service.service [-] command line args: ['--config-file', '/etc/neutron/neutron.conf', '--config-file', '/etc/neutron/plugins/ml2/ml2_conf.ini'] {{(pid=120773) log_opt_values /usr/local/lib/python3.8/dist-packages/oslo_config/cfg.py:2591}}
Jun 15 06:47:08 ubuntu neutron-server[120773]: DEBUG oslo_service.service [-] config files: ['/etc/neutron/neutron.conf', '/etc/neutron/plugins/ml2/ml2_conf.ini'] {{(pid=120773) log_opt_values /usr/local/lib/python3.8/dist-packages/oslo_config/cfg.py:2592}}
Jun 15 06:47:08 ubuntu neutron-server[120773]: DEBUG oslo_service.service [-] ================================================================================ {{(pid=120773) log_opt_values /usr/local/lib/python3.8/dist-packages/oslo_config/cfg.py:2594}}
Jun 15 06:47:08 ubuntu neutron-server[120773]: DEBUG oslo_service.service [-] agent_down_time                = 75 {{(pid=120773) log_opt_values /usr/local/lib/python3.8/dist-packages/oslo_config/cfg.py:2602}}
Jun 15 06:47:08 ubuntu neutron-server[120997]: DEBUG neutron_lib.callbacks.manager [-] Notify callbacks ['neutron.plugins.ml2.drivers.ovn.mech_driver.mech_driver.OVNMechanismDriver.post_fork_initialize-694038'] for process, after_init {{(pid=120997) _notify_loop /usr/local/lib/python3.8/dist-packages/neutron_lib/callbacks/manager.py:192}}
Jun 15 06:47:08 ubuntu neutron-server[120773]: DEBUG oslo_service.service [-] allow_automatic_dhcp_failover  = True {{(pid=120773) log_opt_values /usr/local/lib/python3.8/dist-packages/oslo_config/cfg.py:2602}}
Jun 15 06:47:08 ubuntu neutron-server[120773]: DEBUG oslo_service.service [-] allow_bulk                     = True {{(pid=120773) log_opt_values /usr/local/lib/python3.8/dist-packages/oslo_config/cfg.py:2602}}
Jun 15 06:47:08 ubuntu neutron-server[120773]: DEBUG oslo_service.service [-] allow_overlapping_ips          = True {{(pid=120773) log_opt_values /usr/local/lib/python3.8/dist-packages/oslo_config/cfg.py:2602}}
Jun 15 06:47:08 ubuntu neutron-server[120773]: DEBUG oslo_service.service [-] allowed_conntrack_helpers      = [{'amanda': 'tcp'}, {'ftp': 'tcp'}, {'h323': 'udp'}, {'h323': 'tcp'}, {'irc': 'tcp'}, {'netbios-ns': 'udp'}, {'pptp': 'tcp'}, {'sane': 'tcp'}, {'sip': 'udp'}, {'sip': 'tcp'}, {'snmp': 'udp'}, {'tftp': 'udp'}] {{(pid=120773) log_opt_values /usr/local/lib/python3.8/dist-packages/oslo_config/cfg.py:2602}}
Jun 15 06:47:08 ubuntu neutron-server[120773]: DEBUG oslo_service.service [-] api_extensions_path            =  {{(pid=120773) log_opt_values /usr/local/lib/python3.8/dist-packages/oslo_config/cfg.py:2602}}
Jun 15 06:47:08 ubuntu neutron-server[120994]: INFO neutron.plugins.ml2.drivers.ovn.mech_driver.ovsdb.impl_idl_ovn [-] Getting OvsdbNbOvnIdl for RpcWorker with retry
Jun 15 06:47:08 ubuntu neutron-server[120773]: DEBUG oslo_service.service [-] api_paste_config               = api-paste.ini {{(pid=120773) log_opt_values /usr/local/lib/python3.8/dist-packages/oslo_config/cfg.py:2602}}
Jun 15 06:47:08 ubuntu neutron-server[120773]: DEBUG oslo_service.service [-] api_workers                    = 2 {{(pid=120773) log_opt_values /usr/local/lib/python3.8/dist-packages/oslo_config/cfg.py:2602}}
Jun 15 06:47:08 ubuntu neutron-server[120773]: DEBUG oslo_service.service [-] auth_strategy                  = keystone {{(pid=120773) log_opt_values /usr/local/lib/python3.8/dist-packages/oslo_config/cfg.py:2602}}
Jun 15 06:47:08 ubuntu neutron-server[120773]: DEBUG oslo_service.service [-] backdoor_port                  = None {{(pid=120773) log_opt_values /usr/local/lib/python3.8/dist-packages/oslo_config/cfg.py:2602}}
Jun 15 06:47:08 ubuntu neutron-server[120773]: DEBUG oslo_service.service [-] backdoor_socket                = None {{(pid=120773) log_opt_values /usr/local/lib/python3.8/dist-packages/oslo_config/cfg.py:2602}}
Jun 15 06:47:08 ubuntu neutron-server[120773]: DEBUG oslo_service.service [-] backlog                        = 4096 {{(pid=120773) log_opt_values /usr/local/lib/python3.8/dist-packages/oslo_config/cfg.py:2602}}
Jun 15 06:47:08 ubuntu neutron-server[120773]: DEBUG oslo_service.service [-] base_mac                       = fa:16:3e:00:00:00 {{(pid=120773) log_opt_values /usr/local/lib/python3.8/dist-packages/oslo_config/cfg.py:2602}}
Jun 15 06:47:08 ubuntu neutron-server[120773]: DEBUG oslo_service.service [-] bind_host                      = 0.0.0.0 {{(pid=120773) log_opt_values /usr/local/lib/python3.8/dist-packages/oslo_config/cfg.py:2602}}
Jun 15 06:47:08 ubuntu neutron-server[120773]: DEBUG oslo_service.service [-] bind_port                      = 9696 {{(pid=120773) log_opt_values /usr/local/lib/python3.8/dist-packages/oslo_config/cfg.py:2602}}
Jun 15 06:47:08 ubuntu neutron-server[120997]: INFO neutron.plugins.ml2.drivers.ovn.mech_driver.ovsdb.impl_idl_ovn [-] Getting OvsdbNbOvnIdl for MaintenanceWorker with retry
Jun 15 06:47:08 ubuntu neutron-server[120773]: DEBUG oslo_service.service [-] client_socket_timeout          = 900 {{(pid=120773) log_opt_values /usr/local/lib/python3.8/dist-packages/oslo_config/cfg.py:2602}}
Jun 15 06:47:08 ubuntu neutron-server[120773]: DEBUG oslo_service.service [-] config_dir                     = [] {{(pid=120773) log_opt_values /usr/local/lib/python3.8/dist-packages/oslo_config/cfg.py:2602}}
Jun 15 06:47:08 ubuntu neutron-server[120773]: DEBUG oslo_service.service [-] config_file                    = ['/etc/neutron/neutron.conf', '/etc/neutron/plugins/ml2/ml2_conf.ini'] {{(pid=120773) log_opt_values /usr/local/lib/python3.8/dist-packages/oslo_config/cfg.py:2602}}
Jun 15 06:47:08 ubuntu neutron-server[120773]: DEBUG oslo_service.service [-] config_source                  = [] {{(pid=120773) log_opt_values /usr/local/lib/python3.8/dist-packages/oslo_config/cfg.py:2602}}
Jun 15 06:47:08 ubuntu neutron-server[120773]: DEBUG oslo_service.service [-] control_exchange               = neutron {{(pid=120773) log_opt_values /usr/local/lib/python3.8/dist-packages/oslo_config/cfg.py:2602}}
Jun 15 06:47:08 ubuntu neutron-server[120773]: DEBUG oslo_service.service [-] core_plugin                    = ml2 {{(pid=120773) log_opt_values /usr/local/lib/python3.8/dist-packages/oslo_config/cfg.py:2602}}
Jun 15 06:47:08 ubuntu neutron-server[120773]: DEBUG oslo_service.service [-] debug                          = True {{(pid=120773) log_opt_values /usr/local/lib/python3.8/dist-packages/oslo_config/cfg.py:2602}}
Jun 15 06:47:08 ubuntu neutron-server[120773]: DEBUG oslo_service.service [-] default_availability_zones     = [] {{(pid=120773) log_opt_values /usr/local/lib/python3.8/dist-packages/oslo_config/cfg.py:2602}}
Jun 15 06:47:08 ubuntu neutron-server[120773]: DEBUG oslo_service.service [-] default_log_levels             = ['amqp=WARN', 'amqplib=WARN', 'boto=WARN', 'qpid=WARN', 'sqlalchemy=WARN', 'suds=INFO', 'oslo.messaging=INFO', 'oslo_messaging=INFO', 'iso8601=WARN', 'requests.packages.urllib3.connectionpool=WARN', 'urllib3.connectionpool=WARN', 'websocket=WARN', 'requests.packages.urllib3.util.retry=WARN', 'urllib3.util.retry=WARN', 'keystonemiddleware=WARN', 'routes.middleware=WARN', 'stevedore=WARN', 'taskflow=WARN', 'keystoneauth=WARN', 'oslo.cache=INFO', 'oslo_policy=INFO', 'dogpile.core.dogpile=INFO', 'OFPHandler=INFO', 'OfctlService=INFO', 'os_ken.base.app_manager=INFO', 'os_ken.controller.controller=INFO'] {{(pid=120773) log_opt_values /usr/local/lib/python3.8/dist-packages/oslo_config/cfg.py:2602}}
Jun 15 06:47:08 ubuntu neutron-server[120773]: DEBUG oslo_service.service [-] dhcp_agent_notification        = False {{(pid=120773) log_opt_values /usr/local/lib/python3.8/dist-packages/oslo_config/cfg.py:2602}}
Jun 15 06:47:08 ubuntu neutron-server[120773]: DEBUG oslo_service.service [-] dhcp_agents_per_network        = 1 {{(pid=120773) log_opt_values /usr/local/lib/python3.8/dist-packages/oslo_config/cfg.py:2602}}
Jun 15 06:47:08 ubuntu neutron-server[120773]: DEBUG oslo_service.service [-] dhcp_lease_duration            = 86400 {{(pid=120773) log_opt_values /usr/local/lib/python3.8/dist-packages/oslo_config/cfg.py:2602}}
Jun 15 06:47:08 ubuntu neutron-server[120773]: DEBUG oslo_service.service [-] dhcp_load_type                 = networks {{(pid=120773) log_opt_values /usr/local/lib/python3.8/dist-packages/oslo_config/cfg.py:2602}}
Jun 15 06:47:08 ubuntu neutron-server[120773]: DEBUG oslo_service.service [-] dns_domain                     = openstacklocal {{(pid=120773) log_opt_values /usr/local/lib/python3.8/dist-packages/oslo_config/cfg.py:2602}}
Jun 15 06:47:08 ubuntu neutron-server[120999]: DEBUG neutron_lib.callbacks.manager [-] Notify callbacks ['neutron.plugins.ml2.drivers.ovn.mech_driver.mech_driver.OVNMechanismDriver.post_fork_initialize-694038'] for process, after_init {{(pid=120999) _notify_loop /usr/local/lib/python3.8/dist-packages/neutron_lib/callbacks/manager.py:192}}
Jun 15 06:47:08 ubuntu neutron-server[120981]: DEBUG neutron.common.ovn.hash_ring_manager [None req-212cb6cf-2796-4326-9cbc-29672ed20f2a None None] Allow caching, nodes 2>=2 {{(pid=120981) _wait_startup_before_caching /opt/stack/neutron/neutron/common/ovn/hash_ring_manager.py:60}}
Jun 15 06:47:08 ubuntu neutron-server[120773]: DEBUG oslo_service.service [-] dvr_base_mac                   = fa:16:3f:00:00:00 {{(pid=120773) log_opt_values /usr/local/lib/python3.8/dist-packages/oslo_config/cfg.py:2602}}
Jun 15 06:47:08 ubuntu neutron-server[120773]: DEBUG oslo_service.service [-] enable_dvr                     = True {{(pid=120773) log_opt_values /usr/local/lib/python3.8/dist-packages/oslo_config/cfg.py:2602}}
Jun 15 06:47:08 ubuntu neutron-server[120773]: DEBUG oslo_service.service [-] enable_new_agents              = True {{(pid=120773) log_opt_values /usr/local/lib/python3.8/dist-packages/oslo_config/cfg.py:2602}}
Jun 15 06:47:08 ubuntu neutron-server[120773]: DEBUG oslo_service.service [-] enable_services_on_agents_with_admin_state_down = False {{(pid=120773) log_opt_values /usr/local/lib/python3.8/dist-packages/oslo_config/cfg.py:2602}}
Jun 15 06:47:08 ubuntu neutron-server[120773]: DEBUG oslo_service.service [-] enable_snat_by_default         = True {{(pid=120773) log_opt_values /usr/local/lib/python3.8/dist-packages/oslo_config/cfg.py:2602}}
Jun 15 06:47:08 ubuntu neutron-server[120773]: DEBUG oslo_service.service [-] enable_traditional_dhcp        = True {{(pid=120773) log_opt_values /usr/local/lib/python3.8/dist-packages/oslo_config/cfg.py:2602}}
Jun 15 06:47:08 ubuntu neutron-server[120773]: DEBUG oslo_service.service [-] external_dns_driver            = None {{(pid=120773) log_opt_values /usr/local/lib/python3.8/dist-packages/oslo_config/cfg.py:2602}}
Jun 15 06:47:08 ubuntu neutron-server[120773]: DEBUG oslo_service.service [-] filter_validation              = True {{(pid=120773) log_opt_values /usr/local/lib/python3.8/dist-packages/oslo_config/cfg.py:2602}}
Jun 15 06:47:08 ubuntu neutron-server[120773]: DEBUG oslo_service.service [-] global_physnet_mtu             = 1500 {{(pid=120773) log_opt_values /usr/local/lib/python3.8/dist-packages/oslo_config/cfg.py:2602}}
Jun 15 06:47:08 ubuntu neutron-server[120773]: DEBUG oslo_service.service [-] graceful_shutdown_timeout      = 60 {{(pid=120773) log_opt_values /usr/local/lib/python3.8/dist-packages/oslo_config/cfg.py:2602}}
Jun 15 06:47:08 ubuntu neutron-server[120773]: DEBUG oslo_service.service [-] host                           = ubuntu {{(pid=120773) log_opt_values /usr/local/lib/python3.8/dist-packages/oslo_config/cfg.py:2602}}
Jun 15 06:47:08 ubuntu neutron-server[120773]: DEBUG oslo_service.service [-] host_dvr_for_dhcp              = True {{(pid=120773) log_opt_values /usr/local/lib/python3.8/dist-packages/oslo_config/cfg.py:2602}}
Jun 15 06:47:08 ubuntu neutron-server[120773]: DEBUG oslo_service.service [-] http_retries                   = 3 {{(pid=120773) log_opt_values /usr/local/lib/python3.8/dist-packages/oslo_config/cfg.py:2602}}
Jun 15 06:47:08 ubuntu neutron-server[120773]: DEBUG oslo_service.service [-] instance_format                = [instance: %(uuid)s]  {{(pid=120773) log_opt_values /usr/local/lib/python3.8/dist-packages/oslo_config/cfg.py:2602}}
Jun 15 06:47:08 ubuntu neutron-server[120773]: DEBUG oslo_service.service [-] instance_uuid_format           = [instance: %(uuid)s]  {{(pid=120773) log_opt_values /usr/local/lib/python3.8/dist-packages/oslo_config/cfg.py:2602}}
Jun 15 06:47:08 ubuntu neutron-server[120773]: DEBUG oslo_service.service [-] ipam_driver                    = internal {{(pid=120773) log_opt_values /usr/local/lib/python3.8/dist-packages/oslo_config/cfg.py:2602}}
Jun 15 06:47:08 ubuntu neutron-server[120773]: DEBUG oslo_service.service [-] ipv6_pd_enabled                = False {{(pid=120773) log_opt_values /usr/local/lib/python3.8/dist-packages/oslo_config/cfg.py:2602}}
Jun 15 06:47:08 ubuntu neutron-server[120773]: DEBUG oslo_service.service [-] l3_ha                          = False {{(pid=120773) log_opt_values /usr/local/lib/python3.8/dist-packages/oslo_config/cfg.py:2602}}
Jun 15 06:47:08 ubuntu neutron-server[120773]: DEBUG oslo_service.service [-] l3_ha_net_cidr                 = 169.254.192.0/18 {{(pid=120773) log_opt_values /usr/local/lib/python3.8/dist-packages/oslo_config/cfg.py:2602}}
Jun 15 06:47:08 ubuntu neutron-server[120773]: DEBUG oslo_service.service [-] l3_ha_network_physical_name    =  {{(pid=120773) log_opt_values /usr/local/lib/python3.8/dist-packages/oslo_config/cfg.py:2602}}
Jun 15 06:47:08 ubuntu neutron-server[120773]: DEBUG oslo_service.service [-] l3_ha_network_type             =  {{(pid=120773) log_opt_values /usr/local/lib/python3.8/dist-packages/oslo_config/cfg.py:2602}}
Jun 15 06:47:08 ubuntu neutron-server[120773]: DEBUG oslo_service.service [-] log_config_append              = None {{(pid=120773) log_opt_values /usr/local/lib/python3.8/dist-packages/oslo_config/cfg.py:2602}}
Jun 15 06:47:08 ubuntu neutron-server[120773]: DEBUG oslo_service.service [-] log_date_format                = %Y-%m-%d %H:%M:%S {{(pid=120773) log_opt_values /usr/local/lib/python3.8/dist-packages/oslo_config/cfg.py:2602}}
Jun 15 06:47:08 ubuntu neutron-server[120773]: DEBUG oslo_service.service [-] log_dir                        = None {{(pid=120773) log_opt_values /usr/local/lib/python3.8/dist-packages/oslo_config/cfg.py:2602}}
