Jun 14 11:22:56 ubuntu neutron-server[118791]: DEBUG neutron.api.extensions [None req-51a59ffa-e0f1-4b1e-9f4d-2fff464705ea None None] Extended resource: quotas {{(pid=118791) __init__ /opt/stack/neutron/neutron/api/extensions.py:157}}
Jun 14 11:22:56 ubuntu neutron-server[118791]: DEBUG neutron.api.extensions [None req-51a59ffa-e0f1-4b1e-9f4d-2fff464705ea None None] Extended resource: quotas {{(pid=118791) __init__ /opt/stack/neutron/neutron/api/extensions.py:157}}
Jun 14 11:22:56 ubuntu neutron-server[118791]: DEBUG neutron.api.extensions [None req-51a59ffa-e0f1-4b1e-9f4d-2fff464705ea None None] Extended resource: rbac-policies {{(pid=118791) __init__ /opt/stack/neutron/neutron/api/extensions.py:157}}
Jun 14 11:22:56 ubuntu neutron-server[118791]: DEBUG neutron.api.extensions [None req-51a59ffa-e0f1-4b1e-9f4d-2fff464705ea None None] Extended resource: security-groups {{(pid=118791) __init__ /opt/stack/neutron/neutron/api/extensions.py:157}}
Jun 14 11:22:56 ubuntu neutron-server[118791]: DEBUG neutron.api.extensions [None req-51a59ffa-e0f1-4b1e-9f4d-2fff464705ea None None] Extended resource: security-group-rules {{(pid=118791) __init__ /opt/stack/neutron/neutron/api/extensions.py:157}}
Jun 14 11:22:56 ubuntu neutron-server[118791]: DEBUG neutron.api.extensions [None req-51a59ffa-e0f1-4b1e-9f4d-2fff464705ea None None] Extended resource: service-providers {{(pid=118791) __init__ /opt/stack/neutron/neutron/api/extensions.py:157}}
Jun 14 11:22:56 ubuntu neutron-server[118791]: DEBUG neutron.api.extensions [None req-51a59ffa-e0f1-4b1e-9f4d-2fff464705ea None None] Extended resource: tags {{(pid=118791) __init__ /opt/stack/neutron/neutron/api/extensions.py:157}}
Jun 14 11:22:56 ubuntu neutron-server[118791]: DEBUG neutron.api.extensions [None req-51a59ffa-e0f1-4b1e-9f4d-2fff464705ea None None] Extended resource: tags {{(pid=118791) __init__ /opt/stack/neutron/neutron/api/extensions.py:157}}
Jun 14 11:22:56 ubuntu neutron-server[118791]: DEBUG neutron.api.extensions [None req-51a59ffa-e0f1-4b1e-9f4d-2fff464705ea None None] Extended resource: tags {{(pid=118791) __init__ /opt/stack/neutron/neutron/api/extensions.py:157}}
Jun 14 11:22:56 ubuntu neutron-server[118791]: DEBUG neutron.api.extensions [None req-51a59ffa-e0f1-4b1e-9f4d-2fff464705ea None None] Extended resource: tags {{(pid=118791) __init__ /opt/stack/neutron/neutron/api/extensions.py:157}}
Jun 14 11:22:56 ubuntu neutron-server[118791]: DEBUG neutron.api.extensions [None req-51a59ffa-e0f1-4b1e-9f4d-2fff464705ea None None] Extended resource: tags {{(pid=118791) __init__ /opt/stack/neutron/neutron/api/extensions.py:157}}
Jun 14 11:22:56 ubuntu neutron-server[118791]: DEBUG neutron.api.extensions [None req-51a59ffa-e0f1-4b1e-9f4d-2fff464705ea None None] Extended resource: tags {{(pid=118791) __init__ /opt/stack/neutron/neutron/api/extensions.py:157}}
Jun 14 11:22:56 ubuntu neutron-server[118791]: DEBUG neutron.api.extensions [None req-51a59ffa-e0f1-4b1e-9f4d-2fff464705ea None None] Extended resource: tags {{(pid=118791) __init__ /opt/stack/neutron/neutron/api/extensions.py:157}}
Jun 14 11:22:56 ubuntu neutron-server[118791]: DEBUG neutron.api.extensions [None req-51a59ffa-e0f1-4b1e-9f4d-2fff464705ea None None] Extended resource: tags {{(pid=118791) __init__ /opt/stack/neutron/neutron/api/extensions.py:157}}
Jun 14 11:22:56 ubuntu neutron-server[118791]: DEBUG neutron.api.extensions [None req-51a59ffa-e0f1-4b1e-9f4d-2fff464705ea None None] Extended resource: tags {{(pid=118791) __init__ /opt/stack/neutron/neutron/api/extensions.py:157}}
Jun 14 11:22:56 ubuntu neutron-server[118791]: DEBUG neutron.api.extensions [None req-51a59ffa-e0f1-4b1e-9f4d-2fff464705ea None None] Extended resource: tags {{(pid=118791) __init__ /opt/stack/neutron/neutron/api/extensions.py:157}}
Jun 14 11:22:56 ubuntu neutron-server[118791]: WARNING keystonemiddleware.auth_token [None req-51a59ffa-e0f1-4b1e-9f4d-2fff464705ea None None] AuthToken middleware is set with keystone_authtoken.service_token_roles_required set to False. This is backwards compatible but deprecated behaviour. Please set this to True.
Jun 14 11:22:56 ubuntu neutron-server[118791]: WARNING keystonemiddleware.auth_token [None req-51a59ffa-e0f1-4b1e-9f4d-2fff464705ea None None] Configuring www_authenticate_uri to point to the public identity endpoint is required; clients may not be able to authenticate against an admin endpoint
Jun 14 11:22:56 ubuntu neutron-server[118791]: DEBUG oslo_concurrency.lockutils [None req-51a59ffa-e0f1-4b1e-9f4d-2fff464705ea None None] Acquired lock "singleton_lock" {{(pid=118791) lock /usr/local/lib/python3.8/dist-packages/oslo_concurrency/lockutils.py:266}}
Jun 14 11:22:56 ubuntu neutron-server[118791]: DEBUG oslo_concurrency.lockutils [None req-51a59ffa-e0f1-4b1e-9f4d-2fff464705ea None None] Releasing lock "singleton_lock" {{(pid=118791) lock /usr/local/lib/python3.8/dist-packages/oslo_concurrency/lockutils.py:282}}
Jun 14 11:22:56 ubuntu neutron-server[118791]: INFO oslo_service.service [None req-51a59ffa-e0f1-4b1e-9f4d-2fff464705ea None None] Starting 2 workers
Jun 14 11:22:56 ubuntu neutron-server[118791]: DEBUG oslo_service.service [None req-51a59ffa-e0f1-4b1e-9f4d-2fff464705ea None None] Started child 118995 {{(pid=118791) _start_child /usr/local/lib/python3.8/dist-packages/oslo_service/service.py:575}}
Jun 14 11:22:56 ubuntu neutron-server[118791]: DEBUG oslo_service.service [None req-51a59ffa-e0f1-4b1e-9f4d-2fff464705ea None None] Started child 118996 {{(pid=118791) _start_child /usr/local/lib/python3.8/dist-packages/oslo_service/service.py:575}}
Jun 14 11:22:56 ubuntu neutron-server[118791]: INFO neutron.service [None req-51a59ffa-e0f1-4b1e-9f4d-2fff464705ea None None] Neutron service started, listening on 0.0.0.0:9696
Jun 14 11:22:56 ubuntu neutron-server[118791]: DEBUG neutron_lib.callbacks.manager [None req-51a59ffa-e0f1-4b1e-9f4d-2fff464705ea None None] Notify callbacks ['neutron.plugins.ml2.drivers.ovn.mech_driver.mech_driver.OVNMechanismDriver.pre_fork_initialize-1629490'] for process, before_spawn {{(pid=118791) _notify_loop /usr/local/lib/python3.8/dist-packages/neutron_lib/callbacks/manager.py:192}}
Jun 14 11:22:56 ubuntu neutron-server[118995]: DEBUG neutron_lib.callbacks.manager [-] Notify callbacks ['neutron.plugins.ml2.drivers.ovn.mech_driver.mech_driver.OVNMechanismDriver.post_fork_initialize-1629534'] for process, after_init {{(pid=118995) _notify_loop /usr/local/lib/python3.8/dist-packages/neutron_lib/callbacks/manager.py:192}}
Jun 14 11:22:56 ubuntu neutron-server[118996]: DEBUG neutron_lib.callbacks.manager [-] Notify callbacks ['neutron.plugins.ml2.drivers.ovn.mech_driver.mech_driver.OVNMechanismDriver.post_fork_initialize-1629534'] for process, after_init {{(pid=118996) _notify_loop /usr/local/lib/python3.8/dist-packages/neutron_lib/callbacks/manager.py:192}}
Jun 14 11:22:56 ubuntu neutron-server[118791]: DEBUG ovsdbapp.backend.ovs_idl [None req-51a59ffa-e0f1-4b1e-9f4d-2fff464705ea None None] Created schema index Port_Group.name {{(pid=118791) autocreate_indices /usr/local/lib/python3.8/dist-packages/ovsdbapp/backend/ovs_idl/__init__.py:126}}
Jun 14 11:22:56 ubuntu neutron-server[118791]: DEBUG ovsdbapp.backend.ovs_idl [None req-51a59ffa-e0f1-4b1e-9f4d-2fff464705ea None None] Created schema index Logical_Switch_Port.name {{(pid=118791) autocreate_indices /usr/local/lib/python3.8/dist-packages/ovsdbapp/backend/ovs_idl/__init__.py:126}}
Jun 14 11:22:56 ubuntu neutron-server[118791]: DEBUG ovsdbapp.backend.ovs_idl.transaction [-] Running txn n=1 command(idx=0): PgAddCommand(name=neutron_pg_drop, may_exist=True, columns={'acls': []}) {{(pid=118791) do_commit /usr/local/lib/python3.8/dist-packages/ovsdbapp/backend/ovs_idl/transaction.py:90}}
Jun 14 11:22:56 ubuntu neutron-server[118791]: DEBUG ovsdbapp.backend.ovs_idl.transaction [-] Running txn n=1 command(idx=1): PgAclAddCommand(entity=neutron_pg_drop, direction=from-lport, priority=1001, match=inport == @neutron_pg_drop && ip, action=drop, log=False, may_exist=True, severity=[], name=[], meter=None, external_ids={}) {{(pid=118791) do_commit /usr/local/lib/python3.8/dist-packages/ovsdbapp/backend/ovs_idl/transaction.py:90}}
Jun 14 11:22:56 ubuntu neutron-server[118791]: DEBUG ovsdbapp.backend.ovs_idl.transaction [-] Running txn n=1 command(idx=2): PgAclAddCommand(entity=neutron_pg_drop, direction=to-lport, priority=1001, match=outport == @neutron_pg_drop && ip, action=drop, log=False, may_exist=True, severity=[], name=[], meter=None, external_ids={}) {{(pid=118791) do_commit /usr/local/lib/python3.8/dist-packages/ovsdbapp/backend/ovs_idl/transaction.py:90}}
Jun 14 11:22:57 ubuntu neutron-server[118791]: DEBUG ovsdbapp.backend.ovs_idl.event [-] Matched CREATE: NeutronPgDropPortGroupCreated(events=('create',), table='Port_Group', conditions=(('name', '=', 'neutron_pg_drop'),), old_conditions=None) to row=Port_Group(name=neutron_pg_drop, ports=[], external_ids={}, acls=[<ovs.db.idl.Row object at 0x7f38f885ff70>, <ovs.db.idl.Row object at 0x7f38f87ad4c0>]) old= {{(pid=118791) matches /usr/local/lib/python3.8/dist-packages/ovsdbapp/backend/ovs_idl/event.py:43}}
Jun 14 11:22:57 ubuntu neutron-server[118995]: INFO neutron.plugins.ml2.drivers.ovn.mech_driver.ovsdb.impl_idl_ovn [None req-89c11e6e-f4d5-48f0-a315-27ff8f24610f None None] Getting OvsdbNbOvnIdl for WorkerService with retry
Jun 14 11:22:57 ubuntu neutron-server[118996]: INFO neutron.plugins.ml2.drivers.ovn.mech_driver.ovsdb.impl_idl_ovn [None req-cd088783-5b19-483a-8bc5-8b31d588bc14 None None] Getting OvsdbNbOvnIdl for WorkerService with retry
Jun 14 11:22:57 ubuntu neutron-server[118791]: DEBUG ovsdbapp.backend.ovs_idl [None req-51a59ffa-e0f1-4b1e-9f4d-2fff464705ea None None] Created lookup_table index Logical_Switch.name {{(pid=118791) autocreate_indices /usr/local/lib/python3.8/dist-packages/ovsdbapp/backend/ovs_idl/__init__.py:107}}
Jun 14 11:22:57 ubuntu neutron-server[118791]: DEBUG ovsdbapp.backend.ovs_idl [None req-51a59ffa-e0f1-4b1e-9f4d-2fff464705ea None None] Created lookup_table index Logical_Router.name {{(pid=118791) autocreate_indices /usr/local/lib/python3.8/dist-packages/ovsdbapp/backend/ovs_idl/__init__.py:107}}
Jun 14 11:22:57 ubuntu neutron-server[118791]: DEBUG ovsdbapp.backend.ovs_idl [None req-51a59ffa-e0f1-4b1e-9f4d-2fff464705ea None None] Created lookup_table index Load_Balancer.name {{(pid=118791) autocreate_indices /usr/local/lib/python3.8/dist-packages/ovsdbapp/backend/ovs_idl/__init__.py:107}}
Jun 14 11:22:57 ubuntu neutron-server[118791]: DEBUG ovsdbapp.backend.ovs_idl [None req-51a59ffa-e0f1-4b1e-9f4d-2fff464705ea None None] Created schema index Meter.name {{(pid=118791) autocreate_indices /usr/local/lib/python3.8/dist-packages/ovsdbapp/backend/ovs_idl/__init__.py:126}}
Jun 14 11:22:57 ubuntu neutron-server[118791]: DEBUG ovsdbapp.backend.ovs_idl [None req-51a59ffa-e0f1-4b1e-9f4d-2fff464705ea None None] Created schema index Address_Set.name {{(pid=118791) autocreate_indices /usr/local/lib/python3.8/dist-packages/ovsdbapp/backend/ovs_idl/__init__.py:126}}
Jun 14 11:22:57 ubuntu neutron-server[118791]: DEBUG ovsdbapp.backend.ovs_idl [None req-51a59ffa-e0f1-4b1e-9f4d-2fff464705ea None None] Created schema index HA_Chassis_Group.name {{(pid=118791) autocreate_indices /usr/local/lib/python3.8/dist-packages/ovsdbapp/backend/ovs_idl/__init__.py:126}}
Jun 14 11:22:57 ubuntu neutron-server[118791]: DEBUG ovsdbapp.backend.ovs_idl [None req-51a59ffa-e0f1-4b1e-9f4d-2fff464705ea None None] Created schema index Connection.target {{(pid=118791) autocreate_indices /usr/local/lib/python3.8/dist-packages/ovsdbapp/backend/ovs_idl/__init__.py:126}}
Jun 14 11:22:57 ubuntu neutron-server[118791]: DEBUG ovsdbapp.backend.ovs_idl [None req-51a59ffa-e0f1-4b1e-9f4d-2fff464705ea None None] Created schema index Gateway_Chassis.name {{(pid=118791) autocreate_indices /usr/local/lib/python3.8/dist-packages/ovsdbapp/backend/ovs_idl/__init__.py:126}}
Jun 14 11:22:57 ubuntu neutron-server[118791]: DEBUG ovsdbapp.backend.ovs_idl [None req-51a59ffa-e0f1-4b1e-9f4d-2fff464705ea None None] Created schema index Logical_Router_Port.name {{(pid=118791) autocreate_indices /usr/local/lib/python3.8/dist-packages/ovsdbapp/backend/ovs_idl/__init__.py:126}}
Jun 14 11:22:57 ubuntu neutron-server[118791]: DEBUG ovsdbapp.backend.ovs_idl [None req-51a59ffa-e0f1-4b1e-9f4d-2fff464705ea None None] Created schema index Port_Group.name {{(pid=118791) autocreate_indices /usr/local/lib/python3.8/dist-packages/ovsdbapp/backend/ovs_idl/__init__.py:126}}
Jun 14 11:22:57 ubuntu neutron-server[118791]: DEBUG ovsdbapp.backend.ovs_idl [None req-51a59ffa-e0f1-4b1e-9f4d-2fff464705ea None None] Created schema index Logical_Switch_Port.name {{(pid=118791) autocreate_indices /usr/local/lib/python3.8/dist-packages/ovsdbapp/backend/ovs_idl/__init__.py:126}}
Jun 14 11:22:57 ubuntu neutron-server[118995]: DEBUG ovsdbapp.backend.ovs_idl [None req-89c11e6e-f4d5-48f0-a315-27ff8f24610f None None] Created lookup_table index Logical_Switch.name {{(pid=118995) autocreate_indices /usr/local/lib/python3.8/dist-packages/ovsdbapp/backend/ovs_idl/__init__.py:107}}
Jun 14 11:22:57 ubuntu neutron-server[118995]: DEBUG ovsdbapp.backend.ovs_idl [None req-89c11e6e-f4d5-48f0-a315-27ff8f24610f None None] Created lookup_table index Logical_Router.name {{(pid=118995) autocreate_indices /usr/local/lib/python3.8/dist-packages/ovsdbapp/backend/ovs_idl/__init__.py:107}}
Jun 14 11:22:57 ubuntu neutron-server[118995]: DEBUG ovsdbapp.backend.ovs_idl [None req-89c11e6e-f4d5-48f0-a315-27ff8f24610f None None] Created lookup_table index Load_Balancer.name {{(pid=118995) autocreate_indices /usr/local/lib/python3.8/dist-packages/ovsdbapp/backend/ovs_idl/__init__.py:107}}
Jun 14 11:22:57 ubuntu neutron-server[118995]: DEBUG ovsdbapp.backend.ovs_idl [None req-89c11e6e-f4d5-48f0-a315-27ff8f24610f None None] Created schema index Meter.name {{(pid=118995) autocreate_indices /usr/local/lib/python3.8/dist-packages/ovsdbapp/backend/ovs_idl/__init__.py:126}}
Jun 14 11:22:57 ubuntu neutron-server[118995]: DEBUG ovsdbapp.backend.ovs_idl [None req-89c11e6e-f4d5-48f0-a315-27ff8f24610f None None] Created schema index Address_Set.name {{(pid=118995) autocreate_indices /usr/local/lib/python3.8/dist-packages/ovsdbapp/backend/ovs_idl/__init__.py:126}}
Jun 14 11:22:57 ubuntu neutron-server[118995]: DEBUG ovsdbapp.backend.ovs_idl [None req-89c11e6e-f4d5-48f0-a315-27ff8f24610f None None] Created schema index HA_Chassis_Group.name {{(pid=118995) autocreate_indices /usr/local/lib/python3.8/dist-packages/ovsdbapp/backend/ovs_idl/__init__.py:126}}
Jun 14 11:22:57 ubuntu neutron-server[118995]: DEBUG ovsdbapp.backend.ovs_idl [None req-89c11e6e-f4d5-48f0-a315-27ff8f24610f None None] Created schema index Connection.target {{(pid=118995) autocreate_indices /usr/local/lib/python3.8/dist-packages/ovsdbapp/backend/ovs_idl/__init__.py:126}}
Jun 14 11:22:57 ubuntu neutron-server[118995]: DEBUG ovsdbapp.backend.ovs_idl [None req-89c11e6e-f4d5-48f0-a315-27ff8f24610f None None] Created schema index Gateway_Chassis.name {{(pid=118995) autocreate_indices /usr/local/lib/python3.8/dist-packages/ovsdbapp/backend/ovs_idl/__init__.py:126}}
Jun 14 11:22:57 ubuntu neutron-server[118995]: DEBUG ovsdbapp.backend.ovs_idl [None req-89c11e6e-f4d5-48f0-a315-27ff8f24610f None None] Created schema index Logical_Router_Port.name {{(pid=118995) autocreate_indices /usr/local/lib/python3.8/dist-packages/ovsdbapp/backend/ovs_idl/__init__.py:126}}
Jun 14 11:22:57 ubuntu neutron-server[118995]: DEBUG ovsdbapp.backend.ovs_idl [None req-89c11e6e-f4d5-48f0-a315-27ff8f24610f None None] Created schema index Port_Group.name {{(pid=118995) autocreate_indices /usr/local/lib/python3.8/dist-packages/ovsdbapp/backend/ovs_idl/__init__.py:126}}
Jun 14 11:22:57 ubuntu neutron-server[118995]: DEBUG ovsdbapp.backend.ovs_idl [None req-89c11e6e-f4d5-48f0-a315-27ff8f24610f None None] Created schema index Logical_Switch_Port.name {{(pid=118995) autocreate_indices /usr/local/lib/python3.8/dist-packages/ovsdbapp/backend/ovs_idl/__init__.py:126}}
Jun 14 11:22:57 ubuntu neutron-server[118995]: INFO ovsdbapp.backend.ovs_idl.vlog [None req-89c11e6e-f4d5-48f0-a315-27ff8f24610f None None] tcp:192.168.79.50:6641: connecting...
Jun 14 11:22:57 ubuntu neutron-server[118995]: INFO ovsdbapp.backend.ovs_idl.vlog [None req-89c11e6e-f4d5-48f0-a315-27ff8f24610f None None] tcp:192.168.79.50:6641: connected
Jun 14 11:22:57 ubuntu neutron-server[118996]: DEBUG ovsdbapp.backend.ovs_idl [None req-cd088783-5b19-483a-8bc5-8b31d588bc14 None None] Created lookup_table index Logical_Switch.name {{(pid=118996) autocreate_indices /usr/local/lib/python3.8/dist-packages/ovsdbapp/backend/ovs_idl/__init__.py:107}}
Jun 14 11:22:57 ubuntu neutron-server[118996]: DEBUG ovsdbapp.backend.ovs_idl [None req-cd088783-5b19-483a-8bc5-8b31d588bc14 None None] Created lookup_table index Logical_Router.name {{(pid=118996) autocreate_indices /usr/local/lib/python3.8/dist-packages/ovsdbapp/backend/ovs_idl/__init__.py:107}}
Jun 14 11:22:57 ubuntu neutron-server[118996]: DEBUG ovsdbapp.backend.ovs_idl [None req-cd088783-5b19-483a-8bc5-8b31d588bc14 None None] Created lookup_table index Load_Balancer.name {{(pid=118996) autocreate_indices /usr/local/lib/python3.8/dist-packages/ovsdbapp/backend/ovs_idl/__init__.py:107}}
Jun 14 11:22:57 ubuntu neutron-server[118996]: DEBUG ovsdbapp.backend.ovs_idl [None req-cd088783-5b19-483a-8bc5-8b31d588bc14 None None] Created schema index Meter.name {{(pid=118996) autocreate_indices /usr/local/lib/python3.8/dist-packages/ovsdbapp/backend/ovs_idl/__init__.py:126}}
Jun 14 11:22:57 ubuntu neutron-server[118996]: DEBUG ovsdbapp.backend.ovs_idl [None req-cd088783-5b19-483a-8bc5-8b31d588bc14 None None] Created schema index Address_Set.name {{(pid=118996) autocreate_indices /usr/local/lib/python3.8/dist-packages/ovsdbapp/backend/ovs_idl/__init__.py:126}}
Jun 14 11:22:57 ubuntu neutron-server[118996]: DEBUG ovsdbapp.backend.ovs_idl [None req-cd088783-5b19-483a-8bc5-8b31d588bc14 None None] Created schema index HA_Chassis_Group.name {{(pid=118996) autocreate_indices /usr/local/lib/python3.8/dist-packages/ovsdbapp/backend/ovs_idl/__init__.py:126}}
Jun 14 11:22:57 ubuntu neutron-server[118996]: DEBUG ovsdbapp.backend.ovs_idl [None req-cd088783-5b19-483a-8bc5-8b31d588bc14 None None] Created schema index Connection.target {{(pid=118996) autocreate_indices /usr/local/lib/python3.8/dist-packages/ovsdbapp/backend/ovs_idl/__init__.py:126}}
Jun 14 11:22:57 ubuntu neutron-server[118996]: DEBUG ovsdbapp.backend.ovs_idl [None req-cd088783-5b19-483a-8bc5-8b31d588bc14 None None] Created schema index Gateway_Chassis.name {{(pid=118996) autocreate_indices /usr/local/lib/python3.8/dist-packages/ovsdbapp/backend/ovs_idl/__init__.py:126}}
Jun 14 11:22:57 ubuntu neutron-server[118996]: DEBUG ovsdbapp.backend.ovs_idl [None req-cd088783-5b19-483a-8bc5-8b31d588bc14 None None] Created schema index Logical_Router_Port.name {{(pid=118996) autocreate_indices /usr/local/lib/python3.8/dist-packages/ovsdbapp/backend/ovs_idl/__init__.py:126}}
Jun 14 11:22:57 ubuntu neutron-server[118996]: DEBUG ovsdbapp.backend.ovs_idl [None req-cd088783-5b19-483a-8bc5-8b31d588bc14 None None] Created schema index Port_Group.name {{(pid=118996) autocreate_indices /usr/local/lib/python3.8/dist-packages/ovsdbapp/backend/ovs_idl/__init__.py:126}}
Jun 14 11:22:57 ubuntu neutron-server[118996]: DEBUG ovsdbapp.backend.ovs_idl [None req-cd088783-5b19-483a-8bc5-8b31d588bc14 None None] Created schema index Logical_Switch_Port.name {{(pid=118996) autocreate_indices /usr/local/lib/python3.8/dist-packages/ovsdbapp/backend/ovs_idl/__init__.py:126}}
Jun 14 11:22:57 ubuntu neutron-server[118996]: INFO ovsdbapp.backend.ovs_idl.vlog [None req-cd088783-5b19-483a-8bc5-8b31d588bc14 None None] tcp:192.168.79.50:6641: connecting...
Jun 14 11:22:57 ubuntu neutron-server[118996]: INFO ovsdbapp.backend.ovs_idl.vlog [None req-cd088783-5b19-483a-8bc5-8b31d588bc14 None None] tcp:192.168.79.50:6641: connected
Jun 14 11:22:57 ubuntu neutron-server[118791]: DEBUG ovsdbapp.backend.ovs_idl [None req-51a59ffa-e0f1-4b1e-9f4d-2fff464705ea None None] Created lookup_table index Chassis.name {{(pid=118791) autocreate_indices /usr/local/lib/python3.8/dist-packages/ovsdbapp/backend/ovs_idl/__init__.py:107}}
Jun 14 11:22:57 ubuntu neutron-server[118791]: DEBUG ovsdbapp.backend.ovs_idl [None req-51a59ffa-e0f1-4b1e-9f4d-2fff464705ea None None] Created lookup_table index MAC_Binding.ip {{(pid=118791) autocreate_indices /usr/local/lib/python3.8/dist-packages/ovsdbapp/backend/ovs_idl/__init__.py:107}}
Jun 14 11:22:57 ubuntu neutron-server[118791]: DEBUG ovsdbapp.backend.ovs_idl [None req-51a59ffa-e0f1-4b1e-9f4d-2fff464705ea None None] Created schema index Meter.name {{(pid=118791) autocreate_indices /usr/local/lib/python3.8/dist-packages/ovsdbapp/backend/ovs_idl/__init__.py:126}}
Jun 14 11:22:57 ubuntu neutron-server[118791]: DEBUG ovsdbapp.backend.ovs_idl [None req-51a59ffa-e0f1-4b1e-9f4d-2fff464705ea None None] Created schema index Address_Set.name {{(pid=118791) autocreate_indices /usr/local/lib/python3.8/dist-packages/ovsdbapp/backend/ovs_idl/__init__.py:126}}
Jun 14 11:22:57 ubuntu neutron-server[118791]: DEBUG ovsdbapp.backend.ovs_idl [None req-51a59ffa-e0f1-4b1e-9f4d-2fff464705ea None None] Created schema index HA_Chassis_Group.name {{(pid=118791) autocreate_indices /usr/local/lib/python3.8/dist-packages/ovsdbapp/backend/ovs_idl/__init__.py:126}}
Jun 14 11:22:57 ubuntu neutron-server[118791]: DEBUG ovsdbapp.backend.ovs_idl [None req-51a59ffa-e0f1-4b1e-9f4d-2fff464705ea None None] Created schema index IP_Multicast.datapath {{(pid=118791) autocreate_indices /usr/local/lib/python3.8/dist-packages/ovsdbapp/backend/ovs_idl/__init__.py:126}}
Jun 14 11:22:57 ubuntu neutron-server[118791]: DEBUG ovsdbapp.backend.ovs_idl [None req-51a59ffa-e0f1-4b1e-9f4d-2fff464705ea None None] Created schema index Connection.target {{(pid=118791) autocreate_indices /usr/local/lib/python3.8/dist-packages/ovsdbapp/backend/ovs_idl/__init__.py:126}}
Jun 14 11:22:57 ubuntu neutron-server[118791]: DEBUG ovsdbapp.backend.ovs_idl [None req-51a59ffa-e0f1-4b1e-9f4d-2fff464705ea None None] Created schema index Gateway_Chassis.name {{(pid=118791) autocreate_indices /usr/local/lib/python3.8/dist-packages/ovsdbapp/backend/ovs_idl/__init__.py:126}}
Jun 14 11:22:57 ubuntu neutron-server[118791]: DEBUG ovsdbapp.backend.ovs_idl [None req-51a59ffa-e0f1-4b1e-9f4d-2fff464705ea None None] Created schema index Port_Group.name {{(pid=118791) autocreate_indices /usr/local/lib/python3.8/dist-packages/ovsdbapp/backend/ovs_idl/__init__.py:126}}
Jun 14 11:22:57 ubuntu neutron-server[118791]: DEBUG ovsdbapp.backend.ovs_idl [None req-51a59ffa-e0f1-4b1e-9f4d-2fff464705ea None None] Created schema index Datapath_Binding.tunnel_key {{(pid=118791) autocreate_indices /usr/local/lib/python3.8/dist-packages/ovsdbapp/backend/ovs_idl/__init__.py:126}}
Jun 14 11:22:57 ubuntu neutron-server[118995]: DEBUG neutron.common.ovn.hash_ring_manager [None req-89c11e6e-f4d5-48f0-a315-27ff8f24610f None None] Allow caching, nodes 2>=2 {{(pid=118995) _wait_startup_before_caching /opt/stack/neutron/neutron/common/ovn/hash_ring_manager.py:60}}
Jun 14 11:22:57 ubuntu neutron-server[118996]: DEBUG neutron.common.ovn.hash_ring_manager [None req-cd088783-5b19-483a-8bc5-8b31d588bc14 None None] Allow caching, nodes 2>=2 {{(pid=118996) _wait_startup_before_caching /opt/stack/neutron/neutron/common/ovn/hash_ring_manager.py:60}}
Jun 14 11:22:57 ubuntu neutron-server[118995]: DEBUG neutron.plugins.ml2.drivers.ovn.mech_driver.ovsdb.ovsdb_monitor [None req-89c11e6e-f4d5-48f0-a315-27ff8f24610f None None] Hash Ring: Node 151e7a55-3844-47fb-956b-d4ddfbd82d6e (host: ubuntu) handling event "create" for row 6f95805a-8ab2-4645-a4ea-434bc7620ed2 (table: Port_Group) {{(pid=118995) notify /opt/stack/neutron/neutron/plugins/ml2/drivers/ovn/mech_driver/ovsdb/ovsdb_monitor.py:729}}
Jun 14 11:22:57 ubuntu neutron-server[118995]: DEBUG neutron.plugins.ml2.drivers.ovn.mech_driver.ovsdb.ovsdb_monitor [None req-89c11e6e-f4d5-48f0-a315-27ff8f24610f None None] Hash Ring: Node 151e7a55-3844-47fb-956b-d4ddfbd82d6e (host: ubuntu) handling event "create" for row 369f3686-d87b-4edc-a82c-cf340519cff1 (table: ACL) {{(pid=118995) notify /opt/stack/neutron/neutron/plugins/ml2/drivers/ovn/mech_driver/ovsdb/ovsdb_monitor.py:729}}
Jun 14 11:22:57 ubuntu neutron-server[118995]: DEBUG neutron.plugins.ml2.drivers.ovn.mech_driver.ovsdb.ovsdb_monitor [None req-89c11e6e-f4d5-48f0-a315-27ff8f24610f None None] Hash Ring: Node 151e7a55-3844-47fb-956b-d4ddfbd82d6e (host: ubuntu) handling event "create" for row 9605b750-8f73-4dcb-9810-9c89a7e8c5fa (table: ACL) {{(pid=118995) notify /opt/stack/neutron/neutron/plugins/ml2/drivers/ovn/mech_driver/ovsdb/ovsdb_monitor.py:729}}
Jun 14 11:22:57 ubuntu neutron-server[118995]: DEBUG neutron.plugins.ml2.drivers.ovn.mech_driver.ovsdb.ovsdb_monitor [None req-89c11e6e-f4d5-48f0-a315-27ff8f24610f None None] Hash Ring: Node 151e7a55-3844-47fb-956b-d4ddfbd82d6e (host: ubuntu) handling event "create" for row ba458fed-c202-442a-b678-f70251a80e80 (table: Connection) {{(pid=118995) notify /opt/stack/neutron/neutron/plugins/ml2/drivers/ovn/mech_driver/ovsdb/ovsdb_monitor.py:729}}
Jun 14 11:22:57 ubuntu neutron-server[118995]: INFO neutron.plugins.ml2.drivers.ovn.mech_driver.ovsdb.impl_idl_ovn [None req-89c11e6e-f4d5-48f0-a315-27ff8f24610f None None] Getting OvsdbSbOvnIdl for WorkerService with retry
Jun 14 11:22:57 ubuntu neutron-server[118996]: DEBUG neutron.plugins.ml2.drivers.ovn.mech_driver.ovsdb.ovsdb_monitor [None req-cd088783-5b19-483a-8bc5-8b31d588bc14 None None] Hash Ring: Node 632d162b-c613-45e3-bedc-db3673199e95 (host: ubuntu) handling event "create" for row a11f5d9c-d223-4b1d-afc0-555adb15bf63 (table: Database) {{(pid=118996) notify /opt/stack/neutron/neutron/plugins/ml2/drivers/ovn/mech_driver/ovsdb/ovsdb_monitor.py:729}}
Jun 14 11:22:57 ubuntu neutron-server[118996]: DEBUG neutron.plugins.ml2.drivers.ovn.mech_driver.ovsdb.ovsdb_monitor [None req-cd088783-5b19-483a-8bc5-8b31d588bc14 None None] Hash Ring: Node 632d162b-c613-45e3-bedc-db3673199e95 (host: ubuntu) handling event "create" for row a32a9b65-c0cc-4dfb-9729-859e1333883e (table: Database) {{(pid=118996) notify /opt/stack/neutron/neutron/plugins/ml2/drivers/ovn/mech_driver/ovsdb/ovsdb_monitor.py:729}}
Jun 14 11:22:57 ubuntu neutron-server[118995]: DEBUG ovsdbapp.backend.ovs_idl [None req-89c11e6e-f4d5-48f0-a315-27ff8f24610f None None] Created lookup_table index Chassis.name {{(pid=118995) autocreate_indices /usr/local/lib/python3.8/dist-packages/ovsdbapp/backend/ovs_idl/__init__.py:107}}
Jun 14 11:22:57 ubuntu neutron-server[118995]: DEBUG ovsdbapp.backend.ovs_idl [None req-89c11e6e-f4d5-48f0-a315-27ff8f24610f None None] Created schema index Datapath_Binding.tunnel_key {{(pid=118995) autocreate_indices /usr/local/lib/python3.8/dist-packages/ovsdbapp/backend/ovs_idl/__init__.py:126}}
Jun 14 11:22:57 ubuntu neutron-server[118995]: DEBUG ovsdbapp.backend.ovs_idl [None req-89c11e6e-f4d5-48f0-a315-27ff8f24610f None None] Created schema index Connection.target {{(pid=118995) autocreate_indices /usr/local/lib/python3.8/dist-packages/ovsdbapp/backend/ovs_idl/__init__.py:126}}
Jun 14 11:22:57 ubuntu neutron-server[118995]: INFO ovsdbapp.backend.ovs_idl.vlog [None req-89c11e6e-f4d5-48f0-a315-27ff8f24610f None None] tcp:192.168.79.50:6642: connecting...
Jun 14 11:22:57 ubuntu neutron-server[118995]: INFO ovsdbapp.backend.ovs_idl.vlog [None req-89c11e6e-f4d5-48f0-a315-27ff8f24610f None None] tcp:192.168.79.50:6642: connected
Jun 14 11:22:57 ubuntu neutron-server[118996]: DEBUG neutron.plugins.ml2.drivers.ovn.mech_driver.ovsdb.ovsdb_monitor [None req-cd088783-5b19-483a-8bc5-8b31d588bc14 None None] Hash Ring: Node 632d162b-c613-45e3-bedc-db3673199e95 (host: ubuntu) handling event "create" for row 25fcaadb-11e6-4a73-a5c7-2b143088d45d (table: NB_Global) {{(pid=118996) notify /opt/stack/neutron/neutron/plugins/ml2/drivers/ovn/mech_driver/ovsdb/ovsdb_monitor.py:729}}
Jun 14 11:22:57 ubuntu neutron-server[118996]: INFO neutron.plugins.ml2.drivers.ovn.mech_driver.ovsdb.impl_idl_ovn [None req-cd088783-5b19-483a-8bc5-8b31d588bc14 None None] Getting OvsdbSbOvnIdl for WorkerService with retry
Jun 14 11:22:57 ubuntu neutron-server[118791]: INFO oslo_service.service [None req-51a59ffa-e0f1-4b1e-9f4d-2fff464705ea None None] Starting 1 workers
Jun 14 11:22:57 ubuntu neutron-server[118996]: DEBUG ovsdbapp.backend.ovs_idl [None req-cd088783-5b19-483a-8bc5-8b31d588bc14 None None] Created lookup_table index Chassis.name {{(pid=118996) autocreate_indices /usr/local/lib/python3.8/dist-packages/ovsdbapp/backend/ovs_idl/__init__.py:107}}
Jun 14 11:22:57 ubuntu neutron-server[118996]: DEBUG ovsdbapp.backend.ovs_idl [None req-cd088783-5b19-483a-8bc5-8b31d588bc14 None None] Created schema index Datapath_Binding.tunnel_key {{(pid=118996) autocreate_indices /usr/local/lib/python3.8/dist-packages/ovsdbapp/backend/ovs_idl/__init__.py:126}}
Jun 14 11:22:57 ubuntu neutron-server[118996]: DEBUG ovsdbapp.backend.ovs_idl [None req-cd088783-5b19-483a-8bc5-8b31d588bc14 None None] Created schema index Connection.target {{(pid=118996) autocreate_indices /usr/local/lib/python3.8/dist-packages/ovsdbapp/backend/ovs_idl/__init__.py:126}}
Jun 14 11:22:57 ubuntu neutron-server[118996]: INFO ovsdbapp.backend.ovs_idl.vlog [None req-cd088783-5b19-483a-8bc5-8b31d588bc14 None None] tcp:192.168.79.50:6642: connecting...
Jun 14 11:22:57 ubuntu neutron-server[118996]: INFO ovsdbapp.backend.ovs_idl.vlog [None req-cd088783-5b19-483a-8bc5-8b31d588bc14 None None] tcp:192.168.79.50:6642: connected
Jun 14 11:22:57 ubuntu neutron-server[118791]: DEBUG oslo_service.service [None req-51a59ffa-e0f1-4b1e-9f4d-2fff464705ea None None] Started child 119000 {{(pid=118791) _start_child /usr/local/lib/python3.8/dist-packages/oslo_service/service.py:575}}
Jun 14 11:22:57 ubuntu neutron-server[118791]: INFO oslo_service.service [None req-51a59ffa-e0f1-4b1e-9f4d-2fff464705ea None None] Starting 1 workers
Jun 14 11:22:57 ubuntu neutron-server[118791]: DEBUG oslo_service.service [None req-51a59ffa-e0f1-4b1e-9f4d-2fff464705ea None None] Started child 119001 {{(pid=118791) _start_child /usr/local/lib/python3.8/dist-packages/oslo_service/service.py:575}}
Jun 14 11:22:57 ubuntu neutron-server[118791]: INFO oslo_service.service [None req-51a59ffa-e0f1-4b1e-9f4d-2fff464705ea None None] Starting 1 workers
Jun 14 11:22:57 ubuntu neutron-server[118995]: DEBUG neutron.common.ovn.hash_ring_manager [None req-89c11e6e-f4d5-48f0-a315-27ff8f24610f None None] Allow caching, nodes 2>=2 {{(pid=118995) _wait_startup_before_caching /opt/stack/neutron/neutron/common/ovn/hash_ring_manager.py:60}}
Jun 14 11:22:57 ubuntu neutron-server[119000]: DEBUG neutron.service [None req-51a59ffa-e0f1-4b1e-9f4d-2fff464705ea None None] calling RpcWorker wait() {{(pid=119000) _wait /opt/stack/neutron/neutron/service.py:128}}
Jun 14 11:22:57 ubuntu neutron-server[119000]: DEBUG neutron.service [None req-51a59ffa-e0f1-4b1e-9f4d-2fff464705ea None None] returning from RpcWorker wait() {{(pid=119000) _wait /opt/stack/neutron/neutron/service.py:135}}
Jun 14 11:22:57 ubuntu neutron-server[119000]: DEBUG neutron_lib.callbacks.manager [-] Notify callbacks ['neutron.plugins.ml2.drivers.ovn.mech_driver.mech_driver.OVNMechanismDriver.post_fork_initialize-1629534'] for process, after_init {{(pid=119000) _notify_loop /usr/local/lib/python3.8/dist-packages/neutron_lib/callbacks/manager.py:192}}
Jun 14 11:22:57 ubuntu neutron-server[118791]: DEBUG oslo_service.service [None req-51a59ffa-e0f1-4b1e-9f4d-2fff464705ea None None] Started child 119002 {{(pid=118791) _start_child /usr/local/lib/python3.8/dist-packages/oslo_service/service.py:575}}
Jun 14 11:22:57 ubuntu neutron-server[118791]: DEBUG neutron_lib.callbacks.manager [None req-51a59ffa-e0f1-4b1e-9f4d-2fff464705ea None None] Notify callbacks [] for process, after_spawn {{(pid=118791) _notify_loop /usr/local/lib/python3.8/dist-packages/neutron_lib/callbacks/manager.py:192}}
Jun 14 11:22:57 ubuntu neutron-server[119000]: INFO neutron.plugins.ml2.drivers.ovn.mech_driver.ovsdb.impl_idl_ovn [-] Getting OvsdbNbOvnIdl for RpcWorker with retry
Jun 14 11:22:57 ubuntu neutron-server[118995]: DEBUG neutron.plugins.ml2.drivers.ovn.mech_driver.ovsdb.ovsdb_monitor [None req-89c11e6e-f4d5-48f0-a315-27ff8f24610f None None] Hash Ring: Node 151e7a55-3844-47fb-956b-d4ddfbd82d6e (host: ubuntu) handling event "create" for row a747346c-af74-4779-abb5-c892b382c343 (table: Database) {{(pid=118995) notify /opt/stack/neutron/neutron/plugins/ml2/drivers/ovn/mech_driver/ovsdb/ovsdb_monitor.py:729}}
Jun 14 11:22:57 ubuntu neutron-server[118791]: DEBUG oslo_service.service [-] Full set of CONF: {{(pid=118791) wait /usr/local/lib/python3.8/dist-packages/oslo_service/service.py:649}}
Jun 14 11:22:57 ubuntu neutron-server[118791]: DEBUG oslo_service.service [-] ******************************************************************************** {{(pid=118791) log_opt_values /usr/local/lib/python3.8/dist-packages/oslo_config/cfg.py:2589}}
Jun 14 11:22:57 ubuntu neutron-server[118791]: DEBUG oslo_service.service [-] Configuration options gathered from: {{(pid=118791) log_opt_values /usr/local/lib/python3.8/dist-packages/oslo_config/cfg.py:2590}}
Jun 14 11:22:57 ubuntu neutron-server[118791]: DEBUG oslo_service.service [-] command line args: ['--config-file', '/etc/neutron/neutron.conf', '--config-file', '/etc/neutron/plugins/ml2/ml2_conf.ini'] {{(pid=118791) log_opt_values /usr/local/lib/python3.8/dist-packages/oslo_config/cfg.py:2591}}
Jun 14 11:22:57 ubuntu neutron-server[118791]: DEBUG oslo_service.service [-] config files: ['/etc/neutron/neutron.conf', '/etc/neutron/plugins/ml2/ml2_conf.ini'] {{(pid=118791) log_opt_values /usr/local/lib/python3.8/dist-packages/oslo_config/cfg.py:2592}}
Jun 14 11:22:57 ubuntu neutron-server[118791]: DEBUG oslo_service.service [-] ================================================================================ {{(pid=118791) log_opt_values /usr/local/lib/python3.8/dist-packages/oslo_config/cfg.py:2594}}
Jun 14 11:22:57 ubuntu neutron-server[118791]: DEBUG oslo_service.service [-] agent_down_time                = 75 {{(pid=118791) log_opt_values /usr/local/lib/python3.8/dist-packages/oslo_config/cfg.py:2602}}
Jun 14 11:22:57 ubuntu neutron-server[118791]: DEBUG oslo_service.service [-] allow_automatic_dhcp_failover  = True {{(pid=118791) log_opt_values /usr/local/lib/python3.8/dist-packages/oslo_config/cfg.py:2602}}
Jun 14 11:22:57 ubuntu neutron-server[118791]: DEBUG oslo_service.service [-] allow_bulk                     = True {{(pid=118791) log_opt_values /usr/local/lib/python3.8/dist-packages/oslo_config/cfg.py:2602}}
Jun 14 11:22:57 ubuntu neutron-server[118791]: DEBUG oslo_service.service [-] allow_overlapping_ips          = True {{(pid=118791) log_opt_values /usr/local/lib/python3.8/dist-packages/oslo_config/cfg.py:2602}}
Jun 14 11:22:57 ubuntu neutron-server[118791]: DEBUG oslo_service.service [-] allowed_conntrack_helpers      = [{'amanda': 'tcp'}, {'ftp': 'tcp'}, {'h323': 'udp'}, {'h323': 'tcp'}, {'irc': 'tcp'}, {'netbios-ns': 'udp'}, {'pptp': 'tcp'}, {'sane': 'tcp'}, {'sip': 'udp'}, {'sip': 'tcp'}, {'snmp': 'udp'}, {'tftp': 'udp'}] {{(pid=118791) log_opt_values /usr/local/lib/python3.8/dist-packages/oslo_config/cfg.py:2602}}
Jun 14 11:22:57 ubuntu neutron-server[118791]: DEBUG oslo_service.service [-] api_extensions_path            =  {{(pid=118791) log_opt_values /usr/local/lib/python3.8/dist-packages/oslo_config/cfg.py:2602}}
Jun 14 11:22:57 ubuntu neutron-server[118791]: DEBUG oslo_service.service [-] api_paste_config               = api-paste.ini {{(pid=118791) log_opt_values /usr/local/lib/python3.8/dist-packages/oslo_config/cfg.py:2602}}
Jun 14 11:22:57 ubuntu neutron-server[118996]: DEBUG neutron.common.ovn.hash_ring_manager [None req-cd088783-5b19-483a-8bc5-8b31d588bc14 None None] Allow caching, nodes 2>=2 {{(pid=118996) _wait_startup_before_caching /opt/stack/neutron/neutron/common/ovn/hash_ring_manager.py:60}}
Jun 14 11:22:57 ubuntu neutron-server[118791]: DEBUG oslo_service.service [-] api_workers                    = 2 {{(pid=118791) log_opt_values /usr/local/lib/python3.8/dist-packages/oslo_config/cfg.py:2602}}
Jun 14 11:22:57 ubuntu neutron-server[118791]: DEBUG oslo_service.service [-] auth_strategy                  = keystone {{(pid=118791) log_opt_values /usr/local/lib/python3.8/dist-packages/oslo_config/cfg.py:2602}}
Jun 14 11:22:57 ubuntu neutron-server[118791]: DEBUG oslo_service.service [-] backdoor_port                  = None {{(pid=118791) log_opt_values /usr/local/lib/python3.8/dist-packages/oslo_config/cfg.py:2602}}
Jun 14 11:22:57 ubuntu neutron-server[118791]: DEBUG oslo_service.service [-] backdoor_socket                = None {{(pid=118791) log_opt_values /usr/local/lib/python3.8/dist-packages/oslo_config/cfg.py:2602}}
Jun 14 11:22:57 ubuntu neutron-server[118791]: DEBUG oslo_service.service [-] backlog                        = 4096 {{(pid=118791) log_opt_values /usr/local/lib/python3.8/dist-packages/oslo_config/cfg.py:2602}}
Jun 14 11:22:57 ubuntu neutron-server[118791]: DEBUG oslo_service.service [-] base_mac                       = fa:16:3e:00:00:00 {{(pid=118791) log_opt_values /usr/local/lib/python3.8/dist-packages/oslo_config/cfg.py:2602}}
Jun 14 11:22:57 ubuntu neutron-server[118791]: DEBUG oslo_service.service [-] bind_host                      = 0.0.0.0 {{(pid=118791) log_opt_values /usr/local/lib/python3.8/dist-packages/oslo_config/cfg.py:2602}}
Jun 14 11:22:57 ubuntu neutron-server[118791]: DEBUG oslo_service.service [-] bind_port                      = 9696 {{(pid=118791) log_opt_values /usr/local/lib/python3.8/dist-packages/oslo_config/cfg.py:2602}}
Jun 14 11:22:57 ubuntu neutron-server[118791]: DEBUG oslo_service.service [-] client_socket_timeout          = 900 {{(pid=118791) log_opt_values /usr/local/lib/python3.8/dist-packages/oslo_config/cfg.py:2602}}
Jun 14 11:22:57 ubuntu neutron-server[118791]: DEBUG oslo_service.service [-] config_dir                     = [] {{(pid=118791) log_opt_values /usr/local/lib/python3.8/dist-packages/oslo_config/cfg.py:2602}}
Jun 14 11:22:57 ubuntu neutron-server[118791]: DEBUG oslo_service.service [-] config_file                    = ['/etc/neutron/neutron.conf', '/etc/neutron/plugins/ml2/ml2_conf.ini'] {{(pid=118791) log_opt_values /usr/local/lib/python3.8/dist-packages/oslo_config/cfg.py:2602}}
Jun 14 11:22:57 ubuntu neutron-server[118791]: DEBUG oslo_service.service [-] config_source                  = [] {{(pid=118791) log_opt_values /usr/local/lib/python3.8/dist-packages/oslo_config/cfg.py:2602}}
Jun 14 11:22:57 ubuntu neutron-server[118791]: DEBUG oslo_service.service [-] control_exchange               = neutron {{(pid=118791) log_opt_values /usr/local/lib/python3.8/dist-packages/oslo_config/cfg.py:2602}}
Jun 14 11:22:57 ubuntu neutron-server[118791]: DEBUG oslo_service.service [-] core_plugin                    = ml2 {{(pid=118791) log_opt_values /usr/local/lib/python3.8/dist-packages/oslo_config/cfg.py:2602}}
Jun 14 11:22:57 ubuntu neutron-server[118791]: DEBUG oslo_service.service [-] debug                          = True {{(pid=118791) log_opt_values /usr/local/lib/python3.8/dist-packages/oslo_config/cfg.py:2602}}
Jun 14 11:22:57 ubuntu neutron-server[118995]: DEBUG neutron.plugins.ml2.drivers.ovn.mech_driver.ovsdb.ovsdb_monitor [None req-89c11e6e-f4d5-48f0-a315-27ff8f24610f None None] ChassisAgentWriteEvent : Matched Chassis, create, None None {{(pid=118995) matches /opt/stack/neutron/neutron/plugins/ml2/drivers/ovn/mech_driver/ovsdb/ovsdb_monitor.py:62}}
Jun 14 11:22:57 ubuntu neutron-server[118995]: DEBUG neutron.plugins.ml2.drivers.ovn.mech_driver.ovsdb.ovsdb_monitor [None req-89c11e6e-f4d5-48f0-a315-27ff8f24610f None None] ChassisMetadataAgentWriteEvent : Matched Chassis, create, None None {{(pid=118995) matches /opt/stack/neutron/neutron/plugins/ml2/drivers/ovn/mech_driver/ovsdb/ovsdb_monitor.py:62}}
Jun 14 11:22:57 ubuntu neutron-server[119002]: DEBUG neutron_lib.callbacks.manager [-] Notify callbacks ['neutron.plugins.ml2.drivers.ovn.mech_driver.mech_driver.OVNMechanismDriver.post_fork_initialize-1629534'] for process, after_init {{(pid=119002) _notify_loop /usr/local/lib/python3.8/dist-packages/neutron_lib/callbacks/manager.py:192}}
Jun 14 11:22:57 ubuntu neutron-server[118791]: DEBUG oslo_service.service [-] default_availability_zones     = [] {{(pid=118791) log_opt_values /usr/local/lib/python3.8/dist-packages/oslo_config/cfg.py:2602}}
Jun 14 11:22:57 ubuntu neutron-server[118791]: DEBUG oslo_service.service [-] default_log_levels             = ['amqp=WARN', 'amqplib=WARN', 'boto=WARN', 'qpid=WARN', 'sqlalchemy=WARN', 'suds=INFO', 'oslo.messaging=INFO', 'oslo_messaging=INFO', 'iso8601=WARN', 'requests.packages.urllib3.connectionpool=WARN', 'urllib3.connectionpool=WARN', 'websocket=WARN', 'requests.packages.urllib3.util.retry=WARN', 'urllib3.util.retry=WARN', 'keystonemiddleware=WARN', 'routes.middleware=WARN', 'stevedore=WARN', 'taskflow=WARN', 'keystoneauth=WARN', 'oslo.cache=INFO', 'oslo_policy=INFO', 'dogpile.core.dogpile=INFO', 'OFPHandler=INFO', 'OfctlService=INFO', 'os_ken.base.app_manager=INFO', 'os_ken.controller.controller=INFO'] {{(pid=118791) log_opt_values /usr/local/lib/python3.8/dist-packages/oslo_config/cfg.py:2602}}
Jun 14 11:22:57 ubuntu neutron-server[118791]: DEBUG oslo_service.service [-] dhcp_agent_notification        = False {{(pid=118791) log_opt_values /usr/local/lib/python3.8/dist-packages/oslo_config/cfg.py:2602}}
Jun 14 11:22:57 ubuntu neutron-server[119001]: DEBUG neutron_lib.callbacks.manager [-] Notify callbacks ['neutron.plugins.ml2.drivers.ovn.mech_driver.mech_driver.OVNMechanismDriver.post_fork_initialize-1629534'] for process, after_init {{(pid=119001) _notify_loop /usr/local/lib/python3.8/dist-packages/neutron_lib/callbacks/manager.py:192}}
Jun 14 11:22:57 ubuntu neutron-server[118791]: DEBUG oslo_service.service [-] dhcp_agents_per_network        = 1 {{(pid=118791) log_opt_values /usr/local/lib/python3.8/dist-packages/oslo_config/cfg.py:2602}}
Jun 14 11:22:57 ubuntu neutron-server[118791]: DEBUG oslo_service.service [-] dhcp_lease_duration            = 86400 {{(pid=118791) log_opt_values /usr/local/lib/python3.8/dist-packages/oslo_config/cfg.py:2602}}
Jun 14 11:22:57 ubuntu neutron-server[118791]: DEBUG oslo_service.service [-] dhcp_load_type                 = networks {{(pid=118791) log_opt_values /usr/local/lib/python3.8/dist-packages/oslo_config/cfg.py:2602}}
Jun 14 11:22:57 ubuntu neutron-server[118791]: DEBUG oslo_service.service [-] dns_domain                     = openstacklocal {{(pid=118791) log_opt_values /usr/local/lib/python3.8/dist-packages/oslo_config/cfg.py:2602}}
Jun 14 11:22:57 ubuntu neutron-server[118791]: DEBUG oslo_service.service [-] dvr_base_mac                   = fa:16:3f:00:00:00 {{(pid=118791) log_opt_values /usr/local/lib/python3.8/dist-packages/oslo_config/cfg.py:2602}}
Jun 14 11:22:57 ubuntu neutron-server[118791]: DEBUG oslo_service.service [-] enable_dvr                     = True {{(pid=118791) log_opt_values /usr/local/lib/python3.8/dist-packages/oslo_config/cfg.py:2602}}
Jun 14 11:22:57 ubuntu neutron-server[118791]: DEBUG oslo_service.service [-] enable_new_agents              = True {{(pid=118791) log_opt_values /usr/local/lib/python3.8/dist-packages/oslo_config/cfg.py:2602}}
Jun 14 11:22:57 ubuntu neutron-server[118791]: DEBUG oslo_service.service [-] enable_services_on_agents_with_admin_state_down = False {{(pid=118791) log_opt_values /usr/local/lib/python3.8/dist-packages/oslo_config/cfg.py:2602}}
Jun 14 11:22:57 ubuntu neutron-server[118791]: DEBUG oslo_service.service [-] enable_snat_by_default         = True {{(pid=118791) log_opt_values /usr/local/lib/python3.8/dist-packages/oslo_config/cfg.py:2602}}
Jun 14 11:22:57 ubuntu neutron-server[118791]: DEBUG oslo_service.service [-] enable_traditional_dhcp        = True {{(pid=118791) log_opt_values /usr/local/lib/python3.8/dist-packages/oslo_config/cfg.py:2602}}
Jun 14 11:22:57 ubuntu neutron-server[118791]: DEBUG oslo_service.service [-] external_dns_driver            = None {{(pid=118791) log_opt_values /usr/local/lib/python3.8/dist-packages/oslo_config/cfg.py:2602}}
Jun 14 11:22:57 ubuntu neutron-server[118791]: DEBUG oslo_service.service [-] filter_validation              = True {{(pid=118791) log_opt_values /usr/local/lib/python3.8/dist-packages/oslo_config/cfg.py:2602}}
Jun 14 11:22:57 ubuntu neutron-server[118791]: DEBUG oslo_service.service [-] global_physnet_mtu             = 1500 {{(pid=118791) log_opt_values /usr/local/lib/python3.8/dist-packages/oslo_config/cfg.py:2602}}
Jun 14 11:22:57 ubuntu neutron-server[118791]: DEBUG oslo_service.service [-] graceful_shutdown_timeout      = 60 {{(pid=118791) log_opt_values /usr/local/lib/python3.8/dist-packages/oslo_config/cfg.py:2602}}
Jun 14 11:22:57 ubuntu neutron-server[118791]: DEBUG oslo_service.service [-] host                           = ubuntu {{(pid=118791) log_opt_values /usr/local/lib/python3.8/dist-packages/oslo_config/cfg.py:2602}}
Jun 14 11:22:57 ubuntu neutron-server[118791]: DEBUG oslo_service.service [-] host_dvr_for_dhcp              = True {{(pid=118791) log_opt_values /usr/local/lib/python3.8/dist-packages/oslo_config/cfg.py:2602}}
Jun 14 11:22:57 ubuntu neutron-server[119001]: INFO neutron.plugins.ml2.drivers.ovn.mech_driver.ovsdb.impl_idl_ovn [-] Getting OvsdbNbOvnIdl for MaintenanceWorker with retry
Jun 14 11:22:57 ubuntu neutron-server[118791]: DEBUG oslo_service.service [-] http_retries                   = 3 {{(pid=118791) log_opt_values /usr/local/lib/python3.8/dist-packages/oslo_config/cfg.py:2602}}
Jun 14 11:22:57 ubuntu neutron-server[118791]: DEBUG oslo_service.service [-] instance_format                = [instance: %(uuid)s]  {{(pid=118791) log_opt_values /usr/local/lib/python3.8/dist-packages/oslo_config/cfg.py:2602}}
Jun 14 11:22:57 ubuntu neutron-server[118791]: DEBUG oslo_service.service [-] instance_uuid_format           = [instance: %(uuid)s]  {{(pid=118791) log_opt_values /usr/local/lib/python3.8/dist-packages/oslo_config/cfg.py:2602}}
Jun 14 11:22:57 ubuntu neutron-server[118995]: INFO neutron.wsgi [-] (118995) wsgi starting up on http://0.0.0.0:9696
Jun 14 11:22:57 ubuntu neutron-server[118791]: DEBUG oslo_service.service [-] ipam_driver                    = internal {{(pid=118791) log_opt_values /usr/local/lib/python3.8/dist-packages/oslo_config/cfg.py:2602}}
Jun 14 11:22:57 ubuntu neutron-server[118791]: DEBUG oslo_service.service [-] ipv6_pd_enabled                = False {{(pid=118791) log_opt_values /usr/local/lib/python3.8/dist-packages/oslo_config/cfg.py:2602}}
Jun 14 11:22:57 ubuntu neutron-server[118791]: DEBUG oslo_service.service [-] l3_ha                          = False {{(pid=118791) log_opt_values /usr/local/lib/python3.8/dist-packages/oslo_config/cfg.py:2602}}
Jun 14 11:22:57 ubuntu neutron-server[118791]: DEBUG oslo_service.service [-] l3_ha_net_cidr                 = 169.254.192.0/18 {{(pid=118791) log_opt_values /usr/local/lib/python3.8/dist-packages/oslo_config/cfg.py:2602}}
Jun 14 11:22:57 ubuntu neutron-server[118791]: DEBUG oslo_service.service [-] l3_ha_network_physical_name    =  {{(pid=118791) log_opt_values /usr/local/lib/python3.8/dist-packages/oslo_config/cfg.py:2602}}
Jun 14 11:22:57 ubuntu neutron-server[118995]: DEBUG neutron.wsgi [-] (118995) accepted ('192.168.79.50', 50152) {{(pid=118995) server /usr/local/lib/python3.8/dist-packages/eventlet/wsgi.py:982}}
Jun 14 11:22:57 ubuntu neutron-server[118791]: DEBUG oslo_service.service [-] l3_ha_network_type             =  {{(pid=118791) log_opt_values /usr/local/lib/python3.8/dist-packages/oslo_config/cfg.py:2602}}
Jun 14 11:22:57 ubuntu neutron-server[118791]: DEBUG oslo_service.service [-] log_config_append              = None {{(pid=118791) log_opt_values /usr/local/lib/python3.8/dist-packages/oslo_config/cfg.py:2602}}
Jun 14 11:22:57 ubuntu neutron-server[118791]: DEBUG oslo_service.service [-] log_date_format                = %Y-%m-%d %H:%M:%S {{(pid=118791) log_opt_values /usr/local/lib/python3.8/dist-packages/oslo_config/cfg.py:2602}}
Jun 14 11:22:57 ubuntu neutron-server[118791]: DEBUG oslo_service.service [-] log_dir                        = None {{(pid=118791) log_opt_values /usr/local/lib/python3.8/dist-packages/oslo_config/cfg.py:2602}}
Jun 14 11:22:57 ubuntu neutron-server[118791]: DEBUG oslo_service.service [-] log_file                       = None {{(pid=118791) log_opt_values /usr/local/lib/python3.8/dist-packages/oslo_config/cfg.py:2602}}
Jun 14 11:22:57 ubuntu neutron-server[118791]: DEBUG oslo_service.service [-] log_options                    = True {{(pid=118791) log_opt_values /usr/local/lib/python3.8/dist-packages/oslo_config/cfg.py:2602}}
Jun 14 11:22:57 ubuntu neutron-server[118791]: DEBUG oslo_service.service [-] log_rotate_interval            = 1 {{(pid=118791) log_opt_values /usr/local/lib/python3.8/dist-packages/oslo_config/cfg.py:2602}}
Jun 14 11:22:57 ubuntu neutron-server[118791]: DEBUG oslo_service.service [-] log_rotate_interval_type       = days {{(pid=118791) log_opt_values /usr/local/lib/python3.8/dist-packages/oslo_config/cfg.py:2602}}
Jun 14 11:22:57 ubuntu neutron-server[118791]: DEBUG oslo_service.service [-] log_rotation_type              = none {{(pid=118791) log_opt_values /usr/local/lib/python3.8/dist-packages/oslo_config/cfg.py:2602}}
Jun 14 11:22:57 ubuntu neutron-server[118791]: DEBUG oslo_service.service [-] logging_context_format_string  = %(color)s%(levelname)s %(name)s [%(global_request_id)s %(request_id)s %(project_name)s %(user_name)s%(color)s] %(instance)s%(color)s%(message)s {{(pid=118791) log_opt_values /usr/local/lib/python3.8/dist-packages/oslo_config/cfg.py:2602}}
