Jun 13 13:32:12 ubuntu neutron-server[115137]: DEBUG neutron.api.extensions [None req-c8f58b96-df29-4618-bf71-f757fcb3d0f7 None None] Extended resource: quotas {{(pid=115137) __init__ /opt/stack/neutron/neutron/api/extensions.py:157}}
Jun 13 13:32:12 ubuntu neutron-server[115137]: DEBUG neutron.api.extensions [None req-c8f58b96-df29-4618-bf71-f757fcb3d0f7 None None] Extended resource: quotas {{(pid=115137) __init__ /opt/stack/neutron/neutron/api/extensions.py:157}}
Jun 13 13:32:12 ubuntu neutron-server[115137]: DEBUG neutron.api.extensions [None req-c8f58b96-df29-4618-bf71-f757fcb3d0f7 None None] Extended resource: rbac-policies {{(pid=115137) __init__ /opt/stack/neutron/neutron/api/extensions.py:157}}
Jun 13 13:32:12 ubuntu neutron-server[115137]: DEBUG neutron.api.extensions [None req-c8f58b96-df29-4618-bf71-f757fcb3d0f7 None None] Extended resource: security-groups {{(pid=115137) __init__ /opt/stack/neutron/neutron/api/extensions.py:157}}
Jun 13 13:32:12 ubuntu neutron-server[115137]: DEBUG neutron.api.extensions [None req-c8f58b96-df29-4618-bf71-f757fcb3d0f7 None None] Extended resource: security-group-rules {{(pid=115137) __init__ /opt/stack/neutron/neutron/api/extensions.py:157}}
Jun 13 13:32:12 ubuntu neutron-server[115137]: DEBUG neutron.api.extensions [None req-c8f58b96-df29-4618-bf71-f757fcb3d0f7 None None] Extended resource: service-providers {{(pid=115137) __init__ /opt/stack/neutron/neutron/api/extensions.py:157}}
Jun 13 13:32:12 ubuntu neutron-server[115137]: DEBUG neutron.api.extensions [None req-c8f58b96-df29-4618-bf71-f757fcb3d0f7 None None] Extended resource: tags {{(pid=115137) __init__ /opt/stack/neutron/neutron/api/extensions.py:157}}
Jun 13 13:32:12 ubuntu neutron-server[115137]: DEBUG neutron.api.extensions [None req-c8f58b96-df29-4618-bf71-f757fcb3d0f7 None None] Extended resource: tags {{(pid=115137) __init__ /opt/stack/neutron/neutron/api/extensions.py:157}}
Jun 13 13:32:12 ubuntu neutron-server[115137]: DEBUG neutron.api.extensions [None req-c8f58b96-df29-4618-bf71-f757fcb3d0f7 None None] Extended resource: tags {{(pid=115137) __init__ /opt/stack/neutron/neutron/api/extensions.py:157}}
Jun 13 13:32:12 ubuntu neutron-server[115137]: DEBUG neutron.api.extensions [None req-c8f58b96-df29-4618-bf71-f757fcb3d0f7 None None] Extended resource: tags {{(pid=115137) __init__ /opt/stack/neutron/neutron/api/extensions.py:157}}
Jun 13 13:32:12 ubuntu neutron-server[115137]: DEBUG neutron.api.extensions [None req-c8f58b96-df29-4618-bf71-f757fcb3d0f7 None None] Extended resource: tags {{(pid=115137) __init__ /opt/stack/neutron/neutron/api/extensions.py:157}}
Jun 13 13:32:12 ubuntu neutron-server[115137]: DEBUG neutron.api.extensions [None req-c8f58b96-df29-4618-bf71-f757fcb3d0f7 None None] Extended resource: tags {{(pid=115137) __init__ /opt/stack/neutron/neutron/api/extensions.py:157}}
Jun 13 13:32:12 ubuntu neutron-server[115137]: DEBUG neutron.api.extensions [None req-c8f58b96-df29-4618-bf71-f757fcb3d0f7 None None] Extended resource: tags {{(pid=115137) __init__ /opt/stack/neutron/neutron/api/extensions.py:157}}
Jun 13 13:32:12 ubuntu neutron-server[115137]: DEBUG neutron.api.extensions [None req-c8f58b96-df29-4618-bf71-f757fcb3d0f7 None None] Extended resource: tags {{(pid=115137) __init__ /opt/stack/neutron/neutron/api/extensions.py:157}}
Jun 13 13:32:12 ubuntu neutron-server[115137]: DEBUG neutron.api.extensions [None req-c8f58b96-df29-4618-bf71-f757fcb3d0f7 None None] Extended resource: tags {{(pid=115137) __init__ /opt/stack/neutron/neutron/api/extensions.py:157}}
Jun 13 13:32:12 ubuntu neutron-server[115137]: DEBUG neutron.api.extensions [None req-c8f58b96-df29-4618-bf71-f757fcb3d0f7 None None] Extended resource: tags {{(pid=115137) __init__ /opt/stack/neutron/neutron/api/extensions.py:157}}
Jun 13 13:32:12 ubuntu neutron-server[115137]: WARNING keystonemiddleware.auth_token [None req-c8f58b96-df29-4618-bf71-f757fcb3d0f7 None None] AuthToken middleware is set with keystone_authtoken.service_token_roles_required set to False. This is backwards compatible but deprecated behaviour. Please set this to True.
Jun 13 13:32:12 ubuntu neutron-server[115137]: WARNING keystonemiddleware.auth_token [None req-c8f58b96-df29-4618-bf71-f757fcb3d0f7 None None] Configuring www_authenticate_uri to point to the public identity endpoint is required; clients may not be able to authenticate against an admin endpoint
Jun 13 13:32:12 ubuntu neutron-server[115137]: DEBUG oslo_concurrency.lockutils [None req-c8f58b96-df29-4618-bf71-f757fcb3d0f7 None None] Acquired lock "singleton_lock" {{(pid=115137) lock /usr/local/lib/python3.8/dist-packages/oslo_concurrency/lockutils.py:266}}
Jun 13 13:32:12 ubuntu neutron-server[115137]: DEBUG oslo_concurrency.lockutils [None req-c8f58b96-df29-4618-bf71-f757fcb3d0f7 None None] Releasing lock "singleton_lock" {{(pid=115137) lock /usr/local/lib/python3.8/dist-packages/oslo_concurrency/lockutils.py:282}}
Jun 13 13:32:12 ubuntu neutron-server[115137]: INFO oslo_service.service [None req-c8f58b96-df29-4618-bf71-f757fcb3d0f7 None None] Starting 2 workers
Jun 13 13:32:12 ubuntu neutron-server[115137]: DEBUG oslo_service.service [None req-c8f58b96-df29-4618-bf71-f757fcb3d0f7 None None] Started child 115342 {{(pid=115137) _start_child /usr/local/lib/python3.8/dist-packages/oslo_service/service.py:575}}
Jun 13 13:32:12 ubuntu neutron-server[115137]: DEBUG oslo_service.service [None req-c8f58b96-df29-4618-bf71-f757fcb3d0f7 None None] Started child 115343 {{(pid=115137) _start_child /usr/local/lib/python3.8/dist-packages/oslo_service/service.py:575}}
Jun 13 13:32:12 ubuntu neutron-server[115137]: INFO neutron.service [None req-c8f58b96-df29-4618-bf71-f757fcb3d0f7 None None] Neutron service started, listening on 0.0.0.0:9696
Jun 13 13:32:12 ubuntu neutron-server[115137]: DEBUG neutron_lib.callbacks.manager [None req-c8f58b96-df29-4618-bf71-f757fcb3d0f7 None None] Notify callbacks ['neutron.plugins.ml2.drivers.ovn.mech_driver.mech_driver.OVNMechanismDriver.pre_fork_initialize-645919'] for process, before_spawn {{(pid=115137) _notify_loop /usr/local/lib/python3.8/dist-packages/neutron_lib/callbacks/manager.py:192}}
Jun 13 13:32:12 ubuntu neutron-server[115343]: DEBUG neutron_lib.callbacks.manager [-] Notify callbacks ['neutron.plugins.ml2.drivers.ovn.mech_driver.mech_driver.OVNMechanismDriver.post_fork_initialize-645947'] for process, after_init {{(pid=115343) _notify_loop /usr/local/lib/python3.8/dist-packages/neutron_lib/callbacks/manager.py:192}}
Jun 13 13:32:12 ubuntu neutron-server[115342]: DEBUG neutron_lib.callbacks.manager [-] Notify callbacks ['neutron.plugins.ml2.drivers.ovn.mech_driver.mech_driver.OVNMechanismDriver.post_fork_initialize-645947'] for process, after_init {{(pid=115342) _notify_loop /usr/local/lib/python3.8/dist-packages/neutron_lib/callbacks/manager.py:192}}
Jun 13 13:32:12 ubuntu neutron-server[115137]: DEBUG ovsdbapp.backend.ovs_idl [None req-c8f58b96-df29-4618-bf71-f757fcb3d0f7 None None] Created schema index Port_Group.name {{(pid=115137) autocreate_indices /usr/local/lib/python3.8/dist-packages/ovsdbapp/backend/ovs_idl/__init__.py:126}}
Jun 13 13:32:12 ubuntu neutron-server[115137]: DEBUG ovsdbapp.backend.ovs_idl [None req-c8f58b96-df29-4618-bf71-f757fcb3d0f7 None None] Created schema index Logical_Switch_Port.name {{(pid=115137) autocreate_indices /usr/local/lib/python3.8/dist-packages/ovsdbapp/backend/ovs_idl/__init__.py:126}}
Jun 13 13:32:12 ubuntu neutron-server[115343]: INFO neutron.plugins.ml2.drivers.ovn.mech_driver.ovsdb.impl_idl_ovn [None req-3784854e-1490-4124-9bef-47fab0328dbf None None] Getting OvsdbNbOvnIdl for WorkerService with retry
Jun 13 13:32:12 ubuntu neutron-server[115342]: INFO neutron.plugins.ml2.drivers.ovn.mech_driver.ovsdb.impl_idl_ovn [None req-a74397bb-4e79-4857-b3f9-90cfdc46f7d5 None None] Getting OvsdbNbOvnIdl for WorkerService with retry
Jun 13 13:32:12 ubuntu neutron-server[115137]: DEBUG ovsdbapp.backend.ovs_idl.transaction [-] Running txn n=1 command(idx=0): PgAddCommand(name=neutron_pg_drop, may_exist=True, columns={'acls': []}) {{(pid=115137) do_commit /usr/local/lib/python3.8/dist-packages/ovsdbapp/backend/ovs_idl/transaction.py:90}}
Jun 13 13:32:12 ubuntu neutron-server[115137]: DEBUG ovsdbapp.backend.ovs_idl.transaction [-] Running txn n=1 command(idx=1): PgAclAddCommand(entity=neutron_pg_drop, direction=from-lport, priority=1001, match=inport == @neutron_pg_drop && ip, action=drop, log=False, may_exist=True, severity=[], name=[], meter=None, external_ids={}) {{(pid=115137) do_commit /usr/local/lib/python3.8/dist-packages/ovsdbapp/backend/ovs_idl/transaction.py:90}}
Jun 13 13:32:12 ubuntu neutron-server[115137]: DEBUG ovsdbapp.backend.ovs_idl.transaction [-] Running txn n=1 command(idx=2): PgAclAddCommand(entity=neutron_pg_drop, direction=to-lport, priority=1001, match=outport == @neutron_pg_drop && ip, action=drop, log=False, may_exist=True, severity=[], name=[], meter=None, external_ids={}) {{(pid=115137) do_commit /usr/local/lib/python3.8/dist-packages/ovsdbapp/backend/ovs_idl/transaction.py:90}}
Jun 13 13:32:12 ubuntu neutron-server[115137]: DEBUG ovsdbapp.backend.ovs_idl.event [-] Matched CREATE: NeutronPgDropPortGroupCreated(events=('create',), table='Port_Group', conditions=(('name', '=', 'neutron_pg_drop'),), old_conditions=None) to row=Port_Group(name=neutron_pg_drop, ports=[], external_ids={}, acls=[<ovs.db.idl.Row object at 0x7fe91e2e9430>, <ovs.db.idl.Row object at 0x7fe91e26f7f0>]) old= {{(pid=115137) matches /usr/local/lib/python3.8/dist-packages/ovsdbapp/backend/ovs_idl/event.py:43}}
Jun 13 13:32:12 ubuntu neutron-server[115342]: DEBUG ovsdbapp.backend.ovs_idl [None req-a74397bb-4e79-4857-b3f9-90cfdc46f7d5 None None] Created lookup_table index Logical_Switch.name {{(pid=115342) autocreate_indices /usr/local/lib/python3.8/dist-packages/ovsdbapp/backend/ovs_idl/__init__.py:107}}
Jun 13 13:32:12 ubuntu neutron-server[115343]: DEBUG ovsdbapp.backend.ovs_idl [None req-3784854e-1490-4124-9bef-47fab0328dbf None None] Created lookup_table index Logical_Switch.name {{(pid=115343) autocreate_indices /usr/local/lib/python3.8/dist-packages/ovsdbapp/backend/ovs_idl/__init__.py:107}}
Jun 13 13:32:12 ubuntu neutron-server[115342]: DEBUG ovsdbapp.backend.ovs_idl [None req-a74397bb-4e79-4857-b3f9-90cfdc46f7d5 None None] Created lookup_table index Logical_Router.name {{(pid=115342) autocreate_indices /usr/local/lib/python3.8/dist-packages/ovsdbapp/backend/ovs_idl/__init__.py:107}}
Jun 13 13:32:12 ubuntu neutron-server[115342]: DEBUG ovsdbapp.backend.ovs_idl [None req-a74397bb-4e79-4857-b3f9-90cfdc46f7d5 None None] Created lookup_table index Load_Balancer.name {{(pid=115342) autocreate_indices /usr/local/lib/python3.8/dist-packages/ovsdbapp/backend/ovs_idl/__init__.py:107}}
Jun 13 13:32:12 ubuntu neutron-server[115343]: DEBUG ovsdbapp.backend.ovs_idl [None req-3784854e-1490-4124-9bef-47fab0328dbf None None] Created lookup_table index Logical_Router.name {{(pid=115343) autocreate_indices /usr/local/lib/python3.8/dist-packages/ovsdbapp/backend/ovs_idl/__init__.py:107}}
Jun 13 13:32:12 ubuntu neutron-server[115342]: DEBUG ovsdbapp.backend.ovs_idl [None req-a74397bb-4e79-4857-b3f9-90cfdc46f7d5 None None] Created schema index Meter.name {{(pid=115342) autocreate_indices /usr/local/lib/python3.8/dist-packages/ovsdbapp/backend/ovs_idl/__init__.py:126}}
Jun 13 13:32:12 ubuntu neutron-server[115342]: DEBUG ovsdbapp.backend.ovs_idl [None req-a74397bb-4e79-4857-b3f9-90cfdc46f7d5 None None] Created schema index Address_Set.name {{(pid=115342) autocreate_indices /usr/local/lib/python3.8/dist-packages/ovsdbapp/backend/ovs_idl/__init__.py:126}}
Jun 13 13:32:12 ubuntu neutron-server[115342]: DEBUG ovsdbapp.backend.ovs_idl [None req-a74397bb-4e79-4857-b3f9-90cfdc46f7d5 None None] Created schema index HA_Chassis_Group.name {{(pid=115342) autocreate_indices /usr/local/lib/python3.8/dist-packages/ovsdbapp/backend/ovs_idl/__init__.py:126}}
Jun 13 13:32:12 ubuntu neutron-server[115343]: DEBUG ovsdbapp.backend.ovs_idl [None req-3784854e-1490-4124-9bef-47fab0328dbf None None] Created lookup_table index Load_Balancer.name {{(pid=115343) autocreate_indices /usr/local/lib/python3.8/dist-packages/ovsdbapp/backend/ovs_idl/__init__.py:107}}
Jun 13 13:32:12 ubuntu neutron-server[115342]: DEBUG ovsdbapp.backend.ovs_idl [None req-a74397bb-4e79-4857-b3f9-90cfdc46f7d5 None None] Created schema index Connection.target {{(pid=115342) autocreate_indices /usr/local/lib/python3.8/dist-packages/ovsdbapp/backend/ovs_idl/__init__.py:126}}
Jun 13 13:32:12 ubuntu neutron-server[115342]: DEBUG ovsdbapp.backend.ovs_idl [None req-a74397bb-4e79-4857-b3f9-90cfdc46f7d5 None None] Created schema index Gateway_Chassis.name {{(pid=115342) autocreate_indices /usr/local/lib/python3.8/dist-packages/ovsdbapp/backend/ovs_idl/__init__.py:126}}
Jun 13 13:32:12 ubuntu neutron-server[115342]: DEBUG ovsdbapp.backend.ovs_idl [None req-a74397bb-4e79-4857-b3f9-90cfdc46f7d5 None None] Created schema index Logical_Router_Port.name {{(pid=115342) autocreate_indices /usr/local/lib/python3.8/dist-packages/ovsdbapp/backend/ovs_idl/__init__.py:126}}
Jun 13 13:32:12 ubuntu neutron-server[115342]: DEBUG ovsdbapp.backend.ovs_idl [None req-a74397bb-4e79-4857-b3f9-90cfdc46f7d5 None None] Created schema index Port_Group.name {{(pid=115342) autocreate_indices /usr/local/lib/python3.8/dist-packages/ovsdbapp/backend/ovs_idl/__init__.py:126}}
Jun 13 13:32:12 ubuntu neutron-server[115342]: DEBUG ovsdbapp.backend.ovs_idl [None req-a74397bb-4e79-4857-b3f9-90cfdc46f7d5 None None] Created schema index Logical_Switch_Port.name {{(pid=115342) autocreate_indices /usr/local/lib/python3.8/dist-packages/ovsdbapp/backend/ovs_idl/__init__.py:126}}
Jun 13 13:32:12 ubuntu neutron-server[115343]: DEBUG ovsdbapp.backend.ovs_idl [None req-3784854e-1490-4124-9bef-47fab0328dbf None None] Created schema index Meter.name {{(pid=115343) autocreate_indices /usr/local/lib/python3.8/dist-packages/ovsdbapp/backend/ovs_idl/__init__.py:126}}
Jun 13 13:32:12 ubuntu neutron-server[115343]: DEBUG ovsdbapp.backend.ovs_idl [None req-3784854e-1490-4124-9bef-47fab0328dbf None None] Created schema index Address_Set.name {{(pid=115343) autocreate_indices /usr/local/lib/python3.8/dist-packages/ovsdbapp/backend/ovs_idl/__init__.py:126}}
Jun 13 13:32:12 ubuntu neutron-server[115342]: INFO ovsdbapp.backend.ovs_idl.vlog [None req-a74397bb-4e79-4857-b3f9-90cfdc46f7d5 None None] tcp:192.168.79.49:6641: connecting...
Jun 13 13:32:12 ubuntu neutron-server[115343]: DEBUG ovsdbapp.backend.ovs_idl [None req-3784854e-1490-4124-9bef-47fab0328dbf None None] Created schema index HA_Chassis_Group.name {{(pid=115343) autocreate_indices /usr/local/lib/python3.8/dist-packages/ovsdbapp/backend/ovs_idl/__init__.py:126}}
Jun 13 13:32:12 ubuntu neutron-server[115342]: INFO ovsdbapp.backend.ovs_idl.vlog [None req-a74397bb-4e79-4857-b3f9-90cfdc46f7d5 None None] tcp:192.168.79.49:6641: connected
Jun 13 13:32:12 ubuntu neutron-server[115343]: DEBUG ovsdbapp.backend.ovs_idl [None req-3784854e-1490-4124-9bef-47fab0328dbf None None] Created schema index Connection.target {{(pid=115343) autocreate_indices /usr/local/lib/python3.8/dist-packages/ovsdbapp/backend/ovs_idl/__init__.py:126}}
Jun 13 13:32:12 ubuntu neutron-server[115343]: DEBUG ovsdbapp.backend.ovs_idl [None req-3784854e-1490-4124-9bef-47fab0328dbf None None] Created schema index Gateway_Chassis.name {{(pid=115343) autocreate_indices /usr/local/lib/python3.8/dist-packages/ovsdbapp/backend/ovs_idl/__init__.py:126}}
Jun 13 13:32:12 ubuntu neutron-server[115343]: DEBUG ovsdbapp.backend.ovs_idl [None req-3784854e-1490-4124-9bef-47fab0328dbf None None] Created schema index Logical_Router_Port.name {{(pid=115343) autocreate_indices /usr/local/lib/python3.8/dist-packages/ovsdbapp/backend/ovs_idl/__init__.py:126}}
Jun 13 13:32:12 ubuntu neutron-server[115343]: DEBUG ovsdbapp.backend.ovs_idl [None req-3784854e-1490-4124-9bef-47fab0328dbf None None] Created schema index Port_Group.name {{(pid=115343) autocreate_indices /usr/local/lib/python3.8/dist-packages/ovsdbapp/backend/ovs_idl/__init__.py:126}}
Jun 13 13:32:12 ubuntu neutron-server[115343]: DEBUG ovsdbapp.backend.ovs_idl [None req-3784854e-1490-4124-9bef-47fab0328dbf None None] Created schema index Logical_Switch_Port.name {{(pid=115343) autocreate_indices /usr/local/lib/python3.8/dist-packages/ovsdbapp/backend/ovs_idl/__init__.py:126}}
Jun 13 13:32:12 ubuntu neutron-server[115343]: INFO ovsdbapp.backend.ovs_idl.vlog [None req-3784854e-1490-4124-9bef-47fab0328dbf None None] tcp:192.168.79.49:6641: connecting...
Jun 13 13:32:12 ubuntu neutron-server[115343]: INFO ovsdbapp.backend.ovs_idl.vlog [None req-3784854e-1490-4124-9bef-47fab0328dbf None None] tcp:192.168.79.49:6641: connected
Jun 13 13:32:12 ubuntu neutron-server[115137]: DEBUG ovsdbapp.backend.ovs_idl [None req-c8f58b96-df29-4618-bf71-f757fcb3d0f7 None None] Created lookup_table index Logical_Switch.name {{(pid=115137) autocreate_indices /usr/local/lib/python3.8/dist-packages/ovsdbapp/backend/ovs_idl/__init__.py:107}}
Jun 13 13:32:12 ubuntu neutron-server[115137]: DEBUG ovsdbapp.backend.ovs_idl [None req-c8f58b96-df29-4618-bf71-f757fcb3d0f7 None None] Created lookup_table index Logical_Router.name {{(pid=115137) autocreate_indices /usr/local/lib/python3.8/dist-packages/ovsdbapp/backend/ovs_idl/__init__.py:107}}
Jun 13 13:32:12 ubuntu neutron-server[115137]: DEBUG ovsdbapp.backend.ovs_idl [None req-c8f58b96-df29-4618-bf71-f757fcb3d0f7 None None] Created lookup_table index Load_Balancer.name {{(pid=115137) autocreate_indices /usr/local/lib/python3.8/dist-packages/ovsdbapp/backend/ovs_idl/__init__.py:107}}
Jun 13 13:32:12 ubuntu neutron-server[115137]: DEBUG ovsdbapp.backend.ovs_idl [None req-c8f58b96-df29-4618-bf71-f757fcb3d0f7 None None] Created schema index Meter.name {{(pid=115137) autocreate_indices /usr/local/lib/python3.8/dist-packages/ovsdbapp/backend/ovs_idl/__init__.py:126}}
Jun 13 13:32:12 ubuntu neutron-server[115137]: DEBUG ovsdbapp.backend.ovs_idl [None req-c8f58b96-df29-4618-bf71-f757fcb3d0f7 None None] Created schema index Address_Set.name {{(pid=115137) autocreate_indices /usr/local/lib/python3.8/dist-packages/ovsdbapp/backend/ovs_idl/__init__.py:126}}
Jun 13 13:32:12 ubuntu neutron-server[115137]: DEBUG ovsdbapp.backend.ovs_idl [None req-c8f58b96-df29-4618-bf71-f757fcb3d0f7 None None] Created schema index HA_Chassis_Group.name {{(pid=115137) autocreate_indices /usr/local/lib/python3.8/dist-packages/ovsdbapp/backend/ovs_idl/__init__.py:126}}
Jun 13 13:32:12 ubuntu neutron-server[115137]: DEBUG ovsdbapp.backend.ovs_idl [None req-c8f58b96-df29-4618-bf71-f757fcb3d0f7 None None] Created schema index Connection.target {{(pid=115137) autocreate_indices /usr/local/lib/python3.8/dist-packages/ovsdbapp/backend/ovs_idl/__init__.py:126}}
Jun 13 13:32:12 ubuntu neutron-server[115137]: DEBUG ovsdbapp.backend.ovs_idl [None req-c8f58b96-df29-4618-bf71-f757fcb3d0f7 None None] Created schema index Gateway_Chassis.name {{(pid=115137) autocreate_indices /usr/local/lib/python3.8/dist-packages/ovsdbapp/backend/ovs_idl/__init__.py:126}}
Jun 13 13:32:12 ubuntu neutron-server[115137]: DEBUG ovsdbapp.backend.ovs_idl [None req-c8f58b96-df29-4618-bf71-f757fcb3d0f7 None None] Created schema index Logical_Router_Port.name {{(pid=115137) autocreate_indices /usr/local/lib/python3.8/dist-packages/ovsdbapp/backend/ovs_idl/__init__.py:126}}
Jun 13 13:32:12 ubuntu neutron-server[115137]: DEBUG ovsdbapp.backend.ovs_idl [None req-c8f58b96-df29-4618-bf71-f757fcb3d0f7 None None] Created schema index Port_Group.name {{(pid=115137) autocreate_indices /usr/local/lib/python3.8/dist-packages/ovsdbapp/backend/ovs_idl/__init__.py:126}}
Jun 13 13:32:12 ubuntu neutron-server[115137]: DEBUG ovsdbapp.backend.ovs_idl [None req-c8f58b96-df29-4618-bf71-f757fcb3d0f7 None None] Created schema index Logical_Switch_Port.name {{(pid=115137) autocreate_indices /usr/local/lib/python3.8/dist-packages/ovsdbapp/backend/ovs_idl/__init__.py:126}}
Jun 13 13:32:12 ubuntu neutron-server[115342]: DEBUG neutron.common.ovn.hash_ring_manager [None req-a74397bb-4e79-4857-b3f9-90cfdc46f7d5 None None] Allow caching, nodes 2>=2 {{(pid=115342) _wait_startup_before_caching /opt/stack/neutron/neutron/common/ovn/hash_ring_manager.py:60}}
Jun 13 13:32:12 ubuntu neutron-server[115343]: DEBUG neutron.common.ovn.hash_ring_manager [None req-3784854e-1490-4124-9bef-47fab0328dbf None None] Allow caching, nodes 2>=2 {{(pid=115343) _wait_startup_before_caching /opt/stack/neutron/neutron/common/ovn/hash_ring_manager.py:60}}
Jun 13 13:32:12 ubuntu neutron-server[115342]: DEBUG neutron.plugins.ml2.drivers.ovn.mech_driver.ovsdb.ovsdb_monitor [None req-a74397bb-4e79-4857-b3f9-90cfdc46f7d5 None None] Hash Ring: Node 0e2f6340-17eb-4e35-823a-cf9fd75cf144 (host: ubuntu) handling event "create" for row 45934c98-e63f-4eb6-8dc9-fd0b3e11c367 (table: Database) {{(pid=115342) notify /opt/stack/neutron/neutron/plugins/ml2/drivers/ovn/mech_driver/ovsdb/ovsdb_monitor.py:729}}
Jun 13 13:32:12 ubuntu neutron-server[115343]: DEBUG neutron.plugins.ml2.drivers.ovn.mech_driver.ovsdb.ovsdb_monitor [None req-3784854e-1490-4124-9bef-47fab0328dbf None None] Hash Ring: Node 03e9eae6-69fe-497a-92fd-bfc80503cbc4 (host: ubuntu) handling event "create" for row dcf949df-6a4d-41b0-9fa3-c5322e81fb0c (table: Database) {{(pid=115343) notify /opt/stack/neutron/neutron/plugins/ml2/drivers/ovn/mech_driver/ovsdb/ovsdb_monitor.py:729}}
Jun 13 13:32:12 ubuntu neutron-server[115342]: DEBUG neutron.plugins.ml2.drivers.ovn.mech_driver.ovsdb.ovsdb_monitor [None req-a74397bb-4e79-4857-b3f9-90cfdc46f7d5 None None] Hash Ring: Node 0e2f6340-17eb-4e35-823a-cf9fd75cf144 (host: ubuntu) handling event "create" for row 4d7782e6-9407-4321-a7d4-682af347dc4d (table: Port_Group) {{(pid=115342) notify /opt/stack/neutron/neutron/plugins/ml2/drivers/ovn/mech_driver/ovsdb/ovsdb_monitor.py:729}}
Jun 13 13:32:12 ubuntu neutron-server[115342]: DEBUG neutron.plugins.ml2.drivers.ovn.mech_driver.ovsdb.ovsdb_monitor [None req-a74397bb-4e79-4857-b3f9-90cfdc46f7d5 None None] Hash Ring: Node 0e2f6340-17eb-4e35-823a-cf9fd75cf144 (host: ubuntu) handling event "create" for row 08a4a810-1dbd-473b-a370-1b4885159eba (table: NB_Global) {{(pid=115342) notify /opt/stack/neutron/neutron/plugins/ml2/drivers/ovn/mech_driver/ovsdb/ovsdb_monitor.py:729}}
Jun 13 13:32:12 ubuntu neutron-server[115342]: DEBUG neutron.plugins.ml2.drivers.ovn.mech_driver.ovsdb.ovsdb_monitor [None req-a74397bb-4e79-4857-b3f9-90cfdc46f7d5 None None] Hash Ring: Node 0e2f6340-17eb-4e35-823a-cf9fd75cf144 (host: ubuntu) handling event "create" for row 19cffb00-a310-4700-91fd-d0c9b2a86311 (table: ACL) {{(pid=115342) notify /opt/stack/neutron/neutron/plugins/ml2/drivers/ovn/mech_driver/ovsdb/ovsdb_monitor.py:729}}
Jun 13 13:32:12 ubuntu neutron-server[115342]: DEBUG neutron.plugins.ml2.drivers.ovn.mech_driver.ovsdb.ovsdb_monitor [None req-a74397bb-4e79-4857-b3f9-90cfdc46f7d5 None None] Hash Ring: Node 0e2f6340-17eb-4e35-823a-cf9fd75cf144 (host: ubuntu) handling event "create" for row a7a1d884-6a2d-457d-b597-6c890991215a (table: Connection) {{(pid=115342) notify /opt/stack/neutron/neutron/plugins/ml2/drivers/ovn/mech_driver/ovsdb/ovsdb_monitor.py:729}}
Jun 13 13:32:12 ubuntu neutron-server[115343]: DEBUG neutron.plugins.ml2.drivers.ovn.mech_driver.ovsdb.ovsdb_monitor [None req-3784854e-1490-4124-9bef-47fab0328dbf None None] Hash Ring: Node 03e9eae6-69fe-497a-92fd-bfc80503cbc4 (host: ubuntu) handling event "create" for row e42320c3-5adf-4229-9b80-8fbc2868b951 (table: ACL) {{(pid=115343) notify /opt/stack/neutron/neutron/plugins/ml2/drivers/ovn/mech_driver/ovsdb/ovsdb_monitor.py:729}}
Jun 13 13:32:12 ubuntu neutron-server[115342]: INFO neutron.plugins.ml2.drivers.ovn.mech_driver.ovsdb.impl_idl_ovn [None req-a74397bb-4e79-4857-b3f9-90cfdc46f7d5 None None] Getting OvsdbSbOvnIdl for WorkerService with retry
Jun 13 13:32:12 ubuntu neutron-server[115343]: INFO neutron.plugins.ml2.drivers.ovn.mech_driver.ovsdb.impl_idl_ovn [None req-3784854e-1490-4124-9bef-47fab0328dbf None None] Getting OvsdbSbOvnIdl for WorkerService with retry
Jun 13 13:32:12 ubuntu neutron-server[115137]: DEBUG ovsdbapp.backend.ovs_idl [None req-c8f58b96-df29-4618-bf71-f757fcb3d0f7 None None] Created lookup_table index Chassis.name {{(pid=115137) autocreate_indices /usr/local/lib/python3.8/dist-packages/ovsdbapp/backend/ovs_idl/__init__.py:107}}
Jun 13 13:32:12 ubuntu neutron-server[115137]: DEBUG ovsdbapp.backend.ovs_idl [None req-c8f58b96-df29-4618-bf71-f757fcb3d0f7 None None] Created lookup_table index MAC_Binding.ip {{(pid=115137) autocreate_indices /usr/local/lib/python3.8/dist-packages/ovsdbapp/backend/ovs_idl/__init__.py:107}}
Jun 13 13:32:12 ubuntu neutron-server[115137]: DEBUG ovsdbapp.backend.ovs_idl [None req-c8f58b96-df29-4618-bf71-f757fcb3d0f7 None None] Created schema index Meter.name {{(pid=115137) autocreate_indices /usr/local/lib/python3.8/dist-packages/ovsdbapp/backend/ovs_idl/__init__.py:126}}
Jun 13 13:32:12 ubuntu neutron-server[115137]: DEBUG ovsdbapp.backend.ovs_idl [None req-c8f58b96-df29-4618-bf71-f757fcb3d0f7 None None] Created schema index Address_Set.name {{(pid=115137) autocreate_indices /usr/local/lib/python3.8/dist-packages/ovsdbapp/backend/ovs_idl/__init__.py:126}}
Jun 13 13:32:12 ubuntu neutron-server[115137]: DEBUG ovsdbapp.backend.ovs_idl [None req-c8f58b96-df29-4618-bf71-f757fcb3d0f7 None None] Created schema index HA_Chassis_Group.name {{(pid=115137) autocreate_indices /usr/local/lib/python3.8/dist-packages/ovsdbapp/backend/ovs_idl/__init__.py:126}}
Jun 13 13:32:12 ubuntu neutron-server[115137]: DEBUG ovsdbapp.backend.ovs_idl [None req-c8f58b96-df29-4618-bf71-f757fcb3d0f7 None None] Created schema index IP_Multicast.datapath {{(pid=115137) autocreate_indices /usr/local/lib/python3.8/dist-packages/ovsdbapp/backend/ovs_idl/__init__.py:126}}
Jun 13 13:32:12 ubuntu neutron-server[115137]: DEBUG ovsdbapp.backend.ovs_idl [None req-c8f58b96-df29-4618-bf71-f757fcb3d0f7 None None] Created schema index Connection.target {{(pid=115137) autocreate_indices /usr/local/lib/python3.8/dist-packages/ovsdbapp/backend/ovs_idl/__init__.py:126}}
Jun 13 13:32:12 ubuntu neutron-server[115137]: DEBUG ovsdbapp.backend.ovs_idl [None req-c8f58b96-df29-4618-bf71-f757fcb3d0f7 None None] Created schema index Gateway_Chassis.name {{(pid=115137) autocreate_indices /usr/local/lib/python3.8/dist-packages/ovsdbapp/backend/ovs_idl/__init__.py:126}}
Jun 13 13:32:12 ubuntu neutron-server[115137]: DEBUG ovsdbapp.backend.ovs_idl [None req-c8f58b96-df29-4618-bf71-f757fcb3d0f7 None None] Created schema index Port_Group.name {{(pid=115137) autocreate_indices /usr/local/lib/python3.8/dist-packages/ovsdbapp/backend/ovs_idl/__init__.py:126}}
Jun 13 13:32:12 ubuntu neutron-server[115137]: DEBUG ovsdbapp.backend.ovs_idl [None req-c8f58b96-df29-4618-bf71-f757fcb3d0f7 None None] Created schema index Datapath_Binding.tunnel_key {{(pid=115137) autocreate_indices /usr/local/lib/python3.8/dist-packages/ovsdbapp/backend/ovs_idl/__init__.py:126}}
Jun 13 13:32:12 ubuntu neutron-server[115342]: DEBUG ovsdbapp.backend.ovs_idl [None req-a74397bb-4e79-4857-b3f9-90cfdc46f7d5 None None] Created lookup_table index Chassis.name {{(pid=115342) autocreate_indices /usr/local/lib/python3.8/dist-packages/ovsdbapp/backend/ovs_idl/__init__.py:107}}
Jun 13 13:32:12 ubuntu neutron-server[115342]: DEBUG ovsdbapp.backend.ovs_idl [None req-a74397bb-4e79-4857-b3f9-90cfdc46f7d5 None None] Created schema index Datapath_Binding.tunnel_key {{(pid=115342) autocreate_indices /usr/local/lib/python3.8/dist-packages/ovsdbapp/backend/ovs_idl/__init__.py:126}}
Jun 13 13:32:12 ubuntu neutron-server[115342]: DEBUG ovsdbapp.backend.ovs_idl [None req-a74397bb-4e79-4857-b3f9-90cfdc46f7d5 None None] Created schema index Connection.target {{(pid=115342) autocreate_indices /usr/local/lib/python3.8/dist-packages/ovsdbapp/backend/ovs_idl/__init__.py:126}}
Jun 13 13:32:12 ubuntu neutron-server[115342]: INFO ovsdbapp.backend.ovs_idl.vlog [None req-a74397bb-4e79-4857-b3f9-90cfdc46f7d5 None None] tcp:192.168.79.49:6642: connecting...
Jun 13 13:32:12 ubuntu neutron-server[115342]: INFO ovsdbapp.backend.ovs_idl.vlog [None req-a74397bb-4e79-4857-b3f9-90cfdc46f7d5 None None] tcp:192.168.79.49:6642: connected
Jun 13 13:32:12 ubuntu neutron-server[115343]: DEBUG ovsdbapp.backend.ovs_idl [None req-3784854e-1490-4124-9bef-47fab0328dbf None None] Created lookup_table index Chassis.name {{(pid=115343) autocreate_indices /usr/local/lib/python3.8/dist-packages/ovsdbapp/backend/ovs_idl/__init__.py:107}}
Jun 13 13:32:12 ubuntu neutron-server[115343]: DEBUG ovsdbapp.backend.ovs_idl [None req-3784854e-1490-4124-9bef-47fab0328dbf None None] Created schema index Datapath_Binding.tunnel_key {{(pid=115343) autocreate_indices /usr/local/lib/python3.8/dist-packages/ovsdbapp/backend/ovs_idl/__init__.py:126}}
Jun 13 13:32:12 ubuntu neutron-server[115343]: DEBUG ovsdbapp.backend.ovs_idl [None req-3784854e-1490-4124-9bef-47fab0328dbf None None] Created schema index Connection.target {{(pid=115343) autocreate_indices /usr/local/lib/python3.8/dist-packages/ovsdbapp/backend/ovs_idl/__init__.py:126}}
Jun 13 13:32:12 ubuntu neutron-server[115343]: INFO ovsdbapp.backend.ovs_idl.vlog [None req-3784854e-1490-4124-9bef-47fab0328dbf None None] tcp:192.168.79.49:6642: connecting...
Jun 13 13:32:12 ubuntu neutron-server[115343]: INFO ovsdbapp.backend.ovs_idl.vlog [None req-3784854e-1490-4124-9bef-47fab0328dbf None None] tcp:192.168.79.49:6642: connected
Jun 13 13:32:12 ubuntu neutron-server[115342]: DEBUG neutron.common.ovn.hash_ring_manager [None req-a74397bb-4e79-4857-b3f9-90cfdc46f7d5 None None] Allow caching, nodes 2>=2 {{(pid=115342) _wait_startup_before_caching /opt/stack/neutron/neutron/common/ovn/hash_ring_manager.py:60}}
Jun 13 13:32:12 ubuntu neutron-server[115342]: DEBUG neutron.plugins.ml2.drivers.ovn.mech_driver.ovsdb.ovsdb_monitor [None req-a74397bb-4e79-4857-b3f9-90cfdc46f7d5 None None] Hash Ring: Node 0e2f6340-17eb-4e35-823a-cf9fd75cf144 (host: ubuntu) handling event "create" for row f55b4001-8182-42d9-b048-d3624eccbc9c (table: Database) {{(pid=115342) notify /opt/stack/neutron/neutron/plugins/ml2/drivers/ovn/mech_driver/ovsdb/ovsdb_monitor.py:729}}
Jun 13 13:32:12 ubuntu neutron-server[115343]: DEBUG neutron.common.ovn.hash_ring_manager [None req-3784854e-1490-4124-9bef-47fab0328dbf None None] Allow caching, nodes 2>=2 {{(pid=115343) _wait_startup_before_caching /opt/stack/neutron/neutron/common/ovn/hash_ring_manager.py:60}}
Jun 13 13:32:12 ubuntu neutron-server[115342]: DEBUG neutron.plugins.ml2.drivers.ovn.mech_driver.ovsdb.ovsdb_monitor [None req-a74397bb-4e79-4857-b3f9-90cfdc46f7d5 None None] Hash Ring: Node 0e2f6340-17eb-4e35-823a-cf9fd75cf144 (host: ubuntu) handling event "create" for row f28f2543-35d2-46e8-8b20-6721af2e2579 (table: Encap) {{(pid=115342) notify /opt/stack/neutron/neutron/plugins/ml2/drivers/ovn/mech_driver/ovsdb/ovsdb_monitor.py:729}}
Jun 13 13:32:12 ubuntu neutron-server[115342]: DEBUG neutron.plugins.ml2.drivers.ovn.mech_driver.ovsdb.ovsdb_monitor [None req-a74397bb-4e79-4857-b3f9-90cfdc46f7d5 None None] ChassisAgentWriteEvent : Matched Chassis, create, None None {{(pid=115342) matches /opt/stack/neutron/neutron/plugins/ml2/drivers/ovn/mech_driver/ovsdb/ovsdb_monitor.py:62}}
Jun 13 13:32:12 ubuntu neutron-server[115342]: DEBUG neutron.plugins.ml2.drivers.ovn.mech_driver.ovsdb.ovsdb_monitor [None req-a74397bb-4e79-4857-b3f9-90cfdc46f7d5 None None] ChassisMetadataAgentWriteEvent : Matched Chassis, create, None None {{(pid=115342) matches /opt/stack/neutron/neutron/plugins/ml2/drivers/ovn/mech_driver/ovsdb/ovsdb_monitor.py:62}}
Jun 13 13:32:12 ubuntu neutron-server[115342]: DEBUG neutron.plugins.ml2.drivers.ovn.mech_driver.ovsdb.ovsdb_monitor [None req-a74397bb-4e79-4857-b3f9-90cfdc46f7d5 None None] Hash Ring: Node 0e2f6340-17eb-4e35-823a-cf9fd75cf144 (host: ubuntu) handling event "create" for row 32e38d07-f0e8-48c1-8bee-9b25e431d921 (table: Connection) {{(pid=115342) notify /opt/stack/neutron/neutron/plugins/ml2/drivers/ovn/mech_driver/ovsdb/ovsdb_monitor.py:729}}
Jun 13 13:32:12 ubuntu neutron-server[115343]: DEBUG neutron.plugins.ml2.drivers.ovn.mech_driver.ovsdb.ovsdb_monitor [None req-3784854e-1490-4124-9bef-47fab0328dbf None None] Hash Ring: Node 03e9eae6-69fe-497a-92fd-bfc80503cbc4 (host: ubuntu) handling event "create" for row 0dd728e1-a16d-4a12-9842-69d6a63f6757 (table: Database) {{(pid=115343) notify /opt/stack/neutron/neutron/plugins/ml2/drivers/ovn/mech_driver/ovsdb/ovsdb_monitor.py:729}}
Jun 13 13:32:12 ubuntu neutron-server[115342]: INFO neutron.wsgi [-] (115342) wsgi starting up on http://0.0.0.0:9696
Jun 13 13:32:12 ubuntu neutron-server[115137]: INFO oslo_service.service [None req-c8f58b96-df29-4618-bf71-f757fcb3d0f7 None None] Starting 1 workers
Jun 13 13:32:12 ubuntu neutron-server[115343]: DEBUG neutron.plugins.ml2.drivers.ovn.mech_driver.ovsdb.ovsdb_monitor [None req-3784854e-1490-4124-9bef-47fab0328dbf None None] ChassisAgentWriteEvent : Matched Chassis, create, None None {{(pid=115343) matches /opt/stack/neutron/neutron/plugins/ml2/drivers/ovn/mech_driver/ovsdb/ovsdb_monitor.py:62}}
Jun 13 13:32:12 ubuntu neutron-server[115343]: DEBUG neutron.plugins.ml2.drivers.ovn.mech_driver.ovsdb.ovsdb_monitor [None req-3784854e-1490-4124-9bef-47fab0328dbf None None] ChassisMetadataAgentWriteEvent : Matched Chassis, create, None None {{(pid=115343) matches /opt/stack/neutron/neutron/plugins/ml2/drivers/ovn/mech_driver/ovsdb/ovsdb_monitor.py:62}}
Jun 13 13:32:12 ubuntu neutron-server[115343]: DEBUG neutron.plugins.ml2.drivers.ovn.mech_driver.ovsdb.ovsdb_monitor [None req-3784854e-1490-4124-9bef-47fab0328dbf None None] Hash Ring: Node 03e9eae6-69fe-497a-92fd-bfc80503cbc4 (host: ubuntu) handling event "create" for row 45d7c72f-826d-4a28-b694-70d22d06fc7d (table: Chassis) {{(pid=115343) notify /opt/stack/neutron/neutron/plugins/ml2/drivers/ovn/mech_driver/ovsdb/ovsdb_monitor.py:729}}
Jun 13 13:32:12 ubuntu neutron-server[115343]: INFO neutron.wsgi [-] (115343) wsgi starting up on http://0.0.0.0:9696
Jun 13 13:32:12 ubuntu neutron-server[115137]: DEBUG oslo_service.service [None req-c8f58b96-df29-4618-bf71-f757fcb3d0f7 None None] Started child 115345 {{(pid=115137) _start_child /usr/local/lib/python3.8/dist-packages/oslo_service/service.py:575}}
Jun 13 13:32:12 ubuntu neutron-server[115137]: INFO oslo_service.service [None req-c8f58b96-df29-4618-bf71-f757fcb3d0f7 None None] Starting 1 workers
Jun 13 13:32:12 ubuntu neutron-server[115345]: DEBUG neutron.service [None req-c8f58b96-df29-4618-bf71-f757fcb3d0f7 None None] calling RpcWorker wait() {{(pid=115345) _wait /opt/stack/neutron/neutron/service.py:128}}
Jun 13 13:32:12 ubuntu neutron-server[115345]: DEBUG neutron.service [None req-c8f58b96-df29-4618-bf71-f757fcb3d0f7 None None] returning from RpcWorker wait() {{(pid=115345) _wait /opt/stack/neutron/neutron/service.py:135}}
Jun 13 13:32:12 ubuntu neutron-server[115345]: DEBUG neutron_lib.callbacks.manager [-] Notify callbacks ['neutron.plugins.ml2.drivers.ovn.mech_driver.mech_driver.OVNMechanismDriver.post_fork_initialize-645947'] for process, after_init {{(pid=115345) _notify_loop /usr/local/lib/python3.8/dist-packages/neutron_lib/callbacks/manager.py:192}}
Jun 13 13:32:12 ubuntu neutron-server[115345]: INFO neutron.plugins.ml2.drivers.ovn.mech_driver.ovsdb.impl_idl_ovn [-] Getting OvsdbNbOvnIdl for RpcWorker with retry
Jun 13 13:32:12 ubuntu neutron-server[115137]: DEBUG oslo_service.service [None req-c8f58b96-df29-4618-bf71-f757fcb3d0f7 None None] Started child 115346 {{(pid=115137) _start_child /usr/local/lib/python3.8/dist-packages/oslo_service/service.py:575}}
Jun 13 13:32:12 ubuntu neutron-server[115137]: INFO oslo_service.service [None req-c8f58b96-df29-4618-bf71-f757fcb3d0f7 None None] Starting 1 workers
Jun 13 13:32:12 ubuntu neutron-server[115346]: DEBUG neutron_lib.callbacks.manager [-] Notify callbacks ['neutron.plugins.ml2.drivers.ovn.mech_driver.mech_driver.OVNMechanismDriver.post_fork_initialize-645947'] for process, after_init {{(pid=115346) _notify_loop /usr/local/lib/python3.8/dist-packages/neutron_lib/callbacks/manager.py:192}}
Jun 13 13:32:12 ubuntu neutron-server[115137]: DEBUG oslo_service.service [None req-c8f58b96-df29-4618-bf71-f757fcb3d0f7 None None] Started child 115347 {{(pid=115137) _start_child /usr/local/lib/python3.8/dist-packages/oslo_service/service.py:575}}
Jun 13 13:32:12 ubuntu neutron-server[115346]: INFO neutron.plugins.ml2.drivers.ovn.mech_driver.ovsdb.impl_idl_ovn [-] Getting OvsdbNbOvnIdl for MaintenanceWorker with retry
Jun 13 13:32:12 ubuntu neutron-server[115137]: DEBUG neutron_lib.callbacks.manager [None req-c8f58b96-df29-4618-bf71-f757fcb3d0f7 None None] Notify callbacks [] for process, after_spawn {{(pid=115137) _notify_loop /usr/local/lib/python3.8/dist-packages/neutron_lib/callbacks/manager.py:192}}
Jun 13 13:32:12 ubuntu neutron-server[115137]: DEBUG oslo_service.service [-] Full set of CONF: {{(pid=115137) wait /usr/local/lib/python3.8/dist-packages/oslo_service/service.py:649}}
Jun 13 13:32:12 ubuntu neutron-server[115137]: DEBUG oslo_service.service [-] ******************************************************************************** {{(pid=115137) log_opt_values /usr/local/lib/python3.8/dist-packages/oslo_config/cfg.py:2589}}
Jun 13 13:32:12 ubuntu neutron-server[115137]: DEBUG oslo_service.service [-] Configuration options gathered from: {{(pid=115137) log_opt_values /usr/local/lib/python3.8/dist-packages/oslo_config/cfg.py:2590}}
Jun 13 13:32:12 ubuntu neutron-server[115137]: DEBUG oslo_service.service [-] command line args: ['--config-file', '/etc/neutron/neutron.conf', '--config-file', '/etc/neutron/plugins/ml2/ml2_conf.ini'] {{(pid=115137) log_opt_values /usr/local/lib/python3.8/dist-packages/oslo_config/cfg.py:2591}}
Jun 13 13:32:12 ubuntu neutron-server[115347]: DEBUG neutron_lib.callbacks.manager [-] Notify callbacks ['neutron.plugins.ml2.drivers.ovn.mech_driver.mech_driver.OVNMechanismDriver.post_fork_initialize-645947'] for process, after_init {{(pid=115347) _notify_loop /usr/local/lib/python3.8/dist-packages/neutron_lib/callbacks/manager.py:192}}
Jun 13 13:32:12 ubuntu neutron-server[115137]: DEBUG oslo_service.service [-] config files: ['/etc/neutron/neutron.conf', '/etc/neutron/plugins/ml2/ml2_conf.ini'] {{(pid=115137) log_opt_values /usr/local/lib/python3.8/dist-packages/oslo_config/cfg.py:2592}}
Jun 13 13:32:12 ubuntu neutron-server[115137]: DEBUG oslo_service.service [-] ================================================================================ {{(pid=115137) log_opt_values /usr/local/lib/python3.8/dist-packages/oslo_config/cfg.py:2594}}
Jun 13 13:32:12 ubuntu neutron-server[115137]: DEBUG oslo_service.service [-] agent_down_time                = 75 {{(pid=115137) log_opt_values /usr/local/lib/python3.8/dist-packages/oslo_config/cfg.py:2602}}
Jun 13 13:32:12 ubuntu neutron-server[115137]: DEBUG oslo_service.service [-] allow_automatic_dhcp_failover  = True {{(pid=115137) log_opt_values /usr/local/lib/python3.8/dist-packages/oslo_config/cfg.py:2602}}
Jun 13 13:32:12 ubuntu neutron-server[115137]: DEBUG oslo_service.service [-] allow_bulk                     = True {{(pid=115137) log_opt_values /usr/local/lib/python3.8/dist-packages/oslo_config/cfg.py:2602}}
Jun 13 13:32:12 ubuntu neutron-server[115137]: DEBUG oslo_service.service [-] allow_overlapping_ips          = True {{(pid=115137) log_opt_values /usr/local/lib/python3.8/dist-packages/oslo_config/cfg.py:2602}}
Jun 13 13:32:12 ubuntu neutron-server[115137]: DEBUG oslo_service.service [-] allowed_conntrack_helpers      = [{'amanda': 'tcp'}, {'ftp': 'tcp'}, {'h323': 'udp'}, {'h323': 'tcp'}, {'irc': 'tcp'}, {'netbios-ns': 'udp'}, {'pptp': 'tcp'}, {'sane': 'tcp'}, {'sip': 'udp'}, {'sip': 'tcp'}, {'snmp': 'udp'}, {'tftp': 'udp'}] {{(pid=115137) log_opt_values /usr/local/lib/python3.8/dist-packages/oslo_config/cfg.py:2602}}
Jun 13 13:32:12 ubuntu neutron-server[115137]: DEBUG oslo_service.service [-] api_extensions_path            =  {{(pid=115137) log_opt_values /usr/local/lib/python3.8/dist-packages/oslo_config/cfg.py:2602}}
Jun 13 13:32:12 ubuntu neutron-server[115137]: DEBUG oslo_service.service [-] api_paste_config               = api-paste.ini {{(pid=115137) log_opt_values /usr/local/lib/python3.8/dist-packages/oslo_config/cfg.py:2602}}
Jun 13 13:32:12 ubuntu neutron-server[115137]: DEBUG oslo_service.service [-] api_workers                    = 2 {{(pid=115137) log_opt_values /usr/local/lib/python3.8/dist-packages/oslo_config/cfg.py:2602}}
Jun 13 13:32:12 ubuntu neutron-server[115137]: DEBUG oslo_service.service [-] auth_strategy                  = keystone {{(pid=115137) log_opt_values /usr/local/lib/python3.8/dist-packages/oslo_config/cfg.py:2602}}
Jun 13 13:32:12 ubuntu neutron-server[115137]: DEBUG oslo_service.service [-] backdoor_port                  = None {{(pid=115137) log_opt_values /usr/local/lib/python3.8/dist-packages/oslo_config/cfg.py:2602}}
Jun 13 13:32:12 ubuntu neutron-server[115137]: DEBUG oslo_service.service [-] backdoor_socket                = None {{(pid=115137) log_opt_values /usr/local/lib/python3.8/dist-packages/oslo_config/cfg.py:2602}}
Jun 13 13:32:12 ubuntu neutron-server[115137]: DEBUG oslo_service.service [-] backlog                        = 4096 {{(pid=115137) log_opt_values /usr/local/lib/python3.8/dist-packages/oslo_config/cfg.py:2602}}
Jun 13 13:32:12 ubuntu neutron-server[115137]: DEBUG oslo_service.service [-] base_mac                       = fa:16:3e:00:00:00 {{(pid=115137) log_opt_values /usr/local/lib/python3.8/dist-packages/oslo_config/cfg.py:2602}}
Jun 13 13:32:12 ubuntu neutron-server[115137]: DEBUG oslo_service.service [-] bind_host                      = 0.0.0.0 {{(pid=115137) log_opt_values /usr/local/lib/python3.8/dist-packages/oslo_config/cfg.py:2602}}
Jun 13 13:32:12 ubuntu neutron-server[115137]: DEBUG oslo_service.service [-] bind_port                      = 9696 {{(pid=115137) log_opt_values /usr/local/lib/python3.8/dist-packages/oslo_config/cfg.py:2602}}
Jun 13 13:32:12 ubuntu neutron-server[115137]: DEBUG oslo_service.service [-] client_socket_timeout          = 900 {{(pid=115137) log_opt_values /usr/local/lib/python3.8/dist-packages/oslo_config/cfg.py:2602}}
Jun 13 13:32:12 ubuntu neutron-server[115137]: DEBUG oslo_service.service [-] config_dir                     = [] {{(pid=115137) log_opt_values /usr/local/lib/python3.8/dist-packages/oslo_config/cfg.py:2602}}
Jun 13 13:32:12 ubuntu neutron-server[115137]: DEBUG oslo_service.service [-] config_file                    = ['/etc/neutron/neutron.conf', '/etc/neutron/plugins/ml2/ml2_conf.ini'] {{(pid=115137) log_opt_values /usr/local/lib/python3.8/dist-packages/oslo_config/cfg.py:2602}}
Jun 13 13:32:12 ubuntu neutron-server[115137]: DEBUG oslo_service.service [-] config_source                  = [] {{(pid=115137) log_opt_values /usr/local/lib/python3.8/dist-packages/oslo_config/cfg.py:2602}}
Jun 13 13:32:12 ubuntu neutron-server[115137]: DEBUG oslo_service.service [-] control_exchange               = neutron {{(pid=115137) log_opt_values /usr/local/lib/python3.8/dist-packages/oslo_config/cfg.py:2602}}
Jun 13 13:32:12 ubuntu neutron-server[115137]: DEBUG oslo_service.service [-] core_plugin                    = ml2 {{(pid=115137) log_opt_values /usr/local/lib/python3.8/dist-packages/oslo_config/cfg.py:2602}}
Jun 13 13:32:12 ubuntu neutron-server[115137]: DEBUG oslo_service.service [-] debug                          = True {{(pid=115137) log_opt_values /usr/local/lib/python3.8/dist-packages/oslo_config/cfg.py:2602}}
Jun 13 13:32:12 ubuntu neutron-server[115137]: DEBUG oslo_service.service [-] default_availability_zones     = [] {{(pid=115137) log_opt_values /usr/local/lib/python3.8/dist-packages/oslo_config/cfg.py:2602}}
Jun 13 13:32:12 ubuntu neutron-server[115137]: DEBUG oslo_service.service [-] default_log_levels             = ['amqp=WARN', 'amqplib=WARN', 'boto=WARN', 'qpid=WARN', 'sqlalchemy=WARN', 'suds=INFO', 'oslo.messaging=INFO', 'oslo_messaging=INFO', 'iso8601=WARN', 'requests.packages.urllib3.connectionpool=WARN', 'urllib3.connectionpool=WARN', 'websocket=WARN', 'requests.packages.urllib3.util.retry=WARN', 'urllib3.util.retry=WARN', 'keystonemiddleware=WARN', 'routes.middleware=WARN', 'stevedore=WARN', 'taskflow=WARN', 'keystoneauth=WARN', 'oslo.cache=INFO', 'oslo_policy=INFO', 'dogpile.core.dogpile=INFO', 'OFPHandler=INFO', 'OfctlService=INFO', 'os_ken.base.app_manager=INFO', 'os_ken.controller.controller=INFO'] {{(pid=115137) log_opt_values /usr/local/lib/python3.8/dist-packages/oslo_config/cfg.py:2602}}
Jun 13 13:32:12 ubuntu neutron-server[115137]: DEBUG oslo_service.service [-] dhcp_agent_notification        = False {{(pid=115137) log_opt_values /usr/local/lib/python3.8/dist-packages/oslo_config/cfg.py:2602}}
Jun 13 13:32:12 ubuntu neutron-server[115137]: DEBUG oslo_service.service [-] dhcp_agents_per_network        = 1 {{(pid=115137) log_opt_values /usr/local/lib/python3.8/dist-packages/oslo_config/cfg.py:2602}}
Jun 13 13:32:12 ubuntu neutron-server[115137]: DEBUG oslo_service.service [-] dhcp_lease_duration            = 86400 {{(pid=115137) log_opt_values /usr/local/lib/python3.8/dist-packages/oslo_config/cfg.py:2602}}
Jun 13 13:32:12 ubuntu neutron-server[115137]: DEBUG oslo_service.service [-] dhcp_load_type                 = networks {{(pid=115137) log_opt_values /usr/local/lib/python3.8/dist-packages/oslo_config/cfg.py:2602}}
Jun 13 13:32:12 ubuntu neutron-server[115137]: DEBUG oslo_service.service [-] dns_domain                     = openstacklocal {{(pid=115137) log_opt_values /usr/local/lib/python3.8/dist-packages/oslo_config/cfg.py:2602}}
Jun 13 13:32:12 ubuntu neutron-server[115137]: DEBUG oslo_service.service [-] dvr_base_mac                   = fa:16:3f:00:00:00 {{(pid=115137) log_opt_values /usr/local/lib/python3.8/dist-packages/oslo_config/cfg.py:2602}}
Jun 13 13:32:12 ubuntu neutron-server[115137]: DEBUG oslo_service.service [-] enable_dvr                     = True {{(pid=115137) log_opt_values /usr/local/lib/python3.8/dist-packages/oslo_config/cfg.py:2602}}
Jun 13 13:32:12 ubuntu neutron-server[115137]: DEBUG oslo_service.service [-] enable_new_agents              = True {{(pid=115137) log_opt_values /usr/local/lib/python3.8/dist-packages/oslo_config/cfg.py:2602}}
Jun 13 13:32:12 ubuntu neutron-server[115137]: DEBUG oslo_service.service [-] enable_services_on_agents_with_admin_state_down = False {{(pid=115137) log_opt_values /usr/local/lib/python3.8/dist-packages/oslo_config/cfg.py:2602}}
Jun 13 13:32:12 ubuntu neutron-server[115137]: DEBUG oslo_service.service [-] enable_snat_by_default         = True {{(pid=115137) log_opt_values /usr/local/lib/python3.8/dist-packages/oslo_config/cfg.py:2602}}
Jun 13 13:32:12 ubuntu neutron-server[115137]: DEBUG oslo_service.service [-] enable_traditional_dhcp        = True {{(pid=115137) log_opt_values /usr/local/lib/python3.8/dist-packages/oslo_config/cfg.py:2602}}
Jun 13 13:32:12 ubuntu neutron-server[115137]: DEBUG oslo_service.service [-] external_dns_driver            = None {{(pid=115137) log_opt_values /usr/local/lib/python3.8/dist-packages/oslo_config/cfg.py:2602}}
Jun 13 13:32:12 ubuntu neutron-server[115137]: DEBUG oslo_service.service [-] filter_validation              = True {{(pid=115137) log_opt_values /usr/local/lib/python3.8/dist-packages/oslo_config/cfg.py:2602}}
Jun 13 13:32:12 ubuntu neutron-server[115137]: DEBUG oslo_service.service [-] global_physnet_mtu             = 1500 {{(pid=115137) log_opt_values /usr/local/lib/python3.8/dist-packages/oslo_config/cfg.py:2602}}
Jun 13 13:32:12 ubuntu neutron-server[115137]: DEBUG oslo_service.service [-] graceful_shutdown_timeout      = 60 {{(pid=115137) log_opt_values /usr/local/lib/python3.8/dist-packages/oslo_config/cfg.py:2602}}
Jun 13 13:32:12 ubuntu neutron-server[115137]: DEBUG oslo_service.service [-] host                           = ubuntu {{(pid=115137) log_opt_values /usr/local/lib/python3.8/dist-packages/oslo_config/cfg.py:2602}}
Jun 13 13:32:12 ubuntu neutron-server[115137]: DEBUG oslo_service.service [-] host_dvr_for_dhcp              = True {{(pid=115137) log_opt_values /usr/local/lib/python3.8/dist-packages/oslo_config/cfg.py:2602}}
Jun 13 13:32:12 ubuntu neutron-server[115345]: DEBUG ovsdbapp.backend.ovs_idl [None req-55d18fd5-9e41-4615-958f-967d7d1188a6 None None] Created lookup_table index Logical_Switch.name {{(pid=115345) autocreate_indices /usr/local/lib/python3.8/dist-packages/ovsdbapp/backend/ovs_idl/__init__.py:107}}
Jun 13 13:32:12 ubuntu neutron-server[115137]: DEBUG oslo_service.service [-] http_retries                   = 3 {{(pid=115137) log_opt_values /usr/local/lib/python3.8/dist-packages/oslo_config/cfg.py:2602}}
Jun 13 13:32:12 ubuntu neutron-server[115345]: DEBUG ovsdbapp.backend.ovs_idl [None req-55d18fd5-9e41-4615-958f-967d7d1188a6 None None] Created lookup_table index Logical_Router.name {{(pid=115345) autocreate_indices /usr/local/lib/python3.8/dist-packages/ovsdbapp/backend/ovs_idl/__init__.py:107}}
Jun 13 13:32:12 ubuntu neutron-server[115345]: DEBUG ovsdbapp.backend.ovs_idl [None req-55d18fd5-9e41-4615-958f-967d7d1188a6 None None] Created lookup_table index Load_Balancer.name {{(pid=115345) autocreate_indices /usr/local/lib/python3.8/dist-packages/ovsdbapp/backend/ovs_idl/__init__.py:107}}
Jun 13 13:32:12 ubuntu neutron-server[115345]: DEBUG ovsdbapp.backend.ovs_idl [None req-55d18fd5-9e41-4615-958f-967d7d1188a6 None None] Created schema index Meter.name {{(pid=115345) autocreate_indices /usr/local/lib/python3.8/dist-packages/ovsdbapp/backend/ovs_idl/__init__.py:126}}
Jun 13 13:32:12 ubuntu neutron-server[115345]: DEBUG ovsdbapp.backend.ovs_idl [None req-55d18fd5-9e41-4615-958f-967d7d1188a6 None None] Created schema index Address_Set.name {{(pid=115345) autocreate_indices /usr/local/lib/python3.8/dist-packages/ovsdbapp/backend/ovs_idl/__init__.py:126}}
