Apr 05 22:30:37 ubuntu devstack@g-api.service[124121]: DEBUG glance_store.location [None req-2f6b285e-a663-4a01-a921-3d76602dea62 admin admin] Registering scheme swift+https with {'store': <glance_store._drivers.swift.store.SingleTenantStore object at 0x7f39cb44c310>, 'location_class': <class 'glance_store._drivers.swift.store.StoreLocation'>, 'store_entry': 'swift'} {{(pid=124121) register_scheme_map /usr/local/lib/python3.8/dist-packages/glance_store/location.py:146}}
Apr 05 22:30:37 ubuntu devstack@g-api.service[124121]: DEBUG glance_store.location [None req-2f6b285e-a663-4a01-a921-3d76602dea62 admin admin] Registering scheme swift+https with {'store': <glance_store._drivers.swift.store.SingleTenantStore object at 0x7f39cb44c310>, 'location_class': <class 'glance_store._drivers.swift.store.StoreLocation'>, 'store_entry': 'swift'} {{(pid=124121) register_scheme_map /usr/local/lib/python3.8/dist-packages/glance_store/location.py:146}}
Apr 05 22:30:37 ubuntu devstack@g-api.service[124121]: DEBUG glance_store.location [None req-2f6b285e-a663-4a01-a921-3d76602dea62 admin admin] Registering scheme swift with {'store': <glance_store._drivers.swift.store.SingleTenantStore object at 0x7f39cb44c310>, 'location_class': <class 'glance_store._drivers.swift.store.StoreLocation'>, 'store_entry': 'swift'} {{(pid=124121) register_scheme_map /usr/local/lib/python3.8/dist-packages/glance_store/location.py:146}}
Apr 05 22:30:37 ubuntu devstack@g-api.service[124121]: DEBUG glance_store.location [None req-2f6b285e-a663-4a01-a921-3d76602dea62 admin admin] Registering scheme swift+https with {'store': <glance_store._drivers.swift.store.SingleTenantStore object at 0x7f39cb44c310>, 'location_class': <class 'glance_store._drivers.swift.store.StoreLocation'>, 'store_entry': 'swift'} {{(pid=124121) register_scheme_map /usr/local/lib/python3.8/dist-packages/glance_store/location.py:146}}
Apr 05 22:30:37 ubuntu devstack@g-api.service[124121]: DEBUG glance_store.location [None req-2f6b285e-a663-4a01-a921-3d76602dea62 admin admin] Registering scheme swift with {'store': <glance_store._drivers.swift.store.SingleTenantStore object at 0x7f39cb44c310>, 'location_class': <class 'glance_store._drivers.swift.store.StoreLocation'>, 'store_entry': 'swift'} {{(pid=124121) register_scheme_map /usr/local/lib/python3.8/dist-packages/glance_store/location.py:146}}
Apr 05 22:30:37 ubuntu devstack@g-api.service[124121]: DEBUG glance_store.location [None req-2f6b285e-a663-4a01-a921-3d76602dea62 admin admin] Registering scheme swift+http with {'store': <glance_store._drivers.swift.store.SingleTenantStore object at 0x7f39cb44c310>, 'location_class': <class 'glance_store._drivers.swift.store.StoreLocation'>, 'store_entry': 'swift'} {{(pid=124121) register_scheme_map /usr/local/lib/python3.8/dist-packages/glance_store/location.py:146}}
Apr 05 22:30:37 ubuntu devstack@g-api.service[124121]: DEBUG glance_store.location [None req-2f6b285e-a663-4a01-a921-3d76602dea62 admin admin] Registering scheme swift+https with {'store': <glance_store._drivers.swift.store.SingleTenantStore object at 0x7f39cb44c310>, 'location_class': <class 'glance_store._drivers.swift.store.StoreLocation'>, 'store_entry': 'swift'} {{(pid=124121) register_scheme_map /usr/local/lib/python3.8/dist-packages/glance_store/location.py:146}}
Apr 05 22:30:37 ubuntu devstack@g-api.service[124121]: DEBUG glance_store.location [None req-2f6b285e-a663-4a01-a921-3d76602dea62 admin admin] Registering scheme swift with {'store': <glance_store._drivers.swift.store.SingleTenantStore object at 0x7f39cb44c310>, 'location_class': <class 'glance_store._drivers.swift.store.StoreLocation'>, 'store_entry': 'swift'} {{(pid=124121) register_scheme_map /usr/local/lib/python3.8/dist-packages/glance_store/location.py:146}}
Apr 05 22:30:37 ubuntu devstack@g-api.service[124121]: DEBUG glance_store.location [None req-2f6b285e-a663-4a01-a921-3d76602dea62 admin admin] Registering scheme swift+http with {'store': <glance_store._drivers.swift.store.SingleTenantStore object at 0x7f39cb44c310>, 'location_class': <class 'glance_store._drivers.swift.store.StoreLocation'>, 'store_entry': 'swift'} {{(pid=124121) register_scheme_map /usr/local/lib/python3.8/dist-packages/glance_store/location.py:146}}
Apr 05 22:30:37 ubuntu devstack@g-api.service[124121]: DEBUG glance_store.location [None req-2f6b285e-a663-4a01-a921-3d76602dea62 admin admin] Registering scheme swift+config with {'store': <glance_store._drivers.swift.store.SingleTenantStore object at 0x7f39cb44c310>, 'location_class': <class 'glance_store._drivers.swift.store.StoreLocation'>, 'store_entry': 'swift'} {{(pid=124121) register_scheme_map /usr/local/lib/python3.8/dist-packages/glance_store/location.py:146}}
Apr 05 22:30:37 ubuntu devstack@g-api.service[124121]: DEBUG glance_store.backend [None req-2f6b285e-a663-4a01-a921-3d76602dea62 admin admin] Skipping store.set_acls... not implemented. {{(pid=124121) set_acls /usr/local/lib/python3.8/dist-packages/glance_store/backend.py:509}}
Apr 05 22:30:37 ubuntu devstack@g-api.service[124121]: [pid: 124121|app: 0|req: 3/4] 127.0.0.1 () {40 vars in 862 bytes} [Tue Apr  5 22:30:35 2022] PUT /v2/images/bc4eee50-45bd-4d91-a779-d93a2416a9d6/file => generated 0 bytes in 2201 msecs (HTTP/1.1 204) 4 headers in 171 bytes (1 switches on core 0)
Apr 05 22:31:13 ubuntu devstack@g-api.service[124123]: DEBUG glance.api.middleware.version_negotiation [None req-be52df15-73ef-46ee-9eff-573debd67f15 admin admin] Determining version of request: GET / Accept: application/json {{(pid=124123) process_request /opt/stack/glance/glance/api/middleware/version_negotiation.py:44}}
Apr 05 22:31:13 ubuntu devstack@g-api.service[124123]: DEBUG glance.api.middleware.version_negotiation [None req-be52df15-73ef-46ee-9eff-573debd67f15 admin admin] Using url versioning {{(pid=124123) process_request /opt/stack/glance/glance/api/middleware/version_negotiation.py:57}}
Apr 05 22:31:13 ubuntu devstack@g-api.service[124123]: DEBUG glance.api.middleware.version_negotiation [None req-be52df15-73ef-46ee-9eff-573debd67f15 admin admin] Unknown version. Returning version choices. {{(pid=124123) process_request /opt/stack/glance/glance/api/middleware/version_negotiation.py:64}}
Apr 05 22:31:13 ubuntu devstack@g-api.service[124123]: [pid: 124123|app: 0|req: 2/5] 127.0.0.1 () {34 vars in 506 bytes} [Tue Apr  5 22:31:13 2022] GET / => generated 1213 bytes in 4 msecs (HTTP/1.1 300) 3 headers in 106 bytes (1 switches on core 0)
Apr 05 22:31:13 ubuntu devstack@g-api.service[124121]: DEBUG glance.api.middleware.version_negotiation [None req-2f6b285e-a663-4a01-a921-3d76602dea62 admin admin] Determining version of request: GET /v2/images Accept: application/json {{(pid=124121) process_request /opt/stack/glance/glance/api/middleware/version_negotiation.py:44}}
Apr 05 22:31:13 ubuntu devstack@g-api.service[124121]: DEBUG glance.api.middleware.version_negotiation [None req-2f6b285e-a663-4a01-a921-3d76602dea62 admin admin] Using url versioning {{(pid=124121) process_request /opt/stack/glance/glance/api/middleware/version_negotiation.py:57}}
Apr 05 22:31:13 ubuntu devstack@g-api.service[124121]: DEBUG glance.api.middleware.version_negotiation [None req-2f6b285e-a663-4a01-a921-3d76602dea62 admin admin] Matched version: v2 {{(pid=124121) process_request /opt/stack/glance/glance/api/middleware/version_negotiation.py:69}}
Apr 05 22:31:13 ubuntu devstack@g-api.service[124121]: DEBUG glance.api.middleware.version_negotiation [None req-2f6b285e-a663-4a01-a921-3d76602dea62 admin admin] new path /v2/images {{(pid=124121) process_request /opt/stack/glance/glance/api/middleware/version_negotiation.py:70}}
Apr 05 22:31:13 ubuntu devstack@g-api.service[124121]: [pid: 124121|app: 0|req: 4/6] 127.0.0.1 () {36 vars in 728 bytes} [Tue Apr  5 22:31:13 2022] GET /v2/images => generated 1045 bytes in 111 msecs (HTTP/1.1 200) 4 headers in 158 bytes (1 switches on core 0)
Apr 05 22:31:19 ubuntu devstack@g-api.service[124123]: DEBUG glance.api.middleware.version_negotiation [None req-be52df15-73ef-46ee-9eff-573debd67f15 admin admin] Determining version of request: GET / Accept: application/json {{(pid=124123) process_request /opt/stack/glance/glance/api/middleware/version_negotiation.py:44}}
Apr 05 22:31:19 ubuntu devstack@g-api.service[124123]: DEBUG glance.api.middleware.version_negotiation [None req-be52df15-73ef-46ee-9eff-573debd67f15 admin admin] Using url versioning {{(pid=124123) process_request /opt/stack/glance/glance/api/middleware/version_negotiation.py:57}}
Apr 05 22:31:19 ubuntu devstack@g-api.service[124123]: DEBUG glance.api.middleware.version_negotiation [None req-be52df15-73ef-46ee-9eff-573debd67f15 admin admin] Unknown version. Returning version choices. {{(pid=124123) process_request /opt/stack/glance/glance/api/middleware/version_negotiation.py:64}}
Apr 05 22:31:19 ubuntu devstack@g-api.service[124123]: [pid: 124123|app: 0|req: 3/7] 127.0.0.1 () {34 vars in 506 bytes} [Tue Apr  5 22:31:19 2022] GET / => generated 1213 bytes in 3 msecs (HTTP/1.1 300) 3 headers in 106 bytes (1 switches on core 0)
Apr 05 22:31:19 ubuntu devstack@g-api.service[124121]: DEBUG glance.api.middleware.version_negotiation [None req-2f987578-b3a9-4fbc-929a-001bd330956b admin admin] Determining version of request: GET /v2/images/bc4eee50-45bd-4d91-a779-d93a2416a9d6 Accept: */* {{(pid=124121) process_request /opt/stack/glance/glance/api/middleware/version_negotiation.py:44}}
Apr 05 22:31:19 ubuntu devstack@g-api.service[124121]: DEBUG glance.api.middleware.version_negotiation [None req-2f987578-b3a9-4fbc-929a-001bd330956b admin admin] Using url versioning {{(pid=124121) process_request /opt/stack/glance/glance/api/middleware/version_negotiation.py:57}}
Apr 05 22:31:19 ubuntu devstack@g-api.service[124121]: DEBUG glance.api.middleware.version_negotiation [None req-2f987578-b3a9-4fbc-929a-001bd330956b admin admin] Matched version: v2 {{(pid=124121) process_request /opt/stack/glance/glance/api/middleware/version_negotiation.py:69}}
Apr 05 22:31:19 ubuntu devstack@g-api.service[124121]: DEBUG glance.api.middleware.version_negotiation [None req-2f987578-b3a9-4fbc-929a-001bd330956b admin admin] new path /v2/images/bc4eee50-45bd-4d91-a779-d93a2416a9d6 {{(pid=124121) process_request /opt/stack/glance/glance/api/middleware/version_negotiation.py:70}}
Apr 05 22:31:19 ubuntu devstack@g-api.service[124121]: [pid: 124121|app: 0|req: 5/8] 127.0.0.1 () {36 vars in 789 bytes} [Tue Apr  5 22:31:19 2022] GET /v2/images/bc4eee50-45bd-4d91-a779-d93a2416a9d6 => generated 976 bytes in 61 msecs (HTTP/1.1 200) 4 headers in 157 bytes (1 switches on core 0)
Apr 05 22:31:23 ubuntu devstack@g-api.service[124123]: DEBUG glance.api.middleware.version_negotiation [None req-be52df15-73ef-46ee-9eff-573debd67f15 admin admin] Determining version of request: GET / Accept: application/json {{(pid=124123) process_request /opt/stack/glance/glance/api/middleware/version_negotiation.py:44}}
Apr 05 22:31:23 ubuntu devstack@g-api.service[124123]: DEBUG glance.api.middleware.version_negotiation [None req-be52df15-73ef-46ee-9eff-573debd67f15 admin admin] Using url versioning {{(pid=124123) process_request /opt/stack/glance/glance/api/middleware/version_negotiation.py:57}}
Apr 05 22:31:23 ubuntu devstack@g-api.service[124123]: DEBUG glance.api.middleware.version_negotiation [None req-be52df15-73ef-46ee-9eff-573debd67f15 admin admin] Unknown version. Returning version choices. {{(pid=124123) process_request /opt/stack/glance/glance/api/middleware/version_negotiation.py:64}}
Apr 05 22:31:23 ubuntu devstack@g-api.service[124123]: [pid: 124123|app: 0|req: 4/9] 127.0.0.1 () {34 vars in 506 bytes} [Tue Apr  5 22:31:23 2022] GET / => generated 1213 bytes in 1 msecs (HTTP/1.1 300) 3 headers in 106 bytes (1 switches on core 0)
Apr 05 22:31:23 ubuntu devstack@g-api.service[124121]: DEBUG glance.api.middleware.version_negotiation [None req-65661558-c217-4202-95b6-f03ecb837570 admin admin] Determining version of request: GET /v2/images/bc4eee50-45bd-4d91-a779-d93a2416a9d6 Accept: */* {{(pid=124121) process_request /opt/stack/glance/glance/api/middleware/version_negotiation.py:44}}
Apr 05 22:31:23 ubuntu devstack@g-api.service[124121]: DEBUG glance.api.middleware.version_negotiation [None req-65661558-c217-4202-95b6-f03ecb837570 admin admin] Using url versioning {{(pid=124121) process_request /opt/stack/glance/glance/api/middleware/version_negotiation.py:57}}
Apr 05 22:31:23 ubuntu devstack@g-api.service[124121]: DEBUG glance.api.middleware.version_negotiation [None req-65661558-c217-4202-95b6-f03ecb837570 admin admin] Matched version: v2 {{(pid=124121) process_request /opt/stack/glance/glance/api/middleware/version_negotiation.py:69}}
Apr 05 22:31:23 ubuntu devstack@g-api.service[124121]: DEBUG glance.api.middleware.version_negotiation [None req-65661558-c217-4202-95b6-f03ecb837570 admin admin] new path /v2/images/bc4eee50-45bd-4d91-a779-d93a2416a9d6 {{(pid=124121) process_request /opt/stack/glance/glance/api/middleware/version_negotiation.py:70}}
Apr 05 22:31:23 ubuntu devstack@g-api.service[124121]: [pid: 124121|app: 0|req: 6/10] 127.0.0.1 () {36 vars in 789 bytes} [Tue Apr  5 22:31:23 2022] GET /v2/images/bc4eee50-45bd-4d91-a779-d93a2416a9d6 => generated 976 bytes in 64 msecs (HTTP/1.1 200) 4 headers in 157 bytes (1 switches on core 0)
Apr 05 22:32:59 ubuntu devstack@g-api.service[124123]: DEBUG glance.api.middleware.version_negotiation [None req-be52df15-73ef-46ee-9eff-573debd67f15 admin admin] Determining version of request: GET /v1 Accept: application/json {{(pid=124123) process_request /opt/stack/glance/glance/api/middleware/version_negotiation.py:44}}
Apr 05 22:32:59 ubuntu devstack@g-api.service[124123]: DEBUG glance.api.middleware.version_negotiation [None req-be52df15-73ef-46ee-9eff-573debd67f15 admin admin] Using url versioning {{(pid=124123) process_request /opt/stack/glance/glance/api/middleware/version_negotiation.py:57}}
Apr 05 22:32:59 ubuntu devstack@g-api.service[124123]: DEBUG glance.api.middleware.version_negotiation [None req-be52df15-73ef-46ee-9eff-573debd67f15 admin admin] Unknown version. Returning version choices. {{(pid=124123) process_request /opt/stack/glance/glance/api/middleware/version_negotiation.py:64}}
Apr 05 22:32:59 ubuntu devstack@g-api.service[124123]: [pid: 124123|app: 0|req: 5/11] 127.0.0.1 () {38 vars in 685 bytes} [Tue Apr  5 22:32:59 2022] GET /v1 => generated 1213 bytes in 5 msecs (HTTP/1.1 300) 3 headers in 106 bytes (1 switches on core 0)
Apr 05 22:35:17 ubuntu devstack@g-api.service[124121]: DEBUG glance.api.middleware.version_negotiation [None req-06a815db-7b61-44cd-a099-ec774d0e610d admin admin] Determining version of request: GET /versions Accept: */* {{(pid=124121) process_request /opt/stack/glance/glance/api/middleware/version_negotiation.py:44}}
Apr 05 22:35:17 ubuntu devstack@g-api.service[124121]: [pid: 124121|app: 0|req: 7/12] 127.0.0.1 () {38 vars in 695 bytes} [Tue Apr  5 22:35:17 2022] GET /versions => generated 1213 bytes in 4 msecs (HTTP/1.1 200) 3 headers in 92 bytes (1 switches on core 0)
Apr 05 22:35:17 ubuntu devstack@g-api.service[124123]: DEBUG glance.api.middleware.version_negotiation [None req-be52df15-73ef-46ee-9eff-573debd67f15 admin admin] Determining version of request: GET /v2/schemas/image Accept: */* {{(pid=124123) process_request /opt/stack/glance/glance/api/middleware/version_negotiation.py:44}}
Apr 05 22:35:17 ubuntu devstack@g-api.service[124123]: DEBUG glance.api.middleware.version_negotiation [None req-be52df15-73ef-46ee-9eff-573debd67f15 admin admin] Using url versioning {{(pid=124123) process_request /opt/stack/glance/glance/api/middleware/version_negotiation.py:57}}
Apr 05 22:35:17 ubuntu devstack@g-api.service[124123]: DEBUG glance.api.middleware.version_negotiation [None req-be52df15-73ef-46ee-9eff-573debd67f15 admin admin] Matched version: v2 {{(pid=124123) process_request /opt/stack/glance/glance/api/middleware/version_negotiation.py:69}}
Apr 05 22:35:17 ubuntu devstack@g-api.service[124123]: DEBUG glance.api.middleware.version_negotiation [None req-be52df15-73ef-46ee-9eff-573debd67f15 admin admin] new path /v2/schemas/image {{(pid=124123) process_request /opt/stack/glance/glance/api/middleware/version_negotiation.py:70}}
Apr 05 22:35:17 ubuntu devstack@g-api.service[124123]: [pid: 124123|app: 0|req: 6/13] 127.0.0.1 () {38 vars in 711 bytes} [Tue Apr  5 22:35:17 2022] GET /v2/schemas/image => generated 6083 bytes in 118 msecs (HTTP/1.1 200) 4 headers in 158 bytes (1 switches on core 0)
Apr 05 22:35:17 ubuntu devstack@g-api.service[124121]: DEBUG glance.api.middleware.version_negotiation [None req-06a815db-7b61-44cd-a099-ec774d0e610d admin admin] Determining version of request: GET /v2/schemas/metadefs/namespace Accept: */* {{(pid=124121) process_request /opt/stack/glance/glance/api/middleware/version_negotiation.py:44}}
Apr 05 22:35:17 ubuntu devstack@g-api.service[124121]: DEBUG glance.api.middleware.version_negotiation [None req-06a815db-7b61-44cd-a099-ec774d0e610d admin admin] Using url versioning {{(pid=124121) process_request /opt/stack/glance/glance/api/middleware/version_negotiation.py:57}}
Apr 05 22:35:17 ubuntu devstack@g-api.service[124121]: DEBUG glance.api.middleware.version_negotiation [None req-06a815db-7b61-44cd-a099-ec774d0e610d admin admin] Matched version: v2 {{(pid=124121) process_request /opt/stack/glance/glance/api/middleware/version_negotiation.py:69}}
Apr 05 22:35:17 ubuntu devstack@g-api.service[124121]: DEBUG glance.api.middleware.version_negotiation [None req-06a815db-7b61-44cd-a099-ec774d0e610d admin admin] new path /v2/schemas/metadefs/namespace {{(pid=124121) process_request /opt/stack/glance/glance/api/middleware/version_negotiation.py:70}}
Apr 05 22:35:17 ubuntu devstack@g-api.service[124121]: [pid: 124121|app: 0|req: 8/14] 127.0.0.1 () {38 vars in 737 bytes} [Tue Apr  5 22:35:17 2022] GET /v2/schemas/metadefs/namespace => generated 3100 bytes in 10 msecs (HTTP/1.1 200) 4 headers in 158 bytes (1 switches on core 0)
Apr 05 22:35:17 ubuntu devstack@g-api.service[124123]: DEBUG glance.api.middleware.version_negotiation [None req-aeb36cb2-a3ac-4356-ad5b-cd3792c31109 admin admin] Determining version of request: GET /v2/schemas/metadefs/resource_type Accept: */* {{(pid=124123) process_request /opt/stack/glance/glance/api/middleware/version_negotiation.py:44}}
Apr 05 22:35:17 ubuntu devstack@g-api.service[124123]: DEBUG glance.api.middleware.version_negotiation [None req-aeb36cb2-a3ac-4356-ad5b-cd3792c31109 admin admin] Using url versioning {{(pid=124123) process_request /opt/stack/glance/glance/api/middleware/version_negotiation.py:57}}
Apr 05 22:35:17 ubuntu devstack@g-api.service[124123]: DEBUG glance.api.middleware.version_negotiation [None req-aeb36cb2-a3ac-4356-ad5b-cd3792c31109 admin admin] Matched version: v2 {{(pid=124123) process_request /opt/stack/glance/glance/api/middleware/version_negotiation.py:69}}
Apr 05 22:35:17 ubuntu devstack@g-api.service[124123]: DEBUG glance.api.middleware.version_negotiation [None req-aeb36cb2-a3ac-4356-ad5b-cd3792c31109 admin admin] new path /v2/schemas/metadefs/resource_type {{(pid=124123) process_request /opt/stack/glance/glance/api/middleware/version_negotiation.py:70}}
Apr 05 22:35:17 ubuntu devstack@g-api.service[124123]: [pid: 124123|app: 0|req: 7/15] 127.0.0.1 () {38 vars in 745 bytes} [Tue Apr  5 22:35:17 2022] GET /v2/schemas/metadefs/resource_type => generated 1262 bytes in 7 msecs (HTTP/1.1 200) 4 headers in 158 bytes (1 switches on core 0)
Apr 05 22:35:17 ubuntu devstack@g-api.service[124121]: DEBUG glance.api.middleware.version_negotiation [None req-67003bc8-abf2-4f39-b649-3dc71715b575 admin admin] Determining version of request: GET /v2/images Accept: */* {{(pid=124121) process_request /opt/stack/glance/glance/api/middleware/version_negotiation.py:44}}
Apr 05 22:35:17 ubuntu devstack@g-api.service[124121]: DEBUG glance.api.middleware.version_negotiation [None req-67003bc8-abf2-4f39-b649-3dc71715b575 admin admin] Using url versioning {{(pid=124121) process_request /opt/stack/glance/glance/api/middleware/version_negotiation.py:57}}
Apr 05 22:35:17 ubuntu devstack@g-api.service[124121]: DEBUG glance.api.middleware.version_negotiation [None req-67003bc8-abf2-4f39-b649-3dc71715b575 admin admin] Matched version: v2 {{(pid=124121) process_request /opt/stack/glance/glance/api/middleware/version_negotiation.py:69}}
Apr 05 22:35:17 ubuntu devstack@g-api.service[124121]: DEBUG glance.api.middleware.version_negotiation [None req-67003bc8-abf2-4f39-b649-3dc71715b575 admin admin] new path /v2/images {{(pid=124121) process_request /opt/stack/glance/glance/api/middleware/version_negotiation.py:70}}
Apr 05 22:35:17 ubuntu devstack@g-api.service[124121]: [pid: 124121|app: 0|req: 9/16] 127.0.0.1 () {38 vars in 768 bytes} [Tue Apr  5 22:35:17 2022] GET /v2/images?limit=20&sort_key=name&sort_dir=asc => generated 1081 bytes in 69 msecs (HTTP/1.1 200) 4 headers in 158 bytes (1 switches on core 0)
Apr 05 22:35:17 ubuntu devstack@g-api.service[124123]: DEBUG glance.api.middleware.version_negotiation [None req-b849f1a9-476c-48e9-97f7-6dd20634df69 admin admin] Determining version of request: GET /v2/schemas/image Accept: */* {{(pid=124123) process_request /opt/stack/glance/glance/api/middleware/version_negotiation.py:44}}
Apr 05 22:35:17 ubuntu devstack@g-api.service[124123]: DEBUG glance.api.middleware.version_negotiation [None req-b849f1a9-476c-48e9-97f7-6dd20634df69 admin admin] Using url versioning {{(pid=124123) process_request /opt/stack/glance/glance/api/middleware/version_negotiation.py:57}}
Apr 05 22:35:17 ubuntu devstack@g-api.service[124123]: DEBUG glance.api.middleware.version_negotiation [None req-b849f1a9-476c-48e9-97f7-6dd20634df69 admin admin] Matched version: v2 {{(pid=124123) process_request /opt/stack/glance/glance/api/middleware/version_negotiation.py:69}}
Apr 05 22:35:17 ubuntu devstack@g-api.service[124123]: DEBUG glance.api.middleware.version_negotiation [None req-b849f1a9-476c-48e9-97f7-6dd20634df69 admin admin] new path /v2/schemas/image {{(pid=124123) process_request /opt/stack/glance/glance/api/middleware/version_negotiation.py:70}}
Apr 05 22:35:17 ubuntu devstack@g-api.service[124123]: [pid: 124123|app: 0|req: 8/17] 127.0.0.1 () {38 vars in 711 bytes} [Tue Apr  5 22:35:17 2022] GET /v2/schemas/image => generated 6083 bytes in 8 msecs (HTTP/1.1 200) 4 headers in 158 bytes (1 switches on core 0)
Apr 05 22:35:25 ubuntu devstack@g-api.service[124121]: DEBUG oslo_concurrency.lockutils [-] Acquired lock "glance-cache" {{(pid=124121) lock /usr/local/lib/python3.8/dist-packages/oslo_concurrency/lockutils.py:294}}
Apr 05 22:35:25 ubuntu devstack@g-api.service[124121]: DEBUG oslo_concurrency.lockutils [-] Acquired external semaphore "glance-cache" {{(pid=124121) lock /usr/local/lib/python3.8/dist-packages/oslo_concurrency/lockutils.py:302}}
Apr 05 22:35:25 ubuntu devstack@g-api.service[124121]: DEBUG glance.image_cache.prefetcher [-] Nothing to prefetch. {{(pid=124121) run /opt/stack/glance/glance/image_cache/prefetcher.py:79}}
Apr 05 22:35:25 ubuntu devstack@g-api.service[124121]: DEBUG oslo_concurrency.lockutils [-] Releasing lock "glance-cache" {{(pid=124121) lock /usr/local/lib/python3.8/dist-packages/oslo_concurrency/lockutils.py:312}}
Apr 05 22:35:25 ubuntu devstack@g-api.service[124123]: DEBUG oslo_concurrency.lockutils [-] Acquired lock "glance-cache" {{(pid=124123) lock /usr/local/lib/python3.8/dist-packages/oslo_concurrency/lockutils.py:294}}
Apr 05 22:35:25 ubuntu devstack@g-api.service[124123]: DEBUG oslo_concurrency.lockutils [-] Acquired external semaphore "glance-cache" {{(pid=124123) lock /usr/local/lib/python3.8/dist-packages/oslo_concurrency/lockutils.py:302}}
Apr 05 22:35:25 ubuntu devstack@g-api.service[124123]: DEBUG glance.image_cache.prefetcher [-] Nothing to prefetch. {{(pid=124123) run /opt/stack/glance/glance/image_cache/prefetcher.py:79}}
Apr 05 22:35:25 ubuntu devstack@g-api.service[124123]: DEBUG oslo_concurrency.lockutils [-] Releasing lock "glance-cache" {{(pid=124123) lock /usr/local/lib/python3.8/dist-packages/oslo_concurrency/lockutils.py:312}}
Apr 05 22:35:28 ubuntu devstack@g-api.service[124121]: DEBUG glance.api.middleware.version_negotiation [None req-3430b575-4139-4ff1-99e5-f147294f17cf admin admin] Determining version of request: GET / Accept: application/json {{(pid=124121) process_request /opt/stack/glance/glance/api/middleware/version_negotiation.py:44}}
Apr 05 22:35:28 ubuntu devstack@g-api.service[124121]: DEBUG glance.api.middleware.version_negotiation [None req-3430b575-4139-4ff1-99e5-f147294f17cf admin admin] Using url versioning {{(pid=124121) process_request /opt/stack/glance/glance/api/middleware/version_negotiation.py:57}}
Apr 05 22:35:28 ubuntu devstack@g-api.service[124121]: DEBUG glance.api.middleware.version_negotiation [None req-3430b575-4139-4ff1-99e5-f147294f17cf admin admin] Unknown version. Returning version choices. {{(pid=124121) process_request /opt/stack/glance/glance/api/middleware/version_negotiation.py:64}}
Apr 05 22:35:28 ubuntu devstack@g-api.service[124121]: [pid: 124121|app: 0|req: 10/18] 127.0.0.1 () {34 vars in 492 bytes} [Tue Apr  5 22:35:28 2022] GET / => generated 1213 bytes in 4 msecs (HTTP/1.1 300) 3 headers in 106 bytes (1 switches on core 0)
Apr 05 22:35:28 ubuntu devstack@g-api.service[124123]: DEBUG glance.api.middleware.version_negotiation [None req-ee384e85-84ed-4b76-a5a1-2c92d15deafe admin admin] Determining version of request: GET /v2/images/bc4eee50-45bd-4d91-a779-d93a2416a9d6 Accept: */* {{(pid=124123) process_request /opt/stack/glance/glance/api/middleware/version_negotiation.py:44}}
Apr 05 22:35:28 ubuntu devstack@g-api.service[124123]: DEBUG glance.api.middleware.version_negotiation [None req-ee384e85-84ed-4b76-a5a1-2c92d15deafe admin admin] Using url versioning {{(pid=124123) process_request /opt/stack/glance/glance/api/middleware/version_negotiation.py:57}}
Apr 05 22:35:28 ubuntu devstack@g-api.service[124123]: DEBUG glance.api.middleware.version_negotiation [None req-ee384e85-84ed-4b76-a5a1-2c92d15deafe admin admin] Matched version: v2 {{(pid=124123) process_request /opt/stack/glance/glance/api/middleware/version_negotiation.py:69}}
Apr 05 22:35:28 ubuntu devstack@g-api.service[124123]: DEBUG glance.api.middleware.version_negotiation [None req-ee384e85-84ed-4b76-a5a1-2c92d15deafe admin admin] new path /v2/images/bc4eee50-45bd-4d91-a779-d93a2416a9d6 {{(pid=124123) process_request /opt/stack/glance/glance/api/middleware/version_negotiation.py:70}}
Apr 05 22:35:28 ubuntu devstack@g-api.service[124123]: WARNING keystonemiddleware.auth_token [None req-ee384e85-84ed-4b76-a5a1-2c92d15deafe admin admin] A valid token was submitted as a service token, but it was not a valid service token. This is incorrect but backwards compatible behaviour. This will be removed in future releases.
Apr 05 22:35:28 ubuntu devstack@g-api.service[124123]: [pid: 124123|app: 0|req: 9/19] 127.0.0.1 () {42 vars in 1049 bytes} [Tue Apr  5 22:35:28 2022] GET /v2/images/bc4eee50-45bd-4d91-a779-d93a2416a9d6 => generated 976 bytes in 97 msecs (HTTP/1.1 200) 4 headers in 157 bytes (1 switches on core 0)
Apr 05 22:35:28 ubuntu devstack@g-api.service[124121]: DEBUG glance.api.middleware.version_negotiation [None req-3430b575-4139-4ff1-99e5-f147294f17cf admin admin] Determining version of request: GET /v2/schemas/image Accept: */* {{(pid=124121) process_request /opt/stack/glance/glance/api/middleware/version_negotiation.py:44}}
Apr 05 22:35:28 ubuntu devstack@g-api.service[124121]: DEBUG glance.api.middleware.version_negotiation [None req-3430b575-4139-4ff1-99e5-f147294f17cf admin admin] Using url versioning {{(pid=124121) process_request /opt/stack/glance/glance/api/middleware/version_negotiation.py:57}}
Apr 05 22:35:28 ubuntu devstack@g-api.service[124121]: DEBUG glance.api.middleware.version_negotiation [None req-3430b575-4139-4ff1-99e5-f147294f17cf admin admin] Matched version: v2 {{(pid=124121) process_request /opt/stack/glance/glance/api/middleware/version_negotiation.py:69}}
Apr 05 22:35:28 ubuntu devstack@g-api.service[124121]: DEBUG glance.api.middleware.version_negotiation [None req-3430b575-4139-4ff1-99e5-f147294f17cf admin admin] new path /v2/schemas/image {{(pid=124121) process_request /opt/stack/glance/glance/api/middleware/version_negotiation.py:70}}
Apr 05 22:35:28 ubuntu devstack@g-api.service[124121]: WARNING keystonemiddleware.auth_token [None req-3430b575-4139-4ff1-99e5-f147294f17cf admin admin] A valid token was submitted as a service token, but it was not a valid service token. This is incorrect but backwards compatible behaviour. This will be removed in future releases.
Apr 05 22:35:28 ubuntu devstack@g-api.service[124121]: [pid: 124121|app: 0|req: 11/20] 127.0.0.1 () {42 vars in 989 bytes} [Tue Apr  5 22:35:28 2022] GET /v2/schemas/image => generated 6083 bytes in 9 msecs (HTTP/1.1 200) 4 headers in 158 bytes (1 switches on core 0)
Apr 05 22:35:30 ubuntu devstack@g-api.service[124123]: DEBUG glance.api.middleware.version_negotiation [None req-ac0d1423-a755-4ac3-ab4e-0f8c2be4b74e tempest-UpdateMultiattachVolumeNegativeTest-1761378393 tempest-UpdateMultiattachVolumeNegativeTest-1761378393-project] Determining version of request: GET /v2/images/bc4eee50-45bd-4d91-a779-d93a2416a9d6 Accept: */* {{(pid=124123) process_request /opt/stack/glance/glance/api/middleware/version_negotiation.py:44}}
Apr 05 22:35:30 ubuntu devstack@g-api.service[124123]: DEBUG glance.api.middleware.version_negotiation [None req-ac0d1423-a755-4ac3-ab4e-0f8c2be4b74e tempest-UpdateMultiattachVolumeNegativeTest-1761378393 tempest-UpdateMultiattachVolumeNegativeTest-1761378393-project] Using url versioning {{(pid=124123) process_request /opt/stack/glance/glance/api/middleware/version_negotiation.py:57}}
Apr 05 22:35:30 ubuntu devstack@g-api.service[124123]: DEBUG glance.api.middleware.version_negotiation [None req-ac0d1423-a755-4ac3-ab4e-0f8c2be4b74e tempest-UpdateMultiattachVolumeNegativeTest-1761378393 tempest-UpdateMultiattachVolumeNegativeTest-1761378393-project] Matched version: v2 {{(pid=124123) process_request /opt/stack/glance/glance/api/middleware/version_negotiation.py:69}}
Apr 05 22:35:30 ubuntu devstack@g-api.service[124123]: DEBUG glance.api.middleware.version_negotiation [None req-ac0d1423-a755-4ac3-ab4e-0f8c2be4b74e tempest-UpdateMultiattachVolumeNegativeTest-1761378393 tempest-UpdateMultiattachVolumeNegativeTest-1761378393-project] new path /v2/images/bc4eee50-45bd-4d91-a779-d93a2416a9d6 {{(pid=124123) process_request /opt/stack/glance/glance/api/middleware/version_negotiation.py:70}}
Apr 05 22:35:30 ubuntu devstack@g-api.service[124123]: [pid: 124123|app: 0|req: 10/21] 127.0.0.1 () {42 vars in 1049 bytes} [Tue Apr  5 22:35:30 2022] GET /v2/images/bc4eee50-45bd-4d91-a779-d93a2416a9d6 => generated 976 bytes in 56 msecs (HTTP/1.1 200) 4 headers in 157 bytes (1 switches on core 0)
Apr 05 22:35:30 ubuntu devstack@g-api.service[124121]: DEBUG glance.api.middleware.version_negotiation [None req-ac0d1423-a755-4ac3-ab4e-0f8c2be4b74e tempest-UpdateMultiattachVolumeNegativeTest-1761378393 tempest-UpdateMultiattachVolumeNegativeTest-1761378393-project] Determining version of request: GET /v2/images/bc4eee50-45bd-4d91-a779-d93a2416a9d6/file Accept: */* {{(pid=124121) process_request /opt/stack/glance/glance/api/middleware/version_negotiation.py:44}}
Apr 05 22:35:30 ubuntu devstack@g-api.service[124121]: DEBUG glance.api.middleware.version_negotiation [None req-ac0d1423-a755-4ac3-ab4e-0f8c2be4b74e tempest-UpdateMultiattachVolumeNegativeTest-1761378393 tempest-UpdateMultiattachVolumeNegativeTest-1761378393-project] Using url versioning {{(pid=124121) process_request /opt/stack/glance/glance/api/middleware/version_negotiation.py:57}}
Apr 05 22:35:30 ubuntu devstack@g-api.service[124121]: DEBUG glance.api.middleware.version_negotiation [None req-ac0d1423-a755-4ac3-ab4e-0f8c2be4b74e tempest-UpdateMultiattachVolumeNegativeTest-1761378393 tempest-UpdateMultiattachVolumeNegativeTest-1761378393-project] Matched version: v2 {{(pid=124121) process_request /opt/stack/glance/glance/api/middleware/version_negotiation.py:69}}
Apr 05 22:35:30 ubuntu devstack@g-api.service[124121]: DEBUG glance.api.middleware.version_negotiation [None req-ac0d1423-a755-4ac3-ab4e-0f8c2be4b74e tempest-UpdateMultiattachVolumeNegativeTest-1761378393 tempest-UpdateMultiattachVolumeNegativeTest-1761378393-project] new path /v2/images/bc4eee50-45bd-4d91-a779-d93a2416a9d6/file {{(pid=124121) process_request /opt/stack/glance/glance/api/middleware/version_negotiation.py:70}}
Apr 05 22:35:30 ubuntu devstack@g-api.service[124121]: DEBUG glance_store.backend [None req-ac0d1423-a755-4ac3-ab4e-0f8c2be4b74e tempest-UpdateMultiattachVolumeNegativeTest-1761378393 tempest-UpdateMultiattachVolumeNegativeTest-1761378393-project] Attempting to import store swift {{(pid=124121) _load_store /usr/local/lib/python3.8/dist-packages/glance_store/backend.py:217}}
Apr 05 22:35:30 ubuntu devstack@g-api.service[124121]: DEBUG glance_store.capabilities [None req-ac0d1423-a755-4ac3-ab4e-0f8c2be4b74e tempest-UpdateMultiattachVolumeNegativeTest-1761378393 tempest-UpdateMultiattachVolumeNegativeTest-1761378393-project] Store glance_store._drivers.swift.store.SingleTenantStore doesn't support updating dynamic storage capabilities. Please overwrite 'update_capabilities' method of the store to implement updating logics if needed. {{(pid=124121) update_capabilities /usr/local/lib/python3.8/dist-packages/glance_store/capabilities.py:91}}
Apr 05 22:35:30 ubuntu devstack@g-api.service[124121]: DEBUG glance_store.driver [None req-ac0d1423-a755-4ac3-ab4e-0f8c2be4b74e tempest-UpdateMultiattachVolumeNegativeTest-1761378393 tempest-UpdateMultiattachVolumeNegativeTest-1761378393-project] Late loading location class glance_store._drivers.swift.store.StoreLocation {{(pid=124121) get_store_location_class /usr/local/lib/python3.8/dist-packages/glance_store/driver.py:117}}
Apr 05 22:35:30 ubuntu devstack@g-api.service[124121]: DEBUG glance_store.location [None req-ac0d1423-a755-4ac3-ab4e-0f8c2be4b74e tempest-UpdateMultiattachVolumeNegativeTest-1761378393 tempest-UpdateMultiattachVolumeNegativeTest-1761378393-project] Registering scheme swift+https with {'store': <glance_store._drivers.swift.store.SingleTenantStore object at 0x7f39cb406ee0>, 'location_class': <class 'glance_store._drivers.swift.store.StoreLocation'>, 'store_entry': 'swift'} {{(pid=124121) register_scheme_map /usr/local/lib/python3.8/dist-packages/glance_store/location.py:146}}
Apr 05 22:35:30 ubuntu devstack@g-api.service[124121]: DEBUG glance_store.location [None req-ac0d1423-a755-4ac3-ab4e-0f8c2be4b74e tempest-UpdateMultiattachVolumeNegativeTest-1761378393 tempest-UpdateMultiattachVolumeNegativeTest-1761378393-project] Registering scheme swift+https with {'store': <glance_store._drivers.swift.store.SingleTenantStore object at 0x7f39cb406ee0>, 'location_class': <class 'glance_store._drivers.swift.store.StoreLocation'>, 'store_entry': 'swift'} {{(pid=124121) register_scheme_map /usr/local/lib/python3.8/dist-packages/glance_store/location.py:146}}
Apr 05 22:35:30 ubuntu devstack@g-api.service[124121]: DEBUG glance_store.location [None req-ac0d1423-a755-4ac3-ab4e-0f8c2be4b74e tempest-UpdateMultiattachVolumeNegativeTest-1761378393 tempest-UpdateMultiattachVolumeNegativeTest-1761378393-project] Registering scheme swift with {'store': <glance_store._drivers.swift.store.SingleTenantStore object at 0x7f39cb406ee0>, 'location_class': <class 'glance_store._drivers.swift.store.StoreLocation'>, 'store_entry': 'swift'} {{(pid=124121) register_scheme_map /usr/local/lib/python3.8/dist-packages/glance_store/location.py:146}}
Apr 05 22:35:30 ubuntu devstack@g-api.service[124121]: DEBUG glance_store.location [None req-ac0d1423-a755-4ac3-ab4e-0f8c2be4b74e tempest-UpdateMultiattachVolumeNegativeTest-1761378393 tempest-UpdateMultiattachVolumeNegativeTest-1761378393-project] Registering scheme swift+https with {'store': <glance_store._drivers.swift.store.SingleTenantStore object at 0x7f39cb406ee0>, 'location_class': <class 'glance_store._drivers.swift.store.StoreLocation'>, 'store_entry': 'swift'} {{(pid=124121) register_scheme_map /usr/local/lib/python3.8/dist-packages/glance_store/location.py:146}}
Apr 05 22:35:30 ubuntu devstack@g-api.service[124121]: DEBUG glance_store.location [None req-ac0d1423-a755-4ac3-ab4e-0f8c2be4b74e tempest-UpdateMultiattachVolumeNegativeTest-1761378393 tempest-UpdateMultiattachVolumeNegativeTest-1761378393-project] Registering scheme swift with {'store': <glance_store._drivers.swift.store.SingleTenantStore object at 0x7f39cb406ee0>, 'location_class': <class 'glance_store._drivers.swift.store.StoreLocation'>, 'store_entry': 'swift'} {{(pid=124121) register_scheme_map /usr/local/lib/python3.8/dist-packages/glance_store/location.py:146}}
Apr 05 22:35:30 ubuntu devstack@g-api.service[124121]: DEBUG glance_store.location [None req-ac0d1423-a755-4ac3-ab4e-0f8c2be4b74e tempest-UpdateMultiattachVolumeNegativeTest-1761378393 tempest-UpdateMultiattachVolumeNegativeTest-1761378393-project] Registering scheme swift+http with {'store': <glance_store._drivers.swift.store.SingleTenantStore object at 0x7f39cb406ee0>, 'location_class': <class 'glance_store._drivers.swift.store.StoreLocation'>, 'store_entry': 'swift'} {{(pid=124121) register_scheme_map /usr/local/lib/python3.8/dist-packages/glance_store/location.py:146}}
Apr 05 22:35:30 ubuntu devstack@g-api.service[124121]: DEBUG glance_store.location [None req-ac0d1423-a755-4ac3-ab4e-0f8c2be4b74e tempest-UpdateMultiattachVolumeNegativeTest-1761378393 tempest-UpdateMultiattachVolumeNegativeTest-1761378393-project] Registering scheme swift+https with {'store': <glance_store._drivers.swift.store.SingleTenantStore object at 0x7f39cb406ee0>, 'location_class': <class 'glance_store._drivers.swift.store.StoreLocation'>, 'store_entry': 'swift'} {{(pid=124121) register_scheme_map /usr/local/lib/python3.8/dist-packages/glance_store/location.py:146}}
Apr 05 22:35:30 ubuntu devstack@g-api.service[124121]: DEBUG glance_store.location [None req-ac0d1423-a755-4ac3-ab4e-0f8c2be4b74e tempest-UpdateMultiattachVolumeNegativeTest-1761378393 tempest-UpdateMultiattachVolumeNegativeTest-1761378393-project] Registering scheme swift with {'store': <glance_store._drivers.swift.store.SingleTenantStore object at 0x7f39cb406ee0>, 'location_class': <class 'glance_store._drivers.swift.store.StoreLocation'>, 'store_entry': 'swift'} {{(pid=124121) register_scheme_map /usr/local/lib/python3.8/dist-packages/glance_store/location.py:146}}
Apr 05 22:35:30 ubuntu devstack@g-api.service[124121]: DEBUG glance_store.location [None req-ac0d1423-a755-4ac3-ab4e-0f8c2be4b74e tempest-UpdateMultiattachVolumeNegativeTest-1761378393 tempest-UpdateMultiattachVolumeNegativeTest-1761378393-project] Registering scheme swift+http with {'store': <glance_store._drivers.swift.store.SingleTenantStore object at 0x7f39cb406ee0>, 'location_class': <class 'glance_store._drivers.swift.store.StoreLocation'>, 'store_entry': 'swift'} {{(pid=124121) register_scheme_map /usr/local/lib/python3.8/dist-packages/glance_store/location.py:146}}
Apr 05 22:35:30 ubuntu devstack@g-api.service[124121]: DEBUG glance_store.location [None req-ac0d1423-a755-4ac3-ab4e-0f8c2be4b74e tempest-UpdateMultiattachVolumeNegativeTest-1761378393 tempest-UpdateMultiattachVolumeNegativeTest-1761378393-project] Registering scheme swift+config with {'store': <glance_store._drivers.swift.store.SingleTenantStore object at 0x7f39cb406ee0>, 'location_class': <class 'glance_store._drivers.swift.store.StoreLocation'>, 'store_entry': 'swift'} {{(pid=124121) register_scheme_map /usr/local/lib/python3.8/dist-packages/glance_store/location.py:146}}
Apr 05 22:35:30 ubuntu devstack@g-api.service[124121]: DEBUG swiftclient [None req-ac0d1423-a755-4ac3-ab4e-0f8c2be4b74e tempest-UpdateMultiattachVolumeNegativeTest-1761378393 tempest-UpdateMultiattachVolumeNegativeTest-1761378393-project] REQ: curl -i http://192.168.79.37:8080/v1/AUTH_51869ea4dc5f4dbaa6e512c481b64937/glance/bc4eee50-45bd-4d91-a779-d93a2416a9d6 -X GET -H "X-Auth-Token: gAAAAABiTMQyPk_f..." {{(pid=124121) http_log /usr/local/lib/python3.8/dist-packages/swiftclient/client.py:187}}
Apr 05 22:35:30 ubuntu devstack@g-api.service[124121]: DEBUG swiftclient [None req-ac0d1423-a755-4ac3-ab4e-0f8c2be4b74e tempest-UpdateMultiattachVolumeNegativeTest-1761378393 tempest-UpdateMultiattachVolumeNegativeTest-1761378393-project] RESP STATUS: 200 OK {{(pid=124121) http_log /usr/local/lib/python3.8/dist-packages/swiftclient/client.py:188}}
Apr 05 22:35:30 ubuntu devstack@g-api.service[124121]: DEBUG swiftclient [None req-ac0d1423-a755-4ac3-ab4e-0f8c2be4b74e tempest-UpdateMultiattachVolumeNegativeTest-1761378393 tempest-UpdateMultiattachVolumeNegativeTest-1761378393-project] RESP HEADERS: {'Content-Type': 'application/octet-stream', 'Etag': '1d3062cd89af34e419f7100277f38b2b', 'Last-Modified': 'Tue, 05 Apr 2022 22:30:37 GMT', 'X-Timestamp': '1649197836.90234', 'Accept-Ranges': 'bytes', 'Content-Length': '16338944', 'X-Trans-Id': 'tx1e05fc2552844cef8b32b-00624cc432', 'X-Openstack-Request-Id': 'tx1e05fc2552844cef8b32b-00624cc432', 'Date': 'Tue, 05 Apr 2022 22:35:30 GMT'} {{(pid=124121) http_log /usr/local/lib/python3.8/dist-packages/swiftclient/client.py:189}}
Apr 05 22:35:30 ubuntu devstack@g-api.service[124121]: DEBUG glance.image_cache [None req-ac0d1423-a755-4ac3-ab4e-0f8c2be4b74e tempest-UpdateMultiattachVolumeNegativeTest-1761378393 tempest-UpdateMultiattachVolumeNegativeTest-1761378393-project] Tee'ing image 'bc4eee50-45bd-4d91-a779-d93a2416a9d6' into cache {{(pid=124121) get_caching_iter /opt/stack/glance/glance/image_cache/__init__.py:343}}
Apr 05 22:35:30 ubuntu devstack@g-api.service[124121]: DEBUG glance.image_cache.drivers.sqlite [None req-ac0d1423-a755-4ac3-ab4e-0f8c2be4b74e tempest-UpdateMultiattachVolumeNegativeTest-1761378393 tempest-UpdateMultiattachVolumeNegativeTest-1761378393-project] Fetch finished, moving '/opt/stack/data/glance/cache/incomplete/bc4eee50-45bd-4d91-a779-d93a2416a9d6' to '/opt/stack/data/glance/cache/bc4eee50-45bd-4d91-a779-d93a2416a9d6' {{(pid=124121) commit /opt/stack/glance/glance/image_cache/drivers/sqlite.py:324}}
Apr 05 22:35:30 ubuntu devstack@g-api.service[124121]: [pid: 124121|app: 0|req: 12/22] 127.0.0.1 () {42 vars in 1059 bytes} [Tue Apr  5 22:35:30 2022] GET /v2/images/bc4eee50-45bd-4d91-a779-d93a2416a9d6/file => generated 16338944 bytes in 500 msecs (HTTP/1.1 200) 4 headers in 191 bytes (250 switches on core 0)
Apr 05 22:35:39 ubuntu devstack@g-api.service[124123]: DEBUG glance.api.middleware.version_negotiation [None req-ac0d1423-a755-4ac3-ab4e-0f8c2be4b74e tempest-UpdateMultiattachVolumeNegativeTest-1761378393 tempest-UpdateMultiattachVolumeNegativeTest-1761378393-project] Determining version of request: GET / Accept: application/json {{(pid=124123) process_request /opt/stack/glance/glance/api/middleware/version_negotiation.py:44}}
Apr 05 22:35:39 ubuntu devstack@g-api.service[124123]: DEBUG glance.api.middleware.version_negotiation [None req-ac0d1423-a755-4ac3-ab4e-0f8c2be4b74e tempest-UpdateMultiattachVolumeNegativeTest-1761378393 tempest-UpdateMultiattachVolumeNegativeTest-1761378393-project] Using url versioning {{(pid=124123) process_request /opt/stack/glance/glance/api/middleware/version_negotiation.py:57}}
Apr 05 22:35:39 ubuntu devstack@g-api.service[124123]: DEBUG glance.api.middleware.version_negotiation [None req-ac0d1423-a755-4ac3-ab4e-0f8c2be4b74e tempest-UpdateMultiattachVolumeNegativeTest-1761378393 tempest-UpdateMultiattachVolumeNegativeTest-1761378393-project] Unknown version. Returning version choices. {{(pid=124123) process_request /opt/stack/glance/glance/api/middleware/version_negotiation.py:64}}
Apr 05 22:35:39 ubuntu devstack@g-api.service[124123]: [pid: 124123|app: 0|req: 11/23] 127.0.0.1 () {34 vars in 492 bytes} [Tue Apr  5 22:35:39 2022] GET / => generated 1213 bytes in 3 msecs (HTTP/1.1 300) 3 headers in 106 bytes (1 switches on core 0)
Apr 05 22:35:39 ubuntu devstack@g-api.service[124121]: DEBUG glance.api.middleware.version_negotiation [None req-ac0d1423-a755-4ac3-ab4e-0f8c2be4b74e tempest-UpdateMultiattachVolumeNegativeTest-1761378393 tempest-UpdateMultiattachVolumeNegativeTest-1761378393-project] Determining version of request: GET /v2/images/bc4eee50-45bd-4d91-a779-d93a2416a9d6 Accept: */* {{(pid=124121) process_request /opt/stack/glance/glance/api/middleware/version_negotiation.py:44}}
Apr 05 22:35:39 ubuntu devstack@g-api.service[124121]: DEBUG glance.api.middleware.version_negotiation [None req-ac0d1423-a755-4ac3-ab4e-0f8c2be4b74e tempest-UpdateMultiattachVolumeNegativeTest-1761378393 tempest-UpdateMultiattachVolumeNegativeTest-1761378393-project] Using url versioning {{(pid=124121) process_request /opt/stack/glance/glance/api/middleware/version_negotiation.py:57}}
Apr 05 22:35:39 ubuntu devstack@g-api.service[124121]: DEBUG glance.api.middleware.version_negotiation [None req-ac0d1423-a755-4ac3-ab4e-0f8c2be4b74e tempest-UpdateMultiattachVolumeNegativeTest-1761378393 tempest-UpdateMultiattachVolumeNegativeTest-1761378393-project] Matched version: v2 {{(pid=124121) process_request /opt/stack/glance/glance/api/middleware/version_negotiation.py:69}}
Apr 05 22:35:39 ubuntu devstack@g-api.service[124121]: DEBUG glance.api.middleware.version_negotiation [None req-ac0d1423-a755-4ac3-ab4e-0f8c2be4b74e tempest-UpdateMultiattachVolumeNegativeTest-1761378393 tempest-UpdateMultiattachVolumeNegativeTest-1761378393-project] new path /v2/images/bc4eee50-45bd-4d91-a779-d93a2416a9d6 {{(pid=124121) process_request /opt/stack/glance/glance/api/middleware/version_negotiation.py:70}}
Apr 05 22:35:39 ubuntu devstack@g-api.service[124121]: [pid: 124121|app: 0|req: 13/24] 127.0.0.1 () {42 vars in 1049 bytes} [Tue Apr  5 22:35:39 2022] GET /v2/images/bc4eee50-45bd-4d91-a779-d93a2416a9d6 => generated 976 bytes in 17 msecs (HTTP/1.1 200) 4 headers in 157 bytes (1 switches on core 0)
Apr 05 22:35:39 ubuntu devstack@g-api.service[124123]: DEBUG glance.api.middleware.version_negotiation [None req-ac0d1423-a755-4ac3-ab4e-0f8c2be4b74e tempest-UpdateMultiattachVolumeNegativeTest-1761378393 tempest-UpdateMultiattachVolumeNegativeTest-1761378393-project] Determining version of request: GET /v2/schemas/image Accept: */* {{(pid=124123) process_request /opt/stack/glance/glance/api/middleware/version_negotiation.py:44}}
Apr 05 22:35:39 ubuntu devstack@g-api.service[124123]: DEBUG glance.api.middleware.version_negotiation [None req-ac0d1423-a755-4ac3-ab4e-0f8c2be4b74e tempest-UpdateMultiattachVolumeNegativeTest-1761378393 tempest-UpdateMultiattachVolumeNegativeTest-1761378393-project] Using url versioning {{(pid=124123) process_request /opt/stack/glance/glance/api/middleware/version_negotiation.py:57}}
Apr 05 22:35:39 ubuntu devstack@g-api.service[124123]: DEBUG glance.api.middleware.version_negotiation [None req-ac0d1423-a755-4ac3-ab4e-0f8c2be4b74e tempest-UpdateMultiattachVolumeNegativeTest-1761378393 tempest-UpdateMultiattachVolumeNegativeTest-1761378393-project] Matched version: v2 {{(pid=124123) process_request /opt/stack/glance/glance/api/middleware/version_negotiation.py:69}}
Apr 05 22:35:39 ubuntu devstack@g-api.service[124123]: DEBUG glance.api.middleware.version_negotiation [None req-ac0d1423-a755-4ac3-ab4e-0f8c2be4b74e tempest-UpdateMultiattachVolumeNegativeTest-1761378393 tempest-UpdateMultiattachVolumeNegativeTest-1761378393-project] new path /v2/schemas/image {{(pid=124123) process_request /opt/stack/glance/glance/api/middleware/version_negotiation.py:70}}
Apr 05 22:35:39 ubuntu devstack@g-api.service[124123]: [pid: 124123|app: 0|req: 12/25] 127.0.0.1 () {42 vars in 989 bytes} [Tue Apr  5 22:35:39 2022] GET /v2/schemas/image => generated 6083 bytes in 5 msecs (HTTP/1.1 200) 4 headers in 158 bytes (1 switches on core 0)
Apr 05 22:36:14 ubuntu devstack@g-api.service[124121]: DEBUG glance.api.middleware.version_negotiation [None req-b70193e4-a4ad-40ce-9a49-292204978973 tempest-UpdateMultiattachVolumeNegativeTest-1761378393 tempest-UpdateMultiattachVolumeNegativeTest-1761378393-project] Determining version of request: GET /v2/images/bc4eee50-45bd-4d91-a779-d93a2416a9d6 Accept: */* {{(pid=124121) process_request /opt/stack/glance/glance/api/middleware/version_negotiation.py:44}}
Apr 05 22:36:14 ubuntu devstack@g-api.service[124121]: DEBUG glance.api.middleware.version_negotiation [None req-b70193e4-a4ad-40ce-9a49-292204978973 tempest-UpdateMultiattachVolumeNegativeTest-1761378393 tempest-UpdateMultiattachVolumeNegativeTest-1761378393-project] Using url versioning {{(pid=124121) process_request /opt/stack/glance/glance/api/middleware/version_negotiation.py:57}}
Apr 05 22:36:14 ubuntu devstack@g-api.service[124121]: DEBUG glance.api.middleware.version_negotiation [None req-b70193e4-a4ad-40ce-9a49-292204978973 tempest-UpdateMultiattachVolumeNegativeTest-1761378393 tempest-UpdateMultiattachVolumeNegativeTest-1761378393-project] Matched version: v2 {{(pid=124121) process_request /opt/stack/glance/glance/api/middleware/version_negotiation.py:69}}
Apr 05 22:36:14 ubuntu devstack@g-api.service[124121]: DEBUG glance.api.middleware.version_negotiation [None req-b70193e4-a4ad-40ce-9a49-292204978973 tempest-UpdateMultiattachVolumeNegativeTest-1761378393 tempest-UpdateMultiattachVolumeNegativeTest-1761378393-project] new path /v2/images/bc4eee50-45bd-4d91-a779-d93a2416a9d6 {{(pid=124121) process_request /opt/stack/glance/glance/api/middleware/version_negotiation.py:70}}
Apr 05 22:36:14 ubuntu devstack@g-api.service[124121]: [pid: 124121|app: 0|req: 14/26] 127.0.0.1 () {42 vars in 1049 bytes} [Tue Apr  5 22:36:14 2022] GET /v2/images/bc4eee50-45bd-4d91-a779-d93a2416a9d6 => generated 976 bytes in 20 msecs (HTTP/1.1 200) 4 headers in 157 bytes (1 switches on core 0)
