Jul 29 04:27:55 ubuntu devstack@g-api.service[145830]: INFO glance.location [None req-5fa2c4bb-b2ef-441a-97e8-c3c5d56fcc03 admin admin] Image format matched and virtual size computed: 117440512
Jul 29 04:27:55 ubuntu devstack@g-api.service[145830]: DEBUG glance_store.backend [None req-5fa2c4bb-b2ef-441a-97e8-c3c5d56fcc03 admin admin] Attempting to import store swift {{(pid=145830) _load_store /usr/local/lib/python3.8/dist-packages/glance_store/backend.py:216}}
Jul 29 04:27:55 ubuntu devstack@g-api.service[145830]: DEBUG glance_store.capabilities [None req-5fa2c4bb-b2ef-441a-97e8-c3c5d56fcc03 admin admin] Store glance_store._drivers.swift.store.SingleTenantStore doesn't support updating dynamic storage capabilities. Please overwrite 'update_capabilities' method of the store to implement updating logics if needed. {{(pid=145830) update_capabilities /usr/local/lib/python3.8/dist-packages/glance_store/capabilities.py:91}}
Jul 29 04:27:55 ubuntu devstack@g-api.service[145830]: DEBUG glance_store.driver [None req-5fa2c4bb-b2ef-441a-97e8-c3c5d56fcc03 admin admin] Late loading location class glance_store._drivers.swift.store.StoreLocation {{(pid=145830) get_store_location_class /usr/local/lib/python3.8/dist-packages/glance_store/driver.py:116}}
Jul 29 04:27:55 ubuntu devstack@g-api.service[145830]: DEBUG glance_store.location [None req-5fa2c4bb-b2ef-441a-97e8-c3c5d56fcc03 admin admin] Registering scheme swift+https with {'store': <glance_store._drivers.swift.store.SingleTenantStore object at 0x7f27227bba00>, 'location_class': <class 'glance_store._drivers.swift.store.StoreLocation'>, 'store_entry': 'swift'} {{(pid=145830) register_scheme_map /usr/local/lib/python3.8/dist-packages/glance_store/location.py:146}}
Jul 29 04:27:55 ubuntu devstack@g-api.service[145830]: DEBUG glance_store.location [None req-5fa2c4bb-b2ef-441a-97e8-c3c5d56fcc03 admin admin] Registering scheme swift+https with {'store': <glance_store._drivers.swift.store.SingleTenantStore object at 0x7f27227bba00>, 'location_class': <class 'glance_store._drivers.swift.store.StoreLocation'>, 'store_entry': 'swift'} {{(pid=145830) register_scheme_map /usr/local/lib/python3.8/dist-packages/glance_store/location.py:146}}
Jul 29 04:27:55 ubuntu devstack@g-api.service[145830]: DEBUG glance_store.location [None req-5fa2c4bb-b2ef-441a-97e8-c3c5d56fcc03 admin admin] Registering scheme swift with {'store': <glance_store._drivers.swift.store.SingleTenantStore object at 0x7f27227bba00>, 'location_class': <class 'glance_store._drivers.swift.store.StoreLocation'>, 'store_entry': 'swift'} {{(pid=145830) register_scheme_map /usr/local/lib/python3.8/dist-packages/glance_store/location.py:146}}
Jul 29 04:27:55 ubuntu devstack@g-api.service[145830]: DEBUG glance_store.location [None req-5fa2c4bb-b2ef-441a-97e8-c3c5d56fcc03 admin admin] Registering scheme swift+https with {'store': <glance_store._drivers.swift.store.SingleTenantStore object at 0x7f27227bba00>, 'location_class': <class 'glance_store._drivers.swift.store.StoreLocation'>, 'store_entry': 'swift'} {{(pid=145830) register_scheme_map /usr/local/lib/python3.8/dist-packages/glance_store/location.py:146}}
Jul 29 04:27:55 ubuntu devstack@g-api.service[145830]: DEBUG glance_store.location [None req-5fa2c4bb-b2ef-441a-97e8-c3c5d56fcc03 admin admin] Registering scheme swift with {'store': <glance_store._drivers.swift.store.SingleTenantStore object at 0x7f27227bba00>, 'location_class': <class 'glance_store._drivers.swift.store.StoreLocation'>, 'store_entry': 'swift'} {{(pid=145830) register_scheme_map /usr/local/lib/python3.8/dist-packages/glance_store/location.py:146}}
Jul 29 04:27:55 ubuntu devstack@g-api.service[145830]: DEBUG glance_store.location [None req-5fa2c4bb-b2ef-441a-97e8-c3c5d56fcc03 admin admin] Registering scheme swift+http with {'store': <glance_store._drivers.swift.store.SingleTenantStore object at 0x7f27227bba00>, 'location_class': <class 'glance_store._drivers.swift.store.StoreLocation'>, 'store_entry': 'swift'} {{(pid=145830) register_scheme_map /usr/local/lib/python3.8/dist-packages/glance_store/location.py:146}}
Jul 29 04:27:55 ubuntu devstack@g-api.service[145830]: DEBUG glance_store.location [None req-5fa2c4bb-b2ef-441a-97e8-c3c5d56fcc03 admin admin] Registering scheme swift+https with {'store': <glance_store._drivers.swift.store.SingleTenantStore object at 0x7f27227bba00>, 'location_class': <class 'glance_store._drivers.swift.store.StoreLocation'>, 'store_entry': 'swift'} {{(pid=145830) register_scheme_map /usr/local/lib/python3.8/dist-packages/glance_store/location.py:146}}
Jul 29 04:27:55 ubuntu devstack@g-api.service[145830]: DEBUG glance_store.location [None req-5fa2c4bb-b2ef-441a-97e8-c3c5d56fcc03 admin admin] Registering scheme swift with {'store': <glance_store._drivers.swift.store.SingleTenantStore object at 0x7f27227bba00>, 'location_class': <class 'glance_store._drivers.swift.store.StoreLocation'>, 'store_entry': 'swift'} {{(pid=145830) register_scheme_map /usr/local/lib/python3.8/dist-packages/glance_store/location.py:146}}
Jul 29 04:27:55 ubuntu devstack@g-api.service[145830]: DEBUG glance_store.location [None req-5fa2c4bb-b2ef-441a-97e8-c3c5d56fcc03 admin admin] Registering scheme swift+http with {'store': <glance_store._drivers.swift.store.SingleTenantStore object at 0x7f27227bba00>, 'location_class': <class 'glance_store._drivers.swift.store.StoreLocation'>, 'store_entry': 'swift'} {{(pid=145830) register_scheme_map /usr/local/lib/python3.8/dist-packages/glance_store/location.py:146}}
Jul 29 04:27:55 ubuntu devstack@g-api.service[145830]: DEBUG glance_store.location [None req-5fa2c4bb-b2ef-441a-97e8-c3c5d56fcc03 admin admin] Registering scheme swift+config with {'store': <glance_store._drivers.swift.store.SingleTenantStore object at 0x7f27227bba00>, 'location_class': <class 'glance_store._drivers.swift.store.StoreLocation'>, 'store_entry': 'swift'} {{(pid=145830) register_scheme_map /usr/local/lib/python3.8/dist-packages/glance_store/location.py:146}}
Jul 29 04:27:55 ubuntu devstack@g-api.service[145830]: DEBUG glance_store.backend [None req-5fa2c4bb-b2ef-441a-97e8-c3c5d56fcc03 admin admin] Skipping store.set_acls... not implemented. {{(pid=145830) set_acls /usr/local/lib/python3.8/dist-packages/glance_store/backend.py:508}}
Jul 29 04:27:55 ubuntu devstack@g-api.service[145830]: [pid: 145830|app: 0|req: 3/4] 127.0.0.1 () {40 vars in 862 bytes} [Fri Jul 29 04:27:52 2022] PUT /v2/images/f2eec5cc-bb93-42a2-8e44-f08f889a00fb/file => generated 0 bytes in 2761 msecs (HTTP/1.1 204) 4 headers in 171 bytes (1 switches on core 0)
Jul 29 04:28:02 ubuntu devstack@g-api.service[145831]: DEBUG dbcounter [-] [145831] Writing DB stats glance:SELECT=9,glance:INSERT=5 {{(pid=145831) stat_writer /usr/local/lib/python3.8/dist-packages/dbcounter.py:114}}
Jul 29 04:28:05 ubuntu devstack@g-api.service[145830]: DEBUG dbcounter [-] [145830] Writing DB stats glance:SELECT=28,glance:UPDATE=2,glance:INSERT=1 {{(pid=145830) stat_writer /usr/local/lib/python3.8/dist-packages/dbcounter.py:114}}
Jul 29 04:28:38 ubuntu devstack@g-api.service[145831]: DEBUG glance.api.middleware.version_negotiation [None req-5711f642-15d2-4b3a-ad8b-8b5d7a3f8c6d admin admin] Determining version of request: GET / Accept: application/json {{(pid=145831) process_request /opt/stack/glance/glance/api/middleware/version_negotiation.py:44}}
Jul 29 04:28:38 ubuntu devstack@g-api.service[145831]: DEBUG glance.api.middleware.version_negotiation [None req-5711f642-15d2-4b3a-ad8b-8b5d7a3f8c6d admin admin] Using url versioning {{(pid=145831) process_request /opt/stack/glance/glance/api/middleware/version_negotiation.py:57}}
Jul 29 04:28:38 ubuntu devstack@g-api.service[145831]: DEBUG glance.api.middleware.version_negotiation [None req-5711f642-15d2-4b3a-ad8b-8b5d7a3f8c6d admin admin] Unknown version. Returning version choices. {{(pid=145831) process_request /opt/stack/glance/glance/api/middleware/version_negotiation.py:64}}
Jul 29 04:28:38 ubuntu devstack@g-api.service[145831]: [pid: 145831|app: 0|req: 2/5] 127.0.0.1 () {34 vars in 506 bytes} [Fri Jul 29 04:28:38 2022] GET / => generated 1323 bytes in 3 msecs (HTTP/1.1 300) 3 headers in 106 bytes (1 switches on core 0)
Jul 29 04:28:38 ubuntu devstack@g-api.service[145830]: DEBUG glance.api.middleware.version_negotiation [None req-5fa2c4bb-b2ef-441a-97e8-c3c5d56fcc03 admin admin] Determining version of request: GET /v2/images Accept: application/json {{(pid=145830) process_request /opt/stack/glance/glance/api/middleware/version_negotiation.py:44}}
Jul 29 04:28:38 ubuntu devstack@g-api.service[145830]: DEBUG glance.api.middleware.version_negotiation [None req-5fa2c4bb-b2ef-441a-97e8-c3c5d56fcc03 admin admin] Using url versioning {{(pid=145830) process_request /opt/stack/glance/glance/api/middleware/version_negotiation.py:57}}
Jul 29 04:28:38 ubuntu devstack@g-api.service[145830]: DEBUG glance.api.middleware.version_negotiation [None req-5fa2c4bb-b2ef-441a-97e8-c3c5d56fcc03 admin admin] Matched version: v2 {{(pid=145830) process_request /opt/stack/glance/glance/api/middleware/version_negotiation.py:69}}
Jul 29 04:28:38 ubuntu devstack@g-api.service[145830]: DEBUG glance.api.middleware.version_negotiation [None req-5fa2c4bb-b2ef-441a-97e8-c3c5d56fcc03 admin admin] new path /v2/images {{(pid=145830) process_request /opt/stack/glance/glance/api/middleware/version_negotiation.py:70}}
Jul 29 04:28:39 ubuntu devstack@g-api.service[145830]: [pid: 145830|app: 0|req: 4/6] 127.0.0.1 () {36 vars in 728 bytes} [Fri Jul 29 04:28:38 2022] GET /v2/images => generated 1045 bytes in 464 msecs (HTTP/1.1 200) 4 headers in 158 bytes (1 switches on core 0)
Jul 29 04:28:46 ubuntu devstack@g-api.service[145831]: DEBUG glance.api.middleware.version_negotiation [None req-5711f642-15d2-4b3a-ad8b-8b5d7a3f8c6d admin admin] Determining version of request: GET / Accept: application/json {{(pid=145831) process_request /opt/stack/glance/glance/api/middleware/version_negotiation.py:44}}
Jul 29 04:28:46 ubuntu devstack@g-api.service[145831]: DEBUG glance.api.middleware.version_negotiation [None req-5711f642-15d2-4b3a-ad8b-8b5d7a3f8c6d admin admin] Using url versioning {{(pid=145831) process_request /opt/stack/glance/glance/api/middleware/version_negotiation.py:57}}
Jul 29 04:28:46 ubuntu devstack@g-api.service[145831]: DEBUG glance.api.middleware.version_negotiation [None req-5711f642-15d2-4b3a-ad8b-8b5d7a3f8c6d admin admin] Unknown version. Returning version choices. {{(pid=145831) process_request /opt/stack/glance/glance/api/middleware/version_negotiation.py:64}}
Jul 29 04:28:46 ubuntu devstack@g-api.service[145831]: [pid: 145831|app: 0|req: 3/7] 127.0.0.1 () {34 vars in 506 bytes} [Fri Jul 29 04:28:46 2022] GET / => generated 1323 bytes in 4 msecs (HTTP/1.1 300) 3 headers in 106 bytes (1 switches on core 0)
Jul 29 04:28:46 ubuntu devstack@g-api.service[145830]: DEBUG glance.api.middleware.version_negotiation [None req-906b687b-29b4-460f-8fd7-09ccc724ac1f admin admin] Determining version of request: GET /v2/images/f2eec5cc-bb93-42a2-8e44-f08f889a00fb Accept: */* {{(pid=145830) process_request /opt/stack/glance/glance/api/middleware/version_negotiation.py:44}}
Jul 29 04:28:46 ubuntu devstack@g-api.service[145830]: DEBUG glance.api.middleware.version_negotiation [None req-906b687b-29b4-460f-8fd7-09ccc724ac1f admin admin] Using url versioning {{(pid=145830) process_request /opt/stack/glance/glance/api/middleware/version_negotiation.py:57}}
Jul 29 04:28:46 ubuntu devstack@g-api.service[145830]: DEBUG glance.api.middleware.version_negotiation [None req-906b687b-29b4-460f-8fd7-09ccc724ac1f admin admin] Matched version: v2 {{(pid=145830) process_request /opt/stack/glance/glance/api/middleware/version_negotiation.py:69}}
Jul 29 04:28:46 ubuntu devstack@g-api.service[145830]: DEBUG glance.api.middleware.version_negotiation [None req-906b687b-29b4-460f-8fd7-09ccc724ac1f admin admin] new path /v2/images/f2eec5cc-bb93-42a2-8e44-f08f889a00fb {{(pid=145830) process_request /opt/stack/glance/glance/api/middleware/version_negotiation.py:70}}
Jul 29 04:28:46 ubuntu devstack@g-api.service[145830]: [pid: 145830|app: 0|req: 5/8] 127.0.0.1 () {36 vars in 789 bytes} [Fri Jul 29 04:28:46 2022] GET /v2/images/f2eec5cc-bb93-42a2-8e44-f08f889a00fb => generated 976 bytes in 332 msecs (HTTP/1.1 200) 4 headers in 157 bytes (1 switches on core 0)
Jul 29 04:28:50 ubuntu devstack@g-api.service[145831]: DEBUG glance.api.middleware.version_negotiation [None req-5711f642-15d2-4b3a-ad8b-8b5d7a3f8c6d admin admin] Determining version of request: GET / Accept: application/json {{(pid=145831) process_request /opt/stack/glance/glance/api/middleware/version_negotiation.py:44}}
Jul 29 04:28:50 ubuntu devstack@g-api.service[145831]: DEBUG glance.api.middleware.version_negotiation [None req-5711f642-15d2-4b3a-ad8b-8b5d7a3f8c6d admin admin] Using url versioning {{(pid=145831) process_request /opt/stack/glance/glance/api/middleware/version_negotiation.py:57}}
Jul 29 04:28:50 ubuntu devstack@g-api.service[145831]: DEBUG glance.api.middleware.version_negotiation [None req-5711f642-15d2-4b3a-ad8b-8b5d7a3f8c6d admin admin] Unknown version. Returning version choices. {{(pid=145831) process_request /opt/stack/glance/glance/api/middleware/version_negotiation.py:64}}
Jul 29 04:28:50 ubuntu devstack@g-api.service[145831]: [pid: 145831|app: 0|req: 4/9] 127.0.0.1 () {34 vars in 506 bytes} [Fri Jul 29 04:28:50 2022] GET / => generated 1323 bytes in 2 msecs (HTTP/1.1 300) 3 headers in 106 bytes (1 switches on core 0)
Jul 29 04:28:50 ubuntu devstack@g-api.service[145830]: DEBUG glance.api.middleware.version_negotiation [None req-44c133e2-452d-496d-a06d-f189f816998a admin admin] Determining version of request: GET /v2/images/f2eec5cc-bb93-42a2-8e44-f08f889a00fb Accept: */* {{(pid=145830) process_request /opt/stack/glance/glance/api/middleware/version_negotiation.py:44}}
Jul 29 04:28:50 ubuntu devstack@g-api.service[145830]: DEBUG glance.api.middleware.version_negotiation [None req-44c133e2-452d-496d-a06d-f189f816998a admin admin] Using url versioning {{(pid=145830) process_request /opt/stack/glance/glance/api/middleware/version_negotiation.py:57}}
Jul 29 04:28:50 ubuntu devstack@g-api.service[145830]: DEBUG glance.api.middleware.version_negotiation [None req-44c133e2-452d-496d-a06d-f189f816998a admin admin] Matched version: v2 {{(pid=145830) process_request /opt/stack/glance/glance/api/middleware/version_negotiation.py:69}}
Jul 29 04:28:50 ubuntu devstack@g-api.service[145830]: DEBUG glance.api.middleware.version_negotiation [None req-44c133e2-452d-496d-a06d-f189f816998a admin admin] new path /v2/images/f2eec5cc-bb93-42a2-8e44-f08f889a00fb {{(pid=145830) process_request /opt/stack/glance/glance/api/middleware/version_negotiation.py:70}}
Jul 29 04:28:50 ubuntu devstack@g-api.service[145830]: [pid: 145830|app: 0|req: 6/10] 127.0.0.1 () {36 vars in 789 bytes} [Fri Jul 29 04:28:50 2022] GET /v2/images/f2eec5cc-bb93-42a2-8e44-f08f889a00fb => generated 976 bytes in 279 msecs (HTTP/1.1 200) 4 headers in 157 bytes (1 switches on core 0)
Jul 29 04:29:00 ubuntu devstack@g-api.service[145830]: DEBUG dbcounter [-] [145830] Writing DB stats glance:SELECT=10 {{(pid=145830) stat_writer /usr/local/lib/python3.8/dist-packages/dbcounter.py:114}}
Jul 29 04:31:08 ubuntu devstack@g-api.service[145831]: DEBUG glance.api.middleware.version_negotiation [None req-5711f642-15d2-4b3a-ad8b-8b5d7a3f8c6d admin admin] Determining version of request: GET /v1 Accept: application/json {{(pid=145831) process_request /opt/stack/glance/glance/api/middleware/version_negotiation.py:44}}
Jul 29 04:31:08 ubuntu devstack@g-api.service[145831]: DEBUG glance.api.middleware.version_negotiation [None req-5711f642-15d2-4b3a-ad8b-8b5d7a3f8c6d admin admin] Using url versioning {{(pid=145831) process_request /opt/stack/glance/glance/api/middleware/version_negotiation.py:57}}
Jul 29 04:31:08 ubuntu devstack@g-api.service[145831]: DEBUG glance.api.middleware.version_negotiation [None req-5711f642-15d2-4b3a-ad8b-8b5d7a3f8c6d admin admin] Unknown version. Returning version choices. {{(pid=145831) process_request /opt/stack/glance/glance/api/middleware/version_negotiation.py:64}}
Jul 29 04:31:08 ubuntu devstack@g-api.service[145831]: [pid: 145831|app: 0|req: 5/11] 127.0.0.1 () {38 vars in 686 bytes} [Fri Jul 29 04:31:08 2022] GET /v1 => generated 1323 bytes in 4 msecs (HTTP/1.1 300) 3 headers in 106 bytes (1 switches on core 0)
Jul 29 04:33:23 ubuntu devstack@g-api.service[145830]: DEBUG glance.api.middleware.version_negotiation [None req-090cbe75-0f8b-4e72-878c-a149527c57d1 admin admin] Determining version of request: GET /versions Accept: */* {{(pid=145830) process_request /opt/stack/glance/glance/api/middleware/version_negotiation.py:44}}
Jul 29 04:33:23 ubuntu devstack@g-api.service[145830]: [pid: 145830|app: 0|req: 7/12] 127.0.0.1 () {38 vars in 695 bytes} [Fri Jul 29 04:33:23 2022] GET /versions => generated 1323 bytes in 5 msecs (HTTP/1.1 200) 3 headers in 92 bytes (1 switches on core 0)
Jul 29 04:33:23 ubuntu devstack@g-api.service[145831]: DEBUG glance.api.middleware.version_negotiation [None req-5711f642-15d2-4b3a-ad8b-8b5d7a3f8c6d admin admin] Determining version of request: GET /v2/schemas/image Accept: */* {{(pid=145831) process_request /opt/stack/glance/glance/api/middleware/version_negotiation.py:44}}
Jul 29 04:33:23 ubuntu devstack@g-api.service[145831]: DEBUG glance.api.middleware.version_negotiation [None req-5711f642-15d2-4b3a-ad8b-8b5d7a3f8c6d admin admin] Using url versioning {{(pid=145831) process_request /opt/stack/glance/glance/api/middleware/version_negotiation.py:57}}
Jul 29 04:33:23 ubuntu devstack@g-api.service[145831]: DEBUG glance.api.middleware.version_negotiation [None req-5711f642-15d2-4b3a-ad8b-8b5d7a3f8c6d admin admin] Matched version: v2 {{(pid=145831) process_request /opt/stack/glance/glance/api/middleware/version_negotiation.py:69}}
Jul 29 04:33:23 ubuntu devstack@g-api.service[145831]: DEBUG glance.api.middleware.version_negotiation [None req-5711f642-15d2-4b3a-ad8b-8b5d7a3f8c6d admin admin] new path /v2/schemas/image {{(pid=145831) process_request /opt/stack/glance/glance/api/middleware/version_negotiation.py:70}}
Jul 29 04:33:23 ubuntu devstack@g-api.service[145831]: [pid: 145831|app: 0|req: 6/13] 127.0.0.1 () {38 vars in 711 bytes} [Fri Jul 29 04:33:23 2022] GET /v2/schemas/image => generated 6083 bytes in 168 msecs (HTTP/1.1 200) 4 headers in 158 bytes (1 switches on core 0)
Jul 29 04:33:23 ubuntu devstack@g-api.service[145830]: DEBUG glance.api.middleware.version_negotiation [None req-090cbe75-0f8b-4e72-878c-a149527c57d1 admin admin] Determining version of request: GET /v2/schemas/metadefs/namespace Accept: */* {{(pid=145830) process_request /opt/stack/glance/glance/api/middleware/version_negotiation.py:44}}
Jul 29 04:33:23 ubuntu devstack@g-api.service[145830]: DEBUG glance.api.middleware.version_negotiation [None req-090cbe75-0f8b-4e72-878c-a149527c57d1 admin admin] Using url versioning {{(pid=145830) process_request /opt/stack/glance/glance/api/middleware/version_negotiation.py:57}}
Jul 29 04:33:23 ubuntu devstack@g-api.service[145830]: DEBUG glance.api.middleware.version_negotiation [None req-090cbe75-0f8b-4e72-878c-a149527c57d1 admin admin] Matched version: v2 {{(pid=145830) process_request /opt/stack/glance/glance/api/middleware/version_negotiation.py:69}}
Jul 29 04:33:23 ubuntu devstack@g-api.service[145830]: DEBUG glance.api.middleware.version_negotiation [None req-090cbe75-0f8b-4e72-878c-a149527c57d1 admin admin] new path /v2/schemas/metadefs/namespace {{(pid=145830) process_request /opt/stack/glance/glance/api/middleware/version_negotiation.py:70}}
Jul 29 04:33:23 ubuntu devstack@g-api.service[145830]: [pid: 145830|app: 0|req: 8/14] 127.0.0.1 () {38 vars in 737 bytes} [Fri Jul 29 04:33:23 2022] GET /v2/schemas/metadefs/namespace => generated 3100 bytes in 11 msecs (HTTP/1.1 200) 4 headers in 158 bytes (1 switches on core 0)
Jul 29 04:33:23 ubuntu devstack@g-api.service[145831]: DEBUG glance.api.middleware.version_negotiation [None req-b42aacc7-b646-4399-b4ec-8d795c840aca admin admin] Determining version of request: GET /v2/schemas/metadefs/resource_type Accept: */* {{(pid=145831) process_request /opt/stack/glance/glance/api/middleware/version_negotiation.py:44}}
Jul 29 04:33:23 ubuntu devstack@g-api.service[145831]: DEBUG glance.api.middleware.version_negotiation [None req-b42aacc7-b646-4399-b4ec-8d795c840aca admin admin] Using url versioning {{(pid=145831) process_request /opt/stack/glance/glance/api/middleware/version_negotiation.py:57}}
Jul 29 04:33:23 ubuntu devstack@g-api.service[145831]: DEBUG glance.api.middleware.version_negotiation [None req-b42aacc7-b646-4399-b4ec-8d795c840aca admin admin] Matched version: v2 {{(pid=145831) process_request /opt/stack/glance/glance/api/middleware/version_negotiation.py:69}}
Jul 29 04:33:23 ubuntu devstack@g-api.service[145831]: DEBUG glance.api.middleware.version_negotiation [None req-b42aacc7-b646-4399-b4ec-8d795c840aca admin admin] new path /v2/schemas/metadefs/resource_type {{(pid=145831) process_request /opt/stack/glance/glance/api/middleware/version_negotiation.py:70}}
Jul 29 04:33:23 ubuntu devstack@g-api.service[145831]: [pid: 145831|app: 0|req: 7/15] 127.0.0.1 () {38 vars in 745 bytes} [Fri Jul 29 04:33:23 2022] GET /v2/schemas/metadefs/resource_type => generated 1260 bytes in 6 msecs (HTTP/1.1 200) 4 headers in 158 bytes (1 switches on core 0)
Jul 29 04:33:23 ubuntu devstack@g-api.service[145830]: DEBUG glance.api.middleware.version_negotiation [None req-59dde8b9-a424-4ba7-a854-e6b9747a0288 admin admin] Determining version of request: GET /v2/images Accept: */* {{(pid=145830) process_request /opt/stack/glance/glance/api/middleware/version_negotiation.py:44}}
Jul 29 04:33:23 ubuntu devstack@g-api.service[145830]: DEBUG glance.api.middleware.version_negotiation [None req-59dde8b9-a424-4ba7-a854-e6b9747a0288 admin admin] Using url versioning {{(pid=145830) process_request /opt/stack/glance/glance/api/middleware/version_negotiation.py:57}}
Jul 29 04:33:23 ubuntu devstack@g-api.service[145830]: DEBUG glance.api.middleware.version_negotiation [None req-59dde8b9-a424-4ba7-a854-e6b9747a0288 admin admin] Matched version: v2 {{(pid=145830) process_request /opt/stack/glance/glance/api/middleware/version_negotiation.py:69}}
Jul 29 04:33:23 ubuntu devstack@g-api.service[145830]: DEBUG glance.api.middleware.version_negotiation [None req-59dde8b9-a424-4ba7-a854-e6b9747a0288 admin admin] new path /v2/images {{(pid=145830) process_request /opt/stack/glance/glance/api/middleware/version_negotiation.py:70}}
Jul 29 04:33:23 ubuntu devstack@g-api.service[145830]: [pid: 145830|app: 0|req: 9/16] 127.0.0.1 () {38 vars in 768 bytes} [Fri Jul 29 04:33:23 2022] GET /v2/images?limit=20&sort_key=name&sort_dir=asc => generated 1081 bytes in 69 msecs (HTTP/1.1 200) 4 headers in 158 bytes (1 switches on core 0)
Jul 29 04:33:23 ubuntu devstack@g-api.service[145831]: DEBUG glance.api.middleware.version_negotiation [None req-d6edc1f0-fbbc-4665-b85b-9bb3c574c9e0 admin admin] Determining version of request: GET /v2/schemas/image Accept: */* {{(pid=145831) process_request /opt/stack/glance/glance/api/middleware/version_negotiation.py:44}}
Jul 29 04:33:23 ubuntu devstack@g-api.service[145831]: DEBUG glance.api.middleware.version_negotiation [None req-d6edc1f0-fbbc-4665-b85b-9bb3c574c9e0 admin admin] Using url versioning {{(pid=145831) process_request /opt/stack/glance/glance/api/middleware/version_negotiation.py:57}}
Jul 29 04:33:23 ubuntu devstack@g-api.service[145831]: DEBUG glance.api.middleware.version_negotiation [None req-d6edc1f0-fbbc-4665-b85b-9bb3c574c9e0 admin admin] Matched version: v2 {{(pid=145831) process_request /opt/stack/glance/glance/api/middleware/version_negotiation.py:69}}
Jul 29 04:33:23 ubuntu devstack@g-api.service[145831]: DEBUG glance.api.middleware.version_negotiation [None req-d6edc1f0-fbbc-4665-b85b-9bb3c574c9e0 admin admin] new path /v2/schemas/image {{(pid=145831) process_request /opt/stack/glance/glance/api/middleware/version_negotiation.py:70}}
Jul 29 04:33:23 ubuntu devstack@g-api.service[145831]: [pid: 145831|app: 0|req: 8/17] 127.0.0.1 () {38 vars in 711 bytes} [Fri Jul 29 04:33:23 2022] GET /v2/schemas/image => generated 6083 bytes in 4 msecs (HTTP/1.1 200) 4 headers in 158 bytes (1 switches on core 0)
Jul 29 04:33:33 ubuntu devstack@g-api.service[145830]: DEBUG dbcounter [-] [145830] Writing DB stats glance:SELECT=2 {{(pid=145830) stat_writer /usr/local/lib/python3.8/dist-packages/dbcounter.py:114}}
Jul 29 04:33:37 ubuntu devstack@g-api.service[145830]: DEBUG glance.api.middleware.version_negotiation [None req-33dc9b56-69c4-4d58-bbc7-246ec13a31e5 admin admin] Determining version of request: GET / Accept: application/json {{(pid=145830) process_request /opt/stack/glance/glance/api/middleware/version_negotiation.py:44}}
Jul 29 04:33:37 ubuntu devstack@g-api.service[145830]: DEBUG glance.api.middleware.version_negotiation [None req-33dc9b56-69c4-4d58-bbc7-246ec13a31e5 admin admin] Using url versioning {{(pid=145830) process_request /opt/stack/glance/glance/api/middleware/version_negotiation.py:57}}
Jul 29 04:33:37 ubuntu devstack@g-api.service[145830]: DEBUG glance.api.middleware.version_negotiation [None req-33dc9b56-69c4-4d58-bbc7-246ec13a31e5 admin admin] Unknown version. Returning version choices. {{(pid=145830) process_request /opt/stack/glance/glance/api/middleware/version_negotiation.py:64}}
Jul 29 04:33:37 ubuntu devstack@g-api.service[145830]: [pid: 145830|app: 0|req: 10/18] 127.0.0.1 () {34 vars in 492 bytes} [Fri Jul 29 04:33:37 2022] GET / => generated 1323 bytes in 2 msecs (HTTP/1.1 300) 3 headers in 106 bytes (1 switches on core 0)
Jul 29 04:33:37 ubuntu devstack@g-api.service[145831]: DEBUG glance.api.middleware.version_negotiation [None req-5332516c-2f40-4373-97be-72c6d2da41af admin admin] Determining version of request: GET /v2/images/f2eec5cc-bb93-42a2-8e44-f08f889a00fb Accept: */* {{(pid=145831) process_request /opt/stack/glance/glance/api/middleware/version_negotiation.py:44}}
Jul 29 04:33:37 ubuntu devstack@g-api.service[145831]: DEBUG glance.api.middleware.version_negotiation [None req-5332516c-2f40-4373-97be-72c6d2da41af admin admin] Using url versioning {{(pid=145831) process_request /opt/stack/glance/glance/api/middleware/version_negotiation.py:57}}
Jul 29 04:33:37 ubuntu devstack@g-api.service[145831]: DEBUG glance.api.middleware.version_negotiation [None req-5332516c-2f40-4373-97be-72c6d2da41af admin admin] Matched version: v2 {{(pid=145831) process_request /opt/stack/glance/glance/api/middleware/version_negotiation.py:69}}
Jul 29 04:33:37 ubuntu devstack@g-api.service[145831]: DEBUG glance.api.middleware.version_negotiation [None req-5332516c-2f40-4373-97be-72c6d2da41af admin admin] new path /v2/images/f2eec5cc-bb93-42a2-8e44-f08f889a00fb {{(pid=145831) process_request /opt/stack/glance/glance/api/middleware/version_negotiation.py:70}}
Jul 29 04:33:37 ubuntu devstack@g-api.service[145831]: WARNING keystonemiddleware.auth_token [None req-5332516c-2f40-4373-97be-72c6d2da41af admin admin] A valid token was submitted as a service token, but it was not a valid service token. This is incorrect but backwards compatible behaviour. This will be removed in future releases.
Jul 29 04:33:37 ubuntu devstack@g-api.service[145831]: [pid: 145831|app: 0|req: 9/19] 127.0.0.1 () {42 vars in 1049 bytes} [Fri Jul 29 04:33:37 2022] GET /v2/images/f2eec5cc-bb93-42a2-8e44-f08f889a00fb => generated 976 bytes in 102 msecs (HTTP/1.1 200) 4 headers in 157 bytes (1 switches on core 0)
Jul 29 04:33:37 ubuntu devstack@g-api.service[145830]: DEBUG glance.api.middleware.version_negotiation [None req-33dc9b56-69c4-4d58-bbc7-246ec13a31e5 admin admin] Determining version of request: GET /v2/schemas/image Accept: */* {{(pid=145830) process_request /opt/stack/glance/glance/api/middleware/version_negotiation.py:44}}
Jul 29 04:33:37 ubuntu devstack@g-api.service[145830]: DEBUG glance.api.middleware.version_negotiation [None req-33dc9b56-69c4-4d58-bbc7-246ec13a31e5 admin admin] Using url versioning {{(pid=145830) process_request /opt/stack/glance/glance/api/middleware/version_negotiation.py:57}}
Jul 29 04:33:37 ubuntu devstack@g-api.service[145830]: DEBUG glance.api.middleware.version_negotiation [None req-33dc9b56-69c4-4d58-bbc7-246ec13a31e5 admin admin] Matched version: v2 {{(pid=145830) process_request /opt/stack/glance/glance/api/middleware/version_negotiation.py:69}}
Jul 29 04:33:37 ubuntu devstack@g-api.service[145830]: DEBUG glance.api.middleware.version_negotiation [None req-33dc9b56-69c4-4d58-bbc7-246ec13a31e5 admin admin] new path /v2/schemas/image {{(pid=145830) process_request /opt/stack/glance/glance/api/middleware/version_negotiation.py:70}}
Jul 29 04:33:37 ubuntu devstack@g-api.service[145830]: WARNING keystonemiddleware.auth_token [None req-33dc9b56-69c4-4d58-bbc7-246ec13a31e5 admin admin] A valid token was submitted as a service token, but it was not a valid service token. This is incorrect but backwards compatible behaviour. This will be removed in future releases.
Jul 29 04:33:37 ubuntu devstack@g-api.service[145830]: [pid: 145830|app: 0|req: 11/20] 127.0.0.1 () {42 vars in 989 bytes} [Fri Jul 29 04:33:37 2022] GET /v2/schemas/image => generated 6083 bytes in 9 msecs (HTTP/1.1 200) 4 headers in 158 bytes (1 switches on core 0)
Jul 29 04:33:39 ubuntu devstack@g-api.service[145831]: DEBUG glance.api.middleware.version_negotiation [None req-60fca6ba-1bb2-4b2b-8673-ea68da42add9 tempest-VolumesAdminNegativeTest-504618807 tempest-VolumesAdminNegativeTest-504618807-project] Determining version of request: GET /v2/images/f2eec5cc-bb93-42a2-8e44-f08f889a00fb Accept: */* {{(pid=145831) process_request /opt/stack/glance/glance/api/middleware/version_negotiation.py:44}}
Jul 29 04:33:39 ubuntu devstack@g-api.service[145831]: DEBUG glance.api.middleware.version_negotiation [None req-60fca6ba-1bb2-4b2b-8673-ea68da42add9 tempest-VolumesAdminNegativeTest-504618807 tempest-VolumesAdminNegativeTest-504618807-project] Using url versioning {{(pid=145831) process_request /opt/stack/glance/glance/api/middleware/version_negotiation.py:57}}
Jul 29 04:33:39 ubuntu devstack@g-api.service[145831]: DEBUG glance.api.middleware.version_negotiation [None req-60fca6ba-1bb2-4b2b-8673-ea68da42add9 tempest-VolumesAdminNegativeTest-504618807 tempest-VolumesAdminNegativeTest-504618807-project] Matched version: v2 {{(pid=145831) process_request /opt/stack/glance/glance/api/middleware/version_negotiation.py:69}}
Jul 29 04:33:39 ubuntu devstack@g-api.service[145831]: DEBUG glance.api.middleware.version_negotiation [None req-60fca6ba-1bb2-4b2b-8673-ea68da42add9 tempest-VolumesAdminNegativeTest-504618807 tempest-VolumesAdminNegativeTest-504618807-project] new path /v2/images/f2eec5cc-bb93-42a2-8e44-f08f889a00fb {{(pid=145831) process_request /opt/stack/glance/glance/api/middleware/version_negotiation.py:70}}
Jul 29 04:33:39 ubuntu devstack@g-api.service[145831]: [pid: 145831|app: 0|req: 10/21] 127.0.0.1 () {42 vars in 1049 bytes} [Fri Jul 29 04:33:39 2022] GET /v2/images/f2eec5cc-bb93-42a2-8e44-f08f889a00fb => generated 976 bytes in 18 msecs (HTTP/1.1 200) 4 headers in 157 bytes (1 switches on core 0)
Jul 29 04:33:39 ubuntu devstack@g-api.service[145830]: DEBUG glance.api.middleware.version_negotiation [None req-60fca6ba-1bb2-4b2b-8673-ea68da42add9 tempest-VolumesAdminNegativeTest-504618807 tempest-VolumesAdminNegativeTest-504618807-project] Determining version of request: GET /v2/images/f2eec5cc-bb93-42a2-8e44-f08f889a00fb/file Accept: */* {{(pid=145830) process_request /opt/stack/glance/glance/api/middleware/version_negotiation.py:44}}
Jul 29 04:33:39 ubuntu devstack@g-api.service[145830]: DEBUG glance.api.middleware.version_negotiation [None req-60fca6ba-1bb2-4b2b-8673-ea68da42add9 tempest-VolumesAdminNegativeTest-504618807 tempest-VolumesAdminNegativeTest-504618807-project] Using url versioning {{(pid=145830) process_request /opt/stack/glance/glance/api/middleware/version_negotiation.py:57}}
Jul 29 04:33:39 ubuntu devstack@g-api.service[145830]: DEBUG glance.api.middleware.version_negotiation [None req-60fca6ba-1bb2-4b2b-8673-ea68da42add9 tempest-VolumesAdminNegativeTest-504618807 tempest-VolumesAdminNegativeTest-504618807-project] Matched version: v2 {{(pid=145830) process_request /opt/stack/glance/glance/api/middleware/version_negotiation.py:69}}
Jul 29 04:33:39 ubuntu devstack@g-api.service[145830]: DEBUG glance.api.middleware.version_negotiation [None req-60fca6ba-1bb2-4b2b-8673-ea68da42add9 tempest-VolumesAdminNegativeTest-504618807 tempest-VolumesAdminNegativeTest-504618807-project] new path /v2/images/f2eec5cc-bb93-42a2-8e44-f08f889a00fb/file {{(pid=145830) process_request /opt/stack/glance/glance/api/middleware/version_negotiation.py:70}}
Jul 29 04:33:39 ubuntu devstack@g-api.service[145830]: DEBUG glance_store.backend [None req-60fca6ba-1bb2-4b2b-8673-ea68da42add9 tempest-VolumesAdminNegativeTest-504618807 tempest-VolumesAdminNegativeTest-504618807-project] Attempting to import store swift {{(pid=145830) _load_store /usr/local/lib/python3.8/dist-packages/glance_store/backend.py:216}}
Jul 29 04:33:39 ubuntu devstack@g-api.service[145830]: DEBUG glance_store.capabilities [None req-60fca6ba-1bb2-4b2b-8673-ea68da42add9 tempest-VolumesAdminNegativeTest-504618807 tempest-VolumesAdminNegativeTest-504618807-project] Store glance_store._drivers.swift.store.SingleTenantStore doesn't support updating dynamic storage capabilities. Please overwrite 'update_capabilities' method of the store to implement updating logics if needed. {{(pid=145830) update_capabilities /usr/local/lib/python3.8/dist-packages/glance_store/capabilities.py:91}}
Jul 29 04:33:39 ubuntu devstack@g-api.service[145830]: DEBUG glance_store.driver [None req-60fca6ba-1bb2-4b2b-8673-ea68da42add9 tempest-VolumesAdminNegativeTest-504618807 tempest-VolumesAdminNegativeTest-504618807-project] Late loading location class glance_store._drivers.swift.store.StoreLocation {{(pid=145830) get_store_location_class /usr/local/lib/python3.8/dist-packages/glance_store/driver.py:116}}
Jul 29 04:33:39 ubuntu devstack@g-api.service[145830]: DEBUG glance_store.location [None req-60fca6ba-1bb2-4b2b-8673-ea68da42add9 tempest-VolumesAdminNegativeTest-504618807 tempest-VolumesAdminNegativeTest-504618807-project] Registering scheme swift+https with {'store': <glance_store._drivers.swift.store.SingleTenantStore object at 0x7f2722848730>, 'location_class': <class 'glance_store._drivers.swift.store.StoreLocation'>, 'store_entry': 'swift'} {{(pid=145830) register_scheme_map /usr/local/lib/python3.8/dist-packages/glance_store/location.py:146}}
Jul 29 04:33:39 ubuntu devstack@g-api.service[145830]: DEBUG glance_store.location [None req-60fca6ba-1bb2-4b2b-8673-ea68da42add9 tempest-VolumesAdminNegativeTest-504618807 tempest-VolumesAdminNegativeTest-504618807-project] Registering scheme swift+https with {'store': <glance_store._drivers.swift.store.SingleTenantStore object at 0x7f2722848730>, 'location_class': <class 'glance_store._drivers.swift.store.StoreLocation'>, 'store_entry': 'swift'} {{(pid=145830) register_scheme_map /usr/local/lib/python3.8/dist-packages/glance_store/location.py:146}}
Jul 29 04:33:39 ubuntu devstack@g-api.service[145830]: DEBUG glance_store.location [None req-60fca6ba-1bb2-4b2b-8673-ea68da42add9 tempest-VolumesAdminNegativeTest-504618807 tempest-VolumesAdminNegativeTest-504618807-project] Registering scheme swift with {'store': <glance_store._drivers.swift.store.SingleTenantStore object at 0x7f2722848730>, 'location_class': <class 'glance_store._drivers.swift.store.StoreLocation'>, 'store_entry': 'swift'} {{(pid=145830) register_scheme_map /usr/local/lib/python3.8/dist-packages/glance_store/location.py:146}}
Jul 29 04:33:39 ubuntu devstack@g-api.service[145830]: DEBUG glance_store.location [None req-60fca6ba-1bb2-4b2b-8673-ea68da42add9 tempest-VolumesAdminNegativeTest-504618807 tempest-VolumesAdminNegativeTest-504618807-project] Registering scheme swift+https with {'store': <glance_store._drivers.swift.store.SingleTenantStore object at 0x7f2722848730>, 'location_class': <class 'glance_store._drivers.swift.store.StoreLocation'>, 'store_entry': 'swift'} {{(pid=145830) register_scheme_map /usr/local/lib/python3.8/dist-packages/glance_store/location.py:146}}
Jul 29 04:33:39 ubuntu devstack@g-api.service[145830]: DEBUG glance_store.location [None req-60fca6ba-1bb2-4b2b-8673-ea68da42add9 tempest-VolumesAdminNegativeTest-504618807 tempest-VolumesAdminNegativeTest-504618807-project] Registering scheme swift with {'store': <glance_store._drivers.swift.store.SingleTenantStore object at 0x7f2722848730>, 'location_class': <class 'glance_store._drivers.swift.store.StoreLocation'>, 'store_entry': 'swift'} {{(pid=145830) register_scheme_map /usr/local/lib/python3.8/dist-packages/glance_store/location.py:146}}
Jul 29 04:33:39 ubuntu devstack@g-api.service[145830]: DEBUG glance_store.location [None req-60fca6ba-1bb2-4b2b-8673-ea68da42add9 tempest-VolumesAdminNegativeTest-504618807 tempest-VolumesAdminNegativeTest-504618807-project] Registering scheme swift+http with {'store': <glance_store._drivers.swift.store.SingleTenantStore object at 0x7f2722848730>, 'location_class': <class 'glance_store._drivers.swift.store.StoreLocation'>, 'store_entry': 'swift'} {{(pid=145830) register_scheme_map /usr/local/lib/python3.8/dist-packages/glance_store/location.py:146}}
Jul 29 04:33:39 ubuntu devstack@g-api.service[145830]: DEBUG glance_store.location [None req-60fca6ba-1bb2-4b2b-8673-ea68da42add9 tempest-VolumesAdminNegativeTest-504618807 tempest-VolumesAdminNegativeTest-504618807-project] Registering scheme swift+https with {'store': <glance_store._drivers.swift.store.SingleTenantStore object at 0x7f2722848730>, 'location_class': <class 'glance_store._drivers.swift.store.StoreLocation'>, 'store_entry': 'swift'} {{(pid=145830) register_scheme_map /usr/local/lib/python3.8/dist-packages/glance_store/location.py:146}}
Jul 29 04:33:39 ubuntu devstack@g-api.service[145830]: DEBUG glance_store.location [None req-60fca6ba-1bb2-4b2b-8673-ea68da42add9 tempest-VolumesAdminNegativeTest-504618807 tempest-VolumesAdminNegativeTest-504618807-project] Registering scheme swift with {'store': <glance_store._drivers.swift.store.SingleTenantStore object at 0x7f2722848730>, 'location_class': <class 'glance_store._drivers.swift.store.StoreLocation'>, 'store_entry': 'swift'} {{(pid=145830) register_scheme_map /usr/local/lib/python3.8/dist-packages/glance_store/location.py:146}}
Jul 29 04:33:39 ubuntu devstack@g-api.service[145830]: DEBUG glance_store.location [None req-60fca6ba-1bb2-4b2b-8673-ea68da42add9 tempest-VolumesAdminNegativeTest-504618807 tempest-VolumesAdminNegativeTest-504618807-project] Registering scheme swift+http with {'store': <glance_store._drivers.swift.store.SingleTenantStore object at 0x7f2722848730>, 'location_class': <class 'glance_store._drivers.swift.store.StoreLocation'>, 'store_entry': 'swift'} {{(pid=145830) register_scheme_map /usr/local/lib/python3.8/dist-packages/glance_store/location.py:146}}
Jul 29 04:33:39 ubuntu devstack@g-api.service[145830]: DEBUG glance_store.location [None req-60fca6ba-1bb2-4b2b-8673-ea68da42add9 tempest-VolumesAdminNegativeTest-504618807 tempest-VolumesAdminNegativeTest-504618807-project] Registering scheme swift+config with {'store': <glance_store._drivers.swift.store.SingleTenantStore object at 0x7f2722848730>, 'location_class': <class 'glance_store._drivers.swift.store.StoreLocation'>, 'store_entry': 'swift'} {{(pid=145830) register_scheme_map /usr/local/lib/python3.8/dist-packages/glance_store/location.py:146}}
Jul 29 04:33:40 ubuntu devstack@g-api.service[145830]: DEBUG swiftclient [None req-60fca6ba-1bb2-4b2b-8673-ea68da42add9 tempest-VolumesAdminNegativeTest-504618807 tempest-VolumesAdminNegativeTest-504618807-project] REQ: curl -i http://192.168.79.47:8080/v1/AUTH_ed5410fc59b4402e9e38bde9477d7285/glance/f2eec5cc-bb93-42a2-8e44-f08f889a00fb -X GET -H "X-Auth-Token: gAAAAABi42MjofAk..." {{(pid=145830) http_log /usr/local/lib/python3.8/dist-packages/swiftclient/client.py:157}}
Jul 29 04:33:40 ubuntu devstack@g-api.service[145830]: DEBUG swiftclient [None req-60fca6ba-1bb2-4b2b-8673-ea68da42add9 tempest-VolumesAdminNegativeTest-504618807 tempest-VolumesAdminNegativeTest-504618807-project] RESP STATUS: 200 OK {{(pid=145830) http_log /usr/local/lib/python3.8/dist-packages/swiftclient/client.py:158}}
Jul 29 04:33:40 ubuntu devstack@g-api.service[145830]: DEBUG swiftclient [None req-60fca6ba-1bb2-4b2b-8673-ea68da42add9 tempest-VolumesAdminNegativeTest-504618807 tempest-VolumesAdminNegativeTest-504618807-project] RESP HEADERS: {'Content-Type': 'application/octet-stream', 'Etag': '1d3062cd89af34e419f7100277f38b2b', 'Last-Modified': 'Fri, 29 Jul 2022 04:27:55 GMT', 'X-Timestamp': '1659068874.83358', 'Accept-Ranges': 'bytes', 'Content-Length': '16338944', 'X-Trans-Id': 'tx6cdf34239ee441208b8a8-0062e36323', 'X-Openstack-Request-Id': 'tx6cdf34239ee441208b8a8-0062e36323', 'Date': 'Fri, 29 Jul 2022 04:33:40 GMT'} {{(pid=145830) http_log /usr/local/lib/python3.8/dist-packages/swiftclient/client.py:159}}
Jul 29 04:33:40 ubuntu devstack@g-api.service[145830]: DEBUG glance.image_cache [None req-60fca6ba-1bb2-4b2b-8673-ea68da42add9 tempest-VolumesAdminNegativeTest-504618807 tempest-VolumesAdminNegativeTest-504618807-project] Tee'ing image 'f2eec5cc-bb93-42a2-8e44-f08f889a00fb' into cache {{(pid=145830) get_caching_iter /opt/stack/glance/glance/image_cache/__init__.py:343}}
Jul 29 04:33:40 ubuntu devstack@g-api.service[145830]: DEBUG glance.image_cache.drivers.sqlite [None req-60fca6ba-1bb2-4b2b-8673-ea68da42add9 tempest-VolumesAdminNegativeTest-504618807 tempest-VolumesAdminNegativeTest-504618807-project] Fetch finished, moving '/opt/stack/data/glance/cache/incomplete/f2eec5cc-bb93-42a2-8e44-f08f889a00fb' to '/opt/stack/data/glance/cache/f2eec5cc-bb93-42a2-8e44-f08f889a00fb' {{(pid=145830) commit /opt/stack/glance/glance/image_cache/drivers/sqlite.py:324}}
Jul 29 04:33:40 ubuntu devstack@g-api.service[145830]: [pid: 145830|app: 0|req: 12/22] 127.0.0.1 () {42 vars in 1059 bytes} [Fri Jul 29 04:33:39 2022] GET /v2/images/f2eec5cc-bb93-42a2-8e44-f08f889a00fb/file => generated 16338944 bytes in 447 msecs (HTTP/1.1 200) 4 headers in 191 bytes (250 switches on core 0)
Jul 29 04:33:49 ubuntu devstack@g-api.service[145831]: DEBUG dbcounter [-] [145831] Writing DB stats glance:SELECT=8 {{(pid=145831) stat_writer /usr/local/lib/python3.8/dist-packages/dbcounter.py:114}}
Jul 29 04:33:50 ubuntu devstack@g-api.service[145830]: DEBUG dbcounter [-] [145830] Writing DB stats glance:SELECT=8 {{(pid=145830) stat_writer /usr/local/lib/python3.8/dist-packages/dbcounter.py:114}}
Jul 29 04:34:06 ubuntu devstack@g-api.service[145831]: DEBUG glance.api.middleware.version_negotiation [None req-60fca6ba-1bb2-4b2b-8673-ea68da42add9 tempest-VolumesAdminNegativeTest-504618807 tempest-VolumesAdminNegativeTest-504618807-project] Determining version of request: GET / Accept: application/json {{(pid=145831) process_request /opt/stack/glance/glance/api/middleware/version_negotiation.py:44}}
Jul 29 04:34:06 ubuntu devstack@g-api.service[145831]: DEBUG glance.api.middleware.version_negotiation [None req-60fca6ba-1bb2-4b2b-8673-ea68da42add9 tempest-VolumesAdminNegativeTest-504618807 tempest-VolumesAdminNegativeTest-504618807-project] Using url versioning {{(pid=145831) process_request /opt/stack/glance/glance/api/middleware/version_negotiation.py:57}}
Jul 29 04:34:06 ubuntu devstack@g-api.service[145831]: DEBUG glance.api.middleware.version_negotiation [None req-60fca6ba-1bb2-4b2b-8673-ea68da42add9 tempest-VolumesAdminNegativeTest-504618807 tempest-VolumesAdminNegativeTest-504618807-project] Unknown version. Returning version choices. {{(pid=145831) process_request /opt/stack/glance/glance/api/middleware/version_negotiation.py:64}}
Jul 29 04:34:06 ubuntu devstack@g-api.service[145831]: [pid: 145831|app: 0|req: 11/23] 127.0.0.1 () {34 vars in 492 bytes} [Fri Jul 29 04:34:06 2022] GET / => generated 1323 bytes in 5 msecs (HTTP/1.1 300) 3 headers in 106 bytes (1 switches on core 0)
Jul 29 04:34:06 ubuntu devstack@g-api.service[145830]: DEBUG glance.api.middleware.version_negotiation [None req-60fca6ba-1bb2-4b2b-8673-ea68da42add9 tempest-VolumesAdminNegativeTest-504618807 tempest-VolumesAdminNegativeTest-504618807-project] Determining version of request: GET /v2/images/f2eec5cc-bb93-42a2-8e44-f08f889a00fb Accept: */* {{(pid=145830) process_request /opt/stack/glance/glance/api/middleware/version_negotiation.py:44}}
Jul 29 04:34:06 ubuntu devstack@g-api.service[145830]: DEBUG glance.api.middleware.version_negotiation [None req-60fca6ba-1bb2-4b2b-8673-ea68da42add9 tempest-VolumesAdminNegativeTest-504618807 tempest-VolumesAdminNegativeTest-504618807-project] Using url versioning {{(pid=145830) process_request /opt/stack/glance/glance/api/middleware/version_negotiation.py:57}}
Jul 29 04:34:06 ubuntu devstack@g-api.service[145830]: DEBUG glance.api.middleware.version_negotiation [None req-60fca6ba-1bb2-4b2b-8673-ea68da42add9 tempest-VolumesAdminNegativeTest-504618807 tempest-VolumesAdminNegativeTest-504618807-project] Matched version: v2 {{(pid=145830) process_request /opt/stack/glance/glance/api/middleware/version_negotiation.py:69}}
Jul 29 04:34:06 ubuntu devstack@g-api.service[145830]: DEBUG glance.api.middleware.version_negotiation [None req-60fca6ba-1bb2-4b2b-8673-ea68da42add9 tempest-VolumesAdminNegativeTest-504618807 tempest-VolumesAdminNegativeTest-504618807-project] new path /v2/images/f2eec5cc-bb93-42a2-8e44-f08f889a00fb {{(pid=145830) process_request /opt/stack/glance/glance/api/middleware/version_negotiation.py:70}}
Jul 29 04:34:06 ubuntu devstack@g-api.service[145830]: [pid: 145830|app: 0|req: 13/24] 127.0.0.1 () {42 vars in 1049 bytes} [Fri Jul 29 04:34:06 2022] GET /v2/images/f2eec5cc-bb93-42a2-8e44-f08f889a00fb => generated 976 bytes in 26 msecs (HTTP/1.1 200) 4 headers in 157 bytes (1 switches on core 0)
Jul 29 04:34:06 ubuntu devstack@g-api.service[145831]: DEBUG glance.api.middleware.version_negotiation [None req-60fca6ba-1bb2-4b2b-8673-ea68da42add9 tempest-VolumesAdminNegativeTest-504618807 tempest-VolumesAdminNegativeTest-504618807-project] Determining version of request: GET /v2/schemas/image Accept: */* {{(pid=145831) process_request /opt/stack/glance/glance/api/middleware/version_negotiation.py:44}}
Jul 29 04:34:06 ubuntu devstack@g-api.service[145831]: DEBUG glance.api.middleware.version_negotiation [None req-60fca6ba-1bb2-4b2b-8673-ea68da42add9 tempest-VolumesAdminNegativeTest-504618807 tempest-VolumesAdminNegativeTest-504618807-project] Using url versioning {{(pid=145831) process_request /opt/stack/glance/glance/api/middleware/version_negotiation.py:57}}
Jul 29 04:34:06 ubuntu devstack@g-api.service[145831]: DEBUG glance.api.middleware.version_negotiation [None req-60fca6ba-1bb2-4b2b-8673-ea68da42add9 tempest-VolumesAdminNegativeTest-504618807 tempest-VolumesAdminNegativeTest-504618807-project] Matched version: v2 {{(pid=145831) process_request /opt/stack/glance/glance/api/middleware/version_negotiation.py:69}}
Jul 29 04:34:06 ubuntu devstack@g-api.service[145831]: DEBUG glance.api.middleware.version_negotiation [None req-60fca6ba-1bb2-4b2b-8673-ea68da42add9 tempest-VolumesAdminNegativeTest-504618807 tempest-VolumesAdminNegativeTest-504618807-project] new path /v2/schemas/image {{(pid=145831) process_request /opt/stack/glance/glance/api/middleware/version_negotiation.py:70}}
Jul 29 04:34:06 ubuntu devstack@g-api.service[145831]: [pid: 145831|app: 0|req: 12/25] 127.0.0.1 () {42 vars in 989 bytes} [Fri Jul 29 04:34:06 2022] GET /v2/schemas/image => generated 6083 bytes in 9 msecs (HTTP/1.1 200) 4 headers in 158 bytes (1 switches on core 0)
Jul 29 04:34:16 ubuntu devstack@g-api.service[145830]: DEBUG dbcounter [-] [145830] Writing DB stats glance:SELECT=4 {{(pid=145830) stat_writer /usr/local/lib/python3.8/dist-packages/dbcounter.py:114}}
Jul 29 04:34:34 ubuntu devstack@g-api.service[145830]: DEBUG glance.api.middleware.version_negotiation [None req-f5a19f7a-5d0b-4b47-b2b0-f3e9e2b9d0de tempest-DeleteServersTestJSON-1747040169 tempest-DeleteServersTestJSON-1747040169-project] Determining version of request: GET /v2/images/f2eec5cc-bb93-42a2-8e44-f08f889a00fb Accept: */* {{(pid=145830) process_request /opt/stack/glance/glance/api/middleware/version_negotiation.py:44}}
Jul 29 04:34:34 ubuntu devstack@g-api.service[145830]: DEBUG glance.api.middleware.version_negotiation [None req-f5a19f7a-5d0b-4b47-b2b0-f3e9e2b9d0de tempest-DeleteServersTestJSON-1747040169 tempest-DeleteServersTestJSON-1747040169-project] Using url versioning {{(pid=145830) process_request /opt/stack/glance/glance/api/middleware/version_negotiation.py:57}}
Jul 29 04:34:34 ubuntu devstack@g-api.service[145830]: DEBUG glance.api.middleware.version_negotiation [None req-f5a19f7a-5d0b-4b47-b2b0-f3e9e2b9d0de tempest-DeleteServersTestJSON-1747040169 tempest-DeleteServersTestJSON-1747040169-project] Matched version: v2 {{(pid=145830) process_request /opt/stack/glance/glance/api/middleware/version_negotiation.py:69}}
Jul 29 04:34:34 ubuntu devstack@g-api.service[145830]: DEBUG glance.api.middleware.version_negotiation [None req-f5a19f7a-5d0b-4b47-b2b0-f3e9e2b9d0de tempest-DeleteServersTestJSON-1747040169 tempest-DeleteServersTestJSON-1747040169-project] new path /v2/images/f2eec5cc-bb93-42a2-8e44-f08f889a00fb {{(pid=145830) process_request /opt/stack/glance/glance/api/middleware/version_negotiation.py:70}}
Jul 29 04:34:34 ubuntu devstack@g-api.service[145830]: [pid: 145830|app: 0|req: 14/26] 127.0.0.1 () {42 vars in 1049 bytes} [Fri Jul 29 04:34:34 2022] GET /v2/images/f2eec5cc-bb93-42a2-8e44-f08f889a00fb => generated 976 bytes in 17 msecs (HTTP/1.1 200) 4 headers in 157 bytes (1 switches on core 0)
