Aug 02 21:33:34 ubuntu devstack@g-api.service[151510]: INFO glance.location [None req-76d629e2-5706-480f-b1d8-06df2824582b admin admin] Image format matched and virtual size computed: 117440512
Aug 02 21:33:34 ubuntu devstack@g-api.service[151510]: DEBUG glance_store.backend [None req-76d629e2-5706-480f-b1d8-06df2824582b admin admin] Attempting to import store swift {{(pid=151510) _load_store /usr/local/lib/python3.8/dist-packages/glance_store/backend.py:216}}
Aug 02 21:33:34 ubuntu devstack@g-api.service[151510]: DEBUG glance_store.capabilities [None req-76d629e2-5706-480f-b1d8-06df2824582b admin admin] Store glance_store._drivers.swift.store.SingleTenantStore doesn't support updating dynamic storage capabilities. Please overwrite 'update_capabilities' method of the store to implement updating logics if needed. {{(pid=151510) update_capabilities /usr/local/lib/python3.8/dist-packages/glance_store/capabilities.py:91}}
Aug 02 21:33:34 ubuntu devstack@g-api.service[151510]: DEBUG glance_store.driver [None req-76d629e2-5706-480f-b1d8-06df2824582b admin admin] Late loading location class glance_store._drivers.swift.store.StoreLocation {{(pid=151510) get_store_location_class /usr/local/lib/python3.8/dist-packages/glance_store/driver.py:116}}
Aug 02 21:33:34 ubuntu devstack@g-api.service[151510]: DEBUG glance_store.location [None req-76d629e2-5706-480f-b1d8-06df2824582b admin admin] Registering scheme swift+https with {'store': <glance_store._drivers.swift.store.SingleTenantStore object at 0x7f8cbb689220>, 'location_class': <class 'glance_store._drivers.swift.store.StoreLocation'>, 'store_entry': 'swift'} {{(pid=151510) register_scheme_map /usr/local/lib/python3.8/dist-packages/glance_store/location.py:146}}
Aug 02 21:33:34 ubuntu devstack@g-api.service[151510]: DEBUG glance_store.location [None req-76d629e2-5706-480f-b1d8-06df2824582b admin admin] Registering scheme swift+https with {'store': <glance_store._drivers.swift.store.SingleTenantStore object at 0x7f8cbb689220>, 'location_class': <class 'glance_store._drivers.swift.store.StoreLocation'>, 'store_entry': 'swift'} {{(pid=151510) register_scheme_map /usr/local/lib/python3.8/dist-packages/glance_store/location.py:146}}
Aug 02 21:33:34 ubuntu devstack@g-api.service[151510]: DEBUG glance_store.location [None req-76d629e2-5706-480f-b1d8-06df2824582b admin admin] Registering scheme swift with {'store': <glance_store._drivers.swift.store.SingleTenantStore object at 0x7f8cbb689220>, 'location_class': <class 'glance_store._drivers.swift.store.StoreLocation'>, 'store_entry': 'swift'} {{(pid=151510) register_scheme_map /usr/local/lib/python3.8/dist-packages/glance_store/location.py:146}}
Aug 02 21:33:34 ubuntu devstack@g-api.service[151510]: DEBUG glance_store.location [None req-76d629e2-5706-480f-b1d8-06df2824582b admin admin] Registering scheme swift+https with {'store': <glance_store._drivers.swift.store.SingleTenantStore object at 0x7f8cbb689220>, 'location_class': <class 'glance_store._drivers.swift.store.StoreLocation'>, 'store_entry': 'swift'} {{(pid=151510) register_scheme_map /usr/local/lib/python3.8/dist-packages/glance_store/location.py:146}}
Aug 02 21:33:34 ubuntu devstack@g-api.service[151510]: DEBUG glance_store.location [None req-76d629e2-5706-480f-b1d8-06df2824582b admin admin] Registering scheme swift with {'store': <glance_store._drivers.swift.store.SingleTenantStore object at 0x7f8cbb689220>, 'location_class': <class 'glance_store._drivers.swift.store.StoreLocation'>, 'store_entry': 'swift'} {{(pid=151510) register_scheme_map /usr/local/lib/python3.8/dist-packages/glance_store/location.py:146}}
Aug 02 21:33:34 ubuntu devstack@g-api.service[151510]: DEBUG glance_store.location [None req-76d629e2-5706-480f-b1d8-06df2824582b admin admin] Registering scheme swift+http with {'store': <glance_store._drivers.swift.store.SingleTenantStore object at 0x7f8cbb689220>, 'location_class': <class 'glance_store._drivers.swift.store.StoreLocation'>, 'store_entry': 'swift'} {{(pid=151510) register_scheme_map /usr/local/lib/python3.8/dist-packages/glance_store/location.py:146}}
Aug 02 21:33:34 ubuntu devstack@g-api.service[151510]: DEBUG glance_store.location [None req-76d629e2-5706-480f-b1d8-06df2824582b admin admin] Registering scheme swift+https with {'store': <glance_store._drivers.swift.store.SingleTenantStore object at 0x7f8cbb689220>, 'location_class': <class 'glance_store._drivers.swift.store.StoreLocation'>, 'store_entry': 'swift'} {{(pid=151510) register_scheme_map /usr/local/lib/python3.8/dist-packages/glance_store/location.py:146}}
Aug 02 21:33:34 ubuntu devstack@g-api.service[151510]: DEBUG glance_store.location [None req-76d629e2-5706-480f-b1d8-06df2824582b admin admin] Registering scheme swift with {'store': <glance_store._drivers.swift.store.SingleTenantStore object at 0x7f8cbb689220>, 'location_class': <class 'glance_store._drivers.swift.store.StoreLocation'>, 'store_entry': 'swift'} {{(pid=151510) register_scheme_map /usr/local/lib/python3.8/dist-packages/glance_store/location.py:146}}
Aug 02 21:33:34 ubuntu devstack@g-api.service[151510]: DEBUG glance_store.location [None req-76d629e2-5706-480f-b1d8-06df2824582b admin admin] Registering scheme swift+http with {'store': <glance_store._drivers.swift.store.SingleTenantStore object at 0x7f8cbb689220>, 'location_class': <class 'glance_store._drivers.swift.store.StoreLocation'>, 'store_entry': 'swift'} {{(pid=151510) register_scheme_map /usr/local/lib/python3.8/dist-packages/glance_store/location.py:146}}
Aug 02 21:33:34 ubuntu devstack@g-api.service[151510]: DEBUG glance_store.location [None req-76d629e2-5706-480f-b1d8-06df2824582b admin admin] Registering scheme swift+config with {'store': <glance_store._drivers.swift.store.SingleTenantStore object at 0x7f8cbb689220>, 'location_class': <class 'glance_store._drivers.swift.store.StoreLocation'>, 'store_entry': 'swift'} {{(pid=151510) register_scheme_map /usr/local/lib/python3.8/dist-packages/glance_store/location.py:146}}
Aug 02 21:33:34 ubuntu devstack@g-api.service[151510]: DEBUG glance_store.backend [None req-76d629e2-5706-480f-b1d8-06df2824582b admin admin] Skipping store.set_acls... not implemented. {{(pid=151510) set_acls /usr/local/lib/python3.8/dist-packages/glance_store/backend.py:508}}
Aug 02 21:33:34 ubuntu devstack@g-api.service[151510]: [pid: 151510|app: 0|req: 3/4] 127.0.0.1 () {40 vars in 862 bytes} [Tue Aug  2 21:33:32 2022] PUT /v2/images/8915a581-11a7-4000-8169-996bc2f1a91e/file => generated 0 bytes in 2664 msecs (HTTP/1.1 204) 4 headers in 171 bytes (1 switches on core 0)
Aug 02 21:33:42 ubuntu devstack@g-api.service[151509]: DEBUG dbcounter [-] [151509] Writing DB stats glance:SELECT=9,glance:INSERT=5 {{(pid=151509) stat_writer /usr/local/lib/python3.8/dist-packages/dbcounter.py:114}}
Aug 02 21:33:44 ubuntu devstack@g-api.service[151510]: DEBUG dbcounter [-] [151510] Writing DB stats glance:SELECT=28,glance:UPDATE=2,glance:INSERT=1 {{(pid=151510) stat_writer /usr/local/lib/python3.8/dist-packages/dbcounter.py:114}}
Aug 02 21:34:18 ubuntu devstack@g-api.service[151509]: DEBUG glance.api.middleware.version_negotiation [None req-65a92735-aac2-4f2a-a2e9-4c2f2c3fa45e admin admin] Determining version of request: GET / Accept: application/json {{(pid=151509) process_request /opt/stack/glance/glance/api/middleware/version_negotiation.py:44}}
Aug 02 21:34:18 ubuntu devstack@g-api.service[151509]: DEBUG glance.api.middleware.version_negotiation [None req-65a92735-aac2-4f2a-a2e9-4c2f2c3fa45e admin admin] Using url versioning {{(pid=151509) process_request /opt/stack/glance/glance/api/middleware/version_negotiation.py:57}}
Aug 02 21:34:18 ubuntu devstack@g-api.service[151509]: DEBUG glance.api.middleware.version_negotiation [None req-65a92735-aac2-4f2a-a2e9-4c2f2c3fa45e admin admin] Unknown version. Returning version choices. {{(pid=151509) process_request /opt/stack/glance/glance/api/middleware/version_negotiation.py:64}}
Aug 02 21:34:18 ubuntu devstack@g-api.service[151509]: [pid: 151509|app: 0|req: 2/5] 127.0.0.1 () {34 vars in 506 bytes} [Tue Aug  2 21:34:18 2022] GET / => generated 1323 bytes in 5 msecs (HTTP/1.1 300) 3 headers in 106 bytes (1 switches on core 0)
Aug 02 21:34:18 ubuntu devstack@g-api.service[151510]: DEBUG glance.api.middleware.version_negotiation [None req-76d629e2-5706-480f-b1d8-06df2824582b admin admin] Determining version of request: GET /v2/images Accept: application/json {{(pid=151510) process_request /opt/stack/glance/glance/api/middleware/version_negotiation.py:44}}
Aug 02 21:34:18 ubuntu devstack@g-api.service[151510]: DEBUG glance.api.middleware.version_negotiation [None req-76d629e2-5706-480f-b1d8-06df2824582b admin admin] Using url versioning {{(pid=151510) process_request /opt/stack/glance/glance/api/middleware/version_negotiation.py:57}}
Aug 02 21:34:18 ubuntu devstack@g-api.service[151510]: DEBUG glance.api.middleware.version_negotiation [None req-76d629e2-5706-480f-b1d8-06df2824582b admin admin] Matched version: v2 {{(pid=151510) process_request /opt/stack/glance/glance/api/middleware/version_negotiation.py:69}}
Aug 02 21:34:18 ubuntu devstack@g-api.service[151510]: DEBUG glance.api.middleware.version_negotiation [None req-76d629e2-5706-480f-b1d8-06df2824582b admin admin] new path /v2/images {{(pid=151510) process_request /opt/stack/glance/glance/api/middleware/version_negotiation.py:70}}
Aug 02 21:34:18 ubuntu devstack@g-api.service[151510]: [pid: 151510|app: 0|req: 4/6] 127.0.0.1 () {36 vars in 728 bytes} [Tue Aug  2 21:34:18 2022] GET /v2/images => generated 1045 bytes in 400 msecs (HTTP/1.1 200) 4 headers in 158 bytes (1 switches on core 0)
Aug 02 21:34:25 ubuntu devstack@g-api.service[151509]: DEBUG glance.api.middleware.version_negotiation [None req-65a92735-aac2-4f2a-a2e9-4c2f2c3fa45e admin admin] Determining version of request: GET / Accept: application/json {{(pid=151509) process_request /opt/stack/glance/glance/api/middleware/version_negotiation.py:44}}
Aug 02 21:34:25 ubuntu devstack@g-api.service[151509]: DEBUG glance.api.middleware.version_negotiation [None req-65a92735-aac2-4f2a-a2e9-4c2f2c3fa45e admin admin] Using url versioning {{(pid=151509) process_request /opt/stack/glance/glance/api/middleware/version_negotiation.py:57}}
Aug 02 21:34:25 ubuntu devstack@g-api.service[151509]: DEBUG glance.api.middleware.version_negotiation [None req-65a92735-aac2-4f2a-a2e9-4c2f2c3fa45e admin admin] Unknown version. Returning version choices. {{(pid=151509) process_request /opt/stack/glance/glance/api/middleware/version_negotiation.py:64}}
Aug 02 21:34:25 ubuntu devstack@g-api.service[151509]: [pid: 151509|app: 0|req: 3/7] 127.0.0.1 () {34 vars in 506 bytes} [Tue Aug  2 21:34:25 2022] GET / => generated 1323 bytes in 4 msecs (HTTP/1.1 300) 3 headers in 106 bytes (1 switches on core 0)
Aug 02 21:34:25 ubuntu devstack@g-api.service[151510]: DEBUG glance.api.middleware.version_negotiation [None req-3ce0a17b-4b10-4db9-9112-83006924d440 admin admin] Determining version of request: GET /v2/images/8915a581-11a7-4000-8169-996bc2f1a91e Accept: */* {{(pid=151510) process_request /opt/stack/glance/glance/api/middleware/version_negotiation.py:44}}
Aug 02 21:34:25 ubuntu devstack@g-api.service[151510]: DEBUG glance.api.middleware.version_negotiation [None req-3ce0a17b-4b10-4db9-9112-83006924d440 admin admin] Using url versioning {{(pid=151510) process_request /opt/stack/glance/glance/api/middleware/version_negotiation.py:57}}
Aug 02 21:34:25 ubuntu devstack@g-api.service[151510]: DEBUG glance.api.middleware.version_negotiation [None req-3ce0a17b-4b10-4db9-9112-83006924d440 admin admin] Matched version: v2 {{(pid=151510) process_request /opt/stack/glance/glance/api/middleware/version_negotiation.py:69}}
Aug 02 21:34:25 ubuntu devstack@g-api.service[151510]: DEBUG glance.api.middleware.version_negotiation [None req-3ce0a17b-4b10-4db9-9112-83006924d440 admin admin] new path /v2/images/8915a581-11a7-4000-8169-996bc2f1a91e {{(pid=151510) process_request /opt/stack/glance/glance/api/middleware/version_negotiation.py:70}}
Aug 02 21:34:25 ubuntu devstack@g-api.service[151510]: [pid: 151510|app: 0|req: 5/8] 127.0.0.1 () {36 vars in 789 bytes} [Tue Aug  2 21:34:25 2022] GET /v2/images/8915a581-11a7-4000-8169-996bc2f1a91e => generated 976 bytes in 337 msecs (HTTP/1.1 200) 4 headers in 157 bytes (1 switches on core 0)
Aug 02 21:34:29 ubuntu devstack@g-api.service[151509]: DEBUG glance.api.middleware.version_negotiation [None req-65a92735-aac2-4f2a-a2e9-4c2f2c3fa45e admin admin] Determining version of request: GET / Accept: application/json {{(pid=151509) process_request /opt/stack/glance/glance/api/middleware/version_negotiation.py:44}}
Aug 02 21:34:29 ubuntu devstack@g-api.service[151509]: DEBUG glance.api.middleware.version_negotiation [None req-65a92735-aac2-4f2a-a2e9-4c2f2c3fa45e admin admin] Using url versioning {{(pid=151509) process_request /opt/stack/glance/glance/api/middleware/version_negotiation.py:57}}
Aug 02 21:34:29 ubuntu devstack@g-api.service[151509]: DEBUG glance.api.middleware.version_negotiation [None req-65a92735-aac2-4f2a-a2e9-4c2f2c3fa45e admin admin] Unknown version. Returning version choices. {{(pid=151509) process_request /opt/stack/glance/glance/api/middleware/version_negotiation.py:64}}
Aug 02 21:34:29 ubuntu devstack@g-api.service[151509]: [pid: 151509|app: 0|req: 4/9] 127.0.0.1 () {34 vars in 506 bytes} [Tue Aug  2 21:34:29 2022] GET / => generated 1323 bytes in 2 msecs (HTTP/1.1 300) 3 headers in 106 bytes (1 switches on core 0)
Aug 02 21:34:29 ubuntu devstack@g-api.service[151510]: DEBUG glance.api.middleware.version_negotiation [None req-32a7d129-cd9f-4fd9-8f56-d4b1b3313e83 admin admin] Determining version of request: GET /v2/images/8915a581-11a7-4000-8169-996bc2f1a91e Accept: */* {{(pid=151510) process_request /opt/stack/glance/glance/api/middleware/version_negotiation.py:44}}
Aug 02 21:34:29 ubuntu devstack@g-api.service[151510]: DEBUG glance.api.middleware.version_negotiation [None req-32a7d129-cd9f-4fd9-8f56-d4b1b3313e83 admin admin] Using url versioning {{(pid=151510) process_request /opt/stack/glance/glance/api/middleware/version_negotiation.py:57}}
Aug 02 21:34:29 ubuntu devstack@g-api.service[151510]: DEBUG glance.api.middleware.version_negotiation [None req-32a7d129-cd9f-4fd9-8f56-d4b1b3313e83 admin admin] Matched version: v2 {{(pid=151510) process_request /opt/stack/glance/glance/api/middleware/version_negotiation.py:69}}
Aug 02 21:34:29 ubuntu devstack@g-api.service[151510]: DEBUG glance.api.middleware.version_negotiation [None req-32a7d129-cd9f-4fd9-8f56-d4b1b3313e83 admin admin] new path /v2/images/8915a581-11a7-4000-8169-996bc2f1a91e {{(pid=151510) process_request /opt/stack/glance/glance/api/middleware/version_negotiation.py:70}}
Aug 02 21:34:30 ubuntu devstack@g-api.service[151510]: [pid: 151510|app: 0|req: 6/10] 127.0.0.1 () {36 vars in 789 bytes} [Tue Aug  2 21:34:29 2022] GET /v2/images/8915a581-11a7-4000-8169-996bc2f1a91e => generated 976 bytes in 295 msecs (HTTP/1.1 200) 4 headers in 157 bytes (1 switches on core 0)
Aug 02 21:34:40 ubuntu devstack@g-api.service[151510]: DEBUG dbcounter [-] [151510] Writing DB stats glance:SELECT=10 {{(pid=151510) stat_writer /usr/local/lib/python3.8/dist-packages/dbcounter.py:114}}
Aug 02 21:36:42 ubuntu devstack@g-api.service[151509]: DEBUG glance.api.middleware.version_negotiation [None req-65a92735-aac2-4f2a-a2e9-4c2f2c3fa45e admin admin] Determining version of request: GET /v1 Accept: application/json {{(pid=151509) process_request /opt/stack/glance/glance/api/middleware/version_negotiation.py:44}}
Aug 02 21:36:42 ubuntu devstack@g-api.service[151509]: DEBUG glance.api.middleware.version_negotiation [None req-65a92735-aac2-4f2a-a2e9-4c2f2c3fa45e admin admin] Using url versioning {{(pid=151509) process_request /opt/stack/glance/glance/api/middleware/version_negotiation.py:57}}
Aug 02 21:36:42 ubuntu devstack@g-api.service[151509]: DEBUG glance.api.middleware.version_negotiation [None req-65a92735-aac2-4f2a-a2e9-4c2f2c3fa45e admin admin] Unknown version. Returning version choices. {{(pid=151509) process_request /opt/stack/glance/glance/api/middleware/version_negotiation.py:64}}
Aug 02 21:36:42 ubuntu devstack@g-api.service[151509]: [pid: 151509|app: 0|req: 5/11] 127.0.0.1 () {38 vars in 686 bytes} [Tue Aug  2 21:36:42 2022] GET /v1 => generated 1323 bytes in 5 msecs (HTTP/1.1 300) 3 headers in 106 bytes (1 switches on core 0)
Aug 02 21:38:56 ubuntu devstack@g-api.service[151510]: DEBUG glance.api.middleware.version_negotiation [None req-eed57482-194a-4e40-bbd8-c5003c0d920b admin admin] Determining version of request: GET /versions Accept: */* {{(pid=151510) process_request /opt/stack/glance/glance/api/middleware/version_negotiation.py:44}}
Aug 02 21:38:56 ubuntu devstack@g-api.service[151510]: [pid: 151510|app: 0|req: 7/12] 127.0.0.1 () {38 vars in 695 bytes} [Tue Aug  2 21:38:56 2022] GET /versions => generated 1323 bytes in 3 msecs (HTTP/1.1 200) 3 headers in 92 bytes (1 switches on core 0)
Aug 02 21:38:56 ubuntu devstack@g-api.service[151509]: DEBUG glance.api.middleware.version_negotiation [None req-65a92735-aac2-4f2a-a2e9-4c2f2c3fa45e admin admin] Determining version of request: GET /v2/schemas/image Accept: */* {{(pid=151509) process_request /opt/stack/glance/glance/api/middleware/version_negotiation.py:44}}
Aug 02 21:38:56 ubuntu devstack@g-api.service[151509]: DEBUG glance.api.middleware.version_negotiation [None req-65a92735-aac2-4f2a-a2e9-4c2f2c3fa45e admin admin] Using url versioning {{(pid=151509) process_request /opt/stack/glance/glance/api/middleware/version_negotiation.py:57}}
Aug 02 21:38:56 ubuntu devstack@g-api.service[151509]: DEBUG glance.api.middleware.version_negotiation [None req-65a92735-aac2-4f2a-a2e9-4c2f2c3fa45e admin admin] Matched version: v2 {{(pid=151509) process_request /opt/stack/glance/glance/api/middleware/version_negotiation.py:69}}
Aug 02 21:38:56 ubuntu devstack@g-api.service[151509]: DEBUG glance.api.middleware.version_negotiation [None req-65a92735-aac2-4f2a-a2e9-4c2f2c3fa45e admin admin] new path /v2/schemas/image {{(pid=151509) process_request /opt/stack/glance/glance/api/middleware/version_negotiation.py:70}}
Aug 02 21:38:56 ubuntu devstack@g-api.service[151509]: [pid: 151509|app: 0|req: 6/13] 127.0.0.1 () {38 vars in 711 bytes} [Tue Aug  2 21:38:56 2022] GET /v2/schemas/image => generated 6083 bytes in 119 msecs (HTTP/1.1 200) 4 headers in 158 bytes (1 switches on core 0)
Aug 02 21:38:56 ubuntu devstack@g-api.service[151510]: DEBUG glance.api.middleware.version_negotiation [None req-eed57482-194a-4e40-bbd8-c5003c0d920b admin admin] Determining version of request: GET /v2/schemas/metadefs/namespace Accept: */* {{(pid=151510) process_request /opt/stack/glance/glance/api/middleware/version_negotiation.py:44}}
Aug 02 21:38:56 ubuntu devstack@g-api.service[151510]: DEBUG glance.api.middleware.version_negotiation [None req-eed57482-194a-4e40-bbd8-c5003c0d920b admin admin] Using url versioning {{(pid=151510) process_request /opt/stack/glance/glance/api/middleware/version_negotiation.py:57}}
Aug 02 21:38:56 ubuntu devstack@g-api.service[151510]: DEBUG glance.api.middleware.version_negotiation [None req-eed57482-194a-4e40-bbd8-c5003c0d920b admin admin] Matched version: v2 {{(pid=151510) process_request /opt/stack/glance/glance/api/middleware/version_negotiation.py:69}}
Aug 02 21:38:56 ubuntu devstack@g-api.service[151510]: DEBUG glance.api.middleware.version_negotiation [None req-eed57482-194a-4e40-bbd8-c5003c0d920b admin admin] new path /v2/schemas/metadefs/namespace {{(pid=151510) process_request /opt/stack/glance/glance/api/middleware/version_negotiation.py:70}}
Aug 02 21:38:56 ubuntu devstack@g-api.service[151510]: [pid: 151510|app: 0|req: 8/14] 127.0.0.1 () {38 vars in 737 bytes} [Tue Aug  2 21:38:56 2022] GET /v2/schemas/metadefs/namespace => generated 3100 bytes in 7 msecs (HTTP/1.1 200) 4 headers in 158 bytes (1 switches on core 0)
Aug 02 21:38:56 ubuntu devstack@g-api.service[151509]: DEBUG glance.api.middleware.version_negotiation [None req-19c012d7-0855-4af4-acaa-5eab5aa4253a admin admin] Determining version of request: GET /v2/schemas/metadefs/resource_type Accept: */* {{(pid=151509) process_request /opt/stack/glance/glance/api/middleware/version_negotiation.py:44}}
Aug 02 21:38:56 ubuntu devstack@g-api.service[151509]: DEBUG glance.api.middleware.version_negotiation [None req-19c012d7-0855-4af4-acaa-5eab5aa4253a admin admin] Using url versioning {{(pid=151509) process_request /opt/stack/glance/glance/api/middleware/version_negotiation.py:57}}
Aug 02 21:38:56 ubuntu devstack@g-api.service[151509]: DEBUG glance.api.middleware.version_negotiation [None req-19c012d7-0855-4af4-acaa-5eab5aa4253a admin admin] Matched version: v2 {{(pid=151509) process_request /opt/stack/glance/glance/api/middleware/version_negotiation.py:69}}
Aug 02 21:38:56 ubuntu devstack@g-api.service[151509]: DEBUG glance.api.middleware.version_negotiation [None req-19c012d7-0855-4af4-acaa-5eab5aa4253a admin admin] new path /v2/schemas/metadefs/resource_type {{(pid=151509) process_request /opt/stack/glance/glance/api/middleware/version_negotiation.py:70}}
Aug 02 21:38:56 ubuntu devstack@g-api.service[151509]: [pid: 151509|app: 0|req: 7/15] 127.0.0.1 () {38 vars in 745 bytes} [Tue Aug  2 21:38:56 2022] GET /v2/schemas/metadefs/resource_type => generated 1260 bytes in 6 msecs (HTTP/1.1 200) 4 headers in 158 bytes (1 switches on core 0)
Aug 02 21:38:56 ubuntu devstack@g-api.service[151510]: DEBUG glance.api.middleware.version_negotiation [None req-d0d05fc1-9c85-4a2d-a110-67c8b5cf6324 admin admin] Determining version of request: GET /v2/images Accept: */* {{(pid=151510) process_request /opt/stack/glance/glance/api/middleware/version_negotiation.py:44}}
Aug 02 21:38:56 ubuntu devstack@g-api.service[151510]: DEBUG glance.api.middleware.version_negotiation [None req-d0d05fc1-9c85-4a2d-a110-67c8b5cf6324 admin admin] Using url versioning {{(pid=151510) process_request /opt/stack/glance/glance/api/middleware/version_negotiation.py:57}}
Aug 02 21:38:56 ubuntu devstack@g-api.service[151510]: DEBUG glance.api.middleware.version_negotiation [None req-d0d05fc1-9c85-4a2d-a110-67c8b5cf6324 admin admin] Matched version: v2 {{(pid=151510) process_request /opt/stack/glance/glance/api/middleware/version_negotiation.py:69}}
Aug 02 21:38:56 ubuntu devstack@g-api.service[151510]: DEBUG glance.api.middleware.version_negotiation [None req-d0d05fc1-9c85-4a2d-a110-67c8b5cf6324 admin admin] new path /v2/images {{(pid=151510) process_request /opt/stack/glance/glance/api/middleware/version_negotiation.py:70}}
Aug 02 21:38:56 ubuntu devstack@g-api.service[151510]: [pid: 151510|app: 0|req: 9/16] 127.0.0.1 () {38 vars in 768 bytes} [Tue Aug  2 21:38:56 2022] GET /v2/images?limit=20&sort_key=name&sort_dir=asc => generated 1081 bytes in 77 msecs (HTTP/1.1 200) 4 headers in 158 bytes (1 switches on core 0)
Aug 02 21:38:56 ubuntu devstack@g-api.service[151509]: DEBUG glance.api.middleware.version_negotiation [None req-37d9fc03-5707-4868-8f7e-b252fc437b4e admin admin] Determining version of request: GET /v2/schemas/image Accept: */* {{(pid=151509) process_request /opt/stack/glance/glance/api/middleware/version_negotiation.py:44}}
Aug 02 21:38:56 ubuntu devstack@g-api.service[151509]: DEBUG glance.api.middleware.version_negotiation [None req-37d9fc03-5707-4868-8f7e-b252fc437b4e admin admin] Using url versioning {{(pid=151509) process_request /opt/stack/glance/glance/api/middleware/version_negotiation.py:57}}
Aug 02 21:38:56 ubuntu devstack@g-api.service[151509]: DEBUG glance.api.middleware.version_negotiation [None req-37d9fc03-5707-4868-8f7e-b252fc437b4e admin admin] Matched version: v2 {{(pid=151509) process_request /opt/stack/glance/glance/api/middleware/version_negotiation.py:69}}
Aug 02 21:38:56 ubuntu devstack@g-api.service[151509]: DEBUG glance.api.middleware.version_negotiation [None req-37d9fc03-5707-4868-8f7e-b252fc437b4e admin admin] new path /v2/schemas/image {{(pid=151509) process_request /opt/stack/glance/glance/api/middleware/version_negotiation.py:70}}
Aug 02 21:38:56 ubuntu devstack@g-api.service[151509]: [pid: 151509|app: 0|req: 8/17] 127.0.0.1 () {38 vars in 711 bytes} [Tue Aug  2 21:38:56 2022] GET /v2/schemas/image => generated 6083 bytes in 5 msecs (HTTP/1.1 200) 4 headers in 158 bytes (1 switches on core 0)
Aug 02 21:39:06 ubuntu devstack@g-api.service[151510]: DEBUG dbcounter [-] [151510] Writing DB stats glance:SELECT=2 {{(pid=151510) stat_writer /usr/local/lib/python3.8/dist-packages/dbcounter.py:114}}
Aug 02 21:39:10 ubuntu devstack@g-api.service[151510]: DEBUG glance.api.middleware.version_negotiation [None req-0d942723-3607-4c72-bf36-ec2bae6c05b3 admin admin] Determining version of request: GET / Accept: application/json {{(pid=151510) process_request /opt/stack/glance/glance/api/middleware/version_negotiation.py:44}}
Aug 02 21:39:10 ubuntu devstack@g-api.service[151510]: DEBUG glance.api.middleware.version_negotiation [None req-0d942723-3607-4c72-bf36-ec2bae6c05b3 admin admin] Using url versioning {{(pid=151510) process_request /opt/stack/glance/glance/api/middleware/version_negotiation.py:57}}
Aug 02 21:39:10 ubuntu devstack@g-api.service[151510]: DEBUG glance.api.middleware.version_negotiation [None req-0d942723-3607-4c72-bf36-ec2bae6c05b3 admin admin] Unknown version. Returning version choices. {{(pid=151510) process_request /opt/stack/glance/glance/api/middleware/version_negotiation.py:64}}
Aug 02 21:39:10 ubuntu devstack@g-api.service[151510]: [pid: 151510|app: 0|req: 10/18] 127.0.0.1 () {34 vars in 492 bytes} [Tue Aug  2 21:39:10 2022] GET / => generated 1323 bytes in 5 msecs (HTTP/1.1 300) 3 headers in 106 bytes (1 switches on core 0)
Aug 02 21:39:10 ubuntu devstack@g-api.service[151509]: DEBUG glance.api.middleware.version_negotiation [None req-e4fdd55f-92b3-44c8-a393-97ebf30fffd1 admin admin] Determining version of request: GET /v2/images/8915a581-11a7-4000-8169-996bc2f1a91e Accept: */* {{(pid=151509) process_request /opt/stack/glance/glance/api/middleware/version_negotiation.py:44}}
Aug 02 21:39:10 ubuntu devstack@g-api.service[151509]: DEBUG glance.api.middleware.version_negotiation [None req-e4fdd55f-92b3-44c8-a393-97ebf30fffd1 admin admin] Using url versioning {{(pid=151509) process_request /opt/stack/glance/glance/api/middleware/version_negotiation.py:57}}
Aug 02 21:39:10 ubuntu devstack@g-api.service[151509]: DEBUG glance.api.middleware.version_negotiation [None req-e4fdd55f-92b3-44c8-a393-97ebf30fffd1 admin admin] Matched version: v2 {{(pid=151509) process_request /opt/stack/glance/glance/api/middleware/version_negotiation.py:69}}
Aug 02 21:39:10 ubuntu devstack@g-api.service[151509]: DEBUG glance.api.middleware.version_negotiation [None req-e4fdd55f-92b3-44c8-a393-97ebf30fffd1 admin admin] new path /v2/images/8915a581-11a7-4000-8169-996bc2f1a91e {{(pid=151509) process_request /opt/stack/glance/glance/api/middleware/version_negotiation.py:70}}
Aug 02 21:39:11 ubuntu devstack@g-api.service[151509]: WARNING keystonemiddleware.auth_token [None req-e4fdd55f-92b3-44c8-a393-97ebf30fffd1 admin admin] A valid token was submitted as a service token, but it was not a valid service token. This is incorrect but backwards compatible behaviour. This will be removed in future releases.
Aug 02 21:39:11 ubuntu devstack@g-api.service[151509]: [pid: 151509|app: 0|req: 9/19] 127.0.0.1 () {42 vars in 1049 bytes} [Tue Aug  2 21:39:10 2022] GET /v2/images/8915a581-11a7-4000-8169-996bc2f1a91e => generated 976 bytes in 121 msecs (HTTP/1.1 200) 4 headers in 157 bytes (1 switches on core 0)
Aug 02 21:39:11 ubuntu devstack@g-api.service[151510]: DEBUG glance.api.middleware.version_negotiation [None req-0d942723-3607-4c72-bf36-ec2bae6c05b3 admin admin] Determining version of request: GET /v2/schemas/image Accept: */* {{(pid=151510) process_request /opt/stack/glance/glance/api/middleware/version_negotiation.py:44}}
Aug 02 21:39:11 ubuntu devstack@g-api.service[151510]: DEBUG glance.api.middleware.version_negotiation [None req-0d942723-3607-4c72-bf36-ec2bae6c05b3 admin admin] Using url versioning {{(pid=151510) process_request /opt/stack/glance/glance/api/middleware/version_negotiation.py:57}}
Aug 02 21:39:11 ubuntu devstack@g-api.service[151510]: DEBUG glance.api.middleware.version_negotiation [None req-0d942723-3607-4c72-bf36-ec2bae6c05b3 admin admin] Matched version: v2 {{(pid=151510) process_request /opt/stack/glance/glance/api/middleware/version_negotiation.py:69}}
Aug 02 21:39:11 ubuntu devstack@g-api.service[151510]: DEBUG glance.api.middleware.version_negotiation [None req-0d942723-3607-4c72-bf36-ec2bae6c05b3 admin admin] new path /v2/schemas/image {{(pid=151510) process_request /opt/stack/glance/glance/api/middleware/version_negotiation.py:70}}
Aug 02 21:39:11 ubuntu devstack@g-api.service[151510]: WARNING keystonemiddleware.auth_token [None req-0d942723-3607-4c72-bf36-ec2bae6c05b3 admin admin] A valid token was submitted as a service token, but it was not a valid service token. This is incorrect but backwards compatible behaviour. This will be removed in future releases.
Aug 02 21:39:11 ubuntu devstack@g-api.service[151510]: [pid: 151510|app: 0|req: 11/20] 127.0.0.1 () {42 vars in 989 bytes} [Tue Aug  2 21:39:11 2022] GET /v2/schemas/image => generated 6083 bytes in 6 msecs (HTTP/1.1 200) 4 headers in 158 bytes (1 switches on core 0)
Aug 02 21:39:13 ubuntu devstack@g-api.service[151509]: DEBUG glance.api.middleware.version_negotiation [None req-40070b69-3ecb-4a89-a24e-4016ecd9f319 tempest-VolumesAdminNegativeTest-2078476701 tempest-VolumesAdminNegativeTest-2078476701-project] Determining version of request: GET /v2/images/8915a581-11a7-4000-8169-996bc2f1a91e Accept: */* {{(pid=151509) process_request /opt/stack/glance/glance/api/middleware/version_negotiation.py:44}}
Aug 02 21:39:13 ubuntu devstack@g-api.service[151509]: DEBUG glance.api.middleware.version_negotiation [None req-40070b69-3ecb-4a89-a24e-4016ecd9f319 tempest-VolumesAdminNegativeTest-2078476701 tempest-VolumesAdminNegativeTest-2078476701-project] Using url versioning {{(pid=151509) process_request /opt/stack/glance/glance/api/middleware/version_negotiation.py:57}}
Aug 02 21:39:13 ubuntu devstack@g-api.service[151509]: DEBUG glance.api.middleware.version_negotiation [None req-40070b69-3ecb-4a89-a24e-4016ecd9f319 tempest-VolumesAdminNegativeTest-2078476701 tempest-VolumesAdminNegativeTest-2078476701-project] Matched version: v2 {{(pid=151509) process_request /opt/stack/glance/glance/api/middleware/version_negotiation.py:69}}
Aug 02 21:39:13 ubuntu devstack@g-api.service[151509]: DEBUG glance.api.middleware.version_negotiation [None req-40070b69-3ecb-4a89-a24e-4016ecd9f319 tempest-VolumesAdminNegativeTest-2078476701 tempest-VolumesAdminNegativeTest-2078476701-project] new path /v2/images/8915a581-11a7-4000-8169-996bc2f1a91e {{(pid=151509) process_request /opt/stack/glance/glance/api/middleware/version_negotiation.py:70}}
Aug 02 21:39:13 ubuntu devstack@g-api.service[151509]: [pid: 151509|app: 0|req: 10/21] 127.0.0.1 () {42 vars in 1049 bytes} [Tue Aug  2 21:39:13 2022] GET /v2/images/8915a581-11a7-4000-8169-996bc2f1a91e => generated 976 bytes in 13 msecs (HTTP/1.1 200) 4 headers in 157 bytes (1 switches on core 0)
Aug 02 21:39:13 ubuntu devstack@g-api.service[151510]: DEBUG glance.api.middleware.version_negotiation [None req-40070b69-3ecb-4a89-a24e-4016ecd9f319 tempest-VolumesAdminNegativeTest-2078476701 tempest-VolumesAdminNegativeTest-2078476701-project] Determining version of request: GET /v2/images/8915a581-11a7-4000-8169-996bc2f1a91e/file Accept: */* {{(pid=151510) process_request /opt/stack/glance/glance/api/middleware/version_negotiation.py:44}}
Aug 02 21:39:13 ubuntu devstack@g-api.service[151510]: DEBUG glance.api.middleware.version_negotiation [None req-40070b69-3ecb-4a89-a24e-4016ecd9f319 tempest-VolumesAdminNegativeTest-2078476701 tempest-VolumesAdminNegativeTest-2078476701-project] Using url versioning {{(pid=151510) process_request /opt/stack/glance/glance/api/middleware/version_negotiation.py:57}}
Aug 02 21:39:13 ubuntu devstack@g-api.service[151510]: DEBUG glance.api.middleware.version_negotiation [None req-40070b69-3ecb-4a89-a24e-4016ecd9f319 tempest-VolumesAdminNegativeTest-2078476701 tempest-VolumesAdminNegativeTest-2078476701-project] Matched version: v2 {{(pid=151510) process_request /opt/stack/glance/glance/api/middleware/version_negotiation.py:69}}
Aug 02 21:39:13 ubuntu devstack@g-api.service[151510]: DEBUG glance.api.middleware.version_negotiation [None req-40070b69-3ecb-4a89-a24e-4016ecd9f319 tempest-VolumesAdminNegativeTest-2078476701 tempest-VolumesAdminNegativeTest-2078476701-project] new path /v2/images/8915a581-11a7-4000-8169-996bc2f1a91e/file {{(pid=151510) process_request /opt/stack/glance/glance/api/middleware/version_negotiation.py:70}}
Aug 02 21:39:13 ubuntu devstack@g-api.service[151510]: DEBUG glance_store.backend [None req-40070b69-3ecb-4a89-a24e-4016ecd9f319 tempest-VolumesAdminNegativeTest-2078476701 tempest-VolumesAdminNegativeTest-2078476701-project] Attempting to import store swift {{(pid=151510) _load_store /usr/local/lib/python3.8/dist-packages/glance_store/backend.py:216}}
Aug 02 21:39:13 ubuntu devstack@g-api.service[151510]: DEBUG glance_store.capabilities [None req-40070b69-3ecb-4a89-a24e-4016ecd9f319 tempest-VolumesAdminNegativeTest-2078476701 tempest-VolumesAdminNegativeTest-2078476701-project] Store glance_store._drivers.swift.store.SingleTenantStore doesn't support updating dynamic storage capabilities. Please overwrite 'update_capabilities' method of the store to implement updating logics if needed. {{(pid=151510) update_capabilities /usr/local/lib/python3.8/dist-packages/glance_store/capabilities.py:91}}
Aug 02 21:39:13 ubuntu devstack@g-api.service[151510]: DEBUG glance_store.driver [None req-40070b69-3ecb-4a89-a24e-4016ecd9f319 tempest-VolumesAdminNegativeTest-2078476701 tempest-VolumesAdminNegativeTest-2078476701-project] Late loading location class glance_store._drivers.swift.store.StoreLocation {{(pid=151510) get_store_location_class /usr/local/lib/python3.8/dist-packages/glance_store/driver.py:116}}
Aug 02 21:39:13 ubuntu devstack@g-api.service[151510]: DEBUG glance_store.location [None req-40070b69-3ecb-4a89-a24e-4016ecd9f319 tempest-VolumesAdminNegativeTest-2078476701 tempest-VolumesAdminNegativeTest-2078476701-project] Registering scheme swift+https with {'store': <glance_store._drivers.swift.store.SingleTenantStore object at 0x7f8cba2541f0>, 'location_class': <class 'glance_store._drivers.swift.store.StoreLocation'>, 'store_entry': 'swift'} {{(pid=151510) register_scheme_map /usr/local/lib/python3.8/dist-packages/glance_store/location.py:146}}
Aug 02 21:39:13 ubuntu devstack@g-api.service[151510]: DEBUG glance_store.location [None req-40070b69-3ecb-4a89-a24e-4016ecd9f319 tempest-VolumesAdminNegativeTest-2078476701 tempest-VolumesAdminNegativeTest-2078476701-project] Registering scheme swift+https with {'store': <glance_store._drivers.swift.store.SingleTenantStore object at 0x7f8cba2541f0>, 'location_class': <class 'glance_store._drivers.swift.store.StoreLocation'>, 'store_entry': 'swift'} {{(pid=151510) register_scheme_map /usr/local/lib/python3.8/dist-packages/glance_store/location.py:146}}
Aug 02 21:39:13 ubuntu devstack@g-api.service[151510]: DEBUG glance_store.location [None req-40070b69-3ecb-4a89-a24e-4016ecd9f319 tempest-VolumesAdminNegativeTest-2078476701 tempest-VolumesAdminNegativeTest-2078476701-project] Registering scheme swift with {'store': <glance_store._drivers.swift.store.SingleTenantStore object at 0x7f8cba2541f0>, 'location_class': <class 'glance_store._drivers.swift.store.StoreLocation'>, 'store_entry': 'swift'} {{(pid=151510) register_scheme_map /usr/local/lib/python3.8/dist-packages/glance_store/location.py:146}}
Aug 02 21:39:13 ubuntu devstack@g-api.service[151510]: DEBUG glance_store.location [None req-40070b69-3ecb-4a89-a24e-4016ecd9f319 tempest-VolumesAdminNegativeTest-2078476701 tempest-VolumesAdminNegativeTest-2078476701-project] Registering scheme swift+https with {'store': <glance_store._drivers.swift.store.SingleTenantStore object at 0x7f8cba2541f0>, 'location_class': <class 'glance_store._drivers.swift.store.StoreLocation'>, 'store_entry': 'swift'} {{(pid=151510) register_scheme_map /usr/local/lib/python3.8/dist-packages/glance_store/location.py:146}}
Aug 02 21:39:13 ubuntu devstack@g-api.service[151510]: DEBUG glance_store.location [None req-40070b69-3ecb-4a89-a24e-4016ecd9f319 tempest-VolumesAdminNegativeTest-2078476701 tempest-VolumesAdminNegativeTest-2078476701-project] Registering scheme swift with {'store': <glance_store._drivers.swift.store.SingleTenantStore object at 0x7f8cba2541f0>, 'location_class': <class 'glance_store._drivers.swift.store.StoreLocation'>, 'store_entry': 'swift'} {{(pid=151510) register_scheme_map /usr/local/lib/python3.8/dist-packages/glance_store/location.py:146}}
Aug 02 21:39:13 ubuntu devstack@g-api.service[151510]: DEBUG glance_store.location [None req-40070b69-3ecb-4a89-a24e-4016ecd9f319 tempest-VolumesAdminNegativeTest-2078476701 tempest-VolumesAdminNegativeTest-2078476701-project] Registering scheme swift+http with {'store': <glance_store._drivers.swift.store.SingleTenantStore object at 0x7f8cba2541f0>, 'location_class': <class 'glance_store._drivers.swift.store.StoreLocation'>, 'store_entry': 'swift'} {{(pid=151510) register_scheme_map /usr/local/lib/python3.8/dist-packages/glance_store/location.py:146}}
Aug 02 21:39:13 ubuntu devstack@g-api.service[151510]: DEBUG glance_store.location [None req-40070b69-3ecb-4a89-a24e-4016ecd9f319 tempest-VolumesAdminNegativeTest-2078476701 tempest-VolumesAdminNegativeTest-2078476701-project] Registering scheme swift+https with {'store': <glance_store._drivers.swift.store.SingleTenantStore object at 0x7f8cba2541f0>, 'location_class': <class 'glance_store._drivers.swift.store.StoreLocation'>, 'store_entry': 'swift'} {{(pid=151510) register_scheme_map /usr/local/lib/python3.8/dist-packages/glance_store/location.py:146}}
Aug 02 21:39:13 ubuntu devstack@g-api.service[151510]: DEBUG glance_store.location [None req-40070b69-3ecb-4a89-a24e-4016ecd9f319 tempest-VolumesAdminNegativeTest-2078476701 tempest-VolumesAdminNegativeTest-2078476701-project] Registering scheme swift with {'store': <glance_store._drivers.swift.store.SingleTenantStore object at 0x7f8cba2541f0>, 'location_class': <class 'glance_store._drivers.swift.store.StoreLocation'>, 'store_entry': 'swift'} {{(pid=151510) register_scheme_map /usr/local/lib/python3.8/dist-packages/glance_store/location.py:146}}
Aug 02 21:39:13 ubuntu devstack@g-api.service[151510]: DEBUG glance_store.location [None req-40070b69-3ecb-4a89-a24e-4016ecd9f319 tempest-VolumesAdminNegativeTest-2078476701 tempest-VolumesAdminNegativeTest-2078476701-project] Registering scheme swift+http with {'store': <glance_store._drivers.swift.store.SingleTenantStore object at 0x7f8cba2541f0>, 'location_class': <class 'glance_store._drivers.swift.store.StoreLocation'>, 'store_entry': 'swift'} {{(pid=151510) register_scheme_map /usr/local/lib/python3.8/dist-packages/glance_store/location.py:146}}
Aug 02 21:39:13 ubuntu devstack@g-api.service[151510]: DEBUG glance_store.location [None req-40070b69-3ecb-4a89-a24e-4016ecd9f319 tempest-VolumesAdminNegativeTest-2078476701 tempest-VolumesAdminNegativeTest-2078476701-project] Registering scheme swift+config with {'store': <glance_store._drivers.swift.store.SingleTenantStore object at 0x7f8cba2541f0>, 'location_class': <class 'glance_store._drivers.swift.store.StoreLocation'>, 'store_entry': 'swift'} {{(pid=151510) register_scheme_map /usr/local/lib/python3.8/dist-packages/glance_store/location.py:146}}
Aug 02 21:39:13 ubuntu devstack@g-api.service[151510]: DEBUG swiftclient [None req-40070b69-3ecb-4a89-a24e-4016ecd9f319 tempest-VolumesAdminNegativeTest-2078476701 tempest-VolumesAdminNegativeTest-2078476701-project] REQ: curl -i http://192.168.79.47:8080/v1/AUTH_efd4d647a3124315a9d866d717aa8946/glance/8915a581-11a7-4000-8169-996bc2f1a91e -X GET -H "X-Auth-Token: gAAAAABi6ZmBKt78..." {{(pid=151510) http_log /usr/local/lib/python3.8/dist-packages/swiftclient/client.py:157}}
Aug 02 21:39:13 ubuntu devstack@g-api.service[151510]: DEBUG swiftclient [None req-40070b69-3ecb-4a89-a24e-4016ecd9f319 tempest-VolumesAdminNegativeTest-2078476701 tempest-VolumesAdminNegativeTest-2078476701-project] RESP STATUS: 200 OK {{(pid=151510) http_log /usr/local/lib/python3.8/dist-packages/swiftclient/client.py:158}}
Aug 02 21:39:13 ubuntu devstack@g-api.service[151510]: DEBUG swiftclient [None req-40070b69-3ecb-4a89-a24e-4016ecd9f319 tempest-VolumesAdminNegativeTest-2078476701 tempest-VolumesAdminNegativeTest-2078476701-project] RESP HEADERS: {'Content-Type': 'application/octet-stream', 'Etag': '1d3062cd89af34e419f7100277f38b2b', 'Last-Modified': 'Tue, 02 Aug 2022 21:33:35 GMT', 'X-Timestamp': '1659476014.46172', 'Accept-Ranges': 'bytes', 'Content-Length': '16338944', 'X-Trans-Id': 'txd65c93c3b6754cc28c1b2-0062e99981', 'X-Openstack-Request-Id': 'txd65c93c3b6754cc28c1b2-0062e99981', 'Date': 'Tue, 02 Aug 2022 21:39:13 GMT'} {{(pid=151510) http_log /usr/local/lib/python3.8/dist-packages/swiftclient/client.py:159}}
Aug 02 21:39:13 ubuntu devstack@g-api.service[151510]: DEBUG glance.image_cache [None req-40070b69-3ecb-4a89-a24e-4016ecd9f319 tempest-VolumesAdminNegativeTest-2078476701 tempest-VolumesAdminNegativeTest-2078476701-project] Tee'ing image '8915a581-11a7-4000-8169-996bc2f1a91e' into cache {{(pid=151510) get_caching_iter /opt/stack/glance/glance/image_cache/__init__.py:343}}
Aug 02 21:39:13 ubuntu devstack@g-api.service[151510]: DEBUG glance.image_cache.drivers.sqlite [None req-40070b69-3ecb-4a89-a24e-4016ecd9f319 tempest-VolumesAdminNegativeTest-2078476701 tempest-VolumesAdminNegativeTest-2078476701-project] Fetch finished, moving '/opt/stack/data/glance/cache/incomplete/8915a581-11a7-4000-8169-996bc2f1a91e' to '/opt/stack/data/glance/cache/8915a581-11a7-4000-8169-996bc2f1a91e' {{(pid=151510) commit /opt/stack/glance/glance/image_cache/drivers/sqlite.py:324}}
Aug 02 21:39:13 ubuntu devstack@g-api.service[151510]: [pid: 151510|app: 0|req: 12/22] 127.0.0.1 () {42 vars in 1059 bytes} [Tue Aug  2 21:39:13 2022] GET /v2/images/8915a581-11a7-4000-8169-996bc2f1a91e/file => generated 16338944 bytes in 573 msecs (HTTP/1.1 200) 4 headers in 191 bytes (250 switches on core 0)
Aug 02 21:39:23 ubuntu devstack@g-api.service[151509]: DEBUG dbcounter [-] [151509] Writing DB stats glance:SELECT=8 {{(pid=151509) stat_writer /usr/local/lib/python3.8/dist-packages/dbcounter.py:114}}
Aug 02 21:39:23 ubuntu devstack@g-api.service[151510]: DEBUG dbcounter [-] [151510] Writing DB stats glance:SELECT=8 {{(pid=151510) stat_writer /usr/local/lib/python3.8/dist-packages/dbcounter.py:114}}
Aug 02 21:39:39 ubuntu devstack@g-api.service[151509]: DEBUG glance.api.middleware.version_negotiation [None req-40070b69-3ecb-4a89-a24e-4016ecd9f319 tempest-VolumesAdminNegativeTest-2078476701 tempest-VolumesAdminNegativeTest-2078476701-project] Determining version of request: GET / Accept: application/json {{(pid=151509) process_request /opt/stack/glance/glance/api/middleware/version_negotiation.py:44}}
Aug 02 21:39:39 ubuntu devstack@g-api.service[151509]: DEBUG glance.api.middleware.version_negotiation [None req-40070b69-3ecb-4a89-a24e-4016ecd9f319 tempest-VolumesAdminNegativeTest-2078476701 tempest-VolumesAdminNegativeTest-2078476701-project] Using url versioning {{(pid=151509) process_request /opt/stack/glance/glance/api/middleware/version_negotiation.py:57}}
Aug 02 21:39:39 ubuntu devstack@g-api.service[151509]: DEBUG glance.api.middleware.version_negotiation [None req-40070b69-3ecb-4a89-a24e-4016ecd9f319 tempest-VolumesAdminNegativeTest-2078476701 tempest-VolumesAdminNegativeTest-2078476701-project] Unknown version. Returning version choices. {{(pid=151509) process_request /opt/stack/glance/glance/api/middleware/version_negotiation.py:64}}
Aug 02 21:39:39 ubuntu devstack@g-api.service[151509]: [pid: 151509|app: 0|req: 11/23] 127.0.0.1 () {34 vars in 492 bytes} [Tue Aug  2 21:39:39 2022] GET / => generated 1323 bytes in 4 msecs (HTTP/1.1 300) 3 headers in 106 bytes (1 switches on core 0)
Aug 02 21:39:39 ubuntu devstack@g-api.service[151510]: DEBUG glance.api.middleware.version_negotiation [None req-40070b69-3ecb-4a89-a24e-4016ecd9f319 tempest-VolumesAdminNegativeTest-2078476701 tempest-VolumesAdminNegativeTest-2078476701-project] Determining version of request: GET /v2/images/8915a581-11a7-4000-8169-996bc2f1a91e Accept: */* {{(pid=151510) process_request /opt/stack/glance/glance/api/middleware/version_negotiation.py:44}}
Aug 02 21:39:39 ubuntu devstack@g-api.service[151510]: DEBUG glance.api.middleware.version_negotiation [None req-40070b69-3ecb-4a89-a24e-4016ecd9f319 tempest-VolumesAdminNegativeTest-2078476701 tempest-VolumesAdminNegativeTest-2078476701-project] Using url versioning {{(pid=151510) process_request /opt/stack/glance/glance/api/middleware/version_negotiation.py:57}}
Aug 02 21:39:39 ubuntu devstack@g-api.service[151510]: DEBUG glance.api.middleware.version_negotiation [None req-40070b69-3ecb-4a89-a24e-4016ecd9f319 tempest-VolumesAdminNegativeTest-2078476701 tempest-VolumesAdminNegativeTest-2078476701-project] Matched version: v2 {{(pid=151510) process_request /opt/stack/glance/glance/api/middleware/version_negotiation.py:69}}
Aug 02 21:39:39 ubuntu devstack@g-api.service[151510]: DEBUG glance.api.middleware.version_negotiation [None req-40070b69-3ecb-4a89-a24e-4016ecd9f319 tempest-VolumesAdminNegativeTest-2078476701 tempest-VolumesAdminNegativeTest-2078476701-project] new path /v2/images/8915a581-11a7-4000-8169-996bc2f1a91e {{(pid=151510) process_request /opt/stack/glance/glance/api/middleware/version_negotiation.py:70}}
Aug 02 21:39:39 ubuntu devstack@g-api.service[151510]: [pid: 151510|app: 0|req: 13/24] 127.0.0.1 () {42 vars in 1049 bytes} [Tue Aug  2 21:39:39 2022] GET /v2/images/8915a581-11a7-4000-8169-996bc2f1a91e => generated 976 bytes in 26 msecs (HTTP/1.1 200) 4 headers in 157 bytes (1 switches on core 0)
Aug 02 21:39:39 ubuntu devstack@g-api.service[151509]: DEBUG glance.api.middleware.version_negotiation [None req-40070b69-3ecb-4a89-a24e-4016ecd9f319 tempest-VolumesAdminNegativeTest-2078476701 tempest-VolumesAdminNegativeTest-2078476701-project] Determining version of request: GET /v2/schemas/image Accept: */* {{(pid=151509) process_request /opt/stack/glance/glance/api/middleware/version_negotiation.py:44}}
Aug 02 21:39:39 ubuntu devstack@g-api.service[151509]: DEBUG glance.api.middleware.version_negotiation [None req-40070b69-3ecb-4a89-a24e-4016ecd9f319 tempest-VolumesAdminNegativeTest-2078476701 tempest-VolumesAdminNegativeTest-2078476701-project] Using url versioning {{(pid=151509) process_request /opt/stack/glance/glance/api/middleware/version_negotiation.py:57}}
Aug 02 21:39:39 ubuntu devstack@g-api.service[151509]: DEBUG glance.api.middleware.version_negotiation [None req-40070b69-3ecb-4a89-a24e-4016ecd9f319 tempest-VolumesAdminNegativeTest-2078476701 tempest-VolumesAdminNegativeTest-2078476701-project] Matched version: v2 {{(pid=151509) process_request /opt/stack/glance/glance/api/middleware/version_negotiation.py:69}}
Aug 02 21:39:39 ubuntu devstack@g-api.service[151509]: DEBUG glance.api.middleware.version_negotiation [None req-40070b69-3ecb-4a89-a24e-4016ecd9f319 tempest-VolumesAdminNegativeTest-2078476701 tempest-VolumesAdminNegativeTest-2078476701-project] new path /v2/schemas/image {{(pid=151509) process_request /opt/stack/glance/glance/api/middleware/version_negotiation.py:70}}
Aug 02 21:39:39 ubuntu devstack@g-api.service[151509]: [pid: 151509|app: 0|req: 12/25] 127.0.0.1 () {42 vars in 989 bytes} [Tue Aug  2 21:39:39 2022] GET /v2/schemas/image => generated 6083 bytes in 5 msecs (HTTP/1.1 200) 4 headers in 158 bytes (1 switches on core 0)
Aug 02 21:39:49 ubuntu devstack@g-api.service[151510]: DEBUG dbcounter [-] [151510] Writing DB stats glance:SELECT=4 {{(pid=151510) stat_writer /usr/local/lib/python3.8/dist-packages/dbcounter.py:114}}
Aug 02 21:40:07 ubuntu devstack@g-api.service[151510]: DEBUG glance.api.middleware.version_negotiation [None req-11278941-e7fb-4ba6-9e5b-7e3dce4f86d6 tempest-DeleteServersTestJSON-421478420 tempest-DeleteServersTestJSON-421478420-project] Determining version of request: GET /v2/images/8915a581-11a7-4000-8169-996bc2f1a91e Accept: */* {{(pid=151510) process_request /opt/stack/glance/glance/api/middleware/version_negotiation.py:44}}
Aug 02 21:40:07 ubuntu devstack@g-api.service[151510]: DEBUG glance.api.middleware.version_negotiation [None req-11278941-e7fb-4ba6-9e5b-7e3dce4f86d6 tempest-DeleteServersTestJSON-421478420 tempest-DeleteServersTestJSON-421478420-project] Using url versioning {{(pid=151510) process_request /opt/stack/glance/glance/api/middleware/version_negotiation.py:57}}
Aug 02 21:40:07 ubuntu devstack@g-api.service[151510]: DEBUG glance.api.middleware.version_negotiation [None req-11278941-e7fb-4ba6-9e5b-7e3dce4f86d6 tempest-DeleteServersTestJSON-421478420 tempest-DeleteServersTestJSON-421478420-project] Matched version: v2 {{(pid=151510) process_request /opt/stack/glance/glance/api/middleware/version_negotiation.py:69}}
Aug 02 21:40:07 ubuntu devstack@g-api.service[151510]: DEBUG glance.api.middleware.version_negotiation [None req-11278941-e7fb-4ba6-9e5b-7e3dce4f86d6 tempest-DeleteServersTestJSON-421478420 tempest-DeleteServersTestJSON-421478420-project] new path /v2/images/8915a581-11a7-4000-8169-996bc2f1a91e {{(pid=151510) process_request /opt/stack/glance/glance/api/middleware/version_negotiation.py:70}}
Aug 02 21:40:07 ubuntu devstack@g-api.service[151510]: [pid: 151510|app: 0|req: 14/26] 127.0.0.1 () {42 vars in 1049 bytes} [Tue Aug  2 21:40:07 2022] GET /v2/images/8915a581-11a7-4000-8169-996bc2f1a91e => generated 976 bytes in 15 msecs (HTTP/1.1 200) 4 headers in 157 bytes (1 switches on core 0)
