Jul 21 16:16:56 ubuntu devstack@g-api.service[145301]: DEBUG swiftclient [None req-c43d6b3c-cabf-44d5-acfe-a11d2750da85 admin admin] RESP HEADERS: {'Content-Type': 'text/html; charset=UTF-8', 'Content-Length': '0', 'Etag': '1d3062cd89af34e419f7100277f38b2b', 'Last-Modified': 'Thu, 21 Jul 2022 16:16:57 GMT', 'X-Trans-Id': 'tx125b3fa4b2b141089851e-0062d97bf7', 'X-Openstack-Request-Id': 'tx125b3fa4b2b141089851e-0062d97bf7', 'Date': 'Thu, 21 Jul 2022 16:16:56 GMT'} {{(pid=145301) http_log /usr/local/lib/python3.8/dist-packages/swiftclient/client.py:159}}
Jul 21 16:16:56 ubuntu devstack@g-api.service[145301]: INFO glance.location [None req-c43d6b3c-cabf-44d5-acfe-a11d2750da85 admin admin] Image format matched and virtual size computed: 117440512
Jul 21 16:16:56 ubuntu devstack@g-api.service[145301]: DEBUG glance_store.backend [None req-c43d6b3c-cabf-44d5-acfe-a11d2750da85 admin admin] Attempting to import store swift {{(pid=145301) _load_store /usr/local/lib/python3.8/dist-packages/glance_store/backend.py:216}}
Jul 21 16:16:56 ubuntu devstack@g-api.service[145301]: DEBUG glance_store.capabilities [None req-c43d6b3c-cabf-44d5-acfe-a11d2750da85 admin admin] Store glance_store._drivers.swift.store.SingleTenantStore doesn't support updating dynamic storage capabilities. Please overwrite 'update_capabilities' method of the store to implement updating logics if needed. {{(pid=145301) update_capabilities /usr/local/lib/python3.8/dist-packages/glance_store/capabilities.py:91}}
Jul 21 16:16:56 ubuntu devstack@g-api.service[145301]: DEBUG glance_store.driver [None req-c43d6b3c-cabf-44d5-acfe-a11d2750da85 admin admin] Late loading location class glance_store._drivers.swift.store.StoreLocation {{(pid=145301) get_store_location_class /usr/local/lib/python3.8/dist-packages/glance_store/driver.py:116}}
Jul 21 16:16:56 ubuntu devstack@g-api.service[145301]: DEBUG glance_store.location [None req-c43d6b3c-cabf-44d5-acfe-a11d2750da85 admin admin] Registering scheme swift+https with {'store': <glance_store._drivers.swift.store.SingleTenantStore object at 0x7f268ca101f0>, 'location_class': <class 'glance_store._drivers.swift.store.StoreLocation'>, 'store_entry': 'swift'} {{(pid=145301) register_scheme_map /usr/local/lib/python3.8/dist-packages/glance_store/location.py:146}}
Jul 21 16:16:56 ubuntu devstack@g-api.service[145301]: DEBUG glance_store.location [None req-c43d6b3c-cabf-44d5-acfe-a11d2750da85 admin admin] Registering scheme swift+https with {'store': <glance_store._drivers.swift.store.SingleTenantStore object at 0x7f268ca101f0>, 'location_class': <class 'glance_store._drivers.swift.store.StoreLocation'>, 'store_entry': 'swift'} {{(pid=145301) register_scheme_map /usr/local/lib/python3.8/dist-packages/glance_store/location.py:146}}
Jul 21 16:16:56 ubuntu devstack@g-api.service[145301]: DEBUG glance_store.location [None req-c43d6b3c-cabf-44d5-acfe-a11d2750da85 admin admin] Registering scheme swift with {'store': <glance_store._drivers.swift.store.SingleTenantStore object at 0x7f268ca101f0>, 'location_class': <class 'glance_store._drivers.swift.store.StoreLocation'>, 'store_entry': 'swift'} {{(pid=145301) register_scheme_map /usr/local/lib/python3.8/dist-packages/glance_store/location.py:146}}
Jul 21 16:16:56 ubuntu devstack@g-api.service[145301]: DEBUG glance_store.location [None req-c43d6b3c-cabf-44d5-acfe-a11d2750da85 admin admin] Registering scheme swift+https with {'store': <glance_store._drivers.swift.store.SingleTenantStore object at 0x7f268ca101f0>, 'location_class': <class 'glance_store._drivers.swift.store.StoreLocation'>, 'store_entry': 'swift'} {{(pid=145301) register_scheme_map /usr/local/lib/python3.8/dist-packages/glance_store/location.py:146}}
Jul 21 16:16:56 ubuntu devstack@g-api.service[145301]: DEBUG glance_store.location [None req-c43d6b3c-cabf-44d5-acfe-a11d2750da85 admin admin] Registering scheme swift with {'store': <glance_store._drivers.swift.store.SingleTenantStore object at 0x7f268ca101f0>, 'location_class': <class 'glance_store._drivers.swift.store.StoreLocation'>, 'store_entry': 'swift'} {{(pid=145301) register_scheme_map /usr/local/lib/python3.8/dist-packages/glance_store/location.py:146}}
Jul 21 16:16:56 ubuntu devstack@g-api.service[145301]: DEBUG glance_store.location [None req-c43d6b3c-cabf-44d5-acfe-a11d2750da85 admin admin] Registering scheme swift+http with {'store': <glance_store._drivers.swift.store.SingleTenantStore object at 0x7f268ca101f0>, 'location_class': <class 'glance_store._drivers.swift.store.StoreLocation'>, 'store_entry': 'swift'} {{(pid=145301) register_scheme_map /usr/local/lib/python3.8/dist-packages/glance_store/location.py:146}}
Jul 21 16:16:56 ubuntu devstack@g-api.service[145301]: DEBUG glance_store.location [None req-c43d6b3c-cabf-44d5-acfe-a11d2750da85 admin admin] Registering scheme swift+https with {'store': <glance_store._drivers.swift.store.SingleTenantStore object at 0x7f268ca101f0>, 'location_class': <class 'glance_store._drivers.swift.store.StoreLocation'>, 'store_entry': 'swift'} {{(pid=145301) register_scheme_map /usr/local/lib/python3.8/dist-packages/glance_store/location.py:146}}
Jul 21 16:16:56 ubuntu devstack@g-api.service[145301]: DEBUG glance_store.location [None req-c43d6b3c-cabf-44d5-acfe-a11d2750da85 admin admin] Registering scheme swift with {'store': <glance_store._drivers.swift.store.SingleTenantStore object at 0x7f268ca101f0>, 'location_class': <class 'glance_store._drivers.swift.store.StoreLocation'>, 'store_entry': 'swift'} {{(pid=145301) register_scheme_map /usr/local/lib/python3.8/dist-packages/glance_store/location.py:146}}
Jul 21 16:16:56 ubuntu devstack@g-api.service[145301]: DEBUG glance_store.location [None req-c43d6b3c-cabf-44d5-acfe-a11d2750da85 admin admin] Registering scheme swift+http with {'store': <glance_store._drivers.swift.store.SingleTenantStore object at 0x7f268ca101f0>, 'location_class': <class 'glance_store._drivers.swift.store.StoreLocation'>, 'store_entry': 'swift'} {{(pid=145301) register_scheme_map /usr/local/lib/python3.8/dist-packages/glance_store/location.py:146}}
Jul 21 16:16:56 ubuntu devstack@g-api.service[145301]: DEBUG glance_store.location [None req-c43d6b3c-cabf-44d5-acfe-a11d2750da85 admin admin] Registering scheme swift+config with {'store': <glance_store._drivers.swift.store.SingleTenantStore object at 0x7f268ca101f0>, 'location_class': <class 'glance_store._drivers.swift.store.StoreLocation'>, 'store_entry': 'swift'} {{(pid=145301) register_scheme_map /usr/local/lib/python3.8/dist-packages/glance_store/location.py:146}}
Jul 21 16:16:56 ubuntu devstack@g-api.service[145301]: DEBUG glance_store.backend [None req-c43d6b3c-cabf-44d5-acfe-a11d2750da85 admin admin] Skipping store.set_acls... not implemented. {{(pid=145301) set_acls /usr/local/lib/python3.8/dist-packages/glance_store/backend.py:508}}
Jul 21 16:16:56 ubuntu devstack@g-api.service[145301]: [pid: 145301|app: 0|req: 3/4] 127.0.0.1 () {40 vars in 862 bytes} [Thu Jul 21 16:16:53 2022] PUT /v2/images/b558de53-2b9a-4046-a2ce-d0e1d13c122b/file => generated 0 bytes in 2835 msecs (HTTP/1.1 204) 4 headers in 171 bytes (1 switches on core 0)
Jul 21 16:17:03 ubuntu devstack@g-api.service[145302]: DEBUG dbcounter [-] [145302] Writing DB stats glance:SELECT=9,glance:INSERT=5 {{(pid=145302) stat_writer /usr/local/lib/python3.8/dist-packages/dbcounter.py:114}}
Jul 21 16:17:06 ubuntu devstack@g-api.service[145301]: DEBUG dbcounter [-] [145301] Writing DB stats glance:SELECT=28,glance:UPDATE=2,glance:INSERT=1 {{(pid=145301) stat_writer /usr/local/lib/python3.8/dist-packages/dbcounter.py:114}}
Jul 21 16:17:40 ubuntu devstack@g-api.service[145302]: DEBUG glance.api.middleware.version_negotiation [None req-3e67de3f-6db4-43d2-a2bd-3aeba013a0bb admin admin] Determining version of request: GET / Accept: application/json {{(pid=145302) process_request /opt/stack/glance/glance/api/middleware/version_negotiation.py:44}}
Jul 21 16:17:40 ubuntu devstack@g-api.service[145302]: DEBUG glance.api.middleware.version_negotiation [None req-3e67de3f-6db4-43d2-a2bd-3aeba013a0bb admin admin] Using url versioning {{(pid=145302) process_request /opt/stack/glance/glance/api/middleware/version_negotiation.py:57}}
Jul 21 16:17:40 ubuntu devstack@g-api.service[145302]: DEBUG glance.api.middleware.version_negotiation [None req-3e67de3f-6db4-43d2-a2bd-3aeba013a0bb admin admin] Unknown version. Returning version choices. {{(pid=145302) process_request /opt/stack/glance/glance/api/middleware/version_negotiation.py:64}}
Jul 21 16:17:40 ubuntu devstack@g-api.service[145302]: [pid: 145302|app: 0|req: 2/5] 127.0.0.1 () {34 vars in 506 bytes} [Thu Jul 21 16:17:40 2022] GET / => generated 1323 bytes in 5 msecs (HTTP/1.1 300) 3 headers in 106 bytes (1 switches on core 0)
Jul 21 16:17:40 ubuntu devstack@g-api.service[145301]: DEBUG glance.api.middleware.version_negotiation [None req-c43d6b3c-cabf-44d5-acfe-a11d2750da85 admin admin] Determining version of request: GET /v2/images Accept: application/json {{(pid=145301) process_request /opt/stack/glance/glance/api/middleware/version_negotiation.py:44}}
Jul 21 16:17:40 ubuntu devstack@g-api.service[145301]: DEBUG glance.api.middleware.version_negotiation [None req-c43d6b3c-cabf-44d5-acfe-a11d2750da85 admin admin] Using url versioning {{(pid=145301) process_request /opt/stack/glance/glance/api/middleware/version_negotiation.py:57}}
Jul 21 16:17:40 ubuntu devstack@g-api.service[145301]: DEBUG glance.api.middleware.version_negotiation [None req-c43d6b3c-cabf-44d5-acfe-a11d2750da85 admin admin] Matched version: v2 {{(pid=145301) process_request /opt/stack/glance/glance/api/middleware/version_negotiation.py:69}}
Jul 21 16:17:40 ubuntu devstack@g-api.service[145301]: DEBUG glance.api.middleware.version_negotiation [None req-c43d6b3c-cabf-44d5-acfe-a11d2750da85 admin admin] new path /v2/images {{(pid=145301) process_request /opt/stack/glance/glance/api/middleware/version_negotiation.py:70}}
Jul 21 16:17:40 ubuntu devstack@g-api.service[145301]: [pid: 145301|app: 0|req: 4/6] 127.0.0.1 () {36 vars in 728 bytes} [Thu Jul 21 16:17:40 2022] GET /v2/images => generated 1045 bytes in 456 msecs (HTTP/1.1 200) 4 headers in 158 bytes (1 switches on core 0)
Jul 21 16:17:47 ubuntu devstack@g-api.service[145302]: DEBUG glance.api.middleware.version_negotiation [None req-3e67de3f-6db4-43d2-a2bd-3aeba013a0bb admin admin] Determining version of request: GET / Accept: application/json {{(pid=145302) process_request /opt/stack/glance/glance/api/middleware/version_negotiation.py:44}}
Jul 21 16:17:47 ubuntu devstack@g-api.service[145302]: DEBUG glance.api.middleware.version_negotiation [None req-3e67de3f-6db4-43d2-a2bd-3aeba013a0bb admin admin] Using url versioning {{(pid=145302) process_request /opt/stack/glance/glance/api/middleware/version_negotiation.py:57}}
Jul 21 16:17:47 ubuntu devstack@g-api.service[145302]: DEBUG glance.api.middleware.version_negotiation [None req-3e67de3f-6db4-43d2-a2bd-3aeba013a0bb admin admin] Unknown version. Returning version choices. {{(pid=145302) process_request /opt/stack/glance/glance/api/middleware/version_negotiation.py:64}}
Jul 21 16:17:47 ubuntu devstack@g-api.service[145302]: [pid: 145302|app: 0|req: 3/7] 127.0.0.1 () {34 vars in 506 bytes} [Thu Jul 21 16:17:47 2022] GET / => generated 1323 bytes in 3 msecs (HTTP/1.1 300) 3 headers in 106 bytes (1 switches on core 0)
Jul 21 16:17:47 ubuntu devstack@g-api.service[145301]: DEBUG glance.api.middleware.version_negotiation [None req-a12197ad-27b5-422b-b766-9b2a1a7ab648 admin admin] Determining version of request: GET /v2/images/b558de53-2b9a-4046-a2ce-d0e1d13c122b Accept: */* {{(pid=145301) process_request /opt/stack/glance/glance/api/middleware/version_negotiation.py:44}}
Jul 21 16:17:47 ubuntu devstack@g-api.service[145301]: DEBUG glance.api.middleware.version_negotiation [None req-a12197ad-27b5-422b-b766-9b2a1a7ab648 admin admin] Using url versioning {{(pid=145301) process_request /opt/stack/glance/glance/api/middleware/version_negotiation.py:57}}
Jul 21 16:17:47 ubuntu devstack@g-api.service[145301]: DEBUG glance.api.middleware.version_negotiation [None req-a12197ad-27b5-422b-b766-9b2a1a7ab648 admin admin] Matched version: v2 {{(pid=145301) process_request /opt/stack/glance/glance/api/middleware/version_negotiation.py:69}}
Jul 21 16:17:47 ubuntu devstack@g-api.service[145301]: DEBUG glance.api.middleware.version_negotiation [None req-a12197ad-27b5-422b-b766-9b2a1a7ab648 admin admin] new path /v2/images/b558de53-2b9a-4046-a2ce-d0e1d13c122b {{(pid=145301) process_request /opt/stack/glance/glance/api/middleware/version_negotiation.py:70}}
Jul 21 16:17:47 ubuntu devstack@g-api.service[145301]: [pid: 145301|app: 0|req: 5/8] 127.0.0.1 () {36 vars in 789 bytes} [Thu Jul 21 16:17:47 2022] GET /v2/images/b558de53-2b9a-4046-a2ce-d0e1d13c122b => generated 976 bytes in 266 msecs (HTTP/1.1 200) 4 headers in 157 bytes (1 switches on core 0)
Jul 21 16:17:52 ubuntu devstack@g-api.service[145302]: DEBUG glance.api.middleware.version_negotiation [None req-3e67de3f-6db4-43d2-a2bd-3aeba013a0bb admin admin] Determining version of request: GET / Accept: application/json {{(pid=145302) process_request /opt/stack/glance/glance/api/middleware/version_negotiation.py:44}}
Jul 21 16:17:52 ubuntu devstack@g-api.service[145302]: DEBUG glance.api.middleware.version_negotiation [None req-3e67de3f-6db4-43d2-a2bd-3aeba013a0bb admin admin] Using url versioning {{(pid=145302) process_request /opt/stack/glance/glance/api/middleware/version_negotiation.py:57}}
Jul 21 16:17:52 ubuntu devstack@g-api.service[145302]: DEBUG glance.api.middleware.version_negotiation [None req-3e67de3f-6db4-43d2-a2bd-3aeba013a0bb admin admin] Unknown version. Returning version choices. {{(pid=145302) process_request /opt/stack/glance/glance/api/middleware/version_negotiation.py:64}}
Jul 21 16:17:52 ubuntu devstack@g-api.service[145302]: [pid: 145302|app: 0|req: 4/9] 127.0.0.1 () {34 vars in 506 bytes} [Thu Jul 21 16:17:52 2022] GET / => generated 1323 bytes in 4 msecs (HTTP/1.1 300) 3 headers in 106 bytes (1 switches on core 0)
Jul 21 16:17:52 ubuntu devstack@g-api.service[145301]: DEBUG glance.api.middleware.version_negotiation [None req-5743747d-067d-461a-aed3-dcb390f0b983 admin admin] Determining version of request: GET /v2/images/b558de53-2b9a-4046-a2ce-d0e1d13c122b Accept: */* {{(pid=145301) process_request /opt/stack/glance/glance/api/middleware/version_negotiation.py:44}}
Jul 21 16:17:52 ubuntu devstack@g-api.service[145301]: DEBUG glance.api.middleware.version_negotiation [None req-5743747d-067d-461a-aed3-dcb390f0b983 admin admin] Using url versioning {{(pid=145301) process_request /opt/stack/glance/glance/api/middleware/version_negotiation.py:57}}
Jul 21 16:17:52 ubuntu devstack@g-api.service[145301]: DEBUG glance.api.middleware.version_negotiation [None req-5743747d-067d-461a-aed3-dcb390f0b983 admin admin] Matched version: v2 {{(pid=145301) process_request /opt/stack/glance/glance/api/middleware/version_negotiation.py:69}}
Jul 21 16:17:52 ubuntu devstack@g-api.service[145301]: DEBUG glance.api.middleware.version_negotiation [None req-5743747d-067d-461a-aed3-dcb390f0b983 admin admin] new path /v2/images/b558de53-2b9a-4046-a2ce-d0e1d13c122b {{(pid=145301) process_request /opt/stack/glance/glance/api/middleware/version_negotiation.py:70}}
Jul 21 16:17:52 ubuntu devstack@g-api.service[145301]: [pid: 145301|app: 0|req: 6/10] 127.0.0.1 () {36 vars in 789 bytes} [Thu Jul 21 16:17:52 2022] GET /v2/images/b558de53-2b9a-4046-a2ce-d0e1d13c122b => generated 976 bytes in 307 msecs (HTTP/1.1 200) 4 headers in 157 bytes (1 switches on core 0)
Jul 21 16:18:02 ubuntu devstack@g-api.service[145301]: DEBUG dbcounter [-] [145301] Writing DB stats glance:SELECT=10 {{(pid=145301) stat_writer /usr/local/lib/python3.8/dist-packages/dbcounter.py:114}}
Jul 21 16:20:05 ubuntu devstack@g-api.service[145302]: DEBUG glance.api.middleware.version_negotiation [None req-3e67de3f-6db4-43d2-a2bd-3aeba013a0bb admin admin] Determining version of request: GET /v1 Accept: application/json {{(pid=145302) process_request /opt/stack/glance/glance/api/middleware/version_negotiation.py:44}}
Jul 21 16:20:05 ubuntu devstack@g-api.service[145302]: DEBUG glance.api.middleware.version_negotiation [None req-3e67de3f-6db4-43d2-a2bd-3aeba013a0bb admin admin] Using url versioning {{(pid=145302) process_request /opt/stack/glance/glance/api/middleware/version_negotiation.py:57}}
Jul 21 16:20:05 ubuntu devstack@g-api.service[145302]: DEBUG glance.api.middleware.version_negotiation [None req-3e67de3f-6db4-43d2-a2bd-3aeba013a0bb admin admin] Unknown version. Returning version choices. {{(pid=145302) process_request /opt/stack/glance/glance/api/middleware/version_negotiation.py:64}}
Jul 21 16:20:05 ubuntu devstack@g-api.service[145302]: [pid: 145302|app: 0|req: 5/11] 127.0.0.1 () {38 vars in 685 bytes} [Thu Jul 21 16:20:05 2022] GET /v1 => generated 1323 bytes in 3 msecs (HTTP/1.1 300) 3 headers in 106 bytes (1 switches on core 0)
Jul 21 16:22:19 ubuntu devstack@g-api.service[145301]: DEBUG glance.api.middleware.version_negotiation [None req-07b0cc7e-5572-4a51-b83b-58ce7bf27a20 admin admin] Determining version of request: GET /versions Accept: */* {{(pid=145301) process_request /opt/stack/glance/glance/api/middleware/version_negotiation.py:44}}
Jul 21 16:22:19 ubuntu devstack@g-api.service[145301]: [pid: 145301|app: 0|req: 7/12] 127.0.0.1 () {38 vars in 695 bytes} [Thu Jul 21 16:22:19 2022] GET /versions => generated 1323 bytes in 3 msecs (HTTP/1.1 200) 3 headers in 92 bytes (1 switches on core 0)
Jul 21 16:22:19 ubuntu devstack@g-api.service[145302]: DEBUG glance.api.middleware.version_negotiation [None req-3e67de3f-6db4-43d2-a2bd-3aeba013a0bb admin admin] Determining version of request: GET /v2/schemas/image Accept: */* {{(pid=145302) process_request /opt/stack/glance/glance/api/middleware/version_negotiation.py:44}}
Jul 21 16:22:19 ubuntu devstack@g-api.service[145302]: DEBUG glance.api.middleware.version_negotiation [None req-3e67de3f-6db4-43d2-a2bd-3aeba013a0bb admin admin] Using url versioning {{(pid=145302) process_request /opt/stack/glance/glance/api/middleware/version_negotiation.py:57}}
Jul 21 16:22:19 ubuntu devstack@g-api.service[145302]: DEBUG glance.api.middleware.version_negotiation [None req-3e67de3f-6db4-43d2-a2bd-3aeba013a0bb admin admin] Matched version: v2 {{(pid=145302) process_request /opt/stack/glance/glance/api/middleware/version_negotiation.py:69}}
Jul 21 16:22:19 ubuntu devstack@g-api.service[145302]: DEBUG glance.api.middleware.version_negotiation [None req-3e67de3f-6db4-43d2-a2bd-3aeba013a0bb admin admin] new path /v2/schemas/image {{(pid=145302) process_request /opt/stack/glance/glance/api/middleware/version_negotiation.py:70}}
Jul 21 16:22:19 ubuntu devstack@g-api.service[145302]: [pid: 145302|app: 0|req: 6/13] 127.0.0.1 () {38 vars in 711 bytes} [Thu Jul 21 16:22:19 2022] GET /v2/schemas/image => generated 6083 bytes in 122 msecs (HTTP/1.1 200) 4 headers in 158 bytes (1 switches on core 0)
Jul 21 16:22:19 ubuntu devstack@g-api.service[145301]: DEBUG glance.api.middleware.version_negotiation [None req-07b0cc7e-5572-4a51-b83b-58ce7bf27a20 admin admin] Determining version of request: GET /v2/schemas/metadefs/namespace Accept: */* {{(pid=145301) process_request /opt/stack/glance/glance/api/middleware/version_negotiation.py:44}}
Jul 21 16:22:19 ubuntu devstack@g-api.service[145301]: DEBUG glance.api.middleware.version_negotiation [None req-07b0cc7e-5572-4a51-b83b-58ce7bf27a20 admin admin] Using url versioning {{(pid=145301) process_request /opt/stack/glance/glance/api/middleware/version_negotiation.py:57}}
Jul 21 16:22:19 ubuntu devstack@g-api.service[145301]: DEBUG glance.api.middleware.version_negotiation [None req-07b0cc7e-5572-4a51-b83b-58ce7bf27a20 admin admin] Matched version: v2 {{(pid=145301) process_request /opt/stack/glance/glance/api/middleware/version_negotiation.py:69}}
Jul 21 16:22:19 ubuntu devstack@g-api.service[145301]: DEBUG glance.api.middleware.version_negotiation [None req-07b0cc7e-5572-4a51-b83b-58ce7bf27a20 admin admin] new path /v2/schemas/metadefs/namespace {{(pid=145301) process_request /opt/stack/glance/glance/api/middleware/version_negotiation.py:70}}
Jul 21 16:22:19 ubuntu devstack@g-api.service[145301]: [pid: 145301|app: 0|req: 8/14] 127.0.0.1 () {38 vars in 737 bytes} [Thu Jul 21 16:22:19 2022] GET /v2/schemas/metadefs/namespace => generated 3100 bytes in 10 msecs (HTTP/1.1 200) 4 headers in 158 bytes (1 switches on core 0)
Jul 21 16:22:19 ubuntu devstack@g-api.service[145302]: DEBUG glance.api.middleware.version_negotiation [None req-952bc59b-8951-4645-9dc6-32206ee3aef3 admin admin] Determining version of request: GET /v2/schemas/metadefs/resource_type Accept: */* {{(pid=145302) process_request /opt/stack/glance/glance/api/middleware/version_negotiation.py:44}}
Jul 21 16:22:19 ubuntu devstack@g-api.service[145302]: DEBUG glance.api.middleware.version_negotiation [None req-952bc59b-8951-4645-9dc6-32206ee3aef3 admin admin] Using url versioning {{(pid=145302) process_request /opt/stack/glance/glance/api/middleware/version_negotiation.py:57}}
Jul 21 16:22:19 ubuntu devstack@g-api.service[145302]: DEBUG glance.api.middleware.version_negotiation [None req-952bc59b-8951-4645-9dc6-32206ee3aef3 admin admin] Matched version: v2 {{(pid=145302) process_request /opt/stack/glance/glance/api/middleware/version_negotiation.py:69}}
Jul 21 16:22:19 ubuntu devstack@g-api.service[145302]: DEBUG glance.api.middleware.version_negotiation [None req-952bc59b-8951-4645-9dc6-32206ee3aef3 admin admin] new path /v2/schemas/metadefs/resource_type {{(pid=145302) process_request /opt/stack/glance/glance/api/middleware/version_negotiation.py:70}}
Jul 21 16:22:19 ubuntu devstack@g-api.service[145302]: [pid: 145302|app: 0|req: 7/15] 127.0.0.1 () {38 vars in 745 bytes} [Thu Jul 21 16:22:19 2022] GET /v2/schemas/metadefs/resource_type => generated 1260 bytes in 5 msecs (HTTP/1.1 200) 4 headers in 158 bytes (1 switches on core 0)
Jul 21 16:22:19 ubuntu devstack@g-api.service[145301]: DEBUG glance.api.middleware.version_negotiation [None req-5c5ac595-b024-4411-b7cc-4f08d77c7f5c admin admin] Determining version of request: GET /v2/images Accept: */* {{(pid=145301) process_request /opt/stack/glance/glance/api/middleware/version_negotiation.py:44}}
Jul 21 16:22:19 ubuntu devstack@g-api.service[145301]: DEBUG glance.api.middleware.version_negotiation [None req-5c5ac595-b024-4411-b7cc-4f08d77c7f5c admin admin] Using url versioning {{(pid=145301) process_request /opt/stack/glance/glance/api/middleware/version_negotiation.py:57}}
Jul 21 16:22:19 ubuntu devstack@g-api.service[145301]: DEBUG glance.api.middleware.version_negotiation [None req-5c5ac595-b024-4411-b7cc-4f08d77c7f5c admin admin] Matched version: v2 {{(pid=145301) process_request /opt/stack/glance/glance/api/middleware/version_negotiation.py:69}}
Jul 21 16:22:19 ubuntu devstack@g-api.service[145301]: DEBUG glance.api.middleware.version_negotiation [None req-5c5ac595-b024-4411-b7cc-4f08d77c7f5c admin admin] new path /v2/images {{(pid=145301) process_request /opt/stack/glance/glance/api/middleware/version_negotiation.py:70}}
Jul 21 16:22:19 ubuntu devstack@g-api.service[145301]: [pid: 145301|app: 0|req: 9/16] 127.0.0.1 () {38 vars in 768 bytes} [Thu Jul 21 16:22:19 2022] GET /v2/images?limit=20&sort_key=name&sort_dir=asc => generated 1081 bytes in 70 msecs (HTTP/1.1 200) 4 headers in 158 bytes (1 switches on core 0)
Jul 21 16:22:19 ubuntu devstack@g-api.service[145302]: DEBUG glance.api.middleware.version_negotiation [None req-cd4d4e40-f6c2-4b3a-b2f5-a026b5e5d937 admin admin] Determining version of request: GET /v2/schemas/image Accept: */* {{(pid=145302) process_request /opt/stack/glance/glance/api/middleware/version_negotiation.py:44}}
Jul 21 16:22:19 ubuntu devstack@g-api.service[145302]: DEBUG glance.api.middleware.version_negotiation [None req-cd4d4e40-f6c2-4b3a-b2f5-a026b5e5d937 admin admin] Using url versioning {{(pid=145302) process_request /opt/stack/glance/glance/api/middleware/version_negotiation.py:57}}
Jul 21 16:22:19 ubuntu devstack@g-api.service[145302]: DEBUG glance.api.middleware.version_negotiation [None req-cd4d4e40-f6c2-4b3a-b2f5-a026b5e5d937 admin admin] Matched version: v2 {{(pid=145302) process_request /opt/stack/glance/glance/api/middleware/version_negotiation.py:69}}
Jul 21 16:22:19 ubuntu devstack@g-api.service[145302]: DEBUG glance.api.middleware.version_negotiation [None req-cd4d4e40-f6c2-4b3a-b2f5-a026b5e5d937 admin admin] new path /v2/schemas/image {{(pid=145302) process_request /opt/stack/glance/glance/api/middleware/version_negotiation.py:70}}
Jul 21 16:22:19 ubuntu devstack@g-api.service[145302]: [pid: 145302|app: 0|req: 8/17] 127.0.0.1 () {38 vars in 711 bytes} [Thu Jul 21 16:22:19 2022] GET /v2/schemas/image => generated 6083 bytes in 7 msecs (HTTP/1.1 200) 4 headers in 158 bytes (1 switches on core 0)
Jul 21 16:22:29 ubuntu devstack@g-api.service[145301]: DEBUG dbcounter [-] [145301] Writing DB stats glance:SELECT=2 {{(pid=145301) stat_writer /usr/local/lib/python3.8/dist-packages/dbcounter.py:114}}
Jul 21 16:22:33 ubuntu devstack@g-api.service[145301]: DEBUG glance.api.middleware.version_negotiation [None req-19146ccf-efa5-4b72-a703-0cc9b848de5f admin admin] Determining version of request: GET / Accept: application/json {{(pid=145301) process_request /opt/stack/glance/glance/api/middleware/version_negotiation.py:44}}
Jul 21 16:22:33 ubuntu devstack@g-api.service[145301]: DEBUG glance.api.middleware.version_negotiation [None req-19146ccf-efa5-4b72-a703-0cc9b848de5f admin admin] Using url versioning {{(pid=145301) process_request /opt/stack/glance/glance/api/middleware/version_negotiation.py:57}}
Jul 21 16:22:33 ubuntu devstack@g-api.service[145301]: DEBUG glance.api.middleware.version_negotiation [None req-19146ccf-efa5-4b72-a703-0cc9b848de5f admin admin] Unknown version. Returning version choices. {{(pid=145301) process_request /opt/stack/glance/glance/api/middleware/version_negotiation.py:64}}
Jul 21 16:22:33 ubuntu devstack@g-api.service[145301]: [pid: 145301|app: 0|req: 10/18] 127.0.0.1 () {34 vars in 492 bytes} [Thu Jul 21 16:22:33 2022] GET / => generated 1323 bytes in 3 msecs (HTTP/1.1 300) 3 headers in 106 bytes (1 switches on core 0)
Jul 21 16:22:33 ubuntu devstack@g-api.service[145302]: DEBUG glance.api.middleware.version_negotiation [None req-9c6995f9-3939-4989-87ce-b24380c70d58 admin admin] Determining version of request: GET /v2/images/b558de53-2b9a-4046-a2ce-d0e1d13c122b Accept: */* {{(pid=145302) process_request /opt/stack/glance/glance/api/middleware/version_negotiation.py:44}}
Jul 21 16:22:33 ubuntu devstack@g-api.service[145302]: DEBUG glance.api.middleware.version_negotiation [None req-9c6995f9-3939-4989-87ce-b24380c70d58 admin admin] Using url versioning {{(pid=145302) process_request /opt/stack/glance/glance/api/middleware/version_negotiation.py:57}}
Jul 21 16:22:33 ubuntu devstack@g-api.service[145302]: DEBUG glance.api.middleware.version_negotiation [None req-9c6995f9-3939-4989-87ce-b24380c70d58 admin admin] Matched version: v2 {{(pid=145302) process_request /opt/stack/glance/glance/api/middleware/version_negotiation.py:69}}
Jul 21 16:22:33 ubuntu devstack@g-api.service[145302]: DEBUG glance.api.middleware.version_negotiation [None req-9c6995f9-3939-4989-87ce-b24380c70d58 admin admin] new path /v2/images/b558de53-2b9a-4046-a2ce-d0e1d13c122b {{(pid=145302) process_request /opt/stack/glance/glance/api/middleware/version_negotiation.py:70}}
Jul 21 16:22:33 ubuntu devstack@g-api.service[145302]: WARNING keystonemiddleware.auth_token [None req-9c6995f9-3939-4989-87ce-b24380c70d58 admin admin] A valid token was submitted as a service token, but it was not a valid service token. This is incorrect but backwards compatible behaviour. This will be removed in future releases.
Jul 21 16:22:33 ubuntu devstack@g-api.service[145302]: [pid: 145302|app: 0|req: 9/19] 127.0.0.1 () {42 vars in 1049 bytes} [Thu Jul 21 16:22:33 2022] GET /v2/images/b558de53-2b9a-4046-a2ce-d0e1d13c122b => generated 976 bytes in 124 msecs (HTTP/1.1 200) 4 headers in 157 bytes (1 switches on core 0)
Jul 21 16:22:33 ubuntu devstack@g-api.service[145301]: DEBUG glance.api.middleware.version_negotiation [None req-19146ccf-efa5-4b72-a703-0cc9b848de5f admin admin] Determining version of request: GET /v2/schemas/image Accept: */* {{(pid=145301) process_request /opt/stack/glance/glance/api/middleware/version_negotiation.py:44}}
Jul 21 16:22:33 ubuntu devstack@g-api.service[145301]: DEBUG glance.api.middleware.version_negotiation [None req-19146ccf-efa5-4b72-a703-0cc9b848de5f admin admin] Using url versioning {{(pid=145301) process_request /opt/stack/glance/glance/api/middleware/version_negotiation.py:57}}
Jul 21 16:22:33 ubuntu devstack@g-api.service[145301]: DEBUG glance.api.middleware.version_negotiation [None req-19146ccf-efa5-4b72-a703-0cc9b848de5f admin admin] Matched version: v2 {{(pid=145301) process_request /opt/stack/glance/glance/api/middleware/version_negotiation.py:69}}
Jul 21 16:22:33 ubuntu devstack@g-api.service[145301]: DEBUG glance.api.middleware.version_negotiation [None req-19146ccf-efa5-4b72-a703-0cc9b848de5f admin admin] new path /v2/schemas/image {{(pid=145301) process_request /opt/stack/glance/glance/api/middleware/version_negotiation.py:70}}
Jul 21 16:22:33 ubuntu devstack@g-api.service[145301]: WARNING keystonemiddleware.auth_token [None req-19146ccf-efa5-4b72-a703-0cc9b848de5f admin admin] A valid token was submitted as a service token, but it was not a valid service token. This is incorrect but backwards compatible behaviour. This will be removed in future releases.
Jul 21 16:22:33 ubuntu devstack@g-api.service[145301]: [pid: 145301|app: 0|req: 11/20] 127.0.0.1 () {42 vars in 989 bytes} [Thu Jul 21 16:22:33 2022] GET /v2/schemas/image => generated 6083 bytes in 9 msecs (HTTP/1.1 200) 4 headers in 158 bytes (1 switches on core 0)
Jul 21 16:22:35 ubuntu devstack@g-api.service[145302]: DEBUG glance.api.middleware.version_negotiation [None req-668bf646-36eb-4b9d-8dcb-89802915bd1b tempest-VolumesAdminNegativeTest-142546609 tempest-VolumesAdminNegativeTest-142546609-project] Determining version of request: GET /v2/images/b558de53-2b9a-4046-a2ce-d0e1d13c122b Accept: */* {{(pid=145302) process_request /opt/stack/glance/glance/api/middleware/version_negotiation.py:44}}
Jul 21 16:22:35 ubuntu devstack@g-api.service[145302]: DEBUG glance.api.middleware.version_negotiation [None req-668bf646-36eb-4b9d-8dcb-89802915bd1b tempest-VolumesAdminNegativeTest-142546609 tempest-VolumesAdminNegativeTest-142546609-project] Using url versioning {{(pid=145302) process_request /opt/stack/glance/glance/api/middleware/version_negotiation.py:57}}
Jul 21 16:22:35 ubuntu devstack@g-api.service[145302]: DEBUG glance.api.middleware.version_negotiation [None req-668bf646-36eb-4b9d-8dcb-89802915bd1b tempest-VolumesAdminNegativeTest-142546609 tempest-VolumesAdminNegativeTest-142546609-project] Matched version: v2 {{(pid=145302) process_request /opt/stack/glance/glance/api/middleware/version_negotiation.py:69}}
Jul 21 16:22:35 ubuntu devstack@g-api.service[145302]: DEBUG glance.api.middleware.version_negotiation [None req-668bf646-36eb-4b9d-8dcb-89802915bd1b tempest-VolumesAdminNegativeTest-142546609 tempest-VolumesAdminNegativeTest-142546609-project] new path /v2/images/b558de53-2b9a-4046-a2ce-d0e1d13c122b {{(pid=145302) process_request /opt/stack/glance/glance/api/middleware/version_negotiation.py:70}}
Jul 21 16:22:35 ubuntu devstack@g-api.service[145302]: [pid: 145302|app: 0|req: 10/21] 127.0.0.1 () {42 vars in 1049 bytes} [Thu Jul 21 16:22:35 2022] GET /v2/images/b558de53-2b9a-4046-a2ce-d0e1d13c122b => generated 976 bytes in 17 msecs (HTTP/1.1 200) 4 headers in 157 bytes (1 switches on core 0)
Jul 21 16:22:35 ubuntu devstack@g-api.service[145301]: DEBUG glance.api.middleware.version_negotiation [None req-668bf646-36eb-4b9d-8dcb-89802915bd1b tempest-VolumesAdminNegativeTest-142546609 tempest-VolumesAdminNegativeTest-142546609-project] Determining version of request: GET /v2/images/b558de53-2b9a-4046-a2ce-d0e1d13c122b/file Accept: */* {{(pid=145301) process_request /opt/stack/glance/glance/api/middleware/version_negotiation.py:44}}
Jul 21 16:22:35 ubuntu devstack@g-api.service[145301]: DEBUG glance.api.middleware.version_negotiation [None req-668bf646-36eb-4b9d-8dcb-89802915bd1b tempest-VolumesAdminNegativeTest-142546609 tempest-VolumesAdminNegativeTest-142546609-project] Using url versioning {{(pid=145301) process_request /opt/stack/glance/glance/api/middleware/version_negotiation.py:57}}
Jul 21 16:22:35 ubuntu devstack@g-api.service[145301]: DEBUG glance.api.middleware.version_negotiation [None req-668bf646-36eb-4b9d-8dcb-89802915bd1b tempest-VolumesAdminNegativeTest-142546609 tempest-VolumesAdminNegativeTest-142546609-project] Matched version: v2 {{(pid=145301) process_request /opt/stack/glance/glance/api/middleware/version_negotiation.py:69}}
Jul 21 16:22:35 ubuntu devstack@g-api.service[145301]: DEBUG glance.api.middleware.version_negotiation [None req-668bf646-36eb-4b9d-8dcb-89802915bd1b tempest-VolumesAdminNegativeTest-142546609 tempest-VolumesAdminNegativeTest-142546609-project] new path /v2/images/b558de53-2b9a-4046-a2ce-d0e1d13c122b/file {{(pid=145301) process_request /opt/stack/glance/glance/api/middleware/version_negotiation.py:70}}
Jul 21 16:22:35 ubuntu devstack@g-api.service[145301]: DEBUG glance_store.backend [None req-668bf646-36eb-4b9d-8dcb-89802915bd1b tempest-VolumesAdminNegativeTest-142546609 tempest-VolumesAdminNegativeTest-142546609-project] Attempting to import store swift {{(pid=145301) _load_store /usr/local/lib/python3.8/dist-packages/glance_store/backend.py:216}}
Jul 21 16:22:35 ubuntu devstack@g-api.service[145301]: DEBUG glance_store.capabilities [None req-668bf646-36eb-4b9d-8dcb-89802915bd1b tempest-VolumesAdminNegativeTest-142546609 tempest-VolumesAdminNegativeTest-142546609-project] Store glance_store._drivers.swift.store.SingleTenantStore doesn't support updating dynamic storage capabilities. Please overwrite 'update_capabilities' method of the store to implement updating logics if needed. {{(pid=145301) update_capabilities /usr/local/lib/python3.8/dist-packages/glance_store/capabilities.py:91}}
Jul 21 16:22:35 ubuntu devstack@g-api.service[145301]: DEBUG glance_store.driver [None req-668bf646-36eb-4b9d-8dcb-89802915bd1b tempest-VolumesAdminNegativeTest-142546609 tempest-VolumesAdminNegativeTest-142546609-project] Late loading location class glance_store._drivers.swift.store.StoreLocation {{(pid=145301) get_store_location_class /usr/local/lib/python3.8/dist-packages/glance_store/driver.py:116}}
Jul 21 16:22:35 ubuntu devstack@g-api.service[145301]: DEBUG glance_store.location [None req-668bf646-36eb-4b9d-8dcb-89802915bd1b tempest-VolumesAdminNegativeTest-142546609 tempest-VolumesAdminNegativeTest-142546609-project] Registering scheme swift+https with {'store': <glance_store._drivers.swift.store.SingleTenantStore object at 0x7f26875f1430>, 'location_class': <class 'glance_store._drivers.swift.store.StoreLocation'>, 'store_entry': 'swift'} {{(pid=145301) register_scheme_map /usr/local/lib/python3.8/dist-packages/glance_store/location.py:146}}
Jul 21 16:22:35 ubuntu devstack@g-api.service[145301]: DEBUG glance_store.location [None req-668bf646-36eb-4b9d-8dcb-89802915bd1b tempest-VolumesAdminNegativeTest-142546609 tempest-VolumesAdminNegativeTest-142546609-project] Registering scheme swift+https with {'store': <glance_store._drivers.swift.store.SingleTenantStore object at 0x7f26875f1430>, 'location_class': <class 'glance_store._drivers.swift.store.StoreLocation'>, 'store_entry': 'swift'} {{(pid=145301) register_scheme_map /usr/local/lib/python3.8/dist-packages/glance_store/location.py:146}}
Jul 21 16:22:35 ubuntu devstack@g-api.service[145301]: DEBUG glance_store.location [None req-668bf646-36eb-4b9d-8dcb-89802915bd1b tempest-VolumesAdminNegativeTest-142546609 tempest-VolumesAdminNegativeTest-142546609-project] Registering scheme swift with {'store': <glance_store._drivers.swift.store.SingleTenantStore object at 0x7f26875f1430>, 'location_class': <class 'glance_store._drivers.swift.store.StoreLocation'>, 'store_entry': 'swift'} {{(pid=145301) register_scheme_map /usr/local/lib/python3.8/dist-packages/glance_store/location.py:146}}
Jul 21 16:22:35 ubuntu devstack@g-api.service[145301]: DEBUG glance_store.location [None req-668bf646-36eb-4b9d-8dcb-89802915bd1b tempest-VolumesAdminNegativeTest-142546609 tempest-VolumesAdminNegativeTest-142546609-project] Registering scheme swift+https with {'store': <glance_store._drivers.swift.store.SingleTenantStore object at 0x7f26875f1430>, 'location_class': <class 'glance_store._drivers.swift.store.StoreLocation'>, 'store_entry': 'swift'} {{(pid=145301) register_scheme_map /usr/local/lib/python3.8/dist-packages/glance_store/location.py:146}}
Jul 21 16:22:35 ubuntu devstack@g-api.service[145301]: DEBUG glance_store.location [None req-668bf646-36eb-4b9d-8dcb-89802915bd1b tempest-VolumesAdminNegativeTest-142546609 tempest-VolumesAdminNegativeTest-142546609-project] Registering scheme swift with {'store': <glance_store._drivers.swift.store.SingleTenantStore object at 0x7f26875f1430>, 'location_class': <class 'glance_store._drivers.swift.store.StoreLocation'>, 'store_entry': 'swift'} {{(pid=145301) register_scheme_map /usr/local/lib/python3.8/dist-packages/glance_store/location.py:146}}
Jul 21 16:22:35 ubuntu devstack@g-api.service[145301]: DEBUG glance_store.location [None req-668bf646-36eb-4b9d-8dcb-89802915bd1b tempest-VolumesAdminNegativeTest-142546609 tempest-VolumesAdminNegativeTest-142546609-project] Registering scheme swift+http with {'store': <glance_store._drivers.swift.store.SingleTenantStore object at 0x7f26875f1430>, 'location_class': <class 'glance_store._drivers.swift.store.StoreLocation'>, 'store_entry': 'swift'} {{(pid=145301) register_scheme_map /usr/local/lib/python3.8/dist-packages/glance_store/location.py:146}}
Jul 21 16:22:35 ubuntu devstack@g-api.service[145301]: DEBUG glance_store.location [None req-668bf646-36eb-4b9d-8dcb-89802915bd1b tempest-VolumesAdminNegativeTest-142546609 tempest-VolumesAdminNegativeTest-142546609-project] Registering scheme swift+https with {'store': <glance_store._drivers.swift.store.SingleTenantStore object at 0x7f26875f1430>, 'location_class': <class 'glance_store._drivers.swift.store.StoreLocation'>, 'store_entry': 'swift'} {{(pid=145301) register_scheme_map /usr/local/lib/python3.8/dist-packages/glance_store/location.py:146}}
Jul 21 16:22:35 ubuntu devstack@g-api.service[145301]: DEBUG glance_store.location [None req-668bf646-36eb-4b9d-8dcb-89802915bd1b tempest-VolumesAdminNegativeTest-142546609 tempest-VolumesAdminNegativeTest-142546609-project] Registering scheme swift with {'store': <glance_store._drivers.swift.store.SingleTenantStore object at 0x7f26875f1430>, 'location_class': <class 'glance_store._drivers.swift.store.StoreLocation'>, 'store_entry': 'swift'} {{(pid=145301) register_scheme_map /usr/local/lib/python3.8/dist-packages/glance_store/location.py:146}}
Jul 21 16:22:35 ubuntu devstack@g-api.service[145301]: DEBUG glance_store.location [None req-668bf646-36eb-4b9d-8dcb-89802915bd1b tempest-VolumesAdminNegativeTest-142546609 tempest-VolumesAdminNegativeTest-142546609-project] Registering scheme swift+http with {'store': <glance_store._drivers.swift.store.SingleTenantStore object at 0x7f26875f1430>, 'location_class': <class 'glance_store._drivers.swift.store.StoreLocation'>, 'store_entry': 'swift'} {{(pid=145301) register_scheme_map /usr/local/lib/python3.8/dist-packages/glance_store/location.py:146}}
Jul 21 16:22:35 ubuntu devstack@g-api.service[145301]: DEBUG glance_store.location [None req-668bf646-36eb-4b9d-8dcb-89802915bd1b tempest-VolumesAdminNegativeTest-142546609 tempest-VolumesAdminNegativeTest-142546609-project] Registering scheme swift+config with {'store': <glance_store._drivers.swift.store.SingleTenantStore object at 0x7f26875f1430>, 'location_class': <class 'glance_store._drivers.swift.store.StoreLocation'>, 'store_entry': 'swift'} {{(pid=145301) register_scheme_map /usr/local/lib/python3.8/dist-packages/glance_store/location.py:146}}
Jul 21 16:22:35 ubuntu devstack@g-api.service[145301]: DEBUG swiftclient [None req-668bf646-36eb-4b9d-8dcb-89802915bd1b tempest-VolumesAdminNegativeTest-142546609 tempest-VolumesAdminNegativeTest-142546609-project] REQ: curl -i http://192.168.79.48:8080/v1/AUTH_7a0ac36a31b94a71bcb0e3e6261b97e5/glance/b558de53-2b9a-4046-a2ce-d0e1d13c122b -X GET -H "X-Auth-Token: gAAAAABi2X1Lvl77..." {{(pid=145301) http_log /usr/local/lib/python3.8/dist-packages/swiftclient/client.py:157}}
Jul 21 16:22:35 ubuntu devstack@g-api.service[145301]: DEBUG swiftclient [None req-668bf646-36eb-4b9d-8dcb-89802915bd1b tempest-VolumesAdminNegativeTest-142546609 tempest-VolumesAdminNegativeTest-142546609-project] RESP STATUS: 200 OK {{(pid=145301) http_log /usr/local/lib/python3.8/dist-packages/swiftclient/client.py:158}}
Jul 21 16:22:35 ubuntu devstack@g-api.service[145301]: DEBUG swiftclient [None req-668bf646-36eb-4b9d-8dcb-89802915bd1b tempest-VolumesAdminNegativeTest-142546609 tempest-VolumesAdminNegativeTest-142546609-project] RESP HEADERS: {'Content-Type': 'application/octet-stream', 'Etag': '1d3062cd89af34e419f7100277f38b2b', 'Last-Modified': 'Thu, 21 Jul 2022 16:16:57 GMT', 'X-Timestamp': '1658420216.00881', 'Accept-Ranges': 'bytes', 'Content-Length': '16338944', 'X-Trans-Id': 'tx8ae3330533e7417eb9a52-0062d97d4b', 'X-Openstack-Request-Id': 'tx8ae3330533e7417eb9a52-0062d97d4b', 'Date': 'Thu, 21 Jul 2022 16:22:35 GMT'} {{(pid=145301) http_log /usr/local/lib/python3.8/dist-packages/swiftclient/client.py:159}}
Jul 21 16:22:35 ubuntu devstack@g-api.service[145301]: DEBUG glance.image_cache [None req-668bf646-36eb-4b9d-8dcb-89802915bd1b tempest-VolumesAdminNegativeTest-142546609 tempest-VolumesAdminNegativeTest-142546609-project] Tee'ing image 'b558de53-2b9a-4046-a2ce-d0e1d13c122b' into cache {{(pid=145301) get_caching_iter /opt/stack/glance/glance/image_cache/__init__.py:343}}
Jul 21 16:22:35 ubuntu devstack@g-api.service[145301]: DEBUG glance.image_cache.drivers.sqlite [None req-668bf646-36eb-4b9d-8dcb-89802915bd1b tempest-VolumesAdminNegativeTest-142546609 tempest-VolumesAdminNegativeTest-142546609-project] Fetch finished, moving '/opt/stack/data/glance/cache/incomplete/b558de53-2b9a-4046-a2ce-d0e1d13c122b' to '/opt/stack/data/glance/cache/b558de53-2b9a-4046-a2ce-d0e1d13c122b' {{(pid=145301) commit /opt/stack/glance/glance/image_cache/drivers/sqlite.py:324}}
Jul 21 16:22:35 ubuntu devstack@g-api.service[145301]: [pid: 145301|app: 0|req: 12/22] 127.0.0.1 () {42 vars in 1059 bytes} [Thu Jul 21 16:22:35 2022] GET /v2/images/b558de53-2b9a-4046-a2ce-d0e1d13c122b/file => generated 16338944 bytes in 418 msecs (HTTP/1.1 200) 4 headers in 191 bytes (250 switches on core 0)
Jul 21 16:22:45 ubuntu devstack@g-api.service[145302]: DEBUG dbcounter [-] [145302] Writing DB stats glance:SELECT=8 {{(pid=145302) stat_writer /usr/local/lib/python3.8/dist-packages/dbcounter.py:114}}
Jul 21 16:22:45 ubuntu devstack@g-api.service[145301]: DEBUG dbcounter [-] [145301] Writing DB stats glance:SELECT=8 {{(pid=145301) stat_writer /usr/local/lib/python3.8/dist-packages/dbcounter.py:114}}
Jul 21 16:23:01 ubuntu devstack@g-api.service[145302]: DEBUG glance.api.middleware.version_negotiation [None req-668bf646-36eb-4b9d-8dcb-89802915bd1b tempest-VolumesAdminNegativeTest-142546609 tempest-VolumesAdminNegativeTest-142546609-project] Determining version of request: GET / Accept: application/json {{(pid=145302) process_request /opt/stack/glance/glance/api/middleware/version_negotiation.py:44}}
Jul 21 16:23:01 ubuntu devstack@g-api.service[145302]: DEBUG glance.api.middleware.version_negotiation [None req-668bf646-36eb-4b9d-8dcb-89802915bd1b tempest-VolumesAdminNegativeTest-142546609 tempest-VolumesAdminNegativeTest-142546609-project] Using url versioning {{(pid=145302) process_request /opt/stack/glance/glance/api/middleware/version_negotiation.py:57}}
Jul 21 16:23:01 ubuntu devstack@g-api.service[145302]: DEBUG glance.api.middleware.version_negotiation [None req-668bf646-36eb-4b9d-8dcb-89802915bd1b tempest-VolumesAdminNegativeTest-142546609 tempest-VolumesAdminNegativeTest-142546609-project] Unknown version. Returning version choices. {{(pid=145302) process_request /opt/stack/glance/glance/api/middleware/version_negotiation.py:64}}
Jul 21 16:23:01 ubuntu devstack@g-api.service[145302]: [pid: 145302|app: 0|req: 11/23] 127.0.0.1 () {34 vars in 492 bytes} [Thu Jul 21 16:23:01 2022] GET / => generated 1323 bytes in 5 msecs (HTTP/1.1 300) 3 headers in 106 bytes (1 switches on core 0)
Jul 21 16:23:01 ubuntu devstack@g-api.service[145301]: DEBUG glance.api.middleware.version_negotiation [None req-668bf646-36eb-4b9d-8dcb-89802915bd1b tempest-VolumesAdminNegativeTest-142546609 tempest-VolumesAdminNegativeTest-142546609-project] Determining version of request: GET /v2/images/b558de53-2b9a-4046-a2ce-d0e1d13c122b Accept: */* {{(pid=145301) process_request /opt/stack/glance/glance/api/middleware/version_negotiation.py:44}}
Jul 21 16:23:01 ubuntu devstack@g-api.service[145301]: DEBUG glance.api.middleware.version_negotiation [None req-668bf646-36eb-4b9d-8dcb-89802915bd1b tempest-VolumesAdminNegativeTest-142546609 tempest-VolumesAdminNegativeTest-142546609-project] Using url versioning {{(pid=145301) process_request /opt/stack/glance/glance/api/middleware/version_negotiation.py:57}}
Jul 21 16:23:01 ubuntu devstack@g-api.service[145301]: DEBUG glance.api.middleware.version_negotiation [None req-668bf646-36eb-4b9d-8dcb-89802915bd1b tempest-VolumesAdminNegativeTest-142546609 tempest-VolumesAdminNegativeTest-142546609-project] Matched version: v2 {{(pid=145301) process_request /opt/stack/glance/glance/api/middleware/version_negotiation.py:69}}
Jul 21 16:23:01 ubuntu devstack@g-api.service[145301]: DEBUG glance.api.middleware.version_negotiation [None req-668bf646-36eb-4b9d-8dcb-89802915bd1b tempest-VolumesAdminNegativeTest-142546609 tempest-VolumesAdminNegativeTest-142546609-project] new path /v2/images/b558de53-2b9a-4046-a2ce-d0e1d13c122b {{(pid=145301) process_request /opt/stack/glance/glance/api/middleware/version_negotiation.py:70}}
Jul 21 16:23:01 ubuntu devstack@g-api.service[145301]: [pid: 145301|app: 0|req: 13/24] 127.0.0.1 () {42 vars in 1049 bytes} [Thu Jul 21 16:23:01 2022] GET /v2/images/b558de53-2b9a-4046-a2ce-d0e1d13c122b => generated 976 bytes in 18 msecs (HTTP/1.1 200) 4 headers in 157 bytes (1 switches on core 0)
Jul 21 16:23:01 ubuntu devstack@g-api.service[145302]: DEBUG glance.api.middleware.version_negotiation [None req-668bf646-36eb-4b9d-8dcb-89802915bd1b tempest-VolumesAdminNegativeTest-142546609 tempest-VolumesAdminNegativeTest-142546609-project] Determining version of request: GET /v2/schemas/image Accept: */* {{(pid=145302) process_request /opt/stack/glance/glance/api/middleware/version_negotiation.py:44}}
Jul 21 16:23:01 ubuntu devstack@g-api.service[145302]: DEBUG glance.api.middleware.version_negotiation [None req-668bf646-36eb-4b9d-8dcb-89802915bd1b tempest-VolumesAdminNegativeTest-142546609 tempest-VolumesAdminNegativeTest-142546609-project] Using url versioning {{(pid=145302) process_request /opt/stack/glance/glance/api/middleware/version_negotiation.py:57}}
Jul 21 16:23:01 ubuntu devstack@g-api.service[145302]: DEBUG glance.api.middleware.version_negotiation [None req-668bf646-36eb-4b9d-8dcb-89802915bd1b tempest-VolumesAdminNegativeTest-142546609 tempest-VolumesAdminNegativeTest-142546609-project] Matched version: v2 {{(pid=145302) process_request /opt/stack/glance/glance/api/middleware/version_negotiation.py:69}}
Jul 21 16:23:01 ubuntu devstack@g-api.service[145302]: DEBUG glance.api.middleware.version_negotiation [None req-668bf646-36eb-4b9d-8dcb-89802915bd1b tempest-VolumesAdminNegativeTest-142546609 tempest-VolumesAdminNegativeTest-142546609-project] new path /v2/schemas/image {{(pid=145302) process_request /opt/stack/glance/glance/api/middleware/version_negotiation.py:70}}
Jul 21 16:23:01 ubuntu devstack@g-api.service[145302]: [pid: 145302|app: 0|req: 12/25] 127.0.0.1 () {42 vars in 989 bytes} [Thu Jul 21 16:23:01 2022] GET /v2/schemas/image => generated 6083 bytes in 7 msecs (HTTP/1.1 200) 4 headers in 158 bytes (1 switches on core 0)
Jul 21 16:23:11 ubuntu devstack@g-api.service[145301]: DEBUG dbcounter [-] [145301] Writing DB stats glance:SELECT=4 {{(pid=145301) stat_writer /usr/local/lib/python3.8/dist-packages/dbcounter.py:114}}
Jul 21 16:23:30 ubuntu devstack@g-api.service[145301]: DEBUG glance.api.middleware.version_negotiation [None req-a34b8f3e-1858-46f7-b151-d1c621aae758 tempest-DeleteServersTestJSON-665225991 tempest-DeleteServersTestJSON-665225991-project] Determining version of request: GET /v2/images/b558de53-2b9a-4046-a2ce-d0e1d13c122b Accept: */* {{(pid=145301) process_request /opt/stack/glance/glance/api/middleware/version_negotiation.py:44}}
Jul 21 16:23:30 ubuntu devstack@g-api.service[145301]: DEBUG glance.api.middleware.version_negotiation [None req-a34b8f3e-1858-46f7-b151-d1c621aae758 tempest-DeleteServersTestJSON-665225991 tempest-DeleteServersTestJSON-665225991-project] Using url versioning {{(pid=145301) process_request /opt/stack/glance/glance/api/middleware/version_negotiation.py:57}}
Jul 21 16:23:30 ubuntu devstack@g-api.service[145301]: DEBUG glance.api.middleware.version_negotiation [None req-a34b8f3e-1858-46f7-b151-d1c621aae758 tempest-DeleteServersTestJSON-665225991 tempest-DeleteServersTestJSON-665225991-project] Matched version: v2 {{(pid=145301) process_request /opt/stack/glance/glance/api/middleware/version_negotiation.py:69}}
