Jun 10 15:18:03 ubuntu devstack@g-api.service[132170]: DEBUG glance_store.backend [None req-d5e051bf-982f-46b5-a043-fa64444cbce8 admin admin] Attempting to import store swift {{(pid=132170) _load_store /usr/local/lib/python3.8/dist-packages/glance_store/backend.py:217}}
Jun 10 15:18:03 ubuntu devstack@g-api.service[132170]: DEBUG glance_store.capabilities [None req-d5e051bf-982f-46b5-a043-fa64444cbce8 admin admin] Store glance_store._drivers.swift.store.SingleTenantStore doesn't support updating dynamic storage capabilities. Please overwrite 'update_capabilities' method of the store to implement updating logics if needed. {{(pid=132170) update_capabilities /usr/local/lib/python3.8/dist-packages/glance_store/capabilities.py:91}}
Jun 10 15:18:03 ubuntu devstack@g-api.service[132170]: DEBUG glance_store.driver [None req-d5e051bf-982f-46b5-a043-fa64444cbce8 admin admin] Late loading location class glance_store._drivers.swift.store.StoreLocation {{(pid=132170) get_store_location_class /usr/local/lib/python3.8/dist-packages/glance_store/driver.py:117}}
Jun 10 15:18:03 ubuntu devstack@g-api.service[132170]: DEBUG glance_store.location [None req-d5e051bf-982f-46b5-a043-fa64444cbce8 admin admin] Registering scheme swift+https with {'store': <glance_store._drivers.swift.store.SingleTenantStore object at 0x7f8e2bda4520>, 'location_class': <class 'glance_store._drivers.swift.store.StoreLocation'>, 'store_entry': 'swift'} {{(pid=132170) register_scheme_map /usr/local/lib/python3.8/dist-packages/glance_store/location.py:146}}
Jun 10 15:18:03 ubuntu devstack@g-api.service[132170]: DEBUG glance_store.location [None req-d5e051bf-982f-46b5-a043-fa64444cbce8 admin admin] Registering scheme swift+https with {'store': <glance_store._drivers.swift.store.SingleTenantStore object at 0x7f8e2bda4520>, 'location_class': <class 'glance_store._drivers.swift.store.StoreLocation'>, 'store_entry': 'swift'} {{(pid=132170) register_scheme_map /usr/local/lib/python3.8/dist-packages/glance_store/location.py:146}}
Jun 10 15:18:03 ubuntu devstack@g-api.service[132170]: DEBUG glance_store.location [None req-d5e051bf-982f-46b5-a043-fa64444cbce8 admin admin] Registering scheme swift with {'store': <glance_store._drivers.swift.store.SingleTenantStore object at 0x7f8e2bda4520>, 'location_class': <class 'glance_store._drivers.swift.store.StoreLocation'>, 'store_entry': 'swift'} {{(pid=132170) register_scheme_map /usr/local/lib/python3.8/dist-packages/glance_store/location.py:146}}
Jun 10 15:18:03 ubuntu devstack@g-api.service[132170]: DEBUG glance_store.location [None req-d5e051bf-982f-46b5-a043-fa64444cbce8 admin admin] Registering scheme swift+https with {'store': <glance_store._drivers.swift.store.SingleTenantStore object at 0x7f8e2bda4520>, 'location_class': <class 'glance_store._drivers.swift.store.StoreLocation'>, 'store_entry': 'swift'} {{(pid=132170) register_scheme_map /usr/local/lib/python3.8/dist-packages/glance_store/location.py:146}}
Jun 10 15:18:03 ubuntu devstack@g-api.service[132170]: DEBUG glance_store.location [None req-d5e051bf-982f-46b5-a043-fa64444cbce8 admin admin] Registering scheme swift with {'store': <glance_store._drivers.swift.store.SingleTenantStore object at 0x7f8e2bda4520>, 'location_class': <class 'glance_store._drivers.swift.store.StoreLocation'>, 'store_entry': 'swift'} {{(pid=132170) register_scheme_map /usr/local/lib/python3.8/dist-packages/glance_store/location.py:146}}
Jun 10 15:18:03 ubuntu devstack@g-api.service[132170]: DEBUG glance_store.location [None req-d5e051bf-982f-46b5-a043-fa64444cbce8 admin admin] Registering scheme swift+http with {'store': <glance_store._drivers.swift.store.SingleTenantStore object at 0x7f8e2bda4520>, 'location_class': <class 'glance_store._drivers.swift.store.StoreLocation'>, 'store_entry': 'swift'} {{(pid=132170) register_scheme_map /usr/local/lib/python3.8/dist-packages/glance_store/location.py:146}}
Jun 10 15:18:03 ubuntu devstack@g-api.service[132170]: DEBUG glance_store.location [None req-d5e051bf-982f-46b5-a043-fa64444cbce8 admin admin] Registering scheme swift+https with {'store': <glance_store._drivers.swift.store.SingleTenantStore object at 0x7f8e2bda4520>, 'location_class': <class 'glance_store._drivers.swift.store.StoreLocation'>, 'store_entry': 'swift'} {{(pid=132170) register_scheme_map /usr/local/lib/python3.8/dist-packages/glance_store/location.py:146}}
Jun 10 15:18:03 ubuntu devstack@g-api.service[132170]: DEBUG glance_store.location [None req-d5e051bf-982f-46b5-a043-fa64444cbce8 admin admin] Registering scheme swift with {'store': <glance_store._drivers.swift.store.SingleTenantStore object at 0x7f8e2bda4520>, 'location_class': <class 'glance_store._drivers.swift.store.StoreLocation'>, 'store_entry': 'swift'} {{(pid=132170) register_scheme_map /usr/local/lib/python3.8/dist-packages/glance_store/location.py:146}}
Jun 10 15:18:03 ubuntu devstack@g-api.service[132170]: DEBUG glance_store.location [None req-d5e051bf-982f-46b5-a043-fa64444cbce8 admin admin] Registering scheme swift+http with {'store': <glance_store._drivers.swift.store.SingleTenantStore object at 0x7f8e2bda4520>, 'location_class': <class 'glance_store._drivers.swift.store.StoreLocation'>, 'store_entry': 'swift'} {{(pid=132170) register_scheme_map /usr/local/lib/python3.8/dist-packages/glance_store/location.py:146}}
Jun 10 15:18:03 ubuntu devstack@g-api.service[132170]: DEBUG glance_store.location [None req-d5e051bf-982f-46b5-a043-fa64444cbce8 admin admin] Registering scheme swift+config with {'store': <glance_store._drivers.swift.store.SingleTenantStore object at 0x7f8e2bda4520>, 'location_class': <class 'glance_store._drivers.swift.store.StoreLocation'>, 'store_entry': 'swift'} {{(pid=132170) register_scheme_map /usr/local/lib/python3.8/dist-packages/glance_store/location.py:146}}
Jun 10 15:18:03 ubuntu devstack@g-api.service[132170]: DEBUG glance_store.backend [None req-d5e051bf-982f-46b5-a043-fa64444cbce8 admin admin] Skipping store.set_acls... not implemented. {{(pid=132170) set_acls /usr/local/lib/python3.8/dist-packages/glance_store/backend.py:509}}
Jun 10 15:18:03 ubuntu devstack@g-api.service[132170]: [pid: 132170|app: 0|req: 3/4] 127.0.0.1 () {40 vars in 862 bytes} [Fri Jun 10 15:18:01 2022] PUT /v2/images/a5ef9329-3c25-4d93-a446-3099ac39741d/file => generated 0 bytes in 2060 msecs (HTTP/1.1 204) 4 headers in 171 bytes (1 switches on core 0)
Jun 10 15:18:11 ubuntu devstack@g-api.service[132171]: DEBUG dbcounter [-] [132171] Writing DB stats glance:SELECT=9,glance:INSERT=5 {{(pid=132171) stat_writer /usr/local/lib/python3.8/dist-packages/dbcounter.py:114}}
Jun 10 15:18:13 ubuntu devstack@g-api.service[132170]: DEBUG dbcounter [-] [132170] Writing DB stats glance:SELECT=28,glance:UPDATE=2,glance:INSERT=1 {{(pid=132170) stat_writer /usr/local/lib/python3.8/dist-packages/dbcounter.py:114}}
Jun 10 15:18:45 ubuntu devstack@g-api.service[132171]: DEBUG glance.api.middleware.version_negotiation [None req-2b4108a1-4c7a-4166-a0bb-4a2adf4d1598 admin admin] Determining version of request: GET / Accept: application/json {{(pid=132171) process_request /opt/stack/glance/glance/api/middleware/version_negotiation.py:44}}
Jun 10 15:18:45 ubuntu devstack@g-api.service[132171]: DEBUG glance.api.middleware.version_negotiation [None req-2b4108a1-4c7a-4166-a0bb-4a2adf4d1598 admin admin] Using url versioning {{(pid=132171) process_request /opt/stack/glance/glance/api/middleware/version_negotiation.py:57}}
Jun 10 15:18:45 ubuntu devstack@g-api.service[132171]: DEBUG glance.api.middleware.version_negotiation [None req-2b4108a1-4c7a-4166-a0bb-4a2adf4d1598 admin admin] Unknown version. Returning version choices. {{(pid=132171) process_request /opt/stack/glance/glance/api/middleware/version_negotiation.py:64}}
Jun 10 15:18:45 ubuntu devstack@g-api.service[132171]: [pid: 132171|app: 0|req: 2/5] 127.0.0.1 () {34 vars in 506 bytes} [Fri Jun 10 15:18:45 2022] GET / => generated 1323 bytes in 2 msecs (HTTP/1.1 300) 3 headers in 106 bytes (1 switches on core 0)
Jun 10 15:18:45 ubuntu devstack@g-api.service[132170]: DEBUG glance.api.middleware.version_negotiation [None req-d5e051bf-982f-46b5-a043-fa64444cbce8 admin admin] Determining version of request: GET /v2/images Accept: application/json {{(pid=132170) process_request /opt/stack/glance/glance/api/middleware/version_negotiation.py:44}}
Jun 10 15:18:45 ubuntu devstack@g-api.service[132170]: DEBUG glance.api.middleware.version_negotiation [None req-d5e051bf-982f-46b5-a043-fa64444cbce8 admin admin] Using url versioning {{(pid=132170) process_request /opt/stack/glance/glance/api/middleware/version_negotiation.py:57}}
Jun 10 15:18:45 ubuntu devstack@g-api.service[132170]: DEBUG glance.api.middleware.version_negotiation [None req-d5e051bf-982f-46b5-a043-fa64444cbce8 admin admin] Matched version: v2 {{(pid=132170) process_request /opt/stack/glance/glance/api/middleware/version_negotiation.py:69}}
Jun 10 15:18:45 ubuntu devstack@g-api.service[132170]: DEBUG glance.api.middleware.version_negotiation [None req-d5e051bf-982f-46b5-a043-fa64444cbce8 admin admin] new path /v2/images {{(pid=132170) process_request /opt/stack/glance/glance/api/middleware/version_negotiation.py:70}}
Jun 10 15:18:45 ubuntu devstack@g-api.service[132170]: [pid: 132170|app: 0|req: 4/6] 127.0.0.1 () {36 vars in 728 bytes} [Fri Jun 10 15:18:45 2022] GET /v2/images => generated 1045 bytes in 89 msecs (HTTP/1.1 200) 4 headers in 158 bytes (1 switches on core 0)
Jun 10 15:18:50 ubuntu devstack@g-api.service[132171]: DEBUG glance.api.middleware.version_negotiation [None req-2b4108a1-4c7a-4166-a0bb-4a2adf4d1598 admin admin] Determining version of request: GET / Accept: application/json {{(pid=132171) process_request /opt/stack/glance/glance/api/middleware/version_negotiation.py:44}}
Jun 10 15:18:50 ubuntu devstack@g-api.service[132171]: DEBUG glance.api.middleware.version_negotiation [None req-2b4108a1-4c7a-4166-a0bb-4a2adf4d1598 admin admin] Using url versioning {{(pid=132171) process_request /opt/stack/glance/glance/api/middleware/version_negotiation.py:57}}
Jun 10 15:18:50 ubuntu devstack@g-api.service[132171]: DEBUG glance.api.middleware.version_negotiation [None req-2b4108a1-4c7a-4166-a0bb-4a2adf4d1598 admin admin] Unknown version. Returning version choices. {{(pid=132171) process_request /opt/stack/glance/glance/api/middleware/version_negotiation.py:64}}
Jun 10 15:18:50 ubuntu devstack@g-api.service[132171]: [pid: 132171|app: 0|req: 3/7] 127.0.0.1 () {34 vars in 506 bytes} [Fri Jun 10 15:18:50 2022] GET / => generated 1323 bytes in 7 msecs (HTTP/1.1 300) 3 headers in 106 bytes (1 switches on core 0)
Jun 10 15:18:50 ubuntu devstack@g-api.service[132170]: DEBUG glance.api.middleware.version_negotiation [None req-54dfcd22-01e8-4aa9-8a07-ee39c5bb03ad admin admin] Determining version of request: GET /v2/images/a5ef9329-3c25-4d93-a446-3099ac39741d Accept: */* {{(pid=132170) process_request /opt/stack/glance/glance/api/middleware/version_negotiation.py:44}}
Jun 10 15:18:50 ubuntu devstack@g-api.service[132170]: DEBUG glance.api.middleware.version_negotiation [None req-54dfcd22-01e8-4aa9-8a07-ee39c5bb03ad admin admin] Using url versioning {{(pid=132170) process_request /opt/stack/glance/glance/api/middleware/version_negotiation.py:57}}
Jun 10 15:18:50 ubuntu devstack@g-api.service[132170]: DEBUG glance.api.middleware.version_negotiation [None req-54dfcd22-01e8-4aa9-8a07-ee39c5bb03ad admin admin] Matched version: v2 {{(pid=132170) process_request /opt/stack/glance/glance/api/middleware/version_negotiation.py:69}}
Jun 10 15:18:50 ubuntu devstack@g-api.service[132170]: DEBUG glance.api.middleware.version_negotiation [None req-54dfcd22-01e8-4aa9-8a07-ee39c5bb03ad admin admin] new path /v2/images/a5ef9329-3c25-4d93-a446-3099ac39741d {{(pid=132170) process_request /opt/stack/glance/glance/api/middleware/version_negotiation.py:70}}
Jun 10 15:18:50 ubuntu devstack@g-api.service[132170]: [pid: 132170|app: 0|req: 5/8] 127.0.0.1 () {36 vars in 789 bytes} [Fri Jun 10 15:18:50 2022] GET /v2/images/a5ef9329-3c25-4d93-a446-3099ac39741d => generated 976 bytes in 59 msecs (HTTP/1.1 200) 4 headers in 157 bytes (1 switches on core 0)
Jun 10 15:18:53 ubuntu devstack@g-api.service[132171]: DEBUG glance.api.middleware.version_negotiation [None req-2b4108a1-4c7a-4166-a0bb-4a2adf4d1598 admin admin] Determining version of request: GET / Accept: application/json {{(pid=132171) process_request /opt/stack/glance/glance/api/middleware/version_negotiation.py:44}}
Jun 10 15:18:53 ubuntu devstack@g-api.service[132171]: DEBUG glance.api.middleware.version_negotiation [None req-2b4108a1-4c7a-4166-a0bb-4a2adf4d1598 admin admin] Using url versioning {{(pid=132171) process_request /opt/stack/glance/glance/api/middleware/version_negotiation.py:57}}
Jun 10 15:18:53 ubuntu devstack@g-api.service[132171]: DEBUG glance.api.middleware.version_negotiation [None req-2b4108a1-4c7a-4166-a0bb-4a2adf4d1598 admin admin] Unknown version. Returning version choices. {{(pid=132171) process_request /opt/stack/glance/glance/api/middleware/version_negotiation.py:64}}
Jun 10 15:18:53 ubuntu devstack@g-api.service[132171]: [pid: 132171|app: 0|req: 4/9] 127.0.0.1 () {34 vars in 506 bytes} [Fri Jun 10 15:18:53 2022] GET / => generated 1323 bytes in 3 msecs (HTTP/1.1 300) 3 headers in 106 bytes (1 switches on core 0)
Jun 10 15:18:53 ubuntu devstack@g-api.service[132170]: DEBUG glance.api.middleware.version_negotiation [None req-d54e40a8-9fb3-41b8-b883-7b08f0e8a056 admin admin] Determining version of request: GET /v2/images/a5ef9329-3c25-4d93-a446-3099ac39741d Accept: */* {{(pid=132170) process_request /opt/stack/glance/glance/api/middleware/version_negotiation.py:44}}
Jun 10 15:18:53 ubuntu devstack@g-api.service[132170]: DEBUG glance.api.middleware.version_negotiation [None req-d54e40a8-9fb3-41b8-b883-7b08f0e8a056 admin admin] Using url versioning {{(pid=132170) process_request /opt/stack/glance/glance/api/middleware/version_negotiation.py:57}}
Jun 10 15:18:53 ubuntu devstack@g-api.service[132170]: DEBUG glance.api.middleware.version_negotiation [None req-d54e40a8-9fb3-41b8-b883-7b08f0e8a056 admin admin] Matched version: v2 {{(pid=132170) process_request /opt/stack/glance/glance/api/middleware/version_negotiation.py:69}}
Jun 10 15:18:53 ubuntu devstack@g-api.service[132170]: DEBUG glance.api.middleware.version_negotiation [None req-d54e40a8-9fb3-41b8-b883-7b08f0e8a056 admin admin] new path /v2/images/a5ef9329-3c25-4d93-a446-3099ac39741d {{(pid=132170) process_request /opt/stack/glance/glance/api/middleware/version_negotiation.py:70}}
Jun 10 15:18:53 ubuntu devstack@g-api.service[132170]: [pid: 132170|app: 0|req: 6/10] 127.0.0.1 () {36 vars in 789 bytes} [Fri Jun 10 15:18:53 2022] GET /v2/images/a5ef9329-3c25-4d93-a446-3099ac39741d => generated 976 bytes in 54 msecs (HTTP/1.1 200) 4 headers in 157 bytes (1 switches on core 0)
Jun 10 15:19:03 ubuntu devstack@g-api.service[132170]: DEBUG dbcounter [-] [132170] Writing DB stats glance:SELECT=10 {{(pid=132170) stat_writer /usr/local/lib/python3.8/dist-packages/dbcounter.py:114}}
Jun 10 15:21:09 ubuntu devstack@g-api.service[132171]: DEBUG glance.api.middleware.version_negotiation [None req-2b4108a1-4c7a-4166-a0bb-4a2adf4d1598 admin admin] Determining version of request: GET /v1 Accept: application/json {{(pid=132171) process_request /opt/stack/glance/glance/api/middleware/version_negotiation.py:44}}
Jun 10 15:21:09 ubuntu devstack@g-api.service[132171]: DEBUG glance.api.middleware.version_negotiation [None req-2b4108a1-4c7a-4166-a0bb-4a2adf4d1598 admin admin] Using url versioning {{(pid=132171) process_request /opt/stack/glance/glance/api/middleware/version_negotiation.py:57}}
Jun 10 15:21:09 ubuntu devstack@g-api.service[132171]: DEBUG glance.api.middleware.version_negotiation [None req-2b4108a1-4c7a-4166-a0bb-4a2adf4d1598 admin admin] Unknown version. Returning version choices. {{(pid=132171) process_request /opt/stack/glance/glance/api/middleware/version_negotiation.py:64}}
Jun 10 15:21:09 ubuntu devstack@g-api.service[132171]: [pid: 132171|app: 0|req: 5/11] 127.0.0.1 () {38 vars in 685 bytes} [Fri Jun 10 15:21:09 2022] GET /v1 => generated 1323 bytes in 7 msecs (HTTP/1.1 300) 3 headers in 106 bytes (1 switches on core 0)
Jun 10 15:22:40 ubuntu devstack@g-api.service[132171]: DEBUG oslo_concurrency.lockutils [-] Acquired lock "glance-cache" {{(pid=132171) lock /usr/local/lib/python3.8/dist-packages/oslo_concurrency/lockutils.py:294}}
Jun 10 15:22:40 ubuntu devstack@g-api.service[132171]: DEBUG oslo_concurrency.lockutils [-] Acquired external semaphore "glance-cache" {{(pid=132171) lock /usr/local/lib/python3.8/dist-packages/oslo_concurrency/lockutils.py:302}}
Jun 10 15:22:40 ubuntu devstack@g-api.service[132171]: DEBUG glance.image_cache.prefetcher [-] Nothing to prefetch. {{(pid=132171) run /opt/stack/glance/glance/image_cache/prefetcher.py:79}}
Jun 10 15:22:40 ubuntu devstack@g-api.service[132171]: DEBUG oslo_concurrency.lockutils [-] Releasing lock "glance-cache" {{(pid=132171) lock /usr/local/lib/python3.8/dist-packages/oslo_concurrency/lockutils.py:312}}
Jun 10 15:22:40 ubuntu devstack@g-api.service[132170]: DEBUG oslo_concurrency.lockutils [-] Acquired lock "glance-cache" {{(pid=132170) lock /usr/local/lib/python3.8/dist-packages/oslo_concurrency/lockutils.py:294}}
Jun 10 15:22:40 ubuntu devstack@g-api.service[132170]: DEBUG oslo_concurrency.lockutils [-] Acquired external semaphore "glance-cache" {{(pid=132170) lock /usr/local/lib/python3.8/dist-packages/oslo_concurrency/lockutils.py:302}}
Jun 10 15:22:40 ubuntu devstack@g-api.service[132170]: DEBUG glance.image_cache.prefetcher [-] Nothing to prefetch. {{(pid=132170) run /opt/stack/glance/glance/image_cache/prefetcher.py:79}}
Jun 10 15:22:40 ubuntu devstack@g-api.service[132170]: DEBUG oslo_concurrency.lockutils [-] Releasing lock "glance-cache" {{(pid=132170) lock /usr/local/lib/python3.8/dist-packages/oslo_concurrency/lockutils.py:312}}
Jun 10 15:23:22 ubuntu devstack@g-api.service[132170]: DEBUG glance.api.middleware.version_negotiation [None req-a2c79bdb-fac7-4dd2-9318-1cb430d58388 admin admin] Determining version of request: GET /versions Accept: */* {{(pid=132170) process_request /opt/stack/glance/glance/api/middleware/version_negotiation.py:44}}
Jun 10 15:23:22 ubuntu devstack@g-api.service[132170]: [pid: 132170|app: 0|req: 7/12] 127.0.0.1 () {38 vars in 695 bytes} [Fri Jun 10 15:23:22 2022] GET /versions => generated 1323 bytes in 5 msecs (HTTP/1.1 200) 3 headers in 92 bytes (1 switches on core 0)
Jun 10 15:23:22 ubuntu devstack@g-api.service[132171]: DEBUG glance.api.middleware.version_negotiation [None req-2b4108a1-4c7a-4166-a0bb-4a2adf4d1598 admin admin] Determining version of request: GET /v2/schemas/image Accept: */* {{(pid=132171) process_request /opt/stack/glance/glance/api/middleware/version_negotiation.py:44}}
Jun 10 15:23:22 ubuntu devstack@g-api.service[132171]: DEBUG glance.api.middleware.version_negotiation [None req-2b4108a1-4c7a-4166-a0bb-4a2adf4d1598 admin admin] Using url versioning {{(pid=132171) process_request /opt/stack/glance/glance/api/middleware/version_negotiation.py:57}}
Jun 10 15:23:23 ubuntu devstack@g-api.service[132171]: DEBUG glance.api.middleware.version_negotiation [None req-2b4108a1-4c7a-4166-a0bb-4a2adf4d1598 admin admin] Matched version: v2 {{(pid=132171) process_request /opt/stack/glance/glance/api/middleware/version_negotiation.py:69}}
Jun 10 15:23:23 ubuntu devstack@g-api.service[132171]: DEBUG glance.api.middleware.version_negotiation [None req-2b4108a1-4c7a-4166-a0bb-4a2adf4d1598 admin admin] new path /v2/schemas/image {{(pid=132171) process_request /opt/stack/glance/glance/api/middleware/version_negotiation.py:70}}
Jun 10 15:23:23 ubuntu devstack@g-api.service[132171]: [pid: 132171|app: 0|req: 6/13] 127.0.0.1 () {38 vars in 711 bytes} [Fri Jun 10 15:23:22 2022] GET /v2/schemas/image => generated 6083 bytes in 106 msecs (HTTP/1.1 200) 4 headers in 158 bytes (1 switches on core 0)
Jun 10 15:23:23 ubuntu devstack@g-api.service[132170]: DEBUG glance.api.middleware.version_negotiation [None req-a2c79bdb-fac7-4dd2-9318-1cb430d58388 admin admin] Determining version of request: GET /v2/schemas/metadefs/namespace Accept: */* {{(pid=132170) process_request /opt/stack/glance/glance/api/middleware/version_negotiation.py:44}}
Jun 10 15:23:23 ubuntu devstack@g-api.service[132170]: DEBUG glance.api.middleware.version_negotiation [None req-a2c79bdb-fac7-4dd2-9318-1cb430d58388 admin admin] Using url versioning {{(pid=132170) process_request /opt/stack/glance/glance/api/middleware/version_negotiation.py:57}}
Jun 10 15:23:23 ubuntu devstack@g-api.service[132170]: DEBUG glance.api.middleware.version_negotiation [None req-a2c79bdb-fac7-4dd2-9318-1cb430d58388 admin admin] Matched version: v2 {{(pid=132170) process_request /opt/stack/glance/glance/api/middleware/version_negotiation.py:69}}
Jun 10 15:23:23 ubuntu devstack@g-api.service[132170]: DEBUG glance.api.middleware.version_negotiation [None req-a2c79bdb-fac7-4dd2-9318-1cb430d58388 admin admin] new path /v2/schemas/metadefs/namespace {{(pid=132170) process_request /opt/stack/glance/glance/api/middleware/version_negotiation.py:70}}
Jun 10 15:23:23 ubuntu devstack@g-api.service[132170]: [pid: 132170|app: 0|req: 8/14] 127.0.0.1 () {38 vars in 737 bytes} [Fri Jun 10 15:23:23 2022] GET /v2/schemas/metadefs/namespace => generated 3100 bytes in 8 msecs (HTTP/1.1 200) 4 headers in 158 bytes (1 switches on core 0)
Jun 10 15:23:23 ubuntu devstack@g-api.service[132171]: DEBUG glance.api.middleware.version_negotiation [None req-35f59de0-3cab-4024-850f-2e2ee1a6464a admin admin] Determining version of request: GET /v2/schemas/metadefs/resource_type Accept: */* {{(pid=132171) process_request /opt/stack/glance/glance/api/middleware/version_negotiation.py:44}}
Jun 10 15:23:23 ubuntu devstack@g-api.service[132171]: DEBUG glance.api.middleware.version_negotiation [None req-35f59de0-3cab-4024-850f-2e2ee1a6464a admin admin] Using url versioning {{(pid=132171) process_request /opt/stack/glance/glance/api/middleware/version_negotiation.py:57}}
Jun 10 15:23:23 ubuntu devstack@g-api.service[132171]: DEBUG glance.api.middleware.version_negotiation [None req-35f59de0-3cab-4024-850f-2e2ee1a6464a admin admin] Matched version: v2 {{(pid=132171) process_request /opt/stack/glance/glance/api/middleware/version_negotiation.py:69}}
Jun 10 15:23:23 ubuntu devstack@g-api.service[132171]: DEBUG glance.api.middleware.version_negotiation [None req-35f59de0-3cab-4024-850f-2e2ee1a6464a admin admin] new path /v2/schemas/metadefs/resource_type {{(pid=132171) process_request /opt/stack/glance/glance/api/middleware/version_negotiation.py:70}}
Jun 10 15:23:23 ubuntu devstack@g-api.service[132171]: [pid: 132171|app: 0|req: 7/15] 127.0.0.1 () {38 vars in 745 bytes} [Fri Jun 10 15:23:23 2022] GET /v2/schemas/metadefs/resource_type => generated 1262 bytes in 6 msecs (HTTP/1.1 200) 4 headers in 158 bytes (1 switches on core 0)
Jun 10 15:23:23 ubuntu devstack@g-api.service[132170]: DEBUG glance.api.middleware.version_negotiation [None req-fc66dfb3-430f-4b81-a42a-7911fc298f2a admin admin] Determining version of request: GET /v2/images Accept: */* {{(pid=132170) process_request /opt/stack/glance/glance/api/middleware/version_negotiation.py:44}}
Jun 10 15:23:23 ubuntu devstack@g-api.service[132170]: DEBUG glance.api.middleware.version_negotiation [None req-fc66dfb3-430f-4b81-a42a-7911fc298f2a admin admin] Using url versioning {{(pid=132170) process_request /opt/stack/glance/glance/api/middleware/version_negotiation.py:57}}
Jun 10 15:23:23 ubuntu devstack@g-api.service[132170]: DEBUG glance.api.middleware.version_negotiation [None req-fc66dfb3-430f-4b81-a42a-7911fc298f2a admin admin] Matched version: v2 {{(pid=132170) process_request /opt/stack/glance/glance/api/middleware/version_negotiation.py:69}}
Jun 10 15:23:23 ubuntu devstack@g-api.service[132170]: DEBUG glance.api.middleware.version_negotiation [None req-fc66dfb3-430f-4b81-a42a-7911fc298f2a admin admin] new path /v2/images {{(pid=132170) process_request /opt/stack/glance/glance/api/middleware/version_negotiation.py:70}}
Jun 10 15:23:23 ubuntu devstack@g-api.service[132170]: [pid: 132170|app: 0|req: 9/16] 127.0.0.1 () {38 vars in 768 bytes} [Fri Jun 10 15:23:23 2022] GET /v2/images?limit=20&sort_key=name&sort_dir=asc => generated 1081 bytes in 77 msecs (HTTP/1.1 200) 4 headers in 158 bytes (1 switches on core 0)
Jun 10 15:23:23 ubuntu devstack@g-api.service[132171]: DEBUG glance.api.middleware.version_negotiation [None req-8a130b7f-af82-43a3-84df-701cbddd3ffc admin admin] Determining version of request: GET /v2/schemas/image Accept: */* {{(pid=132171) process_request /opt/stack/glance/glance/api/middleware/version_negotiation.py:44}}
Jun 10 15:23:23 ubuntu devstack@g-api.service[132171]: DEBUG glance.api.middleware.version_negotiation [None req-8a130b7f-af82-43a3-84df-701cbddd3ffc admin admin] Using url versioning {{(pid=132171) process_request /opt/stack/glance/glance/api/middleware/version_negotiation.py:57}}
Jun 10 15:23:23 ubuntu devstack@g-api.service[132171]: DEBUG glance.api.middleware.version_negotiation [None req-8a130b7f-af82-43a3-84df-701cbddd3ffc admin admin] Matched version: v2 {{(pid=132171) process_request /opt/stack/glance/glance/api/middleware/version_negotiation.py:69}}
Jun 10 15:23:23 ubuntu devstack@g-api.service[132171]: DEBUG glance.api.middleware.version_negotiation [None req-8a130b7f-af82-43a3-84df-701cbddd3ffc admin admin] new path /v2/schemas/image {{(pid=132171) process_request /opt/stack/glance/glance/api/middleware/version_negotiation.py:70}}
Jun 10 15:23:23 ubuntu devstack@g-api.service[132171]: [pid: 132171|app: 0|req: 8/17] 127.0.0.1 () {38 vars in 711 bytes} [Fri Jun 10 15:23:23 2022] GET /v2/schemas/image => generated 6083 bytes in 8 msecs (HTTP/1.1 200) 4 headers in 158 bytes (1 switches on core 0)
Jun 10 15:23:31 ubuntu devstack@g-api.service[132170]: DEBUG glance.api.middleware.version_negotiation [None req-431ce1fb-e2ab-494c-ae6b-de9ad0f136e0 admin admin] Determining version of request: GET / Accept: application/json {{(pid=132170) process_request /opt/stack/glance/glance/api/middleware/version_negotiation.py:44}}
Jun 10 15:23:31 ubuntu devstack@g-api.service[132170]: DEBUG glance.api.middleware.version_negotiation [None req-431ce1fb-e2ab-494c-ae6b-de9ad0f136e0 admin admin] Using url versioning {{(pid=132170) process_request /opt/stack/glance/glance/api/middleware/version_negotiation.py:57}}
Jun 10 15:23:31 ubuntu devstack@g-api.service[132170]: DEBUG glance.api.middleware.version_negotiation [None req-431ce1fb-e2ab-494c-ae6b-de9ad0f136e0 admin admin] Unknown version. Returning version choices. {{(pid=132170) process_request /opt/stack/glance/glance/api/middleware/version_negotiation.py:64}}
Jun 10 15:23:31 ubuntu devstack@g-api.service[132170]: [pid: 132170|app: 0|req: 10/18] 127.0.0.1 () {34 vars in 492 bytes} [Fri Jun 10 15:23:31 2022] GET / => generated 1323 bytes in 3 msecs (HTTP/1.1 300) 3 headers in 106 bytes (1 switches on core 0)
Jun 10 15:23:31 ubuntu devstack@g-api.service[132171]: DEBUG glance.api.middleware.version_negotiation [None req-75f4bd72-705a-42bd-a1b4-5038d71c277f admin admin] Determining version of request: GET /v2/images/a5ef9329-3c25-4d93-a446-3099ac39741d Accept: */* {{(pid=132171) process_request /opt/stack/glance/glance/api/middleware/version_negotiation.py:44}}
Jun 10 15:23:31 ubuntu devstack@g-api.service[132171]: DEBUG glance.api.middleware.version_negotiation [None req-75f4bd72-705a-42bd-a1b4-5038d71c277f admin admin] Using url versioning {{(pid=132171) process_request /opt/stack/glance/glance/api/middleware/version_negotiation.py:57}}
Jun 10 15:23:31 ubuntu devstack@g-api.service[132171]: DEBUG glance.api.middleware.version_negotiation [None req-75f4bd72-705a-42bd-a1b4-5038d71c277f admin admin] Matched version: v2 {{(pid=132171) process_request /opt/stack/glance/glance/api/middleware/version_negotiation.py:69}}
Jun 10 15:23:31 ubuntu devstack@g-api.service[132171]: DEBUG glance.api.middleware.version_negotiation [None req-75f4bd72-705a-42bd-a1b4-5038d71c277f admin admin] new path /v2/images/a5ef9329-3c25-4d93-a446-3099ac39741d {{(pid=132171) process_request /opt/stack/glance/glance/api/middleware/version_negotiation.py:70}}
Jun 10 15:23:31 ubuntu devstack@g-api.service[132171]: WARNING keystonemiddleware.auth_token [None req-75f4bd72-705a-42bd-a1b4-5038d71c277f admin admin] A valid token was submitted as a service token, but it was not a valid service token. This is incorrect but backwards compatible behaviour. This will be removed in future releases.
Jun 10 15:23:31 ubuntu devstack@g-api.service[132171]: [pid: 132171|app: 0|req: 9/19] 127.0.0.1 () {42 vars in 1049 bytes} [Fri Jun 10 15:23:31 2022] GET /v2/images/a5ef9329-3c25-4d93-a446-3099ac39741d => generated 976 bytes in 106 msecs (HTTP/1.1 200) 4 headers in 157 bytes (1 switches on core 0)
Jun 10 15:23:31 ubuntu devstack@g-api.service[132170]: DEBUG glance.api.middleware.version_negotiation [None req-431ce1fb-e2ab-494c-ae6b-de9ad0f136e0 admin admin] Determining version of request: GET /v2/schemas/image Accept: */* {{(pid=132170) process_request /opt/stack/glance/glance/api/middleware/version_negotiation.py:44}}
Jun 10 15:23:31 ubuntu devstack@g-api.service[132170]: DEBUG glance.api.middleware.version_negotiation [None req-431ce1fb-e2ab-494c-ae6b-de9ad0f136e0 admin admin] Using url versioning {{(pid=132170) process_request /opt/stack/glance/glance/api/middleware/version_negotiation.py:57}}
Jun 10 15:23:31 ubuntu devstack@g-api.service[132170]: DEBUG glance.api.middleware.version_negotiation [None req-431ce1fb-e2ab-494c-ae6b-de9ad0f136e0 admin admin] Matched version: v2 {{(pid=132170) process_request /opt/stack/glance/glance/api/middleware/version_negotiation.py:69}}
Jun 10 15:23:31 ubuntu devstack@g-api.service[132170]: DEBUG glance.api.middleware.version_negotiation [None req-431ce1fb-e2ab-494c-ae6b-de9ad0f136e0 admin admin] new path /v2/schemas/image {{(pid=132170) process_request /opt/stack/glance/glance/api/middleware/version_negotiation.py:70}}
Jun 10 15:23:31 ubuntu devstack@g-api.service[132170]: WARNING keystonemiddleware.auth_token [None req-431ce1fb-e2ab-494c-ae6b-de9ad0f136e0 admin admin] A valid token was submitted as a service token, but it was not a valid service token. This is incorrect but backwards compatible behaviour. This will be removed in future releases.
Jun 10 15:23:31 ubuntu devstack@g-api.service[132170]: [pid: 132170|app: 0|req: 11/20] 127.0.0.1 () {42 vars in 989 bytes} [Fri Jun 10 15:23:31 2022] GET /v2/schemas/image => generated 6083 bytes in 6 msecs (HTTP/1.1 200) 4 headers in 158 bytes (1 switches on core 0)
Jun 10 15:23:33 ubuntu devstack@g-api.service[132170]: DEBUG dbcounter [-] [132170] Writing DB stats glance:SELECT=2 {{(pid=132170) stat_writer /usr/local/lib/python3.8/dist-packages/dbcounter.py:114}}
Jun 10 15:23:33 ubuntu devstack@g-api.service[132171]: DEBUG glance.api.middleware.version_negotiation [None req-553adf8d-b32e-4915-a3e6-a56fd2aba826 tempest-VolumesAdminNegativeTest-658453731 tempest-VolumesAdminNegativeTest-658453731-project] Determining version of request: GET /v2/images/a5ef9329-3c25-4d93-a446-3099ac39741d Accept: */* {{(pid=132171) process_request /opt/stack/glance/glance/api/middleware/version_negotiation.py:44}}
Jun 10 15:23:33 ubuntu devstack@g-api.service[132171]: DEBUG glance.api.middleware.version_negotiation [None req-553adf8d-b32e-4915-a3e6-a56fd2aba826 tempest-VolumesAdminNegativeTest-658453731 tempest-VolumesAdminNegativeTest-658453731-project] Using url versioning {{(pid=132171) process_request /opt/stack/glance/glance/api/middleware/version_negotiation.py:57}}
Jun 10 15:23:33 ubuntu devstack@g-api.service[132171]: DEBUG glance.api.middleware.version_negotiation [None req-553adf8d-b32e-4915-a3e6-a56fd2aba826 tempest-VolumesAdminNegativeTest-658453731 tempest-VolumesAdminNegativeTest-658453731-project] Matched version: v2 {{(pid=132171) process_request /opt/stack/glance/glance/api/middleware/version_negotiation.py:69}}
Jun 10 15:23:33 ubuntu devstack@g-api.service[132171]: DEBUG glance.api.middleware.version_negotiation [None req-553adf8d-b32e-4915-a3e6-a56fd2aba826 tempest-VolumesAdminNegativeTest-658453731 tempest-VolumesAdminNegativeTest-658453731-project] new path /v2/images/a5ef9329-3c25-4d93-a446-3099ac39741d {{(pid=132171) process_request /opt/stack/glance/glance/api/middleware/version_negotiation.py:70}}
Jun 10 15:23:33 ubuntu devstack@g-api.service[132171]: [pid: 132171|app: 0|req: 10/21] 127.0.0.1 () {42 vars in 1049 bytes} [Fri Jun 10 15:23:33 2022] GET /v2/images/a5ef9329-3c25-4d93-a446-3099ac39741d => generated 976 bytes in 43 msecs (HTTP/1.1 200) 4 headers in 157 bytes (1 switches on core 0)
Jun 10 15:23:33 ubuntu devstack@g-api.service[132170]: DEBUG glance.api.middleware.version_negotiation [None req-553adf8d-b32e-4915-a3e6-a56fd2aba826 tempest-VolumesAdminNegativeTest-658453731 tempest-VolumesAdminNegativeTest-658453731-project] Determining version of request: GET /v2/images/a5ef9329-3c25-4d93-a446-3099ac39741d/file Accept: */* {{(pid=132170) process_request /opt/stack/glance/glance/api/middleware/version_negotiation.py:44}}
Jun 10 15:23:33 ubuntu devstack@g-api.service[132170]: DEBUG glance.api.middleware.version_negotiation [None req-553adf8d-b32e-4915-a3e6-a56fd2aba826 tempest-VolumesAdminNegativeTest-658453731 tempest-VolumesAdminNegativeTest-658453731-project] Using url versioning {{(pid=132170) process_request /opt/stack/glance/glance/api/middleware/version_negotiation.py:57}}
Jun 10 15:23:33 ubuntu devstack@g-api.service[132170]: DEBUG glance.api.middleware.version_negotiation [None req-553adf8d-b32e-4915-a3e6-a56fd2aba826 tempest-VolumesAdminNegativeTest-658453731 tempest-VolumesAdminNegativeTest-658453731-project] Matched version: v2 {{(pid=132170) process_request /opt/stack/glance/glance/api/middleware/version_negotiation.py:69}}
Jun 10 15:23:33 ubuntu devstack@g-api.service[132170]: DEBUG glance.api.middleware.version_negotiation [None req-553adf8d-b32e-4915-a3e6-a56fd2aba826 tempest-VolumesAdminNegativeTest-658453731 tempest-VolumesAdminNegativeTest-658453731-project] new path /v2/images/a5ef9329-3c25-4d93-a446-3099ac39741d/file {{(pid=132170) process_request /opt/stack/glance/glance/api/middleware/version_negotiation.py:70}}
Jun 10 15:23:33 ubuntu devstack@g-api.service[132170]: DEBUG glance_store.backend [None req-553adf8d-b32e-4915-a3e6-a56fd2aba826 tempest-VolumesAdminNegativeTest-658453731 tempest-VolumesAdminNegativeTest-658453731-project] Attempting to import store swift {{(pid=132170) _load_store /usr/local/lib/python3.8/dist-packages/glance_store/backend.py:217}}
Jun 10 15:23:33 ubuntu devstack@g-api.service[132170]: DEBUG glance_store.capabilities [None req-553adf8d-b32e-4915-a3e6-a56fd2aba826 tempest-VolumesAdminNegativeTest-658453731 tempest-VolumesAdminNegativeTest-658453731-project] Store glance_store._drivers.swift.store.SingleTenantStore doesn't support updating dynamic storage capabilities. Please overwrite 'update_capabilities' method of the store to implement updating logics if needed. {{(pid=132170) update_capabilities /usr/local/lib/python3.8/dist-packages/glance_store/capabilities.py:91}}
Jun 10 15:23:33 ubuntu devstack@g-api.service[132170]: DEBUG glance_store.driver [None req-553adf8d-b32e-4915-a3e6-a56fd2aba826 tempest-VolumesAdminNegativeTest-658453731 tempest-VolumesAdminNegativeTest-658453731-project] Late loading location class glance_store._drivers.swift.store.StoreLocation {{(pid=132170) get_store_location_class /usr/local/lib/python3.8/dist-packages/glance_store/driver.py:117}}
Jun 10 15:23:33 ubuntu devstack@g-api.service[132170]: DEBUG glance_store.location [None req-553adf8d-b32e-4915-a3e6-a56fd2aba826 tempest-VolumesAdminNegativeTest-658453731 tempest-VolumesAdminNegativeTest-658453731-project] Registering scheme swift+https with {'store': <glance_store._drivers.swift.store.SingleTenantStore object at 0x7f8e2be2f670>, 'location_class': <class 'glance_store._drivers.swift.store.StoreLocation'>, 'store_entry': 'swift'} {{(pid=132170) register_scheme_map /usr/local/lib/python3.8/dist-packages/glance_store/location.py:146}}
Jun 10 15:23:33 ubuntu devstack@g-api.service[132170]: DEBUG glance_store.location [None req-553adf8d-b32e-4915-a3e6-a56fd2aba826 tempest-VolumesAdminNegativeTest-658453731 tempest-VolumesAdminNegativeTest-658453731-project] Registering scheme swift+https with {'store': <glance_store._drivers.swift.store.SingleTenantStore object at 0x7f8e2be2f670>, 'location_class': <class 'glance_store._drivers.swift.store.StoreLocation'>, 'store_entry': 'swift'} {{(pid=132170) register_scheme_map /usr/local/lib/python3.8/dist-packages/glance_store/location.py:146}}
Jun 10 15:23:33 ubuntu devstack@g-api.service[132170]: DEBUG glance_store.location [None req-553adf8d-b32e-4915-a3e6-a56fd2aba826 tempest-VolumesAdminNegativeTest-658453731 tempest-VolumesAdminNegativeTest-658453731-project] Registering scheme swift with {'store': <glance_store._drivers.swift.store.SingleTenantStore object at 0x7f8e2be2f670>, 'location_class': <class 'glance_store._drivers.swift.store.StoreLocation'>, 'store_entry': 'swift'} {{(pid=132170) register_scheme_map /usr/local/lib/python3.8/dist-packages/glance_store/location.py:146}}
Jun 10 15:23:33 ubuntu devstack@g-api.service[132170]: DEBUG glance_store.location [None req-553adf8d-b32e-4915-a3e6-a56fd2aba826 tempest-VolumesAdminNegativeTest-658453731 tempest-VolumesAdminNegativeTest-658453731-project] Registering scheme swift+https with {'store': <glance_store._drivers.swift.store.SingleTenantStore object at 0x7f8e2be2f670>, 'location_class': <class 'glance_store._drivers.swift.store.StoreLocation'>, 'store_entry': 'swift'} {{(pid=132170) register_scheme_map /usr/local/lib/python3.8/dist-packages/glance_store/location.py:146}}
Jun 10 15:23:33 ubuntu devstack@g-api.service[132170]: DEBUG glance_store.location [None req-553adf8d-b32e-4915-a3e6-a56fd2aba826 tempest-VolumesAdminNegativeTest-658453731 tempest-VolumesAdminNegativeTest-658453731-project] Registering scheme swift with {'store': <glance_store._drivers.swift.store.SingleTenantStore object at 0x7f8e2be2f670>, 'location_class': <class 'glance_store._drivers.swift.store.StoreLocation'>, 'store_entry': 'swift'} {{(pid=132170) register_scheme_map /usr/local/lib/python3.8/dist-packages/glance_store/location.py:146}}
Jun 10 15:23:33 ubuntu devstack@g-api.service[132170]: DEBUG glance_store.location [None req-553adf8d-b32e-4915-a3e6-a56fd2aba826 tempest-VolumesAdminNegativeTest-658453731 tempest-VolumesAdminNegativeTest-658453731-project] Registering scheme swift+http with {'store': <glance_store._drivers.swift.store.SingleTenantStore object at 0x7f8e2be2f670>, 'location_class': <class 'glance_store._drivers.swift.store.StoreLocation'>, 'store_entry': 'swift'} {{(pid=132170) register_scheme_map /usr/local/lib/python3.8/dist-packages/glance_store/location.py:146}}
Jun 10 15:23:33 ubuntu devstack@g-api.service[132170]: DEBUG glance_store.location [None req-553adf8d-b32e-4915-a3e6-a56fd2aba826 tempest-VolumesAdminNegativeTest-658453731 tempest-VolumesAdminNegativeTest-658453731-project] Registering scheme swift+https with {'store': <glance_store._drivers.swift.store.SingleTenantStore object at 0x7f8e2be2f670>, 'location_class': <class 'glance_store._drivers.swift.store.StoreLocation'>, 'store_entry': 'swift'} {{(pid=132170) register_scheme_map /usr/local/lib/python3.8/dist-packages/glance_store/location.py:146}}
Jun 10 15:23:33 ubuntu devstack@g-api.service[132170]: DEBUG glance_store.location [None req-553adf8d-b32e-4915-a3e6-a56fd2aba826 tempest-VolumesAdminNegativeTest-658453731 tempest-VolumesAdminNegativeTest-658453731-project] Registering scheme swift with {'store': <glance_store._drivers.swift.store.SingleTenantStore object at 0x7f8e2be2f670>, 'location_class': <class 'glance_store._drivers.swift.store.StoreLocation'>, 'store_entry': 'swift'} {{(pid=132170) register_scheme_map /usr/local/lib/python3.8/dist-packages/glance_store/location.py:146}}
Jun 10 15:23:33 ubuntu devstack@g-api.service[132170]: DEBUG glance_store.location [None req-553adf8d-b32e-4915-a3e6-a56fd2aba826 tempest-VolumesAdminNegativeTest-658453731 tempest-VolumesAdminNegativeTest-658453731-project] Registering scheme swift+http with {'store': <glance_store._drivers.swift.store.SingleTenantStore object at 0x7f8e2be2f670>, 'location_class': <class 'glance_store._drivers.swift.store.StoreLocation'>, 'store_entry': 'swift'} {{(pid=132170) register_scheme_map /usr/local/lib/python3.8/dist-packages/glance_store/location.py:146}}
Jun 10 15:23:33 ubuntu devstack@g-api.service[132170]: DEBUG glance_store.location [None req-553adf8d-b32e-4915-a3e6-a56fd2aba826 tempest-VolumesAdminNegativeTest-658453731 tempest-VolumesAdminNegativeTest-658453731-project] Registering scheme swift+config with {'store': <glance_store._drivers.swift.store.SingleTenantStore object at 0x7f8e2be2f670>, 'location_class': <class 'glance_store._drivers.swift.store.StoreLocation'>, 'store_entry': 'swift'} {{(pid=132170) register_scheme_map /usr/local/lib/python3.8/dist-packages/glance_store/location.py:146}}
Jun 10 15:23:34 ubuntu devstack@g-api.service[132170]: DEBUG swiftclient [None req-553adf8d-b32e-4915-a3e6-a56fd2aba826 tempest-VolumesAdminNegativeTest-658453731 tempest-VolumesAdminNegativeTest-658453731-project] REQ: curl -i http://192.168.79.45:8080/v1/AUTH_9c2188a7089e48b58bb2fa0b0a639bfb/glance/a5ef9329-3c25-4d93-a446-3099ac39741d -X GET -H "X-Auth-Token: gAAAAABio2H15LOA..." {{(pid=132170) http_log /usr/local/lib/python3.8/dist-packages/swiftclient/client.py:157}}
Jun 10 15:23:34 ubuntu devstack@g-api.service[132170]: DEBUG swiftclient [None req-553adf8d-b32e-4915-a3e6-a56fd2aba826 tempest-VolumesAdminNegativeTest-658453731 tempest-VolumesAdminNegativeTest-658453731-project] RESP STATUS: 200 OK {{(pid=132170) http_log /usr/local/lib/python3.8/dist-packages/swiftclient/client.py:158}}
Jun 10 15:23:34 ubuntu devstack@g-api.service[132170]: DEBUG swiftclient [None req-553adf8d-b32e-4915-a3e6-a56fd2aba826 tempest-VolumesAdminNegativeTest-658453731 tempest-VolumesAdminNegativeTest-658453731-project] RESP HEADERS: {'Content-Type': 'application/octet-stream', 'Etag': '1d3062cd89af34e419f7100277f38b2b', 'Last-Modified': 'Fri, 10 Jun 2022 15:18:03 GMT', 'X-Timestamp': '1654874282.98287', 'Accept-Ranges': 'bytes', 'Content-Length': '16338944', 'X-Trans-Id': 'txc06d990f4fa846e09bd35-0062a361f6', 'X-Openstack-Request-Id': 'txc06d990f4fa846e09bd35-0062a361f6', 'Date': 'Fri, 10 Jun 2022 15:23:34 GMT'} {{(pid=132170) http_log /usr/local/lib/python3.8/dist-packages/swiftclient/client.py:159}}
Jun 10 15:23:34 ubuntu devstack@g-api.service[132170]: DEBUG glance.image_cache [None req-553adf8d-b32e-4915-a3e6-a56fd2aba826 tempest-VolumesAdminNegativeTest-658453731 tempest-VolumesAdminNegativeTest-658453731-project] Tee'ing image 'a5ef9329-3c25-4d93-a446-3099ac39741d' into cache {{(pid=132170) get_caching_iter /opt/stack/glance/glance/image_cache/__init__.py:343}}
Jun 10 15:23:34 ubuntu devstack@g-api.service[132170]: DEBUG glance.image_cache.drivers.sqlite [None req-553adf8d-b32e-4915-a3e6-a56fd2aba826 tempest-VolumesAdminNegativeTest-658453731 tempest-VolumesAdminNegativeTest-658453731-project] Fetch finished, moving '/opt/stack/data/glance/cache/incomplete/a5ef9329-3c25-4d93-a446-3099ac39741d' to '/opt/stack/data/glance/cache/a5ef9329-3c25-4d93-a446-3099ac39741d' {{(pid=132170) commit /opt/stack/glance/glance/image_cache/drivers/sqlite.py:324}}
Jun 10 15:23:34 ubuntu devstack@g-api.service[132170]: [pid: 132170|app: 0|req: 12/22] 127.0.0.1 () {42 vars in 1059 bytes} [Fri Jun 10 15:23:33 2022] GET /v2/images/a5ef9329-3c25-4d93-a446-3099ac39741d/file => generated 16338944 bytes in 397 msecs (HTTP/1.1 200) 4 headers in 191 bytes (250 switches on core 0)
Jun 10 15:23:43 ubuntu devstack@g-api.service[132171]: DEBUG dbcounter [-] [132171] Writing DB stats glance:SELECT=8 {{(pid=132171) stat_writer /usr/local/lib/python3.8/dist-packages/dbcounter.py:114}}
Jun 10 15:23:44 ubuntu devstack@g-api.service[132170]: DEBUG dbcounter [-] [132170] Writing DB stats glance:SELECT=8 {{(pid=132170) stat_writer /usr/local/lib/python3.8/dist-packages/dbcounter.py:114}}
Jun 10 15:23:54 ubuntu devstack@g-api.service[132171]: DEBUG glance.api.middleware.version_negotiation [None req-553adf8d-b32e-4915-a3e6-a56fd2aba826 tempest-VolumesAdminNegativeTest-658453731 tempest-VolumesAdminNegativeTest-658453731-project] Determining version of request: GET / Accept: application/json {{(pid=132171) process_request /opt/stack/glance/glance/api/middleware/version_negotiation.py:44}}
Jun 10 15:23:54 ubuntu devstack@g-api.service[132171]: DEBUG glance.api.middleware.version_negotiation [None req-553adf8d-b32e-4915-a3e6-a56fd2aba826 tempest-VolumesAdminNegativeTest-658453731 tempest-VolumesAdminNegativeTest-658453731-project] Using url versioning {{(pid=132171) process_request /opt/stack/glance/glance/api/middleware/version_negotiation.py:57}}
Jun 10 15:23:54 ubuntu devstack@g-api.service[132171]: DEBUG glance.api.middleware.version_negotiation [None req-553adf8d-b32e-4915-a3e6-a56fd2aba826 tempest-VolumesAdminNegativeTest-658453731 tempest-VolumesAdminNegativeTest-658453731-project] Unknown version. Returning version choices. {{(pid=132171) process_request /opt/stack/glance/glance/api/middleware/version_negotiation.py:64}}
Jun 10 15:23:54 ubuntu devstack@g-api.service[132171]: [pid: 132171|app: 0|req: 11/23] 127.0.0.1 () {34 vars in 492 bytes} [Fri Jun 10 15:23:54 2022] GET / => generated 1323 bytes in 4 msecs (HTTP/1.1 300) 3 headers in 106 bytes (1 switches on core 0)
Jun 10 15:23:54 ubuntu devstack@g-api.service[132170]: DEBUG glance.api.middleware.version_negotiation [None req-553adf8d-b32e-4915-a3e6-a56fd2aba826 tempest-VolumesAdminNegativeTest-658453731 tempest-VolumesAdminNegativeTest-658453731-project] Determining version of request: GET /v2/images/a5ef9329-3c25-4d93-a446-3099ac39741d Accept: */* {{(pid=132170) process_request /opt/stack/glance/glance/api/middleware/version_negotiation.py:44}}
Jun 10 15:23:54 ubuntu devstack@g-api.service[132170]: DEBUG glance.api.middleware.version_negotiation [None req-553adf8d-b32e-4915-a3e6-a56fd2aba826 tempest-VolumesAdminNegativeTest-658453731 tempest-VolumesAdminNegativeTest-658453731-project] Using url versioning {{(pid=132170) process_request /opt/stack/glance/glance/api/middleware/version_negotiation.py:57}}
Jun 10 15:23:54 ubuntu devstack@g-api.service[132170]: DEBUG glance.api.middleware.version_negotiation [None req-553adf8d-b32e-4915-a3e6-a56fd2aba826 tempest-VolumesAdminNegativeTest-658453731 tempest-VolumesAdminNegativeTest-658453731-project] Matched version: v2 {{(pid=132170) process_request /opt/stack/glance/glance/api/middleware/version_negotiation.py:69}}
Jun 10 15:23:54 ubuntu devstack@g-api.service[132170]: DEBUG glance.api.middleware.version_negotiation [None req-553adf8d-b32e-4915-a3e6-a56fd2aba826 tempest-VolumesAdminNegativeTest-658453731 tempest-VolumesAdminNegativeTest-658453731-project] new path /v2/images/a5ef9329-3c25-4d93-a446-3099ac39741d {{(pid=132170) process_request /opt/stack/glance/glance/api/middleware/version_negotiation.py:70}}
Jun 10 15:23:54 ubuntu devstack@g-api.service[132170]: [pid: 132170|app: 0|req: 13/24] 127.0.0.1 () {42 vars in 1049 bytes} [Fri Jun 10 15:23:54 2022] GET /v2/images/a5ef9329-3c25-4d93-a446-3099ac39741d => generated 976 bytes in 21 msecs (HTTP/1.1 200) 4 headers in 157 bytes (1 switches on core 0)
Jun 10 15:23:54 ubuntu devstack@g-api.service[132171]: DEBUG glance.api.middleware.version_negotiation [None req-553adf8d-b32e-4915-a3e6-a56fd2aba826 tempest-VolumesAdminNegativeTest-658453731 tempest-VolumesAdminNegativeTest-658453731-project] Determining version of request: GET /v2/schemas/image Accept: */* {{(pid=132171) process_request /opt/stack/glance/glance/api/middleware/version_negotiation.py:44}}
Jun 10 15:23:54 ubuntu devstack@g-api.service[132171]: DEBUG glance.api.middleware.version_negotiation [None req-553adf8d-b32e-4915-a3e6-a56fd2aba826 tempest-VolumesAdminNegativeTest-658453731 tempest-VolumesAdminNegativeTest-658453731-project] Using url versioning {{(pid=132171) process_request /opt/stack/glance/glance/api/middleware/version_negotiation.py:57}}
Jun 10 15:23:54 ubuntu devstack@g-api.service[132171]: DEBUG glance.api.middleware.version_negotiation [None req-553adf8d-b32e-4915-a3e6-a56fd2aba826 tempest-VolumesAdminNegativeTest-658453731 tempest-VolumesAdminNegativeTest-658453731-project] Matched version: v2 {{(pid=132171) process_request /opt/stack/glance/glance/api/middleware/version_negotiation.py:69}}
Jun 10 15:23:54 ubuntu devstack@g-api.service[132171]: DEBUG glance.api.middleware.version_negotiation [None req-553adf8d-b32e-4915-a3e6-a56fd2aba826 tempest-VolumesAdminNegativeTest-658453731 tempest-VolumesAdminNegativeTest-658453731-project] new path /v2/schemas/image {{(pid=132171) process_request /opt/stack/glance/glance/api/middleware/version_negotiation.py:70}}
Jun 10 15:23:54 ubuntu devstack@g-api.service[132171]: [pid: 132171|app: 0|req: 12/25] 127.0.0.1 () {42 vars in 989 bytes} [Fri Jun 10 15:23:54 2022] GET /v2/schemas/image => generated 6083 bytes in 7 msecs (HTTP/1.1 200) 4 headers in 158 bytes (1 switches on core 0)
Jun 10 15:24:04 ubuntu devstack@g-api.service[132170]: DEBUG dbcounter [-] [132170] Writing DB stats glance:SELECT=4 {{(pid=132170) stat_writer /usr/local/lib/python3.8/dist-packages/dbcounter.py:114}}
Jun 10 15:24:21 ubuntu devstack@g-api.service[132170]: DEBUG glance.api.middleware.version_negotiation [None req-9fff41bf-e222-42b5-8623-17a9e01e909c tempest-DeleteServersTestJSON-902749790 tempest-DeleteServersTestJSON-902749790-project] Determining version of request: GET /v2/images/a5ef9329-3c25-4d93-a446-3099ac39741d Accept: */* {{(pid=132170) process_request /opt/stack/glance/glance/api/middleware/version_negotiation.py:44}}
