Jun 14 18:46:01 ubuntu neutron-server[117512]: DEBUG neutron.api.extensions [None req-2e4b38fb-928c-4809-a8a1-7447923a332a None None] Loading extension file: trunk_details.py {{(pid=117512) _load_all_extensions_from_path /opt/stack/neutron/neutron/api/extensions.py:450}}
Jun 14 18:46:01 ubuntu neutron-server[117512]: DEBUG neutron.api.extensions [None req-2e4b38fb-928c-4809-a8a1-7447923a332a None None] Ext name="Trunk port details" alias="trunk-details" description="Expose trunk port details" updated="2016-01-01T10:00:00-00:00" {{(pid=117512) _check_extension /opt/stack/neutron/neutron/api/extensions.py:416}}
Jun 14 18:46:01 ubuntu neutron-server[117512]: INFO neutron.api.extensions [None req-2e4b38fb-928c-4809-a8a1-7447923a332a None None] Extension trunk-details not supported by any of loaded plugins
Jun 14 18:46:01 ubuntu neutron-server[117512]: DEBUG neutron.api.extensions [None req-2e4b38fb-928c-4809-a8a1-7447923a332a None None] Loading extension file: uplink_status_propagation.py {{(pid=117512) _load_all_extensions_from_path /opt/stack/neutron/neutron/api/extensions.py:450}}
Jun 14 18:46:01 ubuntu neutron-server[117512]: DEBUG neutron.api.extensions [None req-2e4b38fb-928c-4809-a8a1-7447923a332a None None] Ext name="Uplink status propagation extension" alias="uplink-status-propagation" description="Provides ability to propagate port uplink status." updated="2018-05-31T18:00:00-00:00" {{(pid=117512) _check_extension /opt/stack/neutron/neutron/api/extensions.py:416}}
Jun 14 18:46:01 ubuntu neutron-server[117512]: INFO neutron.api.extensions [None req-2e4b38fb-928c-4809-a8a1-7447923a332a None None] Extension uplink-status-propagation not supported by any of loaded plugins
Jun 14 18:46:01 ubuntu neutron-server[117512]: DEBUG neutron.api.extensions [None req-2e4b38fb-928c-4809-a8a1-7447923a332a None None] Loading extension file: vlantransparent.py {{(pid=117512) _load_all_extensions_from_path /opt/stack/neutron/neutron/api/extensions.py:450}}
Jun 14 18:46:01 ubuntu neutron-server[117512]: DEBUG neutron.api.extensions [None req-2e4b38fb-928c-4809-a8a1-7447923a332a None None] Ext name="Vlantransparent" alias="vlan-transparent" description="Provides Vlan Transparent Networks" updated="2015-03-23T09:00:00-00:00" {{(pid=117512) _check_extension /opt/stack/neutron/neutron/api/extensions.py:416}}
Jun 14 18:46:01 ubuntu neutron-server[117512]: INFO neutron.api.extensions [None req-2e4b38fb-928c-4809-a8a1-7447923a332a None None] Extension vlan-transparent not supported by any of loaded plugins
Jun 14 18:46:01 ubuntu neutron-server[117512]: INFO neutron.quota.resource_registry [None req-2e4b38fb-928c-4809-a8a1-7447923a332a None None] Creating instance of TrackedResource for resource:network
Jun 14 18:46:01 ubuntu neutron-server[117512]: INFO neutron.quota.resource_registry [None req-2e4b38fb-928c-4809-a8a1-7447923a332a None None] Creating instance of TrackedResource for resource:subnet
Jun 14 18:46:01 ubuntu neutron-server[117512]: INFO neutron.quota.resource_registry [None req-2e4b38fb-928c-4809-a8a1-7447923a332a None None] Creating instance of TrackedResource for resource:subnetpool
Jun 14 18:46:01 ubuntu neutron-server[117512]: INFO neutron.quota.resource_registry [None req-2e4b38fb-928c-4809-a8a1-7447923a332a None None] Creating instance of TrackedResource for resource:port
Jun 14 18:46:01 ubuntu neutron-server[117512]: DEBUG neutron.api.v2.resource_helper [None req-2e4b38fb-928c-4809-a8a1-7447923a332a None None] Service FLAVORS assigned prefix:  {{(pid=117512) build_resource_info /opt/stack/neutron/neutron/api/v2/resource_helper.py:77}}
Jun 14 18:46:01 ubuntu neutron-server[117512]: DEBUG neutron.api.v2.resource_helper [None req-2e4b38fb-928c-4809-a8a1-7447923a332a None None] Service L3_ROUTER_NAT assigned prefix:  {{(pid=117512) build_resource_info /opt/stack/neutron/neutron/api/v2/resource_helper.py:77}}
Jun 14 18:46:01 ubuntu neutron-server[117512]: DEBUG neutron.api.v2.resource_helper [None req-2e4b38fb-928c-4809-a8a1-7447923a332a None None] Service L3_ROUTER_NAT assigned prefix:  {{(pid=117512) build_resource_info /opt/stack/neutron/neutron/api/v2/resource_helper.py:77}}
Jun 14 18:46:01 ubuntu neutron-server[117512]: INFO neutron.quota.resource_registry [None req-2e4b38fb-928c-4809-a8a1-7447923a332a None None] Creating instance of TrackedResource for resource:router
Jun 14 18:46:01 ubuntu neutron-server[117512]: INFO neutron.quota.resource_registry [None req-2e4b38fb-928c-4809-a8a1-7447923a332a None None] Creating instance of TrackedResource for resource:floatingip
Jun 14 18:46:01 ubuntu neutron-server[117512]: DEBUG neutron_lib.callbacks.manager [None req-2e4b38fb-928c-4809-a8a1-7447923a332a None None] Subscribe: <bound method NeutronDbPluginV2.validate_network_rbac_policy_change of <neutron.services.network_ip_availability.plugin.NetworkIPAvailabilityPlugin object at 0x7fa4a249bcd0>> rbac-policy before_create 55550000 {{(pid=117512) subscribe /usr/local/lib/python3.8/dist-packages/neutron_lib/callbacks/manager.py:45}}
Jun 14 18:46:01 ubuntu neutron-server[117512]: DEBUG neutron_lib.callbacks.manager [None req-2e4b38fb-928c-4809-a8a1-7447923a332a None None] Subscribe: <bound method NeutronDbPluginV2.validate_network_rbac_policy_change of <neutron.services.network_ip_availability.plugin.NetworkIPAvailabilityPlugin object at 0x7fa4a249bcd0>> rbac-policy before_update 55550000 {{(pid=117512) subscribe /usr/local/lib/python3.8/dist-packages/neutron_lib/callbacks/manager.py:45}}
Jun 14 18:46:01 ubuntu neutron-server[117512]: DEBUG neutron_lib.callbacks.manager [None req-2e4b38fb-928c-4809-a8a1-7447923a332a None None] Subscribe: <bound method NeutronDbPluginV2.validate_network_rbac_policy_change of <neutron.services.network_ip_availability.plugin.NetworkIPAvailabilityPlugin object at 0x7fa4a249bcd0>> rbac-policy before_delete 55550000 {{(pid=117512) subscribe /usr/local/lib/python3.8/dist-packages/neutron_lib/callbacks/manager.py:45}}
Jun 14 18:46:01 ubuntu neutron-server[117512]: INFO neutron.quota.resource_registry [None req-2e4b38fb-928c-4809-a8a1-7447923a332a None None] Creating instance of CountableResource for resource:rbac_policy
Jun 14 18:46:01 ubuntu neutron-server[117512]: INFO neutron.quota.resource_registry [None req-2e4b38fb-928c-4809-a8a1-7447923a332a None None] Creating instance of TrackedResource for resource:security_group
Jun 14 18:46:01 ubuntu neutron-server[117512]: INFO neutron.quota.resource_registry [None req-2e4b38fb-928c-4809-a8a1-7447923a332a None None] Creating instance of TrackedResource for resource:security_group_rule
Jun 14 18:46:01 ubuntu neutron-server[117512]: DEBUG neutron.api.v2.resource_helper [None req-2e4b38fb-928c-4809-a8a1-7447923a332a None None] Service FLAVORS assigned prefix:  {{(pid=117512) build_resource_info /opt/stack/neutron/neutron/api/v2/resource_helper.py:77}}
Jun 14 18:46:01 ubuntu neutron-server[117512]: DEBUG neutron.api.v2.resource_helper [None req-2e4b38fb-928c-4809-a8a1-7447923a332a None None] Service L3_ROUTER_NAT assigned prefix:  {{(pid=117512) build_resource_info /opt/stack/neutron/neutron/api/v2/resource_helper.py:77}}
Jun 14 18:46:01 ubuntu neutron-server[117512]: DEBUG neutron.api.v2.resource_helper [None req-2e4b38fb-928c-4809-a8a1-7447923a332a None None] Service L3_ROUTER_NAT assigned prefix:  {{(pid=117512) build_resource_info /opt/stack/neutron/neutron/api/v2/resource_helper.py:77}}
Jun 14 18:46:01 ubuntu neutron-server[117512]: INFO neutron.quota.resource_registry [None req-2e4b38fb-928c-4809-a8a1-7447923a332a None None] Creating instance of TrackedResource for resource:router
Jun 14 18:46:01 ubuntu neutron-server[117512]: WARNING neutron.quota.resource_registry [None req-2e4b38fb-928c-4809-a8a1-7447923a332a None None] router is already registered
Jun 14 18:46:01 ubuntu neutron-server[117512]: INFO neutron.quota.resource_registry [None req-2e4b38fb-928c-4809-a8a1-7447923a332a None None] Creating instance of TrackedResource for resource:floatingip
Jun 14 18:46:01 ubuntu neutron-server[117512]: WARNING neutron.quota.resource_registry [None req-2e4b38fb-928c-4809-a8a1-7447923a332a None None] floatingip is already registered
Jun 14 18:46:01 ubuntu neutron-server[117512]: INFO neutron.quota.resource_registry [None req-2e4b38fb-928c-4809-a8a1-7447923a332a None None] Creating instance of CountableResource for resource:rbac_policy
Jun 14 18:46:01 ubuntu neutron-server[117512]: WARNING neutron.quota.resource_registry [None req-2e4b38fb-928c-4809-a8a1-7447923a332a None None] rbac_policy is already registered
Jun 14 18:46:01 ubuntu neutron-server[117512]: INFO neutron.quota.resource_registry [None req-2e4b38fb-928c-4809-a8a1-7447923a332a None None] Creating instance of TrackedResource for resource:security_group
Jun 14 18:46:01 ubuntu neutron-server[117512]: WARNING neutron.quota.resource_registry [None req-2e4b38fb-928c-4809-a8a1-7447923a332a None None] security_group is already registered
Jun 14 18:46:01 ubuntu neutron-server[117512]: INFO neutron.quota.resource_registry [None req-2e4b38fb-928c-4809-a8a1-7447923a332a None None] Creating instance of TrackedResource for resource:security_group_rule
Jun 14 18:46:01 ubuntu neutron-server[117512]: WARNING neutron.quota.resource_registry [None req-2e4b38fb-928c-4809-a8a1-7447923a332a None None] security_group_rule is already registered
Jun 14 18:46:01 ubuntu neutron-server[117512]: DEBUG neutron.api.extensions [None req-2e4b38fb-928c-4809-a8a1-7447923a332a None None] Extended resource: extensions {{(pid=117512) __init__ /opt/stack/neutron/neutron/api/extensions.py:157}}
Jun 14 18:46:01 ubuntu neutron-server[117512]: DEBUG neutron.api.extensions [None req-2e4b38fb-928c-4809-a8a1-7447923a332a None None] Extended resource: address-groups {{(pid=117512) __init__ /opt/stack/neutron/neutron/api/extensions.py:157}}
Jun 14 18:46:01 ubuntu neutron-server[117512]: DEBUG neutron.api.extensions [None req-2e4b38fb-928c-4809-a8a1-7447923a332a None None] Extended resource: address-scopes {{(pid=117512) __init__ /opt/stack/neutron/neutron/api/extensions.py:157}}
Jun 14 18:46:01 ubuntu neutron-server[117512]: DEBUG neutron.api.extensions [None req-2e4b38fb-928c-4809-a8a1-7447923a332a None None] Extended resource: agents {{(pid=117512) __init__ /opt/stack/neutron/neutron/api/extensions.py:157}}
Jun 14 18:46:01 ubuntu neutron-server[117512]: DEBUG neutron.api.extensions [None req-2e4b38fb-928c-4809-a8a1-7447923a332a None None] Extended resource: auto-allocated-topology {{(pid=117512) __init__ /opt/stack/neutron/neutron/api/extensions.py:157}}
Jun 14 18:46:01 ubuntu neutron-server[117512]: DEBUG neutron.api.extensions [None req-2e4b38fb-928c-4809-a8a1-7447923a332a None None] Extended resource: availability_zones {{(pid=117512) __init__ /opt/stack/neutron/neutron/api/extensions.py:157}}
Jun 14 18:46:01 ubuntu neutron-server[117512]: DEBUG neutron.api.extensions [None req-2e4b38fb-928c-4809-a8a1-7447923a332a None None] Extended resource: flavors {{(pid=117512) __init__ /opt/stack/neutron/neutron/api/extensions.py:157}}
Jun 14 18:46:01 ubuntu neutron-server[117512]: DEBUG neutron.api.extensions [None req-2e4b38fb-928c-4809-a8a1-7447923a332a None None] Extended resource: service_profiles {{(pid=117512) __init__ /opt/stack/neutron/neutron/api/extensions.py:157}}
Jun 14 18:46:01 ubuntu neutron-server[117512]: DEBUG neutron.api.extensions [None req-2e4b38fb-928c-4809-a8a1-7447923a332a None None] Extended resource: next_providers {{(pid=117512) __init__ /opt/stack/neutron/neutron/api/extensions.py:157}}
Jun 14 18:46:01 ubuntu neutron-server[117512]: DEBUG neutron.api.extensions [None req-2e4b38fb-928c-4809-a8a1-7447923a332a None None] Extended resource: service_profiles {{(pid=117512) __init__ /opt/stack/neutron/neutron/api/extensions.py:157}}
Jun 14 18:46:01 ubuntu neutron-server[117512]: DEBUG neutron.api.extensions [None req-2e4b38fb-928c-4809-a8a1-7447923a332a None None] Extended resource: floatingip-pools {{(pid=117512) __init__ /opt/stack/neutron/neutron/api/extensions.py:157}}
Jun 14 18:46:01 ubuntu neutron-server[117512]: DEBUG neutron.api.extensions [None req-2e4b38fb-928c-4809-a8a1-7447923a332a None None] Extended resource: routers {{(pid=117512) __init__ /opt/stack/neutron/neutron/api/extensions.py:157}}
Jun 14 18:46:01 ubuntu neutron-server[117512]: DEBUG neutron.api.extensions [None req-2e4b38fb-928c-4809-a8a1-7447923a332a None None] Extended resource: floatingips {{(pid=117512) __init__ /opt/stack/neutron/neutron/api/extensions.py:157}}
Jun 14 18:46:01 ubuntu neutron-server[117512]: DEBUG neutron.api.extensions [None req-2e4b38fb-928c-4809-a8a1-7447923a332a None None] Extended resource: network-ip-availabilities {{(pid=117512) __init__ /opt/stack/neutron/neutron/api/extensions.py:157}}
Jun 14 18:46:01 ubuntu neutron-server[117512]: DEBUG neutron.api.extensions [None req-2e4b38fb-928c-4809-a8a1-7447923a332a None None] Extended resource: bindings {{(pid=117512) __init__ /opt/stack/neutron/neutron/api/extensions.py:157}}
Jun 14 18:46:01 ubuntu neutron-server[117512]: DEBUG neutron.api.extensions [None req-2e4b38fb-928c-4809-a8a1-7447923a332a None None] Extended resource: quotas {{(pid=117512) __init__ /opt/stack/neutron/neutron/api/extensions.py:157}}
Jun 14 18:46:01 ubuntu neutron-server[117512]: DEBUG neutron.api.extensions [None req-2e4b38fb-928c-4809-a8a1-7447923a332a None None] Extended resource: quotas {{(pid=117512) __init__ /opt/stack/neutron/neutron/api/extensions.py:157}}
Jun 14 18:46:01 ubuntu neutron-server[117512]: DEBUG neutron.api.extensions [None req-2e4b38fb-928c-4809-a8a1-7447923a332a None None] Extended resource: rbac-policies {{(pid=117512) __init__ /opt/stack/neutron/neutron/api/extensions.py:157}}
Jun 14 18:46:01 ubuntu neutron-server[117512]: DEBUG neutron.api.extensions [None req-2e4b38fb-928c-4809-a8a1-7447923a332a None None] Extended resource: security-groups {{(pid=117512) __init__ /opt/stack/neutron/neutron/api/extensions.py:157}}
Jun 14 18:46:01 ubuntu neutron-server[117512]: DEBUG neutron.api.extensions [None req-2e4b38fb-928c-4809-a8a1-7447923a332a None None] Extended resource: security-group-rules {{(pid=117512) __init__ /opt/stack/neutron/neutron/api/extensions.py:157}}
Jun 14 18:46:01 ubuntu neutron-server[117512]: DEBUG neutron.api.extensions [None req-2e4b38fb-928c-4809-a8a1-7447923a332a None None] Extended resource: service-providers {{(pid=117512) __init__ /opt/stack/neutron/neutron/api/extensions.py:157}}
Jun 14 18:46:01 ubuntu neutron-server[117512]: DEBUG neutron.api.extensions [None req-2e4b38fb-928c-4809-a8a1-7447923a332a None None] Extended resource: tags {{(pid=117512) __init__ /opt/stack/neutron/neutron/api/extensions.py:157}}
Jun 14 18:46:01 ubuntu neutron-server[117512]: DEBUG neutron.api.extensions [None req-2e4b38fb-928c-4809-a8a1-7447923a332a None None] Extended resource: tags {{(pid=117512) __init__ /opt/stack/neutron/neutron/api/extensions.py:157}}
Jun 14 18:46:01 ubuntu neutron-server[117512]: DEBUG neutron.api.extensions [None req-2e4b38fb-928c-4809-a8a1-7447923a332a None None] Extended resource: tags {{(pid=117512) __init__ /opt/stack/neutron/neutron/api/extensions.py:157}}
Jun 14 18:46:01 ubuntu neutron-server[117512]: DEBUG neutron.api.extensions [None req-2e4b38fb-928c-4809-a8a1-7447923a332a None None] Extended resource: tags {{(pid=117512) __init__ /opt/stack/neutron/neutron/api/extensions.py:157}}
Jun 14 18:46:01 ubuntu neutron-server[117512]: DEBUG neutron.api.extensions [None req-2e4b38fb-928c-4809-a8a1-7447923a332a None None] Extended resource: tags {{(pid=117512) __init__ /opt/stack/neutron/neutron/api/extensions.py:157}}
Jun 14 18:46:01 ubuntu neutron-server[117512]: DEBUG neutron.api.extensions [None req-2e4b38fb-928c-4809-a8a1-7447923a332a None None] Extended resource: tags {{(pid=117512) __init__ /opt/stack/neutron/neutron/api/extensions.py:157}}
Jun 14 18:46:01 ubuntu neutron-server[117512]: DEBUG neutron.api.extensions [None req-2e4b38fb-928c-4809-a8a1-7447923a332a None None] Extended resource: tags {{(pid=117512) __init__ /opt/stack/neutron/neutron/api/extensions.py:157}}
Jun 14 18:46:01 ubuntu neutron-server[117512]: DEBUG neutron.api.extensions [None req-2e4b38fb-928c-4809-a8a1-7447923a332a None None] Extended resource: tags {{(pid=117512) __init__ /opt/stack/neutron/neutron/api/extensions.py:157}}
Jun 14 18:46:01 ubuntu neutron-server[117512]: DEBUG neutron.api.extensions [None req-2e4b38fb-928c-4809-a8a1-7447923a332a None None] Extended resource: tags {{(pid=117512) __init__ /opt/stack/neutron/neutron/api/extensions.py:157}}
Jun 14 18:46:01 ubuntu neutron-server[117512]: DEBUG neutron.api.extensions [None req-2e4b38fb-928c-4809-a8a1-7447923a332a None None] Extended resource: tags {{(pid=117512) __init__ /opt/stack/neutron/neutron/api/extensions.py:157}}
Jun 14 18:46:01 ubuntu neutron-server[117512]: WARNING keystonemiddleware.auth_token [None req-2e4b38fb-928c-4809-a8a1-7447923a332a None None] AuthToken middleware is set with keystone_authtoken.service_token_roles_required set to False. This is backwards compatible but deprecated behaviour. Please set this to True.
Jun 14 18:46:01 ubuntu neutron-server[117512]: WARNING keystonemiddleware.auth_token [None req-2e4b38fb-928c-4809-a8a1-7447923a332a None None] Configuring www_authenticate_uri to point to the public identity endpoint is required; clients may not be able to authenticate against an admin endpoint
Jun 14 18:46:01 ubuntu neutron-server[117512]: DEBUG oslo_concurrency.lockutils [None req-2e4b38fb-928c-4809-a8a1-7447923a332a None None] Acquired lock "singleton_lock" {{(pid=117512) lock /usr/local/lib/python3.8/dist-packages/oslo_concurrency/lockutils.py:294}}
Jun 14 18:46:01 ubuntu neutron-server[117512]: DEBUG oslo_concurrency.lockutils [None req-2e4b38fb-928c-4809-a8a1-7447923a332a None None] Releasing lock "singleton_lock" {{(pid=117512) lock /usr/local/lib/python3.8/dist-packages/oslo_concurrency/lockutils.py:312}}
Jun 14 18:46:01 ubuntu neutron-server[117512]: INFO oslo_service.service [None req-2e4b38fb-928c-4809-a8a1-7447923a332a None None] Starting 2 workers
Jun 14 18:46:01 ubuntu neutron-server[117512]: DEBUG oslo_service.service [None req-2e4b38fb-928c-4809-a8a1-7447923a332a None None] Started child 117717 {{(pid=117512) _start_child /usr/local/lib/python3.8/dist-packages/oslo_service/service.py:575}}
Jun 14 18:46:01 ubuntu neutron-server[117512]: DEBUG oslo_service.service [None req-2e4b38fb-928c-4809-a8a1-7447923a332a None None] Started child 117718 {{(pid=117512) _start_child /usr/local/lib/python3.8/dist-packages/oslo_service/service.py:575}}
Jun 14 18:46:01 ubuntu neutron-server[117512]: INFO neutron.service [None req-2e4b38fb-928c-4809-a8a1-7447923a332a None None] Neutron service started, listening on 0.0.0.0:9696
Jun 14 18:46:01 ubuntu neutron-server[117512]: DEBUG neutron_lib.callbacks.manager [None req-2e4b38fb-928c-4809-a8a1-7447923a332a None None] Publish callbacks ['neutron.plugins.ml2.drivers.ovn.mech_driver.mech_driver.OVNMechanismDriver.pre_fork_initialize-930048'] for process (None), before_spawn {{(pid=117512) _notify_loop /usr/local/lib/python3.8/dist-packages/neutron_lib/callbacks/manager.py:176}}
Jun 14 18:46:01 ubuntu neutron-server[117717]: DEBUG neutron_lib.callbacks.manager [-] Publish callbacks ['neutron.plugins.ml2.drivers.ovn.mech_driver.mech_driver.OVNMechanismDriver.post_fork_initialize-937960'] for process (None), after_init {{(pid=117717) _notify_loop /usr/local/lib/python3.8/dist-packages/neutron_lib/callbacks/manager.py:176}}
Jun 14 18:46:01 ubuntu neutron-server[117718]: DEBUG neutron_lib.callbacks.manager [-] Publish callbacks ['neutron.plugins.ml2.drivers.ovn.mech_driver.mech_driver.OVNMechanismDriver.post_fork_initialize-937960'] for process (None), after_init {{(pid=117718) _notify_loop /usr/local/lib/python3.8/dist-packages/neutron_lib/callbacks/manager.py:176}}
Jun 14 18:46:01 ubuntu neutron-server[117718]: DEBUG dbcounter [-] [117718] Writer thread running {{(pid=117718) stat_writer /usr/local/lib/python3.8/dist-packages/dbcounter.py:99}}
Jun 14 18:46:01 ubuntu neutron-server[117717]: DEBUG dbcounter [-] [117717] Writer thread running {{(pid=117717) stat_writer /usr/local/lib/python3.8/dist-packages/dbcounter.py:99}}
Jun 14 18:46:01 ubuntu neutron-server[117512]: DEBUG ovsdbapp.backend.ovs_idl [None req-2e4b38fb-928c-4809-a8a1-7447923a332a None None] Created schema index Port_Group.name {{(pid=117512) autocreate_indices /usr/local/lib/python3.8/dist-packages/ovsdbapp/backend/ovs_idl/__init__.py:104}}
Jun 14 18:46:01 ubuntu neutron-server[117512]: DEBUG ovsdbapp.backend.ovs_idl [None req-2e4b38fb-928c-4809-a8a1-7447923a332a None None] Created schema index Logical_Switch_Port.name {{(pid=117512) autocreate_indices /usr/local/lib/python3.8/dist-packages/ovsdbapp/backend/ovs_idl/__init__.py:104}}
Jun 14 18:46:01 ubuntu neutron-server[117718]: INFO neutron.plugins.ml2.drivers.ovn.mech_driver.ovsdb.impl_idl_ovn [None req-cb4addcd-1191-4a1f-9ddc-83f4c2a25866 None None] Getting OvsdbNbOvnIdl for WorkerService with retry
Jun 14 18:46:01 ubuntu neutron-server[117718]: DEBUG ovsdbapp.backend.ovs_idl [None req-cb4addcd-1191-4a1f-9ddc-83f4c2a25866 None None] Created lookup_table index Logical_Switch.name {{(pid=117718) autocreate_indices /usr/local/lib/python3.8/dist-packages/ovsdbapp/backend/ovs_idl/__init__.py:85}}
Jun 14 18:46:01 ubuntu neutron-server[117718]: DEBUG ovsdbapp.backend.ovs_idl [None req-cb4addcd-1191-4a1f-9ddc-83f4c2a25866 None None] Created lookup_table index Logical_Router.name {{(pid=117718) autocreate_indices /usr/local/lib/python3.8/dist-packages/ovsdbapp/backend/ovs_idl/__init__.py:85}}
Jun 14 18:46:01 ubuntu neutron-server[117717]: INFO neutron.plugins.ml2.drivers.ovn.mech_driver.ovsdb.impl_idl_ovn [None req-5e880d65-6f36-4790-8d78-4cb295a81a6b None None] Getting OvsdbNbOvnIdl for WorkerService with retry
Jun 14 18:46:01 ubuntu neutron-server[117718]: DEBUG ovsdbapp.backend.ovs_idl [None req-cb4addcd-1191-4a1f-9ddc-83f4c2a25866 None None] Created lookup_table index Load_Balancer.name {{(pid=117718) autocreate_indices /usr/local/lib/python3.8/dist-packages/ovsdbapp/backend/ovs_idl/__init__.py:85}}
Jun 14 18:46:01 ubuntu neutron-server[117718]: DEBUG ovsdbapp.backend.ovs_idl [None req-cb4addcd-1191-4a1f-9ddc-83f4c2a25866 None None] Created schema index Meter.name {{(pid=117718) autocreate_indices /usr/local/lib/python3.8/dist-packages/ovsdbapp/backend/ovs_idl/__init__.py:104}}
Jun 14 18:46:01 ubuntu neutron-server[117718]: DEBUG ovsdbapp.backend.ovs_idl [None req-cb4addcd-1191-4a1f-9ddc-83f4c2a25866 None None] Created schema index Address_Set.name {{(pid=117718) autocreate_indices /usr/local/lib/python3.8/dist-packages/ovsdbapp/backend/ovs_idl/__init__.py:104}}
Jun 14 18:46:01 ubuntu neutron-server[117718]: DEBUG ovsdbapp.backend.ovs_idl [None req-cb4addcd-1191-4a1f-9ddc-83f4c2a25866 None None] Created schema index HA_Chassis_Group.name {{(pid=117718) autocreate_indices /usr/local/lib/python3.8/dist-packages/ovsdbapp/backend/ovs_idl/__init__.py:104}}
Jun 14 18:46:01 ubuntu neutron-server[117718]: DEBUG ovsdbapp.backend.ovs_idl [None req-cb4addcd-1191-4a1f-9ddc-83f4c2a25866 None None] Created schema index Connection.target {{(pid=117718) autocreate_indices /usr/local/lib/python3.8/dist-packages/ovsdbapp/backend/ovs_idl/__init__.py:104}}
Jun 14 18:46:01 ubuntu neutron-server[117718]: DEBUG ovsdbapp.backend.ovs_idl [None req-cb4addcd-1191-4a1f-9ddc-83f4c2a25866 None None] Created schema index Gateway_Chassis.name {{(pid=117718) autocreate_indices /usr/local/lib/python3.8/dist-packages/ovsdbapp/backend/ovs_idl/__init__.py:104}}
Jun 14 18:46:01 ubuntu neutron-server[117718]: DEBUG ovsdbapp.backend.ovs_idl [None req-cb4addcd-1191-4a1f-9ddc-83f4c2a25866 None None] Created schema index Logical_Router_Port.name {{(pid=117718) autocreate_indices /usr/local/lib/python3.8/dist-packages/ovsdbapp/backend/ovs_idl/__init__.py:104}}
Jun 14 18:46:01 ubuntu neutron-server[117718]: DEBUG ovsdbapp.backend.ovs_idl [None req-cb4addcd-1191-4a1f-9ddc-83f4c2a25866 None None] Created schema index Port_Group.name {{(pid=117718) autocreate_indices /usr/local/lib/python3.8/dist-packages/ovsdbapp/backend/ovs_idl/__init__.py:104}}
Jun 14 18:46:01 ubuntu neutron-server[117718]: DEBUG ovsdbapp.backend.ovs_idl [None req-cb4addcd-1191-4a1f-9ddc-83f4c2a25866 None None] Created schema index Logical_Switch_Port.name {{(pid=117718) autocreate_indices /usr/local/lib/python3.8/dist-packages/ovsdbapp/backend/ovs_idl/__init__.py:104}}
Jun 14 18:46:01 ubuntu neutron-server[117718]: INFO ovsdbapp.backend.ovs_idl.vlog [None req-cb4addcd-1191-4a1f-9ddc-83f4c2a25866 None None] tcp:192.168.79.50:6641: connecting...
Jun 14 18:46:01 ubuntu neutron-server[117718]: INFO ovsdbapp.backend.ovs_idl.vlog [None req-cb4addcd-1191-4a1f-9ddc-83f4c2a25866 None None] tcp:192.168.79.50:6641: connected
Jun 14 18:46:01 ubuntu neutron-server[117512]: DEBUG ovsdbapp.backend.ovs_idl.transaction [-] Running txn n=1 command(idx=0): PgAddCommand(name=neutron_pg_drop, may_exist=True, columns={'acls': []}) {{(pid=117512) do_commit /usr/local/lib/python3.8/dist-packages/ovsdbapp/backend/ovs_idl/transaction.py:90}}
Jun 14 18:46:01 ubuntu neutron-server[117512]: DEBUG ovsdbapp.backend.ovs_idl.transaction [-] Running txn n=1 command(idx=1): PgAclAddCommand(entity=neutron_pg_drop, direction=from-lport, priority=1001, match=inport == @neutron_pg_drop && ip, action=drop, log=False, may_exist=True, severity=[], name=[], meter=None, external_ids={}) {{(pid=117512) do_commit /usr/local/lib/python3.8/dist-packages/ovsdbapp/backend/ovs_idl/transaction.py:90}}
Jun 14 18:46:01 ubuntu neutron-server[117512]: DEBUG ovsdbapp.backend.ovs_idl.transaction [-] Running txn n=1 command(idx=2): PgAclAddCommand(entity=neutron_pg_drop, direction=to-lport, priority=1001, match=outport == @neutron_pg_drop && ip, action=drop, log=False, may_exist=True, severity=[], name=[], meter=None, external_ids={}) {{(pid=117512) do_commit /usr/local/lib/python3.8/dist-packages/ovsdbapp/backend/ovs_idl/transaction.py:90}}
Jun 14 18:46:01 ubuntu neutron-server[117512]: DEBUG ovsdbapp.backend.ovs_idl.event [-] Matched CREATE: NeutronPgDropPortGroupCreated(events=('create',), table='Port_Group', conditions=(('name', '=', 'neutron_pg_drop'),), old_conditions=None), priority=10 to row=Port_Group(name=neutron_pg_drop, ports=[], external_ids={}, acls=[<ovs.db.idl.Row object at 0x7fa4a1c2e2e0>, <ovs.db.idl.Row object at 0x7fa4a1c2e850>]) old= {{(pid=117512) matches /usr/local/lib/python3.8/dist-packages/ovsdbapp/backend/ovs_idl/event.py:43}}
Jun 14 18:46:01 ubuntu neutron-server[117717]: DEBUG ovsdbapp.backend.ovs_idl [None req-5e880d65-6f36-4790-8d78-4cb295a81a6b None None] Created lookup_table index Logical_Switch.name {{(pid=117717) autocreate_indices /usr/local/lib/python3.8/dist-packages/ovsdbapp/backend/ovs_idl/__init__.py:85}}
Jun 14 18:46:01 ubuntu neutron-server[117717]: DEBUG ovsdbapp.backend.ovs_idl [None req-5e880d65-6f36-4790-8d78-4cb295a81a6b None None] Created lookup_table index Logical_Router.name {{(pid=117717) autocreate_indices /usr/local/lib/python3.8/dist-packages/ovsdbapp/backend/ovs_idl/__init__.py:85}}
Jun 14 18:46:01 ubuntu neutron-server[117717]: DEBUG ovsdbapp.backend.ovs_idl [None req-5e880d65-6f36-4790-8d78-4cb295a81a6b None None] Created lookup_table index Load_Balancer.name {{(pid=117717) autocreate_indices /usr/local/lib/python3.8/dist-packages/ovsdbapp/backend/ovs_idl/__init__.py:85}}
Jun 14 18:46:01 ubuntu neutron-server[117717]: DEBUG ovsdbapp.backend.ovs_idl [None req-5e880d65-6f36-4790-8d78-4cb295a81a6b None None] Created schema index Meter.name {{(pid=117717) autocreate_indices /usr/local/lib/python3.8/dist-packages/ovsdbapp/backend/ovs_idl/__init__.py:104}}
Jun 14 18:46:01 ubuntu neutron-server[117717]: DEBUG ovsdbapp.backend.ovs_idl [None req-5e880d65-6f36-4790-8d78-4cb295a81a6b None None] Created schema index Address_Set.name {{(pid=117717) autocreate_indices /usr/local/lib/python3.8/dist-packages/ovsdbapp/backend/ovs_idl/__init__.py:104}}
Jun 14 18:46:01 ubuntu neutron-server[117717]: DEBUG ovsdbapp.backend.ovs_idl [None req-5e880d65-6f36-4790-8d78-4cb295a81a6b None None] Created schema index HA_Chassis_Group.name {{(pid=117717) autocreate_indices /usr/local/lib/python3.8/dist-packages/ovsdbapp/backend/ovs_idl/__init__.py:104}}
Jun 14 18:46:01 ubuntu neutron-server[117717]: DEBUG ovsdbapp.backend.ovs_idl [None req-5e880d65-6f36-4790-8d78-4cb295a81a6b None None] Created schema index Connection.target {{(pid=117717) autocreate_indices /usr/local/lib/python3.8/dist-packages/ovsdbapp/backend/ovs_idl/__init__.py:104}}
Jun 14 18:46:01 ubuntu neutron-server[117717]: DEBUG ovsdbapp.backend.ovs_idl [None req-5e880d65-6f36-4790-8d78-4cb295a81a6b None None] Created schema index Gateway_Chassis.name {{(pid=117717) autocreate_indices /usr/local/lib/python3.8/dist-packages/ovsdbapp/backend/ovs_idl/__init__.py:104}}
Jun 14 18:46:01 ubuntu neutron-server[117717]: DEBUG ovsdbapp.backend.ovs_idl [None req-5e880d65-6f36-4790-8d78-4cb295a81a6b None None] Created schema index Logical_Router_Port.name {{(pid=117717) autocreate_indices /usr/local/lib/python3.8/dist-packages/ovsdbapp/backend/ovs_idl/__init__.py:104}}
Jun 14 18:46:01 ubuntu neutron-server[117717]: DEBUG ovsdbapp.backend.ovs_idl [None req-5e880d65-6f36-4790-8d78-4cb295a81a6b None None] Created schema index Port_Group.name {{(pid=117717) autocreate_indices /usr/local/lib/python3.8/dist-packages/ovsdbapp/backend/ovs_idl/__init__.py:104}}
Jun 14 18:46:01 ubuntu neutron-server[117717]: DEBUG ovsdbapp.backend.ovs_idl [None req-5e880d65-6f36-4790-8d78-4cb295a81a6b None None] Created schema index Logical_Switch_Port.name {{(pid=117717) autocreate_indices /usr/local/lib/python3.8/dist-packages/ovsdbapp/backend/ovs_idl/__init__.py:104}}
Jun 14 18:46:01 ubuntu neutron-server[117717]: INFO ovsdbapp.backend.ovs_idl.vlog [None req-5e880d65-6f36-4790-8d78-4cb295a81a6b None None] tcp:192.168.79.50:6641: connecting...
Jun 14 18:46:01 ubuntu neutron-server[117717]: INFO ovsdbapp.backend.ovs_idl.vlog [None req-5e880d65-6f36-4790-8d78-4cb295a81a6b None None] tcp:192.168.79.50:6641: connected
Jun 14 18:46:01 ubuntu neutron-server[117718]: DEBUG neutron.common.ovn.hash_ring_manager [None req-cb4addcd-1191-4a1f-9ddc-83f4c2a25866 None None] Allow caching, nodes 2>=2 {{(pid=117718) _wait_startup_before_caching /opt/stack/neutron/neutron/common/ovn/hash_ring_manager.py:60}}
Jun 14 18:46:01 ubuntu neutron-server[117718]: DEBUG neutron.plugins.ml2.drivers.ovn.mech_driver.ovsdb.ovsdb_monitor [None req-cb4addcd-1191-4a1f-9ddc-83f4c2a25866 None None] Hash Ring: Node 42f6ed21-6c26-4eb7-9b46-27349f04f315 (host: ubuntu) handling event "create" for row ce10c859-b1fc-4756-a23a-a03a6d759ca4 (table: Database) {{(pid=117718) notify /opt/stack/neutron/neutron/plugins/ml2/drivers/ovn/mech_driver/ovsdb/ovsdb_monitor.py:743}}
Jun 14 18:46:01 ubuntu neutron-server[117512]: DEBUG ovsdbapp.backend.ovs_idl [None req-2e4b38fb-928c-4809-a8a1-7447923a332a None None] Created lookup_table index Logical_Switch.name {{(pid=117512) autocreate_indices /usr/local/lib/python3.8/dist-packages/ovsdbapp/backend/ovs_idl/__init__.py:85}}
Jun 14 18:46:01 ubuntu neutron-server[117512]: DEBUG ovsdbapp.backend.ovs_idl [None req-2e4b38fb-928c-4809-a8a1-7447923a332a None None] Created lookup_table index Logical_Router.name {{(pid=117512) autocreate_indices /usr/local/lib/python3.8/dist-packages/ovsdbapp/backend/ovs_idl/__init__.py:85}}
Jun 14 18:46:01 ubuntu neutron-server[117512]: DEBUG ovsdbapp.backend.ovs_idl [None req-2e4b38fb-928c-4809-a8a1-7447923a332a None None] Created lookup_table index Load_Balancer.name {{(pid=117512) autocreate_indices /usr/local/lib/python3.8/dist-packages/ovsdbapp/backend/ovs_idl/__init__.py:85}}
Jun 14 18:46:01 ubuntu neutron-server[117512]: DEBUG ovsdbapp.backend.ovs_idl [None req-2e4b38fb-928c-4809-a8a1-7447923a332a None None] Created schema index Meter.name {{(pid=117512) autocreate_indices /usr/local/lib/python3.8/dist-packages/ovsdbapp/backend/ovs_idl/__init__.py:104}}
Jun 14 18:46:01 ubuntu neutron-server[117512]: DEBUG ovsdbapp.backend.ovs_idl [None req-2e4b38fb-928c-4809-a8a1-7447923a332a None None] Created schema index Address_Set.name {{(pid=117512) autocreate_indices /usr/local/lib/python3.8/dist-packages/ovsdbapp/backend/ovs_idl/__init__.py:104}}
Jun 14 18:46:01 ubuntu neutron-server[117512]: DEBUG ovsdbapp.backend.ovs_idl [None req-2e4b38fb-928c-4809-a8a1-7447923a332a None None] Created schema index HA_Chassis_Group.name {{(pid=117512) autocreate_indices /usr/local/lib/python3.8/dist-packages/ovsdbapp/backend/ovs_idl/__init__.py:104}}
Jun 14 18:46:01 ubuntu neutron-server[117512]: DEBUG ovsdbapp.backend.ovs_idl [None req-2e4b38fb-928c-4809-a8a1-7447923a332a None None] Created schema index Connection.target {{(pid=117512) autocreate_indices /usr/local/lib/python3.8/dist-packages/ovsdbapp/backend/ovs_idl/__init__.py:104}}
Jun 14 18:46:01 ubuntu neutron-server[117512]: DEBUG ovsdbapp.backend.ovs_idl [None req-2e4b38fb-928c-4809-a8a1-7447923a332a None None] Created schema index Gateway_Chassis.name {{(pid=117512) autocreate_indices /usr/local/lib/python3.8/dist-packages/ovsdbapp/backend/ovs_idl/__init__.py:104}}
Jun 14 18:46:01 ubuntu neutron-server[117512]: DEBUG ovsdbapp.backend.ovs_idl [None req-2e4b38fb-928c-4809-a8a1-7447923a332a None None] Created schema index Logical_Router_Port.name {{(pid=117512) autocreate_indices /usr/local/lib/python3.8/dist-packages/ovsdbapp/backend/ovs_idl/__init__.py:104}}
Jun 14 18:46:01 ubuntu neutron-server[117512]: DEBUG ovsdbapp.backend.ovs_idl [None req-2e4b38fb-928c-4809-a8a1-7447923a332a None None] Created schema index Port_Group.name {{(pid=117512) autocreate_indices /usr/local/lib/python3.8/dist-packages/ovsdbapp/backend/ovs_idl/__init__.py:104}}
Jun 14 18:46:01 ubuntu neutron-server[117512]: DEBUG ovsdbapp.backend.ovs_idl [None req-2e4b38fb-928c-4809-a8a1-7447923a332a None None] Created schema index Logical_Switch_Port.name {{(pid=117512) autocreate_indices /usr/local/lib/python3.8/dist-packages/ovsdbapp/backend/ovs_idl/__init__.py:104}}
Jun 14 18:46:01 ubuntu neutron-server[117718]: DEBUG neutron.plugins.ml2.drivers.ovn.mech_driver.ovsdb.ovsdb_monitor [None req-cb4addcd-1191-4a1f-9ddc-83f4c2a25866 None None] Hash Ring: Node 42f6ed21-6c26-4eb7-9b46-27349f04f315 (host: ubuntu) handling event "create" for row b0b9482a-f5fa-49f8-a26a-574857c18a2a (table: Port_Group) {{(pid=117718) notify /opt/stack/neutron/neutron/plugins/ml2/drivers/ovn/mech_driver/ovsdb/ovsdb_monitor.py:743}}
Jun 14 18:46:01 ubuntu neutron-server[117718]: DEBUG neutron.plugins.ml2.drivers.ovn.mech_driver.ovsdb.ovsdb_monitor [None req-cb4addcd-1191-4a1f-9ddc-83f4c2a25866 None None] Hash Ring: Node 42f6ed21-6c26-4eb7-9b46-27349f04f315 (host: ubuntu) handling event "create" for row 4756df67-3b4a-438a-ae47-63c3cbd6f09d (table: NB_Global) {{(pid=117718) notify /opt/stack/neutron/neutron/plugins/ml2/drivers/ovn/mech_driver/ovsdb/ovsdb_monitor.py:743}}
Jun 14 18:46:01 ubuntu neutron-server[117718]: INFO neutron.plugins.ml2.drivers.ovn.mech_driver.ovsdb.impl_idl_ovn [None req-cb4addcd-1191-4a1f-9ddc-83f4c2a25866 None None] Getting OvsdbSbOvnIdl for WorkerService with retry
Jun 14 18:46:01 ubuntu neutron-server[117717]: DEBUG neutron.common.ovn.hash_ring_manager [None req-5e880d65-6f36-4790-8d78-4cb295a81a6b None None] Allow caching, nodes 2>=2 {{(pid=117717) _wait_startup_before_caching /opt/stack/neutron/neutron/common/ovn/hash_ring_manager.py:60}}
Jun 14 18:46:01 ubuntu neutron-server[117718]: DEBUG ovsdbapp.backend.ovs_idl [None req-cb4addcd-1191-4a1f-9ddc-83f4c2a25866 None None] Created lookup_table index Chassis.name {{(pid=117718) autocreate_indices /usr/local/lib/python3.8/dist-packages/ovsdbapp/backend/ovs_idl/__init__.py:85}}
Jun 14 18:46:01 ubuntu neutron-server[117718]: DEBUG ovsdbapp.backend.ovs_idl [None req-cb4addcd-1191-4a1f-9ddc-83f4c2a25866 None None] Created schema index Datapath_Binding.tunnel_key {{(pid=117718) autocreate_indices /usr/local/lib/python3.8/dist-packages/ovsdbapp/backend/ovs_idl/__init__.py:104}}
Jun 14 18:46:01 ubuntu neutron-server[117718]: DEBUG ovsdbapp.backend.ovs_idl [None req-cb4addcd-1191-4a1f-9ddc-83f4c2a25866 None None] Created schema index Connection.target {{(pid=117718) autocreate_indices /usr/local/lib/python3.8/dist-packages/ovsdbapp/backend/ovs_idl/__init__.py:104}}
Jun 14 18:46:01 ubuntu neutron-server[117718]: INFO ovsdbapp.backend.ovs_idl.vlog [None req-cb4addcd-1191-4a1f-9ddc-83f4c2a25866 None None] tcp:192.168.79.50:6642: connecting...
Jun 14 18:46:01 ubuntu neutron-server[117718]: INFO ovsdbapp.backend.ovs_idl.vlog [None req-cb4addcd-1191-4a1f-9ddc-83f4c2a25866 None None] tcp:192.168.79.50:6642: connected
Jun 14 18:46:01 ubuntu neutron-server[117717]: DEBUG neutron.plugins.ml2.drivers.ovn.mech_driver.ovsdb.ovsdb_monitor [None req-5e880d65-6f36-4790-8d78-4cb295a81a6b None None] Hash Ring: Node df19ca52-ea6b-4c5c-81cb-b9ae83398da4 (host: ubuntu) handling event "create" for row 974f9715-0beb-4b35-af5c-9e46f6eb119f (table: Database) {{(pid=117717) notify /opt/stack/neutron/neutron/plugins/ml2/drivers/ovn/mech_driver/ovsdb/ovsdb_monitor.py:743}}
Jun 14 18:46:01 ubuntu neutron-server[117717]: DEBUG neutron.plugins.ml2.drivers.ovn.mech_driver.ovsdb.ovsdb_monitor [None req-5e880d65-6f36-4790-8d78-4cb295a81a6b None None] Hash Ring: Node df19ca52-ea6b-4c5c-81cb-b9ae83398da4 (host: ubuntu) handling event "create" for row 4cef0b56-95b5-47c8-9833-c2e48f82e496 (table: ACL) {{(pid=117717) notify /opt/stack/neutron/neutron/plugins/ml2/drivers/ovn/mech_driver/ovsdb/ovsdb_monitor.py:743}}
Jun 14 18:46:01 ubuntu neutron-server[117717]: DEBUG neutron.plugins.ml2.drivers.ovn.mech_driver.ovsdb.ovsdb_monitor [None req-5e880d65-6f36-4790-8d78-4cb295a81a6b None None] Hash Ring: Node df19ca52-ea6b-4c5c-81cb-b9ae83398da4 (host: ubuntu) handling event "create" for row aba983f2-3a38-42a1-9565-84cd60d0737a (table: ACL) {{(pid=117717) notify /opt/stack/neutron/neutron/plugins/ml2/drivers/ovn/mech_driver/ovsdb/ovsdb_monitor.py:743}}
Jun 14 18:46:01 ubuntu neutron-server[117717]: DEBUG neutron.plugins.ml2.drivers.ovn.mech_driver.ovsdb.ovsdb_monitor [None req-5e880d65-6f36-4790-8d78-4cb295a81a6b None None] Hash Ring: Node df19ca52-ea6b-4c5c-81cb-b9ae83398da4 (host: ubuntu) handling event "create" for row 634d6927-58ad-423e-b528-140208ac522b (table: Connection) {{(pid=117717) notify /opt/stack/neutron/neutron/plugins/ml2/drivers/ovn/mech_driver/ovsdb/ovsdb_monitor.py:743}}
Jun 14 18:46:01 ubuntu neutron-server[117717]: INFO neutron.plugins.ml2.drivers.ovn.mech_driver.ovsdb.impl_idl_ovn [None req-5e880d65-6f36-4790-8d78-4cb295a81a6b None None] Getting OvsdbSbOvnIdl for WorkerService with retry
Jun 14 18:46:01 ubuntu neutron-server[117718]: DEBUG neutron.common.ovn.hash_ring_manager [None req-cb4addcd-1191-4a1f-9ddc-83f4c2a25866 None None] Allow caching, nodes 2>=2 {{(pid=117718) _wait_startup_before_caching /opt/stack/neutron/neutron/common/ovn/hash_ring_manager.py:60}}
Jun 14 18:46:01 ubuntu neutron-server[117512]: DEBUG ovsdbapp.backend.ovs_idl [None req-2e4b38fb-928c-4809-a8a1-7447923a332a None None] Created lookup_table index Chassis.name {{(pid=117512) autocreate_indices /usr/local/lib/python3.8/dist-packages/ovsdbapp/backend/ovs_idl/__init__.py:85}}
Jun 14 18:46:01 ubuntu neutron-server[117512]: DEBUG ovsdbapp.backend.ovs_idl [None req-2e4b38fb-928c-4809-a8a1-7447923a332a None None] Created lookup_table index MAC_Binding.ip {{(pid=117512) autocreate_indices /usr/local/lib/python3.8/dist-packages/ovsdbapp/backend/ovs_idl/__init__.py:85}}
Jun 14 18:46:01 ubuntu neutron-server[117512]: DEBUG ovsdbapp.backend.ovs_idl [None req-2e4b38fb-928c-4809-a8a1-7447923a332a None None] Created schema index Meter.name {{(pid=117512) autocreate_indices /usr/local/lib/python3.8/dist-packages/ovsdbapp/backend/ovs_idl/__init__.py:104}}
Jun 14 18:46:01 ubuntu neutron-server[117512]: DEBUG ovsdbapp.backend.ovs_idl [None req-2e4b38fb-928c-4809-a8a1-7447923a332a None None] Created schema index Address_Set.name {{(pid=117512) autocreate_indices /usr/local/lib/python3.8/dist-packages/ovsdbapp/backend/ovs_idl/__init__.py:104}}
Jun 14 18:46:01 ubuntu neutron-server[117512]: DEBUG ovsdbapp.backend.ovs_idl [None req-2e4b38fb-928c-4809-a8a1-7447923a332a None None] Created schema index HA_Chassis_Group.name {{(pid=117512) autocreate_indices /usr/local/lib/python3.8/dist-packages/ovsdbapp/backend/ovs_idl/__init__.py:104}}
Jun 14 18:46:01 ubuntu neutron-server[117718]: DEBUG neutron.plugins.ml2.drivers.ovn.mech_driver.ovsdb.ovsdb_monitor [None req-cb4addcd-1191-4a1f-9ddc-83f4c2a25866 None None] Hash Ring: Node 42f6ed21-6c26-4eb7-9b46-27349f04f315 (host: ubuntu) handling event "create" for row 91986965-0279-43ea-93fd-a4ff3ddade93 (table: Database) {{(pid=117718) notify /opt/stack/neutron/neutron/plugins/ml2/drivers/ovn/mech_driver/ovsdb/ovsdb_monitor.py:743}}
Jun 14 18:46:01 ubuntu neutron-server[117512]: DEBUG ovsdbapp.backend.ovs_idl [None req-2e4b38fb-928c-4809-a8a1-7447923a332a None None] Created schema index IP_Multicast.datapath {{(pid=117512) autocreate_indices /usr/local/lib/python3.8/dist-packages/ovsdbapp/backend/ovs_idl/__init__.py:104}}
Jun 14 18:46:01 ubuntu neutron-server[117512]: DEBUG ovsdbapp.backend.ovs_idl [None req-2e4b38fb-928c-4809-a8a1-7447923a332a None None] Created schema index Connection.target {{(pid=117512) autocreate_indices /usr/local/lib/python3.8/dist-packages/ovsdbapp/backend/ovs_idl/__init__.py:104}}
Jun 14 18:46:01 ubuntu neutron-server[117512]: DEBUG ovsdbapp.backend.ovs_idl [None req-2e4b38fb-928c-4809-a8a1-7447923a332a None None] Created schema index Gateway_Chassis.name {{(pid=117512) autocreate_indices /usr/local/lib/python3.8/dist-packages/ovsdbapp/backend/ovs_idl/__init__.py:104}}
Jun 14 18:46:01 ubuntu neutron-server[117512]: DEBUG ovsdbapp.backend.ovs_idl [None req-2e4b38fb-928c-4809-a8a1-7447923a332a None None] Created schema index Port_Group.name {{(pid=117512) autocreate_indices /usr/local/lib/python3.8/dist-packages/ovsdbapp/backend/ovs_idl/__init__.py:104}}
Jun 14 18:46:01 ubuntu neutron-server[117512]: DEBUG ovsdbapp.backend.ovs_idl [None req-2e4b38fb-928c-4809-a8a1-7447923a332a None None] Created schema index Datapath_Binding.tunnel_key {{(pid=117512) autocreate_indices /usr/local/lib/python3.8/dist-packages/ovsdbapp/backend/ovs_idl/__init__.py:104}}
Jun 14 18:46:01 ubuntu neutron-server[117718]: DEBUG neutron.plugins.ml2.drivers.ovn.mech_driver.ovsdb.ovsdb_monitor [None req-cb4addcd-1191-4a1f-9ddc-83f4c2a25866 None None] Hash Ring: Node 42f6ed21-6c26-4eb7-9b46-27349f04f315 (host: ubuntu) handling event "create" for row 25494dc6-b3ed-4e86-9ea9-7c21b2ec75ea (table: Database) {{(pid=117718) notify /opt/stack/neutron/neutron/plugins/ml2/drivers/ovn/mech_driver/ovsdb/ovsdb_monitor.py:743}}
Jun 14 18:46:01 ubuntu neutron-server[117718]: DEBUG neutron.plugins.ml2.drivers.ovn.mech_driver.ovsdb.ovsdb_monitor [None req-cb4addcd-1191-4a1f-9ddc-83f4c2a25866 None None] Hash Ring: Node 42f6ed21-6c26-4eb7-9b46-27349f04f315 (host: ubuntu) handling event "create" for row ded10272-840c-48d9-826c-bbea1498982b (table: Encap) {{(pid=117718) notify /opt/stack/neutron/neutron/plugins/ml2/drivers/ovn/mech_driver/ovsdb/ovsdb_monitor.py:743}}
Jun 14 18:46:01 ubuntu neutron-server[117717]: DEBUG ovsdbapp.backend.ovs_idl [None req-5e880d65-6f36-4790-8d78-4cb295a81a6b None None] Created lookup_table index Chassis.name {{(pid=117717) autocreate_indices /usr/local/lib/python3.8/dist-packages/ovsdbapp/backend/ovs_idl/__init__.py:85}}
Jun 14 18:46:01 ubuntu neutron-server[117718]: DEBUG neutron.plugins.ml2.drivers.ovn.mech_driver.ovsdb.ovsdb_monitor [None req-cb4addcd-1191-4a1f-9ddc-83f4c2a25866 None None] ChassisMetadataAgentWriteEvent : Matched Chassis, create, None None {{(pid=117718) matches /opt/stack/neutron/neutron/plugins/ml2/drivers/ovn/mech_driver/ovsdb/ovsdb_monitor.py:62}}
Jun 14 18:46:01 ubuntu neutron-server[117717]: DEBUG ovsdbapp.backend.ovs_idl [None req-5e880d65-6f36-4790-8d78-4cb295a81a6b None None] Created schema index Datapath_Binding.tunnel_key {{(pid=117717) autocreate_indices /usr/local/lib/python3.8/dist-packages/ovsdbapp/backend/ovs_idl/__init__.py:104}}
Jun 14 18:46:01 ubuntu neutron-server[117717]: DEBUG ovsdbapp.backend.ovs_idl [None req-5e880d65-6f36-4790-8d78-4cb295a81a6b None None] Created schema index Connection.target {{(pid=117717) autocreate_indices /usr/local/lib/python3.8/dist-packages/ovsdbapp/backend/ovs_idl/__init__.py:104}}
Jun 14 18:46:01 ubuntu neutron-server[117718]: DEBUG neutron.plugins.ml2.drivers.ovn.mech_driver.ovsdb.ovsdb_monitor [None req-cb4addcd-1191-4a1f-9ddc-83f4c2a25866 None None] ChassisAgentWriteEvent : Matched Chassis, create, None None {{(pid=117718) matches /opt/stack/neutron/neutron/plugins/ml2/drivers/ovn/mech_driver/ovsdb/ovsdb_monitor.py:62}}
Jun 14 18:46:01 ubuntu neutron-server[117717]: INFO ovsdbapp.backend.ovs_idl.vlog [None req-5e880d65-6f36-4790-8d78-4cb295a81a6b None None] tcp:192.168.79.50:6642: connecting...
Jun 14 18:46:01 ubuntu neutron-server[117718]: DEBUG neutron.plugins.ml2.drivers.ovn.mech_driver.ovsdb.ovsdb_monitor [None req-cb4addcd-1191-4a1f-9ddc-83f4c2a25866 None None] Hash Ring: Node 42f6ed21-6c26-4eb7-9b46-27349f04f315 (host: ubuntu) handling event "create" for row fcb12f36-375a-46c6-b4b2-1d5a3cba8fc7 (table: Connection) {{(pid=117718) notify /opt/stack/neutron/neutron/plugins/ml2/drivers/ovn/mech_driver/ovsdb/ovsdb_monitor.py:743}}
Jun 14 18:46:01 ubuntu neutron-server[117717]: INFO ovsdbapp.backend.ovs_idl.vlog [None req-5e880d65-6f36-4790-8d78-4cb295a81a6b None None] tcp:192.168.79.50:6642: connected
Jun 14 18:46:01 ubuntu neutron-server[117718]: INFO neutron.wsgi [-] (117718) wsgi starting up on http://0.0.0.0:9696
Jun 14 18:46:01 ubuntu neutron-server[117512]: INFO oslo_service.service [None req-2e4b38fb-928c-4809-a8a1-7447923a332a None None] Starting 1 workers
Jun 14 18:46:01 ubuntu neutron-server[117512]: DEBUG oslo_service.service [None req-2e4b38fb-928c-4809-a8a1-7447923a332a None None] Started child 117720 {{(pid=117512) _start_child /usr/local/lib/python3.8/dist-packages/oslo_service/service.py:575}}
Jun 14 18:46:01 ubuntu neutron-server[117512]: INFO oslo_service.service [None req-2e4b38fb-928c-4809-a8a1-7447923a332a None None] Starting 1 workers
Jun 14 18:46:01 ubuntu neutron-server[117720]: DEBUG neutron.service [None req-2e4b38fb-928c-4809-a8a1-7447923a332a None None] calling RpcWorker wait() {{(pid=117720) _wait /opt/stack/neutron/neutron/service.py:128}}
Jun 14 18:46:01 ubuntu neutron-server[117720]: DEBUG neutron.service [None req-2e4b38fb-928c-4809-a8a1-7447923a332a None None] returning from RpcWorker wait() {{(pid=117720) _wait /opt/stack/neutron/neutron/service.py:135}}
Jun 14 18:46:01 ubuntu neutron-server[117512]: DEBUG oslo_service.service [None req-2e4b38fb-928c-4809-a8a1-7447923a332a None None] Started child 117721 {{(pid=117512) _start_child /usr/local/lib/python3.8/dist-packages/oslo_service/service.py:575}}
Jun 14 18:46:01 ubuntu neutron-server[117512]: INFO oslo_service.service [None req-2e4b38fb-928c-4809-a8a1-7447923a332a None None] Starting 1 workers
Jun 14 18:46:01 ubuntu neutron-server[117717]: DEBUG neutron.common.ovn.hash_ring_manager [None req-5e880d65-6f36-4790-8d78-4cb295a81a6b None None] Allow caching, nodes 2>=2 {{(pid=117717) _wait_startup_before_caching /opt/stack/neutron/neutron/common/ovn/hash_ring_manager.py:60}}
Jun 14 18:46:01 ubuntu neutron-server[117720]: DEBUG neutron_lib.callbacks.manager [-] Publish callbacks ['neutron.plugins.ml2.drivers.ovn.mech_driver.mech_driver.OVNMechanismDriver.post_fork_initialize-937960'] for process (None), after_init {{(pid=117720) _notify_loop /usr/local/lib/python3.8/dist-packages/neutron_lib/callbacks/manager.py:176}}
Jun 14 18:46:01 ubuntu neutron-server[117720]: INFO neutron.plugins.ml2.drivers.ovn.mech_driver.ovsdb.impl_idl_ovn [-] Getting OvsdbNbOvnIdl for RpcWorker with retry
Jun 14 18:46:01 ubuntu neutron-server[117512]: DEBUG oslo_service.service [None req-2e4b38fb-928c-4809-a8a1-7447923a332a None None] Started child 117722 {{(pid=117512) _start_child /usr/local/lib/python3.8/dist-packages/oslo_service/service.py:575}}
Jun 14 18:46:01 ubuntu neutron-server[117512]: DEBUG neutron_lib.callbacks.manager [None req-2e4b38fb-928c-4809-a8a1-7447923a332a None None] Publish callbacks [] for process (None), after_spawn {{(pid=117512) _notify_loop /usr/local/lib/python3.8/dist-packages/neutron_lib/callbacks/manager.py:176}}
Jun 14 18:46:01 ubuntu neutron-server[117721]: DEBUG neutron_lib.callbacks.manager [-] Publish callbacks ['neutron.plugins.ml2.drivers.ovn.mech_driver.mech_driver.OVNMechanismDriver.post_fork_initialize-937960'] for process (None), after_init {{(pid=117721) _notify_loop /usr/local/lib/python3.8/dist-packages/neutron_lib/callbacks/manager.py:176}}
Jun 14 18:46:01 ubuntu neutron-server[117512]: DEBUG oslo_service.service [-] Full set of CONF: {{(pid=117512) wait /usr/local/lib/python3.8/dist-packages/oslo_service/service.py:649}}
Jun 14 18:46:01 ubuntu neutron-server[117512]: DEBUG oslo_service.service [-] ******************************************************************************** {{(pid=117512) log_opt_values /usr/local/lib/python3.8/dist-packages/oslo_config/cfg.py:2589}}
Jun 14 18:46:01 ubuntu neutron-server[117512]: DEBUG oslo_service.service [-] Configuration options gathered from: {{(pid=117512) log_opt_values /usr/local/lib/python3.8/dist-packages/oslo_config/cfg.py:2590}}
Jun 14 18:46:01 ubuntu neutron-server[117721]: INFO neutron.plugins.ml2.drivers.ovn.mech_driver.ovsdb.impl_idl_ovn [-] Getting OvsdbNbOvnIdl for MaintenanceWorker with retry
Jun 14 18:46:01 ubuntu neutron-server[117512]: DEBUG oslo_service.service [-] command line args: ['--config-file', '/etc/neutron/neutron.conf', '--config-file', '/etc/neutron/plugins/ml2/ml2_conf.ini'] {{(pid=117512) log_opt_values /usr/local/lib/python3.8/dist-packages/oslo_config/cfg.py:2591}}
