Apr 11 19:43:03 ubuntu neutron-server[121591]: DEBUG neutron.api.extensions [None req-955b0ff6-c96f-4304-9baf-c588269aec03 None None] Loading extension file: vlantransparent.py {{(pid=121591) _load_all_extensions_from_path /opt/stack/neutron/neutron/api/extensions.py:450}}
Apr 11 19:43:03 ubuntu neutron-server[121591]: DEBUG neutron.api.extensions [None req-955b0ff6-c96f-4304-9baf-c588269aec03 None None] Ext name="Vlantransparent" alias="vlan-transparent" description="Provides Vlan Transparent Networks" updated="2015-03-23T09:00:00-00:00" {{(pid=121591) _check_extension /opt/stack/neutron/neutron/api/extensions.py:416}}
Apr 11 19:43:03 ubuntu neutron-server[121591]: INFO neutron.api.extensions [None req-955b0ff6-c96f-4304-9baf-c588269aec03 None None] Extension vlan-transparent not supported by any of loaded plugins
Apr 11 19:43:03 ubuntu neutron-server[121591]: INFO neutron.quota.resource_registry [None req-955b0ff6-c96f-4304-9baf-c588269aec03 None None] Creating instance of TrackedResource for resource:network
Apr 11 19:43:03 ubuntu neutron-server[121591]: INFO neutron.quota.resource_registry [None req-955b0ff6-c96f-4304-9baf-c588269aec03 None None] Creating instance of TrackedResource for resource:subnet
Apr 11 19:43:03 ubuntu neutron-server[121591]: INFO neutron.quota.resource_registry [None req-955b0ff6-c96f-4304-9baf-c588269aec03 None None] Creating instance of TrackedResource for resource:subnetpool
Apr 11 19:43:03 ubuntu neutron-server[121591]: INFO neutron.quota.resource_registry [None req-955b0ff6-c96f-4304-9baf-c588269aec03 None None] Creating instance of TrackedResource for resource:port
Apr 11 19:43:03 ubuntu neutron-server[121591]: DEBUG neutron.api.v2.resource_helper [None req-955b0ff6-c96f-4304-9baf-c588269aec03 None None] Service FLAVORS assigned prefix:  {{(pid=121591) build_resource_info /opt/stack/neutron/neutron/api/v2/resource_helper.py:77}}
Apr 11 19:43:03 ubuntu neutron-server[121591]: DEBUG neutron.api.v2.resource_helper [None req-955b0ff6-c96f-4304-9baf-c588269aec03 None None] Service L3_ROUTER_NAT assigned prefix:  {{(pid=121591) build_resource_info /opt/stack/neutron/neutron/api/v2/resource_helper.py:77}}
Apr 11 19:43:03 ubuntu neutron-server[121591]: DEBUG neutron.api.v2.resource_helper [None req-955b0ff6-c96f-4304-9baf-c588269aec03 None None] Service L3_ROUTER_NAT assigned prefix:  {{(pid=121591) build_resource_info /opt/stack/neutron/neutron/api/v2/resource_helper.py:77}}
Apr 11 19:43:03 ubuntu neutron-server[121591]: INFO neutron.quota.resource_registry [None req-955b0ff6-c96f-4304-9baf-c588269aec03 None None] Creating instance of TrackedResource for resource:router
Apr 11 19:43:03 ubuntu neutron-server[121591]: INFO neutron.quota.resource_registry [None req-955b0ff6-c96f-4304-9baf-c588269aec03 None None] Creating instance of TrackedResource for resource:floatingip
Apr 11 19:43:03 ubuntu neutron-server[121591]: DEBUG neutron_lib.callbacks.manager [None req-955b0ff6-c96f-4304-9baf-c588269aec03 None None] Subscribe: <bound method NeutronDbPluginV2.validate_network_rbac_policy_change of <neutron.services.network_ip_availability.plugin.NetworkIPAvailabilityPlugin object at 0x7f22edb7b430>> rbac-policy before_create 55550000 {{(pid=121591) subscribe /usr/local/lib/python3.8/dist-packages/neutron_lib/callbacks/manager.py:45}}
Apr 11 19:43:03 ubuntu neutron-server[121591]: DEBUG neutron_lib.callbacks.manager [None req-955b0ff6-c96f-4304-9baf-c588269aec03 None None] Subscribe: <bound method NeutronDbPluginV2.validate_network_rbac_policy_change of <neutron.services.network_ip_availability.plugin.NetworkIPAvailabilityPlugin object at 0x7f22edb7b430>> rbac-policy before_update 55550000 {{(pid=121591) subscribe /usr/local/lib/python3.8/dist-packages/neutron_lib/callbacks/manager.py:45}}
Apr 11 19:43:03 ubuntu neutron-server[121591]: DEBUG neutron_lib.callbacks.manager [None req-955b0ff6-c96f-4304-9baf-c588269aec03 None None] Subscribe: <bound method NeutronDbPluginV2.validate_network_rbac_policy_change of <neutron.services.network_ip_availability.plugin.NetworkIPAvailabilityPlugin object at 0x7f22edb7b430>> rbac-policy before_delete 55550000 {{(pid=121591) subscribe /usr/local/lib/python3.8/dist-packages/neutron_lib/callbacks/manager.py:45}}
Apr 11 19:43:03 ubuntu neutron-server[121591]: INFO neutron.quota.resource_registry [None req-955b0ff6-c96f-4304-9baf-c588269aec03 None None] Creating instance of CountableResource for resource:rbac_policy
Apr 11 19:43:03 ubuntu neutron-server[121591]: INFO neutron.quota.resource_registry [None req-955b0ff6-c96f-4304-9baf-c588269aec03 None None] Creating instance of TrackedResource for resource:security_group
Apr 11 19:43:03 ubuntu neutron-server[121591]: INFO neutron.quota.resource_registry [None req-955b0ff6-c96f-4304-9baf-c588269aec03 None None] Creating instance of TrackedResource for resource:security_group_rule
Apr 11 19:43:03 ubuntu neutron-server[121591]: DEBUG neutron.api.v2.resource_helper [None req-955b0ff6-c96f-4304-9baf-c588269aec03 None None] Service FLAVORS assigned prefix:  {{(pid=121591) build_resource_info /opt/stack/neutron/neutron/api/v2/resource_helper.py:77}}
Apr 11 19:43:03 ubuntu neutron-server[121591]: DEBUG neutron.api.v2.resource_helper [None req-955b0ff6-c96f-4304-9baf-c588269aec03 None None] Service L3_ROUTER_NAT assigned prefix:  {{(pid=121591) build_resource_info /opt/stack/neutron/neutron/api/v2/resource_helper.py:77}}
Apr 11 19:43:03 ubuntu neutron-server[121591]: DEBUG neutron.api.v2.resource_helper [None req-955b0ff6-c96f-4304-9baf-c588269aec03 None None] Service L3_ROUTER_NAT assigned prefix:  {{(pid=121591) build_resource_info /opt/stack/neutron/neutron/api/v2/resource_helper.py:77}}
Apr 11 19:43:03 ubuntu neutron-server[121591]: INFO neutron.quota.resource_registry [None req-955b0ff6-c96f-4304-9baf-c588269aec03 None None] Creating instance of TrackedResource for resource:router
Apr 11 19:43:03 ubuntu neutron-server[121591]: WARNING neutron.quota.resource_registry [None req-955b0ff6-c96f-4304-9baf-c588269aec03 None None] router is already registered
Apr 11 19:43:03 ubuntu neutron-server[121591]: INFO neutron.quota.resource_registry [None req-955b0ff6-c96f-4304-9baf-c588269aec03 None None] Creating instance of TrackedResource for resource:floatingip
Apr 11 19:43:03 ubuntu neutron-server[121591]: WARNING neutron.quota.resource_registry [None req-955b0ff6-c96f-4304-9baf-c588269aec03 None None] floatingip is already registered
Apr 11 19:43:03 ubuntu neutron-server[121591]: INFO neutron.quota.resource_registry [None req-955b0ff6-c96f-4304-9baf-c588269aec03 None None] Creating instance of CountableResource for resource:rbac_policy
Apr 11 19:43:03 ubuntu neutron-server[121591]: WARNING neutron.quota.resource_registry [None req-955b0ff6-c96f-4304-9baf-c588269aec03 None None] rbac_policy is already registered
Apr 11 19:43:03 ubuntu neutron-server[121591]: INFO neutron.quota.resource_registry [None req-955b0ff6-c96f-4304-9baf-c588269aec03 None None] Creating instance of TrackedResource for resource:security_group
Apr 11 19:43:03 ubuntu neutron-server[121591]: WARNING neutron.quota.resource_registry [None req-955b0ff6-c96f-4304-9baf-c588269aec03 None None] security_group is already registered
Apr 11 19:43:03 ubuntu neutron-server[121591]: INFO neutron.quota.resource_registry [None req-955b0ff6-c96f-4304-9baf-c588269aec03 None None] Creating instance of TrackedResource for resource:security_group_rule
Apr 11 19:43:03 ubuntu neutron-server[121591]: WARNING neutron.quota.resource_registry [None req-955b0ff6-c96f-4304-9baf-c588269aec03 None None] security_group_rule is already registered
Apr 11 19:43:03 ubuntu neutron-server[121591]: DEBUG neutron.api.extensions [None req-955b0ff6-c96f-4304-9baf-c588269aec03 None None] Extended resource: extensions {{(pid=121591) __init__ /opt/stack/neutron/neutron/api/extensions.py:157}}
Apr 11 19:43:03 ubuntu neutron-server[121591]: DEBUG neutron.api.extensions [None req-955b0ff6-c96f-4304-9baf-c588269aec03 None None] Extended resource: address-groups {{(pid=121591) __init__ /opt/stack/neutron/neutron/api/extensions.py:157}}
Apr 11 19:43:03 ubuntu neutron-server[121591]: DEBUG neutron.api.extensions [None req-955b0ff6-c96f-4304-9baf-c588269aec03 None None] Extended resource: address-scopes {{(pid=121591) __init__ /opt/stack/neutron/neutron/api/extensions.py:157}}
Apr 11 19:43:03 ubuntu neutron-server[121591]: DEBUG neutron.api.extensions [None req-955b0ff6-c96f-4304-9baf-c588269aec03 None None] Extended resource: agents {{(pid=121591) __init__ /opt/stack/neutron/neutron/api/extensions.py:157}}
Apr 11 19:43:03 ubuntu neutron-server[121591]: DEBUG neutron.api.extensions [None req-955b0ff6-c96f-4304-9baf-c588269aec03 None None] Extended resource: auto-allocated-topology {{(pid=121591) __init__ /opt/stack/neutron/neutron/api/extensions.py:157}}
Apr 11 19:43:03 ubuntu neutron-server[121591]: DEBUG neutron.api.extensions [None req-955b0ff6-c96f-4304-9baf-c588269aec03 None None] Extended resource: availability_zones {{(pid=121591) __init__ /opt/stack/neutron/neutron/api/extensions.py:157}}
Apr 11 19:43:03 ubuntu neutron-server[121591]: DEBUG neutron.api.extensions [None req-955b0ff6-c96f-4304-9baf-c588269aec03 None None] Extended resource: flavors {{(pid=121591) __init__ /opt/stack/neutron/neutron/api/extensions.py:157}}
Apr 11 19:43:03 ubuntu neutron-server[121591]: DEBUG neutron.api.extensions [None req-955b0ff6-c96f-4304-9baf-c588269aec03 None None] Extended resource: service_profiles {{(pid=121591) __init__ /opt/stack/neutron/neutron/api/extensions.py:157}}
Apr 11 19:43:03 ubuntu neutron-server[121591]: DEBUG neutron.api.extensions [None req-955b0ff6-c96f-4304-9baf-c588269aec03 None None] Extended resource: next_providers {{(pid=121591) __init__ /opt/stack/neutron/neutron/api/extensions.py:157}}
Apr 11 19:43:03 ubuntu neutron-server[121591]: DEBUG neutron.api.extensions [None req-955b0ff6-c96f-4304-9baf-c588269aec03 None None] Extended resource: service_profiles {{(pid=121591) __init__ /opt/stack/neutron/neutron/api/extensions.py:157}}
Apr 11 19:43:03 ubuntu neutron-server[121591]: DEBUG neutron.api.extensions [None req-955b0ff6-c96f-4304-9baf-c588269aec03 None None] Extended resource: floatingip-pools {{(pid=121591) __init__ /opt/stack/neutron/neutron/api/extensions.py:157}}
Apr 11 19:43:03 ubuntu neutron-server[121591]: DEBUG neutron.api.extensions [None req-955b0ff6-c96f-4304-9baf-c588269aec03 None None] Extended resource: routers {{(pid=121591) __init__ /opt/stack/neutron/neutron/api/extensions.py:157}}
Apr 11 19:43:03 ubuntu neutron-server[121591]: DEBUG neutron.api.extensions [None req-955b0ff6-c96f-4304-9baf-c588269aec03 None None] Extended resource: floatingips {{(pid=121591) __init__ /opt/stack/neutron/neutron/api/extensions.py:157}}
Apr 11 19:43:03 ubuntu neutron-server[121591]: DEBUG neutron.api.extensions [None req-955b0ff6-c96f-4304-9baf-c588269aec03 None None] Extended resource: network-ip-availabilities {{(pid=121591) __init__ /opt/stack/neutron/neutron/api/extensions.py:157}}
Apr 11 19:43:03 ubuntu neutron-server[121591]: DEBUG neutron.api.extensions [None req-955b0ff6-c96f-4304-9baf-c588269aec03 None None] Extended resource: bindings {{(pid=121591) __init__ /opt/stack/neutron/neutron/api/extensions.py:157}}
Apr 11 19:43:03 ubuntu neutron-server[121591]: DEBUG neutron.api.extensions [None req-955b0ff6-c96f-4304-9baf-c588269aec03 None None] Extended resource: quotas {{(pid=121591) __init__ /opt/stack/neutron/neutron/api/extensions.py:157}}
Apr 11 19:43:03 ubuntu neutron-server[121591]: DEBUG neutron.api.extensions [None req-955b0ff6-c96f-4304-9baf-c588269aec03 None None] Extended resource: quotas {{(pid=121591) __init__ /opt/stack/neutron/neutron/api/extensions.py:157}}
Apr 11 19:43:03 ubuntu neutron-server[121591]: DEBUG neutron.api.extensions [None req-955b0ff6-c96f-4304-9baf-c588269aec03 None None] Extended resource: rbac-policies {{(pid=121591) __init__ /opt/stack/neutron/neutron/api/extensions.py:157}}
Apr 11 19:43:03 ubuntu neutron-server[121591]: DEBUG neutron.api.extensions [None req-955b0ff6-c96f-4304-9baf-c588269aec03 None None] Extended resource: security-groups {{(pid=121591) __init__ /opt/stack/neutron/neutron/api/extensions.py:157}}
Apr 11 19:43:03 ubuntu neutron-server[121591]: DEBUG neutron.api.extensions [None req-955b0ff6-c96f-4304-9baf-c588269aec03 None None] Extended resource: security-group-rules {{(pid=121591) __init__ /opt/stack/neutron/neutron/api/extensions.py:157}}
Apr 11 19:43:03 ubuntu neutron-server[121591]: DEBUG neutron.api.extensions [None req-955b0ff6-c96f-4304-9baf-c588269aec03 None None] Extended resource: service-providers {{(pid=121591) __init__ /opt/stack/neutron/neutron/api/extensions.py:157}}
Apr 11 19:43:03 ubuntu neutron-server[121591]: DEBUG neutron.api.extensions [None req-955b0ff6-c96f-4304-9baf-c588269aec03 None None] Extended resource: tags {{(pid=121591) __init__ /opt/stack/neutron/neutron/api/extensions.py:157}}
Apr 11 19:43:03 ubuntu neutron-server[121591]: DEBUG neutron.api.extensions [None req-955b0ff6-c96f-4304-9baf-c588269aec03 None None] Extended resource: tags {{(pid=121591) __init__ /opt/stack/neutron/neutron/api/extensions.py:157}}
Apr 11 19:43:03 ubuntu neutron-server[121591]: DEBUG neutron.api.extensions [None req-955b0ff6-c96f-4304-9baf-c588269aec03 None None] Extended resource: tags {{(pid=121591) __init__ /opt/stack/neutron/neutron/api/extensions.py:157}}
Apr 11 19:43:03 ubuntu neutron-server[121591]: DEBUG neutron.api.extensions [None req-955b0ff6-c96f-4304-9baf-c588269aec03 None None] Extended resource: tags {{(pid=121591) __init__ /opt/stack/neutron/neutron/api/extensions.py:157}}
Apr 11 19:43:03 ubuntu neutron-server[121591]: DEBUG neutron.api.extensions [None req-955b0ff6-c96f-4304-9baf-c588269aec03 None None] Extended resource: tags {{(pid=121591) __init__ /opt/stack/neutron/neutron/api/extensions.py:157}}
Apr 11 19:43:03 ubuntu neutron-server[121591]: DEBUG neutron.api.extensions [None req-955b0ff6-c96f-4304-9baf-c588269aec03 None None] Extended resource: tags {{(pid=121591) __init__ /opt/stack/neutron/neutron/api/extensions.py:157}}
Apr 11 19:43:03 ubuntu neutron-server[121591]: DEBUG neutron.api.extensions [None req-955b0ff6-c96f-4304-9baf-c588269aec03 None None] Extended resource: tags {{(pid=121591) __init__ /opt/stack/neutron/neutron/api/extensions.py:157}}
Apr 11 19:43:03 ubuntu neutron-server[121591]: DEBUG neutron.api.extensions [None req-955b0ff6-c96f-4304-9baf-c588269aec03 None None] Extended resource: tags {{(pid=121591) __init__ /opt/stack/neutron/neutron/api/extensions.py:157}}
Apr 11 19:43:03 ubuntu neutron-server[121591]: DEBUG neutron.api.extensions [None req-955b0ff6-c96f-4304-9baf-c588269aec03 None None] Extended resource: tags {{(pid=121591) __init__ /opt/stack/neutron/neutron/api/extensions.py:157}}
Apr 11 19:43:03 ubuntu neutron-server[121591]: DEBUG neutron.api.extensions [None req-955b0ff6-c96f-4304-9baf-c588269aec03 None None] Extended resource: tags {{(pid=121591) __init__ /opt/stack/neutron/neutron/api/extensions.py:157}}
Apr 11 19:43:03 ubuntu neutron-server[121591]: WARNING keystonemiddleware.auth_token [None req-955b0ff6-c96f-4304-9baf-c588269aec03 None None] AuthToken middleware is set with keystone_authtoken.service_token_roles_required set to False. This is backwards compatible but deprecated behaviour. Please set this to True.
Apr 11 19:43:03 ubuntu neutron-server[121591]: WARNING keystonemiddleware.auth_token [None req-955b0ff6-c96f-4304-9baf-c588269aec03 None None] Configuring www_authenticate_uri to point to the public identity endpoint is required; clients may not be able to authenticate against an admin endpoint
Apr 11 19:43:03 ubuntu neutron-server[121591]: DEBUG oslo_concurrency.lockutils [None req-955b0ff6-c96f-4304-9baf-c588269aec03 None None] Acquired lock "singleton_lock" {{(pid=121591) lock /usr/local/lib/python3.8/dist-packages/oslo_concurrency/lockutils.py:294}}
Apr 11 19:43:03 ubuntu neutron-server[121591]: DEBUG oslo_concurrency.lockutils [None req-955b0ff6-c96f-4304-9baf-c588269aec03 None None] Releasing lock "singleton_lock" {{(pid=121591) lock /usr/local/lib/python3.8/dist-packages/oslo_concurrency/lockutils.py:312}}
Apr 11 19:43:03 ubuntu neutron-server[121591]: INFO oslo_service.service [None req-955b0ff6-c96f-4304-9baf-c588269aec03 None None] Starting 2 workers
Apr 11 19:43:03 ubuntu neutron-server[121591]: DEBUG oslo_service.service [None req-955b0ff6-c96f-4304-9baf-c588269aec03 None None] Started child 121823 {{(pid=121591) _start_child /usr/local/lib/python3.8/dist-packages/oslo_service/service.py:575}}
Apr 11 19:43:03 ubuntu neutron-server[121591]: DEBUG oslo_service.service [None req-955b0ff6-c96f-4304-9baf-c588269aec03 None None] Started child 121824 {{(pid=121591) _start_child /usr/local/lib/python3.8/dist-packages/oslo_service/service.py:575}}
Apr 11 19:43:03 ubuntu neutron-server[121591]: INFO neutron.service [None req-955b0ff6-c96f-4304-9baf-c588269aec03 None None] Neutron service started, listening on 0.0.0.0:9696
Apr 11 19:43:03 ubuntu neutron-server[121591]: DEBUG neutron_lib.callbacks.manager [None req-955b0ff6-c96f-4304-9baf-c588269aec03 None None] Publish callbacks ['neutron.plugins.ml2.drivers.ovn.mech_driver.mech_driver.OVNMechanismDriver.pre_fork_initialize-606533'] for process (None), before_spawn {{(pid=121591) _notify_loop /usr/local/lib/python3.8/dist-packages/neutron_lib/callbacks/manager.py:176}}
Apr 11 19:43:03 ubuntu neutron-server[121823]: DEBUG neutron_lib.callbacks.manager [-] Publish callbacks ['neutron.plugins.ml2.drivers.ovn.mech_driver.mech_driver.OVNMechanismDriver.post_fork_initialize-606561'] for process (None), after_init {{(pid=121823) _notify_loop /usr/local/lib/python3.8/dist-packages/neutron_lib/callbacks/manager.py:176}}
Apr 11 19:43:03 ubuntu neutron-server[121824]: DEBUG neutron_lib.callbacks.manager [-] Publish callbacks ['neutron.plugins.ml2.drivers.ovn.mech_driver.mech_driver.OVNMechanismDriver.post_fork_initialize-606561'] for process (None), after_init {{(pid=121824) _notify_loop /usr/local/lib/python3.8/dist-packages/neutron_lib/callbacks/manager.py:176}}
Apr 11 19:43:03 ubuntu neutron-server[121591]: DEBUG ovsdbapp.backend.ovs_idl [None req-955b0ff6-c96f-4304-9baf-c588269aec03 None None] Created schema index Port_Group.name {{(pid=121591) autocreate_indices /usr/local/lib/python3.8/dist-packages/ovsdbapp/backend/ovs_idl/__init__.py:126}}
Apr 11 19:43:03 ubuntu neutron-server[121591]: DEBUG ovsdbapp.backend.ovs_idl [None req-955b0ff6-c96f-4304-9baf-c588269aec03 None None] Created schema index Logical_Switch_Port.name {{(pid=121591) autocreate_indices /usr/local/lib/python3.8/dist-packages/ovsdbapp/backend/ovs_idl/__init__.py:126}}
Apr 11 19:43:03 ubuntu neutron-server[121591]: DEBUG ovsdbapp.backend.ovs_idl.transaction [-] Running txn n=1 command(idx=0): PgAddCommand(name=neutron_pg_drop, may_exist=True, columns={'acls': []}) {{(pid=121591) do_commit /usr/local/lib/python3.8/dist-packages/ovsdbapp/backend/ovs_idl/transaction.py:90}}
Apr 11 19:43:03 ubuntu neutron-server[121591]: DEBUG ovsdbapp.backend.ovs_idl.transaction [-] Running txn n=1 command(idx=1): PgAclAddCommand(entity=neutron_pg_drop, direction=from-lport, priority=1001, match=inport == @neutron_pg_drop && ip, action=drop, log=False, may_exist=True, severity=[], name=[], meter=None, external_ids={}) {{(pid=121591) do_commit /usr/local/lib/python3.8/dist-packages/ovsdbapp/backend/ovs_idl/transaction.py:90}}
Apr 11 19:43:03 ubuntu neutron-server[121591]: DEBUG ovsdbapp.backend.ovs_idl.transaction [-] Running txn n=1 command(idx=2): PgAclAddCommand(entity=neutron_pg_drop, direction=to-lport, priority=1001, match=outport == @neutron_pg_drop && ip, action=drop, log=False, may_exist=True, severity=[], name=[], meter=None, external_ids={}) {{(pid=121591) do_commit /usr/local/lib/python3.8/dist-packages/ovsdbapp/backend/ovs_idl/transaction.py:90}}
Apr 11 19:43:03 ubuntu neutron-server[121591]: DEBUG ovsdbapp.backend.ovs_idl.event [-] Matched CREATE: NeutronPgDropPortGroupCreated(events=('create',), table='Port_Group', conditions=(('name', '=', 'neutron_pg_drop'),), old_conditions=None), priority=10 to row=Port_Group(name=neutron_pg_drop, ports=[], external_ids={}, acls=[<ovs.db.idl.Row object at 0x7f22edf03250>, <ovs.db.idl.Row object at 0x7f22edefbc40>]) old= {{(pid=121591) matches /usr/local/lib/python3.8/dist-packages/ovsdbapp/backend/ovs_idl/event.py:43}}
Apr 11 19:43:03 ubuntu neutron-server[121823]: INFO neutron.plugins.ml2.drivers.ovn.mech_driver.ovsdb.impl_idl_ovn [None req-2458424d-211c-4cbd-b945-c0d77e7058f7 None None] Getting OvsdbNbOvnIdl for WorkerService with retry
Apr 11 19:43:03 ubuntu neutron-server[121824]: INFO neutron.plugins.ml2.drivers.ovn.mech_driver.ovsdb.impl_idl_ovn [None req-097d5378-c4d7-49b9-b031-70d52c44cb3d None None] Getting OvsdbNbOvnIdl for WorkerService with retry
Apr 11 19:43:03 ubuntu neutron-server[121591]: DEBUG ovsdbapp.backend.ovs_idl [None req-955b0ff6-c96f-4304-9baf-c588269aec03 None None] Created lookup_table index Logical_Switch.name {{(pid=121591) autocreate_indices /usr/local/lib/python3.8/dist-packages/ovsdbapp/backend/ovs_idl/__init__.py:107}}
Apr 11 19:43:03 ubuntu neutron-server[121591]: DEBUG ovsdbapp.backend.ovs_idl [None req-955b0ff6-c96f-4304-9baf-c588269aec03 None None] Created lookup_table index Logical_Router.name {{(pid=121591) autocreate_indices /usr/local/lib/python3.8/dist-packages/ovsdbapp/backend/ovs_idl/__init__.py:107}}
Apr 11 19:43:03 ubuntu neutron-server[121591]: DEBUG ovsdbapp.backend.ovs_idl [None req-955b0ff6-c96f-4304-9baf-c588269aec03 None None] Created lookup_table index Load_Balancer.name {{(pid=121591) autocreate_indices /usr/local/lib/python3.8/dist-packages/ovsdbapp/backend/ovs_idl/__init__.py:107}}
Apr 11 19:43:03 ubuntu neutron-server[121591]: DEBUG ovsdbapp.backend.ovs_idl [None req-955b0ff6-c96f-4304-9baf-c588269aec03 None None] Created schema index Meter.name {{(pid=121591) autocreate_indices /usr/local/lib/python3.8/dist-packages/ovsdbapp/backend/ovs_idl/__init__.py:126}}
Apr 11 19:43:03 ubuntu neutron-server[121591]: DEBUG ovsdbapp.backend.ovs_idl [None req-955b0ff6-c96f-4304-9baf-c588269aec03 None None] Created schema index Address_Set.name {{(pid=121591) autocreate_indices /usr/local/lib/python3.8/dist-packages/ovsdbapp/backend/ovs_idl/__init__.py:126}}
Apr 11 19:43:03 ubuntu neutron-server[121591]: DEBUG ovsdbapp.backend.ovs_idl [None req-955b0ff6-c96f-4304-9baf-c588269aec03 None None] Created schema index HA_Chassis_Group.name {{(pid=121591) autocreate_indices /usr/local/lib/python3.8/dist-packages/ovsdbapp/backend/ovs_idl/__init__.py:126}}
Apr 11 19:43:03 ubuntu neutron-server[121591]: DEBUG ovsdbapp.backend.ovs_idl [None req-955b0ff6-c96f-4304-9baf-c588269aec03 None None] Created schema index Connection.target {{(pid=121591) autocreate_indices /usr/local/lib/python3.8/dist-packages/ovsdbapp/backend/ovs_idl/__init__.py:126}}
Apr 11 19:43:03 ubuntu neutron-server[121591]: DEBUG ovsdbapp.backend.ovs_idl [None req-955b0ff6-c96f-4304-9baf-c588269aec03 None None] Created schema index Gateway_Chassis.name {{(pid=121591) autocreate_indices /usr/local/lib/python3.8/dist-packages/ovsdbapp/backend/ovs_idl/__init__.py:126}}
Apr 11 19:43:03 ubuntu neutron-server[121591]: DEBUG ovsdbapp.backend.ovs_idl [None req-955b0ff6-c96f-4304-9baf-c588269aec03 None None] Created schema index Logical_Router_Port.name {{(pid=121591) autocreate_indices /usr/local/lib/python3.8/dist-packages/ovsdbapp/backend/ovs_idl/__init__.py:126}}
Apr 11 19:43:03 ubuntu neutron-server[121591]: DEBUG ovsdbapp.backend.ovs_idl [None req-955b0ff6-c96f-4304-9baf-c588269aec03 None None] Created schema index Port_Group.name {{(pid=121591) autocreate_indices /usr/local/lib/python3.8/dist-packages/ovsdbapp/backend/ovs_idl/__init__.py:126}}
Apr 11 19:43:03 ubuntu neutron-server[121591]: DEBUG ovsdbapp.backend.ovs_idl [None req-955b0ff6-c96f-4304-9baf-c588269aec03 None None] Created schema index Logical_Switch_Port.name {{(pid=121591) autocreate_indices /usr/local/lib/python3.8/dist-packages/ovsdbapp/backend/ovs_idl/__init__.py:126}}
Apr 11 19:43:03 ubuntu neutron-server[121824]: DEBUG ovsdbapp.backend.ovs_idl [None req-097d5378-c4d7-49b9-b031-70d52c44cb3d None None] Created lookup_table index Logical_Switch.name {{(pid=121824) autocreate_indices /usr/local/lib/python3.8/dist-packages/ovsdbapp/backend/ovs_idl/__init__.py:107}}
Apr 11 19:43:03 ubuntu neutron-server[121824]: DEBUG ovsdbapp.backend.ovs_idl [None req-097d5378-c4d7-49b9-b031-70d52c44cb3d None None] Created lookup_table index Logical_Router.name {{(pid=121824) autocreate_indices /usr/local/lib/python3.8/dist-packages/ovsdbapp/backend/ovs_idl/__init__.py:107}}
Apr 11 19:43:03 ubuntu neutron-server[121824]: DEBUG ovsdbapp.backend.ovs_idl [None req-097d5378-c4d7-49b9-b031-70d52c44cb3d None None] Created lookup_table index Load_Balancer.name {{(pid=121824) autocreate_indices /usr/local/lib/python3.8/dist-packages/ovsdbapp/backend/ovs_idl/__init__.py:107}}
Apr 11 19:43:03 ubuntu neutron-server[121824]: DEBUG ovsdbapp.backend.ovs_idl [None req-097d5378-c4d7-49b9-b031-70d52c44cb3d None None] Created schema index Meter.name {{(pid=121824) autocreate_indices /usr/local/lib/python3.8/dist-packages/ovsdbapp/backend/ovs_idl/__init__.py:126}}
Apr 11 19:43:03 ubuntu neutron-server[121824]: DEBUG ovsdbapp.backend.ovs_idl [None req-097d5378-c4d7-49b9-b031-70d52c44cb3d None None] Created schema index Address_Set.name {{(pid=121824) autocreate_indices /usr/local/lib/python3.8/dist-packages/ovsdbapp/backend/ovs_idl/__init__.py:126}}
Apr 11 19:43:03 ubuntu neutron-server[121823]: DEBUG ovsdbapp.backend.ovs_idl [None req-2458424d-211c-4cbd-b945-c0d77e7058f7 None None] Created lookup_table index Logical_Switch.name {{(pid=121823) autocreate_indices /usr/local/lib/python3.8/dist-packages/ovsdbapp/backend/ovs_idl/__init__.py:107}}
Apr 11 19:43:03 ubuntu neutron-server[121824]: DEBUG ovsdbapp.backend.ovs_idl [None req-097d5378-c4d7-49b9-b031-70d52c44cb3d None None] Created schema index HA_Chassis_Group.name {{(pid=121824) autocreate_indices /usr/local/lib/python3.8/dist-packages/ovsdbapp/backend/ovs_idl/__init__.py:126}}
Apr 11 19:43:03 ubuntu neutron-server[121824]: DEBUG ovsdbapp.backend.ovs_idl [None req-097d5378-c4d7-49b9-b031-70d52c44cb3d None None] Created schema index Connection.target {{(pid=121824) autocreate_indices /usr/local/lib/python3.8/dist-packages/ovsdbapp/backend/ovs_idl/__init__.py:126}}
Apr 11 19:43:03 ubuntu neutron-server[121823]: DEBUG ovsdbapp.backend.ovs_idl [None req-2458424d-211c-4cbd-b945-c0d77e7058f7 None None] Created lookup_table index Logical_Router.name {{(pid=121823) autocreate_indices /usr/local/lib/python3.8/dist-packages/ovsdbapp/backend/ovs_idl/__init__.py:107}}
Apr 11 19:43:03 ubuntu neutron-server[121824]: DEBUG ovsdbapp.backend.ovs_idl [None req-097d5378-c4d7-49b9-b031-70d52c44cb3d None None] Created schema index Gateway_Chassis.name {{(pid=121824) autocreate_indices /usr/local/lib/python3.8/dist-packages/ovsdbapp/backend/ovs_idl/__init__.py:126}}
Apr 11 19:43:03 ubuntu neutron-server[121824]: DEBUG ovsdbapp.backend.ovs_idl [None req-097d5378-c4d7-49b9-b031-70d52c44cb3d None None] Created schema index Logical_Router_Port.name {{(pid=121824) autocreate_indices /usr/local/lib/python3.8/dist-packages/ovsdbapp/backend/ovs_idl/__init__.py:126}}
Apr 11 19:43:03 ubuntu neutron-server[121823]: DEBUG ovsdbapp.backend.ovs_idl [None req-2458424d-211c-4cbd-b945-c0d77e7058f7 None None] Created lookup_table index Load_Balancer.name {{(pid=121823) autocreate_indices /usr/local/lib/python3.8/dist-packages/ovsdbapp/backend/ovs_idl/__init__.py:107}}
Apr 11 19:43:03 ubuntu neutron-server[121824]: DEBUG ovsdbapp.backend.ovs_idl [None req-097d5378-c4d7-49b9-b031-70d52c44cb3d None None] Created schema index Port_Group.name {{(pid=121824) autocreate_indices /usr/local/lib/python3.8/dist-packages/ovsdbapp/backend/ovs_idl/__init__.py:126}}
Apr 11 19:43:03 ubuntu neutron-server[121824]: DEBUG ovsdbapp.backend.ovs_idl [None req-097d5378-c4d7-49b9-b031-70d52c44cb3d None None] Created schema index Logical_Switch_Port.name {{(pid=121824) autocreate_indices /usr/local/lib/python3.8/dist-packages/ovsdbapp/backend/ovs_idl/__init__.py:126}}
Apr 11 19:43:03 ubuntu neutron-server[121823]: DEBUG ovsdbapp.backend.ovs_idl [None req-2458424d-211c-4cbd-b945-c0d77e7058f7 None None] Created schema index Meter.name {{(pid=121823) autocreate_indices /usr/local/lib/python3.8/dist-packages/ovsdbapp/backend/ovs_idl/__init__.py:126}}
Apr 11 19:43:03 ubuntu neutron-server[121823]: DEBUG ovsdbapp.backend.ovs_idl [None req-2458424d-211c-4cbd-b945-c0d77e7058f7 None None] Created schema index Address_Set.name {{(pid=121823) autocreate_indices /usr/local/lib/python3.8/dist-packages/ovsdbapp/backend/ovs_idl/__init__.py:126}}
Apr 11 19:43:03 ubuntu neutron-server[121824]: INFO ovsdbapp.backend.ovs_idl.vlog [None req-097d5378-c4d7-49b9-b031-70d52c44cb3d None None] tcp:192.168.79.39:6641: connecting...
Apr 11 19:43:03 ubuntu neutron-server[121823]: DEBUG ovsdbapp.backend.ovs_idl [None req-2458424d-211c-4cbd-b945-c0d77e7058f7 None None] Created schema index HA_Chassis_Group.name {{(pid=121823) autocreate_indices /usr/local/lib/python3.8/dist-packages/ovsdbapp/backend/ovs_idl/__init__.py:126}}
Apr 11 19:43:03 ubuntu neutron-server[121824]: INFO ovsdbapp.backend.ovs_idl.vlog [None req-097d5378-c4d7-49b9-b031-70d52c44cb3d None None] tcp:192.168.79.39:6641: connected
Apr 11 19:43:03 ubuntu neutron-server[121823]: DEBUG ovsdbapp.backend.ovs_idl [None req-2458424d-211c-4cbd-b945-c0d77e7058f7 None None] Created schema index Connection.target {{(pid=121823) autocreate_indices /usr/local/lib/python3.8/dist-packages/ovsdbapp/backend/ovs_idl/__init__.py:126}}
Apr 11 19:43:03 ubuntu neutron-server[121823]: DEBUG ovsdbapp.backend.ovs_idl [None req-2458424d-211c-4cbd-b945-c0d77e7058f7 None None] Created schema index Gateway_Chassis.name {{(pid=121823) autocreate_indices /usr/local/lib/python3.8/dist-packages/ovsdbapp/backend/ovs_idl/__init__.py:126}}
Apr 11 19:43:03 ubuntu neutron-server[121823]: DEBUG ovsdbapp.backend.ovs_idl [None req-2458424d-211c-4cbd-b945-c0d77e7058f7 None None] Created schema index Logical_Router_Port.name {{(pid=121823) autocreate_indices /usr/local/lib/python3.8/dist-packages/ovsdbapp/backend/ovs_idl/__init__.py:126}}
Apr 11 19:43:03 ubuntu neutron-server[121823]: DEBUG ovsdbapp.backend.ovs_idl [None req-2458424d-211c-4cbd-b945-c0d77e7058f7 None None] Created schema index Port_Group.name {{(pid=121823) autocreate_indices /usr/local/lib/python3.8/dist-packages/ovsdbapp/backend/ovs_idl/__init__.py:126}}
Apr 11 19:43:03 ubuntu neutron-server[121823]: DEBUG ovsdbapp.backend.ovs_idl [None req-2458424d-211c-4cbd-b945-c0d77e7058f7 None None] Created schema index Logical_Switch_Port.name {{(pid=121823) autocreate_indices /usr/local/lib/python3.8/dist-packages/ovsdbapp/backend/ovs_idl/__init__.py:126}}
Apr 11 19:43:03 ubuntu neutron-server[121823]: INFO ovsdbapp.backend.ovs_idl.vlog [None req-2458424d-211c-4cbd-b945-c0d77e7058f7 None None] tcp:192.168.79.39:6641: connecting...
Apr 11 19:43:03 ubuntu neutron-server[121823]: INFO ovsdbapp.backend.ovs_idl.vlog [None req-2458424d-211c-4cbd-b945-c0d77e7058f7 None None] tcp:192.168.79.39:6641: connected
Apr 11 19:43:04 ubuntu neutron-server[121591]: DEBUG ovsdbapp.backend.ovs_idl [None req-955b0ff6-c96f-4304-9baf-c588269aec03 None None] Created lookup_table index Chassis.name {{(pid=121591) autocreate_indices /usr/local/lib/python3.8/dist-packages/ovsdbapp/backend/ovs_idl/__init__.py:107}}
Apr 11 19:43:04 ubuntu neutron-server[121591]: DEBUG ovsdbapp.backend.ovs_idl [None req-955b0ff6-c96f-4304-9baf-c588269aec03 None None] Created lookup_table index MAC_Binding.ip {{(pid=121591) autocreate_indices /usr/local/lib/python3.8/dist-packages/ovsdbapp/backend/ovs_idl/__init__.py:107}}
Apr 11 19:43:04 ubuntu neutron-server[121591]: DEBUG ovsdbapp.backend.ovs_idl [None req-955b0ff6-c96f-4304-9baf-c588269aec03 None None] Created schema index Meter.name {{(pid=121591) autocreate_indices /usr/local/lib/python3.8/dist-packages/ovsdbapp/backend/ovs_idl/__init__.py:126}}
Apr 11 19:43:04 ubuntu neutron-server[121591]: DEBUG ovsdbapp.backend.ovs_idl [None req-955b0ff6-c96f-4304-9baf-c588269aec03 None None] Created schema index Address_Set.name {{(pid=121591) autocreate_indices /usr/local/lib/python3.8/dist-packages/ovsdbapp/backend/ovs_idl/__init__.py:126}}
Apr 11 19:43:04 ubuntu neutron-server[121591]: DEBUG ovsdbapp.backend.ovs_idl [None req-955b0ff6-c96f-4304-9baf-c588269aec03 None None] Created schema index HA_Chassis_Group.name {{(pid=121591) autocreate_indices /usr/local/lib/python3.8/dist-packages/ovsdbapp/backend/ovs_idl/__init__.py:126}}
Apr 11 19:43:04 ubuntu neutron-server[121591]: DEBUG ovsdbapp.backend.ovs_idl [None req-955b0ff6-c96f-4304-9baf-c588269aec03 None None] Created schema index IP_Multicast.datapath {{(pid=121591) autocreate_indices /usr/local/lib/python3.8/dist-packages/ovsdbapp/backend/ovs_idl/__init__.py:126}}
Apr 11 19:43:04 ubuntu neutron-server[121591]: DEBUG ovsdbapp.backend.ovs_idl [None req-955b0ff6-c96f-4304-9baf-c588269aec03 None None] Created schema index Connection.target {{(pid=121591) autocreate_indices /usr/local/lib/python3.8/dist-packages/ovsdbapp/backend/ovs_idl/__init__.py:126}}
Apr 11 19:43:04 ubuntu neutron-server[121591]: DEBUG ovsdbapp.backend.ovs_idl [None req-955b0ff6-c96f-4304-9baf-c588269aec03 None None] Created schema index Gateway_Chassis.name {{(pid=121591) autocreate_indices /usr/local/lib/python3.8/dist-packages/ovsdbapp/backend/ovs_idl/__init__.py:126}}
Apr 11 19:43:04 ubuntu neutron-server[121591]: DEBUG ovsdbapp.backend.ovs_idl [None req-955b0ff6-c96f-4304-9baf-c588269aec03 None None] Created schema index Port_Group.name {{(pid=121591) autocreate_indices /usr/local/lib/python3.8/dist-packages/ovsdbapp/backend/ovs_idl/__init__.py:126}}
Apr 11 19:43:04 ubuntu neutron-server[121591]: DEBUG ovsdbapp.backend.ovs_idl [None req-955b0ff6-c96f-4304-9baf-c588269aec03 None None] Created schema index Datapath_Binding.tunnel_key {{(pid=121591) autocreate_indices /usr/local/lib/python3.8/dist-packages/ovsdbapp/backend/ovs_idl/__init__.py:126}}
Apr 11 19:43:04 ubuntu neutron-server[121823]: DEBUG neutron.common.ovn.hash_ring_manager [None req-2458424d-211c-4cbd-b945-c0d77e7058f7 None None] Allow caching, nodes 2>=2 {{(pid=121823) _wait_startup_before_caching /opt/stack/neutron/neutron/common/ovn/hash_ring_manager.py:60}}
Apr 11 19:43:04 ubuntu neutron-server[121823]: DEBUG neutron.plugins.ml2.drivers.ovn.mech_driver.ovsdb.ovsdb_monitor [None req-2458424d-211c-4cbd-b945-c0d77e7058f7 None None] Hash Ring: Node ea083ede-33f0-4efb-887a-5ceee67f056a (host: ubuntu) handling event "create" for row 56da4331-0261-4cfe-a917-c2eb3cfe3bbf (table: Database) {{(pid=121823) notify /opt/stack/neutron/neutron/plugins/ml2/drivers/ovn/mech_driver/ovsdb/ovsdb_monitor.py:805}}
Apr 11 19:43:04 ubuntu neutron-server[121823]: DEBUG neutron.plugins.ml2.drivers.ovn.mech_driver.ovsdb.ovsdb_monitor [None req-2458424d-211c-4cbd-b945-c0d77e7058f7 None None] Hash Ring: Node ea083ede-33f0-4efb-887a-5ceee67f056a (host: ubuntu) handling event "create" for row 3eb83b9c-0693-4624-80e4-934a0d777483 (table: Database) {{(pid=121823) notify /opt/stack/neutron/neutron/plugins/ml2/drivers/ovn/mech_driver/ovsdb/ovsdb_monitor.py:805}}
Apr 11 19:43:04 ubuntu neutron-server[121823]: DEBUG neutron.plugins.ml2.drivers.ovn.mech_driver.ovsdb.ovsdb_monitor [None req-2458424d-211c-4cbd-b945-c0d77e7058f7 None None] Hash Ring: Node ea083ede-33f0-4efb-887a-5ceee67f056a (host: ubuntu) handling event "create" for row fb1438e9-f587-467e-a1fa-79fb3f4bd695 (table: Port_Group) {{(pid=121823) notify /opt/stack/neutron/neutron/plugins/ml2/drivers/ovn/mech_driver/ovsdb/ovsdb_monitor.py:805}}
Apr 11 19:43:04 ubuntu neutron-server[121823]: DEBUG neutron.plugins.ml2.drivers.ovn.mech_driver.ovsdb.ovsdb_monitor [None req-2458424d-211c-4cbd-b945-c0d77e7058f7 None None] Hash Ring: Node ea083ede-33f0-4efb-887a-5ceee67f056a (host: ubuntu) handling event "create" for row a2f1a809-a7b8-4016-aff0-f3419ba61d4d (table: ACL) {{(pid=121823) notify /opt/stack/neutron/neutron/plugins/ml2/drivers/ovn/mech_driver/ovsdb/ovsdb_monitor.py:805}}
Apr 11 19:43:04 ubuntu neutron-server[121823]: DEBUG neutron.plugins.ml2.drivers.ovn.mech_driver.ovsdb.ovsdb_monitor [None req-2458424d-211c-4cbd-b945-c0d77e7058f7 None None] Hash Ring: Node ea083ede-33f0-4efb-887a-5ceee67f056a (host: ubuntu) handling event "create" for row e5c734a7-c43f-47a3-8f35-d5ffd8458b47 (table: Connection) {{(pid=121823) notify /opt/stack/neutron/neutron/plugins/ml2/drivers/ovn/mech_driver/ovsdb/ovsdb_monitor.py:805}}
Apr 11 19:43:04 ubuntu neutron-server[121823]: INFO neutron.plugins.ml2.drivers.ovn.mech_driver.ovsdb.impl_idl_ovn [None req-2458424d-211c-4cbd-b945-c0d77e7058f7 None None] Getting OvsdbSbOvnIdl for WorkerService with retry
Apr 11 19:43:04 ubuntu neutron-server[121824]: DEBUG neutron.common.ovn.hash_ring_manager [None req-097d5378-c4d7-49b9-b031-70d52c44cb3d None None] Allow caching, nodes 2>=2 {{(pid=121824) _wait_startup_before_caching /opt/stack/neutron/neutron/common/ovn/hash_ring_manager.py:60}}
Apr 11 19:43:04 ubuntu neutron-server[121823]: DEBUG ovsdbapp.backend.ovs_idl [None req-2458424d-211c-4cbd-b945-c0d77e7058f7 None None] Created lookup_table index Chassis.name {{(pid=121823) autocreate_indices /usr/local/lib/python3.8/dist-packages/ovsdbapp/backend/ovs_idl/__init__.py:107}}
Apr 11 19:43:04 ubuntu neutron-server[121823]: DEBUG ovsdbapp.backend.ovs_idl [None req-2458424d-211c-4cbd-b945-c0d77e7058f7 None None] Created schema index Datapath_Binding.tunnel_key {{(pid=121823) autocreate_indices /usr/local/lib/python3.8/dist-packages/ovsdbapp/backend/ovs_idl/__init__.py:126}}
Apr 11 19:43:04 ubuntu neutron-server[121823]: DEBUG ovsdbapp.backend.ovs_idl [None req-2458424d-211c-4cbd-b945-c0d77e7058f7 None None] Created schema index Connection.target {{(pid=121823) autocreate_indices /usr/local/lib/python3.8/dist-packages/ovsdbapp/backend/ovs_idl/__init__.py:126}}
Apr 11 19:43:04 ubuntu neutron-server[121823]: INFO ovsdbapp.backend.ovs_idl.vlog [None req-2458424d-211c-4cbd-b945-c0d77e7058f7 None None] tcp:192.168.79.39:6642: connecting...
Apr 11 19:43:04 ubuntu neutron-server[121823]: INFO ovsdbapp.backend.ovs_idl.vlog [None req-2458424d-211c-4cbd-b945-c0d77e7058f7 None None] tcp:192.168.79.39:6642: connected
Apr 11 19:43:04 ubuntu neutron-server[121824]: DEBUG neutron.plugins.ml2.drivers.ovn.mech_driver.ovsdb.ovsdb_monitor [None req-097d5378-c4d7-49b9-b031-70d52c44cb3d None None] Hash Ring: Node 2e0b4f2d-4cdc-4f8a-8c04-7ccf425e60a5 (host: ubuntu) handling event "create" for row 7edf4c71-5d9f-4816-8a4c-5b4e3f2919a8 (table: NB_Global) {{(pid=121824) notify /opt/stack/neutron/neutron/plugins/ml2/drivers/ovn/mech_driver/ovsdb/ovsdb_monitor.py:805}}
Apr 11 19:43:04 ubuntu neutron-server[121824]: DEBUG neutron.plugins.ml2.drivers.ovn.mech_driver.ovsdb.ovsdb_monitor [None req-097d5378-c4d7-49b9-b031-70d52c44cb3d None None] Hash Ring: Node 2e0b4f2d-4cdc-4f8a-8c04-7ccf425e60a5 (host: ubuntu) handling event "create" for row 74a7c99d-939e-41b6-86bb-fb52fa7bf595 (table: ACL) {{(pid=121824) notify /opt/stack/neutron/neutron/plugins/ml2/drivers/ovn/mech_driver/ovsdb/ovsdb_monitor.py:805}}
Apr 11 19:43:04 ubuntu neutron-server[121824]: INFO neutron.plugins.ml2.drivers.ovn.mech_driver.ovsdb.impl_idl_ovn [None req-097d5378-c4d7-49b9-b031-70d52c44cb3d None None] Getting OvsdbSbOvnIdl for WorkerService with retry
Apr 11 19:43:04 ubuntu neutron-server[121824]: DEBUG ovsdbapp.backend.ovs_idl [None req-097d5378-c4d7-49b9-b031-70d52c44cb3d None None] Created lookup_table index Chassis.name {{(pid=121824) autocreate_indices /usr/local/lib/python3.8/dist-packages/ovsdbapp/backend/ovs_idl/__init__.py:107}}
Apr 11 19:43:04 ubuntu neutron-server[121824]: DEBUG ovsdbapp.backend.ovs_idl [None req-097d5378-c4d7-49b9-b031-70d52c44cb3d None None] Created schema index Datapath_Binding.tunnel_key {{(pid=121824) autocreate_indices /usr/local/lib/python3.8/dist-packages/ovsdbapp/backend/ovs_idl/__init__.py:126}}
Apr 11 19:43:04 ubuntu neutron-server[121824]: DEBUG ovsdbapp.backend.ovs_idl [None req-097d5378-c4d7-49b9-b031-70d52c44cb3d None None] Created schema index Connection.target {{(pid=121824) autocreate_indices /usr/local/lib/python3.8/dist-packages/ovsdbapp/backend/ovs_idl/__init__.py:126}}
Apr 11 19:43:04 ubuntu neutron-server[121824]: INFO ovsdbapp.backend.ovs_idl.vlog [None req-097d5378-c4d7-49b9-b031-70d52c44cb3d None None] tcp:192.168.79.39:6642: connecting...
Apr 11 19:43:04 ubuntu neutron-server[121824]: INFO ovsdbapp.backend.ovs_idl.vlog [None req-097d5378-c4d7-49b9-b031-70d52c44cb3d None None] tcp:192.168.79.39:6642: connected
Apr 11 19:43:04 ubuntu neutron-server[121591]: INFO oslo_service.service [None req-955b0ff6-c96f-4304-9baf-c588269aec03 None None] Starting 1 workers
Apr 11 19:43:04 ubuntu neutron-server[121591]: DEBUG oslo_service.service [None req-955b0ff6-c96f-4304-9baf-c588269aec03 None None] Started child 121827 {{(pid=121591) _start_child /usr/local/lib/python3.8/dist-packages/oslo_service/service.py:575}}
Apr 11 19:43:04 ubuntu neutron-server[121591]: INFO oslo_service.service [None req-955b0ff6-c96f-4304-9baf-c588269aec03 None None] Starting 1 workers
Apr 11 19:43:04 ubuntu neutron-server[121823]: DEBUG neutron.common.ovn.hash_ring_manager [None req-2458424d-211c-4cbd-b945-c0d77e7058f7 None None] Allow caching, nodes 2>=2 {{(pid=121823) _wait_startup_before_caching /opt/stack/neutron/neutron/common/ovn/hash_ring_manager.py:60}}
Apr 11 19:43:04 ubuntu neutron-server[121591]: DEBUG oslo_service.service [None req-955b0ff6-c96f-4304-9baf-c588269aec03 None None] Started child 121828 {{(pid=121591) _start_child /usr/local/lib/python3.8/dist-packages/oslo_service/service.py:575}}
Apr 11 19:43:04 ubuntu neutron-server[121591]: INFO oslo_service.service [None req-955b0ff6-c96f-4304-9baf-c588269aec03 None None] Starting 1 workers
Apr 11 19:43:04 ubuntu neutron-server[121827]: DEBUG neutron.service [None req-955b0ff6-c96f-4304-9baf-c588269aec03 None None] calling RpcWorker wait() {{(pid=121827) _wait /opt/stack/neutron/neutron/service.py:128}}
Apr 11 19:43:04 ubuntu neutron-server[121827]: DEBUG neutron.service [None req-955b0ff6-c96f-4304-9baf-c588269aec03 None None] returning from RpcWorker wait() {{(pid=121827) _wait /opt/stack/neutron/neutron/service.py:135}}
Apr 11 19:43:04 ubuntu neutron-server[121591]: DEBUG oslo_service.service [None req-955b0ff6-c96f-4304-9baf-c588269aec03 None None] Started child 121829 {{(pid=121591) _start_child /usr/local/lib/python3.8/dist-packages/oslo_service/service.py:575}}
Apr 11 19:43:04 ubuntu neutron-server[121827]: DEBUG neutron_lib.callbacks.manager [-] Publish callbacks ['neutron.plugins.ml2.drivers.ovn.mech_driver.mech_driver.OVNMechanismDriver.post_fork_initialize-606561'] for process (None), after_init {{(pid=121827) _notify_loop /usr/local/lib/python3.8/dist-packages/neutron_lib/callbacks/manager.py:176}}
Apr 11 19:43:04 ubuntu neutron-server[121591]: DEBUG neutron_lib.callbacks.manager [None req-955b0ff6-c96f-4304-9baf-c588269aec03 None None] Publish callbacks [] for process (None), after_spawn {{(pid=121591) _notify_loop /usr/local/lib/python3.8/dist-packages/neutron_lib/callbacks/manager.py:176}}
Apr 11 19:43:04 ubuntu neutron-server[121827]: INFO neutron.plugins.ml2.drivers.ovn.mech_driver.ovsdb.impl_idl_ovn [-] Getting OvsdbNbOvnIdl for RpcWorker with retry
Apr 11 19:43:04 ubuntu neutron-server[121591]: DEBUG oslo_service.service [-] Full set of CONF: {{(pid=121591) wait /usr/local/lib/python3.8/dist-packages/oslo_service/service.py:649}}
Apr 11 19:43:04 ubuntu neutron-server[121591]: DEBUG oslo_service.service [-] ******************************************************************************** {{(pid=121591) log_opt_values /usr/local/lib/python3.8/dist-packages/oslo_config/cfg.py:2589}}
Apr 11 19:43:04 ubuntu neutron-server[121591]: DEBUG oslo_service.service [-] Configuration options gathered from: {{(pid=121591) log_opt_values /usr/local/lib/python3.8/dist-packages/oslo_config/cfg.py:2590}}
Apr 11 19:43:04 ubuntu neutron-server[121591]: DEBUG oslo_service.service [-] command line args: ['--config-file', '/etc/neutron/neutron.conf', '--config-file', '/etc/neutron/plugins/ml2/ml2_conf.ini'] {{(pid=121591) log_opt_values /usr/local/lib/python3.8/dist-packages/oslo_config/cfg.py:2591}}
Apr 11 19:43:04 ubuntu neutron-server[121591]: DEBUG oslo_service.service [-] config files: ['/etc/neutron/neutron.conf', '/etc/neutron/plugins/ml2/ml2_conf.ini'] {{(pid=121591) log_opt_values /usr/local/lib/python3.8/dist-packages/oslo_config/cfg.py:2592}}
Apr 11 19:43:04 ubuntu neutron-server[121591]: DEBUG oslo_service.service [-] ================================================================================ {{(pid=121591) log_opt_values /usr/local/lib/python3.8/dist-packages/oslo_config/cfg.py:2594}}
Apr 11 19:43:04 ubuntu neutron-server[121591]: DEBUG oslo_service.service [-] agent_down_time                = 75 {{(pid=121591) log_opt_values /usr/local/lib/python3.8/dist-packages/oslo_config/cfg.py:2602}}
Apr 11 19:43:04 ubuntu neutron-server[121591]: DEBUG oslo_service.service [-] allow_automatic_dhcp_failover  = True {{(pid=121591) log_opt_values /usr/local/lib/python3.8/dist-packages/oslo_config/cfg.py:2602}}
Apr 11 19:43:04 ubuntu neutron-server[121823]: DEBUG neutron.plugins.ml2.drivers.ovn.mech_driver.ovsdb.ovsdb_monitor [None req-2458424d-211c-4cbd-b945-c0d77e7058f7 None None] Hash Ring: Node ea083ede-33f0-4efb-887a-5ceee67f056a (host: ubuntu) handling event "create" for row 40598152-6ca8-42e7-8751-0b81d9286c7b (table: Database) {{(pid=121823) notify /opt/stack/neutron/neutron/plugins/ml2/drivers/ovn/mech_driver/ovsdb/ovsdb_monitor.py:805}}
Apr 11 19:43:04 ubuntu neutron-server[121591]: DEBUG oslo_service.service [-] allow_bulk                     = True {{(pid=121591) log_opt_values /usr/local/lib/python3.8/dist-packages/oslo_config/cfg.py:2602}}
Apr 11 19:43:04 ubuntu neutron-server[121591]: DEBUG oslo_service.service [-] allow_overlapping_ips          = True {{(pid=121591) log_opt_values /usr/local/lib/python3.8/dist-packages/oslo_config/cfg.py:2602}}
Apr 11 19:43:04 ubuntu neutron-server[121591]: DEBUG oslo_service.service [-] allowed_conntrack_helpers      = [{'amanda': 'tcp'}, {'ftp': 'tcp'}, {'h323': 'udp'}, {'h323': 'tcp'}, {'irc': 'tcp'}, {'netbios-ns': 'udp'}, {'pptp': 'tcp'}, {'sane': 'tcp'}, {'sip': 'udp'}, {'sip': 'tcp'}, {'snmp': 'udp'}, {'tftp': 'udp'}] {{(pid=121591) log_opt_values /usr/local/lib/python3.8/dist-packages/oslo_config/cfg.py:2602}}
Apr 11 19:43:04 ubuntu neutron-server[121591]: DEBUG oslo_service.service [-] api_extensions_path            =  {{(pid=121591) log_opt_values /usr/local/lib/python3.8/dist-packages/oslo_config/cfg.py:2602}}
Apr 11 19:43:04 ubuntu neutron-server[121591]: DEBUG oslo_service.service [-] api_paste_config               = api-paste.ini {{(pid=121591) log_opt_values /usr/local/lib/python3.8/dist-packages/oslo_config/cfg.py:2602}}
Apr 11 19:43:04 ubuntu neutron-server[121591]: DEBUG oslo_service.service [-] api_workers                    = 2 {{(pid=121591) log_opt_values /usr/local/lib/python3.8/dist-packages/oslo_config/cfg.py:2602}}
Apr 11 19:43:04 ubuntu neutron-server[121591]: DEBUG oslo_service.service [-] auth_strategy                  = keystone {{(pid=121591) log_opt_values /usr/local/lib/python3.8/dist-packages/oslo_config/cfg.py:2602}}
Apr 11 19:43:04 ubuntu neutron-server[121591]: DEBUG oslo_service.service [-] backdoor_port                  = None {{(pid=121591) log_opt_values /usr/local/lib/python3.8/dist-packages/oslo_config/cfg.py:2602}}
Apr 11 19:43:04 ubuntu neutron-server[121591]: DEBUG oslo_service.service [-] backdoor_socket                = None {{(pid=121591) log_opt_values /usr/local/lib/python3.8/dist-packages/oslo_config/cfg.py:2602}}
Apr 11 19:43:04 ubuntu neutron-server[121591]: DEBUG oslo_service.service [-] backlog                        = 4096 {{(pid=121591) log_opt_values /usr/local/lib/python3.8/dist-packages/oslo_config/cfg.py:2602}}
Apr 11 19:43:04 ubuntu neutron-server[121591]: DEBUG oslo_service.service [-] base_mac                       = fa:16:3e:00:00:00 {{(pid=121591) log_opt_values /usr/local/lib/python3.8/dist-packages/oslo_config/cfg.py:2602}}
Apr 11 19:43:04 ubuntu neutron-server[121591]: DEBUG oslo_service.service [-] bind_host                      = 0.0.0.0 {{(pid=121591) log_opt_values /usr/local/lib/python3.8/dist-packages/oslo_config/cfg.py:2602}}
Apr 11 19:43:04 ubuntu neutron-server[121591]: DEBUG oslo_service.service [-] bind_port                      = 9696 {{(pid=121591) log_opt_values /usr/local/lib/python3.8/dist-packages/oslo_config/cfg.py:2602}}
Apr 11 19:43:04 ubuntu neutron-server[121828]: DEBUG neutron_lib.callbacks.manager [-] Publish callbacks ['neutron.plugins.ml2.drivers.ovn.mech_driver.mech_driver.OVNMechanismDriver.post_fork_initialize-606561'] for process (None), after_init {{(pid=121828) _notify_loop /usr/local/lib/python3.8/dist-packages/neutron_lib/callbacks/manager.py:176}}
Apr 11 19:43:04 ubuntu neutron-server[121828]: INFO neutron.plugins.ml2.drivers.ovn.mech_driver.ovsdb.impl_idl_ovn [-] Getting OvsdbNbOvnIdl for MaintenanceWorker with retry
Apr 11 19:43:04 ubuntu neutron-server[121591]: DEBUG oslo_service.service [-] client_socket_timeout          = 900 {{(pid=121591) log_opt_values /usr/local/lib/python3.8/dist-packages/oslo_config/cfg.py:2602}}
Apr 11 19:43:04 ubuntu neutron-server[121591]: DEBUG oslo_service.service [-] config_dir                     = [] {{(pid=121591) log_opt_values /usr/local/lib/python3.8/dist-packages/oslo_config/cfg.py:2602}}
