Apr 08 02:36:50 ubuntu neutron-server[122502]: DEBUG neutron.api.extensions [None req-6c4c5e74-ac84-4a4b-a4ac-1f28b6721954 None None] Loading extension file: vlantransparent.py {{(pid=122502) _load_all_extensions_from_path /opt/stack/neutron/neutron/api/extensions.py:450}}
Apr 08 02:36:50 ubuntu neutron-server[122502]: DEBUG neutron.api.extensions [None req-6c4c5e74-ac84-4a4b-a4ac-1f28b6721954 None None] Ext name="Vlantransparent" alias="vlan-transparent" description="Provides Vlan Transparent Networks" updated="2015-03-23T09:00:00-00:00" {{(pid=122502) _check_extension /opt/stack/neutron/neutron/api/extensions.py:416}}
Apr 08 02:36:50 ubuntu neutron-server[122502]: INFO neutron.api.extensions [None req-6c4c5e74-ac84-4a4b-a4ac-1f28b6721954 None None] Extension vlan-transparent not supported by any of loaded plugins
Apr 08 02:36:50 ubuntu neutron-server[122502]: INFO neutron.quota.resource_registry [None req-6c4c5e74-ac84-4a4b-a4ac-1f28b6721954 None None] Creating instance of TrackedResource for resource:network
Apr 08 02:36:50 ubuntu neutron-server[122502]: INFO neutron.quota.resource_registry [None req-6c4c5e74-ac84-4a4b-a4ac-1f28b6721954 None None] Creating instance of TrackedResource for resource:subnet
Apr 08 02:36:50 ubuntu neutron-server[122502]: INFO neutron.quota.resource_registry [None req-6c4c5e74-ac84-4a4b-a4ac-1f28b6721954 None None] Creating instance of TrackedResource for resource:subnetpool
Apr 08 02:36:50 ubuntu neutron-server[122502]: INFO neutron.quota.resource_registry [None req-6c4c5e74-ac84-4a4b-a4ac-1f28b6721954 None None] Creating instance of TrackedResource for resource:port
Apr 08 02:36:50 ubuntu neutron-server[122502]: DEBUG neutron.api.v2.resource_helper [None req-6c4c5e74-ac84-4a4b-a4ac-1f28b6721954 None None] Service FLAVORS assigned prefix:  {{(pid=122502) build_resource_info /opt/stack/neutron/neutron/api/v2/resource_helper.py:77}}
Apr 08 02:36:50 ubuntu neutron-server[122502]: DEBUG neutron.api.v2.resource_helper [None req-6c4c5e74-ac84-4a4b-a4ac-1f28b6721954 None None] Service L3_ROUTER_NAT assigned prefix:  {{(pid=122502) build_resource_info /opt/stack/neutron/neutron/api/v2/resource_helper.py:77}}
Apr 08 02:36:50 ubuntu neutron-server[122502]: DEBUG neutron.api.v2.resource_helper [None req-6c4c5e74-ac84-4a4b-a4ac-1f28b6721954 None None] Service L3_ROUTER_NAT assigned prefix:  {{(pid=122502) build_resource_info /opt/stack/neutron/neutron/api/v2/resource_helper.py:77}}
Apr 08 02:36:50 ubuntu neutron-server[122502]: INFO neutron.quota.resource_registry [None req-6c4c5e74-ac84-4a4b-a4ac-1f28b6721954 None None] Creating instance of TrackedResource for resource:router
Apr 08 02:36:50 ubuntu neutron-server[122502]: INFO neutron.quota.resource_registry [None req-6c4c5e74-ac84-4a4b-a4ac-1f28b6721954 None None] Creating instance of TrackedResource for resource:floatingip
Apr 08 02:36:50 ubuntu neutron-server[122502]: DEBUG neutron_lib.callbacks.manager [None req-6c4c5e74-ac84-4a4b-a4ac-1f28b6721954 None None] Subscribe: <bound method NeutronDbPluginV2.validate_network_rbac_policy_change of <neutron.services.network_ip_availability.plugin.NetworkIPAvailabilityPlugin object at 0x7f3f224e4e50>> rbac-policy before_create 55550000 {{(pid=122502) subscribe /usr/local/lib/python3.8/dist-packages/neutron_lib/callbacks/manager.py:45}}
Apr 08 02:36:50 ubuntu neutron-server[122502]: DEBUG neutron_lib.callbacks.manager [None req-6c4c5e74-ac84-4a4b-a4ac-1f28b6721954 None None] Subscribe: <bound method NeutronDbPluginV2.validate_network_rbac_policy_change of <neutron.services.network_ip_availability.plugin.NetworkIPAvailabilityPlugin object at 0x7f3f224e4e50>> rbac-policy before_update 55550000 {{(pid=122502) subscribe /usr/local/lib/python3.8/dist-packages/neutron_lib/callbacks/manager.py:45}}
Apr 08 02:36:50 ubuntu neutron-server[122502]: DEBUG neutron_lib.callbacks.manager [None req-6c4c5e74-ac84-4a4b-a4ac-1f28b6721954 None None] Subscribe: <bound method NeutronDbPluginV2.validate_network_rbac_policy_change of <neutron.services.network_ip_availability.plugin.NetworkIPAvailabilityPlugin object at 0x7f3f224e4e50>> rbac-policy before_delete 55550000 {{(pid=122502) subscribe /usr/local/lib/python3.8/dist-packages/neutron_lib/callbacks/manager.py:45}}
Apr 08 02:36:50 ubuntu neutron-server[122502]: INFO neutron.quota.resource_registry [None req-6c4c5e74-ac84-4a4b-a4ac-1f28b6721954 None None] Creating instance of CountableResource for resource:rbac_policy
Apr 08 02:36:50 ubuntu neutron-server[122502]: INFO neutron.quota.resource_registry [None req-6c4c5e74-ac84-4a4b-a4ac-1f28b6721954 None None] Creating instance of TrackedResource for resource:security_group
Apr 08 02:36:50 ubuntu neutron-server[122502]: INFO neutron.quota.resource_registry [None req-6c4c5e74-ac84-4a4b-a4ac-1f28b6721954 None None] Creating instance of TrackedResource for resource:security_group_rule
Apr 08 02:36:50 ubuntu neutron-server[122502]: DEBUG neutron.api.v2.resource_helper [None req-6c4c5e74-ac84-4a4b-a4ac-1f28b6721954 None None] Service FLAVORS assigned prefix:  {{(pid=122502) build_resource_info /opt/stack/neutron/neutron/api/v2/resource_helper.py:77}}
Apr 08 02:36:50 ubuntu neutron-server[122502]: DEBUG neutron.api.v2.resource_helper [None req-6c4c5e74-ac84-4a4b-a4ac-1f28b6721954 None None] Service L3_ROUTER_NAT assigned prefix:  {{(pid=122502) build_resource_info /opt/stack/neutron/neutron/api/v2/resource_helper.py:77}}
Apr 08 02:36:50 ubuntu neutron-server[122502]: DEBUG neutron.api.v2.resource_helper [None req-6c4c5e74-ac84-4a4b-a4ac-1f28b6721954 None None] Service L3_ROUTER_NAT assigned prefix:  {{(pid=122502) build_resource_info /opt/stack/neutron/neutron/api/v2/resource_helper.py:77}}
Apr 08 02:36:50 ubuntu neutron-server[122502]: INFO neutron.quota.resource_registry [None req-6c4c5e74-ac84-4a4b-a4ac-1f28b6721954 None None] Creating instance of TrackedResource for resource:router
Apr 08 02:36:50 ubuntu neutron-server[122502]: WARNING neutron.quota.resource_registry [None req-6c4c5e74-ac84-4a4b-a4ac-1f28b6721954 None None] router is already registered
Apr 08 02:36:50 ubuntu neutron-server[122502]: INFO neutron.quota.resource_registry [None req-6c4c5e74-ac84-4a4b-a4ac-1f28b6721954 None None] Creating instance of TrackedResource for resource:floatingip
Apr 08 02:36:50 ubuntu neutron-server[122502]: WARNING neutron.quota.resource_registry [None req-6c4c5e74-ac84-4a4b-a4ac-1f28b6721954 None None] floatingip is already registered
Apr 08 02:36:50 ubuntu neutron-server[122502]: INFO neutron.quota.resource_registry [None req-6c4c5e74-ac84-4a4b-a4ac-1f28b6721954 None None] Creating instance of CountableResource for resource:rbac_policy
Apr 08 02:36:50 ubuntu neutron-server[122502]: WARNING neutron.quota.resource_registry [None req-6c4c5e74-ac84-4a4b-a4ac-1f28b6721954 None None] rbac_policy is already registered
Apr 08 02:36:50 ubuntu neutron-server[122502]: INFO neutron.quota.resource_registry [None req-6c4c5e74-ac84-4a4b-a4ac-1f28b6721954 None None] Creating instance of TrackedResource for resource:security_group
Apr 08 02:36:50 ubuntu neutron-server[122502]: WARNING neutron.quota.resource_registry [None req-6c4c5e74-ac84-4a4b-a4ac-1f28b6721954 None None] security_group is already registered
Apr 08 02:36:50 ubuntu neutron-server[122502]: INFO neutron.quota.resource_registry [None req-6c4c5e74-ac84-4a4b-a4ac-1f28b6721954 None None] Creating instance of TrackedResource for resource:security_group_rule
Apr 08 02:36:50 ubuntu neutron-server[122502]: WARNING neutron.quota.resource_registry [None req-6c4c5e74-ac84-4a4b-a4ac-1f28b6721954 None None] security_group_rule is already registered
Apr 08 02:36:50 ubuntu neutron-server[122502]: DEBUG neutron.api.extensions [None req-6c4c5e74-ac84-4a4b-a4ac-1f28b6721954 None None] Extended resource: extensions {{(pid=122502) __init__ /opt/stack/neutron/neutron/api/extensions.py:157}}
Apr 08 02:36:50 ubuntu neutron-server[122502]: DEBUG neutron.api.extensions [None req-6c4c5e74-ac84-4a4b-a4ac-1f28b6721954 None None] Extended resource: address-groups {{(pid=122502) __init__ /opt/stack/neutron/neutron/api/extensions.py:157}}
Apr 08 02:36:50 ubuntu neutron-server[122502]: DEBUG neutron.api.extensions [None req-6c4c5e74-ac84-4a4b-a4ac-1f28b6721954 None None] Extended resource: address-scopes {{(pid=122502) __init__ /opt/stack/neutron/neutron/api/extensions.py:157}}
Apr 08 02:36:50 ubuntu neutron-server[122502]: DEBUG neutron.api.extensions [None req-6c4c5e74-ac84-4a4b-a4ac-1f28b6721954 None None] Extended resource: agents {{(pid=122502) __init__ /opt/stack/neutron/neutron/api/extensions.py:157}}
Apr 08 02:36:50 ubuntu neutron-server[122502]: DEBUG neutron.api.extensions [None req-6c4c5e74-ac84-4a4b-a4ac-1f28b6721954 None None] Extended resource: auto-allocated-topology {{(pid=122502) __init__ /opt/stack/neutron/neutron/api/extensions.py:157}}
Apr 08 02:36:50 ubuntu neutron-server[122502]: DEBUG neutron.api.extensions [None req-6c4c5e74-ac84-4a4b-a4ac-1f28b6721954 None None] Extended resource: availability_zones {{(pid=122502) __init__ /opt/stack/neutron/neutron/api/extensions.py:157}}
Apr 08 02:36:50 ubuntu neutron-server[122502]: DEBUG neutron.api.extensions [None req-6c4c5e74-ac84-4a4b-a4ac-1f28b6721954 None None] Extended resource: flavors {{(pid=122502) __init__ /opt/stack/neutron/neutron/api/extensions.py:157}}
Apr 08 02:36:50 ubuntu neutron-server[122502]: DEBUG neutron.api.extensions [None req-6c4c5e74-ac84-4a4b-a4ac-1f28b6721954 None None] Extended resource: service_profiles {{(pid=122502) __init__ /opt/stack/neutron/neutron/api/extensions.py:157}}
Apr 08 02:36:50 ubuntu neutron-server[122502]: DEBUG neutron.api.extensions [None req-6c4c5e74-ac84-4a4b-a4ac-1f28b6721954 None None] Extended resource: next_providers {{(pid=122502) __init__ /opt/stack/neutron/neutron/api/extensions.py:157}}
Apr 08 02:36:50 ubuntu neutron-server[122502]: DEBUG neutron.api.extensions [None req-6c4c5e74-ac84-4a4b-a4ac-1f28b6721954 None None] Extended resource: service_profiles {{(pid=122502) __init__ /opt/stack/neutron/neutron/api/extensions.py:157}}
Apr 08 02:36:50 ubuntu neutron-server[122502]: DEBUG neutron.api.extensions [None req-6c4c5e74-ac84-4a4b-a4ac-1f28b6721954 None None] Extended resource: floatingip-pools {{(pid=122502) __init__ /opt/stack/neutron/neutron/api/extensions.py:157}}
Apr 08 02:36:50 ubuntu neutron-server[122502]: DEBUG neutron.api.extensions [None req-6c4c5e74-ac84-4a4b-a4ac-1f28b6721954 None None] Extended resource: routers {{(pid=122502) __init__ /opt/stack/neutron/neutron/api/extensions.py:157}}
Apr 08 02:36:50 ubuntu neutron-server[122502]: DEBUG neutron.api.extensions [None req-6c4c5e74-ac84-4a4b-a4ac-1f28b6721954 None None] Extended resource: floatingips {{(pid=122502) __init__ /opt/stack/neutron/neutron/api/extensions.py:157}}
Apr 08 02:36:50 ubuntu neutron-server[122502]: DEBUG neutron.api.extensions [None req-6c4c5e74-ac84-4a4b-a4ac-1f28b6721954 None None] Extended resource: network-ip-availabilities {{(pid=122502) __init__ /opt/stack/neutron/neutron/api/extensions.py:157}}
Apr 08 02:36:50 ubuntu neutron-server[122502]: DEBUG neutron.api.extensions [None req-6c4c5e74-ac84-4a4b-a4ac-1f28b6721954 None None] Extended resource: bindings {{(pid=122502) __init__ /opt/stack/neutron/neutron/api/extensions.py:157}}
Apr 08 02:36:50 ubuntu neutron-server[122502]: DEBUG neutron.api.extensions [None req-6c4c5e74-ac84-4a4b-a4ac-1f28b6721954 None None] Extended resource: quotas {{(pid=122502) __init__ /opt/stack/neutron/neutron/api/extensions.py:157}}
Apr 08 02:36:50 ubuntu neutron-server[122502]: DEBUG neutron.api.extensions [None req-6c4c5e74-ac84-4a4b-a4ac-1f28b6721954 None None] Extended resource: quotas {{(pid=122502) __init__ /opt/stack/neutron/neutron/api/extensions.py:157}}
Apr 08 02:36:50 ubuntu neutron-server[122502]: DEBUG neutron.api.extensions [None req-6c4c5e74-ac84-4a4b-a4ac-1f28b6721954 None None] Extended resource: rbac-policies {{(pid=122502) __init__ /opt/stack/neutron/neutron/api/extensions.py:157}}
Apr 08 02:36:50 ubuntu neutron-server[122502]: DEBUG neutron.api.extensions [None req-6c4c5e74-ac84-4a4b-a4ac-1f28b6721954 None None] Extended resource: security-groups {{(pid=122502) __init__ /opt/stack/neutron/neutron/api/extensions.py:157}}
Apr 08 02:36:50 ubuntu neutron-server[122502]: DEBUG neutron.api.extensions [None req-6c4c5e74-ac84-4a4b-a4ac-1f28b6721954 None None] Extended resource: security-group-rules {{(pid=122502) __init__ /opt/stack/neutron/neutron/api/extensions.py:157}}
Apr 08 02:36:50 ubuntu neutron-server[122502]: DEBUG neutron.api.extensions [None req-6c4c5e74-ac84-4a4b-a4ac-1f28b6721954 None None] Extended resource: service-providers {{(pid=122502) __init__ /opt/stack/neutron/neutron/api/extensions.py:157}}
Apr 08 02:36:50 ubuntu neutron-server[122502]: DEBUG neutron.api.extensions [None req-6c4c5e74-ac84-4a4b-a4ac-1f28b6721954 None None] Extended resource: tags {{(pid=122502) __init__ /opt/stack/neutron/neutron/api/extensions.py:157}}
Apr 08 02:36:50 ubuntu neutron-server[122502]: DEBUG neutron.api.extensions [None req-6c4c5e74-ac84-4a4b-a4ac-1f28b6721954 None None] Extended resource: tags {{(pid=122502) __init__ /opt/stack/neutron/neutron/api/extensions.py:157}}
Apr 08 02:36:50 ubuntu neutron-server[122502]: DEBUG neutron.api.extensions [None req-6c4c5e74-ac84-4a4b-a4ac-1f28b6721954 None None] Extended resource: tags {{(pid=122502) __init__ /opt/stack/neutron/neutron/api/extensions.py:157}}
Apr 08 02:36:50 ubuntu neutron-server[122502]: DEBUG neutron.api.extensions [None req-6c4c5e74-ac84-4a4b-a4ac-1f28b6721954 None None] Extended resource: tags {{(pid=122502) __init__ /opt/stack/neutron/neutron/api/extensions.py:157}}
Apr 08 02:36:50 ubuntu neutron-server[122502]: DEBUG neutron.api.extensions [None req-6c4c5e74-ac84-4a4b-a4ac-1f28b6721954 None None] Extended resource: tags {{(pid=122502) __init__ /opt/stack/neutron/neutron/api/extensions.py:157}}
Apr 08 02:36:50 ubuntu neutron-server[122502]: DEBUG neutron.api.extensions [None req-6c4c5e74-ac84-4a4b-a4ac-1f28b6721954 None None] Extended resource: tags {{(pid=122502) __init__ /opt/stack/neutron/neutron/api/extensions.py:157}}
Apr 08 02:36:50 ubuntu neutron-server[122502]: DEBUG neutron.api.extensions [None req-6c4c5e74-ac84-4a4b-a4ac-1f28b6721954 None None] Extended resource: tags {{(pid=122502) __init__ /opt/stack/neutron/neutron/api/extensions.py:157}}
Apr 08 02:36:50 ubuntu neutron-server[122502]: DEBUG neutron.api.extensions [None req-6c4c5e74-ac84-4a4b-a4ac-1f28b6721954 None None] Extended resource: tags {{(pid=122502) __init__ /opt/stack/neutron/neutron/api/extensions.py:157}}
Apr 08 02:36:50 ubuntu neutron-server[122502]: DEBUG neutron.api.extensions [None req-6c4c5e74-ac84-4a4b-a4ac-1f28b6721954 None None] Extended resource: tags {{(pid=122502) __init__ /opt/stack/neutron/neutron/api/extensions.py:157}}
Apr 08 02:36:50 ubuntu neutron-server[122502]: DEBUG neutron.api.extensions [None req-6c4c5e74-ac84-4a4b-a4ac-1f28b6721954 None None] Extended resource: tags {{(pid=122502) __init__ /opt/stack/neutron/neutron/api/extensions.py:157}}
Apr 08 02:36:50 ubuntu neutron-server[122502]: WARNING keystonemiddleware.auth_token [None req-6c4c5e74-ac84-4a4b-a4ac-1f28b6721954 None None] AuthToken middleware is set with keystone_authtoken.service_token_roles_required set to False. This is backwards compatible but deprecated behaviour. Please set this to True.
Apr 08 02:36:50 ubuntu neutron-server[122502]: WARNING keystonemiddleware.auth_token [None req-6c4c5e74-ac84-4a4b-a4ac-1f28b6721954 None None] Configuring www_authenticate_uri to point to the public identity endpoint is required; clients may not be able to authenticate against an admin endpoint
Apr 08 02:36:50 ubuntu neutron-server[122502]: DEBUG oslo_concurrency.lockutils [None req-6c4c5e74-ac84-4a4b-a4ac-1f28b6721954 None None] Acquired lock "singleton_lock" {{(pid=122502) lock /usr/local/lib/python3.8/dist-packages/oslo_concurrency/lockutils.py:294}}
Apr 08 02:36:50 ubuntu neutron-server[122502]: DEBUG oslo_concurrency.lockutils [None req-6c4c5e74-ac84-4a4b-a4ac-1f28b6721954 None None] Releasing lock "singleton_lock" {{(pid=122502) lock /usr/local/lib/python3.8/dist-packages/oslo_concurrency/lockutils.py:312}}
Apr 08 02:36:50 ubuntu neutron-server[122502]: INFO oslo_service.service [None req-6c4c5e74-ac84-4a4b-a4ac-1f28b6721954 None None] Starting 2 workers
Apr 08 02:36:50 ubuntu neutron-server[122502]: DEBUG oslo_service.service [None req-6c4c5e74-ac84-4a4b-a4ac-1f28b6721954 None None] Started child 122709 {{(pid=122502) _start_child /usr/local/lib/python3.8/dist-packages/oslo_service/service.py:575}}
Apr 08 02:36:50 ubuntu neutron-server[122502]: DEBUG oslo_service.service [None req-6c4c5e74-ac84-4a4b-a4ac-1f28b6721954 None None] Started child 122710 {{(pid=122502) _start_child /usr/local/lib/python3.8/dist-packages/oslo_service/service.py:575}}
Apr 08 02:36:50 ubuntu neutron-server[122502]: INFO neutron.service [None req-6c4c5e74-ac84-4a4b-a4ac-1f28b6721954 None None] Neutron service started, listening on 0.0.0.0:9696
Apr 08 02:36:50 ubuntu neutron-server[122502]: DEBUG neutron_lib.callbacks.manager [None req-6c4c5e74-ac84-4a4b-a4ac-1f28b6721954 None None] Publish callbacks ['neutron.plugins.ml2.drivers.ovn.mech_driver.mech_driver.OVNMechanismDriver.pre_fork_initialize-1573132'] for process (None), before_spawn {{(pid=122502) _notify_loop /usr/local/lib/python3.8/dist-packages/neutron_lib/callbacks/manager.py:176}}
Apr 08 02:36:50 ubuntu neutron-server[122709]: DEBUG neutron_lib.callbacks.manager [-] Publish callbacks ['neutron.plugins.ml2.drivers.ovn.mech_driver.mech_driver.OVNMechanismDriver.post_fork_initialize-1573160'] for process (None), after_init {{(pid=122709) _notify_loop /usr/local/lib/python3.8/dist-packages/neutron_lib/callbacks/manager.py:176}}
Apr 08 02:36:50 ubuntu neutron-server[122710]: DEBUG neutron_lib.callbacks.manager [-] Publish callbacks ['neutron.plugins.ml2.drivers.ovn.mech_driver.mech_driver.OVNMechanismDriver.post_fork_initialize-1573160'] for process (None), after_init {{(pid=122710) _notify_loop /usr/local/lib/python3.8/dist-packages/neutron_lib/callbacks/manager.py:176}}
Apr 08 02:36:50 ubuntu neutron-server[122710]: INFO neutron.plugins.ml2.drivers.ovn.mech_driver.ovsdb.impl_idl_ovn [None req-6280a182-adb8-44df-8212-3f00a34475dc None None] Getting OvsdbNbOvnIdl for WorkerService with retry
Apr 08 02:36:50 ubuntu neutron-server[122502]: DEBUG ovsdbapp.backend.ovs_idl [None req-6c4c5e74-ac84-4a4b-a4ac-1f28b6721954 None None] Created schema index Port_Group.name {{(pid=122502) autocreate_indices /usr/local/lib/python3.8/dist-packages/ovsdbapp/backend/ovs_idl/__init__.py:126}}
Apr 08 02:36:50 ubuntu neutron-server[122502]: DEBUG ovsdbapp.backend.ovs_idl [None req-6c4c5e74-ac84-4a4b-a4ac-1f28b6721954 None None] Created schema index Logical_Switch_Port.name {{(pid=122502) autocreate_indices /usr/local/lib/python3.8/dist-packages/ovsdbapp/backend/ovs_idl/__init__.py:126}}
Apr 08 02:36:50 ubuntu neutron-server[122709]: INFO neutron.plugins.ml2.drivers.ovn.mech_driver.ovsdb.impl_idl_ovn [None req-91f90bca-73a7-4709-abc5-230e650fbd79 None None] Getting OvsdbNbOvnIdl for WorkerService with retry
Apr 08 02:36:50 ubuntu neutron-server[122709]: DEBUG ovsdbapp.backend.ovs_idl [None req-91f90bca-73a7-4709-abc5-230e650fbd79 None None] Created lookup_table index Logical_Switch.name {{(pid=122709) autocreate_indices /usr/local/lib/python3.8/dist-packages/ovsdbapp/backend/ovs_idl/__init__.py:107}}
Apr 08 02:36:50 ubuntu neutron-server[122710]: DEBUG ovsdbapp.backend.ovs_idl [None req-6280a182-adb8-44df-8212-3f00a34475dc None None] Created lookup_table index Logical_Switch.name {{(pid=122710) autocreate_indices /usr/local/lib/python3.8/dist-packages/ovsdbapp/backend/ovs_idl/__init__.py:107}}
Apr 08 02:36:50 ubuntu neutron-server[122710]: DEBUG ovsdbapp.backend.ovs_idl [None req-6280a182-adb8-44df-8212-3f00a34475dc None None] Created lookup_table index Logical_Router.name {{(pid=122710) autocreate_indices /usr/local/lib/python3.8/dist-packages/ovsdbapp/backend/ovs_idl/__init__.py:107}}
Apr 08 02:36:50 ubuntu neutron-server[122709]: DEBUG ovsdbapp.backend.ovs_idl [None req-91f90bca-73a7-4709-abc5-230e650fbd79 None None] Created lookup_table index Logical_Router.name {{(pid=122709) autocreate_indices /usr/local/lib/python3.8/dist-packages/ovsdbapp/backend/ovs_idl/__init__.py:107}}
Apr 08 02:36:50 ubuntu neutron-server[122710]: DEBUG ovsdbapp.backend.ovs_idl [None req-6280a182-adb8-44df-8212-3f00a34475dc None None] Created lookup_table index Load_Balancer.name {{(pid=122710) autocreate_indices /usr/local/lib/python3.8/dist-packages/ovsdbapp/backend/ovs_idl/__init__.py:107}}
Apr 08 02:36:50 ubuntu neutron-server[122709]: DEBUG ovsdbapp.backend.ovs_idl [None req-91f90bca-73a7-4709-abc5-230e650fbd79 None None] Created lookup_table index Load_Balancer.name {{(pid=122709) autocreate_indices /usr/local/lib/python3.8/dist-packages/ovsdbapp/backend/ovs_idl/__init__.py:107}}
Apr 08 02:36:50 ubuntu neutron-server[122710]: DEBUG ovsdbapp.backend.ovs_idl [None req-6280a182-adb8-44df-8212-3f00a34475dc None None] Created schema index Meter.name {{(pid=122710) autocreate_indices /usr/local/lib/python3.8/dist-packages/ovsdbapp/backend/ovs_idl/__init__.py:126}}
Apr 08 02:36:50 ubuntu neutron-server[122709]: DEBUG ovsdbapp.backend.ovs_idl [None req-91f90bca-73a7-4709-abc5-230e650fbd79 None None] Created schema index Meter.name {{(pid=122709) autocreate_indices /usr/local/lib/python3.8/dist-packages/ovsdbapp/backend/ovs_idl/__init__.py:126}}
Apr 08 02:36:50 ubuntu neutron-server[122710]: DEBUG ovsdbapp.backend.ovs_idl [None req-6280a182-adb8-44df-8212-3f00a34475dc None None] Created schema index Address_Set.name {{(pid=122710) autocreate_indices /usr/local/lib/python3.8/dist-packages/ovsdbapp/backend/ovs_idl/__init__.py:126}}
Apr 08 02:36:50 ubuntu neutron-server[122709]: DEBUG ovsdbapp.backend.ovs_idl [None req-91f90bca-73a7-4709-abc5-230e650fbd79 None None] Created schema index Address_Set.name {{(pid=122709) autocreate_indices /usr/local/lib/python3.8/dist-packages/ovsdbapp/backend/ovs_idl/__init__.py:126}}
Apr 08 02:36:50 ubuntu neutron-server[122710]: DEBUG ovsdbapp.backend.ovs_idl [None req-6280a182-adb8-44df-8212-3f00a34475dc None None] Created schema index HA_Chassis_Group.name {{(pid=122710) autocreate_indices /usr/local/lib/python3.8/dist-packages/ovsdbapp/backend/ovs_idl/__init__.py:126}}
Apr 08 02:36:50 ubuntu neutron-server[122709]: DEBUG ovsdbapp.backend.ovs_idl [None req-91f90bca-73a7-4709-abc5-230e650fbd79 None None] Created schema index HA_Chassis_Group.name {{(pid=122709) autocreate_indices /usr/local/lib/python3.8/dist-packages/ovsdbapp/backend/ovs_idl/__init__.py:126}}
Apr 08 02:36:50 ubuntu neutron-server[122710]: DEBUG ovsdbapp.backend.ovs_idl [None req-6280a182-adb8-44df-8212-3f00a34475dc None None] Created schema index Connection.target {{(pid=122710) autocreate_indices /usr/local/lib/python3.8/dist-packages/ovsdbapp/backend/ovs_idl/__init__.py:126}}
Apr 08 02:36:50 ubuntu neutron-server[122709]: DEBUG ovsdbapp.backend.ovs_idl [None req-91f90bca-73a7-4709-abc5-230e650fbd79 None None] Created schema index Connection.target {{(pid=122709) autocreate_indices /usr/local/lib/python3.8/dist-packages/ovsdbapp/backend/ovs_idl/__init__.py:126}}
Apr 08 02:36:50 ubuntu neutron-server[122710]: DEBUG ovsdbapp.backend.ovs_idl [None req-6280a182-adb8-44df-8212-3f00a34475dc None None] Created schema index Gateway_Chassis.name {{(pid=122710) autocreate_indices /usr/local/lib/python3.8/dist-packages/ovsdbapp/backend/ovs_idl/__init__.py:126}}
Apr 08 02:36:50 ubuntu neutron-server[122709]: DEBUG ovsdbapp.backend.ovs_idl [None req-91f90bca-73a7-4709-abc5-230e650fbd79 None None] Created schema index Gateway_Chassis.name {{(pid=122709) autocreate_indices /usr/local/lib/python3.8/dist-packages/ovsdbapp/backend/ovs_idl/__init__.py:126}}
Apr 08 02:36:50 ubuntu neutron-server[122710]: DEBUG ovsdbapp.backend.ovs_idl [None req-6280a182-adb8-44df-8212-3f00a34475dc None None] Created schema index Logical_Router_Port.name {{(pid=122710) autocreate_indices /usr/local/lib/python3.8/dist-packages/ovsdbapp/backend/ovs_idl/__init__.py:126}}
Apr 08 02:36:50 ubuntu neutron-server[122709]: DEBUG ovsdbapp.backend.ovs_idl [None req-91f90bca-73a7-4709-abc5-230e650fbd79 None None] Created schema index Logical_Router_Port.name {{(pid=122709) autocreate_indices /usr/local/lib/python3.8/dist-packages/ovsdbapp/backend/ovs_idl/__init__.py:126}}
Apr 08 02:36:50 ubuntu neutron-server[122710]: DEBUG ovsdbapp.backend.ovs_idl [None req-6280a182-adb8-44df-8212-3f00a34475dc None None] Created schema index Port_Group.name {{(pid=122710) autocreate_indices /usr/local/lib/python3.8/dist-packages/ovsdbapp/backend/ovs_idl/__init__.py:126}}
Apr 08 02:36:50 ubuntu neutron-server[122710]: DEBUG ovsdbapp.backend.ovs_idl [None req-6280a182-adb8-44df-8212-3f00a34475dc None None] Created schema index Logical_Switch_Port.name {{(pid=122710) autocreate_indices /usr/local/lib/python3.8/dist-packages/ovsdbapp/backend/ovs_idl/__init__.py:126}}
Apr 08 02:36:50 ubuntu neutron-server[122709]: DEBUG ovsdbapp.backend.ovs_idl [None req-91f90bca-73a7-4709-abc5-230e650fbd79 None None] Created schema index Port_Group.name {{(pid=122709) autocreate_indices /usr/local/lib/python3.8/dist-packages/ovsdbapp/backend/ovs_idl/__init__.py:126}}
Apr 08 02:36:50 ubuntu neutron-server[122709]: DEBUG ovsdbapp.backend.ovs_idl [None req-91f90bca-73a7-4709-abc5-230e650fbd79 None None] Created schema index Logical_Switch_Port.name {{(pid=122709) autocreate_indices /usr/local/lib/python3.8/dist-packages/ovsdbapp/backend/ovs_idl/__init__.py:126}}
Apr 08 02:36:50 ubuntu neutron-server[122710]: INFO ovsdbapp.backend.ovs_idl.vlog [None req-6280a182-adb8-44df-8212-3f00a34475dc None None] tcp:192.168.79.38:6641: connecting...
Apr 08 02:36:50 ubuntu neutron-server[122709]: INFO ovsdbapp.backend.ovs_idl.vlog [None req-91f90bca-73a7-4709-abc5-230e650fbd79 None None] tcp:192.168.79.38:6641: connecting...
Apr 08 02:36:50 ubuntu neutron-server[122710]: INFO ovsdbapp.backend.ovs_idl.vlog [None req-6280a182-adb8-44df-8212-3f00a34475dc None None] tcp:192.168.79.38:6641: connected
Apr 08 02:36:50 ubuntu neutron-server[122709]: INFO ovsdbapp.backend.ovs_idl.vlog [None req-91f90bca-73a7-4709-abc5-230e650fbd79 None None] tcp:192.168.79.38:6641: connected
Apr 08 02:36:50 ubuntu neutron-server[122502]: DEBUG ovsdbapp.backend.ovs_idl.transaction [-] Running txn n=1 command(idx=0): PgAddCommand(name=neutron_pg_drop, may_exist=True, columns={'acls': []}) {{(pid=122502) do_commit /usr/local/lib/python3.8/dist-packages/ovsdbapp/backend/ovs_idl/transaction.py:90}}
Apr 08 02:36:50 ubuntu neutron-server[122502]: DEBUG ovsdbapp.backend.ovs_idl.transaction [-] Running txn n=1 command(idx=1): PgAclAddCommand(entity=neutron_pg_drop, direction=from-lport, priority=1001, match=inport == @neutron_pg_drop && ip, action=drop, log=False, may_exist=True, severity=[], name=[], meter=None, external_ids={}) {{(pid=122502) do_commit /usr/local/lib/python3.8/dist-packages/ovsdbapp/backend/ovs_idl/transaction.py:90}}
Apr 08 02:36:50 ubuntu neutron-server[122502]: DEBUG ovsdbapp.backend.ovs_idl.transaction [-] Running txn n=1 command(idx=2): PgAclAddCommand(entity=neutron_pg_drop, direction=to-lport, priority=1001, match=outport == @neutron_pg_drop && ip, action=drop, log=False, may_exist=True, severity=[], name=[], meter=None, external_ids={}) {{(pid=122502) do_commit /usr/local/lib/python3.8/dist-packages/ovsdbapp/backend/ovs_idl/transaction.py:90}}
Apr 08 02:36:50 ubuntu neutron-server[122502]: DEBUG ovsdbapp.backend.ovs_idl.event [-] Matched CREATE: NeutronPgDropPortGroupCreated(events=('create',), table='Port_Group', conditions=(('name', '=', 'neutron_pg_drop'),), old_conditions=None), priority=10 to row=Port_Group(name=neutron_pg_drop, ports=[], external_ids={}, acls=[<ovs.db.idl.Row object at 0x7f3f22569160>, <ovs.db.idl.Row object at 0x7f3f2256d760>]) old= {{(pid=122502) matches /usr/local/lib/python3.8/dist-packages/ovsdbapp/backend/ovs_idl/event.py:43}}
Apr 08 02:36:50 ubuntu neutron-server[122710]: DEBUG neutron.common.ovn.hash_ring_manager [None req-6280a182-adb8-44df-8212-3f00a34475dc None None] Allow caching, nodes 2>=2 {{(pid=122710) _wait_startup_before_caching /opt/stack/neutron/neutron/common/ovn/hash_ring_manager.py:60}}
Apr 08 02:36:50 ubuntu neutron-server[122710]: DEBUG neutron.plugins.ml2.drivers.ovn.mech_driver.ovsdb.ovsdb_monitor [None req-6280a182-adb8-44df-8212-3f00a34475dc None None] Hash Ring: Node ff58c964-b34b-48fb-a66d-28ae117398fd (host: ubuntu) handling event "create" for row b27c6fe9-042f-41ac-be49-bbd96c612f2a (table: Database) {{(pid=122710) notify /opt/stack/neutron/neutron/plugins/ml2/drivers/ovn/mech_driver/ovsdb/ovsdb_monitor.py:805}}
Apr 08 02:36:50 ubuntu neutron-server[122502]: DEBUG ovsdbapp.backend.ovs_idl [None req-6c4c5e74-ac84-4a4b-a4ac-1f28b6721954 None None] Created lookup_table index Logical_Switch.name {{(pid=122502) autocreate_indices /usr/local/lib/python3.8/dist-packages/ovsdbapp/backend/ovs_idl/__init__.py:107}}
Apr 08 02:36:50 ubuntu neutron-server[122502]: DEBUG ovsdbapp.backend.ovs_idl [None req-6c4c5e74-ac84-4a4b-a4ac-1f28b6721954 None None] Created lookup_table index Logical_Router.name {{(pid=122502) autocreate_indices /usr/local/lib/python3.8/dist-packages/ovsdbapp/backend/ovs_idl/__init__.py:107}}
Apr 08 02:36:50 ubuntu neutron-server[122502]: DEBUG ovsdbapp.backend.ovs_idl [None req-6c4c5e74-ac84-4a4b-a4ac-1f28b6721954 None None] Created lookup_table index Load_Balancer.name {{(pid=122502) autocreate_indices /usr/local/lib/python3.8/dist-packages/ovsdbapp/backend/ovs_idl/__init__.py:107}}
Apr 08 02:36:50 ubuntu neutron-server[122502]: DEBUG ovsdbapp.backend.ovs_idl [None req-6c4c5e74-ac84-4a4b-a4ac-1f28b6721954 None None] Created schema index Meter.name {{(pid=122502) autocreate_indices /usr/local/lib/python3.8/dist-packages/ovsdbapp/backend/ovs_idl/__init__.py:126}}
Apr 08 02:36:50 ubuntu neutron-server[122502]: DEBUG ovsdbapp.backend.ovs_idl [None req-6c4c5e74-ac84-4a4b-a4ac-1f28b6721954 None None] Created schema index Address_Set.name {{(pid=122502) autocreate_indices /usr/local/lib/python3.8/dist-packages/ovsdbapp/backend/ovs_idl/__init__.py:126}}
Apr 08 02:36:50 ubuntu neutron-server[122709]: DEBUG neutron.common.ovn.hash_ring_manager [None req-91f90bca-73a7-4709-abc5-230e650fbd79 None None] Allow caching, nodes 2>=2 {{(pid=122709) _wait_startup_before_caching /opt/stack/neutron/neutron/common/ovn/hash_ring_manager.py:60}}
Apr 08 02:36:50 ubuntu neutron-server[122502]: DEBUG ovsdbapp.backend.ovs_idl [None req-6c4c5e74-ac84-4a4b-a4ac-1f28b6721954 None None] Created schema index HA_Chassis_Group.name {{(pid=122502) autocreate_indices /usr/local/lib/python3.8/dist-packages/ovsdbapp/backend/ovs_idl/__init__.py:126}}
Apr 08 02:36:50 ubuntu neutron-server[122710]: DEBUG neutron.plugins.ml2.drivers.ovn.mech_driver.ovsdb.ovsdb_monitor [None req-6280a182-adb8-44df-8212-3f00a34475dc None None] Hash Ring: Node ff58c964-b34b-48fb-a66d-28ae117398fd (host: ubuntu) handling event "create" for row 9b377a6d-7b80-420a-b7e7-e3b4e425cfc0 (table: NB_Global) {{(pid=122710) notify /opt/stack/neutron/neutron/plugins/ml2/drivers/ovn/mech_driver/ovsdb/ovsdb_monitor.py:805}}
Apr 08 02:36:50 ubuntu neutron-server[122502]: DEBUG ovsdbapp.backend.ovs_idl [None req-6c4c5e74-ac84-4a4b-a4ac-1f28b6721954 None None] Created schema index Connection.target {{(pid=122502) autocreate_indices /usr/local/lib/python3.8/dist-packages/ovsdbapp/backend/ovs_idl/__init__.py:126}}
Apr 08 02:36:50 ubuntu neutron-server[122502]: DEBUG ovsdbapp.backend.ovs_idl [None req-6c4c5e74-ac84-4a4b-a4ac-1f28b6721954 None None] Created schema index Gateway_Chassis.name {{(pid=122502) autocreate_indices /usr/local/lib/python3.8/dist-packages/ovsdbapp/backend/ovs_idl/__init__.py:126}}
Apr 08 02:36:50 ubuntu neutron-server[122502]: DEBUG ovsdbapp.backend.ovs_idl [None req-6c4c5e74-ac84-4a4b-a4ac-1f28b6721954 None None] Created schema index Logical_Router_Port.name {{(pid=122502) autocreate_indices /usr/local/lib/python3.8/dist-packages/ovsdbapp/backend/ovs_idl/__init__.py:126}}
Apr 08 02:36:50 ubuntu neutron-server[122710]: DEBUG neutron.plugins.ml2.drivers.ovn.mech_driver.ovsdb.ovsdb_monitor [None req-6280a182-adb8-44df-8212-3f00a34475dc None None] Hash Ring: Node ff58c964-b34b-48fb-a66d-28ae117398fd (host: ubuntu) handling event "create" for row 3eaf6def-dd1f-4d6f-ba6e-77c688dd07e7 (table: ACL) {{(pid=122710) notify /opt/stack/neutron/neutron/plugins/ml2/drivers/ovn/mech_driver/ovsdb/ovsdb_monitor.py:805}}
Apr 08 02:36:50 ubuntu neutron-server[122502]: DEBUG ovsdbapp.backend.ovs_idl [None req-6c4c5e74-ac84-4a4b-a4ac-1f28b6721954 None None] Created schema index Port_Group.name {{(pid=122502) autocreate_indices /usr/local/lib/python3.8/dist-packages/ovsdbapp/backend/ovs_idl/__init__.py:126}}
Apr 08 02:36:50 ubuntu neutron-server[122502]: DEBUG ovsdbapp.backend.ovs_idl [None req-6c4c5e74-ac84-4a4b-a4ac-1f28b6721954 None None] Created schema index Logical_Switch_Port.name {{(pid=122502) autocreate_indices /usr/local/lib/python3.8/dist-packages/ovsdbapp/backend/ovs_idl/__init__.py:126}}
Apr 08 02:36:50 ubuntu neutron-server[122710]: DEBUG neutron.plugins.ml2.drivers.ovn.mech_driver.ovsdb.ovsdb_monitor [None req-6280a182-adb8-44df-8212-3f00a34475dc None None] Hash Ring: Node ff58c964-b34b-48fb-a66d-28ae117398fd (host: ubuntu) handling event "create" for row 8ccf7a04-1701-4b28-a35e-4dd713f93e0a (table: Connection) {{(pid=122710) notify /opt/stack/neutron/neutron/plugins/ml2/drivers/ovn/mech_driver/ovsdb/ovsdb_monitor.py:805}}
Apr 08 02:36:50 ubuntu neutron-server[122710]: INFO neutron.plugins.ml2.drivers.ovn.mech_driver.ovsdb.impl_idl_ovn [None req-6280a182-adb8-44df-8212-3f00a34475dc None None] Getting OvsdbSbOvnIdl for WorkerService with retry
Apr 08 02:36:50 ubuntu neutron-server[122709]: DEBUG neutron.plugins.ml2.drivers.ovn.mech_driver.ovsdb.ovsdb_monitor [None req-91f90bca-73a7-4709-abc5-230e650fbd79 None None] Hash Ring: Node 7e3de3e5-1533-4815-9fc0-809ce3e3a6b5 (host: ubuntu) handling event "create" for row 0537c6b6-bb29-4d1f-ae1c-b14dbbf3ab59 (table: Database) {{(pid=122709) notify /opt/stack/neutron/neutron/plugins/ml2/drivers/ovn/mech_driver/ovsdb/ovsdb_monitor.py:805}}
Apr 08 02:36:50 ubuntu neutron-server[122710]: DEBUG ovsdbapp.backend.ovs_idl [None req-6280a182-adb8-44df-8212-3f00a34475dc None None] Created lookup_table index Chassis.name {{(pid=122710) autocreate_indices /usr/local/lib/python3.8/dist-packages/ovsdbapp/backend/ovs_idl/__init__.py:107}}
Apr 08 02:36:50 ubuntu neutron-server[122710]: DEBUG ovsdbapp.backend.ovs_idl [None req-6280a182-adb8-44df-8212-3f00a34475dc None None] Created schema index Datapath_Binding.tunnel_key {{(pid=122710) autocreate_indices /usr/local/lib/python3.8/dist-packages/ovsdbapp/backend/ovs_idl/__init__.py:126}}
Apr 08 02:36:50 ubuntu neutron-server[122710]: DEBUG ovsdbapp.backend.ovs_idl [None req-6280a182-adb8-44df-8212-3f00a34475dc None None] Created schema index Connection.target {{(pid=122710) autocreate_indices /usr/local/lib/python3.8/dist-packages/ovsdbapp/backend/ovs_idl/__init__.py:126}}
Apr 08 02:36:50 ubuntu neutron-server[122710]: INFO ovsdbapp.backend.ovs_idl.vlog [None req-6280a182-adb8-44df-8212-3f00a34475dc None None] tcp:192.168.79.38:6642: connecting...
Apr 08 02:36:50 ubuntu neutron-server[122710]: INFO ovsdbapp.backend.ovs_idl.vlog [None req-6280a182-adb8-44df-8212-3f00a34475dc None None] tcp:192.168.79.38:6642: connected
Apr 08 02:36:50 ubuntu neutron-server[122709]: DEBUG neutron.plugins.ml2.drivers.ovn.mech_driver.ovsdb.ovsdb_monitor [None req-91f90bca-73a7-4709-abc5-230e650fbd79 None None] Hash Ring: Node 7e3de3e5-1533-4815-9fc0-809ce3e3a6b5 (host: ubuntu) handling event "create" for row d689fa62-07b6-41d5-870d-229a31804acc (table: Port_Group) {{(pid=122709) notify /opt/stack/neutron/neutron/plugins/ml2/drivers/ovn/mech_driver/ovsdb/ovsdb_monitor.py:805}}
Apr 08 02:36:50 ubuntu neutron-server[122709]: DEBUG neutron.plugins.ml2.drivers.ovn.mech_driver.ovsdb.ovsdb_monitor [None req-91f90bca-73a7-4709-abc5-230e650fbd79 None None] Hash Ring: Node 7e3de3e5-1533-4815-9fc0-809ce3e3a6b5 (host: ubuntu) handling event "create" for row 33d06ad6-a2d5-4e94-8741-4d353ac97c4d (table: ACL) {{(pid=122709) notify /opt/stack/neutron/neutron/plugins/ml2/drivers/ovn/mech_driver/ovsdb/ovsdb_monitor.py:805}}
Apr 08 02:36:50 ubuntu neutron-server[122709]: INFO neutron.plugins.ml2.drivers.ovn.mech_driver.ovsdb.impl_idl_ovn [None req-91f90bca-73a7-4709-abc5-230e650fbd79 None None] Getting OvsdbSbOvnIdl for WorkerService with retry
Apr 08 02:36:50 ubuntu neutron-server[122709]: DEBUG ovsdbapp.backend.ovs_idl [None req-91f90bca-73a7-4709-abc5-230e650fbd79 None None] Created lookup_table index Chassis.name {{(pid=122709) autocreate_indices /usr/local/lib/python3.8/dist-packages/ovsdbapp/backend/ovs_idl/__init__.py:107}}
Apr 08 02:36:50 ubuntu neutron-server[122709]: DEBUG ovsdbapp.backend.ovs_idl [None req-91f90bca-73a7-4709-abc5-230e650fbd79 None None] Created schema index Datapath_Binding.tunnel_key {{(pid=122709) autocreate_indices /usr/local/lib/python3.8/dist-packages/ovsdbapp/backend/ovs_idl/__init__.py:126}}
Apr 08 02:36:50 ubuntu neutron-server[122709]: DEBUG ovsdbapp.backend.ovs_idl [None req-91f90bca-73a7-4709-abc5-230e650fbd79 None None] Created schema index Connection.target {{(pid=122709) autocreate_indices /usr/local/lib/python3.8/dist-packages/ovsdbapp/backend/ovs_idl/__init__.py:126}}
Apr 08 02:36:50 ubuntu neutron-server[122709]: INFO ovsdbapp.backend.ovs_idl.vlog [None req-91f90bca-73a7-4709-abc5-230e650fbd79 None None] tcp:192.168.79.38:6642: connecting...
Apr 08 02:36:50 ubuntu neutron-server[122709]: INFO ovsdbapp.backend.ovs_idl.vlog [None req-91f90bca-73a7-4709-abc5-230e650fbd79 None None] tcp:192.168.79.38:6642: connected
Apr 08 02:36:50 ubuntu neutron-server[122709]: DEBUG neutron.common.ovn.hash_ring_manager [None req-91f90bca-73a7-4709-abc5-230e650fbd79 None None] Allow caching, nodes 2>=2 {{(pid=122709) _wait_startup_before_caching /opt/stack/neutron/neutron/common/ovn/hash_ring_manager.py:60}}
Apr 08 02:36:50 ubuntu neutron-server[122710]: DEBUG neutron.common.ovn.hash_ring_manager [None req-6280a182-adb8-44df-8212-3f00a34475dc None None] Allow caching, nodes 2>=2 {{(pid=122710) _wait_startup_before_caching /opt/stack/neutron/neutron/common/ovn/hash_ring_manager.py:60}}
Apr 08 02:36:50 ubuntu neutron-server[122502]: DEBUG ovsdbapp.backend.ovs_idl [None req-6c4c5e74-ac84-4a4b-a4ac-1f28b6721954 None None] Created lookup_table index Chassis.name {{(pid=122502) autocreate_indices /usr/local/lib/python3.8/dist-packages/ovsdbapp/backend/ovs_idl/__init__.py:107}}
Apr 08 02:36:50 ubuntu neutron-server[122502]: DEBUG ovsdbapp.backend.ovs_idl [None req-6c4c5e74-ac84-4a4b-a4ac-1f28b6721954 None None] Created lookup_table index MAC_Binding.ip {{(pid=122502) autocreate_indices /usr/local/lib/python3.8/dist-packages/ovsdbapp/backend/ovs_idl/__init__.py:107}}
Apr 08 02:36:50 ubuntu neutron-server[122502]: DEBUG ovsdbapp.backend.ovs_idl [None req-6c4c5e74-ac84-4a4b-a4ac-1f28b6721954 None None] Created schema index Meter.name {{(pid=122502) autocreate_indices /usr/local/lib/python3.8/dist-packages/ovsdbapp/backend/ovs_idl/__init__.py:126}}
Apr 08 02:36:50 ubuntu neutron-server[122502]: DEBUG ovsdbapp.backend.ovs_idl [None req-6c4c5e74-ac84-4a4b-a4ac-1f28b6721954 None None] Created schema index Address_Set.name {{(pid=122502) autocreate_indices /usr/local/lib/python3.8/dist-packages/ovsdbapp/backend/ovs_idl/__init__.py:126}}
Apr 08 02:36:50 ubuntu neutron-server[122502]: DEBUG ovsdbapp.backend.ovs_idl [None req-6c4c5e74-ac84-4a4b-a4ac-1f28b6721954 None None] Created schema index HA_Chassis_Group.name {{(pid=122502) autocreate_indices /usr/local/lib/python3.8/dist-packages/ovsdbapp/backend/ovs_idl/__init__.py:126}}
Apr 08 02:36:50 ubuntu neutron-server[122502]: DEBUG ovsdbapp.backend.ovs_idl [None req-6c4c5e74-ac84-4a4b-a4ac-1f28b6721954 None None] Created schema index IP_Multicast.datapath {{(pid=122502) autocreate_indices /usr/local/lib/python3.8/dist-packages/ovsdbapp/backend/ovs_idl/__init__.py:126}}
Apr 08 02:36:50 ubuntu neutron-server[122502]: DEBUG ovsdbapp.backend.ovs_idl [None req-6c4c5e74-ac84-4a4b-a4ac-1f28b6721954 None None] Created schema index Connection.target {{(pid=122502) autocreate_indices /usr/local/lib/python3.8/dist-packages/ovsdbapp/backend/ovs_idl/__init__.py:126}}
Apr 08 02:36:50 ubuntu neutron-server[122502]: DEBUG ovsdbapp.backend.ovs_idl [None req-6c4c5e74-ac84-4a4b-a4ac-1f28b6721954 None None] Created schema index Gateway_Chassis.name {{(pid=122502) autocreate_indices /usr/local/lib/python3.8/dist-packages/ovsdbapp/backend/ovs_idl/__init__.py:126}}
Apr 08 02:36:50 ubuntu neutron-server[122502]: DEBUG ovsdbapp.backend.ovs_idl [None req-6c4c5e74-ac84-4a4b-a4ac-1f28b6721954 None None] Created schema index Port_Group.name {{(pid=122502) autocreate_indices /usr/local/lib/python3.8/dist-packages/ovsdbapp/backend/ovs_idl/__init__.py:126}}
Apr 08 02:36:50 ubuntu neutron-server[122502]: DEBUG ovsdbapp.backend.ovs_idl [None req-6c4c5e74-ac84-4a4b-a4ac-1f28b6721954 None None] Created schema index Datapath_Binding.tunnel_key {{(pid=122502) autocreate_indices /usr/local/lib/python3.8/dist-packages/ovsdbapp/backend/ovs_idl/__init__.py:126}}
Apr 08 02:36:50 ubuntu neutron-server[122710]: DEBUG neutron.plugins.ml2.drivers.ovn.mech_driver.ovsdb.ovsdb_monitor [None req-6280a182-adb8-44df-8212-3f00a34475dc None None] Hash Ring: Node ff58c964-b34b-48fb-a66d-28ae117398fd (host: ubuntu) handling event "create" for row 38d1b44b-0546-4178-98f7-05ae0bdd4f12 (table: Database) {{(pid=122710) notify /opt/stack/neutron/neutron/plugins/ml2/drivers/ovn/mech_driver/ovsdb/ovsdb_monitor.py:805}}
Apr 08 02:36:50 ubuntu neutron-server[122710]: DEBUG neutron.plugins.ml2.drivers.ovn.mech_driver.ovsdb.ovsdb_monitor [None req-6280a182-adb8-44df-8212-3f00a34475dc None None] Hash Ring: Node ff58c964-b34b-48fb-a66d-28ae117398fd (host: ubuntu) handling event "create" for row 88bca4dd-6c1e-4bf7-a708-44e5d19980aa (table: Database) {{(pid=122710) notify /opt/stack/neutron/neutron/plugins/ml2/drivers/ovn/mech_driver/ovsdb/ovsdb_monitor.py:805}}
Apr 08 02:36:50 ubuntu neutron-server[122709]: DEBUG neutron.plugins.ml2.drivers.ovn.mech_driver.ovsdb.ovsdb_monitor [None req-91f90bca-73a7-4709-abc5-230e650fbd79 None None] Hash Ring: Node 7e3de3e5-1533-4815-9fc0-809ce3e3a6b5 (host: ubuntu) handling event "create" for row 83dbefba-a7f2-4557-9622-c97bb335b634 (table: Encap) {{(pid=122709) notify /opt/stack/neutron/neutron/plugins/ml2/drivers/ovn/mech_driver/ovsdb/ovsdb_monitor.py:805}}
Apr 08 02:36:50 ubuntu neutron-server[122709]: DEBUG neutron.plugins.ml2.drivers.ovn.mech_driver.ovsdb.ovsdb_monitor [None req-91f90bca-73a7-4709-abc5-230e650fbd79 None None] ChassisAgentWriteEvent : Matched Chassis, create, None None {{(pid=122709) matches /opt/stack/neutron/neutron/plugins/ml2/drivers/ovn/mech_driver/ovsdb/ovsdb_monitor.py:61}}
Apr 08 02:36:50 ubuntu neutron-server[122709]: DEBUG neutron.plugins.ml2.drivers.ovn.mech_driver.ovsdb.ovsdb_monitor [None req-91f90bca-73a7-4709-abc5-230e650fbd79 None None] ChassisMetadataAgentWriteEvent : Matched Chassis, create, None None {{(pid=122709) matches /opt/stack/neutron/neutron/plugins/ml2/drivers/ovn/mech_driver/ovsdb/ovsdb_monitor.py:61}}
Apr 08 02:36:50 ubuntu neutron-server[122709]: DEBUG neutron.plugins.ml2.drivers.ovn.mech_driver.ovsdb.ovsdb_monitor [None req-91f90bca-73a7-4709-abc5-230e650fbd79 None None] Hash Ring: Node 7e3de3e5-1533-4815-9fc0-809ce3e3a6b5 (host: ubuntu) handling event "create" for row b2f7f437-825c-46a9-aba8-0712f2db7b82 (table: SB_Global) {{(pid=122709) notify /opt/stack/neutron/neutron/plugins/ml2/drivers/ovn/mech_driver/ovsdb/ovsdb_monitor.py:805}}
Apr 08 02:36:50 ubuntu neutron-server[122709]: DEBUG neutron.plugins.ml2.drivers.ovn.mech_driver.ovsdb.ovsdb_monitor [None req-91f90bca-73a7-4709-abc5-230e650fbd79 None None] Hash Ring: Node 7e3de3e5-1533-4815-9fc0-809ce3e3a6b5 (host: ubuntu) handling event "create" for row 46f6683e-b8da-407f-8e19-bf2d245f020f (table: Connection) {{(pid=122709) notify /opt/stack/neutron/neutron/plugins/ml2/drivers/ovn/mech_driver/ovsdb/ovsdb_monitor.py:805}}
Apr 08 02:36:50 ubuntu neutron-server[122710]: DEBUG neutron.plugins.ml2.drivers.ovn.mech_driver.ovsdb.ovsdb_monitor [None req-6280a182-adb8-44df-8212-3f00a34475dc None None] ChassisAgentWriteEvent : Matched Chassis, create, None None {{(pid=122710) matches /opt/stack/neutron/neutron/plugins/ml2/drivers/ovn/mech_driver/ovsdb/ovsdb_monitor.py:61}}
Apr 08 02:36:50 ubuntu neutron-server[122710]: DEBUG neutron.plugins.ml2.drivers.ovn.mech_driver.ovsdb.ovsdb_monitor [None req-6280a182-adb8-44df-8212-3f00a34475dc None None] ChassisMetadataAgentWriteEvent : Matched Chassis, create, None None {{(pid=122710) matches /opt/stack/neutron/neutron/plugins/ml2/drivers/ovn/mech_driver/ovsdb/ovsdb_monitor.py:61}}
Apr 08 02:36:50 ubuntu neutron-server[122710]: DEBUG neutron.plugins.ml2.drivers.ovn.mech_driver.ovsdb.ovsdb_monitor [None req-6280a182-adb8-44df-8212-3f00a34475dc None None] Hash Ring: Node ff58c964-b34b-48fb-a66d-28ae117398fd (host: ubuntu) handling event "create" for row 275d6772-d1f0-41ae-826e-44edf7d115c9 (table: Chassis) {{(pid=122710) notify /opt/stack/neutron/neutron/plugins/ml2/drivers/ovn/mech_driver/ovsdb/ovsdb_monitor.py:805}}
Apr 08 02:36:50 ubuntu neutron-server[122709]: INFO neutron.wsgi [-] (122709) wsgi starting up on http://0.0.0.0:9696
Apr 08 02:36:50 ubuntu neutron-server[122709]: DEBUG neutron.wsgi [-] (122709) accepted ('192.168.79.38', 40256) {{(pid=122709) server /usr/local/lib/python3.8/dist-packages/eventlet/wsgi.py:1004}}
Apr 08 02:36:50 ubuntu neutron-server[122710]: INFO neutron.wsgi [-] (122710) wsgi starting up on http://0.0.0.0:9696
Apr 08 02:36:50 ubuntu neutron-server[122709]: INFO neutron.wsgi [-] 192.168.79.38 "GET / HTTP/1.1" status: 200  len: 255 time: 0.0043750
Apr 08 02:36:50 ubuntu neutron-server[122502]: INFO oslo_service.service [None req-6c4c5e74-ac84-4a4b-a4ac-1f28b6721954 None None] Starting 1 workers
Apr 08 02:36:50 ubuntu neutron-server[122502]: DEBUG oslo_service.service [None req-6c4c5e74-ac84-4a4b-a4ac-1f28b6721954 None None] Started child 122738 {{(pid=122502) _start_child /usr/local/lib/python3.8/dist-packages/oslo_service/service.py:575}}
Apr 08 02:36:51 ubuntu neutron-server[122502]: INFO oslo_service.service [None req-6c4c5e74-ac84-4a4b-a4ac-1f28b6721954 None None] Starting 1 workers
Apr 08 02:36:51 ubuntu neutron-server[122502]: DEBUG oslo_service.service [None req-6c4c5e74-ac84-4a4b-a4ac-1f28b6721954 None None] Started child 122741 {{(pid=122502) _start_child /usr/local/lib/python3.8/dist-packages/oslo_service/service.py:575}}
Apr 08 02:36:51 ubuntu neutron-server[122502]: INFO oslo_service.service [None req-6c4c5e74-ac84-4a4b-a4ac-1f28b6721954 None None] Starting 1 workers
Apr 08 02:36:51 ubuntu neutron-server[122738]: DEBUG neutron.service [None req-6c4c5e74-ac84-4a4b-a4ac-1f28b6721954 None None] calling RpcWorker wait() {{(pid=122738) _wait /opt/stack/neutron/neutron/service.py:128}}
Apr 08 02:36:51 ubuntu neutron-server[122738]: DEBUG neutron.service [None req-6c4c5e74-ac84-4a4b-a4ac-1f28b6721954 None None] returning from RpcWorker wait() {{(pid=122738) _wait /opt/stack/neutron/neutron/service.py:135}}
Apr 08 02:36:51 ubuntu neutron-server[122738]: DEBUG neutron_lib.callbacks.manager [-] Publish callbacks ['neutron.plugins.ml2.drivers.ovn.mech_driver.mech_driver.OVNMechanismDriver.post_fork_initialize-1573160'] for process (None), after_init {{(pid=122738) _notify_loop /usr/local/lib/python3.8/dist-packages/neutron_lib/callbacks/manager.py:176}}
Apr 08 02:36:51 ubuntu neutron-server[122502]: DEBUG oslo_service.service [None req-6c4c5e74-ac84-4a4b-a4ac-1f28b6721954 None None] Started child 122744 {{(pid=122502) _start_child /usr/local/lib/python3.8/dist-packages/oslo_service/service.py:575}}
Apr 08 02:36:51 ubuntu neutron-server[122502]: DEBUG neutron_lib.callbacks.manager [None req-6c4c5e74-ac84-4a4b-a4ac-1f28b6721954 None None] Publish callbacks [] for process (None), after_spawn {{(pid=122502) _notify_loop /usr/local/lib/python3.8/dist-packages/neutron_lib/callbacks/manager.py:176}}
Apr 08 02:36:51 ubuntu neutron-server[122738]: INFO neutron.plugins.ml2.drivers.ovn.mech_driver.ovsdb.impl_idl_ovn [-] Getting OvsdbNbOvnIdl for RpcWorker with retry
Apr 08 02:36:51 ubuntu neutron-server[122741]: DEBUG neutron_lib.callbacks.manager [-] Publish callbacks ['neutron.plugins.ml2.drivers.ovn.mech_driver.mech_driver.OVNMechanismDriver.post_fork_initialize-1573160'] for process (None), after_init {{(pid=122741) _notify_loop /usr/local/lib/python3.8/dist-packages/neutron_lib/callbacks/manager.py:176}}
Apr 08 02:36:51 ubuntu neutron-server[122502]: DEBUG oslo_service.service [-] Full set of CONF: {{(pid=122502) wait /usr/local/lib/python3.8/dist-packages/oslo_service/service.py:649}}
Apr 08 02:36:51 ubuntu neutron-server[122502]: DEBUG oslo_service.service [-] ******************************************************************************** {{(pid=122502) log_opt_values /usr/local/lib/python3.8/dist-packages/oslo_config/cfg.py:2589}}
Apr 08 02:36:51 ubuntu neutron-server[122502]: DEBUG oslo_service.service [-] Configuration options gathered from: {{(pid=122502) log_opt_values /usr/local/lib/python3.8/dist-packages/oslo_config/cfg.py:2590}}
Apr 08 02:36:51 ubuntu neutron-server[122502]: DEBUG oslo_service.service [-] command line args: ['--config-file', '/etc/neutron/neutron.conf', '--config-file', '/etc/neutron/plugins/ml2/ml2_conf.ini'] {{(pid=122502) log_opt_values /usr/local/lib/python3.8/dist-packages/oslo_config/cfg.py:2591}}
Apr 08 02:36:51 ubuntu neutron-server[122502]: DEBUG oslo_service.service [-] config files: ['/etc/neutron/neutron.conf', '/etc/neutron/plugins/ml2/ml2_conf.ini'] {{(pid=122502) log_opt_values /usr/local/lib/python3.8/dist-packages/oslo_config/cfg.py:2592}}
