Aug 02 14:02:05 ubuntu devstack@g-api.service[152000]: DEBUG glance_store.backend [None req-80db1b89-33f9-4066-8d6b-99919b4917f3 admin admin] Attempting to import store swift {{(pid=152000) _load_store /usr/local/lib/python3.8/dist-packages/glance_store/backend.py:216}}
Aug 02 14:02:05 ubuntu devstack@g-api.service[152000]: DEBUG glance_store.capabilities [None req-80db1b89-33f9-4066-8d6b-99919b4917f3 admin admin] Store glance_store._drivers.swift.store.SingleTenantStore doesn't support updating dynamic storage capabilities. Please overwrite 'update_capabilities' method of the store to implement updating logics if needed. {{(pid=152000) update_capabilities /usr/local/lib/python3.8/dist-packages/glance_store/capabilities.py:91}}
Aug 02 14:02:05 ubuntu devstack@g-api.service[152000]: DEBUG glance_store.driver [None req-80db1b89-33f9-4066-8d6b-99919b4917f3 admin admin] Late loading location class glance_store._drivers.swift.store.StoreLocation {{(pid=152000) get_store_location_class /usr/local/lib/python3.8/dist-packages/glance_store/driver.py:116}}
Aug 02 14:02:05 ubuntu devstack@g-api.service[152000]: DEBUG glance_store.location [None req-80db1b89-33f9-4066-8d6b-99919b4917f3 admin admin] Registering scheme swift+https with {'store': <glance_store._drivers.swift.store.SingleTenantStore object at 0x7fe2a7da70a0>, 'location_class': <class 'glance_store._drivers.swift.store.StoreLocation'>, 'store_entry': 'swift'} {{(pid=152000) register_scheme_map /usr/local/lib/python3.8/dist-packages/glance_store/location.py:146}}
Aug 02 14:02:05 ubuntu devstack@g-api.service[152000]: DEBUG glance_store.location [None req-80db1b89-33f9-4066-8d6b-99919b4917f3 admin admin] Registering scheme swift+https with {'store': <glance_store._drivers.swift.store.SingleTenantStore object at 0x7fe2a7da70a0>, 'location_class': <class 'glance_store._drivers.swift.store.StoreLocation'>, 'store_entry': 'swift'} {{(pid=152000) register_scheme_map /usr/local/lib/python3.8/dist-packages/glance_store/location.py:146}}
Aug 02 14:02:05 ubuntu devstack@g-api.service[152000]: DEBUG glance_store.location [None req-80db1b89-33f9-4066-8d6b-99919b4917f3 admin admin] Registering scheme swift with {'store': <glance_store._drivers.swift.store.SingleTenantStore object at 0x7fe2a7da70a0>, 'location_class': <class 'glance_store._drivers.swift.store.StoreLocation'>, 'store_entry': 'swift'} {{(pid=152000) register_scheme_map /usr/local/lib/python3.8/dist-packages/glance_store/location.py:146}}
Aug 02 14:02:05 ubuntu devstack@g-api.service[152000]: DEBUG glance_store.location [None req-80db1b89-33f9-4066-8d6b-99919b4917f3 admin admin] Registering scheme swift+https with {'store': <glance_store._drivers.swift.store.SingleTenantStore object at 0x7fe2a7da70a0>, 'location_class': <class 'glance_store._drivers.swift.store.StoreLocation'>, 'store_entry': 'swift'} {{(pid=152000) register_scheme_map /usr/local/lib/python3.8/dist-packages/glance_store/location.py:146}}
Aug 02 14:02:05 ubuntu devstack@g-api.service[152000]: DEBUG glance_store.location [None req-80db1b89-33f9-4066-8d6b-99919b4917f3 admin admin] Registering scheme swift with {'store': <glance_store._drivers.swift.store.SingleTenantStore object at 0x7fe2a7da70a0>, 'location_class': <class 'glance_store._drivers.swift.store.StoreLocation'>, 'store_entry': 'swift'} {{(pid=152000) register_scheme_map /usr/local/lib/python3.8/dist-packages/glance_store/location.py:146}}
Aug 02 14:02:05 ubuntu devstack@g-api.service[152000]: DEBUG glance_store.location [None req-80db1b89-33f9-4066-8d6b-99919b4917f3 admin admin] Registering scheme swift+http with {'store': <glance_store._drivers.swift.store.SingleTenantStore object at 0x7fe2a7da70a0>, 'location_class': <class 'glance_store._drivers.swift.store.StoreLocation'>, 'store_entry': 'swift'} {{(pid=152000) register_scheme_map /usr/local/lib/python3.8/dist-packages/glance_store/location.py:146}}
Aug 02 14:02:05 ubuntu devstack@g-api.service[152000]: DEBUG glance_store.location [None req-80db1b89-33f9-4066-8d6b-99919b4917f3 admin admin] Registering scheme swift+https with {'store': <glance_store._drivers.swift.store.SingleTenantStore object at 0x7fe2a7da70a0>, 'location_class': <class 'glance_store._drivers.swift.store.StoreLocation'>, 'store_entry': 'swift'} {{(pid=152000) register_scheme_map /usr/local/lib/python3.8/dist-packages/glance_store/location.py:146}}
Aug 02 14:02:05 ubuntu devstack@g-api.service[152000]: DEBUG glance_store.location [None req-80db1b89-33f9-4066-8d6b-99919b4917f3 admin admin] Registering scheme swift with {'store': <glance_store._drivers.swift.store.SingleTenantStore object at 0x7fe2a7da70a0>, 'location_class': <class 'glance_store._drivers.swift.store.StoreLocation'>, 'store_entry': 'swift'} {{(pid=152000) register_scheme_map /usr/local/lib/python3.8/dist-packages/glance_store/location.py:146}}
Aug 02 14:02:05 ubuntu devstack@g-api.service[152000]: DEBUG glance_store.location [None req-80db1b89-33f9-4066-8d6b-99919b4917f3 admin admin] Registering scheme swift+http with {'store': <glance_store._drivers.swift.store.SingleTenantStore object at 0x7fe2a7da70a0>, 'location_class': <class 'glance_store._drivers.swift.store.StoreLocation'>, 'store_entry': 'swift'} {{(pid=152000) register_scheme_map /usr/local/lib/python3.8/dist-packages/glance_store/location.py:146}}
Aug 02 14:02:05 ubuntu devstack@g-api.service[152000]: DEBUG glance_store.location [None req-80db1b89-33f9-4066-8d6b-99919b4917f3 admin admin] Registering scheme swift+config with {'store': <glance_store._drivers.swift.store.SingleTenantStore object at 0x7fe2a7da70a0>, 'location_class': <class 'glance_store._drivers.swift.store.StoreLocation'>, 'store_entry': 'swift'} {{(pid=152000) register_scheme_map /usr/local/lib/python3.8/dist-packages/glance_store/location.py:146}}
Aug 02 14:02:05 ubuntu devstack@g-api.service[152000]: DEBUG glance_store.backend [None req-80db1b89-33f9-4066-8d6b-99919b4917f3 admin admin] Skipping store.set_acls... not implemented. {{(pid=152000) set_acls /usr/local/lib/python3.8/dist-packages/glance_store/backend.py:508}}
Aug 02 14:02:05 ubuntu devstack@g-api.service[152000]: [pid: 152000|app: 0|req: 3/4] 127.0.0.1 () {40 vars in 862 bytes} [Tue Aug  2 14:02:02 2022] PUT /v2/images/713b1a11-7047-43bb-bb94-f68b66b32511/file => generated 0 bytes in 2711 msecs (HTTP/1.1 204) 4 headers in 171 bytes (1 switches on core 0)
Aug 02 14:02:12 ubuntu devstack@g-api.service[152001]: DEBUG dbcounter [-] [152001] Writing DB stats glance:SELECT=9,glance:INSERT=5 {{(pid=152001) stat_writer /usr/local/lib/python3.8/dist-packages/dbcounter.py:114}}
Aug 02 14:02:15 ubuntu devstack@g-api.service[152000]: DEBUG dbcounter [-] [152000] Writing DB stats glance:SELECT=28,glance:UPDATE=2,glance:INSERT=1 {{(pid=152000) stat_writer /usr/local/lib/python3.8/dist-packages/dbcounter.py:114}}
Aug 02 14:02:50 ubuntu devstack@g-api.service[152001]: DEBUG glance.api.middleware.version_negotiation [None req-6f2f0b24-81c2-48f0-9206-710ac160a179 admin admin] Determining version of request: GET / Accept: application/json {{(pid=152001) process_request /opt/stack/glance/glance/api/middleware/version_negotiation.py:44}}
Aug 02 14:02:50 ubuntu devstack@g-api.service[152001]: DEBUG glance.api.middleware.version_negotiation [None req-6f2f0b24-81c2-48f0-9206-710ac160a179 admin admin] Using url versioning {{(pid=152001) process_request /opt/stack/glance/glance/api/middleware/version_negotiation.py:57}}
Aug 02 14:02:50 ubuntu devstack@g-api.service[152001]: DEBUG glance.api.middleware.version_negotiation [None req-6f2f0b24-81c2-48f0-9206-710ac160a179 admin admin] Unknown version. Returning version choices. {{(pid=152001) process_request /opt/stack/glance/glance/api/middleware/version_negotiation.py:64}}
Aug 02 14:02:50 ubuntu devstack@g-api.service[152001]: [pid: 152001|app: 0|req: 2/5] 127.0.0.1 () {34 vars in 506 bytes} [Tue Aug  2 14:02:50 2022] GET / => generated 1323 bytes in 6 msecs (HTTP/1.1 300) 3 headers in 106 bytes (1 switches on core 0)
Aug 02 14:02:50 ubuntu devstack@g-api.service[152000]: DEBUG glance.api.middleware.version_negotiation [None req-80db1b89-33f9-4066-8d6b-99919b4917f3 admin admin] Determining version of request: GET /v2/images Accept: application/json {{(pid=152000) process_request /opt/stack/glance/glance/api/middleware/version_negotiation.py:44}}
Aug 02 14:02:50 ubuntu devstack@g-api.service[152000]: DEBUG glance.api.middleware.version_negotiation [None req-80db1b89-33f9-4066-8d6b-99919b4917f3 admin admin] Using url versioning {{(pid=152000) process_request /opt/stack/glance/glance/api/middleware/version_negotiation.py:57}}
Aug 02 14:02:50 ubuntu devstack@g-api.service[152000]: DEBUG glance.api.middleware.version_negotiation [None req-80db1b89-33f9-4066-8d6b-99919b4917f3 admin admin] Matched version: v2 {{(pid=152000) process_request /opt/stack/glance/glance/api/middleware/version_negotiation.py:69}}
Aug 02 14:02:50 ubuntu devstack@g-api.service[152000]: DEBUG glance.api.middleware.version_negotiation [None req-80db1b89-33f9-4066-8d6b-99919b4917f3 admin admin] new path /v2/images {{(pid=152000) process_request /opt/stack/glance/glance/api/middleware/version_negotiation.py:70}}
Aug 02 14:02:50 ubuntu devstack@g-api.service[152000]: [pid: 152000|app: 0|req: 4/6] 127.0.0.1 () {36 vars in 728 bytes} [Tue Aug  2 14:02:50 2022] GET /v2/images => generated 1045 bytes in 416 msecs (HTTP/1.1 200) 4 headers in 158 bytes (1 switches on core 0)
Aug 02 14:02:57 ubuntu devstack@g-api.service[152001]: DEBUG glance.api.middleware.version_negotiation [None req-6f2f0b24-81c2-48f0-9206-710ac160a179 admin admin] Determining version of request: GET / Accept: application/json {{(pid=152001) process_request /opt/stack/glance/glance/api/middleware/version_negotiation.py:44}}
Aug 02 14:02:57 ubuntu devstack@g-api.service[152001]: DEBUG glance.api.middleware.version_negotiation [None req-6f2f0b24-81c2-48f0-9206-710ac160a179 admin admin] Using url versioning {{(pid=152001) process_request /opt/stack/glance/glance/api/middleware/version_negotiation.py:57}}
Aug 02 14:02:57 ubuntu devstack@g-api.service[152001]: DEBUG glance.api.middleware.version_negotiation [None req-6f2f0b24-81c2-48f0-9206-710ac160a179 admin admin] Unknown version. Returning version choices. {{(pid=152001) process_request /opt/stack/glance/glance/api/middleware/version_negotiation.py:64}}
Aug 02 14:02:57 ubuntu devstack@g-api.service[152001]: [pid: 152001|app: 0|req: 3/7] 127.0.0.1 () {34 vars in 506 bytes} [Tue Aug  2 14:02:57 2022] GET / => generated 1323 bytes in 5 msecs (HTTP/1.1 300) 3 headers in 106 bytes (1 switches on core 0)
Aug 02 14:02:57 ubuntu devstack@g-api.service[152000]: DEBUG glance.api.middleware.version_negotiation [None req-5646269f-f415-4fc6-be51-74adc0367c1f admin admin] Determining version of request: GET /v2/images/713b1a11-7047-43bb-bb94-f68b66b32511 Accept: */* {{(pid=152000) process_request /opt/stack/glance/glance/api/middleware/version_negotiation.py:44}}
Aug 02 14:02:57 ubuntu devstack@g-api.service[152000]: DEBUG glance.api.middleware.version_negotiation [None req-5646269f-f415-4fc6-be51-74adc0367c1f admin admin] Using url versioning {{(pid=152000) process_request /opt/stack/glance/glance/api/middleware/version_negotiation.py:57}}
Aug 02 14:02:57 ubuntu devstack@g-api.service[152000]: DEBUG glance.api.middleware.version_negotiation [None req-5646269f-f415-4fc6-be51-74adc0367c1f admin admin] Matched version: v2 {{(pid=152000) process_request /opt/stack/glance/glance/api/middleware/version_negotiation.py:69}}
Aug 02 14:02:57 ubuntu devstack@g-api.service[152000]: DEBUG glance.api.middleware.version_negotiation [None req-5646269f-f415-4fc6-be51-74adc0367c1f admin admin] new path /v2/images/713b1a11-7047-43bb-bb94-f68b66b32511 {{(pid=152000) process_request /opt/stack/glance/glance/api/middleware/version_negotiation.py:70}}
Aug 02 14:02:57 ubuntu devstack@g-api.service[152000]: [pid: 152000|app: 0|req: 5/8] 127.0.0.1 () {36 vars in 789 bytes} [Tue Aug  2 14:02:57 2022] GET /v2/images/713b1a11-7047-43bb-bb94-f68b66b32511 => generated 976 bytes in 376 msecs (HTTP/1.1 200) 4 headers in 157 bytes (1 switches on core 0)
Aug 02 14:03:01 ubuntu devstack@g-api.service[152001]: DEBUG glance.api.middleware.version_negotiation [None req-6f2f0b24-81c2-48f0-9206-710ac160a179 admin admin] Determining version of request: GET / Accept: application/json {{(pid=152001) process_request /opt/stack/glance/glance/api/middleware/version_negotiation.py:44}}
Aug 02 14:03:01 ubuntu devstack@g-api.service[152001]: DEBUG glance.api.middleware.version_negotiation [None req-6f2f0b24-81c2-48f0-9206-710ac160a179 admin admin] Using url versioning {{(pid=152001) process_request /opt/stack/glance/glance/api/middleware/version_negotiation.py:57}}
Aug 02 14:03:01 ubuntu devstack@g-api.service[152001]: DEBUG glance.api.middleware.version_negotiation [None req-6f2f0b24-81c2-48f0-9206-710ac160a179 admin admin] Unknown version. Returning version choices. {{(pid=152001) process_request /opt/stack/glance/glance/api/middleware/version_negotiation.py:64}}
Aug 02 14:03:01 ubuntu devstack@g-api.service[152001]: [pid: 152001|app: 0|req: 4/9] 127.0.0.1 () {34 vars in 506 bytes} [Tue Aug  2 14:03:01 2022] GET / => generated 1323 bytes in 4 msecs (HTTP/1.1 300) 3 headers in 106 bytes (1 switches on core 0)
Aug 02 14:03:01 ubuntu devstack@g-api.service[152000]: DEBUG glance.api.middleware.version_negotiation [None req-c2eed8a1-875a-4e56-96a4-a085c14bc812 admin admin] Determining version of request: GET /v2/images/713b1a11-7047-43bb-bb94-f68b66b32511 Accept: */* {{(pid=152000) process_request /opt/stack/glance/glance/api/middleware/version_negotiation.py:44}}
Aug 02 14:03:01 ubuntu devstack@g-api.service[152000]: DEBUG glance.api.middleware.version_negotiation [None req-c2eed8a1-875a-4e56-96a4-a085c14bc812 admin admin] Using url versioning {{(pid=152000) process_request /opt/stack/glance/glance/api/middleware/version_negotiation.py:57}}
Aug 02 14:03:01 ubuntu devstack@g-api.service[152000]: DEBUG glance.api.middleware.version_negotiation [None req-c2eed8a1-875a-4e56-96a4-a085c14bc812 admin admin] Matched version: v2 {{(pid=152000) process_request /opt/stack/glance/glance/api/middleware/version_negotiation.py:69}}
Aug 02 14:03:01 ubuntu devstack@g-api.service[152000]: DEBUG glance.api.middleware.version_negotiation [None req-c2eed8a1-875a-4e56-96a4-a085c14bc812 admin admin] new path /v2/images/713b1a11-7047-43bb-bb94-f68b66b32511 {{(pid=152000) process_request /opt/stack/glance/glance/api/middleware/version_negotiation.py:70}}
Aug 02 14:03:02 ubuntu devstack@g-api.service[152000]: [pid: 152000|app: 0|req: 6/10] 127.0.0.1 () {36 vars in 789 bytes} [Tue Aug  2 14:03:01 2022] GET /v2/images/713b1a11-7047-43bb-bb94-f68b66b32511 => generated 976 bytes in 317 msecs (HTTP/1.1 200) 4 headers in 157 bytes (1 switches on core 0)
Aug 02 14:03:12 ubuntu devstack@g-api.service[152000]: DEBUG dbcounter [-] [152000] Writing DB stats glance:SELECT=10 {{(pid=152000) stat_writer /usr/local/lib/python3.8/dist-packages/dbcounter.py:114}}
Aug 02 14:05:14 ubuntu devstack@g-api.service[152001]: DEBUG glance.api.middleware.version_negotiation [None req-6f2f0b24-81c2-48f0-9206-710ac160a179 admin admin] Determining version of request: GET /v1 Accept: application/json {{(pid=152001) process_request /opt/stack/glance/glance/api/middleware/version_negotiation.py:44}}
Aug 02 14:05:14 ubuntu devstack@g-api.service[152001]: DEBUG glance.api.middleware.version_negotiation [None req-6f2f0b24-81c2-48f0-9206-710ac160a179 admin admin] Using url versioning {{(pid=152001) process_request /opt/stack/glance/glance/api/middleware/version_negotiation.py:57}}
Aug 02 14:05:14 ubuntu devstack@g-api.service[152001]: DEBUG glance.api.middleware.version_negotiation [None req-6f2f0b24-81c2-48f0-9206-710ac160a179 admin admin] Unknown version. Returning version choices. {{(pid=152001) process_request /opt/stack/glance/glance/api/middleware/version_negotiation.py:64}}
Aug 02 14:05:14 ubuntu devstack@g-api.service[152001]: [pid: 152001|app: 0|req: 5/11] 127.0.0.1 () {38 vars in 686 bytes} [Tue Aug  2 14:05:14 2022] GET /v1 => generated 1323 bytes in 7 msecs (HTTP/1.1 300) 3 headers in 106 bytes (1 switches on core 0)
Aug 02 14:07:43 ubuntu devstack@g-api.service[152000]: DEBUG glance.api.middleware.version_negotiation [None req-7de6ae5a-0633-4467-92fb-bbbcf335d65e admin admin] Determining version of request: GET /versions Accept: */* {{(pid=152000) process_request /opt/stack/glance/glance/api/middleware/version_negotiation.py:44}}
Aug 02 14:07:43 ubuntu devstack@g-api.service[152000]: [pid: 152000|app: 0|req: 7/12] 127.0.0.1 () {38 vars in 695 bytes} [Tue Aug  2 14:07:43 2022] GET /versions => generated 1323 bytes in 8 msecs (HTTP/1.1 200) 3 headers in 92 bytes (1 switches on core 0)
Aug 02 14:07:43 ubuntu devstack@g-api.service[152001]: DEBUG glance.api.middleware.version_negotiation [None req-6f2f0b24-81c2-48f0-9206-710ac160a179 admin admin] Determining version of request: GET /v2/schemas/image Accept: */* {{(pid=152001) process_request /opt/stack/glance/glance/api/middleware/version_negotiation.py:44}}
Aug 02 14:07:43 ubuntu devstack@g-api.service[152001]: DEBUG glance.api.middleware.version_negotiation [None req-6f2f0b24-81c2-48f0-9206-710ac160a179 admin admin] Using url versioning {{(pid=152001) process_request /opt/stack/glance/glance/api/middleware/version_negotiation.py:57}}
Aug 02 14:07:43 ubuntu devstack@g-api.service[152001]: DEBUG glance.api.middleware.version_negotiation [None req-6f2f0b24-81c2-48f0-9206-710ac160a179 admin admin] Matched version: v2 {{(pid=152001) process_request /opt/stack/glance/glance/api/middleware/version_negotiation.py:69}}
Aug 02 14:07:43 ubuntu devstack@g-api.service[152001]: DEBUG glance.api.middleware.version_negotiation [None req-6f2f0b24-81c2-48f0-9206-710ac160a179 admin admin] new path /v2/schemas/image {{(pid=152001) process_request /opt/stack/glance/glance/api/middleware/version_negotiation.py:70}}
Aug 02 14:07:43 ubuntu devstack@g-api.service[152001]: [pid: 152001|app: 0|req: 6/13] 127.0.0.1 () {38 vars in 711 bytes} [Tue Aug  2 14:07:43 2022] GET /v2/schemas/image => generated 6083 bytes in 131 msecs (HTTP/1.1 200) 4 headers in 158 bytes (1 switches on core 0)
Aug 02 14:07:43 ubuntu devstack@g-api.service[152000]: DEBUG glance.api.middleware.version_negotiation [None req-7de6ae5a-0633-4467-92fb-bbbcf335d65e admin admin] Determining version of request: GET /v2/schemas/metadefs/namespace Accept: */* {{(pid=152000) process_request /opt/stack/glance/glance/api/middleware/version_negotiation.py:44}}
Aug 02 14:07:43 ubuntu devstack@g-api.service[152000]: DEBUG glance.api.middleware.version_negotiation [None req-7de6ae5a-0633-4467-92fb-bbbcf335d65e admin admin] Using url versioning {{(pid=152000) process_request /opt/stack/glance/glance/api/middleware/version_negotiation.py:57}}
Aug 02 14:07:43 ubuntu devstack@g-api.service[152000]: DEBUG glance.api.middleware.version_negotiation [None req-7de6ae5a-0633-4467-92fb-bbbcf335d65e admin admin] Matched version: v2 {{(pid=152000) process_request /opt/stack/glance/glance/api/middleware/version_negotiation.py:69}}
Aug 02 14:07:43 ubuntu devstack@g-api.service[152000]: DEBUG glance.api.middleware.version_negotiation [None req-7de6ae5a-0633-4467-92fb-bbbcf335d65e admin admin] new path /v2/schemas/metadefs/namespace {{(pid=152000) process_request /opt/stack/glance/glance/api/middleware/version_negotiation.py:70}}
Aug 02 14:07:43 ubuntu devstack@g-api.service[152000]: [pid: 152000|app: 0|req: 8/14] 127.0.0.1 () {38 vars in 737 bytes} [Tue Aug  2 14:07:43 2022] GET /v2/schemas/metadefs/namespace => generated 3100 bytes in 11 msecs (HTTP/1.1 200) 4 headers in 158 bytes (1 switches on core 0)
Aug 02 14:07:43 ubuntu devstack@g-api.service[152001]: DEBUG glance.api.middleware.version_negotiation [None req-3748b7f7-93e4-4402-9050-c6e6df91e16b admin admin] Determining version of request: GET /v2/schemas/metadefs/resource_type Accept: */* {{(pid=152001) process_request /opt/stack/glance/glance/api/middleware/version_negotiation.py:44}}
Aug 02 14:07:43 ubuntu devstack@g-api.service[152001]: DEBUG glance.api.middleware.version_negotiation [None req-3748b7f7-93e4-4402-9050-c6e6df91e16b admin admin] Using url versioning {{(pid=152001) process_request /opt/stack/glance/glance/api/middleware/version_negotiation.py:57}}
Aug 02 14:07:43 ubuntu devstack@g-api.service[152001]: DEBUG glance.api.middleware.version_negotiation [None req-3748b7f7-93e4-4402-9050-c6e6df91e16b admin admin] Matched version: v2 {{(pid=152001) process_request /opt/stack/glance/glance/api/middleware/version_negotiation.py:69}}
Aug 02 14:07:43 ubuntu devstack@g-api.service[152001]: DEBUG glance.api.middleware.version_negotiation [None req-3748b7f7-93e4-4402-9050-c6e6df91e16b admin admin] new path /v2/schemas/metadefs/resource_type {{(pid=152001) process_request /opt/stack/glance/glance/api/middleware/version_negotiation.py:70}}
Aug 02 14:07:43 ubuntu devstack@g-api.service[152001]: [pid: 152001|app: 0|req: 7/15] 127.0.0.1 () {38 vars in 745 bytes} [Tue Aug  2 14:07:43 2022] GET /v2/schemas/metadefs/resource_type => generated 1260 bytes in 7 msecs (HTTP/1.1 200) 4 headers in 158 bytes (1 switches on core 0)
Aug 02 14:07:43 ubuntu devstack@g-api.service[152000]: DEBUG glance.api.middleware.version_negotiation [None req-8d0e12f0-b1b1-442f-9fde-0fd677e284f4 admin admin] Determining version of request: GET /v2/images Accept: */* {{(pid=152000) process_request /opt/stack/glance/glance/api/middleware/version_negotiation.py:44}}
Aug 02 14:07:43 ubuntu devstack@g-api.service[152000]: DEBUG glance.api.middleware.version_negotiation [None req-8d0e12f0-b1b1-442f-9fde-0fd677e284f4 admin admin] Using url versioning {{(pid=152000) process_request /opt/stack/glance/glance/api/middleware/version_negotiation.py:57}}
Aug 02 14:07:43 ubuntu devstack@g-api.service[152000]: DEBUG glance.api.middleware.version_negotiation [None req-8d0e12f0-b1b1-442f-9fde-0fd677e284f4 admin admin] Matched version: v2 {{(pid=152000) process_request /opt/stack/glance/glance/api/middleware/version_negotiation.py:69}}
Aug 02 14:07:43 ubuntu devstack@g-api.service[152000]: DEBUG glance.api.middleware.version_negotiation [None req-8d0e12f0-b1b1-442f-9fde-0fd677e284f4 admin admin] new path /v2/images {{(pid=152000) process_request /opt/stack/glance/glance/api/middleware/version_negotiation.py:70}}
Aug 02 14:07:43 ubuntu devstack@g-api.service[152000]: [pid: 152000|app: 0|req: 9/16] 127.0.0.1 () {38 vars in 768 bytes} [Tue Aug  2 14:07:43 2022] GET /v2/images?limit=20&sort_key=name&sort_dir=asc => generated 1081 bytes in 84 msecs (HTTP/1.1 200) 4 headers in 158 bytes (1 switches on core 0)
Aug 02 14:07:43 ubuntu devstack@g-api.service[152001]: DEBUG glance.api.middleware.version_negotiation [None req-8cea78fb-da8b-4e98-81ce-4b1d1f27c4ff admin admin] Determining version of request: GET /v2/schemas/image Accept: */* {{(pid=152001) process_request /opt/stack/glance/glance/api/middleware/version_negotiation.py:44}}
Aug 02 14:07:43 ubuntu devstack@g-api.service[152001]: DEBUG glance.api.middleware.version_negotiation [None req-8cea78fb-da8b-4e98-81ce-4b1d1f27c4ff admin admin] Using url versioning {{(pid=152001) process_request /opt/stack/glance/glance/api/middleware/version_negotiation.py:57}}
Aug 02 14:07:43 ubuntu devstack@g-api.service[152001]: DEBUG glance.api.middleware.version_negotiation [None req-8cea78fb-da8b-4e98-81ce-4b1d1f27c4ff admin admin] Matched version: v2 {{(pid=152001) process_request /opt/stack/glance/glance/api/middleware/version_negotiation.py:69}}
Aug 02 14:07:43 ubuntu devstack@g-api.service[152001]: DEBUG glance.api.middleware.version_negotiation [None req-8cea78fb-da8b-4e98-81ce-4b1d1f27c4ff admin admin] new path /v2/schemas/image {{(pid=152001) process_request /opt/stack/glance/glance/api/middleware/version_negotiation.py:70}}
Aug 02 14:07:43 ubuntu devstack@g-api.service[152001]: [pid: 152001|app: 0|req: 8/17] 127.0.0.1 () {38 vars in 711 bytes} [Tue Aug  2 14:07:43 2022] GET /v2/schemas/image => generated 6083 bytes in 9 msecs (HTTP/1.1 200) 4 headers in 158 bytes (1 switches on core 0)
Aug 02 14:07:53 ubuntu devstack@g-api.service[152000]: DEBUG dbcounter [-] [152000] Writing DB stats glance:SELECT=2 {{(pid=152000) stat_writer /usr/local/lib/python3.8/dist-packages/dbcounter.py:114}}
Aug 02 14:07:58 ubuntu devstack@g-api.service[152000]: DEBUG glance.api.middleware.version_negotiation [None req-3479e20c-d3e3-41ef-8a57-7cff239218b5 admin admin] Determining version of request: GET / Accept: application/json {{(pid=152000) process_request /opt/stack/glance/glance/api/middleware/version_negotiation.py:44}}
Aug 02 14:07:58 ubuntu devstack@g-api.service[152000]: DEBUG glance.api.middleware.version_negotiation [None req-3479e20c-d3e3-41ef-8a57-7cff239218b5 admin admin] Using url versioning {{(pid=152000) process_request /opt/stack/glance/glance/api/middleware/version_negotiation.py:57}}
Aug 02 14:07:58 ubuntu devstack@g-api.service[152000]: DEBUG glance.api.middleware.version_negotiation [None req-3479e20c-d3e3-41ef-8a57-7cff239218b5 admin admin] Unknown version. Returning version choices. {{(pid=152000) process_request /opt/stack/glance/glance/api/middleware/version_negotiation.py:64}}
Aug 02 14:07:58 ubuntu devstack@g-api.service[152000]: [pid: 152000|app: 0|req: 10/18] 127.0.0.1 () {34 vars in 492 bytes} [Tue Aug  2 14:07:58 2022] GET / => generated 1323 bytes in 5 msecs (HTTP/1.1 300) 3 headers in 106 bytes (1 switches on core 0)
Aug 02 14:07:58 ubuntu devstack@g-api.service[152001]: DEBUG glance.api.middleware.version_negotiation [None req-4a4e7bcd-b4b2-4a66-9e3c-0500b2ec6177 admin admin] Determining version of request: GET /v2/images/713b1a11-7047-43bb-bb94-f68b66b32511 Accept: */* {{(pid=152001) process_request /opt/stack/glance/glance/api/middleware/version_negotiation.py:44}}
Aug 02 14:07:58 ubuntu devstack@g-api.service[152001]: DEBUG glance.api.middleware.version_negotiation [None req-4a4e7bcd-b4b2-4a66-9e3c-0500b2ec6177 admin admin] Using url versioning {{(pid=152001) process_request /opt/stack/glance/glance/api/middleware/version_negotiation.py:57}}
Aug 02 14:07:58 ubuntu devstack@g-api.service[152001]: DEBUG glance.api.middleware.version_negotiation [None req-4a4e7bcd-b4b2-4a66-9e3c-0500b2ec6177 admin admin] Matched version: v2 {{(pid=152001) process_request /opt/stack/glance/glance/api/middleware/version_negotiation.py:69}}
Aug 02 14:07:58 ubuntu devstack@g-api.service[152001]: DEBUG glance.api.middleware.version_negotiation [None req-4a4e7bcd-b4b2-4a66-9e3c-0500b2ec6177 admin admin] new path /v2/images/713b1a11-7047-43bb-bb94-f68b66b32511 {{(pid=152001) process_request /opt/stack/glance/glance/api/middleware/version_negotiation.py:70}}
Aug 02 14:07:58 ubuntu devstack@g-api.service[152001]: WARNING keystonemiddleware.auth_token [None req-4a4e7bcd-b4b2-4a66-9e3c-0500b2ec6177 admin admin] A valid token was submitted as a service token, but it was not a valid service token. This is incorrect but backwards compatible behaviour. This will be removed in future releases.
Aug 02 14:07:58 ubuntu devstack@g-api.service[152001]: [pid: 152001|app: 0|req: 9/19] 127.0.0.1 () {42 vars in 1049 bytes} [Tue Aug  2 14:07:58 2022] GET /v2/images/713b1a11-7047-43bb-bb94-f68b66b32511 => generated 976 bytes in 115 msecs (HTTP/1.1 200) 4 headers in 157 bytes (1 switches on core 0)
Aug 02 14:07:58 ubuntu devstack@g-api.service[152000]: DEBUG glance.api.middleware.version_negotiation [None req-3479e20c-d3e3-41ef-8a57-7cff239218b5 admin admin] Determining version of request: GET /v2/schemas/image Accept: */* {{(pid=152000) process_request /opt/stack/glance/glance/api/middleware/version_negotiation.py:44}}
Aug 02 14:07:58 ubuntu devstack@g-api.service[152000]: DEBUG glance.api.middleware.version_negotiation [None req-3479e20c-d3e3-41ef-8a57-7cff239218b5 admin admin] Using url versioning {{(pid=152000) process_request /opt/stack/glance/glance/api/middleware/version_negotiation.py:57}}
Aug 02 14:07:58 ubuntu devstack@g-api.service[152000]: DEBUG glance.api.middleware.version_negotiation [None req-3479e20c-d3e3-41ef-8a57-7cff239218b5 admin admin] Matched version: v2 {{(pid=152000) process_request /opt/stack/glance/glance/api/middleware/version_negotiation.py:69}}
Aug 02 14:07:58 ubuntu devstack@g-api.service[152000]: DEBUG glance.api.middleware.version_negotiation [None req-3479e20c-d3e3-41ef-8a57-7cff239218b5 admin admin] new path /v2/schemas/image {{(pid=152000) process_request /opt/stack/glance/glance/api/middleware/version_negotiation.py:70}}
Aug 02 14:07:58 ubuntu devstack@g-api.service[152000]: WARNING keystonemiddleware.auth_token [None req-3479e20c-d3e3-41ef-8a57-7cff239218b5 admin admin] A valid token was submitted as a service token, but it was not a valid service token. This is incorrect but backwards compatible behaviour. This will be removed in future releases.
Aug 02 14:07:58 ubuntu devstack@g-api.service[152000]: [pid: 152000|app: 0|req: 11/20] 127.0.0.1 () {42 vars in 989 bytes} [Tue Aug  2 14:07:58 2022] GET /v2/schemas/image => generated 6083 bytes in 5 msecs (HTTP/1.1 200) 4 headers in 158 bytes (1 switches on core 0)
Aug 02 14:08:00 ubuntu devstack@g-api.service[152001]: DEBUG glance.api.middleware.version_negotiation [None req-979d93e7-0ad4-4a5f-abdf-4ae17fde3bb7 tempest-VolumesAdminNegativeTest-544013922 tempest-VolumesAdminNegativeTest-544013922-project] Determining version of request: GET /v2/images/713b1a11-7047-43bb-bb94-f68b66b32511 Accept: */* {{(pid=152001) process_request /opt/stack/glance/glance/api/middleware/version_negotiation.py:44}}
Aug 02 14:08:00 ubuntu devstack@g-api.service[152001]: DEBUG glance.api.middleware.version_negotiation [None req-979d93e7-0ad4-4a5f-abdf-4ae17fde3bb7 tempest-VolumesAdminNegativeTest-544013922 tempest-VolumesAdminNegativeTest-544013922-project] Using url versioning {{(pid=152001) process_request /opt/stack/glance/glance/api/middleware/version_negotiation.py:57}}
Aug 02 14:08:00 ubuntu devstack@g-api.service[152001]: DEBUG glance.api.middleware.version_negotiation [None req-979d93e7-0ad4-4a5f-abdf-4ae17fde3bb7 tempest-VolumesAdminNegativeTest-544013922 tempest-VolumesAdminNegativeTest-544013922-project] Matched version: v2 {{(pid=152001) process_request /opt/stack/glance/glance/api/middleware/version_negotiation.py:69}}
Aug 02 14:08:00 ubuntu devstack@g-api.service[152001]: DEBUG glance.api.middleware.version_negotiation [None req-979d93e7-0ad4-4a5f-abdf-4ae17fde3bb7 tempest-VolumesAdminNegativeTest-544013922 tempest-VolumesAdminNegativeTest-544013922-project] new path /v2/images/713b1a11-7047-43bb-bb94-f68b66b32511 {{(pid=152001) process_request /opt/stack/glance/glance/api/middleware/version_negotiation.py:70}}
Aug 02 14:08:00 ubuntu devstack@g-api.service[152001]: [pid: 152001|app: 0|req: 10/21] 127.0.0.1 () {42 vars in 1049 bytes} [Tue Aug  2 14:08:00 2022] GET /v2/images/713b1a11-7047-43bb-bb94-f68b66b32511 => generated 976 bytes in 18 msecs (HTTP/1.1 200) 4 headers in 157 bytes (1 switches on core 0)
Aug 02 14:08:00 ubuntu devstack@g-api.service[152000]: DEBUG glance.api.middleware.version_negotiation [None req-979d93e7-0ad4-4a5f-abdf-4ae17fde3bb7 tempest-VolumesAdminNegativeTest-544013922 tempest-VolumesAdminNegativeTest-544013922-project] Determining version of request: GET /v2/images/713b1a11-7047-43bb-bb94-f68b66b32511/file Accept: */* {{(pid=152000) process_request /opt/stack/glance/glance/api/middleware/version_negotiation.py:44}}
Aug 02 14:08:00 ubuntu devstack@g-api.service[152000]: DEBUG glance.api.middleware.version_negotiation [None req-979d93e7-0ad4-4a5f-abdf-4ae17fde3bb7 tempest-VolumesAdminNegativeTest-544013922 tempest-VolumesAdminNegativeTest-544013922-project] Using url versioning {{(pid=152000) process_request /opt/stack/glance/glance/api/middleware/version_negotiation.py:57}}
Aug 02 14:08:00 ubuntu devstack@g-api.service[152000]: DEBUG glance.api.middleware.version_negotiation [None req-979d93e7-0ad4-4a5f-abdf-4ae17fde3bb7 tempest-VolumesAdminNegativeTest-544013922 tempest-VolumesAdminNegativeTest-544013922-project] Matched version: v2 {{(pid=152000) process_request /opt/stack/glance/glance/api/middleware/version_negotiation.py:69}}
Aug 02 14:08:00 ubuntu devstack@g-api.service[152000]: DEBUG glance.api.middleware.version_negotiation [None req-979d93e7-0ad4-4a5f-abdf-4ae17fde3bb7 tempest-VolumesAdminNegativeTest-544013922 tempest-VolumesAdminNegativeTest-544013922-project] new path /v2/images/713b1a11-7047-43bb-bb94-f68b66b32511/file {{(pid=152000) process_request /opt/stack/glance/glance/api/middleware/version_negotiation.py:70}}
Aug 02 14:08:00 ubuntu devstack@g-api.service[152000]: DEBUG glance_store.backend [None req-979d93e7-0ad4-4a5f-abdf-4ae17fde3bb7 tempest-VolumesAdminNegativeTest-544013922 tempest-VolumesAdminNegativeTest-544013922-project] Attempting to import store swift {{(pid=152000) _load_store /usr/local/lib/python3.8/dist-packages/glance_store/backend.py:216}}
Aug 02 14:08:00 ubuntu devstack@g-api.service[152000]: DEBUG glance_store.capabilities [None req-979d93e7-0ad4-4a5f-abdf-4ae17fde3bb7 tempest-VolumesAdminNegativeTest-544013922 tempest-VolumesAdminNegativeTest-544013922-project] Store glance_store._drivers.swift.store.SingleTenantStore doesn't support updating dynamic storage capabilities. Please overwrite 'update_capabilities' method of the store to implement updating logics if needed. {{(pid=152000) update_capabilities /usr/local/lib/python3.8/dist-packages/glance_store/capabilities.py:91}}
Aug 02 14:08:00 ubuntu devstack@g-api.service[152000]: DEBUG glance_store.driver [None req-979d93e7-0ad4-4a5f-abdf-4ae17fde3bb7 tempest-VolumesAdminNegativeTest-544013922 tempest-VolumesAdminNegativeTest-544013922-project] Late loading location class glance_store._drivers.swift.store.StoreLocation {{(pid=152000) get_store_location_class /usr/local/lib/python3.8/dist-packages/glance_store/driver.py:116}}
Aug 02 14:08:00 ubuntu devstack@g-api.service[152000]: DEBUG glance_store.location [None req-979d93e7-0ad4-4a5f-abdf-4ae17fde3bb7 tempest-VolumesAdminNegativeTest-544013922 tempest-VolumesAdminNegativeTest-544013922-project] Registering scheme swift+https with {'store': <glance_store._drivers.swift.store.SingleTenantStore object at 0x7fe2a6997940>, 'location_class': <class 'glance_store._drivers.swift.store.StoreLocation'>, 'store_entry': 'swift'} {{(pid=152000) register_scheme_map /usr/local/lib/python3.8/dist-packages/glance_store/location.py:146}}
Aug 02 14:08:00 ubuntu devstack@g-api.service[152000]: DEBUG glance_store.location [None req-979d93e7-0ad4-4a5f-abdf-4ae17fde3bb7 tempest-VolumesAdminNegativeTest-544013922 tempest-VolumesAdminNegativeTest-544013922-project] Registering scheme swift+https with {'store': <glance_store._drivers.swift.store.SingleTenantStore object at 0x7fe2a6997940>, 'location_class': <class 'glance_store._drivers.swift.store.StoreLocation'>, 'store_entry': 'swift'} {{(pid=152000) register_scheme_map /usr/local/lib/python3.8/dist-packages/glance_store/location.py:146}}
Aug 02 14:08:00 ubuntu devstack@g-api.service[152000]: DEBUG glance_store.location [None req-979d93e7-0ad4-4a5f-abdf-4ae17fde3bb7 tempest-VolumesAdminNegativeTest-544013922 tempest-VolumesAdminNegativeTest-544013922-project] Registering scheme swift with {'store': <glance_store._drivers.swift.store.SingleTenantStore object at 0x7fe2a6997940>, 'location_class': <class 'glance_store._drivers.swift.store.StoreLocation'>, 'store_entry': 'swift'} {{(pid=152000) register_scheme_map /usr/local/lib/python3.8/dist-packages/glance_store/location.py:146}}
Aug 02 14:08:00 ubuntu devstack@g-api.service[152000]: DEBUG glance_store.location [None req-979d93e7-0ad4-4a5f-abdf-4ae17fde3bb7 tempest-VolumesAdminNegativeTest-544013922 tempest-VolumesAdminNegativeTest-544013922-project] Registering scheme swift+https with {'store': <glance_store._drivers.swift.store.SingleTenantStore object at 0x7fe2a6997940>, 'location_class': <class 'glance_store._drivers.swift.store.StoreLocation'>, 'store_entry': 'swift'} {{(pid=152000) register_scheme_map /usr/local/lib/python3.8/dist-packages/glance_store/location.py:146}}
Aug 02 14:08:00 ubuntu devstack@g-api.service[152000]: DEBUG glance_store.location [None req-979d93e7-0ad4-4a5f-abdf-4ae17fde3bb7 tempest-VolumesAdminNegativeTest-544013922 tempest-VolumesAdminNegativeTest-544013922-project] Registering scheme swift with {'store': <glance_store._drivers.swift.store.SingleTenantStore object at 0x7fe2a6997940>, 'location_class': <class 'glance_store._drivers.swift.store.StoreLocation'>, 'store_entry': 'swift'} {{(pid=152000) register_scheme_map /usr/local/lib/python3.8/dist-packages/glance_store/location.py:146}}
Aug 02 14:08:00 ubuntu devstack@g-api.service[152000]: DEBUG glance_store.location [None req-979d93e7-0ad4-4a5f-abdf-4ae17fde3bb7 tempest-VolumesAdminNegativeTest-544013922 tempest-VolumesAdminNegativeTest-544013922-project] Registering scheme swift+http with {'store': <glance_store._drivers.swift.store.SingleTenantStore object at 0x7fe2a6997940>, 'location_class': <class 'glance_store._drivers.swift.store.StoreLocation'>, 'store_entry': 'swift'} {{(pid=152000) register_scheme_map /usr/local/lib/python3.8/dist-packages/glance_store/location.py:146}}
Aug 02 14:08:00 ubuntu devstack@g-api.service[152000]: DEBUG glance_store.location [None req-979d93e7-0ad4-4a5f-abdf-4ae17fde3bb7 tempest-VolumesAdminNegativeTest-544013922 tempest-VolumesAdminNegativeTest-544013922-project] Registering scheme swift+https with {'store': <glance_store._drivers.swift.store.SingleTenantStore object at 0x7fe2a6997940>, 'location_class': <class 'glance_store._drivers.swift.store.StoreLocation'>, 'store_entry': 'swift'} {{(pid=152000) register_scheme_map /usr/local/lib/python3.8/dist-packages/glance_store/location.py:146}}
Aug 02 14:08:00 ubuntu devstack@g-api.service[152000]: DEBUG glance_store.location [None req-979d93e7-0ad4-4a5f-abdf-4ae17fde3bb7 tempest-VolumesAdminNegativeTest-544013922 tempest-VolumesAdminNegativeTest-544013922-project] Registering scheme swift with {'store': <glance_store._drivers.swift.store.SingleTenantStore object at 0x7fe2a6997940>, 'location_class': <class 'glance_store._drivers.swift.store.StoreLocation'>, 'store_entry': 'swift'} {{(pid=152000) register_scheme_map /usr/local/lib/python3.8/dist-packages/glance_store/location.py:146}}
Aug 02 14:08:00 ubuntu devstack@g-api.service[152000]: DEBUG glance_store.location [None req-979d93e7-0ad4-4a5f-abdf-4ae17fde3bb7 tempest-VolumesAdminNegativeTest-544013922 tempest-VolumesAdminNegativeTest-544013922-project] Registering scheme swift+http with {'store': <glance_store._drivers.swift.store.SingleTenantStore object at 0x7fe2a6997940>, 'location_class': <class 'glance_store._drivers.swift.store.StoreLocation'>, 'store_entry': 'swift'} {{(pid=152000) register_scheme_map /usr/local/lib/python3.8/dist-packages/glance_store/location.py:146}}
Aug 02 14:08:00 ubuntu devstack@g-api.service[152000]: DEBUG glance_store.location [None req-979d93e7-0ad4-4a5f-abdf-4ae17fde3bb7 tempest-VolumesAdminNegativeTest-544013922 tempest-VolumesAdminNegativeTest-544013922-project] Registering scheme swift+config with {'store': <glance_store._drivers.swift.store.SingleTenantStore object at 0x7fe2a6997940>, 'location_class': <class 'glance_store._drivers.swift.store.StoreLocation'>, 'store_entry': 'swift'} {{(pid=152000) register_scheme_map /usr/local/lib/python3.8/dist-packages/glance_store/location.py:146}}
Aug 02 14:08:01 ubuntu devstack@g-api.service[152000]: DEBUG swiftclient [None req-979d93e7-0ad4-4a5f-abdf-4ae17fde3bb7 tempest-VolumesAdminNegativeTest-544013922 tempest-VolumesAdminNegativeTest-544013922-project] REQ: curl -i http://192.168.79.47:8080/v1/AUTH_bae4d600ea2c4a629c85cd77904b4b04/glance/713b1a11-7047-43bb-bb94-f68b66b32511 -X GET -H "X-Auth-Token: gAAAAABi6S_ASNZ6..." {{(pid=152000) http_log /usr/local/lib/python3.8/dist-packages/swiftclient/client.py:157}}
Aug 02 14:08:01 ubuntu devstack@g-api.service[152000]: DEBUG swiftclient [None req-979d93e7-0ad4-4a5f-abdf-4ae17fde3bb7 tempest-VolumesAdminNegativeTest-544013922 tempest-VolumesAdminNegativeTest-544013922-project] RESP STATUS: 200 OK {{(pid=152000) http_log /usr/local/lib/python3.8/dist-packages/swiftclient/client.py:158}}
Aug 02 14:08:01 ubuntu devstack@g-api.service[152000]: DEBUG swiftclient [None req-979d93e7-0ad4-4a5f-abdf-4ae17fde3bb7 tempest-VolumesAdminNegativeTest-544013922 tempest-VolumesAdminNegativeTest-544013922-project] RESP HEADERS: {'Content-Type': 'application/octet-stream', 'Etag': '1d3062cd89af34e419f7100277f38b2b', 'Last-Modified': 'Tue, 02 Aug 2022 14:02:06 GMT', 'X-Timestamp': '1659448925.20696', 'Accept-Ranges': 'bytes', 'Content-Length': '16338944', 'X-Trans-Id': 'tx018663d901ee45ec9182d-0062e92fc0', 'X-Openstack-Request-Id': 'tx018663d901ee45ec9182d-0062e92fc0', 'Date': 'Tue, 02 Aug 2022 14:08:01 GMT'} {{(pid=152000) http_log /usr/local/lib/python3.8/dist-packages/swiftclient/client.py:159}}
Aug 02 14:08:01 ubuntu devstack@g-api.service[152000]: DEBUG glance.image_cache [None req-979d93e7-0ad4-4a5f-abdf-4ae17fde3bb7 tempest-VolumesAdminNegativeTest-544013922 tempest-VolumesAdminNegativeTest-544013922-project] Tee'ing image '713b1a11-7047-43bb-bb94-f68b66b32511' into cache {{(pid=152000) get_caching_iter /opt/stack/glance/glance/image_cache/__init__.py:343}}
Aug 02 14:08:01 ubuntu devstack@g-api.service[152000]: DEBUG glance.image_cache.drivers.sqlite [None req-979d93e7-0ad4-4a5f-abdf-4ae17fde3bb7 tempest-VolumesAdminNegativeTest-544013922 tempest-VolumesAdminNegativeTest-544013922-project] Fetch finished, moving '/opt/stack/data/glance/cache/incomplete/713b1a11-7047-43bb-bb94-f68b66b32511' to '/opt/stack/data/glance/cache/713b1a11-7047-43bb-bb94-f68b66b32511' {{(pid=152000) commit /opt/stack/glance/glance/image_cache/drivers/sqlite.py:324}}
Aug 02 14:08:01 ubuntu devstack@g-api.service[152000]: [pid: 152000|app: 0|req: 12/22] 127.0.0.1 () {42 vars in 1059 bytes} [Tue Aug  2 14:08:00 2022] GET /v2/images/713b1a11-7047-43bb-bb94-f68b66b32511/file => generated 16338944 bytes in 472 msecs (HTTP/1.1 200) 4 headers in 191 bytes (250 switches on core 0)
Aug 02 14:08:10 ubuntu devstack@g-api.service[152001]: DEBUG dbcounter [-] [152001] Writing DB stats glance:SELECT=8 {{(pid=152001) stat_writer /usr/local/lib/python3.8/dist-packages/dbcounter.py:114}}
Aug 02 14:08:11 ubuntu devstack@g-api.service[152000]: DEBUG dbcounter [-] [152000] Writing DB stats glance:SELECT=8 {{(pid=152000) stat_writer /usr/local/lib/python3.8/dist-packages/dbcounter.py:114}}
Aug 02 14:08:28 ubuntu devstack@g-api.service[152001]: DEBUG glance.api.middleware.version_negotiation [None req-979d93e7-0ad4-4a5f-abdf-4ae17fde3bb7 tempest-VolumesAdminNegativeTest-544013922 tempest-VolumesAdminNegativeTest-544013922-project] Determining version of request: GET / Accept: application/json {{(pid=152001) process_request /opt/stack/glance/glance/api/middleware/version_negotiation.py:44}}
Aug 02 14:08:28 ubuntu devstack@g-api.service[152001]: DEBUG glance.api.middleware.version_negotiation [None req-979d93e7-0ad4-4a5f-abdf-4ae17fde3bb7 tempest-VolumesAdminNegativeTest-544013922 tempest-VolumesAdminNegativeTest-544013922-project] Using url versioning {{(pid=152001) process_request /opt/stack/glance/glance/api/middleware/version_negotiation.py:57}}
Aug 02 14:08:28 ubuntu devstack@g-api.service[152001]: DEBUG glance.api.middleware.version_negotiation [None req-979d93e7-0ad4-4a5f-abdf-4ae17fde3bb7 tempest-VolumesAdminNegativeTest-544013922 tempest-VolumesAdminNegativeTest-544013922-project] Unknown version. Returning version choices. {{(pid=152001) process_request /opt/stack/glance/glance/api/middleware/version_negotiation.py:64}}
Aug 02 14:08:28 ubuntu devstack@g-api.service[152001]: [pid: 152001|app: 0|req: 11/23] 127.0.0.1 () {34 vars in 492 bytes} [Tue Aug  2 14:08:28 2022] GET / => generated 1323 bytes in 5 msecs (HTTP/1.1 300) 3 headers in 106 bytes (1 switches on core 0)
Aug 02 14:08:28 ubuntu devstack@g-api.service[152000]: DEBUG glance.api.middleware.version_negotiation [None req-979d93e7-0ad4-4a5f-abdf-4ae17fde3bb7 tempest-VolumesAdminNegativeTest-544013922 tempest-VolumesAdminNegativeTest-544013922-project] Determining version of request: GET /v2/images/713b1a11-7047-43bb-bb94-f68b66b32511 Accept: */* {{(pid=152000) process_request /opt/stack/glance/glance/api/middleware/version_negotiation.py:44}}
Aug 02 14:08:28 ubuntu devstack@g-api.service[152000]: DEBUG glance.api.middleware.version_negotiation [None req-979d93e7-0ad4-4a5f-abdf-4ae17fde3bb7 tempest-VolumesAdminNegativeTest-544013922 tempest-VolumesAdminNegativeTest-544013922-project] Using url versioning {{(pid=152000) process_request /opt/stack/glance/glance/api/middleware/version_negotiation.py:57}}
Aug 02 14:08:28 ubuntu devstack@g-api.service[152000]: DEBUG glance.api.middleware.version_negotiation [None req-979d93e7-0ad4-4a5f-abdf-4ae17fde3bb7 tempest-VolumesAdminNegativeTest-544013922 tempest-VolumesAdminNegativeTest-544013922-project] Matched version: v2 {{(pid=152000) process_request /opt/stack/glance/glance/api/middleware/version_negotiation.py:69}}
Aug 02 14:08:28 ubuntu devstack@g-api.service[152000]: DEBUG glance.api.middleware.version_negotiation [None req-979d93e7-0ad4-4a5f-abdf-4ae17fde3bb7 tempest-VolumesAdminNegativeTest-544013922 tempest-VolumesAdminNegativeTest-544013922-project] new path /v2/images/713b1a11-7047-43bb-bb94-f68b66b32511 {{(pid=152000) process_request /opt/stack/glance/glance/api/middleware/version_negotiation.py:70}}
Aug 02 14:08:28 ubuntu devstack@g-api.service[152000]: [pid: 152000|app: 0|req: 13/24] 127.0.0.1 () {42 vars in 1049 bytes} [Tue Aug  2 14:08:28 2022] GET /v2/images/713b1a11-7047-43bb-bb94-f68b66b32511 => generated 976 bytes in 25 msecs (HTTP/1.1 200) 4 headers in 157 bytes (1 switches on core 0)
Aug 02 14:08:28 ubuntu devstack@g-api.service[152001]: DEBUG glance.api.middleware.version_negotiation [None req-979d93e7-0ad4-4a5f-abdf-4ae17fde3bb7 tempest-VolumesAdminNegativeTest-544013922 tempest-VolumesAdminNegativeTest-544013922-project] Determining version of request: GET /v2/schemas/image Accept: */* {{(pid=152001) process_request /opt/stack/glance/glance/api/middleware/version_negotiation.py:44}}
Aug 02 14:08:28 ubuntu devstack@g-api.service[152001]: DEBUG glance.api.middleware.version_negotiation [None req-979d93e7-0ad4-4a5f-abdf-4ae17fde3bb7 tempest-VolumesAdminNegativeTest-544013922 tempest-VolumesAdminNegativeTest-544013922-project] Using url versioning {{(pid=152001) process_request /opt/stack/glance/glance/api/middleware/version_negotiation.py:57}}
Aug 02 14:08:28 ubuntu devstack@g-api.service[152001]: DEBUG glance.api.middleware.version_negotiation [None req-979d93e7-0ad4-4a5f-abdf-4ae17fde3bb7 tempest-VolumesAdminNegativeTest-544013922 tempest-VolumesAdminNegativeTest-544013922-project] Matched version: v2 {{(pid=152001) process_request /opt/stack/glance/glance/api/middleware/version_negotiation.py:69}}
Aug 02 14:08:28 ubuntu devstack@g-api.service[152001]: DEBUG glance.api.middleware.version_negotiation [None req-979d93e7-0ad4-4a5f-abdf-4ae17fde3bb7 tempest-VolumesAdminNegativeTest-544013922 tempest-VolumesAdminNegativeTest-544013922-project] new path /v2/schemas/image {{(pid=152001) process_request /opt/stack/glance/glance/api/middleware/version_negotiation.py:70}}
Aug 02 14:08:28 ubuntu devstack@g-api.service[152001]: [pid: 152001|app: 0|req: 12/25] 127.0.0.1 () {42 vars in 989 bytes} [Tue Aug  2 14:08:28 2022] GET /v2/schemas/image => generated 6083 bytes in 9 msecs (HTTP/1.1 200) 4 headers in 158 bytes (1 switches on core 0)
Aug 02 14:08:38 ubuntu devstack@g-api.service[152000]: DEBUG dbcounter [-] [152000] Writing DB stats glance:SELECT=4 {{(pid=152000) stat_writer /usr/local/lib/python3.8/dist-packages/dbcounter.py:114}}
Aug 02 14:08:56 ubuntu devstack@g-api.service[152000]: DEBUG glance.api.middleware.version_negotiation [None req-fa6ec713-8a63-4a00-ae8a-5cc6a535b637 tempest-DeleteServersTestJSON-878175598 tempest-DeleteServersTestJSON-878175598-project] Determining version of request: GET /v2/images/713b1a11-7047-43bb-bb94-f68b66b32511 Accept: */* {{(pid=152000) process_request /opt/stack/glance/glance/api/middleware/version_negotiation.py:44}}
Aug 02 14:08:56 ubuntu devstack@g-api.service[152000]: DEBUG glance.api.middleware.version_negotiation [None req-fa6ec713-8a63-4a00-ae8a-5cc6a535b637 tempest-DeleteServersTestJSON-878175598 tempest-DeleteServersTestJSON-878175598-project] Using url versioning {{(pid=152000) process_request /opt/stack/glance/glance/api/middleware/version_negotiation.py:57}}
Aug 02 14:08:56 ubuntu devstack@g-api.service[152000]: DEBUG glance.api.middleware.version_negotiation [None req-fa6ec713-8a63-4a00-ae8a-5cc6a535b637 tempest-DeleteServersTestJSON-878175598 tempest-DeleteServersTestJSON-878175598-project] Matched version: v2 {{(pid=152000) process_request /opt/stack/glance/glance/api/middleware/version_negotiation.py:69}}
Aug 02 14:08:56 ubuntu devstack@g-api.service[152000]: DEBUG glance.api.middleware.version_negotiation [None req-fa6ec713-8a63-4a00-ae8a-5cc6a535b637 tempest-DeleteServersTestJSON-878175598 tempest-DeleteServersTestJSON-878175598-project] new path /v2/images/713b1a11-7047-43bb-bb94-f68b66b32511 {{(pid=152000) process_request /opt/stack/glance/glance/api/middleware/version_negotiation.py:70}}
Aug 02 14:08:56 ubuntu devstack@g-api.service[152000]: [pid: 152000|app: 0|req: 14/26] 127.0.0.1 () {42 vars in 1049 bytes} [Tue Aug  2 14:08:56 2022] GET /v2/images/713b1a11-7047-43bb-bb94-f68b66b32511 => generated 976 bytes in 13 msecs (HTTP/1.1 200) 4 headers in 157 bytes (1 switches on core 0)
