May 03 22:54:08 ubuntu neutron-server[109683]: DEBUG neutron.api.extensions [None req-247b40c9-8f27-41dc-9770-604f940af246 None None] Ext name="Uplink status propagation extension" alias="uplink-status-propagation" description="Provides ability to propagate port uplink status." updated="2018-05-31T18:00:00-00:00" {{(pid=109683) _check_extension /opt/stack/neutron/neutron/api/extensions.py:416}}
May 03 22:54:08 ubuntu neutron-server[109683]: INFO neutron.api.extensions [None req-247b40c9-8f27-41dc-9770-604f940af246 None None] Extension uplink-status-propagation not supported by any of loaded plugins
May 03 22:54:08 ubuntu neutron-server[109683]: DEBUG neutron.api.extensions [None req-247b40c9-8f27-41dc-9770-604f940af246 None None] Loading extension file: vlantransparent.py {{(pid=109683) _load_all_extensions_from_path /opt/stack/neutron/neutron/api/extensions.py:450}}
May 03 22:54:08 ubuntu neutron-server[109683]: DEBUG neutron.api.extensions [None req-247b40c9-8f27-41dc-9770-604f940af246 None None] Ext name="Vlantransparent" alias="vlan-transparent" description="Provides Vlan Transparent Networks" updated="2015-03-23T09:00:00-00:00" {{(pid=109683) _check_extension /opt/stack/neutron/neutron/api/extensions.py:416}}
May 03 22:54:08 ubuntu neutron-server[109683]: INFO neutron.api.extensions [None req-247b40c9-8f27-41dc-9770-604f940af246 None None] Extension vlan-transparent not supported by any of loaded plugins
May 03 22:54:08 ubuntu neutron-server[109683]: INFO neutron.quota.resource_registry [None req-247b40c9-8f27-41dc-9770-604f940af246 None None] Creating instance of TrackedResource for resource:network
May 03 22:54:08 ubuntu neutron-server[109683]: INFO neutron.quota.resource_registry [None req-247b40c9-8f27-41dc-9770-604f940af246 None None] Creating instance of TrackedResource for resource:subnet
May 03 22:54:08 ubuntu neutron-server[109683]: INFO neutron.quota.resource_registry [None req-247b40c9-8f27-41dc-9770-604f940af246 None None] Creating instance of TrackedResource for resource:subnetpool
May 03 22:54:08 ubuntu neutron-server[109683]: INFO neutron.quota.resource_registry [None req-247b40c9-8f27-41dc-9770-604f940af246 None None] Creating instance of TrackedResource for resource:port
May 03 22:54:08 ubuntu neutron-server[109683]: DEBUG neutron.api.v2.resource_helper [None req-247b40c9-8f27-41dc-9770-604f940af246 None None] Service FLAVORS assigned prefix:  {{(pid=109683) build_resource_info /opt/stack/neutron/neutron/api/v2/resource_helper.py:77}}
May 03 22:54:08 ubuntu neutron-server[109683]: DEBUG neutron.api.v2.resource_helper [None req-247b40c9-8f27-41dc-9770-604f940af246 None None] Service L3_ROUTER_NAT assigned prefix:  {{(pid=109683) build_resource_info /opt/stack/neutron/neutron/api/v2/resource_helper.py:77}}
May 03 22:54:08 ubuntu neutron-server[109683]: DEBUG neutron.api.v2.resource_helper [None req-247b40c9-8f27-41dc-9770-604f940af246 None None] Service L3_ROUTER_NAT assigned prefix:  {{(pid=109683) build_resource_info /opt/stack/neutron/neutron/api/v2/resource_helper.py:77}}
May 03 22:54:08 ubuntu neutron-server[109683]: INFO neutron.quota.resource_registry [None req-247b40c9-8f27-41dc-9770-604f940af246 None None] Creating instance of TrackedResource for resource:router
May 03 22:54:08 ubuntu neutron-server[109683]: INFO neutron.quota.resource_registry [None req-247b40c9-8f27-41dc-9770-604f940af246 None None] Creating instance of TrackedResource for resource:floatingip
May 03 22:54:08 ubuntu neutron-server[109683]: DEBUG neutron_lib.callbacks.manager [None req-247b40c9-8f27-41dc-9770-604f940af246 None None] Subscribe: <bound method NeutronDbPluginV2.validate_network_rbac_policy_change of <neutron.services.network_ip_availability.plugin.NetworkIPAvailabilityPlugin object at 0x7f7ca30d8880>> rbac-policy before_create 55550000 {{(pid=109683) subscribe /usr/local/lib/python3.8/dist-packages/neutron_lib/callbacks/manager.py:45}}
May 03 22:54:08 ubuntu neutron-server[109683]: DEBUG neutron_lib.callbacks.manager [None req-247b40c9-8f27-41dc-9770-604f940af246 None None] Subscribe: <bound method NeutronDbPluginV2.validate_network_rbac_policy_change of <neutron.services.network_ip_availability.plugin.NetworkIPAvailabilityPlugin object at 0x7f7ca30d8880>> rbac-policy before_update 55550000 {{(pid=109683) subscribe /usr/local/lib/python3.8/dist-packages/neutron_lib/callbacks/manager.py:45}}
May 03 22:54:08 ubuntu neutron-server[109683]: DEBUG neutron_lib.callbacks.manager [None req-247b40c9-8f27-41dc-9770-604f940af246 None None] Subscribe: <bound method NeutronDbPluginV2.validate_network_rbac_policy_change of <neutron.services.network_ip_availability.plugin.NetworkIPAvailabilityPlugin object at 0x7f7ca30d8880>> rbac-policy before_delete 55550000 {{(pid=109683) subscribe /usr/local/lib/python3.8/dist-packages/neutron_lib/callbacks/manager.py:45}}
May 03 22:54:08 ubuntu neutron-server[109683]: INFO neutron.quota.resource_registry [None req-247b40c9-8f27-41dc-9770-604f940af246 None None] Creating instance of CountableResource for resource:rbac_policy
May 03 22:54:08 ubuntu neutron-server[109683]: INFO neutron.quota.resource_registry [None req-247b40c9-8f27-41dc-9770-604f940af246 None None] Creating instance of TrackedResource for resource:security_group
May 03 22:54:08 ubuntu neutron-server[109683]: INFO neutron.quota.resource_registry [None req-247b40c9-8f27-41dc-9770-604f940af246 None None] Creating instance of TrackedResource for resource:security_group_rule
May 03 22:54:08 ubuntu neutron-server[109683]: DEBUG neutron.api.v2.resource_helper [None req-247b40c9-8f27-41dc-9770-604f940af246 None None] Service FLAVORS assigned prefix:  {{(pid=109683) build_resource_info /opt/stack/neutron/neutron/api/v2/resource_helper.py:77}}
May 03 22:54:08 ubuntu neutron-server[109683]: DEBUG neutron.api.v2.resource_helper [None req-247b40c9-8f27-41dc-9770-604f940af246 None None] Service L3_ROUTER_NAT assigned prefix:  {{(pid=109683) build_resource_info /opt/stack/neutron/neutron/api/v2/resource_helper.py:77}}
May 03 22:54:08 ubuntu neutron-server[109683]: DEBUG neutron.api.v2.resource_helper [None req-247b40c9-8f27-41dc-9770-604f940af246 None None] Service L3_ROUTER_NAT assigned prefix:  {{(pid=109683) build_resource_info /opt/stack/neutron/neutron/api/v2/resource_helper.py:77}}
May 03 22:54:08 ubuntu neutron-server[109683]: INFO neutron.quota.resource_registry [None req-247b40c9-8f27-41dc-9770-604f940af246 None None] Creating instance of TrackedResource for resource:router
May 03 22:54:08 ubuntu neutron-server[109683]: WARNING neutron.quota.resource_registry [None req-247b40c9-8f27-41dc-9770-604f940af246 None None] router is already registered
May 03 22:54:08 ubuntu neutron-server[109683]: INFO neutron.quota.resource_registry [None req-247b40c9-8f27-41dc-9770-604f940af246 None None] Creating instance of TrackedResource for resource:floatingip
May 03 22:54:08 ubuntu neutron-server[109683]: WARNING neutron.quota.resource_registry [None req-247b40c9-8f27-41dc-9770-604f940af246 None None] floatingip is already registered
May 03 22:54:08 ubuntu neutron-server[109683]: INFO neutron.quota.resource_registry [None req-247b40c9-8f27-41dc-9770-604f940af246 None None] Creating instance of CountableResource for resource:rbac_policy
May 03 22:54:08 ubuntu neutron-server[109683]: WARNING neutron.quota.resource_registry [None req-247b40c9-8f27-41dc-9770-604f940af246 None None] rbac_policy is already registered
May 03 22:54:08 ubuntu neutron-server[109683]: INFO neutron.quota.resource_registry [None req-247b40c9-8f27-41dc-9770-604f940af246 None None] Creating instance of TrackedResource for resource:security_group
May 03 22:54:08 ubuntu neutron-server[109683]: WARNING neutron.quota.resource_registry [None req-247b40c9-8f27-41dc-9770-604f940af246 None None] security_group is already registered
May 03 22:54:08 ubuntu neutron-server[109683]: INFO neutron.quota.resource_registry [None req-247b40c9-8f27-41dc-9770-604f940af246 None None] Creating instance of TrackedResource for resource:security_group_rule
May 03 22:54:08 ubuntu neutron-server[109683]: WARNING neutron.quota.resource_registry [None req-247b40c9-8f27-41dc-9770-604f940af246 None None] security_group_rule is already registered
May 03 22:54:08 ubuntu neutron-server[109683]: DEBUG neutron.api.extensions [None req-247b40c9-8f27-41dc-9770-604f940af246 None None] Extended resource: extensions {{(pid=109683) __init__ /opt/stack/neutron/neutron/api/extensions.py:157}}
May 03 22:54:08 ubuntu neutron-server[109683]: DEBUG neutron.api.extensions [None req-247b40c9-8f27-41dc-9770-604f940af246 None None] Extended resource: address-groups {{(pid=109683) __init__ /opt/stack/neutron/neutron/api/extensions.py:157}}
May 03 22:54:08 ubuntu neutron-server[109683]: DEBUG neutron.api.extensions [None req-247b40c9-8f27-41dc-9770-604f940af246 None None] Extended resource: address-scopes {{(pid=109683) __init__ /opt/stack/neutron/neutron/api/extensions.py:157}}
May 03 22:54:08 ubuntu neutron-server[109683]: DEBUG neutron.api.extensions [None req-247b40c9-8f27-41dc-9770-604f940af246 None None] Extended resource: agents {{(pid=109683) __init__ /opt/stack/neutron/neutron/api/extensions.py:157}}
May 03 22:54:08 ubuntu neutron-server[109683]: DEBUG neutron.api.extensions [None req-247b40c9-8f27-41dc-9770-604f940af246 None None] Extended resource: auto-allocated-topology {{(pid=109683) __init__ /opt/stack/neutron/neutron/api/extensions.py:157}}
May 03 22:54:08 ubuntu neutron-server[109683]: DEBUG neutron.api.extensions [None req-247b40c9-8f27-41dc-9770-604f940af246 None None] Extended resource: availability_zones {{(pid=109683) __init__ /opt/stack/neutron/neutron/api/extensions.py:157}}
May 03 22:54:08 ubuntu neutron-server[109683]: DEBUG neutron.api.extensions [None req-247b40c9-8f27-41dc-9770-604f940af246 None None] Extended resource: flavors {{(pid=109683) __init__ /opt/stack/neutron/neutron/api/extensions.py:157}}
May 03 22:54:08 ubuntu neutron-server[109683]: DEBUG neutron.api.extensions [None req-247b40c9-8f27-41dc-9770-604f940af246 None None] Extended resource: service_profiles {{(pid=109683) __init__ /opt/stack/neutron/neutron/api/extensions.py:157}}
May 03 22:54:08 ubuntu neutron-server[109683]: DEBUG neutron.api.extensions [None req-247b40c9-8f27-41dc-9770-604f940af246 None None] Extended resource: next_providers {{(pid=109683) __init__ /opt/stack/neutron/neutron/api/extensions.py:157}}
May 03 22:54:08 ubuntu neutron-server[109683]: DEBUG neutron.api.extensions [None req-247b40c9-8f27-41dc-9770-604f940af246 None None] Extended resource: service_profiles {{(pid=109683) __init__ /opt/stack/neutron/neutron/api/extensions.py:157}}
May 03 22:54:08 ubuntu neutron-server[109683]: DEBUG neutron.api.extensions [None req-247b40c9-8f27-41dc-9770-604f940af246 None None] Extended resource: floatingip-pools {{(pid=109683) __init__ /opt/stack/neutron/neutron/api/extensions.py:157}}
May 03 22:54:08 ubuntu neutron-server[109683]: DEBUG neutron.api.extensions [None req-247b40c9-8f27-41dc-9770-604f940af246 None None] Extended resource: routers {{(pid=109683) __init__ /opt/stack/neutron/neutron/api/extensions.py:157}}
May 03 22:54:08 ubuntu neutron-server[109683]: DEBUG neutron.api.extensions [None req-247b40c9-8f27-41dc-9770-604f940af246 None None] Extended resource: floatingips {{(pid=109683) __init__ /opt/stack/neutron/neutron/api/extensions.py:157}}
May 03 22:54:08 ubuntu neutron-server[109683]: DEBUG neutron.api.extensions [None req-247b40c9-8f27-41dc-9770-604f940af246 None None] Extended resource: network-ip-availabilities {{(pid=109683) __init__ /opt/stack/neutron/neutron/api/extensions.py:157}}
May 03 22:54:08 ubuntu neutron-server[109683]: DEBUG neutron.api.extensions [None req-247b40c9-8f27-41dc-9770-604f940af246 None None] Extended resource: bindings {{(pid=109683) __init__ /opt/stack/neutron/neutron/api/extensions.py:157}}
May 03 22:54:08 ubuntu neutron-server[109683]: DEBUG neutron.api.extensions [None req-247b40c9-8f27-41dc-9770-604f940af246 None None] Extended resource: quotas {{(pid=109683) __init__ /opt/stack/neutron/neutron/api/extensions.py:157}}
May 03 22:54:08 ubuntu neutron-server[109683]: DEBUG neutron.api.extensions [None req-247b40c9-8f27-41dc-9770-604f940af246 None None] Extended resource: quotas {{(pid=109683) __init__ /opt/stack/neutron/neutron/api/extensions.py:157}}
May 03 22:54:08 ubuntu neutron-server[109683]: DEBUG neutron.api.extensions [None req-247b40c9-8f27-41dc-9770-604f940af246 None None] Extended resource: rbac-policies {{(pid=109683) __init__ /opt/stack/neutron/neutron/api/extensions.py:157}}
May 03 22:54:08 ubuntu neutron-server[109683]: DEBUG neutron.api.extensions [None req-247b40c9-8f27-41dc-9770-604f940af246 None None] Extended resource: security-groups {{(pid=109683) __init__ /opt/stack/neutron/neutron/api/extensions.py:157}}
May 03 22:54:08 ubuntu neutron-server[109683]: DEBUG neutron.api.extensions [None req-247b40c9-8f27-41dc-9770-604f940af246 None None] Extended resource: security-group-rules {{(pid=109683) __init__ /opt/stack/neutron/neutron/api/extensions.py:157}}
May 03 22:54:08 ubuntu neutron-server[109683]: DEBUG neutron.api.extensions [None req-247b40c9-8f27-41dc-9770-604f940af246 None None] Extended resource: service-providers {{(pid=109683) __init__ /opt/stack/neutron/neutron/api/extensions.py:157}}
May 03 22:54:08 ubuntu neutron-server[109683]: DEBUG neutron.api.extensions [None req-247b40c9-8f27-41dc-9770-604f940af246 None None] Extended resource: tags {{(pid=109683) __init__ /opt/stack/neutron/neutron/api/extensions.py:157}}
May 03 22:54:08 ubuntu neutron-server[109683]: DEBUG neutron.api.extensions [None req-247b40c9-8f27-41dc-9770-604f940af246 None None] Extended resource: tags {{(pid=109683) __init__ /opt/stack/neutron/neutron/api/extensions.py:157}}
May 03 22:54:08 ubuntu neutron-server[109683]: DEBUG neutron.api.extensions [None req-247b40c9-8f27-41dc-9770-604f940af246 None None] Extended resource: tags {{(pid=109683) __init__ /opt/stack/neutron/neutron/api/extensions.py:157}}
May 03 22:54:08 ubuntu neutron-server[109683]: DEBUG neutron.api.extensions [None req-247b40c9-8f27-41dc-9770-604f940af246 None None] Extended resource: tags {{(pid=109683) __init__ /opt/stack/neutron/neutron/api/extensions.py:157}}
May 03 22:54:08 ubuntu neutron-server[109683]: DEBUG neutron.api.extensions [None req-247b40c9-8f27-41dc-9770-604f940af246 None None] Extended resource: tags {{(pid=109683) __init__ /opt/stack/neutron/neutron/api/extensions.py:157}}
May 03 22:54:08 ubuntu neutron-server[109683]: DEBUG neutron.api.extensions [None req-247b40c9-8f27-41dc-9770-604f940af246 None None] Extended resource: tags {{(pid=109683) __init__ /opt/stack/neutron/neutron/api/extensions.py:157}}
May 03 22:54:08 ubuntu neutron-server[109683]: DEBUG neutron.api.extensions [None req-247b40c9-8f27-41dc-9770-604f940af246 None None] Extended resource: tags {{(pid=109683) __init__ /opt/stack/neutron/neutron/api/extensions.py:157}}
May 03 22:54:08 ubuntu neutron-server[109683]: DEBUG neutron.api.extensions [None req-247b40c9-8f27-41dc-9770-604f940af246 None None] Extended resource: tags {{(pid=109683) __init__ /opt/stack/neutron/neutron/api/extensions.py:157}}
May 03 22:54:08 ubuntu neutron-server[109683]: DEBUG neutron.api.extensions [None req-247b40c9-8f27-41dc-9770-604f940af246 None None] Extended resource: tags {{(pid=109683) __init__ /opt/stack/neutron/neutron/api/extensions.py:157}}
May 03 22:54:08 ubuntu neutron-server[109683]: DEBUG neutron.api.extensions [None req-247b40c9-8f27-41dc-9770-604f940af246 None None] Extended resource: tags {{(pid=109683) __init__ /opt/stack/neutron/neutron/api/extensions.py:157}}
May 03 22:54:08 ubuntu neutron-server[109683]: WARNING keystonemiddleware.auth_token [None req-247b40c9-8f27-41dc-9770-604f940af246 None None] AuthToken middleware is set with keystone_authtoken.service_token_roles_required set to False. This is backwards compatible but deprecated behaviour. Please set this to True.
May 03 22:54:08 ubuntu neutron-server[109683]: WARNING keystonemiddleware.auth_token [None req-247b40c9-8f27-41dc-9770-604f940af246 None None] Configuring www_authenticate_uri to point to the public identity endpoint is required; clients may not be able to authenticate against an admin endpoint
May 03 22:54:08 ubuntu neutron-server[109683]: DEBUG oslo_concurrency.lockutils [None req-247b40c9-8f27-41dc-9770-604f940af246 None None] Acquired lock "singleton_lock" {{(pid=109683) lock /usr/local/lib/python3.8/dist-packages/oslo_concurrency/lockutils.py:294}}
May 03 22:54:08 ubuntu neutron-server[109683]: DEBUG oslo_concurrency.lockutils [None req-247b40c9-8f27-41dc-9770-604f940af246 None None] Releasing lock "singleton_lock" {{(pid=109683) lock /usr/local/lib/python3.8/dist-packages/oslo_concurrency/lockutils.py:312}}
May 03 22:54:08 ubuntu neutron-server[109683]: INFO oslo_service.service [None req-247b40c9-8f27-41dc-9770-604f940af246 None None] Starting 2 workers
May 03 22:54:08 ubuntu neutron-server[109683]: DEBUG oslo_service.service [None req-247b40c9-8f27-41dc-9770-604f940af246 None None] Started child 109908 {{(pid=109683) _start_child /usr/local/lib/python3.8/dist-packages/oslo_service/service.py:575}}
May 03 22:54:08 ubuntu neutron-server[109683]: DEBUG oslo_service.service [None req-247b40c9-8f27-41dc-9770-604f940af246 None None] Started child 109909 {{(pid=109683) _start_child /usr/local/lib/python3.8/dist-packages/oslo_service/service.py:575}}
May 03 22:54:08 ubuntu neutron-server[109683]: INFO neutron.service [None req-247b40c9-8f27-41dc-9770-604f940af246 None None] Neutron service started, listening on 0.0.0.0:9696
May 03 22:54:08 ubuntu neutron-server[109683]: DEBUG neutron_lib.callbacks.manager [None req-247b40c9-8f27-41dc-9770-604f940af246 None None] Publish callbacks ['neutron.plugins.ml2.drivers.ovn.mech_driver.mech_driver.OVNMechanismDriver.pre_fork_initialize-622597'] for process (None), before_spawn {{(pid=109683) _notify_loop /usr/local/lib/python3.8/dist-packages/neutron_lib/callbacks/manager.py:176}}
May 03 22:54:08 ubuntu neutron-server[109908]: DEBUG neutron_lib.callbacks.manager [-] Publish callbacks ['neutron.plugins.ml2.drivers.ovn.mech_driver.mech_driver.OVNMechanismDriver.post_fork_initialize-630493'] for process (None), after_init {{(pid=109908) _notify_loop /usr/local/lib/python3.8/dist-packages/neutron_lib/callbacks/manager.py:176}}
May 03 22:54:08 ubuntu neutron-server[109909]: DEBUG neutron_lib.callbacks.manager [-] Publish callbacks ['neutron.plugins.ml2.drivers.ovn.mech_driver.mech_driver.OVNMechanismDriver.post_fork_initialize-630493'] for process (None), after_init {{(pid=109909) _notify_loop /usr/local/lib/python3.8/dist-packages/neutron_lib/callbacks/manager.py:176}}
May 03 22:54:08 ubuntu neutron-server[109683]: DEBUG ovsdbapp.backend.ovs_idl [None req-247b40c9-8f27-41dc-9770-604f940af246 None None] Created schema index Port_Group.name {{(pid=109683) autocreate_indices /usr/local/lib/python3.8/dist-packages/ovsdbapp/backend/ovs_idl/__init__.py:104}}
May 03 22:54:08 ubuntu neutron-server[109683]: DEBUG ovsdbapp.backend.ovs_idl [None req-247b40c9-8f27-41dc-9770-604f940af246 None None] Created schema index Logical_Switch_Port.name {{(pid=109683) autocreate_indices /usr/local/lib/python3.8/dist-packages/ovsdbapp/backend/ovs_idl/__init__.py:104}}
May 03 22:54:08 ubuntu neutron-server[109908]: INFO neutron.plugins.ml2.drivers.ovn.mech_driver.ovsdb.impl_idl_ovn [None req-93080502-c14b-4bfc-ba31-d9f8042c58d9 None None] Getting OvsdbNbOvnIdl for WorkerService with retry
May 03 22:54:08 ubuntu neutron-server[109909]: INFO neutron.plugins.ml2.drivers.ovn.mech_driver.ovsdb.impl_idl_ovn [None req-52f7509a-b04f-48b5-bdc0-4e053f6b954f None None] Getting OvsdbNbOvnIdl for WorkerService with retry
May 03 22:54:08 ubuntu neutron-server[109908]: DEBUG ovsdbapp.backend.ovs_idl [None req-93080502-c14b-4bfc-ba31-d9f8042c58d9 None None] Created lookup_table index Logical_Switch.name {{(pid=109908) autocreate_indices /usr/local/lib/python3.8/dist-packages/ovsdbapp/backend/ovs_idl/__init__.py:85}}
May 03 22:54:08 ubuntu neutron-server[109908]: DEBUG ovsdbapp.backend.ovs_idl [None req-93080502-c14b-4bfc-ba31-d9f8042c58d9 None None] Created lookup_table index Logical_Router.name {{(pid=109908) autocreate_indices /usr/local/lib/python3.8/dist-packages/ovsdbapp/backend/ovs_idl/__init__.py:85}}
May 03 22:54:08 ubuntu neutron-server[109908]: DEBUG ovsdbapp.backend.ovs_idl [None req-93080502-c14b-4bfc-ba31-d9f8042c58d9 None None] Created lookup_table index Load_Balancer.name {{(pid=109908) autocreate_indices /usr/local/lib/python3.8/dist-packages/ovsdbapp/backend/ovs_idl/__init__.py:85}}
May 03 22:54:08 ubuntu neutron-server[109908]: DEBUG ovsdbapp.backend.ovs_idl [None req-93080502-c14b-4bfc-ba31-d9f8042c58d9 None None] Created schema index Meter.name {{(pid=109908) autocreate_indices /usr/local/lib/python3.8/dist-packages/ovsdbapp/backend/ovs_idl/__init__.py:104}}
May 03 22:54:08 ubuntu neutron-server[109908]: DEBUG ovsdbapp.backend.ovs_idl [None req-93080502-c14b-4bfc-ba31-d9f8042c58d9 None None] Created schema index Address_Set.name {{(pid=109908) autocreate_indices /usr/local/lib/python3.8/dist-packages/ovsdbapp/backend/ovs_idl/__init__.py:104}}
May 03 22:54:08 ubuntu neutron-server[109908]: DEBUG ovsdbapp.backend.ovs_idl [None req-93080502-c14b-4bfc-ba31-d9f8042c58d9 None None] Created schema index HA_Chassis_Group.name {{(pid=109908) autocreate_indices /usr/local/lib/python3.8/dist-packages/ovsdbapp/backend/ovs_idl/__init__.py:104}}
May 03 22:54:08 ubuntu neutron-server[109908]: DEBUG ovsdbapp.backend.ovs_idl [None req-93080502-c14b-4bfc-ba31-d9f8042c58d9 None None] Created schema index Connection.target {{(pid=109908) autocreate_indices /usr/local/lib/python3.8/dist-packages/ovsdbapp/backend/ovs_idl/__init__.py:104}}
May 03 22:54:08 ubuntu neutron-server[109908]: DEBUG ovsdbapp.backend.ovs_idl [None req-93080502-c14b-4bfc-ba31-d9f8042c58d9 None None] Created schema index Gateway_Chassis.name {{(pid=109908) autocreate_indices /usr/local/lib/python3.8/dist-packages/ovsdbapp/backend/ovs_idl/__init__.py:104}}
May 03 22:54:08 ubuntu neutron-server[109908]: DEBUG ovsdbapp.backend.ovs_idl [None req-93080502-c14b-4bfc-ba31-d9f8042c58d9 None None] Created schema index Logical_Router_Port.name {{(pid=109908) autocreate_indices /usr/local/lib/python3.8/dist-packages/ovsdbapp/backend/ovs_idl/__init__.py:104}}
May 03 22:54:08 ubuntu neutron-server[109908]: DEBUG ovsdbapp.backend.ovs_idl [None req-93080502-c14b-4bfc-ba31-d9f8042c58d9 None None] Created schema index Port_Group.name {{(pid=109908) autocreate_indices /usr/local/lib/python3.8/dist-packages/ovsdbapp/backend/ovs_idl/__init__.py:104}}
May 03 22:54:08 ubuntu neutron-server[109908]: DEBUG ovsdbapp.backend.ovs_idl [None req-93080502-c14b-4bfc-ba31-d9f8042c58d9 None None] Created schema index Logical_Switch_Port.name {{(pid=109908) autocreate_indices /usr/local/lib/python3.8/dist-packages/ovsdbapp/backend/ovs_idl/__init__.py:104}}
May 03 22:54:08 ubuntu neutron-server[109909]: DEBUG ovsdbapp.backend.ovs_idl [None req-52f7509a-b04f-48b5-bdc0-4e053f6b954f None None] Created lookup_table index Logical_Switch.name {{(pid=109909) autocreate_indices /usr/local/lib/python3.8/dist-packages/ovsdbapp/backend/ovs_idl/__init__.py:85}}
May 03 22:54:08 ubuntu neutron-server[109908]: INFO ovsdbapp.backend.ovs_idl.vlog [None req-93080502-c14b-4bfc-ba31-d9f8042c58d9 None None] tcp:192.168.79.49:6641: connecting...
May 03 22:54:08 ubuntu neutron-server[109909]: DEBUG ovsdbapp.backend.ovs_idl [None req-52f7509a-b04f-48b5-bdc0-4e053f6b954f None None] Created lookup_table index Logical_Router.name {{(pid=109909) autocreate_indices /usr/local/lib/python3.8/dist-packages/ovsdbapp/backend/ovs_idl/__init__.py:85}}
May 03 22:54:08 ubuntu neutron-server[109908]: INFO ovsdbapp.backend.ovs_idl.vlog [None req-93080502-c14b-4bfc-ba31-d9f8042c58d9 None None] tcp:192.168.79.49:6641: connected
May 03 22:54:08 ubuntu neutron-server[109909]: DEBUG ovsdbapp.backend.ovs_idl [None req-52f7509a-b04f-48b5-bdc0-4e053f6b954f None None] Created lookup_table index Load_Balancer.name {{(pid=109909) autocreate_indices /usr/local/lib/python3.8/dist-packages/ovsdbapp/backend/ovs_idl/__init__.py:85}}
May 03 22:54:08 ubuntu neutron-server[109909]: DEBUG ovsdbapp.backend.ovs_idl [None req-52f7509a-b04f-48b5-bdc0-4e053f6b954f None None] Created schema index Meter.name {{(pid=109909) autocreate_indices /usr/local/lib/python3.8/dist-packages/ovsdbapp/backend/ovs_idl/__init__.py:104}}
May 03 22:54:08 ubuntu neutron-server[109909]: DEBUG ovsdbapp.backend.ovs_idl [None req-52f7509a-b04f-48b5-bdc0-4e053f6b954f None None] Created schema index Address_Set.name {{(pid=109909) autocreate_indices /usr/local/lib/python3.8/dist-packages/ovsdbapp/backend/ovs_idl/__init__.py:104}}
May 03 22:54:08 ubuntu neutron-server[109909]: DEBUG ovsdbapp.backend.ovs_idl [None req-52f7509a-b04f-48b5-bdc0-4e053f6b954f None None] Created schema index HA_Chassis_Group.name {{(pid=109909) autocreate_indices /usr/local/lib/python3.8/dist-packages/ovsdbapp/backend/ovs_idl/__init__.py:104}}
May 03 22:54:08 ubuntu neutron-server[109909]: DEBUG ovsdbapp.backend.ovs_idl [None req-52f7509a-b04f-48b5-bdc0-4e053f6b954f None None] Created schema index Connection.target {{(pid=109909) autocreate_indices /usr/local/lib/python3.8/dist-packages/ovsdbapp/backend/ovs_idl/__init__.py:104}}
May 03 22:54:08 ubuntu neutron-server[109909]: DEBUG ovsdbapp.backend.ovs_idl [None req-52f7509a-b04f-48b5-bdc0-4e053f6b954f None None] Created schema index Gateway_Chassis.name {{(pid=109909) autocreate_indices /usr/local/lib/python3.8/dist-packages/ovsdbapp/backend/ovs_idl/__init__.py:104}}
May 03 22:54:08 ubuntu neutron-server[109909]: DEBUG ovsdbapp.backend.ovs_idl [None req-52f7509a-b04f-48b5-bdc0-4e053f6b954f None None] Created schema index Logical_Router_Port.name {{(pid=109909) autocreate_indices /usr/local/lib/python3.8/dist-packages/ovsdbapp/backend/ovs_idl/__init__.py:104}}
May 03 22:54:08 ubuntu neutron-server[109909]: DEBUG ovsdbapp.backend.ovs_idl [None req-52f7509a-b04f-48b5-bdc0-4e053f6b954f None None] Created schema index Port_Group.name {{(pid=109909) autocreate_indices /usr/local/lib/python3.8/dist-packages/ovsdbapp/backend/ovs_idl/__init__.py:104}}
May 03 22:54:08 ubuntu neutron-server[109909]: DEBUG ovsdbapp.backend.ovs_idl [None req-52f7509a-b04f-48b5-bdc0-4e053f6b954f None None] Created schema index Logical_Switch_Port.name {{(pid=109909) autocreate_indices /usr/local/lib/python3.8/dist-packages/ovsdbapp/backend/ovs_idl/__init__.py:104}}
May 03 22:54:08 ubuntu neutron-server[109909]: INFO ovsdbapp.backend.ovs_idl.vlog [None req-52f7509a-b04f-48b5-bdc0-4e053f6b954f None None] tcp:192.168.79.49:6641: connecting...
May 03 22:54:08 ubuntu neutron-server[109909]: INFO ovsdbapp.backend.ovs_idl.vlog [None req-52f7509a-b04f-48b5-bdc0-4e053f6b954f None None] tcp:192.168.79.49:6641: connected
May 03 22:54:08 ubuntu neutron-server[109683]: DEBUG ovsdbapp.backend.ovs_idl.transaction [-] Running txn n=1 command(idx=0): PgAddCommand(name=neutron_pg_drop, may_exist=True, columns={'acls': []}) {{(pid=109683) do_commit /usr/local/lib/python3.8/dist-packages/ovsdbapp/backend/ovs_idl/transaction.py:90}}
May 03 22:54:08 ubuntu neutron-server[109683]: DEBUG ovsdbapp.backend.ovs_idl.transaction [-] Running txn n=1 command(idx=1): PgAclAddCommand(entity=neutron_pg_drop, direction=from-lport, priority=1001, match=inport == @neutron_pg_drop && ip, action=drop, log=False, may_exist=True, severity=[], name=[], meter=None, external_ids={}) {{(pid=109683) do_commit /usr/local/lib/python3.8/dist-packages/ovsdbapp/backend/ovs_idl/transaction.py:90}}
May 03 22:54:08 ubuntu neutron-server[109683]: DEBUG ovsdbapp.backend.ovs_idl.transaction [-] Running txn n=1 command(idx=2): PgAclAddCommand(entity=neutron_pg_drop, direction=to-lport, priority=1001, match=outport == @neutron_pg_drop && ip, action=drop, log=False, may_exist=True, severity=[], name=[], meter=None, external_ids={}) {{(pid=109683) do_commit /usr/local/lib/python3.8/dist-packages/ovsdbapp/backend/ovs_idl/transaction.py:90}}
May 03 22:54:08 ubuntu neutron-server[109683]: DEBUG ovsdbapp.backend.ovs_idl.event [-] Matched CREATE: NeutronPgDropPortGroupCreated(events=('create',), table='Port_Group', conditions=(('name', '=', 'neutron_pg_drop'),), old_conditions=None), priority=10 to row=Port_Group(name=neutron_pg_drop, ports=[], external_ids={}, acls=[<ovs.db.idl.Row object at 0x7f7ca310a310>, <ovs.db.idl.Row object at 0x7f7ca3124400>]) old= {{(pid=109683) matches /usr/local/lib/python3.8/dist-packages/ovsdbapp/backend/ovs_idl/event.py:43}}
May 03 22:54:08 ubuntu neutron-server[109683]: DEBUG ovsdbapp.backend.ovs_idl [None req-247b40c9-8f27-41dc-9770-604f940af246 None None] Created lookup_table index Logical_Switch.name {{(pid=109683) autocreate_indices /usr/local/lib/python3.8/dist-packages/ovsdbapp/backend/ovs_idl/__init__.py:85}}
May 03 22:54:08 ubuntu neutron-server[109683]: DEBUG ovsdbapp.backend.ovs_idl [None req-247b40c9-8f27-41dc-9770-604f940af246 None None] Created lookup_table index Logical_Router.name {{(pid=109683) autocreate_indices /usr/local/lib/python3.8/dist-packages/ovsdbapp/backend/ovs_idl/__init__.py:85}}
May 03 22:54:08 ubuntu neutron-server[109683]: DEBUG ovsdbapp.backend.ovs_idl [None req-247b40c9-8f27-41dc-9770-604f940af246 None None] Created lookup_table index Load_Balancer.name {{(pid=109683) autocreate_indices /usr/local/lib/python3.8/dist-packages/ovsdbapp/backend/ovs_idl/__init__.py:85}}
May 03 22:54:08 ubuntu neutron-server[109683]: DEBUG ovsdbapp.backend.ovs_idl [None req-247b40c9-8f27-41dc-9770-604f940af246 None None] Created schema index Meter.name {{(pid=109683) autocreate_indices /usr/local/lib/python3.8/dist-packages/ovsdbapp/backend/ovs_idl/__init__.py:104}}
May 03 22:54:08 ubuntu neutron-server[109683]: DEBUG ovsdbapp.backend.ovs_idl [None req-247b40c9-8f27-41dc-9770-604f940af246 None None] Created schema index Address_Set.name {{(pid=109683) autocreate_indices /usr/local/lib/python3.8/dist-packages/ovsdbapp/backend/ovs_idl/__init__.py:104}}
May 03 22:54:08 ubuntu neutron-server[109683]: DEBUG ovsdbapp.backend.ovs_idl [None req-247b40c9-8f27-41dc-9770-604f940af246 None None] Created schema index HA_Chassis_Group.name {{(pid=109683) autocreate_indices /usr/local/lib/python3.8/dist-packages/ovsdbapp/backend/ovs_idl/__init__.py:104}}
May 03 22:54:08 ubuntu neutron-server[109683]: DEBUG ovsdbapp.backend.ovs_idl [None req-247b40c9-8f27-41dc-9770-604f940af246 None None] Created schema index Connection.target {{(pid=109683) autocreate_indices /usr/local/lib/python3.8/dist-packages/ovsdbapp/backend/ovs_idl/__init__.py:104}}
May 03 22:54:08 ubuntu neutron-server[109683]: DEBUG ovsdbapp.backend.ovs_idl [None req-247b40c9-8f27-41dc-9770-604f940af246 None None] Created schema index Gateway_Chassis.name {{(pid=109683) autocreate_indices /usr/local/lib/python3.8/dist-packages/ovsdbapp/backend/ovs_idl/__init__.py:104}}
May 03 22:54:08 ubuntu neutron-server[109683]: DEBUG ovsdbapp.backend.ovs_idl [None req-247b40c9-8f27-41dc-9770-604f940af246 None None] Created schema index Logical_Router_Port.name {{(pid=109683) autocreate_indices /usr/local/lib/python3.8/dist-packages/ovsdbapp/backend/ovs_idl/__init__.py:104}}
May 03 22:54:08 ubuntu neutron-server[109683]: DEBUG ovsdbapp.backend.ovs_idl [None req-247b40c9-8f27-41dc-9770-604f940af246 None None] Created schema index Port_Group.name {{(pid=109683) autocreate_indices /usr/local/lib/python3.8/dist-packages/ovsdbapp/backend/ovs_idl/__init__.py:104}}
May 03 22:54:08 ubuntu neutron-server[109683]: DEBUG ovsdbapp.backend.ovs_idl [None req-247b40c9-8f27-41dc-9770-604f940af246 None None] Created schema index Logical_Switch_Port.name {{(pid=109683) autocreate_indices /usr/local/lib/python3.8/dist-packages/ovsdbapp/backend/ovs_idl/__init__.py:104}}
May 03 22:54:08 ubuntu neutron-server[109908]: DEBUG neutron.common.ovn.hash_ring_manager [None req-93080502-c14b-4bfc-ba31-d9f8042c58d9 None None] Allow caching, nodes 2>=2 {{(pid=109908) _wait_startup_before_caching /opt/stack/neutron/neutron/common/ovn/hash_ring_manager.py:60}}
May 03 22:54:08 ubuntu neutron-server[109908]: DEBUG neutron.plugins.ml2.drivers.ovn.mech_driver.ovsdb.ovsdb_monitor [None req-93080502-c14b-4bfc-ba31-d9f8042c58d9 None None] Hash Ring: Node 8ccbf208-1831-4fd0-811f-824bf3f106c6 (host: ubuntu) handling event "create" for row cbc12b4d-fcd6-43f2-b23b-fdc1c357c8d8 (table: Database) {{(pid=109908) notify /opt/stack/neutron/neutron/plugins/ml2/drivers/ovn/mech_driver/ovsdb/ovsdb_monitor.py:815}}
May 03 22:54:08 ubuntu neutron-server[109908]: DEBUG neutron.plugins.ml2.drivers.ovn.mech_driver.ovsdb.ovsdb_monitor [None req-93080502-c14b-4bfc-ba31-d9f8042c58d9 None None] Hash Ring: Node 8ccbf208-1831-4fd0-811f-824bf3f106c6 (host: ubuntu) handling event "create" for row c65da112-56cf-458f-8fdc-3de89474bd1b (table: Database) {{(pid=109908) notify /opt/stack/neutron/neutron/plugins/ml2/drivers/ovn/mech_driver/ovsdb/ovsdb_monitor.py:815}}
May 03 22:54:08 ubuntu neutron-server[109908]: DEBUG neutron.plugins.ml2.drivers.ovn.mech_driver.ovsdb.ovsdb_monitor [None req-93080502-c14b-4bfc-ba31-d9f8042c58d9 None None] Hash Ring: Node 8ccbf208-1831-4fd0-811f-824bf3f106c6 (host: ubuntu) handling event "create" for row 4a59f245-e970-4f68-9d01-5ae33dbead7e (table: Port_Group) {{(pid=109908) notify /opt/stack/neutron/neutron/plugins/ml2/drivers/ovn/mech_driver/ovsdb/ovsdb_monitor.py:815}}
May 03 22:54:08 ubuntu neutron-server[109908]: DEBUG neutron.plugins.ml2.drivers.ovn.mech_driver.ovsdb.ovsdb_monitor [None req-93080502-c14b-4bfc-ba31-d9f8042c58d9 None None] Hash Ring: Node 8ccbf208-1831-4fd0-811f-824bf3f106c6 (host: ubuntu) handling event "create" for row 67c6b5c7-2afc-4f4d-8591-5abd25c3aec5 (table: NB_Global) {{(pid=109908) notify /opt/stack/neutron/neutron/plugins/ml2/drivers/ovn/mech_driver/ovsdb/ovsdb_monitor.py:815}}
May 03 22:54:08 ubuntu neutron-server[109909]: DEBUG neutron.common.ovn.hash_ring_manager [None req-52f7509a-b04f-48b5-bdc0-4e053f6b954f None None] Allow caching, nodes 2>=2 {{(pid=109909) _wait_startup_before_caching /opt/stack/neutron/neutron/common/ovn/hash_ring_manager.py:60}}
May 03 22:54:08 ubuntu neutron-server[109908]: DEBUG neutron.plugins.ml2.drivers.ovn.mech_driver.ovsdb.ovsdb_monitor [None req-93080502-c14b-4bfc-ba31-d9f8042c58d9 None None] Hash Ring: Node 8ccbf208-1831-4fd0-811f-824bf3f106c6 (host: ubuntu) handling event "create" for row de90550b-4e46-4a1f-a638-6ad3b9f64c73 (table: ACL) {{(pid=109908) notify /opt/stack/neutron/neutron/plugins/ml2/drivers/ovn/mech_driver/ovsdb/ovsdb_monitor.py:815}}
May 03 22:54:08 ubuntu neutron-server[109908]: INFO neutron.plugins.ml2.drivers.ovn.mech_driver.ovsdb.impl_idl_ovn [None req-93080502-c14b-4bfc-ba31-d9f8042c58d9 None None] Getting OvsdbSbOvnIdl for WorkerService with retry
May 03 22:54:08 ubuntu neutron-server[109908]: DEBUG ovsdbapp.backend.ovs_idl [None req-93080502-c14b-4bfc-ba31-d9f8042c58d9 None None] Created lookup_table index Chassis.name {{(pid=109908) autocreate_indices /usr/local/lib/python3.8/dist-packages/ovsdbapp/backend/ovs_idl/__init__.py:85}}
May 03 22:54:08 ubuntu neutron-server[109908]: DEBUG ovsdbapp.backend.ovs_idl [None req-93080502-c14b-4bfc-ba31-d9f8042c58d9 None None] Created schema index Datapath_Binding.tunnel_key {{(pid=109908) autocreate_indices /usr/local/lib/python3.8/dist-packages/ovsdbapp/backend/ovs_idl/__init__.py:104}}
May 03 22:54:08 ubuntu neutron-server[109908]: DEBUG ovsdbapp.backend.ovs_idl [None req-93080502-c14b-4bfc-ba31-d9f8042c58d9 None None] Created schema index Connection.target {{(pid=109908) autocreate_indices /usr/local/lib/python3.8/dist-packages/ovsdbapp/backend/ovs_idl/__init__.py:104}}
May 03 22:54:08 ubuntu neutron-server[109908]: INFO ovsdbapp.backend.ovs_idl.vlog [None req-93080502-c14b-4bfc-ba31-d9f8042c58d9 None None] tcp:192.168.79.49:6642: connecting...
May 03 22:54:08 ubuntu neutron-server[109908]: INFO ovsdbapp.backend.ovs_idl.vlog [None req-93080502-c14b-4bfc-ba31-d9f8042c58d9 None None] tcp:192.168.79.49:6642: connected
May 03 22:54:08 ubuntu neutron-server[109909]: DEBUG neutron.plugins.ml2.drivers.ovn.mech_driver.ovsdb.ovsdb_monitor [None req-52f7509a-b04f-48b5-bdc0-4e053f6b954f None None] Hash Ring: Node 444978a8-bf84-4e03-a166-1a2d8626cde0 (host: ubuntu) handling event "create" for row f8283126-9c31-4bf3-804f-19d6521763af (table: ACL) {{(pid=109909) notify /opt/stack/neutron/neutron/plugins/ml2/drivers/ovn/mech_driver/ovsdb/ovsdb_monitor.py:815}}
May 03 22:54:08 ubuntu neutron-server[109909]: DEBUG neutron.plugins.ml2.drivers.ovn.mech_driver.ovsdb.ovsdb_monitor [None req-52f7509a-b04f-48b5-bdc0-4e053f6b954f None None] Hash Ring: Node 444978a8-bf84-4e03-a166-1a2d8626cde0 (host: ubuntu) handling event "create" for row 0c6d7f8b-f70e-4b55-9967-cb0a976754d8 (table: Connection) {{(pid=109909) notify /opt/stack/neutron/neutron/plugins/ml2/drivers/ovn/mech_driver/ovsdb/ovsdb_monitor.py:815}}
May 03 22:54:08 ubuntu neutron-server[109909]: INFO neutron.plugins.ml2.drivers.ovn.mech_driver.ovsdb.impl_idl_ovn [None req-52f7509a-b04f-48b5-bdc0-4e053f6b954f None None] Getting OvsdbSbOvnIdl for WorkerService with retry
May 03 22:54:08 ubuntu neutron-server[109909]: DEBUG ovsdbapp.backend.ovs_idl [None req-52f7509a-b04f-48b5-bdc0-4e053f6b954f None None] Created lookup_table index Chassis.name {{(pid=109909) autocreate_indices /usr/local/lib/python3.8/dist-packages/ovsdbapp/backend/ovs_idl/__init__.py:85}}
May 03 22:54:08 ubuntu neutron-server[109909]: DEBUG ovsdbapp.backend.ovs_idl [None req-52f7509a-b04f-48b5-bdc0-4e053f6b954f None None] Created schema index Datapath_Binding.tunnel_key {{(pid=109909) autocreate_indices /usr/local/lib/python3.8/dist-packages/ovsdbapp/backend/ovs_idl/__init__.py:104}}
May 03 22:54:08 ubuntu neutron-server[109909]: DEBUG ovsdbapp.backend.ovs_idl [None req-52f7509a-b04f-48b5-bdc0-4e053f6b954f None None] Created schema index Connection.target {{(pid=109909) autocreate_indices /usr/local/lib/python3.8/dist-packages/ovsdbapp/backend/ovs_idl/__init__.py:104}}
May 03 22:54:08 ubuntu neutron-server[109909]: INFO ovsdbapp.backend.ovs_idl.vlog [None req-52f7509a-b04f-48b5-bdc0-4e053f6b954f None None] tcp:192.168.79.49:6642: connecting...
May 03 22:54:08 ubuntu neutron-server[109909]: INFO ovsdbapp.backend.ovs_idl.vlog [None req-52f7509a-b04f-48b5-bdc0-4e053f6b954f None None] tcp:192.168.79.49:6642: connected
May 03 22:54:08 ubuntu neutron-server[109683]: DEBUG ovsdbapp.backend.ovs_idl [None req-247b40c9-8f27-41dc-9770-604f940af246 None None] Created lookup_table index Chassis.name {{(pid=109683) autocreate_indices /usr/local/lib/python3.8/dist-packages/ovsdbapp/backend/ovs_idl/__init__.py:85}}
May 03 22:54:08 ubuntu neutron-server[109683]: DEBUG ovsdbapp.backend.ovs_idl [None req-247b40c9-8f27-41dc-9770-604f940af246 None None] Created lookup_table index MAC_Binding.ip {{(pid=109683) autocreate_indices /usr/local/lib/python3.8/dist-packages/ovsdbapp/backend/ovs_idl/__init__.py:85}}
May 03 22:54:08 ubuntu neutron-server[109683]: DEBUG ovsdbapp.backend.ovs_idl [None req-247b40c9-8f27-41dc-9770-604f940af246 None None] Created schema index Meter.name {{(pid=109683) autocreate_indices /usr/local/lib/python3.8/dist-packages/ovsdbapp/backend/ovs_idl/__init__.py:104}}
May 03 22:54:08 ubuntu neutron-server[109683]: DEBUG ovsdbapp.backend.ovs_idl [None req-247b40c9-8f27-41dc-9770-604f940af246 None None] Created schema index Address_Set.name {{(pid=109683) autocreate_indices /usr/local/lib/python3.8/dist-packages/ovsdbapp/backend/ovs_idl/__init__.py:104}}
May 03 22:54:08 ubuntu neutron-server[109683]: DEBUG ovsdbapp.backend.ovs_idl [None req-247b40c9-8f27-41dc-9770-604f940af246 None None] Created schema index HA_Chassis_Group.name {{(pid=109683) autocreate_indices /usr/local/lib/python3.8/dist-packages/ovsdbapp/backend/ovs_idl/__init__.py:104}}
May 03 22:54:08 ubuntu neutron-server[109683]: DEBUG ovsdbapp.backend.ovs_idl [None req-247b40c9-8f27-41dc-9770-604f940af246 None None] Created schema index IP_Multicast.datapath {{(pid=109683) autocreate_indices /usr/local/lib/python3.8/dist-packages/ovsdbapp/backend/ovs_idl/__init__.py:104}}
May 03 22:54:08 ubuntu neutron-server[109683]: DEBUG ovsdbapp.backend.ovs_idl [None req-247b40c9-8f27-41dc-9770-604f940af246 None None] Created schema index Connection.target {{(pid=109683) autocreate_indices /usr/local/lib/python3.8/dist-packages/ovsdbapp/backend/ovs_idl/__init__.py:104}}
May 03 22:54:08 ubuntu neutron-server[109683]: DEBUG ovsdbapp.backend.ovs_idl [None req-247b40c9-8f27-41dc-9770-604f940af246 None None] Created schema index Gateway_Chassis.name {{(pid=109683) autocreate_indices /usr/local/lib/python3.8/dist-packages/ovsdbapp/backend/ovs_idl/__init__.py:104}}
May 03 22:54:08 ubuntu neutron-server[109683]: DEBUG ovsdbapp.backend.ovs_idl [None req-247b40c9-8f27-41dc-9770-604f940af246 None None] Created schema index Port_Group.name {{(pid=109683) autocreate_indices /usr/local/lib/python3.8/dist-packages/ovsdbapp/backend/ovs_idl/__init__.py:104}}
May 03 22:54:08 ubuntu neutron-server[109683]: DEBUG ovsdbapp.backend.ovs_idl [None req-247b40c9-8f27-41dc-9770-604f940af246 None None] Created schema index Datapath_Binding.tunnel_key {{(pid=109683) autocreate_indices /usr/local/lib/python3.8/dist-packages/ovsdbapp/backend/ovs_idl/__init__.py:104}}
May 03 22:54:08 ubuntu neutron-server[109908]: DEBUG neutron.common.ovn.hash_ring_manager [None req-93080502-c14b-4bfc-ba31-d9f8042c58d9 None None] Allow caching, nodes 2>=2 {{(pid=109908) _wait_startup_before_caching /opt/stack/neutron/neutron/common/ovn/hash_ring_manager.py:60}}
May 03 22:54:08 ubuntu neutron-server[109908]: DEBUG neutron.plugins.ml2.drivers.ovn.mech_driver.ovsdb.ovsdb_monitor [None req-93080502-c14b-4bfc-ba31-d9f8042c58d9 None None] Hash Ring: Node 8ccbf208-1831-4fd0-811f-824bf3f106c6 (host: ubuntu) handling event "create" for row eff50651-a938-4c20-b6e1-f752306dafcb (table: Encap) {{(pid=109908) notify /opt/stack/neutron/neutron/plugins/ml2/drivers/ovn/mech_driver/ovsdb/ovsdb_monitor.py:815}}
May 03 22:54:08 ubuntu neutron-server[109908]: DEBUG neutron.plugins.ml2.drivers.ovn.mech_driver.ovsdb.ovsdb_monitor [None req-93080502-c14b-4bfc-ba31-d9f8042c58d9 None None] ChassisAgentWriteEvent : Matched Chassis, create, None None {{(pid=109908) matches /opt/stack/neutron/neutron/plugins/ml2/drivers/ovn/mech_driver/ovsdb/ovsdb_monitor.py:62}}
May 03 22:54:08 ubuntu neutron-server[109908]: DEBUG neutron.plugins.ml2.drivers.ovn.mech_driver.ovsdb.ovsdb_monitor [None req-93080502-c14b-4bfc-ba31-d9f8042c58d9 None None] ChassisMetadataAgentWriteEvent : Matched Chassis, create, None None {{(pid=109908) matches /opt/stack/neutron/neutron/plugins/ml2/drivers/ovn/mech_driver/ovsdb/ovsdb_monitor.py:62}}
May 03 22:54:08 ubuntu neutron-server[109908]: DEBUG neutron.plugins.ml2.drivers.ovn.mech_driver.ovsdb.ovsdb_monitor [None req-93080502-c14b-4bfc-ba31-d9f8042c58d9 None None] Hash Ring: Node 8ccbf208-1831-4fd0-811f-824bf3f106c6 (host: ubuntu) handling event "create" for row 6ded91da-79c8-4237-b9f1-770971cd2c7b (table: Connection) {{(pid=109908) notify /opt/stack/neutron/neutron/plugins/ml2/drivers/ovn/mech_driver/ovsdb/ovsdb_monitor.py:815}}
May 03 22:54:08 ubuntu neutron-server[109909]: DEBUG neutron.common.ovn.hash_ring_manager [None req-52f7509a-b04f-48b5-bdc0-4e053f6b954f None None] Allow caching, nodes 2>=2 {{(pid=109909) _wait_startup_before_caching /opt/stack/neutron/neutron/common/ovn/hash_ring_manager.py:60}}
May 03 22:54:08 ubuntu neutron-server[109908]: INFO neutron.wsgi [-] (109908) wsgi starting up on http://0.0.0.0:9696
May 03 22:54:08 ubuntu neutron-server[109908]: DEBUG neutron.wsgi [-] (109908) accepted ('192.168.79.49', 50712) {{(pid=109908) server /usr/local/lib/python3.8/dist-packages/eventlet/wsgi.py:1004}}
May 03 22:54:08 ubuntu neutron-server[109909]: DEBUG neutron.plugins.ml2.drivers.ovn.mech_driver.ovsdb.ovsdb_monitor [None req-52f7509a-b04f-48b5-bdc0-4e053f6b954f None None] Hash Ring: Node 444978a8-bf84-4e03-a166-1a2d8626cde0 (host: ubuntu) handling event "create" for row 0cf059e0-5882-4413-bc11-6b3ff871c15f (table: Database) {{(pid=109909) notify /opt/stack/neutron/neutron/plugins/ml2/drivers/ovn/mech_driver/ovsdb/ovsdb_monitor.py:815}}
May 03 22:54:08 ubuntu neutron-server[109908]: INFO neutron.wsgi [-] 192.168.79.49 "GET / HTTP/1.1" status: 200  len: 255 time: 0.0065763
May 03 22:54:08 ubuntu neutron-server[109909]: DEBUG neutron.plugins.ml2.drivers.ovn.mech_driver.ovsdb.ovsdb_monitor [None req-52f7509a-b04f-48b5-bdc0-4e053f6b954f None None] Hash Ring: Node 444978a8-bf84-4e03-a166-1a2d8626cde0 (host: ubuntu) handling event "create" for row eeb7161a-8681-4b7d-ae2f-e5eec374c32d (table: Database) {{(pid=109909) notify /opt/stack/neutron/neutron/plugins/ml2/drivers/ovn/mech_driver/ovsdb/ovsdb_monitor.py:815}}
May 03 22:54:08 ubuntu neutron-server[109909]: DEBUG neutron.plugins.ml2.drivers.ovn.mech_driver.ovsdb.ovsdb_monitor [None req-52f7509a-b04f-48b5-bdc0-4e053f6b954f None None] ChassisAgentWriteEvent : Matched Chassis, create, None None {{(pid=109909) matches /opt/stack/neutron/neutron/plugins/ml2/drivers/ovn/mech_driver/ovsdb/ovsdb_monitor.py:62}}
May 03 22:54:08 ubuntu neutron-server[109909]: DEBUG neutron.plugins.ml2.drivers.ovn.mech_driver.ovsdb.ovsdb_monitor [None req-52f7509a-b04f-48b5-bdc0-4e053f6b954f None None] ChassisMetadataAgentWriteEvent : Matched Chassis, create, None None {{(pid=109909) matches /opt/stack/neutron/neutron/plugins/ml2/drivers/ovn/mech_driver/ovsdb/ovsdb_monitor.py:62}}
May 03 22:54:08 ubuntu neutron-server[109909]: DEBUG neutron.plugins.ml2.drivers.ovn.mech_driver.ovsdb.ovsdb_monitor [None req-52f7509a-b04f-48b5-bdc0-4e053f6b954f None None] Hash Ring: Node 444978a8-bf84-4e03-a166-1a2d8626cde0 (host: ubuntu) handling event "create" for row d1c9f893-6434-480d-8ccf-47a45c949970 (table: Chassis) {{(pid=109909) notify /opt/stack/neutron/neutron/plugins/ml2/drivers/ovn/mech_driver/ovsdb/ovsdb_monitor.py:815}}
May 03 22:54:08 ubuntu neutron-server[109683]: INFO oslo_service.service [None req-247b40c9-8f27-41dc-9770-604f940af246 None None] Starting 1 workers
May 03 22:54:08 ubuntu neutron-server[109909]: INFO neutron.wsgi [-] (109909) wsgi starting up on http://0.0.0.0:9696
May 03 22:54:08 ubuntu neutron-server[109683]: DEBUG oslo_service.service [None req-247b40c9-8f27-41dc-9770-604f940af246 None None] Started child 109915 {{(pid=109683) _start_child /usr/local/lib/python3.8/dist-packages/oslo_service/service.py:575}}
May 03 22:54:08 ubuntu neutron-server[109683]: INFO oslo_service.service [None req-247b40c9-8f27-41dc-9770-604f940af246 None None] Starting 1 workers
May 03 22:54:08 ubuntu neutron-server[109915]: DEBUG neutron.service [None req-247b40c9-8f27-41dc-9770-604f940af246 None None] calling RpcWorker wait() {{(pid=109915) _wait /opt/stack/neutron/neutron/service.py:128}}
May 03 22:54:08 ubuntu neutron-server[109915]: DEBUG neutron.service [None req-247b40c9-8f27-41dc-9770-604f940af246 None None] returning from RpcWorker wait() {{(pid=109915) _wait /opt/stack/neutron/neutron/service.py:135}}
May 03 22:54:08 ubuntu neutron-server[109915]: DEBUG neutron_lib.callbacks.manager [-] Publish callbacks ['neutron.plugins.ml2.drivers.ovn.mech_driver.mech_driver.OVNMechanismDriver.post_fork_initialize-630493'] for process (None), after_init {{(pid=109915) _notify_loop /usr/local/lib/python3.8/dist-packages/neutron_lib/callbacks/manager.py:176}}
May 03 22:54:08 ubuntu neutron-server[109683]: DEBUG oslo_service.service [None req-247b40c9-8f27-41dc-9770-604f940af246 None None] Started child 109920 {{(pid=109683) _start_child /usr/local/lib/python3.8/dist-packages/oslo_service/service.py:575}}
May 03 22:54:08 ubuntu neutron-server[109915]: INFO neutron.plugins.ml2.drivers.ovn.mech_driver.ovsdb.impl_idl_ovn [-] Getting OvsdbNbOvnIdl for RpcWorker with retry
May 03 22:54:08 ubuntu neutron-server[109683]: INFO oslo_service.service [None req-247b40c9-8f27-41dc-9770-604f940af246 None None] Starting 1 workers
May 03 22:54:08 ubuntu neutron-server[109920]: DEBUG neutron_lib.callbacks.manager [-] Publish callbacks ['neutron.plugins.ml2.drivers.ovn.mech_driver.mech_driver.OVNMechanismDriver.post_fork_initialize-630493'] for process (None), after_init {{(pid=109920) _notify_loop /usr/local/lib/python3.8/dist-packages/neutron_lib/callbacks/manager.py:176}}
May 03 22:54:08 ubuntu neutron-server[109909]: DEBUG neutron.plugins.ml2.drivers.ovn.mech_driver.ovsdb.ovsdb_monitor [-] Hash Ring: Node 444978a8-bf84-4e03-a166-1a2d8626cde0 (host: ubuntu) handling event "update" for row 0c6d7f8b-f70e-4b55-9967-cb0a976754d8 (table: Connection) {{(pid=109909) notify /opt/stack/neutron/neutron/plugins/ml2/drivers/ovn/mech_driver/ovsdb/ovsdb_monitor.py:815}}
May 03 22:54:08 ubuntu neutron-server[109920]: INFO neutron.plugins.ml2.drivers.ovn.mech_driver.ovsdb.impl_idl_ovn [-] Getting OvsdbNbOvnIdl for MaintenanceWorker with retry
May 03 22:54:08 ubuntu neutron-server[109683]: DEBUG oslo_service.service [None req-247b40c9-8f27-41dc-9770-604f940af246 None None] Started child 109929 {{(pid=109683) _start_child /usr/local/lib/python3.8/dist-packages/oslo_service/service.py:575}}
May 03 22:54:08 ubuntu neutron-server[109683]: DEBUG neutron_lib.callbacks.manager [None req-247b40c9-8f27-41dc-9770-604f940af246 None None] Publish callbacks [] for process (None), after_spawn {{(pid=109683) _notify_loop /usr/local/lib/python3.8/dist-packages/neutron_lib/callbacks/manager.py:176}}
May 03 22:54:08 ubuntu neutron-server[109683]: DEBUG oslo_service.service [-] Full set of CONF: {{(pid=109683) wait /usr/local/lib/python3.8/dist-packages/oslo_service/service.py:649}}
May 03 22:54:08 ubuntu neutron-server[109683]: DEBUG oslo_service.service [-] ******************************************************************************** {{(pid=109683) log_opt_values /usr/local/lib/python3.8/dist-packages/oslo_config/cfg.py:2589}}
