Jul 22 21:22:32 ubuntu devstack@g-api.service[145641]: INFO glance.location [None req-adccf65e-9698-420e-b1c3-5a2d13b4ad27 admin admin] Image format matched and virtual size computed: 117440512
Jul 22 21:22:32 ubuntu devstack@g-api.service[145641]: DEBUG glance_store.backend [None req-adccf65e-9698-420e-b1c3-5a2d13b4ad27 admin admin] Attempting to import store swift {{(pid=145641) _load_store /usr/local/lib/python3.8/dist-packages/glance_store/backend.py:216}}
Jul 22 21:22:32 ubuntu devstack@g-api.service[145641]: DEBUG glance_store.capabilities [None req-adccf65e-9698-420e-b1c3-5a2d13b4ad27 admin admin] Store glance_store._drivers.swift.store.SingleTenantStore doesn't support updating dynamic storage capabilities. Please overwrite 'update_capabilities' method of the store to implement updating logics if needed. {{(pid=145641) update_capabilities /usr/local/lib/python3.8/dist-packages/glance_store/capabilities.py:91}}
Jul 22 21:22:32 ubuntu devstack@g-api.service[145641]: DEBUG glance_store.driver [None req-adccf65e-9698-420e-b1c3-5a2d13b4ad27 admin admin] Late loading location class glance_store._drivers.swift.store.StoreLocation {{(pid=145641) get_store_location_class /usr/local/lib/python3.8/dist-packages/glance_store/driver.py:116}}
Jul 22 21:22:32 ubuntu devstack@g-api.service[145641]: DEBUG glance_store.location [None req-adccf65e-9698-420e-b1c3-5a2d13b4ad27 admin admin] Registering scheme swift+https with {'store': <glance_store._drivers.swift.store.SingleTenantStore object at 0x7f545ba5d220>, 'location_class': <class 'glance_store._drivers.swift.store.StoreLocation'>, 'store_entry': 'swift'} {{(pid=145641) register_scheme_map /usr/local/lib/python3.8/dist-packages/glance_store/location.py:146}}
Jul 22 21:22:32 ubuntu devstack@g-api.service[145641]: DEBUG glance_store.location [None req-adccf65e-9698-420e-b1c3-5a2d13b4ad27 admin admin] Registering scheme swift+https with {'store': <glance_store._drivers.swift.store.SingleTenantStore object at 0x7f545ba5d220>, 'location_class': <class 'glance_store._drivers.swift.store.StoreLocation'>, 'store_entry': 'swift'} {{(pid=145641) register_scheme_map /usr/local/lib/python3.8/dist-packages/glance_store/location.py:146}}
Jul 22 21:22:32 ubuntu devstack@g-api.service[145641]: DEBUG glance_store.location [None req-adccf65e-9698-420e-b1c3-5a2d13b4ad27 admin admin] Registering scheme swift with {'store': <glance_store._drivers.swift.store.SingleTenantStore object at 0x7f545ba5d220>, 'location_class': <class 'glance_store._drivers.swift.store.StoreLocation'>, 'store_entry': 'swift'} {{(pid=145641) register_scheme_map /usr/local/lib/python3.8/dist-packages/glance_store/location.py:146}}
Jul 22 21:22:32 ubuntu devstack@g-api.service[145641]: DEBUG glance_store.location [None req-adccf65e-9698-420e-b1c3-5a2d13b4ad27 admin admin] Registering scheme swift+https with {'store': <glance_store._drivers.swift.store.SingleTenantStore object at 0x7f545ba5d220>, 'location_class': <class 'glance_store._drivers.swift.store.StoreLocation'>, 'store_entry': 'swift'} {{(pid=145641) register_scheme_map /usr/local/lib/python3.8/dist-packages/glance_store/location.py:146}}
Jul 22 21:22:32 ubuntu devstack@g-api.service[145641]: DEBUG glance_store.location [None req-adccf65e-9698-420e-b1c3-5a2d13b4ad27 admin admin] Registering scheme swift with {'store': <glance_store._drivers.swift.store.SingleTenantStore object at 0x7f545ba5d220>, 'location_class': <class 'glance_store._drivers.swift.store.StoreLocation'>, 'store_entry': 'swift'} {{(pid=145641) register_scheme_map /usr/local/lib/python3.8/dist-packages/glance_store/location.py:146}}
Jul 22 21:22:32 ubuntu devstack@g-api.service[145641]: DEBUG glance_store.location [None req-adccf65e-9698-420e-b1c3-5a2d13b4ad27 admin admin] Registering scheme swift+http with {'store': <glance_store._drivers.swift.store.SingleTenantStore object at 0x7f545ba5d220>, 'location_class': <class 'glance_store._drivers.swift.store.StoreLocation'>, 'store_entry': 'swift'} {{(pid=145641) register_scheme_map /usr/local/lib/python3.8/dist-packages/glance_store/location.py:146}}
Jul 22 21:22:32 ubuntu devstack@g-api.service[145641]: DEBUG glance_store.location [None req-adccf65e-9698-420e-b1c3-5a2d13b4ad27 admin admin] Registering scheme swift+https with {'store': <glance_store._drivers.swift.store.SingleTenantStore object at 0x7f545ba5d220>, 'location_class': <class 'glance_store._drivers.swift.store.StoreLocation'>, 'store_entry': 'swift'} {{(pid=145641) register_scheme_map /usr/local/lib/python3.8/dist-packages/glance_store/location.py:146}}
Jul 22 21:22:32 ubuntu devstack@g-api.service[145641]: DEBUG glance_store.location [None req-adccf65e-9698-420e-b1c3-5a2d13b4ad27 admin admin] Registering scheme swift with {'store': <glance_store._drivers.swift.store.SingleTenantStore object at 0x7f545ba5d220>, 'location_class': <class 'glance_store._drivers.swift.store.StoreLocation'>, 'store_entry': 'swift'} {{(pid=145641) register_scheme_map /usr/local/lib/python3.8/dist-packages/glance_store/location.py:146}}
Jul 22 21:22:32 ubuntu devstack@g-api.service[145641]: DEBUG glance_store.location [None req-adccf65e-9698-420e-b1c3-5a2d13b4ad27 admin admin] Registering scheme swift+http with {'store': <glance_store._drivers.swift.store.SingleTenantStore object at 0x7f545ba5d220>, 'location_class': <class 'glance_store._drivers.swift.store.StoreLocation'>, 'store_entry': 'swift'} {{(pid=145641) register_scheme_map /usr/local/lib/python3.8/dist-packages/glance_store/location.py:146}}
Jul 22 21:22:32 ubuntu devstack@g-api.service[145641]: DEBUG glance_store.location [None req-adccf65e-9698-420e-b1c3-5a2d13b4ad27 admin admin] Registering scheme swift+config with {'store': <glance_store._drivers.swift.store.SingleTenantStore object at 0x7f545ba5d220>, 'location_class': <class 'glance_store._drivers.swift.store.StoreLocation'>, 'store_entry': 'swift'} {{(pid=145641) register_scheme_map /usr/local/lib/python3.8/dist-packages/glance_store/location.py:146}}
Jul 22 21:22:32 ubuntu devstack@g-api.service[145641]: DEBUG glance_store.backend [None req-adccf65e-9698-420e-b1c3-5a2d13b4ad27 admin admin] Skipping store.set_acls... not implemented. {{(pid=145641) set_acls /usr/local/lib/python3.8/dist-packages/glance_store/backend.py:508}}
Jul 22 21:22:32 ubuntu devstack@g-api.service[145641]: [pid: 145641|app: 0|req: 3/4] 127.0.0.1 () {40 vars in 862 bytes} [Fri Jul 22 21:22:29 2022] PUT /v2/images/550489dd-a627-4b1d-a702-4c4f543f90ff/file => generated 0 bytes in 3254 msecs (HTTP/1.1 204) 4 headers in 171 bytes (1 switches on core 0)
Jul 22 21:22:39 ubuntu devstack@g-api.service[145642]: DEBUG dbcounter [-] [145642] Writing DB stats glance:SELECT=9,glance:INSERT=5 {{(pid=145642) stat_writer /usr/local/lib/python3.8/dist-packages/dbcounter.py:114}}
Jul 22 21:22:42 ubuntu devstack@g-api.service[145641]: DEBUG dbcounter [-] [145641] Writing DB stats glance:SELECT=28,glance:UPDATE=2,glance:INSERT=1 {{(pid=145641) stat_writer /usr/local/lib/python3.8/dist-packages/dbcounter.py:114}}
Jul 22 21:23:17 ubuntu devstack@g-api.service[145642]: DEBUG glance.api.middleware.version_negotiation [None req-d11f5572-0c9d-4263-b6ab-0d97ebaa6f08 admin admin] Determining version of request: GET / Accept: application/json {{(pid=145642) process_request /opt/stack/glance/glance/api/middleware/version_negotiation.py:44}}
Jul 22 21:23:17 ubuntu devstack@g-api.service[145642]: DEBUG glance.api.middleware.version_negotiation [None req-d11f5572-0c9d-4263-b6ab-0d97ebaa6f08 admin admin] Using url versioning {{(pid=145642) process_request /opt/stack/glance/glance/api/middleware/version_negotiation.py:57}}
Jul 22 21:23:17 ubuntu devstack@g-api.service[145642]: DEBUG glance.api.middleware.version_negotiation [None req-d11f5572-0c9d-4263-b6ab-0d97ebaa6f08 admin admin] Unknown version. Returning version choices. {{(pid=145642) process_request /opt/stack/glance/glance/api/middleware/version_negotiation.py:64}}
Jul 22 21:23:17 ubuntu devstack@g-api.service[145642]: [pid: 145642|app: 0|req: 2/5] 127.0.0.1 () {34 vars in 506 bytes} [Fri Jul 22 21:23:17 2022] GET / => generated 1323 bytes in 4 msecs (HTTP/1.1 300) 3 headers in 106 bytes (1 switches on core 0)
Jul 22 21:23:17 ubuntu devstack@g-api.service[145641]: DEBUG glance.api.middleware.version_negotiation [None req-adccf65e-9698-420e-b1c3-5a2d13b4ad27 admin admin] Determining version of request: GET /v2/images Accept: application/json {{(pid=145641) process_request /opt/stack/glance/glance/api/middleware/version_negotiation.py:44}}
Jul 22 21:23:17 ubuntu devstack@g-api.service[145641]: DEBUG glance.api.middleware.version_negotiation [None req-adccf65e-9698-420e-b1c3-5a2d13b4ad27 admin admin] Using url versioning {{(pid=145641) process_request /opt/stack/glance/glance/api/middleware/version_negotiation.py:57}}
Jul 22 21:23:17 ubuntu devstack@g-api.service[145641]: DEBUG glance.api.middleware.version_negotiation [None req-adccf65e-9698-420e-b1c3-5a2d13b4ad27 admin admin] Matched version: v2 {{(pid=145641) process_request /opt/stack/glance/glance/api/middleware/version_negotiation.py:69}}
Jul 22 21:23:17 ubuntu devstack@g-api.service[145641]: DEBUG glance.api.middleware.version_negotiation [None req-adccf65e-9698-420e-b1c3-5a2d13b4ad27 admin admin] new path /v2/images {{(pid=145641) process_request /opt/stack/glance/glance/api/middleware/version_negotiation.py:70}}
Jul 22 21:23:17 ubuntu devstack@g-api.service[145641]: [pid: 145641|app: 0|req: 4/6] 127.0.0.1 () {36 vars in 728 bytes} [Fri Jul 22 21:23:17 2022] GET /v2/images => generated 1045 bytes in 533 msecs (HTTP/1.1 200) 4 headers in 158 bytes (1 switches on core 0)
Jul 22 21:23:23 ubuntu devstack@g-api.service[145642]: DEBUG glance.api.middleware.version_negotiation [None req-d11f5572-0c9d-4263-b6ab-0d97ebaa6f08 admin admin] Determining version of request: GET / Accept: application/json {{(pid=145642) process_request /opt/stack/glance/glance/api/middleware/version_negotiation.py:44}}
Jul 22 21:23:23 ubuntu devstack@g-api.service[145642]: DEBUG glance.api.middleware.version_negotiation [None req-d11f5572-0c9d-4263-b6ab-0d97ebaa6f08 admin admin] Using url versioning {{(pid=145642) process_request /opt/stack/glance/glance/api/middleware/version_negotiation.py:57}}
Jul 22 21:23:23 ubuntu devstack@g-api.service[145642]: DEBUG glance.api.middleware.version_negotiation [None req-d11f5572-0c9d-4263-b6ab-0d97ebaa6f08 admin admin] Unknown version. Returning version choices. {{(pid=145642) process_request /opt/stack/glance/glance/api/middleware/version_negotiation.py:64}}
Jul 22 21:23:23 ubuntu devstack@g-api.service[145642]: [pid: 145642|app: 0|req: 3/7] 127.0.0.1 () {34 vars in 506 bytes} [Fri Jul 22 21:23:23 2022] GET / => generated 1323 bytes in 2 msecs (HTTP/1.1 300) 3 headers in 106 bytes (1 switches on core 0)
Jul 22 21:23:23 ubuntu devstack@g-api.service[145641]: DEBUG glance.api.middleware.version_negotiation [None req-ec92f127-0a15-40a5-aed4-905510b7eb73 admin admin] Determining version of request: GET /v2/images/550489dd-a627-4b1d-a702-4c4f543f90ff Accept: */* {{(pid=145641) process_request /opt/stack/glance/glance/api/middleware/version_negotiation.py:44}}
Jul 22 21:23:23 ubuntu devstack@g-api.service[145641]: DEBUG glance.api.middleware.version_negotiation [None req-ec92f127-0a15-40a5-aed4-905510b7eb73 admin admin] Using url versioning {{(pid=145641) process_request /opt/stack/glance/glance/api/middleware/version_negotiation.py:57}}
Jul 22 21:23:23 ubuntu devstack@g-api.service[145641]: DEBUG glance.api.middleware.version_negotiation [None req-ec92f127-0a15-40a5-aed4-905510b7eb73 admin admin] Matched version: v2 {{(pid=145641) process_request /opt/stack/glance/glance/api/middleware/version_negotiation.py:69}}
Jul 22 21:23:23 ubuntu devstack@g-api.service[145641]: DEBUG glance.api.middleware.version_negotiation [None req-ec92f127-0a15-40a5-aed4-905510b7eb73 admin admin] new path /v2/images/550489dd-a627-4b1d-a702-4c4f543f90ff {{(pid=145641) process_request /opt/stack/glance/glance/api/middleware/version_negotiation.py:70}}
Jul 22 21:23:24 ubuntu devstack@g-api.service[145641]: [pid: 145641|app: 0|req: 5/8] 127.0.0.1 () {36 vars in 789 bytes} [Fri Jul 22 21:23:23 2022] GET /v2/images/550489dd-a627-4b1d-a702-4c4f543f90ff => generated 976 bytes in 368 msecs (HTTP/1.1 200) 4 headers in 157 bytes (1 switches on core 0)
Jul 22 21:23:28 ubuntu devstack@g-api.service[145642]: DEBUG glance.api.middleware.version_negotiation [None req-d11f5572-0c9d-4263-b6ab-0d97ebaa6f08 admin admin] Determining version of request: GET / Accept: application/json {{(pid=145642) process_request /opt/stack/glance/glance/api/middleware/version_negotiation.py:44}}
Jul 22 21:23:28 ubuntu devstack@g-api.service[145642]: DEBUG glance.api.middleware.version_negotiation [None req-d11f5572-0c9d-4263-b6ab-0d97ebaa6f08 admin admin] Using url versioning {{(pid=145642) process_request /opt/stack/glance/glance/api/middleware/version_negotiation.py:57}}
Jul 22 21:23:28 ubuntu devstack@g-api.service[145642]: DEBUG glance.api.middleware.version_negotiation [None req-d11f5572-0c9d-4263-b6ab-0d97ebaa6f08 admin admin] Unknown version. Returning version choices. {{(pid=145642) process_request /opt/stack/glance/glance/api/middleware/version_negotiation.py:64}}
Jul 22 21:23:28 ubuntu devstack@g-api.service[145642]: [pid: 145642|app: 0|req: 4/9] 127.0.0.1 () {34 vars in 506 bytes} [Fri Jul 22 21:23:28 2022] GET / => generated 1323 bytes in 5 msecs (HTTP/1.1 300) 3 headers in 106 bytes (1 switches on core 0)
Jul 22 21:23:28 ubuntu devstack@g-api.service[145641]: DEBUG glance.api.middleware.version_negotiation [None req-8a662b9e-0e28-47e1-9a2a-bd7927bd6533 admin admin] Determining version of request: GET /v2/images/550489dd-a627-4b1d-a702-4c4f543f90ff Accept: */* {{(pid=145641) process_request /opt/stack/glance/glance/api/middleware/version_negotiation.py:44}}
Jul 22 21:23:28 ubuntu devstack@g-api.service[145641]: DEBUG glance.api.middleware.version_negotiation [None req-8a662b9e-0e28-47e1-9a2a-bd7927bd6533 admin admin] Using url versioning {{(pid=145641) process_request /opt/stack/glance/glance/api/middleware/version_negotiation.py:57}}
Jul 22 21:23:28 ubuntu devstack@g-api.service[145641]: DEBUG glance.api.middleware.version_negotiation [None req-8a662b9e-0e28-47e1-9a2a-bd7927bd6533 admin admin] Matched version: v2 {{(pid=145641) process_request /opt/stack/glance/glance/api/middleware/version_negotiation.py:69}}
Jul 22 21:23:28 ubuntu devstack@g-api.service[145641]: DEBUG glance.api.middleware.version_negotiation [None req-8a662b9e-0e28-47e1-9a2a-bd7927bd6533 admin admin] new path /v2/images/550489dd-a627-4b1d-a702-4c4f543f90ff {{(pid=145641) process_request /opt/stack/glance/glance/api/middleware/version_negotiation.py:70}}
Jul 22 21:23:28 ubuntu devstack@g-api.service[145641]: [pid: 145641|app: 0|req: 6/10] 127.0.0.1 () {36 vars in 789 bytes} [Fri Jul 22 21:23:28 2022] GET /v2/images/550489dd-a627-4b1d-a702-4c4f543f90ff => generated 976 bytes in 278 msecs (HTTP/1.1 200) 4 headers in 157 bytes (1 switches on core 0)
Jul 22 21:23:38 ubuntu devstack@g-api.service[145641]: DEBUG dbcounter [-] [145641] Writing DB stats glance:SELECT=10 {{(pid=145641) stat_writer /usr/local/lib/python3.8/dist-packages/dbcounter.py:114}}
Jul 22 21:25:44 ubuntu devstack@g-api.service[145642]: DEBUG glance.api.middleware.version_negotiation [None req-d11f5572-0c9d-4263-b6ab-0d97ebaa6f08 admin admin] Determining version of request: GET /v1 Accept: application/json {{(pid=145642) process_request /opt/stack/glance/glance/api/middleware/version_negotiation.py:44}}
Jul 22 21:25:44 ubuntu devstack@g-api.service[145642]: DEBUG glance.api.middleware.version_negotiation [None req-d11f5572-0c9d-4263-b6ab-0d97ebaa6f08 admin admin] Using url versioning {{(pid=145642) process_request /opt/stack/glance/glance/api/middleware/version_negotiation.py:57}}
Jul 22 21:25:44 ubuntu devstack@g-api.service[145642]: DEBUG glance.api.middleware.version_negotiation [None req-d11f5572-0c9d-4263-b6ab-0d97ebaa6f08 admin admin] Unknown version. Returning version choices. {{(pid=145642) process_request /opt/stack/glance/glance/api/middleware/version_negotiation.py:64}}
Jul 22 21:25:44 ubuntu devstack@g-api.service[145642]: [pid: 145642|app: 0|req: 5/11] 127.0.0.1 () {38 vars in 685 bytes} [Fri Jul 22 21:25:44 2022] GET /v1 => generated 1323 bytes in 7 msecs (HTTP/1.1 300) 3 headers in 106 bytes (1 switches on core 0)
Jul 22 21:28:00 ubuntu devstack@g-api.service[145641]: DEBUG glance.api.middleware.version_negotiation [None req-ee4fd817-72b6-46c2-b003-ae5503c31f74 admin admin] Determining version of request: GET /versions Accept: */* {{(pid=145641) process_request /opt/stack/glance/glance/api/middleware/version_negotiation.py:44}}
Jul 22 21:28:00 ubuntu devstack@g-api.service[145641]: [pid: 145641|app: 0|req: 7/12] 127.0.0.1 () {38 vars in 695 bytes} [Fri Jul 22 21:28:00 2022] GET /versions => generated 1323 bytes in 10 msecs (HTTP/1.1 200) 3 headers in 92 bytes (1 switches on core 0)
Jul 22 21:28:00 ubuntu devstack@g-api.service[145642]: DEBUG glance.api.middleware.version_negotiation [None req-d11f5572-0c9d-4263-b6ab-0d97ebaa6f08 admin admin] Determining version of request: GET /v2/schemas/image Accept: */* {{(pid=145642) process_request /opt/stack/glance/glance/api/middleware/version_negotiation.py:44}}
Jul 22 21:28:00 ubuntu devstack@g-api.service[145642]: DEBUG glance.api.middleware.version_negotiation [None req-d11f5572-0c9d-4263-b6ab-0d97ebaa6f08 admin admin] Using url versioning {{(pid=145642) process_request /opt/stack/glance/glance/api/middleware/version_negotiation.py:57}}
Jul 22 21:28:00 ubuntu devstack@g-api.service[145642]: DEBUG glance.api.middleware.version_negotiation [None req-d11f5572-0c9d-4263-b6ab-0d97ebaa6f08 admin admin] Matched version: v2 {{(pid=145642) process_request /opt/stack/glance/glance/api/middleware/version_negotiation.py:69}}
Jul 22 21:28:00 ubuntu devstack@g-api.service[145642]: DEBUG glance.api.middleware.version_negotiation [None req-d11f5572-0c9d-4263-b6ab-0d97ebaa6f08 admin admin] new path /v2/schemas/image {{(pid=145642) process_request /opt/stack/glance/glance/api/middleware/version_negotiation.py:70}}
Jul 22 21:28:00 ubuntu devstack@g-api.service[145642]: [pid: 145642|app: 0|req: 6/13] 127.0.0.1 () {38 vars in 711 bytes} [Fri Jul 22 21:28:00 2022] GET /v2/schemas/image => generated 6083 bytes in 114 msecs (HTTP/1.1 200) 4 headers in 158 bytes (1 switches on core 0)
Jul 22 21:28:00 ubuntu devstack@g-api.service[145641]: DEBUG glance.api.middleware.version_negotiation [None req-ee4fd817-72b6-46c2-b003-ae5503c31f74 admin admin] Determining version of request: GET /v2/schemas/metadefs/namespace Accept: */* {{(pid=145641) process_request /opt/stack/glance/glance/api/middleware/version_negotiation.py:44}}
Jul 22 21:28:00 ubuntu devstack@g-api.service[145641]: DEBUG glance.api.middleware.version_negotiation [None req-ee4fd817-72b6-46c2-b003-ae5503c31f74 admin admin] Using url versioning {{(pid=145641) process_request /opt/stack/glance/glance/api/middleware/version_negotiation.py:57}}
Jul 22 21:28:00 ubuntu devstack@g-api.service[145641]: DEBUG glance.api.middleware.version_negotiation [None req-ee4fd817-72b6-46c2-b003-ae5503c31f74 admin admin] Matched version: v2 {{(pid=145641) process_request /opt/stack/glance/glance/api/middleware/version_negotiation.py:69}}
Jul 22 21:28:00 ubuntu devstack@g-api.service[145641]: DEBUG glance.api.middleware.version_negotiation [None req-ee4fd817-72b6-46c2-b003-ae5503c31f74 admin admin] new path /v2/schemas/metadefs/namespace {{(pid=145641) process_request /opt/stack/glance/glance/api/middleware/version_negotiation.py:70}}
Jul 22 21:28:00 ubuntu devstack@g-api.service[145641]: [pid: 145641|app: 0|req: 8/14] 127.0.0.1 () {38 vars in 737 bytes} [Fri Jul 22 21:28:00 2022] GET /v2/schemas/metadefs/namespace => generated 3100 bytes in 10 msecs (HTTP/1.1 200) 4 headers in 158 bytes (1 switches on core 0)
Jul 22 21:28:00 ubuntu devstack@g-api.service[145642]: DEBUG glance.api.middleware.version_negotiation [None req-1f0f51fe-1b9e-4b43-8170-66ca1c99f9f8 admin admin] Determining version of request: GET /v2/schemas/metadefs/resource_type Accept: */* {{(pid=145642) process_request /opt/stack/glance/glance/api/middleware/version_negotiation.py:44}}
Jul 22 21:28:00 ubuntu devstack@g-api.service[145642]: DEBUG glance.api.middleware.version_negotiation [None req-1f0f51fe-1b9e-4b43-8170-66ca1c99f9f8 admin admin] Using url versioning {{(pid=145642) process_request /opt/stack/glance/glance/api/middleware/version_negotiation.py:57}}
Jul 22 21:28:00 ubuntu devstack@g-api.service[145642]: DEBUG glance.api.middleware.version_negotiation [None req-1f0f51fe-1b9e-4b43-8170-66ca1c99f9f8 admin admin] Matched version: v2 {{(pid=145642) process_request /opt/stack/glance/glance/api/middleware/version_negotiation.py:69}}
Jul 22 21:28:00 ubuntu devstack@g-api.service[145642]: DEBUG glance.api.middleware.version_negotiation [None req-1f0f51fe-1b9e-4b43-8170-66ca1c99f9f8 admin admin] new path /v2/schemas/metadefs/resource_type {{(pid=145642) process_request /opt/stack/glance/glance/api/middleware/version_negotiation.py:70}}
Jul 22 21:28:00 ubuntu devstack@g-api.service[145642]: [pid: 145642|app: 0|req: 7/15] 127.0.0.1 () {38 vars in 745 bytes} [Fri Jul 22 21:28:00 2022] GET /v2/schemas/metadefs/resource_type => generated 1260 bytes in 5 msecs (HTTP/1.1 200) 4 headers in 158 bytes (1 switches on core 0)
Jul 22 21:28:00 ubuntu devstack@g-api.service[145641]: DEBUG glance.api.middleware.version_negotiation [None req-083bfc13-3489-4357-a387-83b7b821b236 admin admin] Determining version of request: GET /v2/images Accept: */* {{(pid=145641) process_request /opt/stack/glance/glance/api/middleware/version_negotiation.py:44}}
Jul 22 21:28:00 ubuntu devstack@g-api.service[145641]: DEBUG glance.api.middleware.version_negotiation [None req-083bfc13-3489-4357-a387-83b7b821b236 admin admin] Using url versioning {{(pid=145641) process_request /opt/stack/glance/glance/api/middleware/version_negotiation.py:57}}
Jul 22 21:28:00 ubuntu devstack@g-api.service[145641]: DEBUG glance.api.middleware.version_negotiation [None req-083bfc13-3489-4357-a387-83b7b821b236 admin admin] Matched version: v2 {{(pid=145641) process_request /opt/stack/glance/glance/api/middleware/version_negotiation.py:69}}
Jul 22 21:28:00 ubuntu devstack@g-api.service[145641]: DEBUG glance.api.middleware.version_negotiation [None req-083bfc13-3489-4357-a387-83b7b821b236 admin admin] new path /v2/images {{(pid=145641) process_request /opt/stack/glance/glance/api/middleware/version_negotiation.py:70}}
Jul 22 21:28:01 ubuntu devstack@g-api.service[145641]: [pid: 145641|app: 0|req: 9/16] 127.0.0.1 () {38 vars in 768 bytes} [Fri Jul 22 21:28:00 2022] GET /v2/images?limit=20&sort_key=name&sort_dir=asc => generated 1081 bytes in 71 msecs (HTTP/1.1 200) 4 headers in 158 bytes (1 switches on core 0)
Jul 22 21:28:01 ubuntu devstack@g-api.service[145642]: DEBUG glance.api.middleware.version_negotiation [None req-72f89115-229a-4cb4-b379-1d8ba1079857 admin admin] Determining version of request: GET /v2/schemas/image Accept: */* {{(pid=145642) process_request /opt/stack/glance/glance/api/middleware/version_negotiation.py:44}}
Jul 22 21:28:01 ubuntu devstack@g-api.service[145642]: DEBUG glance.api.middleware.version_negotiation [None req-72f89115-229a-4cb4-b379-1d8ba1079857 admin admin] Using url versioning {{(pid=145642) process_request /opt/stack/glance/glance/api/middleware/version_negotiation.py:57}}
Jul 22 21:28:01 ubuntu devstack@g-api.service[145642]: DEBUG glance.api.middleware.version_negotiation [None req-72f89115-229a-4cb4-b379-1d8ba1079857 admin admin] Matched version: v2 {{(pid=145642) process_request /opt/stack/glance/glance/api/middleware/version_negotiation.py:69}}
Jul 22 21:28:01 ubuntu devstack@g-api.service[145642]: DEBUG glance.api.middleware.version_negotiation [None req-72f89115-229a-4cb4-b379-1d8ba1079857 admin admin] new path /v2/schemas/image {{(pid=145642) process_request /opt/stack/glance/glance/api/middleware/version_negotiation.py:70}}
Jul 22 21:28:01 ubuntu devstack@g-api.service[145642]: [pid: 145642|app: 0|req: 8/17] 127.0.0.1 () {38 vars in 711 bytes} [Fri Jul 22 21:28:01 2022] GET /v2/schemas/image => generated 6083 bytes in 8 msecs (HTTP/1.1 200) 4 headers in 158 bytes (1 switches on core 0)
Jul 22 21:28:11 ubuntu devstack@g-api.service[145641]: DEBUG dbcounter [-] [145641] Writing DB stats glance:SELECT=2 {{(pid=145641) stat_writer /usr/local/lib/python3.8/dist-packages/dbcounter.py:114}}
Jul 22 21:28:15 ubuntu devstack@g-api.service[145641]: DEBUG glance.api.middleware.version_negotiation [None req-0f7fdab8-2a37-4b54-93dc-07f9c2ca3435 admin admin] Determining version of request: GET / Accept: application/json {{(pid=145641) process_request /opt/stack/glance/glance/api/middleware/version_negotiation.py:44}}
Jul 22 21:28:15 ubuntu devstack@g-api.service[145641]: DEBUG glance.api.middleware.version_negotiation [None req-0f7fdab8-2a37-4b54-93dc-07f9c2ca3435 admin admin] Using url versioning {{(pid=145641) process_request /opt/stack/glance/glance/api/middleware/version_negotiation.py:57}}
Jul 22 21:28:15 ubuntu devstack@g-api.service[145641]: DEBUG glance.api.middleware.version_negotiation [None req-0f7fdab8-2a37-4b54-93dc-07f9c2ca3435 admin admin] Unknown version. Returning version choices. {{(pid=145641) process_request /opt/stack/glance/glance/api/middleware/version_negotiation.py:64}}
Jul 22 21:28:15 ubuntu devstack@g-api.service[145641]: [pid: 145641|app: 0|req: 10/18] 127.0.0.1 () {34 vars in 492 bytes} [Fri Jul 22 21:28:15 2022] GET / => generated 1323 bytes in 4 msecs (HTTP/1.1 300) 3 headers in 106 bytes (1 switches on core 0)
Jul 22 21:28:15 ubuntu devstack@g-api.service[145642]: DEBUG glance.api.middleware.version_negotiation [None req-59514e4a-b961-49c8-a481-7d5ffe552ab1 admin admin] Determining version of request: GET /v2/images/550489dd-a627-4b1d-a702-4c4f543f90ff Accept: */* {{(pid=145642) process_request /opt/stack/glance/glance/api/middleware/version_negotiation.py:44}}
Jul 22 21:28:15 ubuntu devstack@g-api.service[145642]: DEBUG glance.api.middleware.version_negotiation [None req-59514e4a-b961-49c8-a481-7d5ffe552ab1 admin admin] Using url versioning {{(pid=145642) process_request /opt/stack/glance/glance/api/middleware/version_negotiation.py:57}}
Jul 22 21:28:15 ubuntu devstack@g-api.service[145642]: DEBUG glance.api.middleware.version_negotiation [None req-59514e4a-b961-49c8-a481-7d5ffe552ab1 admin admin] Matched version: v2 {{(pid=145642) process_request /opt/stack/glance/glance/api/middleware/version_negotiation.py:69}}
Jul 22 21:28:15 ubuntu devstack@g-api.service[145642]: DEBUG glance.api.middleware.version_negotiation [None req-59514e4a-b961-49c8-a481-7d5ffe552ab1 admin admin] new path /v2/images/550489dd-a627-4b1d-a702-4c4f543f90ff {{(pid=145642) process_request /opt/stack/glance/glance/api/middleware/version_negotiation.py:70}}
Jul 22 21:28:15 ubuntu devstack@g-api.service[145642]: WARNING keystonemiddleware.auth_token [None req-59514e4a-b961-49c8-a481-7d5ffe552ab1 admin admin] A valid token was submitted as a service token, but it was not a valid service token. This is incorrect but backwards compatible behaviour. This will be removed in future releases.
Jul 22 21:28:15 ubuntu devstack@g-api.service[145642]: [pid: 145642|app: 0|req: 9/19] 127.0.0.1 () {42 vars in 1049 bytes} [Fri Jul 22 21:28:15 2022] GET /v2/images/550489dd-a627-4b1d-a702-4c4f543f90ff => generated 976 bytes in 104 msecs (HTTP/1.1 200) 4 headers in 157 bytes (1 switches on core 0)
Jul 22 21:28:15 ubuntu devstack@g-api.service[145641]: DEBUG glance.api.middleware.version_negotiation [None req-0f7fdab8-2a37-4b54-93dc-07f9c2ca3435 admin admin] Determining version of request: GET /v2/schemas/image Accept: */* {{(pid=145641) process_request /opt/stack/glance/glance/api/middleware/version_negotiation.py:44}}
Jul 22 21:28:15 ubuntu devstack@g-api.service[145641]: DEBUG glance.api.middleware.version_negotiation [None req-0f7fdab8-2a37-4b54-93dc-07f9c2ca3435 admin admin] Using url versioning {{(pid=145641) process_request /opt/stack/glance/glance/api/middleware/version_negotiation.py:57}}
Jul 22 21:28:15 ubuntu devstack@g-api.service[145641]: DEBUG glance.api.middleware.version_negotiation [None req-0f7fdab8-2a37-4b54-93dc-07f9c2ca3435 admin admin] Matched version: v2 {{(pid=145641) process_request /opt/stack/glance/glance/api/middleware/version_negotiation.py:69}}
Jul 22 21:28:15 ubuntu devstack@g-api.service[145641]: DEBUG glance.api.middleware.version_negotiation [None req-0f7fdab8-2a37-4b54-93dc-07f9c2ca3435 admin admin] new path /v2/schemas/image {{(pid=145641) process_request /opt/stack/glance/glance/api/middleware/version_negotiation.py:70}}
Jul 22 21:28:15 ubuntu devstack@g-api.service[145641]: WARNING keystonemiddleware.auth_token [None req-0f7fdab8-2a37-4b54-93dc-07f9c2ca3435 admin admin] A valid token was submitted as a service token, but it was not a valid service token. This is incorrect but backwards compatible behaviour. This will be removed in future releases.
Jul 22 21:28:15 ubuntu devstack@g-api.service[145641]: [pid: 145641|app: 0|req: 11/20] 127.0.0.1 () {42 vars in 989 bytes} [Fri Jul 22 21:28:15 2022] GET /v2/schemas/image => generated 6083 bytes in 6 msecs (HTTP/1.1 200) 4 headers in 158 bytes (1 switches on core 0)
Jul 22 21:28:17 ubuntu devstack@g-api.service[145642]: DEBUG glance.api.middleware.version_negotiation [None req-1be294f0-ded0-4be6-ae44-1d32981b45d8 tempest-VolumesAdminNegativeTest-961780726 tempest-VolumesAdminNegativeTest-961780726-project] Determining version of request: GET /v2/images/550489dd-a627-4b1d-a702-4c4f543f90ff Accept: */* {{(pid=145642) process_request /opt/stack/glance/glance/api/middleware/version_negotiation.py:44}}
Jul 22 21:28:17 ubuntu devstack@g-api.service[145642]: DEBUG glance.api.middleware.version_negotiation [None req-1be294f0-ded0-4be6-ae44-1d32981b45d8 tempest-VolumesAdminNegativeTest-961780726 tempest-VolumesAdminNegativeTest-961780726-project] Using url versioning {{(pid=145642) process_request /opt/stack/glance/glance/api/middleware/version_negotiation.py:57}}
Jul 22 21:28:17 ubuntu devstack@g-api.service[145642]: DEBUG glance.api.middleware.version_negotiation [None req-1be294f0-ded0-4be6-ae44-1d32981b45d8 tempest-VolumesAdminNegativeTest-961780726 tempest-VolumesAdminNegativeTest-961780726-project] Matched version: v2 {{(pid=145642) process_request /opt/stack/glance/glance/api/middleware/version_negotiation.py:69}}
Jul 22 21:28:17 ubuntu devstack@g-api.service[145642]: DEBUG glance.api.middleware.version_negotiation [None req-1be294f0-ded0-4be6-ae44-1d32981b45d8 tempest-VolumesAdminNegativeTest-961780726 tempest-VolumesAdminNegativeTest-961780726-project] new path /v2/images/550489dd-a627-4b1d-a702-4c4f543f90ff {{(pid=145642) process_request /opt/stack/glance/glance/api/middleware/version_negotiation.py:70}}
Jul 22 21:28:17 ubuntu devstack@g-api.service[145642]: [pid: 145642|app: 0|req: 10/21] 127.0.0.1 () {42 vars in 1049 bytes} [Fri Jul 22 21:28:17 2022] GET /v2/images/550489dd-a627-4b1d-a702-4c4f543f90ff => generated 976 bytes in 16 msecs (HTTP/1.1 200) 4 headers in 157 bytes (1 switches on core 0)
Jul 22 21:28:17 ubuntu devstack@g-api.service[145641]: DEBUG glance.api.middleware.version_negotiation [None req-1be294f0-ded0-4be6-ae44-1d32981b45d8 tempest-VolumesAdminNegativeTest-961780726 tempest-VolumesAdminNegativeTest-961780726-project] Determining version of request: GET /v2/images/550489dd-a627-4b1d-a702-4c4f543f90ff/file Accept: */* {{(pid=145641) process_request /opt/stack/glance/glance/api/middleware/version_negotiation.py:44}}
Jul 22 21:28:17 ubuntu devstack@g-api.service[145641]: DEBUG glance.api.middleware.version_negotiation [None req-1be294f0-ded0-4be6-ae44-1d32981b45d8 tempest-VolumesAdminNegativeTest-961780726 tempest-VolumesAdminNegativeTest-961780726-project] Using url versioning {{(pid=145641) process_request /opt/stack/glance/glance/api/middleware/version_negotiation.py:57}}
Jul 22 21:28:17 ubuntu devstack@g-api.service[145641]: DEBUG glance.api.middleware.version_negotiation [None req-1be294f0-ded0-4be6-ae44-1d32981b45d8 tempest-VolumesAdminNegativeTest-961780726 tempest-VolumesAdminNegativeTest-961780726-project] Matched version: v2 {{(pid=145641) process_request /opt/stack/glance/glance/api/middleware/version_negotiation.py:69}}
Jul 22 21:28:17 ubuntu devstack@g-api.service[145641]: DEBUG glance.api.middleware.version_negotiation [None req-1be294f0-ded0-4be6-ae44-1d32981b45d8 tempest-VolumesAdminNegativeTest-961780726 tempest-VolumesAdminNegativeTest-961780726-project] new path /v2/images/550489dd-a627-4b1d-a702-4c4f543f90ff/file {{(pid=145641) process_request /opt/stack/glance/glance/api/middleware/version_negotiation.py:70}}
Jul 22 21:28:17 ubuntu devstack@g-api.service[145641]: DEBUG glance_store.backend [None req-1be294f0-ded0-4be6-ae44-1d32981b45d8 tempest-VolumesAdminNegativeTest-961780726 tempest-VolumesAdminNegativeTest-961780726-project] Attempting to import store swift {{(pid=145641) _load_store /usr/local/lib/python3.8/dist-packages/glance_store/backend.py:216}}
Jul 22 21:28:17 ubuntu devstack@g-api.service[145641]: DEBUG glance_store.capabilities [None req-1be294f0-ded0-4be6-ae44-1d32981b45d8 tempest-VolumesAdminNegativeTest-961780726 tempest-VolumesAdminNegativeTest-961780726-project] Store glance_store._drivers.swift.store.SingleTenantStore doesn't support updating dynamic storage capabilities. Please overwrite 'update_capabilities' method of the store to implement updating logics if needed. {{(pid=145641) update_capabilities /usr/local/lib/python3.8/dist-packages/glance_store/capabilities.py:91}}
Jul 22 21:28:17 ubuntu devstack@g-api.service[145641]: DEBUG glance_store.driver [None req-1be294f0-ded0-4be6-ae44-1d32981b45d8 tempest-VolumesAdminNegativeTest-961780726 tempest-VolumesAdminNegativeTest-961780726-project] Late loading location class glance_store._drivers.swift.store.StoreLocation {{(pid=145641) get_store_location_class /usr/local/lib/python3.8/dist-packages/glance_store/driver.py:116}}
Jul 22 21:28:17 ubuntu devstack@g-api.service[145641]: DEBUG glance_store.location [None req-1be294f0-ded0-4be6-ae44-1d32981b45d8 tempest-VolumesAdminNegativeTest-961780726 tempest-VolumesAdminNegativeTest-961780726-project] Registering scheme swift+https with {'store': <glance_store._drivers.swift.store.SingleTenantStore object at 0x7f545a631e20>, 'location_class': <class 'glance_store._drivers.swift.store.StoreLocation'>, 'store_entry': 'swift'} {{(pid=145641) register_scheme_map /usr/local/lib/python3.8/dist-packages/glance_store/location.py:146}}
Jul 22 21:28:17 ubuntu devstack@g-api.service[145641]: DEBUG glance_store.location [None req-1be294f0-ded0-4be6-ae44-1d32981b45d8 tempest-VolumesAdminNegativeTest-961780726 tempest-VolumesAdminNegativeTest-961780726-project] Registering scheme swift+https with {'store': <glance_store._drivers.swift.store.SingleTenantStore object at 0x7f545a631e20>, 'location_class': <class 'glance_store._drivers.swift.store.StoreLocation'>, 'store_entry': 'swift'} {{(pid=145641) register_scheme_map /usr/local/lib/python3.8/dist-packages/glance_store/location.py:146}}
Jul 22 21:28:17 ubuntu devstack@g-api.service[145641]: DEBUG glance_store.location [None req-1be294f0-ded0-4be6-ae44-1d32981b45d8 tempest-VolumesAdminNegativeTest-961780726 tempest-VolumesAdminNegativeTest-961780726-project] Registering scheme swift with {'store': <glance_store._drivers.swift.store.SingleTenantStore object at 0x7f545a631e20>, 'location_class': <class 'glance_store._drivers.swift.store.StoreLocation'>, 'store_entry': 'swift'} {{(pid=145641) register_scheme_map /usr/local/lib/python3.8/dist-packages/glance_store/location.py:146}}
Jul 22 21:28:17 ubuntu devstack@g-api.service[145641]: DEBUG glance_store.location [None req-1be294f0-ded0-4be6-ae44-1d32981b45d8 tempest-VolumesAdminNegativeTest-961780726 tempest-VolumesAdminNegativeTest-961780726-project] Registering scheme swift+https with {'store': <glance_store._drivers.swift.store.SingleTenantStore object at 0x7f545a631e20>, 'location_class': <class 'glance_store._drivers.swift.store.StoreLocation'>, 'store_entry': 'swift'} {{(pid=145641) register_scheme_map /usr/local/lib/python3.8/dist-packages/glance_store/location.py:146}}
Jul 22 21:28:17 ubuntu devstack@g-api.service[145641]: DEBUG glance_store.location [None req-1be294f0-ded0-4be6-ae44-1d32981b45d8 tempest-VolumesAdminNegativeTest-961780726 tempest-VolumesAdminNegativeTest-961780726-project] Registering scheme swift with {'store': <glance_store._drivers.swift.store.SingleTenantStore object at 0x7f545a631e20>, 'location_class': <class 'glance_store._drivers.swift.store.StoreLocation'>, 'store_entry': 'swift'} {{(pid=145641) register_scheme_map /usr/local/lib/python3.8/dist-packages/glance_store/location.py:146}}
Jul 22 21:28:17 ubuntu devstack@g-api.service[145641]: DEBUG glance_store.location [None req-1be294f0-ded0-4be6-ae44-1d32981b45d8 tempest-VolumesAdminNegativeTest-961780726 tempest-VolumesAdminNegativeTest-961780726-project] Registering scheme swift+http with {'store': <glance_store._drivers.swift.store.SingleTenantStore object at 0x7f545a631e20>, 'location_class': <class 'glance_store._drivers.swift.store.StoreLocation'>, 'store_entry': 'swift'} {{(pid=145641) register_scheme_map /usr/local/lib/python3.8/dist-packages/glance_store/location.py:146}}
Jul 22 21:28:17 ubuntu devstack@g-api.service[145641]: DEBUG glance_store.location [None req-1be294f0-ded0-4be6-ae44-1d32981b45d8 tempest-VolumesAdminNegativeTest-961780726 tempest-VolumesAdminNegativeTest-961780726-project] Registering scheme swift+https with {'store': <glance_store._drivers.swift.store.SingleTenantStore object at 0x7f545a631e20>, 'location_class': <class 'glance_store._drivers.swift.store.StoreLocation'>, 'store_entry': 'swift'} {{(pid=145641) register_scheme_map /usr/local/lib/python3.8/dist-packages/glance_store/location.py:146}}
Jul 22 21:28:17 ubuntu devstack@g-api.service[145641]: DEBUG glance_store.location [None req-1be294f0-ded0-4be6-ae44-1d32981b45d8 tempest-VolumesAdminNegativeTest-961780726 tempest-VolumesAdminNegativeTest-961780726-project] Registering scheme swift with {'store': <glance_store._drivers.swift.store.SingleTenantStore object at 0x7f545a631e20>, 'location_class': <class 'glance_store._drivers.swift.store.StoreLocation'>, 'store_entry': 'swift'} {{(pid=145641) register_scheme_map /usr/local/lib/python3.8/dist-packages/glance_store/location.py:146}}
Jul 22 21:28:17 ubuntu devstack@g-api.service[145641]: DEBUG glance_store.location [None req-1be294f0-ded0-4be6-ae44-1d32981b45d8 tempest-VolumesAdminNegativeTest-961780726 tempest-VolumesAdminNegativeTest-961780726-project] Registering scheme swift+http with {'store': <glance_store._drivers.swift.store.SingleTenantStore object at 0x7f545a631e20>, 'location_class': <class 'glance_store._drivers.swift.store.StoreLocation'>, 'store_entry': 'swift'} {{(pid=145641) register_scheme_map /usr/local/lib/python3.8/dist-packages/glance_store/location.py:146}}
Jul 22 21:28:17 ubuntu devstack@g-api.service[145641]: DEBUG glance_store.location [None req-1be294f0-ded0-4be6-ae44-1d32981b45d8 tempest-VolumesAdminNegativeTest-961780726 tempest-VolumesAdminNegativeTest-961780726-project] Registering scheme swift+config with {'store': <glance_store._drivers.swift.store.SingleTenantStore object at 0x7f545a631e20>, 'location_class': <class 'glance_store._drivers.swift.store.StoreLocation'>, 'store_entry': 'swift'} {{(pid=145641) register_scheme_map /usr/local/lib/python3.8/dist-packages/glance_store/location.py:146}}
Jul 22 21:28:18 ubuntu devstack@g-api.service[145641]: DEBUG swiftclient [None req-1be294f0-ded0-4be6-ae44-1d32981b45d8 tempest-VolumesAdminNegativeTest-961780726 tempest-VolumesAdminNegativeTest-961780726-project] REQ: curl -i http://192.168.79.42:8080/v1/AUTH_a19b6908791e4cba99cd94d5dead1e32/glance/550489dd-a627-4b1d-a702-4c4f543f90ff -X GET -H "X-Auth-Token: gAAAAABi2xZxUWZs..." {{(pid=145641) http_log /usr/local/lib/python3.8/dist-packages/swiftclient/client.py:157}}
Jul 22 21:28:18 ubuntu devstack@g-api.service[145641]: DEBUG swiftclient [None req-1be294f0-ded0-4be6-ae44-1d32981b45d8 tempest-VolumesAdminNegativeTest-961780726 tempest-VolumesAdminNegativeTest-961780726-project] RESP STATUS: 200 OK {{(pid=145641) http_log /usr/local/lib/python3.8/dist-packages/swiftclient/client.py:158}}
Jul 22 21:28:18 ubuntu devstack@g-api.service[145641]: DEBUG swiftclient [None req-1be294f0-ded0-4be6-ae44-1d32981b45d8 tempest-VolumesAdminNegativeTest-961780726 tempest-VolumesAdminNegativeTest-961780726-project] RESP HEADERS: {'Content-Type': 'application/octet-stream', 'Etag': '1d3062cd89af34e419f7100277f38b2b', 'Last-Modified': 'Fri, 22 Jul 2022 21:22:33 GMT', 'X-Timestamp': '1658524952.42331', 'Accept-Ranges': 'bytes', 'Content-Length': '16338944', 'X-Trans-Id': 'tx95d3b38eeed1420cb5165-0062db1671', 'X-Openstack-Request-Id': 'tx95d3b38eeed1420cb5165-0062db1671', 'Date': 'Fri, 22 Jul 2022 21:28:18 GMT'} {{(pid=145641) http_log /usr/local/lib/python3.8/dist-packages/swiftclient/client.py:159}}
Jul 22 21:28:18 ubuntu devstack@g-api.service[145641]: DEBUG glance.image_cache [None req-1be294f0-ded0-4be6-ae44-1d32981b45d8 tempest-VolumesAdminNegativeTest-961780726 tempest-VolumesAdminNegativeTest-961780726-project] Tee'ing image '550489dd-a627-4b1d-a702-4c4f543f90ff' into cache {{(pid=145641) get_caching_iter /opt/stack/glance/glance/image_cache/__init__.py:343}}
Jul 22 21:28:18 ubuntu devstack@g-api.service[145641]: DEBUG glance.image_cache.drivers.sqlite [None req-1be294f0-ded0-4be6-ae44-1d32981b45d8 tempest-VolumesAdminNegativeTest-961780726 tempest-VolumesAdminNegativeTest-961780726-project] Fetch finished, moving '/opt/stack/data/glance/cache/incomplete/550489dd-a627-4b1d-a702-4c4f543f90ff' to '/opt/stack/data/glance/cache/550489dd-a627-4b1d-a702-4c4f543f90ff' {{(pid=145641) commit /opt/stack/glance/glance/image_cache/drivers/sqlite.py:324}}
Jul 22 21:28:18 ubuntu devstack@g-api.service[145641]: [pid: 145641|app: 0|req: 12/22] 127.0.0.1 () {42 vars in 1059 bytes} [Fri Jul 22 21:28:17 2022] GET /v2/images/550489dd-a627-4b1d-a702-4c4f543f90ff/file => generated 16338944 bytes in 540 msecs (HTTP/1.1 200) 4 headers in 191 bytes (250 switches on core 0)
Jul 22 21:28:27 ubuntu devstack@g-api.service[145642]: DEBUG dbcounter [-] [145642] Writing DB stats glance:SELECT=8 {{(pid=145642) stat_writer /usr/local/lib/python3.8/dist-packages/dbcounter.py:114}}
Jul 22 21:28:28 ubuntu devstack@g-api.service[145641]: DEBUG dbcounter [-] [145641] Writing DB stats glance:SELECT=8 {{(pid=145641) stat_writer /usr/local/lib/python3.8/dist-packages/dbcounter.py:114}}
Jul 22 21:28:43 ubuntu devstack@g-api.service[145642]: DEBUG glance.api.middleware.version_negotiation [None req-1be294f0-ded0-4be6-ae44-1d32981b45d8 tempest-VolumesAdminNegativeTest-961780726 tempest-VolumesAdminNegativeTest-961780726-project] Determining version of request: GET / Accept: application/json {{(pid=145642) process_request /opt/stack/glance/glance/api/middleware/version_negotiation.py:44}}
Jul 22 21:28:43 ubuntu devstack@g-api.service[145642]: DEBUG glance.api.middleware.version_negotiation [None req-1be294f0-ded0-4be6-ae44-1d32981b45d8 tempest-VolumesAdminNegativeTest-961780726 tempest-VolumesAdminNegativeTest-961780726-project] Using url versioning {{(pid=145642) process_request /opt/stack/glance/glance/api/middleware/version_negotiation.py:57}}
Jul 22 21:28:43 ubuntu devstack@g-api.service[145642]: DEBUG glance.api.middleware.version_negotiation [None req-1be294f0-ded0-4be6-ae44-1d32981b45d8 tempest-VolumesAdminNegativeTest-961780726 tempest-VolumesAdminNegativeTest-961780726-project] Unknown version. Returning version choices. {{(pid=145642) process_request /opt/stack/glance/glance/api/middleware/version_negotiation.py:64}}
Jul 22 21:28:43 ubuntu devstack@g-api.service[145642]: [pid: 145642|app: 0|req: 11/23] 127.0.0.1 () {34 vars in 492 bytes} [Fri Jul 22 21:28:43 2022] GET / => generated 1323 bytes in 4 msecs (HTTP/1.1 300) 3 headers in 106 bytes (1 switches on core 0)
Jul 22 21:28:43 ubuntu devstack@g-api.service[145641]: DEBUG glance.api.middleware.version_negotiation [None req-1be294f0-ded0-4be6-ae44-1d32981b45d8 tempest-VolumesAdminNegativeTest-961780726 tempest-VolumesAdminNegativeTest-961780726-project] Determining version of request: GET /v2/images/550489dd-a627-4b1d-a702-4c4f543f90ff Accept: */* {{(pid=145641) process_request /opt/stack/glance/glance/api/middleware/version_negotiation.py:44}}
Jul 22 21:28:43 ubuntu devstack@g-api.service[145641]: DEBUG glance.api.middleware.version_negotiation [None req-1be294f0-ded0-4be6-ae44-1d32981b45d8 tempest-VolumesAdminNegativeTest-961780726 tempest-VolumesAdminNegativeTest-961780726-project] Using url versioning {{(pid=145641) process_request /opt/stack/glance/glance/api/middleware/version_negotiation.py:57}}
Jul 22 21:28:43 ubuntu devstack@g-api.service[145641]: DEBUG glance.api.middleware.version_negotiation [None req-1be294f0-ded0-4be6-ae44-1d32981b45d8 tempest-VolumesAdminNegativeTest-961780726 tempest-VolumesAdminNegativeTest-961780726-project] Matched version: v2 {{(pid=145641) process_request /opt/stack/glance/glance/api/middleware/version_negotiation.py:69}}
Jul 22 21:28:43 ubuntu devstack@g-api.service[145641]: DEBUG glance.api.middleware.version_negotiation [None req-1be294f0-ded0-4be6-ae44-1d32981b45d8 tempest-VolumesAdminNegativeTest-961780726 tempest-VolumesAdminNegativeTest-961780726-project] new path /v2/images/550489dd-a627-4b1d-a702-4c4f543f90ff {{(pid=145641) process_request /opt/stack/glance/glance/api/middleware/version_negotiation.py:70}}
Jul 22 21:28:43 ubuntu devstack@g-api.service[145641]: [pid: 145641|app: 0|req: 13/24] 127.0.0.1 () {42 vars in 1049 bytes} [Fri Jul 22 21:28:43 2022] GET /v2/images/550489dd-a627-4b1d-a702-4c4f543f90ff => generated 976 bytes in 21 msecs (HTTP/1.1 200) 4 headers in 157 bytes (1 switches on core 0)
Jul 22 21:28:43 ubuntu devstack@g-api.service[145642]: DEBUG glance.api.middleware.version_negotiation [None req-1be294f0-ded0-4be6-ae44-1d32981b45d8 tempest-VolumesAdminNegativeTest-961780726 tempest-VolumesAdminNegativeTest-961780726-project] Determining version of request: GET /v2/schemas/image Accept: */* {{(pid=145642) process_request /opt/stack/glance/glance/api/middleware/version_negotiation.py:44}}
Jul 22 21:28:43 ubuntu devstack@g-api.service[145642]: DEBUG glance.api.middleware.version_negotiation [None req-1be294f0-ded0-4be6-ae44-1d32981b45d8 tempest-VolumesAdminNegativeTest-961780726 tempest-VolumesAdminNegativeTest-961780726-project] Using url versioning {{(pid=145642) process_request /opt/stack/glance/glance/api/middleware/version_negotiation.py:57}}
Jul 22 21:28:43 ubuntu devstack@g-api.service[145642]: DEBUG glance.api.middleware.version_negotiation [None req-1be294f0-ded0-4be6-ae44-1d32981b45d8 tempest-VolumesAdminNegativeTest-961780726 tempest-VolumesAdminNegativeTest-961780726-project] Matched version: v2 {{(pid=145642) process_request /opt/stack/glance/glance/api/middleware/version_negotiation.py:69}}
Jul 22 21:28:43 ubuntu devstack@g-api.service[145642]: DEBUG glance.api.middleware.version_negotiation [None req-1be294f0-ded0-4be6-ae44-1d32981b45d8 tempest-VolumesAdminNegativeTest-961780726 tempest-VolumesAdminNegativeTest-961780726-project] new path /v2/schemas/image {{(pid=145642) process_request /opt/stack/glance/glance/api/middleware/version_negotiation.py:70}}
Jul 22 21:28:43 ubuntu devstack@g-api.service[145642]: [pid: 145642|app: 0|req: 12/25] 127.0.0.1 () {42 vars in 989 bytes} [Fri Jul 22 21:28:43 2022] GET /v2/schemas/image => generated 6083 bytes in 6 msecs (HTTP/1.1 200) 4 headers in 158 bytes (1 switches on core 0)
Jul 22 21:28:53 ubuntu devstack@g-api.service[145641]: DEBUG dbcounter [-] [145641] Writing DB stats glance:SELECT=4 {{(pid=145641) stat_writer /usr/local/lib/python3.8/dist-packages/dbcounter.py:114}}
Jul 22 21:29:12 ubuntu devstack@g-api.service[145641]: DEBUG glance.api.middleware.version_negotiation [None req-11484ab5-2e98-4010-9f16-433259927a57 tempest-DeleteServersTestJSON-2087724481 tempest-DeleteServersTestJSON-2087724481-project] Determining version of request: GET /v2/images/550489dd-a627-4b1d-a702-4c4f543f90ff Accept: */* {{(pid=145641) process_request /opt/stack/glance/glance/api/middleware/version_negotiation.py:44}}
Jul 22 21:29:12 ubuntu devstack@g-api.service[145641]: DEBUG glance.api.middleware.version_negotiation [None req-11484ab5-2e98-4010-9f16-433259927a57 tempest-DeleteServersTestJSON-2087724481 tempest-DeleteServersTestJSON-2087724481-project] Using url versioning {{(pid=145641) process_request /opt/stack/glance/glance/api/middleware/version_negotiation.py:57}}
Jul 22 21:29:12 ubuntu devstack@g-api.service[145641]: DEBUG glance.api.middleware.version_negotiation [None req-11484ab5-2e98-4010-9f16-433259927a57 tempest-DeleteServersTestJSON-2087724481 tempest-DeleteServersTestJSON-2087724481-project] Matched version: v2 {{(pid=145641) process_request /opt/stack/glance/glance/api/middleware/version_negotiation.py:69}}
Jul 22 21:29:12 ubuntu devstack@g-api.service[145641]: DEBUG glance.api.middleware.version_negotiation [None req-11484ab5-2e98-4010-9f16-433259927a57 tempest-DeleteServersTestJSON-2087724481 tempest-DeleteServersTestJSON-2087724481-project] new path /v2/images/550489dd-a627-4b1d-a702-4c4f543f90ff {{(pid=145641) process_request /opt/stack/glance/glance/api/middleware/version_negotiation.py:70}}
Jul 22 21:29:12 ubuntu devstack@g-api.service[145641]: [pid: 145641|app: 0|req: 14/26] 127.0.0.1 () {42 vars in 1049 bytes} [Fri Jul 22 21:29:12 2022] GET /v2/images/550489dd-a627-4b1d-a702-4c4f543f90ff => generated 976 bytes in 20 msecs (HTTP/1.1 200) 4 headers in 157 bytes (1 switches on core 0)
