Jun 09 13:14:16 ubuntu devstack@g-api.service[133096]: DEBUG glance_store.capabilities [None req-87f826d8-eab0-4889-b266-3266c8545674 admin admin] Store glance_store._drivers.swift.store.SingleTenantStore doesn't support updating dynamic storage capabilities. Please overwrite 'update_capabilities' method of the store to implement updating logics if needed. {{(pid=133096) update_capabilities /usr/local/lib/python3.8/dist-packages/glance_store/capabilities.py:91}}
Jun 09 13:14:16 ubuntu devstack@g-api.service[133096]: DEBUG glance_store.driver [None req-87f826d8-eab0-4889-b266-3266c8545674 admin admin] Late loading location class glance_store._drivers.swift.store.StoreLocation {{(pid=133096) get_store_location_class /usr/local/lib/python3.8/dist-packages/glance_store/driver.py:117}}
Jun 09 13:14:16 ubuntu devstack@g-api.service[133096]: DEBUG glance_store.location [None req-87f826d8-eab0-4889-b266-3266c8545674 admin admin] Registering scheme swift+https with {'store': <glance_store._drivers.swift.store.SingleTenantStore object at 0x7fc77e74ca90>, 'location_class': <class 'glance_store._drivers.swift.store.StoreLocation'>, 'store_entry': 'swift'} {{(pid=133096) register_scheme_map /usr/local/lib/python3.8/dist-packages/glance_store/location.py:146}}
Jun 09 13:14:16 ubuntu devstack@g-api.service[133096]: DEBUG glance_store.location [None req-87f826d8-eab0-4889-b266-3266c8545674 admin admin] Registering scheme swift+https with {'store': <glance_store._drivers.swift.store.SingleTenantStore object at 0x7fc77e74ca90>, 'location_class': <class 'glance_store._drivers.swift.store.StoreLocation'>, 'store_entry': 'swift'} {{(pid=133096) register_scheme_map /usr/local/lib/python3.8/dist-packages/glance_store/location.py:146}}
Jun 09 13:14:16 ubuntu devstack@g-api.service[133096]: DEBUG glance_store.location [None req-87f826d8-eab0-4889-b266-3266c8545674 admin admin] Registering scheme swift with {'store': <glance_store._drivers.swift.store.SingleTenantStore object at 0x7fc77e74ca90>, 'location_class': <class 'glance_store._drivers.swift.store.StoreLocation'>, 'store_entry': 'swift'} {{(pid=133096) register_scheme_map /usr/local/lib/python3.8/dist-packages/glance_store/location.py:146}}
Jun 09 13:14:16 ubuntu devstack@g-api.service[133096]: DEBUG glance_store.location [None req-87f826d8-eab0-4889-b266-3266c8545674 admin admin] Registering scheme swift+https with {'store': <glance_store._drivers.swift.store.SingleTenantStore object at 0x7fc77e74ca90>, 'location_class': <class 'glance_store._drivers.swift.store.StoreLocation'>, 'store_entry': 'swift'} {{(pid=133096) register_scheme_map /usr/local/lib/python3.8/dist-packages/glance_store/location.py:146}}
Jun 09 13:14:16 ubuntu devstack@g-api.service[133096]: DEBUG glance_store.location [None req-87f826d8-eab0-4889-b266-3266c8545674 admin admin] Registering scheme swift with {'store': <glance_store._drivers.swift.store.SingleTenantStore object at 0x7fc77e74ca90>, 'location_class': <class 'glance_store._drivers.swift.store.StoreLocation'>, 'store_entry': 'swift'} {{(pid=133096) register_scheme_map /usr/local/lib/python3.8/dist-packages/glance_store/location.py:146}}
Jun 09 13:14:16 ubuntu devstack@g-api.service[133096]: DEBUG glance_store.location [None req-87f826d8-eab0-4889-b266-3266c8545674 admin admin] Registering scheme swift+http with {'store': <glance_store._drivers.swift.store.SingleTenantStore object at 0x7fc77e74ca90>, 'location_class': <class 'glance_store._drivers.swift.store.StoreLocation'>, 'store_entry': 'swift'} {{(pid=133096) register_scheme_map /usr/local/lib/python3.8/dist-packages/glance_store/location.py:146}}
Jun 09 13:14:16 ubuntu devstack@g-api.service[133096]: DEBUG glance_store.location [None req-87f826d8-eab0-4889-b266-3266c8545674 admin admin] Registering scheme swift+https with {'store': <glance_store._drivers.swift.store.SingleTenantStore object at 0x7fc77e74ca90>, 'location_class': <class 'glance_store._drivers.swift.store.StoreLocation'>, 'store_entry': 'swift'} {{(pid=133096) register_scheme_map /usr/local/lib/python3.8/dist-packages/glance_store/location.py:146}}
Jun 09 13:14:16 ubuntu devstack@g-api.service[133096]: DEBUG glance_store.location [None req-87f826d8-eab0-4889-b266-3266c8545674 admin admin] Registering scheme swift with {'store': <glance_store._drivers.swift.store.SingleTenantStore object at 0x7fc77e74ca90>, 'location_class': <class 'glance_store._drivers.swift.store.StoreLocation'>, 'store_entry': 'swift'} {{(pid=133096) register_scheme_map /usr/local/lib/python3.8/dist-packages/glance_store/location.py:146}}
Jun 09 13:14:16 ubuntu devstack@g-api.service[133096]: DEBUG glance_store.location [None req-87f826d8-eab0-4889-b266-3266c8545674 admin admin] Registering scheme swift+http with {'store': <glance_store._drivers.swift.store.SingleTenantStore object at 0x7fc77e74ca90>, 'location_class': <class 'glance_store._drivers.swift.store.StoreLocation'>, 'store_entry': 'swift'} {{(pid=133096) register_scheme_map /usr/local/lib/python3.8/dist-packages/glance_store/location.py:146}}
Jun 09 13:14:16 ubuntu devstack@g-api.service[133096]: DEBUG glance_store.location [None req-87f826d8-eab0-4889-b266-3266c8545674 admin admin] Registering scheme swift+config with {'store': <glance_store._drivers.swift.store.SingleTenantStore object at 0x7fc77e74ca90>, 'location_class': <class 'glance_store._drivers.swift.store.StoreLocation'>, 'store_entry': 'swift'} {{(pid=133096) register_scheme_map /usr/local/lib/python3.8/dist-packages/glance_store/location.py:146}}
Jun 09 13:14:16 ubuntu devstack@g-api.service[133096]: DEBUG glance_store.backend [None req-87f826d8-eab0-4889-b266-3266c8545674 admin admin] Skipping store.set_acls... not implemented. {{(pid=133096) set_acls /usr/local/lib/python3.8/dist-packages/glance_store/backend.py:509}}
Jun 09 13:14:16 ubuntu devstack@g-api.service[133096]: [pid: 133096|app: 0|req: 3/4] 127.0.0.1 () {40 vars in 862 bytes} [Thu Jun  9 13:14:13 2022] PUT /v2/images/11f96dd8-8be3-46c3-bcde-9fc4c5ddffd7/file => generated 0 bytes in 2327 msecs (HTTP/1.1 204) 4 headers in 171 bytes (1 switches on core 0)
Jun 09 13:14:23 ubuntu devstack@g-api.service[133095]: DEBUG dbcounter [-] [133095] Writing DB stats glance:SELECT=9,glance:INSERT=5 {{(pid=133095) stat_writer /usr/local/lib/python3.8/dist-packages/dbcounter.py:114}}
Jun 09 13:14:26 ubuntu devstack@g-api.service[133096]: DEBUG dbcounter [-] [133096] Writing DB stats glance:SELECT=28,glance:UPDATE=2,glance:INSERT=1 {{(pid=133096) stat_writer /usr/local/lib/python3.8/dist-packages/dbcounter.py:114}}
Jun 09 13:14:57 ubuntu devstack@g-api.service[133095]: DEBUG glance.api.middleware.version_negotiation [None req-50c150b9-0f72-495f-88a2-a63e7fadf13d admin admin] Determining version of request: GET / Accept: application/json {{(pid=133095) process_request /opt/stack/glance/glance/api/middleware/version_negotiation.py:44}}
Jun 09 13:14:57 ubuntu devstack@g-api.service[133095]: DEBUG glance.api.middleware.version_negotiation [None req-50c150b9-0f72-495f-88a2-a63e7fadf13d admin admin] Using url versioning {{(pid=133095) process_request /opt/stack/glance/glance/api/middleware/version_negotiation.py:57}}
Jun 09 13:14:57 ubuntu devstack@g-api.service[133095]: DEBUG glance.api.middleware.version_negotiation [None req-50c150b9-0f72-495f-88a2-a63e7fadf13d admin admin] Unknown version. Returning version choices. {{(pid=133095) process_request /opt/stack/glance/glance/api/middleware/version_negotiation.py:64}}
Jun 09 13:14:57 ubuntu devstack@g-api.service[133095]: [pid: 133095|app: 0|req: 2/5] 127.0.0.1 () {34 vars in 506 bytes} [Thu Jun  9 13:14:57 2022] GET / => generated 1323 bytes in 5 msecs (HTTP/1.1 300) 3 headers in 106 bytes (1 switches on core 0)
Jun 09 13:14:57 ubuntu devstack@g-api.service[133096]: DEBUG glance.api.middleware.version_negotiation [None req-87f826d8-eab0-4889-b266-3266c8545674 admin admin] Determining version of request: GET /v2/images Accept: application/json {{(pid=133096) process_request /opt/stack/glance/glance/api/middleware/version_negotiation.py:44}}
Jun 09 13:14:57 ubuntu devstack@g-api.service[133096]: DEBUG glance.api.middleware.version_negotiation [None req-87f826d8-eab0-4889-b266-3266c8545674 admin admin] Using url versioning {{(pid=133096) process_request /opt/stack/glance/glance/api/middleware/version_negotiation.py:57}}
Jun 09 13:14:57 ubuntu devstack@g-api.service[133096]: DEBUG glance.api.middleware.version_negotiation [None req-87f826d8-eab0-4889-b266-3266c8545674 admin admin] Matched version: v2 {{(pid=133096) process_request /opt/stack/glance/glance/api/middleware/version_negotiation.py:69}}
Jun 09 13:14:57 ubuntu devstack@g-api.service[133096]: DEBUG glance.api.middleware.version_negotiation [None req-87f826d8-eab0-4889-b266-3266c8545674 admin admin] new path /v2/images {{(pid=133096) process_request /opt/stack/glance/glance/api/middleware/version_negotiation.py:70}}
Jun 09 13:14:58 ubuntu devstack@g-api.service[133096]: [pid: 133096|app: 0|req: 4/6] 127.0.0.1 () {36 vars in 728 bytes} [Thu Jun  9 13:14:57 2022] GET /v2/images => generated 1045 bytes in 115 msecs (HTTP/1.1 200) 4 headers in 158 bytes (1 switches on core 0)
Jun 09 13:15:03 ubuntu devstack@g-api.service[133095]: DEBUG glance.api.middleware.version_negotiation [None req-50c150b9-0f72-495f-88a2-a63e7fadf13d admin admin] Determining version of request: GET / Accept: application/json {{(pid=133095) process_request /opt/stack/glance/glance/api/middleware/version_negotiation.py:44}}
Jun 09 13:15:03 ubuntu devstack@g-api.service[133095]: DEBUG glance.api.middleware.version_negotiation [None req-50c150b9-0f72-495f-88a2-a63e7fadf13d admin admin] Using url versioning {{(pid=133095) process_request /opt/stack/glance/glance/api/middleware/version_negotiation.py:57}}
Jun 09 13:15:03 ubuntu devstack@g-api.service[133095]: DEBUG glance.api.middleware.version_negotiation [None req-50c150b9-0f72-495f-88a2-a63e7fadf13d admin admin] Unknown version. Returning version choices. {{(pid=133095) process_request /opt/stack/glance/glance/api/middleware/version_negotiation.py:64}}
Jun 09 13:15:03 ubuntu devstack@g-api.service[133095]: [pid: 133095|app: 0|req: 3/7] 127.0.0.1 () {34 vars in 506 bytes} [Thu Jun  9 13:15:03 2022] GET / => generated 1323 bytes in 3 msecs (HTTP/1.1 300) 3 headers in 106 bytes (1 switches on core 0)
Jun 09 13:15:03 ubuntu devstack@g-api.service[133096]: DEBUG glance.api.middleware.version_negotiation [None req-5084ffd2-d4ec-41ee-af57-e73d0eb3c404 admin admin] Determining version of request: GET /v2/images/11f96dd8-8be3-46c3-bcde-9fc4c5ddffd7 Accept: */* {{(pid=133096) process_request /opt/stack/glance/glance/api/middleware/version_negotiation.py:44}}
Jun 09 13:15:03 ubuntu devstack@g-api.service[133096]: DEBUG glance.api.middleware.version_negotiation [None req-5084ffd2-d4ec-41ee-af57-e73d0eb3c404 admin admin] Using url versioning {{(pid=133096) process_request /opt/stack/glance/glance/api/middleware/version_negotiation.py:57}}
Jun 09 13:15:03 ubuntu devstack@g-api.service[133096]: DEBUG glance.api.middleware.version_negotiation [None req-5084ffd2-d4ec-41ee-af57-e73d0eb3c404 admin admin] Matched version: v2 {{(pid=133096) process_request /opt/stack/glance/glance/api/middleware/version_negotiation.py:69}}
Jun 09 13:15:03 ubuntu devstack@g-api.service[133096]: DEBUG glance.api.middleware.version_negotiation [None req-5084ffd2-d4ec-41ee-af57-e73d0eb3c404 admin admin] new path /v2/images/11f96dd8-8be3-46c3-bcde-9fc4c5ddffd7 {{(pid=133096) process_request /opt/stack/glance/glance/api/middleware/version_negotiation.py:70}}
Jun 09 13:15:03 ubuntu devstack@g-api.service[133096]: [pid: 133096|app: 0|req: 5/8] 127.0.0.1 () {36 vars in 789 bytes} [Thu Jun  9 13:15:03 2022] GET /v2/images/11f96dd8-8be3-46c3-bcde-9fc4c5ddffd7 => generated 976 bytes in 83 msecs (HTTP/1.1 200) 4 headers in 157 bytes (1 switches on core 0)
Jun 09 13:15:06 ubuntu devstack@g-api.service[133095]: DEBUG glance.api.middleware.version_negotiation [None req-50c150b9-0f72-495f-88a2-a63e7fadf13d admin admin] Determining version of request: GET / Accept: application/json {{(pid=133095) process_request /opt/stack/glance/glance/api/middleware/version_negotiation.py:44}}
Jun 09 13:15:06 ubuntu devstack@g-api.service[133095]: DEBUG glance.api.middleware.version_negotiation [None req-50c150b9-0f72-495f-88a2-a63e7fadf13d admin admin] Using url versioning {{(pid=133095) process_request /opt/stack/glance/glance/api/middleware/version_negotiation.py:57}}
Jun 09 13:15:06 ubuntu devstack@g-api.service[133095]: DEBUG glance.api.middleware.version_negotiation [None req-50c150b9-0f72-495f-88a2-a63e7fadf13d admin admin] Unknown version. Returning version choices. {{(pid=133095) process_request /opt/stack/glance/glance/api/middleware/version_negotiation.py:64}}
Jun 09 13:15:06 ubuntu devstack@g-api.service[133095]: [pid: 133095|app: 0|req: 4/9] 127.0.0.1 () {34 vars in 506 bytes} [Thu Jun  9 13:15:06 2022] GET / => generated 1323 bytes in 4 msecs (HTTP/1.1 300) 3 headers in 106 bytes (1 switches on core 0)
Jun 09 13:15:06 ubuntu devstack@g-api.service[133096]: DEBUG glance.api.middleware.version_negotiation [None req-7e25c745-c33f-44b9-a665-f919a37e2ed5 admin admin] Determining version of request: GET /v2/images/11f96dd8-8be3-46c3-bcde-9fc4c5ddffd7 Accept: */* {{(pid=133096) process_request /opt/stack/glance/glance/api/middleware/version_negotiation.py:44}}
Jun 09 13:15:06 ubuntu devstack@g-api.service[133096]: DEBUG glance.api.middleware.version_negotiation [None req-7e25c745-c33f-44b9-a665-f919a37e2ed5 admin admin] Using url versioning {{(pid=133096) process_request /opt/stack/glance/glance/api/middleware/version_negotiation.py:57}}
Jun 09 13:15:06 ubuntu devstack@g-api.service[133096]: DEBUG glance.api.middleware.version_negotiation [None req-7e25c745-c33f-44b9-a665-f919a37e2ed5 admin admin] Matched version: v2 {{(pid=133096) process_request /opt/stack/glance/glance/api/middleware/version_negotiation.py:69}}
Jun 09 13:15:06 ubuntu devstack@g-api.service[133096]: DEBUG glance.api.middleware.version_negotiation [None req-7e25c745-c33f-44b9-a665-f919a37e2ed5 admin admin] new path /v2/images/11f96dd8-8be3-46c3-bcde-9fc4c5ddffd7 {{(pid=133096) process_request /opt/stack/glance/glance/api/middleware/version_negotiation.py:70}}
Jun 09 13:15:06 ubuntu devstack@g-api.service[133096]: [pid: 133096|app: 0|req: 6/10] 127.0.0.1 () {36 vars in 789 bytes} [Thu Jun  9 13:15:06 2022] GET /v2/images/11f96dd8-8be3-46c3-bcde-9fc4c5ddffd7 => generated 976 bytes in 67 msecs (HTTP/1.1 200) 4 headers in 157 bytes (1 switches on core 0)
Jun 09 13:15:16 ubuntu devstack@g-api.service[133096]: DEBUG dbcounter [-] [133096] Writing DB stats glance:SELECT=10 {{(pid=133096) stat_writer /usr/local/lib/python3.8/dist-packages/dbcounter.py:114}}
Jun 09 13:17:28 ubuntu devstack@g-api.service[133095]: DEBUG glance.api.middleware.version_negotiation [None req-50c150b9-0f72-495f-88a2-a63e7fadf13d admin admin] Determining version of request: GET /v1 Accept: application/json {{(pid=133095) process_request /opt/stack/glance/glance/api/middleware/version_negotiation.py:44}}
Jun 09 13:17:28 ubuntu devstack@g-api.service[133095]: DEBUG glance.api.middleware.version_negotiation [None req-50c150b9-0f72-495f-88a2-a63e7fadf13d admin admin] Using url versioning {{(pid=133095) process_request /opt/stack/glance/glance/api/middleware/version_negotiation.py:57}}
Jun 09 13:17:28 ubuntu devstack@g-api.service[133095]: DEBUG glance.api.middleware.version_negotiation [None req-50c150b9-0f72-495f-88a2-a63e7fadf13d admin admin] Unknown version. Returning version choices. {{(pid=133095) process_request /opt/stack/glance/glance/api/middleware/version_negotiation.py:64}}
Jun 09 13:17:28 ubuntu devstack@g-api.service[133095]: [pid: 133095|app: 0|req: 5/11] 127.0.0.1 () {38 vars in 685 bytes} [Thu Jun  9 13:17:28 2022] GET /v1 => generated 1323 bytes in 4 msecs (HTTP/1.1 300) 3 headers in 106 bytes (1 switches on core 0)
Jun 09 13:18:48 ubuntu devstack@g-api.service[133095]: DEBUG oslo_concurrency.lockutils [-] Acquired lock "glance-cache" {{(pid=133095) lock /usr/local/lib/python3.8/dist-packages/oslo_concurrency/lockutils.py:294}}
Jun 09 13:18:48 ubuntu devstack@g-api.service[133095]: DEBUG oslo_concurrency.lockutils [-] Acquired external semaphore "glance-cache" {{(pid=133095) lock /usr/local/lib/python3.8/dist-packages/oslo_concurrency/lockutils.py:302}}
Jun 09 13:18:48 ubuntu devstack@g-api.service[133095]: DEBUG glance.image_cache.prefetcher [-] Nothing to prefetch. {{(pid=133095) run /opt/stack/glance/glance/image_cache/prefetcher.py:79}}
Jun 09 13:18:48 ubuntu devstack@g-api.service[133095]: DEBUG oslo_concurrency.lockutils [-] Releasing lock "glance-cache" {{(pid=133095) lock /usr/local/lib/python3.8/dist-packages/oslo_concurrency/lockutils.py:312}}
Jun 09 13:18:48 ubuntu devstack@g-api.service[133096]: DEBUG oslo_concurrency.lockutils [-] Acquired lock "glance-cache" {{(pid=133096) lock /usr/local/lib/python3.8/dist-packages/oslo_concurrency/lockutils.py:294}}
Jun 09 13:18:48 ubuntu devstack@g-api.service[133096]: DEBUG oslo_concurrency.lockutils [-] Acquired external semaphore "glance-cache" {{(pid=133096) lock /usr/local/lib/python3.8/dist-packages/oslo_concurrency/lockutils.py:302}}
Jun 09 13:18:48 ubuntu devstack@g-api.service[133096]: DEBUG glance.image_cache.prefetcher [-] Nothing to prefetch. {{(pid=133096) run /opt/stack/glance/glance/image_cache/prefetcher.py:79}}
Jun 09 13:18:48 ubuntu devstack@g-api.service[133096]: DEBUG oslo_concurrency.lockutils [-] Releasing lock "glance-cache" {{(pid=133096) lock /usr/local/lib/python3.8/dist-packages/oslo_concurrency/lockutils.py:312}}
Jun 09 13:19:35 ubuntu devstack@g-api.service[133096]: DEBUG glance.api.middleware.version_negotiation [None req-83538f7a-f04e-4ce1-8945-450af107cf68 admin admin] Determining version of request: GET /versions Accept: */* {{(pid=133096) process_request /opt/stack/glance/glance/api/middleware/version_negotiation.py:44}}
Jun 09 13:19:35 ubuntu devstack@g-api.service[133096]: [pid: 133096|app: 0|req: 7/12] 127.0.0.1 () {38 vars in 695 bytes} [Thu Jun  9 13:19:35 2022] GET /versions => generated 1323 bytes in 9 msecs (HTTP/1.1 200) 3 headers in 92 bytes (1 switches on core 0)
Jun 09 13:19:35 ubuntu devstack@g-api.service[133095]: DEBUG glance.api.middleware.version_negotiation [None req-50c150b9-0f72-495f-88a2-a63e7fadf13d admin admin] Determining version of request: GET /v2/schemas/image Accept: */* {{(pid=133095) process_request /opt/stack/glance/glance/api/middleware/version_negotiation.py:44}}
Jun 09 13:19:35 ubuntu devstack@g-api.service[133095]: DEBUG glance.api.middleware.version_negotiation [None req-50c150b9-0f72-495f-88a2-a63e7fadf13d admin admin] Using url versioning {{(pid=133095) process_request /opt/stack/glance/glance/api/middleware/version_negotiation.py:57}}
Jun 09 13:19:35 ubuntu devstack@g-api.service[133095]: DEBUG glance.api.middleware.version_negotiation [None req-50c150b9-0f72-495f-88a2-a63e7fadf13d admin admin] Matched version: v2 {{(pid=133095) process_request /opt/stack/glance/glance/api/middleware/version_negotiation.py:69}}
Jun 09 13:19:35 ubuntu devstack@g-api.service[133095]: DEBUG glance.api.middleware.version_negotiation [None req-50c150b9-0f72-495f-88a2-a63e7fadf13d admin admin] new path /v2/schemas/image {{(pid=133095) process_request /opt/stack/glance/glance/api/middleware/version_negotiation.py:70}}
Jun 09 13:19:35 ubuntu devstack@g-api.service[133095]: [pid: 133095|app: 0|req: 6/13] 127.0.0.1 () {38 vars in 711 bytes} [Thu Jun  9 13:19:35 2022] GET /v2/schemas/image => generated 6083 bytes in 96 msecs (HTTP/1.1 200) 4 headers in 158 bytes (1 switches on core 0)
Jun 09 13:19:35 ubuntu devstack@g-api.service[133096]: DEBUG glance.api.middleware.version_negotiation [None req-83538f7a-f04e-4ce1-8945-450af107cf68 admin admin] Determining version of request: GET /v2/schemas/metadefs/namespace Accept: */* {{(pid=133096) process_request /opt/stack/glance/glance/api/middleware/version_negotiation.py:44}}
Jun 09 13:19:35 ubuntu devstack@g-api.service[133096]: DEBUG glance.api.middleware.version_negotiation [None req-83538f7a-f04e-4ce1-8945-450af107cf68 admin admin] Using url versioning {{(pid=133096) process_request /opt/stack/glance/glance/api/middleware/version_negotiation.py:57}}
Jun 09 13:19:35 ubuntu devstack@g-api.service[133096]: DEBUG glance.api.middleware.version_negotiation [None req-83538f7a-f04e-4ce1-8945-450af107cf68 admin admin] Matched version: v2 {{(pid=133096) process_request /opt/stack/glance/glance/api/middleware/version_negotiation.py:69}}
Jun 09 13:19:35 ubuntu devstack@g-api.service[133096]: DEBUG glance.api.middleware.version_negotiation [None req-83538f7a-f04e-4ce1-8945-450af107cf68 admin admin] new path /v2/schemas/metadefs/namespace {{(pid=133096) process_request /opt/stack/glance/glance/api/middleware/version_negotiation.py:70}}
Jun 09 13:19:35 ubuntu devstack@g-api.service[133096]: [pid: 133096|app: 0|req: 8/14] 127.0.0.1 () {38 vars in 737 bytes} [Thu Jun  9 13:19:35 2022] GET /v2/schemas/metadefs/namespace => generated 3100 bytes in 11 msecs (HTTP/1.1 200) 4 headers in 158 bytes (1 switches on core 0)
Jun 09 13:19:35 ubuntu devstack@g-api.service[133095]: DEBUG glance.api.middleware.version_negotiation [None req-c87a2a8f-1104-4378-b276-7ddc9a4562d1 admin admin] Determining version of request: GET /v2/schemas/metadefs/resource_type Accept: */* {{(pid=133095) process_request /opt/stack/glance/glance/api/middleware/version_negotiation.py:44}}
Jun 09 13:19:35 ubuntu devstack@g-api.service[133095]: DEBUG glance.api.middleware.version_negotiation [None req-c87a2a8f-1104-4378-b276-7ddc9a4562d1 admin admin] Using url versioning {{(pid=133095) process_request /opt/stack/glance/glance/api/middleware/version_negotiation.py:57}}
Jun 09 13:19:35 ubuntu devstack@g-api.service[133095]: DEBUG glance.api.middleware.version_negotiation [None req-c87a2a8f-1104-4378-b276-7ddc9a4562d1 admin admin] Matched version: v2 {{(pid=133095) process_request /opt/stack/glance/glance/api/middleware/version_negotiation.py:69}}
Jun 09 13:19:35 ubuntu devstack@g-api.service[133095]: DEBUG glance.api.middleware.version_negotiation [None req-c87a2a8f-1104-4378-b276-7ddc9a4562d1 admin admin] new path /v2/schemas/metadefs/resource_type {{(pid=133095) process_request /opt/stack/glance/glance/api/middleware/version_negotiation.py:70}}
Jun 09 13:19:35 ubuntu devstack@g-api.service[133095]: [pid: 133095|app: 0|req: 7/15] 127.0.0.1 () {38 vars in 745 bytes} [Thu Jun  9 13:19:35 2022] GET /v2/schemas/metadefs/resource_type => generated 1262 bytes in 6 msecs (HTTP/1.1 200) 4 headers in 158 bytes (1 switches on core 0)
Jun 09 13:19:35 ubuntu devstack@g-api.service[133096]: DEBUG glance.api.middleware.version_negotiation [None req-149d22eb-4d6a-4fe9-aedb-f8d96988d3b3 admin admin] Determining version of request: GET /v2/images Accept: */* {{(pid=133096) process_request /opt/stack/glance/glance/api/middleware/version_negotiation.py:44}}
Jun 09 13:19:35 ubuntu devstack@g-api.service[133096]: DEBUG glance.api.middleware.version_negotiation [None req-149d22eb-4d6a-4fe9-aedb-f8d96988d3b3 admin admin] Using url versioning {{(pid=133096) process_request /opt/stack/glance/glance/api/middleware/version_negotiation.py:57}}
Jun 09 13:19:35 ubuntu devstack@g-api.service[133096]: DEBUG glance.api.middleware.version_negotiation [None req-149d22eb-4d6a-4fe9-aedb-f8d96988d3b3 admin admin] Matched version: v2 {{(pid=133096) process_request /opt/stack/glance/glance/api/middleware/version_negotiation.py:69}}
Jun 09 13:19:35 ubuntu devstack@g-api.service[133096]: DEBUG glance.api.middleware.version_negotiation [None req-149d22eb-4d6a-4fe9-aedb-f8d96988d3b3 admin admin] new path /v2/images {{(pid=133096) process_request /opt/stack/glance/glance/api/middleware/version_negotiation.py:70}}
Jun 09 13:19:35 ubuntu devstack@g-api.service[133096]: [pid: 133096|app: 0|req: 9/16] 127.0.0.1 () {38 vars in 768 bytes} [Thu Jun  9 13:19:35 2022] GET /v2/images?limit=20&sort_key=name&sort_dir=asc => generated 1081 bytes in 84 msecs (HTTP/1.1 200) 4 headers in 158 bytes (1 switches on core 0)
Jun 09 13:19:35 ubuntu devstack@g-api.service[133095]: DEBUG glance.api.middleware.version_negotiation [None req-041c4e48-c176-446b-9ff3-438632885d99 admin admin] Determining version of request: GET /v2/schemas/image Accept: */* {{(pid=133095) process_request /opt/stack/glance/glance/api/middleware/version_negotiation.py:44}}
Jun 09 13:19:35 ubuntu devstack@g-api.service[133095]: DEBUG glance.api.middleware.version_negotiation [None req-041c4e48-c176-446b-9ff3-438632885d99 admin admin] Using url versioning {{(pid=133095) process_request /opt/stack/glance/glance/api/middleware/version_negotiation.py:57}}
Jun 09 13:19:35 ubuntu devstack@g-api.service[133095]: DEBUG glance.api.middleware.version_negotiation [None req-041c4e48-c176-446b-9ff3-438632885d99 admin admin] Matched version: v2 {{(pid=133095) process_request /opt/stack/glance/glance/api/middleware/version_negotiation.py:69}}
Jun 09 13:19:35 ubuntu devstack@g-api.service[133095]: DEBUG glance.api.middleware.version_negotiation [None req-041c4e48-c176-446b-9ff3-438632885d99 admin admin] new path /v2/schemas/image {{(pid=133095) process_request /opt/stack/glance/glance/api/middleware/version_negotiation.py:70}}
Jun 09 13:19:35 ubuntu devstack@g-api.service[133095]: [pid: 133095|app: 0|req: 8/17] 127.0.0.1 () {38 vars in 711 bytes} [Thu Jun  9 13:19:35 2022] GET /v2/schemas/image => generated 6083 bytes in 9 msecs (HTTP/1.1 200) 4 headers in 158 bytes (1 switches on core 0)
Jun 09 13:19:43 ubuntu devstack@g-api.service[133096]: DEBUG glance.api.middleware.version_negotiation [None req-e223c027-9847-4a15-bedc-7eea94ab9598 admin admin] Determining version of request: GET / Accept: application/json {{(pid=133096) process_request /opt/stack/glance/glance/api/middleware/version_negotiation.py:44}}
Jun 09 13:19:43 ubuntu devstack@g-api.service[133096]: DEBUG glance.api.middleware.version_negotiation [None req-e223c027-9847-4a15-bedc-7eea94ab9598 admin admin] Using url versioning {{(pid=133096) process_request /opt/stack/glance/glance/api/middleware/version_negotiation.py:57}}
Jun 09 13:19:43 ubuntu devstack@g-api.service[133096]: DEBUG glance.api.middleware.version_negotiation [None req-e223c027-9847-4a15-bedc-7eea94ab9598 admin admin] Unknown version. Returning version choices. {{(pid=133096) process_request /opt/stack/glance/glance/api/middleware/version_negotiation.py:64}}
Jun 09 13:19:43 ubuntu devstack@g-api.service[133096]: [pid: 133096|app: 0|req: 10/18] 127.0.0.1 () {34 vars in 492 bytes} [Thu Jun  9 13:19:43 2022] GET / => generated 1323 bytes in 4 msecs (HTTP/1.1 300) 3 headers in 106 bytes (1 switches on core 0)
Jun 09 13:19:44 ubuntu devstack@g-api.service[133095]: DEBUG glance.api.middleware.version_negotiation [None req-dcd09a07-89cc-4a42-877c-57cd88176d52 admin admin] Determining version of request: GET /v2/images/11f96dd8-8be3-46c3-bcde-9fc4c5ddffd7 Accept: */* {{(pid=133095) process_request /opt/stack/glance/glance/api/middleware/version_negotiation.py:44}}
Jun 09 13:19:44 ubuntu devstack@g-api.service[133095]: DEBUG glance.api.middleware.version_negotiation [None req-dcd09a07-89cc-4a42-877c-57cd88176d52 admin admin] Using url versioning {{(pid=133095) process_request /opt/stack/glance/glance/api/middleware/version_negotiation.py:57}}
Jun 09 13:19:44 ubuntu devstack@g-api.service[133095]: DEBUG glance.api.middleware.version_negotiation [None req-dcd09a07-89cc-4a42-877c-57cd88176d52 admin admin] Matched version: v2 {{(pid=133095) process_request /opt/stack/glance/glance/api/middleware/version_negotiation.py:69}}
Jun 09 13:19:44 ubuntu devstack@g-api.service[133095]: DEBUG glance.api.middleware.version_negotiation [None req-dcd09a07-89cc-4a42-877c-57cd88176d52 admin admin] new path /v2/images/11f96dd8-8be3-46c3-bcde-9fc4c5ddffd7 {{(pid=133095) process_request /opt/stack/glance/glance/api/middleware/version_negotiation.py:70}}
Jun 09 13:19:44 ubuntu devstack@g-api.service[133095]: WARNING keystonemiddleware.auth_token [None req-dcd09a07-89cc-4a42-877c-57cd88176d52 admin admin] A valid token was submitted as a service token, but it was not a valid service token. This is incorrect but backwards compatible behaviour. This will be removed in future releases.
Jun 09 13:19:44 ubuntu devstack@g-api.service[133095]: [pid: 133095|app: 0|req: 9/19] 127.0.0.1 () {42 vars in 1049 bytes} [Thu Jun  9 13:19:44 2022] GET /v2/images/11f96dd8-8be3-46c3-bcde-9fc4c5ddffd7 => generated 976 bytes in 126 msecs (HTTP/1.1 200) 4 headers in 157 bytes (1 switches on core 0)
Jun 09 13:19:44 ubuntu devstack@g-api.service[133096]: DEBUG glance.api.middleware.version_negotiation [None req-e223c027-9847-4a15-bedc-7eea94ab9598 admin admin] Determining version of request: GET /v2/schemas/image Accept: */* {{(pid=133096) process_request /opt/stack/glance/glance/api/middleware/version_negotiation.py:44}}
Jun 09 13:19:44 ubuntu devstack@g-api.service[133096]: DEBUG glance.api.middleware.version_negotiation [None req-e223c027-9847-4a15-bedc-7eea94ab9598 admin admin] Using url versioning {{(pid=133096) process_request /opt/stack/glance/glance/api/middleware/version_negotiation.py:57}}
Jun 09 13:19:44 ubuntu devstack@g-api.service[133096]: DEBUG glance.api.middleware.version_negotiation [None req-e223c027-9847-4a15-bedc-7eea94ab9598 admin admin] Matched version: v2 {{(pid=133096) process_request /opt/stack/glance/glance/api/middleware/version_negotiation.py:69}}
Jun 09 13:19:44 ubuntu devstack@g-api.service[133096]: DEBUG glance.api.middleware.version_negotiation [None req-e223c027-9847-4a15-bedc-7eea94ab9598 admin admin] new path /v2/schemas/image {{(pid=133096) process_request /opt/stack/glance/glance/api/middleware/version_negotiation.py:70}}
Jun 09 13:19:44 ubuntu devstack@g-api.service[133096]: WARNING keystonemiddleware.auth_token [None req-e223c027-9847-4a15-bedc-7eea94ab9598 admin admin] A valid token was submitted as a service token, but it was not a valid service token. This is incorrect but backwards compatible behaviour. This will be removed in future releases.
Jun 09 13:19:44 ubuntu devstack@g-api.service[133096]: [pid: 133096|app: 0|req: 11/20] 127.0.0.1 () {42 vars in 989 bytes} [Thu Jun  9 13:19:44 2022] GET /v2/schemas/image => generated 6083 bytes in 6 msecs (HTTP/1.1 200) 4 headers in 158 bytes (1 switches on core 0)
Jun 09 13:19:45 ubuntu devstack@g-api.service[133096]: DEBUG dbcounter [-] [133096] Writing DB stats glance:SELECT=2 {{(pid=133096) stat_writer /usr/local/lib/python3.8/dist-packages/dbcounter.py:114}}
Jun 09 13:19:46 ubuntu devstack@g-api.service[133095]: DEBUG glance.api.middleware.version_negotiation [None req-db0201f5-8980-400d-9af0-5d5fc1643b38 tempest-VolumesAdminNegativeTest-762859914 tempest-VolumesAdminNegativeTest-762859914-project] Determining version of request: GET /v2/images/11f96dd8-8be3-46c3-bcde-9fc4c5ddffd7 Accept: */* {{(pid=133095) process_request /opt/stack/glance/glance/api/middleware/version_negotiation.py:44}}
Jun 09 13:19:46 ubuntu devstack@g-api.service[133095]: DEBUG glance.api.middleware.version_negotiation [None req-db0201f5-8980-400d-9af0-5d5fc1643b38 tempest-VolumesAdminNegativeTest-762859914 tempest-VolumesAdminNegativeTest-762859914-project] Using url versioning {{(pid=133095) process_request /opt/stack/glance/glance/api/middleware/version_negotiation.py:57}}
Jun 09 13:19:46 ubuntu devstack@g-api.service[133095]: DEBUG glance.api.middleware.version_negotiation [None req-db0201f5-8980-400d-9af0-5d5fc1643b38 tempest-VolumesAdminNegativeTest-762859914 tempest-VolumesAdminNegativeTest-762859914-project] Matched version: v2 {{(pid=133095) process_request /opt/stack/glance/glance/api/middleware/version_negotiation.py:69}}
Jun 09 13:19:46 ubuntu devstack@g-api.service[133095]: DEBUG glance.api.middleware.version_negotiation [None req-db0201f5-8980-400d-9af0-5d5fc1643b38 tempest-VolumesAdminNegativeTest-762859914 tempest-VolumesAdminNegativeTest-762859914-project] new path /v2/images/11f96dd8-8be3-46c3-bcde-9fc4c5ddffd7 {{(pid=133095) process_request /opt/stack/glance/glance/api/middleware/version_negotiation.py:70}}
Jun 09 13:19:46 ubuntu devstack@g-api.service[133095]: [pid: 133095|app: 0|req: 10/21] 127.0.0.1 () {42 vars in 1049 bytes} [Thu Jun  9 13:19:46 2022] GET /v2/images/11f96dd8-8be3-46c3-bcde-9fc4c5ddffd7 => generated 976 bytes in 22 msecs (HTTP/1.1 200) 4 headers in 157 bytes (1 switches on core 0)
Jun 09 13:19:46 ubuntu devstack@g-api.service[133096]: DEBUG glance.api.middleware.version_negotiation [None req-db0201f5-8980-400d-9af0-5d5fc1643b38 tempest-VolumesAdminNegativeTest-762859914 tempest-VolumesAdminNegativeTest-762859914-project] Determining version of request: GET /v2/images/11f96dd8-8be3-46c3-bcde-9fc4c5ddffd7/file Accept: */* {{(pid=133096) process_request /opt/stack/glance/glance/api/middleware/version_negotiation.py:44}}
Jun 09 13:19:46 ubuntu devstack@g-api.service[133096]: DEBUG glance.api.middleware.version_negotiation [None req-db0201f5-8980-400d-9af0-5d5fc1643b38 tempest-VolumesAdminNegativeTest-762859914 tempest-VolumesAdminNegativeTest-762859914-project] Using url versioning {{(pid=133096) process_request /opt/stack/glance/glance/api/middleware/version_negotiation.py:57}}
Jun 09 13:19:46 ubuntu devstack@g-api.service[133096]: DEBUG glance.api.middleware.version_negotiation [None req-db0201f5-8980-400d-9af0-5d5fc1643b38 tempest-VolumesAdminNegativeTest-762859914 tempest-VolumesAdminNegativeTest-762859914-project] Matched version: v2 {{(pid=133096) process_request /opt/stack/glance/glance/api/middleware/version_negotiation.py:69}}
Jun 09 13:19:46 ubuntu devstack@g-api.service[133096]: DEBUG glance.api.middleware.version_negotiation [None req-db0201f5-8980-400d-9af0-5d5fc1643b38 tempest-VolumesAdminNegativeTest-762859914 tempest-VolumesAdminNegativeTest-762859914-project] new path /v2/images/11f96dd8-8be3-46c3-bcde-9fc4c5ddffd7/file {{(pid=133096) process_request /opt/stack/glance/glance/api/middleware/version_negotiation.py:70}}
Jun 09 13:19:46 ubuntu devstack@g-api.service[133096]: DEBUG glance_store.backend [None req-db0201f5-8980-400d-9af0-5d5fc1643b38 tempest-VolumesAdminNegativeTest-762859914 tempest-VolumesAdminNegativeTest-762859914-project] Attempting to import store swift {{(pid=133096) _load_store /usr/local/lib/python3.8/dist-packages/glance_store/backend.py:217}}
Jun 09 13:19:46 ubuntu devstack@g-api.service[133096]: DEBUG glance_store.capabilities [None req-db0201f5-8980-400d-9af0-5d5fc1643b38 tempest-VolumesAdminNegativeTest-762859914 tempest-VolumesAdminNegativeTest-762859914-project] Store glance_store._drivers.swift.store.SingleTenantStore doesn't support updating dynamic storage capabilities. Please overwrite 'update_capabilities' method of the store to implement updating logics if needed. {{(pid=133096) update_capabilities /usr/local/lib/python3.8/dist-packages/glance_store/capabilities.py:91}}
Jun 09 13:19:46 ubuntu devstack@g-api.service[133096]: DEBUG glance_store.driver [None req-db0201f5-8980-400d-9af0-5d5fc1643b38 tempest-VolumesAdminNegativeTest-762859914 tempest-VolumesAdminNegativeTest-762859914-project] Late loading location class glance_store._drivers.swift.store.StoreLocation {{(pid=133096) get_store_location_class /usr/local/lib/python3.8/dist-packages/glance_store/driver.py:117}}
Jun 09 13:19:46 ubuntu devstack@g-api.service[133096]: DEBUG glance_store.location [None req-db0201f5-8980-400d-9af0-5d5fc1643b38 tempest-VolumesAdminNegativeTest-762859914 tempest-VolumesAdminNegativeTest-762859914-project] Registering scheme swift+https with {'store': <glance_store._drivers.swift.store.SingleTenantStore object at 0x7fc77e78d550>, 'location_class': <class 'glance_store._drivers.swift.store.StoreLocation'>, 'store_entry': 'swift'} {{(pid=133096) register_scheme_map /usr/local/lib/python3.8/dist-packages/glance_store/location.py:146}}
Jun 09 13:19:46 ubuntu devstack@g-api.service[133096]: DEBUG glance_store.location [None req-db0201f5-8980-400d-9af0-5d5fc1643b38 tempest-VolumesAdminNegativeTest-762859914 tempest-VolumesAdminNegativeTest-762859914-project] Registering scheme swift+https with {'store': <glance_store._drivers.swift.store.SingleTenantStore object at 0x7fc77e78d550>, 'location_class': <class 'glance_store._drivers.swift.store.StoreLocation'>, 'store_entry': 'swift'} {{(pid=133096) register_scheme_map /usr/local/lib/python3.8/dist-packages/glance_store/location.py:146}}
Jun 09 13:19:46 ubuntu devstack@g-api.service[133096]: DEBUG glance_store.location [None req-db0201f5-8980-400d-9af0-5d5fc1643b38 tempest-VolumesAdminNegativeTest-762859914 tempest-VolumesAdminNegativeTest-762859914-project] Registering scheme swift with {'store': <glance_store._drivers.swift.store.SingleTenantStore object at 0x7fc77e78d550>, 'location_class': <class 'glance_store._drivers.swift.store.StoreLocation'>, 'store_entry': 'swift'} {{(pid=133096) register_scheme_map /usr/local/lib/python3.8/dist-packages/glance_store/location.py:146}}
Jun 09 13:19:46 ubuntu devstack@g-api.service[133096]: DEBUG glance_store.location [None req-db0201f5-8980-400d-9af0-5d5fc1643b38 tempest-VolumesAdminNegativeTest-762859914 tempest-VolumesAdminNegativeTest-762859914-project] Registering scheme swift+https with {'store': <glance_store._drivers.swift.store.SingleTenantStore object at 0x7fc77e78d550>, 'location_class': <class 'glance_store._drivers.swift.store.StoreLocation'>, 'store_entry': 'swift'} {{(pid=133096) register_scheme_map /usr/local/lib/python3.8/dist-packages/glance_store/location.py:146}}
Jun 09 13:19:46 ubuntu devstack@g-api.service[133096]: DEBUG glance_store.location [None req-db0201f5-8980-400d-9af0-5d5fc1643b38 tempest-VolumesAdminNegativeTest-762859914 tempest-VolumesAdminNegativeTest-762859914-project] Registering scheme swift with {'store': <glance_store._drivers.swift.store.SingleTenantStore object at 0x7fc77e78d550>, 'location_class': <class 'glance_store._drivers.swift.store.StoreLocation'>, 'store_entry': 'swift'} {{(pid=133096) register_scheme_map /usr/local/lib/python3.8/dist-packages/glance_store/location.py:146}}
Jun 09 13:19:46 ubuntu devstack@g-api.service[133096]: DEBUG glance_store.location [None req-db0201f5-8980-400d-9af0-5d5fc1643b38 tempest-VolumesAdminNegativeTest-762859914 tempest-VolumesAdminNegativeTest-762859914-project] Registering scheme swift+http with {'store': <glance_store._drivers.swift.store.SingleTenantStore object at 0x7fc77e78d550>, 'location_class': <class 'glance_store._drivers.swift.store.StoreLocation'>, 'store_entry': 'swift'} {{(pid=133096) register_scheme_map /usr/local/lib/python3.8/dist-packages/glance_store/location.py:146}}
Jun 09 13:19:46 ubuntu devstack@g-api.service[133096]: DEBUG glance_store.location [None req-db0201f5-8980-400d-9af0-5d5fc1643b38 tempest-VolumesAdminNegativeTest-762859914 tempest-VolumesAdminNegativeTest-762859914-project] Registering scheme swift+https with {'store': <glance_store._drivers.swift.store.SingleTenantStore object at 0x7fc77e78d550>, 'location_class': <class 'glance_store._drivers.swift.store.StoreLocation'>, 'store_entry': 'swift'} {{(pid=133096) register_scheme_map /usr/local/lib/python3.8/dist-packages/glance_store/location.py:146}}
Jun 09 13:19:46 ubuntu devstack@g-api.service[133096]: DEBUG glance_store.location [None req-db0201f5-8980-400d-9af0-5d5fc1643b38 tempest-VolumesAdminNegativeTest-762859914 tempest-VolumesAdminNegativeTest-762859914-project] Registering scheme swift with {'store': <glance_store._drivers.swift.store.SingleTenantStore object at 0x7fc77e78d550>, 'location_class': <class 'glance_store._drivers.swift.store.StoreLocation'>, 'store_entry': 'swift'} {{(pid=133096) register_scheme_map /usr/local/lib/python3.8/dist-packages/glance_store/location.py:146}}
Jun 09 13:19:46 ubuntu devstack@g-api.service[133096]: DEBUG glance_store.location [None req-db0201f5-8980-400d-9af0-5d5fc1643b38 tempest-VolumesAdminNegativeTest-762859914 tempest-VolumesAdminNegativeTest-762859914-project] Registering scheme swift+http with {'store': <glance_store._drivers.swift.store.SingleTenantStore object at 0x7fc77e78d550>, 'location_class': <class 'glance_store._drivers.swift.store.StoreLocation'>, 'store_entry': 'swift'} {{(pid=133096) register_scheme_map /usr/local/lib/python3.8/dist-packages/glance_store/location.py:146}}
Jun 09 13:19:46 ubuntu devstack@g-api.service[133096]: DEBUG glance_store.location [None req-db0201f5-8980-400d-9af0-5d5fc1643b38 tempest-VolumesAdminNegativeTest-762859914 tempest-VolumesAdminNegativeTest-762859914-project] Registering scheme swift+config with {'store': <glance_store._drivers.swift.store.SingleTenantStore object at 0x7fc77e78d550>, 'location_class': <class 'glance_store._drivers.swift.store.StoreLocation'>, 'store_entry': 'swift'} {{(pid=133096) register_scheme_map /usr/local/lib/python3.8/dist-packages/glance_store/location.py:146}}
Jun 09 13:19:46 ubuntu devstack@g-api.service[133096]: DEBUG swiftclient [None req-db0201f5-8980-400d-9af0-5d5fc1643b38 tempest-VolumesAdminNegativeTest-762859914 tempest-VolumesAdminNegativeTest-762859914-project] REQ: curl -i http://192.168.79.42:8080/v1/AUTH_2a9c2a114ef04e0a86d4efde6621eecd/glance/11f96dd8-8be3-46c3-bcde-9fc4c5ddffd7 -X GET -H "X-Auth-Token: gAAAAABiofNye1Ws..." {{(pid=133096) http_log /usr/local/lib/python3.8/dist-packages/swiftclient/client.py:157}}
Jun 09 13:19:46 ubuntu devstack@g-api.service[133096]: DEBUG swiftclient [None req-db0201f5-8980-400d-9af0-5d5fc1643b38 tempest-VolumesAdminNegativeTest-762859914 tempest-VolumesAdminNegativeTest-762859914-project] RESP STATUS: 200 OK {{(pid=133096) http_log /usr/local/lib/python3.8/dist-packages/swiftclient/client.py:158}}
Jun 09 13:19:46 ubuntu devstack@g-api.service[133096]: DEBUG swiftclient [None req-db0201f5-8980-400d-9af0-5d5fc1643b38 tempest-VolumesAdminNegativeTest-762859914 tempest-VolumesAdminNegativeTest-762859914-project] RESP HEADERS: {'Content-Type': 'application/octet-stream', 'Etag': '1d3062cd89af34e419f7100277f38b2b', 'Last-Modified': 'Thu, 09 Jun 2022 13:14:16 GMT', 'X-Timestamp': '1654780455.63629', 'Accept-Ranges': 'bytes', 'Content-Length': '16338944', 'X-Trans-Id': 'tx08fe258f1f8046b18f9ad-0062a1f372', 'X-Openstack-Request-Id': 'tx08fe258f1f8046b18f9ad-0062a1f372', 'Date': 'Thu, 09 Jun 2022 13:19:46 GMT'} {{(pid=133096) http_log /usr/local/lib/python3.8/dist-packages/swiftclient/client.py:159}}
Jun 09 13:19:46 ubuntu devstack@g-api.service[133096]: DEBUG glance.image_cache [None req-db0201f5-8980-400d-9af0-5d5fc1643b38 tempest-VolumesAdminNegativeTest-762859914 tempest-VolumesAdminNegativeTest-762859914-project] Tee'ing image '11f96dd8-8be3-46c3-bcde-9fc4c5ddffd7' into cache {{(pid=133096) get_caching_iter /opt/stack/glance/glance/image_cache/__init__.py:343}}
Jun 09 13:19:46 ubuntu devstack@g-api.service[133096]: DEBUG glance.image_cache.drivers.sqlite [None req-db0201f5-8980-400d-9af0-5d5fc1643b38 tempest-VolumesAdminNegativeTest-762859914 tempest-VolumesAdminNegativeTest-762859914-project] Fetch finished, moving '/opt/stack/data/glance/cache/incomplete/11f96dd8-8be3-46c3-bcde-9fc4c5ddffd7' to '/opt/stack/data/glance/cache/11f96dd8-8be3-46c3-bcde-9fc4c5ddffd7' {{(pid=133096) commit /opt/stack/glance/glance/image_cache/drivers/sqlite.py:324}}
Jun 09 13:19:46 ubuntu devstack@g-api.service[133096]: [pid: 133096|app: 0|req: 12/22] 127.0.0.1 () {42 vars in 1059 bytes} [Thu Jun  9 13:19:46 2022] GET /v2/images/11f96dd8-8be3-46c3-bcde-9fc4c5ddffd7/file => generated 16338944 bytes in 380 msecs (HTTP/1.1 200) 4 headers in 191 bytes (251 switches on core 0)
Jun 09 13:19:56 ubuntu devstack@g-api.service[133095]: DEBUG dbcounter [-] [133095] Writing DB stats glance:SELECT=8 {{(pid=133095) stat_writer /usr/local/lib/python3.8/dist-packages/dbcounter.py:114}}
Jun 09 13:19:56 ubuntu devstack@g-api.service[133096]: DEBUG dbcounter [-] [133096] Writing DB stats glance:SELECT=8 {{(pid=133096) stat_writer /usr/local/lib/python3.8/dist-packages/dbcounter.py:114}}
Jun 09 13:20:05 ubuntu devstack@g-api.service[133095]: DEBUG glance.api.middleware.version_negotiation [None req-db0201f5-8980-400d-9af0-5d5fc1643b38 tempest-VolumesAdminNegativeTest-762859914 tempest-VolumesAdminNegativeTest-762859914-project] Determining version of request: GET / Accept: application/json {{(pid=133095) process_request /opt/stack/glance/glance/api/middleware/version_negotiation.py:44}}
Jun 09 13:20:05 ubuntu devstack@g-api.service[133095]: DEBUG glance.api.middleware.version_negotiation [None req-db0201f5-8980-400d-9af0-5d5fc1643b38 tempest-VolumesAdminNegativeTest-762859914 tempest-VolumesAdminNegativeTest-762859914-project] Using url versioning {{(pid=133095) process_request /opt/stack/glance/glance/api/middleware/version_negotiation.py:57}}
Jun 09 13:20:05 ubuntu devstack@g-api.service[133095]: DEBUG glance.api.middleware.version_negotiation [None req-db0201f5-8980-400d-9af0-5d5fc1643b38 tempest-VolumesAdminNegativeTest-762859914 tempest-VolumesAdminNegativeTest-762859914-project] Unknown version. Returning version choices. {{(pid=133095) process_request /opt/stack/glance/glance/api/middleware/version_negotiation.py:64}}
Jun 09 13:20:05 ubuntu devstack@g-api.service[133095]: [pid: 133095|app: 0|req: 11/23] 127.0.0.1 () {34 vars in 492 bytes} [Thu Jun  9 13:20:05 2022] GET / => generated 1323 bytes in 3 msecs (HTTP/1.1 300) 3 headers in 106 bytes (1 switches on core 0)
Jun 09 13:20:05 ubuntu devstack@g-api.service[133096]: DEBUG glance.api.middleware.version_negotiation [None req-db0201f5-8980-400d-9af0-5d5fc1643b38 tempest-VolumesAdminNegativeTest-762859914 tempest-VolumesAdminNegativeTest-762859914-project] Determining version of request: GET /v2/images/11f96dd8-8be3-46c3-bcde-9fc4c5ddffd7 Accept: */* {{(pid=133096) process_request /opt/stack/glance/glance/api/middleware/version_negotiation.py:44}}
Jun 09 13:20:05 ubuntu devstack@g-api.service[133096]: DEBUG glance.api.middleware.version_negotiation [None req-db0201f5-8980-400d-9af0-5d5fc1643b38 tempest-VolumesAdminNegativeTest-762859914 tempest-VolumesAdminNegativeTest-762859914-project] Using url versioning {{(pid=133096) process_request /opt/stack/glance/glance/api/middleware/version_negotiation.py:57}}
Jun 09 13:20:05 ubuntu devstack@g-api.service[133096]: DEBUG glance.api.middleware.version_negotiation [None req-db0201f5-8980-400d-9af0-5d5fc1643b38 tempest-VolumesAdminNegativeTest-762859914 tempest-VolumesAdminNegativeTest-762859914-project] Matched version: v2 {{(pid=133096) process_request /opt/stack/glance/glance/api/middleware/version_negotiation.py:69}}
Jun 09 13:20:05 ubuntu devstack@g-api.service[133096]: DEBUG glance.api.middleware.version_negotiation [None req-db0201f5-8980-400d-9af0-5d5fc1643b38 tempest-VolumesAdminNegativeTest-762859914 tempest-VolumesAdminNegativeTest-762859914-project] new path /v2/images/11f96dd8-8be3-46c3-bcde-9fc4c5ddffd7 {{(pid=133096) process_request /opt/stack/glance/glance/api/middleware/version_negotiation.py:70}}
Jun 09 13:20:05 ubuntu devstack@g-api.service[133096]: [pid: 133096|app: 0|req: 13/24] 127.0.0.1 () {42 vars in 1049 bytes} [Thu Jun  9 13:20:05 2022] GET /v2/images/11f96dd8-8be3-46c3-bcde-9fc4c5ddffd7 => generated 976 bytes in 27 msecs (HTTP/1.1 200) 4 headers in 157 bytes (1 switches on core 0)
Jun 09 13:20:05 ubuntu devstack@g-api.service[133095]: DEBUG glance.api.middleware.version_negotiation [None req-db0201f5-8980-400d-9af0-5d5fc1643b38 tempest-VolumesAdminNegativeTest-762859914 tempest-VolumesAdminNegativeTest-762859914-project] Determining version of request: GET /v2/schemas/image Accept: */* {{(pid=133095) process_request /opt/stack/glance/glance/api/middleware/version_negotiation.py:44}}
Jun 09 13:20:05 ubuntu devstack@g-api.service[133095]: DEBUG glance.api.middleware.version_negotiation [None req-db0201f5-8980-400d-9af0-5d5fc1643b38 tempest-VolumesAdminNegativeTest-762859914 tempest-VolumesAdminNegativeTest-762859914-project] Using url versioning {{(pid=133095) process_request /opt/stack/glance/glance/api/middleware/version_negotiation.py:57}}
Jun 09 13:20:05 ubuntu devstack@g-api.service[133095]: DEBUG glance.api.middleware.version_negotiation [None req-db0201f5-8980-400d-9af0-5d5fc1643b38 tempest-VolumesAdminNegativeTest-762859914 tempest-VolumesAdminNegativeTest-762859914-project] Matched version: v2 {{(pid=133095) process_request /opt/stack/glance/glance/api/middleware/version_negotiation.py:69}}
Jun 09 13:20:05 ubuntu devstack@g-api.service[133095]: DEBUG glance.api.middleware.version_negotiation [None req-db0201f5-8980-400d-9af0-5d5fc1643b38 tempest-VolumesAdminNegativeTest-762859914 tempest-VolumesAdminNegativeTest-762859914-project] new path /v2/schemas/image {{(pid=133095) process_request /opt/stack/glance/glance/api/middleware/version_negotiation.py:70}}
Jun 09 13:20:05 ubuntu devstack@g-api.service[133095]: [pid: 133095|app: 0|req: 12/25] 127.0.0.1 () {42 vars in 989 bytes} [Thu Jun  9 13:20:05 2022] GET /v2/schemas/image => generated 6083 bytes in 6 msecs (HTTP/1.1 200) 4 headers in 158 bytes (1 switches on core 0)
Jun 09 13:20:15 ubuntu devstack@g-api.service[133096]: DEBUG dbcounter [-] [133096] Writing DB stats glance:SELECT=4 {{(pid=133096) stat_writer /usr/local/lib/python3.8/dist-packages/dbcounter.py:114}}
Jun 09 13:20:32 ubuntu devstack@g-api.service[133096]: DEBUG glance.api.middleware.version_negotiation [None req-566c4dfa-e748-488b-ac9d-4e2ce5f25ba6 tempest-DeleteServersTestJSON-2137725635 tempest-DeleteServersTestJSON-2137725635-project] Determining version of request: GET /v2/images/11f96dd8-8be3-46c3-bcde-9fc4c5ddffd7 Accept: */* {{(pid=133096) process_request /opt/stack/glance/glance/api/middleware/version_negotiation.py:44}}
