Jul 27 10:13:29 ubuntu devstack@g-api.service[162701]: INFO glance.location [None req-9b7c9bbf-fba1-4972-9863-f5f4b18e8c71 admin admin] Image format matched and virtual size computed: 117440512
Jul 27 10:13:29 ubuntu devstack@g-api.service[162701]: DEBUG glance_store.backend [None req-9b7c9bbf-fba1-4972-9863-f5f4b18e8c71 admin admin] Attempting to import store swift {{(pid=162701) _load_store /usr/local/lib/python3.8/dist-packages/glance_store/backend.py:216}}
Jul 27 10:13:29 ubuntu devstack@g-api.service[162701]: DEBUG glance_store.capabilities [None req-9b7c9bbf-fba1-4972-9863-f5f4b18e8c71 admin admin] Store glance_store._drivers.swift.store.SingleTenantStore doesn't support updating dynamic storage capabilities. Please overwrite 'update_capabilities' method of the store to implement updating logics if needed. {{(pid=162701) update_capabilities /usr/local/lib/python3.8/dist-packages/glance_store/capabilities.py:91}}
Jul 27 10:13:29 ubuntu devstack@g-api.service[162701]: DEBUG glance_store.driver [None req-9b7c9bbf-fba1-4972-9863-f5f4b18e8c71 admin admin] Late loading location class glance_store._drivers.swift.store.StoreLocation {{(pid=162701) get_store_location_class /usr/local/lib/python3.8/dist-packages/glance_store/driver.py:116}}
Jul 27 10:13:29 ubuntu devstack@g-api.service[162701]: DEBUG glance_store.location [None req-9b7c9bbf-fba1-4972-9863-f5f4b18e8c71 admin admin] Registering scheme swift+https with {'store': <glance_store._drivers.swift.store.SingleTenantStore object at 0x7f068c3f61f0>, 'location_class': <class 'glance_store._drivers.swift.store.StoreLocation'>, 'store_entry': 'swift'} {{(pid=162701) register_scheme_map /usr/local/lib/python3.8/dist-packages/glance_store/location.py:146}}
Jul 27 10:13:29 ubuntu devstack@g-api.service[162701]: DEBUG glance_store.location [None req-9b7c9bbf-fba1-4972-9863-f5f4b18e8c71 admin admin] Registering scheme swift+https with {'store': <glance_store._drivers.swift.store.SingleTenantStore object at 0x7f068c3f61f0>, 'location_class': <class 'glance_store._drivers.swift.store.StoreLocation'>, 'store_entry': 'swift'} {{(pid=162701) register_scheme_map /usr/local/lib/python3.8/dist-packages/glance_store/location.py:146}}
Jul 27 10:13:29 ubuntu devstack@g-api.service[162701]: DEBUG glance_store.location [None req-9b7c9bbf-fba1-4972-9863-f5f4b18e8c71 admin admin] Registering scheme swift with {'store': <glance_store._drivers.swift.store.SingleTenantStore object at 0x7f068c3f61f0>, 'location_class': <class 'glance_store._drivers.swift.store.StoreLocation'>, 'store_entry': 'swift'} {{(pid=162701) register_scheme_map /usr/local/lib/python3.8/dist-packages/glance_store/location.py:146}}
Jul 27 10:13:29 ubuntu devstack@g-api.service[162701]: DEBUG glance_store.location [None req-9b7c9bbf-fba1-4972-9863-f5f4b18e8c71 admin admin] Registering scheme swift+https with {'store': <glance_store._drivers.swift.store.SingleTenantStore object at 0x7f068c3f61f0>, 'location_class': <class 'glance_store._drivers.swift.store.StoreLocation'>, 'store_entry': 'swift'} {{(pid=162701) register_scheme_map /usr/local/lib/python3.8/dist-packages/glance_store/location.py:146}}
Jul 27 10:13:29 ubuntu devstack@g-api.service[162701]: DEBUG glance_store.location [None req-9b7c9bbf-fba1-4972-9863-f5f4b18e8c71 admin admin] Registering scheme swift with {'store': <glance_store._drivers.swift.store.SingleTenantStore object at 0x7f068c3f61f0>, 'location_class': <class 'glance_store._drivers.swift.store.StoreLocation'>, 'store_entry': 'swift'} {{(pid=162701) register_scheme_map /usr/local/lib/python3.8/dist-packages/glance_store/location.py:146}}
Jul 27 10:13:29 ubuntu devstack@g-api.service[162701]: DEBUG glance_store.location [None req-9b7c9bbf-fba1-4972-9863-f5f4b18e8c71 admin admin] Registering scheme swift+http with {'store': <glance_store._drivers.swift.store.SingleTenantStore object at 0x7f068c3f61f0>, 'location_class': <class 'glance_store._drivers.swift.store.StoreLocation'>, 'store_entry': 'swift'} {{(pid=162701) register_scheme_map /usr/local/lib/python3.8/dist-packages/glance_store/location.py:146}}
Jul 27 10:13:29 ubuntu devstack@g-api.service[162701]: DEBUG glance_store.location [None req-9b7c9bbf-fba1-4972-9863-f5f4b18e8c71 admin admin] Registering scheme swift+https with {'store': <glance_store._drivers.swift.store.SingleTenantStore object at 0x7f068c3f61f0>, 'location_class': <class 'glance_store._drivers.swift.store.StoreLocation'>, 'store_entry': 'swift'} {{(pid=162701) register_scheme_map /usr/local/lib/python3.8/dist-packages/glance_store/location.py:146}}
Jul 27 10:13:29 ubuntu devstack@g-api.service[162701]: DEBUG glance_store.location [None req-9b7c9bbf-fba1-4972-9863-f5f4b18e8c71 admin admin] Registering scheme swift with {'store': <glance_store._drivers.swift.store.SingleTenantStore object at 0x7f068c3f61f0>, 'location_class': <class 'glance_store._drivers.swift.store.StoreLocation'>, 'store_entry': 'swift'} {{(pid=162701) register_scheme_map /usr/local/lib/python3.8/dist-packages/glance_store/location.py:146}}
Jul 27 10:13:29 ubuntu devstack@g-api.service[162701]: DEBUG glance_store.location [None req-9b7c9bbf-fba1-4972-9863-f5f4b18e8c71 admin admin] Registering scheme swift+http with {'store': <glance_store._drivers.swift.store.SingleTenantStore object at 0x7f068c3f61f0>, 'location_class': <class 'glance_store._drivers.swift.store.StoreLocation'>, 'store_entry': 'swift'} {{(pid=162701) register_scheme_map /usr/local/lib/python3.8/dist-packages/glance_store/location.py:146}}
Jul 27 10:13:29 ubuntu devstack@g-api.service[162701]: DEBUG glance_store.location [None req-9b7c9bbf-fba1-4972-9863-f5f4b18e8c71 admin admin] Registering scheme swift+config with {'store': <glance_store._drivers.swift.store.SingleTenantStore object at 0x7f068c3f61f0>, 'location_class': <class 'glance_store._drivers.swift.store.StoreLocation'>, 'store_entry': 'swift'} {{(pid=162701) register_scheme_map /usr/local/lib/python3.8/dist-packages/glance_store/location.py:146}}
Jul 27 10:13:29 ubuntu devstack@g-api.service[162701]: DEBUG glance_store.backend [None req-9b7c9bbf-fba1-4972-9863-f5f4b18e8c71 admin admin] Skipping store.set_acls... not implemented. {{(pid=162701) set_acls /usr/local/lib/python3.8/dist-packages/glance_store/backend.py:508}}
Jul 27 10:13:29 ubuntu devstack@g-api.service[162701]: [pid: 162701|app: 0|req: 3/4] 127.0.0.1 () {40 vars in 862 bytes} [Wed Jul 27 10:13:26 2022] PUT /v2/images/bc5a1862-c937-4799-90f2-24a82efbb57a/file => generated 0 bytes in 3005 msecs (HTTP/1.1 204) 4 headers in 171 bytes (1 switches on core 0)
Jul 27 10:13:36 ubuntu devstack@g-api.service[162700]: DEBUG dbcounter [-] [162700] Writing DB stats glance:SELECT=9,glance:INSERT=5 {{(pid=162700) stat_writer /usr/local/lib/python3.8/dist-packages/dbcounter.py:114}}
Jul 27 10:13:39 ubuntu devstack@g-api.service[162701]: DEBUG dbcounter [-] [162701] Writing DB stats glance:SELECT=28,glance:UPDATE=2,glance:INSERT=1 {{(pid=162701) stat_writer /usr/local/lib/python3.8/dist-packages/dbcounter.py:114}}
Jul 27 10:14:14 ubuntu devstack@g-api.service[162700]: DEBUG glance.api.middleware.version_negotiation [None req-1b279874-e685-428e-a0bf-97663da26d38 admin admin] Determining version of request: GET / Accept: application/json {{(pid=162700) process_request /opt/stack/glance/glance/api/middleware/version_negotiation.py:44}}
Jul 27 10:14:14 ubuntu devstack@g-api.service[162700]: DEBUG glance.api.middleware.version_negotiation [None req-1b279874-e685-428e-a0bf-97663da26d38 admin admin] Using url versioning {{(pid=162700) process_request /opt/stack/glance/glance/api/middleware/version_negotiation.py:57}}
Jul 27 10:14:14 ubuntu devstack@g-api.service[162700]: DEBUG glance.api.middleware.version_negotiation [None req-1b279874-e685-428e-a0bf-97663da26d38 admin admin] Unknown version. Returning version choices. {{(pid=162700) process_request /opt/stack/glance/glance/api/middleware/version_negotiation.py:64}}
Jul 27 10:14:14 ubuntu devstack@g-api.service[162700]: [pid: 162700|app: 0|req: 2/5] 127.0.0.1 () {34 vars in 506 bytes} [Wed Jul 27 10:14:14 2022] GET / => generated 1323 bytes in 4 msecs (HTTP/1.1 300) 3 headers in 106 bytes (1 switches on core 0)
Jul 27 10:14:14 ubuntu devstack@g-api.service[162701]: DEBUG glance.api.middleware.version_negotiation [None req-9b7c9bbf-fba1-4972-9863-f5f4b18e8c71 admin admin] Determining version of request: GET /v2/images Accept: application/json {{(pid=162701) process_request /opt/stack/glance/glance/api/middleware/version_negotiation.py:44}}
Jul 27 10:14:14 ubuntu devstack@g-api.service[162701]: DEBUG glance.api.middleware.version_negotiation [None req-9b7c9bbf-fba1-4972-9863-f5f4b18e8c71 admin admin] Using url versioning {{(pid=162701) process_request /opt/stack/glance/glance/api/middleware/version_negotiation.py:57}}
Jul 27 10:14:14 ubuntu devstack@g-api.service[162701]: DEBUG glance.api.middleware.version_negotiation [None req-9b7c9bbf-fba1-4972-9863-f5f4b18e8c71 admin admin] Matched version: v2 {{(pid=162701) process_request /opt/stack/glance/glance/api/middleware/version_negotiation.py:69}}
Jul 27 10:14:14 ubuntu devstack@g-api.service[162701]: DEBUG glance.api.middleware.version_negotiation [None req-9b7c9bbf-fba1-4972-9863-f5f4b18e8c71 admin admin] new path /v2/images {{(pid=162701) process_request /opt/stack/glance/glance/api/middleware/version_negotiation.py:70}}
Jul 27 10:14:14 ubuntu devstack@g-api.service[162701]: [pid: 162701|app: 0|req: 4/6] 127.0.0.1 () {36 vars in 728 bytes} [Wed Jul 27 10:14:14 2022] GET /v2/images => generated 1045 bytes in 578 msecs (HTTP/1.1 200) 4 headers in 158 bytes (1 switches on core 0)
Jul 27 10:14:20 ubuntu devstack@g-api.service[162700]: DEBUG glance.api.middleware.version_negotiation [None req-1b279874-e685-428e-a0bf-97663da26d38 admin admin] Determining version of request: GET / Accept: application/json {{(pid=162700) process_request /opt/stack/glance/glance/api/middleware/version_negotiation.py:44}}
Jul 27 10:14:20 ubuntu devstack@g-api.service[162700]: DEBUG glance.api.middleware.version_negotiation [None req-1b279874-e685-428e-a0bf-97663da26d38 admin admin] Using url versioning {{(pid=162700) process_request /opt/stack/glance/glance/api/middleware/version_negotiation.py:57}}
Jul 27 10:14:20 ubuntu devstack@g-api.service[162700]: DEBUG glance.api.middleware.version_negotiation [None req-1b279874-e685-428e-a0bf-97663da26d38 admin admin] Unknown version. Returning version choices. {{(pid=162700) process_request /opt/stack/glance/glance/api/middleware/version_negotiation.py:64}}
Jul 27 10:14:20 ubuntu devstack@g-api.service[162700]: [pid: 162700|app: 0|req: 3/7] 127.0.0.1 () {34 vars in 506 bytes} [Wed Jul 27 10:14:20 2022] GET / => generated 1323 bytes in 4 msecs (HTTP/1.1 300) 3 headers in 106 bytes (1 switches on core 0)
Jul 27 10:14:20 ubuntu devstack@g-api.service[162701]: DEBUG glance.api.middleware.version_negotiation [None req-1cb9fd65-957d-478f-baf0-13da85f980c1 admin admin] Determining version of request: GET /v2/images/bc5a1862-c937-4799-90f2-24a82efbb57a Accept: */* {{(pid=162701) process_request /opt/stack/glance/glance/api/middleware/version_negotiation.py:44}}
Jul 27 10:14:20 ubuntu devstack@g-api.service[162701]: DEBUG glance.api.middleware.version_negotiation [None req-1cb9fd65-957d-478f-baf0-13da85f980c1 admin admin] Using url versioning {{(pid=162701) process_request /opt/stack/glance/glance/api/middleware/version_negotiation.py:57}}
Jul 27 10:14:20 ubuntu devstack@g-api.service[162701]: DEBUG glance.api.middleware.version_negotiation [None req-1cb9fd65-957d-478f-baf0-13da85f980c1 admin admin] Matched version: v2 {{(pid=162701) process_request /opt/stack/glance/glance/api/middleware/version_negotiation.py:69}}
Jul 27 10:14:20 ubuntu devstack@g-api.service[162701]: DEBUG glance.api.middleware.version_negotiation [None req-1cb9fd65-957d-478f-baf0-13da85f980c1 admin admin] new path /v2/images/bc5a1862-c937-4799-90f2-24a82efbb57a {{(pid=162701) process_request /opt/stack/glance/glance/api/middleware/version_negotiation.py:70}}
Jul 27 10:14:21 ubuntu devstack@g-api.service[162701]: [pid: 162701|app: 0|req: 5/8] 127.0.0.1 () {36 vars in 789 bytes} [Wed Jul 27 10:14:20 2022] GET /v2/images/bc5a1862-c937-4799-90f2-24a82efbb57a => generated 976 bytes in 326 msecs (HTTP/1.1 200) 4 headers in 157 bytes (1 switches on core 0)
Jul 27 10:14:25 ubuntu devstack@g-api.service[162700]: DEBUG glance.api.middleware.version_negotiation [None req-1b279874-e685-428e-a0bf-97663da26d38 admin admin] Determining version of request: GET / Accept: application/json {{(pid=162700) process_request /opt/stack/glance/glance/api/middleware/version_negotiation.py:44}}
Jul 27 10:14:25 ubuntu devstack@g-api.service[162700]: DEBUG glance.api.middleware.version_negotiation [None req-1b279874-e685-428e-a0bf-97663da26d38 admin admin] Using url versioning {{(pid=162700) process_request /opt/stack/glance/glance/api/middleware/version_negotiation.py:57}}
Jul 27 10:14:25 ubuntu devstack@g-api.service[162700]: DEBUG glance.api.middleware.version_negotiation [None req-1b279874-e685-428e-a0bf-97663da26d38 admin admin] Unknown version. Returning version choices. {{(pid=162700) process_request /opt/stack/glance/glance/api/middleware/version_negotiation.py:64}}
Jul 27 10:14:25 ubuntu devstack@g-api.service[162700]: [pid: 162700|app: 0|req: 4/9] 127.0.0.1 () {34 vars in 506 bytes} [Wed Jul 27 10:14:25 2022] GET / => generated 1323 bytes in 1 msecs (HTTP/1.1 300) 3 headers in 106 bytes (1 switches on core 0)
Jul 27 10:14:25 ubuntu devstack@g-api.service[162701]: DEBUG glance.api.middleware.version_negotiation [None req-b2272927-8b10-41cb-a8b3-8077f0d2bcc1 admin admin] Determining version of request: GET /v2/images/bc5a1862-c937-4799-90f2-24a82efbb57a Accept: */* {{(pid=162701) process_request /opt/stack/glance/glance/api/middleware/version_negotiation.py:44}}
Jul 27 10:14:25 ubuntu devstack@g-api.service[162701]: DEBUG glance.api.middleware.version_negotiation [None req-b2272927-8b10-41cb-a8b3-8077f0d2bcc1 admin admin] Using url versioning {{(pid=162701) process_request /opt/stack/glance/glance/api/middleware/version_negotiation.py:57}}
Jul 27 10:14:25 ubuntu devstack@g-api.service[162701]: DEBUG glance.api.middleware.version_negotiation [None req-b2272927-8b10-41cb-a8b3-8077f0d2bcc1 admin admin] Matched version: v2 {{(pid=162701) process_request /opt/stack/glance/glance/api/middleware/version_negotiation.py:69}}
Jul 27 10:14:25 ubuntu devstack@g-api.service[162701]: DEBUG glance.api.middleware.version_negotiation [None req-b2272927-8b10-41cb-a8b3-8077f0d2bcc1 admin admin] new path /v2/images/bc5a1862-c937-4799-90f2-24a82efbb57a {{(pid=162701) process_request /opt/stack/glance/glance/api/middleware/version_negotiation.py:70}}
Jul 27 10:14:25 ubuntu devstack@g-api.service[162701]: [pid: 162701|app: 0|req: 6/10] 127.0.0.1 () {36 vars in 789 bytes} [Wed Jul 27 10:14:25 2022] GET /v2/images/bc5a1862-c937-4799-90f2-24a82efbb57a => generated 976 bytes in 279 msecs (HTTP/1.1 200) 4 headers in 157 bytes (1 switches on core 0)
Jul 27 10:14:35 ubuntu devstack@g-api.service[162701]: DEBUG dbcounter [-] [162701] Writing DB stats glance:SELECT=10 {{(pid=162701) stat_writer /usr/local/lib/python3.8/dist-packages/dbcounter.py:114}}
Jul 27 10:16:43 ubuntu devstack@g-api.service[162700]: DEBUG glance.api.middleware.version_negotiation [None req-1b279874-e685-428e-a0bf-97663da26d38 admin admin] Determining version of request: GET /v1 Accept: application/json {{(pid=162700) process_request /opt/stack/glance/glance/api/middleware/version_negotiation.py:44}}
Jul 27 10:16:43 ubuntu devstack@g-api.service[162700]: DEBUG glance.api.middleware.version_negotiation [None req-1b279874-e685-428e-a0bf-97663da26d38 admin admin] Using url versioning {{(pid=162700) process_request /opt/stack/glance/glance/api/middleware/version_negotiation.py:57}}
Jul 27 10:16:43 ubuntu devstack@g-api.service[162700]: DEBUG glance.api.middleware.version_negotiation [None req-1b279874-e685-428e-a0bf-97663da26d38 admin admin] Unknown version. Returning version choices. {{(pid=162700) process_request /opt/stack/glance/glance/api/middleware/version_negotiation.py:64}}
Jul 27 10:16:43 ubuntu devstack@g-api.service[162700]: [pid: 162700|app: 0|req: 5/11] 127.0.0.1 () {38 vars in 686 bytes} [Wed Jul 27 10:16:43 2022] GET /v1 => generated 1323 bytes in 2 msecs (HTTP/1.1 300) 3 headers in 106 bytes (1 switches on core 0)
Jul 27 10:20:41 ubuntu devstack@g-api.service[162701]: DEBUG glance.api.middleware.version_negotiation [None req-9e6bb5ec-b377-468f-be01-56de362faca0 admin admin] Determining version of request: GET /versions Accept: */* {{(pid=162701) process_request /opt/stack/glance/glance/api/middleware/version_negotiation.py:44}}
Jul 27 10:20:41 ubuntu devstack@g-api.service[162701]: [pid: 162701|app: 0|req: 7/12] 127.0.0.1 () {38 vars in 695 bytes} [Wed Jul 27 10:20:41 2022] GET /versions => generated 1323 bytes in 5 msecs (HTTP/1.1 200) 3 headers in 92 bytes (1 switches on core 0)
Jul 27 10:20:41 ubuntu devstack@g-api.service[162700]: DEBUG glance.api.middleware.version_negotiation [None req-1b279874-e685-428e-a0bf-97663da26d38 admin admin] Determining version of request: GET /v2/schemas/image Accept: */* {{(pid=162700) process_request /opt/stack/glance/glance/api/middleware/version_negotiation.py:44}}
Jul 27 10:20:41 ubuntu devstack@g-api.service[162700]: DEBUG glance.api.middleware.version_negotiation [None req-1b279874-e685-428e-a0bf-97663da26d38 admin admin] Using url versioning {{(pid=162700) process_request /opt/stack/glance/glance/api/middleware/version_negotiation.py:57}}
Jul 27 10:20:41 ubuntu devstack@g-api.service[162700]: DEBUG glance.api.middleware.version_negotiation [None req-1b279874-e685-428e-a0bf-97663da26d38 admin admin] Matched version: v2 {{(pid=162700) process_request /opt/stack/glance/glance/api/middleware/version_negotiation.py:69}}
Jul 27 10:20:41 ubuntu devstack@g-api.service[162700]: DEBUG glance.api.middleware.version_negotiation [None req-1b279874-e685-428e-a0bf-97663da26d38 admin admin] new path /v2/schemas/image {{(pid=162700) process_request /opt/stack/glance/glance/api/middleware/version_negotiation.py:70}}
Jul 27 10:20:41 ubuntu devstack@g-api.service[162700]: [pid: 162700|app: 0|req: 6/13] 127.0.0.1 () {38 vars in 711 bytes} [Wed Jul 27 10:20:41 2022] GET /v2/schemas/image => generated 6083 bytes in 95 msecs (HTTP/1.1 200) 4 headers in 158 bytes (1 switches on core 0)
Jul 27 10:20:41 ubuntu devstack@g-api.service[162701]: DEBUG glance.api.middleware.version_negotiation [None req-9e6bb5ec-b377-468f-be01-56de362faca0 admin admin] Determining version of request: GET /v2/schemas/metadefs/namespace Accept: */* {{(pid=162701) process_request /opt/stack/glance/glance/api/middleware/version_negotiation.py:44}}
Jul 27 10:20:41 ubuntu devstack@g-api.service[162701]: DEBUG glance.api.middleware.version_negotiation [None req-9e6bb5ec-b377-468f-be01-56de362faca0 admin admin] Using url versioning {{(pid=162701) process_request /opt/stack/glance/glance/api/middleware/version_negotiation.py:57}}
Jul 27 10:20:41 ubuntu devstack@g-api.service[162701]: DEBUG glance.api.middleware.version_negotiation [None req-9e6bb5ec-b377-468f-be01-56de362faca0 admin admin] Matched version: v2 {{(pid=162701) process_request /opt/stack/glance/glance/api/middleware/version_negotiation.py:69}}
Jul 27 10:20:41 ubuntu devstack@g-api.service[162701]: DEBUG glance.api.middleware.version_negotiation [None req-9e6bb5ec-b377-468f-be01-56de362faca0 admin admin] new path /v2/schemas/metadefs/namespace {{(pid=162701) process_request /opt/stack/glance/glance/api/middleware/version_negotiation.py:70}}
Jul 27 10:20:41 ubuntu devstack@g-api.service[162701]: [pid: 162701|app: 0|req: 8/14] 127.0.0.1 () {38 vars in 737 bytes} [Wed Jul 27 10:20:41 2022] GET /v2/schemas/metadefs/namespace => generated 3100 bytes in 11 msecs (HTTP/1.1 200) 4 headers in 158 bytes (1 switches on core 0)
Jul 27 10:20:41 ubuntu devstack@g-api.service[162700]: DEBUG glance.api.middleware.version_negotiation [None req-b4ba6b8f-5be0-4c7c-96c4-0bc6216e3619 admin admin] Determining version of request: GET /v2/schemas/metadefs/resource_type Accept: */* {{(pid=162700) process_request /opt/stack/glance/glance/api/middleware/version_negotiation.py:44}}
Jul 27 10:20:41 ubuntu devstack@g-api.service[162700]: DEBUG glance.api.middleware.version_negotiation [None req-b4ba6b8f-5be0-4c7c-96c4-0bc6216e3619 admin admin] Using url versioning {{(pid=162700) process_request /opt/stack/glance/glance/api/middleware/version_negotiation.py:57}}
Jul 27 10:20:41 ubuntu devstack@g-api.service[162700]: DEBUG glance.api.middleware.version_negotiation [None req-b4ba6b8f-5be0-4c7c-96c4-0bc6216e3619 admin admin] Matched version: v2 {{(pid=162700) process_request /opt/stack/glance/glance/api/middleware/version_negotiation.py:69}}
Jul 27 10:20:41 ubuntu devstack@g-api.service[162700]: DEBUG glance.api.middleware.version_negotiation [None req-b4ba6b8f-5be0-4c7c-96c4-0bc6216e3619 admin admin] new path /v2/schemas/metadefs/resource_type {{(pid=162700) process_request /opt/stack/glance/glance/api/middleware/version_negotiation.py:70}}
Jul 27 10:20:41 ubuntu devstack@g-api.service[162700]: [pid: 162700|app: 0|req: 7/15] 127.0.0.1 () {38 vars in 745 bytes} [Wed Jul 27 10:20:41 2022] GET /v2/schemas/metadefs/resource_type => generated 1260 bytes in 5 msecs (HTTP/1.1 200) 4 headers in 158 bytes (1 switches on core 0)
Jul 27 10:20:41 ubuntu devstack@g-api.service[162701]: DEBUG glance.api.middleware.version_negotiation [None req-ad8930c7-ec5f-4a08-9385-b4075417c807 admin admin] Determining version of request: GET /v2/images Accept: */* {{(pid=162701) process_request /opt/stack/glance/glance/api/middleware/version_negotiation.py:44}}
Jul 27 10:20:41 ubuntu devstack@g-api.service[162701]: DEBUG glance.api.middleware.version_negotiation [None req-ad8930c7-ec5f-4a08-9385-b4075417c807 admin admin] Using url versioning {{(pid=162701) process_request /opt/stack/glance/glance/api/middleware/version_negotiation.py:57}}
Jul 27 10:20:41 ubuntu devstack@g-api.service[162701]: DEBUG glance.api.middleware.version_negotiation [None req-ad8930c7-ec5f-4a08-9385-b4075417c807 admin admin] Matched version: v2 {{(pid=162701) process_request /opt/stack/glance/glance/api/middleware/version_negotiation.py:69}}
Jul 27 10:20:41 ubuntu devstack@g-api.service[162701]: DEBUG glance.api.middleware.version_negotiation [None req-ad8930c7-ec5f-4a08-9385-b4075417c807 admin admin] new path /v2/images {{(pid=162701) process_request /opt/stack/glance/glance/api/middleware/version_negotiation.py:70}}
Jul 27 10:20:41 ubuntu devstack@g-api.service[162701]: [pid: 162701|app: 0|req: 9/16] 127.0.0.1 () {38 vars in 768 bytes} [Wed Jul 27 10:20:41 2022] GET /v2/images?limit=20&sort_key=name&sort_dir=asc => generated 1081 bytes in 84 msecs (HTTP/1.1 200) 4 headers in 158 bytes (1 switches on core 0)
Jul 27 10:20:41 ubuntu devstack@g-api.service[162700]: DEBUG glance.api.middleware.version_negotiation [None req-2c887d85-81f9-4ed4-94b9-de5b8349a58b admin admin] Determining version of request: GET /v2/schemas/image Accept: */* {{(pid=162700) process_request /opt/stack/glance/glance/api/middleware/version_negotiation.py:44}}
Jul 27 10:20:41 ubuntu devstack@g-api.service[162700]: DEBUG glance.api.middleware.version_negotiation [None req-2c887d85-81f9-4ed4-94b9-de5b8349a58b admin admin] Using url versioning {{(pid=162700) process_request /opt/stack/glance/glance/api/middleware/version_negotiation.py:57}}
Jul 27 10:20:41 ubuntu devstack@g-api.service[162700]: DEBUG glance.api.middleware.version_negotiation [None req-2c887d85-81f9-4ed4-94b9-de5b8349a58b admin admin] Matched version: v2 {{(pid=162700) process_request /opt/stack/glance/glance/api/middleware/version_negotiation.py:69}}
Jul 27 10:20:41 ubuntu devstack@g-api.service[162700]: DEBUG glance.api.middleware.version_negotiation [None req-2c887d85-81f9-4ed4-94b9-de5b8349a58b admin admin] new path /v2/schemas/image {{(pid=162700) process_request /opt/stack/glance/glance/api/middleware/version_negotiation.py:70}}
Jul 27 10:20:41 ubuntu devstack@g-api.service[162700]: [pid: 162700|app: 0|req: 8/17] 127.0.0.1 () {38 vars in 711 bytes} [Wed Jul 27 10:20:41 2022] GET /v2/schemas/image => generated 6083 bytes in 10 msecs (HTTP/1.1 200) 4 headers in 158 bytes (1 switches on core 0)
Jul 27 10:20:51 ubuntu devstack@g-api.service[162701]: DEBUG dbcounter [-] [162701] Writing DB stats glance:SELECT=2 {{(pid=162701) stat_writer /usr/local/lib/python3.8/dist-packages/dbcounter.py:114}}
Jul 27 10:20:55 ubuntu devstack@g-api.service[162701]: DEBUG glance.api.middleware.version_negotiation [None req-78524ff3-c2a9-4c38-a966-f6e861eb2ef9 admin admin] Determining version of request: GET / Accept: application/json {{(pid=162701) process_request /opt/stack/glance/glance/api/middleware/version_negotiation.py:44}}
Jul 27 10:20:55 ubuntu devstack@g-api.service[162701]: DEBUG glance.api.middleware.version_negotiation [None req-78524ff3-c2a9-4c38-a966-f6e861eb2ef9 admin admin] Using url versioning {{(pid=162701) process_request /opt/stack/glance/glance/api/middleware/version_negotiation.py:57}}
Jul 27 10:20:55 ubuntu devstack@g-api.service[162701]: DEBUG glance.api.middleware.version_negotiation [None req-78524ff3-c2a9-4c38-a966-f6e861eb2ef9 admin admin] Unknown version. Returning version choices. {{(pid=162701) process_request /opt/stack/glance/glance/api/middleware/version_negotiation.py:64}}
Jul 27 10:20:55 ubuntu devstack@g-api.service[162701]: [pid: 162701|app: 0|req: 10/18] 127.0.0.1 () {34 vars in 492 bytes} [Wed Jul 27 10:20:55 2022] GET / => generated 1323 bytes in 4 msecs (HTTP/1.1 300) 3 headers in 106 bytes (1 switches on core 0)
Jul 27 10:20:55 ubuntu devstack@g-api.service[162700]: DEBUG glance.api.middleware.version_negotiation [None req-7cdcd2ae-f19f-487a-b483-e62b073a31c3 admin admin] Determining version of request: GET /v2/images/bc5a1862-c937-4799-90f2-24a82efbb57a Accept: */* {{(pid=162700) process_request /opt/stack/glance/glance/api/middleware/version_negotiation.py:44}}
Jul 27 10:20:55 ubuntu devstack@g-api.service[162700]: DEBUG glance.api.middleware.version_negotiation [None req-7cdcd2ae-f19f-487a-b483-e62b073a31c3 admin admin] Using url versioning {{(pid=162700) process_request /opt/stack/glance/glance/api/middleware/version_negotiation.py:57}}
Jul 27 10:20:55 ubuntu devstack@g-api.service[162700]: DEBUG glance.api.middleware.version_negotiation [None req-7cdcd2ae-f19f-487a-b483-e62b073a31c3 admin admin] Matched version: v2 {{(pid=162700) process_request /opt/stack/glance/glance/api/middleware/version_negotiation.py:69}}
Jul 27 10:20:55 ubuntu devstack@g-api.service[162700]: DEBUG glance.api.middleware.version_negotiation [None req-7cdcd2ae-f19f-487a-b483-e62b073a31c3 admin admin] new path /v2/images/bc5a1862-c937-4799-90f2-24a82efbb57a {{(pid=162700) process_request /opt/stack/glance/glance/api/middleware/version_negotiation.py:70}}
Jul 27 10:20:55 ubuntu devstack@g-api.service[162700]: WARNING keystonemiddleware.auth_token [None req-7cdcd2ae-f19f-487a-b483-e62b073a31c3 admin admin] A valid token was submitted as a service token, but it was not a valid service token. This is incorrect but backwards compatible behaviour. This will be removed in future releases.
Jul 27 10:20:55 ubuntu devstack@g-api.service[162700]: [pid: 162700|app: 0|req: 9/19] 127.0.0.1 () {42 vars in 1049 bytes} [Wed Jul 27 10:20:55 2022] GET /v2/images/bc5a1862-c937-4799-90f2-24a82efbb57a => generated 976 bytes in 170 msecs (HTTP/1.1 200) 4 headers in 157 bytes (1 switches on core 0)
Jul 27 10:20:55 ubuntu devstack@g-api.service[162701]: DEBUG glance.api.middleware.version_negotiation [None req-78524ff3-c2a9-4c38-a966-f6e861eb2ef9 admin admin] Determining version of request: GET /v2/schemas/image Accept: */* {{(pid=162701) process_request /opt/stack/glance/glance/api/middleware/version_negotiation.py:44}}
Jul 27 10:20:55 ubuntu devstack@g-api.service[162701]: DEBUG glance.api.middleware.version_negotiation [None req-78524ff3-c2a9-4c38-a966-f6e861eb2ef9 admin admin] Using url versioning {{(pid=162701) process_request /opt/stack/glance/glance/api/middleware/version_negotiation.py:57}}
Jul 27 10:20:55 ubuntu devstack@g-api.service[162701]: DEBUG glance.api.middleware.version_negotiation [None req-78524ff3-c2a9-4c38-a966-f6e861eb2ef9 admin admin] Matched version: v2 {{(pid=162701) process_request /opt/stack/glance/glance/api/middleware/version_negotiation.py:69}}
Jul 27 10:20:55 ubuntu devstack@g-api.service[162701]: DEBUG glance.api.middleware.version_negotiation [None req-78524ff3-c2a9-4c38-a966-f6e861eb2ef9 admin admin] new path /v2/schemas/image {{(pid=162701) process_request /opt/stack/glance/glance/api/middleware/version_negotiation.py:70}}
Jul 27 10:20:55 ubuntu devstack@g-api.service[162701]: WARNING keystonemiddleware.auth_token [None req-78524ff3-c2a9-4c38-a966-f6e861eb2ef9 admin admin] A valid token was submitted as a service token, but it was not a valid service token. This is incorrect but backwards compatible behaviour. This will be removed in future releases.
Jul 27 10:20:55 ubuntu devstack@g-api.service[162701]: [pid: 162701|app: 0|req: 11/20] 127.0.0.1 () {42 vars in 989 bytes} [Wed Jul 27 10:20:55 2022] GET /v2/schemas/image => generated 6083 bytes in 11 msecs (HTTP/1.1 200) 4 headers in 158 bytes (1 switches on core 0)
Jul 27 10:20:57 ubuntu devstack@g-api.service[162700]: DEBUG glance.api.middleware.version_negotiation [None req-476fd262-3b13-4f28-95da-7c7557c3fa2a tempest-VolumesAdminNegativeTest-1057399998 tempest-VolumesAdminNegativeTest-1057399998-project] Determining version of request: GET /v2/images/bc5a1862-c937-4799-90f2-24a82efbb57a Accept: */* {{(pid=162700) process_request /opt/stack/glance/glance/api/middleware/version_negotiation.py:44}}
Jul 27 10:20:57 ubuntu devstack@g-api.service[162700]: DEBUG glance.api.middleware.version_negotiation [None req-476fd262-3b13-4f28-95da-7c7557c3fa2a tempest-VolumesAdminNegativeTest-1057399998 tempest-VolumesAdminNegativeTest-1057399998-project] Using url versioning {{(pid=162700) process_request /opt/stack/glance/glance/api/middleware/version_negotiation.py:57}}
Jul 27 10:20:57 ubuntu devstack@g-api.service[162700]: DEBUG glance.api.middleware.version_negotiation [None req-476fd262-3b13-4f28-95da-7c7557c3fa2a tempest-VolumesAdminNegativeTest-1057399998 tempest-VolumesAdminNegativeTest-1057399998-project] Matched version: v2 {{(pid=162700) process_request /opt/stack/glance/glance/api/middleware/version_negotiation.py:69}}
Jul 27 10:20:57 ubuntu devstack@g-api.service[162700]: DEBUG glance.api.middleware.version_negotiation [None req-476fd262-3b13-4f28-95da-7c7557c3fa2a tempest-VolumesAdminNegativeTest-1057399998 tempest-VolumesAdminNegativeTest-1057399998-project] new path /v2/images/bc5a1862-c937-4799-90f2-24a82efbb57a {{(pid=162700) process_request /opt/stack/glance/glance/api/middleware/version_negotiation.py:70}}
Jul 27 10:20:57 ubuntu devstack@g-api.service[162700]: [pid: 162700|app: 0|req: 10/21] 127.0.0.1 () {42 vars in 1049 bytes} [Wed Jul 27 10:20:57 2022] GET /v2/images/bc5a1862-c937-4799-90f2-24a82efbb57a => generated 976 bytes in 16 msecs (HTTP/1.1 200) 4 headers in 157 bytes (1 switches on core 0)
Jul 27 10:20:57 ubuntu devstack@g-api.service[162701]: DEBUG glance.api.middleware.version_negotiation [None req-476fd262-3b13-4f28-95da-7c7557c3fa2a tempest-VolumesAdminNegativeTest-1057399998 tempest-VolumesAdminNegativeTest-1057399998-project] Determining version of request: GET /v2/images/bc5a1862-c937-4799-90f2-24a82efbb57a/file Accept: */* {{(pid=162701) process_request /opt/stack/glance/glance/api/middleware/version_negotiation.py:44}}
Jul 27 10:20:57 ubuntu devstack@g-api.service[162701]: DEBUG glance.api.middleware.version_negotiation [None req-476fd262-3b13-4f28-95da-7c7557c3fa2a tempest-VolumesAdminNegativeTest-1057399998 tempest-VolumesAdminNegativeTest-1057399998-project] Using url versioning {{(pid=162701) process_request /opt/stack/glance/glance/api/middleware/version_negotiation.py:57}}
Jul 27 10:20:57 ubuntu devstack@g-api.service[162701]: DEBUG glance.api.middleware.version_negotiation [None req-476fd262-3b13-4f28-95da-7c7557c3fa2a tempest-VolumesAdminNegativeTest-1057399998 tempest-VolumesAdminNegativeTest-1057399998-project] Matched version: v2 {{(pid=162701) process_request /opt/stack/glance/glance/api/middleware/version_negotiation.py:69}}
Jul 27 10:20:57 ubuntu devstack@g-api.service[162701]: DEBUG glance.api.middleware.version_negotiation [None req-476fd262-3b13-4f28-95da-7c7557c3fa2a tempest-VolumesAdminNegativeTest-1057399998 tempest-VolumesAdminNegativeTest-1057399998-project] new path /v2/images/bc5a1862-c937-4799-90f2-24a82efbb57a/file {{(pid=162701) process_request /opt/stack/glance/glance/api/middleware/version_negotiation.py:70}}
Jul 27 10:20:57 ubuntu devstack@g-api.service[162701]: DEBUG glance_store.backend [None req-476fd262-3b13-4f28-95da-7c7557c3fa2a tempest-VolumesAdminNegativeTest-1057399998 tempest-VolumesAdminNegativeTest-1057399998-project] Attempting to import store swift {{(pid=162701) _load_store /usr/local/lib/python3.8/dist-packages/glance_store/backend.py:216}}
Jul 27 10:20:57 ubuntu devstack@g-api.service[162701]: DEBUG glance_store.capabilities [None req-476fd262-3b13-4f28-95da-7c7557c3fa2a tempest-VolumesAdminNegativeTest-1057399998 tempest-VolumesAdminNegativeTest-1057399998-project] Store glance_store._drivers.swift.store.SingleTenantStore doesn't support updating dynamic storage capabilities. Please overwrite 'update_capabilities' method of the store to implement updating logics if needed. {{(pid=162701) update_capabilities /usr/local/lib/python3.8/dist-packages/glance_store/capabilities.py:91}}
Jul 27 10:20:57 ubuntu devstack@g-api.service[162701]: DEBUG glance_store.driver [None req-476fd262-3b13-4f28-95da-7c7557c3fa2a tempest-VolumesAdminNegativeTest-1057399998 tempest-VolumesAdminNegativeTest-1057399998-project] Late loading location class glance_store._drivers.swift.store.StoreLocation {{(pid=162701) get_store_location_class /usr/local/lib/python3.8/dist-packages/glance_store/driver.py:116}}
Jul 27 10:20:57 ubuntu devstack@g-api.service[162701]: DEBUG glance_store.location [None req-476fd262-3b13-4f28-95da-7c7557c3fa2a tempest-VolumesAdminNegativeTest-1057399998 tempest-VolumesAdminNegativeTest-1057399998-project] Registering scheme swift+https with {'store': <glance_store._drivers.swift.store.SingleTenantStore object at 0x7f068b009f40>, 'location_class': <class 'glance_store._drivers.swift.store.StoreLocation'>, 'store_entry': 'swift'} {{(pid=162701) register_scheme_map /usr/local/lib/python3.8/dist-packages/glance_store/location.py:146}}
Jul 27 10:20:57 ubuntu devstack@g-api.service[162701]: DEBUG glance_store.location [None req-476fd262-3b13-4f28-95da-7c7557c3fa2a tempest-VolumesAdminNegativeTest-1057399998 tempest-VolumesAdminNegativeTest-1057399998-project] Registering scheme swift+https with {'store': <glance_store._drivers.swift.store.SingleTenantStore object at 0x7f068b009f40>, 'location_class': <class 'glance_store._drivers.swift.store.StoreLocation'>, 'store_entry': 'swift'} {{(pid=162701) register_scheme_map /usr/local/lib/python3.8/dist-packages/glance_store/location.py:146}}
Jul 27 10:20:57 ubuntu devstack@g-api.service[162701]: DEBUG glance_store.location [None req-476fd262-3b13-4f28-95da-7c7557c3fa2a tempest-VolumesAdminNegativeTest-1057399998 tempest-VolumesAdminNegativeTest-1057399998-project] Registering scheme swift with {'store': <glance_store._drivers.swift.store.SingleTenantStore object at 0x7f068b009f40>, 'location_class': <class 'glance_store._drivers.swift.store.StoreLocation'>, 'store_entry': 'swift'} {{(pid=162701) register_scheme_map /usr/local/lib/python3.8/dist-packages/glance_store/location.py:146}}
Jul 27 10:20:57 ubuntu devstack@g-api.service[162701]: DEBUG glance_store.location [None req-476fd262-3b13-4f28-95da-7c7557c3fa2a tempest-VolumesAdminNegativeTest-1057399998 tempest-VolumesAdminNegativeTest-1057399998-project] Registering scheme swift+https with {'store': <glance_store._drivers.swift.store.SingleTenantStore object at 0x7f068b009f40>, 'location_class': <class 'glance_store._drivers.swift.store.StoreLocation'>, 'store_entry': 'swift'} {{(pid=162701) register_scheme_map /usr/local/lib/python3.8/dist-packages/glance_store/location.py:146}}
Jul 27 10:20:57 ubuntu devstack@g-api.service[162701]: DEBUG glance_store.location [None req-476fd262-3b13-4f28-95da-7c7557c3fa2a tempest-VolumesAdminNegativeTest-1057399998 tempest-VolumesAdminNegativeTest-1057399998-project] Registering scheme swift with {'store': <glance_store._drivers.swift.store.SingleTenantStore object at 0x7f068b009f40>, 'location_class': <class 'glance_store._drivers.swift.store.StoreLocation'>, 'store_entry': 'swift'} {{(pid=162701) register_scheme_map /usr/local/lib/python3.8/dist-packages/glance_store/location.py:146}}
Jul 27 10:20:57 ubuntu devstack@g-api.service[162701]: DEBUG glance_store.location [None req-476fd262-3b13-4f28-95da-7c7557c3fa2a tempest-VolumesAdminNegativeTest-1057399998 tempest-VolumesAdminNegativeTest-1057399998-project] Registering scheme swift+http with {'store': <glance_store._drivers.swift.store.SingleTenantStore object at 0x7f068b009f40>, 'location_class': <class 'glance_store._drivers.swift.store.StoreLocation'>, 'store_entry': 'swift'} {{(pid=162701) register_scheme_map /usr/local/lib/python3.8/dist-packages/glance_store/location.py:146}}
Jul 27 10:20:57 ubuntu devstack@g-api.service[162701]: DEBUG glance_store.location [None req-476fd262-3b13-4f28-95da-7c7557c3fa2a tempest-VolumesAdminNegativeTest-1057399998 tempest-VolumesAdminNegativeTest-1057399998-project] Registering scheme swift+https with {'store': <glance_store._drivers.swift.store.SingleTenantStore object at 0x7f068b009f40>, 'location_class': <class 'glance_store._drivers.swift.store.StoreLocation'>, 'store_entry': 'swift'} {{(pid=162701) register_scheme_map /usr/local/lib/python3.8/dist-packages/glance_store/location.py:146}}
Jul 27 10:20:57 ubuntu devstack@g-api.service[162701]: DEBUG glance_store.location [None req-476fd262-3b13-4f28-95da-7c7557c3fa2a tempest-VolumesAdminNegativeTest-1057399998 tempest-VolumesAdminNegativeTest-1057399998-project] Registering scheme swift with {'store': <glance_store._drivers.swift.store.SingleTenantStore object at 0x7f068b009f40>, 'location_class': <class 'glance_store._drivers.swift.store.StoreLocation'>, 'store_entry': 'swift'} {{(pid=162701) register_scheme_map /usr/local/lib/python3.8/dist-packages/glance_store/location.py:146}}
Jul 27 10:20:57 ubuntu devstack@g-api.service[162701]: DEBUG glance_store.location [None req-476fd262-3b13-4f28-95da-7c7557c3fa2a tempest-VolumesAdminNegativeTest-1057399998 tempest-VolumesAdminNegativeTest-1057399998-project] Registering scheme swift+http with {'store': <glance_store._drivers.swift.store.SingleTenantStore object at 0x7f068b009f40>, 'location_class': <class 'glance_store._drivers.swift.store.StoreLocation'>, 'store_entry': 'swift'} {{(pid=162701) register_scheme_map /usr/local/lib/python3.8/dist-packages/glance_store/location.py:146}}
Jul 27 10:20:57 ubuntu devstack@g-api.service[162701]: DEBUG glance_store.location [None req-476fd262-3b13-4f28-95da-7c7557c3fa2a tempest-VolumesAdminNegativeTest-1057399998 tempest-VolumesAdminNegativeTest-1057399998-project] Registering scheme swift+config with {'store': <glance_store._drivers.swift.store.SingleTenantStore object at 0x7f068b009f40>, 'location_class': <class 'glance_store._drivers.swift.store.StoreLocation'>, 'store_entry': 'swift'} {{(pid=162701) register_scheme_map /usr/local/lib/python3.8/dist-packages/glance_store/location.py:146}}
Jul 27 10:20:58 ubuntu devstack@g-api.service[162701]: DEBUG swiftclient [None req-476fd262-3b13-4f28-95da-7c7557c3fa2a tempest-VolumesAdminNegativeTest-1057399998 tempest-VolumesAdminNegativeTest-1057399998-project] REQ: curl -i http://192.168.79.43:8080/v1/AUTH_21d8feeb3c6b4ba0a247a7dd7420c085/glance/bc5a1862-c937-4799-90f2-24a82efbb57a -X GET -H "X-Auth-Token: gAAAAABi4RGKrdxA..." {{(pid=162701) http_log /usr/local/lib/python3.8/dist-packages/swiftclient/client.py:157}}
Jul 27 10:20:58 ubuntu devstack@g-api.service[162701]: DEBUG swiftclient [None req-476fd262-3b13-4f28-95da-7c7557c3fa2a tempest-VolumesAdminNegativeTest-1057399998 tempest-VolumesAdminNegativeTest-1057399998-project] RESP STATUS: 200 OK {{(pid=162701) http_log /usr/local/lib/python3.8/dist-packages/swiftclient/client.py:158}}
Jul 27 10:20:58 ubuntu devstack@g-api.service[162701]: DEBUG swiftclient [None req-476fd262-3b13-4f28-95da-7c7557c3fa2a tempest-VolumesAdminNegativeTest-1057399998 tempest-VolumesAdminNegativeTest-1057399998-project] RESP HEADERS: {'Content-Type': 'application/octet-stream', 'Etag': '1d3062cd89af34e419f7100277f38b2b', 'Last-Modified': 'Wed, 27 Jul 2022 10:13:29 GMT', 'X-Timestamp': '1658916808.97372', 'Accept-Ranges': 'bytes', 'Content-Length': '16338944', 'X-Trans-Id': 'tx5b0967be57c7496caf188-0062e1118a', 'X-Openstack-Request-Id': 'tx5b0967be57c7496caf188-0062e1118a', 'Date': 'Wed, 27 Jul 2022 10:20:58 GMT'} {{(pid=162701) http_log /usr/local/lib/python3.8/dist-packages/swiftclient/client.py:159}}
Jul 27 10:20:58 ubuntu devstack@g-api.service[162701]: DEBUG glance.image_cache [None req-476fd262-3b13-4f28-95da-7c7557c3fa2a tempest-VolumesAdminNegativeTest-1057399998 tempest-VolumesAdminNegativeTest-1057399998-project] Tee'ing image 'bc5a1862-c937-4799-90f2-24a82efbb57a' into cache {{(pid=162701) get_caching_iter /opt/stack/glance/glance/image_cache/__init__.py:343}}
Jul 27 10:20:58 ubuntu devstack@g-api.service[162701]: DEBUG glance.image_cache.drivers.sqlite [None req-476fd262-3b13-4f28-95da-7c7557c3fa2a tempest-VolumesAdminNegativeTest-1057399998 tempest-VolumesAdminNegativeTest-1057399998-project] Fetch finished, moving '/opt/stack/data/glance/cache/incomplete/bc5a1862-c937-4799-90f2-24a82efbb57a' to '/opt/stack/data/glance/cache/bc5a1862-c937-4799-90f2-24a82efbb57a' {{(pid=162701) commit /opt/stack/glance/glance/image_cache/drivers/sqlite.py:324}}
Jul 27 10:20:58 ubuntu devstack@g-api.service[162701]: [pid: 162701|app: 0|req: 12/22] 127.0.0.1 () {42 vars in 1059 bytes} [Wed Jul 27 10:20:57 2022] GET /v2/images/bc5a1862-c937-4799-90f2-24a82efbb57a/file => generated 16338944 bytes in 505 msecs (HTTP/1.1 200) 4 headers in 191 bytes (250 switches on core 0)
Jul 27 10:21:07 ubuntu devstack@g-api.service[162700]: DEBUG dbcounter [-] [162700] Writing DB stats glance:SELECT=8 {{(pid=162700) stat_writer /usr/local/lib/python3.8/dist-packages/dbcounter.py:114}}
Jul 27 10:21:08 ubuntu devstack@g-api.service[162701]: DEBUG dbcounter [-] [162701] Writing DB stats glance:SELECT=8 {{(pid=162701) stat_writer /usr/local/lib/python3.8/dist-packages/dbcounter.py:114}}
Jul 27 10:21:24 ubuntu devstack@g-api.service[162700]: DEBUG glance.api.middleware.version_negotiation [None req-476fd262-3b13-4f28-95da-7c7557c3fa2a tempest-VolumesAdminNegativeTest-1057399998 tempest-VolumesAdminNegativeTest-1057399998-project] Determining version of request: GET / Accept: application/json {{(pid=162700) process_request /opt/stack/glance/glance/api/middleware/version_negotiation.py:44}}
Jul 27 10:21:24 ubuntu devstack@g-api.service[162700]: DEBUG glance.api.middleware.version_negotiation [None req-476fd262-3b13-4f28-95da-7c7557c3fa2a tempest-VolumesAdminNegativeTest-1057399998 tempest-VolumesAdminNegativeTest-1057399998-project] Using url versioning {{(pid=162700) process_request /opt/stack/glance/glance/api/middleware/version_negotiation.py:57}}
Jul 27 10:21:24 ubuntu devstack@g-api.service[162700]: DEBUG glance.api.middleware.version_negotiation [None req-476fd262-3b13-4f28-95da-7c7557c3fa2a tempest-VolumesAdminNegativeTest-1057399998 tempest-VolumesAdminNegativeTest-1057399998-project] Unknown version. Returning version choices. {{(pid=162700) process_request /opt/stack/glance/glance/api/middleware/version_negotiation.py:64}}
Jul 27 10:21:24 ubuntu devstack@g-api.service[162700]: [pid: 162700|app: 0|req: 11/23] 127.0.0.1 () {34 vars in 492 bytes} [Wed Jul 27 10:21:24 2022] GET / => generated 1323 bytes in 6 msecs (HTTP/1.1 300) 3 headers in 106 bytes (1 switches on core 0)
Jul 27 10:21:24 ubuntu devstack@g-api.service[162701]: DEBUG glance.api.middleware.version_negotiation [None req-476fd262-3b13-4f28-95da-7c7557c3fa2a tempest-VolumesAdminNegativeTest-1057399998 tempest-VolumesAdminNegativeTest-1057399998-project] Determining version of request: GET /v2/images/bc5a1862-c937-4799-90f2-24a82efbb57a Accept: */* {{(pid=162701) process_request /opt/stack/glance/glance/api/middleware/version_negotiation.py:44}}
Jul 27 10:21:24 ubuntu devstack@g-api.service[162701]: DEBUG glance.api.middleware.version_negotiation [None req-476fd262-3b13-4f28-95da-7c7557c3fa2a tempest-VolumesAdminNegativeTest-1057399998 tempest-VolumesAdminNegativeTest-1057399998-project] Using url versioning {{(pid=162701) process_request /opt/stack/glance/glance/api/middleware/version_negotiation.py:57}}
Jul 27 10:21:24 ubuntu devstack@g-api.service[162701]: DEBUG glance.api.middleware.version_negotiation [None req-476fd262-3b13-4f28-95da-7c7557c3fa2a tempest-VolumesAdminNegativeTest-1057399998 tempest-VolumesAdminNegativeTest-1057399998-project] Matched version: v2 {{(pid=162701) process_request /opt/stack/glance/glance/api/middleware/version_negotiation.py:69}}
Jul 27 10:21:24 ubuntu devstack@g-api.service[162701]: DEBUG glance.api.middleware.version_negotiation [None req-476fd262-3b13-4f28-95da-7c7557c3fa2a tempest-VolumesAdminNegativeTest-1057399998 tempest-VolumesAdminNegativeTest-1057399998-project] new path /v2/images/bc5a1862-c937-4799-90f2-24a82efbb57a {{(pid=162701) process_request /opt/stack/glance/glance/api/middleware/version_negotiation.py:70}}
Jul 27 10:21:24 ubuntu devstack@g-api.service[162701]: [pid: 162701|app: 0|req: 13/24] 127.0.0.1 () {42 vars in 1049 bytes} [Wed Jul 27 10:21:24 2022] GET /v2/images/bc5a1862-c937-4799-90f2-24a82efbb57a => generated 976 bytes in 25 msecs (HTTP/1.1 200) 4 headers in 157 bytes (1 switches on core 0)
Jul 27 10:21:24 ubuntu devstack@g-api.service[162700]: DEBUG glance.api.middleware.version_negotiation [None req-476fd262-3b13-4f28-95da-7c7557c3fa2a tempest-VolumesAdminNegativeTest-1057399998 tempest-VolumesAdminNegativeTest-1057399998-project] Determining version of request: GET /v2/schemas/image Accept: */* {{(pid=162700) process_request /opt/stack/glance/glance/api/middleware/version_negotiation.py:44}}
Jul 27 10:21:24 ubuntu devstack@g-api.service[162700]: DEBUG glance.api.middleware.version_negotiation [None req-476fd262-3b13-4f28-95da-7c7557c3fa2a tempest-VolumesAdminNegativeTest-1057399998 tempest-VolumesAdminNegativeTest-1057399998-project] Using url versioning {{(pid=162700) process_request /opt/stack/glance/glance/api/middleware/version_negotiation.py:57}}
Jul 27 10:21:24 ubuntu devstack@g-api.service[162700]: DEBUG glance.api.middleware.version_negotiation [None req-476fd262-3b13-4f28-95da-7c7557c3fa2a tempest-VolumesAdminNegativeTest-1057399998 tempest-VolumesAdminNegativeTest-1057399998-project] Matched version: v2 {{(pid=162700) process_request /opt/stack/glance/glance/api/middleware/version_negotiation.py:69}}
Jul 27 10:21:24 ubuntu devstack@g-api.service[162700]: DEBUG glance.api.middleware.version_negotiation [None req-476fd262-3b13-4f28-95da-7c7557c3fa2a tempest-VolumesAdminNegativeTest-1057399998 tempest-VolumesAdminNegativeTest-1057399998-project] new path /v2/schemas/image {{(pid=162700) process_request /opt/stack/glance/glance/api/middleware/version_negotiation.py:70}}
Jul 27 10:21:24 ubuntu devstack@g-api.service[162700]: [pid: 162700|app: 0|req: 12/25] 127.0.0.1 () {42 vars in 989 bytes} [Wed Jul 27 10:21:24 2022] GET /v2/schemas/image => generated 6083 bytes in 7 msecs (HTTP/1.1 200) 4 headers in 158 bytes (1 switches on core 0)
Jul 27 10:21:34 ubuntu devstack@g-api.service[162701]: DEBUG dbcounter [-] [162701] Writing DB stats glance:SELECT=4 {{(pid=162701) stat_writer /usr/local/lib/python3.8/dist-packages/dbcounter.py:114}}
Jul 27 10:21:52 ubuntu devstack@g-api.service[162701]: DEBUG glance.api.middleware.version_negotiation [None req-4cfec716-37fd-4736-baa1-fb39903c86af tempest-DeleteServersTestJSON-804186523 tempest-DeleteServersTestJSON-804186523-project] Determining version of request: GET /v2/images/bc5a1862-c937-4799-90f2-24a82efbb57a Accept: */* {{(pid=162701) process_request /opt/stack/glance/glance/api/middleware/version_negotiation.py:44}}
Jul 27 10:21:52 ubuntu devstack@g-api.service[162701]: DEBUG glance.api.middleware.version_negotiation [None req-4cfec716-37fd-4736-baa1-fb39903c86af tempest-DeleteServersTestJSON-804186523 tempest-DeleteServersTestJSON-804186523-project] Using url versioning {{(pid=162701) process_request /opt/stack/glance/glance/api/middleware/version_negotiation.py:57}}
Jul 27 10:21:52 ubuntu devstack@g-api.service[162701]: DEBUG glance.api.middleware.version_negotiation [None req-4cfec716-37fd-4736-baa1-fb39903c86af tempest-DeleteServersTestJSON-804186523 tempest-DeleteServersTestJSON-804186523-project] Matched version: v2 {{(pid=162701) process_request /opt/stack/glance/glance/api/middleware/version_negotiation.py:69}}
Jul 27 10:21:52 ubuntu devstack@g-api.service[162701]: DEBUG glance.api.middleware.version_negotiation [None req-4cfec716-37fd-4736-baa1-fb39903c86af tempest-DeleteServersTestJSON-804186523 tempest-DeleteServersTestJSON-804186523-project] new path /v2/images/bc5a1862-c937-4799-90f2-24a82efbb57a {{(pid=162701) process_request /opt/stack/glance/glance/api/middleware/version_negotiation.py:70}}
Jul 27 10:21:52 ubuntu devstack@g-api.service[162701]: [pid: 162701|app: 0|req: 14/26] 127.0.0.1 () {42 vars in 1049 bytes} [Wed Jul 27 10:21:52 2022] GET /v2/images/bc5a1862-c937-4799-90f2-24a82efbb57a => generated 976 bytes in 15 msecs (HTTP/1.1 200) 4 headers in 157 bytes (1 switches on core 0)
