Jul 25 10:23:19 ubuntu devstack@g-api.service[145495]: DEBUG swiftclient [None req-3dd02375-8e3f-4f0b-8c24-b3d511cf56c4 admin admin] RESP HEADERS: {'Content-Type': 'text/html; charset=UTF-8', 'Content-Length': '0', 'Etag': '1d3062cd89af34e419f7100277f38b2b', 'Last-Modified': 'Mon, 25 Jul 2022 10:23:19 GMT', 'X-Trans-Id': 'txe5b16541276d4af0a1cf5-0062de6f16', 'X-Openstack-Request-Id': 'txe5b16541276d4af0a1cf5-0062de6f16', 'Date': 'Mon, 25 Jul 2022 10:23:19 GMT'} {{(pid=145495) http_log /usr/local/lib/python3.8/dist-packages/swiftclient/client.py:159}}
Jul 25 10:23:19 ubuntu devstack@g-api.service[145495]: INFO glance.location [None req-3dd02375-8e3f-4f0b-8c24-b3d511cf56c4 admin admin] Image format matched and virtual size computed: 117440512
Jul 25 10:23:19 ubuntu devstack@g-api.service[145495]: DEBUG glance_store.backend [None req-3dd02375-8e3f-4f0b-8c24-b3d511cf56c4 admin admin] Attempting to import store swift {{(pid=145495) _load_store /usr/local/lib/python3.8/dist-packages/glance_store/backend.py:216}}
Jul 25 10:23:19 ubuntu devstack@g-api.service[145495]: DEBUG glance_store.capabilities [None req-3dd02375-8e3f-4f0b-8c24-b3d511cf56c4 admin admin] Store glance_store._drivers.swift.store.SingleTenantStore doesn't support updating dynamic storage capabilities. Please overwrite 'update_capabilities' method of the store to implement updating logics if needed. {{(pid=145495) update_capabilities /usr/local/lib/python3.8/dist-packages/glance_store/capabilities.py:91}}
Jul 25 10:23:19 ubuntu devstack@g-api.service[145495]: DEBUG glance_store.driver [None req-3dd02375-8e3f-4f0b-8c24-b3d511cf56c4 admin admin] Late loading location class glance_store._drivers.swift.store.StoreLocation {{(pid=145495) get_store_location_class /usr/local/lib/python3.8/dist-packages/glance_store/driver.py:116}}
Jul 25 10:23:19 ubuntu devstack@g-api.service[145495]: DEBUG glance_store.location [None req-3dd02375-8e3f-4f0b-8c24-b3d511cf56c4 admin admin] Registering scheme swift+https with {'store': <glance_store._drivers.swift.store.SingleTenantStore object at 0x7f3446402220>, 'location_class': <class 'glance_store._drivers.swift.store.StoreLocation'>, 'store_entry': 'swift'} {{(pid=145495) register_scheme_map /usr/local/lib/python3.8/dist-packages/glance_store/location.py:146}}
Jul 25 10:23:19 ubuntu devstack@g-api.service[145495]: DEBUG glance_store.location [None req-3dd02375-8e3f-4f0b-8c24-b3d511cf56c4 admin admin] Registering scheme swift+https with {'store': <glance_store._drivers.swift.store.SingleTenantStore object at 0x7f3446402220>, 'location_class': <class 'glance_store._drivers.swift.store.StoreLocation'>, 'store_entry': 'swift'} {{(pid=145495) register_scheme_map /usr/local/lib/python3.8/dist-packages/glance_store/location.py:146}}
Jul 25 10:23:19 ubuntu devstack@g-api.service[145495]: DEBUG glance_store.location [None req-3dd02375-8e3f-4f0b-8c24-b3d511cf56c4 admin admin] Registering scheme swift with {'store': <glance_store._drivers.swift.store.SingleTenantStore object at 0x7f3446402220>, 'location_class': <class 'glance_store._drivers.swift.store.StoreLocation'>, 'store_entry': 'swift'} {{(pid=145495) register_scheme_map /usr/local/lib/python3.8/dist-packages/glance_store/location.py:146}}
Jul 25 10:23:19 ubuntu devstack@g-api.service[145495]: DEBUG glance_store.location [None req-3dd02375-8e3f-4f0b-8c24-b3d511cf56c4 admin admin] Registering scheme swift+https with {'store': <glance_store._drivers.swift.store.SingleTenantStore object at 0x7f3446402220>, 'location_class': <class 'glance_store._drivers.swift.store.StoreLocation'>, 'store_entry': 'swift'} {{(pid=145495) register_scheme_map /usr/local/lib/python3.8/dist-packages/glance_store/location.py:146}}
Jul 25 10:23:19 ubuntu devstack@g-api.service[145495]: DEBUG glance_store.location [None req-3dd02375-8e3f-4f0b-8c24-b3d511cf56c4 admin admin] Registering scheme swift with {'store': <glance_store._drivers.swift.store.SingleTenantStore object at 0x7f3446402220>, 'location_class': <class 'glance_store._drivers.swift.store.StoreLocation'>, 'store_entry': 'swift'} {{(pid=145495) register_scheme_map /usr/local/lib/python3.8/dist-packages/glance_store/location.py:146}}
Jul 25 10:23:19 ubuntu devstack@g-api.service[145495]: DEBUG glance_store.location [None req-3dd02375-8e3f-4f0b-8c24-b3d511cf56c4 admin admin] Registering scheme swift+http with {'store': <glance_store._drivers.swift.store.SingleTenantStore object at 0x7f3446402220>, 'location_class': <class 'glance_store._drivers.swift.store.StoreLocation'>, 'store_entry': 'swift'} {{(pid=145495) register_scheme_map /usr/local/lib/python3.8/dist-packages/glance_store/location.py:146}}
Jul 25 10:23:19 ubuntu devstack@g-api.service[145495]: DEBUG glance_store.location [None req-3dd02375-8e3f-4f0b-8c24-b3d511cf56c4 admin admin] Registering scheme swift+https with {'store': <glance_store._drivers.swift.store.SingleTenantStore object at 0x7f3446402220>, 'location_class': <class 'glance_store._drivers.swift.store.StoreLocation'>, 'store_entry': 'swift'} {{(pid=145495) register_scheme_map /usr/local/lib/python3.8/dist-packages/glance_store/location.py:146}}
Jul 25 10:23:19 ubuntu devstack@g-api.service[145495]: DEBUG glance_store.location [None req-3dd02375-8e3f-4f0b-8c24-b3d511cf56c4 admin admin] Registering scheme swift with {'store': <glance_store._drivers.swift.store.SingleTenantStore object at 0x7f3446402220>, 'location_class': <class 'glance_store._drivers.swift.store.StoreLocation'>, 'store_entry': 'swift'} {{(pid=145495) register_scheme_map /usr/local/lib/python3.8/dist-packages/glance_store/location.py:146}}
Jul 25 10:23:19 ubuntu devstack@g-api.service[145495]: DEBUG glance_store.location [None req-3dd02375-8e3f-4f0b-8c24-b3d511cf56c4 admin admin] Registering scheme swift+http with {'store': <glance_store._drivers.swift.store.SingleTenantStore object at 0x7f3446402220>, 'location_class': <class 'glance_store._drivers.swift.store.StoreLocation'>, 'store_entry': 'swift'} {{(pid=145495) register_scheme_map /usr/local/lib/python3.8/dist-packages/glance_store/location.py:146}}
Jul 25 10:23:19 ubuntu devstack@g-api.service[145495]: DEBUG glance_store.location [None req-3dd02375-8e3f-4f0b-8c24-b3d511cf56c4 admin admin] Registering scheme swift+config with {'store': <glance_store._drivers.swift.store.SingleTenantStore object at 0x7f3446402220>, 'location_class': <class 'glance_store._drivers.swift.store.StoreLocation'>, 'store_entry': 'swift'} {{(pid=145495) register_scheme_map /usr/local/lib/python3.8/dist-packages/glance_store/location.py:146}}
Jul 25 10:23:19 ubuntu devstack@g-api.service[145495]: DEBUG glance_store.backend [None req-3dd02375-8e3f-4f0b-8c24-b3d511cf56c4 admin admin] Skipping store.set_acls... not implemented. {{(pid=145495) set_acls /usr/local/lib/python3.8/dist-packages/glance_store/backend.py:508}}
Jul 25 10:23:19 ubuntu devstack@g-api.service[145495]: [pid: 145495|app: 0|req: 3/4] 127.0.0.1 () {40 vars in 862 bytes} [Mon Jul 25 10:23:16 2022] PUT /v2/images/919433fd-631e-4908-9b63-d27f137a29ae/file => generated 0 bytes in 2928 msecs (HTTP/1.1 204) 4 headers in 171 bytes (1 switches on core 0)
Jul 25 10:23:26 ubuntu devstack@g-api.service[145496]: DEBUG dbcounter [-] [145496] Writing DB stats glance:SELECT=9,glance:INSERT=5 {{(pid=145496) stat_writer /usr/local/lib/python3.8/dist-packages/dbcounter.py:114}}
Jul 25 10:23:29 ubuntu devstack@g-api.service[145495]: DEBUG dbcounter [-] [145495] Writing DB stats glance:SELECT=28,glance:UPDATE=2,glance:INSERT=1 {{(pid=145495) stat_writer /usr/local/lib/python3.8/dist-packages/dbcounter.py:114}}
Jul 25 10:24:03 ubuntu devstack@g-api.service[145496]: DEBUG glance.api.middleware.version_negotiation [None req-edc2c861-9592-4691-9607-483e34635682 admin admin] Determining version of request: GET / Accept: application/json {{(pid=145496) process_request /opt/stack/glance/glance/api/middleware/version_negotiation.py:44}}
Jul 25 10:24:03 ubuntu devstack@g-api.service[145496]: DEBUG glance.api.middleware.version_negotiation [None req-edc2c861-9592-4691-9607-483e34635682 admin admin] Using url versioning {{(pid=145496) process_request /opt/stack/glance/glance/api/middleware/version_negotiation.py:57}}
Jul 25 10:24:03 ubuntu devstack@g-api.service[145496]: DEBUG glance.api.middleware.version_negotiation [None req-edc2c861-9592-4691-9607-483e34635682 admin admin] Unknown version. Returning version choices. {{(pid=145496) process_request /opt/stack/glance/glance/api/middleware/version_negotiation.py:64}}
Jul 25 10:24:03 ubuntu devstack@g-api.service[145496]: [pid: 145496|app: 0|req: 2/5] 127.0.0.1 () {34 vars in 506 bytes} [Mon Jul 25 10:24:03 2022] GET / => generated 1323 bytes in 5 msecs (HTTP/1.1 300) 3 headers in 106 bytes (1 switches on core 0)
Jul 25 10:24:03 ubuntu devstack@g-api.service[145495]: DEBUG glance.api.middleware.version_negotiation [None req-3dd02375-8e3f-4f0b-8c24-b3d511cf56c4 admin admin] Determining version of request: GET /v2/images Accept: application/json {{(pid=145495) process_request /opt/stack/glance/glance/api/middleware/version_negotiation.py:44}}
Jul 25 10:24:03 ubuntu devstack@g-api.service[145495]: DEBUG glance.api.middleware.version_negotiation [None req-3dd02375-8e3f-4f0b-8c24-b3d511cf56c4 admin admin] Using url versioning {{(pid=145495) process_request /opt/stack/glance/glance/api/middleware/version_negotiation.py:57}}
Jul 25 10:24:03 ubuntu devstack@g-api.service[145495]: DEBUG glance.api.middleware.version_negotiation [None req-3dd02375-8e3f-4f0b-8c24-b3d511cf56c4 admin admin] Matched version: v2 {{(pid=145495) process_request /opt/stack/glance/glance/api/middleware/version_negotiation.py:69}}
Jul 25 10:24:03 ubuntu devstack@g-api.service[145495]: DEBUG glance.api.middleware.version_negotiation [None req-3dd02375-8e3f-4f0b-8c24-b3d511cf56c4 admin admin] new path /v2/images {{(pid=145495) process_request /opt/stack/glance/glance/api/middleware/version_negotiation.py:70}}
Jul 25 10:24:04 ubuntu devstack@g-api.service[145495]: [pid: 145495|app: 0|req: 4/6] 127.0.0.1 () {36 vars in 728 bytes} [Mon Jul 25 10:24:03 2022] GET /v2/images => generated 1045 bytes in 524 msecs (HTTP/1.1 200) 4 headers in 158 bytes (1 switches on core 0)
Jul 25 10:24:10 ubuntu devstack@g-api.service[145496]: DEBUG glance.api.middleware.version_negotiation [None req-edc2c861-9592-4691-9607-483e34635682 admin admin] Determining version of request: GET / Accept: application/json {{(pid=145496) process_request /opt/stack/glance/glance/api/middleware/version_negotiation.py:44}}
Jul 25 10:24:10 ubuntu devstack@g-api.service[145496]: DEBUG glance.api.middleware.version_negotiation [None req-edc2c861-9592-4691-9607-483e34635682 admin admin] Using url versioning {{(pid=145496) process_request /opt/stack/glance/glance/api/middleware/version_negotiation.py:57}}
Jul 25 10:24:10 ubuntu devstack@g-api.service[145496]: DEBUG glance.api.middleware.version_negotiation [None req-edc2c861-9592-4691-9607-483e34635682 admin admin] Unknown version. Returning version choices. {{(pid=145496) process_request /opt/stack/glance/glance/api/middleware/version_negotiation.py:64}}
Jul 25 10:24:10 ubuntu devstack@g-api.service[145496]: [pid: 145496|app: 0|req: 3/7] 127.0.0.1 () {34 vars in 506 bytes} [Mon Jul 25 10:24:10 2022] GET / => generated 1323 bytes in 4 msecs (HTTP/1.1 300) 3 headers in 106 bytes (1 switches on core 0)
Jul 25 10:24:10 ubuntu devstack@g-api.service[145495]: DEBUG glance.api.middleware.version_negotiation [None req-29365030-1736-48d1-afa6-104ff24e3a2b admin admin] Determining version of request: GET /v2/images/919433fd-631e-4908-9b63-d27f137a29ae Accept: */* {{(pid=145495) process_request /opt/stack/glance/glance/api/middleware/version_negotiation.py:44}}
Jul 25 10:24:10 ubuntu devstack@g-api.service[145495]: DEBUG glance.api.middleware.version_negotiation [None req-29365030-1736-48d1-afa6-104ff24e3a2b admin admin] Using url versioning {{(pid=145495) process_request /opt/stack/glance/glance/api/middleware/version_negotiation.py:57}}
Jul 25 10:24:10 ubuntu devstack@g-api.service[145495]: DEBUG glance.api.middleware.version_negotiation [None req-29365030-1736-48d1-afa6-104ff24e3a2b admin admin] Matched version: v2 {{(pid=145495) process_request /opt/stack/glance/glance/api/middleware/version_negotiation.py:69}}
Jul 25 10:24:10 ubuntu devstack@g-api.service[145495]: DEBUG glance.api.middleware.version_negotiation [None req-29365030-1736-48d1-afa6-104ff24e3a2b admin admin] new path /v2/images/919433fd-631e-4908-9b63-d27f137a29ae {{(pid=145495) process_request /opt/stack/glance/glance/api/middleware/version_negotiation.py:70}}
Jul 25 10:24:10 ubuntu devstack@g-api.service[145495]: [pid: 145495|app: 0|req: 5/8] 127.0.0.1 () {36 vars in 789 bytes} [Mon Jul 25 10:24:10 2022] GET /v2/images/919433fd-631e-4908-9b63-d27f137a29ae => generated 976 bytes in 236 msecs (HTTP/1.1 200) 4 headers in 157 bytes (1 switches on core 0)
Jul 25 10:24:14 ubuntu devstack@g-api.service[145496]: DEBUG glance.api.middleware.version_negotiation [None req-edc2c861-9592-4691-9607-483e34635682 admin admin] Determining version of request: GET / Accept: application/json {{(pid=145496) process_request /opt/stack/glance/glance/api/middleware/version_negotiation.py:44}}
Jul 25 10:24:14 ubuntu devstack@g-api.service[145496]: DEBUG glance.api.middleware.version_negotiation [None req-edc2c861-9592-4691-9607-483e34635682 admin admin] Using url versioning {{(pid=145496) process_request /opt/stack/glance/glance/api/middleware/version_negotiation.py:57}}
Jul 25 10:24:14 ubuntu devstack@g-api.service[145496]: DEBUG glance.api.middleware.version_negotiation [None req-edc2c861-9592-4691-9607-483e34635682 admin admin] Unknown version. Returning version choices. {{(pid=145496) process_request /opt/stack/glance/glance/api/middleware/version_negotiation.py:64}}
Jul 25 10:24:14 ubuntu devstack@g-api.service[145496]: [pid: 145496|app: 0|req: 4/9] 127.0.0.1 () {34 vars in 506 bytes} [Mon Jul 25 10:24:14 2022] GET / => generated 1323 bytes in 3 msecs (HTTP/1.1 300) 3 headers in 106 bytes (1 switches on core 0)
Jul 25 10:24:14 ubuntu devstack@g-api.service[145495]: DEBUG glance.api.middleware.version_negotiation [None req-d1c29229-76c2-409c-949c-48d373de8874 admin admin] Determining version of request: GET /v2/images/919433fd-631e-4908-9b63-d27f137a29ae Accept: */* {{(pid=145495) process_request /opt/stack/glance/glance/api/middleware/version_negotiation.py:44}}
Jul 25 10:24:14 ubuntu devstack@g-api.service[145495]: DEBUG glance.api.middleware.version_negotiation [None req-d1c29229-76c2-409c-949c-48d373de8874 admin admin] Using url versioning {{(pid=145495) process_request /opt/stack/glance/glance/api/middleware/version_negotiation.py:57}}
Jul 25 10:24:14 ubuntu devstack@g-api.service[145495]: DEBUG glance.api.middleware.version_negotiation [None req-d1c29229-76c2-409c-949c-48d373de8874 admin admin] Matched version: v2 {{(pid=145495) process_request /opt/stack/glance/glance/api/middleware/version_negotiation.py:69}}
Jul 25 10:24:14 ubuntu devstack@g-api.service[145495]: DEBUG glance.api.middleware.version_negotiation [None req-d1c29229-76c2-409c-949c-48d373de8874 admin admin] new path /v2/images/919433fd-631e-4908-9b63-d27f137a29ae {{(pid=145495) process_request /opt/stack/glance/glance/api/middleware/version_negotiation.py:70}}
Jul 25 10:24:15 ubuntu devstack@g-api.service[145495]: [pid: 145495|app: 0|req: 6/10] 127.0.0.1 () {36 vars in 789 bytes} [Mon Jul 25 10:24:14 2022] GET /v2/images/919433fd-631e-4908-9b63-d27f137a29ae => generated 976 bytes in 351 msecs (HTTP/1.1 200) 4 headers in 157 bytes (1 switches on core 0)
Jul 25 10:24:25 ubuntu devstack@g-api.service[145495]: DEBUG dbcounter [-] [145495] Writing DB stats glance:SELECT=10 {{(pid=145495) stat_writer /usr/local/lib/python3.8/dist-packages/dbcounter.py:114}}
Jul 25 10:26:31 ubuntu devstack@g-api.service[145496]: DEBUG glance.api.middleware.version_negotiation [None req-edc2c861-9592-4691-9607-483e34635682 admin admin] Determining version of request: GET /v1 Accept: application/json {{(pid=145496) process_request /opt/stack/glance/glance/api/middleware/version_negotiation.py:44}}
Jul 25 10:26:31 ubuntu devstack@g-api.service[145496]: DEBUG glance.api.middleware.version_negotiation [None req-edc2c861-9592-4691-9607-483e34635682 admin admin] Using url versioning {{(pid=145496) process_request /opt/stack/glance/glance/api/middleware/version_negotiation.py:57}}
Jul 25 10:26:31 ubuntu devstack@g-api.service[145496]: DEBUG glance.api.middleware.version_negotiation [None req-edc2c861-9592-4691-9607-483e34635682 admin admin] Unknown version. Returning version choices. {{(pid=145496) process_request /opt/stack/glance/glance/api/middleware/version_negotiation.py:64}}
Jul 25 10:26:31 ubuntu devstack@g-api.service[145496]: [pid: 145496|app: 0|req: 5/11] 127.0.0.1 () {38 vars in 686 bytes} [Mon Jul 25 10:26:31 2022] GET /v1 => generated 1323 bytes in 3 msecs (HTTP/1.1 300) 3 headers in 106 bytes (1 switches on core 0)
Jul 25 10:28:45 ubuntu devstack@g-api.service[145495]: DEBUG glance.api.middleware.version_negotiation [None req-d6cfcd12-73d8-49eb-aae5-a77edde6c250 admin admin] Determining version of request: GET /versions Accept: */* {{(pid=145495) process_request /opt/stack/glance/glance/api/middleware/version_negotiation.py:44}}
Jul 25 10:28:45 ubuntu devstack@g-api.service[145495]: [pid: 145495|app: 0|req: 7/12] 127.0.0.1 () {38 vars in 695 bytes} [Mon Jul 25 10:28:45 2022] GET /versions => generated 1323 bytes in 7 msecs (HTTP/1.1 200) 3 headers in 92 bytes (1 switches on core 0)
Jul 25 10:28:45 ubuntu devstack@g-api.service[145496]: DEBUG glance.api.middleware.version_negotiation [None req-edc2c861-9592-4691-9607-483e34635682 admin admin] Determining version of request: GET /v2/schemas/image Accept: */* {{(pid=145496) process_request /opt/stack/glance/glance/api/middleware/version_negotiation.py:44}}
Jul 25 10:28:45 ubuntu devstack@g-api.service[145496]: DEBUG glance.api.middleware.version_negotiation [None req-edc2c861-9592-4691-9607-483e34635682 admin admin] Using url versioning {{(pid=145496) process_request /opt/stack/glance/glance/api/middleware/version_negotiation.py:57}}
Jul 25 10:28:45 ubuntu devstack@g-api.service[145496]: DEBUG glance.api.middleware.version_negotiation [None req-edc2c861-9592-4691-9607-483e34635682 admin admin] Matched version: v2 {{(pid=145496) process_request /opt/stack/glance/glance/api/middleware/version_negotiation.py:69}}
Jul 25 10:28:45 ubuntu devstack@g-api.service[145496]: DEBUG glance.api.middleware.version_negotiation [None req-edc2c861-9592-4691-9607-483e34635682 admin admin] new path /v2/schemas/image {{(pid=145496) process_request /opt/stack/glance/glance/api/middleware/version_negotiation.py:70}}
Jul 25 10:28:45 ubuntu devstack@g-api.service[145496]: [pid: 145496|app: 0|req: 6/13] 127.0.0.1 () {38 vars in 711 bytes} [Mon Jul 25 10:28:45 2022] GET /v2/schemas/image => generated 6083 bytes in 109 msecs (HTTP/1.1 200) 4 headers in 158 bytes (1 switches on core 0)
Jul 25 10:28:45 ubuntu devstack@g-api.service[145495]: DEBUG glance.api.middleware.version_negotiation [None req-d6cfcd12-73d8-49eb-aae5-a77edde6c250 admin admin] Determining version of request: GET /v2/schemas/metadefs/namespace Accept: */* {{(pid=145495) process_request /opt/stack/glance/glance/api/middleware/version_negotiation.py:44}}
Jul 25 10:28:45 ubuntu devstack@g-api.service[145495]: DEBUG glance.api.middleware.version_negotiation [None req-d6cfcd12-73d8-49eb-aae5-a77edde6c250 admin admin] Using url versioning {{(pid=145495) process_request /opt/stack/glance/glance/api/middleware/version_negotiation.py:57}}
Jul 25 10:28:45 ubuntu devstack@g-api.service[145495]: DEBUG glance.api.middleware.version_negotiation [None req-d6cfcd12-73d8-49eb-aae5-a77edde6c250 admin admin] Matched version: v2 {{(pid=145495) process_request /opt/stack/glance/glance/api/middleware/version_negotiation.py:69}}
Jul 25 10:28:45 ubuntu devstack@g-api.service[145495]: DEBUG glance.api.middleware.version_negotiation [None req-d6cfcd12-73d8-49eb-aae5-a77edde6c250 admin admin] new path /v2/schemas/metadefs/namespace {{(pid=145495) process_request /opt/stack/glance/glance/api/middleware/version_negotiation.py:70}}
Jul 25 10:28:45 ubuntu devstack@g-api.service[145495]: [pid: 145495|app: 0|req: 8/14] 127.0.0.1 () {38 vars in 737 bytes} [Mon Jul 25 10:28:45 2022] GET /v2/schemas/metadefs/namespace => generated 3100 bytes in 10 msecs (HTTP/1.1 200) 4 headers in 158 bytes (1 switches on core 0)
Jul 25 10:28:45 ubuntu devstack@g-api.service[145496]: DEBUG glance.api.middleware.version_negotiation [None req-d5e8b435-a762-4290-8794-10644ba35c36 admin admin] Determining version of request: GET /v2/schemas/metadefs/resource_type Accept: */* {{(pid=145496) process_request /opt/stack/glance/glance/api/middleware/version_negotiation.py:44}}
Jul 25 10:28:45 ubuntu devstack@g-api.service[145496]: DEBUG glance.api.middleware.version_negotiation [None req-d5e8b435-a762-4290-8794-10644ba35c36 admin admin] Using url versioning {{(pid=145496) process_request /opt/stack/glance/glance/api/middleware/version_negotiation.py:57}}
Jul 25 10:28:45 ubuntu devstack@g-api.service[145496]: DEBUG glance.api.middleware.version_negotiation [None req-d5e8b435-a762-4290-8794-10644ba35c36 admin admin] Matched version: v2 {{(pid=145496) process_request /opt/stack/glance/glance/api/middleware/version_negotiation.py:69}}
Jul 25 10:28:45 ubuntu devstack@g-api.service[145496]: DEBUG glance.api.middleware.version_negotiation [None req-d5e8b435-a762-4290-8794-10644ba35c36 admin admin] new path /v2/schemas/metadefs/resource_type {{(pid=145496) process_request /opt/stack/glance/glance/api/middleware/version_negotiation.py:70}}
Jul 25 10:28:45 ubuntu devstack@g-api.service[145496]: [pid: 145496|app: 0|req: 7/15] 127.0.0.1 () {38 vars in 745 bytes} [Mon Jul 25 10:28:45 2022] GET /v2/schemas/metadefs/resource_type => generated 1260 bytes in 4 msecs (HTTP/1.1 200) 4 headers in 158 bytes (1 switches on core 0)
Jul 25 10:28:45 ubuntu devstack@g-api.service[145495]: DEBUG glance.api.middleware.version_negotiation [None req-aef29eec-6530-4543-a675-a840e1750546 admin admin] Determining version of request: GET /v2/images Accept: */* {{(pid=145495) process_request /opt/stack/glance/glance/api/middleware/version_negotiation.py:44}}
Jul 25 10:28:45 ubuntu devstack@g-api.service[145495]: DEBUG glance.api.middleware.version_negotiation [None req-aef29eec-6530-4543-a675-a840e1750546 admin admin] Using url versioning {{(pid=145495) process_request /opt/stack/glance/glance/api/middleware/version_negotiation.py:57}}
Jul 25 10:28:45 ubuntu devstack@g-api.service[145495]: DEBUG glance.api.middleware.version_negotiation [None req-aef29eec-6530-4543-a675-a840e1750546 admin admin] Matched version: v2 {{(pid=145495) process_request /opt/stack/glance/glance/api/middleware/version_negotiation.py:69}}
Jul 25 10:28:45 ubuntu devstack@g-api.service[145495]: DEBUG glance.api.middleware.version_negotiation [None req-aef29eec-6530-4543-a675-a840e1750546 admin admin] new path /v2/images {{(pid=145495) process_request /opt/stack/glance/glance/api/middleware/version_negotiation.py:70}}
Jul 25 10:28:46 ubuntu devstack@g-api.service[145495]: [pid: 145495|app: 0|req: 9/16] 127.0.0.1 () {38 vars in 768 bytes} [Mon Jul 25 10:28:45 2022] GET /v2/images?limit=20&sort_key=name&sort_dir=asc => generated 1081 bytes in 74 msecs (HTTP/1.1 200) 4 headers in 158 bytes (1 switches on core 0)
Jul 25 10:28:46 ubuntu devstack@g-api.service[145496]: DEBUG glance.api.middleware.version_negotiation [None req-6c8007c1-a3c4-439c-a902-db215d43ec8e admin admin] Determining version of request: GET /v2/schemas/image Accept: */* {{(pid=145496) process_request /opt/stack/glance/glance/api/middleware/version_negotiation.py:44}}
Jul 25 10:28:46 ubuntu devstack@g-api.service[145496]: DEBUG glance.api.middleware.version_negotiation [None req-6c8007c1-a3c4-439c-a902-db215d43ec8e admin admin] Using url versioning {{(pid=145496) process_request /opt/stack/glance/glance/api/middleware/version_negotiation.py:57}}
Jul 25 10:28:46 ubuntu devstack@g-api.service[145496]: DEBUG glance.api.middleware.version_negotiation [None req-6c8007c1-a3c4-439c-a902-db215d43ec8e admin admin] Matched version: v2 {{(pid=145496) process_request /opt/stack/glance/glance/api/middleware/version_negotiation.py:69}}
Jul 25 10:28:46 ubuntu devstack@g-api.service[145496]: DEBUG glance.api.middleware.version_negotiation [None req-6c8007c1-a3c4-439c-a902-db215d43ec8e admin admin] new path /v2/schemas/image {{(pid=145496) process_request /opt/stack/glance/glance/api/middleware/version_negotiation.py:70}}
Jul 25 10:28:46 ubuntu devstack@g-api.service[145496]: [pid: 145496|app: 0|req: 8/17] 127.0.0.1 () {38 vars in 711 bytes} [Mon Jul 25 10:28:46 2022] GET /v2/schemas/image => generated 6083 bytes in 4 msecs (HTTP/1.1 200) 4 headers in 158 bytes (1 switches on core 0)
Jul 25 10:28:56 ubuntu devstack@g-api.service[145495]: DEBUG dbcounter [-] [145495] Writing DB stats glance:SELECT=2 {{(pid=145495) stat_writer /usr/local/lib/python3.8/dist-packages/dbcounter.py:114}}
Jul 25 10:28:59 ubuntu devstack@g-api.service[145495]: DEBUG glance.api.middleware.version_negotiation [None req-4fc27c63-97af-4199-bd5c-5d5e7387c2a2 admin admin] Determining version of request: GET / Accept: application/json {{(pid=145495) process_request /opt/stack/glance/glance/api/middleware/version_negotiation.py:44}}
Jul 25 10:28:59 ubuntu devstack@g-api.service[145495]: DEBUG glance.api.middleware.version_negotiation [None req-4fc27c63-97af-4199-bd5c-5d5e7387c2a2 admin admin] Using url versioning {{(pid=145495) process_request /opt/stack/glance/glance/api/middleware/version_negotiation.py:57}}
Jul 25 10:28:59 ubuntu devstack@g-api.service[145495]: DEBUG glance.api.middleware.version_negotiation [None req-4fc27c63-97af-4199-bd5c-5d5e7387c2a2 admin admin] Unknown version. Returning version choices. {{(pid=145495) process_request /opt/stack/glance/glance/api/middleware/version_negotiation.py:64}}
Jul 25 10:28:59 ubuntu devstack@g-api.service[145495]: [pid: 145495|app: 0|req: 10/18] 127.0.0.1 () {34 vars in 492 bytes} [Mon Jul 25 10:28:59 2022] GET / => generated 1323 bytes in 3 msecs (HTTP/1.1 300) 3 headers in 106 bytes (1 switches on core 0)
Jul 25 10:28:59 ubuntu devstack@g-api.service[145496]: DEBUG glance.api.middleware.version_negotiation [None req-88eacbd3-6b44-4087-a475-68267637ffab admin admin] Determining version of request: GET /v2/images/919433fd-631e-4908-9b63-d27f137a29ae Accept: */* {{(pid=145496) process_request /opt/stack/glance/glance/api/middleware/version_negotiation.py:44}}
Jul 25 10:28:59 ubuntu devstack@g-api.service[145496]: DEBUG glance.api.middleware.version_negotiation [None req-88eacbd3-6b44-4087-a475-68267637ffab admin admin] Using url versioning {{(pid=145496) process_request /opt/stack/glance/glance/api/middleware/version_negotiation.py:57}}
Jul 25 10:28:59 ubuntu devstack@g-api.service[145496]: DEBUG glance.api.middleware.version_negotiation [None req-88eacbd3-6b44-4087-a475-68267637ffab admin admin] Matched version: v2 {{(pid=145496) process_request /opt/stack/glance/glance/api/middleware/version_negotiation.py:69}}
Jul 25 10:28:59 ubuntu devstack@g-api.service[145496]: DEBUG glance.api.middleware.version_negotiation [None req-88eacbd3-6b44-4087-a475-68267637ffab admin admin] new path /v2/images/919433fd-631e-4908-9b63-d27f137a29ae {{(pid=145496) process_request /opt/stack/glance/glance/api/middleware/version_negotiation.py:70}}
Jul 25 10:29:00 ubuntu devstack@g-api.service[145496]: WARNING keystonemiddleware.auth_token [None req-88eacbd3-6b44-4087-a475-68267637ffab admin admin] A valid token was submitted as a service token, but it was not a valid service token. This is incorrect but backwards compatible behaviour. This will be removed in future releases.
Jul 25 10:29:00 ubuntu devstack@g-api.service[145496]: [pid: 145496|app: 0|req: 9/19] 127.0.0.1 () {42 vars in 1049 bytes} [Mon Jul 25 10:28:59 2022] GET /v2/images/919433fd-631e-4908-9b63-d27f137a29ae => generated 976 bytes in 135 msecs (HTTP/1.1 200) 4 headers in 157 bytes (1 switches on core 0)
Jul 25 10:29:00 ubuntu devstack@g-api.service[145495]: DEBUG glance.api.middleware.version_negotiation [None req-4fc27c63-97af-4199-bd5c-5d5e7387c2a2 admin admin] Determining version of request: GET /v2/schemas/image Accept: */* {{(pid=145495) process_request /opt/stack/glance/glance/api/middleware/version_negotiation.py:44}}
Jul 25 10:29:00 ubuntu devstack@g-api.service[145495]: DEBUG glance.api.middleware.version_negotiation [None req-4fc27c63-97af-4199-bd5c-5d5e7387c2a2 admin admin] Using url versioning {{(pid=145495) process_request /opt/stack/glance/glance/api/middleware/version_negotiation.py:57}}
Jul 25 10:29:00 ubuntu devstack@g-api.service[145495]: DEBUG glance.api.middleware.version_negotiation [None req-4fc27c63-97af-4199-bd5c-5d5e7387c2a2 admin admin] Matched version: v2 {{(pid=145495) process_request /opt/stack/glance/glance/api/middleware/version_negotiation.py:69}}
Jul 25 10:29:00 ubuntu devstack@g-api.service[145495]: DEBUG glance.api.middleware.version_negotiation [None req-4fc27c63-97af-4199-bd5c-5d5e7387c2a2 admin admin] new path /v2/schemas/image {{(pid=145495) process_request /opt/stack/glance/glance/api/middleware/version_negotiation.py:70}}
Jul 25 10:29:00 ubuntu devstack@g-api.service[145495]: WARNING keystonemiddleware.auth_token [None req-4fc27c63-97af-4199-bd5c-5d5e7387c2a2 admin admin] A valid token was submitted as a service token, but it was not a valid service token. This is incorrect but backwards compatible behaviour. This will be removed in future releases.
Jul 25 10:29:00 ubuntu devstack@g-api.service[145495]: [pid: 145495|app: 0|req: 11/20] 127.0.0.1 () {42 vars in 989 bytes} [Mon Jul 25 10:29:00 2022] GET /v2/schemas/image => generated 6083 bytes in 5 msecs (HTTP/1.1 200) 4 headers in 158 bytes (1 switches on core 0)
Jul 25 10:29:02 ubuntu devstack@g-api.service[145496]: DEBUG glance.api.middleware.version_negotiation [None req-19164f2c-ce73-46af-9632-c74c86b61ac0 tempest-VolumesAdminNegativeTest-278991494 tempest-VolumesAdminNegativeTest-278991494-project] Determining version of request: GET /v2/images/919433fd-631e-4908-9b63-d27f137a29ae Accept: */* {{(pid=145496) process_request /opt/stack/glance/glance/api/middleware/version_negotiation.py:44}}
Jul 25 10:29:02 ubuntu devstack@g-api.service[145496]: DEBUG glance.api.middleware.version_negotiation [None req-19164f2c-ce73-46af-9632-c74c86b61ac0 tempest-VolumesAdminNegativeTest-278991494 tempest-VolumesAdminNegativeTest-278991494-project] Using url versioning {{(pid=145496) process_request /opt/stack/glance/glance/api/middleware/version_negotiation.py:57}}
Jul 25 10:29:02 ubuntu devstack@g-api.service[145496]: DEBUG glance.api.middleware.version_negotiation [None req-19164f2c-ce73-46af-9632-c74c86b61ac0 tempest-VolumesAdminNegativeTest-278991494 tempest-VolumesAdminNegativeTest-278991494-project] Matched version: v2 {{(pid=145496) process_request /opt/stack/glance/glance/api/middleware/version_negotiation.py:69}}
Jul 25 10:29:02 ubuntu devstack@g-api.service[145496]: DEBUG glance.api.middleware.version_negotiation [None req-19164f2c-ce73-46af-9632-c74c86b61ac0 tempest-VolumesAdminNegativeTest-278991494 tempest-VolumesAdminNegativeTest-278991494-project] new path /v2/images/919433fd-631e-4908-9b63-d27f137a29ae {{(pid=145496) process_request /opt/stack/glance/glance/api/middleware/version_negotiation.py:70}}
Jul 25 10:29:02 ubuntu devstack@g-api.service[145496]: [pid: 145496|app: 0|req: 10/21] 127.0.0.1 () {42 vars in 1049 bytes} [Mon Jul 25 10:29:02 2022] GET /v2/images/919433fd-631e-4908-9b63-d27f137a29ae => generated 976 bytes in 16 msecs (HTTP/1.1 200) 4 headers in 157 bytes (1 switches on core 0)
Jul 25 10:29:02 ubuntu devstack@g-api.service[145495]: DEBUG glance.api.middleware.version_negotiation [None req-19164f2c-ce73-46af-9632-c74c86b61ac0 tempest-VolumesAdminNegativeTest-278991494 tempest-VolumesAdminNegativeTest-278991494-project] Determining version of request: GET /v2/images/919433fd-631e-4908-9b63-d27f137a29ae/file Accept: */* {{(pid=145495) process_request /opt/stack/glance/glance/api/middleware/version_negotiation.py:44}}
Jul 25 10:29:02 ubuntu devstack@g-api.service[145495]: DEBUG glance.api.middleware.version_negotiation [None req-19164f2c-ce73-46af-9632-c74c86b61ac0 tempest-VolumesAdminNegativeTest-278991494 tempest-VolumesAdminNegativeTest-278991494-project] Using url versioning {{(pid=145495) process_request /opt/stack/glance/glance/api/middleware/version_negotiation.py:57}}
Jul 25 10:29:02 ubuntu devstack@g-api.service[145495]: DEBUG glance.api.middleware.version_negotiation [None req-19164f2c-ce73-46af-9632-c74c86b61ac0 tempest-VolumesAdminNegativeTest-278991494 tempest-VolumesAdminNegativeTest-278991494-project] Matched version: v2 {{(pid=145495) process_request /opt/stack/glance/glance/api/middleware/version_negotiation.py:69}}
Jul 25 10:29:02 ubuntu devstack@g-api.service[145495]: DEBUG glance.api.middleware.version_negotiation [None req-19164f2c-ce73-46af-9632-c74c86b61ac0 tempest-VolumesAdminNegativeTest-278991494 tempest-VolumesAdminNegativeTest-278991494-project] new path /v2/images/919433fd-631e-4908-9b63-d27f137a29ae/file {{(pid=145495) process_request /opt/stack/glance/glance/api/middleware/version_negotiation.py:70}}
Jul 25 10:29:02 ubuntu devstack@g-api.service[145495]: DEBUG glance_store.backend [None req-19164f2c-ce73-46af-9632-c74c86b61ac0 tempest-VolumesAdminNegativeTest-278991494 tempest-VolumesAdminNegativeTest-278991494-project] Attempting to import store swift {{(pid=145495) _load_store /usr/local/lib/python3.8/dist-packages/glance_store/backend.py:216}}
Jul 25 10:29:02 ubuntu devstack@g-api.service[145495]: DEBUG glance_store.capabilities [None req-19164f2c-ce73-46af-9632-c74c86b61ac0 tempest-VolumesAdminNegativeTest-278991494 tempest-VolumesAdminNegativeTest-278991494-project] Store glance_store._drivers.swift.store.SingleTenantStore doesn't support updating dynamic storage capabilities. Please overwrite 'update_capabilities' method of the store to implement updating logics if needed. {{(pid=145495) update_capabilities /usr/local/lib/python3.8/dist-packages/glance_store/capabilities.py:91}}
Jul 25 10:29:02 ubuntu devstack@g-api.service[145495]: DEBUG glance_store.driver [None req-19164f2c-ce73-46af-9632-c74c86b61ac0 tempest-VolumesAdminNegativeTest-278991494 tempest-VolumesAdminNegativeTest-278991494-project] Late loading location class glance_store._drivers.swift.store.StoreLocation {{(pid=145495) get_store_location_class /usr/local/lib/python3.8/dist-packages/glance_store/driver.py:116}}
Jul 25 10:29:02 ubuntu devstack@g-api.service[145495]: DEBUG glance_store.location [None req-19164f2c-ce73-46af-9632-c74c86b61ac0 tempest-VolumesAdminNegativeTest-278991494 tempest-VolumesAdminNegativeTest-278991494-project] Registering scheme swift+https with {'store': <glance_store._drivers.swift.store.SingleTenantStore object at 0x7f3444fed910>, 'location_class': <class 'glance_store._drivers.swift.store.StoreLocation'>, 'store_entry': 'swift'} {{(pid=145495) register_scheme_map /usr/local/lib/python3.8/dist-packages/glance_store/location.py:146}}
Jul 25 10:29:02 ubuntu devstack@g-api.service[145495]: DEBUG glance_store.location [None req-19164f2c-ce73-46af-9632-c74c86b61ac0 tempest-VolumesAdminNegativeTest-278991494 tempest-VolumesAdminNegativeTest-278991494-project] Registering scheme swift+https with {'store': <glance_store._drivers.swift.store.SingleTenantStore object at 0x7f3444fed910>, 'location_class': <class 'glance_store._drivers.swift.store.StoreLocation'>, 'store_entry': 'swift'} {{(pid=145495) register_scheme_map /usr/local/lib/python3.8/dist-packages/glance_store/location.py:146}}
Jul 25 10:29:02 ubuntu devstack@g-api.service[145495]: DEBUG glance_store.location [None req-19164f2c-ce73-46af-9632-c74c86b61ac0 tempest-VolumesAdminNegativeTest-278991494 tempest-VolumesAdminNegativeTest-278991494-project] Registering scheme swift with {'store': <glance_store._drivers.swift.store.SingleTenantStore object at 0x7f3444fed910>, 'location_class': <class 'glance_store._drivers.swift.store.StoreLocation'>, 'store_entry': 'swift'} {{(pid=145495) register_scheme_map /usr/local/lib/python3.8/dist-packages/glance_store/location.py:146}}
Jul 25 10:29:02 ubuntu devstack@g-api.service[145495]: DEBUG glance_store.location [None req-19164f2c-ce73-46af-9632-c74c86b61ac0 tempest-VolumesAdminNegativeTest-278991494 tempest-VolumesAdminNegativeTest-278991494-project] Registering scheme swift+https with {'store': <glance_store._drivers.swift.store.SingleTenantStore object at 0x7f3444fed910>, 'location_class': <class 'glance_store._drivers.swift.store.StoreLocation'>, 'store_entry': 'swift'} {{(pid=145495) register_scheme_map /usr/local/lib/python3.8/dist-packages/glance_store/location.py:146}}
Jul 25 10:29:02 ubuntu devstack@g-api.service[145495]: DEBUG glance_store.location [None req-19164f2c-ce73-46af-9632-c74c86b61ac0 tempest-VolumesAdminNegativeTest-278991494 tempest-VolumesAdminNegativeTest-278991494-project] Registering scheme swift with {'store': <glance_store._drivers.swift.store.SingleTenantStore object at 0x7f3444fed910>, 'location_class': <class 'glance_store._drivers.swift.store.StoreLocation'>, 'store_entry': 'swift'} {{(pid=145495) register_scheme_map /usr/local/lib/python3.8/dist-packages/glance_store/location.py:146}}
Jul 25 10:29:02 ubuntu devstack@g-api.service[145495]: DEBUG glance_store.location [None req-19164f2c-ce73-46af-9632-c74c86b61ac0 tempest-VolumesAdminNegativeTest-278991494 tempest-VolumesAdminNegativeTest-278991494-project] Registering scheme swift+http with {'store': <glance_store._drivers.swift.store.SingleTenantStore object at 0x7f3444fed910>, 'location_class': <class 'glance_store._drivers.swift.store.StoreLocation'>, 'store_entry': 'swift'} {{(pid=145495) register_scheme_map /usr/local/lib/python3.8/dist-packages/glance_store/location.py:146}}
Jul 25 10:29:02 ubuntu devstack@g-api.service[145495]: DEBUG glance_store.location [None req-19164f2c-ce73-46af-9632-c74c86b61ac0 tempest-VolumesAdminNegativeTest-278991494 tempest-VolumesAdminNegativeTest-278991494-project] Registering scheme swift+https with {'store': <glance_store._drivers.swift.store.SingleTenantStore object at 0x7f3444fed910>, 'location_class': <class 'glance_store._drivers.swift.store.StoreLocation'>, 'store_entry': 'swift'} {{(pid=145495) register_scheme_map /usr/local/lib/python3.8/dist-packages/glance_store/location.py:146}}
Jul 25 10:29:02 ubuntu devstack@g-api.service[145495]: DEBUG glance_store.location [None req-19164f2c-ce73-46af-9632-c74c86b61ac0 tempest-VolumesAdminNegativeTest-278991494 tempest-VolumesAdminNegativeTest-278991494-project] Registering scheme swift with {'store': <glance_store._drivers.swift.store.SingleTenantStore object at 0x7f3444fed910>, 'location_class': <class 'glance_store._drivers.swift.store.StoreLocation'>, 'store_entry': 'swift'} {{(pid=145495) register_scheme_map /usr/local/lib/python3.8/dist-packages/glance_store/location.py:146}}
Jul 25 10:29:02 ubuntu devstack@g-api.service[145495]: DEBUG glance_store.location [None req-19164f2c-ce73-46af-9632-c74c86b61ac0 tempest-VolumesAdminNegativeTest-278991494 tempest-VolumesAdminNegativeTest-278991494-project] Registering scheme swift+http with {'store': <glance_store._drivers.swift.store.SingleTenantStore object at 0x7f3444fed910>, 'location_class': <class 'glance_store._drivers.swift.store.StoreLocation'>, 'store_entry': 'swift'} {{(pid=145495) register_scheme_map /usr/local/lib/python3.8/dist-packages/glance_store/location.py:146}}
Jul 25 10:29:02 ubuntu devstack@g-api.service[145495]: DEBUG glance_store.location [None req-19164f2c-ce73-46af-9632-c74c86b61ac0 tempest-VolumesAdminNegativeTest-278991494 tempest-VolumesAdminNegativeTest-278991494-project] Registering scheme swift+config with {'store': <glance_store._drivers.swift.store.SingleTenantStore object at 0x7f3444fed910>, 'location_class': <class 'glance_store._drivers.swift.store.StoreLocation'>, 'store_entry': 'swift'} {{(pid=145495) register_scheme_map /usr/local/lib/python3.8/dist-packages/glance_store/location.py:146}}
Jul 25 10:29:02 ubuntu devstack@g-api.service[145495]: DEBUG swiftclient [None req-19164f2c-ce73-46af-9632-c74c86b61ac0 tempest-VolumesAdminNegativeTest-278991494 tempest-VolumesAdminNegativeTest-278991494-project] REQ: curl -i http://192.168.79.45:8080/v1/AUTH_d32ebce5ef594f39beb02eba46ba07bc/glance/919433fd-631e-4908-9b63-d27f137a29ae -X GET -H "X-Auth-Token: gAAAAABi3nBu30I8..." {{(pid=145495) http_log /usr/local/lib/python3.8/dist-packages/swiftclient/client.py:157}}
Jul 25 10:29:02 ubuntu devstack@g-api.service[145495]: DEBUG swiftclient [None req-19164f2c-ce73-46af-9632-c74c86b61ac0 tempest-VolumesAdminNegativeTest-278991494 tempest-VolumesAdminNegativeTest-278991494-project] RESP STATUS: 200 OK {{(pid=145495) http_log /usr/local/lib/python3.8/dist-packages/swiftclient/client.py:158}}
Jul 25 10:29:02 ubuntu devstack@g-api.service[145495]: DEBUG swiftclient [None req-19164f2c-ce73-46af-9632-c74c86b61ac0 tempest-VolumesAdminNegativeTest-278991494 tempest-VolumesAdminNegativeTest-278991494-project] RESP HEADERS: {'Content-Type': 'application/octet-stream', 'Etag': '1d3062cd89af34e419f7100277f38b2b', 'Last-Modified': 'Mon, 25 Jul 2022 10:23:19 GMT', 'X-Timestamp': '1658744598.93892', 'Accept-Ranges': 'bytes', 'Content-Length': '16338944', 'X-Trans-Id': 'tx654b70537dfb48ec85724-0062de706e', 'X-Openstack-Request-Id': 'tx654b70537dfb48ec85724-0062de706e', 'Date': 'Mon, 25 Jul 2022 10:29:02 GMT'} {{(pid=145495) http_log /usr/local/lib/python3.8/dist-packages/swiftclient/client.py:159}}
Jul 25 10:29:02 ubuntu devstack@g-api.service[145495]: DEBUG glance.image_cache [None req-19164f2c-ce73-46af-9632-c74c86b61ac0 tempest-VolumesAdminNegativeTest-278991494 tempest-VolumesAdminNegativeTest-278991494-project] Tee'ing image '919433fd-631e-4908-9b63-d27f137a29ae' into cache {{(pid=145495) get_caching_iter /opt/stack/glance/glance/image_cache/__init__.py:343}}
Jul 25 10:29:02 ubuntu devstack@g-api.service[145495]: DEBUG glance.image_cache.drivers.sqlite [None req-19164f2c-ce73-46af-9632-c74c86b61ac0 tempest-VolumesAdminNegativeTest-278991494 tempest-VolumesAdminNegativeTest-278991494-project] Fetch finished, moving '/opt/stack/data/glance/cache/incomplete/919433fd-631e-4908-9b63-d27f137a29ae' to '/opt/stack/data/glance/cache/919433fd-631e-4908-9b63-d27f137a29ae' {{(pid=145495) commit /opt/stack/glance/glance/image_cache/drivers/sqlite.py:324}}
Jul 25 10:29:02 ubuntu devstack@g-api.service[145495]: [pid: 145495|app: 0|req: 12/22] 127.0.0.1 () {42 vars in 1059 bytes} [Mon Jul 25 10:29:02 2022] GET /v2/images/919433fd-631e-4908-9b63-d27f137a29ae/file => generated 16338944 bytes in 417 msecs (HTTP/1.1 200) 4 headers in 191 bytes (250 switches on core 0)
Jul 25 10:29:12 ubuntu devstack@g-api.service[145496]: DEBUG dbcounter [-] [145496] Writing DB stats glance:SELECT=8 {{(pid=145496) stat_writer /usr/local/lib/python3.8/dist-packages/dbcounter.py:114}}
Jul 25 10:29:12 ubuntu devstack@g-api.service[145495]: DEBUG dbcounter [-] [145495] Writing DB stats glance:SELECT=8 {{(pid=145495) stat_writer /usr/local/lib/python3.8/dist-packages/dbcounter.py:114}}
Jul 25 10:29:28 ubuntu devstack@g-api.service[145496]: DEBUG glance.api.middleware.version_negotiation [None req-19164f2c-ce73-46af-9632-c74c86b61ac0 tempest-VolumesAdminNegativeTest-278991494 tempest-VolumesAdminNegativeTest-278991494-project] Determining version of request: GET / Accept: application/json {{(pid=145496) process_request /opt/stack/glance/glance/api/middleware/version_negotiation.py:44}}
Jul 25 10:29:28 ubuntu devstack@g-api.service[145496]: DEBUG glance.api.middleware.version_negotiation [None req-19164f2c-ce73-46af-9632-c74c86b61ac0 tempest-VolumesAdminNegativeTest-278991494 tempest-VolumesAdminNegativeTest-278991494-project] Using url versioning {{(pid=145496) process_request /opt/stack/glance/glance/api/middleware/version_negotiation.py:57}}
Jul 25 10:29:28 ubuntu devstack@g-api.service[145496]: DEBUG glance.api.middleware.version_negotiation [None req-19164f2c-ce73-46af-9632-c74c86b61ac0 tempest-VolumesAdminNegativeTest-278991494 tempest-VolumesAdminNegativeTest-278991494-project] Unknown version. Returning version choices. {{(pid=145496) process_request /opt/stack/glance/glance/api/middleware/version_negotiation.py:64}}
Jul 25 10:29:28 ubuntu devstack@g-api.service[145496]: [pid: 145496|app: 0|req: 11/23] 127.0.0.1 () {34 vars in 492 bytes} [Mon Jul 25 10:29:28 2022] GET / => generated 1323 bytes in 2 msecs (HTTP/1.1 300) 3 headers in 106 bytes (1 switches on core 0)
Jul 25 10:29:28 ubuntu devstack@g-api.service[145495]: DEBUG glance.api.middleware.version_negotiation [None req-19164f2c-ce73-46af-9632-c74c86b61ac0 tempest-VolumesAdminNegativeTest-278991494 tempest-VolumesAdminNegativeTest-278991494-project] Determining version of request: GET /v2/images/919433fd-631e-4908-9b63-d27f137a29ae Accept: */* {{(pid=145495) process_request /opt/stack/glance/glance/api/middleware/version_negotiation.py:44}}
Jul 25 10:29:28 ubuntu devstack@g-api.service[145495]: DEBUG glance.api.middleware.version_negotiation [None req-19164f2c-ce73-46af-9632-c74c86b61ac0 tempest-VolumesAdminNegativeTest-278991494 tempest-VolumesAdminNegativeTest-278991494-project] Using url versioning {{(pid=145495) process_request /opt/stack/glance/glance/api/middleware/version_negotiation.py:57}}
Jul 25 10:29:28 ubuntu devstack@g-api.service[145495]: DEBUG glance.api.middleware.version_negotiation [None req-19164f2c-ce73-46af-9632-c74c86b61ac0 tempest-VolumesAdminNegativeTest-278991494 tempest-VolumesAdminNegativeTest-278991494-project] Matched version: v2 {{(pid=145495) process_request /opt/stack/glance/glance/api/middleware/version_negotiation.py:69}}
Jul 25 10:29:28 ubuntu devstack@g-api.service[145495]: DEBUG glance.api.middleware.version_negotiation [None req-19164f2c-ce73-46af-9632-c74c86b61ac0 tempest-VolumesAdminNegativeTest-278991494 tempest-VolumesAdminNegativeTest-278991494-project] new path /v2/images/919433fd-631e-4908-9b63-d27f137a29ae {{(pid=145495) process_request /opt/stack/glance/glance/api/middleware/version_negotiation.py:70}}
Jul 25 10:29:28 ubuntu devstack@g-api.service[145495]: [pid: 145495|app: 0|req: 13/24] 127.0.0.1 () {42 vars in 1049 bytes} [Mon Jul 25 10:29:28 2022] GET /v2/images/919433fd-631e-4908-9b63-d27f137a29ae => generated 976 bytes in 18 msecs (HTTP/1.1 200) 4 headers in 157 bytes (1 switches on core 0)
Jul 25 10:29:28 ubuntu devstack@g-api.service[145496]: DEBUG glance.api.middleware.version_negotiation [None req-19164f2c-ce73-46af-9632-c74c86b61ac0 tempest-VolumesAdminNegativeTest-278991494 tempest-VolumesAdminNegativeTest-278991494-project] Determining version of request: GET /v2/schemas/image Accept: */* {{(pid=145496) process_request /opt/stack/glance/glance/api/middleware/version_negotiation.py:44}}
Jul 25 10:29:28 ubuntu devstack@g-api.service[145496]: DEBUG glance.api.middleware.version_negotiation [None req-19164f2c-ce73-46af-9632-c74c86b61ac0 tempest-VolumesAdminNegativeTest-278991494 tempest-VolumesAdminNegativeTest-278991494-project] Using url versioning {{(pid=145496) process_request /opt/stack/glance/glance/api/middleware/version_negotiation.py:57}}
Jul 25 10:29:28 ubuntu devstack@g-api.service[145496]: DEBUG glance.api.middleware.version_negotiation [None req-19164f2c-ce73-46af-9632-c74c86b61ac0 tempest-VolumesAdminNegativeTest-278991494 tempest-VolumesAdminNegativeTest-278991494-project] Matched version: v2 {{(pid=145496) process_request /opt/stack/glance/glance/api/middleware/version_negotiation.py:69}}
Jul 25 10:29:28 ubuntu devstack@g-api.service[145496]: DEBUG glance.api.middleware.version_negotiation [None req-19164f2c-ce73-46af-9632-c74c86b61ac0 tempest-VolumesAdminNegativeTest-278991494 tempest-VolumesAdminNegativeTest-278991494-project] new path /v2/schemas/image {{(pid=145496) process_request /opt/stack/glance/glance/api/middleware/version_negotiation.py:70}}
Jul 25 10:29:28 ubuntu devstack@g-api.service[145496]: [pid: 145496|app: 0|req: 12/25] 127.0.0.1 () {42 vars in 989 bytes} [Mon Jul 25 10:29:28 2022] GET /v2/schemas/image => generated 6083 bytes in 6 msecs (HTTP/1.1 200) 4 headers in 158 bytes (1 switches on core 0)
Jul 25 10:29:38 ubuntu devstack@g-api.service[145495]: DEBUG dbcounter [-] [145495] Writing DB stats glance:SELECT=4 {{(pid=145495) stat_writer /usr/local/lib/python3.8/dist-packages/dbcounter.py:114}}
Jul 25 10:29:55 ubuntu devstack@g-api.service[145495]: DEBUG glance.api.middleware.version_negotiation [None req-a875facf-ff73-466f-9ab0-31cf632ea464 tempest-DeleteServersTestJSON-1376434019 tempest-DeleteServersTestJSON-1376434019-project] Determining version of request: GET /v2/images/919433fd-631e-4908-9b63-d27f137a29ae Accept: */* {{(pid=145495) process_request /opt/stack/glance/glance/api/middleware/version_negotiation.py:44}}
Jul 25 10:29:55 ubuntu devstack@g-api.service[145495]: DEBUG glance.api.middleware.version_negotiation [None req-a875facf-ff73-466f-9ab0-31cf632ea464 tempest-DeleteServersTestJSON-1376434019 tempest-DeleteServersTestJSON-1376434019-project] Using url versioning {{(pid=145495) process_request /opt/stack/glance/glance/api/middleware/version_negotiation.py:57}}
Jul 25 10:29:55 ubuntu devstack@g-api.service[145495]: DEBUG glance.api.middleware.version_negotiation [None req-a875facf-ff73-466f-9ab0-31cf632ea464 tempest-DeleteServersTestJSON-1376434019 tempest-DeleteServersTestJSON-1376434019-project] Matched version: v2 {{(pid=145495) process_request /opt/stack/glance/glance/api/middleware/version_negotiation.py:69}}
