Jul 11 15:56:15 ubuntu neutron-server[119364]: DEBUG neutron.api.extensions [None req-f07b6fe3-4902-407e-b29a-0ee1dcbfc913 None None] Ext name="Trunk port details" alias="trunk-details" description="Expose trunk port details" updated="2016-01-01T10:00:00-00:00" {{(pid=119364) _check_extension /opt/stack/neutron/neutron/api/extensions.py:416}}
Jul 11 15:56:15 ubuntu neutron-server[119364]: INFO neutron.api.extensions [None req-f07b6fe3-4902-407e-b29a-0ee1dcbfc913 None None] Extension trunk-details not supported by any of loaded plugins
Jul 11 15:56:15 ubuntu neutron-server[119364]: DEBUG neutron.api.extensions [None req-f07b6fe3-4902-407e-b29a-0ee1dcbfc913 None None] Loading extension file: uplink_status_propagation.py {{(pid=119364) _load_all_extensions_from_path /opt/stack/neutron/neutron/api/extensions.py:450}}
Jul 11 15:56:15 ubuntu neutron-server[119364]: DEBUG neutron.api.extensions [None req-f07b6fe3-4902-407e-b29a-0ee1dcbfc913 None None] Ext name="Uplink status propagation extension" alias="uplink-status-propagation" description="Provides ability to propagate port uplink status." updated="2018-05-31T18:00:00-00:00" {{(pid=119364) _check_extension /opt/stack/neutron/neutron/api/extensions.py:416}}
Jul 11 15:56:15 ubuntu neutron-server[119364]: INFO neutron.api.extensions [None req-f07b6fe3-4902-407e-b29a-0ee1dcbfc913 None None] Extension uplink-status-propagation not supported by any of loaded plugins
Jul 11 15:56:15 ubuntu neutron-server[119364]: DEBUG neutron.api.extensions [None req-f07b6fe3-4902-407e-b29a-0ee1dcbfc913 None None] Loading extension file: vlantransparent.py {{(pid=119364) _load_all_extensions_from_path /opt/stack/neutron/neutron/api/extensions.py:450}}
Jul 11 15:56:15 ubuntu neutron-server[119364]: DEBUG neutron.api.extensions [None req-f07b6fe3-4902-407e-b29a-0ee1dcbfc913 None None] Ext name="Vlantransparent" alias="vlan-transparent" description="Provides Vlan Transparent Networks" updated="2015-03-23T09:00:00-00:00" {{(pid=119364) _check_extension /opt/stack/neutron/neutron/api/extensions.py:416}}
Jul 11 15:56:15 ubuntu neutron-server[119364]: INFO neutron.api.extensions [None req-f07b6fe3-4902-407e-b29a-0ee1dcbfc913 None None] Extension vlan-transparent not supported by any of loaded plugins
Jul 11 15:56:15 ubuntu neutron-server[119364]: INFO neutron.quota.resource_registry [None req-f07b6fe3-4902-407e-b29a-0ee1dcbfc913 None None] Creating instance of TrackedResource for resource:network
Jul 11 15:56:15 ubuntu neutron-server[119364]: INFO neutron.quota.resource_registry [None req-f07b6fe3-4902-407e-b29a-0ee1dcbfc913 None None] Creating instance of TrackedResource for resource:subnet
Jul 11 15:56:15 ubuntu neutron-server[119364]: INFO neutron.quota.resource_registry [None req-f07b6fe3-4902-407e-b29a-0ee1dcbfc913 None None] Creating instance of TrackedResource for resource:subnetpool
Jul 11 15:56:15 ubuntu neutron-server[119364]: INFO neutron.quota.resource_registry [None req-f07b6fe3-4902-407e-b29a-0ee1dcbfc913 None None] Creating instance of TrackedResource for resource:port
Jul 11 15:56:15 ubuntu neutron-server[119364]: DEBUG neutron.api.v2.resource_helper [None req-f07b6fe3-4902-407e-b29a-0ee1dcbfc913 None None] Service FLAVORS assigned prefix:  {{(pid=119364) build_resource_info /opt/stack/neutron/neutron/api/v2/resource_helper.py:77}}
Jul 11 15:56:15 ubuntu neutron-server[119364]: DEBUG neutron.api.v2.resource_helper [None req-f07b6fe3-4902-407e-b29a-0ee1dcbfc913 None None] Service L3_ROUTER_NAT assigned prefix:  {{(pid=119364) build_resource_info /opt/stack/neutron/neutron/api/v2/resource_helper.py:77}}
Jul 11 15:56:15 ubuntu neutron-server[119364]: DEBUG neutron.api.v2.resource_helper [None req-f07b6fe3-4902-407e-b29a-0ee1dcbfc913 None None] Service L3_ROUTER_NAT assigned prefix:  {{(pid=119364) build_resource_info /opt/stack/neutron/neutron/api/v2/resource_helper.py:77}}
Jul 11 15:56:15 ubuntu neutron-server[119364]: INFO neutron.quota.resource_registry [None req-f07b6fe3-4902-407e-b29a-0ee1dcbfc913 None None] Creating instance of TrackedResource for resource:router
Jul 11 15:56:15 ubuntu neutron-server[119364]: INFO neutron.quota.resource_registry [None req-f07b6fe3-4902-407e-b29a-0ee1dcbfc913 None None] Creating instance of TrackedResource for resource:floatingip
Jul 11 15:56:15 ubuntu neutron-server[119364]: DEBUG neutron_lib.callbacks.manager [None req-f07b6fe3-4902-407e-b29a-0ee1dcbfc913 None None] Subscribe: <bound method NeutronDbPluginV2.validate_network_rbac_policy_change of <neutron.services.network_ip_availability.plugin.NetworkIPAvailabilityPlugin object at 0x7f7ee15af340>> rbac-policy before_create 55550000 {{(pid=119364) subscribe /usr/local/lib/python3.8/dist-packages/neutron_lib/callbacks/manager.py:45}}
Jul 11 15:56:15 ubuntu neutron-server[119364]: DEBUG neutron_lib.callbacks.manager [None req-f07b6fe3-4902-407e-b29a-0ee1dcbfc913 None None] Subscribe: <bound method NeutronDbPluginV2.validate_network_rbac_policy_change of <neutron.services.network_ip_availability.plugin.NetworkIPAvailabilityPlugin object at 0x7f7ee15af340>> rbac-policy before_update 55550000 {{(pid=119364) subscribe /usr/local/lib/python3.8/dist-packages/neutron_lib/callbacks/manager.py:45}}
Jul 11 15:56:15 ubuntu neutron-server[119364]: DEBUG neutron_lib.callbacks.manager [None req-f07b6fe3-4902-407e-b29a-0ee1dcbfc913 None None] Subscribe: <bound method NeutronDbPluginV2.validate_network_rbac_policy_change of <neutron.services.network_ip_availability.plugin.NetworkIPAvailabilityPlugin object at 0x7f7ee15af340>> rbac-policy before_delete 55550000 {{(pid=119364) subscribe /usr/local/lib/python3.8/dist-packages/neutron_lib/callbacks/manager.py:45}}
Jul 11 15:56:15 ubuntu neutron-server[119364]: INFO neutron.quota.resource_registry [None req-f07b6fe3-4902-407e-b29a-0ee1dcbfc913 None None] Creating instance of CountableResource for resource:rbac_policy
Jul 11 15:56:15 ubuntu neutron-server[119364]: INFO neutron.quota.resource_registry [None req-f07b6fe3-4902-407e-b29a-0ee1dcbfc913 None None] Creating instance of TrackedResource for resource:security_group
Jul 11 15:56:15 ubuntu neutron-server[119364]: INFO neutron.quota.resource_registry [None req-f07b6fe3-4902-407e-b29a-0ee1dcbfc913 None None] Creating instance of TrackedResource for resource:security_group_rule
Jul 11 15:56:15 ubuntu neutron-server[119364]: DEBUG neutron.api.v2.resource_helper [None req-f07b6fe3-4902-407e-b29a-0ee1dcbfc913 None None] Service FLAVORS assigned prefix:  {{(pid=119364) build_resource_info /opt/stack/neutron/neutron/api/v2/resource_helper.py:77}}
Jul 11 15:56:15 ubuntu neutron-server[119364]: DEBUG neutron.api.v2.resource_helper [None req-f07b6fe3-4902-407e-b29a-0ee1dcbfc913 None None] Service L3_ROUTER_NAT assigned prefix:  {{(pid=119364) build_resource_info /opt/stack/neutron/neutron/api/v2/resource_helper.py:77}}
Jul 11 15:56:15 ubuntu neutron-server[119364]: DEBUG neutron.api.v2.resource_helper [None req-f07b6fe3-4902-407e-b29a-0ee1dcbfc913 None None] Service L3_ROUTER_NAT assigned prefix:  {{(pid=119364) build_resource_info /opt/stack/neutron/neutron/api/v2/resource_helper.py:77}}
Jul 11 15:56:15 ubuntu neutron-server[119364]: INFO neutron.quota.resource_registry [None req-f07b6fe3-4902-407e-b29a-0ee1dcbfc913 None None] Creating instance of TrackedResource for resource:router
Jul 11 15:56:15 ubuntu neutron-server[119364]: WARNING neutron.quota.resource_registry [None req-f07b6fe3-4902-407e-b29a-0ee1dcbfc913 None None] router is already registered
Jul 11 15:56:15 ubuntu neutron-server[119364]: INFO neutron.quota.resource_registry [None req-f07b6fe3-4902-407e-b29a-0ee1dcbfc913 None None] Creating instance of TrackedResource for resource:floatingip
Jul 11 15:56:15 ubuntu neutron-server[119364]: WARNING neutron.quota.resource_registry [None req-f07b6fe3-4902-407e-b29a-0ee1dcbfc913 None None] floatingip is already registered
Jul 11 15:56:15 ubuntu neutron-server[119364]: INFO neutron.quota.resource_registry [None req-f07b6fe3-4902-407e-b29a-0ee1dcbfc913 None None] Creating instance of CountableResource for resource:rbac_policy
Jul 11 15:56:15 ubuntu neutron-server[119364]: WARNING neutron.quota.resource_registry [None req-f07b6fe3-4902-407e-b29a-0ee1dcbfc913 None None] rbac_policy is already registered
Jul 11 15:56:15 ubuntu neutron-server[119364]: INFO neutron.quota.resource_registry [None req-f07b6fe3-4902-407e-b29a-0ee1dcbfc913 None None] Creating instance of TrackedResource for resource:security_group
Jul 11 15:56:15 ubuntu neutron-server[119364]: WARNING neutron.quota.resource_registry [None req-f07b6fe3-4902-407e-b29a-0ee1dcbfc913 None None] security_group is already registered
Jul 11 15:56:15 ubuntu neutron-server[119364]: INFO neutron.quota.resource_registry [None req-f07b6fe3-4902-407e-b29a-0ee1dcbfc913 None None] Creating instance of TrackedResource for resource:security_group_rule
Jul 11 15:56:15 ubuntu neutron-server[119364]: WARNING neutron.quota.resource_registry [None req-f07b6fe3-4902-407e-b29a-0ee1dcbfc913 None None] security_group_rule is already registered
Jul 11 15:56:15 ubuntu neutron-server[119364]: DEBUG neutron.api.extensions [None req-f07b6fe3-4902-407e-b29a-0ee1dcbfc913 None None] Extended resource: extensions {{(pid=119364) __init__ /opt/stack/neutron/neutron/api/extensions.py:157}}
Jul 11 15:56:15 ubuntu neutron-server[119364]: DEBUG neutron.api.extensions [None req-f07b6fe3-4902-407e-b29a-0ee1dcbfc913 None None] Extended resource: address-groups {{(pid=119364) __init__ /opt/stack/neutron/neutron/api/extensions.py:157}}
Jul 11 15:56:15 ubuntu neutron-server[119364]: DEBUG neutron.api.extensions [None req-f07b6fe3-4902-407e-b29a-0ee1dcbfc913 None None] Extended resource: address-scopes {{(pid=119364) __init__ /opt/stack/neutron/neutron/api/extensions.py:157}}
Jul 11 15:56:15 ubuntu neutron-server[119364]: DEBUG neutron.api.extensions [None req-f07b6fe3-4902-407e-b29a-0ee1dcbfc913 None None] Extended resource: agents {{(pid=119364) __init__ /opt/stack/neutron/neutron/api/extensions.py:157}}
Jul 11 15:56:15 ubuntu neutron-server[119364]: DEBUG neutron.api.extensions [None req-f07b6fe3-4902-407e-b29a-0ee1dcbfc913 None None] Extended resource: auto-allocated-topology {{(pid=119364) __init__ /opt/stack/neutron/neutron/api/extensions.py:157}}
Jul 11 15:56:15 ubuntu neutron-server[119364]: DEBUG neutron.api.extensions [None req-f07b6fe3-4902-407e-b29a-0ee1dcbfc913 None None] Extended resource: availability_zones {{(pid=119364) __init__ /opt/stack/neutron/neutron/api/extensions.py:157}}
Jul 11 15:56:15 ubuntu neutron-server[119364]: DEBUG neutron.api.extensions [None req-f07b6fe3-4902-407e-b29a-0ee1dcbfc913 None None] Extended resource: flavors {{(pid=119364) __init__ /opt/stack/neutron/neutron/api/extensions.py:157}}
Jul 11 15:56:15 ubuntu neutron-server[119364]: DEBUG neutron.api.extensions [None req-f07b6fe3-4902-407e-b29a-0ee1dcbfc913 None None] Extended resource: service_profiles {{(pid=119364) __init__ /opt/stack/neutron/neutron/api/extensions.py:157}}
Jul 11 15:56:15 ubuntu neutron-server[119364]: DEBUG neutron.api.extensions [None req-f07b6fe3-4902-407e-b29a-0ee1dcbfc913 None None] Extended resource: next_providers {{(pid=119364) __init__ /opt/stack/neutron/neutron/api/extensions.py:157}}
Jul 11 15:56:15 ubuntu neutron-server[119364]: DEBUG neutron.api.extensions [None req-f07b6fe3-4902-407e-b29a-0ee1dcbfc913 None None] Extended resource: service_profiles {{(pid=119364) __init__ /opt/stack/neutron/neutron/api/extensions.py:157}}
Jul 11 15:56:15 ubuntu neutron-server[119364]: DEBUG neutron.api.extensions [None req-f07b6fe3-4902-407e-b29a-0ee1dcbfc913 None None] Extended resource: floatingip-pools {{(pid=119364) __init__ /opt/stack/neutron/neutron/api/extensions.py:157}}
Jul 11 15:56:15 ubuntu neutron-server[119364]: DEBUG neutron.api.extensions [None req-f07b6fe3-4902-407e-b29a-0ee1dcbfc913 None None] Extended resource: routers {{(pid=119364) __init__ /opt/stack/neutron/neutron/api/extensions.py:157}}
Jul 11 15:56:15 ubuntu neutron-server[119364]: DEBUG neutron.api.extensions [None req-f07b6fe3-4902-407e-b29a-0ee1dcbfc913 None None] Extended resource: floatingips {{(pid=119364) __init__ /opt/stack/neutron/neutron/api/extensions.py:157}}
Jul 11 15:56:15 ubuntu neutron-server[119364]: DEBUG neutron.api.extensions [None req-f07b6fe3-4902-407e-b29a-0ee1dcbfc913 None None] Extended resource: network-ip-availabilities {{(pid=119364) __init__ /opt/stack/neutron/neutron/api/extensions.py:157}}
Jul 11 15:56:15 ubuntu neutron-server[119364]: DEBUG neutron.api.extensions [None req-f07b6fe3-4902-407e-b29a-0ee1dcbfc913 None None] Extended resource: bindings {{(pid=119364) __init__ /opt/stack/neutron/neutron/api/extensions.py:157}}
Jul 11 15:56:15 ubuntu neutron-server[119364]: DEBUG neutron.api.extensions [None req-f07b6fe3-4902-407e-b29a-0ee1dcbfc913 None None] Extended resource: quotas {{(pid=119364) __init__ /opt/stack/neutron/neutron/api/extensions.py:157}}
Jul 11 15:56:15 ubuntu neutron-server[119364]: DEBUG neutron.api.extensions [None req-f07b6fe3-4902-407e-b29a-0ee1dcbfc913 None None] Extended resource: quotas {{(pid=119364) __init__ /opt/stack/neutron/neutron/api/extensions.py:157}}
Jul 11 15:56:15 ubuntu neutron-server[119364]: DEBUG neutron.api.extensions [None req-f07b6fe3-4902-407e-b29a-0ee1dcbfc913 None None] Extended resource: rbac-policies {{(pid=119364) __init__ /opt/stack/neutron/neutron/api/extensions.py:157}}
Jul 11 15:56:15 ubuntu neutron-server[119364]: DEBUG neutron.api.extensions [None req-f07b6fe3-4902-407e-b29a-0ee1dcbfc913 None None] Extended resource: security-groups {{(pid=119364) __init__ /opt/stack/neutron/neutron/api/extensions.py:157}}
Jul 11 15:56:15 ubuntu neutron-server[119364]: DEBUG neutron.api.extensions [None req-f07b6fe3-4902-407e-b29a-0ee1dcbfc913 None None] Extended resource: security-group-rules {{(pid=119364) __init__ /opt/stack/neutron/neutron/api/extensions.py:157}}
Jul 11 15:56:15 ubuntu neutron-server[119364]: DEBUG neutron.api.extensions [None req-f07b6fe3-4902-407e-b29a-0ee1dcbfc913 None None] Extended resource: service-providers {{(pid=119364) __init__ /opt/stack/neutron/neutron/api/extensions.py:157}}
Jul 11 15:56:15 ubuntu neutron-server[119364]: DEBUG neutron.api.extensions [None req-f07b6fe3-4902-407e-b29a-0ee1dcbfc913 None None] Extended resource: tags {{(pid=119364) __init__ /opt/stack/neutron/neutron/api/extensions.py:157}}
Jul 11 15:56:15 ubuntu neutron-server[119364]: DEBUG neutron.api.extensions [None req-f07b6fe3-4902-407e-b29a-0ee1dcbfc913 None None] Extended resource: tags {{(pid=119364) __init__ /opt/stack/neutron/neutron/api/extensions.py:157}}
Jul 11 15:56:15 ubuntu neutron-server[119364]: DEBUG neutron.api.extensions [None req-f07b6fe3-4902-407e-b29a-0ee1dcbfc913 None None] Extended resource: tags {{(pid=119364) __init__ /opt/stack/neutron/neutron/api/extensions.py:157}}
Jul 11 15:56:15 ubuntu neutron-server[119364]: DEBUG neutron.api.extensions [None req-f07b6fe3-4902-407e-b29a-0ee1dcbfc913 None None] Extended resource: tags {{(pid=119364) __init__ /opt/stack/neutron/neutron/api/extensions.py:157}}
Jul 11 15:56:15 ubuntu neutron-server[119364]: DEBUG neutron.api.extensions [None req-f07b6fe3-4902-407e-b29a-0ee1dcbfc913 None None] Extended resource: tags {{(pid=119364) __init__ /opt/stack/neutron/neutron/api/extensions.py:157}}
Jul 11 15:56:15 ubuntu neutron-server[119364]: DEBUG neutron.api.extensions [None req-f07b6fe3-4902-407e-b29a-0ee1dcbfc913 None None] Extended resource: tags {{(pid=119364) __init__ /opt/stack/neutron/neutron/api/extensions.py:157}}
Jul 11 15:56:15 ubuntu neutron-server[119364]: DEBUG neutron.api.extensions [None req-f07b6fe3-4902-407e-b29a-0ee1dcbfc913 None None] Extended resource: tags {{(pid=119364) __init__ /opt/stack/neutron/neutron/api/extensions.py:157}}
Jul 11 15:56:15 ubuntu neutron-server[119364]: DEBUG neutron.api.extensions [None req-f07b6fe3-4902-407e-b29a-0ee1dcbfc913 None None] Extended resource: tags {{(pid=119364) __init__ /opt/stack/neutron/neutron/api/extensions.py:157}}
Jul 11 15:56:15 ubuntu neutron-server[119364]: DEBUG neutron.api.extensions [None req-f07b6fe3-4902-407e-b29a-0ee1dcbfc913 None None] Extended resource: tags {{(pid=119364) __init__ /opt/stack/neutron/neutron/api/extensions.py:157}}
Jul 11 15:56:15 ubuntu neutron-server[119364]: DEBUG neutron.api.extensions [None req-f07b6fe3-4902-407e-b29a-0ee1dcbfc913 None None] Extended resource: tags {{(pid=119364) __init__ /opt/stack/neutron/neutron/api/extensions.py:157}}
Jul 11 15:56:15 ubuntu neutron-server[119364]: WARNING keystonemiddleware.auth_token [None req-f07b6fe3-4902-407e-b29a-0ee1dcbfc913 None None] AuthToken middleware is set with keystone_authtoken.service_token_roles_required set to False. This is backwards compatible but deprecated behaviour. Please set this to True.
Jul 11 15:56:15 ubuntu neutron-server[119364]: WARNING keystonemiddleware.auth_token [None req-f07b6fe3-4902-407e-b29a-0ee1dcbfc913 None None] Configuring www_authenticate_uri to point to the public identity endpoint is required; clients may not be able to authenticate against an admin endpoint
Jul 11 15:56:15 ubuntu neutron-server[119364]: DEBUG oslo_concurrency.lockutils [None req-f07b6fe3-4902-407e-b29a-0ee1dcbfc913 None None] Acquired lock "singleton_lock" {{(pid=119364) lock /usr/local/lib/python3.8/dist-packages/oslo_concurrency/lockutils.py:294}}
Jul 11 15:56:15 ubuntu neutron-server[119364]: DEBUG oslo_concurrency.lockutils [None req-f07b6fe3-4902-407e-b29a-0ee1dcbfc913 None None] Releasing lock "singleton_lock" {{(pid=119364) lock /usr/local/lib/python3.8/dist-packages/oslo_concurrency/lockutils.py:312}}
Jul 11 15:56:15 ubuntu neutron-server[119364]: INFO oslo_service.service [None req-f07b6fe3-4902-407e-b29a-0ee1dcbfc913 None None] Starting 2 workers
Jul 11 15:56:15 ubuntu neutron-server[119364]: DEBUG oslo_service.service [None req-f07b6fe3-4902-407e-b29a-0ee1dcbfc913 None None] Started child 119572 {{(pid=119364) _start_child /usr/local/lib/python3.8/dist-packages/oslo_service/service.py:575}}
Jul 11 15:56:15 ubuntu neutron-server[119364]: DEBUG oslo_service.service [None req-f07b6fe3-4902-407e-b29a-0ee1dcbfc913 None None] Started child 119573 {{(pid=119364) _start_child /usr/local/lib/python3.8/dist-packages/oslo_service/service.py:575}}
Jul 11 15:56:15 ubuntu neutron-server[119364]: INFO neutron.service [None req-f07b6fe3-4902-407e-b29a-0ee1dcbfc913 None None] Neutron service started, listening on 0.0.0.0:9696
Jul 11 15:56:15 ubuntu neutron-server[119364]: DEBUG neutron_lib.callbacks.manager [None req-f07b6fe3-4902-407e-b29a-0ee1dcbfc913 None None] Publish callbacks ['neutron.plugins.ml2.drivers.ovn.mech_driver.mech_driver.OVNMechanismDriver.pre_fork_initialize-938025'] for process (None), before_spawn {{(pid=119364) _notify_loop /usr/local/lib/python3.8/dist-packages/neutron_lib/callbacks/manager.py:176}}
Jul 11 15:56:15 ubuntu neutron-server[119572]: DEBUG neutron_lib.callbacks.manager [-] Publish callbacks ['neutron.plugins.ml2.drivers.ovn.mech_driver.mech_driver.OVNMechanismDriver.post_fork_initialize-937997'] for process (None), after_init {{(pid=119572) _notify_loop /usr/local/lib/python3.8/dist-packages/neutron_lib/callbacks/manager.py:176}}
Jul 11 15:56:15 ubuntu neutron-server[119573]: DEBUG neutron_lib.callbacks.manager [-] Publish callbacks ['neutron.plugins.ml2.drivers.ovn.mech_driver.mech_driver.OVNMechanismDriver.post_fork_initialize-937997'] for process (None), after_init {{(pid=119573) _notify_loop /usr/local/lib/python3.8/dist-packages/neutron_lib/callbacks/manager.py:176}}
Jul 11 15:56:15 ubuntu neutron-server[119573]: DEBUG dbcounter [-] [119573] Writer thread running {{(pid=119573) stat_writer /usr/local/lib/python3.8/dist-packages/dbcounter.py:99}}
Jul 11 15:56:15 ubuntu neutron-server[119572]: DEBUG dbcounter [-] [119572] Writer thread running {{(pid=119572) stat_writer /usr/local/lib/python3.8/dist-packages/dbcounter.py:99}}
Jul 11 15:56:15 ubuntu neutron-server[119364]: DEBUG ovsdbapp.backend.ovs_idl [None req-f07b6fe3-4902-407e-b29a-0ee1dcbfc913 None None] Created schema index Port_Group.name {{(pid=119364) autocreate_indices /usr/local/lib/python3.8/dist-packages/ovsdbapp/backend/ovs_idl/__init__.py:104}}
Jul 11 15:56:15 ubuntu neutron-server[119364]: DEBUG ovsdbapp.backend.ovs_idl [None req-f07b6fe3-4902-407e-b29a-0ee1dcbfc913 None None] Created schema index Logical_Switch_Port.name {{(pid=119364) autocreate_indices /usr/local/lib/python3.8/dist-packages/ovsdbapp/backend/ovs_idl/__init__.py:104}}
Jul 11 15:56:15 ubuntu neutron-server[119573]: INFO neutron.plugins.ml2.drivers.ovn.mech_driver.ovsdb.impl_idl_ovn [None req-acfd0342-933b-4dd7-afdf-c6eb34e410ea None None] Getting OvsdbNbOvnIdl for WorkerService with retry
Jul 11 15:56:15 ubuntu neutron-server[119572]: INFO neutron.plugins.ml2.drivers.ovn.mech_driver.ovsdb.impl_idl_ovn [None req-c2d2d50d-c1b7-46bf-86cb-907884dc3bb1 None None] Getting OvsdbNbOvnIdl for WorkerService with retry
Jul 11 15:56:15 ubuntu neutron-server[119364]: DEBUG ovsdbapp.backend.ovs_idl.transaction [-] Running txn n=1 command(idx=0): PgAddCommand(name=neutron_pg_drop, may_exist=True, columns={'acls': []}) {{(pid=119364) do_commit /usr/local/lib/python3.8/dist-packages/ovsdbapp/backend/ovs_idl/transaction.py:90}}
Jul 11 15:56:15 ubuntu neutron-server[119364]: DEBUG ovsdbapp.backend.ovs_idl.transaction [-] Running txn n=1 command(idx=1): PgAclAddCommand(entity=neutron_pg_drop, direction=from-lport, priority=1001, match=inport == @neutron_pg_drop && ip, action=drop, log=False, may_exist=True, severity=[], name=[], meter=None, external_ids={}) {{(pid=119364) do_commit /usr/local/lib/python3.8/dist-packages/ovsdbapp/backend/ovs_idl/transaction.py:90}}
Jul 11 15:56:15 ubuntu neutron-server[119364]: DEBUG ovsdbapp.backend.ovs_idl.transaction [-] Running txn n=1 command(idx=2): PgAclAddCommand(entity=neutron_pg_drop, direction=to-lport, priority=1001, match=outport == @neutron_pg_drop && ip, action=drop, log=False, may_exist=True, severity=[], name=[], meter=None, external_ids={}) {{(pid=119364) do_commit /usr/local/lib/python3.8/dist-packages/ovsdbapp/backend/ovs_idl/transaction.py:90}}
Jul 11 15:56:15 ubuntu neutron-server[119573]: DEBUG ovsdbapp.backend.ovs_idl [None req-acfd0342-933b-4dd7-afdf-c6eb34e410ea None None] Created lookup_table index Logical_Switch.name {{(pid=119573) autocreate_indices /usr/local/lib/python3.8/dist-packages/ovsdbapp/backend/ovs_idl/__init__.py:85}}
Jul 11 15:56:15 ubuntu neutron-server[119573]: DEBUG ovsdbapp.backend.ovs_idl [None req-acfd0342-933b-4dd7-afdf-c6eb34e410ea None None] Created lookup_table index Logical_Router.name {{(pid=119573) autocreate_indices /usr/local/lib/python3.8/dist-packages/ovsdbapp/backend/ovs_idl/__init__.py:85}}
Jul 11 15:56:15 ubuntu neutron-server[119573]: DEBUG ovsdbapp.backend.ovs_idl [None req-acfd0342-933b-4dd7-afdf-c6eb34e410ea None None] Created lookup_table index Load_Balancer.name {{(pid=119573) autocreate_indices /usr/local/lib/python3.8/dist-packages/ovsdbapp/backend/ovs_idl/__init__.py:85}}
Jul 11 15:56:15 ubuntu neutron-server[119573]: DEBUG ovsdbapp.backend.ovs_idl [None req-acfd0342-933b-4dd7-afdf-c6eb34e410ea None None] Created schema index Meter.name {{(pid=119573) autocreate_indices /usr/local/lib/python3.8/dist-packages/ovsdbapp/backend/ovs_idl/__init__.py:104}}
Jul 11 15:56:15 ubuntu neutron-server[119573]: DEBUG ovsdbapp.backend.ovs_idl [None req-acfd0342-933b-4dd7-afdf-c6eb34e410ea None None] Created schema index Address_Set.name {{(pid=119573) autocreate_indices /usr/local/lib/python3.8/dist-packages/ovsdbapp/backend/ovs_idl/__init__.py:104}}
Jul 11 15:56:15 ubuntu neutron-server[119364]: DEBUG ovsdbapp.backend.ovs_idl.event [-] Matched CREATE: NeutronPgDropPortGroupCreated(events=('create',), table='Port_Group', conditions=(('name', '=', 'neutron_pg_drop'),), old_conditions=None), priority=10 to row=Port_Group(name=neutron_pg_drop, ports=[], external_ids={}, acls=[<ovs.db.idl.Row object at 0x7f7ee0ecfd00>, <ovs.db.idl.Row object at 0x7f7ee0ecc1f0>]) old= {{(pid=119364) matches /usr/local/lib/python3.8/dist-packages/ovsdbapp/backend/ovs_idl/event.py:43}}
Jul 11 15:56:15 ubuntu neutron-server[119573]: DEBUG ovsdbapp.backend.ovs_idl [None req-acfd0342-933b-4dd7-afdf-c6eb34e410ea None None] Created schema index HA_Chassis_Group.name {{(pid=119573) autocreate_indices /usr/local/lib/python3.8/dist-packages/ovsdbapp/backend/ovs_idl/__init__.py:104}}
Jul 11 15:56:15 ubuntu neutron-server[119573]: DEBUG ovsdbapp.backend.ovs_idl [None req-acfd0342-933b-4dd7-afdf-c6eb34e410ea None None] Created schema index Connection.target {{(pid=119573) autocreate_indices /usr/local/lib/python3.8/dist-packages/ovsdbapp/backend/ovs_idl/__init__.py:104}}
Jul 11 15:56:15 ubuntu neutron-server[119573]: DEBUG ovsdbapp.backend.ovs_idl [None req-acfd0342-933b-4dd7-afdf-c6eb34e410ea None None] Created schema index Gateway_Chassis.name {{(pid=119573) autocreate_indices /usr/local/lib/python3.8/dist-packages/ovsdbapp/backend/ovs_idl/__init__.py:104}}
Jul 11 15:56:15 ubuntu neutron-server[119573]: DEBUG ovsdbapp.backend.ovs_idl [None req-acfd0342-933b-4dd7-afdf-c6eb34e410ea None None] Created schema index Logical_Router_Port.name {{(pid=119573) autocreate_indices /usr/local/lib/python3.8/dist-packages/ovsdbapp/backend/ovs_idl/__init__.py:104}}
Jul 11 15:56:15 ubuntu neutron-server[119573]: DEBUG ovsdbapp.backend.ovs_idl [None req-acfd0342-933b-4dd7-afdf-c6eb34e410ea None None] Created schema index Port_Group.name {{(pid=119573) autocreate_indices /usr/local/lib/python3.8/dist-packages/ovsdbapp/backend/ovs_idl/__init__.py:104}}
Jul 11 15:56:15 ubuntu neutron-server[119573]: DEBUG ovsdbapp.backend.ovs_idl [None req-acfd0342-933b-4dd7-afdf-c6eb34e410ea None None] Created schema index Logical_Switch_Port.name {{(pid=119573) autocreate_indices /usr/local/lib/python3.8/dist-packages/ovsdbapp/backend/ovs_idl/__init__.py:104}}
Jul 11 15:56:15 ubuntu neutron-server[119573]: INFO ovsdbapp.backend.ovs_idl.vlog [None req-acfd0342-933b-4dd7-afdf-c6eb34e410ea None None] tcp:192.168.79.49:6641: connecting...
Jul 11 15:56:15 ubuntu neutron-server[119573]: INFO ovsdbapp.backend.ovs_idl.vlog [None req-acfd0342-933b-4dd7-afdf-c6eb34e410ea None None] tcp:192.168.79.49:6641: connected
Jul 11 15:56:15 ubuntu neutron-server[119572]: DEBUG ovsdbapp.backend.ovs_idl [None req-c2d2d50d-c1b7-46bf-86cb-907884dc3bb1 None None] Created lookup_table index Logical_Switch.name {{(pid=119572) autocreate_indices /usr/local/lib/python3.8/dist-packages/ovsdbapp/backend/ovs_idl/__init__.py:85}}
Jul 11 15:56:15 ubuntu neutron-server[119572]: DEBUG ovsdbapp.backend.ovs_idl [None req-c2d2d50d-c1b7-46bf-86cb-907884dc3bb1 None None] Created lookup_table index Logical_Router.name {{(pid=119572) autocreate_indices /usr/local/lib/python3.8/dist-packages/ovsdbapp/backend/ovs_idl/__init__.py:85}}
Jul 11 15:56:15 ubuntu neutron-server[119572]: DEBUG ovsdbapp.backend.ovs_idl [None req-c2d2d50d-c1b7-46bf-86cb-907884dc3bb1 None None] Created lookup_table index Load_Balancer.name {{(pid=119572) autocreate_indices /usr/local/lib/python3.8/dist-packages/ovsdbapp/backend/ovs_idl/__init__.py:85}}
Jul 11 15:56:15 ubuntu neutron-server[119572]: DEBUG ovsdbapp.backend.ovs_idl [None req-c2d2d50d-c1b7-46bf-86cb-907884dc3bb1 None None] Created schema index Meter.name {{(pid=119572) autocreate_indices /usr/local/lib/python3.8/dist-packages/ovsdbapp/backend/ovs_idl/__init__.py:104}}
Jul 11 15:56:15 ubuntu neutron-server[119572]: DEBUG ovsdbapp.backend.ovs_idl [None req-c2d2d50d-c1b7-46bf-86cb-907884dc3bb1 None None] Created schema index Address_Set.name {{(pid=119572) autocreate_indices /usr/local/lib/python3.8/dist-packages/ovsdbapp/backend/ovs_idl/__init__.py:104}}
Jul 11 15:56:15 ubuntu neutron-server[119572]: DEBUG ovsdbapp.backend.ovs_idl [None req-c2d2d50d-c1b7-46bf-86cb-907884dc3bb1 None None] Created schema index HA_Chassis_Group.name {{(pid=119572) autocreate_indices /usr/local/lib/python3.8/dist-packages/ovsdbapp/backend/ovs_idl/__init__.py:104}}
Jul 11 15:56:15 ubuntu neutron-server[119572]: DEBUG ovsdbapp.backend.ovs_idl [None req-c2d2d50d-c1b7-46bf-86cb-907884dc3bb1 None None] Created schema index Connection.target {{(pid=119572) autocreate_indices /usr/local/lib/python3.8/dist-packages/ovsdbapp/backend/ovs_idl/__init__.py:104}}
Jul 11 15:56:15 ubuntu neutron-server[119572]: DEBUG ovsdbapp.backend.ovs_idl [None req-c2d2d50d-c1b7-46bf-86cb-907884dc3bb1 None None] Created schema index Gateway_Chassis.name {{(pid=119572) autocreate_indices /usr/local/lib/python3.8/dist-packages/ovsdbapp/backend/ovs_idl/__init__.py:104}}
Jul 11 15:56:15 ubuntu neutron-server[119572]: DEBUG ovsdbapp.backend.ovs_idl [None req-c2d2d50d-c1b7-46bf-86cb-907884dc3bb1 None None] Created schema index Logical_Router_Port.name {{(pid=119572) autocreate_indices /usr/local/lib/python3.8/dist-packages/ovsdbapp/backend/ovs_idl/__init__.py:104}}
Jul 11 15:56:15 ubuntu neutron-server[119572]: DEBUG ovsdbapp.backend.ovs_idl [None req-c2d2d50d-c1b7-46bf-86cb-907884dc3bb1 None None] Created schema index Port_Group.name {{(pid=119572) autocreate_indices /usr/local/lib/python3.8/dist-packages/ovsdbapp/backend/ovs_idl/__init__.py:104}}
Jul 11 15:56:15 ubuntu neutron-server[119572]: DEBUG ovsdbapp.backend.ovs_idl [None req-c2d2d50d-c1b7-46bf-86cb-907884dc3bb1 None None] Created schema index Logical_Switch_Port.name {{(pid=119572) autocreate_indices /usr/local/lib/python3.8/dist-packages/ovsdbapp/backend/ovs_idl/__init__.py:104}}
Jul 11 15:56:15 ubuntu neutron-server[119572]: INFO ovsdbapp.backend.ovs_idl.vlog [None req-c2d2d50d-c1b7-46bf-86cb-907884dc3bb1 None None] tcp:192.168.79.49:6641: connecting...
Jul 11 15:56:15 ubuntu neutron-server[119572]: INFO ovsdbapp.backend.ovs_idl.vlog [None req-c2d2d50d-c1b7-46bf-86cb-907884dc3bb1 None None] tcp:192.168.79.49:6641: connected
Jul 11 15:56:15 ubuntu neutron-server[119364]: DEBUG ovsdbapp.backend.ovs_idl [None req-f07b6fe3-4902-407e-b29a-0ee1dcbfc913 None None] Created lookup_table index Logical_Switch.name {{(pid=119364) autocreate_indices /usr/local/lib/python3.8/dist-packages/ovsdbapp/backend/ovs_idl/__init__.py:85}}
Jul 11 15:56:15 ubuntu neutron-server[119364]: DEBUG ovsdbapp.backend.ovs_idl [None req-f07b6fe3-4902-407e-b29a-0ee1dcbfc913 None None] Created lookup_table index Logical_Router.name {{(pid=119364) autocreate_indices /usr/local/lib/python3.8/dist-packages/ovsdbapp/backend/ovs_idl/__init__.py:85}}
Jul 11 15:56:15 ubuntu neutron-server[119364]: DEBUG ovsdbapp.backend.ovs_idl [None req-f07b6fe3-4902-407e-b29a-0ee1dcbfc913 None None] Created lookup_table index Load_Balancer.name {{(pid=119364) autocreate_indices /usr/local/lib/python3.8/dist-packages/ovsdbapp/backend/ovs_idl/__init__.py:85}}
Jul 11 15:56:15 ubuntu neutron-server[119364]: DEBUG ovsdbapp.backend.ovs_idl [None req-f07b6fe3-4902-407e-b29a-0ee1dcbfc913 None None] Created schema index Meter.name {{(pid=119364) autocreate_indices /usr/local/lib/python3.8/dist-packages/ovsdbapp/backend/ovs_idl/__init__.py:104}}
Jul 11 15:56:15 ubuntu neutron-server[119364]: DEBUG ovsdbapp.backend.ovs_idl [None req-f07b6fe3-4902-407e-b29a-0ee1dcbfc913 None None] Created schema index Address_Set.name {{(pid=119364) autocreate_indices /usr/local/lib/python3.8/dist-packages/ovsdbapp/backend/ovs_idl/__init__.py:104}}
Jul 11 15:56:15 ubuntu neutron-server[119364]: DEBUG ovsdbapp.backend.ovs_idl [None req-f07b6fe3-4902-407e-b29a-0ee1dcbfc913 None None] Created schema index HA_Chassis_Group.name {{(pid=119364) autocreate_indices /usr/local/lib/python3.8/dist-packages/ovsdbapp/backend/ovs_idl/__init__.py:104}}
Jul 11 15:56:15 ubuntu neutron-server[119364]: DEBUG ovsdbapp.backend.ovs_idl [None req-f07b6fe3-4902-407e-b29a-0ee1dcbfc913 None None] Created schema index Connection.target {{(pid=119364) autocreate_indices /usr/local/lib/python3.8/dist-packages/ovsdbapp/backend/ovs_idl/__init__.py:104}}
Jul 11 15:56:15 ubuntu neutron-server[119364]: DEBUG ovsdbapp.backend.ovs_idl [None req-f07b6fe3-4902-407e-b29a-0ee1dcbfc913 None None] Created schema index Gateway_Chassis.name {{(pid=119364) autocreate_indices /usr/local/lib/python3.8/dist-packages/ovsdbapp/backend/ovs_idl/__init__.py:104}}
Jul 11 15:56:15 ubuntu neutron-server[119364]: DEBUG ovsdbapp.backend.ovs_idl [None req-f07b6fe3-4902-407e-b29a-0ee1dcbfc913 None None] Created schema index Logical_Router_Port.name {{(pid=119364) autocreate_indices /usr/local/lib/python3.8/dist-packages/ovsdbapp/backend/ovs_idl/__init__.py:104}}
Jul 11 15:56:15 ubuntu neutron-server[119364]: DEBUG ovsdbapp.backend.ovs_idl [None req-f07b6fe3-4902-407e-b29a-0ee1dcbfc913 None None] Created schema index Port_Group.name {{(pid=119364) autocreate_indices /usr/local/lib/python3.8/dist-packages/ovsdbapp/backend/ovs_idl/__init__.py:104}}
Jul 11 15:56:15 ubuntu neutron-server[119364]: DEBUG ovsdbapp.backend.ovs_idl [None req-f07b6fe3-4902-407e-b29a-0ee1dcbfc913 None None] Created schema index Logical_Switch_Port.name {{(pid=119364) autocreate_indices /usr/local/lib/python3.8/dist-packages/ovsdbapp/backend/ovs_idl/__init__.py:104}}
Jul 11 15:56:15 ubuntu neutron-server[119573]: DEBUG neutron.common.ovn.hash_ring_manager [None req-acfd0342-933b-4dd7-afdf-c6eb34e410ea None None] Allow caching, nodes 2>=2 {{(pid=119573) _wait_startup_before_caching /opt/stack/neutron/neutron/common/ovn/hash_ring_manager.py:60}}
Jul 11 15:56:15 ubuntu neutron-server[119572]: DEBUG neutron.common.ovn.hash_ring_manager [None req-c2d2d50d-c1b7-46bf-86cb-907884dc3bb1 None None] Allow caching, nodes 2>=2 {{(pid=119572) _wait_startup_before_caching /opt/stack/neutron/neutron/common/ovn/hash_ring_manager.py:60}}
Jul 11 15:56:15 ubuntu neutron-server[119573]: DEBUG neutron.plugins.ml2.drivers.ovn.mech_driver.ovsdb.ovsdb_monitor [None req-acfd0342-933b-4dd7-afdf-c6eb34e410ea None None] Hash Ring: Node 84df3bdd-5869-4a6b-927f-0223af9ae0f7 (host: ubuntu) handling event "create" for row 2cebe406-092b-4075-ae2e-be86fddbe82b (table: Database) {{(pid=119573) notify /opt/stack/neutron/neutron/plugins/ml2/drivers/ovn/mech_driver/ovsdb/ovsdb_monitor.py:743}}
Jul 11 15:56:15 ubuntu neutron-server[119573]: DEBUG neutron.plugins.ml2.drivers.ovn.mech_driver.ovsdb.ovsdb_monitor [None req-acfd0342-933b-4dd7-afdf-c6eb34e410ea None None] Hash Ring: Node 84df3bdd-5869-4a6b-927f-0223af9ae0f7 (host: ubuntu) handling event "create" for row 1806a0a4-f0aa-4cb2-bcc2-8d14e047c675 (table: Port_Group) {{(pid=119573) notify /opt/stack/neutron/neutron/plugins/ml2/drivers/ovn/mech_driver/ovsdb/ovsdb_monitor.py:743}}
Jul 11 15:56:15 ubuntu neutron-server[119572]: DEBUG neutron.plugins.ml2.drivers.ovn.mech_driver.ovsdb.ovsdb_monitor [None req-c2d2d50d-c1b7-46bf-86cb-907884dc3bb1 None None] Hash Ring: Node 1ddd9b00-edd1-49d2-a5ba-727426fc2c4c (host: ubuntu) handling event "create" for row 89bee77c-b50d-40ba-bb77-030fee82b480 (table: Database) {{(pid=119572) notify /opt/stack/neutron/neutron/plugins/ml2/drivers/ovn/mech_driver/ovsdb/ovsdb_monitor.py:743}}
Jul 11 15:56:15 ubuntu neutron-server[119573]: DEBUG neutron.plugins.ml2.drivers.ovn.mech_driver.ovsdb.ovsdb_monitor [None req-acfd0342-933b-4dd7-afdf-c6eb34e410ea None None] Hash Ring: Node 84df3bdd-5869-4a6b-927f-0223af9ae0f7 (host: ubuntu) handling event "create" for row e13770ef-e99b-4706-8be9-ea1e15d9163f (table: NB_Global) {{(pid=119573) notify /opt/stack/neutron/neutron/plugins/ml2/drivers/ovn/mech_driver/ovsdb/ovsdb_monitor.py:743}}
Jul 11 15:56:15 ubuntu neutron-server[119573]: DEBUG neutron.plugins.ml2.drivers.ovn.mech_driver.ovsdb.ovsdb_monitor [None req-acfd0342-933b-4dd7-afdf-c6eb34e410ea None None] Hash Ring: Node 84df3bdd-5869-4a6b-927f-0223af9ae0f7 (host: ubuntu) handling event "create" for row e1d664e3-9fc6-4fc3-82a5-07afe09980ed (table: ACL) {{(pid=119573) notify /opt/stack/neutron/neutron/plugins/ml2/drivers/ovn/mech_driver/ovsdb/ovsdb_monitor.py:743}}
Jul 11 15:56:15 ubuntu neutron-server[119573]: DEBUG neutron.plugins.ml2.drivers.ovn.mech_driver.ovsdb.ovsdb_monitor [None req-acfd0342-933b-4dd7-afdf-c6eb34e410ea None None] Hash Ring: Node 84df3bdd-5869-4a6b-927f-0223af9ae0f7 (host: ubuntu) handling event "create" for row e4736c0c-ba60-4e89-b13c-e9854fe556ec (table: Connection) {{(pid=119573) notify /opt/stack/neutron/neutron/plugins/ml2/drivers/ovn/mech_driver/ovsdb/ovsdb_monitor.py:743}}
Jul 11 15:56:15 ubuntu neutron-server[119573]: INFO neutron.plugins.ml2.drivers.ovn.mech_driver.ovsdb.impl_idl_ovn [None req-acfd0342-933b-4dd7-afdf-c6eb34e410ea None None] Getting OvsdbSbOvnIdl for WorkerService with retry
Jul 11 15:56:15 ubuntu neutron-server[119572]: DEBUG neutron.plugins.ml2.drivers.ovn.mech_driver.ovsdb.ovsdb_monitor [None req-c2d2d50d-c1b7-46bf-86cb-907884dc3bb1 None None] Hash Ring: Node 1ddd9b00-edd1-49d2-a5ba-727426fc2c4c (host: ubuntu) handling event "create" for row deeaa8b4-2072-46c8-ad7b-fb661b642bd2 (table: ACL) {{(pid=119572) notify /opt/stack/neutron/neutron/plugins/ml2/drivers/ovn/mech_driver/ovsdb/ovsdb_monitor.py:743}}
Jul 11 15:56:15 ubuntu neutron-server[119572]: INFO neutron.plugins.ml2.drivers.ovn.mech_driver.ovsdb.impl_idl_ovn [None req-c2d2d50d-c1b7-46bf-86cb-907884dc3bb1 None None] Getting OvsdbSbOvnIdl for WorkerService with retry
Jul 11 15:56:15 ubuntu neutron-server[119573]: DEBUG ovsdbapp.backend.ovs_idl [None req-acfd0342-933b-4dd7-afdf-c6eb34e410ea None None] Created lookup_table index Chassis.name {{(pid=119573) autocreate_indices /usr/local/lib/python3.8/dist-packages/ovsdbapp/backend/ovs_idl/__init__.py:85}}
Jul 11 15:56:15 ubuntu neutron-server[119573]: DEBUG ovsdbapp.backend.ovs_idl [None req-acfd0342-933b-4dd7-afdf-c6eb34e410ea None None] Created schema index Datapath_Binding.tunnel_key {{(pid=119573) autocreate_indices /usr/local/lib/python3.8/dist-packages/ovsdbapp/backend/ovs_idl/__init__.py:104}}
Jul 11 15:56:15 ubuntu neutron-server[119573]: DEBUG ovsdbapp.backend.ovs_idl [None req-acfd0342-933b-4dd7-afdf-c6eb34e410ea None None] Created schema index Connection.target {{(pid=119573) autocreate_indices /usr/local/lib/python3.8/dist-packages/ovsdbapp/backend/ovs_idl/__init__.py:104}}
Jul 11 15:56:15 ubuntu neutron-server[119573]: INFO ovsdbapp.backend.ovs_idl.vlog [None req-acfd0342-933b-4dd7-afdf-c6eb34e410ea None None] tcp:192.168.79.49:6642: connecting...
Jul 11 15:56:15 ubuntu neutron-server[119572]: DEBUG ovsdbapp.backend.ovs_idl [None req-c2d2d50d-c1b7-46bf-86cb-907884dc3bb1 None None] Created lookup_table index Chassis.name {{(pid=119572) autocreate_indices /usr/local/lib/python3.8/dist-packages/ovsdbapp/backend/ovs_idl/__init__.py:85}}
Jul 11 15:56:15 ubuntu neutron-server[119572]: DEBUG ovsdbapp.backend.ovs_idl [None req-c2d2d50d-c1b7-46bf-86cb-907884dc3bb1 None None] Created schema index Datapath_Binding.tunnel_key {{(pid=119572) autocreate_indices /usr/local/lib/python3.8/dist-packages/ovsdbapp/backend/ovs_idl/__init__.py:104}}
Jul 11 15:56:15 ubuntu neutron-server[119573]: INFO ovsdbapp.backend.ovs_idl.vlog [None req-acfd0342-933b-4dd7-afdf-c6eb34e410ea None None] tcp:192.168.79.49:6642: connected
Jul 11 15:56:15 ubuntu neutron-server[119572]: DEBUG ovsdbapp.backend.ovs_idl [None req-c2d2d50d-c1b7-46bf-86cb-907884dc3bb1 None None] Created schema index Connection.target {{(pid=119572) autocreate_indices /usr/local/lib/python3.8/dist-packages/ovsdbapp/backend/ovs_idl/__init__.py:104}}
Jul 11 15:56:15 ubuntu neutron-server[119572]: INFO ovsdbapp.backend.ovs_idl.vlog [None req-c2d2d50d-c1b7-46bf-86cb-907884dc3bb1 None None] tcp:192.168.79.49:6642: connecting...
Jul 11 15:56:15 ubuntu neutron-server[119572]: INFO ovsdbapp.backend.ovs_idl.vlog [None req-c2d2d50d-c1b7-46bf-86cb-907884dc3bb1 None None] tcp:192.168.79.49:6642: connected
Jul 11 15:56:15 ubuntu neutron-server[119364]: DEBUG ovsdbapp.backend.ovs_idl [None req-f07b6fe3-4902-407e-b29a-0ee1dcbfc913 None None] Created lookup_table index Chassis.name {{(pid=119364) autocreate_indices /usr/local/lib/python3.8/dist-packages/ovsdbapp/backend/ovs_idl/__init__.py:85}}
Jul 11 15:56:15 ubuntu neutron-server[119364]: DEBUG ovsdbapp.backend.ovs_idl [None req-f07b6fe3-4902-407e-b29a-0ee1dcbfc913 None None] Created lookup_table index MAC_Binding.ip {{(pid=119364) autocreate_indices /usr/local/lib/python3.8/dist-packages/ovsdbapp/backend/ovs_idl/__init__.py:85}}
Jul 11 15:56:15 ubuntu neutron-server[119364]: DEBUG ovsdbapp.backend.ovs_idl [None req-f07b6fe3-4902-407e-b29a-0ee1dcbfc913 None None] Created schema index Meter.name {{(pid=119364) autocreate_indices /usr/local/lib/python3.8/dist-packages/ovsdbapp/backend/ovs_idl/__init__.py:104}}
Jul 11 15:56:15 ubuntu neutron-server[119364]: DEBUG ovsdbapp.backend.ovs_idl [None req-f07b6fe3-4902-407e-b29a-0ee1dcbfc913 None None] Created schema index Address_Set.name {{(pid=119364) autocreate_indices /usr/local/lib/python3.8/dist-packages/ovsdbapp/backend/ovs_idl/__init__.py:104}}
Jul 11 15:56:15 ubuntu neutron-server[119364]: DEBUG ovsdbapp.backend.ovs_idl [None req-f07b6fe3-4902-407e-b29a-0ee1dcbfc913 None None] Created schema index HA_Chassis_Group.name {{(pid=119364) autocreate_indices /usr/local/lib/python3.8/dist-packages/ovsdbapp/backend/ovs_idl/__init__.py:104}}
Jul 11 15:56:15 ubuntu neutron-server[119364]: DEBUG ovsdbapp.backend.ovs_idl [None req-f07b6fe3-4902-407e-b29a-0ee1dcbfc913 None None] Created schema index IP_Multicast.datapath {{(pid=119364) autocreate_indices /usr/local/lib/python3.8/dist-packages/ovsdbapp/backend/ovs_idl/__init__.py:104}}
Jul 11 15:56:15 ubuntu neutron-server[119364]: DEBUG ovsdbapp.backend.ovs_idl [None req-f07b6fe3-4902-407e-b29a-0ee1dcbfc913 None None] Created schema index Connection.target {{(pid=119364) autocreate_indices /usr/local/lib/python3.8/dist-packages/ovsdbapp/backend/ovs_idl/__init__.py:104}}
Jul 11 15:56:15 ubuntu neutron-server[119364]: DEBUG ovsdbapp.backend.ovs_idl [None req-f07b6fe3-4902-407e-b29a-0ee1dcbfc913 None None] Created schema index Gateway_Chassis.name {{(pid=119364) autocreate_indices /usr/local/lib/python3.8/dist-packages/ovsdbapp/backend/ovs_idl/__init__.py:104}}
Jul 11 15:56:15 ubuntu neutron-server[119364]: DEBUG ovsdbapp.backend.ovs_idl [None req-f07b6fe3-4902-407e-b29a-0ee1dcbfc913 None None] Created schema index Port_Group.name {{(pid=119364) autocreate_indices /usr/local/lib/python3.8/dist-packages/ovsdbapp/backend/ovs_idl/__init__.py:104}}
Jul 11 15:56:15 ubuntu neutron-server[119364]: DEBUG ovsdbapp.backend.ovs_idl [None req-f07b6fe3-4902-407e-b29a-0ee1dcbfc913 None None] Created schema index Datapath_Binding.tunnel_key {{(pid=119364) autocreate_indices /usr/local/lib/python3.8/dist-packages/ovsdbapp/backend/ovs_idl/__init__.py:104}}
Jul 11 15:56:15 ubuntu neutron-server[119572]: DEBUG neutron.common.ovn.hash_ring_manager [None req-c2d2d50d-c1b7-46bf-86cb-907884dc3bb1 None None] Allow caching, nodes 2>=2 {{(pid=119572) _wait_startup_before_caching /opt/stack/neutron/neutron/common/ovn/hash_ring_manager.py:60}}
Jul 11 15:56:15 ubuntu neutron-server[119573]: DEBUG neutron.common.ovn.hash_ring_manager [None req-acfd0342-933b-4dd7-afdf-c6eb34e410ea None None] Allow caching, nodes 2>=2 {{(pid=119573) _wait_startup_before_caching /opt/stack/neutron/neutron/common/ovn/hash_ring_manager.py:60}}
Jul 11 15:56:15 ubuntu neutron-server[119572]: DEBUG neutron.plugins.ml2.drivers.ovn.mech_driver.ovsdb.ovsdb_monitor [None req-c2d2d50d-c1b7-46bf-86cb-907884dc3bb1 None None] Hash Ring: Node 1ddd9b00-edd1-49d2-a5ba-727426fc2c4c (host: ubuntu) handling event "create" for row cddd56ad-2047-45d7-83c2-179eb1096e3a (table: Database) {{(pid=119572) notify /opt/stack/neutron/neutron/plugins/ml2/drivers/ovn/mech_driver/ovsdb/ovsdb_monitor.py:743}}
Jul 11 15:56:15 ubuntu neutron-server[119572]: DEBUG neutron.plugins.ml2.drivers.ovn.mech_driver.ovsdb.ovsdb_monitor [None req-c2d2d50d-c1b7-46bf-86cb-907884dc3bb1 None None] ChassisAgentWriteEvent : Matched Chassis, create, None None {{(pid=119572) matches /opt/stack/neutron/neutron/plugins/ml2/drivers/ovn/mech_driver/ovsdb/ovsdb_monitor.py:62}}
Jul 11 15:56:15 ubuntu neutron-server[119572]: DEBUG neutron.plugins.ml2.drivers.ovn.mech_driver.ovsdb.ovsdb_monitor [None req-c2d2d50d-c1b7-46bf-86cb-907884dc3bb1 None None] ChassisMetadataAgentWriteEvent : Matched Chassis, create, None None {{(pid=119572) matches /opt/stack/neutron/neutron/plugins/ml2/drivers/ovn/mech_driver/ovsdb/ovsdb_monitor.py:62}}
Jul 11 15:56:15 ubuntu neutron-server[119573]: DEBUG neutron.plugins.ml2.drivers.ovn.mech_driver.ovsdb.ovsdb_monitor [None req-acfd0342-933b-4dd7-afdf-c6eb34e410ea None None] Hash Ring: Node 84df3bdd-5869-4a6b-927f-0223af9ae0f7 (host: ubuntu) handling event "create" for row e5b36778-719b-467a-aff4-047ec00540b2 (table: Database) {{(pid=119573) notify /opt/stack/neutron/neutron/plugins/ml2/drivers/ovn/mech_driver/ovsdb/ovsdb_monitor.py:743}}
Jul 11 15:56:15 ubuntu neutron-server[119572]: INFO neutron.wsgi [-] (119572) wsgi starting up on http://0.0.0.0:9696
Jul 11 15:56:15 ubuntu neutron-server[119573]: DEBUG neutron.plugins.ml2.drivers.ovn.mech_driver.ovsdb.ovsdb_monitor [None req-acfd0342-933b-4dd7-afdf-c6eb34e410ea None None] Hash Ring: Node 84df3bdd-5869-4a6b-927f-0223af9ae0f7 (host: ubuntu) handling event "create" for row bc6564d8-1687-4600-a1e7-f48770af9f46 (table: Encap) {{(pid=119573) notify /opt/stack/neutron/neutron/plugins/ml2/drivers/ovn/mech_driver/ovsdb/ovsdb_monitor.py:743}}
Jul 11 15:56:15 ubuntu neutron-server[119573]: DEBUG neutron.plugins.ml2.drivers.ovn.mech_driver.ovsdb.ovsdb_monitor [None req-acfd0342-933b-4dd7-afdf-c6eb34e410ea None None] ChassisAgentWriteEvent : Matched Chassis, create, None None {{(pid=119573) matches /opt/stack/neutron/neutron/plugins/ml2/drivers/ovn/mech_driver/ovsdb/ovsdb_monitor.py:62}}
Jul 11 15:56:15 ubuntu neutron-server[119573]: DEBUG neutron.plugins.ml2.drivers.ovn.mech_driver.ovsdb.ovsdb_monitor [None req-acfd0342-933b-4dd7-afdf-c6eb34e410ea None None] ChassisMetadataAgentWriteEvent : Matched Chassis, create, None None {{(pid=119573) matches /opt/stack/neutron/neutron/plugins/ml2/drivers/ovn/mech_driver/ovsdb/ovsdb_monitor.py:62}}
Jul 11 15:56:15 ubuntu neutron-server[119573]: DEBUG neutron.plugins.ml2.drivers.ovn.mech_driver.ovsdb.ovsdb_monitor [None req-acfd0342-933b-4dd7-afdf-c6eb34e410ea None None] Hash Ring: Node 84df3bdd-5869-4a6b-927f-0223af9ae0f7 (host: ubuntu) handling event "create" for row 975f9373-1551-4715-ac67-a93c6dc1840c (table: Chassis) {{(pid=119573) notify /opt/stack/neutron/neutron/plugins/ml2/drivers/ovn/mech_driver/ovsdb/ovsdb_monitor.py:743}}
Jul 11 15:56:15 ubuntu neutron-server[119573]: DEBUG neutron.plugins.ml2.drivers.ovn.mech_driver.ovsdb.ovsdb_monitor [None req-acfd0342-933b-4dd7-afdf-c6eb34e410ea None None] Hash Ring: Node 84df3bdd-5869-4a6b-927f-0223af9ae0f7 (host: ubuntu) handling event "create" for row ce7047b9-9672-4091-89b5-07fd5248ddb3 (table: Connection) {{(pid=119573) notify /opt/stack/neutron/neutron/plugins/ml2/drivers/ovn/mech_driver/ovsdb/ovsdb_monitor.py:743}}
Jul 11 15:56:15 ubuntu neutron-server[119573]: INFO neutron.wsgi [-] (119573) wsgi starting up on http://0.0.0.0:9696
Jul 11 15:56:15 ubuntu neutron-server[119364]: INFO oslo_service.service [None req-f07b6fe3-4902-407e-b29a-0ee1dcbfc913 None None] Starting 1 workers
Jul 11 15:56:15 ubuntu neutron-server[119364]: DEBUG oslo_service.service [None req-f07b6fe3-4902-407e-b29a-0ee1dcbfc913 None None] Started child 119575 {{(pid=119364) _start_child /usr/local/lib/python3.8/dist-packages/oslo_service/service.py:575}}
Jul 11 15:56:15 ubuntu neutron-server[119364]: INFO oslo_service.service [None req-f07b6fe3-4902-407e-b29a-0ee1dcbfc913 None None] Starting 1 workers
Jul 11 15:56:15 ubuntu neutron-server[119364]: DEBUG oslo_service.service [None req-f07b6fe3-4902-407e-b29a-0ee1dcbfc913 None None] Started child 119576 {{(pid=119364) _start_child /usr/local/lib/python3.8/dist-packages/oslo_service/service.py:575}}
Jul 11 15:56:15 ubuntu neutron-server[119364]: INFO oslo_service.service [None req-f07b6fe3-4902-407e-b29a-0ee1dcbfc913 None None] Starting 1 workers
Jul 11 15:56:15 ubuntu neutron-server[119364]: DEBUG oslo_service.service [None req-f07b6fe3-4902-407e-b29a-0ee1dcbfc913 None None] Started child 119577 {{(pid=119364) _start_child /usr/local/lib/python3.8/dist-packages/oslo_service/service.py:575}}
Jul 11 15:56:15 ubuntu neutron-server[119364]: DEBUG neutron_lib.callbacks.manager [None req-f07b6fe3-4902-407e-b29a-0ee1dcbfc913 None None] Publish callbacks [] for process (None), after_spawn {{(pid=119364) _notify_loop /usr/local/lib/python3.8/dist-packages/neutron_lib/callbacks/manager.py:176}}
Jul 11 15:56:15 ubuntu neutron-server[119575]: DEBUG neutron.service [None req-f07b6fe3-4902-407e-b29a-0ee1dcbfc913 None None] calling RpcWorker wait() {{(pid=119575) _wait /opt/stack/neutron/neutron/service.py:128}}
Jul 11 15:56:15 ubuntu neutron-server[119575]: DEBUG neutron.service [None req-f07b6fe3-4902-407e-b29a-0ee1dcbfc913 None None] returning from RpcWorker wait() {{(pid=119575) _wait /opt/stack/neutron/neutron/service.py:135}}
Jul 11 15:56:15 ubuntu neutron-server[119364]: DEBUG oslo_service.service [-] Full set of CONF: {{(pid=119364) wait /usr/local/lib/python3.8/dist-packages/oslo_service/service.py:649}}
Jul 11 15:56:15 ubuntu neutron-server[119364]: DEBUG oslo_service.service [-] ******************************************************************************** {{(pid=119364) log_opt_values /usr/local/lib/python3.8/dist-packages/oslo_config/cfg.py:2589}}
Jul 11 15:56:15 ubuntu neutron-server[119575]: DEBUG neutron_lib.callbacks.manager [-] Publish callbacks ['neutron.plugins.ml2.drivers.ovn.mech_driver.mech_driver.OVNMechanismDriver.post_fork_initialize-937997'] for process (None), after_init {{(pid=119575) _notify_loop /usr/local/lib/python3.8/dist-packages/neutron_lib/callbacks/manager.py:176}}
Jul 11 15:56:15 ubuntu neutron-server[119364]: DEBUG oslo_service.service [-] Configuration options gathered from: {{(pid=119364) log_opt_values /usr/local/lib/python3.8/dist-packages/oslo_config/cfg.py:2590}}
