Jul 05 12:57:29 ubuntu neutron-server[131522]: DEBUG neutron.api.extensions [None req-285a8185-f085-45e8-a516-bd0bd35cf1ab None None] Ext name="Trunk port details" alias="trunk-details" description="Expose trunk port details" updated="2016-01-01T10:00:00-00:00" {{(pid=131522) _check_extension /opt/stack/neutron/neutron/api/extensions.py:416}}
Jul 05 12:57:29 ubuntu neutron-server[131522]: INFO neutron.api.extensions [None req-285a8185-f085-45e8-a516-bd0bd35cf1ab None None] Extension trunk-details not supported by any of loaded plugins
Jul 05 12:57:29 ubuntu neutron-server[131522]: DEBUG neutron.api.extensions [None req-285a8185-f085-45e8-a516-bd0bd35cf1ab None None] Loading extension file: uplink_status_propagation.py {{(pid=131522) _load_all_extensions_from_path /opt/stack/neutron/neutron/api/extensions.py:450}}
Jul 05 12:57:29 ubuntu neutron-server[131522]: DEBUG neutron.api.extensions [None req-285a8185-f085-45e8-a516-bd0bd35cf1ab None None] Ext name="Uplink status propagation extension" alias="uplink-status-propagation" description="Provides ability to propagate port uplink status." updated="2018-05-31T18:00:00-00:00" {{(pid=131522) _check_extension /opt/stack/neutron/neutron/api/extensions.py:416}}
Jul 05 12:57:29 ubuntu neutron-server[131522]: INFO neutron.api.extensions [None req-285a8185-f085-45e8-a516-bd0bd35cf1ab None None] Extension uplink-status-propagation not supported by any of loaded plugins
Jul 05 12:57:29 ubuntu neutron-server[131522]: DEBUG neutron.api.extensions [None req-285a8185-f085-45e8-a516-bd0bd35cf1ab None None] Loading extension file: vlantransparent.py {{(pid=131522) _load_all_extensions_from_path /opt/stack/neutron/neutron/api/extensions.py:450}}
Jul 05 12:57:29 ubuntu neutron-server[131522]: DEBUG neutron.api.extensions [None req-285a8185-f085-45e8-a516-bd0bd35cf1ab None None] Ext name="Vlantransparent" alias="vlan-transparent" description="Provides Vlan Transparent Networks" updated="2015-03-23T09:00:00-00:00" {{(pid=131522) _check_extension /opt/stack/neutron/neutron/api/extensions.py:416}}
Jul 05 12:57:29 ubuntu neutron-server[131522]: INFO neutron.api.extensions [None req-285a8185-f085-45e8-a516-bd0bd35cf1ab None None] Extension vlan-transparent not supported by any of loaded plugins
Jul 05 12:57:29 ubuntu neutron-server[131522]: INFO neutron.quota.resource_registry [None req-285a8185-f085-45e8-a516-bd0bd35cf1ab None None] Creating instance of TrackedResource for resource:network
Jul 05 12:57:29 ubuntu neutron-server[131522]: INFO neutron.quota.resource_registry [None req-285a8185-f085-45e8-a516-bd0bd35cf1ab None None] Creating instance of TrackedResource for resource:subnet
Jul 05 12:57:29 ubuntu neutron-server[131522]: INFO neutron.quota.resource_registry [None req-285a8185-f085-45e8-a516-bd0bd35cf1ab None None] Creating instance of TrackedResource for resource:subnetpool
Jul 05 12:57:29 ubuntu neutron-server[131522]: INFO neutron.quota.resource_registry [None req-285a8185-f085-45e8-a516-bd0bd35cf1ab None None] Creating instance of TrackedResource for resource:port
Jul 05 12:57:29 ubuntu neutron-server[131522]: DEBUG neutron.api.v2.resource_helper [None req-285a8185-f085-45e8-a516-bd0bd35cf1ab None None] Service FLAVORS assigned prefix:  {{(pid=131522) build_resource_info /opt/stack/neutron/neutron/api/v2/resource_helper.py:77}}
Jul 05 12:57:29 ubuntu neutron-server[131522]: DEBUG neutron.api.v2.resource_helper [None req-285a8185-f085-45e8-a516-bd0bd35cf1ab None None] Service L3_ROUTER_NAT assigned prefix:  {{(pid=131522) build_resource_info /opt/stack/neutron/neutron/api/v2/resource_helper.py:77}}
Jul 05 12:57:29 ubuntu neutron-server[131522]: DEBUG neutron.api.v2.resource_helper [None req-285a8185-f085-45e8-a516-bd0bd35cf1ab None None] Service L3_ROUTER_NAT assigned prefix:  {{(pid=131522) build_resource_info /opt/stack/neutron/neutron/api/v2/resource_helper.py:77}}
Jul 05 12:57:29 ubuntu neutron-server[131522]: INFO neutron.quota.resource_registry [None req-285a8185-f085-45e8-a516-bd0bd35cf1ab None None] Creating instance of TrackedResource for resource:router
Jul 05 12:57:29 ubuntu neutron-server[131522]: INFO neutron.quota.resource_registry [None req-285a8185-f085-45e8-a516-bd0bd35cf1ab None None] Creating instance of TrackedResource for resource:floatingip
Jul 05 12:57:29 ubuntu neutron-server[131522]: DEBUG neutron_lib.callbacks.manager [None req-285a8185-f085-45e8-a516-bd0bd35cf1ab None None] Subscribe: <bound method NeutronDbPluginV2.validate_network_rbac_policy_change of <neutron.services.network_ip_availability.plugin.NetworkIPAvailabilityPlugin object at 0x7fc03b715f70>> rbac-policy before_create 55550000 {{(pid=131522) subscribe /usr/local/lib/python3.8/dist-packages/neutron_lib/callbacks/manager.py:45}}
Jul 05 12:57:29 ubuntu neutron-server[131522]: DEBUG neutron_lib.callbacks.manager [None req-285a8185-f085-45e8-a516-bd0bd35cf1ab None None] Subscribe: <bound method NeutronDbPluginV2.validate_network_rbac_policy_change of <neutron.services.network_ip_availability.plugin.NetworkIPAvailabilityPlugin object at 0x7fc03b715f70>> rbac-policy before_update 55550000 {{(pid=131522) subscribe /usr/local/lib/python3.8/dist-packages/neutron_lib/callbacks/manager.py:45}}
Jul 05 12:57:29 ubuntu neutron-server[131522]: DEBUG neutron_lib.callbacks.manager [None req-285a8185-f085-45e8-a516-bd0bd35cf1ab None None] Subscribe: <bound method NeutronDbPluginV2.validate_network_rbac_policy_change of <neutron.services.network_ip_availability.plugin.NetworkIPAvailabilityPlugin object at 0x7fc03b715f70>> rbac-policy before_delete 55550000 {{(pid=131522) subscribe /usr/local/lib/python3.8/dist-packages/neutron_lib/callbacks/manager.py:45}}
Jul 05 12:57:29 ubuntu neutron-server[131522]: INFO neutron.quota.resource_registry [None req-285a8185-f085-45e8-a516-bd0bd35cf1ab None None] Creating instance of CountableResource for resource:rbac_policy
Jul 05 12:57:29 ubuntu neutron-server[131522]: INFO neutron.quota.resource_registry [None req-285a8185-f085-45e8-a516-bd0bd35cf1ab None None] Creating instance of TrackedResource for resource:security_group
Jul 05 12:57:29 ubuntu neutron-server[131522]: INFO neutron.quota.resource_registry [None req-285a8185-f085-45e8-a516-bd0bd35cf1ab None None] Creating instance of TrackedResource for resource:security_group_rule
Jul 05 12:57:29 ubuntu neutron-server[131522]: DEBUG neutron.api.v2.resource_helper [None req-285a8185-f085-45e8-a516-bd0bd35cf1ab None None] Service FLAVORS assigned prefix:  {{(pid=131522) build_resource_info /opt/stack/neutron/neutron/api/v2/resource_helper.py:77}}
Jul 05 12:57:29 ubuntu neutron-server[131522]: DEBUG neutron.api.v2.resource_helper [None req-285a8185-f085-45e8-a516-bd0bd35cf1ab None None] Service L3_ROUTER_NAT assigned prefix:  {{(pid=131522) build_resource_info /opt/stack/neutron/neutron/api/v2/resource_helper.py:77}}
Jul 05 12:57:29 ubuntu neutron-server[131522]: DEBUG neutron.api.v2.resource_helper [None req-285a8185-f085-45e8-a516-bd0bd35cf1ab None None] Service L3_ROUTER_NAT assigned prefix:  {{(pid=131522) build_resource_info /opt/stack/neutron/neutron/api/v2/resource_helper.py:77}}
Jul 05 12:57:29 ubuntu neutron-server[131522]: INFO neutron.quota.resource_registry [None req-285a8185-f085-45e8-a516-bd0bd35cf1ab None None] Creating instance of TrackedResource for resource:router
Jul 05 12:57:29 ubuntu neutron-server[131522]: WARNING neutron.quota.resource_registry [None req-285a8185-f085-45e8-a516-bd0bd35cf1ab None None] router is already registered
Jul 05 12:57:29 ubuntu neutron-server[131522]: INFO neutron.quota.resource_registry [None req-285a8185-f085-45e8-a516-bd0bd35cf1ab None None] Creating instance of TrackedResource for resource:floatingip
Jul 05 12:57:29 ubuntu neutron-server[131522]: WARNING neutron.quota.resource_registry [None req-285a8185-f085-45e8-a516-bd0bd35cf1ab None None] floatingip is already registered
Jul 05 12:57:29 ubuntu neutron-server[131522]: INFO neutron.quota.resource_registry [None req-285a8185-f085-45e8-a516-bd0bd35cf1ab None None] Creating instance of CountableResource for resource:rbac_policy
Jul 05 12:57:29 ubuntu neutron-server[131522]: WARNING neutron.quota.resource_registry [None req-285a8185-f085-45e8-a516-bd0bd35cf1ab None None] rbac_policy is already registered
Jul 05 12:57:29 ubuntu neutron-server[131522]: INFO neutron.quota.resource_registry [None req-285a8185-f085-45e8-a516-bd0bd35cf1ab None None] Creating instance of TrackedResource for resource:security_group
Jul 05 12:57:29 ubuntu neutron-server[131522]: WARNING neutron.quota.resource_registry [None req-285a8185-f085-45e8-a516-bd0bd35cf1ab None None] security_group is already registered
Jul 05 12:57:29 ubuntu neutron-server[131522]: INFO neutron.quota.resource_registry [None req-285a8185-f085-45e8-a516-bd0bd35cf1ab None None] Creating instance of TrackedResource for resource:security_group_rule
Jul 05 12:57:29 ubuntu neutron-server[131522]: WARNING neutron.quota.resource_registry [None req-285a8185-f085-45e8-a516-bd0bd35cf1ab None None] security_group_rule is already registered
Jul 05 12:57:29 ubuntu neutron-server[131522]: DEBUG neutron.api.extensions [None req-285a8185-f085-45e8-a516-bd0bd35cf1ab None None] Extended resource: extensions {{(pid=131522) __init__ /opt/stack/neutron/neutron/api/extensions.py:157}}
Jul 05 12:57:29 ubuntu neutron-server[131522]: DEBUG neutron.api.extensions [None req-285a8185-f085-45e8-a516-bd0bd35cf1ab None None] Extended resource: address-groups {{(pid=131522) __init__ /opt/stack/neutron/neutron/api/extensions.py:157}}
Jul 05 12:57:29 ubuntu neutron-server[131522]: DEBUG neutron.api.extensions [None req-285a8185-f085-45e8-a516-bd0bd35cf1ab None None] Extended resource: address-scopes {{(pid=131522) __init__ /opt/stack/neutron/neutron/api/extensions.py:157}}
Jul 05 12:57:29 ubuntu neutron-server[131522]: DEBUG neutron.api.extensions [None req-285a8185-f085-45e8-a516-bd0bd35cf1ab None None] Extended resource: agents {{(pid=131522) __init__ /opt/stack/neutron/neutron/api/extensions.py:157}}
Jul 05 12:57:29 ubuntu neutron-server[131522]: DEBUG neutron.api.extensions [None req-285a8185-f085-45e8-a516-bd0bd35cf1ab None None] Extended resource: auto-allocated-topology {{(pid=131522) __init__ /opt/stack/neutron/neutron/api/extensions.py:157}}
Jul 05 12:57:29 ubuntu neutron-server[131522]: DEBUG neutron.api.extensions [None req-285a8185-f085-45e8-a516-bd0bd35cf1ab None None] Extended resource: availability_zones {{(pid=131522) __init__ /opt/stack/neutron/neutron/api/extensions.py:157}}
Jul 05 12:57:29 ubuntu neutron-server[131522]: DEBUG neutron.api.extensions [None req-285a8185-f085-45e8-a516-bd0bd35cf1ab None None] Extended resource: flavors {{(pid=131522) __init__ /opt/stack/neutron/neutron/api/extensions.py:157}}
Jul 05 12:57:29 ubuntu neutron-server[131522]: DEBUG neutron.api.extensions [None req-285a8185-f085-45e8-a516-bd0bd35cf1ab None None] Extended resource: service_profiles {{(pid=131522) __init__ /opt/stack/neutron/neutron/api/extensions.py:157}}
Jul 05 12:57:29 ubuntu neutron-server[131522]: DEBUG neutron.api.extensions [None req-285a8185-f085-45e8-a516-bd0bd35cf1ab None None] Extended resource: next_providers {{(pid=131522) __init__ /opt/stack/neutron/neutron/api/extensions.py:157}}
Jul 05 12:57:29 ubuntu neutron-server[131522]: DEBUG neutron.api.extensions [None req-285a8185-f085-45e8-a516-bd0bd35cf1ab None None] Extended resource: service_profiles {{(pid=131522) __init__ /opt/stack/neutron/neutron/api/extensions.py:157}}
Jul 05 12:57:29 ubuntu neutron-server[131522]: DEBUG neutron.api.extensions [None req-285a8185-f085-45e8-a516-bd0bd35cf1ab None None] Extended resource: floatingip-pools {{(pid=131522) __init__ /opt/stack/neutron/neutron/api/extensions.py:157}}
Jul 05 12:57:29 ubuntu neutron-server[131522]: DEBUG neutron.api.extensions [None req-285a8185-f085-45e8-a516-bd0bd35cf1ab None None] Extended resource: routers {{(pid=131522) __init__ /opt/stack/neutron/neutron/api/extensions.py:157}}
Jul 05 12:57:29 ubuntu neutron-server[131522]: DEBUG neutron.api.extensions [None req-285a8185-f085-45e8-a516-bd0bd35cf1ab None None] Extended resource: floatingips {{(pid=131522) __init__ /opt/stack/neutron/neutron/api/extensions.py:157}}
Jul 05 12:57:29 ubuntu neutron-server[131522]: DEBUG neutron.api.extensions [None req-285a8185-f085-45e8-a516-bd0bd35cf1ab None None] Extended resource: network-ip-availabilities {{(pid=131522) __init__ /opt/stack/neutron/neutron/api/extensions.py:157}}
Jul 05 12:57:29 ubuntu neutron-server[131522]: DEBUG neutron.api.extensions [None req-285a8185-f085-45e8-a516-bd0bd35cf1ab None None] Extended resource: bindings {{(pid=131522) __init__ /opt/stack/neutron/neutron/api/extensions.py:157}}
Jul 05 12:57:29 ubuntu neutron-server[131522]: DEBUG neutron.api.extensions [None req-285a8185-f085-45e8-a516-bd0bd35cf1ab None None] Extended resource: quotas {{(pid=131522) __init__ /opt/stack/neutron/neutron/api/extensions.py:157}}
Jul 05 12:57:29 ubuntu neutron-server[131522]: DEBUG neutron.api.extensions [None req-285a8185-f085-45e8-a516-bd0bd35cf1ab None None] Extended resource: quotas {{(pid=131522) __init__ /opt/stack/neutron/neutron/api/extensions.py:157}}
Jul 05 12:57:29 ubuntu neutron-server[131522]: DEBUG neutron.api.extensions [None req-285a8185-f085-45e8-a516-bd0bd35cf1ab None None] Extended resource: rbac-policies {{(pid=131522) __init__ /opt/stack/neutron/neutron/api/extensions.py:157}}
Jul 05 12:57:29 ubuntu neutron-server[131522]: DEBUG neutron.api.extensions [None req-285a8185-f085-45e8-a516-bd0bd35cf1ab None None] Extended resource: security-groups {{(pid=131522) __init__ /opt/stack/neutron/neutron/api/extensions.py:157}}
Jul 05 12:57:29 ubuntu neutron-server[131522]: DEBUG neutron.api.extensions [None req-285a8185-f085-45e8-a516-bd0bd35cf1ab None None] Extended resource: security-group-rules {{(pid=131522) __init__ /opt/stack/neutron/neutron/api/extensions.py:157}}
Jul 05 12:57:29 ubuntu neutron-server[131522]: DEBUG neutron.api.extensions [None req-285a8185-f085-45e8-a516-bd0bd35cf1ab None None] Extended resource: service-providers {{(pid=131522) __init__ /opt/stack/neutron/neutron/api/extensions.py:157}}
Jul 05 12:57:29 ubuntu neutron-server[131522]: DEBUG neutron.api.extensions [None req-285a8185-f085-45e8-a516-bd0bd35cf1ab None None] Extended resource: tags {{(pid=131522) __init__ /opt/stack/neutron/neutron/api/extensions.py:157}}
Jul 05 12:57:29 ubuntu neutron-server[131522]: DEBUG neutron.api.extensions [None req-285a8185-f085-45e8-a516-bd0bd35cf1ab None None] Extended resource: tags {{(pid=131522) __init__ /opt/stack/neutron/neutron/api/extensions.py:157}}
Jul 05 12:57:29 ubuntu neutron-server[131522]: DEBUG neutron.api.extensions [None req-285a8185-f085-45e8-a516-bd0bd35cf1ab None None] Extended resource: tags {{(pid=131522) __init__ /opt/stack/neutron/neutron/api/extensions.py:157}}
Jul 05 12:57:29 ubuntu neutron-server[131522]: DEBUG neutron.api.extensions [None req-285a8185-f085-45e8-a516-bd0bd35cf1ab None None] Extended resource: tags {{(pid=131522) __init__ /opt/stack/neutron/neutron/api/extensions.py:157}}
Jul 05 12:57:29 ubuntu neutron-server[131522]: DEBUG neutron.api.extensions [None req-285a8185-f085-45e8-a516-bd0bd35cf1ab None None] Extended resource: tags {{(pid=131522) __init__ /opt/stack/neutron/neutron/api/extensions.py:157}}
Jul 05 12:57:29 ubuntu neutron-server[131522]: DEBUG neutron.api.extensions [None req-285a8185-f085-45e8-a516-bd0bd35cf1ab None None] Extended resource: tags {{(pid=131522) __init__ /opt/stack/neutron/neutron/api/extensions.py:157}}
Jul 05 12:57:29 ubuntu neutron-server[131522]: DEBUG neutron.api.extensions [None req-285a8185-f085-45e8-a516-bd0bd35cf1ab None None] Extended resource: tags {{(pid=131522) __init__ /opt/stack/neutron/neutron/api/extensions.py:157}}
Jul 05 12:57:29 ubuntu neutron-server[131522]: DEBUG neutron.api.extensions [None req-285a8185-f085-45e8-a516-bd0bd35cf1ab None None] Extended resource: tags {{(pid=131522) __init__ /opt/stack/neutron/neutron/api/extensions.py:157}}
Jul 05 12:57:29 ubuntu neutron-server[131522]: DEBUG neutron.api.extensions [None req-285a8185-f085-45e8-a516-bd0bd35cf1ab None None] Extended resource: tags {{(pid=131522) __init__ /opt/stack/neutron/neutron/api/extensions.py:157}}
Jul 05 12:57:29 ubuntu neutron-server[131522]: DEBUG neutron.api.extensions [None req-285a8185-f085-45e8-a516-bd0bd35cf1ab None None] Extended resource: tags {{(pid=131522) __init__ /opt/stack/neutron/neutron/api/extensions.py:157}}
Jul 05 12:57:29 ubuntu neutron-server[131522]: WARNING keystonemiddleware.auth_token [None req-285a8185-f085-45e8-a516-bd0bd35cf1ab None None] AuthToken middleware is set with keystone_authtoken.service_token_roles_required set to False. This is backwards compatible but deprecated behaviour. Please set this to True.
Jul 05 12:57:29 ubuntu neutron-server[131522]: WARNING keystonemiddleware.auth_token [None req-285a8185-f085-45e8-a516-bd0bd35cf1ab None None] Configuring www_authenticate_uri to point to the public identity endpoint is required; clients may not be able to authenticate against an admin endpoint
Jul 05 12:57:29 ubuntu neutron-server[131522]: DEBUG oslo_concurrency.lockutils [None req-285a8185-f085-45e8-a516-bd0bd35cf1ab None None] Acquired lock "singleton_lock" {{(pid=131522) lock /usr/local/lib/python3.8/dist-packages/oslo_concurrency/lockutils.py:294}}
Jul 05 12:57:29 ubuntu neutron-server[131522]: DEBUG oslo_concurrency.lockutils [None req-285a8185-f085-45e8-a516-bd0bd35cf1ab None None] Releasing lock "singleton_lock" {{(pid=131522) lock /usr/local/lib/python3.8/dist-packages/oslo_concurrency/lockutils.py:312}}
Jul 05 12:57:29 ubuntu neutron-server[131522]: INFO oslo_service.service [None req-285a8185-f085-45e8-a516-bd0bd35cf1ab None None] Starting 2 workers
Jul 05 12:57:29 ubuntu neutron-server[131522]: DEBUG oslo_service.service [None req-285a8185-f085-45e8-a516-bd0bd35cf1ab None None] Started child 131736 {{(pid=131522) _start_child /usr/local/lib/python3.8/dist-packages/oslo_service/service.py:575}}
Jul 05 12:57:29 ubuntu neutron-server[131522]: DEBUG oslo_service.service [None req-285a8185-f085-45e8-a516-bd0bd35cf1ab None None] Started child 131737 {{(pid=131522) _start_child /usr/local/lib/python3.8/dist-packages/oslo_service/service.py:575}}
Jul 05 12:57:29 ubuntu neutron-server[131522]: INFO neutron.service [None req-285a8185-f085-45e8-a516-bd0bd35cf1ab None None] Neutron service started, listening on 0.0.0.0:9696
Jul 05 12:57:29 ubuntu neutron-server[131522]: DEBUG neutron_lib.callbacks.manager [None req-285a8185-f085-45e8-a516-bd0bd35cf1ab None None] Publish callbacks ['neutron.plugins.ml2.drivers.ovn.mech_driver.mech_driver.OVNMechanismDriver.pre_fork_initialize-8298243'] for process (None), before_spawn {{(pid=131522) _notify_loop /usr/local/lib/python3.8/dist-packages/neutron_lib/callbacks/manager.py:176}}
Jul 05 12:57:29 ubuntu neutron-server[131736]: DEBUG neutron_lib.callbacks.manager [-] Publish callbacks ['neutron.plugins.ml2.drivers.ovn.mech_driver.mech_driver.OVNMechanismDriver.post_fork_initialize-8298219'] for process (None), after_init {{(pid=131736) _notify_loop /usr/local/lib/python3.8/dist-packages/neutron_lib/callbacks/manager.py:176}}
Jul 05 12:57:29 ubuntu neutron-server[131737]: DEBUG neutron_lib.callbacks.manager [-] Publish callbacks ['neutron.plugins.ml2.drivers.ovn.mech_driver.mech_driver.OVNMechanismDriver.post_fork_initialize-8298219'] for process (None), after_init {{(pid=131737) _notify_loop /usr/local/lib/python3.8/dist-packages/neutron_lib/callbacks/manager.py:176}}
Jul 05 12:57:29 ubuntu neutron-server[131736]: DEBUG dbcounter [-] [131736] Writer thread running {{(pid=131736) stat_writer /usr/local/lib/python3.8/dist-packages/dbcounter.py:99}}
Jul 05 12:57:29 ubuntu neutron-server[131737]: DEBUG dbcounter [-] [131737] Writer thread running {{(pid=131737) stat_writer /usr/local/lib/python3.8/dist-packages/dbcounter.py:99}}
Jul 05 12:57:29 ubuntu neutron-server[131522]: DEBUG ovsdbapp.backend.ovs_idl [None req-285a8185-f085-45e8-a516-bd0bd35cf1ab None None] Created schema index Port_Group.name {{(pid=131522) autocreate_indices /usr/local/lib/python3.8/dist-packages/ovsdbapp/backend/ovs_idl/__init__.py:104}}
Jul 05 12:57:29 ubuntu neutron-server[131522]: DEBUG ovsdbapp.backend.ovs_idl [None req-285a8185-f085-45e8-a516-bd0bd35cf1ab None None] Created schema index Logical_Switch_Port.name {{(pid=131522) autocreate_indices /usr/local/lib/python3.8/dist-packages/ovsdbapp/backend/ovs_idl/__init__.py:104}}
Jul 05 12:57:29 ubuntu neutron-server[131522]: DEBUG ovsdbapp.backend.ovs_idl.transaction [-] Running txn n=1 command(idx=0): PgAddCommand(name=neutron_pg_drop, may_exist=True, columns={'acls': []}) {{(pid=131522) do_commit /usr/local/lib/python3.8/dist-packages/ovsdbapp/backend/ovs_idl/transaction.py:90}}
Jul 05 12:57:29 ubuntu neutron-server[131522]: DEBUG ovsdbapp.backend.ovs_idl.transaction [-] Running txn n=1 command(idx=1): PgAclAddCommand(entity=neutron_pg_drop, direction=from-lport, priority=1001, match=inport == @neutron_pg_drop && ip, action=drop, log=False, may_exist=True, severity=[], name=[], meter=None, external_ids={}) {{(pid=131522) do_commit /usr/local/lib/python3.8/dist-packages/ovsdbapp/backend/ovs_idl/transaction.py:90}}
Jul 05 12:57:29 ubuntu neutron-server[131522]: DEBUG ovsdbapp.backend.ovs_idl.transaction [-] Running txn n=1 command(idx=2): PgAclAddCommand(entity=neutron_pg_drop, direction=to-lport, priority=1001, match=outport == @neutron_pg_drop && ip, action=drop, log=False, may_exist=True, severity=[], name=[], meter=None, external_ids={}) {{(pid=131522) do_commit /usr/local/lib/python3.8/dist-packages/ovsdbapp/backend/ovs_idl/transaction.py:90}}
Jul 05 12:57:29 ubuntu neutron-server[131737]: INFO neutron.plugins.ml2.drivers.ovn.mech_driver.ovsdb.impl_idl_ovn [None req-9cd106b4-dcba-476f-be98-f1e1d5d877cf None None] Getting OvsdbNbOvnIdl for WorkerService with retry
Jul 05 12:57:29 ubuntu neutron-server[131736]: INFO neutron.plugins.ml2.drivers.ovn.mech_driver.ovsdb.impl_idl_ovn [None req-88a7f94f-ebc9-4f90-951e-7d0c76aa200d None None] Getting OvsdbNbOvnIdl for WorkerService with retry
Jul 05 12:57:29 ubuntu neutron-server[131522]: DEBUG ovsdbapp.backend.ovs_idl.event [-] Matched CREATE: NeutronPgDropPortGroupCreated(events=('create',), table='Port_Group', conditions=(('name', '=', 'neutron_pg_drop'),), old_conditions=None), priority=10 to row=Port_Group(name=neutron_pg_drop, ports=[], external_ids={}, acls=[<ovs.db.idl.Row object at 0x7fc03b6e1550>, <ovs.db.idl.Row object at 0x7fc03b6e12e0>]) old= {{(pid=131522) matches /usr/local/lib/python3.8/dist-packages/ovsdbapp/backend/ovs_idl/event.py:43}}
Jul 05 12:57:29 ubuntu neutron-server[131736]: DEBUG ovsdbapp.backend.ovs_idl [None req-88a7f94f-ebc9-4f90-951e-7d0c76aa200d None None] Created lookup_table index Logical_Switch.name {{(pid=131736) autocreate_indices /usr/local/lib/python3.8/dist-packages/ovsdbapp/backend/ovs_idl/__init__.py:85}}
Jul 05 12:57:29 ubuntu neutron-server[131736]: DEBUG ovsdbapp.backend.ovs_idl [None req-88a7f94f-ebc9-4f90-951e-7d0c76aa200d None None] Created lookup_table index Logical_Router.name {{(pid=131736) autocreate_indices /usr/local/lib/python3.8/dist-packages/ovsdbapp/backend/ovs_idl/__init__.py:85}}
Jul 05 12:57:29 ubuntu neutron-server[131736]: DEBUG ovsdbapp.backend.ovs_idl [None req-88a7f94f-ebc9-4f90-951e-7d0c76aa200d None None] Created lookup_table index Load_Balancer.name {{(pid=131736) autocreate_indices /usr/local/lib/python3.8/dist-packages/ovsdbapp/backend/ovs_idl/__init__.py:85}}
Jul 05 12:57:29 ubuntu neutron-server[131737]: DEBUG ovsdbapp.backend.ovs_idl [None req-9cd106b4-dcba-476f-be98-f1e1d5d877cf None None] Created lookup_table index Logical_Switch.name {{(pid=131737) autocreate_indices /usr/local/lib/python3.8/dist-packages/ovsdbapp/backend/ovs_idl/__init__.py:85}}
Jul 05 12:57:29 ubuntu neutron-server[131736]: DEBUG ovsdbapp.backend.ovs_idl [None req-88a7f94f-ebc9-4f90-951e-7d0c76aa200d None None] Created schema index Meter.name {{(pid=131736) autocreate_indices /usr/local/lib/python3.8/dist-packages/ovsdbapp/backend/ovs_idl/__init__.py:104}}
Jul 05 12:57:29 ubuntu neutron-server[131736]: DEBUG ovsdbapp.backend.ovs_idl [None req-88a7f94f-ebc9-4f90-951e-7d0c76aa200d None None] Created schema index Address_Set.name {{(pid=131736) autocreate_indices /usr/local/lib/python3.8/dist-packages/ovsdbapp/backend/ovs_idl/__init__.py:104}}
Jul 05 12:57:29 ubuntu neutron-server[131737]: DEBUG ovsdbapp.backend.ovs_idl [None req-9cd106b4-dcba-476f-be98-f1e1d5d877cf None None] Created lookup_table index Logical_Router.name {{(pid=131737) autocreate_indices /usr/local/lib/python3.8/dist-packages/ovsdbapp/backend/ovs_idl/__init__.py:85}}
Jul 05 12:57:29 ubuntu neutron-server[131736]: DEBUG ovsdbapp.backend.ovs_idl [None req-88a7f94f-ebc9-4f90-951e-7d0c76aa200d None None] Created schema index HA_Chassis_Group.name {{(pid=131736) autocreate_indices /usr/local/lib/python3.8/dist-packages/ovsdbapp/backend/ovs_idl/__init__.py:104}}
Jul 05 12:57:29 ubuntu neutron-server[131736]: DEBUG ovsdbapp.backend.ovs_idl [None req-88a7f94f-ebc9-4f90-951e-7d0c76aa200d None None] Created schema index Connection.target {{(pid=131736) autocreate_indices /usr/local/lib/python3.8/dist-packages/ovsdbapp/backend/ovs_idl/__init__.py:104}}
Jul 05 12:57:29 ubuntu neutron-server[131737]: DEBUG ovsdbapp.backend.ovs_idl [None req-9cd106b4-dcba-476f-be98-f1e1d5d877cf None None] Created lookup_table index Load_Balancer.name {{(pid=131737) autocreate_indices /usr/local/lib/python3.8/dist-packages/ovsdbapp/backend/ovs_idl/__init__.py:85}}
Jul 05 12:57:29 ubuntu neutron-server[131736]: DEBUG ovsdbapp.backend.ovs_idl [None req-88a7f94f-ebc9-4f90-951e-7d0c76aa200d None None] Created schema index Gateway_Chassis.name {{(pid=131736) autocreate_indices /usr/local/lib/python3.8/dist-packages/ovsdbapp/backend/ovs_idl/__init__.py:104}}
Jul 05 12:57:29 ubuntu neutron-server[131736]: DEBUG ovsdbapp.backend.ovs_idl [None req-88a7f94f-ebc9-4f90-951e-7d0c76aa200d None None] Created schema index Logical_Router_Port.name {{(pid=131736) autocreate_indices /usr/local/lib/python3.8/dist-packages/ovsdbapp/backend/ovs_idl/__init__.py:104}}
Jul 05 12:57:29 ubuntu neutron-server[131736]: DEBUG ovsdbapp.backend.ovs_idl [None req-88a7f94f-ebc9-4f90-951e-7d0c76aa200d None None] Created schema index Port_Group.name {{(pid=131736) autocreate_indices /usr/local/lib/python3.8/dist-packages/ovsdbapp/backend/ovs_idl/__init__.py:104}}
Jul 05 12:57:29 ubuntu neutron-server[131737]: DEBUG ovsdbapp.backend.ovs_idl [None req-9cd106b4-dcba-476f-be98-f1e1d5d877cf None None] Created schema index Meter.name {{(pid=131737) autocreate_indices /usr/local/lib/python3.8/dist-packages/ovsdbapp/backend/ovs_idl/__init__.py:104}}
Jul 05 12:57:29 ubuntu neutron-server[131736]: DEBUG ovsdbapp.backend.ovs_idl [None req-88a7f94f-ebc9-4f90-951e-7d0c76aa200d None None] Created schema index Logical_Switch_Port.name {{(pid=131736) autocreate_indices /usr/local/lib/python3.8/dist-packages/ovsdbapp/backend/ovs_idl/__init__.py:104}}
Jul 05 12:57:29 ubuntu neutron-server[131737]: DEBUG ovsdbapp.backend.ovs_idl [None req-9cd106b4-dcba-476f-be98-f1e1d5d877cf None None] Created schema index Address_Set.name {{(pid=131737) autocreate_indices /usr/local/lib/python3.8/dist-packages/ovsdbapp/backend/ovs_idl/__init__.py:104}}
Jul 05 12:57:29 ubuntu neutron-server[131737]: DEBUG ovsdbapp.backend.ovs_idl [None req-9cd106b4-dcba-476f-be98-f1e1d5d877cf None None] Created schema index HA_Chassis_Group.name {{(pid=131737) autocreate_indices /usr/local/lib/python3.8/dist-packages/ovsdbapp/backend/ovs_idl/__init__.py:104}}
Jul 05 12:57:29 ubuntu neutron-server[131736]: INFO ovsdbapp.backend.ovs_idl.vlog [None req-88a7f94f-ebc9-4f90-951e-7d0c76aa200d None None] tcp:192.168.79.45:6641: connecting...
Jul 05 12:57:29 ubuntu neutron-server[131737]: DEBUG ovsdbapp.backend.ovs_idl [None req-9cd106b4-dcba-476f-be98-f1e1d5d877cf None None] Created schema index Connection.target {{(pid=131737) autocreate_indices /usr/local/lib/python3.8/dist-packages/ovsdbapp/backend/ovs_idl/__init__.py:104}}
Jul 05 12:57:29 ubuntu neutron-server[131736]: INFO ovsdbapp.backend.ovs_idl.vlog [None req-88a7f94f-ebc9-4f90-951e-7d0c76aa200d None None] tcp:192.168.79.45:6641: connected
Jul 05 12:57:29 ubuntu neutron-server[131737]: DEBUG ovsdbapp.backend.ovs_idl [None req-9cd106b4-dcba-476f-be98-f1e1d5d877cf None None] Created schema index Gateway_Chassis.name {{(pid=131737) autocreate_indices /usr/local/lib/python3.8/dist-packages/ovsdbapp/backend/ovs_idl/__init__.py:104}}
Jul 05 12:57:29 ubuntu neutron-server[131737]: DEBUG ovsdbapp.backend.ovs_idl [None req-9cd106b4-dcba-476f-be98-f1e1d5d877cf None None] Created schema index Logical_Router_Port.name {{(pid=131737) autocreate_indices /usr/local/lib/python3.8/dist-packages/ovsdbapp/backend/ovs_idl/__init__.py:104}}
Jul 05 12:57:29 ubuntu neutron-server[131737]: DEBUG ovsdbapp.backend.ovs_idl [None req-9cd106b4-dcba-476f-be98-f1e1d5d877cf None None] Created schema index Port_Group.name {{(pid=131737) autocreate_indices /usr/local/lib/python3.8/dist-packages/ovsdbapp/backend/ovs_idl/__init__.py:104}}
Jul 05 12:57:29 ubuntu neutron-server[131737]: DEBUG ovsdbapp.backend.ovs_idl [None req-9cd106b4-dcba-476f-be98-f1e1d5d877cf None None] Created schema index Logical_Switch_Port.name {{(pid=131737) autocreate_indices /usr/local/lib/python3.8/dist-packages/ovsdbapp/backend/ovs_idl/__init__.py:104}}
Jul 05 12:57:29 ubuntu neutron-server[131522]: DEBUG ovsdbapp.backend.ovs_idl [None req-285a8185-f085-45e8-a516-bd0bd35cf1ab None None] Created lookup_table index Logical_Switch.name {{(pid=131522) autocreate_indices /usr/local/lib/python3.8/dist-packages/ovsdbapp/backend/ovs_idl/__init__.py:85}}
Jul 05 12:57:29 ubuntu neutron-server[131737]: INFO ovsdbapp.backend.ovs_idl.vlog [None req-9cd106b4-dcba-476f-be98-f1e1d5d877cf None None] tcp:192.168.79.45:6641: connecting...
Jul 05 12:57:29 ubuntu neutron-server[131522]: DEBUG ovsdbapp.backend.ovs_idl [None req-285a8185-f085-45e8-a516-bd0bd35cf1ab None None] Created lookup_table index Logical_Router.name {{(pid=131522) autocreate_indices /usr/local/lib/python3.8/dist-packages/ovsdbapp/backend/ovs_idl/__init__.py:85}}
Jul 05 12:57:29 ubuntu neutron-server[131737]: INFO ovsdbapp.backend.ovs_idl.vlog [None req-9cd106b4-dcba-476f-be98-f1e1d5d877cf None None] tcp:192.168.79.45:6641: connected
Jul 05 12:57:29 ubuntu neutron-server[131522]: DEBUG ovsdbapp.backend.ovs_idl [None req-285a8185-f085-45e8-a516-bd0bd35cf1ab None None] Created lookup_table index Load_Balancer.name {{(pid=131522) autocreate_indices /usr/local/lib/python3.8/dist-packages/ovsdbapp/backend/ovs_idl/__init__.py:85}}
Jul 05 12:57:29 ubuntu neutron-server[131522]: DEBUG ovsdbapp.backend.ovs_idl [None req-285a8185-f085-45e8-a516-bd0bd35cf1ab None None] Created schema index Meter.name {{(pid=131522) autocreate_indices /usr/local/lib/python3.8/dist-packages/ovsdbapp/backend/ovs_idl/__init__.py:104}}
Jul 05 12:57:29 ubuntu neutron-server[131522]: DEBUG ovsdbapp.backend.ovs_idl [None req-285a8185-f085-45e8-a516-bd0bd35cf1ab None None] Created schema index Address_Set.name {{(pid=131522) autocreate_indices /usr/local/lib/python3.8/dist-packages/ovsdbapp/backend/ovs_idl/__init__.py:104}}
Jul 05 12:57:29 ubuntu neutron-server[131522]: DEBUG ovsdbapp.backend.ovs_idl [None req-285a8185-f085-45e8-a516-bd0bd35cf1ab None None] Created schema index HA_Chassis_Group.name {{(pid=131522) autocreate_indices /usr/local/lib/python3.8/dist-packages/ovsdbapp/backend/ovs_idl/__init__.py:104}}
Jul 05 12:57:29 ubuntu neutron-server[131522]: DEBUG ovsdbapp.backend.ovs_idl [None req-285a8185-f085-45e8-a516-bd0bd35cf1ab None None] Created schema index Connection.target {{(pid=131522) autocreate_indices /usr/local/lib/python3.8/dist-packages/ovsdbapp/backend/ovs_idl/__init__.py:104}}
Jul 05 12:57:29 ubuntu neutron-server[131522]: DEBUG ovsdbapp.backend.ovs_idl [None req-285a8185-f085-45e8-a516-bd0bd35cf1ab None None] Created schema index Gateway_Chassis.name {{(pid=131522) autocreate_indices /usr/local/lib/python3.8/dist-packages/ovsdbapp/backend/ovs_idl/__init__.py:104}}
Jul 05 12:57:29 ubuntu neutron-server[131522]: DEBUG ovsdbapp.backend.ovs_idl [None req-285a8185-f085-45e8-a516-bd0bd35cf1ab None None] Created schema index Logical_Router_Port.name {{(pid=131522) autocreate_indices /usr/local/lib/python3.8/dist-packages/ovsdbapp/backend/ovs_idl/__init__.py:104}}
Jul 05 12:57:29 ubuntu neutron-server[131522]: DEBUG ovsdbapp.backend.ovs_idl [None req-285a8185-f085-45e8-a516-bd0bd35cf1ab None None] Created schema index Port_Group.name {{(pid=131522) autocreate_indices /usr/local/lib/python3.8/dist-packages/ovsdbapp/backend/ovs_idl/__init__.py:104}}
Jul 05 12:57:29 ubuntu neutron-server[131522]: DEBUG ovsdbapp.backend.ovs_idl [None req-285a8185-f085-45e8-a516-bd0bd35cf1ab None None] Created schema index Logical_Switch_Port.name {{(pid=131522) autocreate_indices /usr/local/lib/python3.8/dist-packages/ovsdbapp/backend/ovs_idl/__init__.py:104}}
Jul 05 12:57:29 ubuntu neutron-server[131736]: DEBUG neutron.common.ovn.hash_ring_manager [None req-88a7f94f-ebc9-4f90-951e-7d0c76aa200d None None] Allow caching, nodes 2>=2 {{(pid=131736) _wait_startup_before_caching /opt/stack/neutron/neutron/common/ovn/hash_ring_manager.py:60}}
Jul 05 12:57:29 ubuntu neutron-server[131737]: DEBUG neutron.common.ovn.hash_ring_manager [None req-9cd106b4-dcba-476f-be98-f1e1d5d877cf None None] Allow caching, nodes 2>=2 {{(pid=131737) _wait_startup_before_caching /opt/stack/neutron/neutron/common/ovn/hash_ring_manager.py:60}}
Jul 05 12:57:29 ubuntu neutron-server[131522]: DEBUG ovsdbapp.backend.ovs_idl [None req-285a8185-f085-45e8-a516-bd0bd35cf1ab None None] Created lookup_table index Chassis.name {{(pid=131522) autocreate_indices /usr/local/lib/python3.8/dist-packages/ovsdbapp/backend/ovs_idl/__init__.py:85}}
Jul 05 12:57:29 ubuntu neutron-server[131522]: DEBUG ovsdbapp.backend.ovs_idl [None req-285a8185-f085-45e8-a516-bd0bd35cf1ab None None] Created lookup_table index MAC_Binding.ip {{(pid=131522) autocreate_indices /usr/local/lib/python3.8/dist-packages/ovsdbapp/backend/ovs_idl/__init__.py:85}}
Jul 05 12:57:29 ubuntu neutron-server[131522]: DEBUG ovsdbapp.backend.ovs_idl [None req-285a8185-f085-45e8-a516-bd0bd35cf1ab None None] Created schema index Meter.name {{(pid=131522) autocreate_indices /usr/local/lib/python3.8/dist-packages/ovsdbapp/backend/ovs_idl/__init__.py:104}}
Jul 05 12:57:29 ubuntu neutron-server[131522]: DEBUG ovsdbapp.backend.ovs_idl [None req-285a8185-f085-45e8-a516-bd0bd35cf1ab None None] Created schema index Address_Set.name {{(pid=131522) autocreate_indices /usr/local/lib/python3.8/dist-packages/ovsdbapp/backend/ovs_idl/__init__.py:104}}
Jul 05 12:57:29 ubuntu neutron-server[131522]: DEBUG ovsdbapp.backend.ovs_idl [None req-285a8185-f085-45e8-a516-bd0bd35cf1ab None None] Created schema index HA_Chassis_Group.name {{(pid=131522) autocreate_indices /usr/local/lib/python3.8/dist-packages/ovsdbapp/backend/ovs_idl/__init__.py:104}}
Jul 05 12:57:29 ubuntu neutron-server[131522]: DEBUG ovsdbapp.backend.ovs_idl [None req-285a8185-f085-45e8-a516-bd0bd35cf1ab None None] Created schema index IP_Multicast.datapath {{(pid=131522) autocreate_indices /usr/local/lib/python3.8/dist-packages/ovsdbapp/backend/ovs_idl/__init__.py:104}}
Jul 05 12:57:29 ubuntu neutron-server[131522]: DEBUG ovsdbapp.backend.ovs_idl [None req-285a8185-f085-45e8-a516-bd0bd35cf1ab None None] Created schema index Connection.target {{(pid=131522) autocreate_indices /usr/local/lib/python3.8/dist-packages/ovsdbapp/backend/ovs_idl/__init__.py:104}}
Jul 05 12:57:29 ubuntu neutron-server[131522]: DEBUG ovsdbapp.backend.ovs_idl [None req-285a8185-f085-45e8-a516-bd0bd35cf1ab None None] Created schema index Gateway_Chassis.name {{(pid=131522) autocreate_indices /usr/local/lib/python3.8/dist-packages/ovsdbapp/backend/ovs_idl/__init__.py:104}}
Jul 05 12:57:29 ubuntu neutron-server[131522]: DEBUG ovsdbapp.backend.ovs_idl [None req-285a8185-f085-45e8-a516-bd0bd35cf1ab None None] Created schema index Port_Group.name {{(pid=131522) autocreate_indices /usr/local/lib/python3.8/dist-packages/ovsdbapp/backend/ovs_idl/__init__.py:104}}
Jul 05 12:57:29 ubuntu neutron-server[131522]: DEBUG ovsdbapp.backend.ovs_idl [None req-285a8185-f085-45e8-a516-bd0bd35cf1ab None None] Created schema index Datapath_Binding.tunnel_key {{(pid=131522) autocreate_indices /usr/local/lib/python3.8/dist-packages/ovsdbapp/backend/ovs_idl/__init__.py:104}}
Jul 05 12:57:29 ubuntu neutron-server[131736]: DEBUG neutron.plugins.ml2.drivers.ovn.mech_driver.ovsdb.ovsdb_monitor [None req-88a7f94f-ebc9-4f90-951e-7d0c76aa200d None None] Hash Ring: Node 024780af-724d-4401-9012-12a549d20962 (host: ubuntu) handling event "create" for row 02ad5971-eb13-45ec-8bb0-306b7f870eea (table: Database) {{(pid=131736) notify /opt/stack/neutron/neutron/plugins/ml2/drivers/ovn/mech_driver/ovsdb/ovsdb_monitor.py:743}}
Jul 05 12:57:29 ubuntu neutron-server[131737]: DEBUG neutron.plugins.ml2.drivers.ovn.mech_driver.ovsdb.ovsdb_monitor [None req-9cd106b4-dcba-476f-be98-f1e1d5d877cf None None] Hash Ring: Node 65c83e75-bd26-4cc7-ac73-9981f8430676 (host: ubuntu) handling event "create" for row 65a1e739-70b3-4fdc-8ff2-de17289181a0 (table: Database) {{(pid=131737) notify /opt/stack/neutron/neutron/plugins/ml2/drivers/ovn/mech_driver/ovsdb/ovsdb_monitor.py:743}}
Jul 05 12:57:29 ubuntu neutron-server[131736]: DEBUG neutron.plugins.ml2.drivers.ovn.mech_driver.ovsdb.ovsdb_monitor [None req-88a7f94f-ebc9-4f90-951e-7d0c76aa200d None None] Hash Ring: Node 024780af-724d-4401-9012-12a549d20962 (host: ubuntu) handling event "create" for row 6a57222f-e369-4e3e-833d-fd5da1a0364a (table: Port_Group) {{(pid=131736) notify /opt/stack/neutron/neutron/plugins/ml2/drivers/ovn/mech_driver/ovsdb/ovsdb_monitor.py:743}}
Jul 05 12:57:29 ubuntu neutron-server[131736]: DEBUG neutron.plugins.ml2.drivers.ovn.mech_driver.ovsdb.ovsdb_monitor [None req-88a7f94f-ebc9-4f90-951e-7d0c76aa200d None None] Hash Ring: Node 024780af-724d-4401-9012-12a549d20962 (host: ubuntu) handling event "create" for row 631b11b8-57d4-486b-b1d4-d805b0bf0c2c (table: NB_Global) {{(pid=131736) notify /opt/stack/neutron/neutron/plugins/ml2/drivers/ovn/mech_driver/ovsdb/ovsdb_monitor.py:743}}
Jul 05 12:57:29 ubuntu neutron-server[131736]: DEBUG neutron.plugins.ml2.drivers.ovn.mech_driver.ovsdb.ovsdb_monitor [None req-88a7f94f-ebc9-4f90-951e-7d0c76aa200d None None] Hash Ring: Node 024780af-724d-4401-9012-12a549d20962 (host: ubuntu) handling event "create" for row 8307c61d-c20a-4ff1-a218-5ea58a851815 (table: ACL) {{(pid=131736) notify /opt/stack/neutron/neutron/plugins/ml2/drivers/ovn/mech_driver/ovsdb/ovsdb_monitor.py:743}}
Jul 05 12:57:29 ubuntu neutron-server[131736]: DEBUG neutron.plugins.ml2.drivers.ovn.mech_driver.ovsdb.ovsdb_monitor [None req-88a7f94f-ebc9-4f90-951e-7d0c76aa200d None None] Hash Ring: Node 024780af-724d-4401-9012-12a549d20962 (host: ubuntu) handling event "create" for row 71f3c951-6804-48d4-b349-88a402d5dfb9 (table: ACL) {{(pid=131736) notify /opt/stack/neutron/neutron/plugins/ml2/drivers/ovn/mech_driver/ovsdb/ovsdb_monitor.py:743}}
Jul 05 12:57:29 ubuntu neutron-server[131736]: DEBUG neutron.plugins.ml2.drivers.ovn.mech_driver.ovsdb.ovsdb_monitor [None req-88a7f94f-ebc9-4f90-951e-7d0c76aa200d None None] Hash Ring: Node 024780af-724d-4401-9012-12a549d20962 (host: ubuntu) handling event "create" for row 6c2f70df-1b5a-43f7-9d33-c6b2f18f0539 (table: Connection) {{(pid=131736) notify /opt/stack/neutron/neutron/plugins/ml2/drivers/ovn/mech_driver/ovsdb/ovsdb_monitor.py:743}}
Jul 05 12:57:29 ubuntu neutron-server[131736]: INFO neutron.plugins.ml2.drivers.ovn.mech_driver.ovsdb.impl_idl_ovn [None req-88a7f94f-ebc9-4f90-951e-7d0c76aa200d None None] Getting OvsdbSbOvnIdl for WorkerService with retry
Jul 05 12:57:29 ubuntu neutron-server[131737]: INFO neutron.plugins.ml2.drivers.ovn.mech_driver.ovsdb.impl_idl_ovn [None req-9cd106b4-dcba-476f-be98-f1e1d5d877cf None None] Getting OvsdbSbOvnIdl for WorkerService with retry
Jul 05 12:57:29 ubuntu neutron-server[131737]: DEBUG ovsdbapp.backend.ovs_idl [None req-9cd106b4-dcba-476f-be98-f1e1d5d877cf None None] Created lookup_table index Chassis.name {{(pid=131737) autocreate_indices /usr/local/lib/python3.8/dist-packages/ovsdbapp/backend/ovs_idl/__init__.py:85}}
Jul 05 12:57:29 ubuntu neutron-server[131737]: DEBUG ovsdbapp.backend.ovs_idl [None req-9cd106b4-dcba-476f-be98-f1e1d5d877cf None None] Created schema index Datapath_Binding.tunnel_key {{(pid=131737) autocreate_indices /usr/local/lib/python3.8/dist-packages/ovsdbapp/backend/ovs_idl/__init__.py:104}}
Jul 05 12:57:29 ubuntu neutron-server[131736]: DEBUG ovsdbapp.backend.ovs_idl [None req-88a7f94f-ebc9-4f90-951e-7d0c76aa200d None None] Created lookup_table index Chassis.name {{(pid=131736) autocreate_indices /usr/local/lib/python3.8/dist-packages/ovsdbapp/backend/ovs_idl/__init__.py:85}}
Jul 05 12:57:29 ubuntu neutron-server[131737]: DEBUG ovsdbapp.backend.ovs_idl [None req-9cd106b4-dcba-476f-be98-f1e1d5d877cf None None] Created schema index Connection.target {{(pid=131737) autocreate_indices /usr/local/lib/python3.8/dist-packages/ovsdbapp/backend/ovs_idl/__init__.py:104}}
Jul 05 12:57:29 ubuntu neutron-server[131736]: DEBUG ovsdbapp.backend.ovs_idl [None req-88a7f94f-ebc9-4f90-951e-7d0c76aa200d None None] Created schema index Datapath_Binding.tunnel_key {{(pid=131736) autocreate_indices /usr/local/lib/python3.8/dist-packages/ovsdbapp/backend/ovs_idl/__init__.py:104}}
Jul 05 12:57:29 ubuntu neutron-server[131736]: DEBUG ovsdbapp.backend.ovs_idl [None req-88a7f94f-ebc9-4f90-951e-7d0c76aa200d None None] Created schema index Connection.target {{(pid=131736) autocreate_indices /usr/local/lib/python3.8/dist-packages/ovsdbapp/backend/ovs_idl/__init__.py:104}}
Jul 05 12:57:29 ubuntu neutron-server[131737]: INFO ovsdbapp.backend.ovs_idl.vlog [None req-9cd106b4-dcba-476f-be98-f1e1d5d877cf None None] tcp:192.168.79.45:6642: connecting...
Jul 05 12:57:29 ubuntu neutron-server[131737]: INFO ovsdbapp.backend.ovs_idl.vlog [None req-9cd106b4-dcba-476f-be98-f1e1d5d877cf None None] tcp:192.168.79.45:6642: connected
Jul 05 12:57:29 ubuntu neutron-server[131736]: INFO ovsdbapp.backend.ovs_idl.vlog [None req-88a7f94f-ebc9-4f90-951e-7d0c76aa200d None None] tcp:192.168.79.45:6642: connecting...
Jul 05 12:57:29 ubuntu neutron-server[131736]: INFO ovsdbapp.backend.ovs_idl.vlog [None req-88a7f94f-ebc9-4f90-951e-7d0c76aa200d None None] tcp:192.168.79.45:6642: connected
Jul 05 12:57:29 ubuntu neutron-server[131522]: INFO oslo_service.service [None req-285a8185-f085-45e8-a516-bd0bd35cf1ab None None] Starting 1 workers
Jul 05 12:57:29 ubuntu neutron-server[131522]: DEBUG oslo_service.service [None req-285a8185-f085-45e8-a516-bd0bd35cf1ab None None] Started child 131739 {{(pid=131522) _start_child /usr/local/lib/python3.8/dist-packages/oslo_service/service.py:575}}
Jul 05 12:57:29 ubuntu neutron-server[131522]: INFO oslo_service.service [None req-285a8185-f085-45e8-a516-bd0bd35cf1ab None None] Starting 1 workers
Jul 05 12:57:29 ubuntu neutron-server[131522]: DEBUG oslo_service.service [None req-285a8185-f085-45e8-a516-bd0bd35cf1ab None None] Started child 131740 {{(pid=131522) _start_child /usr/local/lib/python3.8/dist-packages/oslo_service/service.py:575}}
Jul 05 12:57:29 ubuntu neutron-server[131522]: INFO oslo_service.service [None req-285a8185-f085-45e8-a516-bd0bd35cf1ab None None] Starting 1 workers
Jul 05 12:57:29 ubuntu neutron-server[131737]: DEBUG neutron.common.ovn.hash_ring_manager [None req-9cd106b4-dcba-476f-be98-f1e1d5d877cf None None] Allow caching, nodes 2>=2 {{(pid=131737) _wait_startup_before_caching /opt/stack/neutron/neutron/common/ovn/hash_ring_manager.py:60}}
Jul 05 12:57:29 ubuntu neutron-server[131739]: DEBUG neutron.service [None req-285a8185-f085-45e8-a516-bd0bd35cf1ab None None] calling RpcWorker wait() {{(pid=131739) _wait /opt/stack/neutron/neutron/service.py:128}}
Jul 05 12:57:29 ubuntu neutron-server[131739]: DEBUG neutron.service [None req-285a8185-f085-45e8-a516-bd0bd35cf1ab None None] returning from RpcWorker wait() {{(pid=131739) _wait /opt/stack/neutron/neutron/service.py:135}}
Jul 05 12:57:29 ubuntu neutron-server[131739]: DEBUG neutron_lib.callbacks.manager [-] Publish callbacks ['neutron.plugins.ml2.drivers.ovn.mech_driver.mech_driver.OVNMechanismDriver.post_fork_initialize-8298219'] for process (None), after_init {{(pid=131739) _notify_loop /usr/local/lib/python3.8/dist-packages/neutron_lib/callbacks/manager.py:176}}
Jul 05 12:57:29 ubuntu neutron-server[131522]: DEBUG oslo_service.service [None req-285a8185-f085-45e8-a516-bd0bd35cf1ab None None] Started child 131741 {{(pid=131522) _start_child /usr/local/lib/python3.8/dist-packages/oslo_service/service.py:575}}
Jul 05 12:57:29 ubuntu neutron-server[131739]: INFO neutron.plugins.ml2.drivers.ovn.mech_driver.ovsdb.impl_idl_ovn [-] Getting OvsdbNbOvnIdl for RpcWorker with retry
Jul 05 12:57:29 ubuntu neutron-server[131522]: DEBUG neutron_lib.callbacks.manager [None req-285a8185-f085-45e8-a516-bd0bd35cf1ab None None] Publish callbacks [] for process (None), after_spawn {{(pid=131522) _notify_loop /usr/local/lib/python3.8/dist-packages/neutron_lib/callbacks/manager.py:176}}
Jul 05 12:57:29 ubuntu neutron-server[131522]: DEBUG oslo_service.service [-] Full set of CONF: {{(pid=131522) wait /usr/local/lib/python3.8/dist-packages/oslo_service/service.py:649}}
Jul 05 12:57:29 ubuntu neutron-server[131522]: DEBUG oslo_service.service [-] ******************************************************************************** {{(pid=131522) log_opt_values /usr/local/lib/python3.8/dist-packages/oslo_config/cfg.py:2589}}
Jul 05 12:57:29 ubuntu neutron-server[131522]: DEBUG oslo_service.service [-] Configuration options gathered from: {{(pid=131522) log_opt_values /usr/local/lib/python3.8/dist-packages/oslo_config/cfg.py:2590}}
Jul 05 12:57:29 ubuntu neutron-server[131522]: DEBUG oslo_service.service [-] command line args: ['--config-file', '/etc/neutron/neutron.conf', '--config-file', '/etc/neutron/plugins/ml2/ml2_conf.ini'] {{(pid=131522) log_opt_values /usr/local/lib/python3.8/dist-packages/oslo_config/cfg.py:2591}}
Jul 05 12:57:29 ubuntu neutron-server[131522]: DEBUG oslo_service.service [-] config files: ['/etc/neutron/neutron.conf', '/etc/neutron/plugins/ml2/ml2_conf.ini'] {{(pid=131522) log_opt_values /usr/local/lib/python3.8/dist-packages/oslo_config/cfg.py:2592}}
Jul 05 12:57:29 ubuntu neutron-server[131522]: DEBUG oslo_service.service [-] ================================================================================ {{(pid=131522) log_opt_values /usr/local/lib/python3.8/dist-packages/oslo_config/cfg.py:2594}}
Jul 05 12:57:29 ubuntu neutron-server[131522]: DEBUG oslo_service.service [-] agent_down_time                = 75 {{(pid=131522) log_opt_values /usr/local/lib/python3.8/dist-packages/oslo_config/cfg.py:2602}}
Jul 05 12:57:29 ubuntu neutron-server[131522]: DEBUG oslo_service.service [-] allow_automatic_dhcp_failover  = True {{(pid=131522) log_opt_values /usr/local/lib/python3.8/dist-packages/oslo_config/cfg.py:2602}}
Jul 05 12:57:29 ubuntu neutron-server[131522]: DEBUG oslo_service.service [-] allow_bulk                     = True {{(pid=131522) log_opt_values /usr/local/lib/python3.8/dist-packages/oslo_config/cfg.py:2602}}
Jul 05 12:57:29 ubuntu neutron-server[131522]: DEBUG oslo_service.service [-] allowed_conntrack_helpers      = [{'amanda': 'tcp'}, {'ftp': 'tcp'}, {'h323': 'udp'}, {'h323': 'tcp'}, {'irc': 'tcp'}, {'netbios-ns': 'udp'}, {'pptp': 'tcp'}, {'sane': 'tcp'}, {'sip': 'udp'}, {'sip': 'tcp'}, {'snmp': 'udp'}, {'tftp': 'udp'}] {{(pid=131522) log_opt_values /usr/local/lib/python3.8/dist-packages/oslo_config/cfg.py:2602}}
Jul 05 12:57:29 ubuntu neutron-server[131522]: DEBUG oslo_service.service [-] api_extensions_path            =  {{(pid=131522) log_opt_values /usr/local/lib/python3.8/dist-packages/oslo_config/cfg.py:2602}}
Jul 05 12:57:29 ubuntu neutron-server[131522]: DEBUG oslo_service.service [-] api_paste_config               = api-paste.ini {{(pid=131522) log_opt_values /usr/local/lib/python3.8/dist-packages/oslo_config/cfg.py:2602}}
Jul 05 12:57:29 ubuntu neutron-server[131737]: DEBUG neutron.plugins.ml2.drivers.ovn.mech_driver.ovsdb.ovsdb_monitor [None req-9cd106b4-dcba-476f-be98-f1e1d5d877cf None None] ChassisAgentWriteEvent : Matched Chassis, create, None None {{(pid=131737) matches /opt/stack/neutron/neutron/plugins/ml2/drivers/ovn/mech_driver/ovsdb/ovsdb_monitor.py:62}}
Jul 05 12:57:29 ubuntu neutron-server[131737]: DEBUG neutron.plugins.ml2.drivers.ovn.mech_driver.ovsdb.ovsdb_monitor [None req-9cd106b4-dcba-476f-be98-f1e1d5d877cf None None] ChassisMetadataAgentWriteEvent : Matched Chassis, create, None None {{(pid=131737) matches /opt/stack/neutron/neutron/plugins/ml2/drivers/ovn/mech_driver/ovsdb/ovsdb_monitor.py:62}}
Jul 05 12:57:29 ubuntu neutron-server[131522]: DEBUG oslo_service.service [-] api_workers                    = 2 {{(pid=131522) log_opt_values /usr/local/lib/python3.8/dist-packages/oslo_config/cfg.py:2602}}
Jul 05 12:57:29 ubuntu neutron-server[131522]: DEBUG oslo_service.service [-] auth_strategy                  = keystone {{(pid=131522) log_opt_values /usr/local/lib/python3.8/dist-packages/oslo_config/cfg.py:2602}}
Jul 05 12:57:29 ubuntu neutron-server[131522]: DEBUG oslo_service.service [-] backdoor_port                  = None {{(pid=131522) log_opt_values /usr/local/lib/python3.8/dist-packages/oslo_config/cfg.py:2602}}
Jul 05 12:57:29 ubuntu neutron-server[131522]: DEBUG oslo_service.service [-] backdoor_socket                = None {{(pid=131522) log_opt_values /usr/local/lib/python3.8/dist-packages/oslo_config/cfg.py:2602}}
Jul 05 12:57:29 ubuntu neutron-server[131522]: DEBUG oslo_service.service [-] backlog                        = 4096 {{(pid=131522) log_opt_values /usr/local/lib/python3.8/dist-packages/oslo_config/cfg.py:2602}}
