Jul 07 17:03:28 ubuntu neutron-server[119099]: DEBUG neutron.api.extensions [None req-24384866-182c-43d1-990a-ef480fb64386 None None] Ext name="Trunk port details" alias="trunk-details" description="Expose trunk port details" updated="2016-01-01T10:00:00-00:00" {{(pid=119099) _check_extension /opt/stack/neutron/neutron/api/extensions.py:416}}
Jul 07 17:03:28 ubuntu neutron-server[119099]: INFO neutron.api.extensions [None req-24384866-182c-43d1-990a-ef480fb64386 None None] Extension trunk-details not supported by any of loaded plugins
Jul 07 17:03:28 ubuntu neutron-server[119099]: DEBUG neutron.api.extensions [None req-24384866-182c-43d1-990a-ef480fb64386 None None] Loading extension file: uplink_status_propagation.py {{(pid=119099) _load_all_extensions_from_path /opt/stack/neutron/neutron/api/extensions.py:450}}
Jul 07 17:03:28 ubuntu neutron-server[119099]: DEBUG neutron.api.extensions [None req-24384866-182c-43d1-990a-ef480fb64386 None None] Ext name="Uplink status propagation extension" alias="uplink-status-propagation" description="Provides ability to propagate port uplink status." updated="2018-05-31T18:00:00-00:00" {{(pid=119099) _check_extension /opt/stack/neutron/neutron/api/extensions.py:416}}
Jul 07 17:03:28 ubuntu neutron-server[119099]: INFO neutron.api.extensions [None req-24384866-182c-43d1-990a-ef480fb64386 None None] Extension uplink-status-propagation not supported by any of loaded plugins
Jul 07 17:03:28 ubuntu neutron-server[119099]: DEBUG neutron.api.extensions [None req-24384866-182c-43d1-990a-ef480fb64386 None None] Loading extension file: vlantransparent.py {{(pid=119099) _load_all_extensions_from_path /opt/stack/neutron/neutron/api/extensions.py:450}}
Jul 07 17:03:28 ubuntu neutron-server[119099]: DEBUG neutron.api.extensions [None req-24384866-182c-43d1-990a-ef480fb64386 None None] Ext name="Vlantransparent" alias="vlan-transparent" description="Provides Vlan Transparent Networks" updated="2015-03-23T09:00:00-00:00" {{(pid=119099) _check_extension /opt/stack/neutron/neutron/api/extensions.py:416}}
Jul 07 17:03:28 ubuntu neutron-server[119099]: INFO neutron.api.extensions [None req-24384866-182c-43d1-990a-ef480fb64386 None None] Extension vlan-transparent not supported by any of loaded plugins
Jul 07 17:03:28 ubuntu neutron-server[119099]: INFO neutron.quota.resource_registry [None req-24384866-182c-43d1-990a-ef480fb64386 None None] Creating instance of TrackedResource for resource:network
Jul 07 17:03:28 ubuntu neutron-server[119099]: INFO neutron.quota.resource_registry [None req-24384866-182c-43d1-990a-ef480fb64386 None None] Creating instance of TrackedResource for resource:subnet
Jul 07 17:03:28 ubuntu neutron-server[119099]: INFO neutron.quota.resource_registry [None req-24384866-182c-43d1-990a-ef480fb64386 None None] Creating instance of TrackedResource for resource:subnetpool
Jul 07 17:03:28 ubuntu neutron-server[119099]: INFO neutron.quota.resource_registry [None req-24384866-182c-43d1-990a-ef480fb64386 None None] Creating instance of TrackedResource for resource:port
Jul 07 17:03:28 ubuntu neutron-server[119099]: DEBUG neutron.api.v2.resource_helper [None req-24384866-182c-43d1-990a-ef480fb64386 None None] Service FLAVORS assigned prefix:  {{(pid=119099) build_resource_info /opt/stack/neutron/neutron/api/v2/resource_helper.py:77}}
Jul 07 17:03:28 ubuntu neutron-server[119099]: DEBUG neutron.api.v2.resource_helper [None req-24384866-182c-43d1-990a-ef480fb64386 None None] Service L3_ROUTER_NAT assigned prefix:  {{(pid=119099) build_resource_info /opt/stack/neutron/neutron/api/v2/resource_helper.py:77}}
Jul 07 17:03:28 ubuntu neutron-server[119099]: DEBUG neutron.api.v2.resource_helper [None req-24384866-182c-43d1-990a-ef480fb64386 None None] Service L3_ROUTER_NAT assigned prefix:  {{(pid=119099) build_resource_info /opt/stack/neutron/neutron/api/v2/resource_helper.py:77}}
Jul 07 17:03:28 ubuntu neutron-server[119099]: INFO neutron.quota.resource_registry [None req-24384866-182c-43d1-990a-ef480fb64386 None None] Creating instance of TrackedResource for resource:router
Jul 07 17:03:28 ubuntu neutron-server[119099]: INFO neutron.quota.resource_registry [None req-24384866-182c-43d1-990a-ef480fb64386 None None] Creating instance of TrackedResource for resource:floatingip
Jul 07 17:03:28 ubuntu neutron-server[119099]: DEBUG neutron_lib.callbacks.manager [None req-24384866-182c-43d1-990a-ef480fb64386 None None] Subscribe: <bound method NeutronDbPluginV2.validate_network_rbac_policy_change of <neutron.services.network_ip_availability.plugin.NetworkIPAvailabilityPlugin object at 0x7f784b575160>> rbac-policy before_create 55550000 {{(pid=119099) subscribe /usr/local/lib/python3.8/dist-packages/neutron_lib/callbacks/manager.py:45}}
Jul 07 17:03:28 ubuntu neutron-server[119099]: DEBUG neutron_lib.callbacks.manager [None req-24384866-182c-43d1-990a-ef480fb64386 None None] Subscribe: <bound method NeutronDbPluginV2.validate_network_rbac_policy_change of <neutron.services.network_ip_availability.plugin.NetworkIPAvailabilityPlugin object at 0x7f784b575160>> rbac-policy before_update 55550000 {{(pid=119099) subscribe /usr/local/lib/python3.8/dist-packages/neutron_lib/callbacks/manager.py:45}}
Jul 07 17:03:28 ubuntu neutron-server[119099]: DEBUG neutron_lib.callbacks.manager [None req-24384866-182c-43d1-990a-ef480fb64386 None None] Subscribe: <bound method NeutronDbPluginV2.validate_network_rbac_policy_change of <neutron.services.network_ip_availability.plugin.NetworkIPAvailabilityPlugin object at 0x7f784b575160>> rbac-policy before_delete 55550000 {{(pid=119099) subscribe /usr/local/lib/python3.8/dist-packages/neutron_lib/callbacks/manager.py:45}}
Jul 07 17:03:28 ubuntu neutron-server[119099]: INFO neutron.quota.resource_registry [None req-24384866-182c-43d1-990a-ef480fb64386 None None] Creating instance of CountableResource for resource:rbac_policy
Jul 07 17:03:28 ubuntu neutron-server[119099]: INFO neutron.quota.resource_registry [None req-24384866-182c-43d1-990a-ef480fb64386 None None] Creating instance of TrackedResource for resource:security_group
Jul 07 17:03:28 ubuntu neutron-server[119099]: INFO neutron.quota.resource_registry [None req-24384866-182c-43d1-990a-ef480fb64386 None None] Creating instance of TrackedResource for resource:security_group_rule
Jul 07 17:03:28 ubuntu neutron-server[119099]: DEBUG neutron.api.v2.resource_helper [None req-24384866-182c-43d1-990a-ef480fb64386 None None] Service FLAVORS assigned prefix:  {{(pid=119099) build_resource_info /opt/stack/neutron/neutron/api/v2/resource_helper.py:77}}
Jul 07 17:03:28 ubuntu neutron-server[119099]: DEBUG neutron.api.v2.resource_helper [None req-24384866-182c-43d1-990a-ef480fb64386 None None] Service L3_ROUTER_NAT assigned prefix:  {{(pid=119099) build_resource_info /opt/stack/neutron/neutron/api/v2/resource_helper.py:77}}
Jul 07 17:03:28 ubuntu neutron-server[119099]: DEBUG neutron.api.v2.resource_helper [None req-24384866-182c-43d1-990a-ef480fb64386 None None] Service L3_ROUTER_NAT assigned prefix:  {{(pid=119099) build_resource_info /opt/stack/neutron/neutron/api/v2/resource_helper.py:77}}
Jul 07 17:03:28 ubuntu neutron-server[119099]: INFO neutron.quota.resource_registry [None req-24384866-182c-43d1-990a-ef480fb64386 None None] Creating instance of TrackedResource for resource:router
Jul 07 17:03:28 ubuntu neutron-server[119099]: WARNING neutron.quota.resource_registry [None req-24384866-182c-43d1-990a-ef480fb64386 None None] router is already registered
Jul 07 17:03:28 ubuntu neutron-server[119099]: INFO neutron.quota.resource_registry [None req-24384866-182c-43d1-990a-ef480fb64386 None None] Creating instance of TrackedResource for resource:floatingip
Jul 07 17:03:28 ubuntu neutron-server[119099]: WARNING neutron.quota.resource_registry [None req-24384866-182c-43d1-990a-ef480fb64386 None None] floatingip is already registered
Jul 07 17:03:28 ubuntu neutron-server[119099]: INFO neutron.quota.resource_registry [None req-24384866-182c-43d1-990a-ef480fb64386 None None] Creating instance of CountableResource for resource:rbac_policy
Jul 07 17:03:28 ubuntu neutron-server[119099]: WARNING neutron.quota.resource_registry [None req-24384866-182c-43d1-990a-ef480fb64386 None None] rbac_policy is already registered
Jul 07 17:03:28 ubuntu neutron-server[119099]: INFO neutron.quota.resource_registry [None req-24384866-182c-43d1-990a-ef480fb64386 None None] Creating instance of TrackedResource for resource:security_group
Jul 07 17:03:28 ubuntu neutron-server[119099]: WARNING neutron.quota.resource_registry [None req-24384866-182c-43d1-990a-ef480fb64386 None None] security_group is already registered
Jul 07 17:03:28 ubuntu neutron-server[119099]: INFO neutron.quota.resource_registry [None req-24384866-182c-43d1-990a-ef480fb64386 None None] Creating instance of TrackedResource for resource:security_group_rule
Jul 07 17:03:28 ubuntu neutron-server[119099]: WARNING neutron.quota.resource_registry [None req-24384866-182c-43d1-990a-ef480fb64386 None None] security_group_rule is already registered
Jul 07 17:03:28 ubuntu neutron-server[119099]: DEBUG neutron.api.extensions [None req-24384866-182c-43d1-990a-ef480fb64386 None None] Extended resource: extensions {{(pid=119099) __init__ /opt/stack/neutron/neutron/api/extensions.py:157}}
Jul 07 17:03:28 ubuntu neutron-server[119099]: DEBUG neutron.api.extensions [None req-24384866-182c-43d1-990a-ef480fb64386 None None] Extended resource: address-groups {{(pid=119099) __init__ /opt/stack/neutron/neutron/api/extensions.py:157}}
Jul 07 17:03:28 ubuntu neutron-server[119099]: DEBUG neutron.api.extensions [None req-24384866-182c-43d1-990a-ef480fb64386 None None] Extended resource: address-scopes {{(pid=119099) __init__ /opt/stack/neutron/neutron/api/extensions.py:157}}
Jul 07 17:03:28 ubuntu neutron-server[119099]: DEBUG neutron.api.extensions [None req-24384866-182c-43d1-990a-ef480fb64386 None None] Extended resource: agents {{(pid=119099) __init__ /opt/stack/neutron/neutron/api/extensions.py:157}}
Jul 07 17:03:28 ubuntu neutron-server[119099]: DEBUG neutron.api.extensions [None req-24384866-182c-43d1-990a-ef480fb64386 None None] Extended resource: auto-allocated-topology {{(pid=119099) __init__ /opt/stack/neutron/neutron/api/extensions.py:157}}
Jul 07 17:03:28 ubuntu neutron-server[119099]: DEBUG neutron.api.extensions [None req-24384866-182c-43d1-990a-ef480fb64386 None None] Extended resource: availability_zones {{(pid=119099) __init__ /opt/stack/neutron/neutron/api/extensions.py:157}}
Jul 07 17:03:28 ubuntu neutron-server[119099]: DEBUG neutron.api.extensions [None req-24384866-182c-43d1-990a-ef480fb64386 None None] Extended resource: flavors {{(pid=119099) __init__ /opt/stack/neutron/neutron/api/extensions.py:157}}
Jul 07 17:03:28 ubuntu neutron-server[119099]: DEBUG neutron.api.extensions [None req-24384866-182c-43d1-990a-ef480fb64386 None None] Extended resource: service_profiles {{(pid=119099) __init__ /opt/stack/neutron/neutron/api/extensions.py:157}}
Jul 07 17:03:28 ubuntu neutron-server[119099]: DEBUG neutron.api.extensions [None req-24384866-182c-43d1-990a-ef480fb64386 None None] Extended resource: next_providers {{(pid=119099) __init__ /opt/stack/neutron/neutron/api/extensions.py:157}}
Jul 07 17:03:28 ubuntu neutron-server[119099]: DEBUG neutron.api.extensions [None req-24384866-182c-43d1-990a-ef480fb64386 None None] Extended resource: service_profiles {{(pid=119099) __init__ /opt/stack/neutron/neutron/api/extensions.py:157}}
Jul 07 17:03:28 ubuntu neutron-server[119099]: DEBUG neutron.api.extensions [None req-24384866-182c-43d1-990a-ef480fb64386 None None] Extended resource: floatingip-pools {{(pid=119099) __init__ /opt/stack/neutron/neutron/api/extensions.py:157}}
Jul 07 17:03:28 ubuntu neutron-server[119099]: DEBUG neutron.api.extensions [None req-24384866-182c-43d1-990a-ef480fb64386 None None] Extended resource: routers {{(pid=119099) __init__ /opt/stack/neutron/neutron/api/extensions.py:157}}
Jul 07 17:03:28 ubuntu neutron-server[119099]: DEBUG neutron.api.extensions [None req-24384866-182c-43d1-990a-ef480fb64386 None None] Extended resource: floatingips {{(pid=119099) __init__ /opt/stack/neutron/neutron/api/extensions.py:157}}
Jul 07 17:03:28 ubuntu neutron-server[119099]: DEBUG neutron.api.extensions [None req-24384866-182c-43d1-990a-ef480fb64386 None None] Extended resource: network-ip-availabilities {{(pid=119099) __init__ /opt/stack/neutron/neutron/api/extensions.py:157}}
Jul 07 17:03:28 ubuntu neutron-server[119099]: DEBUG neutron.api.extensions [None req-24384866-182c-43d1-990a-ef480fb64386 None None] Extended resource: bindings {{(pid=119099) __init__ /opt/stack/neutron/neutron/api/extensions.py:157}}
Jul 07 17:03:28 ubuntu neutron-server[119099]: DEBUG neutron.api.extensions [None req-24384866-182c-43d1-990a-ef480fb64386 None None] Extended resource: quotas {{(pid=119099) __init__ /opt/stack/neutron/neutron/api/extensions.py:157}}
Jul 07 17:03:28 ubuntu neutron-server[119099]: DEBUG neutron.api.extensions [None req-24384866-182c-43d1-990a-ef480fb64386 None None] Extended resource: quotas {{(pid=119099) __init__ /opt/stack/neutron/neutron/api/extensions.py:157}}
Jul 07 17:03:28 ubuntu neutron-server[119099]: DEBUG neutron.api.extensions [None req-24384866-182c-43d1-990a-ef480fb64386 None None] Extended resource: rbac-policies {{(pid=119099) __init__ /opt/stack/neutron/neutron/api/extensions.py:157}}
Jul 07 17:03:28 ubuntu neutron-server[119099]: DEBUG neutron.api.extensions [None req-24384866-182c-43d1-990a-ef480fb64386 None None] Extended resource: security-groups {{(pid=119099) __init__ /opt/stack/neutron/neutron/api/extensions.py:157}}
Jul 07 17:03:28 ubuntu neutron-server[119099]: DEBUG neutron.api.extensions [None req-24384866-182c-43d1-990a-ef480fb64386 None None] Extended resource: security-group-rules {{(pid=119099) __init__ /opt/stack/neutron/neutron/api/extensions.py:157}}
Jul 07 17:03:28 ubuntu neutron-server[119099]: DEBUG neutron.api.extensions [None req-24384866-182c-43d1-990a-ef480fb64386 None None] Extended resource: service-providers {{(pid=119099) __init__ /opt/stack/neutron/neutron/api/extensions.py:157}}
Jul 07 17:03:28 ubuntu neutron-server[119099]: DEBUG neutron.api.extensions [None req-24384866-182c-43d1-990a-ef480fb64386 None None] Extended resource: tags {{(pid=119099) __init__ /opt/stack/neutron/neutron/api/extensions.py:157}}
Jul 07 17:03:28 ubuntu neutron-server[119099]: DEBUG neutron.api.extensions [None req-24384866-182c-43d1-990a-ef480fb64386 None None] Extended resource: tags {{(pid=119099) __init__ /opt/stack/neutron/neutron/api/extensions.py:157}}
Jul 07 17:03:28 ubuntu neutron-server[119099]: DEBUG neutron.api.extensions [None req-24384866-182c-43d1-990a-ef480fb64386 None None] Extended resource: tags {{(pid=119099) __init__ /opt/stack/neutron/neutron/api/extensions.py:157}}
Jul 07 17:03:28 ubuntu neutron-server[119099]: DEBUG neutron.api.extensions [None req-24384866-182c-43d1-990a-ef480fb64386 None None] Extended resource: tags {{(pid=119099) __init__ /opt/stack/neutron/neutron/api/extensions.py:157}}
Jul 07 17:03:28 ubuntu neutron-server[119099]: DEBUG neutron.api.extensions [None req-24384866-182c-43d1-990a-ef480fb64386 None None] Extended resource: tags {{(pid=119099) __init__ /opt/stack/neutron/neutron/api/extensions.py:157}}
Jul 07 17:03:28 ubuntu neutron-server[119099]: DEBUG neutron.api.extensions [None req-24384866-182c-43d1-990a-ef480fb64386 None None] Extended resource: tags {{(pid=119099) __init__ /opt/stack/neutron/neutron/api/extensions.py:157}}
Jul 07 17:03:28 ubuntu neutron-server[119099]: DEBUG neutron.api.extensions [None req-24384866-182c-43d1-990a-ef480fb64386 None None] Extended resource: tags {{(pid=119099) __init__ /opt/stack/neutron/neutron/api/extensions.py:157}}
Jul 07 17:03:28 ubuntu neutron-server[119099]: DEBUG neutron.api.extensions [None req-24384866-182c-43d1-990a-ef480fb64386 None None] Extended resource: tags {{(pid=119099) __init__ /opt/stack/neutron/neutron/api/extensions.py:157}}
Jul 07 17:03:28 ubuntu neutron-server[119099]: DEBUG neutron.api.extensions [None req-24384866-182c-43d1-990a-ef480fb64386 None None] Extended resource: tags {{(pid=119099) __init__ /opt/stack/neutron/neutron/api/extensions.py:157}}
Jul 07 17:03:28 ubuntu neutron-server[119099]: DEBUG neutron.api.extensions [None req-24384866-182c-43d1-990a-ef480fb64386 None None] Extended resource: tags {{(pid=119099) __init__ /opt/stack/neutron/neutron/api/extensions.py:157}}
Jul 07 17:03:28 ubuntu neutron-server[119099]: WARNING keystonemiddleware.auth_token [None req-24384866-182c-43d1-990a-ef480fb64386 None None] AuthToken middleware is set with keystone_authtoken.service_token_roles_required set to False. This is backwards compatible but deprecated behaviour. Please set this to True.
Jul 07 17:03:28 ubuntu neutron-server[119099]: WARNING keystonemiddleware.auth_token [None req-24384866-182c-43d1-990a-ef480fb64386 None None] Configuring www_authenticate_uri to point to the public identity endpoint is required; clients may not be able to authenticate against an admin endpoint
Jul 07 17:03:28 ubuntu neutron-server[119099]: DEBUG oslo_concurrency.lockutils [None req-24384866-182c-43d1-990a-ef480fb64386 None None] Acquired lock "singleton_lock" {{(pid=119099) lock /usr/local/lib/python3.8/dist-packages/oslo_concurrency/lockutils.py:294}}
Jul 07 17:03:28 ubuntu neutron-server[119099]: DEBUG oslo_concurrency.lockutils [None req-24384866-182c-43d1-990a-ef480fb64386 None None] Releasing lock "singleton_lock" {{(pid=119099) lock /usr/local/lib/python3.8/dist-packages/oslo_concurrency/lockutils.py:312}}
Jul 07 17:03:28 ubuntu neutron-server[119099]: INFO oslo_service.service [None req-24384866-182c-43d1-990a-ef480fb64386 None None] Starting 2 workers
Jul 07 17:03:28 ubuntu neutron-server[119099]: DEBUG oslo_service.service [None req-24384866-182c-43d1-990a-ef480fb64386 None None] Started child 119303 {{(pid=119099) _start_child /usr/local/lib/python3.8/dist-packages/oslo_service/service.py:575}}
Jul 07 17:03:28 ubuntu neutron-server[119099]: DEBUG oslo_service.service [None req-24384866-182c-43d1-990a-ef480fb64386 None None] Started child 119304 {{(pid=119099) _start_child /usr/local/lib/python3.8/dist-packages/oslo_service/service.py:575}}
Jul 07 17:03:28 ubuntu neutron-server[119099]: INFO neutron.service [None req-24384866-182c-43d1-990a-ef480fb64386 None None] Neutron service started, listening on 0.0.0.0:9696
Jul 07 17:03:28 ubuntu neutron-server[119099]: DEBUG neutron_lib.callbacks.manager [None req-24384866-182c-43d1-990a-ef480fb64386 None None] Publish callbacks ['neutron.plugins.ml2.drivers.ovn.mech_driver.mech_driver.OVNMechanismDriver.pre_fork_initialize-828570'] for process (None), before_spawn {{(pid=119099) _notify_loop /usr/local/lib/python3.8/dist-packages/neutron_lib/callbacks/manager.py:176}}
Jul 07 17:03:28 ubuntu neutron-server[119303]: DEBUG neutron_lib.callbacks.manager [-] Publish callbacks ['neutron.plugins.ml2.drivers.ovn.mech_driver.mech_driver.OVNMechanismDriver.post_fork_initialize-873074'] for process (None), after_init {{(pid=119303) _notify_loop /usr/local/lib/python3.8/dist-packages/neutron_lib/callbacks/manager.py:176}}
Jul 07 17:03:28 ubuntu neutron-server[119304]: DEBUG neutron_lib.callbacks.manager [-] Publish callbacks ['neutron.plugins.ml2.drivers.ovn.mech_driver.mech_driver.OVNMechanismDriver.post_fork_initialize-873074'] for process (None), after_init {{(pid=119304) _notify_loop /usr/local/lib/python3.8/dist-packages/neutron_lib/callbacks/manager.py:176}}
Jul 07 17:03:28 ubuntu neutron-server[119303]: DEBUG dbcounter [-] [119303] Writer thread running {{(pid=119303) stat_writer /usr/local/lib/python3.8/dist-packages/dbcounter.py:99}}
Jul 07 17:03:28 ubuntu neutron-server[119099]: DEBUG ovsdbapp.backend.ovs_idl [None req-24384866-182c-43d1-990a-ef480fb64386 None None] Created schema index Port_Group.name {{(pid=119099) autocreate_indices /usr/local/lib/python3.8/dist-packages/ovsdbapp/backend/ovs_idl/__init__.py:104}}
Jul 07 17:03:28 ubuntu neutron-server[119099]: DEBUG ovsdbapp.backend.ovs_idl [None req-24384866-182c-43d1-990a-ef480fb64386 None None] Created schema index Logical_Switch_Port.name {{(pid=119099) autocreate_indices /usr/local/lib/python3.8/dist-packages/ovsdbapp/backend/ovs_idl/__init__.py:104}}
Jul 07 17:03:28 ubuntu neutron-server[119303]: INFO neutron.plugins.ml2.drivers.ovn.mech_driver.ovsdb.impl_idl_ovn [None req-a9b4a9f5-1b1d-4bed-b0dc-a72f2c1af9eb None None] Getting OvsdbNbOvnIdl for WorkerService with retry
Jul 07 17:03:28 ubuntu neutron-server[119304]: DEBUG dbcounter [-] [119304] Writer thread running {{(pid=119304) stat_writer /usr/local/lib/python3.8/dist-packages/dbcounter.py:99}}
Jul 07 17:03:28 ubuntu neutron-server[119099]: DEBUG ovsdbapp.backend.ovs_idl.transaction [-] Running txn n=1 command(idx=0): PgAddCommand(name=neutron_pg_drop, may_exist=True, columns={'acls': []}) {{(pid=119099) do_commit /usr/local/lib/python3.8/dist-packages/ovsdbapp/backend/ovs_idl/transaction.py:90}}
Jul 07 17:03:28 ubuntu neutron-server[119099]: DEBUG ovsdbapp.backend.ovs_idl.transaction [-] Running txn n=1 command(idx=1): PgAclAddCommand(entity=neutron_pg_drop, direction=from-lport, priority=1001, match=inport == @neutron_pg_drop && ip, action=drop, log=False, may_exist=True, severity=[], name=[], meter=None, external_ids={}) {{(pid=119099) do_commit /usr/local/lib/python3.8/dist-packages/ovsdbapp/backend/ovs_idl/transaction.py:90}}
Jul 07 17:03:28 ubuntu neutron-server[119099]: DEBUG ovsdbapp.backend.ovs_idl.transaction [-] Running txn n=1 command(idx=2): PgAclAddCommand(entity=neutron_pg_drop, direction=to-lport, priority=1001, match=outport == @neutron_pg_drop && ip, action=drop, log=False, may_exist=True, severity=[], name=[], meter=None, external_ids={}) {{(pid=119099) do_commit /usr/local/lib/python3.8/dist-packages/ovsdbapp/backend/ovs_idl/transaction.py:90}}
Jul 07 17:03:28 ubuntu neutron-server[119303]: DEBUG ovsdbapp.backend.ovs_idl [None req-a9b4a9f5-1b1d-4bed-b0dc-a72f2c1af9eb None None] Created lookup_table index Logical_Switch.name {{(pid=119303) autocreate_indices /usr/local/lib/python3.8/dist-packages/ovsdbapp/backend/ovs_idl/__init__.py:85}}
Jul 07 17:03:28 ubuntu neutron-server[119303]: DEBUG ovsdbapp.backend.ovs_idl [None req-a9b4a9f5-1b1d-4bed-b0dc-a72f2c1af9eb None None] Created lookup_table index Logical_Router.name {{(pid=119303) autocreate_indices /usr/local/lib/python3.8/dist-packages/ovsdbapp/backend/ovs_idl/__init__.py:85}}
Jul 07 17:03:28 ubuntu neutron-server[119303]: DEBUG ovsdbapp.backend.ovs_idl [None req-a9b4a9f5-1b1d-4bed-b0dc-a72f2c1af9eb None None] Created lookup_table index Load_Balancer.name {{(pid=119303) autocreate_indices /usr/local/lib/python3.8/dist-packages/ovsdbapp/backend/ovs_idl/__init__.py:85}}
Jul 07 17:03:28 ubuntu neutron-server[119303]: DEBUG ovsdbapp.backend.ovs_idl [None req-a9b4a9f5-1b1d-4bed-b0dc-a72f2c1af9eb None None] Created schema index Meter.name {{(pid=119303) autocreate_indices /usr/local/lib/python3.8/dist-packages/ovsdbapp/backend/ovs_idl/__init__.py:104}}
Jul 07 17:03:28 ubuntu neutron-server[119303]: DEBUG ovsdbapp.backend.ovs_idl [None req-a9b4a9f5-1b1d-4bed-b0dc-a72f2c1af9eb None None] Created schema index Address_Set.name {{(pid=119303) autocreate_indices /usr/local/lib/python3.8/dist-packages/ovsdbapp/backend/ovs_idl/__init__.py:104}}
Jul 07 17:03:28 ubuntu neutron-server[119303]: DEBUG ovsdbapp.backend.ovs_idl [None req-a9b4a9f5-1b1d-4bed-b0dc-a72f2c1af9eb None None] Created schema index HA_Chassis_Group.name {{(pid=119303) autocreate_indices /usr/local/lib/python3.8/dist-packages/ovsdbapp/backend/ovs_idl/__init__.py:104}}
Jul 07 17:03:28 ubuntu neutron-server[119303]: DEBUG ovsdbapp.backend.ovs_idl [None req-a9b4a9f5-1b1d-4bed-b0dc-a72f2c1af9eb None None] Created schema index Connection.target {{(pid=119303) autocreate_indices /usr/local/lib/python3.8/dist-packages/ovsdbapp/backend/ovs_idl/__init__.py:104}}
Jul 07 17:03:28 ubuntu neutron-server[119303]: DEBUG ovsdbapp.backend.ovs_idl [None req-a9b4a9f5-1b1d-4bed-b0dc-a72f2c1af9eb None None] Created schema index Gateway_Chassis.name {{(pid=119303) autocreate_indices /usr/local/lib/python3.8/dist-packages/ovsdbapp/backend/ovs_idl/__init__.py:104}}
Jul 07 17:03:28 ubuntu neutron-server[119303]: DEBUG ovsdbapp.backend.ovs_idl [None req-a9b4a9f5-1b1d-4bed-b0dc-a72f2c1af9eb None None] Created schema index Logical_Router_Port.name {{(pid=119303) autocreate_indices /usr/local/lib/python3.8/dist-packages/ovsdbapp/backend/ovs_idl/__init__.py:104}}
Jul 07 17:03:28 ubuntu neutron-server[119304]: INFO neutron.plugins.ml2.drivers.ovn.mech_driver.ovsdb.impl_idl_ovn [None req-92bc5070-f29a-40eb-b85c-29d121af2b4b None None] Getting OvsdbNbOvnIdl for WorkerService with retry
Jul 07 17:03:28 ubuntu neutron-server[119303]: DEBUG ovsdbapp.backend.ovs_idl [None req-a9b4a9f5-1b1d-4bed-b0dc-a72f2c1af9eb None None] Created schema index Port_Group.name {{(pid=119303) autocreate_indices /usr/local/lib/python3.8/dist-packages/ovsdbapp/backend/ovs_idl/__init__.py:104}}
Jul 07 17:03:28 ubuntu neutron-server[119303]: DEBUG ovsdbapp.backend.ovs_idl [None req-a9b4a9f5-1b1d-4bed-b0dc-a72f2c1af9eb None None] Created schema index Logical_Switch_Port.name {{(pid=119303) autocreate_indices /usr/local/lib/python3.8/dist-packages/ovsdbapp/backend/ovs_idl/__init__.py:104}}
Jul 07 17:03:28 ubuntu neutron-server[119303]: INFO ovsdbapp.backend.ovs_idl.vlog [None req-a9b4a9f5-1b1d-4bed-b0dc-a72f2c1af9eb None None] tcp:192.168.79.40:6641: connecting...
Jul 07 17:03:28 ubuntu neutron-server[119303]: INFO ovsdbapp.backend.ovs_idl.vlog [None req-a9b4a9f5-1b1d-4bed-b0dc-a72f2c1af9eb None None] tcp:192.168.79.40:6641: connected
Jul 07 17:03:28 ubuntu neutron-server[119099]: DEBUG ovsdbapp.backend.ovs_idl.event [-] Matched CREATE: NeutronPgDropPortGroupCreated(events=('create',), table='Port_Group', conditions=(('name', '=', 'neutron_pg_drop'),), old_conditions=None), priority=10 to row=Port_Group(name=neutron_pg_drop, ports=[], external_ids={}, acls=[<ovs.db.idl.Row object at 0x7f784ae4c700>, <ovs.db.idl.Row object at 0x7f784ae4c220>]) old= {{(pid=119099) matches /usr/local/lib/python3.8/dist-packages/ovsdbapp/backend/ovs_idl/event.py:43}}
Jul 07 17:03:28 ubuntu neutron-server[119099]: DEBUG ovsdbapp.backend.ovs_idl [None req-24384866-182c-43d1-990a-ef480fb64386 None None] Created lookup_table index Logical_Switch.name {{(pid=119099) autocreate_indices /usr/local/lib/python3.8/dist-packages/ovsdbapp/backend/ovs_idl/__init__.py:85}}
Jul 07 17:03:28 ubuntu neutron-server[119099]: DEBUG ovsdbapp.backend.ovs_idl [None req-24384866-182c-43d1-990a-ef480fb64386 None None] Created lookup_table index Logical_Router.name {{(pid=119099) autocreate_indices /usr/local/lib/python3.8/dist-packages/ovsdbapp/backend/ovs_idl/__init__.py:85}}
Jul 07 17:03:28 ubuntu neutron-server[119099]: DEBUG ovsdbapp.backend.ovs_idl [None req-24384866-182c-43d1-990a-ef480fb64386 None None] Created lookup_table index Load_Balancer.name {{(pid=119099) autocreate_indices /usr/local/lib/python3.8/dist-packages/ovsdbapp/backend/ovs_idl/__init__.py:85}}
Jul 07 17:03:28 ubuntu neutron-server[119099]: DEBUG ovsdbapp.backend.ovs_idl [None req-24384866-182c-43d1-990a-ef480fb64386 None None] Created schema index Meter.name {{(pid=119099) autocreate_indices /usr/local/lib/python3.8/dist-packages/ovsdbapp/backend/ovs_idl/__init__.py:104}}
Jul 07 17:03:28 ubuntu neutron-server[119099]: DEBUG ovsdbapp.backend.ovs_idl [None req-24384866-182c-43d1-990a-ef480fb64386 None None] Created schema index Address_Set.name {{(pid=119099) autocreate_indices /usr/local/lib/python3.8/dist-packages/ovsdbapp/backend/ovs_idl/__init__.py:104}}
Jul 07 17:03:28 ubuntu neutron-server[119099]: DEBUG ovsdbapp.backend.ovs_idl [None req-24384866-182c-43d1-990a-ef480fb64386 None None] Created schema index HA_Chassis_Group.name {{(pid=119099) autocreate_indices /usr/local/lib/python3.8/dist-packages/ovsdbapp/backend/ovs_idl/__init__.py:104}}
Jul 07 17:03:28 ubuntu neutron-server[119099]: DEBUG ovsdbapp.backend.ovs_idl [None req-24384866-182c-43d1-990a-ef480fb64386 None None] Created schema index Connection.target {{(pid=119099) autocreate_indices /usr/local/lib/python3.8/dist-packages/ovsdbapp/backend/ovs_idl/__init__.py:104}}
Jul 07 17:03:28 ubuntu neutron-server[119099]: DEBUG ovsdbapp.backend.ovs_idl [None req-24384866-182c-43d1-990a-ef480fb64386 None None] Created schema index Gateway_Chassis.name {{(pid=119099) autocreate_indices /usr/local/lib/python3.8/dist-packages/ovsdbapp/backend/ovs_idl/__init__.py:104}}
Jul 07 17:03:28 ubuntu neutron-server[119099]: DEBUG ovsdbapp.backend.ovs_idl [None req-24384866-182c-43d1-990a-ef480fb64386 None None] Created schema index Logical_Router_Port.name {{(pid=119099) autocreate_indices /usr/local/lib/python3.8/dist-packages/ovsdbapp/backend/ovs_idl/__init__.py:104}}
Jul 07 17:03:28 ubuntu neutron-server[119099]: DEBUG ovsdbapp.backend.ovs_idl [None req-24384866-182c-43d1-990a-ef480fb64386 None None] Created schema index Port_Group.name {{(pid=119099) autocreate_indices /usr/local/lib/python3.8/dist-packages/ovsdbapp/backend/ovs_idl/__init__.py:104}}
Jul 07 17:03:28 ubuntu neutron-server[119099]: DEBUG ovsdbapp.backend.ovs_idl [None req-24384866-182c-43d1-990a-ef480fb64386 None None] Created schema index Logical_Switch_Port.name {{(pid=119099) autocreate_indices /usr/local/lib/python3.8/dist-packages/ovsdbapp/backend/ovs_idl/__init__.py:104}}
Jul 07 17:03:28 ubuntu neutron-server[119303]: DEBUG neutron.common.ovn.hash_ring_manager [None req-a9b4a9f5-1b1d-4bed-b0dc-a72f2c1af9eb None None] Allow caching, nodes 2>=2 {{(pid=119303) _wait_startup_before_caching /opt/stack/neutron/neutron/common/ovn/hash_ring_manager.py:60}}
Jul 07 17:03:28 ubuntu neutron-server[119304]: DEBUG ovsdbapp.backend.ovs_idl [None req-92bc5070-f29a-40eb-b85c-29d121af2b4b None None] Created lookup_table index Logical_Switch.name {{(pid=119304) autocreate_indices /usr/local/lib/python3.8/dist-packages/ovsdbapp/backend/ovs_idl/__init__.py:85}}
Jul 07 17:03:28 ubuntu neutron-server[119304]: DEBUG ovsdbapp.backend.ovs_idl [None req-92bc5070-f29a-40eb-b85c-29d121af2b4b None None] Created lookup_table index Logical_Router.name {{(pid=119304) autocreate_indices /usr/local/lib/python3.8/dist-packages/ovsdbapp/backend/ovs_idl/__init__.py:85}}
Jul 07 17:03:28 ubuntu neutron-server[119304]: DEBUG ovsdbapp.backend.ovs_idl [None req-92bc5070-f29a-40eb-b85c-29d121af2b4b None None] Created lookup_table index Load_Balancer.name {{(pid=119304) autocreate_indices /usr/local/lib/python3.8/dist-packages/ovsdbapp/backend/ovs_idl/__init__.py:85}}
Jul 07 17:03:28 ubuntu neutron-server[119304]: DEBUG ovsdbapp.backend.ovs_idl [None req-92bc5070-f29a-40eb-b85c-29d121af2b4b None None] Created schema index Meter.name {{(pid=119304) autocreate_indices /usr/local/lib/python3.8/dist-packages/ovsdbapp/backend/ovs_idl/__init__.py:104}}
Jul 07 17:03:28 ubuntu neutron-server[119304]: DEBUG ovsdbapp.backend.ovs_idl [None req-92bc5070-f29a-40eb-b85c-29d121af2b4b None None] Created schema index Address_Set.name {{(pid=119304) autocreate_indices /usr/local/lib/python3.8/dist-packages/ovsdbapp/backend/ovs_idl/__init__.py:104}}
Jul 07 17:03:28 ubuntu neutron-server[119304]: DEBUG ovsdbapp.backend.ovs_idl [None req-92bc5070-f29a-40eb-b85c-29d121af2b4b None None] Created schema index HA_Chassis_Group.name {{(pid=119304) autocreate_indices /usr/local/lib/python3.8/dist-packages/ovsdbapp/backend/ovs_idl/__init__.py:104}}
Jul 07 17:03:28 ubuntu neutron-server[119304]: DEBUG ovsdbapp.backend.ovs_idl [None req-92bc5070-f29a-40eb-b85c-29d121af2b4b None None] Created schema index Connection.target {{(pid=119304) autocreate_indices /usr/local/lib/python3.8/dist-packages/ovsdbapp/backend/ovs_idl/__init__.py:104}}
Jul 07 17:03:28 ubuntu neutron-server[119304]: DEBUG ovsdbapp.backend.ovs_idl [None req-92bc5070-f29a-40eb-b85c-29d121af2b4b None None] Created schema index Gateway_Chassis.name {{(pid=119304) autocreate_indices /usr/local/lib/python3.8/dist-packages/ovsdbapp/backend/ovs_idl/__init__.py:104}}
Jul 07 17:03:28 ubuntu neutron-server[119304]: DEBUG ovsdbapp.backend.ovs_idl [None req-92bc5070-f29a-40eb-b85c-29d121af2b4b None None] Created schema index Logical_Router_Port.name {{(pid=119304) autocreate_indices /usr/local/lib/python3.8/dist-packages/ovsdbapp/backend/ovs_idl/__init__.py:104}}
Jul 07 17:03:28 ubuntu neutron-server[119304]: DEBUG ovsdbapp.backend.ovs_idl [None req-92bc5070-f29a-40eb-b85c-29d121af2b4b None None] Created schema index Port_Group.name {{(pid=119304) autocreate_indices /usr/local/lib/python3.8/dist-packages/ovsdbapp/backend/ovs_idl/__init__.py:104}}
Jul 07 17:03:28 ubuntu neutron-server[119304]: DEBUG ovsdbapp.backend.ovs_idl [None req-92bc5070-f29a-40eb-b85c-29d121af2b4b None None] Created schema index Logical_Switch_Port.name {{(pid=119304) autocreate_indices /usr/local/lib/python3.8/dist-packages/ovsdbapp/backend/ovs_idl/__init__.py:104}}
Jul 07 17:03:28 ubuntu neutron-server[119304]: INFO ovsdbapp.backend.ovs_idl.vlog [None req-92bc5070-f29a-40eb-b85c-29d121af2b4b None None] tcp:192.168.79.40:6641: connecting...
Jul 07 17:03:28 ubuntu neutron-server[119304]: INFO ovsdbapp.backend.ovs_idl.vlog [None req-92bc5070-f29a-40eb-b85c-29d121af2b4b None None] tcp:192.168.79.40:6641: connected
Jul 07 17:03:28 ubuntu neutron-server[119303]: DEBUG neutron.plugins.ml2.drivers.ovn.mech_driver.ovsdb.ovsdb_monitor [None req-a9b4a9f5-1b1d-4bed-b0dc-a72f2c1af9eb None None] Hash Ring: Node a148a029-b946-4d9c-8092-06e7069902e0 (host: ubuntu) handling event "create" for row b64dc204-bcbe-4147-9ee7-f5347c6b990f (table: Database) {{(pid=119303) notify /opt/stack/neutron/neutron/plugins/ml2/drivers/ovn/mech_driver/ovsdb/ovsdb_monitor.py:743}}
Jul 07 17:03:28 ubuntu neutron-server[119303]: DEBUG neutron.plugins.ml2.drivers.ovn.mech_driver.ovsdb.ovsdb_monitor [None req-a9b4a9f5-1b1d-4bed-b0dc-a72f2c1af9eb None None] Hash Ring: Node a148a029-b946-4d9c-8092-06e7069902e0 (host: ubuntu) handling event "create" for row b78b5ef2-97b6-4218-831b-c79b9959fc8c (table: Port_Group) {{(pid=119303) notify /opt/stack/neutron/neutron/plugins/ml2/drivers/ovn/mech_driver/ovsdb/ovsdb_monitor.py:743}}
Jul 07 17:03:28 ubuntu neutron-server[119303]: DEBUG neutron.plugins.ml2.drivers.ovn.mech_driver.ovsdb.ovsdb_monitor [None req-a9b4a9f5-1b1d-4bed-b0dc-a72f2c1af9eb None None] Hash Ring: Node a148a029-b946-4d9c-8092-06e7069902e0 (host: ubuntu) handling event "create" for row b19fc3fc-a099-4b0d-b9af-9441d6bcedd8 (table: ACL) {{(pid=119303) notify /opt/stack/neutron/neutron/plugins/ml2/drivers/ovn/mech_driver/ovsdb/ovsdb_monitor.py:743}}
Jul 07 17:03:28 ubuntu neutron-server[119303]: INFO neutron.plugins.ml2.drivers.ovn.mech_driver.ovsdb.impl_idl_ovn [None req-a9b4a9f5-1b1d-4bed-b0dc-a72f2c1af9eb None None] Getting OvsdbSbOvnIdl for WorkerService with retry
Jul 07 17:03:28 ubuntu neutron-server[119303]: DEBUG ovsdbapp.backend.ovs_idl [None req-a9b4a9f5-1b1d-4bed-b0dc-a72f2c1af9eb None None] Created lookup_table index Chassis.name {{(pid=119303) autocreate_indices /usr/local/lib/python3.8/dist-packages/ovsdbapp/backend/ovs_idl/__init__.py:85}}
Jul 07 17:03:28 ubuntu neutron-server[119303]: DEBUG ovsdbapp.backend.ovs_idl [None req-a9b4a9f5-1b1d-4bed-b0dc-a72f2c1af9eb None None] Created schema index Datapath_Binding.tunnel_key {{(pid=119303) autocreate_indices /usr/local/lib/python3.8/dist-packages/ovsdbapp/backend/ovs_idl/__init__.py:104}}
Jul 07 17:03:28 ubuntu neutron-server[119099]: DEBUG ovsdbapp.backend.ovs_idl [None req-24384866-182c-43d1-990a-ef480fb64386 None None] Created lookup_table index Chassis.name {{(pid=119099) autocreate_indices /usr/local/lib/python3.8/dist-packages/ovsdbapp/backend/ovs_idl/__init__.py:85}}
Jul 07 17:03:28 ubuntu neutron-server[119303]: DEBUG ovsdbapp.backend.ovs_idl [None req-a9b4a9f5-1b1d-4bed-b0dc-a72f2c1af9eb None None] Created schema index Connection.target {{(pid=119303) autocreate_indices /usr/local/lib/python3.8/dist-packages/ovsdbapp/backend/ovs_idl/__init__.py:104}}
Jul 07 17:03:28 ubuntu neutron-server[119099]: DEBUG ovsdbapp.backend.ovs_idl [None req-24384866-182c-43d1-990a-ef480fb64386 None None] Created lookup_table index MAC_Binding.ip {{(pid=119099) autocreate_indices /usr/local/lib/python3.8/dist-packages/ovsdbapp/backend/ovs_idl/__init__.py:85}}
Jul 07 17:03:28 ubuntu neutron-server[119099]: DEBUG ovsdbapp.backend.ovs_idl [None req-24384866-182c-43d1-990a-ef480fb64386 None None] Created schema index Meter.name {{(pid=119099) autocreate_indices /usr/local/lib/python3.8/dist-packages/ovsdbapp/backend/ovs_idl/__init__.py:104}}
Jul 07 17:03:28 ubuntu neutron-server[119303]: INFO ovsdbapp.backend.ovs_idl.vlog [None req-a9b4a9f5-1b1d-4bed-b0dc-a72f2c1af9eb None None] tcp:192.168.79.40:6642: connecting...
Jul 07 17:03:28 ubuntu neutron-server[119099]: DEBUG ovsdbapp.backend.ovs_idl [None req-24384866-182c-43d1-990a-ef480fb64386 None None] Created schema index Address_Set.name {{(pid=119099) autocreate_indices /usr/local/lib/python3.8/dist-packages/ovsdbapp/backend/ovs_idl/__init__.py:104}}
Jul 07 17:03:28 ubuntu neutron-server[119099]: DEBUG ovsdbapp.backend.ovs_idl [None req-24384866-182c-43d1-990a-ef480fb64386 None None] Created schema index HA_Chassis_Group.name {{(pid=119099) autocreate_indices /usr/local/lib/python3.8/dist-packages/ovsdbapp/backend/ovs_idl/__init__.py:104}}
Jul 07 17:03:28 ubuntu neutron-server[119304]: DEBUG neutron.common.ovn.hash_ring_manager [None req-92bc5070-f29a-40eb-b85c-29d121af2b4b None None] Allow caching, nodes 2>=2 {{(pid=119304) _wait_startup_before_caching /opt/stack/neutron/neutron/common/ovn/hash_ring_manager.py:60}}
Jul 07 17:03:28 ubuntu neutron-server[119303]: INFO ovsdbapp.backend.ovs_idl.vlog [None req-a9b4a9f5-1b1d-4bed-b0dc-a72f2c1af9eb None None] tcp:192.168.79.40:6642: connected
Jul 07 17:03:28 ubuntu neutron-server[119099]: DEBUG ovsdbapp.backend.ovs_idl [None req-24384866-182c-43d1-990a-ef480fb64386 None None] Created schema index IP_Multicast.datapath {{(pid=119099) autocreate_indices /usr/local/lib/python3.8/dist-packages/ovsdbapp/backend/ovs_idl/__init__.py:104}}
Jul 07 17:03:28 ubuntu neutron-server[119099]: DEBUG ovsdbapp.backend.ovs_idl [None req-24384866-182c-43d1-990a-ef480fb64386 None None] Created schema index Connection.target {{(pid=119099) autocreate_indices /usr/local/lib/python3.8/dist-packages/ovsdbapp/backend/ovs_idl/__init__.py:104}}
Jul 07 17:03:28 ubuntu neutron-server[119099]: DEBUG ovsdbapp.backend.ovs_idl [None req-24384866-182c-43d1-990a-ef480fb64386 None None] Created schema index Gateway_Chassis.name {{(pid=119099) autocreate_indices /usr/local/lib/python3.8/dist-packages/ovsdbapp/backend/ovs_idl/__init__.py:104}}
Jul 07 17:03:28 ubuntu neutron-server[119099]: DEBUG ovsdbapp.backend.ovs_idl [None req-24384866-182c-43d1-990a-ef480fb64386 None None] Created schema index Port_Group.name {{(pid=119099) autocreate_indices /usr/local/lib/python3.8/dist-packages/ovsdbapp/backend/ovs_idl/__init__.py:104}}
Jul 07 17:03:28 ubuntu neutron-server[119099]: DEBUG ovsdbapp.backend.ovs_idl [None req-24384866-182c-43d1-990a-ef480fb64386 None None] Created schema index Datapath_Binding.tunnel_key {{(pid=119099) autocreate_indices /usr/local/lib/python3.8/dist-packages/ovsdbapp/backend/ovs_idl/__init__.py:104}}
Jul 07 17:03:28 ubuntu neutron-server[119304]: DEBUG neutron.plugins.ml2.drivers.ovn.mech_driver.ovsdb.ovsdb_monitor [None req-92bc5070-f29a-40eb-b85c-29d121af2b4b None None] Hash Ring: Node 255ae506-ad11-465d-876a-616a7755a702 (host: ubuntu) handling event "create" for row abaa6573-4a9a-4a4b-b2ce-af21b3a64e83 (table: Database) {{(pid=119304) notify /opt/stack/neutron/neutron/plugins/ml2/drivers/ovn/mech_driver/ovsdb/ovsdb_monitor.py:743}}
Jul 07 17:03:28 ubuntu neutron-server[119304]: DEBUG neutron.plugins.ml2.drivers.ovn.mech_driver.ovsdb.ovsdb_monitor [None req-92bc5070-f29a-40eb-b85c-29d121af2b4b None None] Hash Ring: Node 255ae506-ad11-465d-876a-616a7755a702 (host: ubuntu) handling event "create" for row 9f029d22-7a0a-4696-835e-8e258d7a0b48 (table: NB_Global) {{(pid=119304) notify /opt/stack/neutron/neutron/plugins/ml2/drivers/ovn/mech_driver/ovsdb/ovsdb_monitor.py:743}}
Jul 07 17:03:28 ubuntu neutron-server[119304]: DEBUG neutron.plugins.ml2.drivers.ovn.mech_driver.ovsdb.ovsdb_monitor [None req-92bc5070-f29a-40eb-b85c-29d121af2b4b None None] Hash Ring: Node 255ae506-ad11-465d-876a-616a7755a702 (host: ubuntu) handling event "create" for row dc5abf09-5f1f-466f-9726-64b158634f5f (table: ACL) {{(pid=119304) notify /opt/stack/neutron/neutron/plugins/ml2/drivers/ovn/mech_driver/ovsdb/ovsdb_monitor.py:743}}
Jul 07 17:03:28 ubuntu neutron-server[119304]: DEBUG neutron.plugins.ml2.drivers.ovn.mech_driver.ovsdb.ovsdb_monitor [None req-92bc5070-f29a-40eb-b85c-29d121af2b4b None None] Hash Ring: Node 255ae506-ad11-465d-876a-616a7755a702 (host: ubuntu) handling event "create" for row 587e478f-7a60-4ee8-a9e3-43d7b41259b6 (table: Connection) {{(pid=119304) notify /opt/stack/neutron/neutron/plugins/ml2/drivers/ovn/mech_driver/ovsdb/ovsdb_monitor.py:743}}
Jul 07 17:03:28 ubuntu neutron-server[119304]: INFO neutron.plugins.ml2.drivers.ovn.mech_driver.ovsdb.impl_idl_ovn [None req-92bc5070-f29a-40eb-b85c-29d121af2b4b None None] Getting OvsdbSbOvnIdl for WorkerService with retry
Jul 07 17:03:28 ubuntu neutron-server[119303]: DEBUG neutron.common.ovn.hash_ring_manager [None req-a9b4a9f5-1b1d-4bed-b0dc-a72f2c1af9eb None None] Allow caching, nodes 2>=2 {{(pid=119303) _wait_startup_before_caching /opt/stack/neutron/neutron/common/ovn/hash_ring_manager.py:60}}
Jul 07 17:03:28 ubuntu neutron-server[119303]: DEBUG neutron.plugins.ml2.drivers.ovn.mech_driver.ovsdb.ovsdb_monitor [None req-a9b4a9f5-1b1d-4bed-b0dc-a72f2c1af9eb None None] Hash Ring: Node a148a029-b946-4d9c-8092-06e7069902e0 (host: ubuntu) handling event "create" for row abf75862-529f-4ad6-8e27-8c26142bb902 (table: Database) {{(pid=119303) notify /opt/stack/neutron/neutron/plugins/ml2/drivers/ovn/mech_driver/ovsdb/ovsdb_monitor.py:743}}
Jul 07 17:03:28 ubuntu neutron-server[119304]: DEBUG ovsdbapp.backend.ovs_idl [None req-92bc5070-f29a-40eb-b85c-29d121af2b4b None None] Created lookup_table index Chassis.name {{(pid=119304) autocreate_indices /usr/local/lib/python3.8/dist-packages/ovsdbapp/backend/ovs_idl/__init__.py:85}}
Jul 07 17:03:28 ubuntu neutron-server[119304]: DEBUG ovsdbapp.backend.ovs_idl [None req-92bc5070-f29a-40eb-b85c-29d121af2b4b None None] Created schema index Datapath_Binding.tunnel_key {{(pid=119304) autocreate_indices /usr/local/lib/python3.8/dist-packages/ovsdbapp/backend/ovs_idl/__init__.py:104}}
Jul 07 17:03:28 ubuntu neutron-server[119304]: DEBUG ovsdbapp.backend.ovs_idl [None req-92bc5070-f29a-40eb-b85c-29d121af2b4b None None] Created schema index Connection.target {{(pid=119304) autocreate_indices /usr/local/lib/python3.8/dist-packages/ovsdbapp/backend/ovs_idl/__init__.py:104}}
Jul 07 17:03:28 ubuntu neutron-server[119304]: INFO ovsdbapp.backend.ovs_idl.vlog [None req-92bc5070-f29a-40eb-b85c-29d121af2b4b None None] tcp:192.168.79.40:6642: connecting...
Jul 07 17:03:28 ubuntu neutron-server[119304]: INFO ovsdbapp.backend.ovs_idl.vlog [None req-92bc5070-f29a-40eb-b85c-29d121af2b4b None None] tcp:192.168.79.40:6642: connected
Jul 07 17:03:28 ubuntu neutron-server[119303]: DEBUG neutron.plugins.ml2.drivers.ovn.mech_driver.ovsdb.ovsdb_monitor [None req-a9b4a9f5-1b1d-4bed-b0dc-a72f2c1af9eb None None] Hash Ring: Node a148a029-b946-4d9c-8092-06e7069902e0 (host: ubuntu) handling event "create" for row d4eeb170-ae9c-45d9-822a-86d83fcff8eb (table: Encap) {{(pid=119303) notify /opt/stack/neutron/neutron/plugins/ml2/drivers/ovn/mech_driver/ovsdb/ovsdb_monitor.py:743}}
Jul 07 17:03:28 ubuntu neutron-server[119303]: DEBUG neutron.plugins.ml2.drivers.ovn.mech_driver.ovsdb.ovsdb_monitor [None req-a9b4a9f5-1b1d-4bed-b0dc-a72f2c1af9eb None None] ChassisAgentWriteEvent : Matched Chassis, create, None None {{(pid=119303) matches /opt/stack/neutron/neutron/plugins/ml2/drivers/ovn/mech_driver/ovsdb/ovsdb_monitor.py:62}}
Jul 07 17:03:28 ubuntu neutron-server[119303]: DEBUG neutron.plugins.ml2.drivers.ovn.mech_driver.ovsdb.ovsdb_monitor [None req-a9b4a9f5-1b1d-4bed-b0dc-a72f2c1af9eb None None] ChassisMetadataAgentWriteEvent : Matched Chassis, create, None None {{(pid=119303) matches /opt/stack/neutron/neutron/plugins/ml2/drivers/ovn/mech_driver/ovsdb/ovsdb_monitor.py:62}}
Jul 07 17:03:28 ubuntu neutron-server[119303]: DEBUG neutron.plugins.ml2.drivers.ovn.mech_driver.ovsdb.ovsdb_monitor [None req-a9b4a9f5-1b1d-4bed-b0dc-a72f2c1af9eb None None] Hash Ring: Node a148a029-b946-4d9c-8092-06e7069902e0 (host: ubuntu) handling event "create" for row 972484a5-5a97-4ba8-b917-821f070386f1 (table: Connection) {{(pid=119303) notify /opt/stack/neutron/neutron/plugins/ml2/drivers/ovn/mech_driver/ovsdb/ovsdb_monitor.py:743}}
Jul 07 17:03:28 ubuntu neutron-server[119099]: INFO oslo_service.service [None req-24384866-182c-43d1-990a-ef480fb64386 None None] Starting 1 workers
Jul 07 17:03:28 ubuntu neutron-server[119303]: INFO neutron.wsgi [-] (119303) wsgi starting up on http://0.0.0.0:9696
Jul 07 17:03:28 ubuntu neutron-server[119303]: DEBUG neutron.wsgi [-] (119303) accepted ('192.168.79.40', 49492) {{(pid=119303) server /usr/local/lib/python3.8/dist-packages/eventlet/wsgi.py:1004}}
Jul 07 17:03:28 ubuntu neutron-server[119303]: INFO neutron.wsgi [-] 192.168.79.40 "GET / HTTP/1.1" status: 200  len: 255 time: 0.0048323
Jul 07 17:03:28 ubuntu neutron-server[119099]: DEBUG oslo_service.service [None req-24384866-182c-43d1-990a-ef480fb64386 None None] Started child 119308 {{(pid=119099) _start_child /usr/local/lib/python3.8/dist-packages/oslo_service/service.py:575}}
Jul 07 17:03:28 ubuntu neutron-server[119099]: INFO oslo_service.service [None req-24384866-182c-43d1-990a-ef480fb64386 None None] Starting 1 workers
Jul 07 17:03:28 ubuntu neutron-server[119308]: DEBUG neutron.service [None req-24384866-182c-43d1-990a-ef480fb64386 None None] calling RpcWorker wait() {{(pid=119308) _wait /opt/stack/neutron/neutron/service.py:128}}
Jul 07 17:03:28 ubuntu neutron-server[119308]: DEBUG neutron.service [None req-24384866-182c-43d1-990a-ef480fb64386 None None] returning from RpcWorker wait() {{(pid=119308) _wait /opt/stack/neutron/neutron/service.py:135}}
Jul 07 17:03:28 ubuntu neutron-server[119308]: DEBUG neutron_lib.callbacks.manager [-] Publish callbacks ['neutron.plugins.ml2.drivers.ovn.mech_driver.mech_driver.OVNMechanismDriver.post_fork_initialize-873074'] for process (None), after_init {{(pid=119308) _notify_loop /usr/local/lib/python3.8/dist-packages/neutron_lib/callbacks/manager.py:176}}
Jul 07 17:03:28 ubuntu neutron-server[119308]: INFO neutron.plugins.ml2.drivers.ovn.mech_driver.ovsdb.impl_idl_ovn [-] Getting OvsdbNbOvnIdl for RpcWorker with retry
Jul 07 17:03:28 ubuntu neutron-server[119099]: DEBUG oslo_service.service [None req-24384866-182c-43d1-990a-ef480fb64386 None None] Started child 119310 {{(pid=119099) _start_child /usr/local/lib/python3.8/dist-packages/oslo_service/service.py:575}}
Jul 07 17:03:28 ubuntu neutron-server[119099]: INFO oslo_service.service [None req-24384866-182c-43d1-990a-ef480fb64386 None None] Starting 1 workers
Jul 07 17:03:28 ubuntu neutron-server[119099]: DEBUG oslo_service.service [None req-24384866-182c-43d1-990a-ef480fb64386 None None] Started child 119311 {{(pid=119099) _start_child /usr/local/lib/python3.8/dist-packages/oslo_service/service.py:575}}
Jul 07 17:03:28 ubuntu neutron-server[119310]: DEBUG neutron_lib.callbacks.manager [-] Publish callbacks ['neutron.plugins.ml2.drivers.ovn.mech_driver.mech_driver.OVNMechanismDriver.post_fork_initialize-873074'] for process (None), after_init {{(pid=119310) _notify_loop /usr/local/lib/python3.8/dist-packages/neutron_lib/callbacks/manager.py:176}}
Jul 07 17:03:28 ubuntu neutron-server[119099]: DEBUG neutron_lib.callbacks.manager [None req-24384866-182c-43d1-990a-ef480fb64386 None None] Publish callbacks [] for process (None), after_spawn {{(pid=119099) _notify_loop /usr/local/lib/python3.8/dist-packages/neutron_lib/callbacks/manager.py:176}}
Jul 07 17:03:28 ubuntu neutron-server[119310]: INFO neutron.plugins.ml2.drivers.ovn.mech_driver.ovsdb.impl_idl_ovn [-] Getting OvsdbNbOvnIdl for MaintenanceWorker with retry
Jul 07 17:03:28 ubuntu neutron-server[119099]: DEBUG oslo_service.service [-] Full set of CONF: {{(pid=119099) wait /usr/local/lib/python3.8/dist-packages/oslo_service/service.py:649}}
Jul 07 17:03:28 ubuntu neutron-server[119099]: DEBUG oslo_service.service [-] ******************************************************************************** {{(pid=119099) log_opt_values /usr/local/lib/python3.8/dist-packages/oslo_config/cfg.py:2589}}
Jul 07 17:03:28 ubuntu neutron-server[119099]: DEBUG oslo_service.service [-] Configuration options gathered from: {{(pid=119099) log_opt_values /usr/local/lib/python3.8/dist-packages/oslo_config/cfg.py:2590}}
Jul 07 17:03:28 ubuntu neutron-server[119304]: DEBUG neutron.common.ovn.hash_ring_manager [None req-92bc5070-f29a-40eb-b85c-29d121af2b4b None None] Allow caching, nodes 2>=2 {{(pid=119304) _wait_startup_before_caching /opt/stack/neutron/neutron/common/ovn/hash_ring_manager.py:60}}
Jul 07 17:03:28 ubuntu neutron-server[119099]: DEBUG oslo_service.service [-] command line args: ['--config-file', '/etc/neutron/neutron.conf', '--config-file', '/etc/neutron/plugins/ml2/ml2_conf.ini'] {{(pid=119099) log_opt_values /usr/local/lib/python3.8/dist-packages/oslo_config/cfg.py:2591}}
Jul 07 17:03:28 ubuntu neutron-server[119099]: DEBUG oslo_service.service [-] config files: ['/etc/neutron/neutron.conf', '/etc/neutron/plugins/ml2/ml2_conf.ini'] {{(pid=119099) log_opt_values /usr/local/lib/python3.8/dist-packages/oslo_config/cfg.py:2592}}
