May 18 14:00:09 ubuntu devstack@g-api.service[133191]: DEBUG glance_store.capabilities [None req-39a74850-85cf-4640-ab16-ea5f569511d2 admin admin] Store glance_store._drivers.swift.store.SingleTenantStore doesn't support updating dynamic storage capabilities. Please overwrite 'update_capabilities' method of the store to implement updating logics if needed. {{(pid=133191) update_capabilities /usr/local/lib/python3.8/dist-packages/glance_store/capabilities.py:91}}
May 18 14:00:09 ubuntu devstack@g-api.service[133191]: DEBUG glance_store.driver [None req-39a74850-85cf-4640-ab16-ea5f569511d2 admin admin] Late loading location class glance_store._drivers.swift.store.StoreLocation {{(pid=133191) get_store_location_class /usr/local/lib/python3.8/dist-packages/glance_store/driver.py:117}}
May 18 14:00:09 ubuntu devstack@g-api.service[133191]: DEBUG glance_store.location [None req-39a74850-85cf-4640-ab16-ea5f569511d2 admin admin] Registering scheme swift+https with {'store': <glance_store._drivers.swift.store.SingleTenantStore object at 0x7f2f06e030d0>, 'location_class': <class 'glance_store._drivers.swift.store.StoreLocation'>, 'store_entry': 'swift'} {{(pid=133191) register_scheme_map /usr/local/lib/python3.8/dist-packages/glance_store/location.py:146}}
May 18 14:00:09 ubuntu devstack@g-api.service[133191]: DEBUG glance_store.location [None req-39a74850-85cf-4640-ab16-ea5f569511d2 admin admin] Registering scheme swift+https with {'store': <glance_store._drivers.swift.store.SingleTenantStore object at 0x7f2f06e030d0>, 'location_class': <class 'glance_store._drivers.swift.store.StoreLocation'>, 'store_entry': 'swift'} {{(pid=133191) register_scheme_map /usr/local/lib/python3.8/dist-packages/glance_store/location.py:146}}
May 18 14:00:09 ubuntu devstack@g-api.service[133191]: DEBUG glance_store.location [None req-39a74850-85cf-4640-ab16-ea5f569511d2 admin admin] Registering scheme swift with {'store': <glance_store._drivers.swift.store.SingleTenantStore object at 0x7f2f06e030d0>, 'location_class': <class 'glance_store._drivers.swift.store.StoreLocation'>, 'store_entry': 'swift'} {{(pid=133191) register_scheme_map /usr/local/lib/python3.8/dist-packages/glance_store/location.py:146}}
May 18 14:00:09 ubuntu devstack@g-api.service[133191]: DEBUG glance_store.location [None req-39a74850-85cf-4640-ab16-ea5f569511d2 admin admin] Registering scheme swift+https with {'store': <glance_store._drivers.swift.store.SingleTenantStore object at 0x7f2f06e030d0>, 'location_class': <class 'glance_store._drivers.swift.store.StoreLocation'>, 'store_entry': 'swift'} {{(pid=133191) register_scheme_map /usr/local/lib/python3.8/dist-packages/glance_store/location.py:146}}
May 18 14:00:09 ubuntu devstack@g-api.service[133191]: DEBUG glance_store.location [None req-39a74850-85cf-4640-ab16-ea5f569511d2 admin admin] Registering scheme swift with {'store': <glance_store._drivers.swift.store.SingleTenantStore object at 0x7f2f06e030d0>, 'location_class': <class 'glance_store._drivers.swift.store.StoreLocation'>, 'store_entry': 'swift'} {{(pid=133191) register_scheme_map /usr/local/lib/python3.8/dist-packages/glance_store/location.py:146}}
May 18 14:00:09 ubuntu devstack@g-api.service[133191]: DEBUG glance_store.location [None req-39a74850-85cf-4640-ab16-ea5f569511d2 admin admin] Registering scheme swift+http with {'store': <glance_store._drivers.swift.store.SingleTenantStore object at 0x7f2f06e030d0>, 'location_class': <class 'glance_store._drivers.swift.store.StoreLocation'>, 'store_entry': 'swift'} {{(pid=133191) register_scheme_map /usr/local/lib/python3.8/dist-packages/glance_store/location.py:146}}
May 18 14:00:09 ubuntu devstack@g-api.service[133191]: DEBUG glance_store.location [None req-39a74850-85cf-4640-ab16-ea5f569511d2 admin admin] Registering scheme swift+https with {'store': <glance_store._drivers.swift.store.SingleTenantStore object at 0x7f2f06e030d0>, 'location_class': <class 'glance_store._drivers.swift.store.StoreLocation'>, 'store_entry': 'swift'} {{(pid=133191) register_scheme_map /usr/local/lib/python3.8/dist-packages/glance_store/location.py:146}}
May 18 14:00:09 ubuntu devstack@g-api.service[133191]: DEBUG glance_store.location [None req-39a74850-85cf-4640-ab16-ea5f569511d2 admin admin] Registering scheme swift with {'store': <glance_store._drivers.swift.store.SingleTenantStore object at 0x7f2f06e030d0>, 'location_class': <class 'glance_store._drivers.swift.store.StoreLocation'>, 'store_entry': 'swift'} {{(pid=133191) register_scheme_map /usr/local/lib/python3.8/dist-packages/glance_store/location.py:146}}
May 18 14:00:09 ubuntu devstack@g-api.service[133191]: DEBUG glance_store.location [None req-39a74850-85cf-4640-ab16-ea5f569511d2 admin admin] Registering scheme swift+http with {'store': <glance_store._drivers.swift.store.SingleTenantStore object at 0x7f2f06e030d0>, 'location_class': <class 'glance_store._drivers.swift.store.StoreLocation'>, 'store_entry': 'swift'} {{(pid=133191) register_scheme_map /usr/local/lib/python3.8/dist-packages/glance_store/location.py:146}}
May 18 14:00:09 ubuntu devstack@g-api.service[133191]: DEBUG glance_store.location [None req-39a74850-85cf-4640-ab16-ea5f569511d2 admin admin] Registering scheme swift+config with {'store': <glance_store._drivers.swift.store.SingleTenantStore object at 0x7f2f06e030d0>, 'location_class': <class 'glance_store._drivers.swift.store.StoreLocation'>, 'store_entry': 'swift'} {{(pid=133191) register_scheme_map /usr/local/lib/python3.8/dist-packages/glance_store/location.py:146}}
May 18 14:00:09 ubuntu devstack@g-api.service[133191]: DEBUG glance_store.backend [None req-39a74850-85cf-4640-ab16-ea5f569511d2 admin admin] Skipping store.set_acls... not implemented. {{(pid=133191) set_acls /usr/local/lib/python3.8/dist-packages/glance_store/backend.py:509}}
May 18 14:00:09 ubuntu devstack@g-api.service[133191]: [pid: 133191|app: 0|req: 3/4] 127.0.0.1 () {40 vars in 862 bytes} [Wed May 18 14:00:07 2022] PUT /v2/images/a7139562-2a61-404a-b49b-c2205f332f9d/file => generated 0 bytes in 2212 msecs (HTTP/1.1 204) 4 headers in 171 bytes (1 switches on core 0)
May 18 14:00:16 ubuntu devstack@g-api.service[133192]: DEBUG dbcounter [-] [133192] Writing DB stats glance:SELECT=9,glance:INSERT=5 {{(pid=133192) stat_writer /usr/local/lib/python3.8/dist-packages/dbcounter.py:114}}
May 18 14:00:19 ubuntu devstack@g-api.service[133191]: DEBUG dbcounter [-] [133191] Writing DB stats glance:SELECT=28,glance:UPDATE=2,glance:INSERT=1 {{(pid=133191) stat_writer /usr/local/lib/python3.8/dist-packages/dbcounter.py:114}}
May 18 14:00:54 ubuntu devstack@g-api.service[133192]: DEBUG glance.api.middleware.version_negotiation [None req-c81180ed-79c1-4135-a03a-6e7513695759 admin admin] Determining version of request: GET / Accept: application/json {{(pid=133192) process_request /opt/stack/glance/glance/api/middleware/version_negotiation.py:44}}
May 18 14:00:54 ubuntu devstack@g-api.service[133192]: DEBUG glance.api.middleware.version_negotiation [None req-c81180ed-79c1-4135-a03a-6e7513695759 admin admin] Using url versioning {{(pid=133192) process_request /opt/stack/glance/glance/api/middleware/version_negotiation.py:57}}
May 18 14:00:54 ubuntu devstack@g-api.service[133192]: DEBUG glance.api.middleware.version_negotiation [None req-c81180ed-79c1-4135-a03a-6e7513695759 admin admin] Unknown version. Returning version choices. {{(pid=133192) process_request /opt/stack/glance/glance/api/middleware/version_negotiation.py:64}}
May 18 14:00:54 ubuntu devstack@g-api.service[133192]: [pid: 133192|app: 0|req: 2/5] 127.0.0.1 () {34 vars in 506 bytes} [Wed May 18 14:00:54 2022] GET / => generated 1213 bytes in 5 msecs (HTTP/1.1 300) 3 headers in 106 bytes (1 switches on core 0)
May 18 14:00:54 ubuntu devstack@g-api.service[133191]: DEBUG glance.api.middleware.version_negotiation [None req-39a74850-85cf-4640-ab16-ea5f569511d2 admin admin] Determining version of request: GET /v2/images Accept: application/json {{(pid=133191) process_request /opt/stack/glance/glance/api/middleware/version_negotiation.py:44}}
May 18 14:00:54 ubuntu devstack@g-api.service[133191]: DEBUG glance.api.middleware.version_negotiation [None req-39a74850-85cf-4640-ab16-ea5f569511d2 admin admin] Using url versioning {{(pid=133191) process_request /opt/stack/glance/glance/api/middleware/version_negotiation.py:57}}
May 18 14:00:54 ubuntu devstack@g-api.service[133191]: DEBUG glance.api.middleware.version_negotiation [None req-39a74850-85cf-4640-ab16-ea5f569511d2 admin admin] Matched version: v2 {{(pid=133191) process_request /opt/stack/glance/glance/api/middleware/version_negotiation.py:69}}
May 18 14:00:54 ubuntu devstack@g-api.service[133191]: DEBUG glance.api.middleware.version_negotiation [None req-39a74850-85cf-4640-ab16-ea5f569511d2 admin admin] new path /v2/images {{(pid=133191) process_request /opt/stack/glance/glance/api/middleware/version_negotiation.py:70}}
May 18 14:00:54 ubuntu devstack@g-api.service[133191]: [pid: 133191|app: 0|req: 4/6] 127.0.0.1 () {36 vars in 728 bytes} [Wed May 18 14:00:54 2022] GET /v2/images => generated 1045 bytes in 101 msecs (HTTP/1.1 200) 4 headers in 158 bytes (1 switches on core 0)
May 18 14:01:00 ubuntu devstack@g-api.service[133192]: DEBUG glance.api.middleware.version_negotiation [None req-c81180ed-79c1-4135-a03a-6e7513695759 admin admin] Determining version of request: GET / Accept: application/json {{(pid=133192) process_request /opt/stack/glance/glance/api/middleware/version_negotiation.py:44}}
May 18 14:01:00 ubuntu devstack@g-api.service[133192]: DEBUG glance.api.middleware.version_negotiation [None req-c81180ed-79c1-4135-a03a-6e7513695759 admin admin] Using url versioning {{(pid=133192) process_request /opt/stack/glance/glance/api/middleware/version_negotiation.py:57}}
May 18 14:01:00 ubuntu devstack@g-api.service[133192]: DEBUG glance.api.middleware.version_negotiation [None req-c81180ed-79c1-4135-a03a-6e7513695759 admin admin] Unknown version. Returning version choices. {{(pid=133192) process_request /opt/stack/glance/glance/api/middleware/version_negotiation.py:64}}
May 18 14:01:00 ubuntu devstack@g-api.service[133192]: [pid: 133192|app: 0|req: 3/7] 127.0.0.1 () {34 vars in 506 bytes} [Wed May 18 14:01:00 2022] GET / => generated 1213 bytes in 4 msecs (HTTP/1.1 300) 3 headers in 106 bytes (1 switches on core 0)
May 18 14:01:00 ubuntu devstack@g-api.service[133191]: DEBUG glance.api.middleware.version_negotiation [None req-d1c64f95-e93d-49d4-9b26-2fd1cc4358b9 admin admin] Determining version of request: GET /v2/images/a7139562-2a61-404a-b49b-c2205f332f9d Accept: */* {{(pid=133191) process_request /opt/stack/glance/glance/api/middleware/version_negotiation.py:44}}
May 18 14:01:00 ubuntu devstack@g-api.service[133191]: DEBUG glance.api.middleware.version_negotiation [None req-d1c64f95-e93d-49d4-9b26-2fd1cc4358b9 admin admin] Using url versioning {{(pid=133191) process_request /opt/stack/glance/glance/api/middleware/version_negotiation.py:57}}
May 18 14:01:00 ubuntu devstack@g-api.service[133191]: DEBUG glance.api.middleware.version_negotiation [None req-d1c64f95-e93d-49d4-9b26-2fd1cc4358b9 admin admin] Matched version: v2 {{(pid=133191) process_request /opt/stack/glance/glance/api/middleware/version_negotiation.py:69}}
May 18 14:01:00 ubuntu devstack@g-api.service[133191]: DEBUG glance.api.middleware.version_negotiation [None req-d1c64f95-e93d-49d4-9b26-2fd1cc4358b9 admin admin] new path /v2/images/a7139562-2a61-404a-b49b-c2205f332f9d {{(pid=133191) process_request /opt/stack/glance/glance/api/middleware/version_negotiation.py:70}}
May 18 14:01:00 ubuntu devstack@g-api.service[133191]: [pid: 133191|app: 0|req: 5/8] 127.0.0.1 () {36 vars in 789 bytes} [Wed May 18 14:01:00 2022] GET /v2/images/a7139562-2a61-404a-b49b-c2205f332f9d => generated 976 bytes in 66 msecs (HTTP/1.1 200) 4 headers in 157 bytes (1 switches on core 0)
May 18 14:01:04 ubuntu devstack@g-api.service[133192]: DEBUG glance.api.middleware.version_negotiation [None req-c81180ed-79c1-4135-a03a-6e7513695759 admin admin] Determining version of request: GET / Accept: application/json {{(pid=133192) process_request /opt/stack/glance/glance/api/middleware/version_negotiation.py:44}}
May 18 14:01:04 ubuntu devstack@g-api.service[133192]: DEBUG glance.api.middleware.version_negotiation [None req-c81180ed-79c1-4135-a03a-6e7513695759 admin admin] Using url versioning {{(pid=133192) process_request /opt/stack/glance/glance/api/middleware/version_negotiation.py:57}}
May 18 14:01:04 ubuntu devstack@g-api.service[133192]: DEBUG glance.api.middleware.version_negotiation [None req-c81180ed-79c1-4135-a03a-6e7513695759 admin admin] Unknown version. Returning version choices. {{(pid=133192) process_request /opt/stack/glance/glance/api/middleware/version_negotiation.py:64}}
May 18 14:01:04 ubuntu devstack@g-api.service[133192]: [pid: 133192|app: 0|req: 4/9] 127.0.0.1 () {34 vars in 506 bytes} [Wed May 18 14:01:04 2022] GET / => generated 1213 bytes in 3 msecs (HTTP/1.1 300) 3 headers in 106 bytes (1 switches on core 0)
May 18 14:01:04 ubuntu devstack@g-api.service[133191]: DEBUG glance.api.middleware.version_negotiation [None req-5030352f-224a-48da-98dd-5c610aab9383 admin admin] Determining version of request: GET /v2/images/a7139562-2a61-404a-b49b-c2205f332f9d Accept: */* {{(pid=133191) process_request /opt/stack/glance/glance/api/middleware/version_negotiation.py:44}}
May 18 14:01:04 ubuntu devstack@g-api.service[133191]: DEBUG glance.api.middleware.version_negotiation [None req-5030352f-224a-48da-98dd-5c610aab9383 admin admin] Using url versioning {{(pid=133191) process_request /opt/stack/glance/glance/api/middleware/version_negotiation.py:57}}
May 18 14:01:04 ubuntu devstack@g-api.service[133191]: DEBUG glance.api.middleware.version_negotiation [None req-5030352f-224a-48da-98dd-5c610aab9383 admin admin] Matched version: v2 {{(pid=133191) process_request /opt/stack/glance/glance/api/middleware/version_negotiation.py:69}}
May 18 14:01:04 ubuntu devstack@g-api.service[133191]: DEBUG glance.api.middleware.version_negotiation [None req-5030352f-224a-48da-98dd-5c610aab9383 admin admin] new path /v2/images/a7139562-2a61-404a-b49b-c2205f332f9d {{(pid=133191) process_request /opt/stack/glance/glance/api/middleware/version_negotiation.py:70}}
May 18 14:01:04 ubuntu devstack@g-api.service[133191]: [pid: 133191|app: 0|req: 6/10] 127.0.0.1 () {36 vars in 789 bytes} [Wed May 18 14:01:04 2022] GET /v2/images/a7139562-2a61-404a-b49b-c2205f332f9d => generated 976 bytes in 59 msecs (HTTP/1.1 200) 4 headers in 157 bytes (1 switches on core 0)
May 18 14:01:14 ubuntu devstack@g-api.service[133191]: DEBUG dbcounter [-] [133191] Writing DB stats glance:SELECT=10 {{(pid=133191) stat_writer /usr/local/lib/python3.8/dist-packages/dbcounter.py:114}}
May 18 14:02:46 ubuntu devstack@g-api.service[133192]: DEBUG glance.api.middleware.version_negotiation [None req-c81180ed-79c1-4135-a03a-6e7513695759 admin admin] Determining version of request: GET /v1 Accept: application/json {{(pid=133192) process_request /opt/stack/glance/glance/api/middleware/version_negotiation.py:44}}
May 18 14:02:46 ubuntu devstack@g-api.service[133192]: DEBUG glance.api.middleware.version_negotiation [None req-c81180ed-79c1-4135-a03a-6e7513695759 admin admin] Using url versioning {{(pid=133192) process_request /opt/stack/glance/glance/api/middleware/version_negotiation.py:57}}
May 18 14:02:46 ubuntu devstack@g-api.service[133192]: DEBUG glance.api.middleware.version_negotiation [None req-c81180ed-79c1-4135-a03a-6e7513695759 admin admin] Unknown version. Returning version choices. {{(pid=133192) process_request /opt/stack/glance/glance/api/middleware/version_negotiation.py:64}}
May 18 14:02:46 ubuntu devstack@g-api.service[133192]: [pid: 133192|app: 0|req: 5/11] 127.0.0.1 () {38 vars in 685 bytes} [Wed May 18 14:02:46 2022] GET /v1 => generated 1213 bytes in 4 msecs (HTTP/1.1 300) 3 headers in 106 bytes (1 switches on core 0)
May 18 14:04:57 ubuntu devstack@g-api.service[133191]: DEBUG oslo_concurrency.lockutils [-] Acquired lock "glance-cache" {{(pid=133191) lock /usr/local/lib/python3.8/dist-packages/oslo_concurrency/lockutils.py:294}}
May 18 14:04:57 ubuntu devstack@g-api.service[133191]: DEBUG oslo_concurrency.lockutils [-] Acquired external semaphore "glance-cache" {{(pid=133191) lock /usr/local/lib/python3.8/dist-packages/oslo_concurrency/lockutils.py:302}}
May 18 14:04:57 ubuntu devstack@g-api.service[133191]: DEBUG glance.image_cache.prefetcher [-] Nothing to prefetch. {{(pid=133191) run /opt/stack/glance/glance/image_cache/prefetcher.py:79}}
May 18 14:04:57 ubuntu devstack@g-api.service[133191]: DEBUG oslo_concurrency.lockutils [-] Releasing lock "glance-cache" {{(pid=133191) lock /usr/local/lib/python3.8/dist-packages/oslo_concurrency/lockutils.py:312}}
May 18 14:04:57 ubuntu devstack@g-api.service[133192]: DEBUG oslo_concurrency.lockutils [-] Acquired lock "glance-cache" {{(pid=133192) lock /usr/local/lib/python3.8/dist-packages/oslo_concurrency/lockutils.py:294}}
May 18 14:04:57 ubuntu devstack@g-api.service[133192]: DEBUG oslo_concurrency.lockutils [-] Acquired external semaphore "glance-cache" {{(pid=133192) lock /usr/local/lib/python3.8/dist-packages/oslo_concurrency/lockutils.py:302}}
May 18 14:04:57 ubuntu devstack@g-api.service[133192]: DEBUG glance.image_cache.prefetcher [-] Nothing to prefetch. {{(pid=133192) run /opt/stack/glance/glance/image_cache/prefetcher.py:79}}
May 18 14:04:57 ubuntu devstack@g-api.service[133192]: DEBUG oslo_concurrency.lockutils [-] Releasing lock "glance-cache" {{(pid=133192) lock /usr/local/lib/python3.8/dist-packages/oslo_concurrency/lockutils.py:312}}
May 18 14:05:05 ubuntu devstack@g-api.service[133191]: DEBUG glance.api.middleware.version_negotiation [None req-0573cfa7-53a9-4270-b8da-e1691b92bdb3 admin admin] Determining version of request: GET /versions Accept: */* {{(pid=133191) process_request /opt/stack/glance/glance/api/middleware/version_negotiation.py:44}}
May 18 14:05:05 ubuntu devstack@g-api.service[133191]: [pid: 133191|app: 0|req: 7/12] 127.0.0.1 () {38 vars in 695 bytes} [Wed May 18 14:05:05 2022] GET /versions => generated 1213 bytes in 6 msecs (HTTP/1.1 200) 3 headers in 92 bytes (1 switches on core 0)
May 18 14:05:05 ubuntu devstack@g-api.service[133192]: DEBUG glance.api.middleware.version_negotiation [None req-c81180ed-79c1-4135-a03a-6e7513695759 admin admin] Determining version of request: GET /v2/schemas/image Accept: */* {{(pid=133192) process_request /opt/stack/glance/glance/api/middleware/version_negotiation.py:44}}
May 18 14:05:05 ubuntu devstack@g-api.service[133192]: DEBUG glance.api.middleware.version_negotiation [None req-c81180ed-79c1-4135-a03a-6e7513695759 admin admin] Using url versioning {{(pid=133192) process_request /opt/stack/glance/glance/api/middleware/version_negotiation.py:57}}
May 18 14:05:05 ubuntu devstack@g-api.service[133192]: DEBUG glance.api.middleware.version_negotiation [None req-c81180ed-79c1-4135-a03a-6e7513695759 admin admin] Matched version: v2 {{(pid=133192) process_request /opt/stack/glance/glance/api/middleware/version_negotiation.py:69}}
May 18 14:05:05 ubuntu devstack@g-api.service[133192]: DEBUG glance.api.middleware.version_negotiation [None req-c81180ed-79c1-4135-a03a-6e7513695759 admin admin] new path /v2/schemas/image {{(pid=133192) process_request /opt/stack/glance/glance/api/middleware/version_negotiation.py:70}}
May 18 14:05:05 ubuntu devstack@g-api.service[133192]: [pid: 133192|app: 0|req: 6/13] 127.0.0.1 () {38 vars in 711 bytes} [Wed May 18 14:05:05 2022] GET /v2/schemas/image => generated 6083 bytes in 125 msecs (HTTP/1.1 200) 4 headers in 158 bytes (1 switches on core 0)
May 18 14:05:05 ubuntu devstack@g-api.service[133191]: DEBUG glance.api.middleware.version_negotiation [None req-0573cfa7-53a9-4270-b8da-e1691b92bdb3 admin admin] Determining version of request: GET /v2/schemas/metadefs/namespace Accept: */* {{(pid=133191) process_request /opt/stack/glance/glance/api/middleware/version_negotiation.py:44}}
May 18 14:05:05 ubuntu devstack@g-api.service[133191]: DEBUG glance.api.middleware.version_negotiation [None req-0573cfa7-53a9-4270-b8da-e1691b92bdb3 admin admin] Using url versioning {{(pid=133191) process_request /opt/stack/glance/glance/api/middleware/version_negotiation.py:57}}
May 18 14:05:05 ubuntu devstack@g-api.service[133191]: DEBUG glance.api.middleware.version_negotiation [None req-0573cfa7-53a9-4270-b8da-e1691b92bdb3 admin admin] Matched version: v2 {{(pid=133191) process_request /opt/stack/glance/glance/api/middleware/version_negotiation.py:69}}
May 18 14:05:05 ubuntu devstack@g-api.service[133191]: DEBUG glance.api.middleware.version_negotiation [None req-0573cfa7-53a9-4270-b8da-e1691b92bdb3 admin admin] new path /v2/schemas/metadefs/namespace {{(pid=133191) process_request /opt/stack/glance/glance/api/middleware/version_negotiation.py:70}}
May 18 14:05:05 ubuntu devstack@g-api.service[133191]: [pid: 133191|app: 0|req: 8/14] 127.0.0.1 () {38 vars in 737 bytes} [Wed May 18 14:05:05 2022] GET /v2/schemas/metadefs/namespace => generated 3100 bytes in 9 msecs (HTTP/1.1 200) 4 headers in 158 bytes (1 switches on core 0)
May 18 14:05:05 ubuntu devstack@g-api.service[133192]: DEBUG glance.api.middleware.version_negotiation [None req-8858cd44-b58d-44bf-8d53-96989380fd7f admin admin] Determining version of request: GET /v2/schemas/metadefs/resource_type Accept: */* {{(pid=133192) process_request /opt/stack/glance/glance/api/middleware/version_negotiation.py:44}}
May 18 14:05:05 ubuntu devstack@g-api.service[133192]: DEBUG glance.api.middleware.version_negotiation [None req-8858cd44-b58d-44bf-8d53-96989380fd7f admin admin] Using url versioning {{(pid=133192) process_request /opt/stack/glance/glance/api/middleware/version_negotiation.py:57}}
May 18 14:05:05 ubuntu devstack@g-api.service[133192]: DEBUG glance.api.middleware.version_negotiation [None req-8858cd44-b58d-44bf-8d53-96989380fd7f admin admin] Matched version: v2 {{(pid=133192) process_request /opt/stack/glance/glance/api/middleware/version_negotiation.py:69}}
May 18 14:05:05 ubuntu devstack@g-api.service[133192]: DEBUG glance.api.middleware.version_negotiation [None req-8858cd44-b58d-44bf-8d53-96989380fd7f admin admin] new path /v2/schemas/metadefs/resource_type {{(pid=133192) process_request /opt/stack/glance/glance/api/middleware/version_negotiation.py:70}}
May 18 14:05:05 ubuntu devstack@g-api.service[133192]: [pid: 133192|app: 0|req: 7/15] 127.0.0.1 () {38 vars in 745 bytes} [Wed May 18 14:05:05 2022] GET /v2/schemas/metadefs/resource_type => generated 1262 bytes in 7 msecs (HTTP/1.1 200) 4 headers in 158 bytes (1 switches on core 0)
May 18 14:05:05 ubuntu devstack@g-api.service[133191]: DEBUG glance.api.middleware.version_negotiation [None req-8fc92a32-fa26-4087-9a6e-c9a00b3b9db0 admin admin] Determining version of request: GET /v2/images Accept: */* {{(pid=133191) process_request /opt/stack/glance/glance/api/middleware/version_negotiation.py:44}}
May 18 14:05:05 ubuntu devstack@g-api.service[133191]: DEBUG glance.api.middleware.version_negotiation [None req-8fc92a32-fa26-4087-9a6e-c9a00b3b9db0 admin admin] Using url versioning {{(pid=133191) process_request /opt/stack/glance/glance/api/middleware/version_negotiation.py:57}}
May 18 14:05:05 ubuntu devstack@g-api.service[133191]: DEBUG glance.api.middleware.version_negotiation [None req-8fc92a32-fa26-4087-9a6e-c9a00b3b9db0 admin admin] Matched version: v2 {{(pid=133191) process_request /opt/stack/glance/glance/api/middleware/version_negotiation.py:69}}
May 18 14:05:05 ubuntu devstack@g-api.service[133191]: DEBUG glance.api.middleware.version_negotiation [None req-8fc92a32-fa26-4087-9a6e-c9a00b3b9db0 admin admin] new path /v2/images {{(pid=133191) process_request /opt/stack/glance/glance/api/middleware/version_negotiation.py:70}}
May 18 14:05:05 ubuntu devstack@g-api.service[133191]: [pid: 133191|app: 0|req: 9/16] 127.0.0.1 () {38 vars in 768 bytes} [Wed May 18 14:05:05 2022] GET /v2/images?limit=20&sort_key=name&sort_dir=asc => generated 1081 bytes in 93 msecs (HTTP/1.1 200) 4 headers in 158 bytes (1 switches on core 0)
May 18 14:05:05 ubuntu devstack@g-api.service[133192]: DEBUG glance.api.middleware.version_negotiation [None req-d8f03146-1d80-4845-bf65-9aec58940b9e admin admin] Determining version of request: GET /v2/schemas/image Accept: */* {{(pid=133192) process_request /opt/stack/glance/glance/api/middleware/version_negotiation.py:44}}
May 18 14:05:05 ubuntu devstack@g-api.service[133192]: DEBUG glance.api.middleware.version_negotiation [None req-d8f03146-1d80-4845-bf65-9aec58940b9e admin admin] Using url versioning {{(pid=133192) process_request /opt/stack/glance/glance/api/middleware/version_negotiation.py:57}}
May 18 14:05:05 ubuntu devstack@g-api.service[133192]: DEBUG glance.api.middleware.version_negotiation [None req-d8f03146-1d80-4845-bf65-9aec58940b9e admin admin] Matched version: v2 {{(pid=133192) process_request /opt/stack/glance/glance/api/middleware/version_negotiation.py:69}}
May 18 14:05:05 ubuntu devstack@g-api.service[133192]: DEBUG glance.api.middleware.version_negotiation [None req-d8f03146-1d80-4845-bf65-9aec58940b9e admin admin] new path /v2/schemas/image {{(pid=133192) process_request /opt/stack/glance/glance/api/middleware/version_negotiation.py:70}}
May 18 14:05:05 ubuntu devstack@g-api.service[133192]: [pid: 133192|app: 0|req: 8/17] 127.0.0.1 () {38 vars in 711 bytes} [Wed May 18 14:05:05 2022] GET /v2/schemas/image => generated 6083 bytes in 8 msecs (HTTP/1.1 200) 4 headers in 158 bytes (1 switches on core 0)
May 18 14:05:15 ubuntu devstack@g-api.service[133191]: DEBUG glance.api.middleware.version_negotiation [None req-7aa48653-2642-463b-8c34-ffd84a615fbe admin admin] Determining version of request: GET / Accept: application/json {{(pid=133191) process_request /opt/stack/glance/glance/api/middleware/version_negotiation.py:44}}
May 18 14:05:15 ubuntu devstack@g-api.service[133191]: DEBUG glance.api.middleware.version_negotiation [None req-7aa48653-2642-463b-8c34-ffd84a615fbe admin admin] Using url versioning {{(pid=133191) process_request /opt/stack/glance/glance/api/middleware/version_negotiation.py:57}}
May 18 14:05:15 ubuntu devstack@g-api.service[133191]: DEBUG glance.api.middleware.version_negotiation [None req-7aa48653-2642-463b-8c34-ffd84a615fbe admin admin] Unknown version. Returning version choices. {{(pid=133191) process_request /opt/stack/glance/glance/api/middleware/version_negotiation.py:64}}
May 18 14:05:15 ubuntu devstack@g-api.service[133191]: [pid: 133191|app: 0|req: 10/18] 127.0.0.1 () {34 vars in 492 bytes} [Wed May 18 14:05:15 2022] GET / => generated 1213 bytes in 5 msecs (HTTP/1.1 300) 3 headers in 106 bytes (1 switches on core 0)
May 18 14:05:15 ubuntu devstack@g-api.service[133192]: DEBUG glance.api.middleware.version_negotiation [None req-9cbd15e5-b67b-4dc3-9c5e-7a7c451e75cf admin admin] Determining version of request: GET /v2/images/a7139562-2a61-404a-b49b-c2205f332f9d Accept: */* {{(pid=133192) process_request /opt/stack/glance/glance/api/middleware/version_negotiation.py:44}}
May 18 14:05:15 ubuntu devstack@g-api.service[133192]: DEBUG glance.api.middleware.version_negotiation [None req-9cbd15e5-b67b-4dc3-9c5e-7a7c451e75cf admin admin] Using url versioning {{(pid=133192) process_request /opt/stack/glance/glance/api/middleware/version_negotiation.py:57}}
May 18 14:05:15 ubuntu devstack@g-api.service[133192]: DEBUG glance.api.middleware.version_negotiation [None req-9cbd15e5-b67b-4dc3-9c5e-7a7c451e75cf admin admin] Matched version: v2 {{(pid=133192) process_request /opt/stack/glance/glance/api/middleware/version_negotiation.py:69}}
May 18 14:05:15 ubuntu devstack@g-api.service[133192]: DEBUG glance.api.middleware.version_negotiation [None req-9cbd15e5-b67b-4dc3-9c5e-7a7c451e75cf admin admin] new path /v2/images/a7139562-2a61-404a-b49b-c2205f332f9d {{(pid=133192) process_request /opt/stack/glance/glance/api/middleware/version_negotiation.py:70}}
May 18 14:05:15 ubuntu devstack@g-api.service[133192]: WARNING keystonemiddleware.auth_token [None req-9cbd15e5-b67b-4dc3-9c5e-7a7c451e75cf admin admin] A valid token was submitted as a service token, but it was not a valid service token. This is incorrect but backwards compatible behaviour. This will be removed in future releases.
May 18 14:05:15 ubuntu devstack@g-api.service[133191]: DEBUG dbcounter [-] [133191] Writing DB stats glance:SELECT=2 {{(pid=133191) stat_writer /usr/local/lib/python3.8/dist-packages/dbcounter.py:114}}
May 18 14:05:15 ubuntu devstack@g-api.service[133192]: [pid: 133192|app: 0|req: 9/19] 127.0.0.1 () {42 vars in 1049 bytes} [Wed May 18 14:05:15 2022] GET /v2/images/a7139562-2a61-404a-b49b-c2205f332f9d => generated 976 bytes in 127 msecs (HTTP/1.1 200) 4 headers in 157 bytes (1 switches on core 0)
May 18 14:05:15 ubuntu devstack@g-api.service[133191]: DEBUG glance.api.middleware.version_negotiation [None req-7aa48653-2642-463b-8c34-ffd84a615fbe admin admin] Determining version of request: GET /v2/schemas/image Accept: */* {{(pid=133191) process_request /opt/stack/glance/glance/api/middleware/version_negotiation.py:44}}
May 18 14:05:15 ubuntu devstack@g-api.service[133191]: DEBUG glance.api.middleware.version_negotiation [None req-7aa48653-2642-463b-8c34-ffd84a615fbe admin admin] Using url versioning {{(pid=133191) process_request /opt/stack/glance/glance/api/middleware/version_negotiation.py:57}}
May 18 14:05:15 ubuntu devstack@g-api.service[133191]: DEBUG glance.api.middleware.version_negotiation [None req-7aa48653-2642-463b-8c34-ffd84a615fbe admin admin] Matched version: v2 {{(pid=133191) process_request /opt/stack/glance/glance/api/middleware/version_negotiation.py:69}}
May 18 14:05:15 ubuntu devstack@g-api.service[133191]: DEBUG glance.api.middleware.version_negotiation [None req-7aa48653-2642-463b-8c34-ffd84a615fbe admin admin] new path /v2/schemas/image {{(pid=133191) process_request /opt/stack/glance/glance/api/middleware/version_negotiation.py:70}}
May 18 14:05:15 ubuntu devstack@g-api.service[133191]: WARNING keystonemiddleware.auth_token [None req-7aa48653-2642-463b-8c34-ffd84a615fbe admin admin] A valid token was submitted as a service token, but it was not a valid service token. This is incorrect but backwards compatible behaviour. This will be removed in future releases.
May 18 14:05:15 ubuntu devstack@g-api.service[133191]: [pid: 133191|app: 0|req: 11/20] 127.0.0.1 () {42 vars in 989 bytes} [Wed May 18 14:05:15 2022] GET /v2/schemas/image => generated 6083 bytes in 9 msecs (HTTP/1.1 200) 4 headers in 158 bytes (1 switches on core 0)
May 18 14:05:18 ubuntu devstack@g-api.service[133192]: DEBUG glance.api.middleware.version_negotiation [None req-1f8f8548-81c5-4d94-a128-fea505e379ee tempest-VolumesAdminNegativeTest-1683901571 tempest-VolumesAdminNegativeTest-1683901571-project] Determining version of request: GET /v2/images/a7139562-2a61-404a-b49b-c2205f332f9d Accept: */* {{(pid=133192) process_request /opt/stack/glance/glance/api/middleware/version_negotiation.py:44}}
May 18 14:05:18 ubuntu devstack@g-api.service[133192]: DEBUG glance.api.middleware.version_negotiation [None req-1f8f8548-81c5-4d94-a128-fea505e379ee tempest-VolumesAdminNegativeTest-1683901571 tempest-VolumesAdminNegativeTest-1683901571-project] Using url versioning {{(pid=133192) process_request /opt/stack/glance/glance/api/middleware/version_negotiation.py:57}}
May 18 14:05:18 ubuntu devstack@g-api.service[133192]: DEBUG glance.api.middleware.version_negotiation [None req-1f8f8548-81c5-4d94-a128-fea505e379ee tempest-VolumesAdminNegativeTest-1683901571 tempest-VolumesAdminNegativeTest-1683901571-project] Matched version: v2 {{(pid=133192) process_request /opt/stack/glance/glance/api/middleware/version_negotiation.py:69}}
May 18 14:05:18 ubuntu devstack@g-api.service[133192]: DEBUG glance.api.middleware.version_negotiation [None req-1f8f8548-81c5-4d94-a128-fea505e379ee tempest-VolumesAdminNegativeTest-1683901571 tempest-VolumesAdminNegativeTest-1683901571-project] new path /v2/images/a7139562-2a61-404a-b49b-c2205f332f9d {{(pid=133192) process_request /opt/stack/glance/glance/api/middleware/version_negotiation.py:70}}
May 18 14:05:18 ubuntu devstack@g-api.service[133192]: [pid: 133192|app: 0|req: 10/21] 127.0.0.1 () {42 vars in 1049 bytes} [Wed May 18 14:05:18 2022] GET /v2/images/a7139562-2a61-404a-b49b-c2205f332f9d => generated 976 bytes in 18 msecs (HTTP/1.1 200) 4 headers in 157 bytes (1 switches on core 0)
May 18 14:05:18 ubuntu devstack@g-api.service[133191]: DEBUG glance.api.middleware.version_negotiation [None req-1f8f8548-81c5-4d94-a128-fea505e379ee tempest-VolumesAdminNegativeTest-1683901571 tempest-VolumesAdminNegativeTest-1683901571-project] Determining version of request: GET /v2/images/a7139562-2a61-404a-b49b-c2205f332f9d/file Accept: */* {{(pid=133191) process_request /opt/stack/glance/glance/api/middleware/version_negotiation.py:44}}
May 18 14:05:18 ubuntu devstack@g-api.service[133191]: DEBUG glance.api.middleware.version_negotiation [None req-1f8f8548-81c5-4d94-a128-fea505e379ee tempest-VolumesAdminNegativeTest-1683901571 tempest-VolumesAdminNegativeTest-1683901571-project] Using url versioning {{(pid=133191) process_request /opt/stack/glance/glance/api/middleware/version_negotiation.py:57}}
May 18 14:05:18 ubuntu devstack@g-api.service[133191]: DEBUG glance.api.middleware.version_negotiation [None req-1f8f8548-81c5-4d94-a128-fea505e379ee tempest-VolumesAdminNegativeTest-1683901571 tempest-VolumesAdminNegativeTest-1683901571-project] Matched version: v2 {{(pid=133191) process_request /opt/stack/glance/glance/api/middleware/version_negotiation.py:69}}
May 18 14:05:18 ubuntu devstack@g-api.service[133191]: DEBUG glance.api.middleware.version_negotiation [None req-1f8f8548-81c5-4d94-a128-fea505e379ee tempest-VolumesAdminNegativeTest-1683901571 tempest-VolumesAdminNegativeTest-1683901571-project] new path /v2/images/a7139562-2a61-404a-b49b-c2205f332f9d/file {{(pid=133191) process_request /opt/stack/glance/glance/api/middleware/version_negotiation.py:70}}
May 18 14:05:18 ubuntu devstack@g-api.service[133191]: DEBUG glance_store.backend [None req-1f8f8548-81c5-4d94-a128-fea505e379ee tempest-VolumesAdminNegativeTest-1683901571 tempest-VolumesAdminNegativeTest-1683901571-project] Attempting to import store swift {{(pid=133191) _load_store /usr/local/lib/python3.8/dist-packages/glance_store/backend.py:217}}
May 18 14:05:18 ubuntu devstack@g-api.service[133191]: DEBUG glance_store.capabilities [None req-1f8f8548-81c5-4d94-a128-fea505e379ee tempest-VolumesAdminNegativeTest-1683901571 tempest-VolumesAdminNegativeTest-1683901571-project] Store glance_store._drivers.swift.store.SingleTenantStore doesn't support updating dynamic storage capabilities. Please overwrite 'update_capabilities' method of the store to implement updating logics if needed. {{(pid=133191) update_capabilities /usr/local/lib/python3.8/dist-packages/glance_store/capabilities.py:91}}
May 18 14:05:18 ubuntu devstack@g-api.service[133191]: DEBUG glance_store.driver [None req-1f8f8548-81c5-4d94-a128-fea505e379ee tempest-VolumesAdminNegativeTest-1683901571 tempest-VolumesAdminNegativeTest-1683901571-project] Late loading location class glance_store._drivers.swift.store.StoreLocation {{(pid=133191) get_store_location_class /usr/local/lib/python3.8/dist-packages/glance_store/driver.py:117}}
May 18 14:05:18 ubuntu devstack@g-api.service[133191]: DEBUG glance_store.location [None req-1f8f8548-81c5-4d94-a128-fea505e379ee tempest-VolumesAdminNegativeTest-1683901571 tempest-VolumesAdminNegativeTest-1683901571-project] Registering scheme swift+https with {'store': <glance_store._drivers.swift.store.SingleTenantStore object at 0x7f2f056ff250>, 'location_class': <class 'glance_store._drivers.swift.store.StoreLocation'>, 'store_entry': 'swift'} {{(pid=133191) register_scheme_map /usr/local/lib/python3.8/dist-packages/glance_store/location.py:146}}
May 18 14:05:18 ubuntu devstack@g-api.service[133191]: DEBUG glance_store.location [None req-1f8f8548-81c5-4d94-a128-fea505e379ee tempest-VolumesAdminNegativeTest-1683901571 tempest-VolumesAdminNegativeTest-1683901571-project] Registering scheme swift+https with {'store': <glance_store._drivers.swift.store.SingleTenantStore object at 0x7f2f056ff250>, 'location_class': <class 'glance_store._drivers.swift.store.StoreLocation'>, 'store_entry': 'swift'} {{(pid=133191) register_scheme_map /usr/local/lib/python3.8/dist-packages/glance_store/location.py:146}}
May 18 14:05:18 ubuntu devstack@g-api.service[133191]: DEBUG glance_store.location [None req-1f8f8548-81c5-4d94-a128-fea505e379ee tempest-VolumesAdminNegativeTest-1683901571 tempest-VolumesAdminNegativeTest-1683901571-project] Registering scheme swift with {'store': <glance_store._drivers.swift.store.SingleTenantStore object at 0x7f2f056ff250>, 'location_class': <class 'glance_store._drivers.swift.store.StoreLocation'>, 'store_entry': 'swift'} {{(pid=133191) register_scheme_map /usr/local/lib/python3.8/dist-packages/glance_store/location.py:146}}
May 18 14:05:18 ubuntu devstack@g-api.service[133191]: DEBUG glance_store.location [None req-1f8f8548-81c5-4d94-a128-fea505e379ee tempest-VolumesAdminNegativeTest-1683901571 tempest-VolumesAdminNegativeTest-1683901571-project] Registering scheme swift+https with {'store': <glance_store._drivers.swift.store.SingleTenantStore object at 0x7f2f056ff250>, 'location_class': <class 'glance_store._drivers.swift.store.StoreLocation'>, 'store_entry': 'swift'} {{(pid=133191) register_scheme_map /usr/local/lib/python3.8/dist-packages/glance_store/location.py:146}}
May 18 14:05:18 ubuntu devstack@g-api.service[133191]: DEBUG glance_store.location [None req-1f8f8548-81c5-4d94-a128-fea505e379ee tempest-VolumesAdminNegativeTest-1683901571 tempest-VolumesAdminNegativeTest-1683901571-project] Registering scheme swift with {'store': <glance_store._drivers.swift.store.SingleTenantStore object at 0x7f2f056ff250>, 'location_class': <class 'glance_store._drivers.swift.store.StoreLocation'>, 'store_entry': 'swift'} {{(pid=133191) register_scheme_map /usr/local/lib/python3.8/dist-packages/glance_store/location.py:146}}
May 18 14:05:18 ubuntu devstack@g-api.service[133191]: DEBUG glance_store.location [None req-1f8f8548-81c5-4d94-a128-fea505e379ee tempest-VolumesAdminNegativeTest-1683901571 tempest-VolumesAdminNegativeTest-1683901571-project] Registering scheme swift+http with {'store': <glance_store._drivers.swift.store.SingleTenantStore object at 0x7f2f056ff250>, 'location_class': <class 'glance_store._drivers.swift.store.StoreLocation'>, 'store_entry': 'swift'} {{(pid=133191) register_scheme_map /usr/local/lib/python3.8/dist-packages/glance_store/location.py:146}}
May 18 14:05:18 ubuntu devstack@g-api.service[133191]: DEBUG glance_store.location [None req-1f8f8548-81c5-4d94-a128-fea505e379ee tempest-VolumesAdminNegativeTest-1683901571 tempest-VolumesAdminNegativeTest-1683901571-project] Registering scheme swift+https with {'store': <glance_store._drivers.swift.store.SingleTenantStore object at 0x7f2f056ff250>, 'location_class': <class 'glance_store._drivers.swift.store.StoreLocation'>, 'store_entry': 'swift'} {{(pid=133191) register_scheme_map /usr/local/lib/python3.8/dist-packages/glance_store/location.py:146}}
May 18 14:05:18 ubuntu devstack@g-api.service[133191]: DEBUG glance_store.location [None req-1f8f8548-81c5-4d94-a128-fea505e379ee tempest-VolumesAdminNegativeTest-1683901571 tempest-VolumesAdminNegativeTest-1683901571-project] Registering scheme swift with {'store': <glance_store._drivers.swift.store.SingleTenantStore object at 0x7f2f056ff250>, 'location_class': <class 'glance_store._drivers.swift.store.StoreLocation'>, 'store_entry': 'swift'} {{(pid=133191) register_scheme_map /usr/local/lib/python3.8/dist-packages/glance_store/location.py:146}}
May 18 14:05:18 ubuntu devstack@g-api.service[133191]: DEBUG glance_store.location [None req-1f8f8548-81c5-4d94-a128-fea505e379ee tempest-VolumesAdminNegativeTest-1683901571 tempest-VolumesAdminNegativeTest-1683901571-project] Registering scheme swift+http with {'store': <glance_store._drivers.swift.store.SingleTenantStore object at 0x7f2f056ff250>, 'location_class': <class 'glance_store._drivers.swift.store.StoreLocation'>, 'store_entry': 'swift'} {{(pid=133191) register_scheme_map /usr/local/lib/python3.8/dist-packages/glance_store/location.py:146}}
May 18 14:05:18 ubuntu devstack@g-api.service[133191]: DEBUG glance_store.location [None req-1f8f8548-81c5-4d94-a128-fea505e379ee tempest-VolumesAdminNegativeTest-1683901571 tempest-VolumesAdminNegativeTest-1683901571-project] Registering scheme swift+config with {'store': <glance_store._drivers.swift.store.SingleTenantStore object at 0x7f2f056ff250>, 'location_class': <class 'glance_store._drivers.swift.store.StoreLocation'>, 'store_entry': 'swift'} {{(pid=133191) register_scheme_map /usr/local/lib/python3.8/dist-packages/glance_store/location.py:146}}
May 18 14:05:18 ubuntu devstack@g-api.service[133191]: DEBUG swiftclient [None req-1f8f8548-81c5-4d94-a128-fea505e379ee tempest-VolumesAdminNegativeTest-1683901571 tempest-VolumesAdminNegativeTest-1683901571-project] REQ: curl -i http://192.168.79.37:8080/v1/AUTH_8a80cf68ffb7455090dde46afbdf0af5/glance/a7139562-2a61-404a-b49b-c2205f332f9d -X GET -H "X-Auth-Token: gAAAAABihP0e-L5V..." {{(pid=133191) http_log /usr/local/lib/python3.8/dist-packages/swiftclient/client.py:187}}
May 18 14:05:18 ubuntu devstack@g-api.service[133191]: DEBUG swiftclient [None req-1f8f8548-81c5-4d94-a128-fea505e379ee tempest-VolumesAdminNegativeTest-1683901571 tempest-VolumesAdminNegativeTest-1683901571-project] RESP STATUS: 200 OK {{(pid=133191) http_log /usr/local/lib/python3.8/dist-packages/swiftclient/client.py:188}}
May 18 14:05:18 ubuntu devstack@g-api.service[133191]: DEBUG swiftclient [None req-1f8f8548-81c5-4d94-a128-fea505e379ee tempest-VolumesAdminNegativeTest-1683901571 tempest-VolumesAdminNegativeTest-1683901571-project] RESP HEADERS: {'Content-Type': 'application/octet-stream', 'Etag': '1d3062cd89af34e419f7100277f38b2b', 'Last-Modified': 'Wed, 18 May 2022 14:00:09 GMT', 'X-Timestamp': '1652882408.60659', 'Accept-Ranges': 'bytes', 'Content-Length': '16338944', 'X-Trans-Id': 'txe420b256fd7d4c5cb1c33-006284fd1e', 'X-Openstack-Request-Id': 'txe420b256fd7d4c5cb1c33-006284fd1e', 'Date': 'Wed, 18 May 2022 14:05:18 GMT'} {{(pid=133191) http_log /usr/local/lib/python3.8/dist-packages/swiftclient/client.py:189}}
May 18 14:05:18 ubuntu devstack@g-api.service[133191]: DEBUG glance.image_cache [None req-1f8f8548-81c5-4d94-a128-fea505e379ee tempest-VolumesAdminNegativeTest-1683901571 tempest-VolumesAdminNegativeTest-1683901571-project] Tee'ing image 'a7139562-2a61-404a-b49b-c2205f332f9d' into cache {{(pid=133191) get_caching_iter /opt/stack/glance/glance/image_cache/__init__.py:343}}
May 18 14:05:18 ubuntu devstack@g-api.service[133191]: DEBUG glance.image_cache.drivers.sqlite [None req-1f8f8548-81c5-4d94-a128-fea505e379ee tempest-VolumesAdminNegativeTest-1683901571 tempest-VolumesAdminNegativeTest-1683901571-project] Fetch finished, moving '/opt/stack/data/glance/cache/incomplete/a7139562-2a61-404a-b49b-c2205f332f9d' to '/opt/stack/data/glance/cache/a7139562-2a61-404a-b49b-c2205f332f9d' {{(pid=133191) commit /opt/stack/glance/glance/image_cache/drivers/sqlite.py:324}}
May 18 14:05:18 ubuntu devstack@g-api.service[133191]: [pid: 133191|app: 0|req: 12/22] 127.0.0.1 () {42 vars in 1059 bytes} [Wed May 18 14:05:18 2022] GET /v2/images/a7139562-2a61-404a-b49b-c2205f332f9d/file => generated 16338944 bytes in 714 msecs (HTTP/1.1 200) 4 headers in 191 bytes (250 switches on core 0)
May 18 14:05:28 ubuntu devstack@g-api.service[133192]: DEBUG dbcounter [-] [133192] Writing DB stats glance:SELECT=8 {{(pid=133192) stat_writer /usr/local/lib/python3.8/dist-packages/dbcounter.py:114}}
May 18 14:05:28 ubuntu devstack@g-api.service[133191]: DEBUG dbcounter [-] [133191] Writing DB stats glance:SELECT=8 {{(pid=133191) stat_writer /usr/local/lib/python3.8/dist-packages/dbcounter.py:114}}
May 18 14:05:54 ubuntu devstack@g-api.service[133192]: DEBUG glance.api.middleware.version_negotiation [None req-1f8f8548-81c5-4d94-a128-fea505e379ee tempest-VolumesAdminNegativeTest-1683901571 tempest-VolumesAdminNegativeTest-1683901571-project] Determining version of request: GET / Accept: application/json {{(pid=133192) process_request /opt/stack/glance/glance/api/middleware/version_negotiation.py:44}}
May 18 14:05:54 ubuntu devstack@g-api.service[133192]: DEBUG glance.api.middleware.version_negotiation [None req-1f8f8548-81c5-4d94-a128-fea505e379ee tempest-VolumesAdminNegativeTest-1683901571 tempest-VolumesAdminNegativeTest-1683901571-project] Using url versioning {{(pid=133192) process_request /opt/stack/glance/glance/api/middleware/version_negotiation.py:57}}
May 18 14:05:54 ubuntu devstack@g-api.service[133192]: DEBUG glance.api.middleware.version_negotiation [None req-1f8f8548-81c5-4d94-a128-fea505e379ee tempest-VolumesAdminNegativeTest-1683901571 tempest-VolumesAdminNegativeTest-1683901571-project] Unknown version. Returning version choices. {{(pid=133192) process_request /opt/stack/glance/glance/api/middleware/version_negotiation.py:64}}
May 18 14:05:54 ubuntu devstack@g-api.service[133192]: [pid: 133192|app: 0|req: 11/23] 127.0.0.1 () {34 vars in 492 bytes} [Wed May 18 14:05:54 2022] GET / => generated 1213 bytes in 5 msecs (HTTP/1.1 300) 3 headers in 106 bytes (1 switches on core 0)
May 18 14:05:54 ubuntu devstack@g-api.service[133191]: DEBUG glance.api.middleware.version_negotiation [None req-1f8f8548-81c5-4d94-a128-fea505e379ee tempest-VolumesAdminNegativeTest-1683901571 tempest-VolumesAdminNegativeTest-1683901571-project] Determining version of request: GET /v2/images/a7139562-2a61-404a-b49b-c2205f332f9d Accept: */* {{(pid=133191) process_request /opt/stack/glance/glance/api/middleware/version_negotiation.py:44}}
May 18 14:05:54 ubuntu devstack@g-api.service[133191]: DEBUG glance.api.middleware.version_negotiation [None req-1f8f8548-81c5-4d94-a128-fea505e379ee tempest-VolumesAdminNegativeTest-1683901571 tempest-VolumesAdminNegativeTest-1683901571-project] Using url versioning {{(pid=133191) process_request /opt/stack/glance/glance/api/middleware/version_negotiation.py:57}}
May 18 14:05:54 ubuntu devstack@g-api.service[133191]: DEBUG glance.api.middleware.version_negotiation [None req-1f8f8548-81c5-4d94-a128-fea505e379ee tempest-VolumesAdminNegativeTest-1683901571 tempest-VolumesAdminNegativeTest-1683901571-project] Matched version: v2 {{(pid=133191) process_request /opt/stack/glance/glance/api/middleware/version_negotiation.py:69}}
May 18 14:05:54 ubuntu devstack@g-api.service[133191]: DEBUG glance.api.middleware.version_negotiation [None req-1f8f8548-81c5-4d94-a128-fea505e379ee tempest-VolumesAdminNegativeTest-1683901571 tempest-VolumesAdminNegativeTest-1683901571-project] new path /v2/images/a7139562-2a61-404a-b49b-c2205f332f9d {{(pid=133191) process_request /opt/stack/glance/glance/api/middleware/version_negotiation.py:70}}
May 18 14:05:54 ubuntu devstack@g-api.service[133191]: [pid: 133191|app: 0|req: 13/24] 127.0.0.1 () {42 vars in 1049 bytes} [Wed May 18 14:05:54 2022] GET /v2/images/a7139562-2a61-404a-b49b-c2205f332f9d => generated 976 bytes in 21 msecs (HTTP/1.1 200) 4 headers in 157 bytes (1 switches on core 0)
May 18 14:05:54 ubuntu devstack@g-api.service[133192]: DEBUG glance.api.middleware.version_negotiation [None req-1f8f8548-81c5-4d94-a128-fea505e379ee tempest-VolumesAdminNegativeTest-1683901571 tempest-VolumesAdminNegativeTest-1683901571-project] Determining version of request: GET /v2/schemas/image Accept: */* {{(pid=133192) process_request /opt/stack/glance/glance/api/middleware/version_negotiation.py:44}}
May 18 14:05:54 ubuntu devstack@g-api.service[133192]: DEBUG glance.api.middleware.version_negotiation [None req-1f8f8548-81c5-4d94-a128-fea505e379ee tempest-VolumesAdminNegativeTest-1683901571 tempest-VolumesAdminNegativeTest-1683901571-project] Using url versioning {{(pid=133192) process_request /opt/stack/glance/glance/api/middleware/version_negotiation.py:57}}
May 18 14:05:54 ubuntu devstack@g-api.service[133192]: DEBUG glance.api.middleware.version_negotiation [None req-1f8f8548-81c5-4d94-a128-fea505e379ee tempest-VolumesAdminNegativeTest-1683901571 tempest-VolumesAdminNegativeTest-1683901571-project] Matched version: v2 {{(pid=133192) process_request /opt/stack/glance/glance/api/middleware/version_negotiation.py:69}}
May 18 14:05:54 ubuntu devstack@g-api.service[133192]: DEBUG glance.api.middleware.version_negotiation [None req-1f8f8548-81c5-4d94-a128-fea505e379ee tempest-VolumesAdminNegativeTest-1683901571 tempest-VolumesAdminNegativeTest-1683901571-project] new path /v2/schemas/image {{(pid=133192) process_request /opt/stack/glance/glance/api/middleware/version_negotiation.py:70}}
May 18 14:05:54 ubuntu devstack@g-api.service[133192]: [pid: 133192|app: 0|req: 12/25] 127.0.0.1 () {42 vars in 989 bytes} [Wed May 18 14:05:54 2022] GET /v2/schemas/image => generated 6083 bytes in 8 msecs (HTTP/1.1 200) 4 headers in 158 bytes (1 switches on core 0)
May 18 14:06:04 ubuntu devstack@g-api.service[133191]: DEBUG dbcounter [-] [133191] Writing DB stats glance:SELECT=4 {{(pid=133191) stat_writer /usr/local/lib/python3.8/dist-packages/dbcounter.py:114}}
May 18 14:06:19 ubuntu devstack@g-api.service[133191]: DEBUG glance.api.middleware.version_negotiation [None req-b66493ae-30c2-40ac-84c2-154c5bb72d3d tempest-DeleteServersTestJSON-163272135 tempest-DeleteServersTestJSON-163272135-project] Determining version of request: GET /v2/images/a7139562-2a61-404a-b49b-c2205f332f9d Accept: */* {{(pid=133191) process_request /opt/stack/glance/glance/api/middleware/version_negotiation.py:44}}
