Jun 07 09:49:47 ubuntu devstack@g-api.service[131356]: DEBUG glance_store.backend [None req-13f557d3-4919-4cbb-901d-4c2010b86a7b admin admin] Attempting to import store swift {{(pid=131356) _load_store /usr/local/lib/python3.8/dist-packages/glance_store/backend.py:217}}
Jun 07 09:49:47 ubuntu devstack@g-api.service[131356]: DEBUG glance_store.capabilities [None req-13f557d3-4919-4cbb-901d-4c2010b86a7b admin admin] Store glance_store._drivers.swift.store.SingleTenantStore doesn't support updating dynamic storage capabilities. Please overwrite 'update_capabilities' method of the store to implement updating logics if needed. {{(pid=131356) update_capabilities /usr/local/lib/python3.8/dist-packages/glance_store/capabilities.py:91}}
Jun 07 09:49:47 ubuntu devstack@g-api.service[131356]: DEBUG glance_store.driver [None req-13f557d3-4919-4cbb-901d-4c2010b86a7b admin admin] Late loading location class glance_store._drivers.swift.store.StoreLocation {{(pid=131356) get_store_location_class /usr/local/lib/python3.8/dist-packages/glance_store/driver.py:117}}
Jun 07 09:49:47 ubuntu devstack@g-api.service[131356]: DEBUG glance_store.location [None req-13f557d3-4919-4cbb-901d-4c2010b86a7b admin admin] Registering scheme swift+https with {'store': <glance_store._drivers.swift.store.SingleTenantStore object at 0x7fa97839bdc0>, 'location_class': <class 'glance_store._drivers.swift.store.StoreLocation'>, 'store_entry': 'swift'} {{(pid=131356) register_scheme_map /usr/local/lib/python3.8/dist-packages/glance_store/location.py:146}}
Jun 07 09:49:47 ubuntu devstack@g-api.service[131356]: DEBUG glance_store.location [None req-13f557d3-4919-4cbb-901d-4c2010b86a7b admin admin] Registering scheme swift+https with {'store': <glance_store._drivers.swift.store.SingleTenantStore object at 0x7fa97839bdc0>, 'location_class': <class 'glance_store._drivers.swift.store.StoreLocation'>, 'store_entry': 'swift'} {{(pid=131356) register_scheme_map /usr/local/lib/python3.8/dist-packages/glance_store/location.py:146}}
Jun 07 09:49:47 ubuntu devstack@g-api.service[131356]: DEBUG glance_store.location [None req-13f557d3-4919-4cbb-901d-4c2010b86a7b admin admin] Registering scheme swift with {'store': <glance_store._drivers.swift.store.SingleTenantStore object at 0x7fa97839bdc0>, 'location_class': <class 'glance_store._drivers.swift.store.StoreLocation'>, 'store_entry': 'swift'} {{(pid=131356) register_scheme_map /usr/local/lib/python3.8/dist-packages/glance_store/location.py:146}}
Jun 07 09:49:47 ubuntu devstack@g-api.service[131356]: DEBUG glance_store.location [None req-13f557d3-4919-4cbb-901d-4c2010b86a7b admin admin] Registering scheme swift+https with {'store': <glance_store._drivers.swift.store.SingleTenantStore object at 0x7fa97839bdc0>, 'location_class': <class 'glance_store._drivers.swift.store.StoreLocation'>, 'store_entry': 'swift'} {{(pid=131356) register_scheme_map /usr/local/lib/python3.8/dist-packages/glance_store/location.py:146}}
Jun 07 09:49:47 ubuntu devstack@g-api.service[131356]: DEBUG glance_store.location [None req-13f557d3-4919-4cbb-901d-4c2010b86a7b admin admin] Registering scheme swift with {'store': <glance_store._drivers.swift.store.SingleTenantStore object at 0x7fa97839bdc0>, 'location_class': <class 'glance_store._drivers.swift.store.StoreLocation'>, 'store_entry': 'swift'} {{(pid=131356) register_scheme_map /usr/local/lib/python3.8/dist-packages/glance_store/location.py:146}}
Jun 07 09:49:47 ubuntu devstack@g-api.service[131356]: DEBUG glance_store.location [None req-13f557d3-4919-4cbb-901d-4c2010b86a7b admin admin] Registering scheme swift+http with {'store': <glance_store._drivers.swift.store.SingleTenantStore object at 0x7fa97839bdc0>, 'location_class': <class 'glance_store._drivers.swift.store.StoreLocation'>, 'store_entry': 'swift'} {{(pid=131356) register_scheme_map /usr/local/lib/python3.8/dist-packages/glance_store/location.py:146}}
Jun 07 09:49:47 ubuntu devstack@g-api.service[131356]: DEBUG glance_store.location [None req-13f557d3-4919-4cbb-901d-4c2010b86a7b admin admin] Registering scheme swift+https with {'store': <glance_store._drivers.swift.store.SingleTenantStore object at 0x7fa97839bdc0>, 'location_class': <class 'glance_store._drivers.swift.store.StoreLocation'>, 'store_entry': 'swift'} {{(pid=131356) register_scheme_map /usr/local/lib/python3.8/dist-packages/glance_store/location.py:146}}
Jun 07 09:49:47 ubuntu devstack@g-api.service[131356]: DEBUG glance_store.location [None req-13f557d3-4919-4cbb-901d-4c2010b86a7b admin admin] Registering scheme swift with {'store': <glance_store._drivers.swift.store.SingleTenantStore object at 0x7fa97839bdc0>, 'location_class': <class 'glance_store._drivers.swift.store.StoreLocation'>, 'store_entry': 'swift'} {{(pid=131356) register_scheme_map /usr/local/lib/python3.8/dist-packages/glance_store/location.py:146}}
Jun 07 09:49:47 ubuntu devstack@g-api.service[131356]: DEBUG glance_store.location [None req-13f557d3-4919-4cbb-901d-4c2010b86a7b admin admin] Registering scheme swift+http with {'store': <glance_store._drivers.swift.store.SingleTenantStore object at 0x7fa97839bdc0>, 'location_class': <class 'glance_store._drivers.swift.store.StoreLocation'>, 'store_entry': 'swift'} {{(pid=131356) register_scheme_map /usr/local/lib/python3.8/dist-packages/glance_store/location.py:146}}
Jun 07 09:49:47 ubuntu devstack@g-api.service[131356]: DEBUG glance_store.location [None req-13f557d3-4919-4cbb-901d-4c2010b86a7b admin admin] Registering scheme swift+config with {'store': <glance_store._drivers.swift.store.SingleTenantStore object at 0x7fa97839bdc0>, 'location_class': <class 'glance_store._drivers.swift.store.StoreLocation'>, 'store_entry': 'swift'} {{(pid=131356) register_scheme_map /usr/local/lib/python3.8/dist-packages/glance_store/location.py:146}}
Jun 07 09:49:47 ubuntu devstack@g-api.service[131356]: DEBUG glance_store.backend [None req-13f557d3-4919-4cbb-901d-4c2010b86a7b admin admin] Skipping store.set_acls... not implemented. {{(pid=131356) set_acls /usr/local/lib/python3.8/dist-packages/glance_store/backend.py:509}}
Jun 07 09:49:47 ubuntu devstack@g-api.service[131356]: [pid: 131356|app: 0|req: 3/4] 127.0.0.1 () {40 vars in 862 bytes} [Tue Jun  7 09:49:45 2022] PUT /v2/images/6750d850-ee0a-4e50-b963-a66fed9a7850/file => generated 0 bytes in 1997 msecs (HTTP/1.1 204) 4 headers in 171 bytes (1 switches on core 0)
Jun 07 09:49:55 ubuntu devstack@g-api.service[131355]: DEBUG dbcounter [-] [131355] Writing DB stats glance:SELECT=9,glance:INSERT=5 {{(pid=131355) stat_writer /usr/local/lib/python3.8/dist-packages/dbcounter.py:114}}
Jun 07 09:49:57 ubuntu devstack@g-api.service[131356]: DEBUG dbcounter [-] [131356] Writing DB stats glance:SELECT=28,glance:UPDATE=2,glance:INSERT=1 {{(pid=131356) stat_writer /usr/local/lib/python3.8/dist-packages/dbcounter.py:114}}
Jun 07 09:50:42 ubuntu devstack@g-api.service[131355]: DEBUG glance.api.middleware.version_negotiation [None req-969dd37c-20d8-4d5b-aa92-d20233a3db9d admin admin] Determining version of request: GET / Accept: application/json {{(pid=131355) process_request /opt/stack/glance/glance/api/middleware/version_negotiation.py:44}}
Jun 07 09:50:42 ubuntu devstack@g-api.service[131355]: DEBUG glance.api.middleware.version_negotiation [None req-969dd37c-20d8-4d5b-aa92-d20233a3db9d admin admin] Using url versioning {{(pid=131355) process_request /opt/stack/glance/glance/api/middleware/version_negotiation.py:57}}
Jun 07 09:50:42 ubuntu devstack@g-api.service[131355]: DEBUG glance.api.middleware.version_negotiation [None req-969dd37c-20d8-4d5b-aa92-d20233a3db9d admin admin] Unknown version. Returning version choices. {{(pid=131355) process_request /opt/stack/glance/glance/api/middleware/version_negotiation.py:64}}
Jun 07 09:50:42 ubuntu devstack@g-api.service[131355]: [pid: 131355|app: 0|req: 2/5] 127.0.0.1 () {34 vars in 506 bytes} [Tue Jun  7 09:50:42 2022] GET / => generated 1323 bytes in 3 msecs (HTTP/1.1 300) 3 headers in 106 bytes (1 switches on core 0)
Jun 07 09:50:42 ubuntu devstack@g-api.service[131356]: DEBUG glance.api.middleware.version_negotiation [None req-13f557d3-4919-4cbb-901d-4c2010b86a7b admin admin] Determining version of request: GET /v2/images Accept: application/json {{(pid=131356) process_request /opt/stack/glance/glance/api/middleware/version_negotiation.py:44}}
Jun 07 09:50:42 ubuntu devstack@g-api.service[131356]: DEBUG glance.api.middleware.version_negotiation [None req-13f557d3-4919-4cbb-901d-4c2010b86a7b admin admin] Using url versioning {{(pid=131356) process_request /opt/stack/glance/glance/api/middleware/version_negotiation.py:57}}
Jun 07 09:50:42 ubuntu devstack@g-api.service[131356]: DEBUG glance.api.middleware.version_negotiation [None req-13f557d3-4919-4cbb-901d-4c2010b86a7b admin admin] Matched version: v2 {{(pid=131356) process_request /opt/stack/glance/glance/api/middleware/version_negotiation.py:69}}
Jun 07 09:50:42 ubuntu devstack@g-api.service[131356]: DEBUG glance.api.middleware.version_negotiation [None req-13f557d3-4919-4cbb-901d-4c2010b86a7b admin admin] new path /v2/images {{(pid=131356) process_request /opt/stack/glance/glance/api/middleware/version_negotiation.py:70}}
Jun 07 09:50:42 ubuntu devstack@g-api.service[131356]: [pid: 131356|app: 0|req: 4/6] 127.0.0.1 () {36 vars in 728 bytes} [Tue Jun  7 09:50:42 2022] GET /v2/images => generated 1045 bytes in 101 msecs (HTTP/1.1 200) 4 headers in 158 bytes (1 switches on core 0)
Jun 07 09:50:47 ubuntu devstack@g-api.service[131355]: DEBUG glance.api.middleware.version_negotiation [None req-969dd37c-20d8-4d5b-aa92-d20233a3db9d admin admin] Determining version of request: GET / Accept: application/json {{(pid=131355) process_request /opt/stack/glance/glance/api/middleware/version_negotiation.py:44}}
Jun 07 09:50:47 ubuntu devstack@g-api.service[131355]: DEBUG glance.api.middleware.version_negotiation [None req-969dd37c-20d8-4d5b-aa92-d20233a3db9d admin admin] Using url versioning {{(pid=131355) process_request /opt/stack/glance/glance/api/middleware/version_negotiation.py:57}}
Jun 07 09:50:47 ubuntu devstack@g-api.service[131355]: DEBUG glance.api.middleware.version_negotiation [None req-969dd37c-20d8-4d5b-aa92-d20233a3db9d admin admin] Unknown version. Returning version choices. {{(pid=131355) process_request /opt/stack/glance/glance/api/middleware/version_negotiation.py:64}}
Jun 07 09:50:47 ubuntu devstack@g-api.service[131355]: [pid: 131355|app: 0|req: 3/7] 127.0.0.1 () {34 vars in 506 bytes} [Tue Jun  7 09:50:47 2022] GET / => generated 1323 bytes in 4 msecs (HTTP/1.1 300) 3 headers in 106 bytes (1 switches on core 0)
Jun 07 09:50:47 ubuntu devstack@g-api.service[131356]: DEBUG glance.api.middleware.version_negotiation [None req-da711ade-dd48-4c65-ac86-e3750d9d426f admin admin] Determining version of request: GET /v2/images/6750d850-ee0a-4e50-b963-a66fed9a7850 Accept: */* {{(pid=131356) process_request /opt/stack/glance/glance/api/middleware/version_negotiation.py:44}}
Jun 07 09:50:47 ubuntu devstack@g-api.service[131356]: DEBUG glance.api.middleware.version_negotiation [None req-da711ade-dd48-4c65-ac86-e3750d9d426f admin admin] Using url versioning {{(pid=131356) process_request /opt/stack/glance/glance/api/middleware/version_negotiation.py:57}}
Jun 07 09:50:47 ubuntu devstack@g-api.service[131356]: DEBUG glance.api.middleware.version_negotiation [None req-da711ade-dd48-4c65-ac86-e3750d9d426f admin admin] Matched version: v2 {{(pid=131356) process_request /opt/stack/glance/glance/api/middleware/version_negotiation.py:69}}
Jun 07 09:50:47 ubuntu devstack@g-api.service[131356]: DEBUG glance.api.middleware.version_negotiation [None req-da711ade-dd48-4c65-ac86-e3750d9d426f admin admin] new path /v2/images/6750d850-ee0a-4e50-b963-a66fed9a7850 {{(pid=131356) process_request /opt/stack/glance/glance/api/middleware/version_negotiation.py:70}}
Jun 07 09:50:47 ubuntu devstack@g-api.service[131356]: [pid: 131356|app: 0|req: 5/8] 127.0.0.1 () {36 vars in 789 bytes} [Tue Jun  7 09:50:47 2022] GET /v2/images/6750d850-ee0a-4e50-b963-a66fed9a7850 => generated 976 bytes in 56 msecs (HTTP/1.1 200) 4 headers in 157 bytes (1 switches on core 0)
Jun 07 09:50:51 ubuntu devstack@g-api.service[131355]: DEBUG glance.api.middleware.version_negotiation [None req-969dd37c-20d8-4d5b-aa92-d20233a3db9d admin admin] Determining version of request: GET / Accept: application/json {{(pid=131355) process_request /opt/stack/glance/glance/api/middleware/version_negotiation.py:44}}
Jun 07 09:50:51 ubuntu devstack@g-api.service[131355]: DEBUG glance.api.middleware.version_negotiation [None req-969dd37c-20d8-4d5b-aa92-d20233a3db9d admin admin] Using url versioning {{(pid=131355) process_request /opt/stack/glance/glance/api/middleware/version_negotiation.py:57}}
Jun 07 09:50:51 ubuntu devstack@g-api.service[131355]: DEBUG glance.api.middleware.version_negotiation [None req-969dd37c-20d8-4d5b-aa92-d20233a3db9d admin admin] Unknown version. Returning version choices. {{(pid=131355) process_request /opt/stack/glance/glance/api/middleware/version_negotiation.py:64}}
Jun 07 09:50:51 ubuntu devstack@g-api.service[131355]: [pid: 131355|app: 0|req: 4/9] 127.0.0.1 () {34 vars in 506 bytes} [Tue Jun  7 09:50:51 2022] GET / => generated 1323 bytes in 2 msecs (HTTP/1.1 300) 3 headers in 106 bytes (1 switches on core 0)
Jun 07 09:50:51 ubuntu devstack@g-api.service[131356]: DEBUG glance.api.middleware.version_negotiation [None req-f1bdb8fd-9647-4720-85ac-8789967d1ff6 admin admin] Determining version of request: GET /v2/images/6750d850-ee0a-4e50-b963-a66fed9a7850 Accept: */* {{(pid=131356) process_request /opt/stack/glance/glance/api/middleware/version_negotiation.py:44}}
Jun 07 09:50:51 ubuntu devstack@g-api.service[131356]: DEBUG glance.api.middleware.version_negotiation [None req-f1bdb8fd-9647-4720-85ac-8789967d1ff6 admin admin] Using url versioning {{(pid=131356) process_request /opt/stack/glance/glance/api/middleware/version_negotiation.py:57}}
Jun 07 09:50:51 ubuntu devstack@g-api.service[131356]: DEBUG glance.api.middleware.version_negotiation [None req-f1bdb8fd-9647-4720-85ac-8789967d1ff6 admin admin] Matched version: v2 {{(pid=131356) process_request /opt/stack/glance/glance/api/middleware/version_negotiation.py:69}}
Jun 07 09:50:51 ubuntu devstack@g-api.service[131356]: DEBUG glance.api.middleware.version_negotiation [None req-f1bdb8fd-9647-4720-85ac-8789967d1ff6 admin admin] new path /v2/images/6750d850-ee0a-4e50-b963-a66fed9a7850 {{(pid=131356) process_request /opt/stack/glance/glance/api/middleware/version_negotiation.py:70}}
Jun 07 09:50:51 ubuntu devstack@g-api.service[131356]: [pid: 131356|app: 0|req: 6/10] 127.0.0.1 () {36 vars in 789 bytes} [Tue Jun  7 09:50:51 2022] GET /v2/images/6750d850-ee0a-4e50-b963-a66fed9a7850 => generated 976 bytes in 67 msecs (HTTP/1.1 200) 4 headers in 157 bytes (1 switches on core 0)
Jun 07 09:51:01 ubuntu devstack@g-api.service[131356]: DEBUG dbcounter [-] [131356] Writing DB stats glance:SELECT=10 {{(pid=131356) stat_writer /usr/local/lib/python3.8/dist-packages/dbcounter.py:114}}
Jun 07 09:53:11 ubuntu devstack@g-api.service[131355]: DEBUG glance.api.middleware.version_negotiation [None req-969dd37c-20d8-4d5b-aa92-d20233a3db9d admin admin] Determining version of request: GET /v1 Accept: application/json {{(pid=131355) process_request /opt/stack/glance/glance/api/middleware/version_negotiation.py:44}}
Jun 07 09:53:11 ubuntu devstack@g-api.service[131355]: DEBUG glance.api.middleware.version_negotiation [None req-969dd37c-20d8-4d5b-aa92-d20233a3db9d admin admin] Using url versioning {{(pid=131355) process_request /opt/stack/glance/glance/api/middleware/version_negotiation.py:57}}
Jun 07 09:53:11 ubuntu devstack@g-api.service[131355]: DEBUG glance.api.middleware.version_negotiation [None req-969dd37c-20d8-4d5b-aa92-d20233a3db9d admin admin] Unknown version. Returning version choices. {{(pid=131355) process_request /opt/stack/glance/glance/api/middleware/version_negotiation.py:64}}
Jun 07 09:53:11 ubuntu devstack@g-api.service[131355]: [pid: 131355|app: 0|req: 5/11] 127.0.0.1 () {38 vars in 685 bytes} [Tue Jun  7 09:53:11 2022] GET /v1 => generated 1323 bytes in 7 msecs (HTTP/1.1 300) 3 headers in 106 bytes (1 switches on core 0)
Jun 07 09:54:29 ubuntu devstack@g-api.service[131356]: DEBUG oslo_concurrency.lockutils [-] Acquired lock "glance-cache" {{(pid=131356) lock /usr/local/lib/python3.8/dist-packages/oslo_concurrency/lockutils.py:294}}
Jun 07 09:54:29 ubuntu devstack@g-api.service[131356]: DEBUG oslo_concurrency.lockutils [-] Acquired external semaphore "glance-cache" {{(pid=131356) lock /usr/local/lib/python3.8/dist-packages/oslo_concurrency/lockutils.py:302}}
Jun 07 09:54:29 ubuntu devstack@g-api.service[131356]: DEBUG glance.image_cache.prefetcher [-] Nothing to prefetch. {{(pid=131356) run /opt/stack/glance/glance/image_cache/prefetcher.py:79}}
Jun 07 09:54:29 ubuntu devstack@g-api.service[131356]: DEBUG oslo_concurrency.lockutils [-] Releasing lock "glance-cache" {{(pid=131356) lock /usr/local/lib/python3.8/dist-packages/oslo_concurrency/lockutils.py:312}}
Jun 07 09:54:29 ubuntu devstack@g-api.service[131355]: DEBUG oslo_concurrency.lockutils [-] Acquired lock "glance-cache" {{(pid=131355) lock /usr/local/lib/python3.8/dist-packages/oslo_concurrency/lockutils.py:294}}
Jun 07 09:54:29 ubuntu devstack@g-api.service[131355]: DEBUG oslo_concurrency.lockutils [-] Acquired external semaphore "glance-cache" {{(pid=131355) lock /usr/local/lib/python3.8/dist-packages/oslo_concurrency/lockutils.py:302}}
Jun 07 09:54:29 ubuntu devstack@g-api.service[131355]: DEBUG glance.image_cache.prefetcher [-] Nothing to prefetch. {{(pid=131355) run /opt/stack/glance/glance/image_cache/prefetcher.py:79}}
Jun 07 09:54:29 ubuntu devstack@g-api.service[131355]: DEBUG oslo_concurrency.lockutils [-] Releasing lock "glance-cache" {{(pid=131355) lock /usr/local/lib/python3.8/dist-packages/oslo_concurrency/lockutils.py:312}}
Jun 07 09:55:34 ubuntu devstack@g-api.service[131356]: DEBUG glance.api.middleware.version_negotiation [None req-5c22ca84-935d-4a05-a072-663d7931144b admin admin] Determining version of request: GET /versions Accept: */* {{(pid=131356) process_request /opt/stack/glance/glance/api/middleware/version_negotiation.py:44}}
Jun 07 09:55:34 ubuntu devstack@g-api.service[131356]: [pid: 131356|app: 0|req: 7/12] 127.0.0.1 () {38 vars in 695 bytes} [Tue Jun  7 09:55:34 2022] GET /versions => generated 1323 bytes in 7 msecs (HTTP/1.1 200) 3 headers in 92 bytes (1 switches on core 0)
Jun 07 09:55:34 ubuntu devstack@g-api.service[131355]: DEBUG glance.api.middleware.version_negotiation [None req-969dd37c-20d8-4d5b-aa92-d20233a3db9d admin admin] Determining version of request: GET /v2/schemas/image Accept: */* {{(pid=131355) process_request /opt/stack/glance/glance/api/middleware/version_negotiation.py:44}}
Jun 07 09:55:34 ubuntu devstack@g-api.service[131355]: DEBUG glance.api.middleware.version_negotiation [None req-969dd37c-20d8-4d5b-aa92-d20233a3db9d admin admin] Using url versioning {{(pid=131355) process_request /opt/stack/glance/glance/api/middleware/version_negotiation.py:57}}
Jun 07 09:55:34 ubuntu devstack@g-api.service[131355]: DEBUG glance.api.middleware.version_negotiation [None req-969dd37c-20d8-4d5b-aa92-d20233a3db9d admin admin] Matched version: v2 {{(pid=131355) process_request /opt/stack/glance/glance/api/middleware/version_negotiation.py:69}}
Jun 07 09:55:34 ubuntu devstack@g-api.service[131355]: DEBUG glance.api.middleware.version_negotiation [None req-969dd37c-20d8-4d5b-aa92-d20233a3db9d admin admin] new path /v2/schemas/image {{(pid=131355) process_request /opt/stack/glance/glance/api/middleware/version_negotiation.py:70}}
Jun 07 09:55:34 ubuntu devstack@g-api.service[131355]: [pid: 131355|app: 0|req: 6/13] 127.0.0.1 () {38 vars in 711 bytes} [Tue Jun  7 09:55:34 2022] GET /v2/schemas/image => generated 6083 bytes in 142 msecs (HTTP/1.1 200) 4 headers in 158 bytes (1 switches on core 0)
Jun 07 09:55:34 ubuntu devstack@g-api.service[131356]: DEBUG glance.api.middleware.version_negotiation [None req-5c22ca84-935d-4a05-a072-663d7931144b admin admin] Determining version of request: GET /v2/schemas/metadefs/namespace Accept: */* {{(pid=131356) process_request /opt/stack/glance/glance/api/middleware/version_negotiation.py:44}}
Jun 07 09:55:34 ubuntu devstack@g-api.service[131356]: DEBUG glance.api.middleware.version_negotiation [None req-5c22ca84-935d-4a05-a072-663d7931144b admin admin] Using url versioning {{(pid=131356) process_request /opt/stack/glance/glance/api/middleware/version_negotiation.py:57}}
Jun 07 09:55:34 ubuntu devstack@g-api.service[131356]: DEBUG glance.api.middleware.version_negotiation [None req-5c22ca84-935d-4a05-a072-663d7931144b admin admin] Matched version: v2 {{(pid=131356) process_request /opt/stack/glance/glance/api/middleware/version_negotiation.py:69}}
Jun 07 09:55:34 ubuntu devstack@g-api.service[131356]: DEBUG glance.api.middleware.version_negotiation [None req-5c22ca84-935d-4a05-a072-663d7931144b admin admin] new path /v2/schemas/metadefs/namespace {{(pid=131356) process_request /opt/stack/glance/glance/api/middleware/version_negotiation.py:70}}
Jun 07 09:55:34 ubuntu devstack@g-api.service[131356]: [pid: 131356|app: 0|req: 8/14] 127.0.0.1 () {38 vars in 737 bytes} [Tue Jun  7 09:55:34 2022] GET /v2/schemas/metadefs/namespace => generated 3100 bytes in 10 msecs (HTTP/1.1 200) 4 headers in 158 bytes (1 switches on core 0)
Jun 07 09:55:34 ubuntu devstack@g-api.service[131355]: DEBUG glance.api.middleware.version_negotiation [None req-3f53265b-7f9a-4fbe-a917-b1ef1a5a7b1d admin admin] Determining version of request: GET /v2/schemas/metadefs/resource_type Accept: */* {{(pid=131355) process_request /opt/stack/glance/glance/api/middleware/version_negotiation.py:44}}
Jun 07 09:55:34 ubuntu devstack@g-api.service[131355]: DEBUG glance.api.middleware.version_negotiation [None req-3f53265b-7f9a-4fbe-a917-b1ef1a5a7b1d admin admin] Using url versioning {{(pid=131355) process_request /opt/stack/glance/glance/api/middleware/version_negotiation.py:57}}
Jun 07 09:55:34 ubuntu devstack@g-api.service[131355]: DEBUG glance.api.middleware.version_negotiation [None req-3f53265b-7f9a-4fbe-a917-b1ef1a5a7b1d admin admin] Matched version: v2 {{(pid=131355) process_request /opt/stack/glance/glance/api/middleware/version_negotiation.py:69}}
Jun 07 09:55:34 ubuntu devstack@g-api.service[131355]: DEBUG glance.api.middleware.version_negotiation [None req-3f53265b-7f9a-4fbe-a917-b1ef1a5a7b1d admin admin] new path /v2/schemas/metadefs/resource_type {{(pid=131355) process_request /opt/stack/glance/glance/api/middleware/version_negotiation.py:70}}
Jun 07 09:55:34 ubuntu devstack@g-api.service[131355]: [pid: 131355|app: 0|req: 7/15] 127.0.0.1 () {38 vars in 745 bytes} [Tue Jun  7 09:55:34 2022] GET /v2/schemas/metadefs/resource_type => generated 1262 bytes in 6 msecs (HTTP/1.1 200) 4 headers in 158 bytes (1 switches on core 0)
Jun 07 09:55:34 ubuntu devstack@g-api.service[131356]: DEBUG glance.api.middleware.version_negotiation [None req-26f9bc9a-3e8d-4746-9034-0cd9478e8182 admin admin] Determining version of request: GET /v2/images Accept: */* {{(pid=131356) process_request /opt/stack/glance/glance/api/middleware/version_negotiation.py:44}}
Jun 07 09:55:34 ubuntu devstack@g-api.service[131356]: DEBUG glance.api.middleware.version_negotiation [None req-26f9bc9a-3e8d-4746-9034-0cd9478e8182 admin admin] Using url versioning {{(pid=131356) process_request /opt/stack/glance/glance/api/middleware/version_negotiation.py:57}}
Jun 07 09:55:34 ubuntu devstack@g-api.service[131356]: DEBUG glance.api.middleware.version_negotiation [None req-26f9bc9a-3e8d-4746-9034-0cd9478e8182 admin admin] Matched version: v2 {{(pid=131356) process_request /opt/stack/glance/glance/api/middleware/version_negotiation.py:69}}
Jun 07 09:55:34 ubuntu devstack@g-api.service[131356]: DEBUG glance.api.middleware.version_negotiation [None req-26f9bc9a-3e8d-4746-9034-0cd9478e8182 admin admin] new path /v2/images {{(pid=131356) process_request /opt/stack/glance/glance/api/middleware/version_negotiation.py:70}}
Jun 07 09:55:34 ubuntu devstack@g-api.service[131356]: [pid: 131356|app: 0|req: 9/16] 127.0.0.1 () {38 vars in 768 bytes} [Tue Jun  7 09:55:34 2022] GET /v2/images?limit=20&sort_key=name&sort_dir=asc => generated 1081 bytes in 81 msecs (HTTP/1.1 200) 4 headers in 158 bytes (1 switches on core 0)
Jun 07 09:55:34 ubuntu devstack@g-api.service[131355]: DEBUG glance.api.middleware.version_negotiation [None req-5b40e591-9917-4a68-89f7-0d5c3cb01d7a admin admin] Determining version of request: GET /v2/schemas/image Accept: */* {{(pid=131355) process_request /opt/stack/glance/glance/api/middleware/version_negotiation.py:44}}
Jun 07 09:55:34 ubuntu devstack@g-api.service[131355]: DEBUG glance.api.middleware.version_negotiation [None req-5b40e591-9917-4a68-89f7-0d5c3cb01d7a admin admin] Using url versioning {{(pid=131355) process_request /opt/stack/glance/glance/api/middleware/version_negotiation.py:57}}
Jun 07 09:55:34 ubuntu devstack@g-api.service[131355]: DEBUG glance.api.middleware.version_negotiation [None req-5b40e591-9917-4a68-89f7-0d5c3cb01d7a admin admin] Matched version: v2 {{(pid=131355) process_request /opt/stack/glance/glance/api/middleware/version_negotiation.py:69}}
Jun 07 09:55:34 ubuntu devstack@g-api.service[131355]: DEBUG glance.api.middleware.version_negotiation [None req-5b40e591-9917-4a68-89f7-0d5c3cb01d7a admin admin] new path /v2/schemas/image {{(pid=131355) process_request /opt/stack/glance/glance/api/middleware/version_negotiation.py:70}}
Jun 07 09:55:34 ubuntu devstack@g-api.service[131355]: [pid: 131355|app: 0|req: 8/17] 127.0.0.1 () {38 vars in 711 bytes} [Tue Jun  7 09:55:34 2022] GET /v2/schemas/image => generated 6083 bytes in 6 msecs (HTTP/1.1 200) 4 headers in 158 bytes (1 switches on core 0)
Jun 07 09:55:44 ubuntu devstack@g-api.service[131356]: DEBUG glance.api.middleware.version_negotiation [None req-4051e20c-4efd-48b5-b305-545baeeffeae admin admin] Determining version of request: GET / Accept: application/json {{(pid=131356) process_request /opt/stack/glance/glance/api/middleware/version_negotiation.py:44}}
Jun 07 09:55:44 ubuntu devstack@g-api.service[131356]: DEBUG glance.api.middleware.version_negotiation [None req-4051e20c-4efd-48b5-b305-545baeeffeae admin admin] Using url versioning {{(pid=131356) process_request /opt/stack/glance/glance/api/middleware/version_negotiation.py:57}}
Jun 07 09:55:44 ubuntu devstack@g-api.service[131356]: DEBUG glance.api.middleware.version_negotiation [None req-4051e20c-4efd-48b5-b305-545baeeffeae admin admin] Unknown version. Returning version choices. {{(pid=131356) process_request /opt/stack/glance/glance/api/middleware/version_negotiation.py:64}}
Jun 07 09:55:44 ubuntu devstack@g-api.service[131356]: [pid: 131356|app: 0|req: 10/18] 127.0.0.1 () {34 vars in 492 bytes} [Tue Jun  7 09:55:44 2022] GET / => generated 1323 bytes in 2 msecs (HTTP/1.1 300) 3 headers in 106 bytes (1 switches on core 0)
Jun 07 09:55:44 ubuntu devstack@g-api.service[131355]: DEBUG glance.api.middleware.version_negotiation [None req-fa482253-7524-4484-916d-3f1e76f2b081 admin admin] Determining version of request: GET /v2/images/6750d850-ee0a-4e50-b963-a66fed9a7850 Accept: */* {{(pid=131355) process_request /opt/stack/glance/glance/api/middleware/version_negotiation.py:44}}
Jun 07 09:55:44 ubuntu devstack@g-api.service[131355]: DEBUG glance.api.middleware.version_negotiation [None req-fa482253-7524-4484-916d-3f1e76f2b081 admin admin] Using url versioning {{(pid=131355) process_request /opt/stack/glance/glance/api/middleware/version_negotiation.py:57}}
Jun 07 09:55:44 ubuntu devstack@g-api.service[131355]: DEBUG glance.api.middleware.version_negotiation [None req-fa482253-7524-4484-916d-3f1e76f2b081 admin admin] Matched version: v2 {{(pid=131355) process_request /opt/stack/glance/glance/api/middleware/version_negotiation.py:69}}
Jun 07 09:55:44 ubuntu devstack@g-api.service[131355]: DEBUG glance.api.middleware.version_negotiation [None req-fa482253-7524-4484-916d-3f1e76f2b081 admin admin] new path /v2/images/6750d850-ee0a-4e50-b963-a66fed9a7850 {{(pid=131355) process_request /opt/stack/glance/glance/api/middleware/version_negotiation.py:70}}
Jun 07 09:55:44 ubuntu devstack@g-api.service[131355]: WARNING keystonemiddleware.auth_token [None req-fa482253-7524-4484-916d-3f1e76f2b081 admin admin] A valid token was submitted as a service token, but it was not a valid service token. This is incorrect but backwards compatible behaviour. This will be removed in future releases.
Jun 07 09:55:44 ubuntu devstack@g-api.service[131355]: [pid: 131355|app: 0|req: 9/19] 127.0.0.1 () {42 vars in 1049 bytes} [Tue Jun  7 09:55:44 2022] GET /v2/images/6750d850-ee0a-4e50-b963-a66fed9a7850 => generated 976 bytes in 156 msecs (HTTP/1.1 200) 4 headers in 157 bytes (1 switches on core 0)
Jun 07 09:55:44 ubuntu devstack@g-api.service[131356]: DEBUG glance.api.middleware.version_negotiation [None req-4051e20c-4efd-48b5-b305-545baeeffeae admin admin] Determining version of request: GET /v2/schemas/image Accept: */* {{(pid=131356) process_request /opt/stack/glance/glance/api/middleware/version_negotiation.py:44}}
Jun 07 09:55:44 ubuntu devstack@g-api.service[131356]: DEBUG glance.api.middleware.version_negotiation [None req-4051e20c-4efd-48b5-b305-545baeeffeae admin admin] Using url versioning {{(pid=131356) process_request /opt/stack/glance/glance/api/middleware/version_negotiation.py:57}}
Jun 07 09:55:44 ubuntu devstack@g-api.service[131356]: DEBUG glance.api.middleware.version_negotiation [None req-4051e20c-4efd-48b5-b305-545baeeffeae admin admin] Matched version: v2 {{(pid=131356) process_request /opt/stack/glance/glance/api/middleware/version_negotiation.py:69}}
Jun 07 09:55:44 ubuntu devstack@g-api.service[131356]: DEBUG glance.api.middleware.version_negotiation [None req-4051e20c-4efd-48b5-b305-545baeeffeae admin admin] new path /v2/schemas/image {{(pid=131356) process_request /opt/stack/glance/glance/api/middleware/version_negotiation.py:70}}
Jun 07 09:55:44 ubuntu devstack@g-api.service[131356]: WARNING keystonemiddleware.auth_token [None req-4051e20c-4efd-48b5-b305-545baeeffeae admin admin] A valid token was submitted as a service token, but it was not a valid service token. This is incorrect but backwards compatible behaviour. This will be removed in future releases.
Jun 07 09:55:44 ubuntu devstack@g-api.service[131356]: [pid: 131356|app: 0|req: 11/20] 127.0.0.1 () {42 vars in 989 bytes} [Tue Jun  7 09:55:44 2022] GET /v2/schemas/image => generated 6083 bytes in 11 msecs (HTTP/1.1 200) 4 headers in 158 bytes (1 switches on core 0)
Jun 07 09:55:44 ubuntu devstack@g-api.service[131356]: DEBUG dbcounter [-] [131356] Writing DB stats glance:SELECT=2 {{(pid=131356) stat_writer /usr/local/lib/python3.8/dist-packages/dbcounter.py:114}}
Jun 07 09:55:46 ubuntu devstack@g-api.service[131355]: DEBUG glance.api.middleware.version_negotiation [None req-025a0425-130c-47c6-814e-f92ed358a333 tempest-VolumesAdminNegativeTest-513101542 tempest-VolumesAdminNegativeTest-513101542-project] Determining version of request: GET /v2/images/6750d850-ee0a-4e50-b963-a66fed9a7850 Accept: */* {{(pid=131355) process_request /opt/stack/glance/glance/api/middleware/version_negotiation.py:44}}
Jun 07 09:55:46 ubuntu devstack@g-api.service[131355]: DEBUG glance.api.middleware.version_negotiation [None req-025a0425-130c-47c6-814e-f92ed358a333 tempest-VolumesAdminNegativeTest-513101542 tempest-VolumesAdminNegativeTest-513101542-project] Using url versioning {{(pid=131355) process_request /opt/stack/glance/glance/api/middleware/version_negotiation.py:57}}
Jun 07 09:55:46 ubuntu devstack@g-api.service[131355]: DEBUG glance.api.middleware.version_negotiation [None req-025a0425-130c-47c6-814e-f92ed358a333 tempest-VolumesAdminNegativeTest-513101542 tempest-VolumesAdminNegativeTest-513101542-project] Matched version: v2 {{(pid=131355) process_request /opt/stack/glance/glance/api/middleware/version_negotiation.py:69}}
Jun 07 09:55:46 ubuntu devstack@g-api.service[131355]: DEBUG glance.api.middleware.version_negotiation [None req-025a0425-130c-47c6-814e-f92ed358a333 tempest-VolumesAdminNegativeTest-513101542 tempest-VolumesAdminNegativeTest-513101542-project] new path /v2/images/6750d850-ee0a-4e50-b963-a66fed9a7850 {{(pid=131355) process_request /opt/stack/glance/glance/api/middleware/version_negotiation.py:70}}
Jun 07 09:55:46 ubuntu devstack@g-api.service[131355]: [pid: 131355|app: 0|req: 10/21] 127.0.0.1 () {42 vars in 1049 bytes} [Tue Jun  7 09:55:46 2022] GET /v2/images/6750d850-ee0a-4e50-b963-a66fed9a7850 => generated 976 bytes in 22 msecs (HTTP/1.1 200) 4 headers in 157 bytes (1 switches on core 0)
Jun 07 09:55:46 ubuntu devstack@g-api.service[131356]: DEBUG glance.api.middleware.version_negotiation [None req-025a0425-130c-47c6-814e-f92ed358a333 tempest-VolumesAdminNegativeTest-513101542 tempest-VolumesAdminNegativeTest-513101542-project] Determining version of request: GET /v2/images/6750d850-ee0a-4e50-b963-a66fed9a7850/file Accept: */* {{(pid=131356) process_request /opt/stack/glance/glance/api/middleware/version_negotiation.py:44}}
Jun 07 09:55:46 ubuntu devstack@g-api.service[131356]: DEBUG glance.api.middleware.version_negotiation [None req-025a0425-130c-47c6-814e-f92ed358a333 tempest-VolumesAdminNegativeTest-513101542 tempest-VolumesAdminNegativeTest-513101542-project] Using url versioning {{(pid=131356) process_request /opt/stack/glance/glance/api/middleware/version_negotiation.py:57}}
Jun 07 09:55:46 ubuntu devstack@g-api.service[131356]: DEBUG glance.api.middleware.version_negotiation [None req-025a0425-130c-47c6-814e-f92ed358a333 tempest-VolumesAdminNegativeTest-513101542 tempest-VolumesAdminNegativeTest-513101542-project] Matched version: v2 {{(pid=131356) process_request /opt/stack/glance/glance/api/middleware/version_negotiation.py:69}}
Jun 07 09:55:46 ubuntu devstack@g-api.service[131356]: DEBUG glance.api.middleware.version_negotiation [None req-025a0425-130c-47c6-814e-f92ed358a333 tempest-VolumesAdminNegativeTest-513101542 tempest-VolumesAdminNegativeTest-513101542-project] new path /v2/images/6750d850-ee0a-4e50-b963-a66fed9a7850/file {{(pid=131356) process_request /opt/stack/glance/glance/api/middleware/version_negotiation.py:70}}
Jun 07 09:55:46 ubuntu devstack@g-api.service[131356]: DEBUG glance_store.backend [None req-025a0425-130c-47c6-814e-f92ed358a333 tempest-VolumesAdminNegativeTest-513101542 tempest-VolumesAdminNegativeTest-513101542-project] Attempting to import store swift {{(pid=131356) _load_store /usr/local/lib/python3.8/dist-packages/glance_store/backend.py:217}}
Jun 07 09:55:46 ubuntu devstack@g-api.service[131356]: DEBUG glance_store.capabilities [None req-025a0425-130c-47c6-814e-f92ed358a333 tempest-VolumesAdminNegativeTest-513101542 tempest-VolumesAdminNegativeTest-513101542-project] Store glance_store._drivers.swift.store.SingleTenantStore doesn't support updating dynamic storage capabilities. Please overwrite 'update_capabilities' method of the store to implement updating logics if needed. {{(pid=131356) update_capabilities /usr/local/lib/python3.8/dist-packages/glance_store/capabilities.py:91}}
Jun 07 09:55:46 ubuntu devstack@g-api.service[131356]: DEBUG glance_store.driver [None req-025a0425-130c-47c6-814e-f92ed358a333 tempest-VolumesAdminNegativeTest-513101542 tempest-VolumesAdminNegativeTest-513101542-project] Late loading location class glance_store._drivers.swift.store.StoreLocation {{(pid=131356) get_store_location_class /usr/local/lib/python3.8/dist-packages/glance_store/driver.py:117}}
Jun 07 09:55:46 ubuntu devstack@g-api.service[131356]: DEBUG glance_store.location [None req-025a0425-130c-47c6-814e-f92ed358a333 tempest-VolumesAdminNegativeTest-513101542 tempest-VolumesAdminNegativeTest-513101542-project] Registering scheme swift+https with {'store': <glance_store._drivers.swift.store.SingleTenantStore object at 0x7fa9787ecca0>, 'location_class': <class 'glance_store._drivers.swift.store.StoreLocation'>, 'store_entry': 'swift'} {{(pid=131356) register_scheme_map /usr/local/lib/python3.8/dist-packages/glance_store/location.py:146}}
Jun 07 09:55:46 ubuntu devstack@g-api.service[131356]: DEBUG glance_store.location [None req-025a0425-130c-47c6-814e-f92ed358a333 tempest-VolumesAdminNegativeTest-513101542 tempest-VolumesAdminNegativeTest-513101542-project] Registering scheme swift+https with {'store': <glance_store._drivers.swift.store.SingleTenantStore object at 0x7fa9787ecca0>, 'location_class': <class 'glance_store._drivers.swift.store.StoreLocation'>, 'store_entry': 'swift'} {{(pid=131356) register_scheme_map /usr/local/lib/python3.8/dist-packages/glance_store/location.py:146}}
Jun 07 09:55:46 ubuntu devstack@g-api.service[131356]: DEBUG glance_store.location [None req-025a0425-130c-47c6-814e-f92ed358a333 tempest-VolumesAdminNegativeTest-513101542 tempest-VolumesAdminNegativeTest-513101542-project] Registering scheme swift with {'store': <glance_store._drivers.swift.store.SingleTenantStore object at 0x7fa9787ecca0>, 'location_class': <class 'glance_store._drivers.swift.store.StoreLocation'>, 'store_entry': 'swift'} {{(pid=131356) register_scheme_map /usr/local/lib/python3.8/dist-packages/glance_store/location.py:146}}
Jun 07 09:55:46 ubuntu devstack@g-api.service[131356]: DEBUG glance_store.location [None req-025a0425-130c-47c6-814e-f92ed358a333 tempest-VolumesAdminNegativeTest-513101542 tempest-VolumesAdminNegativeTest-513101542-project] Registering scheme swift+https with {'store': <glance_store._drivers.swift.store.SingleTenantStore object at 0x7fa9787ecca0>, 'location_class': <class 'glance_store._drivers.swift.store.StoreLocation'>, 'store_entry': 'swift'} {{(pid=131356) register_scheme_map /usr/local/lib/python3.8/dist-packages/glance_store/location.py:146}}
Jun 07 09:55:46 ubuntu devstack@g-api.service[131356]: DEBUG glance_store.location [None req-025a0425-130c-47c6-814e-f92ed358a333 tempest-VolumesAdminNegativeTest-513101542 tempest-VolumesAdminNegativeTest-513101542-project] Registering scheme swift with {'store': <glance_store._drivers.swift.store.SingleTenantStore object at 0x7fa9787ecca0>, 'location_class': <class 'glance_store._drivers.swift.store.StoreLocation'>, 'store_entry': 'swift'} {{(pid=131356) register_scheme_map /usr/local/lib/python3.8/dist-packages/glance_store/location.py:146}}
Jun 07 09:55:46 ubuntu devstack@g-api.service[131356]: DEBUG glance_store.location [None req-025a0425-130c-47c6-814e-f92ed358a333 tempest-VolumesAdminNegativeTest-513101542 tempest-VolumesAdminNegativeTest-513101542-project] Registering scheme swift+http with {'store': <glance_store._drivers.swift.store.SingleTenantStore object at 0x7fa9787ecca0>, 'location_class': <class 'glance_store._drivers.swift.store.StoreLocation'>, 'store_entry': 'swift'} {{(pid=131356) register_scheme_map /usr/local/lib/python3.8/dist-packages/glance_store/location.py:146}}
Jun 07 09:55:46 ubuntu devstack@g-api.service[131356]: DEBUG glance_store.location [None req-025a0425-130c-47c6-814e-f92ed358a333 tempest-VolumesAdminNegativeTest-513101542 tempest-VolumesAdminNegativeTest-513101542-project] Registering scheme swift+https with {'store': <glance_store._drivers.swift.store.SingleTenantStore object at 0x7fa9787ecca0>, 'location_class': <class 'glance_store._drivers.swift.store.StoreLocation'>, 'store_entry': 'swift'} {{(pid=131356) register_scheme_map /usr/local/lib/python3.8/dist-packages/glance_store/location.py:146}}
Jun 07 09:55:46 ubuntu devstack@g-api.service[131356]: DEBUG glance_store.location [None req-025a0425-130c-47c6-814e-f92ed358a333 tempest-VolumesAdminNegativeTest-513101542 tempest-VolumesAdminNegativeTest-513101542-project] Registering scheme swift with {'store': <glance_store._drivers.swift.store.SingleTenantStore object at 0x7fa9787ecca0>, 'location_class': <class 'glance_store._drivers.swift.store.StoreLocation'>, 'store_entry': 'swift'} {{(pid=131356) register_scheme_map /usr/local/lib/python3.8/dist-packages/glance_store/location.py:146}}
Jun 07 09:55:46 ubuntu devstack@g-api.service[131356]: DEBUG glance_store.location [None req-025a0425-130c-47c6-814e-f92ed358a333 tempest-VolumesAdminNegativeTest-513101542 tempest-VolumesAdminNegativeTest-513101542-project] Registering scheme swift+http with {'store': <glance_store._drivers.swift.store.SingleTenantStore object at 0x7fa9787ecca0>, 'location_class': <class 'glance_store._drivers.swift.store.StoreLocation'>, 'store_entry': 'swift'} {{(pid=131356) register_scheme_map /usr/local/lib/python3.8/dist-packages/glance_store/location.py:146}}
Jun 07 09:55:46 ubuntu devstack@g-api.service[131356]: DEBUG glance_store.location [None req-025a0425-130c-47c6-814e-f92ed358a333 tempest-VolumesAdminNegativeTest-513101542 tempest-VolumesAdminNegativeTest-513101542-project] Registering scheme swift+config with {'store': <glance_store._drivers.swift.store.SingleTenantStore object at 0x7fa9787ecca0>, 'location_class': <class 'glance_store._drivers.swift.store.StoreLocation'>, 'store_entry': 'swift'} {{(pid=131356) register_scheme_map /usr/local/lib/python3.8/dist-packages/glance_store/location.py:146}}
Jun 07 09:55:47 ubuntu devstack@g-api.service[131356]: DEBUG swiftclient [None req-025a0425-130c-47c6-814e-f92ed358a333 tempest-VolumesAdminNegativeTest-513101542 tempest-VolumesAdminNegativeTest-513101542-project] REQ: curl -i http://192.168.79.42:8080/v1/AUTH_219aa07db07b45b1b9bec6abd68b9854/glance/6750d850-ee0a-4e50-b963-a66fed9a7850 -X GET -H "X-Auth-Token: gAAAAABinyCiDFmA..." {{(pid=131356) http_log /usr/local/lib/python3.8/dist-packages/swiftclient/client.py:157}}
Jun 07 09:55:47 ubuntu devstack@g-api.service[131356]: DEBUG swiftclient [None req-025a0425-130c-47c6-814e-f92ed358a333 tempest-VolumesAdminNegativeTest-513101542 tempest-VolumesAdminNegativeTest-513101542-project] RESP STATUS: 200 OK {{(pid=131356) http_log /usr/local/lib/python3.8/dist-packages/swiftclient/client.py:158}}
Jun 07 09:55:47 ubuntu devstack@g-api.service[131356]: DEBUG swiftclient [None req-025a0425-130c-47c6-814e-f92ed358a333 tempest-VolumesAdminNegativeTest-513101542 tempest-VolumesAdminNegativeTest-513101542-project] RESP HEADERS: {'Content-Type': 'application/octet-stream', 'Etag': '1d3062cd89af34e419f7100277f38b2b', 'Last-Modified': 'Tue, 07 Jun 2022 09:49:47 GMT', 'X-Timestamp': '1654595386.62149', 'Accept-Ranges': 'bytes', 'Content-Length': '16338944', 'X-Trans-Id': 'txfcd35dad9f594b07b011e-00629f20a2', 'X-Openstack-Request-Id': 'txfcd35dad9f594b07b011e-00629f20a2', 'Date': 'Tue, 07 Jun 2022 09:55:47 GMT'} {{(pid=131356) http_log /usr/local/lib/python3.8/dist-packages/swiftclient/client.py:159}}
Jun 07 09:55:47 ubuntu devstack@g-api.service[131356]: DEBUG glance.image_cache [None req-025a0425-130c-47c6-814e-f92ed358a333 tempest-VolumesAdminNegativeTest-513101542 tempest-VolumesAdminNegativeTest-513101542-project] Tee'ing image '6750d850-ee0a-4e50-b963-a66fed9a7850' into cache {{(pid=131356) get_caching_iter /opt/stack/glance/glance/image_cache/__init__.py:343}}
Jun 07 09:55:47 ubuntu devstack@g-api.service[131356]: DEBUG glance.image_cache.drivers.sqlite [None req-025a0425-130c-47c6-814e-f92ed358a333 tempest-VolumesAdminNegativeTest-513101542 tempest-VolumesAdminNegativeTest-513101542-project] Fetch finished, moving '/opt/stack/data/glance/cache/incomplete/6750d850-ee0a-4e50-b963-a66fed9a7850' to '/opt/stack/data/glance/cache/6750d850-ee0a-4e50-b963-a66fed9a7850' {{(pid=131356) commit /opt/stack/glance/glance/image_cache/drivers/sqlite.py:324}}
Jun 07 09:55:47 ubuntu devstack@g-api.service[131356]: [pid: 131356|app: 0|req: 12/22] 127.0.0.1 () {42 vars in 1059 bytes} [Tue Jun  7 09:55:46 2022] GET /v2/images/6750d850-ee0a-4e50-b963-a66fed9a7850/file => generated 16338944 bytes in 452 msecs (HTTP/1.1 200) 4 headers in 191 bytes (250 switches on core 0)
Jun 07 09:55:56 ubuntu devstack@g-api.service[131355]: DEBUG dbcounter [-] [131355] Writing DB stats glance:SELECT=8 {{(pid=131355) stat_writer /usr/local/lib/python3.8/dist-packages/dbcounter.py:114}}
Jun 07 09:55:57 ubuntu devstack@g-api.service[131356]: DEBUG dbcounter [-] [131356] Writing DB stats glance:SELECT=8 {{(pid=131356) stat_writer /usr/local/lib/python3.8/dist-packages/dbcounter.py:114}}
Jun 07 09:56:07 ubuntu devstack@g-api.service[131355]: DEBUG glance.api.middleware.version_negotiation [None req-025a0425-130c-47c6-814e-f92ed358a333 tempest-VolumesAdminNegativeTest-513101542 tempest-VolumesAdminNegativeTest-513101542-project] Determining version of request: GET / Accept: application/json {{(pid=131355) process_request /opt/stack/glance/glance/api/middleware/version_negotiation.py:44}}
Jun 07 09:56:07 ubuntu devstack@g-api.service[131355]: DEBUG glance.api.middleware.version_negotiation [None req-025a0425-130c-47c6-814e-f92ed358a333 tempest-VolumesAdminNegativeTest-513101542 tempest-VolumesAdminNegativeTest-513101542-project] Using url versioning {{(pid=131355) process_request /opt/stack/glance/glance/api/middleware/version_negotiation.py:57}}
Jun 07 09:56:07 ubuntu devstack@g-api.service[131355]: DEBUG glance.api.middleware.version_negotiation [None req-025a0425-130c-47c6-814e-f92ed358a333 tempest-VolumesAdminNegativeTest-513101542 tempest-VolumesAdminNegativeTest-513101542-project] Unknown version. Returning version choices. {{(pid=131355) process_request /opt/stack/glance/glance/api/middleware/version_negotiation.py:64}}
Jun 07 09:56:07 ubuntu devstack@g-api.service[131355]: [pid: 131355|app: 0|req: 11/23] 127.0.0.1 () {34 vars in 492 bytes} [Tue Jun  7 09:56:07 2022] GET / => generated 1323 bytes in 6 msecs (HTTP/1.1 300) 3 headers in 106 bytes (1 switches on core 0)
Jun 07 09:56:07 ubuntu devstack@g-api.service[131356]: DEBUG glance.api.middleware.version_negotiation [None req-025a0425-130c-47c6-814e-f92ed358a333 tempest-VolumesAdminNegativeTest-513101542 tempest-VolumesAdminNegativeTest-513101542-project] Determining version of request: GET /v2/images/6750d850-ee0a-4e50-b963-a66fed9a7850 Accept: */* {{(pid=131356) process_request /opt/stack/glance/glance/api/middleware/version_negotiation.py:44}}
Jun 07 09:56:07 ubuntu devstack@g-api.service[131356]: DEBUG glance.api.middleware.version_negotiation [None req-025a0425-130c-47c6-814e-f92ed358a333 tempest-VolumesAdminNegativeTest-513101542 tempest-VolumesAdminNegativeTest-513101542-project] Using url versioning {{(pid=131356) process_request /opt/stack/glance/glance/api/middleware/version_negotiation.py:57}}
Jun 07 09:56:07 ubuntu devstack@g-api.service[131356]: DEBUG glance.api.middleware.version_negotiation [None req-025a0425-130c-47c6-814e-f92ed358a333 tempest-VolumesAdminNegativeTest-513101542 tempest-VolumesAdminNegativeTest-513101542-project] Matched version: v2 {{(pid=131356) process_request /opt/stack/glance/glance/api/middleware/version_negotiation.py:69}}
Jun 07 09:56:07 ubuntu devstack@g-api.service[131356]: DEBUG glance.api.middleware.version_negotiation [None req-025a0425-130c-47c6-814e-f92ed358a333 tempest-VolumesAdminNegativeTest-513101542 tempest-VolumesAdminNegativeTest-513101542-project] new path /v2/images/6750d850-ee0a-4e50-b963-a66fed9a7850 {{(pid=131356) process_request /opt/stack/glance/glance/api/middleware/version_negotiation.py:70}}
Jun 07 09:56:07 ubuntu devstack@g-api.service[131356]: [pid: 131356|app: 0|req: 13/24] 127.0.0.1 () {42 vars in 1049 bytes} [Tue Jun  7 09:56:07 2022] GET /v2/images/6750d850-ee0a-4e50-b963-a66fed9a7850 => generated 976 bytes in 32 msecs (HTTP/1.1 200) 4 headers in 157 bytes (1 switches on core 0)
Jun 07 09:56:07 ubuntu devstack@g-api.service[131355]: DEBUG glance.api.middleware.version_negotiation [None req-025a0425-130c-47c6-814e-f92ed358a333 tempest-VolumesAdminNegativeTest-513101542 tempest-VolumesAdminNegativeTest-513101542-project] Determining version of request: GET /v2/schemas/image Accept: */* {{(pid=131355) process_request /opt/stack/glance/glance/api/middleware/version_negotiation.py:44}}
Jun 07 09:56:07 ubuntu devstack@g-api.service[131355]: DEBUG glance.api.middleware.version_negotiation [None req-025a0425-130c-47c6-814e-f92ed358a333 tempest-VolumesAdminNegativeTest-513101542 tempest-VolumesAdminNegativeTest-513101542-project] Using url versioning {{(pid=131355) process_request /opt/stack/glance/glance/api/middleware/version_negotiation.py:57}}
Jun 07 09:56:07 ubuntu devstack@g-api.service[131355]: DEBUG glance.api.middleware.version_negotiation [None req-025a0425-130c-47c6-814e-f92ed358a333 tempest-VolumesAdminNegativeTest-513101542 tempest-VolumesAdminNegativeTest-513101542-project] Matched version: v2 {{(pid=131355) process_request /opt/stack/glance/glance/api/middleware/version_negotiation.py:69}}
Jun 07 09:56:07 ubuntu devstack@g-api.service[131355]: DEBUG glance.api.middleware.version_negotiation [None req-025a0425-130c-47c6-814e-f92ed358a333 tempest-VolumesAdminNegativeTest-513101542 tempest-VolumesAdminNegativeTest-513101542-project] new path /v2/schemas/image {{(pid=131355) process_request /opt/stack/glance/glance/api/middleware/version_negotiation.py:70}}
Jun 07 09:56:07 ubuntu devstack@g-api.service[131355]: [pid: 131355|app: 0|req: 12/25] 127.0.0.1 () {42 vars in 989 bytes} [Tue Jun  7 09:56:07 2022] GET /v2/schemas/image => generated 6083 bytes in 6 msecs (HTTP/1.1 200) 4 headers in 158 bytes (1 switches on core 0)
Jun 07 09:56:17 ubuntu devstack@g-api.service[131356]: DEBUG dbcounter [-] [131356] Writing DB stats glance:SELECT=4 {{(pid=131356) stat_writer /usr/local/lib/python3.8/dist-packages/dbcounter.py:114}}
Jun 07 09:56:33 ubuntu devstack@g-api.service[131356]: DEBUG glance.api.middleware.version_negotiation [None req-f518b1fe-7950-4507-9e32-21c16b1d0fbd tempest-DeleteServersTestJSON-1204668665 tempest-DeleteServersTestJSON-1204668665-project] Determining version of request: GET /v2/images/6750d850-ee0a-4e50-b963-a66fed9a7850 Accept: */* {{(pid=131356) process_request /opt/stack/glance/glance/api/middleware/version_negotiation.py:44}}
