Jul 30 04:52:59 ubuntu devstack@g-api.service[151545]: INFO glance.location [None req-03ddc94d-475a-4eb5-add8-f82ec4d54a3b admin admin] Image format matched and virtual size computed: 117440512
Jul 30 04:52:59 ubuntu devstack@g-api.service[151545]: DEBUG glance_store.backend [None req-03ddc94d-475a-4eb5-add8-f82ec4d54a3b admin admin] Attempting to import store swift {{(pid=151545) _load_store /usr/local/lib/python3.8/dist-packages/glance_store/backend.py:216}}
Jul 30 04:52:59 ubuntu devstack@g-api.service[151545]: DEBUG glance_store.capabilities [None req-03ddc94d-475a-4eb5-add8-f82ec4d54a3b admin admin] Store glance_store._drivers.swift.store.SingleTenantStore doesn't support updating dynamic storage capabilities. Please overwrite 'update_capabilities' method of the store to implement updating logics if needed. {{(pid=151545) update_capabilities /usr/local/lib/python3.8/dist-packages/glance_store/capabilities.py:91}}
Jul 30 04:52:59 ubuntu devstack@g-api.service[151545]: DEBUG glance_store.driver [None req-03ddc94d-475a-4eb5-add8-f82ec4d54a3b admin admin] Late loading location class glance_store._drivers.swift.store.StoreLocation {{(pid=151545) get_store_location_class /usr/local/lib/python3.8/dist-packages/glance_store/driver.py:116}}
Jul 30 04:52:59 ubuntu devstack@g-api.service[151545]: DEBUG glance_store.location [None req-03ddc94d-475a-4eb5-add8-f82ec4d54a3b admin admin] Registering scheme swift+https with {'store': <glance_store._drivers.swift.store.SingleTenantStore object at 0x7f27e0d3e5b0>, 'location_class': <class 'glance_store._drivers.swift.store.StoreLocation'>, 'store_entry': 'swift'} {{(pid=151545) register_scheme_map /usr/local/lib/python3.8/dist-packages/glance_store/location.py:146}}
Jul 30 04:52:59 ubuntu devstack@g-api.service[151545]: DEBUG glance_store.location [None req-03ddc94d-475a-4eb5-add8-f82ec4d54a3b admin admin] Registering scheme swift+https with {'store': <glance_store._drivers.swift.store.SingleTenantStore object at 0x7f27e0d3e5b0>, 'location_class': <class 'glance_store._drivers.swift.store.StoreLocation'>, 'store_entry': 'swift'} {{(pid=151545) register_scheme_map /usr/local/lib/python3.8/dist-packages/glance_store/location.py:146}}
Jul 30 04:52:59 ubuntu devstack@g-api.service[151545]: DEBUG glance_store.location [None req-03ddc94d-475a-4eb5-add8-f82ec4d54a3b admin admin] Registering scheme swift with {'store': <glance_store._drivers.swift.store.SingleTenantStore object at 0x7f27e0d3e5b0>, 'location_class': <class 'glance_store._drivers.swift.store.StoreLocation'>, 'store_entry': 'swift'} {{(pid=151545) register_scheme_map /usr/local/lib/python3.8/dist-packages/glance_store/location.py:146}}
Jul 30 04:52:59 ubuntu devstack@g-api.service[151545]: DEBUG glance_store.location [None req-03ddc94d-475a-4eb5-add8-f82ec4d54a3b admin admin] Registering scheme swift+https with {'store': <glance_store._drivers.swift.store.SingleTenantStore object at 0x7f27e0d3e5b0>, 'location_class': <class 'glance_store._drivers.swift.store.StoreLocation'>, 'store_entry': 'swift'} {{(pid=151545) register_scheme_map /usr/local/lib/python3.8/dist-packages/glance_store/location.py:146}}
Jul 30 04:52:59 ubuntu devstack@g-api.service[151545]: DEBUG glance_store.location [None req-03ddc94d-475a-4eb5-add8-f82ec4d54a3b admin admin] Registering scheme swift with {'store': <glance_store._drivers.swift.store.SingleTenantStore object at 0x7f27e0d3e5b0>, 'location_class': <class 'glance_store._drivers.swift.store.StoreLocation'>, 'store_entry': 'swift'} {{(pid=151545) register_scheme_map /usr/local/lib/python3.8/dist-packages/glance_store/location.py:146}}
Jul 30 04:52:59 ubuntu devstack@g-api.service[151545]: DEBUG glance_store.location [None req-03ddc94d-475a-4eb5-add8-f82ec4d54a3b admin admin] Registering scheme swift+http with {'store': <glance_store._drivers.swift.store.SingleTenantStore object at 0x7f27e0d3e5b0>, 'location_class': <class 'glance_store._drivers.swift.store.StoreLocation'>, 'store_entry': 'swift'} {{(pid=151545) register_scheme_map /usr/local/lib/python3.8/dist-packages/glance_store/location.py:146}}
Jul 30 04:52:59 ubuntu devstack@g-api.service[151545]: DEBUG glance_store.location [None req-03ddc94d-475a-4eb5-add8-f82ec4d54a3b admin admin] Registering scheme swift+https with {'store': <glance_store._drivers.swift.store.SingleTenantStore object at 0x7f27e0d3e5b0>, 'location_class': <class 'glance_store._drivers.swift.store.StoreLocation'>, 'store_entry': 'swift'} {{(pid=151545) register_scheme_map /usr/local/lib/python3.8/dist-packages/glance_store/location.py:146}}
Jul 30 04:52:59 ubuntu devstack@g-api.service[151545]: DEBUG glance_store.location [None req-03ddc94d-475a-4eb5-add8-f82ec4d54a3b admin admin] Registering scheme swift with {'store': <glance_store._drivers.swift.store.SingleTenantStore object at 0x7f27e0d3e5b0>, 'location_class': <class 'glance_store._drivers.swift.store.StoreLocation'>, 'store_entry': 'swift'} {{(pid=151545) register_scheme_map /usr/local/lib/python3.8/dist-packages/glance_store/location.py:146}}
Jul 30 04:52:59 ubuntu devstack@g-api.service[151545]: DEBUG glance_store.location [None req-03ddc94d-475a-4eb5-add8-f82ec4d54a3b admin admin] Registering scheme swift+http with {'store': <glance_store._drivers.swift.store.SingleTenantStore object at 0x7f27e0d3e5b0>, 'location_class': <class 'glance_store._drivers.swift.store.StoreLocation'>, 'store_entry': 'swift'} {{(pid=151545) register_scheme_map /usr/local/lib/python3.8/dist-packages/glance_store/location.py:146}}
Jul 30 04:52:59 ubuntu devstack@g-api.service[151545]: DEBUG glance_store.location [None req-03ddc94d-475a-4eb5-add8-f82ec4d54a3b admin admin] Registering scheme swift+config with {'store': <glance_store._drivers.swift.store.SingleTenantStore object at 0x7f27e0d3e5b0>, 'location_class': <class 'glance_store._drivers.swift.store.StoreLocation'>, 'store_entry': 'swift'} {{(pid=151545) register_scheme_map /usr/local/lib/python3.8/dist-packages/glance_store/location.py:146}}
Jul 30 04:52:59 ubuntu devstack@g-api.service[151545]: DEBUG glance_store.backend [None req-03ddc94d-475a-4eb5-add8-f82ec4d54a3b admin admin] Skipping store.set_acls... not implemented. {{(pid=151545) set_acls /usr/local/lib/python3.8/dist-packages/glance_store/backend.py:508}}
Jul 30 04:52:59 ubuntu devstack@g-api.service[151545]: [pid: 151545|app: 0|req: 3/4] 127.0.0.1 () {40 vars in 862 bytes} [Sat Jul 30 04:52:56 2022] PUT /v2/images/24b88aca-6965-4b0d-973b-7769348e5cdb/file => generated 0 bytes in 2786 msecs (HTTP/1.1 204) 4 headers in 171 bytes (1 switches on core 0)
Jul 30 04:53:06 ubuntu devstack@g-api.service[151544]: DEBUG dbcounter [-] [151544] Writing DB stats glance:SELECT=9,glance:INSERT=5 {{(pid=151544) stat_writer /usr/local/lib/python3.8/dist-packages/dbcounter.py:114}}
Jul 30 04:53:09 ubuntu devstack@g-api.service[151545]: DEBUG dbcounter [-] [151545] Writing DB stats glance:SELECT=28,glance:UPDATE=2,glance:INSERT=1 {{(pid=151545) stat_writer /usr/local/lib/python3.8/dist-packages/dbcounter.py:114}}
Jul 30 04:53:43 ubuntu devstack@g-api.service[151544]: DEBUG glance.api.middleware.version_negotiation [None req-31dca950-6ad6-4397-a4a6-3bbb8d32fb62 admin admin] Determining version of request: GET / Accept: application/json {{(pid=151544) process_request /opt/stack/glance/glance/api/middleware/version_negotiation.py:44}}
Jul 30 04:53:43 ubuntu devstack@g-api.service[151544]: DEBUG glance.api.middleware.version_negotiation [None req-31dca950-6ad6-4397-a4a6-3bbb8d32fb62 admin admin] Using url versioning {{(pid=151544) process_request /opt/stack/glance/glance/api/middleware/version_negotiation.py:57}}
Jul 30 04:53:43 ubuntu devstack@g-api.service[151544]: DEBUG glance.api.middleware.version_negotiation [None req-31dca950-6ad6-4397-a4a6-3bbb8d32fb62 admin admin] Unknown version. Returning version choices. {{(pid=151544) process_request /opt/stack/glance/glance/api/middleware/version_negotiation.py:64}}
Jul 30 04:53:43 ubuntu devstack@g-api.service[151544]: [pid: 151544|app: 0|req: 2/5] 127.0.0.1 () {34 vars in 506 bytes} [Sat Jul 30 04:53:43 2022] GET / => generated 1323 bytes in 5 msecs (HTTP/1.1 300) 3 headers in 106 bytes (1 switches on core 0)
Jul 30 04:53:43 ubuntu devstack@g-api.service[151545]: DEBUG glance.api.middleware.version_negotiation [None req-03ddc94d-475a-4eb5-add8-f82ec4d54a3b admin admin] Determining version of request: GET /v2/images Accept: application/json {{(pid=151545) process_request /opt/stack/glance/glance/api/middleware/version_negotiation.py:44}}
Jul 30 04:53:43 ubuntu devstack@g-api.service[151545]: DEBUG glance.api.middleware.version_negotiation [None req-03ddc94d-475a-4eb5-add8-f82ec4d54a3b admin admin] Using url versioning {{(pid=151545) process_request /opt/stack/glance/glance/api/middleware/version_negotiation.py:57}}
Jul 30 04:53:43 ubuntu devstack@g-api.service[151545]: DEBUG glance.api.middleware.version_negotiation [None req-03ddc94d-475a-4eb5-add8-f82ec4d54a3b admin admin] Matched version: v2 {{(pid=151545) process_request /opt/stack/glance/glance/api/middleware/version_negotiation.py:69}}
Jul 30 04:53:43 ubuntu devstack@g-api.service[151545]: DEBUG glance.api.middleware.version_negotiation [None req-03ddc94d-475a-4eb5-add8-f82ec4d54a3b admin admin] new path /v2/images {{(pid=151545) process_request /opt/stack/glance/glance/api/middleware/version_negotiation.py:70}}
Jul 30 04:53:44 ubuntu devstack@g-api.service[151545]: [pid: 151545|app: 0|req: 4/6] 127.0.0.1 () {36 vars in 728 bytes} [Sat Jul 30 04:53:43 2022] GET /v2/images => generated 1045 bytes in 471 msecs (HTTP/1.1 200) 4 headers in 158 bytes (1 switches on core 0)
Jul 30 04:53:50 ubuntu devstack@g-api.service[151544]: DEBUG glance.api.middleware.version_negotiation [None req-31dca950-6ad6-4397-a4a6-3bbb8d32fb62 admin admin] Determining version of request: GET / Accept: application/json {{(pid=151544) process_request /opt/stack/glance/glance/api/middleware/version_negotiation.py:44}}
Jul 30 04:53:50 ubuntu devstack@g-api.service[151544]: DEBUG glance.api.middleware.version_negotiation [None req-31dca950-6ad6-4397-a4a6-3bbb8d32fb62 admin admin] Using url versioning {{(pid=151544) process_request /opt/stack/glance/glance/api/middleware/version_negotiation.py:57}}
Jul 30 04:53:50 ubuntu devstack@g-api.service[151544]: DEBUG glance.api.middleware.version_negotiation [None req-31dca950-6ad6-4397-a4a6-3bbb8d32fb62 admin admin] Unknown version. Returning version choices. {{(pid=151544) process_request /opt/stack/glance/glance/api/middleware/version_negotiation.py:64}}
Jul 30 04:53:50 ubuntu devstack@g-api.service[151544]: [pid: 151544|app: 0|req: 3/7] 127.0.0.1 () {34 vars in 506 bytes} [Sat Jul 30 04:53:50 2022] GET / => generated 1323 bytes in 4 msecs (HTTP/1.1 300) 3 headers in 106 bytes (1 switches on core 0)
Jul 30 04:53:50 ubuntu devstack@g-api.service[151545]: DEBUG glance.api.middleware.version_negotiation [None req-b5121680-d38c-4a76-ad6f-49c667849ccd admin admin] Determining version of request: GET /v2/images/24b88aca-6965-4b0d-973b-7769348e5cdb Accept: */* {{(pid=151545) process_request /opt/stack/glance/glance/api/middleware/version_negotiation.py:44}}
Jul 30 04:53:50 ubuntu devstack@g-api.service[151545]: DEBUG glance.api.middleware.version_negotiation [None req-b5121680-d38c-4a76-ad6f-49c667849ccd admin admin] Using url versioning {{(pid=151545) process_request /opt/stack/glance/glance/api/middleware/version_negotiation.py:57}}
Jul 30 04:53:50 ubuntu devstack@g-api.service[151545]: DEBUG glance.api.middleware.version_negotiation [None req-b5121680-d38c-4a76-ad6f-49c667849ccd admin admin] Matched version: v2 {{(pid=151545) process_request /opt/stack/glance/glance/api/middleware/version_negotiation.py:69}}
Jul 30 04:53:50 ubuntu devstack@g-api.service[151545]: DEBUG glance.api.middleware.version_negotiation [None req-b5121680-d38c-4a76-ad6f-49c667849ccd admin admin] new path /v2/images/24b88aca-6965-4b0d-973b-7769348e5cdb {{(pid=151545) process_request /opt/stack/glance/glance/api/middleware/version_negotiation.py:70}}
Jul 30 04:53:51 ubuntu devstack@g-api.service[151545]: [pid: 151545|app: 0|req: 5/8] 127.0.0.1 () {36 vars in 789 bytes} [Sat Jul 30 04:53:50 2022] GET /v2/images/24b88aca-6965-4b0d-973b-7769348e5cdb => generated 976 bytes in 306 msecs (HTTP/1.1 200) 4 headers in 157 bytes (1 switches on core 0)
Jul 30 04:53:55 ubuntu devstack@g-api.service[151544]: DEBUG glance.api.middleware.version_negotiation [None req-31dca950-6ad6-4397-a4a6-3bbb8d32fb62 admin admin] Determining version of request: GET / Accept: application/json {{(pid=151544) process_request /opt/stack/glance/glance/api/middleware/version_negotiation.py:44}}
Jul 30 04:53:55 ubuntu devstack@g-api.service[151544]: DEBUG glance.api.middleware.version_negotiation [None req-31dca950-6ad6-4397-a4a6-3bbb8d32fb62 admin admin] Using url versioning {{(pid=151544) process_request /opt/stack/glance/glance/api/middleware/version_negotiation.py:57}}
Jul 30 04:53:55 ubuntu devstack@g-api.service[151544]: DEBUG glance.api.middleware.version_negotiation [None req-31dca950-6ad6-4397-a4a6-3bbb8d32fb62 admin admin] Unknown version. Returning version choices. {{(pid=151544) process_request /opt/stack/glance/glance/api/middleware/version_negotiation.py:64}}
Jul 30 04:53:55 ubuntu devstack@g-api.service[151544]: [pid: 151544|app: 0|req: 4/9] 127.0.0.1 () {34 vars in 506 bytes} [Sat Jul 30 04:53:55 2022] GET / => generated 1323 bytes in 4 msecs (HTTP/1.1 300) 3 headers in 106 bytes (1 switches on core 0)
Jul 30 04:53:55 ubuntu devstack@g-api.service[151545]: DEBUG glance.api.middleware.version_negotiation [None req-3109f712-a1cc-4a27-8b43-68690d862d3a admin admin] Determining version of request: GET /v2/images/24b88aca-6965-4b0d-973b-7769348e5cdb Accept: */* {{(pid=151545) process_request /opt/stack/glance/glance/api/middleware/version_negotiation.py:44}}
Jul 30 04:53:55 ubuntu devstack@g-api.service[151545]: DEBUG glance.api.middleware.version_negotiation [None req-3109f712-a1cc-4a27-8b43-68690d862d3a admin admin] Using url versioning {{(pid=151545) process_request /opt/stack/glance/glance/api/middleware/version_negotiation.py:57}}
Jul 30 04:53:55 ubuntu devstack@g-api.service[151545]: DEBUG glance.api.middleware.version_negotiation [None req-3109f712-a1cc-4a27-8b43-68690d862d3a admin admin] Matched version: v2 {{(pid=151545) process_request /opt/stack/glance/glance/api/middleware/version_negotiation.py:69}}
Jul 30 04:53:55 ubuntu devstack@g-api.service[151545]: DEBUG glance.api.middleware.version_negotiation [None req-3109f712-a1cc-4a27-8b43-68690d862d3a admin admin] new path /v2/images/24b88aca-6965-4b0d-973b-7769348e5cdb {{(pid=151545) process_request /opt/stack/glance/glance/api/middleware/version_negotiation.py:70}}
Jul 30 04:53:55 ubuntu devstack@g-api.service[151545]: [pid: 151545|app: 0|req: 6/10] 127.0.0.1 () {36 vars in 789 bytes} [Sat Jul 30 04:53:55 2022] GET /v2/images/24b88aca-6965-4b0d-973b-7769348e5cdb => generated 976 bytes in 247 msecs (HTTP/1.1 200) 4 headers in 157 bytes (1 switches on core 0)
Jul 30 04:54:05 ubuntu devstack@g-api.service[151545]: DEBUG dbcounter [-] [151545] Writing DB stats glance:SELECT=10 {{(pid=151545) stat_writer /usr/local/lib/python3.8/dist-packages/dbcounter.py:114}}
Jul 30 04:56:03 ubuntu devstack@g-api.service[151544]: DEBUG glance.api.middleware.version_negotiation [None req-31dca950-6ad6-4397-a4a6-3bbb8d32fb62 admin admin] Determining version of request: GET /v1 Accept: application/json {{(pid=151544) process_request /opt/stack/glance/glance/api/middleware/version_negotiation.py:44}}
Jul 30 04:56:03 ubuntu devstack@g-api.service[151544]: DEBUG glance.api.middleware.version_negotiation [None req-31dca950-6ad6-4397-a4a6-3bbb8d32fb62 admin admin] Using url versioning {{(pid=151544) process_request /opt/stack/glance/glance/api/middleware/version_negotiation.py:57}}
Jul 30 04:56:03 ubuntu devstack@g-api.service[151544]: DEBUG glance.api.middleware.version_negotiation [None req-31dca950-6ad6-4397-a4a6-3bbb8d32fb62 admin admin] Unknown version. Returning version choices. {{(pid=151544) process_request /opt/stack/glance/glance/api/middleware/version_negotiation.py:64}}
Jul 30 04:56:03 ubuntu devstack@g-api.service[151544]: [pid: 151544|app: 0|req: 5/11] 127.0.0.1 () {38 vars in 686 bytes} [Sat Jul 30 04:56:03 2022] GET /v1 => generated 1323 bytes in 4 msecs (HTTP/1.1 300) 3 headers in 106 bytes (1 switches on core 0)
Jul 30 04:58:17 ubuntu devstack@g-api.service[151545]: DEBUG glance.api.middleware.version_negotiation [None req-fd8e9434-abb6-4997-9c77-c4f6f969e79f admin admin] Determining version of request: GET /versions Accept: */* {{(pid=151545) process_request /opt/stack/glance/glance/api/middleware/version_negotiation.py:44}}
Jul 30 04:58:17 ubuntu devstack@g-api.service[151545]: [pid: 151545|app: 0|req: 7/12] 127.0.0.1 () {38 vars in 695 bytes} [Sat Jul 30 04:58:17 2022] GET /versions => generated 1323 bytes in 9 msecs (HTTP/1.1 200) 3 headers in 92 bytes (1 switches on core 0)
Jul 30 04:58:17 ubuntu devstack@g-api.service[151544]: DEBUG glance.api.middleware.version_negotiation [None req-31dca950-6ad6-4397-a4a6-3bbb8d32fb62 admin admin] Determining version of request: GET /v2/schemas/image Accept: */* {{(pid=151544) process_request /opt/stack/glance/glance/api/middleware/version_negotiation.py:44}}
Jul 30 04:58:17 ubuntu devstack@g-api.service[151544]: DEBUG glance.api.middleware.version_negotiation [None req-31dca950-6ad6-4397-a4a6-3bbb8d32fb62 admin admin] Using url versioning {{(pid=151544) process_request /opt/stack/glance/glance/api/middleware/version_negotiation.py:57}}
Jul 30 04:58:17 ubuntu devstack@g-api.service[151544]: DEBUG glance.api.middleware.version_negotiation [None req-31dca950-6ad6-4397-a4a6-3bbb8d32fb62 admin admin] Matched version: v2 {{(pid=151544) process_request /opt/stack/glance/glance/api/middleware/version_negotiation.py:69}}
Jul 30 04:58:17 ubuntu devstack@g-api.service[151544]: DEBUG glance.api.middleware.version_negotiation [None req-31dca950-6ad6-4397-a4a6-3bbb8d32fb62 admin admin] new path /v2/schemas/image {{(pid=151544) process_request /opt/stack/glance/glance/api/middleware/version_negotiation.py:70}}
Jul 30 04:58:17 ubuntu devstack@g-api.service[151544]: [pid: 151544|app: 0|req: 6/13] 127.0.0.1 () {38 vars in 711 bytes} [Sat Jul 30 04:58:17 2022] GET /v2/schemas/image => generated 6083 bytes in 116 msecs (HTTP/1.1 200) 4 headers in 158 bytes (1 switches on core 0)
Jul 30 04:58:17 ubuntu devstack@g-api.service[151545]: DEBUG glance.api.middleware.version_negotiation [None req-fd8e9434-abb6-4997-9c77-c4f6f969e79f admin admin] Determining version of request: GET /v2/schemas/metadefs/namespace Accept: */* {{(pid=151545) process_request /opt/stack/glance/glance/api/middleware/version_negotiation.py:44}}
Jul 30 04:58:17 ubuntu devstack@g-api.service[151545]: DEBUG glance.api.middleware.version_negotiation [None req-fd8e9434-abb6-4997-9c77-c4f6f969e79f admin admin] Using url versioning {{(pid=151545) process_request /opt/stack/glance/glance/api/middleware/version_negotiation.py:57}}
Jul 30 04:58:17 ubuntu devstack@g-api.service[151545]: DEBUG glance.api.middleware.version_negotiation [None req-fd8e9434-abb6-4997-9c77-c4f6f969e79f admin admin] Matched version: v2 {{(pid=151545) process_request /opt/stack/glance/glance/api/middleware/version_negotiation.py:69}}
Jul 30 04:58:17 ubuntu devstack@g-api.service[151545]: DEBUG glance.api.middleware.version_negotiation [None req-fd8e9434-abb6-4997-9c77-c4f6f969e79f admin admin] new path /v2/schemas/metadefs/namespace {{(pid=151545) process_request /opt/stack/glance/glance/api/middleware/version_negotiation.py:70}}
Jul 30 04:58:17 ubuntu devstack@g-api.service[151545]: [pid: 151545|app: 0|req: 8/14] 127.0.0.1 () {38 vars in 737 bytes} [Sat Jul 30 04:58:17 2022] GET /v2/schemas/metadefs/namespace => generated 3100 bytes in 11 msecs (HTTP/1.1 200) 4 headers in 158 bytes (1 switches on core 0)
Jul 30 04:58:17 ubuntu devstack@g-api.service[151544]: DEBUG glance.api.middleware.version_negotiation [None req-1e95852c-f0a5-40f8-9c22-442c2c7eb40d admin admin] Determining version of request: GET /v2/schemas/metadefs/resource_type Accept: */* {{(pid=151544) process_request /opt/stack/glance/glance/api/middleware/version_negotiation.py:44}}
Jul 30 04:58:17 ubuntu devstack@g-api.service[151544]: DEBUG glance.api.middleware.version_negotiation [None req-1e95852c-f0a5-40f8-9c22-442c2c7eb40d admin admin] Using url versioning {{(pid=151544) process_request /opt/stack/glance/glance/api/middleware/version_negotiation.py:57}}
Jul 30 04:58:17 ubuntu devstack@g-api.service[151544]: DEBUG glance.api.middleware.version_negotiation [None req-1e95852c-f0a5-40f8-9c22-442c2c7eb40d admin admin] Matched version: v2 {{(pid=151544) process_request /opt/stack/glance/glance/api/middleware/version_negotiation.py:69}}
Jul 30 04:58:17 ubuntu devstack@g-api.service[151544]: DEBUG glance.api.middleware.version_negotiation [None req-1e95852c-f0a5-40f8-9c22-442c2c7eb40d admin admin] new path /v2/schemas/metadefs/resource_type {{(pid=151544) process_request /opt/stack/glance/glance/api/middleware/version_negotiation.py:70}}
Jul 30 04:58:17 ubuntu devstack@g-api.service[151544]: [pid: 151544|app: 0|req: 7/15] 127.0.0.1 () {38 vars in 745 bytes} [Sat Jul 30 04:58:17 2022] GET /v2/schemas/metadefs/resource_type => generated 1260 bytes in 7 msecs (HTTP/1.1 200) 4 headers in 158 bytes (1 switches on core 0)
Jul 30 04:58:17 ubuntu devstack@g-api.service[151545]: DEBUG glance.api.middleware.version_negotiation [None req-e3ef19f1-af86-4c8e-b086-4eb6d45eb3e3 admin admin] Determining version of request: GET /v2/images Accept: */* {{(pid=151545) process_request /opt/stack/glance/glance/api/middleware/version_negotiation.py:44}}
Jul 30 04:58:17 ubuntu devstack@g-api.service[151545]: DEBUG glance.api.middleware.version_negotiation [None req-e3ef19f1-af86-4c8e-b086-4eb6d45eb3e3 admin admin] Using url versioning {{(pid=151545) process_request /opt/stack/glance/glance/api/middleware/version_negotiation.py:57}}
Jul 30 04:58:17 ubuntu devstack@g-api.service[151545]: DEBUG glance.api.middleware.version_negotiation [None req-e3ef19f1-af86-4c8e-b086-4eb6d45eb3e3 admin admin] Matched version: v2 {{(pid=151545) process_request /opt/stack/glance/glance/api/middleware/version_negotiation.py:69}}
Jul 30 04:58:17 ubuntu devstack@g-api.service[151545]: DEBUG glance.api.middleware.version_negotiation [None req-e3ef19f1-af86-4c8e-b086-4eb6d45eb3e3 admin admin] new path /v2/images {{(pid=151545) process_request /opt/stack/glance/glance/api/middleware/version_negotiation.py:70}}
Jul 30 04:58:17 ubuntu devstack@g-api.service[151545]: [pid: 151545|app: 0|req: 9/16] 127.0.0.1 () {38 vars in 768 bytes} [Sat Jul 30 04:58:17 2022] GET /v2/images?limit=20&sort_key=name&sort_dir=asc => generated 1081 bytes in 79 msecs (HTTP/1.1 200) 4 headers in 158 bytes (1 switches on core 0)
Jul 30 04:58:17 ubuntu devstack@g-api.service[151544]: DEBUG glance.api.middleware.version_negotiation [None req-b5dccfb7-b247-4e97-831a-c9bb3d8cba8b admin admin] Determining version of request: GET /v2/schemas/image Accept: */* {{(pid=151544) process_request /opt/stack/glance/glance/api/middleware/version_negotiation.py:44}}
Jul 30 04:58:17 ubuntu devstack@g-api.service[151544]: DEBUG glance.api.middleware.version_negotiation [None req-b5dccfb7-b247-4e97-831a-c9bb3d8cba8b admin admin] Using url versioning {{(pid=151544) process_request /opt/stack/glance/glance/api/middleware/version_negotiation.py:57}}
Jul 30 04:58:17 ubuntu devstack@g-api.service[151544]: DEBUG glance.api.middleware.version_negotiation [None req-b5dccfb7-b247-4e97-831a-c9bb3d8cba8b admin admin] Matched version: v2 {{(pid=151544) process_request /opt/stack/glance/glance/api/middleware/version_negotiation.py:69}}
Jul 30 04:58:17 ubuntu devstack@g-api.service[151544]: DEBUG glance.api.middleware.version_negotiation [None req-b5dccfb7-b247-4e97-831a-c9bb3d8cba8b admin admin] new path /v2/schemas/image {{(pid=151544) process_request /opt/stack/glance/glance/api/middleware/version_negotiation.py:70}}
Jul 30 04:58:17 ubuntu devstack@g-api.service[151544]: [pid: 151544|app: 0|req: 8/17] 127.0.0.1 () {38 vars in 711 bytes} [Sat Jul 30 04:58:17 2022] GET /v2/schemas/image => generated 6083 bytes in 7 msecs (HTTP/1.1 200) 4 headers in 158 bytes (1 switches on core 0)
Jul 30 04:58:27 ubuntu devstack@g-api.service[151545]: DEBUG dbcounter [-] [151545] Writing DB stats glance:SELECT=2 {{(pid=151545) stat_writer /usr/local/lib/python3.8/dist-packages/dbcounter.py:114}}
Jul 30 04:58:31 ubuntu devstack@g-api.service[151545]: DEBUG glance.api.middleware.version_negotiation [None req-49302bb5-674c-4f02-8254-0343fa82f561 admin admin] Determining version of request: GET / Accept: application/json {{(pid=151545) process_request /opt/stack/glance/glance/api/middleware/version_negotiation.py:44}}
Jul 30 04:58:31 ubuntu devstack@g-api.service[151545]: DEBUG glance.api.middleware.version_negotiation [None req-49302bb5-674c-4f02-8254-0343fa82f561 admin admin] Using url versioning {{(pid=151545) process_request /opt/stack/glance/glance/api/middleware/version_negotiation.py:57}}
Jul 30 04:58:31 ubuntu devstack@g-api.service[151545]: DEBUG glance.api.middleware.version_negotiation [None req-49302bb5-674c-4f02-8254-0343fa82f561 admin admin] Unknown version. Returning version choices. {{(pid=151545) process_request /opt/stack/glance/glance/api/middleware/version_negotiation.py:64}}
Jul 30 04:58:31 ubuntu devstack@g-api.service[151545]: [pid: 151545|app: 0|req: 10/18] 127.0.0.1 () {34 vars in 492 bytes} [Sat Jul 30 04:58:31 2022] GET / => generated 1323 bytes in 3 msecs (HTTP/1.1 300) 3 headers in 106 bytes (1 switches on core 0)
Jul 30 04:58:31 ubuntu devstack@g-api.service[151544]: DEBUG glance.api.middleware.version_negotiation [None req-9d3d61f2-cac3-4c01-919c-593138007c01 admin admin] Determining version of request: GET /v2/images/24b88aca-6965-4b0d-973b-7769348e5cdb Accept: */* {{(pid=151544) process_request /opt/stack/glance/glance/api/middleware/version_negotiation.py:44}}
Jul 30 04:58:31 ubuntu devstack@g-api.service[151544]: DEBUG glance.api.middleware.version_negotiation [None req-9d3d61f2-cac3-4c01-919c-593138007c01 admin admin] Using url versioning {{(pid=151544) process_request /opt/stack/glance/glance/api/middleware/version_negotiation.py:57}}
Jul 30 04:58:31 ubuntu devstack@g-api.service[151544]: DEBUG glance.api.middleware.version_negotiation [None req-9d3d61f2-cac3-4c01-919c-593138007c01 admin admin] Matched version: v2 {{(pid=151544) process_request /opt/stack/glance/glance/api/middleware/version_negotiation.py:69}}
Jul 30 04:58:31 ubuntu devstack@g-api.service[151544]: DEBUG glance.api.middleware.version_negotiation [None req-9d3d61f2-cac3-4c01-919c-593138007c01 admin admin] new path /v2/images/24b88aca-6965-4b0d-973b-7769348e5cdb {{(pid=151544) process_request /opt/stack/glance/glance/api/middleware/version_negotiation.py:70}}
Jul 30 04:58:31 ubuntu devstack@g-api.service[151544]: WARNING keystonemiddleware.auth_token [None req-9d3d61f2-cac3-4c01-919c-593138007c01 admin admin] A valid token was submitted as a service token, but it was not a valid service token. This is incorrect but backwards compatible behaviour. This will be removed in future releases.
Jul 30 04:58:31 ubuntu devstack@g-api.service[151544]: [pid: 151544|app: 0|req: 9/19] 127.0.0.1 () {42 vars in 1049 bytes} [Sat Jul 30 04:58:31 2022] GET /v2/images/24b88aca-6965-4b0d-973b-7769348e5cdb => generated 976 bytes in 110 msecs (HTTP/1.1 200) 4 headers in 157 bytes (1 switches on core 0)
Jul 30 04:58:31 ubuntu devstack@g-api.service[151545]: DEBUG glance.api.middleware.version_negotiation [None req-49302bb5-674c-4f02-8254-0343fa82f561 admin admin] Determining version of request: GET /v2/schemas/image Accept: */* {{(pid=151545) process_request /opt/stack/glance/glance/api/middleware/version_negotiation.py:44}}
Jul 30 04:58:31 ubuntu devstack@g-api.service[151545]: DEBUG glance.api.middleware.version_negotiation [None req-49302bb5-674c-4f02-8254-0343fa82f561 admin admin] Using url versioning {{(pid=151545) process_request /opt/stack/glance/glance/api/middleware/version_negotiation.py:57}}
Jul 30 04:58:31 ubuntu devstack@g-api.service[151545]: DEBUG glance.api.middleware.version_negotiation [None req-49302bb5-674c-4f02-8254-0343fa82f561 admin admin] Matched version: v2 {{(pid=151545) process_request /opt/stack/glance/glance/api/middleware/version_negotiation.py:69}}
Jul 30 04:58:31 ubuntu devstack@g-api.service[151545]: DEBUG glance.api.middleware.version_negotiation [None req-49302bb5-674c-4f02-8254-0343fa82f561 admin admin] new path /v2/schemas/image {{(pid=151545) process_request /opt/stack/glance/glance/api/middleware/version_negotiation.py:70}}
Jul 30 04:58:31 ubuntu devstack@g-api.service[151545]: WARNING keystonemiddleware.auth_token [None req-49302bb5-674c-4f02-8254-0343fa82f561 admin admin] A valid token was submitted as a service token, but it was not a valid service token. This is incorrect but backwards compatible behaviour. This will be removed in future releases.
Jul 30 04:58:31 ubuntu devstack@g-api.service[151545]: [pid: 151545|app: 0|req: 11/20] 127.0.0.1 () {42 vars in 989 bytes} [Sat Jul 30 04:58:31 2022] GET /v2/schemas/image => generated 6083 bytes in 7 msecs (HTTP/1.1 200) 4 headers in 158 bytes (1 switches on core 0)
Jul 30 04:58:33 ubuntu devstack@g-api.service[151544]: DEBUG glance.api.middleware.version_negotiation [None req-403b3458-7fd0-47d2-99f8-0078fa57f893 tempest-VolumesAdminNegativeTest-1095346931 tempest-VolumesAdminNegativeTest-1095346931-project] Determining version of request: GET /v2/images/24b88aca-6965-4b0d-973b-7769348e5cdb Accept: */* {{(pid=151544) process_request /opt/stack/glance/glance/api/middleware/version_negotiation.py:44}}
Jul 30 04:58:33 ubuntu devstack@g-api.service[151544]: DEBUG glance.api.middleware.version_negotiation [None req-403b3458-7fd0-47d2-99f8-0078fa57f893 tempest-VolumesAdminNegativeTest-1095346931 tempest-VolumesAdminNegativeTest-1095346931-project] Using url versioning {{(pid=151544) process_request /opt/stack/glance/glance/api/middleware/version_negotiation.py:57}}
Jul 30 04:58:33 ubuntu devstack@g-api.service[151544]: DEBUG glance.api.middleware.version_negotiation [None req-403b3458-7fd0-47d2-99f8-0078fa57f893 tempest-VolumesAdminNegativeTest-1095346931 tempest-VolumesAdminNegativeTest-1095346931-project] Matched version: v2 {{(pid=151544) process_request /opt/stack/glance/glance/api/middleware/version_negotiation.py:69}}
Jul 30 04:58:33 ubuntu devstack@g-api.service[151544]: DEBUG glance.api.middleware.version_negotiation [None req-403b3458-7fd0-47d2-99f8-0078fa57f893 tempest-VolumesAdminNegativeTest-1095346931 tempest-VolumesAdminNegativeTest-1095346931-project] new path /v2/images/24b88aca-6965-4b0d-973b-7769348e5cdb {{(pid=151544) process_request /opt/stack/glance/glance/api/middleware/version_negotiation.py:70}}
Jul 30 04:58:33 ubuntu devstack@g-api.service[151544]: [pid: 151544|app: 0|req: 10/21] 127.0.0.1 () {42 vars in 1049 bytes} [Sat Jul 30 04:58:33 2022] GET /v2/images/24b88aca-6965-4b0d-973b-7769348e5cdb => generated 976 bytes in 49 msecs (HTTP/1.1 200) 4 headers in 157 bytes (1 switches on core 0)
Jul 30 04:58:33 ubuntu devstack@g-api.service[151545]: DEBUG glance.api.middleware.version_negotiation [None req-403b3458-7fd0-47d2-99f8-0078fa57f893 tempest-VolumesAdminNegativeTest-1095346931 tempest-VolumesAdminNegativeTest-1095346931-project] Determining version of request: GET /v2/images/24b88aca-6965-4b0d-973b-7769348e5cdb/file Accept: */* {{(pid=151545) process_request /opt/stack/glance/glance/api/middleware/version_negotiation.py:44}}
Jul 30 04:58:33 ubuntu devstack@g-api.service[151545]: DEBUG glance.api.middleware.version_negotiation [None req-403b3458-7fd0-47d2-99f8-0078fa57f893 tempest-VolumesAdminNegativeTest-1095346931 tempest-VolumesAdminNegativeTest-1095346931-project] Using url versioning {{(pid=151545) process_request /opt/stack/glance/glance/api/middleware/version_negotiation.py:57}}
Jul 30 04:58:33 ubuntu devstack@g-api.service[151545]: DEBUG glance.api.middleware.version_negotiation [None req-403b3458-7fd0-47d2-99f8-0078fa57f893 tempest-VolumesAdminNegativeTest-1095346931 tempest-VolumesAdminNegativeTest-1095346931-project] Matched version: v2 {{(pid=151545) process_request /opt/stack/glance/glance/api/middleware/version_negotiation.py:69}}
Jul 30 04:58:33 ubuntu devstack@g-api.service[151545]: DEBUG glance.api.middleware.version_negotiation [None req-403b3458-7fd0-47d2-99f8-0078fa57f893 tempest-VolumesAdminNegativeTest-1095346931 tempest-VolumesAdminNegativeTest-1095346931-project] new path /v2/images/24b88aca-6965-4b0d-973b-7769348e5cdb/file {{(pid=151545) process_request /opt/stack/glance/glance/api/middleware/version_negotiation.py:70}}
Jul 30 04:58:33 ubuntu devstack@g-api.service[151545]: DEBUG glance_store.backend [None req-403b3458-7fd0-47d2-99f8-0078fa57f893 tempest-VolumesAdminNegativeTest-1095346931 tempest-VolumesAdminNegativeTest-1095346931-project] Attempting to import store swift {{(pid=151545) _load_store /usr/local/lib/python3.8/dist-packages/glance_store/backend.py:216}}
Jul 30 04:58:33 ubuntu devstack@g-api.service[151545]: DEBUG glance_store.capabilities [None req-403b3458-7fd0-47d2-99f8-0078fa57f893 tempest-VolumesAdminNegativeTest-1095346931 tempest-VolumesAdminNegativeTest-1095346931-project] Store glance_store._drivers.swift.store.SingleTenantStore doesn't support updating dynamic storage capabilities. Please overwrite 'update_capabilities' method of the store to implement updating logics if needed. {{(pid=151545) update_capabilities /usr/local/lib/python3.8/dist-packages/glance_store/capabilities.py:91}}
Jul 30 04:58:33 ubuntu devstack@g-api.service[151545]: DEBUG glance_store.driver [None req-403b3458-7fd0-47d2-99f8-0078fa57f893 tempest-VolumesAdminNegativeTest-1095346931 tempest-VolumesAdminNegativeTest-1095346931-project] Late loading location class glance_store._drivers.swift.store.StoreLocation {{(pid=151545) get_store_location_class /usr/local/lib/python3.8/dist-packages/glance_store/driver.py:116}}
Jul 30 04:58:33 ubuntu devstack@g-api.service[151545]: DEBUG glance_store.location [None req-403b3458-7fd0-47d2-99f8-0078fa57f893 tempest-VolumesAdminNegativeTest-1095346931 tempest-VolumesAdminNegativeTest-1095346931-project] Registering scheme swift+https with {'store': <glance_store._drivers.swift.store.SingleTenantStore object at 0x7f27db915850>, 'location_class': <class 'glance_store._drivers.swift.store.StoreLocation'>, 'store_entry': 'swift'} {{(pid=151545) register_scheme_map /usr/local/lib/python3.8/dist-packages/glance_store/location.py:146}}
Jul 30 04:58:33 ubuntu devstack@g-api.service[151545]: DEBUG glance_store.location [None req-403b3458-7fd0-47d2-99f8-0078fa57f893 tempest-VolumesAdminNegativeTest-1095346931 tempest-VolumesAdminNegativeTest-1095346931-project] Registering scheme swift+https with {'store': <glance_store._drivers.swift.store.SingleTenantStore object at 0x7f27db915850>, 'location_class': <class 'glance_store._drivers.swift.store.StoreLocation'>, 'store_entry': 'swift'} {{(pid=151545) register_scheme_map /usr/local/lib/python3.8/dist-packages/glance_store/location.py:146}}
Jul 30 04:58:33 ubuntu devstack@g-api.service[151545]: DEBUG glance_store.location [None req-403b3458-7fd0-47d2-99f8-0078fa57f893 tempest-VolumesAdminNegativeTest-1095346931 tempest-VolumesAdminNegativeTest-1095346931-project] Registering scheme swift with {'store': <glance_store._drivers.swift.store.SingleTenantStore object at 0x7f27db915850>, 'location_class': <class 'glance_store._drivers.swift.store.StoreLocation'>, 'store_entry': 'swift'} {{(pid=151545) register_scheme_map /usr/local/lib/python3.8/dist-packages/glance_store/location.py:146}}
Jul 30 04:58:33 ubuntu devstack@g-api.service[151545]: DEBUG glance_store.location [None req-403b3458-7fd0-47d2-99f8-0078fa57f893 tempest-VolumesAdminNegativeTest-1095346931 tempest-VolumesAdminNegativeTest-1095346931-project] Registering scheme swift+https with {'store': <glance_store._drivers.swift.store.SingleTenantStore object at 0x7f27db915850>, 'location_class': <class 'glance_store._drivers.swift.store.StoreLocation'>, 'store_entry': 'swift'} {{(pid=151545) register_scheme_map /usr/local/lib/python3.8/dist-packages/glance_store/location.py:146}}
Jul 30 04:58:33 ubuntu devstack@g-api.service[151545]: DEBUG glance_store.location [None req-403b3458-7fd0-47d2-99f8-0078fa57f893 tempest-VolumesAdminNegativeTest-1095346931 tempest-VolumesAdminNegativeTest-1095346931-project] Registering scheme swift with {'store': <glance_store._drivers.swift.store.SingleTenantStore object at 0x7f27db915850>, 'location_class': <class 'glance_store._drivers.swift.store.StoreLocation'>, 'store_entry': 'swift'} {{(pid=151545) register_scheme_map /usr/local/lib/python3.8/dist-packages/glance_store/location.py:146}}
Jul 30 04:58:33 ubuntu devstack@g-api.service[151545]: DEBUG glance_store.location [None req-403b3458-7fd0-47d2-99f8-0078fa57f893 tempest-VolumesAdminNegativeTest-1095346931 tempest-VolumesAdminNegativeTest-1095346931-project] Registering scheme swift+http with {'store': <glance_store._drivers.swift.store.SingleTenantStore object at 0x7f27db915850>, 'location_class': <class 'glance_store._drivers.swift.store.StoreLocation'>, 'store_entry': 'swift'} {{(pid=151545) register_scheme_map /usr/local/lib/python3.8/dist-packages/glance_store/location.py:146}}
Jul 30 04:58:33 ubuntu devstack@g-api.service[151545]: DEBUG glance_store.location [None req-403b3458-7fd0-47d2-99f8-0078fa57f893 tempest-VolumesAdminNegativeTest-1095346931 tempest-VolumesAdminNegativeTest-1095346931-project] Registering scheme swift+https with {'store': <glance_store._drivers.swift.store.SingleTenantStore object at 0x7f27db915850>, 'location_class': <class 'glance_store._drivers.swift.store.StoreLocation'>, 'store_entry': 'swift'} {{(pid=151545) register_scheme_map /usr/local/lib/python3.8/dist-packages/glance_store/location.py:146}}
Jul 30 04:58:33 ubuntu devstack@g-api.service[151545]: DEBUG glance_store.location [None req-403b3458-7fd0-47d2-99f8-0078fa57f893 tempest-VolumesAdminNegativeTest-1095346931 tempest-VolumesAdminNegativeTest-1095346931-project] Registering scheme swift with {'store': <glance_store._drivers.swift.store.SingleTenantStore object at 0x7f27db915850>, 'location_class': <class 'glance_store._drivers.swift.store.StoreLocation'>, 'store_entry': 'swift'} {{(pid=151545) register_scheme_map /usr/local/lib/python3.8/dist-packages/glance_store/location.py:146}}
Jul 30 04:58:33 ubuntu devstack@g-api.service[151545]: DEBUG glance_store.location [None req-403b3458-7fd0-47d2-99f8-0078fa57f893 tempest-VolumesAdminNegativeTest-1095346931 tempest-VolumesAdminNegativeTest-1095346931-project] Registering scheme swift+http with {'store': <glance_store._drivers.swift.store.SingleTenantStore object at 0x7f27db915850>, 'location_class': <class 'glance_store._drivers.swift.store.StoreLocation'>, 'store_entry': 'swift'} {{(pid=151545) register_scheme_map /usr/local/lib/python3.8/dist-packages/glance_store/location.py:146}}
Jul 30 04:58:33 ubuntu devstack@g-api.service[151545]: DEBUG glance_store.location [None req-403b3458-7fd0-47d2-99f8-0078fa57f893 tempest-VolumesAdminNegativeTest-1095346931 tempest-VolumesAdminNegativeTest-1095346931-project] Registering scheme swift+config with {'store': <glance_store._drivers.swift.store.SingleTenantStore object at 0x7f27db915850>, 'location_class': <class 'glance_store._drivers.swift.store.StoreLocation'>, 'store_entry': 'swift'} {{(pid=151545) register_scheme_map /usr/local/lib/python3.8/dist-packages/glance_store/location.py:146}}
Jul 30 04:58:33 ubuntu devstack@g-api.service[151545]: DEBUG swiftclient [None req-403b3458-7fd0-47d2-99f8-0078fa57f893 tempest-VolumesAdminNegativeTest-1095346931 tempest-VolumesAdminNegativeTest-1095346931-project] REQ: curl -i http://192.168.79.43:8080/v1/AUTH_3d4499b09f774fac82971642ac62ffe5/glance/24b88aca-6965-4b0d-973b-7769348e5cdb -X GET -H "X-Auth-Token: gAAAAABi5Lp5uLmV..." {{(pid=151545) http_log /usr/local/lib/python3.8/dist-packages/swiftclient/client.py:157}}
Jul 30 04:58:33 ubuntu devstack@g-api.service[151545]: DEBUG swiftclient [None req-403b3458-7fd0-47d2-99f8-0078fa57f893 tempest-VolumesAdminNegativeTest-1095346931 tempest-VolumesAdminNegativeTest-1095346931-project] RESP STATUS: 200 OK {{(pid=151545) http_log /usr/local/lib/python3.8/dist-packages/swiftclient/client.py:158}}
Jul 30 04:58:33 ubuntu devstack@g-api.service[151545]: DEBUG swiftclient [None req-403b3458-7fd0-47d2-99f8-0078fa57f893 tempest-VolumesAdminNegativeTest-1095346931 tempest-VolumesAdminNegativeTest-1095346931-project] RESP HEADERS: {'Content-Type': 'application/octet-stream', 'Etag': '1d3062cd89af34e419f7100277f38b2b', 'Last-Modified': 'Sat, 30 Jul 2022 04:53:00 GMT', 'X-Timestamp': '1659156779.12381', 'Accept-Ranges': 'bytes', 'Content-Length': '16338944', 'X-Trans-Id': 'txdbf0e0ea7b874b85bac96-0062e4ba79', 'X-Openstack-Request-Id': 'txdbf0e0ea7b874b85bac96-0062e4ba79', 'Date': 'Sat, 30 Jul 2022 04:58:33 GMT'} {{(pid=151545) http_log /usr/local/lib/python3.8/dist-packages/swiftclient/client.py:159}}
Jul 30 04:58:33 ubuntu devstack@g-api.service[151545]: DEBUG glance.image_cache [None req-403b3458-7fd0-47d2-99f8-0078fa57f893 tempest-VolumesAdminNegativeTest-1095346931 tempest-VolumesAdminNegativeTest-1095346931-project] Tee'ing image '24b88aca-6965-4b0d-973b-7769348e5cdb' into cache {{(pid=151545) get_caching_iter /opt/stack/glance/glance/image_cache/__init__.py:343}}
Jul 30 04:58:33 ubuntu devstack@g-api.service[151545]: DEBUG glance.image_cache.drivers.sqlite [None req-403b3458-7fd0-47d2-99f8-0078fa57f893 tempest-VolumesAdminNegativeTest-1095346931 tempest-VolumesAdminNegativeTest-1095346931-project] Fetch finished, moving '/opt/stack/data/glance/cache/incomplete/24b88aca-6965-4b0d-973b-7769348e5cdb' to '/opt/stack/data/glance/cache/24b88aca-6965-4b0d-973b-7769348e5cdb' {{(pid=151545) commit /opt/stack/glance/glance/image_cache/drivers/sqlite.py:324}}
Jul 30 04:58:33 ubuntu devstack@g-api.service[151545]: [pid: 151545|app: 0|req: 12/22] 127.0.0.1 () {42 vars in 1059 bytes} [Sat Jul 30 04:58:33 2022] GET /v2/images/24b88aca-6965-4b0d-973b-7769348e5cdb/file => generated 16338944 bytes in 524 msecs (HTTP/1.1 200) 4 headers in 191 bytes (250 switches on core 0)
Jul 30 04:58:43 ubuntu devstack@g-api.service[151544]: DEBUG dbcounter [-] [151544] Writing DB stats glance:SELECT=8 {{(pid=151544) stat_writer /usr/local/lib/python3.8/dist-packages/dbcounter.py:114}}
Jul 30 04:58:43 ubuntu devstack@g-api.service[151545]: DEBUG dbcounter [-] [151545] Writing DB stats glance:SELECT=8 {{(pid=151545) stat_writer /usr/local/lib/python3.8/dist-packages/dbcounter.py:114}}
Jul 30 04:58:59 ubuntu devstack@g-api.service[151544]: DEBUG glance.api.middleware.version_negotiation [None req-403b3458-7fd0-47d2-99f8-0078fa57f893 tempest-VolumesAdminNegativeTest-1095346931 tempest-VolumesAdminNegativeTest-1095346931-project] Determining version of request: GET / Accept: application/json {{(pid=151544) process_request /opt/stack/glance/glance/api/middleware/version_negotiation.py:44}}
Jul 30 04:58:59 ubuntu devstack@g-api.service[151544]: DEBUG glance.api.middleware.version_negotiation [None req-403b3458-7fd0-47d2-99f8-0078fa57f893 tempest-VolumesAdminNegativeTest-1095346931 tempest-VolumesAdminNegativeTest-1095346931-project] Using url versioning {{(pid=151544) process_request /opt/stack/glance/glance/api/middleware/version_negotiation.py:57}}
Jul 30 04:58:59 ubuntu devstack@g-api.service[151544]: DEBUG glance.api.middleware.version_negotiation [None req-403b3458-7fd0-47d2-99f8-0078fa57f893 tempest-VolumesAdminNegativeTest-1095346931 tempest-VolumesAdminNegativeTest-1095346931-project] Unknown version. Returning version choices. {{(pid=151544) process_request /opt/stack/glance/glance/api/middleware/version_negotiation.py:64}}
Jul 30 04:58:59 ubuntu devstack@g-api.service[151544]: [pid: 151544|app: 0|req: 11/23] 127.0.0.1 () {34 vars in 492 bytes} [Sat Jul 30 04:58:59 2022] GET / => generated 1323 bytes in 3 msecs (HTTP/1.1 300) 3 headers in 106 bytes (1 switches on core 0)
Jul 30 04:58:59 ubuntu devstack@g-api.service[151545]: DEBUG glance.api.middleware.version_negotiation [None req-403b3458-7fd0-47d2-99f8-0078fa57f893 tempest-VolumesAdminNegativeTest-1095346931 tempest-VolumesAdminNegativeTest-1095346931-project] Determining version of request: GET /v2/images/24b88aca-6965-4b0d-973b-7769348e5cdb Accept: */* {{(pid=151545) process_request /opt/stack/glance/glance/api/middleware/version_negotiation.py:44}}
Jul 30 04:58:59 ubuntu devstack@g-api.service[151545]: DEBUG glance.api.middleware.version_negotiation [None req-403b3458-7fd0-47d2-99f8-0078fa57f893 tempest-VolumesAdminNegativeTest-1095346931 tempest-VolumesAdminNegativeTest-1095346931-project] Using url versioning {{(pid=151545) process_request /opt/stack/glance/glance/api/middleware/version_negotiation.py:57}}
Jul 30 04:58:59 ubuntu devstack@g-api.service[151545]: DEBUG glance.api.middleware.version_negotiation [None req-403b3458-7fd0-47d2-99f8-0078fa57f893 tempest-VolumesAdminNegativeTest-1095346931 tempest-VolumesAdminNegativeTest-1095346931-project] Matched version: v2 {{(pid=151545) process_request /opt/stack/glance/glance/api/middleware/version_negotiation.py:69}}
Jul 30 04:58:59 ubuntu devstack@g-api.service[151545]: DEBUG glance.api.middleware.version_negotiation [None req-403b3458-7fd0-47d2-99f8-0078fa57f893 tempest-VolumesAdminNegativeTest-1095346931 tempest-VolumesAdminNegativeTest-1095346931-project] new path /v2/images/24b88aca-6965-4b0d-973b-7769348e5cdb {{(pid=151545) process_request /opt/stack/glance/glance/api/middleware/version_negotiation.py:70}}
Jul 30 04:58:59 ubuntu devstack@g-api.service[151545]: [pid: 151545|app: 0|req: 13/24] 127.0.0.1 () {42 vars in 1049 bytes} [Sat Jul 30 04:58:59 2022] GET /v2/images/24b88aca-6965-4b0d-973b-7769348e5cdb => generated 976 bytes in 22 msecs (HTTP/1.1 200) 4 headers in 157 bytes (1 switches on core 0)
Jul 30 04:58:59 ubuntu devstack@g-api.service[151544]: DEBUG glance.api.middleware.version_negotiation [None req-403b3458-7fd0-47d2-99f8-0078fa57f893 tempest-VolumesAdminNegativeTest-1095346931 tempest-VolumesAdminNegativeTest-1095346931-project] Determining version of request: GET /v2/schemas/image Accept: */* {{(pid=151544) process_request /opt/stack/glance/glance/api/middleware/version_negotiation.py:44}}
Jul 30 04:58:59 ubuntu devstack@g-api.service[151544]: DEBUG glance.api.middleware.version_negotiation [None req-403b3458-7fd0-47d2-99f8-0078fa57f893 tempest-VolumesAdminNegativeTest-1095346931 tempest-VolumesAdminNegativeTest-1095346931-project] Using url versioning {{(pid=151544) process_request /opt/stack/glance/glance/api/middleware/version_negotiation.py:57}}
Jul 30 04:58:59 ubuntu devstack@g-api.service[151544]: DEBUG glance.api.middleware.version_negotiation [None req-403b3458-7fd0-47d2-99f8-0078fa57f893 tempest-VolumesAdminNegativeTest-1095346931 tempest-VolumesAdminNegativeTest-1095346931-project] Matched version: v2 {{(pid=151544) process_request /opt/stack/glance/glance/api/middleware/version_negotiation.py:69}}
Jul 30 04:58:59 ubuntu devstack@g-api.service[151544]: DEBUG glance.api.middleware.version_negotiation [None req-403b3458-7fd0-47d2-99f8-0078fa57f893 tempest-VolumesAdminNegativeTest-1095346931 tempest-VolumesAdminNegativeTest-1095346931-project] new path /v2/schemas/image {{(pid=151544) process_request /opt/stack/glance/glance/api/middleware/version_negotiation.py:70}}
Jul 30 04:58:59 ubuntu devstack@g-api.service[151544]: [pid: 151544|app: 0|req: 12/25] 127.0.0.1 () {42 vars in 989 bytes} [Sat Jul 30 04:58:59 2022] GET /v2/schemas/image => generated 6083 bytes in 6 msecs (HTTP/1.1 200) 4 headers in 158 bytes (1 switches on core 0)
Jul 30 04:59:09 ubuntu devstack@g-api.service[151545]: DEBUG dbcounter [-] [151545] Writing DB stats glance:SELECT=4 {{(pid=151545) stat_writer /usr/local/lib/python3.8/dist-packages/dbcounter.py:114}}
Jul 30 04:59:27 ubuntu devstack@g-api.service[151545]: DEBUG glance.api.middleware.version_negotiation [None req-b8304b99-1e00-4064-9916-294b4e49f9e4 tempest-DeleteServersTestJSON-1950025033 tempest-DeleteServersTestJSON-1950025033-project] Determining version of request: GET /v2/images/24b88aca-6965-4b0d-973b-7769348e5cdb Accept: */* {{(pid=151545) process_request /opt/stack/glance/glance/api/middleware/version_negotiation.py:44}}
Jul 30 04:59:27 ubuntu devstack@g-api.service[151545]: DEBUG glance.api.middleware.version_negotiation [None req-b8304b99-1e00-4064-9916-294b4e49f9e4 tempest-DeleteServersTestJSON-1950025033 tempest-DeleteServersTestJSON-1950025033-project] Using url versioning {{(pid=151545) process_request /opt/stack/glance/glance/api/middleware/version_negotiation.py:57}}
Jul 30 04:59:27 ubuntu devstack@g-api.service[151545]: DEBUG glance.api.middleware.version_negotiation [None req-b8304b99-1e00-4064-9916-294b4e49f9e4 tempest-DeleteServersTestJSON-1950025033 tempest-DeleteServersTestJSON-1950025033-project] Matched version: v2 {{(pid=151545) process_request /opt/stack/glance/glance/api/middleware/version_negotiation.py:69}}
Jul 30 04:59:27 ubuntu devstack@g-api.service[151545]: DEBUG glance.api.middleware.version_negotiation [None req-b8304b99-1e00-4064-9916-294b4e49f9e4 tempest-DeleteServersTestJSON-1950025033 tempest-DeleteServersTestJSON-1950025033-project] new path /v2/images/24b88aca-6965-4b0d-973b-7769348e5cdb {{(pid=151545) process_request /opt/stack/glance/glance/api/middleware/version_negotiation.py:70}}
Jul 30 04:59:27 ubuntu devstack@g-api.service[151545]: [pid: 151545|app: 0|req: 14/26] 127.0.0.1 () {42 vars in 1049 bytes} [Sat Jul 30 04:59:27 2022] GET /v2/images/24b88aca-6965-4b0d-973b-7769348e5cdb => generated 976 bytes in 17 msecs (HTTP/1.1 200) 4 headers in 157 bytes (1 switches on core 0)
