Aug 04 03:55:36 ubuntu devstack@g-api.service[146347]: INFO glance.location [None req-76eaf2fc-c540-4398-a384-170eb651c1a0 admin admin] Image format matched and virtual size computed: 117440512
Aug 04 03:55:36 ubuntu devstack@g-api.service[146347]: DEBUG glance_store.backend [None req-76eaf2fc-c540-4398-a384-170eb651c1a0 admin admin] Attempting to import store swift {{(pid=146347) _load_store /usr/local/lib/python3.8/dist-packages/glance_store/backend.py:216}}
Aug 04 03:55:36 ubuntu devstack@g-api.service[146347]: DEBUG glance_store.capabilities [None req-76eaf2fc-c540-4398-a384-170eb651c1a0 admin admin] Store glance_store._drivers.swift.store.SingleTenantStore doesn't support updating dynamic storage capabilities. Please overwrite 'update_capabilities' method of the store to implement updating logics if needed. {{(pid=146347) update_capabilities /usr/local/lib/python3.8/dist-packages/glance_store/capabilities.py:91}}
Aug 04 03:55:36 ubuntu devstack@g-api.service[146347]: DEBUG glance_store.driver [None req-76eaf2fc-c540-4398-a384-170eb651c1a0 admin admin] Late loading location class glance_store._drivers.swift.store.StoreLocation {{(pid=146347) get_store_location_class /usr/local/lib/python3.8/dist-packages/glance_store/driver.py:116}}
Aug 04 03:55:36 ubuntu devstack@g-api.service[146347]: DEBUG glance_store.location [None req-76eaf2fc-c540-4398-a384-170eb651c1a0 admin admin] Registering scheme swift+https with {'store': <glance_store._drivers.swift.store.SingleTenantStore object at 0x7f9cf4f607f0>, 'location_class': <class 'glance_store._drivers.swift.store.StoreLocation'>, 'store_entry': 'swift'} {{(pid=146347) register_scheme_map /usr/local/lib/python3.8/dist-packages/glance_store/location.py:146}}
Aug 04 03:55:36 ubuntu devstack@g-api.service[146347]: DEBUG glance_store.location [None req-76eaf2fc-c540-4398-a384-170eb651c1a0 admin admin] Registering scheme swift+https with {'store': <glance_store._drivers.swift.store.SingleTenantStore object at 0x7f9cf4f607f0>, 'location_class': <class 'glance_store._drivers.swift.store.StoreLocation'>, 'store_entry': 'swift'} {{(pid=146347) register_scheme_map /usr/local/lib/python3.8/dist-packages/glance_store/location.py:146}}
Aug 04 03:55:36 ubuntu devstack@g-api.service[146347]: DEBUG glance_store.location [None req-76eaf2fc-c540-4398-a384-170eb651c1a0 admin admin] Registering scheme swift with {'store': <glance_store._drivers.swift.store.SingleTenantStore object at 0x7f9cf4f607f0>, 'location_class': <class 'glance_store._drivers.swift.store.StoreLocation'>, 'store_entry': 'swift'} {{(pid=146347) register_scheme_map /usr/local/lib/python3.8/dist-packages/glance_store/location.py:146}}
Aug 04 03:55:36 ubuntu devstack@g-api.service[146347]: DEBUG glance_store.location [None req-76eaf2fc-c540-4398-a384-170eb651c1a0 admin admin] Registering scheme swift+https with {'store': <glance_store._drivers.swift.store.SingleTenantStore object at 0x7f9cf4f607f0>, 'location_class': <class 'glance_store._drivers.swift.store.StoreLocation'>, 'store_entry': 'swift'} {{(pid=146347) register_scheme_map /usr/local/lib/python3.8/dist-packages/glance_store/location.py:146}}
Aug 04 03:55:36 ubuntu devstack@g-api.service[146347]: DEBUG glance_store.location [None req-76eaf2fc-c540-4398-a384-170eb651c1a0 admin admin] Registering scheme swift with {'store': <glance_store._drivers.swift.store.SingleTenantStore object at 0x7f9cf4f607f0>, 'location_class': <class 'glance_store._drivers.swift.store.StoreLocation'>, 'store_entry': 'swift'} {{(pid=146347) register_scheme_map /usr/local/lib/python3.8/dist-packages/glance_store/location.py:146}}
Aug 04 03:55:36 ubuntu devstack@g-api.service[146347]: DEBUG glance_store.location [None req-76eaf2fc-c540-4398-a384-170eb651c1a0 admin admin] Registering scheme swift+http with {'store': <glance_store._drivers.swift.store.SingleTenantStore object at 0x7f9cf4f607f0>, 'location_class': <class 'glance_store._drivers.swift.store.StoreLocation'>, 'store_entry': 'swift'} {{(pid=146347) register_scheme_map /usr/local/lib/python3.8/dist-packages/glance_store/location.py:146}}
Aug 04 03:55:36 ubuntu devstack@g-api.service[146347]: DEBUG glance_store.location [None req-76eaf2fc-c540-4398-a384-170eb651c1a0 admin admin] Registering scheme swift+https with {'store': <glance_store._drivers.swift.store.SingleTenantStore object at 0x7f9cf4f607f0>, 'location_class': <class 'glance_store._drivers.swift.store.StoreLocation'>, 'store_entry': 'swift'} {{(pid=146347) register_scheme_map /usr/local/lib/python3.8/dist-packages/glance_store/location.py:146}}
Aug 04 03:55:36 ubuntu devstack@g-api.service[146347]: DEBUG glance_store.location [None req-76eaf2fc-c540-4398-a384-170eb651c1a0 admin admin] Registering scheme swift with {'store': <glance_store._drivers.swift.store.SingleTenantStore object at 0x7f9cf4f607f0>, 'location_class': <class 'glance_store._drivers.swift.store.StoreLocation'>, 'store_entry': 'swift'} {{(pid=146347) register_scheme_map /usr/local/lib/python3.8/dist-packages/glance_store/location.py:146}}
Aug 04 03:55:36 ubuntu devstack@g-api.service[146347]: DEBUG glance_store.location [None req-76eaf2fc-c540-4398-a384-170eb651c1a0 admin admin] Registering scheme swift+http with {'store': <glance_store._drivers.swift.store.SingleTenantStore object at 0x7f9cf4f607f0>, 'location_class': <class 'glance_store._drivers.swift.store.StoreLocation'>, 'store_entry': 'swift'} {{(pid=146347) register_scheme_map /usr/local/lib/python3.8/dist-packages/glance_store/location.py:146}}
Aug 04 03:55:36 ubuntu devstack@g-api.service[146347]: DEBUG glance_store.location [None req-76eaf2fc-c540-4398-a384-170eb651c1a0 admin admin] Registering scheme swift+config with {'store': <glance_store._drivers.swift.store.SingleTenantStore object at 0x7f9cf4f607f0>, 'location_class': <class 'glance_store._drivers.swift.store.StoreLocation'>, 'store_entry': 'swift'} {{(pid=146347) register_scheme_map /usr/local/lib/python3.8/dist-packages/glance_store/location.py:146}}
Aug 04 03:55:36 ubuntu devstack@g-api.service[146347]: DEBUG glance_store.backend [None req-76eaf2fc-c540-4398-a384-170eb651c1a0 admin admin] Skipping store.set_acls... not implemented. {{(pid=146347) set_acls /usr/local/lib/python3.8/dist-packages/glance_store/backend.py:508}}
Aug 04 03:55:36 ubuntu devstack@g-api.service[146347]: [pid: 146347|app: 0|req: 3/4] 127.0.0.1 () {40 vars in 863 bytes} [Thu Aug  4 03:55:34 2022] PUT /v2/images/9cc22930-0bb2-49a8-91ff-764b66174933/file => generated 0 bytes in 2888 msecs (HTTP/1.1 204) 4 headers in 171 bytes (1 switches on core 0)
Aug 04 03:55:44 ubuntu devstack@g-api.service[146346]: DEBUG dbcounter [-] [146346] Writing DB stats glance:SELECT=9,glance:INSERT=5 {{(pid=146346) stat_writer /usr/local/lib/python3.8/dist-packages/dbcounter.py:114}}
Aug 04 03:55:46 ubuntu devstack@g-api.service[146347]: DEBUG dbcounter [-] [146347] Writing DB stats glance:SELECT=28,glance:UPDATE=2,glance:INSERT=1 {{(pid=146347) stat_writer /usr/local/lib/python3.8/dist-packages/dbcounter.py:114}}
Aug 04 03:56:22 ubuntu devstack@g-api.service[146346]: DEBUG glance.api.middleware.version_negotiation [None req-46af00ab-bef6-4054-bd5d-bf858e973f12 admin admin] Determining version of request: GET / Accept: application/json {{(pid=146346) process_request /opt/stack/glance/glance/api/middleware/version_negotiation.py:44}}
Aug 04 03:56:22 ubuntu devstack@g-api.service[146346]: DEBUG glance.api.middleware.version_negotiation [None req-46af00ab-bef6-4054-bd5d-bf858e973f12 admin admin] Using url versioning {{(pid=146346) process_request /opt/stack/glance/glance/api/middleware/version_negotiation.py:57}}
Aug 04 03:56:22 ubuntu devstack@g-api.service[146346]: DEBUG glance.api.middleware.version_negotiation [None req-46af00ab-bef6-4054-bd5d-bf858e973f12 admin admin] Unknown version. Returning version choices. {{(pid=146346) process_request /opt/stack/glance/glance/api/middleware/version_negotiation.py:64}}
Aug 04 03:56:22 ubuntu devstack@g-api.service[146346]: [pid: 146346|app: 0|req: 2/5] 127.0.0.1 () {34 vars in 507 bytes} [Thu Aug  4 03:56:22 2022] GET / => generated 1323 bytes in 4 msecs (HTTP/1.1 300) 3 headers in 106 bytes (1 switches on core 0)
Aug 04 03:56:22 ubuntu devstack@g-api.service[146347]: DEBUG glance.api.middleware.version_negotiation [None req-76eaf2fc-c540-4398-a384-170eb651c1a0 admin admin] Determining version of request: GET /v2/images Accept: application/json {{(pid=146347) process_request /opt/stack/glance/glance/api/middleware/version_negotiation.py:44}}
Aug 04 03:56:22 ubuntu devstack@g-api.service[146347]: DEBUG glance.api.middleware.version_negotiation [None req-76eaf2fc-c540-4398-a384-170eb651c1a0 admin admin] Using url versioning {{(pid=146347) process_request /opt/stack/glance/glance/api/middleware/version_negotiation.py:57}}
Aug 04 03:56:22 ubuntu devstack@g-api.service[146347]: DEBUG glance.api.middleware.version_negotiation [None req-76eaf2fc-c540-4398-a384-170eb651c1a0 admin admin] Matched version: v2 {{(pid=146347) process_request /opt/stack/glance/glance/api/middleware/version_negotiation.py:69}}
Aug 04 03:56:22 ubuntu devstack@g-api.service[146347]: DEBUG glance.api.middleware.version_negotiation [None req-76eaf2fc-c540-4398-a384-170eb651c1a0 admin admin] new path /v2/images {{(pid=146347) process_request /opt/stack/glance/glance/api/middleware/version_negotiation.py:70}}
Aug 04 03:56:22 ubuntu devstack@g-api.service[146347]: [pid: 146347|app: 0|req: 4/6] 127.0.0.1 () {36 vars in 729 bytes} [Thu Aug  4 03:56:22 2022] GET /v2/images => generated 1045 bytes in 532 msecs (HTTP/1.1 200) 4 headers in 158 bytes (1 switches on core 0)
Aug 04 03:56:29 ubuntu devstack@g-api.service[146346]: DEBUG glance.api.middleware.version_negotiation [None req-46af00ab-bef6-4054-bd5d-bf858e973f12 admin admin] Determining version of request: GET / Accept: application/json {{(pid=146346) process_request /opt/stack/glance/glance/api/middleware/version_negotiation.py:44}}
Aug 04 03:56:29 ubuntu devstack@g-api.service[146346]: DEBUG glance.api.middleware.version_negotiation [None req-46af00ab-bef6-4054-bd5d-bf858e973f12 admin admin] Using url versioning {{(pid=146346) process_request /opt/stack/glance/glance/api/middleware/version_negotiation.py:57}}
Aug 04 03:56:29 ubuntu devstack@g-api.service[146346]: DEBUG glance.api.middleware.version_negotiation [None req-46af00ab-bef6-4054-bd5d-bf858e973f12 admin admin] Unknown version. Returning version choices. {{(pid=146346) process_request /opt/stack/glance/glance/api/middleware/version_negotiation.py:64}}
Aug 04 03:56:29 ubuntu devstack@g-api.service[146346]: [pid: 146346|app: 0|req: 3/7] 127.0.0.1 () {34 vars in 507 bytes} [Thu Aug  4 03:56:29 2022] GET / => generated 1323 bytes in 6 msecs (HTTP/1.1 300) 3 headers in 106 bytes (1 switches on core 0)
Aug 04 03:56:29 ubuntu devstack@g-api.service[146347]: DEBUG glance.api.middleware.version_negotiation [None req-5763d623-ae4b-40ad-ab13-df41ac43ef9e admin admin] Determining version of request: GET /v2/images/9cc22930-0bb2-49a8-91ff-764b66174933 Accept: */* {{(pid=146347) process_request /opt/stack/glance/glance/api/middleware/version_negotiation.py:44}}
Aug 04 03:56:29 ubuntu devstack@g-api.service[146347]: DEBUG glance.api.middleware.version_negotiation [None req-5763d623-ae4b-40ad-ab13-df41ac43ef9e admin admin] Using url versioning {{(pid=146347) process_request /opt/stack/glance/glance/api/middleware/version_negotiation.py:57}}
Aug 04 03:56:29 ubuntu devstack@g-api.service[146347]: DEBUG glance.api.middleware.version_negotiation [None req-5763d623-ae4b-40ad-ab13-df41ac43ef9e admin admin] Matched version: v2 {{(pid=146347) process_request /opt/stack/glance/glance/api/middleware/version_negotiation.py:69}}
Aug 04 03:56:29 ubuntu devstack@g-api.service[146347]: DEBUG glance.api.middleware.version_negotiation [None req-5763d623-ae4b-40ad-ab13-df41ac43ef9e admin admin] new path /v2/images/9cc22930-0bb2-49a8-91ff-764b66174933 {{(pid=146347) process_request /opt/stack/glance/glance/api/middleware/version_negotiation.py:70}}
Aug 04 03:56:29 ubuntu devstack@g-api.service[146347]: [pid: 146347|app: 0|req: 5/8] 127.0.0.1 () {36 vars in 790 bytes} [Thu Aug  4 03:56:29 2022] GET /v2/images/9cc22930-0bb2-49a8-91ff-764b66174933 => generated 976 bytes in 249 msecs (HTTP/1.1 200) 4 headers in 157 bytes (1 switches on core 0)
Aug 04 03:56:33 ubuntu devstack@g-api.service[146346]: DEBUG glance.api.middleware.version_negotiation [None req-46af00ab-bef6-4054-bd5d-bf858e973f12 admin admin] Determining version of request: GET / Accept: application/json {{(pid=146346) process_request /opt/stack/glance/glance/api/middleware/version_negotiation.py:44}}
Aug 04 03:56:33 ubuntu devstack@g-api.service[146346]: DEBUG glance.api.middleware.version_negotiation [None req-46af00ab-bef6-4054-bd5d-bf858e973f12 admin admin] Using url versioning {{(pid=146346) process_request /opt/stack/glance/glance/api/middleware/version_negotiation.py:57}}
Aug 04 03:56:33 ubuntu devstack@g-api.service[146346]: DEBUG glance.api.middleware.version_negotiation [None req-46af00ab-bef6-4054-bd5d-bf858e973f12 admin admin] Unknown version. Returning version choices. {{(pid=146346) process_request /opt/stack/glance/glance/api/middleware/version_negotiation.py:64}}
Aug 04 03:56:33 ubuntu devstack@g-api.service[146346]: [pid: 146346|app: 0|req: 4/9] 127.0.0.1 () {34 vars in 507 bytes} [Thu Aug  4 03:56:33 2022] GET / => generated 1323 bytes in 4 msecs (HTTP/1.1 300) 3 headers in 106 bytes (1 switches on core 0)
Aug 04 03:56:33 ubuntu devstack@g-api.service[146347]: DEBUG glance.api.middleware.version_negotiation [None req-3fef4c18-dbf1-45ee-80e7-4a55a60a4207 admin admin] Determining version of request: GET /v2/images/9cc22930-0bb2-49a8-91ff-764b66174933 Accept: */* {{(pid=146347) process_request /opt/stack/glance/glance/api/middleware/version_negotiation.py:44}}
Aug 04 03:56:33 ubuntu devstack@g-api.service[146347]: DEBUG glance.api.middleware.version_negotiation [None req-3fef4c18-dbf1-45ee-80e7-4a55a60a4207 admin admin] Using url versioning {{(pid=146347) process_request /opt/stack/glance/glance/api/middleware/version_negotiation.py:57}}
Aug 04 03:56:33 ubuntu devstack@g-api.service[146347]: DEBUG glance.api.middleware.version_negotiation [None req-3fef4c18-dbf1-45ee-80e7-4a55a60a4207 admin admin] Matched version: v2 {{(pid=146347) process_request /opt/stack/glance/glance/api/middleware/version_negotiation.py:69}}
Aug 04 03:56:33 ubuntu devstack@g-api.service[146347]: DEBUG glance.api.middleware.version_negotiation [None req-3fef4c18-dbf1-45ee-80e7-4a55a60a4207 admin admin] new path /v2/images/9cc22930-0bb2-49a8-91ff-764b66174933 {{(pid=146347) process_request /opt/stack/glance/glance/api/middleware/version_negotiation.py:70}}
Aug 04 03:56:34 ubuntu devstack@g-api.service[146347]: [pid: 146347|app: 0|req: 6/10] 127.0.0.1 () {36 vars in 790 bytes} [Thu Aug  4 03:56:33 2022] GET /v2/images/9cc22930-0bb2-49a8-91ff-764b66174933 => generated 976 bytes in 358 msecs (HTTP/1.1 200) 4 headers in 157 bytes (1 switches on core 0)
Aug 04 03:56:44 ubuntu devstack@g-api.service[146347]: DEBUG dbcounter [-] [146347] Writing DB stats glance:SELECT=10 {{(pid=146347) stat_writer /usr/local/lib/python3.8/dist-packages/dbcounter.py:114}}
Aug 04 03:58:41 ubuntu devstack@g-api.service[146346]: DEBUG glance.api.middleware.version_negotiation [None req-46af00ab-bef6-4054-bd5d-bf858e973f12 admin admin] Determining version of request: GET /v1 Accept: application/json {{(pid=146346) process_request /opt/stack/glance/glance/api/middleware/version_negotiation.py:44}}
Aug 04 03:58:41 ubuntu devstack@g-api.service[146346]: DEBUG glance.api.middleware.version_negotiation [None req-46af00ab-bef6-4054-bd5d-bf858e973f12 admin admin] Using url versioning {{(pid=146346) process_request /opt/stack/glance/glance/api/middleware/version_negotiation.py:57}}
Aug 04 03:58:41 ubuntu devstack@g-api.service[146346]: DEBUG glance.api.middleware.version_negotiation [None req-46af00ab-bef6-4054-bd5d-bf858e973f12 admin admin] Unknown version. Returning version choices. {{(pid=146346) process_request /opt/stack/glance/glance/api/middleware/version_negotiation.py:64}}
Aug 04 03:58:41 ubuntu devstack@g-api.service[146346]: [pid: 146346|app: 0|req: 5/11] 127.0.0.1 () {38 vars in 686 bytes} [Thu Aug  4 03:58:41 2022] GET /v1 => generated 1323 bytes in 6 msecs (HTTP/1.1 300) 3 headers in 106 bytes (1 switches on core 0)
Aug 04 04:01:26 ubuntu devstack@g-api.service[146347]: DEBUG glance.api.middleware.version_negotiation [None req-0355ec2c-ed65-4bc4-bc40-051b6b9d5fff admin admin] Determining version of request: GET /versions Accept: */* {{(pid=146347) process_request /opt/stack/glance/glance/api/middleware/version_negotiation.py:44}}
Aug 04 04:01:26 ubuntu devstack@g-api.service[146347]: [pid: 146347|app: 0|req: 7/12] 127.0.0.1 () {38 vars in 695 bytes} [Thu Aug  4 04:01:26 2022] GET /versions => generated 1323 bytes in 4 msecs (HTTP/1.1 200) 3 headers in 92 bytes (1 switches on core 0)
Aug 04 04:01:26 ubuntu devstack@g-api.service[146346]: DEBUG glance.api.middleware.version_negotiation [None req-46af00ab-bef6-4054-bd5d-bf858e973f12 admin admin] Determining version of request: GET /v2/schemas/image Accept: */* {{(pid=146346) process_request /opt/stack/glance/glance/api/middleware/version_negotiation.py:44}}
Aug 04 04:01:26 ubuntu devstack@g-api.service[146346]: DEBUG glance.api.middleware.version_negotiation [None req-46af00ab-bef6-4054-bd5d-bf858e973f12 admin admin] Using url versioning {{(pid=146346) process_request /opt/stack/glance/glance/api/middleware/version_negotiation.py:57}}
Aug 04 04:01:26 ubuntu devstack@g-api.service[146346]: DEBUG glance.api.middleware.version_negotiation [None req-46af00ab-bef6-4054-bd5d-bf858e973f12 admin admin] Matched version: v2 {{(pid=146346) process_request /opt/stack/glance/glance/api/middleware/version_negotiation.py:69}}
Aug 04 04:01:26 ubuntu devstack@g-api.service[146346]: DEBUG glance.api.middleware.version_negotiation [None req-46af00ab-bef6-4054-bd5d-bf858e973f12 admin admin] new path /v2/schemas/image {{(pid=146346) process_request /opt/stack/glance/glance/api/middleware/version_negotiation.py:70}}
Aug 04 04:01:26 ubuntu devstack@g-api.service[146346]: [pid: 146346|app: 0|req: 6/13] 127.0.0.1 () {38 vars in 711 bytes} [Thu Aug  4 04:01:26 2022] GET /v2/schemas/image => generated 6083 bytes in 135 msecs (HTTP/1.1 200) 4 headers in 158 bytes (1 switches on core 0)
Aug 04 04:01:26 ubuntu devstack@g-api.service[146347]: DEBUG glance.api.middleware.version_negotiation [None req-0355ec2c-ed65-4bc4-bc40-051b6b9d5fff admin admin] Determining version of request: GET /v2/schemas/metadefs/namespace Accept: */* {{(pid=146347) process_request /opt/stack/glance/glance/api/middleware/version_negotiation.py:44}}
Aug 04 04:01:26 ubuntu devstack@g-api.service[146347]: DEBUG glance.api.middleware.version_negotiation [None req-0355ec2c-ed65-4bc4-bc40-051b6b9d5fff admin admin] Using url versioning {{(pid=146347) process_request /opt/stack/glance/glance/api/middleware/version_negotiation.py:57}}
Aug 04 04:01:26 ubuntu devstack@g-api.service[146347]: DEBUG glance.api.middleware.version_negotiation [None req-0355ec2c-ed65-4bc4-bc40-051b6b9d5fff admin admin] Matched version: v2 {{(pid=146347) process_request /opt/stack/glance/glance/api/middleware/version_negotiation.py:69}}
Aug 04 04:01:26 ubuntu devstack@g-api.service[146347]: DEBUG glance.api.middleware.version_negotiation [None req-0355ec2c-ed65-4bc4-bc40-051b6b9d5fff admin admin] new path /v2/schemas/metadefs/namespace {{(pid=146347) process_request /opt/stack/glance/glance/api/middleware/version_negotiation.py:70}}
Aug 04 04:01:26 ubuntu devstack@g-api.service[146347]: [pid: 146347|app: 0|req: 8/14] 127.0.0.1 () {38 vars in 737 bytes} [Thu Aug  4 04:01:26 2022] GET /v2/schemas/metadefs/namespace => generated 3100 bytes in 10 msecs (HTTP/1.1 200) 4 headers in 158 bytes (1 switches on core 0)
Aug 04 04:01:26 ubuntu devstack@g-api.service[146346]: DEBUG glance.api.middleware.version_negotiation [None req-89d694b7-2ef2-43e6-ba1e-46cbc2373f8f admin admin] Determining version of request: GET /v2/schemas/metadefs/resource_type Accept: */* {{(pid=146346) process_request /opt/stack/glance/glance/api/middleware/version_negotiation.py:44}}
Aug 04 04:01:26 ubuntu devstack@g-api.service[146346]: DEBUG glance.api.middleware.version_negotiation [None req-89d694b7-2ef2-43e6-ba1e-46cbc2373f8f admin admin] Using url versioning {{(pid=146346) process_request /opt/stack/glance/glance/api/middleware/version_negotiation.py:57}}
Aug 04 04:01:26 ubuntu devstack@g-api.service[146346]: DEBUG glance.api.middleware.version_negotiation [None req-89d694b7-2ef2-43e6-ba1e-46cbc2373f8f admin admin] Matched version: v2 {{(pid=146346) process_request /opt/stack/glance/glance/api/middleware/version_negotiation.py:69}}
Aug 04 04:01:26 ubuntu devstack@g-api.service[146346]: DEBUG glance.api.middleware.version_negotiation [None req-89d694b7-2ef2-43e6-ba1e-46cbc2373f8f admin admin] new path /v2/schemas/metadefs/resource_type {{(pid=146346) process_request /opt/stack/glance/glance/api/middleware/version_negotiation.py:70}}
Aug 04 04:01:26 ubuntu devstack@g-api.service[146346]: [pid: 146346|app: 0|req: 7/15] 127.0.0.1 () {38 vars in 745 bytes} [Thu Aug  4 04:01:26 2022] GET /v2/schemas/metadefs/resource_type => generated 1260 bytes in 7 msecs (HTTP/1.1 200) 4 headers in 158 bytes (1 switches on core 0)
Aug 04 04:01:26 ubuntu devstack@g-api.service[146347]: DEBUG glance.api.middleware.version_negotiation [None req-8323893f-d42b-4fa1-b56a-51d85fa8fc64 admin admin] Determining version of request: GET /v2/images Accept: */* {{(pid=146347) process_request /opt/stack/glance/glance/api/middleware/version_negotiation.py:44}}
Aug 04 04:01:26 ubuntu devstack@g-api.service[146347]: DEBUG glance.api.middleware.version_negotiation [None req-8323893f-d42b-4fa1-b56a-51d85fa8fc64 admin admin] Using url versioning {{(pid=146347) process_request /opt/stack/glance/glance/api/middleware/version_negotiation.py:57}}
Aug 04 04:01:26 ubuntu devstack@g-api.service[146347]: DEBUG glance.api.middleware.version_negotiation [None req-8323893f-d42b-4fa1-b56a-51d85fa8fc64 admin admin] Matched version: v2 {{(pid=146347) process_request /opt/stack/glance/glance/api/middleware/version_negotiation.py:69}}
Aug 04 04:01:26 ubuntu devstack@g-api.service[146347]: DEBUG glance.api.middleware.version_negotiation [None req-8323893f-d42b-4fa1-b56a-51d85fa8fc64 admin admin] new path /v2/images {{(pid=146347) process_request /opt/stack/glance/glance/api/middleware/version_negotiation.py:70}}
Aug 04 04:01:26 ubuntu devstack@g-api.service[146347]: [pid: 146347|app: 0|req: 9/16] 127.0.0.1 () {38 vars in 768 bytes} [Thu Aug  4 04:01:26 2022] GET /v2/images?limit=20&sort_key=name&sort_dir=asc => generated 1081 bytes in 81 msecs (HTTP/1.1 200) 4 headers in 158 bytes (1 switches on core 0)
Aug 04 04:01:26 ubuntu devstack@g-api.service[146346]: DEBUG glance.api.middleware.version_negotiation [None req-45da132c-6439-4f7e-abe4-ea4f0c00f03c admin admin] Determining version of request: GET /v2/schemas/image Accept: */* {{(pid=146346) process_request /opt/stack/glance/glance/api/middleware/version_negotiation.py:44}}
Aug 04 04:01:26 ubuntu devstack@g-api.service[146346]: DEBUG glance.api.middleware.version_negotiation [None req-45da132c-6439-4f7e-abe4-ea4f0c00f03c admin admin] Using url versioning {{(pid=146346) process_request /opt/stack/glance/glance/api/middleware/version_negotiation.py:57}}
Aug 04 04:01:26 ubuntu devstack@g-api.service[146346]: DEBUG glance.api.middleware.version_negotiation [None req-45da132c-6439-4f7e-abe4-ea4f0c00f03c admin admin] Matched version: v2 {{(pid=146346) process_request /opt/stack/glance/glance/api/middleware/version_negotiation.py:69}}
Aug 04 04:01:26 ubuntu devstack@g-api.service[146346]: DEBUG glance.api.middleware.version_negotiation [None req-45da132c-6439-4f7e-abe4-ea4f0c00f03c admin admin] new path /v2/schemas/image {{(pid=146346) process_request /opt/stack/glance/glance/api/middleware/version_negotiation.py:70}}
Aug 04 04:01:26 ubuntu devstack@g-api.service[146346]: [pid: 146346|app: 0|req: 8/17] 127.0.0.1 () {38 vars in 711 bytes} [Thu Aug  4 04:01:26 2022] GET /v2/schemas/image => generated 6083 bytes in 7 msecs (HTTP/1.1 200) 4 headers in 158 bytes (1 switches on core 0)
Aug 04 04:01:36 ubuntu devstack@g-api.service[146347]: DEBUG dbcounter [-] [146347] Writing DB stats glance:SELECT=2 {{(pid=146347) stat_writer /usr/local/lib/python3.8/dist-packages/dbcounter.py:114}}
Aug 04 04:01:40 ubuntu devstack@g-api.service[146347]: DEBUG glance.api.middleware.version_negotiation [None req-7cd1c2ec-9ecf-44c0-98ca-b6841c42af8e admin admin] Determining version of request: GET / Accept: application/json {{(pid=146347) process_request /opt/stack/glance/glance/api/middleware/version_negotiation.py:44}}
Aug 04 04:01:40 ubuntu devstack@g-api.service[146347]: DEBUG glance.api.middleware.version_negotiation [None req-7cd1c2ec-9ecf-44c0-98ca-b6841c42af8e admin admin] Using url versioning {{(pid=146347) process_request /opt/stack/glance/glance/api/middleware/version_negotiation.py:57}}
Aug 04 04:01:40 ubuntu devstack@g-api.service[146347]: DEBUG glance.api.middleware.version_negotiation [None req-7cd1c2ec-9ecf-44c0-98ca-b6841c42af8e admin admin] Unknown version. Returning version choices. {{(pid=146347) process_request /opt/stack/glance/glance/api/middleware/version_negotiation.py:64}}
Aug 04 04:01:40 ubuntu devstack@g-api.service[146347]: [pid: 146347|app: 0|req: 10/18] 127.0.0.1 () {34 vars in 492 bytes} [Thu Aug  4 04:01:40 2022] GET / => generated 1323 bytes in 2 msecs (HTTP/1.1 300) 3 headers in 106 bytes (1 switches on core 0)
Aug 04 04:01:40 ubuntu devstack@g-api.service[146346]: DEBUG glance.api.middleware.version_negotiation [None req-8a2ed8e6-a1eb-4f28-96ea-bca9d0f23da1 admin admin] Determining version of request: GET /v2/images/9cc22930-0bb2-49a8-91ff-764b66174933 Accept: */* {{(pid=146346) process_request /opt/stack/glance/glance/api/middleware/version_negotiation.py:44}}
Aug 04 04:01:40 ubuntu devstack@g-api.service[146346]: DEBUG glance.api.middleware.version_negotiation [None req-8a2ed8e6-a1eb-4f28-96ea-bca9d0f23da1 admin admin] Using url versioning {{(pid=146346) process_request /opt/stack/glance/glance/api/middleware/version_negotiation.py:57}}
Aug 04 04:01:40 ubuntu devstack@g-api.service[146346]: DEBUG glance.api.middleware.version_negotiation [None req-8a2ed8e6-a1eb-4f28-96ea-bca9d0f23da1 admin admin] Matched version: v2 {{(pid=146346) process_request /opt/stack/glance/glance/api/middleware/version_negotiation.py:69}}
Aug 04 04:01:40 ubuntu devstack@g-api.service[146346]: DEBUG glance.api.middleware.version_negotiation [None req-8a2ed8e6-a1eb-4f28-96ea-bca9d0f23da1 admin admin] new path /v2/images/9cc22930-0bb2-49a8-91ff-764b66174933 {{(pid=146346) process_request /opt/stack/glance/glance/api/middleware/version_negotiation.py:70}}
Aug 04 04:01:40 ubuntu devstack@g-api.service[146346]: WARNING keystonemiddleware.auth_token [None req-8a2ed8e6-a1eb-4f28-96ea-bca9d0f23da1 admin admin] A valid token was submitted as a service token, but it was not a valid service token. This is incorrect but backwards compatible behaviour. This will be removed in future releases.
Aug 04 04:01:40 ubuntu devstack@g-api.service[146346]: [pid: 146346|app: 0|req: 9/19] 127.0.0.1 () {42 vars in 1049 bytes} [Thu Aug  4 04:01:40 2022] GET /v2/images/9cc22930-0bb2-49a8-91ff-764b66174933 => generated 976 bytes in 100 msecs (HTTP/1.1 200) 4 headers in 157 bytes (1 switches on core 0)
Aug 04 04:01:40 ubuntu devstack@g-api.service[146347]: DEBUG glance.api.middleware.version_negotiation [None req-7cd1c2ec-9ecf-44c0-98ca-b6841c42af8e admin admin] Determining version of request: GET /v2/schemas/image Accept: */* {{(pid=146347) process_request /opt/stack/glance/glance/api/middleware/version_negotiation.py:44}}
Aug 04 04:01:40 ubuntu devstack@g-api.service[146347]: DEBUG glance.api.middleware.version_negotiation [None req-7cd1c2ec-9ecf-44c0-98ca-b6841c42af8e admin admin] Using url versioning {{(pid=146347) process_request /opt/stack/glance/glance/api/middleware/version_negotiation.py:57}}
Aug 04 04:01:40 ubuntu devstack@g-api.service[146347]: DEBUG glance.api.middleware.version_negotiation [None req-7cd1c2ec-9ecf-44c0-98ca-b6841c42af8e admin admin] Matched version: v2 {{(pid=146347) process_request /opt/stack/glance/glance/api/middleware/version_negotiation.py:69}}
Aug 04 04:01:40 ubuntu devstack@g-api.service[146347]: DEBUG glance.api.middleware.version_negotiation [None req-7cd1c2ec-9ecf-44c0-98ca-b6841c42af8e admin admin] new path /v2/schemas/image {{(pid=146347) process_request /opt/stack/glance/glance/api/middleware/version_negotiation.py:70}}
Aug 04 04:01:40 ubuntu devstack@g-api.service[146347]: WARNING keystonemiddleware.auth_token [None req-7cd1c2ec-9ecf-44c0-98ca-b6841c42af8e admin admin] A valid token was submitted as a service token, but it was not a valid service token. This is incorrect but backwards compatible behaviour. This will be removed in future releases.
Aug 04 04:01:40 ubuntu devstack@g-api.service[146347]: [pid: 146347|app: 0|req: 11/20] 127.0.0.1 () {42 vars in 989 bytes} [Thu Aug  4 04:01:40 2022] GET /v2/schemas/image => generated 6083 bytes in 6 msecs (HTTP/1.1 200) 4 headers in 158 bytes (1 switches on core 0)
Aug 04 04:01:43 ubuntu devstack@g-api.service[146346]: DEBUG glance.api.middleware.version_negotiation [None req-d28e0f90-9755-4cf9-babc-339b42aa9066 tempest-VolumesAdminNegativeTest-1111951241 tempest-VolumesAdminNegativeTest-1111951241-project] Determining version of request: GET /v2/images/9cc22930-0bb2-49a8-91ff-764b66174933 Accept: */* {{(pid=146346) process_request /opt/stack/glance/glance/api/middleware/version_negotiation.py:44}}
Aug 04 04:01:43 ubuntu devstack@g-api.service[146346]: DEBUG glance.api.middleware.version_negotiation [None req-d28e0f90-9755-4cf9-babc-339b42aa9066 tempest-VolumesAdminNegativeTest-1111951241 tempest-VolumesAdminNegativeTest-1111951241-project] Using url versioning {{(pid=146346) process_request /opt/stack/glance/glance/api/middleware/version_negotiation.py:57}}
Aug 04 04:01:43 ubuntu devstack@g-api.service[146346]: DEBUG glance.api.middleware.version_negotiation [None req-d28e0f90-9755-4cf9-babc-339b42aa9066 tempest-VolumesAdminNegativeTest-1111951241 tempest-VolumesAdminNegativeTest-1111951241-project] Matched version: v2 {{(pid=146346) process_request /opt/stack/glance/glance/api/middleware/version_negotiation.py:69}}
Aug 04 04:01:43 ubuntu devstack@g-api.service[146346]: DEBUG glance.api.middleware.version_negotiation [None req-d28e0f90-9755-4cf9-babc-339b42aa9066 tempest-VolumesAdminNegativeTest-1111951241 tempest-VolumesAdminNegativeTest-1111951241-project] new path /v2/images/9cc22930-0bb2-49a8-91ff-764b66174933 {{(pid=146346) process_request /opt/stack/glance/glance/api/middleware/version_negotiation.py:70}}
Aug 04 04:01:43 ubuntu devstack@g-api.service[146346]: [pid: 146346|app: 0|req: 10/21] 127.0.0.1 () {42 vars in 1049 bytes} [Thu Aug  4 04:01:43 2022] GET /v2/images/9cc22930-0bb2-49a8-91ff-764b66174933 => generated 976 bytes in 14 msecs (HTTP/1.1 200) 4 headers in 157 bytes (1 switches on core 0)
Aug 04 04:01:43 ubuntu devstack@g-api.service[146347]: DEBUG glance.api.middleware.version_negotiation [None req-d28e0f90-9755-4cf9-babc-339b42aa9066 tempest-VolumesAdminNegativeTest-1111951241 tempest-VolumesAdminNegativeTest-1111951241-project] Determining version of request: GET /v2/images/9cc22930-0bb2-49a8-91ff-764b66174933/file Accept: */* {{(pid=146347) process_request /opt/stack/glance/glance/api/middleware/version_negotiation.py:44}}
Aug 04 04:01:43 ubuntu devstack@g-api.service[146347]: DEBUG glance.api.middleware.version_negotiation [None req-d28e0f90-9755-4cf9-babc-339b42aa9066 tempest-VolumesAdminNegativeTest-1111951241 tempest-VolumesAdminNegativeTest-1111951241-project] Using url versioning {{(pid=146347) process_request /opt/stack/glance/glance/api/middleware/version_negotiation.py:57}}
Aug 04 04:01:43 ubuntu devstack@g-api.service[146347]: DEBUG glance.api.middleware.version_negotiation [None req-d28e0f90-9755-4cf9-babc-339b42aa9066 tempest-VolumesAdminNegativeTest-1111951241 tempest-VolumesAdminNegativeTest-1111951241-project] Matched version: v2 {{(pid=146347) process_request /opt/stack/glance/glance/api/middleware/version_negotiation.py:69}}
Aug 04 04:01:43 ubuntu devstack@g-api.service[146347]: DEBUG glance.api.middleware.version_negotiation [None req-d28e0f90-9755-4cf9-babc-339b42aa9066 tempest-VolumesAdminNegativeTest-1111951241 tempest-VolumesAdminNegativeTest-1111951241-project] new path /v2/images/9cc22930-0bb2-49a8-91ff-764b66174933/file {{(pid=146347) process_request /opt/stack/glance/glance/api/middleware/version_negotiation.py:70}}
Aug 04 04:01:43 ubuntu devstack@g-api.service[146347]: DEBUG glance_store.backend [None req-d28e0f90-9755-4cf9-babc-339b42aa9066 tempest-VolumesAdminNegativeTest-1111951241 tempest-VolumesAdminNegativeTest-1111951241-project] Attempting to import store swift {{(pid=146347) _load_store /usr/local/lib/python3.8/dist-packages/glance_store/backend.py:216}}
Aug 04 04:01:43 ubuntu devstack@g-api.service[146347]: DEBUG glance_store.capabilities [None req-d28e0f90-9755-4cf9-babc-339b42aa9066 tempest-VolumesAdminNegativeTest-1111951241 tempest-VolumesAdminNegativeTest-1111951241-project] Store glance_store._drivers.swift.store.SingleTenantStore doesn't support updating dynamic storage capabilities. Please overwrite 'update_capabilities' method of the store to implement updating logics if needed. {{(pid=146347) update_capabilities /usr/local/lib/python3.8/dist-packages/glance_store/capabilities.py:91}}
Aug 04 04:01:43 ubuntu devstack@g-api.service[146347]: DEBUG glance_store.driver [None req-d28e0f90-9755-4cf9-babc-339b42aa9066 tempest-VolumesAdminNegativeTest-1111951241 tempest-VolumesAdminNegativeTest-1111951241-project] Late loading location class glance_store._drivers.swift.store.StoreLocation {{(pid=146347) get_store_location_class /usr/local/lib/python3.8/dist-packages/glance_store/driver.py:116}}
Aug 04 04:01:43 ubuntu devstack@g-api.service[146347]: DEBUG glance_store.location [None req-d28e0f90-9755-4cf9-babc-339b42aa9066 tempest-VolumesAdminNegativeTest-1111951241 tempest-VolumesAdminNegativeTest-1111951241-project] Registering scheme swift+https with {'store': <glance_store._drivers.swift.store.SingleTenantStore object at 0x7f9cee7e15b0>, 'location_class': <class 'glance_store._drivers.swift.store.StoreLocation'>, 'store_entry': 'swift'} {{(pid=146347) register_scheme_map /usr/local/lib/python3.8/dist-packages/glance_store/location.py:146}}
Aug 04 04:01:43 ubuntu devstack@g-api.service[146347]: DEBUG glance_store.location [None req-d28e0f90-9755-4cf9-babc-339b42aa9066 tempest-VolumesAdminNegativeTest-1111951241 tempest-VolumesAdminNegativeTest-1111951241-project] Registering scheme swift+https with {'store': <glance_store._drivers.swift.store.SingleTenantStore object at 0x7f9cee7e15b0>, 'location_class': <class 'glance_store._drivers.swift.store.StoreLocation'>, 'store_entry': 'swift'} {{(pid=146347) register_scheme_map /usr/local/lib/python3.8/dist-packages/glance_store/location.py:146}}
Aug 04 04:01:43 ubuntu devstack@g-api.service[146347]: DEBUG glance_store.location [None req-d28e0f90-9755-4cf9-babc-339b42aa9066 tempest-VolumesAdminNegativeTest-1111951241 tempest-VolumesAdminNegativeTest-1111951241-project] Registering scheme swift with {'store': <glance_store._drivers.swift.store.SingleTenantStore object at 0x7f9cee7e15b0>, 'location_class': <class 'glance_store._drivers.swift.store.StoreLocation'>, 'store_entry': 'swift'} {{(pid=146347) register_scheme_map /usr/local/lib/python3.8/dist-packages/glance_store/location.py:146}}
Aug 04 04:01:43 ubuntu devstack@g-api.service[146347]: DEBUG glance_store.location [None req-d28e0f90-9755-4cf9-babc-339b42aa9066 tempest-VolumesAdminNegativeTest-1111951241 tempest-VolumesAdminNegativeTest-1111951241-project] Registering scheme swift+https with {'store': <glance_store._drivers.swift.store.SingleTenantStore object at 0x7f9cee7e15b0>, 'location_class': <class 'glance_store._drivers.swift.store.StoreLocation'>, 'store_entry': 'swift'} {{(pid=146347) register_scheme_map /usr/local/lib/python3.8/dist-packages/glance_store/location.py:146}}
Aug 04 04:01:43 ubuntu devstack@g-api.service[146347]: DEBUG glance_store.location [None req-d28e0f90-9755-4cf9-babc-339b42aa9066 tempest-VolumesAdminNegativeTest-1111951241 tempest-VolumesAdminNegativeTest-1111951241-project] Registering scheme swift with {'store': <glance_store._drivers.swift.store.SingleTenantStore object at 0x7f9cee7e15b0>, 'location_class': <class 'glance_store._drivers.swift.store.StoreLocation'>, 'store_entry': 'swift'} {{(pid=146347) register_scheme_map /usr/local/lib/python3.8/dist-packages/glance_store/location.py:146}}
Aug 04 04:01:43 ubuntu devstack@g-api.service[146347]: DEBUG glance_store.location [None req-d28e0f90-9755-4cf9-babc-339b42aa9066 tempest-VolumesAdminNegativeTest-1111951241 tempest-VolumesAdminNegativeTest-1111951241-project] Registering scheme swift+http with {'store': <glance_store._drivers.swift.store.SingleTenantStore object at 0x7f9cee7e15b0>, 'location_class': <class 'glance_store._drivers.swift.store.StoreLocation'>, 'store_entry': 'swift'} {{(pid=146347) register_scheme_map /usr/local/lib/python3.8/dist-packages/glance_store/location.py:146}}
Aug 04 04:01:43 ubuntu devstack@g-api.service[146347]: DEBUG glance_store.location [None req-d28e0f90-9755-4cf9-babc-339b42aa9066 tempest-VolumesAdminNegativeTest-1111951241 tempest-VolumesAdminNegativeTest-1111951241-project] Registering scheme swift+https with {'store': <glance_store._drivers.swift.store.SingleTenantStore object at 0x7f9cee7e15b0>, 'location_class': <class 'glance_store._drivers.swift.store.StoreLocation'>, 'store_entry': 'swift'} {{(pid=146347) register_scheme_map /usr/local/lib/python3.8/dist-packages/glance_store/location.py:146}}
Aug 04 04:01:43 ubuntu devstack@g-api.service[146347]: DEBUG glance_store.location [None req-d28e0f90-9755-4cf9-babc-339b42aa9066 tempest-VolumesAdminNegativeTest-1111951241 tempest-VolumesAdminNegativeTest-1111951241-project] Registering scheme swift with {'store': <glance_store._drivers.swift.store.SingleTenantStore object at 0x7f9cee7e15b0>, 'location_class': <class 'glance_store._drivers.swift.store.StoreLocation'>, 'store_entry': 'swift'} {{(pid=146347) register_scheme_map /usr/local/lib/python3.8/dist-packages/glance_store/location.py:146}}
Aug 04 04:01:43 ubuntu devstack@g-api.service[146347]: DEBUG glance_store.location [None req-d28e0f90-9755-4cf9-babc-339b42aa9066 tempest-VolumesAdminNegativeTest-1111951241 tempest-VolumesAdminNegativeTest-1111951241-project] Registering scheme swift+http with {'store': <glance_store._drivers.swift.store.SingleTenantStore object at 0x7f9cee7e15b0>, 'location_class': <class 'glance_store._drivers.swift.store.StoreLocation'>, 'store_entry': 'swift'} {{(pid=146347) register_scheme_map /usr/local/lib/python3.8/dist-packages/glance_store/location.py:146}}
Aug 04 04:01:43 ubuntu devstack@g-api.service[146347]: DEBUG glance_store.location [None req-d28e0f90-9755-4cf9-babc-339b42aa9066 tempest-VolumesAdminNegativeTest-1111951241 tempest-VolumesAdminNegativeTest-1111951241-project] Registering scheme swift+config with {'store': <glance_store._drivers.swift.store.SingleTenantStore object at 0x7f9cee7e15b0>, 'location_class': <class 'glance_store._drivers.swift.store.StoreLocation'>, 'store_entry': 'swift'} {{(pid=146347) register_scheme_map /usr/local/lib/python3.8/dist-packages/glance_store/location.py:146}}
Aug 04 04:01:43 ubuntu devstack@g-api.service[146347]: DEBUG swiftclient [None req-d28e0f90-9755-4cf9-babc-339b42aa9066 tempest-VolumesAdminNegativeTest-1111951241 tempest-VolumesAdminNegativeTest-1111951241-project] REQ: curl -i http://192.168.79.39:8080/v1/AUTH_9ae73010cc3143279a8cdce366ff593c/glance/9cc22930-0bb2-49a8-91ff-764b66174933 -X GET -H "X-Auth-Token: gAAAAABi60Sn9xF1..." {{(pid=146347) http_log /usr/local/lib/python3.8/dist-packages/swiftclient/client.py:157}}
Aug 04 04:01:43 ubuntu devstack@g-api.service[146347]: DEBUG swiftclient [None req-d28e0f90-9755-4cf9-babc-339b42aa9066 tempest-VolumesAdminNegativeTest-1111951241 tempest-VolumesAdminNegativeTest-1111951241-project] RESP STATUS: 200 OK {{(pid=146347) http_log /usr/local/lib/python3.8/dist-packages/swiftclient/client.py:158}}
Aug 04 04:01:43 ubuntu devstack@g-api.service[146347]: DEBUG swiftclient [None req-d28e0f90-9755-4cf9-babc-339b42aa9066 tempest-VolumesAdminNegativeTest-1111951241 tempest-VolumesAdminNegativeTest-1111951241-project] RESP HEADERS: {'Content-Type': 'application/octet-stream', 'Etag': '1d3062cd89af34e419f7100277f38b2b', 'Last-Modified': 'Thu, 04 Aug 2022 03:55:37 GMT', 'X-Timestamp': '1659585336.60857', 'Accept-Ranges': 'bytes', 'Content-Length': '16338944', 'X-Trans-Id': 'tx952472821d6e4aa093cdb-0062eb44a7', 'X-Openstack-Request-Id': 'tx952472821d6e4aa093cdb-0062eb44a7', 'Date': 'Thu, 04 Aug 2022 04:01:43 GMT'} {{(pid=146347) http_log /usr/local/lib/python3.8/dist-packages/swiftclient/client.py:159}}
Aug 04 04:01:43 ubuntu devstack@g-api.service[146347]: DEBUG glance.image_cache [None req-d28e0f90-9755-4cf9-babc-339b42aa9066 tempest-VolumesAdminNegativeTest-1111951241 tempest-VolumesAdminNegativeTest-1111951241-project] Tee'ing image '9cc22930-0bb2-49a8-91ff-764b66174933' into cache {{(pid=146347) get_caching_iter /opt/stack/glance/glance/image_cache/__init__.py:343}}
Aug 04 04:01:43 ubuntu devstack@g-api.service[146347]: DEBUG glance.image_cache.drivers.sqlite [None req-d28e0f90-9755-4cf9-babc-339b42aa9066 tempest-VolumesAdminNegativeTest-1111951241 tempest-VolumesAdminNegativeTest-1111951241-project] Fetch finished, moving '/opt/stack/data/glance/cache/incomplete/9cc22930-0bb2-49a8-91ff-764b66174933' to '/opt/stack/data/glance/cache/9cc22930-0bb2-49a8-91ff-764b66174933' {{(pid=146347) commit /opt/stack/glance/glance/image_cache/drivers/sqlite.py:324}}
Aug 04 04:01:43 ubuntu devstack@g-api.service[146347]: [pid: 146347|app: 0|req: 12/22] 127.0.0.1 () {42 vars in 1059 bytes} [Thu Aug  4 04:01:43 2022] GET /v2/images/9cc22930-0bb2-49a8-91ff-764b66174933/file => generated 16338944 bytes in 435 msecs (HTTP/1.1 200) 4 headers in 191 bytes (250 switches on core 0)
Aug 04 04:01:53 ubuntu devstack@g-api.service[146346]: DEBUG dbcounter [-] [146346] Writing DB stats glance:SELECT=8 {{(pid=146346) stat_writer /usr/local/lib/python3.8/dist-packages/dbcounter.py:114}}
Aug 04 04:01:53 ubuntu devstack@g-api.service[146347]: DEBUG dbcounter [-] [146347] Writing DB stats glance:SELECT=8 {{(pid=146347) stat_writer /usr/local/lib/python3.8/dist-packages/dbcounter.py:114}}
Aug 04 04:02:10 ubuntu devstack@g-api.service[146346]: DEBUG glance.api.middleware.version_negotiation [None req-d28e0f90-9755-4cf9-babc-339b42aa9066 tempest-VolumesAdminNegativeTest-1111951241 tempest-VolumesAdminNegativeTest-1111951241-project] Determining version of request: GET / Accept: application/json {{(pid=146346) process_request /opt/stack/glance/glance/api/middleware/version_negotiation.py:44}}
Aug 04 04:02:10 ubuntu devstack@g-api.service[146346]: DEBUG glance.api.middleware.version_negotiation [None req-d28e0f90-9755-4cf9-babc-339b42aa9066 tempest-VolumesAdminNegativeTest-1111951241 tempest-VolumesAdminNegativeTest-1111951241-project] Using url versioning {{(pid=146346) process_request /opt/stack/glance/glance/api/middleware/version_negotiation.py:57}}
Aug 04 04:02:10 ubuntu devstack@g-api.service[146346]: DEBUG glance.api.middleware.version_negotiation [None req-d28e0f90-9755-4cf9-babc-339b42aa9066 tempest-VolumesAdminNegativeTest-1111951241 tempest-VolumesAdminNegativeTest-1111951241-project] Unknown version. Returning version choices. {{(pid=146346) process_request /opt/stack/glance/glance/api/middleware/version_negotiation.py:64}}
Aug 04 04:02:10 ubuntu devstack@g-api.service[146346]: [pid: 146346|app: 0|req: 11/23] 127.0.0.1 () {34 vars in 492 bytes} [Thu Aug  4 04:02:10 2022] GET / => generated 1323 bytes in 4 msecs (HTTP/1.1 300) 3 headers in 106 bytes (1 switches on core 0)
Aug 04 04:02:10 ubuntu devstack@g-api.service[146347]: DEBUG glance.api.middleware.version_negotiation [None req-d28e0f90-9755-4cf9-babc-339b42aa9066 tempest-VolumesAdminNegativeTest-1111951241 tempest-VolumesAdminNegativeTest-1111951241-project] Determining version of request: GET /v2/images/9cc22930-0bb2-49a8-91ff-764b66174933 Accept: */* {{(pid=146347) process_request /opt/stack/glance/glance/api/middleware/version_negotiation.py:44}}
Aug 04 04:02:10 ubuntu devstack@g-api.service[146347]: DEBUG glance.api.middleware.version_negotiation [None req-d28e0f90-9755-4cf9-babc-339b42aa9066 tempest-VolumesAdminNegativeTest-1111951241 tempest-VolumesAdminNegativeTest-1111951241-project] Using url versioning {{(pid=146347) process_request /opt/stack/glance/glance/api/middleware/version_negotiation.py:57}}
Aug 04 04:02:10 ubuntu devstack@g-api.service[146347]: DEBUG glance.api.middleware.version_negotiation [None req-d28e0f90-9755-4cf9-babc-339b42aa9066 tempest-VolumesAdminNegativeTest-1111951241 tempest-VolumesAdminNegativeTest-1111951241-project] Matched version: v2 {{(pid=146347) process_request /opt/stack/glance/glance/api/middleware/version_negotiation.py:69}}
Aug 04 04:02:10 ubuntu devstack@g-api.service[146347]: DEBUG glance.api.middleware.version_negotiation [None req-d28e0f90-9755-4cf9-babc-339b42aa9066 tempest-VolumesAdminNegativeTest-1111951241 tempest-VolumesAdminNegativeTest-1111951241-project] new path /v2/images/9cc22930-0bb2-49a8-91ff-764b66174933 {{(pid=146347) process_request /opt/stack/glance/glance/api/middleware/version_negotiation.py:70}}
Aug 04 04:02:10 ubuntu devstack@g-api.service[146347]: [pid: 146347|app: 0|req: 13/24] 127.0.0.1 () {42 vars in 1049 bytes} [Thu Aug  4 04:02:10 2022] GET /v2/images/9cc22930-0bb2-49a8-91ff-764b66174933 => generated 976 bytes in 21 msecs (HTTP/1.1 200) 4 headers in 157 bytes (1 switches on core 0)
Aug 04 04:02:10 ubuntu devstack@g-api.service[146346]: DEBUG glance.api.middleware.version_negotiation [None req-d28e0f90-9755-4cf9-babc-339b42aa9066 tempest-VolumesAdminNegativeTest-1111951241 tempest-VolumesAdminNegativeTest-1111951241-project] Determining version of request: GET /v2/schemas/image Accept: */* {{(pid=146346) process_request /opt/stack/glance/glance/api/middleware/version_negotiation.py:44}}
Aug 04 04:02:10 ubuntu devstack@g-api.service[146346]: DEBUG glance.api.middleware.version_negotiation [None req-d28e0f90-9755-4cf9-babc-339b42aa9066 tempest-VolumesAdminNegativeTest-1111951241 tempest-VolumesAdminNegativeTest-1111951241-project] Using url versioning {{(pid=146346) process_request /opt/stack/glance/glance/api/middleware/version_negotiation.py:57}}
Aug 04 04:02:10 ubuntu devstack@g-api.service[146346]: DEBUG glance.api.middleware.version_negotiation [None req-d28e0f90-9755-4cf9-babc-339b42aa9066 tempest-VolumesAdminNegativeTest-1111951241 tempest-VolumesAdminNegativeTest-1111951241-project] Matched version: v2 {{(pid=146346) process_request /opt/stack/glance/glance/api/middleware/version_negotiation.py:69}}
Aug 04 04:02:10 ubuntu devstack@g-api.service[146346]: DEBUG glance.api.middleware.version_negotiation [None req-d28e0f90-9755-4cf9-babc-339b42aa9066 tempest-VolumesAdminNegativeTest-1111951241 tempest-VolumesAdminNegativeTest-1111951241-project] new path /v2/schemas/image {{(pid=146346) process_request /opt/stack/glance/glance/api/middleware/version_negotiation.py:70}}
Aug 04 04:02:10 ubuntu devstack@g-api.service[146346]: [pid: 146346|app: 0|req: 12/25] 127.0.0.1 () {42 vars in 989 bytes} [Thu Aug  4 04:02:10 2022] GET /v2/schemas/image => generated 6083 bytes in 8 msecs (HTTP/1.1 200) 4 headers in 158 bytes (1 switches on core 0)
Aug 04 04:02:20 ubuntu devstack@g-api.service[146347]: DEBUG dbcounter [-] [146347] Writing DB stats glance:SELECT=4 {{(pid=146347) stat_writer /usr/local/lib/python3.8/dist-packages/dbcounter.py:114}}
Aug 04 04:02:39 ubuntu devstack@g-api.service[146347]: DEBUG glance.api.middleware.version_negotiation [None req-2501c106-978b-4785-bbc8-956193b39951 tempest-DeleteServersTestJSON-291210531 tempest-DeleteServersTestJSON-291210531-project] Determining version of request: GET /v2/images/9cc22930-0bb2-49a8-91ff-764b66174933 Accept: */* {{(pid=146347) process_request /opt/stack/glance/glance/api/middleware/version_negotiation.py:44}}
Aug 04 04:02:39 ubuntu devstack@g-api.service[146347]: DEBUG glance.api.middleware.version_negotiation [None req-2501c106-978b-4785-bbc8-956193b39951 tempest-DeleteServersTestJSON-291210531 tempest-DeleteServersTestJSON-291210531-project] Using url versioning {{(pid=146347) process_request /opt/stack/glance/glance/api/middleware/version_negotiation.py:57}}
Aug 04 04:02:39 ubuntu devstack@g-api.service[146347]: DEBUG glance.api.middleware.version_negotiation [None req-2501c106-978b-4785-bbc8-956193b39951 tempest-DeleteServersTestJSON-291210531 tempest-DeleteServersTestJSON-291210531-project] Matched version: v2 {{(pid=146347) process_request /opt/stack/glance/glance/api/middleware/version_negotiation.py:69}}
Aug 04 04:02:39 ubuntu devstack@g-api.service[146347]: DEBUG glance.api.middleware.version_negotiation [None req-2501c106-978b-4785-bbc8-956193b39951 tempest-DeleteServersTestJSON-291210531 tempest-DeleteServersTestJSON-291210531-project] new path /v2/images/9cc22930-0bb2-49a8-91ff-764b66174933 {{(pid=146347) process_request /opt/stack/glance/glance/api/middleware/version_negotiation.py:70}}
Aug 04 04:02:39 ubuntu devstack@g-api.service[146347]: [pid: 146347|app: 0|req: 14/26] 127.0.0.1 () {42 vars in 1049 bytes} [Thu Aug  4 04:02:39 2022] GET /v2/images/9cc22930-0bb2-49a8-91ff-764b66174933 => generated 976 bytes in 17 msecs (HTTP/1.1 200) 4 headers in 157 bytes (1 switches on core 0)
