Jun 07 16:50:35 ubuntu devstack@g-api.service[130539]: DEBUG glance_store.backend [None req-26eb6804-272a-40f3-8e92-d4f9d8580074 admin admin] Attempting to import store swift {{(pid=130539) _load_store /usr/local/lib/python3.8/dist-packages/glance_store/backend.py:217}}
Jun 07 16:50:35 ubuntu devstack@g-api.service[130539]: DEBUG glance_store.capabilities [None req-26eb6804-272a-40f3-8e92-d4f9d8580074 admin admin] Store glance_store._drivers.swift.store.SingleTenantStore doesn't support updating dynamic storage capabilities. Please overwrite 'update_capabilities' method of the store to implement updating logics if needed. {{(pid=130539) update_capabilities /usr/local/lib/python3.8/dist-packages/glance_store/capabilities.py:91}}
Jun 07 16:50:35 ubuntu devstack@g-api.service[130539]: DEBUG glance_store.driver [None req-26eb6804-272a-40f3-8e92-d4f9d8580074 admin admin] Late loading location class glance_store._drivers.swift.store.StoreLocation {{(pid=130539) get_store_location_class /usr/local/lib/python3.8/dist-packages/glance_store/driver.py:117}}
Jun 07 16:50:35 ubuntu devstack@g-api.service[130539]: DEBUG glance_store.location [None req-26eb6804-272a-40f3-8e92-d4f9d8580074 admin admin] Registering scheme swift+https with {'store': <glance_store._drivers.swift.store.SingleTenantStore object at 0x7f1c09330f40>, 'location_class': <class 'glance_store._drivers.swift.store.StoreLocation'>, 'store_entry': 'swift'} {{(pid=130539) register_scheme_map /usr/local/lib/python3.8/dist-packages/glance_store/location.py:146}}
Jun 07 16:50:35 ubuntu devstack@g-api.service[130539]: DEBUG glance_store.location [None req-26eb6804-272a-40f3-8e92-d4f9d8580074 admin admin] Registering scheme swift+https with {'store': <glance_store._drivers.swift.store.SingleTenantStore object at 0x7f1c09330f40>, 'location_class': <class 'glance_store._drivers.swift.store.StoreLocation'>, 'store_entry': 'swift'} {{(pid=130539) register_scheme_map /usr/local/lib/python3.8/dist-packages/glance_store/location.py:146}}
Jun 07 16:50:35 ubuntu devstack@g-api.service[130539]: DEBUG glance_store.location [None req-26eb6804-272a-40f3-8e92-d4f9d8580074 admin admin] Registering scheme swift with {'store': <glance_store._drivers.swift.store.SingleTenantStore object at 0x7f1c09330f40>, 'location_class': <class 'glance_store._drivers.swift.store.StoreLocation'>, 'store_entry': 'swift'} {{(pid=130539) register_scheme_map /usr/local/lib/python3.8/dist-packages/glance_store/location.py:146}}
Jun 07 16:50:35 ubuntu devstack@g-api.service[130539]: DEBUG glance_store.location [None req-26eb6804-272a-40f3-8e92-d4f9d8580074 admin admin] Registering scheme swift+https with {'store': <glance_store._drivers.swift.store.SingleTenantStore object at 0x7f1c09330f40>, 'location_class': <class 'glance_store._drivers.swift.store.StoreLocation'>, 'store_entry': 'swift'} {{(pid=130539) register_scheme_map /usr/local/lib/python3.8/dist-packages/glance_store/location.py:146}}
Jun 07 16:50:35 ubuntu devstack@g-api.service[130539]: DEBUG glance_store.location [None req-26eb6804-272a-40f3-8e92-d4f9d8580074 admin admin] Registering scheme swift with {'store': <glance_store._drivers.swift.store.SingleTenantStore object at 0x7f1c09330f40>, 'location_class': <class 'glance_store._drivers.swift.store.StoreLocation'>, 'store_entry': 'swift'} {{(pid=130539) register_scheme_map /usr/local/lib/python3.8/dist-packages/glance_store/location.py:146}}
Jun 07 16:50:35 ubuntu devstack@g-api.service[130539]: DEBUG glance_store.location [None req-26eb6804-272a-40f3-8e92-d4f9d8580074 admin admin] Registering scheme swift+http with {'store': <glance_store._drivers.swift.store.SingleTenantStore object at 0x7f1c09330f40>, 'location_class': <class 'glance_store._drivers.swift.store.StoreLocation'>, 'store_entry': 'swift'} {{(pid=130539) register_scheme_map /usr/local/lib/python3.8/dist-packages/glance_store/location.py:146}}
Jun 07 16:50:35 ubuntu devstack@g-api.service[130539]: DEBUG glance_store.location [None req-26eb6804-272a-40f3-8e92-d4f9d8580074 admin admin] Registering scheme swift+https with {'store': <glance_store._drivers.swift.store.SingleTenantStore object at 0x7f1c09330f40>, 'location_class': <class 'glance_store._drivers.swift.store.StoreLocation'>, 'store_entry': 'swift'} {{(pid=130539) register_scheme_map /usr/local/lib/python3.8/dist-packages/glance_store/location.py:146}}
Jun 07 16:50:35 ubuntu devstack@g-api.service[130539]: DEBUG glance_store.location [None req-26eb6804-272a-40f3-8e92-d4f9d8580074 admin admin] Registering scheme swift with {'store': <glance_store._drivers.swift.store.SingleTenantStore object at 0x7f1c09330f40>, 'location_class': <class 'glance_store._drivers.swift.store.StoreLocation'>, 'store_entry': 'swift'} {{(pid=130539) register_scheme_map /usr/local/lib/python3.8/dist-packages/glance_store/location.py:146}}
Jun 07 16:50:35 ubuntu devstack@g-api.service[130539]: DEBUG glance_store.location [None req-26eb6804-272a-40f3-8e92-d4f9d8580074 admin admin] Registering scheme swift+http with {'store': <glance_store._drivers.swift.store.SingleTenantStore object at 0x7f1c09330f40>, 'location_class': <class 'glance_store._drivers.swift.store.StoreLocation'>, 'store_entry': 'swift'} {{(pid=130539) register_scheme_map /usr/local/lib/python3.8/dist-packages/glance_store/location.py:146}}
Jun 07 16:50:35 ubuntu devstack@g-api.service[130539]: DEBUG glance_store.location [None req-26eb6804-272a-40f3-8e92-d4f9d8580074 admin admin] Registering scheme swift+config with {'store': <glance_store._drivers.swift.store.SingleTenantStore object at 0x7f1c09330f40>, 'location_class': <class 'glance_store._drivers.swift.store.StoreLocation'>, 'store_entry': 'swift'} {{(pid=130539) register_scheme_map /usr/local/lib/python3.8/dist-packages/glance_store/location.py:146}}
Jun 07 16:50:35 ubuntu devstack@g-api.service[130539]: DEBUG glance_store.backend [None req-26eb6804-272a-40f3-8e92-d4f9d8580074 admin admin] Skipping store.set_acls... not implemented. {{(pid=130539) set_acls /usr/local/lib/python3.8/dist-packages/glance_store/backend.py:509}}
Jun 07 16:50:35 ubuntu devstack@g-api.service[130539]: [pid: 130539|app: 0|req: 3/4] 127.0.0.1 () {40 vars in 862 bytes} [Tue Jun  7 16:50:33 2022] PUT /v2/images/30a012c2-58a7-4158-a8a7-06ecd40a47ed/file => generated 0 bytes in 2178 msecs (HTTP/1.1 204) 4 headers in 171 bytes (1 switches on core 0)
Jun 07 16:50:43 ubuntu devstack@g-api.service[130538]: DEBUG dbcounter [-] [130538] Writing DB stats glance:SELECT=9,glance:INSERT=5 {{(pid=130538) stat_writer /usr/local/lib/python3.8/dist-packages/dbcounter.py:114}}
Jun 07 16:50:45 ubuntu devstack@g-api.service[130539]: DEBUG dbcounter [-] [130539] Writing DB stats glance:SELECT=28,glance:UPDATE=2,glance:INSERT=1 {{(pid=130539) stat_writer /usr/local/lib/python3.8/dist-packages/dbcounter.py:114}}
Jun 07 16:51:33 ubuntu devstack@g-api.service[130538]: DEBUG glance.api.middleware.version_negotiation [None req-e5dded57-16ad-445a-b7ae-12e43f03fd39 admin admin] Determining version of request: GET / Accept: application/json {{(pid=130538) process_request /opt/stack/glance/glance/api/middleware/version_negotiation.py:44}}
Jun 07 16:51:33 ubuntu devstack@g-api.service[130538]: DEBUG glance.api.middleware.version_negotiation [None req-e5dded57-16ad-445a-b7ae-12e43f03fd39 admin admin] Using url versioning {{(pid=130538) process_request /opt/stack/glance/glance/api/middleware/version_negotiation.py:57}}
Jun 07 16:51:33 ubuntu devstack@g-api.service[130538]: DEBUG glance.api.middleware.version_negotiation [None req-e5dded57-16ad-445a-b7ae-12e43f03fd39 admin admin] Unknown version. Returning version choices. {{(pid=130538) process_request /opt/stack/glance/glance/api/middleware/version_negotiation.py:64}}
Jun 07 16:51:33 ubuntu devstack@g-api.service[130538]: [pid: 130538|app: 0|req: 2/5] 127.0.0.1 () {34 vars in 506 bytes} [Tue Jun  7 16:51:33 2022] GET / => generated 1323 bytes in 2 msecs (HTTP/1.1 300) 3 headers in 106 bytes (1 switches on core 0)
Jun 07 16:51:33 ubuntu devstack@g-api.service[130539]: DEBUG glance.api.middleware.version_negotiation [None req-26eb6804-272a-40f3-8e92-d4f9d8580074 admin admin] Determining version of request: GET /v2/images Accept: application/json {{(pid=130539) process_request /opt/stack/glance/glance/api/middleware/version_negotiation.py:44}}
Jun 07 16:51:33 ubuntu devstack@g-api.service[130539]: DEBUG glance.api.middleware.version_negotiation [None req-26eb6804-272a-40f3-8e92-d4f9d8580074 admin admin] Using url versioning {{(pid=130539) process_request /opt/stack/glance/glance/api/middleware/version_negotiation.py:57}}
Jun 07 16:51:33 ubuntu devstack@g-api.service[130539]: DEBUG glance.api.middleware.version_negotiation [None req-26eb6804-272a-40f3-8e92-d4f9d8580074 admin admin] Matched version: v2 {{(pid=130539) process_request /opt/stack/glance/glance/api/middleware/version_negotiation.py:69}}
Jun 07 16:51:33 ubuntu devstack@g-api.service[130539]: DEBUG glance.api.middleware.version_negotiation [None req-26eb6804-272a-40f3-8e92-d4f9d8580074 admin admin] new path /v2/images {{(pid=130539) process_request /opt/stack/glance/glance/api/middleware/version_negotiation.py:70}}
Jun 07 16:51:34 ubuntu devstack@g-api.service[130539]: [pid: 130539|app: 0|req: 4/6] 127.0.0.1 () {36 vars in 728 bytes} [Tue Jun  7 16:51:33 2022] GET /v2/images => generated 1045 bytes in 120 msecs (HTTP/1.1 200) 4 headers in 158 bytes (1 switches on core 0)
Jun 07 16:51:40 ubuntu devstack@g-api.service[130538]: DEBUG glance.api.middleware.version_negotiation [None req-e5dded57-16ad-445a-b7ae-12e43f03fd39 admin admin] Determining version of request: GET / Accept: application/json {{(pid=130538) process_request /opt/stack/glance/glance/api/middleware/version_negotiation.py:44}}
Jun 07 16:51:40 ubuntu devstack@g-api.service[130538]: DEBUG glance.api.middleware.version_negotiation [None req-e5dded57-16ad-445a-b7ae-12e43f03fd39 admin admin] Using url versioning {{(pid=130538) process_request /opt/stack/glance/glance/api/middleware/version_negotiation.py:57}}
Jun 07 16:51:40 ubuntu devstack@g-api.service[130538]: DEBUG glance.api.middleware.version_negotiation [None req-e5dded57-16ad-445a-b7ae-12e43f03fd39 admin admin] Unknown version. Returning version choices. {{(pid=130538) process_request /opt/stack/glance/glance/api/middleware/version_negotiation.py:64}}
Jun 07 16:51:40 ubuntu devstack@g-api.service[130538]: [pid: 130538|app: 0|req: 3/7] 127.0.0.1 () {34 vars in 506 bytes} [Tue Jun  7 16:51:40 2022] GET / => generated 1323 bytes in 2 msecs (HTTP/1.1 300) 3 headers in 106 bytes (1 switches on core 0)
Jun 07 16:51:40 ubuntu devstack@g-api.service[130539]: DEBUG glance.api.middleware.version_negotiation [None req-478975aa-45ca-4188-b4b1-fe5339825b0d admin admin] Determining version of request: GET /v2/images/30a012c2-58a7-4158-a8a7-06ecd40a47ed Accept: */* {{(pid=130539) process_request /opt/stack/glance/glance/api/middleware/version_negotiation.py:44}}
Jun 07 16:51:40 ubuntu devstack@g-api.service[130539]: DEBUG glance.api.middleware.version_negotiation [None req-478975aa-45ca-4188-b4b1-fe5339825b0d admin admin] Using url versioning {{(pid=130539) process_request /opt/stack/glance/glance/api/middleware/version_negotiation.py:57}}
Jun 07 16:51:40 ubuntu devstack@g-api.service[130539]: DEBUG glance.api.middleware.version_negotiation [None req-478975aa-45ca-4188-b4b1-fe5339825b0d admin admin] Matched version: v2 {{(pid=130539) process_request /opt/stack/glance/glance/api/middleware/version_negotiation.py:69}}
Jun 07 16:51:40 ubuntu devstack@g-api.service[130539]: DEBUG glance.api.middleware.version_negotiation [None req-478975aa-45ca-4188-b4b1-fe5339825b0d admin admin] new path /v2/images/30a012c2-58a7-4158-a8a7-06ecd40a47ed {{(pid=130539) process_request /opt/stack/glance/glance/api/middleware/version_negotiation.py:70}}
Jun 07 16:51:40 ubuntu devstack@g-api.service[130539]: [pid: 130539|app: 0|req: 5/8] 127.0.0.1 () {36 vars in 789 bytes} [Tue Jun  7 16:51:40 2022] GET /v2/images/30a012c2-58a7-4158-a8a7-06ecd40a47ed => generated 976 bytes in 50 msecs (HTTP/1.1 200) 4 headers in 157 bytes (1 switches on core 0)
Jun 07 16:51:43 ubuntu devstack@g-api.service[130538]: DEBUG glance.api.middleware.version_negotiation [None req-e5dded57-16ad-445a-b7ae-12e43f03fd39 admin admin] Determining version of request: GET / Accept: application/json {{(pid=130538) process_request /opt/stack/glance/glance/api/middleware/version_negotiation.py:44}}
Jun 07 16:51:43 ubuntu devstack@g-api.service[130538]: DEBUG glance.api.middleware.version_negotiation [None req-e5dded57-16ad-445a-b7ae-12e43f03fd39 admin admin] Using url versioning {{(pid=130538) process_request /opt/stack/glance/glance/api/middleware/version_negotiation.py:57}}
Jun 07 16:51:43 ubuntu devstack@g-api.service[130538]: DEBUG glance.api.middleware.version_negotiation [None req-e5dded57-16ad-445a-b7ae-12e43f03fd39 admin admin] Unknown version. Returning version choices. {{(pid=130538) process_request /opt/stack/glance/glance/api/middleware/version_negotiation.py:64}}
Jun 07 16:51:43 ubuntu devstack@g-api.service[130538]: [pid: 130538|app: 0|req: 4/9] 127.0.0.1 () {34 vars in 506 bytes} [Tue Jun  7 16:51:43 2022] GET / => generated 1323 bytes in 3 msecs (HTTP/1.1 300) 3 headers in 106 bytes (1 switches on core 0)
Jun 07 16:51:43 ubuntu devstack@g-api.service[130539]: DEBUG glance.api.middleware.version_negotiation [None req-9b9a70da-e24f-431e-be88-8ec8b6fb7e48 admin admin] Determining version of request: GET /v2/images/30a012c2-58a7-4158-a8a7-06ecd40a47ed Accept: */* {{(pid=130539) process_request /opt/stack/glance/glance/api/middleware/version_negotiation.py:44}}
Jun 07 16:51:43 ubuntu devstack@g-api.service[130539]: DEBUG glance.api.middleware.version_negotiation [None req-9b9a70da-e24f-431e-be88-8ec8b6fb7e48 admin admin] Using url versioning {{(pid=130539) process_request /opt/stack/glance/glance/api/middleware/version_negotiation.py:57}}
Jun 07 16:51:43 ubuntu devstack@g-api.service[130539]: DEBUG glance.api.middleware.version_negotiation [None req-9b9a70da-e24f-431e-be88-8ec8b6fb7e48 admin admin] Matched version: v2 {{(pid=130539) process_request /opt/stack/glance/glance/api/middleware/version_negotiation.py:69}}
Jun 07 16:51:43 ubuntu devstack@g-api.service[130539]: DEBUG glance.api.middleware.version_negotiation [None req-9b9a70da-e24f-431e-be88-8ec8b6fb7e48 admin admin] new path /v2/images/30a012c2-58a7-4158-a8a7-06ecd40a47ed {{(pid=130539) process_request /opt/stack/glance/glance/api/middleware/version_negotiation.py:70}}
Jun 07 16:51:43 ubuntu devstack@g-api.service[130539]: [pid: 130539|app: 0|req: 6/10] 127.0.0.1 () {36 vars in 789 bytes} [Tue Jun  7 16:51:43 2022] GET /v2/images/30a012c2-58a7-4158-a8a7-06ecd40a47ed => generated 976 bytes in 51 msecs (HTTP/1.1 200) 4 headers in 157 bytes (1 switches on core 0)
Jun 07 16:51:53 ubuntu devstack@g-api.service[130539]: DEBUG dbcounter [-] [130539] Writing DB stats glance:SELECT=10 {{(pid=130539) stat_writer /usr/local/lib/python3.8/dist-packages/dbcounter.py:114}}
Jun 07 16:54:18 ubuntu devstack@g-api.service[130538]: DEBUG glance.api.middleware.version_negotiation [None req-e5dded57-16ad-445a-b7ae-12e43f03fd39 admin admin] Determining version of request: GET /v1 Accept: application/json {{(pid=130538) process_request /opt/stack/glance/glance/api/middleware/version_negotiation.py:44}}
Jun 07 16:54:18 ubuntu devstack@g-api.service[130538]: DEBUG glance.api.middleware.version_negotiation [None req-e5dded57-16ad-445a-b7ae-12e43f03fd39 admin admin] Using url versioning {{(pid=130538) process_request /opt/stack/glance/glance/api/middleware/version_negotiation.py:57}}
Jun 07 16:54:18 ubuntu devstack@g-api.service[130538]: DEBUG glance.api.middleware.version_negotiation [None req-e5dded57-16ad-445a-b7ae-12e43f03fd39 admin admin] Unknown version. Returning version choices. {{(pid=130538) process_request /opt/stack/glance/glance/api/middleware/version_negotiation.py:64}}
Jun 07 16:54:18 ubuntu devstack@g-api.service[130538]: [pid: 130538|app: 0|req: 5/11] 127.0.0.1 () {38 vars in 685 bytes} [Tue Jun  7 16:54:18 2022] GET /v1 => generated 1323 bytes in 5 msecs (HTTP/1.1 300) 3 headers in 106 bytes (1 switches on core 0)
Jun 07 16:55:13 ubuntu devstack@g-api.service[130539]: DEBUG oslo_concurrency.lockutils [-] Acquired lock "glance-cache" {{(pid=130539) lock /usr/local/lib/python3.8/dist-packages/oslo_concurrency/lockutils.py:294}}
Jun 07 16:55:13 ubuntu devstack@g-api.service[130539]: DEBUG oslo_concurrency.lockutils [-] Acquired external semaphore "glance-cache" {{(pid=130539) lock /usr/local/lib/python3.8/dist-packages/oslo_concurrency/lockutils.py:302}}
Jun 07 16:55:13 ubuntu devstack@g-api.service[130539]: DEBUG glance.image_cache.prefetcher [-] Nothing to prefetch. {{(pid=130539) run /opt/stack/glance/glance/image_cache/prefetcher.py:79}}
Jun 07 16:55:13 ubuntu devstack@g-api.service[130539]: DEBUG oslo_concurrency.lockutils [-] Releasing lock "glance-cache" {{(pid=130539) lock /usr/local/lib/python3.8/dist-packages/oslo_concurrency/lockutils.py:312}}
Jun 07 16:55:13 ubuntu devstack@g-api.service[130538]: DEBUG oslo_concurrency.lockutils [-] Acquired lock "glance-cache" {{(pid=130538) lock /usr/local/lib/python3.8/dist-packages/oslo_concurrency/lockutils.py:294}}
Jun 07 16:55:13 ubuntu devstack@g-api.service[130538]: DEBUG oslo_concurrency.lockutils [-] Acquired external semaphore "glance-cache" {{(pid=130538) lock /usr/local/lib/python3.8/dist-packages/oslo_concurrency/lockutils.py:302}}
Jun 07 16:55:13 ubuntu devstack@g-api.service[130538]: DEBUG glance.image_cache.prefetcher [-] Nothing to prefetch. {{(pid=130538) run /opt/stack/glance/glance/image_cache/prefetcher.py:79}}
Jun 07 16:55:13 ubuntu devstack@g-api.service[130538]: DEBUG oslo_concurrency.lockutils [-] Releasing lock "glance-cache" {{(pid=130538) lock /usr/local/lib/python3.8/dist-packages/oslo_concurrency/lockutils.py:312}}
Jun 07 16:56:38 ubuntu devstack@g-api.service[130539]: DEBUG glance.api.middleware.version_negotiation [None req-136fb9ab-3e30-4858-a26a-e28abd0dcd84 admin admin] Determining version of request: GET /versions Accept: */* {{(pid=130539) process_request /opt/stack/glance/glance/api/middleware/version_negotiation.py:44}}
Jun 07 16:56:38 ubuntu devstack@g-api.service[130539]: [pid: 130539|app: 0|req: 7/12] 127.0.0.1 () {38 vars in 695 bytes} [Tue Jun  7 16:56:38 2022] GET /versions => generated 1323 bytes in 3 msecs (HTTP/1.1 200) 3 headers in 92 bytes (1 switches on core 0)
Jun 07 16:56:38 ubuntu devstack@g-api.service[130538]: DEBUG glance.api.middleware.version_negotiation [None req-e5dded57-16ad-445a-b7ae-12e43f03fd39 admin admin] Determining version of request: GET /v2/schemas/image Accept: */* {{(pid=130538) process_request /opt/stack/glance/glance/api/middleware/version_negotiation.py:44}}
Jun 07 16:56:38 ubuntu devstack@g-api.service[130538]: DEBUG glance.api.middleware.version_negotiation [None req-e5dded57-16ad-445a-b7ae-12e43f03fd39 admin admin] Using url versioning {{(pid=130538) process_request /opt/stack/glance/glance/api/middleware/version_negotiation.py:57}}
Jun 07 16:56:38 ubuntu devstack@g-api.service[130538]: DEBUG glance.api.middleware.version_negotiation [None req-e5dded57-16ad-445a-b7ae-12e43f03fd39 admin admin] Matched version: v2 {{(pid=130538) process_request /opt/stack/glance/glance/api/middleware/version_negotiation.py:69}}
Jun 07 16:56:38 ubuntu devstack@g-api.service[130538]: DEBUG glance.api.middleware.version_negotiation [None req-e5dded57-16ad-445a-b7ae-12e43f03fd39 admin admin] new path /v2/schemas/image {{(pid=130538) process_request /opt/stack/glance/glance/api/middleware/version_negotiation.py:70}}
Jun 07 16:56:38 ubuntu devstack@g-api.service[130538]: [pid: 130538|app: 0|req: 6/13] 127.0.0.1 () {38 vars in 711 bytes} [Tue Jun  7 16:56:38 2022] GET /v2/schemas/image => generated 6083 bytes in 94 msecs (HTTP/1.1 200) 4 headers in 158 bytes (1 switches on core 0)
Jun 07 16:56:38 ubuntu devstack@g-api.service[130539]: DEBUG glance.api.middleware.version_negotiation [None req-136fb9ab-3e30-4858-a26a-e28abd0dcd84 admin admin] Determining version of request: GET /v2/schemas/metadefs/namespace Accept: */* {{(pid=130539) process_request /opt/stack/glance/glance/api/middleware/version_negotiation.py:44}}
Jun 07 16:56:38 ubuntu devstack@g-api.service[130539]: DEBUG glance.api.middleware.version_negotiation [None req-136fb9ab-3e30-4858-a26a-e28abd0dcd84 admin admin] Using url versioning {{(pid=130539) process_request /opt/stack/glance/glance/api/middleware/version_negotiation.py:57}}
Jun 07 16:56:38 ubuntu devstack@g-api.service[130539]: DEBUG glance.api.middleware.version_negotiation [None req-136fb9ab-3e30-4858-a26a-e28abd0dcd84 admin admin] Matched version: v2 {{(pid=130539) process_request /opt/stack/glance/glance/api/middleware/version_negotiation.py:69}}
Jun 07 16:56:38 ubuntu devstack@g-api.service[130539]: DEBUG glance.api.middleware.version_negotiation [None req-136fb9ab-3e30-4858-a26a-e28abd0dcd84 admin admin] new path /v2/schemas/metadefs/namespace {{(pid=130539) process_request /opt/stack/glance/glance/api/middleware/version_negotiation.py:70}}
Jun 07 16:56:38 ubuntu devstack@g-api.service[130539]: [pid: 130539|app: 0|req: 8/14] 127.0.0.1 () {38 vars in 737 bytes} [Tue Jun  7 16:56:38 2022] GET /v2/schemas/metadefs/namespace => generated 3100 bytes in 7 msecs (HTTP/1.1 200) 4 headers in 158 bytes (1 switches on core 0)
Jun 07 16:56:38 ubuntu devstack@g-api.service[130538]: DEBUG glance.api.middleware.version_negotiation [None req-323edc56-3c8b-454a-a89f-8ad7ba5e4015 admin admin] Determining version of request: GET /v2/schemas/metadefs/resource_type Accept: */* {{(pid=130538) process_request /opt/stack/glance/glance/api/middleware/version_negotiation.py:44}}
Jun 07 16:56:38 ubuntu devstack@g-api.service[130538]: DEBUG glance.api.middleware.version_negotiation [None req-323edc56-3c8b-454a-a89f-8ad7ba5e4015 admin admin] Using url versioning {{(pid=130538) process_request /opt/stack/glance/glance/api/middleware/version_negotiation.py:57}}
Jun 07 16:56:38 ubuntu devstack@g-api.service[130538]: DEBUG glance.api.middleware.version_negotiation [None req-323edc56-3c8b-454a-a89f-8ad7ba5e4015 admin admin] Matched version: v2 {{(pid=130538) process_request /opt/stack/glance/glance/api/middleware/version_negotiation.py:69}}
Jun 07 16:56:38 ubuntu devstack@g-api.service[130538]: DEBUG glance.api.middleware.version_negotiation [None req-323edc56-3c8b-454a-a89f-8ad7ba5e4015 admin admin] new path /v2/schemas/metadefs/resource_type {{(pid=130538) process_request /opt/stack/glance/glance/api/middleware/version_negotiation.py:70}}
Jun 07 16:56:38 ubuntu devstack@g-api.service[130538]: [pid: 130538|app: 0|req: 7/15] 127.0.0.1 () {38 vars in 745 bytes} [Tue Jun  7 16:56:38 2022] GET /v2/schemas/metadefs/resource_type => generated 1262 bytes in 4 msecs (HTTP/1.1 200) 4 headers in 158 bytes (1 switches on core 0)
Jun 07 16:56:38 ubuntu devstack@g-api.service[130539]: DEBUG glance.api.middleware.version_negotiation [None req-48e418fb-728b-49ca-acf4-75374c758375 admin admin] Determining version of request: GET /v2/images Accept: */* {{(pid=130539) process_request /opt/stack/glance/glance/api/middleware/version_negotiation.py:44}}
Jun 07 16:56:38 ubuntu devstack@g-api.service[130539]: DEBUG glance.api.middleware.version_negotiation [None req-48e418fb-728b-49ca-acf4-75374c758375 admin admin] Using url versioning {{(pid=130539) process_request /opt/stack/glance/glance/api/middleware/version_negotiation.py:57}}
Jun 07 16:56:38 ubuntu devstack@g-api.service[130539]: DEBUG glance.api.middleware.version_negotiation [None req-48e418fb-728b-49ca-acf4-75374c758375 admin admin] Matched version: v2 {{(pid=130539) process_request /opt/stack/glance/glance/api/middleware/version_negotiation.py:69}}
Jun 07 16:56:38 ubuntu devstack@g-api.service[130539]: DEBUG glance.api.middleware.version_negotiation [None req-48e418fb-728b-49ca-acf4-75374c758375 admin admin] new path /v2/images {{(pid=130539) process_request /opt/stack/glance/glance/api/middleware/version_negotiation.py:70}}
Jun 07 16:56:38 ubuntu devstack@g-api.service[130539]: [pid: 130539|app: 0|req: 9/16] 127.0.0.1 () {38 vars in 768 bytes} [Tue Jun  7 16:56:38 2022] GET /v2/images?limit=20&sort_key=name&sort_dir=asc => generated 1081 bytes in 81 msecs (HTTP/1.1 200) 4 headers in 158 bytes (1 switches on core 0)
Jun 07 16:56:38 ubuntu devstack@g-api.service[130538]: DEBUG glance.api.middleware.version_negotiation [None req-ae6fd75e-50cc-43b1-974d-eba0eda7c702 admin admin] Determining version of request: GET /v2/schemas/image Accept: */* {{(pid=130538) process_request /opt/stack/glance/glance/api/middleware/version_negotiation.py:44}}
Jun 07 16:56:38 ubuntu devstack@g-api.service[130538]: DEBUG glance.api.middleware.version_negotiation [None req-ae6fd75e-50cc-43b1-974d-eba0eda7c702 admin admin] Using url versioning {{(pid=130538) process_request /opt/stack/glance/glance/api/middleware/version_negotiation.py:57}}
Jun 07 16:56:38 ubuntu devstack@g-api.service[130538]: DEBUG glance.api.middleware.version_negotiation [None req-ae6fd75e-50cc-43b1-974d-eba0eda7c702 admin admin] Matched version: v2 {{(pid=130538) process_request /opt/stack/glance/glance/api/middleware/version_negotiation.py:69}}
Jun 07 16:56:38 ubuntu devstack@g-api.service[130538]: DEBUG glance.api.middleware.version_negotiation [None req-ae6fd75e-50cc-43b1-974d-eba0eda7c702 admin admin] new path /v2/schemas/image {{(pid=130538) process_request /opt/stack/glance/glance/api/middleware/version_negotiation.py:70}}
Jun 07 16:56:38 ubuntu devstack@g-api.service[130538]: [pid: 130538|app: 0|req: 8/17] 127.0.0.1 () {38 vars in 711 bytes} [Tue Jun  7 16:56:38 2022] GET /v2/schemas/image => generated 6083 bytes in 9 msecs (HTTP/1.1 200) 4 headers in 158 bytes (1 switches on core 0)
Jun 07 16:56:48 ubuntu devstack@g-api.service[130539]: DEBUG glance.api.middleware.version_negotiation [None req-711c33d5-ba71-448c-8e45-5a385aacbe4d admin admin] Determining version of request: GET / Accept: application/json {{(pid=130539) process_request /opt/stack/glance/glance/api/middleware/version_negotiation.py:44}}
Jun 07 16:56:48 ubuntu devstack@g-api.service[130539]: DEBUG glance.api.middleware.version_negotiation [None req-711c33d5-ba71-448c-8e45-5a385aacbe4d admin admin] Using url versioning {{(pid=130539) process_request /opt/stack/glance/glance/api/middleware/version_negotiation.py:57}}
Jun 07 16:56:48 ubuntu devstack@g-api.service[130539]: DEBUG glance.api.middleware.version_negotiation [None req-711c33d5-ba71-448c-8e45-5a385aacbe4d admin admin] Unknown version. Returning version choices. {{(pid=130539) process_request /opt/stack/glance/glance/api/middleware/version_negotiation.py:64}}
Jun 07 16:56:48 ubuntu devstack@g-api.service[130539]: [pid: 130539|app: 0|req: 10/18] 127.0.0.1 () {34 vars in 492 bytes} [Tue Jun  7 16:56:48 2022] GET / => generated 1323 bytes in 4 msecs (HTTP/1.1 300) 3 headers in 106 bytes (1 switches on core 0)
Jun 07 16:56:48 ubuntu devstack@g-api.service[130538]: DEBUG glance.api.middleware.version_negotiation [None req-adf000e4-c979-4791-831a-97d4fae5e211 admin admin] Determining version of request: GET /v2/images/30a012c2-58a7-4158-a8a7-06ecd40a47ed Accept: */* {{(pid=130538) process_request /opt/stack/glance/glance/api/middleware/version_negotiation.py:44}}
Jun 07 16:56:48 ubuntu devstack@g-api.service[130538]: DEBUG glance.api.middleware.version_negotiation [None req-adf000e4-c979-4791-831a-97d4fae5e211 admin admin] Using url versioning {{(pid=130538) process_request /opt/stack/glance/glance/api/middleware/version_negotiation.py:57}}
Jun 07 16:56:48 ubuntu devstack@g-api.service[130538]: DEBUG glance.api.middleware.version_negotiation [None req-adf000e4-c979-4791-831a-97d4fae5e211 admin admin] Matched version: v2 {{(pid=130538) process_request /opt/stack/glance/glance/api/middleware/version_negotiation.py:69}}
Jun 07 16:56:48 ubuntu devstack@g-api.service[130538]: DEBUG glance.api.middleware.version_negotiation [None req-adf000e4-c979-4791-831a-97d4fae5e211 admin admin] new path /v2/images/30a012c2-58a7-4158-a8a7-06ecd40a47ed {{(pid=130538) process_request /opt/stack/glance/glance/api/middleware/version_negotiation.py:70}}
Jun 07 16:56:48 ubuntu devstack@g-api.service[130538]: WARNING keystonemiddleware.auth_token [None req-adf000e4-c979-4791-831a-97d4fae5e211 admin admin] A valid token was submitted as a service token, but it was not a valid service token. This is incorrect but backwards compatible behaviour. This will be removed in future releases.
Jun 07 16:56:48 ubuntu devstack@g-api.service[130538]: [pid: 130538|app: 0|req: 9/19] 127.0.0.1 () {42 vars in 1049 bytes} [Tue Jun  7 16:56:48 2022] GET /v2/images/30a012c2-58a7-4158-a8a7-06ecd40a47ed => generated 976 bytes in 130 msecs (HTTP/1.1 200) 4 headers in 157 bytes (1 switches on core 0)
Jun 07 16:56:48 ubuntu devstack@g-api.service[130539]: DEBUG glance.api.middleware.version_negotiation [None req-711c33d5-ba71-448c-8e45-5a385aacbe4d admin admin] Determining version of request: GET /v2/schemas/image Accept: */* {{(pid=130539) process_request /opt/stack/glance/glance/api/middleware/version_negotiation.py:44}}
Jun 07 16:56:48 ubuntu devstack@g-api.service[130539]: DEBUG glance.api.middleware.version_negotiation [None req-711c33d5-ba71-448c-8e45-5a385aacbe4d admin admin] Using url versioning {{(pid=130539) process_request /opt/stack/glance/glance/api/middleware/version_negotiation.py:57}}
Jun 07 16:56:48 ubuntu devstack@g-api.service[130539]: DEBUG glance.api.middleware.version_negotiation [None req-711c33d5-ba71-448c-8e45-5a385aacbe4d admin admin] Matched version: v2 {{(pid=130539) process_request /opt/stack/glance/glance/api/middleware/version_negotiation.py:69}}
Jun 07 16:56:48 ubuntu devstack@g-api.service[130539]: DEBUG glance.api.middleware.version_negotiation [None req-711c33d5-ba71-448c-8e45-5a385aacbe4d admin admin] new path /v2/schemas/image {{(pid=130539) process_request /opt/stack/glance/glance/api/middleware/version_negotiation.py:70}}
Jun 07 16:56:48 ubuntu devstack@g-api.service[130539]: WARNING keystonemiddleware.auth_token [None req-711c33d5-ba71-448c-8e45-5a385aacbe4d admin admin] A valid token was submitted as a service token, but it was not a valid service token. This is incorrect but backwards compatible behaviour. This will be removed in future releases.
Jun 07 16:56:48 ubuntu devstack@g-api.service[130539]: [pid: 130539|app: 0|req: 11/20] 127.0.0.1 () {42 vars in 989 bytes} [Tue Jun  7 16:56:48 2022] GET /v2/schemas/image => generated 6083 bytes in 9 msecs (HTTP/1.1 200) 4 headers in 158 bytes (1 switches on core 0)
Jun 07 16:56:48 ubuntu devstack@g-api.service[130539]: DEBUG dbcounter [-] [130539] Writing DB stats glance:SELECT=2 {{(pid=130539) stat_writer /usr/local/lib/python3.8/dist-packages/dbcounter.py:114}}
Jun 07 16:56:50 ubuntu devstack@g-api.service[130538]: DEBUG glance.api.middleware.version_negotiation [None req-c4ddffc8-bade-4a62-abed-2803f57866f3 tempest-VolumesAdminNegativeTest-656220458 tempest-VolumesAdminNegativeTest-656220458-project] Determining version of request: GET /v2/images/30a012c2-58a7-4158-a8a7-06ecd40a47ed Accept: */* {{(pid=130538) process_request /opt/stack/glance/glance/api/middleware/version_negotiation.py:44}}
Jun 07 16:56:50 ubuntu devstack@g-api.service[130538]: DEBUG glance.api.middleware.version_negotiation [None req-c4ddffc8-bade-4a62-abed-2803f57866f3 tempest-VolumesAdminNegativeTest-656220458 tempest-VolumesAdminNegativeTest-656220458-project] Using url versioning {{(pid=130538) process_request /opt/stack/glance/glance/api/middleware/version_negotiation.py:57}}
Jun 07 16:56:50 ubuntu devstack@g-api.service[130538]: DEBUG glance.api.middleware.version_negotiation [None req-c4ddffc8-bade-4a62-abed-2803f57866f3 tempest-VolumesAdminNegativeTest-656220458 tempest-VolumesAdminNegativeTest-656220458-project] Matched version: v2 {{(pid=130538) process_request /opt/stack/glance/glance/api/middleware/version_negotiation.py:69}}
Jun 07 16:56:50 ubuntu devstack@g-api.service[130538]: DEBUG glance.api.middleware.version_negotiation [None req-c4ddffc8-bade-4a62-abed-2803f57866f3 tempest-VolumesAdminNegativeTest-656220458 tempest-VolumesAdminNegativeTest-656220458-project] new path /v2/images/30a012c2-58a7-4158-a8a7-06ecd40a47ed {{(pid=130538) process_request /opt/stack/glance/glance/api/middleware/version_negotiation.py:70}}
Jun 07 16:56:50 ubuntu devstack@g-api.service[130538]: [pid: 130538|app: 0|req: 10/21] 127.0.0.1 () {42 vars in 1049 bytes} [Tue Jun  7 16:56:50 2022] GET /v2/images/30a012c2-58a7-4158-a8a7-06ecd40a47ed => generated 976 bytes in 16 msecs (HTTP/1.1 200) 4 headers in 157 bytes (1 switches on core 0)
Jun 07 16:56:50 ubuntu devstack@g-api.service[130539]: DEBUG glance.api.middleware.version_negotiation [None req-c4ddffc8-bade-4a62-abed-2803f57866f3 tempest-VolumesAdminNegativeTest-656220458 tempest-VolumesAdminNegativeTest-656220458-project] Determining version of request: GET /v2/images/30a012c2-58a7-4158-a8a7-06ecd40a47ed/file Accept: */* {{(pid=130539) process_request /opt/stack/glance/glance/api/middleware/version_negotiation.py:44}}
Jun 07 16:56:50 ubuntu devstack@g-api.service[130539]: DEBUG glance.api.middleware.version_negotiation [None req-c4ddffc8-bade-4a62-abed-2803f57866f3 tempest-VolumesAdminNegativeTest-656220458 tempest-VolumesAdminNegativeTest-656220458-project] Using url versioning {{(pid=130539) process_request /opt/stack/glance/glance/api/middleware/version_negotiation.py:57}}
Jun 07 16:56:50 ubuntu devstack@g-api.service[130539]: DEBUG glance.api.middleware.version_negotiation [None req-c4ddffc8-bade-4a62-abed-2803f57866f3 tempest-VolumesAdminNegativeTest-656220458 tempest-VolumesAdminNegativeTest-656220458-project] Matched version: v2 {{(pid=130539) process_request /opt/stack/glance/glance/api/middleware/version_negotiation.py:69}}
Jun 07 16:56:50 ubuntu devstack@g-api.service[130539]: DEBUG glance.api.middleware.version_negotiation [None req-c4ddffc8-bade-4a62-abed-2803f57866f3 tempest-VolumesAdminNegativeTest-656220458 tempest-VolumesAdminNegativeTest-656220458-project] new path /v2/images/30a012c2-58a7-4158-a8a7-06ecd40a47ed/file {{(pid=130539) process_request /opt/stack/glance/glance/api/middleware/version_negotiation.py:70}}
Jun 07 16:56:50 ubuntu devstack@g-api.service[130539]: DEBUG glance_store.backend [None req-c4ddffc8-bade-4a62-abed-2803f57866f3 tempest-VolumesAdminNegativeTest-656220458 tempest-VolumesAdminNegativeTest-656220458-project] Attempting to import store swift {{(pid=130539) _load_store /usr/local/lib/python3.8/dist-packages/glance_store/backend.py:217}}
Jun 07 16:56:50 ubuntu devstack@g-api.service[130539]: DEBUG glance_store.capabilities [None req-c4ddffc8-bade-4a62-abed-2803f57866f3 tempest-VolumesAdminNegativeTest-656220458 tempest-VolumesAdminNegativeTest-656220458-project] Store glance_store._drivers.swift.store.SingleTenantStore doesn't support updating dynamic storage capabilities. Please overwrite 'update_capabilities' method of the store to implement updating logics if needed. {{(pid=130539) update_capabilities /usr/local/lib/python3.8/dist-packages/glance_store/capabilities.py:91}}
Jun 07 16:56:50 ubuntu devstack@g-api.service[130539]: DEBUG glance_store.driver [None req-c4ddffc8-bade-4a62-abed-2803f57866f3 tempest-VolumesAdminNegativeTest-656220458 tempest-VolumesAdminNegativeTest-656220458-project] Late loading location class glance_store._drivers.swift.store.StoreLocation {{(pid=130539) get_store_location_class /usr/local/lib/python3.8/dist-packages/glance_store/driver.py:117}}
Jun 07 16:56:50 ubuntu devstack@g-api.service[130539]: DEBUG glance_store.location [None req-c4ddffc8-bade-4a62-abed-2803f57866f3 tempest-VolumesAdminNegativeTest-656220458 tempest-VolumesAdminNegativeTest-656220458-project] Registering scheme swift+https with {'store': <glance_store._drivers.swift.store.SingleTenantStore object at 0x7f1c094a3580>, 'location_class': <class 'glance_store._drivers.swift.store.StoreLocation'>, 'store_entry': 'swift'} {{(pid=130539) register_scheme_map /usr/local/lib/python3.8/dist-packages/glance_store/location.py:146}}
Jun 07 16:56:50 ubuntu devstack@g-api.service[130539]: DEBUG glance_store.location [None req-c4ddffc8-bade-4a62-abed-2803f57866f3 tempest-VolumesAdminNegativeTest-656220458 tempest-VolumesAdminNegativeTest-656220458-project] Registering scheme swift+https with {'store': <glance_store._drivers.swift.store.SingleTenantStore object at 0x7f1c094a3580>, 'location_class': <class 'glance_store._drivers.swift.store.StoreLocation'>, 'store_entry': 'swift'} {{(pid=130539) register_scheme_map /usr/local/lib/python3.8/dist-packages/glance_store/location.py:146}}
Jun 07 16:56:50 ubuntu devstack@g-api.service[130539]: DEBUG glance_store.location [None req-c4ddffc8-bade-4a62-abed-2803f57866f3 tempest-VolumesAdminNegativeTest-656220458 tempest-VolumesAdminNegativeTest-656220458-project] Registering scheme swift with {'store': <glance_store._drivers.swift.store.SingleTenantStore object at 0x7f1c094a3580>, 'location_class': <class 'glance_store._drivers.swift.store.StoreLocation'>, 'store_entry': 'swift'} {{(pid=130539) register_scheme_map /usr/local/lib/python3.8/dist-packages/glance_store/location.py:146}}
Jun 07 16:56:50 ubuntu devstack@g-api.service[130539]: DEBUG glance_store.location [None req-c4ddffc8-bade-4a62-abed-2803f57866f3 tempest-VolumesAdminNegativeTest-656220458 tempest-VolumesAdminNegativeTest-656220458-project] Registering scheme swift+https with {'store': <glance_store._drivers.swift.store.SingleTenantStore object at 0x7f1c094a3580>, 'location_class': <class 'glance_store._drivers.swift.store.StoreLocation'>, 'store_entry': 'swift'} {{(pid=130539) register_scheme_map /usr/local/lib/python3.8/dist-packages/glance_store/location.py:146}}
Jun 07 16:56:50 ubuntu devstack@g-api.service[130539]: DEBUG glance_store.location [None req-c4ddffc8-bade-4a62-abed-2803f57866f3 tempest-VolumesAdminNegativeTest-656220458 tempest-VolumesAdminNegativeTest-656220458-project] Registering scheme swift with {'store': <glance_store._drivers.swift.store.SingleTenantStore object at 0x7f1c094a3580>, 'location_class': <class 'glance_store._drivers.swift.store.StoreLocation'>, 'store_entry': 'swift'} {{(pid=130539) register_scheme_map /usr/local/lib/python3.8/dist-packages/glance_store/location.py:146}}
Jun 07 16:56:50 ubuntu devstack@g-api.service[130539]: DEBUG glance_store.location [None req-c4ddffc8-bade-4a62-abed-2803f57866f3 tempest-VolumesAdminNegativeTest-656220458 tempest-VolumesAdminNegativeTest-656220458-project] Registering scheme swift+http with {'store': <glance_store._drivers.swift.store.SingleTenantStore object at 0x7f1c094a3580>, 'location_class': <class 'glance_store._drivers.swift.store.StoreLocation'>, 'store_entry': 'swift'} {{(pid=130539) register_scheme_map /usr/local/lib/python3.8/dist-packages/glance_store/location.py:146}}
Jun 07 16:56:50 ubuntu devstack@g-api.service[130539]: DEBUG glance_store.location [None req-c4ddffc8-bade-4a62-abed-2803f57866f3 tempest-VolumesAdminNegativeTest-656220458 tempest-VolumesAdminNegativeTest-656220458-project] Registering scheme swift+https with {'store': <glance_store._drivers.swift.store.SingleTenantStore object at 0x7f1c094a3580>, 'location_class': <class 'glance_store._drivers.swift.store.StoreLocation'>, 'store_entry': 'swift'} {{(pid=130539) register_scheme_map /usr/local/lib/python3.8/dist-packages/glance_store/location.py:146}}
Jun 07 16:56:50 ubuntu devstack@g-api.service[130539]: DEBUG glance_store.location [None req-c4ddffc8-bade-4a62-abed-2803f57866f3 tempest-VolumesAdminNegativeTest-656220458 tempest-VolumesAdminNegativeTest-656220458-project] Registering scheme swift with {'store': <glance_store._drivers.swift.store.SingleTenantStore object at 0x7f1c094a3580>, 'location_class': <class 'glance_store._drivers.swift.store.StoreLocation'>, 'store_entry': 'swift'} {{(pid=130539) register_scheme_map /usr/local/lib/python3.8/dist-packages/glance_store/location.py:146}}
Jun 07 16:56:50 ubuntu devstack@g-api.service[130539]: DEBUG glance_store.location [None req-c4ddffc8-bade-4a62-abed-2803f57866f3 tempest-VolumesAdminNegativeTest-656220458 tempest-VolumesAdminNegativeTest-656220458-project] Registering scheme swift+http with {'store': <glance_store._drivers.swift.store.SingleTenantStore object at 0x7f1c094a3580>, 'location_class': <class 'glance_store._drivers.swift.store.StoreLocation'>, 'store_entry': 'swift'} {{(pid=130539) register_scheme_map /usr/local/lib/python3.8/dist-packages/glance_store/location.py:146}}
Jun 07 16:56:50 ubuntu devstack@g-api.service[130539]: DEBUG glance_store.location [None req-c4ddffc8-bade-4a62-abed-2803f57866f3 tempest-VolumesAdminNegativeTest-656220458 tempest-VolumesAdminNegativeTest-656220458-project] Registering scheme swift+config with {'store': <glance_store._drivers.swift.store.SingleTenantStore object at 0x7f1c094a3580>, 'location_class': <class 'glance_store._drivers.swift.store.StoreLocation'>, 'store_entry': 'swift'} {{(pid=130539) register_scheme_map /usr/local/lib/python3.8/dist-packages/glance_store/location.py:146}}
Jun 07 16:56:51 ubuntu devstack@g-api.service[130539]: DEBUG swiftclient [None req-c4ddffc8-bade-4a62-abed-2803f57866f3 tempest-VolumesAdminNegativeTest-656220458 tempest-VolumesAdminNegativeTest-656220458-project] REQ: curl -i http://192.168.79.38:8080/v1/AUTH_9c60b535a6344fbbb66b68933613e8dd/glance/30a012c2-58a7-4158-a8a7-06ecd40a47ed -X GET -H "X-Auth-Token: gAAAAABin4NSuPGv..." {{(pid=130539) http_log /usr/local/lib/python3.8/dist-packages/swiftclient/client.py:157}}
Jun 07 16:56:51 ubuntu devstack@g-api.service[130539]: DEBUG swiftclient [None req-c4ddffc8-bade-4a62-abed-2803f57866f3 tempest-VolumesAdminNegativeTest-656220458 tempest-VolumesAdminNegativeTest-656220458-project] RESP STATUS: 200 OK {{(pid=130539) http_log /usr/local/lib/python3.8/dist-packages/swiftclient/client.py:158}}
Jun 07 16:56:51 ubuntu devstack@g-api.service[130539]: DEBUG swiftclient [None req-c4ddffc8-bade-4a62-abed-2803f57866f3 tempest-VolumesAdminNegativeTest-656220458 tempest-VolumesAdminNegativeTest-656220458-project] RESP HEADERS: {'Content-Type': 'application/octet-stream', 'Etag': '1d3062cd89af34e419f7100277f38b2b', 'Last-Modified': 'Tue, 07 Jun 2022 16:50:36 GMT', 'X-Timestamp': '1654620635.06235', 'Accept-Ranges': 'bytes', 'Content-Length': '16338944', 'X-Trans-Id': 'txf6569b87e01246018b4fe-00629f8352', 'X-Openstack-Request-Id': 'txf6569b87e01246018b4fe-00629f8352', 'Date': 'Tue, 07 Jun 2022 16:56:51 GMT'} {{(pid=130539) http_log /usr/local/lib/python3.8/dist-packages/swiftclient/client.py:159}}
Jun 07 16:56:51 ubuntu devstack@g-api.service[130539]: DEBUG glance.image_cache [None req-c4ddffc8-bade-4a62-abed-2803f57866f3 tempest-VolumesAdminNegativeTest-656220458 tempest-VolumesAdminNegativeTest-656220458-project] Tee'ing image '30a012c2-58a7-4158-a8a7-06ecd40a47ed' into cache {{(pid=130539) get_caching_iter /opt/stack/glance/glance/image_cache/__init__.py:343}}
Jun 07 16:56:51 ubuntu devstack@g-api.service[130539]: DEBUG glance.image_cache.drivers.sqlite [None req-c4ddffc8-bade-4a62-abed-2803f57866f3 tempest-VolumesAdminNegativeTest-656220458 tempest-VolumesAdminNegativeTest-656220458-project] Fetch finished, moving '/opt/stack/data/glance/cache/incomplete/30a012c2-58a7-4158-a8a7-06ecd40a47ed' to '/opt/stack/data/glance/cache/30a012c2-58a7-4158-a8a7-06ecd40a47ed' {{(pid=130539) commit /opt/stack/glance/glance/image_cache/drivers/sqlite.py:324}}
Jun 07 16:56:51 ubuntu devstack@g-api.service[130539]: [pid: 130539|app: 0|req: 12/22] 127.0.0.1 () {42 vars in 1059 bytes} [Tue Jun  7 16:56:50 2022] GET /v2/images/30a012c2-58a7-4158-a8a7-06ecd40a47ed/file => generated 16338944 bytes in 433 msecs (HTTP/1.1 200) 4 headers in 191 bytes (250 switches on core 0)
Jun 07 16:57:00 ubuntu devstack@g-api.service[130538]: DEBUG dbcounter [-] [130538] Writing DB stats glance:SELECT=8 {{(pid=130538) stat_writer /usr/local/lib/python3.8/dist-packages/dbcounter.py:114}}
Jun 07 16:57:01 ubuntu devstack@g-api.service[130539]: DEBUG dbcounter [-] [130539] Writing DB stats glance:SELECT=8 {{(pid=130539) stat_writer /usr/local/lib/python3.8/dist-packages/dbcounter.py:114}}
Jun 07 16:57:12 ubuntu devstack@g-api.service[130538]: DEBUG glance.api.middleware.version_negotiation [None req-c4ddffc8-bade-4a62-abed-2803f57866f3 tempest-VolumesAdminNegativeTest-656220458 tempest-VolumesAdminNegativeTest-656220458-project] Determining version of request: GET / Accept: application/json {{(pid=130538) process_request /opt/stack/glance/glance/api/middleware/version_negotiation.py:44}}
Jun 07 16:57:12 ubuntu devstack@g-api.service[130538]: DEBUG glance.api.middleware.version_negotiation [None req-c4ddffc8-bade-4a62-abed-2803f57866f3 tempest-VolumesAdminNegativeTest-656220458 tempest-VolumesAdminNegativeTest-656220458-project] Using url versioning {{(pid=130538) process_request /opt/stack/glance/glance/api/middleware/version_negotiation.py:57}}
Jun 07 16:57:12 ubuntu devstack@g-api.service[130538]: DEBUG glance.api.middleware.version_negotiation [None req-c4ddffc8-bade-4a62-abed-2803f57866f3 tempest-VolumesAdminNegativeTest-656220458 tempest-VolumesAdminNegativeTest-656220458-project] Unknown version. Returning version choices. {{(pid=130538) process_request /opt/stack/glance/glance/api/middleware/version_negotiation.py:64}}
Jun 07 16:57:12 ubuntu devstack@g-api.service[130538]: [pid: 130538|app: 0|req: 11/23] 127.0.0.1 () {34 vars in 492 bytes} [Tue Jun  7 16:57:12 2022] GET / => generated 1323 bytes in 5 msecs (HTTP/1.1 300) 3 headers in 106 bytes (1 switches on core 0)
Jun 07 16:57:12 ubuntu devstack@g-api.service[130539]: DEBUG glance.api.middleware.version_negotiation [None req-c4ddffc8-bade-4a62-abed-2803f57866f3 tempest-VolumesAdminNegativeTest-656220458 tempest-VolumesAdminNegativeTest-656220458-project] Determining version of request: GET /v2/images/30a012c2-58a7-4158-a8a7-06ecd40a47ed Accept: */* {{(pid=130539) process_request /opt/stack/glance/glance/api/middleware/version_negotiation.py:44}}
Jun 07 16:57:12 ubuntu devstack@g-api.service[130539]: DEBUG glance.api.middleware.version_negotiation [None req-c4ddffc8-bade-4a62-abed-2803f57866f3 tempest-VolumesAdminNegativeTest-656220458 tempest-VolumesAdminNegativeTest-656220458-project] Using url versioning {{(pid=130539) process_request /opt/stack/glance/glance/api/middleware/version_negotiation.py:57}}
Jun 07 16:57:12 ubuntu devstack@g-api.service[130539]: DEBUG glance.api.middleware.version_negotiation [None req-c4ddffc8-bade-4a62-abed-2803f57866f3 tempest-VolumesAdminNegativeTest-656220458 tempest-VolumesAdminNegativeTest-656220458-project] Matched version: v2 {{(pid=130539) process_request /opt/stack/glance/glance/api/middleware/version_negotiation.py:69}}
Jun 07 16:57:12 ubuntu devstack@g-api.service[130539]: DEBUG glance.api.middleware.version_negotiation [None req-c4ddffc8-bade-4a62-abed-2803f57866f3 tempest-VolumesAdminNegativeTest-656220458 tempest-VolumesAdminNegativeTest-656220458-project] new path /v2/images/30a012c2-58a7-4158-a8a7-06ecd40a47ed {{(pid=130539) process_request /opt/stack/glance/glance/api/middleware/version_negotiation.py:70}}
Jun 07 16:57:12 ubuntu devstack@g-api.service[130539]: [pid: 130539|app: 0|req: 13/24] 127.0.0.1 () {42 vars in 1049 bytes} [Tue Jun  7 16:57:12 2022] GET /v2/images/30a012c2-58a7-4158-a8a7-06ecd40a47ed => generated 976 bytes in 19 msecs (HTTP/1.1 200) 4 headers in 157 bytes (1 switches on core 0)
Jun 07 16:57:12 ubuntu devstack@g-api.service[130538]: DEBUG glance.api.middleware.version_negotiation [None req-c4ddffc8-bade-4a62-abed-2803f57866f3 tempest-VolumesAdminNegativeTest-656220458 tempest-VolumesAdminNegativeTest-656220458-project] Determining version of request: GET /v2/schemas/image Accept: */* {{(pid=130538) process_request /opt/stack/glance/glance/api/middleware/version_negotiation.py:44}}
Jun 07 16:57:12 ubuntu devstack@g-api.service[130538]: DEBUG glance.api.middleware.version_negotiation [None req-c4ddffc8-bade-4a62-abed-2803f57866f3 tempest-VolumesAdminNegativeTest-656220458 tempest-VolumesAdminNegativeTest-656220458-project] Using url versioning {{(pid=130538) process_request /opt/stack/glance/glance/api/middleware/version_negotiation.py:57}}
Jun 07 16:57:12 ubuntu devstack@g-api.service[130538]: DEBUG glance.api.middleware.version_negotiation [None req-c4ddffc8-bade-4a62-abed-2803f57866f3 tempest-VolumesAdminNegativeTest-656220458 tempest-VolumesAdminNegativeTest-656220458-project] Matched version: v2 {{(pid=130538) process_request /opt/stack/glance/glance/api/middleware/version_negotiation.py:69}}
Jun 07 16:57:12 ubuntu devstack@g-api.service[130538]: DEBUG glance.api.middleware.version_negotiation [None req-c4ddffc8-bade-4a62-abed-2803f57866f3 tempest-VolumesAdminNegativeTest-656220458 tempest-VolumesAdminNegativeTest-656220458-project] new path /v2/schemas/image {{(pid=130538) process_request /opt/stack/glance/glance/api/middleware/version_negotiation.py:70}}
Jun 07 16:57:12 ubuntu devstack@g-api.service[130538]: [pid: 130538|app: 0|req: 12/25] 127.0.0.1 () {42 vars in 989 bytes} [Tue Jun  7 16:57:12 2022] GET /v2/schemas/image => generated 6083 bytes in 9 msecs (HTTP/1.1 200) 4 headers in 158 bytes (1 switches on core 0)
Jun 07 16:57:22 ubuntu devstack@g-api.service[130539]: DEBUG dbcounter [-] [130539] Writing DB stats glance:SELECT=4 {{(pid=130539) stat_writer /usr/local/lib/python3.8/dist-packages/dbcounter.py:114}}
Jun 07 16:57:39 ubuntu devstack@g-api.service[130539]: DEBUG glance.api.middleware.version_negotiation [None req-c4457a97-03cb-4732-9ed7-a1c67f01da62 tempest-DeleteServersTestJSON-620406088 tempest-DeleteServersTestJSON-620406088-project] Determining version of request: GET /v2/images/30a012c2-58a7-4158-a8a7-06ecd40a47ed Accept: */* {{(pid=130539) process_request /opt/stack/glance/glance/api/middleware/version_negotiation.py:44}}
