Mar 25 12:45:30 ubuntu devstack@g-api.service[139293]: DEBUG glance_store.location [None req-8956185e-d402-432c-bb5d-7c2f8007e135 admin admin] Registering scheme swift+https with {'store': <glance_store._drivers.swift.store.SingleTenantStore object at 0x7fbd0fc555e0>, 'location_class': <class 'glance_store._drivers.swift.store.StoreLocation'>, 'store_entry': 'swift'} {{(pid=139293) register_scheme_map /usr/local/lib/python3.8/dist-packages/glance_store/location.py:146}}
Mar 25 12:45:30 ubuntu devstack@g-api.service[139293]: DEBUG glance_store.location [None req-8956185e-d402-432c-bb5d-7c2f8007e135 admin admin] Registering scheme swift+https with {'store': <glance_store._drivers.swift.store.SingleTenantStore object at 0x7fbd0fc555e0>, 'location_class': <class 'glance_store._drivers.swift.store.StoreLocation'>, 'store_entry': 'swift'} {{(pid=139293) register_scheme_map /usr/local/lib/python3.8/dist-packages/glance_store/location.py:146}}
Mar 25 12:45:30 ubuntu devstack@g-api.service[139293]: DEBUG glance_store.location [None req-8956185e-d402-432c-bb5d-7c2f8007e135 admin admin] Registering scheme swift with {'store': <glance_store._drivers.swift.store.SingleTenantStore object at 0x7fbd0fc555e0>, 'location_class': <class 'glance_store._drivers.swift.store.StoreLocation'>, 'store_entry': 'swift'} {{(pid=139293) register_scheme_map /usr/local/lib/python3.8/dist-packages/glance_store/location.py:146}}
Mar 25 12:45:30 ubuntu devstack@g-api.service[139293]: DEBUG glance_store.location [None req-8956185e-d402-432c-bb5d-7c2f8007e135 admin admin] Registering scheme swift+https with {'store': <glance_store._drivers.swift.store.SingleTenantStore object at 0x7fbd0fc555e0>, 'location_class': <class 'glance_store._drivers.swift.store.StoreLocation'>, 'store_entry': 'swift'} {{(pid=139293) register_scheme_map /usr/local/lib/python3.8/dist-packages/glance_store/location.py:146}}
Mar 25 12:45:30 ubuntu devstack@g-api.service[139293]: DEBUG glance_store.location [None req-8956185e-d402-432c-bb5d-7c2f8007e135 admin admin] Registering scheme swift with {'store': <glance_store._drivers.swift.store.SingleTenantStore object at 0x7fbd0fc555e0>, 'location_class': <class 'glance_store._drivers.swift.store.StoreLocation'>, 'store_entry': 'swift'} {{(pid=139293) register_scheme_map /usr/local/lib/python3.8/dist-packages/glance_store/location.py:146}}
Mar 25 12:45:30 ubuntu devstack@g-api.service[139293]: DEBUG glance_store.location [None req-8956185e-d402-432c-bb5d-7c2f8007e135 admin admin] Registering scheme swift+http with {'store': <glance_store._drivers.swift.store.SingleTenantStore object at 0x7fbd0fc555e0>, 'location_class': <class 'glance_store._drivers.swift.store.StoreLocation'>, 'store_entry': 'swift'} {{(pid=139293) register_scheme_map /usr/local/lib/python3.8/dist-packages/glance_store/location.py:146}}
Mar 25 12:45:30 ubuntu devstack@g-api.service[139293]: DEBUG glance_store.location [None req-8956185e-d402-432c-bb5d-7c2f8007e135 admin admin] Registering scheme swift+https with {'store': <glance_store._drivers.swift.store.SingleTenantStore object at 0x7fbd0fc555e0>, 'location_class': <class 'glance_store._drivers.swift.store.StoreLocation'>, 'store_entry': 'swift'} {{(pid=139293) register_scheme_map /usr/local/lib/python3.8/dist-packages/glance_store/location.py:146}}
Mar 25 12:45:30 ubuntu devstack@g-api.service[139293]: DEBUG glance_store.location [None req-8956185e-d402-432c-bb5d-7c2f8007e135 admin admin] Registering scheme swift with {'store': <glance_store._drivers.swift.store.SingleTenantStore object at 0x7fbd0fc555e0>, 'location_class': <class 'glance_store._drivers.swift.store.StoreLocation'>, 'store_entry': 'swift'} {{(pid=139293) register_scheme_map /usr/local/lib/python3.8/dist-packages/glance_store/location.py:146}}
Mar 25 12:45:30 ubuntu devstack@g-api.service[139293]: DEBUG glance_store.location [None req-8956185e-d402-432c-bb5d-7c2f8007e135 admin admin] Registering scheme swift+http with {'store': <glance_store._drivers.swift.store.SingleTenantStore object at 0x7fbd0fc555e0>, 'location_class': <class 'glance_store._drivers.swift.store.StoreLocation'>, 'store_entry': 'swift'} {{(pid=139293) register_scheme_map /usr/local/lib/python3.8/dist-packages/glance_store/location.py:146}}
Mar 25 12:45:30 ubuntu devstack@g-api.service[139293]: DEBUG glance_store.location [None req-8956185e-d402-432c-bb5d-7c2f8007e135 admin admin] Registering scheme swift+config with {'store': <glance_store._drivers.swift.store.SingleTenantStore object at 0x7fbd0fc555e0>, 'location_class': <class 'glance_store._drivers.swift.store.StoreLocation'>, 'store_entry': 'swift'} {{(pid=139293) register_scheme_map /usr/local/lib/python3.8/dist-packages/glance_store/location.py:146}}
Mar 25 12:45:30 ubuntu devstack@g-api.service[139293]: DEBUG glance_store.backend [None req-8956185e-d402-432c-bb5d-7c2f8007e135 admin admin] Skipping store.set_acls... not implemented. {{(pid=139293) set_acls /usr/local/lib/python3.8/dist-packages/glance_store/backend.py:509}}
Mar 25 12:45:30 ubuntu devstack@g-api.service[139293]: [pid: 139293|app: 0|req: 3/4] 127.0.0.1 () {40 vars in 862 bytes} [Fri Mar 25 12:45:28 2022] PUT /v2/images/66c8423d-73e0-4828-9ec3-19700df5c06f/file => generated 0 bytes in 1963 msecs (HTTP/1.1 204) 4 headers in 171 bytes (1 switches on core 0)
Mar 25 12:46:04 ubuntu devstack@g-api.service[139294]: DEBUG glance.api.middleware.version_negotiation [None req-bbc1929e-3fe4-4618-a936-9bb8c26a73ae admin admin] Determining version of request: GET / Accept: application/json {{(pid=139294) process_request /opt/stack/glance/glance/api/middleware/version_negotiation.py:44}}
Mar 25 12:46:04 ubuntu devstack@g-api.service[139294]: DEBUG glance.api.middleware.version_negotiation [None req-bbc1929e-3fe4-4618-a936-9bb8c26a73ae admin admin] Using url versioning {{(pid=139294) process_request /opt/stack/glance/glance/api/middleware/version_negotiation.py:57}}
Mar 25 12:46:04 ubuntu devstack@g-api.service[139294]: DEBUG glance.api.middleware.version_negotiation [None req-bbc1929e-3fe4-4618-a936-9bb8c26a73ae admin admin] Unknown version. Returning version choices. {{(pid=139294) process_request /opt/stack/glance/glance/api/middleware/version_negotiation.py:64}}
Mar 25 12:46:04 ubuntu devstack@g-api.service[139294]: [pid: 139294|app: 0|req: 2/5] 127.0.0.1 () {34 vars in 506 bytes} [Fri Mar 25 12:46:04 2022] GET / => generated 1213 bytes in 6 msecs (HTTP/1.1 300) 3 headers in 106 bytes (1 switches on core 0)
Mar 25 12:46:04 ubuntu devstack@g-api.service[139293]: DEBUG glance.api.middleware.version_negotiation [None req-8956185e-d402-432c-bb5d-7c2f8007e135 admin admin] Determining version of request: GET /v2/images Accept: application/json {{(pid=139293) process_request /opt/stack/glance/glance/api/middleware/version_negotiation.py:44}}
Mar 25 12:46:04 ubuntu devstack@g-api.service[139293]: DEBUG glance.api.middleware.version_negotiation [None req-8956185e-d402-432c-bb5d-7c2f8007e135 admin admin] Using url versioning {{(pid=139293) process_request /opt/stack/glance/glance/api/middleware/version_negotiation.py:57}}
Mar 25 12:46:04 ubuntu devstack@g-api.service[139293]: DEBUG glance.api.middleware.version_negotiation [None req-8956185e-d402-432c-bb5d-7c2f8007e135 admin admin] Matched version: v2 {{(pid=139293) process_request /opt/stack/glance/glance/api/middleware/version_negotiation.py:69}}
Mar 25 12:46:04 ubuntu devstack@g-api.service[139293]: DEBUG glance.api.middleware.version_negotiation [None req-8956185e-d402-432c-bb5d-7c2f8007e135 admin admin] new path /v2/images {{(pid=139293) process_request /opt/stack/glance/glance/api/middleware/version_negotiation.py:70}}
Mar 25 12:46:04 ubuntu devstack@g-api.service[139293]: [pid: 139293|app: 0|req: 4/6] 127.0.0.1 () {36 vars in 728 bytes} [Fri Mar 25 12:46:04 2022] GET /v2/images => generated 1045 bytes in 141 msecs (HTTP/1.1 200) 4 headers in 158 bytes (1 switches on core 0)
Mar 25 12:46:10 ubuntu devstack@g-api.service[139294]: DEBUG glance.api.middleware.version_negotiation [None req-bbc1929e-3fe4-4618-a936-9bb8c26a73ae admin admin] Determining version of request: GET / Accept: application/json {{(pid=139294) process_request /opt/stack/glance/glance/api/middleware/version_negotiation.py:44}}
Mar 25 12:46:10 ubuntu devstack@g-api.service[139294]: DEBUG glance.api.middleware.version_negotiation [None req-bbc1929e-3fe4-4618-a936-9bb8c26a73ae admin admin] Using url versioning {{(pid=139294) process_request /opt/stack/glance/glance/api/middleware/version_negotiation.py:57}}
Mar 25 12:46:10 ubuntu devstack@g-api.service[139294]: DEBUG glance.api.middleware.version_negotiation [None req-bbc1929e-3fe4-4618-a936-9bb8c26a73ae admin admin] Unknown version. Returning version choices. {{(pid=139294) process_request /opt/stack/glance/glance/api/middleware/version_negotiation.py:64}}
Mar 25 12:46:10 ubuntu devstack@g-api.service[139294]: [pid: 139294|app: 0|req: 3/7] 127.0.0.1 () {34 vars in 506 bytes} [Fri Mar 25 12:46:10 2022] GET / => generated 1213 bytes in 4 msecs (HTTP/1.1 300) 3 headers in 106 bytes (1 switches on core 0)
Mar 25 12:46:10 ubuntu devstack@g-api.service[139293]: DEBUG glance.api.middleware.version_negotiation [None req-d894ce0d-7745-4c1f-ad89-a6e5e3aaa344 admin admin] Determining version of request: GET /v2/images/66c8423d-73e0-4828-9ec3-19700df5c06f Accept: */* {{(pid=139293) process_request /opt/stack/glance/glance/api/middleware/version_negotiation.py:44}}
Mar 25 12:46:10 ubuntu devstack@g-api.service[139293]: DEBUG glance.api.middleware.version_negotiation [None req-d894ce0d-7745-4c1f-ad89-a6e5e3aaa344 admin admin] Using url versioning {{(pid=139293) process_request /opt/stack/glance/glance/api/middleware/version_negotiation.py:57}}
Mar 25 12:46:10 ubuntu devstack@g-api.service[139293]: DEBUG glance.api.middleware.version_negotiation [None req-d894ce0d-7745-4c1f-ad89-a6e5e3aaa344 admin admin] Matched version: v2 {{(pid=139293) process_request /opt/stack/glance/glance/api/middleware/version_negotiation.py:69}}
Mar 25 12:46:10 ubuntu devstack@g-api.service[139293]: DEBUG glance.api.middleware.version_negotiation [None req-d894ce0d-7745-4c1f-ad89-a6e5e3aaa344 admin admin] new path /v2/images/66c8423d-73e0-4828-9ec3-19700df5c06f {{(pid=139293) process_request /opt/stack/glance/glance/api/middleware/version_negotiation.py:70}}
Mar 25 12:46:10 ubuntu devstack@g-api.service[139293]: [pid: 139293|app: 0|req: 5/8] 127.0.0.1 () {36 vars in 789 bytes} [Fri Mar 25 12:46:10 2022] GET /v2/images/66c8423d-73e0-4828-9ec3-19700df5c06f => generated 976 bytes in 45 msecs (HTTP/1.1 200) 4 headers in 157 bytes (1 switches on core 0)
Mar 25 12:46:14 ubuntu devstack@g-api.service[139294]: DEBUG glance.api.middleware.version_negotiation [None req-bbc1929e-3fe4-4618-a936-9bb8c26a73ae admin admin] Determining version of request: GET / Accept: application/json {{(pid=139294) process_request /opt/stack/glance/glance/api/middleware/version_negotiation.py:44}}
Mar 25 12:46:14 ubuntu devstack@g-api.service[139294]: DEBUG glance.api.middleware.version_negotiation [None req-bbc1929e-3fe4-4618-a936-9bb8c26a73ae admin admin] Using url versioning {{(pid=139294) process_request /opt/stack/glance/glance/api/middleware/version_negotiation.py:57}}
Mar 25 12:46:14 ubuntu devstack@g-api.service[139294]: DEBUG glance.api.middleware.version_negotiation [None req-bbc1929e-3fe4-4618-a936-9bb8c26a73ae admin admin] Unknown version. Returning version choices. {{(pid=139294) process_request /opt/stack/glance/glance/api/middleware/version_negotiation.py:64}}
Mar 25 12:46:14 ubuntu devstack@g-api.service[139294]: [pid: 139294|app: 0|req: 4/9] 127.0.0.1 () {34 vars in 506 bytes} [Fri Mar 25 12:46:14 2022] GET / => generated 1213 bytes in 3 msecs (HTTP/1.1 300) 3 headers in 106 bytes (1 switches on core 0)
Mar 25 12:46:14 ubuntu devstack@g-api.service[139293]: DEBUG glance.api.middleware.version_negotiation [None req-2d20b987-bb84-4102-8574-8555c7850f17 admin admin] Determining version of request: GET /v2/images/66c8423d-73e0-4828-9ec3-19700df5c06f Accept: */* {{(pid=139293) process_request /opt/stack/glance/glance/api/middleware/version_negotiation.py:44}}
Mar 25 12:46:14 ubuntu devstack@g-api.service[139293]: DEBUG glance.api.middleware.version_negotiation [None req-2d20b987-bb84-4102-8574-8555c7850f17 admin admin] Using url versioning {{(pid=139293) process_request /opt/stack/glance/glance/api/middleware/version_negotiation.py:57}}
Mar 25 12:46:14 ubuntu devstack@g-api.service[139293]: DEBUG glance.api.middleware.version_negotiation [None req-2d20b987-bb84-4102-8574-8555c7850f17 admin admin] Matched version: v2 {{(pid=139293) process_request /opt/stack/glance/glance/api/middleware/version_negotiation.py:69}}
Mar 25 12:46:14 ubuntu devstack@g-api.service[139293]: DEBUG glance.api.middleware.version_negotiation [None req-2d20b987-bb84-4102-8574-8555c7850f17 admin admin] new path /v2/images/66c8423d-73e0-4828-9ec3-19700df5c06f {{(pid=139293) process_request /opt/stack/glance/glance/api/middleware/version_negotiation.py:70}}
Mar 25 12:46:14 ubuntu devstack@g-api.service[139293]: [pid: 139293|app: 0|req: 6/10] 127.0.0.1 () {36 vars in 789 bytes} [Fri Mar 25 12:46:14 2022] GET /v2/images/66c8423d-73e0-4828-9ec3-19700df5c06f => generated 976 bytes in 47 msecs (HTTP/1.1 200) 4 headers in 157 bytes (1 switches on core 0)
Mar 25 12:47:45 ubuntu devstack@g-api.service[139294]: DEBUG glance.api.middleware.version_negotiation [None req-bbc1929e-3fe4-4618-a936-9bb8c26a73ae admin admin] Determining version of request: GET /v1 Accept: application/json {{(pid=139294) process_request /opt/stack/glance/glance/api/middleware/version_negotiation.py:44}}
Mar 25 12:47:45 ubuntu devstack@g-api.service[139294]: DEBUG glance.api.middleware.version_negotiation [None req-bbc1929e-3fe4-4618-a936-9bb8c26a73ae admin admin] Using url versioning {{(pid=139294) process_request /opt/stack/glance/glance/api/middleware/version_negotiation.py:57}}
Mar 25 12:47:45 ubuntu devstack@g-api.service[139294]: DEBUG glance.api.middleware.version_negotiation [None req-bbc1929e-3fe4-4618-a936-9bb8c26a73ae admin admin] Unknown version. Returning version choices. {{(pid=139294) process_request /opt/stack/glance/glance/api/middleware/version_negotiation.py:64}}
Mar 25 12:47:45 ubuntu devstack@g-api.service[139294]: [pid: 139294|app: 0|req: 5/11] 127.0.0.1 () {38 vars in 685 bytes} [Fri Mar 25 12:47:45 2022] GET /v1 => generated 1213 bytes in 4 msecs (HTTP/1.1 300) 3 headers in 106 bytes (1 switches on core 0)
Mar 25 12:50:20 ubuntu devstack@g-api.service[139293]: DEBUG oslo_concurrency.lockutils [-] Acquired lock "glance-cache" {{(pid=139293) lock /usr/local/lib/python3.8/dist-packages/oslo_concurrency/lockutils.py:294}}
Mar 25 12:50:20 ubuntu devstack@g-api.service[139293]: DEBUG oslo_concurrency.lockutils [-] Acquired external semaphore "glance-cache" {{(pid=139293) lock /usr/local/lib/python3.8/dist-packages/oslo_concurrency/lockutils.py:302}}
Mar 25 12:50:20 ubuntu devstack@g-api.service[139293]: DEBUG glance.image_cache.prefetcher [-] Nothing to prefetch. {{(pid=139293) run /opt/stack/glance/glance/image_cache/prefetcher.py:79}}
Mar 25 12:50:20 ubuntu devstack@g-api.service[139293]: DEBUG oslo_concurrency.lockutils [-] Releasing lock "glance-cache" {{(pid=139293) lock /usr/local/lib/python3.8/dist-packages/oslo_concurrency/lockutils.py:312}}
Mar 25 12:50:20 ubuntu devstack@g-api.service[139294]: DEBUG oslo_concurrency.lockutils [-] Acquired lock "glance-cache" {{(pid=139294) lock /usr/local/lib/python3.8/dist-packages/oslo_concurrency/lockutils.py:294}}
Mar 25 12:50:20 ubuntu devstack@g-api.service[139294]: DEBUG oslo_concurrency.lockutils [-] Acquired external semaphore "glance-cache" {{(pid=139294) lock /usr/local/lib/python3.8/dist-packages/oslo_concurrency/lockutils.py:302}}
Mar 25 12:50:20 ubuntu devstack@g-api.service[139294]: DEBUG glance.image_cache.prefetcher [-] Nothing to prefetch. {{(pid=139294) run /opt/stack/glance/glance/image_cache/prefetcher.py:79}}
Mar 25 12:50:20 ubuntu devstack@g-api.service[139294]: DEBUG oslo_concurrency.lockutils [-] Releasing lock "glance-cache" {{(pid=139294) lock /usr/local/lib/python3.8/dist-packages/oslo_concurrency/lockutils.py:312}}
Mar 25 12:52:27 ubuntu devstack@g-api.service[139293]: DEBUG glance.api.middleware.version_negotiation [None req-950dc750-58ae-4283-9e40-76550f35497f admin admin] Determining version of request: GET /versions Accept: */* {{(pid=139293) process_request /opt/stack/glance/glance/api/middleware/version_negotiation.py:44}}
Mar 25 12:52:27 ubuntu devstack@g-api.service[139293]: [pid: 139293|app: 0|req: 7/12] 127.0.0.1 () {38 vars in 695 bytes} [Fri Mar 25 12:52:27 2022] GET /versions => generated 1213 bytes in 4 msecs (HTTP/1.1 200) 3 headers in 92 bytes (1 switches on core 0)
Mar 25 12:52:27 ubuntu devstack@g-api.service[139294]: DEBUG glance.api.middleware.version_negotiation [None req-bbc1929e-3fe4-4618-a936-9bb8c26a73ae admin admin] Determining version of request: GET /v2/schemas/image Accept: */* {{(pid=139294) process_request /opt/stack/glance/glance/api/middleware/version_negotiation.py:44}}
Mar 25 12:52:27 ubuntu devstack@g-api.service[139294]: DEBUG glance.api.middleware.version_negotiation [None req-bbc1929e-3fe4-4618-a936-9bb8c26a73ae admin admin] Using url versioning {{(pid=139294) process_request /opt/stack/glance/glance/api/middleware/version_negotiation.py:57}}
Mar 25 12:52:27 ubuntu devstack@g-api.service[139294]: DEBUG glance.api.middleware.version_negotiation [None req-bbc1929e-3fe4-4618-a936-9bb8c26a73ae admin admin] Matched version: v2 {{(pid=139294) process_request /opt/stack/glance/glance/api/middleware/version_negotiation.py:69}}
Mar 25 12:52:27 ubuntu devstack@g-api.service[139294]: DEBUG glance.api.middleware.version_negotiation [None req-bbc1929e-3fe4-4618-a936-9bb8c26a73ae admin admin] new path /v2/schemas/image {{(pid=139294) process_request /opt/stack/glance/glance/api/middleware/version_negotiation.py:70}}
Mar 25 12:52:27 ubuntu devstack@g-api.service[139294]: [pid: 139294|app: 0|req: 6/13] 127.0.0.1 () {38 vars in 711 bytes} [Fri Mar 25 12:52:27 2022] GET /v2/schemas/image => generated 6083 bytes in 90 msecs (HTTP/1.1 200) 4 headers in 158 bytes (1 switches on core 0)
Mar 25 12:52:27 ubuntu devstack@g-api.service[139293]: DEBUG glance.api.middleware.version_negotiation [None req-950dc750-58ae-4283-9e40-76550f35497f admin admin] Determining version of request: GET /v2/schemas/metadefs/namespace Accept: */* {{(pid=139293) process_request /opt/stack/glance/glance/api/middleware/version_negotiation.py:44}}
Mar 25 12:52:27 ubuntu devstack@g-api.service[139293]: DEBUG glance.api.middleware.version_negotiation [None req-950dc750-58ae-4283-9e40-76550f35497f admin admin] Using url versioning {{(pid=139293) process_request /opt/stack/glance/glance/api/middleware/version_negotiation.py:57}}
Mar 25 12:52:27 ubuntu devstack@g-api.service[139293]: DEBUG glance.api.middleware.version_negotiation [None req-950dc750-58ae-4283-9e40-76550f35497f admin admin] Matched version: v2 {{(pid=139293) process_request /opt/stack/glance/glance/api/middleware/version_negotiation.py:69}}
Mar 25 12:52:27 ubuntu devstack@g-api.service[139293]: DEBUG glance.api.middleware.version_negotiation [None req-950dc750-58ae-4283-9e40-76550f35497f admin admin] new path /v2/schemas/metadefs/namespace {{(pid=139293) process_request /opt/stack/glance/glance/api/middleware/version_negotiation.py:70}}
Mar 25 12:52:28 ubuntu devstack@g-api.service[139293]: [pid: 139293|app: 0|req: 8/14] 127.0.0.1 () {38 vars in 737 bytes} [Fri Mar 25 12:52:27 2022] GET /v2/schemas/metadefs/namespace => generated 3100 bytes in 10 msecs (HTTP/1.1 200) 4 headers in 158 bytes (1 switches on core 0)
Mar 25 12:52:28 ubuntu devstack@g-api.service[139294]: DEBUG glance.api.middleware.version_negotiation [None req-36f8d7fe-5cf3-4fcf-ae82-005d5c55d873 admin admin] Determining version of request: GET /v2/schemas/metadefs/resource_type Accept: */* {{(pid=139294) process_request /opt/stack/glance/glance/api/middleware/version_negotiation.py:44}}
Mar 25 12:52:28 ubuntu devstack@g-api.service[139294]: DEBUG glance.api.middleware.version_negotiation [None req-36f8d7fe-5cf3-4fcf-ae82-005d5c55d873 admin admin] Using url versioning {{(pid=139294) process_request /opt/stack/glance/glance/api/middleware/version_negotiation.py:57}}
Mar 25 12:52:28 ubuntu devstack@g-api.service[139294]: DEBUG glance.api.middleware.version_negotiation [None req-36f8d7fe-5cf3-4fcf-ae82-005d5c55d873 admin admin] Matched version: v2 {{(pid=139294) process_request /opt/stack/glance/glance/api/middleware/version_negotiation.py:69}}
Mar 25 12:52:28 ubuntu devstack@g-api.service[139294]: DEBUG glance.api.middleware.version_negotiation [None req-36f8d7fe-5cf3-4fcf-ae82-005d5c55d873 admin admin] new path /v2/schemas/metadefs/resource_type {{(pid=139294) process_request /opt/stack/glance/glance/api/middleware/version_negotiation.py:70}}
Mar 25 12:52:28 ubuntu devstack@g-api.service[139294]: [pid: 139294|app: 0|req: 7/15] 127.0.0.1 () {38 vars in 745 bytes} [Fri Mar 25 12:52:28 2022] GET /v2/schemas/metadefs/resource_type => generated 1262 bytes in 6 msecs (HTTP/1.1 200) 4 headers in 158 bytes (1 switches on core 0)
Mar 25 12:52:28 ubuntu devstack@g-api.service[139293]: DEBUG glance.api.middleware.version_negotiation [None req-b98b2781-78b5-4e1b-bb59-552cb45d4310 admin admin] Determining version of request: GET /v2/images Accept: */* {{(pid=139293) process_request /opt/stack/glance/glance/api/middleware/version_negotiation.py:44}}
Mar 25 12:52:28 ubuntu devstack@g-api.service[139293]: DEBUG glance.api.middleware.version_negotiation [None req-b98b2781-78b5-4e1b-bb59-552cb45d4310 admin admin] Using url versioning {{(pid=139293) process_request /opt/stack/glance/glance/api/middleware/version_negotiation.py:57}}
Mar 25 12:52:28 ubuntu devstack@g-api.service[139293]: DEBUG glance.api.middleware.version_negotiation [None req-b98b2781-78b5-4e1b-bb59-552cb45d4310 admin admin] Matched version: v2 {{(pid=139293) process_request /opt/stack/glance/glance/api/middleware/version_negotiation.py:69}}
Mar 25 12:52:28 ubuntu devstack@g-api.service[139293]: DEBUG glance.api.middleware.version_negotiation [None req-b98b2781-78b5-4e1b-bb59-552cb45d4310 admin admin] new path /v2/images {{(pid=139293) process_request /opt/stack/glance/glance/api/middleware/version_negotiation.py:70}}
Mar 25 12:52:28 ubuntu devstack@g-api.service[139293]: [pid: 139293|app: 0|req: 9/16] 127.0.0.1 () {38 vars in 768 bytes} [Fri Mar 25 12:52:28 2022] GET /v2/images?limit=20&sort_key=name&sort_dir=asc => generated 1081 bytes in 72 msecs (HTTP/1.1 200) 4 headers in 158 bytes (1 switches on core 0)
Mar 25 12:52:28 ubuntu devstack@g-api.service[139294]: DEBUG glance.api.middleware.version_negotiation [None req-174b725c-9213-48c0-a61c-130595dfc9fe admin admin] Determining version of request: GET /v2/schemas/image Accept: */* {{(pid=139294) process_request /opt/stack/glance/glance/api/middleware/version_negotiation.py:44}}
Mar 25 12:52:28 ubuntu devstack@g-api.service[139294]: DEBUG glance.api.middleware.version_negotiation [None req-174b725c-9213-48c0-a61c-130595dfc9fe admin admin] Using url versioning {{(pid=139294) process_request /opt/stack/glance/glance/api/middleware/version_negotiation.py:57}}
Mar 25 12:52:28 ubuntu devstack@g-api.service[139294]: DEBUG glance.api.middleware.version_negotiation [None req-174b725c-9213-48c0-a61c-130595dfc9fe admin admin] Matched version: v2 {{(pid=139294) process_request /opt/stack/glance/glance/api/middleware/version_negotiation.py:69}}
Mar 25 12:52:28 ubuntu devstack@g-api.service[139294]: DEBUG glance.api.middleware.version_negotiation [None req-174b725c-9213-48c0-a61c-130595dfc9fe admin admin] new path /v2/schemas/image {{(pid=139294) process_request /opt/stack/glance/glance/api/middleware/version_negotiation.py:70}}
Mar 25 12:52:28 ubuntu devstack@g-api.service[139294]: [pid: 139294|app: 0|req: 8/17] 127.0.0.1 () {38 vars in 711 bytes} [Fri Mar 25 12:52:28 2022] GET /v2/schemas/image => generated 6083 bytes in 6 msecs (HTTP/1.1 200) 4 headers in 158 bytes (1 switches on core 0)
Mar 25 12:52:38 ubuntu devstack@g-api.service[139293]: DEBUG glance.api.middleware.version_negotiation [None req-faf449e6-dcfe-44b2-9495-20569a09b6e9 admin admin] Determining version of request: GET / Accept: application/json {{(pid=139293) process_request /opt/stack/glance/glance/api/middleware/version_negotiation.py:44}}
Mar 25 12:52:38 ubuntu devstack@g-api.service[139293]: DEBUG glance.api.middleware.version_negotiation [None req-faf449e6-dcfe-44b2-9495-20569a09b6e9 admin admin] Using url versioning {{(pid=139293) process_request /opt/stack/glance/glance/api/middleware/version_negotiation.py:57}}
Mar 25 12:52:38 ubuntu devstack@g-api.service[139293]: DEBUG glance.api.middleware.version_negotiation [None req-faf449e6-dcfe-44b2-9495-20569a09b6e9 admin admin] Unknown version. Returning version choices. {{(pid=139293) process_request /opt/stack/glance/glance/api/middleware/version_negotiation.py:64}}
Mar 25 12:52:38 ubuntu devstack@g-api.service[139293]: [pid: 139293|app: 0|req: 10/18] 127.0.0.1 () {34 vars in 492 bytes} [Fri Mar 25 12:52:38 2022] GET / => generated 1213 bytes in 3 msecs (HTTP/1.1 300) 3 headers in 106 bytes (1 switches on core 0)
Mar 25 12:52:38 ubuntu devstack@g-api.service[139294]: DEBUG glance.api.middleware.version_negotiation [None req-36f61823-d874-42d3-b9c3-e8a5afcf07b9 admin admin] Determining version of request: GET /v2/images/66c8423d-73e0-4828-9ec3-19700df5c06f Accept: */* {{(pid=139294) process_request /opt/stack/glance/glance/api/middleware/version_negotiation.py:44}}
Mar 25 12:52:38 ubuntu devstack@g-api.service[139294]: DEBUG glance.api.middleware.version_negotiation [None req-36f61823-d874-42d3-b9c3-e8a5afcf07b9 admin admin] Using url versioning {{(pid=139294) process_request /opt/stack/glance/glance/api/middleware/version_negotiation.py:57}}
Mar 25 12:52:38 ubuntu devstack@g-api.service[139294]: DEBUG glance.api.middleware.version_negotiation [None req-36f61823-d874-42d3-b9c3-e8a5afcf07b9 admin admin] Matched version: v2 {{(pid=139294) process_request /opt/stack/glance/glance/api/middleware/version_negotiation.py:69}}
Mar 25 12:52:38 ubuntu devstack@g-api.service[139294]: DEBUG glance.api.middleware.version_negotiation [None req-36f61823-d874-42d3-b9c3-e8a5afcf07b9 admin admin] new path /v2/images/66c8423d-73e0-4828-9ec3-19700df5c06f {{(pid=139294) process_request /opt/stack/glance/glance/api/middleware/version_negotiation.py:70}}
Mar 25 12:52:38 ubuntu devstack@g-api.service[139294]: WARNING keystonemiddleware.auth_token [None req-36f61823-d874-42d3-b9c3-e8a5afcf07b9 admin admin] A valid token was submitted as a service token, but it was not a valid service token. This is incorrect but backwards compatible behaviour. This will be removed in future releases.
Mar 25 12:52:38 ubuntu devstack@g-api.service[139294]: [pid: 139294|app: 0|req: 9/19] 127.0.0.1 () {42 vars in 1049 bytes} [Fri Mar 25 12:52:38 2022] GET /v2/images/66c8423d-73e0-4828-9ec3-19700df5c06f => generated 976 bytes in 106 msecs (HTTP/1.1 200) 4 headers in 157 bytes (1 switches on core 0)
Mar 25 12:52:38 ubuntu devstack@g-api.service[139293]: DEBUG glance.api.middleware.version_negotiation [None req-faf449e6-dcfe-44b2-9495-20569a09b6e9 admin admin] Determining version of request: GET /v2/schemas/image Accept: */* {{(pid=139293) process_request /opt/stack/glance/glance/api/middleware/version_negotiation.py:44}}
Mar 25 12:52:38 ubuntu devstack@g-api.service[139293]: DEBUG glance.api.middleware.version_negotiation [None req-faf449e6-dcfe-44b2-9495-20569a09b6e9 admin admin] Using url versioning {{(pid=139293) process_request /opt/stack/glance/glance/api/middleware/version_negotiation.py:57}}
Mar 25 12:52:38 ubuntu devstack@g-api.service[139293]: DEBUG glance.api.middleware.version_negotiation [None req-faf449e6-dcfe-44b2-9495-20569a09b6e9 admin admin] Matched version: v2 {{(pid=139293) process_request /opt/stack/glance/glance/api/middleware/version_negotiation.py:69}}
Mar 25 12:52:38 ubuntu devstack@g-api.service[139293]: DEBUG glance.api.middleware.version_negotiation [None req-faf449e6-dcfe-44b2-9495-20569a09b6e9 admin admin] new path /v2/schemas/image {{(pid=139293) process_request /opt/stack/glance/glance/api/middleware/version_negotiation.py:70}}
Mar 25 12:52:38 ubuntu devstack@g-api.service[139293]: WARNING keystonemiddleware.auth_token [None req-faf449e6-dcfe-44b2-9495-20569a09b6e9 admin admin] A valid token was submitted as a service token, but it was not a valid service token. This is incorrect but backwards compatible behaviour. This will be removed in future releases.
Mar 25 12:52:38 ubuntu devstack@g-api.service[139293]: [pid: 139293|app: 0|req: 11/20] 127.0.0.1 () {42 vars in 989 bytes} [Fri Mar 25 12:52:38 2022] GET /v2/schemas/image => generated 6083 bytes in 9 msecs (HTTP/1.1 200) 4 headers in 158 bytes (1 switches on core 0)
Mar 25 12:52:40 ubuntu devstack@g-api.service[139294]: DEBUG glance.api.middleware.version_negotiation [None req-96c6b742-dcc6-4d23-8eff-f21b17e3b953 tempest-UpdateMultiattachVolumeNegativeTest-799209270 tempest-UpdateMultiattachVolumeNegativeTest-799209270-project] Determining version of request: GET /v2/images/66c8423d-73e0-4828-9ec3-19700df5c06f Accept: */* {{(pid=139294) process_request /opt/stack/glance/glance/api/middleware/version_negotiation.py:44}}
Mar 25 12:52:40 ubuntu devstack@g-api.service[139294]: DEBUG glance.api.middleware.version_negotiation [None req-96c6b742-dcc6-4d23-8eff-f21b17e3b953 tempest-UpdateMultiattachVolumeNegativeTest-799209270 tempest-UpdateMultiattachVolumeNegativeTest-799209270-project] Using url versioning {{(pid=139294) process_request /opt/stack/glance/glance/api/middleware/version_negotiation.py:57}}
Mar 25 12:52:40 ubuntu devstack@g-api.service[139294]: DEBUG glance.api.middleware.version_negotiation [None req-96c6b742-dcc6-4d23-8eff-f21b17e3b953 tempest-UpdateMultiattachVolumeNegativeTest-799209270 tempest-UpdateMultiattachVolumeNegativeTest-799209270-project] Matched version: v2 {{(pid=139294) process_request /opt/stack/glance/glance/api/middleware/version_negotiation.py:69}}
Mar 25 12:52:40 ubuntu devstack@g-api.service[139294]: DEBUG glance.api.middleware.version_negotiation [None req-96c6b742-dcc6-4d23-8eff-f21b17e3b953 tempest-UpdateMultiattachVolumeNegativeTest-799209270 tempest-UpdateMultiattachVolumeNegativeTest-799209270-project] new path /v2/images/66c8423d-73e0-4828-9ec3-19700df5c06f {{(pid=139294) process_request /opt/stack/glance/glance/api/middleware/version_negotiation.py:70}}
Mar 25 12:52:40 ubuntu devstack@g-api.service[139294]: [pid: 139294|app: 0|req: 10/21] 127.0.0.1 () {42 vars in 1049 bytes} [Fri Mar 25 12:52:40 2022] GET /v2/images/66c8423d-73e0-4828-9ec3-19700df5c06f => generated 976 bytes in 60 msecs (HTTP/1.1 200) 4 headers in 157 bytes (1 switches on core 0)
Mar 25 12:52:40 ubuntu devstack@g-api.service[139293]: DEBUG glance.api.middleware.version_negotiation [None req-96c6b742-dcc6-4d23-8eff-f21b17e3b953 tempest-UpdateMultiattachVolumeNegativeTest-799209270 tempest-UpdateMultiattachVolumeNegativeTest-799209270-project] Determining version of request: GET /v2/images/66c8423d-73e0-4828-9ec3-19700df5c06f/file Accept: */* {{(pid=139293) process_request /opt/stack/glance/glance/api/middleware/version_negotiation.py:44}}
Mar 25 12:52:40 ubuntu devstack@g-api.service[139293]: DEBUG glance.api.middleware.version_negotiation [None req-96c6b742-dcc6-4d23-8eff-f21b17e3b953 tempest-UpdateMultiattachVolumeNegativeTest-799209270 tempest-UpdateMultiattachVolumeNegativeTest-799209270-project] Using url versioning {{(pid=139293) process_request /opt/stack/glance/glance/api/middleware/version_negotiation.py:57}}
Mar 25 12:52:40 ubuntu devstack@g-api.service[139293]: DEBUG glance.api.middleware.version_negotiation [None req-96c6b742-dcc6-4d23-8eff-f21b17e3b953 tempest-UpdateMultiattachVolumeNegativeTest-799209270 tempest-UpdateMultiattachVolumeNegativeTest-799209270-project] Matched version: v2 {{(pid=139293) process_request /opt/stack/glance/glance/api/middleware/version_negotiation.py:69}}
Mar 25 12:52:40 ubuntu devstack@g-api.service[139293]: DEBUG glance.api.middleware.version_negotiation [None req-96c6b742-dcc6-4d23-8eff-f21b17e3b953 tempest-UpdateMultiattachVolumeNegativeTest-799209270 tempest-UpdateMultiattachVolumeNegativeTest-799209270-project] new path /v2/images/66c8423d-73e0-4828-9ec3-19700df5c06f/file {{(pid=139293) process_request /opt/stack/glance/glance/api/middleware/version_negotiation.py:70}}
Mar 25 12:52:40 ubuntu devstack@g-api.service[139293]: DEBUG glance_store.backend [None req-96c6b742-dcc6-4d23-8eff-f21b17e3b953 tempest-UpdateMultiattachVolumeNegativeTest-799209270 tempest-UpdateMultiattachVolumeNegativeTest-799209270-project] Attempting to import store swift {{(pid=139293) _load_store /usr/local/lib/python3.8/dist-packages/glance_store/backend.py:217}}
Mar 25 12:52:40 ubuntu devstack@g-api.service[139293]: DEBUG glance_store.capabilities [None req-96c6b742-dcc6-4d23-8eff-f21b17e3b953 tempest-UpdateMultiattachVolumeNegativeTest-799209270 tempest-UpdateMultiattachVolumeNegativeTest-799209270-project] Store glance_store._drivers.swift.store.SingleTenantStore doesn't support updating dynamic storage capabilities. Please overwrite 'update_capabilities' method of the store to implement updating logics if needed. {{(pid=139293) update_capabilities /usr/local/lib/python3.8/dist-packages/glance_store/capabilities.py:91}}
Mar 25 12:52:40 ubuntu devstack@g-api.service[139293]: DEBUG glance_store.driver [None req-96c6b742-dcc6-4d23-8eff-f21b17e3b953 tempest-UpdateMultiattachVolumeNegativeTest-799209270 tempest-UpdateMultiattachVolumeNegativeTest-799209270-project] Late loading location class glance_store._drivers.swift.store.StoreLocation {{(pid=139293) get_store_location_class /usr/local/lib/python3.8/dist-packages/glance_store/driver.py:117}}
Mar 25 12:52:40 ubuntu devstack@g-api.service[139293]: DEBUG glance_store.location [None req-96c6b742-dcc6-4d23-8eff-f21b17e3b953 tempest-UpdateMultiattachVolumeNegativeTest-799209270 tempest-UpdateMultiattachVolumeNegativeTest-799209270-project] Registering scheme swift+https with {'store': <glance_store._drivers.swift.store.SingleTenantStore object at 0x7fbd156bbf10>, 'location_class': <class 'glance_store._drivers.swift.store.StoreLocation'>, 'store_entry': 'swift'} {{(pid=139293) register_scheme_map /usr/local/lib/python3.8/dist-packages/glance_store/location.py:146}}
Mar 25 12:52:40 ubuntu devstack@g-api.service[139293]: DEBUG glance_store.location [None req-96c6b742-dcc6-4d23-8eff-f21b17e3b953 tempest-UpdateMultiattachVolumeNegativeTest-799209270 tempest-UpdateMultiattachVolumeNegativeTest-799209270-project] Registering scheme swift+https with {'store': <glance_store._drivers.swift.store.SingleTenantStore object at 0x7fbd156bbf10>, 'location_class': <class 'glance_store._drivers.swift.store.StoreLocation'>, 'store_entry': 'swift'} {{(pid=139293) register_scheme_map /usr/local/lib/python3.8/dist-packages/glance_store/location.py:146}}
Mar 25 12:52:40 ubuntu devstack@g-api.service[139293]: DEBUG glance_store.location [None req-96c6b742-dcc6-4d23-8eff-f21b17e3b953 tempest-UpdateMultiattachVolumeNegativeTest-799209270 tempest-UpdateMultiattachVolumeNegativeTest-799209270-project] Registering scheme swift with {'store': <glance_store._drivers.swift.store.SingleTenantStore object at 0x7fbd156bbf10>, 'location_class': <class 'glance_store._drivers.swift.store.StoreLocation'>, 'store_entry': 'swift'} {{(pid=139293) register_scheme_map /usr/local/lib/python3.8/dist-packages/glance_store/location.py:146}}
Mar 25 12:52:40 ubuntu devstack@g-api.service[139293]: DEBUG glance_store.location [None req-96c6b742-dcc6-4d23-8eff-f21b17e3b953 tempest-UpdateMultiattachVolumeNegativeTest-799209270 tempest-UpdateMultiattachVolumeNegativeTest-799209270-project] Registering scheme swift+https with {'store': <glance_store._drivers.swift.store.SingleTenantStore object at 0x7fbd156bbf10>, 'location_class': <class 'glance_store._drivers.swift.store.StoreLocation'>, 'store_entry': 'swift'} {{(pid=139293) register_scheme_map /usr/local/lib/python3.8/dist-packages/glance_store/location.py:146}}
Mar 25 12:52:40 ubuntu devstack@g-api.service[139293]: DEBUG glance_store.location [None req-96c6b742-dcc6-4d23-8eff-f21b17e3b953 tempest-UpdateMultiattachVolumeNegativeTest-799209270 tempest-UpdateMultiattachVolumeNegativeTest-799209270-project] Registering scheme swift with {'store': <glance_store._drivers.swift.store.SingleTenantStore object at 0x7fbd156bbf10>, 'location_class': <class 'glance_store._drivers.swift.store.StoreLocation'>, 'store_entry': 'swift'} {{(pid=139293) register_scheme_map /usr/local/lib/python3.8/dist-packages/glance_store/location.py:146}}
Mar 25 12:52:40 ubuntu devstack@g-api.service[139293]: DEBUG glance_store.location [None req-96c6b742-dcc6-4d23-8eff-f21b17e3b953 tempest-UpdateMultiattachVolumeNegativeTest-799209270 tempest-UpdateMultiattachVolumeNegativeTest-799209270-project] Registering scheme swift+http with {'store': <glance_store._drivers.swift.store.SingleTenantStore object at 0x7fbd156bbf10>, 'location_class': <class 'glance_store._drivers.swift.store.StoreLocation'>, 'store_entry': 'swift'} {{(pid=139293) register_scheme_map /usr/local/lib/python3.8/dist-packages/glance_store/location.py:146}}
Mar 25 12:52:40 ubuntu devstack@g-api.service[139293]: DEBUG glance_store.location [None req-96c6b742-dcc6-4d23-8eff-f21b17e3b953 tempest-UpdateMultiattachVolumeNegativeTest-799209270 tempest-UpdateMultiattachVolumeNegativeTest-799209270-project] Registering scheme swift+https with {'store': <glance_store._drivers.swift.store.SingleTenantStore object at 0x7fbd156bbf10>, 'location_class': <class 'glance_store._drivers.swift.store.StoreLocation'>, 'store_entry': 'swift'} {{(pid=139293) register_scheme_map /usr/local/lib/python3.8/dist-packages/glance_store/location.py:146}}
Mar 25 12:52:40 ubuntu devstack@g-api.service[139293]: DEBUG glance_store.location [None req-96c6b742-dcc6-4d23-8eff-f21b17e3b953 tempest-UpdateMultiattachVolumeNegativeTest-799209270 tempest-UpdateMultiattachVolumeNegativeTest-799209270-project] Registering scheme swift with {'store': <glance_store._drivers.swift.store.SingleTenantStore object at 0x7fbd156bbf10>, 'location_class': <class 'glance_store._drivers.swift.store.StoreLocation'>, 'store_entry': 'swift'} {{(pid=139293) register_scheme_map /usr/local/lib/python3.8/dist-packages/glance_store/location.py:146}}
Mar 25 12:52:40 ubuntu devstack@g-api.service[139293]: DEBUG glance_store.location [None req-96c6b742-dcc6-4d23-8eff-f21b17e3b953 tempest-UpdateMultiattachVolumeNegativeTest-799209270 tempest-UpdateMultiattachVolumeNegativeTest-799209270-project] Registering scheme swift+http with {'store': <glance_store._drivers.swift.store.SingleTenantStore object at 0x7fbd156bbf10>, 'location_class': <class 'glance_store._drivers.swift.store.StoreLocation'>, 'store_entry': 'swift'} {{(pid=139293) register_scheme_map /usr/local/lib/python3.8/dist-packages/glance_store/location.py:146}}
Mar 25 12:52:40 ubuntu devstack@g-api.service[139293]: DEBUG glance_store.location [None req-96c6b742-dcc6-4d23-8eff-f21b17e3b953 tempest-UpdateMultiattachVolumeNegativeTest-799209270 tempest-UpdateMultiattachVolumeNegativeTest-799209270-project] Registering scheme swift+config with {'store': <glance_store._drivers.swift.store.SingleTenantStore object at 0x7fbd156bbf10>, 'location_class': <class 'glance_store._drivers.swift.store.StoreLocation'>, 'store_entry': 'swift'} {{(pid=139293) register_scheme_map /usr/local/lib/python3.8/dist-packages/glance_store/location.py:146}}
Mar 25 12:52:40 ubuntu devstack@g-api.service[139293]: DEBUG swiftclient [None req-96c6b742-dcc6-4d23-8eff-f21b17e3b953 tempest-UpdateMultiattachVolumeNegativeTest-799209270 tempest-UpdateMultiattachVolumeNegativeTest-799209270-project] REQ: curl -i http://192.168.79.46:8080/v1/AUTH_2142870ae55e4440ba2726c87f31153b/glance/66c8423d-73e0-4828-9ec3-19700df5c06f -X GET -H "X-Auth-Token: gAAAAABiPbsYd04S..." {{(pid=139293) http_log /usr/local/lib/python3.8/dist-packages/swiftclient/client.py:187}}
Mar 25 12:52:40 ubuntu devstack@g-api.service[139293]: DEBUG swiftclient [None req-96c6b742-dcc6-4d23-8eff-f21b17e3b953 tempest-UpdateMultiattachVolumeNegativeTest-799209270 tempest-UpdateMultiattachVolumeNegativeTest-799209270-project] RESP STATUS: 200 OK {{(pid=139293) http_log /usr/local/lib/python3.8/dist-packages/swiftclient/client.py:188}}
Mar 25 12:52:40 ubuntu devstack@g-api.service[139293]: DEBUG swiftclient [None req-96c6b742-dcc6-4d23-8eff-f21b17e3b953 tempest-UpdateMultiattachVolumeNegativeTest-799209270 tempest-UpdateMultiattachVolumeNegativeTest-799209270-project] RESP HEADERS: {'Content-Type': 'application/octet-stream', 'Etag': '1d3062cd89af34e419f7100277f38b2b', 'Last-Modified': 'Fri, 25 Mar 2022 12:45:31 GMT', 'X-Timestamp': '1648212330.06800', 'Accept-Ranges': 'bytes', 'Content-Length': '16338944', 'X-Trans-Id': 'txf332ac9968364089bffb0-00623dbb18', 'X-Openstack-Request-Id': 'txf332ac9968364089bffb0-00623dbb18', 'Date': 'Fri, 25 Mar 2022 12:52:40 GMT'} {{(pid=139293) http_log /usr/local/lib/python3.8/dist-packages/swiftclient/client.py:189}}
Mar 25 12:52:40 ubuntu devstack@g-api.service[139293]: DEBUG glance.image_cache [None req-96c6b742-dcc6-4d23-8eff-f21b17e3b953 tempest-UpdateMultiattachVolumeNegativeTest-799209270 tempest-UpdateMultiattachVolumeNegativeTest-799209270-project] Tee'ing image '66c8423d-73e0-4828-9ec3-19700df5c06f' into cache {{(pid=139293) get_caching_iter /opt/stack/glance/glance/image_cache/__init__.py:343}}
Mar 25 12:52:40 ubuntu devstack@g-api.service[139293]: DEBUG glance.image_cache.drivers.sqlite [None req-96c6b742-dcc6-4d23-8eff-f21b17e3b953 tempest-UpdateMultiattachVolumeNegativeTest-799209270 tempest-UpdateMultiattachVolumeNegativeTest-799209270-project] Fetch finished, moving '/opt/stack/data/glance/cache/incomplete/66c8423d-73e0-4828-9ec3-19700df5c06f' to '/opt/stack/data/glance/cache/66c8423d-73e0-4828-9ec3-19700df5c06f' {{(pid=139293) commit /opt/stack/glance/glance/image_cache/drivers/sqlite.py:324}}
Mar 25 12:52:40 ubuntu devstack@g-api.service[139293]: [pid: 139293|app: 0|req: 12/22] 127.0.0.1 () {42 vars in 1059 bytes} [Fri Mar 25 12:52:40 2022] GET /v2/images/66c8423d-73e0-4828-9ec3-19700df5c06f/file => generated 16338944 bytes in 428 msecs (HTTP/1.1 200) 4 headers in 191 bytes (250 switches on core 0)
Mar 25 12:52:46 ubuntu devstack@g-api.service[139294]: DEBUG glance.api.middleware.version_negotiation [None req-96c6b742-dcc6-4d23-8eff-f21b17e3b953 tempest-UpdateMultiattachVolumeNegativeTest-799209270 tempest-UpdateMultiattachVolumeNegativeTest-799209270-project] Determining version of request: GET / Accept: application/json {{(pid=139294) process_request /opt/stack/glance/glance/api/middleware/version_negotiation.py:44}}
Mar 25 12:52:46 ubuntu devstack@g-api.service[139294]: DEBUG glance.api.middleware.version_negotiation [None req-96c6b742-dcc6-4d23-8eff-f21b17e3b953 tempest-UpdateMultiattachVolumeNegativeTest-799209270 tempest-UpdateMultiattachVolumeNegativeTest-799209270-project] Using url versioning {{(pid=139294) process_request /opt/stack/glance/glance/api/middleware/version_negotiation.py:57}}
Mar 25 12:52:46 ubuntu devstack@g-api.service[139294]: DEBUG glance.api.middleware.version_negotiation [None req-96c6b742-dcc6-4d23-8eff-f21b17e3b953 tempest-UpdateMultiattachVolumeNegativeTest-799209270 tempest-UpdateMultiattachVolumeNegativeTest-799209270-project] Unknown version. Returning version choices. {{(pid=139294) process_request /opt/stack/glance/glance/api/middleware/version_negotiation.py:64}}
Mar 25 12:52:46 ubuntu devstack@g-api.service[139294]: [pid: 139294|app: 0|req: 11/23] 127.0.0.1 () {34 vars in 492 bytes} [Fri Mar 25 12:52:46 2022] GET / => generated 1213 bytes in 2 msecs (HTTP/1.1 300) 3 headers in 106 bytes (1 switches on core 0)
Mar 25 12:52:46 ubuntu devstack@g-api.service[139293]: DEBUG glance.api.middleware.version_negotiation [None req-96c6b742-dcc6-4d23-8eff-f21b17e3b953 tempest-UpdateMultiattachVolumeNegativeTest-799209270 tempest-UpdateMultiattachVolumeNegativeTest-799209270-project] Determining version of request: GET /v2/images/66c8423d-73e0-4828-9ec3-19700df5c06f Accept: */* {{(pid=139293) process_request /opt/stack/glance/glance/api/middleware/version_negotiation.py:44}}
Mar 25 12:52:46 ubuntu devstack@g-api.service[139293]: DEBUG glance.api.middleware.version_negotiation [None req-96c6b742-dcc6-4d23-8eff-f21b17e3b953 tempest-UpdateMultiattachVolumeNegativeTest-799209270 tempest-UpdateMultiattachVolumeNegativeTest-799209270-project] Using url versioning {{(pid=139293) process_request /opt/stack/glance/glance/api/middleware/version_negotiation.py:57}}
Mar 25 12:52:46 ubuntu devstack@g-api.service[139293]: DEBUG glance.api.middleware.version_negotiation [None req-96c6b742-dcc6-4d23-8eff-f21b17e3b953 tempest-UpdateMultiattachVolumeNegativeTest-799209270 tempest-UpdateMultiattachVolumeNegativeTest-799209270-project] Matched version: v2 {{(pid=139293) process_request /opt/stack/glance/glance/api/middleware/version_negotiation.py:69}}
Mar 25 12:52:46 ubuntu devstack@g-api.service[139293]: DEBUG glance.api.middleware.version_negotiation [None req-96c6b742-dcc6-4d23-8eff-f21b17e3b953 tempest-UpdateMultiattachVolumeNegativeTest-799209270 tempest-UpdateMultiattachVolumeNegativeTest-799209270-project] new path /v2/images/66c8423d-73e0-4828-9ec3-19700df5c06f {{(pid=139293) process_request /opt/stack/glance/glance/api/middleware/version_negotiation.py:70}}
Mar 25 12:52:46 ubuntu devstack@g-api.service[139293]: [pid: 139293|app: 0|req: 13/24] 127.0.0.1 () {42 vars in 1049 bytes} [Fri Mar 25 12:52:46 2022] GET /v2/images/66c8423d-73e0-4828-9ec3-19700df5c06f => generated 976 bytes in 21 msecs (HTTP/1.1 200) 4 headers in 157 bytes (1 switches on core 0)
Mar 25 12:52:46 ubuntu devstack@g-api.service[139294]: DEBUG glance.api.middleware.version_negotiation [None req-96c6b742-dcc6-4d23-8eff-f21b17e3b953 tempest-UpdateMultiattachVolumeNegativeTest-799209270 tempest-UpdateMultiattachVolumeNegativeTest-799209270-project] Determining version of request: GET /v2/schemas/image Accept: */* {{(pid=139294) process_request /opt/stack/glance/glance/api/middleware/version_negotiation.py:44}}
Mar 25 12:52:46 ubuntu devstack@g-api.service[139294]: DEBUG glance.api.middleware.version_negotiation [None req-96c6b742-dcc6-4d23-8eff-f21b17e3b953 tempest-UpdateMultiattachVolumeNegativeTest-799209270 tempest-UpdateMultiattachVolumeNegativeTest-799209270-project] Using url versioning {{(pid=139294) process_request /opt/stack/glance/glance/api/middleware/version_negotiation.py:57}}
Mar 25 12:52:46 ubuntu devstack@g-api.service[139294]: DEBUG glance.api.middleware.version_negotiation [None req-96c6b742-dcc6-4d23-8eff-f21b17e3b953 tempest-UpdateMultiattachVolumeNegativeTest-799209270 tempest-UpdateMultiattachVolumeNegativeTest-799209270-project] Matched version: v2 {{(pid=139294) process_request /opt/stack/glance/glance/api/middleware/version_negotiation.py:69}}
Mar 25 12:52:46 ubuntu devstack@g-api.service[139294]: DEBUG glance.api.middleware.version_negotiation [None req-96c6b742-dcc6-4d23-8eff-f21b17e3b953 tempest-UpdateMultiattachVolumeNegativeTest-799209270 tempest-UpdateMultiattachVolumeNegativeTest-799209270-project] new path /v2/schemas/image {{(pid=139294) process_request /opt/stack/glance/glance/api/middleware/version_negotiation.py:70}}
Mar 25 12:52:46 ubuntu devstack@g-api.service[139294]: [pid: 139294|app: 0|req: 12/25] 127.0.0.1 () {42 vars in 989 bytes} [Fri Mar 25 12:52:46 2022] GET /v2/schemas/image => generated 6083 bytes in 5 msecs (HTTP/1.1 200) 4 headers in 158 bytes (1 switches on core 0)
Mar 25 12:53:21 ubuntu devstack@g-api.service[139293]: DEBUG glance.api.middleware.version_negotiation [None req-3d4e7f23-3de4-469e-ba13-fddfeb8ea6b5 tempest-UpdateMultiattachVolumeNegativeTest-799209270 tempest-UpdateMultiattachVolumeNegativeTest-799209270-project] Determining version of request: GET /v2/images/66c8423d-73e0-4828-9ec3-19700df5c06f Accept: */* {{(pid=139293) process_request /opt/stack/glance/glance/api/middleware/version_negotiation.py:44}}
Mar 25 12:53:21 ubuntu devstack@g-api.service[139293]: DEBUG glance.api.middleware.version_negotiation [None req-3d4e7f23-3de4-469e-ba13-fddfeb8ea6b5 tempest-UpdateMultiattachVolumeNegativeTest-799209270 tempest-UpdateMultiattachVolumeNegativeTest-799209270-project] Using url versioning {{(pid=139293) process_request /opt/stack/glance/glance/api/middleware/version_negotiation.py:57}}
Mar 25 12:53:21 ubuntu devstack@g-api.service[139293]: DEBUG glance.api.middleware.version_negotiation [None req-3d4e7f23-3de4-469e-ba13-fddfeb8ea6b5 tempest-UpdateMultiattachVolumeNegativeTest-799209270 tempest-UpdateMultiattachVolumeNegativeTest-799209270-project] Matched version: v2 {{(pid=139293) process_request /opt/stack/glance/glance/api/middleware/version_negotiation.py:69}}
Mar 25 12:53:21 ubuntu devstack@g-api.service[139293]: DEBUG glance.api.middleware.version_negotiation [None req-3d4e7f23-3de4-469e-ba13-fddfeb8ea6b5 tempest-UpdateMultiattachVolumeNegativeTest-799209270 tempest-UpdateMultiattachVolumeNegativeTest-799209270-project] new path /v2/images/66c8423d-73e0-4828-9ec3-19700df5c06f {{(pid=139293) process_request /opt/stack/glance/glance/api/middleware/version_negotiation.py:70}}
Mar 25 12:53:21 ubuntu devstack@g-api.service[139293]: [pid: 139293|app: 0|req: 14/26] 127.0.0.1 () {42 vars in 1049 bytes} [Fri Mar 25 12:53:21 2022] GET /v2/images/66c8423d-73e0-4828-9ec3-19700df5c06f => generated 976 bytes in 23 msecs (HTTP/1.1 200) 4 headers in 157 bytes (1 switches on core 0)
