May 17 22:09:24 ubuntu devstack@g-api.service[131833]: DEBUG glance_store.capabilities [None req-2b755f59-fa19-4f33-ab20-04594afbe8ad admin admin] Store glance_store._drivers.swift.store.SingleTenantStore doesn't support updating dynamic storage capabilities. Please overwrite 'update_capabilities' method of the store to implement updating logics if needed. {{(pid=131833) update_capabilities /usr/local/lib/python3.8/dist-packages/glance_store/capabilities.py:91}}
May 17 22:09:24 ubuntu devstack@g-api.service[131833]: DEBUG glance_store.driver [None req-2b755f59-fa19-4f33-ab20-04594afbe8ad admin admin] Late loading location class glance_store._drivers.swift.store.StoreLocation {{(pid=131833) get_store_location_class /usr/local/lib/python3.8/dist-packages/glance_store/driver.py:117}}
May 17 22:09:24 ubuntu devstack@g-api.service[131833]: DEBUG glance_store.location [None req-2b755f59-fa19-4f33-ab20-04594afbe8ad admin admin] Registering scheme swift+https with {'store': <glance_store._drivers.swift.store.SingleTenantStore object at 0x7f150b8361c0>, 'location_class': <class 'glance_store._drivers.swift.store.StoreLocation'>, 'store_entry': 'swift'} {{(pid=131833) register_scheme_map /usr/local/lib/python3.8/dist-packages/glance_store/location.py:146}}
May 17 22:09:24 ubuntu devstack@g-api.service[131833]: DEBUG glance_store.location [None req-2b755f59-fa19-4f33-ab20-04594afbe8ad admin admin] Registering scheme swift+https with {'store': <glance_store._drivers.swift.store.SingleTenantStore object at 0x7f150b8361c0>, 'location_class': <class 'glance_store._drivers.swift.store.StoreLocation'>, 'store_entry': 'swift'} {{(pid=131833) register_scheme_map /usr/local/lib/python3.8/dist-packages/glance_store/location.py:146}}
May 17 22:09:24 ubuntu devstack@g-api.service[131833]: DEBUG glance_store.location [None req-2b755f59-fa19-4f33-ab20-04594afbe8ad admin admin] Registering scheme swift with {'store': <glance_store._drivers.swift.store.SingleTenantStore object at 0x7f150b8361c0>, 'location_class': <class 'glance_store._drivers.swift.store.StoreLocation'>, 'store_entry': 'swift'} {{(pid=131833) register_scheme_map /usr/local/lib/python3.8/dist-packages/glance_store/location.py:146}}
May 17 22:09:24 ubuntu devstack@g-api.service[131833]: DEBUG glance_store.location [None req-2b755f59-fa19-4f33-ab20-04594afbe8ad admin admin] Registering scheme swift+https with {'store': <glance_store._drivers.swift.store.SingleTenantStore object at 0x7f150b8361c0>, 'location_class': <class 'glance_store._drivers.swift.store.StoreLocation'>, 'store_entry': 'swift'} {{(pid=131833) register_scheme_map /usr/local/lib/python3.8/dist-packages/glance_store/location.py:146}}
May 17 22:09:24 ubuntu devstack@g-api.service[131833]: DEBUG glance_store.location [None req-2b755f59-fa19-4f33-ab20-04594afbe8ad admin admin] Registering scheme swift with {'store': <glance_store._drivers.swift.store.SingleTenantStore object at 0x7f150b8361c0>, 'location_class': <class 'glance_store._drivers.swift.store.StoreLocation'>, 'store_entry': 'swift'} {{(pid=131833) register_scheme_map /usr/local/lib/python3.8/dist-packages/glance_store/location.py:146}}
May 17 22:09:24 ubuntu devstack@g-api.service[131833]: DEBUG glance_store.location [None req-2b755f59-fa19-4f33-ab20-04594afbe8ad admin admin] Registering scheme swift+http with {'store': <glance_store._drivers.swift.store.SingleTenantStore object at 0x7f150b8361c0>, 'location_class': <class 'glance_store._drivers.swift.store.StoreLocation'>, 'store_entry': 'swift'} {{(pid=131833) register_scheme_map /usr/local/lib/python3.8/dist-packages/glance_store/location.py:146}}
May 17 22:09:24 ubuntu devstack@g-api.service[131833]: DEBUG glance_store.location [None req-2b755f59-fa19-4f33-ab20-04594afbe8ad admin admin] Registering scheme swift+https with {'store': <glance_store._drivers.swift.store.SingleTenantStore object at 0x7f150b8361c0>, 'location_class': <class 'glance_store._drivers.swift.store.StoreLocation'>, 'store_entry': 'swift'} {{(pid=131833) register_scheme_map /usr/local/lib/python3.8/dist-packages/glance_store/location.py:146}}
May 17 22:09:24 ubuntu devstack@g-api.service[131833]: DEBUG glance_store.location [None req-2b755f59-fa19-4f33-ab20-04594afbe8ad admin admin] Registering scheme swift with {'store': <glance_store._drivers.swift.store.SingleTenantStore object at 0x7f150b8361c0>, 'location_class': <class 'glance_store._drivers.swift.store.StoreLocation'>, 'store_entry': 'swift'} {{(pid=131833) register_scheme_map /usr/local/lib/python3.8/dist-packages/glance_store/location.py:146}}
May 17 22:09:24 ubuntu devstack@g-api.service[131833]: DEBUG glance_store.location [None req-2b755f59-fa19-4f33-ab20-04594afbe8ad admin admin] Registering scheme swift+http with {'store': <glance_store._drivers.swift.store.SingleTenantStore object at 0x7f150b8361c0>, 'location_class': <class 'glance_store._drivers.swift.store.StoreLocation'>, 'store_entry': 'swift'} {{(pid=131833) register_scheme_map /usr/local/lib/python3.8/dist-packages/glance_store/location.py:146}}
May 17 22:09:24 ubuntu devstack@g-api.service[131833]: DEBUG glance_store.location [None req-2b755f59-fa19-4f33-ab20-04594afbe8ad admin admin] Registering scheme swift+config with {'store': <glance_store._drivers.swift.store.SingleTenantStore object at 0x7f150b8361c0>, 'location_class': <class 'glance_store._drivers.swift.store.StoreLocation'>, 'store_entry': 'swift'} {{(pid=131833) register_scheme_map /usr/local/lib/python3.8/dist-packages/glance_store/location.py:146}}
May 17 22:09:24 ubuntu devstack@g-api.service[131833]: DEBUG glance_store.backend [None req-2b755f59-fa19-4f33-ab20-04594afbe8ad admin admin] Skipping store.set_acls... not implemented. {{(pid=131833) set_acls /usr/local/lib/python3.8/dist-packages/glance_store/backend.py:509}}
May 17 22:09:24 ubuntu devstack@g-api.service[131833]: [pid: 131833|app: 0|req: 2/4] 127.0.0.1 () {40 vars in 862 bytes} [Tue May 17 22:09:22 2022] PUT /v2/images/a0f85613-1b97-4f4e-85a9-2cf4a03184b7/file => generated 0 bytes in 1826 msecs (HTTP/1.1 204) 4 headers in 171 bytes (1 switches on core 0)
May 17 22:10:09 ubuntu devstack@g-api.service[131832]: DEBUG glance.api.middleware.version_negotiation [None req-13c9d6c6-55e6-467d-80d4-cfe3feeec840 admin admin] Determining version of request: GET / Accept: application/json {{(pid=131832) process_request /opt/stack/glance/glance/api/middleware/version_negotiation.py:44}}
May 17 22:10:09 ubuntu devstack@g-api.service[131832]: DEBUG glance.api.middleware.version_negotiation [None req-13c9d6c6-55e6-467d-80d4-cfe3feeec840 admin admin] Using url versioning {{(pid=131832) process_request /opt/stack/glance/glance/api/middleware/version_negotiation.py:57}}
May 17 22:10:09 ubuntu devstack@g-api.service[131832]: DEBUG glance.api.middleware.version_negotiation [None req-13c9d6c6-55e6-467d-80d4-cfe3feeec840 admin admin] Unknown version. Returning version choices. {{(pid=131832) process_request /opt/stack/glance/glance/api/middleware/version_negotiation.py:64}}
May 17 22:10:09 ubuntu devstack@g-api.service[131832]: [pid: 131832|app: 0|req: 3/5] 127.0.0.1 () {34 vars in 506 bytes} [Tue May 17 22:10:09 2022] GET / => generated 1213 bytes in 7 msecs (HTTP/1.1 300) 3 headers in 106 bytes (1 switches on core 0)
May 17 22:10:09 ubuntu devstack@g-api.service[131833]: DEBUG glance.api.middleware.version_negotiation [None req-2b755f59-fa19-4f33-ab20-04594afbe8ad admin admin] Determining version of request: GET /v2/images Accept: application/json {{(pid=131833) process_request /opt/stack/glance/glance/api/middleware/version_negotiation.py:44}}
May 17 22:10:09 ubuntu devstack@g-api.service[131833]: DEBUG glance.api.middleware.version_negotiation [None req-2b755f59-fa19-4f33-ab20-04594afbe8ad admin admin] Using url versioning {{(pid=131833) process_request /opt/stack/glance/glance/api/middleware/version_negotiation.py:57}}
May 17 22:10:09 ubuntu devstack@g-api.service[131833]: DEBUG glance.api.middleware.version_negotiation [None req-2b755f59-fa19-4f33-ab20-04594afbe8ad admin admin] Matched version: v2 {{(pid=131833) process_request /opt/stack/glance/glance/api/middleware/version_negotiation.py:69}}
May 17 22:10:09 ubuntu devstack@g-api.service[131833]: DEBUG glance.api.middleware.version_negotiation [None req-2b755f59-fa19-4f33-ab20-04594afbe8ad admin admin] new path /v2/images {{(pid=131833) process_request /opt/stack/glance/glance/api/middleware/version_negotiation.py:70}}
May 17 22:10:09 ubuntu devstack@g-api.service[131833]: [pid: 131833|app: 0|req: 3/6] 127.0.0.1 () {36 vars in 728 bytes} [Tue May 17 22:10:09 2022] GET /v2/images => generated 1045 bytes in 154 msecs (HTTP/1.1 200) 4 headers in 158 bytes (1 switches on core 0)
May 17 22:10:15 ubuntu devstack@g-api.service[131832]: DEBUG glance.api.middleware.version_negotiation [None req-13c9d6c6-55e6-467d-80d4-cfe3feeec840 admin admin] Determining version of request: GET / Accept: application/json {{(pid=131832) process_request /opt/stack/glance/glance/api/middleware/version_negotiation.py:44}}
May 17 22:10:15 ubuntu devstack@g-api.service[131832]: DEBUG glance.api.middleware.version_negotiation [None req-13c9d6c6-55e6-467d-80d4-cfe3feeec840 admin admin] Using url versioning {{(pid=131832) process_request /opt/stack/glance/glance/api/middleware/version_negotiation.py:57}}
May 17 22:10:15 ubuntu devstack@g-api.service[131832]: DEBUG glance.api.middleware.version_negotiation [None req-13c9d6c6-55e6-467d-80d4-cfe3feeec840 admin admin] Unknown version. Returning version choices. {{(pid=131832) process_request /opt/stack/glance/glance/api/middleware/version_negotiation.py:64}}
May 17 22:10:15 ubuntu devstack@g-api.service[131832]: [pid: 131832|app: 0|req: 4/7] 127.0.0.1 () {34 vars in 506 bytes} [Tue May 17 22:10:15 2022] GET / => generated 1213 bytes in 5 msecs (HTTP/1.1 300) 3 headers in 106 bytes (1 switches on core 0)
May 17 22:10:15 ubuntu devstack@g-api.service[131833]: DEBUG glance.api.middleware.version_negotiation [None req-b1a9ee97-11b7-4838-9f2e-d510802876ab admin admin] Determining version of request: GET /v2/images/a0f85613-1b97-4f4e-85a9-2cf4a03184b7 Accept: */* {{(pid=131833) process_request /opt/stack/glance/glance/api/middleware/version_negotiation.py:44}}
May 17 22:10:15 ubuntu devstack@g-api.service[131833]: DEBUG glance.api.middleware.version_negotiation [None req-b1a9ee97-11b7-4838-9f2e-d510802876ab admin admin] Using url versioning {{(pid=131833) process_request /opt/stack/glance/glance/api/middleware/version_negotiation.py:57}}
May 17 22:10:15 ubuntu devstack@g-api.service[131833]: DEBUG glance.api.middleware.version_negotiation [None req-b1a9ee97-11b7-4838-9f2e-d510802876ab admin admin] Matched version: v2 {{(pid=131833) process_request /opt/stack/glance/glance/api/middleware/version_negotiation.py:69}}
May 17 22:10:15 ubuntu devstack@g-api.service[131833]: DEBUG glance.api.middleware.version_negotiation [None req-b1a9ee97-11b7-4838-9f2e-d510802876ab admin admin] new path /v2/images/a0f85613-1b97-4f4e-85a9-2cf4a03184b7 {{(pid=131833) process_request /opt/stack/glance/glance/api/middleware/version_negotiation.py:70}}
May 17 22:10:15 ubuntu devstack@g-api.service[131833]: [pid: 131833|app: 0|req: 4/8] 127.0.0.1 () {36 vars in 789 bytes} [Tue May 17 22:10:15 2022] GET /v2/images/a0f85613-1b97-4f4e-85a9-2cf4a03184b7 => generated 976 bytes in 50 msecs (HTTP/1.1 200) 4 headers in 157 bytes (1 switches on core 0)
May 17 22:10:19 ubuntu devstack@g-api.service[131832]: DEBUG glance.api.middleware.version_negotiation [None req-13c9d6c6-55e6-467d-80d4-cfe3feeec840 admin admin] Determining version of request: GET / Accept: application/json {{(pid=131832) process_request /opt/stack/glance/glance/api/middleware/version_negotiation.py:44}}
May 17 22:10:19 ubuntu devstack@g-api.service[131832]: DEBUG glance.api.middleware.version_negotiation [None req-13c9d6c6-55e6-467d-80d4-cfe3feeec840 admin admin] Using url versioning {{(pid=131832) process_request /opt/stack/glance/glance/api/middleware/version_negotiation.py:57}}
May 17 22:10:19 ubuntu devstack@g-api.service[131832]: DEBUG glance.api.middleware.version_negotiation [None req-13c9d6c6-55e6-467d-80d4-cfe3feeec840 admin admin] Unknown version. Returning version choices. {{(pid=131832) process_request /opt/stack/glance/glance/api/middleware/version_negotiation.py:64}}
May 17 22:10:19 ubuntu devstack@g-api.service[131832]: [pid: 131832|app: 0|req: 5/9] 127.0.0.1 () {34 vars in 506 bytes} [Tue May 17 22:10:19 2022] GET / => generated 1213 bytes in 2 msecs (HTTP/1.1 300) 3 headers in 106 bytes (1 switches on core 0)
May 17 22:10:19 ubuntu devstack@g-api.service[131833]: DEBUG glance.api.middleware.version_negotiation [None req-343a2d0c-d873-46b4-9394-93cd4a0edd6a admin admin] Determining version of request: GET /v2/images/a0f85613-1b97-4f4e-85a9-2cf4a03184b7 Accept: */* {{(pid=131833) process_request /opt/stack/glance/glance/api/middleware/version_negotiation.py:44}}
May 17 22:10:19 ubuntu devstack@g-api.service[131833]: DEBUG glance.api.middleware.version_negotiation [None req-343a2d0c-d873-46b4-9394-93cd4a0edd6a admin admin] Using url versioning {{(pid=131833) process_request /opt/stack/glance/glance/api/middleware/version_negotiation.py:57}}
May 17 22:10:19 ubuntu devstack@g-api.service[131833]: DEBUG glance.api.middleware.version_negotiation [None req-343a2d0c-d873-46b4-9394-93cd4a0edd6a admin admin] Matched version: v2 {{(pid=131833) process_request /opt/stack/glance/glance/api/middleware/version_negotiation.py:69}}
May 17 22:10:19 ubuntu devstack@g-api.service[131833]: DEBUG glance.api.middleware.version_negotiation [None req-343a2d0c-d873-46b4-9394-93cd4a0edd6a admin admin] new path /v2/images/a0f85613-1b97-4f4e-85a9-2cf4a03184b7 {{(pid=131833) process_request /opt/stack/glance/glance/api/middleware/version_negotiation.py:70}}
May 17 22:10:19 ubuntu devstack@g-api.service[131833]: [pid: 131833|app: 0|req: 5/10] 127.0.0.1 () {36 vars in 789 bytes} [Tue May 17 22:10:19 2022] GET /v2/images/a0f85613-1b97-4f4e-85a9-2cf4a03184b7 => generated 976 bytes in 56 msecs (HTTP/1.1 200) 4 headers in 157 bytes (1 switches on core 0)
May 17 22:12:03 ubuntu devstack@g-api.service[131832]: DEBUG glance.api.middleware.version_negotiation [None req-13c9d6c6-55e6-467d-80d4-cfe3feeec840 admin admin] Determining version of request: GET /v1 Accept: application/json {{(pid=131832) process_request /opt/stack/glance/glance/api/middleware/version_negotiation.py:44}}
May 17 22:12:03 ubuntu devstack@g-api.service[131832]: DEBUG glance.api.middleware.version_negotiation [None req-13c9d6c6-55e6-467d-80d4-cfe3feeec840 admin admin] Using url versioning {{(pid=131832) process_request /opt/stack/glance/glance/api/middleware/version_negotiation.py:57}}
May 17 22:12:03 ubuntu devstack@g-api.service[131832]: DEBUG glance.api.middleware.version_negotiation [None req-13c9d6c6-55e6-467d-80d4-cfe3feeec840 admin admin] Unknown version. Returning version choices. {{(pid=131832) process_request /opt/stack/glance/glance/api/middleware/version_negotiation.py:64}}
May 17 22:12:03 ubuntu devstack@g-api.service[131832]: [pid: 131832|app: 0|req: 6/11] 127.0.0.1 () {38 vars in 685 bytes} [Tue May 17 22:12:03 2022] GET /v1 => generated 1213 bytes in 4 msecs (HTTP/1.1 300) 3 headers in 106 bytes (1 switches on core 0)
May 17 22:14:11 ubuntu devstack@g-api.service[131833]: DEBUG oslo_concurrency.lockutils [-] Acquired lock "glance-cache" {{(pid=131833) lock /usr/local/lib/python3.8/dist-packages/oslo_concurrency/lockutils.py:294}}
May 17 22:14:11 ubuntu devstack@g-api.service[131833]: DEBUG oslo_concurrency.lockutils [-] Acquired external semaphore "glance-cache" {{(pid=131833) lock /usr/local/lib/python3.8/dist-packages/oslo_concurrency/lockutils.py:302}}
May 17 22:14:11 ubuntu devstack@g-api.service[131833]: DEBUG glance.image_cache.prefetcher [-] Nothing to prefetch. {{(pid=131833) run /opt/stack/glance/glance/image_cache/prefetcher.py:79}}
May 17 22:14:11 ubuntu devstack@g-api.service[131833]: DEBUG oslo_concurrency.lockutils [-] Releasing lock "glance-cache" {{(pid=131833) lock /usr/local/lib/python3.8/dist-packages/oslo_concurrency/lockutils.py:312}}
May 17 22:14:11 ubuntu devstack@g-api.service[131832]: DEBUG oslo_concurrency.lockutils [-] Acquired lock "glance-cache" {{(pid=131832) lock /usr/local/lib/python3.8/dist-packages/oslo_concurrency/lockutils.py:294}}
May 17 22:14:11 ubuntu devstack@g-api.service[131832]: DEBUG oslo_concurrency.lockutils [-] Acquired external semaphore "glance-cache" {{(pid=131832) lock /usr/local/lib/python3.8/dist-packages/oslo_concurrency/lockutils.py:302}}
May 17 22:14:11 ubuntu devstack@g-api.service[131832]: DEBUG glance.image_cache.prefetcher [-] Nothing to prefetch. {{(pid=131832) run /opt/stack/glance/glance/image_cache/prefetcher.py:79}}
May 17 22:14:11 ubuntu devstack@g-api.service[131832]: DEBUG oslo_concurrency.lockutils [-] Releasing lock "glance-cache" {{(pid=131832) lock /usr/local/lib/python3.8/dist-packages/oslo_concurrency/lockutils.py:312}}
May 17 22:14:23 ubuntu devstack@g-api.service[131833]: DEBUG glance.api.middleware.version_negotiation [None req-47682b3d-e6ea-4413-8b7f-2c2fec105a68 admin admin] Determining version of request: GET /versions Accept: */* {{(pid=131833) process_request /opt/stack/glance/glance/api/middleware/version_negotiation.py:44}}
May 17 22:14:23 ubuntu devstack@g-api.service[131833]: [pid: 131833|app: 0|req: 6/12] 127.0.0.1 () {38 vars in 695 bytes} [Tue May 17 22:14:23 2022] GET /versions => generated 1213 bytes in 7 msecs (HTTP/1.1 200) 3 headers in 92 bytes (1 switches on core 0)
May 17 22:14:23 ubuntu devstack@g-api.service[131832]: DEBUG glance.api.middleware.version_negotiation [None req-13c9d6c6-55e6-467d-80d4-cfe3feeec840 admin admin] Determining version of request: GET /v2/schemas/image Accept: */* {{(pid=131832) process_request /opt/stack/glance/glance/api/middleware/version_negotiation.py:44}}
May 17 22:14:23 ubuntu devstack@g-api.service[131832]: DEBUG glance.api.middleware.version_negotiation [None req-13c9d6c6-55e6-467d-80d4-cfe3feeec840 admin admin] Using url versioning {{(pid=131832) process_request /opt/stack/glance/glance/api/middleware/version_negotiation.py:57}}
May 17 22:14:23 ubuntu devstack@g-api.service[131832]: DEBUG glance.api.middleware.version_negotiation [None req-13c9d6c6-55e6-467d-80d4-cfe3feeec840 admin admin] Matched version: v2 {{(pid=131832) process_request /opt/stack/glance/glance/api/middleware/version_negotiation.py:69}}
May 17 22:14:23 ubuntu devstack@g-api.service[131832]: DEBUG glance.api.middleware.version_negotiation [None req-13c9d6c6-55e6-467d-80d4-cfe3feeec840 admin admin] new path /v2/schemas/image {{(pid=131832) process_request /opt/stack/glance/glance/api/middleware/version_negotiation.py:70}}
May 17 22:14:23 ubuntu devstack@g-api.service[131832]: [pid: 131832|app: 0|req: 7/13] 127.0.0.1 () {38 vars in 711 bytes} [Tue May 17 22:14:23 2022] GET /v2/schemas/image => generated 6083 bytes in 93 msecs (HTTP/1.1 200) 4 headers in 158 bytes (1 switches on core 0)
May 17 22:14:23 ubuntu devstack@g-api.service[131833]: DEBUG glance.api.middleware.version_negotiation [None req-47682b3d-e6ea-4413-8b7f-2c2fec105a68 admin admin] Determining version of request: GET /v2/schemas/metadefs/namespace Accept: */* {{(pid=131833) process_request /opt/stack/glance/glance/api/middleware/version_negotiation.py:44}}
May 17 22:14:23 ubuntu devstack@g-api.service[131833]: DEBUG glance.api.middleware.version_negotiation [None req-47682b3d-e6ea-4413-8b7f-2c2fec105a68 admin admin] Using url versioning {{(pid=131833) process_request /opt/stack/glance/glance/api/middleware/version_negotiation.py:57}}
May 17 22:14:23 ubuntu devstack@g-api.service[131833]: DEBUG glance.api.middleware.version_negotiation [None req-47682b3d-e6ea-4413-8b7f-2c2fec105a68 admin admin] Matched version: v2 {{(pid=131833) process_request /opt/stack/glance/glance/api/middleware/version_negotiation.py:69}}
May 17 22:14:23 ubuntu devstack@g-api.service[131833]: DEBUG glance.api.middleware.version_negotiation [None req-47682b3d-e6ea-4413-8b7f-2c2fec105a68 admin admin] new path /v2/schemas/metadefs/namespace {{(pid=131833) process_request /opt/stack/glance/glance/api/middleware/version_negotiation.py:70}}
May 17 22:14:23 ubuntu devstack@g-api.service[131833]: [pid: 131833|app: 0|req: 7/14] 127.0.0.1 () {38 vars in 737 bytes} [Tue May 17 22:14:23 2022] GET /v2/schemas/metadefs/namespace => generated 3100 bytes in 12 msecs (HTTP/1.1 200) 4 headers in 158 bytes (1 switches on core 0)
May 17 22:14:23 ubuntu devstack@g-api.service[131832]: DEBUG glance.api.middleware.version_negotiation [None req-d7fe0cff-7a10-4852-9985-3e64eadb1f83 admin admin] Determining version of request: GET /v2/schemas/metadefs/resource_type Accept: */* {{(pid=131832) process_request /opt/stack/glance/glance/api/middleware/version_negotiation.py:44}}
May 17 22:14:23 ubuntu devstack@g-api.service[131832]: DEBUG glance.api.middleware.version_negotiation [None req-d7fe0cff-7a10-4852-9985-3e64eadb1f83 admin admin] Using url versioning {{(pid=131832) process_request /opt/stack/glance/glance/api/middleware/version_negotiation.py:57}}
May 17 22:14:23 ubuntu devstack@g-api.service[131832]: DEBUG glance.api.middleware.version_negotiation [None req-d7fe0cff-7a10-4852-9985-3e64eadb1f83 admin admin] Matched version: v2 {{(pid=131832) process_request /opt/stack/glance/glance/api/middleware/version_negotiation.py:69}}
May 17 22:14:23 ubuntu devstack@g-api.service[131832]: DEBUG glance.api.middleware.version_negotiation [None req-d7fe0cff-7a10-4852-9985-3e64eadb1f83 admin admin] new path /v2/schemas/metadefs/resource_type {{(pid=131832) process_request /opt/stack/glance/glance/api/middleware/version_negotiation.py:70}}
May 17 22:14:23 ubuntu devstack@g-api.service[131832]: [pid: 131832|app: 0|req: 8/15] 127.0.0.1 () {38 vars in 745 bytes} [Tue May 17 22:14:23 2022] GET /v2/schemas/metadefs/resource_type => generated 1262 bytes in 6 msecs (HTTP/1.1 200) 4 headers in 158 bytes (1 switches on core 0)
May 17 22:14:23 ubuntu devstack@g-api.service[131833]: DEBUG glance.api.middleware.version_negotiation [None req-acf0142b-285f-46a8-96d3-c78f4ee903d6 admin admin] Determining version of request: GET /v2/images Accept: */* {{(pid=131833) process_request /opt/stack/glance/glance/api/middleware/version_negotiation.py:44}}
May 17 22:14:23 ubuntu devstack@g-api.service[131833]: DEBUG glance.api.middleware.version_negotiation [None req-acf0142b-285f-46a8-96d3-c78f4ee903d6 admin admin] Using url versioning {{(pid=131833) process_request /opt/stack/glance/glance/api/middleware/version_negotiation.py:57}}
May 17 22:14:23 ubuntu devstack@g-api.service[131833]: DEBUG glance.api.middleware.version_negotiation [None req-acf0142b-285f-46a8-96d3-c78f4ee903d6 admin admin] Matched version: v2 {{(pid=131833) process_request /opt/stack/glance/glance/api/middleware/version_negotiation.py:69}}
May 17 22:14:23 ubuntu devstack@g-api.service[131833]: DEBUG glance.api.middleware.version_negotiation [None req-acf0142b-285f-46a8-96d3-c78f4ee903d6 admin admin] new path /v2/images {{(pid=131833) process_request /opt/stack/glance/glance/api/middleware/version_negotiation.py:70}}
May 17 22:14:23 ubuntu devstack@g-api.service[131833]: [pid: 131833|app: 0|req: 8/16] 127.0.0.1 () {38 vars in 768 bytes} [Tue May 17 22:14:23 2022] GET /v2/images?limit=20&sort_key=name&sort_dir=asc => generated 1081 bytes in 80 msecs (HTTP/1.1 200) 4 headers in 158 bytes (1 switches on core 0)
May 17 22:14:23 ubuntu devstack@g-api.service[131832]: DEBUG glance.api.middleware.version_negotiation [None req-b7f1a8e6-2104-47b2-9226-89ba11fe658f admin admin] Determining version of request: GET /v2/schemas/image Accept: */* {{(pid=131832) process_request /opt/stack/glance/glance/api/middleware/version_negotiation.py:44}}
May 17 22:14:23 ubuntu devstack@g-api.service[131832]: DEBUG glance.api.middleware.version_negotiation [None req-b7f1a8e6-2104-47b2-9226-89ba11fe658f admin admin] Using url versioning {{(pid=131832) process_request /opt/stack/glance/glance/api/middleware/version_negotiation.py:57}}
May 17 22:14:23 ubuntu devstack@g-api.service[131832]: DEBUG glance.api.middleware.version_negotiation [None req-b7f1a8e6-2104-47b2-9226-89ba11fe658f admin admin] Matched version: v2 {{(pid=131832) process_request /opt/stack/glance/glance/api/middleware/version_negotiation.py:69}}
May 17 22:14:23 ubuntu devstack@g-api.service[131832]: DEBUG glance.api.middleware.version_negotiation [None req-b7f1a8e6-2104-47b2-9226-89ba11fe658f admin admin] new path /v2/schemas/image {{(pid=131832) process_request /opt/stack/glance/glance/api/middleware/version_negotiation.py:70}}
May 17 22:14:23 ubuntu devstack@g-api.service[131832]: [pid: 131832|app: 0|req: 9/17] 127.0.0.1 () {38 vars in 711 bytes} [Tue May 17 22:14:23 2022] GET /v2/schemas/image => generated 6083 bytes in 5 msecs (HTTP/1.1 200) 4 headers in 158 bytes (1 switches on core 0)
May 17 22:14:33 ubuntu devstack@g-api.service[131833]: DEBUG glance.api.middleware.version_negotiation [None req-78c07d34-772e-4657-8080-b56632dc671d admin admin] Determining version of request: GET / Accept: application/json {{(pid=131833) process_request /opt/stack/glance/glance/api/middleware/version_negotiation.py:44}}
May 17 22:14:33 ubuntu devstack@g-api.service[131833]: DEBUG glance.api.middleware.version_negotiation [None req-78c07d34-772e-4657-8080-b56632dc671d admin admin] Using url versioning {{(pid=131833) process_request /opt/stack/glance/glance/api/middleware/version_negotiation.py:57}}
May 17 22:14:33 ubuntu devstack@g-api.service[131833]: DEBUG glance.api.middleware.version_negotiation [None req-78c07d34-772e-4657-8080-b56632dc671d admin admin] Unknown version. Returning version choices. {{(pid=131833) process_request /opt/stack/glance/glance/api/middleware/version_negotiation.py:64}}
May 17 22:14:33 ubuntu devstack@g-api.service[131833]: [pid: 131833|app: 0|req: 9/18] 127.0.0.1 () {34 vars in 492 bytes} [Tue May 17 22:14:33 2022] GET / => generated 1213 bytes in 4 msecs (HTTP/1.1 300) 3 headers in 106 bytes (1 switches on core 0)
May 17 22:14:33 ubuntu devstack@g-api.service[131832]: DEBUG glance.api.middleware.version_negotiation [None req-56c2a16b-e60a-4f75-9561-9e6a2bf71349 admin admin] Determining version of request: GET /v2/images/a0f85613-1b97-4f4e-85a9-2cf4a03184b7 Accept: */* {{(pid=131832) process_request /opt/stack/glance/glance/api/middleware/version_negotiation.py:44}}
May 17 22:14:33 ubuntu devstack@g-api.service[131832]: DEBUG glance.api.middleware.version_negotiation [None req-56c2a16b-e60a-4f75-9561-9e6a2bf71349 admin admin] Using url versioning {{(pid=131832) process_request /opt/stack/glance/glance/api/middleware/version_negotiation.py:57}}
May 17 22:14:33 ubuntu devstack@g-api.service[131832]: DEBUG glance.api.middleware.version_negotiation [None req-56c2a16b-e60a-4f75-9561-9e6a2bf71349 admin admin] Matched version: v2 {{(pid=131832) process_request /opt/stack/glance/glance/api/middleware/version_negotiation.py:69}}
May 17 22:14:33 ubuntu devstack@g-api.service[131832]: DEBUG glance.api.middleware.version_negotiation [None req-56c2a16b-e60a-4f75-9561-9e6a2bf71349 admin admin] new path /v2/images/a0f85613-1b97-4f4e-85a9-2cf4a03184b7 {{(pid=131832) process_request /opt/stack/glance/glance/api/middleware/version_negotiation.py:70}}
May 17 22:14:33 ubuntu devstack@g-api.service[131832]: WARNING keystonemiddleware.auth_token [None req-56c2a16b-e60a-4f75-9561-9e6a2bf71349 admin admin] A valid token was submitted as a service token, but it was not a valid service token. This is incorrect but backwards compatible behaviour. This will be removed in future releases.
May 17 22:14:33 ubuntu devstack@g-api.service[131832]: [pid: 131832|app: 0|req: 10/19] 127.0.0.1 () {42 vars in 1049 bytes} [Tue May 17 22:14:33 2022] GET /v2/images/a0f85613-1b97-4f4e-85a9-2cf4a03184b7 => generated 976 bytes in 127 msecs (HTTP/1.1 200) 4 headers in 157 bytes (1 switches on core 0)
May 17 22:14:33 ubuntu devstack@g-api.service[131833]: DEBUG glance.api.middleware.version_negotiation [None req-78c07d34-772e-4657-8080-b56632dc671d admin admin] Determining version of request: GET /v2/schemas/image Accept: */* {{(pid=131833) process_request /opt/stack/glance/glance/api/middleware/version_negotiation.py:44}}
May 17 22:14:33 ubuntu devstack@g-api.service[131833]: DEBUG glance.api.middleware.version_negotiation [None req-78c07d34-772e-4657-8080-b56632dc671d admin admin] Using url versioning {{(pid=131833) process_request /opt/stack/glance/glance/api/middleware/version_negotiation.py:57}}
May 17 22:14:33 ubuntu devstack@g-api.service[131833]: DEBUG glance.api.middleware.version_negotiation [None req-78c07d34-772e-4657-8080-b56632dc671d admin admin] Matched version: v2 {{(pid=131833) process_request /opt/stack/glance/glance/api/middleware/version_negotiation.py:69}}
May 17 22:14:33 ubuntu devstack@g-api.service[131833]: DEBUG glance.api.middleware.version_negotiation [None req-78c07d34-772e-4657-8080-b56632dc671d admin admin] new path /v2/schemas/image {{(pid=131833) process_request /opt/stack/glance/glance/api/middleware/version_negotiation.py:70}}
May 17 22:14:33 ubuntu devstack@g-api.service[131833]: WARNING keystonemiddleware.auth_token [None req-78c07d34-772e-4657-8080-b56632dc671d admin admin] A valid token was submitted as a service token, but it was not a valid service token. This is incorrect but backwards compatible behaviour. This will be removed in future releases.
May 17 22:14:33 ubuntu devstack@g-api.service[131833]: [pid: 131833|app: 0|req: 10/20] 127.0.0.1 () {42 vars in 989 bytes} [Tue May 17 22:14:33 2022] GET /v2/schemas/image => generated 6083 bytes in 12 msecs (HTTP/1.1 200) 4 headers in 158 bytes (1 switches on core 0)
May 17 22:14:36 ubuntu devstack@g-api.service[131832]: DEBUG glance.api.middleware.version_negotiation [None req-7d8e2f32-729c-4638-9615-6b0e9b66415d tempest-VolumesAdminNegativeTest-62578308 tempest-VolumesAdminNegativeTest-62578308-project] Determining version of request: GET /v2/images/a0f85613-1b97-4f4e-85a9-2cf4a03184b7 Accept: */* {{(pid=131832) process_request /opt/stack/glance/glance/api/middleware/version_negotiation.py:44}}
May 17 22:14:36 ubuntu devstack@g-api.service[131832]: DEBUG glance.api.middleware.version_negotiation [None req-7d8e2f32-729c-4638-9615-6b0e9b66415d tempest-VolumesAdminNegativeTest-62578308 tempest-VolumesAdminNegativeTest-62578308-project] Using url versioning {{(pid=131832) process_request /opt/stack/glance/glance/api/middleware/version_negotiation.py:57}}
May 17 22:14:36 ubuntu devstack@g-api.service[131832]: DEBUG glance.api.middleware.version_negotiation [None req-7d8e2f32-729c-4638-9615-6b0e9b66415d tempest-VolumesAdminNegativeTest-62578308 tempest-VolumesAdminNegativeTest-62578308-project] Matched version: v2 {{(pid=131832) process_request /opt/stack/glance/glance/api/middleware/version_negotiation.py:69}}
May 17 22:14:36 ubuntu devstack@g-api.service[131832]: DEBUG glance.api.middleware.version_negotiation [None req-7d8e2f32-729c-4638-9615-6b0e9b66415d tempest-VolumesAdminNegativeTest-62578308 tempest-VolumesAdminNegativeTest-62578308-project] new path /v2/images/a0f85613-1b97-4f4e-85a9-2cf4a03184b7 {{(pid=131832) process_request /opt/stack/glance/glance/api/middleware/version_negotiation.py:70}}
May 17 22:14:36 ubuntu devstack@g-api.service[131832]: [pid: 131832|app: 0|req: 11/21] 127.0.0.1 () {42 vars in 1049 bytes} [Tue May 17 22:14:36 2022] GET /v2/images/a0f85613-1b97-4f4e-85a9-2cf4a03184b7 => generated 976 bytes in 16 msecs (HTTP/1.1 200) 4 headers in 157 bytes (1 switches on core 0)
May 17 22:14:36 ubuntu devstack@g-api.service[131833]: DEBUG glance.api.middleware.version_negotiation [None req-7d8e2f32-729c-4638-9615-6b0e9b66415d tempest-VolumesAdminNegativeTest-62578308 tempest-VolumesAdminNegativeTest-62578308-project] Determining version of request: GET /v2/images/a0f85613-1b97-4f4e-85a9-2cf4a03184b7/file Accept: */* {{(pid=131833) process_request /opt/stack/glance/glance/api/middleware/version_negotiation.py:44}}
May 17 22:14:36 ubuntu devstack@g-api.service[131833]: DEBUG glance.api.middleware.version_negotiation [None req-7d8e2f32-729c-4638-9615-6b0e9b66415d tempest-VolumesAdminNegativeTest-62578308 tempest-VolumesAdminNegativeTest-62578308-project] Using url versioning {{(pid=131833) process_request /opt/stack/glance/glance/api/middleware/version_negotiation.py:57}}
May 17 22:14:36 ubuntu devstack@g-api.service[131833]: DEBUG glance.api.middleware.version_negotiation [None req-7d8e2f32-729c-4638-9615-6b0e9b66415d tempest-VolumesAdminNegativeTest-62578308 tempest-VolumesAdminNegativeTest-62578308-project] Matched version: v2 {{(pid=131833) process_request /opt/stack/glance/glance/api/middleware/version_negotiation.py:69}}
May 17 22:14:36 ubuntu devstack@g-api.service[131833]: DEBUG glance.api.middleware.version_negotiation [None req-7d8e2f32-729c-4638-9615-6b0e9b66415d tempest-VolumesAdminNegativeTest-62578308 tempest-VolumesAdminNegativeTest-62578308-project] new path /v2/images/a0f85613-1b97-4f4e-85a9-2cf4a03184b7/file {{(pid=131833) process_request /opt/stack/glance/glance/api/middleware/version_negotiation.py:70}}
May 17 22:14:36 ubuntu devstack@g-api.service[131833]: DEBUG glance_store.backend [None req-7d8e2f32-729c-4638-9615-6b0e9b66415d tempest-VolumesAdminNegativeTest-62578308 tempest-VolumesAdminNegativeTest-62578308-project] Attempting to import store swift {{(pid=131833) _load_store /usr/local/lib/python3.8/dist-packages/glance_store/backend.py:217}}
May 17 22:14:36 ubuntu devstack@g-api.service[131833]: DEBUG glance_store.capabilities [None req-7d8e2f32-729c-4638-9615-6b0e9b66415d tempest-VolumesAdminNegativeTest-62578308 tempest-VolumesAdminNegativeTest-62578308-project] Store glance_store._drivers.swift.store.SingleTenantStore doesn't support updating dynamic storage capabilities. Please overwrite 'update_capabilities' method of the store to implement updating logics if needed. {{(pid=131833) update_capabilities /usr/local/lib/python3.8/dist-packages/glance_store/capabilities.py:91}}
May 17 22:14:36 ubuntu devstack@g-api.service[131833]: DEBUG glance_store.driver [None req-7d8e2f32-729c-4638-9615-6b0e9b66415d tempest-VolumesAdminNegativeTest-62578308 tempest-VolumesAdminNegativeTest-62578308-project] Late loading location class glance_store._drivers.swift.store.StoreLocation {{(pid=131833) get_store_location_class /usr/local/lib/python3.8/dist-packages/glance_store/driver.py:117}}
May 17 22:14:36 ubuntu devstack@g-api.service[131833]: DEBUG glance_store.location [None req-7d8e2f32-729c-4638-9615-6b0e9b66415d tempest-VolumesAdminNegativeTest-62578308 tempest-VolumesAdminNegativeTest-62578308-project] Registering scheme swift+https with {'store': <glance_store._drivers.swift.store.SingleTenantStore object at 0x7f150b908b80>, 'location_class': <class 'glance_store._drivers.swift.store.StoreLocation'>, 'store_entry': 'swift'} {{(pid=131833) register_scheme_map /usr/local/lib/python3.8/dist-packages/glance_store/location.py:146}}
May 17 22:14:36 ubuntu devstack@g-api.service[131833]: DEBUG glance_store.location [None req-7d8e2f32-729c-4638-9615-6b0e9b66415d tempest-VolumesAdminNegativeTest-62578308 tempest-VolumesAdminNegativeTest-62578308-project] Registering scheme swift+https with {'store': <glance_store._drivers.swift.store.SingleTenantStore object at 0x7f150b908b80>, 'location_class': <class 'glance_store._drivers.swift.store.StoreLocation'>, 'store_entry': 'swift'} {{(pid=131833) register_scheme_map /usr/local/lib/python3.8/dist-packages/glance_store/location.py:146}}
May 17 22:14:36 ubuntu devstack@g-api.service[131833]: DEBUG glance_store.location [None req-7d8e2f32-729c-4638-9615-6b0e9b66415d tempest-VolumesAdminNegativeTest-62578308 tempest-VolumesAdminNegativeTest-62578308-project] Registering scheme swift with {'store': <glance_store._drivers.swift.store.SingleTenantStore object at 0x7f150b908b80>, 'location_class': <class 'glance_store._drivers.swift.store.StoreLocation'>, 'store_entry': 'swift'} {{(pid=131833) register_scheme_map /usr/local/lib/python3.8/dist-packages/glance_store/location.py:146}}
May 17 22:14:36 ubuntu devstack@g-api.service[131833]: DEBUG glance_store.location [None req-7d8e2f32-729c-4638-9615-6b0e9b66415d tempest-VolumesAdminNegativeTest-62578308 tempest-VolumesAdminNegativeTest-62578308-project] Registering scheme swift+https with {'store': <glance_store._drivers.swift.store.SingleTenantStore object at 0x7f150b908b80>, 'location_class': <class 'glance_store._drivers.swift.store.StoreLocation'>, 'store_entry': 'swift'} {{(pid=131833) register_scheme_map /usr/local/lib/python3.8/dist-packages/glance_store/location.py:146}}
May 17 22:14:36 ubuntu devstack@g-api.service[131833]: DEBUG glance_store.location [None req-7d8e2f32-729c-4638-9615-6b0e9b66415d tempest-VolumesAdminNegativeTest-62578308 tempest-VolumesAdminNegativeTest-62578308-project] Registering scheme swift with {'store': <glance_store._drivers.swift.store.SingleTenantStore object at 0x7f150b908b80>, 'location_class': <class 'glance_store._drivers.swift.store.StoreLocation'>, 'store_entry': 'swift'} {{(pid=131833) register_scheme_map /usr/local/lib/python3.8/dist-packages/glance_store/location.py:146}}
May 17 22:14:36 ubuntu devstack@g-api.service[131833]: DEBUG glance_store.location [None req-7d8e2f32-729c-4638-9615-6b0e9b66415d tempest-VolumesAdminNegativeTest-62578308 tempest-VolumesAdminNegativeTest-62578308-project] Registering scheme swift+http with {'store': <glance_store._drivers.swift.store.SingleTenantStore object at 0x7f150b908b80>, 'location_class': <class 'glance_store._drivers.swift.store.StoreLocation'>, 'store_entry': 'swift'} {{(pid=131833) register_scheme_map /usr/local/lib/python3.8/dist-packages/glance_store/location.py:146}}
May 17 22:14:36 ubuntu devstack@g-api.service[131833]: DEBUG glance_store.location [None req-7d8e2f32-729c-4638-9615-6b0e9b66415d tempest-VolumesAdminNegativeTest-62578308 tempest-VolumesAdminNegativeTest-62578308-project] Registering scheme swift+https with {'store': <glance_store._drivers.swift.store.SingleTenantStore object at 0x7f150b908b80>, 'location_class': <class 'glance_store._drivers.swift.store.StoreLocation'>, 'store_entry': 'swift'} {{(pid=131833) register_scheme_map /usr/local/lib/python3.8/dist-packages/glance_store/location.py:146}}
May 17 22:14:36 ubuntu devstack@g-api.service[131833]: DEBUG glance_store.location [None req-7d8e2f32-729c-4638-9615-6b0e9b66415d tempest-VolumesAdminNegativeTest-62578308 tempest-VolumesAdminNegativeTest-62578308-project] Registering scheme swift with {'store': <glance_store._drivers.swift.store.SingleTenantStore object at 0x7f150b908b80>, 'location_class': <class 'glance_store._drivers.swift.store.StoreLocation'>, 'store_entry': 'swift'} {{(pid=131833) register_scheme_map /usr/local/lib/python3.8/dist-packages/glance_store/location.py:146}}
May 17 22:14:36 ubuntu devstack@g-api.service[131833]: DEBUG glance_store.location [None req-7d8e2f32-729c-4638-9615-6b0e9b66415d tempest-VolumesAdminNegativeTest-62578308 tempest-VolumesAdminNegativeTest-62578308-project] Registering scheme swift+http with {'store': <glance_store._drivers.swift.store.SingleTenantStore object at 0x7f150b908b80>, 'location_class': <class 'glance_store._drivers.swift.store.StoreLocation'>, 'store_entry': 'swift'} {{(pid=131833) register_scheme_map /usr/local/lib/python3.8/dist-packages/glance_store/location.py:146}}
May 17 22:14:36 ubuntu devstack@g-api.service[131833]: DEBUG glance_store.location [None req-7d8e2f32-729c-4638-9615-6b0e9b66415d tempest-VolumesAdminNegativeTest-62578308 tempest-VolumesAdminNegativeTest-62578308-project] Registering scheme swift+config with {'store': <glance_store._drivers.swift.store.SingleTenantStore object at 0x7f150b908b80>, 'location_class': <class 'glance_store._drivers.swift.store.StoreLocation'>, 'store_entry': 'swift'} {{(pid=131833) register_scheme_map /usr/local/lib/python3.8/dist-packages/glance_store/location.py:146}}
May 17 22:14:36 ubuntu devstack@g-api.service[131833]: DEBUG swiftclient [None req-7d8e2f32-729c-4638-9615-6b0e9b66415d tempest-VolumesAdminNegativeTest-62578308 tempest-VolumesAdminNegativeTest-62578308-project] REQ: curl -i http://192.168.79.41:8080/v1/AUTH_53e31b565fb848268978a3d67be0f852/glance/a0f85613-1b97-4f4e-85a9-2cf4a03184b7 -X GET -H "X-Auth-Token: gAAAAABihB5MVh3w..." {{(pid=131833) http_log /usr/local/lib/python3.8/dist-packages/swiftclient/client.py:187}}
May 17 22:14:36 ubuntu devstack@g-api.service[131833]: DEBUG swiftclient [None req-7d8e2f32-729c-4638-9615-6b0e9b66415d tempest-VolumesAdminNegativeTest-62578308 tempest-VolumesAdminNegativeTest-62578308-project] RESP STATUS: 200 OK {{(pid=131833) http_log /usr/local/lib/python3.8/dist-packages/swiftclient/client.py:188}}
May 17 22:14:36 ubuntu devstack@g-api.service[131833]: DEBUG swiftclient [None req-7d8e2f32-729c-4638-9615-6b0e9b66415d tempest-VolumesAdminNegativeTest-62578308 tempest-VolumesAdminNegativeTest-62578308-project] RESP HEADERS: {'Content-Type': 'application/octet-stream', 'Etag': '1d3062cd89af34e419f7100277f38b2b', 'Last-Modified': 'Tue, 17 May 2022 22:09:25 GMT', 'X-Timestamp': '1652825364.26618', 'Accept-Ranges': 'bytes', 'Content-Length': '16338944', 'X-Trans-Id': 'txd4451effd95944e291b25-0062841e4c', 'X-Openstack-Request-Id': 'txd4451effd95944e291b25-0062841e4c', 'Date': 'Tue, 17 May 2022 22:14:36 GMT'} {{(pid=131833) http_log /usr/local/lib/python3.8/dist-packages/swiftclient/client.py:189}}
May 17 22:14:36 ubuntu devstack@g-api.service[131833]: DEBUG glance.image_cache [None req-7d8e2f32-729c-4638-9615-6b0e9b66415d tempest-VolumesAdminNegativeTest-62578308 tempest-VolumesAdminNegativeTest-62578308-project] Tee'ing image 'a0f85613-1b97-4f4e-85a9-2cf4a03184b7' into cache {{(pid=131833) get_caching_iter /opt/stack/glance/glance/image_cache/__init__.py:343}}
May 17 22:14:36 ubuntu devstack@g-api.service[131833]: DEBUG glance.image_cache.drivers.sqlite [None req-7d8e2f32-729c-4638-9615-6b0e9b66415d tempest-VolumesAdminNegativeTest-62578308 tempest-VolumesAdminNegativeTest-62578308-project] Fetch finished, moving '/opt/stack/data/glance/cache/incomplete/a0f85613-1b97-4f4e-85a9-2cf4a03184b7' to '/opt/stack/data/glance/cache/a0f85613-1b97-4f4e-85a9-2cf4a03184b7' {{(pid=131833) commit /opt/stack/glance/glance/image_cache/drivers/sqlite.py:324}}
May 17 22:14:36 ubuntu devstack@g-api.service[131833]: [pid: 131833|app: 0|req: 11/22] 127.0.0.1 () {42 vars in 1059 bytes} [Tue May 17 22:14:36 2022] GET /v2/images/a0f85613-1b97-4f4e-85a9-2cf4a03184b7/file => generated 16338944 bytes in 362 msecs (HTTP/1.1 200) 4 headers in 191 bytes (250 switches on core 0)
May 17 22:15:12 ubuntu devstack@g-api.service[131832]: DEBUG glance.api.middleware.version_negotiation [None req-7d8e2f32-729c-4638-9615-6b0e9b66415d tempest-VolumesAdminNegativeTest-62578308 tempest-VolumesAdminNegativeTest-62578308-project] Determining version of request: GET / Accept: application/json {{(pid=131832) process_request /opt/stack/glance/glance/api/middleware/version_negotiation.py:44}}
May 17 22:15:12 ubuntu devstack@g-api.service[131832]: DEBUG glance.api.middleware.version_negotiation [None req-7d8e2f32-729c-4638-9615-6b0e9b66415d tempest-VolumesAdminNegativeTest-62578308 tempest-VolumesAdminNegativeTest-62578308-project] Using url versioning {{(pid=131832) process_request /opt/stack/glance/glance/api/middleware/version_negotiation.py:57}}
May 17 22:15:12 ubuntu devstack@g-api.service[131832]: DEBUG glance.api.middleware.version_negotiation [None req-7d8e2f32-729c-4638-9615-6b0e9b66415d tempest-VolumesAdminNegativeTest-62578308 tempest-VolumesAdminNegativeTest-62578308-project] Unknown version. Returning version choices. {{(pid=131832) process_request /opt/stack/glance/glance/api/middleware/version_negotiation.py:64}}
May 17 22:15:12 ubuntu devstack@g-api.service[131832]: [pid: 131832|app: 0|req: 12/23] 127.0.0.1 () {34 vars in 492 bytes} [Tue May 17 22:15:12 2022] GET / => generated 1213 bytes in 2 msecs (HTTP/1.1 300) 3 headers in 106 bytes (1 switches on core 0)
May 17 22:15:12 ubuntu devstack@g-api.service[131833]: DEBUG glance.api.middleware.version_negotiation [None req-7d8e2f32-729c-4638-9615-6b0e9b66415d tempest-VolumesAdminNegativeTest-62578308 tempest-VolumesAdminNegativeTest-62578308-project] Determining version of request: GET /v2/images/a0f85613-1b97-4f4e-85a9-2cf4a03184b7 Accept: */* {{(pid=131833) process_request /opt/stack/glance/glance/api/middleware/version_negotiation.py:44}}
May 17 22:15:12 ubuntu devstack@g-api.service[131833]: DEBUG glance.api.middleware.version_negotiation [None req-7d8e2f32-729c-4638-9615-6b0e9b66415d tempest-VolumesAdminNegativeTest-62578308 tempest-VolumesAdminNegativeTest-62578308-project] Using url versioning {{(pid=131833) process_request /opt/stack/glance/glance/api/middleware/version_negotiation.py:57}}
May 17 22:15:12 ubuntu devstack@g-api.service[131833]: DEBUG glance.api.middleware.version_negotiation [None req-7d8e2f32-729c-4638-9615-6b0e9b66415d tempest-VolumesAdminNegativeTest-62578308 tempest-VolumesAdminNegativeTest-62578308-project] Matched version: v2 {{(pid=131833) process_request /opt/stack/glance/glance/api/middleware/version_negotiation.py:69}}
May 17 22:15:12 ubuntu devstack@g-api.service[131833]: DEBUG glance.api.middleware.version_negotiation [None req-7d8e2f32-729c-4638-9615-6b0e9b66415d tempest-VolumesAdminNegativeTest-62578308 tempest-VolumesAdminNegativeTest-62578308-project] new path /v2/images/a0f85613-1b97-4f4e-85a9-2cf4a03184b7 {{(pid=131833) process_request /opt/stack/glance/glance/api/middleware/version_negotiation.py:70}}
May 17 22:15:12 ubuntu devstack@g-api.service[131833]: [pid: 131833|app: 0|req: 12/24] 127.0.0.1 () {42 vars in 1049 bytes} [Tue May 17 22:15:12 2022] GET /v2/images/a0f85613-1b97-4f4e-85a9-2cf4a03184b7 => generated 976 bytes in 20 msecs (HTTP/1.1 200) 4 headers in 157 bytes (1 switches on core 0)
May 17 22:15:12 ubuntu devstack@g-api.service[131832]: DEBUG glance.api.middleware.version_negotiation [None req-7d8e2f32-729c-4638-9615-6b0e9b66415d tempest-VolumesAdminNegativeTest-62578308 tempest-VolumesAdminNegativeTest-62578308-project] Determining version of request: GET /v2/schemas/image Accept: */* {{(pid=131832) process_request /opt/stack/glance/glance/api/middleware/version_negotiation.py:44}}
May 17 22:15:12 ubuntu devstack@g-api.service[131832]: DEBUG glance.api.middleware.version_negotiation [None req-7d8e2f32-729c-4638-9615-6b0e9b66415d tempest-VolumesAdminNegativeTest-62578308 tempest-VolumesAdminNegativeTest-62578308-project] Using url versioning {{(pid=131832) process_request /opt/stack/glance/glance/api/middleware/version_negotiation.py:57}}
May 17 22:15:12 ubuntu devstack@g-api.service[131832]: DEBUG glance.api.middleware.version_negotiation [None req-7d8e2f32-729c-4638-9615-6b0e9b66415d tempest-VolumesAdminNegativeTest-62578308 tempest-VolumesAdminNegativeTest-62578308-project] Matched version: v2 {{(pid=131832) process_request /opt/stack/glance/glance/api/middleware/version_negotiation.py:69}}
May 17 22:15:12 ubuntu devstack@g-api.service[131832]: DEBUG glance.api.middleware.version_negotiation [None req-7d8e2f32-729c-4638-9615-6b0e9b66415d tempest-VolumesAdminNegativeTest-62578308 tempest-VolumesAdminNegativeTest-62578308-project] new path /v2/schemas/image {{(pid=131832) process_request /opt/stack/glance/glance/api/middleware/version_negotiation.py:70}}
May 17 22:15:13 ubuntu devstack@g-api.service[131832]: [pid: 131832|app: 0|req: 13/25] 127.0.0.1 () {42 vars in 989 bytes} [Tue May 17 22:15:12 2022] GET /v2/schemas/image => generated 6083 bytes in 7 msecs (HTTP/1.1 200) 4 headers in 158 bytes (1 switches on core 0)
May 17 22:15:40 ubuntu devstack@g-api.service[131833]: DEBUG glance.api.middleware.version_negotiation [None req-39511a14-9d16-45c2-b9fa-6ec0002b894a tempest-DeleteServersTestJSON-816902594 tempest-DeleteServersTestJSON-816902594-project] Determining version of request: GET /v2/images/a0f85613-1b97-4f4e-85a9-2cf4a03184b7 Accept: */* {{(pid=131833) process_request /opt/stack/glance/glance/api/middleware/version_negotiation.py:44}}
May 17 22:15:40 ubuntu devstack@g-api.service[131833]: DEBUG glance.api.middleware.version_negotiation [None req-39511a14-9d16-45c2-b9fa-6ec0002b894a tempest-DeleteServersTestJSON-816902594 tempest-DeleteServersTestJSON-816902594-project] Using url versioning {{(pid=131833) process_request /opt/stack/glance/glance/api/middleware/version_negotiation.py:57}}
May 17 22:15:40 ubuntu devstack@g-api.service[131833]: DEBUG glance.api.middleware.version_negotiation [None req-39511a14-9d16-45c2-b9fa-6ec0002b894a tempest-DeleteServersTestJSON-816902594 tempest-DeleteServersTestJSON-816902594-project] Matched version: v2 {{(pid=131833) process_request /opt/stack/glance/glance/api/middleware/version_negotiation.py:69}}
May 17 22:15:40 ubuntu devstack@g-api.service[131833]: DEBUG glance.api.middleware.version_negotiation [None req-39511a14-9d16-45c2-b9fa-6ec0002b894a tempest-DeleteServersTestJSON-816902594 tempest-DeleteServersTestJSON-816902594-project] new path /v2/images/a0f85613-1b97-4f4e-85a9-2cf4a03184b7 {{(pid=131833) process_request /opt/stack/glance/glance/api/middleware/version_negotiation.py:70}}
May 17 22:15:40 ubuntu devstack@g-api.service[131833]: [pid: 131833|app: 0|req: 13/26] 127.0.0.1 () {42 vars in 1049 bytes} [Tue May 17 22:15:40 2022] GET /v2/images/a0f85613-1b97-4f4e-85a9-2cf4a03184b7 => generated 976 bytes in 19 msecs (HTTP/1.1 200) 4 headers in 157 bytes (1 switches on core 0)
May 17 22:15:40 ubuntu devstack@g-api.service[131832]: DEBUG glance.api.middleware.version_negotiation [None req-39511a14-9d16-45c2-b9fa-6ec0002b894a tempest-DeleteServersTestJSON-816902594 tempest-DeleteServersTestJSON-816902594-project] Determining version of request: GET /v2/schemas/image Accept: */* {{(pid=131832) process_request /opt/stack/glance/glance/api/middleware/version_negotiation.py:44}}
