Aug 29 15:58:07 ubuntu neutron-server[130877]: DEBUG neutron.api.extensions [None req-c99b81a2-f115-4cf0-8fd5-0adcfe7daa97 None None] Loading extension file: timestamp.py {{(pid=130877) _load_all_extensions_from_path /opt/stack/neutron/neutron/api/extensions.py:450}}
Aug 29 15:58:07 ubuntu neutron-server[130877]: DEBUG neutron.api.extensions [None req-c99b81a2-f115-4cf0-8fd5-0adcfe7daa97 None None] Ext name="Resource timestamps" alias="standard-attr-timestamp" description="Adds created_at and updated_at fields to all Neutron resources that have Neutron standard attributes." updated="2016-09-12T10:00:00-00:00" {{(pid=130877) _check_extension /opt/stack/neutron/neutron/api/extensions.py:416}}
Aug 29 15:58:07 ubuntu neutron-server[130877]: INFO neutron.api.extensions [None req-c99b81a2-f115-4cf0-8fd5-0adcfe7daa97 None None] Loaded extension: standard-attr-timestamp
Aug 29 15:58:07 ubuntu neutron-server[130877]: DEBUG neutron.api.extensions [None req-c99b81a2-f115-4cf0-8fd5-0adcfe7daa97 None None] Loading extension file: trunk.py {{(pid=130877) _load_all_extensions_from_path /opt/stack/neutron/neutron/api/extensions.py:450}}
Aug 29 15:58:07 ubuntu neutron-server[130877]: DEBUG neutron.api.extensions [None req-c99b81a2-f115-4cf0-8fd5-0adcfe7daa97 None None] Ext name="Trunk Extension" alias="trunk" description="Provides support for trunk ports" updated="2016-01-01T10:00:00-00:00" {{(pid=130877) _check_extension /opt/stack/neutron/neutron/api/extensions.py:416}}
Aug 29 15:58:07 ubuntu neutron-server[130877]: INFO neutron.api.extensions [None req-c99b81a2-f115-4cf0-8fd5-0adcfe7daa97 None None] Extension trunk not supported by any of loaded plugins
Aug 29 15:58:07 ubuntu neutron-server[130877]: DEBUG neutron.api.extensions [None req-c99b81a2-f115-4cf0-8fd5-0adcfe7daa97 None None] Loading extension file: trunk_details.py {{(pid=130877) _load_all_extensions_from_path /opt/stack/neutron/neutron/api/extensions.py:450}}
Aug 29 15:58:07 ubuntu neutron-server[130877]: DEBUG neutron.api.extensions [None req-c99b81a2-f115-4cf0-8fd5-0adcfe7daa97 None None] Ext name="Trunk port details" alias="trunk-details" description="Expose trunk port details" updated="2016-01-01T10:00:00-00:00" {{(pid=130877) _check_extension /opt/stack/neutron/neutron/api/extensions.py:416}}
Aug 29 15:58:07 ubuntu neutron-server[130877]: INFO neutron.api.extensions [None req-c99b81a2-f115-4cf0-8fd5-0adcfe7daa97 None None] Extension trunk-details not supported by any of loaded plugins
Aug 29 15:58:07 ubuntu neutron-server[130877]: DEBUG neutron.api.extensions [None req-c99b81a2-f115-4cf0-8fd5-0adcfe7daa97 None None] Loading extension file: uplink_status_propagation.py {{(pid=130877) _load_all_extensions_from_path /opt/stack/neutron/neutron/api/extensions.py:450}}
Aug 29 15:58:07 ubuntu neutron-server[130877]: DEBUG neutron.api.extensions [None req-c99b81a2-f115-4cf0-8fd5-0adcfe7daa97 None None] Ext name="Uplink status propagation extension" alias="uplink-status-propagation" description="Provides ability to propagate port uplink status." updated="2018-05-31T18:00:00-00:00" {{(pid=130877) _check_extension /opt/stack/neutron/neutron/api/extensions.py:416}}
Aug 29 15:58:07 ubuntu neutron-server[130877]: INFO neutron.api.extensions [None req-c99b81a2-f115-4cf0-8fd5-0adcfe7daa97 None None] Extension uplink-status-propagation not supported by any of loaded plugins
Aug 29 15:58:07 ubuntu neutron-server[130877]: DEBUG neutron.api.extensions [None req-c99b81a2-f115-4cf0-8fd5-0adcfe7daa97 None None] Loading extension file: vlantransparent.py {{(pid=130877) _load_all_extensions_from_path /opt/stack/neutron/neutron/api/extensions.py:450}}
Aug 29 15:58:07 ubuntu neutron-server[130877]: DEBUG neutron.api.extensions [None req-c99b81a2-f115-4cf0-8fd5-0adcfe7daa97 None None] Ext name="Vlantransparent" alias="vlan-transparent" description="Provides Vlan Transparent Networks" updated="2015-03-23T09:00:00-00:00" {{(pid=130877) _check_extension /opt/stack/neutron/neutron/api/extensions.py:416}}
Aug 29 15:58:07 ubuntu neutron-server[130877]: INFO neutron.api.extensions [None req-c99b81a2-f115-4cf0-8fd5-0adcfe7daa97 None None] Extension vlan-transparent not supported by any of loaded plugins
Aug 29 15:58:07 ubuntu neutron-server[130877]: INFO neutron.quota.resource_registry [None req-c99b81a2-f115-4cf0-8fd5-0adcfe7daa97 None None] Creating instance of TrackedResource for resource:network
Aug 29 15:58:07 ubuntu neutron-server[130877]: INFO neutron.quota.resource_registry [None req-c99b81a2-f115-4cf0-8fd5-0adcfe7daa97 None None] Creating instance of TrackedResource for resource:subnet
Aug 29 15:58:07 ubuntu neutron-server[130877]: INFO neutron.quota.resource_registry [None req-c99b81a2-f115-4cf0-8fd5-0adcfe7daa97 None None] Creating instance of TrackedResource for resource:subnetpool
Aug 29 15:58:07 ubuntu neutron-server[130877]: INFO neutron.quota.resource_registry [None req-c99b81a2-f115-4cf0-8fd5-0adcfe7daa97 None None] Creating instance of TrackedResource for resource:port
Aug 29 15:58:07 ubuntu neutron-server[130877]: DEBUG neutron.api.v2.resource_helper [None req-c99b81a2-f115-4cf0-8fd5-0adcfe7daa97 None None] Service FLAVORS assigned prefix:  {{(pid=130877) build_resource_info /opt/stack/neutron/neutron/api/v2/resource_helper.py:77}}
Aug 29 15:58:07 ubuntu neutron-server[130877]: DEBUG neutron.api.v2.resource_helper [None req-c99b81a2-f115-4cf0-8fd5-0adcfe7daa97 None None] Service L3_ROUTER_NAT assigned prefix:  {{(pid=130877) build_resource_info /opt/stack/neutron/neutron/api/v2/resource_helper.py:77}}
Aug 29 15:58:07 ubuntu neutron-server[130877]: DEBUG neutron.api.v2.resource_helper [None req-c99b81a2-f115-4cf0-8fd5-0adcfe7daa97 None None] Service L3_ROUTER_NAT assigned prefix:  {{(pid=130877) build_resource_info /opt/stack/neutron/neutron/api/v2/resource_helper.py:77}}
Aug 29 15:58:07 ubuntu neutron-server[130877]: INFO neutron.quota.resource_registry [None req-c99b81a2-f115-4cf0-8fd5-0adcfe7daa97 None None] Creating instance of TrackedResource for resource:router
Aug 29 15:58:07 ubuntu neutron-server[130877]: INFO neutron.quota.resource_registry [None req-c99b81a2-f115-4cf0-8fd5-0adcfe7daa97 None None] Creating instance of TrackedResource for resource:floatingip
Aug 29 15:58:07 ubuntu neutron-server[130877]: DEBUG neutron_lib.callbacks.manager [None req-c99b81a2-f115-4cf0-8fd5-0adcfe7daa97 None None] Subscribe: <bound method NeutronDbPluginV2.validate_network_rbac_policy_change of <neutron.services.network_ip_availability.plugin.NetworkIPAvailabilityPlugin object at 0x7f9e3da589d0>> rbac-policy before_create 55550000 {{(pid=130877) subscribe /usr/local/lib/python3.8/dist-packages/neutron_lib/callbacks/manager.py:45}}
Aug 29 15:58:07 ubuntu neutron-server[130877]: DEBUG neutron_lib.callbacks.manager [None req-c99b81a2-f115-4cf0-8fd5-0adcfe7daa97 None None] Subscribe: <bound method NeutronDbPluginV2.validate_network_rbac_policy_change of <neutron.services.network_ip_availability.plugin.NetworkIPAvailabilityPlugin object at 0x7f9e3da589d0>> rbac-policy before_update 55550000 {{(pid=130877) subscribe /usr/local/lib/python3.8/dist-packages/neutron_lib/callbacks/manager.py:45}}
Aug 29 15:58:07 ubuntu neutron-server[130877]: DEBUG neutron_lib.callbacks.manager [None req-c99b81a2-f115-4cf0-8fd5-0adcfe7daa97 None None] Subscribe: <bound method NeutronDbPluginV2.validate_network_rbac_policy_change of <neutron.services.network_ip_availability.plugin.NetworkIPAvailabilityPlugin object at 0x7f9e3da589d0>> rbac-policy before_delete 55550000 {{(pid=130877) subscribe /usr/local/lib/python3.8/dist-packages/neutron_lib/callbacks/manager.py:45}}
Aug 29 15:58:07 ubuntu neutron-server[130877]: INFO neutron.quota.resource_registry [None req-c99b81a2-f115-4cf0-8fd5-0adcfe7daa97 None None] Creating instance of CountableResource for resource:rbac_policy
Aug 29 15:58:07 ubuntu neutron-server[130877]: INFO neutron.quota.resource_registry [None req-c99b81a2-f115-4cf0-8fd5-0adcfe7daa97 None None] Creating instance of TrackedResource for resource:security_group
Aug 29 15:58:07 ubuntu neutron-server[130877]: INFO neutron.quota.resource_registry [None req-c99b81a2-f115-4cf0-8fd5-0adcfe7daa97 None None] Creating instance of TrackedResource for resource:security_group_rule
Aug 29 15:58:07 ubuntu neutron-server[130877]: DEBUG neutron.api.v2.resource_helper [None req-c99b81a2-f115-4cf0-8fd5-0adcfe7daa97 None None] Service FLAVORS assigned prefix:  {{(pid=130877) build_resource_info /opt/stack/neutron/neutron/api/v2/resource_helper.py:77}}
Aug 29 15:58:07 ubuntu neutron-server[130877]: DEBUG neutron.api.v2.resource_helper [None req-c99b81a2-f115-4cf0-8fd5-0adcfe7daa97 None None] Service L3_ROUTER_NAT assigned prefix:  {{(pid=130877) build_resource_info /opt/stack/neutron/neutron/api/v2/resource_helper.py:77}}
Aug 29 15:58:07 ubuntu neutron-server[130877]: DEBUG neutron.api.v2.resource_helper [None req-c99b81a2-f115-4cf0-8fd5-0adcfe7daa97 None None] Service L3_ROUTER_NAT assigned prefix:  {{(pid=130877) build_resource_info /opt/stack/neutron/neutron/api/v2/resource_helper.py:77}}
Aug 29 15:58:07 ubuntu neutron-server[130877]: INFO neutron.quota.resource_registry [None req-c99b81a2-f115-4cf0-8fd5-0adcfe7daa97 None None] Creating instance of TrackedResource for resource:router
Aug 29 15:58:07 ubuntu neutron-server[130877]: WARNING neutron.quota.resource_registry [None req-c99b81a2-f115-4cf0-8fd5-0adcfe7daa97 None None] router is already registered
Aug 29 15:58:07 ubuntu neutron-server[130877]: INFO neutron.quota.resource_registry [None req-c99b81a2-f115-4cf0-8fd5-0adcfe7daa97 None None] Creating instance of TrackedResource for resource:floatingip
Aug 29 15:58:07 ubuntu neutron-server[130877]: WARNING neutron.quota.resource_registry [None req-c99b81a2-f115-4cf0-8fd5-0adcfe7daa97 None None] floatingip is already registered
Aug 29 15:58:07 ubuntu neutron-server[130877]: INFO neutron.quota.resource_registry [None req-c99b81a2-f115-4cf0-8fd5-0adcfe7daa97 None None] Creating instance of CountableResource for resource:rbac_policy
Aug 29 15:58:07 ubuntu neutron-server[130877]: WARNING neutron.quota.resource_registry [None req-c99b81a2-f115-4cf0-8fd5-0adcfe7daa97 None None] rbac_policy is already registered
Aug 29 15:58:07 ubuntu neutron-server[130877]: INFO neutron.quota.resource_registry [None req-c99b81a2-f115-4cf0-8fd5-0adcfe7daa97 None None] Creating instance of TrackedResource for resource:security_group
Aug 29 15:58:07 ubuntu neutron-server[130877]: WARNING neutron.quota.resource_registry [None req-c99b81a2-f115-4cf0-8fd5-0adcfe7daa97 None None] security_group is already registered
Aug 29 15:58:07 ubuntu neutron-server[130877]: INFO neutron.quota.resource_registry [None req-c99b81a2-f115-4cf0-8fd5-0adcfe7daa97 None None] Creating instance of TrackedResource for resource:security_group_rule
Aug 29 15:58:07 ubuntu neutron-server[130877]: WARNING neutron.quota.resource_registry [None req-c99b81a2-f115-4cf0-8fd5-0adcfe7daa97 None None] security_group_rule is already registered
Aug 29 15:58:07 ubuntu neutron-server[130877]: DEBUG neutron.api.extensions [None req-c99b81a2-f115-4cf0-8fd5-0adcfe7daa97 None None] Extended resource: extensions {{(pid=130877) __init__ /opt/stack/neutron/neutron/api/extensions.py:157}}
Aug 29 15:58:07 ubuntu neutron-server[130877]: DEBUG neutron.api.extensions [None req-c99b81a2-f115-4cf0-8fd5-0adcfe7daa97 None None] Extended resource: address-groups {{(pid=130877) __init__ /opt/stack/neutron/neutron/api/extensions.py:157}}
Aug 29 15:58:07 ubuntu neutron-server[130877]: DEBUG neutron.api.extensions [None req-c99b81a2-f115-4cf0-8fd5-0adcfe7daa97 None None] Extended resource: address-scopes {{(pid=130877) __init__ /opt/stack/neutron/neutron/api/extensions.py:157}}
Aug 29 15:58:07 ubuntu neutron-server[130877]: DEBUG neutron.api.extensions [None req-c99b81a2-f115-4cf0-8fd5-0adcfe7daa97 None None] Extended resource: agents {{(pid=130877) __init__ /opt/stack/neutron/neutron/api/extensions.py:157}}
Aug 29 15:58:07 ubuntu neutron-server[130877]: DEBUG neutron.api.extensions [None req-c99b81a2-f115-4cf0-8fd5-0adcfe7daa97 None None] Extended resource: auto-allocated-topology {{(pid=130877) __init__ /opt/stack/neutron/neutron/api/extensions.py:157}}
Aug 29 15:58:07 ubuntu neutron-server[130877]: DEBUG neutron.api.extensions [None req-c99b81a2-f115-4cf0-8fd5-0adcfe7daa97 None None] Extended resource: availability_zones {{(pid=130877) __init__ /opt/stack/neutron/neutron/api/extensions.py:157}}
Aug 29 15:58:07 ubuntu neutron-server[130877]: DEBUG neutron.api.extensions [None req-c99b81a2-f115-4cf0-8fd5-0adcfe7daa97 None None] Extended resource: flavors {{(pid=130877) __init__ /opt/stack/neutron/neutron/api/extensions.py:157}}
Aug 29 15:58:07 ubuntu neutron-server[130877]: DEBUG neutron.api.extensions [None req-c99b81a2-f115-4cf0-8fd5-0adcfe7daa97 None None] Extended resource: service_profiles {{(pid=130877) __init__ /opt/stack/neutron/neutron/api/extensions.py:157}}
Aug 29 15:58:07 ubuntu neutron-server[130877]: DEBUG neutron.api.extensions [None req-c99b81a2-f115-4cf0-8fd5-0adcfe7daa97 None None] Extended resource: next_providers {{(pid=130877) __init__ /opt/stack/neutron/neutron/api/extensions.py:157}}
Aug 29 15:58:07 ubuntu neutron-server[130877]: DEBUG neutron.api.extensions [None req-c99b81a2-f115-4cf0-8fd5-0adcfe7daa97 None None] Extended resource: service_profiles {{(pid=130877) __init__ /opt/stack/neutron/neutron/api/extensions.py:157}}
Aug 29 15:58:07 ubuntu neutron-server[130877]: DEBUG neutron.api.extensions [None req-c99b81a2-f115-4cf0-8fd5-0adcfe7daa97 None None] Extended resource: floatingip-pools {{(pid=130877) __init__ /opt/stack/neutron/neutron/api/extensions.py:157}}
Aug 29 15:58:07 ubuntu neutron-server[130877]: DEBUG neutron.api.extensions [None req-c99b81a2-f115-4cf0-8fd5-0adcfe7daa97 None None] Extended resource: routers {{(pid=130877) __init__ /opt/stack/neutron/neutron/api/extensions.py:157}}
Aug 29 15:58:07 ubuntu neutron-server[130877]: DEBUG neutron.api.extensions [None req-c99b81a2-f115-4cf0-8fd5-0adcfe7daa97 None None] Extended resource: floatingips {{(pid=130877) __init__ /opt/stack/neutron/neutron/api/extensions.py:157}}
Aug 29 15:58:07 ubuntu neutron-server[130877]: DEBUG neutron.api.extensions [None req-c99b81a2-f115-4cf0-8fd5-0adcfe7daa97 None None] Extended resource: network-ip-availabilities {{(pid=130877) __init__ /opt/stack/neutron/neutron/api/extensions.py:157}}
Aug 29 15:58:07 ubuntu neutron-server[130877]: DEBUG neutron.api.extensions [None req-c99b81a2-f115-4cf0-8fd5-0adcfe7daa97 None None] Extended resource: bindings {{(pid=130877) __init__ /opt/stack/neutron/neutron/api/extensions.py:157}}
Aug 29 15:58:07 ubuntu neutron-server[130877]: DEBUG neutron.api.extensions [None req-c99b81a2-f115-4cf0-8fd5-0adcfe7daa97 None None] Extended resource: quotas {{(pid=130877) __init__ /opt/stack/neutron/neutron/api/extensions.py:157}}
Aug 29 15:58:07 ubuntu neutron-server[130877]: DEBUG neutron.api.extensions [None req-c99b81a2-f115-4cf0-8fd5-0adcfe7daa97 None None] Extended resource: quotas {{(pid=130877) __init__ /opt/stack/neutron/neutron/api/extensions.py:157}}
Aug 29 15:58:07 ubuntu neutron-server[130877]: DEBUG neutron.api.extensions [None req-c99b81a2-f115-4cf0-8fd5-0adcfe7daa97 None None] Extended resource: rbac-policies {{(pid=130877) __init__ /opt/stack/neutron/neutron/api/extensions.py:157}}
Aug 29 15:58:07 ubuntu neutron-server[130877]: DEBUG neutron.api.extensions [None req-c99b81a2-f115-4cf0-8fd5-0adcfe7daa97 None None] Extended resource: security-groups {{(pid=130877) __init__ /opt/stack/neutron/neutron/api/extensions.py:157}}
Aug 29 15:58:07 ubuntu neutron-server[130877]: DEBUG neutron.api.extensions [None req-c99b81a2-f115-4cf0-8fd5-0adcfe7daa97 None None] Extended resource: security-group-rules {{(pid=130877) __init__ /opt/stack/neutron/neutron/api/extensions.py:157}}
Aug 29 15:58:07 ubuntu neutron-server[130877]: DEBUG neutron.api.extensions [None req-c99b81a2-f115-4cf0-8fd5-0adcfe7daa97 None None] Extended resource: service-providers {{(pid=130877) __init__ /opt/stack/neutron/neutron/api/extensions.py:157}}
Aug 29 15:58:07 ubuntu neutron-server[130877]: DEBUG neutron.api.extensions [None req-c99b81a2-f115-4cf0-8fd5-0adcfe7daa97 None None] Extended resource: tags {{(pid=130877) __init__ /opt/stack/neutron/neutron/api/extensions.py:157}}
Aug 29 15:58:07 ubuntu neutron-server[130877]: DEBUG neutron.api.extensions [None req-c99b81a2-f115-4cf0-8fd5-0adcfe7daa97 None None] Extended resource: tags {{(pid=130877) __init__ /opt/stack/neutron/neutron/api/extensions.py:157}}
Aug 29 15:58:07 ubuntu neutron-server[130877]: DEBUG neutron.api.extensions [None req-c99b81a2-f115-4cf0-8fd5-0adcfe7daa97 None None] Extended resource: tags {{(pid=130877) __init__ /opt/stack/neutron/neutron/api/extensions.py:157}}
Aug 29 15:58:07 ubuntu neutron-server[130877]: DEBUG neutron.api.extensions [None req-c99b81a2-f115-4cf0-8fd5-0adcfe7daa97 None None] Extended resource: tags {{(pid=130877) __init__ /opt/stack/neutron/neutron/api/extensions.py:157}}
Aug 29 15:58:07 ubuntu neutron-server[130877]: DEBUG neutron.api.extensions [None req-c99b81a2-f115-4cf0-8fd5-0adcfe7daa97 None None] Extended resource: tags {{(pid=130877) __init__ /opt/stack/neutron/neutron/api/extensions.py:157}}
Aug 29 15:58:07 ubuntu neutron-server[130877]: DEBUG neutron.api.extensions [None req-c99b81a2-f115-4cf0-8fd5-0adcfe7daa97 None None] Extended resource: tags {{(pid=130877) __init__ /opt/stack/neutron/neutron/api/extensions.py:157}}
Aug 29 15:58:07 ubuntu neutron-server[130877]: DEBUG neutron.api.extensions [None req-c99b81a2-f115-4cf0-8fd5-0adcfe7daa97 None None] Extended resource: tags {{(pid=130877) __init__ /opt/stack/neutron/neutron/api/extensions.py:157}}
Aug 29 15:58:07 ubuntu neutron-server[130877]: DEBUG neutron.api.extensions [None req-c99b81a2-f115-4cf0-8fd5-0adcfe7daa97 None None] Extended resource: tags {{(pid=130877) __init__ /opt/stack/neutron/neutron/api/extensions.py:157}}
Aug 29 15:58:07 ubuntu neutron-server[130877]: DEBUG neutron.api.extensions [None req-c99b81a2-f115-4cf0-8fd5-0adcfe7daa97 None None] Extended resource: tags {{(pid=130877) __init__ /opt/stack/neutron/neutron/api/extensions.py:157}}
Aug 29 15:58:07 ubuntu neutron-server[130877]: DEBUG neutron.api.extensions [None req-c99b81a2-f115-4cf0-8fd5-0adcfe7daa97 None None] Extended resource: tags {{(pid=130877) __init__ /opt/stack/neutron/neutron/api/extensions.py:157}}
Aug 29 15:58:07 ubuntu neutron-server[130877]: WARNING keystonemiddleware.auth_token [None req-c99b81a2-f115-4cf0-8fd5-0adcfe7daa97 None None] AuthToken middleware is set with keystone_authtoken.service_token_roles_required set to False. This is backwards compatible but deprecated behaviour. Please set this to True.
Aug 29 15:58:07 ubuntu neutron-server[130877]: WARNING keystonemiddleware.auth_token [None req-c99b81a2-f115-4cf0-8fd5-0adcfe7daa97 None None] Configuring www_authenticate_uri to point to the public identity endpoint is required; clients may not be able to authenticate against an admin endpoint
Aug 29 15:58:08 ubuntu neutron-server[130877]: DEBUG oslo_concurrency.lockutils [None req-c99b81a2-f115-4cf0-8fd5-0adcfe7daa97 None None] Acquiring lock "singleton_lock" {{(pid=130877) lock /usr/local/lib/python3.8/dist-packages/oslo_concurrency/lockutils.py:293}}
Aug 29 15:58:08 ubuntu neutron-server[130877]: DEBUG oslo_concurrency.lockutils [None req-c99b81a2-f115-4cf0-8fd5-0adcfe7daa97 None None] Acquired lock "singleton_lock" {{(pid=130877) lock /usr/local/lib/python3.8/dist-packages/oslo_concurrency/lockutils.py:296}}
Aug 29 15:58:08 ubuntu neutron-server[130877]: DEBUG oslo_concurrency.lockutils [None req-c99b81a2-f115-4cf0-8fd5-0adcfe7daa97 None None] Releasing lock "singleton_lock" {{(pid=130877) lock /usr/local/lib/python3.8/dist-packages/oslo_concurrency/lockutils.py:314}}
Aug 29 15:58:08 ubuntu neutron-server[130877]: INFO oslo_service.service [None req-c99b81a2-f115-4cf0-8fd5-0adcfe7daa97 None None] Starting 2 workers
Aug 29 15:58:08 ubuntu neutron-server[130877]: DEBUG oslo_service.service [None req-c99b81a2-f115-4cf0-8fd5-0adcfe7daa97 None None] Started child 131109 {{(pid=130877) _start_child /usr/local/lib/python3.8/dist-packages/oslo_service/service.py:575}}
Aug 29 15:58:08 ubuntu neutron-server[130877]: DEBUG oslo_service.service [None req-c99b81a2-f115-4cf0-8fd5-0adcfe7daa97 None None] Started child 131110 {{(pid=130877) _start_child /usr/local/lib/python3.8/dist-packages/oslo_service/service.py:575}}
Aug 29 15:58:08 ubuntu neutron-server[130877]: INFO neutron.service [None req-c99b81a2-f115-4cf0-8fd5-0adcfe7daa97 None None] Neutron service started, listening on 0.0.0.0:9696
Aug 29 15:58:08 ubuntu neutron-server[130877]: DEBUG neutron_lib.callbacks.manager [None req-c99b81a2-f115-4cf0-8fd5-0adcfe7daa97 None None] Publish callbacks ['neutron.plugins.ml2.drivers.ovn.mech_driver.mech_driver.OVNMechanismDriver.pre_fork_initialize-400406'] for process (None), before_spawn {{(pid=130877) _notify_loop /usr/local/lib/python3.8/dist-packages/neutron_lib/callbacks/manager.py:176}}
Aug 29 15:58:08 ubuntu neutron-server[131109]: DEBUG neutron_lib.callbacks.manager [-] Publish callbacks ['neutron.plugins.ml2.drivers.ovn.mech_driver.mech_driver.OVNMechanismDriver.post_fork_initialize-400442'] for process (None), after_init {{(pid=131109) _notify_loop /usr/local/lib/python3.8/dist-packages/neutron_lib/callbacks/manager.py:176}}
Aug 29 15:58:08 ubuntu neutron-server[131110]: DEBUG neutron_lib.callbacks.manager [-] Publish callbacks ['neutron.plugins.ml2.drivers.ovn.mech_driver.mech_driver.OVNMechanismDriver.post_fork_initialize-400442'] for process (None), after_init {{(pid=131110) _notify_loop /usr/local/lib/python3.8/dist-packages/neutron_lib/callbacks/manager.py:176}}
Aug 29 15:58:08 ubuntu neutron-server[131109]: DEBUG dbcounter [-] [131109] Writer thread running {{(pid=131109) stat_writer /usr/local/lib/python3.8/dist-packages/dbcounter.py:99}}
Aug 29 15:58:08 ubuntu neutron-server[131110]: DEBUG dbcounter [-] [131110] Writer thread running {{(pid=131110) stat_writer /usr/local/lib/python3.8/dist-packages/dbcounter.py:99}}
Aug 29 15:58:08 ubuntu neutron-server[131109]: INFO neutron.plugins.ml2.drivers.ovn.mech_driver.ovsdb.impl_idl_ovn [None req-92327f96-55e5-4eef-932b-2f14da590928 None None] Getting OvsdbNbOvnIdl for WorkerService with retry
Aug 29 15:58:08 ubuntu neutron-server[131110]: INFO neutron.plugins.ml2.drivers.ovn.mech_driver.ovsdb.impl_idl_ovn [None req-0e979dfc-1dee-414e-99dc-7c4eef9d32f6 None None] Getting OvsdbNbOvnIdl for WorkerService with retry
Aug 29 15:58:08 ubuntu neutron-server[130877]: DEBUG ovsdbapp.backend.ovs_idl [None req-c99b81a2-f115-4cf0-8fd5-0adcfe7daa97 None None] Created schema index Port_Group.name {{(pid=130877) autocreate_indices /usr/local/lib/python3.8/dist-packages/ovsdbapp/backend/ovs_idl/__init__.py:104}}
Aug 29 15:58:08 ubuntu neutron-server[130877]: DEBUG ovsdbapp.backend.ovs_idl [None req-c99b81a2-f115-4cf0-8fd5-0adcfe7daa97 None None] Created schema index Logical_Switch_Port.name {{(pid=130877) autocreate_indices /usr/local/lib/python3.8/dist-packages/ovsdbapp/backend/ovs_idl/__init__.py:104}}
Aug 29 15:58:08 ubuntu neutron-server[131109]: DEBUG ovsdbapp.backend.ovs_idl [None req-92327f96-55e5-4eef-932b-2f14da590928 None None] Created lookup_table index Logical_Switch.name {{(pid=131109) autocreate_indices /usr/local/lib/python3.8/dist-packages/ovsdbapp/backend/ovs_idl/__init__.py:85}}
Aug 29 15:58:08 ubuntu neutron-server[131109]: DEBUG ovsdbapp.backend.ovs_idl [None req-92327f96-55e5-4eef-932b-2f14da590928 None None] Created lookup_table index Logical_Router.name {{(pid=131109) autocreate_indices /usr/local/lib/python3.8/dist-packages/ovsdbapp/backend/ovs_idl/__init__.py:85}}
Aug 29 15:58:08 ubuntu neutron-server[131109]: DEBUG ovsdbapp.backend.ovs_idl [None req-92327f96-55e5-4eef-932b-2f14da590928 None None] Created lookup_table index Load_Balancer.name {{(pid=131109) autocreate_indices /usr/local/lib/python3.8/dist-packages/ovsdbapp/backend/ovs_idl/__init__.py:85}}
Aug 29 15:58:08 ubuntu neutron-server[131109]: DEBUG ovsdbapp.backend.ovs_idl [None req-92327f96-55e5-4eef-932b-2f14da590928 None None] Created schema index Meter.name {{(pid=131109) autocreate_indices /usr/local/lib/python3.8/dist-packages/ovsdbapp/backend/ovs_idl/__init__.py:104}}
Aug 29 15:58:08 ubuntu neutron-server[131109]: DEBUG ovsdbapp.backend.ovs_idl [None req-92327f96-55e5-4eef-932b-2f14da590928 None None] Created schema index Address_Set.name {{(pid=131109) autocreate_indices /usr/local/lib/python3.8/dist-packages/ovsdbapp/backend/ovs_idl/__init__.py:104}}
Aug 29 15:58:08 ubuntu neutron-server[131109]: DEBUG ovsdbapp.backend.ovs_idl [None req-92327f96-55e5-4eef-932b-2f14da590928 None None] Created schema index HA_Chassis_Group.name {{(pid=131109) autocreate_indices /usr/local/lib/python3.8/dist-packages/ovsdbapp/backend/ovs_idl/__init__.py:104}}
Aug 29 15:58:08 ubuntu neutron-server[131109]: DEBUG ovsdbapp.backend.ovs_idl [None req-92327f96-55e5-4eef-932b-2f14da590928 None None] Created schema index Connection.target {{(pid=131109) autocreate_indices /usr/local/lib/python3.8/dist-packages/ovsdbapp/backend/ovs_idl/__init__.py:104}}
Aug 29 15:58:08 ubuntu neutron-server[131109]: DEBUG ovsdbapp.backend.ovs_idl [None req-92327f96-55e5-4eef-932b-2f14da590928 None None] Created schema index Gateway_Chassis.name {{(pid=131109) autocreate_indices /usr/local/lib/python3.8/dist-packages/ovsdbapp/backend/ovs_idl/__init__.py:104}}
Aug 29 15:58:08 ubuntu neutron-server[131109]: DEBUG ovsdbapp.backend.ovs_idl [None req-92327f96-55e5-4eef-932b-2f14da590928 None None] Created schema index Logical_Router_Port.name {{(pid=131109) autocreate_indices /usr/local/lib/python3.8/dist-packages/ovsdbapp/backend/ovs_idl/__init__.py:104}}
Aug 29 15:58:08 ubuntu neutron-server[131109]: DEBUG ovsdbapp.backend.ovs_idl [None req-92327f96-55e5-4eef-932b-2f14da590928 None None] Created schema index Port_Group.name {{(pid=131109) autocreate_indices /usr/local/lib/python3.8/dist-packages/ovsdbapp/backend/ovs_idl/__init__.py:104}}
Aug 29 15:58:08 ubuntu neutron-server[131109]: DEBUG ovsdbapp.backend.ovs_idl [None req-92327f96-55e5-4eef-932b-2f14da590928 None None] Created schema index Logical_Switch_Port.name {{(pid=131109) autocreate_indices /usr/local/lib/python3.8/dist-packages/ovsdbapp/backend/ovs_idl/__init__.py:104}}
Aug 29 15:58:08 ubuntu neutron-server[131109]: INFO ovsdbapp.backend.ovs_idl.vlog [None req-92327f96-55e5-4eef-932b-2f14da590928 None None] tcp:192.168.79.40:6641: connecting...
Aug 29 15:58:08 ubuntu neutron-server[131109]: INFO ovsdbapp.backend.ovs_idl.vlog [None req-92327f96-55e5-4eef-932b-2f14da590928 None None] tcp:192.168.79.40:6641: connected
Aug 29 15:58:08 ubuntu neutron-server[131110]: DEBUG ovsdbapp.backend.ovs_idl [None req-0e979dfc-1dee-414e-99dc-7c4eef9d32f6 None None] Created lookup_table index Logical_Switch.name {{(pid=131110) autocreate_indices /usr/local/lib/python3.8/dist-packages/ovsdbapp/backend/ovs_idl/__init__.py:85}}
Aug 29 15:58:08 ubuntu neutron-server[131110]: DEBUG ovsdbapp.backend.ovs_idl [None req-0e979dfc-1dee-414e-99dc-7c4eef9d32f6 None None] Created lookup_table index Logical_Router.name {{(pid=131110) autocreate_indices /usr/local/lib/python3.8/dist-packages/ovsdbapp/backend/ovs_idl/__init__.py:85}}
Aug 29 15:58:08 ubuntu neutron-server[131110]: DEBUG ovsdbapp.backend.ovs_idl [None req-0e979dfc-1dee-414e-99dc-7c4eef9d32f6 None None] Created lookup_table index Load_Balancer.name {{(pid=131110) autocreate_indices /usr/local/lib/python3.8/dist-packages/ovsdbapp/backend/ovs_idl/__init__.py:85}}
Aug 29 15:58:08 ubuntu neutron-server[131110]: DEBUG ovsdbapp.backend.ovs_idl [None req-0e979dfc-1dee-414e-99dc-7c4eef9d32f6 None None] Created schema index Meter.name {{(pid=131110) autocreate_indices /usr/local/lib/python3.8/dist-packages/ovsdbapp/backend/ovs_idl/__init__.py:104}}
Aug 29 15:58:08 ubuntu neutron-server[131110]: DEBUG ovsdbapp.backend.ovs_idl [None req-0e979dfc-1dee-414e-99dc-7c4eef9d32f6 None None] Created schema index Address_Set.name {{(pid=131110) autocreate_indices /usr/local/lib/python3.8/dist-packages/ovsdbapp/backend/ovs_idl/__init__.py:104}}
Aug 29 15:58:08 ubuntu neutron-server[131110]: DEBUG ovsdbapp.backend.ovs_idl [None req-0e979dfc-1dee-414e-99dc-7c4eef9d32f6 None None] Created schema index HA_Chassis_Group.name {{(pid=131110) autocreate_indices /usr/local/lib/python3.8/dist-packages/ovsdbapp/backend/ovs_idl/__init__.py:104}}
Aug 29 15:58:08 ubuntu neutron-server[131110]: DEBUG ovsdbapp.backend.ovs_idl [None req-0e979dfc-1dee-414e-99dc-7c4eef9d32f6 None None] Created schema index Connection.target {{(pid=131110) autocreate_indices /usr/local/lib/python3.8/dist-packages/ovsdbapp/backend/ovs_idl/__init__.py:104}}
Aug 29 15:58:08 ubuntu neutron-server[131110]: DEBUG ovsdbapp.backend.ovs_idl [None req-0e979dfc-1dee-414e-99dc-7c4eef9d32f6 None None] Created schema index Gateway_Chassis.name {{(pid=131110) autocreate_indices /usr/local/lib/python3.8/dist-packages/ovsdbapp/backend/ovs_idl/__init__.py:104}}
Aug 29 15:58:08 ubuntu neutron-server[131110]: DEBUG ovsdbapp.backend.ovs_idl [None req-0e979dfc-1dee-414e-99dc-7c4eef9d32f6 None None] Created schema index Logical_Router_Port.name {{(pid=131110) autocreate_indices /usr/local/lib/python3.8/dist-packages/ovsdbapp/backend/ovs_idl/__init__.py:104}}
Aug 29 15:58:08 ubuntu neutron-server[131110]: DEBUG ovsdbapp.backend.ovs_idl [None req-0e979dfc-1dee-414e-99dc-7c4eef9d32f6 None None] Created schema index Port_Group.name {{(pid=131110) autocreate_indices /usr/local/lib/python3.8/dist-packages/ovsdbapp/backend/ovs_idl/__init__.py:104}}
Aug 29 15:58:08 ubuntu neutron-server[130877]: DEBUG ovsdbapp.backend.ovs_idl.transaction [-] Running txn n=1 command(idx=0): PgAddCommand(name=neutron_pg_drop, may_exist=True, columns={'acls': []}) {{(pid=130877) do_commit /usr/local/lib/python3.8/dist-packages/ovsdbapp/backend/ovs_idl/transaction.py:90}}
Aug 29 15:58:08 ubuntu neutron-server[131110]: DEBUG ovsdbapp.backend.ovs_idl [None req-0e979dfc-1dee-414e-99dc-7c4eef9d32f6 None None] Created schema index Logical_Switch_Port.name {{(pid=131110) autocreate_indices /usr/local/lib/python3.8/dist-packages/ovsdbapp/backend/ovs_idl/__init__.py:104}}
Aug 29 15:58:08 ubuntu neutron-server[130877]: DEBUG ovsdbapp.backend.ovs_idl.transaction [-] Running txn n=1 command(idx=1): PgAclAddCommand(entity=neutron_pg_drop, direction=from-lport, priority=1001, match=inport == @neutron_pg_drop && ip, action=drop, log=False, may_exist=True, severity=[], name=[], meter=None, external_ids={}) {{(pid=130877) do_commit /usr/local/lib/python3.8/dist-packages/ovsdbapp/backend/ovs_idl/transaction.py:90}}
Aug 29 15:58:08 ubuntu neutron-server[131110]: INFO ovsdbapp.backend.ovs_idl.vlog [None req-0e979dfc-1dee-414e-99dc-7c4eef9d32f6 None None] tcp:192.168.79.40:6641: connecting...
Aug 29 15:58:08 ubuntu neutron-server[130877]: DEBUG ovsdbapp.backend.ovs_idl.transaction [-] Running txn n=1 command(idx=2): PgAclAddCommand(entity=neutron_pg_drop, direction=to-lport, priority=1001, match=outport == @neutron_pg_drop && ip, action=drop, log=False, may_exist=True, severity=[], name=[], meter=None, external_ids={}) {{(pid=130877) do_commit /usr/local/lib/python3.8/dist-packages/ovsdbapp/backend/ovs_idl/transaction.py:90}}
Aug 29 15:58:08 ubuntu neutron-server[131110]: INFO ovsdbapp.backend.ovs_idl.vlog [None req-0e979dfc-1dee-414e-99dc-7c4eef9d32f6 None None] tcp:192.168.79.40:6641: connected
Aug 29 15:58:08 ubuntu neutron-server[130877]: DEBUG ovsdbapp.backend.ovs_idl.event [-] Matched CREATE: NeutronPgDropPortGroupCreated(events=('create',), table='Port_Group', conditions=(('name', '=', 'neutron_pg_drop'),), old_conditions=None), priority=10 to row=Port_Group(name=neutron_pg_drop, ports=[], external_ids={}, acls=[<ovs.db.idl.Row object at 0x7f9e3d267220>, <ovs.db.idl.Row object at 0x7f9e3d267700>]) old= {{(pid=130877) matches /usr/local/lib/python3.8/dist-packages/ovsdbapp/backend/ovs_idl/event.py:43}}
Aug 29 15:58:08 ubuntu neutron-server[131109]: DEBUG neutron.common.ovn.hash_ring_manager [None req-92327f96-55e5-4eef-932b-2f14da590928 None None] Allow caching, nodes 2>=2 {{(pid=131109) _wait_startup_before_caching /opt/stack/neutron/neutron/common/ovn/hash_ring_manager.py:60}}
Aug 29 15:58:08 ubuntu neutron-server[131109]: DEBUG neutron.plugins.ml2.drivers.ovn.mech_driver.ovsdb.ovsdb_monitor [None req-92327f96-55e5-4eef-932b-2f14da590928 None None] Hash Ring: Node 3ad9a739-876e-402e-bcf7-4afdadf2e5d4 (host: ubuntu) handling event "create" for row 8cb66860-a8cb-4cdb-98ab-3fd1c2c0cd36 (table: Database) {{(pid=131109) notify /opt/stack/neutron/neutron/plugins/ml2/drivers/ovn/mech_driver/ovsdb/ovsdb_monitor.py:743}}
Aug 29 15:58:08 ubuntu neutron-server[131110]: DEBUG neutron.common.ovn.hash_ring_manager [None req-0e979dfc-1dee-414e-99dc-7c4eef9d32f6 None None] Allow caching, nodes 2>=2 {{(pid=131110) _wait_startup_before_caching /opt/stack/neutron/neutron/common/ovn/hash_ring_manager.py:60}}
Aug 29 15:58:08 ubuntu neutron-server[131109]: DEBUG neutron.plugins.ml2.drivers.ovn.mech_driver.ovsdb.ovsdb_monitor [None req-92327f96-55e5-4eef-932b-2f14da590928 None None] Hash Ring: Node 3ad9a739-876e-402e-bcf7-4afdadf2e5d4 (host: ubuntu) handling event "create" for row eb06ae5c-24b9-435c-a0b0-340b946c5eeb (table: NB_Global) {{(pid=131109) notify /opt/stack/neutron/neutron/plugins/ml2/drivers/ovn/mech_driver/ovsdb/ovsdb_monitor.py:743}}
Aug 29 15:58:08 ubuntu neutron-server[131109]: DEBUG neutron.plugins.ml2.drivers.ovn.mech_driver.ovsdb.ovsdb_monitor [None req-92327f96-55e5-4eef-932b-2f14da590928 None None] Hash Ring: Node 3ad9a739-876e-402e-bcf7-4afdadf2e5d4 (host: ubuntu) handling event "create" for row f8043657-6a60-4604-9865-1629f921f295 (table: ACL) {{(pid=131109) notify /opt/stack/neutron/neutron/plugins/ml2/drivers/ovn/mech_driver/ovsdb/ovsdb_monitor.py:743}}
Aug 29 15:58:08 ubuntu neutron-server[131109]: DEBUG neutron.plugins.ml2.drivers.ovn.mech_driver.ovsdb.ovsdb_monitor [None req-92327f96-55e5-4eef-932b-2f14da590928 None None] Hash Ring: Node 3ad9a739-876e-402e-bcf7-4afdadf2e5d4 (host: ubuntu) handling event "create" for row ab333386-0763-43ed-95b7-14e99cd4dd20 (table: Connection) {{(pid=131109) notify /opt/stack/neutron/neutron/plugins/ml2/drivers/ovn/mech_driver/ovsdb/ovsdb_monitor.py:743}}
Aug 29 15:58:08 ubuntu neutron-server[131109]: INFO neutron.plugins.ml2.drivers.ovn.mech_driver.ovsdb.impl_idl_ovn [None req-92327f96-55e5-4eef-932b-2f14da590928 None None] Getting OvsdbSbOvnIdl for WorkerService with retry
Aug 29 15:58:08 ubuntu neutron-server[131110]: DEBUG neutron.plugins.ml2.drivers.ovn.mech_driver.ovsdb.ovsdb_monitor [None req-0e979dfc-1dee-414e-99dc-7c4eef9d32f6 None None] Hash Ring: Node 860167a1-24ad-4a71-988e-5998ae8055f5 (host: ubuntu) handling event "create" for row 2f871b9f-0c2f-4e1e-bad0-6371c0245bbc (table: Database) {{(pid=131110) notify /opt/stack/neutron/neutron/plugins/ml2/drivers/ovn/mech_driver/ovsdb/ovsdb_monitor.py:743}}
Aug 29 15:58:08 ubuntu neutron-server[131109]: DEBUG ovsdbapp.backend.ovs_idl [None req-92327f96-55e5-4eef-932b-2f14da590928 None None] Created lookup_table index Chassis.name {{(pid=131109) autocreate_indices /usr/local/lib/python3.8/dist-packages/ovsdbapp/backend/ovs_idl/__init__.py:85}}
Aug 29 15:58:08 ubuntu neutron-server[131109]: DEBUG ovsdbapp.backend.ovs_idl [None req-92327f96-55e5-4eef-932b-2f14da590928 None None] Created schema index Datapath_Binding.tunnel_key {{(pid=131109) autocreate_indices /usr/local/lib/python3.8/dist-packages/ovsdbapp/backend/ovs_idl/__init__.py:104}}
Aug 29 15:58:08 ubuntu neutron-server[131109]: DEBUG ovsdbapp.backend.ovs_idl [None req-92327f96-55e5-4eef-932b-2f14da590928 None None] Created schema index Connection.target {{(pid=131109) autocreate_indices /usr/local/lib/python3.8/dist-packages/ovsdbapp/backend/ovs_idl/__init__.py:104}}
Aug 29 15:58:08 ubuntu neutron-server[131109]: INFO ovsdbapp.backend.ovs_idl.vlog [None req-92327f96-55e5-4eef-932b-2f14da590928 None None] tcp:192.168.79.40:6642: connecting...
Aug 29 15:58:08 ubuntu neutron-server[131109]: INFO ovsdbapp.backend.ovs_idl.vlog [None req-92327f96-55e5-4eef-932b-2f14da590928 None None] tcp:192.168.79.40:6642: connected
Aug 29 15:58:08 ubuntu neutron-server[131110]: DEBUG neutron.plugins.ml2.drivers.ovn.mech_driver.ovsdb.ovsdb_monitor [None req-0e979dfc-1dee-414e-99dc-7c4eef9d32f6 None None] Hash Ring: Node 860167a1-24ad-4a71-988e-5998ae8055f5 (host: ubuntu) handling event "create" for row 8910953c-8b14-46f1-adad-e9de9243e203 (table: Port_Group) {{(pid=131110) notify /opt/stack/neutron/neutron/plugins/ml2/drivers/ovn/mech_driver/ovsdb/ovsdb_monitor.py:743}}
Aug 29 15:58:08 ubuntu neutron-server[131110]: DEBUG neutron.plugins.ml2.drivers.ovn.mech_driver.ovsdb.ovsdb_monitor [None req-0e979dfc-1dee-414e-99dc-7c4eef9d32f6 None None] Hash Ring: Node 860167a1-24ad-4a71-988e-5998ae8055f5 (host: ubuntu) handling event "create" for row da2ff7e4-25f2-4586-8400-7d5fceb26524 (table: ACL) {{(pid=131110) notify /opt/stack/neutron/neutron/plugins/ml2/drivers/ovn/mech_driver/ovsdb/ovsdb_monitor.py:743}}
Aug 29 15:58:08 ubuntu neutron-server[131110]: INFO neutron.plugins.ml2.drivers.ovn.mech_driver.ovsdb.impl_idl_ovn [None req-0e979dfc-1dee-414e-99dc-7c4eef9d32f6 None None] Getting OvsdbSbOvnIdl for WorkerService with retry
Aug 29 15:58:08 ubuntu neutron-server[131110]: DEBUG ovsdbapp.backend.ovs_idl [None req-0e979dfc-1dee-414e-99dc-7c4eef9d32f6 None None] Created lookup_table index Chassis.name {{(pid=131110) autocreate_indices /usr/local/lib/python3.8/dist-packages/ovsdbapp/backend/ovs_idl/__init__.py:85}}
Aug 29 15:58:08 ubuntu neutron-server[131110]: DEBUG ovsdbapp.backend.ovs_idl [None req-0e979dfc-1dee-414e-99dc-7c4eef9d32f6 None None] Created schema index Datapath_Binding.tunnel_key {{(pid=131110) autocreate_indices /usr/local/lib/python3.8/dist-packages/ovsdbapp/backend/ovs_idl/__init__.py:104}}
Aug 29 15:58:08 ubuntu neutron-server[131110]: DEBUG ovsdbapp.backend.ovs_idl [None req-0e979dfc-1dee-414e-99dc-7c4eef9d32f6 None None] Created schema index Connection.target {{(pid=131110) autocreate_indices /usr/local/lib/python3.8/dist-packages/ovsdbapp/backend/ovs_idl/__init__.py:104}}
Aug 29 15:58:08 ubuntu neutron-server[131110]: INFO ovsdbapp.backend.ovs_idl.vlog [None req-0e979dfc-1dee-414e-99dc-7c4eef9d32f6 None None] tcp:192.168.79.40:6642: connecting...
Aug 29 15:58:08 ubuntu neutron-server[130877]: DEBUG ovsdbapp.backend.ovs_idl [None req-c99b81a2-f115-4cf0-8fd5-0adcfe7daa97 None None] Created lookup_table index Logical_Switch.name {{(pid=130877) autocreate_indices /usr/local/lib/python3.8/dist-packages/ovsdbapp/backend/ovs_idl/__init__.py:85}}
Aug 29 15:58:08 ubuntu neutron-server[130877]: DEBUG ovsdbapp.backend.ovs_idl [None req-c99b81a2-f115-4cf0-8fd5-0adcfe7daa97 None None] Created lookup_table index Logical_Router.name {{(pid=130877) autocreate_indices /usr/local/lib/python3.8/dist-packages/ovsdbapp/backend/ovs_idl/__init__.py:85}}
Aug 29 15:58:08 ubuntu neutron-server[130877]: DEBUG ovsdbapp.backend.ovs_idl [None req-c99b81a2-f115-4cf0-8fd5-0adcfe7daa97 None None] Created lookup_table index Load_Balancer.name {{(pid=130877) autocreate_indices /usr/local/lib/python3.8/dist-packages/ovsdbapp/backend/ovs_idl/__init__.py:85}}
Aug 29 15:58:08 ubuntu neutron-server[131110]: INFO ovsdbapp.backend.ovs_idl.vlog [None req-0e979dfc-1dee-414e-99dc-7c4eef9d32f6 None None] tcp:192.168.79.40:6642: connected
Aug 29 15:58:08 ubuntu neutron-server[130877]: DEBUG ovsdbapp.backend.ovs_idl [None req-c99b81a2-f115-4cf0-8fd5-0adcfe7daa97 None None] Created schema index Meter.name {{(pid=130877) autocreate_indices /usr/local/lib/python3.8/dist-packages/ovsdbapp/backend/ovs_idl/__init__.py:104}}
Aug 29 15:58:08 ubuntu neutron-server[130877]: DEBUG ovsdbapp.backend.ovs_idl [None req-c99b81a2-f115-4cf0-8fd5-0adcfe7daa97 None None] Created schema index Address_Set.name {{(pid=130877) autocreate_indices /usr/local/lib/python3.8/dist-packages/ovsdbapp/backend/ovs_idl/__init__.py:104}}
Aug 29 15:58:08 ubuntu neutron-server[130877]: DEBUG ovsdbapp.backend.ovs_idl [None req-c99b81a2-f115-4cf0-8fd5-0adcfe7daa97 None None] Created schema index HA_Chassis_Group.name {{(pid=130877) autocreate_indices /usr/local/lib/python3.8/dist-packages/ovsdbapp/backend/ovs_idl/__init__.py:104}}
Aug 29 15:58:08 ubuntu neutron-server[130877]: DEBUG ovsdbapp.backend.ovs_idl [None req-c99b81a2-f115-4cf0-8fd5-0adcfe7daa97 None None] Created schema index Connection.target {{(pid=130877) autocreate_indices /usr/local/lib/python3.8/dist-packages/ovsdbapp/backend/ovs_idl/__init__.py:104}}
Aug 29 15:58:08 ubuntu neutron-server[130877]: DEBUG ovsdbapp.backend.ovs_idl [None req-c99b81a2-f115-4cf0-8fd5-0adcfe7daa97 None None] Created schema index Gateway_Chassis.name {{(pid=130877) autocreate_indices /usr/local/lib/python3.8/dist-packages/ovsdbapp/backend/ovs_idl/__init__.py:104}}
Aug 29 15:58:08 ubuntu neutron-server[130877]: DEBUG ovsdbapp.backend.ovs_idl [None req-c99b81a2-f115-4cf0-8fd5-0adcfe7daa97 None None] Created schema index Logical_Router_Port.name {{(pid=130877) autocreate_indices /usr/local/lib/python3.8/dist-packages/ovsdbapp/backend/ovs_idl/__init__.py:104}}
Aug 29 15:58:08 ubuntu neutron-server[130877]: DEBUG ovsdbapp.backend.ovs_idl [None req-c99b81a2-f115-4cf0-8fd5-0adcfe7daa97 None None] Created schema index Port_Group.name {{(pid=130877) autocreate_indices /usr/local/lib/python3.8/dist-packages/ovsdbapp/backend/ovs_idl/__init__.py:104}}
Aug 29 15:58:08 ubuntu neutron-server[130877]: DEBUG ovsdbapp.backend.ovs_idl [None req-c99b81a2-f115-4cf0-8fd5-0adcfe7daa97 None None] Created schema index Logical_Switch_Port.name {{(pid=130877) autocreate_indices /usr/local/lib/python3.8/dist-packages/ovsdbapp/backend/ovs_idl/__init__.py:104}}
Aug 29 15:58:08 ubuntu neutron-server[131109]: DEBUG neutron.common.ovn.hash_ring_manager [None req-92327f96-55e5-4eef-932b-2f14da590928 None None] Allow caching, nodes 2>=2 {{(pid=131109) _wait_startup_before_caching /opt/stack/neutron/neutron/common/ovn/hash_ring_manager.py:60}}
Aug 29 15:58:08 ubuntu neutron-server[131109]: DEBUG neutron.plugins.ml2.drivers.ovn.mech_driver.ovsdb.ovsdb_monitor [None req-92327f96-55e5-4eef-932b-2f14da590928 None None] Hash Ring: Node 3ad9a739-876e-402e-bcf7-4afdadf2e5d4 (host: ubuntu) handling event "create" for row 5fbbf10d-50be-4333-aaec-e21dced70595 (table: Database) {{(pid=131109) notify /opt/stack/neutron/neutron/plugins/ml2/drivers/ovn/mech_driver/ovsdb/ovsdb_monitor.py:743}}
Aug 29 15:58:08 ubuntu neutron-server[131109]: DEBUG neutron.plugins.ml2.drivers.ovn.mech_driver.ovsdb.ovsdb_monitor [None req-92327f96-55e5-4eef-932b-2f14da590928 None None] Hash Ring: Node 3ad9a739-876e-402e-bcf7-4afdadf2e5d4 (host: ubuntu) handling event "create" for row 981ab660-7259-4df4-bc75-fe4c81fbab4b (table: Database) {{(pid=131109) notify /opt/stack/neutron/neutron/plugins/ml2/drivers/ovn/mech_driver/ovsdb/ovsdb_monitor.py:743}}
Aug 29 15:58:08 ubuntu neutron-server[131109]: DEBUG neutron.plugins.ml2.drivers.ovn.mech_driver.ovsdb.ovsdb_monitor [None req-92327f96-55e5-4eef-932b-2f14da590928 None None] Hash Ring: Node 3ad9a739-876e-402e-bcf7-4afdadf2e5d4 (host: ubuntu) handling event "create" for row ffd43f28-ac7f-464f-b26e-e861a6d08346 (table: Encap) {{(pid=131109) notify /opt/stack/neutron/neutron/plugins/ml2/drivers/ovn/mech_driver/ovsdb/ovsdb_monitor.py:743}}
Aug 29 15:58:08 ubuntu neutron-server[131109]: DEBUG neutron.plugins.ml2.drivers.ovn.mech_driver.ovsdb.ovsdb_monitor [None req-92327f96-55e5-4eef-932b-2f14da590928 None None] ChassisMetadataAgentWriteEvent : Matched Chassis, create, None None {{(pid=131109) matches /opt/stack/neutron/neutron/plugins/ml2/drivers/ovn/mech_driver/ovsdb/ovsdb_monitor.py:62}}
Aug 29 15:58:08 ubuntu neutron-server[131109]: DEBUG neutron.plugins.ml2.drivers.ovn.mech_driver.ovsdb.ovsdb_monitor [None req-92327f96-55e5-4eef-932b-2f14da590928 None None] ChassisAgentWriteEvent : Matched Chassis, create, None None {{(pid=131109) matches /opt/stack/neutron/neutron/plugins/ml2/drivers/ovn/mech_driver/ovsdb/ovsdb_monitor.py:62}}
Aug 29 15:58:08 ubuntu neutron-server[131109]: INFO neutron.wsgi [-] (131109) wsgi starting up on http://0.0.0.0:9696
Aug 29 15:58:08 ubuntu neutron-server[130877]: DEBUG ovsdbapp.backend.ovs_idl [None req-c99b81a2-f115-4cf0-8fd5-0adcfe7daa97 None None] Created lookup_table index Chassis.name {{(pid=130877) autocreate_indices /usr/local/lib/python3.8/dist-packages/ovsdbapp/backend/ovs_idl/__init__.py:85}}
Aug 29 15:58:08 ubuntu neutron-server[130877]: DEBUG ovsdbapp.backend.ovs_idl [None req-c99b81a2-f115-4cf0-8fd5-0adcfe7daa97 None None] Created lookup_table index MAC_Binding.ip {{(pid=130877) autocreate_indices /usr/local/lib/python3.8/dist-packages/ovsdbapp/backend/ovs_idl/__init__.py:85}}
Aug 29 15:58:08 ubuntu neutron-server[130877]: DEBUG ovsdbapp.backend.ovs_idl [None req-c99b81a2-f115-4cf0-8fd5-0adcfe7daa97 None None] Created schema index Meter.name {{(pid=130877) autocreate_indices /usr/local/lib/python3.8/dist-packages/ovsdbapp/backend/ovs_idl/__init__.py:104}}
Aug 29 15:58:08 ubuntu neutron-server[130877]: DEBUG ovsdbapp.backend.ovs_idl [None req-c99b81a2-f115-4cf0-8fd5-0adcfe7daa97 None None] Created schema index Address_Set.name {{(pid=130877) autocreate_indices /usr/local/lib/python3.8/dist-packages/ovsdbapp/backend/ovs_idl/__init__.py:104}}
Aug 29 15:58:08 ubuntu neutron-server[130877]: DEBUG ovsdbapp.backend.ovs_idl [None req-c99b81a2-f115-4cf0-8fd5-0adcfe7daa97 None None] Created schema index HA_Chassis_Group.name {{(pid=130877) autocreate_indices /usr/local/lib/python3.8/dist-packages/ovsdbapp/backend/ovs_idl/__init__.py:104}}
Aug 29 15:58:08 ubuntu neutron-server[130877]: DEBUG ovsdbapp.backend.ovs_idl [None req-c99b81a2-f115-4cf0-8fd5-0adcfe7daa97 None None] Created schema index IP_Multicast.datapath {{(pid=130877) autocreate_indices /usr/local/lib/python3.8/dist-packages/ovsdbapp/backend/ovs_idl/__init__.py:104}}
Aug 29 15:58:08 ubuntu neutron-server[130877]: DEBUG ovsdbapp.backend.ovs_idl [None req-c99b81a2-f115-4cf0-8fd5-0adcfe7daa97 None None] Created schema index Connection.target {{(pid=130877) autocreate_indices /usr/local/lib/python3.8/dist-packages/ovsdbapp/backend/ovs_idl/__init__.py:104}}
Aug 29 15:58:08 ubuntu neutron-server[130877]: DEBUG ovsdbapp.backend.ovs_idl [None req-c99b81a2-f115-4cf0-8fd5-0adcfe7daa97 None None] Created schema index Gateway_Chassis.name {{(pid=130877) autocreate_indices /usr/local/lib/python3.8/dist-packages/ovsdbapp/backend/ovs_idl/__init__.py:104}}
Aug 29 15:58:08 ubuntu neutron-server[130877]: DEBUG ovsdbapp.backend.ovs_idl [None req-c99b81a2-f115-4cf0-8fd5-0adcfe7daa97 None None] Created schema index Port_Group.name {{(pid=130877) autocreate_indices /usr/local/lib/python3.8/dist-packages/ovsdbapp/backend/ovs_idl/__init__.py:104}}
Aug 29 15:58:08 ubuntu neutron-server[130877]: DEBUG ovsdbapp.backend.ovs_idl [None req-c99b81a2-f115-4cf0-8fd5-0adcfe7daa97 None None] Created schema index Datapath_Binding.tunnel_key {{(pid=130877) autocreate_indices /usr/local/lib/python3.8/dist-packages/ovsdbapp/backend/ovs_idl/__init__.py:104}}
Aug 29 15:58:08 ubuntu neutron-server[131110]: DEBUG neutron.common.ovn.hash_ring_manager [None req-0e979dfc-1dee-414e-99dc-7c4eef9d32f6 None None] Allow caching, nodes 2>=2 {{(pid=131110) _wait_startup_before_caching /opt/stack/neutron/neutron/common/ovn/hash_ring_manager.py:60}}
Aug 29 15:58:08 ubuntu neutron-server[131109]: DEBUG neutron.wsgi [-] (131109) accepted ('192.168.79.40', 46378) {{(pid=131109) server /usr/local/lib/python3.8/dist-packages/eventlet/wsgi.py:1004}}
Aug 29 15:58:08 ubuntu neutron-server[131110]: DEBUG neutron.plugins.ml2.drivers.ovn.mech_driver.ovsdb.ovsdb_monitor [None req-0e979dfc-1dee-414e-99dc-7c4eef9d32f6 None None] ChassisMetadataAgentWriteEvent : Matched Chassis, create, None None {{(pid=131110) matches /opt/stack/neutron/neutron/plugins/ml2/drivers/ovn/mech_driver/ovsdb/ovsdb_monitor.py:62}}
Aug 29 15:58:08 ubuntu neutron-server[131110]: DEBUG neutron.plugins.ml2.drivers.ovn.mech_driver.ovsdb.ovsdb_monitor [None req-0e979dfc-1dee-414e-99dc-7c4eef9d32f6 None None] ChassisAgentWriteEvent : Matched Chassis, create, None None {{(pid=131110) matches /opt/stack/neutron/neutron/plugins/ml2/drivers/ovn/mech_driver/ovsdb/ovsdb_monitor.py:62}}
Aug 29 15:58:08 ubuntu neutron-server[131110]: DEBUG neutron.plugins.ml2.drivers.ovn.mech_driver.ovsdb.ovsdb_monitor [None req-0e979dfc-1dee-414e-99dc-7c4eef9d32f6 None None] Hash Ring: Node 860167a1-24ad-4a71-988e-5998ae8055f5 (host: ubuntu) handling event "create" for row 892dbfc7-3ed9-402d-aff9-d3613b192096 (table: Chassis) {{(pid=131110) notify /opt/stack/neutron/neutron/plugins/ml2/drivers/ovn/mech_driver/ovsdb/ovsdb_monitor.py:743}}
Aug 29 15:58:08 ubuntu neutron-server[131109]: INFO neutron.wsgi [-] 192.168.79.40 "GET /networking HTTP/1.1" status: 302  len: 450 time: 0.0068874
Aug 29 15:58:08 ubuntu neutron-server[131110]: DEBUG neutron.plugins.ml2.drivers.ovn.mech_driver.ovsdb.ovsdb_monitor [None req-0e979dfc-1dee-414e-99dc-7c4eef9d32f6 None None] Hash Ring: Node 860167a1-24ad-4a71-988e-5998ae8055f5 (host: ubuntu) handling event "create" for row c6f33c47-d32d-400b-8491-2b17af34e425 (table: Connection) {{(pid=131110) notify /opt/stack/neutron/neutron/plugins/ml2/drivers/ovn/mech_driver/ovsdb/ovsdb_monitor.py:743}}
Aug 29 15:58:08 ubuntu neutron-server[131110]: INFO neutron.wsgi [-] (131110) wsgi starting up on http://0.0.0.0:9696
Aug 29 15:58:08 ubuntu neutron-server[131109]: INFO neutron.wsgi [-] 192.168.79.40 "GET /networking/ HTTP/1.1" status: 200  len: 266 time: 0.0026982
Aug 29 15:58:08 ubuntu neutron-server[130877]: INFO oslo_service.service [None req-c99b81a2-f115-4cf0-8fd5-0adcfe7daa97 None None] Starting 1 workers
