Jul 07 13:45:07 ubuntu neutron-server[117512]: DEBUG neutron.api.extensions [None req-204212a2-4165-433a-ac64-f2f7adf858fc None None] Ext name="Trunk port details" alias="trunk-details" description="Expose trunk port details" updated="2016-01-01T10:00:00-00:00" {{(pid=117512) _check_extension /opt/stack/neutron/neutron/api/extensions.py:416}}
Jul 07 13:45:07 ubuntu neutron-server[117512]: INFO neutron.api.extensions [None req-204212a2-4165-433a-ac64-f2f7adf858fc None None] Extension trunk-details not supported by any of loaded plugins
Jul 07 13:45:07 ubuntu neutron-server[117512]: DEBUG neutron.api.extensions [None req-204212a2-4165-433a-ac64-f2f7adf858fc None None] Loading extension file: uplink_status_propagation.py {{(pid=117512) _load_all_extensions_from_path /opt/stack/neutron/neutron/api/extensions.py:450}}
Jul 07 13:45:07 ubuntu neutron-server[117512]: DEBUG neutron.api.extensions [None req-204212a2-4165-433a-ac64-f2f7adf858fc None None] Ext name="Uplink status propagation extension" alias="uplink-status-propagation" description="Provides ability to propagate port uplink status." updated="2018-05-31T18:00:00-00:00" {{(pid=117512) _check_extension /opt/stack/neutron/neutron/api/extensions.py:416}}
Jul 07 13:45:07 ubuntu neutron-server[117512]: INFO neutron.api.extensions [None req-204212a2-4165-433a-ac64-f2f7adf858fc None None] Extension uplink-status-propagation not supported by any of loaded plugins
Jul 07 13:45:07 ubuntu neutron-server[117512]: DEBUG neutron.api.extensions [None req-204212a2-4165-433a-ac64-f2f7adf858fc None None] Loading extension file: vlantransparent.py {{(pid=117512) _load_all_extensions_from_path /opt/stack/neutron/neutron/api/extensions.py:450}}
Jul 07 13:45:07 ubuntu neutron-server[117512]: DEBUG neutron.api.extensions [None req-204212a2-4165-433a-ac64-f2f7adf858fc None None] Ext name="Vlantransparent" alias="vlan-transparent" description="Provides Vlan Transparent Networks" updated="2015-03-23T09:00:00-00:00" {{(pid=117512) _check_extension /opt/stack/neutron/neutron/api/extensions.py:416}}
Jul 07 13:45:07 ubuntu neutron-server[117512]: INFO neutron.api.extensions [None req-204212a2-4165-433a-ac64-f2f7adf858fc None None] Extension vlan-transparent not supported by any of loaded plugins
Jul 07 13:45:07 ubuntu neutron-server[117512]: INFO neutron.quota.resource_registry [None req-204212a2-4165-433a-ac64-f2f7adf858fc None None] Creating instance of TrackedResource for resource:network
Jul 07 13:45:07 ubuntu neutron-server[117512]: INFO neutron.quota.resource_registry [None req-204212a2-4165-433a-ac64-f2f7adf858fc None None] Creating instance of TrackedResource for resource:subnet
Jul 07 13:45:07 ubuntu neutron-server[117512]: INFO neutron.quota.resource_registry [None req-204212a2-4165-433a-ac64-f2f7adf858fc None None] Creating instance of TrackedResource for resource:subnetpool
Jul 07 13:45:07 ubuntu neutron-server[117512]: INFO neutron.quota.resource_registry [None req-204212a2-4165-433a-ac64-f2f7adf858fc None None] Creating instance of TrackedResource for resource:port
Jul 07 13:45:07 ubuntu neutron-server[117512]: DEBUG neutron.api.v2.resource_helper [None req-204212a2-4165-433a-ac64-f2f7adf858fc None None] Service FLAVORS assigned prefix:  {{(pid=117512) build_resource_info /opt/stack/neutron/neutron/api/v2/resource_helper.py:77}}
Jul 07 13:45:07 ubuntu neutron-server[117512]: DEBUG neutron.api.v2.resource_helper [None req-204212a2-4165-433a-ac64-f2f7adf858fc None None] Service L3_ROUTER_NAT assigned prefix:  {{(pid=117512) build_resource_info /opt/stack/neutron/neutron/api/v2/resource_helper.py:77}}
Jul 07 13:45:07 ubuntu neutron-server[117512]: DEBUG neutron.api.v2.resource_helper [None req-204212a2-4165-433a-ac64-f2f7adf858fc None None] Service L3_ROUTER_NAT assigned prefix:  {{(pid=117512) build_resource_info /opt/stack/neutron/neutron/api/v2/resource_helper.py:77}}
Jul 07 13:45:07 ubuntu neutron-server[117512]: INFO neutron.quota.resource_registry [None req-204212a2-4165-433a-ac64-f2f7adf858fc None None] Creating instance of TrackedResource for resource:router
Jul 07 13:45:07 ubuntu neutron-server[117512]: INFO neutron.quota.resource_registry [None req-204212a2-4165-433a-ac64-f2f7adf858fc None None] Creating instance of TrackedResource for resource:floatingip
Jul 07 13:45:07 ubuntu neutron-server[117512]: DEBUG neutron_lib.callbacks.manager [None req-204212a2-4165-433a-ac64-f2f7adf858fc None None] Subscribe: <bound method NeutronDbPluginV2.validate_network_rbac_policy_change of <neutron.services.network_ip_availability.plugin.NetworkIPAvailabilityPlugin object at 0x7f43dcc77160>> rbac-policy before_create 55550000 {{(pid=117512) subscribe /usr/local/lib/python3.8/dist-packages/neutron_lib/callbacks/manager.py:45}}
Jul 07 13:45:07 ubuntu neutron-server[117512]: DEBUG neutron_lib.callbacks.manager [None req-204212a2-4165-433a-ac64-f2f7adf858fc None None] Subscribe: <bound method NeutronDbPluginV2.validate_network_rbac_policy_change of <neutron.services.network_ip_availability.plugin.NetworkIPAvailabilityPlugin object at 0x7f43dcc77160>> rbac-policy before_update 55550000 {{(pid=117512) subscribe /usr/local/lib/python3.8/dist-packages/neutron_lib/callbacks/manager.py:45}}
Jul 07 13:45:07 ubuntu neutron-server[117512]: DEBUG neutron_lib.callbacks.manager [None req-204212a2-4165-433a-ac64-f2f7adf858fc None None] Subscribe: <bound method NeutronDbPluginV2.validate_network_rbac_policy_change of <neutron.services.network_ip_availability.plugin.NetworkIPAvailabilityPlugin object at 0x7f43dcc77160>> rbac-policy before_delete 55550000 {{(pid=117512) subscribe /usr/local/lib/python3.8/dist-packages/neutron_lib/callbacks/manager.py:45}}
Jul 07 13:45:07 ubuntu neutron-server[117512]: INFO neutron.quota.resource_registry [None req-204212a2-4165-433a-ac64-f2f7adf858fc None None] Creating instance of CountableResource for resource:rbac_policy
Jul 07 13:45:07 ubuntu neutron-server[117512]: INFO neutron.quota.resource_registry [None req-204212a2-4165-433a-ac64-f2f7adf858fc None None] Creating instance of TrackedResource for resource:security_group
Jul 07 13:45:07 ubuntu neutron-server[117512]: INFO neutron.quota.resource_registry [None req-204212a2-4165-433a-ac64-f2f7adf858fc None None] Creating instance of TrackedResource for resource:security_group_rule
Jul 07 13:45:07 ubuntu neutron-server[117512]: DEBUG neutron.api.v2.resource_helper [None req-204212a2-4165-433a-ac64-f2f7adf858fc None None] Service FLAVORS assigned prefix:  {{(pid=117512) build_resource_info /opt/stack/neutron/neutron/api/v2/resource_helper.py:77}}
Jul 07 13:45:07 ubuntu neutron-server[117512]: DEBUG neutron.api.v2.resource_helper [None req-204212a2-4165-433a-ac64-f2f7adf858fc None None] Service L3_ROUTER_NAT assigned prefix:  {{(pid=117512) build_resource_info /opt/stack/neutron/neutron/api/v2/resource_helper.py:77}}
Jul 07 13:45:07 ubuntu neutron-server[117512]: DEBUG neutron.api.v2.resource_helper [None req-204212a2-4165-433a-ac64-f2f7adf858fc None None] Service L3_ROUTER_NAT assigned prefix:  {{(pid=117512) build_resource_info /opt/stack/neutron/neutron/api/v2/resource_helper.py:77}}
Jul 07 13:45:07 ubuntu neutron-server[117512]: INFO neutron.quota.resource_registry [None req-204212a2-4165-433a-ac64-f2f7adf858fc None None] Creating instance of TrackedResource for resource:router
Jul 07 13:45:07 ubuntu neutron-server[117512]: WARNING neutron.quota.resource_registry [None req-204212a2-4165-433a-ac64-f2f7adf858fc None None] router is already registered
Jul 07 13:45:07 ubuntu neutron-server[117512]: INFO neutron.quota.resource_registry [None req-204212a2-4165-433a-ac64-f2f7adf858fc None None] Creating instance of TrackedResource for resource:floatingip
Jul 07 13:45:07 ubuntu neutron-server[117512]: WARNING neutron.quota.resource_registry [None req-204212a2-4165-433a-ac64-f2f7adf858fc None None] floatingip is already registered
Jul 07 13:45:07 ubuntu neutron-server[117512]: INFO neutron.quota.resource_registry [None req-204212a2-4165-433a-ac64-f2f7adf858fc None None] Creating instance of CountableResource for resource:rbac_policy
Jul 07 13:45:07 ubuntu neutron-server[117512]: WARNING neutron.quota.resource_registry [None req-204212a2-4165-433a-ac64-f2f7adf858fc None None] rbac_policy is already registered
Jul 07 13:45:07 ubuntu neutron-server[117512]: INFO neutron.quota.resource_registry [None req-204212a2-4165-433a-ac64-f2f7adf858fc None None] Creating instance of TrackedResource for resource:security_group
Jul 07 13:45:07 ubuntu neutron-server[117512]: WARNING neutron.quota.resource_registry [None req-204212a2-4165-433a-ac64-f2f7adf858fc None None] security_group is already registered
Jul 07 13:45:07 ubuntu neutron-server[117512]: INFO neutron.quota.resource_registry [None req-204212a2-4165-433a-ac64-f2f7adf858fc None None] Creating instance of TrackedResource for resource:security_group_rule
Jul 07 13:45:07 ubuntu neutron-server[117512]: WARNING neutron.quota.resource_registry [None req-204212a2-4165-433a-ac64-f2f7adf858fc None None] security_group_rule is already registered
Jul 07 13:45:07 ubuntu neutron-server[117512]: DEBUG neutron.api.extensions [None req-204212a2-4165-433a-ac64-f2f7adf858fc None None] Extended resource: extensions {{(pid=117512) __init__ /opt/stack/neutron/neutron/api/extensions.py:157}}
Jul 07 13:45:07 ubuntu neutron-server[117512]: DEBUG neutron.api.extensions [None req-204212a2-4165-433a-ac64-f2f7adf858fc None None] Extended resource: address-groups {{(pid=117512) __init__ /opt/stack/neutron/neutron/api/extensions.py:157}}
Jul 07 13:45:07 ubuntu neutron-server[117512]: DEBUG neutron.api.extensions [None req-204212a2-4165-433a-ac64-f2f7adf858fc None None] Extended resource: address-scopes {{(pid=117512) __init__ /opt/stack/neutron/neutron/api/extensions.py:157}}
Jul 07 13:45:07 ubuntu neutron-server[117512]: DEBUG neutron.api.extensions [None req-204212a2-4165-433a-ac64-f2f7adf858fc None None] Extended resource: agents {{(pid=117512) __init__ /opt/stack/neutron/neutron/api/extensions.py:157}}
Jul 07 13:45:07 ubuntu neutron-server[117512]: DEBUG neutron.api.extensions [None req-204212a2-4165-433a-ac64-f2f7adf858fc None None] Extended resource: auto-allocated-topology {{(pid=117512) __init__ /opt/stack/neutron/neutron/api/extensions.py:157}}
Jul 07 13:45:07 ubuntu neutron-server[117512]: DEBUG neutron.api.extensions [None req-204212a2-4165-433a-ac64-f2f7adf858fc None None] Extended resource: availability_zones {{(pid=117512) __init__ /opt/stack/neutron/neutron/api/extensions.py:157}}
Jul 07 13:45:07 ubuntu neutron-server[117512]: DEBUG neutron.api.extensions [None req-204212a2-4165-433a-ac64-f2f7adf858fc None None] Extended resource: flavors {{(pid=117512) __init__ /opt/stack/neutron/neutron/api/extensions.py:157}}
Jul 07 13:45:07 ubuntu neutron-server[117512]: DEBUG neutron.api.extensions [None req-204212a2-4165-433a-ac64-f2f7adf858fc None None] Extended resource: service_profiles {{(pid=117512) __init__ /opt/stack/neutron/neutron/api/extensions.py:157}}
Jul 07 13:45:07 ubuntu neutron-server[117512]: DEBUG neutron.api.extensions [None req-204212a2-4165-433a-ac64-f2f7adf858fc None None] Extended resource: next_providers {{(pid=117512) __init__ /opt/stack/neutron/neutron/api/extensions.py:157}}
Jul 07 13:45:07 ubuntu neutron-server[117512]: DEBUG neutron.api.extensions [None req-204212a2-4165-433a-ac64-f2f7adf858fc None None] Extended resource: service_profiles {{(pid=117512) __init__ /opt/stack/neutron/neutron/api/extensions.py:157}}
Jul 07 13:45:07 ubuntu neutron-server[117512]: DEBUG neutron.api.extensions [None req-204212a2-4165-433a-ac64-f2f7adf858fc None None] Extended resource: floatingip-pools {{(pid=117512) __init__ /opt/stack/neutron/neutron/api/extensions.py:157}}
Jul 07 13:45:07 ubuntu neutron-server[117512]: DEBUG neutron.api.extensions [None req-204212a2-4165-433a-ac64-f2f7adf858fc None None] Extended resource: routers {{(pid=117512) __init__ /opt/stack/neutron/neutron/api/extensions.py:157}}
Jul 07 13:45:07 ubuntu neutron-server[117512]: DEBUG neutron.api.extensions [None req-204212a2-4165-433a-ac64-f2f7adf858fc None None] Extended resource: floatingips {{(pid=117512) __init__ /opt/stack/neutron/neutron/api/extensions.py:157}}
Jul 07 13:45:07 ubuntu neutron-server[117512]: DEBUG neutron.api.extensions [None req-204212a2-4165-433a-ac64-f2f7adf858fc None None] Extended resource: network-ip-availabilities {{(pid=117512) __init__ /opt/stack/neutron/neutron/api/extensions.py:157}}
Jul 07 13:45:07 ubuntu neutron-server[117512]: DEBUG neutron.api.extensions [None req-204212a2-4165-433a-ac64-f2f7adf858fc None None] Extended resource: bindings {{(pid=117512) __init__ /opt/stack/neutron/neutron/api/extensions.py:157}}
Jul 07 13:45:07 ubuntu neutron-server[117512]: DEBUG neutron.api.extensions [None req-204212a2-4165-433a-ac64-f2f7adf858fc None None] Extended resource: quotas {{(pid=117512) __init__ /opt/stack/neutron/neutron/api/extensions.py:157}}
Jul 07 13:45:07 ubuntu neutron-server[117512]: DEBUG neutron.api.extensions [None req-204212a2-4165-433a-ac64-f2f7adf858fc None None] Extended resource: quotas {{(pid=117512) __init__ /opt/stack/neutron/neutron/api/extensions.py:157}}
Jul 07 13:45:07 ubuntu neutron-server[117512]: DEBUG neutron.api.extensions [None req-204212a2-4165-433a-ac64-f2f7adf858fc None None] Extended resource: rbac-policies {{(pid=117512) __init__ /opt/stack/neutron/neutron/api/extensions.py:157}}
Jul 07 13:45:07 ubuntu neutron-server[117512]: DEBUG neutron.api.extensions [None req-204212a2-4165-433a-ac64-f2f7adf858fc None None] Extended resource: security-groups {{(pid=117512) __init__ /opt/stack/neutron/neutron/api/extensions.py:157}}
Jul 07 13:45:07 ubuntu neutron-server[117512]: DEBUG neutron.api.extensions [None req-204212a2-4165-433a-ac64-f2f7adf858fc None None] Extended resource: security-group-rules {{(pid=117512) __init__ /opt/stack/neutron/neutron/api/extensions.py:157}}
Jul 07 13:45:07 ubuntu neutron-server[117512]: DEBUG neutron.api.extensions [None req-204212a2-4165-433a-ac64-f2f7adf858fc None None] Extended resource: service-providers {{(pid=117512) __init__ /opt/stack/neutron/neutron/api/extensions.py:157}}
Jul 07 13:45:07 ubuntu neutron-server[117512]: DEBUG neutron.api.extensions [None req-204212a2-4165-433a-ac64-f2f7adf858fc None None] Extended resource: tags {{(pid=117512) __init__ /opt/stack/neutron/neutron/api/extensions.py:157}}
Jul 07 13:45:07 ubuntu neutron-server[117512]: DEBUG neutron.api.extensions [None req-204212a2-4165-433a-ac64-f2f7adf858fc None None] Extended resource: tags {{(pid=117512) __init__ /opt/stack/neutron/neutron/api/extensions.py:157}}
Jul 07 13:45:07 ubuntu neutron-server[117512]: DEBUG neutron.api.extensions [None req-204212a2-4165-433a-ac64-f2f7adf858fc None None] Extended resource: tags {{(pid=117512) __init__ /opt/stack/neutron/neutron/api/extensions.py:157}}
Jul 07 13:45:07 ubuntu neutron-server[117512]: DEBUG neutron.api.extensions [None req-204212a2-4165-433a-ac64-f2f7adf858fc None None] Extended resource: tags {{(pid=117512) __init__ /opt/stack/neutron/neutron/api/extensions.py:157}}
Jul 07 13:45:07 ubuntu neutron-server[117512]: DEBUG neutron.api.extensions [None req-204212a2-4165-433a-ac64-f2f7adf858fc None None] Extended resource: tags {{(pid=117512) __init__ /opt/stack/neutron/neutron/api/extensions.py:157}}
Jul 07 13:45:07 ubuntu neutron-server[117512]: DEBUG neutron.api.extensions [None req-204212a2-4165-433a-ac64-f2f7adf858fc None None] Extended resource: tags {{(pid=117512) __init__ /opt/stack/neutron/neutron/api/extensions.py:157}}
Jul 07 13:45:07 ubuntu neutron-server[117512]: DEBUG neutron.api.extensions [None req-204212a2-4165-433a-ac64-f2f7adf858fc None None] Extended resource: tags {{(pid=117512) __init__ /opt/stack/neutron/neutron/api/extensions.py:157}}
Jul 07 13:45:07 ubuntu neutron-server[117512]: DEBUG neutron.api.extensions [None req-204212a2-4165-433a-ac64-f2f7adf858fc None None] Extended resource: tags {{(pid=117512) __init__ /opt/stack/neutron/neutron/api/extensions.py:157}}
Jul 07 13:45:07 ubuntu neutron-server[117512]: DEBUG neutron.api.extensions [None req-204212a2-4165-433a-ac64-f2f7adf858fc None None] Extended resource: tags {{(pid=117512) __init__ /opt/stack/neutron/neutron/api/extensions.py:157}}
Jul 07 13:45:07 ubuntu neutron-server[117512]: DEBUG neutron.api.extensions [None req-204212a2-4165-433a-ac64-f2f7adf858fc None None] Extended resource: tags {{(pid=117512) __init__ /opt/stack/neutron/neutron/api/extensions.py:157}}
Jul 07 13:45:07 ubuntu neutron-server[117512]: WARNING keystonemiddleware.auth_token [None req-204212a2-4165-433a-ac64-f2f7adf858fc None None] AuthToken middleware is set with keystone_authtoken.service_token_roles_required set to False. This is backwards compatible but deprecated behaviour. Please set this to True.
Jul 07 13:45:07 ubuntu neutron-server[117512]: WARNING keystonemiddleware.auth_token [None req-204212a2-4165-433a-ac64-f2f7adf858fc None None] Configuring www_authenticate_uri to point to the public identity endpoint is required; clients may not be able to authenticate against an admin endpoint
Jul 07 13:45:07 ubuntu neutron-server[117512]: DEBUG oslo_concurrency.lockutils [None req-204212a2-4165-433a-ac64-f2f7adf858fc None None] Acquired lock "singleton_lock" {{(pid=117512) lock /usr/local/lib/python3.8/dist-packages/oslo_concurrency/lockutils.py:294}}
Jul 07 13:45:07 ubuntu neutron-server[117512]: DEBUG oslo_concurrency.lockutils [None req-204212a2-4165-433a-ac64-f2f7adf858fc None None] Releasing lock "singleton_lock" {{(pid=117512) lock /usr/local/lib/python3.8/dist-packages/oslo_concurrency/lockutils.py:312}}
Jul 07 13:45:07 ubuntu neutron-server[117512]: INFO oslo_service.service [None req-204212a2-4165-433a-ac64-f2f7adf858fc None None] Starting 2 workers
Jul 07 13:45:07 ubuntu neutron-server[117512]: DEBUG oslo_service.service [None req-204212a2-4165-433a-ac64-f2f7adf858fc None None] Started child 117728 {{(pid=117512) _start_child /usr/local/lib/python3.8/dist-packages/oslo_service/service.py:575}}
Jul 07 13:45:07 ubuntu neutron-server[117512]: DEBUG oslo_service.service [None req-204212a2-4165-433a-ac64-f2f7adf858fc None None] Started child 117729 {{(pid=117512) _start_child /usr/local/lib/python3.8/dist-packages/oslo_service/service.py:575}}
Jul 07 13:45:07 ubuntu neutron-server[117512]: INFO neutron.service [None req-204212a2-4165-433a-ac64-f2f7adf858fc None None] Neutron service started, listening on 0.0.0.0:9696
Jul 07 13:45:07 ubuntu neutron-server[117512]: DEBUG neutron_lib.callbacks.manager [None req-204212a2-4165-433a-ac64-f2f7adf858fc None None] Publish callbacks ['neutron.plugins.ml2.drivers.ovn.mech_driver.mech_driver.OVNMechanismDriver.pre_fork_initialize-1912835'] for process (None), before_spawn {{(pid=117512) _notify_loop /usr/local/lib/python3.8/dist-packages/neutron_lib/callbacks/manager.py:176}}
Jul 07 13:45:07 ubuntu neutron-server[117728]: DEBUG neutron_lib.callbacks.manager [-] Publish callbacks ['neutron.plugins.ml2.drivers.ovn.mech_driver.mech_driver.OVNMechanismDriver.post_fork_initialize-1913323'] for process (None), after_init {{(pid=117728) _notify_loop /usr/local/lib/python3.8/dist-packages/neutron_lib/callbacks/manager.py:176}}
Jul 07 13:45:07 ubuntu neutron-server[117729]: DEBUG neutron_lib.callbacks.manager [-] Publish callbacks ['neutron.plugins.ml2.drivers.ovn.mech_driver.mech_driver.OVNMechanismDriver.post_fork_initialize-1913323'] for process (None), after_init {{(pid=117729) _notify_loop /usr/local/lib/python3.8/dist-packages/neutron_lib/callbacks/manager.py:176}}
Jul 07 13:45:07 ubuntu neutron-server[117728]: DEBUG dbcounter [-] [117728] Writer thread running {{(pid=117728) stat_writer /usr/local/lib/python3.8/dist-packages/dbcounter.py:99}}
Jul 07 13:45:07 ubuntu neutron-server[117729]: DEBUG dbcounter [-] [117729] Writer thread running {{(pid=117729) stat_writer /usr/local/lib/python3.8/dist-packages/dbcounter.py:99}}
Jul 07 13:45:07 ubuntu neutron-server[117512]: DEBUG ovsdbapp.backend.ovs_idl [None req-204212a2-4165-433a-ac64-f2f7adf858fc None None] Created schema index Port_Group.name {{(pid=117512) autocreate_indices /usr/local/lib/python3.8/dist-packages/ovsdbapp/backend/ovs_idl/__init__.py:104}}
Jul 07 13:45:07 ubuntu neutron-server[117512]: DEBUG ovsdbapp.backend.ovs_idl [None req-204212a2-4165-433a-ac64-f2f7adf858fc None None] Created schema index Logical_Switch_Port.name {{(pid=117512) autocreate_indices /usr/local/lib/python3.8/dist-packages/ovsdbapp/backend/ovs_idl/__init__.py:104}}
Jul 07 13:45:07 ubuntu neutron-server[117729]: INFO neutron.plugins.ml2.drivers.ovn.mech_driver.ovsdb.impl_idl_ovn [None req-10053393-85b8-4ecc-a0bf-b47b4c45b8c1 None None] Getting OvsdbNbOvnIdl for WorkerService with retry
Jul 07 13:45:07 ubuntu neutron-server[117728]: INFO neutron.plugins.ml2.drivers.ovn.mech_driver.ovsdb.impl_idl_ovn [None req-a16e5d20-1809-41e9-aba1-8988f148d2b9 None None] Getting OvsdbNbOvnIdl for WorkerService with retry
Jul 07 13:45:07 ubuntu neutron-server[117512]: DEBUG ovsdbapp.backend.ovs_idl.transaction [-] Running txn n=1 command(idx=0): PgAddCommand(name=neutron_pg_drop, may_exist=True, columns={'acls': []}) {{(pid=117512) do_commit /usr/local/lib/python3.8/dist-packages/ovsdbapp/backend/ovs_idl/transaction.py:90}}
Jul 07 13:45:07 ubuntu neutron-server[117512]: DEBUG ovsdbapp.backend.ovs_idl.transaction [-] Running txn n=1 command(idx=1): PgAclAddCommand(entity=neutron_pg_drop, direction=from-lport, priority=1001, match=inport == @neutron_pg_drop && ip, action=drop, log=False, may_exist=True, severity=[], name=[], meter=None, external_ids={}) {{(pid=117512) do_commit /usr/local/lib/python3.8/dist-packages/ovsdbapp/backend/ovs_idl/transaction.py:90}}
Jul 07 13:45:07 ubuntu neutron-server[117512]: DEBUG ovsdbapp.backend.ovs_idl.transaction [-] Running txn n=1 command(idx=2): PgAclAddCommand(entity=neutron_pg_drop, direction=to-lport, priority=1001, match=outport == @neutron_pg_drop && ip, action=drop, log=False, may_exist=True, severity=[], name=[], meter=None, external_ids={}) {{(pid=117512) do_commit /usr/local/lib/python3.8/dist-packages/ovsdbapp/backend/ovs_idl/transaction.py:90}}
Jul 07 13:45:07 ubuntu neutron-server[117512]: DEBUG ovsdbapp.backend.ovs_idl.event [-] Matched CREATE: NeutronPgDropPortGroupCreated(events=('create',), table='Port_Group', conditions=(('name', '=', 'neutron_pg_drop'),), old_conditions=None), priority=10 to row=Port_Group(name=neutron_pg_drop, ports=[], external_ids={}, acls=[<ovs.db.idl.Row object at 0x7f43dc58b820>, <ovs.db.idl.Row object at 0x7f43dc58b730>]) old= {{(pid=117512) matches /usr/local/lib/python3.8/dist-packages/ovsdbapp/backend/ovs_idl/event.py:43}}
Jul 07 13:45:07 ubuntu neutron-server[117729]: DEBUG ovsdbapp.backend.ovs_idl [None req-10053393-85b8-4ecc-a0bf-b47b4c45b8c1 None None] Created lookup_table index Logical_Switch.name {{(pid=117729) autocreate_indices /usr/local/lib/python3.8/dist-packages/ovsdbapp/backend/ovs_idl/__init__.py:85}}
Jul 07 13:45:07 ubuntu neutron-server[117729]: DEBUG ovsdbapp.backend.ovs_idl [None req-10053393-85b8-4ecc-a0bf-b47b4c45b8c1 None None] Created lookup_table index Logical_Router.name {{(pid=117729) autocreate_indices /usr/local/lib/python3.8/dist-packages/ovsdbapp/backend/ovs_idl/__init__.py:85}}
Jul 07 13:45:07 ubuntu neutron-server[117729]: DEBUG ovsdbapp.backend.ovs_idl [None req-10053393-85b8-4ecc-a0bf-b47b4c45b8c1 None None] Created lookup_table index Load_Balancer.name {{(pid=117729) autocreate_indices /usr/local/lib/python3.8/dist-packages/ovsdbapp/backend/ovs_idl/__init__.py:85}}
Jul 07 13:45:07 ubuntu neutron-server[117729]: DEBUG ovsdbapp.backend.ovs_idl [None req-10053393-85b8-4ecc-a0bf-b47b4c45b8c1 None None] Created schema index Meter.name {{(pid=117729) autocreate_indices /usr/local/lib/python3.8/dist-packages/ovsdbapp/backend/ovs_idl/__init__.py:104}}
Jul 07 13:45:07 ubuntu neutron-server[117729]: DEBUG ovsdbapp.backend.ovs_idl [None req-10053393-85b8-4ecc-a0bf-b47b4c45b8c1 None None] Created schema index Address_Set.name {{(pid=117729) autocreate_indices /usr/local/lib/python3.8/dist-packages/ovsdbapp/backend/ovs_idl/__init__.py:104}}
Jul 07 13:45:07 ubuntu neutron-server[117729]: DEBUG ovsdbapp.backend.ovs_idl [None req-10053393-85b8-4ecc-a0bf-b47b4c45b8c1 None None] Created schema index HA_Chassis_Group.name {{(pid=117729) autocreate_indices /usr/local/lib/python3.8/dist-packages/ovsdbapp/backend/ovs_idl/__init__.py:104}}
Jul 07 13:45:07 ubuntu neutron-server[117728]: DEBUG ovsdbapp.backend.ovs_idl [None req-a16e5d20-1809-41e9-aba1-8988f148d2b9 None None] Created lookup_table index Logical_Switch.name {{(pid=117728) autocreate_indices /usr/local/lib/python3.8/dist-packages/ovsdbapp/backend/ovs_idl/__init__.py:85}}
Jul 07 13:45:07 ubuntu neutron-server[117512]: DEBUG ovsdbapp.backend.ovs_idl [None req-204212a2-4165-433a-ac64-f2f7adf858fc None None] Created lookup_table index Logical_Switch.name {{(pid=117512) autocreate_indices /usr/local/lib/python3.8/dist-packages/ovsdbapp/backend/ovs_idl/__init__.py:85}}
Jul 07 13:45:07 ubuntu neutron-server[117728]: DEBUG ovsdbapp.backend.ovs_idl [None req-a16e5d20-1809-41e9-aba1-8988f148d2b9 None None] Created lookup_table index Logical_Router.name {{(pid=117728) autocreate_indices /usr/local/lib/python3.8/dist-packages/ovsdbapp/backend/ovs_idl/__init__.py:85}}
Jul 07 13:45:07 ubuntu neutron-server[117512]: DEBUG ovsdbapp.backend.ovs_idl [None req-204212a2-4165-433a-ac64-f2f7adf858fc None None] Created lookup_table index Logical_Router.name {{(pid=117512) autocreate_indices /usr/local/lib/python3.8/dist-packages/ovsdbapp/backend/ovs_idl/__init__.py:85}}
Jul 07 13:45:07 ubuntu neutron-server[117728]: DEBUG ovsdbapp.backend.ovs_idl [None req-a16e5d20-1809-41e9-aba1-8988f148d2b9 None None] Created lookup_table index Load_Balancer.name {{(pid=117728) autocreate_indices /usr/local/lib/python3.8/dist-packages/ovsdbapp/backend/ovs_idl/__init__.py:85}}
Jul 07 13:45:07 ubuntu neutron-server[117512]: DEBUG ovsdbapp.backend.ovs_idl [None req-204212a2-4165-433a-ac64-f2f7adf858fc None None] Created lookup_table index Load_Balancer.name {{(pid=117512) autocreate_indices /usr/local/lib/python3.8/dist-packages/ovsdbapp/backend/ovs_idl/__init__.py:85}}
Jul 07 13:45:07 ubuntu neutron-server[117728]: DEBUG ovsdbapp.backend.ovs_idl [None req-a16e5d20-1809-41e9-aba1-8988f148d2b9 None None] Created schema index Meter.name {{(pid=117728) autocreate_indices /usr/local/lib/python3.8/dist-packages/ovsdbapp/backend/ovs_idl/__init__.py:104}}
Jul 07 13:45:07 ubuntu neutron-server[117512]: DEBUG ovsdbapp.backend.ovs_idl [None req-204212a2-4165-433a-ac64-f2f7adf858fc None None] Created schema index Meter.name {{(pid=117512) autocreate_indices /usr/local/lib/python3.8/dist-packages/ovsdbapp/backend/ovs_idl/__init__.py:104}}
Jul 07 13:45:07 ubuntu neutron-server[117728]: DEBUG ovsdbapp.backend.ovs_idl [None req-a16e5d20-1809-41e9-aba1-8988f148d2b9 None None] Created schema index Address_Set.name {{(pid=117728) autocreate_indices /usr/local/lib/python3.8/dist-packages/ovsdbapp/backend/ovs_idl/__init__.py:104}}
Jul 07 13:45:07 ubuntu neutron-server[117512]: DEBUG ovsdbapp.backend.ovs_idl [None req-204212a2-4165-433a-ac64-f2f7adf858fc None None] Created schema index Address_Set.name {{(pid=117512) autocreate_indices /usr/local/lib/python3.8/dist-packages/ovsdbapp/backend/ovs_idl/__init__.py:104}}
Jul 07 13:45:07 ubuntu neutron-server[117728]: DEBUG ovsdbapp.backend.ovs_idl [None req-a16e5d20-1809-41e9-aba1-8988f148d2b9 None None] Created schema index HA_Chassis_Group.name {{(pid=117728) autocreate_indices /usr/local/lib/python3.8/dist-packages/ovsdbapp/backend/ovs_idl/__init__.py:104}}
Jul 07 13:45:07 ubuntu neutron-server[117512]: DEBUG ovsdbapp.backend.ovs_idl [None req-204212a2-4165-433a-ac64-f2f7adf858fc None None] Created schema index HA_Chassis_Group.name {{(pid=117512) autocreate_indices /usr/local/lib/python3.8/dist-packages/ovsdbapp/backend/ovs_idl/__init__.py:104}}
Jul 07 13:45:07 ubuntu neutron-server[117728]: DEBUG ovsdbapp.backend.ovs_idl [None req-a16e5d20-1809-41e9-aba1-8988f148d2b9 None None] Created schema index Connection.target {{(pid=117728) autocreate_indices /usr/local/lib/python3.8/dist-packages/ovsdbapp/backend/ovs_idl/__init__.py:104}}
Jul 07 13:45:07 ubuntu neutron-server[117728]: DEBUG ovsdbapp.backend.ovs_idl [None req-a16e5d20-1809-41e9-aba1-8988f148d2b9 None None] Created schema index Gateway_Chassis.name {{(pid=117728) autocreate_indices /usr/local/lib/python3.8/dist-packages/ovsdbapp/backend/ovs_idl/__init__.py:104}}
Jul 07 13:45:07 ubuntu neutron-server[117512]: DEBUG ovsdbapp.backend.ovs_idl [None req-204212a2-4165-433a-ac64-f2f7adf858fc None None] Created schema index Connection.target {{(pid=117512) autocreate_indices /usr/local/lib/python3.8/dist-packages/ovsdbapp/backend/ovs_idl/__init__.py:104}}
Jul 07 13:45:07 ubuntu neutron-server[117728]: DEBUG ovsdbapp.backend.ovs_idl [None req-a16e5d20-1809-41e9-aba1-8988f148d2b9 None None] Created schema index Logical_Router_Port.name {{(pid=117728) autocreate_indices /usr/local/lib/python3.8/dist-packages/ovsdbapp/backend/ovs_idl/__init__.py:104}}
Jul 07 13:45:07 ubuntu neutron-server[117512]: DEBUG ovsdbapp.backend.ovs_idl [None req-204212a2-4165-433a-ac64-f2f7adf858fc None None] Created schema index Gateway_Chassis.name {{(pid=117512) autocreate_indices /usr/local/lib/python3.8/dist-packages/ovsdbapp/backend/ovs_idl/__init__.py:104}}
Jul 07 13:45:07 ubuntu neutron-server[117728]: DEBUG ovsdbapp.backend.ovs_idl [None req-a16e5d20-1809-41e9-aba1-8988f148d2b9 None None] Created schema index Port_Group.name {{(pid=117728) autocreate_indices /usr/local/lib/python3.8/dist-packages/ovsdbapp/backend/ovs_idl/__init__.py:104}}
Jul 07 13:45:07 ubuntu neutron-server[117512]: DEBUG ovsdbapp.backend.ovs_idl [None req-204212a2-4165-433a-ac64-f2f7adf858fc None None] Created schema index Logical_Router_Port.name {{(pid=117512) autocreate_indices /usr/local/lib/python3.8/dist-packages/ovsdbapp/backend/ovs_idl/__init__.py:104}}
Jul 07 13:45:07 ubuntu neutron-server[117728]: DEBUG ovsdbapp.backend.ovs_idl [None req-a16e5d20-1809-41e9-aba1-8988f148d2b9 None None] Created schema index Logical_Switch_Port.name {{(pid=117728) autocreate_indices /usr/local/lib/python3.8/dist-packages/ovsdbapp/backend/ovs_idl/__init__.py:104}}
Jul 07 13:45:07 ubuntu neutron-server[117512]: DEBUG ovsdbapp.backend.ovs_idl [None req-204212a2-4165-433a-ac64-f2f7adf858fc None None] Created schema index Port_Group.name {{(pid=117512) autocreate_indices /usr/local/lib/python3.8/dist-packages/ovsdbapp/backend/ovs_idl/__init__.py:104}}
Jul 07 13:45:07 ubuntu neutron-server[117512]: DEBUG ovsdbapp.backend.ovs_idl [None req-204212a2-4165-433a-ac64-f2f7adf858fc None None] Created schema index Logical_Switch_Port.name {{(pid=117512) autocreate_indices /usr/local/lib/python3.8/dist-packages/ovsdbapp/backend/ovs_idl/__init__.py:104}}
Jul 07 13:45:07 ubuntu neutron-server[117729]: DEBUG ovsdbapp.backend.ovs_idl [None req-10053393-85b8-4ecc-a0bf-b47b4c45b8c1 None None] Created schema index Connection.target {{(pid=117729) autocreate_indices /usr/local/lib/python3.8/dist-packages/ovsdbapp/backend/ovs_idl/__init__.py:104}}
Jul 07 13:45:07 ubuntu neutron-server[117728]: INFO ovsdbapp.backend.ovs_idl.vlog [None req-a16e5d20-1809-41e9-aba1-8988f148d2b9 None None] tcp:192.168.79.47:6641: connecting...
Jul 07 13:45:07 ubuntu neutron-server[117729]: DEBUG ovsdbapp.backend.ovs_idl [None req-10053393-85b8-4ecc-a0bf-b47b4c45b8c1 None None] Created schema index Gateway_Chassis.name {{(pid=117729) autocreate_indices /usr/local/lib/python3.8/dist-packages/ovsdbapp/backend/ovs_idl/__init__.py:104}}
Jul 07 13:45:07 ubuntu neutron-server[117728]: INFO ovsdbapp.backend.ovs_idl.vlog [None req-a16e5d20-1809-41e9-aba1-8988f148d2b9 None None] tcp:192.168.79.47:6641: connected
Jul 07 13:45:07 ubuntu neutron-server[117729]: DEBUG ovsdbapp.backend.ovs_idl [None req-10053393-85b8-4ecc-a0bf-b47b4c45b8c1 None None] Created schema index Logical_Router_Port.name {{(pid=117729) autocreate_indices /usr/local/lib/python3.8/dist-packages/ovsdbapp/backend/ovs_idl/__init__.py:104}}
Jul 07 13:45:07 ubuntu neutron-server[117729]: DEBUG ovsdbapp.backend.ovs_idl [None req-10053393-85b8-4ecc-a0bf-b47b4c45b8c1 None None] Created schema index Port_Group.name {{(pid=117729) autocreate_indices /usr/local/lib/python3.8/dist-packages/ovsdbapp/backend/ovs_idl/__init__.py:104}}
Jul 07 13:45:07 ubuntu neutron-server[117729]: DEBUG ovsdbapp.backend.ovs_idl [None req-10053393-85b8-4ecc-a0bf-b47b4c45b8c1 None None] Created schema index Logical_Switch_Port.name {{(pid=117729) autocreate_indices /usr/local/lib/python3.8/dist-packages/ovsdbapp/backend/ovs_idl/__init__.py:104}}
Jul 07 13:45:07 ubuntu neutron-server[117729]: INFO ovsdbapp.backend.ovs_idl.vlog [None req-10053393-85b8-4ecc-a0bf-b47b4c45b8c1 None None] tcp:192.168.79.47:6641: connecting...
Jul 07 13:45:07 ubuntu neutron-server[117729]: INFO ovsdbapp.backend.ovs_idl.vlog [None req-10053393-85b8-4ecc-a0bf-b47b4c45b8c1 None None] tcp:192.168.79.47:6641: connected
Jul 07 13:45:07 ubuntu neutron-server[117728]: DEBUG neutron.common.ovn.hash_ring_manager [None req-a16e5d20-1809-41e9-aba1-8988f148d2b9 None None] Allow caching, nodes 2>=2 {{(pid=117728) _wait_startup_before_caching /opt/stack/neutron/neutron/common/ovn/hash_ring_manager.py:60}}
Jul 07 13:45:07 ubuntu neutron-server[117729]: DEBUG neutron.common.ovn.hash_ring_manager [None req-10053393-85b8-4ecc-a0bf-b47b4c45b8c1 None None] Allow caching, nodes 2>=2 {{(pid=117729) _wait_startup_before_caching /opt/stack/neutron/neutron/common/ovn/hash_ring_manager.py:60}}
Jul 07 13:45:07 ubuntu neutron-server[117512]: DEBUG ovsdbapp.backend.ovs_idl [None req-204212a2-4165-433a-ac64-f2f7adf858fc None None] Created lookup_table index Chassis.name {{(pid=117512) autocreate_indices /usr/local/lib/python3.8/dist-packages/ovsdbapp/backend/ovs_idl/__init__.py:85}}
Jul 07 13:45:07 ubuntu neutron-server[117512]: DEBUG ovsdbapp.backend.ovs_idl [None req-204212a2-4165-433a-ac64-f2f7adf858fc None None] Created lookup_table index MAC_Binding.ip {{(pid=117512) autocreate_indices /usr/local/lib/python3.8/dist-packages/ovsdbapp/backend/ovs_idl/__init__.py:85}}
Jul 07 13:45:07 ubuntu neutron-server[117512]: DEBUG ovsdbapp.backend.ovs_idl [None req-204212a2-4165-433a-ac64-f2f7adf858fc None None] Created schema index Meter.name {{(pid=117512) autocreate_indices /usr/local/lib/python3.8/dist-packages/ovsdbapp/backend/ovs_idl/__init__.py:104}}
Jul 07 13:45:07 ubuntu neutron-server[117512]: DEBUG ovsdbapp.backend.ovs_idl [None req-204212a2-4165-433a-ac64-f2f7adf858fc None None] Created schema index Address_Set.name {{(pid=117512) autocreate_indices /usr/local/lib/python3.8/dist-packages/ovsdbapp/backend/ovs_idl/__init__.py:104}}
Jul 07 13:45:07 ubuntu neutron-server[117512]: DEBUG ovsdbapp.backend.ovs_idl [None req-204212a2-4165-433a-ac64-f2f7adf858fc None None] Created schema index HA_Chassis_Group.name {{(pid=117512) autocreate_indices /usr/local/lib/python3.8/dist-packages/ovsdbapp/backend/ovs_idl/__init__.py:104}}
Jul 07 13:45:07 ubuntu neutron-server[117512]: DEBUG ovsdbapp.backend.ovs_idl [None req-204212a2-4165-433a-ac64-f2f7adf858fc None None] Created schema index IP_Multicast.datapath {{(pid=117512) autocreate_indices /usr/local/lib/python3.8/dist-packages/ovsdbapp/backend/ovs_idl/__init__.py:104}}
Jul 07 13:45:07 ubuntu neutron-server[117512]: DEBUG ovsdbapp.backend.ovs_idl [None req-204212a2-4165-433a-ac64-f2f7adf858fc None None] Created schema index Connection.target {{(pid=117512) autocreate_indices /usr/local/lib/python3.8/dist-packages/ovsdbapp/backend/ovs_idl/__init__.py:104}}
Jul 07 13:45:07 ubuntu neutron-server[117512]: DEBUG ovsdbapp.backend.ovs_idl [None req-204212a2-4165-433a-ac64-f2f7adf858fc None None] Created schema index Gateway_Chassis.name {{(pid=117512) autocreate_indices /usr/local/lib/python3.8/dist-packages/ovsdbapp/backend/ovs_idl/__init__.py:104}}
Jul 07 13:45:07 ubuntu neutron-server[117512]: DEBUG ovsdbapp.backend.ovs_idl [None req-204212a2-4165-433a-ac64-f2f7adf858fc None None] Created schema index Port_Group.name {{(pid=117512) autocreate_indices /usr/local/lib/python3.8/dist-packages/ovsdbapp/backend/ovs_idl/__init__.py:104}}
Jul 07 13:45:07 ubuntu neutron-server[117512]: DEBUG ovsdbapp.backend.ovs_idl [None req-204212a2-4165-433a-ac64-f2f7adf858fc None None] Created schema index Datapath_Binding.tunnel_key {{(pid=117512) autocreate_indices /usr/local/lib/python3.8/dist-packages/ovsdbapp/backend/ovs_idl/__init__.py:104}}
Jul 07 13:45:07 ubuntu neutron-server[117729]: DEBUG neutron.plugins.ml2.drivers.ovn.mech_driver.ovsdb.ovsdb_monitor [None req-10053393-85b8-4ecc-a0bf-b47b4c45b8c1 None None] Hash Ring: Node ab063dc0-5ab5-4427-8fa3-9a69b1fe9148 (host: ubuntu) handling event "create" for row 89391b87-46d5-4c0b-8ed4-94e47c9f758a (table: Database) {{(pid=117729) notify /opt/stack/neutron/neutron/plugins/ml2/drivers/ovn/mech_driver/ovsdb/ovsdb_monitor.py:743}}
Jul 07 13:45:07 ubuntu neutron-server[117729]: DEBUG neutron.plugins.ml2.drivers.ovn.mech_driver.ovsdb.ovsdb_monitor [None req-10053393-85b8-4ecc-a0bf-b47b4c45b8c1 None None] Hash Ring: Node ab063dc0-5ab5-4427-8fa3-9a69b1fe9148 (host: ubuntu) handling event "create" for row 45563ae5-898a-48b1-a26c-7eedc04133c6 (table: Database) {{(pid=117729) notify /opt/stack/neutron/neutron/plugins/ml2/drivers/ovn/mech_driver/ovsdb/ovsdb_monitor.py:743}}
Jul 07 13:45:07 ubuntu neutron-server[117728]: DEBUG neutron.plugins.ml2.drivers.ovn.mech_driver.ovsdb.ovsdb_monitor [None req-a16e5d20-1809-41e9-aba1-8988f148d2b9 None None] Hash Ring: Node 72049b28-1251-426f-86ef-c241155cf23e (host: ubuntu) handling event "create" for row ed4638bd-f12a-4f0a-a184-8070017bde24 (table: NB_Global) {{(pid=117728) notify /opt/stack/neutron/neutron/plugins/ml2/drivers/ovn/mech_driver/ovsdb/ovsdb_monitor.py:743}}
Jul 07 13:45:07 ubuntu neutron-server[117728]: DEBUG neutron.plugins.ml2.drivers.ovn.mech_driver.ovsdb.ovsdb_monitor [None req-a16e5d20-1809-41e9-aba1-8988f148d2b9 None None] Hash Ring: Node 72049b28-1251-426f-86ef-c241155cf23e (host: ubuntu) handling event "create" for row 860ff200-02e9-498d-ae34-ea4445d380d3 (table: ACL) {{(pid=117728) notify /opt/stack/neutron/neutron/plugins/ml2/drivers/ovn/mech_driver/ovsdb/ovsdb_monitor.py:743}}
Jul 07 13:45:07 ubuntu neutron-server[117729]: DEBUG neutron.plugins.ml2.drivers.ovn.mech_driver.ovsdb.ovsdb_monitor [None req-10053393-85b8-4ecc-a0bf-b47b4c45b8c1 None None] Hash Ring: Node ab063dc0-5ab5-4427-8fa3-9a69b1fe9148 (host: ubuntu) handling event "create" for row caa4097c-8a9c-4db3-b987-95357245b08a (table: Port_Group) {{(pid=117729) notify /opt/stack/neutron/neutron/plugins/ml2/drivers/ovn/mech_driver/ovsdb/ovsdb_monitor.py:743}}
Jul 07 13:45:07 ubuntu neutron-server[117728]: DEBUG neutron.plugins.ml2.drivers.ovn.mech_driver.ovsdb.ovsdb_monitor [None req-a16e5d20-1809-41e9-aba1-8988f148d2b9 None None] Hash Ring: Node 72049b28-1251-426f-86ef-c241155cf23e (host: ubuntu) handling event "create" for row ab48236b-90cb-4d49-a8e8-6d5bad3c599d (table: ACL) {{(pid=117728) notify /opt/stack/neutron/neutron/plugins/ml2/drivers/ovn/mech_driver/ovsdb/ovsdb_monitor.py:743}}
Jul 07 13:45:07 ubuntu neutron-server[117728]: DEBUG neutron.plugins.ml2.drivers.ovn.mech_driver.ovsdb.ovsdb_monitor [None req-a16e5d20-1809-41e9-aba1-8988f148d2b9 None None] Hash Ring: Node 72049b28-1251-426f-86ef-c241155cf23e (host: ubuntu) handling event "create" for row de353791-c8b0-4ba6-bf70-cb642d95a64f (table: Connection) {{(pid=117728) notify /opt/stack/neutron/neutron/plugins/ml2/drivers/ovn/mech_driver/ovsdb/ovsdb_monitor.py:743}}
Jul 07 13:45:07 ubuntu neutron-server[117728]: INFO neutron.plugins.ml2.drivers.ovn.mech_driver.ovsdb.impl_idl_ovn [None req-a16e5d20-1809-41e9-aba1-8988f148d2b9 None None] Getting OvsdbSbOvnIdl for WorkerService with retry
Jul 07 13:45:07 ubuntu neutron-server[117729]: INFO neutron.plugins.ml2.drivers.ovn.mech_driver.ovsdb.impl_idl_ovn [None req-10053393-85b8-4ecc-a0bf-b47b4c45b8c1 None None] Getting OvsdbSbOvnIdl for WorkerService with retry
Jul 07 13:45:07 ubuntu neutron-server[117729]: DEBUG ovsdbapp.backend.ovs_idl [None req-10053393-85b8-4ecc-a0bf-b47b4c45b8c1 None None] Created lookup_table index Chassis.name {{(pid=117729) autocreate_indices /usr/local/lib/python3.8/dist-packages/ovsdbapp/backend/ovs_idl/__init__.py:85}}
Jul 07 13:45:07 ubuntu neutron-server[117729]: DEBUG ovsdbapp.backend.ovs_idl [None req-10053393-85b8-4ecc-a0bf-b47b4c45b8c1 None None] Created schema index Datapath_Binding.tunnel_key {{(pid=117729) autocreate_indices /usr/local/lib/python3.8/dist-packages/ovsdbapp/backend/ovs_idl/__init__.py:104}}
Jul 07 13:45:07 ubuntu neutron-server[117729]: DEBUG ovsdbapp.backend.ovs_idl [None req-10053393-85b8-4ecc-a0bf-b47b4c45b8c1 None None] Created schema index Connection.target {{(pid=117729) autocreate_indices /usr/local/lib/python3.8/dist-packages/ovsdbapp/backend/ovs_idl/__init__.py:104}}
Jul 07 13:45:07 ubuntu neutron-server[117728]: DEBUG ovsdbapp.backend.ovs_idl [None req-a16e5d20-1809-41e9-aba1-8988f148d2b9 None None] Created lookup_table index Chassis.name {{(pid=117728) autocreate_indices /usr/local/lib/python3.8/dist-packages/ovsdbapp/backend/ovs_idl/__init__.py:85}}
Jul 07 13:45:07 ubuntu neutron-server[117728]: DEBUG ovsdbapp.backend.ovs_idl [None req-a16e5d20-1809-41e9-aba1-8988f148d2b9 None None] Created schema index Datapath_Binding.tunnel_key {{(pid=117728) autocreate_indices /usr/local/lib/python3.8/dist-packages/ovsdbapp/backend/ovs_idl/__init__.py:104}}
Jul 07 13:45:07 ubuntu neutron-server[117728]: DEBUG ovsdbapp.backend.ovs_idl [None req-a16e5d20-1809-41e9-aba1-8988f148d2b9 None None] Created schema index Connection.target {{(pid=117728) autocreate_indices /usr/local/lib/python3.8/dist-packages/ovsdbapp/backend/ovs_idl/__init__.py:104}}
Jul 07 13:45:07 ubuntu neutron-server[117729]: INFO ovsdbapp.backend.ovs_idl.vlog [None req-10053393-85b8-4ecc-a0bf-b47b4c45b8c1 None None] tcp:192.168.79.47:6642: connecting...
Jul 07 13:45:07 ubuntu neutron-server[117728]: INFO ovsdbapp.backend.ovs_idl.vlog [None req-a16e5d20-1809-41e9-aba1-8988f148d2b9 None None] tcp:192.168.79.47:6642: connecting...
Jul 07 13:45:07 ubuntu neutron-server[117729]: INFO ovsdbapp.backend.ovs_idl.vlog [None req-10053393-85b8-4ecc-a0bf-b47b4c45b8c1 None None] tcp:192.168.79.47:6642: connected
Jul 07 13:45:07 ubuntu neutron-server[117728]: INFO ovsdbapp.backend.ovs_idl.vlog [None req-a16e5d20-1809-41e9-aba1-8988f148d2b9 None None] tcp:192.168.79.47:6642: connected
Jul 07 13:45:07 ubuntu neutron-server[117512]: INFO oslo_service.service [None req-204212a2-4165-433a-ac64-f2f7adf858fc None None] Starting 1 workers
Jul 07 13:45:07 ubuntu neutron-server[117512]: DEBUG oslo_service.service [None req-204212a2-4165-433a-ac64-f2f7adf858fc None None] Started child 117731 {{(pid=117512) _start_child /usr/local/lib/python3.8/dist-packages/oslo_service/service.py:575}}
Jul 07 13:45:07 ubuntu neutron-server[117512]: INFO oslo_service.service [None req-204212a2-4165-433a-ac64-f2f7adf858fc None None] Starting 1 workers
Jul 07 13:45:07 ubuntu neutron-server[117512]: DEBUG oslo_service.service [None req-204212a2-4165-433a-ac64-f2f7adf858fc None None] Started child 117732 {{(pid=117512) _start_child /usr/local/lib/python3.8/dist-packages/oslo_service/service.py:575}}
Jul 07 13:45:07 ubuntu neutron-server[117512]: INFO oslo_service.service [None req-204212a2-4165-433a-ac64-f2f7adf858fc None None] Starting 1 workers
Jul 07 13:45:07 ubuntu neutron-server[117731]: DEBUG neutron.service [None req-204212a2-4165-433a-ac64-f2f7adf858fc None None] calling RpcWorker wait() {{(pid=117731) _wait /opt/stack/neutron/neutron/service.py:128}}
Jul 07 13:45:07 ubuntu neutron-server[117731]: DEBUG neutron.service [None req-204212a2-4165-433a-ac64-f2f7adf858fc None None] returning from RpcWorker wait() {{(pid=117731) _wait /opt/stack/neutron/neutron/service.py:135}}
Jul 07 13:45:07 ubuntu neutron-server[117512]: DEBUG oslo_service.service [None req-204212a2-4165-433a-ac64-f2f7adf858fc None None] Started child 117733 {{(pid=117512) _start_child /usr/local/lib/python3.8/dist-packages/oslo_service/service.py:575}}
Jul 07 13:45:07 ubuntu neutron-server[117512]: DEBUG neutron_lib.callbacks.manager [None req-204212a2-4165-433a-ac64-f2f7adf858fc None None] Publish callbacks [] for process (None), after_spawn {{(pid=117512) _notify_loop /usr/local/lib/python3.8/dist-packages/neutron_lib/callbacks/manager.py:176}}
Jul 07 13:45:07 ubuntu neutron-server[117731]: DEBUG neutron_lib.callbacks.manager [-] Publish callbacks ['neutron.plugins.ml2.drivers.ovn.mech_driver.mech_driver.OVNMechanismDriver.post_fork_initialize-1913323'] for process (None), after_init {{(pid=117731) _notify_loop /usr/local/lib/python3.8/dist-packages/neutron_lib/callbacks/manager.py:176}}
Jul 07 13:45:07 ubuntu neutron-server[117512]: DEBUG oslo_service.service [-] Full set of CONF: {{(pid=117512) wait /usr/local/lib/python3.8/dist-packages/oslo_service/service.py:649}}
Jul 07 13:45:07 ubuntu neutron-server[117512]: DEBUG oslo_service.service [-] ******************************************************************************** {{(pid=117512) log_opt_values /usr/local/lib/python3.8/dist-packages/oslo_config/cfg.py:2589}}
Jul 07 13:45:07 ubuntu neutron-server[117512]: DEBUG oslo_service.service [-] Configuration options gathered from: {{(pid=117512) log_opt_values /usr/local/lib/python3.8/dist-packages/oslo_config/cfg.py:2590}}
Jul 07 13:45:07 ubuntu neutron-server[117512]: DEBUG oslo_service.service [-] command line args: ['--config-file', '/etc/neutron/neutron.conf', '--config-file', '/etc/neutron/plugins/ml2/ml2_conf.ini'] {{(pid=117512) log_opt_values /usr/local/lib/python3.8/dist-packages/oslo_config/cfg.py:2591}}
Jul 07 13:45:07 ubuntu neutron-server[117512]: DEBUG oslo_service.service [-] config files: ['/etc/neutron/neutron.conf', '/etc/neutron/plugins/ml2/ml2_conf.ini'] {{(pid=117512) log_opt_values /usr/local/lib/python3.8/dist-packages/oslo_config/cfg.py:2592}}
Jul 07 13:45:07 ubuntu neutron-server[117512]: DEBUG oslo_service.service [-] ================================================================================ {{(pid=117512) log_opt_values /usr/local/lib/python3.8/dist-packages/oslo_config/cfg.py:2594}}
Jul 07 13:45:07 ubuntu neutron-server[117512]: DEBUG oslo_service.service [-] agent_down_time                = 75 {{(pid=117512) log_opt_values /usr/local/lib/python3.8/dist-packages/oslo_config/cfg.py:2602}}
Jul 07 13:45:07 ubuntu neutron-server[117731]: INFO neutron.plugins.ml2.drivers.ovn.mech_driver.ovsdb.impl_idl_ovn [-] Getting OvsdbNbOvnIdl for RpcWorker with retry
Jul 07 13:45:07 ubuntu neutron-server[117512]: DEBUG oslo_service.service [-] allow_automatic_dhcp_failover  = True {{(pid=117512) log_opt_values /usr/local/lib/python3.8/dist-packages/oslo_config/cfg.py:2602}}
Jul 07 13:45:07 ubuntu neutron-server[117512]: DEBUG oslo_service.service [-] allow_bulk                     = True {{(pid=117512) log_opt_values /usr/local/lib/python3.8/dist-packages/oslo_config/cfg.py:2602}}
Jul 07 13:45:07 ubuntu neutron-server[117512]: DEBUG oslo_service.service [-] allowed_conntrack_helpers      = [{'amanda': 'tcp'}, {'ftp': 'tcp'}, {'h323': 'udp'}, {'h323': 'tcp'}, {'irc': 'tcp'}, {'netbios-ns': 'udp'}, {'pptp': 'tcp'}, {'sane': 'tcp'}, {'sip': 'udp'}, {'sip': 'tcp'}, {'snmp': 'udp'}, {'tftp': 'udp'}] {{(pid=117512) log_opt_values /usr/local/lib/python3.8/dist-packages/oslo_config/cfg.py:2602}}
Jul 07 13:45:07 ubuntu neutron-server[117512]: DEBUG oslo_service.service [-] api_extensions_path            =  {{(pid=117512) log_opt_values /usr/local/lib/python3.8/dist-packages/oslo_config/cfg.py:2602}}
Jul 07 13:45:07 ubuntu neutron-server[117512]: DEBUG oslo_service.service [-] api_paste_config               = api-paste.ini {{(pid=117512) log_opt_values /usr/local/lib/python3.8/dist-packages/oslo_config/cfg.py:2602}}
Jul 07 13:45:07 ubuntu neutron-server[117512]: DEBUG oslo_service.service [-] api_workers                    = 2 {{(pid=117512) log_opt_values /usr/local/lib/python3.8/dist-packages/oslo_config/cfg.py:2602}}
Jul 07 13:45:07 ubuntu neutron-server[117512]: DEBUG oslo_service.service [-] auth_strategy                  = keystone {{(pid=117512) log_opt_values /usr/local/lib/python3.8/dist-packages/oslo_config/cfg.py:2602}}
Jul 07 13:45:07 ubuntu neutron-server[117512]: DEBUG oslo_service.service [-] backdoor_port                  = None {{(pid=117512) log_opt_values /usr/local/lib/python3.8/dist-packages/oslo_config/cfg.py:2602}}
Jul 07 13:45:07 ubuntu neutron-server[117512]: DEBUG oslo_service.service [-] backdoor_socket                = None {{(pid=117512) log_opt_values /usr/local/lib/python3.8/dist-packages/oslo_config/cfg.py:2602}}
Jul 07 13:45:07 ubuntu neutron-server[117512]: DEBUG oslo_service.service [-] backlog                        = 4096 {{(pid=117512) log_opt_values /usr/local/lib/python3.8/dist-packages/oslo_config/cfg.py:2602}}
Jul 07 13:45:07 ubuntu neutron-server[117512]: DEBUG oslo_service.service [-] base_mac                       = fa:16:3e:00:00:00 {{(pid=117512) log_opt_values /usr/local/lib/python3.8/dist-packages/oslo_config/cfg.py:2602}}
Jul 07 13:45:07 ubuntu neutron-server[117512]: DEBUG oslo_service.service [-] bind_host                      = 0.0.0.0 {{(pid=117512) log_opt_values /usr/local/lib/python3.8/dist-packages/oslo_config/cfg.py:2602}}
Jul 07 13:45:07 ubuntu neutron-server[117512]: DEBUG oslo_service.service [-] bind_port                      = 9696 {{(pid=117512) log_opt_values /usr/local/lib/python3.8/dist-packages/oslo_config/cfg.py:2602}}
Jul 07 13:45:07 ubuntu neutron-server[117512]: DEBUG oslo_service.service [-] client_socket_timeout          = 900 {{(pid=117512) log_opt_values /usr/local/lib/python3.8/dist-packages/oslo_config/cfg.py:2602}}
