Jun 07 16:10:59 ubuntu devstack@g-api.service[137619]: DEBUG glance_store.backend [None req-de4634e5-6f35-465d-9be6-4db11d936c92 admin admin] Attempting to import store swift {{(pid=137619) _load_store /usr/local/lib/python3.8/dist-packages/glance_store/backend.py:217}}
Jun 07 16:10:59 ubuntu devstack@g-api.service[137619]: DEBUG glance_store.capabilities [None req-de4634e5-6f35-465d-9be6-4db11d936c92 admin admin] Store glance_store._drivers.swift.store.SingleTenantStore doesn't support updating dynamic storage capabilities. Please overwrite 'update_capabilities' method of the store to implement updating logics if needed. {{(pid=137619) update_capabilities /usr/local/lib/python3.8/dist-packages/glance_store/capabilities.py:91}}
Jun 07 16:10:59 ubuntu devstack@g-api.service[137619]: DEBUG glance_store.driver [None req-de4634e5-6f35-465d-9be6-4db11d936c92 admin admin] Late loading location class glance_store._drivers.swift.store.StoreLocation {{(pid=137619) get_store_location_class /usr/local/lib/python3.8/dist-packages/glance_store/driver.py:117}}
Jun 07 16:10:59 ubuntu devstack@g-api.service[137619]: DEBUG glance_store.location [None req-de4634e5-6f35-465d-9be6-4db11d936c92 admin admin] Registering scheme swift+https with {'store': <glance_store._drivers.swift.store.SingleTenantStore object at 0x7f920ac7d9a0>, 'location_class': <class 'glance_store._drivers.swift.store.StoreLocation'>, 'store_entry': 'swift'} {{(pid=137619) register_scheme_map /usr/local/lib/python3.8/dist-packages/glance_store/location.py:146}}
Jun 07 16:10:59 ubuntu devstack@g-api.service[137619]: DEBUG glance_store.location [None req-de4634e5-6f35-465d-9be6-4db11d936c92 admin admin] Registering scheme swift+https with {'store': <glance_store._drivers.swift.store.SingleTenantStore object at 0x7f920ac7d9a0>, 'location_class': <class 'glance_store._drivers.swift.store.StoreLocation'>, 'store_entry': 'swift'} {{(pid=137619) register_scheme_map /usr/local/lib/python3.8/dist-packages/glance_store/location.py:146}}
Jun 07 16:10:59 ubuntu devstack@g-api.service[137619]: DEBUG glance_store.location [None req-de4634e5-6f35-465d-9be6-4db11d936c92 admin admin] Registering scheme swift with {'store': <glance_store._drivers.swift.store.SingleTenantStore object at 0x7f920ac7d9a0>, 'location_class': <class 'glance_store._drivers.swift.store.StoreLocation'>, 'store_entry': 'swift'} {{(pid=137619) register_scheme_map /usr/local/lib/python3.8/dist-packages/glance_store/location.py:146}}
Jun 07 16:10:59 ubuntu devstack@g-api.service[137619]: DEBUG glance_store.location [None req-de4634e5-6f35-465d-9be6-4db11d936c92 admin admin] Registering scheme swift+https with {'store': <glance_store._drivers.swift.store.SingleTenantStore object at 0x7f920ac7d9a0>, 'location_class': <class 'glance_store._drivers.swift.store.StoreLocation'>, 'store_entry': 'swift'} {{(pid=137619) register_scheme_map /usr/local/lib/python3.8/dist-packages/glance_store/location.py:146}}
Jun 07 16:10:59 ubuntu devstack@g-api.service[137619]: DEBUG glance_store.location [None req-de4634e5-6f35-465d-9be6-4db11d936c92 admin admin] Registering scheme swift with {'store': <glance_store._drivers.swift.store.SingleTenantStore object at 0x7f920ac7d9a0>, 'location_class': <class 'glance_store._drivers.swift.store.StoreLocation'>, 'store_entry': 'swift'} {{(pid=137619) register_scheme_map /usr/local/lib/python3.8/dist-packages/glance_store/location.py:146}}
Jun 07 16:10:59 ubuntu devstack@g-api.service[137619]: DEBUG glance_store.location [None req-de4634e5-6f35-465d-9be6-4db11d936c92 admin admin] Registering scheme swift+http with {'store': <glance_store._drivers.swift.store.SingleTenantStore object at 0x7f920ac7d9a0>, 'location_class': <class 'glance_store._drivers.swift.store.StoreLocation'>, 'store_entry': 'swift'} {{(pid=137619) register_scheme_map /usr/local/lib/python3.8/dist-packages/glance_store/location.py:146}}
Jun 07 16:10:59 ubuntu devstack@g-api.service[137619]: DEBUG glance_store.location [None req-de4634e5-6f35-465d-9be6-4db11d936c92 admin admin] Registering scheme swift+https with {'store': <glance_store._drivers.swift.store.SingleTenantStore object at 0x7f920ac7d9a0>, 'location_class': <class 'glance_store._drivers.swift.store.StoreLocation'>, 'store_entry': 'swift'} {{(pid=137619) register_scheme_map /usr/local/lib/python3.8/dist-packages/glance_store/location.py:146}}
Jun 07 16:10:59 ubuntu devstack@g-api.service[137619]: DEBUG glance_store.location [None req-de4634e5-6f35-465d-9be6-4db11d936c92 admin admin] Registering scheme swift with {'store': <glance_store._drivers.swift.store.SingleTenantStore object at 0x7f920ac7d9a0>, 'location_class': <class 'glance_store._drivers.swift.store.StoreLocation'>, 'store_entry': 'swift'} {{(pid=137619) register_scheme_map /usr/local/lib/python3.8/dist-packages/glance_store/location.py:146}}
Jun 07 16:10:59 ubuntu devstack@g-api.service[137619]: DEBUG glance_store.location [None req-de4634e5-6f35-465d-9be6-4db11d936c92 admin admin] Registering scheme swift+http with {'store': <glance_store._drivers.swift.store.SingleTenantStore object at 0x7f920ac7d9a0>, 'location_class': <class 'glance_store._drivers.swift.store.StoreLocation'>, 'store_entry': 'swift'} {{(pid=137619) register_scheme_map /usr/local/lib/python3.8/dist-packages/glance_store/location.py:146}}
Jun 07 16:10:59 ubuntu devstack@g-api.service[137619]: DEBUG glance_store.location [None req-de4634e5-6f35-465d-9be6-4db11d936c92 admin admin] Registering scheme swift+config with {'store': <glance_store._drivers.swift.store.SingleTenantStore object at 0x7f920ac7d9a0>, 'location_class': <class 'glance_store._drivers.swift.store.StoreLocation'>, 'store_entry': 'swift'} {{(pid=137619) register_scheme_map /usr/local/lib/python3.8/dist-packages/glance_store/location.py:146}}
Jun 07 16:10:59 ubuntu devstack@g-api.service[137619]: DEBUG glance_store.backend [None req-de4634e5-6f35-465d-9be6-4db11d936c92 admin admin] Skipping store.set_acls... not implemented. {{(pid=137619) set_acls /usr/local/lib/python3.8/dist-packages/glance_store/backend.py:509}}
Jun 07 16:10:59 ubuntu devstack@g-api.service[137619]: [pid: 137619|app: 0|req: 3/4] 127.0.0.1 () {40 vars in 862 bytes} [Tue Jun  7 16:10:57 2022] PUT /v2/images/63faa5db-073f-49e8-9222-c11baacaac93/file => generated 0 bytes in 2218 msecs (HTTP/1.1 204) 4 headers in 171 bytes (1 switches on core 0)
Jun 07 16:11:07 ubuntu devstack@g-api.service[137620]: DEBUG dbcounter [-] [137620] Writing DB stats glance:SELECT=9,glance:INSERT=5 {{(pid=137620) stat_writer /usr/local/lib/python3.8/dist-packages/dbcounter.py:114}}
Jun 07 16:11:09 ubuntu devstack@g-api.service[137619]: DEBUG dbcounter [-] [137619] Writing DB stats glance:SELECT=28,glance:UPDATE=2,glance:INSERT=1 {{(pid=137619) stat_writer /usr/local/lib/python3.8/dist-packages/dbcounter.py:114}}
Jun 07 16:11:51 ubuntu devstack@g-api.service[137620]: DEBUG glance.api.middleware.version_negotiation [None req-ca129a42-ddb4-4a95-bd28-3271e3b32607 admin admin] Determining version of request: GET / Accept: application/json {{(pid=137620) process_request /opt/stack/glance/glance/api/middleware/version_negotiation.py:44}}
Jun 07 16:11:51 ubuntu devstack@g-api.service[137620]: DEBUG glance.api.middleware.version_negotiation [None req-ca129a42-ddb4-4a95-bd28-3271e3b32607 admin admin] Using url versioning {{(pid=137620) process_request /opt/stack/glance/glance/api/middleware/version_negotiation.py:57}}
Jun 07 16:11:51 ubuntu devstack@g-api.service[137620]: DEBUG glance.api.middleware.version_negotiation [None req-ca129a42-ddb4-4a95-bd28-3271e3b32607 admin admin] Unknown version. Returning version choices. {{(pid=137620) process_request /opt/stack/glance/glance/api/middleware/version_negotiation.py:64}}
Jun 07 16:11:51 ubuntu devstack@g-api.service[137620]: [pid: 137620|app: 0|req: 2/5] 127.0.0.1 () {34 vars in 506 bytes} [Tue Jun  7 16:11:51 2022] GET / => generated 1323 bytes in 9 msecs (HTTP/1.1 300) 3 headers in 106 bytes (1 switches on core 0)
Jun 07 16:11:51 ubuntu devstack@g-api.service[137619]: DEBUG glance.api.middleware.version_negotiation [None req-de4634e5-6f35-465d-9be6-4db11d936c92 admin admin] Determining version of request: GET /v2/images Accept: application/json {{(pid=137619) process_request /opt/stack/glance/glance/api/middleware/version_negotiation.py:44}}
Jun 07 16:11:51 ubuntu devstack@g-api.service[137619]: DEBUG glance.api.middleware.version_negotiation [None req-de4634e5-6f35-465d-9be6-4db11d936c92 admin admin] Using url versioning {{(pid=137619) process_request /opt/stack/glance/glance/api/middleware/version_negotiation.py:57}}
Jun 07 16:11:51 ubuntu devstack@g-api.service[137619]: DEBUG glance.api.middleware.version_negotiation [None req-de4634e5-6f35-465d-9be6-4db11d936c92 admin admin] Matched version: v2 {{(pid=137619) process_request /opt/stack/glance/glance/api/middleware/version_negotiation.py:69}}
Jun 07 16:11:51 ubuntu devstack@g-api.service[137619]: DEBUG glance.api.middleware.version_negotiation [None req-de4634e5-6f35-465d-9be6-4db11d936c92 admin admin] new path /v2/images {{(pid=137619) process_request /opt/stack/glance/glance/api/middleware/version_negotiation.py:70}}
Jun 07 16:11:51 ubuntu devstack@g-api.service[137619]: [pid: 137619|app: 0|req: 4/6] 127.0.0.1 () {36 vars in 728 bytes} [Tue Jun  7 16:11:51 2022] GET /v2/images => generated 1045 bytes in 118 msecs (HTTP/1.1 200) 4 headers in 158 bytes (1 switches on core 0)
Jun 07 16:11:58 ubuntu devstack@g-api.service[137620]: DEBUG glance.api.middleware.version_negotiation [None req-ca129a42-ddb4-4a95-bd28-3271e3b32607 admin admin] Determining version of request: GET / Accept: application/json {{(pid=137620) process_request /opt/stack/glance/glance/api/middleware/version_negotiation.py:44}}
Jun 07 16:11:58 ubuntu devstack@g-api.service[137620]: DEBUG glance.api.middleware.version_negotiation [None req-ca129a42-ddb4-4a95-bd28-3271e3b32607 admin admin] Using url versioning {{(pid=137620) process_request /opt/stack/glance/glance/api/middleware/version_negotiation.py:57}}
Jun 07 16:11:58 ubuntu devstack@g-api.service[137620]: DEBUG glance.api.middleware.version_negotiation [None req-ca129a42-ddb4-4a95-bd28-3271e3b32607 admin admin] Unknown version. Returning version choices. {{(pid=137620) process_request /opt/stack/glance/glance/api/middleware/version_negotiation.py:64}}
Jun 07 16:11:58 ubuntu devstack@g-api.service[137620]: [pid: 137620|app: 0|req: 3/7] 127.0.0.1 () {34 vars in 506 bytes} [Tue Jun  7 16:11:58 2022] GET / => generated 1323 bytes in 4 msecs (HTTP/1.1 300) 3 headers in 106 bytes (1 switches on core 0)
Jun 07 16:11:58 ubuntu devstack@g-api.service[137619]: DEBUG glance.api.middleware.version_negotiation [None req-7d414f4d-8943-4552-818e-f5bf9ecddebe admin admin] Determining version of request: GET /v2/images/63faa5db-073f-49e8-9222-c11baacaac93 Accept: */* {{(pid=137619) process_request /opt/stack/glance/glance/api/middleware/version_negotiation.py:44}}
Jun 07 16:11:58 ubuntu devstack@g-api.service[137619]: DEBUG glance.api.middleware.version_negotiation [None req-7d414f4d-8943-4552-818e-f5bf9ecddebe admin admin] Using url versioning {{(pid=137619) process_request /opt/stack/glance/glance/api/middleware/version_negotiation.py:57}}
Jun 07 16:11:58 ubuntu devstack@g-api.service[137619]: DEBUG glance.api.middleware.version_negotiation [None req-7d414f4d-8943-4552-818e-f5bf9ecddebe admin admin] Matched version: v2 {{(pid=137619) process_request /opt/stack/glance/glance/api/middleware/version_negotiation.py:69}}
Jun 07 16:11:58 ubuntu devstack@g-api.service[137619]: DEBUG glance.api.middleware.version_negotiation [None req-7d414f4d-8943-4552-818e-f5bf9ecddebe admin admin] new path /v2/images/63faa5db-073f-49e8-9222-c11baacaac93 {{(pid=137619) process_request /opt/stack/glance/glance/api/middleware/version_negotiation.py:70}}
Jun 07 16:11:58 ubuntu devstack@g-api.service[137619]: [pid: 137619|app: 0|req: 5/8] 127.0.0.1 () {36 vars in 789 bytes} [Tue Jun  7 16:11:58 2022] GET /v2/images/63faa5db-073f-49e8-9222-c11baacaac93 => generated 976 bytes in 61 msecs (HTTP/1.1 200) 4 headers in 157 bytes (1 switches on core 0)
Jun 07 16:12:01 ubuntu devstack@g-api.service[137620]: DEBUG glance.api.middleware.version_negotiation [None req-ca129a42-ddb4-4a95-bd28-3271e3b32607 admin admin] Determining version of request: GET / Accept: application/json {{(pid=137620) process_request /opt/stack/glance/glance/api/middleware/version_negotiation.py:44}}
Jun 07 16:12:01 ubuntu devstack@g-api.service[137620]: DEBUG glance.api.middleware.version_negotiation [None req-ca129a42-ddb4-4a95-bd28-3271e3b32607 admin admin] Using url versioning {{(pid=137620) process_request /opt/stack/glance/glance/api/middleware/version_negotiation.py:57}}
Jun 07 16:12:01 ubuntu devstack@g-api.service[137620]: DEBUG glance.api.middleware.version_negotiation [None req-ca129a42-ddb4-4a95-bd28-3271e3b32607 admin admin] Unknown version. Returning version choices. {{(pid=137620) process_request /opt/stack/glance/glance/api/middleware/version_negotiation.py:64}}
Jun 07 16:12:01 ubuntu devstack@g-api.service[137620]: [pid: 137620|app: 0|req: 4/9] 127.0.0.1 () {34 vars in 506 bytes} [Tue Jun  7 16:12:01 2022] GET / => generated 1323 bytes in 4 msecs (HTTP/1.1 300) 3 headers in 106 bytes (1 switches on core 0)
Jun 07 16:12:01 ubuntu devstack@g-api.service[137619]: DEBUG glance.api.middleware.version_negotiation [None req-c53d3ee1-22b9-49ce-929b-5d4c2e42b432 admin admin] Determining version of request: GET /v2/images/63faa5db-073f-49e8-9222-c11baacaac93 Accept: */* {{(pid=137619) process_request /opt/stack/glance/glance/api/middleware/version_negotiation.py:44}}
Jun 07 16:12:01 ubuntu devstack@g-api.service[137619]: DEBUG glance.api.middleware.version_negotiation [None req-c53d3ee1-22b9-49ce-929b-5d4c2e42b432 admin admin] Using url versioning {{(pid=137619) process_request /opt/stack/glance/glance/api/middleware/version_negotiation.py:57}}
Jun 07 16:12:01 ubuntu devstack@g-api.service[137619]: DEBUG glance.api.middleware.version_negotiation [None req-c53d3ee1-22b9-49ce-929b-5d4c2e42b432 admin admin] Matched version: v2 {{(pid=137619) process_request /opt/stack/glance/glance/api/middleware/version_negotiation.py:69}}
Jun 07 16:12:01 ubuntu devstack@g-api.service[137619]: DEBUG glance.api.middleware.version_negotiation [None req-c53d3ee1-22b9-49ce-929b-5d4c2e42b432 admin admin] new path /v2/images/63faa5db-073f-49e8-9222-c11baacaac93 {{(pid=137619) process_request /opt/stack/glance/glance/api/middleware/version_negotiation.py:70}}
Jun 07 16:12:01 ubuntu devstack@g-api.service[137619]: [pid: 137619|app: 0|req: 6/10] 127.0.0.1 () {36 vars in 789 bytes} [Tue Jun  7 16:12:01 2022] GET /v2/images/63faa5db-073f-49e8-9222-c11baacaac93 => generated 976 bytes in 54 msecs (HTTP/1.1 200) 4 headers in 157 bytes (1 switches on core 0)
Jun 07 16:12:11 ubuntu devstack@g-api.service[137619]: DEBUG dbcounter [-] [137619] Writing DB stats glance:SELECT=10 {{(pid=137619) stat_writer /usr/local/lib/python3.8/dist-packages/dbcounter.py:114}}
Jun 07 16:14:39 ubuntu devstack@g-api.service[137620]: DEBUG glance.api.middleware.version_negotiation [None req-ca129a42-ddb4-4a95-bd28-3271e3b32607 admin admin] Determining version of request: GET /v1 Accept: application/json {{(pid=137620) process_request /opt/stack/glance/glance/api/middleware/version_negotiation.py:44}}
Jun 07 16:14:39 ubuntu devstack@g-api.service[137620]: DEBUG glance.api.middleware.version_negotiation [None req-ca129a42-ddb4-4a95-bd28-3271e3b32607 admin admin] Using url versioning {{(pid=137620) process_request /opt/stack/glance/glance/api/middleware/version_negotiation.py:57}}
Jun 07 16:14:39 ubuntu devstack@g-api.service[137620]: DEBUG glance.api.middleware.version_negotiation [None req-ca129a42-ddb4-4a95-bd28-3271e3b32607 admin admin] Unknown version. Returning version choices. {{(pid=137620) process_request /opt/stack/glance/glance/api/middleware/version_negotiation.py:64}}
Jun 07 16:14:39 ubuntu devstack@g-api.service[137620]: [pid: 137620|app: 0|req: 5/11] 127.0.0.1 () {38 vars in 685 bytes} [Tue Jun  7 16:14:39 2022] GET /v1 => generated 1323 bytes in 6 msecs (HTTP/1.1 300) 3 headers in 106 bytes (1 switches on core 0)
Jun 07 16:15:32 ubuntu devstack@g-api.service[137619]: DEBUG oslo_concurrency.lockutils [-] Acquired lock "glance-cache" {{(pid=137619) lock /usr/local/lib/python3.8/dist-packages/oslo_concurrency/lockutils.py:294}}
Jun 07 16:15:32 ubuntu devstack@g-api.service[137619]: DEBUG oslo_concurrency.lockutils [-] Acquired external semaphore "glance-cache" {{(pid=137619) lock /usr/local/lib/python3.8/dist-packages/oslo_concurrency/lockutils.py:302}}
Jun 07 16:15:32 ubuntu devstack@g-api.service[137619]: DEBUG glance.image_cache.prefetcher [-] Nothing to prefetch. {{(pid=137619) run /opt/stack/glance/glance/image_cache/prefetcher.py:79}}
Jun 07 16:15:32 ubuntu devstack@g-api.service[137619]: DEBUG oslo_concurrency.lockutils [-] Releasing lock "glance-cache" {{(pid=137619) lock /usr/local/lib/python3.8/dist-packages/oslo_concurrency/lockutils.py:312}}
Jun 07 16:15:32 ubuntu devstack@g-api.service[137620]: DEBUG oslo_concurrency.lockutils [-] Acquired lock "glance-cache" {{(pid=137620) lock /usr/local/lib/python3.8/dist-packages/oslo_concurrency/lockutils.py:294}}
Jun 07 16:15:32 ubuntu devstack@g-api.service[137620]: DEBUG oslo_concurrency.lockutils [-] Acquired external semaphore "glance-cache" {{(pid=137620) lock /usr/local/lib/python3.8/dist-packages/oslo_concurrency/lockutils.py:302}}
Jun 07 16:15:32 ubuntu devstack@g-api.service[137620]: DEBUG glance.image_cache.prefetcher [-] Nothing to prefetch. {{(pid=137620) run /opt/stack/glance/glance/image_cache/prefetcher.py:79}}
Jun 07 16:15:32 ubuntu devstack@g-api.service[137620]: DEBUG oslo_concurrency.lockutils [-] Releasing lock "glance-cache" {{(pid=137620) lock /usr/local/lib/python3.8/dist-packages/oslo_concurrency/lockutils.py:312}}
