Jun 07 16:09:10 ubuntu neutron-server[124692]: DEBUG neutron.api.extensions [None req-c7f210e2-2918-40c3-a189-0ccdce3b9755 None None] Loading extension file: trunk_details.py {{(pid=124692) _load_all_extensions_from_path /opt/stack/neutron/neutron/api/extensions.py:450}}
Jun 07 16:09:10 ubuntu neutron-server[124692]: DEBUG neutron.api.extensions [None req-c7f210e2-2918-40c3-a189-0ccdce3b9755 None None] Ext name="Trunk port details" alias="trunk-details" description="Expose trunk port details" updated="2016-01-01T10:00:00-00:00" {{(pid=124692) _check_extension /opt/stack/neutron/neutron/api/extensions.py:416}}
Jun 07 16:09:10 ubuntu neutron-server[124692]: INFO neutron.api.extensions [None req-c7f210e2-2918-40c3-a189-0ccdce3b9755 None None] Extension trunk-details not supported by any of loaded plugins
Jun 07 16:09:10 ubuntu neutron-server[124692]: DEBUG neutron.api.extensions [None req-c7f210e2-2918-40c3-a189-0ccdce3b9755 None None] Loading extension file: uplink_status_propagation.py {{(pid=124692) _load_all_extensions_from_path /opt/stack/neutron/neutron/api/extensions.py:450}}
Jun 07 16:09:10 ubuntu neutron-server[124692]: DEBUG neutron.api.extensions [None req-c7f210e2-2918-40c3-a189-0ccdce3b9755 None None] Ext name="Uplink status propagation extension" alias="uplink-status-propagation" description="Provides ability to propagate port uplink status." updated="2018-05-31T18:00:00-00:00" {{(pid=124692) _check_extension /opt/stack/neutron/neutron/api/extensions.py:416}}
Jun 07 16:09:10 ubuntu neutron-server[124692]: INFO neutron.api.extensions [None req-c7f210e2-2918-40c3-a189-0ccdce3b9755 None None] Extension uplink-status-propagation not supported by any of loaded plugins
Jun 07 16:09:10 ubuntu neutron-server[124692]: DEBUG neutron.api.extensions [None req-c7f210e2-2918-40c3-a189-0ccdce3b9755 None None] Loading extension file: vlantransparent.py {{(pid=124692) _load_all_extensions_from_path /opt/stack/neutron/neutron/api/extensions.py:450}}
Jun 07 16:09:10 ubuntu neutron-server[124692]: DEBUG neutron.api.extensions [None req-c7f210e2-2918-40c3-a189-0ccdce3b9755 None None] Ext name="Vlantransparent" alias="vlan-transparent" description="Provides Vlan Transparent Networks" updated="2015-03-23T09:00:00-00:00" {{(pid=124692) _check_extension /opt/stack/neutron/neutron/api/extensions.py:416}}
Jun 07 16:09:10 ubuntu neutron-server[124692]: INFO neutron.api.extensions [None req-c7f210e2-2918-40c3-a189-0ccdce3b9755 None None] Extension vlan-transparent not supported by any of loaded plugins
Jun 07 16:09:10 ubuntu neutron-server[124692]: INFO neutron.quota.resource_registry [None req-c7f210e2-2918-40c3-a189-0ccdce3b9755 None None] Creating instance of TrackedResource for resource:network
Jun 07 16:09:10 ubuntu neutron-server[124692]: INFO neutron.quota.resource_registry [None req-c7f210e2-2918-40c3-a189-0ccdce3b9755 None None] Creating instance of TrackedResource for resource:subnet
Jun 07 16:09:10 ubuntu neutron-server[124692]: INFO neutron.quota.resource_registry [None req-c7f210e2-2918-40c3-a189-0ccdce3b9755 None None] Creating instance of TrackedResource for resource:subnetpool
Jun 07 16:09:10 ubuntu neutron-server[124692]: INFO neutron.quota.resource_registry [None req-c7f210e2-2918-40c3-a189-0ccdce3b9755 None None] Creating instance of TrackedResource for resource:port
Jun 07 16:09:10 ubuntu neutron-server[124692]: DEBUG neutron.api.v2.resource_helper [None req-c7f210e2-2918-40c3-a189-0ccdce3b9755 None None] Service FLAVORS assigned prefix:  {{(pid=124692) build_resource_info /opt/stack/neutron/neutron/api/v2/resource_helper.py:77}}
Jun 07 16:09:10 ubuntu neutron-server[124692]: DEBUG neutron.api.v2.resource_helper [None req-c7f210e2-2918-40c3-a189-0ccdce3b9755 None None] Service L3_ROUTER_NAT assigned prefix:  {{(pid=124692) build_resource_info /opt/stack/neutron/neutron/api/v2/resource_helper.py:77}}
Jun 07 16:09:10 ubuntu neutron-server[124692]: DEBUG neutron.api.v2.resource_helper [None req-c7f210e2-2918-40c3-a189-0ccdce3b9755 None None] Service L3_ROUTER_NAT assigned prefix:  {{(pid=124692) build_resource_info /opt/stack/neutron/neutron/api/v2/resource_helper.py:77}}
Jun 07 16:09:10 ubuntu neutron-server[124692]: INFO neutron.quota.resource_registry [None req-c7f210e2-2918-40c3-a189-0ccdce3b9755 None None] Creating instance of TrackedResource for resource:router
Jun 07 16:09:10 ubuntu neutron-server[124692]: INFO neutron.quota.resource_registry [None req-c7f210e2-2918-40c3-a189-0ccdce3b9755 None None] Creating instance of TrackedResource for resource:floatingip
Jun 07 16:09:10 ubuntu neutron-server[124692]: DEBUG neutron_lib.callbacks.manager [None req-c7f210e2-2918-40c3-a189-0ccdce3b9755 None None] Subscribe: <bound method NeutronDbPluginV2.validate_network_rbac_policy_change of <neutron.services.network_ip_availability.plugin.NetworkIPAvailabilityPlugin object at 0x7fe4065e6370>> rbac-policy before_create 55550000 {{(pid=124692) subscribe /usr/local/lib/python3.8/dist-packages/neutron_lib/callbacks/manager.py:45}}
Jun 07 16:09:10 ubuntu neutron-server[124692]: DEBUG neutron_lib.callbacks.manager [None req-c7f210e2-2918-40c3-a189-0ccdce3b9755 None None] Subscribe: <bound method NeutronDbPluginV2.validate_network_rbac_policy_change of <neutron.services.network_ip_availability.plugin.NetworkIPAvailabilityPlugin object at 0x7fe4065e6370>> rbac-policy before_update 55550000 {{(pid=124692) subscribe /usr/local/lib/python3.8/dist-packages/neutron_lib/callbacks/manager.py:45}}
Jun 07 16:09:10 ubuntu neutron-server[124692]: DEBUG neutron_lib.callbacks.manager [None req-c7f210e2-2918-40c3-a189-0ccdce3b9755 None None] Subscribe: <bound method NeutronDbPluginV2.validate_network_rbac_policy_change of <neutron.services.network_ip_availability.plugin.NetworkIPAvailabilityPlugin object at 0x7fe4065e6370>> rbac-policy before_delete 55550000 {{(pid=124692) subscribe /usr/local/lib/python3.8/dist-packages/neutron_lib/callbacks/manager.py:45}}
Jun 07 16:09:10 ubuntu neutron-server[124692]: INFO neutron.quota.resource_registry [None req-c7f210e2-2918-40c3-a189-0ccdce3b9755 None None] Creating instance of CountableResource for resource:rbac_policy
Jun 07 16:09:10 ubuntu neutron-server[124692]: INFO neutron.quota.resource_registry [None req-c7f210e2-2918-40c3-a189-0ccdce3b9755 None None] Creating instance of TrackedResource for resource:security_group
Jun 07 16:09:10 ubuntu neutron-server[124692]: INFO neutron.quota.resource_registry [None req-c7f210e2-2918-40c3-a189-0ccdce3b9755 None None] Creating instance of TrackedResource for resource:security_group_rule
Jun 07 16:09:10 ubuntu neutron-server[124692]: DEBUG neutron.api.v2.resource_helper [None req-c7f210e2-2918-40c3-a189-0ccdce3b9755 None None] Service FLAVORS assigned prefix:  {{(pid=124692) build_resource_info /opt/stack/neutron/neutron/api/v2/resource_helper.py:77}}
Jun 07 16:09:10 ubuntu neutron-server[124692]: DEBUG neutron.api.v2.resource_helper [None req-c7f210e2-2918-40c3-a189-0ccdce3b9755 None None] Service L3_ROUTER_NAT assigned prefix:  {{(pid=124692) build_resource_info /opt/stack/neutron/neutron/api/v2/resource_helper.py:77}}
Jun 07 16:09:10 ubuntu neutron-server[124692]: DEBUG neutron.api.v2.resource_helper [None req-c7f210e2-2918-40c3-a189-0ccdce3b9755 None None] Service L3_ROUTER_NAT assigned prefix:  {{(pid=124692) build_resource_info /opt/stack/neutron/neutron/api/v2/resource_helper.py:77}}
Jun 07 16:09:10 ubuntu neutron-server[124692]: INFO neutron.quota.resource_registry [None req-c7f210e2-2918-40c3-a189-0ccdce3b9755 None None] Creating instance of TrackedResource for resource:router
Jun 07 16:09:10 ubuntu neutron-server[124692]: WARNING neutron.quota.resource_registry [None req-c7f210e2-2918-40c3-a189-0ccdce3b9755 None None] router is already registered
Jun 07 16:09:10 ubuntu neutron-server[124692]: INFO neutron.quota.resource_registry [None req-c7f210e2-2918-40c3-a189-0ccdce3b9755 None None] Creating instance of TrackedResource for resource:floatingip
Jun 07 16:09:10 ubuntu neutron-server[124692]: WARNING neutron.quota.resource_registry [None req-c7f210e2-2918-40c3-a189-0ccdce3b9755 None None] floatingip is already registered
Jun 07 16:09:10 ubuntu neutron-server[124692]: INFO neutron.quota.resource_registry [None req-c7f210e2-2918-40c3-a189-0ccdce3b9755 None None] Creating instance of CountableResource for resource:rbac_policy
Jun 07 16:09:10 ubuntu neutron-server[124692]: WARNING neutron.quota.resource_registry [None req-c7f210e2-2918-40c3-a189-0ccdce3b9755 None None] rbac_policy is already registered
Jun 07 16:09:10 ubuntu neutron-server[124692]: INFO neutron.quota.resource_registry [None req-c7f210e2-2918-40c3-a189-0ccdce3b9755 None None] Creating instance of TrackedResource for resource:security_group
Jun 07 16:09:10 ubuntu neutron-server[124692]: WARNING neutron.quota.resource_registry [None req-c7f210e2-2918-40c3-a189-0ccdce3b9755 None None] security_group is already registered
Jun 07 16:09:10 ubuntu neutron-server[124692]: INFO neutron.quota.resource_registry [None req-c7f210e2-2918-40c3-a189-0ccdce3b9755 None None] Creating instance of TrackedResource for resource:security_group_rule
Jun 07 16:09:10 ubuntu neutron-server[124692]: WARNING neutron.quota.resource_registry [None req-c7f210e2-2918-40c3-a189-0ccdce3b9755 None None] security_group_rule is already registered
Jun 07 16:09:10 ubuntu neutron-server[124692]: DEBUG neutron.api.extensions [None req-c7f210e2-2918-40c3-a189-0ccdce3b9755 None None] Extended resource: extensions {{(pid=124692) __init__ /opt/stack/neutron/neutron/api/extensions.py:157}}
Jun 07 16:09:10 ubuntu neutron-server[124692]: DEBUG neutron.api.extensions [None req-c7f210e2-2918-40c3-a189-0ccdce3b9755 None None] Extended resource: address-groups {{(pid=124692) __init__ /opt/stack/neutron/neutron/api/extensions.py:157}}
Jun 07 16:09:10 ubuntu neutron-server[124692]: DEBUG neutron.api.extensions [None req-c7f210e2-2918-40c3-a189-0ccdce3b9755 None None] Extended resource: address-scopes {{(pid=124692) __init__ /opt/stack/neutron/neutron/api/extensions.py:157}}
Jun 07 16:09:10 ubuntu neutron-server[124692]: DEBUG neutron.api.extensions [None req-c7f210e2-2918-40c3-a189-0ccdce3b9755 None None] Extended resource: agents {{(pid=124692) __init__ /opt/stack/neutron/neutron/api/extensions.py:157}}
Jun 07 16:09:10 ubuntu neutron-server[124692]: DEBUG neutron.api.extensions [None req-c7f210e2-2918-40c3-a189-0ccdce3b9755 None None] Extended resource: auto-allocated-topology {{(pid=124692) __init__ /opt/stack/neutron/neutron/api/extensions.py:157}}
Jun 07 16:09:10 ubuntu neutron-server[124692]: DEBUG neutron.api.extensions [None req-c7f210e2-2918-40c3-a189-0ccdce3b9755 None None] Extended resource: availability_zones {{(pid=124692) __init__ /opt/stack/neutron/neutron/api/extensions.py:157}}
Jun 07 16:09:10 ubuntu neutron-server[124692]: DEBUG neutron.api.extensions [None req-c7f210e2-2918-40c3-a189-0ccdce3b9755 None None] Extended resource: flavors {{(pid=124692) __init__ /opt/stack/neutron/neutron/api/extensions.py:157}}
Jun 07 16:09:10 ubuntu neutron-server[124692]: DEBUG neutron.api.extensions [None req-c7f210e2-2918-40c3-a189-0ccdce3b9755 None None] Extended resource: service_profiles {{(pid=124692) __init__ /opt/stack/neutron/neutron/api/extensions.py:157}}
Jun 07 16:09:10 ubuntu neutron-server[124692]: DEBUG neutron.api.extensions [None req-c7f210e2-2918-40c3-a189-0ccdce3b9755 None None] Extended resource: next_providers {{(pid=124692) __init__ /opt/stack/neutron/neutron/api/extensions.py:157}}
Jun 07 16:09:10 ubuntu neutron-server[124692]: DEBUG neutron.api.extensions [None req-c7f210e2-2918-40c3-a189-0ccdce3b9755 None None] Extended resource: service_profiles {{(pid=124692) __init__ /opt/stack/neutron/neutron/api/extensions.py:157}}
Jun 07 16:09:10 ubuntu neutron-server[124692]: DEBUG neutron.api.extensions [None req-c7f210e2-2918-40c3-a189-0ccdce3b9755 None None] Extended resource: floatingip-pools {{(pid=124692) __init__ /opt/stack/neutron/neutron/api/extensions.py:157}}
Jun 07 16:09:10 ubuntu neutron-server[124692]: DEBUG neutron.api.extensions [None req-c7f210e2-2918-40c3-a189-0ccdce3b9755 None None] Extended resource: routers {{(pid=124692) __init__ /opt/stack/neutron/neutron/api/extensions.py:157}}
Jun 07 16:09:10 ubuntu neutron-server[124692]: DEBUG neutron.api.extensions [None req-c7f210e2-2918-40c3-a189-0ccdce3b9755 None None] Extended resource: floatingips {{(pid=124692) __init__ /opt/stack/neutron/neutron/api/extensions.py:157}}
Jun 07 16:09:10 ubuntu neutron-server[124692]: DEBUG neutron.api.extensions [None req-c7f210e2-2918-40c3-a189-0ccdce3b9755 None None] Extended resource: network-ip-availabilities {{(pid=124692) __init__ /opt/stack/neutron/neutron/api/extensions.py:157}}
Jun 07 16:09:10 ubuntu neutron-server[124692]: DEBUG neutron.api.extensions [None req-c7f210e2-2918-40c3-a189-0ccdce3b9755 None None] Extended resource: bindings {{(pid=124692) __init__ /opt/stack/neutron/neutron/api/extensions.py:157}}
Jun 07 16:09:10 ubuntu neutron-server[124692]: DEBUG neutron.api.extensions [None req-c7f210e2-2918-40c3-a189-0ccdce3b9755 None None] Extended resource: quotas {{(pid=124692) __init__ /opt/stack/neutron/neutron/api/extensions.py:157}}
Jun 07 16:09:10 ubuntu neutron-server[124692]: DEBUG neutron.api.extensions [None req-c7f210e2-2918-40c3-a189-0ccdce3b9755 None None] Extended resource: quotas {{(pid=124692) __init__ /opt/stack/neutron/neutron/api/extensions.py:157}}
Jun 07 16:09:10 ubuntu neutron-server[124692]: DEBUG neutron.api.extensions [None req-c7f210e2-2918-40c3-a189-0ccdce3b9755 None None] Extended resource: rbac-policies {{(pid=124692) __init__ /opt/stack/neutron/neutron/api/extensions.py:157}}
Jun 07 16:09:10 ubuntu neutron-server[124692]: DEBUG neutron.api.extensions [None req-c7f210e2-2918-40c3-a189-0ccdce3b9755 None None] Extended resource: security-groups {{(pid=124692) __init__ /opt/stack/neutron/neutron/api/extensions.py:157}}
Jun 07 16:09:10 ubuntu neutron-server[124692]: DEBUG neutron.api.extensions [None req-c7f210e2-2918-40c3-a189-0ccdce3b9755 None None] Extended resource: security-group-rules {{(pid=124692) __init__ /opt/stack/neutron/neutron/api/extensions.py:157}}
Jun 07 16:09:10 ubuntu neutron-server[124692]: DEBUG neutron.api.extensions [None req-c7f210e2-2918-40c3-a189-0ccdce3b9755 None None] Extended resource: service-providers {{(pid=124692) __init__ /opt/stack/neutron/neutron/api/extensions.py:157}}
Jun 07 16:09:10 ubuntu neutron-server[124692]: DEBUG neutron.api.extensions [None req-c7f210e2-2918-40c3-a189-0ccdce3b9755 None None] Extended resource: tags {{(pid=124692) __init__ /opt/stack/neutron/neutron/api/extensions.py:157}}
Jun 07 16:09:10 ubuntu neutron-server[124692]: DEBUG neutron.api.extensions [None req-c7f210e2-2918-40c3-a189-0ccdce3b9755 None None] Extended resource: tags {{(pid=124692) __init__ /opt/stack/neutron/neutron/api/extensions.py:157}}
Jun 07 16:09:10 ubuntu neutron-server[124692]: DEBUG neutron.api.extensions [None req-c7f210e2-2918-40c3-a189-0ccdce3b9755 None None] Extended resource: tags {{(pid=124692) __init__ /opt/stack/neutron/neutron/api/extensions.py:157}}
Jun 07 16:09:10 ubuntu neutron-server[124692]: DEBUG neutron.api.extensions [None req-c7f210e2-2918-40c3-a189-0ccdce3b9755 None None] Extended resource: tags {{(pid=124692) __init__ /opt/stack/neutron/neutron/api/extensions.py:157}}
Jun 07 16:09:10 ubuntu neutron-server[124692]: DEBUG neutron.api.extensions [None req-c7f210e2-2918-40c3-a189-0ccdce3b9755 None None] Extended resource: tags {{(pid=124692) __init__ /opt/stack/neutron/neutron/api/extensions.py:157}}
Jun 07 16:09:10 ubuntu neutron-server[124692]: DEBUG neutron.api.extensions [None req-c7f210e2-2918-40c3-a189-0ccdce3b9755 None None] Extended resource: tags {{(pid=124692) __init__ /opt/stack/neutron/neutron/api/extensions.py:157}}
Jun 07 16:09:10 ubuntu neutron-server[124692]: DEBUG neutron.api.extensions [None req-c7f210e2-2918-40c3-a189-0ccdce3b9755 None None] Extended resource: tags {{(pid=124692) __init__ /opt/stack/neutron/neutron/api/extensions.py:157}}
Jun 07 16:09:10 ubuntu neutron-server[124692]: DEBUG neutron.api.extensions [None req-c7f210e2-2918-40c3-a189-0ccdce3b9755 None None] Extended resource: tags {{(pid=124692) __init__ /opt/stack/neutron/neutron/api/extensions.py:157}}
Jun 07 16:09:10 ubuntu neutron-server[124692]: DEBUG neutron.api.extensions [None req-c7f210e2-2918-40c3-a189-0ccdce3b9755 None None] Extended resource: tags {{(pid=124692) __init__ /opt/stack/neutron/neutron/api/extensions.py:157}}
Jun 07 16:09:10 ubuntu neutron-server[124692]: DEBUG neutron.api.extensions [None req-c7f210e2-2918-40c3-a189-0ccdce3b9755 None None] Extended resource: tags {{(pid=124692) __init__ /opt/stack/neutron/neutron/api/extensions.py:157}}
Jun 07 16:09:10 ubuntu neutron-server[124692]: WARNING keystonemiddleware.auth_token [None req-c7f210e2-2918-40c3-a189-0ccdce3b9755 None None] AuthToken middleware is set with keystone_authtoken.service_token_roles_required set to False. This is backwards compatible but deprecated behaviour. Please set this to True.
Jun 07 16:09:10 ubuntu neutron-server[124692]: WARNING keystonemiddleware.auth_token [None req-c7f210e2-2918-40c3-a189-0ccdce3b9755 None None] Configuring www_authenticate_uri to point to the public identity endpoint is required; clients may not be able to authenticate against an admin endpoint
Jun 07 16:09:10 ubuntu neutron-server[124692]: DEBUG oslo_concurrency.lockutils [None req-c7f210e2-2918-40c3-a189-0ccdce3b9755 None None] Acquired lock "singleton_lock" {{(pid=124692) lock /usr/local/lib/python3.8/dist-packages/oslo_concurrency/lockutils.py:294}}
Jun 07 16:09:10 ubuntu neutron-server[124692]: DEBUG oslo_concurrency.lockutils [None req-c7f210e2-2918-40c3-a189-0ccdce3b9755 None None] Releasing lock "singleton_lock" {{(pid=124692) lock /usr/local/lib/python3.8/dist-packages/oslo_concurrency/lockutils.py:312}}
Jun 07 16:09:10 ubuntu neutron-server[124692]: INFO oslo_service.service [None req-c7f210e2-2918-40c3-a189-0ccdce3b9755 None None] Starting 2 workers
Jun 07 16:09:10 ubuntu neutron-server[124692]: DEBUG oslo_service.service [None req-c7f210e2-2918-40c3-a189-0ccdce3b9755 None None] Started child 124903 {{(pid=124692) _start_child /usr/local/lib/python3.8/dist-packages/oslo_service/service.py:575}}
Jun 07 16:09:10 ubuntu neutron-server[124692]: DEBUG oslo_service.service [None req-c7f210e2-2918-40c3-a189-0ccdce3b9755 None None] Started child 124904 {{(pid=124692) _start_child /usr/local/lib/python3.8/dist-packages/oslo_service/service.py:575}}
Jun 07 16:09:10 ubuntu neutron-server[124692]: INFO neutron.service [None req-c7f210e2-2918-40c3-a189-0ccdce3b9755 None None] Neutron service started, listening on 0.0.0.0:9696
Jun 07 16:09:10 ubuntu neutron-server[124692]: DEBUG neutron_lib.callbacks.manager [None req-c7f210e2-2918-40c3-a189-0ccdce3b9755 None None] Publish callbacks ['neutron.plugins.ml2.drivers.ovn.mech_driver.mech_driver.OVNMechanismDriver.pre_fork_initialize-856988'] for process (None), before_spawn {{(pid=124692) _notify_loop /usr/local/lib/python3.8/dist-packages/neutron_lib/callbacks/manager.py:176}}
Jun 07 16:09:10 ubuntu neutron-server[124903]: DEBUG neutron_lib.callbacks.manager [-] Publish callbacks ['neutron.plugins.ml2.drivers.ovn.mech_driver.mech_driver.OVNMechanismDriver.post_fork_initialize-857016'] for process (None), after_init {{(pid=124903) _notify_loop /usr/local/lib/python3.8/dist-packages/neutron_lib/callbacks/manager.py:176}}
Jun 07 16:09:10 ubuntu neutron-server[124904]: DEBUG neutron_lib.callbacks.manager [-] Publish callbacks ['neutron.plugins.ml2.drivers.ovn.mech_driver.mech_driver.OVNMechanismDriver.post_fork_initialize-857016'] for process (None), after_init {{(pid=124904) _notify_loop /usr/local/lib/python3.8/dist-packages/neutron_lib/callbacks/manager.py:176}}
Jun 07 16:09:10 ubuntu neutron-server[124903]: DEBUG dbcounter [-] [124903] Writer thread running {{(pid=124903) stat_writer /usr/local/lib/python3.8/dist-packages/dbcounter.py:99}}
Jun 07 16:09:10 ubuntu neutron-server[124904]: DEBUG dbcounter [-] [124904] Writer thread running {{(pid=124904) stat_writer /usr/local/lib/python3.8/dist-packages/dbcounter.py:99}}
Jun 07 16:09:10 ubuntu neutron-server[124692]: DEBUG ovsdbapp.backend.ovs_idl [None req-c7f210e2-2918-40c3-a189-0ccdce3b9755 None None] Created schema index Port_Group.name {{(pid=124692) autocreate_indices /usr/local/lib/python3.8/dist-packages/ovsdbapp/backend/ovs_idl/__init__.py:104}}
Jun 07 16:09:10 ubuntu neutron-server[124692]: DEBUG ovsdbapp.backend.ovs_idl [None req-c7f210e2-2918-40c3-a189-0ccdce3b9755 None None] Created schema index Logical_Switch_Port.name {{(pid=124692) autocreate_indices /usr/local/lib/python3.8/dist-packages/ovsdbapp/backend/ovs_idl/__init__.py:104}}
Jun 07 16:09:10 ubuntu neutron-server[124692]: DEBUG ovsdbapp.backend.ovs_idl.transaction [-] Running txn n=1 command(idx=0): PgAddCommand(name=neutron_pg_drop, may_exist=True, columns={'acls': []}) {{(pid=124692) do_commit /usr/local/lib/python3.8/dist-packages/ovsdbapp/backend/ovs_idl/transaction.py:90}}
Jun 07 16:09:10 ubuntu neutron-server[124692]: DEBUG ovsdbapp.backend.ovs_idl.transaction [-] Running txn n=1 command(idx=1): PgAclAddCommand(entity=neutron_pg_drop, direction=from-lport, priority=1001, match=inport == @neutron_pg_drop && ip, action=drop, log=False, may_exist=True, severity=[], name=[], meter=None, external_ids={}) {{(pid=124692) do_commit /usr/local/lib/python3.8/dist-packages/ovsdbapp/backend/ovs_idl/transaction.py:90}}
Jun 07 16:09:10 ubuntu neutron-server[124692]: DEBUG ovsdbapp.backend.ovs_idl.transaction [-] Running txn n=1 command(idx=2): PgAclAddCommand(entity=neutron_pg_drop, direction=to-lport, priority=1001, match=outport == @neutron_pg_drop && ip, action=drop, log=False, may_exist=True, severity=[], name=[], meter=None, external_ids={}) {{(pid=124692) do_commit /usr/local/lib/python3.8/dist-packages/ovsdbapp/backend/ovs_idl/transaction.py:90}}
Jun 07 16:09:10 ubuntu neutron-server[124692]: DEBUG ovsdbapp.backend.ovs_idl.event [-] Matched CREATE: NeutronPgDropPortGroupCreated(events=('create',), table='Port_Group', conditions=(('name', '=', 'neutron_pg_drop'),), old_conditions=None), priority=10 to row=Port_Group(name=neutron_pg_drop, ports=[], external_ids={}, acls=[<ovs.db.idl.Row object at 0x7fe405f654c0>, <ovs.db.idl.Row object at 0x7fe405f650a0>]) old= {{(pid=124692) matches /usr/local/lib/python3.8/dist-packages/ovsdbapp/backend/ovs_idl/event.py:43}}
Jun 07 16:09:10 ubuntu neutron-server[124692]: DEBUG ovsdbapp.backend.ovs_idl [None req-c7f210e2-2918-40c3-a189-0ccdce3b9755 None None] Created lookup_table index Logical_Switch.name {{(pid=124692) autocreate_indices /usr/local/lib/python3.8/dist-packages/ovsdbapp/backend/ovs_idl/__init__.py:85}}
Jun 07 16:09:10 ubuntu neutron-server[124692]: DEBUG ovsdbapp.backend.ovs_idl [None req-c7f210e2-2918-40c3-a189-0ccdce3b9755 None None] Created lookup_table index Logical_Router.name {{(pid=124692) autocreate_indices /usr/local/lib/python3.8/dist-packages/ovsdbapp/backend/ovs_idl/__init__.py:85}}
Jun 07 16:09:10 ubuntu neutron-server[124692]: DEBUG ovsdbapp.backend.ovs_idl [None req-c7f210e2-2918-40c3-a189-0ccdce3b9755 None None] Created lookup_table index Load_Balancer.name {{(pid=124692) autocreate_indices /usr/local/lib/python3.8/dist-packages/ovsdbapp/backend/ovs_idl/__init__.py:85}}
Jun 07 16:09:10 ubuntu neutron-server[124692]: DEBUG ovsdbapp.backend.ovs_idl [None req-c7f210e2-2918-40c3-a189-0ccdce3b9755 None None] Created schema index Meter.name {{(pid=124692) autocreate_indices /usr/local/lib/python3.8/dist-packages/ovsdbapp/backend/ovs_idl/__init__.py:104}}
Jun 07 16:09:10 ubuntu neutron-server[124692]: DEBUG ovsdbapp.backend.ovs_idl [None req-c7f210e2-2918-40c3-a189-0ccdce3b9755 None None] Created schema index Address_Set.name {{(pid=124692) autocreate_indices /usr/local/lib/python3.8/dist-packages/ovsdbapp/backend/ovs_idl/__init__.py:104}}
Jun 07 16:09:10 ubuntu neutron-server[124692]: DEBUG ovsdbapp.backend.ovs_idl [None req-c7f210e2-2918-40c3-a189-0ccdce3b9755 None None] Created schema index HA_Chassis_Group.name {{(pid=124692) autocreate_indices /usr/local/lib/python3.8/dist-packages/ovsdbapp/backend/ovs_idl/__init__.py:104}}
Jun 07 16:09:10 ubuntu neutron-server[124692]: DEBUG ovsdbapp.backend.ovs_idl [None req-c7f210e2-2918-40c3-a189-0ccdce3b9755 None None] Created schema index Connection.target {{(pid=124692) autocreate_indices /usr/local/lib/python3.8/dist-packages/ovsdbapp/backend/ovs_idl/__init__.py:104}}
Jun 07 16:09:10 ubuntu neutron-server[124692]: DEBUG ovsdbapp.backend.ovs_idl [None req-c7f210e2-2918-40c3-a189-0ccdce3b9755 None None] Created schema index Gateway_Chassis.name {{(pid=124692) autocreate_indices /usr/local/lib/python3.8/dist-packages/ovsdbapp/backend/ovs_idl/__init__.py:104}}
Jun 07 16:09:10 ubuntu neutron-server[124692]: DEBUG ovsdbapp.backend.ovs_idl [None req-c7f210e2-2918-40c3-a189-0ccdce3b9755 None None] Created schema index Logical_Router_Port.name {{(pid=124692) autocreate_indices /usr/local/lib/python3.8/dist-packages/ovsdbapp/backend/ovs_idl/__init__.py:104}}
Jun 07 16:09:10 ubuntu neutron-server[124692]: DEBUG ovsdbapp.backend.ovs_idl [None req-c7f210e2-2918-40c3-a189-0ccdce3b9755 None None] Created schema index Port_Group.name {{(pid=124692) autocreate_indices /usr/local/lib/python3.8/dist-packages/ovsdbapp/backend/ovs_idl/__init__.py:104}}
Jun 07 16:09:10 ubuntu neutron-server[124692]: DEBUG ovsdbapp.backend.ovs_idl [None req-c7f210e2-2918-40c3-a189-0ccdce3b9755 None None] Created schema index Logical_Switch_Port.name {{(pid=124692) autocreate_indices /usr/local/lib/python3.8/dist-packages/ovsdbapp/backend/ovs_idl/__init__.py:104}}
Jun 07 16:09:10 ubuntu neutron-server[124903]: INFO neutron.plugins.ml2.drivers.ovn.mech_driver.ovsdb.impl_idl_ovn [None req-0b0e862a-8991-44b8-90b3-d2929be7291b None None] Getting OvsdbNbOvnIdl for WorkerService with retry
Jun 07 16:09:10 ubuntu neutron-server[124904]: INFO neutron.plugins.ml2.drivers.ovn.mech_driver.ovsdb.impl_idl_ovn [None req-d73a6a4d-3042-4801-8f10-b430a8b29019 None None] Getting OvsdbNbOvnIdl for WorkerService with retry
Jun 07 16:09:10 ubuntu neutron-server[124692]: DEBUG ovsdbapp.backend.ovs_idl [None req-c7f210e2-2918-40c3-a189-0ccdce3b9755 None None] Created lookup_table index Chassis.name {{(pid=124692) autocreate_indices /usr/local/lib/python3.8/dist-packages/ovsdbapp/backend/ovs_idl/__init__.py:85}}
Jun 07 16:09:10 ubuntu neutron-server[124692]: DEBUG ovsdbapp.backend.ovs_idl [None req-c7f210e2-2918-40c3-a189-0ccdce3b9755 None None] Created lookup_table index MAC_Binding.ip {{(pid=124692) autocreate_indices /usr/local/lib/python3.8/dist-packages/ovsdbapp/backend/ovs_idl/__init__.py:85}}
Jun 07 16:09:10 ubuntu neutron-server[124903]: DEBUG ovsdbapp.backend.ovs_idl [None req-0b0e862a-8991-44b8-90b3-d2929be7291b None None] Created lookup_table index Logical_Switch.name {{(pid=124903) autocreate_indices /usr/local/lib/python3.8/dist-packages/ovsdbapp/backend/ovs_idl/__init__.py:85}}
Jun 07 16:09:10 ubuntu neutron-server[124903]: DEBUG ovsdbapp.backend.ovs_idl [None req-0b0e862a-8991-44b8-90b3-d2929be7291b None None] Created lookup_table index Logical_Router.name {{(pid=124903) autocreate_indices /usr/local/lib/python3.8/dist-packages/ovsdbapp/backend/ovs_idl/__init__.py:85}}
Jun 07 16:09:10 ubuntu neutron-server[124903]: DEBUG ovsdbapp.backend.ovs_idl [None req-0b0e862a-8991-44b8-90b3-d2929be7291b None None] Created lookup_table index Load_Balancer.name {{(pid=124903) autocreate_indices /usr/local/lib/python3.8/dist-packages/ovsdbapp/backend/ovs_idl/__init__.py:85}}
Jun 07 16:09:10 ubuntu neutron-server[124903]: DEBUG ovsdbapp.backend.ovs_idl [None req-0b0e862a-8991-44b8-90b3-d2929be7291b None None] Created schema index Meter.name {{(pid=124903) autocreate_indices /usr/local/lib/python3.8/dist-packages/ovsdbapp/backend/ovs_idl/__init__.py:104}}
Jun 07 16:09:10 ubuntu neutron-server[124904]: DEBUG ovsdbapp.backend.ovs_idl [None req-d73a6a4d-3042-4801-8f10-b430a8b29019 None None] Created lookup_table index Logical_Switch.name {{(pid=124904) autocreate_indices /usr/local/lib/python3.8/dist-packages/ovsdbapp/backend/ovs_idl/__init__.py:85}}
Jun 07 16:09:10 ubuntu neutron-server[124903]: DEBUG ovsdbapp.backend.ovs_idl [None req-0b0e862a-8991-44b8-90b3-d2929be7291b None None] Created schema index Address_Set.name {{(pid=124903) autocreate_indices /usr/local/lib/python3.8/dist-packages/ovsdbapp/backend/ovs_idl/__init__.py:104}}
Jun 07 16:09:10 ubuntu neutron-server[124904]: DEBUG ovsdbapp.backend.ovs_idl [None req-d73a6a4d-3042-4801-8f10-b430a8b29019 None None] Created lookup_table index Logical_Router.name {{(pid=124904) autocreate_indices /usr/local/lib/python3.8/dist-packages/ovsdbapp/backend/ovs_idl/__init__.py:85}}
Jun 07 16:09:10 ubuntu neutron-server[124903]: DEBUG ovsdbapp.backend.ovs_idl [None req-0b0e862a-8991-44b8-90b3-d2929be7291b None None] Created schema index HA_Chassis_Group.name {{(pid=124903) autocreate_indices /usr/local/lib/python3.8/dist-packages/ovsdbapp/backend/ovs_idl/__init__.py:104}}
Jun 07 16:09:10 ubuntu neutron-server[124904]: DEBUG ovsdbapp.backend.ovs_idl [None req-d73a6a4d-3042-4801-8f10-b430a8b29019 None None] Created lookup_table index Load_Balancer.name {{(pid=124904) autocreate_indices /usr/local/lib/python3.8/dist-packages/ovsdbapp/backend/ovs_idl/__init__.py:85}}
Jun 07 16:09:10 ubuntu neutron-server[124903]: DEBUG ovsdbapp.backend.ovs_idl [None req-0b0e862a-8991-44b8-90b3-d2929be7291b None None] Created schema index Connection.target {{(pid=124903) autocreate_indices /usr/local/lib/python3.8/dist-packages/ovsdbapp/backend/ovs_idl/__init__.py:104}}
Jun 07 16:09:10 ubuntu neutron-server[124692]: DEBUG ovsdbapp.backend.ovs_idl [None req-c7f210e2-2918-40c3-a189-0ccdce3b9755 None None] Created schema index Meter.name {{(pid=124692) autocreate_indices /usr/local/lib/python3.8/dist-packages/ovsdbapp/backend/ovs_idl/__init__.py:104}}
Jun 07 16:09:10 ubuntu neutron-server[124904]: DEBUG ovsdbapp.backend.ovs_idl [None req-d73a6a4d-3042-4801-8f10-b430a8b29019 None None] Created schema index Meter.name {{(pid=124904) autocreate_indices /usr/local/lib/python3.8/dist-packages/ovsdbapp/backend/ovs_idl/__init__.py:104}}
Jun 07 16:09:10 ubuntu neutron-server[124903]: DEBUG ovsdbapp.backend.ovs_idl [None req-0b0e862a-8991-44b8-90b3-d2929be7291b None None] Created schema index Gateway_Chassis.name {{(pid=124903) autocreate_indices /usr/local/lib/python3.8/dist-packages/ovsdbapp/backend/ovs_idl/__init__.py:104}}
Jun 07 16:09:10 ubuntu neutron-server[124903]: DEBUG ovsdbapp.backend.ovs_idl [None req-0b0e862a-8991-44b8-90b3-d2929be7291b None None] Created schema index Logical_Router_Port.name {{(pid=124903) autocreate_indices /usr/local/lib/python3.8/dist-packages/ovsdbapp/backend/ovs_idl/__init__.py:104}}
Jun 07 16:09:10 ubuntu neutron-server[124904]: DEBUG ovsdbapp.backend.ovs_idl [None req-d73a6a4d-3042-4801-8f10-b430a8b29019 None None] Created schema index Address_Set.name {{(pid=124904) autocreate_indices /usr/local/lib/python3.8/dist-packages/ovsdbapp/backend/ovs_idl/__init__.py:104}}
Jun 07 16:09:10 ubuntu neutron-server[124903]: DEBUG ovsdbapp.backend.ovs_idl [None req-0b0e862a-8991-44b8-90b3-d2929be7291b None None] Created schema index Port_Group.name {{(pid=124903) autocreate_indices /usr/local/lib/python3.8/dist-packages/ovsdbapp/backend/ovs_idl/__init__.py:104}}
Jun 07 16:09:10 ubuntu neutron-server[124904]: DEBUG ovsdbapp.backend.ovs_idl [None req-d73a6a4d-3042-4801-8f10-b430a8b29019 None None] Created schema index HA_Chassis_Group.name {{(pid=124904) autocreate_indices /usr/local/lib/python3.8/dist-packages/ovsdbapp/backend/ovs_idl/__init__.py:104}}
Jun 07 16:09:10 ubuntu neutron-server[124904]: DEBUG ovsdbapp.backend.ovs_idl [None req-d73a6a4d-3042-4801-8f10-b430a8b29019 None None] Created schema index Connection.target {{(pid=124904) autocreate_indices /usr/local/lib/python3.8/dist-packages/ovsdbapp/backend/ovs_idl/__init__.py:104}}
Jun 07 16:09:10 ubuntu neutron-server[124903]: DEBUG ovsdbapp.backend.ovs_idl [None req-0b0e862a-8991-44b8-90b3-d2929be7291b None None] Created schema index Logical_Switch_Port.name {{(pid=124903) autocreate_indices /usr/local/lib/python3.8/dist-packages/ovsdbapp/backend/ovs_idl/__init__.py:104}}
Jun 07 16:09:10 ubuntu neutron-server[124904]: DEBUG ovsdbapp.backend.ovs_idl [None req-d73a6a4d-3042-4801-8f10-b430a8b29019 None None] Created schema index Gateway_Chassis.name {{(pid=124904) autocreate_indices /usr/local/lib/python3.8/dist-packages/ovsdbapp/backend/ovs_idl/__init__.py:104}}
Jun 07 16:09:10 ubuntu neutron-server[124904]: DEBUG ovsdbapp.backend.ovs_idl [None req-d73a6a4d-3042-4801-8f10-b430a8b29019 None None] Created schema index Logical_Router_Port.name {{(pid=124904) autocreate_indices /usr/local/lib/python3.8/dist-packages/ovsdbapp/backend/ovs_idl/__init__.py:104}}
Jun 07 16:09:10 ubuntu neutron-server[124903]: INFO ovsdbapp.backend.ovs_idl.vlog [None req-0b0e862a-8991-44b8-90b3-d2929be7291b None None] tcp:192.168.79.49:6641: connecting...
Jun 07 16:09:10 ubuntu neutron-server[124904]: DEBUG ovsdbapp.backend.ovs_idl [None req-d73a6a4d-3042-4801-8f10-b430a8b29019 None None] Created schema index Port_Group.name {{(pid=124904) autocreate_indices /usr/local/lib/python3.8/dist-packages/ovsdbapp/backend/ovs_idl/__init__.py:104}}
Jun 07 16:09:10 ubuntu neutron-server[124904]: DEBUG ovsdbapp.backend.ovs_idl [None req-d73a6a4d-3042-4801-8f10-b430a8b29019 None None] Created schema index Logical_Switch_Port.name {{(pid=124904) autocreate_indices /usr/local/lib/python3.8/dist-packages/ovsdbapp/backend/ovs_idl/__init__.py:104}}
Jun 07 16:09:10 ubuntu neutron-server[124903]: INFO ovsdbapp.backend.ovs_idl.vlog [None req-0b0e862a-8991-44b8-90b3-d2929be7291b None None] tcp:192.168.79.49:6641: connected
Jun 07 16:09:10 ubuntu neutron-server[124904]: INFO ovsdbapp.backend.ovs_idl.vlog [None req-d73a6a4d-3042-4801-8f10-b430a8b29019 None None] tcp:192.168.79.49:6641: connecting...
Jun 07 16:09:10 ubuntu neutron-server[124692]: DEBUG ovsdbapp.backend.ovs_idl [None req-c7f210e2-2918-40c3-a189-0ccdce3b9755 None None] Created schema index Address_Set.name {{(pid=124692) autocreate_indices /usr/local/lib/python3.8/dist-packages/ovsdbapp/backend/ovs_idl/__init__.py:104}}
Jun 07 16:09:10 ubuntu neutron-server[124904]: INFO ovsdbapp.backend.ovs_idl.vlog [None req-d73a6a4d-3042-4801-8f10-b430a8b29019 None None] tcp:192.168.79.49:6641: connected
Jun 07 16:09:10 ubuntu neutron-server[124692]: DEBUG ovsdbapp.backend.ovs_idl [None req-c7f210e2-2918-40c3-a189-0ccdce3b9755 None None] Created schema index HA_Chassis_Group.name {{(pid=124692) autocreate_indices /usr/local/lib/python3.8/dist-packages/ovsdbapp/backend/ovs_idl/__init__.py:104}}
Jun 07 16:09:10 ubuntu neutron-server[124692]: DEBUG ovsdbapp.backend.ovs_idl [None req-c7f210e2-2918-40c3-a189-0ccdce3b9755 None None] Created schema index IP_Multicast.datapath {{(pid=124692) autocreate_indices /usr/local/lib/python3.8/dist-packages/ovsdbapp/backend/ovs_idl/__init__.py:104}}
Jun 07 16:09:10 ubuntu neutron-server[124692]: DEBUG ovsdbapp.backend.ovs_idl [None req-c7f210e2-2918-40c3-a189-0ccdce3b9755 None None] Created schema index Connection.target {{(pid=124692) autocreate_indices /usr/local/lib/python3.8/dist-packages/ovsdbapp/backend/ovs_idl/__init__.py:104}}
Jun 07 16:09:10 ubuntu neutron-server[124692]: DEBUG ovsdbapp.backend.ovs_idl [None req-c7f210e2-2918-40c3-a189-0ccdce3b9755 None None] Created schema index Gateway_Chassis.name {{(pid=124692) autocreate_indices /usr/local/lib/python3.8/dist-packages/ovsdbapp/backend/ovs_idl/__init__.py:104}}
Jun 07 16:09:10 ubuntu neutron-server[124692]: DEBUG ovsdbapp.backend.ovs_idl [None req-c7f210e2-2918-40c3-a189-0ccdce3b9755 None None] Created schema index Port_Group.name {{(pid=124692) autocreate_indices /usr/local/lib/python3.8/dist-packages/ovsdbapp/backend/ovs_idl/__init__.py:104}}
Jun 07 16:09:10 ubuntu neutron-server[124692]: DEBUG ovsdbapp.backend.ovs_idl [None req-c7f210e2-2918-40c3-a189-0ccdce3b9755 None None] Created schema index Datapath_Binding.tunnel_key {{(pid=124692) autocreate_indices /usr/local/lib/python3.8/dist-packages/ovsdbapp/backend/ovs_idl/__init__.py:104}}
Jun 07 16:09:10 ubuntu neutron-server[124903]: DEBUG neutron.common.ovn.hash_ring_manager [None req-0b0e862a-8991-44b8-90b3-d2929be7291b None None] Allow caching, nodes 2>=2 {{(pid=124903) _wait_startup_before_caching /opt/stack/neutron/neutron/common/ovn/hash_ring_manager.py:60}}
Jun 07 16:09:10 ubuntu neutron-server[124904]: DEBUG neutron.common.ovn.hash_ring_manager [None req-d73a6a4d-3042-4801-8f10-b430a8b29019 None None] Allow caching, nodes 2>=2 {{(pid=124904) _wait_startup_before_caching /opt/stack/neutron/neutron/common/ovn/hash_ring_manager.py:60}}
Jun 07 16:09:10 ubuntu neutron-server[124692]: INFO oslo_service.service [None req-c7f210e2-2918-40c3-a189-0ccdce3b9755 None None] Starting 1 workers
Jun 07 16:09:10 ubuntu neutron-server[124904]: DEBUG neutron.plugins.ml2.drivers.ovn.mech_driver.ovsdb.ovsdb_monitor [None req-d73a6a4d-3042-4801-8f10-b430a8b29019 None None] Hash Ring: Node 4c15332e-a17e-42bc-adaf-32a857641598 (host: ubuntu) handling event "create" for row 57a064c0-607c-4e71-beee-c1bd1fa45fe4 (table: Database) {{(pid=124904) notify /opt/stack/neutron/neutron/plugins/ml2/drivers/ovn/mech_driver/ovsdb/ovsdb_monitor.py:739}}
Jun 07 16:09:10 ubuntu neutron-server[124904]: DEBUG neutron.plugins.ml2.drivers.ovn.mech_driver.ovsdb.ovsdb_monitor [None req-d73a6a4d-3042-4801-8f10-b430a8b29019 None None] Hash Ring: Node 4c15332e-a17e-42bc-adaf-32a857641598 (host: ubuntu) handling event "create" for row 03b408d5-3984-482f-9e4c-3cbbf50fa218 (table: Database) {{(pid=124904) notify /opt/stack/neutron/neutron/plugins/ml2/drivers/ovn/mech_driver/ovsdb/ovsdb_monitor.py:739}}
Jun 07 16:09:10 ubuntu neutron-server[124904]: DEBUG neutron.plugins.ml2.drivers.ovn.mech_driver.ovsdb.ovsdb_monitor [None req-d73a6a4d-3042-4801-8f10-b430a8b29019 None None] Hash Ring: Node 4c15332e-a17e-42bc-adaf-32a857641598 (host: ubuntu) handling event "create" for row 7d35c675-8832-4de5-81ad-5e6a44ce3cd6 (table: Connection) {{(pid=124904) notify /opt/stack/neutron/neutron/plugins/ml2/drivers/ovn/mech_driver/ovsdb/ovsdb_monitor.py:739}}
Jun 07 16:09:10 ubuntu neutron-server[124692]: DEBUG oslo_service.service [None req-c7f210e2-2918-40c3-a189-0ccdce3b9755 None None] Started child 124906 {{(pid=124692) _start_child /usr/local/lib/python3.8/dist-packages/oslo_service/service.py:575}}
Jun 07 16:09:10 ubuntu neutron-server[124692]: INFO oslo_service.service [None req-c7f210e2-2918-40c3-a189-0ccdce3b9755 None None] Starting 1 workers
Jun 07 16:09:10 ubuntu neutron-server[124904]: INFO neutron.plugins.ml2.drivers.ovn.mech_driver.ovsdb.impl_idl_ovn [None req-d73a6a4d-3042-4801-8f10-b430a8b29019 None None] Getting OvsdbSbOvnIdl for WorkerService with retry
Jun 07 16:09:10 ubuntu neutron-server[124903]: DEBUG neutron.plugins.ml2.drivers.ovn.mech_driver.ovsdb.ovsdb_monitor [None req-0b0e862a-8991-44b8-90b3-d2929be7291b None None] Hash Ring: Node 9beeeec5-208f-4388-9240-3617571147d7 (host: ubuntu) handling event "create" for row cb7eb041-3d2a-44df-b208-e03c50021391 (table: Port_Group) {{(pid=124903) notify /opt/stack/neutron/neutron/plugins/ml2/drivers/ovn/mech_driver/ovsdb/ovsdb_monitor.py:739}}
Jun 07 16:09:10 ubuntu neutron-server[124903]: DEBUG neutron.plugins.ml2.drivers.ovn.mech_driver.ovsdb.ovsdb_monitor [None req-0b0e862a-8991-44b8-90b3-d2929be7291b None None] Hash Ring: Node 9beeeec5-208f-4388-9240-3617571147d7 (host: ubuntu) handling event "create" for row 348cee43-bb7c-4a07-934b-ff7058235c36 (table: NB_Global) {{(pid=124903) notify /opt/stack/neutron/neutron/plugins/ml2/drivers/ovn/mech_driver/ovsdb/ovsdb_monitor.py:739}}
Jun 07 16:09:10 ubuntu neutron-server[124903]: DEBUG neutron.plugins.ml2.drivers.ovn.mech_driver.ovsdb.ovsdb_monitor [None req-0b0e862a-8991-44b8-90b3-d2929be7291b None None] Hash Ring: Node 9beeeec5-208f-4388-9240-3617571147d7 (host: ubuntu) handling event "create" for row d01dbcd9-5228-4709-81f0-cf5cf158928b (table: ACL) {{(pid=124903) notify /opt/stack/neutron/neutron/plugins/ml2/drivers/ovn/mech_driver/ovsdb/ovsdb_monitor.py:739}}
Jun 07 16:09:10 ubuntu neutron-server[124903]: DEBUG neutron.plugins.ml2.drivers.ovn.mech_driver.ovsdb.ovsdb_monitor [None req-0b0e862a-8991-44b8-90b3-d2929be7291b None None] Hash Ring: Node 9beeeec5-208f-4388-9240-3617571147d7 (host: ubuntu) handling event "create" for row 3226ce1c-fdd9-4b5d-9311-f1c815b7b0d3 (table: ACL) {{(pid=124903) notify /opt/stack/neutron/neutron/plugins/ml2/drivers/ovn/mech_driver/ovsdb/ovsdb_monitor.py:739}}
Jun 07 16:09:10 ubuntu neutron-server[124906]: DEBUG neutron.service [None req-c7f210e2-2918-40c3-a189-0ccdce3b9755 None None] calling RpcWorker wait() {{(pid=124906) _wait /opt/stack/neutron/neutron/service.py:128}}
Jun 07 16:09:10 ubuntu neutron-server[124906]: DEBUG neutron.service [None req-c7f210e2-2918-40c3-a189-0ccdce3b9755 None None] returning from RpcWorker wait() {{(pid=124906) _wait /opt/stack/neutron/neutron/service.py:135}}
Jun 07 16:09:10 ubuntu neutron-server[124903]: INFO neutron.plugins.ml2.drivers.ovn.mech_driver.ovsdb.impl_idl_ovn [None req-0b0e862a-8991-44b8-90b3-d2929be7291b None None] Getting OvsdbSbOvnIdl for WorkerService with retry
Jun 07 16:09:10 ubuntu neutron-server[124906]: DEBUG neutron_lib.callbacks.manager [-] Publish callbacks ['neutron.plugins.ml2.drivers.ovn.mech_driver.mech_driver.OVNMechanismDriver.post_fork_initialize-857016'] for process (None), after_init {{(pid=124906) _notify_loop /usr/local/lib/python3.8/dist-packages/neutron_lib/callbacks/manager.py:176}}
Jun 07 16:09:10 ubuntu neutron-server[124692]: DEBUG oslo_service.service [None req-c7f210e2-2918-40c3-a189-0ccdce3b9755 None None] Started child 124907 {{(pid=124692) _start_child /usr/local/lib/python3.8/dist-packages/oslo_service/service.py:575}}
Jun 07 16:09:10 ubuntu neutron-server[124904]: DEBUG ovsdbapp.backend.ovs_idl [None req-d73a6a4d-3042-4801-8f10-b430a8b29019 None None] Created lookup_table index Chassis.name {{(pid=124904) autocreate_indices /usr/local/lib/python3.8/dist-packages/ovsdbapp/backend/ovs_idl/__init__.py:85}}
Jun 07 16:09:10 ubuntu neutron-server[124904]: DEBUG ovsdbapp.backend.ovs_idl [None req-d73a6a4d-3042-4801-8f10-b430a8b29019 None None] Created schema index Datapath_Binding.tunnel_key {{(pid=124904) autocreate_indices /usr/local/lib/python3.8/dist-packages/ovsdbapp/backend/ovs_idl/__init__.py:104}}
Jun 07 16:09:10 ubuntu neutron-server[124904]: DEBUG ovsdbapp.backend.ovs_idl [None req-d73a6a4d-3042-4801-8f10-b430a8b29019 None None] Created schema index Connection.target {{(pid=124904) autocreate_indices /usr/local/lib/python3.8/dist-packages/ovsdbapp/backend/ovs_idl/__init__.py:104}}
Jun 07 16:09:10 ubuntu neutron-server[124906]: INFO neutron.plugins.ml2.drivers.ovn.mech_driver.ovsdb.impl_idl_ovn [-] Getting OvsdbNbOvnIdl for RpcWorker with retry
Jun 07 16:09:10 ubuntu neutron-server[124904]: INFO ovsdbapp.backend.ovs_idl.vlog [None req-d73a6a4d-3042-4801-8f10-b430a8b29019 None None] tcp:192.168.79.49:6642: connecting...
Jun 07 16:09:10 ubuntu neutron-server[124904]: INFO ovsdbapp.backend.ovs_idl.vlog [None req-d73a6a4d-3042-4801-8f10-b430a8b29019 None None] tcp:192.168.79.49:6642: connected
Jun 07 16:09:10 ubuntu neutron-server[124692]: INFO oslo_service.service [None req-c7f210e2-2918-40c3-a189-0ccdce3b9755 None None] Starting 1 workers
Jun 07 16:09:10 ubuntu neutron-server[124903]: DEBUG ovsdbapp.backend.ovs_idl [None req-0b0e862a-8991-44b8-90b3-d2929be7291b None None] Created lookup_table index Chassis.name {{(pid=124903) autocreate_indices /usr/local/lib/python3.8/dist-packages/ovsdbapp/backend/ovs_idl/__init__.py:85}}
Jun 07 16:09:10 ubuntu neutron-server[124903]: DEBUG ovsdbapp.backend.ovs_idl [None req-0b0e862a-8991-44b8-90b3-d2929be7291b None None] Created schema index Datapath_Binding.tunnel_key {{(pid=124903) autocreate_indices /usr/local/lib/python3.8/dist-packages/ovsdbapp/backend/ovs_idl/__init__.py:104}}
Jun 07 16:09:10 ubuntu neutron-server[124903]: DEBUG ovsdbapp.backend.ovs_idl [None req-0b0e862a-8991-44b8-90b3-d2929be7291b None None] Created schema index Connection.target {{(pid=124903) autocreate_indices /usr/local/lib/python3.8/dist-packages/ovsdbapp/backend/ovs_idl/__init__.py:104}}
Jun 07 16:09:10 ubuntu neutron-server[124903]: INFO ovsdbapp.backend.ovs_idl.vlog [None req-0b0e862a-8991-44b8-90b3-d2929be7291b None None] tcp:192.168.79.49:6642: connecting...
Jun 07 16:09:10 ubuntu neutron-server[124903]: INFO ovsdbapp.backend.ovs_idl.vlog [None req-0b0e862a-8991-44b8-90b3-d2929be7291b None None] tcp:192.168.79.49:6642: connected
Jun 07 16:09:10 ubuntu neutron-server[124692]: DEBUG oslo_service.service [None req-c7f210e2-2918-40c3-a189-0ccdce3b9755 None None] Started child 124908 {{(pid=124692) _start_child /usr/local/lib/python3.8/dist-packages/oslo_service/service.py:575}}
Jun 07 16:09:10 ubuntu neutron-server[124692]: DEBUG neutron_lib.callbacks.manager [None req-c7f210e2-2918-40c3-a189-0ccdce3b9755 None None] Publish callbacks [] for process (None), after_spawn {{(pid=124692) _notify_loop /usr/local/lib/python3.8/dist-packages/neutron_lib/callbacks/manager.py:176}}
Jun 07 16:09:10 ubuntu neutron-server[124692]: DEBUG oslo_service.service [-] Full set of CONF: {{(pid=124692) wait /usr/local/lib/python3.8/dist-packages/oslo_service/service.py:649}}
Jun 07 16:09:10 ubuntu neutron-server[124692]: DEBUG oslo_service.service [-] ******************************************************************************** {{(pid=124692) log_opt_values /usr/local/lib/python3.8/dist-packages/oslo_config/cfg.py:2589}}
Jun 07 16:09:10 ubuntu neutron-server[124692]: DEBUG oslo_service.service [-] Configuration options gathered from: {{(pid=124692) log_opt_values /usr/local/lib/python3.8/dist-packages/oslo_config/cfg.py:2590}}
Jun 07 16:09:10 ubuntu neutron-server[124692]: DEBUG oslo_service.service [-] command line args: ['--config-file', '/etc/neutron/neutron.conf', '--config-file', '/etc/neutron/plugins/ml2/ml2_conf.ini'] {{(pid=124692) log_opt_values /usr/local/lib/python3.8/dist-packages/oslo_config/cfg.py:2591}}
Jun 07 16:09:10 ubuntu neutron-server[124692]: DEBUG oslo_service.service [-] config files: ['/etc/neutron/neutron.conf', '/etc/neutron/plugins/ml2/ml2_conf.ini'] {{(pid=124692) log_opt_values /usr/local/lib/python3.8/dist-packages/oslo_config/cfg.py:2592}}
Jun 07 16:09:10 ubuntu neutron-server[124692]: DEBUG oslo_service.service [-] ================================================================================ {{(pid=124692) log_opt_values /usr/local/lib/python3.8/dist-packages/oslo_config/cfg.py:2594}}
Jun 07 16:09:10 ubuntu neutron-server[124692]: DEBUG oslo_service.service [-] agent_down_time                = 75 {{(pid=124692) log_opt_values /usr/local/lib/python3.8/dist-packages/oslo_config/cfg.py:2602}}
Jun 07 16:09:10 ubuntu neutron-server[124692]: DEBUG oslo_service.service [-] allow_automatic_dhcp_failover  = True {{(pid=124692) log_opt_values /usr/local/lib/python3.8/dist-packages/oslo_config/cfg.py:2602}}
Jun 07 16:09:10 ubuntu neutron-server[124692]: DEBUG oslo_service.service [-] allow_bulk                     = True {{(pid=124692) log_opt_values /usr/local/lib/python3.8/dist-packages/oslo_config/cfg.py:2602}}
Jun 07 16:09:10 ubuntu neutron-server[124692]: DEBUG oslo_service.service [-] allowed_conntrack_helpers      = [{'amanda': 'tcp'}, {'ftp': 'tcp'}, {'h323': 'udp'}, {'h323': 'tcp'}, {'irc': 'tcp'}, {'netbios-ns': 'udp'}, {'pptp': 'tcp'}, {'sane': 'tcp'}, {'sip': 'udp'}, {'sip': 'tcp'}, {'snmp': 'udp'}, {'tftp': 'udp'}] {{(pid=124692) log_opt_values /usr/local/lib/python3.8/dist-packages/oslo_config/cfg.py:2602}}
Jun 07 16:09:10 ubuntu neutron-server[124692]: DEBUG oslo_service.service [-] api_extensions_path            =  {{(pid=124692) log_opt_values /usr/local/lib/python3.8/dist-packages/oslo_config/cfg.py:2602}}
Jun 07 16:09:10 ubuntu neutron-server[124692]: DEBUG oslo_service.service [-] api_paste_config               = api-paste.ini {{(pid=124692) log_opt_values /usr/local/lib/python3.8/dist-packages/oslo_config/cfg.py:2602}}
Jun 07 16:09:10 ubuntu neutron-server[124692]: DEBUG oslo_service.service [-] api_workers                    = 2 {{(pid=124692) log_opt_values /usr/local/lib/python3.8/dist-packages/oslo_config/cfg.py:2602}}
Jun 07 16:09:10 ubuntu neutron-server[124692]: DEBUG oslo_service.service [-] auth_strategy                  = keystone {{(pid=124692) log_opt_values /usr/local/lib/python3.8/dist-packages/oslo_config/cfg.py:2602}}
Jun 07 16:09:10 ubuntu neutron-server[124692]: DEBUG oslo_service.service [-] backdoor_port                  = None {{(pid=124692) log_opt_values /usr/local/lib/python3.8/dist-packages/oslo_config/cfg.py:2602}}
Jun 07 16:09:10 ubuntu neutron-server[124692]: DEBUG oslo_service.service [-] backdoor_socket                = None {{(pid=124692) log_opt_values /usr/local/lib/python3.8/dist-packages/oslo_config/cfg.py:2602}}
Jun 07 16:09:10 ubuntu neutron-server[124692]: DEBUG oslo_service.service [-] backlog                        = 4096 {{(pid=124692) log_opt_values /usr/local/lib/python3.8/dist-packages/oslo_config/cfg.py:2602}}
Jun 07 16:09:10 ubuntu neutron-server[124692]: DEBUG oslo_service.service [-] base_mac                       = fa:16:3e:00:00:00 {{(pid=124692) log_opt_values /usr/local/lib/python3.8/dist-packages/oslo_config/cfg.py:2602}}
Jun 07 16:09:10 ubuntu neutron-server[124692]: DEBUG oslo_service.service [-] bind_host                      = 0.0.0.0 {{(pid=124692) log_opt_values /usr/local/lib/python3.8/dist-packages/oslo_config/cfg.py:2602}}
Jun 07 16:09:10 ubuntu neutron-server[124692]: DEBUG oslo_service.service [-] bind_port                      = 9696 {{(pid=124692) log_opt_values /usr/local/lib/python3.8/dist-packages/oslo_config/cfg.py:2602}}
