Aug 06 14:34:06 ubuntu neutron-server[138267]: DEBUG neutron.api.extensions [None req-f4752b87-83a6-4109-955e-4153b054c074 None None] Ext name="Resource timestamps" alias="standard-attr-timestamp" description="Adds created_at and updated_at fields to all Neutron resources that have Neutron standard attributes." updated="2016-09-12T10:00:00-00:00" {{(pid=138267) _check_extension /opt/stack/neutron/neutron/api/extensions.py:416}}
Aug 06 14:34:06 ubuntu neutron-server[138267]: INFO neutron.api.extensions [None req-f4752b87-83a6-4109-955e-4153b054c074 None None] Loaded extension: standard-attr-timestamp
Aug 06 14:34:06 ubuntu neutron-server[138267]: DEBUG neutron.api.extensions [None req-f4752b87-83a6-4109-955e-4153b054c074 None None] Loading extension file: trunk.py {{(pid=138267) _load_all_extensions_from_path /opt/stack/neutron/neutron/api/extensions.py:450}}
Aug 06 14:34:06 ubuntu neutron-server[138267]: DEBUG neutron.api.extensions [None req-f4752b87-83a6-4109-955e-4153b054c074 None None] Ext name="Trunk Extension" alias="trunk" description="Provides support for trunk ports" updated="2016-01-01T10:00:00-00:00" {{(pid=138267) _check_extension /opt/stack/neutron/neutron/api/extensions.py:416}}
Aug 06 14:34:06 ubuntu neutron-server[138267]: INFO neutron.api.extensions [None req-f4752b87-83a6-4109-955e-4153b054c074 None None] Extension trunk not supported by any of loaded plugins
Aug 06 14:34:06 ubuntu neutron-server[138267]: DEBUG neutron.api.extensions [None req-f4752b87-83a6-4109-955e-4153b054c074 None None] Loading extension file: trunk_details.py {{(pid=138267) _load_all_extensions_from_path /opt/stack/neutron/neutron/api/extensions.py:450}}
Aug 06 14:34:06 ubuntu neutron-server[138267]: DEBUG neutron.api.extensions [None req-f4752b87-83a6-4109-955e-4153b054c074 None None] Ext name="Trunk port details" alias="trunk-details" description="Expose trunk port details" updated="2016-01-01T10:00:00-00:00" {{(pid=138267) _check_extension /opt/stack/neutron/neutron/api/extensions.py:416}}
Aug 06 14:34:06 ubuntu neutron-server[138267]: INFO neutron.api.extensions [None req-f4752b87-83a6-4109-955e-4153b054c074 None None] Extension trunk-details not supported by any of loaded plugins
Aug 06 14:34:06 ubuntu neutron-server[138267]: DEBUG neutron.api.extensions [None req-f4752b87-83a6-4109-955e-4153b054c074 None None] Loading extension file: uplink_status_propagation.py {{(pid=138267) _load_all_extensions_from_path /opt/stack/neutron/neutron/api/extensions.py:450}}
Aug 06 14:34:06 ubuntu neutron-server[138267]: DEBUG neutron.api.extensions [None req-f4752b87-83a6-4109-955e-4153b054c074 None None] Ext name="Uplink status propagation extension" alias="uplink-status-propagation" description="Provides ability to propagate port uplink status." updated="2018-05-31T18:00:00-00:00" {{(pid=138267) _check_extension /opt/stack/neutron/neutron/api/extensions.py:416}}
Aug 06 14:34:06 ubuntu neutron-server[138267]: INFO neutron.api.extensions [None req-f4752b87-83a6-4109-955e-4153b054c074 None None] Extension uplink-status-propagation not supported by any of loaded plugins
Aug 06 14:34:06 ubuntu neutron-server[138267]: DEBUG neutron.api.extensions [None req-f4752b87-83a6-4109-955e-4153b054c074 None None] Loading extension file: vlantransparent.py {{(pid=138267) _load_all_extensions_from_path /opt/stack/neutron/neutron/api/extensions.py:450}}
Aug 06 14:34:06 ubuntu neutron-server[138267]: DEBUG neutron.api.extensions [None req-f4752b87-83a6-4109-955e-4153b054c074 None None] Ext name="Vlantransparent" alias="vlan-transparent" description="Provides Vlan Transparent Networks" updated="2015-03-23T09:00:00-00:00" {{(pid=138267) _check_extension /opt/stack/neutron/neutron/api/extensions.py:416}}
Aug 06 14:34:06 ubuntu neutron-server[138267]: INFO neutron.api.extensions [None req-f4752b87-83a6-4109-955e-4153b054c074 None None] Extension vlan-transparent not supported by any of loaded plugins
Aug 06 14:34:06 ubuntu neutron-server[138267]: INFO neutron.quota.resource_registry [None req-f4752b87-83a6-4109-955e-4153b054c074 None None] Creating instance of TrackedResource for resource:network
Aug 06 14:34:06 ubuntu neutron-server[138267]: INFO neutron.quota.resource_registry [None req-f4752b87-83a6-4109-955e-4153b054c074 None None] Creating instance of TrackedResource for resource:subnet
Aug 06 14:34:06 ubuntu neutron-server[138267]: INFO neutron.quota.resource_registry [None req-f4752b87-83a6-4109-955e-4153b054c074 None None] Creating instance of TrackedResource for resource:subnetpool
Aug 06 14:34:06 ubuntu neutron-server[138267]: INFO neutron.quota.resource_registry [None req-f4752b87-83a6-4109-955e-4153b054c074 None None] Creating instance of TrackedResource for resource:port
Aug 06 14:34:06 ubuntu neutron-server[138267]: DEBUG neutron.api.v2.resource_helper [None req-f4752b87-83a6-4109-955e-4153b054c074 None None] Service FLAVORS assigned prefix:  {{(pid=138267) build_resource_info /opt/stack/neutron/neutron/api/v2/resource_helper.py:77}}
Aug 06 14:34:06 ubuntu neutron-server[138267]: DEBUG neutron.api.v2.resource_helper [None req-f4752b87-83a6-4109-955e-4153b054c074 None None] Service L3_ROUTER_NAT assigned prefix:  {{(pid=138267) build_resource_info /opt/stack/neutron/neutron/api/v2/resource_helper.py:77}}
Aug 06 14:34:06 ubuntu neutron-server[138267]: DEBUG neutron.api.v2.resource_helper [None req-f4752b87-83a6-4109-955e-4153b054c074 None None] Service L3_ROUTER_NAT assigned prefix:  {{(pid=138267) build_resource_info /opt/stack/neutron/neutron/api/v2/resource_helper.py:77}}
Aug 06 14:34:06 ubuntu neutron-server[138267]: INFO neutron.quota.resource_registry [None req-f4752b87-83a6-4109-955e-4153b054c074 None None] Creating instance of TrackedResource for resource:router
Aug 06 14:34:06 ubuntu neutron-server[138267]: INFO neutron.quota.resource_registry [None req-f4752b87-83a6-4109-955e-4153b054c074 None None] Creating instance of TrackedResource for resource:floatingip
Aug 06 14:34:06 ubuntu neutron-server[138267]: DEBUG neutron_lib.callbacks.manager [None req-f4752b87-83a6-4109-955e-4153b054c074 None None] Subscribe: <bound method NeutronDbPluginV2.validate_network_rbac_policy_change of <neutron.services.network_ip_availability.plugin.NetworkIPAvailabilityPlugin object at 0x7fa2a77d91c0>> rbac-policy before_create 55550000 {{(pid=138267) subscribe /usr/local/lib/python3.8/dist-packages/neutron_lib/callbacks/manager.py:45}}
Aug 06 14:34:06 ubuntu neutron-server[138267]: DEBUG neutron_lib.callbacks.manager [None req-f4752b87-83a6-4109-955e-4153b054c074 None None] Subscribe: <bound method NeutronDbPluginV2.validate_network_rbac_policy_change of <neutron.services.network_ip_availability.plugin.NetworkIPAvailabilityPlugin object at 0x7fa2a77d91c0>> rbac-policy before_update 55550000 {{(pid=138267) subscribe /usr/local/lib/python3.8/dist-packages/neutron_lib/callbacks/manager.py:45}}
Aug 06 14:34:06 ubuntu neutron-server[138267]: DEBUG neutron_lib.callbacks.manager [None req-f4752b87-83a6-4109-955e-4153b054c074 None None] Subscribe: <bound method NeutronDbPluginV2.validate_network_rbac_policy_change of <neutron.services.network_ip_availability.plugin.NetworkIPAvailabilityPlugin object at 0x7fa2a77d91c0>> rbac-policy before_delete 55550000 {{(pid=138267) subscribe /usr/local/lib/python3.8/dist-packages/neutron_lib/callbacks/manager.py:45}}
Aug 06 14:34:06 ubuntu neutron-server[138267]: INFO neutron.quota.resource_registry [None req-f4752b87-83a6-4109-955e-4153b054c074 None None] Creating instance of CountableResource for resource:rbac_policy
Aug 06 14:34:06 ubuntu neutron-server[138267]: INFO neutron.quota.resource_registry [None req-f4752b87-83a6-4109-955e-4153b054c074 None None] Creating instance of TrackedResource for resource:security_group
Aug 06 14:34:06 ubuntu neutron-server[138267]: INFO neutron.quota.resource_registry [None req-f4752b87-83a6-4109-955e-4153b054c074 None None] Creating instance of TrackedResource for resource:security_group_rule
Aug 06 14:34:06 ubuntu neutron-server[138267]: DEBUG neutron.api.v2.resource_helper [None req-f4752b87-83a6-4109-955e-4153b054c074 None None] Service FLAVORS assigned prefix:  {{(pid=138267) build_resource_info /opt/stack/neutron/neutron/api/v2/resource_helper.py:77}}
Aug 06 14:34:06 ubuntu neutron-server[138267]: DEBUG neutron.api.v2.resource_helper [None req-f4752b87-83a6-4109-955e-4153b054c074 None None] Service L3_ROUTER_NAT assigned prefix:  {{(pid=138267) build_resource_info /opt/stack/neutron/neutron/api/v2/resource_helper.py:77}}
Aug 06 14:34:06 ubuntu neutron-server[138267]: DEBUG neutron.api.v2.resource_helper [None req-f4752b87-83a6-4109-955e-4153b054c074 None None] Service L3_ROUTER_NAT assigned prefix:  {{(pid=138267) build_resource_info /opt/stack/neutron/neutron/api/v2/resource_helper.py:77}}
Aug 06 14:34:06 ubuntu neutron-server[138267]: INFO neutron.quota.resource_registry [None req-f4752b87-83a6-4109-955e-4153b054c074 None None] Creating instance of TrackedResource for resource:router
Aug 06 14:34:06 ubuntu neutron-server[138267]: WARNING neutron.quota.resource_registry [None req-f4752b87-83a6-4109-955e-4153b054c074 None None] router is already registered
Aug 06 14:34:06 ubuntu neutron-server[138267]: INFO neutron.quota.resource_registry [None req-f4752b87-83a6-4109-955e-4153b054c074 None None] Creating instance of TrackedResource for resource:floatingip
Aug 06 14:34:06 ubuntu neutron-server[138267]: WARNING neutron.quota.resource_registry [None req-f4752b87-83a6-4109-955e-4153b054c074 None None] floatingip is already registered
Aug 06 14:34:06 ubuntu neutron-server[138267]: INFO neutron.quota.resource_registry [None req-f4752b87-83a6-4109-955e-4153b054c074 None None] Creating instance of CountableResource for resource:rbac_policy
Aug 06 14:34:06 ubuntu neutron-server[138267]: WARNING neutron.quota.resource_registry [None req-f4752b87-83a6-4109-955e-4153b054c074 None None] rbac_policy is already registered
Aug 06 14:34:06 ubuntu neutron-server[138267]: INFO neutron.quota.resource_registry [None req-f4752b87-83a6-4109-955e-4153b054c074 None None] Creating instance of TrackedResource for resource:security_group
Aug 06 14:34:06 ubuntu neutron-server[138267]: WARNING neutron.quota.resource_registry [None req-f4752b87-83a6-4109-955e-4153b054c074 None None] security_group is already registered
Aug 06 14:34:06 ubuntu neutron-server[138267]: INFO neutron.quota.resource_registry [None req-f4752b87-83a6-4109-955e-4153b054c074 None None] Creating instance of TrackedResource for resource:security_group_rule
Aug 06 14:34:06 ubuntu neutron-server[138267]: WARNING neutron.quota.resource_registry [None req-f4752b87-83a6-4109-955e-4153b054c074 None None] security_group_rule is already registered
Aug 06 14:34:06 ubuntu neutron-server[138267]: DEBUG neutron.api.extensions [None req-f4752b87-83a6-4109-955e-4153b054c074 None None] Extended resource: extensions {{(pid=138267) __init__ /opt/stack/neutron/neutron/api/extensions.py:157}}
Aug 06 14:34:06 ubuntu neutron-server[138267]: DEBUG neutron.api.extensions [None req-f4752b87-83a6-4109-955e-4153b054c074 None None] Extended resource: address-groups {{(pid=138267) __init__ /opt/stack/neutron/neutron/api/extensions.py:157}}
Aug 06 14:34:06 ubuntu neutron-server[138267]: DEBUG neutron.api.extensions [None req-f4752b87-83a6-4109-955e-4153b054c074 None None] Extended resource: address-scopes {{(pid=138267) __init__ /opt/stack/neutron/neutron/api/extensions.py:157}}
Aug 06 14:34:06 ubuntu neutron-server[138267]: DEBUG neutron.api.extensions [None req-f4752b87-83a6-4109-955e-4153b054c074 None None] Extended resource: agents {{(pid=138267) __init__ /opt/stack/neutron/neutron/api/extensions.py:157}}
Aug 06 14:34:06 ubuntu neutron-server[138267]: DEBUG neutron.api.extensions [None req-f4752b87-83a6-4109-955e-4153b054c074 None None] Extended resource: auto-allocated-topology {{(pid=138267) __init__ /opt/stack/neutron/neutron/api/extensions.py:157}}
Aug 06 14:34:06 ubuntu neutron-server[138267]: DEBUG neutron.api.extensions [None req-f4752b87-83a6-4109-955e-4153b054c074 None None] Extended resource: availability_zones {{(pid=138267) __init__ /opt/stack/neutron/neutron/api/extensions.py:157}}
Aug 06 14:34:06 ubuntu neutron-server[138267]: DEBUG neutron.api.extensions [None req-f4752b87-83a6-4109-955e-4153b054c074 None None] Extended resource: flavors {{(pid=138267) __init__ /opt/stack/neutron/neutron/api/extensions.py:157}}
Aug 06 14:34:06 ubuntu neutron-server[138267]: DEBUG neutron.api.extensions [None req-f4752b87-83a6-4109-955e-4153b054c074 None None] Extended resource: service_profiles {{(pid=138267) __init__ /opt/stack/neutron/neutron/api/extensions.py:157}}
Aug 06 14:34:06 ubuntu neutron-server[138267]: DEBUG neutron.api.extensions [None req-f4752b87-83a6-4109-955e-4153b054c074 None None] Extended resource: next_providers {{(pid=138267) __init__ /opt/stack/neutron/neutron/api/extensions.py:157}}
Aug 06 14:34:06 ubuntu neutron-server[138267]: DEBUG neutron.api.extensions [None req-f4752b87-83a6-4109-955e-4153b054c074 None None] Extended resource: service_profiles {{(pid=138267) __init__ /opt/stack/neutron/neutron/api/extensions.py:157}}
Aug 06 14:34:06 ubuntu neutron-server[138267]: DEBUG neutron.api.extensions [None req-f4752b87-83a6-4109-955e-4153b054c074 None None] Extended resource: floatingip-pools {{(pid=138267) __init__ /opt/stack/neutron/neutron/api/extensions.py:157}}
Aug 06 14:34:06 ubuntu neutron-server[138267]: DEBUG neutron.api.extensions [None req-f4752b87-83a6-4109-955e-4153b054c074 None None] Extended resource: routers {{(pid=138267) __init__ /opt/stack/neutron/neutron/api/extensions.py:157}}
Aug 06 14:34:06 ubuntu neutron-server[138267]: DEBUG neutron.api.extensions [None req-f4752b87-83a6-4109-955e-4153b054c074 None None] Extended resource: floatingips {{(pid=138267) __init__ /opt/stack/neutron/neutron/api/extensions.py:157}}
Aug 06 14:34:06 ubuntu neutron-server[138267]: DEBUG neutron.api.extensions [None req-f4752b87-83a6-4109-955e-4153b054c074 None None] Extended resource: network-ip-availabilities {{(pid=138267) __init__ /opt/stack/neutron/neutron/api/extensions.py:157}}
Aug 06 14:34:06 ubuntu neutron-server[138267]: DEBUG neutron.api.extensions [None req-f4752b87-83a6-4109-955e-4153b054c074 None None] Extended resource: bindings {{(pid=138267) __init__ /opt/stack/neutron/neutron/api/extensions.py:157}}
Aug 06 14:34:06 ubuntu neutron-server[138267]: DEBUG neutron.api.extensions [None req-f4752b87-83a6-4109-955e-4153b054c074 None None] Extended resource: quotas {{(pid=138267) __init__ /opt/stack/neutron/neutron/api/extensions.py:157}}
Aug 06 14:34:06 ubuntu neutron-server[138267]: DEBUG neutron.api.extensions [None req-f4752b87-83a6-4109-955e-4153b054c074 None None] Extended resource: quotas {{(pid=138267) __init__ /opt/stack/neutron/neutron/api/extensions.py:157}}
Aug 06 14:34:06 ubuntu neutron-server[138267]: DEBUG neutron.api.extensions [None req-f4752b87-83a6-4109-955e-4153b054c074 None None] Extended resource: rbac-policies {{(pid=138267) __init__ /opt/stack/neutron/neutron/api/extensions.py:157}}
Aug 06 14:34:06 ubuntu neutron-server[138267]: DEBUG neutron.api.extensions [None req-f4752b87-83a6-4109-955e-4153b054c074 None None] Extended resource: security-groups {{(pid=138267) __init__ /opt/stack/neutron/neutron/api/extensions.py:157}}
Aug 06 14:34:06 ubuntu neutron-server[138267]: DEBUG neutron.api.extensions [None req-f4752b87-83a6-4109-955e-4153b054c074 None None] Extended resource: security-group-rules {{(pid=138267) __init__ /opt/stack/neutron/neutron/api/extensions.py:157}}
Aug 06 14:34:06 ubuntu neutron-server[138267]: DEBUG neutron.api.extensions [None req-f4752b87-83a6-4109-955e-4153b054c074 None None] Extended resource: service-providers {{(pid=138267) __init__ /opt/stack/neutron/neutron/api/extensions.py:157}}
Aug 06 14:34:06 ubuntu neutron-server[138267]: DEBUG neutron.api.extensions [None req-f4752b87-83a6-4109-955e-4153b054c074 None None] Extended resource: tags {{(pid=138267) __init__ /opt/stack/neutron/neutron/api/extensions.py:157}}
Aug 06 14:34:06 ubuntu neutron-server[138267]: DEBUG neutron.api.extensions [None req-f4752b87-83a6-4109-955e-4153b054c074 None None] Extended resource: tags {{(pid=138267) __init__ /opt/stack/neutron/neutron/api/extensions.py:157}}
Aug 06 14:34:06 ubuntu neutron-server[138267]: DEBUG neutron.api.extensions [None req-f4752b87-83a6-4109-955e-4153b054c074 None None] Extended resource: tags {{(pid=138267) __init__ /opt/stack/neutron/neutron/api/extensions.py:157}}
Aug 06 14:34:06 ubuntu neutron-server[138267]: DEBUG neutron.api.extensions [None req-f4752b87-83a6-4109-955e-4153b054c074 None None] Extended resource: tags {{(pid=138267) __init__ /opt/stack/neutron/neutron/api/extensions.py:157}}
Aug 06 14:34:06 ubuntu neutron-server[138267]: DEBUG neutron.api.extensions [None req-f4752b87-83a6-4109-955e-4153b054c074 None None] Extended resource: tags {{(pid=138267) __init__ /opt/stack/neutron/neutron/api/extensions.py:157}}
Aug 06 14:34:06 ubuntu neutron-server[138267]: DEBUG neutron.api.extensions [None req-f4752b87-83a6-4109-955e-4153b054c074 None None] Extended resource: tags {{(pid=138267) __init__ /opt/stack/neutron/neutron/api/extensions.py:157}}
Aug 06 14:34:06 ubuntu neutron-server[138267]: DEBUG neutron.api.extensions [None req-f4752b87-83a6-4109-955e-4153b054c074 None None] Extended resource: tags {{(pid=138267) __init__ /opt/stack/neutron/neutron/api/extensions.py:157}}
Aug 06 14:34:06 ubuntu neutron-server[138267]: DEBUG neutron.api.extensions [None req-f4752b87-83a6-4109-955e-4153b054c074 None None] Extended resource: tags {{(pid=138267) __init__ /opt/stack/neutron/neutron/api/extensions.py:157}}
Aug 06 14:34:06 ubuntu neutron-server[138267]: DEBUG neutron.api.extensions [None req-f4752b87-83a6-4109-955e-4153b054c074 None None] Extended resource: tags {{(pid=138267) __init__ /opt/stack/neutron/neutron/api/extensions.py:157}}
Aug 06 14:34:06 ubuntu neutron-server[138267]: DEBUG neutron.api.extensions [None req-f4752b87-83a6-4109-955e-4153b054c074 None None] Extended resource: tags {{(pid=138267) __init__ /opt/stack/neutron/neutron/api/extensions.py:157}}
Aug 06 14:34:06 ubuntu neutron-server[138267]: WARNING keystonemiddleware.auth_token [None req-f4752b87-83a6-4109-955e-4153b054c074 None None] AuthToken middleware is set with keystone_authtoken.service_token_roles_required set to False. This is backwards compatible but deprecated behaviour. Please set this to True.
Aug 06 14:34:06 ubuntu neutron-server[138267]: WARNING keystonemiddleware.auth_token [None req-f4752b87-83a6-4109-955e-4153b054c074 None None] Configuring www_authenticate_uri to point to the public identity endpoint is required; clients may not be able to authenticate against an admin endpoint
Aug 06 14:34:06 ubuntu neutron-server[138267]: DEBUG oslo_concurrency.lockutils [None req-f4752b87-83a6-4109-955e-4153b054c074 None None] Acquiring lock "singleton_lock" {{(pid=138267) lock /usr/local/lib/python3.8/dist-packages/oslo_concurrency/lockutils.py:293}}
Aug 06 14:34:06 ubuntu neutron-server[138267]: DEBUG oslo_concurrency.lockutils [None req-f4752b87-83a6-4109-955e-4153b054c074 None None] Acquired lock "singleton_lock" {{(pid=138267) lock /usr/local/lib/python3.8/dist-packages/oslo_concurrency/lockutils.py:296}}
Aug 06 14:34:06 ubuntu neutron-server[138267]: DEBUG oslo_concurrency.lockutils [None req-f4752b87-83a6-4109-955e-4153b054c074 None None] Releasing lock "singleton_lock" {{(pid=138267) lock /usr/local/lib/python3.8/dist-packages/oslo_concurrency/lockutils.py:314}}
Aug 06 14:34:06 ubuntu neutron-server[138267]: INFO oslo_service.service [None req-f4752b87-83a6-4109-955e-4153b054c074 None None] Starting 2 workers
Aug 06 14:34:06 ubuntu neutron-server[138267]: DEBUG oslo_service.service [None req-f4752b87-83a6-4109-955e-4153b054c074 None None] Started child 138480 {{(pid=138267) _start_child /usr/local/lib/python3.8/dist-packages/oslo_service/service.py:575}}
Aug 06 14:34:06 ubuntu neutron-server[138267]: DEBUG oslo_service.service [None req-f4752b87-83a6-4109-955e-4153b054c074 None None] Started child 138481 {{(pid=138267) _start_child /usr/local/lib/python3.8/dist-packages/oslo_service/service.py:575}}
Aug 06 14:34:06 ubuntu neutron-server[138267]: INFO neutron.service [None req-f4752b87-83a6-4109-955e-4153b054c074 None None] Neutron service started, listening on 0.0.0.0:9696
Aug 06 14:34:06 ubuntu neutron-server[138267]: DEBUG neutron_lib.callbacks.manager [None req-f4752b87-83a6-4109-955e-4153b054c074 None None] Publish callbacks ['neutron.plugins.ml2.drivers.ovn.mech_driver.mech_driver.OVNMechanismDriver.pre_fork_initialize-690289'] for process (None), before_spawn {{(pid=138267) _notify_loop /usr/local/lib/python3.8/dist-packages/neutron_lib/callbacks/manager.py:176}}
Aug 06 14:34:06 ubuntu neutron-server[138480]: DEBUG neutron_lib.callbacks.manager [-] Publish callbacks ['neutron.plugins.ml2.drivers.ovn.mech_driver.mech_driver.OVNMechanismDriver.post_fork_initialize-690269'] for process (None), after_init {{(pid=138480) _notify_loop /usr/local/lib/python3.8/dist-packages/neutron_lib/callbacks/manager.py:176}}
Aug 06 14:34:06 ubuntu neutron-server[138481]: DEBUG neutron_lib.callbacks.manager [-] Publish callbacks ['neutron.plugins.ml2.drivers.ovn.mech_driver.mech_driver.OVNMechanismDriver.post_fork_initialize-690269'] for process (None), after_init {{(pid=138481) _notify_loop /usr/local/lib/python3.8/dist-packages/neutron_lib/callbacks/manager.py:176}}
Aug 06 14:34:06 ubuntu neutron-server[138481]: DEBUG dbcounter [-] [138481] Writer thread running {{(pid=138481) stat_writer /usr/local/lib/python3.8/dist-packages/dbcounter.py:99}}
Aug 06 14:34:06 ubuntu neutron-server[138480]: DEBUG dbcounter [-] [138480] Writer thread running {{(pid=138480) stat_writer /usr/local/lib/python3.8/dist-packages/dbcounter.py:99}}
Aug 06 14:34:06 ubuntu neutron-server[138267]: DEBUG ovsdbapp.backend.ovs_idl [None req-f4752b87-83a6-4109-955e-4153b054c074 None None] Created schema index Port_Group.name {{(pid=138267) autocreate_indices /usr/local/lib/python3.8/dist-packages/ovsdbapp/backend/ovs_idl/__init__.py:104}}
Aug 06 14:34:06 ubuntu neutron-server[138267]: DEBUG ovsdbapp.backend.ovs_idl [None req-f4752b87-83a6-4109-955e-4153b054c074 None None] Created schema index Logical_Switch_Port.name {{(pid=138267) autocreate_indices /usr/local/lib/python3.8/dist-packages/ovsdbapp/backend/ovs_idl/__init__.py:104}}
Aug 06 14:34:07 ubuntu neutron-server[138267]: DEBUG ovsdbapp.backend.ovs_idl.transaction [-] Running txn n=1 command(idx=0): PgAddCommand(name=neutron_pg_drop, may_exist=True, columns={'acls': []}) {{(pid=138267) do_commit /usr/local/lib/python3.8/dist-packages/ovsdbapp/backend/ovs_idl/transaction.py:90}}
Aug 06 14:34:07 ubuntu neutron-server[138267]: DEBUG ovsdbapp.backend.ovs_idl.transaction [-] Running txn n=1 command(idx=1): PgAclAddCommand(entity=neutron_pg_drop, direction=from-lport, priority=1001, match=inport == @neutron_pg_drop && ip, action=drop, log=False, may_exist=True, severity=[], name=[], meter=None, external_ids={}) {{(pid=138267) do_commit /usr/local/lib/python3.8/dist-packages/ovsdbapp/backend/ovs_idl/transaction.py:90}}
Aug 06 14:34:07 ubuntu neutron-server[138267]: DEBUG ovsdbapp.backend.ovs_idl.transaction [-] Running txn n=1 command(idx=2): PgAclAddCommand(entity=neutron_pg_drop, direction=to-lport, priority=1001, match=outport == @neutron_pg_drop && ip, action=drop, log=False, may_exist=True, severity=[], name=[], meter=None, external_ids={}) {{(pid=138267) do_commit /usr/local/lib/python3.8/dist-packages/ovsdbapp/backend/ovs_idl/transaction.py:90}}
Aug 06 14:34:07 ubuntu neutron-server[138267]: DEBUG ovsdbapp.backend.ovs_idl.event [-] Matched CREATE: NeutronPgDropPortGroupCreated(events=('create',), table='Port_Group', conditions=(('name', '=', 'neutron_pg_drop'),), old_conditions=None), priority=10 to row=Port_Group(name=neutron_pg_drop, ports=[], external_ids={}, acls=[<ovs.db.idl.Row object at 0x7fa2a71e5400>, <ovs.db.idl.Row object at 0x7fa2a71e5520>]) old= {{(pid=138267) matches /usr/local/lib/python3.8/dist-packages/ovsdbapp/backend/ovs_idl/event.py:43}}
Aug 06 14:34:07 ubuntu neutron-server[138481]: INFO neutron.plugins.ml2.drivers.ovn.mech_driver.ovsdb.impl_idl_ovn [None req-f143c581-ebc0-4db7-8658-d12cb9a935d6 None None] Getting OvsdbNbOvnIdl for WorkerService with retry
Aug 06 14:34:07 ubuntu neutron-server[138480]: INFO neutron.plugins.ml2.drivers.ovn.mech_driver.ovsdb.impl_idl_ovn [None req-21521528-1022-4500-bc53-a85a0770776a None None] Getting OvsdbNbOvnIdl for WorkerService with retry
Aug 06 14:34:07 ubuntu neutron-server[138267]: DEBUG ovsdbapp.backend.ovs_idl [None req-f4752b87-83a6-4109-955e-4153b054c074 None None] Created lookup_table index Logical_Switch.name {{(pid=138267) autocreate_indices /usr/local/lib/python3.8/dist-packages/ovsdbapp/backend/ovs_idl/__init__.py:85}}
Aug 06 14:34:07 ubuntu neutron-server[138267]: DEBUG ovsdbapp.backend.ovs_idl [None req-f4752b87-83a6-4109-955e-4153b054c074 None None] Created lookup_table index Logical_Router.name {{(pid=138267) autocreate_indices /usr/local/lib/python3.8/dist-packages/ovsdbapp/backend/ovs_idl/__init__.py:85}}
Aug 06 14:34:07 ubuntu neutron-server[138267]: DEBUG ovsdbapp.backend.ovs_idl [None req-f4752b87-83a6-4109-955e-4153b054c074 None None] Created lookup_table index Load_Balancer.name {{(pid=138267) autocreate_indices /usr/local/lib/python3.8/dist-packages/ovsdbapp/backend/ovs_idl/__init__.py:85}}
Aug 06 14:34:07 ubuntu neutron-server[138267]: DEBUG ovsdbapp.backend.ovs_idl [None req-f4752b87-83a6-4109-955e-4153b054c074 None None] Created schema index Meter.name {{(pid=138267) autocreate_indices /usr/local/lib/python3.8/dist-packages/ovsdbapp/backend/ovs_idl/__init__.py:104}}
Aug 06 14:34:07 ubuntu neutron-server[138267]: DEBUG ovsdbapp.backend.ovs_idl [None req-f4752b87-83a6-4109-955e-4153b054c074 None None] Created schema index Address_Set.name {{(pid=138267) autocreate_indices /usr/local/lib/python3.8/dist-packages/ovsdbapp/backend/ovs_idl/__init__.py:104}}
Aug 06 14:34:07 ubuntu neutron-server[138267]: DEBUG ovsdbapp.backend.ovs_idl [None req-f4752b87-83a6-4109-955e-4153b054c074 None None] Created schema index HA_Chassis_Group.name {{(pid=138267) autocreate_indices /usr/local/lib/python3.8/dist-packages/ovsdbapp/backend/ovs_idl/__init__.py:104}}
Aug 06 14:34:07 ubuntu neutron-server[138267]: DEBUG ovsdbapp.backend.ovs_idl [None req-f4752b87-83a6-4109-955e-4153b054c074 None None] Created schema index Connection.target {{(pid=138267) autocreate_indices /usr/local/lib/python3.8/dist-packages/ovsdbapp/backend/ovs_idl/__init__.py:104}}
Aug 06 14:34:07 ubuntu neutron-server[138267]: DEBUG ovsdbapp.backend.ovs_idl [None req-f4752b87-83a6-4109-955e-4153b054c074 None None] Created schema index Gateway_Chassis.name {{(pid=138267) autocreate_indices /usr/local/lib/python3.8/dist-packages/ovsdbapp/backend/ovs_idl/__init__.py:104}}
Aug 06 14:34:07 ubuntu neutron-server[138267]: DEBUG ovsdbapp.backend.ovs_idl [None req-f4752b87-83a6-4109-955e-4153b054c074 None None] Created schema index Logical_Router_Port.name {{(pid=138267) autocreate_indices /usr/local/lib/python3.8/dist-packages/ovsdbapp/backend/ovs_idl/__init__.py:104}}
Aug 06 14:34:07 ubuntu neutron-server[138267]: DEBUG ovsdbapp.backend.ovs_idl [None req-f4752b87-83a6-4109-955e-4153b054c074 None None] Created schema index Port_Group.name {{(pid=138267) autocreate_indices /usr/local/lib/python3.8/dist-packages/ovsdbapp/backend/ovs_idl/__init__.py:104}}
Aug 06 14:34:07 ubuntu neutron-server[138267]: DEBUG ovsdbapp.backend.ovs_idl [None req-f4752b87-83a6-4109-955e-4153b054c074 None None] Created schema index Logical_Switch_Port.name {{(pid=138267) autocreate_indices /usr/local/lib/python3.8/dist-packages/ovsdbapp/backend/ovs_idl/__init__.py:104}}
Aug 06 14:34:07 ubuntu neutron-server[138481]: DEBUG ovsdbapp.backend.ovs_idl [None req-f143c581-ebc0-4db7-8658-d12cb9a935d6 None None] Created lookup_table index Logical_Switch.name {{(pid=138481) autocreate_indices /usr/local/lib/python3.8/dist-packages/ovsdbapp/backend/ovs_idl/__init__.py:85}}
Aug 06 14:34:07 ubuntu neutron-server[138481]: DEBUG ovsdbapp.backend.ovs_idl [None req-f143c581-ebc0-4db7-8658-d12cb9a935d6 None None] Created lookup_table index Logical_Router.name {{(pid=138481) autocreate_indices /usr/local/lib/python3.8/dist-packages/ovsdbapp/backend/ovs_idl/__init__.py:85}}
Aug 06 14:34:07 ubuntu neutron-server[138481]: DEBUG ovsdbapp.backend.ovs_idl [None req-f143c581-ebc0-4db7-8658-d12cb9a935d6 None None] Created lookup_table index Load_Balancer.name {{(pid=138481) autocreate_indices /usr/local/lib/python3.8/dist-packages/ovsdbapp/backend/ovs_idl/__init__.py:85}}
Aug 06 14:34:07 ubuntu neutron-server[138481]: DEBUG ovsdbapp.backend.ovs_idl [None req-f143c581-ebc0-4db7-8658-d12cb9a935d6 None None] Created schema index Meter.name {{(pid=138481) autocreate_indices /usr/local/lib/python3.8/dist-packages/ovsdbapp/backend/ovs_idl/__init__.py:104}}
Aug 06 14:34:07 ubuntu neutron-server[138481]: DEBUG ovsdbapp.backend.ovs_idl [None req-f143c581-ebc0-4db7-8658-d12cb9a935d6 None None] Created schema index Address_Set.name {{(pid=138481) autocreate_indices /usr/local/lib/python3.8/dist-packages/ovsdbapp/backend/ovs_idl/__init__.py:104}}
Aug 06 14:34:07 ubuntu neutron-server[138481]: DEBUG ovsdbapp.backend.ovs_idl [None req-f143c581-ebc0-4db7-8658-d12cb9a935d6 None None] Created schema index HA_Chassis_Group.name {{(pid=138481) autocreate_indices /usr/local/lib/python3.8/dist-packages/ovsdbapp/backend/ovs_idl/__init__.py:104}}
Aug 06 14:34:07 ubuntu neutron-server[138481]: DEBUG ovsdbapp.backend.ovs_idl [None req-f143c581-ebc0-4db7-8658-d12cb9a935d6 None None] Created schema index Connection.target {{(pid=138481) autocreate_indices /usr/local/lib/python3.8/dist-packages/ovsdbapp/backend/ovs_idl/__init__.py:104}}
Aug 06 14:34:07 ubuntu neutron-server[138481]: DEBUG ovsdbapp.backend.ovs_idl [None req-f143c581-ebc0-4db7-8658-d12cb9a935d6 None None] Created schema index Gateway_Chassis.name {{(pid=138481) autocreate_indices /usr/local/lib/python3.8/dist-packages/ovsdbapp/backend/ovs_idl/__init__.py:104}}
Aug 06 14:34:07 ubuntu neutron-server[138481]: DEBUG ovsdbapp.backend.ovs_idl [None req-f143c581-ebc0-4db7-8658-d12cb9a935d6 None None] Created schema index Logical_Router_Port.name {{(pid=138481) autocreate_indices /usr/local/lib/python3.8/dist-packages/ovsdbapp/backend/ovs_idl/__init__.py:104}}
Aug 06 14:34:07 ubuntu neutron-server[138481]: DEBUG ovsdbapp.backend.ovs_idl [None req-f143c581-ebc0-4db7-8658-d12cb9a935d6 None None] Created schema index Port_Group.name {{(pid=138481) autocreate_indices /usr/local/lib/python3.8/dist-packages/ovsdbapp/backend/ovs_idl/__init__.py:104}}
Aug 06 14:34:07 ubuntu neutron-server[138481]: DEBUG ovsdbapp.backend.ovs_idl [None req-f143c581-ebc0-4db7-8658-d12cb9a935d6 None None] Created schema index Logical_Switch_Port.name {{(pid=138481) autocreate_indices /usr/local/lib/python3.8/dist-packages/ovsdbapp/backend/ovs_idl/__init__.py:104}}
Aug 06 14:34:07 ubuntu neutron-server[138481]: INFO ovsdbapp.backend.ovs_idl.vlog [None req-f143c581-ebc0-4db7-8658-d12cb9a935d6 None None] tcp:192.168.79.39:6641: connecting...
Aug 06 14:34:07 ubuntu neutron-server[138481]: INFO ovsdbapp.backend.ovs_idl.vlog [None req-f143c581-ebc0-4db7-8658-d12cb9a935d6 None None] tcp:192.168.79.39:6641: connected
Aug 06 14:34:07 ubuntu neutron-server[138480]: DEBUG ovsdbapp.backend.ovs_idl [None req-21521528-1022-4500-bc53-a85a0770776a None None] Created lookup_table index Logical_Switch.name {{(pid=138480) autocreate_indices /usr/local/lib/python3.8/dist-packages/ovsdbapp/backend/ovs_idl/__init__.py:85}}
Aug 06 14:34:07 ubuntu neutron-server[138480]: DEBUG ovsdbapp.backend.ovs_idl [None req-21521528-1022-4500-bc53-a85a0770776a None None] Created lookup_table index Logical_Router.name {{(pid=138480) autocreate_indices /usr/local/lib/python3.8/dist-packages/ovsdbapp/backend/ovs_idl/__init__.py:85}}
Aug 06 14:34:07 ubuntu neutron-server[138480]: DEBUG ovsdbapp.backend.ovs_idl [None req-21521528-1022-4500-bc53-a85a0770776a None None] Created lookup_table index Load_Balancer.name {{(pid=138480) autocreate_indices /usr/local/lib/python3.8/dist-packages/ovsdbapp/backend/ovs_idl/__init__.py:85}}
Aug 06 14:34:07 ubuntu neutron-server[138480]: DEBUG ovsdbapp.backend.ovs_idl [None req-21521528-1022-4500-bc53-a85a0770776a None None] Created schema index Meter.name {{(pid=138480) autocreate_indices /usr/local/lib/python3.8/dist-packages/ovsdbapp/backend/ovs_idl/__init__.py:104}}
Aug 06 14:34:07 ubuntu neutron-server[138480]: DEBUG ovsdbapp.backend.ovs_idl [None req-21521528-1022-4500-bc53-a85a0770776a None None] Created schema index Address_Set.name {{(pid=138480) autocreate_indices /usr/local/lib/python3.8/dist-packages/ovsdbapp/backend/ovs_idl/__init__.py:104}}
Aug 06 14:34:07 ubuntu neutron-server[138480]: DEBUG ovsdbapp.backend.ovs_idl [None req-21521528-1022-4500-bc53-a85a0770776a None None] Created schema index HA_Chassis_Group.name {{(pid=138480) autocreate_indices /usr/local/lib/python3.8/dist-packages/ovsdbapp/backend/ovs_idl/__init__.py:104}}
Aug 06 14:34:07 ubuntu neutron-server[138480]: DEBUG ovsdbapp.backend.ovs_idl [None req-21521528-1022-4500-bc53-a85a0770776a None None] Created schema index Connection.target {{(pid=138480) autocreate_indices /usr/local/lib/python3.8/dist-packages/ovsdbapp/backend/ovs_idl/__init__.py:104}}
Aug 06 14:34:07 ubuntu neutron-server[138480]: DEBUG ovsdbapp.backend.ovs_idl [None req-21521528-1022-4500-bc53-a85a0770776a None None] Created schema index Gateway_Chassis.name {{(pid=138480) autocreate_indices /usr/local/lib/python3.8/dist-packages/ovsdbapp/backend/ovs_idl/__init__.py:104}}
Aug 06 14:34:07 ubuntu neutron-server[138480]: DEBUG ovsdbapp.backend.ovs_idl [None req-21521528-1022-4500-bc53-a85a0770776a None None] Created schema index Logical_Router_Port.name {{(pid=138480) autocreate_indices /usr/local/lib/python3.8/dist-packages/ovsdbapp/backend/ovs_idl/__init__.py:104}}
Aug 06 14:34:07 ubuntu neutron-server[138480]: DEBUG ovsdbapp.backend.ovs_idl [None req-21521528-1022-4500-bc53-a85a0770776a None None] Created schema index Port_Group.name {{(pid=138480) autocreate_indices /usr/local/lib/python3.8/dist-packages/ovsdbapp/backend/ovs_idl/__init__.py:104}}
Aug 06 14:34:07 ubuntu neutron-server[138480]: DEBUG ovsdbapp.backend.ovs_idl [None req-21521528-1022-4500-bc53-a85a0770776a None None] Created schema index Logical_Switch_Port.name {{(pid=138480) autocreate_indices /usr/local/lib/python3.8/dist-packages/ovsdbapp/backend/ovs_idl/__init__.py:104}}
Aug 06 14:34:07 ubuntu neutron-server[138480]: INFO ovsdbapp.backend.ovs_idl.vlog [None req-21521528-1022-4500-bc53-a85a0770776a None None] tcp:192.168.79.39:6641: connecting...
Aug 06 14:34:07 ubuntu neutron-server[138480]: INFO ovsdbapp.backend.ovs_idl.vlog [None req-21521528-1022-4500-bc53-a85a0770776a None None] tcp:192.168.79.39:6641: connected
Aug 06 14:34:07 ubuntu neutron-server[138267]: DEBUG ovsdbapp.backend.ovs_idl [None req-f4752b87-83a6-4109-955e-4153b054c074 None None] Created lookup_table index Chassis.name {{(pid=138267) autocreate_indices /usr/local/lib/python3.8/dist-packages/ovsdbapp/backend/ovs_idl/__init__.py:85}}
Aug 06 14:34:07 ubuntu neutron-server[138267]: DEBUG ovsdbapp.backend.ovs_idl [None req-f4752b87-83a6-4109-955e-4153b054c074 None None] Created lookup_table index MAC_Binding.ip {{(pid=138267) autocreate_indices /usr/local/lib/python3.8/dist-packages/ovsdbapp/backend/ovs_idl/__init__.py:85}}
Aug 06 14:34:07 ubuntu neutron-server[138267]: DEBUG ovsdbapp.backend.ovs_idl [None req-f4752b87-83a6-4109-955e-4153b054c074 None None] Created schema index Meter.name {{(pid=138267) autocreate_indices /usr/local/lib/python3.8/dist-packages/ovsdbapp/backend/ovs_idl/__init__.py:104}}
Aug 06 14:34:07 ubuntu neutron-server[138267]: DEBUG ovsdbapp.backend.ovs_idl [None req-f4752b87-83a6-4109-955e-4153b054c074 None None] Created schema index Address_Set.name {{(pid=138267) autocreate_indices /usr/local/lib/python3.8/dist-packages/ovsdbapp/backend/ovs_idl/__init__.py:104}}
Aug 06 14:34:07 ubuntu neutron-server[138267]: DEBUG ovsdbapp.backend.ovs_idl [None req-f4752b87-83a6-4109-955e-4153b054c074 None None] Created schema index HA_Chassis_Group.name {{(pid=138267) autocreate_indices /usr/local/lib/python3.8/dist-packages/ovsdbapp/backend/ovs_idl/__init__.py:104}}
Aug 06 14:34:07 ubuntu neutron-server[138267]: DEBUG ovsdbapp.backend.ovs_idl [None req-f4752b87-83a6-4109-955e-4153b054c074 None None] Created schema index IP_Multicast.datapath {{(pid=138267) autocreate_indices /usr/local/lib/python3.8/dist-packages/ovsdbapp/backend/ovs_idl/__init__.py:104}}
Aug 06 14:34:07 ubuntu neutron-server[138267]: DEBUG ovsdbapp.backend.ovs_idl [None req-f4752b87-83a6-4109-955e-4153b054c074 None None] Created schema index Connection.target {{(pid=138267) autocreate_indices /usr/local/lib/python3.8/dist-packages/ovsdbapp/backend/ovs_idl/__init__.py:104}}
Aug 06 14:34:07 ubuntu neutron-server[138267]: DEBUG ovsdbapp.backend.ovs_idl [None req-f4752b87-83a6-4109-955e-4153b054c074 None None] Created schema index Gateway_Chassis.name {{(pid=138267) autocreate_indices /usr/local/lib/python3.8/dist-packages/ovsdbapp/backend/ovs_idl/__init__.py:104}}
Aug 06 14:34:07 ubuntu neutron-server[138267]: DEBUG ovsdbapp.backend.ovs_idl [None req-f4752b87-83a6-4109-955e-4153b054c074 None None] Created schema index Port_Group.name {{(pid=138267) autocreate_indices /usr/local/lib/python3.8/dist-packages/ovsdbapp/backend/ovs_idl/__init__.py:104}}
Aug 06 14:34:07 ubuntu neutron-server[138267]: DEBUG ovsdbapp.backend.ovs_idl [None req-f4752b87-83a6-4109-955e-4153b054c074 None None] Created schema index Datapath_Binding.tunnel_key {{(pid=138267) autocreate_indices /usr/local/lib/python3.8/dist-packages/ovsdbapp/backend/ovs_idl/__init__.py:104}}
Aug 06 14:34:07 ubuntu neutron-server[138481]: DEBUG neutron.common.ovn.hash_ring_manager [None req-f143c581-ebc0-4db7-8658-d12cb9a935d6 None None] Allow caching, nodes 2>=2 {{(pid=138481) _wait_startup_before_caching /opt/stack/neutron/neutron/common/ovn/hash_ring_manager.py:60}}
Aug 06 14:34:07 ubuntu neutron-server[138480]: DEBUG neutron.common.ovn.hash_ring_manager [None req-21521528-1022-4500-bc53-a85a0770776a None None] Allow caching, nodes 2>=2 {{(pid=138480) _wait_startup_before_caching /opt/stack/neutron/neutron/common/ovn/hash_ring_manager.py:60}}
Aug 06 14:34:07 ubuntu neutron-server[138481]: DEBUG neutron.plugins.ml2.drivers.ovn.mech_driver.ovsdb.ovsdb_monitor [None req-f143c581-ebc0-4db7-8658-d12cb9a935d6 None None] Hash Ring: Node 5f146908-25b7-4560-bb77-d6531af1e3ff (host: ubuntu) handling event "create" for row a97034ed-32f0-4244-9cb4-68aa1508a383 (table: Database) {{(pid=138481) notify /opt/stack/neutron/neutron/plugins/ml2/drivers/ovn/mech_driver/ovsdb/ovsdb_monitor.py:743}}
Aug 06 14:34:07 ubuntu neutron-server[138481]: DEBUG neutron.plugins.ml2.drivers.ovn.mech_driver.ovsdb.ovsdb_monitor [None req-f143c581-ebc0-4db7-8658-d12cb9a935d6 None None] Hash Ring: Node 5f146908-25b7-4560-bb77-d6531af1e3ff (host: ubuntu) handling event "create" for row 8bcb6416-2108-49db-a3de-8f42ea3bd918 (table: Database) {{(pid=138481) notify /opt/stack/neutron/neutron/plugins/ml2/drivers/ovn/mech_driver/ovsdb/ovsdb_monitor.py:743}}
Aug 06 14:34:07 ubuntu neutron-server[138481]: DEBUG neutron.plugins.ml2.drivers.ovn.mech_driver.ovsdb.ovsdb_monitor [None req-f143c581-ebc0-4db7-8658-d12cb9a935d6 None None] Hash Ring: Node 5f146908-25b7-4560-bb77-d6531af1e3ff (host: ubuntu) handling event "create" for row 17d0818e-a77b-41a1-a208-29d65b2fa1cf (table: Port_Group) {{(pid=138481) notify /opt/stack/neutron/neutron/plugins/ml2/drivers/ovn/mech_driver/ovsdb/ovsdb_monitor.py:743}}
Aug 06 14:34:07 ubuntu neutron-server[138481]: DEBUG neutron.plugins.ml2.drivers.ovn.mech_driver.ovsdb.ovsdb_monitor [None req-f143c581-ebc0-4db7-8658-d12cb9a935d6 None None] Hash Ring: Node 5f146908-25b7-4560-bb77-d6531af1e3ff (host: ubuntu) handling event "create" for row 5db228b5-c2d6-4a0c-926c-2d25d8f10a61 (table: ACL) {{(pid=138481) notify /opt/stack/neutron/neutron/plugins/ml2/drivers/ovn/mech_driver/ovsdb/ovsdb_monitor.py:743}}
Aug 06 14:34:07 ubuntu neutron-server[138480]: DEBUG neutron.plugins.ml2.drivers.ovn.mech_driver.ovsdb.ovsdb_monitor [None req-21521528-1022-4500-bc53-a85a0770776a None None] Hash Ring: Node 90aa5cb2-3caa-4a25-b5ea-64a6d657b234 (host: ubuntu) handling event "create" for row db5658b3-1434-49ef-8c84-2e079f938dbf (table: NB_Global) {{(pid=138480) notify /opt/stack/neutron/neutron/plugins/ml2/drivers/ovn/mech_driver/ovsdb/ovsdb_monitor.py:743}}
Aug 06 14:34:07 ubuntu neutron-server[138480]: DEBUG neutron.plugins.ml2.drivers.ovn.mech_driver.ovsdb.ovsdb_monitor [None req-21521528-1022-4500-bc53-a85a0770776a None None] Hash Ring: Node 90aa5cb2-3caa-4a25-b5ea-64a6d657b234 (host: ubuntu) handling event "create" for row f8afd104-010c-48c4-a513-811947f9a4ac (table: ACL) {{(pid=138480) notify /opt/stack/neutron/neutron/plugins/ml2/drivers/ovn/mech_driver/ovsdb/ovsdb_monitor.py:743}}
Aug 06 14:34:07 ubuntu neutron-server[138480]: DEBUG neutron.plugins.ml2.drivers.ovn.mech_driver.ovsdb.ovsdb_monitor [None req-21521528-1022-4500-bc53-a85a0770776a None None] Hash Ring: Node 90aa5cb2-3caa-4a25-b5ea-64a6d657b234 (host: ubuntu) handling event "create" for row f1b86b6f-f2e4-4352-8c41-8e51276a510f (table: Connection) {{(pid=138480) notify /opt/stack/neutron/neutron/plugins/ml2/drivers/ovn/mech_driver/ovsdb/ovsdb_monitor.py:743}}
Aug 06 14:34:07 ubuntu neutron-server[138481]: INFO neutron.plugins.ml2.drivers.ovn.mech_driver.ovsdb.impl_idl_ovn [None req-f143c581-ebc0-4db7-8658-d12cb9a935d6 None None] Getting OvsdbSbOvnIdl for WorkerService with retry
Aug 06 14:34:07 ubuntu neutron-server[138480]: INFO neutron.plugins.ml2.drivers.ovn.mech_driver.ovsdb.impl_idl_ovn [None req-21521528-1022-4500-bc53-a85a0770776a None None] Getting OvsdbSbOvnIdl for WorkerService with retry
Aug 06 14:34:07 ubuntu neutron-server[138480]: DEBUG ovsdbapp.backend.ovs_idl [None req-21521528-1022-4500-bc53-a85a0770776a None None] Created lookup_table index Chassis.name {{(pid=138480) autocreate_indices /usr/local/lib/python3.8/dist-packages/ovsdbapp/backend/ovs_idl/__init__.py:85}}
Aug 06 14:34:07 ubuntu neutron-server[138481]: DEBUG ovsdbapp.backend.ovs_idl [None req-f143c581-ebc0-4db7-8658-d12cb9a935d6 None None] Created lookup_table index Chassis.name {{(pid=138481) autocreate_indices /usr/local/lib/python3.8/dist-packages/ovsdbapp/backend/ovs_idl/__init__.py:85}}
Aug 06 14:34:07 ubuntu neutron-server[138480]: DEBUG ovsdbapp.backend.ovs_idl [None req-21521528-1022-4500-bc53-a85a0770776a None None] Created schema index Datapath_Binding.tunnel_key {{(pid=138480) autocreate_indices /usr/local/lib/python3.8/dist-packages/ovsdbapp/backend/ovs_idl/__init__.py:104}}
Aug 06 14:34:07 ubuntu neutron-server[138480]: DEBUG ovsdbapp.backend.ovs_idl [None req-21521528-1022-4500-bc53-a85a0770776a None None] Created schema index Connection.target {{(pid=138480) autocreate_indices /usr/local/lib/python3.8/dist-packages/ovsdbapp/backend/ovs_idl/__init__.py:104}}
Aug 06 14:34:07 ubuntu neutron-server[138481]: DEBUG ovsdbapp.backend.ovs_idl [None req-f143c581-ebc0-4db7-8658-d12cb9a935d6 None None] Created schema index Datapath_Binding.tunnel_key {{(pid=138481) autocreate_indices /usr/local/lib/python3.8/dist-packages/ovsdbapp/backend/ovs_idl/__init__.py:104}}
Aug 06 14:34:07 ubuntu neutron-server[138481]: DEBUG ovsdbapp.backend.ovs_idl [None req-f143c581-ebc0-4db7-8658-d12cb9a935d6 None None] Created schema index Connection.target {{(pid=138481) autocreate_indices /usr/local/lib/python3.8/dist-packages/ovsdbapp/backend/ovs_idl/__init__.py:104}}
Aug 06 14:34:07 ubuntu neutron-server[138480]: INFO ovsdbapp.backend.ovs_idl.vlog [None req-21521528-1022-4500-bc53-a85a0770776a None None] tcp:192.168.79.39:6642: connecting...
Aug 06 14:34:07 ubuntu neutron-server[138480]: INFO ovsdbapp.backend.ovs_idl.vlog [None req-21521528-1022-4500-bc53-a85a0770776a None None] tcp:192.168.79.39:6642: connected
Aug 06 14:34:07 ubuntu neutron-server[138481]: INFO ovsdbapp.backend.ovs_idl.vlog [None req-f143c581-ebc0-4db7-8658-d12cb9a935d6 None None] tcp:192.168.79.39:6642: connecting...
Aug 06 14:34:07 ubuntu neutron-server[138481]: INFO ovsdbapp.backend.ovs_idl.vlog [None req-f143c581-ebc0-4db7-8658-d12cb9a935d6 None None] tcp:192.168.79.39:6642: connected
Aug 06 14:34:07 ubuntu neutron-server[138267]: INFO oslo_service.service [None req-f4752b87-83a6-4109-955e-4153b054c074 None None] Starting 1 workers
Aug 06 14:34:07 ubuntu neutron-server[138480]: DEBUG neutron.common.ovn.hash_ring_manager [None req-21521528-1022-4500-bc53-a85a0770776a None None] Allow caching, nodes 2>=2 {{(pid=138480) _wait_startup_before_caching /opt/stack/neutron/neutron/common/ovn/hash_ring_manager.py:60}}
Aug 06 14:34:07 ubuntu neutron-server[138481]: DEBUG neutron.common.ovn.hash_ring_manager [None req-f143c581-ebc0-4db7-8658-d12cb9a935d6 None None] Allow caching, nodes 2>=2 {{(pid=138481) _wait_startup_before_caching /opt/stack/neutron/neutron/common/ovn/hash_ring_manager.py:60}}
Aug 06 14:34:07 ubuntu neutron-server[138267]: DEBUG oslo_service.service [None req-f4752b87-83a6-4109-955e-4153b054c074 None None] Started child 138483 {{(pid=138267) _start_child /usr/local/lib/python3.8/dist-packages/oslo_service/service.py:575}}
Aug 06 14:34:07 ubuntu neutron-server[138267]: INFO oslo_service.service [None req-f4752b87-83a6-4109-955e-4153b054c074 None None] Starting 1 workers
Aug 06 14:34:07 ubuntu neutron-server[138481]: DEBUG neutron.plugins.ml2.drivers.ovn.mech_driver.ovsdb.ovsdb_monitor [None req-f143c581-ebc0-4db7-8658-d12cb9a935d6 None None] Hash Ring: Node 5f146908-25b7-4560-bb77-d6531af1e3ff (host: ubuntu) handling event "create" for row 06bbda98-f6c9-4be5-9eca-1caacec33ff1 (table: Database) {{(pid=138481) notify /opt/stack/neutron/neutron/plugins/ml2/drivers/ovn/mech_driver/ovsdb/ovsdb_monitor.py:743}}
Aug 06 14:34:07 ubuntu neutron-server[138480]: DEBUG neutron.plugins.ml2.drivers.ovn.mech_driver.ovsdb.ovsdb_monitor [None req-21521528-1022-4500-bc53-a85a0770776a None None] Hash Ring: Node 90aa5cb2-3caa-4a25-b5ea-64a6d657b234 (host: ubuntu) handling event "create" for row b9fe903b-6244-4c32-a7d5-cebc8b693e9a (table: Database) {{(pid=138480) notify /opt/stack/neutron/neutron/plugins/ml2/drivers/ovn/mech_driver/ovsdb/ovsdb_monitor.py:743}}
Aug 06 14:34:07 ubuntu neutron-server[138267]: DEBUG oslo_service.service [None req-f4752b87-83a6-4109-955e-4153b054c074 None None] Started child 138484 {{(pid=138267) _start_child /usr/local/lib/python3.8/dist-packages/oslo_service/service.py:575}}
Aug 06 14:34:07 ubuntu neutron-server[138483]: DEBUG neutron.service [None req-f4752b87-83a6-4109-955e-4153b054c074 None None] calling RpcWorker wait() {{(pid=138483) _wait /opt/stack/neutron/neutron/service.py:128}}
Aug 06 14:34:07 ubuntu neutron-server[138483]: DEBUG neutron.service [None req-f4752b87-83a6-4109-955e-4153b054c074 None None] returning from RpcWorker wait() {{(pid=138483) _wait /opt/stack/neutron/neutron/service.py:135}}
Aug 06 14:34:07 ubuntu neutron-server[138480]: DEBUG neutron.plugins.ml2.drivers.ovn.mech_driver.ovsdb.ovsdb_monitor [None req-21521528-1022-4500-bc53-a85a0770776a None None] Hash Ring: Node 90aa5cb2-3caa-4a25-b5ea-64a6d657b234 (host: ubuntu) handling event "create" for row 2b702e63-6b88-4cc4-ba22-7e0618cf686d (table: Encap) {{(pid=138480) notify /opt/stack/neutron/neutron/plugins/ml2/drivers/ovn/mech_driver/ovsdb/ovsdb_monitor.py:743}}
Aug 06 14:34:07 ubuntu neutron-server[138480]: DEBUG neutron.plugins.ml2.drivers.ovn.mech_driver.ovsdb.ovsdb_monitor [None req-21521528-1022-4500-bc53-a85a0770776a None None] ChassisMetadataAgentWriteEvent : Matched Chassis, create, None None {{(pid=138480) matches /opt/stack/neutron/neutron/plugins/ml2/drivers/ovn/mech_driver/ovsdb/ovsdb_monitor.py:62}}
Aug 06 14:34:07 ubuntu neutron-server[138480]: DEBUG neutron.plugins.ml2.drivers.ovn.mech_driver.ovsdb.ovsdb_monitor [None req-21521528-1022-4500-bc53-a85a0770776a None None] ChassisAgentWriteEvent : Matched Chassis, create, None None {{(pid=138480) matches /opt/stack/neutron/neutron/plugins/ml2/drivers/ovn/mech_driver/ovsdb/ovsdb_monitor.py:62}}
Aug 06 14:34:07 ubuntu neutron-server[138267]: INFO oslo_service.service [None req-f4752b87-83a6-4109-955e-4153b054c074 None None] Starting 1 workers
Aug 06 14:34:07 ubuntu neutron-server[138483]: DEBUG neutron_lib.callbacks.manager [-] Publish callbacks ['neutron.plugins.ml2.drivers.ovn.mech_driver.mech_driver.OVNMechanismDriver.post_fork_initialize-690269'] for process (None), after_init {{(pid=138483) _notify_loop /usr/local/lib/python3.8/dist-packages/neutron_lib/callbacks/manager.py:176}}
Aug 06 14:34:07 ubuntu neutron-server[138480]: DEBUG neutron.plugins.ml2.drivers.ovn.mech_driver.ovsdb.ovsdb_monitor [None req-21521528-1022-4500-bc53-a85a0770776a None None] Hash Ring: Node 90aa5cb2-3caa-4a25-b5ea-64a6d657b234 (host: ubuntu) handling event "create" for row 1b1e7d8f-7cf2-4bac-a3ae-3ea428b76b1a (table: Chassis) {{(pid=138480) notify /opt/stack/neutron/neutron/plugins/ml2/drivers/ovn/mech_driver/ovsdb/ovsdb_monitor.py:743}}
Aug 06 14:34:07 ubuntu neutron-server[138483]: INFO neutron.plugins.ml2.drivers.ovn.mech_driver.ovsdb.impl_idl_ovn [-] Getting OvsdbNbOvnIdl for RpcWorker with retry
Aug 06 14:34:07 ubuntu neutron-server[138480]: INFO neutron.wsgi [-] (138480) wsgi starting up on http://0.0.0.0:9696
Aug 06 14:34:07 ubuntu neutron-server[138267]: DEBUG oslo_service.service [None req-f4752b87-83a6-4109-955e-4153b054c074 None None] Started child 138485 {{(pid=138267) _start_child /usr/local/lib/python3.8/dist-packages/oslo_service/service.py:575}}
