Aug 08 10:12:42 ubuntu neutron-server[131809]: DEBUG neutron.api.extensions [None req-42b8d374-2f12-4324-b963-71c9b5f2d6d0 None None] Ext name="Resource timestamps" alias="standard-attr-timestamp" description="Adds created_at and updated_at fields to all Neutron resources that have Neutron standard attributes." updated="2016-09-12T10:00:00-00:00" {{(pid=131809) _check_extension /opt/stack/neutron/neutron/api/extensions.py:416}}
Aug 08 10:12:42 ubuntu neutron-server[131809]: INFO neutron.api.extensions [None req-42b8d374-2f12-4324-b963-71c9b5f2d6d0 None None] Loaded extension: standard-attr-timestamp
Aug 08 10:12:42 ubuntu neutron-server[131809]: DEBUG neutron.api.extensions [None req-42b8d374-2f12-4324-b963-71c9b5f2d6d0 None None] Loading extension file: trunk.py {{(pid=131809) _load_all_extensions_from_path /opt/stack/neutron/neutron/api/extensions.py:450}}
Aug 08 10:12:42 ubuntu neutron-server[131809]: DEBUG neutron.api.extensions [None req-42b8d374-2f12-4324-b963-71c9b5f2d6d0 None None] Ext name="Trunk Extension" alias="trunk" description="Provides support for trunk ports" updated="2016-01-01T10:00:00-00:00" {{(pid=131809) _check_extension /opt/stack/neutron/neutron/api/extensions.py:416}}
Aug 08 10:12:42 ubuntu neutron-server[131809]: INFO neutron.api.extensions [None req-42b8d374-2f12-4324-b963-71c9b5f2d6d0 None None] Extension trunk not supported by any of loaded plugins
Aug 08 10:12:42 ubuntu neutron-server[131809]: DEBUG neutron.api.extensions [None req-42b8d374-2f12-4324-b963-71c9b5f2d6d0 None None] Loading extension file: trunk_details.py {{(pid=131809) _load_all_extensions_from_path /opt/stack/neutron/neutron/api/extensions.py:450}}
Aug 08 10:12:42 ubuntu neutron-server[131809]: DEBUG neutron.api.extensions [None req-42b8d374-2f12-4324-b963-71c9b5f2d6d0 None None] Ext name="Trunk port details" alias="trunk-details" description="Expose trunk port details" updated="2016-01-01T10:00:00-00:00" {{(pid=131809) _check_extension /opt/stack/neutron/neutron/api/extensions.py:416}}
Aug 08 10:12:42 ubuntu neutron-server[131809]: INFO neutron.api.extensions [None req-42b8d374-2f12-4324-b963-71c9b5f2d6d0 None None] Extension trunk-details not supported by any of loaded plugins
Aug 08 10:12:42 ubuntu neutron-server[131809]: DEBUG neutron.api.extensions [None req-42b8d374-2f12-4324-b963-71c9b5f2d6d0 None None] Loading extension file: uplink_status_propagation.py {{(pid=131809) _load_all_extensions_from_path /opt/stack/neutron/neutron/api/extensions.py:450}}
Aug 08 10:12:42 ubuntu neutron-server[131809]: DEBUG neutron.api.extensions [None req-42b8d374-2f12-4324-b963-71c9b5f2d6d0 None None] Ext name="Uplink status propagation extension" alias="uplink-status-propagation" description="Provides ability to propagate port uplink status." updated="2018-05-31T18:00:00-00:00" {{(pid=131809) _check_extension /opt/stack/neutron/neutron/api/extensions.py:416}}
Aug 08 10:12:42 ubuntu neutron-server[131809]: INFO neutron.api.extensions [None req-42b8d374-2f12-4324-b963-71c9b5f2d6d0 None None] Extension uplink-status-propagation not supported by any of loaded plugins
Aug 08 10:12:42 ubuntu neutron-server[131809]: DEBUG neutron.api.extensions [None req-42b8d374-2f12-4324-b963-71c9b5f2d6d0 None None] Loading extension file: vlantransparent.py {{(pid=131809) _load_all_extensions_from_path /opt/stack/neutron/neutron/api/extensions.py:450}}
Aug 08 10:12:42 ubuntu neutron-server[131809]: DEBUG neutron.api.extensions [None req-42b8d374-2f12-4324-b963-71c9b5f2d6d0 None None] Ext name="Vlantransparent" alias="vlan-transparent" description="Provides Vlan Transparent Networks" updated="2015-03-23T09:00:00-00:00" {{(pid=131809) _check_extension /opt/stack/neutron/neutron/api/extensions.py:416}}
Aug 08 10:12:42 ubuntu neutron-server[131809]: INFO neutron.api.extensions [None req-42b8d374-2f12-4324-b963-71c9b5f2d6d0 None None] Extension vlan-transparent not supported by any of loaded plugins
Aug 08 10:12:42 ubuntu neutron-server[131809]: INFO neutron.quota.resource_registry [None req-42b8d374-2f12-4324-b963-71c9b5f2d6d0 None None] Creating instance of TrackedResource for resource:network
Aug 08 10:12:42 ubuntu neutron-server[131809]: INFO neutron.quota.resource_registry [None req-42b8d374-2f12-4324-b963-71c9b5f2d6d0 None None] Creating instance of TrackedResource for resource:subnet
Aug 08 10:12:42 ubuntu neutron-server[131809]: INFO neutron.quota.resource_registry [None req-42b8d374-2f12-4324-b963-71c9b5f2d6d0 None None] Creating instance of TrackedResource for resource:subnetpool
Aug 08 10:12:42 ubuntu neutron-server[131809]: INFO neutron.quota.resource_registry [None req-42b8d374-2f12-4324-b963-71c9b5f2d6d0 None None] Creating instance of TrackedResource for resource:port
Aug 08 10:12:42 ubuntu neutron-server[131809]: DEBUG neutron.api.v2.resource_helper [None req-42b8d374-2f12-4324-b963-71c9b5f2d6d0 None None] Service FLAVORS assigned prefix:  {{(pid=131809) build_resource_info /opt/stack/neutron/neutron/api/v2/resource_helper.py:77}}
Aug 08 10:12:42 ubuntu neutron-server[131809]: DEBUG neutron.api.v2.resource_helper [None req-42b8d374-2f12-4324-b963-71c9b5f2d6d0 None None] Service L3_ROUTER_NAT assigned prefix:  {{(pid=131809) build_resource_info /opt/stack/neutron/neutron/api/v2/resource_helper.py:77}}
Aug 08 10:12:42 ubuntu neutron-server[131809]: DEBUG neutron.api.v2.resource_helper [None req-42b8d374-2f12-4324-b963-71c9b5f2d6d0 None None] Service L3_ROUTER_NAT assigned prefix:  {{(pid=131809) build_resource_info /opt/stack/neutron/neutron/api/v2/resource_helper.py:77}}
Aug 08 10:12:42 ubuntu neutron-server[131809]: INFO neutron.quota.resource_registry [None req-42b8d374-2f12-4324-b963-71c9b5f2d6d0 None None] Creating instance of TrackedResource for resource:router
Aug 08 10:12:42 ubuntu neutron-server[131809]: INFO neutron.quota.resource_registry [None req-42b8d374-2f12-4324-b963-71c9b5f2d6d0 None None] Creating instance of TrackedResource for resource:floatingip
Aug 08 10:12:42 ubuntu neutron-server[131809]: DEBUG neutron_lib.callbacks.manager [None req-42b8d374-2f12-4324-b963-71c9b5f2d6d0 None None] Subscribe: <bound method NeutronDbPluginV2.validate_network_rbac_policy_change of <neutron.services.network_ip_availability.plugin.NetworkIPAvailabilityPlugin object at 0x7fcbe88f5070>> rbac-policy before_create 55550000 {{(pid=131809) subscribe /usr/local/lib/python3.8/dist-packages/neutron_lib/callbacks/manager.py:45}}
Aug 08 10:12:42 ubuntu neutron-server[131809]: DEBUG neutron_lib.callbacks.manager [None req-42b8d374-2f12-4324-b963-71c9b5f2d6d0 None None] Subscribe: <bound method NeutronDbPluginV2.validate_network_rbac_policy_change of <neutron.services.network_ip_availability.plugin.NetworkIPAvailabilityPlugin object at 0x7fcbe88f5070>> rbac-policy before_update 55550000 {{(pid=131809) subscribe /usr/local/lib/python3.8/dist-packages/neutron_lib/callbacks/manager.py:45}}
Aug 08 10:12:42 ubuntu neutron-server[131809]: DEBUG neutron_lib.callbacks.manager [None req-42b8d374-2f12-4324-b963-71c9b5f2d6d0 None None] Subscribe: <bound method NeutronDbPluginV2.validate_network_rbac_policy_change of <neutron.services.network_ip_availability.plugin.NetworkIPAvailabilityPlugin object at 0x7fcbe88f5070>> rbac-policy before_delete 55550000 {{(pid=131809) subscribe /usr/local/lib/python3.8/dist-packages/neutron_lib/callbacks/manager.py:45}}
Aug 08 10:12:42 ubuntu neutron-server[131809]: INFO neutron.quota.resource_registry [None req-42b8d374-2f12-4324-b963-71c9b5f2d6d0 None None] Creating instance of CountableResource for resource:rbac_policy
Aug 08 10:12:42 ubuntu neutron-server[131809]: INFO neutron.quota.resource_registry [None req-42b8d374-2f12-4324-b963-71c9b5f2d6d0 None None] Creating instance of TrackedResource for resource:security_group
Aug 08 10:12:42 ubuntu neutron-server[131809]: INFO neutron.quota.resource_registry [None req-42b8d374-2f12-4324-b963-71c9b5f2d6d0 None None] Creating instance of TrackedResource for resource:security_group_rule
Aug 08 10:12:42 ubuntu neutron-server[131809]: DEBUG neutron.api.v2.resource_helper [None req-42b8d374-2f12-4324-b963-71c9b5f2d6d0 None None] Service FLAVORS assigned prefix:  {{(pid=131809) build_resource_info /opt/stack/neutron/neutron/api/v2/resource_helper.py:77}}
Aug 08 10:12:42 ubuntu neutron-server[131809]: DEBUG neutron.api.v2.resource_helper [None req-42b8d374-2f12-4324-b963-71c9b5f2d6d0 None None] Service L3_ROUTER_NAT assigned prefix:  {{(pid=131809) build_resource_info /opt/stack/neutron/neutron/api/v2/resource_helper.py:77}}
Aug 08 10:12:42 ubuntu neutron-server[131809]: DEBUG neutron.api.v2.resource_helper [None req-42b8d374-2f12-4324-b963-71c9b5f2d6d0 None None] Service L3_ROUTER_NAT assigned prefix:  {{(pid=131809) build_resource_info /opt/stack/neutron/neutron/api/v2/resource_helper.py:77}}
Aug 08 10:12:42 ubuntu neutron-server[131809]: INFO neutron.quota.resource_registry [None req-42b8d374-2f12-4324-b963-71c9b5f2d6d0 None None] Creating instance of TrackedResource for resource:router
Aug 08 10:12:42 ubuntu neutron-server[131809]: WARNING neutron.quota.resource_registry [None req-42b8d374-2f12-4324-b963-71c9b5f2d6d0 None None] router is already registered
Aug 08 10:12:42 ubuntu neutron-server[131809]: INFO neutron.quota.resource_registry [None req-42b8d374-2f12-4324-b963-71c9b5f2d6d0 None None] Creating instance of TrackedResource for resource:floatingip
Aug 08 10:12:42 ubuntu neutron-server[131809]: WARNING neutron.quota.resource_registry [None req-42b8d374-2f12-4324-b963-71c9b5f2d6d0 None None] floatingip is already registered
Aug 08 10:12:42 ubuntu neutron-server[131809]: INFO neutron.quota.resource_registry [None req-42b8d374-2f12-4324-b963-71c9b5f2d6d0 None None] Creating instance of CountableResource for resource:rbac_policy
Aug 08 10:12:42 ubuntu neutron-server[131809]: WARNING neutron.quota.resource_registry [None req-42b8d374-2f12-4324-b963-71c9b5f2d6d0 None None] rbac_policy is already registered
Aug 08 10:12:42 ubuntu neutron-server[131809]: INFO neutron.quota.resource_registry [None req-42b8d374-2f12-4324-b963-71c9b5f2d6d0 None None] Creating instance of TrackedResource for resource:security_group
Aug 08 10:12:42 ubuntu neutron-server[131809]: WARNING neutron.quota.resource_registry [None req-42b8d374-2f12-4324-b963-71c9b5f2d6d0 None None] security_group is already registered
Aug 08 10:12:42 ubuntu neutron-server[131809]: INFO neutron.quota.resource_registry [None req-42b8d374-2f12-4324-b963-71c9b5f2d6d0 None None] Creating instance of TrackedResource for resource:security_group_rule
Aug 08 10:12:42 ubuntu neutron-server[131809]: WARNING neutron.quota.resource_registry [None req-42b8d374-2f12-4324-b963-71c9b5f2d6d0 None None] security_group_rule is already registered
Aug 08 10:12:42 ubuntu neutron-server[131809]: DEBUG neutron.api.extensions [None req-42b8d374-2f12-4324-b963-71c9b5f2d6d0 None None] Extended resource: extensions {{(pid=131809) __init__ /opt/stack/neutron/neutron/api/extensions.py:157}}
Aug 08 10:12:42 ubuntu neutron-server[131809]: DEBUG neutron.api.extensions [None req-42b8d374-2f12-4324-b963-71c9b5f2d6d0 None None] Extended resource: address-groups {{(pid=131809) __init__ /opt/stack/neutron/neutron/api/extensions.py:157}}
Aug 08 10:12:42 ubuntu neutron-server[131809]: DEBUG neutron.api.extensions [None req-42b8d374-2f12-4324-b963-71c9b5f2d6d0 None None] Extended resource: address-scopes {{(pid=131809) __init__ /opt/stack/neutron/neutron/api/extensions.py:157}}
Aug 08 10:12:42 ubuntu neutron-server[131809]: DEBUG neutron.api.extensions [None req-42b8d374-2f12-4324-b963-71c9b5f2d6d0 None None] Extended resource: agents {{(pid=131809) __init__ /opt/stack/neutron/neutron/api/extensions.py:157}}
Aug 08 10:12:42 ubuntu neutron-server[131809]: DEBUG neutron.api.extensions [None req-42b8d374-2f12-4324-b963-71c9b5f2d6d0 None None] Extended resource: auto-allocated-topology {{(pid=131809) __init__ /opt/stack/neutron/neutron/api/extensions.py:157}}
Aug 08 10:12:42 ubuntu neutron-server[131809]: DEBUG neutron.api.extensions [None req-42b8d374-2f12-4324-b963-71c9b5f2d6d0 None None] Extended resource: availability_zones {{(pid=131809) __init__ /opt/stack/neutron/neutron/api/extensions.py:157}}
Aug 08 10:12:42 ubuntu neutron-server[131809]: DEBUG neutron.api.extensions [None req-42b8d374-2f12-4324-b963-71c9b5f2d6d0 None None] Extended resource: flavors {{(pid=131809) __init__ /opt/stack/neutron/neutron/api/extensions.py:157}}
Aug 08 10:12:42 ubuntu neutron-server[131809]: DEBUG neutron.api.extensions [None req-42b8d374-2f12-4324-b963-71c9b5f2d6d0 None None] Extended resource: service_profiles {{(pid=131809) __init__ /opt/stack/neutron/neutron/api/extensions.py:157}}
Aug 08 10:12:42 ubuntu neutron-server[131809]: DEBUG neutron.api.extensions [None req-42b8d374-2f12-4324-b963-71c9b5f2d6d0 None None] Extended resource: next_providers {{(pid=131809) __init__ /opt/stack/neutron/neutron/api/extensions.py:157}}
Aug 08 10:12:42 ubuntu neutron-server[131809]: DEBUG neutron.api.extensions [None req-42b8d374-2f12-4324-b963-71c9b5f2d6d0 None None] Extended resource: service_profiles {{(pid=131809) __init__ /opt/stack/neutron/neutron/api/extensions.py:157}}
Aug 08 10:12:42 ubuntu neutron-server[131809]: DEBUG neutron.api.extensions [None req-42b8d374-2f12-4324-b963-71c9b5f2d6d0 None None] Extended resource: floatingip-pools {{(pid=131809) __init__ /opt/stack/neutron/neutron/api/extensions.py:157}}
Aug 08 10:12:42 ubuntu neutron-server[131809]: DEBUG neutron.api.extensions [None req-42b8d374-2f12-4324-b963-71c9b5f2d6d0 None None] Extended resource: routers {{(pid=131809) __init__ /opt/stack/neutron/neutron/api/extensions.py:157}}
Aug 08 10:12:42 ubuntu neutron-server[131809]: DEBUG neutron.api.extensions [None req-42b8d374-2f12-4324-b963-71c9b5f2d6d0 None None] Extended resource: floatingips {{(pid=131809) __init__ /opt/stack/neutron/neutron/api/extensions.py:157}}
Aug 08 10:12:42 ubuntu neutron-server[131809]: DEBUG neutron.api.extensions [None req-42b8d374-2f12-4324-b963-71c9b5f2d6d0 None None] Extended resource: network-ip-availabilities {{(pid=131809) __init__ /opt/stack/neutron/neutron/api/extensions.py:157}}
Aug 08 10:12:42 ubuntu neutron-server[131809]: DEBUG neutron.api.extensions [None req-42b8d374-2f12-4324-b963-71c9b5f2d6d0 None None] Extended resource: bindings {{(pid=131809) __init__ /opt/stack/neutron/neutron/api/extensions.py:157}}
Aug 08 10:12:42 ubuntu neutron-server[131809]: DEBUG neutron.api.extensions [None req-42b8d374-2f12-4324-b963-71c9b5f2d6d0 None None] Extended resource: quotas {{(pid=131809) __init__ /opt/stack/neutron/neutron/api/extensions.py:157}}
Aug 08 10:12:42 ubuntu neutron-server[131809]: DEBUG neutron.api.extensions [None req-42b8d374-2f12-4324-b963-71c9b5f2d6d0 None None] Extended resource: quotas {{(pid=131809) __init__ /opt/stack/neutron/neutron/api/extensions.py:157}}
Aug 08 10:12:42 ubuntu neutron-server[131809]: DEBUG neutron.api.extensions [None req-42b8d374-2f12-4324-b963-71c9b5f2d6d0 None None] Extended resource: rbac-policies {{(pid=131809) __init__ /opt/stack/neutron/neutron/api/extensions.py:157}}
Aug 08 10:12:42 ubuntu neutron-server[131809]: DEBUG neutron.api.extensions [None req-42b8d374-2f12-4324-b963-71c9b5f2d6d0 None None] Extended resource: security-groups {{(pid=131809) __init__ /opt/stack/neutron/neutron/api/extensions.py:157}}
Aug 08 10:12:42 ubuntu neutron-server[131809]: DEBUG neutron.api.extensions [None req-42b8d374-2f12-4324-b963-71c9b5f2d6d0 None None] Extended resource: security-group-rules {{(pid=131809) __init__ /opt/stack/neutron/neutron/api/extensions.py:157}}
Aug 08 10:12:42 ubuntu neutron-server[131809]: DEBUG neutron.api.extensions [None req-42b8d374-2f12-4324-b963-71c9b5f2d6d0 None None] Extended resource: service-providers {{(pid=131809) __init__ /opt/stack/neutron/neutron/api/extensions.py:157}}
Aug 08 10:12:42 ubuntu neutron-server[131809]: DEBUG neutron.api.extensions [None req-42b8d374-2f12-4324-b963-71c9b5f2d6d0 None None] Extended resource: tags {{(pid=131809) __init__ /opt/stack/neutron/neutron/api/extensions.py:157}}
Aug 08 10:12:42 ubuntu neutron-server[131809]: DEBUG neutron.api.extensions [None req-42b8d374-2f12-4324-b963-71c9b5f2d6d0 None None] Extended resource: tags {{(pid=131809) __init__ /opt/stack/neutron/neutron/api/extensions.py:157}}
Aug 08 10:12:42 ubuntu neutron-server[131809]: DEBUG neutron.api.extensions [None req-42b8d374-2f12-4324-b963-71c9b5f2d6d0 None None] Extended resource: tags {{(pid=131809) __init__ /opt/stack/neutron/neutron/api/extensions.py:157}}
Aug 08 10:12:42 ubuntu neutron-server[131809]: DEBUG neutron.api.extensions [None req-42b8d374-2f12-4324-b963-71c9b5f2d6d0 None None] Extended resource: tags {{(pid=131809) __init__ /opt/stack/neutron/neutron/api/extensions.py:157}}
Aug 08 10:12:42 ubuntu neutron-server[131809]: DEBUG neutron.api.extensions [None req-42b8d374-2f12-4324-b963-71c9b5f2d6d0 None None] Extended resource: tags {{(pid=131809) __init__ /opt/stack/neutron/neutron/api/extensions.py:157}}
Aug 08 10:12:42 ubuntu neutron-server[131809]: DEBUG neutron.api.extensions [None req-42b8d374-2f12-4324-b963-71c9b5f2d6d0 None None] Extended resource: tags {{(pid=131809) __init__ /opt/stack/neutron/neutron/api/extensions.py:157}}
Aug 08 10:12:42 ubuntu neutron-server[131809]: DEBUG neutron.api.extensions [None req-42b8d374-2f12-4324-b963-71c9b5f2d6d0 None None] Extended resource: tags {{(pid=131809) __init__ /opt/stack/neutron/neutron/api/extensions.py:157}}
Aug 08 10:12:42 ubuntu neutron-server[131809]: DEBUG neutron.api.extensions [None req-42b8d374-2f12-4324-b963-71c9b5f2d6d0 None None] Extended resource: tags {{(pid=131809) __init__ /opt/stack/neutron/neutron/api/extensions.py:157}}
Aug 08 10:12:42 ubuntu neutron-server[131809]: DEBUG neutron.api.extensions [None req-42b8d374-2f12-4324-b963-71c9b5f2d6d0 None None] Extended resource: tags {{(pid=131809) __init__ /opt/stack/neutron/neutron/api/extensions.py:157}}
Aug 08 10:12:42 ubuntu neutron-server[131809]: DEBUG neutron.api.extensions [None req-42b8d374-2f12-4324-b963-71c9b5f2d6d0 None None] Extended resource: tags {{(pid=131809) __init__ /opt/stack/neutron/neutron/api/extensions.py:157}}
Aug 08 10:12:42 ubuntu neutron-server[131809]: WARNING keystonemiddleware.auth_token [None req-42b8d374-2f12-4324-b963-71c9b5f2d6d0 None None] AuthToken middleware is set with keystone_authtoken.service_token_roles_required set to False. This is backwards compatible but deprecated behaviour. Please set this to True.
Aug 08 10:12:42 ubuntu neutron-server[131809]: WARNING keystonemiddleware.auth_token [None req-42b8d374-2f12-4324-b963-71c9b5f2d6d0 None None] Configuring www_authenticate_uri to point to the public identity endpoint is required; clients may not be able to authenticate against an admin endpoint
Aug 08 10:12:42 ubuntu neutron-server[131809]: DEBUG oslo_concurrency.lockutils [None req-42b8d374-2f12-4324-b963-71c9b5f2d6d0 None None] Acquiring lock "singleton_lock" {{(pid=131809) lock /usr/local/lib/python3.8/dist-packages/oslo_concurrency/lockutils.py:293}}
Aug 08 10:12:42 ubuntu neutron-server[131809]: DEBUG oslo_concurrency.lockutils [None req-42b8d374-2f12-4324-b963-71c9b5f2d6d0 None None] Acquired lock "singleton_lock" {{(pid=131809) lock /usr/local/lib/python3.8/dist-packages/oslo_concurrency/lockutils.py:296}}
Aug 08 10:12:42 ubuntu neutron-server[131809]: DEBUG oslo_concurrency.lockutils [None req-42b8d374-2f12-4324-b963-71c9b5f2d6d0 None None] Releasing lock "singleton_lock" {{(pid=131809) lock /usr/local/lib/python3.8/dist-packages/oslo_concurrency/lockutils.py:314}}
Aug 08 10:12:42 ubuntu neutron-server[131809]: INFO oslo_service.service [None req-42b8d374-2f12-4324-b963-71c9b5f2d6d0 None None] Starting 2 workers
Aug 08 10:12:42 ubuntu neutron-server[131809]: DEBUG oslo_service.service [None req-42b8d374-2f12-4324-b963-71c9b5f2d6d0 None None] Started child 132022 {{(pid=131809) _start_child /usr/local/lib/python3.8/dist-packages/oslo_service/service.py:575}}
Aug 08 10:12:42 ubuntu neutron-server[131809]: DEBUG oslo_service.service [None req-42b8d374-2f12-4324-b963-71c9b5f2d6d0 None None] Started child 132023 {{(pid=131809) _start_child /usr/local/lib/python3.8/dist-packages/oslo_service/service.py:575}}
Aug 08 10:12:42 ubuntu neutron-server[131809]: INFO neutron.service [None req-42b8d374-2f12-4324-b963-71c9b5f2d6d0 None None] Neutron service started, listening on 0.0.0.0:9696
Aug 08 10:12:42 ubuntu neutron-server[131809]: DEBUG neutron_lib.callbacks.manager [None req-42b8d374-2f12-4324-b963-71c9b5f2d6d0 None None] Publish callbacks ['neutron.plugins.ml2.drivers.ovn.mech_driver.mech_driver.OVNMechanismDriver.pre_fork_initialize-1645736'] for process (None), before_spawn {{(pid=131809) _notify_loop /usr/local/lib/python3.8/dist-packages/neutron_lib/callbacks/manager.py:176}}
Aug 08 10:12:42 ubuntu neutron-server[132022]: DEBUG neutron_lib.callbacks.manager [-] Publish callbacks ['neutron.plugins.ml2.drivers.ovn.mech_driver.mech_driver.OVNMechanismDriver.post_fork_initialize-1645700'] for process (None), after_init {{(pid=132022) _notify_loop /usr/local/lib/python3.8/dist-packages/neutron_lib/callbacks/manager.py:176}}
Aug 08 10:12:42 ubuntu neutron-server[132023]: DEBUG neutron_lib.callbacks.manager [-] Publish callbacks ['neutron.plugins.ml2.drivers.ovn.mech_driver.mech_driver.OVNMechanismDriver.post_fork_initialize-1645700'] for process (None), after_init {{(pid=132023) _notify_loop /usr/local/lib/python3.8/dist-packages/neutron_lib/callbacks/manager.py:176}}
Aug 08 10:12:42 ubuntu neutron-server[132022]: DEBUG dbcounter [-] [132022] Writer thread running {{(pid=132022) stat_writer /usr/local/lib/python3.8/dist-packages/dbcounter.py:99}}
Aug 08 10:12:42 ubuntu neutron-server[132023]: DEBUG dbcounter [-] [132023] Writer thread running {{(pid=132023) stat_writer /usr/local/lib/python3.8/dist-packages/dbcounter.py:99}}
Aug 08 10:12:42 ubuntu neutron-server[131809]: DEBUG ovsdbapp.backend.ovs_idl [None req-42b8d374-2f12-4324-b963-71c9b5f2d6d0 None None] Created schema index Port_Group.name {{(pid=131809) autocreate_indices /usr/local/lib/python3.8/dist-packages/ovsdbapp/backend/ovs_idl/__init__.py:104}}
Aug 08 10:12:42 ubuntu neutron-server[131809]: DEBUG ovsdbapp.backend.ovs_idl [None req-42b8d374-2f12-4324-b963-71c9b5f2d6d0 None None] Created schema index Logical_Switch_Port.name {{(pid=131809) autocreate_indices /usr/local/lib/python3.8/dist-packages/ovsdbapp/backend/ovs_idl/__init__.py:104}}
Aug 08 10:12:42 ubuntu neutron-server[132023]: INFO neutron.plugins.ml2.drivers.ovn.mech_driver.ovsdb.impl_idl_ovn [None req-51cc1f1a-bce6-4722-8bf0-fc68b4167c50 None None] Getting OvsdbNbOvnIdl for WorkerService with retry
Aug 08 10:12:42 ubuntu neutron-server[132022]: INFO neutron.plugins.ml2.drivers.ovn.mech_driver.ovsdb.impl_idl_ovn [None req-842c7fec-3293-4f79-8eea-f45c255bc61d None None] Getting OvsdbNbOvnIdl for WorkerService with retry
Aug 08 10:12:42 ubuntu neutron-server[131809]: DEBUG ovsdbapp.backend.ovs_idl.transaction [-] Running txn n=1 command(idx=0): PgAddCommand(name=neutron_pg_drop, may_exist=True, columns={'acls': []}) {{(pid=131809) do_commit /usr/local/lib/python3.8/dist-packages/ovsdbapp/backend/ovs_idl/transaction.py:90}}
Aug 08 10:12:42 ubuntu neutron-server[131809]: DEBUG ovsdbapp.backend.ovs_idl.transaction [-] Running txn n=1 command(idx=1): PgAclAddCommand(entity=neutron_pg_drop, direction=from-lport, priority=1001, match=inport == @neutron_pg_drop && ip, action=drop, log=False, may_exist=True, severity=[], name=[], meter=None, external_ids={}) {{(pid=131809) do_commit /usr/local/lib/python3.8/dist-packages/ovsdbapp/backend/ovs_idl/transaction.py:90}}
Aug 08 10:12:42 ubuntu neutron-server[131809]: DEBUG ovsdbapp.backend.ovs_idl.transaction [-] Running txn n=1 command(idx=2): PgAclAddCommand(entity=neutron_pg_drop, direction=to-lport, priority=1001, match=outport == @neutron_pg_drop && ip, action=drop, log=False, may_exist=True, severity=[], name=[], meter=None, external_ids={}) {{(pid=131809) do_commit /usr/local/lib/python3.8/dist-packages/ovsdbapp/backend/ovs_idl/transaction.py:90}}
Aug 08 10:12:42 ubuntu neutron-server[131809]: DEBUG ovsdbapp.backend.ovs_idl.event [-] Matched CREATE: NeutronPgDropPortGroupCreated(events=('create',), table='Port_Group', conditions=(('name', '=', 'neutron_pg_drop'),), old_conditions=None), priority=10 to row=Port_Group(name=neutron_pg_drop, ports=[], external_ids={}, acls=[<ovs.db.idl.Row object at 0x7fcbe8294280>, <ovs.db.idl.Row object at 0x7fcbe828e2e0>]) old= {{(pid=131809) matches /usr/local/lib/python3.8/dist-packages/ovsdbapp/backend/ovs_idl/event.py:43}}
Aug 08 10:12:42 ubuntu neutron-server[132022]: DEBUG ovsdbapp.backend.ovs_idl [None req-842c7fec-3293-4f79-8eea-f45c255bc61d None None] Created lookup_table index Logical_Switch.name {{(pid=132022) autocreate_indices /usr/local/lib/python3.8/dist-packages/ovsdbapp/backend/ovs_idl/__init__.py:85}}
Aug 08 10:12:42 ubuntu neutron-server[132022]: DEBUG ovsdbapp.backend.ovs_idl [None req-842c7fec-3293-4f79-8eea-f45c255bc61d None None] Created lookup_table index Logical_Router.name {{(pid=132022) autocreate_indices /usr/local/lib/python3.8/dist-packages/ovsdbapp/backend/ovs_idl/__init__.py:85}}
Aug 08 10:12:42 ubuntu neutron-server[132022]: DEBUG ovsdbapp.backend.ovs_idl [None req-842c7fec-3293-4f79-8eea-f45c255bc61d None None] Created lookup_table index Load_Balancer.name {{(pid=132022) autocreate_indices /usr/local/lib/python3.8/dist-packages/ovsdbapp/backend/ovs_idl/__init__.py:85}}
Aug 08 10:12:42 ubuntu neutron-server[132022]: DEBUG ovsdbapp.backend.ovs_idl [None req-842c7fec-3293-4f79-8eea-f45c255bc61d None None] Created schema index Meter.name {{(pid=132022) autocreate_indices /usr/local/lib/python3.8/dist-packages/ovsdbapp/backend/ovs_idl/__init__.py:104}}
Aug 08 10:12:42 ubuntu neutron-server[132022]: DEBUG ovsdbapp.backend.ovs_idl [None req-842c7fec-3293-4f79-8eea-f45c255bc61d None None] Created schema index Address_Set.name {{(pid=132022) autocreate_indices /usr/local/lib/python3.8/dist-packages/ovsdbapp/backend/ovs_idl/__init__.py:104}}
Aug 08 10:12:42 ubuntu neutron-server[132022]: DEBUG ovsdbapp.backend.ovs_idl [None req-842c7fec-3293-4f79-8eea-f45c255bc61d None None] Created schema index HA_Chassis_Group.name {{(pid=132022) autocreate_indices /usr/local/lib/python3.8/dist-packages/ovsdbapp/backend/ovs_idl/__init__.py:104}}
Aug 08 10:12:42 ubuntu neutron-server[132022]: DEBUG ovsdbapp.backend.ovs_idl [None req-842c7fec-3293-4f79-8eea-f45c255bc61d None None] Created schema index Connection.target {{(pid=132022) autocreate_indices /usr/local/lib/python3.8/dist-packages/ovsdbapp/backend/ovs_idl/__init__.py:104}}
Aug 08 10:12:42 ubuntu neutron-server[132022]: DEBUG ovsdbapp.backend.ovs_idl [None req-842c7fec-3293-4f79-8eea-f45c255bc61d None None] Created schema index Gateway_Chassis.name {{(pid=132022) autocreate_indices /usr/local/lib/python3.8/dist-packages/ovsdbapp/backend/ovs_idl/__init__.py:104}}
Aug 08 10:12:42 ubuntu neutron-server[132022]: DEBUG ovsdbapp.backend.ovs_idl [None req-842c7fec-3293-4f79-8eea-f45c255bc61d None None] Created schema index Logical_Router_Port.name {{(pid=132022) autocreate_indices /usr/local/lib/python3.8/dist-packages/ovsdbapp/backend/ovs_idl/__init__.py:104}}
Aug 08 10:12:42 ubuntu neutron-server[132023]: DEBUG ovsdbapp.backend.ovs_idl [None req-51cc1f1a-bce6-4722-8bf0-fc68b4167c50 None None] Created lookup_table index Logical_Switch.name {{(pid=132023) autocreate_indices /usr/local/lib/python3.8/dist-packages/ovsdbapp/backend/ovs_idl/__init__.py:85}}
Aug 08 10:12:42 ubuntu neutron-server[131809]: DEBUG ovsdbapp.backend.ovs_idl [None req-42b8d374-2f12-4324-b963-71c9b5f2d6d0 None None] Created lookup_table index Logical_Switch.name {{(pid=131809) autocreate_indices /usr/local/lib/python3.8/dist-packages/ovsdbapp/backend/ovs_idl/__init__.py:85}}
Aug 08 10:12:42 ubuntu neutron-server[132023]: DEBUG ovsdbapp.backend.ovs_idl [None req-51cc1f1a-bce6-4722-8bf0-fc68b4167c50 None None] Created lookup_table index Logical_Router.name {{(pid=132023) autocreate_indices /usr/local/lib/python3.8/dist-packages/ovsdbapp/backend/ovs_idl/__init__.py:85}}
Aug 08 10:12:42 ubuntu neutron-server[131809]: DEBUG ovsdbapp.backend.ovs_idl [None req-42b8d374-2f12-4324-b963-71c9b5f2d6d0 None None] Created lookup_table index Logical_Router.name {{(pid=131809) autocreate_indices /usr/local/lib/python3.8/dist-packages/ovsdbapp/backend/ovs_idl/__init__.py:85}}
Aug 08 10:12:42 ubuntu neutron-server[132023]: DEBUG ovsdbapp.backend.ovs_idl [None req-51cc1f1a-bce6-4722-8bf0-fc68b4167c50 None None] Created lookup_table index Load_Balancer.name {{(pid=132023) autocreate_indices /usr/local/lib/python3.8/dist-packages/ovsdbapp/backend/ovs_idl/__init__.py:85}}
Aug 08 10:12:42 ubuntu neutron-server[131809]: DEBUG ovsdbapp.backend.ovs_idl [None req-42b8d374-2f12-4324-b963-71c9b5f2d6d0 None None] Created lookup_table index Load_Balancer.name {{(pid=131809) autocreate_indices /usr/local/lib/python3.8/dist-packages/ovsdbapp/backend/ovs_idl/__init__.py:85}}
Aug 08 10:12:42 ubuntu neutron-server[132023]: DEBUG ovsdbapp.backend.ovs_idl [None req-51cc1f1a-bce6-4722-8bf0-fc68b4167c50 None None] Created schema index Meter.name {{(pid=132023) autocreate_indices /usr/local/lib/python3.8/dist-packages/ovsdbapp/backend/ovs_idl/__init__.py:104}}
Aug 08 10:12:42 ubuntu neutron-server[131809]: DEBUG ovsdbapp.backend.ovs_idl [None req-42b8d374-2f12-4324-b963-71c9b5f2d6d0 None None] Created schema index Meter.name {{(pid=131809) autocreate_indices /usr/local/lib/python3.8/dist-packages/ovsdbapp/backend/ovs_idl/__init__.py:104}}
Aug 08 10:12:42 ubuntu neutron-server[132023]: DEBUG ovsdbapp.backend.ovs_idl [None req-51cc1f1a-bce6-4722-8bf0-fc68b4167c50 None None] Created schema index Address_Set.name {{(pid=132023) autocreate_indices /usr/local/lib/python3.8/dist-packages/ovsdbapp/backend/ovs_idl/__init__.py:104}}
Aug 08 10:12:42 ubuntu neutron-server[131809]: DEBUG ovsdbapp.backend.ovs_idl [None req-42b8d374-2f12-4324-b963-71c9b5f2d6d0 None None] Created schema index Address_Set.name {{(pid=131809) autocreate_indices /usr/local/lib/python3.8/dist-packages/ovsdbapp/backend/ovs_idl/__init__.py:104}}
Aug 08 10:12:42 ubuntu neutron-server[132023]: DEBUG ovsdbapp.backend.ovs_idl [None req-51cc1f1a-bce6-4722-8bf0-fc68b4167c50 None None] Created schema index HA_Chassis_Group.name {{(pid=132023) autocreate_indices /usr/local/lib/python3.8/dist-packages/ovsdbapp/backend/ovs_idl/__init__.py:104}}
Aug 08 10:12:42 ubuntu neutron-server[131809]: DEBUG ovsdbapp.backend.ovs_idl [None req-42b8d374-2f12-4324-b963-71c9b5f2d6d0 None None] Created schema index HA_Chassis_Group.name {{(pid=131809) autocreate_indices /usr/local/lib/python3.8/dist-packages/ovsdbapp/backend/ovs_idl/__init__.py:104}}
Aug 08 10:12:42 ubuntu neutron-server[132023]: DEBUG ovsdbapp.backend.ovs_idl [None req-51cc1f1a-bce6-4722-8bf0-fc68b4167c50 None None] Created schema index Connection.target {{(pid=132023) autocreate_indices /usr/local/lib/python3.8/dist-packages/ovsdbapp/backend/ovs_idl/__init__.py:104}}
Aug 08 10:12:42 ubuntu neutron-server[131809]: DEBUG ovsdbapp.backend.ovs_idl [None req-42b8d374-2f12-4324-b963-71c9b5f2d6d0 None None] Created schema index Connection.target {{(pid=131809) autocreate_indices /usr/local/lib/python3.8/dist-packages/ovsdbapp/backend/ovs_idl/__init__.py:104}}
Aug 08 10:12:42 ubuntu neutron-server[132023]: DEBUG ovsdbapp.backend.ovs_idl [None req-51cc1f1a-bce6-4722-8bf0-fc68b4167c50 None None] Created schema index Gateway_Chassis.name {{(pid=132023) autocreate_indices /usr/local/lib/python3.8/dist-packages/ovsdbapp/backend/ovs_idl/__init__.py:104}}
Aug 08 10:12:42 ubuntu neutron-server[131809]: DEBUG ovsdbapp.backend.ovs_idl [None req-42b8d374-2f12-4324-b963-71c9b5f2d6d0 None None] Created schema index Gateway_Chassis.name {{(pid=131809) autocreate_indices /usr/local/lib/python3.8/dist-packages/ovsdbapp/backend/ovs_idl/__init__.py:104}}
Aug 08 10:12:42 ubuntu neutron-server[132023]: DEBUG ovsdbapp.backend.ovs_idl [None req-51cc1f1a-bce6-4722-8bf0-fc68b4167c50 None None] Created schema index Logical_Router_Port.name {{(pid=132023) autocreate_indices /usr/local/lib/python3.8/dist-packages/ovsdbapp/backend/ovs_idl/__init__.py:104}}
Aug 08 10:12:42 ubuntu neutron-server[131809]: DEBUG ovsdbapp.backend.ovs_idl [None req-42b8d374-2f12-4324-b963-71c9b5f2d6d0 None None] Created schema index Logical_Router_Port.name {{(pid=131809) autocreate_indices /usr/local/lib/python3.8/dist-packages/ovsdbapp/backend/ovs_idl/__init__.py:104}}
Aug 08 10:12:42 ubuntu neutron-server[132023]: DEBUG ovsdbapp.backend.ovs_idl [None req-51cc1f1a-bce6-4722-8bf0-fc68b4167c50 None None] Created schema index Port_Group.name {{(pid=132023) autocreate_indices /usr/local/lib/python3.8/dist-packages/ovsdbapp/backend/ovs_idl/__init__.py:104}}
Aug 08 10:12:42 ubuntu neutron-server[131809]: DEBUG ovsdbapp.backend.ovs_idl [None req-42b8d374-2f12-4324-b963-71c9b5f2d6d0 None None] Created schema index Port_Group.name {{(pid=131809) autocreate_indices /usr/local/lib/python3.8/dist-packages/ovsdbapp/backend/ovs_idl/__init__.py:104}}
Aug 08 10:12:42 ubuntu neutron-server[132023]: DEBUG ovsdbapp.backend.ovs_idl [None req-51cc1f1a-bce6-4722-8bf0-fc68b4167c50 None None] Created schema index Logical_Switch_Port.name {{(pid=132023) autocreate_indices /usr/local/lib/python3.8/dist-packages/ovsdbapp/backend/ovs_idl/__init__.py:104}}
Aug 08 10:12:42 ubuntu neutron-server[131809]: DEBUG ovsdbapp.backend.ovs_idl [None req-42b8d374-2f12-4324-b963-71c9b5f2d6d0 None None] Created schema index Logical_Switch_Port.name {{(pid=131809) autocreate_indices /usr/local/lib/python3.8/dist-packages/ovsdbapp/backend/ovs_idl/__init__.py:104}}
Aug 08 10:12:42 ubuntu neutron-server[132023]: INFO ovsdbapp.backend.ovs_idl.vlog [None req-51cc1f1a-bce6-4722-8bf0-fc68b4167c50 None None] tcp:192.168.79.39:6641: connecting...
Aug 08 10:12:42 ubuntu neutron-server[132023]: INFO ovsdbapp.backend.ovs_idl.vlog [None req-51cc1f1a-bce6-4722-8bf0-fc68b4167c50 None None] tcp:192.168.79.39:6641: connected
Aug 08 10:12:42 ubuntu neutron-server[132022]: DEBUG ovsdbapp.backend.ovs_idl [None req-842c7fec-3293-4f79-8eea-f45c255bc61d None None] Created schema index Port_Group.name {{(pid=132022) autocreate_indices /usr/local/lib/python3.8/dist-packages/ovsdbapp/backend/ovs_idl/__init__.py:104}}
Aug 08 10:12:42 ubuntu neutron-server[132022]: DEBUG ovsdbapp.backend.ovs_idl [None req-842c7fec-3293-4f79-8eea-f45c255bc61d None None] Created schema index Logical_Switch_Port.name {{(pid=132022) autocreate_indices /usr/local/lib/python3.8/dist-packages/ovsdbapp/backend/ovs_idl/__init__.py:104}}
Aug 08 10:12:42 ubuntu neutron-server[132022]: INFO ovsdbapp.backend.ovs_idl.vlog [None req-842c7fec-3293-4f79-8eea-f45c255bc61d None None] tcp:192.168.79.39:6641: connecting...
Aug 08 10:12:42 ubuntu neutron-server[132022]: INFO ovsdbapp.backend.ovs_idl.vlog [None req-842c7fec-3293-4f79-8eea-f45c255bc61d None None] tcp:192.168.79.39:6641: connected
Aug 08 10:12:42 ubuntu neutron-server[132023]: DEBUG neutron.common.ovn.hash_ring_manager [None req-51cc1f1a-bce6-4722-8bf0-fc68b4167c50 None None] Allow caching, nodes 2>=2 {{(pid=132023) _wait_startup_before_caching /opt/stack/neutron/neutron/common/ovn/hash_ring_manager.py:60}}
Aug 08 10:12:42 ubuntu neutron-server[132022]: DEBUG neutron.common.ovn.hash_ring_manager [None req-842c7fec-3293-4f79-8eea-f45c255bc61d None None] Allow caching, nodes 2>=2 {{(pid=132022) _wait_startup_before_caching /opt/stack/neutron/neutron/common/ovn/hash_ring_manager.py:60}}
Aug 08 10:12:42 ubuntu neutron-server[132023]: DEBUG neutron.plugins.ml2.drivers.ovn.mech_driver.ovsdb.ovsdb_monitor [None req-51cc1f1a-bce6-4722-8bf0-fc68b4167c50 None None] Hash Ring: Node 1194f090-43be-4e9a-b72b-0c781266bab7 (host: ubuntu) handling event "create" for row 59de36d5-d0bd-4b4c-9df6-d778954ca6f3 (table: Database) {{(pid=132023) notify /opt/stack/neutron/neutron/plugins/ml2/drivers/ovn/mech_driver/ovsdb/ovsdb_monitor.py:743}}
Aug 08 10:12:42 ubuntu neutron-server[132023]: DEBUG neutron.plugins.ml2.drivers.ovn.mech_driver.ovsdb.ovsdb_monitor [None req-51cc1f1a-bce6-4722-8bf0-fc68b4167c50 None None] Hash Ring: Node 1194f090-43be-4e9a-b72b-0c781266bab7 (host: ubuntu) handling event "create" for row 9bb1e1d7-8e88-4108-a4ed-4819843f6e49 (table: Database) {{(pid=132023) notify /opt/stack/neutron/neutron/plugins/ml2/drivers/ovn/mech_driver/ovsdb/ovsdb_monitor.py:743}}
Aug 08 10:12:42 ubuntu neutron-server[132023]: DEBUG neutron.plugins.ml2.drivers.ovn.mech_driver.ovsdb.ovsdb_monitor [None req-51cc1f1a-bce6-4722-8bf0-fc68b4167c50 None None] Hash Ring: Node 1194f090-43be-4e9a-b72b-0c781266bab7 (host: ubuntu) handling event "create" for row 26ca2a37-dcc1-42d2-a994-1f8a6097268d (table: Port_Group) {{(pid=132023) notify /opt/stack/neutron/neutron/plugins/ml2/drivers/ovn/mech_driver/ovsdb/ovsdb_monitor.py:743}}
Aug 08 10:12:42 ubuntu neutron-server[131809]: DEBUG ovsdbapp.backend.ovs_idl [None req-42b8d374-2f12-4324-b963-71c9b5f2d6d0 None None] Created lookup_table index Chassis.name {{(pid=131809) autocreate_indices /usr/local/lib/python3.8/dist-packages/ovsdbapp/backend/ovs_idl/__init__.py:85}}
Aug 08 10:12:42 ubuntu neutron-server[132023]: DEBUG neutron.plugins.ml2.drivers.ovn.mech_driver.ovsdb.ovsdb_monitor [None req-51cc1f1a-bce6-4722-8bf0-fc68b4167c50 None None] Hash Ring: Node 1194f090-43be-4e9a-b72b-0c781266bab7 (host: ubuntu) handling event "create" for row 044401b3-4d8c-4492-97ac-2adcf6b8c4b6 (table: Connection) {{(pid=132023) notify /opt/stack/neutron/neutron/plugins/ml2/drivers/ovn/mech_driver/ovsdb/ovsdb_monitor.py:743}}
Aug 08 10:12:42 ubuntu neutron-server[131809]: DEBUG ovsdbapp.backend.ovs_idl [None req-42b8d374-2f12-4324-b963-71c9b5f2d6d0 None None] Created lookup_table index MAC_Binding.ip {{(pid=131809) autocreate_indices /usr/local/lib/python3.8/dist-packages/ovsdbapp/backend/ovs_idl/__init__.py:85}}
Aug 08 10:12:42 ubuntu neutron-server[131809]: DEBUG ovsdbapp.backend.ovs_idl [None req-42b8d374-2f12-4324-b963-71c9b5f2d6d0 None None] Created schema index Meter.name {{(pid=131809) autocreate_indices /usr/local/lib/python3.8/dist-packages/ovsdbapp/backend/ovs_idl/__init__.py:104}}
Aug 08 10:12:42 ubuntu neutron-server[131809]: DEBUG ovsdbapp.backend.ovs_idl [None req-42b8d374-2f12-4324-b963-71c9b5f2d6d0 None None] Created schema index Address_Set.name {{(pid=131809) autocreate_indices /usr/local/lib/python3.8/dist-packages/ovsdbapp/backend/ovs_idl/__init__.py:104}}
Aug 08 10:12:42 ubuntu neutron-server[131809]: DEBUG ovsdbapp.backend.ovs_idl [None req-42b8d374-2f12-4324-b963-71c9b5f2d6d0 None None] Created schema index HA_Chassis_Group.name {{(pid=131809) autocreate_indices /usr/local/lib/python3.8/dist-packages/ovsdbapp/backend/ovs_idl/__init__.py:104}}
Aug 08 10:12:42 ubuntu neutron-server[131809]: DEBUG ovsdbapp.backend.ovs_idl [None req-42b8d374-2f12-4324-b963-71c9b5f2d6d0 None None] Created schema index IP_Multicast.datapath {{(pid=131809) autocreate_indices /usr/local/lib/python3.8/dist-packages/ovsdbapp/backend/ovs_idl/__init__.py:104}}
Aug 08 10:12:42 ubuntu neutron-server[132022]: DEBUG neutron.plugins.ml2.drivers.ovn.mech_driver.ovsdb.ovsdb_monitor [None req-842c7fec-3293-4f79-8eea-f45c255bc61d None None] Hash Ring: Node f9176a23-f6b4-4e05-8a44-6ec5a56d1592 (host: ubuntu) handling event "create" for row 0551e467-ec8c-468b-b4e1-6721461519cb (table: NB_Global) {{(pid=132022) notify /opt/stack/neutron/neutron/plugins/ml2/drivers/ovn/mech_driver/ovsdb/ovsdb_monitor.py:743}}
Aug 08 10:12:42 ubuntu neutron-server[131809]: DEBUG ovsdbapp.backend.ovs_idl [None req-42b8d374-2f12-4324-b963-71c9b5f2d6d0 None None] Created schema index Connection.target {{(pid=131809) autocreate_indices /usr/local/lib/python3.8/dist-packages/ovsdbapp/backend/ovs_idl/__init__.py:104}}
Aug 08 10:12:42 ubuntu neutron-server[131809]: DEBUG ovsdbapp.backend.ovs_idl [None req-42b8d374-2f12-4324-b963-71c9b5f2d6d0 None None] Created schema index Gateway_Chassis.name {{(pid=131809) autocreate_indices /usr/local/lib/python3.8/dist-packages/ovsdbapp/backend/ovs_idl/__init__.py:104}}
Aug 08 10:12:42 ubuntu neutron-server[132023]: INFO neutron.plugins.ml2.drivers.ovn.mech_driver.ovsdb.impl_idl_ovn [None req-51cc1f1a-bce6-4722-8bf0-fc68b4167c50 None None] Getting OvsdbSbOvnIdl for WorkerService with retry
Aug 08 10:12:42 ubuntu neutron-server[131809]: DEBUG ovsdbapp.backend.ovs_idl [None req-42b8d374-2f12-4324-b963-71c9b5f2d6d0 None None] Created schema index Port_Group.name {{(pid=131809) autocreate_indices /usr/local/lib/python3.8/dist-packages/ovsdbapp/backend/ovs_idl/__init__.py:104}}
Aug 08 10:12:42 ubuntu neutron-server[132022]: DEBUG neutron.plugins.ml2.drivers.ovn.mech_driver.ovsdb.ovsdb_monitor [None req-842c7fec-3293-4f79-8eea-f45c255bc61d None None] Hash Ring: Node f9176a23-f6b4-4e05-8a44-6ec5a56d1592 (host: ubuntu) handling event "create" for row f59cc8f5-6c70-4486-98df-69965b23361f (table: ACL) {{(pid=132022) notify /opt/stack/neutron/neutron/plugins/ml2/drivers/ovn/mech_driver/ovsdb/ovsdb_monitor.py:743}}
Aug 08 10:12:42 ubuntu neutron-server[131809]: DEBUG ovsdbapp.backend.ovs_idl [None req-42b8d374-2f12-4324-b963-71c9b5f2d6d0 None None] Created schema index Datapath_Binding.tunnel_key {{(pid=131809) autocreate_indices /usr/local/lib/python3.8/dist-packages/ovsdbapp/backend/ovs_idl/__init__.py:104}}
Aug 08 10:12:42 ubuntu neutron-server[132022]: DEBUG neutron.plugins.ml2.drivers.ovn.mech_driver.ovsdb.ovsdb_monitor [None req-842c7fec-3293-4f79-8eea-f45c255bc61d None None] Hash Ring: Node f9176a23-f6b4-4e05-8a44-6ec5a56d1592 (host: ubuntu) handling event "create" for row 77fadc7a-fbe0-45c7-9a4a-532e082a376b (table: ACL) {{(pid=132022) notify /opt/stack/neutron/neutron/plugins/ml2/drivers/ovn/mech_driver/ovsdb/ovsdb_monitor.py:743}}
Aug 08 10:12:42 ubuntu neutron-server[132022]: INFO neutron.plugins.ml2.drivers.ovn.mech_driver.ovsdb.impl_idl_ovn [None req-842c7fec-3293-4f79-8eea-f45c255bc61d None None] Getting OvsdbSbOvnIdl for WorkerService with retry
Aug 08 10:12:42 ubuntu neutron-server[132022]: DEBUG ovsdbapp.backend.ovs_idl [None req-842c7fec-3293-4f79-8eea-f45c255bc61d None None] Created lookup_table index Chassis.name {{(pid=132022) autocreate_indices /usr/local/lib/python3.8/dist-packages/ovsdbapp/backend/ovs_idl/__init__.py:85}}
Aug 08 10:12:42 ubuntu neutron-server[132022]: DEBUG ovsdbapp.backend.ovs_idl [None req-842c7fec-3293-4f79-8eea-f45c255bc61d None None] Created schema index Datapath_Binding.tunnel_key {{(pid=132022) autocreate_indices /usr/local/lib/python3.8/dist-packages/ovsdbapp/backend/ovs_idl/__init__.py:104}}
Aug 08 10:12:42 ubuntu neutron-server[132022]: DEBUG ovsdbapp.backend.ovs_idl [None req-842c7fec-3293-4f79-8eea-f45c255bc61d None None] Created schema index Connection.target {{(pid=132022) autocreate_indices /usr/local/lib/python3.8/dist-packages/ovsdbapp/backend/ovs_idl/__init__.py:104}}
Aug 08 10:12:42 ubuntu neutron-server[132022]: INFO ovsdbapp.backend.ovs_idl.vlog [None req-842c7fec-3293-4f79-8eea-f45c255bc61d None None] tcp:192.168.79.39:6642: connecting...
Aug 08 10:12:42 ubuntu neutron-server[132022]: INFO ovsdbapp.backend.ovs_idl.vlog [None req-842c7fec-3293-4f79-8eea-f45c255bc61d None None] tcp:192.168.79.39:6642: connected
Aug 08 10:12:42 ubuntu neutron-server[132023]: DEBUG ovsdbapp.backend.ovs_idl [None req-51cc1f1a-bce6-4722-8bf0-fc68b4167c50 None None] Created lookup_table index Chassis.name {{(pid=132023) autocreate_indices /usr/local/lib/python3.8/dist-packages/ovsdbapp/backend/ovs_idl/__init__.py:85}}
Aug 08 10:12:42 ubuntu neutron-server[132023]: DEBUG ovsdbapp.backend.ovs_idl [None req-51cc1f1a-bce6-4722-8bf0-fc68b4167c50 None None] Created schema index Datapath_Binding.tunnel_key {{(pid=132023) autocreate_indices /usr/local/lib/python3.8/dist-packages/ovsdbapp/backend/ovs_idl/__init__.py:104}}
Aug 08 10:12:42 ubuntu neutron-server[132023]: DEBUG ovsdbapp.backend.ovs_idl [None req-51cc1f1a-bce6-4722-8bf0-fc68b4167c50 None None] Created schema index Connection.target {{(pid=132023) autocreate_indices /usr/local/lib/python3.8/dist-packages/ovsdbapp/backend/ovs_idl/__init__.py:104}}
Aug 08 10:12:42 ubuntu neutron-server[132023]: INFO ovsdbapp.backend.ovs_idl.vlog [None req-51cc1f1a-bce6-4722-8bf0-fc68b4167c50 None None] tcp:192.168.79.39:6642: connecting...
Aug 08 10:12:42 ubuntu neutron-server[132023]: INFO ovsdbapp.backend.ovs_idl.vlog [None req-51cc1f1a-bce6-4722-8bf0-fc68b4167c50 None None] tcp:192.168.79.39:6642: connected
Aug 08 10:12:42 ubuntu neutron-server[132022]: DEBUG neutron.common.ovn.hash_ring_manager [None req-842c7fec-3293-4f79-8eea-f45c255bc61d None None] Allow caching, nodes 2>=2 {{(pid=132022) _wait_startup_before_caching /opt/stack/neutron/neutron/common/ovn/hash_ring_manager.py:60}}
Aug 08 10:12:42 ubuntu neutron-server[132022]: DEBUG neutron.plugins.ml2.drivers.ovn.mech_driver.ovsdb.ovsdb_monitor [None req-842c7fec-3293-4f79-8eea-f45c255bc61d None None] Hash Ring: Node f9176a23-f6b4-4e05-8a44-6ec5a56d1592 (host: ubuntu) handling event "create" for row bc162f64-b224-4922-8e75-13c13d84ac73 (table: Database) {{(pid=132022) notify /opt/stack/neutron/neutron/plugins/ml2/drivers/ovn/mech_driver/ovsdb/ovsdb_monitor.py:743}}
Aug 08 10:12:42 ubuntu neutron-server[132022]: DEBUG neutron.plugins.ml2.drivers.ovn.mech_driver.ovsdb.ovsdb_monitor [None req-842c7fec-3293-4f79-8eea-f45c255bc61d None None] Hash Ring: Node f9176a23-f6b4-4e05-8a44-6ec5a56d1592 (host: ubuntu) handling event "create" for row 28969acf-4a56-4a46-94fa-1836bb0dc371 (table: Database) {{(pid=132022) notify /opt/stack/neutron/neutron/plugins/ml2/drivers/ovn/mech_driver/ovsdb/ovsdb_monitor.py:743}}
Aug 08 10:12:42 ubuntu neutron-server[132022]: DEBUG neutron.plugins.ml2.drivers.ovn.mech_driver.ovsdb.ovsdb_monitor [None req-842c7fec-3293-4f79-8eea-f45c255bc61d None None] ChassisAgentWriteEvent : Matched Chassis, create, None None {{(pid=132022) matches /opt/stack/neutron/neutron/plugins/ml2/drivers/ovn/mech_driver/ovsdb/ovsdb_monitor.py:62}}
Aug 08 10:12:42 ubuntu neutron-server[132022]: DEBUG neutron.plugins.ml2.drivers.ovn.mech_driver.ovsdb.ovsdb_monitor [None req-842c7fec-3293-4f79-8eea-f45c255bc61d None None] ChassisMetadataAgentWriteEvent : Matched Chassis, create, None None {{(pid=132022) matches /opt/stack/neutron/neutron/plugins/ml2/drivers/ovn/mech_driver/ovsdb/ovsdb_monitor.py:62}}
Aug 08 10:12:42 ubuntu neutron-server[132022]: DEBUG neutron.plugins.ml2.drivers.ovn.mech_driver.ovsdb.ovsdb_monitor [None req-842c7fec-3293-4f79-8eea-f45c255bc61d None None] Hash Ring: Node f9176a23-f6b4-4e05-8a44-6ec5a56d1592 (host: ubuntu) handling event "create" for row ad5ea7f6-d38e-4eea-a928-aa9d1fee20cc (table: Chassis) {{(pid=132022) notify /opt/stack/neutron/neutron/plugins/ml2/drivers/ovn/mech_driver/ovsdb/ovsdb_monitor.py:743}}
Aug 08 10:12:42 ubuntu neutron-server[132023]: DEBUG neutron.common.ovn.hash_ring_manager [None req-51cc1f1a-bce6-4722-8bf0-fc68b4167c50 None None] Allow caching, nodes 2>=2 {{(pid=132023) _wait_startup_before_caching /opt/stack/neutron/neutron/common/ovn/hash_ring_manager.py:60}}
Aug 08 10:12:42 ubuntu neutron-server[131809]: INFO oslo_service.service [None req-42b8d374-2f12-4324-b963-71c9b5f2d6d0 None None] Starting 1 workers
Aug 08 10:12:42 ubuntu neutron-server[132022]: INFO neutron.wsgi [-] (132022) wsgi starting up on http://0.0.0.0:9696
Aug 08 10:12:42 ubuntu neutron-server[132022]: DEBUG neutron.wsgi [-] (132022) accepted ('192.168.79.39', 58638) {{(pid=132022) server /usr/local/lib/python3.8/dist-packages/eventlet/wsgi.py:1004}}
Aug 08 10:12:42 ubuntu neutron-server[131809]: DEBUG oslo_service.service [None req-42b8d374-2f12-4324-b963-71c9b5f2d6d0 None None] Started child 132026 {{(pid=131809) _start_child /usr/local/lib/python3.8/dist-packages/oslo_service/service.py:575}}
Aug 08 10:12:42 ubuntu neutron-server[131809]: INFO oslo_service.service [None req-42b8d374-2f12-4324-b963-71c9b5f2d6d0 None None] Starting 1 workers
Aug 08 10:12:42 ubuntu neutron-server[132022]: INFO neutron.wsgi [-] 192.168.79.39 "GET /networking HTTP/1.1" status: 302  len: 450 time: 0.0039718
Aug 08 10:12:42 ubuntu neutron-server[131809]: DEBUG oslo_service.service [None req-42b8d374-2f12-4324-b963-71c9b5f2d6d0 None None] Started child 132027 {{(pid=131809) _start_child /usr/local/lib/python3.8/dist-packages/oslo_service/service.py:575}}
Aug 08 10:12:42 ubuntu neutron-server[132026]: DEBUG neutron.service [None req-42b8d374-2f12-4324-b963-71c9b5f2d6d0 None None] calling RpcWorker wait() {{(pid=132026) _wait /opt/stack/neutron/neutron/service.py:128}}
Aug 08 10:12:42 ubuntu neutron-server[131809]: INFO oslo_service.service [None req-42b8d374-2f12-4324-b963-71c9b5f2d6d0 None None] Starting 1 workers
Aug 08 10:12:42 ubuntu neutron-server[132026]: DEBUG neutron.service [None req-42b8d374-2f12-4324-b963-71c9b5f2d6d0 None None] returning from RpcWorker wait() {{(pid=132026) _wait /opt/stack/neutron/neutron/service.py:135}}
Aug 08 10:12:42 ubuntu neutron-server[132026]: DEBUG neutron_lib.callbacks.manager [-] Publish callbacks ['neutron.plugins.ml2.drivers.ovn.mech_driver.mech_driver.OVNMechanismDriver.post_fork_initialize-1645700'] for process (None), after_init {{(pid=132026) _notify_loop /usr/local/lib/python3.8/dist-packages/neutron_lib/callbacks/manager.py:176}}
Aug 08 10:12:42 ubuntu neutron-server[132026]: INFO neutron.plugins.ml2.drivers.ovn.mech_driver.ovsdb.impl_idl_ovn [-] Getting OvsdbNbOvnIdl for RpcWorker with retry
Aug 08 10:12:42 ubuntu neutron-server[131809]: DEBUG oslo_service.service [None req-42b8d374-2f12-4324-b963-71c9b5f2d6d0 None None] Started child 132028 {{(pid=131809) _start_child /usr/local/lib/python3.8/dist-packages/oslo_service/service.py:575}}
