Aug 06 20:36:52 ubuntu neutron-server[143393]: DEBUG neutron.api.extensions [None req-bd6b7f25-2161-46e2-9591-723a0b4a530c None None] Ext name="Resource timestamps" alias="standard-attr-timestamp" description="Adds created_at and updated_at fields to all Neutron resources that have Neutron standard attributes." updated="2016-09-12T10:00:00-00:00" {{(pid=143393) _check_extension /opt/stack/neutron/neutron/api/extensions.py:416}}
Aug 06 20:36:52 ubuntu neutron-server[143393]: INFO neutron.api.extensions [None req-bd6b7f25-2161-46e2-9591-723a0b4a530c None None] Loaded extension: standard-attr-timestamp
Aug 06 20:36:52 ubuntu neutron-server[143393]: DEBUG neutron.api.extensions [None req-bd6b7f25-2161-46e2-9591-723a0b4a530c None None] Loading extension file: trunk.py {{(pid=143393) _load_all_extensions_from_path /opt/stack/neutron/neutron/api/extensions.py:450}}
Aug 06 20:36:52 ubuntu neutron-server[143393]: DEBUG neutron.api.extensions [None req-bd6b7f25-2161-46e2-9591-723a0b4a530c None None] Ext name="Trunk Extension" alias="trunk" description="Provides support for trunk ports" updated="2016-01-01T10:00:00-00:00" {{(pid=143393) _check_extension /opt/stack/neutron/neutron/api/extensions.py:416}}
Aug 06 20:36:52 ubuntu neutron-server[143393]: INFO neutron.api.extensions [None req-bd6b7f25-2161-46e2-9591-723a0b4a530c None None] Extension trunk not supported by any of loaded plugins
Aug 06 20:36:52 ubuntu neutron-server[143393]: DEBUG neutron.api.extensions [None req-bd6b7f25-2161-46e2-9591-723a0b4a530c None None] Loading extension file: trunk_details.py {{(pid=143393) _load_all_extensions_from_path /opt/stack/neutron/neutron/api/extensions.py:450}}
Aug 06 20:36:52 ubuntu neutron-server[143393]: DEBUG neutron.api.extensions [None req-bd6b7f25-2161-46e2-9591-723a0b4a530c None None] Ext name="Trunk port details" alias="trunk-details" description="Expose trunk port details" updated="2016-01-01T10:00:00-00:00" {{(pid=143393) _check_extension /opt/stack/neutron/neutron/api/extensions.py:416}}
Aug 06 20:36:52 ubuntu neutron-server[143393]: INFO neutron.api.extensions [None req-bd6b7f25-2161-46e2-9591-723a0b4a530c None None] Extension trunk-details not supported by any of loaded plugins
Aug 06 20:36:52 ubuntu neutron-server[143393]: DEBUG neutron.api.extensions [None req-bd6b7f25-2161-46e2-9591-723a0b4a530c None None] Loading extension file: uplink_status_propagation.py {{(pid=143393) _load_all_extensions_from_path /opt/stack/neutron/neutron/api/extensions.py:450}}
Aug 06 20:36:52 ubuntu neutron-server[143393]: DEBUG neutron.api.extensions [None req-bd6b7f25-2161-46e2-9591-723a0b4a530c None None] Ext name="Uplink status propagation extension" alias="uplink-status-propagation" description="Provides ability to propagate port uplink status." updated="2018-05-31T18:00:00-00:00" {{(pid=143393) _check_extension /opt/stack/neutron/neutron/api/extensions.py:416}}
Aug 06 20:36:52 ubuntu neutron-server[143393]: INFO neutron.api.extensions [None req-bd6b7f25-2161-46e2-9591-723a0b4a530c None None] Extension uplink-status-propagation not supported by any of loaded plugins
Aug 06 20:36:52 ubuntu neutron-server[143393]: DEBUG neutron.api.extensions [None req-bd6b7f25-2161-46e2-9591-723a0b4a530c None None] Loading extension file: vlantransparent.py {{(pid=143393) _load_all_extensions_from_path /opt/stack/neutron/neutron/api/extensions.py:450}}
Aug 06 20:36:52 ubuntu neutron-server[143393]: DEBUG neutron.api.extensions [None req-bd6b7f25-2161-46e2-9591-723a0b4a530c None None] Ext name="Vlantransparent" alias="vlan-transparent" description="Provides Vlan Transparent Networks" updated="2015-03-23T09:00:00-00:00" {{(pid=143393) _check_extension /opt/stack/neutron/neutron/api/extensions.py:416}}
Aug 06 20:36:52 ubuntu neutron-server[143393]: INFO neutron.api.extensions [None req-bd6b7f25-2161-46e2-9591-723a0b4a530c None None] Extension vlan-transparent not supported by any of loaded plugins
Aug 06 20:36:52 ubuntu neutron-server[143393]: INFO neutron.quota.resource_registry [None req-bd6b7f25-2161-46e2-9591-723a0b4a530c None None] Creating instance of TrackedResource for resource:network
Aug 06 20:36:52 ubuntu neutron-server[143393]: INFO neutron.quota.resource_registry [None req-bd6b7f25-2161-46e2-9591-723a0b4a530c None None] Creating instance of TrackedResource for resource:subnet
Aug 06 20:36:52 ubuntu neutron-server[143393]: INFO neutron.quota.resource_registry [None req-bd6b7f25-2161-46e2-9591-723a0b4a530c None None] Creating instance of TrackedResource for resource:subnetpool
Aug 06 20:36:52 ubuntu neutron-server[143393]: INFO neutron.quota.resource_registry [None req-bd6b7f25-2161-46e2-9591-723a0b4a530c None None] Creating instance of TrackedResource for resource:port
Aug 06 20:36:52 ubuntu neutron-server[143393]: DEBUG neutron.api.v2.resource_helper [None req-bd6b7f25-2161-46e2-9591-723a0b4a530c None None] Service FLAVORS assigned prefix:  {{(pid=143393) build_resource_info /opt/stack/neutron/neutron/api/v2/resource_helper.py:77}}
Aug 06 20:36:52 ubuntu neutron-server[143393]: DEBUG neutron.api.v2.resource_helper [None req-bd6b7f25-2161-46e2-9591-723a0b4a530c None None] Service L3_ROUTER_NAT assigned prefix:  {{(pid=143393) build_resource_info /opt/stack/neutron/neutron/api/v2/resource_helper.py:77}}
Aug 06 20:36:52 ubuntu neutron-server[143393]: DEBUG neutron.api.v2.resource_helper [None req-bd6b7f25-2161-46e2-9591-723a0b4a530c None None] Service L3_ROUTER_NAT assigned prefix:  {{(pid=143393) build_resource_info /opt/stack/neutron/neutron/api/v2/resource_helper.py:77}}
Aug 06 20:36:52 ubuntu neutron-server[143393]: INFO neutron.quota.resource_registry [None req-bd6b7f25-2161-46e2-9591-723a0b4a530c None None] Creating instance of TrackedResource for resource:router
Aug 06 20:36:52 ubuntu neutron-server[143393]: INFO neutron.quota.resource_registry [None req-bd6b7f25-2161-46e2-9591-723a0b4a530c None None] Creating instance of TrackedResource for resource:floatingip
Aug 06 20:36:52 ubuntu neutron-server[143393]: DEBUG neutron_lib.callbacks.manager [None req-bd6b7f25-2161-46e2-9591-723a0b4a530c None None] Subscribe: <bound method NeutronDbPluginV2.validate_network_rbac_policy_change of <neutron.services.network_ip_availability.plugin.NetworkIPAvailabilityPlugin object at 0x7fb460457d60>> rbac-policy before_create 55550000 {{(pid=143393) subscribe /usr/local/lib/python3.8/dist-packages/neutron_lib/callbacks/manager.py:45}}
Aug 06 20:36:52 ubuntu neutron-server[143393]: DEBUG neutron_lib.callbacks.manager [None req-bd6b7f25-2161-46e2-9591-723a0b4a530c None None] Subscribe: <bound method NeutronDbPluginV2.validate_network_rbac_policy_change of <neutron.services.network_ip_availability.plugin.NetworkIPAvailabilityPlugin object at 0x7fb460457d60>> rbac-policy before_update 55550000 {{(pid=143393) subscribe /usr/local/lib/python3.8/dist-packages/neutron_lib/callbacks/manager.py:45}}
Aug 06 20:36:52 ubuntu neutron-server[143393]: DEBUG neutron_lib.callbacks.manager [None req-bd6b7f25-2161-46e2-9591-723a0b4a530c None None] Subscribe: <bound method NeutronDbPluginV2.validate_network_rbac_policy_change of <neutron.services.network_ip_availability.plugin.NetworkIPAvailabilityPlugin object at 0x7fb460457d60>> rbac-policy before_delete 55550000 {{(pid=143393) subscribe /usr/local/lib/python3.8/dist-packages/neutron_lib/callbacks/manager.py:45}}
Aug 06 20:36:52 ubuntu neutron-server[143393]: INFO neutron.quota.resource_registry [None req-bd6b7f25-2161-46e2-9591-723a0b4a530c None None] Creating instance of CountableResource for resource:rbac_policy
Aug 06 20:36:52 ubuntu neutron-server[143393]: INFO neutron.quota.resource_registry [None req-bd6b7f25-2161-46e2-9591-723a0b4a530c None None] Creating instance of TrackedResource for resource:security_group
Aug 06 20:36:52 ubuntu neutron-server[143393]: INFO neutron.quota.resource_registry [None req-bd6b7f25-2161-46e2-9591-723a0b4a530c None None] Creating instance of TrackedResource for resource:security_group_rule
Aug 06 20:36:52 ubuntu neutron-server[143393]: DEBUG neutron.api.v2.resource_helper [None req-bd6b7f25-2161-46e2-9591-723a0b4a530c None None] Service FLAVORS assigned prefix:  {{(pid=143393) build_resource_info /opt/stack/neutron/neutron/api/v2/resource_helper.py:77}}
Aug 06 20:36:52 ubuntu neutron-server[143393]: DEBUG neutron.api.v2.resource_helper [None req-bd6b7f25-2161-46e2-9591-723a0b4a530c None None] Service L3_ROUTER_NAT assigned prefix:  {{(pid=143393) build_resource_info /opt/stack/neutron/neutron/api/v2/resource_helper.py:77}}
Aug 06 20:36:52 ubuntu neutron-server[143393]: DEBUG neutron.api.v2.resource_helper [None req-bd6b7f25-2161-46e2-9591-723a0b4a530c None None] Service L3_ROUTER_NAT assigned prefix:  {{(pid=143393) build_resource_info /opt/stack/neutron/neutron/api/v2/resource_helper.py:77}}
Aug 06 20:36:52 ubuntu neutron-server[143393]: INFO neutron.quota.resource_registry [None req-bd6b7f25-2161-46e2-9591-723a0b4a530c None None] Creating instance of TrackedResource for resource:router
Aug 06 20:36:52 ubuntu neutron-server[143393]: WARNING neutron.quota.resource_registry [None req-bd6b7f25-2161-46e2-9591-723a0b4a530c None None] router is already registered
Aug 06 20:36:52 ubuntu neutron-server[143393]: INFO neutron.quota.resource_registry [None req-bd6b7f25-2161-46e2-9591-723a0b4a530c None None] Creating instance of TrackedResource for resource:floatingip
Aug 06 20:36:52 ubuntu neutron-server[143393]: WARNING neutron.quota.resource_registry [None req-bd6b7f25-2161-46e2-9591-723a0b4a530c None None] floatingip is already registered
Aug 06 20:36:52 ubuntu neutron-server[143393]: INFO neutron.quota.resource_registry [None req-bd6b7f25-2161-46e2-9591-723a0b4a530c None None] Creating instance of CountableResource for resource:rbac_policy
Aug 06 20:36:52 ubuntu neutron-server[143393]: WARNING neutron.quota.resource_registry [None req-bd6b7f25-2161-46e2-9591-723a0b4a530c None None] rbac_policy is already registered
Aug 06 20:36:52 ubuntu neutron-server[143393]: INFO neutron.quota.resource_registry [None req-bd6b7f25-2161-46e2-9591-723a0b4a530c None None] Creating instance of TrackedResource for resource:security_group
Aug 06 20:36:52 ubuntu neutron-server[143393]: WARNING neutron.quota.resource_registry [None req-bd6b7f25-2161-46e2-9591-723a0b4a530c None None] security_group is already registered
Aug 06 20:36:52 ubuntu neutron-server[143393]: INFO neutron.quota.resource_registry [None req-bd6b7f25-2161-46e2-9591-723a0b4a530c None None] Creating instance of TrackedResource for resource:security_group_rule
Aug 06 20:36:52 ubuntu neutron-server[143393]: WARNING neutron.quota.resource_registry [None req-bd6b7f25-2161-46e2-9591-723a0b4a530c None None] security_group_rule is already registered
Aug 06 20:36:52 ubuntu neutron-server[143393]: DEBUG neutron.api.extensions [None req-bd6b7f25-2161-46e2-9591-723a0b4a530c None None] Extended resource: extensions {{(pid=143393) __init__ /opt/stack/neutron/neutron/api/extensions.py:157}}
Aug 06 20:36:52 ubuntu neutron-server[143393]: DEBUG neutron.api.extensions [None req-bd6b7f25-2161-46e2-9591-723a0b4a530c None None] Extended resource: address-groups {{(pid=143393) __init__ /opt/stack/neutron/neutron/api/extensions.py:157}}
Aug 06 20:36:52 ubuntu neutron-server[143393]: DEBUG neutron.api.extensions [None req-bd6b7f25-2161-46e2-9591-723a0b4a530c None None] Extended resource: address-scopes {{(pid=143393) __init__ /opt/stack/neutron/neutron/api/extensions.py:157}}
Aug 06 20:36:52 ubuntu neutron-server[143393]: DEBUG neutron.api.extensions [None req-bd6b7f25-2161-46e2-9591-723a0b4a530c None None] Extended resource: agents {{(pid=143393) __init__ /opt/stack/neutron/neutron/api/extensions.py:157}}
Aug 06 20:36:52 ubuntu neutron-server[143393]: DEBUG neutron.api.extensions [None req-bd6b7f25-2161-46e2-9591-723a0b4a530c None None] Extended resource: auto-allocated-topology {{(pid=143393) __init__ /opt/stack/neutron/neutron/api/extensions.py:157}}
Aug 06 20:36:52 ubuntu neutron-server[143393]: DEBUG neutron.api.extensions [None req-bd6b7f25-2161-46e2-9591-723a0b4a530c None None] Extended resource: availability_zones {{(pid=143393) __init__ /opt/stack/neutron/neutron/api/extensions.py:157}}
Aug 06 20:36:52 ubuntu neutron-server[143393]: DEBUG neutron.api.extensions [None req-bd6b7f25-2161-46e2-9591-723a0b4a530c None None] Extended resource: flavors {{(pid=143393) __init__ /opt/stack/neutron/neutron/api/extensions.py:157}}
Aug 06 20:36:52 ubuntu neutron-server[143393]: DEBUG neutron.api.extensions [None req-bd6b7f25-2161-46e2-9591-723a0b4a530c None None] Extended resource: service_profiles {{(pid=143393) __init__ /opt/stack/neutron/neutron/api/extensions.py:157}}
Aug 06 20:36:52 ubuntu neutron-server[143393]: DEBUG neutron.api.extensions [None req-bd6b7f25-2161-46e2-9591-723a0b4a530c None None] Extended resource: next_providers {{(pid=143393) __init__ /opt/stack/neutron/neutron/api/extensions.py:157}}
Aug 06 20:36:52 ubuntu neutron-server[143393]: DEBUG neutron.api.extensions [None req-bd6b7f25-2161-46e2-9591-723a0b4a530c None None] Extended resource: service_profiles {{(pid=143393) __init__ /opt/stack/neutron/neutron/api/extensions.py:157}}
Aug 06 20:36:52 ubuntu neutron-server[143393]: DEBUG neutron.api.extensions [None req-bd6b7f25-2161-46e2-9591-723a0b4a530c None None] Extended resource: floatingip-pools {{(pid=143393) __init__ /opt/stack/neutron/neutron/api/extensions.py:157}}
Aug 06 20:36:52 ubuntu neutron-server[143393]: DEBUG neutron.api.extensions [None req-bd6b7f25-2161-46e2-9591-723a0b4a530c None None] Extended resource: routers {{(pid=143393) __init__ /opt/stack/neutron/neutron/api/extensions.py:157}}
Aug 06 20:36:52 ubuntu neutron-server[143393]: DEBUG neutron.api.extensions [None req-bd6b7f25-2161-46e2-9591-723a0b4a530c None None] Extended resource: floatingips {{(pid=143393) __init__ /opt/stack/neutron/neutron/api/extensions.py:157}}
Aug 06 20:36:52 ubuntu neutron-server[143393]: DEBUG neutron.api.extensions [None req-bd6b7f25-2161-46e2-9591-723a0b4a530c None None] Extended resource: network-ip-availabilities {{(pid=143393) __init__ /opt/stack/neutron/neutron/api/extensions.py:157}}
Aug 06 20:36:52 ubuntu neutron-server[143393]: DEBUG neutron.api.extensions [None req-bd6b7f25-2161-46e2-9591-723a0b4a530c None None] Extended resource: bindings {{(pid=143393) __init__ /opt/stack/neutron/neutron/api/extensions.py:157}}
Aug 06 20:36:52 ubuntu neutron-server[143393]: DEBUG neutron.api.extensions [None req-bd6b7f25-2161-46e2-9591-723a0b4a530c None None] Extended resource: quotas {{(pid=143393) __init__ /opt/stack/neutron/neutron/api/extensions.py:157}}
Aug 06 20:36:52 ubuntu neutron-server[143393]: DEBUG neutron.api.extensions [None req-bd6b7f25-2161-46e2-9591-723a0b4a530c None None] Extended resource: quotas {{(pid=143393) __init__ /opt/stack/neutron/neutron/api/extensions.py:157}}
Aug 06 20:36:52 ubuntu neutron-server[143393]: DEBUG neutron.api.extensions [None req-bd6b7f25-2161-46e2-9591-723a0b4a530c None None] Extended resource: rbac-policies {{(pid=143393) __init__ /opt/stack/neutron/neutron/api/extensions.py:157}}
Aug 06 20:36:52 ubuntu neutron-server[143393]: DEBUG neutron.api.extensions [None req-bd6b7f25-2161-46e2-9591-723a0b4a530c None None] Extended resource: security-groups {{(pid=143393) __init__ /opt/stack/neutron/neutron/api/extensions.py:157}}
Aug 06 20:36:52 ubuntu neutron-server[143393]: DEBUG neutron.api.extensions [None req-bd6b7f25-2161-46e2-9591-723a0b4a530c None None] Extended resource: security-group-rules {{(pid=143393) __init__ /opt/stack/neutron/neutron/api/extensions.py:157}}
Aug 06 20:36:52 ubuntu neutron-server[143393]: DEBUG neutron.api.extensions [None req-bd6b7f25-2161-46e2-9591-723a0b4a530c None None] Extended resource: service-providers {{(pid=143393) __init__ /opt/stack/neutron/neutron/api/extensions.py:157}}
Aug 06 20:36:52 ubuntu neutron-server[143393]: DEBUG neutron.api.extensions [None req-bd6b7f25-2161-46e2-9591-723a0b4a530c None None] Extended resource: tags {{(pid=143393) __init__ /opt/stack/neutron/neutron/api/extensions.py:157}}
Aug 06 20:36:52 ubuntu neutron-server[143393]: DEBUG neutron.api.extensions [None req-bd6b7f25-2161-46e2-9591-723a0b4a530c None None] Extended resource: tags {{(pid=143393) __init__ /opt/stack/neutron/neutron/api/extensions.py:157}}
Aug 06 20:36:52 ubuntu neutron-server[143393]: DEBUG neutron.api.extensions [None req-bd6b7f25-2161-46e2-9591-723a0b4a530c None None] Extended resource: tags {{(pid=143393) __init__ /opt/stack/neutron/neutron/api/extensions.py:157}}
Aug 06 20:36:52 ubuntu neutron-server[143393]: DEBUG neutron.api.extensions [None req-bd6b7f25-2161-46e2-9591-723a0b4a530c None None] Extended resource: tags {{(pid=143393) __init__ /opt/stack/neutron/neutron/api/extensions.py:157}}
Aug 06 20:36:52 ubuntu neutron-server[143393]: DEBUG neutron.api.extensions [None req-bd6b7f25-2161-46e2-9591-723a0b4a530c None None] Extended resource: tags {{(pid=143393) __init__ /opt/stack/neutron/neutron/api/extensions.py:157}}
Aug 06 20:36:52 ubuntu neutron-server[143393]: DEBUG neutron.api.extensions [None req-bd6b7f25-2161-46e2-9591-723a0b4a530c None None] Extended resource: tags {{(pid=143393) __init__ /opt/stack/neutron/neutron/api/extensions.py:157}}
Aug 06 20:36:52 ubuntu neutron-server[143393]: DEBUG neutron.api.extensions [None req-bd6b7f25-2161-46e2-9591-723a0b4a530c None None] Extended resource: tags {{(pid=143393) __init__ /opt/stack/neutron/neutron/api/extensions.py:157}}
Aug 06 20:36:52 ubuntu neutron-server[143393]: DEBUG neutron.api.extensions [None req-bd6b7f25-2161-46e2-9591-723a0b4a530c None None] Extended resource: tags {{(pid=143393) __init__ /opt/stack/neutron/neutron/api/extensions.py:157}}
Aug 06 20:36:52 ubuntu neutron-server[143393]: DEBUG neutron.api.extensions [None req-bd6b7f25-2161-46e2-9591-723a0b4a530c None None] Extended resource: tags {{(pid=143393) __init__ /opt/stack/neutron/neutron/api/extensions.py:157}}
Aug 06 20:36:52 ubuntu neutron-server[143393]: DEBUG neutron.api.extensions [None req-bd6b7f25-2161-46e2-9591-723a0b4a530c None None] Extended resource: tags {{(pid=143393) __init__ /opt/stack/neutron/neutron/api/extensions.py:157}}
Aug 06 20:36:52 ubuntu neutron-server[143393]: WARNING keystonemiddleware.auth_token [None req-bd6b7f25-2161-46e2-9591-723a0b4a530c None None] AuthToken middleware is set with keystone_authtoken.service_token_roles_required set to False. This is backwards compatible but deprecated behaviour. Please set this to True.
Aug 06 20:36:52 ubuntu neutron-server[143393]: WARNING keystonemiddleware.auth_token [None req-bd6b7f25-2161-46e2-9591-723a0b4a530c None None] Configuring www_authenticate_uri to point to the public identity endpoint is required; clients may not be able to authenticate against an admin endpoint
Aug 06 20:36:52 ubuntu neutron-server[143393]: DEBUG oslo_concurrency.lockutils [None req-bd6b7f25-2161-46e2-9591-723a0b4a530c None None] Acquiring lock "singleton_lock" {{(pid=143393) lock /usr/local/lib/python3.8/dist-packages/oslo_concurrency/lockutils.py:293}}
Aug 06 20:36:52 ubuntu neutron-server[143393]: DEBUG oslo_concurrency.lockutils [None req-bd6b7f25-2161-46e2-9591-723a0b4a530c None None] Acquired lock "singleton_lock" {{(pid=143393) lock /usr/local/lib/python3.8/dist-packages/oslo_concurrency/lockutils.py:296}}
Aug 06 20:36:52 ubuntu neutron-server[143393]: DEBUG oslo_concurrency.lockutils [None req-bd6b7f25-2161-46e2-9591-723a0b4a530c None None] Releasing lock "singleton_lock" {{(pid=143393) lock /usr/local/lib/python3.8/dist-packages/oslo_concurrency/lockutils.py:314}}
Aug 06 20:36:52 ubuntu neutron-server[143393]: INFO oslo_service.service [None req-bd6b7f25-2161-46e2-9591-723a0b4a530c None None] Starting 2 workers
Aug 06 20:36:52 ubuntu neutron-server[143393]: DEBUG oslo_service.service [None req-bd6b7f25-2161-46e2-9591-723a0b4a530c None None] Started child 143609 {{(pid=143393) _start_child /usr/local/lib/python3.8/dist-packages/oslo_service/service.py:575}}
Aug 06 20:36:52 ubuntu neutron-server[143393]: DEBUG oslo_service.service [None req-bd6b7f25-2161-46e2-9591-723a0b4a530c None None] Started child 143610 {{(pid=143393) _start_child /usr/local/lib/python3.8/dist-packages/oslo_service/service.py:575}}
Aug 06 20:36:52 ubuntu neutron-server[143393]: INFO neutron.service [None req-bd6b7f25-2161-46e2-9591-723a0b4a530c None None] Neutron service started, listening on 0.0.0.0:9696
Aug 06 20:36:52 ubuntu neutron-server[143393]: DEBUG neutron_lib.callbacks.manager [None req-bd6b7f25-2161-46e2-9591-723a0b4a530c None None] Publish callbacks ['neutron.plugins.ml2.drivers.ovn.mech_driver.mech_driver.OVNMechanismDriver.pre_fork_initialize-537185'] for process (None), before_spawn {{(pid=143393) _notify_loop /usr/local/lib/python3.8/dist-packages/neutron_lib/callbacks/manager.py:176}}
Aug 06 20:36:52 ubuntu neutron-server[143609]: DEBUG neutron_lib.callbacks.manager [-] Publish callbacks ['neutron.plugins.ml2.drivers.ovn.mech_driver.mech_driver.OVNMechanismDriver.post_fork_initialize-537093'] for process (None), after_init {{(pid=143609) _notify_loop /usr/local/lib/python3.8/dist-packages/neutron_lib/callbacks/manager.py:176}}
Aug 06 20:36:52 ubuntu neutron-server[143610]: DEBUG neutron_lib.callbacks.manager [-] Publish callbacks ['neutron.plugins.ml2.drivers.ovn.mech_driver.mech_driver.OVNMechanismDriver.post_fork_initialize-537093'] for process (None), after_init {{(pid=143610) _notify_loop /usr/local/lib/python3.8/dist-packages/neutron_lib/callbacks/manager.py:176}}
Aug 06 20:36:52 ubuntu neutron-server[143609]: DEBUG dbcounter [-] [143609] Writer thread running {{(pid=143609) stat_writer /usr/local/lib/python3.8/dist-packages/dbcounter.py:99}}
Aug 06 20:36:52 ubuntu neutron-server[143610]: DEBUG dbcounter [-] [143610] Writer thread running {{(pid=143610) stat_writer /usr/local/lib/python3.8/dist-packages/dbcounter.py:99}}
Aug 06 20:36:52 ubuntu neutron-server[143393]: DEBUG ovsdbapp.backend.ovs_idl [None req-bd6b7f25-2161-46e2-9591-723a0b4a530c None None] Created schema index Port_Group.name {{(pid=143393) autocreate_indices /usr/local/lib/python3.8/dist-packages/ovsdbapp/backend/ovs_idl/__init__.py:104}}
Aug 06 20:36:52 ubuntu neutron-server[143393]: DEBUG ovsdbapp.backend.ovs_idl [None req-bd6b7f25-2161-46e2-9591-723a0b4a530c None None] Created schema index Logical_Switch_Port.name {{(pid=143393) autocreate_indices /usr/local/lib/python3.8/dist-packages/ovsdbapp/backend/ovs_idl/__init__.py:104}}
Aug 06 20:36:52 ubuntu neutron-server[143609]: INFO neutron.plugins.ml2.drivers.ovn.mech_driver.ovsdb.impl_idl_ovn [None req-5fcd5bbb-7b38-432d-bfa3-6662a5af07f9 None None] Getting OvsdbNbOvnIdl for WorkerService with retry
Aug 06 20:36:52 ubuntu neutron-server[143610]: INFO neutron.plugins.ml2.drivers.ovn.mech_driver.ovsdb.impl_idl_ovn [None req-b8c51df9-6e2e-4906-a920-a4b67a8c6fb8 None None] Getting OvsdbNbOvnIdl for WorkerService with retry
Aug 06 20:36:52 ubuntu neutron-server[143393]: DEBUG ovsdbapp.backend.ovs_idl.transaction [-] Running txn n=1 command(idx=0): PgAddCommand(name=neutron_pg_drop, may_exist=True, columns={'acls': []}) {{(pid=143393) do_commit /usr/local/lib/python3.8/dist-packages/ovsdbapp/backend/ovs_idl/transaction.py:90}}
Aug 06 20:36:52 ubuntu neutron-server[143393]: DEBUG ovsdbapp.backend.ovs_idl.transaction [-] Running txn n=1 command(idx=1): PgAclAddCommand(entity=neutron_pg_drop, direction=from-lport, priority=1001, match=inport == @neutron_pg_drop && ip, action=drop, log=False, may_exist=True, severity=[], name=[], meter=None, external_ids={}) {{(pid=143393) do_commit /usr/local/lib/python3.8/dist-packages/ovsdbapp/backend/ovs_idl/transaction.py:90}}
Aug 06 20:36:52 ubuntu neutron-server[143393]: DEBUG ovsdbapp.backend.ovs_idl.transaction [-] Running txn n=1 command(idx=2): PgAclAddCommand(entity=neutron_pg_drop, direction=to-lport, priority=1001, match=outport == @neutron_pg_drop && ip, action=drop, log=False, may_exist=True, severity=[], name=[], meter=None, external_ids={}) {{(pid=143393) do_commit /usr/local/lib/python3.8/dist-packages/ovsdbapp/backend/ovs_idl/transaction.py:90}}
Aug 06 20:36:52 ubuntu neutron-server[143393]: DEBUG ovsdbapp.backend.ovs_idl.event [-] Matched CREATE: NeutronPgDropPortGroupCreated(events=('create',), table='Port_Group', conditions=(('name', '=', 'neutron_pg_drop'),), old_conditions=None), priority=10 to row=Port_Group(name=neutron_pg_drop, ports=[], external_ids={}, acls=[<ovs.db.idl.Row object at 0x7fb4603e43a0>, <ovs.db.idl.Row object at 0x7fb4603e47c0>]) old= {{(pid=143393) matches /usr/local/lib/python3.8/dist-packages/ovsdbapp/backend/ovs_idl/event.py:43}}
Aug 06 20:36:52 ubuntu neutron-server[143610]: DEBUG ovsdbapp.backend.ovs_idl [None req-b8c51df9-6e2e-4906-a920-a4b67a8c6fb8 None None] Created lookup_table index Logical_Switch.name {{(pid=143610) autocreate_indices /usr/local/lib/python3.8/dist-packages/ovsdbapp/backend/ovs_idl/__init__.py:85}}
Aug 06 20:36:52 ubuntu neutron-server[143610]: DEBUG ovsdbapp.backend.ovs_idl [None req-b8c51df9-6e2e-4906-a920-a4b67a8c6fb8 None None] Created lookup_table index Logical_Router.name {{(pid=143610) autocreate_indices /usr/local/lib/python3.8/dist-packages/ovsdbapp/backend/ovs_idl/__init__.py:85}}
Aug 06 20:36:52 ubuntu neutron-server[143610]: DEBUG ovsdbapp.backend.ovs_idl [None req-b8c51df9-6e2e-4906-a920-a4b67a8c6fb8 None None] Created lookup_table index Load_Balancer.name {{(pid=143610) autocreate_indices /usr/local/lib/python3.8/dist-packages/ovsdbapp/backend/ovs_idl/__init__.py:85}}
Aug 06 20:36:52 ubuntu neutron-server[143609]: DEBUG ovsdbapp.backend.ovs_idl [None req-5fcd5bbb-7b38-432d-bfa3-6662a5af07f9 None None] Created lookup_table index Logical_Switch.name {{(pid=143609) autocreate_indices /usr/local/lib/python3.8/dist-packages/ovsdbapp/backend/ovs_idl/__init__.py:85}}
Aug 06 20:36:52 ubuntu neutron-server[143610]: DEBUG ovsdbapp.backend.ovs_idl [None req-b8c51df9-6e2e-4906-a920-a4b67a8c6fb8 None None] Created schema index Meter.name {{(pid=143610) autocreate_indices /usr/local/lib/python3.8/dist-packages/ovsdbapp/backend/ovs_idl/__init__.py:104}}
Aug 06 20:36:52 ubuntu neutron-server[143609]: DEBUG ovsdbapp.backend.ovs_idl [None req-5fcd5bbb-7b38-432d-bfa3-6662a5af07f9 None None] Created lookup_table index Logical_Router.name {{(pid=143609) autocreate_indices /usr/local/lib/python3.8/dist-packages/ovsdbapp/backend/ovs_idl/__init__.py:85}}
Aug 06 20:36:52 ubuntu neutron-server[143610]: DEBUG ovsdbapp.backend.ovs_idl [None req-b8c51df9-6e2e-4906-a920-a4b67a8c6fb8 None None] Created schema index Address_Set.name {{(pid=143610) autocreate_indices /usr/local/lib/python3.8/dist-packages/ovsdbapp/backend/ovs_idl/__init__.py:104}}
Aug 06 20:36:52 ubuntu neutron-server[143609]: DEBUG ovsdbapp.backend.ovs_idl [None req-5fcd5bbb-7b38-432d-bfa3-6662a5af07f9 None None] Created lookup_table index Load_Balancer.name {{(pid=143609) autocreate_indices /usr/local/lib/python3.8/dist-packages/ovsdbapp/backend/ovs_idl/__init__.py:85}}
Aug 06 20:36:52 ubuntu neutron-server[143610]: DEBUG ovsdbapp.backend.ovs_idl [None req-b8c51df9-6e2e-4906-a920-a4b67a8c6fb8 None None] Created schema index HA_Chassis_Group.name {{(pid=143610) autocreate_indices /usr/local/lib/python3.8/dist-packages/ovsdbapp/backend/ovs_idl/__init__.py:104}}
Aug 06 20:36:52 ubuntu neutron-server[143609]: DEBUG ovsdbapp.backend.ovs_idl [None req-5fcd5bbb-7b38-432d-bfa3-6662a5af07f9 None None] Created schema index Meter.name {{(pid=143609) autocreate_indices /usr/local/lib/python3.8/dist-packages/ovsdbapp/backend/ovs_idl/__init__.py:104}}
Aug 06 20:36:52 ubuntu neutron-server[143610]: DEBUG ovsdbapp.backend.ovs_idl [None req-b8c51df9-6e2e-4906-a920-a4b67a8c6fb8 None None] Created schema index Connection.target {{(pid=143610) autocreate_indices /usr/local/lib/python3.8/dist-packages/ovsdbapp/backend/ovs_idl/__init__.py:104}}
Aug 06 20:36:52 ubuntu neutron-server[143609]: DEBUG ovsdbapp.backend.ovs_idl [None req-5fcd5bbb-7b38-432d-bfa3-6662a5af07f9 None None] Created schema index Address_Set.name {{(pid=143609) autocreate_indices /usr/local/lib/python3.8/dist-packages/ovsdbapp/backend/ovs_idl/__init__.py:104}}
Aug 06 20:36:52 ubuntu neutron-server[143610]: DEBUG ovsdbapp.backend.ovs_idl [None req-b8c51df9-6e2e-4906-a920-a4b67a8c6fb8 None None] Created schema index Gateway_Chassis.name {{(pid=143610) autocreate_indices /usr/local/lib/python3.8/dist-packages/ovsdbapp/backend/ovs_idl/__init__.py:104}}
Aug 06 20:36:52 ubuntu neutron-server[143610]: DEBUG ovsdbapp.backend.ovs_idl [None req-b8c51df9-6e2e-4906-a920-a4b67a8c6fb8 None None] Created schema index Logical_Router_Port.name {{(pid=143610) autocreate_indices /usr/local/lib/python3.8/dist-packages/ovsdbapp/backend/ovs_idl/__init__.py:104}}
Aug 06 20:36:52 ubuntu neutron-server[143609]: DEBUG ovsdbapp.backend.ovs_idl [None req-5fcd5bbb-7b38-432d-bfa3-6662a5af07f9 None None] Created schema index HA_Chassis_Group.name {{(pid=143609) autocreate_indices /usr/local/lib/python3.8/dist-packages/ovsdbapp/backend/ovs_idl/__init__.py:104}}
Aug 06 20:36:52 ubuntu neutron-server[143610]: DEBUG ovsdbapp.backend.ovs_idl [None req-b8c51df9-6e2e-4906-a920-a4b67a8c6fb8 None None] Created schema index Port_Group.name {{(pid=143610) autocreate_indices /usr/local/lib/python3.8/dist-packages/ovsdbapp/backend/ovs_idl/__init__.py:104}}
Aug 06 20:36:52 ubuntu neutron-server[143609]: DEBUG ovsdbapp.backend.ovs_idl [None req-5fcd5bbb-7b38-432d-bfa3-6662a5af07f9 None None] Created schema index Connection.target {{(pid=143609) autocreate_indices /usr/local/lib/python3.8/dist-packages/ovsdbapp/backend/ovs_idl/__init__.py:104}}
Aug 06 20:36:52 ubuntu neutron-server[143610]: DEBUG ovsdbapp.backend.ovs_idl [None req-b8c51df9-6e2e-4906-a920-a4b67a8c6fb8 None None] Created schema index Logical_Switch_Port.name {{(pid=143610) autocreate_indices /usr/local/lib/python3.8/dist-packages/ovsdbapp/backend/ovs_idl/__init__.py:104}}
Aug 06 20:36:52 ubuntu neutron-server[143609]: DEBUG ovsdbapp.backend.ovs_idl [None req-5fcd5bbb-7b38-432d-bfa3-6662a5af07f9 None None] Created schema index Gateway_Chassis.name {{(pid=143609) autocreate_indices /usr/local/lib/python3.8/dist-packages/ovsdbapp/backend/ovs_idl/__init__.py:104}}
Aug 06 20:36:52 ubuntu neutron-server[143609]: DEBUG ovsdbapp.backend.ovs_idl [None req-5fcd5bbb-7b38-432d-bfa3-6662a5af07f9 None None] Created schema index Logical_Router_Port.name {{(pid=143609) autocreate_indices /usr/local/lib/python3.8/dist-packages/ovsdbapp/backend/ovs_idl/__init__.py:104}}
Aug 06 20:36:52 ubuntu neutron-server[143610]: INFO ovsdbapp.backend.ovs_idl.vlog [None req-b8c51df9-6e2e-4906-a920-a4b67a8c6fb8 None None] tcp:192.168.79.49:6641: connecting...
Aug 06 20:36:52 ubuntu neutron-server[143609]: DEBUG ovsdbapp.backend.ovs_idl [None req-5fcd5bbb-7b38-432d-bfa3-6662a5af07f9 None None] Created schema index Port_Group.name {{(pid=143609) autocreate_indices /usr/local/lib/python3.8/dist-packages/ovsdbapp/backend/ovs_idl/__init__.py:104}}
Aug 06 20:36:52 ubuntu neutron-server[143610]: INFO ovsdbapp.backend.ovs_idl.vlog [None req-b8c51df9-6e2e-4906-a920-a4b67a8c6fb8 None None] tcp:192.168.79.49:6641: connected
Aug 06 20:36:52 ubuntu neutron-server[143609]: DEBUG ovsdbapp.backend.ovs_idl [None req-5fcd5bbb-7b38-432d-bfa3-6662a5af07f9 None None] Created schema index Logical_Switch_Port.name {{(pid=143609) autocreate_indices /usr/local/lib/python3.8/dist-packages/ovsdbapp/backend/ovs_idl/__init__.py:104}}
Aug 06 20:36:52 ubuntu neutron-server[143609]: INFO ovsdbapp.backend.ovs_idl.vlog [None req-5fcd5bbb-7b38-432d-bfa3-6662a5af07f9 None None] tcp:192.168.79.49:6641: connecting...
Aug 06 20:36:52 ubuntu neutron-server[143609]: INFO ovsdbapp.backend.ovs_idl.vlog [None req-5fcd5bbb-7b38-432d-bfa3-6662a5af07f9 None None] tcp:192.168.79.49:6641: connected
Aug 06 20:36:52 ubuntu neutron-server[143393]: DEBUG ovsdbapp.backend.ovs_idl [None req-bd6b7f25-2161-46e2-9591-723a0b4a530c None None] Created lookup_table index Logical_Switch.name {{(pid=143393) autocreate_indices /usr/local/lib/python3.8/dist-packages/ovsdbapp/backend/ovs_idl/__init__.py:85}}
Aug 06 20:36:52 ubuntu neutron-server[143393]: DEBUG ovsdbapp.backend.ovs_idl [None req-bd6b7f25-2161-46e2-9591-723a0b4a530c None None] Created lookup_table index Logical_Router.name {{(pid=143393) autocreate_indices /usr/local/lib/python3.8/dist-packages/ovsdbapp/backend/ovs_idl/__init__.py:85}}
Aug 06 20:36:52 ubuntu neutron-server[143393]: DEBUG ovsdbapp.backend.ovs_idl [None req-bd6b7f25-2161-46e2-9591-723a0b4a530c None None] Created lookup_table index Load_Balancer.name {{(pid=143393) autocreate_indices /usr/local/lib/python3.8/dist-packages/ovsdbapp/backend/ovs_idl/__init__.py:85}}
Aug 06 20:36:52 ubuntu neutron-server[143393]: DEBUG ovsdbapp.backend.ovs_idl [None req-bd6b7f25-2161-46e2-9591-723a0b4a530c None None] Created schema index Meter.name {{(pid=143393) autocreate_indices /usr/local/lib/python3.8/dist-packages/ovsdbapp/backend/ovs_idl/__init__.py:104}}
Aug 06 20:36:52 ubuntu neutron-server[143393]: DEBUG ovsdbapp.backend.ovs_idl [None req-bd6b7f25-2161-46e2-9591-723a0b4a530c None None] Created schema index Address_Set.name {{(pid=143393) autocreate_indices /usr/local/lib/python3.8/dist-packages/ovsdbapp/backend/ovs_idl/__init__.py:104}}
Aug 06 20:36:52 ubuntu neutron-server[143393]: DEBUG ovsdbapp.backend.ovs_idl [None req-bd6b7f25-2161-46e2-9591-723a0b4a530c None None] Created schema index HA_Chassis_Group.name {{(pid=143393) autocreate_indices /usr/local/lib/python3.8/dist-packages/ovsdbapp/backend/ovs_idl/__init__.py:104}}
Aug 06 20:36:52 ubuntu neutron-server[143393]: DEBUG ovsdbapp.backend.ovs_idl [None req-bd6b7f25-2161-46e2-9591-723a0b4a530c None None] Created schema index Connection.target {{(pid=143393) autocreate_indices /usr/local/lib/python3.8/dist-packages/ovsdbapp/backend/ovs_idl/__init__.py:104}}
Aug 06 20:36:52 ubuntu neutron-server[143393]: DEBUG ovsdbapp.backend.ovs_idl [None req-bd6b7f25-2161-46e2-9591-723a0b4a530c None None] Created schema index Gateway_Chassis.name {{(pid=143393) autocreate_indices /usr/local/lib/python3.8/dist-packages/ovsdbapp/backend/ovs_idl/__init__.py:104}}
Aug 06 20:36:52 ubuntu neutron-server[143393]: DEBUG ovsdbapp.backend.ovs_idl [None req-bd6b7f25-2161-46e2-9591-723a0b4a530c None None] Created schema index Logical_Router_Port.name {{(pid=143393) autocreate_indices /usr/local/lib/python3.8/dist-packages/ovsdbapp/backend/ovs_idl/__init__.py:104}}
Aug 06 20:36:52 ubuntu neutron-server[143393]: DEBUG ovsdbapp.backend.ovs_idl [None req-bd6b7f25-2161-46e2-9591-723a0b4a530c None None] Created schema index Port_Group.name {{(pid=143393) autocreate_indices /usr/local/lib/python3.8/dist-packages/ovsdbapp/backend/ovs_idl/__init__.py:104}}
Aug 06 20:36:52 ubuntu neutron-server[143393]: DEBUG ovsdbapp.backend.ovs_idl [None req-bd6b7f25-2161-46e2-9591-723a0b4a530c None None] Created schema index Logical_Switch_Port.name {{(pid=143393) autocreate_indices /usr/local/lib/python3.8/dist-packages/ovsdbapp/backend/ovs_idl/__init__.py:104}}
Aug 06 20:36:52 ubuntu neutron-server[143610]: DEBUG neutron.common.ovn.hash_ring_manager [None req-b8c51df9-6e2e-4906-a920-a4b67a8c6fb8 None None] Allow caching, nodes 2>=2 {{(pid=143610) _wait_startup_before_caching /opt/stack/neutron/neutron/common/ovn/hash_ring_manager.py:60}}
Aug 06 20:36:52 ubuntu neutron-server[143609]: DEBUG neutron.common.ovn.hash_ring_manager [None req-5fcd5bbb-7b38-432d-bfa3-6662a5af07f9 None None] Allow caching, nodes 2>=2 {{(pid=143609) _wait_startup_before_caching /opt/stack/neutron/neutron/common/ovn/hash_ring_manager.py:60}}
Aug 06 20:36:52 ubuntu neutron-server[143610]: DEBUG neutron.plugins.ml2.drivers.ovn.mech_driver.ovsdb.ovsdb_monitor [None req-b8c51df9-6e2e-4906-a920-a4b67a8c6fb8 None None] Hash Ring: Node 756ceab5-dedb-4259-ac26-c7f973fe269c (host: ubuntu) handling event "create" for row d7ed17f2-ba1b-48dd-a07b-9858cf78257d (table: Database) {{(pid=143610) notify /opt/stack/neutron/neutron/plugins/ml2/drivers/ovn/mech_driver/ovsdb/ovsdb_monitor.py:743}}
Aug 06 20:36:52 ubuntu neutron-server[143609]: DEBUG neutron.plugins.ml2.drivers.ovn.mech_driver.ovsdb.ovsdb_monitor [None req-5fcd5bbb-7b38-432d-bfa3-6662a5af07f9 None None] Hash Ring: Node b0b99870-1de4-4f99-8e5a-b3edefccd38f (host: ubuntu) handling event "create" for row cc61e3d2-b6e3-4dc1-8d75-220dcfc485fd (table: Database) {{(pid=143609) notify /opt/stack/neutron/neutron/plugins/ml2/drivers/ovn/mech_driver/ovsdb/ovsdb_monitor.py:743}}
Aug 06 20:36:52 ubuntu neutron-server[143610]: DEBUG neutron.plugins.ml2.drivers.ovn.mech_driver.ovsdb.ovsdb_monitor [None req-b8c51df9-6e2e-4906-a920-a4b67a8c6fb8 None None] Hash Ring: Node 756ceab5-dedb-4259-ac26-c7f973fe269c (host: ubuntu) handling event "create" for row 90885502-31e2-41ae-b448-e8571c91a4fb (table: ACL) {{(pid=143610) notify /opt/stack/neutron/neutron/plugins/ml2/drivers/ovn/mech_driver/ovsdb/ovsdb_monitor.py:743}}
Aug 06 20:36:52 ubuntu neutron-server[143610]: DEBUG neutron.plugins.ml2.drivers.ovn.mech_driver.ovsdb.ovsdb_monitor [None req-b8c51df9-6e2e-4906-a920-a4b67a8c6fb8 None None] Hash Ring: Node 756ceab5-dedb-4259-ac26-c7f973fe269c (host: ubuntu) handling event "create" for row d0efea02-f1a9-4bac-a50f-7f00093a3ec6 (table: ACL) {{(pid=143610) notify /opt/stack/neutron/neutron/plugins/ml2/drivers/ovn/mech_driver/ovsdb/ovsdb_monitor.py:743}}
Aug 06 20:36:52 ubuntu neutron-server[143610]: INFO neutron.plugins.ml2.drivers.ovn.mech_driver.ovsdb.impl_idl_ovn [None req-b8c51df9-6e2e-4906-a920-a4b67a8c6fb8 None None] Getting OvsdbSbOvnIdl for WorkerService with retry
Aug 06 20:36:52 ubuntu neutron-server[143609]: DEBUG neutron.plugins.ml2.drivers.ovn.mech_driver.ovsdb.ovsdb_monitor [None req-5fcd5bbb-7b38-432d-bfa3-6662a5af07f9 None None] Hash Ring: Node b0b99870-1de4-4f99-8e5a-b3edefccd38f (host: ubuntu) handling event "create" for row c8b666fe-007d-4114-942c-ae2e45f19668 (table: Port_Group) {{(pid=143609) notify /opt/stack/neutron/neutron/plugins/ml2/drivers/ovn/mech_driver/ovsdb/ovsdb_monitor.py:743}}
Aug 06 20:36:52 ubuntu neutron-server[143609]: DEBUG neutron.plugins.ml2.drivers.ovn.mech_driver.ovsdb.ovsdb_monitor [None req-5fcd5bbb-7b38-432d-bfa3-6662a5af07f9 None None] Hash Ring: Node b0b99870-1de4-4f99-8e5a-b3edefccd38f (host: ubuntu) handling event "create" for row 55c5457a-c979-470b-a65f-33200c2bac04 (table: NB_Global) {{(pid=143609) notify /opt/stack/neutron/neutron/plugins/ml2/drivers/ovn/mech_driver/ovsdb/ovsdb_monitor.py:743}}
Aug 06 20:36:52 ubuntu neutron-server[143609]: DEBUG neutron.plugins.ml2.drivers.ovn.mech_driver.ovsdb.ovsdb_monitor [None req-5fcd5bbb-7b38-432d-bfa3-6662a5af07f9 None None] Hash Ring: Node b0b99870-1de4-4f99-8e5a-b3edefccd38f (host: ubuntu) handling event "create" for row 1e2d6d7b-962a-4abc-ada7-94a3f0cee5ac (table: Connection) {{(pid=143609) notify /opt/stack/neutron/neutron/plugins/ml2/drivers/ovn/mech_driver/ovsdb/ovsdb_monitor.py:743}}
Aug 06 20:36:52 ubuntu neutron-server[143609]: INFO neutron.plugins.ml2.drivers.ovn.mech_driver.ovsdb.impl_idl_ovn [None req-5fcd5bbb-7b38-432d-bfa3-6662a5af07f9 None None] Getting OvsdbSbOvnIdl for WorkerService with retry
Aug 06 20:36:52 ubuntu neutron-server[143610]: DEBUG ovsdbapp.backend.ovs_idl [None req-b8c51df9-6e2e-4906-a920-a4b67a8c6fb8 None None] Created lookup_table index Chassis.name {{(pid=143610) autocreate_indices /usr/local/lib/python3.8/dist-packages/ovsdbapp/backend/ovs_idl/__init__.py:85}}
Aug 06 20:36:52 ubuntu neutron-server[143610]: DEBUG ovsdbapp.backend.ovs_idl [None req-b8c51df9-6e2e-4906-a920-a4b67a8c6fb8 None None] Created schema index Datapath_Binding.tunnel_key {{(pid=143610) autocreate_indices /usr/local/lib/python3.8/dist-packages/ovsdbapp/backend/ovs_idl/__init__.py:104}}
Aug 06 20:36:52 ubuntu neutron-server[143610]: DEBUG ovsdbapp.backend.ovs_idl [None req-b8c51df9-6e2e-4906-a920-a4b67a8c6fb8 None None] Created schema index Connection.target {{(pid=143610) autocreate_indices /usr/local/lib/python3.8/dist-packages/ovsdbapp/backend/ovs_idl/__init__.py:104}}
Aug 06 20:36:52 ubuntu neutron-server[143610]: INFO ovsdbapp.backend.ovs_idl.vlog [None req-b8c51df9-6e2e-4906-a920-a4b67a8c6fb8 None None] tcp:192.168.79.49:6642: connecting...
Aug 06 20:36:52 ubuntu neutron-server[143610]: INFO ovsdbapp.backend.ovs_idl.vlog [None req-b8c51df9-6e2e-4906-a920-a4b67a8c6fb8 None None] tcp:192.168.79.49:6642: connected
Aug 06 20:36:52 ubuntu neutron-server[143609]: DEBUG ovsdbapp.backend.ovs_idl [None req-5fcd5bbb-7b38-432d-bfa3-6662a5af07f9 None None] Created lookup_table index Chassis.name {{(pid=143609) autocreate_indices /usr/local/lib/python3.8/dist-packages/ovsdbapp/backend/ovs_idl/__init__.py:85}}
Aug 06 20:36:52 ubuntu neutron-server[143609]: DEBUG ovsdbapp.backend.ovs_idl [None req-5fcd5bbb-7b38-432d-bfa3-6662a5af07f9 None None] Created schema index Datapath_Binding.tunnel_key {{(pid=143609) autocreate_indices /usr/local/lib/python3.8/dist-packages/ovsdbapp/backend/ovs_idl/__init__.py:104}}
Aug 06 20:36:52 ubuntu neutron-server[143609]: DEBUG ovsdbapp.backend.ovs_idl [None req-5fcd5bbb-7b38-432d-bfa3-6662a5af07f9 None None] Created schema index Connection.target {{(pid=143609) autocreate_indices /usr/local/lib/python3.8/dist-packages/ovsdbapp/backend/ovs_idl/__init__.py:104}}
Aug 06 20:36:52 ubuntu neutron-server[143609]: INFO ovsdbapp.backend.ovs_idl.vlog [None req-5fcd5bbb-7b38-432d-bfa3-6662a5af07f9 None None] tcp:192.168.79.49:6642: connecting...
Aug 06 20:36:52 ubuntu neutron-server[143609]: INFO ovsdbapp.backend.ovs_idl.vlog [None req-5fcd5bbb-7b38-432d-bfa3-6662a5af07f9 None None] tcp:192.168.79.49:6642: connected
Aug 06 20:36:52 ubuntu neutron-server[143393]: DEBUG ovsdbapp.backend.ovs_idl [None req-bd6b7f25-2161-46e2-9591-723a0b4a530c None None] Created lookup_table index Chassis.name {{(pid=143393) autocreate_indices /usr/local/lib/python3.8/dist-packages/ovsdbapp/backend/ovs_idl/__init__.py:85}}
Aug 06 20:36:52 ubuntu neutron-server[143393]: DEBUG ovsdbapp.backend.ovs_idl [None req-bd6b7f25-2161-46e2-9591-723a0b4a530c None None] Created lookup_table index MAC_Binding.ip {{(pid=143393) autocreate_indices /usr/local/lib/python3.8/dist-packages/ovsdbapp/backend/ovs_idl/__init__.py:85}}
Aug 06 20:36:52 ubuntu neutron-server[143393]: DEBUG ovsdbapp.backend.ovs_idl [None req-bd6b7f25-2161-46e2-9591-723a0b4a530c None None] Created schema index Meter.name {{(pid=143393) autocreate_indices /usr/local/lib/python3.8/dist-packages/ovsdbapp/backend/ovs_idl/__init__.py:104}}
Aug 06 20:36:52 ubuntu neutron-server[143393]: DEBUG ovsdbapp.backend.ovs_idl [None req-bd6b7f25-2161-46e2-9591-723a0b4a530c None None] Created schema index Address_Set.name {{(pid=143393) autocreate_indices /usr/local/lib/python3.8/dist-packages/ovsdbapp/backend/ovs_idl/__init__.py:104}}
Aug 06 20:36:52 ubuntu neutron-server[143393]: DEBUG ovsdbapp.backend.ovs_idl [None req-bd6b7f25-2161-46e2-9591-723a0b4a530c None None] Created schema index HA_Chassis_Group.name {{(pid=143393) autocreate_indices /usr/local/lib/python3.8/dist-packages/ovsdbapp/backend/ovs_idl/__init__.py:104}}
Aug 06 20:36:52 ubuntu neutron-server[143393]: DEBUG ovsdbapp.backend.ovs_idl [None req-bd6b7f25-2161-46e2-9591-723a0b4a530c None None] Created schema index IP_Multicast.datapath {{(pid=143393) autocreate_indices /usr/local/lib/python3.8/dist-packages/ovsdbapp/backend/ovs_idl/__init__.py:104}}
Aug 06 20:36:52 ubuntu neutron-server[143393]: DEBUG ovsdbapp.backend.ovs_idl [None req-bd6b7f25-2161-46e2-9591-723a0b4a530c None None] Created schema index Connection.target {{(pid=143393) autocreate_indices /usr/local/lib/python3.8/dist-packages/ovsdbapp/backend/ovs_idl/__init__.py:104}}
Aug 06 20:36:52 ubuntu neutron-server[143393]: DEBUG ovsdbapp.backend.ovs_idl [None req-bd6b7f25-2161-46e2-9591-723a0b4a530c None None] Created schema index Gateway_Chassis.name {{(pid=143393) autocreate_indices /usr/local/lib/python3.8/dist-packages/ovsdbapp/backend/ovs_idl/__init__.py:104}}
Aug 06 20:36:52 ubuntu neutron-server[143393]: DEBUG ovsdbapp.backend.ovs_idl [None req-bd6b7f25-2161-46e2-9591-723a0b4a530c None None] Created schema index Port_Group.name {{(pid=143393) autocreate_indices /usr/local/lib/python3.8/dist-packages/ovsdbapp/backend/ovs_idl/__init__.py:104}}
Aug 06 20:36:52 ubuntu neutron-server[143393]: DEBUG ovsdbapp.backend.ovs_idl [None req-bd6b7f25-2161-46e2-9591-723a0b4a530c None None] Created schema index Datapath_Binding.tunnel_key {{(pid=143393) autocreate_indices /usr/local/lib/python3.8/dist-packages/ovsdbapp/backend/ovs_idl/__init__.py:104}}
Aug 06 20:36:52 ubuntu neutron-server[143610]: DEBUG neutron.common.ovn.hash_ring_manager [None req-b8c51df9-6e2e-4906-a920-a4b67a8c6fb8 None None] Allow caching, nodes 2>=2 {{(pid=143610) _wait_startup_before_caching /opt/stack/neutron/neutron/common/ovn/hash_ring_manager.py:60}}
Aug 06 20:36:52 ubuntu neutron-server[143609]: DEBUG neutron.common.ovn.hash_ring_manager [None req-5fcd5bbb-7b38-432d-bfa3-6662a5af07f9 None None] Allow caching, nodes 2>=2 {{(pid=143609) _wait_startup_before_caching /opt/stack/neutron/neutron/common/ovn/hash_ring_manager.py:60}}
Aug 06 20:36:52 ubuntu neutron-server[143609]: DEBUG neutron.plugins.ml2.drivers.ovn.mech_driver.ovsdb.ovsdb_monitor [None req-5fcd5bbb-7b38-432d-bfa3-6662a5af07f9 None None] Hash Ring: Node b0b99870-1de4-4f99-8e5a-b3edefccd38f (host: ubuntu) handling event "create" for row e59e3166-bc1f-473d-be6a-78d998b3858c (table: Database) {{(pid=143609) notify /opt/stack/neutron/neutron/plugins/ml2/drivers/ovn/mech_driver/ovsdb/ovsdb_monitor.py:743}}
Aug 06 20:36:52 ubuntu neutron-server[143610]: DEBUG neutron.plugins.ml2.drivers.ovn.mech_driver.ovsdb.ovsdb_monitor [None req-b8c51df9-6e2e-4906-a920-a4b67a8c6fb8 None None] Hash Ring: Node 756ceab5-dedb-4259-ac26-c7f973fe269c (host: ubuntu) handling event "create" for row 0c8856fc-f61b-4e3a-9dc5-40c83196cc45 (table: Database) {{(pid=143610) notify /opt/stack/neutron/neutron/plugins/ml2/drivers/ovn/mech_driver/ovsdb/ovsdb_monitor.py:743}}
Aug 06 20:36:52 ubuntu neutron-server[143610]: DEBUG neutron.plugins.ml2.drivers.ovn.mech_driver.ovsdb.ovsdb_monitor [None req-b8c51df9-6e2e-4906-a920-a4b67a8c6fb8 None None] ChassisMetadataAgentWriteEvent : Matched Chassis, create, None None {{(pid=143610) matches /opt/stack/neutron/neutron/plugins/ml2/drivers/ovn/mech_driver/ovsdb/ovsdb_monitor.py:62}}
Aug 06 20:36:52 ubuntu neutron-server[143610]: DEBUG neutron.plugins.ml2.drivers.ovn.mech_driver.ovsdb.ovsdb_monitor [None req-b8c51df9-6e2e-4906-a920-a4b67a8c6fb8 None None] ChassisAgentWriteEvent : Matched Chassis, create, None None {{(pid=143610) matches /opt/stack/neutron/neutron/plugins/ml2/drivers/ovn/mech_driver/ovsdb/ovsdb_monitor.py:62}}
Aug 06 20:36:52 ubuntu neutron-server[143610]: DEBUG neutron.plugins.ml2.drivers.ovn.mech_driver.ovsdb.ovsdb_monitor [None req-b8c51df9-6e2e-4906-a920-a4b67a8c6fb8 None None] Hash Ring: Node 756ceab5-dedb-4259-ac26-c7f973fe269c (host: ubuntu) handling event "create" for row 5a79e014-b211-48a3-ad4c-634a8ef87859 (table: Connection) {{(pid=143610) notify /opt/stack/neutron/neutron/plugins/ml2/drivers/ovn/mech_driver/ovsdb/ovsdb_monitor.py:743}}
Aug 06 20:36:52 ubuntu neutron-server[143610]: INFO neutron.wsgi [-] (143610) wsgi starting up on http://0.0.0.0:9696
Aug 06 20:36:52 ubuntu neutron-server[143609]: DEBUG neutron.plugins.ml2.drivers.ovn.mech_driver.ovsdb.ovsdb_monitor [None req-5fcd5bbb-7b38-432d-bfa3-6662a5af07f9 None None] Hash Ring: Node b0b99870-1de4-4f99-8e5a-b3edefccd38f (host: ubuntu) handling event "create" for row cf6fd461-ce8f-4a87-ab7b-8a9b520efa28 (table: Encap) {{(pid=143609) notify /opt/stack/neutron/neutron/plugins/ml2/drivers/ovn/mech_driver/ovsdb/ovsdb_monitor.py:743}}
Aug 06 20:36:52 ubuntu neutron-server[143609]: DEBUG neutron.plugins.ml2.drivers.ovn.mech_driver.ovsdb.ovsdb_monitor [None req-5fcd5bbb-7b38-432d-bfa3-6662a5af07f9 None None] ChassisMetadataAgentWriteEvent : Matched Chassis, create, None None {{(pid=143609) matches /opt/stack/neutron/neutron/plugins/ml2/drivers/ovn/mech_driver/ovsdb/ovsdb_monitor.py:62}}
Aug 06 20:36:52 ubuntu neutron-server[143609]: DEBUG neutron.plugins.ml2.drivers.ovn.mech_driver.ovsdb.ovsdb_monitor [None req-5fcd5bbb-7b38-432d-bfa3-6662a5af07f9 None None] ChassisAgentWriteEvent : Matched Chassis, create, None None {{(pid=143609) matches /opt/stack/neutron/neutron/plugins/ml2/drivers/ovn/mech_driver/ovsdb/ovsdb_monitor.py:62}}
Aug 06 20:36:52 ubuntu neutron-server[143609]: DEBUG neutron.plugins.ml2.drivers.ovn.mech_driver.ovsdb.ovsdb_monitor [None req-5fcd5bbb-7b38-432d-bfa3-6662a5af07f9 None None] Hash Ring: Node b0b99870-1de4-4f99-8e5a-b3edefccd38f (host: ubuntu) handling event "create" for row dae92265-bd42-43a4-aec9-323e20da5aa0 (table: Chassis) {{(pid=143609) notify /opt/stack/neutron/neutron/plugins/ml2/drivers/ovn/mech_driver/ovsdb/ovsdb_monitor.py:743}}
Aug 06 20:36:52 ubuntu neutron-server[143609]: INFO neutron.wsgi [-] (143609) wsgi starting up on http://0.0.0.0:9696
Aug 06 20:36:52 ubuntu neutron-server[143393]: INFO oslo_service.service [None req-bd6b7f25-2161-46e2-9591-723a0b4a530c None None] Starting 1 workers
Aug 06 20:36:52 ubuntu neutron-server[143393]: DEBUG oslo_service.service [None req-bd6b7f25-2161-46e2-9591-723a0b4a530c None None] Started child 143612 {{(pid=143393) _start_child /usr/local/lib/python3.8/dist-packages/oslo_service/service.py:575}}
Aug 06 20:36:52 ubuntu neutron-server[143393]: INFO oslo_service.service [None req-bd6b7f25-2161-46e2-9591-723a0b4a530c None None] Starting 1 workers
Aug 06 20:36:52 ubuntu neutron-server[143393]: DEBUG oslo_service.service [None req-bd6b7f25-2161-46e2-9591-723a0b4a530c None None] Started child 143613 {{(pid=143393) _start_child /usr/local/lib/python3.8/dist-packages/oslo_service/service.py:575}}
Aug 06 20:36:52 ubuntu neutron-server[143393]: INFO oslo_service.service [None req-bd6b7f25-2161-46e2-9591-723a0b4a530c None None] Starting 1 workers
