Aug 06 12:32:27 ubuntu neutron-server[138734]: DEBUG neutron.api.extensions [None req-a02d1d4b-f488-421f-bc44-d29255b7649f None None] Ext name="Resource timestamps" alias="standard-attr-timestamp" description="Adds created_at and updated_at fields to all Neutron resources that have Neutron standard attributes." updated="2016-09-12T10:00:00-00:00" {{(pid=138734) _check_extension /opt/stack/neutron/neutron/api/extensions.py:416}}
Aug 06 12:32:27 ubuntu neutron-server[138734]: INFO neutron.api.extensions [None req-a02d1d4b-f488-421f-bc44-d29255b7649f None None] Loaded extension: standard-attr-timestamp
Aug 06 12:32:27 ubuntu neutron-server[138734]: DEBUG neutron.api.extensions [None req-a02d1d4b-f488-421f-bc44-d29255b7649f None None] Loading extension file: trunk.py {{(pid=138734) _load_all_extensions_from_path /opt/stack/neutron/neutron/api/extensions.py:450}}
Aug 06 12:32:27 ubuntu neutron-server[138734]: DEBUG neutron.api.extensions [None req-a02d1d4b-f488-421f-bc44-d29255b7649f None None] Ext name="Trunk Extension" alias="trunk" description="Provides support for trunk ports" updated="2016-01-01T10:00:00-00:00" {{(pid=138734) _check_extension /opt/stack/neutron/neutron/api/extensions.py:416}}
Aug 06 12:32:27 ubuntu neutron-server[138734]: INFO neutron.api.extensions [None req-a02d1d4b-f488-421f-bc44-d29255b7649f None None] Extension trunk not supported by any of loaded plugins
Aug 06 12:32:27 ubuntu neutron-server[138734]: DEBUG neutron.api.extensions [None req-a02d1d4b-f488-421f-bc44-d29255b7649f None None] Loading extension file: trunk_details.py {{(pid=138734) _load_all_extensions_from_path /opt/stack/neutron/neutron/api/extensions.py:450}}
Aug 06 12:32:27 ubuntu neutron-server[138734]: DEBUG neutron.api.extensions [None req-a02d1d4b-f488-421f-bc44-d29255b7649f None None] Ext name="Trunk port details" alias="trunk-details" description="Expose trunk port details" updated="2016-01-01T10:00:00-00:00" {{(pid=138734) _check_extension /opt/stack/neutron/neutron/api/extensions.py:416}}
Aug 06 12:32:27 ubuntu neutron-server[138734]: INFO neutron.api.extensions [None req-a02d1d4b-f488-421f-bc44-d29255b7649f None None] Extension trunk-details not supported by any of loaded plugins
Aug 06 12:32:27 ubuntu neutron-server[138734]: DEBUG neutron.api.extensions [None req-a02d1d4b-f488-421f-bc44-d29255b7649f None None] Loading extension file: uplink_status_propagation.py {{(pid=138734) _load_all_extensions_from_path /opt/stack/neutron/neutron/api/extensions.py:450}}
Aug 06 12:32:27 ubuntu neutron-server[138734]: DEBUG neutron.api.extensions [None req-a02d1d4b-f488-421f-bc44-d29255b7649f None None] Ext name="Uplink status propagation extension" alias="uplink-status-propagation" description="Provides ability to propagate port uplink status." updated="2018-05-31T18:00:00-00:00" {{(pid=138734) _check_extension /opt/stack/neutron/neutron/api/extensions.py:416}}
Aug 06 12:32:27 ubuntu neutron-server[138734]: INFO neutron.api.extensions [None req-a02d1d4b-f488-421f-bc44-d29255b7649f None None] Extension uplink-status-propagation not supported by any of loaded plugins
Aug 06 12:32:27 ubuntu neutron-server[138734]: DEBUG neutron.api.extensions [None req-a02d1d4b-f488-421f-bc44-d29255b7649f None None] Loading extension file: vlantransparent.py {{(pid=138734) _load_all_extensions_from_path /opt/stack/neutron/neutron/api/extensions.py:450}}
Aug 06 12:32:27 ubuntu neutron-server[138734]: DEBUG neutron.api.extensions [None req-a02d1d4b-f488-421f-bc44-d29255b7649f None None] Ext name="Vlantransparent" alias="vlan-transparent" description="Provides Vlan Transparent Networks" updated="2015-03-23T09:00:00-00:00" {{(pid=138734) _check_extension /opt/stack/neutron/neutron/api/extensions.py:416}}
Aug 06 12:32:27 ubuntu neutron-server[138734]: INFO neutron.api.extensions [None req-a02d1d4b-f488-421f-bc44-d29255b7649f None None] Extension vlan-transparent not supported by any of loaded plugins
Aug 06 12:32:27 ubuntu neutron-server[138734]: INFO neutron.quota.resource_registry [None req-a02d1d4b-f488-421f-bc44-d29255b7649f None None] Creating instance of TrackedResource for resource:network
Aug 06 12:32:27 ubuntu neutron-server[138734]: INFO neutron.quota.resource_registry [None req-a02d1d4b-f488-421f-bc44-d29255b7649f None None] Creating instance of TrackedResource for resource:subnet
Aug 06 12:32:27 ubuntu neutron-server[138734]: INFO neutron.quota.resource_registry [None req-a02d1d4b-f488-421f-bc44-d29255b7649f None None] Creating instance of TrackedResource for resource:subnetpool
Aug 06 12:32:27 ubuntu neutron-server[138734]: INFO neutron.quota.resource_registry [None req-a02d1d4b-f488-421f-bc44-d29255b7649f None None] Creating instance of TrackedResource for resource:port
Aug 06 12:32:27 ubuntu neutron-server[138734]: DEBUG neutron.api.v2.resource_helper [None req-a02d1d4b-f488-421f-bc44-d29255b7649f None None] Service FLAVORS assigned prefix:  {{(pid=138734) build_resource_info /opt/stack/neutron/neutron/api/v2/resource_helper.py:77}}
Aug 06 12:32:27 ubuntu neutron-server[138734]: DEBUG neutron.api.v2.resource_helper [None req-a02d1d4b-f488-421f-bc44-d29255b7649f None None] Service L3_ROUTER_NAT assigned prefix:  {{(pid=138734) build_resource_info /opt/stack/neutron/neutron/api/v2/resource_helper.py:77}}
Aug 06 12:32:27 ubuntu neutron-server[138734]: DEBUG neutron.api.v2.resource_helper [None req-a02d1d4b-f488-421f-bc44-d29255b7649f None None] Service L3_ROUTER_NAT assigned prefix:  {{(pid=138734) build_resource_info /opt/stack/neutron/neutron/api/v2/resource_helper.py:77}}
Aug 06 12:32:27 ubuntu neutron-server[138734]: INFO neutron.quota.resource_registry [None req-a02d1d4b-f488-421f-bc44-d29255b7649f None None] Creating instance of TrackedResource for resource:router
Aug 06 12:32:27 ubuntu neutron-server[138734]: INFO neutron.quota.resource_registry [None req-a02d1d4b-f488-421f-bc44-d29255b7649f None None] Creating instance of TrackedResource for resource:floatingip
Aug 06 12:32:27 ubuntu neutron-server[138734]: DEBUG neutron_lib.callbacks.manager [None req-a02d1d4b-f488-421f-bc44-d29255b7649f None None] Subscribe: <bound method NeutronDbPluginV2.validate_network_rbac_policy_change of <neutron.services.network_ip_availability.plugin.NetworkIPAvailabilityPlugin object at 0x7f8933762070>> rbac-policy before_create 55550000 {{(pid=138734) subscribe /usr/local/lib/python3.8/dist-packages/neutron_lib/callbacks/manager.py:45}}
Aug 06 12:32:27 ubuntu neutron-server[138734]: DEBUG neutron_lib.callbacks.manager [None req-a02d1d4b-f488-421f-bc44-d29255b7649f None None] Subscribe: <bound method NeutronDbPluginV2.validate_network_rbac_policy_change of <neutron.services.network_ip_availability.plugin.NetworkIPAvailabilityPlugin object at 0x7f8933762070>> rbac-policy before_update 55550000 {{(pid=138734) subscribe /usr/local/lib/python3.8/dist-packages/neutron_lib/callbacks/manager.py:45}}
Aug 06 12:32:27 ubuntu neutron-server[138734]: DEBUG neutron_lib.callbacks.manager [None req-a02d1d4b-f488-421f-bc44-d29255b7649f None None] Subscribe: <bound method NeutronDbPluginV2.validate_network_rbac_policy_change of <neutron.services.network_ip_availability.plugin.NetworkIPAvailabilityPlugin object at 0x7f8933762070>> rbac-policy before_delete 55550000 {{(pid=138734) subscribe /usr/local/lib/python3.8/dist-packages/neutron_lib/callbacks/manager.py:45}}
Aug 06 12:32:27 ubuntu neutron-server[138734]: INFO neutron.quota.resource_registry [None req-a02d1d4b-f488-421f-bc44-d29255b7649f None None] Creating instance of CountableResource for resource:rbac_policy
Aug 06 12:32:27 ubuntu neutron-server[138734]: INFO neutron.quota.resource_registry [None req-a02d1d4b-f488-421f-bc44-d29255b7649f None None] Creating instance of TrackedResource for resource:security_group
Aug 06 12:32:27 ubuntu neutron-server[138734]: INFO neutron.quota.resource_registry [None req-a02d1d4b-f488-421f-bc44-d29255b7649f None None] Creating instance of TrackedResource for resource:security_group_rule
Aug 06 12:32:27 ubuntu neutron-server[138734]: DEBUG neutron.api.v2.resource_helper [None req-a02d1d4b-f488-421f-bc44-d29255b7649f None None] Service FLAVORS assigned prefix:  {{(pid=138734) build_resource_info /opt/stack/neutron/neutron/api/v2/resource_helper.py:77}}
Aug 06 12:32:27 ubuntu neutron-server[138734]: DEBUG neutron.api.v2.resource_helper [None req-a02d1d4b-f488-421f-bc44-d29255b7649f None None] Service L3_ROUTER_NAT assigned prefix:  {{(pid=138734) build_resource_info /opt/stack/neutron/neutron/api/v2/resource_helper.py:77}}
Aug 06 12:32:27 ubuntu neutron-server[138734]: DEBUG neutron.api.v2.resource_helper [None req-a02d1d4b-f488-421f-bc44-d29255b7649f None None] Service L3_ROUTER_NAT assigned prefix:  {{(pid=138734) build_resource_info /opt/stack/neutron/neutron/api/v2/resource_helper.py:77}}
Aug 06 12:32:27 ubuntu neutron-server[138734]: INFO neutron.quota.resource_registry [None req-a02d1d4b-f488-421f-bc44-d29255b7649f None None] Creating instance of TrackedResource for resource:router
Aug 06 12:32:27 ubuntu neutron-server[138734]: WARNING neutron.quota.resource_registry [None req-a02d1d4b-f488-421f-bc44-d29255b7649f None None] router is already registered
Aug 06 12:32:27 ubuntu neutron-server[138734]: INFO neutron.quota.resource_registry [None req-a02d1d4b-f488-421f-bc44-d29255b7649f None None] Creating instance of TrackedResource for resource:floatingip
Aug 06 12:32:27 ubuntu neutron-server[138734]: WARNING neutron.quota.resource_registry [None req-a02d1d4b-f488-421f-bc44-d29255b7649f None None] floatingip is already registered
Aug 06 12:32:27 ubuntu neutron-server[138734]: INFO neutron.quota.resource_registry [None req-a02d1d4b-f488-421f-bc44-d29255b7649f None None] Creating instance of CountableResource for resource:rbac_policy
Aug 06 12:32:27 ubuntu neutron-server[138734]: WARNING neutron.quota.resource_registry [None req-a02d1d4b-f488-421f-bc44-d29255b7649f None None] rbac_policy is already registered
Aug 06 12:32:27 ubuntu neutron-server[138734]: INFO neutron.quota.resource_registry [None req-a02d1d4b-f488-421f-bc44-d29255b7649f None None] Creating instance of TrackedResource for resource:security_group
Aug 06 12:32:27 ubuntu neutron-server[138734]: WARNING neutron.quota.resource_registry [None req-a02d1d4b-f488-421f-bc44-d29255b7649f None None] security_group is already registered
Aug 06 12:32:27 ubuntu neutron-server[138734]: INFO neutron.quota.resource_registry [None req-a02d1d4b-f488-421f-bc44-d29255b7649f None None] Creating instance of TrackedResource for resource:security_group_rule
Aug 06 12:32:27 ubuntu neutron-server[138734]: WARNING neutron.quota.resource_registry [None req-a02d1d4b-f488-421f-bc44-d29255b7649f None None] security_group_rule is already registered
Aug 06 12:32:27 ubuntu neutron-server[138734]: DEBUG neutron.api.extensions [None req-a02d1d4b-f488-421f-bc44-d29255b7649f None None] Extended resource: extensions {{(pid=138734) __init__ /opt/stack/neutron/neutron/api/extensions.py:157}}
Aug 06 12:32:27 ubuntu neutron-server[138734]: DEBUG neutron.api.extensions [None req-a02d1d4b-f488-421f-bc44-d29255b7649f None None] Extended resource: address-groups {{(pid=138734) __init__ /opt/stack/neutron/neutron/api/extensions.py:157}}
Aug 06 12:32:27 ubuntu neutron-server[138734]: DEBUG neutron.api.extensions [None req-a02d1d4b-f488-421f-bc44-d29255b7649f None None] Extended resource: address-scopes {{(pid=138734) __init__ /opt/stack/neutron/neutron/api/extensions.py:157}}
Aug 06 12:32:27 ubuntu neutron-server[138734]: DEBUG neutron.api.extensions [None req-a02d1d4b-f488-421f-bc44-d29255b7649f None None] Extended resource: agents {{(pid=138734) __init__ /opt/stack/neutron/neutron/api/extensions.py:157}}
Aug 06 12:32:27 ubuntu neutron-server[138734]: DEBUG neutron.api.extensions [None req-a02d1d4b-f488-421f-bc44-d29255b7649f None None] Extended resource: auto-allocated-topology {{(pid=138734) __init__ /opt/stack/neutron/neutron/api/extensions.py:157}}
Aug 06 12:32:27 ubuntu neutron-server[138734]: DEBUG neutron.api.extensions [None req-a02d1d4b-f488-421f-bc44-d29255b7649f None None] Extended resource: availability_zones {{(pid=138734) __init__ /opt/stack/neutron/neutron/api/extensions.py:157}}
Aug 06 12:32:27 ubuntu neutron-server[138734]: DEBUG neutron.api.extensions [None req-a02d1d4b-f488-421f-bc44-d29255b7649f None None] Extended resource: flavors {{(pid=138734) __init__ /opt/stack/neutron/neutron/api/extensions.py:157}}
Aug 06 12:32:27 ubuntu neutron-server[138734]: DEBUG neutron.api.extensions [None req-a02d1d4b-f488-421f-bc44-d29255b7649f None None] Extended resource: service_profiles {{(pid=138734) __init__ /opt/stack/neutron/neutron/api/extensions.py:157}}
Aug 06 12:32:27 ubuntu neutron-server[138734]: DEBUG neutron.api.extensions [None req-a02d1d4b-f488-421f-bc44-d29255b7649f None None] Extended resource: next_providers {{(pid=138734) __init__ /opt/stack/neutron/neutron/api/extensions.py:157}}
Aug 06 12:32:27 ubuntu neutron-server[138734]: DEBUG neutron.api.extensions [None req-a02d1d4b-f488-421f-bc44-d29255b7649f None None] Extended resource: service_profiles {{(pid=138734) __init__ /opt/stack/neutron/neutron/api/extensions.py:157}}
Aug 06 12:32:27 ubuntu neutron-server[138734]: DEBUG neutron.api.extensions [None req-a02d1d4b-f488-421f-bc44-d29255b7649f None None] Extended resource: floatingip-pools {{(pid=138734) __init__ /opt/stack/neutron/neutron/api/extensions.py:157}}
Aug 06 12:32:27 ubuntu neutron-server[138734]: DEBUG neutron.api.extensions [None req-a02d1d4b-f488-421f-bc44-d29255b7649f None None] Extended resource: routers {{(pid=138734) __init__ /opt/stack/neutron/neutron/api/extensions.py:157}}
Aug 06 12:32:27 ubuntu neutron-server[138734]: DEBUG neutron.api.extensions [None req-a02d1d4b-f488-421f-bc44-d29255b7649f None None] Extended resource: floatingips {{(pid=138734) __init__ /opt/stack/neutron/neutron/api/extensions.py:157}}
Aug 06 12:32:27 ubuntu neutron-server[138734]: DEBUG neutron.api.extensions [None req-a02d1d4b-f488-421f-bc44-d29255b7649f None None] Extended resource: network-ip-availabilities {{(pid=138734) __init__ /opt/stack/neutron/neutron/api/extensions.py:157}}
Aug 06 12:32:27 ubuntu neutron-server[138734]: DEBUG neutron.api.extensions [None req-a02d1d4b-f488-421f-bc44-d29255b7649f None None] Extended resource: bindings {{(pid=138734) __init__ /opt/stack/neutron/neutron/api/extensions.py:157}}
Aug 06 12:32:27 ubuntu neutron-server[138734]: DEBUG neutron.api.extensions [None req-a02d1d4b-f488-421f-bc44-d29255b7649f None None] Extended resource: quotas {{(pid=138734) __init__ /opt/stack/neutron/neutron/api/extensions.py:157}}
Aug 06 12:32:27 ubuntu neutron-server[138734]: DEBUG neutron.api.extensions [None req-a02d1d4b-f488-421f-bc44-d29255b7649f None None] Extended resource: quotas {{(pid=138734) __init__ /opt/stack/neutron/neutron/api/extensions.py:157}}
Aug 06 12:32:27 ubuntu neutron-server[138734]: DEBUG neutron.api.extensions [None req-a02d1d4b-f488-421f-bc44-d29255b7649f None None] Extended resource: rbac-policies {{(pid=138734) __init__ /opt/stack/neutron/neutron/api/extensions.py:157}}
Aug 06 12:32:27 ubuntu neutron-server[138734]: DEBUG neutron.api.extensions [None req-a02d1d4b-f488-421f-bc44-d29255b7649f None None] Extended resource: security-groups {{(pid=138734) __init__ /opt/stack/neutron/neutron/api/extensions.py:157}}
Aug 06 12:32:27 ubuntu neutron-server[138734]: DEBUG neutron.api.extensions [None req-a02d1d4b-f488-421f-bc44-d29255b7649f None None] Extended resource: security-group-rules {{(pid=138734) __init__ /opt/stack/neutron/neutron/api/extensions.py:157}}
Aug 06 12:32:27 ubuntu neutron-server[138734]: DEBUG neutron.api.extensions [None req-a02d1d4b-f488-421f-bc44-d29255b7649f None None] Extended resource: service-providers {{(pid=138734) __init__ /opt/stack/neutron/neutron/api/extensions.py:157}}
Aug 06 12:32:27 ubuntu neutron-server[138734]: DEBUG neutron.api.extensions [None req-a02d1d4b-f488-421f-bc44-d29255b7649f None None] Extended resource: tags {{(pid=138734) __init__ /opt/stack/neutron/neutron/api/extensions.py:157}}
Aug 06 12:32:27 ubuntu neutron-server[138734]: DEBUG neutron.api.extensions [None req-a02d1d4b-f488-421f-bc44-d29255b7649f None None] Extended resource: tags {{(pid=138734) __init__ /opt/stack/neutron/neutron/api/extensions.py:157}}
Aug 06 12:32:27 ubuntu neutron-server[138734]: DEBUG neutron.api.extensions [None req-a02d1d4b-f488-421f-bc44-d29255b7649f None None] Extended resource: tags {{(pid=138734) __init__ /opt/stack/neutron/neutron/api/extensions.py:157}}
Aug 06 12:32:27 ubuntu neutron-server[138734]: DEBUG neutron.api.extensions [None req-a02d1d4b-f488-421f-bc44-d29255b7649f None None] Extended resource: tags {{(pid=138734) __init__ /opt/stack/neutron/neutron/api/extensions.py:157}}
Aug 06 12:32:27 ubuntu neutron-server[138734]: DEBUG neutron.api.extensions [None req-a02d1d4b-f488-421f-bc44-d29255b7649f None None] Extended resource: tags {{(pid=138734) __init__ /opt/stack/neutron/neutron/api/extensions.py:157}}
Aug 06 12:32:27 ubuntu neutron-server[138734]: DEBUG neutron.api.extensions [None req-a02d1d4b-f488-421f-bc44-d29255b7649f None None] Extended resource: tags {{(pid=138734) __init__ /opt/stack/neutron/neutron/api/extensions.py:157}}
Aug 06 12:32:27 ubuntu neutron-server[138734]: DEBUG neutron.api.extensions [None req-a02d1d4b-f488-421f-bc44-d29255b7649f None None] Extended resource: tags {{(pid=138734) __init__ /opt/stack/neutron/neutron/api/extensions.py:157}}
Aug 06 12:32:27 ubuntu neutron-server[138734]: DEBUG neutron.api.extensions [None req-a02d1d4b-f488-421f-bc44-d29255b7649f None None] Extended resource: tags {{(pid=138734) __init__ /opt/stack/neutron/neutron/api/extensions.py:157}}
Aug 06 12:32:27 ubuntu neutron-server[138734]: DEBUG neutron.api.extensions [None req-a02d1d4b-f488-421f-bc44-d29255b7649f None None] Extended resource: tags {{(pid=138734) __init__ /opt/stack/neutron/neutron/api/extensions.py:157}}
Aug 06 12:32:27 ubuntu neutron-server[138734]: DEBUG neutron.api.extensions [None req-a02d1d4b-f488-421f-bc44-d29255b7649f None None] Extended resource: tags {{(pid=138734) __init__ /opt/stack/neutron/neutron/api/extensions.py:157}}
Aug 06 12:32:27 ubuntu neutron-server[138734]: WARNING keystonemiddleware.auth_token [None req-a02d1d4b-f488-421f-bc44-d29255b7649f None None] AuthToken middleware is set with keystone_authtoken.service_token_roles_required set to False. This is backwards compatible but deprecated behaviour. Please set this to True.
Aug 06 12:32:27 ubuntu neutron-server[138734]: WARNING keystonemiddleware.auth_token [None req-a02d1d4b-f488-421f-bc44-d29255b7649f None None] Configuring www_authenticate_uri to point to the public identity endpoint is required; clients may not be able to authenticate against an admin endpoint
Aug 06 12:32:27 ubuntu neutron-server[138734]: DEBUG oslo_concurrency.lockutils [None req-a02d1d4b-f488-421f-bc44-d29255b7649f None None] Acquiring lock "singleton_lock" {{(pid=138734) lock /usr/local/lib/python3.8/dist-packages/oslo_concurrency/lockutils.py:293}}
Aug 06 12:32:27 ubuntu neutron-server[138734]: DEBUG oslo_concurrency.lockutils [None req-a02d1d4b-f488-421f-bc44-d29255b7649f None None] Acquired lock "singleton_lock" {{(pid=138734) lock /usr/local/lib/python3.8/dist-packages/oslo_concurrency/lockutils.py:296}}
Aug 06 12:32:27 ubuntu neutron-server[138734]: DEBUG oslo_concurrency.lockutils [None req-a02d1d4b-f488-421f-bc44-d29255b7649f None None] Releasing lock "singleton_lock" {{(pid=138734) lock /usr/local/lib/python3.8/dist-packages/oslo_concurrency/lockutils.py:314}}
Aug 06 12:32:27 ubuntu neutron-server[138734]: INFO oslo_service.service [None req-a02d1d4b-f488-421f-bc44-d29255b7649f None None] Starting 2 workers
Aug 06 12:32:27 ubuntu neutron-server[138734]: DEBUG oslo_service.service [None req-a02d1d4b-f488-421f-bc44-d29255b7649f None None] Started child 138948 {{(pid=138734) _start_child /usr/local/lib/python3.8/dist-packages/oslo_service/service.py:575}}
Aug 06 12:32:27 ubuntu neutron-server[138734]: DEBUG oslo_service.service [None req-a02d1d4b-f488-421f-bc44-d29255b7649f None None] Started child 138949 {{(pid=138734) _start_child /usr/local/lib/python3.8/dist-packages/oslo_service/service.py:575}}
Aug 06 12:32:27 ubuntu neutron-server[138734]: INFO neutron.service [None req-a02d1d4b-f488-421f-bc44-d29255b7649f None None] Neutron service started, listening on 0.0.0.0:9696
Aug 06 12:32:27 ubuntu neutron-server[138734]: DEBUG neutron_lib.callbacks.manager [None req-a02d1d4b-f488-421f-bc44-d29255b7649f None None] Publish callbacks ['neutron.plugins.ml2.drivers.ovn.mech_driver.mech_driver.OVNMechanismDriver.pre_fork_initialize-7978587'] for process (None), before_spawn {{(pid=138734) _notify_loop /usr/local/lib/python3.8/dist-packages/neutron_lib/callbacks/manager.py:176}}
Aug 06 12:32:27 ubuntu neutron-server[138948]: DEBUG neutron_lib.callbacks.manager [-] Publish callbacks ['neutron.plugins.ml2.drivers.ovn.mech_driver.mech_driver.OVNMechanismDriver.post_fork_initialize-7978535'] for process (None), after_init {{(pid=138948) _notify_loop /usr/local/lib/python3.8/dist-packages/neutron_lib/callbacks/manager.py:176}}
Aug 06 12:32:27 ubuntu neutron-server[138949]: DEBUG neutron_lib.callbacks.manager [-] Publish callbacks ['neutron.plugins.ml2.drivers.ovn.mech_driver.mech_driver.OVNMechanismDriver.post_fork_initialize-7978535'] for process (None), after_init {{(pid=138949) _notify_loop /usr/local/lib/python3.8/dist-packages/neutron_lib/callbacks/manager.py:176}}
Aug 06 12:32:27 ubuntu neutron-server[138949]: DEBUG dbcounter [-] [138949] Writer thread running {{(pid=138949) stat_writer /usr/local/lib/python3.8/dist-packages/dbcounter.py:99}}
Aug 06 12:32:27 ubuntu neutron-server[138948]: DEBUG dbcounter [-] [138948] Writer thread running {{(pid=138948) stat_writer /usr/local/lib/python3.8/dist-packages/dbcounter.py:99}}
Aug 06 12:32:27 ubuntu neutron-server[138734]: DEBUG ovsdbapp.backend.ovs_idl [None req-a02d1d4b-f488-421f-bc44-d29255b7649f None None] Created schema index Port_Group.name {{(pid=138734) autocreate_indices /usr/local/lib/python3.8/dist-packages/ovsdbapp/backend/ovs_idl/__init__.py:104}}
Aug 06 12:32:27 ubuntu neutron-server[138734]: DEBUG ovsdbapp.backend.ovs_idl [None req-a02d1d4b-f488-421f-bc44-d29255b7649f None None] Created schema index Logical_Switch_Port.name {{(pid=138734) autocreate_indices /usr/local/lib/python3.8/dist-packages/ovsdbapp/backend/ovs_idl/__init__.py:104}}
Aug 06 12:32:27 ubuntu neutron-server[138949]: INFO neutron.plugins.ml2.drivers.ovn.mech_driver.ovsdb.impl_idl_ovn [None req-e8c7692e-946a-4046-a240-a52087d689b1 None None] Getting OvsdbNbOvnIdl for WorkerService with retry
Aug 06 12:32:27 ubuntu neutron-server[138734]: DEBUG ovsdbapp.backend.ovs_idl.transaction [-] Running txn n=1 command(idx=0): PgAddCommand(name=neutron_pg_drop, may_exist=True, columns={'acls': []}) {{(pid=138734) do_commit /usr/local/lib/python3.8/dist-packages/ovsdbapp/backend/ovs_idl/transaction.py:90}}
Aug 06 12:32:27 ubuntu neutron-server[138734]: DEBUG ovsdbapp.backend.ovs_idl.transaction [-] Running txn n=1 command(idx=1): PgAclAddCommand(entity=neutron_pg_drop, direction=from-lport, priority=1001, match=inport == @neutron_pg_drop && ip, action=drop, log=False, may_exist=True, severity=[], name=[], meter=None, external_ids={}) {{(pid=138734) do_commit /usr/local/lib/python3.8/dist-packages/ovsdbapp/backend/ovs_idl/transaction.py:90}}
Aug 06 12:32:27 ubuntu neutron-server[138734]: DEBUG ovsdbapp.backend.ovs_idl.transaction [-] Running txn n=1 command(idx=2): PgAclAddCommand(entity=neutron_pg_drop, direction=to-lport, priority=1001, match=outport == @neutron_pg_drop && ip, action=drop, log=False, may_exist=True, severity=[], name=[], meter=None, external_ids={}) {{(pid=138734) do_commit /usr/local/lib/python3.8/dist-packages/ovsdbapp/backend/ovs_idl/transaction.py:90}}
Aug 06 12:32:27 ubuntu neutron-server[138948]: INFO neutron.plugins.ml2.drivers.ovn.mech_driver.ovsdb.impl_idl_ovn [None req-0da510e8-4c85-4fba-a394-bfddf17f5d5c None None] Getting OvsdbNbOvnIdl for WorkerService with retry
Aug 06 12:32:27 ubuntu neutron-server[138734]: DEBUG ovsdbapp.backend.ovs_idl.event [-] Matched CREATE: NeutronPgDropPortGroupCreated(events=('create',), table='Port_Group', conditions=(('name', '=', 'neutron_pg_drop'),), old_conditions=None), priority=10 to row=Port_Group(name=neutron_pg_drop, ports=[], external_ids={}, acls=[<ovs.db.idl.Row object at 0x7f893371f460>, <ovs.db.idl.Row object at 0x7f893371f3d0>]) old= {{(pid=138734) matches /usr/local/lib/python3.8/dist-packages/ovsdbapp/backend/ovs_idl/event.py:43}}
Aug 06 12:32:27 ubuntu neutron-server[138949]: DEBUG ovsdbapp.backend.ovs_idl [None req-e8c7692e-946a-4046-a240-a52087d689b1 None None] Created lookup_table index Logical_Switch.name {{(pid=138949) autocreate_indices /usr/local/lib/python3.8/dist-packages/ovsdbapp/backend/ovs_idl/__init__.py:85}}
Aug 06 12:32:27 ubuntu neutron-server[138949]: DEBUG ovsdbapp.backend.ovs_idl [None req-e8c7692e-946a-4046-a240-a52087d689b1 None None] Created lookup_table index Logical_Router.name {{(pid=138949) autocreate_indices /usr/local/lib/python3.8/dist-packages/ovsdbapp/backend/ovs_idl/__init__.py:85}}
Aug 06 12:32:27 ubuntu neutron-server[138949]: DEBUG ovsdbapp.backend.ovs_idl [None req-e8c7692e-946a-4046-a240-a52087d689b1 None None] Created lookup_table index Load_Balancer.name {{(pid=138949) autocreate_indices /usr/local/lib/python3.8/dist-packages/ovsdbapp/backend/ovs_idl/__init__.py:85}}
Aug 06 12:32:27 ubuntu neutron-server[138949]: DEBUG ovsdbapp.backend.ovs_idl [None req-e8c7692e-946a-4046-a240-a52087d689b1 None None] Created schema index Meter.name {{(pid=138949) autocreate_indices /usr/local/lib/python3.8/dist-packages/ovsdbapp/backend/ovs_idl/__init__.py:104}}
Aug 06 12:32:27 ubuntu neutron-server[138949]: DEBUG ovsdbapp.backend.ovs_idl [None req-e8c7692e-946a-4046-a240-a52087d689b1 None None] Created schema index Address_Set.name {{(pid=138949) autocreate_indices /usr/local/lib/python3.8/dist-packages/ovsdbapp/backend/ovs_idl/__init__.py:104}}
Aug 06 12:32:27 ubuntu neutron-server[138949]: DEBUG ovsdbapp.backend.ovs_idl [None req-e8c7692e-946a-4046-a240-a52087d689b1 None None] Created schema index HA_Chassis_Group.name {{(pid=138949) autocreate_indices /usr/local/lib/python3.8/dist-packages/ovsdbapp/backend/ovs_idl/__init__.py:104}}
Aug 06 12:32:27 ubuntu neutron-server[138949]: DEBUG ovsdbapp.backend.ovs_idl [None req-e8c7692e-946a-4046-a240-a52087d689b1 None None] Created schema index Connection.target {{(pid=138949) autocreate_indices /usr/local/lib/python3.8/dist-packages/ovsdbapp/backend/ovs_idl/__init__.py:104}}
Aug 06 12:32:27 ubuntu neutron-server[138949]: DEBUG ovsdbapp.backend.ovs_idl [None req-e8c7692e-946a-4046-a240-a52087d689b1 None None] Created schema index Gateway_Chassis.name {{(pid=138949) autocreate_indices /usr/local/lib/python3.8/dist-packages/ovsdbapp/backend/ovs_idl/__init__.py:104}}
Aug 06 12:32:27 ubuntu neutron-server[138949]: DEBUG ovsdbapp.backend.ovs_idl [None req-e8c7692e-946a-4046-a240-a52087d689b1 None None] Created schema index Logical_Router_Port.name {{(pid=138949) autocreate_indices /usr/local/lib/python3.8/dist-packages/ovsdbapp/backend/ovs_idl/__init__.py:104}}
Aug 06 12:32:27 ubuntu neutron-server[138949]: DEBUG ovsdbapp.backend.ovs_idl [None req-e8c7692e-946a-4046-a240-a52087d689b1 None None] Created schema index Port_Group.name {{(pid=138949) autocreate_indices /usr/local/lib/python3.8/dist-packages/ovsdbapp/backend/ovs_idl/__init__.py:104}}
Aug 06 12:32:27 ubuntu neutron-server[138949]: DEBUG ovsdbapp.backend.ovs_idl [None req-e8c7692e-946a-4046-a240-a52087d689b1 None None] Created schema index Logical_Switch_Port.name {{(pid=138949) autocreate_indices /usr/local/lib/python3.8/dist-packages/ovsdbapp/backend/ovs_idl/__init__.py:104}}
Aug 06 12:32:27 ubuntu neutron-server[138949]: INFO ovsdbapp.backend.ovs_idl.vlog [None req-e8c7692e-946a-4046-a240-a52087d689b1 None None] tcp:192.168.79.49:6641: connecting...
Aug 06 12:32:27 ubuntu neutron-server[138949]: INFO ovsdbapp.backend.ovs_idl.vlog [None req-e8c7692e-946a-4046-a240-a52087d689b1 None None] tcp:192.168.79.49:6641: connected
Aug 06 12:32:27 ubuntu neutron-server[138948]: DEBUG ovsdbapp.backend.ovs_idl [None req-0da510e8-4c85-4fba-a394-bfddf17f5d5c None None] Created lookup_table index Logical_Switch.name {{(pid=138948) autocreate_indices /usr/local/lib/python3.8/dist-packages/ovsdbapp/backend/ovs_idl/__init__.py:85}}
Aug 06 12:32:27 ubuntu neutron-server[138948]: DEBUG ovsdbapp.backend.ovs_idl [None req-0da510e8-4c85-4fba-a394-bfddf17f5d5c None None] Created lookup_table index Logical_Router.name {{(pid=138948) autocreate_indices /usr/local/lib/python3.8/dist-packages/ovsdbapp/backend/ovs_idl/__init__.py:85}}
Aug 06 12:32:28 ubuntu neutron-server[138948]: DEBUG ovsdbapp.backend.ovs_idl [None req-0da510e8-4c85-4fba-a394-bfddf17f5d5c None None] Created lookup_table index Load_Balancer.name {{(pid=138948) autocreate_indices /usr/local/lib/python3.8/dist-packages/ovsdbapp/backend/ovs_idl/__init__.py:85}}
Aug 06 12:32:28 ubuntu neutron-server[138948]: DEBUG ovsdbapp.backend.ovs_idl [None req-0da510e8-4c85-4fba-a394-bfddf17f5d5c None None] Created schema index Meter.name {{(pid=138948) autocreate_indices /usr/local/lib/python3.8/dist-packages/ovsdbapp/backend/ovs_idl/__init__.py:104}}
Aug 06 12:32:28 ubuntu neutron-server[138948]: DEBUG ovsdbapp.backend.ovs_idl [None req-0da510e8-4c85-4fba-a394-bfddf17f5d5c None None] Created schema index Address_Set.name {{(pid=138948) autocreate_indices /usr/local/lib/python3.8/dist-packages/ovsdbapp/backend/ovs_idl/__init__.py:104}}
Aug 06 12:32:28 ubuntu neutron-server[138948]: DEBUG ovsdbapp.backend.ovs_idl [None req-0da510e8-4c85-4fba-a394-bfddf17f5d5c None None] Created schema index HA_Chassis_Group.name {{(pid=138948) autocreate_indices /usr/local/lib/python3.8/dist-packages/ovsdbapp/backend/ovs_idl/__init__.py:104}}
Aug 06 12:32:28 ubuntu neutron-server[138948]: DEBUG ovsdbapp.backend.ovs_idl [None req-0da510e8-4c85-4fba-a394-bfddf17f5d5c None None] Created schema index Connection.target {{(pid=138948) autocreate_indices /usr/local/lib/python3.8/dist-packages/ovsdbapp/backend/ovs_idl/__init__.py:104}}
Aug 06 12:32:28 ubuntu neutron-server[138948]: DEBUG ovsdbapp.backend.ovs_idl [None req-0da510e8-4c85-4fba-a394-bfddf17f5d5c None None] Created schema index Gateway_Chassis.name {{(pid=138948) autocreate_indices /usr/local/lib/python3.8/dist-packages/ovsdbapp/backend/ovs_idl/__init__.py:104}}
Aug 06 12:32:28 ubuntu neutron-server[138948]: DEBUG ovsdbapp.backend.ovs_idl [None req-0da510e8-4c85-4fba-a394-bfddf17f5d5c None None] Created schema index Logical_Router_Port.name {{(pid=138948) autocreate_indices /usr/local/lib/python3.8/dist-packages/ovsdbapp/backend/ovs_idl/__init__.py:104}}
Aug 06 12:32:28 ubuntu neutron-server[138948]: DEBUG ovsdbapp.backend.ovs_idl [None req-0da510e8-4c85-4fba-a394-bfddf17f5d5c None None] Created schema index Port_Group.name {{(pid=138948) autocreate_indices /usr/local/lib/python3.8/dist-packages/ovsdbapp/backend/ovs_idl/__init__.py:104}}
Aug 06 12:32:28 ubuntu neutron-server[138734]: DEBUG ovsdbapp.backend.ovs_idl [None req-a02d1d4b-f488-421f-bc44-d29255b7649f None None] Created lookup_table index Logical_Switch.name {{(pid=138734) autocreate_indices /usr/local/lib/python3.8/dist-packages/ovsdbapp/backend/ovs_idl/__init__.py:85}}
Aug 06 12:32:28 ubuntu neutron-server[138948]: DEBUG ovsdbapp.backend.ovs_idl [None req-0da510e8-4c85-4fba-a394-bfddf17f5d5c None None] Created schema index Logical_Switch_Port.name {{(pid=138948) autocreate_indices /usr/local/lib/python3.8/dist-packages/ovsdbapp/backend/ovs_idl/__init__.py:104}}
Aug 06 12:32:28 ubuntu neutron-server[138734]: DEBUG ovsdbapp.backend.ovs_idl [None req-a02d1d4b-f488-421f-bc44-d29255b7649f None None] Created lookup_table index Logical_Router.name {{(pid=138734) autocreate_indices /usr/local/lib/python3.8/dist-packages/ovsdbapp/backend/ovs_idl/__init__.py:85}}
Aug 06 12:32:28 ubuntu neutron-server[138734]: DEBUG ovsdbapp.backend.ovs_idl [None req-a02d1d4b-f488-421f-bc44-d29255b7649f None None] Created lookup_table index Load_Balancer.name {{(pid=138734) autocreate_indices /usr/local/lib/python3.8/dist-packages/ovsdbapp/backend/ovs_idl/__init__.py:85}}
Aug 06 12:32:28 ubuntu neutron-server[138948]: INFO ovsdbapp.backend.ovs_idl.vlog [None req-0da510e8-4c85-4fba-a394-bfddf17f5d5c None None] tcp:192.168.79.49:6641: connecting...
Aug 06 12:32:28 ubuntu neutron-server[138734]: DEBUG ovsdbapp.backend.ovs_idl [None req-a02d1d4b-f488-421f-bc44-d29255b7649f None None] Created schema index Meter.name {{(pid=138734) autocreate_indices /usr/local/lib/python3.8/dist-packages/ovsdbapp/backend/ovs_idl/__init__.py:104}}
Aug 06 12:32:28 ubuntu neutron-server[138734]: DEBUG ovsdbapp.backend.ovs_idl [None req-a02d1d4b-f488-421f-bc44-d29255b7649f None None] Created schema index Address_Set.name {{(pid=138734) autocreate_indices /usr/local/lib/python3.8/dist-packages/ovsdbapp/backend/ovs_idl/__init__.py:104}}
Aug 06 12:32:28 ubuntu neutron-server[138948]: INFO ovsdbapp.backend.ovs_idl.vlog [None req-0da510e8-4c85-4fba-a394-bfddf17f5d5c None None] tcp:192.168.79.49:6641: connected
Aug 06 12:32:28 ubuntu neutron-server[138734]: DEBUG ovsdbapp.backend.ovs_idl [None req-a02d1d4b-f488-421f-bc44-d29255b7649f None None] Created schema index HA_Chassis_Group.name {{(pid=138734) autocreate_indices /usr/local/lib/python3.8/dist-packages/ovsdbapp/backend/ovs_idl/__init__.py:104}}
Aug 06 12:32:28 ubuntu neutron-server[138734]: DEBUG ovsdbapp.backend.ovs_idl [None req-a02d1d4b-f488-421f-bc44-d29255b7649f None None] Created schema index Connection.target {{(pid=138734) autocreate_indices /usr/local/lib/python3.8/dist-packages/ovsdbapp/backend/ovs_idl/__init__.py:104}}
Aug 06 12:32:28 ubuntu neutron-server[138734]: DEBUG ovsdbapp.backend.ovs_idl [None req-a02d1d4b-f488-421f-bc44-d29255b7649f None None] Created schema index Gateway_Chassis.name {{(pid=138734) autocreate_indices /usr/local/lib/python3.8/dist-packages/ovsdbapp/backend/ovs_idl/__init__.py:104}}
Aug 06 12:32:28 ubuntu neutron-server[138734]: DEBUG ovsdbapp.backend.ovs_idl [None req-a02d1d4b-f488-421f-bc44-d29255b7649f None None] Created schema index Logical_Router_Port.name {{(pid=138734) autocreate_indices /usr/local/lib/python3.8/dist-packages/ovsdbapp/backend/ovs_idl/__init__.py:104}}
Aug 06 12:32:28 ubuntu neutron-server[138734]: DEBUG ovsdbapp.backend.ovs_idl [None req-a02d1d4b-f488-421f-bc44-d29255b7649f None None] Created schema index Port_Group.name {{(pid=138734) autocreate_indices /usr/local/lib/python3.8/dist-packages/ovsdbapp/backend/ovs_idl/__init__.py:104}}
Aug 06 12:32:28 ubuntu neutron-server[138734]: DEBUG ovsdbapp.backend.ovs_idl [None req-a02d1d4b-f488-421f-bc44-d29255b7649f None None] Created schema index Logical_Switch_Port.name {{(pid=138734) autocreate_indices /usr/local/lib/python3.8/dist-packages/ovsdbapp/backend/ovs_idl/__init__.py:104}}
Aug 06 12:32:28 ubuntu neutron-server[138949]: DEBUG neutron.common.ovn.hash_ring_manager [None req-e8c7692e-946a-4046-a240-a52087d689b1 None None] Allow caching, nodes 2>=2 {{(pid=138949) _wait_startup_before_caching /opt/stack/neutron/neutron/common/ovn/hash_ring_manager.py:60}}
Aug 06 12:32:28 ubuntu neutron-server[138949]: DEBUG neutron.plugins.ml2.drivers.ovn.mech_driver.ovsdb.ovsdb_monitor [None req-e8c7692e-946a-4046-a240-a52087d689b1 None None] Hash Ring: Node c3f61488-f094-4b51-950f-f45a704f26f5 (host: ubuntu) handling event "create" for row 0b266522-c865-4343-b804-514311ed6616 (table: Database) {{(pid=138949) notify /opt/stack/neutron/neutron/plugins/ml2/drivers/ovn/mech_driver/ovsdb/ovsdb_monitor.py:743}}
Aug 06 12:32:28 ubuntu neutron-server[138948]: DEBUG neutron.common.ovn.hash_ring_manager [None req-0da510e8-4c85-4fba-a394-bfddf17f5d5c None None] Allow caching, nodes 2>=2 {{(pid=138948) _wait_startup_before_caching /opt/stack/neutron/neutron/common/ovn/hash_ring_manager.py:60}}
Aug 06 12:32:28 ubuntu neutron-server[138949]: DEBUG neutron.plugins.ml2.drivers.ovn.mech_driver.ovsdb.ovsdb_monitor [None req-e8c7692e-946a-4046-a240-a52087d689b1 None None] Hash Ring: Node c3f61488-f094-4b51-950f-f45a704f26f5 (host: ubuntu) handling event "create" for row 3c15f892-a9b8-4846-a659-a42744b1658f (table: Port_Group) {{(pid=138949) notify /opt/stack/neutron/neutron/plugins/ml2/drivers/ovn/mech_driver/ovsdb/ovsdb_monitor.py:743}}
Aug 06 12:32:28 ubuntu neutron-server[138949]: DEBUG neutron.plugins.ml2.drivers.ovn.mech_driver.ovsdb.ovsdb_monitor [None req-e8c7692e-946a-4046-a240-a52087d689b1 None None] Hash Ring: Node c3f61488-f094-4b51-950f-f45a704f26f5 (host: ubuntu) handling event "create" for row 1bc2e387-e4e6-4f1a-81d0-0026419f1df4 (table: NB_Global) {{(pid=138949) notify /opt/stack/neutron/neutron/plugins/ml2/drivers/ovn/mech_driver/ovsdb/ovsdb_monitor.py:743}}
Aug 06 12:32:28 ubuntu neutron-server[138949]: DEBUG neutron.plugins.ml2.drivers.ovn.mech_driver.ovsdb.ovsdb_monitor [None req-e8c7692e-946a-4046-a240-a52087d689b1 None None] Hash Ring: Node c3f61488-f094-4b51-950f-f45a704f26f5 (host: ubuntu) handling event "create" for row e2d885a7-34db-4963-be34-4a2c5675df43 (table: ACL) {{(pid=138949) notify /opt/stack/neutron/neutron/plugins/ml2/drivers/ovn/mech_driver/ovsdb/ovsdb_monitor.py:743}}
Aug 06 12:32:28 ubuntu neutron-server[138949]: DEBUG neutron.plugins.ml2.drivers.ovn.mech_driver.ovsdb.ovsdb_monitor [None req-e8c7692e-946a-4046-a240-a52087d689b1 None None] Hash Ring: Node c3f61488-f094-4b51-950f-f45a704f26f5 (host: ubuntu) handling event "create" for row 77d2017e-5284-41b7-a252-e7c3df47f839 (table: ACL) {{(pid=138949) notify /opt/stack/neutron/neutron/plugins/ml2/drivers/ovn/mech_driver/ovsdb/ovsdb_monitor.py:743}}
Aug 06 12:32:28 ubuntu neutron-server[138949]: DEBUG neutron.plugins.ml2.drivers.ovn.mech_driver.ovsdb.ovsdb_monitor [None req-e8c7692e-946a-4046-a240-a52087d689b1 None None] Hash Ring: Node c3f61488-f094-4b51-950f-f45a704f26f5 (host: ubuntu) handling event "create" for row 54b14f0f-96c7-4f45-a6c9-b53efd126377 (table: Connection) {{(pid=138949) notify /opt/stack/neutron/neutron/plugins/ml2/drivers/ovn/mech_driver/ovsdb/ovsdb_monitor.py:743}}
Aug 06 12:32:28 ubuntu neutron-server[138949]: INFO neutron.plugins.ml2.drivers.ovn.mech_driver.ovsdb.impl_idl_ovn [None req-e8c7692e-946a-4046-a240-a52087d689b1 None None] Getting OvsdbSbOvnIdl for WorkerService with retry
Aug 06 12:32:28 ubuntu neutron-server[138948]: DEBUG neutron.plugins.ml2.drivers.ovn.mech_driver.ovsdb.ovsdb_monitor [None req-0da510e8-4c85-4fba-a394-bfddf17f5d5c None None] Hash Ring: Node 00c0191f-0221-436d-ad12-b36e226f6c5d (host: ubuntu) handling event "create" for row f2dde6ed-2171-427c-bb5a-58a8ac61966b (table: Database) {{(pid=138948) notify /opt/stack/neutron/neutron/plugins/ml2/drivers/ovn/mech_driver/ovsdb/ovsdb_monitor.py:743}}
Aug 06 12:32:28 ubuntu neutron-server[138948]: INFO neutron.plugins.ml2.drivers.ovn.mech_driver.ovsdb.impl_idl_ovn [None req-0da510e8-4c85-4fba-a394-bfddf17f5d5c None None] Getting OvsdbSbOvnIdl for WorkerService with retry
Aug 06 12:32:28 ubuntu neutron-server[138734]: DEBUG ovsdbapp.backend.ovs_idl [None req-a02d1d4b-f488-421f-bc44-d29255b7649f None None] Created lookup_table index Chassis.name {{(pid=138734) autocreate_indices /usr/local/lib/python3.8/dist-packages/ovsdbapp/backend/ovs_idl/__init__.py:85}}
Aug 06 12:32:28 ubuntu neutron-server[138734]: DEBUG ovsdbapp.backend.ovs_idl [None req-a02d1d4b-f488-421f-bc44-d29255b7649f None None] Created lookup_table index MAC_Binding.ip {{(pid=138734) autocreate_indices /usr/local/lib/python3.8/dist-packages/ovsdbapp/backend/ovs_idl/__init__.py:85}}
Aug 06 12:32:28 ubuntu neutron-server[138734]: DEBUG ovsdbapp.backend.ovs_idl [None req-a02d1d4b-f488-421f-bc44-d29255b7649f None None] Created schema index Meter.name {{(pid=138734) autocreate_indices /usr/local/lib/python3.8/dist-packages/ovsdbapp/backend/ovs_idl/__init__.py:104}}
Aug 06 12:32:28 ubuntu neutron-server[138734]: DEBUG ovsdbapp.backend.ovs_idl [None req-a02d1d4b-f488-421f-bc44-d29255b7649f None None] Created schema index Address_Set.name {{(pid=138734) autocreate_indices /usr/local/lib/python3.8/dist-packages/ovsdbapp/backend/ovs_idl/__init__.py:104}}
Aug 06 12:32:28 ubuntu neutron-server[138734]: DEBUG ovsdbapp.backend.ovs_idl [None req-a02d1d4b-f488-421f-bc44-d29255b7649f None None] Created schema index HA_Chassis_Group.name {{(pid=138734) autocreate_indices /usr/local/lib/python3.8/dist-packages/ovsdbapp/backend/ovs_idl/__init__.py:104}}
Aug 06 12:32:28 ubuntu neutron-server[138734]: DEBUG ovsdbapp.backend.ovs_idl [None req-a02d1d4b-f488-421f-bc44-d29255b7649f None None] Created schema index IP_Multicast.datapath {{(pid=138734) autocreate_indices /usr/local/lib/python3.8/dist-packages/ovsdbapp/backend/ovs_idl/__init__.py:104}}
Aug 06 12:32:28 ubuntu neutron-server[138734]: DEBUG ovsdbapp.backend.ovs_idl [None req-a02d1d4b-f488-421f-bc44-d29255b7649f None None] Created schema index Connection.target {{(pid=138734) autocreate_indices /usr/local/lib/python3.8/dist-packages/ovsdbapp/backend/ovs_idl/__init__.py:104}}
Aug 06 12:32:28 ubuntu neutron-server[138734]: DEBUG ovsdbapp.backend.ovs_idl [None req-a02d1d4b-f488-421f-bc44-d29255b7649f None None] Created schema index Gateway_Chassis.name {{(pid=138734) autocreate_indices /usr/local/lib/python3.8/dist-packages/ovsdbapp/backend/ovs_idl/__init__.py:104}}
Aug 06 12:32:28 ubuntu neutron-server[138734]: DEBUG ovsdbapp.backend.ovs_idl [None req-a02d1d4b-f488-421f-bc44-d29255b7649f None None] Created schema index Port_Group.name {{(pid=138734) autocreate_indices /usr/local/lib/python3.8/dist-packages/ovsdbapp/backend/ovs_idl/__init__.py:104}}
Aug 06 12:32:28 ubuntu neutron-server[138949]: DEBUG ovsdbapp.backend.ovs_idl [None req-e8c7692e-946a-4046-a240-a52087d689b1 None None] Created lookup_table index Chassis.name {{(pid=138949) autocreate_indices /usr/local/lib/python3.8/dist-packages/ovsdbapp/backend/ovs_idl/__init__.py:85}}
Aug 06 12:32:28 ubuntu neutron-server[138734]: DEBUG ovsdbapp.backend.ovs_idl [None req-a02d1d4b-f488-421f-bc44-d29255b7649f None None] Created schema index Datapath_Binding.tunnel_key {{(pid=138734) autocreate_indices /usr/local/lib/python3.8/dist-packages/ovsdbapp/backend/ovs_idl/__init__.py:104}}
Aug 06 12:32:28 ubuntu neutron-server[138949]: DEBUG ovsdbapp.backend.ovs_idl [None req-e8c7692e-946a-4046-a240-a52087d689b1 None None] Created schema index Datapath_Binding.tunnel_key {{(pid=138949) autocreate_indices /usr/local/lib/python3.8/dist-packages/ovsdbapp/backend/ovs_idl/__init__.py:104}}
Aug 06 12:32:28 ubuntu neutron-server[138949]: DEBUG ovsdbapp.backend.ovs_idl [None req-e8c7692e-946a-4046-a240-a52087d689b1 None None] Created schema index Connection.target {{(pid=138949) autocreate_indices /usr/local/lib/python3.8/dist-packages/ovsdbapp/backend/ovs_idl/__init__.py:104}}
Aug 06 12:32:28 ubuntu neutron-server[138949]: INFO ovsdbapp.backend.ovs_idl.vlog [None req-e8c7692e-946a-4046-a240-a52087d689b1 None None] tcp:192.168.79.49:6642: connecting...
Aug 06 12:32:28 ubuntu neutron-server[138949]: INFO ovsdbapp.backend.ovs_idl.vlog [None req-e8c7692e-946a-4046-a240-a52087d689b1 None None] tcp:192.168.79.49:6642: connected
Aug 06 12:32:28 ubuntu neutron-server[138948]: DEBUG ovsdbapp.backend.ovs_idl [None req-0da510e8-4c85-4fba-a394-bfddf17f5d5c None None] Created lookup_table index Chassis.name {{(pid=138948) autocreate_indices /usr/local/lib/python3.8/dist-packages/ovsdbapp/backend/ovs_idl/__init__.py:85}}
Aug 06 12:32:28 ubuntu neutron-server[138948]: DEBUG ovsdbapp.backend.ovs_idl [None req-0da510e8-4c85-4fba-a394-bfddf17f5d5c None None] Created schema index Datapath_Binding.tunnel_key {{(pid=138948) autocreate_indices /usr/local/lib/python3.8/dist-packages/ovsdbapp/backend/ovs_idl/__init__.py:104}}
Aug 06 12:32:28 ubuntu neutron-server[138948]: DEBUG ovsdbapp.backend.ovs_idl [None req-0da510e8-4c85-4fba-a394-bfddf17f5d5c None None] Created schema index Connection.target {{(pid=138948) autocreate_indices /usr/local/lib/python3.8/dist-packages/ovsdbapp/backend/ovs_idl/__init__.py:104}}
Aug 06 12:32:28 ubuntu neutron-server[138948]: INFO ovsdbapp.backend.ovs_idl.vlog [None req-0da510e8-4c85-4fba-a394-bfddf17f5d5c None None] tcp:192.168.79.49:6642: connecting...
Aug 06 12:32:28 ubuntu neutron-server[138948]: INFO ovsdbapp.backend.ovs_idl.vlog [None req-0da510e8-4c85-4fba-a394-bfddf17f5d5c None None] tcp:192.168.79.49:6642: connected
Aug 06 12:32:28 ubuntu neutron-server[138949]: DEBUG neutron.common.ovn.hash_ring_manager [None req-e8c7692e-946a-4046-a240-a52087d689b1 None None] Allow caching, nodes 2>=2 {{(pid=138949) _wait_startup_before_caching /opt/stack/neutron/neutron/common/ovn/hash_ring_manager.py:60}}
Aug 06 12:32:28 ubuntu neutron-server[138949]: DEBUG neutron.plugins.ml2.drivers.ovn.mech_driver.ovsdb.ovsdb_monitor [None req-e8c7692e-946a-4046-a240-a52087d689b1 None None] Hash Ring: Node c3f61488-f094-4b51-950f-f45a704f26f5 (host: ubuntu) handling event "create" for row ae47936f-ce1a-4f82-a321-8c54ee202b26 (table: Database) {{(pid=138949) notify /opt/stack/neutron/neutron/plugins/ml2/drivers/ovn/mech_driver/ovsdb/ovsdb_monitor.py:743}}
Aug 06 12:32:28 ubuntu neutron-server[138949]: DEBUG neutron.plugins.ml2.drivers.ovn.mech_driver.ovsdb.ovsdb_monitor [None req-e8c7692e-946a-4046-a240-a52087d689b1 None None] Hash Ring: Node c3f61488-f094-4b51-950f-f45a704f26f5 (host: ubuntu) handling event "create" for row d7f0e60d-fc28-4a52-a57c-4859687df2f3 (table: Database) {{(pid=138949) notify /opt/stack/neutron/neutron/plugins/ml2/drivers/ovn/mech_driver/ovsdb/ovsdb_monitor.py:743}}
Aug 06 12:32:28 ubuntu neutron-server[138948]: DEBUG neutron.common.ovn.hash_ring_manager [None req-0da510e8-4c85-4fba-a394-bfddf17f5d5c None None] Allow caching, nodes 2>=2 {{(pid=138948) _wait_startup_before_caching /opt/stack/neutron/neutron/common/ovn/hash_ring_manager.py:60}}
Aug 06 12:32:28 ubuntu neutron-server[138734]: INFO oslo_service.service [None req-a02d1d4b-f488-421f-bc44-d29255b7649f None None] Starting 1 workers
Aug 06 12:32:28 ubuntu neutron-server[138949]: DEBUG neutron.plugins.ml2.drivers.ovn.mech_driver.ovsdb.ovsdb_monitor [None req-e8c7692e-946a-4046-a240-a52087d689b1 None None] ChassisMetadataAgentWriteEvent : Matched Chassis, create, None None {{(pid=138949) matches /opt/stack/neutron/neutron/plugins/ml2/drivers/ovn/mech_driver/ovsdb/ovsdb_monitor.py:62}}
Aug 06 12:32:28 ubuntu neutron-server[138949]: DEBUG neutron.plugins.ml2.drivers.ovn.mech_driver.ovsdb.ovsdb_monitor [None req-e8c7692e-946a-4046-a240-a52087d689b1 None None] ChassisAgentWriteEvent : Matched Chassis, create, None None {{(pid=138949) matches /opt/stack/neutron/neutron/plugins/ml2/drivers/ovn/mech_driver/ovsdb/ovsdb_monitor.py:62}}
Aug 06 12:32:28 ubuntu neutron-server[138949]: DEBUG neutron.plugins.ml2.drivers.ovn.mech_driver.ovsdb.ovsdb_monitor [None req-e8c7692e-946a-4046-a240-a52087d689b1 None None] Hash Ring: Node c3f61488-f094-4b51-950f-f45a704f26f5 (host: ubuntu) handling event "create" for row 51e8f95e-8987-446b-9dda-0c0979f6d31a (table: Chassis) {{(pid=138949) notify /opt/stack/neutron/neutron/plugins/ml2/drivers/ovn/mech_driver/ovsdb/ovsdb_monitor.py:743}}
Aug 06 12:32:28 ubuntu neutron-server[138949]: DEBUG neutron.plugins.ml2.drivers.ovn.mech_driver.ovsdb.ovsdb_monitor [None req-e8c7692e-946a-4046-a240-a52087d689b1 None None] Hash Ring: Node c3f61488-f094-4b51-950f-f45a704f26f5 (host: ubuntu) handling event "create" for row 7eace4fd-d480-4528-acbb-3984ee6fbbec (table: Connection) {{(pid=138949) notify /opt/stack/neutron/neutron/plugins/ml2/drivers/ovn/mech_driver/ovsdb/ovsdb_monitor.py:743}}
Aug 06 12:32:28 ubuntu neutron-server[138949]: INFO neutron.wsgi [-] (138949) wsgi starting up on http://0.0.0.0:9696
Aug 06 12:32:28 ubuntu neutron-server[138734]: DEBUG oslo_service.service [None req-a02d1d4b-f488-421f-bc44-d29255b7649f None None] Started child 138952 {{(pid=138734) _start_child /usr/local/lib/python3.8/dist-packages/oslo_service/service.py:575}}
Aug 06 12:32:28 ubuntu neutron-server[138734]: INFO oslo_service.service [None req-a02d1d4b-f488-421f-bc44-d29255b7649f None None] Starting 1 workers
Aug 06 12:32:28 ubuntu neutron-server[138948]: DEBUG neutron.plugins.ml2.drivers.ovn.mech_driver.ovsdb.ovsdb_monitor [None req-0da510e8-4c85-4fba-a394-bfddf17f5d5c None None] Hash Ring: Node 00c0191f-0221-436d-ad12-b36e226f6c5d (host: ubuntu) handling event "create" for row b27b6c2b-d216-44ed-a9a6-5c82f8b3a1f4 (table: Encap) {{(pid=138948) notify /opt/stack/neutron/neutron/plugins/ml2/drivers/ovn/mech_driver/ovsdb/ovsdb_monitor.py:743}}
Aug 06 12:32:28 ubuntu neutron-server[138948]: DEBUG neutron.plugins.ml2.drivers.ovn.mech_driver.ovsdb.ovsdb_monitor [None req-0da510e8-4c85-4fba-a394-bfddf17f5d5c None None] ChassisMetadataAgentWriteEvent : Matched Chassis, create, None None {{(pid=138948) matches /opt/stack/neutron/neutron/plugins/ml2/drivers/ovn/mech_driver/ovsdb/ovsdb_monitor.py:62}}
Aug 06 12:32:28 ubuntu neutron-server[138948]: DEBUG neutron.plugins.ml2.drivers.ovn.mech_driver.ovsdb.ovsdb_monitor [None req-0da510e8-4c85-4fba-a394-bfddf17f5d5c None None] ChassisAgentWriteEvent : Matched Chassis, create, None None {{(pid=138948) matches /opt/stack/neutron/neutron/plugins/ml2/drivers/ovn/mech_driver/ovsdb/ovsdb_monitor.py:62}}
Aug 06 12:32:28 ubuntu neutron-server[138734]: DEBUG oslo_service.service [None req-a02d1d4b-f488-421f-bc44-d29255b7649f None None] Started child 138953 {{(pid=138734) _start_child /usr/local/lib/python3.8/dist-packages/oslo_service/service.py:575}}
Aug 06 12:32:28 ubuntu neutron-server[138734]: INFO oslo_service.service [None req-a02d1d4b-f488-421f-bc44-d29255b7649f None None] Starting 1 workers
Aug 06 12:32:28 ubuntu neutron-server[138948]: INFO neutron.wsgi [-] (138948) wsgi starting up on http://0.0.0.0:9696
