Apr 27 13:43:46 ubuntu devstack@g-api.service[137783]: DEBUG glance_store.location [None req-72b998e9-2b3e-4974-a6e0-86953ea81ef8 admin admin] Registering scheme swift+https with {'store': <glance_store._drivers.swift.store.SingleTenantStore object at 0x7f6a9547ba60>, 'location_class': <class 'glance_store._drivers.swift.store.StoreLocation'>, 'store_entry': 'swift'} {{(pid=137783) register_scheme_map /usr/local/lib/python3.8/dist-packages/glance_store/location.py:146}}
Apr 27 13:43:46 ubuntu devstack@g-api.service[137783]: DEBUG glance_store.location [None req-72b998e9-2b3e-4974-a6e0-86953ea81ef8 admin admin] Registering scheme swift with {'store': <glance_store._drivers.swift.store.SingleTenantStore object at 0x7f6a9547ba60>, 'location_class': <class 'glance_store._drivers.swift.store.StoreLocation'>, 'store_entry': 'swift'} {{(pid=137783) register_scheme_map /usr/local/lib/python3.8/dist-packages/glance_store/location.py:146}}
Apr 27 13:43:46 ubuntu devstack@g-api.service[137783]: DEBUG glance_store.location [None req-72b998e9-2b3e-4974-a6e0-86953ea81ef8 admin admin] Registering scheme swift+https with {'store': <glance_store._drivers.swift.store.SingleTenantStore object at 0x7f6a9547ba60>, 'location_class': <class 'glance_store._drivers.swift.store.StoreLocation'>, 'store_entry': 'swift'} {{(pid=137783) register_scheme_map /usr/local/lib/python3.8/dist-packages/glance_store/location.py:146}}
Apr 27 13:43:46 ubuntu devstack@g-api.service[137783]: DEBUG glance_store.location [None req-72b998e9-2b3e-4974-a6e0-86953ea81ef8 admin admin] Registering scheme swift with {'store': <glance_store._drivers.swift.store.SingleTenantStore object at 0x7f6a9547ba60>, 'location_class': <class 'glance_store._drivers.swift.store.StoreLocation'>, 'store_entry': 'swift'} {{(pid=137783) register_scheme_map /usr/local/lib/python3.8/dist-packages/glance_store/location.py:146}}
Apr 27 13:43:46 ubuntu devstack@g-api.service[137783]: DEBUG glance_store.location [None req-72b998e9-2b3e-4974-a6e0-86953ea81ef8 admin admin] Registering scheme swift+http with {'store': <glance_store._drivers.swift.store.SingleTenantStore object at 0x7f6a9547ba60>, 'location_class': <class 'glance_store._drivers.swift.store.StoreLocation'>, 'store_entry': 'swift'} {{(pid=137783) register_scheme_map /usr/local/lib/python3.8/dist-packages/glance_store/location.py:146}}
Apr 27 13:43:46 ubuntu devstack@g-api.service[137783]: DEBUG glance_store.location [None req-72b998e9-2b3e-4974-a6e0-86953ea81ef8 admin admin] Registering scheme swift+https with {'store': <glance_store._drivers.swift.store.SingleTenantStore object at 0x7f6a9547ba60>, 'location_class': <class 'glance_store._drivers.swift.store.StoreLocation'>, 'store_entry': 'swift'} {{(pid=137783) register_scheme_map /usr/local/lib/python3.8/dist-packages/glance_store/location.py:146}}
Apr 27 13:43:46 ubuntu devstack@g-api.service[137783]: DEBUG glance_store.location [None req-72b998e9-2b3e-4974-a6e0-86953ea81ef8 admin admin] Registering scheme swift with {'store': <glance_store._drivers.swift.store.SingleTenantStore object at 0x7f6a9547ba60>, 'location_class': <class 'glance_store._drivers.swift.store.StoreLocation'>, 'store_entry': 'swift'} {{(pid=137783) register_scheme_map /usr/local/lib/python3.8/dist-packages/glance_store/location.py:146}}
Apr 27 13:43:46 ubuntu devstack@g-api.service[137783]: DEBUG glance_store.location [None req-72b998e9-2b3e-4974-a6e0-86953ea81ef8 admin admin] Registering scheme swift+http with {'store': <glance_store._drivers.swift.store.SingleTenantStore object at 0x7f6a9547ba60>, 'location_class': <class 'glance_store._drivers.swift.store.StoreLocation'>, 'store_entry': 'swift'} {{(pid=137783) register_scheme_map /usr/local/lib/python3.8/dist-packages/glance_store/location.py:146}}
Apr 27 13:43:46 ubuntu devstack@g-api.service[137783]: DEBUG glance_store.location [None req-72b998e9-2b3e-4974-a6e0-86953ea81ef8 admin admin] Registering scheme swift+config with {'store': <glance_store._drivers.swift.store.SingleTenantStore object at 0x7f6a9547ba60>, 'location_class': <class 'glance_store._drivers.swift.store.StoreLocation'>, 'store_entry': 'swift'} {{(pid=137783) register_scheme_map /usr/local/lib/python3.8/dist-packages/glance_store/location.py:146}}
Apr 27 13:43:46 ubuntu devstack@g-api.service[137783]: DEBUG glance_store.backend [None req-72b998e9-2b3e-4974-a6e0-86953ea81ef8 admin admin] Skipping store.set_acls... not implemented. {{(pid=137783) set_acls /usr/local/lib/python3.8/dist-packages/glance_store/backend.py:509}}
Apr 27 13:43:46 ubuntu devstack@g-api.service[137783]: [pid: 137783|app: 0|req: 3/4] 127.0.0.1 () {40 vars in 862 bytes} [Wed Apr 27 13:43:44 2022] PUT /v2/images/9b97d554-76b9-4c17-bccc-f5b82a6a74a5/file => generated 0 bytes in 1861 msecs (HTTP/1.1 204) 4 headers in 171 bytes (1 switches on core 0)
Apr 27 13:44:33 ubuntu devstack@g-api.service[137784]: DEBUG glance.api.middleware.version_negotiation [None req-c9e4ac57-f16c-4ea3-aa56-06330b07a7ca admin admin] Determining version of request: GET / Accept: application/json {{(pid=137784) process_request /opt/stack/glance/glance/api/middleware/version_negotiation.py:44}}
Apr 27 13:44:33 ubuntu devstack@g-api.service[137784]: DEBUG glance.api.middleware.version_negotiation [None req-c9e4ac57-f16c-4ea3-aa56-06330b07a7ca admin admin] Using url versioning {{(pid=137784) process_request /opt/stack/glance/glance/api/middleware/version_negotiation.py:57}}
Apr 27 13:44:33 ubuntu devstack@g-api.service[137784]: DEBUG glance.api.middleware.version_negotiation [None req-c9e4ac57-f16c-4ea3-aa56-06330b07a7ca admin admin] Unknown version. Returning version choices. {{(pid=137784) process_request /opt/stack/glance/glance/api/middleware/version_negotiation.py:64}}
Apr 27 13:44:33 ubuntu devstack@g-api.service[137784]: [pid: 137784|app: 0|req: 2/5] 127.0.0.1 () {34 vars in 506 bytes} [Wed Apr 27 13:44:33 2022] GET / => generated 1213 bytes in 4 msecs (HTTP/1.1 300) 3 headers in 106 bytes (1 switches on core 0)
Apr 27 13:44:33 ubuntu devstack@g-api.service[137783]: DEBUG glance.api.middleware.version_negotiation [None req-72b998e9-2b3e-4974-a6e0-86953ea81ef8 admin admin] Determining version of request: GET /v2/images Accept: application/json {{(pid=137783) process_request /opt/stack/glance/glance/api/middleware/version_negotiation.py:44}}
Apr 27 13:44:33 ubuntu devstack@g-api.service[137783]: DEBUG glance.api.middleware.version_negotiation [None req-72b998e9-2b3e-4974-a6e0-86953ea81ef8 admin admin] Using url versioning {{(pid=137783) process_request /opt/stack/glance/glance/api/middleware/version_negotiation.py:57}}
Apr 27 13:44:33 ubuntu devstack@g-api.service[137783]: DEBUG glance.api.middleware.version_negotiation [None req-72b998e9-2b3e-4974-a6e0-86953ea81ef8 admin admin] Matched version: v2 {{(pid=137783) process_request /opt/stack/glance/glance/api/middleware/version_negotiation.py:69}}
Apr 27 13:44:33 ubuntu devstack@g-api.service[137783]: DEBUG glance.api.middleware.version_negotiation [None req-72b998e9-2b3e-4974-a6e0-86953ea81ef8 admin admin] new path /v2/images {{(pid=137783) process_request /opt/stack/glance/glance/api/middleware/version_negotiation.py:70}}
Apr 27 13:44:33 ubuntu devstack@g-api.service[137783]: [pid: 137783|app: 0|req: 4/6] 127.0.0.1 () {36 vars in 728 bytes} [Wed Apr 27 13:44:33 2022] GET /v2/images => generated 1045 bytes in 110 msecs (HTTP/1.1 200) 4 headers in 158 bytes (1 switches on core 0)
Apr 27 13:44:39 ubuntu devstack@g-api.service[137784]: DEBUG glance.api.middleware.version_negotiation [None req-c9e4ac57-f16c-4ea3-aa56-06330b07a7ca admin admin] Determining version of request: GET / Accept: application/json {{(pid=137784) process_request /opt/stack/glance/glance/api/middleware/version_negotiation.py:44}}
Apr 27 13:44:39 ubuntu devstack@g-api.service[137784]: DEBUG glance.api.middleware.version_negotiation [None req-c9e4ac57-f16c-4ea3-aa56-06330b07a7ca admin admin] Using url versioning {{(pid=137784) process_request /opt/stack/glance/glance/api/middleware/version_negotiation.py:57}}
Apr 27 13:44:39 ubuntu devstack@g-api.service[137784]: DEBUG glance.api.middleware.version_negotiation [None req-c9e4ac57-f16c-4ea3-aa56-06330b07a7ca admin admin] Unknown version. Returning version choices. {{(pid=137784) process_request /opt/stack/glance/glance/api/middleware/version_negotiation.py:64}}
Apr 27 13:44:39 ubuntu devstack@g-api.service[137784]: [pid: 137784|app: 0|req: 3/7] 127.0.0.1 () {34 vars in 506 bytes} [Wed Apr 27 13:44:39 2022] GET / => generated 1213 bytes in 6 msecs (HTTP/1.1 300) 3 headers in 106 bytes (1 switches on core 0)
Apr 27 13:44:39 ubuntu devstack@g-api.service[137783]: DEBUG glance.api.middleware.version_negotiation [None req-d15e07ba-62e0-4245-aa8d-8749b681d29f admin admin] Determining version of request: GET /v2/images/9b97d554-76b9-4c17-bccc-f5b82a6a74a5 Accept: */* {{(pid=137783) process_request /opt/stack/glance/glance/api/middleware/version_negotiation.py:44}}
Apr 27 13:44:39 ubuntu devstack@g-api.service[137783]: DEBUG glance.api.middleware.version_negotiation [None req-d15e07ba-62e0-4245-aa8d-8749b681d29f admin admin] Using url versioning {{(pid=137783) process_request /opt/stack/glance/glance/api/middleware/version_negotiation.py:57}}
Apr 27 13:44:39 ubuntu devstack@g-api.service[137783]: DEBUG glance.api.middleware.version_negotiation [None req-d15e07ba-62e0-4245-aa8d-8749b681d29f admin admin] Matched version: v2 {{(pid=137783) process_request /opt/stack/glance/glance/api/middleware/version_negotiation.py:69}}
Apr 27 13:44:39 ubuntu devstack@g-api.service[137783]: DEBUG glance.api.middleware.version_negotiation [None req-d15e07ba-62e0-4245-aa8d-8749b681d29f admin admin] new path /v2/images/9b97d554-76b9-4c17-bccc-f5b82a6a74a5 {{(pid=137783) process_request /opt/stack/glance/glance/api/middleware/version_negotiation.py:70}}
Apr 27 13:44:39 ubuntu devstack@g-api.service[137783]: [pid: 137783|app: 0|req: 5/8] 127.0.0.1 () {36 vars in 789 bytes} [Wed Apr 27 13:44:39 2022] GET /v2/images/9b97d554-76b9-4c17-bccc-f5b82a6a74a5 => generated 976 bytes in 53 msecs (HTTP/1.1 200) 4 headers in 157 bytes (1 switches on core 0)
Apr 27 13:44:43 ubuntu devstack@g-api.service[137784]: DEBUG glance.api.middleware.version_negotiation [None req-c9e4ac57-f16c-4ea3-aa56-06330b07a7ca admin admin] Determining version of request: GET / Accept: application/json {{(pid=137784) process_request /opt/stack/glance/glance/api/middleware/version_negotiation.py:44}}
Apr 27 13:44:43 ubuntu devstack@g-api.service[137784]: DEBUG glance.api.middleware.version_negotiation [None req-c9e4ac57-f16c-4ea3-aa56-06330b07a7ca admin admin] Using url versioning {{(pid=137784) process_request /opt/stack/glance/glance/api/middleware/version_negotiation.py:57}}
Apr 27 13:44:43 ubuntu devstack@g-api.service[137784]: DEBUG glance.api.middleware.version_negotiation [None req-c9e4ac57-f16c-4ea3-aa56-06330b07a7ca admin admin] Unknown version. Returning version choices. {{(pid=137784) process_request /opt/stack/glance/glance/api/middleware/version_negotiation.py:64}}
Apr 27 13:44:43 ubuntu devstack@g-api.service[137784]: [pid: 137784|app: 0|req: 4/9] 127.0.0.1 () {34 vars in 506 bytes} [Wed Apr 27 13:44:43 2022] GET / => generated 1213 bytes in 4 msecs (HTTP/1.1 300) 3 headers in 106 bytes (1 switches on core 0)
Apr 27 13:44:43 ubuntu devstack@g-api.service[137783]: DEBUG glance.api.middleware.version_negotiation [None req-5e0043ae-9ffd-4847-9bf8-8a989a10cc69 admin admin] Determining version of request: GET /v2/images/9b97d554-76b9-4c17-bccc-f5b82a6a74a5 Accept: */* {{(pid=137783) process_request /opt/stack/glance/glance/api/middleware/version_negotiation.py:44}}
Apr 27 13:44:43 ubuntu devstack@g-api.service[137783]: DEBUG glance.api.middleware.version_negotiation [None req-5e0043ae-9ffd-4847-9bf8-8a989a10cc69 admin admin] Using url versioning {{(pid=137783) process_request /opt/stack/glance/glance/api/middleware/version_negotiation.py:57}}
Apr 27 13:44:43 ubuntu devstack@g-api.service[137783]: DEBUG glance.api.middleware.version_negotiation [None req-5e0043ae-9ffd-4847-9bf8-8a989a10cc69 admin admin] Matched version: v2 {{(pid=137783) process_request /opt/stack/glance/glance/api/middleware/version_negotiation.py:69}}
Apr 27 13:44:43 ubuntu devstack@g-api.service[137783]: DEBUG glance.api.middleware.version_negotiation [None req-5e0043ae-9ffd-4847-9bf8-8a989a10cc69 admin admin] new path /v2/images/9b97d554-76b9-4c17-bccc-f5b82a6a74a5 {{(pid=137783) process_request /opt/stack/glance/glance/api/middleware/version_negotiation.py:70}}
Apr 27 13:44:43 ubuntu devstack@g-api.service[137783]: [pid: 137783|app: 0|req: 6/10] 127.0.0.1 () {36 vars in 789 bytes} [Wed Apr 27 13:44:43 2022] GET /v2/images/9b97d554-76b9-4c17-bccc-f5b82a6a74a5 => generated 976 bytes in 52 msecs (HTTP/1.1 200) 4 headers in 157 bytes (1 switches on core 0)
Apr 27 13:46:23 ubuntu devstack@g-api.service[137784]: DEBUG glance.api.middleware.version_negotiation [None req-c9e4ac57-f16c-4ea3-aa56-06330b07a7ca admin admin] Determining version of request: GET /v1 Accept: application/json {{(pid=137784) process_request /opt/stack/glance/glance/api/middleware/version_negotiation.py:44}}
Apr 27 13:46:23 ubuntu devstack@g-api.service[137784]: DEBUG glance.api.middleware.version_negotiation [None req-c9e4ac57-f16c-4ea3-aa56-06330b07a7ca admin admin] Using url versioning {{(pid=137784) process_request /opt/stack/glance/glance/api/middleware/version_negotiation.py:57}}
Apr 27 13:46:23 ubuntu devstack@g-api.service[137784]: DEBUG glance.api.middleware.version_negotiation [None req-c9e4ac57-f16c-4ea3-aa56-06330b07a7ca admin admin] Unknown version. Returning version choices. {{(pid=137784) process_request /opt/stack/glance/glance/api/middleware/version_negotiation.py:64}}
Apr 27 13:46:23 ubuntu devstack@g-api.service[137784]: [pid: 137784|app: 0|req: 5/11] 127.0.0.1 () {38 vars in 685 bytes} [Wed Apr 27 13:46:23 2022] GET /v1 => generated 1213 bytes in 6 msecs (HTTP/1.1 300) 3 headers in 106 bytes (1 switches on core 0)
Apr 27 13:48:35 ubuntu devstack@g-api.service[137783]: DEBUG oslo_concurrency.lockutils [-] Acquired lock "glance-cache" {{(pid=137783) lock /usr/local/lib/python3.8/dist-packages/oslo_concurrency/lockutils.py:294}}
Apr 27 13:48:35 ubuntu devstack@g-api.service[137783]: DEBUG oslo_concurrency.lockutils [-] Acquired external semaphore "glance-cache" {{(pid=137783) lock /usr/local/lib/python3.8/dist-packages/oslo_concurrency/lockutils.py:302}}
Apr 27 13:48:35 ubuntu devstack@g-api.service[137783]: DEBUG glance.image_cache.prefetcher [-] Nothing to prefetch. {{(pid=137783) run /opt/stack/glance/glance/image_cache/prefetcher.py:79}}
Apr 27 13:48:35 ubuntu devstack@g-api.service[137783]: DEBUG oslo_concurrency.lockutils [-] Releasing lock "glance-cache" {{(pid=137783) lock /usr/local/lib/python3.8/dist-packages/oslo_concurrency/lockutils.py:312}}
Apr 27 13:48:35 ubuntu devstack@g-api.service[137784]: DEBUG oslo_concurrency.lockutils [-] Acquired lock "glance-cache" {{(pid=137784) lock /usr/local/lib/python3.8/dist-packages/oslo_concurrency/lockutils.py:294}}
Apr 27 13:48:35 ubuntu devstack@g-api.service[137784]: DEBUG oslo_concurrency.lockutils [-] Acquired external semaphore "glance-cache" {{(pid=137784) lock /usr/local/lib/python3.8/dist-packages/oslo_concurrency/lockutils.py:302}}
Apr 27 13:48:35 ubuntu devstack@g-api.service[137784]: DEBUG glance.image_cache.prefetcher [-] Nothing to prefetch. {{(pid=137784) run /opt/stack/glance/glance/image_cache/prefetcher.py:79}}
Apr 27 13:48:35 ubuntu devstack@g-api.service[137784]: DEBUG oslo_concurrency.lockutils [-] Releasing lock "glance-cache" {{(pid=137784) lock /usr/local/lib/python3.8/dist-packages/oslo_concurrency/lockutils.py:312}}
Apr 27 13:48:45 ubuntu devstack@g-api.service[137783]: DEBUG glance.api.middleware.version_negotiation [None req-d7fb7c67-d17d-4140-bad7-b99a379f10a5 admin admin] Determining version of request: GET /versions Accept: */* {{(pid=137783) process_request /opt/stack/glance/glance/api/middleware/version_negotiation.py:44}}
Apr 27 13:48:45 ubuntu devstack@g-api.service[137783]: [pid: 137783|app: 0|req: 7/12] 127.0.0.1 () {38 vars in 695 bytes} [Wed Apr 27 13:48:45 2022] GET /versions => generated 1213 bytes in 3 msecs (HTTP/1.1 200) 3 headers in 92 bytes (1 switches on core 0)
Apr 27 13:48:45 ubuntu devstack@g-api.service[137784]: DEBUG glance.api.middleware.version_negotiation [None req-c9e4ac57-f16c-4ea3-aa56-06330b07a7ca admin admin] Determining version of request: GET /v2/schemas/image Accept: */* {{(pid=137784) process_request /opt/stack/glance/glance/api/middleware/version_negotiation.py:44}}
Apr 27 13:48:45 ubuntu devstack@g-api.service[137784]: DEBUG glance.api.middleware.version_negotiation [None req-c9e4ac57-f16c-4ea3-aa56-06330b07a7ca admin admin] Using url versioning {{(pid=137784) process_request /opt/stack/glance/glance/api/middleware/version_negotiation.py:57}}
Apr 27 13:48:45 ubuntu devstack@g-api.service[137784]: DEBUG glance.api.middleware.version_negotiation [None req-c9e4ac57-f16c-4ea3-aa56-06330b07a7ca admin admin] Matched version: v2 {{(pid=137784) process_request /opt/stack/glance/glance/api/middleware/version_negotiation.py:69}}
Apr 27 13:48:45 ubuntu devstack@g-api.service[137784]: DEBUG glance.api.middleware.version_negotiation [None req-c9e4ac57-f16c-4ea3-aa56-06330b07a7ca admin admin] new path /v2/schemas/image {{(pid=137784) process_request /opt/stack/glance/glance/api/middleware/version_negotiation.py:70}}
Apr 27 13:48:45 ubuntu devstack@g-api.service[137784]: [pid: 137784|app: 0|req: 6/13] 127.0.0.1 () {38 vars in 711 bytes} [Wed Apr 27 13:48:45 2022] GET /v2/schemas/image => generated 6083 bytes in 137 msecs (HTTP/1.1 200) 4 headers in 158 bytes (1 switches on core 0)
Apr 27 13:48:45 ubuntu devstack@g-api.service[137783]: DEBUG glance.api.middleware.version_negotiation [None req-d7fb7c67-d17d-4140-bad7-b99a379f10a5 admin admin] Determining version of request: GET /v2/schemas/metadefs/namespace Accept: */* {{(pid=137783) process_request /opt/stack/glance/glance/api/middleware/version_negotiation.py:44}}
Apr 27 13:48:45 ubuntu devstack@g-api.service[137783]: DEBUG glance.api.middleware.version_negotiation [None req-d7fb7c67-d17d-4140-bad7-b99a379f10a5 admin admin] Using url versioning {{(pid=137783) process_request /opt/stack/glance/glance/api/middleware/version_negotiation.py:57}}
Apr 27 13:48:45 ubuntu devstack@g-api.service[137783]: DEBUG glance.api.middleware.version_negotiation [None req-d7fb7c67-d17d-4140-bad7-b99a379f10a5 admin admin] Matched version: v2 {{(pid=137783) process_request /opt/stack/glance/glance/api/middleware/version_negotiation.py:69}}
Apr 27 13:48:45 ubuntu devstack@g-api.service[137783]: DEBUG glance.api.middleware.version_negotiation [None req-d7fb7c67-d17d-4140-bad7-b99a379f10a5 admin admin] new path /v2/schemas/metadefs/namespace {{(pid=137783) process_request /opt/stack/glance/glance/api/middleware/version_negotiation.py:70}}
Apr 27 13:48:45 ubuntu devstack@g-api.service[137783]: [pid: 137783|app: 0|req: 8/14] 127.0.0.1 () {38 vars in 737 bytes} [Wed Apr 27 13:48:45 2022] GET /v2/schemas/metadefs/namespace => generated 3100 bytes in 12 msecs (HTTP/1.1 200) 4 headers in 158 bytes (1 switches on core 0)
Apr 27 13:48:45 ubuntu devstack@g-api.service[137784]: DEBUG glance.api.middleware.version_negotiation [None req-8b1a05b7-5862-446e-80c1-dfc62cb2a022 admin admin] Determining version of request: GET /v2/schemas/metadefs/resource_type Accept: */* {{(pid=137784) process_request /opt/stack/glance/glance/api/middleware/version_negotiation.py:44}}
Apr 27 13:48:45 ubuntu devstack@g-api.service[137784]: DEBUG glance.api.middleware.version_negotiation [None req-8b1a05b7-5862-446e-80c1-dfc62cb2a022 admin admin] Using url versioning {{(pid=137784) process_request /opt/stack/glance/glance/api/middleware/version_negotiation.py:57}}
Apr 27 13:48:45 ubuntu devstack@g-api.service[137784]: DEBUG glance.api.middleware.version_negotiation [None req-8b1a05b7-5862-446e-80c1-dfc62cb2a022 admin admin] Matched version: v2 {{(pid=137784) process_request /opt/stack/glance/glance/api/middleware/version_negotiation.py:69}}
Apr 27 13:48:45 ubuntu devstack@g-api.service[137784]: DEBUG glance.api.middleware.version_negotiation [None req-8b1a05b7-5862-446e-80c1-dfc62cb2a022 admin admin] new path /v2/schemas/metadefs/resource_type {{(pid=137784) process_request /opt/stack/glance/glance/api/middleware/version_negotiation.py:70}}
Apr 27 13:48:45 ubuntu devstack@g-api.service[137784]: [pid: 137784|app: 0|req: 7/15] 127.0.0.1 () {38 vars in 745 bytes} [Wed Apr 27 13:48:45 2022] GET /v2/schemas/metadefs/resource_type => generated 1262 bytes in 7 msecs (HTTP/1.1 200) 4 headers in 158 bytes (1 switches on core 0)
Apr 27 13:48:45 ubuntu devstack@g-api.service[137783]: DEBUG glance.api.middleware.version_negotiation [None req-b7a91d5d-9236-45bb-88a4-aa318a2fba03 admin admin] Determining version of request: GET /v2/images Accept: */* {{(pid=137783) process_request /opt/stack/glance/glance/api/middleware/version_negotiation.py:44}}
Apr 27 13:48:45 ubuntu devstack@g-api.service[137783]: DEBUG glance.api.middleware.version_negotiation [None req-b7a91d5d-9236-45bb-88a4-aa318a2fba03 admin admin] Using url versioning {{(pid=137783) process_request /opt/stack/glance/glance/api/middleware/version_negotiation.py:57}}
Apr 27 13:48:45 ubuntu devstack@g-api.service[137783]: DEBUG glance.api.middleware.version_negotiation [None req-b7a91d5d-9236-45bb-88a4-aa318a2fba03 admin admin] Matched version: v2 {{(pid=137783) process_request /opt/stack/glance/glance/api/middleware/version_negotiation.py:69}}
Apr 27 13:48:45 ubuntu devstack@g-api.service[137783]: DEBUG glance.api.middleware.version_negotiation [None req-b7a91d5d-9236-45bb-88a4-aa318a2fba03 admin admin] new path /v2/images {{(pid=137783) process_request /opt/stack/glance/glance/api/middleware/version_negotiation.py:70}}
Apr 27 13:48:45 ubuntu devstack@g-api.service[137783]: [pid: 137783|app: 0|req: 9/16] 127.0.0.1 () {38 vars in 768 bytes} [Wed Apr 27 13:48:45 2022] GET /v2/images?limit=20&sort_key=name&sort_dir=asc => generated 1081 bytes in 77 msecs (HTTP/1.1 200) 4 headers in 158 bytes (1 switches on core 0)
Apr 27 13:48:45 ubuntu devstack@g-api.service[137784]: DEBUG glance.api.middleware.version_negotiation [None req-f09405a1-b77a-45f9-9723-a67e40d4367a admin admin] Determining version of request: GET /v2/schemas/image Accept: */* {{(pid=137784) process_request /opt/stack/glance/glance/api/middleware/version_negotiation.py:44}}
Apr 27 13:48:45 ubuntu devstack@g-api.service[137784]: DEBUG glance.api.middleware.version_negotiation [None req-f09405a1-b77a-45f9-9723-a67e40d4367a admin admin] Using url versioning {{(pid=137784) process_request /opt/stack/glance/glance/api/middleware/version_negotiation.py:57}}
Apr 27 13:48:45 ubuntu devstack@g-api.service[137784]: DEBUG glance.api.middleware.version_negotiation [None req-f09405a1-b77a-45f9-9723-a67e40d4367a admin admin] Matched version: v2 {{(pid=137784) process_request /opt/stack/glance/glance/api/middleware/version_negotiation.py:69}}
Apr 27 13:48:45 ubuntu devstack@g-api.service[137784]: DEBUG glance.api.middleware.version_negotiation [None req-f09405a1-b77a-45f9-9723-a67e40d4367a admin admin] new path /v2/schemas/image {{(pid=137784) process_request /opt/stack/glance/glance/api/middleware/version_negotiation.py:70}}
Apr 27 13:48:45 ubuntu devstack@g-api.service[137784]: [pid: 137784|app: 0|req: 8/17] 127.0.0.1 () {38 vars in 711 bytes} [Wed Apr 27 13:48:45 2022] GET /v2/schemas/image => generated 6083 bytes in 5 msecs (HTTP/1.1 200) 4 headers in 158 bytes (1 switches on core 0)
Apr 27 13:48:55 ubuntu devstack@g-api.service[137783]: DEBUG glance.api.middleware.version_negotiation [None req-461b0e87-8df1-4eca-8508-aa507f61f7f6 admin admin] Determining version of request: GET / Accept: application/json {{(pid=137783) process_request /opt/stack/glance/glance/api/middleware/version_negotiation.py:44}}
Apr 27 13:48:55 ubuntu devstack@g-api.service[137783]: DEBUG glance.api.middleware.version_negotiation [None req-461b0e87-8df1-4eca-8508-aa507f61f7f6 admin admin] Using url versioning {{(pid=137783) process_request /opt/stack/glance/glance/api/middleware/version_negotiation.py:57}}
Apr 27 13:48:55 ubuntu devstack@g-api.service[137783]: DEBUG glance.api.middleware.version_negotiation [None req-461b0e87-8df1-4eca-8508-aa507f61f7f6 admin admin] Unknown version. Returning version choices. {{(pid=137783) process_request /opt/stack/glance/glance/api/middleware/version_negotiation.py:64}}
Apr 27 13:48:55 ubuntu devstack@g-api.service[137783]: [pid: 137783|app: 0|req: 10/18] 127.0.0.1 () {34 vars in 492 bytes} [Wed Apr 27 13:48:55 2022] GET / => generated 1213 bytes in 2 msecs (HTTP/1.1 300) 3 headers in 106 bytes (1 switches on core 0)
Apr 27 13:48:55 ubuntu devstack@g-api.service[137784]: DEBUG glance.api.middleware.version_negotiation [None req-293173f8-585c-4c63-a93b-0cf1f88419a0 admin admin] Determining version of request: GET /v2/images/9b97d554-76b9-4c17-bccc-f5b82a6a74a5 Accept: */* {{(pid=137784) process_request /opt/stack/glance/glance/api/middleware/version_negotiation.py:44}}
Apr 27 13:48:55 ubuntu devstack@g-api.service[137784]: DEBUG glance.api.middleware.version_negotiation [None req-293173f8-585c-4c63-a93b-0cf1f88419a0 admin admin] Using url versioning {{(pid=137784) process_request /opt/stack/glance/glance/api/middleware/version_negotiation.py:57}}
Apr 27 13:48:55 ubuntu devstack@g-api.service[137784]: DEBUG glance.api.middleware.version_negotiation [None req-293173f8-585c-4c63-a93b-0cf1f88419a0 admin admin] Matched version: v2 {{(pid=137784) process_request /opt/stack/glance/glance/api/middleware/version_negotiation.py:69}}
Apr 27 13:48:55 ubuntu devstack@g-api.service[137784]: DEBUG glance.api.middleware.version_negotiation [None req-293173f8-585c-4c63-a93b-0cf1f88419a0 admin admin] new path /v2/images/9b97d554-76b9-4c17-bccc-f5b82a6a74a5 {{(pid=137784) process_request /opt/stack/glance/glance/api/middleware/version_negotiation.py:70}}
Apr 27 13:48:55 ubuntu devstack@g-api.service[137784]: WARNING keystonemiddleware.auth_token [None req-293173f8-585c-4c63-a93b-0cf1f88419a0 admin admin] A valid token was submitted as a service token, but it was not a valid service token. This is incorrect but backwards compatible behaviour. This will be removed in future releases.
Apr 27 13:48:55 ubuntu devstack@g-api.service[137784]: [pid: 137784|app: 0|req: 9/19] 127.0.0.1 () {42 vars in 1049 bytes} [Wed Apr 27 13:48:55 2022] GET /v2/images/9b97d554-76b9-4c17-bccc-f5b82a6a74a5 => generated 976 bytes in 104 msecs (HTTP/1.1 200) 4 headers in 157 bytes (1 switches on core 0)
Apr 27 13:48:55 ubuntu devstack@g-api.service[137783]: DEBUG glance.api.middleware.version_negotiation [None req-461b0e87-8df1-4eca-8508-aa507f61f7f6 admin admin] Determining version of request: GET /v2/schemas/image Accept: */* {{(pid=137783) process_request /opt/stack/glance/glance/api/middleware/version_negotiation.py:44}}
Apr 27 13:48:55 ubuntu devstack@g-api.service[137783]: DEBUG glance.api.middleware.version_negotiation [None req-461b0e87-8df1-4eca-8508-aa507f61f7f6 admin admin] Using url versioning {{(pid=137783) process_request /opt/stack/glance/glance/api/middleware/version_negotiation.py:57}}
Apr 27 13:48:55 ubuntu devstack@g-api.service[137783]: DEBUG glance.api.middleware.version_negotiation [None req-461b0e87-8df1-4eca-8508-aa507f61f7f6 admin admin] Matched version: v2 {{(pid=137783) process_request /opt/stack/glance/glance/api/middleware/version_negotiation.py:69}}
Apr 27 13:48:55 ubuntu devstack@g-api.service[137783]: DEBUG glance.api.middleware.version_negotiation [None req-461b0e87-8df1-4eca-8508-aa507f61f7f6 admin admin] new path /v2/schemas/image {{(pid=137783) process_request /opt/stack/glance/glance/api/middleware/version_negotiation.py:70}}
Apr 27 13:48:55 ubuntu devstack@g-api.service[137783]: WARNING keystonemiddleware.auth_token [None req-461b0e87-8df1-4eca-8508-aa507f61f7f6 admin admin] A valid token was submitted as a service token, but it was not a valid service token. This is incorrect but backwards compatible behaviour. This will be removed in future releases.
Apr 27 13:48:55 ubuntu devstack@g-api.service[137783]: [pid: 137783|app: 0|req: 11/20] 127.0.0.1 () {42 vars in 989 bytes} [Wed Apr 27 13:48:55 2022] GET /v2/schemas/image => generated 6083 bytes in 9 msecs (HTTP/1.1 200) 4 headers in 158 bytes (1 switches on core 0)
Apr 27 13:48:57 ubuntu devstack@g-api.service[137784]: DEBUG glance.api.middleware.version_negotiation [None req-481b742f-42d8-42e7-95b7-d1d1dfb90c3b tempest-UpdateMultiattachVolumeNegativeTest-38949049 tempest-UpdateMultiattachVolumeNegativeTest-38949049-project] Determining version of request: GET /v2/images/9b97d554-76b9-4c17-bccc-f5b82a6a74a5 Accept: */* {{(pid=137784) process_request /opt/stack/glance/glance/api/middleware/version_negotiation.py:44}}
Apr 27 13:48:57 ubuntu devstack@g-api.service[137784]: DEBUG glance.api.middleware.version_negotiation [None req-481b742f-42d8-42e7-95b7-d1d1dfb90c3b tempest-UpdateMultiattachVolumeNegativeTest-38949049 tempest-UpdateMultiattachVolumeNegativeTest-38949049-project] Using url versioning {{(pid=137784) process_request /opt/stack/glance/glance/api/middleware/version_negotiation.py:57}}
Apr 27 13:48:57 ubuntu devstack@g-api.service[137784]: DEBUG glance.api.middleware.version_negotiation [None req-481b742f-42d8-42e7-95b7-d1d1dfb90c3b tempest-UpdateMultiattachVolumeNegativeTest-38949049 tempest-UpdateMultiattachVolumeNegativeTest-38949049-project] Matched version: v2 {{(pid=137784) process_request /opt/stack/glance/glance/api/middleware/version_negotiation.py:69}}
Apr 27 13:48:57 ubuntu devstack@g-api.service[137784]: DEBUG glance.api.middleware.version_negotiation [None req-481b742f-42d8-42e7-95b7-d1d1dfb90c3b tempest-UpdateMultiattachVolumeNegativeTest-38949049 tempest-UpdateMultiattachVolumeNegativeTest-38949049-project] new path /v2/images/9b97d554-76b9-4c17-bccc-f5b82a6a74a5 {{(pid=137784) process_request /opt/stack/glance/glance/api/middleware/version_negotiation.py:70}}
Apr 27 13:48:57 ubuntu devstack@g-api.service[137784]: [pid: 137784|app: 0|req: 10/21] 127.0.0.1 () {42 vars in 1049 bytes} [Wed Apr 27 13:48:57 2022] GET /v2/images/9b97d554-76b9-4c17-bccc-f5b82a6a74a5 => generated 976 bytes in 58 msecs (HTTP/1.1 200) 4 headers in 157 bytes (1 switches on core 0)
Apr 27 13:48:57 ubuntu devstack@g-api.service[137783]: DEBUG glance.api.middleware.version_negotiation [None req-481b742f-42d8-42e7-95b7-d1d1dfb90c3b tempest-UpdateMultiattachVolumeNegativeTest-38949049 tempest-UpdateMultiattachVolumeNegativeTest-38949049-project] Determining version of request: GET /v2/images/9b97d554-76b9-4c17-bccc-f5b82a6a74a5/file Accept: */* {{(pid=137783) process_request /opt/stack/glance/glance/api/middleware/version_negotiation.py:44}}
Apr 27 13:48:57 ubuntu devstack@g-api.service[137783]: DEBUG glance.api.middleware.version_negotiation [None req-481b742f-42d8-42e7-95b7-d1d1dfb90c3b tempest-UpdateMultiattachVolumeNegativeTest-38949049 tempest-UpdateMultiattachVolumeNegativeTest-38949049-project] Using url versioning {{(pid=137783) process_request /opt/stack/glance/glance/api/middleware/version_negotiation.py:57}}
Apr 27 13:48:57 ubuntu devstack@g-api.service[137783]: DEBUG glance.api.middleware.version_negotiation [None req-481b742f-42d8-42e7-95b7-d1d1dfb90c3b tempest-UpdateMultiattachVolumeNegativeTest-38949049 tempest-UpdateMultiattachVolumeNegativeTest-38949049-project] Matched version: v2 {{(pid=137783) process_request /opt/stack/glance/glance/api/middleware/version_negotiation.py:69}}
Apr 27 13:48:57 ubuntu devstack@g-api.service[137783]: DEBUG glance.api.middleware.version_negotiation [None req-481b742f-42d8-42e7-95b7-d1d1dfb90c3b tempest-UpdateMultiattachVolumeNegativeTest-38949049 tempest-UpdateMultiattachVolumeNegativeTest-38949049-project] new path /v2/images/9b97d554-76b9-4c17-bccc-f5b82a6a74a5/file {{(pid=137783) process_request /opt/stack/glance/glance/api/middleware/version_negotiation.py:70}}
Apr 27 13:48:57 ubuntu devstack@g-api.service[137783]: DEBUG glance_store.backend [None req-481b742f-42d8-42e7-95b7-d1d1dfb90c3b tempest-UpdateMultiattachVolumeNegativeTest-38949049 tempest-UpdateMultiattachVolumeNegativeTest-38949049-project] Attempting to import store swift {{(pid=137783) _load_store /usr/local/lib/python3.8/dist-packages/glance_store/backend.py:217}}
Apr 27 13:48:57 ubuntu devstack@g-api.service[137783]: DEBUG glance_store.capabilities [None req-481b742f-42d8-42e7-95b7-d1d1dfb90c3b tempest-UpdateMultiattachVolumeNegativeTest-38949049 tempest-UpdateMultiattachVolumeNegativeTest-38949049-project] Store glance_store._drivers.swift.store.SingleTenantStore doesn't support updating dynamic storage capabilities. Please overwrite 'update_capabilities' method of the store to implement updating logics if needed. {{(pid=137783) update_capabilities /usr/local/lib/python3.8/dist-packages/glance_store/capabilities.py:91}}
Apr 27 13:48:57 ubuntu devstack@g-api.service[137783]: DEBUG glance_store.driver [None req-481b742f-42d8-42e7-95b7-d1d1dfb90c3b tempest-UpdateMultiattachVolumeNegativeTest-38949049 tempest-UpdateMultiattachVolumeNegativeTest-38949049-project] Late loading location class glance_store._drivers.swift.store.StoreLocation {{(pid=137783) get_store_location_class /usr/local/lib/python3.8/dist-packages/glance_store/driver.py:117}}
Apr 27 13:48:57 ubuntu devstack@g-api.service[137783]: DEBUG glance_store.location [None req-481b742f-42d8-42e7-95b7-d1d1dfb90c3b tempest-UpdateMultiattachVolumeNegativeTest-38949049 tempest-UpdateMultiattachVolumeNegativeTest-38949049-project] Registering scheme swift+https with {'store': <glance_store._drivers.swift.store.SingleTenantStore object at 0x7f6a96e191f0>, 'location_class': <class 'glance_store._drivers.swift.store.StoreLocation'>, 'store_entry': 'swift'} {{(pid=137783) register_scheme_map /usr/local/lib/python3.8/dist-packages/glance_store/location.py:146}}
Apr 27 13:48:57 ubuntu devstack@g-api.service[137783]: DEBUG glance_store.location [None req-481b742f-42d8-42e7-95b7-d1d1dfb90c3b tempest-UpdateMultiattachVolumeNegativeTest-38949049 tempest-UpdateMultiattachVolumeNegativeTest-38949049-project] Registering scheme swift+https with {'store': <glance_store._drivers.swift.store.SingleTenantStore object at 0x7f6a96e191f0>, 'location_class': <class 'glance_store._drivers.swift.store.StoreLocation'>, 'store_entry': 'swift'} {{(pid=137783) register_scheme_map /usr/local/lib/python3.8/dist-packages/glance_store/location.py:146}}
Apr 27 13:48:57 ubuntu devstack@g-api.service[137783]: DEBUG glance_store.location [None req-481b742f-42d8-42e7-95b7-d1d1dfb90c3b tempest-UpdateMultiattachVolumeNegativeTest-38949049 tempest-UpdateMultiattachVolumeNegativeTest-38949049-project] Registering scheme swift with {'store': <glance_store._drivers.swift.store.SingleTenantStore object at 0x7f6a96e191f0>, 'location_class': <class 'glance_store._drivers.swift.store.StoreLocation'>, 'store_entry': 'swift'} {{(pid=137783) register_scheme_map /usr/local/lib/python3.8/dist-packages/glance_store/location.py:146}}
Apr 27 13:48:57 ubuntu devstack@g-api.service[137783]: DEBUG glance_store.location [None req-481b742f-42d8-42e7-95b7-d1d1dfb90c3b tempest-UpdateMultiattachVolumeNegativeTest-38949049 tempest-UpdateMultiattachVolumeNegativeTest-38949049-project] Registering scheme swift+https with {'store': <glance_store._drivers.swift.store.SingleTenantStore object at 0x7f6a96e191f0>, 'location_class': <class 'glance_store._drivers.swift.store.StoreLocation'>, 'store_entry': 'swift'} {{(pid=137783) register_scheme_map /usr/local/lib/python3.8/dist-packages/glance_store/location.py:146}}
Apr 27 13:48:57 ubuntu devstack@g-api.service[137783]: DEBUG glance_store.location [None req-481b742f-42d8-42e7-95b7-d1d1dfb90c3b tempest-UpdateMultiattachVolumeNegativeTest-38949049 tempest-UpdateMultiattachVolumeNegativeTest-38949049-project] Registering scheme swift with {'store': <glance_store._drivers.swift.store.SingleTenantStore object at 0x7f6a96e191f0>, 'location_class': <class 'glance_store._drivers.swift.store.StoreLocation'>, 'store_entry': 'swift'} {{(pid=137783) register_scheme_map /usr/local/lib/python3.8/dist-packages/glance_store/location.py:146}}
Apr 27 13:48:57 ubuntu devstack@g-api.service[137783]: DEBUG glance_store.location [None req-481b742f-42d8-42e7-95b7-d1d1dfb90c3b tempest-UpdateMultiattachVolumeNegativeTest-38949049 tempest-UpdateMultiattachVolumeNegativeTest-38949049-project] Registering scheme swift+http with {'store': <glance_store._drivers.swift.store.SingleTenantStore object at 0x7f6a96e191f0>, 'location_class': <class 'glance_store._drivers.swift.store.StoreLocation'>, 'store_entry': 'swift'} {{(pid=137783) register_scheme_map /usr/local/lib/python3.8/dist-packages/glance_store/location.py:146}}
Apr 27 13:48:57 ubuntu devstack@g-api.service[137783]: DEBUG glance_store.location [None req-481b742f-42d8-42e7-95b7-d1d1dfb90c3b tempest-UpdateMultiattachVolumeNegativeTest-38949049 tempest-UpdateMultiattachVolumeNegativeTest-38949049-project] Registering scheme swift+https with {'store': <glance_store._drivers.swift.store.SingleTenantStore object at 0x7f6a96e191f0>, 'location_class': <class 'glance_store._drivers.swift.store.StoreLocation'>, 'store_entry': 'swift'} {{(pid=137783) register_scheme_map /usr/local/lib/python3.8/dist-packages/glance_store/location.py:146}}
Apr 27 13:48:57 ubuntu devstack@g-api.service[137783]: DEBUG glance_store.location [None req-481b742f-42d8-42e7-95b7-d1d1dfb90c3b tempest-UpdateMultiattachVolumeNegativeTest-38949049 tempest-UpdateMultiattachVolumeNegativeTest-38949049-project] Registering scheme swift with {'store': <glance_store._drivers.swift.store.SingleTenantStore object at 0x7f6a96e191f0>, 'location_class': <class 'glance_store._drivers.swift.store.StoreLocation'>, 'store_entry': 'swift'} {{(pid=137783) register_scheme_map /usr/local/lib/python3.8/dist-packages/glance_store/location.py:146}}
Apr 27 13:48:57 ubuntu devstack@g-api.service[137783]: DEBUG glance_store.location [None req-481b742f-42d8-42e7-95b7-d1d1dfb90c3b tempest-UpdateMultiattachVolumeNegativeTest-38949049 tempest-UpdateMultiattachVolumeNegativeTest-38949049-project] Registering scheme swift+http with {'store': <glance_store._drivers.swift.store.SingleTenantStore object at 0x7f6a96e191f0>, 'location_class': <class 'glance_store._drivers.swift.store.StoreLocation'>, 'store_entry': 'swift'} {{(pid=137783) register_scheme_map /usr/local/lib/python3.8/dist-packages/glance_store/location.py:146}}
Apr 27 13:48:57 ubuntu devstack@g-api.service[137783]: DEBUG glance_store.location [None req-481b742f-42d8-42e7-95b7-d1d1dfb90c3b tempest-UpdateMultiattachVolumeNegativeTest-38949049 tempest-UpdateMultiattachVolumeNegativeTest-38949049-project] Registering scheme swift+config with {'store': <glance_store._drivers.swift.store.SingleTenantStore object at 0x7f6a96e191f0>, 'location_class': <class 'glance_store._drivers.swift.store.StoreLocation'>, 'store_entry': 'swift'} {{(pid=137783) register_scheme_map /usr/local/lib/python3.8/dist-packages/glance_store/location.py:146}}
Apr 27 13:48:58 ubuntu devstack@g-api.service[137783]: DEBUG swiftclient [None req-481b742f-42d8-42e7-95b7-d1d1dfb90c3b tempest-UpdateMultiattachVolumeNegativeTest-38949049 tempest-UpdateMultiattachVolumeNegativeTest-38949049-project] REQ: curl -i http://192.168.79.49:8080/v1/AUTH_ca90f3a6c2cf4bfea866ff37dee1e0d4/glance/9b97d554-76b9-4c17-bccc-f5b82a6a74a5 -X GET -H "X-Auth-Token: gAAAAABiaUnJfBYY..." {{(pid=137783) http_log /usr/local/lib/python3.8/dist-packages/swiftclient/client.py:187}}
Apr 27 13:48:58 ubuntu devstack@g-api.service[137783]: DEBUG swiftclient [None req-481b742f-42d8-42e7-95b7-d1d1dfb90c3b tempest-UpdateMultiattachVolumeNegativeTest-38949049 tempest-UpdateMultiattachVolumeNegativeTest-38949049-project] RESP STATUS: 200 OK {{(pid=137783) http_log /usr/local/lib/python3.8/dist-packages/swiftclient/client.py:188}}
Apr 27 13:48:58 ubuntu devstack@g-api.service[137783]: DEBUG swiftclient [None req-481b742f-42d8-42e7-95b7-d1d1dfb90c3b tempest-UpdateMultiattachVolumeNegativeTest-38949049 tempest-UpdateMultiattachVolumeNegativeTest-38949049-project] RESP HEADERS: {'Content-Type': 'application/octet-stream', 'Etag': '1d3062cd89af34e419f7100277f38b2b', 'Last-Modified': 'Wed, 27 Apr 2022 13:43:47 GMT', 'X-Timestamp': '1651067026.25595', 'Accept-Ranges': 'bytes', 'Content-Length': '16338944', 'X-Trans-Id': 'tx03b33152817345ed871e9-00626949c9', 'X-Openstack-Request-Id': 'tx03b33152817345ed871e9-00626949c9', 'Date': 'Wed, 27 Apr 2022 13:48:58 GMT'} {{(pid=137783) http_log /usr/local/lib/python3.8/dist-packages/swiftclient/client.py:189}}
Apr 27 13:48:58 ubuntu devstack@g-api.service[137783]: DEBUG glance.image_cache [None req-481b742f-42d8-42e7-95b7-d1d1dfb90c3b tempest-UpdateMultiattachVolumeNegativeTest-38949049 tempest-UpdateMultiattachVolumeNegativeTest-38949049-project] Tee'ing image '9b97d554-76b9-4c17-bccc-f5b82a6a74a5' into cache {{(pid=137783) get_caching_iter /opt/stack/glance/glance/image_cache/__init__.py:343}}
Apr 27 13:48:58 ubuntu devstack@g-api.service[137783]: DEBUG glance.image_cache.drivers.sqlite [None req-481b742f-42d8-42e7-95b7-d1d1dfb90c3b tempest-UpdateMultiattachVolumeNegativeTest-38949049 tempest-UpdateMultiattachVolumeNegativeTest-38949049-project] Fetch finished, moving '/opt/stack/data/glance/cache/incomplete/9b97d554-76b9-4c17-bccc-f5b82a6a74a5' to '/opt/stack/data/glance/cache/9b97d554-76b9-4c17-bccc-f5b82a6a74a5' {{(pid=137783) commit /opt/stack/glance/glance/image_cache/drivers/sqlite.py:324}}
Apr 27 13:48:58 ubuntu devstack@g-api.service[137783]: [pid: 137783|app: 0|req: 12/22] 127.0.0.1 () {42 vars in 1059 bytes} [Wed Apr 27 13:48:57 2022] GET /v2/images/9b97d554-76b9-4c17-bccc-f5b82a6a74a5/file => generated 16338944 bytes in 471 msecs (HTTP/1.1 200) 4 headers in 191 bytes (250 switches on core 0)
Apr 27 13:49:06 ubuntu devstack@g-api.service[137784]: DEBUG glance.api.middleware.version_negotiation [None req-481b742f-42d8-42e7-95b7-d1d1dfb90c3b tempest-UpdateMultiattachVolumeNegativeTest-38949049 tempest-UpdateMultiattachVolumeNegativeTest-38949049-project] Determining version of request: GET / Accept: application/json {{(pid=137784) process_request /opt/stack/glance/glance/api/middleware/version_negotiation.py:44}}
Apr 27 13:49:06 ubuntu devstack@g-api.service[137784]: DEBUG glance.api.middleware.version_negotiation [None req-481b742f-42d8-42e7-95b7-d1d1dfb90c3b tempest-UpdateMultiattachVolumeNegativeTest-38949049 tempest-UpdateMultiattachVolumeNegativeTest-38949049-project] Using url versioning {{(pid=137784) process_request /opt/stack/glance/glance/api/middleware/version_negotiation.py:57}}
Apr 27 13:49:06 ubuntu devstack@g-api.service[137784]: DEBUG glance.api.middleware.version_negotiation [None req-481b742f-42d8-42e7-95b7-d1d1dfb90c3b tempest-UpdateMultiattachVolumeNegativeTest-38949049 tempest-UpdateMultiattachVolumeNegativeTest-38949049-project] Unknown version. Returning version choices. {{(pid=137784) process_request /opt/stack/glance/glance/api/middleware/version_negotiation.py:64}}
Apr 27 13:49:06 ubuntu devstack@g-api.service[137784]: [pid: 137784|app: 0|req: 11/23] 127.0.0.1 () {34 vars in 492 bytes} [Wed Apr 27 13:49:06 2022] GET / => generated 1213 bytes in 1 msecs (HTTP/1.1 300) 3 headers in 106 bytes (1 switches on core 0)
Apr 27 13:49:06 ubuntu devstack@g-api.service[137783]: DEBUG glance.api.middleware.version_negotiation [None req-481b742f-42d8-42e7-95b7-d1d1dfb90c3b tempest-UpdateMultiattachVolumeNegativeTest-38949049 tempest-UpdateMultiattachVolumeNegativeTest-38949049-project] Determining version of request: GET /v2/images/9b97d554-76b9-4c17-bccc-f5b82a6a74a5 Accept: */* {{(pid=137783) process_request /opt/stack/glance/glance/api/middleware/version_negotiation.py:44}}
Apr 27 13:49:06 ubuntu devstack@g-api.service[137783]: DEBUG glance.api.middleware.version_negotiation [None req-481b742f-42d8-42e7-95b7-d1d1dfb90c3b tempest-UpdateMultiattachVolumeNegativeTest-38949049 tempest-UpdateMultiattachVolumeNegativeTest-38949049-project] Using url versioning {{(pid=137783) process_request /opt/stack/glance/glance/api/middleware/version_negotiation.py:57}}
Apr 27 13:49:06 ubuntu devstack@g-api.service[137783]: DEBUG glance.api.middleware.version_negotiation [None req-481b742f-42d8-42e7-95b7-d1d1dfb90c3b tempest-UpdateMultiattachVolumeNegativeTest-38949049 tempest-UpdateMultiattachVolumeNegativeTest-38949049-project] Matched version: v2 {{(pid=137783) process_request /opt/stack/glance/glance/api/middleware/version_negotiation.py:69}}
Apr 27 13:49:06 ubuntu devstack@g-api.service[137783]: DEBUG glance.api.middleware.version_negotiation [None req-481b742f-42d8-42e7-95b7-d1d1dfb90c3b tempest-UpdateMultiattachVolumeNegativeTest-38949049 tempest-UpdateMultiattachVolumeNegativeTest-38949049-project] new path /v2/images/9b97d554-76b9-4c17-bccc-f5b82a6a74a5 {{(pid=137783) process_request /opt/stack/glance/glance/api/middleware/version_negotiation.py:70}}
Apr 27 13:49:06 ubuntu devstack@g-api.service[137783]: [pid: 137783|app: 0|req: 13/24] 127.0.0.1 () {42 vars in 1049 bytes} [Wed Apr 27 13:49:06 2022] GET /v2/images/9b97d554-76b9-4c17-bccc-f5b82a6a74a5 => generated 976 bytes in 19 msecs (HTTP/1.1 200) 4 headers in 157 bytes (1 switches on core 0)
Apr 27 13:49:06 ubuntu devstack@g-api.service[137784]: DEBUG glance.api.middleware.version_negotiation [None req-481b742f-42d8-42e7-95b7-d1d1dfb90c3b tempest-UpdateMultiattachVolumeNegativeTest-38949049 tempest-UpdateMultiattachVolumeNegativeTest-38949049-project] Determining version of request: GET /v2/schemas/image Accept: */* {{(pid=137784) process_request /opt/stack/glance/glance/api/middleware/version_negotiation.py:44}}
Apr 27 13:49:06 ubuntu devstack@g-api.service[137784]: DEBUG glance.api.middleware.version_negotiation [None req-481b742f-42d8-42e7-95b7-d1d1dfb90c3b tempest-UpdateMultiattachVolumeNegativeTest-38949049 tempest-UpdateMultiattachVolumeNegativeTest-38949049-project] Using url versioning {{(pid=137784) process_request /opt/stack/glance/glance/api/middleware/version_negotiation.py:57}}
Apr 27 13:49:06 ubuntu devstack@g-api.service[137784]: DEBUG glance.api.middleware.version_negotiation [None req-481b742f-42d8-42e7-95b7-d1d1dfb90c3b tempest-UpdateMultiattachVolumeNegativeTest-38949049 tempest-UpdateMultiattachVolumeNegativeTest-38949049-project] Matched version: v2 {{(pid=137784) process_request /opt/stack/glance/glance/api/middleware/version_negotiation.py:69}}
Apr 27 13:49:06 ubuntu devstack@g-api.service[137784]: DEBUG glance.api.middleware.version_negotiation [None req-481b742f-42d8-42e7-95b7-d1d1dfb90c3b tempest-UpdateMultiattachVolumeNegativeTest-38949049 tempest-UpdateMultiattachVolumeNegativeTest-38949049-project] new path /v2/schemas/image {{(pid=137784) process_request /opt/stack/glance/glance/api/middleware/version_negotiation.py:70}}
Apr 27 13:49:06 ubuntu devstack@g-api.service[137784]: [pid: 137784|app: 0|req: 12/25] 127.0.0.1 () {42 vars in 989 bytes} [Wed Apr 27 13:49:06 2022] GET /v2/schemas/image => generated 6083 bytes in 5 msecs (HTTP/1.1 200) 4 headers in 158 bytes (1 switches on core 0)
Apr 27 13:49:38 ubuntu devstack@g-api.service[137783]: DEBUG glance.api.middleware.version_negotiation [None req-2bf23745-1c82-4e95-a11f-cce91de2934b tempest-UpdateMultiattachVolumeNegativeTest-38949049 tempest-UpdateMultiattachVolumeNegativeTest-38949049-project] Determining version of request: GET /v2/images/9b97d554-76b9-4c17-bccc-f5b82a6a74a5 Accept: */* {{(pid=137783) process_request /opt/stack/glance/glance/api/middleware/version_negotiation.py:44}}
Apr 27 13:49:38 ubuntu devstack@g-api.service[137783]: DEBUG glance.api.middleware.version_negotiation [None req-2bf23745-1c82-4e95-a11f-cce91de2934b tempest-UpdateMultiattachVolumeNegativeTest-38949049 tempest-UpdateMultiattachVolumeNegativeTest-38949049-project] Using url versioning {{(pid=137783) process_request /opt/stack/glance/glance/api/middleware/version_negotiation.py:57}}
Apr 27 13:49:38 ubuntu devstack@g-api.service[137783]: DEBUG glance.api.middleware.version_negotiation [None req-2bf23745-1c82-4e95-a11f-cce91de2934b tempest-UpdateMultiattachVolumeNegativeTest-38949049 tempest-UpdateMultiattachVolumeNegativeTest-38949049-project] Matched version: v2 {{(pid=137783) process_request /opt/stack/glance/glance/api/middleware/version_negotiation.py:69}}
Apr 27 13:49:38 ubuntu devstack@g-api.service[137783]: DEBUG glance.api.middleware.version_negotiation [None req-2bf23745-1c82-4e95-a11f-cce91de2934b tempest-UpdateMultiattachVolumeNegativeTest-38949049 tempest-UpdateMultiattachVolumeNegativeTest-38949049-project] new path /v2/images/9b97d554-76b9-4c17-bccc-f5b82a6a74a5 {{(pid=137783) process_request /opt/stack/glance/glance/api/middleware/version_negotiation.py:70}}
Apr 27 13:49:38 ubuntu devstack@g-api.service[137783]: [pid: 137783|app: 0|req: 14/26] 127.0.0.1 () {42 vars in 1049 bytes} [Wed Apr 27 13:49:38 2022] GET /v2/images/9b97d554-76b9-4c17-bccc-f5b82a6a74a5 => generated 976 bytes in 26 msecs (HTTP/1.1 200) 4 headers in 157 bytes (1 switches on core 0)
Apr 27 13:49:38 ubuntu devstack@g-api.service[137784]: DEBUG glance.api.middleware.version_negotiation [None req-2bf23745-1c82-4e95-a11f-cce91de2934b tempest-UpdateMultiattachVolumeNegativeTest-38949049 tempest-UpdateMultiattachVolumeNegativeTest-38949049-project] Determining version of request: GET /v2/schemas/image Accept: */* {{(pid=137784) process_request /opt/stack/glance/glance/api/middleware/version_negotiation.py:44}}
