Aug 01 17:08:03 ubuntu neutron-server[131651]: DEBUG neutron.api.extensions [None req-8c55b140-bc7a-4bd5-88cc-4ed41e528278 None None] Ext name="Trunk Extension" alias="trunk" description="Provides support for trunk ports" updated="2016-01-01T10:00:00-00:00" {{(pid=131651) _check_extension /opt/stack/neutron/neutron/api/extensions.py:416}}
Aug 01 17:08:03 ubuntu neutron-server[131651]: INFO neutron.api.extensions [None req-8c55b140-bc7a-4bd5-88cc-4ed41e528278 None None] Extension trunk not supported by any of loaded plugins
Aug 01 17:08:03 ubuntu neutron-server[131651]: DEBUG neutron.api.extensions [None req-8c55b140-bc7a-4bd5-88cc-4ed41e528278 None None] Loading extension file: trunk_details.py {{(pid=131651) _load_all_extensions_from_path /opt/stack/neutron/neutron/api/extensions.py:450}}
Aug 01 17:08:03 ubuntu neutron-server[131651]: DEBUG neutron.api.extensions [None req-8c55b140-bc7a-4bd5-88cc-4ed41e528278 None None] Ext name="Trunk port details" alias="trunk-details" description="Expose trunk port details" updated="2016-01-01T10:00:00-00:00" {{(pid=131651) _check_extension /opt/stack/neutron/neutron/api/extensions.py:416}}
Aug 01 17:08:03 ubuntu neutron-server[131651]: INFO neutron.api.extensions [None req-8c55b140-bc7a-4bd5-88cc-4ed41e528278 None None] Extension trunk-details not supported by any of loaded plugins
Aug 01 17:08:03 ubuntu neutron-server[131651]: DEBUG neutron.api.extensions [None req-8c55b140-bc7a-4bd5-88cc-4ed41e528278 None None] Loading extension file: uplink_status_propagation.py {{(pid=131651) _load_all_extensions_from_path /opt/stack/neutron/neutron/api/extensions.py:450}}
Aug 01 17:08:03 ubuntu neutron-server[131651]: DEBUG neutron.api.extensions [None req-8c55b140-bc7a-4bd5-88cc-4ed41e528278 None None] Ext name="Uplink status propagation extension" alias="uplink-status-propagation" description="Provides ability to propagate port uplink status." updated="2018-05-31T18:00:00-00:00" {{(pid=131651) _check_extension /opt/stack/neutron/neutron/api/extensions.py:416}}
Aug 01 17:08:03 ubuntu neutron-server[131651]: INFO neutron.api.extensions [None req-8c55b140-bc7a-4bd5-88cc-4ed41e528278 None None] Extension uplink-status-propagation not supported by any of loaded plugins
Aug 01 17:08:03 ubuntu neutron-server[131651]: DEBUG neutron.api.extensions [None req-8c55b140-bc7a-4bd5-88cc-4ed41e528278 None None] Loading extension file: vlantransparent.py {{(pid=131651) _load_all_extensions_from_path /opt/stack/neutron/neutron/api/extensions.py:450}}
Aug 01 17:08:03 ubuntu neutron-server[131651]: DEBUG neutron.api.extensions [None req-8c55b140-bc7a-4bd5-88cc-4ed41e528278 None None] Ext name="Vlantransparent" alias="vlan-transparent" description="Provides Vlan Transparent Networks" updated="2015-03-23T09:00:00-00:00" {{(pid=131651) _check_extension /opt/stack/neutron/neutron/api/extensions.py:416}}
Aug 01 17:08:03 ubuntu neutron-server[131651]: INFO neutron.api.extensions [None req-8c55b140-bc7a-4bd5-88cc-4ed41e528278 None None] Extension vlan-transparent not supported by any of loaded plugins
Aug 01 17:08:03 ubuntu neutron-server[131651]: INFO neutron.quota.resource_registry [None req-8c55b140-bc7a-4bd5-88cc-4ed41e528278 None None] Creating instance of TrackedResource for resource:network
Aug 01 17:08:03 ubuntu neutron-server[131651]: INFO neutron.quota.resource_registry [None req-8c55b140-bc7a-4bd5-88cc-4ed41e528278 None None] Creating instance of TrackedResource for resource:subnet
Aug 01 17:08:03 ubuntu neutron-server[131651]: INFO neutron.quota.resource_registry [None req-8c55b140-bc7a-4bd5-88cc-4ed41e528278 None None] Creating instance of TrackedResource for resource:subnetpool
Aug 01 17:08:03 ubuntu neutron-server[131651]: INFO neutron.quota.resource_registry [None req-8c55b140-bc7a-4bd5-88cc-4ed41e528278 None None] Creating instance of TrackedResource for resource:port
Aug 01 17:08:03 ubuntu neutron-server[131651]: DEBUG neutron.api.v2.resource_helper [None req-8c55b140-bc7a-4bd5-88cc-4ed41e528278 None None] Service FLAVORS assigned prefix:  {{(pid=131651) build_resource_info /opt/stack/neutron/neutron/api/v2/resource_helper.py:77}}
Aug 01 17:08:03 ubuntu neutron-server[131651]: DEBUG neutron.api.v2.resource_helper [None req-8c55b140-bc7a-4bd5-88cc-4ed41e528278 None None] Service L3_ROUTER_NAT assigned prefix:  {{(pid=131651) build_resource_info /opt/stack/neutron/neutron/api/v2/resource_helper.py:77}}
Aug 01 17:08:03 ubuntu neutron-server[131651]: DEBUG neutron.api.v2.resource_helper [None req-8c55b140-bc7a-4bd5-88cc-4ed41e528278 None None] Service L3_ROUTER_NAT assigned prefix:  {{(pid=131651) build_resource_info /opt/stack/neutron/neutron/api/v2/resource_helper.py:77}}
Aug 01 17:08:03 ubuntu neutron-server[131651]: INFO neutron.quota.resource_registry [None req-8c55b140-bc7a-4bd5-88cc-4ed41e528278 None None] Creating instance of TrackedResource for resource:router
Aug 01 17:08:03 ubuntu neutron-server[131651]: INFO neutron.quota.resource_registry [None req-8c55b140-bc7a-4bd5-88cc-4ed41e528278 None None] Creating instance of TrackedResource for resource:floatingip
Aug 01 17:08:03 ubuntu neutron-server[131651]: DEBUG neutron_lib.callbacks.manager [None req-8c55b140-bc7a-4bd5-88cc-4ed41e528278 None None] Subscribe: <bound method NeutronDbPluginV2.validate_network_rbac_policy_change of <neutron.services.network_ip_availability.plugin.NetworkIPAvailabilityPlugin object at 0x7f3f1f6e9160>> rbac-policy before_create 55550000 {{(pid=131651) subscribe /usr/local/lib/python3.8/dist-packages/neutron_lib/callbacks/manager.py:45}}
Aug 01 17:08:03 ubuntu neutron-server[131651]: DEBUG neutron_lib.callbacks.manager [None req-8c55b140-bc7a-4bd5-88cc-4ed41e528278 None None] Subscribe: <bound method NeutronDbPluginV2.validate_network_rbac_policy_change of <neutron.services.network_ip_availability.plugin.NetworkIPAvailabilityPlugin object at 0x7f3f1f6e9160>> rbac-policy before_update 55550000 {{(pid=131651) subscribe /usr/local/lib/python3.8/dist-packages/neutron_lib/callbacks/manager.py:45}}
Aug 01 17:08:03 ubuntu neutron-server[131651]: DEBUG neutron_lib.callbacks.manager [None req-8c55b140-bc7a-4bd5-88cc-4ed41e528278 None None] Subscribe: <bound method NeutronDbPluginV2.validate_network_rbac_policy_change of <neutron.services.network_ip_availability.plugin.NetworkIPAvailabilityPlugin object at 0x7f3f1f6e9160>> rbac-policy before_delete 55550000 {{(pid=131651) subscribe /usr/local/lib/python3.8/dist-packages/neutron_lib/callbacks/manager.py:45}}
Aug 01 17:08:03 ubuntu neutron-server[131651]: INFO neutron.quota.resource_registry [None req-8c55b140-bc7a-4bd5-88cc-4ed41e528278 None None] Creating instance of CountableResource for resource:rbac_policy
Aug 01 17:08:03 ubuntu neutron-server[131651]: INFO neutron.quota.resource_registry [None req-8c55b140-bc7a-4bd5-88cc-4ed41e528278 None None] Creating instance of TrackedResource for resource:security_group
Aug 01 17:08:03 ubuntu neutron-server[131651]: INFO neutron.quota.resource_registry [None req-8c55b140-bc7a-4bd5-88cc-4ed41e528278 None None] Creating instance of TrackedResource for resource:security_group_rule
Aug 01 17:08:03 ubuntu neutron-server[131651]: DEBUG neutron.api.v2.resource_helper [None req-8c55b140-bc7a-4bd5-88cc-4ed41e528278 None None] Service FLAVORS assigned prefix:  {{(pid=131651) build_resource_info /opt/stack/neutron/neutron/api/v2/resource_helper.py:77}}
Aug 01 17:08:03 ubuntu neutron-server[131651]: DEBUG neutron.api.v2.resource_helper [None req-8c55b140-bc7a-4bd5-88cc-4ed41e528278 None None] Service L3_ROUTER_NAT assigned prefix:  {{(pid=131651) build_resource_info /opt/stack/neutron/neutron/api/v2/resource_helper.py:77}}
Aug 01 17:08:03 ubuntu neutron-server[131651]: DEBUG neutron.api.v2.resource_helper [None req-8c55b140-bc7a-4bd5-88cc-4ed41e528278 None None] Service L3_ROUTER_NAT assigned prefix:  {{(pid=131651) build_resource_info /opt/stack/neutron/neutron/api/v2/resource_helper.py:77}}
Aug 01 17:08:03 ubuntu neutron-server[131651]: INFO neutron.quota.resource_registry [None req-8c55b140-bc7a-4bd5-88cc-4ed41e528278 None None] Creating instance of TrackedResource for resource:router
Aug 01 17:08:03 ubuntu neutron-server[131651]: WARNING neutron.quota.resource_registry [None req-8c55b140-bc7a-4bd5-88cc-4ed41e528278 None None] router is already registered
Aug 01 17:08:03 ubuntu neutron-server[131651]: INFO neutron.quota.resource_registry [None req-8c55b140-bc7a-4bd5-88cc-4ed41e528278 None None] Creating instance of TrackedResource for resource:floatingip
Aug 01 17:08:03 ubuntu neutron-server[131651]: WARNING neutron.quota.resource_registry [None req-8c55b140-bc7a-4bd5-88cc-4ed41e528278 None None] floatingip is already registered
Aug 01 17:08:03 ubuntu neutron-server[131651]: INFO neutron.quota.resource_registry [None req-8c55b140-bc7a-4bd5-88cc-4ed41e528278 None None] Creating instance of CountableResource for resource:rbac_policy
Aug 01 17:08:03 ubuntu neutron-server[131651]: WARNING neutron.quota.resource_registry [None req-8c55b140-bc7a-4bd5-88cc-4ed41e528278 None None] rbac_policy is already registered
Aug 01 17:08:03 ubuntu neutron-server[131651]: INFO neutron.quota.resource_registry [None req-8c55b140-bc7a-4bd5-88cc-4ed41e528278 None None] Creating instance of TrackedResource for resource:security_group
Aug 01 17:08:03 ubuntu neutron-server[131651]: WARNING neutron.quota.resource_registry [None req-8c55b140-bc7a-4bd5-88cc-4ed41e528278 None None] security_group is already registered
Aug 01 17:08:03 ubuntu neutron-server[131651]: INFO neutron.quota.resource_registry [None req-8c55b140-bc7a-4bd5-88cc-4ed41e528278 None None] Creating instance of TrackedResource for resource:security_group_rule
Aug 01 17:08:03 ubuntu neutron-server[131651]: WARNING neutron.quota.resource_registry [None req-8c55b140-bc7a-4bd5-88cc-4ed41e528278 None None] security_group_rule is already registered
Aug 01 17:08:03 ubuntu neutron-server[131651]: DEBUG neutron.api.extensions [None req-8c55b140-bc7a-4bd5-88cc-4ed41e528278 None None] Extended resource: extensions {{(pid=131651) __init__ /opt/stack/neutron/neutron/api/extensions.py:157}}
Aug 01 17:08:03 ubuntu neutron-server[131651]: DEBUG neutron.api.extensions [None req-8c55b140-bc7a-4bd5-88cc-4ed41e528278 None None] Extended resource: address-groups {{(pid=131651) __init__ /opt/stack/neutron/neutron/api/extensions.py:157}}
Aug 01 17:08:03 ubuntu neutron-server[131651]: DEBUG neutron.api.extensions [None req-8c55b140-bc7a-4bd5-88cc-4ed41e528278 None None] Extended resource: address-scopes {{(pid=131651) __init__ /opt/stack/neutron/neutron/api/extensions.py:157}}
Aug 01 17:08:03 ubuntu neutron-server[131651]: DEBUG neutron.api.extensions [None req-8c55b140-bc7a-4bd5-88cc-4ed41e528278 None None] Extended resource: agents {{(pid=131651) __init__ /opt/stack/neutron/neutron/api/extensions.py:157}}
Aug 01 17:08:03 ubuntu neutron-server[131651]: DEBUG neutron.api.extensions [None req-8c55b140-bc7a-4bd5-88cc-4ed41e528278 None None] Extended resource: auto-allocated-topology {{(pid=131651) __init__ /opt/stack/neutron/neutron/api/extensions.py:157}}
Aug 01 17:08:03 ubuntu neutron-server[131651]: DEBUG neutron.api.extensions [None req-8c55b140-bc7a-4bd5-88cc-4ed41e528278 None None] Extended resource: availability_zones {{(pid=131651) __init__ /opt/stack/neutron/neutron/api/extensions.py:157}}
Aug 01 17:08:03 ubuntu neutron-server[131651]: DEBUG neutron.api.extensions [None req-8c55b140-bc7a-4bd5-88cc-4ed41e528278 None None] Extended resource: flavors {{(pid=131651) __init__ /opt/stack/neutron/neutron/api/extensions.py:157}}
Aug 01 17:08:03 ubuntu neutron-server[131651]: DEBUG neutron.api.extensions [None req-8c55b140-bc7a-4bd5-88cc-4ed41e528278 None None] Extended resource: service_profiles {{(pid=131651) __init__ /opt/stack/neutron/neutron/api/extensions.py:157}}
Aug 01 17:08:03 ubuntu neutron-server[131651]: DEBUG neutron.api.extensions [None req-8c55b140-bc7a-4bd5-88cc-4ed41e528278 None None] Extended resource: next_providers {{(pid=131651) __init__ /opt/stack/neutron/neutron/api/extensions.py:157}}
Aug 01 17:08:03 ubuntu neutron-server[131651]: DEBUG neutron.api.extensions [None req-8c55b140-bc7a-4bd5-88cc-4ed41e528278 None None] Extended resource: service_profiles {{(pid=131651) __init__ /opt/stack/neutron/neutron/api/extensions.py:157}}
Aug 01 17:08:03 ubuntu neutron-server[131651]: DEBUG neutron.api.extensions [None req-8c55b140-bc7a-4bd5-88cc-4ed41e528278 None None] Extended resource: floatingip-pools {{(pid=131651) __init__ /opt/stack/neutron/neutron/api/extensions.py:157}}
Aug 01 17:08:03 ubuntu neutron-server[131651]: DEBUG neutron.api.extensions [None req-8c55b140-bc7a-4bd5-88cc-4ed41e528278 None None] Extended resource: routers {{(pid=131651) __init__ /opt/stack/neutron/neutron/api/extensions.py:157}}
Aug 01 17:08:03 ubuntu neutron-server[131651]: DEBUG neutron.api.extensions [None req-8c55b140-bc7a-4bd5-88cc-4ed41e528278 None None] Extended resource: floatingips {{(pid=131651) __init__ /opt/stack/neutron/neutron/api/extensions.py:157}}
Aug 01 17:08:03 ubuntu neutron-server[131651]: DEBUG neutron.api.extensions [None req-8c55b140-bc7a-4bd5-88cc-4ed41e528278 None None] Extended resource: network-ip-availabilities {{(pid=131651) __init__ /opt/stack/neutron/neutron/api/extensions.py:157}}
Aug 01 17:08:03 ubuntu neutron-server[131651]: DEBUG neutron.api.extensions [None req-8c55b140-bc7a-4bd5-88cc-4ed41e528278 None None] Extended resource: bindings {{(pid=131651) __init__ /opt/stack/neutron/neutron/api/extensions.py:157}}
Aug 01 17:08:03 ubuntu neutron-server[131651]: DEBUG neutron.api.extensions [None req-8c55b140-bc7a-4bd5-88cc-4ed41e528278 None None] Extended resource: quotas {{(pid=131651) __init__ /opt/stack/neutron/neutron/api/extensions.py:157}}
Aug 01 17:08:03 ubuntu neutron-server[131651]: DEBUG neutron.api.extensions [None req-8c55b140-bc7a-4bd5-88cc-4ed41e528278 None None] Extended resource: quotas {{(pid=131651) __init__ /opt/stack/neutron/neutron/api/extensions.py:157}}
Aug 01 17:08:03 ubuntu neutron-server[131651]: DEBUG neutron.api.extensions [None req-8c55b140-bc7a-4bd5-88cc-4ed41e528278 None None] Extended resource: rbac-policies {{(pid=131651) __init__ /opt/stack/neutron/neutron/api/extensions.py:157}}
Aug 01 17:08:03 ubuntu neutron-server[131651]: DEBUG neutron.api.extensions [None req-8c55b140-bc7a-4bd5-88cc-4ed41e528278 None None] Extended resource: security-groups {{(pid=131651) __init__ /opt/stack/neutron/neutron/api/extensions.py:157}}
Aug 01 17:08:03 ubuntu neutron-server[131651]: DEBUG neutron.api.extensions [None req-8c55b140-bc7a-4bd5-88cc-4ed41e528278 None None] Extended resource: security-group-rules {{(pid=131651) __init__ /opt/stack/neutron/neutron/api/extensions.py:157}}
Aug 01 17:08:03 ubuntu neutron-server[131651]: DEBUG neutron.api.extensions [None req-8c55b140-bc7a-4bd5-88cc-4ed41e528278 None None] Extended resource: service-providers {{(pid=131651) __init__ /opt/stack/neutron/neutron/api/extensions.py:157}}
Aug 01 17:08:03 ubuntu neutron-server[131651]: DEBUG neutron.api.extensions [None req-8c55b140-bc7a-4bd5-88cc-4ed41e528278 None None] Extended resource: tags {{(pid=131651) __init__ /opt/stack/neutron/neutron/api/extensions.py:157}}
Aug 01 17:08:03 ubuntu neutron-server[131651]: DEBUG neutron.api.extensions [None req-8c55b140-bc7a-4bd5-88cc-4ed41e528278 None None] Extended resource: tags {{(pid=131651) __init__ /opt/stack/neutron/neutron/api/extensions.py:157}}
Aug 01 17:08:03 ubuntu neutron-server[131651]: DEBUG neutron.api.extensions [None req-8c55b140-bc7a-4bd5-88cc-4ed41e528278 None None] Extended resource: tags {{(pid=131651) __init__ /opt/stack/neutron/neutron/api/extensions.py:157}}
Aug 01 17:08:03 ubuntu neutron-server[131651]: DEBUG neutron.api.extensions [None req-8c55b140-bc7a-4bd5-88cc-4ed41e528278 None None] Extended resource: tags {{(pid=131651) __init__ /opt/stack/neutron/neutron/api/extensions.py:157}}
Aug 01 17:08:03 ubuntu neutron-server[131651]: DEBUG neutron.api.extensions [None req-8c55b140-bc7a-4bd5-88cc-4ed41e528278 None None] Extended resource: tags {{(pid=131651) __init__ /opt/stack/neutron/neutron/api/extensions.py:157}}
Aug 01 17:08:03 ubuntu neutron-server[131651]: DEBUG neutron.api.extensions [None req-8c55b140-bc7a-4bd5-88cc-4ed41e528278 None None] Extended resource: tags {{(pid=131651) __init__ /opt/stack/neutron/neutron/api/extensions.py:157}}
Aug 01 17:08:03 ubuntu neutron-server[131651]: DEBUG neutron.api.extensions [None req-8c55b140-bc7a-4bd5-88cc-4ed41e528278 None None] Extended resource: tags {{(pid=131651) __init__ /opt/stack/neutron/neutron/api/extensions.py:157}}
Aug 01 17:08:03 ubuntu neutron-server[131651]: DEBUG neutron.api.extensions [None req-8c55b140-bc7a-4bd5-88cc-4ed41e528278 None None] Extended resource: tags {{(pid=131651) __init__ /opt/stack/neutron/neutron/api/extensions.py:157}}
Aug 01 17:08:03 ubuntu neutron-server[131651]: DEBUG neutron.api.extensions [None req-8c55b140-bc7a-4bd5-88cc-4ed41e528278 None None] Extended resource: tags {{(pid=131651) __init__ /opt/stack/neutron/neutron/api/extensions.py:157}}
Aug 01 17:08:03 ubuntu neutron-server[131651]: DEBUG neutron.api.extensions [None req-8c55b140-bc7a-4bd5-88cc-4ed41e528278 None None] Extended resource: tags {{(pid=131651) __init__ /opt/stack/neutron/neutron/api/extensions.py:157}}
Aug 01 17:08:03 ubuntu neutron-server[131651]: WARNING keystonemiddleware.auth_token [None req-8c55b140-bc7a-4bd5-88cc-4ed41e528278 None None] AuthToken middleware is set with keystone_authtoken.service_token_roles_required set to False. This is backwards compatible but deprecated behaviour. Please set this to True.
Aug 01 17:08:03 ubuntu neutron-server[131651]: WARNING keystonemiddleware.auth_token [None req-8c55b140-bc7a-4bd5-88cc-4ed41e528278 None None] Configuring www_authenticate_uri to point to the public identity endpoint is required; clients may not be able to authenticate against an admin endpoint
Aug 01 17:08:03 ubuntu neutron-server[131651]: DEBUG oslo_concurrency.lockutils [None req-8c55b140-bc7a-4bd5-88cc-4ed41e528278 None None] Acquired lock "singleton_lock" {{(pid=131651) lock /usr/local/lib/python3.8/dist-packages/oslo_concurrency/lockutils.py:294}}
Aug 01 17:08:03 ubuntu neutron-server[131651]: DEBUG oslo_concurrency.lockutils [None req-8c55b140-bc7a-4bd5-88cc-4ed41e528278 None None] Releasing lock "singleton_lock" {{(pid=131651) lock /usr/local/lib/python3.8/dist-packages/oslo_concurrency/lockutils.py:312}}
Aug 01 17:08:03 ubuntu neutron-server[131651]: INFO oslo_service.service [None req-8c55b140-bc7a-4bd5-88cc-4ed41e528278 None None] Starting 2 workers
Aug 01 17:08:03 ubuntu neutron-server[131651]: DEBUG oslo_service.service [None req-8c55b140-bc7a-4bd5-88cc-4ed41e528278 None None] Started child 131862 {{(pid=131651) _start_child /usr/local/lib/python3.8/dist-packages/oslo_service/service.py:575}}
Aug 01 17:08:03 ubuntu neutron-server[131651]: DEBUG oslo_service.service [None req-8c55b140-bc7a-4bd5-88cc-4ed41e528278 None None] Started child 131863 {{(pid=131651) _start_child /usr/local/lib/python3.8/dist-packages/oslo_service/service.py:575}}
Aug 01 17:08:03 ubuntu neutron-server[131651]: INFO neutron.service [None req-8c55b140-bc7a-4bd5-88cc-4ed41e528278 None None] Neutron service started, listening on 0.0.0.0:9696
Aug 01 17:08:03 ubuntu neutron-server[131651]: DEBUG neutron_lib.callbacks.manager [None req-8c55b140-bc7a-4bd5-88cc-4ed41e528278 None None] Publish callbacks ['neutron.plugins.ml2.drivers.ovn.mech_driver.mech_driver.OVNMechanismDriver.pre_fork_initialize-66612049'] for process (None), before_spawn {{(pid=131651) _notify_loop /usr/local/lib/python3.8/dist-packages/neutron_lib/callbacks/manager.py:176}}
Aug 01 17:08:03 ubuntu neutron-server[131862]: DEBUG neutron_lib.callbacks.manager [-] Publish callbacks ['neutron.plugins.ml2.drivers.ovn.mech_driver.mech_driver.OVNMechanismDriver.post_fork_initialize-66612029'] for process (None), after_init {{(pid=131862) _notify_loop /usr/local/lib/python3.8/dist-packages/neutron_lib/callbacks/manager.py:176}}
Aug 01 17:08:03 ubuntu neutron-server[131863]: DEBUG neutron_lib.callbacks.manager [-] Publish callbacks ['neutron.plugins.ml2.drivers.ovn.mech_driver.mech_driver.OVNMechanismDriver.post_fork_initialize-66612029'] for process (None), after_init {{(pid=131863) _notify_loop /usr/local/lib/python3.8/dist-packages/neutron_lib/callbacks/manager.py:176}}
Aug 01 17:08:03 ubuntu neutron-server[131863]: DEBUG dbcounter [-] [131863] Writer thread running {{(pid=131863) stat_writer /usr/local/lib/python3.8/dist-packages/dbcounter.py:99}}
Aug 01 17:08:03 ubuntu neutron-server[131862]: DEBUG dbcounter [-] [131862] Writer thread running {{(pid=131862) stat_writer /usr/local/lib/python3.8/dist-packages/dbcounter.py:99}}
Aug 01 17:08:03 ubuntu neutron-server[131651]: DEBUG ovsdbapp.backend.ovs_idl [None req-8c55b140-bc7a-4bd5-88cc-4ed41e528278 None None] Created schema index Port_Group.name {{(pid=131651) autocreate_indices /usr/local/lib/python3.8/dist-packages/ovsdbapp/backend/ovs_idl/__init__.py:104}}
Aug 01 17:08:03 ubuntu neutron-server[131651]: DEBUG ovsdbapp.backend.ovs_idl [None req-8c55b140-bc7a-4bd5-88cc-4ed41e528278 None None] Created schema index Logical_Switch_Port.name {{(pid=131651) autocreate_indices /usr/local/lib/python3.8/dist-packages/ovsdbapp/backend/ovs_idl/__init__.py:104}}
Aug 01 17:08:03 ubuntu neutron-server[131651]: DEBUG ovsdbapp.backend.ovs_idl.transaction [-] Running txn n=1 command(idx=0): PgAddCommand(name=neutron_pg_drop, may_exist=True, columns={'acls': []}) {{(pid=131651) do_commit /usr/local/lib/python3.8/dist-packages/ovsdbapp/backend/ovs_idl/transaction.py:90}}
Aug 01 17:08:03 ubuntu neutron-server[131651]: DEBUG ovsdbapp.backend.ovs_idl.transaction [-] Running txn n=1 command(idx=1): PgAclAddCommand(entity=neutron_pg_drop, direction=from-lport, priority=1001, match=inport == @neutron_pg_drop && ip, action=drop, log=False, may_exist=True, severity=[], name=[], meter=None, external_ids={}) {{(pid=131651) do_commit /usr/local/lib/python3.8/dist-packages/ovsdbapp/backend/ovs_idl/transaction.py:90}}
Aug 01 17:08:03 ubuntu neutron-server[131651]: DEBUG ovsdbapp.backend.ovs_idl.transaction [-] Running txn n=1 command(idx=2): PgAclAddCommand(entity=neutron_pg_drop, direction=to-lport, priority=1001, match=outport == @neutron_pg_drop && ip, action=drop, log=False, may_exist=True, severity=[], name=[], meter=None, external_ids={}) {{(pid=131651) do_commit /usr/local/lib/python3.8/dist-packages/ovsdbapp/backend/ovs_idl/transaction.py:90}}
Aug 01 17:08:03 ubuntu neutron-server[131862]: INFO neutron.plugins.ml2.drivers.ovn.mech_driver.ovsdb.impl_idl_ovn [None req-c48211bf-4533-4619-b412-d86318bd07b5 None None] Getting OvsdbNbOvnIdl for WorkerService with retry
Aug 01 17:08:03 ubuntu neutron-server[131651]: DEBUG ovsdbapp.backend.ovs_idl.event [-] Matched CREATE: NeutronPgDropPortGroupCreated(events=('create',), table='Port_Group', conditions=(('name', '=', 'neutron_pg_drop'),), old_conditions=None), priority=10 to row=Port_Group(name=neutron_pg_drop, ports=[], external_ids={}, acls=[<ovs.db.idl.Row object at 0x7f3f1fdf6430>, <ovs.db.idl.Row object at 0x7f3f1fdf6280>]) old= {{(pid=131651) matches /usr/local/lib/python3.8/dist-packages/ovsdbapp/backend/ovs_idl/event.py:43}}
Aug 01 17:08:03 ubuntu neutron-server[131863]: INFO neutron.plugins.ml2.drivers.ovn.mech_driver.ovsdb.impl_idl_ovn [None req-96f4f8c4-8fca-403a-bbab-13292c341a9d None None] Getting OvsdbNbOvnIdl for WorkerService with retry
Aug 01 17:08:03 ubuntu neutron-server[131651]: DEBUG ovsdbapp.backend.ovs_idl [None req-8c55b140-bc7a-4bd5-88cc-4ed41e528278 None None] Created lookup_table index Logical_Switch.name {{(pid=131651) autocreate_indices /usr/local/lib/python3.8/dist-packages/ovsdbapp/backend/ovs_idl/__init__.py:85}}
Aug 01 17:08:03 ubuntu neutron-server[131651]: DEBUG ovsdbapp.backend.ovs_idl [None req-8c55b140-bc7a-4bd5-88cc-4ed41e528278 None None] Created lookup_table index Logical_Router.name {{(pid=131651) autocreate_indices /usr/local/lib/python3.8/dist-packages/ovsdbapp/backend/ovs_idl/__init__.py:85}}
Aug 01 17:08:03 ubuntu neutron-server[131651]: DEBUG ovsdbapp.backend.ovs_idl [None req-8c55b140-bc7a-4bd5-88cc-4ed41e528278 None None] Created lookup_table index Load_Balancer.name {{(pid=131651) autocreate_indices /usr/local/lib/python3.8/dist-packages/ovsdbapp/backend/ovs_idl/__init__.py:85}}
Aug 01 17:08:03 ubuntu neutron-server[131651]: DEBUG ovsdbapp.backend.ovs_idl [None req-8c55b140-bc7a-4bd5-88cc-4ed41e528278 None None] Created schema index Meter.name {{(pid=131651) autocreate_indices /usr/local/lib/python3.8/dist-packages/ovsdbapp/backend/ovs_idl/__init__.py:104}}
Aug 01 17:08:03 ubuntu neutron-server[131651]: DEBUG ovsdbapp.backend.ovs_idl [None req-8c55b140-bc7a-4bd5-88cc-4ed41e528278 None None] Created schema index Address_Set.name {{(pid=131651) autocreate_indices /usr/local/lib/python3.8/dist-packages/ovsdbapp/backend/ovs_idl/__init__.py:104}}
Aug 01 17:08:03 ubuntu neutron-server[131651]: DEBUG ovsdbapp.backend.ovs_idl [None req-8c55b140-bc7a-4bd5-88cc-4ed41e528278 None None] Created schema index HA_Chassis_Group.name {{(pid=131651) autocreate_indices /usr/local/lib/python3.8/dist-packages/ovsdbapp/backend/ovs_idl/__init__.py:104}}
Aug 01 17:08:03 ubuntu neutron-server[131651]: DEBUG ovsdbapp.backend.ovs_idl [None req-8c55b140-bc7a-4bd5-88cc-4ed41e528278 None None] Created schema index Connection.target {{(pid=131651) autocreate_indices /usr/local/lib/python3.8/dist-packages/ovsdbapp/backend/ovs_idl/__init__.py:104}}
Aug 01 17:08:03 ubuntu neutron-server[131651]: DEBUG ovsdbapp.backend.ovs_idl [None req-8c55b140-bc7a-4bd5-88cc-4ed41e528278 None None] Created schema index Gateway_Chassis.name {{(pid=131651) autocreate_indices /usr/local/lib/python3.8/dist-packages/ovsdbapp/backend/ovs_idl/__init__.py:104}}
Aug 01 17:08:03 ubuntu neutron-server[131651]: DEBUG ovsdbapp.backend.ovs_idl [None req-8c55b140-bc7a-4bd5-88cc-4ed41e528278 None None] Created schema index Logical_Router_Port.name {{(pid=131651) autocreate_indices /usr/local/lib/python3.8/dist-packages/ovsdbapp/backend/ovs_idl/__init__.py:104}}
Aug 01 17:08:03 ubuntu neutron-server[131651]: DEBUG ovsdbapp.backend.ovs_idl [None req-8c55b140-bc7a-4bd5-88cc-4ed41e528278 None None] Created schema index Port_Group.name {{(pid=131651) autocreate_indices /usr/local/lib/python3.8/dist-packages/ovsdbapp/backend/ovs_idl/__init__.py:104}}
Aug 01 17:08:03 ubuntu neutron-server[131651]: DEBUG ovsdbapp.backend.ovs_idl [None req-8c55b140-bc7a-4bd5-88cc-4ed41e528278 None None] Created schema index Logical_Switch_Port.name {{(pid=131651) autocreate_indices /usr/local/lib/python3.8/dist-packages/ovsdbapp/backend/ovs_idl/__init__.py:104}}
Aug 01 17:08:03 ubuntu neutron-server[131863]: DEBUG ovsdbapp.backend.ovs_idl [None req-96f4f8c4-8fca-403a-bbab-13292c341a9d None None] Created lookup_table index Logical_Switch.name {{(pid=131863) autocreate_indices /usr/local/lib/python3.8/dist-packages/ovsdbapp/backend/ovs_idl/__init__.py:85}}
Aug 01 17:08:03 ubuntu neutron-server[131863]: DEBUG ovsdbapp.backend.ovs_idl [None req-96f4f8c4-8fca-403a-bbab-13292c341a9d None None] Created lookup_table index Logical_Router.name {{(pid=131863) autocreate_indices /usr/local/lib/python3.8/dist-packages/ovsdbapp/backend/ovs_idl/__init__.py:85}}
Aug 01 17:08:03 ubuntu neutron-server[131862]: DEBUG ovsdbapp.backend.ovs_idl [None req-c48211bf-4533-4619-b412-d86318bd07b5 None None] Created lookup_table index Logical_Switch.name {{(pid=131862) autocreate_indices /usr/local/lib/python3.8/dist-packages/ovsdbapp/backend/ovs_idl/__init__.py:85}}
Aug 01 17:08:03 ubuntu neutron-server[131863]: DEBUG ovsdbapp.backend.ovs_idl [None req-96f4f8c4-8fca-403a-bbab-13292c341a9d None None] Created lookup_table index Load_Balancer.name {{(pid=131863) autocreate_indices /usr/local/lib/python3.8/dist-packages/ovsdbapp/backend/ovs_idl/__init__.py:85}}
Aug 01 17:08:03 ubuntu neutron-server[131863]: DEBUG ovsdbapp.backend.ovs_idl [None req-96f4f8c4-8fca-403a-bbab-13292c341a9d None None] Created schema index Meter.name {{(pid=131863) autocreate_indices /usr/local/lib/python3.8/dist-packages/ovsdbapp/backend/ovs_idl/__init__.py:104}}
Aug 01 17:08:03 ubuntu neutron-server[131862]: DEBUG ovsdbapp.backend.ovs_idl [None req-c48211bf-4533-4619-b412-d86318bd07b5 None None] Created lookup_table index Logical_Router.name {{(pid=131862) autocreate_indices /usr/local/lib/python3.8/dist-packages/ovsdbapp/backend/ovs_idl/__init__.py:85}}
Aug 01 17:08:03 ubuntu neutron-server[131863]: DEBUG ovsdbapp.backend.ovs_idl [None req-96f4f8c4-8fca-403a-bbab-13292c341a9d None None] Created schema index Address_Set.name {{(pid=131863) autocreate_indices /usr/local/lib/python3.8/dist-packages/ovsdbapp/backend/ovs_idl/__init__.py:104}}
Aug 01 17:08:03 ubuntu neutron-server[131863]: DEBUG ovsdbapp.backend.ovs_idl [None req-96f4f8c4-8fca-403a-bbab-13292c341a9d None None] Created schema index HA_Chassis_Group.name {{(pid=131863) autocreate_indices /usr/local/lib/python3.8/dist-packages/ovsdbapp/backend/ovs_idl/__init__.py:104}}
Aug 01 17:08:03 ubuntu neutron-server[131863]: DEBUG ovsdbapp.backend.ovs_idl [None req-96f4f8c4-8fca-403a-bbab-13292c341a9d None None] Created schema index Connection.target {{(pid=131863) autocreate_indices /usr/local/lib/python3.8/dist-packages/ovsdbapp/backend/ovs_idl/__init__.py:104}}
Aug 01 17:08:03 ubuntu neutron-server[131862]: DEBUG ovsdbapp.backend.ovs_idl [None req-c48211bf-4533-4619-b412-d86318bd07b5 None None] Created lookup_table index Load_Balancer.name {{(pid=131862) autocreate_indices /usr/local/lib/python3.8/dist-packages/ovsdbapp/backend/ovs_idl/__init__.py:85}}
Aug 01 17:08:03 ubuntu neutron-server[131863]: DEBUG ovsdbapp.backend.ovs_idl [None req-96f4f8c4-8fca-403a-bbab-13292c341a9d None None] Created schema index Gateway_Chassis.name {{(pid=131863) autocreate_indices /usr/local/lib/python3.8/dist-packages/ovsdbapp/backend/ovs_idl/__init__.py:104}}
Aug 01 17:08:03 ubuntu neutron-server[131863]: DEBUG ovsdbapp.backend.ovs_idl [None req-96f4f8c4-8fca-403a-bbab-13292c341a9d None None] Created schema index Logical_Router_Port.name {{(pid=131863) autocreate_indices /usr/local/lib/python3.8/dist-packages/ovsdbapp/backend/ovs_idl/__init__.py:104}}
Aug 01 17:08:03 ubuntu neutron-server[131863]: DEBUG ovsdbapp.backend.ovs_idl [None req-96f4f8c4-8fca-403a-bbab-13292c341a9d None None] Created schema index Port_Group.name {{(pid=131863) autocreate_indices /usr/local/lib/python3.8/dist-packages/ovsdbapp/backend/ovs_idl/__init__.py:104}}
Aug 01 17:08:03 ubuntu neutron-server[131862]: DEBUG ovsdbapp.backend.ovs_idl [None req-c48211bf-4533-4619-b412-d86318bd07b5 None None] Created schema index Meter.name {{(pid=131862) autocreate_indices /usr/local/lib/python3.8/dist-packages/ovsdbapp/backend/ovs_idl/__init__.py:104}}
Aug 01 17:08:03 ubuntu neutron-server[131863]: DEBUG ovsdbapp.backend.ovs_idl [None req-96f4f8c4-8fca-403a-bbab-13292c341a9d None None] Created schema index Logical_Switch_Port.name {{(pid=131863) autocreate_indices /usr/local/lib/python3.8/dist-packages/ovsdbapp/backend/ovs_idl/__init__.py:104}}
Aug 01 17:08:03 ubuntu neutron-server[131862]: DEBUG ovsdbapp.backend.ovs_idl [None req-c48211bf-4533-4619-b412-d86318bd07b5 None None] Created schema index Address_Set.name {{(pid=131862) autocreate_indices /usr/local/lib/python3.8/dist-packages/ovsdbapp/backend/ovs_idl/__init__.py:104}}
Aug 01 17:08:03 ubuntu neutron-server[131862]: DEBUG ovsdbapp.backend.ovs_idl [None req-c48211bf-4533-4619-b412-d86318bd07b5 None None] Created schema index HA_Chassis_Group.name {{(pid=131862) autocreate_indices /usr/local/lib/python3.8/dist-packages/ovsdbapp/backend/ovs_idl/__init__.py:104}}
Aug 01 17:08:03 ubuntu neutron-server[131862]: DEBUG ovsdbapp.backend.ovs_idl [None req-c48211bf-4533-4619-b412-d86318bd07b5 None None] Created schema index Connection.target {{(pid=131862) autocreate_indices /usr/local/lib/python3.8/dist-packages/ovsdbapp/backend/ovs_idl/__init__.py:104}}
Aug 01 17:08:03 ubuntu neutron-server[131862]: DEBUG ovsdbapp.backend.ovs_idl [None req-c48211bf-4533-4619-b412-d86318bd07b5 None None] Created schema index Gateway_Chassis.name {{(pid=131862) autocreate_indices /usr/local/lib/python3.8/dist-packages/ovsdbapp/backend/ovs_idl/__init__.py:104}}
Aug 01 17:08:03 ubuntu neutron-server[131862]: DEBUG ovsdbapp.backend.ovs_idl [None req-c48211bf-4533-4619-b412-d86318bd07b5 None None] Created schema index Logical_Router_Port.name {{(pid=131862) autocreate_indices /usr/local/lib/python3.8/dist-packages/ovsdbapp/backend/ovs_idl/__init__.py:104}}
Aug 01 17:08:03 ubuntu neutron-server[131862]: DEBUG ovsdbapp.backend.ovs_idl [None req-c48211bf-4533-4619-b412-d86318bd07b5 None None] Created schema index Port_Group.name {{(pid=131862) autocreate_indices /usr/local/lib/python3.8/dist-packages/ovsdbapp/backend/ovs_idl/__init__.py:104}}
Aug 01 17:08:03 ubuntu neutron-server[131862]: DEBUG ovsdbapp.backend.ovs_idl [None req-c48211bf-4533-4619-b412-d86318bd07b5 None None] Created schema index Logical_Switch_Port.name {{(pid=131862) autocreate_indices /usr/local/lib/python3.8/dist-packages/ovsdbapp/backend/ovs_idl/__init__.py:104}}
Aug 01 17:08:03 ubuntu neutron-server[131862]: INFO ovsdbapp.backend.ovs_idl.vlog [None req-c48211bf-4533-4619-b412-d86318bd07b5 None None] tcp:192.168.79.42:6641: connecting...
Aug 01 17:08:03 ubuntu neutron-server[131862]: INFO ovsdbapp.backend.ovs_idl.vlog [None req-c48211bf-4533-4619-b412-d86318bd07b5 None None] tcp:192.168.79.42:6641: connected
Aug 01 17:08:03 ubuntu neutron-server[131863]: INFO ovsdbapp.backend.ovs_idl.vlog [None req-96f4f8c4-8fca-403a-bbab-13292c341a9d None None] tcp:192.168.79.42:6641: connecting...
Aug 01 17:08:03 ubuntu neutron-server[131863]: INFO ovsdbapp.backend.ovs_idl.vlog [None req-96f4f8c4-8fca-403a-bbab-13292c341a9d None None] tcp:192.168.79.42:6641: connected
Aug 01 17:08:03 ubuntu neutron-server[131651]: DEBUG ovsdbapp.backend.ovs_idl [None req-8c55b140-bc7a-4bd5-88cc-4ed41e528278 None None] Created lookup_table index Chassis.name {{(pid=131651) autocreate_indices /usr/local/lib/python3.8/dist-packages/ovsdbapp/backend/ovs_idl/__init__.py:85}}
Aug 01 17:08:03 ubuntu neutron-server[131651]: DEBUG ovsdbapp.backend.ovs_idl [None req-8c55b140-bc7a-4bd5-88cc-4ed41e528278 None None] Created lookup_table index MAC_Binding.ip {{(pid=131651) autocreate_indices /usr/local/lib/python3.8/dist-packages/ovsdbapp/backend/ovs_idl/__init__.py:85}}
Aug 01 17:08:03 ubuntu neutron-server[131651]: DEBUG ovsdbapp.backend.ovs_idl [None req-8c55b140-bc7a-4bd5-88cc-4ed41e528278 None None] Created schema index Meter.name {{(pid=131651) autocreate_indices /usr/local/lib/python3.8/dist-packages/ovsdbapp/backend/ovs_idl/__init__.py:104}}
Aug 01 17:08:03 ubuntu neutron-server[131651]: DEBUG ovsdbapp.backend.ovs_idl [None req-8c55b140-bc7a-4bd5-88cc-4ed41e528278 None None] Created schema index Address_Set.name {{(pid=131651) autocreate_indices /usr/local/lib/python3.8/dist-packages/ovsdbapp/backend/ovs_idl/__init__.py:104}}
Aug 01 17:08:03 ubuntu neutron-server[131651]: DEBUG ovsdbapp.backend.ovs_idl [None req-8c55b140-bc7a-4bd5-88cc-4ed41e528278 None None] Created schema index HA_Chassis_Group.name {{(pid=131651) autocreate_indices /usr/local/lib/python3.8/dist-packages/ovsdbapp/backend/ovs_idl/__init__.py:104}}
Aug 01 17:08:03 ubuntu neutron-server[131651]: DEBUG ovsdbapp.backend.ovs_idl [None req-8c55b140-bc7a-4bd5-88cc-4ed41e528278 None None] Created schema index IP_Multicast.datapath {{(pid=131651) autocreate_indices /usr/local/lib/python3.8/dist-packages/ovsdbapp/backend/ovs_idl/__init__.py:104}}
Aug 01 17:08:03 ubuntu neutron-server[131651]: DEBUG ovsdbapp.backend.ovs_idl [None req-8c55b140-bc7a-4bd5-88cc-4ed41e528278 None None] Created schema index Connection.target {{(pid=131651) autocreate_indices /usr/local/lib/python3.8/dist-packages/ovsdbapp/backend/ovs_idl/__init__.py:104}}
Aug 01 17:08:03 ubuntu neutron-server[131651]: DEBUG ovsdbapp.backend.ovs_idl [None req-8c55b140-bc7a-4bd5-88cc-4ed41e528278 None None] Created schema index Gateway_Chassis.name {{(pid=131651) autocreate_indices /usr/local/lib/python3.8/dist-packages/ovsdbapp/backend/ovs_idl/__init__.py:104}}
Aug 01 17:08:03 ubuntu neutron-server[131651]: DEBUG ovsdbapp.backend.ovs_idl [None req-8c55b140-bc7a-4bd5-88cc-4ed41e528278 None None] Created schema index Port_Group.name {{(pid=131651) autocreate_indices /usr/local/lib/python3.8/dist-packages/ovsdbapp/backend/ovs_idl/__init__.py:104}}
Aug 01 17:08:03 ubuntu neutron-server[131651]: DEBUG ovsdbapp.backend.ovs_idl [None req-8c55b140-bc7a-4bd5-88cc-4ed41e528278 None None] Created schema index Datapath_Binding.tunnel_key {{(pid=131651) autocreate_indices /usr/local/lib/python3.8/dist-packages/ovsdbapp/backend/ovs_idl/__init__.py:104}}
Aug 01 17:08:03 ubuntu neutron-server[131862]: DEBUG neutron.common.ovn.hash_ring_manager [None req-c48211bf-4533-4619-b412-d86318bd07b5 None None] Allow caching, nodes 2>=2 {{(pid=131862) _wait_startup_before_caching /opt/stack/neutron/neutron/common/ovn/hash_ring_manager.py:60}}
Aug 01 17:08:03 ubuntu neutron-server[131651]: INFO oslo_service.service [None req-8c55b140-bc7a-4bd5-88cc-4ed41e528278 None None] Starting 1 workers
Aug 01 17:08:03 ubuntu neutron-server[131862]: DEBUG neutron.plugins.ml2.drivers.ovn.mech_driver.ovsdb.ovsdb_monitor [None req-c48211bf-4533-4619-b412-d86318bd07b5 None None] Hash Ring: Node dcf78d93-f82d-4e82-b0e7-ac83ff0c61ec (host: ubuntu) handling event "create" for row 80b04703-5a82-4920-b845-619f93fcb033 (table: ACL) {{(pid=131862) notify /opt/stack/neutron/neutron/plugins/ml2/drivers/ovn/mech_driver/ovsdb/ovsdb_monitor.py:743}}
Aug 01 17:08:03 ubuntu neutron-server[131862]: DEBUG neutron.plugins.ml2.drivers.ovn.mech_driver.ovsdb.ovsdb_monitor [None req-c48211bf-4533-4619-b412-d86318bd07b5 None None] Hash Ring: Node dcf78d93-f82d-4e82-b0e7-ac83ff0c61ec (host: ubuntu) handling event "create" for row 58df8147-b895-4751-9031-19bb450fdc3e (table: ACL) {{(pid=131862) notify /opt/stack/neutron/neutron/plugins/ml2/drivers/ovn/mech_driver/ovsdb/ovsdb_monitor.py:743}}
Aug 01 17:08:03 ubuntu neutron-server[131651]: DEBUG oslo_service.service [None req-8c55b140-bc7a-4bd5-88cc-4ed41e528278 None None] Started child 131865 {{(pid=131651) _start_child /usr/local/lib/python3.8/dist-packages/oslo_service/service.py:575}}
Aug 01 17:08:03 ubuntu neutron-server[131651]: INFO oslo_service.service [None req-8c55b140-bc7a-4bd5-88cc-4ed41e528278 None None] Starting 1 workers
Aug 01 17:08:03 ubuntu neutron-server[131862]: INFO neutron.plugins.ml2.drivers.ovn.mech_driver.ovsdb.impl_idl_ovn [None req-c48211bf-4533-4619-b412-d86318bd07b5 None None] Getting OvsdbSbOvnIdl for WorkerService with retry
Aug 01 17:08:03 ubuntu neutron-server[131651]: DEBUG oslo_service.service [None req-8c55b140-bc7a-4bd5-88cc-4ed41e528278 None None] Started child 131866 {{(pid=131651) _start_child /usr/local/lib/python3.8/dist-packages/oslo_service/service.py:575}}
Aug 01 17:08:03 ubuntu neutron-server[131651]: INFO oslo_service.service [None req-8c55b140-bc7a-4bd5-88cc-4ed41e528278 None None] Starting 1 workers
Aug 01 17:08:03 ubuntu neutron-server[131863]: DEBUG neutron.common.ovn.hash_ring_manager [None req-96f4f8c4-8fca-403a-bbab-13292c341a9d None None] Allow caching, nodes 2>=2 {{(pid=131863) _wait_startup_before_caching /opt/stack/neutron/neutron/common/ovn/hash_ring_manager.py:60}}
Aug 01 17:08:03 ubuntu neutron-server[131651]: DEBUG oslo_service.service [None req-8c55b140-bc7a-4bd5-88cc-4ed41e528278 None None] Started child 131867 {{(pid=131651) _start_child /usr/local/lib/python3.8/dist-packages/oslo_service/service.py:575}}
Aug 01 17:08:03 ubuntu neutron-server[131651]: DEBUG neutron_lib.callbacks.manager [None req-8c55b140-bc7a-4bd5-88cc-4ed41e528278 None None] Publish callbacks [] for process (None), after_spawn {{(pid=131651) _notify_loop /usr/local/lib/python3.8/dist-packages/neutron_lib/callbacks/manager.py:176}}
Aug 01 17:08:03 ubuntu neutron-server[131865]: DEBUG neutron.service [None req-8c55b140-bc7a-4bd5-88cc-4ed41e528278 None None] calling RpcWorker wait() {{(pid=131865) _wait /opt/stack/neutron/neutron/service.py:128}}
Aug 01 17:08:03 ubuntu neutron-server[131651]: DEBUG oslo_service.service [-] Full set of CONF: {{(pid=131651) wait /usr/local/lib/python3.8/dist-packages/oslo_service/service.py:649}}
Aug 01 17:08:03 ubuntu neutron-server[131651]: DEBUG oslo_service.service [-] ******************************************************************************** {{(pid=131651) log_opt_values /usr/local/lib/python3.8/dist-packages/oslo_config/cfg.py:2589}}
Aug 01 17:08:03 ubuntu neutron-server[131865]: DEBUG neutron.service [None req-8c55b140-bc7a-4bd5-88cc-4ed41e528278 None None] returning from RpcWorker wait() {{(pid=131865) _wait /opt/stack/neutron/neutron/service.py:135}}
Aug 01 17:08:03 ubuntu neutron-server[131651]: DEBUG oslo_service.service [-] Configuration options gathered from: {{(pid=131651) log_opt_values /usr/local/lib/python3.8/dist-packages/oslo_config/cfg.py:2590}}
Aug 01 17:08:03 ubuntu neutron-server[131651]: DEBUG oslo_service.service [-] command line args: ['--config-file', '/etc/neutron/neutron.conf', '--config-file', '/etc/neutron/plugins/ml2/ml2_conf.ini'] {{(pid=131651) log_opt_values /usr/local/lib/python3.8/dist-packages/oslo_config/cfg.py:2591}}
Aug 01 17:08:03 ubuntu neutron-server[131651]: DEBUG oslo_service.service [-] config files: ['/etc/neutron/neutron.conf', '/etc/neutron/plugins/ml2/ml2_conf.ini'] {{(pid=131651) log_opt_values /usr/local/lib/python3.8/dist-packages/oslo_config/cfg.py:2592}}
Aug 01 17:08:03 ubuntu neutron-server[131651]: DEBUG oslo_service.service [-] ================================================================================ {{(pid=131651) log_opt_values /usr/local/lib/python3.8/dist-packages/oslo_config/cfg.py:2594}}
Aug 01 17:08:03 ubuntu neutron-server[131651]: DEBUG oslo_service.service [-] agent_down_time                = 75 {{(pid=131651) log_opt_values /usr/local/lib/python3.8/dist-packages/oslo_config/cfg.py:2602}}
Aug 01 17:08:03 ubuntu neutron-server[131651]: DEBUG oslo_service.service [-] allow_automatic_dhcp_failover  = True {{(pid=131651) log_opt_values /usr/local/lib/python3.8/dist-packages/oslo_config/cfg.py:2602}}
Aug 01 17:08:03 ubuntu neutron-server[131651]: DEBUG oslo_service.service [-] allow_bulk                     = True {{(pid=131651) log_opt_values /usr/local/lib/python3.8/dist-packages/oslo_config/cfg.py:2602}}
Aug 01 17:08:03 ubuntu neutron-server[131651]: DEBUG oslo_service.service [-] allowed_conntrack_helpers      = [{'amanda': 'tcp'}, {'ftp': 'tcp'}, {'h323': 'udp'}, {'h323': 'tcp'}, {'irc': 'tcp'}, {'netbios-ns': 'udp'}, {'pptp': 'tcp'}, {'sane': 'tcp'}, {'sip': 'udp'}, {'sip': 'tcp'}, {'snmp': 'udp'}, {'tftp': 'udp'}] {{(pid=131651) log_opt_values /usr/local/lib/python3.8/dist-packages/oslo_config/cfg.py:2602}}
Aug 01 17:08:03 ubuntu neutron-server[131651]: DEBUG oslo_service.service [-] api_extensions_path            =  {{(pid=131651) log_opt_values /usr/local/lib/python3.8/dist-packages/oslo_config/cfg.py:2602}}
Aug 01 17:08:03 ubuntu neutron-server[131651]: DEBUG oslo_service.service [-] api_paste_config               = api-paste.ini {{(pid=131651) log_opt_values /usr/local/lib/python3.8/dist-packages/oslo_config/cfg.py:2602}}
Aug 01 17:08:03 ubuntu neutron-server[131865]: DEBUG neutron_lib.callbacks.manager [-] Publish callbacks ['neutron.plugins.ml2.drivers.ovn.mech_driver.mech_driver.OVNMechanismDriver.post_fork_initialize-66612029'] for process (None), after_init {{(pid=131865) _notify_loop /usr/local/lib/python3.8/dist-packages/neutron_lib/callbacks/manager.py:176}}
Aug 01 17:08:03 ubuntu neutron-server[131651]: DEBUG oslo_service.service [-] api_workers                    = 2 {{(pid=131651) log_opt_values /usr/local/lib/python3.8/dist-packages/oslo_config/cfg.py:2602}}
Aug 01 17:08:03 ubuntu neutron-server[131651]: DEBUG oslo_service.service [-] auth_strategy                  = keystone {{(pid=131651) log_opt_values /usr/local/lib/python3.8/dist-packages/oslo_config/cfg.py:2602}}
Aug 01 17:08:03 ubuntu neutron-server[131651]: DEBUG oslo_service.service [-] backdoor_port                  = None {{(pid=131651) log_opt_values /usr/local/lib/python3.8/dist-packages/oslo_config/cfg.py:2602}}
Aug 01 17:08:03 ubuntu neutron-server[131651]: DEBUG oslo_service.service [-] backdoor_socket                = None {{(pid=131651) log_opt_values /usr/local/lib/python3.8/dist-packages/oslo_config/cfg.py:2602}}
Aug 01 17:08:03 ubuntu neutron-server[131651]: DEBUG oslo_service.service [-] backlog                        = 4096 {{(pid=131651) log_opt_values /usr/local/lib/python3.8/dist-packages/oslo_config/cfg.py:2602}}
Aug 01 17:08:03 ubuntu neutron-server[131651]: DEBUG oslo_service.service [-] base_mac                       = fa:16:3e:00:00:00 {{(pid=131651) log_opt_values /usr/local/lib/python3.8/dist-packages/oslo_config/cfg.py:2602}}
Aug 01 17:08:03 ubuntu neutron-server[131651]: DEBUG oslo_service.service [-] bind_host                      = 0.0.0.0 {{(pid=131651) log_opt_values /usr/local/lib/python3.8/dist-packages/oslo_config/cfg.py:2602}}
Aug 01 17:08:03 ubuntu neutron-server[131651]: DEBUG oslo_service.service [-] bind_port                      = 9696 {{(pid=131651) log_opt_values /usr/local/lib/python3.8/dist-packages/oslo_config/cfg.py:2602}}
Aug 01 17:08:03 ubuntu neutron-server[131651]: DEBUG oslo_service.service [-] client_socket_timeout          = 900 {{(pid=131651) log_opt_values /usr/local/lib/python3.8/dist-packages/oslo_config/cfg.py:2602}}
Aug 01 17:08:03 ubuntu neutron-server[131651]: DEBUG oslo_service.service [-] config_dir                     = [] {{(pid=131651) log_opt_values /usr/local/lib/python3.8/dist-packages/oslo_config/cfg.py:2602}}
Aug 01 17:08:03 ubuntu neutron-server[131651]: DEBUG oslo_service.service [-] config_file                    = ['/etc/neutron/neutron.conf', '/etc/neutron/plugins/ml2/ml2_conf.ini'] {{(pid=131651) log_opt_values /usr/local/lib/python3.8/dist-packages/oslo_config/cfg.py:2602}}
Aug 01 17:08:03 ubuntu neutron-server[131651]: DEBUG oslo_service.service [-] config_source                  = [] {{(pid=131651) log_opt_values /usr/local/lib/python3.8/dist-packages/oslo_config/cfg.py:2602}}
Aug 01 17:08:03 ubuntu neutron-server[131651]: DEBUG oslo_service.service [-] control_exchange               = neutron {{(pid=131651) log_opt_values /usr/local/lib/python3.8/dist-packages/oslo_config/cfg.py:2602}}
Aug 01 17:08:03 ubuntu neutron-server[131865]: INFO neutron.plugins.ml2.drivers.ovn.mech_driver.ovsdb.impl_idl_ovn [-] Getting OvsdbNbOvnIdl for RpcWorker with retry
Aug 01 17:08:03 ubuntu neutron-server[131866]: DEBUG neutron_lib.callbacks.manager [-] Publish callbacks ['neutron.plugins.ml2.drivers.ovn.mech_driver.mech_driver.OVNMechanismDriver.post_fork_initialize-66612029'] for process (None), after_init {{(pid=131866) _notify_loop /usr/local/lib/python3.8/dist-packages/neutron_lib/callbacks/manager.py:176}}
Aug 01 17:08:03 ubuntu neutron-server[131862]: DEBUG ovsdbapp.backend.ovs_idl [None req-c48211bf-4533-4619-b412-d86318bd07b5 None None] Created lookup_table index Chassis.name {{(pid=131862) autocreate_indices /usr/local/lib/python3.8/dist-packages/ovsdbapp/backend/ovs_idl/__init__.py:85}}
Aug 01 17:08:03 ubuntu neutron-server[131862]: DEBUG ovsdbapp.backend.ovs_idl [None req-c48211bf-4533-4619-b412-d86318bd07b5 None None] Created schema index Datapath_Binding.tunnel_key {{(pid=131862) autocreate_indices /usr/local/lib/python3.8/dist-packages/ovsdbapp/backend/ovs_idl/__init__.py:104}}
Aug 01 17:08:03 ubuntu neutron-server[131862]: DEBUG ovsdbapp.backend.ovs_idl [None req-c48211bf-4533-4619-b412-d86318bd07b5 None None] Created schema index Connection.target {{(pid=131862) autocreate_indices /usr/local/lib/python3.8/dist-packages/ovsdbapp/backend/ovs_idl/__init__.py:104}}
Aug 01 17:08:03 ubuntu neutron-server[131862]: INFO ovsdbapp.backend.ovs_idl.vlog [None req-c48211bf-4533-4619-b412-d86318bd07b5 None None] tcp:192.168.79.42:6642: connecting...
Aug 01 17:08:03 ubuntu neutron-server[131862]: INFO ovsdbapp.backend.ovs_idl.vlog [None req-c48211bf-4533-4619-b412-d86318bd07b5 None None] tcp:192.168.79.42:6642: connected
Aug 01 17:08:03 ubuntu neutron-server[131867]: DEBUG neutron_lib.callbacks.manager [-] Publish callbacks ['neutron.plugins.ml2.drivers.ovn.mech_driver.mech_driver.OVNMechanismDriver.post_fork_initialize-66612029'] for process (None), after_init {{(pid=131867) _notify_loop /usr/local/lib/python3.8/dist-packages/neutron_lib/callbacks/manager.py:176}}
Aug 01 17:08:03 ubuntu neutron-server[131651]: DEBUG oslo_service.service [-] core_plugin                    = ml2 {{(pid=131651) log_opt_values /usr/local/lib/python3.8/dist-packages/oslo_config/cfg.py:2602}}
Aug 01 17:08:03 ubuntu neutron-server[131651]: DEBUG oslo_service.service [-] debug                          = True {{(pid=131651) log_opt_values /usr/local/lib/python3.8/dist-packages/oslo_config/cfg.py:2602}}
Aug 01 17:08:03 ubuntu neutron-server[131651]: DEBUG oslo_service.service [-] default_availability_zones     = [] {{(pid=131651) log_opt_values /usr/local/lib/python3.8/dist-packages/oslo_config/cfg.py:2602}}
