Aug 02 11:38:40 ubuntu neutron-server[148896]: DEBUG neutron.api.extensions [None req-6b4ed306-0cc8-453d-809d-c2a838f3ce81 None None] Ext name="Trunk Extension" alias="trunk" description="Provides support for trunk ports" updated="2016-01-01T10:00:00-00:00" {{(pid=148896) _check_extension /opt/stack/neutron/neutron/api/extensions.py:416}}
Aug 02 11:38:40 ubuntu neutron-server[148896]: INFO neutron.api.extensions [None req-6b4ed306-0cc8-453d-809d-c2a838f3ce81 None None] Extension trunk not supported by any of loaded plugins
Aug 02 11:38:40 ubuntu neutron-server[148896]: DEBUG neutron.api.extensions [None req-6b4ed306-0cc8-453d-809d-c2a838f3ce81 None None] Loading extension file: trunk_details.py {{(pid=148896) _load_all_extensions_from_path /opt/stack/neutron/neutron/api/extensions.py:450}}
Aug 02 11:38:40 ubuntu neutron-server[148896]: DEBUG neutron.api.extensions [None req-6b4ed306-0cc8-453d-809d-c2a838f3ce81 None None] Ext name="Trunk port details" alias="trunk-details" description="Expose trunk port details" updated="2016-01-01T10:00:00-00:00" {{(pid=148896) _check_extension /opt/stack/neutron/neutron/api/extensions.py:416}}
Aug 02 11:38:40 ubuntu neutron-server[148896]: INFO neutron.api.extensions [None req-6b4ed306-0cc8-453d-809d-c2a838f3ce81 None None] Extension trunk-details not supported by any of loaded plugins
Aug 02 11:38:40 ubuntu neutron-server[148896]: DEBUG neutron.api.extensions [None req-6b4ed306-0cc8-453d-809d-c2a838f3ce81 None None] Loading extension file: uplink_status_propagation.py {{(pid=148896) _load_all_extensions_from_path /opt/stack/neutron/neutron/api/extensions.py:450}}
Aug 02 11:38:40 ubuntu neutron-server[148896]: DEBUG neutron.api.extensions [None req-6b4ed306-0cc8-453d-809d-c2a838f3ce81 None None] Ext name="Uplink status propagation extension" alias="uplink-status-propagation" description="Provides ability to propagate port uplink status." updated="2018-05-31T18:00:00-00:00" {{(pid=148896) _check_extension /opt/stack/neutron/neutron/api/extensions.py:416}}
Aug 02 11:38:40 ubuntu neutron-server[148896]: INFO neutron.api.extensions [None req-6b4ed306-0cc8-453d-809d-c2a838f3ce81 None None] Extension uplink-status-propagation not supported by any of loaded plugins
Aug 02 11:38:40 ubuntu neutron-server[148896]: DEBUG neutron.api.extensions [None req-6b4ed306-0cc8-453d-809d-c2a838f3ce81 None None] Loading extension file: vlantransparent.py {{(pid=148896) _load_all_extensions_from_path /opt/stack/neutron/neutron/api/extensions.py:450}}
Aug 02 11:38:40 ubuntu neutron-server[148896]: DEBUG neutron.api.extensions [None req-6b4ed306-0cc8-453d-809d-c2a838f3ce81 None None] Ext name="Vlantransparent" alias="vlan-transparent" description="Provides Vlan Transparent Networks" updated="2015-03-23T09:00:00-00:00" {{(pid=148896) _check_extension /opt/stack/neutron/neutron/api/extensions.py:416}}
Aug 02 11:38:40 ubuntu neutron-server[148896]: INFO neutron.api.extensions [None req-6b4ed306-0cc8-453d-809d-c2a838f3ce81 None None] Extension vlan-transparent not supported by any of loaded plugins
Aug 02 11:38:40 ubuntu neutron-server[148896]: INFO neutron.quota.resource_registry [None req-6b4ed306-0cc8-453d-809d-c2a838f3ce81 None None] Creating instance of TrackedResource for resource:network
Aug 02 11:38:40 ubuntu neutron-server[148896]: INFO neutron.quota.resource_registry [None req-6b4ed306-0cc8-453d-809d-c2a838f3ce81 None None] Creating instance of TrackedResource for resource:subnet
Aug 02 11:38:40 ubuntu neutron-server[148896]: INFO neutron.quota.resource_registry [None req-6b4ed306-0cc8-453d-809d-c2a838f3ce81 None None] Creating instance of TrackedResource for resource:subnetpool
Aug 02 11:38:40 ubuntu neutron-server[148896]: INFO neutron.quota.resource_registry [None req-6b4ed306-0cc8-453d-809d-c2a838f3ce81 None None] Creating instance of TrackedResource for resource:port
Aug 02 11:38:40 ubuntu neutron-server[148896]: DEBUG neutron.api.v2.resource_helper [None req-6b4ed306-0cc8-453d-809d-c2a838f3ce81 None None] Service FLAVORS assigned prefix:  {{(pid=148896) build_resource_info /opt/stack/neutron/neutron/api/v2/resource_helper.py:77}}
Aug 02 11:38:40 ubuntu neutron-server[148896]: DEBUG neutron.api.v2.resource_helper [None req-6b4ed306-0cc8-453d-809d-c2a838f3ce81 None None] Service L3_ROUTER_NAT assigned prefix:  {{(pid=148896) build_resource_info /opt/stack/neutron/neutron/api/v2/resource_helper.py:77}}
Aug 02 11:38:40 ubuntu neutron-server[148896]: DEBUG neutron.api.v2.resource_helper [None req-6b4ed306-0cc8-453d-809d-c2a838f3ce81 None None] Service L3_ROUTER_NAT assigned prefix:  {{(pid=148896) build_resource_info /opt/stack/neutron/neutron/api/v2/resource_helper.py:77}}
Aug 02 11:38:40 ubuntu neutron-server[148896]: INFO neutron.quota.resource_registry [None req-6b4ed306-0cc8-453d-809d-c2a838f3ce81 None None] Creating instance of TrackedResource for resource:router
Aug 02 11:38:40 ubuntu neutron-server[148896]: INFO neutron.quota.resource_registry [None req-6b4ed306-0cc8-453d-809d-c2a838f3ce81 None None] Creating instance of TrackedResource for resource:floatingip
Aug 02 11:38:40 ubuntu neutron-server[148896]: DEBUG neutron_lib.callbacks.manager [None req-6b4ed306-0cc8-453d-809d-c2a838f3ce81 None None] Subscribe: <bound method NeutronDbPluginV2.validate_network_rbac_policy_change of <neutron.services.network_ip_availability.plugin.NetworkIPAvailabilityPlugin object at 0x7f574106bfa0>> rbac-policy before_create 55550000 {{(pid=148896) subscribe /usr/local/lib/python3.8/dist-packages/neutron_lib/callbacks/manager.py:45}}
Aug 02 11:38:40 ubuntu neutron-server[148896]: DEBUG neutron_lib.callbacks.manager [None req-6b4ed306-0cc8-453d-809d-c2a838f3ce81 None None] Subscribe: <bound method NeutronDbPluginV2.validate_network_rbac_policy_change of <neutron.services.network_ip_availability.plugin.NetworkIPAvailabilityPlugin object at 0x7f574106bfa0>> rbac-policy before_update 55550000 {{(pid=148896) subscribe /usr/local/lib/python3.8/dist-packages/neutron_lib/callbacks/manager.py:45}}
Aug 02 11:38:40 ubuntu neutron-server[148896]: DEBUG neutron_lib.callbacks.manager [None req-6b4ed306-0cc8-453d-809d-c2a838f3ce81 None None] Subscribe: <bound method NeutronDbPluginV2.validate_network_rbac_policy_change of <neutron.services.network_ip_availability.plugin.NetworkIPAvailabilityPlugin object at 0x7f574106bfa0>> rbac-policy before_delete 55550000 {{(pid=148896) subscribe /usr/local/lib/python3.8/dist-packages/neutron_lib/callbacks/manager.py:45}}
Aug 02 11:38:40 ubuntu neutron-server[148896]: INFO neutron.quota.resource_registry [None req-6b4ed306-0cc8-453d-809d-c2a838f3ce81 None None] Creating instance of CountableResource for resource:rbac_policy
Aug 02 11:38:40 ubuntu neutron-server[148896]: INFO neutron.quota.resource_registry [None req-6b4ed306-0cc8-453d-809d-c2a838f3ce81 None None] Creating instance of TrackedResource for resource:security_group
Aug 02 11:38:40 ubuntu neutron-server[148896]: INFO neutron.quota.resource_registry [None req-6b4ed306-0cc8-453d-809d-c2a838f3ce81 None None] Creating instance of TrackedResource for resource:security_group_rule
Aug 02 11:38:40 ubuntu neutron-server[148896]: DEBUG neutron.api.v2.resource_helper [None req-6b4ed306-0cc8-453d-809d-c2a838f3ce81 None None] Service FLAVORS assigned prefix:  {{(pid=148896) build_resource_info /opt/stack/neutron/neutron/api/v2/resource_helper.py:77}}
Aug 02 11:38:40 ubuntu neutron-server[148896]: DEBUG neutron.api.v2.resource_helper [None req-6b4ed306-0cc8-453d-809d-c2a838f3ce81 None None] Service L3_ROUTER_NAT assigned prefix:  {{(pid=148896) build_resource_info /opt/stack/neutron/neutron/api/v2/resource_helper.py:77}}
Aug 02 11:38:40 ubuntu neutron-server[148896]: DEBUG neutron.api.v2.resource_helper [None req-6b4ed306-0cc8-453d-809d-c2a838f3ce81 None None] Service L3_ROUTER_NAT assigned prefix:  {{(pid=148896) build_resource_info /opt/stack/neutron/neutron/api/v2/resource_helper.py:77}}
Aug 02 11:38:40 ubuntu neutron-server[148896]: INFO neutron.quota.resource_registry [None req-6b4ed306-0cc8-453d-809d-c2a838f3ce81 None None] Creating instance of TrackedResource for resource:router
Aug 02 11:38:40 ubuntu neutron-server[148896]: WARNING neutron.quota.resource_registry [None req-6b4ed306-0cc8-453d-809d-c2a838f3ce81 None None] router is already registered
Aug 02 11:38:40 ubuntu neutron-server[148896]: INFO neutron.quota.resource_registry [None req-6b4ed306-0cc8-453d-809d-c2a838f3ce81 None None] Creating instance of TrackedResource for resource:floatingip
Aug 02 11:38:40 ubuntu neutron-server[148896]: WARNING neutron.quota.resource_registry [None req-6b4ed306-0cc8-453d-809d-c2a838f3ce81 None None] floatingip is already registered
Aug 02 11:38:40 ubuntu neutron-server[148896]: INFO neutron.quota.resource_registry [None req-6b4ed306-0cc8-453d-809d-c2a838f3ce81 None None] Creating instance of CountableResource for resource:rbac_policy
Aug 02 11:38:40 ubuntu neutron-server[148896]: WARNING neutron.quota.resource_registry [None req-6b4ed306-0cc8-453d-809d-c2a838f3ce81 None None] rbac_policy is already registered
Aug 02 11:38:40 ubuntu neutron-server[148896]: INFO neutron.quota.resource_registry [None req-6b4ed306-0cc8-453d-809d-c2a838f3ce81 None None] Creating instance of TrackedResource for resource:security_group
Aug 02 11:38:40 ubuntu neutron-server[148896]: WARNING neutron.quota.resource_registry [None req-6b4ed306-0cc8-453d-809d-c2a838f3ce81 None None] security_group is already registered
Aug 02 11:38:40 ubuntu neutron-server[148896]: INFO neutron.quota.resource_registry [None req-6b4ed306-0cc8-453d-809d-c2a838f3ce81 None None] Creating instance of TrackedResource for resource:security_group_rule
Aug 02 11:38:40 ubuntu neutron-server[148896]: WARNING neutron.quota.resource_registry [None req-6b4ed306-0cc8-453d-809d-c2a838f3ce81 None None] security_group_rule is already registered
Aug 02 11:38:40 ubuntu neutron-server[148896]: DEBUG neutron.api.extensions [None req-6b4ed306-0cc8-453d-809d-c2a838f3ce81 None None] Extended resource: extensions {{(pid=148896) __init__ /opt/stack/neutron/neutron/api/extensions.py:157}}
Aug 02 11:38:40 ubuntu neutron-server[148896]: DEBUG neutron.api.extensions [None req-6b4ed306-0cc8-453d-809d-c2a838f3ce81 None None] Extended resource: address-groups {{(pid=148896) __init__ /opt/stack/neutron/neutron/api/extensions.py:157}}
Aug 02 11:38:40 ubuntu neutron-server[148896]: DEBUG neutron.api.extensions [None req-6b4ed306-0cc8-453d-809d-c2a838f3ce81 None None] Extended resource: address-scopes {{(pid=148896) __init__ /opt/stack/neutron/neutron/api/extensions.py:157}}
Aug 02 11:38:40 ubuntu neutron-server[148896]: DEBUG neutron.api.extensions [None req-6b4ed306-0cc8-453d-809d-c2a838f3ce81 None None] Extended resource: agents {{(pid=148896) __init__ /opt/stack/neutron/neutron/api/extensions.py:157}}
Aug 02 11:38:40 ubuntu neutron-server[148896]: DEBUG neutron.api.extensions [None req-6b4ed306-0cc8-453d-809d-c2a838f3ce81 None None] Extended resource: auto-allocated-topology {{(pid=148896) __init__ /opt/stack/neutron/neutron/api/extensions.py:157}}
Aug 02 11:38:40 ubuntu neutron-server[148896]: DEBUG neutron.api.extensions [None req-6b4ed306-0cc8-453d-809d-c2a838f3ce81 None None] Extended resource: availability_zones {{(pid=148896) __init__ /opt/stack/neutron/neutron/api/extensions.py:157}}
Aug 02 11:38:40 ubuntu neutron-server[148896]: DEBUG neutron.api.extensions [None req-6b4ed306-0cc8-453d-809d-c2a838f3ce81 None None] Extended resource: flavors {{(pid=148896) __init__ /opt/stack/neutron/neutron/api/extensions.py:157}}
Aug 02 11:38:40 ubuntu neutron-server[148896]: DEBUG neutron.api.extensions [None req-6b4ed306-0cc8-453d-809d-c2a838f3ce81 None None] Extended resource: service_profiles {{(pid=148896) __init__ /opt/stack/neutron/neutron/api/extensions.py:157}}
Aug 02 11:38:40 ubuntu neutron-server[148896]: DEBUG neutron.api.extensions [None req-6b4ed306-0cc8-453d-809d-c2a838f3ce81 None None] Extended resource: next_providers {{(pid=148896) __init__ /opt/stack/neutron/neutron/api/extensions.py:157}}
Aug 02 11:38:40 ubuntu neutron-server[148896]: DEBUG neutron.api.extensions [None req-6b4ed306-0cc8-453d-809d-c2a838f3ce81 None None] Extended resource: service_profiles {{(pid=148896) __init__ /opt/stack/neutron/neutron/api/extensions.py:157}}
Aug 02 11:38:40 ubuntu neutron-server[148896]: DEBUG neutron.api.extensions [None req-6b4ed306-0cc8-453d-809d-c2a838f3ce81 None None] Extended resource: floatingip-pools {{(pid=148896) __init__ /opt/stack/neutron/neutron/api/extensions.py:157}}
Aug 02 11:38:40 ubuntu neutron-server[148896]: DEBUG neutron.api.extensions [None req-6b4ed306-0cc8-453d-809d-c2a838f3ce81 None None] Extended resource: routers {{(pid=148896) __init__ /opt/stack/neutron/neutron/api/extensions.py:157}}
Aug 02 11:38:40 ubuntu neutron-server[148896]: DEBUG neutron.api.extensions [None req-6b4ed306-0cc8-453d-809d-c2a838f3ce81 None None] Extended resource: floatingips {{(pid=148896) __init__ /opt/stack/neutron/neutron/api/extensions.py:157}}
Aug 02 11:38:40 ubuntu neutron-server[148896]: DEBUG neutron.api.extensions [None req-6b4ed306-0cc8-453d-809d-c2a838f3ce81 None None] Extended resource: network-ip-availabilities {{(pid=148896) __init__ /opt/stack/neutron/neutron/api/extensions.py:157}}
Aug 02 11:38:40 ubuntu neutron-server[148896]: DEBUG neutron.api.extensions [None req-6b4ed306-0cc8-453d-809d-c2a838f3ce81 None None] Extended resource: bindings {{(pid=148896) __init__ /opt/stack/neutron/neutron/api/extensions.py:157}}
Aug 02 11:38:40 ubuntu neutron-server[148896]: DEBUG neutron.api.extensions [None req-6b4ed306-0cc8-453d-809d-c2a838f3ce81 None None] Extended resource: quotas {{(pid=148896) __init__ /opt/stack/neutron/neutron/api/extensions.py:157}}
Aug 02 11:38:40 ubuntu neutron-server[148896]: DEBUG neutron.api.extensions [None req-6b4ed306-0cc8-453d-809d-c2a838f3ce81 None None] Extended resource: quotas {{(pid=148896) __init__ /opt/stack/neutron/neutron/api/extensions.py:157}}
Aug 02 11:38:40 ubuntu neutron-server[148896]: DEBUG neutron.api.extensions [None req-6b4ed306-0cc8-453d-809d-c2a838f3ce81 None None] Extended resource: rbac-policies {{(pid=148896) __init__ /opt/stack/neutron/neutron/api/extensions.py:157}}
Aug 02 11:38:40 ubuntu neutron-server[148896]: DEBUG neutron.api.extensions [None req-6b4ed306-0cc8-453d-809d-c2a838f3ce81 None None] Extended resource: security-groups {{(pid=148896) __init__ /opt/stack/neutron/neutron/api/extensions.py:157}}
Aug 02 11:38:40 ubuntu neutron-server[148896]: DEBUG neutron.api.extensions [None req-6b4ed306-0cc8-453d-809d-c2a838f3ce81 None None] Extended resource: security-group-rules {{(pid=148896) __init__ /opt/stack/neutron/neutron/api/extensions.py:157}}
Aug 02 11:38:40 ubuntu neutron-server[148896]: DEBUG neutron.api.extensions [None req-6b4ed306-0cc8-453d-809d-c2a838f3ce81 None None] Extended resource: service-providers {{(pid=148896) __init__ /opt/stack/neutron/neutron/api/extensions.py:157}}
Aug 02 11:38:40 ubuntu neutron-server[148896]: DEBUG neutron.api.extensions [None req-6b4ed306-0cc8-453d-809d-c2a838f3ce81 None None] Extended resource: tags {{(pid=148896) __init__ /opt/stack/neutron/neutron/api/extensions.py:157}}
Aug 02 11:38:40 ubuntu neutron-server[148896]: DEBUG neutron.api.extensions [None req-6b4ed306-0cc8-453d-809d-c2a838f3ce81 None None] Extended resource: tags {{(pid=148896) __init__ /opt/stack/neutron/neutron/api/extensions.py:157}}
Aug 02 11:38:40 ubuntu neutron-server[148896]: DEBUG neutron.api.extensions [None req-6b4ed306-0cc8-453d-809d-c2a838f3ce81 None None] Extended resource: tags {{(pid=148896) __init__ /opt/stack/neutron/neutron/api/extensions.py:157}}
Aug 02 11:38:40 ubuntu neutron-server[148896]: DEBUG neutron.api.extensions [None req-6b4ed306-0cc8-453d-809d-c2a838f3ce81 None None] Extended resource: tags {{(pid=148896) __init__ /opt/stack/neutron/neutron/api/extensions.py:157}}
Aug 02 11:38:40 ubuntu neutron-server[148896]: DEBUG neutron.api.extensions [None req-6b4ed306-0cc8-453d-809d-c2a838f3ce81 None None] Extended resource: tags {{(pid=148896) __init__ /opt/stack/neutron/neutron/api/extensions.py:157}}
Aug 02 11:38:40 ubuntu neutron-server[148896]: DEBUG neutron.api.extensions [None req-6b4ed306-0cc8-453d-809d-c2a838f3ce81 None None] Extended resource: tags {{(pid=148896) __init__ /opt/stack/neutron/neutron/api/extensions.py:157}}
Aug 02 11:38:40 ubuntu neutron-server[148896]: DEBUG neutron.api.extensions [None req-6b4ed306-0cc8-453d-809d-c2a838f3ce81 None None] Extended resource: tags {{(pid=148896) __init__ /opt/stack/neutron/neutron/api/extensions.py:157}}
Aug 02 11:38:40 ubuntu neutron-server[148896]: DEBUG neutron.api.extensions [None req-6b4ed306-0cc8-453d-809d-c2a838f3ce81 None None] Extended resource: tags {{(pid=148896) __init__ /opt/stack/neutron/neutron/api/extensions.py:157}}
Aug 02 11:38:40 ubuntu neutron-server[148896]: DEBUG neutron.api.extensions [None req-6b4ed306-0cc8-453d-809d-c2a838f3ce81 None None] Extended resource: tags {{(pid=148896) __init__ /opt/stack/neutron/neutron/api/extensions.py:157}}
Aug 02 11:38:40 ubuntu neutron-server[148896]: DEBUG neutron.api.extensions [None req-6b4ed306-0cc8-453d-809d-c2a838f3ce81 None None] Extended resource: tags {{(pid=148896) __init__ /opt/stack/neutron/neutron/api/extensions.py:157}}
Aug 02 11:38:40 ubuntu neutron-server[148896]: WARNING keystonemiddleware.auth_token [None req-6b4ed306-0cc8-453d-809d-c2a838f3ce81 None None] AuthToken middleware is set with keystone_authtoken.service_token_roles_required set to False. This is backwards compatible but deprecated behaviour. Please set this to True.
Aug 02 11:38:40 ubuntu neutron-server[148896]: WARNING keystonemiddleware.auth_token [None req-6b4ed306-0cc8-453d-809d-c2a838f3ce81 None None] Configuring www_authenticate_uri to point to the public identity endpoint is required; clients may not be able to authenticate against an admin endpoint
Aug 02 11:38:40 ubuntu neutron-server[148896]: DEBUG oslo_concurrency.lockutils [None req-6b4ed306-0cc8-453d-809d-c2a838f3ce81 None None] Acquired lock "singleton_lock" {{(pid=148896) lock /usr/local/lib/python3.8/dist-packages/oslo_concurrency/lockutils.py:294}}
Aug 02 11:38:40 ubuntu neutron-server[148896]: DEBUG oslo_concurrency.lockutils [None req-6b4ed306-0cc8-453d-809d-c2a838f3ce81 None None] Releasing lock "singleton_lock" {{(pid=148896) lock /usr/local/lib/python3.8/dist-packages/oslo_concurrency/lockutils.py:312}}
Aug 02 11:38:40 ubuntu neutron-server[148896]: INFO oslo_service.service [None req-6b4ed306-0cc8-453d-809d-c2a838f3ce81 None None] Starting 2 workers
Aug 02 11:38:40 ubuntu neutron-server[148896]: DEBUG oslo_service.service [None req-6b4ed306-0cc8-453d-809d-c2a838f3ce81 None None] Started child 149112 {{(pid=148896) _start_child /usr/local/lib/python3.8/dist-packages/oslo_service/service.py:575}}
Aug 02 11:38:40 ubuntu neutron-server[148896]: DEBUG oslo_service.service [None req-6b4ed306-0cc8-453d-809d-c2a838f3ce81 None None] Started child 149113 {{(pid=148896) _start_child /usr/local/lib/python3.8/dist-packages/oslo_service/service.py:575}}
Aug 02 11:38:40 ubuntu neutron-server[149112]: DEBUG neutron_lib.callbacks.manager [-] Publish callbacks ['neutron.plugins.ml2.drivers.ovn.mech_driver.mech_driver.OVNMechanismDriver.post_fork_initialize-1577036'] for process (None), after_init {{(pid=149112) _notify_loop /usr/local/lib/python3.8/dist-packages/neutron_lib/callbacks/manager.py:176}}
Aug 02 11:38:40 ubuntu neutron-server[148896]: INFO neutron.service [None req-6b4ed306-0cc8-453d-809d-c2a838f3ce81 None None] Neutron service started, listening on 0.0.0.0:9696
Aug 02 11:38:40 ubuntu neutron-server[148896]: DEBUG neutron_lib.callbacks.manager [None req-6b4ed306-0cc8-453d-809d-c2a838f3ce81 None None] Publish callbacks ['neutron.plugins.ml2.drivers.ovn.mech_driver.mech_driver.OVNMechanismDriver.pre_fork_initialize-1577056'] for process (None), before_spawn {{(pid=148896) _notify_loop /usr/local/lib/python3.8/dist-packages/neutron_lib/callbacks/manager.py:176}}
Aug 02 11:38:40 ubuntu neutron-server[149113]: DEBUG neutron_lib.callbacks.manager [-] Publish callbacks ['neutron.plugins.ml2.drivers.ovn.mech_driver.mech_driver.OVNMechanismDriver.post_fork_initialize-1577036'] for process (None), after_init {{(pid=149113) _notify_loop /usr/local/lib/python3.8/dist-packages/neutron_lib/callbacks/manager.py:176}}
Aug 02 11:38:40 ubuntu neutron-server[149112]: DEBUG dbcounter [-] [149112] Writer thread running {{(pid=149112) stat_writer /usr/local/lib/python3.8/dist-packages/dbcounter.py:99}}
Aug 02 11:38:40 ubuntu neutron-server[149113]: DEBUG dbcounter [-] [149113] Writer thread running {{(pid=149113) stat_writer /usr/local/lib/python3.8/dist-packages/dbcounter.py:99}}
Aug 02 11:38:40 ubuntu neutron-server[148896]: DEBUG ovsdbapp.backend.ovs_idl [None req-6b4ed306-0cc8-453d-809d-c2a838f3ce81 None None] Created schema index Port_Group.name {{(pid=148896) autocreate_indices /usr/local/lib/python3.8/dist-packages/ovsdbapp/backend/ovs_idl/__init__.py:104}}
Aug 02 11:38:40 ubuntu neutron-server[148896]: DEBUG ovsdbapp.backend.ovs_idl [None req-6b4ed306-0cc8-453d-809d-c2a838f3ce81 None None] Created schema index Logical_Switch_Port.name {{(pid=148896) autocreate_indices /usr/local/lib/python3.8/dist-packages/ovsdbapp/backend/ovs_idl/__init__.py:104}}
Aug 02 11:38:40 ubuntu neutron-server[149113]: INFO neutron.plugins.ml2.drivers.ovn.mech_driver.ovsdb.impl_idl_ovn [None req-76faad38-36c4-4074-b1a7-5e44a94f3f18 None None] Getting OvsdbNbOvnIdl for WorkerService with retry
Aug 02 11:38:40 ubuntu neutron-server[149112]: INFO neutron.plugins.ml2.drivers.ovn.mech_driver.ovsdb.impl_idl_ovn [None req-0ed37992-7618-4515-a7f3-208cc1b9113e None None] Getting OvsdbNbOvnIdl for WorkerService with retry
Aug 02 11:38:40 ubuntu neutron-server[148896]: DEBUG ovsdbapp.backend.ovs_idl.transaction [-] Running txn n=1 command(idx=0): PgAddCommand(name=neutron_pg_drop, may_exist=True, columns={'acls': []}) {{(pid=148896) do_commit /usr/local/lib/python3.8/dist-packages/ovsdbapp/backend/ovs_idl/transaction.py:90}}
Aug 02 11:38:40 ubuntu neutron-server[148896]: DEBUG ovsdbapp.backend.ovs_idl.transaction [-] Running txn n=1 command(idx=1): PgAclAddCommand(entity=neutron_pg_drop, direction=from-lport, priority=1001, match=inport == @neutron_pg_drop && ip, action=drop, log=False, may_exist=True, severity=[], name=[], meter=None, external_ids={}) {{(pid=148896) do_commit /usr/local/lib/python3.8/dist-packages/ovsdbapp/backend/ovs_idl/transaction.py:90}}
Aug 02 11:38:40 ubuntu neutron-server[148896]: DEBUG ovsdbapp.backend.ovs_idl.transaction [-] Running txn n=1 command(idx=2): PgAclAddCommand(entity=neutron_pg_drop, direction=to-lport, priority=1001, match=outport == @neutron_pg_drop && ip, action=drop, log=False, may_exist=True, severity=[], name=[], meter=None, external_ids={}) {{(pid=148896) do_commit /usr/local/lib/python3.8/dist-packages/ovsdbapp/backend/ovs_idl/transaction.py:90}}
Aug 02 11:38:40 ubuntu neutron-server[148896]: DEBUG ovsdbapp.backend.ovs_idl.event [-] Matched CREATE: NeutronPgDropPortGroupCreated(events=('create',), table='Port_Group', conditions=(('name', '=', 'neutron_pg_drop'),), old_conditions=None), priority=10 to row=Port_Group(name=neutron_pg_drop, ports=[], external_ids={}, acls=[<ovs.db.idl.Row object at 0x7f5740a6de50>, <ovs.db.idl.Row object at 0x7f5740a6d1f0>]) old= {{(pid=148896) matches /usr/local/lib/python3.8/dist-packages/ovsdbapp/backend/ovs_idl/event.py:43}}
Aug 02 11:38:40 ubuntu neutron-server[149113]: DEBUG ovsdbapp.backend.ovs_idl [None req-76faad38-36c4-4074-b1a7-5e44a94f3f18 None None] Created lookup_table index Logical_Switch.name {{(pid=149113) autocreate_indices /usr/local/lib/python3.8/dist-packages/ovsdbapp/backend/ovs_idl/__init__.py:85}}
Aug 02 11:38:40 ubuntu neutron-server[149113]: DEBUG ovsdbapp.backend.ovs_idl [None req-76faad38-36c4-4074-b1a7-5e44a94f3f18 None None] Created lookup_table index Logical_Router.name {{(pid=149113) autocreate_indices /usr/local/lib/python3.8/dist-packages/ovsdbapp/backend/ovs_idl/__init__.py:85}}
Aug 02 11:38:40 ubuntu neutron-server[149113]: DEBUG ovsdbapp.backend.ovs_idl [None req-76faad38-36c4-4074-b1a7-5e44a94f3f18 None None] Created lookup_table index Load_Balancer.name {{(pid=149113) autocreate_indices /usr/local/lib/python3.8/dist-packages/ovsdbapp/backend/ovs_idl/__init__.py:85}}
Aug 02 11:38:40 ubuntu neutron-server[149113]: DEBUG ovsdbapp.backend.ovs_idl [None req-76faad38-36c4-4074-b1a7-5e44a94f3f18 None None] Created schema index Meter.name {{(pid=149113) autocreate_indices /usr/local/lib/python3.8/dist-packages/ovsdbapp/backend/ovs_idl/__init__.py:104}}
Aug 02 11:38:40 ubuntu neutron-server[149113]: DEBUG ovsdbapp.backend.ovs_idl [None req-76faad38-36c4-4074-b1a7-5e44a94f3f18 None None] Created schema index Address_Set.name {{(pid=149113) autocreate_indices /usr/local/lib/python3.8/dist-packages/ovsdbapp/backend/ovs_idl/__init__.py:104}}
Aug 02 11:38:40 ubuntu neutron-server[149113]: DEBUG ovsdbapp.backend.ovs_idl [None req-76faad38-36c4-4074-b1a7-5e44a94f3f18 None None] Created schema index HA_Chassis_Group.name {{(pid=149113) autocreate_indices /usr/local/lib/python3.8/dist-packages/ovsdbapp/backend/ovs_idl/__init__.py:104}}
Aug 02 11:38:40 ubuntu neutron-server[149113]: DEBUG ovsdbapp.backend.ovs_idl [None req-76faad38-36c4-4074-b1a7-5e44a94f3f18 None None] Created schema index Connection.target {{(pid=149113) autocreate_indices /usr/local/lib/python3.8/dist-packages/ovsdbapp/backend/ovs_idl/__init__.py:104}}
Aug 02 11:38:40 ubuntu neutron-server[149113]: DEBUG ovsdbapp.backend.ovs_idl [None req-76faad38-36c4-4074-b1a7-5e44a94f3f18 None None] Created schema index Gateway_Chassis.name {{(pid=149113) autocreate_indices /usr/local/lib/python3.8/dist-packages/ovsdbapp/backend/ovs_idl/__init__.py:104}}
Aug 02 11:38:40 ubuntu neutron-server[149113]: DEBUG ovsdbapp.backend.ovs_idl [None req-76faad38-36c4-4074-b1a7-5e44a94f3f18 None None] Created schema index Logical_Router_Port.name {{(pid=149113) autocreate_indices /usr/local/lib/python3.8/dist-packages/ovsdbapp/backend/ovs_idl/__init__.py:104}}
Aug 02 11:38:40 ubuntu neutron-server[149113]: DEBUG ovsdbapp.backend.ovs_idl [None req-76faad38-36c4-4074-b1a7-5e44a94f3f18 None None] Created schema index Port_Group.name {{(pid=149113) autocreate_indices /usr/local/lib/python3.8/dist-packages/ovsdbapp/backend/ovs_idl/__init__.py:104}}
Aug 02 11:38:40 ubuntu neutron-server[149113]: DEBUG ovsdbapp.backend.ovs_idl [None req-76faad38-36c4-4074-b1a7-5e44a94f3f18 None None] Created schema index Logical_Switch_Port.name {{(pid=149113) autocreate_indices /usr/local/lib/python3.8/dist-packages/ovsdbapp/backend/ovs_idl/__init__.py:104}}
Aug 02 11:38:40 ubuntu neutron-server[149113]: INFO ovsdbapp.backend.ovs_idl.vlog [None req-76faad38-36c4-4074-b1a7-5e44a94f3f18 None None] tcp:192.168.79.37:6641: connecting...
Aug 02 11:38:40 ubuntu neutron-server[149113]: INFO ovsdbapp.backend.ovs_idl.vlog [None req-76faad38-36c4-4074-b1a7-5e44a94f3f18 None None] tcp:192.168.79.37:6641: connected
Aug 02 11:38:40 ubuntu neutron-server[149112]: DEBUG ovsdbapp.backend.ovs_idl [None req-0ed37992-7618-4515-a7f3-208cc1b9113e None None] Created lookup_table index Logical_Switch.name {{(pid=149112) autocreate_indices /usr/local/lib/python3.8/dist-packages/ovsdbapp/backend/ovs_idl/__init__.py:85}}
Aug 02 11:38:40 ubuntu neutron-server[149112]: DEBUG ovsdbapp.backend.ovs_idl [None req-0ed37992-7618-4515-a7f3-208cc1b9113e None None] Created lookup_table index Logical_Router.name {{(pid=149112) autocreate_indices /usr/local/lib/python3.8/dist-packages/ovsdbapp/backend/ovs_idl/__init__.py:85}}
Aug 02 11:38:40 ubuntu neutron-server[149112]: DEBUG ovsdbapp.backend.ovs_idl [None req-0ed37992-7618-4515-a7f3-208cc1b9113e None None] Created lookup_table index Load_Balancer.name {{(pid=149112) autocreate_indices /usr/local/lib/python3.8/dist-packages/ovsdbapp/backend/ovs_idl/__init__.py:85}}
Aug 02 11:38:40 ubuntu neutron-server[149112]: DEBUG ovsdbapp.backend.ovs_idl [None req-0ed37992-7618-4515-a7f3-208cc1b9113e None None] Created schema index Meter.name {{(pid=149112) autocreate_indices /usr/local/lib/python3.8/dist-packages/ovsdbapp/backend/ovs_idl/__init__.py:104}}
Aug 02 11:38:40 ubuntu neutron-server[149112]: DEBUG ovsdbapp.backend.ovs_idl [None req-0ed37992-7618-4515-a7f3-208cc1b9113e None None] Created schema index Address_Set.name {{(pid=149112) autocreate_indices /usr/local/lib/python3.8/dist-packages/ovsdbapp/backend/ovs_idl/__init__.py:104}}
Aug 02 11:38:40 ubuntu neutron-server[149112]: DEBUG ovsdbapp.backend.ovs_idl [None req-0ed37992-7618-4515-a7f3-208cc1b9113e None None] Created schema index HA_Chassis_Group.name {{(pid=149112) autocreate_indices /usr/local/lib/python3.8/dist-packages/ovsdbapp/backend/ovs_idl/__init__.py:104}}
Aug 02 11:38:40 ubuntu neutron-server[149112]: DEBUG ovsdbapp.backend.ovs_idl [None req-0ed37992-7618-4515-a7f3-208cc1b9113e None None] Created schema index Connection.target {{(pid=149112) autocreate_indices /usr/local/lib/python3.8/dist-packages/ovsdbapp/backend/ovs_idl/__init__.py:104}}
Aug 02 11:38:40 ubuntu neutron-server[149112]: DEBUG ovsdbapp.backend.ovs_idl [None req-0ed37992-7618-4515-a7f3-208cc1b9113e None None] Created schema index Gateway_Chassis.name {{(pid=149112) autocreate_indices /usr/local/lib/python3.8/dist-packages/ovsdbapp/backend/ovs_idl/__init__.py:104}}
Aug 02 11:38:40 ubuntu neutron-server[149112]: DEBUG ovsdbapp.backend.ovs_idl [None req-0ed37992-7618-4515-a7f3-208cc1b9113e None None] Created schema index Logical_Router_Port.name {{(pid=149112) autocreate_indices /usr/local/lib/python3.8/dist-packages/ovsdbapp/backend/ovs_idl/__init__.py:104}}
Aug 02 11:38:40 ubuntu neutron-server[149112]: DEBUG ovsdbapp.backend.ovs_idl [None req-0ed37992-7618-4515-a7f3-208cc1b9113e None None] Created schema index Port_Group.name {{(pid=149112) autocreate_indices /usr/local/lib/python3.8/dist-packages/ovsdbapp/backend/ovs_idl/__init__.py:104}}
Aug 02 11:38:40 ubuntu neutron-server[149112]: DEBUG ovsdbapp.backend.ovs_idl [None req-0ed37992-7618-4515-a7f3-208cc1b9113e None None] Created schema index Logical_Switch_Port.name {{(pid=149112) autocreate_indices /usr/local/lib/python3.8/dist-packages/ovsdbapp/backend/ovs_idl/__init__.py:104}}
Aug 02 11:38:40 ubuntu neutron-server[149112]: INFO ovsdbapp.backend.ovs_idl.vlog [None req-0ed37992-7618-4515-a7f3-208cc1b9113e None None] tcp:192.168.79.37:6641: connecting...
Aug 02 11:38:40 ubuntu neutron-server[149112]: INFO ovsdbapp.backend.ovs_idl.vlog [None req-0ed37992-7618-4515-a7f3-208cc1b9113e None None] tcp:192.168.79.37:6641: connected
Aug 02 11:38:40 ubuntu neutron-server[148896]: DEBUG ovsdbapp.backend.ovs_idl [None req-6b4ed306-0cc8-453d-809d-c2a838f3ce81 None None] Created lookup_table index Logical_Switch.name {{(pid=148896) autocreate_indices /usr/local/lib/python3.8/dist-packages/ovsdbapp/backend/ovs_idl/__init__.py:85}}
Aug 02 11:38:40 ubuntu neutron-server[148896]: DEBUG ovsdbapp.backend.ovs_idl [None req-6b4ed306-0cc8-453d-809d-c2a838f3ce81 None None] Created lookup_table index Logical_Router.name {{(pid=148896) autocreate_indices /usr/local/lib/python3.8/dist-packages/ovsdbapp/backend/ovs_idl/__init__.py:85}}
Aug 02 11:38:40 ubuntu neutron-server[148896]: DEBUG ovsdbapp.backend.ovs_idl [None req-6b4ed306-0cc8-453d-809d-c2a838f3ce81 None None] Created lookup_table index Load_Balancer.name {{(pid=148896) autocreate_indices /usr/local/lib/python3.8/dist-packages/ovsdbapp/backend/ovs_idl/__init__.py:85}}
Aug 02 11:38:40 ubuntu neutron-server[148896]: DEBUG ovsdbapp.backend.ovs_idl [None req-6b4ed306-0cc8-453d-809d-c2a838f3ce81 None None] Created schema index Meter.name {{(pid=148896) autocreate_indices /usr/local/lib/python3.8/dist-packages/ovsdbapp/backend/ovs_idl/__init__.py:104}}
Aug 02 11:38:40 ubuntu neutron-server[148896]: DEBUG ovsdbapp.backend.ovs_idl [None req-6b4ed306-0cc8-453d-809d-c2a838f3ce81 None None] Created schema index Address_Set.name {{(pid=148896) autocreate_indices /usr/local/lib/python3.8/dist-packages/ovsdbapp/backend/ovs_idl/__init__.py:104}}
Aug 02 11:38:40 ubuntu neutron-server[148896]: DEBUG ovsdbapp.backend.ovs_idl [None req-6b4ed306-0cc8-453d-809d-c2a838f3ce81 None None] Created schema index HA_Chassis_Group.name {{(pid=148896) autocreate_indices /usr/local/lib/python3.8/dist-packages/ovsdbapp/backend/ovs_idl/__init__.py:104}}
Aug 02 11:38:40 ubuntu neutron-server[148896]: DEBUG ovsdbapp.backend.ovs_idl [None req-6b4ed306-0cc8-453d-809d-c2a838f3ce81 None None] Created schema index Connection.target {{(pid=148896) autocreate_indices /usr/local/lib/python3.8/dist-packages/ovsdbapp/backend/ovs_idl/__init__.py:104}}
Aug 02 11:38:40 ubuntu neutron-server[148896]: DEBUG ovsdbapp.backend.ovs_idl [None req-6b4ed306-0cc8-453d-809d-c2a838f3ce81 None None] Created schema index Gateway_Chassis.name {{(pid=148896) autocreate_indices /usr/local/lib/python3.8/dist-packages/ovsdbapp/backend/ovs_idl/__init__.py:104}}
Aug 02 11:38:40 ubuntu neutron-server[148896]: DEBUG ovsdbapp.backend.ovs_idl [None req-6b4ed306-0cc8-453d-809d-c2a838f3ce81 None None] Created schema index Logical_Router_Port.name {{(pid=148896) autocreate_indices /usr/local/lib/python3.8/dist-packages/ovsdbapp/backend/ovs_idl/__init__.py:104}}
Aug 02 11:38:40 ubuntu neutron-server[148896]: DEBUG ovsdbapp.backend.ovs_idl [None req-6b4ed306-0cc8-453d-809d-c2a838f3ce81 None None] Created schema index Port_Group.name {{(pid=148896) autocreate_indices /usr/local/lib/python3.8/dist-packages/ovsdbapp/backend/ovs_idl/__init__.py:104}}
Aug 02 11:38:40 ubuntu neutron-server[148896]: DEBUG ovsdbapp.backend.ovs_idl [None req-6b4ed306-0cc8-453d-809d-c2a838f3ce81 None None] Created schema index Logical_Switch_Port.name {{(pid=148896) autocreate_indices /usr/local/lib/python3.8/dist-packages/ovsdbapp/backend/ovs_idl/__init__.py:104}}
Aug 02 11:38:40 ubuntu neutron-server[149113]: DEBUG neutron.common.ovn.hash_ring_manager [None req-76faad38-36c4-4074-b1a7-5e44a94f3f18 None None] Allow caching, nodes 2>=2 {{(pid=149113) _wait_startup_before_caching /opt/stack/neutron/neutron/common/ovn/hash_ring_manager.py:60}}
Aug 02 11:38:40 ubuntu neutron-server[149112]: DEBUG neutron.common.ovn.hash_ring_manager [None req-0ed37992-7618-4515-a7f3-208cc1b9113e None None] Allow caching, nodes 2>=2 {{(pid=149112) _wait_startup_before_caching /opt/stack/neutron/neutron/common/ovn/hash_ring_manager.py:60}}
Aug 02 11:38:40 ubuntu neutron-server[149113]: DEBUG neutron.plugins.ml2.drivers.ovn.mech_driver.ovsdb.ovsdb_monitor [None req-76faad38-36c4-4074-b1a7-5e44a94f3f18 None None] Hash Ring: Node 87435814-6103-40e4-abe6-5ee252f06130 (host: ubuntu) handling event "create" for row 17937895-0328-496c-88f7-6a5a85473b9c (table: Database) {{(pid=149113) notify /opt/stack/neutron/neutron/plugins/ml2/drivers/ovn/mech_driver/ovsdb/ovsdb_monitor.py:743}}
Aug 02 11:38:40 ubuntu neutron-server[149113]: DEBUG neutron.plugins.ml2.drivers.ovn.mech_driver.ovsdb.ovsdb_monitor [None req-76faad38-36c4-4074-b1a7-5e44a94f3f18 None None] Hash Ring: Node 87435814-6103-40e4-abe6-5ee252f06130 (host: ubuntu) handling event "create" for row c379101e-e867-42c8-b6f0-674120beef44 (table: Database) {{(pid=149113) notify /opt/stack/neutron/neutron/plugins/ml2/drivers/ovn/mech_driver/ovsdb/ovsdb_monitor.py:743}}
Aug 02 11:38:40 ubuntu neutron-server[149113]: DEBUG neutron.plugins.ml2.drivers.ovn.mech_driver.ovsdb.ovsdb_monitor [None req-76faad38-36c4-4074-b1a7-5e44a94f3f18 None None] Hash Ring: Node 87435814-6103-40e4-abe6-5ee252f06130 (host: ubuntu) handling event "create" for row cee37e9b-09e2-437b-93a5-c4aa8fb59e68 (table: ACL) {{(pid=149113) notify /opt/stack/neutron/neutron/plugins/ml2/drivers/ovn/mech_driver/ovsdb/ovsdb_monitor.py:743}}
Aug 02 11:38:40 ubuntu neutron-server[149112]: DEBUG neutron.plugins.ml2.drivers.ovn.mech_driver.ovsdb.ovsdb_monitor [None req-0ed37992-7618-4515-a7f3-208cc1b9113e None None] Hash Ring: Node 712c81d3-8b24-45ae-b52c-92759c4f1537 (host: ubuntu) handling event "create" for row 0cde4317-b6f3-4dab-b48a-168ae074a21c (table: Port_Group) {{(pid=149112) notify /opt/stack/neutron/neutron/plugins/ml2/drivers/ovn/mech_driver/ovsdb/ovsdb_monitor.py:743}}
Aug 02 11:38:40 ubuntu neutron-server[149112]: DEBUG neutron.plugins.ml2.drivers.ovn.mech_driver.ovsdb.ovsdb_monitor [None req-0ed37992-7618-4515-a7f3-208cc1b9113e None None] Hash Ring: Node 712c81d3-8b24-45ae-b52c-92759c4f1537 (host: ubuntu) handling event "create" for row 2e967adf-26b5-47ff-8ef0-ccd3a64bf3b5 (table: NB_Global) {{(pid=149112) notify /opt/stack/neutron/neutron/plugins/ml2/drivers/ovn/mech_driver/ovsdb/ovsdb_monitor.py:743}}
Aug 02 11:38:40 ubuntu neutron-server[149113]: INFO neutron.plugins.ml2.drivers.ovn.mech_driver.ovsdb.impl_idl_ovn [None req-76faad38-36c4-4074-b1a7-5e44a94f3f18 None None] Getting OvsdbSbOvnIdl for WorkerService with retry
Aug 02 11:38:40 ubuntu neutron-server[149112]: DEBUG neutron.plugins.ml2.drivers.ovn.mech_driver.ovsdb.ovsdb_monitor [None req-0ed37992-7618-4515-a7f3-208cc1b9113e None None] Hash Ring: Node 712c81d3-8b24-45ae-b52c-92759c4f1537 (host: ubuntu) handling event "create" for row cebb1452-047a-4db0-86a8-dc5057b688ea (table: ACL) {{(pid=149112) notify /opt/stack/neutron/neutron/plugins/ml2/drivers/ovn/mech_driver/ovsdb/ovsdb_monitor.py:743}}
Aug 02 11:38:40 ubuntu neutron-server[149112]: DEBUG neutron.plugins.ml2.drivers.ovn.mech_driver.ovsdb.ovsdb_monitor [None req-0ed37992-7618-4515-a7f3-208cc1b9113e None None] Hash Ring: Node 712c81d3-8b24-45ae-b52c-92759c4f1537 (host: ubuntu) handling event "create" for row d5079f79-1680-42fb-ac9e-d8bf2dd6a966 (table: Connection) {{(pid=149112) notify /opt/stack/neutron/neutron/plugins/ml2/drivers/ovn/mech_driver/ovsdb/ovsdb_monitor.py:743}}
Aug 02 11:38:40 ubuntu neutron-server[149112]: INFO neutron.plugins.ml2.drivers.ovn.mech_driver.ovsdb.impl_idl_ovn [None req-0ed37992-7618-4515-a7f3-208cc1b9113e None None] Getting OvsdbSbOvnIdl for WorkerService with retry
Aug 02 11:38:40 ubuntu neutron-server[149113]: DEBUG ovsdbapp.backend.ovs_idl [None req-76faad38-36c4-4074-b1a7-5e44a94f3f18 None None] Created lookup_table index Chassis.name {{(pid=149113) autocreate_indices /usr/local/lib/python3.8/dist-packages/ovsdbapp/backend/ovs_idl/__init__.py:85}}
Aug 02 11:38:40 ubuntu neutron-server[149113]: DEBUG ovsdbapp.backend.ovs_idl [None req-76faad38-36c4-4074-b1a7-5e44a94f3f18 None None] Created schema index Datapath_Binding.tunnel_key {{(pid=149113) autocreate_indices /usr/local/lib/python3.8/dist-packages/ovsdbapp/backend/ovs_idl/__init__.py:104}}
Aug 02 11:38:40 ubuntu neutron-server[149113]: DEBUG ovsdbapp.backend.ovs_idl [None req-76faad38-36c4-4074-b1a7-5e44a94f3f18 None None] Created schema index Connection.target {{(pid=149113) autocreate_indices /usr/local/lib/python3.8/dist-packages/ovsdbapp/backend/ovs_idl/__init__.py:104}}
Aug 02 11:38:40 ubuntu neutron-server[149113]: INFO ovsdbapp.backend.ovs_idl.vlog [None req-76faad38-36c4-4074-b1a7-5e44a94f3f18 None None] tcp:192.168.79.37:6642: connecting...
Aug 02 11:38:40 ubuntu neutron-server[149113]: INFO ovsdbapp.backend.ovs_idl.vlog [None req-76faad38-36c4-4074-b1a7-5e44a94f3f18 None None] tcp:192.168.79.37:6642: connected
Aug 02 11:38:40 ubuntu neutron-server[149112]: DEBUG ovsdbapp.backend.ovs_idl [None req-0ed37992-7618-4515-a7f3-208cc1b9113e None None] Created lookup_table index Chassis.name {{(pid=149112) autocreate_indices /usr/local/lib/python3.8/dist-packages/ovsdbapp/backend/ovs_idl/__init__.py:85}}
Aug 02 11:38:40 ubuntu neutron-server[149112]: DEBUG ovsdbapp.backend.ovs_idl [None req-0ed37992-7618-4515-a7f3-208cc1b9113e None None] Created schema index Datapath_Binding.tunnel_key {{(pid=149112) autocreate_indices /usr/local/lib/python3.8/dist-packages/ovsdbapp/backend/ovs_idl/__init__.py:104}}
Aug 02 11:38:40 ubuntu neutron-server[149112]: DEBUG ovsdbapp.backend.ovs_idl [None req-0ed37992-7618-4515-a7f3-208cc1b9113e None None] Created schema index Connection.target {{(pid=149112) autocreate_indices /usr/local/lib/python3.8/dist-packages/ovsdbapp/backend/ovs_idl/__init__.py:104}}
Aug 02 11:38:40 ubuntu neutron-server[149112]: INFO ovsdbapp.backend.ovs_idl.vlog [None req-0ed37992-7618-4515-a7f3-208cc1b9113e None None] tcp:192.168.79.37:6642: connecting...
Aug 02 11:38:40 ubuntu neutron-server[149112]: INFO ovsdbapp.backend.ovs_idl.vlog [None req-0ed37992-7618-4515-a7f3-208cc1b9113e None None] tcp:192.168.79.37:6642: connected
Aug 02 11:38:40 ubuntu neutron-server[148896]: DEBUG ovsdbapp.backend.ovs_idl [None req-6b4ed306-0cc8-453d-809d-c2a838f3ce81 None None] Created lookup_table index Chassis.name {{(pid=148896) autocreate_indices /usr/local/lib/python3.8/dist-packages/ovsdbapp/backend/ovs_idl/__init__.py:85}}
Aug 02 11:38:40 ubuntu neutron-server[148896]: DEBUG ovsdbapp.backend.ovs_idl [None req-6b4ed306-0cc8-453d-809d-c2a838f3ce81 None None] Created lookup_table index MAC_Binding.ip {{(pid=148896) autocreate_indices /usr/local/lib/python3.8/dist-packages/ovsdbapp/backend/ovs_idl/__init__.py:85}}
Aug 02 11:38:40 ubuntu neutron-server[148896]: DEBUG ovsdbapp.backend.ovs_idl [None req-6b4ed306-0cc8-453d-809d-c2a838f3ce81 None None] Created schema index Meter.name {{(pid=148896) autocreate_indices /usr/local/lib/python3.8/dist-packages/ovsdbapp/backend/ovs_idl/__init__.py:104}}
Aug 02 11:38:40 ubuntu neutron-server[148896]: DEBUG ovsdbapp.backend.ovs_idl [None req-6b4ed306-0cc8-453d-809d-c2a838f3ce81 None None] Created schema index Address_Set.name {{(pid=148896) autocreate_indices /usr/local/lib/python3.8/dist-packages/ovsdbapp/backend/ovs_idl/__init__.py:104}}
Aug 02 11:38:40 ubuntu neutron-server[148896]: DEBUG ovsdbapp.backend.ovs_idl [None req-6b4ed306-0cc8-453d-809d-c2a838f3ce81 None None] Created schema index HA_Chassis_Group.name {{(pid=148896) autocreate_indices /usr/local/lib/python3.8/dist-packages/ovsdbapp/backend/ovs_idl/__init__.py:104}}
Aug 02 11:38:40 ubuntu neutron-server[148896]: DEBUG ovsdbapp.backend.ovs_idl [None req-6b4ed306-0cc8-453d-809d-c2a838f3ce81 None None] Created schema index IP_Multicast.datapath {{(pid=148896) autocreate_indices /usr/local/lib/python3.8/dist-packages/ovsdbapp/backend/ovs_idl/__init__.py:104}}
Aug 02 11:38:40 ubuntu neutron-server[148896]: DEBUG ovsdbapp.backend.ovs_idl [None req-6b4ed306-0cc8-453d-809d-c2a838f3ce81 None None] Created schema index Connection.target {{(pid=148896) autocreate_indices /usr/local/lib/python3.8/dist-packages/ovsdbapp/backend/ovs_idl/__init__.py:104}}
Aug 02 11:38:40 ubuntu neutron-server[148896]: DEBUG ovsdbapp.backend.ovs_idl [None req-6b4ed306-0cc8-453d-809d-c2a838f3ce81 None None] Created schema index Gateway_Chassis.name {{(pid=148896) autocreate_indices /usr/local/lib/python3.8/dist-packages/ovsdbapp/backend/ovs_idl/__init__.py:104}}
Aug 02 11:38:40 ubuntu neutron-server[148896]: DEBUG ovsdbapp.backend.ovs_idl [None req-6b4ed306-0cc8-453d-809d-c2a838f3ce81 None None] Created schema index Port_Group.name {{(pid=148896) autocreate_indices /usr/local/lib/python3.8/dist-packages/ovsdbapp/backend/ovs_idl/__init__.py:104}}
Aug 02 11:38:40 ubuntu neutron-server[148896]: DEBUG ovsdbapp.backend.ovs_idl [None req-6b4ed306-0cc8-453d-809d-c2a838f3ce81 None None] Created schema index Datapath_Binding.tunnel_key {{(pid=148896) autocreate_indices /usr/local/lib/python3.8/dist-packages/ovsdbapp/backend/ovs_idl/__init__.py:104}}
Aug 02 11:38:40 ubuntu neutron-server[149113]: DEBUG neutron.common.ovn.hash_ring_manager [None req-76faad38-36c4-4074-b1a7-5e44a94f3f18 None None] Allow caching, nodes 2>=2 {{(pid=149113) _wait_startup_before_caching /opt/stack/neutron/neutron/common/ovn/hash_ring_manager.py:60}}
Aug 02 11:38:40 ubuntu neutron-server[149112]: DEBUG neutron.common.ovn.hash_ring_manager [None req-0ed37992-7618-4515-a7f3-208cc1b9113e None None] Allow caching, nodes 2>=2 {{(pid=149112) _wait_startup_before_caching /opt/stack/neutron/neutron/common/ovn/hash_ring_manager.py:60}}
Aug 02 11:38:40 ubuntu neutron-server[149113]: DEBUG neutron.plugins.ml2.drivers.ovn.mech_driver.ovsdb.ovsdb_monitor [None req-76faad38-36c4-4074-b1a7-5e44a94f3f18 None None] Hash Ring: Node 87435814-6103-40e4-abe6-5ee252f06130 (host: ubuntu) handling event "create" for row f4f3da3b-18dc-4eb8-b58c-dafc3616ba3f (table: Encap) {{(pid=149113) notify /opt/stack/neutron/neutron/plugins/ml2/drivers/ovn/mech_driver/ovsdb/ovsdb_monitor.py:743}}
Aug 02 11:38:40 ubuntu neutron-server[149112]: DEBUG neutron.plugins.ml2.drivers.ovn.mech_driver.ovsdb.ovsdb_monitor [None req-0ed37992-7618-4515-a7f3-208cc1b9113e None None] Hash Ring: Node 712c81d3-8b24-45ae-b52c-92759c4f1537 (host: ubuntu) handling event "create" for row 33f2c7fe-3b8c-4268-b7fd-465e15e74764 (table: Database) {{(pid=149112) notify /opt/stack/neutron/neutron/plugins/ml2/drivers/ovn/mech_driver/ovsdb/ovsdb_monitor.py:743}}
Aug 02 11:38:40 ubuntu neutron-server[149113]: DEBUG neutron.plugins.ml2.drivers.ovn.mech_driver.ovsdb.ovsdb_monitor [None req-76faad38-36c4-4074-b1a7-5e44a94f3f18 None None] ChassisMetadataAgentWriteEvent : Matched Chassis, create, None None {{(pid=149113) matches /opt/stack/neutron/neutron/plugins/ml2/drivers/ovn/mech_driver/ovsdb/ovsdb_monitor.py:62}}
Aug 02 11:38:40 ubuntu neutron-server[149113]: DEBUG neutron.plugins.ml2.drivers.ovn.mech_driver.ovsdb.ovsdb_monitor [None req-76faad38-36c4-4074-b1a7-5e44a94f3f18 None None] ChassisAgentWriteEvent : Matched Chassis, create, None None {{(pid=149113) matches /opt/stack/neutron/neutron/plugins/ml2/drivers/ovn/mech_driver/ovsdb/ovsdb_monitor.py:62}}
Aug 02 11:38:40 ubuntu neutron-server[149112]: DEBUG neutron.plugins.ml2.drivers.ovn.mech_driver.ovsdb.ovsdb_monitor [None req-0ed37992-7618-4515-a7f3-208cc1b9113e None None] Hash Ring: Node 712c81d3-8b24-45ae-b52c-92759c4f1537 (host: ubuntu) handling event "create" for row 63741019-5a6b-41ea-bf90-940529d508d3 (table: Database) {{(pid=149112) notify /opt/stack/neutron/neutron/plugins/ml2/drivers/ovn/mech_driver/ovsdb/ovsdb_monitor.py:743}}
Aug 02 11:38:40 ubuntu neutron-server[149113]: DEBUG neutron.plugins.ml2.drivers.ovn.mech_driver.ovsdb.ovsdb_monitor [None req-76faad38-36c4-4074-b1a7-5e44a94f3f18 None None] Hash Ring: Node 87435814-6103-40e4-abe6-5ee252f06130 (host: ubuntu) handling event "create" for row 6f1a7140-20d9-46b2-9395-bcae8040dfd0 (table: Connection) {{(pid=149113) notify /opt/stack/neutron/neutron/plugins/ml2/drivers/ovn/mech_driver/ovsdb/ovsdb_monitor.py:743}}
Aug 02 11:38:40 ubuntu neutron-server[149113]: INFO neutron.wsgi [-] (149113) wsgi starting up on http://0.0.0.0:9696
Aug 02 11:38:40 ubuntu neutron-server[149112]: DEBUG neutron.plugins.ml2.drivers.ovn.mech_driver.ovsdb.ovsdb_monitor [None req-0ed37992-7618-4515-a7f3-208cc1b9113e None None] ChassisMetadataAgentWriteEvent : Matched Chassis, create, None None {{(pid=149112) matches /opt/stack/neutron/neutron/plugins/ml2/drivers/ovn/mech_driver/ovsdb/ovsdb_monitor.py:62}}
Aug 02 11:38:40 ubuntu neutron-server[149112]: DEBUG neutron.plugins.ml2.drivers.ovn.mech_driver.ovsdb.ovsdb_monitor [None req-0ed37992-7618-4515-a7f3-208cc1b9113e None None] ChassisAgentWriteEvent : Matched Chassis, create, None None {{(pid=149112) matches /opt/stack/neutron/neutron/plugins/ml2/drivers/ovn/mech_driver/ovsdb/ovsdb_monitor.py:62}}
Aug 02 11:38:40 ubuntu neutron-server[149112]: DEBUG neutron.plugins.ml2.drivers.ovn.mech_driver.ovsdb.ovsdb_monitor [None req-0ed37992-7618-4515-a7f3-208cc1b9113e None None] Hash Ring: Node 712c81d3-8b24-45ae-b52c-92759c4f1537 (host: ubuntu) handling event "create" for row e1387890-7245-478b-a710-c27449eec6a5 (table: Chassis) {{(pid=149112) notify /opt/stack/neutron/neutron/plugins/ml2/drivers/ovn/mech_driver/ovsdb/ovsdb_monitor.py:743}}
Aug 02 11:38:40 ubuntu neutron-server[149112]: INFO neutron.wsgi [-] (149112) wsgi starting up on http://0.0.0.0:9696
Aug 02 11:38:40 ubuntu neutron-server[148896]: INFO oslo_service.service [None req-6b4ed306-0cc8-453d-809d-c2a838f3ce81 None None] Starting 1 workers
Aug 02 11:38:40 ubuntu neutron-server[149113]: DEBUG neutron.plugins.ml2.drivers.ovn.mech_driver.ovsdb.ovsdb_monitor [-] Hash Ring: Node 87435814-6103-40e4-abe6-5ee252f06130 (host: ubuntu) handling event "update" for row 6f1a7140-20d9-46b2-9395-bcae8040dfd0 (table: Connection) {{(pid=149113) notify /opt/stack/neutron/neutron/plugins/ml2/drivers/ovn/mech_driver/ovsdb/ovsdb_monitor.py:743}}
Aug 02 11:38:40 ubuntu neutron-server[148896]: DEBUG oslo_service.service [None req-6b4ed306-0cc8-453d-809d-c2a838f3ce81 None None] Started child 149115 {{(pid=148896) _start_child /usr/local/lib/python3.8/dist-packages/oslo_service/service.py:575}}
Aug 02 11:38:40 ubuntu neutron-server[148896]: INFO oslo_service.service [None req-6b4ed306-0cc8-453d-809d-c2a838f3ce81 None None] Starting 1 workers
Aug 02 11:38:40 ubuntu neutron-server[148896]: DEBUG oslo_service.service [None req-6b4ed306-0cc8-453d-809d-c2a838f3ce81 None None] Started child 149116 {{(pid=148896) _start_child /usr/local/lib/python3.8/dist-packages/oslo_service/service.py:575}}
Aug 02 11:38:40 ubuntu neutron-server[148896]: INFO oslo_service.service [None req-6b4ed306-0cc8-453d-809d-c2a838f3ce81 None None] Starting 1 workers
Aug 02 11:38:40 ubuntu neutron-server[149115]: DEBUG neutron.service [None req-6b4ed306-0cc8-453d-809d-c2a838f3ce81 None None] calling RpcWorker wait() {{(pid=149115) _wait /opt/stack/neutron/neutron/service.py:128}}
Aug 02 11:38:40 ubuntu neutron-server[149115]: DEBUG neutron.service [None req-6b4ed306-0cc8-453d-809d-c2a838f3ce81 None None] returning from RpcWorker wait() {{(pid=149115) _wait /opt/stack/neutron/neutron/service.py:135}}
Aug 02 11:38:40 ubuntu neutron-server[149115]: DEBUG neutron_lib.callbacks.manager [-] Publish callbacks ['neutron.plugins.ml2.drivers.ovn.mech_driver.mech_driver.OVNMechanismDriver.post_fork_initialize-1577036'] for process (None), after_init {{(pid=149115) _notify_loop /usr/local/lib/python3.8/dist-packages/neutron_lib/callbacks/manager.py:176}}
