Apr 06 13:20:57 ubuntu neutron-server[118461]: DEBUG neutron.api.extensions [None req-7be3e7ac-493b-41a3-bc95-9fa0466d8e27 None None] Loading extension file: vlantransparent.py {{(pid=118461) _load_all_extensions_from_path /opt/stack/neutron/neutron/api/extensions.py:450}}
Apr 06 13:20:57 ubuntu neutron-server[118461]: DEBUG neutron.api.extensions [None req-7be3e7ac-493b-41a3-bc95-9fa0466d8e27 None None] Ext name="Vlantransparent" alias="vlan-transparent" description="Provides Vlan Transparent Networks" updated="2015-03-23T09:00:00-00:00" {{(pid=118461) _check_extension /opt/stack/neutron/neutron/api/extensions.py:416}}
Apr 06 13:20:57 ubuntu neutron-server[118461]: INFO neutron.api.extensions [None req-7be3e7ac-493b-41a3-bc95-9fa0466d8e27 None None] Extension vlan-transparent not supported by any of loaded plugins
Apr 06 13:20:57 ubuntu neutron-server[118461]: INFO neutron.quota.resource_registry [None req-7be3e7ac-493b-41a3-bc95-9fa0466d8e27 None None] Creating instance of TrackedResource for resource:network
Apr 06 13:20:57 ubuntu neutron-server[118461]: INFO neutron.quota.resource_registry [None req-7be3e7ac-493b-41a3-bc95-9fa0466d8e27 None None] Creating instance of TrackedResource for resource:subnet
Apr 06 13:20:57 ubuntu neutron-server[118461]: INFO neutron.quota.resource_registry [None req-7be3e7ac-493b-41a3-bc95-9fa0466d8e27 None None] Creating instance of TrackedResource for resource:subnetpool
Apr 06 13:20:57 ubuntu neutron-server[118461]: INFO neutron.quota.resource_registry [None req-7be3e7ac-493b-41a3-bc95-9fa0466d8e27 None None] Creating instance of TrackedResource for resource:port
Apr 06 13:20:57 ubuntu neutron-server[118461]: DEBUG neutron.api.v2.resource_helper [None req-7be3e7ac-493b-41a3-bc95-9fa0466d8e27 None None] Service FLAVORS assigned prefix:  {{(pid=118461) build_resource_info /opt/stack/neutron/neutron/api/v2/resource_helper.py:77}}
Apr 06 13:20:57 ubuntu neutron-server[118461]: DEBUG neutron.api.v2.resource_helper [None req-7be3e7ac-493b-41a3-bc95-9fa0466d8e27 None None] Service L3_ROUTER_NAT assigned prefix:  {{(pid=118461) build_resource_info /opt/stack/neutron/neutron/api/v2/resource_helper.py:77}}
Apr 06 13:20:57 ubuntu neutron-server[118461]: DEBUG neutron.api.v2.resource_helper [None req-7be3e7ac-493b-41a3-bc95-9fa0466d8e27 None None] Service L3_ROUTER_NAT assigned prefix:  {{(pid=118461) build_resource_info /opt/stack/neutron/neutron/api/v2/resource_helper.py:77}}
Apr 06 13:20:57 ubuntu neutron-server[118461]: INFO neutron.quota.resource_registry [None req-7be3e7ac-493b-41a3-bc95-9fa0466d8e27 None None] Creating instance of TrackedResource for resource:router
Apr 06 13:20:57 ubuntu neutron-server[118461]: INFO neutron.quota.resource_registry [None req-7be3e7ac-493b-41a3-bc95-9fa0466d8e27 None None] Creating instance of TrackedResource for resource:floatingip
Apr 06 13:20:57 ubuntu neutron-server[118461]: DEBUG neutron_lib.callbacks.manager [None req-7be3e7ac-493b-41a3-bc95-9fa0466d8e27 None None] Subscribe: <bound method NeutronDbPluginV2.validate_network_rbac_policy_change of <neutron.services.network_ip_availability.plugin.NetworkIPAvailabilityPlugin object at 0x7f329f249760>> rbac-policy before_create 55550000 {{(pid=118461) subscribe /usr/local/lib/python3.8/dist-packages/neutron_lib/callbacks/manager.py:45}}
Apr 06 13:20:57 ubuntu neutron-server[118461]: DEBUG neutron_lib.callbacks.manager [None req-7be3e7ac-493b-41a3-bc95-9fa0466d8e27 None None] Subscribe: <bound method NeutronDbPluginV2.validate_network_rbac_policy_change of <neutron.services.network_ip_availability.plugin.NetworkIPAvailabilityPlugin object at 0x7f329f249760>> rbac-policy before_update 55550000 {{(pid=118461) subscribe /usr/local/lib/python3.8/dist-packages/neutron_lib/callbacks/manager.py:45}}
Apr 06 13:20:57 ubuntu neutron-server[118461]: DEBUG neutron_lib.callbacks.manager [None req-7be3e7ac-493b-41a3-bc95-9fa0466d8e27 None None] Subscribe: <bound method NeutronDbPluginV2.validate_network_rbac_policy_change of <neutron.services.network_ip_availability.plugin.NetworkIPAvailabilityPlugin object at 0x7f329f249760>> rbac-policy before_delete 55550000 {{(pid=118461) subscribe /usr/local/lib/python3.8/dist-packages/neutron_lib/callbacks/manager.py:45}}
Apr 06 13:20:57 ubuntu neutron-server[118461]: INFO neutron.quota.resource_registry [None req-7be3e7ac-493b-41a3-bc95-9fa0466d8e27 None None] Creating instance of CountableResource for resource:rbac_policy
Apr 06 13:20:57 ubuntu neutron-server[118461]: INFO neutron.quota.resource_registry [None req-7be3e7ac-493b-41a3-bc95-9fa0466d8e27 None None] Creating instance of TrackedResource for resource:security_group
Apr 06 13:20:57 ubuntu neutron-server[118461]: INFO neutron.quota.resource_registry [None req-7be3e7ac-493b-41a3-bc95-9fa0466d8e27 None None] Creating instance of TrackedResource for resource:security_group_rule
Apr 06 13:20:57 ubuntu neutron-server[118461]: DEBUG neutron.api.v2.resource_helper [None req-7be3e7ac-493b-41a3-bc95-9fa0466d8e27 None None] Service FLAVORS assigned prefix:  {{(pid=118461) build_resource_info /opt/stack/neutron/neutron/api/v2/resource_helper.py:77}}
Apr 06 13:20:57 ubuntu neutron-server[118461]: DEBUG neutron.api.v2.resource_helper [None req-7be3e7ac-493b-41a3-bc95-9fa0466d8e27 None None] Service L3_ROUTER_NAT assigned prefix:  {{(pid=118461) build_resource_info /opt/stack/neutron/neutron/api/v2/resource_helper.py:77}}
Apr 06 13:20:57 ubuntu neutron-server[118461]: DEBUG neutron.api.v2.resource_helper [None req-7be3e7ac-493b-41a3-bc95-9fa0466d8e27 None None] Service L3_ROUTER_NAT assigned prefix:  {{(pid=118461) build_resource_info /opt/stack/neutron/neutron/api/v2/resource_helper.py:77}}
Apr 06 13:20:57 ubuntu neutron-server[118461]: INFO neutron.quota.resource_registry [None req-7be3e7ac-493b-41a3-bc95-9fa0466d8e27 None None] Creating instance of TrackedResource for resource:router
Apr 06 13:20:57 ubuntu neutron-server[118461]: WARNING neutron.quota.resource_registry [None req-7be3e7ac-493b-41a3-bc95-9fa0466d8e27 None None] router is already registered
Apr 06 13:20:57 ubuntu neutron-server[118461]: INFO neutron.quota.resource_registry [None req-7be3e7ac-493b-41a3-bc95-9fa0466d8e27 None None] Creating instance of TrackedResource for resource:floatingip
Apr 06 13:20:57 ubuntu neutron-server[118461]: WARNING neutron.quota.resource_registry [None req-7be3e7ac-493b-41a3-bc95-9fa0466d8e27 None None] floatingip is already registered
Apr 06 13:20:57 ubuntu neutron-server[118461]: INFO neutron.quota.resource_registry [None req-7be3e7ac-493b-41a3-bc95-9fa0466d8e27 None None] Creating instance of CountableResource for resource:rbac_policy
Apr 06 13:20:57 ubuntu neutron-server[118461]: WARNING neutron.quota.resource_registry [None req-7be3e7ac-493b-41a3-bc95-9fa0466d8e27 None None] rbac_policy is already registered
Apr 06 13:20:57 ubuntu neutron-server[118461]: INFO neutron.quota.resource_registry [None req-7be3e7ac-493b-41a3-bc95-9fa0466d8e27 None None] Creating instance of TrackedResource for resource:security_group
Apr 06 13:20:57 ubuntu neutron-server[118461]: WARNING neutron.quota.resource_registry [None req-7be3e7ac-493b-41a3-bc95-9fa0466d8e27 None None] security_group is already registered
Apr 06 13:20:57 ubuntu neutron-server[118461]: INFO neutron.quota.resource_registry [None req-7be3e7ac-493b-41a3-bc95-9fa0466d8e27 None None] Creating instance of TrackedResource for resource:security_group_rule
Apr 06 13:20:57 ubuntu neutron-server[118461]: WARNING neutron.quota.resource_registry [None req-7be3e7ac-493b-41a3-bc95-9fa0466d8e27 None None] security_group_rule is already registered
Apr 06 13:20:57 ubuntu neutron-server[118461]: DEBUG neutron.api.extensions [None req-7be3e7ac-493b-41a3-bc95-9fa0466d8e27 None None] Extended resource: extensions {{(pid=118461) __init__ /opt/stack/neutron/neutron/api/extensions.py:157}}
Apr 06 13:20:57 ubuntu neutron-server[118461]: DEBUG neutron.api.extensions [None req-7be3e7ac-493b-41a3-bc95-9fa0466d8e27 None None] Extended resource: address-groups {{(pid=118461) __init__ /opt/stack/neutron/neutron/api/extensions.py:157}}
Apr 06 13:20:57 ubuntu neutron-server[118461]: DEBUG neutron.api.extensions [None req-7be3e7ac-493b-41a3-bc95-9fa0466d8e27 None None] Extended resource: address-scopes {{(pid=118461) __init__ /opt/stack/neutron/neutron/api/extensions.py:157}}
Apr 06 13:20:57 ubuntu neutron-server[118461]: DEBUG neutron.api.extensions [None req-7be3e7ac-493b-41a3-bc95-9fa0466d8e27 None None] Extended resource: agents {{(pid=118461) __init__ /opt/stack/neutron/neutron/api/extensions.py:157}}
Apr 06 13:20:57 ubuntu neutron-server[118461]: DEBUG neutron.api.extensions [None req-7be3e7ac-493b-41a3-bc95-9fa0466d8e27 None None] Extended resource: auto-allocated-topology {{(pid=118461) __init__ /opt/stack/neutron/neutron/api/extensions.py:157}}
Apr 06 13:20:57 ubuntu neutron-server[118461]: DEBUG neutron.api.extensions [None req-7be3e7ac-493b-41a3-bc95-9fa0466d8e27 None None] Extended resource: availability_zones {{(pid=118461) __init__ /opt/stack/neutron/neutron/api/extensions.py:157}}
Apr 06 13:20:57 ubuntu neutron-server[118461]: DEBUG neutron.api.extensions [None req-7be3e7ac-493b-41a3-bc95-9fa0466d8e27 None None] Extended resource: flavors {{(pid=118461) __init__ /opt/stack/neutron/neutron/api/extensions.py:157}}
Apr 06 13:20:57 ubuntu neutron-server[118461]: DEBUG neutron.api.extensions [None req-7be3e7ac-493b-41a3-bc95-9fa0466d8e27 None None] Extended resource: service_profiles {{(pid=118461) __init__ /opt/stack/neutron/neutron/api/extensions.py:157}}
Apr 06 13:20:57 ubuntu neutron-server[118461]: DEBUG neutron.api.extensions [None req-7be3e7ac-493b-41a3-bc95-9fa0466d8e27 None None] Extended resource: next_providers {{(pid=118461) __init__ /opt/stack/neutron/neutron/api/extensions.py:157}}
Apr 06 13:20:57 ubuntu neutron-server[118461]: DEBUG neutron.api.extensions [None req-7be3e7ac-493b-41a3-bc95-9fa0466d8e27 None None] Extended resource: service_profiles {{(pid=118461) __init__ /opt/stack/neutron/neutron/api/extensions.py:157}}
Apr 06 13:20:57 ubuntu neutron-server[118461]: DEBUG neutron.api.extensions [None req-7be3e7ac-493b-41a3-bc95-9fa0466d8e27 None None] Extended resource: floatingip-pools {{(pid=118461) __init__ /opt/stack/neutron/neutron/api/extensions.py:157}}
Apr 06 13:20:57 ubuntu neutron-server[118461]: DEBUG neutron.api.extensions [None req-7be3e7ac-493b-41a3-bc95-9fa0466d8e27 None None] Extended resource: routers {{(pid=118461) __init__ /opt/stack/neutron/neutron/api/extensions.py:157}}
Apr 06 13:20:57 ubuntu neutron-server[118461]: DEBUG neutron.api.extensions [None req-7be3e7ac-493b-41a3-bc95-9fa0466d8e27 None None] Extended resource: floatingips {{(pid=118461) __init__ /opt/stack/neutron/neutron/api/extensions.py:157}}
Apr 06 13:20:57 ubuntu neutron-server[118461]: DEBUG neutron.api.extensions [None req-7be3e7ac-493b-41a3-bc95-9fa0466d8e27 None None] Extended resource: network-ip-availabilities {{(pid=118461) __init__ /opt/stack/neutron/neutron/api/extensions.py:157}}
Apr 06 13:20:57 ubuntu neutron-server[118461]: DEBUG neutron.api.extensions [None req-7be3e7ac-493b-41a3-bc95-9fa0466d8e27 None None] Extended resource: bindings {{(pid=118461) __init__ /opt/stack/neutron/neutron/api/extensions.py:157}}
Apr 06 13:20:57 ubuntu neutron-server[118461]: DEBUG neutron.api.extensions [None req-7be3e7ac-493b-41a3-bc95-9fa0466d8e27 None None] Extended resource: quotas {{(pid=118461) __init__ /opt/stack/neutron/neutron/api/extensions.py:157}}
Apr 06 13:20:57 ubuntu neutron-server[118461]: DEBUG neutron.api.extensions [None req-7be3e7ac-493b-41a3-bc95-9fa0466d8e27 None None] Extended resource: quotas {{(pid=118461) __init__ /opt/stack/neutron/neutron/api/extensions.py:157}}
Apr 06 13:20:57 ubuntu neutron-server[118461]: DEBUG neutron.api.extensions [None req-7be3e7ac-493b-41a3-bc95-9fa0466d8e27 None None] Extended resource: rbac-policies {{(pid=118461) __init__ /opt/stack/neutron/neutron/api/extensions.py:157}}
Apr 06 13:20:57 ubuntu neutron-server[118461]: DEBUG neutron.api.extensions [None req-7be3e7ac-493b-41a3-bc95-9fa0466d8e27 None None] Extended resource: security-groups {{(pid=118461) __init__ /opt/stack/neutron/neutron/api/extensions.py:157}}
Apr 06 13:20:57 ubuntu neutron-server[118461]: DEBUG neutron.api.extensions [None req-7be3e7ac-493b-41a3-bc95-9fa0466d8e27 None None] Extended resource: security-group-rules {{(pid=118461) __init__ /opt/stack/neutron/neutron/api/extensions.py:157}}
Apr 06 13:20:57 ubuntu neutron-server[118461]: DEBUG neutron.api.extensions [None req-7be3e7ac-493b-41a3-bc95-9fa0466d8e27 None None] Extended resource: service-providers {{(pid=118461) __init__ /opt/stack/neutron/neutron/api/extensions.py:157}}
Apr 06 13:20:57 ubuntu neutron-server[118461]: DEBUG neutron.api.extensions [None req-7be3e7ac-493b-41a3-bc95-9fa0466d8e27 None None] Extended resource: tags {{(pid=118461) __init__ /opt/stack/neutron/neutron/api/extensions.py:157}}
Apr 06 13:20:57 ubuntu neutron-server[118461]: DEBUG neutron.api.extensions [None req-7be3e7ac-493b-41a3-bc95-9fa0466d8e27 None None] Extended resource: tags {{(pid=118461) __init__ /opt/stack/neutron/neutron/api/extensions.py:157}}
Apr 06 13:20:57 ubuntu neutron-server[118461]: DEBUG neutron.api.extensions [None req-7be3e7ac-493b-41a3-bc95-9fa0466d8e27 None None] Extended resource: tags {{(pid=118461) __init__ /opt/stack/neutron/neutron/api/extensions.py:157}}
Apr 06 13:20:57 ubuntu neutron-server[118461]: DEBUG neutron.api.extensions [None req-7be3e7ac-493b-41a3-bc95-9fa0466d8e27 None None] Extended resource: tags {{(pid=118461) __init__ /opt/stack/neutron/neutron/api/extensions.py:157}}
Apr 06 13:20:57 ubuntu neutron-server[118461]: DEBUG neutron.api.extensions [None req-7be3e7ac-493b-41a3-bc95-9fa0466d8e27 None None] Extended resource: tags {{(pid=118461) __init__ /opt/stack/neutron/neutron/api/extensions.py:157}}
Apr 06 13:20:57 ubuntu neutron-server[118461]: DEBUG neutron.api.extensions [None req-7be3e7ac-493b-41a3-bc95-9fa0466d8e27 None None] Extended resource: tags {{(pid=118461) __init__ /opt/stack/neutron/neutron/api/extensions.py:157}}
Apr 06 13:20:57 ubuntu neutron-server[118461]: DEBUG neutron.api.extensions [None req-7be3e7ac-493b-41a3-bc95-9fa0466d8e27 None None] Extended resource: tags {{(pid=118461) __init__ /opt/stack/neutron/neutron/api/extensions.py:157}}
Apr 06 13:20:57 ubuntu neutron-server[118461]: DEBUG neutron.api.extensions [None req-7be3e7ac-493b-41a3-bc95-9fa0466d8e27 None None] Extended resource: tags {{(pid=118461) __init__ /opt/stack/neutron/neutron/api/extensions.py:157}}
Apr 06 13:20:57 ubuntu neutron-server[118461]: DEBUG neutron.api.extensions [None req-7be3e7ac-493b-41a3-bc95-9fa0466d8e27 None None] Extended resource: tags {{(pid=118461) __init__ /opt/stack/neutron/neutron/api/extensions.py:157}}
Apr 06 13:20:57 ubuntu neutron-server[118461]: DEBUG neutron.api.extensions [None req-7be3e7ac-493b-41a3-bc95-9fa0466d8e27 None None] Extended resource: tags {{(pid=118461) __init__ /opt/stack/neutron/neutron/api/extensions.py:157}}
Apr 06 13:20:57 ubuntu neutron-server[118461]: WARNING keystonemiddleware.auth_token [None req-7be3e7ac-493b-41a3-bc95-9fa0466d8e27 None None] AuthToken middleware is set with keystone_authtoken.service_token_roles_required set to False. This is backwards compatible but deprecated behaviour. Please set this to True.
Apr 06 13:20:57 ubuntu neutron-server[118461]: WARNING keystonemiddleware.auth_token [None req-7be3e7ac-493b-41a3-bc95-9fa0466d8e27 None None] Configuring www_authenticate_uri to point to the public identity endpoint is required; clients may not be able to authenticate against an admin endpoint
Apr 06 13:20:57 ubuntu neutron-server[118461]: DEBUG oslo_concurrency.lockutils [None req-7be3e7ac-493b-41a3-bc95-9fa0466d8e27 None None] Acquired lock "singleton_lock" {{(pid=118461) lock /usr/local/lib/python3.8/dist-packages/oslo_concurrency/lockutils.py:294}}
Apr 06 13:20:57 ubuntu neutron-server[118461]: DEBUG oslo_concurrency.lockutils [None req-7be3e7ac-493b-41a3-bc95-9fa0466d8e27 None None] Releasing lock "singleton_lock" {{(pid=118461) lock /usr/local/lib/python3.8/dist-packages/oslo_concurrency/lockutils.py:312}}
Apr 06 13:20:57 ubuntu neutron-server[118461]: INFO oslo_service.service [None req-7be3e7ac-493b-41a3-bc95-9fa0466d8e27 None None] Starting 2 workers
Apr 06 13:20:57 ubuntu neutron-server[118461]: DEBUG oslo_service.service [None req-7be3e7ac-493b-41a3-bc95-9fa0466d8e27 None None] Started child 118671 {{(pid=118461) _start_child /usr/local/lib/python3.8/dist-packages/oslo_service/service.py:575}}
Apr 06 13:20:57 ubuntu neutron-server[118461]: DEBUG oslo_service.service [None req-7be3e7ac-493b-41a3-bc95-9fa0466d8e27 None None] Started child 118672 {{(pid=118461) _start_child /usr/local/lib/python3.8/dist-packages/oslo_service/service.py:575}}
Apr 06 13:20:57 ubuntu neutron-server[118461]: INFO neutron.service [None req-7be3e7ac-493b-41a3-bc95-9fa0466d8e27 None None] Neutron service started, listening on 0.0.0.0:9696
Apr 06 13:20:57 ubuntu neutron-server[118461]: DEBUG neutron_lib.callbacks.manager [None req-7be3e7ac-493b-41a3-bc95-9fa0466d8e27 None None] Publish callbacks ['neutron.plugins.ml2.drivers.ovn.mech_driver.mech_driver.OVNMechanismDriver.pre_fork_initialize-1394323'] for process (None), before_spawn {{(pid=118461) _notify_loop /usr/local/lib/python3.8/dist-packages/neutron_lib/callbacks/manager.py:176}}
Apr 06 13:20:57 ubuntu neutron-server[118671]: DEBUG neutron_lib.callbacks.manager [-] Publish callbacks ['neutron.plugins.ml2.drivers.ovn.mech_driver.mech_driver.OVNMechanismDriver.post_fork_initialize-1394303'] for process (None), after_init {{(pid=118671) _notify_loop /usr/local/lib/python3.8/dist-packages/neutron_lib/callbacks/manager.py:176}}
Apr 06 13:20:57 ubuntu neutron-server[118672]: DEBUG neutron_lib.callbacks.manager [-] Publish callbacks ['neutron.plugins.ml2.drivers.ovn.mech_driver.mech_driver.OVNMechanismDriver.post_fork_initialize-1394303'] for process (None), after_init {{(pid=118672) _notify_loop /usr/local/lib/python3.8/dist-packages/neutron_lib/callbacks/manager.py:176}}
Apr 06 13:20:57 ubuntu neutron-server[118461]: DEBUG ovsdbapp.backend.ovs_idl [None req-7be3e7ac-493b-41a3-bc95-9fa0466d8e27 None None] Created schema index Port_Group.name {{(pid=118461) autocreate_indices /usr/local/lib/python3.8/dist-packages/ovsdbapp/backend/ovs_idl/__init__.py:126}}
Apr 06 13:20:57 ubuntu neutron-server[118461]: DEBUG ovsdbapp.backend.ovs_idl [None req-7be3e7ac-493b-41a3-bc95-9fa0466d8e27 None None] Created schema index Logical_Switch_Port.name {{(pid=118461) autocreate_indices /usr/local/lib/python3.8/dist-packages/ovsdbapp/backend/ovs_idl/__init__.py:126}}
Apr 06 13:20:57 ubuntu neutron-server[118672]: INFO neutron.plugins.ml2.drivers.ovn.mech_driver.ovsdb.impl_idl_ovn [None req-b6123b6f-32e2-43bb-8320-0905e6e4814d None None] Getting OvsdbNbOvnIdl for WorkerService with retry
Apr 06 13:20:57 ubuntu neutron-server[118671]: INFO neutron.plugins.ml2.drivers.ovn.mech_driver.ovsdb.impl_idl_ovn [None req-894c80b5-956a-4a27-ab9b-61044e200710 None None] Getting OvsdbNbOvnIdl for WorkerService with retry
Apr 06 13:20:57 ubuntu neutron-server[118672]: DEBUG ovsdbapp.backend.ovs_idl [None req-b6123b6f-32e2-43bb-8320-0905e6e4814d None None] Created lookup_table index Logical_Switch.name {{(pid=118672) autocreate_indices /usr/local/lib/python3.8/dist-packages/ovsdbapp/backend/ovs_idl/__init__.py:107}}
Apr 06 13:20:57 ubuntu neutron-server[118672]: DEBUG ovsdbapp.backend.ovs_idl [None req-b6123b6f-32e2-43bb-8320-0905e6e4814d None None] Created lookup_table index Logical_Router.name {{(pid=118672) autocreate_indices /usr/local/lib/python3.8/dist-packages/ovsdbapp/backend/ovs_idl/__init__.py:107}}
Apr 06 13:20:57 ubuntu neutron-server[118672]: DEBUG ovsdbapp.backend.ovs_idl [None req-b6123b6f-32e2-43bb-8320-0905e6e4814d None None] Created lookup_table index Load_Balancer.name {{(pid=118672) autocreate_indices /usr/local/lib/python3.8/dist-packages/ovsdbapp/backend/ovs_idl/__init__.py:107}}
Apr 06 13:20:57 ubuntu neutron-server[118672]: DEBUG ovsdbapp.backend.ovs_idl [None req-b6123b6f-32e2-43bb-8320-0905e6e4814d None None] Created schema index Meter.name {{(pid=118672) autocreate_indices /usr/local/lib/python3.8/dist-packages/ovsdbapp/backend/ovs_idl/__init__.py:126}}
Apr 06 13:20:57 ubuntu neutron-server[118672]: DEBUG ovsdbapp.backend.ovs_idl [None req-b6123b6f-32e2-43bb-8320-0905e6e4814d None None] Created schema index Address_Set.name {{(pid=118672) autocreate_indices /usr/local/lib/python3.8/dist-packages/ovsdbapp/backend/ovs_idl/__init__.py:126}}
Apr 06 13:20:57 ubuntu neutron-server[118672]: DEBUG ovsdbapp.backend.ovs_idl [None req-b6123b6f-32e2-43bb-8320-0905e6e4814d None None] Created schema index HA_Chassis_Group.name {{(pid=118672) autocreate_indices /usr/local/lib/python3.8/dist-packages/ovsdbapp/backend/ovs_idl/__init__.py:126}}
Apr 06 13:20:57 ubuntu neutron-server[118671]: DEBUG ovsdbapp.backend.ovs_idl [None req-894c80b5-956a-4a27-ab9b-61044e200710 None None] Created lookup_table index Logical_Switch.name {{(pid=118671) autocreate_indices /usr/local/lib/python3.8/dist-packages/ovsdbapp/backend/ovs_idl/__init__.py:107}}
Apr 06 13:20:57 ubuntu neutron-server[118671]: DEBUG ovsdbapp.backend.ovs_idl [None req-894c80b5-956a-4a27-ab9b-61044e200710 None None] Created lookup_table index Logical_Router.name {{(pid=118671) autocreate_indices /usr/local/lib/python3.8/dist-packages/ovsdbapp/backend/ovs_idl/__init__.py:107}}
Apr 06 13:20:57 ubuntu neutron-server[118671]: DEBUG ovsdbapp.backend.ovs_idl [None req-894c80b5-956a-4a27-ab9b-61044e200710 None None] Created lookup_table index Load_Balancer.name {{(pid=118671) autocreate_indices /usr/local/lib/python3.8/dist-packages/ovsdbapp/backend/ovs_idl/__init__.py:107}}
Apr 06 13:20:57 ubuntu neutron-server[118672]: DEBUG ovsdbapp.backend.ovs_idl [None req-b6123b6f-32e2-43bb-8320-0905e6e4814d None None] Created schema index Connection.target {{(pid=118672) autocreate_indices /usr/local/lib/python3.8/dist-packages/ovsdbapp/backend/ovs_idl/__init__.py:126}}
Apr 06 13:20:57 ubuntu neutron-server[118671]: DEBUG ovsdbapp.backend.ovs_idl [None req-894c80b5-956a-4a27-ab9b-61044e200710 None None] Created schema index Meter.name {{(pid=118671) autocreate_indices /usr/local/lib/python3.8/dist-packages/ovsdbapp/backend/ovs_idl/__init__.py:126}}
Apr 06 13:20:57 ubuntu neutron-server[118671]: DEBUG ovsdbapp.backend.ovs_idl [None req-894c80b5-956a-4a27-ab9b-61044e200710 None None] Created schema index Address_Set.name {{(pid=118671) autocreate_indices /usr/local/lib/python3.8/dist-packages/ovsdbapp/backend/ovs_idl/__init__.py:126}}
Apr 06 13:20:57 ubuntu neutron-server[118671]: DEBUG ovsdbapp.backend.ovs_idl [None req-894c80b5-956a-4a27-ab9b-61044e200710 None None] Created schema index HA_Chassis_Group.name {{(pid=118671) autocreate_indices /usr/local/lib/python3.8/dist-packages/ovsdbapp/backend/ovs_idl/__init__.py:126}}
Apr 06 13:20:57 ubuntu neutron-server[118671]: DEBUG ovsdbapp.backend.ovs_idl [None req-894c80b5-956a-4a27-ab9b-61044e200710 None None] Created schema index Connection.target {{(pid=118671) autocreate_indices /usr/local/lib/python3.8/dist-packages/ovsdbapp/backend/ovs_idl/__init__.py:126}}
Apr 06 13:20:57 ubuntu neutron-server[118672]: DEBUG ovsdbapp.backend.ovs_idl [None req-b6123b6f-32e2-43bb-8320-0905e6e4814d None None] Created schema index Gateway_Chassis.name {{(pid=118672) autocreate_indices /usr/local/lib/python3.8/dist-packages/ovsdbapp/backend/ovs_idl/__init__.py:126}}
Apr 06 13:20:57 ubuntu neutron-server[118671]: DEBUG ovsdbapp.backend.ovs_idl [None req-894c80b5-956a-4a27-ab9b-61044e200710 None None] Created schema index Gateway_Chassis.name {{(pid=118671) autocreate_indices /usr/local/lib/python3.8/dist-packages/ovsdbapp/backend/ovs_idl/__init__.py:126}}
Apr 06 13:20:57 ubuntu neutron-server[118671]: DEBUG ovsdbapp.backend.ovs_idl [None req-894c80b5-956a-4a27-ab9b-61044e200710 None None] Created schema index Logical_Router_Port.name {{(pid=118671) autocreate_indices /usr/local/lib/python3.8/dist-packages/ovsdbapp/backend/ovs_idl/__init__.py:126}}
Apr 06 13:20:57 ubuntu neutron-server[118671]: DEBUG ovsdbapp.backend.ovs_idl [None req-894c80b5-956a-4a27-ab9b-61044e200710 None None] Created schema index Port_Group.name {{(pid=118671) autocreate_indices /usr/local/lib/python3.8/dist-packages/ovsdbapp/backend/ovs_idl/__init__.py:126}}
Apr 06 13:20:57 ubuntu neutron-server[118672]: DEBUG ovsdbapp.backend.ovs_idl [None req-b6123b6f-32e2-43bb-8320-0905e6e4814d None None] Created schema index Logical_Router_Port.name {{(pid=118672) autocreate_indices /usr/local/lib/python3.8/dist-packages/ovsdbapp/backend/ovs_idl/__init__.py:126}}
Apr 06 13:20:57 ubuntu neutron-server[118671]: DEBUG ovsdbapp.backend.ovs_idl [None req-894c80b5-956a-4a27-ab9b-61044e200710 None None] Created schema index Logical_Switch_Port.name {{(pid=118671) autocreate_indices /usr/local/lib/python3.8/dist-packages/ovsdbapp/backend/ovs_idl/__init__.py:126}}
Apr 06 13:20:57 ubuntu neutron-server[118672]: DEBUG ovsdbapp.backend.ovs_idl [None req-b6123b6f-32e2-43bb-8320-0905e6e4814d None None] Created schema index Port_Group.name {{(pid=118672) autocreate_indices /usr/local/lib/python3.8/dist-packages/ovsdbapp/backend/ovs_idl/__init__.py:126}}
Apr 06 13:20:57 ubuntu neutron-server[118671]: INFO ovsdbapp.backend.ovs_idl.vlog [None req-894c80b5-956a-4a27-ab9b-61044e200710 None None] tcp:192.168.79.46:6641: connecting...
Apr 06 13:20:57 ubuntu neutron-server[118672]: DEBUG ovsdbapp.backend.ovs_idl [None req-b6123b6f-32e2-43bb-8320-0905e6e4814d None None] Created schema index Logical_Switch_Port.name {{(pid=118672) autocreate_indices /usr/local/lib/python3.8/dist-packages/ovsdbapp/backend/ovs_idl/__init__.py:126}}
Apr 06 13:20:57 ubuntu neutron-server[118671]: INFO ovsdbapp.backend.ovs_idl.vlog [None req-894c80b5-956a-4a27-ab9b-61044e200710 None None] tcp:192.168.79.46:6641: connected
Apr 06 13:20:57 ubuntu neutron-server[118672]: INFO ovsdbapp.backend.ovs_idl.vlog [None req-b6123b6f-32e2-43bb-8320-0905e6e4814d None None] tcp:192.168.79.46:6641: connecting...
Apr 06 13:20:57 ubuntu neutron-server[118672]: INFO ovsdbapp.backend.ovs_idl.vlog [None req-b6123b6f-32e2-43bb-8320-0905e6e4814d None None] tcp:192.168.79.46:6641: connected
Apr 06 13:20:57 ubuntu neutron-server[118461]: DEBUG ovsdbapp.backend.ovs_idl.transaction [-] Running txn n=1 command(idx=0): PgAddCommand(name=neutron_pg_drop, may_exist=True, columns={'acls': []}) {{(pid=118461) do_commit /usr/local/lib/python3.8/dist-packages/ovsdbapp/backend/ovs_idl/transaction.py:90}}
Apr 06 13:20:57 ubuntu neutron-server[118461]: DEBUG ovsdbapp.backend.ovs_idl.transaction [-] Running txn n=1 command(idx=1): PgAclAddCommand(entity=neutron_pg_drop, direction=from-lport, priority=1001, match=inport == @neutron_pg_drop && ip, action=drop, log=False, may_exist=True, severity=[], name=[], meter=None, external_ids={}) {{(pid=118461) do_commit /usr/local/lib/python3.8/dist-packages/ovsdbapp/backend/ovs_idl/transaction.py:90}}
Apr 06 13:20:57 ubuntu neutron-server[118461]: DEBUG ovsdbapp.backend.ovs_idl.transaction [-] Running txn n=1 command(idx=2): PgAclAddCommand(entity=neutron_pg_drop, direction=to-lport, priority=1001, match=outport == @neutron_pg_drop && ip, action=drop, log=False, may_exist=True, severity=[], name=[], meter=None, external_ids={}) {{(pid=118461) do_commit /usr/local/lib/python3.8/dist-packages/ovsdbapp/backend/ovs_idl/transaction.py:90}}
Apr 06 13:20:57 ubuntu neutron-server[118461]: DEBUG ovsdbapp.backend.ovs_idl.event [-] Matched CREATE: NeutronPgDropPortGroupCreated(events=('create',), table='Port_Group', conditions=(('name', '=', 'neutron_pg_drop'),), old_conditions=None), priority=10 to row=Port_Group(name=neutron_pg_drop, ports=[], external_ids={}, acls=[<ovs.db.idl.Row object at 0x7f329ed071c0>, <ovs.db.idl.Row object at 0x7f329ed94eb0>]) old= {{(pid=118461) matches /usr/local/lib/python3.8/dist-packages/ovsdbapp/backend/ovs_idl/event.py:43}}
Apr 06 13:20:57 ubuntu neutron-server[118461]: DEBUG ovsdbapp.backend.ovs_idl [None req-7be3e7ac-493b-41a3-bc95-9fa0466d8e27 None None] Created lookup_table index Logical_Switch.name {{(pid=118461) autocreate_indices /usr/local/lib/python3.8/dist-packages/ovsdbapp/backend/ovs_idl/__init__.py:107}}
Apr 06 13:20:57 ubuntu neutron-server[118461]: DEBUG ovsdbapp.backend.ovs_idl [None req-7be3e7ac-493b-41a3-bc95-9fa0466d8e27 None None] Created lookup_table index Logical_Router.name {{(pid=118461) autocreate_indices /usr/local/lib/python3.8/dist-packages/ovsdbapp/backend/ovs_idl/__init__.py:107}}
Apr 06 13:20:57 ubuntu neutron-server[118461]: DEBUG ovsdbapp.backend.ovs_idl [None req-7be3e7ac-493b-41a3-bc95-9fa0466d8e27 None None] Created lookup_table index Load_Balancer.name {{(pid=118461) autocreate_indices /usr/local/lib/python3.8/dist-packages/ovsdbapp/backend/ovs_idl/__init__.py:107}}
Apr 06 13:20:57 ubuntu neutron-server[118461]: DEBUG ovsdbapp.backend.ovs_idl [None req-7be3e7ac-493b-41a3-bc95-9fa0466d8e27 None None] Created schema index Meter.name {{(pid=118461) autocreate_indices /usr/local/lib/python3.8/dist-packages/ovsdbapp/backend/ovs_idl/__init__.py:126}}
Apr 06 13:20:57 ubuntu neutron-server[118461]: DEBUG ovsdbapp.backend.ovs_idl [None req-7be3e7ac-493b-41a3-bc95-9fa0466d8e27 None None] Created schema index Address_Set.name {{(pid=118461) autocreate_indices /usr/local/lib/python3.8/dist-packages/ovsdbapp/backend/ovs_idl/__init__.py:126}}
Apr 06 13:20:57 ubuntu neutron-server[118461]: DEBUG ovsdbapp.backend.ovs_idl [None req-7be3e7ac-493b-41a3-bc95-9fa0466d8e27 None None] Created schema index HA_Chassis_Group.name {{(pid=118461) autocreate_indices /usr/local/lib/python3.8/dist-packages/ovsdbapp/backend/ovs_idl/__init__.py:126}}
Apr 06 13:20:57 ubuntu neutron-server[118461]: DEBUG ovsdbapp.backend.ovs_idl [None req-7be3e7ac-493b-41a3-bc95-9fa0466d8e27 None None] Created schema index Connection.target {{(pid=118461) autocreate_indices /usr/local/lib/python3.8/dist-packages/ovsdbapp/backend/ovs_idl/__init__.py:126}}
Apr 06 13:20:57 ubuntu neutron-server[118461]: DEBUG ovsdbapp.backend.ovs_idl [None req-7be3e7ac-493b-41a3-bc95-9fa0466d8e27 None None] Created schema index Gateway_Chassis.name {{(pid=118461) autocreate_indices /usr/local/lib/python3.8/dist-packages/ovsdbapp/backend/ovs_idl/__init__.py:126}}
Apr 06 13:20:57 ubuntu neutron-server[118461]: DEBUG ovsdbapp.backend.ovs_idl [None req-7be3e7ac-493b-41a3-bc95-9fa0466d8e27 None None] Created schema index Logical_Router_Port.name {{(pid=118461) autocreate_indices /usr/local/lib/python3.8/dist-packages/ovsdbapp/backend/ovs_idl/__init__.py:126}}
Apr 06 13:20:57 ubuntu neutron-server[118461]: DEBUG ovsdbapp.backend.ovs_idl [None req-7be3e7ac-493b-41a3-bc95-9fa0466d8e27 None None] Created schema index Port_Group.name {{(pid=118461) autocreate_indices /usr/local/lib/python3.8/dist-packages/ovsdbapp/backend/ovs_idl/__init__.py:126}}
Apr 06 13:20:57 ubuntu neutron-server[118461]: DEBUG ovsdbapp.backend.ovs_idl [None req-7be3e7ac-493b-41a3-bc95-9fa0466d8e27 None None] Created schema index Logical_Switch_Port.name {{(pid=118461) autocreate_indices /usr/local/lib/python3.8/dist-packages/ovsdbapp/backend/ovs_idl/__init__.py:126}}
Apr 06 13:20:57 ubuntu neutron-server[118672]: DEBUG neutron.common.ovn.hash_ring_manager [None req-b6123b6f-32e2-43bb-8320-0905e6e4814d None None] Allow caching, nodes 2>=2 {{(pid=118672) _wait_startup_before_caching /opt/stack/neutron/neutron/common/ovn/hash_ring_manager.py:60}}
Apr 06 13:20:57 ubuntu neutron-server[118672]: DEBUG neutron.plugins.ml2.drivers.ovn.mech_driver.ovsdb.ovsdb_monitor [None req-b6123b6f-32e2-43bb-8320-0905e6e4814d None None] Hash Ring: Node a9bb62ec-2935-4bd9-b8ba-13351304168c (host: ubuntu) handling event "create" for row cfde27c3-ea3a-4cc2-8c0e-fda9571e6d63 (table: Database) {{(pid=118672) notify /opt/stack/neutron/neutron/plugins/ml2/drivers/ovn/mech_driver/ovsdb/ovsdb_monitor.py:805}}
Apr 06 13:20:57 ubuntu neutron-server[118671]: DEBUG neutron.common.ovn.hash_ring_manager [None req-894c80b5-956a-4a27-ab9b-61044e200710 None None] Allow caching, nodes 2>=2 {{(pid=118671) _wait_startup_before_caching /opt/stack/neutron/neutron/common/ovn/hash_ring_manager.py:60}}
Apr 06 13:20:57 ubuntu neutron-server[118672]: DEBUG neutron.plugins.ml2.drivers.ovn.mech_driver.ovsdb.ovsdb_monitor [None req-b6123b6f-32e2-43bb-8320-0905e6e4814d None None] Hash Ring: Node a9bb62ec-2935-4bd9-b8ba-13351304168c (host: ubuntu) handling event "create" for row e608fd9d-105d-464f-9774-5e5446b67d0d (table: NB_Global) {{(pid=118672) notify /opt/stack/neutron/neutron/plugins/ml2/drivers/ovn/mech_driver/ovsdb/ovsdb_monitor.py:805}}
Apr 06 13:20:57 ubuntu neutron-server[118672]: DEBUG neutron.plugins.ml2.drivers.ovn.mech_driver.ovsdb.ovsdb_monitor [None req-b6123b6f-32e2-43bb-8320-0905e6e4814d None None] Hash Ring: Node a9bb62ec-2935-4bd9-b8ba-13351304168c (host: ubuntu) handling event "create" for row 8c06fe95-bd69-4cfb-a6fc-c8af93b765f5 (table: ACL) {{(pid=118672) notify /opt/stack/neutron/neutron/plugins/ml2/drivers/ovn/mech_driver/ovsdb/ovsdb_monitor.py:805}}
Apr 06 13:20:57 ubuntu neutron-server[118672]: DEBUG neutron.plugins.ml2.drivers.ovn.mech_driver.ovsdb.ovsdb_monitor [None req-b6123b6f-32e2-43bb-8320-0905e6e4814d None None] Hash Ring: Node a9bb62ec-2935-4bd9-b8ba-13351304168c (host: ubuntu) handling event "create" for row 2f9412e9-995c-4e1a-94f5-beb34aa76a7a (table: ACL) {{(pid=118672) notify /opt/stack/neutron/neutron/plugins/ml2/drivers/ovn/mech_driver/ovsdb/ovsdb_monitor.py:805}}
Apr 06 13:20:57 ubuntu neutron-server[118672]: INFO neutron.plugins.ml2.drivers.ovn.mech_driver.ovsdb.impl_idl_ovn [None req-b6123b6f-32e2-43bb-8320-0905e6e4814d None None] Getting OvsdbSbOvnIdl for WorkerService with retry
Apr 06 13:20:57 ubuntu neutron-server[118461]: DEBUG ovsdbapp.backend.ovs_idl [None req-7be3e7ac-493b-41a3-bc95-9fa0466d8e27 None None] Created lookup_table index Chassis.name {{(pid=118461) autocreate_indices /usr/local/lib/python3.8/dist-packages/ovsdbapp/backend/ovs_idl/__init__.py:107}}
Apr 06 13:20:57 ubuntu neutron-server[118461]: DEBUG ovsdbapp.backend.ovs_idl [None req-7be3e7ac-493b-41a3-bc95-9fa0466d8e27 None None] Created lookup_table index MAC_Binding.ip {{(pid=118461) autocreate_indices /usr/local/lib/python3.8/dist-packages/ovsdbapp/backend/ovs_idl/__init__.py:107}}
Apr 06 13:20:57 ubuntu neutron-server[118461]: DEBUG ovsdbapp.backend.ovs_idl [None req-7be3e7ac-493b-41a3-bc95-9fa0466d8e27 None None] Created schema index Meter.name {{(pid=118461) autocreate_indices /usr/local/lib/python3.8/dist-packages/ovsdbapp/backend/ovs_idl/__init__.py:126}}
Apr 06 13:20:57 ubuntu neutron-server[118461]: DEBUG ovsdbapp.backend.ovs_idl [None req-7be3e7ac-493b-41a3-bc95-9fa0466d8e27 None None] Created schema index Address_Set.name {{(pid=118461) autocreate_indices /usr/local/lib/python3.8/dist-packages/ovsdbapp/backend/ovs_idl/__init__.py:126}}
Apr 06 13:20:57 ubuntu neutron-server[118461]: DEBUG ovsdbapp.backend.ovs_idl [None req-7be3e7ac-493b-41a3-bc95-9fa0466d8e27 None None] Created schema index HA_Chassis_Group.name {{(pid=118461) autocreate_indices /usr/local/lib/python3.8/dist-packages/ovsdbapp/backend/ovs_idl/__init__.py:126}}
Apr 06 13:20:57 ubuntu neutron-server[118461]: DEBUG ovsdbapp.backend.ovs_idl [None req-7be3e7ac-493b-41a3-bc95-9fa0466d8e27 None None] Created schema index IP_Multicast.datapath {{(pid=118461) autocreate_indices /usr/local/lib/python3.8/dist-packages/ovsdbapp/backend/ovs_idl/__init__.py:126}}
Apr 06 13:20:57 ubuntu neutron-server[118461]: DEBUG ovsdbapp.backend.ovs_idl [None req-7be3e7ac-493b-41a3-bc95-9fa0466d8e27 None None] Created schema index Connection.target {{(pid=118461) autocreate_indices /usr/local/lib/python3.8/dist-packages/ovsdbapp/backend/ovs_idl/__init__.py:126}}
Apr 06 13:20:57 ubuntu neutron-server[118461]: DEBUG ovsdbapp.backend.ovs_idl [None req-7be3e7ac-493b-41a3-bc95-9fa0466d8e27 None None] Created schema index Gateway_Chassis.name {{(pid=118461) autocreate_indices /usr/local/lib/python3.8/dist-packages/ovsdbapp/backend/ovs_idl/__init__.py:126}}
Apr 06 13:20:57 ubuntu neutron-server[118461]: DEBUG ovsdbapp.backend.ovs_idl [None req-7be3e7ac-493b-41a3-bc95-9fa0466d8e27 None None] Created schema index Port_Group.name {{(pid=118461) autocreate_indices /usr/local/lib/python3.8/dist-packages/ovsdbapp/backend/ovs_idl/__init__.py:126}}
Apr 06 13:20:57 ubuntu neutron-server[118461]: DEBUG ovsdbapp.backend.ovs_idl [None req-7be3e7ac-493b-41a3-bc95-9fa0466d8e27 None None] Created schema index Datapath_Binding.tunnel_key {{(pid=118461) autocreate_indices /usr/local/lib/python3.8/dist-packages/ovsdbapp/backend/ovs_idl/__init__.py:126}}
Apr 06 13:20:57 ubuntu neutron-server[118672]: DEBUG ovsdbapp.backend.ovs_idl [None req-b6123b6f-32e2-43bb-8320-0905e6e4814d None None] Created lookup_table index Chassis.name {{(pid=118672) autocreate_indices /usr/local/lib/python3.8/dist-packages/ovsdbapp/backend/ovs_idl/__init__.py:107}}
Apr 06 13:20:57 ubuntu neutron-server[118672]: DEBUG ovsdbapp.backend.ovs_idl [None req-b6123b6f-32e2-43bb-8320-0905e6e4814d None None] Created schema index Datapath_Binding.tunnel_key {{(pid=118672) autocreate_indices /usr/local/lib/python3.8/dist-packages/ovsdbapp/backend/ovs_idl/__init__.py:126}}
Apr 06 13:20:57 ubuntu neutron-server[118672]: DEBUG ovsdbapp.backend.ovs_idl [None req-b6123b6f-32e2-43bb-8320-0905e6e4814d None None] Created schema index Connection.target {{(pid=118672) autocreate_indices /usr/local/lib/python3.8/dist-packages/ovsdbapp/backend/ovs_idl/__init__.py:126}}
Apr 06 13:20:57 ubuntu neutron-server[118672]: INFO ovsdbapp.backend.ovs_idl.vlog [None req-b6123b6f-32e2-43bb-8320-0905e6e4814d None None] tcp:192.168.79.46:6642: connecting...
Apr 06 13:20:57 ubuntu neutron-server[118672]: INFO ovsdbapp.backend.ovs_idl.vlog [None req-b6123b6f-32e2-43bb-8320-0905e6e4814d None None] tcp:192.168.79.46:6642: connected
Apr 06 13:20:57 ubuntu neutron-server[118671]: DEBUG neutron.plugins.ml2.drivers.ovn.mech_driver.ovsdb.ovsdb_monitor [None req-894c80b5-956a-4a27-ab9b-61044e200710 None None] Hash Ring: Node c3a7f22f-554b-4f3d-b00d-46453ef1d83d (host: ubuntu) handling event "create" for row 0c49706a-3a4e-4e26-832d-49f7fd63674b (table: Database) {{(pid=118671) notify /opt/stack/neutron/neutron/plugins/ml2/drivers/ovn/mech_driver/ovsdb/ovsdb_monitor.py:805}}
Apr 06 13:20:57 ubuntu neutron-server[118671]: DEBUG neutron.plugins.ml2.drivers.ovn.mech_driver.ovsdb.ovsdb_monitor [None req-894c80b5-956a-4a27-ab9b-61044e200710 None None] Hash Ring: Node c3a7f22f-554b-4f3d-b00d-46453ef1d83d (host: ubuntu) handling event "create" for row c35fe979-8a2e-42f4-9231-5f30965a28b8 (table: Port_Group) {{(pid=118671) notify /opt/stack/neutron/neutron/plugins/ml2/drivers/ovn/mech_driver/ovsdb/ovsdb_monitor.py:805}}
Apr 06 13:20:57 ubuntu neutron-server[118671]: DEBUG neutron.plugins.ml2.drivers.ovn.mech_driver.ovsdb.ovsdb_monitor [None req-894c80b5-956a-4a27-ab9b-61044e200710 None None] Hash Ring: Node c3a7f22f-554b-4f3d-b00d-46453ef1d83d (host: ubuntu) handling event "create" for row bb56052d-d9e4-4f14-b5d4-fcab64383a29 (table: Connection) {{(pid=118671) notify /opt/stack/neutron/neutron/plugins/ml2/drivers/ovn/mech_driver/ovsdb/ovsdb_monitor.py:805}}
Apr 06 13:20:57 ubuntu neutron-server[118671]: INFO neutron.plugins.ml2.drivers.ovn.mech_driver.ovsdb.impl_idl_ovn [None req-894c80b5-956a-4a27-ab9b-61044e200710 None None] Getting OvsdbSbOvnIdl for WorkerService with retry
Apr 06 13:20:57 ubuntu neutron-server[118671]: DEBUG ovsdbapp.backend.ovs_idl [None req-894c80b5-956a-4a27-ab9b-61044e200710 None None] Created lookup_table index Chassis.name {{(pid=118671) autocreate_indices /usr/local/lib/python3.8/dist-packages/ovsdbapp/backend/ovs_idl/__init__.py:107}}
Apr 06 13:20:57 ubuntu neutron-server[118671]: DEBUG ovsdbapp.backend.ovs_idl [None req-894c80b5-956a-4a27-ab9b-61044e200710 None None] Created schema index Datapath_Binding.tunnel_key {{(pid=118671) autocreate_indices /usr/local/lib/python3.8/dist-packages/ovsdbapp/backend/ovs_idl/__init__.py:126}}
Apr 06 13:20:57 ubuntu neutron-server[118671]: DEBUG ovsdbapp.backend.ovs_idl [None req-894c80b5-956a-4a27-ab9b-61044e200710 None None] Created schema index Connection.target {{(pid=118671) autocreate_indices /usr/local/lib/python3.8/dist-packages/ovsdbapp/backend/ovs_idl/__init__.py:126}}
Apr 06 13:20:57 ubuntu neutron-server[118671]: INFO ovsdbapp.backend.ovs_idl.vlog [None req-894c80b5-956a-4a27-ab9b-61044e200710 None None] tcp:192.168.79.46:6642: connecting...
Apr 06 13:20:57 ubuntu neutron-server[118671]: INFO ovsdbapp.backend.ovs_idl.vlog [None req-894c80b5-956a-4a27-ab9b-61044e200710 None None] tcp:192.168.79.46:6642: connected
Apr 06 13:20:57 ubuntu neutron-server[118461]: INFO oslo_service.service [None req-7be3e7ac-493b-41a3-bc95-9fa0466d8e27 None None] Starting 1 workers
Apr 06 13:20:57 ubuntu neutron-server[118461]: DEBUG oslo_service.service [None req-7be3e7ac-493b-41a3-bc95-9fa0466d8e27 None None] Started child 118674 {{(pid=118461) _start_child /usr/local/lib/python3.8/dist-packages/oslo_service/service.py:575}}
Apr 06 13:20:57 ubuntu neutron-server[118461]: INFO oslo_service.service [None req-7be3e7ac-493b-41a3-bc95-9fa0466d8e27 None None] Starting 1 workers
Apr 06 13:20:57 ubuntu neutron-server[118672]: DEBUG neutron.common.ovn.hash_ring_manager [None req-b6123b6f-32e2-43bb-8320-0905e6e4814d None None] Allow caching, nodes 2>=2 {{(pid=118672) _wait_startup_before_caching /opt/stack/neutron/neutron/common/ovn/hash_ring_manager.py:60}}
Apr 06 13:20:57 ubuntu neutron-server[118674]: DEBUG neutron.service [None req-7be3e7ac-493b-41a3-bc95-9fa0466d8e27 None None] calling RpcWorker wait() {{(pid=118674) _wait /opt/stack/neutron/neutron/service.py:128}}
Apr 06 13:20:57 ubuntu neutron-server[118672]: DEBUG neutron.plugins.ml2.drivers.ovn.mech_driver.ovsdb.ovsdb_monitor [None req-b6123b6f-32e2-43bb-8320-0905e6e4814d None None] Hash Ring: Node a9bb62ec-2935-4bd9-b8ba-13351304168c (host: ubuntu) handling event "create" for row 768c22b9-77a1-4584-86ec-407a4f109df3 (table: Database) {{(pid=118672) notify /opt/stack/neutron/neutron/plugins/ml2/drivers/ovn/mech_driver/ovsdb/ovsdb_monitor.py:805}}
Apr 06 13:20:57 ubuntu neutron-server[118461]: DEBUG oslo_service.service [None req-7be3e7ac-493b-41a3-bc95-9fa0466d8e27 None None] Started child 118675 {{(pid=118461) _start_child /usr/local/lib/python3.8/dist-packages/oslo_service/service.py:575}}
Apr 06 13:20:57 ubuntu neutron-server[118674]: DEBUG neutron.service [None req-7be3e7ac-493b-41a3-bc95-9fa0466d8e27 None None] returning from RpcWorker wait() {{(pid=118674) _wait /opt/stack/neutron/neutron/service.py:135}}
Apr 06 13:20:57 ubuntu neutron-server[118461]: INFO oslo_service.service [None req-7be3e7ac-493b-41a3-bc95-9fa0466d8e27 None None] Starting 1 workers
Apr 06 13:20:57 ubuntu neutron-server[118674]: DEBUG neutron_lib.callbacks.manager [-] Publish callbacks ['neutron.plugins.ml2.drivers.ovn.mech_driver.mech_driver.OVNMechanismDriver.post_fork_initialize-1394303'] for process (None), after_init {{(pid=118674) _notify_loop /usr/local/lib/python3.8/dist-packages/neutron_lib/callbacks/manager.py:176}}
Apr 06 13:20:57 ubuntu neutron-server[118672]: DEBUG neutron.plugins.ml2.drivers.ovn.mech_driver.ovsdb.ovsdb_monitor [None req-b6123b6f-32e2-43bb-8320-0905e6e4814d None None] Hash Ring: Node a9bb62ec-2935-4bd9-b8ba-13351304168c (host: ubuntu) handling event "create" for row 2de7e11f-0e86-4f57-b1a0-93f09c1364ba (table: Encap) {{(pid=118672) notify /opt/stack/neutron/neutron/plugins/ml2/drivers/ovn/mech_driver/ovsdb/ovsdb_monitor.py:805}}
Apr 06 13:20:57 ubuntu neutron-server[118672]: DEBUG neutron.plugins.ml2.drivers.ovn.mech_driver.ovsdb.ovsdb_monitor [None req-b6123b6f-32e2-43bb-8320-0905e6e4814d None None] ChassisMetadataAgentWriteEvent : Matched Chassis, create, None None {{(pid=118672) matches /opt/stack/neutron/neutron/plugins/ml2/drivers/ovn/mech_driver/ovsdb/ovsdb_monitor.py:61}}
Apr 06 13:20:57 ubuntu neutron-server[118672]: DEBUG neutron.plugins.ml2.drivers.ovn.mech_driver.ovsdb.ovsdb_monitor [None req-b6123b6f-32e2-43bb-8320-0905e6e4814d None None] ChassisAgentWriteEvent : Matched Chassis, create, None None {{(pid=118672) matches /opt/stack/neutron/neutron/plugins/ml2/drivers/ovn/mech_driver/ovsdb/ovsdb_monitor.py:61}}
Apr 06 13:20:57 ubuntu neutron-server[118672]: DEBUG neutron.plugins.ml2.drivers.ovn.mech_driver.ovsdb.ovsdb_monitor [None req-b6123b6f-32e2-43bb-8320-0905e6e4814d None None] Hash Ring: Node a9bb62ec-2935-4bd9-b8ba-13351304168c (host: ubuntu) handling event "create" for row 70c9c603-33eb-4bc8-8e75-21aaf8e02845 (table: SB_Global) {{(pid=118672) notify /opt/stack/neutron/neutron/plugins/ml2/drivers/ovn/mech_driver/ovsdb/ovsdb_monitor.py:805}}
Apr 06 13:20:57 ubuntu neutron-server[118461]: DEBUG oslo_service.service [None req-7be3e7ac-493b-41a3-bc95-9fa0466d8e27 None None] Started child 118676 {{(pid=118461) _start_child /usr/local/lib/python3.8/dist-packages/oslo_service/service.py:575}}
Apr 06 13:20:57 ubuntu neutron-server[118672]: DEBUG neutron.plugins.ml2.drivers.ovn.mech_driver.ovsdb.ovsdb_monitor [None req-b6123b6f-32e2-43bb-8320-0905e6e4814d None None] Hash Ring: Node a9bb62ec-2935-4bd9-b8ba-13351304168c (host: ubuntu) handling event "create" for row d9293bff-bf0e-495e-b895-56f3ae8ff968 (table: Connection) {{(pid=118672) notify /opt/stack/neutron/neutron/plugins/ml2/drivers/ovn/mech_driver/ovsdb/ovsdb_monitor.py:805}}
Apr 06 13:20:57 ubuntu neutron-server[118674]: INFO neutron.plugins.ml2.drivers.ovn.mech_driver.ovsdb.impl_idl_ovn [-] Getting OvsdbNbOvnIdl for RpcWorker with retry
Apr 06 13:20:57 ubuntu neutron-server[118461]: DEBUG neutron_lib.callbacks.manager [None req-7be3e7ac-493b-41a3-bc95-9fa0466d8e27 None None] Publish callbacks [] for process (None), after_spawn {{(pid=118461) _notify_loop /usr/local/lib/python3.8/dist-packages/neutron_lib/callbacks/manager.py:176}}
Apr 06 13:20:57 ubuntu neutron-server[118461]: DEBUG oslo_service.service [-] Full set of CONF: {{(pid=118461) wait /usr/local/lib/python3.8/dist-packages/oslo_service/service.py:649}}
Apr 06 13:20:57 ubuntu neutron-server[118461]: DEBUG oslo_service.service [-] ******************************************************************************** {{(pid=118461) log_opt_values /usr/local/lib/python3.8/dist-packages/oslo_config/cfg.py:2589}}
Apr 06 13:20:57 ubuntu neutron-server[118672]: INFO neutron.wsgi [-] (118672) wsgi starting up on http://0.0.0.0:9696
Apr 06 13:20:57 ubuntu neutron-server[118461]: DEBUG oslo_service.service [-] Configuration options gathered from: {{(pid=118461) log_opt_values /usr/local/lib/python3.8/dist-packages/oslo_config/cfg.py:2590}}
Apr 06 13:20:57 ubuntu neutron-server[118461]: DEBUG oslo_service.service [-] command line args: ['--config-file', '/etc/neutron/neutron.conf', '--config-file', '/etc/neutron/plugins/ml2/ml2_conf.ini'] {{(pid=118461) log_opt_values /usr/local/lib/python3.8/dist-packages/oslo_config/cfg.py:2591}}
Apr 06 13:20:57 ubuntu neutron-server[118461]: DEBUG oslo_service.service [-] config files: ['/etc/neutron/neutron.conf', '/etc/neutron/plugins/ml2/ml2_conf.ini'] {{(pid=118461) log_opt_values /usr/local/lib/python3.8/dist-packages/oslo_config/cfg.py:2592}}
Apr 06 13:20:57 ubuntu neutron-server[118461]: DEBUG oslo_service.service [-] ================================================================================ {{(pid=118461) log_opt_values /usr/local/lib/python3.8/dist-packages/oslo_config/cfg.py:2594}}
Apr 06 13:20:57 ubuntu neutron-server[118461]: DEBUG oslo_service.service [-] agent_down_time                = 75 {{(pid=118461) log_opt_values /usr/local/lib/python3.8/dist-packages/oslo_config/cfg.py:2602}}
Apr 06 13:20:57 ubuntu neutron-server[118461]: DEBUG oslo_service.service [-] allow_automatic_dhcp_failover  = True {{(pid=118461) log_opt_values /usr/local/lib/python3.8/dist-packages/oslo_config/cfg.py:2602}}
Apr 06 13:20:57 ubuntu neutron-server[118461]: DEBUG oslo_service.service [-] allow_bulk                     = True {{(pid=118461) log_opt_values /usr/local/lib/python3.8/dist-packages/oslo_config/cfg.py:2602}}
Apr 06 13:20:57 ubuntu neutron-server[118461]: DEBUG oslo_service.service [-] allow_overlapping_ips          = True {{(pid=118461) log_opt_values /usr/local/lib/python3.8/dist-packages/oslo_config/cfg.py:2602}}
Apr 06 13:20:57 ubuntu neutron-server[118461]: DEBUG oslo_service.service [-] allowed_conntrack_helpers      = [{'amanda': 'tcp'}, {'ftp': 'tcp'}, {'h323': 'udp'}, {'h323': 'tcp'}, {'irc': 'tcp'}, {'netbios-ns': 'udp'}, {'pptp': 'tcp'}, {'sane': 'tcp'}, {'sip': 'udp'}, {'sip': 'tcp'}, {'snmp': 'udp'}, {'tftp': 'udp'}] {{(pid=118461) log_opt_values /usr/local/lib/python3.8/dist-packages/oslo_config/cfg.py:2602}}
Apr 06 13:20:57 ubuntu neutron-server[118461]: DEBUG oslo_service.service [-] api_extensions_path            =  {{(pid=118461) log_opt_values /usr/local/lib/python3.8/dist-packages/oslo_config/cfg.py:2602}}
Apr 06 13:20:57 ubuntu neutron-server[118461]: DEBUG oslo_service.service [-] api_paste_config               = api-paste.ini {{(pid=118461) log_opt_values /usr/local/lib/python3.8/dist-packages/oslo_config/cfg.py:2602}}
Apr 06 13:20:57 ubuntu neutron-server[118461]: DEBUG oslo_service.service [-] api_workers                    = 2 {{(pid=118461) log_opt_values /usr/local/lib/python3.8/dist-packages/oslo_config/cfg.py:2602}}
Apr 06 13:20:57 ubuntu neutron-server[118461]: DEBUG oslo_service.service [-] auth_strategy                  = keystone {{(pid=118461) log_opt_values /usr/local/lib/python3.8/dist-packages/oslo_config/cfg.py:2602}}
Apr 06 13:20:57 ubuntu neutron-server[118461]: DEBUG oslo_service.service [-] backdoor_port                  = None {{(pid=118461) log_opt_values /usr/local/lib/python3.8/dist-packages/oslo_config/cfg.py:2602}}
