Apr 08 12:12:32 ubuntu neutron-server[117875]: DEBUG neutron.api.extensions [None req-2b47805c-947b-4bcc-bf8f-308b165a4e48 None None] Loading extension file: vlantransparent.py {{(pid=117875) _load_all_extensions_from_path /opt/stack/neutron/neutron/api/extensions.py:450}}
Apr 08 12:12:32 ubuntu neutron-server[117875]: DEBUG neutron.api.extensions [None req-2b47805c-947b-4bcc-bf8f-308b165a4e48 None None] Ext name="Vlantransparent" alias="vlan-transparent" description="Provides Vlan Transparent Networks" updated="2015-03-23T09:00:00-00:00" {{(pid=117875) _check_extension /opt/stack/neutron/neutron/api/extensions.py:416}}
Apr 08 12:12:32 ubuntu neutron-server[117875]: INFO neutron.api.extensions [None req-2b47805c-947b-4bcc-bf8f-308b165a4e48 None None] Extension vlan-transparent not supported by any of loaded plugins
Apr 08 12:12:32 ubuntu neutron-server[117875]: INFO neutron.quota.resource_registry [None req-2b47805c-947b-4bcc-bf8f-308b165a4e48 None None] Creating instance of TrackedResource for resource:network
Apr 08 12:12:32 ubuntu neutron-server[117875]: INFO neutron.quota.resource_registry [None req-2b47805c-947b-4bcc-bf8f-308b165a4e48 None None] Creating instance of TrackedResource for resource:subnet
Apr 08 12:12:32 ubuntu neutron-server[117875]: INFO neutron.quota.resource_registry [None req-2b47805c-947b-4bcc-bf8f-308b165a4e48 None None] Creating instance of TrackedResource for resource:subnetpool
Apr 08 12:12:32 ubuntu neutron-server[117875]: INFO neutron.quota.resource_registry [None req-2b47805c-947b-4bcc-bf8f-308b165a4e48 None None] Creating instance of TrackedResource for resource:port
Apr 08 12:12:32 ubuntu neutron-server[117875]: DEBUG neutron.api.v2.resource_helper [None req-2b47805c-947b-4bcc-bf8f-308b165a4e48 None None] Service FLAVORS assigned prefix:  {{(pid=117875) build_resource_info /opt/stack/neutron/neutron/api/v2/resource_helper.py:77}}
Apr 08 12:12:32 ubuntu neutron-server[117875]: DEBUG neutron.api.v2.resource_helper [None req-2b47805c-947b-4bcc-bf8f-308b165a4e48 None None] Service L3_ROUTER_NAT assigned prefix:  {{(pid=117875) build_resource_info /opt/stack/neutron/neutron/api/v2/resource_helper.py:77}}
Apr 08 12:12:32 ubuntu neutron-server[117875]: DEBUG neutron.api.v2.resource_helper [None req-2b47805c-947b-4bcc-bf8f-308b165a4e48 None None] Service L3_ROUTER_NAT assigned prefix:  {{(pid=117875) build_resource_info /opt/stack/neutron/neutron/api/v2/resource_helper.py:77}}
Apr 08 12:12:32 ubuntu neutron-server[117875]: INFO neutron.quota.resource_registry [None req-2b47805c-947b-4bcc-bf8f-308b165a4e48 None None] Creating instance of TrackedResource for resource:router
Apr 08 12:12:32 ubuntu neutron-server[117875]: INFO neutron.quota.resource_registry [None req-2b47805c-947b-4bcc-bf8f-308b165a4e48 None None] Creating instance of TrackedResource for resource:floatingip
Apr 08 12:12:32 ubuntu neutron-server[117875]: DEBUG neutron_lib.callbacks.manager [None req-2b47805c-947b-4bcc-bf8f-308b165a4e48 None None] Subscribe: <bound method NeutronDbPluginV2.validate_network_rbac_policy_change of <neutron.services.network_ip_availability.plugin.NetworkIPAvailabilityPlugin object at 0x7f409414ae50>> rbac-policy before_create 55550000 {{(pid=117875) subscribe /usr/local/lib/python3.8/dist-packages/neutron_lib/callbacks/manager.py:45}}
Apr 08 12:12:32 ubuntu neutron-server[117875]: DEBUG neutron_lib.callbacks.manager [None req-2b47805c-947b-4bcc-bf8f-308b165a4e48 None None] Subscribe: <bound method NeutronDbPluginV2.validate_network_rbac_policy_change of <neutron.services.network_ip_availability.plugin.NetworkIPAvailabilityPlugin object at 0x7f409414ae50>> rbac-policy before_update 55550000 {{(pid=117875) subscribe /usr/local/lib/python3.8/dist-packages/neutron_lib/callbacks/manager.py:45}}
Apr 08 12:12:32 ubuntu neutron-server[117875]: DEBUG neutron_lib.callbacks.manager [None req-2b47805c-947b-4bcc-bf8f-308b165a4e48 None None] Subscribe: <bound method NeutronDbPluginV2.validate_network_rbac_policy_change of <neutron.services.network_ip_availability.plugin.NetworkIPAvailabilityPlugin object at 0x7f409414ae50>> rbac-policy before_delete 55550000 {{(pid=117875) subscribe /usr/local/lib/python3.8/dist-packages/neutron_lib/callbacks/manager.py:45}}
Apr 08 12:12:32 ubuntu neutron-server[117875]: INFO neutron.quota.resource_registry [None req-2b47805c-947b-4bcc-bf8f-308b165a4e48 None None] Creating instance of CountableResource for resource:rbac_policy
Apr 08 12:12:32 ubuntu neutron-server[117875]: INFO neutron.quota.resource_registry [None req-2b47805c-947b-4bcc-bf8f-308b165a4e48 None None] Creating instance of TrackedResource for resource:security_group
Apr 08 12:12:32 ubuntu neutron-server[117875]: INFO neutron.quota.resource_registry [None req-2b47805c-947b-4bcc-bf8f-308b165a4e48 None None] Creating instance of TrackedResource for resource:security_group_rule
Apr 08 12:12:32 ubuntu neutron-server[117875]: DEBUG neutron.api.v2.resource_helper [None req-2b47805c-947b-4bcc-bf8f-308b165a4e48 None None] Service FLAVORS assigned prefix:  {{(pid=117875) build_resource_info /opt/stack/neutron/neutron/api/v2/resource_helper.py:77}}
Apr 08 12:12:32 ubuntu neutron-server[117875]: DEBUG neutron.api.v2.resource_helper [None req-2b47805c-947b-4bcc-bf8f-308b165a4e48 None None] Service L3_ROUTER_NAT assigned prefix:  {{(pid=117875) build_resource_info /opt/stack/neutron/neutron/api/v2/resource_helper.py:77}}
Apr 08 12:12:32 ubuntu neutron-server[117875]: DEBUG neutron.api.v2.resource_helper [None req-2b47805c-947b-4bcc-bf8f-308b165a4e48 None None] Service L3_ROUTER_NAT assigned prefix:  {{(pid=117875) build_resource_info /opt/stack/neutron/neutron/api/v2/resource_helper.py:77}}
Apr 08 12:12:32 ubuntu neutron-server[117875]: INFO neutron.quota.resource_registry [None req-2b47805c-947b-4bcc-bf8f-308b165a4e48 None None] Creating instance of TrackedResource for resource:router
Apr 08 12:12:32 ubuntu neutron-server[117875]: WARNING neutron.quota.resource_registry [None req-2b47805c-947b-4bcc-bf8f-308b165a4e48 None None] router is already registered
Apr 08 12:12:32 ubuntu neutron-server[117875]: INFO neutron.quota.resource_registry [None req-2b47805c-947b-4bcc-bf8f-308b165a4e48 None None] Creating instance of TrackedResource for resource:floatingip
Apr 08 12:12:32 ubuntu neutron-server[117875]: WARNING neutron.quota.resource_registry [None req-2b47805c-947b-4bcc-bf8f-308b165a4e48 None None] floatingip is already registered
Apr 08 12:12:32 ubuntu neutron-server[117875]: INFO neutron.quota.resource_registry [None req-2b47805c-947b-4bcc-bf8f-308b165a4e48 None None] Creating instance of CountableResource for resource:rbac_policy
Apr 08 12:12:32 ubuntu neutron-server[117875]: WARNING neutron.quota.resource_registry [None req-2b47805c-947b-4bcc-bf8f-308b165a4e48 None None] rbac_policy is already registered
Apr 08 12:12:32 ubuntu neutron-server[117875]: INFO neutron.quota.resource_registry [None req-2b47805c-947b-4bcc-bf8f-308b165a4e48 None None] Creating instance of TrackedResource for resource:security_group
Apr 08 12:12:32 ubuntu neutron-server[117875]: WARNING neutron.quota.resource_registry [None req-2b47805c-947b-4bcc-bf8f-308b165a4e48 None None] security_group is already registered
Apr 08 12:12:32 ubuntu neutron-server[117875]: INFO neutron.quota.resource_registry [None req-2b47805c-947b-4bcc-bf8f-308b165a4e48 None None] Creating instance of TrackedResource for resource:security_group_rule
Apr 08 12:12:32 ubuntu neutron-server[117875]: WARNING neutron.quota.resource_registry [None req-2b47805c-947b-4bcc-bf8f-308b165a4e48 None None] security_group_rule is already registered
Apr 08 12:12:32 ubuntu neutron-server[117875]: DEBUG neutron.api.extensions [None req-2b47805c-947b-4bcc-bf8f-308b165a4e48 None None] Extended resource: extensions {{(pid=117875) __init__ /opt/stack/neutron/neutron/api/extensions.py:157}}
Apr 08 12:12:32 ubuntu neutron-server[117875]: DEBUG neutron.api.extensions [None req-2b47805c-947b-4bcc-bf8f-308b165a4e48 None None] Extended resource: address-groups {{(pid=117875) __init__ /opt/stack/neutron/neutron/api/extensions.py:157}}
Apr 08 12:12:32 ubuntu neutron-server[117875]: DEBUG neutron.api.extensions [None req-2b47805c-947b-4bcc-bf8f-308b165a4e48 None None] Extended resource: address-scopes {{(pid=117875) __init__ /opt/stack/neutron/neutron/api/extensions.py:157}}
Apr 08 12:12:32 ubuntu neutron-server[117875]: DEBUG neutron.api.extensions [None req-2b47805c-947b-4bcc-bf8f-308b165a4e48 None None] Extended resource: agents {{(pid=117875) __init__ /opt/stack/neutron/neutron/api/extensions.py:157}}
Apr 08 12:12:32 ubuntu neutron-server[117875]: DEBUG neutron.api.extensions [None req-2b47805c-947b-4bcc-bf8f-308b165a4e48 None None] Extended resource: auto-allocated-topology {{(pid=117875) __init__ /opt/stack/neutron/neutron/api/extensions.py:157}}
Apr 08 12:12:32 ubuntu neutron-server[117875]: DEBUG neutron.api.extensions [None req-2b47805c-947b-4bcc-bf8f-308b165a4e48 None None] Extended resource: availability_zones {{(pid=117875) __init__ /opt/stack/neutron/neutron/api/extensions.py:157}}
Apr 08 12:12:32 ubuntu neutron-server[117875]: DEBUG neutron.api.extensions [None req-2b47805c-947b-4bcc-bf8f-308b165a4e48 None None] Extended resource: flavors {{(pid=117875) __init__ /opt/stack/neutron/neutron/api/extensions.py:157}}
Apr 08 12:12:32 ubuntu neutron-server[117875]: DEBUG neutron.api.extensions [None req-2b47805c-947b-4bcc-bf8f-308b165a4e48 None None] Extended resource: service_profiles {{(pid=117875) __init__ /opt/stack/neutron/neutron/api/extensions.py:157}}
Apr 08 12:12:32 ubuntu neutron-server[117875]: DEBUG neutron.api.extensions [None req-2b47805c-947b-4bcc-bf8f-308b165a4e48 None None] Extended resource: next_providers {{(pid=117875) __init__ /opt/stack/neutron/neutron/api/extensions.py:157}}
Apr 08 12:12:32 ubuntu neutron-server[117875]: DEBUG neutron.api.extensions [None req-2b47805c-947b-4bcc-bf8f-308b165a4e48 None None] Extended resource: service_profiles {{(pid=117875) __init__ /opt/stack/neutron/neutron/api/extensions.py:157}}
Apr 08 12:12:32 ubuntu neutron-server[117875]: DEBUG neutron.api.extensions [None req-2b47805c-947b-4bcc-bf8f-308b165a4e48 None None] Extended resource: floatingip-pools {{(pid=117875) __init__ /opt/stack/neutron/neutron/api/extensions.py:157}}
Apr 08 12:12:32 ubuntu neutron-server[117875]: DEBUG neutron.api.extensions [None req-2b47805c-947b-4bcc-bf8f-308b165a4e48 None None] Extended resource: routers {{(pid=117875) __init__ /opt/stack/neutron/neutron/api/extensions.py:157}}
Apr 08 12:12:32 ubuntu neutron-server[117875]: DEBUG neutron.api.extensions [None req-2b47805c-947b-4bcc-bf8f-308b165a4e48 None None] Extended resource: floatingips {{(pid=117875) __init__ /opt/stack/neutron/neutron/api/extensions.py:157}}
Apr 08 12:12:32 ubuntu neutron-server[117875]: DEBUG neutron.api.extensions [None req-2b47805c-947b-4bcc-bf8f-308b165a4e48 None None] Extended resource: network-ip-availabilities {{(pid=117875) __init__ /opt/stack/neutron/neutron/api/extensions.py:157}}
Apr 08 12:12:32 ubuntu neutron-server[117875]: DEBUG neutron.api.extensions [None req-2b47805c-947b-4bcc-bf8f-308b165a4e48 None None] Extended resource: bindings {{(pid=117875) __init__ /opt/stack/neutron/neutron/api/extensions.py:157}}
Apr 08 12:12:32 ubuntu neutron-server[117875]: DEBUG neutron.api.extensions [None req-2b47805c-947b-4bcc-bf8f-308b165a4e48 None None] Extended resource: quotas {{(pid=117875) __init__ /opt/stack/neutron/neutron/api/extensions.py:157}}
Apr 08 12:12:32 ubuntu neutron-server[117875]: DEBUG neutron.api.extensions [None req-2b47805c-947b-4bcc-bf8f-308b165a4e48 None None] Extended resource: quotas {{(pid=117875) __init__ /opt/stack/neutron/neutron/api/extensions.py:157}}
Apr 08 12:12:32 ubuntu neutron-server[117875]: DEBUG neutron.api.extensions [None req-2b47805c-947b-4bcc-bf8f-308b165a4e48 None None] Extended resource: rbac-policies {{(pid=117875) __init__ /opt/stack/neutron/neutron/api/extensions.py:157}}
Apr 08 12:12:32 ubuntu neutron-server[117875]: DEBUG neutron.api.extensions [None req-2b47805c-947b-4bcc-bf8f-308b165a4e48 None None] Extended resource: security-groups {{(pid=117875) __init__ /opt/stack/neutron/neutron/api/extensions.py:157}}
Apr 08 12:12:32 ubuntu neutron-server[117875]: DEBUG neutron.api.extensions [None req-2b47805c-947b-4bcc-bf8f-308b165a4e48 None None] Extended resource: security-group-rules {{(pid=117875) __init__ /opt/stack/neutron/neutron/api/extensions.py:157}}
Apr 08 12:12:32 ubuntu neutron-server[117875]: DEBUG neutron.api.extensions [None req-2b47805c-947b-4bcc-bf8f-308b165a4e48 None None] Extended resource: service-providers {{(pid=117875) __init__ /opt/stack/neutron/neutron/api/extensions.py:157}}
Apr 08 12:12:32 ubuntu neutron-server[117875]: DEBUG neutron.api.extensions [None req-2b47805c-947b-4bcc-bf8f-308b165a4e48 None None] Extended resource: tags {{(pid=117875) __init__ /opt/stack/neutron/neutron/api/extensions.py:157}}
Apr 08 12:12:32 ubuntu neutron-server[117875]: DEBUG neutron.api.extensions [None req-2b47805c-947b-4bcc-bf8f-308b165a4e48 None None] Extended resource: tags {{(pid=117875) __init__ /opt/stack/neutron/neutron/api/extensions.py:157}}
Apr 08 12:12:32 ubuntu neutron-server[117875]: DEBUG neutron.api.extensions [None req-2b47805c-947b-4bcc-bf8f-308b165a4e48 None None] Extended resource: tags {{(pid=117875) __init__ /opt/stack/neutron/neutron/api/extensions.py:157}}
Apr 08 12:12:32 ubuntu neutron-server[117875]: DEBUG neutron.api.extensions [None req-2b47805c-947b-4bcc-bf8f-308b165a4e48 None None] Extended resource: tags {{(pid=117875) __init__ /opt/stack/neutron/neutron/api/extensions.py:157}}
Apr 08 12:12:32 ubuntu neutron-server[117875]: DEBUG neutron.api.extensions [None req-2b47805c-947b-4bcc-bf8f-308b165a4e48 None None] Extended resource: tags {{(pid=117875) __init__ /opt/stack/neutron/neutron/api/extensions.py:157}}
Apr 08 12:12:32 ubuntu neutron-server[117875]: DEBUG neutron.api.extensions [None req-2b47805c-947b-4bcc-bf8f-308b165a4e48 None None] Extended resource: tags {{(pid=117875) __init__ /opt/stack/neutron/neutron/api/extensions.py:157}}
Apr 08 12:12:32 ubuntu neutron-server[117875]: DEBUG neutron.api.extensions [None req-2b47805c-947b-4bcc-bf8f-308b165a4e48 None None] Extended resource: tags {{(pid=117875) __init__ /opt/stack/neutron/neutron/api/extensions.py:157}}
Apr 08 12:12:32 ubuntu neutron-server[117875]: DEBUG neutron.api.extensions [None req-2b47805c-947b-4bcc-bf8f-308b165a4e48 None None] Extended resource: tags {{(pid=117875) __init__ /opt/stack/neutron/neutron/api/extensions.py:157}}
Apr 08 12:12:32 ubuntu neutron-server[117875]: DEBUG neutron.api.extensions [None req-2b47805c-947b-4bcc-bf8f-308b165a4e48 None None] Extended resource: tags {{(pid=117875) __init__ /opt/stack/neutron/neutron/api/extensions.py:157}}
Apr 08 12:12:32 ubuntu neutron-server[117875]: DEBUG neutron.api.extensions [None req-2b47805c-947b-4bcc-bf8f-308b165a4e48 None None] Extended resource: tags {{(pid=117875) __init__ /opt/stack/neutron/neutron/api/extensions.py:157}}
Apr 08 12:12:32 ubuntu neutron-server[117875]: WARNING keystonemiddleware.auth_token [None req-2b47805c-947b-4bcc-bf8f-308b165a4e48 None None] AuthToken middleware is set with keystone_authtoken.service_token_roles_required set to False. This is backwards compatible but deprecated behaviour. Please set this to True.
Apr 08 12:12:32 ubuntu neutron-server[117875]: WARNING keystonemiddleware.auth_token [None req-2b47805c-947b-4bcc-bf8f-308b165a4e48 None None] Configuring www_authenticate_uri to point to the public identity endpoint is required; clients may not be able to authenticate against an admin endpoint
Apr 08 12:12:32 ubuntu neutron-server[117875]: DEBUG oslo_concurrency.lockutils [None req-2b47805c-947b-4bcc-bf8f-308b165a4e48 None None] Acquired lock "singleton_lock" {{(pid=117875) lock /usr/local/lib/python3.8/dist-packages/oslo_concurrency/lockutils.py:294}}
Apr 08 12:12:32 ubuntu neutron-server[117875]: DEBUG oslo_concurrency.lockutils [None req-2b47805c-947b-4bcc-bf8f-308b165a4e48 None None] Releasing lock "singleton_lock" {{(pid=117875) lock /usr/local/lib/python3.8/dist-packages/oslo_concurrency/lockutils.py:312}}
Apr 08 12:12:32 ubuntu neutron-server[117875]: INFO oslo_service.service [None req-2b47805c-947b-4bcc-bf8f-308b165a4e48 None None] Starting 2 workers
Apr 08 12:12:32 ubuntu neutron-server[117875]: DEBUG oslo_service.service [None req-2b47805c-947b-4bcc-bf8f-308b165a4e48 None None] Started child 118091 {{(pid=117875) _start_child /usr/local/lib/python3.8/dist-packages/oslo_service/service.py:575}}
Apr 08 12:12:32 ubuntu neutron-server[117875]: DEBUG oslo_service.service [None req-2b47805c-947b-4bcc-bf8f-308b165a4e48 None None] Started child 118092 {{(pid=117875) _start_child /usr/local/lib/python3.8/dist-packages/oslo_service/service.py:575}}
Apr 08 12:12:32 ubuntu neutron-server[117875]: INFO neutron.service [None req-2b47805c-947b-4bcc-bf8f-308b165a4e48 None None] Neutron service started, listening on 0.0.0.0:9696
Apr 08 12:12:32 ubuntu neutron-server[117875]: DEBUG neutron_lib.callbacks.manager [None req-2b47805c-947b-4bcc-bf8f-308b165a4e48 None None] Publish callbacks ['neutron.plugins.ml2.drivers.ovn.mech_driver.mech_driver.OVNMechanismDriver.pre_fork_initialize-757534'] for process (None), before_spawn {{(pid=117875) _notify_loop /usr/local/lib/python3.8/dist-packages/neutron_lib/callbacks/manager.py:176}}
Apr 08 12:12:32 ubuntu neutron-server[118091]: DEBUG neutron_lib.callbacks.manager [-] Publish callbacks ['neutron.plugins.ml2.drivers.ovn.mech_driver.mech_driver.OVNMechanismDriver.post_fork_initialize-757562'] for process (None), after_init {{(pid=118091) _notify_loop /usr/local/lib/python3.8/dist-packages/neutron_lib/callbacks/manager.py:176}}
Apr 08 12:12:32 ubuntu neutron-server[118092]: DEBUG neutron_lib.callbacks.manager [-] Publish callbacks ['neutron.plugins.ml2.drivers.ovn.mech_driver.mech_driver.OVNMechanismDriver.post_fork_initialize-757562'] for process (None), after_init {{(pid=118092) _notify_loop /usr/local/lib/python3.8/dist-packages/neutron_lib/callbacks/manager.py:176}}
Apr 08 12:12:32 ubuntu neutron-server[117875]: DEBUG ovsdbapp.backend.ovs_idl [None req-2b47805c-947b-4bcc-bf8f-308b165a4e48 None None] Created schema index Port_Group.name {{(pid=117875) autocreate_indices /usr/local/lib/python3.8/dist-packages/ovsdbapp/backend/ovs_idl/__init__.py:126}}
Apr 08 12:12:32 ubuntu neutron-server[117875]: DEBUG ovsdbapp.backend.ovs_idl [None req-2b47805c-947b-4bcc-bf8f-308b165a4e48 None None] Created schema index Logical_Switch_Port.name {{(pid=117875) autocreate_indices /usr/local/lib/python3.8/dist-packages/ovsdbapp/backend/ovs_idl/__init__.py:126}}
Apr 08 12:12:32 ubuntu neutron-server[118092]: INFO neutron.plugins.ml2.drivers.ovn.mech_driver.ovsdb.impl_idl_ovn [None req-d1c281fc-c31f-4be4-9480-d65ef5f40a5f None None] Getting OvsdbNbOvnIdl for WorkerService with retry
Apr 08 12:12:32 ubuntu neutron-server[118091]: INFO neutron.plugins.ml2.drivers.ovn.mech_driver.ovsdb.impl_idl_ovn [None req-6dbd9a0a-b756-489d-8276-4d4bce03a40e None None] Getting OvsdbNbOvnIdl for WorkerService with retry
Apr 08 12:12:32 ubuntu neutron-server[118091]: DEBUG ovsdbapp.backend.ovs_idl [None req-6dbd9a0a-b756-489d-8276-4d4bce03a40e None None] Created lookup_table index Logical_Switch.name {{(pid=118091) autocreate_indices /usr/local/lib/python3.8/dist-packages/ovsdbapp/backend/ovs_idl/__init__.py:107}}
Apr 08 12:12:32 ubuntu neutron-server[118091]: DEBUG ovsdbapp.backend.ovs_idl [None req-6dbd9a0a-b756-489d-8276-4d4bce03a40e None None] Created lookup_table index Logical_Router.name {{(pid=118091) autocreate_indices /usr/local/lib/python3.8/dist-packages/ovsdbapp/backend/ovs_idl/__init__.py:107}}
Apr 08 12:12:32 ubuntu neutron-server[118091]: DEBUG ovsdbapp.backend.ovs_idl [None req-6dbd9a0a-b756-489d-8276-4d4bce03a40e None None] Created lookup_table index Load_Balancer.name {{(pid=118091) autocreate_indices /usr/local/lib/python3.8/dist-packages/ovsdbapp/backend/ovs_idl/__init__.py:107}}
Apr 08 12:12:32 ubuntu neutron-server[118091]: DEBUG ovsdbapp.backend.ovs_idl [None req-6dbd9a0a-b756-489d-8276-4d4bce03a40e None None] Created schema index Meter.name {{(pid=118091) autocreate_indices /usr/local/lib/python3.8/dist-packages/ovsdbapp/backend/ovs_idl/__init__.py:126}}
Apr 08 12:12:32 ubuntu neutron-server[118091]: DEBUG ovsdbapp.backend.ovs_idl [None req-6dbd9a0a-b756-489d-8276-4d4bce03a40e None None] Created schema index Address_Set.name {{(pid=118091) autocreate_indices /usr/local/lib/python3.8/dist-packages/ovsdbapp/backend/ovs_idl/__init__.py:126}}
Apr 08 12:12:32 ubuntu neutron-server[118091]: DEBUG ovsdbapp.backend.ovs_idl [None req-6dbd9a0a-b756-489d-8276-4d4bce03a40e None None] Created schema index HA_Chassis_Group.name {{(pid=118091) autocreate_indices /usr/local/lib/python3.8/dist-packages/ovsdbapp/backend/ovs_idl/__init__.py:126}}
Apr 08 12:12:32 ubuntu neutron-server[118092]: DEBUG ovsdbapp.backend.ovs_idl [None req-d1c281fc-c31f-4be4-9480-d65ef5f40a5f None None] Created lookup_table index Logical_Switch.name {{(pid=118092) autocreate_indices /usr/local/lib/python3.8/dist-packages/ovsdbapp/backend/ovs_idl/__init__.py:107}}
Apr 08 12:12:32 ubuntu neutron-server[118091]: DEBUG ovsdbapp.backend.ovs_idl [None req-6dbd9a0a-b756-489d-8276-4d4bce03a40e None None] Created schema index Connection.target {{(pid=118091) autocreate_indices /usr/local/lib/python3.8/dist-packages/ovsdbapp/backend/ovs_idl/__init__.py:126}}
Apr 08 12:12:32 ubuntu neutron-server[118091]: DEBUG ovsdbapp.backend.ovs_idl [None req-6dbd9a0a-b756-489d-8276-4d4bce03a40e None None] Created schema index Gateway_Chassis.name {{(pid=118091) autocreate_indices /usr/local/lib/python3.8/dist-packages/ovsdbapp/backend/ovs_idl/__init__.py:126}}
Apr 08 12:12:32 ubuntu neutron-server[118092]: DEBUG ovsdbapp.backend.ovs_idl [None req-d1c281fc-c31f-4be4-9480-d65ef5f40a5f None None] Created lookup_table index Logical_Router.name {{(pid=118092) autocreate_indices /usr/local/lib/python3.8/dist-packages/ovsdbapp/backend/ovs_idl/__init__.py:107}}
Apr 08 12:12:32 ubuntu neutron-server[118091]: DEBUG ovsdbapp.backend.ovs_idl [None req-6dbd9a0a-b756-489d-8276-4d4bce03a40e None None] Created schema index Logical_Router_Port.name {{(pid=118091) autocreate_indices /usr/local/lib/python3.8/dist-packages/ovsdbapp/backend/ovs_idl/__init__.py:126}}
Apr 08 12:12:32 ubuntu neutron-server[118092]: DEBUG ovsdbapp.backend.ovs_idl [None req-d1c281fc-c31f-4be4-9480-d65ef5f40a5f None None] Created lookup_table index Load_Balancer.name {{(pid=118092) autocreate_indices /usr/local/lib/python3.8/dist-packages/ovsdbapp/backend/ovs_idl/__init__.py:107}}
Apr 08 12:12:32 ubuntu neutron-server[118091]: DEBUG ovsdbapp.backend.ovs_idl [None req-6dbd9a0a-b756-489d-8276-4d4bce03a40e None None] Created schema index Port_Group.name {{(pid=118091) autocreate_indices /usr/local/lib/python3.8/dist-packages/ovsdbapp/backend/ovs_idl/__init__.py:126}}
Apr 08 12:12:32 ubuntu neutron-server[118091]: DEBUG ovsdbapp.backend.ovs_idl [None req-6dbd9a0a-b756-489d-8276-4d4bce03a40e None None] Created schema index Logical_Switch_Port.name {{(pid=118091) autocreate_indices /usr/local/lib/python3.8/dist-packages/ovsdbapp/backend/ovs_idl/__init__.py:126}}
Apr 08 12:12:32 ubuntu neutron-server[118092]: DEBUG ovsdbapp.backend.ovs_idl [None req-d1c281fc-c31f-4be4-9480-d65ef5f40a5f None None] Created schema index Meter.name {{(pid=118092) autocreate_indices /usr/local/lib/python3.8/dist-packages/ovsdbapp/backend/ovs_idl/__init__.py:126}}
Apr 08 12:12:32 ubuntu neutron-server[118092]: DEBUG ovsdbapp.backend.ovs_idl [None req-d1c281fc-c31f-4be4-9480-d65ef5f40a5f None None] Created schema index Address_Set.name {{(pid=118092) autocreate_indices /usr/local/lib/python3.8/dist-packages/ovsdbapp/backend/ovs_idl/__init__.py:126}}
Apr 08 12:12:32 ubuntu neutron-server[118091]: INFO ovsdbapp.backend.ovs_idl.vlog [None req-6dbd9a0a-b756-489d-8276-4d4bce03a40e None None] tcp:192.168.79.47:6641: connecting...
Apr 08 12:12:32 ubuntu neutron-server[118092]: DEBUG ovsdbapp.backend.ovs_idl [None req-d1c281fc-c31f-4be4-9480-d65ef5f40a5f None None] Created schema index HA_Chassis_Group.name {{(pid=118092) autocreate_indices /usr/local/lib/python3.8/dist-packages/ovsdbapp/backend/ovs_idl/__init__.py:126}}
Apr 08 12:12:32 ubuntu neutron-server[118091]: INFO ovsdbapp.backend.ovs_idl.vlog [None req-6dbd9a0a-b756-489d-8276-4d4bce03a40e None None] tcp:192.168.79.47:6641: connected
Apr 08 12:12:32 ubuntu neutron-server[118092]: DEBUG ovsdbapp.backend.ovs_idl [None req-d1c281fc-c31f-4be4-9480-d65ef5f40a5f None None] Created schema index Connection.target {{(pid=118092) autocreate_indices /usr/local/lib/python3.8/dist-packages/ovsdbapp/backend/ovs_idl/__init__.py:126}}
Apr 08 12:12:32 ubuntu neutron-server[118092]: DEBUG ovsdbapp.backend.ovs_idl [None req-d1c281fc-c31f-4be4-9480-d65ef5f40a5f None None] Created schema index Gateway_Chassis.name {{(pid=118092) autocreate_indices /usr/local/lib/python3.8/dist-packages/ovsdbapp/backend/ovs_idl/__init__.py:126}}
Apr 08 12:12:32 ubuntu neutron-server[118092]: DEBUG ovsdbapp.backend.ovs_idl [None req-d1c281fc-c31f-4be4-9480-d65ef5f40a5f None None] Created schema index Logical_Router_Port.name {{(pid=118092) autocreate_indices /usr/local/lib/python3.8/dist-packages/ovsdbapp/backend/ovs_idl/__init__.py:126}}
Apr 08 12:12:32 ubuntu neutron-server[118092]: DEBUG ovsdbapp.backend.ovs_idl [None req-d1c281fc-c31f-4be4-9480-d65ef5f40a5f None None] Created schema index Port_Group.name {{(pid=118092) autocreate_indices /usr/local/lib/python3.8/dist-packages/ovsdbapp/backend/ovs_idl/__init__.py:126}}
Apr 08 12:12:32 ubuntu neutron-server[118092]: DEBUG ovsdbapp.backend.ovs_idl [None req-d1c281fc-c31f-4be4-9480-d65ef5f40a5f None None] Created schema index Logical_Switch_Port.name {{(pid=118092) autocreate_indices /usr/local/lib/python3.8/dist-packages/ovsdbapp/backend/ovs_idl/__init__.py:126}}
Apr 08 12:12:32 ubuntu neutron-server[118092]: INFO ovsdbapp.backend.ovs_idl.vlog [None req-d1c281fc-c31f-4be4-9480-d65ef5f40a5f None None] tcp:192.168.79.47:6641: connecting...
Apr 08 12:12:32 ubuntu neutron-server[117875]: DEBUG ovsdbapp.backend.ovs_idl.transaction [-] Running txn n=1 command(idx=0): PgAddCommand(name=neutron_pg_drop, may_exist=True, columns={'acls': []}) {{(pid=117875) do_commit /usr/local/lib/python3.8/dist-packages/ovsdbapp/backend/ovs_idl/transaction.py:90}}
Apr 08 12:12:32 ubuntu neutron-server[118092]: INFO ovsdbapp.backend.ovs_idl.vlog [None req-d1c281fc-c31f-4be4-9480-d65ef5f40a5f None None] tcp:192.168.79.47:6641: connected
Apr 08 12:12:32 ubuntu neutron-server[117875]: DEBUG ovsdbapp.backend.ovs_idl.transaction [-] Running txn n=1 command(idx=1): PgAclAddCommand(entity=neutron_pg_drop, direction=from-lport, priority=1001, match=inport == @neutron_pg_drop && ip, action=drop, log=False, may_exist=True, severity=[], name=[], meter=None, external_ids={}) {{(pid=117875) do_commit /usr/local/lib/python3.8/dist-packages/ovsdbapp/backend/ovs_idl/transaction.py:90}}
Apr 08 12:12:32 ubuntu neutron-server[117875]: DEBUG ovsdbapp.backend.ovs_idl.transaction [-] Running txn n=1 command(idx=2): PgAclAddCommand(entity=neutron_pg_drop, direction=to-lport, priority=1001, match=outport == @neutron_pg_drop && ip, action=drop, log=False, may_exist=True, severity=[], name=[], meter=None, external_ids={}) {{(pid=117875) do_commit /usr/local/lib/python3.8/dist-packages/ovsdbapp/backend/ovs_idl/transaction.py:90}}
Apr 08 12:12:32 ubuntu neutron-server[117875]: DEBUG ovsdbapp.backend.ovs_idl.event [-] Matched CREATE: NeutronPgDropPortGroupCreated(events=('create',), table='Port_Group', conditions=(('name', '=', 'neutron_pg_drop'),), old_conditions=None), priority=10 to row=Port_Group(name=neutron_pg_drop, ports=[], external_ids={}, acls=[<ovs.db.idl.Row object at 0x7f40941d4760>, <ovs.db.idl.Row object at 0x7f40941d0160>]) old= {{(pid=117875) matches /usr/local/lib/python3.8/dist-packages/ovsdbapp/backend/ovs_idl/event.py:43}}
Apr 08 12:12:32 ubuntu neutron-server[117875]: DEBUG ovsdbapp.backend.ovs_idl [None req-2b47805c-947b-4bcc-bf8f-308b165a4e48 None None] Created lookup_table index Logical_Switch.name {{(pid=117875) autocreate_indices /usr/local/lib/python3.8/dist-packages/ovsdbapp/backend/ovs_idl/__init__.py:107}}
Apr 08 12:12:32 ubuntu neutron-server[117875]: DEBUG ovsdbapp.backend.ovs_idl [None req-2b47805c-947b-4bcc-bf8f-308b165a4e48 None None] Created lookup_table index Logical_Router.name {{(pid=117875) autocreate_indices /usr/local/lib/python3.8/dist-packages/ovsdbapp/backend/ovs_idl/__init__.py:107}}
Apr 08 12:12:32 ubuntu neutron-server[117875]: DEBUG ovsdbapp.backend.ovs_idl [None req-2b47805c-947b-4bcc-bf8f-308b165a4e48 None None] Created lookup_table index Load_Balancer.name {{(pid=117875) autocreate_indices /usr/local/lib/python3.8/dist-packages/ovsdbapp/backend/ovs_idl/__init__.py:107}}
Apr 08 12:12:32 ubuntu neutron-server[117875]: DEBUG ovsdbapp.backend.ovs_idl [None req-2b47805c-947b-4bcc-bf8f-308b165a4e48 None None] Created schema index Meter.name {{(pid=117875) autocreate_indices /usr/local/lib/python3.8/dist-packages/ovsdbapp/backend/ovs_idl/__init__.py:126}}
Apr 08 12:12:32 ubuntu neutron-server[117875]: DEBUG ovsdbapp.backend.ovs_idl [None req-2b47805c-947b-4bcc-bf8f-308b165a4e48 None None] Created schema index Address_Set.name {{(pid=117875) autocreate_indices /usr/local/lib/python3.8/dist-packages/ovsdbapp/backend/ovs_idl/__init__.py:126}}
Apr 08 12:12:32 ubuntu neutron-server[117875]: DEBUG ovsdbapp.backend.ovs_idl [None req-2b47805c-947b-4bcc-bf8f-308b165a4e48 None None] Created schema index HA_Chassis_Group.name {{(pid=117875) autocreate_indices /usr/local/lib/python3.8/dist-packages/ovsdbapp/backend/ovs_idl/__init__.py:126}}
Apr 08 12:12:32 ubuntu neutron-server[117875]: DEBUG ovsdbapp.backend.ovs_idl [None req-2b47805c-947b-4bcc-bf8f-308b165a4e48 None None] Created schema index Connection.target {{(pid=117875) autocreate_indices /usr/local/lib/python3.8/dist-packages/ovsdbapp/backend/ovs_idl/__init__.py:126}}
Apr 08 12:12:32 ubuntu neutron-server[117875]: DEBUG ovsdbapp.backend.ovs_idl [None req-2b47805c-947b-4bcc-bf8f-308b165a4e48 None None] Created schema index Gateway_Chassis.name {{(pid=117875) autocreate_indices /usr/local/lib/python3.8/dist-packages/ovsdbapp/backend/ovs_idl/__init__.py:126}}
Apr 08 12:12:32 ubuntu neutron-server[117875]: DEBUG ovsdbapp.backend.ovs_idl [None req-2b47805c-947b-4bcc-bf8f-308b165a4e48 None None] Created schema index Logical_Router_Port.name {{(pid=117875) autocreate_indices /usr/local/lib/python3.8/dist-packages/ovsdbapp/backend/ovs_idl/__init__.py:126}}
Apr 08 12:12:32 ubuntu neutron-server[117875]: DEBUG ovsdbapp.backend.ovs_idl [None req-2b47805c-947b-4bcc-bf8f-308b165a4e48 None None] Created schema index Port_Group.name {{(pid=117875) autocreate_indices /usr/local/lib/python3.8/dist-packages/ovsdbapp/backend/ovs_idl/__init__.py:126}}
Apr 08 12:12:32 ubuntu neutron-server[117875]: DEBUG ovsdbapp.backend.ovs_idl [None req-2b47805c-947b-4bcc-bf8f-308b165a4e48 None None] Created schema index Logical_Switch_Port.name {{(pid=117875) autocreate_indices /usr/local/lib/python3.8/dist-packages/ovsdbapp/backend/ovs_idl/__init__.py:126}}
Apr 08 12:12:32 ubuntu neutron-server[118092]: DEBUG neutron.common.ovn.hash_ring_manager [None req-d1c281fc-c31f-4be4-9480-d65ef5f40a5f None None] Allow caching, nodes 2>=2 {{(pid=118092) _wait_startup_before_caching /opt/stack/neutron/neutron/common/ovn/hash_ring_manager.py:60}}
Apr 08 12:12:32 ubuntu neutron-server[118092]: DEBUG neutron.plugins.ml2.drivers.ovn.mech_driver.ovsdb.ovsdb_monitor [None req-d1c281fc-c31f-4be4-9480-d65ef5f40a5f None None] Hash Ring: Node b0c8969a-f8ac-473e-a22a-c2ae8142c423 (host: ubuntu) handling event "create" for row a5ad527d-c524-4a43-ae68-66a0ab8b7904 (table: Database) {{(pid=118092) notify /opt/stack/neutron/neutron/plugins/ml2/drivers/ovn/mech_driver/ovsdb/ovsdb_monitor.py:805}}
Apr 08 12:12:32 ubuntu neutron-server[118092]: DEBUG neutron.plugins.ml2.drivers.ovn.mech_driver.ovsdb.ovsdb_monitor [None req-d1c281fc-c31f-4be4-9480-d65ef5f40a5f None None] Hash Ring: Node b0c8969a-f8ac-473e-a22a-c2ae8142c423 (host: ubuntu) handling event "create" for row 2cc340bc-efcc-4c94-ba66-457bba07f34c (table: Database) {{(pid=118092) notify /opt/stack/neutron/neutron/plugins/ml2/drivers/ovn/mech_driver/ovsdb/ovsdb_monitor.py:805}}
Apr 08 12:12:32 ubuntu neutron-server[118091]: DEBUG neutron.common.ovn.hash_ring_manager [None req-6dbd9a0a-b756-489d-8276-4d4bce03a40e None None] Allow caching, nodes 2>=2 {{(pid=118091) _wait_startup_before_caching /opt/stack/neutron/neutron/common/ovn/hash_ring_manager.py:60}}
Apr 08 12:12:32 ubuntu neutron-server[118092]: DEBUG neutron.plugins.ml2.drivers.ovn.mech_driver.ovsdb.ovsdb_monitor [None req-d1c281fc-c31f-4be4-9480-d65ef5f40a5f None None] Hash Ring: Node b0c8969a-f8ac-473e-a22a-c2ae8142c423 (host: ubuntu) handling event "create" for row 8f30b6df-104e-4b34-9e07-0c65165c9834 (table: Port_Group) {{(pid=118092) notify /opt/stack/neutron/neutron/plugins/ml2/drivers/ovn/mech_driver/ovsdb/ovsdb_monitor.py:805}}
Apr 08 12:12:32 ubuntu neutron-server[118092]: DEBUG neutron.plugins.ml2.drivers.ovn.mech_driver.ovsdb.ovsdb_monitor [None req-d1c281fc-c31f-4be4-9480-d65ef5f40a5f None None] Hash Ring: Node b0c8969a-f8ac-473e-a22a-c2ae8142c423 (host: ubuntu) handling event "create" for row 80958eb0-f078-4541-b838-08ce7187d12f (table: NB_Global) {{(pid=118092) notify /opt/stack/neutron/neutron/plugins/ml2/drivers/ovn/mech_driver/ovsdb/ovsdb_monitor.py:805}}
Apr 08 12:12:32 ubuntu neutron-server[118092]: DEBUG neutron.plugins.ml2.drivers.ovn.mech_driver.ovsdb.ovsdb_monitor [None req-d1c281fc-c31f-4be4-9480-d65ef5f40a5f None None] Hash Ring: Node b0c8969a-f8ac-473e-a22a-c2ae8142c423 (host: ubuntu) handling event "create" for row c3d2df82-95ec-4b52-a7da-c56f1a61f1ea (table: ACL) {{(pid=118092) notify /opt/stack/neutron/neutron/plugins/ml2/drivers/ovn/mech_driver/ovsdb/ovsdb_monitor.py:805}}
Apr 08 12:12:32 ubuntu neutron-server[118092]: DEBUG neutron.plugins.ml2.drivers.ovn.mech_driver.ovsdb.ovsdb_monitor [None req-d1c281fc-c31f-4be4-9480-d65ef5f40a5f None None] Hash Ring: Node b0c8969a-f8ac-473e-a22a-c2ae8142c423 (host: ubuntu) handling event "create" for row ebb4a3ac-ca0b-46b1-8105-cf9f15073671 (table: Connection) {{(pid=118092) notify /opt/stack/neutron/neutron/plugins/ml2/drivers/ovn/mech_driver/ovsdb/ovsdb_monitor.py:805}}
Apr 08 12:12:32 ubuntu neutron-server[118092]: INFO neutron.plugins.ml2.drivers.ovn.mech_driver.ovsdb.impl_idl_ovn [None req-d1c281fc-c31f-4be4-9480-d65ef5f40a5f None None] Getting OvsdbSbOvnIdl for WorkerService with retry
Apr 08 12:12:32 ubuntu neutron-server[117875]: DEBUG ovsdbapp.backend.ovs_idl [None req-2b47805c-947b-4bcc-bf8f-308b165a4e48 None None] Created lookup_table index Chassis.name {{(pid=117875) autocreate_indices /usr/local/lib/python3.8/dist-packages/ovsdbapp/backend/ovs_idl/__init__.py:107}}
Apr 08 12:12:32 ubuntu neutron-server[117875]: DEBUG ovsdbapp.backend.ovs_idl [None req-2b47805c-947b-4bcc-bf8f-308b165a4e48 None None] Created lookup_table index MAC_Binding.ip {{(pid=117875) autocreate_indices /usr/local/lib/python3.8/dist-packages/ovsdbapp/backend/ovs_idl/__init__.py:107}}
Apr 08 12:12:32 ubuntu neutron-server[117875]: DEBUG ovsdbapp.backend.ovs_idl [None req-2b47805c-947b-4bcc-bf8f-308b165a4e48 None None] Created schema index Meter.name {{(pid=117875) autocreate_indices /usr/local/lib/python3.8/dist-packages/ovsdbapp/backend/ovs_idl/__init__.py:126}}
Apr 08 12:12:32 ubuntu neutron-server[117875]: DEBUG ovsdbapp.backend.ovs_idl [None req-2b47805c-947b-4bcc-bf8f-308b165a4e48 None None] Created schema index Address_Set.name {{(pid=117875) autocreate_indices /usr/local/lib/python3.8/dist-packages/ovsdbapp/backend/ovs_idl/__init__.py:126}}
Apr 08 12:12:32 ubuntu neutron-server[117875]: DEBUG ovsdbapp.backend.ovs_idl [None req-2b47805c-947b-4bcc-bf8f-308b165a4e48 None None] Created schema index HA_Chassis_Group.name {{(pid=117875) autocreate_indices /usr/local/lib/python3.8/dist-packages/ovsdbapp/backend/ovs_idl/__init__.py:126}}
Apr 08 12:12:32 ubuntu neutron-server[117875]: DEBUG ovsdbapp.backend.ovs_idl [None req-2b47805c-947b-4bcc-bf8f-308b165a4e48 None None] Created schema index IP_Multicast.datapath {{(pid=117875) autocreate_indices /usr/local/lib/python3.8/dist-packages/ovsdbapp/backend/ovs_idl/__init__.py:126}}
Apr 08 12:12:32 ubuntu neutron-server[117875]: DEBUG ovsdbapp.backend.ovs_idl [None req-2b47805c-947b-4bcc-bf8f-308b165a4e48 None None] Created schema index Connection.target {{(pid=117875) autocreate_indices /usr/local/lib/python3.8/dist-packages/ovsdbapp/backend/ovs_idl/__init__.py:126}}
Apr 08 12:12:32 ubuntu neutron-server[117875]: DEBUG ovsdbapp.backend.ovs_idl [None req-2b47805c-947b-4bcc-bf8f-308b165a4e48 None None] Created schema index Gateway_Chassis.name {{(pid=117875) autocreate_indices /usr/local/lib/python3.8/dist-packages/ovsdbapp/backend/ovs_idl/__init__.py:126}}
Apr 08 12:12:32 ubuntu neutron-server[117875]: DEBUG ovsdbapp.backend.ovs_idl [None req-2b47805c-947b-4bcc-bf8f-308b165a4e48 None None] Created schema index Port_Group.name {{(pid=117875) autocreate_indices /usr/local/lib/python3.8/dist-packages/ovsdbapp/backend/ovs_idl/__init__.py:126}}
Apr 08 12:12:32 ubuntu neutron-server[117875]: DEBUG ovsdbapp.backend.ovs_idl [None req-2b47805c-947b-4bcc-bf8f-308b165a4e48 None None] Created schema index Datapath_Binding.tunnel_key {{(pid=117875) autocreate_indices /usr/local/lib/python3.8/dist-packages/ovsdbapp/backend/ovs_idl/__init__.py:126}}
Apr 08 12:12:32 ubuntu neutron-server[118092]: DEBUG ovsdbapp.backend.ovs_idl [None req-d1c281fc-c31f-4be4-9480-d65ef5f40a5f None None] Created lookup_table index Chassis.name {{(pid=118092) autocreate_indices /usr/local/lib/python3.8/dist-packages/ovsdbapp/backend/ovs_idl/__init__.py:107}}
Apr 08 12:12:32 ubuntu neutron-server[118092]: DEBUG ovsdbapp.backend.ovs_idl [None req-d1c281fc-c31f-4be4-9480-d65ef5f40a5f None None] Created schema index Datapath_Binding.tunnel_key {{(pid=118092) autocreate_indices /usr/local/lib/python3.8/dist-packages/ovsdbapp/backend/ovs_idl/__init__.py:126}}
Apr 08 12:12:32 ubuntu neutron-server[118092]: DEBUG ovsdbapp.backend.ovs_idl [None req-d1c281fc-c31f-4be4-9480-d65ef5f40a5f None None] Created schema index Connection.target {{(pid=118092) autocreate_indices /usr/local/lib/python3.8/dist-packages/ovsdbapp/backend/ovs_idl/__init__.py:126}}
Apr 08 12:12:32 ubuntu neutron-server[118092]: INFO ovsdbapp.backend.ovs_idl.vlog [None req-d1c281fc-c31f-4be4-9480-d65ef5f40a5f None None] tcp:192.168.79.47:6642: connecting...
Apr 08 12:12:32 ubuntu neutron-server[118091]: DEBUG neutron.plugins.ml2.drivers.ovn.mech_driver.ovsdb.ovsdb_monitor [None req-6dbd9a0a-b756-489d-8276-4d4bce03a40e None None] Hash Ring: Node 6f054121-ff5b-4418-98db-b9fcec64f362 (host: ubuntu) handling event "create" for row c374735b-a456-47e3-aa21-c77004850ed7 (table: ACL) {{(pid=118091) notify /opt/stack/neutron/neutron/plugins/ml2/drivers/ovn/mech_driver/ovsdb/ovsdb_monitor.py:805}}
Apr 08 12:12:32 ubuntu neutron-server[118092]: INFO ovsdbapp.backend.ovs_idl.vlog [None req-d1c281fc-c31f-4be4-9480-d65ef5f40a5f None None] tcp:192.168.79.47:6642: connected
Apr 08 12:12:32 ubuntu neutron-server[118091]: INFO neutron.plugins.ml2.drivers.ovn.mech_driver.ovsdb.impl_idl_ovn [None req-6dbd9a0a-b756-489d-8276-4d4bce03a40e None None] Getting OvsdbSbOvnIdl for WorkerService with retry
Apr 08 12:12:32 ubuntu neutron-server[118091]: DEBUG ovsdbapp.backend.ovs_idl [None req-6dbd9a0a-b756-489d-8276-4d4bce03a40e None None] Created lookup_table index Chassis.name {{(pid=118091) autocreate_indices /usr/local/lib/python3.8/dist-packages/ovsdbapp/backend/ovs_idl/__init__.py:107}}
Apr 08 12:12:32 ubuntu neutron-server[118091]: DEBUG ovsdbapp.backend.ovs_idl [None req-6dbd9a0a-b756-489d-8276-4d4bce03a40e None None] Created schema index Datapath_Binding.tunnel_key {{(pid=118091) autocreate_indices /usr/local/lib/python3.8/dist-packages/ovsdbapp/backend/ovs_idl/__init__.py:126}}
Apr 08 12:12:32 ubuntu neutron-server[118091]: DEBUG ovsdbapp.backend.ovs_idl [None req-6dbd9a0a-b756-489d-8276-4d4bce03a40e None None] Created schema index Connection.target {{(pid=118091) autocreate_indices /usr/local/lib/python3.8/dist-packages/ovsdbapp/backend/ovs_idl/__init__.py:126}}
Apr 08 12:12:32 ubuntu neutron-server[118091]: INFO ovsdbapp.backend.ovs_idl.vlog [None req-6dbd9a0a-b756-489d-8276-4d4bce03a40e None None] tcp:192.168.79.47:6642: connecting...
Apr 08 12:12:32 ubuntu neutron-server[118091]: INFO ovsdbapp.backend.ovs_idl.vlog [None req-6dbd9a0a-b756-489d-8276-4d4bce03a40e None None] tcp:192.168.79.47:6642: connected
Apr 08 12:12:32 ubuntu neutron-server[117875]: INFO oslo_service.service [None req-2b47805c-947b-4bcc-bf8f-308b165a4e48 None None] Starting 1 workers
Apr 08 12:12:32 ubuntu neutron-server[117875]: DEBUG oslo_service.service [None req-2b47805c-947b-4bcc-bf8f-308b165a4e48 None None] Started child 118094 {{(pid=117875) _start_child /usr/local/lib/python3.8/dist-packages/oslo_service/service.py:575}}
Apr 08 12:12:32 ubuntu neutron-server[117875]: INFO oslo_service.service [None req-2b47805c-947b-4bcc-bf8f-308b165a4e48 None None] Starting 1 workers
Apr 08 12:12:32 ubuntu neutron-server[117875]: DEBUG oslo_service.service [None req-2b47805c-947b-4bcc-bf8f-308b165a4e48 None None] Started child 118095 {{(pid=117875) _start_child /usr/local/lib/python3.8/dist-packages/oslo_service/service.py:575}}
Apr 08 12:12:32 ubuntu neutron-server[117875]: INFO oslo_service.service [None req-2b47805c-947b-4bcc-bf8f-308b165a4e48 None None] Starting 1 workers
Apr 08 12:12:32 ubuntu neutron-server[117875]: DEBUG oslo_service.service [None req-2b47805c-947b-4bcc-bf8f-308b165a4e48 None None] Started child 118096 {{(pid=117875) _start_child /usr/local/lib/python3.8/dist-packages/oslo_service/service.py:575}}
Apr 08 12:12:32 ubuntu neutron-server[117875]: DEBUG neutron_lib.callbacks.manager [None req-2b47805c-947b-4bcc-bf8f-308b165a4e48 None None] Publish callbacks [] for process (None), after_spawn {{(pid=117875) _notify_loop /usr/local/lib/python3.8/dist-packages/neutron_lib/callbacks/manager.py:176}}
Apr 08 12:12:32 ubuntu neutron-server[118092]: DEBUG neutron.common.ovn.hash_ring_manager [None req-d1c281fc-c31f-4be4-9480-d65ef5f40a5f None None] Allow caching, nodes 2>=2 {{(pid=118092) _wait_startup_before_caching /opt/stack/neutron/neutron/common/ovn/hash_ring_manager.py:60}}
Apr 08 12:12:32 ubuntu neutron-server[117875]: DEBUG oslo_service.service [-] Full set of CONF: {{(pid=117875) wait /usr/local/lib/python3.8/dist-packages/oslo_service/service.py:649}}
Apr 08 12:12:32 ubuntu neutron-server[117875]: DEBUG oslo_service.service [-] ******************************************************************************** {{(pid=117875) log_opt_values /usr/local/lib/python3.8/dist-packages/oslo_config/cfg.py:2589}}
Apr 08 12:12:32 ubuntu neutron-server[117875]: DEBUG oslo_service.service [-] Configuration options gathered from: {{(pid=117875) log_opt_values /usr/local/lib/python3.8/dist-packages/oslo_config/cfg.py:2590}}
Apr 08 12:12:32 ubuntu neutron-server[117875]: DEBUG oslo_service.service [-] command line args: ['--config-file', '/etc/neutron/neutron.conf', '--config-file', '/etc/neutron/plugins/ml2/ml2_conf.ini'] {{(pid=117875) log_opt_values /usr/local/lib/python3.8/dist-packages/oslo_config/cfg.py:2591}}
Apr 08 12:12:32 ubuntu neutron-server[117875]: DEBUG oslo_service.service [-] config files: ['/etc/neutron/neutron.conf', '/etc/neutron/plugins/ml2/ml2_conf.ini'] {{(pid=117875) log_opt_values /usr/local/lib/python3.8/dist-packages/oslo_config/cfg.py:2592}}
Apr 08 12:12:32 ubuntu neutron-server[117875]: DEBUG oslo_service.service [-] ================================================================================ {{(pid=117875) log_opt_values /usr/local/lib/python3.8/dist-packages/oslo_config/cfg.py:2594}}
Apr 08 12:12:32 ubuntu neutron-server[117875]: DEBUG oslo_service.service [-] agent_down_time                = 75 {{(pid=117875) log_opt_values /usr/local/lib/python3.8/dist-packages/oslo_config/cfg.py:2602}}
Apr 08 12:12:32 ubuntu neutron-server[117875]: DEBUG oslo_service.service [-] allow_automatic_dhcp_failover  = True {{(pid=117875) log_opt_values /usr/local/lib/python3.8/dist-packages/oslo_config/cfg.py:2602}}
Apr 08 12:12:32 ubuntu neutron-server[117875]: DEBUG oslo_service.service [-] allow_bulk                     = True {{(pid=117875) log_opt_values /usr/local/lib/python3.8/dist-packages/oslo_config/cfg.py:2602}}
Apr 08 12:12:32 ubuntu neutron-server[117875]: DEBUG oslo_service.service [-] allow_overlapping_ips          = True {{(pid=117875) log_opt_values /usr/local/lib/python3.8/dist-packages/oslo_config/cfg.py:2602}}
Apr 08 12:12:32 ubuntu neutron-server[118091]: DEBUG neutron.common.ovn.hash_ring_manager [None req-6dbd9a0a-b756-489d-8276-4d4bce03a40e None None] Allow caching, nodes 2>=2 {{(pid=118091) _wait_startup_before_caching /opt/stack/neutron/neutron/common/ovn/hash_ring_manager.py:60}}
Apr 08 12:12:32 ubuntu neutron-server[117875]: DEBUG oslo_service.service [-] allowed_conntrack_helpers      = [{'amanda': 'tcp'}, {'ftp': 'tcp'}, {'h323': 'udp'}, {'h323': 'tcp'}, {'irc': 'tcp'}, {'netbios-ns': 'udp'}, {'pptp': 'tcp'}, {'sane': 'tcp'}, {'sip': 'udp'}, {'sip': 'tcp'}, {'snmp': 'udp'}, {'tftp': 'udp'}] {{(pid=117875) log_opt_values /usr/local/lib/python3.8/dist-packages/oslo_config/cfg.py:2602}}
Apr 08 12:12:32 ubuntu neutron-server[117875]: DEBUG oslo_service.service [-] api_extensions_path            =  {{(pid=117875) log_opt_values /usr/local/lib/python3.8/dist-packages/oslo_config/cfg.py:2602}}
Apr 08 12:12:32 ubuntu neutron-server[117875]: DEBUG oslo_service.service [-] api_paste_config               = api-paste.ini {{(pid=117875) log_opt_values /usr/local/lib/python3.8/dist-packages/oslo_config/cfg.py:2602}}
Apr 08 12:12:32 ubuntu neutron-server[117875]: DEBUG oslo_service.service [-] api_workers                    = 2 {{(pid=117875) log_opt_values /usr/local/lib/python3.8/dist-packages/oslo_config/cfg.py:2602}}
Apr 08 12:12:32 ubuntu neutron-server[117875]: DEBUG oslo_service.service [-] auth_strategy                  = keystone {{(pid=117875) log_opt_values /usr/local/lib/python3.8/dist-packages/oslo_config/cfg.py:2602}}
Apr 08 12:12:32 ubuntu neutron-server[117875]: DEBUG oslo_service.service [-] backdoor_port                  = None {{(pid=117875) log_opt_values /usr/local/lib/python3.8/dist-packages/oslo_config/cfg.py:2602}}
Apr 08 12:12:32 ubuntu neutron-server[117875]: DEBUG oslo_service.service [-] backdoor_socket                = None {{(pid=117875) log_opt_values /usr/local/lib/python3.8/dist-packages/oslo_config/cfg.py:2602}}
Apr 08 12:12:32 ubuntu neutron-server[117875]: DEBUG oslo_service.service [-] backlog                        = 4096 {{(pid=117875) log_opt_values /usr/local/lib/python3.8/dist-packages/oslo_config/cfg.py:2602}}
Apr 08 12:12:32 ubuntu neutron-server[117875]: DEBUG oslo_service.service [-] base_mac                       = fa:16:3e:00:00:00 {{(pid=117875) log_opt_values /usr/local/lib/python3.8/dist-packages/oslo_config/cfg.py:2602}}
Apr 08 12:12:32 ubuntu neutron-server[117875]: DEBUG oslo_service.service [-] bind_host                      = 0.0.0.0 {{(pid=117875) log_opt_values /usr/local/lib/python3.8/dist-packages/oslo_config/cfg.py:2602}}
Apr 08 12:12:32 ubuntu neutron-server[117875]: DEBUG oslo_service.service [-] bind_port                      = 9696 {{(pid=117875) log_opt_values /usr/local/lib/python3.8/dist-packages/oslo_config/cfg.py:2602}}
Apr 08 12:12:32 ubuntu neutron-server[117875]: DEBUG oslo_service.service [-] client_socket_timeout          = 900 {{(pid=117875) log_opt_values /usr/local/lib/python3.8/dist-packages/oslo_config/cfg.py:2602}}
Apr 08 12:12:32 ubuntu neutron-server[117875]: DEBUG oslo_service.service [-] config_dir                     = [] {{(pid=117875) log_opt_values /usr/local/lib/python3.8/dist-packages/oslo_config/cfg.py:2602}}
Apr 08 12:12:32 ubuntu neutron-server[117875]: DEBUG oslo_service.service [-] config_file                    = ['/etc/neutron/neutron.conf', '/etc/neutron/plugins/ml2/ml2_conf.ini'] {{(pid=117875) log_opt_values /usr/local/lib/python3.8/dist-packages/oslo_config/cfg.py:2602}}
Apr 08 12:12:32 ubuntu neutron-server[117875]: DEBUG oslo_service.service [-] config_source                  = [] {{(pid=117875) log_opt_values /usr/local/lib/python3.8/dist-packages/oslo_config/cfg.py:2602}}
Apr 08 12:12:32 ubuntu neutron-server[117875]: DEBUG oslo_service.service [-] control_exchange               = neutron {{(pid=117875) log_opt_values /usr/local/lib/python3.8/dist-packages/oslo_config/cfg.py:2602}}
Apr 08 12:12:32 ubuntu neutron-server[117875]: DEBUG oslo_service.service [-] core_plugin                    = ml2 {{(pid=117875) log_opt_values /usr/local/lib/python3.8/dist-packages/oslo_config/cfg.py:2602}}
Apr 08 12:12:32 ubuntu neutron-server[117875]: DEBUG oslo_service.service [-] debug                          = True {{(pid=117875) log_opt_values /usr/local/lib/python3.8/dist-packages/oslo_config/cfg.py:2602}}
Apr 08 12:12:32 ubuntu neutron-server[117875]: DEBUG oslo_service.service [-] default_availability_zones     = [] {{(pid=117875) log_opt_values /usr/local/lib/python3.8/dist-packages/oslo_config/cfg.py:2602}}
