Apr 22 18:45:43 ubuntu neutron-server[116626]: INFO neutron.api.extensions [None req-f01f95b1-4ac4-49dc-9d36-9fd27023297d None None] Extension vlan-transparent not supported by any of loaded plugins
Apr 22 18:45:43 ubuntu neutron-server[116626]: INFO neutron.quota.resource_registry [None req-f01f95b1-4ac4-49dc-9d36-9fd27023297d None None] Creating instance of TrackedResource for resource:network
Apr 22 18:45:43 ubuntu neutron-server[116626]: INFO neutron.quota.resource_registry [None req-f01f95b1-4ac4-49dc-9d36-9fd27023297d None None] Creating instance of TrackedResource for resource:subnet
Apr 22 18:45:43 ubuntu neutron-server[116626]: INFO neutron.quota.resource_registry [None req-f01f95b1-4ac4-49dc-9d36-9fd27023297d None None] Creating instance of TrackedResource for resource:subnetpool
Apr 22 18:45:43 ubuntu neutron-server[116626]: INFO neutron.quota.resource_registry [None req-f01f95b1-4ac4-49dc-9d36-9fd27023297d None None] Creating instance of TrackedResource for resource:port
Apr 22 18:45:43 ubuntu neutron-server[116626]: DEBUG neutron.api.v2.resource_helper [None req-f01f95b1-4ac4-49dc-9d36-9fd27023297d None None] Service FLAVORS assigned prefix:  {{(pid=116626) build_resource_info /opt/stack/neutron/neutron/api/v2/resource_helper.py:77}}
Apr 22 18:45:43 ubuntu neutron-server[116626]: DEBUG neutron.api.v2.resource_helper [None req-f01f95b1-4ac4-49dc-9d36-9fd27023297d None None] Service L3_ROUTER_NAT assigned prefix:  {{(pid=116626) build_resource_info /opt/stack/neutron/neutron/api/v2/resource_helper.py:77}}
Apr 22 18:45:43 ubuntu neutron-server[116626]: DEBUG neutron.api.v2.resource_helper [None req-f01f95b1-4ac4-49dc-9d36-9fd27023297d None None] Service L3_ROUTER_NAT assigned prefix:  {{(pid=116626) build_resource_info /opt/stack/neutron/neutron/api/v2/resource_helper.py:77}}
Apr 22 18:45:43 ubuntu neutron-server[116626]: INFO neutron.quota.resource_registry [None req-f01f95b1-4ac4-49dc-9d36-9fd27023297d None None] Creating instance of TrackedResource for resource:router
Apr 22 18:45:43 ubuntu neutron-server[116626]: INFO neutron.quota.resource_registry [None req-f01f95b1-4ac4-49dc-9d36-9fd27023297d None None] Creating instance of TrackedResource for resource:floatingip
Apr 22 18:45:43 ubuntu neutron-server[116626]: DEBUG neutron_lib.callbacks.manager [None req-f01f95b1-4ac4-49dc-9d36-9fd27023297d None None] Subscribe: <bound method NeutronDbPluginV2.validate_network_rbac_policy_change of <neutron.services.network_ip_availability.plugin.NetworkIPAvailabilityPlugin object at 0x7f37d627a250>> rbac-policy before_create 55550000 {{(pid=116626) subscribe /usr/local/lib/python3.8/dist-packages/neutron_lib/callbacks/manager.py:45}}
Apr 22 18:45:43 ubuntu neutron-server[116626]: DEBUG neutron_lib.callbacks.manager [None req-f01f95b1-4ac4-49dc-9d36-9fd27023297d None None] Subscribe: <bound method NeutronDbPluginV2.validate_network_rbac_policy_change of <neutron.services.network_ip_availability.plugin.NetworkIPAvailabilityPlugin object at 0x7f37d627a250>> rbac-policy before_update 55550000 {{(pid=116626) subscribe /usr/local/lib/python3.8/dist-packages/neutron_lib/callbacks/manager.py:45}}
Apr 22 18:45:43 ubuntu neutron-server[116626]: DEBUG neutron_lib.callbacks.manager [None req-f01f95b1-4ac4-49dc-9d36-9fd27023297d None None] Subscribe: <bound method NeutronDbPluginV2.validate_network_rbac_policy_change of <neutron.services.network_ip_availability.plugin.NetworkIPAvailabilityPlugin object at 0x7f37d627a250>> rbac-policy before_delete 55550000 {{(pid=116626) subscribe /usr/local/lib/python3.8/dist-packages/neutron_lib/callbacks/manager.py:45}}
Apr 22 18:45:43 ubuntu neutron-server[116626]: INFO neutron.quota.resource_registry [None req-f01f95b1-4ac4-49dc-9d36-9fd27023297d None None] Creating instance of CountableResource for resource:rbac_policy
Apr 22 18:45:43 ubuntu neutron-server[116626]: INFO neutron.quota.resource_registry [None req-f01f95b1-4ac4-49dc-9d36-9fd27023297d None None] Creating instance of TrackedResource for resource:security_group
Apr 22 18:45:43 ubuntu neutron-server[116626]: INFO neutron.quota.resource_registry [None req-f01f95b1-4ac4-49dc-9d36-9fd27023297d None None] Creating instance of TrackedResource for resource:security_group_rule
Apr 22 18:45:43 ubuntu neutron-server[116626]: DEBUG neutron.api.v2.resource_helper [None req-f01f95b1-4ac4-49dc-9d36-9fd27023297d None None] Service FLAVORS assigned prefix:  {{(pid=116626) build_resource_info /opt/stack/neutron/neutron/api/v2/resource_helper.py:77}}
Apr 22 18:45:43 ubuntu neutron-server[116626]: DEBUG neutron.api.v2.resource_helper [None req-f01f95b1-4ac4-49dc-9d36-9fd27023297d None None] Service L3_ROUTER_NAT assigned prefix:  {{(pid=116626) build_resource_info /opt/stack/neutron/neutron/api/v2/resource_helper.py:77}}
Apr 22 18:45:43 ubuntu neutron-server[116626]: DEBUG neutron.api.v2.resource_helper [None req-f01f95b1-4ac4-49dc-9d36-9fd27023297d None None] Service L3_ROUTER_NAT assigned prefix:  {{(pid=116626) build_resource_info /opt/stack/neutron/neutron/api/v2/resource_helper.py:77}}
Apr 22 18:45:43 ubuntu neutron-server[116626]: INFO neutron.quota.resource_registry [None req-f01f95b1-4ac4-49dc-9d36-9fd27023297d None None] Creating instance of TrackedResource for resource:router
Apr 22 18:45:43 ubuntu neutron-server[116626]: WARNING neutron.quota.resource_registry [None req-f01f95b1-4ac4-49dc-9d36-9fd27023297d None None] router is already registered
Apr 22 18:45:43 ubuntu neutron-server[116626]: INFO neutron.quota.resource_registry [None req-f01f95b1-4ac4-49dc-9d36-9fd27023297d None None] Creating instance of TrackedResource for resource:floatingip
Apr 22 18:45:43 ubuntu neutron-server[116626]: WARNING neutron.quota.resource_registry [None req-f01f95b1-4ac4-49dc-9d36-9fd27023297d None None] floatingip is already registered
Apr 22 18:45:43 ubuntu neutron-server[116626]: INFO neutron.quota.resource_registry [None req-f01f95b1-4ac4-49dc-9d36-9fd27023297d None None] Creating instance of CountableResource for resource:rbac_policy
Apr 22 18:45:43 ubuntu neutron-server[116626]: WARNING neutron.quota.resource_registry [None req-f01f95b1-4ac4-49dc-9d36-9fd27023297d None None] rbac_policy is already registered
Apr 22 18:45:43 ubuntu neutron-server[116626]: INFO neutron.quota.resource_registry [None req-f01f95b1-4ac4-49dc-9d36-9fd27023297d None None] Creating instance of TrackedResource for resource:security_group
Apr 22 18:45:43 ubuntu neutron-server[116626]: WARNING neutron.quota.resource_registry [None req-f01f95b1-4ac4-49dc-9d36-9fd27023297d None None] security_group is already registered
Apr 22 18:45:43 ubuntu neutron-server[116626]: INFO neutron.quota.resource_registry [None req-f01f95b1-4ac4-49dc-9d36-9fd27023297d None None] Creating instance of TrackedResource for resource:security_group_rule
Apr 22 18:45:43 ubuntu neutron-server[116626]: WARNING neutron.quota.resource_registry [None req-f01f95b1-4ac4-49dc-9d36-9fd27023297d None None] security_group_rule is already registered
Apr 22 18:45:43 ubuntu neutron-server[116626]: DEBUG neutron.api.extensions [None req-f01f95b1-4ac4-49dc-9d36-9fd27023297d None None] Extended resource: extensions {{(pid=116626) __init__ /opt/stack/neutron/neutron/api/extensions.py:157}}
Apr 22 18:45:43 ubuntu neutron-server[116626]: DEBUG neutron.api.extensions [None req-f01f95b1-4ac4-49dc-9d36-9fd27023297d None None] Extended resource: address-groups {{(pid=116626) __init__ /opt/stack/neutron/neutron/api/extensions.py:157}}
Apr 22 18:45:43 ubuntu neutron-server[116626]: DEBUG neutron.api.extensions [None req-f01f95b1-4ac4-49dc-9d36-9fd27023297d None None] Extended resource: address-scopes {{(pid=116626) __init__ /opt/stack/neutron/neutron/api/extensions.py:157}}
Apr 22 18:45:43 ubuntu neutron-server[116626]: DEBUG neutron.api.extensions [None req-f01f95b1-4ac4-49dc-9d36-9fd27023297d None None] Extended resource: agents {{(pid=116626) __init__ /opt/stack/neutron/neutron/api/extensions.py:157}}
Apr 22 18:45:43 ubuntu neutron-server[116626]: DEBUG neutron.api.extensions [None req-f01f95b1-4ac4-49dc-9d36-9fd27023297d None None] Extended resource: auto-allocated-topology {{(pid=116626) __init__ /opt/stack/neutron/neutron/api/extensions.py:157}}
Apr 22 18:45:43 ubuntu neutron-server[116626]: DEBUG neutron.api.extensions [None req-f01f95b1-4ac4-49dc-9d36-9fd27023297d None None] Extended resource: availability_zones {{(pid=116626) __init__ /opt/stack/neutron/neutron/api/extensions.py:157}}
Apr 22 18:45:43 ubuntu neutron-server[116626]: DEBUG neutron.api.extensions [None req-f01f95b1-4ac4-49dc-9d36-9fd27023297d None None] Extended resource: flavors {{(pid=116626) __init__ /opt/stack/neutron/neutron/api/extensions.py:157}}
Apr 22 18:45:43 ubuntu neutron-server[116626]: DEBUG neutron.api.extensions [None req-f01f95b1-4ac4-49dc-9d36-9fd27023297d None None] Extended resource: service_profiles {{(pid=116626) __init__ /opt/stack/neutron/neutron/api/extensions.py:157}}
Apr 22 18:45:43 ubuntu neutron-server[116626]: DEBUG neutron.api.extensions [None req-f01f95b1-4ac4-49dc-9d36-9fd27023297d None None] Extended resource: next_providers {{(pid=116626) __init__ /opt/stack/neutron/neutron/api/extensions.py:157}}
Apr 22 18:45:43 ubuntu neutron-server[116626]: DEBUG neutron.api.extensions [None req-f01f95b1-4ac4-49dc-9d36-9fd27023297d None None] Extended resource: service_profiles {{(pid=116626) __init__ /opt/stack/neutron/neutron/api/extensions.py:157}}
Apr 22 18:45:43 ubuntu neutron-server[116626]: DEBUG neutron.api.extensions [None req-f01f95b1-4ac4-49dc-9d36-9fd27023297d None None] Extended resource: floatingip-pools {{(pid=116626) __init__ /opt/stack/neutron/neutron/api/extensions.py:157}}
Apr 22 18:45:43 ubuntu neutron-server[116626]: DEBUG neutron.api.extensions [None req-f01f95b1-4ac4-49dc-9d36-9fd27023297d None None] Extended resource: routers {{(pid=116626) __init__ /opt/stack/neutron/neutron/api/extensions.py:157}}
Apr 22 18:45:43 ubuntu neutron-server[116626]: DEBUG neutron.api.extensions [None req-f01f95b1-4ac4-49dc-9d36-9fd27023297d None None] Extended resource: floatingips {{(pid=116626) __init__ /opt/stack/neutron/neutron/api/extensions.py:157}}
Apr 22 18:45:43 ubuntu neutron-server[116626]: DEBUG neutron.api.extensions [None req-f01f95b1-4ac4-49dc-9d36-9fd27023297d None None] Extended resource: network-ip-availabilities {{(pid=116626) __init__ /opt/stack/neutron/neutron/api/extensions.py:157}}
Apr 22 18:45:43 ubuntu neutron-server[116626]: DEBUG neutron.api.extensions [None req-f01f95b1-4ac4-49dc-9d36-9fd27023297d None None] Extended resource: bindings {{(pid=116626) __init__ /opt/stack/neutron/neutron/api/extensions.py:157}}
Apr 22 18:45:43 ubuntu neutron-server[116626]: DEBUG neutron.api.extensions [None req-f01f95b1-4ac4-49dc-9d36-9fd27023297d None None] Extended resource: quotas {{(pid=116626) __init__ /opt/stack/neutron/neutron/api/extensions.py:157}}
Apr 22 18:45:43 ubuntu neutron-server[116626]: DEBUG neutron.api.extensions [None req-f01f95b1-4ac4-49dc-9d36-9fd27023297d None None] Extended resource: quotas {{(pid=116626) __init__ /opt/stack/neutron/neutron/api/extensions.py:157}}
Apr 22 18:45:43 ubuntu neutron-server[116626]: DEBUG neutron.api.extensions [None req-f01f95b1-4ac4-49dc-9d36-9fd27023297d None None] Extended resource: rbac-policies {{(pid=116626) __init__ /opt/stack/neutron/neutron/api/extensions.py:157}}
Apr 22 18:45:43 ubuntu neutron-server[116626]: DEBUG neutron.api.extensions [None req-f01f95b1-4ac4-49dc-9d36-9fd27023297d None None] Extended resource: security-groups {{(pid=116626) __init__ /opt/stack/neutron/neutron/api/extensions.py:157}}
Apr 22 18:45:43 ubuntu neutron-server[116626]: DEBUG neutron.api.extensions [None req-f01f95b1-4ac4-49dc-9d36-9fd27023297d None None] Extended resource: security-group-rules {{(pid=116626) __init__ /opt/stack/neutron/neutron/api/extensions.py:157}}
Apr 22 18:45:43 ubuntu neutron-server[116626]: DEBUG neutron.api.extensions [None req-f01f95b1-4ac4-49dc-9d36-9fd27023297d None None] Extended resource: service-providers {{(pid=116626) __init__ /opt/stack/neutron/neutron/api/extensions.py:157}}
Apr 22 18:45:43 ubuntu neutron-server[116626]: DEBUG neutron.api.extensions [None req-f01f95b1-4ac4-49dc-9d36-9fd27023297d None None] Extended resource: tags {{(pid=116626) __init__ /opt/stack/neutron/neutron/api/extensions.py:157}}
Apr 22 18:45:43 ubuntu neutron-server[116626]: DEBUG neutron.api.extensions [None req-f01f95b1-4ac4-49dc-9d36-9fd27023297d None None] Extended resource: tags {{(pid=116626) __init__ /opt/stack/neutron/neutron/api/extensions.py:157}}
Apr 22 18:45:43 ubuntu neutron-server[116626]: DEBUG neutron.api.extensions [None req-f01f95b1-4ac4-49dc-9d36-9fd27023297d None None] Extended resource: tags {{(pid=116626) __init__ /opt/stack/neutron/neutron/api/extensions.py:157}}
Apr 22 18:45:43 ubuntu neutron-server[116626]: DEBUG neutron.api.extensions [None req-f01f95b1-4ac4-49dc-9d36-9fd27023297d None None] Extended resource: tags {{(pid=116626) __init__ /opt/stack/neutron/neutron/api/extensions.py:157}}
Apr 22 18:45:43 ubuntu neutron-server[116626]: DEBUG neutron.api.extensions [None req-f01f95b1-4ac4-49dc-9d36-9fd27023297d None None] Extended resource: tags {{(pid=116626) __init__ /opt/stack/neutron/neutron/api/extensions.py:157}}
Apr 22 18:45:43 ubuntu neutron-server[116626]: DEBUG neutron.api.extensions [None req-f01f95b1-4ac4-49dc-9d36-9fd27023297d None None] Extended resource: tags {{(pid=116626) __init__ /opt/stack/neutron/neutron/api/extensions.py:157}}
Apr 22 18:45:43 ubuntu neutron-server[116626]: DEBUG neutron.api.extensions [None req-f01f95b1-4ac4-49dc-9d36-9fd27023297d None None] Extended resource: tags {{(pid=116626) __init__ /opt/stack/neutron/neutron/api/extensions.py:157}}
Apr 22 18:45:43 ubuntu neutron-server[116626]: DEBUG neutron.api.extensions [None req-f01f95b1-4ac4-49dc-9d36-9fd27023297d None None] Extended resource: tags {{(pid=116626) __init__ /opt/stack/neutron/neutron/api/extensions.py:157}}
Apr 22 18:45:43 ubuntu neutron-server[116626]: DEBUG neutron.api.extensions [None req-f01f95b1-4ac4-49dc-9d36-9fd27023297d None None] Extended resource: tags {{(pid=116626) __init__ /opt/stack/neutron/neutron/api/extensions.py:157}}
Apr 22 18:45:43 ubuntu neutron-server[116626]: DEBUG neutron.api.extensions [None req-f01f95b1-4ac4-49dc-9d36-9fd27023297d None None] Extended resource: tags {{(pid=116626) __init__ /opt/stack/neutron/neutron/api/extensions.py:157}}
Apr 22 18:45:43 ubuntu neutron-server[116626]: WARNING keystonemiddleware.auth_token [None req-f01f95b1-4ac4-49dc-9d36-9fd27023297d None None] AuthToken middleware is set with keystone_authtoken.service_token_roles_required set to False. This is backwards compatible but deprecated behaviour. Please set this to True.
Apr 22 18:45:43 ubuntu neutron-server[116626]: WARNING keystonemiddleware.auth_token [None req-f01f95b1-4ac4-49dc-9d36-9fd27023297d None None] Configuring www_authenticate_uri to point to the public identity endpoint is required; clients may not be able to authenticate against an admin endpoint
Apr 22 18:45:43 ubuntu neutron-server[116626]: DEBUG oslo_concurrency.lockutils [None req-f01f95b1-4ac4-49dc-9d36-9fd27023297d None None] Acquired lock "singleton_lock" {{(pid=116626) lock /usr/local/lib/python3.8/dist-packages/oslo_concurrency/lockutils.py:294}}
Apr 22 18:45:43 ubuntu neutron-server[116626]: DEBUG oslo_concurrency.lockutils [None req-f01f95b1-4ac4-49dc-9d36-9fd27023297d None None] Releasing lock "singleton_lock" {{(pid=116626) lock /usr/local/lib/python3.8/dist-packages/oslo_concurrency/lockutils.py:312}}
Apr 22 18:45:43 ubuntu neutron-server[116626]: INFO oslo_service.service [None req-f01f95b1-4ac4-49dc-9d36-9fd27023297d None None] Starting 2 workers
Apr 22 18:45:43 ubuntu neutron-server[116626]: DEBUG oslo_service.service [None req-f01f95b1-4ac4-49dc-9d36-9fd27023297d None None] Started child 116840 {{(pid=116626) _start_child /usr/local/lib/python3.8/dist-packages/oslo_service/service.py:575}}
Apr 22 18:45:43 ubuntu neutron-server[116626]: DEBUG oslo_service.service [None req-f01f95b1-4ac4-49dc-9d36-9fd27023297d None None] Started child 116841 {{(pid=116626) _start_child /usr/local/lib/python3.8/dist-packages/oslo_service/service.py:575}}
Apr 22 18:45:43 ubuntu neutron-server[116626]: INFO neutron.service [None req-f01f95b1-4ac4-49dc-9d36-9fd27023297d None None] Neutron service started, listening on 0.0.0.0:9696
Apr 22 18:45:43 ubuntu neutron-server[116626]: DEBUG neutron_lib.callbacks.manager [None req-f01f95b1-4ac4-49dc-9d36-9fd27023297d None None] Publish callbacks ['neutron.plugins.ml2.drivers.ovn.mech_driver.mech_driver.OVNMechanismDriver.pre_fork_initialize-486516'] for process (None), before_spawn {{(pid=116626) _notify_loop /usr/local/lib/python3.8/dist-packages/neutron_lib/callbacks/manager.py:176}}
Apr 22 18:45:43 ubuntu neutron-server[116840]: DEBUG neutron_lib.callbacks.manager [-] Publish callbacks ['neutron.plugins.ml2.drivers.ovn.mech_driver.mech_driver.OVNMechanismDriver.post_fork_initialize-486480'] for process (None), after_init {{(pid=116840) _notify_loop /usr/local/lib/python3.8/dist-packages/neutron_lib/callbacks/manager.py:176}}
Apr 22 18:45:43 ubuntu neutron-server[116841]: DEBUG neutron_lib.callbacks.manager [-] Publish callbacks ['neutron.plugins.ml2.drivers.ovn.mech_driver.mech_driver.OVNMechanismDriver.post_fork_initialize-486480'] for process (None), after_init {{(pid=116841) _notify_loop /usr/local/lib/python3.8/dist-packages/neutron_lib/callbacks/manager.py:176}}
Apr 22 18:45:43 ubuntu neutron-server[116840]: INFO neutron.plugins.ml2.drivers.ovn.mech_driver.ovsdb.impl_idl_ovn [None req-103a99bd-15e3-46f4-b6de-1c8c09ec5515 None None] Getting OvsdbNbOvnIdl for WorkerService with retry
Apr 22 18:45:43 ubuntu neutron-server[116841]: INFO neutron.plugins.ml2.drivers.ovn.mech_driver.ovsdb.impl_idl_ovn [None req-c414ef75-8572-47dc-b49a-bd4763e30e3c None None] Getting OvsdbNbOvnIdl for WorkerService with retry
Apr 22 18:45:43 ubuntu neutron-server[116626]: DEBUG ovsdbapp.backend.ovs_idl [None req-f01f95b1-4ac4-49dc-9d36-9fd27023297d None None] Created schema index Port_Group.name {{(pid=116626) autocreate_indices /usr/local/lib/python3.8/dist-packages/ovsdbapp/backend/ovs_idl/__init__.py:104}}
Apr 22 18:45:43 ubuntu neutron-server[116626]: DEBUG ovsdbapp.backend.ovs_idl [None req-f01f95b1-4ac4-49dc-9d36-9fd27023297d None None] Created schema index Logical_Switch_Port.name {{(pid=116626) autocreate_indices /usr/local/lib/python3.8/dist-packages/ovsdbapp/backend/ovs_idl/__init__.py:104}}
Apr 22 18:45:43 ubuntu neutron-server[116841]: DEBUG ovsdbapp.backend.ovs_idl [None req-c414ef75-8572-47dc-b49a-bd4763e30e3c None None] Created lookup_table index Logical_Switch.name {{(pid=116841) autocreate_indices /usr/local/lib/python3.8/dist-packages/ovsdbapp/backend/ovs_idl/__init__.py:85}}
Apr 22 18:45:43 ubuntu neutron-server[116841]: DEBUG ovsdbapp.backend.ovs_idl [None req-c414ef75-8572-47dc-b49a-bd4763e30e3c None None] Created lookup_table index Logical_Router.name {{(pid=116841) autocreate_indices /usr/local/lib/python3.8/dist-packages/ovsdbapp/backend/ovs_idl/__init__.py:85}}
Apr 22 18:45:43 ubuntu neutron-server[116841]: DEBUG ovsdbapp.backend.ovs_idl [None req-c414ef75-8572-47dc-b49a-bd4763e30e3c None None] Created lookup_table index Load_Balancer.name {{(pid=116841) autocreate_indices /usr/local/lib/python3.8/dist-packages/ovsdbapp/backend/ovs_idl/__init__.py:85}}
Apr 22 18:45:43 ubuntu neutron-server[116841]: DEBUG ovsdbapp.backend.ovs_idl [None req-c414ef75-8572-47dc-b49a-bd4763e30e3c None None] Created schema index Meter.name {{(pid=116841) autocreate_indices /usr/local/lib/python3.8/dist-packages/ovsdbapp/backend/ovs_idl/__init__.py:104}}
Apr 22 18:45:43 ubuntu neutron-server[116841]: DEBUG ovsdbapp.backend.ovs_idl [None req-c414ef75-8572-47dc-b49a-bd4763e30e3c None None] Created schema index Address_Set.name {{(pid=116841) autocreate_indices /usr/local/lib/python3.8/dist-packages/ovsdbapp/backend/ovs_idl/__init__.py:104}}
Apr 22 18:45:43 ubuntu neutron-server[116841]: DEBUG ovsdbapp.backend.ovs_idl [None req-c414ef75-8572-47dc-b49a-bd4763e30e3c None None] Created schema index HA_Chassis_Group.name {{(pid=116841) autocreate_indices /usr/local/lib/python3.8/dist-packages/ovsdbapp/backend/ovs_idl/__init__.py:104}}
Apr 22 18:45:43 ubuntu neutron-server[116841]: DEBUG ovsdbapp.backend.ovs_idl [None req-c414ef75-8572-47dc-b49a-bd4763e30e3c None None] Created schema index Connection.target {{(pid=116841) autocreate_indices /usr/local/lib/python3.8/dist-packages/ovsdbapp/backend/ovs_idl/__init__.py:104}}
Apr 22 18:45:43 ubuntu neutron-server[116841]: DEBUG ovsdbapp.backend.ovs_idl [None req-c414ef75-8572-47dc-b49a-bd4763e30e3c None None] Created schema index Gateway_Chassis.name {{(pid=116841) autocreate_indices /usr/local/lib/python3.8/dist-packages/ovsdbapp/backend/ovs_idl/__init__.py:104}}
Apr 22 18:45:43 ubuntu neutron-server[116841]: DEBUG ovsdbapp.backend.ovs_idl [None req-c414ef75-8572-47dc-b49a-bd4763e30e3c None None] Created schema index Logical_Router_Port.name {{(pid=116841) autocreate_indices /usr/local/lib/python3.8/dist-packages/ovsdbapp/backend/ovs_idl/__init__.py:104}}
Apr 22 18:45:43 ubuntu neutron-server[116841]: DEBUG ovsdbapp.backend.ovs_idl [None req-c414ef75-8572-47dc-b49a-bd4763e30e3c None None] Created schema index Port_Group.name {{(pid=116841) autocreate_indices /usr/local/lib/python3.8/dist-packages/ovsdbapp/backend/ovs_idl/__init__.py:104}}
Apr 22 18:45:43 ubuntu neutron-server[116841]: DEBUG ovsdbapp.backend.ovs_idl [None req-c414ef75-8572-47dc-b49a-bd4763e30e3c None None] Created schema index Logical_Switch_Port.name {{(pid=116841) autocreate_indices /usr/local/lib/python3.8/dist-packages/ovsdbapp/backend/ovs_idl/__init__.py:104}}
Apr 22 18:45:43 ubuntu neutron-server[116841]: INFO ovsdbapp.backend.ovs_idl.vlog [None req-c414ef75-8572-47dc-b49a-bd4763e30e3c None None] tcp:192.168.79.37:6641: connecting...
Apr 22 18:45:43 ubuntu neutron-server[116841]: INFO ovsdbapp.backend.ovs_idl.vlog [None req-c414ef75-8572-47dc-b49a-bd4763e30e3c None None] tcp:192.168.79.37:6641: connected
Apr 22 18:45:43 ubuntu neutron-server[116840]: DEBUG ovsdbapp.backend.ovs_idl [None req-103a99bd-15e3-46f4-b6de-1c8c09ec5515 None None] Created lookup_table index Logical_Switch.name {{(pid=116840) autocreate_indices /usr/local/lib/python3.8/dist-packages/ovsdbapp/backend/ovs_idl/__init__.py:85}}
Apr 22 18:45:43 ubuntu neutron-server[116840]: DEBUG ovsdbapp.backend.ovs_idl [None req-103a99bd-15e3-46f4-b6de-1c8c09ec5515 None None] Created lookup_table index Logical_Router.name {{(pid=116840) autocreate_indices /usr/local/lib/python3.8/dist-packages/ovsdbapp/backend/ovs_idl/__init__.py:85}}
Apr 22 18:45:43 ubuntu neutron-server[116840]: DEBUG ovsdbapp.backend.ovs_idl [None req-103a99bd-15e3-46f4-b6de-1c8c09ec5515 None None] Created lookup_table index Load_Balancer.name {{(pid=116840) autocreate_indices /usr/local/lib/python3.8/dist-packages/ovsdbapp/backend/ovs_idl/__init__.py:85}}
Apr 22 18:45:43 ubuntu neutron-server[116840]: DEBUG ovsdbapp.backend.ovs_idl [None req-103a99bd-15e3-46f4-b6de-1c8c09ec5515 None None] Created schema index Meter.name {{(pid=116840) autocreate_indices /usr/local/lib/python3.8/dist-packages/ovsdbapp/backend/ovs_idl/__init__.py:104}}
Apr 22 18:45:43 ubuntu neutron-server[116840]: DEBUG ovsdbapp.backend.ovs_idl [None req-103a99bd-15e3-46f4-b6de-1c8c09ec5515 None None] Created schema index Address_Set.name {{(pid=116840) autocreate_indices /usr/local/lib/python3.8/dist-packages/ovsdbapp/backend/ovs_idl/__init__.py:104}}
Apr 22 18:45:43 ubuntu neutron-server[116840]: DEBUG ovsdbapp.backend.ovs_idl [None req-103a99bd-15e3-46f4-b6de-1c8c09ec5515 None None] Created schema index HA_Chassis_Group.name {{(pid=116840) autocreate_indices /usr/local/lib/python3.8/dist-packages/ovsdbapp/backend/ovs_idl/__init__.py:104}}
Apr 22 18:45:43 ubuntu neutron-server[116840]: DEBUG ovsdbapp.backend.ovs_idl [None req-103a99bd-15e3-46f4-b6de-1c8c09ec5515 None None] Created schema index Connection.target {{(pid=116840) autocreate_indices /usr/local/lib/python3.8/dist-packages/ovsdbapp/backend/ovs_idl/__init__.py:104}}
Apr 22 18:45:43 ubuntu neutron-server[116840]: DEBUG ovsdbapp.backend.ovs_idl [None req-103a99bd-15e3-46f4-b6de-1c8c09ec5515 None None] Created schema index Gateway_Chassis.name {{(pid=116840) autocreate_indices /usr/local/lib/python3.8/dist-packages/ovsdbapp/backend/ovs_idl/__init__.py:104}}
Apr 22 18:45:43 ubuntu neutron-server[116840]: DEBUG ovsdbapp.backend.ovs_idl [None req-103a99bd-15e3-46f4-b6de-1c8c09ec5515 None None] Created schema index Logical_Router_Port.name {{(pid=116840) autocreate_indices /usr/local/lib/python3.8/dist-packages/ovsdbapp/backend/ovs_idl/__init__.py:104}}
Apr 22 18:45:43 ubuntu neutron-server[116840]: DEBUG ovsdbapp.backend.ovs_idl [None req-103a99bd-15e3-46f4-b6de-1c8c09ec5515 None None] Created schema index Port_Group.name {{(pid=116840) autocreate_indices /usr/local/lib/python3.8/dist-packages/ovsdbapp/backend/ovs_idl/__init__.py:104}}
Apr 22 18:45:43 ubuntu neutron-server[116840]: DEBUG ovsdbapp.backend.ovs_idl [None req-103a99bd-15e3-46f4-b6de-1c8c09ec5515 None None] Created schema index Logical_Switch_Port.name {{(pid=116840) autocreate_indices /usr/local/lib/python3.8/dist-packages/ovsdbapp/backend/ovs_idl/__init__.py:104}}
Apr 22 18:45:43 ubuntu neutron-server[116840]: INFO ovsdbapp.backend.ovs_idl.vlog [None req-103a99bd-15e3-46f4-b6de-1c8c09ec5515 None None] tcp:192.168.79.37:6641: connecting...
Apr 22 18:45:43 ubuntu neutron-server[116840]: INFO ovsdbapp.backend.ovs_idl.vlog [None req-103a99bd-15e3-46f4-b6de-1c8c09ec5515 None None] tcp:192.168.79.37:6641: connected
Apr 22 18:45:43 ubuntu neutron-server[116626]: DEBUG ovsdbapp.backend.ovs_idl.transaction [-] Running txn n=1 command(idx=0): PgAddCommand(name=neutron_pg_drop, may_exist=True, columns={'acls': []}) {{(pid=116626) do_commit /usr/local/lib/python3.8/dist-packages/ovsdbapp/backend/ovs_idl/transaction.py:90}}
Apr 22 18:45:43 ubuntu neutron-server[116626]: DEBUG ovsdbapp.backend.ovs_idl.transaction [-] Running txn n=1 command(idx=1): PgAclAddCommand(entity=neutron_pg_drop, direction=from-lport, priority=1001, match=inport == @neutron_pg_drop && ip, action=drop, log=False, may_exist=True, severity=[], name=[], meter=None, external_ids={}) {{(pid=116626) do_commit /usr/local/lib/python3.8/dist-packages/ovsdbapp/backend/ovs_idl/transaction.py:90}}
Apr 22 18:45:43 ubuntu neutron-server[116626]: DEBUG ovsdbapp.backend.ovs_idl.transaction [-] Running txn n=1 command(idx=2): PgAclAddCommand(entity=neutron_pg_drop, direction=to-lport, priority=1001, match=outport == @neutron_pg_drop && ip, action=drop, log=False, may_exist=True, severity=[], name=[], meter=None, external_ids={}) {{(pid=116626) do_commit /usr/local/lib/python3.8/dist-packages/ovsdbapp/backend/ovs_idl/transaction.py:90}}
Apr 22 18:45:43 ubuntu neutron-server[116626]: DEBUG ovsdbapp.backend.ovs_idl.event [-] Matched CREATE: NeutronPgDropPortGroupCreated(events=('create',), table='Port_Group', conditions=(('name', '=', 'neutron_pg_drop'),), old_conditions=None), priority=10 to row=Port_Group(name=neutron_pg_drop, ports=[], external_ids={}, acls=[<ovs.db.idl.Row object at 0x7f37d5ab7d60>, <ovs.db.idl.Row object at 0x7f37d5abd250>]) old= {{(pid=116626) matches /usr/local/lib/python3.8/dist-packages/ovsdbapp/backend/ovs_idl/event.py:43}}
Apr 22 18:45:43 ubuntu neutron-server[116626]: DEBUG ovsdbapp.backend.ovs_idl [None req-f01f95b1-4ac4-49dc-9d36-9fd27023297d None None] Created lookup_table index Logical_Switch.name {{(pid=116626) autocreate_indices /usr/local/lib/python3.8/dist-packages/ovsdbapp/backend/ovs_idl/__init__.py:85}}
Apr 22 18:45:43 ubuntu neutron-server[116626]: DEBUG ovsdbapp.backend.ovs_idl [None req-f01f95b1-4ac4-49dc-9d36-9fd27023297d None None] Created lookup_table index Logical_Router.name {{(pid=116626) autocreate_indices /usr/local/lib/python3.8/dist-packages/ovsdbapp/backend/ovs_idl/__init__.py:85}}
Apr 22 18:45:43 ubuntu neutron-server[116626]: DEBUG ovsdbapp.backend.ovs_idl [None req-f01f95b1-4ac4-49dc-9d36-9fd27023297d None None] Created lookup_table index Load_Balancer.name {{(pid=116626) autocreate_indices /usr/local/lib/python3.8/dist-packages/ovsdbapp/backend/ovs_idl/__init__.py:85}}
Apr 22 18:45:43 ubuntu neutron-server[116626]: DEBUG ovsdbapp.backend.ovs_idl [None req-f01f95b1-4ac4-49dc-9d36-9fd27023297d None None] Created schema index Meter.name {{(pid=116626) autocreate_indices /usr/local/lib/python3.8/dist-packages/ovsdbapp/backend/ovs_idl/__init__.py:104}}
Apr 22 18:45:43 ubuntu neutron-server[116626]: DEBUG ovsdbapp.backend.ovs_idl [None req-f01f95b1-4ac4-49dc-9d36-9fd27023297d None None] Created schema index Address_Set.name {{(pid=116626) autocreate_indices /usr/local/lib/python3.8/dist-packages/ovsdbapp/backend/ovs_idl/__init__.py:104}}
Apr 22 18:45:43 ubuntu neutron-server[116626]: DEBUG ovsdbapp.backend.ovs_idl [None req-f01f95b1-4ac4-49dc-9d36-9fd27023297d None None] Created schema index HA_Chassis_Group.name {{(pid=116626) autocreate_indices /usr/local/lib/python3.8/dist-packages/ovsdbapp/backend/ovs_idl/__init__.py:104}}
Apr 22 18:45:43 ubuntu neutron-server[116626]: DEBUG ovsdbapp.backend.ovs_idl [None req-f01f95b1-4ac4-49dc-9d36-9fd27023297d None None] Created schema index Connection.target {{(pid=116626) autocreate_indices /usr/local/lib/python3.8/dist-packages/ovsdbapp/backend/ovs_idl/__init__.py:104}}
Apr 22 18:45:43 ubuntu neutron-server[116626]: DEBUG ovsdbapp.backend.ovs_idl [None req-f01f95b1-4ac4-49dc-9d36-9fd27023297d None None] Created schema index Gateway_Chassis.name {{(pid=116626) autocreate_indices /usr/local/lib/python3.8/dist-packages/ovsdbapp/backend/ovs_idl/__init__.py:104}}
Apr 22 18:45:43 ubuntu neutron-server[116626]: DEBUG ovsdbapp.backend.ovs_idl [None req-f01f95b1-4ac4-49dc-9d36-9fd27023297d None None] Created schema index Logical_Router_Port.name {{(pid=116626) autocreate_indices /usr/local/lib/python3.8/dist-packages/ovsdbapp/backend/ovs_idl/__init__.py:104}}
Apr 22 18:45:43 ubuntu neutron-server[116626]: DEBUG ovsdbapp.backend.ovs_idl [None req-f01f95b1-4ac4-49dc-9d36-9fd27023297d None None] Created schema index Port_Group.name {{(pid=116626) autocreate_indices /usr/local/lib/python3.8/dist-packages/ovsdbapp/backend/ovs_idl/__init__.py:104}}
Apr 22 18:45:43 ubuntu neutron-server[116626]: DEBUG ovsdbapp.backend.ovs_idl [None req-f01f95b1-4ac4-49dc-9d36-9fd27023297d None None] Created schema index Logical_Switch_Port.name {{(pid=116626) autocreate_indices /usr/local/lib/python3.8/dist-packages/ovsdbapp/backend/ovs_idl/__init__.py:104}}
Apr 22 18:45:43 ubuntu neutron-server[116841]: DEBUG neutron.common.ovn.hash_ring_manager [None req-c414ef75-8572-47dc-b49a-bd4763e30e3c None None] Allow caching, nodes 2>=2 {{(pid=116841) _wait_startup_before_caching /opt/stack/neutron/neutron/common/ovn/hash_ring_manager.py:60}}
Apr 22 18:45:43 ubuntu neutron-server[116840]: DEBUG neutron.common.ovn.hash_ring_manager [None req-103a99bd-15e3-46f4-b6de-1c8c09ec5515 None None] Allow caching, nodes 2>=2 {{(pid=116840) _wait_startup_before_caching /opt/stack/neutron/neutron/common/ovn/hash_ring_manager.py:60}}
Apr 22 18:45:43 ubuntu neutron-server[116841]: DEBUG neutron.plugins.ml2.drivers.ovn.mech_driver.ovsdb.ovsdb_monitor [None req-c414ef75-8572-47dc-b49a-bd4763e30e3c None None] Hash Ring: Node 856d3064-97bd-4c75-9423-0e9bed62b80a (host: ubuntu) handling event "create" for row b1559c8d-f91d-4a12-8629-1657b62b30a0 (table: Database) {{(pid=116841) notify /opt/stack/neutron/neutron/plugins/ml2/drivers/ovn/mech_driver/ovsdb/ovsdb_monitor.py:815}}
Apr 22 18:45:43 ubuntu neutron-server[116840]: DEBUG neutron.plugins.ml2.drivers.ovn.mech_driver.ovsdb.ovsdb_monitor [None req-103a99bd-15e3-46f4-b6de-1c8c09ec5515 None None] Hash Ring: Node 66d32468-b4a2-45b2-9ffa-c3accfef5cc7 (host: ubuntu) handling event "create" for row ccbb3279-48b5-4c3f-b7a2-b261d199ba58 (table: Database) {{(pid=116840) notify /opt/stack/neutron/neutron/plugins/ml2/drivers/ovn/mech_driver/ovsdb/ovsdb_monitor.py:815}}
Apr 22 18:45:43 ubuntu neutron-server[116840]: DEBUG neutron.plugins.ml2.drivers.ovn.mech_driver.ovsdb.ovsdb_monitor [None req-103a99bd-15e3-46f4-b6de-1c8c09ec5515 None None] Hash Ring: Node 66d32468-b4a2-45b2-9ffa-c3accfef5cc7 (host: ubuntu) handling event "create" for row d3cd2bb4-0a84-42fe-900e-f92e77337e87 (table: Port_Group) {{(pid=116840) notify /opt/stack/neutron/neutron/plugins/ml2/drivers/ovn/mech_driver/ovsdb/ovsdb_monitor.py:815}}
Apr 22 18:45:43 ubuntu neutron-server[116840]: DEBUG neutron.plugins.ml2.drivers.ovn.mech_driver.ovsdb.ovsdb_monitor [None req-103a99bd-15e3-46f4-b6de-1c8c09ec5515 None None] Hash Ring: Node 66d32468-b4a2-45b2-9ffa-c3accfef5cc7 (host: ubuntu) handling event "create" for row 65ff7aa3-5f05-4e9e-88df-34709635fbd9 (table: ACL) {{(pid=116840) notify /opt/stack/neutron/neutron/plugins/ml2/drivers/ovn/mech_driver/ovsdb/ovsdb_monitor.py:815}}
Apr 22 18:45:43 ubuntu neutron-server[116840]: DEBUG neutron.plugins.ml2.drivers.ovn.mech_driver.ovsdb.ovsdb_monitor [None req-103a99bd-15e3-46f4-b6de-1c8c09ec5515 None None] Hash Ring: Node 66d32468-b4a2-45b2-9ffa-c3accfef5cc7 (host: ubuntu) handling event "create" for row 4675e7f2-49eb-40fd-9945-c2e93231e1ae (table: Connection) {{(pid=116840) notify /opt/stack/neutron/neutron/plugins/ml2/drivers/ovn/mech_driver/ovsdb/ovsdb_monitor.py:815}}
Apr 22 18:45:43 ubuntu neutron-server[116841]: DEBUG neutron.plugins.ml2.drivers.ovn.mech_driver.ovsdb.ovsdb_monitor [None req-c414ef75-8572-47dc-b49a-bd4763e30e3c None None] Hash Ring: Node 856d3064-97bd-4c75-9423-0e9bed62b80a (host: ubuntu) handling event "create" for row 7db95148-55aa-4473-a107-48601c2c7cbe (table: NB_Global) {{(pid=116841) notify /opt/stack/neutron/neutron/plugins/ml2/drivers/ovn/mech_driver/ovsdb/ovsdb_monitor.py:815}}
Apr 22 18:45:43 ubuntu neutron-server[116840]: INFO neutron.plugins.ml2.drivers.ovn.mech_driver.ovsdb.impl_idl_ovn [None req-103a99bd-15e3-46f4-b6de-1c8c09ec5515 None None] Getting OvsdbSbOvnIdl for WorkerService with retry
Apr 22 18:45:43 ubuntu neutron-server[116841]: DEBUG neutron.plugins.ml2.drivers.ovn.mech_driver.ovsdb.ovsdb_monitor [None req-c414ef75-8572-47dc-b49a-bd4763e30e3c None None] Hash Ring: Node 856d3064-97bd-4c75-9423-0e9bed62b80a (host: ubuntu) handling event "create" for row 2b33a770-093b-434d-82b8-7086f5f7c3e5 (table: ACL) {{(pid=116841) notify /opt/stack/neutron/neutron/plugins/ml2/drivers/ovn/mech_driver/ovsdb/ovsdb_monitor.py:815}}
Apr 22 18:45:43 ubuntu neutron-server[116841]: INFO neutron.plugins.ml2.drivers.ovn.mech_driver.ovsdb.impl_idl_ovn [None req-c414ef75-8572-47dc-b49a-bd4763e30e3c None None] Getting OvsdbSbOvnIdl for WorkerService with retry
Apr 22 18:45:43 ubuntu neutron-server[116840]: DEBUG ovsdbapp.backend.ovs_idl [None req-103a99bd-15e3-46f4-b6de-1c8c09ec5515 None None] Created lookup_table index Chassis.name {{(pid=116840) autocreate_indices /usr/local/lib/python3.8/dist-packages/ovsdbapp/backend/ovs_idl/__init__.py:85}}
Apr 22 18:45:43 ubuntu neutron-server[116840]: DEBUG ovsdbapp.backend.ovs_idl [None req-103a99bd-15e3-46f4-b6de-1c8c09ec5515 None None] Created schema index Datapath_Binding.tunnel_key {{(pid=116840) autocreate_indices /usr/local/lib/python3.8/dist-packages/ovsdbapp/backend/ovs_idl/__init__.py:104}}
Apr 22 18:45:43 ubuntu neutron-server[116840]: DEBUG ovsdbapp.backend.ovs_idl [None req-103a99bd-15e3-46f4-b6de-1c8c09ec5515 None None] Created schema index Connection.target {{(pid=116840) autocreate_indices /usr/local/lib/python3.8/dist-packages/ovsdbapp/backend/ovs_idl/__init__.py:104}}
Apr 22 18:45:43 ubuntu neutron-server[116840]: INFO ovsdbapp.backend.ovs_idl.vlog [None req-103a99bd-15e3-46f4-b6de-1c8c09ec5515 None None] tcp:192.168.79.37:6642: connecting...
Apr 22 18:45:43 ubuntu neutron-server[116626]: DEBUG ovsdbapp.backend.ovs_idl [None req-f01f95b1-4ac4-49dc-9d36-9fd27023297d None None] Created lookup_table index Chassis.name {{(pid=116626) autocreate_indices /usr/local/lib/python3.8/dist-packages/ovsdbapp/backend/ovs_idl/__init__.py:85}}
Apr 22 18:45:43 ubuntu neutron-server[116840]: INFO ovsdbapp.backend.ovs_idl.vlog [None req-103a99bd-15e3-46f4-b6de-1c8c09ec5515 None None] tcp:192.168.79.37:6642: connected
Apr 22 18:45:43 ubuntu neutron-server[116626]: DEBUG ovsdbapp.backend.ovs_idl [None req-f01f95b1-4ac4-49dc-9d36-9fd27023297d None None] Created lookup_table index MAC_Binding.ip {{(pid=116626) autocreate_indices /usr/local/lib/python3.8/dist-packages/ovsdbapp/backend/ovs_idl/__init__.py:85}}
Apr 22 18:45:43 ubuntu neutron-server[116626]: DEBUG ovsdbapp.backend.ovs_idl [None req-f01f95b1-4ac4-49dc-9d36-9fd27023297d None None] Created schema index Meter.name {{(pid=116626) autocreate_indices /usr/local/lib/python3.8/dist-packages/ovsdbapp/backend/ovs_idl/__init__.py:104}}
Apr 22 18:45:43 ubuntu neutron-server[116626]: DEBUG ovsdbapp.backend.ovs_idl [None req-f01f95b1-4ac4-49dc-9d36-9fd27023297d None None] Created schema index Address_Set.name {{(pid=116626) autocreate_indices /usr/local/lib/python3.8/dist-packages/ovsdbapp/backend/ovs_idl/__init__.py:104}}
Apr 22 18:45:43 ubuntu neutron-server[116626]: DEBUG ovsdbapp.backend.ovs_idl [None req-f01f95b1-4ac4-49dc-9d36-9fd27023297d None None] Created schema index HA_Chassis_Group.name {{(pid=116626) autocreate_indices /usr/local/lib/python3.8/dist-packages/ovsdbapp/backend/ovs_idl/__init__.py:104}}
Apr 22 18:45:43 ubuntu neutron-server[116626]: DEBUG ovsdbapp.backend.ovs_idl [None req-f01f95b1-4ac4-49dc-9d36-9fd27023297d None None] Created schema index IP_Multicast.datapath {{(pid=116626) autocreate_indices /usr/local/lib/python3.8/dist-packages/ovsdbapp/backend/ovs_idl/__init__.py:104}}
Apr 22 18:45:43 ubuntu neutron-server[116626]: DEBUG ovsdbapp.backend.ovs_idl [None req-f01f95b1-4ac4-49dc-9d36-9fd27023297d None None] Created schema index Connection.target {{(pid=116626) autocreate_indices /usr/local/lib/python3.8/dist-packages/ovsdbapp/backend/ovs_idl/__init__.py:104}}
Apr 22 18:45:43 ubuntu neutron-server[116626]: DEBUG ovsdbapp.backend.ovs_idl [None req-f01f95b1-4ac4-49dc-9d36-9fd27023297d None None] Created schema index Gateway_Chassis.name {{(pid=116626) autocreate_indices /usr/local/lib/python3.8/dist-packages/ovsdbapp/backend/ovs_idl/__init__.py:104}}
Apr 22 18:45:43 ubuntu neutron-server[116626]: DEBUG ovsdbapp.backend.ovs_idl [None req-f01f95b1-4ac4-49dc-9d36-9fd27023297d None None] Created schema index Port_Group.name {{(pid=116626) autocreate_indices /usr/local/lib/python3.8/dist-packages/ovsdbapp/backend/ovs_idl/__init__.py:104}}
Apr 22 18:45:43 ubuntu neutron-server[116626]: DEBUG ovsdbapp.backend.ovs_idl [None req-f01f95b1-4ac4-49dc-9d36-9fd27023297d None None] Created schema index Datapath_Binding.tunnel_key {{(pid=116626) autocreate_indices /usr/local/lib/python3.8/dist-packages/ovsdbapp/backend/ovs_idl/__init__.py:104}}
Apr 22 18:45:43 ubuntu neutron-server[116841]: DEBUG ovsdbapp.backend.ovs_idl [None req-c414ef75-8572-47dc-b49a-bd4763e30e3c None None] Created lookup_table index Chassis.name {{(pid=116841) autocreate_indices /usr/local/lib/python3.8/dist-packages/ovsdbapp/backend/ovs_idl/__init__.py:85}}
Apr 22 18:45:43 ubuntu neutron-server[116841]: DEBUG ovsdbapp.backend.ovs_idl [None req-c414ef75-8572-47dc-b49a-bd4763e30e3c None None] Created schema index Datapath_Binding.tunnel_key {{(pid=116841) autocreate_indices /usr/local/lib/python3.8/dist-packages/ovsdbapp/backend/ovs_idl/__init__.py:104}}
Apr 22 18:45:43 ubuntu neutron-server[116841]: DEBUG ovsdbapp.backend.ovs_idl [None req-c414ef75-8572-47dc-b49a-bd4763e30e3c None None] Created schema index Connection.target {{(pid=116841) autocreate_indices /usr/local/lib/python3.8/dist-packages/ovsdbapp/backend/ovs_idl/__init__.py:104}}
Apr 22 18:45:43 ubuntu neutron-server[116841]: INFO ovsdbapp.backend.ovs_idl.vlog [None req-c414ef75-8572-47dc-b49a-bd4763e30e3c None None] tcp:192.168.79.37:6642: connecting...
Apr 22 18:45:43 ubuntu neutron-server[116841]: INFO ovsdbapp.backend.ovs_idl.vlog [None req-c414ef75-8572-47dc-b49a-bd4763e30e3c None None] tcp:192.168.79.37:6642: connected
Apr 22 18:45:43 ubuntu neutron-server[116626]: INFO oslo_service.service [None req-f01f95b1-4ac4-49dc-9d36-9fd27023297d None None] Starting 1 workers
Apr 22 18:45:43 ubuntu neutron-server[116841]: DEBUG neutron.common.ovn.hash_ring_manager [None req-c414ef75-8572-47dc-b49a-bd4763e30e3c None None] Allow caching, nodes 2>=2 {{(pid=116841) _wait_startup_before_caching /opt/stack/neutron/neutron/common/ovn/hash_ring_manager.py:60}}
Apr 22 18:45:43 ubuntu neutron-server[116626]: DEBUG oslo_service.service [None req-f01f95b1-4ac4-49dc-9d36-9fd27023297d None None] Started child 116846 {{(pid=116626) _start_child /usr/local/lib/python3.8/dist-packages/oslo_service/service.py:575}}
Apr 22 18:45:43 ubuntu neutron-server[116840]: DEBUG neutron.common.ovn.hash_ring_manager [None req-103a99bd-15e3-46f4-b6de-1c8c09ec5515 None None] Allow caching, nodes 2>=2 {{(pid=116840) _wait_startup_before_caching /opt/stack/neutron/neutron/common/ovn/hash_ring_manager.py:60}}
Apr 22 18:45:43 ubuntu neutron-server[116626]: INFO oslo_service.service [None req-f01f95b1-4ac4-49dc-9d36-9fd27023297d None None] Starting 1 workers
Apr 22 18:45:43 ubuntu neutron-server[116841]: DEBUG neutron.plugins.ml2.drivers.ovn.mech_driver.ovsdb.ovsdb_monitor [None req-c414ef75-8572-47dc-b49a-bd4763e30e3c None None] Hash Ring: Node 856d3064-97bd-4c75-9423-0e9bed62b80a (host: ubuntu) handling event "create" for row 60cca2cd-4456-4002-a3d6-308ef034df64 (table: Database) {{(pid=116841) notify /opt/stack/neutron/neutron/plugins/ml2/drivers/ovn/mech_driver/ovsdb/ovsdb_monitor.py:815}}
Apr 22 18:45:43 ubuntu neutron-server[116840]: DEBUG neutron.plugins.ml2.drivers.ovn.mech_driver.ovsdb.ovsdb_monitor [None req-103a99bd-15e3-46f4-b6de-1c8c09ec5515 None None] Hash Ring: Node 66d32468-b4a2-45b2-9ffa-c3accfef5cc7 (host: ubuntu) handling event "create" for row db0480c4-c040-4338-809c-4991493421ff (table: Database) {{(pid=116840) notify /opt/stack/neutron/neutron/plugins/ml2/drivers/ovn/mech_driver/ovsdb/ovsdb_monitor.py:815}}
Apr 22 18:45:43 ubuntu neutron-server[116626]: DEBUG oslo_service.service [None req-f01f95b1-4ac4-49dc-9d36-9fd27023297d None None] Started child 116847 {{(pid=116626) _start_child /usr/local/lib/python3.8/dist-packages/oslo_service/service.py:575}}
Apr 22 18:45:43 ubuntu neutron-server[116626]: INFO oslo_service.service [None req-f01f95b1-4ac4-49dc-9d36-9fd27023297d None None] Starting 1 workers
Apr 22 18:45:43 ubuntu neutron-server[116841]: DEBUG neutron.plugins.ml2.drivers.ovn.mech_driver.ovsdb.ovsdb_monitor [None req-c414ef75-8572-47dc-b49a-bd4763e30e3c None None] Hash Ring: Node 856d3064-97bd-4c75-9423-0e9bed62b80a (host: ubuntu) handling event "create" for row 460ab65b-17f9-437b-b6e0-d0b76cb1898e (table: Encap) {{(pid=116841) notify /opt/stack/neutron/neutron/plugins/ml2/drivers/ovn/mech_driver/ovsdb/ovsdb_monitor.py:815}}
Apr 22 18:45:43 ubuntu neutron-server[116841]: DEBUG neutron.plugins.ml2.drivers.ovn.mech_driver.ovsdb.ovsdb_monitor [None req-c414ef75-8572-47dc-b49a-bd4763e30e3c None None] ChassisMetadataAgentWriteEvent : Matched Chassis, create, None None {{(pid=116841) matches /opt/stack/neutron/neutron/plugins/ml2/drivers/ovn/mech_driver/ovsdb/ovsdb_monitor.py:62}}
Apr 22 18:45:43 ubuntu neutron-server[116841]: DEBUG neutron.plugins.ml2.drivers.ovn.mech_driver.ovsdb.ovsdb_monitor [None req-c414ef75-8572-47dc-b49a-bd4763e30e3c None None] ChassisAgentWriteEvent : Matched Chassis, create, None None {{(pid=116841) matches /opt/stack/neutron/neutron/plugins/ml2/drivers/ovn/mech_driver/ovsdb/ovsdb_monitor.py:62}}
Apr 22 18:45:43 ubuntu neutron-server[116841]: DEBUG neutron.plugins.ml2.drivers.ovn.mech_driver.ovsdb.ovsdb_monitor [None req-c414ef75-8572-47dc-b49a-bd4763e30e3c None None] Hash Ring: Node 856d3064-97bd-4c75-9423-0e9bed62b80a (host: ubuntu) handling event "create" for row b1b89b09-501f-4c48-9f0a-d5319a45b156 (table: Chassis) {{(pid=116841) notify /opt/stack/neutron/neutron/plugins/ml2/drivers/ovn/mech_driver/ovsdb/ovsdb_monitor.py:815}}
Apr 22 18:45:43 ubuntu neutron-server[116840]: DEBUG neutron.plugins.ml2.drivers.ovn.mech_driver.ovsdb.ovsdb_monitor [None req-103a99bd-15e3-46f4-b6de-1c8c09ec5515 None None] ChassisMetadataAgentWriteEvent : Matched Chassis, create, None None {{(pid=116840) matches /opt/stack/neutron/neutron/plugins/ml2/drivers/ovn/mech_driver/ovsdb/ovsdb_monitor.py:62}}
Apr 22 18:45:43 ubuntu neutron-server[116840]: DEBUG neutron.plugins.ml2.drivers.ovn.mech_driver.ovsdb.ovsdb_monitor [None req-103a99bd-15e3-46f4-b6de-1c8c09ec5515 None None] ChassisAgentWriteEvent : Matched Chassis, create, None None {{(pid=116840) matches /opt/stack/neutron/neutron/plugins/ml2/drivers/ovn/mech_driver/ovsdb/ovsdb_monitor.py:62}}
Apr 22 18:45:43 ubuntu neutron-server[116626]: DEBUG oslo_service.service [None req-f01f95b1-4ac4-49dc-9d36-9fd27023297d None None] Started child 116848 {{(pid=116626) _start_child /usr/local/lib/python3.8/dist-packages/oslo_service/service.py:575}}
Apr 22 18:45:43 ubuntu neutron-server[116840]: DEBUG neutron.plugins.ml2.drivers.ovn.mech_driver.ovsdb.ovsdb_monitor [None req-103a99bd-15e3-46f4-b6de-1c8c09ec5515 None None] Hash Ring: Node 66d32468-b4a2-45b2-9ffa-c3accfef5cc7 (host: ubuntu) handling event "create" for row ae463433-ced3-499b-9015-233f85300caa (table: Connection) {{(pid=116840) notify /opt/stack/neutron/neutron/plugins/ml2/drivers/ovn/mech_driver/ovsdb/ovsdb_monitor.py:815}}
Apr 22 18:45:43 ubuntu neutron-server[116626]: DEBUG neutron_lib.callbacks.manager [None req-f01f95b1-4ac4-49dc-9d36-9fd27023297d None None] Publish callbacks [] for process (None), after_spawn {{(pid=116626) _notify_loop /usr/local/lib/python3.8/dist-packages/neutron_lib/callbacks/manager.py:176}}
Apr 22 18:45:43 ubuntu neutron-server[116626]: DEBUG oslo_service.service [-] Full set of CONF: {{(pid=116626) wait /usr/local/lib/python3.8/dist-packages/oslo_service/service.py:649}}
Apr 22 18:45:43 ubuntu neutron-server[116626]: DEBUG oslo_service.service [-] ******************************************************************************** {{(pid=116626) log_opt_values /usr/local/lib/python3.8/dist-packages/oslo_config/cfg.py:2589}}
Apr 22 18:45:43 ubuntu neutron-server[116626]: DEBUG oslo_service.service [-] Configuration options gathered from: {{(pid=116626) log_opt_values /usr/local/lib/python3.8/dist-packages/oslo_config/cfg.py:2590}}
Apr 22 18:45:43 ubuntu neutron-server[116626]: DEBUG oslo_service.service [-] command line args: ['--config-file', '/etc/neutron/neutron.conf', '--config-file', '/etc/neutron/plugins/ml2/ml2_conf.ini'] {{(pid=116626) log_opt_values /usr/local/lib/python3.8/dist-packages/oslo_config/cfg.py:2591}}
Apr 22 18:45:43 ubuntu neutron-server[116626]: DEBUG oslo_service.service [-] config files: ['/etc/neutron/neutron.conf', '/etc/neutron/plugins/ml2/ml2_conf.ini'] {{(pid=116626) log_opt_values /usr/local/lib/python3.8/dist-packages/oslo_config/cfg.py:2592}}
Apr 22 18:45:43 ubuntu neutron-server[116626]: DEBUG oslo_service.service [-] ================================================================================ {{(pid=116626) log_opt_values /usr/local/lib/python3.8/dist-packages/oslo_config/cfg.py:2594}}
Apr 22 18:45:43 ubuntu neutron-server[116626]: DEBUG oslo_service.service [-] agent_down_time                = 75 {{(pid=116626) log_opt_values /usr/local/lib/python3.8/dist-packages/oslo_config/cfg.py:2602}}
Apr 22 18:45:43 ubuntu neutron-server[116626]: DEBUG oslo_service.service [-] allow_automatic_dhcp_failover  = True {{(pid=116626) log_opt_values /usr/local/lib/python3.8/dist-packages/oslo_config/cfg.py:2602}}
Apr 22 18:45:43 ubuntu neutron-server[116626]: DEBUG oslo_service.service [-] allow_bulk                     = True {{(pid=116626) log_opt_values /usr/local/lib/python3.8/dist-packages/oslo_config/cfg.py:2602}}
Apr 22 18:45:43 ubuntu neutron-server[116626]: DEBUG oslo_service.service [-] allowed_conntrack_helpers      = [{'amanda': 'tcp'}, {'ftp': 'tcp'}, {'h323': 'udp'}, {'h323': 'tcp'}, {'irc': 'tcp'}, {'netbios-ns': 'udp'}, {'pptp': 'tcp'}, {'sane': 'tcp'}, {'sip': 'udp'}, {'sip': 'tcp'}, {'snmp': 'udp'}, {'tftp': 'udp'}] {{(pid=116626) log_opt_values /usr/local/lib/python3.8/dist-packages/oslo_config/cfg.py:2602}}
Apr 22 18:45:43 ubuntu neutron-server[116626]: DEBUG oslo_service.service [-] api_extensions_path            =  {{(pid=116626) log_opt_values /usr/local/lib/python3.8/dist-packages/oslo_config/cfg.py:2602}}
Apr 22 18:45:43 ubuntu neutron-server[116626]: DEBUG oslo_service.service [-] api_paste_config               = api-paste.ini {{(pid=116626) log_opt_values /usr/local/lib/python3.8/dist-packages/oslo_config/cfg.py:2602}}
Apr 22 18:45:43 ubuntu neutron-server[116626]: DEBUG oslo_service.service [-] api_workers                    = 2 {{(pid=116626) log_opt_values /usr/local/lib/python3.8/dist-packages/oslo_config/cfg.py:2602}}
Apr 22 18:45:43 ubuntu neutron-server[116626]: DEBUG oslo_service.service [-] auth_strategy                  = keystone {{(pid=116626) log_opt_values /usr/local/lib/python3.8/dist-packages/oslo_config/cfg.py:2602}}
Apr 22 18:45:43 ubuntu neutron-server[116626]: DEBUG oslo_service.service [-] backdoor_port                  = None {{(pid=116626) log_opt_values /usr/local/lib/python3.8/dist-packages/oslo_config/cfg.py:2602}}
Apr 22 18:45:43 ubuntu neutron-server[116626]: DEBUG oslo_service.service [-] backdoor_socket                = None {{(pid=116626) log_opt_values /usr/local/lib/python3.8/dist-packages/oslo_config/cfg.py:2602}}
Apr 22 18:45:43 ubuntu neutron-server[116626]: DEBUG oslo_service.service [-] backlog                        = 4096 {{(pid=116626) log_opt_values /usr/local/lib/python3.8/dist-packages/oslo_config/cfg.py:2602}}
