Jun 07 04:23:08 ubuntu devstack@g-api.service[124090]: DEBUG glance_store.backend [None req-59435cba-4c65-4001-be00-4e64bbc400b4 admin admin] Attempting to import store swift {{(pid=124090) _load_store /usr/local/lib/python3.8/dist-packages/glance_store/backend.py:217}}
Jun 07 04:23:08 ubuntu devstack@g-api.service[124090]: DEBUG glance_store.capabilities [None req-59435cba-4c65-4001-be00-4e64bbc400b4 admin admin] Store glance_store._drivers.swift.store.SingleTenantStore doesn't support updating dynamic storage capabilities. Please overwrite 'update_capabilities' method of the store to implement updating logics if needed. {{(pid=124090) update_capabilities /usr/local/lib/python3.8/dist-packages/glance_store/capabilities.py:91}}
Jun 07 04:23:08 ubuntu devstack@g-api.service[124090]: DEBUG glance_store.driver [None req-59435cba-4c65-4001-be00-4e64bbc400b4 admin admin] Late loading location class glance_store._drivers.swift.store.StoreLocation {{(pid=124090) get_store_location_class /usr/local/lib/python3.8/dist-packages/glance_store/driver.py:117}}
Jun 07 04:23:08 ubuntu devstack@g-api.service[124090]: DEBUG glance_store.location [None req-59435cba-4c65-4001-be00-4e64bbc400b4 admin admin] Registering scheme swift+https with {'store': <glance_store._drivers.swift.store.SingleTenantStore object at 0x7f710ce40760>, 'location_class': <class 'glance_store._drivers.swift.store.StoreLocation'>, 'store_entry': 'swift'} {{(pid=124090) register_scheme_map /usr/local/lib/python3.8/dist-packages/glance_store/location.py:146}}
Jun 07 04:23:08 ubuntu devstack@g-api.service[124090]: DEBUG glance_store.location [None req-59435cba-4c65-4001-be00-4e64bbc400b4 admin admin] Registering scheme swift+https with {'store': <glance_store._drivers.swift.store.SingleTenantStore object at 0x7f710ce40760>, 'location_class': <class 'glance_store._drivers.swift.store.StoreLocation'>, 'store_entry': 'swift'} {{(pid=124090) register_scheme_map /usr/local/lib/python3.8/dist-packages/glance_store/location.py:146}}
Jun 07 04:23:08 ubuntu devstack@g-api.service[124090]: DEBUG glance_store.location [None req-59435cba-4c65-4001-be00-4e64bbc400b4 admin admin] Registering scheme swift with {'store': <glance_store._drivers.swift.store.SingleTenantStore object at 0x7f710ce40760>, 'location_class': <class 'glance_store._drivers.swift.store.StoreLocation'>, 'store_entry': 'swift'} {{(pid=124090) register_scheme_map /usr/local/lib/python3.8/dist-packages/glance_store/location.py:146}}
Jun 07 04:23:08 ubuntu devstack@g-api.service[124090]: DEBUG glance_store.location [None req-59435cba-4c65-4001-be00-4e64bbc400b4 admin admin] Registering scheme swift+https with {'store': <glance_store._drivers.swift.store.SingleTenantStore object at 0x7f710ce40760>, 'location_class': <class 'glance_store._drivers.swift.store.StoreLocation'>, 'store_entry': 'swift'} {{(pid=124090) register_scheme_map /usr/local/lib/python3.8/dist-packages/glance_store/location.py:146}}
Jun 07 04:23:08 ubuntu devstack@g-api.service[124090]: DEBUG glance_store.location [None req-59435cba-4c65-4001-be00-4e64bbc400b4 admin admin] Registering scheme swift with {'store': <glance_store._drivers.swift.store.SingleTenantStore object at 0x7f710ce40760>, 'location_class': <class 'glance_store._drivers.swift.store.StoreLocation'>, 'store_entry': 'swift'} {{(pid=124090) register_scheme_map /usr/local/lib/python3.8/dist-packages/glance_store/location.py:146}}
Jun 07 04:23:08 ubuntu devstack@g-api.service[124090]: DEBUG glance_store.location [None req-59435cba-4c65-4001-be00-4e64bbc400b4 admin admin] Registering scheme swift+http with {'store': <glance_store._drivers.swift.store.SingleTenantStore object at 0x7f710ce40760>, 'location_class': <class 'glance_store._drivers.swift.store.StoreLocation'>, 'store_entry': 'swift'} {{(pid=124090) register_scheme_map /usr/local/lib/python3.8/dist-packages/glance_store/location.py:146}}
Jun 07 04:23:08 ubuntu devstack@g-api.service[124090]: DEBUG glance_store.location [None req-59435cba-4c65-4001-be00-4e64bbc400b4 admin admin] Registering scheme swift+https with {'store': <glance_store._drivers.swift.store.SingleTenantStore object at 0x7f710ce40760>, 'location_class': <class 'glance_store._drivers.swift.store.StoreLocation'>, 'store_entry': 'swift'} {{(pid=124090) register_scheme_map /usr/local/lib/python3.8/dist-packages/glance_store/location.py:146}}
Jun 07 04:23:08 ubuntu devstack@g-api.service[124090]: DEBUG glance_store.location [None req-59435cba-4c65-4001-be00-4e64bbc400b4 admin admin] Registering scheme swift with {'store': <glance_store._drivers.swift.store.SingleTenantStore object at 0x7f710ce40760>, 'location_class': <class 'glance_store._drivers.swift.store.StoreLocation'>, 'store_entry': 'swift'} {{(pid=124090) register_scheme_map /usr/local/lib/python3.8/dist-packages/glance_store/location.py:146}}
Jun 07 04:23:08 ubuntu devstack@g-api.service[124090]: DEBUG glance_store.location [None req-59435cba-4c65-4001-be00-4e64bbc400b4 admin admin] Registering scheme swift+http with {'store': <glance_store._drivers.swift.store.SingleTenantStore object at 0x7f710ce40760>, 'location_class': <class 'glance_store._drivers.swift.store.StoreLocation'>, 'store_entry': 'swift'} {{(pid=124090) register_scheme_map /usr/local/lib/python3.8/dist-packages/glance_store/location.py:146}}
Jun 07 04:23:08 ubuntu devstack@g-api.service[124090]: DEBUG glance_store.location [None req-59435cba-4c65-4001-be00-4e64bbc400b4 admin admin] Registering scheme swift+config with {'store': <glance_store._drivers.swift.store.SingleTenantStore object at 0x7f710ce40760>, 'location_class': <class 'glance_store._drivers.swift.store.StoreLocation'>, 'store_entry': 'swift'} {{(pid=124090) register_scheme_map /usr/local/lib/python3.8/dist-packages/glance_store/location.py:146}}
Jun 07 04:23:08 ubuntu devstack@g-api.service[124090]: DEBUG glance_store.backend [None req-59435cba-4c65-4001-be00-4e64bbc400b4 admin admin] Skipping store.set_acls... not implemented. {{(pid=124090) set_acls /usr/local/lib/python3.8/dist-packages/glance_store/backend.py:509}}
Jun 07 04:23:08 ubuntu devstack@g-api.service[124090]: [pid: 124090|app: 0|req: 3/4] 127.0.0.1 () {40 vars in 862 bytes} [Tue Jun  7 04:23:06 2022] PUT /v2/images/f1d3ccc9-5afe-4862-a97e-53d082fc76ad/file => generated 0 bytes in 2204 msecs (HTTP/1.1 204) 4 headers in 171 bytes (1 switches on core 0)
Jun 07 04:23:16 ubuntu devstack@g-api.service[124089]: DEBUG dbcounter [-] [124089] Writing DB stats glance:SELECT=9,glance:INSERT=5 {{(pid=124089) stat_writer /usr/local/lib/python3.8/dist-packages/dbcounter.py:114}}
Jun 07 04:23:18 ubuntu devstack@g-api.service[124090]: DEBUG dbcounter [-] [124090] Writing DB stats glance:SELECT=28,glance:UPDATE=2,glance:INSERT=1 {{(pid=124090) stat_writer /usr/local/lib/python3.8/dist-packages/dbcounter.py:114}}
Jun 07 04:23:57 ubuntu devstack@g-api.service[124089]: DEBUG glance.api.middleware.version_negotiation [None req-33189e14-f2f9-4ee7-b293-55c258fe0394 admin admin] Determining version of request: GET / Accept: application/json {{(pid=124089) process_request /opt/stack/glance/glance/api/middleware/version_negotiation.py:44}}
Jun 07 04:23:57 ubuntu devstack@g-api.service[124089]: DEBUG glance.api.middleware.version_negotiation [None req-33189e14-f2f9-4ee7-b293-55c258fe0394 admin admin] Using url versioning {{(pid=124089) process_request /opt/stack/glance/glance/api/middleware/version_negotiation.py:57}}
Jun 07 04:23:57 ubuntu devstack@g-api.service[124089]: DEBUG glance.api.middleware.version_negotiation [None req-33189e14-f2f9-4ee7-b293-55c258fe0394 admin admin] Unknown version. Returning version choices. {{(pid=124089) process_request /opt/stack/glance/glance/api/middleware/version_negotiation.py:64}}
Jun 07 04:23:57 ubuntu devstack@g-api.service[124089]: [pid: 124089|app: 0|req: 2/5] 127.0.0.1 () {34 vars in 506 bytes} [Tue Jun  7 04:23:57 2022] GET / => generated 1323 bytes in 6 msecs (HTTP/1.1 300) 3 headers in 106 bytes (1 switches on core 0)
Jun 07 04:23:57 ubuntu devstack@g-api.service[124090]: DEBUG glance.api.middleware.version_negotiation [None req-59435cba-4c65-4001-be00-4e64bbc400b4 admin admin] Determining version of request: GET /v2/images Accept: application/json {{(pid=124090) process_request /opt/stack/glance/glance/api/middleware/version_negotiation.py:44}}
Jun 07 04:23:57 ubuntu devstack@g-api.service[124090]: DEBUG glance.api.middleware.version_negotiation [None req-59435cba-4c65-4001-be00-4e64bbc400b4 admin admin] Using url versioning {{(pid=124090) process_request /opt/stack/glance/glance/api/middleware/version_negotiation.py:57}}
Jun 07 04:23:57 ubuntu devstack@g-api.service[124090]: DEBUG glance.api.middleware.version_negotiation [None req-59435cba-4c65-4001-be00-4e64bbc400b4 admin admin] Matched version: v2 {{(pid=124090) process_request /opt/stack/glance/glance/api/middleware/version_negotiation.py:69}}
Jun 07 04:23:57 ubuntu devstack@g-api.service[124090]: DEBUG glance.api.middleware.version_negotiation [None req-59435cba-4c65-4001-be00-4e64bbc400b4 admin admin] new path /v2/images {{(pid=124090) process_request /opt/stack/glance/glance/api/middleware/version_negotiation.py:70}}
Jun 07 04:23:57 ubuntu devstack@g-api.service[124090]: [pid: 124090|app: 0|req: 4/6] 127.0.0.1 () {36 vars in 728 bytes} [Tue Jun  7 04:23:57 2022] GET /v2/images => generated 1045 bytes in 140 msecs (HTTP/1.1 200) 4 headers in 158 bytes (1 switches on core 0)
Jun 07 04:24:02 ubuntu devstack@g-api.service[124089]: DEBUG glance.api.middleware.version_negotiation [None req-33189e14-f2f9-4ee7-b293-55c258fe0394 admin admin] Determining version of request: GET / Accept: application/json {{(pid=124089) process_request /opt/stack/glance/glance/api/middleware/version_negotiation.py:44}}
Jun 07 04:24:02 ubuntu devstack@g-api.service[124089]: DEBUG glance.api.middleware.version_negotiation [None req-33189e14-f2f9-4ee7-b293-55c258fe0394 admin admin] Using url versioning {{(pid=124089) process_request /opt/stack/glance/glance/api/middleware/version_negotiation.py:57}}
Jun 07 04:24:02 ubuntu devstack@g-api.service[124089]: DEBUG glance.api.middleware.version_negotiation [None req-33189e14-f2f9-4ee7-b293-55c258fe0394 admin admin] Unknown version. Returning version choices. {{(pid=124089) process_request /opt/stack/glance/glance/api/middleware/version_negotiation.py:64}}
Jun 07 04:24:02 ubuntu devstack@g-api.service[124089]: [pid: 124089|app: 0|req: 3/7] 127.0.0.1 () {34 vars in 506 bytes} [Tue Jun  7 04:24:02 2022] GET / => generated 1323 bytes in 4 msecs (HTTP/1.1 300) 3 headers in 106 bytes (1 switches on core 0)
Jun 07 04:24:02 ubuntu devstack@g-api.service[124090]: DEBUG glance.api.middleware.version_negotiation [None req-ae1be5a6-53c5-4382-8079-fcdada6fe8e3 admin admin] Determining version of request: GET /v2/images/f1d3ccc9-5afe-4862-a97e-53d082fc76ad Accept: */* {{(pid=124090) process_request /opt/stack/glance/glance/api/middleware/version_negotiation.py:44}}
Jun 07 04:24:02 ubuntu devstack@g-api.service[124090]: DEBUG glance.api.middleware.version_negotiation [None req-ae1be5a6-53c5-4382-8079-fcdada6fe8e3 admin admin] Using url versioning {{(pid=124090) process_request /opt/stack/glance/glance/api/middleware/version_negotiation.py:57}}
Jun 07 04:24:02 ubuntu devstack@g-api.service[124090]: DEBUG glance.api.middleware.version_negotiation [None req-ae1be5a6-53c5-4382-8079-fcdada6fe8e3 admin admin] Matched version: v2 {{(pid=124090) process_request /opt/stack/glance/glance/api/middleware/version_negotiation.py:69}}
Jun 07 04:24:02 ubuntu devstack@g-api.service[124090]: DEBUG glance.api.middleware.version_negotiation [None req-ae1be5a6-53c5-4382-8079-fcdada6fe8e3 admin admin] new path /v2/images/f1d3ccc9-5afe-4862-a97e-53d082fc76ad {{(pid=124090) process_request /opt/stack/glance/glance/api/middleware/version_negotiation.py:70}}
Jun 07 04:24:02 ubuntu devstack@g-api.service[124090]: [pid: 124090|app: 0|req: 5/8] 127.0.0.1 () {36 vars in 789 bytes} [Tue Jun  7 04:24:02 2022] GET /v2/images/f1d3ccc9-5afe-4862-a97e-53d082fc76ad => generated 976 bytes in 60 msecs (HTTP/1.1 200) 4 headers in 157 bytes (1 switches on core 0)
Jun 07 04:24:06 ubuntu devstack@g-api.service[124089]: DEBUG glance.api.middleware.version_negotiation [None req-33189e14-f2f9-4ee7-b293-55c258fe0394 admin admin] Determining version of request: GET / Accept: application/json {{(pid=124089) process_request /opt/stack/glance/glance/api/middleware/version_negotiation.py:44}}
Jun 07 04:24:06 ubuntu devstack@g-api.service[124089]: DEBUG glance.api.middleware.version_negotiation [None req-33189e14-f2f9-4ee7-b293-55c258fe0394 admin admin] Using url versioning {{(pid=124089) process_request /opt/stack/glance/glance/api/middleware/version_negotiation.py:57}}
Jun 07 04:24:06 ubuntu devstack@g-api.service[124089]: DEBUG glance.api.middleware.version_negotiation [None req-33189e14-f2f9-4ee7-b293-55c258fe0394 admin admin] Unknown version. Returning version choices. {{(pid=124089) process_request /opt/stack/glance/glance/api/middleware/version_negotiation.py:64}}
Jun 07 04:24:06 ubuntu devstack@g-api.service[124089]: [pid: 124089|app: 0|req: 4/9] 127.0.0.1 () {34 vars in 506 bytes} [Tue Jun  7 04:24:06 2022] GET / => generated 1323 bytes in 5 msecs (HTTP/1.1 300) 3 headers in 106 bytes (1 switches on core 0)
Jun 07 04:24:06 ubuntu devstack@g-api.service[124090]: DEBUG glance.api.middleware.version_negotiation [None req-ccecf59b-e25e-4be3-9cd9-20ee8b52301c admin admin] Determining version of request: GET /v2/images/f1d3ccc9-5afe-4862-a97e-53d082fc76ad Accept: */* {{(pid=124090) process_request /opt/stack/glance/glance/api/middleware/version_negotiation.py:44}}
Jun 07 04:24:06 ubuntu devstack@g-api.service[124090]: DEBUG glance.api.middleware.version_negotiation [None req-ccecf59b-e25e-4be3-9cd9-20ee8b52301c admin admin] Using url versioning {{(pid=124090) process_request /opt/stack/glance/glance/api/middleware/version_negotiation.py:57}}
Jun 07 04:24:06 ubuntu devstack@g-api.service[124090]: DEBUG glance.api.middleware.version_negotiation [None req-ccecf59b-e25e-4be3-9cd9-20ee8b52301c admin admin] Matched version: v2 {{(pid=124090) process_request /opt/stack/glance/glance/api/middleware/version_negotiation.py:69}}
Jun 07 04:24:06 ubuntu devstack@g-api.service[124090]: DEBUG glance.api.middleware.version_negotiation [None req-ccecf59b-e25e-4be3-9cd9-20ee8b52301c admin admin] new path /v2/images/f1d3ccc9-5afe-4862-a97e-53d082fc76ad {{(pid=124090) process_request /opt/stack/glance/glance/api/middleware/version_negotiation.py:70}}
Jun 07 04:24:06 ubuntu devstack@g-api.service[124090]: [pid: 124090|app: 0|req: 6/10] 127.0.0.1 () {36 vars in 789 bytes} [Tue Jun  7 04:24:06 2022] GET /v2/images/f1d3ccc9-5afe-4862-a97e-53d082fc76ad => generated 976 bytes in 52 msecs (HTTP/1.1 200) 4 headers in 157 bytes (1 switches on core 0)
Jun 07 04:24:16 ubuntu devstack@g-api.service[124090]: DEBUG dbcounter [-] [124090] Writing DB stats glance:SELECT=10 {{(pid=124090) stat_writer /usr/local/lib/python3.8/dist-packages/dbcounter.py:114}}
Jun 07 04:26:22 ubuntu devstack@g-api.service[124089]: DEBUG glance.api.middleware.version_negotiation [None req-33189e14-f2f9-4ee7-b293-55c258fe0394 admin admin] Determining version of request: GET /v1 Accept: application/json {{(pid=124089) process_request /opt/stack/glance/glance/api/middleware/version_negotiation.py:44}}
Jun 07 04:26:22 ubuntu devstack@g-api.service[124089]: DEBUG glance.api.middleware.version_negotiation [None req-33189e14-f2f9-4ee7-b293-55c258fe0394 admin admin] Using url versioning {{(pid=124089) process_request /opt/stack/glance/glance/api/middleware/version_negotiation.py:57}}
Jun 07 04:26:22 ubuntu devstack@g-api.service[124089]: DEBUG glance.api.middleware.version_negotiation [None req-33189e14-f2f9-4ee7-b293-55c258fe0394 admin admin] Unknown version. Returning version choices. {{(pid=124089) process_request /opt/stack/glance/glance/api/middleware/version_negotiation.py:64}}
Jun 07 04:26:22 ubuntu devstack@g-api.service[124089]: [pid: 124089|app: 0|req: 5/11] 127.0.0.1 () {38 vars in 685 bytes} [Tue Jun  7 04:26:22 2022] GET /v1 => generated 1323 bytes in 4 msecs (HTTP/1.1 300) 3 headers in 106 bytes (1 switches on core 0)
Jun 07 04:27:51 ubuntu devstack@g-api.service[124089]: DEBUG oslo_concurrency.lockutils [-] Acquired lock "glance-cache" {{(pid=124089) lock /usr/local/lib/python3.8/dist-packages/oslo_concurrency/lockutils.py:294}}
Jun 07 04:27:51 ubuntu devstack@g-api.service[124089]: DEBUG oslo_concurrency.lockutils [-] Acquired external semaphore "glance-cache" {{(pid=124089) lock /usr/local/lib/python3.8/dist-packages/oslo_concurrency/lockutils.py:302}}
Jun 07 04:27:51 ubuntu devstack@g-api.service[124089]: DEBUG glance.image_cache.prefetcher [-] Nothing to prefetch. {{(pid=124089) run /opt/stack/glance/glance/image_cache/prefetcher.py:79}}
Jun 07 04:27:51 ubuntu devstack@g-api.service[124089]: DEBUG oslo_concurrency.lockutils [-] Releasing lock "glance-cache" {{(pid=124089) lock /usr/local/lib/python3.8/dist-packages/oslo_concurrency/lockutils.py:312}}
Jun 07 04:27:51 ubuntu devstack@g-api.service[124090]: DEBUG oslo_concurrency.lockutils [-] Acquired lock "glance-cache" {{(pid=124090) lock /usr/local/lib/python3.8/dist-packages/oslo_concurrency/lockutils.py:294}}
Jun 07 04:27:51 ubuntu devstack@g-api.service[124090]: DEBUG oslo_concurrency.lockutils [-] Acquired external semaphore "glance-cache" {{(pid=124090) lock /usr/local/lib/python3.8/dist-packages/oslo_concurrency/lockutils.py:302}}
Jun 07 04:27:51 ubuntu devstack@g-api.service[124090]: DEBUG glance.image_cache.prefetcher [-] Nothing to prefetch. {{(pid=124090) run /opt/stack/glance/glance/image_cache/prefetcher.py:79}}
Jun 07 04:27:51 ubuntu devstack@g-api.service[124090]: DEBUG oslo_concurrency.lockutils [-] Releasing lock "glance-cache" {{(pid=124090) lock /usr/local/lib/python3.8/dist-packages/oslo_concurrency/lockutils.py:312}}
Jun 07 04:28:43 ubuntu devstack@g-api.service[124090]: DEBUG glance.api.middleware.version_negotiation [None req-e944dd16-e657-4d46-bea5-81fd075d1ff9 admin admin] Determining version of request: GET /versions Accept: */* {{(pid=124090) process_request /opt/stack/glance/glance/api/middleware/version_negotiation.py:44}}
Jun 07 04:28:43 ubuntu devstack@g-api.service[124090]: [pid: 124090|app: 0|req: 7/12] 127.0.0.1 () {38 vars in 695 bytes} [Tue Jun  7 04:28:43 2022] GET /versions => generated 1323 bytes in 5 msecs (HTTP/1.1 200) 3 headers in 92 bytes (1 switches on core 0)
Jun 07 04:28:43 ubuntu devstack@g-api.service[124089]: DEBUG glance.api.middleware.version_negotiation [None req-33189e14-f2f9-4ee7-b293-55c258fe0394 admin admin] Determining version of request: GET /v2/schemas/image Accept: */* {{(pid=124089) process_request /opt/stack/glance/glance/api/middleware/version_negotiation.py:44}}
Jun 07 04:28:43 ubuntu devstack@g-api.service[124089]: DEBUG glance.api.middleware.version_negotiation [None req-33189e14-f2f9-4ee7-b293-55c258fe0394 admin admin] Using url versioning {{(pid=124089) process_request /opt/stack/glance/glance/api/middleware/version_negotiation.py:57}}
Jun 07 04:28:43 ubuntu devstack@g-api.service[124089]: DEBUG glance.api.middleware.version_negotiation [None req-33189e14-f2f9-4ee7-b293-55c258fe0394 admin admin] Matched version: v2 {{(pid=124089) process_request /opt/stack/glance/glance/api/middleware/version_negotiation.py:69}}
Jun 07 04:28:43 ubuntu devstack@g-api.service[124089]: DEBUG glance.api.middleware.version_negotiation [None req-33189e14-f2f9-4ee7-b293-55c258fe0394 admin admin] new path /v2/schemas/image {{(pid=124089) process_request /opt/stack/glance/glance/api/middleware/version_negotiation.py:70}}
Jun 07 04:28:43 ubuntu devstack@g-api.service[124089]: [pid: 124089|app: 0|req: 6/13] 127.0.0.1 () {38 vars in 711 bytes} [Tue Jun  7 04:28:43 2022] GET /v2/schemas/image => generated 6083 bytes in 90 msecs (HTTP/1.1 200) 4 headers in 158 bytes (1 switches on core 0)
Jun 07 04:28:43 ubuntu devstack@g-api.service[124090]: DEBUG glance.api.middleware.version_negotiation [None req-e944dd16-e657-4d46-bea5-81fd075d1ff9 admin admin] Determining version of request: GET /v2/schemas/metadefs/namespace Accept: */* {{(pid=124090) process_request /opt/stack/glance/glance/api/middleware/version_negotiation.py:44}}
Jun 07 04:28:43 ubuntu devstack@g-api.service[124090]: DEBUG glance.api.middleware.version_negotiation [None req-e944dd16-e657-4d46-bea5-81fd075d1ff9 admin admin] Using url versioning {{(pid=124090) process_request /opt/stack/glance/glance/api/middleware/version_negotiation.py:57}}
Jun 07 04:28:43 ubuntu devstack@g-api.service[124090]: DEBUG glance.api.middleware.version_negotiation [None req-e944dd16-e657-4d46-bea5-81fd075d1ff9 admin admin] Matched version: v2 {{(pid=124090) process_request /opt/stack/glance/glance/api/middleware/version_negotiation.py:69}}
Jun 07 04:28:43 ubuntu devstack@g-api.service[124090]: DEBUG glance.api.middleware.version_negotiation [None req-e944dd16-e657-4d46-bea5-81fd075d1ff9 admin admin] new path /v2/schemas/metadefs/namespace {{(pid=124090) process_request /opt/stack/glance/glance/api/middleware/version_negotiation.py:70}}
Jun 07 04:28:43 ubuntu devstack@g-api.service[124090]: [pid: 124090|app: 0|req: 8/14] 127.0.0.1 () {38 vars in 737 bytes} [Tue Jun  7 04:28:43 2022] GET /v2/schemas/metadefs/namespace => generated 3100 bytes in 10 msecs (HTTP/1.1 200) 4 headers in 158 bytes (1 switches on core 0)
Jun 07 04:28:43 ubuntu devstack@g-api.service[124089]: DEBUG glance.api.middleware.version_negotiation [None req-3e865fb2-5ceb-4f73-804a-6be07ca8d853 admin admin] Determining version of request: GET /v2/schemas/metadefs/resource_type Accept: */* {{(pid=124089) process_request /opt/stack/glance/glance/api/middleware/version_negotiation.py:44}}
Jun 07 04:28:43 ubuntu devstack@g-api.service[124089]: DEBUG glance.api.middleware.version_negotiation [None req-3e865fb2-5ceb-4f73-804a-6be07ca8d853 admin admin] Using url versioning {{(pid=124089) process_request /opt/stack/glance/glance/api/middleware/version_negotiation.py:57}}
Jun 07 04:28:43 ubuntu devstack@g-api.service[124089]: DEBUG glance.api.middleware.version_negotiation [None req-3e865fb2-5ceb-4f73-804a-6be07ca8d853 admin admin] Matched version: v2 {{(pid=124089) process_request /opt/stack/glance/glance/api/middleware/version_negotiation.py:69}}
Jun 07 04:28:43 ubuntu devstack@g-api.service[124089]: DEBUG glance.api.middleware.version_negotiation [None req-3e865fb2-5ceb-4f73-804a-6be07ca8d853 admin admin] new path /v2/schemas/metadefs/resource_type {{(pid=124089) process_request /opt/stack/glance/glance/api/middleware/version_negotiation.py:70}}
Jun 07 04:28:43 ubuntu devstack@g-api.service[124089]: [pid: 124089|app: 0|req: 7/15] 127.0.0.1 () {38 vars in 745 bytes} [Tue Jun  7 04:28:43 2022] GET /v2/schemas/metadefs/resource_type => generated 1262 bytes in 8 msecs (HTTP/1.1 200) 4 headers in 158 bytes (1 switches on core 0)
Jun 07 04:28:43 ubuntu devstack@g-api.service[124090]: DEBUG glance.api.middleware.version_negotiation [None req-7a3fdda0-c9f6-4b85-9d4d-db4127d7e3d8 admin admin] Determining version of request: GET /v2/images Accept: */* {{(pid=124090) process_request /opt/stack/glance/glance/api/middleware/version_negotiation.py:44}}
Jun 07 04:28:43 ubuntu devstack@g-api.service[124090]: DEBUG glance.api.middleware.version_negotiation [None req-7a3fdda0-c9f6-4b85-9d4d-db4127d7e3d8 admin admin] Using url versioning {{(pid=124090) process_request /opt/stack/glance/glance/api/middleware/version_negotiation.py:57}}
Jun 07 04:28:43 ubuntu devstack@g-api.service[124090]: DEBUG glance.api.middleware.version_negotiation [None req-7a3fdda0-c9f6-4b85-9d4d-db4127d7e3d8 admin admin] Matched version: v2 {{(pid=124090) process_request /opt/stack/glance/glance/api/middleware/version_negotiation.py:69}}
Jun 07 04:28:43 ubuntu devstack@g-api.service[124090]: DEBUG glance.api.middleware.version_negotiation [None req-7a3fdda0-c9f6-4b85-9d4d-db4127d7e3d8 admin admin] new path /v2/images {{(pid=124090) process_request /opt/stack/glance/glance/api/middleware/version_negotiation.py:70}}
Jun 07 04:28:43 ubuntu devstack@g-api.service[124090]: [pid: 124090|app: 0|req: 9/16] 127.0.0.1 () {38 vars in 768 bytes} [Tue Jun  7 04:28:43 2022] GET /v2/images?limit=20&sort_key=name&sort_dir=asc => generated 1081 bytes in 92 msecs (HTTP/1.1 200) 4 headers in 158 bytes (1 switches on core 0)
Jun 07 04:28:43 ubuntu devstack@g-api.service[124089]: DEBUG glance.api.middleware.version_negotiation [None req-722228b2-3fdd-4dcf-b249-3770a132575e admin admin] Determining version of request: GET /v2/schemas/image Accept: */* {{(pid=124089) process_request /opt/stack/glance/glance/api/middleware/version_negotiation.py:44}}
Jun 07 04:28:43 ubuntu devstack@g-api.service[124089]: DEBUG glance.api.middleware.version_negotiation [None req-722228b2-3fdd-4dcf-b249-3770a132575e admin admin] Using url versioning {{(pid=124089) process_request /opt/stack/glance/glance/api/middleware/version_negotiation.py:57}}
Jun 07 04:28:43 ubuntu devstack@g-api.service[124089]: DEBUG glance.api.middleware.version_negotiation [None req-722228b2-3fdd-4dcf-b249-3770a132575e admin admin] Matched version: v2 {{(pid=124089) process_request /opt/stack/glance/glance/api/middleware/version_negotiation.py:69}}
Jun 07 04:28:43 ubuntu devstack@g-api.service[124089]: DEBUG glance.api.middleware.version_negotiation [None req-722228b2-3fdd-4dcf-b249-3770a132575e admin admin] new path /v2/schemas/image {{(pid=124089) process_request /opt/stack/glance/glance/api/middleware/version_negotiation.py:70}}
Jun 07 04:28:43 ubuntu devstack@g-api.service[124089]: [pid: 124089|app: 0|req: 8/17] 127.0.0.1 () {38 vars in 711 bytes} [Tue Jun  7 04:28:43 2022] GET /v2/schemas/image => generated 6083 bytes in 9 msecs (HTTP/1.1 200) 4 headers in 158 bytes (1 switches on core 0)
Jun 07 04:28:52 ubuntu devstack@g-api.service[124090]: DEBUG glance.api.middleware.version_negotiation [None req-553c9fd8-45c1-4ed7-a33f-2331de2be326 admin admin] Determining version of request: GET / Accept: application/json {{(pid=124090) process_request /opt/stack/glance/glance/api/middleware/version_negotiation.py:44}}
Jun 07 04:28:52 ubuntu devstack@g-api.service[124090]: DEBUG glance.api.middleware.version_negotiation [None req-553c9fd8-45c1-4ed7-a33f-2331de2be326 admin admin] Using url versioning {{(pid=124090) process_request /opt/stack/glance/glance/api/middleware/version_negotiation.py:57}}
Jun 07 04:28:52 ubuntu devstack@g-api.service[124090]: DEBUG glance.api.middleware.version_negotiation [None req-553c9fd8-45c1-4ed7-a33f-2331de2be326 admin admin] Unknown version. Returning version choices. {{(pid=124090) process_request /opt/stack/glance/glance/api/middleware/version_negotiation.py:64}}
Jun 07 04:28:52 ubuntu devstack@g-api.service[124090]: [pid: 124090|app: 0|req: 10/18] 127.0.0.1 () {34 vars in 492 bytes} [Tue Jun  7 04:28:52 2022] GET / => generated 1323 bytes in 5 msecs (HTTP/1.1 300) 3 headers in 106 bytes (1 switches on core 0)
Jun 07 04:28:52 ubuntu devstack@g-api.service[124089]: DEBUG glance.api.middleware.version_negotiation [None req-229903bc-ba92-4a1c-a8ed-462909d1ce6f admin admin] Determining version of request: GET /v2/images/f1d3ccc9-5afe-4862-a97e-53d082fc76ad Accept: */* {{(pid=124089) process_request /opt/stack/glance/glance/api/middleware/version_negotiation.py:44}}
Jun 07 04:28:52 ubuntu devstack@g-api.service[124089]: DEBUG glance.api.middleware.version_negotiation [None req-229903bc-ba92-4a1c-a8ed-462909d1ce6f admin admin] Using url versioning {{(pid=124089) process_request /opt/stack/glance/glance/api/middleware/version_negotiation.py:57}}
Jun 07 04:28:52 ubuntu devstack@g-api.service[124089]: DEBUG glance.api.middleware.version_negotiation [None req-229903bc-ba92-4a1c-a8ed-462909d1ce6f admin admin] Matched version: v2 {{(pid=124089) process_request /opt/stack/glance/glance/api/middleware/version_negotiation.py:69}}
Jun 07 04:28:52 ubuntu devstack@g-api.service[124089]: DEBUG glance.api.middleware.version_negotiation [None req-229903bc-ba92-4a1c-a8ed-462909d1ce6f admin admin] new path /v2/images/f1d3ccc9-5afe-4862-a97e-53d082fc76ad {{(pid=124089) process_request /opt/stack/glance/glance/api/middleware/version_negotiation.py:70}}
Jun 07 04:28:52 ubuntu devstack@g-api.service[124089]: WARNING keystonemiddleware.auth_token [None req-229903bc-ba92-4a1c-a8ed-462909d1ce6f admin admin] A valid token was submitted as a service token, but it was not a valid service token. This is incorrect but backwards compatible behaviour. This will be removed in future releases.
Jun 07 04:28:52 ubuntu devstack@g-api.service[124089]: [pid: 124089|app: 0|req: 9/19] 127.0.0.1 () {42 vars in 1049 bytes} [Tue Jun  7 04:28:52 2022] GET /v2/images/f1d3ccc9-5afe-4862-a97e-53d082fc76ad => generated 976 bytes in 137 msecs (HTTP/1.1 200) 4 headers in 157 bytes (1 switches on core 0)
Jun 07 04:28:52 ubuntu devstack@g-api.service[124090]: DEBUG glance.api.middleware.version_negotiation [None req-553c9fd8-45c1-4ed7-a33f-2331de2be326 admin admin] Determining version of request: GET /v2/schemas/image Accept: */* {{(pid=124090) process_request /opt/stack/glance/glance/api/middleware/version_negotiation.py:44}}
Jun 07 04:28:52 ubuntu devstack@g-api.service[124090]: DEBUG glance.api.middleware.version_negotiation [None req-553c9fd8-45c1-4ed7-a33f-2331de2be326 admin admin] Using url versioning {{(pid=124090) process_request /opt/stack/glance/glance/api/middleware/version_negotiation.py:57}}
Jun 07 04:28:52 ubuntu devstack@g-api.service[124090]: DEBUG glance.api.middleware.version_negotiation [None req-553c9fd8-45c1-4ed7-a33f-2331de2be326 admin admin] Matched version: v2 {{(pid=124090) process_request /opt/stack/glance/glance/api/middleware/version_negotiation.py:69}}
Jun 07 04:28:52 ubuntu devstack@g-api.service[124090]: DEBUG glance.api.middleware.version_negotiation [None req-553c9fd8-45c1-4ed7-a33f-2331de2be326 admin admin] new path /v2/schemas/image {{(pid=124090) process_request /opt/stack/glance/glance/api/middleware/version_negotiation.py:70}}
Jun 07 04:28:52 ubuntu devstack@g-api.service[124090]: WARNING keystonemiddleware.auth_token [None req-553c9fd8-45c1-4ed7-a33f-2331de2be326 admin admin] A valid token was submitted as a service token, but it was not a valid service token. This is incorrect but backwards compatible behaviour. This will be removed in future releases.
Jun 07 04:28:52 ubuntu devstack@g-api.service[124090]: [pid: 124090|app: 0|req: 11/20] 127.0.0.1 () {42 vars in 989 bytes} [Tue Jun  7 04:28:52 2022] GET /v2/schemas/image => generated 6083 bytes in 7 msecs (HTTP/1.1 200) 4 headers in 158 bytes (1 switches on core 0)
Jun 07 04:28:53 ubuntu devstack@g-api.service[124090]: DEBUG dbcounter [-] [124090] Writing DB stats glance:SELECT=2 {{(pid=124090) stat_writer /usr/local/lib/python3.8/dist-packages/dbcounter.py:114}}
Jun 07 04:28:54 ubuntu devstack@g-api.service[124089]: DEBUG glance.api.middleware.version_negotiation [None req-933d83f5-6b12-4ea2-9552-575985d0d55e tempest-VolumesAdminNegativeTest-786220989 tempest-VolumesAdminNegativeTest-786220989-project] Determining version of request: GET /v2/images/f1d3ccc9-5afe-4862-a97e-53d082fc76ad Accept: */* {{(pid=124089) process_request /opt/stack/glance/glance/api/middleware/version_negotiation.py:44}}
Jun 07 04:28:54 ubuntu devstack@g-api.service[124089]: DEBUG glance.api.middleware.version_negotiation [None req-933d83f5-6b12-4ea2-9552-575985d0d55e tempest-VolumesAdminNegativeTest-786220989 tempest-VolumesAdminNegativeTest-786220989-project] Using url versioning {{(pid=124089) process_request /opt/stack/glance/glance/api/middleware/version_negotiation.py:57}}
Jun 07 04:28:54 ubuntu devstack@g-api.service[124089]: DEBUG glance.api.middleware.version_negotiation [None req-933d83f5-6b12-4ea2-9552-575985d0d55e tempest-VolumesAdminNegativeTest-786220989 tempest-VolumesAdminNegativeTest-786220989-project] Matched version: v2 {{(pid=124089) process_request /opt/stack/glance/glance/api/middleware/version_negotiation.py:69}}
Jun 07 04:28:54 ubuntu devstack@g-api.service[124089]: DEBUG glance.api.middleware.version_negotiation [None req-933d83f5-6b12-4ea2-9552-575985d0d55e tempest-VolumesAdminNegativeTest-786220989 tempest-VolumesAdminNegativeTest-786220989-project] new path /v2/images/f1d3ccc9-5afe-4862-a97e-53d082fc76ad {{(pid=124089) process_request /opt/stack/glance/glance/api/middleware/version_negotiation.py:70}}
Jun 07 04:28:54 ubuntu devstack@g-api.service[124089]: [pid: 124089|app: 0|req: 10/21] 127.0.0.1 () {42 vars in 1049 bytes} [Tue Jun  7 04:28:54 2022] GET /v2/images/f1d3ccc9-5afe-4862-a97e-53d082fc76ad => generated 976 bytes in 25 msecs (HTTP/1.1 200) 4 headers in 157 bytes (1 switches on core 0)
Jun 07 04:28:54 ubuntu devstack@g-api.service[124090]: DEBUG glance.api.middleware.version_negotiation [None req-933d83f5-6b12-4ea2-9552-575985d0d55e tempest-VolumesAdminNegativeTest-786220989 tempest-VolumesAdminNegativeTest-786220989-project] Determining version of request: GET /v2/images/f1d3ccc9-5afe-4862-a97e-53d082fc76ad/file Accept: */* {{(pid=124090) process_request /opt/stack/glance/glance/api/middleware/version_negotiation.py:44}}
Jun 07 04:28:54 ubuntu devstack@g-api.service[124090]: DEBUG glance.api.middleware.version_negotiation [None req-933d83f5-6b12-4ea2-9552-575985d0d55e tempest-VolumesAdminNegativeTest-786220989 tempest-VolumesAdminNegativeTest-786220989-project] Using url versioning {{(pid=124090) process_request /opt/stack/glance/glance/api/middleware/version_negotiation.py:57}}
Jun 07 04:28:54 ubuntu devstack@g-api.service[124090]: DEBUG glance.api.middleware.version_negotiation [None req-933d83f5-6b12-4ea2-9552-575985d0d55e tempest-VolumesAdminNegativeTest-786220989 tempest-VolumesAdminNegativeTest-786220989-project] Matched version: v2 {{(pid=124090) process_request /opt/stack/glance/glance/api/middleware/version_negotiation.py:69}}
Jun 07 04:28:54 ubuntu devstack@g-api.service[124090]: DEBUG glance.api.middleware.version_negotiation [None req-933d83f5-6b12-4ea2-9552-575985d0d55e tempest-VolumesAdminNegativeTest-786220989 tempest-VolumesAdminNegativeTest-786220989-project] new path /v2/images/f1d3ccc9-5afe-4862-a97e-53d082fc76ad/file {{(pid=124090) process_request /opt/stack/glance/glance/api/middleware/version_negotiation.py:70}}
Jun 07 04:28:54 ubuntu devstack@g-api.service[124090]: DEBUG glance_store.backend [None req-933d83f5-6b12-4ea2-9552-575985d0d55e tempest-VolumesAdminNegativeTest-786220989 tempest-VolumesAdminNegativeTest-786220989-project] Attempting to import store swift {{(pid=124090) _load_store /usr/local/lib/python3.8/dist-packages/glance_store/backend.py:217}}
Jun 07 04:28:54 ubuntu devstack@g-api.service[124090]: DEBUG glance_store.capabilities [None req-933d83f5-6b12-4ea2-9552-575985d0d55e tempest-VolumesAdminNegativeTest-786220989 tempest-VolumesAdminNegativeTest-786220989-project] Store glance_store._drivers.swift.store.SingleTenantStore doesn't support updating dynamic storage capabilities. Please overwrite 'update_capabilities' method of the store to implement updating logics if needed. {{(pid=124090) update_capabilities /usr/local/lib/python3.8/dist-packages/glance_store/capabilities.py:91}}
Jun 07 04:28:54 ubuntu devstack@g-api.service[124090]: DEBUG glance_store.driver [None req-933d83f5-6b12-4ea2-9552-575985d0d55e tempest-VolumesAdminNegativeTest-786220989 tempest-VolumesAdminNegativeTest-786220989-project] Late loading location class glance_store._drivers.swift.store.StoreLocation {{(pid=124090) get_store_location_class /usr/local/lib/python3.8/dist-packages/glance_store/driver.py:117}}
Jun 07 04:28:54 ubuntu devstack@g-api.service[124090]: DEBUG glance_store.location [None req-933d83f5-6b12-4ea2-9552-575985d0d55e tempest-VolumesAdminNegativeTest-786220989 tempest-VolumesAdminNegativeTest-786220989-project] Registering scheme swift+https with {'store': <glance_store._drivers.swift.store.SingleTenantStore object at 0x7f710e6fb850>, 'location_class': <class 'glance_store._drivers.swift.store.StoreLocation'>, 'store_entry': 'swift'} {{(pid=124090) register_scheme_map /usr/local/lib/python3.8/dist-packages/glance_store/location.py:146}}
Jun 07 04:28:54 ubuntu devstack@g-api.service[124090]: DEBUG glance_store.location [None req-933d83f5-6b12-4ea2-9552-575985d0d55e tempest-VolumesAdminNegativeTest-786220989 tempest-VolumesAdminNegativeTest-786220989-project] Registering scheme swift+https with {'store': <glance_store._drivers.swift.store.SingleTenantStore object at 0x7f710e6fb850>, 'location_class': <class 'glance_store._drivers.swift.store.StoreLocation'>, 'store_entry': 'swift'} {{(pid=124090) register_scheme_map /usr/local/lib/python3.8/dist-packages/glance_store/location.py:146}}
Jun 07 04:28:54 ubuntu devstack@g-api.service[124090]: DEBUG glance_store.location [None req-933d83f5-6b12-4ea2-9552-575985d0d55e tempest-VolumesAdminNegativeTest-786220989 tempest-VolumesAdminNegativeTest-786220989-project] Registering scheme swift with {'store': <glance_store._drivers.swift.store.SingleTenantStore object at 0x7f710e6fb850>, 'location_class': <class 'glance_store._drivers.swift.store.StoreLocation'>, 'store_entry': 'swift'} {{(pid=124090) register_scheme_map /usr/local/lib/python3.8/dist-packages/glance_store/location.py:146}}
Jun 07 04:28:54 ubuntu devstack@g-api.service[124090]: DEBUG glance_store.location [None req-933d83f5-6b12-4ea2-9552-575985d0d55e tempest-VolumesAdminNegativeTest-786220989 tempest-VolumesAdminNegativeTest-786220989-project] Registering scheme swift+https with {'store': <glance_store._drivers.swift.store.SingleTenantStore object at 0x7f710e6fb850>, 'location_class': <class 'glance_store._drivers.swift.store.StoreLocation'>, 'store_entry': 'swift'} {{(pid=124090) register_scheme_map /usr/local/lib/python3.8/dist-packages/glance_store/location.py:146}}
Jun 07 04:28:54 ubuntu devstack@g-api.service[124090]: DEBUG glance_store.location [None req-933d83f5-6b12-4ea2-9552-575985d0d55e tempest-VolumesAdminNegativeTest-786220989 tempest-VolumesAdminNegativeTest-786220989-project] Registering scheme swift with {'store': <glance_store._drivers.swift.store.SingleTenantStore object at 0x7f710e6fb850>, 'location_class': <class 'glance_store._drivers.swift.store.StoreLocation'>, 'store_entry': 'swift'} {{(pid=124090) register_scheme_map /usr/local/lib/python3.8/dist-packages/glance_store/location.py:146}}
Jun 07 04:28:54 ubuntu devstack@g-api.service[124090]: DEBUG glance_store.location [None req-933d83f5-6b12-4ea2-9552-575985d0d55e tempest-VolumesAdminNegativeTest-786220989 tempest-VolumesAdminNegativeTest-786220989-project] Registering scheme swift+http with {'store': <glance_store._drivers.swift.store.SingleTenantStore object at 0x7f710e6fb850>, 'location_class': <class 'glance_store._drivers.swift.store.StoreLocation'>, 'store_entry': 'swift'} {{(pid=124090) register_scheme_map /usr/local/lib/python3.8/dist-packages/glance_store/location.py:146}}
Jun 07 04:28:54 ubuntu devstack@g-api.service[124090]: DEBUG glance_store.location [None req-933d83f5-6b12-4ea2-9552-575985d0d55e tempest-VolumesAdminNegativeTest-786220989 tempest-VolumesAdminNegativeTest-786220989-project] Registering scheme swift+https with {'store': <glance_store._drivers.swift.store.SingleTenantStore object at 0x7f710e6fb850>, 'location_class': <class 'glance_store._drivers.swift.store.StoreLocation'>, 'store_entry': 'swift'} {{(pid=124090) register_scheme_map /usr/local/lib/python3.8/dist-packages/glance_store/location.py:146}}
Jun 07 04:28:54 ubuntu devstack@g-api.service[124090]: DEBUG glance_store.location [None req-933d83f5-6b12-4ea2-9552-575985d0d55e tempest-VolumesAdminNegativeTest-786220989 tempest-VolumesAdminNegativeTest-786220989-project] Registering scheme swift with {'store': <glance_store._drivers.swift.store.SingleTenantStore object at 0x7f710e6fb850>, 'location_class': <class 'glance_store._drivers.swift.store.StoreLocation'>, 'store_entry': 'swift'} {{(pid=124090) register_scheme_map /usr/local/lib/python3.8/dist-packages/glance_store/location.py:146}}
Jun 07 04:28:54 ubuntu devstack@g-api.service[124090]: DEBUG glance_store.location [None req-933d83f5-6b12-4ea2-9552-575985d0d55e tempest-VolumesAdminNegativeTest-786220989 tempest-VolumesAdminNegativeTest-786220989-project] Registering scheme swift+http with {'store': <glance_store._drivers.swift.store.SingleTenantStore object at 0x7f710e6fb850>, 'location_class': <class 'glance_store._drivers.swift.store.StoreLocation'>, 'store_entry': 'swift'} {{(pid=124090) register_scheme_map /usr/local/lib/python3.8/dist-packages/glance_store/location.py:146}}
Jun 07 04:28:54 ubuntu devstack@g-api.service[124090]: DEBUG glance_store.location [None req-933d83f5-6b12-4ea2-9552-575985d0d55e tempest-VolumesAdminNegativeTest-786220989 tempest-VolumesAdminNegativeTest-786220989-project] Registering scheme swift+config with {'store': <glance_store._drivers.swift.store.SingleTenantStore object at 0x7f710e6fb850>, 'location_class': <class 'glance_store._drivers.swift.store.StoreLocation'>, 'store_entry': 'swift'} {{(pid=124090) register_scheme_map /usr/local/lib/python3.8/dist-packages/glance_store/location.py:146}}
Jun 07 04:28:55 ubuntu devstack@g-api.service[124090]: DEBUG swiftclient [None req-933d83f5-6b12-4ea2-9552-575985d0d55e tempest-VolumesAdminNegativeTest-786220989 tempest-VolumesAdminNegativeTest-786220989-project] REQ: curl -i http://192.168.79.47:8080/v1/AUTH_0d6539894a8d46038589614b81391e3b/glance/f1d3ccc9-5afe-4862-a97e-53d082fc76ad -X GET -H "X-Auth-Token: gAAAAABintQGCQgf..." {{(pid=124090) http_log /usr/local/lib/python3.8/dist-packages/swiftclient/client.py:157}}
Jun 07 04:28:55 ubuntu devstack@g-api.service[124090]: DEBUG swiftclient [None req-933d83f5-6b12-4ea2-9552-575985d0d55e tempest-VolumesAdminNegativeTest-786220989 tempest-VolumesAdminNegativeTest-786220989-project] RESP STATUS: 200 OK {{(pid=124090) http_log /usr/local/lib/python3.8/dist-packages/swiftclient/client.py:158}}
Jun 07 04:28:55 ubuntu devstack@g-api.service[124090]: DEBUG swiftclient [None req-933d83f5-6b12-4ea2-9552-575985d0d55e tempest-VolumesAdminNegativeTest-786220989 tempest-VolumesAdminNegativeTest-786220989-project] RESP HEADERS: {'Content-Type': 'application/octet-stream', 'Etag': '1d3062cd89af34e419f7100277f38b2b', 'Last-Modified': 'Tue, 07 Jun 2022 04:23:09 GMT', 'X-Timestamp': '1654575788.35019', 'Accept-Ranges': 'bytes', 'Content-Length': '16338944', 'X-Trans-Id': 'txe99d66bdd69041d68d24a-00629ed407', 'X-Openstack-Request-Id': 'txe99d66bdd69041d68d24a-00629ed407', 'Date': 'Tue, 07 Jun 2022 04:28:55 GMT'} {{(pid=124090) http_log /usr/local/lib/python3.8/dist-packages/swiftclient/client.py:159}}
Jun 07 04:28:55 ubuntu devstack@g-api.service[124090]: DEBUG glance.image_cache [None req-933d83f5-6b12-4ea2-9552-575985d0d55e tempest-VolumesAdminNegativeTest-786220989 tempest-VolumesAdminNegativeTest-786220989-project] Tee'ing image 'f1d3ccc9-5afe-4862-a97e-53d082fc76ad' into cache {{(pid=124090) get_caching_iter /opt/stack/glance/glance/image_cache/__init__.py:343}}
Jun 07 04:28:55 ubuntu devstack@g-api.service[124090]: DEBUG glance.image_cache.drivers.sqlite [None req-933d83f5-6b12-4ea2-9552-575985d0d55e tempest-VolumesAdminNegativeTest-786220989 tempest-VolumesAdminNegativeTest-786220989-project] Fetch finished, moving '/opt/stack/data/glance/cache/incomplete/f1d3ccc9-5afe-4862-a97e-53d082fc76ad' to '/opt/stack/data/glance/cache/f1d3ccc9-5afe-4862-a97e-53d082fc76ad' {{(pid=124090) commit /opt/stack/glance/glance/image_cache/drivers/sqlite.py:324}}
Jun 07 04:28:55 ubuntu devstack@g-api.service[124090]: [pid: 124090|app: 0|req: 12/22] 127.0.0.1 () {42 vars in 1059 bytes} [Tue Jun  7 04:28:54 2022] GET /v2/images/f1d3ccc9-5afe-4862-a97e-53d082fc76ad/file => generated 16338944 bytes in 470 msecs (HTTP/1.1 200) 4 headers in 191 bytes (250 switches on core 0)
Jun 07 04:29:04 ubuntu devstack@g-api.service[124089]: DEBUG dbcounter [-] [124089] Writing DB stats glance:SELECT=8 {{(pid=124089) stat_writer /usr/local/lib/python3.8/dist-packages/dbcounter.py:114}}
Jun 07 04:29:05 ubuntu devstack@g-api.service[124090]: DEBUG dbcounter [-] [124090] Writing DB stats glance:SELECT=8 {{(pid=124090) stat_writer /usr/local/lib/python3.8/dist-packages/dbcounter.py:114}}
Jun 07 04:29:15 ubuntu devstack@g-api.service[124089]: DEBUG glance.api.middleware.version_negotiation [None req-933d83f5-6b12-4ea2-9552-575985d0d55e tempest-VolumesAdminNegativeTest-786220989 tempest-VolumesAdminNegativeTest-786220989-project] Determining version of request: GET / Accept: application/json {{(pid=124089) process_request /opt/stack/glance/glance/api/middleware/version_negotiation.py:44}}
Jun 07 04:29:15 ubuntu devstack@g-api.service[124089]: DEBUG glance.api.middleware.version_negotiation [None req-933d83f5-6b12-4ea2-9552-575985d0d55e tempest-VolumesAdminNegativeTest-786220989 tempest-VolumesAdminNegativeTest-786220989-project] Using url versioning {{(pid=124089) process_request /opt/stack/glance/glance/api/middleware/version_negotiation.py:57}}
Jun 07 04:29:15 ubuntu devstack@g-api.service[124089]: DEBUG glance.api.middleware.version_negotiation [None req-933d83f5-6b12-4ea2-9552-575985d0d55e tempest-VolumesAdminNegativeTest-786220989 tempest-VolumesAdminNegativeTest-786220989-project] Unknown version. Returning version choices. {{(pid=124089) process_request /opt/stack/glance/glance/api/middleware/version_negotiation.py:64}}
Jun 07 04:29:15 ubuntu devstack@g-api.service[124089]: [pid: 124089|app: 0|req: 11/23] 127.0.0.1 () {34 vars in 492 bytes} [Tue Jun  7 04:29:15 2022] GET / => generated 1323 bytes in 4 msecs (HTTP/1.1 300) 3 headers in 106 bytes (1 switches on core 0)
Jun 07 04:29:15 ubuntu devstack@g-api.service[124090]: DEBUG glance.api.middleware.version_negotiation [None req-933d83f5-6b12-4ea2-9552-575985d0d55e tempest-VolumesAdminNegativeTest-786220989 tempest-VolumesAdminNegativeTest-786220989-project] Determining version of request: GET /v2/images/f1d3ccc9-5afe-4862-a97e-53d082fc76ad Accept: */* {{(pid=124090) process_request /opt/stack/glance/glance/api/middleware/version_negotiation.py:44}}
Jun 07 04:29:15 ubuntu devstack@g-api.service[124090]: DEBUG glance.api.middleware.version_negotiation [None req-933d83f5-6b12-4ea2-9552-575985d0d55e tempest-VolumesAdminNegativeTest-786220989 tempest-VolumesAdminNegativeTest-786220989-project] Using url versioning {{(pid=124090) process_request /opt/stack/glance/glance/api/middleware/version_negotiation.py:57}}
Jun 07 04:29:15 ubuntu devstack@g-api.service[124090]: DEBUG glance.api.middleware.version_negotiation [None req-933d83f5-6b12-4ea2-9552-575985d0d55e tempest-VolumesAdminNegativeTest-786220989 tempest-VolumesAdminNegativeTest-786220989-project] Matched version: v2 {{(pid=124090) process_request /opt/stack/glance/glance/api/middleware/version_negotiation.py:69}}
Jun 07 04:29:15 ubuntu devstack@g-api.service[124090]: DEBUG glance.api.middleware.version_negotiation [None req-933d83f5-6b12-4ea2-9552-575985d0d55e tempest-VolumesAdminNegativeTest-786220989 tempest-VolumesAdminNegativeTest-786220989-project] new path /v2/images/f1d3ccc9-5afe-4862-a97e-53d082fc76ad {{(pid=124090) process_request /opt/stack/glance/glance/api/middleware/version_negotiation.py:70}}
Jun 07 04:29:15 ubuntu devstack@g-api.service[124090]: [pid: 124090|app: 0|req: 13/24] 127.0.0.1 () {42 vars in 1049 bytes} [Tue Jun  7 04:29:15 2022] GET /v2/images/f1d3ccc9-5afe-4862-a97e-53d082fc76ad => generated 976 bytes in 21 msecs (HTTP/1.1 200) 4 headers in 157 bytes (1 switches on core 0)
Jun 07 04:29:15 ubuntu devstack@g-api.service[124089]: DEBUG glance.api.middleware.version_negotiation [None req-933d83f5-6b12-4ea2-9552-575985d0d55e tempest-VolumesAdminNegativeTest-786220989 tempest-VolumesAdminNegativeTest-786220989-project] Determining version of request: GET /v2/schemas/image Accept: */* {{(pid=124089) process_request /opt/stack/glance/glance/api/middleware/version_negotiation.py:44}}
Jun 07 04:29:15 ubuntu devstack@g-api.service[124089]: DEBUG glance.api.middleware.version_negotiation [None req-933d83f5-6b12-4ea2-9552-575985d0d55e tempest-VolumesAdminNegativeTest-786220989 tempest-VolumesAdminNegativeTest-786220989-project] Using url versioning {{(pid=124089) process_request /opt/stack/glance/glance/api/middleware/version_negotiation.py:57}}
Jun 07 04:29:15 ubuntu devstack@g-api.service[124089]: DEBUG glance.api.middleware.version_negotiation [None req-933d83f5-6b12-4ea2-9552-575985d0d55e tempest-VolumesAdminNegativeTest-786220989 tempest-VolumesAdminNegativeTest-786220989-project] Matched version: v2 {{(pid=124089) process_request /opt/stack/glance/glance/api/middleware/version_negotiation.py:69}}
Jun 07 04:29:15 ubuntu devstack@g-api.service[124089]: DEBUG glance.api.middleware.version_negotiation [None req-933d83f5-6b12-4ea2-9552-575985d0d55e tempest-VolumesAdminNegativeTest-786220989 tempest-VolumesAdminNegativeTest-786220989-project] new path /v2/schemas/image {{(pid=124089) process_request /opt/stack/glance/glance/api/middleware/version_negotiation.py:70}}
Jun 07 04:29:15 ubuntu devstack@g-api.service[124089]: [pid: 124089|app: 0|req: 12/25] 127.0.0.1 () {42 vars in 989 bytes} [Tue Jun  7 04:29:15 2022] GET /v2/schemas/image => generated 6083 bytes in 8 msecs (HTTP/1.1 200) 4 headers in 158 bytes (1 switches on core 0)
Jun 07 04:29:25 ubuntu devstack@g-api.service[124090]: DEBUG dbcounter [-] [124090] Writing DB stats glance:SELECT=4 {{(pid=124090) stat_writer /usr/local/lib/python3.8/dist-packages/dbcounter.py:114}}
Jun 07 04:29:41 ubuntu devstack@g-api.service[124090]: DEBUG glance.api.middleware.version_negotiation [None req-f616102b-bde5-407b-9425-f9a05e30c50b tempest-DeleteServersTestJSON-809384227 tempest-DeleteServersTestJSON-809384227-project] Determining version of request: GET /v2/images/f1d3ccc9-5afe-4862-a97e-53d082fc76ad Accept: */* {{(pid=124090) process_request /opt/stack/glance/glance/api/middleware/version_negotiation.py:44}}
