May 09 15:06:42 ubuntu neutron-server[121642]: DEBUG neutron.api.extensions [None req-d63b1ca4-47ba-4b12-ab03-3e6c3d0d4e39 None None] Ext name="Uplink status propagation extension" alias="uplink-status-propagation" description="Provides ability to propagate port uplink status." updated="2018-05-31T18:00:00-00:00" {{(pid=121642) _check_extension /opt/stack/neutron/neutron/api/extensions.py:416}}
May 09 15:06:42 ubuntu neutron-server[121642]: INFO neutron.api.extensions [None req-d63b1ca4-47ba-4b12-ab03-3e6c3d0d4e39 None None] Extension uplink-status-propagation not supported by any of loaded plugins
May 09 15:06:42 ubuntu neutron-server[121642]: DEBUG neutron.api.extensions [None req-d63b1ca4-47ba-4b12-ab03-3e6c3d0d4e39 None None] Loading extension file: vlantransparent.py {{(pid=121642) _load_all_extensions_from_path /opt/stack/neutron/neutron/api/extensions.py:450}}
May 09 15:06:42 ubuntu neutron-server[121642]: DEBUG neutron.api.extensions [None req-d63b1ca4-47ba-4b12-ab03-3e6c3d0d4e39 None None] Ext name="Vlantransparent" alias="vlan-transparent" description="Provides Vlan Transparent Networks" updated="2015-03-23T09:00:00-00:00" {{(pid=121642) _check_extension /opt/stack/neutron/neutron/api/extensions.py:416}}
May 09 15:06:42 ubuntu neutron-server[121642]: INFO neutron.api.extensions [None req-d63b1ca4-47ba-4b12-ab03-3e6c3d0d4e39 None None] Extension vlan-transparent not supported by any of loaded plugins
May 09 15:06:42 ubuntu neutron-server[121642]: INFO neutron.quota.resource_registry [None req-d63b1ca4-47ba-4b12-ab03-3e6c3d0d4e39 None None] Creating instance of TrackedResource for resource:network
May 09 15:06:42 ubuntu neutron-server[121642]: INFO neutron.quota.resource_registry [None req-d63b1ca4-47ba-4b12-ab03-3e6c3d0d4e39 None None] Creating instance of TrackedResource for resource:subnet
May 09 15:06:42 ubuntu neutron-server[121642]: INFO neutron.quota.resource_registry [None req-d63b1ca4-47ba-4b12-ab03-3e6c3d0d4e39 None None] Creating instance of TrackedResource for resource:subnetpool
May 09 15:06:42 ubuntu neutron-server[121642]: INFO neutron.quota.resource_registry [None req-d63b1ca4-47ba-4b12-ab03-3e6c3d0d4e39 None None] Creating instance of TrackedResource for resource:port
May 09 15:06:42 ubuntu neutron-server[121642]: DEBUG neutron.api.v2.resource_helper [None req-d63b1ca4-47ba-4b12-ab03-3e6c3d0d4e39 None None] Service FLAVORS assigned prefix:  {{(pid=121642) build_resource_info /opt/stack/neutron/neutron/api/v2/resource_helper.py:77}}
May 09 15:06:42 ubuntu neutron-server[121642]: DEBUG neutron.api.v2.resource_helper [None req-d63b1ca4-47ba-4b12-ab03-3e6c3d0d4e39 None None] Service L3_ROUTER_NAT assigned prefix:  {{(pid=121642) build_resource_info /opt/stack/neutron/neutron/api/v2/resource_helper.py:77}}
May 09 15:06:42 ubuntu neutron-server[121642]: DEBUG neutron.api.v2.resource_helper [None req-d63b1ca4-47ba-4b12-ab03-3e6c3d0d4e39 None None] Service L3_ROUTER_NAT assigned prefix:  {{(pid=121642) build_resource_info /opt/stack/neutron/neutron/api/v2/resource_helper.py:77}}
May 09 15:06:42 ubuntu neutron-server[121642]: INFO neutron.quota.resource_registry [None req-d63b1ca4-47ba-4b12-ab03-3e6c3d0d4e39 None None] Creating instance of TrackedResource for resource:router
May 09 15:06:42 ubuntu neutron-server[121642]: INFO neutron.quota.resource_registry [None req-d63b1ca4-47ba-4b12-ab03-3e6c3d0d4e39 None None] Creating instance of TrackedResource for resource:floatingip
May 09 15:06:42 ubuntu neutron-server[121642]: DEBUG neutron_lib.callbacks.manager [None req-d63b1ca4-47ba-4b12-ab03-3e6c3d0d4e39 None None] Subscribe: <bound method NeutronDbPluginV2.validate_network_rbac_policy_change of <neutron.services.network_ip_availability.plugin.NetworkIPAvailabilityPlugin object at 0x7f6f7b2084f0>> rbac-policy before_create 55550000 {{(pid=121642) subscribe /usr/local/lib/python3.8/dist-packages/neutron_lib/callbacks/manager.py:45}}
May 09 15:06:42 ubuntu neutron-server[121642]: DEBUG neutron_lib.callbacks.manager [None req-d63b1ca4-47ba-4b12-ab03-3e6c3d0d4e39 None None] Subscribe: <bound method NeutronDbPluginV2.validate_network_rbac_policy_change of <neutron.services.network_ip_availability.plugin.NetworkIPAvailabilityPlugin object at 0x7f6f7b2084f0>> rbac-policy before_update 55550000 {{(pid=121642) subscribe /usr/local/lib/python3.8/dist-packages/neutron_lib/callbacks/manager.py:45}}
May 09 15:06:42 ubuntu neutron-server[121642]: DEBUG neutron_lib.callbacks.manager [None req-d63b1ca4-47ba-4b12-ab03-3e6c3d0d4e39 None None] Subscribe: <bound method NeutronDbPluginV2.validate_network_rbac_policy_change of <neutron.services.network_ip_availability.plugin.NetworkIPAvailabilityPlugin object at 0x7f6f7b2084f0>> rbac-policy before_delete 55550000 {{(pid=121642) subscribe /usr/local/lib/python3.8/dist-packages/neutron_lib/callbacks/manager.py:45}}
May 09 15:06:42 ubuntu neutron-server[121642]: INFO neutron.quota.resource_registry [None req-d63b1ca4-47ba-4b12-ab03-3e6c3d0d4e39 None None] Creating instance of CountableResource for resource:rbac_policy
May 09 15:06:42 ubuntu neutron-server[121642]: INFO neutron.quota.resource_registry [None req-d63b1ca4-47ba-4b12-ab03-3e6c3d0d4e39 None None] Creating instance of TrackedResource for resource:security_group
May 09 15:06:42 ubuntu neutron-server[121642]: INFO neutron.quota.resource_registry [None req-d63b1ca4-47ba-4b12-ab03-3e6c3d0d4e39 None None] Creating instance of TrackedResource for resource:security_group_rule
May 09 15:06:42 ubuntu neutron-server[121642]: DEBUG neutron.api.v2.resource_helper [None req-d63b1ca4-47ba-4b12-ab03-3e6c3d0d4e39 None None] Service FLAVORS assigned prefix:  {{(pid=121642) build_resource_info /opt/stack/neutron/neutron/api/v2/resource_helper.py:77}}
May 09 15:06:42 ubuntu neutron-server[121642]: DEBUG neutron.api.v2.resource_helper [None req-d63b1ca4-47ba-4b12-ab03-3e6c3d0d4e39 None None] Service L3_ROUTER_NAT assigned prefix:  {{(pid=121642) build_resource_info /opt/stack/neutron/neutron/api/v2/resource_helper.py:77}}
May 09 15:06:42 ubuntu neutron-server[121642]: DEBUG neutron.api.v2.resource_helper [None req-d63b1ca4-47ba-4b12-ab03-3e6c3d0d4e39 None None] Service L3_ROUTER_NAT assigned prefix:  {{(pid=121642) build_resource_info /opt/stack/neutron/neutron/api/v2/resource_helper.py:77}}
May 09 15:06:42 ubuntu neutron-server[121642]: INFO neutron.quota.resource_registry [None req-d63b1ca4-47ba-4b12-ab03-3e6c3d0d4e39 None None] Creating instance of TrackedResource for resource:router
May 09 15:06:42 ubuntu neutron-server[121642]: WARNING neutron.quota.resource_registry [None req-d63b1ca4-47ba-4b12-ab03-3e6c3d0d4e39 None None] router is already registered
May 09 15:06:42 ubuntu neutron-server[121642]: INFO neutron.quota.resource_registry [None req-d63b1ca4-47ba-4b12-ab03-3e6c3d0d4e39 None None] Creating instance of TrackedResource for resource:floatingip
May 09 15:06:42 ubuntu neutron-server[121642]: WARNING neutron.quota.resource_registry [None req-d63b1ca4-47ba-4b12-ab03-3e6c3d0d4e39 None None] floatingip is already registered
May 09 15:06:42 ubuntu neutron-server[121642]: INFO neutron.quota.resource_registry [None req-d63b1ca4-47ba-4b12-ab03-3e6c3d0d4e39 None None] Creating instance of CountableResource for resource:rbac_policy
May 09 15:06:42 ubuntu neutron-server[121642]: WARNING neutron.quota.resource_registry [None req-d63b1ca4-47ba-4b12-ab03-3e6c3d0d4e39 None None] rbac_policy is already registered
May 09 15:06:42 ubuntu neutron-server[121642]: INFO neutron.quota.resource_registry [None req-d63b1ca4-47ba-4b12-ab03-3e6c3d0d4e39 None None] Creating instance of TrackedResource for resource:security_group
May 09 15:06:42 ubuntu neutron-server[121642]: WARNING neutron.quota.resource_registry [None req-d63b1ca4-47ba-4b12-ab03-3e6c3d0d4e39 None None] security_group is already registered
May 09 15:06:42 ubuntu neutron-server[121642]: INFO neutron.quota.resource_registry [None req-d63b1ca4-47ba-4b12-ab03-3e6c3d0d4e39 None None] Creating instance of TrackedResource for resource:security_group_rule
May 09 15:06:42 ubuntu neutron-server[121642]: WARNING neutron.quota.resource_registry [None req-d63b1ca4-47ba-4b12-ab03-3e6c3d0d4e39 None None] security_group_rule is already registered
May 09 15:06:42 ubuntu neutron-server[121642]: DEBUG neutron.api.extensions [None req-d63b1ca4-47ba-4b12-ab03-3e6c3d0d4e39 None None] Extended resource: extensions {{(pid=121642) __init__ /opt/stack/neutron/neutron/api/extensions.py:157}}
May 09 15:06:42 ubuntu neutron-server[121642]: DEBUG neutron.api.extensions [None req-d63b1ca4-47ba-4b12-ab03-3e6c3d0d4e39 None None] Extended resource: address-groups {{(pid=121642) __init__ /opt/stack/neutron/neutron/api/extensions.py:157}}
May 09 15:06:42 ubuntu neutron-server[121642]: DEBUG neutron.api.extensions [None req-d63b1ca4-47ba-4b12-ab03-3e6c3d0d4e39 None None] Extended resource: address-scopes {{(pid=121642) __init__ /opt/stack/neutron/neutron/api/extensions.py:157}}
May 09 15:06:42 ubuntu neutron-server[121642]: DEBUG neutron.api.extensions [None req-d63b1ca4-47ba-4b12-ab03-3e6c3d0d4e39 None None] Extended resource: agents {{(pid=121642) __init__ /opt/stack/neutron/neutron/api/extensions.py:157}}
May 09 15:06:42 ubuntu neutron-server[121642]: DEBUG neutron.api.extensions [None req-d63b1ca4-47ba-4b12-ab03-3e6c3d0d4e39 None None] Extended resource: auto-allocated-topology {{(pid=121642) __init__ /opt/stack/neutron/neutron/api/extensions.py:157}}
May 09 15:06:42 ubuntu neutron-server[121642]: DEBUG neutron.api.extensions [None req-d63b1ca4-47ba-4b12-ab03-3e6c3d0d4e39 None None] Extended resource: availability_zones {{(pid=121642) __init__ /opt/stack/neutron/neutron/api/extensions.py:157}}
May 09 15:06:42 ubuntu neutron-server[121642]: DEBUG neutron.api.extensions [None req-d63b1ca4-47ba-4b12-ab03-3e6c3d0d4e39 None None] Extended resource: flavors {{(pid=121642) __init__ /opt/stack/neutron/neutron/api/extensions.py:157}}
May 09 15:06:42 ubuntu neutron-server[121642]: DEBUG neutron.api.extensions [None req-d63b1ca4-47ba-4b12-ab03-3e6c3d0d4e39 None None] Extended resource: service_profiles {{(pid=121642) __init__ /opt/stack/neutron/neutron/api/extensions.py:157}}
May 09 15:06:42 ubuntu neutron-server[121642]: DEBUG neutron.api.extensions [None req-d63b1ca4-47ba-4b12-ab03-3e6c3d0d4e39 None None] Extended resource: next_providers {{(pid=121642) __init__ /opt/stack/neutron/neutron/api/extensions.py:157}}
May 09 15:06:42 ubuntu neutron-server[121642]: DEBUG neutron.api.extensions [None req-d63b1ca4-47ba-4b12-ab03-3e6c3d0d4e39 None None] Extended resource: service_profiles {{(pid=121642) __init__ /opt/stack/neutron/neutron/api/extensions.py:157}}
May 09 15:06:42 ubuntu neutron-server[121642]: DEBUG neutron.api.extensions [None req-d63b1ca4-47ba-4b12-ab03-3e6c3d0d4e39 None None] Extended resource: floatingip-pools {{(pid=121642) __init__ /opt/stack/neutron/neutron/api/extensions.py:157}}
May 09 15:06:42 ubuntu neutron-server[121642]: DEBUG neutron.api.extensions [None req-d63b1ca4-47ba-4b12-ab03-3e6c3d0d4e39 None None] Extended resource: routers {{(pid=121642) __init__ /opt/stack/neutron/neutron/api/extensions.py:157}}
May 09 15:06:42 ubuntu neutron-server[121642]: DEBUG neutron.api.extensions [None req-d63b1ca4-47ba-4b12-ab03-3e6c3d0d4e39 None None] Extended resource: floatingips {{(pid=121642) __init__ /opt/stack/neutron/neutron/api/extensions.py:157}}
May 09 15:06:42 ubuntu neutron-server[121642]: DEBUG neutron.api.extensions [None req-d63b1ca4-47ba-4b12-ab03-3e6c3d0d4e39 None None] Extended resource: network-ip-availabilities {{(pid=121642) __init__ /opt/stack/neutron/neutron/api/extensions.py:157}}
May 09 15:06:42 ubuntu neutron-server[121642]: DEBUG neutron.api.extensions [None req-d63b1ca4-47ba-4b12-ab03-3e6c3d0d4e39 None None] Extended resource: bindings {{(pid=121642) __init__ /opt/stack/neutron/neutron/api/extensions.py:157}}
May 09 15:06:42 ubuntu neutron-server[121642]: DEBUG neutron.api.extensions [None req-d63b1ca4-47ba-4b12-ab03-3e6c3d0d4e39 None None] Extended resource: quotas {{(pid=121642) __init__ /opt/stack/neutron/neutron/api/extensions.py:157}}
May 09 15:06:42 ubuntu neutron-server[121642]: DEBUG neutron.api.extensions [None req-d63b1ca4-47ba-4b12-ab03-3e6c3d0d4e39 None None] Extended resource: quotas {{(pid=121642) __init__ /opt/stack/neutron/neutron/api/extensions.py:157}}
May 09 15:06:42 ubuntu neutron-server[121642]: DEBUG neutron.api.extensions [None req-d63b1ca4-47ba-4b12-ab03-3e6c3d0d4e39 None None] Extended resource: rbac-policies {{(pid=121642) __init__ /opt/stack/neutron/neutron/api/extensions.py:157}}
May 09 15:06:42 ubuntu neutron-server[121642]: DEBUG neutron.api.extensions [None req-d63b1ca4-47ba-4b12-ab03-3e6c3d0d4e39 None None] Extended resource: security-groups {{(pid=121642) __init__ /opt/stack/neutron/neutron/api/extensions.py:157}}
May 09 15:06:42 ubuntu neutron-server[121642]: DEBUG neutron.api.extensions [None req-d63b1ca4-47ba-4b12-ab03-3e6c3d0d4e39 None None] Extended resource: security-group-rules {{(pid=121642) __init__ /opt/stack/neutron/neutron/api/extensions.py:157}}
May 09 15:06:42 ubuntu neutron-server[121642]: DEBUG neutron.api.extensions [None req-d63b1ca4-47ba-4b12-ab03-3e6c3d0d4e39 None None] Extended resource: service-providers {{(pid=121642) __init__ /opt/stack/neutron/neutron/api/extensions.py:157}}
May 09 15:06:42 ubuntu neutron-server[121642]: DEBUG neutron.api.extensions [None req-d63b1ca4-47ba-4b12-ab03-3e6c3d0d4e39 None None] Extended resource: tags {{(pid=121642) __init__ /opt/stack/neutron/neutron/api/extensions.py:157}}
May 09 15:06:42 ubuntu neutron-server[121642]: DEBUG neutron.api.extensions [None req-d63b1ca4-47ba-4b12-ab03-3e6c3d0d4e39 None None] Extended resource: tags {{(pid=121642) __init__ /opt/stack/neutron/neutron/api/extensions.py:157}}
May 09 15:06:42 ubuntu neutron-server[121642]: DEBUG neutron.api.extensions [None req-d63b1ca4-47ba-4b12-ab03-3e6c3d0d4e39 None None] Extended resource: tags {{(pid=121642) __init__ /opt/stack/neutron/neutron/api/extensions.py:157}}
May 09 15:06:42 ubuntu neutron-server[121642]: DEBUG neutron.api.extensions [None req-d63b1ca4-47ba-4b12-ab03-3e6c3d0d4e39 None None] Extended resource: tags {{(pid=121642) __init__ /opt/stack/neutron/neutron/api/extensions.py:157}}
May 09 15:06:42 ubuntu neutron-server[121642]: DEBUG neutron.api.extensions [None req-d63b1ca4-47ba-4b12-ab03-3e6c3d0d4e39 None None] Extended resource: tags {{(pid=121642) __init__ /opt/stack/neutron/neutron/api/extensions.py:157}}
May 09 15:06:42 ubuntu neutron-server[121642]: DEBUG neutron.api.extensions [None req-d63b1ca4-47ba-4b12-ab03-3e6c3d0d4e39 None None] Extended resource: tags {{(pid=121642) __init__ /opt/stack/neutron/neutron/api/extensions.py:157}}
May 09 15:06:42 ubuntu neutron-server[121642]: DEBUG neutron.api.extensions [None req-d63b1ca4-47ba-4b12-ab03-3e6c3d0d4e39 None None] Extended resource: tags {{(pid=121642) __init__ /opt/stack/neutron/neutron/api/extensions.py:157}}
May 09 15:06:42 ubuntu neutron-server[121642]: DEBUG neutron.api.extensions [None req-d63b1ca4-47ba-4b12-ab03-3e6c3d0d4e39 None None] Extended resource: tags {{(pid=121642) __init__ /opt/stack/neutron/neutron/api/extensions.py:157}}
May 09 15:06:42 ubuntu neutron-server[121642]: DEBUG neutron.api.extensions [None req-d63b1ca4-47ba-4b12-ab03-3e6c3d0d4e39 None None] Extended resource: tags {{(pid=121642) __init__ /opt/stack/neutron/neutron/api/extensions.py:157}}
May 09 15:06:42 ubuntu neutron-server[121642]: DEBUG neutron.api.extensions [None req-d63b1ca4-47ba-4b12-ab03-3e6c3d0d4e39 None None] Extended resource: tags {{(pid=121642) __init__ /opt/stack/neutron/neutron/api/extensions.py:157}}
May 09 15:06:42 ubuntu neutron-server[121642]: WARNING keystonemiddleware.auth_token [None req-d63b1ca4-47ba-4b12-ab03-3e6c3d0d4e39 None None] AuthToken middleware is set with keystone_authtoken.service_token_roles_required set to False. This is backwards compatible but deprecated behaviour. Please set this to True.
May 09 15:06:42 ubuntu neutron-server[121642]: WARNING keystonemiddleware.auth_token [None req-d63b1ca4-47ba-4b12-ab03-3e6c3d0d4e39 None None] Configuring www_authenticate_uri to point to the public identity endpoint is required; clients may not be able to authenticate against an admin endpoint
May 09 15:06:42 ubuntu neutron-server[121642]: DEBUG oslo_concurrency.lockutils [None req-d63b1ca4-47ba-4b12-ab03-3e6c3d0d4e39 None None] Acquired lock "singleton_lock" {{(pid=121642) lock /usr/local/lib/python3.8/dist-packages/oslo_concurrency/lockutils.py:294}}
May 09 15:06:42 ubuntu neutron-server[121642]: DEBUG oslo_concurrency.lockutils [None req-d63b1ca4-47ba-4b12-ab03-3e6c3d0d4e39 None None] Releasing lock "singleton_lock" {{(pid=121642) lock /usr/local/lib/python3.8/dist-packages/oslo_concurrency/lockutils.py:312}}
May 09 15:06:42 ubuntu neutron-server[121642]: INFO oslo_service.service [None req-d63b1ca4-47ba-4b12-ab03-3e6c3d0d4e39 None None] Starting 2 workers
May 09 15:06:42 ubuntu neutron-server[121642]: DEBUG oslo_service.service [None req-d63b1ca4-47ba-4b12-ab03-3e6c3d0d4e39 None None] Started child 121863 {{(pid=121642) _start_child /usr/local/lib/python3.8/dist-packages/oslo_service/service.py:575}}
May 09 15:06:42 ubuntu neutron-server[121642]: DEBUG oslo_service.service [None req-d63b1ca4-47ba-4b12-ab03-3e6c3d0d4e39 None None] Started child 121864 {{(pid=121642) _start_child /usr/local/lib/python3.8/dist-packages/oslo_service/service.py:575}}
May 09 15:06:42 ubuntu neutron-server[121642]: INFO neutron.service [None req-d63b1ca4-47ba-4b12-ab03-3e6c3d0d4e39 None None] Neutron service started, listening on 0.0.0.0:9696
May 09 15:06:42 ubuntu neutron-server[121642]: DEBUG neutron_lib.callbacks.manager [None req-d63b1ca4-47ba-4b12-ab03-3e6c3d0d4e39 None None] Publish callbacks ['neutron.plugins.ml2.drivers.ovn.mech_driver.mech_driver.OVNMechanismDriver.pre_fork_initialize-292648'] for process (None), before_spawn {{(pid=121642) _notify_loop /usr/local/lib/python3.8/dist-packages/neutron_lib/callbacks/manager.py:176}}
May 09 15:06:42 ubuntu neutron-server[121863]: DEBUG neutron_lib.callbacks.manager [-] Publish callbacks ['neutron.plugins.ml2.drivers.ovn.mech_driver.mech_driver.OVNMechanismDriver.post_fork_initialize-292032'] for process (None), after_init {{(pid=121863) _notify_loop /usr/local/lib/python3.8/dist-packages/neutron_lib/callbacks/manager.py:176}}
May 09 15:06:42 ubuntu neutron-server[121864]: DEBUG neutron_lib.callbacks.manager [-] Publish callbacks ['neutron.plugins.ml2.drivers.ovn.mech_driver.mech_driver.OVNMechanismDriver.post_fork_initialize-292032'] for process (None), after_init {{(pid=121864) _notify_loop /usr/local/lib/python3.8/dist-packages/neutron_lib/callbacks/manager.py:176}}
May 09 15:06:42 ubuntu neutron-server[121642]: DEBUG ovsdbapp.backend.ovs_idl [None req-d63b1ca4-47ba-4b12-ab03-3e6c3d0d4e39 None None] Created schema index Port_Group.name {{(pid=121642) autocreate_indices /usr/local/lib/python3.8/dist-packages/ovsdbapp/backend/ovs_idl/__init__.py:104}}
May 09 15:06:42 ubuntu neutron-server[121642]: DEBUG ovsdbapp.backend.ovs_idl [None req-d63b1ca4-47ba-4b12-ab03-3e6c3d0d4e39 None None] Created schema index Logical_Switch_Port.name {{(pid=121642) autocreate_indices /usr/local/lib/python3.8/dist-packages/ovsdbapp/backend/ovs_idl/__init__.py:104}}
May 09 15:06:42 ubuntu neutron-server[121864]: INFO neutron.plugins.ml2.drivers.ovn.mech_driver.ovsdb.impl_idl_ovn [None req-a2146876-208b-4ff0-a194-a2acc1d5c1c2 None None] Getting OvsdbNbOvnIdl for WorkerService with retry
May 09 15:06:42 ubuntu neutron-server[121863]: INFO neutron.plugins.ml2.drivers.ovn.mech_driver.ovsdb.impl_idl_ovn [None req-2ab587cc-10c0-4b23-bd9c-2526abd538d6 None None] Getting OvsdbNbOvnIdl for WorkerService with retry
May 09 15:06:42 ubuntu neutron-server[121864]: DEBUG ovsdbapp.backend.ovs_idl [None req-a2146876-208b-4ff0-a194-a2acc1d5c1c2 None None] Created lookup_table index Logical_Switch.name {{(pid=121864) autocreate_indices /usr/local/lib/python3.8/dist-packages/ovsdbapp/backend/ovs_idl/__init__.py:85}}
May 09 15:06:42 ubuntu neutron-server[121864]: DEBUG ovsdbapp.backend.ovs_idl [None req-a2146876-208b-4ff0-a194-a2acc1d5c1c2 None None] Created lookup_table index Logical_Router.name {{(pid=121864) autocreate_indices /usr/local/lib/python3.8/dist-packages/ovsdbapp/backend/ovs_idl/__init__.py:85}}
May 09 15:06:42 ubuntu neutron-server[121864]: DEBUG ovsdbapp.backend.ovs_idl [None req-a2146876-208b-4ff0-a194-a2acc1d5c1c2 None None] Created lookup_table index Load_Balancer.name {{(pid=121864) autocreate_indices /usr/local/lib/python3.8/dist-packages/ovsdbapp/backend/ovs_idl/__init__.py:85}}
May 09 15:06:42 ubuntu neutron-server[121864]: DEBUG ovsdbapp.backend.ovs_idl [None req-a2146876-208b-4ff0-a194-a2acc1d5c1c2 None None] Created schema index Meter.name {{(pid=121864) autocreate_indices /usr/local/lib/python3.8/dist-packages/ovsdbapp/backend/ovs_idl/__init__.py:104}}
May 09 15:06:42 ubuntu neutron-server[121864]: DEBUG ovsdbapp.backend.ovs_idl [None req-a2146876-208b-4ff0-a194-a2acc1d5c1c2 None None] Created schema index Address_Set.name {{(pid=121864) autocreate_indices /usr/local/lib/python3.8/dist-packages/ovsdbapp/backend/ovs_idl/__init__.py:104}}
May 09 15:06:42 ubuntu neutron-server[121864]: DEBUG ovsdbapp.backend.ovs_idl [None req-a2146876-208b-4ff0-a194-a2acc1d5c1c2 None None] Created schema index HA_Chassis_Group.name {{(pid=121864) autocreate_indices /usr/local/lib/python3.8/dist-packages/ovsdbapp/backend/ovs_idl/__init__.py:104}}
May 09 15:06:42 ubuntu neutron-server[121864]: DEBUG ovsdbapp.backend.ovs_idl [None req-a2146876-208b-4ff0-a194-a2acc1d5c1c2 None None] Created schema index Connection.target {{(pid=121864) autocreate_indices /usr/local/lib/python3.8/dist-packages/ovsdbapp/backend/ovs_idl/__init__.py:104}}
May 09 15:06:42 ubuntu neutron-server[121864]: DEBUG ovsdbapp.backend.ovs_idl [None req-a2146876-208b-4ff0-a194-a2acc1d5c1c2 None None] Created schema index Gateway_Chassis.name {{(pid=121864) autocreate_indices /usr/local/lib/python3.8/dist-packages/ovsdbapp/backend/ovs_idl/__init__.py:104}}
May 09 15:06:42 ubuntu neutron-server[121864]: DEBUG ovsdbapp.backend.ovs_idl [None req-a2146876-208b-4ff0-a194-a2acc1d5c1c2 None None] Created schema index Logical_Router_Port.name {{(pid=121864) autocreate_indices /usr/local/lib/python3.8/dist-packages/ovsdbapp/backend/ovs_idl/__init__.py:104}}
May 09 15:06:42 ubuntu neutron-server[121864]: DEBUG ovsdbapp.backend.ovs_idl [None req-a2146876-208b-4ff0-a194-a2acc1d5c1c2 None None] Created schema index Port_Group.name {{(pid=121864) autocreate_indices /usr/local/lib/python3.8/dist-packages/ovsdbapp/backend/ovs_idl/__init__.py:104}}
May 09 15:06:42 ubuntu neutron-server[121864]: DEBUG ovsdbapp.backend.ovs_idl [None req-a2146876-208b-4ff0-a194-a2acc1d5c1c2 None None] Created schema index Logical_Switch_Port.name {{(pid=121864) autocreate_indices /usr/local/lib/python3.8/dist-packages/ovsdbapp/backend/ovs_idl/__init__.py:104}}
May 09 15:06:42 ubuntu neutron-server[121864]: INFO ovsdbapp.backend.ovs_idl.vlog [None req-a2146876-208b-4ff0-a194-a2acc1d5c1c2 None None] tcp:192.168.79.38:6641: connecting...
May 09 15:06:42 ubuntu neutron-server[121864]: INFO ovsdbapp.backend.ovs_idl.vlog [None req-a2146876-208b-4ff0-a194-a2acc1d5c1c2 None None] tcp:192.168.79.38:6641: connected
May 09 15:06:42 ubuntu neutron-server[121863]: DEBUG ovsdbapp.backend.ovs_idl [None req-2ab587cc-10c0-4b23-bd9c-2526abd538d6 None None] Created lookup_table index Logical_Switch.name {{(pid=121863) autocreate_indices /usr/local/lib/python3.8/dist-packages/ovsdbapp/backend/ovs_idl/__init__.py:85}}
May 09 15:06:42 ubuntu neutron-server[121863]: DEBUG ovsdbapp.backend.ovs_idl [None req-2ab587cc-10c0-4b23-bd9c-2526abd538d6 None None] Created lookup_table index Logical_Router.name {{(pid=121863) autocreate_indices /usr/local/lib/python3.8/dist-packages/ovsdbapp/backend/ovs_idl/__init__.py:85}}
May 09 15:06:42 ubuntu neutron-server[121863]: DEBUG ovsdbapp.backend.ovs_idl [None req-2ab587cc-10c0-4b23-bd9c-2526abd538d6 None None] Created lookup_table index Load_Balancer.name {{(pid=121863) autocreate_indices /usr/local/lib/python3.8/dist-packages/ovsdbapp/backend/ovs_idl/__init__.py:85}}
May 09 15:06:42 ubuntu neutron-server[121863]: DEBUG ovsdbapp.backend.ovs_idl [None req-2ab587cc-10c0-4b23-bd9c-2526abd538d6 None None] Created schema index Meter.name {{(pid=121863) autocreate_indices /usr/local/lib/python3.8/dist-packages/ovsdbapp/backend/ovs_idl/__init__.py:104}}
May 09 15:06:42 ubuntu neutron-server[121863]: DEBUG ovsdbapp.backend.ovs_idl [None req-2ab587cc-10c0-4b23-bd9c-2526abd538d6 None None] Created schema index Address_Set.name {{(pid=121863) autocreate_indices /usr/local/lib/python3.8/dist-packages/ovsdbapp/backend/ovs_idl/__init__.py:104}}
May 09 15:06:42 ubuntu neutron-server[121863]: DEBUG ovsdbapp.backend.ovs_idl [None req-2ab587cc-10c0-4b23-bd9c-2526abd538d6 None None] Created schema index HA_Chassis_Group.name {{(pid=121863) autocreate_indices /usr/local/lib/python3.8/dist-packages/ovsdbapp/backend/ovs_idl/__init__.py:104}}
May 09 15:06:42 ubuntu neutron-server[121863]: DEBUG ovsdbapp.backend.ovs_idl [None req-2ab587cc-10c0-4b23-bd9c-2526abd538d6 None None] Created schema index Connection.target {{(pid=121863) autocreate_indices /usr/local/lib/python3.8/dist-packages/ovsdbapp/backend/ovs_idl/__init__.py:104}}
May 09 15:06:42 ubuntu neutron-server[121863]: DEBUG ovsdbapp.backend.ovs_idl [None req-2ab587cc-10c0-4b23-bd9c-2526abd538d6 None None] Created schema index Gateway_Chassis.name {{(pid=121863) autocreate_indices /usr/local/lib/python3.8/dist-packages/ovsdbapp/backend/ovs_idl/__init__.py:104}}
May 09 15:06:42 ubuntu neutron-server[121863]: DEBUG ovsdbapp.backend.ovs_idl [None req-2ab587cc-10c0-4b23-bd9c-2526abd538d6 None None] Created schema index Logical_Router_Port.name {{(pid=121863) autocreate_indices /usr/local/lib/python3.8/dist-packages/ovsdbapp/backend/ovs_idl/__init__.py:104}}
May 09 15:06:42 ubuntu neutron-server[121642]: DEBUG ovsdbapp.backend.ovs_idl.transaction [-] Running txn n=1 command(idx=0): PgAddCommand(name=neutron_pg_drop, may_exist=True, columns={'acls': []}) {{(pid=121642) do_commit /usr/local/lib/python3.8/dist-packages/ovsdbapp/backend/ovs_idl/transaction.py:90}}
May 09 15:06:42 ubuntu neutron-server[121863]: DEBUG ovsdbapp.backend.ovs_idl [None req-2ab587cc-10c0-4b23-bd9c-2526abd538d6 None None] Created schema index Port_Group.name {{(pid=121863) autocreate_indices /usr/local/lib/python3.8/dist-packages/ovsdbapp/backend/ovs_idl/__init__.py:104}}
May 09 15:06:42 ubuntu neutron-server[121863]: DEBUG ovsdbapp.backend.ovs_idl [None req-2ab587cc-10c0-4b23-bd9c-2526abd538d6 None None] Created schema index Logical_Switch_Port.name {{(pid=121863) autocreate_indices /usr/local/lib/python3.8/dist-packages/ovsdbapp/backend/ovs_idl/__init__.py:104}}
May 09 15:06:42 ubuntu neutron-server[121642]: DEBUG ovsdbapp.backend.ovs_idl.transaction [-] Running txn n=1 command(idx=1): PgAclAddCommand(entity=neutron_pg_drop, direction=from-lport, priority=1001, match=inport == @neutron_pg_drop && ip, action=drop, log=False, may_exist=True, severity=[], name=[], meter=None, external_ids={}) {{(pid=121642) do_commit /usr/local/lib/python3.8/dist-packages/ovsdbapp/backend/ovs_idl/transaction.py:90}}
May 09 15:06:42 ubuntu neutron-server[121642]: DEBUG ovsdbapp.backend.ovs_idl.transaction [-] Running txn n=1 command(idx=2): PgAclAddCommand(entity=neutron_pg_drop, direction=to-lport, priority=1001, match=outport == @neutron_pg_drop && ip, action=drop, log=False, may_exist=True, severity=[], name=[], meter=None, external_ids={}) {{(pid=121642) do_commit /usr/local/lib/python3.8/dist-packages/ovsdbapp/backend/ovs_idl/transaction.py:90}}
May 09 15:06:42 ubuntu neutron-server[121863]: INFO ovsdbapp.backend.ovs_idl.vlog [None req-2ab587cc-10c0-4b23-bd9c-2526abd538d6 None None] tcp:192.168.79.38:6641: connecting...
May 09 15:06:42 ubuntu neutron-server[121863]: INFO ovsdbapp.backend.ovs_idl.vlog [None req-2ab587cc-10c0-4b23-bd9c-2526abd538d6 None None] tcp:192.168.79.38:6641: connected
May 09 15:06:42 ubuntu neutron-server[121642]: DEBUG ovsdbapp.backend.ovs_idl.event [-] Matched CREATE: NeutronPgDropPortGroupCreated(events=('create',), table='Port_Group', conditions=(('name', '=', 'neutron_pg_drop'),), old_conditions=None), priority=10 to row=Port_Group(name=neutron_pg_drop, ports=[], external_ids={}, acls=[<ovs.db.idl.Row object at 0x7f6f7aa8e310>, <ovs.db.idl.Row object at 0x7f6f7aa8e100>]) old= {{(pid=121642) matches /usr/local/lib/python3.8/dist-packages/ovsdbapp/backend/ovs_idl/event.py:43}}
May 09 15:06:43 ubuntu neutron-server[121642]: DEBUG ovsdbapp.backend.ovs_idl [None req-d63b1ca4-47ba-4b12-ab03-3e6c3d0d4e39 None None] Created lookup_table index Logical_Switch.name {{(pid=121642) autocreate_indices /usr/local/lib/python3.8/dist-packages/ovsdbapp/backend/ovs_idl/__init__.py:85}}
May 09 15:06:43 ubuntu neutron-server[121642]: DEBUG ovsdbapp.backend.ovs_idl [None req-d63b1ca4-47ba-4b12-ab03-3e6c3d0d4e39 None None] Created lookup_table index Logical_Router.name {{(pid=121642) autocreate_indices /usr/local/lib/python3.8/dist-packages/ovsdbapp/backend/ovs_idl/__init__.py:85}}
May 09 15:06:43 ubuntu neutron-server[121642]: DEBUG ovsdbapp.backend.ovs_idl [None req-d63b1ca4-47ba-4b12-ab03-3e6c3d0d4e39 None None] Created lookup_table index Load_Balancer.name {{(pid=121642) autocreate_indices /usr/local/lib/python3.8/dist-packages/ovsdbapp/backend/ovs_idl/__init__.py:85}}
May 09 15:06:43 ubuntu neutron-server[121642]: DEBUG ovsdbapp.backend.ovs_idl [None req-d63b1ca4-47ba-4b12-ab03-3e6c3d0d4e39 None None] Created schema index Meter.name {{(pid=121642) autocreate_indices /usr/local/lib/python3.8/dist-packages/ovsdbapp/backend/ovs_idl/__init__.py:104}}
May 09 15:06:43 ubuntu neutron-server[121642]: DEBUG ovsdbapp.backend.ovs_idl [None req-d63b1ca4-47ba-4b12-ab03-3e6c3d0d4e39 None None] Created schema index Address_Set.name {{(pid=121642) autocreate_indices /usr/local/lib/python3.8/dist-packages/ovsdbapp/backend/ovs_idl/__init__.py:104}}
May 09 15:06:43 ubuntu neutron-server[121642]: DEBUG ovsdbapp.backend.ovs_idl [None req-d63b1ca4-47ba-4b12-ab03-3e6c3d0d4e39 None None] Created schema index HA_Chassis_Group.name {{(pid=121642) autocreate_indices /usr/local/lib/python3.8/dist-packages/ovsdbapp/backend/ovs_idl/__init__.py:104}}
May 09 15:06:43 ubuntu neutron-server[121642]: DEBUG ovsdbapp.backend.ovs_idl [None req-d63b1ca4-47ba-4b12-ab03-3e6c3d0d4e39 None None] Created schema index Connection.target {{(pid=121642) autocreate_indices /usr/local/lib/python3.8/dist-packages/ovsdbapp/backend/ovs_idl/__init__.py:104}}
May 09 15:06:43 ubuntu neutron-server[121642]: DEBUG ovsdbapp.backend.ovs_idl [None req-d63b1ca4-47ba-4b12-ab03-3e6c3d0d4e39 None None] Created schema index Gateway_Chassis.name {{(pid=121642) autocreate_indices /usr/local/lib/python3.8/dist-packages/ovsdbapp/backend/ovs_idl/__init__.py:104}}
May 09 15:06:43 ubuntu neutron-server[121642]: DEBUG ovsdbapp.backend.ovs_idl [None req-d63b1ca4-47ba-4b12-ab03-3e6c3d0d4e39 None None] Created schema index Logical_Router_Port.name {{(pid=121642) autocreate_indices /usr/local/lib/python3.8/dist-packages/ovsdbapp/backend/ovs_idl/__init__.py:104}}
May 09 15:06:43 ubuntu neutron-server[121642]: DEBUG ovsdbapp.backend.ovs_idl [None req-d63b1ca4-47ba-4b12-ab03-3e6c3d0d4e39 None None] Created schema index Port_Group.name {{(pid=121642) autocreate_indices /usr/local/lib/python3.8/dist-packages/ovsdbapp/backend/ovs_idl/__init__.py:104}}
May 09 15:06:43 ubuntu neutron-server[121642]: DEBUG ovsdbapp.backend.ovs_idl [None req-d63b1ca4-47ba-4b12-ab03-3e6c3d0d4e39 None None] Created schema index Logical_Switch_Port.name {{(pid=121642) autocreate_indices /usr/local/lib/python3.8/dist-packages/ovsdbapp/backend/ovs_idl/__init__.py:104}}
May 09 15:06:43 ubuntu neutron-server[121864]: DEBUG neutron.common.ovn.hash_ring_manager [None req-a2146876-208b-4ff0-a194-a2acc1d5c1c2 None None] Allow caching, nodes 2>=2 {{(pid=121864) _wait_startup_before_caching /opt/stack/neutron/neutron/common/ovn/hash_ring_manager.py:60}}
May 09 15:06:43 ubuntu neutron-server[121864]: DEBUG neutron.plugins.ml2.drivers.ovn.mech_driver.ovsdb.ovsdb_monitor [None req-a2146876-208b-4ff0-a194-a2acc1d5c1c2 None None] Hash Ring: Node ca217d62-2b1c-41e6-89ca-fc7a36bf5b80 (host: ubuntu) handling event "create" for row 65573e8e-b523-400c-9a70-78c6680e895b (table: Database) {{(pid=121864) notify /opt/stack/neutron/neutron/plugins/ml2/drivers/ovn/mech_driver/ovsdb/ovsdb_monitor.py:815}}
May 09 15:06:43 ubuntu neutron-server[121864]: DEBUG neutron.plugins.ml2.drivers.ovn.mech_driver.ovsdb.ovsdb_monitor [None req-a2146876-208b-4ff0-a194-a2acc1d5c1c2 None None] Hash Ring: Node ca217d62-2b1c-41e6-89ca-fc7a36bf5b80 (host: ubuntu) handling event "create" for row 3277f15f-c655-4a45-84e7-3e7aa5ed0c0e (table: ACL) {{(pid=121864) notify /opt/stack/neutron/neutron/plugins/ml2/drivers/ovn/mech_driver/ovsdb/ovsdb_monitor.py:815}}
May 09 15:06:43 ubuntu neutron-server[121863]: DEBUG neutron.common.ovn.hash_ring_manager [None req-2ab587cc-10c0-4b23-bd9c-2526abd538d6 None None] Allow caching, nodes 2>=2 {{(pid=121863) _wait_startup_before_caching /opt/stack/neutron/neutron/common/ovn/hash_ring_manager.py:60}}
May 09 15:06:43 ubuntu neutron-server[121864]: DEBUG neutron.plugins.ml2.drivers.ovn.mech_driver.ovsdb.ovsdb_monitor [None req-a2146876-208b-4ff0-a194-a2acc1d5c1c2 None None] Hash Ring: Node ca217d62-2b1c-41e6-89ca-fc7a36bf5b80 (host: ubuntu) handling event "create" for row 7168221a-9072-4889-924f-40bbf4151d37 (table: Connection) {{(pid=121864) notify /opt/stack/neutron/neutron/plugins/ml2/drivers/ovn/mech_driver/ovsdb/ovsdb_monitor.py:815}}
May 09 15:06:43 ubuntu neutron-server[121864]: INFO neutron.plugins.ml2.drivers.ovn.mech_driver.ovsdb.impl_idl_ovn [None req-a2146876-208b-4ff0-a194-a2acc1d5c1c2 None None] Getting OvsdbSbOvnIdl for WorkerService with retry
May 09 15:06:43 ubuntu neutron-server[121863]: DEBUG neutron.plugins.ml2.drivers.ovn.mech_driver.ovsdb.ovsdb_monitor [None req-2ab587cc-10c0-4b23-bd9c-2526abd538d6 None None] Hash Ring: Node e6f74ede-e053-455c-99da-3eabcea464c2 (host: ubuntu) handling event "create" for row dced74c2-3144-4e13-b1a1-7859b31fcf92 (table: Database) {{(pid=121863) notify /opt/stack/neutron/neutron/plugins/ml2/drivers/ovn/mech_driver/ovsdb/ovsdb_monitor.py:815}}
May 09 15:06:43 ubuntu neutron-server[121864]: DEBUG ovsdbapp.backend.ovs_idl [None req-a2146876-208b-4ff0-a194-a2acc1d5c1c2 None None] Created lookup_table index Chassis.name {{(pid=121864) autocreate_indices /usr/local/lib/python3.8/dist-packages/ovsdbapp/backend/ovs_idl/__init__.py:85}}
May 09 15:06:43 ubuntu neutron-server[121864]: DEBUG ovsdbapp.backend.ovs_idl [None req-a2146876-208b-4ff0-a194-a2acc1d5c1c2 None None] Created schema index Datapath_Binding.tunnel_key {{(pid=121864) autocreate_indices /usr/local/lib/python3.8/dist-packages/ovsdbapp/backend/ovs_idl/__init__.py:104}}
May 09 15:06:43 ubuntu neutron-server[121864]: DEBUG ovsdbapp.backend.ovs_idl [None req-a2146876-208b-4ff0-a194-a2acc1d5c1c2 None None] Created schema index Connection.target {{(pid=121864) autocreate_indices /usr/local/lib/python3.8/dist-packages/ovsdbapp/backend/ovs_idl/__init__.py:104}}
May 09 15:06:43 ubuntu neutron-server[121864]: INFO ovsdbapp.backend.ovs_idl.vlog [None req-a2146876-208b-4ff0-a194-a2acc1d5c1c2 None None] tcp:192.168.79.38:6642: connecting...
May 09 15:06:43 ubuntu neutron-server[121864]: INFO ovsdbapp.backend.ovs_idl.vlog [None req-a2146876-208b-4ff0-a194-a2acc1d5c1c2 None None] tcp:192.168.79.38:6642: connected
May 09 15:06:43 ubuntu neutron-server[121863]: DEBUG neutron.plugins.ml2.drivers.ovn.mech_driver.ovsdb.ovsdb_monitor [None req-2ab587cc-10c0-4b23-bd9c-2526abd538d6 None None] Hash Ring: Node e6f74ede-e053-455c-99da-3eabcea464c2 (host: ubuntu) handling event "create" for row 78c5fdaa-41ba-4b30-96a2-f168b9de31bb (table: Port_Group) {{(pid=121863) notify /opt/stack/neutron/neutron/plugins/ml2/drivers/ovn/mech_driver/ovsdb/ovsdb_monitor.py:815}}
May 09 15:06:43 ubuntu neutron-server[121863]: DEBUG neutron.plugins.ml2.drivers.ovn.mech_driver.ovsdb.ovsdb_monitor [None req-2ab587cc-10c0-4b23-bd9c-2526abd538d6 None None] Hash Ring: Node e6f74ede-e053-455c-99da-3eabcea464c2 (host: ubuntu) handling event "create" for row f623451f-e322-4963-8d0f-66ed58e3be3a (table: NB_Global) {{(pid=121863) notify /opt/stack/neutron/neutron/plugins/ml2/drivers/ovn/mech_driver/ovsdb/ovsdb_monitor.py:815}}
May 09 15:06:43 ubuntu neutron-server[121863]: DEBUG neutron.plugins.ml2.drivers.ovn.mech_driver.ovsdb.ovsdb_monitor [None req-2ab587cc-10c0-4b23-bd9c-2526abd538d6 None None] Hash Ring: Node e6f74ede-e053-455c-99da-3eabcea464c2 (host: ubuntu) handling event "create" for row 0b28eb6e-f9a1-469f-8c58-bfe32763c979 (table: ACL) {{(pid=121863) notify /opt/stack/neutron/neutron/plugins/ml2/drivers/ovn/mech_driver/ovsdb/ovsdb_monitor.py:815}}
May 09 15:06:43 ubuntu neutron-server[121863]: INFO neutron.plugins.ml2.drivers.ovn.mech_driver.ovsdb.impl_idl_ovn [None req-2ab587cc-10c0-4b23-bd9c-2526abd538d6 None None] Getting OvsdbSbOvnIdl for WorkerService with retry
May 09 15:06:43 ubuntu neutron-server[121863]: DEBUG ovsdbapp.backend.ovs_idl [None req-2ab587cc-10c0-4b23-bd9c-2526abd538d6 None None] Created lookup_table index Chassis.name {{(pid=121863) autocreate_indices /usr/local/lib/python3.8/dist-packages/ovsdbapp/backend/ovs_idl/__init__.py:85}}
May 09 15:06:43 ubuntu neutron-server[121863]: DEBUG ovsdbapp.backend.ovs_idl [None req-2ab587cc-10c0-4b23-bd9c-2526abd538d6 None None] Created schema index Datapath_Binding.tunnel_key {{(pid=121863) autocreate_indices /usr/local/lib/python3.8/dist-packages/ovsdbapp/backend/ovs_idl/__init__.py:104}}
May 09 15:06:43 ubuntu neutron-server[121863]: DEBUG ovsdbapp.backend.ovs_idl [None req-2ab587cc-10c0-4b23-bd9c-2526abd538d6 None None] Created schema index Connection.target {{(pid=121863) autocreate_indices /usr/local/lib/python3.8/dist-packages/ovsdbapp/backend/ovs_idl/__init__.py:104}}
May 09 15:06:43 ubuntu neutron-server[121863]: INFO ovsdbapp.backend.ovs_idl.vlog [None req-2ab587cc-10c0-4b23-bd9c-2526abd538d6 None None] tcp:192.168.79.38:6642: connecting...
May 09 15:06:43 ubuntu neutron-server[121863]: INFO ovsdbapp.backend.ovs_idl.vlog [None req-2ab587cc-10c0-4b23-bd9c-2526abd538d6 None None] tcp:192.168.79.38:6642: connected
May 09 15:06:43 ubuntu neutron-server[121642]: DEBUG ovsdbapp.backend.ovs_idl [None req-d63b1ca4-47ba-4b12-ab03-3e6c3d0d4e39 None None] Created lookup_table index Chassis.name {{(pid=121642) autocreate_indices /usr/local/lib/python3.8/dist-packages/ovsdbapp/backend/ovs_idl/__init__.py:85}}
May 09 15:06:43 ubuntu neutron-server[121642]: DEBUG ovsdbapp.backend.ovs_idl [None req-d63b1ca4-47ba-4b12-ab03-3e6c3d0d4e39 None None] Created lookup_table index MAC_Binding.ip {{(pid=121642) autocreate_indices /usr/local/lib/python3.8/dist-packages/ovsdbapp/backend/ovs_idl/__init__.py:85}}
May 09 15:06:43 ubuntu neutron-server[121642]: DEBUG ovsdbapp.backend.ovs_idl [None req-d63b1ca4-47ba-4b12-ab03-3e6c3d0d4e39 None None] Created schema index Meter.name {{(pid=121642) autocreate_indices /usr/local/lib/python3.8/dist-packages/ovsdbapp/backend/ovs_idl/__init__.py:104}}
May 09 15:06:43 ubuntu neutron-server[121642]: DEBUG ovsdbapp.backend.ovs_idl [None req-d63b1ca4-47ba-4b12-ab03-3e6c3d0d4e39 None None] Created schema index Address_Set.name {{(pid=121642) autocreate_indices /usr/local/lib/python3.8/dist-packages/ovsdbapp/backend/ovs_idl/__init__.py:104}}
May 09 15:06:43 ubuntu neutron-server[121642]: DEBUG ovsdbapp.backend.ovs_idl [None req-d63b1ca4-47ba-4b12-ab03-3e6c3d0d4e39 None None] Created schema index HA_Chassis_Group.name {{(pid=121642) autocreate_indices /usr/local/lib/python3.8/dist-packages/ovsdbapp/backend/ovs_idl/__init__.py:104}}
May 09 15:06:43 ubuntu neutron-server[121642]: DEBUG ovsdbapp.backend.ovs_idl [None req-d63b1ca4-47ba-4b12-ab03-3e6c3d0d4e39 None None] Created schema index IP_Multicast.datapath {{(pid=121642) autocreate_indices /usr/local/lib/python3.8/dist-packages/ovsdbapp/backend/ovs_idl/__init__.py:104}}
May 09 15:06:43 ubuntu neutron-server[121642]: DEBUG ovsdbapp.backend.ovs_idl [None req-d63b1ca4-47ba-4b12-ab03-3e6c3d0d4e39 None None] Created schema index Connection.target {{(pid=121642) autocreate_indices /usr/local/lib/python3.8/dist-packages/ovsdbapp/backend/ovs_idl/__init__.py:104}}
May 09 15:06:43 ubuntu neutron-server[121642]: DEBUG ovsdbapp.backend.ovs_idl [None req-d63b1ca4-47ba-4b12-ab03-3e6c3d0d4e39 None None] Created schema index Gateway_Chassis.name {{(pid=121642) autocreate_indices /usr/local/lib/python3.8/dist-packages/ovsdbapp/backend/ovs_idl/__init__.py:104}}
May 09 15:06:43 ubuntu neutron-server[121642]: DEBUG ovsdbapp.backend.ovs_idl [None req-d63b1ca4-47ba-4b12-ab03-3e6c3d0d4e39 None None] Created schema index Port_Group.name {{(pid=121642) autocreate_indices /usr/local/lib/python3.8/dist-packages/ovsdbapp/backend/ovs_idl/__init__.py:104}}
May 09 15:06:43 ubuntu neutron-server[121642]: DEBUG ovsdbapp.backend.ovs_idl [None req-d63b1ca4-47ba-4b12-ab03-3e6c3d0d4e39 None None] Created schema index Datapath_Binding.tunnel_key {{(pid=121642) autocreate_indices /usr/local/lib/python3.8/dist-packages/ovsdbapp/backend/ovs_idl/__init__.py:104}}
May 09 15:06:43 ubuntu neutron-server[121864]: DEBUG neutron.common.ovn.hash_ring_manager [None req-a2146876-208b-4ff0-a194-a2acc1d5c1c2 None None] Allow caching, nodes 2>=2 {{(pid=121864) _wait_startup_before_caching /opt/stack/neutron/neutron/common/ovn/hash_ring_manager.py:60}}
May 09 15:06:43 ubuntu neutron-server[121642]: INFO oslo_service.service [None req-d63b1ca4-47ba-4b12-ab03-3e6c3d0d4e39 None None] Starting 1 workers
May 09 15:06:43 ubuntu neutron-server[121863]: DEBUG neutron.common.ovn.hash_ring_manager [None req-2ab587cc-10c0-4b23-bd9c-2526abd538d6 None None] Allow caching, nodes 2>=2 {{(pid=121863) _wait_startup_before_caching /opt/stack/neutron/neutron/common/ovn/hash_ring_manager.py:60}}
May 09 15:06:43 ubuntu neutron-server[121642]: DEBUG oslo_service.service [None req-d63b1ca4-47ba-4b12-ab03-3e6c3d0d4e39 None None] Started child 121869 {{(pid=121642) _start_child /usr/local/lib/python3.8/dist-packages/oslo_service/service.py:575}}
May 09 15:06:43 ubuntu neutron-server[121642]: INFO oslo_service.service [None req-d63b1ca4-47ba-4b12-ab03-3e6c3d0d4e39 None None] Starting 1 workers
May 09 15:06:43 ubuntu neutron-server[121642]: DEBUG oslo_service.service [None req-d63b1ca4-47ba-4b12-ab03-3e6c3d0d4e39 None None] Started child 121870 {{(pid=121642) _start_child /usr/local/lib/python3.8/dist-packages/oslo_service/service.py:575}}
May 09 15:06:43 ubuntu neutron-server[121642]: INFO oslo_service.service [None req-d63b1ca4-47ba-4b12-ab03-3e6c3d0d4e39 None None] Starting 1 workers
May 09 15:06:43 ubuntu neutron-server[121864]: DEBUG neutron.plugins.ml2.drivers.ovn.mech_driver.ovsdb.ovsdb_monitor [None req-a2146876-208b-4ff0-a194-a2acc1d5c1c2 None None] Hash Ring: Node ca217d62-2b1c-41e6-89ca-fc7a36bf5b80 (host: ubuntu) handling event "create" for row 5f420b58-b210-4d32-b8e8-9eb6e2af8e77 (table: Database) {{(pid=121864) notify /opt/stack/neutron/neutron/plugins/ml2/drivers/ovn/mech_driver/ovsdb/ovsdb_monitor.py:815}}
May 09 15:06:43 ubuntu neutron-server[121642]: DEBUG oslo_service.service [None req-d63b1ca4-47ba-4b12-ab03-3e6c3d0d4e39 None None] Started child 121871 {{(pid=121642) _start_child /usr/local/lib/python3.8/dist-packages/oslo_service/service.py:575}}
May 09 15:06:43 ubuntu neutron-server[121869]: DEBUG neutron.service [None req-d63b1ca4-47ba-4b12-ab03-3e6c3d0d4e39 None None] calling RpcWorker wait() {{(pid=121869) _wait /opt/stack/neutron/neutron/service.py:128}}
May 09 15:06:43 ubuntu neutron-server[121869]: DEBUG neutron.service [None req-d63b1ca4-47ba-4b12-ab03-3e6c3d0d4e39 None None] returning from RpcWorker wait() {{(pid=121869) _wait /opt/stack/neutron/neutron/service.py:135}}
May 09 15:06:43 ubuntu neutron-server[121870]: DEBUG neutron_lib.callbacks.manager [-] Publish callbacks ['neutron.plugins.ml2.drivers.ovn.mech_driver.mech_driver.OVNMechanismDriver.post_fork_initialize-292032'] for process (None), after_init {{(pid=121870) _notify_loop /usr/local/lib/python3.8/dist-packages/neutron_lib/callbacks/manager.py:176}}
May 09 15:06:43 ubuntu neutron-server[121869]: DEBUG neutron_lib.callbacks.manager [-] Publish callbacks ['neutron.plugins.ml2.drivers.ovn.mech_driver.mech_driver.OVNMechanismDriver.post_fork_initialize-292032'] for process (None), after_init {{(pid=121869) _notify_loop /usr/local/lib/python3.8/dist-packages/neutron_lib/callbacks/manager.py:176}}
May 09 15:06:43 ubuntu neutron-server[121864]: DEBUG neutron.plugins.ml2.drivers.ovn.mech_driver.ovsdb.ovsdb_monitor [None req-a2146876-208b-4ff0-a194-a2acc1d5c1c2 None None] Hash Ring: Node ca217d62-2b1c-41e6-89ca-fc7a36bf5b80 (host: ubuntu) handling event "create" for row 14615de0-a77d-4cd4-974f-45e794f5a207 (table: Database) {{(pid=121864) notify /opt/stack/neutron/neutron/plugins/ml2/drivers/ovn/mech_driver/ovsdb/ovsdb_monitor.py:815}}
May 09 15:06:43 ubuntu neutron-server[121642]: DEBUG neutron_lib.callbacks.manager [None req-d63b1ca4-47ba-4b12-ab03-3e6c3d0d4e39 None None] Publish callbacks [] for process (None), after_spawn {{(pid=121642) _notify_loop /usr/local/lib/python3.8/dist-packages/neutron_lib/callbacks/manager.py:176}}
May 09 15:06:43 ubuntu neutron-server[121870]: INFO neutron.plugins.ml2.drivers.ovn.mech_driver.ovsdb.impl_idl_ovn [-] Getting OvsdbNbOvnIdl for MaintenanceWorker with retry
May 09 15:06:43 ubuntu neutron-server[121642]: DEBUG oslo_service.service [-] Full set of CONF: {{(pid=121642) wait /usr/local/lib/python3.8/dist-packages/oslo_service/service.py:649}}
May 09 15:06:43 ubuntu neutron-server[121869]: INFO neutron.plugins.ml2.drivers.ovn.mech_driver.ovsdb.impl_idl_ovn [-] Getting OvsdbNbOvnIdl for RpcWorker with retry
May 09 15:06:43 ubuntu neutron-server[121864]: DEBUG neutron.plugins.ml2.drivers.ovn.mech_driver.ovsdb.ovsdb_monitor [None req-a2146876-208b-4ff0-a194-a2acc1d5c1c2 None None] ChassisAgentWriteEvent : Matched Chassis, create, None None {{(pid=121864) matches /opt/stack/neutron/neutron/plugins/ml2/drivers/ovn/mech_driver/ovsdb/ovsdb_monitor.py:62}}
May 09 15:06:43 ubuntu neutron-server[121864]: DEBUG neutron.plugins.ml2.drivers.ovn.mech_driver.ovsdb.ovsdb_monitor [None req-a2146876-208b-4ff0-a194-a2acc1d5c1c2 None None] ChassisMetadataAgentWriteEvent : Matched Chassis, create, None None {{(pid=121864) matches /opt/stack/neutron/neutron/plugins/ml2/drivers/ovn/mech_driver/ovsdb/ovsdb_monitor.py:62}}
May 09 15:06:43 ubuntu neutron-server[121642]: DEBUG oslo_service.service [-] ******************************************************************************** {{(pid=121642) log_opt_values /usr/local/lib/python3.8/dist-packages/oslo_config/cfg.py:2589}}
May 09 15:06:43 ubuntu neutron-server[121642]: DEBUG oslo_service.service [-] Configuration options gathered from: {{(pid=121642) log_opt_values /usr/local/lib/python3.8/dist-packages/oslo_config/cfg.py:2590}}
May 09 15:06:43 ubuntu neutron-server[121642]: DEBUG oslo_service.service [-] command line args: ['--config-file', '/etc/neutron/neutron.conf', '--config-file', '/etc/neutron/plugins/ml2/ml2_conf.ini'] {{(pid=121642) log_opt_values /usr/local/lib/python3.8/dist-packages/oslo_config/cfg.py:2591}}
May 09 15:06:43 ubuntu neutron-server[121642]: DEBUG oslo_service.service [-] config files: ['/etc/neutron/neutron.conf', '/etc/neutron/plugins/ml2/ml2_conf.ini'] {{(pid=121642) log_opt_values /usr/local/lib/python3.8/dist-packages/oslo_config/cfg.py:2592}}
May 09 15:06:43 ubuntu neutron-server[121863]: DEBUG neutron.plugins.ml2.drivers.ovn.mech_driver.ovsdb.ovsdb_monitor [None req-2ab587cc-10c0-4b23-bd9c-2526abd538d6 None None] Hash Ring: Node e6f74ede-e053-455c-99da-3eabcea464c2 (host: ubuntu) handling event "create" for row 4a883a94-0691-4990-8e95-8528f2f19008 (table: Encap) {{(pid=121863) notify /opt/stack/neutron/neutron/plugins/ml2/drivers/ovn/mech_driver/ovsdb/ovsdb_monitor.py:815}}
May 09 15:06:43 ubuntu neutron-server[121642]: DEBUG oslo_service.service [-] ================================================================================ {{(pid=121642) log_opt_values /usr/local/lib/python3.8/dist-packages/oslo_config/cfg.py:2594}}
May 09 15:06:43 ubuntu neutron-server[121863]: DEBUG neutron.plugins.ml2.drivers.ovn.mech_driver.ovsdb.ovsdb_monitor [None req-2ab587cc-10c0-4b23-bd9c-2526abd538d6 None None] ChassisAgentWriteEvent : Matched Chassis, create, None None {{(pid=121863) matches /opt/stack/neutron/neutron/plugins/ml2/drivers/ovn/mech_driver/ovsdb/ovsdb_monitor.py:62}}
May 09 15:06:43 ubuntu neutron-server[121863]: DEBUG neutron.plugins.ml2.drivers.ovn.mech_driver.ovsdb.ovsdb_monitor [None req-2ab587cc-10c0-4b23-bd9c-2526abd538d6 None None] ChassisMetadataAgentWriteEvent : Matched Chassis, create, None None {{(pid=121863) matches /opt/stack/neutron/neutron/plugins/ml2/drivers/ovn/mech_driver/ovsdb/ovsdb_monitor.py:62}}
May 09 15:06:43 ubuntu neutron-server[121863]: DEBUG neutron.plugins.ml2.drivers.ovn.mech_driver.ovsdb.ovsdb_monitor [None req-2ab587cc-10c0-4b23-bd9c-2526abd538d6 None None] Hash Ring: Node e6f74ede-e053-455c-99da-3eabcea464c2 (host: ubuntu) handling event "create" for row 84b84cf7-cd56-400e-9bd2-9e8b47d165fd (table: Chassis) {{(pid=121863) notify /opt/stack/neutron/neutron/plugins/ml2/drivers/ovn/mech_driver/ovsdb/ovsdb_monitor.py:815}}
May 09 15:06:43 ubuntu neutron-server[121642]: DEBUG oslo_service.service [-] agent_down_time                = 75 {{(pid=121642) log_opt_values /usr/local/lib/python3.8/dist-packages/oslo_config/cfg.py:2602}}
