May 12 15:27:45 ubuntu neutron-server[118886]: DEBUG neutron.api.extensions [None req-7555331a-b973-4df3-a5e2-c72703d346e1 None None] Ext name="Uplink status propagation extension" alias="uplink-status-propagation" description="Provides ability to propagate port uplink status." updated="2018-05-31T18:00:00-00:00" {{(pid=118886) _check_extension /opt/stack/neutron/neutron/api/extensions.py:416}}
May 12 15:27:45 ubuntu neutron-server[118886]: INFO neutron.api.extensions [None req-7555331a-b973-4df3-a5e2-c72703d346e1 None None] Extension uplink-status-propagation not supported by any of loaded plugins
May 12 15:27:45 ubuntu neutron-server[118886]: DEBUG neutron.api.extensions [None req-7555331a-b973-4df3-a5e2-c72703d346e1 None None] Loading extension file: vlantransparent.py {{(pid=118886) _load_all_extensions_from_path /opt/stack/neutron/neutron/api/extensions.py:450}}
May 12 15:27:45 ubuntu neutron-server[118886]: DEBUG neutron.api.extensions [None req-7555331a-b973-4df3-a5e2-c72703d346e1 None None] Ext name="Vlantransparent" alias="vlan-transparent" description="Provides Vlan Transparent Networks" updated="2015-03-23T09:00:00-00:00" {{(pid=118886) _check_extension /opt/stack/neutron/neutron/api/extensions.py:416}}
May 12 15:27:45 ubuntu neutron-server[118886]: INFO neutron.api.extensions [None req-7555331a-b973-4df3-a5e2-c72703d346e1 None None] Extension vlan-transparent not supported by any of loaded plugins
May 12 15:27:45 ubuntu neutron-server[118886]: INFO neutron.quota.resource_registry [None req-7555331a-b973-4df3-a5e2-c72703d346e1 None None] Creating instance of TrackedResource for resource:network
May 12 15:27:45 ubuntu neutron-server[118886]: INFO neutron.quota.resource_registry [None req-7555331a-b973-4df3-a5e2-c72703d346e1 None None] Creating instance of TrackedResource for resource:subnet
May 12 15:27:45 ubuntu neutron-server[118886]: INFO neutron.quota.resource_registry [None req-7555331a-b973-4df3-a5e2-c72703d346e1 None None] Creating instance of TrackedResource for resource:subnetpool
May 12 15:27:45 ubuntu neutron-server[118886]: INFO neutron.quota.resource_registry [None req-7555331a-b973-4df3-a5e2-c72703d346e1 None None] Creating instance of TrackedResource for resource:port
May 12 15:27:45 ubuntu neutron-server[118886]: DEBUG neutron.api.v2.resource_helper [None req-7555331a-b973-4df3-a5e2-c72703d346e1 None None] Service FLAVORS assigned prefix:  {{(pid=118886) build_resource_info /opt/stack/neutron/neutron/api/v2/resource_helper.py:77}}
May 12 15:27:45 ubuntu neutron-server[118886]: DEBUG neutron.api.v2.resource_helper [None req-7555331a-b973-4df3-a5e2-c72703d346e1 None None] Service L3_ROUTER_NAT assigned prefix:  {{(pid=118886) build_resource_info /opt/stack/neutron/neutron/api/v2/resource_helper.py:77}}
May 12 15:27:45 ubuntu neutron-server[118886]: DEBUG neutron.api.v2.resource_helper [None req-7555331a-b973-4df3-a5e2-c72703d346e1 None None] Service L3_ROUTER_NAT assigned prefix:  {{(pid=118886) build_resource_info /opt/stack/neutron/neutron/api/v2/resource_helper.py:77}}
May 12 15:27:45 ubuntu neutron-server[118886]: INFO neutron.quota.resource_registry [None req-7555331a-b973-4df3-a5e2-c72703d346e1 None None] Creating instance of TrackedResource for resource:router
May 12 15:27:45 ubuntu neutron-server[118886]: INFO neutron.quota.resource_registry [None req-7555331a-b973-4df3-a5e2-c72703d346e1 None None] Creating instance of TrackedResource for resource:floatingip
May 12 15:27:45 ubuntu neutron-server[118886]: DEBUG neutron_lib.callbacks.manager [None req-7555331a-b973-4df3-a5e2-c72703d346e1 None None] Subscribe: <bound method NeutronDbPluginV2.validate_network_rbac_policy_change of <neutron.services.network_ip_availability.plugin.NetworkIPAvailabilityPlugin object at 0x7f028171f430>> rbac-policy before_create 55550000 {{(pid=118886) subscribe /usr/local/lib/python3.8/dist-packages/neutron_lib/callbacks/manager.py:45}}
May 12 15:27:45 ubuntu neutron-server[118886]: DEBUG neutron_lib.callbacks.manager [None req-7555331a-b973-4df3-a5e2-c72703d346e1 None None] Subscribe: <bound method NeutronDbPluginV2.validate_network_rbac_policy_change of <neutron.services.network_ip_availability.plugin.NetworkIPAvailabilityPlugin object at 0x7f028171f430>> rbac-policy before_update 55550000 {{(pid=118886) subscribe /usr/local/lib/python3.8/dist-packages/neutron_lib/callbacks/manager.py:45}}
May 12 15:27:45 ubuntu neutron-server[118886]: DEBUG neutron_lib.callbacks.manager [None req-7555331a-b973-4df3-a5e2-c72703d346e1 None None] Subscribe: <bound method NeutronDbPluginV2.validate_network_rbac_policy_change of <neutron.services.network_ip_availability.plugin.NetworkIPAvailabilityPlugin object at 0x7f028171f430>> rbac-policy before_delete 55550000 {{(pid=118886) subscribe /usr/local/lib/python3.8/dist-packages/neutron_lib/callbacks/manager.py:45}}
May 12 15:27:45 ubuntu neutron-server[118886]: INFO neutron.quota.resource_registry [None req-7555331a-b973-4df3-a5e2-c72703d346e1 None None] Creating instance of CountableResource for resource:rbac_policy
May 12 15:27:45 ubuntu neutron-server[118886]: INFO neutron.quota.resource_registry [None req-7555331a-b973-4df3-a5e2-c72703d346e1 None None] Creating instance of TrackedResource for resource:security_group
May 12 15:27:45 ubuntu neutron-server[118886]: INFO neutron.quota.resource_registry [None req-7555331a-b973-4df3-a5e2-c72703d346e1 None None] Creating instance of TrackedResource for resource:security_group_rule
May 12 15:27:45 ubuntu neutron-server[118886]: DEBUG neutron.api.v2.resource_helper [None req-7555331a-b973-4df3-a5e2-c72703d346e1 None None] Service FLAVORS assigned prefix:  {{(pid=118886) build_resource_info /opt/stack/neutron/neutron/api/v2/resource_helper.py:77}}
May 12 15:27:45 ubuntu neutron-server[118886]: DEBUG neutron.api.v2.resource_helper [None req-7555331a-b973-4df3-a5e2-c72703d346e1 None None] Service L3_ROUTER_NAT assigned prefix:  {{(pid=118886) build_resource_info /opt/stack/neutron/neutron/api/v2/resource_helper.py:77}}
May 12 15:27:45 ubuntu neutron-server[118886]: DEBUG neutron.api.v2.resource_helper [None req-7555331a-b973-4df3-a5e2-c72703d346e1 None None] Service L3_ROUTER_NAT assigned prefix:  {{(pid=118886) build_resource_info /opt/stack/neutron/neutron/api/v2/resource_helper.py:77}}
May 12 15:27:45 ubuntu neutron-server[118886]: INFO neutron.quota.resource_registry [None req-7555331a-b973-4df3-a5e2-c72703d346e1 None None] Creating instance of TrackedResource for resource:router
May 12 15:27:45 ubuntu neutron-server[118886]: WARNING neutron.quota.resource_registry [None req-7555331a-b973-4df3-a5e2-c72703d346e1 None None] router is already registered
May 12 15:27:45 ubuntu neutron-server[118886]: INFO neutron.quota.resource_registry [None req-7555331a-b973-4df3-a5e2-c72703d346e1 None None] Creating instance of TrackedResource for resource:floatingip
May 12 15:27:45 ubuntu neutron-server[118886]: WARNING neutron.quota.resource_registry [None req-7555331a-b973-4df3-a5e2-c72703d346e1 None None] floatingip is already registered
May 12 15:27:45 ubuntu neutron-server[118886]: INFO neutron.quota.resource_registry [None req-7555331a-b973-4df3-a5e2-c72703d346e1 None None] Creating instance of CountableResource for resource:rbac_policy
May 12 15:27:45 ubuntu neutron-server[118886]: WARNING neutron.quota.resource_registry [None req-7555331a-b973-4df3-a5e2-c72703d346e1 None None] rbac_policy is already registered
May 12 15:27:45 ubuntu neutron-server[118886]: INFO neutron.quota.resource_registry [None req-7555331a-b973-4df3-a5e2-c72703d346e1 None None] Creating instance of TrackedResource for resource:security_group
May 12 15:27:45 ubuntu neutron-server[118886]: WARNING neutron.quota.resource_registry [None req-7555331a-b973-4df3-a5e2-c72703d346e1 None None] security_group is already registered
May 12 15:27:45 ubuntu neutron-server[118886]: INFO neutron.quota.resource_registry [None req-7555331a-b973-4df3-a5e2-c72703d346e1 None None] Creating instance of TrackedResource for resource:security_group_rule
May 12 15:27:45 ubuntu neutron-server[118886]: WARNING neutron.quota.resource_registry [None req-7555331a-b973-4df3-a5e2-c72703d346e1 None None] security_group_rule is already registered
May 12 15:27:45 ubuntu neutron-server[118886]: DEBUG neutron.api.extensions [None req-7555331a-b973-4df3-a5e2-c72703d346e1 None None] Extended resource: extensions {{(pid=118886) __init__ /opt/stack/neutron/neutron/api/extensions.py:157}}
May 12 15:27:45 ubuntu neutron-server[118886]: DEBUG neutron.api.extensions [None req-7555331a-b973-4df3-a5e2-c72703d346e1 None None] Extended resource: address-groups {{(pid=118886) __init__ /opt/stack/neutron/neutron/api/extensions.py:157}}
May 12 15:27:45 ubuntu neutron-server[118886]: DEBUG neutron.api.extensions [None req-7555331a-b973-4df3-a5e2-c72703d346e1 None None] Extended resource: address-scopes {{(pid=118886) __init__ /opt/stack/neutron/neutron/api/extensions.py:157}}
May 12 15:27:45 ubuntu neutron-server[118886]: DEBUG neutron.api.extensions [None req-7555331a-b973-4df3-a5e2-c72703d346e1 None None] Extended resource: agents {{(pid=118886) __init__ /opt/stack/neutron/neutron/api/extensions.py:157}}
May 12 15:27:45 ubuntu neutron-server[118886]: DEBUG neutron.api.extensions [None req-7555331a-b973-4df3-a5e2-c72703d346e1 None None] Extended resource: auto-allocated-topology {{(pid=118886) __init__ /opt/stack/neutron/neutron/api/extensions.py:157}}
May 12 15:27:45 ubuntu neutron-server[118886]: DEBUG neutron.api.extensions [None req-7555331a-b973-4df3-a5e2-c72703d346e1 None None] Extended resource: availability_zones {{(pid=118886) __init__ /opt/stack/neutron/neutron/api/extensions.py:157}}
May 12 15:27:45 ubuntu neutron-server[118886]: DEBUG neutron.api.extensions [None req-7555331a-b973-4df3-a5e2-c72703d346e1 None None] Extended resource: flavors {{(pid=118886) __init__ /opt/stack/neutron/neutron/api/extensions.py:157}}
May 12 15:27:45 ubuntu neutron-server[118886]: DEBUG neutron.api.extensions [None req-7555331a-b973-4df3-a5e2-c72703d346e1 None None] Extended resource: service_profiles {{(pid=118886) __init__ /opt/stack/neutron/neutron/api/extensions.py:157}}
May 12 15:27:45 ubuntu neutron-server[118886]: DEBUG neutron.api.extensions [None req-7555331a-b973-4df3-a5e2-c72703d346e1 None None] Extended resource: next_providers {{(pid=118886) __init__ /opt/stack/neutron/neutron/api/extensions.py:157}}
May 12 15:27:45 ubuntu neutron-server[118886]: DEBUG neutron.api.extensions [None req-7555331a-b973-4df3-a5e2-c72703d346e1 None None] Extended resource: service_profiles {{(pid=118886) __init__ /opt/stack/neutron/neutron/api/extensions.py:157}}
May 12 15:27:45 ubuntu neutron-server[118886]: DEBUG neutron.api.extensions [None req-7555331a-b973-4df3-a5e2-c72703d346e1 None None] Extended resource: floatingip-pools {{(pid=118886) __init__ /opt/stack/neutron/neutron/api/extensions.py:157}}
May 12 15:27:45 ubuntu neutron-server[118886]: DEBUG neutron.api.extensions [None req-7555331a-b973-4df3-a5e2-c72703d346e1 None None] Extended resource: routers {{(pid=118886) __init__ /opt/stack/neutron/neutron/api/extensions.py:157}}
May 12 15:27:45 ubuntu neutron-server[118886]: DEBUG neutron.api.extensions [None req-7555331a-b973-4df3-a5e2-c72703d346e1 None None] Extended resource: floatingips {{(pid=118886) __init__ /opt/stack/neutron/neutron/api/extensions.py:157}}
May 12 15:27:45 ubuntu neutron-server[118886]: DEBUG neutron.api.extensions [None req-7555331a-b973-4df3-a5e2-c72703d346e1 None None] Extended resource: network-ip-availabilities {{(pid=118886) __init__ /opt/stack/neutron/neutron/api/extensions.py:157}}
May 12 15:27:45 ubuntu neutron-server[118886]: DEBUG neutron.api.extensions [None req-7555331a-b973-4df3-a5e2-c72703d346e1 None None] Extended resource: bindings {{(pid=118886) __init__ /opt/stack/neutron/neutron/api/extensions.py:157}}
May 12 15:27:45 ubuntu neutron-server[118886]: DEBUG neutron.api.extensions [None req-7555331a-b973-4df3-a5e2-c72703d346e1 None None] Extended resource: quotas {{(pid=118886) __init__ /opt/stack/neutron/neutron/api/extensions.py:157}}
May 12 15:27:45 ubuntu neutron-server[118886]: DEBUG neutron.api.extensions [None req-7555331a-b973-4df3-a5e2-c72703d346e1 None None] Extended resource: quotas {{(pid=118886) __init__ /opt/stack/neutron/neutron/api/extensions.py:157}}
May 12 15:27:45 ubuntu neutron-server[118886]: DEBUG neutron.api.extensions [None req-7555331a-b973-4df3-a5e2-c72703d346e1 None None] Extended resource: rbac-policies {{(pid=118886) __init__ /opt/stack/neutron/neutron/api/extensions.py:157}}
May 12 15:27:45 ubuntu neutron-server[118886]: DEBUG neutron.api.extensions [None req-7555331a-b973-4df3-a5e2-c72703d346e1 None None] Extended resource: security-groups {{(pid=118886) __init__ /opt/stack/neutron/neutron/api/extensions.py:157}}
May 12 15:27:45 ubuntu neutron-server[118886]: DEBUG neutron.api.extensions [None req-7555331a-b973-4df3-a5e2-c72703d346e1 None None] Extended resource: security-group-rules {{(pid=118886) __init__ /opt/stack/neutron/neutron/api/extensions.py:157}}
May 12 15:27:45 ubuntu neutron-server[118886]: DEBUG neutron.api.extensions [None req-7555331a-b973-4df3-a5e2-c72703d346e1 None None] Extended resource: service-providers {{(pid=118886) __init__ /opt/stack/neutron/neutron/api/extensions.py:157}}
May 12 15:27:45 ubuntu neutron-server[118886]: DEBUG neutron.api.extensions [None req-7555331a-b973-4df3-a5e2-c72703d346e1 None None] Extended resource: tags {{(pid=118886) __init__ /opt/stack/neutron/neutron/api/extensions.py:157}}
May 12 15:27:45 ubuntu neutron-server[118886]: DEBUG neutron.api.extensions [None req-7555331a-b973-4df3-a5e2-c72703d346e1 None None] Extended resource: tags {{(pid=118886) __init__ /opt/stack/neutron/neutron/api/extensions.py:157}}
May 12 15:27:45 ubuntu neutron-server[118886]: DEBUG neutron.api.extensions [None req-7555331a-b973-4df3-a5e2-c72703d346e1 None None] Extended resource: tags {{(pid=118886) __init__ /opt/stack/neutron/neutron/api/extensions.py:157}}
May 12 15:27:45 ubuntu neutron-server[118886]: DEBUG neutron.api.extensions [None req-7555331a-b973-4df3-a5e2-c72703d346e1 None None] Extended resource: tags {{(pid=118886) __init__ /opt/stack/neutron/neutron/api/extensions.py:157}}
May 12 15:27:45 ubuntu neutron-server[118886]: DEBUG neutron.api.extensions [None req-7555331a-b973-4df3-a5e2-c72703d346e1 None None] Extended resource: tags {{(pid=118886) __init__ /opt/stack/neutron/neutron/api/extensions.py:157}}
May 12 15:27:45 ubuntu neutron-server[118886]: DEBUG neutron.api.extensions [None req-7555331a-b973-4df3-a5e2-c72703d346e1 None None] Extended resource: tags {{(pid=118886) __init__ /opt/stack/neutron/neutron/api/extensions.py:157}}
May 12 15:27:45 ubuntu neutron-server[118886]: DEBUG neutron.api.extensions [None req-7555331a-b973-4df3-a5e2-c72703d346e1 None None] Extended resource: tags {{(pid=118886) __init__ /opt/stack/neutron/neutron/api/extensions.py:157}}
May 12 15:27:45 ubuntu neutron-server[118886]: DEBUG neutron.api.extensions [None req-7555331a-b973-4df3-a5e2-c72703d346e1 None None] Extended resource: tags {{(pid=118886) __init__ /opt/stack/neutron/neutron/api/extensions.py:157}}
May 12 15:27:45 ubuntu neutron-server[118886]: DEBUG neutron.api.extensions [None req-7555331a-b973-4df3-a5e2-c72703d346e1 None None] Extended resource: tags {{(pid=118886) __init__ /opt/stack/neutron/neutron/api/extensions.py:157}}
May 12 15:27:45 ubuntu neutron-server[118886]: DEBUG neutron.api.extensions [None req-7555331a-b973-4df3-a5e2-c72703d346e1 None None] Extended resource: tags {{(pid=118886) __init__ /opt/stack/neutron/neutron/api/extensions.py:157}}
May 12 15:27:45 ubuntu neutron-server[118886]: WARNING keystonemiddleware.auth_token [None req-7555331a-b973-4df3-a5e2-c72703d346e1 None None] AuthToken middleware is set with keystone_authtoken.service_token_roles_required set to False. This is backwards compatible but deprecated behaviour. Please set this to True.
May 12 15:27:45 ubuntu neutron-server[118886]: WARNING keystonemiddleware.auth_token [None req-7555331a-b973-4df3-a5e2-c72703d346e1 None None] Configuring www_authenticate_uri to point to the public identity endpoint is required; clients may not be able to authenticate against an admin endpoint
May 12 15:27:45 ubuntu neutron-server[118886]: DEBUG oslo_concurrency.lockutils [None req-7555331a-b973-4df3-a5e2-c72703d346e1 None None] Acquired lock "singleton_lock" {{(pid=118886) lock /usr/local/lib/python3.8/dist-packages/oslo_concurrency/lockutils.py:294}}
May 12 15:27:45 ubuntu neutron-server[118886]: DEBUG oslo_concurrency.lockutils [None req-7555331a-b973-4df3-a5e2-c72703d346e1 None None] Releasing lock "singleton_lock" {{(pid=118886) lock /usr/local/lib/python3.8/dist-packages/oslo_concurrency/lockutils.py:312}}
May 12 15:27:45 ubuntu neutron-server[118886]: INFO oslo_service.service [None req-7555331a-b973-4df3-a5e2-c72703d346e1 None None] Starting 2 workers
May 12 15:27:45 ubuntu neutron-server[118886]: DEBUG oslo_service.service [None req-7555331a-b973-4df3-a5e2-c72703d346e1 None None] Started child 119099 {{(pid=118886) _start_child /usr/local/lib/python3.8/dist-packages/oslo_service/service.py:575}}
May 12 15:27:45 ubuntu neutron-server[118886]: DEBUG oslo_service.service [None req-7555331a-b973-4df3-a5e2-c72703d346e1 None None] Started child 119100 {{(pid=118886) _start_child /usr/local/lib/python3.8/dist-packages/oslo_service/service.py:575}}
May 12 15:27:45 ubuntu neutron-server[118886]: INFO neutron.service [None req-7555331a-b973-4df3-a5e2-c72703d346e1 None None] Neutron service started, listening on 0.0.0.0:9696
May 12 15:27:45 ubuntu neutron-server[118886]: DEBUG neutron_lib.callbacks.manager [None req-7555331a-b973-4df3-a5e2-c72703d346e1 None None] Publish callbacks ['neutron.plugins.ml2.drivers.ovn.mech_driver.mech_driver.OVNMechanismDriver.pre_fork_initialize-3734351'] for process (None), before_spawn {{(pid=118886) _notify_loop /usr/local/lib/python3.8/dist-packages/neutron_lib/callbacks/manager.py:176}}
May 12 15:27:45 ubuntu neutron-server[119100]: DEBUG neutron_lib.callbacks.manager [-] Publish callbacks ['neutron.plugins.ml2.drivers.ovn.mech_driver.mech_driver.OVNMechanismDriver.post_fork_initialize-3734183'] for process (None), after_init {{(pid=119100) _notify_loop /usr/local/lib/python3.8/dist-packages/neutron_lib/callbacks/manager.py:176}}
May 12 15:27:45 ubuntu neutron-server[119099]: DEBUG neutron_lib.callbacks.manager [-] Publish callbacks ['neutron.plugins.ml2.drivers.ovn.mech_driver.mech_driver.OVNMechanismDriver.post_fork_initialize-3734183'] for process (None), after_init {{(pid=119099) _notify_loop /usr/local/lib/python3.8/dist-packages/neutron_lib/callbacks/manager.py:176}}
May 12 15:27:45 ubuntu neutron-server[118886]: DEBUG ovsdbapp.backend.ovs_idl [None req-7555331a-b973-4df3-a5e2-c72703d346e1 None None] Created schema index Port_Group.name {{(pid=118886) autocreate_indices /usr/local/lib/python3.8/dist-packages/ovsdbapp/backend/ovs_idl/__init__.py:104}}
May 12 15:27:45 ubuntu neutron-server[118886]: DEBUG ovsdbapp.backend.ovs_idl [None req-7555331a-b973-4df3-a5e2-c72703d346e1 None None] Created schema index Logical_Switch_Port.name {{(pid=118886) autocreate_indices /usr/local/lib/python3.8/dist-packages/ovsdbapp/backend/ovs_idl/__init__.py:104}}
May 12 15:27:45 ubuntu neutron-server[119100]: INFO neutron.plugins.ml2.drivers.ovn.mech_driver.ovsdb.impl_idl_ovn [None req-7f4257f6-5ab3-4c13-bd5a-811552ff3e61 None None] Getting OvsdbNbOvnIdl for WorkerService with retry
May 12 15:27:45 ubuntu neutron-server[119099]: INFO neutron.plugins.ml2.drivers.ovn.mech_driver.ovsdb.impl_idl_ovn [None req-c5a0fe56-7f09-40ec-8f91-34b49bf0dda6 None None] Getting OvsdbNbOvnIdl for WorkerService with retry
May 12 15:27:45 ubuntu neutron-server[118886]: DEBUG ovsdbapp.backend.ovs_idl.transaction [-] Running txn n=1 command(idx=0): PgAddCommand(name=neutron_pg_drop, may_exist=True, columns={'acls': []}) {{(pid=118886) do_commit /usr/local/lib/python3.8/dist-packages/ovsdbapp/backend/ovs_idl/transaction.py:90}}
May 12 15:27:45 ubuntu neutron-server[118886]: DEBUG ovsdbapp.backend.ovs_idl.transaction [-] Running txn n=1 command(idx=1): PgAclAddCommand(entity=neutron_pg_drop, direction=from-lport, priority=1001, match=inport == @neutron_pg_drop && ip, action=drop, log=False, may_exist=True, severity=[], name=[], meter=None, external_ids={}) {{(pid=118886) do_commit /usr/local/lib/python3.8/dist-packages/ovsdbapp/backend/ovs_idl/transaction.py:90}}
May 12 15:27:45 ubuntu neutron-server[118886]: DEBUG ovsdbapp.backend.ovs_idl.transaction [-] Running txn n=1 command(idx=2): PgAclAddCommand(entity=neutron_pg_drop, direction=to-lport, priority=1001, match=outport == @neutron_pg_drop && ip, action=drop, log=False, may_exist=True, severity=[], name=[], meter=None, external_ids={}) {{(pid=118886) do_commit /usr/local/lib/python3.8/dist-packages/ovsdbapp/backend/ovs_idl/transaction.py:90}}
May 12 15:27:45 ubuntu neutron-server[118886]: DEBUG ovsdbapp.backend.ovs_idl.event [-] Matched CREATE: NeutronPgDropPortGroupCreated(events=('create',), table='Port_Group', conditions=(('name', '=', 'neutron_pg_drop'),), old_conditions=None), priority=10 to row=Port_Group(name=neutron_pg_drop, ports=[], external_ids={}, acls=[<ovs.db.idl.Row object at 0x7f02818643d0>, <ovs.db.idl.Row object at 0x7f0281864250>]) old= {{(pid=118886) matches /usr/local/lib/python3.8/dist-packages/ovsdbapp/backend/ovs_idl/event.py:43}}
May 12 15:27:45 ubuntu neutron-server[119100]: DEBUG ovsdbapp.backend.ovs_idl [None req-7f4257f6-5ab3-4c13-bd5a-811552ff3e61 None None] Created lookup_table index Logical_Switch.name {{(pid=119100) autocreate_indices /usr/local/lib/python3.8/dist-packages/ovsdbapp/backend/ovs_idl/__init__.py:85}}
May 12 15:27:45 ubuntu neutron-server[119100]: DEBUG ovsdbapp.backend.ovs_idl [None req-7f4257f6-5ab3-4c13-bd5a-811552ff3e61 None None] Created lookup_table index Logical_Router.name {{(pid=119100) autocreate_indices /usr/local/lib/python3.8/dist-packages/ovsdbapp/backend/ovs_idl/__init__.py:85}}
May 12 15:27:45 ubuntu neutron-server[119100]: DEBUG ovsdbapp.backend.ovs_idl [None req-7f4257f6-5ab3-4c13-bd5a-811552ff3e61 None None] Created lookup_table index Load_Balancer.name {{(pid=119100) autocreate_indices /usr/local/lib/python3.8/dist-packages/ovsdbapp/backend/ovs_idl/__init__.py:85}}
May 12 15:27:45 ubuntu neutron-server[119100]: DEBUG ovsdbapp.backend.ovs_idl [None req-7f4257f6-5ab3-4c13-bd5a-811552ff3e61 None None] Created schema index Meter.name {{(pid=119100) autocreate_indices /usr/local/lib/python3.8/dist-packages/ovsdbapp/backend/ovs_idl/__init__.py:104}}
May 12 15:27:45 ubuntu neutron-server[119099]: DEBUG ovsdbapp.backend.ovs_idl [None req-c5a0fe56-7f09-40ec-8f91-34b49bf0dda6 None None] Created lookup_table index Logical_Switch.name {{(pid=119099) autocreate_indices /usr/local/lib/python3.8/dist-packages/ovsdbapp/backend/ovs_idl/__init__.py:85}}
May 12 15:27:45 ubuntu neutron-server[119100]: DEBUG ovsdbapp.backend.ovs_idl [None req-7f4257f6-5ab3-4c13-bd5a-811552ff3e61 None None] Created schema index Address_Set.name {{(pid=119100) autocreate_indices /usr/local/lib/python3.8/dist-packages/ovsdbapp/backend/ovs_idl/__init__.py:104}}
May 12 15:27:45 ubuntu neutron-server[119100]: DEBUG ovsdbapp.backend.ovs_idl [None req-7f4257f6-5ab3-4c13-bd5a-811552ff3e61 None None] Created schema index HA_Chassis_Group.name {{(pid=119100) autocreate_indices /usr/local/lib/python3.8/dist-packages/ovsdbapp/backend/ovs_idl/__init__.py:104}}
May 12 15:27:45 ubuntu neutron-server[119099]: DEBUG ovsdbapp.backend.ovs_idl [None req-c5a0fe56-7f09-40ec-8f91-34b49bf0dda6 None None] Created lookup_table index Logical_Router.name {{(pid=119099) autocreate_indices /usr/local/lib/python3.8/dist-packages/ovsdbapp/backend/ovs_idl/__init__.py:85}}
May 12 15:27:45 ubuntu neutron-server[119100]: DEBUG ovsdbapp.backend.ovs_idl [None req-7f4257f6-5ab3-4c13-bd5a-811552ff3e61 None None] Created schema index Connection.target {{(pid=119100) autocreate_indices /usr/local/lib/python3.8/dist-packages/ovsdbapp/backend/ovs_idl/__init__.py:104}}
May 12 15:27:45 ubuntu neutron-server[119100]: DEBUG ovsdbapp.backend.ovs_idl [None req-7f4257f6-5ab3-4c13-bd5a-811552ff3e61 None None] Created schema index Gateway_Chassis.name {{(pid=119100) autocreate_indices /usr/local/lib/python3.8/dist-packages/ovsdbapp/backend/ovs_idl/__init__.py:104}}
May 12 15:27:45 ubuntu neutron-server[119099]: DEBUG ovsdbapp.backend.ovs_idl [None req-c5a0fe56-7f09-40ec-8f91-34b49bf0dda6 None None] Created lookup_table index Load_Balancer.name {{(pid=119099) autocreate_indices /usr/local/lib/python3.8/dist-packages/ovsdbapp/backend/ovs_idl/__init__.py:85}}
May 12 15:27:45 ubuntu neutron-server[119100]: DEBUG ovsdbapp.backend.ovs_idl [None req-7f4257f6-5ab3-4c13-bd5a-811552ff3e61 None None] Created schema index Logical_Router_Port.name {{(pid=119100) autocreate_indices /usr/local/lib/python3.8/dist-packages/ovsdbapp/backend/ovs_idl/__init__.py:104}}
May 12 15:27:45 ubuntu neutron-server[119100]: DEBUG ovsdbapp.backend.ovs_idl [None req-7f4257f6-5ab3-4c13-bd5a-811552ff3e61 None None] Created schema index Port_Group.name {{(pid=119100) autocreate_indices /usr/local/lib/python3.8/dist-packages/ovsdbapp/backend/ovs_idl/__init__.py:104}}
May 12 15:27:45 ubuntu neutron-server[119099]: DEBUG ovsdbapp.backend.ovs_idl [None req-c5a0fe56-7f09-40ec-8f91-34b49bf0dda6 None None] Created schema index Meter.name {{(pid=119099) autocreate_indices /usr/local/lib/python3.8/dist-packages/ovsdbapp/backend/ovs_idl/__init__.py:104}}
May 12 15:27:45 ubuntu neutron-server[119100]: DEBUG ovsdbapp.backend.ovs_idl [None req-7f4257f6-5ab3-4c13-bd5a-811552ff3e61 None None] Created schema index Logical_Switch_Port.name {{(pid=119100) autocreate_indices /usr/local/lib/python3.8/dist-packages/ovsdbapp/backend/ovs_idl/__init__.py:104}}
May 12 15:27:45 ubuntu neutron-server[119099]: DEBUG ovsdbapp.backend.ovs_idl [None req-c5a0fe56-7f09-40ec-8f91-34b49bf0dda6 None None] Created schema index Address_Set.name {{(pid=119099) autocreate_indices /usr/local/lib/python3.8/dist-packages/ovsdbapp/backend/ovs_idl/__init__.py:104}}
May 12 15:27:45 ubuntu neutron-server[119100]: INFO ovsdbapp.backend.ovs_idl.vlog [None req-7f4257f6-5ab3-4c13-bd5a-811552ff3e61 None None] tcp:192.168.79.42:6641: connecting...
May 12 15:27:45 ubuntu neutron-server[119099]: DEBUG ovsdbapp.backend.ovs_idl [None req-c5a0fe56-7f09-40ec-8f91-34b49bf0dda6 None None] Created schema index HA_Chassis_Group.name {{(pid=119099) autocreate_indices /usr/local/lib/python3.8/dist-packages/ovsdbapp/backend/ovs_idl/__init__.py:104}}
May 12 15:27:45 ubuntu neutron-server[119099]: DEBUG ovsdbapp.backend.ovs_idl [None req-c5a0fe56-7f09-40ec-8f91-34b49bf0dda6 None None] Created schema index Connection.target {{(pid=119099) autocreate_indices /usr/local/lib/python3.8/dist-packages/ovsdbapp/backend/ovs_idl/__init__.py:104}}
May 12 15:27:45 ubuntu neutron-server[119100]: INFO ovsdbapp.backend.ovs_idl.vlog [None req-7f4257f6-5ab3-4c13-bd5a-811552ff3e61 None None] tcp:192.168.79.42:6641: connected
May 12 15:27:45 ubuntu neutron-server[119099]: DEBUG ovsdbapp.backend.ovs_idl [None req-c5a0fe56-7f09-40ec-8f91-34b49bf0dda6 None None] Created schema index Gateway_Chassis.name {{(pid=119099) autocreate_indices /usr/local/lib/python3.8/dist-packages/ovsdbapp/backend/ovs_idl/__init__.py:104}}
May 12 15:27:45 ubuntu neutron-server[119099]: DEBUG ovsdbapp.backend.ovs_idl [None req-c5a0fe56-7f09-40ec-8f91-34b49bf0dda6 None None] Created schema index Logical_Router_Port.name {{(pid=119099) autocreate_indices /usr/local/lib/python3.8/dist-packages/ovsdbapp/backend/ovs_idl/__init__.py:104}}
May 12 15:27:45 ubuntu neutron-server[119099]: DEBUG ovsdbapp.backend.ovs_idl [None req-c5a0fe56-7f09-40ec-8f91-34b49bf0dda6 None None] Created schema index Port_Group.name {{(pid=119099) autocreate_indices /usr/local/lib/python3.8/dist-packages/ovsdbapp/backend/ovs_idl/__init__.py:104}}
May 12 15:27:45 ubuntu neutron-server[119099]: DEBUG ovsdbapp.backend.ovs_idl [None req-c5a0fe56-7f09-40ec-8f91-34b49bf0dda6 None None] Created schema index Logical_Switch_Port.name {{(pid=119099) autocreate_indices /usr/local/lib/python3.8/dist-packages/ovsdbapp/backend/ovs_idl/__init__.py:104}}
May 12 15:27:45 ubuntu neutron-server[119099]: INFO ovsdbapp.backend.ovs_idl.vlog [None req-c5a0fe56-7f09-40ec-8f91-34b49bf0dda6 None None] tcp:192.168.79.42:6641: connecting...
May 12 15:27:45 ubuntu neutron-server[119099]: INFO ovsdbapp.backend.ovs_idl.vlog [None req-c5a0fe56-7f09-40ec-8f91-34b49bf0dda6 None None] tcp:192.168.79.42:6641: connected
May 12 15:27:45 ubuntu neutron-server[119100]: DEBUG neutron.common.ovn.hash_ring_manager [None req-7f4257f6-5ab3-4c13-bd5a-811552ff3e61 None None] Allow caching, nodes 2>=2 {{(pid=119100) _wait_startup_before_caching /opt/stack/neutron/neutron/common/ovn/hash_ring_manager.py:60}}
May 12 15:27:45 ubuntu neutron-server[119100]: DEBUG neutron.plugins.ml2.drivers.ovn.mech_driver.ovsdb.ovsdb_monitor [None req-7f4257f6-5ab3-4c13-bd5a-811552ff3e61 None None] Hash Ring: Node 9c909cd9-1b75-4ea1-9c6e-568ca5261e96 (host: ubuntu) handling event "create" for row 39a68d1f-fadc-4264-920d-e15a349e7033 (table: Database) {{(pid=119100) notify /opt/stack/neutron/neutron/plugins/ml2/drivers/ovn/mech_driver/ovsdb/ovsdb_monitor.py:815}}
May 12 15:27:45 ubuntu neutron-server[118886]: DEBUG ovsdbapp.backend.ovs_idl [None req-7555331a-b973-4df3-a5e2-c72703d346e1 None None] Created lookup_table index Logical_Switch.name {{(pid=118886) autocreate_indices /usr/local/lib/python3.8/dist-packages/ovsdbapp/backend/ovs_idl/__init__.py:85}}
May 12 15:27:45 ubuntu neutron-server[118886]: DEBUG ovsdbapp.backend.ovs_idl [None req-7555331a-b973-4df3-a5e2-c72703d346e1 None None] Created lookup_table index Logical_Router.name {{(pid=118886) autocreate_indices /usr/local/lib/python3.8/dist-packages/ovsdbapp/backend/ovs_idl/__init__.py:85}}
May 12 15:27:45 ubuntu neutron-server[118886]: DEBUG ovsdbapp.backend.ovs_idl [None req-7555331a-b973-4df3-a5e2-c72703d346e1 None None] Created lookup_table index Load_Balancer.name {{(pid=118886) autocreate_indices /usr/local/lib/python3.8/dist-packages/ovsdbapp/backend/ovs_idl/__init__.py:85}}
May 12 15:27:45 ubuntu neutron-server[118886]: DEBUG ovsdbapp.backend.ovs_idl [None req-7555331a-b973-4df3-a5e2-c72703d346e1 None None] Created schema index Meter.name {{(pid=118886) autocreate_indices /usr/local/lib/python3.8/dist-packages/ovsdbapp/backend/ovs_idl/__init__.py:104}}
May 12 15:27:45 ubuntu neutron-server[118886]: DEBUG ovsdbapp.backend.ovs_idl [None req-7555331a-b973-4df3-a5e2-c72703d346e1 None None] Created schema index Address_Set.name {{(pid=118886) autocreate_indices /usr/local/lib/python3.8/dist-packages/ovsdbapp/backend/ovs_idl/__init__.py:104}}
May 12 15:27:45 ubuntu neutron-server[118886]: DEBUG ovsdbapp.backend.ovs_idl [None req-7555331a-b973-4df3-a5e2-c72703d346e1 None None] Created schema index HA_Chassis_Group.name {{(pid=118886) autocreate_indices /usr/local/lib/python3.8/dist-packages/ovsdbapp/backend/ovs_idl/__init__.py:104}}
May 12 15:27:45 ubuntu neutron-server[118886]: DEBUG ovsdbapp.backend.ovs_idl [None req-7555331a-b973-4df3-a5e2-c72703d346e1 None None] Created schema index Connection.target {{(pid=118886) autocreate_indices /usr/local/lib/python3.8/dist-packages/ovsdbapp/backend/ovs_idl/__init__.py:104}}
May 12 15:27:45 ubuntu neutron-server[119100]: DEBUG neutron.plugins.ml2.drivers.ovn.mech_driver.ovsdb.ovsdb_monitor [None req-7f4257f6-5ab3-4c13-bd5a-811552ff3e61 None None] Hash Ring: Node 9c909cd9-1b75-4ea1-9c6e-568ca5261e96 (host: ubuntu) handling event "create" for row caf2acf6-f999-4f68-8ff7-cf35589ea391 (table: ACL) {{(pid=119100) notify /opt/stack/neutron/neutron/plugins/ml2/drivers/ovn/mech_driver/ovsdb/ovsdb_monitor.py:815}}
May 12 15:27:45 ubuntu neutron-server[119100]: DEBUG neutron.plugins.ml2.drivers.ovn.mech_driver.ovsdb.ovsdb_monitor [None req-7f4257f6-5ab3-4c13-bd5a-811552ff3e61 None None] Hash Ring: Node 9c909cd9-1b75-4ea1-9c6e-568ca5261e96 (host: ubuntu) handling event "create" for row bfe86065-77b3-40d6-a1d2-4934eafb9e49 (table: ACL) {{(pid=119100) notify /opt/stack/neutron/neutron/plugins/ml2/drivers/ovn/mech_driver/ovsdb/ovsdb_monitor.py:815}}
May 12 15:27:45 ubuntu neutron-server[118886]: DEBUG ovsdbapp.backend.ovs_idl [None req-7555331a-b973-4df3-a5e2-c72703d346e1 None None] Created schema index Gateway_Chassis.name {{(pid=118886) autocreate_indices /usr/local/lib/python3.8/dist-packages/ovsdbapp/backend/ovs_idl/__init__.py:104}}
May 12 15:27:45 ubuntu neutron-server[119100]: DEBUG neutron.plugins.ml2.drivers.ovn.mech_driver.ovsdb.ovsdb_monitor [None req-7f4257f6-5ab3-4c13-bd5a-811552ff3e61 None None] Hash Ring: Node 9c909cd9-1b75-4ea1-9c6e-568ca5261e96 (host: ubuntu) handling event "create" for row 42e2a056-be3f-445f-92d9-00d329643773 (table: Connection) {{(pid=119100) notify /opt/stack/neutron/neutron/plugins/ml2/drivers/ovn/mech_driver/ovsdb/ovsdb_monitor.py:815}}
May 12 15:27:45 ubuntu neutron-server[118886]: DEBUG ovsdbapp.backend.ovs_idl [None req-7555331a-b973-4df3-a5e2-c72703d346e1 None None] Created schema index Logical_Router_Port.name {{(pid=118886) autocreate_indices /usr/local/lib/python3.8/dist-packages/ovsdbapp/backend/ovs_idl/__init__.py:104}}
May 12 15:27:45 ubuntu neutron-server[118886]: DEBUG ovsdbapp.backend.ovs_idl [None req-7555331a-b973-4df3-a5e2-c72703d346e1 None None] Created schema index Port_Group.name {{(pid=118886) autocreate_indices /usr/local/lib/python3.8/dist-packages/ovsdbapp/backend/ovs_idl/__init__.py:104}}
May 12 15:27:45 ubuntu neutron-server[119100]: INFO neutron.plugins.ml2.drivers.ovn.mech_driver.ovsdb.impl_idl_ovn [None req-7f4257f6-5ab3-4c13-bd5a-811552ff3e61 None None] Getting OvsdbSbOvnIdl for WorkerService with retry
May 12 15:27:45 ubuntu neutron-server[118886]: DEBUG ovsdbapp.backend.ovs_idl [None req-7555331a-b973-4df3-a5e2-c72703d346e1 None None] Created schema index Logical_Switch_Port.name {{(pid=118886) autocreate_indices /usr/local/lib/python3.8/dist-packages/ovsdbapp/backend/ovs_idl/__init__.py:104}}
May 12 15:27:45 ubuntu neutron-server[119100]: DEBUG ovsdbapp.backend.ovs_idl [None req-7f4257f6-5ab3-4c13-bd5a-811552ff3e61 None None] Created lookup_table index Chassis.name {{(pid=119100) autocreate_indices /usr/local/lib/python3.8/dist-packages/ovsdbapp/backend/ovs_idl/__init__.py:85}}
May 12 15:27:45 ubuntu neutron-server[119100]: DEBUG ovsdbapp.backend.ovs_idl [None req-7f4257f6-5ab3-4c13-bd5a-811552ff3e61 None None] Created schema index Datapath_Binding.tunnel_key {{(pid=119100) autocreate_indices /usr/local/lib/python3.8/dist-packages/ovsdbapp/backend/ovs_idl/__init__.py:104}}
May 12 15:27:45 ubuntu neutron-server[119100]: DEBUG ovsdbapp.backend.ovs_idl [None req-7f4257f6-5ab3-4c13-bd5a-811552ff3e61 None None] Created schema index Connection.target {{(pid=119100) autocreate_indices /usr/local/lib/python3.8/dist-packages/ovsdbapp/backend/ovs_idl/__init__.py:104}}
May 12 15:27:45 ubuntu neutron-server[119100]: INFO ovsdbapp.backend.ovs_idl.vlog [None req-7f4257f6-5ab3-4c13-bd5a-811552ff3e61 None None] tcp:192.168.79.42:6642: connecting...
May 12 15:27:45 ubuntu neutron-server[119100]: INFO ovsdbapp.backend.ovs_idl.vlog [None req-7f4257f6-5ab3-4c13-bd5a-811552ff3e61 None None] tcp:192.168.79.42:6642: connected
May 12 15:27:45 ubuntu neutron-server[119099]: DEBUG neutron.common.ovn.hash_ring_manager [None req-c5a0fe56-7f09-40ec-8f91-34b49bf0dda6 None None] Allow caching, nodes 2>=2 {{(pid=119099) _wait_startup_before_caching /opt/stack/neutron/neutron/common/ovn/hash_ring_manager.py:60}}
May 12 15:27:45 ubuntu neutron-server[119099]: DEBUG neutron.plugins.ml2.drivers.ovn.mech_driver.ovsdb.ovsdb_monitor [None req-c5a0fe56-7f09-40ec-8f91-34b49bf0dda6 None None] Hash Ring: Node 3d8ae2be-c2c5-4db9-a544-6ab011b7dcdd (host: ubuntu) handling event "create" for row 99f3fdb3-aa1d-4e4e-9b41-c2a4b730a222 (table: Database) {{(pid=119099) notify /opt/stack/neutron/neutron/plugins/ml2/drivers/ovn/mech_driver/ovsdb/ovsdb_monitor.py:815}}
May 12 15:27:45 ubuntu neutron-server[119099]: DEBUG neutron.plugins.ml2.drivers.ovn.mech_driver.ovsdb.ovsdb_monitor [None req-c5a0fe56-7f09-40ec-8f91-34b49bf0dda6 None None] Hash Ring: Node 3d8ae2be-c2c5-4db9-a544-6ab011b7dcdd (host: ubuntu) handling event "create" for row 2cd6f966-0117-4573-9f89-4fbcff2afe25 (table: Port_Group) {{(pid=119099) notify /opt/stack/neutron/neutron/plugins/ml2/drivers/ovn/mech_driver/ovsdb/ovsdb_monitor.py:815}}
May 12 15:27:45 ubuntu neutron-server[119099]: DEBUG neutron.plugins.ml2.drivers.ovn.mech_driver.ovsdb.ovsdb_monitor [None req-c5a0fe56-7f09-40ec-8f91-34b49bf0dda6 None None] Hash Ring: Node 3d8ae2be-c2c5-4db9-a544-6ab011b7dcdd (host: ubuntu) handling event "create" for row 297459fe-f48e-492a-8a19-85b6930855c4 (table: NB_Global) {{(pid=119099) notify /opt/stack/neutron/neutron/plugins/ml2/drivers/ovn/mech_driver/ovsdb/ovsdb_monitor.py:815}}
May 12 15:27:45 ubuntu neutron-server[119099]: INFO neutron.plugins.ml2.drivers.ovn.mech_driver.ovsdb.impl_idl_ovn [None req-c5a0fe56-7f09-40ec-8f91-34b49bf0dda6 None None] Getting OvsdbSbOvnIdl for WorkerService with retry
May 12 15:27:45 ubuntu neutron-server[119099]: DEBUG ovsdbapp.backend.ovs_idl [None req-c5a0fe56-7f09-40ec-8f91-34b49bf0dda6 None None] Created lookup_table index Chassis.name {{(pid=119099) autocreate_indices /usr/local/lib/python3.8/dist-packages/ovsdbapp/backend/ovs_idl/__init__.py:85}}
May 12 15:27:45 ubuntu neutron-server[119099]: DEBUG ovsdbapp.backend.ovs_idl [None req-c5a0fe56-7f09-40ec-8f91-34b49bf0dda6 None None] Created schema index Datapath_Binding.tunnel_key {{(pid=119099) autocreate_indices /usr/local/lib/python3.8/dist-packages/ovsdbapp/backend/ovs_idl/__init__.py:104}}
May 12 15:27:45 ubuntu neutron-server[119099]: DEBUG ovsdbapp.backend.ovs_idl [None req-c5a0fe56-7f09-40ec-8f91-34b49bf0dda6 None None] Created schema index Connection.target {{(pid=119099) autocreate_indices /usr/local/lib/python3.8/dist-packages/ovsdbapp/backend/ovs_idl/__init__.py:104}}
May 12 15:27:45 ubuntu neutron-server[119099]: INFO ovsdbapp.backend.ovs_idl.vlog [None req-c5a0fe56-7f09-40ec-8f91-34b49bf0dda6 None None] tcp:192.168.79.42:6642: connecting...
May 12 15:27:45 ubuntu neutron-server[119099]: INFO ovsdbapp.backend.ovs_idl.vlog [None req-c5a0fe56-7f09-40ec-8f91-34b49bf0dda6 None None] tcp:192.168.79.42:6642: connected
May 12 15:27:45 ubuntu neutron-server[119100]: DEBUG neutron.common.ovn.hash_ring_manager [None req-7f4257f6-5ab3-4c13-bd5a-811552ff3e61 None None] Allow caching, nodes 2>=2 {{(pid=119100) _wait_startup_before_caching /opt/stack/neutron/neutron/common/ovn/hash_ring_manager.py:60}}
May 12 15:27:45 ubuntu neutron-server[119100]: DEBUG neutron.plugins.ml2.drivers.ovn.mech_driver.ovsdb.ovsdb_monitor [None req-7f4257f6-5ab3-4c13-bd5a-811552ff3e61 None None] Hash Ring: Node 9c909cd9-1b75-4ea1-9c6e-568ca5261e96 (host: ubuntu) handling event "create" for row e58c5903-5c2e-4d6b-86e3-6490b990836c (table: Database) {{(pid=119100) notify /opt/stack/neutron/neutron/plugins/ml2/drivers/ovn/mech_driver/ovsdb/ovsdb_monitor.py:815}}
May 12 15:27:45 ubuntu neutron-server[119100]: DEBUG neutron.plugins.ml2.drivers.ovn.mech_driver.ovsdb.ovsdb_monitor [None req-7f4257f6-5ab3-4c13-bd5a-811552ff3e61 None None] Hash Ring: Node 9c909cd9-1b75-4ea1-9c6e-568ca5261e96 (host: ubuntu) handling event "create" for row 1a59b19d-7ddf-4c49-8e99-017073dcdff8 (table: Encap) {{(pid=119100) notify /opt/stack/neutron/neutron/plugins/ml2/drivers/ovn/mech_driver/ovsdb/ovsdb_monitor.py:815}}
May 12 15:27:45 ubuntu neutron-server[119100]: DEBUG neutron.plugins.ml2.drivers.ovn.mech_driver.ovsdb.ovsdb_monitor [None req-7f4257f6-5ab3-4c13-bd5a-811552ff3e61 None None] ChassisAgentWriteEvent : Matched Chassis, create, None None {{(pid=119100) matches /opt/stack/neutron/neutron/plugins/ml2/drivers/ovn/mech_driver/ovsdb/ovsdb_monitor.py:62}}
May 12 15:27:45 ubuntu neutron-server[119099]: DEBUG neutron.common.ovn.hash_ring_manager [None req-c5a0fe56-7f09-40ec-8f91-34b49bf0dda6 None None] Allow caching, nodes 2>=2 {{(pid=119099) _wait_startup_before_caching /opt/stack/neutron/neutron/common/ovn/hash_ring_manager.py:60}}
May 12 15:27:45 ubuntu neutron-server[119100]: DEBUG neutron.plugins.ml2.drivers.ovn.mech_driver.ovsdb.ovsdb_monitor [None req-7f4257f6-5ab3-4c13-bd5a-811552ff3e61 None None] ChassisMetadataAgentWriteEvent : Matched Chassis, create, None None {{(pid=119100) matches /opt/stack/neutron/neutron/plugins/ml2/drivers/ovn/mech_driver/ovsdb/ovsdb_monitor.py:62}}
May 12 15:27:45 ubuntu neutron-server[119100]: DEBUG neutron.plugins.ml2.drivers.ovn.mech_driver.ovsdb.ovsdb_monitor [None req-7f4257f6-5ab3-4c13-bd5a-811552ff3e61 None None] Hash Ring: Node 9c909cd9-1b75-4ea1-9c6e-568ca5261e96 (host: ubuntu) handling event "create" for row 70301c69-9907-42ac-8838-082f6447b9d8 (table: Chassis) {{(pid=119100) notify /opt/stack/neutron/neutron/plugins/ml2/drivers/ovn/mech_driver/ovsdb/ovsdb_monitor.py:815}}
May 12 15:27:45 ubuntu neutron-server[119100]: DEBUG neutron.plugins.ml2.drivers.ovn.mech_driver.ovsdb.ovsdb_monitor [None req-7f4257f6-5ab3-4c13-bd5a-811552ff3e61 None None] Hash Ring: Node 9c909cd9-1b75-4ea1-9c6e-568ca5261e96 (host: ubuntu) handling event "create" for row 6bd67208-33ba-4e55-9b34-2320e15e6e16 (table: Connection) {{(pid=119100) notify /opt/stack/neutron/neutron/plugins/ml2/drivers/ovn/mech_driver/ovsdb/ovsdb_monitor.py:815}}
May 12 15:27:45 ubuntu neutron-server[119099]: DEBUG neutron.plugins.ml2.drivers.ovn.mech_driver.ovsdb.ovsdb_monitor [None req-c5a0fe56-7f09-40ec-8f91-34b49bf0dda6 None None] Hash Ring: Node 3d8ae2be-c2c5-4db9-a544-6ab011b7dcdd (host: ubuntu) handling event "create" for row bed8f5f7-d530-4e98-a234-82bb25cb6e11 (table: Database) {{(pid=119099) notify /opt/stack/neutron/neutron/plugins/ml2/drivers/ovn/mech_driver/ovsdb/ovsdb_monitor.py:815}}
May 12 15:27:45 ubuntu neutron-server[119099]: DEBUG neutron.plugins.ml2.drivers.ovn.mech_driver.ovsdb.ovsdb_monitor [None req-c5a0fe56-7f09-40ec-8f91-34b49bf0dda6 None None] ChassisAgentWriteEvent : Matched Chassis, create, None None {{(pid=119099) matches /opt/stack/neutron/neutron/plugins/ml2/drivers/ovn/mech_driver/ovsdb/ovsdb_monitor.py:62}}
May 12 15:27:45 ubuntu neutron-server[119099]: DEBUG neutron.plugins.ml2.drivers.ovn.mech_driver.ovsdb.ovsdb_monitor [None req-c5a0fe56-7f09-40ec-8f91-34b49bf0dda6 None None] ChassisMetadataAgentWriteEvent : Matched Chassis, create, None None {{(pid=119099) matches /opt/stack/neutron/neutron/plugins/ml2/drivers/ovn/mech_driver/ovsdb/ovsdb_monitor.py:62}}
May 12 15:27:45 ubuntu neutron-server[119100]: INFO neutron.wsgi [-] (119100) wsgi starting up on http://0.0.0.0:9696
May 12 15:27:45 ubuntu neutron-server[119099]: INFO neutron.wsgi [-] (119099) wsgi starting up on http://0.0.0.0:9696
May 12 15:27:45 ubuntu neutron-server[118886]: DEBUG ovsdbapp.backend.ovs_idl [None req-7555331a-b973-4df3-a5e2-c72703d346e1 None None] Created lookup_table index Chassis.name {{(pid=118886) autocreate_indices /usr/local/lib/python3.8/dist-packages/ovsdbapp/backend/ovs_idl/__init__.py:85}}
May 12 15:27:45 ubuntu neutron-server[118886]: DEBUG ovsdbapp.backend.ovs_idl [None req-7555331a-b973-4df3-a5e2-c72703d346e1 None None] Created lookup_table index MAC_Binding.ip {{(pid=118886) autocreate_indices /usr/local/lib/python3.8/dist-packages/ovsdbapp/backend/ovs_idl/__init__.py:85}}
May 12 15:27:45 ubuntu neutron-server[118886]: DEBUG ovsdbapp.backend.ovs_idl [None req-7555331a-b973-4df3-a5e2-c72703d346e1 None None] Created schema index Meter.name {{(pid=118886) autocreate_indices /usr/local/lib/python3.8/dist-packages/ovsdbapp/backend/ovs_idl/__init__.py:104}}
May 12 15:27:45 ubuntu neutron-server[118886]: DEBUG ovsdbapp.backend.ovs_idl [None req-7555331a-b973-4df3-a5e2-c72703d346e1 None None] Created schema index Address_Set.name {{(pid=118886) autocreate_indices /usr/local/lib/python3.8/dist-packages/ovsdbapp/backend/ovs_idl/__init__.py:104}}
May 12 15:27:45 ubuntu neutron-server[118886]: DEBUG ovsdbapp.backend.ovs_idl [None req-7555331a-b973-4df3-a5e2-c72703d346e1 None None] Created schema index HA_Chassis_Group.name {{(pid=118886) autocreate_indices /usr/local/lib/python3.8/dist-packages/ovsdbapp/backend/ovs_idl/__init__.py:104}}
May 12 15:27:45 ubuntu neutron-server[118886]: DEBUG ovsdbapp.backend.ovs_idl [None req-7555331a-b973-4df3-a5e2-c72703d346e1 None None] Created schema index IP_Multicast.datapath {{(pid=118886) autocreate_indices /usr/local/lib/python3.8/dist-packages/ovsdbapp/backend/ovs_idl/__init__.py:104}}
May 12 15:27:45 ubuntu neutron-server[118886]: DEBUG ovsdbapp.backend.ovs_idl [None req-7555331a-b973-4df3-a5e2-c72703d346e1 None None] Created schema index Connection.target {{(pid=118886) autocreate_indices /usr/local/lib/python3.8/dist-packages/ovsdbapp/backend/ovs_idl/__init__.py:104}}
May 12 15:27:45 ubuntu neutron-server[118886]: DEBUG ovsdbapp.backend.ovs_idl [None req-7555331a-b973-4df3-a5e2-c72703d346e1 None None] Created schema index Gateway_Chassis.name {{(pid=118886) autocreate_indices /usr/local/lib/python3.8/dist-packages/ovsdbapp/backend/ovs_idl/__init__.py:104}}
May 12 15:27:45 ubuntu neutron-server[118886]: DEBUG ovsdbapp.backend.ovs_idl [None req-7555331a-b973-4df3-a5e2-c72703d346e1 None None] Created schema index Port_Group.name {{(pid=118886) autocreate_indices /usr/local/lib/python3.8/dist-packages/ovsdbapp/backend/ovs_idl/__init__.py:104}}
May 12 15:27:45 ubuntu neutron-server[118886]: DEBUG ovsdbapp.backend.ovs_idl [None req-7555331a-b973-4df3-a5e2-c72703d346e1 None None] Created schema index Datapath_Binding.tunnel_key {{(pid=118886) autocreate_indices /usr/local/lib/python3.8/dist-packages/ovsdbapp/backend/ovs_idl/__init__.py:104}}
May 12 15:27:45 ubuntu neutron-server[119099]: DEBUG neutron.wsgi [-] (119099) accepted ('192.168.79.42', 40250) {{(pid=119099) server /usr/local/lib/python3.8/dist-packages/eventlet/wsgi.py:1004}}
May 12 15:27:45 ubuntu neutron-server[118886]: INFO oslo_service.service [None req-7555331a-b973-4df3-a5e2-c72703d346e1 None None] Starting 1 workers
May 12 15:27:45 ubuntu neutron-server[119099]: INFO neutron.wsgi [-] 192.168.79.42 "GET / HTTP/1.1" status: 200  len: 255 time: 0.0041263
May 12 15:27:45 ubuntu neutron-server[118886]: DEBUG oslo_service.service [None req-7555331a-b973-4df3-a5e2-c72703d346e1 None None] Started child 119105 {{(pid=118886) _start_child /usr/local/lib/python3.8/dist-packages/oslo_service/service.py:575}}
May 12 15:27:45 ubuntu neutron-server[118886]: INFO oslo_service.service [None req-7555331a-b973-4df3-a5e2-c72703d346e1 None None] Starting 1 workers
May 12 15:27:45 ubuntu neutron-server[119105]: DEBUG neutron.service [None req-7555331a-b973-4df3-a5e2-c72703d346e1 None None] calling RpcWorker wait() {{(pid=119105) _wait /opt/stack/neutron/neutron/service.py:128}}
May 12 15:27:45 ubuntu neutron-server[119105]: DEBUG neutron.service [None req-7555331a-b973-4df3-a5e2-c72703d346e1 None None] returning from RpcWorker wait() {{(pid=119105) _wait /opt/stack/neutron/neutron/service.py:135}}
May 12 15:27:45 ubuntu neutron-server[119105]: DEBUG neutron_lib.callbacks.manager [-] Publish callbacks ['neutron.plugins.ml2.drivers.ovn.mech_driver.mech_driver.OVNMechanismDriver.post_fork_initialize-3734183'] for process (None), after_init {{(pid=119105) _notify_loop /usr/local/lib/python3.8/dist-packages/neutron_lib/callbacks/manager.py:176}}
May 12 15:27:45 ubuntu neutron-server[119105]: INFO neutron.plugins.ml2.drivers.ovn.mech_driver.ovsdb.impl_idl_ovn [-] Getting OvsdbNbOvnIdl for RpcWorker with retry
May 12 15:27:45 ubuntu neutron-server[118886]: DEBUG oslo_service.service [None req-7555331a-b973-4df3-a5e2-c72703d346e1 None None] Started child 119107 {{(pid=118886) _start_child /usr/local/lib/python3.8/dist-packages/oslo_service/service.py:575}}
May 12 15:27:45 ubuntu neutron-server[118886]: INFO oslo_service.service [None req-7555331a-b973-4df3-a5e2-c72703d346e1 None None] Starting 1 workers
May 12 15:27:45 ubuntu neutron-server[119107]: DEBUG neutron_lib.callbacks.manager [-] Publish callbacks ['neutron.plugins.ml2.drivers.ovn.mech_driver.mech_driver.OVNMechanismDriver.post_fork_initialize-3734183'] for process (None), after_init {{(pid=119107) _notify_loop /usr/local/lib/python3.8/dist-packages/neutron_lib/callbacks/manager.py:176}}
May 12 15:27:45 ubuntu neutron-server[118886]: DEBUG oslo_service.service [None req-7555331a-b973-4df3-a5e2-c72703d346e1 None None] Started child 119110 {{(pid=118886) _start_child /usr/local/lib/python3.8/dist-packages/oslo_service/service.py:575}}
May 12 15:27:45 ubuntu neutron-server[118886]: DEBUG neutron_lib.callbacks.manager [None req-7555331a-b973-4df3-a5e2-c72703d346e1 None None] Publish callbacks [] for process (None), after_spawn {{(pid=118886) _notify_loop /usr/local/lib/python3.8/dist-packages/neutron_lib/callbacks/manager.py:176}}
May 12 15:27:45 ubuntu neutron-server[119107]: INFO neutron.plugins.ml2.drivers.ovn.mech_driver.ovsdb.impl_idl_ovn [-] Getting OvsdbNbOvnIdl for MaintenanceWorker with retry
May 12 15:27:45 ubuntu neutron-server[118886]: DEBUG oslo_service.service [-] Full set of CONF: {{(pid=118886) wait /usr/local/lib/python3.8/dist-packages/oslo_service/service.py:649}}
May 12 15:27:45 ubuntu neutron-server[118886]: DEBUG oslo_service.service [-] ******************************************************************************** {{(pid=118886) log_opt_values /usr/local/lib/python3.8/dist-packages/oslo_config/cfg.py:2589}}
May 12 15:27:45 ubuntu neutron-server[118886]: DEBUG oslo_service.service [-] Configuration options gathered from: {{(pid=118886) log_opt_values /usr/local/lib/python3.8/dist-packages/oslo_config/cfg.py:2590}}
