May 16 19:17:11 ubuntu neutron-server[113908]: DEBUG neutron.api.extensions [None req-c5f09fc4-8749-4183-a39d-048371f0b880 None None] Loading extension file: uplink_status_propagation.py {{(pid=113908) _load_all_extensions_from_path /opt/stack/neutron/neutron/api/extensions.py:450}}
May 16 19:17:11 ubuntu neutron-server[113908]: DEBUG neutron.api.extensions [None req-c5f09fc4-8749-4183-a39d-048371f0b880 None None] Ext name="Uplink status propagation extension" alias="uplink-status-propagation" description="Provides ability to propagate port uplink status." updated="2018-05-31T18:00:00-00:00" {{(pid=113908) _check_extension /opt/stack/neutron/neutron/api/extensions.py:416}}
May 16 19:17:11 ubuntu neutron-server[113908]: INFO neutron.api.extensions [None req-c5f09fc4-8749-4183-a39d-048371f0b880 None None] Extension uplink-status-propagation not supported by any of loaded plugins
May 16 19:17:11 ubuntu neutron-server[113908]: DEBUG neutron.api.extensions [None req-c5f09fc4-8749-4183-a39d-048371f0b880 None None] Loading extension file: vlantransparent.py {{(pid=113908) _load_all_extensions_from_path /opt/stack/neutron/neutron/api/extensions.py:450}}
May 16 19:17:11 ubuntu neutron-server[113908]: DEBUG neutron.api.extensions [None req-c5f09fc4-8749-4183-a39d-048371f0b880 None None] Ext name="Vlantransparent" alias="vlan-transparent" description="Provides Vlan Transparent Networks" updated="2015-03-23T09:00:00-00:00" {{(pid=113908) _check_extension /opt/stack/neutron/neutron/api/extensions.py:416}}
May 16 19:17:11 ubuntu neutron-server[113908]: INFO neutron.api.extensions [None req-c5f09fc4-8749-4183-a39d-048371f0b880 None None] Extension vlan-transparent not supported by any of loaded plugins
May 16 19:17:11 ubuntu neutron-server[113908]: INFO neutron.quota.resource_registry [None req-c5f09fc4-8749-4183-a39d-048371f0b880 None None] Creating instance of TrackedResource for resource:network
May 16 19:17:11 ubuntu neutron-server[113908]: INFO neutron.quota.resource_registry [None req-c5f09fc4-8749-4183-a39d-048371f0b880 None None] Creating instance of TrackedResource for resource:subnet
May 16 19:17:11 ubuntu neutron-server[113908]: INFO neutron.quota.resource_registry [None req-c5f09fc4-8749-4183-a39d-048371f0b880 None None] Creating instance of TrackedResource for resource:subnetpool
May 16 19:17:11 ubuntu neutron-server[113908]: INFO neutron.quota.resource_registry [None req-c5f09fc4-8749-4183-a39d-048371f0b880 None None] Creating instance of TrackedResource for resource:port
May 16 19:17:11 ubuntu neutron-server[113908]: DEBUG neutron.api.v2.resource_helper [None req-c5f09fc4-8749-4183-a39d-048371f0b880 None None] Service FLAVORS assigned prefix:  {{(pid=113908) build_resource_info /opt/stack/neutron/neutron/api/v2/resource_helper.py:77}}
May 16 19:17:11 ubuntu neutron-server[113908]: DEBUG neutron.api.v2.resource_helper [None req-c5f09fc4-8749-4183-a39d-048371f0b880 None None] Service L3_ROUTER_NAT assigned prefix:  {{(pid=113908) build_resource_info /opt/stack/neutron/neutron/api/v2/resource_helper.py:77}}
May 16 19:17:11 ubuntu neutron-server[113908]: DEBUG neutron.api.v2.resource_helper [None req-c5f09fc4-8749-4183-a39d-048371f0b880 None None] Service L3_ROUTER_NAT assigned prefix:  {{(pid=113908) build_resource_info /opt/stack/neutron/neutron/api/v2/resource_helper.py:77}}
May 16 19:17:11 ubuntu neutron-server[113908]: INFO neutron.quota.resource_registry [None req-c5f09fc4-8749-4183-a39d-048371f0b880 None None] Creating instance of TrackedResource for resource:router
May 16 19:17:11 ubuntu neutron-server[113908]: INFO neutron.quota.resource_registry [None req-c5f09fc4-8749-4183-a39d-048371f0b880 None None] Creating instance of TrackedResource for resource:floatingip
May 16 19:17:11 ubuntu neutron-server[113908]: DEBUG neutron_lib.callbacks.manager [None req-c5f09fc4-8749-4183-a39d-048371f0b880 None None] Subscribe: <bound method NeutronDbPluginV2.validate_network_rbac_policy_change of <neutron.services.network_ip_availability.plugin.NetworkIPAvailabilityPlugin object at 0x7fc35b855520>> rbac-policy before_create 55550000 {{(pid=113908) subscribe /usr/local/lib/python3.8/dist-packages/neutron_lib/callbacks/manager.py:45}}
May 16 19:17:11 ubuntu neutron-server[113908]: DEBUG neutron_lib.callbacks.manager [None req-c5f09fc4-8749-4183-a39d-048371f0b880 None None] Subscribe: <bound method NeutronDbPluginV2.validate_network_rbac_policy_change of <neutron.services.network_ip_availability.plugin.NetworkIPAvailabilityPlugin object at 0x7fc35b855520>> rbac-policy before_update 55550000 {{(pid=113908) subscribe /usr/local/lib/python3.8/dist-packages/neutron_lib/callbacks/manager.py:45}}
May 16 19:17:11 ubuntu neutron-server[113908]: DEBUG neutron_lib.callbacks.manager [None req-c5f09fc4-8749-4183-a39d-048371f0b880 None None] Subscribe: <bound method NeutronDbPluginV2.validate_network_rbac_policy_change of <neutron.services.network_ip_availability.plugin.NetworkIPAvailabilityPlugin object at 0x7fc35b855520>> rbac-policy before_delete 55550000 {{(pid=113908) subscribe /usr/local/lib/python3.8/dist-packages/neutron_lib/callbacks/manager.py:45}}
May 16 19:17:11 ubuntu neutron-server[113908]: INFO neutron.quota.resource_registry [None req-c5f09fc4-8749-4183-a39d-048371f0b880 None None] Creating instance of CountableResource for resource:rbac_policy
May 16 19:17:11 ubuntu neutron-server[113908]: INFO neutron.quota.resource_registry [None req-c5f09fc4-8749-4183-a39d-048371f0b880 None None] Creating instance of TrackedResource for resource:security_group
May 16 19:17:11 ubuntu neutron-server[113908]: INFO neutron.quota.resource_registry [None req-c5f09fc4-8749-4183-a39d-048371f0b880 None None] Creating instance of TrackedResource for resource:security_group_rule
May 16 19:17:11 ubuntu neutron-server[113908]: DEBUG neutron.api.v2.resource_helper [None req-c5f09fc4-8749-4183-a39d-048371f0b880 None None] Service FLAVORS assigned prefix:  {{(pid=113908) build_resource_info /opt/stack/neutron/neutron/api/v2/resource_helper.py:77}}
May 16 19:17:11 ubuntu neutron-server[113908]: DEBUG neutron.api.v2.resource_helper [None req-c5f09fc4-8749-4183-a39d-048371f0b880 None None] Service L3_ROUTER_NAT assigned prefix:  {{(pid=113908) build_resource_info /opt/stack/neutron/neutron/api/v2/resource_helper.py:77}}
May 16 19:17:11 ubuntu neutron-server[113908]: DEBUG neutron.api.v2.resource_helper [None req-c5f09fc4-8749-4183-a39d-048371f0b880 None None] Service L3_ROUTER_NAT assigned prefix:  {{(pid=113908) build_resource_info /opt/stack/neutron/neutron/api/v2/resource_helper.py:77}}
May 16 19:17:11 ubuntu neutron-server[113908]: INFO neutron.quota.resource_registry [None req-c5f09fc4-8749-4183-a39d-048371f0b880 None None] Creating instance of TrackedResource for resource:router
May 16 19:17:11 ubuntu neutron-server[113908]: WARNING neutron.quota.resource_registry [None req-c5f09fc4-8749-4183-a39d-048371f0b880 None None] router is already registered
May 16 19:17:11 ubuntu neutron-server[113908]: INFO neutron.quota.resource_registry [None req-c5f09fc4-8749-4183-a39d-048371f0b880 None None] Creating instance of TrackedResource for resource:floatingip
May 16 19:17:11 ubuntu neutron-server[113908]: WARNING neutron.quota.resource_registry [None req-c5f09fc4-8749-4183-a39d-048371f0b880 None None] floatingip is already registered
May 16 19:17:11 ubuntu neutron-server[113908]: INFO neutron.quota.resource_registry [None req-c5f09fc4-8749-4183-a39d-048371f0b880 None None] Creating instance of CountableResource for resource:rbac_policy
May 16 19:17:11 ubuntu neutron-server[113908]: WARNING neutron.quota.resource_registry [None req-c5f09fc4-8749-4183-a39d-048371f0b880 None None] rbac_policy is already registered
May 16 19:17:11 ubuntu neutron-server[113908]: INFO neutron.quota.resource_registry [None req-c5f09fc4-8749-4183-a39d-048371f0b880 None None] Creating instance of TrackedResource for resource:security_group
May 16 19:17:11 ubuntu neutron-server[113908]: WARNING neutron.quota.resource_registry [None req-c5f09fc4-8749-4183-a39d-048371f0b880 None None] security_group is already registered
May 16 19:17:11 ubuntu neutron-server[113908]: INFO neutron.quota.resource_registry [None req-c5f09fc4-8749-4183-a39d-048371f0b880 None None] Creating instance of TrackedResource for resource:security_group_rule
May 16 19:17:11 ubuntu neutron-server[113908]: WARNING neutron.quota.resource_registry [None req-c5f09fc4-8749-4183-a39d-048371f0b880 None None] security_group_rule is already registered
May 16 19:17:11 ubuntu neutron-server[113908]: DEBUG neutron.api.extensions [None req-c5f09fc4-8749-4183-a39d-048371f0b880 None None] Extended resource: extensions {{(pid=113908) __init__ /opt/stack/neutron/neutron/api/extensions.py:157}}
May 16 19:17:11 ubuntu neutron-server[113908]: DEBUG neutron.api.extensions [None req-c5f09fc4-8749-4183-a39d-048371f0b880 None None] Extended resource: address-groups {{(pid=113908) __init__ /opt/stack/neutron/neutron/api/extensions.py:157}}
May 16 19:17:11 ubuntu neutron-server[113908]: DEBUG neutron.api.extensions [None req-c5f09fc4-8749-4183-a39d-048371f0b880 None None] Extended resource: address-scopes {{(pid=113908) __init__ /opt/stack/neutron/neutron/api/extensions.py:157}}
May 16 19:17:11 ubuntu neutron-server[113908]: DEBUG neutron.api.extensions [None req-c5f09fc4-8749-4183-a39d-048371f0b880 None None] Extended resource: agents {{(pid=113908) __init__ /opt/stack/neutron/neutron/api/extensions.py:157}}
May 16 19:17:11 ubuntu neutron-server[113908]: DEBUG neutron.api.extensions [None req-c5f09fc4-8749-4183-a39d-048371f0b880 None None] Extended resource: auto-allocated-topology {{(pid=113908) __init__ /opt/stack/neutron/neutron/api/extensions.py:157}}
May 16 19:17:11 ubuntu neutron-server[113908]: DEBUG neutron.api.extensions [None req-c5f09fc4-8749-4183-a39d-048371f0b880 None None] Extended resource: availability_zones {{(pid=113908) __init__ /opt/stack/neutron/neutron/api/extensions.py:157}}
May 16 19:17:11 ubuntu neutron-server[113908]: DEBUG neutron.api.extensions [None req-c5f09fc4-8749-4183-a39d-048371f0b880 None None] Extended resource: flavors {{(pid=113908) __init__ /opt/stack/neutron/neutron/api/extensions.py:157}}
May 16 19:17:11 ubuntu neutron-server[113908]: DEBUG neutron.api.extensions [None req-c5f09fc4-8749-4183-a39d-048371f0b880 None None] Extended resource: service_profiles {{(pid=113908) __init__ /opt/stack/neutron/neutron/api/extensions.py:157}}
May 16 19:17:11 ubuntu neutron-server[113908]: DEBUG neutron.api.extensions [None req-c5f09fc4-8749-4183-a39d-048371f0b880 None None] Extended resource: next_providers {{(pid=113908) __init__ /opt/stack/neutron/neutron/api/extensions.py:157}}
May 16 19:17:11 ubuntu neutron-server[113908]: DEBUG neutron.api.extensions [None req-c5f09fc4-8749-4183-a39d-048371f0b880 None None] Extended resource: service_profiles {{(pid=113908) __init__ /opt/stack/neutron/neutron/api/extensions.py:157}}
May 16 19:17:11 ubuntu neutron-server[113908]: DEBUG neutron.api.extensions [None req-c5f09fc4-8749-4183-a39d-048371f0b880 None None] Extended resource: floatingip-pools {{(pid=113908) __init__ /opt/stack/neutron/neutron/api/extensions.py:157}}
May 16 19:17:11 ubuntu neutron-server[113908]: DEBUG neutron.api.extensions [None req-c5f09fc4-8749-4183-a39d-048371f0b880 None None] Extended resource: routers {{(pid=113908) __init__ /opt/stack/neutron/neutron/api/extensions.py:157}}
May 16 19:17:11 ubuntu neutron-server[113908]: DEBUG neutron.api.extensions [None req-c5f09fc4-8749-4183-a39d-048371f0b880 None None] Extended resource: floatingips {{(pid=113908) __init__ /opt/stack/neutron/neutron/api/extensions.py:157}}
May 16 19:17:11 ubuntu neutron-server[113908]: DEBUG neutron.api.extensions [None req-c5f09fc4-8749-4183-a39d-048371f0b880 None None] Extended resource: network-ip-availabilities {{(pid=113908) __init__ /opt/stack/neutron/neutron/api/extensions.py:157}}
May 16 19:17:11 ubuntu neutron-server[113908]: DEBUG neutron.api.extensions [None req-c5f09fc4-8749-4183-a39d-048371f0b880 None None] Extended resource: bindings {{(pid=113908) __init__ /opt/stack/neutron/neutron/api/extensions.py:157}}
May 16 19:17:11 ubuntu neutron-server[113908]: DEBUG neutron.api.extensions [None req-c5f09fc4-8749-4183-a39d-048371f0b880 None None] Extended resource: quotas {{(pid=113908) __init__ /opt/stack/neutron/neutron/api/extensions.py:157}}
May 16 19:17:11 ubuntu neutron-server[113908]: DEBUG neutron.api.extensions [None req-c5f09fc4-8749-4183-a39d-048371f0b880 None None] Extended resource: quotas {{(pid=113908) __init__ /opt/stack/neutron/neutron/api/extensions.py:157}}
May 16 19:17:11 ubuntu neutron-server[113908]: DEBUG neutron.api.extensions [None req-c5f09fc4-8749-4183-a39d-048371f0b880 None None] Extended resource: rbac-policies {{(pid=113908) __init__ /opt/stack/neutron/neutron/api/extensions.py:157}}
May 16 19:17:11 ubuntu neutron-server[113908]: DEBUG neutron.api.extensions [None req-c5f09fc4-8749-4183-a39d-048371f0b880 None None] Extended resource: security-groups {{(pid=113908) __init__ /opt/stack/neutron/neutron/api/extensions.py:157}}
May 16 19:17:11 ubuntu neutron-server[113908]: DEBUG neutron.api.extensions [None req-c5f09fc4-8749-4183-a39d-048371f0b880 None None] Extended resource: security-group-rules {{(pid=113908) __init__ /opt/stack/neutron/neutron/api/extensions.py:157}}
May 16 19:17:11 ubuntu neutron-server[113908]: DEBUG neutron.api.extensions [None req-c5f09fc4-8749-4183-a39d-048371f0b880 None None] Extended resource: service-providers {{(pid=113908) __init__ /opt/stack/neutron/neutron/api/extensions.py:157}}
May 16 19:17:11 ubuntu neutron-server[113908]: DEBUG neutron.api.extensions [None req-c5f09fc4-8749-4183-a39d-048371f0b880 None None] Extended resource: tags {{(pid=113908) __init__ /opt/stack/neutron/neutron/api/extensions.py:157}}
May 16 19:17:11 ubuntu neutron-server[113908]: DEBUG neutron.api.extensions [None req-c5f09fc4-8749-4183-a39d-048371f0b880 None None] Extended resource: tags {{(pid=113908) __init__ /opt/stack/neutron/neutron/api/extensions.py:157}}
May 16 19:17:11 ubuntu neutron-server[113908]: DEBUG neutron.api.extensions [None req-c5f09fc4-8749-4183-a39d-048371f0b880 None None] Extended resource: tags {{(pid=113908) __init__ /opt/stack/neutron/neutron/api/extensions.py:157}}
May 16 19:17:11 ubuntu neutron-server[113908]: DEBUG neutron.api.extensions [None req-c5f09fc4-8749-4183-a39d-048371f0b880 None None] Extended resource: tags {{(pid=113908) __init__ /opt/stack/neutron/neutron/api/extensions.py:157}}
May 16 19:17:11 ubuntu neutron-server[113908]: DEBUG neutron.api.extensions [None req-c5f09fc4-8749-4183-a39d-048371f0b880 None None] Extended resource: tags {{(pid=113908) __init__ /opt/stack/neutron/neutron/api/extensions.py:157}}
May 16 19:17:11 ubuntu neutron-server[113908]: DEBUG neutron.api.extensions [None req-c5f09fc4-8749-4183-a39d-048371f0b880 None None] Extended resource: tags {{(pid=113908) __init__ /opt/stack/neutron/neutron/api/extensions.py:157}}
May 16 19:17:11 ubuntu neutron-server[113908]: DEBUG neutron.api.extensions [None req-c5f09fc4-8749-4183-a39d-048371f0b880 None None] Extended resource: tags {{(pid=113908) __init__ /opt/stack/neutron/neutron/api/extensions.py:157}}
May 16 19:17:11 ubuntu neutron-server[113908]: DEBUG neutron.api.extensions [None req-c5f09fc4-8749-4183-a39d-048371f0b880 None None] Extended resource: tags {{(pid=113908) __init__ /opt/stack/neutron/neutron/api/extensions.py:157}}
May 16 19:17:11 ubuntu neutron-server[113908]: DEBUG neutron.api.extensions [None req-c5f09fc4-8749-4183-a39d-048371f0b880 None None] Extended resource: tags {{(pid=113908) __init__ /opt/stack/neutron/neutron/api/extensions.py:157}}
May 16 19:17:11 ubuntu neutron-server[113908]: DEBUG neutron.api.extensions [None req-c5f09fc4-8749-4183-a39d-048371f0b880 None None] Extended resource: tags {{(pid=113908) __init__ /opt/stack/neutron/neutron/api/extensions.py:157}}
May 16 19:17:11 ubuntu neutron-server[113908]: WARNING keystonemiddleware.auth_token [None req-c5f09fc4-8749-4183-a39d-048371f0b880 None None] AuthToken middleware is set with keystone_authtoken.service_token_roles_required set to False. This is backwards compatible but deprecated behaviour. Please set this to True.
May 16 19:17:11 ubuntu neutron-server[113908]: WARNING keystonemiddleware.auth_token [None req-c5f09fc4-8749-4183-a39d-048371f0b880 None None] Configuring www_authenticate_uri to point to the public identity endpoint is required; clients may not be able to authenticate against an admin endpoint
May 16 19:17:11 ubuntu neutron-server[113908]: DEBUG oslo_concurrency.lockutils [None req-c5f09fc4-8749-4183-a39d-048371f0b880 None None] Acquired lock "singleton_lock" {{(pid=113908) lock /usr/local/lib/python3.8/dist-packages/oslo_concurrency/lockutils.py:294}}
May 16 19:17:11 ubuntu neutron-server[113908]: DEBUG oslo_concurrency.lockutils [None req-c5f09fc4-8749-4183-a39d-048371f0b880 None None] Releasing lock "singleton_lock" {{(pid=113908) lock /usr/local/lib/python3.8/dist-packages/oslo_concurrency/lockutils.py:312}}
May 16 19:17:11 ubuntu neutron-server[113908]: INFO oslo_service.service [None req-c5f09fc4-8749-4183-a39d-048371f0b880 None None] Starting 2 workers
May 16 19:17:11 ubuntu neutron-server[113908]: DEBUG oslo_service.service [None req-c5f09fc4-8749-4183-a39d-048371f0b880 None None] Started child 114120 {{(pid=113908) _start_child /usr/local/lib/python3.8/dist-packages/oslo_service/service.py:575}}
May 16 19:17:11 ubuntu neutron-server[113908]: DEBUG oslo_service.service [None req-c5f09fc4-8749-4183-a39d-048371f0b880 None None] Started child 114121 {{(pid=113908) _start_child /usr/local/lib/python3.8/dist-packages/oslo_service/service.py:575}}
May 16 19:17:11 ubuntu neutron-server[113908]: INFO neutron.service [None req-c5f09fc4-8749-4183-a39d-048371f0b880 None None] Neutron service started, listening on 0.0.0.0:9696
May 16 19:17:11 ubuntu neutron-server[113908]: DEBUG neutron_lib.callbacks.manager [None req-c5f09fc4-8749-4183-a39d-048371f0b880 None None] Publish callbacks ['neutron.plugins.ml2.drivers.ovn.mech_driver.mech_driver.OVNMechanismDriver.pre_fork_initialize-7870753'] for process (None), before_spawn {{(pid=113908) _notify_loop /usr/local/lib/python3.8/dist-packages/neutron_lib/callbacks/manager.py:176}}
May 16 19:17:11 ubuntu neutron-server[114120]: DEBUG neutron_lib.callbacks.manager [-] Publish callbacks ['neutron.plugins.ml2.drivers.ovn.mech_driver.mech_driver.OVNMechanismDriver.post_fork_initialize-290505'] for process (None), after_init {{(pid=114120) _notify_loop /usr/local/lib/python3.8/dist-packages/neutron_lib/callbacks/manager.py:176}}
May 16 19:17:11 ubuntu neutron-server[114121]: DEBUG neutron_lib.callbacks.manager [-] Publish callbacks ['neutron.plugins.ml2.drivers.ovn.mech_driver.mech_driver.OVNMechanismDriver.post_fork_initialize-290505'] for process (None), after_init {{(pid=114121) _notify_loop /usr/local/lib/python3.8/dist-packages/neutron_lib/callbacks/manager.py:176}}
May 16 19:17:11 ubuntu neutron-server[113908]: DEBUG ovsdbapp.backend.ovs_idl [None req-c5f09fc4-8749-4183-a39d-048371f0b880 None None] Created schema index Port_Group.name {{(pid=113908) autocreate_indices /usr/local/lib/python3.8/dist-packages/ovsdbapp/backend/ovs_idl/__init__.py:104}}
May 16 19:17:11 ubuntu neutron-server[113908]: DEBUG ovsdbapp.backend.ovs_idl [None req-c5f09fc4-8749-4183-a39d-048371f0b880 None None] Created schema index Logical_Switch_Port.name {{(pid=113908) autocreate_indices /usr/local/lib/python3.8/dist-packages/ovsdbapp/backend/ovs_idl/__init__.py:104}}
May 16 19:17:11 ubuntu neutron-server[114120]: INFO neutron.plugins.ml2.drivers.ovn.mech_driver.ovsdb.impl_idl_ovn [None req-266a8e0e-dbfb-4824-b205-a24b2ee63af3 None None] Getting OvsdbNbOvnIdl for WorkerService with retry
May 16 19:17:11 ubuntu neutron-server[114121]: INFO neutron.plugins.ml2.drivers.ovn.mech_driver.ovsdb.impl_idl_ovn [None req-acd33e36-2f93-4f51-951f-05aa268e83e3 None None] Getting OvsdbNbOvnIdl for WorkerService with retry
May 16 19:17:11 ubuntu neutron-server[114120]: DEBUG ovsdbapp.backend.ovs_idl [None req-266a8e0e-dbfb-4824-b205-a24b2ee63af3 None None] Created lookup_table index Logical_Switch.name {{(pid=114120) autocreate_indices /usr/local/lib/python3.8/dist-packages/ovsdbapp/backend/ovs_idl/__init__.py:85}}
May 16 19:17:11 ubuntu neutron-server[114120]: DEBUG ovsdbapp.backend.ovs_idl [None req-266a8e0e-dbfb-4824-b205-a24b2ee63af3 None None] Created lookup_table index Logical_Router.name {{(pid=114120) autocreate_indices /usr/local/lib/python3.8/dist-packages/ovsdbapp/backend/ovs_idl/__init__.py:85}}
May 16 19:17:11 ubuntu neutron-server[114120]: DEBUG ovsdbapp.backend.ovs_idl [None req-266a8e0e-dbfb-4824-b205-a24b2ee63af3 None None] Created lookup_table index Load_Balancer.name {{(pid=114120) autocreate_indices /usr/local/lib/python3.8/dist-packages/ovsdbapp/backend/ovs_idl/__init__.py:85}}
May 16 19:17:11 ubuntu neutron-server[113908]: DEBUG ovsdbapp.backend.ovs_idl.transaction [-] Running txn n=1 command(idx=0): PgAddCommand(name=neutron_pg_drop, may_exist=True, columns={'acls': []}) {{(pid=113908) do_commit /usr/local/lib/python3.8/dist-packages/ovsdbapp/backend/ovs_idl/transaction.py:90}}
May 16 19:17:11 ubuntu neutron-server[114120]: DEBUG ovsdbapp.backend.ovs_idl [None req-266a8e0e-dbfb-4824-b205-a24b2ee63af3 None None] Created schema index Meter.name {{(pid=114120) autocreate_indices /usr/local/lib/python3.8/dist-packages/ovsdbapp/backend/ovs_idl/__init__.py:104}}
May 16 19:17:11 ubuntu neutron-server[114120]: DEBUG ovsdbapp.backend.ovs_idl [None req-266a8e0e-dbfb-4824-b205-a24b2ee63af3 None None] Created schema index Address_Set.name {{(pid=114120) autocreate_indices /usr/local/lib/python3.8/dist-packages/ovsdbapp/backend/ovs_idl/__init__.py:104}}
May 16 19:17:11 ubuntu neutron-server[114120]: DEBUG ovsdbapp.backend.ovs_idl [None req-266a8e0e-dbfb-4824-b205-a24b2ee63af3 None None] Created schema index HA_Chassis_Group.name {{(pid=114120) autocreate_indices /usr/local/lib/python3.8/dist-packages/ovsdbapp/backend/ovs_idl/__init__.py:104}}
May 16 19:17:11 ubuntu neutron-server[113908]: DEBUG ovsdbapp.backend.ovs_idl.transaction [-] Running txn n=1 command(idx=1): PgAclAddCommand(entity=neutron_pg_drop, direction=from-lport, priority=1001, match=inport == @neutron_pg_drop && ip, action=drop, log=False, may_exist=True, severity=[], name=[], meter=None, external_ids={}) {{(pid=113908) do_commit /usr/local/lib/python3.8/dist-packages/ovsdbapp/backend/ovs_idl/transaction.py:90}}
May 16 19:17:11 ubuntu neutron-server[114120]: DEBUG ovsdbapp.backend.ovs_idl [None req-266a8e0e-dbfb-4824-b205-a24b2ee63af3 None None] Created schema index Connection.target {{(pid=114120) autocreate_indices /usr/local/lib/python3.8/dist-packages/ovsdbapp/backend/ovs_idl/__init__.py:104}}
May 16 19:17:11 ubuntu neutron-server[114120]: DEBUG ovsdbapp.backend.ovs_idl [None req-266a8e0e-dbfb-4824-b205-a24b2ee63af3 None None] Created schema index Gateway_Chassis.name {{(pid=114120) autocreate_indices /usr/local/lib/python3.8/dist-packages/ovsdbapp/backend/ovs_idl/__init__.py:104}}
May 16 19:17:11 ubuntu neutron-server[114120]: DEBUG ovsdbapp.backend.ovs_idl [None req-266a8e0e-dbfb-4824-b205-a24b2ee63af3 None None] Created schema index Logical_Router_Port.name {{(pid=114120) autocreate_indices /usr/local/lib/python3.8/dist-packages/ovsdbapp/backend/ovs_idl/__init__.py:104}}
May 16 19:17:11 ubuntu neutron-server[114120]: DEBUG ovsdbapp.backend.ovs_idl [None req-266a8e0e-dbfb-4824-b205-a24b2ee63af3 None None] Created schema index Port_Group.name {{(pid=114120) autocreate_indices /usr/local/lib/python3.8/dist-packages/ovsdbapp/backend/ovs_idl/__init__.py:104}}
May 16 19:17:11 ubuntu neutron-server[113908]: DEBUG ovsdbapp.backend.ovs_idl.transaction [-] Running txn n=1 command(idx=2): PgAclAddCommand(entity=neutron_pg_drop, direction=to-lport, priority=1001, match=outport == @neutron_pg_drop && ip, action=drop, log=False, may_exist=True, severity=[], name=[], meter=None, external_ids={}) {{(pid=113908) do_commit /usr/local/lib/python3.8/dist-packages/ovsdbapp/backend/ovs_idl/transaction.py:90}}
May 16 19:17:11 ubuntu neutron-server[114120]: DEBUG ovsdbapp.backend.ovs_idl [None req-266a8e0e-dbfb-4824-b205-a24b2ee63af3 None None] Created schema index Logical_Switch_Port.name {{(pid=114120) autocreate_indices /usr/local/lib/python3.8/dist-packages/ovsdbapp/backend/ovs_idl/__init__.py:104}}
May 16 19:17:11 ubuntu neutron-server[114120]: INFO ovsdbapp.backend.ovs_idl.vlog [None req-266a8e0e-dbfb-4824-b205-a24b2ee63af3 None None] tcp:192.168.79.38:6641: connecting...
May 16 19:17:11 ubuntu neutron-server[114120]: INFO ovsdbapp.backend.ovs_idl.vlog [None req-266a8e0e-dbfb-4824-b205-a24b2ee63af3 None None] tcp:192.168.79.38:6641: connected
May 16 19:17:11 ubuntu neutron-server[113908]: DEBUG ovsdbapp.backend.ovs_idl.event [-] Matched CREATE: NeutronPgDropPortGroupCreated(events=('create',), table='Port_Group', conditions=(('name', '=', 'neutron_pg_drop'),), old_conditions=None), priority=10 to row=Port_Group(name=neutron_pg_drop, ports=[], external_ids={}, acls=[<ovs.db.idl.Row object at 0x7fc35b9972b0>, <ovs.db.idl.Row object at 0x7fc35b997670>]) old= {{(pid=113908) matches /usr/local/lib/python3.8/dist-packages/ovsdbapp/backend/ovs_idl/event.py:43}}
May 16 19:17:11 ubuntu neutron-server[114121]: DEBUG ovsdbapp.backend.ovs_idl [None req-acd33e36-2f93-4f51-951f-05aa268e83e3 None None] Created lookup_table index Logical_Switch.name {{(pid=114121) autocreate_indices /usr/local/lib/python3.8/dist-packages/ovsdbapp/backend/ovs_idl/__init__.py:85}}
May 16 19:17:11 ubuntu neutron-server[114121]: DEBUG ovsdbapp.backend.ovs_idl [None req-acd33e36-2f93-4f51-951f-05aa268e83e3 None None] Created lookup_table index Logical_Router.name {{(pid=114121) autocreate_indices /usr/local/lib/python3.8/dist-packages/ovsdbapp/backend/ovs_idl/__init__.py:85}}
May 16 19:17:11 ubuntu neutron-server[114121]: DEBUG ovsdbapp.backend.ovs_idl [None req-acd33e36-2f93-4f51-951f-05aa268e83e3 None None] Created lookup_table index Load_Balancer.name {{(pid=114121) autocreate_indices /usr/local/lib/python3.8/dist-packages/ovsdbapp/backend/ovs_idl/__init__.py:85}}
May 16 19:17:11 ubuntu neutron-server[114121]: DEBUG ovsdbapp.backend.ovs_idl [None req-acd33e36-2f93-4f51-951f-05aa268e83e3 None None] Created schema index Meter.name {{(pid=114121) autocreate_indices /usr/local/lib/python3.8/dist-packages/ovsdbapp/backend/ovs_idl/__init__.py:104}}
May 16 19:17:11 ubuntu neutron-server[114121]: DEBUG ovsdbapp.backend.ovs_idl [None req-acd33e36-2f93-4f51-951f-05aa268e83e3 None None] Created schema index Address_Set.name {{(pid=114121) autocreate_indices /usr/local/lib/python3.8/dist-packages/ovsdbapp/backend/ovs_idl/__init__.py:104}}
May 16 19:17:11 ubuntu neutron-server[114121]: DEBUG ovsdbapp.backend.ovs_idl [None req-acd33e36-2f93-4f51-951f-05aa268e83e3 None None] Created schema index HA_Chassis_Group.name {{(pid=114121) autocreate_indices /usr/local/lib/python3.8/dist-packages/ovsdbapp/backend/ovs_idl/__init__.py:104}}
May 16 19:17:11 ubuntu neutron-server[114121]: DEBUG ovsdbapp.backend.ovs_idl [None req-acd33e36-2f93-4f51-951f-05aa268e83e3 None None] Created schema index Connection.target {{(pid=114121) autocreate_indices /usr/local/lib/python3.8/dist-packages/ovsdbapp/backend/ovs_idl/__init__.py:104}}
May 16 19:17:11 ubuntu neutron-server[114121]: DEBUG ovsdbapp.backend.ovs_idl [None req-acd33e36-2f93-4f51-951f-05aa268e83e3 None None] Created schema index Gateway_Chassis.name {{(pid=114121) autocreate_indices /usr/local/lib/python3.8/dist-packages/ovsdbapp/backend/ovs_idl/__init__.py:104}}
May 16 19:17:11 ubuntu neutron-server[114121]: DEBUG ovsdbapp.backend.ovs_idl [None req-acd33e36-2f93-4f51-951f-05aa268e83e3 None None] Created schema index Logical_Router_Port.name {{(pid=114121) autocreate_indices /usr/local/lib/python3.8/dist-packages/ovsdbapp/backend/ovs_idl/__init__.py:104}}
May 16 19:17:11 ubuntu neutron-server[114121]: DEBUG ovsdbapp.backend.ovs_idl [None req-acd33e36-2f93-4f51-951f-05aa268e83e3 None None] Created schema index Port_Group.name {{(pid=114121) autocreate_indices /usr/local/lib/python3.8/dist-packages/ovsdbapp/backend/ovs_idl/__init__.py:104}}
May 16 19:17:11 ubuntu neutron-server[114121]: DEBUG ovsdbapp.backend.ovs_idl [None req-acd33e36-2f93-4f51-951f-05aa268e83e3 None None] Created schema index Logical_Switch_Port.name {{(pid=114121) autocreate_indices /usr/local/lib/python3.8/dist-packages/ovsdbapp/backend/ovs_idl/__init__.py:104}}
May 16 19:17:11 ubuntu neutron-server[114121]: INFO ovsdbapp.backend.ovs_idl.vlog [None req-acd33e36-2f93-4f51-951f-05aa268e83e3 None None] tcp:192.168.79.38:6641: connecting...
May 16 19:17:11 ubuntu neutron-server[114121]: INFO ovsdbapp.backend.ovs_idl.vlog [None req-acd33e36-2f93-4f51-951f-05aa268e83e3 None None] tcp:192.168.79.38:6641: connected
May 16 19:17:12 ubuntu neutron-server[113908]: DEBUG ovsdbapp.backend.ovs_idl [None req-c5f09fc4-8749-4183-a39d-048371f0b880 None None] Created lookup_table index Logical_Switch.name {{(pid=113908) autocreate_indices /usr/local/lib/python3.8/dist-packages/ovsdbapp/backend/ovs_idl/__init__.py:85}}
May 16 19:17:12 ubuntu neutron-server[113908]: DEBUG ovsdbapp.backend.ovs_idl [None req-c5f09fc4-8749-4183-a39d-048371f0b880 None None] Created lookup_table index Logical_Router.name {{(pid=113908) autocreate_indices /usr/local/lib/python3.8/dist-packages/ovsdbapp/backend/ovs_idl/__init__.py:85}}
May 16 19:17:12 ubuntu neutron-server[113908]: DEBUG ovsdbapp.backend.ovs_idl [None req-c5f09fc4-8749-4183-a39d-048371f0b880 None None] Created lookup_table index Load_Balancer.name {{(pid=113908) autocreate_indices /usr/local/lib/python3.8/dist-packages/ovsdbapp/backend/ovs_idl/__init__.py:85}}
May 16 19:17:12 ubuntu neutron-server[114120]: DEBUG neutron.common.ovn.hash_ring_manager [None req-266a8e0e-dbfb-4824-b205-a24b2ee63af3 None None] Allow caching, nodes 2>=2 {{(pid=114120) _wait_startup_before_caching /opt/stack/neutron/neutron/common/ovn/hash_ring_manager.py:60}}
May 16 19:17:12 ubuntu neutron-server[113908]: DEBUG ovsdbapp.backend.ovs_idl [None req-c5f09fc4-8749-4183-a39d-048371f0b880 None None] Created schema index Meter.name {{(pid=113908) autocreate_indices /usr/local/lib/python3.8/dist-packages/ovsdbapp/backend/ovs_idl/__init__.py:104}}
May 16 19:17:12 ubuntu neutron-server[113908]: DEBUG ovsdbapp.backend.ovs_idl [None req-c5f09fc4-8749-4183-a39d-048371f0b880 None None] Created schema index Address_Set.name {{(pid=113908) autocreate_indices /usr/local/lib/python3.8/dist-packages/ovsdbapp/backend/ovs_idl/__init__.py:104}}
May 16 19:17:12 ubuntu neutron-server[113908]: DEBUG ovsdbapp.backend.ovs_idl [None req-c5f09fc4-8749-4183-a39d-048371f0b880 None None] Created schema index HA_Chassis_Group.name {{(pid=113908) autocreate_indices /usr/local/lib/python3.8/dist-packages/ovsdbapp/backend/ovs_idl/__init__.py:104}}
May 16 19:17:12 ubuntu neutron-server[113908]: DEBUG ovsdbapp.backend.ovs_idl [None req-c5f09fc4-8749-4183-a39d-048371f0b880 None None] Created schema index Connection.target {{(pid=113908) autocreate_indices /usr/local/lib/python3.8/dist-packages/ovsdbapp/backend/ovs_idl/__init__.py:104}}
May 16 19:17:12 ubuntu neutron-server[113908]: DEBUG ovsdbapp.backend.ovs_idl [None req-c5f09fc4-8749-4183-a39d-048371f0b880 None None] Created schema index Gateway_Chassis.name {{(pid=113908) autocreate_indices /usr/local/lib/python3.8/dist-packages/ovsdbapp/backend/ovs_idl/__init__.py:104}}
May 16 19:17:12 ubuntu neutron-server[113908]: DEBUG ovsdbapp.backend.ovs_idl [None req-c5f09fc4-8749-4183-a39d-048371f0b880 None None] Created schema index Logical_Router_Port.name {{(pid=113908) autocreate_indices /usr/local/lib/python3.8/dist-packages/ovsdbapp/backend/ovs_idl/__init__.py:104}}
May 16 19:17:12 ubuntu neutron-server[113908]: DEBUG ovsdbapp.backend.ovs_idl [None req-c5f09fc4-8749-4183-a39d-048371f0b880 None None] Created schema index Port_Group.name {{(pid=113908) autocreate_indices /usr/local/lib/python3.8/dist-packages/ovsdbapp/backend/ovs_idl/__init__.py:104}}
May 16 19:17:12 ubuntu neutron-server[113908]: DEBUG ovsdbapp.backend.ovs_idl [None req-c5f09fc4-8749-4183-a39d-048371f0b880 None None] Created schema index Logical_Switch_Port.name {{(pid=113908) autocreate_indices /usr/local/lib/python3.8/dist-packages/ovsdbapp/backend/ovs_idl/__init__.py:104}}
May 16 19:17:12 ubuntu neutron-server[114121]: DEBUG neutron.common.ovn.hash_ring_manager [None req-acd33e36-2f93-4f51-951f-05aa268e83e3 None None] Allow caching, nodes 2>=2 {{(pid=114121) _wait_startup_before_caching /opt/stack/neutron/neutron/common/ovn/hash_ring_manager.py:60}}
May 16 19:17:12 ubuntu neutron-server[114120]: DEBUG neutron.plugins.ml2.drivers.ovn.mech_driver.ovsdb.ovsdb_monitor [None req-266a8e0e-dbfb-4824-b205-a24b2ee63af3 None None] Hash Ring: Node dd38142d-0923-4776-9080-7f78f01178c3 (host: ubuntu) handling event "create" for row fe276317-bb71-4744-b5d8-fb1b59f7891a (table: Database) {{(pid=114120) notify /opt/stack/neutron/neutron/plugins/ml2/drivers/ovn/mech_driver/ovsdb/ovsdb_monitor.py:815}}
May 16 19:17:12 ubuntu neutron-server[114120]: DEBUG neutron.plugins.ml2.drivers.ovn.mech_driver.ovsdb.ovsdb_monitor [None req-266a8e0e-dbfb-4824-b205-a24b2ee63af3 None None] Hash Ring: Node dd38142d-0923-4776-9080-7f78f01178c3 (host: ubuntu) handling event "create" for row 73260437-21c2-44e0-a278-f5c9c1fee718 (table: Database) {{(pid=114120) notify /opt/stack/neutron/neutron/plugins/ml2/drivers/ovn/mech_driver/ovsdb/ovsdb_monitor.py:815}}
May 16 19:17:12 ubuntu neutron-server[114120]: DEBUG neutron.plugins.ml2.drivers.ovn.mech_driver.ovsdb.ovsdb_monitor [None req-266a8e0e-dbfb-4824-b205-a24b2ee63af3 None None] Hash Ring: Node dd38142d-0923-4776-9080-7f78f01178c3 (host: ubuntu) handling event "create" for row 4b7fed71-01da-48d7-9442-bb80abc82b38 (table: NB_Global) {{(pid=114120) notify /opt/stack/neutron/neutron/plugins/ml2/drivers/ovn/mech_driver/ovsdb/ovsdb_monitor.py:815}}
May 16 19:17:12 ubuntu neutron-server[114120]: DEBUG neutron.plugins.ml2.drivers.ovn.mech_driver.ovsdb.ovsdb_monitor [None req-266a8e0e-dbfb-4824-b205-a24b2ee63af3 None None] Hash Ring: Node dd38142d-0923-4776-9080-7f78f01178c3 (host: ubuntu) handling event "create" for row c46bbbe2-763b-4cbf-b6ce-10cf865b9790 (table: ACL) {{(pid=114120) notify /opt/stack/neutron/neutron/plugins/ml2/drivers/ovn/mech_driver/ovsdb/ovsdb_monitor.py:815}}
May 16 19:17:12 ubuntu neutron-server[114120]: DEBUG neutron.plugins.ml2.drivers.ovn.mech_driver.ovsdb.ovsdb_monitor [None req-266a8e0e-dbfb-4824-b205-a24b2ee63af3 None None] Hash Ring: Node dd38142d-0923-4776-9080-7f78f01178c3 (host: ubuntu) handling event "create" for row dd7acf8c-3b13-4ebc-ae7c-c085d9fe6423 (table: Connection) {{(pid=114120) notify /opt/stack/neutron/neutron/plugins/ml2/drivers/ovn/mech_driver/ovsdb/ovsdb_monitor.py:815}}
May 16 19:17:12 ubuntu neutron-server[114120]: INFO neutron.plugins.ml2.drivers.ovn.mech_driver.ovsdb.impl_idl_ovn [None req-266a8e0e-dbfb-4824-b205-a24b2ee63af3 None None] Getting OvsdbSbOvnIdl for WorkerService with retry
May 16 19:17:12 ubuntu neutron-server[114121]: DEBUG neutron.plugins.ml2.drivers.ovn.mech_driver.ovsdb.ovsdb_monitor [None req-acd33e36-2f93-4f51-951f-05aa268e83e3 None None] Hash Ring: Node 8f6b7139-8c70-4e79-9d63-a0d7950be284 (host: ubuntu) handling event "create" for row af542587-c96f-4dff-b149-3e4714a4efc0 (table: Port_Group) {{(pid=114121) notify /opt/stack/neutron/neutron/plugins/ml2/drivers/ovn/mech_driver/ovsdb/ovsdb_monitor.py:815}}
May 16 19:17:12 ubuntu neutron-server[114121]: DEBUG neutron.plugins.ml2.drivers.ovn.mech_driver.ovsdb.ovsdb_monitor [None req-acd33e36-2f93-4f51-951f-05aa268e83e3 None None] Hash Ring: Node 8f6b7139-8c70-4e79-9d63-a0d7950be284 (host: ubuntu) handling event "create" for row 4222f0b6-c28f-4b72-9407-9f46a6c005d5 (table: ACL) {{(pid=114121) notify /opt/stack/neutron/neutron/plugins/ml2/drivers/ovn/mech_driver/ovsdb/ovsdb_monitor.py:815}}
May 16 19:17:12 ubuntu neutron-server[114121]: INFO neutron.plugins.ml2.drivers.ovn.mech_driver.ovsdb.impl_idl_ovn [None req-acd33e36-2f93-4f51-951f-05aa268e83e3 None None] Getting OvsdbSbOvnIdl for WorkerService with retry
May 16 19:17:12 ubuntu neutron-server[114120]: DEBUG ovsdbapp.backend.ovs_idl [None req-266a8e0e-dbfb-4824-b205-a24b2ee63af3 None None] Created lookup_table index Chassis.name {{(pid=114120) autocreate_indices /usr/local/lib/python3.8/dist-packages/ovsdbapp/backend/ovs_idl/__init__.py:85}}
May 16 19:17:12 ubuntu neutron-server[114120]: DEBUG ovsdbapp.backend.ovs_idl [None req-266a8e0e-dbfb-4824-b205-a24b2ee63af3 None None] Created schema index Datapath_Binding.tunnel_key {{(pid=114120) autocreate_indices /usr/local/lib/python3.8/dist-packages/ovsdbapp/backend/ovs_idl/__init__.py:104}}
May 16 19:17:12 ubuntu neutron-server[114120]: DEBUG ovsdbapp.backend.ovs_idl [None req-266a8e0e-dbfb-4824-b205-a24b2ee63af3 None None] Created schema index Connection.target {{(pid=114120) autocreate_indices /usr/local/lib/python3.8/dist-packages/ovsdbapp/backend/ovs_idl/__init__.py:104}}
May 16 19:17:12 ubuntu neutron-server[114120]: INFO ovsdbapp.backend.ovs_idl.vlog [None req-266a8e0e-dbfb-4824-b205-a24b2ee63af3 None None] tcp:192.168.79.38:6642: connecting...
May 16 19:17:12 ubuntu neutron-server[114120]: INFO ovsdbapp.backend.ovs_idl.vlog [None req-266a8e0e-dbfb-4824-b205-a24b2ee63af3 None None] tcp:192.168.79.38:6642: connected
May 16 19:17:12 ubuntu neutron-server[114121]: DEBUG ovsdbapp.backend.ovs_idl [None req-acd33e36-2f93-4f51-951f-05aa268e83e3 None None] Created lookup_table index Chassis.name {{(pid=114121) autocreate_indices /usr/local/lib/python3.8/dist-packages/ovsdbapp/backend/ovs_idl/__init__.py:85}}
May 16 19:17:12 ubuntu neutron-server[114121]: DEBUG ovsdbapp.backend.ovs_idl [None req-acd33e36-2f93-4f51-951f-05aa268e83e3 None None] Created schema index Datapath_Binding.tunnel_key {{(pid=114121) autocreate_indices /usr/local/lib/python3.8/dist-packages/ovsdbapp/backend/ovs_idl/__init__.py:104}}
May 16 19:17:12 ubuntu neutron-server[114121]: DEBUG ovsdbapp.backend.ovs_idl [None req-acd33e36-2f93-4f51-951f-05aa268e83e3 None None] Created schema index Connection.target {{(pid=114121) autocreate_indices /usr/local/lib/python3.8/dist-packages/ovsdbapp/backend/ovs_idl/__init__.py:104}}
May 16 19:17:12 ubuntu neutron-server[114121]: INFO ovsdbapp.backend.ovs_idl.vlog [None req-acd33e36-2f93-4f51-951f-05aa268e83e3 None None] tcp:192.168.79.38:6642: connecting...
May 16 19:17:12 ubuntu neutron-server[114121]: INFO ovsdbapp.backend.ovs_idl.vlog [None req-acd33e36-2f93-4f51-951f-05aa268e83e3 None None] tcp:192.168.79.38:6642: connected
May 16 19:17:12 ubuntu neutron-server[113908]: DEBUG ovsdbapp.backend.ovs_idl [None req-c5f09fc4-8749-4183-a39d-048371f0b880 None None] Created lookup_table index Chassis.name {{(pid=113908) autocreate_indices /usr/local/lib/python3.8/dist-packages/ovsdbapp/backend/ovs_idl/__init__.py:85}}
May 16 19:17:12 ubuntu neutron-server[113908]: DEBUG ovsdbapp.backend.ovs_idl [None req-c5f09fc4-8749-4183-a39d-048371f0b880 None None] Created lookup_table index MAC_Binding.ip {{(pid=113908) autocreate_indices /usr/local/lib/python3.8/dist-packages/ovsdbapp/backend/ovs_idl/__init__.py:85}}
May 16 19:17:12 ubuntu neutron-server[113908]: DEBUG ovsdbapp.backend.ovs_idl [None req-c5f09fc4-8749-4183-a39d-048371f0b880 None None] Created schema index Meter.name {{(pid=113908) autocreate_indices /usr/local/lib/python3.8/dist-packages/ovsdbapp/backend/ovs_idl/__init__.py:104}}
May 16 19:17:12 ubuntu neutron-server[113908]: DEBUG ovsdbapp.backend.ovs_idl [None req-c5f09fc4-8749-4183-a39d-048371f0b880 None None] Created schema index Address_Set.name {{(pid=113908) autocreate_indices /usr/local/lib/python3.8/dist-packages/ovsdbapp/backend/ovs_idl/__init__.py:104}}
May 16 19:17:12 ubuntu neutron-server[113908]: DEBUG ovsdbapp.backend.ovs_idl [None req-c5f09fc4-8749-4183-a39d-048371f0b880 None None] Created schema index HA_Chassis_Group.name {{(pid=113908) autocreate_indices /usr/local/lib/python3.8/dist-packages/ovsdbapp/backend/ovs_idl/__init__.py:104}}
May 16 19:17:12 ubuntu neutron-server[113908]: DEBUG ovsdbapp.backend.ovs_idl [None req-c5f09fc4-8749-4183-a39d-048371f0b880 None None] Created schema index IP_Multicast.datapath {{(pid=113908) autocreate_indices /usr/local/lib/python3.8/dist-packages/ovsdbapp/backend/ovs_idl/__init__.py:104}}
May 16 19:17:12 ubuntu neutron-server[113908]: DEBUG ovsdbapp.backend.ovs_idl [None req-c5f09fc4-8749-4183-a39d-048371f0b880 None None] Created schema index Connection.target {{(pid=113908) autocreate_indices /usr/local/lib/python3.8/dist-packages/ovsdbapp/backend/ovs_idl/__init__.py:104}}
May 16 19:17:12 ubuntu neutron-server[113908]: DEBUG ovsdbapp.backend.ovs_idl [None req-c5f09fc4-8749-4183-a39d-048371f0b880 None None] Created schema index Gateway_Chassis.name {{(pid=113908) autocreate_indices /usr/local/lib/python3.8/dist-packages/ovsdbapp/backend/ovs_idl/__init__.py:104}}
May 16 19:17:12 ubuntu neutron-server[113908]: DEBUG ovsdbapp.backend.ovs_idl [None req-c5f09fc4-8749-4183-a39d-048371f0b880 None None] Created schema index Port_Group.name {{(pid=113908) autocreate_indices /usr/local/lib/python3.8/dist-packages/ovsdbapp/backend/ovs_idl/__init__.py:104}}
May 16 19:17:12 ubuntu neutron-server[113908]: DEBUG ovsdbapp.backend.ovs_idl [None req-c5f09fc4-8749-4183-a39d-048371f0b880 None None] Created schema index Datapath_Binding.tunnel_key {{(pid=113908) autocreate_indices /usr/local/lib/python3.8/dist-packages/ovsdbapp/backend/ovs_idl/__init__.py:104}}
May 16 19:17:12 ubuntu neutron-server[114120]: DEBUG neutron.plugins.ml2.drivers.ovn.mech_driver.ovsdb.ovsdb_monitor [-] Hash Ring: Node dd38142d-0923-4776-9080-7f78f01178c3 (host: ubuntu) handling event "update" for row dd7acf8c-3b13-4ebc-ae7c-c085d9fe6423 (table: Connection) {{(pid=114120) notify /opt/stack/neutron/neutron/plugins/ml2/drivers/ovn/mech_driver/ovsdb/ovsdb_monitor.py:815}}
May 16 19:17:12 ubuntu neutron-server[114120]: DEBUG neutron.common.ovn.hash_ring_manager [None req-266a8e0e-dbfb-4824-b205-a24b2ee63af3 None None] Allow caching, nodes 2>=2 {{(pid=114120) _wait_startup_before_caching /opt/stack/neutron/neutron/common/ovn/hash_ring_manager.py:60}}
May 16 19:17:12 ubuntu neutron-server[114121]: DEBUG neutron.common.ovn.hash_ring_manager [None req-acd33e36-2f93-4f51-951f-05aa268e83e3 None None] Allow caching, nodes 2>=2 {{(pid=114121) _wait_startup_before_caching /opt/stack/neutron/neutron/common/ovn/hash_ring_manager.py:60}}
May 16 19:17:12 ubuntu neutron-server[114120]: DEBUG neutron.plugins.ml2.drivers.ovn.mech_driver.ovsdb.ovsdb_monitor [None req-266a8e0e-dbfb-4824-b205-a24b2ee63af3 None None] ChassisMetadataAgentWriteEvent : Matched Chassis, create, None None {{(pid=114120) matches /opt/stack/neutron/neutron/plugins/ml2/drivers/ovn/mech_driver/ovsdb/ovsdb_monitor.py:62}}
May 16 19:17:12 ubuntu neutron-server[114120]: DEBUG neutron.plugins.ml2.drivers.ovn.mech_driver.ovsdb.ovsdb_monitor [None req-266a8e0e-dbfb-4824-b205-a24b2ee63af3 None None] ChassisAgentWriteEvent : Matched Chassis, create, None None {{(pid=114120) matches /opt/stack/neutron/neutron/plugins/ml2/drivers/ovn/mech_driver/ovsdb/ovsdb_monitor.py:62}}
May 16 19:17:12 ubuntu neutron-server[114121]: DEBUG neutron.plugins.ml2.drivers.ovn.mech_driver.ovsdb.ovsdb_monitor [None req-acd33e36-2f93-4f51-951f-05aa268e83e3 None None] Hash Ring: Node 8f6b7139-8c70-4e79-9d63-a0d7950be284 (host: ubuntu) handling event "create" for row 76fef04a-34bc-4de8-ad6f-032a7740731f (table: Database) {{(pid=114121) notify /opt/stack/neutron/neutron/plugins/ml2/drivers/ovn/mech_driver/ovsdb/ovsdb_monitor.py:815}}
May 16 19:17:12 ubuntu neutron-server[114120]: INFO neutron.wsgi [-] (114120) wsgi starting up on http://0.0.0.0:9696
May 16 19:17:12 ubuntu neutron-server[114120]: DEBUG neutron.wsgi [-] (114120) accepted ('192.168.79.38', 34230) {{(pid=114120) server /usr/local/lib/python3.8/dist-packages/eventlet/wsgi.py:1004}}
May 16 19:17:12 ubuntu neutron-server[114120]: INFO neutron.wsgi [-] 192.168.79.38 "GET / HTTP/1.1" status: 200  len: 255 time: 0.0085528
May 16 19:17:12 ubuntu neutron-server[114121]: DEBUG neutron.plugins.ml2.drivers.ovn.mech_driver.ovsdb.ovsdb_monitor [None req-acd33e36-2f93-4f51-951f-05aa268e83e3 None None] Hash Ring: Node 8f6b7139-8c70-4e79-9d63-a0d7950be284 (host: ubuntu) handling event "create" for row 2e7005e7-b32e-4162-92f1-213bbc538e60 (table: Database) {{(pid=114121) notify /opt/stack/neutron/neutron/plugins/ml2/drivers/ovn/mech_driver/ovsdb/ovsdb_monitor.py:815}}
May 16 19:17:12 ubuntu neutron-server[114121]: DEBUG neutron.plugins.ml2.drivers.ovn.mech_driver.ovsdb.ovsdb_monitor [None req-acd33e36-2f93-4f51-951f-05aa268e83e3 None None] Hash Ring: Node 8f6b7139-8c70-4e79-9d63-a0d7950be284 (host: ubuntu) handling event "create" for row 819799f1-ab43-45c5-a699-911334f2c715 (table: Encap) {{(pid=114121) notify /opt/stack/neutron/neutron/plugins/ml2/drivers/ovn/mech_driver/ovsdb/ovsdb_monitor.py:815}}
May 16 19:17:12 ubuntu neutron-server[114121]: DEBUG neutron.plugins.ml2.drivers.ovn.mech_driver.ovsdb.ovsdb_monitor [None req-acd33e36-2f93-4f51-951f-05aa268e83e3 None None] ChassisMetadataAgentWriteEvent : Matched Chassis, create, None None {{(pid=114121) matches /opt/stack/neutron/neutron/plugins/ml2/drivers/ovn/mech_driver/ovsdb/ovsdb_monitor.py:62}}
May 16 19:17:12 ubuntu neutron-server[114121]: DEBUG neutron.plugins.ml2.drivers.ovn.mech_driver.ovsdb.ovsdb_monitor [None req-acd33e36-2f93-4f51-951f-05aa268e83e3 None None] ChassisAgentWriteEvent : Matched Chassis, create, None None {{(pid=114121) matches /opt/stack/neutron/neutron/plugins/ml2/drivers/ovn/mech_driver/ovsdb/ovsdb_monitor.py:62}}
May 16 19:17:12 ubuntu neutron-server[114121]: DEBUG neutron.plugins.ml2.drivers.ovn.mech_driver.ovsdb.ovsdb_monitor [None req-acd33e36-2f93-4f51-951f-05aa268e83e3 None None] Hash Ring: Node 8f6b7139-8c70-4e79-9d63-a0d7950be284 (host: ubuntu) handling event "create" for row 24d94c9f-a991-4d21-a1f7-eb5abd2797ad (table: Chassis) {{(pid=114121) notify /opt/stack/neutron/neutron/plugins/ml2/drivers/ovn/mech_driver/ovsdb/ovsdb_monitor.py:815}}
May 16 19:17:12 ubuntu neutron-server[114121]: DEBUG neutron.plugins.ml2.drivers.ovn.mech_driver.ovsdb.ovsdb_monitor [None req-acd33e36-2f93-4f51-951f-05aa268e83e3 None None] Hash Ring: Node 8f6b7139-8c70-4e79-9d63-a0d7950be284 (host: ubuntu) handling event "create" for row 12a952f5-4ab0-4f86-a0c2-9cd1a982ef11 (table: Connection) {{(pid=114121) notify /opt/stack/neutron/neutron/plugins/ml2/drivers/ovn/mech_driver/ovsdb/ovsdb_monitor.py:815}}
May 16 19:17:12 ubuntu neutron-server[114121]: INFO neutron.wsgi [-] (114121) wsgi starting up on http://0.0.0.0:9696
May 16 19:17:12 ubuntu neutron-server[113908]: INFO oslo_service.service [None req-c5f09fc4-8749-4183-a39d-048371f0b880 None None] Starting 1 workers
May 16 19:17:12 ubuntu neutron-server[113908]: DEBUG oslo_service.service [None req-c5f09fc4-8749-4183-a39d-048371f0b880 None None] Started child 114135 {{(pid=113908) _start_child /usr/local/lib/python3.8/dist-packages/oslo_service/service.py:575}}
May 16 19:17:12 ubuntu neutron-server[113908]: INFO oslo_service.service [None req-c5f09fc4-8749-4183-a39d-048371f0b880 None None] Starting 1 workers
May 16 19:17:12 ubuntu neutron-server[114135]: DEBUG neutron.service [None req-c5f09fc4-8749-4183-a39d-048371f0b880 None None] calling RpcWorker wait() {{(pid=114135) _wait /opt/stack/neutron/neutron/service.py:128}}
May 16 19:17:12 ubuntu neutron-server[114135]: DEBUG neutron.service [None req-c5f09fc4-8749-4183-a39d-048371f0b880 None None] returning from RpcWorker wait() {{(pid=114135) _wait /opt/stack/neutron/neutron/service.py:135}}
May 16 19:17:12 ubuntu neutron-server[114135]: DEBUG neutron_lib.callbacks.manager [-] Publish callbacks ['neutron.plugins.ml2.drivers.ovn.mech_driver.mech_driver.OVNMechanismDriver.post_fork_initialize-290505'] for process (None), after_init {{(pid=114135) _notify_loop /usr/local/lib/python3.8/dist-packages/neutron_lib/callbacks/manager.py:176}}
May 16 19:17:12 ubuntu neutron-server[113908]: DEBUG oslo_service.service [None req-c5f09fc4-8749-4183-a39d-048371f0b880 None None] Started child 114137 {{(pid=113908) _start_child /usr/local/lib/python3.8/dist-packages/oslo_service/service.py:575}}
May 16 19:17:12 ubuntu neutron-server[113908]: INFO oslo_service.service [None req-c5f09fc4-8749-4183-a39d-048371f0b880 None None] Starting 1 workers
May 16 19:17:12 ubuntu neutron-server[114135]: INFO neutron.plugins.ml2.drivers.ovn.mech_driver.ovsdb.impl_idl_ovn [-] Getting OvsdbNbOvnIdl for RpcWorker with retry
May 16 19:17:12 ubuntu neutron-server[113908]: DEBUG oslo_service.service [None req-c5f09fc4-8749-4183-a39d-048371f0b880 None None] Started child 114144 {{(pid=113908) _start_child /usr/local/lib/python3.8/dist-packages/oslo_service/service.py:575}}
May 16 19:17:12 ubuntu neutron-server[114137]: DEBUG neutron_lib.callbacks.manager [-] Publish callbacks ['neutron.plugins.ml2.drivers.ovn.mech_driver.mech_driver.OVNMechanismDriver.post_fork_initialize-290505'] for process (None), after_init {{(pid=114137) _notify_loop /usr/local/lib/python3.8/dist-packages/neutron_lib/callbacks/manager.py:176}}
May 16 19:17:12 ubuntu neutron-server[113908]: DEBUG neutron_lib.callbacks.manager [None req-c5f09fc4-8749-4183-a39d-048371f0b880 None None] Publish callbacks [] for process (None), after_spawn {{(pid=113908) _notify_loop /usr/local/lib/python3.8/dist-packages/neutron_lib/callbacks/manager.py:176}}
May 16 19:17:12 ubuntu neutron-server[114137]: INFO neutron.plugins.ml2.drivers.ovn.mech_driver.ovsdb.impl_idl_ovn [-] Getting OvsdbNbOvnIdl for MaintenanceWorker with retry
May 16 19:17:12 ubuntu neutron-server[113908]: DEBUG oslo_service.service [-] Full set of CONF: {{(pid=113908) wait /usr/local/lib/python3.8/dist-packages/oslo_service/service.py:649}}
