Sep 28 10:45:18 ubuntu neutron-server[120237]: DEBUG neutron.api.extensions [None req-bee24c9e-a6bd-4570-966b-5c25db135948 None None] Loading extension file: tagging.py {{(pid=120237) _load_all_extensions_from_path /opt/stack/neutron/neutron/api/extensions.py:450}}
Sep 28 10:45:18 ubuntu neutron-server[120237]: DEBUG neutron.api.extensions [None req-bee24c9e-a6bd-4570-966b-5c25db135948 None None] Ext name="Tag support for resources with standard attribute: port, subnet, subnetpool, network, security_group, router, floatingip, policy, trunk, network_segment_range" alias="standard-attr-tag" description="Enables to set tag on resources with standard attribute." updated="2017-01-01T00:00:00-00:00" {{(pid=120237) _check_extension /opt/stack/neutron/neutron/api/extensions.py:416}}
Sep 28 10:45:18 ubuntu neutron-server[120237]: INFO neutron.api.extensions [None req-bee24c9e-a6bd-4570-966b-5c25db135948 None None] Loaded extension: standard-attr-tag
Sep 28 10:45:18 ubuntu neutron-server[120237]: DEBUG neutron.api.extensions [None req-bee24c9e-a6bd-4570-966b-5c25db135948 None None] Loading extension file: timestamp.py {{(pid=120237) _load_all_extensions_from_path /opt/stack/neutron/neutron/api/extensions.py:450}}
Sep 28 10:45:18 ubuntu neutron-server[120237]: DEBUG neutron.api.extensions [None req-bee24c9e-a6bd-4570-966b-5c25db135948 None None] Ext name="Resource timestamps" alias="standard-attr-timestamp" description="Adds created_at and updated_at fields to all Neutron resources that have Neutron standard attributes." updated="2016-09-12T10:00:00-00:00" {{(pid=120237) _check_extension /opt/stack/neutron/neutron/api/extensions.py:416}}
Sep 28 10:45:18 ubuntu neutron-server[120237]: INFO neutron.api.extensions [None req-bee24c9e-a6bd-4570-966b-5c25db135948 None None] Loaded extension: standard-attr-timestamp
Sep 28 10:45:18 ubuntu neutron-server[120237]: DEBUG neutron.api.extensions [None req-bee24c9e-a6bd-4570-966b-5c25db135948 None None] Loading extension file: trunk.py {{(pid=120237) _load_all_extensions_from_path /opt/stack/neutron/neutron/api/extensions.py:450}}
Sep 28 10:45:18 ubuntu neutron-server[120237]: DEBUG neutron.api.extensions [None req-bee24c9e-a6bd-4570-966b-5c25db135948 None None] Ext name="Trunk Extension" alias="trunk" description="Provides support for trunk ports" updated="2016-01-01T10:00:00-00:00" {{(pid=120237) _check_extension /opt/stack/neutron/neutron/api/extensions.py:416}}
Sep 28 10:45:18 ubuntu neutron-server[120237]: INFO neutron.api.extensions [None req-bee24c9e-a6bd-4570-966b-5c25db135948 None None] Extension trunk not supported by any of loaded plugins
Sep 28 10:45:18 ubuntu neutron-server[120237]: DEBUG neutron.api.extensions [None req-bee24c9e-a6bd-4570-966b-5c25db135948 None None] Loading extension file: trunk_details.py {{(pid=120237) _load_all_extensions_from_path /opt/stack/neutron/neutron/api/extensions.py:450}}
Sep 28 10:45:18 ubuntu neutron-server[120237]: DEBUG neutron.api.extensions [None req-bee24c9e-a6bd-4570-966b-5c25db135948 None None] Ext name="Trunk port details" alias="trunk-details" description="Expose trunk port details" updated="2016-01-01T10:00:00-00:00" {{(pid=120237) _check_extension /opt/stack/neutron/neutron/api/extensions.py:416}}
Sep 28 10:45:18 ubuntu neutron-server[120237]: INFO neutron.api.extensions [None req-bee24c9e-a6bd-4570-966b-5c25db135948 None None] Extension trunk-details not supported by any of loaded plugins
Sep 28 10:45:18 ubuntu neutron-server[120237]: DEBUG neutron.api.extensions [None req-bee24c9e-a6bd-4570-966b-5c25db135948 None None] Loading extension file: uplink_status_propagation.py {{(pid=120237) _load_all_extensions_from_path /opt/stack/neutron/neutron/api/extensions.py:450}}
Sep 28 10:45:18 ubuntu neutron-server[120237]: DEBUG neutron.api.extensions [None req-bee24c9e-a6bd-4570-966b-5c25db135948 None None] Ext name="Uplink status propagation extension" alias="uplink-status-propagation" description="Provides ability to propagate port uplink status." updated="2018-05-31T18:00:00-00:00" {{(pid=120237) _check_extension /opt/stack/neutron/neutron/api/extensions.py:416}}
Sep 28 10:45:18 ubuntu neutron-server[120237]: INFO neutron.api.extensions [None req-bee24c9e-a6bd-4570-966b-5c25db135948 None None] Extension uplink-status-propagation not supported by any of loaded plugins
Sep 28 10:45:18 ubuntu neutron-server[120237]: DEBUG neutron.api.extensions [None req-bee24c9e-a6bd-4570-966b-5c25db135948 None None] Loading extension file: vlantransparent.py {{(pid=120237) _load_all_extensions_from_path /opt/stack/neutron/neutron/api/extensions.py:450}}
Sep 28 10:45:18 ubuntu neutron-server[120237]: DEBUG neutron.api.extensions [None req-bee24c9e-a6bd-4570-966b-5c25db135948 None None] Ext name="Vlantransparent" alias="vlan-transparent" description="Provides Vlan Transparent Networks" updated="2015-03-23T09:00:00-00:00" {{(pid=120237) _check_extension /opt/stack/neutron/neutron/api/extensions.py:416}}
Sep 28 10:45:18 ubuntu neutron-server[120237]: INFO neutron.api.extensions [None req-bee24c9e-a6bd-4570-966b-5c25db135948 None None] Extension vlan-transparent not supported by any of loaded plugins
Sep 28 10:45:18 ubuntu neutron-server[120237]: INFO neutron.quota.resource_registry [None req-bee24c9e-a6bd-4570-966b-5c25db135948 None None] Creating instance of TrackedResource for resource:network
Sep 28 10:45:18 ubuntu neutron-server[120237]: INFO neutron.quota.resource_registry [None req-bee24c9e-a6bd-4570-966b-5c25db135948 None None] Creating instance of TrackedResource for resource:subnet
Sep 28 10:45:18 ubuntu neutron-server[120237]: INFO neutron.quota.resource_registry [None req-bee24c9e-a6bd-4570-966b-5c25db135948 None None] Creating instance of TrackedResource for resource:subnetpool
Sep 28 10:45:18 ubuntu neutron-server[120237]: INFO neutron.quota.resource_registry [None req-bee24c9e-a6bd-4570-966b-5c25db135948 None None] Creating instance of TrackedResource for resource:port
Sep 28 10:45:18 ubuntu neutron-server[120237]: DEBUG neutron.api.v2.resource_helper [None req-bee24c9e-a6bd-4570-966b-5c25db135948 None None] Service FLAVORS assigned prefix:  {{(pid=120237) build_resource_info /opt/stack/neutron/neutron/api/v2/resource_helper.py:77}}
Sep 28 10:45:18 ubuntu neutron-server[120237]: DEBUG neutron.api.v2.resource_helper [None req-bee24c9e-a6bd-4570-966b-5c25db135948 None None] Service L3_ROUTER_NAT assigned prefix:  {{(pid=120237) build_resource_info /opt/stack/neutron/neutron/api/v2/resource_helper.py:77}}
Sep 28 10:45:18 ubuntu neutron-server[120237]: DEBUG neutron.api.v2.resource_helper [None req-bee24c9e-a6bd-4570-966b-5c25db135948 None None] Service L3_ROUTER_NAT assigned prefix:  {{(pid=120237) build_resource_info /opt/stack/neutron/neutron/api/v2/resource_helper.py:77}}
Sep 28 10:45:18 ubuntu neutron-server[120237]: INFO neutron.quota.resource_registry [None req-bee24c9e-a6bd-4570-966b-5c25db135948 None None] Creating instance of TrackedResource for resource:router
Sep 28 10:45:18 ubuntu neutron-server[120237]: INFO neutron.quota.resource_registry [None req-bee24c9e-a6bd-4570-966b-5c25db135948 None None] Creating instance of TrackedResource for resource:floatingip
Sep 28 10:45:18 ubuntu neutron-server[120237]: DEBUG neutron_lib.callbacks.manager [None req-bee24c9e-a6bd-4570-966b-5c25db135948 None None] Subscribe: <bound method NeutronDbPluginV2.validate_network_rbac_policy_change of <neutron.services.network_ip_availability.plugin.NetworkIPAvailabilityPlugin object at 0x7f0d5d61e2b0>> rbac-policy before_create 55550000 {{(pid=120237) subscribe /usr/local/lib/python3.8/dist-packages/neutron_lib/callbacks/manager.py:45}}
Sep 28 10:45:18 ubuntu neutron-server[120237]: DEBUG neutron_lib.callbacks.manager [None req-bee24c9e-a6bd-4570-966b-5c25db135948 None None] Subscribe: <bound method NeutronDbPluginV2.validate_network_rbac_policy_change of <neutron.services.network_ip_availability.plugin.NetworkIPAvailabilityPlugin object at 0x7f0d5d61e2b0>> rbac-policy before_update 55550000 {{(pid=120237) subscribe /usr/local/lib/python3.8/dist-packages/neutron_lib/callbacks/manager.py:45}}
Sep 28 10:45:18 ubuntu neutron-server[120237]: DEBUG neutron_lib.callbacks.manager [None req-bee24c9e-a6bd-4570-966b-5c25db135948 None None] Subscribe: <bound method NeutronDbPluginV2.validate_network_rbac_policy_change of <neutron.services.network_ip_availability.plugin.NetworkIPAvailabilityPlugin object at 0x7f0d5d61e2b0>> rbac-policy before_delete 55550000 {{(pid=120237) subscribe /usr/local/lib/python3.8/dist-packages/neutron_lib/callbacks/manager.py:45}}
Sep 28 10:45:18 ubuntu neutron-server[120237]: INFO neutron.quota.resource_registry [None req-bee24c9e-a6bd-4570-966b-5c25db135948 None None] Creating instance of CountableResource for resource:rbac_policy
Sep 28 10:45:18 ubuntu neutron-server[120237]: INFO neutron.quota.resource_registry [None req-bee24c9e-a6bd-4570-966b-5c25db135948 None None] Creating instance of TrackedResource for resource:security_group
Sep 28 10:45:18 ubuntu neutron-server[120237]: INFO neutron.quota.resource_registry [None req-bee24c9e-a6bd-4570-966b-5c25db135948 None None] Creating instance of TrackedResource for resource:security_group_rule
Sep 28 10:45:18 ubuntu neutron-server[120237]: DEBUG neutron.api.v2.resource_helper [None req-bee24c9e-a6bd-4570-966b-5c25db135948 None None] Service FLAVORS assigned prefix:  {{(pid=120237) build_resource_info /opt/stack/neutron/neutron/api/v2/resource_helper.py:77}}
Sep 28 10:45:18 ubuntu neutron-server[120237]: DEBUG neutron.api.v2.resource_helper [None req-bee24c9e-a6bd-4570-966b-5c25db135948 None None] Service L3_ROUTER_NAT assigned prefix:  {{(pid=120237) build_resource_info /opt/stack/neutron/neutron/api/v2/resource_helper.py:77}}
Sep 28 10:45:18 ubuntu neutron-server[120237]: DEBUG neutron.api.v2.resource_helper [None req-bee24c9e-a6bd-4570-966b-5c25db135948 None None] Service L3_ROUTER_NAT assigned prefix:  {{(pid=120237) build_resource_info /opt/stack/neutron/neutron/api/v2/resource_helper.py:77}}
Sep 28 10:45:18 ubuntu neutron-server[120237]: INFO neutron.quota.resource_registry [None req-bee24c9e-a6bd-4570-966b-5c25db135948 None None] Creating instance of TrackedResource for resource:router
Sep 28 10:45:18 ubuntu neutron-server[120237]: WARNING neutron.quota.resource_registry [None req-bee24c9e-a6bd-4570-966b-5c25db135948 None None] router is already registered
Sep 28 10:45:18 ubuntu neutron-server[120237]: INFO neutron.quota.resource_registry [None req-bee24c9e-a6bd-4570-966b-5c25db135948 None None] Creating instance of TrackedResource for resource:floatingip
Sep 28 10:45:18 ubuntu neutron-server[120237]: WARNING neutron.quota.resource_registry [None req-bee24c9e-a6bd-4570-966b-5c25db135948 None None] floatingip is already registered
Sep 28 10:45:18 ubuntu neutron-server[120237]: INFO neutron.quota.resource_registry [None req-bee24c9e-a6bd-4570-966b-5c25db135948 None None] Creating instance of CountableResource for resource:rbac_policy
Sep 28 10:45:18 ubuntu neutron-server[120237]: WARNING neutron.quota.resource_registry [None req-bee24c9e-a6bd-4570-966b-5c25db135948 None None] rbac_policy is already registered
Sep 28 10:45:18 ubuntu neutron-server[120237]: INFO neutron.quota.resource_registry [None req-bee24c9e-a6bd-4570-966b-5c25db135948 None None] Creating instance of TrackedResource for resource:security_group
Sep 28 10:45:18 ubuntu neutron-server[120237]: WARNING neutron.quota.resource_registry [None req-bee24c9e-a6bd-4570-966b-5c25db135948 None None] security_group is already registered
Sep 28 10:45:18 ubuntu neutron-server[120237]: INFO neutron.quota.resource_registry [None req-bee24c9e-a6bd-4570-966b-5c25db135948 None None] Creating instance of TrackedResource for resource:security_group_rule
Sep 28 10:45:18 ubuntu neutron-server[120237]: WARNING neutron.quota.resource_registry [None req-bee24c9e-a6bd-4570-966b-5c25db135948 None None] security_group_rule is already registered
Sep 28 10:45:18 ubuntu neutron-server[120237]: DEBUG neutron.api.extensions [None req-bee24c9e-a6bd-4570-966b-5c25db135948 None None] Extended resource: extensions {{(pid=120237) __init__ /opt/stack/neutron/neutron/api/extensions.py:157}}
Sep 28 10:45:18 ubuntu neutron-server[120237]: DEBUG neutron.api.extensions [None req-bee24c9e-a6bd-4570-966b-5c25db135948 None None] Extended resource: address-groups {{(pid=120237) __init__ /opt/stack/neutron/neutron/api/extensions.py:157}}
Sep 28 10:45:18 ubuntu neutron-server[120237]: DEBUG neutron.api.extensions [None req-bee24c9e-a6bd-4570-966b-5c25db135948 None None] Extended resource: address-scopes {{(pid=120237) __init__ /opt/stack/neutron/neutron/api/extensions.py:157}}
Sep 28 10:45:18 ubuntu neutron-server[120237]: DEBUG neutron.api.extensions [None req-bee24c9e-a6bd-4570-966b-5c25db135948 None None] Extended resource: agents {{(pid=120237) __init__ /opt/stack/neutron/neutron/api/extensions.py:157}}
Sep 28 10:45:18 ubuntu neutron-server[120237]: DEBUG neutron.api.extensions [None req-bee24c9e-a6bd-4570-966b-5c25db135948 None None] Extended resource: auto-allocated-topology {{(pid=120237) __init__ /opt/stack/neutron/neutron/api/extensions.py:157}}
Sep 28 10:45:18 ubuntu neutron-server[120237]: DEBUG neutron.api.extensions [None req-bee24c9e-a6bd-4570-966b-5c25db135948 None None] Extended resource: availability_zones {{(pid=120237) __init__ /opt/stack/neutron/neutron/api/extensions.py:157}}
Sep 28 10:45:18 ubuntu neutron-server[120237]: DEBUG neutron.api.extensions [None req-bee24c9e-a6bd-4570-966b-5c25db135948 None None] Extended resource: flavors {{(pid=120237) __init__ /opt/stack/neutron/neutron/api/extensions.py:157}}
Sep 28 10:45:18 ubuntu neutron-server[120237]: DEBUG neutron.api.extensions [None req-bee24c9e-a6bd-4570-966b-5c25db135948 None None] Extended resource: service_profiles {{(pid=120237) __init__ /opt/stack/neutron/neutron/api/extensions.py:157}}
Sep 28 10:45:18 ubuntu neutron-server[120237]: DEBUG neutron.api.extensions [None req-bee24c9e-a6bd-4570-966b-5c25db135948 None None] Extended resource: next_providers {{(pid=120237) __init__ /opt/stack/neutron/neutron/api/extensions.py:157}}
Sep 28 10:45:18 ubuntu neutron-server[120237]: DEBUG neutron.api.extensions [None req-bee24c9e-a6bd-4570-966b-5c25db135948 None None] Extended resource: service_profiles {{(pid=120237) __init__ /opt/stack/neutron/neutron/api/extensions.py:157}}
Sep 28 10:45:18 ubuntu neutron-server[120237]: DEBUG neutron.api.extensions [None req-bee24c9e-a6bd-4570-966b-5c25db135948 None None] Extended resource: floatingip-pools {{(pid=120237) __init__ /opt/stack/neutron/neutron/api/extensions.py:157}}
Sep 28 10:45:18 ubuntu neutron-server[120237]: DEBUG neutron.api.extensions [None req-bee24c9e-a6bd-4570-966b-5c25db135948 None None] Extended resource: routers {{(pid=120237) __init__ /opt/stack/neutron/neutron/api/extensions.py:157}}
Sep 28 10:45:18 ubuntu neutron-server[120237]: DEBUG neutron.api.extensions [None req-bee24c9e-a6bd-4570-966b-5c25db135948 None None] Extended resource: floatingips {{(pid=120237) __init__ /opt/stack/neutron/neutron/api/extensions.py:157}}
Sep 28 10:45:18 ubuntu neutron-server[120237]: DEBUG neutron.api.extensions [None req-bee24c9e-a6bd-4570-966b-5c25db135948 None None] Extended resource: network-ip-availabilities {{(pid=120237) __init__ /opt/stack/neutron/neutron/api/extensions.py:157}}
Sep 28 10:45:18 ubuntu neutron-server[120237]: DEBUG neutron.api.extensions [None req-bee24c9e-a6bd-4570-966b-5c25db135948 None None] Extended resource: bindings {{(pid=120237) __init__ /opt/stack/neutron/neutron/api/extensions.py:157}}
Sep 28 10:45:18 ubuntu neutron-server[120237]: DEBUG neutron.api.extensions [None req-bee24c9e-a6bd-4570-966b-5c25db135948 None None] Extended resource: quotas {{(pid=120237) __init__ /opt/stack/neutron/neutron/api/extensions.py:157}}
Sep 28 10:45:18 ubuntu neutron-server[120237]: DEBUG neutron.api.extensions [None req-bee24c9e-a6bd-4570-966b-5c25db135948 None None] Extended resource: quotas {{(pid=120237) __init__ /opt/stack/neutron/neutron/api/extensions.py:157}}
Sep 28 10:45:18 ubuntu neutron-server[120237]: DEBUG neutron.api.extensions [None req-bee24c9e-a6bd-4570-966b-5c25db135948 None None] Extended resource: rbac-policies {{(pid=120237) __init__ /opt/stack/neutron/neutron/api/extensions.py:157}}
Sep 28 10:45:18 ubuntu neutron-server[120237]: DEBUG neutron.api.extensions [None req-bee24c9e-a6bd-4570-966b-5c25db135948 None None] Extended resource: security-groups {{(pid=120237) __init__ /opt/stack/neutron/neutron/api/extensions.py:157}}
Sep 28 10:45:18 ubuntu neutron-server[120237]: DEBUG neutron.api.extensions [None req-bee24c9e-a6bd-4570-966b-5c25db135948 None None] Extended resource: security-group-rules {{(pid=120237) __init__ /opt/stack/neutron/neutron/api/extensions.py:157}}
Sep 28 10:45:18 ubuntu neutron-server[120237]: DEBUG neutron.api.extensions [None req-bee24c9e-a6bd-4570-966b-5c25db135948 None None] Extended resource: service-providers {{(pid=120237) __init__ /opt/stack/neutron/neutron/api/extensions.py:157}}
Sep 28 10:45:18 ubuntu neutron-server[120237]: DEBUG neutron.api.extensions [None req-bee24c9e-a6bd-4570-966b-5c25db135948 None None] Extended resource: tags {{(pid=120237) __init__ /opt/stack/neutron/neutron/api/extensions.py:157}}
Sep 28 10:45:18 ubuntu neutron-server[120237]: DEBUG neutron.api.extensions [None req-bee24c9e-a6bd-4570-966b-5c25db135948 None None] Extended resource: tags {{(pid=120237) __init__ /opt/stack/neutron/neutron/api/extensions.py:157}}
Sep 28 10:45:18 ubuntu neutron-server[120237]: DEBUG neutron.api.extensions [None req-bee24c9e-a6bd-4570-966b-5c25db135948 None None] Extended resource: tags {{(pid=120237) __init__ /opt/stack/neutron/neutron/api/extensions.py:157}}
Sep 28 10:45:18 ubuntu neutron-server[120237]: DEBUG neutron.api.extensions [None req-bee24c9e-a6bd-4570-966b-5c25db135948 None None] Extended resource: tags {{(pid=120237) __init__ /opt/stack/neutron/neutron/api/extensions.py:157}}
Sep 28 10:45:18 ubuntu neutron-server[120237]: DEBUG neutron.api.extensions [None req-bee24c9e-a6bd-4570-966b-5c25db135948 None None] Extended resource: tags {{(pid=120237) __init__ /opt/stack/neutron/neutron/api/extensions.py:157}}
Sep 28 10:45:18 ubuntu neutron-server[120237]: DEBUG neutron.api.extensions [None req-bee24c9e-a6bd-4570-966b-5c25db135948 None None] Extended resource: tags {{(pid=120237) __init__ /opt/stack/neutron/neutron/api/extensions.py:157}}
Sep 28 10:45:18 ubuntu neutron-server[120237]: DEBUG neutron.api.extensions [None req-bee24c9e-a6bd-4570-966b-5c25db135948 None None] Extended resource: tags {{(pid=120237) __init__ /opt/stack/neutron/neutron/api/extensions.py:157}}
Sep 28 10:45:18 ubuntu neutron-server[120237]: DEBUG neutron.api.extensions [None req-bee24c9e-a6bd-4570-966b-5c25db135948 None None] Extended resource: tags {{(pid=120237) __init__ /opt/stack/neutron/neutron/api/extensions.py:157}}
Sep 28 10:45:18 ubuntu neutron-server[120237]: DEBUG neutron.api.extensions [None req-bee24c9e-a6bd-4570-966b-5c25db135948 None None] Extended resource: tags {{(pid=120237) __init__ /opt/stack/neutron/neutron/api/extensions.py:157}}
Sep 28 10:45:18 ubuntu neutron-server[120237]: DEBUG neutron.api.extensions [None req-bee24c9e-a6bd-4570-966b-5c25db135948 None None] Extended resource: tags {{(pid=120237) __init__ /opt/stack/neutron/neutron/api/extensions.py:157}}
Sep 28 10:45:18 ubuntu neutron-server[120237]: WARNING keystonemiddleware.auth_token [None req-bee24c9e-a6bd-4570-966b-5c25db135948 None None] AuthToken middleware is set with keystone_authtoken.service_token_roles_required set to False. This is backwards compatible but deprecated behaviour. Please set this to True.
Sep 28 10:45:18 ubuntu neutron-server[120237]: WARNING keystonemiddleware.auth_token [None req-bee24c9e-a6bd-4570-966b-5c25db135948 None None] Configuring www_authenticate_uri to point to the public identity endpoint is required; clients may not be able to authenticate against an admin endpoint
Sep 28 10:45:18 ubuntu neutron-server[120237]: DEBUG oslo_concurrency.lockutils [None req-bee24c9e-a6bd-4570-966b-5c25db135948 None None] Acquiring lock "singleton_lock" {{(pid=120237) lock /usr/local/lib/python3.8/dist-packages/oslo_concurrency/lockutils.py:312}}
Sep 28 10:45:18 ubuntu neutron-server[120237]: DEBUG oslo_concurrency.lockutils [None req-bee24c9e-a6bd-4570-966b-5c25db135948 None None] Acquired lock "singleton_lock" {{(pid=120237) lock /usr/local/lib/python3.8/dist-packages/oslo_concurrency/lockutils.py:315}}
Sep 28 10:45:18 ubuntu neutron-server[120237]: DEBUG oslo_concurrency.lockutils [None req-bee24c9e-a6bd-4570-966b-5c25db135948 None None] Releasing lock "singleton_lock" {{(pid=120237) lock /usr/local/lib/python3.8/dist-packages/oslo_concurrency/lockutils.py:333}}
Sep 28 10:45:18 ubuntu neutron-server[120237]: INFO oslo_service.service [None req-bee24c9e-a6bd-4570-966b-5c25db135948 None None] Starting 2 workers
Sep 28 10:45:18 ubuntu neutron-server[120237]: DEBUG oslo_service.service [None req-bee24c9e-a6bd-4570-966b-5c25db135948 None None] Started child 120455 {{(pid=120237) _start_child /usr/local/lib/python3.8/dist-packages/oslo_service/service.py:575}}
Sep 28 10:45:18 ubuntu neutron-server[120237]: DEBUG oslo_service.service [None req-bee24c9e-a6bd-4570-966b-5c25db135948 None None] Started child 120456 {{(pid=120237) _start_child /usr/local/lib/python3.8/dist-packages/oslo_service/service.py:575}}
Sep 28 10:45:18 ubuntu neutron-server[120237]: INFO neutron.service [None req-bee24c9e-a6bd-4570-966b-5c25db135948 None None] Neutron service started, listening on 0.0.0.0:9696
Sep 28 10:45:18 ubuntu neutron-server[120237]: DEBUG neutron_lib.callbacks.manager [None req-bee24c9e-a6bd-4570-966b-5c25db135948 None None] Publish callbacks ['neutron.plugins.ml2.drivers.ovn.mech_driver.mech_driver.OVNMechanismDriver.pre_fork_initialize-858448'] for process (None), before_spawn {{(pid=120237) _notify_loop /usr/local/lib/python3.8/dist-packages/neutron_lib/callbacks/manager.py:176}}
Sep 28 10:45:18 ubuntu neutron-server[120455]: DEBUG neutron_lib.callbacks.manager [-] Publish callbacks ['neutron.plugins.ml2.drivers.ovn.mech_driver.mech_driver.OVNMechanismDriver.post_fork_initialize-858427'] for process (None), after_init {{(pid=120455) _notify_loop /usr/local/lib/python3.8/dist-packages/neutron_lib/callbacks/manager.py:176}}
Sep 28 10:45:18 ubuntu neutron-server[120456]: DEBUG neutron_lib.callbacks.manager [-] Publish callbacks ['neutron.plugins.ml2.drivers.ovn.mech_driver.mech_driver.OVNMechanismDriver.post_fork_initialize-858427'] for process (None), after_init {{(pid=120456) _notify_loop /usr/local/lib/python3.8/dist-packages/neutron_lib/callbacks/manager.py:176}}
Sep 28 10:45:18 ubuntu neutron-server[120455]: DEBUG dbcounter [-] [120455] Writer thread running {{(pid=120455) stat_writer /usr/local/lib/python3.8/dist-packages/dbcounter.py:99}}
Sep 28 10:45:18 ubuntu neutron-server[120456]: DEBUG dbcounter [-] [120456] Writer thread running {{(pid=120456) stat_writer /usr/local/lib/python3.8/dist-packages/dbcounter.py:99}}
Sep 28 10:45:18 ubuntu neutron-server[120237]: DEBUG ovsdbapp.backend.ovs_idl [None req-bee24c9e-a6bd-4570-966b-5c25db135948 None None] Created schema index Port_Group.name {{(pid=120237) autocreate_indices /usr/local/lib/python3.8/dist-packages/ovsdbapp/backend/ovs_idl/__init__.py:104}}
Sep 28 10:45:18 ubuntu neutron-server[120237]: DEBUG ovsdbapp.backend.ovs_idl [None req-bee24c9e-a6bd-4570-966b-5c25db135948 None None] Created schema index Logical_Switch_Port.name {{(pid=120237) autocreate_indices /usr/local/lib/python3.8/dist-packages/ovsdbapp/backend/ovs_idl/__init__.py:104}}
Sep 28 10:45:18 ubuntu neutron-server[120455]: INFO neutron.plugins.ml2.drivers.ovn.mech_driver.ovsdb.impl_idl_ovn [None req-80fe6b37-f9fb-46d1-9b99-cca0e6748f79 None None] Getting OvsdbNbOvnIdl for WorkerService with retry
Sep 28 10:45:18 ubuntu neutron-server[120456]: INFO neutron.plugins.ml2.drivers.ovn.mech_driver.ovsdb.impl_idl_ovn [None req-4d32a799-d982-4ac3-a206-e646045c9e41 None None] Getting OvsdbNbOvnIdl for WorkerService with retry
Sep 28 10:45:18 ubuntu neutron-server[120237]: DEBUG ovsdbapp.backend.ovs_idl.transaction [-] Running txn n=1 command(idx=0): PgAddCommand(name=neutron_pg_drop, may_exist=True, columns={'acls': []}) {{(pid=120237) do_commit /usr/local/lib/python3.8/dist-packages/ovsdbapp/backend/ovs_idl/transaction.py:90}}
Sep 28 10:45:18 ubuntu neutron-server[120237]: DEBUG ovsdbapp.backend.ovs_idl.transaction [-] Running txn n=1 command(idx=1): PgAclAddCommand(entity=neutron_pg_drop, direction=from-lport, priority=1001, match=inport == @neutron_pg_drop && ip, action=drop, log=False, may_exist=True, severity=[], name=[], meter=None, external_ids={}) {{(pid=120237) do_commit /usr/local/lib/python3.8/dist-packages/ovsdbapp/backend/ovs_idl/transaction.py:90}}
Sep 28 10:45:18 ubuntu neutron-server[120237]: DEBUG ovsdbapp.backend.ovs_idl.transaction [-] Running txn n=1 command(idx=2): PgAclAddCommand(entity=neutron_pg_drop, direction=to-lport, priority=1001, match=outport == @neutron_pg_drop && ip, action=drop, log=False, may_exist=True, severity=[], name=[], meter=None, external_ids={}) {{(pid=120237) do_commit /usr/local/lib/python3.8/dist-packages/ovsdbapp/backend/ovs_idl/transaction.py:90}}
Sep 28 10:45:18 ubuntu neutron-server[120237]: DEBUG ovsdbapp.backend.ovs_idl.event [-] Matched CREATE: NeutronPgDropPortGroupCreated(events=('create',), table='Port_Group', conditions=(('name', '=', 'neutron_pg_drop'),), old_conditions=None), priority=10 to row=Port_Group(name=neutron_pg_drop, ports=[], external_ids={}, acls=[<ovs.db.idl.Row object at 0x7f0d5cf771f0>, <ovs.db.idl.Row object at 0x7f0d5cf77370>]) old= {{(pid=120237) matches /usr/local/lib/python3.8/dist-packages/ovsdbapp/backend/ovs_idl/event.py:43}}
Sep 28 10:45:18 ubuntu neutron-server[120237]: INFO oslo_service.service [None req-bee24c9e-a6bd-4570-966b-5c25db135948 None None] Starting 1 workers
Sep 28 10:45:18 ubuntu neutron-server[120237]: DEBUG oslo_service.service [None req-bee24c9e-a6bd-4570-966b-5c25db135948 None None] Started child 120458 {{(pid=120237) _start_child /usr/local/lib/python3.8/dist-packages/oslo_service/service.py:575}}
Sep 28 10:45:18 ubuntu neutron-server[120237]: INFO oslo_service.service [None req-bee24c9e-a6bd-4570-966b-5c25db135948 None None] Starting 1 workers
Sep 28 10:45:18 ubuntu neutron-server[120456]: DEBUG ovsdbapp.backend.ovs_idl [None req-4d32a799-d982-4ac3-a206-e646045c9e41 None None] Created lookup_table index Logical_Switch.name {{(pid=120456) autocreate_indices /usr/local/lib/python3.8/dist-packages/ovsdbapp/backend/ovs_idl/__init__.py:85}}
Sep 28 10:45:18 ubuntu neutron-server[120455]: DEBUG ovsdbapp.backend.ovs_idl [None req-80fe6b37-f9fb-46d1-9b99-cca0e6748f79 None None] Created lookup_table index Logical_Switch.name {{(pid=120455) autocreate_indices /usr/local/lib/python3.8/dist-packages/ovsdbapp/backend/ovs_idl/__init__.py:85}}
Sep 28 10:45:18 ubuntu neutron-server[120237]: DEBUG oslo_service.service [None req-bee24c9e-a6bd-4570-966b-5c25db135948 None None] Started child 120459 {{(pid=120237) _start_child /usr/local/lib/python3.8/dist-packages/oslo_service/service.py:575}}
Sep 28 10:45:18 ubuntu neutron-server[120455]: DEBUG ovsdbapp.backend.ovs_idl [None req-80fe6b37-f9fb-46d1-9b99-cca0e6748f79 None None] Created lookup_table index Logical_Router.name {{(pid=120455) autocreate_indices /usr/local/lib/python3.8/dist-packages/ovsdbapp/backend/ovs_idl/__init__.py:85}}
Sep 28 10:45:18 ubuntu neutron-server[120455]: DEBUG ovsdbapp.backend.ovs_idl [None req-80fe6b37-f9fb-46d1-9b99-cca0e6748f79 None None] Created lookup_table index Load_Balancer.name {{(pid=120455) autocreate_indices /usr/local/lib/python3.8/dist-packages/ovsdbapp/backend/ovs_idl/__init__.py:85}}
Sep 28 10:45:18 ubuntu neutron-server[120455]: DEBUG ovsdbapp.backend.ovs_idl [None req-80fe6b37-f9fb-46d1-9b99-cca0e6748f79 None None] Created schema index Meter.name {{(pid=120455) autocreate_indices /usr/local/lib/python3.8/dist-packages/ovsdbapp/backend/ovs_idl/__init__.py:104}}
Sep 28 10:45:18 ubuntu neutron-server[120237]: INFO oslo_service.service [None req-bee24c9e-a6bd-4570-966b-5c25db135948 None None] Starting 1 workers
Sep 28 10:45:18 ubuntu neutron-server[120456]: DEBUG ovsdbapp.backend.ovs_idl [None req-4d32a799-d982-4ac3-a206-e646045c9e41 None None] Created lookup_table index Logical_Router.name {{(pid=120456) autocreate_indices /usr/local/lib/python3.8/dist-packages/ovsdbapp/backend/ovs_idl/__init__.py:85}}
Sep 28 10:45:18 ubuntu neutron-server[120455]: DEBUG ovsdbapp.backend.ovs_idl [None req-80fe6b37-f9fb-46d1-9b99-cca0e6748f79 None None] Created schema index Address_Set.name {{(pid=120455) autocreate_indices /usr/local/lib/python3.8/dist-packages/ovsdbapp/backend/ovs_idl/__init__.py:104}}
Sep 28 10:45:18 ubuntu neutron-server[120455]: DEBUG ovsdbapp.backend.ovs_idl [None req-80fe6b37-f9fb-46d1-9b99-cca0e6748f79 None None] Created schema index HA_Chassis_Group.name {{(pid=120455) autocreate_indices /usr/local/lib/python3.8/dist-packages/ovsdbapp/backend/ovs_idl/__init__.py:104}}
Sep 28 10:45:18 ubuntu neutron-server[120455]: DEBUG ovsdbapp.backend.ovs_idl [None req-80fe6b37-f9fb-46d1-9b99-cca0e6748f79 None None] Created schema index Connection.target {{(pid=120455) autocreate_indices /usr/local/lib/python3.8/dist-packages/ovsdbapp/backend/ovs_idl/__init__.py:104}}
Sep 28 10:45:18 ubuntu neutron-server[120455]: DEBUG ovsdbapp.backend.ovs_idl [None req-80fe6b37-f9fb-46d1-9b99-cca0e6748f79 None None] Created schema index Gateway_Chassis.name {{(pid=120455) autocreate_indices /usr/local/lib/python3.8/dist-packages/ovsdbapp/backend/ovs_idl/__init__.py:104}}
Sep 28 10:45:18 ubuntu neutron-server[120456]: DEBUG ovsdbapp.backend.ovs_idl [None req-4d32a799-d982-4ac3-a206-e646045c9e41 None None] Created lookup_table index Load_Balancer.name {{(pid=120456) autocreate_indices /usr/local/lib/python3.8/dist-packages/ovsdbapp/backend/ovs_idl/__init__.py:85}}
Sep 28 10:45:18 ubuntu neutron-server[120455]: DEBUG ovsdbapp.backend.ovs_idl [None req-80fe6b37-f9fb-46d1-9b99-cca0e6748f79 None None] Created schema index Logical_Router_Port.name {{(pid=120455) autocreate_indices /usr/local/lib/python3.8/dist-packages/ovsdbapp/backend/ovs_idl/__init__.py:104}}
Sep 28 10:45:18 ubuntu neutron-server[120455]: DEBUG ovsdbapp.backend.ovs_idl [None req-80fe6b37-f9fb-46d1-9b99-cca0e6748f79 None None] Created schema index Port_Group.name {{(pid=120455) autocreate_indices /usr/local/lib/python3.8/dist-packages/ovsdbapp/backend/ovs_idl/__init__.py:104}}
Sep 28 10:45:18 ubuntu neutron-server[120456]: DEBUG ovsdbapp.backend.ovs_idl [None req-4d32a799-d982-4ac3-a206-e646045c9e41 None None] Created schema index Meter.name {{(pid=120456) autocreate_indices /usr/local/lib/python3.8/dist-packages/ovsdbapp/backend/ovs_idl/__init__.py:104}}
Sep 28 10:45:18 ubuntu neutron-server[120455]: DEBUG ovsdbapp.backend.ovs_idl [None req-80fe6b37-f9fb-46d1-9b99-cca0e6748f79 None None] Created schema index Logical_Switch_Port.name {{(pid=120455) autocreate_indices /usr/local/lib/python3.8/dist-packages/ovsdbapp/backend/ovs_idl/__init__.py:104}}
Sep 28 10:45:18 ubuntu neutron-server[120456]: DEBUG ovsdbapp.backend.ovs_idl [None req-4d32a799-d982-4ac3-a206-e646045c9e41 None None] Created schema index Address_Set.name {{(pid=120456) autocreate_indices /usr/local/lib/python3.8/dist-packages/ovsdbapp/backend/ovs_idl/__init__.py:104}}
Sep 28 10:45:18 ubuntu neutron-server[120455]: INFO ovsdbapp.backend.ovs_idl.vlog [None req-80fe6b37-f9fb-46d1-9b99-cca0e6748f79 None None] tcp:192.168.79.48:6641: connecting...
Sep 28 10:45:18 ubuntu neutron-server[120456]: DEBUG ovsdbapp.backend.ovs_idl [None req-4d32a799-d982-4ac3-a206-e646045c9e41 None None] Created schema index HA_Chassis_Group.name {{(pid=120456) autocreate_indices /usr/local/lib/python3.8/dist-packages/ovsdbapp/backend/ovs_idl/__init__.py:104}}
Sep 28 10:45:18 ubuntu neutron-server[120455]: INFO ovsdbapp.backend.ovs_idl.vlog [None req-80fe6b37-f9fb-46d1-9b99-cca0e6748f79 None None] tcp:192.168.79.48:6641: connected
Sep 28 10:45:18 ubuntu neutron-server[120456]: DEBUG ovsdbapp.backend.ovs_idl [None req-4d32a799-d982-4ac3-a206-e646045c9e41 None None] Created schema index Connection.target {{(pid=120456) autocreate_indices /usr/local/lib/python3.8/dist-packages/ovsdbapp/backend/ovs_idl/__init__.py:104}}
Sep 28 10:45:18 ubuntu neutron-server[120456]: DEBUG ovsdbapp.backend.ovs_idl [None req-4d32a799-d982-4ac3-a206-e646045c9e41 None None] Created schema index Gateway_Chassis.name {{(pid=120456) autocreate_indices /usr/local/lib/python3.8/dist-packages/ovsdbapp/backend/ovs_idl/__init__.py:104}}
Sep 28 10:45:18 ubuntu neutron-server[120456]: DEBUG ovsdbapp.backend.ovs_idl [None req-4d32a799-d982-4ac3-a206-e646045c9e41 None None] Created schema index Logical_Router_Port.name {{(pid=120456) autocreate_indices /usr/local/lib/python3.8/dist-packages/ovsdbapp/backend/ovs_idl/__init__.py:104}}
Sep 28 10:45:18 ubuntu neutron-server[120456]: DEBUG ovsdbapp.backend.ovs_idl [None req-4d32a799-d982-4ac3-a206-e646045c9e41 None None] Created schema index Port_Group.name {{(pid=120456) autocreate_indices /usr/local/lib/python3.8/dist-packages/ovsdbapp/backend/ovs_idl/__init__.py:104}}
Sep 28 10:45:18 ubuntu neutron-server[120456]: DEBUG ovsdbapp.backend.ovs_idl [None req-4d32a799-d982-4ac3-a206-e646045c9e41 None None] Created schema index Logical_Switch_Port.name {{(pid=120456) autocreate_indices /usr/local/lib/python3.8/dist-packages/ovsdbapp/backend/ovs_idl/__init__.py:104}}
Sep 28 10:45:18 ubuntu neutron-server[120237]: DEBUG oslo_service.service [None req-bee24c9e-a6bd-4570-966b-5c25db135948 None None] Started child 120460 {{(pid=120237) _start_child /usr/local/lib/python3.8/dist-packages/oslo_service/service.py:575}}
Sep 28 10:45:18 ubuntu neutron-server[120456]: INFO ovsdbapp.backend.ovs_idl.vlog [None req-4d32a799-d982-4ac3-a206-e646045c9e41 None None] tcp:192.168.79.48:6641: connecting...
Sep 28 10:45:18 ubuntu neutron-server[120237]: DEBUG neutron_lib.callbacks.manager [None req-bee24c9e-a6bd-4570-966b-5c25db135948 None None] Publish callbacks [] for process (None), after_spawn {{(pid=120237) _notify_loop /usr/local/lib/python3.8/dist-packages/neutron_lib/callbacks/manager.py:176}}
Sep 28 10:45:18 ubuntu neutron-server[120456]: INFO ovsdbapp.backend.ovs_idl.vlog [None req-4d32a799-d982-4ac3-a206-e646045c9e41 None None] tcp:192.168.79.48:6641: connected
Sep 28 10:45:18 ubuntu neutron-server[120237]: DEBUG oslo_service.service [-] Full set of CONF: {{(pid=120237) wait /usr/local/lib/python3.8/dist-packages/oslo_service/service.py:649}}
Sep 28 10:45:18 ubuntu neutron-server[120237]: DEBUG oslo_service.service [-] ******************************************************************************** {{(pid=120237) log_opt_values /usr/local/lib/python3.8/dist-packages/oslo_config/cfg.py:2589}}
Sep 28 10:45:18 ubuntu neutron-server[120237]: DEBUG oslo_service.service [-] Configuration options gathered from: {{(pid=120237) log_opt_values /usr/local/lib/python3.8/dist-packages/oslo_config/cfg.py:2590}}
Sep 28 10:45:18 ubuntu neutron-server[120237]: DEBUG oslo_service.service [-] command line args: ['--config-file', '/etc/neutron/neutron.conf', '--config-file', '/etc/neutron/plugins/ml2/ml2_conf.ini'] {{(pid=120237) log_opt_values /usr/local/lib/python3.8/dist-packages/oslo_config/cfg.py:2591}}
Sep 28 10:45:18 ubuntu neutron-server[120237]: DEBUG oslo_service.service [-] config files: ['/etc/neutron/neutron.conf', '/etc/neutron/plugins/ml2/ml2_conf.ini'] {{(pid=120237) log_opt_values /usr/local/lib/python3.8/dist-packages/oslo_config/cfg.py:2592}}
Sep 28 10:45:18 ubuntu neutron-server[120237]: DEBUG oslo_service.service [-] ================================================================================ {{(pid=120237) log_opt_values /usr/local/lib/python3.8/dist-packages/oslo_config/cfg.py:2594}}
Sep 28 10:45:18 ubuntu neutron-server[120237]: DEBUG oslo_service.service [-] agent_down_time                = 75 {{(pid=120237) log_opt_values /usr/local/lib/python3.8/dist-packages/oslo_config/cfg.py:2602}}
Sep 28 10:45:18 ubuntu neutron-server[120458]: DEBUG neutron.service [None req-bee24c9e-a6bd-4570-966b-5c25db135948 None None] calling RpcWorker wait() {{(pid=120458) _wait /opt/stack/neutron/neutron/service.py:128}}
Sep 28 10:45:18 ubuntu neutron-server[120237]: DEBUG oslo_service.service [-] allow_automatic_dhcp_failover  = True {{(pid=120237) log_opt_values /usr/local/lib/python3.8/dist-packages/oslo_config/cfg.py:2602}}
Sep 28 10:45:18 ubuntu neutron-server[120237]: DEBUG oslo_service.service [-] allow_bulk                     = True {{(pid=120237) log_opt_values /usr/local/lib/python3.8/dist-packages/oslo_config/cfg.py:2602}}
Sep 28 10:45:18 ubuntu neutron-server[120458]: DEBUG neutron.service [None req-bee24c9e-a6bd-4570-966b-5c25db135948 None None] returning from RpcWorker wait() {{(pid=120458) _wait /opt/stack/neutron/neutron/service.py:135}}
Sep 28 10:45:18 ubuntu neutron-server[120237]: DEBUG oslo_service.service [-] allowed_conntrack_helpers      = [{'amanda': 'tcp'}, {'ftp': 'tcp'}, {'h323': 'udp'}, {'h323': 'tcp'}, {'irc': 'tcp'}, {'netbios-ns': 'udp'}, {'pptp': 'tcp'}, {'sane': 'tcp'}, {'sip': 'udp'}, {'sip': 'tcp'}, {'snmp': 'udp'}, {'tftp': 'udp'}] {{(pid=120237) log_opt_values /usr/local/lib/python3.8/dist-packages/oslo_config/cfg.py:2602}}
Sep 28 10:45:18 ubuntu neutron-server[120237]: DEBUG oslo_service.service [-] api_extensions_path            =  {{(pid=120237) log_opt_values /usr/local/lib/python3.8/dist-packages/oslo_config/cfg.py:2602}}
Sep 28 10:45:18 ubuntu neutron-server[120237]: DEBUG oslo_service.service [-] api_paste_config               = api-paste.ini {{(pid=120237) log_opt_values /usr/local/lib/python3.8/dist-packages/oslo_config/cfg.py:2602}}
Sep 28 10:45:18 ubuntu neutron-server[120237]: DEBUG oslo_service.service [-] api_workers                    = 2 {{(pid=120237) log_opt_values /usr/local/lib/python3.8/dist-packages/oslo_config/cfg.py:2602}}
Sep 28 10:45:18 ubuntu neutron-server[120237]: DEBUG oslo_service.service [-] auth_strategy                  = keystone {{(pid=120237) log_opt_values /usr/local/lib/python3.8/dist-packages/oslo_config/cfg.py:2602}}
Sep 28 10:45:18 ubuntu neutron-server[120237]: DEBUG oslo_service.service [-] backdoor_port                  = None {{(pid=120237) log_opt_values /usr/local/lib/python3.8/dist-packages/oslo_config/cfg.py:2602}}
Sep 28 10:45:18 ubuntu neutron-server[120237]: DEBUG oslo_service.service [-] backdoor_socket                = None {{(pid=120237) log_opt_values /usr/local/lib/python3.8/dist-packages/oslo_config/cfg.py:2602}}
Sep 28 10:45:18 ubuntu neutron-server[120237]: DEBUG oslo_service.service [-] backlog                        = 4096 {{(pid=120237) log_opt_values /usr/local/lib/python3.8/dist-packages/oslo_config/cfg.py:2602}}
Sep 28 10:45:18 ubuntu neutron-server[120237]: DEBUG oslo_service.service [-] base_mac                       = fa:16:3e:00:00:00 {{(pid=120237) log_opt_values /usr/local/lib/python3.8/dist-packages/oslo_config/cfg.py:2602}}
Sep 28 10:45:18 ubuntu neutron-server[120237]: DEBUG oslo_service.service [-] bind_host                      = 0.0.0.0 {{(pid=120237) log_opt_values /usr/local/lib/python3.8/dist-packages/oslo_config/cfg.py:2602}}
Sep 28 10:45:18 ubuntu neutron-server[120237]: DEBUG oslo_service.service [-] bind_port                      = 9696 {{(pid=120237) log_opt_values /usr/local/lib/python3.8/dist-packages/oslo_config/cfg.py:2602}}
Sep 28 10:45:18 ubuntu neutron-server[120237]: DEBUG oslo_service.service [-] client_socket_timeout          = 900 {{(pid=120237) log_opt_values /usr/local/lib/python3.8/dist-packages/oslo_config/cfg.py:2602}}
Sep 28 10:45:18 ubuntu neutron-server[120458]: DEBUG neutron_lib.callbacks.manager [-] Publish callbacks ['neutron.plugins.ml2.drivers.ovn.mech_driver.mech_driver.OVNMechanismDriver.post_fork_initialize-858427'] for process (None), after_init {{(pid=120458) _notify_loop /usr/local/lib/python3.8/dist-packages/neutron_lib/callbacks/manager.py:176}}
Sep 28 10:45:18 ubuntu neutron-server[120237]: DEBUG oslo_service.service [-] config_dir                     = [] {{(pid=120237) log_opt_values /usr/local/lib/python3.8/dist-packages/oslo_config/cfg.py:2602}}
Sep 28 10:45:18 ubuntu neutron-server[120237]: DEBUG oslo_service.service [-] config_file                    = ['/etc/neutron/neutron.conf', '/etc/neutron/plugins/ml2/ml2_conf.ini'] {{(pid=120237) log_opt_values /usr/local/lib/python3.8/dist-packages/oslo_config/cfg.py:2602}}
Sep 28 10:45:18 ubuntu neutron-server[120237]: DEBUG oslo_service.service [-] config_source                  = [] {{(pid=120237) log_opt_values /usr/local/lib/python3.8/dist-packages/oslo_config/cfg.py:2602}}
Sep 28 10:45:18 ubuntu neutron-server[120237]: DEBUG oslo_service.service [-] control_exchange               = neutron {{(pid=120237) log_opt_values /usr/local/lib/python3.8/dist-packages/oslo_config/cfg.py:2602}}
Sep 28 10:45:18 ubuntu neutron-server[120237]: DEBUG oslo_service.service [-] core_plugin                    = ml2 {{(pid=120237) log_opt_values /usr/local/lib/python3.8/dist-packages/oslo_config/cfg.py:2602}}
Sep 28 10:45:18 ubuntu neutron-server[120237]: DEBUG oslo_service.service [-] debug                          = True {{(pid=120237) log_opt_values /usr/local/lib/python3.8/dist-packages/oslo_config/cfg.py:2602}}
Sep 28 10:45:18 ubuntu neutron-server[120237]: DEBUG oslo_service.service [-] default_availability_zones     = [] {{(pid=120237) log_opt_values /usr/local/lib/python3.8/dist-packages/oslo_config/cfg.py:2602}}
Sep 28 10:45:18 ubuntu neutron-server[120237]: DEBUG oslo_service.service [-] default_log_levels             = ['amqp=WARN', 'amqplib=WARN', 'boto=WARN', 'qpid=WARN', 'sqlalchemy=WARN', 'suds=INFO', 'oslo.messaging=INFO', 'oslo_messaging=INFO', 'iso8601=WARN', 'requests.packages.urllib3.connectionpool=WARN', 'urllib3.connectionpool=WARN', 'websocket=WARN', 'requests.packages.urllib3.util.retry=WARN', 'urllib3.util.retry=WARN', 'keystonemiddleware=WARN', 'routes.middleware=WARN', 'stevedore=WARN', 'taskflow=WARN', 'keystoneauth=WARN', 'oslo.cache=INFO', 'oslo_policy=INFO', 'dogpile.core.dogpile=INFO', 'OFPHandler=INFO', 'OfctlService=INFO', 'os_ken.base.app_manager=INFO', 'os_ken.controller.controller=INFO'] {{(pid=120237) log_opt_values /usr/local/lib/python3.8/dist-packages/oslo_config/cfg.py:2602}}
Sep 28 10:45:18 ubuntu neutron-server[120237]: DEBUG oslo_service.service [-] dhcp_agent_notification        = False {{(pid=120237) log_opt_values /usr/local/lib/python3.8/dist-packages/oslo_config/cfg.py:2602}}
Sep 28 10:45:18 ubuntu neutron-server[120237]: DEBUG oslo_service.service [-] dhcp_agents_per_network        = 1 {{(pid=120237) log_opt_values /usr/local/lib/python3.8/dist-packages/oslo_config/cfg.py:2602}}
Sep 28 10:45:18 ubuntu neutron-server[120237]: DEBUG oslo_service.service [-] dhcp_lease_duration            = 86400 {{(pid=120237) log_opt_values /usr/local/lib/python3.8/dist-packages/oslo_config/cfg.py:2602}}
Sep 28 10:45:18 ubuntu neutron-server[120458]: INFO neutron.plugins.ml2.drivers.ovn.mech_driver.ovsdb.impl_idl_ovn [-] Getting OvsdbNbOvnIdl for RpcWorker with retry
Sep 28 10:45:18 ubuntu neutron-server[120237]: DEBUG oslo_service.service [-] dhcp_load_type                 = networks {{(pid=120237) log_opt_values /usr/local/lib/python3.8/dist-packages/oslo_config/cfg.py:2602}}
Sep 28 10:45:18 ubuntu neutron-server[120237]: DEBUG oslo_service.service [-] dns_domain                     = openstacklocal {{(pid=120237) log_opt_values /usr/local/lib/python3.8/dist-packages/oslo_config/cfg.py:2602}}
Sep 28 10:45:18 ubuntu neutron-server[120237]: DEBUG oslo_service.service [-] dvr_base_mac                   = fa:16:3f:00:00:00 {{(pid=120237) log_opt_values /usr/local/lib/python3.8/dist-packages/oslo_config/cfg.py:2602}}
Sep 28 10:45:18 ubuntu neutron-server[120237]: DEBUG oslo_service.service [-] enable_dvr                     = True {{(pid=120237) log_opt_values /usr/local/lib/python3.8/dist-packages/oslo_config/cfg.py:2602}}
Sep 28 10:45:18 ubuntu neutron-server[120237]: DEBUG oslo_service.service [-] enable_new_agents              = True {{(pid=120237) log_opt_values /usr/local/lib/python3.8/dist-packages/oslo_config/cfg.py:2602}}
Sep 28 10:45:18 ubuntu neutron-server[120237]: DEBUG oslo_service.service [-] enable_services_on_agents_with_admin_state_down = False {{(pid=120237) log_opt_values /usr/local/lib/python3.8/dist-packages/oslo_config/cfg.py:2602}}
Sep 28 10:45:18 ubuntu neutron-server[120237]: DEBUG oslo_service.service [-] enable_snat_by_default         = True {{(pid=120237) log_opt_values /usr/local/lib/python3.8/dist-packages/oslo_config/cfg.py:2602}}
Sep 28 10:45:18 ubuntu neutron-server[120237]: DEBUG oslo_service.service [-] enable_traditional_dhcp        = True {{(pid=120237) log_opt_values /usr/local/lib/python3.8/dist-packages/oslo_config/cfg.py:2602}}
Sep 28 10:45:18 ubuntu neutron-server[120237]: DEBUG oslo_service.service [-] external_dns_driver            = None {{(pid=120237) log_opt_values /usr/local/lib/python3.8/dist-packages/oslo_config/cfg.py:2602}}
Sep 28 10:45:18 ubuntu neutron-server[120237]: DEBUG oslo_service.service [-] filter_validation              = True {{(pid=120237) log_opt_values /usr/local/lib/python3.8/dist-packages/oslo_config/cfg.py:2602}}
Sep 28 10:45:18 ubuntu neutron-server[120237]: DEBUG oslo_service.service [-] global_physnet_mtu             = 1500 {{(pid=120237) log_opt_values /usr/local/lib/python3.8/dist-packages/oslo_config/cfg.py:2602}}
Sep 28 10:45:18 ubuntu neutron-server[120237]: DEBUG oslo_service.service [-] graceful_shutdown_timeout      = 60 {{(pid=120237) log_opt_values /usr/local/lib/python3.8/dist-packages/oslo_config/cfg.py:2602}}
Sep 28 10:45:18 ubuntu neutron-server[120459]: DEBUG neutron_lib.callbacks.manager [-] Publish callbacks ['neutron.plugins.ml2.drivers.ovn.mech_driver.mech_driver.OVNMechanismDriver.post_fork_initialize-858427'] for process (None), after_init {{(pid=120459) _notify_loop /usr/local/lib/python3.8/dist-packages/neutron_lib/callbacks/manager.py:176}}
Sep 28 10:45:18 ubuntu neutron-server[120237]: DEBUG oslo_service.service [-] host                           = ubuntu {{(pid=120237) log_opt_values /usr/local/lib/python3.8/dist-packages/oslo_config/cfg.py:2602}}
Sep 28 10:45:18 ubuntu neutron-server[120237]: DEBUG oslo_service.service [-] host_dvr_for_dhcp              = True {{(pid=120237) log_opt_values /usr/local/lib/python3.8/dist-packages/oslo_config/cfg.py:2602}}
Sep 28 10:45:18 ubuntu neutron-server[120237]: DEBUG oslo_service.service [-] http_retries                   = 3 {{(pid=120237) log_opt_values /usr/local/lib/python3.8/dist-packages/oslo_config/cfg.py:2602}}
Sep 28 10:45:18 ubuntu neutron-server[120237]: DEBUG oslo_service.service [-] instance_format                = [instance: %(uuid)s]  {{(pid=120237) log_opt_values /usr/local/lib/python3.8/dist-packages/oslo_config/cfg.py:2602}}
Sep 28 10:45:18 ubuntu neutron-server[120237]: DEBUG oslo_service.service [-] instance_uuid_format           = [instance: %(uuid)s]  {{(pid=120237) log_opt_values /usr/local/lib/python3.8/dist-packages/oslo_config/cfg.py:2602}}
Sep 28 10:45:18 ubuntu neutron-server[120237]: DEBUG oslo_service.service [-] ipam_driver                    = internal {{(pid=120237) log_opt_values /usr/local/lib/python3.8/dist-packages/oslo_config/cfg.py:2602}}
Sep 28 10:45:18 ubuntu neutron-server[120237]: DEBUG oslo_service.service [-] ipv6_pd_enabled                = False {{(pid=120237) log_opt_values /usr/local/lib/python3.8/dist-packages/oslo_config/cfg.py:2602}}
Sep 28 10:45:18 ubuntu neutron-server[120237]: DEBUG oslo_service.service [-] l3_ha                          = False {{(pid=120237) log_opt_values /usr/local/lib/python3.8/dist-packages/oslo_config/cfg.py:2602}}
Sep 28 10:45:18 ubuntu neutron-server[120237]: DEBUG oslo_service.service [-] l3_ha_net_cidr                 = 169.254.192.0/18 {{(pid=120237) log_opt_values /usr/local/lib/python3.8/dist-packages/oslo_config/cfg.py:2602}}
Sep 28 10:45:18 ubuntu neutron-server[120237]: DEBUG oslo_service.service [-] l3_ha_network_physical_name    =  {{(pid=120237) log_opt_values /usr/local/lib/python3.8/dist-packages/oslo_config/cfg.py:2602}}
Sep 28 10:45:18 ubuntu neutron-server[120237]: DEBUG oslo_service.service [-] l3_ha_network_type             =  {{(pid=120237) log_opt_values /usr/local/lib/python3.8/dist-packages/oslo_config/cfg.py:2602}}
Sep 28 10:45:18 ubuntu neutron-server[120237]: DEBUG oslo_service.service [-] log_config_append              = None {{(pid=120237) log_opt_values /usr/local/lib/python3.8/dist-packages/oslo_config/cfg.py:2602}}
Sep 28 10:45:18 ubuntu neutron-server[120459]: INFO neutron.plugins.ml2.drivers.ovn.mech_driver.ovsdb.impl_idl_ovn [-] Getting OvsdbNbOvnIdl for MaintenanceWorker with retry
Sep 28 10:45:18 ubuntu neutron-server[120237]: DEBUG oslo_service.service [-] log_date_format                = %Y-%m-%d %H:%M:%S {{(pid=120237) log_opt_values /usr/local/lib/python3.8/dist-packages/oslo_config/cfg.py:2602}}
Sep 28 10:45:18 ubuntu neutron-server[120460]: DEBUG neutron_lib.callbacks.manager [-] Publish callbacks ['neutron.plugins.ml2.drivers.ovn.mech_driver.mech_driver.OVNMechanismDriver.post_fork_initialize-858427'] for process (None), after_init {{(pid=120460) _notify_loop /usr/local/lib/python3.8/dist-packages/neutron_lib/callbacks/manager.py:176}}
Sep 28 10:45:18 ubuntu neutron-server[120237]: DEBUG oslo_service.service [-] log_dir                        = None {{(pid=120237) log_opt_values /usr/local/lib/python3.8/dist-packages/oslo_config/cfg.py:2602}}
Sep 28 10:45:18 ubuntu neutron-server[120237]: DEBUG oslo_service.service [-] log_file                       = None {{(pid=120237) log_opt_values /usr/local/lib/python3.8/dist-packages/oslo_config/cfg.py:2602}}
